---2015-12-15 11:39:31
MemTotal:        1959952 kB
MemFree:           91520 kB
Buffers:            5464 kB
Cached:          1222748 kB
SwapCached:          236 kB
Active:           864616 kB
Inactive:         756652 kB
Active(anon):     239116 kB
Inactive(anon):   155108 kB
Active(file):     625500 kB
Inactive(file):   601544 kB
Unevictable:         968 kB
Mlocked:               0 kB
HighTotal:       1372556 kB
HighFree:          33148 kB
LowTotal:         587396 kB
LowFree:           58372 kB
SwapTotal:        262140 kB
SwapFree:         246212 kB
Dirty:               220 kB
Writeback:             0 kB
AnonPages:        394088 kB
Mapped:           284144 kB
Shmem:               144 kB
Slab:              55472 kB
SReclaimable:      16960 kB
SUnreclaim:        38512 kB
KernelStack:       15016 kB
PageTables:        26236 kB
NFS_Unstable:          0 kB
Bounce:                0 kB
WritebackTmp:          0 kB
CommitLimit:     1242116 kB
Committed_AS:   55755252 kB
VmallocTotal:     409600 kB
VmallocUsed:       37940 kB
VmallocChunk:      96284 kB
Time pass: 3 sec

---2015-12-15 11:39:31
MemTotal:        1959952 kB
MemFree:           90920 kB
Buffers:            5464 kB
Cached:          1222748 kB
SwapCached:          236 kB
Active:           865324 kB
Inactive:         756656 kB
Active(anon):     239824 kB
Inactive(anon):   155112 kB
Active(file):     625500 kB
Inactive(file):   601544 kB
Unevictable:         968 kB
Mlocked:               0 kB
HighTotal:       1372556 kB
HighFree:          32492 kB
LowTotal:         587396 kB
LowFree:           58428 kB
SwapTotal:        262140 kB
SwapFree:         246216 kB
Dirty:               220 kB
Writeback:             0 kB
AnonPages:        394988 kB
Mapped:           284092 kB
Shmem:               144 kB
Slab:              55344 kB
SReclaimable:      16968 kB
SUnreclaim:        38376 kB
KernelStack:       15016 kB
PageTables:        26220 kB
NFS_Unstable:          0 kB
Bounce:                0 kB
WritebackTmp:          0 kB
CommitLimit:     1242116 kB
Committed_AS:   55755632 kB
VmallocTotal:     409600 kB
VmallocUsed:       37940 kB
VmallocChunk:      96284 kB
Time pass: 7 sec

---2015-12-15 11:39:31
MemTotal:        1959952 kB
MemFree:           90084 kB
Buffers:            5464 kB
Cached:          1222748 kB
SwapCached:          236 kB
Active:           865596 kB
Inactive:         756656 kB
Active(anon):     240096 kB
Inactive(anon):   155112 kB
Active(file):     625500 kB
Inactive(file):   601544 kB
Unevictable:         968 kB
Mlocked:               0 kB
HighTotal:       1372556 kB
HighFree:          31664 kB
LowTotal:         587396 kB
LowFree:           58420 kB
SwapTotal:        262140 kB
SwapFree:         246216 kB
Dirty:               220 kB
Writeback:             0 kB
AnonPages:        395044 kB
Mapped:           284144 kB
Shmem:               144 kB
Slab:              55452 kB
SReclaimable:      16968 kB
SUnreclaim:        38484 kB
KernelStack:       15024 kB
PageTables:        26236 kB
NFS_Unstable:          0 kB
Bounce:                0 kB
WritebackTmp:          0 kB
CommitLimit:     1242116 kB
Committed_AS:   55755816 kB
VmallocTotal:     409600 kB
VmallocUsed:       37940 kB
VmallocChunk:      96284 kB
Time pass: 10 sec

---2015-12-15 11:39:31
MemTotal:        1959952 kB
MemFree:           88364 kB
Buffers:            5464 kB
Cached:          1224032 kB
SwapCached:          236 kB
Active:           866568 kB
Inactive:         757696 kB
Active(anon):     241068 kB
Inactive(anon):   156096 kB
Active(file):     625500 kB
Inactive(file):   601600 kB
Unevictable:         968 kB
Mlocked:               0 kB
HighTotal:       1372556 kB
HighFree:          30464 kB
LowTotal:         587396 kB
LowFree:           57900 kB
SwapTotal:        262140 kB
SwapFree:         246216 kB
Dirty:               220 kB
Writeback:             0 kB
AnonPages:        396392 kB
Mapped:           285128 kB
Shmem:              1120 kB
Slab:              55888 kB
SReclaimable:      16968 kB
SUnreclaim:        38920 kB
KernelStack:       15032 kB
PageTables:        26240 kB
NFS_Unstable:          0 kB
Bounce:                0 kB
WritebackTmp:          0 kB
CommitLimit:     1242116 kB
Committed_AS:   55758248 kB
VmallocTotal:     409600 kB
VmallocUsed:       37940 kB
VmallocChunk:      96284 kB
Time pass: 14 sec

---2015-12-15 11:39:31
MemTotal:        1959952 kB
MemFree:          125792 kB
Buffers:            5464 kB
Cached:          1171068 kB
SwapCached:          236 kB
Active:           832724 kB
Inactive:         753660 kB
Active(anon):     253776 kB
Inactive(anon):   159004 kB
Active(file):     578948 kB
Inactive(file):   594656 kB
Unevictable:        1744 kB
Mlocked:               0 kB
HighTotal:       1372556 kB
HighFree:          60256 kB
LowTotal:         587396 kB
LowFree:           65536 kB
SwapTotal:        262140 kB
SwapFree:         244072 kB
Dirty:               364 kB
Writeback:             4 kB
AnonPages:        411800 kB
Mapped:           284964 kB
Shmem:              1188 kB
Slab:              55780 kB
SReclaimable:      16920 kB
SUnreclaim:        38860 kB
KernelStack:       15064 kB
PageTables:        26280 kB
NFS_Unstable:          0 kB
Bounce:                0 kB
WritebackTmp:          0 kB
CommitLimit:     1242116 kB
Committed_AS:   55762700 kB
VmallocTotal:     409600 kB
VmallocUsed:       37940 kB
VmallocChunk:      96284 kB
Time pass: 17 sec

---2015-12-15 11:39:31
MemTotal:        1959952 kB
MemFree:           92428 kB
Buffers:            5464 kB
Cached:          1164632 kB
SwapCached:          548 kB
Active:           834960 kB
Inactive:         753572 kB
Active(anon):     255688 kB
Inactive(anon):   164864 kB
Active(file):     579272 kB
Inactive(file):   588708 kB
Unevictable:        1744 kB
Mlocked:               0 kB
HighTotal:       1372556 kB
HighFree:          38028 kB
LowTotal:         587396 kB
LowFree:           54400 kB
SwapTotal:        262140 kB
SwapFree:         243300 kB
Dirty:               808 kB
Writeback:             0 kB
AnonPages:        421176 kB
Mapped:           302720 kB
Shmem:               128 kB
Slab:              55780 kB
SReclaimable:      16868 kB
SUnreclaim:        38912 kB
KernelStack:       15328 kB
PageTables:        26932 kB
NFS_Unstable:          0 kB
Bounce:                0 kB
WritebackTmp:          0 kB
CommitLimit:     1242116 kB
Committed_AS:   56757800 kB
VmallocTotal:     409600 kB
VmallocUsed:       39096 kB
VmallocChunk:      96284 kB
Time pass: 21 sec

---2015-12-15 11:39:31
MemTotal:        1959952 kB
MemFree:           95184 kB
Buffers:            2144 kB
Cached:          1101544 kB
SwapCached:          656 kB
Active:           806524 kB
Inactive:         717180 kB
Active(anon):     256672 kB
Inactive(anon):   165512 kB
Active(file):     549852 kB
Inactive(file):   551668 kB
Unevictable:        1744 kB
Mlocked:               0 kB
HighTotal:       1372556 kB
HighFree:          47380 kB
LowTotal:         587396 kB
LowFree:           47804 kB
SwapTotal:        262140 kB
SwapFree:         242276 kB
Dirty:              1016 kB
Writeback:             0 kB
AnonPages:        421756 kB
Mapped:           301344 kB
Shmem:               260 kB
Slab:              55756 kB
SReclaimable:      16844 kB
SUnreclaim:        38912 kB
KernelStack:       15592 kB
PageTables:        27144 kB
NFS_Unstable:          0 kB
Bounce:                0 kB
WritebackTmp:          0 kB
CommitLimit:     1242116 kB
Committed_AS:   56770900 kB
VmallocTotal:     409600 kB
VmallocUsed:       38288 kB
VmallocChunk:      96284 kB
Time pass: 25 sec

---2015-12-15 11:39:31
MemTotal:        1959952 kB
MemFree:           81964 kB
Buffers:            2044 kB
Cached:          1076684 kB
SwapCached:          656 kB
Active:           791460 kB
Inactive:         705108 kB
Active(anon):     253604 kB
Inactive(anon):   166180 kB
Active(file):     537856 kB
Inactive(file):   538928 kB
Unevictable:        1744 kB
Mlocked:               0 kB
HighTotal:       1372556 kB
HighFree:          28028 kB
LowTotal:         587396 kB
LowFree:           53936 kB
SwapTotal:        262140 kB
SwapFree:         241312 kB
Dirty:               508 kB
Writeback:             0 kB
AnonPages:        419072 kB
Mapped:           329964 kB
Shmem:               260 kB
Slab:              55512 kB
SReclaimable:      16840 kB
SUnreclaim:        38672 kB
KernelStack:       15600 kB
PageTables:        27104 kB
NFS_Unstable:          0 kB
Bounce:                0 kB
WritebackTmp:          0 kB
CommitLimit:     1242116 kB
Committed_AS:   56772384 kB
VmallocTotal:     409600 kB
VmallocUsed:       38516 kB
VmallocChunk:      96284 kB
Time pass: 29 sec

---2015-12-15 11:39:31
MemTotal:        1959952 kB
MemFree:           80624 kB
Buffers:            2044 kB
Cached:          1076800 kB
SwapCached:          656 kB
Active:           791700 kB
Inactive:         705176 kB
Active(anon):     253808 kB
Inactive(anon):   166172 kB
Active(file):     537892 kB
Inactive(file):   539004 kB
Unevictable:        1744 kB
Mlocked:               0 kB
HighTotal:       1372556 kB
HighFree:          27576 kB
LowTotal:         587396 kB
LowFree:           53048 kB
SwapTotal:        262140 kB
SwapFree:         241312 kB
Dirty:               296 kB
Writeback:             0 kB
AnonPages:        419584 kB
Mapped:           330052 kB
Shmem:               260 kB
Slab:              56116 kB
SReclaimable:      16864 kB
SUnreclaim:        39252 kB
KernelStack:       15600 kB
PageTables:        27088 kB
NFS_Unstable:          0 kB
Bounce:                0 kB
WritebackTmp:          0 kB
CommitLimit:     1242116 kB
Committed_AS:   56772484 kB
VmallocTotal:     409600 kB
VmallocUsed:       38516 kB
VmallocChunk:      96284 kB
Time pass: 32 sec

---2015-12-15 11:39:31
MemTotal:        1959952 kB
MemFree:           89680 kB
Buffers:            2044 kB
Cached:          1062640 kB
SwapCached:          656 kB
Active:           795852 kB
Inactive:         697216 kB
Active(anon):     264596 kB
Inactive(anon):   165624 kB
Active(file):     531256 kB
Inactive(file):   531592 kB
Unevictable:        1744 kB
Mlocked:               0 kB
HighTotal:       1372556 kB
HighFree:          33328 kB
LowTotal:         587396 kB
LowFree:           56352 kB
SwapTotal:        262140 kB
SwapFree:         240932 kB
Dirty:               304 kB
Writeback:             0 kB
AnonPages:        429872 kB
Mapped:           329408 kB
Shmem:               260 kB
Slab:              56580 kB
SReclaimable:      17248 kB
SUnreclaim:        39332 kB
KernelStack:       15600 kB
PageTables:        27108 kB
NFS_Unstable:          0 kB
Bounce:                0 kB
WritebackTmp:          0 kB
CommitLimit:     1242116 kB
Committed_AS:   56787844 kB
VmallocTotal:     409600 kB
VmallocUsed:       38488 kB
VmallocChunk:      96284 kB
Time pass: 36 sec

---2015-12-15 11:39:31
MemTotal:        1959952 kB
MemFree:          106568 kB
Buffers:            2020 kB
Cached:          1030124 kB
SwapCached:          696 kB
Active:           781516 kB
Inactive:         678352 kB
Active(anon):     264460 kB
Inactive(anon):   165748 kB
Active(file):     517056 kB
Inactive(file):   512604 kB
Unevictable:        1744 kB
Mlocked:               0 kB
HighTotal:       1372556 kB
HighFree:          40504 kB
LowTotal:         587396 kB
LowFree:           66064 kB
SwapTotal:        262140 kB
SwapFree:         240080 kB
Dirty:              1136 kB
Writeback:             0 kB
AnonPages:        428804 kB
Mapped:           342300 kB
Shmem:               264 kB
Slab:              56252 kB
SReclaimable:      17020 kB
SUnreclaim:        39232 kB
KernelStack:       15632 kB
PageTables:        27128 kB
NFS_Unstable:          0 kB
Bounce:                0 kB
WritebackTmp:          0 kB
CommitLimit:     1242116 kB
Committed_AS:   56780868 kB
VmallocTotal:     409600 kB
VmallocUsed:       38528 kB
VmallocChunk:      96284 kB
Time pass: 39 sec

---2015-12-15 11:39:31
MemTotal:        1959952 kB
MemFree:          109056 kB
Buffers:            2020 kB
Cached:           992012 kB
SwapCached:          700 kB
Active:           758280 kB
Inactive:         664564 kB
Active(anon):     264316 kB
Inactive(anon):   166652 kB
Active(file):     493964 kB
Inactive(file):   497912 kB
Unevictable:        1744 kB
Mlocked:               0 kB
HighTotal:       1372556 kB
HighFree:          47500 kB
LowTotal:         587396 kB
LowFree:           61556 kB
SwapTotal:        262140 kB
SwapFree:         238712 kB
Dirty:               496 kB
Writeback:            20 kB
AnonPages:        430224 kB
Mapped:           344552 kB
Shmem:               264 kB
Slab:              56032 kB
SReclaimable:      16924 kB
SUnreclaim:        39108 kB
KernelStack:       15672 kB
PageTables:        27296 kB
NFS_Unstable:          0 kB
Bounce:                0 kB
WritebackTmp:          0 kB
CommitLimit:     1242116 kB
Committed_AS:   56782080 kB
VmallocTotal:     409600 kB
VmallocUsed:       38680 kB
VmallocChunk:      96284 kB
Time pass: 43 sec

---2015-12-15 11:39:31
MemTotal:        1959952 kB
MemFree:          111692 kB
Buffers:            2020 kB
Cached:           992412 kB
SwapCached:          700 kB
Active:           756832 kB
Inactive:         664912 kB
Active(anon):     262780 kB
Inactive(anon):   166644 kB
Active(file):     494052 kB
Inactive(file):   498268 kB
Unevictable:        1744 kB
Mlocked:               0 kB
HighTotal:       1372556 kB
HighFree:          50912 kB
LowTotal:         587396 kB
LowFree:           60780 kB
SwapTotal:        262140 kB
SwapFree:         238724 kB
Dirty:               536 kB
Writeback:             0 kB
AnonPages:        429080 kB
Mapped:           345168 kB
Shmem:               264 kB
Slab:              56108 kB
SReclaimable:      16932 kB
SUnreclaim:        39176 kB
KernelStack:       15704 kB
PageTables:        27272 kB
NFS_Unstable:          0 kB
Bounce:                0 kB
WritebackTmp:          0 kB
CommitLimit:     1242116 kB
Committed_AS:   56781748 kB
VmallocTotal:     409600 kB
VmallocUsed:       38664 kB
VmallocChunk:      96284 kB
Time pass: 47 sec

---2015-12-15 11:39:31
MemTotal:        1959952 kB
MemFree:          104680 kB
Buffers:            2020 kB
Cached:           979996 kB
SwapCached:          696 kB
Active:           762908 kB
Inactive:         658872 kB
Active(anon):     272916 kB
Inactive(anon):   169024 kB
Active(file):     489992 kB
Inactive(file):   489848 kB
Unevictable:        1744 kB
Mlocked:               0 kB
HighTotal:       1372556 kB
HighFree:          37668 kB
LowTotal:         587396 kB
LowFree:           67012 kB
SwapTotal:        262140 kB
SwapFree:         238172 kB
Dirty:               620 kB
Writeback:             0 kB
AnonPages:        441540 kB
Mapped:           363300 kB
Shmem:               260 kB
Slab:              56196 kB
SReclaimable:      16940 kB
SUnreclaim:        39256 kB
KernelStack:       15720 kB
PageTables:        27308 kB
NFS_Unstable:          0 kB
Bounce:                0 kB
WritebackTmp:          0 kB
CommitLimit:     1242116 kB
Committed_AS:   56798180 kB
VmallocTotal:     409600 kB
VmallocUsed:       38736 kB
VmallocChunk:      96284 kB
Time pass: 50 sec

---2015-12-15 11:39:31
MemTotal:        1959952 kB
MemFree:           87340 kB
Buffers:            2020 kB
Cached:           978312 kB
SwapCached:          696 kB
Active:           761284 kB
Inactive:         662548 kB
Active(anon):     275300 kB
Inactive(anon):   170200 kB
Active(file):     485984 kB
Inactive(file):   492348 kB
Unevictable:        1744 kB
Mlocked:               0 kB
HighTotal:       1372556 kB
HighFree:          26188 kB
LowTotal:         587396 kB
LowFree:           61152 kB
SwapTotal:        262140 kB
SwapFree:         237328 kB
Dirty:              7040 kB
Writeback:             0 kB
AnonPages:        445224 kB
Mapped:           364592 kB
Shmem:               256 kB
Slab:              56308 kB
SReclaimable:      17044 kB
SUnreclaim:        39264 kB
KernelStack:       15744 kB
PageTables:        27408 kB
NFS_Unstable:          0 kB
Bounce:                0 kB
WritebackTmp:          0 kB
CommitLimit:     1242116 kB
Committed_AS:   56806120 kB
VmallocTotal:     409600 kB
VmallocUsed:       38808 kB
VmallocChunk:      96284 kB
Time pass: 54 sec

---2015-12-15 11:39:31
MemTotal:        1959952 kB
MemFree:           87052 kB
Buffers:            2020 kB
Cached:           978672 kB
SwapCached:          696 kB
Active:           761348 kB
Inactive:         662836 kB
Active(anon):     275356 kB
Inactive(anon):   170200 kB
Active(file):     485992 kB
Inactive(file):   492636 kB
Unevictable:        1744 kB
Mlocked:               0 kB
HighTotal:       1372556 kB
HighFree:          25812 kB
LowTotal:         587396 kB
LowFree:           61240 kB
SwapTotal:        262140 kB
SwapFree:         237328 kB
Dirty:               692 kB
Writeback:             0 kB
AnonPages:        445308 kB
Mapped:           364964 kB
Shmem:               256 kB
Slab:              56332 kB
SReclaimable:      17044 kB
SUnreclaim:        39288 kB
KernelStack:       15736 kB
PageTables:        27400 kB
NFS_Unstable:          0 kB
Bounce:                0 kB
WritebackTmp:          0 kB
CommitLimit:     1242116 kB
Committed_AS:   56806316 kB
VmallocTotal:     409600 kB
VmallocUsed:       38808 kB
VmallocChunk:      96284 kB
Time pass: 58 sec

---2015-12-15 11:39:31
MemTotal:        1959952 kB
MemFree:           87404 kB
Buffers:            2020 kB
Cached:           978744 kB
SwapCached:          696 kB
Active:           756084 kB
Inactive:         662944 kB
Active(anon):     270064 kB
Inactive(anon):   170200 kB
Active(file):     486020 kB
Inactive(file):   492744 kB
Unevictable:        1744 kB
Mlocked:               0 kB
HighTotal:       1372556 kB
HighFree:          26760 kB
LowTotal:         587396 kB
LowFree:           60644 kB
SwapTotal:        262140 kB
SwapFree:         237328 kB
Dirty:               768 kB
Writeback:             0 kB
AnonPages:        440144 kB
Mapped:           366208 kB
Shmem:               256 kB
Slab:              56596 kB
SReclaimable:      17044 kB
SUnreclaim:        39552 kB
KernelStack:       15736 kB
PageTables:        27388 kB
NFS_Unstable:          0 kB
Bounce:                0 kB
WritebackTmp:          0 kB
CommitLimit:     1242116 kB
Committed_AS:   56797760 kB
VmallocTotal:     409600 kB
VmallocUsed:       38808 kB
VmallocChunk:      96284 kB
Time pass: 62 sec

---2015-12-15 11:39:31
MemTotal:        1959952 kB
MemFree:           87336 kB
Buffers:            2020 kB
Cached:           978856 kB
SwapCached:          696 kB
Active:           756372 kB
Inactive:         662976 kB
Active(anon):     270328 kB
Inactive(anon):   170200 kB
Active(file):     486044 kB
Inactive(file):   492776 kB
Unevictable:        1744 kB
Mlocked:               0 kB
HighTotal:       1372556 kB
HighFree:          26820 kB
LowTotal:         587396 kB
LowFree:           60516 kB
SwapTotal:        262140 kB
SwapFree:         237328 kB
Dirty:               720 kB
Writeback:             0 kB
AnonPages:        440252 kB
Mapped:           366312 kB
Shmem:               256 kB
Slab:              56340 kB
SReclaimable:      17052 kB
SUnreclaim:        39288 kB
KernelStack:       15752 kB
PageTables:        27392 kB
NFS_Unstable:          0 kB
Bounce:                0 kB
WritebackTmp:          0 kB
CommitLimit:     1242116 kB
Committed_AS:   56797668 kB
VmallocTotal:     409600 kB
VmallocUsed:       38808 kB
VmallocChunk:      96284 kB
Time pass: 65 sec

---2015-12-15 11:39:31
MemTotal:        1959952 kB
MemFree:           88844 kB
Buffers:            2020 kB
Cached:           951560 kB
SwapCached:          696 kB
Active:           759656 kB
Inactive:         642832 kB
Active(anon):     280244 kB
Inactive(anon):   171020 kB
Active(file):     479412 kB
Inactive(file):   471812 kB
Unevictable:        1744 kB
Mlocked:               0 kB
HighTotal:       1372556 kB
HighFree:          31532 kB
LowTotal:         587396 kB
LowFree:           57312 kB
SwapTotal:        262140 kB
SwapFree:         236476 kB
Dirty:               976 kB
Writeback:             0 kB
AnonPages:        451696 kB
Mapped:           371440 kB
Shmem:               256 kB
Slab:              56528 kB
SReclaimable:      17052 kB
SUnreclaim:        39476 kB
KernelStack:       15736 kB
PageTables:        27388 kB
NFS_Unstable:          0 kB
Bounce:                0 kB
WritebackTmp:          0 kB
CommitLimit:     1242116 kB
Committed_AS:   56808752 kB
VmallocTotal:     409600 kB
VmallocUsed:       38820 kB
VmallocChunk:      96284 kB
Time pass: 69 sec

---2015-12-15 11:39:31
MemTotal:        1959952 kB
MemFree:           80192 kB
Buffers:            2020 kB
Cached:           952060 kB
SwapCached:          696 kB
Active:           755208 kB
Inactive:         643372 kB
Active(anon):     275392 kB
Inactive(anon):   171252 kB
Active(file):     479816 kB
Inactive(file):   472120 kB
Unevictable:        1744 kB
Mlocked:               0 kB
HighTotal:       1372556 kB
HighFree:          24428 kB
LowTotal:         587396 kB
LowFree:           55764 kB
SwapTotal:        262140 kB
SwapFree:         236476 kB
Dirty:               824 kB
Writeback:             4 kB
AnonPages:        446616 kB
Mapped:           380184 kB
Shmem:               256 kB
Slab:              56280 kB
SReclaimable:      17088 kB
SUnreclaim:        39192 kB
KernelStack:       15736 kB
PageTables:        27412 kB
NFS_Unstable:          0 kB
Bounce:                0 kB
WritebackTmp:          0 kB
CommitLimit:     1242116 kB
Committed_AS:   56803996 kB
VmallocTotal:     409600 kB
VmallocUsed:       38884 kB
VmallocChunk:      96284 kB
Time pass: 73 sec

---2015-12-15 11:39:31
MemTotal:        1959952 kB
MemFree:          103672 kB
Buffers:            2020 kB
Cached:           938540 kB
SwapCached:          696 kB
Active:           751008 kB
Inactive:         642676 kB
Active(anon):     283212 kB
Inactive(anon):   171936 kB
Active(file):     467796 kB
Inactive(file):   470740 kB
Unevictable:        1744 kB
Mlocked:               0 kB
HighTotal:       1372556 kB
HighFree:          34204 kB
LowTotal:         587396 kB
LowFree:           69468 kB
SwapTotal:        262140 kB
SwapFree:         235028 kB
Dirty:               892 kB
Writeback:             0 kB
AnonPages:        455004 kB
Mapped:           383172 kB
Shmem:               256 kB
Slab:              56564 kB
SReclaimable:      17084 kB
SUnreclaim:        39480 kB
KernelStack:       15736 kB
PageTables:        27444 kB
NFS_Unstable:          0 kB
Bounce:                0 kB
WritebackTmp:          0 kB
CommitLimit:     1242116 kB
Committed_AS:   56820016 kB
VmallocTotal:     409600 kB
VmallocUsed:       38884 kB
VmallocChunk:      96284 kB
Time pass: 77 sec

---2015-12-15 11:39:31
MemTotal:        1959952 kB
MemFree:          103428 kB
Buffers:            2024 kB
Cached:           879200 kB
SwapCached:         1112 kB
Active:           728664 kB
Inactive:         614508 kB
Active(anon):     289004 kB
Inactive(anon):   175144 kB
Active(file):     439660 kB
Inactive(file):   439364 kB
Unevictable:        1760 kB
Mlocked:               0 kB
HighTotal:       1372556 kB
HighFree:          41192 kB
LowTotal:         587396 kB
LowFree:           62236 kB
SwapTotal:        262140 kB
SwapFree:         232504 kB
Dirty:               876 kB
Writeback:             0 kB
AnonPages:        463604 kB
Mapped:           381700 kB
Shmem:               440 kB
Slab:              55468 kB
SReclaimable:      16492 kB
SUnreclaim:        38976 kB
KernelStack:       15856 kB
PageTables:        27748 kB
NFS_Unstable:          0 kB
Bounce:                0 kB
WritebackTmp:          0 kB
CommitLimit:     1242116 kB
Committed_AS:   56841112 kB
VmallocTotal:     409600 kB
VmallocUsed:       41296 kB
VmallocChunk:      96284 kB
Time pass: 82 sec

---2015-12-15 11:39:31
MemTotal:        1959952 kB
MemFree:          103188 kB
Buffers:            2024 kB
Cached:           879356 kB
SwapCached:         1112 kB
Active:           729124 kB
Inactive:         614656 kB
Active(anon):     289460 kB
Inactive(anon):   175296 kB
Active(file):     439664 kB
Inactive(file):   439360 kB
Unevictable:        1760 kB
Mlocked:               0 kB
HighTotal:       1372556 kB
HighFree:          41432 kB
LowTotal:         587396 kB
LowFree:           61756 kB
SwapTotal:        262140 kB
SwapFree:         232504 kB
Dirty:               880 kB
Writeback:             0 kB
AnonPages:        464228 kB
Mapped:           381848 kB
Shmem:               596 kB
Slab:              55980 kB
SReclaimable:      16764 kB
SUnreclaim:        39216 kB
KernelStack:       15840 kB
PageTables:        27732 kB
NFS_Unstable:          0 kB
Bounce:                0 kB
WritebackTmp:          0 kB
CommitLimit:     1242116 kB
Committed_AS:   56841572 kB
VmallocTotal:     409600 kB
VmallocUsed:       41296 kB
VmallocChunk:      96284 kB
Time pass: 86 sec

---2015-12-15 11:39:31
MemTotal:        1959952 kB
MemFree:          102740 kB
Buffers:            2024 kB
Cached:           879356 kB
SwapCached:         1112 kB
Active:           729268 kB
Inactive:         614656 kB
Active(anon):     289604 kB
Inactive(anon):   175296 kB
Active(file):     439664 kB
Inactive(file):   439360 kB
Unevictable:        1760 kB
Mlocked:               0 kB
HighTotal:       1372556 kB
HighFree:          41084 kB
LowTotal:         587396 kB
LowFree:           61656 kB
SwapTotal:        262140 kB
SwapFree:         232504 kB
Dirty:               880 kB
Writeback:             0 kB
AnonPages:        464224 kB
Mapped:           381900 kB
Shmem:               596 kB
Slab:              56172 kB
SReclaimable:      16764 kB
SUnreclaim:        39408 kB
KernelStack:       15856 kB
PageTables:        27744 kB
NFS_Unstable:          0 kB
Bounce:                0 kB
WritebackTmp:          0 kB
CommitLimit:     1242116 kB
Committed_AS:   56841604 kB
VmallocTotal:     409600 kB
VmallocUsed:       41296 kB
VmallocChunk:      96284 kB
Time pass: 90 sec

---2015-12-15 11:39:31
MemTotal:        1959952 kB
MemFree:          101524 kB
Buffers:            2024 kB
Cached:           879412 kB
SwapCached:         1112 kB
Active:           730728 kB
Inactive:         614712 kB
Active(anon):     291064 kB
Inactive(anon):   175348 kB
Active(file):     439664 kB
Inactive(file):   439364 kB
Unevictable:        1760 kB
Mlocked:               0 kB
HighTotal:       1372556 kB
HighFree:          39548 kB
LowTotal:         587396 kB
LowFree:           61976 kB
SwapTotal:        262140 kB
SwapFree:         232504 kB
Dirty:               880 kB
Writeback:             0 kB
AnonPages:        465708 kB
Mapped:           381952 kB
Shmem:               648 kB
Slab:              55856 kB
SReclaimable:      16764 kB
SUnreclaim:        39092 kB
KernelStack:       15856 kB
PageTables:        27740 kB
NFS_Unstable:          0 kB
Bounce:                0 kB
WritebackTmp:          0 kB
CommitLimit:     1242116 kB
Committed_AS:   56842852 kB
VmallocTotal:     409600 kB
VmallocUsed:       41296 kB
VmallocChunk:      96284 kB
Time pass: 94 sec

---2015-12-15 11:39:31
MemTotal:        1959952 kB
MemFree:           99856 kB
Buffers:            2024 kB
Cached:           879412 kB
SwapCached:         1112 kB
Active:           731928 kB
Inactive:         614712 kB
Active(anon):     292264 kB
Inactive(anon):   175348 kB
Active(file):     439664 kB
Inactive(file):   439364 kB
Unevictable:        1760 kB
Mlocked:               0 kB
HighTotal:       1372556 kB
HighFree:          38064 kB
LowTotal:         587396 kB
LowFree:           61792 kB
SwapTotal:        262140 kB
SwapFree:         232504 kB
Dirty:               880 kB
Writeback:             0 kB
AnonPages:        466864 kB
Mapped:           381952 kB
Shmem:               648 kB
Slab:              56012 kB
SReclaimable:      16764 kB
SUnreclaim:        39248 kB
KernelStack:       15856 kB
PageTables:        27752 kB
NFS_Unstable:          0 kB
Bounce:                0 kB
WritebackTmp:          0 kB
CommitLimit:     1242116 kB
Committed_AS:   56844932 kB
VmallocTotal:     409600 kB
VmallocUsed:       41296 kB
VmallocChunk:      96284 kB
Time pass: 98 sec

---2015-12-15 11:39:31
MemTotal:        1959952 kB
MemFree:          100148 kB
Buffers:            2024 kB
Cached:           879412 kB
SwapCached:         1112 kB
Active:           731968 kB
Inactive:         614712 kB
Active(anon):     292304 kB
Inactive(anon):   175348 kB
Active(file):     439664 kB
Inactive(file):   439364 kB
Unevictable:        1760 kB
Mlocked:               0 kB
HighTotal:       1372556 kB
HighFree:          38236 kB
LowTotal:         587396 kB
LowFree:           61912 kB
SwapTotal:        262140 kB
SwapFree:         232504 kB
Dirty:               880 kB
Writeback:             0 kB
AnonPages:        466996 kB
Mapped:           381952 kB
Shmem:               648 kB
Slab:              55912 kB
SReclaimable:      16764 kB
SUnreclaim:        39148 kB
KernelStack:       15856 kB
PageTables:        27756 kB
NFS_Unstable:          0 kB
Bounce:                0 kB
WritebackTmp:          0 kB
CommitLimit:     1242116 kB
Committed_AS:   56844932 kB
VmallocTotal:     409600 kB
VmallocUsed:       41296 kB
VmallocChunk:      96284 kB
Time pass: 102 sec

---2015-12-15 11:39:31
MemTotal:        1959952 kB
MemFree:           99060 kB
Buffers:            2024 kB
Cached:           879440 kB
SwapCached:         1112 kB
Active:           731892 kB
Inactive:         614740 kB
Active(anon):     292228 kB
Inactive(anon):   175376 kB
Active(file):     439664 kB
Inactive(file):   439364 kB
Unevictable:        1760 kB
Mlocked:               0 kB
HighTotal:       1372556 kB
HighFree:          37396 kB
LowTotal:         587396 kB
LowFree:           61664 kB
SwapTotal:        262140 kB
SwapFree:         232504 kB
Dirty:               880 kB
Writeback:             0 kB
AnonPages:        466936 kB
Mapped:           381980 kB
Shmem:               676 kB
Slab:              55896 kB
SReclaimable:      16764 kB
SUnreclaim:        39132 kB
KernelStack:       15856 kB
PageTables:        27752 kB
NFS_Unstable:          0 kB
Bounce:                0 kB
WritebackTmp:          0 kB
CommitLimit:     1242116 kB
Committed_AS:   56844936 kB
VmallocTotal:     409600 kB
VmallocUsed:       41296 kB
VmallocChunk:      96284 kB
Time pass: 106 sec

---2015-12-15 11:39:31
MemTotal:        1959952 kB
MemFree:           99416 kB
Buffers:            2024 kB
Cached:           879464 kB
SwapCached:         1112 kB
Active:           732060 kB
Inactive:         614764 kB
Active(anon):     292396 kB
Inactive(anon):   175376 kB
Active(file):     439664 kB
Inactive(file):   439388 kB
Unevictable:        1760 kB
Mlocked:               0 kB
HighTotal:       1372556 kB
HighFree:          37860 kB
LowTotal:         587396 kB
LowFree:           61556 kB
SwapTotal:        262140 kB
SwapFree:         232504 kB
Dirty:               900 kB
Writeback:             0 kB
AnonPages:        467048 kB
Mapped:           381980 kB
Shmem:               676 kB
Slab:              55860 kB
SReclaimable:      16764 kB
SUnreclaim:        39096 kB
KernelStack:       15848 kB
PageTables:        27744 kB
NFS_Unstable:          0 kB
Bounce:                0 kB
WritebackTmp:          0 kB
CommitLimit:     1242116 kB
Committed_AS:   56844972 kB
VmallocTotal:     409600 kB
VmallocUsed:       41296 kB
VmallocChunk:      96284 kB
Time pass: 109 sec

---2015-12-15 11:39:31
MemTotal:        1959952 kB
MemFree:           99400 kB
Buffers:            3176 kB
Cached:           879496 kB
SwapCached:         1112 kB
Active:           731040 kB
Inactive:         615952 kB
Active(anon):     291376 kB
Inactive(anon):   175412 kB
Active(file):     439664 kB
Inactive(file):   440540 kB
Unevictable:        1760 kB
Mlocked:               0 kB
HighTotal:       1372556 kB
HighFree:          38528 kB
LowTotal:         587396 kB
LowFree:           60872 kB
SwapTotal:        262140 kB
SwapFree:         232508 kB
Dirty:               880 kB
Writeback:             0 kB
AnonPages:        466036 kB
Mapped:           382012 kB
Shmem:               708 kB
Slab:              55848 kB
SReclaimable:      16764 kB
SUnreclaim:        39084 kB
KernelStack:       15840 kB
PageTables:        27752 kB
NFS_Unstable:          0 kB
Bounce:                0 kB
WritebackTmp:          0 kB
CommitLimit:     1242116 kB
Committed_AS:   56843864 kB
VmallocTotal:     409600 kB
VmallocUsed:       41296 kB
VmallocChunk:      96284 kB
Time pass: 113 sec

---2015-12-15 11:39:31
MemTotal:        1959952 kB
MemFree:           99228 kB
Buffers:            3176 kB
Cached:           879496 kB
SwapCached:         1112 kB
Active:           731060 kB
Inactive:         615952 kB
Active(anon):     291396 kB
Inactive(anon):   175412 kB
Active(file):     439664 kB
Inactive(file):   440540 kB
Unevictable:        1760 kB
Mlocked:               0 kB
HighTotal:       1372556 kB
HighFree:          38608 kB
LowTotal:         587396 kB
LowFree:           60620 kB
SwapTotal:        262140 kB
SwapFree:         232508 kB
Dirty:               880 kB
Writeback:             0 kB
AnonPages:        466176 kB
Mapped:           382012 kB
Shmem:               708 kB
Slab:              56040 kB
SReclaimable:      16764 kB
SUnreclaim:        39276 kB
KernelStack:       15848 kB
PageTables:        27736 kB
NFS_Unstable:          0 kB
Bounce:                0 kB
WritebackTmp:          0 kB
CommitLimit:     1242116 kB
Committed_AS:   56843944 kB
VmallocTotal:     409600 kB
VmallocUsed:       41296 kB
VmallocChunk:      96284 kB
Time pass: 117 sec

---2015-12-15 11:39:31
MemTotal:        1959952 kB
MemFree:           99004 kB
Buffers:            3176 kB
Cached:           879496 kB
SwapCached:         1112 kB
Active:           731360 kB
Inactive:         615948 kB
Active(anon):     291696 kB
Inactive(anon):   175408 kB
Active(file):     439664 kB
Inactive(file):   440540 kB
Unevictable:        1760 kB
Mlocked:               0 kB
HighTotal:       1372556 kB
HighFree:          38608 kB
LowTotal:         587396 kB
LowFree:           60396 kB
SwapTotal:        262140 kB
SwapFree:         232508 kB
Dirty:               880 kB
Writeback:             0 kB
AnonPages:        466348 kB
Mapped:           382012 kB
Shmem:               708 kB
Slab:              56032 kB
SReclaimable:      16764 kB
SUnreclaim:        39268 kB
KernelStack:       15848 kB
PageTables:        27744 kB
NFS_Unstable:          0 kB
Bounce:                0 kB
WritebackTmp:          0 kB
CommitLimit:     1242116 kB
Committed_AS:   56844048 kB
VmallocTotal:     409600 kB
VmallocUsed:       41296 kB
VmallocChunk:      96284 kB
Time pass: 121 sec

---2015-12-15 11:39:31
MemTotal:        1959952 kB
MemFree:           98176 kB
Buffers:            3176 kB
Cached:           879636 kB
SwapCached:         1112 kB
Active:           731456 kB
Inactive:         616092 kB
Active(anon):     291792 kB
Inactive(anon):   175552 kB
Active(file):     439664 kB
Inactive(file):   440540 kB
Unevictable:        1760 kB
Mlocked:               0 kB
HighTotal:       1372556 kB
HighFree:          37864 kB
LowTotal:         587396 kB
LowFree:           60312 kB
SwapTotal:        262140 kB
SwapFree:         232512 kB
Dirty:               880 kB
Writeback:             0 kB
AnonPages:        466416 kB
Mapped:           382184 kB
Shmem:               848 kB
Slab:              56020 kB
SReclaimable:      16764 kB
SUnreclaim:        39256 kB
KernelStack:       15856 kB
PageTables:        27752 kB
NFS_Unstable:          0 kB
Bounce:                0 kB
WritebackTmp:          0 kB
CommitLimit:     1242116 kB
Committed_AS:   56844208 kB
VmallocTotal:     409600 kB
VmallocUsed:       41296 kB
VmallocChunk:      96284 kB
Time pass: 124 sec

---2015-12-15 11:39:31
MemTotal:        1959952 kB
MemFree:           96980 kB
Buffers:            3176 kB
Cached:           880556 kB
SwapCached:         1112 kB
Active:           732424 kB
Inactive:         617084 kB
Active(anon):     292760 kB
Inactive(anon):   176544 kB
Active(file):     439664 kB
Inactive(file):   440540 kB
Unevictable:        1760 kB
Mlocked:               0 kB
HighTotal:       1372556 kB
HighFree:          36748 kB
LowTotal:         587396 kB
LowFree:           60232 kB
SwapTotal:        262140 kB
SwapFree:         232512 kB
Dirty:               880 kB
Writeback:             0 kB
AnonPages:        467300 kB
Mapped:           383256 kB
Shmem:              1768 kB
Slab:              55976 kB
SReclaimable:      16772 kB
SUnreclaim:        39204 kB
KernelStack:       15856 kB
PageTables:        27740 kB
NFS_Unstable:          0 kB
Bounce:                0 kB
WritebackTmp:          0 kB
CommitLimit:     1242116 kB
Committed_AS:   56844928 kB
VmallocTotal:     409600 kB
VmallocUsed:       41296 kB
VmallocChunk:      96284 kB
Time pass: 128 sec

---2015-12-15 11:39:31
MemTotal:        1959952 kB
MemFree:           94556 kB
Buffers:            3176 kB
Cached:           882304 kB
SwapCached:         1112 kB
Active:           731808 kB
Inactive:         618736 kB
Active(anon):     292120 kB
Inactive(anon):   175060 kB
Active(file):     439688 kB
Inactive(file):   443676 kB
Unevictable:        1760 kB
Mlocked:               0 kB
HighTotal:       1372556 kB
HighFree:          34168 kB
LowTotal:         587396 kB
LowFree:           60388 kB
SwapTotal:        262140 kB
SwapFree:         232516 kB
Dirty:               884 kB
Writeback:             0 kB
AnonPages:        466660 kB
Mapped:           381516 kB
Shmem:               356 kB
Slab:              55940 kB
SReclaimable:      16772 kB
SUnreclaim:        39168 kB
KernelStack:       15936 kB
PageTables:        27652 kB
NFS_Unstable:          0 kB
Bounce:                0 kB
WritebackTmp:          0 kB
CommitLimit:     1242116 kB
Committed_AS:   56833732 kB
VmallocTotal:     409600 kB
VmallocUsed:       41296 kB
VmallocChunk:      96284 kB
Time pass: 132 sec

---2015-12-15 11:39:31
MemTotal:        1959952 kB
MemFree:           90292 kB
Buffers:            3176 kB
Cached:           882220 kB
SwapCached:         1116 kB
Active:           729164 kB
Inactive:         618516 kB
Active(anon):     289356 kB
Inactive(anon):   174940 kB
Active(file):     439808 kB
Inactive(file):   443576 kB
Unevictable:        1760 kB
Mlocked:               0 kB
HighTotal:       1372556 kB
HighFree:          35828 kB
LowTotal:         587396 kB
LowFree:           54464 kB
SwapTotal:        262140 kB
SwapFree:         232516 kB
Dirty:               888 kB
Writeback:             0 kB
AnonPages:        463844 kB
Mapped:           382308 kB
Shmem:               256 kB
Slab:              55980 kB
SReclaimable:      16788 kB
SUnreclaim:        39192 kB
KernelStack:       15888 kB
PageTables:        27824 kB
NFS_Unstable:          0 kB
Bounce:                0 kB
WritebackTmp:          0 kB
CommitLimit:     1242116 kB
Committed_AS:   58661324 kB
VmallocTotal:     409600 kB
VmallocUsed:       42292 kB
VmallocChunk:      96284 kB
Time pass: 135 sec

---2015-12-15 11:39:31
MemTotal:        1959952 kB
MemFree:          346360 kB
Buffers:            3176 kB
Cached:           877896 kB
SwapCached:         1148 kB
Active:           648884 kB
Inactive:         614620 kB
Active(anon):     209256 kB
Inactive(anon):   175112 kB
Active(file):     439628 kB
Inactive(file):   439508 kB
Unevictable:        1760 kB
Mlocked:               0 kB
HighTotal:       1372556 kB
HighFree:         236768 kB
LowTotal:         587396 kB
LowFree:          109592 kB
SwapTotal:        262140 kB
SwapFree:         231896 kB
Dirty:                44 kB
Writeback:             0 kB
AnonPages:        384028 kB
Mapped:           255272 kB
Shmem:               124 kB
Slab:              56452 kB
SReclaimable:      17120 kB
SUnreclaim:        39332 kB
KernelStack:       14784 kB
PageTables:        25632 kB
NFS_Unstable:          0 kB
Bounce:                0 kB
WritebackTmp:          0 kB
CommitLimit:     1242116 kB
Committed_AS:   54811928 kB
VmallocTotal:     409600 kB
VmallocUsed:       38444 kB
VmallocChunk:      96284 kB
Time pass: 139 sec

---2015-12-15 11:39:31
MemTotal:        1959952 kB
MemFree:          349220 kB
Buffers:            3176 kB
Cached:           877924 kB
SwapCached:         1108 kB
Active:           647088 kB
Inactive:         613620 kB
Active(anon):     207456 kB
Inactive(anon):   174064 kB
Active(file):     439632 kB
Inactive(file):   439556 kB
Unevictable:        1760 kB
Mlocked:               0 kB
HighTotal:       1372556 kB
HighFree:         238252 kB
LowTotal:         587396 kB
LowFree:          110968 kB
SwapTotal:        262140 kB
SwapFree:         231948 kB
Dirty:                56 kB
Writeback:             0 kB
AnonPages:        381232 kB
Mapped:           255272 kB
Shmem:               124 kB
Slab:              56444 kB
SReclaimable:      17120 kB
SUnreclaim:        39324 kB
KernelStack:       14784 kB
PageTables:        25632 kB
NFS_Unstable:          0 kB
Bounce:                0 kB
WritebackTmp:          0 kB
CommitLimit:     1242116 kB
Committed_AS:   54811776 kB
VmallocTotal:     409600 kB
VmallocUsed:       38444 kB
VmallocChunk:      96284 kB
Time pass: 142 sec

---2015-12-15 11:39:31
MemTotal:        1959952 kB
MemFree:          349328 kB
Buffers:            3176 kB
Cached:           877896 kB
SwapCached:         1108 kB
Active:           646860 kB
Inactive:         613628 kB
Active(anon):     207228 kB
Inactive(anon):   174072 kB
Active(file):     439632 kB
Inactive(file):   439556 kB
Unevictable:        1760 kB
Mlocked:               0 kB
HighTotal:       1372556 kB
HighFree:         238360 kB
LowTotal:         587396 kB
LowFree:          110968 kB
SwapTotal:        262140 kB
SwapFree:         231948 kB
Dirty:                56 kB
Writeback:             0 kB
AnonPages:        381092 kB
Mapped:           255272 kB
Shmem:               124 kB
Slab:              56440 kB
SReclaimable:      17120 kB
SUnreclaim:        39320 kB
KernelStack:       14784 kB
PageTables:        25632 kB
NFS_Unstable:          0 kB
Bounce:                0 kB
WritebackTmp:          0 kB
CommitLimit:     1242116 kB
Committed_AS:   54811532 kB
VmallocTotal:     409600 kB
VmallocUsed:       38444 kB
VmallocChunk:      96284 kB
Time pass: 146 sec

---2015-12-15 11:39:31
MemTotal:        1959952 kB
MemFree:          354644 kB
Buffers:            3176 kB
Cached:           877896 kB
SwapCached:         1108 kB
Active:           646724 kB
Inactive:         613612 kB
Active(anon):     207092 kB
Inactive(anon):   174056 kB
Active(file):     439632 kB
Inactive(file):   439556 kB
Unevictable:        1760 kB
Mlocked:               0 kB
HighTotal:       1372556 kB
HighFree:         238692 kB
LowTotal:         587396 kB
LowFree:          115952 kB
SwapTotal:        262140 kB
SwapFree:         231948 kB
Dirty:                60 kB
Writeback:             0 kB
AnonPages:        381036 kB
Mapped:           255280 kB
Shmem:               124 kB
Slab:              56460 kB
SReclaimable:      17136 kB
SUnreclaim:        39324 kB
KernelStack:       14792 kB
PageTables:        25640 kB
NFS_Unstable:          0 kB
Bounce:                0 kB
WritebackTmp:          0 kB
CommitLimit:     1242116 kB
Committed_AS:   54811736 kB
VmallocTotal:     409600 kB
VmallocUsed:       36036 kB
VmallocChunk:      96284 kB
Time pass: 150 sec

---2015-12-15 11:39:31
MemTotal:        1959952 kB
MemFree:          354516 kB
Buffers:            3176 kB
Cached:           877896 kB
SwapCached:         1108 kB
Active:           646884 kB
Inactive:         613612 kB
Active(anon):     207252 kB
Inactive(anon):   174056 kB
Active(file):     439632 kB
Inactive(file):   439556 kB
Unevictable:        1760 kB
Mlocked:               0 kB
HighTotal:       1372556 kB
HighFree:         238488 kB
LowTotal:         587396 kB
LowFree:          116028 kB
SwapTotal:        262140 kB
SwapFree:         231948 kB
Dirty:                60 kB
Writeback:             0 kB
AnonPages:        381108 kB
Mapped:           255292 kB
Shmem:               124 kB
Slab:              56432 kB
SReclaimable:      17136 kB
SUnreclaim:        39296 kB
KernelStack:       14808 kB
PageTables:        25648 kB
NFS_Unstable:          0 kB
Bounce:                0 kB
WritebackTmp:          0 kB
CommitLimit:     1242116 kB
Committed_AS:   54811816 kB
VmallocTotal:     409600 kB
VmallocUsed:       36036 kB
VmallocChunk:      96284 kB
Time pass: 153 sec

---2015-12-15 11:39:31
MemTotal:        1959952 kB
MemFree:          354448 kB
Buffers:            3176 kB
Cached:           877896 kB
SwapCached:         1108 kB
Active:           647000 kB
Inactive:         613612 kB
Active(anon):     207368 kB
Inactive(anon):   174056 kB
Active(file):     439632 kB
Inactive(file):   439556 kB
Unevictable:        1760 kB
Mlocked:               0 kB
HighTotal:       1372556 kB
HighFree:         238316 kB
LowTotal:         587396 kB
LowFree:          116132 kB
SwapTotal:        262140 kB
SwapFree:         231948 kB
Dirty:                60 kB
Writeback:             0 kB
AnonPages:        381176 kB
Mapped:           255272 kB
Shmem:               124 kB
Slab:              56404 kB
SReclaimable:      17136 kB
SUnreclaim:        39268 kB
KernelStack:       14784 kB
PageTables:        25632 kB
NFS_Unstable:          0 kB
Bounce:                0 kB
WritebackTmp:          0 kB
CommitLimit:     1242116 kB
Committed_AS:   54811772 kB
VmallocTotal:     409600 kB
VmallocUsed:       36036 kB
VmallocChunk:      96284 kB
Time pass: 157 sec

---2015-12-15 11:39:31
MemTotal:        1959952 kB
MemFree:          354388 kB
Buffers:            3176 kB
Cached:           877896 kB
SwapCached:         1108 kB
Active:           647036 kB
Inactive:         613612 kB
Active(anon):     207404 kB
Inactive(anon):   174056 kB
Active(file):     439632 kB
Inactive(file):   439556 kB
Unevictable:        1760 kB
Mlocked:               0 kB
HighTotal:       1372556 kB
HighFree:         238280 kB
LowTotal:         587396 kB
LowFree:          116108 kB
SwapTotal:        262140 kB
SwapFree:         231948 kB
Dirty:                60 kB
Writeback:             0 kB
AnonPages:        381348 kB
Mapped:           255264 kB
Shmem:               124 kB
Slab:              56400 kB
SReclaimable:      17136 kB
SUnreclaim:        39264 kB
KernelStack:       14792 kB
PageTables:        25644 kB
NFS_Unstable:          0 kB
Bounce:                0 kB
WritebackTmp:          0 kB
CommitLimit:     1242116 kB
Committed_AS:   54811968 kB
VmallocTotal:     409600 kB
VmallocUsed:       36036 kB
VmallocChunk:      96284 kB
Time pass: 161 sec

---2015-12-15 11:39:31
MemTotal:        1959952 kB
MemFree:          354220 kB
Buffers:            3176 kB
Cached:           877896 kB
SwapCached:         1108 kB
Active:           647188 kB
Inactive:         613612 kB
Active(anon):     207556 kB
Inactive(anon):   174056 kB
Active(file):     439632 kB
Inactive(file):   439556 kB
Unevictable:        1760 kB
Mlocked:               0 kB
HighTotal:       1372556 kB
HighFree:         238120 kB
LowTotal:         587396 kB
LowFree:          116100 kB
SwapTotal:        262140 kB
SwapFree:         231948 kB
Dirty:                60 kB
Writeback:             0 kB
AnonPages:        381540 kB
Mapped:           255272 kB
Shmem:               124 kB
Slab:              56428 kB
SReclaimable:      17136 kB
SUnreclaim:        39292 kB
KernelStack:       14784 kB
PageTables:        25628 kB
NFS_Unstable:          0 kB
Bounce:                0 kB
WritebackTmp:          0 kB
CommitLimit:     1242116 kB
Committed_AS:   54812064 kB
VmallocTotal:     409600 kB
VmallocUsed:       36036 kB
VmallocChunk:      96284 kB
Time pass: 164 sec

---2015-12-15 11:39:31
MemTotal:        1959952 kB
MemFree:          353564 kB
Buffers:            3176 kB
Cached:           878160 kB
SwapCached:         1108 kB
Active:           647588 kB
Inactive:         613836 kB
Active(anon):     207956 kB
Inactive(anon):   174056 kB
Active(file):     439632 kB
Inactive(file):   439780 kB
Unevictable:        1760 kB
Mlocked:               0 kB
HighTotal:       1372556 kB
HighFree:         237432 kB
LowTotal:         587396 kB
LowFree:          116132 kB
SwapTotal:        262140 kB
SwapFree:         231948 kB
Dirty:                80 kB
Writeback:             0 kB
AnonPages:        381924 kB
Mapped:           255272 kB
Shmem:               124 kB
Slab:              56432 kB
SReclaimable:      17136 kB
SUnreclaim:        39296 kB
KernelStack:       14784 kB
PageTables:        25632 kB
NFS_Unstable:          0 kB
Bounce:                0 kB
WritebackTmp:          0 kB
CommitLimit:     1242116 kB
Committed_AS:   54812152 kB
VmallocTotal:     409600 kB
VmallocUsed:       36036 kB
VmallocChunk:      96284 kB
Time pass: 168 sec

---2015-12-15 11:39:31
MemTotal:        1959952 kB
MemFree:          291704 kB
Buffers:            3176 kB
Cached:           878712 kB
SwapCached:         1152 kB
Active:           682364 kB
Inactive:         611140 kB
Active(anon):     239408 kB
Inactive(anon):   174224 kB
Active(file):     442956 kB
Inactive(file):   436916 kB
Unevictable:        1760 kB
Mlocked:               0 kB
HighTotal:       1372556 kB
HighFree:         183080 kB
LowTotal:         587396 kB
LowFree:          108624 kB
SwapTotal:        262140 kB
SwapFree:         231952 kB
Dirty:               244 kB
Writeback:             0 kB
AnonPages:        413488 kB
Mapped:           283668 kB
Shmem:               256 kB
Slab:              56548 kB
SReclaimable:      17144 kB
SUnreclaim:        39404 kB
KernelStack:       15456 kB
PageTables:        26536 kB
NFS_Unstable:          0 kB
Bounce:                0 kB
WritebackTmp:          0 kB
CommitLimit:     1242116 kB
Committed_AS:   55830572 kB
VmallocTotal:     409600 kB
VmallocUsed:       36248 kB
VmallocChunk:      96284 kB
Time pass: 172 sec

---2015-12-15 11:39:31
MemTotal:        1959952 kB
MemFree:          229608 kB
Buffers:            3176 kB
Cached:           879752 kB
SwapCached:         1152 kB
Active:           687012 kB
Inactive:         609672 kB
Active(anon):     242472 kB
Inactive(anon):   173300 kB
Active(file):     444540 kB
Inactive(file):   436372 kB
Unevictable:        1760 kB
Mlocked:               0 kB
HighTotal:       1372556 kB
HighFree:         158140 kB
LowTotal:         587396 kB
LowFree:           71468 kB
SwapTotal:        262140 kB
SwapFree:         231952 kB
Dirty:               892 kB
Writeback:             0 kB
AnonPages:        415560 kB
Mapped:           296200 kB
Shmem:               256 kB
Slab:              56508 kB
SReclaimable:      17168 kB
SUnreclaim:        39340 kB
KernelStack:       15480 kB
PageTables:        26676 kB
NFS_Unstable:          0 kB
Bounce:                0 kB
WritebackTmp:          0 kB
CommitLimit:     1242116 kB
Committed_AS:   55830424 kB
VmallocTotal:     409600 kB
VmallocUsed:       36496 kB
VmallocChunk:      96284 kB
Time pass: 175 sec

---2015-12-15 11:39:31
MemTotal:        1959952 kB
MemFree:          180768 kB
Buffers:            3176 kB
Cached:           881300 kB
SwapCached:         1152 kB
Active:           704452 kB
Inactive:         607128 kB
Active(anon):     256048 kB
Inactive(anon):   173300 kB
Active(file):     448404 kB
Inactive(file):   433828 kB
Unevictable:        1760 kB
Mlocked:               0 kB
HighTotal:       1372556 kB
HighFree:         111132 kB
LowTotal:         587396 kB
LowFree:           69636 kB
SwapTotal:        262140 kB
SwapFree:         231952 kB
Dirty:              1676 kB
Writeback:             0 kB
AnonPages:        428844 kB
Mapped:           322980 kB
Shmem:               256 kB
Slab:              57112 kB
SReclaimable:      17176 kB
SUnreclaim:        39936 kB
KernelStack:       15552 kB
PageTables:        26764 kB
NFS_Unstable:          0 kB
Bounce:                0 kB
WritebackTmp:          0 kB
CommitLimit:     1242116 kB
Committed_AS:   55845184 kB
VmallocTotal:     409600 kB
VmallocUsed:       36624 kB
VmallocChunk:      96284 kB
Time pass: 179 sec

---2015-12-15 11:39:31
MemTotal:        1959952 kB
MemFree:          159624 kB
Buffers:            3176 kB
Cached:           887796 kB
SwapCached:         1152 kB
Active:           709772 kB
Inactive:         604068 kB
Active(anon):     251584 kB
Inactive(anon):   173300 kB
Active(file):     458188 kB
Inactive(file):   430768 kB
Unevictable:        1760 kB
Mlocked:               0 kB
HighTotal:       1372556 kB
HighFree:          90384 kB
LowTotal:         587396 kB
LowFree:           69240 kB
SwapTotal:        262140 kB
SwapFree:         231952 kB
Dirty:              6956 kB
Writeback:             0 kB
AnonPages:        424696 kB
Mapped:           340028 kB
Shmem:               256 kB
Slab:              56816 kB
SReclaimable:      17192 kB
SUnreclaim:        39624 kB
KernelStack:       15552 kB
PageTables:        26816 kB
NFS_Unstable:          0 kB
Bounce:                0 kB
WritebackTmp:          0 kB
CommitLimit:     1242116 kB
Committed_AS:   55840332 kB
VmallocTotal:     409600 kB
VmallocUsed:       36696 kB
VmallocChunk:      96284 kB
Time pass: 183 sec

---2015-12-15 11:39:31
MemTotal:        1959952 kB
MemFree:          155328 kB
Buffers:            3176 kB
Cached:           887940 kB
SwapCached:         1152 kB
Active:           710688 kB
Inactive:         604036 kB
Active(anon):     252384 kB
Inactive(anon):   173300 kB
Active(file):     458304 kB
Inactive(file):   430736 kB
Unevictable:        1760 kB
Mlocked:               0 kB
HighTotal:       1372556 kB
HighFree:          86172 kB
LowTotal:         587396 kB
LowFree:           69156 kB
SwapTotal:        262140 kB
SwapFree:         231952 kB
Dirty:               400 kB
Writeback:             0 kB
AnonPages:        425540 kB
Mapped:           341788 kB
Shmem:               256 kB
Slab:              56900 kB
SReclaimable:      17192 kB
SUnreclaim:        39708 kB
KernelStack:       15552 kB
PageTables:        26808 kB
NFS_Unstable:          0 kB
Bounce:                0 kB
WritebackTmp:          0 kB
CommitLimit:     1242116 kB
Committed_AS:   55841116 kB
VmallocTotal:     409600 kB
VmallocUsed:       36696 kB
VmallocChunk:      96284 kB
Time pass: 186 sec

---2015-12-15 11:39:31
MemTotal:        1959952 kB
MemFree:          154592 kB
Buffers:            3176 kB
Cached:           887940 kB
SwapCached:         1152 kB
Active:           711220 kB
Inactive:         604040 kB
Active(anon):     252916 kB
Inactive(anon):   173300 kB
Active(file):     458304 kB
Inactive(file):   430740 kB
Unevictable:        1760 kB
Mlocked:               0 kB
HighTotal:       1372556 kB
HighFree:          85840 kB
LowTotal:         587396 kB
LowFree:           68752 kB
SwapTotal:        262140 kB
SwapFree:         231952 kB
Dirty:               400 kB
Writeback:             0 kB
AnonPages:        425964 kB
Mapped:           341844 kB
Shmem:               256 kB
Slab:              56812 kB
SReclaimable:      17192 kB
SUnreclaim:        39620 kB
KernelStack:       15552 kB
PageTables:        26852 kB
NFS_Unstable:          0 kB
Bounce:                0 kB
WritebackTmp:          0 kB
CommitLimit:     1242116 kB
Committed_AS:   55841172 kB
VmallocTotal:     409600 kB
VmallocUsed:       36696 kB
VmallocChunk:      96284 kB
Time pass: 190 sec

---2015-12-15 11:39:31
MemTotal:        1959952 kB
MemFree:          129724 kB
Buffers:            3176 kB
Cached:           888044 kB
SwapCached:         1152 kB
Active:           718660 kB
Inactive:         604064 kB
Active(anon):     260224 kB
Inactive(anon):   173300 kB
Active(file):     458436 kB
Inactive(file):   430764 kB
Unevictable:        1760 kB
Mlocked:               0 kB
HighTotal:       1372556 kB
HighFree:          60908 kB
LowTotal:         587396 kB
LowFree:           68816 kB
SwapTotal:        262140 kB
SwapFree:         231952 kB
Dirty:               872 kB
Writeback:             0 kB
AnonPages:        433408 kB
Mapped:           355832 kB
Shmem:               256 kB
Slab:              56860 kB
SReclaimable:      17192 kB
SUnreclaim:        39668 kB
KernelStack:       15560 kB
PageTables:        26888 kB
NFS_Unstable:          0 kB
Bounce:                0 kB
WritebackTmp:          0 kB
CommitLimit:     1242116 kB
Committed_AS:   55847908 kB
VmallocTotal:     409600 kB
VmallocUsed:       36772 kB
VmallocChunk:      96284 kB
Time pass: 194 sec

---2015-12-15 11:39:31
MemTotal:        1959952 kB
MemFree:          129624 kB
Buffers:            3176 kB
Cached:           888044 kB
SwapCached:         1152 kB
Active:           719116 kB
Inactive:         604052 kB
Active(anon):     260672 kB
Inactive(anon):   173296 kB
Active(file):     458444 kB
Inactive(file):   430756 kB
Unevictable:        1760 kB
Mlocked:               0 kB
HighTotal:       1372556 kB
HighFree:          60808 kB
LowTotal:         587396 kB
LowFree:           68816 kB
SwapTotal:        262140 kB
SwapFree:         231952 kB
Dirty:               400 kB
Writeback:             0 kB
AnonPages:        433708 kB
Mapped:           355788 kB
Shmem:               256 kB
Slab:              56896 kB
SReclaimable:      17200 kB
SUnreclaim:        39696 kB
KernelStack:       15560 kB
PageTables:        26876 kB
NFS_Unstable:          0 kB
Bounce:                0 kB
WritebackTmp:          0 kB
CommitLimit:     1242116 kB
Committed_AS:   55847988 kB
VmallocTotal:     409600 kB
VmallocUsed:       36772 kB
VmallocChunk:      96284 kB
Time pass: 198 sec

---2015-12-15 11:39:31
MemTotal:        1959952 kB
MemFree:          129420 kB
Buffers:            3176 kB
Cached:           888044 kB
SwapCached:         1152 kB
Active:           719024 kB
Inactive:         604052 kB
Active(anon):     260580 kB
Inactive(anon):   173296 kB
Active(file):     458444 kB
Inactive(file):   430756 kB
Unevictable:        1760 kB
Mlocked:               0 kB
HighTotal:       1372556 kB
HighFree:          60628 kB
LowTotal:         587396 kB
LowFree:           68792 kB
SwapTotal:        262140 kB
SwapFree:         231952 kB
Dirty:               404 kB
Writeback:             0 kB
AnonPages:        433524 kB
Mapped:           355860 kB
Shmem:               256 kB
Slab:              57024 kB
SReclaimable:      17200 kB
SUnreclaim:        39824 kB
KernelStack:       15568 kB
PageTables:        26892 kB
NFS_Unstable:          0 kB
Bounce:                0 kB
WritebackTmp:          0 kB
CommitLimit:     1242116 kB
Committed_AS:   55848196 kB
VmallocTotal:     409600 kB
VmallocUsed:       36772 kB
VmallocChunk:      96284 kB
Time pass: 201 sec

---2015-12-15 11:39:31
MemTotal:        1959952 kB
MemFree:          121264 kB
Buffers:            3176 kB
Cached:           888216 kB
SwapCached:         1152 kB
Active:           728452 kB
Inactive:         603232 kB
Active(anon):     269016 kB
Inactive(anon):   173436 kB
Active(file):     459436 kB
Inactive(file):   429796 kB
Unevictable:        1760 kB
Mlocked:               0 kB
HighTotal:       1372556 kB
HighFree:          53944 kB
LowTotal:         587396 kB
LowFree:           67320 kB
SwapTotal:        262140 kB
SwapFree:         231952 kB
Dirty:               476 kB
Writeback:             0 kB
AnonPages:        441808 kB
Mapped:           358912 kB
Shmem:               400 kB
Slab:              56536 kB
SReclaimable:      17200 kB
SUnreclaim:        39336 kB
KernelStack:       15744 kB
PageTables:        27060 kB
NFS_Unstable:          0 kB
Bounce:                0 kB
WritebackTmp:          0 kB
CommitLimit:     1242116 kB
Committed_AS:   55873760 kB
VmallocTotal:     409600 kB
VmallocUsed:       39180 kB
VmallocChunk:      96284 kB
Time pass: 205 sec

---2015-12-15 11:39:31
MemTotal:        1959952 kB
MemFree:          118480 kB
Buffers:            3176 kB
Cached:           888400 kB
SwapCached:         1152 kB
Active:           730044 kB
Inactive:         603416 kB
Active(anon):     270608 kB
Inactive(anon):   173620 kB
Active(file):     459436 kB
Inactive(file):   429796 kB
Unevictable:        1760 kB
Mlocked:               0 kB
HighTotal:       1372556 kB
HighFree:          51744 kB
LowTotal:         587396 kB
LowFree:           66736 kB
SwapTotal:        262140 kB
SwapFree:         231952 kB
Dirty:               460 kB
Writeback:             0 kB
AnonPages:        443636 kB
Mapped:           356988 kB
Shmem:               584 kB
Slab:              56616 kB
SReclaimable:      17192 kB
SUnreclaim:        39424 kB
KernelStack:       15728 kB
PageTables:        27020 kB
NFS_Unstable:          0 kB
Bounce:                0 kB
WritebackTmp:          0 kB
CommitLimit:     1242116 kB
Committed_AS:   55875068 kB
VmallocTotal:     409600 kB
VmallocUsed:       39184 kB
VmallocChunk:      96284 kB
Time pass: 210 sec

---2015-12-15 11:39:31
MemTotal:        1959952 kB
MemFree:          117672 kB
Buffers:            3176 kB
Cached:           888600 kB
SwapCached:         1152 kB
Active:           729988 kB
Inactive:         603616 kB
Active(anon):     270552 kB
Inactive(anon):   173816 kB
Active(file):     459436 kB
Inactive(file):   429800 kB
Unevictable:        1760 kB
Mlocked:               0 kB
HighTotal:       1372556 kB
HighFree:          51000 kB
LowTotal:         587396 kB
LowFree:           66672 kB
SwapTotal:        262140 kB
SwapFree:         231952 kB
Dirty:               464 kB
Writeback:             0 kB
AnonPages:        443440 kB
Mapped:           357220 kB
Shmem:               780 kB
Slab:              56608 kB
SReclaimable:      17192 kB
SUnreclaim:        39416 kB
KernelStack:       15744 kB
PageTables:        27100 kB
NFS_Unstable:          0 kB
Bounce:                0 kB
WritebackTmp:          0 kB
CommitLimit:     1242116 kB
Committed_AS:   55874948 kB
VmallocTotal:     409600 kB
VmallocUsed:       39184 kB
VmallocChunk:      96284 kB
Time pass: 214 sec

---2015-12-15 11:39:31
MemTotal:        1959952 kB
MemFree:          111436 kB
Buffers:            3176 kB
Cached:           888608 kB
SwapCached:         1152 kB
Active:           736972 kB
Inactive:         603608 kB
Active(anon):     277520 kB
Inactive(anon):   173816 kB
Active(file):     459452 kB
Inactive(file):   429792 kB
Unevictable:        1760 kB
Mlocked:               0 kB
HighTotal:       1372556 kB
HighFree:          44676 kB
LowTotal:         587396 kB
LowFree:           66760 kB
SwapTotal:        262140 kB
SwapFree:         231952 kB
Dirty:               456 kB
Writeback:             0 kB
AnonPages:        450428 kB
Mapped:           357288 kB
Shmem:               780 kB
Slab:              56468 kB
SReclaimable:      17192 kB
SUnreclaim:        39276 kB
KernelStack:       15776 kB
PageTables:        27120 kB
NFS_Unstable:          0 kB
Bounce:                0 kB
WritebackTmp:          0 kB
CommitLimit:     1242116 kB
Committed_AS:   55889848 kB
VmallocTotal:     409600 kB
VmallocUsed:       39184 kB
VmallocChunk:      96284 kB
Time pass: 218 sec

---2015-12-15 11:39:31
MemTotal:        1959952 kB
MemFree:          103060 kB
Buffers:            3244 kB
Cached:           891500 kB
SwapCached:         1152 kB
Active:           739108 kB
Inactive:         606420 kB
Active(anon):     279528 kB
Inactive(anon):   173276 kB
Active(file):     459580 kB
Inactive(file):   433144 kB
Unevictable:        1760 kB
Mlocked:               0 kB
HighTotal:       1372556 kB
HighFree:          37564 kB
LowTotal:         587396 kB
LowFree:           65496 kB
SwapTotal:        262140 kB
SwapFree:         231952 kB
Dirty:               520 kB
Writeback:             0 kB
AnonPages:        452684 kB
Mapped:           357952 kB
Shmem:               260 kB
Slab:              56600 kB
SReclaimable:      17192 kB
SUnreclaim:        39408 kB
KernelStack:       15696 kB
PageTables:        27004 kB
NFS_Unstable:          0 kB
Bounce:                0 kB
WritebackTmp:          0 kB
CommitLimit:     1242116 kB
Committed_AS:   55866708 kB
VmallocTotal:     409600 kB
VmallocUsed:       39180 kB
VmallocChunk:      96284 kB
Time pass: 221 sec

---2015-12-15 11:39:31
MemTotal:        1959952 kB
MemFree:          101908 kB
Buffers:            3244 kB
Cached:           891612 kB
SwapCached:         1152 kB
Active:           739228 kB
Inactive:         606336 kB
Active(anon):     279616 kB
Inactive(anon):   173108 kB
Active(file):     459612 kB
Inactive(file):   433228 kB
Unevictable:        1760 kB
Mlocked:               0 kB
HighTotal:       1372556 kB
HighFree:          36456 kB
LowTotal:         587396 kB
LowFree:           65452 kB
SwapTotal:        262140 kB
SwapFree:         231952 kB
Dirty:               624 kB
Writeback:             0 kB
AnonPages:        452376 kB
Mapped:           358052 kB
Shmem:               256 kB
Slab:              56580 kB
SReclaimable:      17192 kB
SUnreclaim:        39388 kB
KernelStack:       15568 kB
PageTables:        26984 kB
NFS_Unstable:          0 kB
Bounce:                0 kB
WritebackTmp:          0 kB
CommitLimit:     1242116 kB
Committed_AS:   55866884 kB
VmallocTotal:     409600 kB
VmallocUsed:       39180 kB
VmallocChunk:      96284 kB
Time pass: 225 sec

---2015-12-15 11:39:31
MemTotal:        1959952 kB
MemFree:          102288 kB
Buffers:            3244 kB
Cached:           891632 kB
SwapCached:         1152 kB
Active:           739308 kB
Inactive:         606256 kB
Active(anon):     279696 kB
Inactive(anon):   173028 kB
Active(file):     459612 kB
Inactive(file):   433228 kB
Unevictable:        1760 kB
Mlocked:               0 kB
HighTotal:       1372556 kB
HighFree:          36836 kB
LowTotal:         587396 kB
LowFree:           65452 kB
SwapTotal:        262140 kB
SwapFree:         231952 kB
Dirty:               528 kB
Writeback:             0 kB
AnonPages:        452424 kB
Mapped:           358040 kB
Shmem:               256 kB
Slab:              56576 kB
SReclaimable:      17192 kB
SUnreclaim:        39384 kB
KernelStack:       15568 kB
PageTables:        26984 kB
NFS_Unstable:          0 kB
Bounce:                0 kB
WritebackTmp:          0 kB
CommitLimit:     1242116 kB
Committed_AS:   55866948 kB
VmallocTotal:     409600 kB
VmallocUsed:       39180 kB
VmallocChunk:      96284 kB
Time pass: 229 sec

---2015-12-15 11:39:31
MemTotal:        1959952 kB
MemFree:           99548 kB
Buffers:            3244 kB
Cached:           892208 kB
SwapCached:         1152 kB
Active:           741036 kB
Inactive:         606744 kB
Active(anon):     281400 kB
Inactive(anon):   173048 kB
Active(file):     459636 kB
Inactive(file):   433696 kB
Unevictable:        1760 kB
Mlocked:               0 kB
HighTotal:       1372556 kB
HighFree:          34344 kB
LowTotal:         587396 kB
LowFree:           65204 kB
SwapTotal:        262140 kB
SwapFree:         231956 kB
Dirty:               800 kB
Writeback:             0 kB
AnonPages:        454296 kB
Mapped:           358628 kB
Shmem:               276 kB
Slab:              56672 kB
SReclaimable:      17192 kB
SUnreclaim:        39480 kB
KernelStack:       15552 kB
PageTables:        27004 kB
NFS_Unstable:          0 kB
Bounce:                0 kB
WritebackTmp:          0 kB
CommitLimit:     1242116 kB
Committed_AS:   55884096 kB
VmallocTotal:     409600 kB
VmallocUsed:       39180 kB
VmallocChunk:      96284 kB
Time pass: 233 sec

---2015-12-15 11:39:31
MemTotal:        1959952 kB
MemFree:           93312 kB
Buffers:            3244 kB
Cached:           892424 kB
SwapCached:         1152 kB
Active:           749344 kB
Inactive:         607020 kB
Active(anon):     289688 kB
Inactive(anon):   173316 kB
Active(file):     459656 kB
Inactive(file):   433704 kB
Unevictable:        1760 kB
Mlocked:               0 kB
HighTotal:       1372556 kB
HighFree:          26308 kB
LowTotal:         587396 kB
LowFree:           67004 kB
SwapTotal:        262140 kB
SwapFree:         231956 kB
Dirty:               552 kB
Writeback:             0 kB
AnonPages:        462356 kB
Mapped:           359108 kB
Shmem:               548 kB
Slab:              56560 kB
SReclaimable:      17192 kB
SUnreclaim:        39368 kB
KernelStack:       15736 kB
PageTables:        27164 kB
NFS_Unstable:          0 kB
Bounce:                0 kB
WritebackTmp:          0 kB
CommitLimit:     1242116 kB
Committed_AS:   55903032 kB
VmallocTotal:     409600 kB
VmallocUsed:       39180 kB
VmallocChunk:      96284 kB
Time pass: 237 sec

---2015-12-15 11:39:31
MemTotal:        1959952 kB
MemFree:          101068 kB
Buffers:            3244 kB
Cached:           884864 kB
SwapCached:         1152 kB
Active:           741708 kB
Inactive:         607460 kB
Active(anon):     288616 kB
Inactive(anon):   174872 kB
Active(file):     453092 kB
Inactive(file):   432588 kB
Unevictable:        1768 kB
Mlocked:               0 kB
HighTotal:       1372556 kB
HighFree:          31160 kB
LowTotal:         587396 kB
LowFree:           69908 kB
SwapTotal:        262140 kB
SwapFree:         231220 kB
Dirty:               552 kB
Writeback:             0 kB
AnonPages:        462832 kB
Mapped:           358600 kB
Shmem:               660 kB
Slab:              56128 kB
SReclaimable:      16912 kB
SUnreclaim:        39216 kB
KernelStack:       15736 kB
PageTables:        27292 kB
NFS_Unstable:          0 kB
Bounce:                0 kB
WritebackTmp:          0 kB
CommitLimit:     1242116 kB
Committed_AS:   55903844 kB
VmallocTotal:     409600 kB
VmallocUsed:       39184 kB
VmallocChunk:      96284 kB
Time pass: 241 sec

---2015-12-15 11:39:31
MemTotal:        1959952 kB
MemFree:           96132 kB
Buffers:            3244 kB
Cached:           884908 kB
SwapCached:         1152 kB
Active:           746856 kB
Inactive:         607488 kB
Active(anon):     293760 kB
Inactive(anon):   174904 kB
Active(file):     453096 kB
Inactive(file):   432584 kB
Unevictable:        1768 kB
Mlocked:               0 kB
HighTotal:       1372556 kB
HighFree:          26284 kB
LowTotal:         587396 kB
LowFree:           69848 kB
SwapTotal:        262140 kB
SwapFree:         231220 kB
Dirty:               556 kB
Writeback:             0 kB
AnonPages:        467784 kB
Mapped:           358644 kB
Shmem:               704 kB
Slab:              56232 kB
SReclaimable:      16928 kB
SUnreclaim:        39304 kB
KernelStack:       15760 kB
PageTables:        27304 kB
NFS_Unstable:          0 kB
Bounce:                0 kB
WritebackTmp:          0 kB
CommitLimit:     1242116 kB
Committed_AS:   55917384 kB
VmallocTotal:     409600 kB
VmallocUsed:       39184 kB
VmallocChunk:      96284 kB
Time pass: 249 sec

---2015-12-15 11:39:31
MemTotal:        1959952 kB
MemFree:           93348 kB
Buffers:            3244 kB
Cached:           874928 kB
SwapCached:         1152 kB
Active:           743656 kB
Inactive:         596828 kB
Active(anon):     288760 kB
Inactive(anon):   175796 kB
Active(file):     454896 kB
Inactive(file):   421032 kB
Unevictable:        1768 kB
Mlocked:               0 kB
HighTotal:       1372556 kB
HighFree:          36132 kB
LowTotal:         587396 kB
LowFree:           57216 kB
SwapTotal:        262140 kB
SwapFree:         230432 kB
Dirty:               556 kB
Writeback:             0 kB
AnonPages:        464008 kB
Mapped:           359464 kB
Shmem:               476 kB
Slab:              55956 kB
SReclaimable:      16744 kB
SUnreclaim:        39212 kB
KernelStack:       15760 kB
PageTables:        27176 kB
NFS_Unstable:          0 kB
Bounce:                0 kB
WritebackTmp:          0 kB
CommitLimit:     1242116 kB
Committed_AS:   55904076 kB
VmallocTotal:     409600 kB
VmallocUsed:       39180 kB
VmallocChunk:      96284 kB
Time pass: 253 sec

---2015-12-15 11:39:31
MemTotal:        1959952 kB
MemFree:           98532 kB
Buffers:            3244 kB
Cached:           875248 kB
SwapCached:         1152 kB
Active:           741664 kB
Inactive:         597116 kB
Active(anon):     286756 kB
Inactive(anon):   176012 kB
Active(file):     454908 kB
Inactive(file):   421104 kB
Unevictable:        1768 kB
Mlocked:               0 kB
HighTotal:       1372556 kB
HighFree:          41728 kB
LowTotal:         587396 kB
LowFree:           56804 kB
SwapTotal:        262140 kB
SwapFree:         230432 kB
Dirty:               592 kB
Writeback:             0 kB
AnonPages:        461960 kB
Mapped:           358360 kB
Shmem:               712 kB
Slab:              56172 kB
SReclaimable:      16832 kB
SUnreclaim:        39340 kB
KernelStack:       15776 kB
PageTables:        27192 kB
NFS_Unstable:          0 kB
Bounce:                0 kB
WritebackTmp:          0 kB
CommitLimit:     1242116 kB
Committed_AS:   55905144 kB
VmallocTotal:     409600 kB
VmallocUsed:       39160 kB
VmallocChunk:      96284 kB
Time pass: 256 sec

---2015-12-15 11:39:31
MemTotal:        1959952 kB
MemFree:           95080 kB
Buffers:            3244 kB
Cached:           875180 kB
SwapCached:         1152 kB
Active:           746036 kB
Inactive:         597060 kB
Active(anon):     291140 kB
Inactive(anon):   176024 kB
Active(file):     454896 kB
Inactive(file):   421036 kB
Unevictable:        1768 kB
Mlocked:               0 kB
HighTotal:       1372556 kB
HighFree:          38428 kB
LowTotal:         587396 kB
LowFree:           56652 kB
SwapTotal:        262140 kB
SwapFree:         230432 kB
Dirty:               556 kB
Writeback:             0 kB
AnonPages:        466548 kB
Mapped:           362540 kB
Shmem:               724 kB
Slab:              56012 kB
SReclaimable:      16832 kB
SUnreclaim:        39180 kB
KernelStack:       15768 kB
PageTables:        27492 kB
NFS_Unstable:          0 kB
Bounce:                0 kB
WritebackTmp:          0 kB
CommitLimit:     1242116 kB
Committed_AS:   56867336 kB
VmallocTotal:     409600 kB
VmallocUsed:       39160 kB
VmallocChunk:      96284 kB
Time pass: 260 sec

---2015-12-15 11:39:31
MemTotal:        1959952 kB
MemFree:           97808 kB
Buffers:            3244 kB
Cached:           875180 kB
SwapCached:         1152 kB
Active:           742784 kB
Inactive:         596788 kB
Active(anon):     287888 kB
Inactive(anon):   175752 kB
Active(file):     454896 kB
Inactive(file):   421036 kB
Unevictable:        1768 kB
Mlocked:               0 kB
HighTotal:       1372556 kB
HighFree:          41152 kB
LowTotal:         587396 kB
LowFree:           56656 kB
SwapTotal:        262140 kB
SwapFree:         230432 kB
Dirty:               556 kB
Writeback:             0 kB
AnonPages:        462648 kB
Mapped:           358356 kB
Shmem:               724 kB
Slab:              56204 kB
SReclaimable:      16832 kB
SUnreclaim:        39372 kB
KernelStack:       15768 kB
PageTables:        27192 kB
NFS_Unstable:          0 kB
Bounce:                0 kB
WritebackTmp:          0 kB
CommitLimit:     1242116 kB
Committed_AS:   55905504 kB
VmallocTotal:     409600 kB
VmallocUsed:       39160 kB
VmallocChunk:      96284 kB
Time pass: 264 sec

---2015-12-15 11:39:31
MemTotal:        1959952 kB
MemFree:           98272 kB
Buffers:            3244 kB
Cached:           875328 kB
SwapCached:         1152 kB
Active:           743276 kB
Inactive:         596916 kB
Active(anon):     288372 kB
Inactive(anon):   175740 kB
Active(file):     454904 kB
Inactive(file):   421176 kB
Unevictable:        1768 kB
Mlocked:               0 kB
HighTotal:       1372556 kB
HighFree:          41264 kB
LowTotal:         587396 kB
LowFree:           57008 kB
SwapTotal:        262140 kB
SwapFree:         230432 kB
Dirty:               572 kB
Writeback:             0 kB
AnonPages:        463236 kB
Mapped:           358384 kB
Shmem:               724 kB
Slab:              56084 kB
SReclaimable:      16840 kB
SUnreclaim:        39244 kB
KernelStack:       15784 kB
PageTables:        27192 kB
NFS_Unstable:          0 kB
Bounce:                0 kB
WritebackTmp:          0 kB
CommitLimit:     1242116 kB
Committed_AS:   55905612 kB
VmallocTotal:     409600 kB
VmallocUsed:       39160 kB
VmallocChunk:      96284 kB
Time pass: 268 sec

---2015-12-15 11:39:31
MemTotal:        1959952 kB
MemFree:           96896 kB
Buffers:            3244 kB
Cached:           875328 kB
SwapCached:         1152 kB
Active:           744392 kB
Inactive:         596908 kB
Active(anon):     289488 kB
Inactive(anon):   175732 kB
Active(file):     454904 kB
Inactive(file):   421176 kB
Unevictable:        1768 kB
Mlocked:               0 kB
HighTotal:       1372556 kB
HighFree:          39920 kB
LowTotal:         587396 kB
LowFree:           56976 kB
SwapTotal:        262140 kB
SwapFree:         230432 kB
Dirty:               568 kB
Writeback:             0 kB
AnonPages:        464232 kB
Mapped:           358384 kB
Shmem:               724 kB
Slab:              56052 kB
SReclaimable:      16840 kB
SUnreclaim:        39212 kB
KernelStack:       15784 kB
PageTables:        27196 kB
NFS_Unstable:          0 kB
Bounce:                0 kB
WritebackTmp:          0 kB
CommitLimit:     1242116 kB
Committed_AS:   55905768 kB
VmallocTotal:     409600 kB
VmallocUsed:       39160 kB
VmallocChunk:      96284 kB
Time pass: 272 sec

---2015-12-15 11:39:31
MemTotal:        1959952 kB
MemFree:           94892 kB
Buffers:            3244 kB
Cached:           875328 kB
SwapCached:         1152 kB
Active:           746620 kB
Inactive:         596900 kB
Active(anon):     291716 kB
Inactive(anon):   175724 kB
Active(file):     454904 kB
Inactive(file):   421176 kB
Unevictable:        1768 kB
Mlocked:               0 kB
HighTotal:       1372556 kB
HighFree:          37788 kB
LowTotal:         587396 kB
LowFree:           57104 kB
SwapTotal:        262140 kB
SwapFree:         230432 kB
Dirty:               584 kB
Writeback:             0 kB
AnonPages:        466628 kB
Mapped:           358384 kB
Shmem:               724 kB
Slab:              55988 kB
SReclaimable:      16840 kB
SUnreclaim:        39148 kB
KernelStack:       15784 kB
PageTables:        27192 kB
NFS_Unstable:          0 kB
Bounce:                0 kB
WritebackTmp:          0 kB
CommitLimit:     1242116 kB
Committed_AS:   55907032 kB
VmallocTotal:     409600 kB
VmallocUsed:       39160 kB
VmallocChunk:      96284 kB
Time pass: 276 sec

---2015-12-15 11:39:31
MemTotal:        1959952 kB
MemFree:           93740 kB
Buffers:            3244 kB
Cached:           875328 kB
SwapCached:         1152 kB
Active:           747904 kB
Inactive:         596900 kB
Active(anon):     293000 kB
Inactive(anon):   175724 kB
Active(file):     454904 kB
Inactive(file):   421176 kB
Unevictable:        1768 kB
Mlocked:               0 kB
HighTotal:       1372556 kB
HighFree:          36548 kB
LowTotal:         587396 kB
LowFree:           57192 kB
SwapTotal:        262140 kB
SwapFree:         230432 kB
Dirty:               584 kB
Writeback:             0 kB
AnonPages:        467756 kB
Mapped:           358392 kB
Shmem:               724 kB
Slab:              56148 kB
SReclaimable:      16840 kB
SUnreclaim:        39308 kB
KernelStack:       15784 kB
PageTables:        27196 kB
NFS_Unstable:          0 kB
Bounce:                0 kB
WritebackTmp:          0 kB
CommitLimit:     1242116 kB
Committed_AS:   55907192 kB
VmallocTotal:     409600 kB
VmallocUsed:       39160 kB
VmallocChunk:      96284 kB
Time pass: 280 sec

---2015-12-15 11:39:31
MemTotal:        1959952 kB
MemFree:           89472 kB
Buffers:            3244 kB
Cached:           875328 kB
SwapCached:         1152 kB
Active:           752208 kB
Inactive:         596896 kB
Active(anon):     297300 kB
Inactive(anon):   175724 kB
Active(file):     454908 kB
Inactive(file):   421172 kB
Unevictable:        1768 kB
Mlocked:               0 kB
HighTotal:       1372556 kB
HighFree:          32456 kB
LowTotal:         587396 kB
LowFree:           57016 kB
SwapTotal:        262140 kB
SwapFree:         230432 kB
Dirty:               564 kB
Writeback:             0 kB
AnonPages:        472228 kB
Mapped:           362592 kB
Shmem:               724 kB
Slab:              55956 kB
SReclaimable:      16840 kB
SUnreclaim:        39116 kB
KernelStack:       15904 kB
PageTables:        27540 kB
NFS_Unstable:          0 kB
Bounce:                0 kB
WritebackTmp:          0 kB
CommitLimit:     1242116 kB
Committed_AS:   56869248 kB
VmallocTotal:     409600 kB
VmallocUsed:       40180 kB
VmallocChunk:      96284 kB
Time pass: 283 sec

---2015-12-15 11:39:31
MemTotal:        1959952 kB
MemFree:           91604 kB
Buffers:            3244 kB
Cached:           875348 kB
SwapCached:         1152 kB
Active:           749320 kB
Inactive:         596916 kB
Active(anon):     294412 kB
Inactive(anon):   175724 kB
Active(file):     454908 kB
Inactive(file):   421192 kB
Unevictable:        1768 kB
Mlocked:               0 kB
HighTotal:       1372556 kB
HighFree:          34732 kB
LowTotal:         587396 kB
LowFree:           56872 kB
SwapTotal:        262140 kB
SwapFree:         230432 kB
Dirty:               580 kB
Writeback:             0 kB
AnonPages:        469160 kB
Mapped:           358392 kB
Shmem:               724 kB
Slab:              56212 kB
SReclaimable:      16840 kB
SUnreclaim:        39372 kB
KernelStack:       15792 kB
PageTables:        27200 kB
NFS_Unstable:          0 kB
Bounce:                0 kB
WritebackTmp:          0 kB
CommitLimit:     1242116 kB
Committed_AS:   55907404 kB
VmallocTotal:     409600 kB
VmallocUsed:       39160 kB
VmallocChunk:      96284 kB
Time pass: 288 sec

---2015-12-15 11:39:31
MemTotal:        1959952 kB
MemFree:           89468 kB
Buffers:            3244 kB
Cached:           875616 kB
SwapCached:         1152 kB
Active:           750644 kB
Inactive:         597184 kB
Active(anon):     295736 kB
Inactive(anon):   175992 kB
Active(file):     454908 kB
Inactive(file):   421192 kB
Unevictable:        1768 kB
Mlocked:               0 kB
HighTotal:       1372556 kB
HighFree:          32632 kB
LowTotal:         587396 kB
LowFree:           56836 kB
SwapTotal:        262140 kB
SwapFree:         230432 kB
Dirty:               576 kB
Writeback:             0 kB
AnonPages:        470652 kB
Mapped:           358660 kB
Shmem:               992 kB
Slab:              56116 kB
SReclaimable:      16840 kB
SUnreclaim:        39276 kB
KernelStack:       15800 kB
PageTables:        27200 kB
NFS_Unstable:          0 kB
Bounce:                0 kB
WritebackTmp:          0 kB
CommitLimit:     1242116 kB
Committed_AS:   55907472 kB
VmallocTotal:     409600 kB
VmallocUsed:       39160 kB
VmallocChunk:      96284 kB
Time pass: 291 sec

---2015-12-15 11:39:31
MemTotal:        1959952 kB
MemFree:           88840 kB
Buffers:            3244 kB
Cached:           875784 kB
SwapCached:         1152 kB
Active:           751092 kB
Inactive:         597356 kB
Active(anon):     296188 kB
Inactive(anon):   176020 kB
Active(file):     454904 kB
Inactive(file):   421336 kB
Unevictable:        1768 kB
Mlocked:               0 kB
HighTotal:       1372556 kB
HighFree:          31964 kB
LowTotal:         587396 kB
LowFree:           56876 kB
SwapTotal:        262140 kB
SwapFree:         230432 kB
Dirty:               596 kB
Writeback:             0 kB
AnonPages:        470980 kB
Mapped:           358724 kB
Shmem:              1020 kB
Slab:              56064 kB
SReclaimable:      16840 kB
SUnreclaim:        39224 kB
KernelStack:       15800 kB
PageTables:        27204 kB
NFS_Unstable:          0 kB
Bounce:                0 kB
WritebackTmp:          0 kB
CommitLimit:     1242116 kB
Committed_AS:   55906984 kB
VmallocTotal:     409600 kB
VmallocUsed:       39160 kB
VmallocChunk:      96284 kB
Time pass: 295 sec

---2015-12-15 11:39:31
MemTotal:        1959952 kB
MemFree:           93840 kB
Buffers:            3244 kB
Cached:           875784 kB
SwapCached:         1152 kB
Active:           746536 kB
Inactive:         597356 kB
Active(anon):     291632 kB
Inactive(anon):   176020 kB
Active(file):     454904 kB
Inactive(file):   421336 kB
Unevictable:        1768 kB
Mlocked:               0 kB
HighTotal:       1372556 kB
HighFree:          36832 kB
LowTotal:         587396 kB
LowFree:           57008 kB
SwapTotal:        262140 kB
SwapFree:         230432 kB
Dirty:               604 kB
Writeback:             0 kB
AnonPages:        466584 kB
Mapped:           358748 kB
Shmem:              1020 kB
Slab:              56104 kB
SReclaimable:      16840 kB
SUnreclaim:        39264 kB
KernelStack:       15800 kB
PageTables:        27184 kB
NFS_Unstable:          0 kB
Bounce:                0 kB
WritebackTmp:          0 kB
CommitLimit:     1242116 kB
Committed_AS:   55907064 kB
VmallocTotal:     409600 kB
VmallocUsed:       39160 kB
VmallocChunk:      96284 kB
Time pass: 299 sec

---2015-12-15 11:39:31
MemTotal:        1959952 kB
MemFree:           92720 kB
Buffers:            3244 kB
Cached:           877264 kB
SwapCached:         1152 kB
Active:           746596 kB
Inactive:         598812 kB
Active(anon):     291672 kB
Inactive(anon):   176016 kB
Active(file):     454924 kB
Inactive(file):   422796 kB
Unevictable:        1768 kB
Mlocked:               0 kB
HighTotal:       1372556 kB
HighFree:          35356 kB
LowTotal:         587396 kB
LowFree:           57364 kB
SwapTotal:        262140 kB
SwapFree:         230432 kB
Dirty:               604 kB
Writeback:             0 kB
AnonPages:        466612 kB
Mapped:           359020 kB
Shmem:              1020 kB
Slab:              56124 kB
SReclaimable:      16840 kB
SUnreclaim:        39284 kB
KernelStack:       15784 kB
PageTables:        27184 kB
NFS_Unstable:          0 kB
Bounce:                0 kB
WritebackTmp:          0 kB
CommitLimit:     1242116 kB
Committed_AS:   55905116 kB
VmallocTotal:     409600 kB
VmallocUsed:       39160 kB
VmallocChunk:      96284 kB
Time pass: 304 sec

---2015-12-15 11:39:31
MemTotal:        1959952 kB
MemFree:           95048 kB
Buffers:            3244 kB
Cached:           877264 kB
SwapCached:         1152 kB
Active:           744484 kB
Inactive:         598800 kB
Active(anon):     289556 kB
Inactive(anon):   176008 kB
Active(file):     454928 kB
Inactive(file):   422792 kB
Unevictable:        1768 kB
Mlocked:               0 kB
HighTotal:       1372556 kB
HighFree:          37996 kB
LowTotal:         587396 kB
LowFree:           57052 kB
SwapTotal:        262140 kB
SwapFree:         230432 kB
Dirty:               612 kB
Writeback:             0 kB
AnonPages:        464456 kB
Mapped:           358996 kB
Shmem:              1020 kB
Slab:              56152 kB
SReclaimable:      16840 kB
SUnreclaim:        39312 kB
KernelStack:       15800 kB
PageTables:        27204 kB
NFS_Unstable:          0 kB
Bounce:                0 kB
WritebackTmp:          0 kB
CommitLimit:     1242116 kB
Committed_AS:   55904676 kB
VmallocTotal:     409600 kB
VmallocUsed:       39160 kB
VmallocChunk:      96284 kB
Time pass: 307 sec

---2015-12-15 11:39:31
MemTotal:        1959952 kB
MemFree:           92560 kB
Buffers:            3244 kB
Cached:           877264 kB
SwapCached:         1152 kB
Active:           746540 kB
Inactive:         598796 kB
Active(anon):     291608 kB
Inactive(anon):   176008 kB
Active(file):     454932 kB
Inactive(file):   422788 kB
Unevictable:        1768 kB
Mlocked:               0 kB
HighTotal:       1372556 kB
HighFree:          35896 kB
LowTotal:         587396 kB
LowFree:           56664 kB
SwapTotal:        262140 kB
SwapFree:         230432 kB
Dirty:               592 kB
Writeback:             0 kB
AnonPages:        466612 kB
Mapped:           361956 kB
Shmem:              1020 kB
Slab:              56064 kB
SReclaimable:      16840 kB
SUnreclaim:        39224 kB
KernelStack:       15912 kB
PageTables:        27544 kB
NFS_Unstable:          0 kB
Bounce:                0 kB
WritebackTmp:          0 kB
CommitLimit:     1242116 kB
Committed_AS:   56864220 kB
VmallocTotal:     409600 kB
VmallocUsed:       39160 kB
VmallocChunk:      96284 kB
Time pass: 311 sec

---2015-12-15 11:39:31
MemTotal:        1959952 kB
MemFree:           93312 kB
Buffers:            3244 kB
Cached:           877264 kB
SwapCached:         1152 kB
Active:           745800 kB
Inactive:         598800 kB
Active(anon):     290872 kB
Inactive(anon):   176008 kB
Active(file):     454928 kB
Inactive(file):   422792 kB
Unevictable:        1768 kB
Mlocked:               0 kB
HighTotal:       1372556 kB
HighFree:          36352 kB
LowTotal:         587396 kB
LowFree:           56960 kB
SwapTotal:        262140 kB
SwapFree:         230432 kB
Dirty:               612 kB
Writeback:             0 kB
AnonPages:        465848 kB
Mapped:           359020 kB
Shmem:              1020 kB
Slab:              56128 kB
SReclaimable:      16840 kB
SUnreclaim:        39288 kB
KernelStack:       15800 kB
PageTables:        27220 kB
NFS_Unstable:          0 kB
Bounce:                0 kB
WritebackTmp:          0 kB
CommitLimit:     1242116 kB
Committed_AS:   55905060 kB
VmallocTotal:     409600 kB
VmallocUsed:       39160 kB
VmallocChunk:      96284 kB
Time pass: 315 sec

---2015-12-15 11:39:31
MemTotal:        1959952 kB
MemFree:           91788 kB
Buffers:            3244 kB
Cached:           877264 kB
SwapCached:         1152 kB
Active:           746960 kB
Inactive:         598800 kB
Active(anon):     292032 kB
Inactive(anon):   176008 kB
Active(file):     454928 kB
Inactive(file):   422792 kB
Unevictable:        1768 kB
Mlocked:               0 kB
HighTotal:       1372556 kB
HighFree:          34972 kB
LowTotal:         587396 kB
LowFree:           56816 kB
SwapTotal:        262140 kB
SwapFree:         230432 kB
Dirty:               608 kB
Writeback:             0 kB
AnonPages:        466784 kB
Mapped:           358920 kB
Shmem:              1020 kB
Slab:              56268 kB
SReclaimable:      16856 kB
SUnreclaim:        39412 kB
KernelStack:       15800 kB
PageTables:        27204 kB
NFS_Unstable:          0 kB
Bounce:                0 kB
WritebackTmp:          0 kB
CommitLimit:     1242116 kB
Committed_AS:   55905268 kB
VmallocTotal:     409600 kB
VmallocUsed:       39160 kB
VmallocChunk:      96284 kB
Time pass: 319 sec

---2015-12-15 11:39:31
MemTotal:        1959952 kB
MemFree:           90588 kB
Buffers:            3244 kB
Cached:           877264 kB
SwapCached:         1152 kB
Active:           747944 kB
Inactive:         598800 kB
Active(anon):     293016 kB
Inactive(anon):   176008 kB
Active(file):     454928 kB
Inactive(file):   422792 kB
Unevictable:        1768 kB
Mlocked:               0 kB
HighTotal:       1372556 kB
HighFree:          33744 kB
LowTotal:         587396 kB
LowFree:           56844 kB
SwapTotal:        262140 kB
SwapFree:         230432 kB
Dirty:               596 kB
Writeback:             0 kB
AnonPages:        467848 kB
Mapped:           359020 kB
Shmem:              1020 kB
Slab:              56148 kB
SReclaimable:      16864 kB
SUnreclaim:        39284 kB
KernelStack:       15784 kB
PageTables:        27188 kB
NFS_Unstable:          0 kB
Bounce:                0 kB
WritebackTmp:          0 kB
CommitLimit:     1242116 kB
Committed_AS:   55905356 kB
VmallocTotal:     409600 kB
VmallocUsed:       39160 kB
VmallocChunk:      96284 kB
Time pass: 323 sec

---2015-12-15 11:39:31
MemTotal:        1959952 kB
MemFree:           90064 kB
Buffers:            3244 kB
Cached:           877264 kB
SwapCached:         1152 kB
Active:           748696 kB
Inactive:         598796 kB
Active(anon):     293768 kB
Inactive(anon):   176004 kB
Active(file):     454928 kB
Inactive(file):   422792 kB
Unevictable:        1768 kB
Mlocked:               0 kB
HighTotal:       1372556 kB
HighFree:          33188 kB
LowTotal:         587396 kB
LowFree:           56876 kB
SwapTotal:        262140 kB
SwapFree:         230432 kB
Dirty:               596 kB
Writeback:             0 kB
AnonPages:        468796 kB
Mapped:           359020 kB
Shmem:              1020 kB
Slab:              56116 kB
SReclaimable:      16864 kB
SUnreclaim:        39252 kB
KernelStack:       15784 kB
PageTables:        27184 kB
NFS_Unstable:          0 kB
Bounce:                0 kB
WritebackTmp:          0 kB
CommitLimit:     1242116 kB
Committed_AS:   55905444 kB
VmallocTotal:     409600 kB
VmallocUsed:       39160 kB
VmallocChunk:      96284 kB
Time pass: 327 sec

---2015-12-15 11:39:31
MemTotal:        1959952 kB
MemFree:           89000 kB
Buffers:            3244 kB
Cached:           877264 kB
SwapCached:         1152 kB
Active:           750116 kB
Inactive:         598796 kB
Active(anon):     295188 kB
Inactive(anon):   176004 kB
Active(file):     454928 kB
Inactive(file):   422792 kB
Unevictable:        1768 kB
Mlocked:               0 kB
HighTotal:       1372556 kB
HighFree:          31948 kB
LowTotal:         587396 kB
LowFree:           57052 kB
SwapTotal:        262140 kB
SwapFree:         230432 kB
Dirty:               596 kB
Writeback:             0 kB
AnonPages:        469924 kB
Mapped:           358996 kB
Shmem:              1020 kB
Slab:              56156 kB
SReclaimable:      16872 kB
SUnreclaim:        39284 kB
KernelStack:       15800 kB
PageTables:        27204 kB
NFS_Unstable:          0 kB
Bounce:                0 kB
WritebackTmp:          0 kB
CommitLimit:     1242116 kB
Committed_AS:   55905604 kB
VmallocTotal:     409600 kB
VmallocUsed:       39160 kB
VmallocChunk:      96284 kB
Time pass: 332 sec

---2015-12-15 11:39:31
MemTotal:        1959952 kB
MemFree:           88068 kB
Buffers:            3244 kB
Cached:           877264 kB
SwapCached:         1152 kB
Active:           751196 kB
Inactive:         598796 kB
Active(anon):     296268 kB
Inactive(anon):   176004 kB
Active(file):     454928 kB
Inactive(file):   422792 kB
Unevictable:        1768 kB
Mlocked:               0 kB
HighTotal:       1372556 kB
HighFree:          31204 kB
LowTotal:         587396 kB
LowFree:           56864 kB
SwapTotal:        262140 kB
SwapFree:         230432 kB
Dirty:               612 kB
Writeback:             0 kB
AnonPages:        470992 kB
Mapped:           359180 kB
Shmem:              1020 kB
Slab:              56220 kB
SReclaimable:      16872 kB
SUnreclaim:        39348 kB
KernelStack:       15800 kB
PageTables:        27204 kB
NFS_Unstable:          0 kB
Bounce:                0 kB
WritebackTmp:          0 kB
CommitLimit:     1242116 kB
Committed_AS:   55905740 kB
VmallocTotal:     409600 kB
VmallocUsed:       39160 kB
VmallocChunk:      96284 kB
Time pass: 336 sec

---2015-12-15 11:39:31
MemTotal:        1959952 kB
MemFree:           85796 kB
Buffers:            3244 kB
Cached:           877316 kB
SwapCached:         1152 kB
Active:           752540 kB
Inactive:         598852 kB
Active(anon):     297620 kB
Inactive(anon):   176056 kB
Active(file):     454920 kB
Inactive(file):   422796 kB
Unevictable:        1768 kB
Mlocked:               0 kB
HighTotal:       1372556 kB
HighFree:          29096 kB
LowTotal:         587396 kB
LowFree:           56700 kB
SwapTotal:        262140 kB
SwapFree:         230432 kB
Dirty:               608 kB
Writeback:             0 kB
AnonPages:        472460 kB
Mapped:           359172 kB
Shmem:              1072 kB
Slab:              56196 kB
SReclaimable:      16872 kB
SUnreclaim:        39324 kB
KernelStack:       15936 kB
PageTables:        27276 kB
NFS_Unstable:          0 kB
Bounce:                0 kB
WritebackTmp:          0 kB
CommitLimit:     1242116 kB
Committed_AS:   55906032 kB
VmallocTotal:     409600 kB
VmallocUsed:       39160 kB
VmallocChunk:      96284 kB
Time pass: 340 sec

---2015-12-15 11:39:31
MemTotal:        1959952 kB
MemFree:           83344 kB
Buffers:            3244 kB
Cached:           877316 kB
SwapCached:         1152 kB
Active:           755156 kB
Inactive:         598848 kB
Active(anon):     300228 kB
Inactive(anon):   176056 kB
Active(file):     454928 kB
Inactive(file):   422792 kB
Unevictable:        1768 kB
Mlocked:               0 kB
HighTotal:       1372556 kB
HighFree:          26516 kB
LowTotal:         587396 kB
LowFree:           56828 kB
SwapTotal:        262140 kB
SwapFree:         230432 kB
Dirty:               596 kB
Writeback:             0 kB
AnonPages:        475428 kB
Mapped:           362628 kB
Shmem:              1072 kB
Slab:              56140 kB
SReclaimable:      16880 kB
SUnreclaim:        39260 kB
KernelStack:       15800 kB
PageTables:        27496 kB
NFS_Unstable:          0 kB
Bounce:                0 kB
WritebackTmp:          0 kB
CommitLimit:     1242116 kB
Committed_AS:   56866476 kB
VmallocTotal:     409600 kB
VmallocUsed:       39160 kB
VmallocChunk:      96284 kB
Time pass: 344 sec

---2015-12-15 11:39:31
MemTotal:        1959952 kB
MemFree:           84316 kB
Buffers:            3244 kB
Cached:           877392 kB
SwapCached:         1152 kB
Active:           753892 kB
Inactive:         598900 kB
Active(anon):     298964 kB
Inactive(anon):   176108 kB
Active(file):     454928 kB
Inactive(file):   422792 kB
Unevictable:        1768 kB
Mlocked:               0 kB
HighTotal:       1372556 kB
HighFree:          28004 kB
LowTotal:         587396 kB
LowFree:           56312 kB
SwapTotal:        262140 kB
SwapFree:         230432 kB
Dirty:               616 kB
Writeback:             0 kB
AnonPages:        473700 kB
Mapped:           359108 kB
