---2015-11-23 11:25:36
MemTotal:        2746844 kB
MemFree:          131980 kB
Buffers:           13088 kB
Cached:           979272 kB
SwapCached:            0 kB
Active:           844768 kB
Inactive:         979708 kB
Active(anon):     402944 kB
Inactive(anon):   446756 kB
Active(file):     441824 kB
Inactive(file):   532952 kB
Unevictable:       33760 kB
Mlocked:           28124 kB
SwapTotal:       1310716 kB
SwapFree:        1310716 kB
Dirty:                 0 kB
Writeback:             0 kB
AnonPages:        865920 kB
Mapped:           410908 kB
Shmem:               508 kB
Slab:             106560 kB
SReclaimable:      31616 kB
SUnreclaim:        74944 kB
KernelStack:       28896 kB
PageTables:        55500 kB
NFS_Unstable:          0 kB
Bounce:                0 kB
WritebackTmp:          0 kB
CommitLimit:     2684136 kB
Committed_AS:   148080880 kB
VmallocTotal:   251658176 kB
VmallocUsed:      302008 kB
VmallocChunk:   247561408 kB
Time pass: 3 sec

---2015-11-23 11:25:36
MemTotal:        2746844 kB
MemFree:          131816 kB
Buffers:           13088 kB
Cached:           979284 kB
SwapCached:            0 kB
Active:           845112 kB
Inactive:         979716 kB
Active(anon):     403284 kB
Inactive(anon):   446756 kB
Active(file):     441828 kB
Inactive(file):   532960 kB
Unevictable:       33760 kB
Mlocked:           28124 kB
SwapTotal:       1310716 kB
SwapFree:        1310716 kB
Dirty:                 0 kB
Writeback:             0 kB
AnonPages:        866088 kB
Mapped:           411012 kB
Shmem:               508 kB
Slab:             106580 kB
SReclaimable:      31616 kB
SUnreclaim:        74964 kB
KernelStack:       28896 kB
PageTables:        55528 kB
NFS_Unstable:          0 kB
Bounce:                0 kB
WritebackTmp:          0 kB
CommitLimit:     2684136 kB
Committed_AS:   148080888 kB
VmallocTotal:   251658176 kB
VmallocUsed:      302008 kB
VmallocChunk:   247561408 kB
Time pass: 7 sec

---2015-11-23 11:25:36
MemTotal:        2746844 kB
MemFree:          131236 kB
Buffers:           13088 kB
Cached:           979284 kB
SwapCached:            0 kB
Active:           845136 kB
Inactive:         979716 kB
Active(anon):     403308 kB
Inactive(anon):   446756 kB
Active(file):     441828 kB
Inactive(file):   532960 kB
Unevictable:       33760 kB
Mlocked:           28124 kB
SwapTotal:       1310716 kB
SwapFree:        1310716 kB
Dirty:                 0 kB
Writeback:             0 kB
AnonPages:        866276 kB
Mapped:           411012 kB
Shmem:               508 kB
Slab:             106708 kB
SReclaimable:      31616 kB
SUnreclaim:        75092 kB
KernelStack:       28896 kB
PageTables:        55528 kB
NFS_Unstable:          0 kB
Bounce:                0 kB
WritebackTmp:          0 kB
CommitLimit:     2684136 kB
Committed_AS:   148080888 kB
VmallocTotal:   251658176 kB
VmallocUsed:      302008 kB
VmallocChunk:   247561408 kB
Time pass: 10 sec

---2015-11-23 11:25:36
MemTotal:        2746844 kB
MemFree:          131532 kB
Buffers:           13088 kB
Cached:           979284 kB
SwapCached:            0 kB
Active:           846248 kB
Inactive:         979764 kB
Active(anon):     404420 kB
Inactive(anon):   446756 kB
Active(file):     441828 kB
Inactive(file):   533008 kB
Unevictable:       33760 kB
Mlocked:           28124 kB
SwapTotal:       1310716 kB
SwapFree:        1310716 kB
Dirty:                 0 kB
Writeback:             0 kB
AnonPages:        867300 kB
Mapped:           411012 kB
Shmem:               508 kB
Slab:             106512 kB
SReclaimable:      31616 kB
SUnreclaim:        74896 kB
KernelStack:       28912 kB
PageTables:        55532 kB
NFS_Unstable:          0 kB
Bounce:                0 kB
WritebackTmp:          0 kB
CommitLimit:     2684136 kB
Committed_AS:   148080896 kB
VmallocTotal:   251658176 kB
VmallocUsed:      302008 kB
VmallocChunk:   247561408 kB
Time pass: 14 sec

---2015-11-23 11:25:36
MemTotal:        2746844 kB
MemFree:          131504 kB
Buffers:           13108 kB
Cached:           979284 kB
SwapCached:            0 kB
Active:           846516 kB
Inactive:         979740 kB
Active(anon):     404684 kB
Inactive(anon):   446716 kB
Active(file):     441832 kB
Inactive(file):   533024 kB
Unevictable:       33760 kB
Mlocked:           28124 kB
SwapTotal:       1310716 kB
SwapFree:        1310716 kB
Dirty:                40 kB
Writeback:             0 kB
AnonPages:        867636 kB
Mapped:           410928 kB
Shmem:               508 kB
Slab:             106412 kB
SReclaimable:      31616 kB
SUnreclaim:        74796 kB
KernelStack:       28896 kB
PageTables:        55504 kB
NFS_Unstable:          0 kB
Bounce:                0 kB
WritebackTmp:          0 kB
CommitLimit:     2684136 kB
Committed_AS:   148080872 kB
VmallocTotal:   251658176 kB
VmallocUsed:      302008 kB
VmallocChunk:   247561408 kB
Time pass: 17 sec

---2015-11-23 11:25:36
MemTotal:        2746844 kB
MemFree:           66520 kB
Buffers:           13128 kB
Cached:          1001368 kB
SwapCached:            0 kB
Active:           852416 kB
Inactive:        1000508 kB
Active(anon):     410580 kB
Inactive(anon):   446716 kB
Active(file):     441836 kB
Inactive(file):   553792 kB
Unevictable:       33760 kB
Mlocked:           28124 kB
SwapTotal:       1310716 kB
SwapFree:        1310716 kB
Dirty:                36 kB
Writeback:             0 kB
AnonPages:        873404 kB
Mapped:           419072 kB
Shmem:               508 kB
Slab:             106256 kB
SReclaimable:      31616 kB
SUnreclaim:        74640 kB
KernelStack:       28928 kB
PageTables:        56240 kB
NFS_Unstable:          0 kB
Bounce:                0 kB
WritebackTmp:          0 kB
CommitLimit:     2684136 kB
Committed_AS:   149364812 kB
VmallocTotal:   251658176 kB
VmallocUsed:      315020 kB
VmallocChunk:   247561408 kB
Time pass: 21 sec

---2015-11-23 11:25:36
MemTotal:        2746844 kB
MemFree:           76208 kB
Buffers:           10388 kB
Cached:           844244 kB
SwapCached:           60 kB
Active:           839796 kB
Inactive:         872880 kB
Active(anon):     430700 kB
Inactive(anon):   447284 kB
Active(file):     409096 kB
Inactive(file):   425596 kB
Unevictable:       35816 kB
Mlocked:           28124 kB
SwapTotal:       1310716 kB
SwapFree:        1299596 kB
Dirty:              1888 kB
Writeback:             0 kB
AnonPages:        893732 kB
Mapped:           422812 kB
Shmem:               364 kB
Slab:             105948 kB
SReclaimable:      31296 kB
SUnreclaim:        74652 kB
KernelStack:       30240 kB
PageTables:        56656 kB
NFS_Unstable:          0 kB
Bounce:                0 kB
WritebackTmp:          0 kB
CommitLimit:     2684136 kB
Committed_AS:   149410860 kB
VmallocTotal:   251658176 kB
VmallocUsed:      320600 kB
VmallocChunk:   247561408 kB
Time pass: 25 sec

---2015-11-23 11:25:36
MemTotal:        2746844 kB
MemFree:          100136 kB
Buffers:           10388 kB
Cached:           846856 kB
SwapCached:           60 kB
Active:           822712 kB
Inactive:         860548 kB
Active(anon):     413296 kB
Inactive(anon):   432256 kB
Active(file):     409416 kB
Inactive(file):   428292 kB
Unevictable:       35816 kB
Mlocked:           28124 kB
SwapTotal:       1310716 kB
SwapFree:        1299596 kB
Dirty:                 0 kB
Writeback:             0 kB
AnonPages:        861688 kB
Mapped:           422892 kB
Shmem:               360 kB
Slab:             106196 kB
SReclaimable:      31424 kB
SUnreclaim:        74772 kB
KernelStack:       30240 kB
PageTables:        56552 kB
NFS_Unstable:          0 kB
Bounce:                0 kB
WritebackTmp:          0 kB
CommitLimit:     2684136 kB
Committed_AS:   149379136 kB
VmallocTotal:   251658176 kB
VmallocUsed:      320600 kB
VmallocChunk:   247561408 kB
Time pass: 28 sec

---2015-11-23 11:25:36
MemTotal:        2746844 kB
MemFree:          100828 kB
Buffers:           10404 kB
Cached:           847132 kB
SwapCached:           60 kB
Active:           821352 kB
Inactive:         860580 kB
Active(anon):     411916 kB
Inactive(anon):   431924 kB
Active(file):     409436 kB
Inactive(file):   428656 kB
Unevictable:       35816 kB
Mlocked:           28124 kB
SwapTotal:       1310716 kB
SwapFree:        1299596 kB
Dirty:               108 kB
Writeback:             0 kB
AnonPages:        860020 kB
Mapped:           422984 kB
Shmem:               360 kB
Slab:             106196 kB
SReclaimable:      31424 kB
SUnreclaim:        74772 kB
KernelStack:       30224 kB
PageTables:        56592 kB
NFS_Unstable:          0 kB
Bounce:                0 kB
WritebackTmp:          0 kB
CommitLimit:     2684136 kB
Committed_AS:   149379128 kB
VmallocTotal:   251658176 kB
VmallocUsed:      320600 kB
VmallocChunk:   247561408 kB
Time pass: 32 sec

---2015-11-23 11:25:36
MemTotal:        2746844 kB
MemFree:           67580 kB
Buffers:           10436 kB
Cached:           841432 kB
SwapCached:           68 kB
Active:           831844 kB
Inactive:         856132 kB
Active(anon):     423684 kB
Inactive(anon):   432344 kB
Active(file):     408160 kB
Inactive(file):   423788 kB
Unevictable:       35816 kB
Mlocked:           28124 kB
SwapTotal:       1310716 kB
SwapFree:        1298664 kB
Dirty:               168 kB
Writeback:             0 kB
AnonPages:        871760 kB
Mapped:           427168 kB
Shmem:               360 kB
Slab:             106136 kB
SReclaimable:      31396 kB
SUnreclaim:        74740 kB
KernelStack:       30016 kB
PageTables:        55400 kB
NFS_Unstable:          0 kB
Bounce:                0 kB
WritebackTmp:          0 kB
CommitLimit:     2684136 kB
Committed_AS:   145241684 kB
VmallocTotal:   251658176 kB
VmallocUsed:      319348 kB
VmallocChunk:   247561408 kB
Time pass: 36 sec

---2015-11-23 11:25:36
MemTotal:        2746844 kB
MemFree:           67312 kB
Buffers:           10244 kB
Cached:           824908 kB
SwapCached:           68 kB
Active:           836996 kB
Inactive:         847100 kB
Active(anon):     434032 kB
Inactive(anon):   434368 kB
Active(file):     402964 kB
Inactive(file):   412732 kB
Unevictable:       35816 kB
Mlocked:           28124 kB
SwapTotal:       1310716 kB
SwapFree:        1297500 kB
Dirty:               216 kB
Writeback:             0 kB
AnonPages:        884420 kB
Mapped:           427216 kB
Shmem:               360 kB
Slab:             105860 kB
SReclaimable:      31200 kB
SUnreclaim:        74660 kB
KernelStack:       30128 kB
PageTables:        55600 kB
NFS_Unstable:          0 kB
Bounce:                0 kB
WritebackTmp:          0 kB
CommitLimit:     2684136 kB
Committed_AS:   145249996 kB
VmallocTotal:   251658176 kB
VmallocUsed:      319348 kB
VmallocChunk:   247561408 kB
Time pass: 39 sec

---2015-11-23 11:25:36
MemTotal:        2746844 kB
MemFree:           67656 kB
Buffers:           10028 kB
Cached:           781984 kB
SwapCached:          112 kB
Active:           827448 kB
Inactive:         836152 kB
Active(anon):     443140 kB
Inactive(anon):   447068 kB
Active(file):     384308 kB
Inactive(file):   389084 kB
Unevictable:       35816 kB
Mlocked:           28124 kB
SwapTotal:       1310716 kB
SwapFree:        1293152 kB
Dirty:               572 kB
Writeback:             0 kB
AnonPages:        905612 kB
Mapped:           428144 kB
Shmem:               364 kB
Slab:             105904 kB
SReclaimable:      31232 kB
SUnreclaim:        74672 kB
KernelStack:       30352 kB
PageTables:        55620 kB
NFS_Unstable:          0 kB
Bounce:                0 kB
WritebackTmp:          0 kB
CommitLimit:     2684136 kB
Committed_AS:   145272728 kB
VmallocTotal:   251658176 kB
VmallocUsed:      320608 kB
VmallocChunk:   247561408 kB
Time pass: 42 sec

---2015-11-23 11:25:36
MemTotal:        2746844 kB
MemFree:           86348 kB
Buffers:           10000 kB
Cached:           771740 kB
SwapCached:          200 kB
Active:           801360 kB
Inactive:         825320 kB
Active(anon):     420900 kB
Inactive(anon):   443776 kB
Active(file):     380460 kB
Inactive(file):   381544 kB
Unevictable:       36096 kB
Mlocked:           28124 kB
SwapTotal:       1310716 kB
SwapFree:        1290572 kB
Dirty:               260 kB
Writeback:             0 kB
AnonPages:        880992 kB
Mapped:           428100 kB
Shmem:               364 kB
Slab:             105908 kB
SReclaimable:      31200 kB
SUnreclaim:        74708 kB
KernelStack:       30208 kB
PageTables:        55572 kB
NFS_Unstable:          0 kB
Bounce:                0 kB
WritebackTmp:          0 kB
CommitLimit:     2684136 kB
Committed_AS:   145272916 kB
VmallocTotal:   251658176 kB
VmallocUsed:      320668 kB
VmallocChunk:   247561408 kB
Time pass: 46 sec

---2015-11-23 11:25:36
MemTotal:        2746844 kB
MemFree:           85624 kB
Buffers:           10000 kB
Cached:           772224 kB
SwapCached:          200 kB
Active:           801712 kB
Inactive:         825652 kB
Active(anon):     421228 kB
Inactive(anon):   443640 kB
Active(file):     380484 kB
Inactive(file):   382012 kB
Unevictable:       36096 kB
Mlocked:           28124 kB
SwapTotal:       1310716 kB
SwapFree:        1290572 kB
Dirty:                36 kB
Writeback:             0 kB
AnonPages:        881096 kB
Mapped:           428184 kB
Shmem:               364 kB
Slab:             105876 kB
SReclaimable:      31200 kB
SUnreclaim:        74676 kB
KernelStack:       30208 kB
PageTables:        55604 kB
NFS_Unstable:          0 kB
Bounce:                0 kB
WritebackTmp:          0 kB
CommitLimit:     2684136 kB
Committed_AS:   145273060 kB
VmallocTotal:   251658176 kB
VmallocUsed:      320668 kB
VmallocChunk:   247561408 kB
Time pass: 49 sec

---2015-11-23 11:25:36
MemTotal:        2746844 kB
MemFree:           73820 kB
Buffers:           10308 kB
Cached:           766644 kB
SwapCached:          200 kB
Active:           803060 kB
Inactive:         820716 kB
Active(anon):     423960 kB
Inactive(anon):   441288 kB
Active(file):     379100 kB
Inactive(file):   379428 kB
Unevictable:       36096 kB
Mlocked:           28124 kB
SwapTotal:       1310716 kB
SwapFree:        1288100 kB
Dirty:               324 kB
Writeback:             0 kB
AnonPages:        882392 kB
Mapped:           428236 kB
Shmem:               364 kB
Slab:             105916 kB
SReclaimable:      31200 kB
SUnreclaim:        74716 kB
KernelStack:       30208 kB
PageTables:        55624 kB
NFS_Unstable:          0 kB
Bounce:                0 kB
WritebackTmp:          0 kB
CommitLimit:     2684136 kB
Committed_AS:   145273088 kB
VmallocTotal:   251658176 kB
VmallocUsed:      320692 kB
VmallocChunk:   247561408 kB
Time pass: 53 sec

---2015-11-23 11:25:36
MemTotal:        2746844 kB
MemFree:           73560 kB
Buffers:           10308 kB
Cached:           767492 kB
SwapCached:          200 kB
Active:           804096 kB
Inactive:         820128 kB
Active(anon):     425312 kB
Inactive(anon):   440868 kB
Active(file):     378784 kB
Inactive(file):   379260 kB
Unevictable:       36096 kB
Mlocked:           28124 kB
SwapTotal:       1310716 kB
SwapFree:        1288100 kB
Dirty:                 0 kB
Writeback:             0 kB
AnonPages:        882384 kB
Mapped:           428648 kB
Shmem:               364 kB
Slab:             105964 kB
SReclaimable:      31200 kB
SUnreclaim:        74764 kB
KernelStack:       30272 kB
PageTables:        55608 kB
NFS_Unstable:          0 kB
Bounce:                0 kB
WritebackTmp:          0 kB
CommitLimit:     2684136 kB
Committed_AS:   145273276 kB
VmallocTotal:   251658176 kB
VmallocUsed:      320692 kB
VmallocChunk:   247561408 kB
Time pass: 56 sec

---2015-11-23 11:25:36
MemTotal:        2746844 kB
MemFree:           66676 kB
Buffers:            9648 kB
Cached:           733320 kB
SwapCached:          340 kB
Active:           792972 kB
Inactive:         793900 kB
Active(anon):     427832 kB
Inactive(anon):   435836 kB
Active(file):     365140 kB
Inactive(file):   358064 kB
Unevictable:       36096 kB
Mlocked:           28124 kB
SwapTotal:       1310716 kB
SwapFree:        1276708 kB
Dirty:               524 kB
Writeback:             0 kB
AnonPages:        879548 kB
Mapped:           427536 kB
Shmem:               316 kB
Slab:             106172 kB
SReclaimable:      31312 kB
SUnreclaim:        74860 kB
KernelStack:       30288 kB
PageTables:        55640 kB
NFS_Unstable:          0 kB
Bounce:                0 kB
WritebackTmp:          0 kB
CommitLimit:     2684136 kB
Committed_AS:   145273612 kB
VmallocTotal:   251658176 kB
VmallocUsed:      317124 kB
VmallocChunk:   247561408 kB
Time pass: 60 sec

---2015-11-23 11:25:36
MemTotal:        2746844 kB
MemFree:           65508 kB
Buffers:            9660 kB
Cached:           727508 kB
SwapCached:          484 kB
Active:           791624 kB
Inactive:         796524 kB
Active(anon):     432848 kB
Inactive(anon):   437812 kB
Active(file):     358776 kB
Inactive(file):   358712 kB
Unevictable:       36096 kB
Mlocked:           28124 kB
SwapTotal:       1310716 kB
SwapFree:        1272200 kB
Dirty:               316 kB
Writeback:             0 kB
AnonPages:        886812 kB
Mapped:           430876 kB
Shmem:               316 kB
Slab:             106304 kB
SReclaimable:      31364 kB
SUnreclaim:        74940 kB
KernelStack:       30416 kB
PageTables:        55664 kB
NFS_Unstable:          0 kB
Bounce:                0 kB
WritebackTmp:          0 kB
CommitLimit:     2684136 kB
Committed_AS:   145290204 kB
VmallocTotal:   251658176 kB
VmallocUsed:      317124 kB
VmallocChunk:   247561408 kB
Time pass: 63 sec

---2015-11-23 11:25:36
MemTotal:        2746844 kB
MemFree:           66760 kB
Buffers:            9620 kB
Cached:           718576 kB
SwapCached:          836 kB
Active:           789992 kB
Inactive:         796512 kB
Active(anon):     436048 kB
Inactive(anon):   442104 kB
Active(file):     353944 kB
Inactive(file):   354408 kB
Unevictable:       36096 kB
Mlocked:           28124 kB
SwapTotal:       1310716 kB
SwapFree:        1269580 kB
Dirty:               348 kB
Writeback:             4 kB
AnonPages:        893624 kB
Mapped:           431508 kB
Shmem:               480 kB
Slab:             106852 kB
SReclaimable:      31364 kB
SUnreclaim:        75488 kB
KernelStack:       30752 kB
PageTables:        55812 kB
NFS_Unstable:          0 kB
Bounce:                0 kB
WritebackTmp:          0 kB
CommitLimit:     2684136 kB
Committed_AS:   145306216 kB
VmallocTotal:   251658176 kB
VmallocUsed:      319240 kB
VmallocChunk:   247561408 kB
Time pass: 67 sec

---2015-11-23 11:25:36
MemTotal:        2746844 kB
MemFree:           66928 kB
Buffers:            9612 kB
Cached:           714436 kB
SwapCached:          860 kB
Active:           789344 kB
Inactive:         795408 kB
Active(anon):     437308 kB
Inactive(anon):   443320 kB
Active(file):     352036 kB
Inactive(file):   352088 kB
Unevictable:       36096 kB
Mlocked:           28124 kB
SwapTotal:       1310716 kB
SwapFree:        1269244 kB
Dirty:                48 kB
Writeback:             0 kB
AnonPages:        895960 kB
Mapped:           431444 kB
Shmem:               528 kB
Slab:             106780 kB
SReclaimable:      31364 kB
SUnreclaim:        75416 kB
KernelStack:       30768 kB
PageTables:        55936 kB
NFS_Unstable:          0 kB
Bounce:                0 kB
WritebackTmp:          0 kB
CommitLimit:     2684136 kB
Committed_AS:   145310308 kB
VmallocTotal:   251658176 kB
VmallocUsed:      319396 kB
VmallocChunk:   247561408 kB
Time pass: 70 sec

---2015-11-23 11:25:36
MemTotal:        2746844 kB
MemFree:           65920 kB
Buffers:            9624 kB
Cached:           714532 kB
SwapCached:          860 kB
Active:           790744 kB
Inactive:         796272 kB
Active(anon):     438828 kB
Inactive(anon):   444344 kB
Active(file):     351916 kB
Inactive(file):   351928 kB
Unevictable:       36096 kB
Mlocked:           28124 kB
SwapTotal:       1310716 kB
SwapFree:        1269144 kB
Dirty:                92 kB
Writeback:             0 kB
AnonPages:        898244 kB
Mapped:           431776 kB
Shmem:               676 kB
Slab:             106804 kB
SReclaimable:      31364 kB
SUnreclaim:        75440 kB
KernelStack:       30816 kB
PageTables:        55932 kB
NFS_Unstable:          0 kB
Bounce:                0 kB
WritebackTmp:          0 kB
CommitLimit:     2684136 kB
Committed_AS:   145310336 kB
VmallocTotal:   251658176 kB
VmallocUsed:      319396 kB
VmallocChunk:   247561408 kB
Time pass: 74 sec

---2015-11-23 11:25:36
MemTotal:        2746844 kB
MemFree:           65660 kB
Buffers:            9648 kB
Cached:           712776 kB
SwapCached:          872 kB
Active:           790936 kB
Inactive:         795108 kB
Active(anon):     439728 kB
Inactive(anon):   443944 kB
Active(file):     351208 kB
Inactive(file):   351164 kB
Unevictable:       36096 kB
Mlocked:           28124 kB
SwapTotal:       1310716 kB
SwapFree:        1269028 kB
Dirty:                64 kB
Writeback:             0 kB
AnonPages:        898696 kB
Mapped:           431832 kB
Shmem:               688 kB
Slab:             106828 kB
SReclaimable:      31364 kB
SUnreclaim:        75464 kB
KernelStack:       30768 kB
PageTables:        55972 kB
NFS_Unstable:          0 kB
Bounce:                0 kB
WritebackTmp:          0 kB
CommitLimit:     2684136 kB
Committed_AS:   145310304 kB
VmallocTotal:   251658176 kB
VmallocUsed:      319396 kB
VmallocChunk:   247561408 kB
Time pass: 77 sec

---2015-11-23 11:25:36
MemTotal:        2746844 kB
MemFree:           65908 kB
Buffers:            9656 kB
Cached:           712816 kB
SwapCached:          876 kB
Active:           790824 kB
Inactive:         795156 kB
Active(anon):     439616 kB
Inactive(anon):   443992 kB
Active(file):     351208 kB
Inactive(file):   351164 kB
Unevictable:       36096 kB
Mlocked:           28124 kB
SwapTotal:       1310716 kB
SwapFree:        1269028 kB
Dirty:                 0 kB
Writeback:             0 kB
AnonPages:        898660 kB
Mapped:           431888 kB
Shmem:               736 kB
Slab:             106828 kB
SReclaimable:      31364 kB
SUnreclaim:        75464 kB
KernelStack:       30800 kB
PageTables:        55988 kB
NFS_Unstable:          0 kB
Bounce:                0 kB
WritebackTmp:          0 kB
CommitLimit:     2684136 kB
Committed_AS:   145310320 kB
VmallocTotal:   251658176 kB
VmallocUsed:      319396 kB
VmallocChunk:   247561408 kB
Time pass: 81 sec

---2015-11-23 11:25:36
MemTotal:        2746844 kB
MemFree:           67492 kB
Buffers:            9672 kB
Cached:           709800 kB
SwapCached:          892 kB
Active:           789236 kB
Inactive:         794616 kB
Active(anon):     439612 kB
Inactive(anon):   444868 kB
Active(file):     349624 kB
Inactive(file):   349748 kB
Unevictable:       36096 kB
Mlocked:           28124 kB
SwapTotal:       1310716 kB
SwapFree:        1268772 kB
Dirty:                48 kB
Writeback:             0 kB
AnonPages:        899580 kB
Mapped:           431920 kB
Shmem:               736 kB
Slab:             106800 kB
SReclaimable:      31364 kB
SUnreclaim:        75436 kB
KernelStack:       30736 kB
PageTables:        55980 kB
NFS_Unstable:          0 kB
Bounce:                0 kB
WritebackTmp:          0 kB
CommitLimit:     2684136 kB
Committed_AS:   145318496 kB
VmallocTotal:   251658176 kB
VmallocUsed:      319396 kB
VmallocChunk:   247561408 kB
Time pass: 84 sec

---2015-11-23 11:25:36
MemTotal:        2746844 kB
MemFree:           67708 kB
Buffers:            9688 kB
Cached:           709796 kB
SwapCached:          892 kB
Active:           789500 kB
Inactive:         794616 kB
Active(anon):     439872 kB
Inactive(anon):   444860 kB
Active(file):     349628 kB
Inactive(file):   349756 kB
Unevictable:       36096 kB
Mlocked:           28124 kB
SwapTotal:       1310716 kB
SwapFree:        1268772 kB
Dirty:                 0 kB
Writeback:             8 kB
AnonPages:        899524 kB
Mapped:           431920 kB
Shmem:               736 kB
Slab:             106776 kB
SReclaimable:      31364 kB
SUnreclaim:        75412 kB
KernelStack:       30736 kB
PageTables:        55984 kB
NFS_Unstable:          0 kB
Bounce:                0 kB
WritebackTmp:          0 kB
CommitLimit:     2684136 kB
Committed_AS:   145318440 kB
VmallocTotal:   251658176 kB
VmallocUsed:      319396 kB
VmallocChunk:   247561408 kB
Time pass: 88 sec

---2015-11-23 11:25:36
MemTotal:        2746844 kB
MemFree:           81848 kB
Buffers:            9688 kB
Cached:           711844 kB
SwapCached:          896 kB
Active:           784432 kB
Inactive:         789328 kB
Active(anon):     427548 kB
Inactive(anon):   444864 kB
Active(file):     356884 kB
Inactive(file):   344464 kB
Unevictable:       36096 kB
Mlocked:           28124 kB
SwapTotal:       1310716 kB
SwapFree:        1268772 kB
Dirty:                40 kB
Writeback:             0 kB
AnonPages:        887412 kB
Mapped:           431540 kB
Shmem:               740 kB
Slab:             106848 kB
SReclaimable:      31364 kB
SUnreclaim:        75484 kB
KernelStack:       30768 kB
PageTables:        56060 kB
NFS_Unstable:          0 kB
Bounce:                0 kB
WritebackTmp:          0 kB
CommitLimit:     2684136 kB
Committed_AS:   145306864 kB
VmallocTotal:   251658176 kB
VmallocUsed:      317188 kB
VmallocChunk:   247561408 kB
Time pass: 91 sec

---2015-11-23 11:25:36
MemTotal:        2746844 kB
MemFree:          386972 kB
Buffers:            9716 kB
Cached:           703724 kB
SwapCached:         1008 kB
Active:           702092 kB
Inactive:         782204 kB
Active(anon):     349744 kB
Inactive(anon):   440120 kB
Active(file):     352348 kB
Inactive(file):   342084 kB
Unevictable:       36096 kB
Mlocked:           28124 kB
SwapTotal:       1310716 kB
SwapFree:        1263508 kB
Dirty:               220 kB
Writeback:             0 kB
AnonPages:        804676 kB
Mapped:           380908 kB
Shmem:               160 kB
Slab:             106604 kB
SReclaimable:      31368 kB
SUnreclaim:        75236 kB
KernelStack:       28832 kB
PageTables:        53720 kB
NFS_Unstable:          0 kB
Bounce:                0 kB
WritebackTmp:          0 kB
CommitLimit:     2684136 kB
Committed_AS:   142679460 kB
VmallocTotal:   251658176 kB
VmallocUsed:      319868 kB
VmallocChunk:   247561408 kB
Time pass: 95 sec

---2015-11-23 11:25:36
MemTotal:        2746844 kB
MemFree:          385168 kB
Buffers:            9724 kB
Cached:           704608 kB
SwapCached:         1016 kB
Active:           702988 kB
Inactive:         782316 kB
Active(anon):     350824 kB
Inactive(anon):   439700 kB
Active(file):     352164 kB
Inactive(file):   342616 kB
Unevictable:       36096 kB
Mlocked:           28124 kB
SwapTotal:       1310716 kB
SwapFree:        1263508 kB
Dirty:                 0 kB
Writeback:             4 kB
AnonPages:        806252 kB
Mapped:           381028 kB
Shmem:               180 kB
Slab:             106620 kB
SReclaimable:      31368 kB
SUnreclaim:        75252 kB
KernelStack:       28224 kB
PageTables:        53832 kB
NFS_Unstable:          0 kB
Bounce:                0 kB
WritebackTmp:          0 kB
CommitLimit:     2684136 kB
Committed_AS:   142679812 kB
VmallocTotal:   251658176 kB
VmallocUsed:      319868 kB
VmallocChunk:   247561408 kB
Time pass: 98 sec

---2015-11-23 11:25:36
MemTotal:        2746844 kB
MemFree:          397448 kB
Buffers:            9732 kB
Cached:           704604 kB
SwapCached:         1016 kB
Active:           694720 kB
Inactive:         781916 kB
Active(anon):     342556 kB
Inactive(anon):   439288 kB
Active(file):     352164 kB
Inactive(file):   342628 kB
Unevictable:       36096 kB
Mlocked:           28124 kB
SwapTotal:       1310716 kB
SwapFree:        1263508 kB
Dirty:                 0 kB
Writeback:             0 kB
AnonPages:        797588 kB
Mapped:           381028 kB
Shmem:               180 kB
Slab:             106540 kB
SReclaimable:      31368 kB
SUnreclaim:        75172 kB
KernelStack:       28224 kB
PageTables:        53904 kB
NFS_Unstable:          0 kB
Bounce:                0 kB
WritebackTmp:          0 kB
CommitLimit:     2684136 kB
Committed_AS:   142679884 kB
VmallocTotal:   251658176 kB
VmallocUsed:      319868 kB
VmallocChunk:   247561408 kB
Time pass: 102 sec

---2015-11-23 11:25:36
MemTotal:        2746844 kB
MemFree:          398396 kB
Buffers:            9732 kB
Cached:           704696 kB
SwapCached:         1016 kB
Active:           694832 kB
Inactive:         782008 kB
Active(anon):     342668 kB
Inactive(anon):   439288 kB
Active(file):     352164 kB
Inactive(file):   342720 kB
Unevictable:       36096 kB
Mlocked:           28124 kB
SwapTotal:       1310716 kB
SwapFree:        1263508 kB
Dirty:                84 kB
Writeback:             0 kB
AnonPages:        797436 kB
Mapped:           381036 kB
Shmem:               180 kB
Slab:             106540 kB
SReclaimable:      31368 kB
SUnreclaim:        75172 kB
KernelStack:       28208 kB
PageTables:        53848 kB
NFS_Unstable:          0 kB
Bounce:                0 kB
WritebackTmp:          0 kB
CommitLimit:     2684136 kB
Committed_AS:   142679892 kB
VmallocTotal:   251658176 kB
VmallocUsed:      319868 kB
VmallocChunk:   247561408 kB
Time pass: 105 sec

---2015-11-23 11:25:36
MemTotal:        2746844 kB
MemFree:          276776 kB
Buffers:           10264 kB
Cached:           705676 kB
SwapCached:         1508 kB
Active:           734440 kB
Inactive:         776292 kB
Active(anon):     374872 kB
Inactive(anon):   439592 kB
Active(file):     359568 kB
Inactive(file):   336700 kB
Unevictable:       36096 kB
Mlocked:           28124 kB
SwapTotal:       1310716 kB
SwapFree:        1263508 kB
Dirty:               908 kB
Writeback:            16 kB
AnonPages:        829240 kB
Mapped:           412184 kB
Shmem:               312 kB
Slab:             106560 kB
SReclaimable:      31384 kB
SUnreclaim:        75176 kB
KernelStack:       29472 kB
PageTables:        54908 kB
NFS_Unstable:          0 kB
Bounce:                0 kB
WritebackTmp:          0 kB
CommitLimit:     2684136 kB
Committed_AS:   144011740 kB
VmallocTotal:   251658176 kB
VmallocUsed:      317648 kB
VmallocChunk:   247561408 kB
Time pass: 109 sec

---2015-11-23 11:25:36
MemTotal:        2746844 kB
MemFree:          186060 kB
Buffers:           10292 kB
Cached:           706040 kB
SwapCached:         1564 kB
Active:           754212 kB
Inactive:         775040 kB
Active(anon):     392988 kB
Inactive(anon):   439612 kB
Active(file):     361224 kB
Inactive(file):   335428 kB
Unevictable:       36096 kB
Mlocked:           28124 kB
SwapTotal:       1310716 kB
SwapFree:        1263508 kB
Dirty:               232 kB
Writeback:             0 kB
AnonPages:        847708 kB
Mapped:           415304 kB
Shmem:               316 kB
Slab:             106616 kB
SReclaimable:      31416 kB
SUnreclaim:        75200 kB
KernelStack:       29824 kB
PageTables:        55596 kB
NFS_Unstable:          0 kB
Bounce:                0 kB
WritebackTmp:          0 kB
CommitLimit:     2684136 kB
Committed_AS:   145816808 kB
VmallocTotal:   251658176 kB
VmallocUsed:      319968 kB
VmallocChunk:   247561408 kB
Time pass: 112 sec

---2015-11-23 11:25:36
MemTotal:        2746844 kB
MemFree:          156924 kB
Buffers:           10292 kB
Cached:           706920 kB
SwapCached:         1568 kB
Active:           743052 kB
Inactive:         770876 kB
Active(anon):     380684 kB
Inactive(anon):   435708 kB
Active(file):     362368 kB
Inactive(file):   335168 kB
Unevictable:       36096 kB
Mlocked:           28124 kB
SwapTotal:       1310716 kB
SwapFree:        1263508 kB
Dirty:              1072 kB
Writeback:             0 kB
AnonPages:        831260 kB
Mapped:           415804 kB
Shmem:               316 kB
Slab:             106700 kB
SReclaimable:      31432 kB
SUnreclaim:        75268 kB
KernelStack:       29968 kB
PageTables:        55508 kB
NFS_Unstable:          0 kB
Bounce:                0 kB
WritebackTmp:          0 kB
CommitLimit:     2684136 kB
Committed_AS:   145783872 kB
VmallocTotal:   251658176 kB
VmallocUsed:      320092 kB
VmallocChunk:   247561408 kB
Time pass: 116 sec

---2015-11-23 11:25:36
MemTotal:        2746844 kB
MemFree:          157420 kB
Buffers:           10300 kB
Cached:           706924 kB
SwapCached:         1568 kB
Active:           743192 kB
Inactive:         770876 kB
Active(anon):     380824 kB
Inactive(anon):   435700 kB
Active(file):     362368 kB
Inactive(file):   335176 kB
Unevictable:       36096 kB
Mlocked:           28124 kB
SwapTotal:       1310716 kB
SwapFree:        1263508 kB
Dirty:               124 kB
Writeback:             0 kB
AnonPages:        831476 kB
Mapped:           415804 kB
Shmem:               316 kB
Slab:             106704 kB
SReclaimable:      31432 kB
SUnreclaim:        75272 kB
KernelStack:       29952 kB
PageTables:        55480 kB
NFS_Unstable:          0 kB
Bounce:                0 kB
WritebackTmp:          0 kB
CommitLimit:     2684136 kB
Committed_AS:   145783996 kB
VmallocTotal:   251658176 kB
VmallocUsed:      320092 kB
VmallocChunk:   247561408 kB
Time pass: 119 sec

---2015-11-23 11:25:36
MemTotal:        2746844 kB
MemFree:          146552 kB
Buffers:           10308 kB
Cached:           707228 kB
SwapCached:         1568 kB
Active:           746132 kB
Inactive:         770712 kB
Active(anon):     383296 kB
Inactive(anon):   435700 kB
Active(file):     362836 kB
Inactive(file):   335012 kB
Unevictable:       36096 kB
Mlocked:           28124 kB
SwapTotal:       1310716 kB
SwapFree:        1263508 kB
Dirty:                56 kB
Writeback:             0 kB
AnonPages:        834156 kB
Mapped:           416032 kB
Shmem:               316 kB
Slab:             106672 kB
SReclaimable:      31432 kB
SUnreclaim:        75240 kB
KernelStack:       29840 kB
PageTables:        55496 kB
NFS_Unstable:          0 kB
Bounce:                0 kB
WritebackTmp:          0 kB
CommitLimit:     2684136 kB
Committed_AS:   145784116 kB
VmallocTotal:   251658176 kB
VmallocUsed:      320116 kB
VmallocChunk:   247561408 kB
Time pass: 123 sec

---2015-11-23 11:25:36
MemTotal:        2746844 kB
MemFree:          113028 kB
Buffers:           10308 kB
Cached:           707224 kB
SwapCached:         1572 kB
Active:           752248 kB
Inactive:         770632 kB
Active(anon):     389328 kB
Inactive(anon):   435700 kB
Active(file):     362920 kB
Inactive(file):   334932 kB
Unevictable:       36096 kB
Mlocked:           28124 kB
SwapTotal:       1310716 kB
SwapFree:        1263508 kB
Dirty:               380 kB
Writeback:             0 kB
AnonPages:        839864 kB
Mapped:           416080 kB
Shmem:               316 kB
Slab:             106672 kB
SReclaimable:      31432 kB
SUnreclaim:        75240 kB
KernelStack:       29840 kB
PageTables:        55496 kB
NFS_Unstable:          0 kB
Bounce:                0 kB
WritebackTmp:          0 kB
CommitLimit:     2684136 kB
Committed_AS:   145792516 kB
VmallocTotal:   251658176 kB
VmallocUsed:      328236 kB
VmallocChunk:   247561408 kB
Time pass: 126 sec

---2015-11-23 11:25:36
MemTotal:        2746844 kB
MemFree:          110220 kB
Buffers:           10316 kB
Cached:           707244 kB
SwapCached:         1572 kB
Active:           752396 kB
Inactive:         770612 kB
Active(anon):     389476 kB
Inactive(anon):   435652 kB
Active(file):     362920 kB
Inactive(file):   334960 kB
Unevictable:       36096 kB
Mlocked:           28124 kB
SwapTotal:       1310716 kB
SwapFree:        1263508 kB
Dirty:               620 kB
Writeback:             0 kB
AnonPages:        840236 kB
Mapped:           416364 kB
Shmem:               316 kB
Slab:             106732 kB
SReclaimable:      31432 kB
SUnreclaim:        75300 kB
KernelStack:       29840 kB
PageTables:        55500 kB
NFS_Unstable:          0 kB
Bounce:                0 kB
WritebackTmp:          0 kB
CommitLimit:     2684136 kB
Committed_AS:   145792832 kB
VmallocTotal:   251658176 kB
VmallocUsed:      332872 kB
VmallocChunk:   247561408 kB
Time pass: 130 sec

---2015-11-23 11:25:36
MemTotal:        2746844 kB
MemFree:          111052 kB
Buffers:           10316 kB
Cached:           707244 kB
SwapCached:         1572 kB
Active:           753228 kB
Inactive:         770608 kB
Active(anon):     390308 kB
Inactive(anon):   435648 kB
Active(file):     362920 kB
Inactive(file):   334960 kB
Unevictable:       36096 kB
Mlocked:           28124 kB
SwapTotal:       1310716 kB
SwapFree:        1263508 kB
Dirty:                 0 kB
Writeback:             0 kB
AnonPages:        840932 kB
Mapped:           416364 kB
Shmem:               316 kB
Slab:             106700 kB
SReclaimable:      31432 kB
SUnreclaim:        75268 kB
KernelStack:       29840 kB
PageTables:        55504 kB
NFS_Unstable:          0 kB
Bounce:                0 kB
WritebackTmp:          0 kB
CommitLimit:     2684136 kB
Committed_AS:   145792924 kB
VmallocTotal:   251658176 kB
VmallocUsed:      332872 kB
VmallocChunk:   247561408 kB
Time pass: 133 sec

---2015-11-23 11:25:36
MemTotal:        2746844 kB
MemFree:          111296 kB
Buffers:           10336 kB
Cached:           707240 kB
SwapCached:         1572 kB
Active:           753424 kB
Inactive:         770616 kB
Active(anon):     390504 kB
Inactive(anon):   435648 kB
Active(file):     362920 kB
Inactive(file):   334968 kB
Unevictable:       36096 kB
Mlocked:           28124 kB
SwapTotal:       1310716 kB
SwapFree:        1263508 kB
Dirty:                64 kB
Writeback:             0 kB
AnonPages:        841100 kB
Mapped:           416448 kB
Shmem:               316 kB
Slab:             106708 kB
SReclaimable:      31432 kB
SUnreclaim:        75276 kB
KernelStack:       29840 kB
PageTables:        55536 kB
NFS_Unstable:          0 kB
Bounce:                0 kB
WritebackTmp:          0 kB
CommitLimit:     2684136 kB
Committed_AS:   145792884 kB
VmallocTotal:   251658176 kB
VmallocUsed:      332872 kB
VmallocChunk:   247561408 kB
Time pass: 137 sec

---2015-11-23 11:25:36
MemTotal:        2746844 kB
MemFree:           98396 kB
Buffers:           10368 kB
Cached:           707484 kB
SwapCached:         1584 kB
Active:           767880 kB
Inactive:         770832 kB
Active(anon):     404940 kB
Inactive(anon):   435808 kB
Active(file):     362940 kB
Inactive(file):   335024 kB
Unevictable:       36096 kB
Mlocked:           28124 kB
SwapTotal:       1310716 kB
SwapFree:        1263508 kB
Dirty:                72 kB
Writeback:             0 kB
AnonPages:        855708 kB
Mapped:           420032 kB
Shmem:               524 kB
Slab:             106836 kB
SReclaimable:      31432 kB
SUnreclaim:        75404 kB
KernelStack:       30336 kB
PageTables:        55676 kB
NFS_Unstable:          0 kB
Bounce:                0 kB
WritebackTmp:          0 kB
CommitLimit:     2684136 kB
Committed_AS:   145808872 kB
VmallocTotal:   251658176 kB
VmallocUsed:      335060 kB
VmallocChunk:   247561408 kB
Time pass: 140 sec

---2015-11-23 11:25:36
MemTotal:        2746844 kB
MemFree:           93676 kB
Buffers:           10400 kB
Cached:           707752 kB
SwapCached:         1584 kB
Active:           771528 kB
Inactive:         771184 kB
Active(anon):     408588 kB
Inactive(anon):   436128 kB
Active(file):     362940 kB
Inactive(file):   335056 kB
Unevictable:       36096 kB
Mlocked:           28124 kB
SwapTotal:       1310716 kB
SwapFree:        1263508 kB
Dirty:                 0 kB
Writeback:             0 kB
AnonPages:        859000 kB
Mapped:           420264 kB
Shmem:               792 kB
Slab:             106844 kB
SReclaimable:      31432 kB
SUnreclaim:        75412 kB
KernelStack:       30304 kB
PageTables:        55696 kB
NFS_Unstable:          0 kB
Bounce:                0 kB
WritebackTmp:          0 kB
CommitLimit:     2684136 kB
Committed_AS:   145808912 kB
VmallocTotal:   251658176 kB
VmallocUsed:      335324 kB
VmallocChunk:   247561408 kB
Time pass: 144 sec

---2015-11-23 11:25:36
MemTotal:        2746844 kB
MemFree:           93016 kB
Buffers:           10400 kB
Cached:           707892 kB
SwapCached:         1584 kB
Active:           772220 kB
Inactive:         771316 kB
Active(anon):     409280 kB
Inactive(anon):   436260 kB
Active(file):     362940 kB
Inactive(file):   335056 kB
Unevictable:       36096 kB
Mlocked:           28124 kB
SwapTotal:       1310716 kB
SwapFree:        1263508 kB
Dirty:                 4 kB
Writeback:             0 kB
AnonPages:        859804 kB
Mapped:           420396 kB
Shmem:               932 kB
Slab:             106824 kB
SReclaimable:      31432 kB
SUnreclaim:        75392 kB
KernelStack:       30304 kB
PageTables:        55704 kB
NFS_Unstable:          0 kB
Bounce:                0 kB
WritebackTmp:          0 kB
CommitLimit:     2684136 kB
Committed_AS:   145813000 kB
VmallocTotal:   251658176 kB
VmallocUsed:      335324 kB
VmallocChunk:   247561408 kB
Time pass: 148 sec

---2015-11-23 11:25:36
MemTotal:        2746844 kB
MemFree:           90236 kB
Buffers:           10408 kB
Cached:           707948 kB
SwapCached:         1584 kB
Active:           773280 kB
Inactive:         771372 kB
Active(anon):     410340 kB
Inactive(anon):   436308 kB
Active(file):     362940 kB
Inactive(file):   335064 kB
Unevictable:       36096 kB
Mlocked:           28124 kB
SwapTotal:       1310716 kB
SwapFree:        1263508 kB
Dirty:                40 kB
Writeback:             0 kB
AnonPages:        860588 kB
Mapped:           420536 kB
Shmem:               988 kB
Slab:             106816 kB
SReclaimable:      31432 kB
SUnreclaim:        75384 kB
KernelStack:       30304 kB
PageTables:        55732 kB
NFS_Unstable:          0 kB
Bounce:                0 kB
WritebackTmp:          0 kB
CommitLimit:     2684136 kB
Committed_AS:   145812968 kB
VmallocTotal:   251658176 kB
VmallocUsed:      335324 kB
VmallocChunk:   247561408 kB
Time pass: 151 sec

---2015-11-23 11:25:36
MemTotal:        2746844 kB
MemFree:           89924 kB
Buffers:           10416 kB
Cached:           708004 kB
SwapCached:         1584 kB
Active:           773540 kB
Inactive:         771428 kB
Active(anon):     410596 kB
Inactive(anon):   436356 kB
Active(file):     362944 kB
Inactive(file):   335072 kB
Unevictable:       36096 kB
Mlocked:           28124 kB
SwapTotal:       1310716 kB
SwapFree:        1263508 kB
Dirty:                 8 kB
Writeback:             0 kB
AnonPages:        861104 kB
Mapped:           420612 kB
Shmem:              1040 kB
Slab:             106816 kB
SReclaimable:      31432 kB
SUnreclaim:        75384 kB
KernelStack:       30304 kB
PageTables:        55728 kB
NFS_Unstable:          0 kB
Bounce:                0 kB
WritebackTmp:          0 kB
CommitLimit:     2684136 kB
Committed_AS:   145813000 kB
VmallocTotal:   251658176 kB
VmallocUsed:      335324 kB
VmallocChunk:   247561408 kB
Time pass: 155 sec

---2015-11-23 11:25:36
MemTotal:        2746844 kB
MemFree:           89604 kB
Buffers:           10416 kB
Cached:           708012 kB
SwapCached:         1584 kB
Active:           773976 kB
Inactive:         771436 kB
Active(anon):     411032 kB
Inactive(anon):   436364 kB
Active(file):     362944 kB
Inactive(file):   335072 kB
Unevictable:       36096 kB
Mlocked:           28124 kB
SwapTotal:       1310716 kB
SwapFree:        1263508 kB
Dirty:                 8 kB
Writeback:             0 kB
AnonPages:        861716 kB
Mapped:           420716 kB
Shmem:              1048 kB
Slab:             106816 kB
SReclaimable:      31432 kB
SUnreclaim:        75384 kB
KernelStack:       30304 kB
PageTables:        55756 kB
NFS_Unstable:          0 kB
Bounce:                0 kB
WritebackTmp:          0 kB
CommitLimit:     2684136 kB
Committed_AS:   145813008 kB
VmallocTotal:   251658176 kB
VmallocUsed:      335324 kB
VmallocChunk:   247561408 kB
Time pass: 158 sec

---2015-11-23 11:25:36
MemTotal:        2746844 kB
MemFree:           93544 kB
Buffers:           10424 kB
Cached:           708028 kB
SwapCached:         1584 kB
Active:           774236 kB
Inactive:         771436 kB
Active(anon):     411292 kB
Inactive(anon):   436356 kB
Active(file):     362944 kB
Inactive(file):   335080 kB
Unevictable:       36096 kB
Mlocked:           28124 kB
SwapTotal:       1310716 kB
SwapFree:        1263508 kB
Dirty:                12 kB
Writeback:             0 kB
AnonPages:        861696 kB
Mapped:           420724 kB
Shmem:              1064 kB
Slab:             106752 kB
SReclaimable:      31432 kB
SUnreclaim:        75320 kB
KernelStack:       30304 kB
PageTables:        55756 kB
NFS_Unstable:          0 kB
Bounce:                0 kB
WritebackTmp:          0 kB
CommitLimit:     2684136 kB
Committed_AS:   145813024 kB
VmallocTotal:   251658176 kB
VmallocUsed:      335324 kB
VmallocChunk:   247561408 kB
Time pass: 162 sec

---2015-11-23 11:25:36
MemTotal:        2746844 kB
MemFree:           93596 kB
Buffers:           10424 kB
Cached:           708032 kB
SwapCached:         1604 kB
Active:           774020 kB
Inactive:         771452 kB
Active(anon):     411076 kB
Inactive(anon):   436372 kB
Active(file):     362944 kB
Inactive(file):   335080 kB
Unevictable:       36096 kB
Mlocked:           28124 kB
SwapTotal:       1310716 kB
SwapFree:        1263528 kB
Dirty:                 0 kB
Writeback:             0 kB
AnonPages:        861748 kB
Mapped:           420620 kB
Shmem:              1068 kB
Slab:             106752 kB
SReclaimable:      31432 kB
SUnreclaim:        75320 kB
KernelStack:       30304 kB
PageTables:        55728 kB
NFS_Unstable:          0 kB
Bounce:                0 kB
WritebackTmp:          0 kB
CommitLimit:     2684136 kB
Committed_AS:   145813024 kB
VmallocTotal:   251658176 kB
VmallocUsed:      335324 kB
VmallocChunk:   247561408 kB
Time pass: 165 sec

---2015-11-23 11:25:36
MemTotal:        2746844 kB
MemFree:           89840 kB
Buffers:           10448 kB
Cached:           707740 kB
SwapCached:         1608 kB
Active:           779592 kB
Inactive:         771180 kB
Active(anon):     416644 kB
Inactive(anon):   436076 kB
Active(file):     362948 kB
Inactive(file):   335104 kB
Unevictable:       36096 kB
Mlocked:           28124 kB
SwapTotal:       1310716 kB
SwapFree:        1263528 kB
Dirty:                52 kB
Writeback:             0 kB
AnonPages:        867168 kB
Mapped:           419936 kB
Shmem:               772 kB
Slab:             106752 kB
SReclaimable:      31432 kB
SUnreclaim:        75320 kB
KernelStack:       30288 kB
PageTables:        55740 kB
NFS_Unstable:          0 kB
Bounce:                0 kB
WritebackTmp:          0 kB
CommitLimit:     2684136 kB
Committed_AS:   145818820 kB
VmallocTotal:   251658176 kB
VmallocUsed:      333272 kB
VmallocChunk:   247561408 kB
Time pass: 169 sec

---2015-11-23 11:25:36
MemTotal:        2746844 kB
MemFree:           66432 kB
Buffers:           10636 kB
Cached:           718216 kB
SwapCached:         1632 kB
Active:           784496 kB
Inactive:         784492 kB
Active(anon):     422840 kB
Inactive(anon):   438808 kB
Active(file):     361656 kB
Inactive(file):   345684 kB
Unevictable:       36096 kB
Mlocked:           28124 kB
SwapTotal:       1310716 kB
SwapFree:        1261740 kB
Dirty:                20 kB
Writeback:             0 kB
AnonPages:        876104 kB
Mapped:           427068 kB
Shmem:              1208 kB
Slab:             106756 kB
SReclaimable:      31432 kB
SUnreclaim:        75324 kB
KernelStack:       30720 kB
PageTables:        56256 kB
NFS_Unstable:          0 kB
Bounce:                0 kB
WritebackTmp:          0 kB
CommitLimit:     2684136 kB
Committed_AS:   147095612 kB
VmallocTotal:   251658176 kB
VmallocUsed:      339276 kB
VmallocChunk:   247561408 kB
Time pass: 172 sec

---2015-11-23 11:25:36
MemTotal:        2746844 kB
MemFree:           65044 kB
Buffers:           10532 kB
Cached:           713500 kB
SwapCached:         1656 kB
Active:           790428 kB
Inactive:         780152 kB
Active(anon):     431604 kB
Inactive(anon):   435320 kB
Active(file):     358824 kB
Inactive(file):   344832 kB
Unevictable:       36096 kB
Mlocked:           28124 kB
SwapTotal:       1310716 kB
SwapFree:        1258144 kB
Dirty:                 0 kB
Writeback:            80 kB
AnonPages:        881448 kB
Mapped:           428488 kB
Shmem:              1228 kB
Slab:             106932 kB
SReclaimable:      31432 kB
SUnreclaim:        75500 kB
KernelStack:       30880 kB
PageTables:        56368 kB
NFS_Unstable:          0 kB
Bounce:                0 kB
WritebackTmp:          0 kB
CommitLimit:     2684136 kB
Committed_AS:   147097744 kB
VmallocTotal:   251658176 kB
VmallocUsed:      339276 kB
VmallocChunk:   247561408 kB
Time pass: 176 sec

---2015-11-23 11:25:36
MemTotal:        2746844 kB
MemFree:           65464 kB
Buffers:           10520 kB
Cached:           712580 kB
SwapCached:         1656 kB
Active:           790912 kB
Inactive:         778976 kB
Active(anon):     433216 kB
Inactive(anon):   434220 kB
Active(file):     357696 kB
Inactive(file):   344756 kB
Unevictable:       36096 kB
Mlocked:           28124 kB
SwapTotal:       1310716 kB
SwapFree:        1257116 kB
Dirty:                 0 kB
Writeback:             0 kB
AnonPages:        882000 kB
Mapped:           428572 kB
Shmem:              1284 kB
Slab:             106948 kB
SReclaimable:      31432 kB
SUnreclaim:        75516 kB
KernelStack:       30928 kB
PageTables:        56364 kB
NFS_Unstable:          0 kB
Bounce:                0 kB
WritebackTmp:          0 kB
CommitLimit:     2684136 kB
Committed_AS:   147097904 kB
VmallocTotal:   251658176 kB
VmallocUsed:      339276 kB
VmallocChunk:   247561408 kB
Time pass: 179 sec

---2015-11-23 11:25:36
MemTotal:        2746844 kB
MemFree:           65400 kB
Buffers:           10528 kB
Cached:           712592 kB
SwapCached:         1652 kB
Active:           791612 kB
Inactive:         778996 kB
Active(anon):     433916 kB
Inactive(anon):   434232 kB
Active(file):     357696 kB
Inactive(file):   344764 kB
Unevictable:       36096 kB
Mlocked:           28124 kB
SwapTotal:       1310716 kB
SwapFree:        1257120 kB
Dirty:                60 kB
Writeback:             0 kB
AnonPages:        882324 kB
Mapped:           428672 kB
Shmem:              1296 kB
Slab:             106956 kB
SReclaimable:      31432 kB
SUnreclaim:        75524 kB
KernelStack:       30912 kB
PageTables:        56396 kB
NFS_Unstable:          0 kB
Bounce:                0 kB
WritebackTmp:          0 kB
CommitLimit:     2684136 kB
Committed_AS:   147097872 kB
VmallocTotal:   251658176 kB
VmallocUsed:      339276 kB
VmallocChunk:   247561408 kB
Time pass: 183 sec

---2015-11-23 11:25:36
MemTotal:        2746844 kB
MemFree:           67852 kB
Buffers:           10548 kB
Cached:           711220 kB
SwapCached:         1652 kB
Active:           788836 kB
Inactive:         779412 kB
Active(anon):     432612 kB
Inactive(anon):   434292 kB
Active(file):     356224 kB
Inactive(file):   345120 kB
Unevictable:       36096 kB
Mlocked:           28124 kB
SwapTotal:       1310716 kB
SwapFree:        1255408 kB
Dirty:                60 kB
Writeback:             0 kB
AnonPages:        880808 kB
Mapped:           428720 kB
Shmem:              1300 kB
Slab:             107044 kB
SReclaimable:      31432 kB
SUnreclaim:        75612 kB
KernelStack:       30912 kB
PageTables:        56392 kB
NFS_Unstable:          0 kB
Bounce:                0 kB
WritebackTmp:          0 kB
CommitLimit:     2684136 kB
Committed_AS:   147098168 kB
VmallocTotal:   251658176 kB
VmallocUsed:      339276 kB
VmallocChunk:   247561408 kB
Time pass: 186 sec

---2015-11-23 11:25:36
MemTotal:        2746844 kB
MemFree:           76184 kB
Buffers:           10556 kB
Cached:           711564 kB
SwapCached:         1652 kB
Active:           788764 kB
Inactive:         771504 kB
Active(anon):     424652 kB
Inactive(anon):   434164 kB
Active(file):     364112 kB
Inactive(file):   337340 kB
Unevictable:       36096 kB
Mlocked:           28124 kB
SwapTotal:       1310716 kB
SwapFree:        1255408 kB
Dirty:                60 kB
Writeback:             0 kB
AnonPages:        872676 kB
Mapped:           421660 kB
Shmem:              1304 kB
Slab:             107016 kB
SReclaimable:      31432 kB
SUnreclaim:        75584 kB
KernelStack:       30176 kB
PageTables:        55768 kB
NFS_Unstable:          0 kB
Bounce:                0 kB
WritebackTmp:          0 kB
CommitLimit:     2684136 kB
Committed_AS:   145834212 kB
VmallocTotal:   251658176 kB
VmallocUsed:      338256 kB
VmallocChunk:   247561408 kB
Time pass: 190 sec

---2015-11-23 11:25:36
MemTotal:        2746844 kB
MemFree:           65796 kB
Buffers:           10572 kB
Cached:           710768 kB
SwapCached:         1668 kB
Active:           799464 kB
Inactive:         772608 kB
Active(anon):     436080 kB
Inactive(anon):   435324 kB
Active(file):     363384 kB
Inactive(file):   337284 kB
Unevictable:       36096 kB
Mlocked:           28124 kB
SwapTotal:       1310716 kB
SwapFree:        1254240 kB
Dirty:                36 kB
Writeback:             0 kB
AnonPages:        885244 kB
Mapped:           428444 kB
Shmem:              1304 kB
Slab:             107032 kB
SReclaimable:      31432 kB
SUnreclaim:        75600 kB
KernelStack:       30848 kB
PageTables:        56360 kB
NFS_Unstable:          0 kB
Bounce:                0 kB
WritebackTmp:          0 kB
CommitLimit:     2684136 kB
Committed_AS:   147096940 kB
VmallocTotal:   251658176 kB
VmallocUsed:      339276 kB
VmallocChunk:   247561408 kB
Time pass: 193 sec

---2015-11-23 11:25:36
MemTotal:        2746844 kB
MemFree:           68012 kB
Buffers:           10592 kB
Cached:           709100 kB
SwapCached:         1668 kB
Active:           797096 kB
Inactive:         772548 kB
Active(anon):     435100 kB
Inactive(anon):   435524 kB
Active(file):     361996 kB
Inactive(file):   337024 kB
Unevictable:       36096 kB
Mlocked:           28124 kB
SwapTotal:       1310716 kB
SwapFree:        1252164 kB
Dirty:               108 kB
Writeback:             0 kB
AnonPages:        884296 kB
Mapped:           428544 kB
Shmem:              1308 kB
Slab:             107068 kB
SReclaimable:      31432 kB
SUnreclaim:        75636 kB
KernelStack:       30896 kB
PageTables:        56368 kB
NFS_Unstable:          0 kB
Bounce:                0 kB
WritebackTmp:          0 kB
CommitLimit:     2684136 kB
Committed_AS:   147097144 kB
VmallocTotal:   251658176 kB
VmallocUsed:      339276 kB
VmallocChunk:   247561408 kB
Time pass: 197 sec

---2015-11-23 11:25:36
MemTotal:        2746844 kB
MemFree:           66964 kB
Buffers:           10608 kB
Cached:           709124 kB
SwapCached:         1668 kB
Active:           797944 kB
Inactive:         772556 kB
Active(anon):     435948 kB
Inactive(anon):   435516 kB
Active(file):     361996 kB
Inactive(file):   337040 kB
Unevictable:       36096 kB
Mlocked:           28124 kB
SwapTotal:       1310716 kB
SwapFree:        1252164 kB
Dirty:                72 kB
Writeback:             0 kB
AnonPages:        885636 kB
Mapped:           428640 kB
Shmem:              1308 kB
Slab:             107052 kB
SReclaimable:      31432 kB
SUnreclaim:        75620 kB
KernelStack:       30896 kB
PageTables:        56392 kB
NFS_Unstable:          0 kB
Bounce:                0 kB
WritebackTmp:          0 kB
CommitLimit:     2684136 kB
Committed_AS:   147097112 kB
VmallocTotal:   251658176 kB
VmallocUsed:      339276 kB
VmallocChunk:   247561408 kB
Time pass: 200 sec

---2015-11-23 11:25:36
MemTotal:        2746844 kB
MemFree:           69384 kB
Buffers:           10544 kB
Cached:           707464 kB
SwapCached:         1672 kB
Active:           793748 kB
Inactive:         774884 kB
Active(anon):     433612 kB
Inactive(anon):   437412 kB
Active(file):     360136 kB
Inactive(file):   337472 kB
Unevictable:       36096 kB
Mlocked:           28124 kB
SwapTotal:       1310716 kB
SwapFree:        1249856 kB
Dirty:                72 kB
Writeback:             0 kB
AnonPages:        885744 kB
Mapped:           428616 kB
Shmem:              1312 kB
Slab:             107068 kB
SReclaimable:      31432 kB
SUnreclaim:        75636 kB
KernelStack:       30912 kB
PageTables:        56372 kB
NFS_Unstable:          0 kB
Bounce:                0 kB
WritebackTmp:          0 kB
CommitLimit:     2684136 kB
Committed_AS:   147101480 kB
VmallocTotal:   251658176 kB
VmallocUsed:      339276 kB
VmallocChunk:   247561408 kB
Time pass: 204 sec

---2015-11-23 11:25:36
MemTotal:        2746844 kB
MemFree:           76420 kB
Buffers:           10568 kB
Cached:           707308 kB
SwapCached:         1672 kB
Active:           795236 kB
Inactive:         766960 kB
Active(anon):     427736 kB
Inactive(anon):   437260 kB
Active(file):     367500 kB
Inactive(file):   329700 kB
Unevictable:       36096 kB
Mlocked:           28124 kB
SwapTotal:       1310716 kB
SwapFree:        1249856 kB
Dirty:                44 kB
Writeback:             0 kB
AnonPages:        878148 kB
Mapped:           421684 kB
Shmem:              1312 kB
Slab:             107072 kB
SReclaimable:      31432 kB
SUnreclaim:        75640 kB
KernelStack:       30256 kB
PageTables:        55788 kB
NFS_Unstable:          0 kB
Bounce:                0 kB
WritebackTmp:          0 kB
CommitLimit:     2684136 kB
Committed_AS:   145838392 kB
VmallocTotal:   251658176 kB
VmallocUsed:      338256 kB
VmallocChunk:   247561408 kB
Time pass: 208 sec

---2015-11-23 11:25:36
MemTotal:        2746844 kB
MemFree:           65048 kB
Buffers:           10568 kB
Cached:           707324 kB
SwapCached:         1676 kB
Active:           807020 kB
Inactive:         766968 kB
Active(anon):     439512 kB
Inactive(anon):   437260 kB
Active(file):     367508 kB
Inactive(file):   329708 kB
Unevictable:       36096 kB
Mlocked:           28124 kB
SwapTotal:       1310716 kB
SwapFree:        1249856 kB
Dirty:                16 kB
Writeback:             0 kB
AnonPages:        890664 kB
Mapped:           428316 kB
Shmem:              1312 kB
Slab:             107072 kB
SReclaimable:      31432 kB
SUnreclaim:        75640 kB
KernelStack:       30848 kB
PageTables:        56348 kB
NFS_Unstable:          0 kB
Bounce:                0 kB
WritebackTmp:          0 kB
CommitLimit:     2684136 kB
Committed_AS:   147101100 kB
VmallocTotal:   251658176 kB
VmallocUsed:      339276 kB
VmallocChunk:   247561408 kB
Time pass: 211 sec

---2015-11-23 11:25:36
MemTotal:        2746844 kB
MemFree:           66016 kB
Buffers:           10584 kB
Cached:           707004 kB
SwapCached:         1676 kB
Active:           804832 kB
Inactive:         768708 kB
Active(anon):     438096 kB
Inactive(anon):   438548 kB
Active(file):     366736 kB
Inactive(file):   330160 kB
Unevictable:       36096 kB
Mlocked:           28124 kB
SwapTotal:       1310716 kB
SwapFree:        1249096 kB
Dirty:               112 kB
Writeback:             0 kB
AnonPages:        890408 kB
Mapped:           428564 kB
Shmem:              1328 kB
Slab:             107088 kB
SReclaimable:      31432 kB
SUnreclaim:        75656 kB
KernelStack:       30912 kB
PageTables:        56380 kB
NFS_Unstable:          0 kB
Bounce:                0 kB
WritebackTmp:          0 kB
CommitLimit:     2684136 kB
Committed_AS:   147101248 kB
VmallocTotal:   251658176 kB
VmallocUsed:      339276 kB
VmallocChunk:   247561408 kB
Time pass: 215 sec

---2015-11-23 11:25:36
MemTotal:        2746844 kB
MemFree:           67732 kB
Buffers:           10592 kB
Cached:           706160 kB
SwapCached:         1676 kB
Active:           801832 kB
Inactive:         769120 kB
Active(anon):     436352 kB
Inactive(anon):   438852 kB
Active(file):     365480 kB
Inactive(file):   330268 kB
Unevictable:       36096 kB
Mlocked:           28124 kB
SwapTotal:       1310716 kB
SwapFree:        1247420 kB
Dirty:                52 kB
Writeback:             0 kB
AnonPages:        888852 kB
Mapped:           428676 kB
Shmem:              1340 kB
Slab:             107088 kB
SReclaimable:      31432 kB
SUnreclaim:        75656 kB
KernelStack:       30912 kB
PageTables:        56412 kB
NFS_Unstable:          0 kB
Bounce:                0 kB
WritebackTmp:          0 kB
CommitLimit:     2684136 kB
Committed_AS:   147101256 kB
VmallocTotal:   251658176 kB
VmallocUsed:      339276 kB
VmallocChunk:   247561408 kB
Time pass: 218 sec

---2015-11-23 11:25:36
MemTotal:        2746844 kB
MemFree:           69432 kB
Buffers:           10636 kB
Cached:           706828 kB
SwapCached:         1676 kB
Active:           799920 kB
Inactive:         769632 kB
Active(anon):     434732 kB
Inactive(anon):   438052 kB
Active(file):     365188 kB
Inactive(file):   331580 kB
Unevictable:       36096 kB
Mlocked:           28124 kB
SwapTotal:       1310716 kB
SwapFree:        1247420 kB
Dirty:                88 kB
Writeback:             0 kB
AnonPages:        886976 kB
Mapped:           428860 kB
Shmem:              1332 kB
Slab:             107132 kB
SReclaimable:      31432 kB
SUnreclaim:        75700 kB
KernelStack:       30784 kB
PageTables:        56388 kB
NFS_Unstable:          0 kB
Bounce:                0 kB
WritebackTmp:          0 kB
CommitLimit:     2684136 kB
Committed_AS:   147095080 kB
VmallocTotal:   251658176 kB
VmallocUsed:      339276 kB
VmallocChunk:   247561408 kB
Time pass: 221 sec

---2015-11-23 11:25:36
MemTotal:        2746844 kB
MemFree:           73756 kB
Buffers:           10644 kB
Cached:           706852 kB
SwapCached:         1676 kB
Active:           795384 kB
Inactive:         769556 kB
Active(anon):     430196 kB
Inactive(anon):   437980 kB
Active(file):     365188 kB
Inactive(file):   331576 kB
Unevictable:       36096 kB
Mlocked:           28124 kB
SwapTotal:       1310716 kB
SwapFree:        1247420 kB
Dirty:                 4 kB
Writeback:             0 kB
AnonPages:        882108 kB
Mapped:           428888 kB
Shmem:              1332 kB
Slab:             107092 kB
SReclaimable:      31432 kB
SUnreclaim:        75660 kB
KernelStack:       30752 kB
PageTables:        56380 kB
NFS_Unstable:          0 kB
Bounce:                0 kB
WritebackTmp:          0 kB
CommitLimit:     2684136 kB
Committed_AS:   147095172 kB
VmallocTotal:   251658176 kB
VmallocUsed:      339276 kB
VmallocChunk:   247561408 kB
Time pass: 225 sec

---2015-11-23 11:25:36
MemTotal:        2746844 kB
MemFree:           90104 kB
Buffers:           10668 kB
Cached:           706864 kB
SwapCached:         1676 kB
Active:           779224 kB
Inactive:         769324 kB
Active(anon):     413740 kB
Inactive(anon):   437980 kB
Active(file):     365484 kB
Inactive(file):   331344 kB
Unevictable:       36096 kB
Mlocked:           28124 kB
SwapTotal:       1310716 kB
SwapFree:        1247420 kB
Dirty:                96 kB
Writeback:             0 kB
AnonPages:        865388 kB
Mapped:           422028 kB
Shmem:              1332 kB
Slab:             107084 kB
SReclaimable:      31432 kB
SUnreclaim:        75652 kB
KernelStack:       30128 kB
PageTables:        55828 kB
NFS_Unstable:          0 kB
Bounce:                0 kB
WritebackTmp:          0 kB
CommitLimit:     2684136 kB
Committed_AS:   145832224 kB
VmallocTotal:   251658176 kB
VmallocUsed:      338256 kB
VmallocChunk:   247561408 kB
Time pass: 228 sec

---2015-11-23 11:25:36
MemTotal:        2746844 kB
MemFree:           79576 kB
Buffers:           10668 kB
Cached:           707264 kB
SwapCached:         1676 kB
Active:           789320 kB
Inactive:         769700 kB
Active(anon):     423820 kB
Inactive(anon):   437968 kB
Active(file):     365500 kB
Inactive(file):   331732 kB
Unevictable:       36096 kB
Mlocked:           28124 kB
SwapTotal:       1310716 kB
SwapFree:        1247420 kB
Dirty:                20 kB
Writeback:             0 kB
AnonPages:        875796 kB
Mapped:           428824 kB
Shmem:              1336 kB
Slab:             107116 kB
SReclaimable:      31432 kB
SUnreclaim:        75684 kB
KernelStack:       30720 kB
PageTables:        56372 kB
NFS_Unstable:          0 kB
Bounce:                0 kB
WritebackTmp:          0 kB
CommitLimit:     2684136 kB
Committed_AS:   147099112 kB
VmallocTotal:   251658176 kB
VmallocUsed:      339276 kB
VmallocChunk:   247561408 kB
Time pass: 232 sec

---2015-11-23 11:25:36
MemTotal:        2746844 kB
MemFree:           79820 kB
Buffers:           10724 kB
Cached:           707216 kB
SwapCached:         1676 kB
Active:           790368 kB
Inactive:         769716 kB
Active(anon):     424880 kB
Inactive(anon):   437964 kB
Active(file):     365488 kB
Inactive(file):   331752 kB
Unevictable:       36096 kB
Mlocked:           28124 kB
SwapTotal:       1310716 kB
SwapFree:        1247420 kB
Dirty:               128 kB
Writeback:             0 kB
AnonPages:        876812 kB
Mapped:           428840 kB
Shmem:              1336 kB
Slab:             107116 kB
SReclaimable:      31432 kB
SUnreclaim:        75684 kB
KernelStack:       30752 kB
PageTables:        56384 kB
NFS_Unstable:          0 kB
Bounce:                0 kB
WritebackTmp:          0 kB
CommitLimit:     2684136 kB
Committed_AS:   147099112 kB
VmallocTotal:   251658176 kB
VmallocUsed:      339276 kB
VmallocChunk:   247561408 kB
Time pass: 236 sec

---2015-11-23 11:25:36
MemTotal:        2746844 kB
MemFree:           77908 kB
Buffers:           10724 kB
Cached:           707292 kB
SwapCached:         1676 kB
Active:           791620 kB
Inactive:         769376 kB
Active(anon):     426108 kB
Inactive(anon):   437572 kB
Active(file):     365512 kB
Inactive(file):   331804 kB
Unevictable:       36096 kB
Mlocked:           28124 kB
SwapTotal:       1310716 kB
SwapFree:        1247420 kB
Dirty:               116 kB
Writeback:             0 kB
AnonPages:        877588 kB
Mapped:           428884 kB
Shmem:              1336 kB
Slab:             107160 kB
SReclaimable:      31432 kB
SUnreclaim:        75728 kB
KernelStack:       30768 kB
PageTables:        56404 kB
NFS_Unstable:          0 kB
Bounce:                0 kB
WritebackTmp:          0 kB
CommitLimit:     2684136 kB
Committed_AS:   147099232 kB
VmallocTotal:   251658176 kB
VmallocUsed:      339276 kB
VmallocChunk:   247561408 kB
Time pass: 239 sec

---2015-11-23 11:25:36
MemTotal:        2746844 kB
MemFree:           83164 kB
Buffers:           10740 kB
Cached:           707292 kB
SwapCached:         1676 kB
Active:           792236 kB
Inactive:         769392 kB
Active(anon):     426724 kB
Inactive(anon):   437572 kB
Active(file):     365512 kB
Inactive(file):   331820 kB
Unevictable:       36096 kB
Mlocked:           28124 kB
SwapTotal:       1310716 kB
SwapFree:        1247420 kB
Dirty:                 0 kB
Writeback:             0 kB
AnonPages:        878284 kB
Mapped:           428908 kB
Shmem:              1336 kB
Slab:             107128 kB
SReclaimable:      31432 kB
SUnreclaim:        75696 kB
KernelStack:       30752 kB
PageTables:        56412 kB
NFS_Unstable:          0 kB
Bounce:                0 kB
WritebackTmp:          0 kB
CommitLimit:     2684136 kB
Committed_AS:   147099424 kB
VmallocTotal:   251658176 kB
VmallocUsed:      339276 kB
VmallocChunk:   247561408 kB
Time pass: 243 sec

---2015-11-23 11:25:36
MemTotal:        2746844 kB
MemFree:           90624 kB
Buffers:           10748 kB
Cached:           707540 kB
SwapCached:         1676 kB
Active:           784400 kB
Inactive:         769436 kB
Active(anon):     418876 kB
Inactive(anon):   437372 kB
Active(file):     365524 kB
Inactive(file):   332064 kB
Unevictable:       36096 kB
Mlocked:           28124 kB
SwapTotal:       1310716 kB
SwapFree:        1247420 kB
Dirty:                44 kB
Writeback:             0 kB
AnonPages:        870280 kB
Mapped:           421988 kB
Shmem:              1336 kB
Slab:             107128 kB
SReclaimable:      31432 kB
SUnreclaim:        75696 kB
KernelStack:       30096 kB
PageTables:        55796 kB
NFS_Unstable:          0 kB
Bounce:                0 kB
WritebackTmp:          0 kB
CommitLimit:     2684136 kB
Committed_AS:   145832300 kB
VmallocTotal:   251658176 kB
VmallocUsed:      338256 kB
VmallocChunk:   247561408 kB
Time pass: 246 sec

---2015-11-23 11:25:36
MemTotal:        2746844 kB
MemFree:           79992 kB
Buffers:           10764 kB
Cached:           707540 kB
SwapCached:         1676 kB
Active:           796556 kB
Inactive:         769424 kB
Active(anon):     431020 kB
Inactive(anon):   437356 kB
Active(file):     365536 kB
Inactive(file):   332068 kB
Unevictable:       36096 kB
Mlocked:           28124 kB
SwapTotal:       1310716 kB
SwapFree:        1247420 kB
Dirty:                84 kB
Writeback:             0 kB
AnonPages:        882484 kB
Mapped:           428216 kB
Shmem:              1336 kB
Slab:             107116 kB
SReclaimable:      31432 kB
SUnreclaim:        75684 kB
KernelStack:       30608 kB
PageTables:        56316 kB
NFS_Unstable:          0 kB
Bounce:                0 kB
WritebackTmp:          0 kB
CommitLimit:     2684136 kB
Committed_AS:   147094992 kB
VmallocTotal:   251658176 kB
VmallocUsed:      339276 kB
VmallocChunk:   247561408 kB
Time pass: 250 sec

---2015-11-23 11:25:36
MemTotal:        2746844 kB
MemFree:           79204 kB
Buffers:           10772 kB
Cached:           707532 kB
SwapCached:         1676 kB
Active:           797104 kB
Inactive:         769424 kB
Active(anon):     431580 kB
Inactive(anon):   437344 kB
Active(file):     365524 kB
Inactive(file):   332080 kB
Unevictable:       36096 kB
Mlocked:           28124 kB
SwapTotal:       1310716 kB
SwapFree:        1247420 kB
Dirty:               112 kB
Writeback:             0 kB
AnonPages:        883112 kB
Mapped:           428820 kB
Shmem:              1336 kB
Slab:             107140 kB
SReclaimable:      31432 kB
SUnreclaim:        75708 kB
KernelStack:       30752 kB
PageTables:        56384 kB
NFS_Unstable:          0 kB
Bounce:                0 kB
WritebackTmp:          0 kB
CommitLimit:     2684136 kB
Committed_AS:   147095152 kB
VmallocTotal:   251658176 kB
VmallocUsed:      339276 kB
VmallocChunk:   247561408 kB
Time pass: 253 sec

---2015-11-23 11:25:36
MemTotal:        2746844 kB
MemFree:           78096 kB
Buffers:           10808 kB
Cached:           707544 kB
SwapCached:         1676 kB
Active:           798400 kB
Inactive:         769464 kB
Active(anon):     432876 kB
Inactive(anon):   437340 kB
Active(file):     365524 kB
Inactive(file):   332124 kB
Unevictable:       36096 kB
Mlocked:           28124 kB
SwapTotal:       1310716 kB
SwapFree:        1247420 kB
Dirty:                76 kB
Writeback:             0 kB
AnonPages:        884060 kB
Mapped:           428868 kB
Shmem:              1340 kB
Slab:             107156 kB
SReclaimable:      31432 kB
SUnreclaim:        75724 kB
KernelStack:       30752 kB
PageTables:        56388 kB
NFS_Unstable:          0 kB
Bounce:                0 kB
WritebackTmp:          0 kB
CommitLimit:     2684136 kB
Committed_AS:   147099296 kB
VmallocTotal:   251658176 kB
VmallocUsed:      339276 kB
VmallocChunk:   247561408 kB
Time pass: 257 sec

---2015-11-23 11:25:36
MemTotal:        2746844 kB
MemFree:           75648 kB
Buffers:           10808 kB
Cached:           707628 kB
SwapCached:         1676 kB
Active:           799984 kB
Inactive:         769544 kB
Active(anon):     434460 kB
Inactive(anon):   437420 kB
Active(file):     365524 kB
Inactive(file):   332124 kB
Unevictable:       36096 kB
Mlocked:           28124 kB
SwapTotal:       1310716 kB
SwapFree:        1247420 kB
Dirty:                76 kB
Writeback:             0 kB
AnonPages:        885576 kB
Mapped:           429092 kB
Shmem:              1424 kB
Slab:             107148 kB
SReclaimable:      31432 kB
SUnreclaim:        75716 kB
KernelStack:       30752 kB
PageTables:        56416 kB
NFS_Unstable:          0 kB
Bounce:                0 kB
WritebackTmp:          0 kB
CommitLimit:     2684136 kB
Committed_AS:   147099576 kB
VmallocTotal:   251658176 kB
VmallocUsed:      339276 kB
VmallocChunk:   247561408 kB
Time pass: 260 sec

---2015-11-23 11:25:36
MemTotal:        2746844 kB
MemFree:           74672 kB
Buffers:           10832 kB
Cached:           707612 kB
SwapCached:         1676 kB
Active:           800100 kB
Inactive:         769496 kB
Active(anon):     434576 kB
Inactive(anon):   437364 kB
Active(file):     365524 kB
Inactive(file):   332132 kB
Unevictable:       36096 kB
Mlocked:           28124 kB
SwapTotal:       1310716 kB
SwapFree:        1247420 kB
Dirty:                32 kB
Writeback:             0 kB
AnonPages:        885468 kB
Mapped:           429008 kB
Shmem:              1424 kB
Slab:             107108 kB
SReclaimable:      31432 kB
SUnreclaim:        75676 kB
KernelStack:       30752 kB
PageTables:        56392 kB
NFS_Unstable:          0 kB
Bounce:                0 kB
WritebackTmp:          0 kB
CommitLimit:     2684136 kB
Committed_AS:   147099648 kB
VmallocTotal:   251658176 kB
VmallocUsed:      339276 kB
VmallocChunk:   247561408 kB
Time pass: 264 sec

---2015-11-23 11:25:36
MemTotal:        2746844 kB
MemFree:           83656 kB
Buffers:           10832 kB
Cached:           707628 kB
SwapCached:         1676 kB
Active:           792156 kB
Inactive:         769484 kB
Active(anon):     426632 kB
Inactive(anon):   437336 kB
Active(file):     365524 kB
Inactive(file):   332148 kB
Unevictable:       36096 kB
Mlocked:           28124 kB
SwapTotal:       1310716 kB
SwapFree:        1247420 kB
Dirty:                 8 kB
Writeback:             0 kB
AnonPages:        877684 kB
Mapped:           422172 kB
Shmem:              1424 kB
Slab:             107148 kB
SReclaimable:      31432 kB
SUnreclaim:        75716 kB
KernelStack:       30080 kB
PageTables:        55868 kB
NFS_Unstable:          0 kB
Bounce:                0 kB
WritebackTmp:          0 kB
CommitLimit:     2684136 kB
Committed_AS:   145836380 kB
VmallocTotal:   251658176 kB
VmallocUsed:      338256 kB
VmallocChunk:   247561408 kB
Time pass: 267 sec

---2015-11-23 11:25:36
MemTotal:        2746844 kB
MemFree:           73668 kB
Buffers:           10848 kB
Cached:           707920 kB
SwapCached:         1676 kB
Active:           801860 kB
Inactive:         769784 kB
Active(anon):     436340 kB
Inactive(anon):   437388 kB
Active(file):     365520 kB
Inactive(file):   332396 kB
Unevictable:       36096 kB
Mlocked:           28124 kB
SwapTotal:       1310716 kB
SwapFree:        1247420 kB
Dirty:                88 kB
Writeback:             0 kB
AnonPages:        887644 kB
Mapped:           429076 kB
Shmem:              1488 kB
Slab:             107164 kB
SReclaimable:      31432 kB
SUnreclaim:        75732 kB
KernelStack:       30752 kB
PageTables:        56396 kB
NFS_Unstable:          0 kB
Bounce:                0 kB
WritebackTmp:          0 kB
CommitLimit:     2684136 kB
Committed_AS:   147098064 kB
VmallocTotal:   251658176 kB
VmallocUsed:      339276 kB
VmallocChunk:   247561408 kB
Time pass: 271 sec

---2015-11-23 11:25:36
MemTotal:        2746844 kB
MemFree:           76792 kB
Buffers:           10856 kB
Cached:           707984 kB
SwapCached:         1676 kB
Active:           797288 kB
Inactive:         769820 kB
Active(anon):     431764 kB
Inactive(anon):   437368 kB
Active(file):     365524 kB
Inactive(file):   332452 kB
Unevictable:       36096 kB
Mlocked:           28124 kB
SwapTotal:       1310716 kB
SwapFree:        1247420 kB
Dirty:                76 kB
Writeback:             0 kB
AnonPages:        882808 kB
Mapped:           429144 kB
Shmem:              1488 kB
Slab:             107164 kB
SReclaimable:      31432 kB
SUnreclaim:        75732 kB
KernelStack:       30752 kB
PageTables:        56428 kB
NFS_Unstable:          0 kB
Bounce:                0 kB
WritebackTmp:          0 kB
CommitLimit:     2684136 kB
Committed_AS:   147098208 kB
VmallocTotal:   251658176 kB
VmallocUsed:      339276 kB
VmallocChunk:   247561408 kB
Time pass: 274 sec

---2015-11-23 11:25:36
MemTotal:        2746844 kB
MemFree:           75788 kB
Buffers:           10872 kB
Cached:           707984 kB
SwapCached:         1676 kB
Active:           798016 kB
Inactive:         769652 kB
Active(anon):     432492 kB
Inactive(anon):   437172 kB
Active(file):     365524 kB
Inactive(file):   332480 kB
Unevictable:       36096 kB
Mlocked:           28124 kB
SwapTotal:       1310716 kB
SwapFree:        1247420 kB
Dirty:                76 kB
Writeback:             0 kB
AnonPages:        883060 kB
Mapped:           429148 kB
Shmem:              1488 kB
Slab:             107160 kB
SReclaimable:      31432 kB
SUnreclaim:        75728 kB
KernelStack:       30752 kB
PageTables:        56424 kB
NFS_Unstable:          0 kB
Bounce:                0 kB
WritebackTmp:          0 kB
CommitLimit:     2684136 kB
Committed_AS:   147098224 kB
VmallocTotal:   251658176 kB
VmallocUsed:      339276 kB
VmallocChunk:   247561408 kB
Time pass: 278 sec

---2015-11-23 11:25:36
MemTotal:        2746844 kB
MemFree:           77516 kB
Buffers:           10880 kB
Cached:           708092 kB
SwapCached:         1676 kB
Active:           796724 kB
Inactive:         769300 kB
Active(anon):     431196 kB
Inactive(anon):   436712 kB
Active(file):     365528 kB
Inactive(file):   332588 kB
Unevictable:       36096 kB
Mlocked:           28124 kB
SwapTotal:       1310716 kB
SwapFree:        1247420 kB
Dirty:                 0 kB
Writeback:             0 kB
AnonPages:        881724 kB
Mapped:           429128 kB
Shmem:              1488 kB
Slab:             107164 kB
SReclaimable:      31432 kB
SUnreclaim:        75732 kB
KernelStack:       30752 kB
PageTables:        56384 kB
NFS_Unstable:          0 kB
Bounce:                0 kB
WritebackTmp:          0 kB
CommitLimit:     2684136 kB
Committed_AS:   147098624 kB
VmallocTotal:   251658176 kB
VmallocUsed:      339276 kB
VmallocChunk:   247561408 kB
Time pass: 281 sec

---2015-11-23 11:25:36
MemTotal:        2746844 kB
MemFree:           93468 kB
Buffers:           10896 kB
Cached:           708100 kB
SwapCached:         1676 kB
Active:           781328 kB
Inactive:         769076 kB
Active(anon):     415800 kB
Inactive(anon):   436460 kB
Active(file):     365528 kB
Inactive(file):   332616 kB
Unevictable:       36096 kB
Mlocked:           28124 kB
SwapTotal:       1310716 kB
SwapFree:        1247420 kB
Dirty:                60 kB
Writeback:             0 kB
AnonPages:        865940 kB
Mapped:           422196 kB
Shmem:              1488 kB
Slab:             107156 kB
SReclaimable:      31432 kB
SUnreclaim:        75724 kB
KernelStack:       30096 kB
PageTables:        55804 kB
NFS_Unstable:          0 kB
Bounce:                0 kB
WritebackTmp:          0 kB
CommitLimit:     2684136 kB
Committed_AS:   145835384 kB
VmallocTotal:   251658176 kB
VmallocUsed:      338256 kB
VmallocChunk:   247561408 kB
Time pass: 285 sec

---2015-11-23 11:25:36
MemTotal:        2746844 kB
MemFree:           84544 kB
Buffers:           10896 kB
Cached:           708092 kB
SwapCached:         1676 kB
Active:           791352 kB
Inactive:         769072 kB
Active(anon):     425816 kB
Inactive(anon):   436460 kB
Active(file):     365536 kB
Inactive(file):   332612 kB
Unevictable:       36096 kB
Mlocked:           28124 kB
SwapTotal:       1310716 kB
SwapFree:        1247420 kB
Dirty:                 8 kB
Writeback:             0 kB
AnonPages:        876300 kB
Mapped:           428744 kB
Shmem:              1488 kB
Slab:             107132 kB
SReclaimable:      31432 kB
SUnreclaim:        75700 kB
KernelStack:       30704 kB
PageTables:        56340 kB
NFS_Unstable:          0 kB
Bounce:                0 kB
WritebackTmp:          0 kB
CommitLimit:     2684136 kB
Committed_AS:   147097728 kB
VmallocTotal:   251658176 kB
VmallocUsed:      339276 kB
VmallocChunk:   247561408 kB
Time pass: 288 sec

---2015-11-23 11:25:36
MemTotal:        2746844 kB
MemFree:           82516 kB
Buffers:           10920 kB
Cached:           708084 kB
SwapCached:         1676 kB
Active:           793216 kB
Inactive:         768944 kB
Active(anon):     427692 kB
Inactive(anon):   436312 kB
Active(file):     365524 kB
Inactive(file):   332632 kB
Unevictable:       36096 kB
Mlocked:           28124 kB
SwapTotal:       1310716 kB
SwapFree:        1247420 kB
Dirty:               100 kB
Writeback:             0 kB
AnonPages:        877848 kB
Mapped:           429216 kB
Shmem:              1488 kB
Slab:             107132 kB
SReclaimable:      31432 kB
SUnreclaim:        75700 kB
KernelStack:       30752 kB
PageTables:        56452 kB
NFS_Unstable:          0 kB
Bounce:                0 kB
WritebackTmp:          0 kB
CommitLimit:     2684136 kB
Committed_AS:   147102344 kB
VmallocTotal:   251658176 kB
VmallocUsed:      339276 kB
VmallocChunk:   247561408 kB
Time pass: 292 sec

---2015-11-23 11:25:36
MemTotal:        2746844 kB
MemFree:           81496 kB
Buffers:           10920 kB
Cached:           708100 kB
SwapCached:         1676 kB
Active:           793708 kB
Inactive:         768884 kB
Active(anon):     428180 kB
Inactive(anon):   436244 kB
Active(file):     365528 kB
Inactive(file):   332640 kB
Unevictable:       36096 kB
Mlocked:           28124 kB
SwapTotal:       1310716 kB
SwapFree:        1247420 kB
Dirty:                 0 kB
Writeback:             0 kB
AnonPages:        878056 kB
Mapped:           429152 kB
Shmem:              1488 kB
Slab:             107140 kB
SReclaimable:      31432 kB
SUnreclaim:        75708 kB
KernelStack:       30768 kB
PageTables:        56424 kB
NFS_Unstable:          0 kB
Bounce:                0 kB
WritebackTmp:          0 kB
CommitLimit:     2684136 kB
Committed_AS:   147102376 kB
VmallocTotal:   251658176 kB
VmallocUsed:      339276 kB
VmallocChunk:   247561408 kB
Time pass: 295 sec

---2015-11-23 11:25:36
MemTotal:        2746844 kB
MemFree:           80928 kB
Buffers:           10936 kB
Cached:           708112 kB
SwapCached:         1676 kB
Active:           794576 kB
Inactive:         768868 kB
Active(anon):     429048 kB
Inactive(anon):   436212 kB
Active(file):     365528 kB
Inactive(file):   332656 kB
Unevictable:       36096 kB
Mlocked:           28124 kB
SwapTotal:       1310716 kB
SwapFree:        1247420 kB
Dirty:                52 kB
Writeback:             0 kB
AnonPages:        879072 kB
Mapped:           429140 kB
Shmem:              1500 kB
Slab:             107156 kB
SReclaimable:      31432 kB
SUnreclaim:        75724 kB
KernelStack:       30768 kB
PageTables:        56396 kB
NFS_Unstable:          0 kB
Bounce:                0 kB
WritebackTmp:          0 kB
CommitLimit:     2684136 kB
Committed_AS:   147102680 kB
VmallocTotal:   251658176 kB
VmallocUsed:      339276 kB
VmallocChunk:   247561408 kB
Time pass: 299 sec

---2015-11-23 11:25:36
MemTotal:        2746844 kB
MemFree:           81324 kB
Buffers:           10944 kB
Cached:           708112 kB
SwapCached:         1676 kB
Active:           795096 kB
Inactive:         768864 kB
Active(anon):     429568 kB
Inactive(anon):   436200 kB
Active(file):     365528 kB
Inactive(file):   332664 kB
Unevictable:       36096 kB
Mlocked:           28124 kB
SwapTotal:       1310716 kB
SwapFree:        1247420 kB
Dirty:                52 kB
Writeback:             0 kB
AnonPages:        879620 kB
Mapped:           429144 kB
Shmem:              1500 kB
Slab:             107140 kB
SReclaimable:      31432 kB
SUnreclaim:        75708 kB
KernelStack:       30768 kB
PageTables:        56396 kB
NFS_Unstable:          0 kB
Bounce:                0 kB
WritebackTmp:          0 kB
CommitLimit:     2684136 kB
Committed_AS:   147102752 kB
VmallocTotal:   251658176 kB
VmallocUsed:      339276 kB
VmallocChunk:   247561408 kB
Time pass: 302 sec

---2015-11-23 11:25:36
MemTotal:        2746844 kB
MemFree:           90056 kB
Buffers:           10960 kB
Cached:           708112 kB
SwapCached:         1676 kB
Active:           787184 kB
Inactive:         768880 kB
Active(anon):     421656 kB
Inactive(anon):   436200 kB
Active(file):     365528 kB
Inactive(file):   332680 kB
Unevictable:       36096 kB
Mlocked:           28124 kB
SwapTotal:       1310716 kB
SwapFree:        1247420 kB
Dirty:                60 kB
Writeback:             0 kB
AnonPages:        871640 kB
Mapped:           422208 kB
Shmem:              1500 kB
Slab:             107136 kB
SReclaimable:      31432 kB
SUnreclaim:        75704 kB
KernelStack:       30080 kB
PageTables:        55820 kB
NFS_Unstable:          0 kB
Bounce:                0 kB
WritebackTmp:          0 kB
CommitLimit:     2684136 kB
Committed_AS:   145839444 kB
VmallocTotal:   251658176 kB
VmallocUsed:      338256 kB
VmallocChunk:   247561408 kB
Time pass: 306 sec

---2015-11-23 11:25:36
MemTotal:        2746844 kB
MemFree:           78176 kB
Buffers:           10968 kB
Cached:           708104 kB
SwapCached:         1676 kB
Active:           799164 kB
Inactive:         768816 kB
Active(anon):     433628 kB
Inactive(anon):   436144 kB
Active(file):     365536 kB
Inactive(file):   332672 kB
Unevictable:       36096 kB
Mlocked:           28124 kB
SwapTotal:       1310716 kB
SwapFree:        1247420 kB
Dirty:                96 kB
Writeback:             0 kB
AnonPages:        883884 kB
Mapped:           429048 kB
Shmem:              1500 kB
Slab:             107152 kB
SReclaimable:      31432 kB
SUnreclaim:        75720 kB
KernelStack:       30720 kB
PageTables:        56396 kB
NFS_Unstable:          0 kB
Bounce:                0 kB
WritebackTmp:          0 kB
CommitLimit:     2684136 kB
Committed_AS:   147102244 kB
VmallocTotal:   251658176 kB
VmallocUsed:      339276 kB
VmallocChunk:   247561408 kB
Time pass: 309 sec

---2015-11-23 11:25:36
MemTotal:        2746844 kB
MemFree:           77324 kB
Buffers:           10984 kB
Cached:           708112 kB
SwapCached:         1676 kB
Active:           800368 kB
Inactive:         768776 kB
Active(anon):     434840 kB
Inactive(anon):   436080 kB
Active(file):     365528 kB
Inactive(file):   332696 kB
Unevictable:       36096 kB
Mlocked:           28124 kB
SwapTotal:       1310716 kB
SwapFree:        1247420 kB
Dirty:               112 kB
Writeback:             0 kB
AnonPages:        884604 kB
Mapped:           429076 kB
Shmem:              1500 kB
Slab:             107136 kB
SReclaimable:      31432 kB
SUnreclaim:        75704 kB
KernelStack:       30752 kB
PageTables:        56416 kB
NFS_Unstable:          0 kB
Bounce:                0 kB
WritebackTmp:          0 kB
CommitLimit:     2684136 kB
Committed_AS:   147102420 kB
VmallocTotal:   251658176 kB
VmallocUsed:      339276 kB
VmallocChunk:   247561408 kB
Time pass: 313 sec

---2015-11-23 11:25:36
MemTotal:        2746844 kB
MemFree:           74400 kB
Buffers:           11028 kB
Cached:           708132 kB
SwapCached:         1676 kB
Active:           802736 kB
Inactive:         768764 kB
Active(anon):     437208 kB
Inactive(anon):   436028 kB
Active(file):     365528 kB
Inactive(file):   332736 kB
Unevictable:       36096 kB
Mlocked:           28124 kB
SwapTotal:       1310716 kB
SwapFree:        1247420 kB
Dirty:                 0 kB
Writeback:             0 kB
AnonPages:        886428 kB
Mapped:           429168 kB
Shmem:              1532 kB
Slab:             107160 kB
SReclaimable:      31432 kB
SUnreclaim:        75728 kB
KernelStack:       30752 kB
PageTables:        56416 kB
NFS_Unstable:          0 kB
Bounce:                0 kB
WritebackTmp:          0 kB
CommitLimit:     2684136 kB
Committed_AS:   147102720 kB
VmallocTotal:   251658176 kB
VmallocUsed:      339276 kB
VmallocChunk:   247561408 kB
Time pass: 319 sec

---2015-11-23 11:25:36
MemTotal:        2746844 kB
MemFree:           83212 kB
Buffers:           11028 kB
Cached:           708156 kB
SwapCached:         1676 kB
Active:           795296 kB
Inactive:         768788 kB
Active(anon):     429768 kB
Inactive(anon):   436036 kB
Active(file):     365528 kB
Inactive(file):   332752 kB
Unevictable:       36096 kB
Mlocked:           28124 kB
SwapTotal:       1310716 kB
SwapFree:        1247420 kB
Dirty:                64 kB
Writeback:             0 kB
AnonPages:        879396 kB
Mapped:           422248 kB
Shmem:              1540 kB
Slab:             107168 kB
SReclaimable:      31432 kB
SUnreclaim:        75736 kB
KernelStack:       30096 kB
PageTables:        55832 kB
NFS_Unstable:          0 kB
Bounce:                0 kB
WritebackTmp:          0 kB
CommitLimit:     2684136 kB
Committed_AS:   145839516 kB
VmallocTotal:   251658176 kB
VmallocUsed:      338256 kB
VmallocChunk:   247561408 kB
Time pass: 323 sec

---2015-11-23 11:25:36
MemTotal:        2746844 kB
MemFree:           72832 kB
Buffers:           11036 kB
Cached:           708156 kB
SwapCached:         1676 kB
Active:           806216 kB
Inactive:         768780 kB
Active(anon):     440672 kB
Inactive(anon):   436036 kB
Active(file):     365544 kB
Inactive(file):   332744 kB
Unevictable:       36096 kB
Mlocked:           28124 kB
SwapTotal:       1310716 kB
SwapFree:        1247420 kB
Dirty:                56 kB
Writeback:             0 kB
AnonPages:        890316 kB
Mapped:           428380 kB
Shmem:              1540 kB
Slab:             107152 kB
SReclaimable:      31432 kB
SUnreclaim:        75720 kB
KernelStack:       30288 kB
PageTables:        56308 kB
NFS_Unstable:          0 kB
Bounce:                0 kB
WritebackTmp:          0 kB
CommitLimit:     2684136 kB
Committed_AS:   147101720 kB
VmallocTotal:   251658176 kB
VmallocUsed:      339276 kB
VmallocChunk:   247561408 kB
Time pass: 326 sec

---2015-11-23 11:25:36
MemTotal:        2746844 kB
MemFree:           69736 kB
Buffers:           11052 kB
Cached:           708148 kB
SwapCached:         1676 kB
Active:           808052 kB
Inactive:         768780 kB
Active(anon):     442512 kB
Inactive(anon):   436016 kB
Active(file):     365540 kB
Inactive(file):   332764 kB
Unevictable:       36096 kB
Mlocked:           28124 kB
SwapTotal:       1310716 kB
SwapFree:        1247420 kB
Dirty:                88 kB
Writeback:             0 kB
AnonPages:        892288 kB
Mapped:           428904 kB
Shmem:              1540 kB
Slab:             107216 kB
SReclaimable:      31432 kB
SUnreclaim:        75784 kB
KernelStack:       30656 kB
PageTables:        56380 kB
NFS_Unstable:          0 kB
Bounce:                0 kB
WritebackTmp:          0 kB
CommitLimit:     2684136 kB
Committed_AS:   147102404 kB
VmallocTotal:   251658176 kB
VmallocUsed:      339276 kB
VmallocChunk:   247561408 kB
Time pass: 330 sec

---2015-11-23 11:25:36
MemTotal:        2746844 kB
MemFree:           69160 kB
Buffers:           11068 kB
Cached:           708156 kB
SwapCached:         1676 kB
Active:           808460 kB
Inactive:         768768 kB
Active(anon):     442932 kB
Inactive(anon):   435976 kB
Active(file):     365528 kB
Inactive(file):   332792 kB
Unevictable:       36096 kB
Mlocked:           28124 kB
SwapTotal:       1310716 kB
SwapFree:        1247420 kB
Dirty:                52 kB
Writeback:             0 kB
AnonPages:        892868 kB
Mapped:           429120 kB
Shmem:              1540 kB
Slab:             107248 kB
SReclaimable:      31432 kB
SUnreclaim:        75816 kB
KernelStack:       30736 kB
PageTables:        56416 kB
NFS_Unstable:          0 kB
Bounce:                0 kB
WritebackTmp:          0 kB
CommitLimit:     2684136 kB
Committed_AS:   147102440 kB
VmallocTotal:   251658176 kB
VmallocUsed:      339276 kB
VmallocChunk:   247561408 kB
Time pass: 333 sec

---2015-11-23 11:25:36
MemTotal:        2746844 kB
MemFree:           67876 kB
Buffers:           11068 kB
Cached:           708156 kB
SwapCached:         1676 kB
Active:           809468 kB
Inactive:         768768 kB
Active(anon):     443940 kB
Inactive(anon):   435976 kB
Active(file):     365528 kB
Inactive(file):   332792 kB
Unevictable:       36096 kB
Mlocked:           28124 kB
SwapTotal:       1310716 kB
SwapFree:        1247420 kB
Dirty:                52 kB
Writeback:             0 kB
AnonPages:        893888 kB
Mapped:           429208 kB
Shmem:              1540 kB
Slab:             107248 kB
SReclaimable:      31432 kB
SUnreclaim:        75816 kB
KernelStack:       30736 kB
PageTables:        56448 kB
NFS_Unstable:          0 kB
Bounce:                0 kB
WritebackTmp:          0 kB
CommitLimit:     2684136 kB
Committed_AS:   147102808 kB
VmallocTotal:   251658176 kB
VmallocUsed:      339276 kB
VmallocChunk:   247561408 kB
Time pass: 337 sec

---2015-11-23 11:25:36
MemTotal:        2746844 kB
MemFree:           66320 kB
Buffers:           11084 kB
Cached:           708156 kB
SwapCached:         1676 kB
Active:           810312 kB
Inactive:         768776 kB
Active(anon):     444784 kB
Inactive(anon):   435976 kB
Active(file):     365528 kB
Inactive(file):   332800 kB
Unevictable:       36096 kB
Mlocked:           28124 kB
SwapTotal:       1310716 kB
SwapFree:        1247420 kB
Dirty:                32 kB
Writeback:             0 kB
AnonPages:        894640 kB
Mapped:           429260 kB
Shmem:              1540 kB
Slab:             107248 kB
SReclaimable:      31432 kB
SUnreclaim:        75816 kB
KernelStack:       30736 kB
PageTables:        56452 kB
NFS_Unstable:          0 kB
Bounce:                0 kB
WritebackTmp:          0 kB
CommitLimit:     2684136 kB
Committed_AS:   147102872 kB
VmallocTotal:   251658176 kB
VmallocUsed:      339276 kB
VmallocChunk:   247561408 kB
Time pass: 340 sec

---2015-11-23 11:25:36
MemTotal:        2746844 kB
MemFree:           75696 kB
Buffers:           11100 kB
Cached:           708140 kB
SwapCached:         1676 kB
Active:           802640 kB
Inactive:         768784 kB
Active(anon):     437112 kB
Inactive(anon):   435976 kB
Active(file):     365528 kB
Inactive(file):   332808 kB
Unevictable:       36096 kB
Mlocked:           28124 kB
SwapTotal:       1310716 kB
SwapFree:        1247656 kB
Dirty:                12 kB
Writeback:             0 kB
AnonPages:        886916 kB
Mapped:           422248 kB
Shmem:              1540 kB
Slab:             107216 kB
SReclaimable:      31432 kB
SUnreclaim:        75784 kB
KernelStack:       30080 kB
PageTables:        55844 kB
NFS_Unstable:          0 kB
Bounce:                0 kB
WritebackTmp:          0 kB
CommitLimit:     2684136 kB
Committed_AS:   145831136 kB
VmallocTotal:   251658176 kB
VmallocUsed:      338256 kB
VmallocChunk:   247561408 kB
Time pass: 344 sec

---2015-11-23 11:25:36
MemTotal:        2746844 kB
MemFree:           65388 kB
Buffers:           11092 kB
Cached:           707304 kB
SwapCached:         1676 kB
Active:           806084 kB
Inactive:         774508 kB
Active(anon):     442312 kB
Inactive(anon):   440560 kB
Active(file):     363772 kB
Inactive(file):   333948 kB
Unevictable:       36096 kB
Mlocked:           28124 kB
SwapTotal:       1310716 kB
SwapFree:        1245552 kB
Dirty:                76 kB
Writeback:             0 kB
AnonPages:        897180 kB
Mapped:           429220 kB
Shmem:              1540 kB
Slab:             107232 kB
SReclaimable:      31432 kB
SUnreclaim:        75800 kB
KernelStack:       30704 kB
PageTables:        56392 kB
NFS_Unstable:          0 kB
Bounce:                0 kB
WritebackTmp:          0 kB
CommitLimit:     2684136 kB
Committed_AS:   147093972 kB
VmallocTotal:   251658176 kB
VmallocUsed:      339276 kB
VmallocChunk:   247561408 kB
Time pass: 347 sec

---2015-11-23 11:25:36
MemTotal:        2746844 kB
MemFree:           76900 kB
Buffers:           11100 kB
Cached:           707304 kB
SwapCached:         1680 kB
Active:           793400 kB
Inactive:         774324 kB
Active(anon):     429628 kB
Inactive(anon):   440368 kB
Active(file):     363772 kB
Inactive(file):   333956 kB
Unevictable:       36096 kB
Mlocked:           28124 kB
SwapTotal:       1310716 kB
SwapFree:        1245552 kB
Dirty:                92 kB
Writeback:             0 kB
AnonPages:        884024 kB
Mapped:           429316 kB
Shmem:              1540 kB
Slab:             107212 kB
SReclaimable:      31432 kB
SUnreclaim:        75780 kB
KernelStack:       30720 kB
PageTables:        56424 kB
NFS_Unstable:          0 kB
Bounce:                0 kB
WritebackTmp:          0 kB
CommitLimit:     2684136 kB
Committed_AS:   147094116 kB
VmallocTotal:   251658176 kB
VmallocUsed:      339276 kB
VmallocChunk:   247561408 kB
Time pass: 351 sec

---2015-11-23 11:25:36
MemTotal:        2746844 kB
MemFree:           79788 kB
Buffers:           11116 kB
Cached:           707140 kB
SwapCached:         1680 kB
Active:           789900 kB
Inactive:         774280 kB
Active(anon):     426312 kB
Inactive(anon):   440516 kB
Active(file):     363588 kB
Inactive(file):   333764 kB
Unevictable:       36096 kB
Mlocked:           28124 kB
SwapTotal:       1310716 kB
SwapFree:        1245552 kB
Dirty:                 0 kB
Writeback:             0 kB
AnonPages:        880160 kB
Mapped:           429376 kB
Shmem:              1540 kB
Slab:             107224 kB
SReclaimable:      31432 kB
SUnreclaim:        75792 kB
KernelStack:       30736 kB
