---2015-12-16 15:34:01
MemTotal:        2905316 kB
MemFree:           75340 kB
Buffers:           29024 kB
Cached:          1468472 kB
SwapCached:            0 kB
Active:          1271408 kB
Inactive:        1069060 kB
Active(anon):     730384 kB
Inactive(anon):   150788 kB
Active(file):     541024 kB
Inactive(file):   918272 kB
Unevictable:        7488 kB
Mlocked:               0 kB
SwapTotal:        720184 kB
SwapFree:         720184 kB
Dirty:               472 kB
Writeback:             0 kB
AnonPages:        850076 kB
Mapped:           549536 kB
Shmem:             30712 kB
Slab:             112560 kB
SReclaimable:      36580 kB
SUnreclaim:        75980 kB
KernelStack:       32496 kB
PageTables:        55408 kB
NFS_Unstable:          0 kB
Bounce:                0 kB
WritebackTmp:          0 kB
CommitLimit:     2172840 kB
Committed_AS:   93188332 kB
VmallocTotal:   251658176 kB
VmallocUsed:      136720 kB
VmallocChunk:   251428908 kB
Time pass: 3 sec

---2015-12-16 15:34:01
MemTotal:        2905316 kB
MemFree:           72848 kB
Buffers:           29180 kB
Cached:          1467564 kB
SwapCached:            0 kB
Active:          1282404 kB
Inactive:        1064980 kB
Active(anon):     736820 kB
Inactive(anon):   151940 kB
Active(file):     545584 kB
Inactive(file):   913040 kB
Unevictable:        7488 kB
Mlocked:               0 kB
SwapTotal:        720184 kB
SwapFree:         720184 kB
Dirty:               868 kB
Writeback:           220 kB
AnonPages:        858204 kB
Mapped:           503584 kB
Shmem:             30584 kB
Slab:             112880 kB
SReclaimable:      36868 kB
SUnreclaim:        76012 kB
KernelStack:       30960 kB
PageTables:        54520 kB
NFS_Unstable:          0 kB
Bounce:                0 kB
WritebackTmp:          0 kB
CommitLimit:     2172840 kB
Committed_AS:   90667916 kB
VmallocTotal:   251658176 kB
VmallocUsed:      134544 kB
VmallocChunk:   251418668 kB
Time pass: 7 sec

---2015-12-16 15:34:01
MemTotal:        2905316 kB
MemFree:          102816 kB
Buffers:           29204 kB
Cached:          1467612 kB
SwapCached:            0 kB
Active:          1252432 kB
Inactive:        1065064 kB
Active(anon):     706812 kB
Inactive(anon):   151940 kB
Active(file):     545620 kB
Inactive(file):   913124 kB
Unevictable:        7488 kB
Mlocked:               0 kB
SwapTotal:        720184 kB
SwapFree:         720184 kB
Dirty:               200 kB
Writeback:             0 kB
AnonPages:        828128 kB
Mapped:           500304 kB
Shmem:             30584 kB
Slab:             112880 kB
SReclaimable:      36868 kB
SUnreclaim:        76012 kB
KernelStack:       30832 kB
PageTables:        54064 kB
NFS_Unstable:          0 kB
Bounce:                0 kB
WritebackTmp:          0 kB
CommitLimit:     2172840 kB
Committed_AS:   89942080 kB
VmallocTotal:   251658176 kB
VmallocUsed:      133524 kB
VmallocChunk:   251418668 kB
Time pass: 11 sec

---2015-12-16 15:34:01
MemTotal:        2905316 kB
MemFree:          100280 kB
Buffers:           29212 kB
Cached:          1469428 kB
SwapCached:            0 kB
Active:          1254088 kB
Inactive:        1066768 kB
Active(anon):     708440 kB
Inactive(anon):   151936 kB
Active(file):     545648 kB
Inactive(file):   914832 kB
Unevictable:        7488 kB
Mlocked:               0 kB
SwapTotal:        720184 kB
SwapFree:         720184 kB
Dirty:               104 kB
Writeback:             0 kB
AnonPages:        829928 kB
Mapped:           500824 kB
Shmem:             30580 kB
Slab:             112676 kB
SReclaimable:      36868 kB
SUnreclaim:        75808 kB
KernelStack:       30672 kB
PageTables:        54200 kB
NFS_Unstable:          0 kB
Bounce:                0 kB
WritebackTmp:          0 kB
CommitLimit:     2172840 kB
Committed_AS:   89943204 kB
VmallocTotal:   251658176 kB
VmallocUsed:      133524 kB
VmallocChunk:   251418668 kB
Time pass: 15 sec

---2015-12-16 15:34:01
MemTotal:        2905316 kB
MemFree:          115600 kB
Buffers:           29204 kB
Cached:          1435404 kB
SwapCached:            0 kB
Active:          1252388 kB
Inactive:        1030976 kB
Active(anon):     702828 kB
Inactive(anon):   153984 kB
Active(file):     549560 kB
Inactive(file):   876992 kB
Unevictable:        7488 kB
Mlocked:               0 kB
SwapTotal:        720184 kB
SwapFree:         720184 kB
Dirty:               152 kB
Writeback:             0 kB
AnonPages:        826332 kB
Mapped:           506540 kB
Shmem:             30580 kB
Slab:             112100 kB
SReclaimable:      36100 kB
SUnreclaim:        76000 kB
KernelStack:       30800 kB
PageTables:        54788 kB
NFS_Unstable:          0 kB
Bounce:                0 kB
WritebackTmp:          0 kB
CommitLimit:     2172840 kB
Committed_AS:   90715672 kB
VmallocTotal:   251658176 kB
VmallocUsed:      134420 kB
VmallocChunk:   251418668 kB
Time pass: 19 sec

---2015-12-16 15:34:01
MemTotal:        2905316 kB
MemFree:           71480 kB
Buffers:           26372 kB
Cached:          1268300 kB
SwapCached:            0 kB
Active:          1332200 kB
Inactive:         868016 kB
Active(anon):     764768 kB
Inactive(anon):   179604 kB
Active(file):     567432 kB
Inactive(file):   688412 kB
Unevictable:        7488 kB
Mlocked:               0 kB
SwapTotal:        720184 kB
SwapFree:         720184 kB
Dirty:              1560 kB
Writeback:             0 kB
AnonPages:        914068 kB
Mapped:           573408 kB
Shmem:             30848 kB
Slab:             112896 kB
SReclaimable:      36244 kB
SUnreclaim:        76652 kB
KernelStack:       32800 kB
PageTables:        57560 kB
NFS_Unstable:          0 kB
Bounce:                0 kB
WritebackTmp:          0 kB
CommitLimit:     2172840 kB
Committed_AS:   94529196 kB
VmallocTotal:   251658176 kB
VmallocUsed:      137932 kB
VmallocChunk:   251418668 kB
Time pass: 22 sec

---2015-12-16 15:34:01
MemTotal:        2905316 kB
MemFree:           76200 kB
Buffers:           23936 kB
Cached:          1190332 kB
SwapCached:            0 kB
Active:          1315956 kB
Inactive:         786336 kB
Active(anon):     736612 kB
Inactive(anon):   189820 kB
Active(file):     579344 kB
Inactive(file):   596516 kB
Unevictable:        7488 kB
Mlocked:               0 kB
SwapTotal:        720184 kB
SwapFree:         720184 kB
Dirty:               704 kB
Writeback:             0 kB
AnonPages:        895588 kB
Mapped:           625520 kB
Shmem:             30848 kB
Slab:             114128 kB
SReclaimable:      37024 kB
SUnreclaim:        77104 kB
KernelStack:       33632 kB
PageTables:        56268 kB
NFS_Unstable:          0 kB
Bounce:                0 kB
WritebackTmp:          0 kB
CommitLimit:     2172840 kB
Committed_AS:   90784164 kB
VmallocTotal:   251658176 kB
VmallocUsed:      135436 kB
VmallocChunk:   251418668 kB
Time pass: 26 sec

---2015-12-16 15:34:01
MemTotal:        2905316 kB
MemFree:           88756 kB
Buffers:           23956 kB
Cached:          1190492 kB
SwapCached:            0 kB
Active:          1302788 kB
Inactive:         786564 kB
Active(anon):     723428 kB
Inactive(anon):   189820 kB
Active(file):     579360 kB
Inactive(file):   596744 kB
Unevictable:        7488 kB
Mlocked:               0 kB
SwapTotal:        720184 kB
SwapFree:         720184 kB
Dirty:               188 kB
Writeback:             0 kB
AnonPages:        882508 kB
Mapped:           626600 kB
Shmem:             30852 kB
Slab:             114348 kB
SReclaimable:      37152 kB
SUnreclaim:        77196 kB
KernelStack:       33616 kB
PageTables:        56368 kB
NFS_Unstable:          0 kB
Bounce:                0 kB
WritebackTmp:          0 kB
CommitLimit:     2172840 kB
Committed_AS:   90781664 kB
VmallocTotal:   251658176 kB
VmallocUsed:      135436 kB
VmallocChunk:   251418668 kB
Time pass: 30 sec

---2015-12-16 15:34:01
MemTotal:        2905316 kB
MemFree:           80996 kB
Buffers:           23964 kB
Cached:          1191720 kB
SwapCached:            0 kB
Active:          1309564 kB
Inactive:         787844 kB
Active(anon):     730184 kB
Inactive(anon):   189820 kB
Active(file):     579380 kB
Inactive(file):   598024 kB
Unevictable:        7488 kB
Mlocked:               0 kB
SwapTotal:        720184 kB
SwapFree:         720184 kB
Dirty:                 0 kB
Writeback:           112 kB
AnonPages:        889272 kB
Mapped:           627436 kB
Shmem:             30848 kB
Slab:             114280 kB
SReclaimable:      37152 kB
SUnreclaim:        77128 kB
KernelStack:       33600 kB
PageTables:        56396 kB
NFS_Unstable:          0 kB
Bounce:                0 kB
WritebackTmp:          0 kB
CommitLimit:     2172840 kB
Committed_AS:   90782216 kB
VmallocTotal:   251658176 kB
VmallocUsed:      135436 kB
VmallocChunk:   251418668 kB
Time pass: 33 sec

---2015-12-16 15:34:01
MemTotal:        2905316 kB
MemFree:           74716 kB
Buffers:           24204 kB
Cached:          1183192 kB
SwapCached:            0 kB
Active:          1321004 kB
Inactive:         778924 kB
Active(anon):     740960 kB
Inactive(anon):   189820 kB
Active(file):     580044 kB
Inactive(file):   589104 kB
Unevictable:        7488 kB
Mlocked:               0 kB
SwapTotal:        720184 kB
SwapFree:         720184 kB
Dirty:               520 kB
Writeback:             0 kB
AnonPages:        900120 kB
Mapped:           630796 kB
Shmem:             30848 kB
Slab:             111612 kB
SReclaimable:      34336 kB
SUnreclaim:        77276 kB
KernelStack:       33872 kB
PageTables:        56204 kB
NFS_Unstable:          0 kB
Bounce:                0 kB
WritebackTmp:          0 kB
CommitLimit:     2172840 kB
Committed_AS:   90786208 kB
VmallocTotal:   251658176 kB
VmallocUsed:      135556 kB
VmallocChunk:   251418668 kB
Time pass: 37 sec

---2015-12-16 15:34:01
MemTotal:        2905316 kB
MemFree:           72644 kB
Buffers:           24760 kB
Cached:          1173060 kB
SwapCached:            0 kB
Active:          1323796 kB
Inactive:         767908 kB
Active(anon):     745536 kB
Inactive(anon):   189824 kB
Active(file):     578260 kB
Inactive(file):   578084 kB
Unevictable:       10616 kB
Mlocked:               0 kB
SwapTotal:        720184 kB
SwapFree:         720184 kB
Dirty:              1120 kB
Writeback:             0 kB
AnonPages:        904712 kB
Mapped:           641320 kB
Shmem:             30852 kB
Slab:             114092 kB
SReclaimable:      36912 kB
SUnreclaim:        77180 kB
KernelStack:       33904 kB
PageTables:        56304 kB
NFS_Unstable:          0 kB
Bounce:                0 kB
WritebackTmp:          0 kB
CommitLimit:     2172840 kB
Committed_AS:   90788528 kB
VmallocTotal:   251658176 kB
VmallocUsed:      135632 kB
VmallocChunk:   251418668 kB
Time pass: 41 sec

---2015-12-16 15:34:01
MemTotal:        2905316 kB
MemFree:           95076 kB
Buffers:           26296 kB
Cached:          1173096 kB
SwapCached:            0 kB
Active:          1299696 kB
Inactive:         769468 kB
Active(anon):     721424 kB
Inactive(anon):   189824 kB
Active(file):     578272 kB
Inactive(file):   579644 kB
Unevictable:       10616 kB
Mlocked:               0 kB
SwapTotal:        720184 kB
SwapFree:         720184 kB
Dirty:                16 kB
Writeback:             0 kB
AnonPages:        880424 kB
Mapped:           641612 kB
Shmem:             30852 kB
Slab:             114428 kB
SReclaimable:      37072 kB
SUnreclaim:        77356 kB
KernelStack:       33840 kB
PageTables:        56332 kB
NFS_Unstable:          0 kB
Bounce:                0 kB
WritebackTmp:          0 kB
CommitLimit:     2172840 kB
Committed_AS:   90788484 kB
VmallocTotal:   251658176 kB
VmallocUsed:      135616 kB
VmallocChunk:   251418668 kB
Time pass: 45 sec

---2015-12-16 15:34:01
MemTotal:        2905316 kB
MemFree:           79960 kB
Buffers:           26276 kB
Cached:          1169704 kB
SwapCached:            0 kB
Active:          1299044 kB
Inactive:         765676 kB
Active(anon):     722288 kB
Inactive(anon):   189824 kB
Active(file):     576756 kB
Inactive(file):   575852 kB
Unevictable:       12244 kB
Mlocked:               0 kB
SwapTotal:        720184 kB
SwapFree:         720156 kB
Dirty:               876 kB
Writeback:             0 kB
AnonPages:        881316 kB
Mapped:           650692 kB
Shmem:             30852 kB
Slab:             114252 kB
SReclaimable:      37072 kB
SUnreclaim:        77180 kB
KernelStack:       33872 kB
PageTables:        56352 kB
NFS_Unstable:          0 kB
Bounce:                0 kB
WritebackTmp:          0 kB
CommitLimit:     2172840 kB
Committed_AS:   90790744 kB
VmallocTotal:   251658176 kB
VmallocUsed:      135776 kB
VmallocChunk:   251418668 kB
Time pass: 48 sec

---2015-12-16 15:34:01
MemTotal:        2905316 kB
MemFree:           70100 kB
Buffers:           26148 kB
Cached:          1163372 kB
SwapCached:            0 kB
Active:          1304380 kB
Inactive:         762576 kB
Active(anon):     731408 kB
Inactive(anon):   189464 kB
Active(file):     572972 kB
Inactive(file):   573112 kB
Unevictable:       12424 kB
Mlocked:               0 kB
SwapTotal:        720184 kB
SwapFree:         720156 kB
Dirty:              1040 kB
Writeback:             0 kB
AnonPages:        890192 kB
Mapped:           657188 kB
Shmem:             30828 kB
Slab:             112588 kB
SReclaimable:      35360 kB
SUnreclaim:        77228 kB
KernelStack:       33920 kB
PageTables:        56612 kB
NFS_Unstable:          0 kB
Bounce:                0 kB
WritebackTmp:          0 kB
CommitLimit:     2172840 kB
Committed_AS:   90809328 kB
VmallocTotal:   251658176 kB
VmallocUsed:      136032 kB
VmallocChunk:   251418668 kB
Time pass: 52 sec

---2015-12-16 15:34:01
MemTotal:        2905316 kB
MemFree:           72544 kB
Buffers:           26104 kB
Cached:          1146932 kB
SwapCached:            0 kB
Active:          1306868 kB
Inactive:         753496 kB
Active(anon):     741300 kB
Inactive(anon):   189332 kB
Active(file):     565568 kB
Inactive(file):   564164 kB
Unevictable:       12456 kB
Mlocked:               0 kB
SwapTotal:        720184 kB
SwapFree:         720156 kB
Dirty:               368 kB
Writeback:             0 kB
AnonPages:        899672 kB
Mapped:           662732 kB
Shmem:             30828 kB
Slab:             114176 kB
SReclaimable:      36972 kB
SUnreclaim:        77204 kB
KernelStack:       33936 kB
PageTables:        56716 kB
NFS_Unstable:          0 kB
Bounce:                0 kB
WritebackTmp:          0 kB
CommitLimit:     2172840 kB
Committed_AS:   90831792 kB
VmallocTotal:   251658176 kB
VmallocUsed:      136080 kB
VmallocChunk:   251418668 kB
Time pass: 56 sec

---2015-12-16 15:34:01
MemTotal:        2905316 kB
MemFree:           76264 kB
Buffers:           26136 kB
Cached:          1150700 kB
SwapCached:            0 kB
Active:          1309328 kB
Inactive:         757200 kB
Active(anon):     743688 kB
Inactive(anon):   189332 kB
Active(file):     565640 kB
Inactive(file):   567868 kB
Unevictable:       12456 kB
Mlocked:               0 kB
SwapTotal:        720184 kB
SwapFree:         720156 kB
Dirty:               320 kB
Writeback:             0 kB
AnonPages:        902372 kB
Mapped:           653200 kB
Shmem:             30828 kB
Slab:             114408 kB
SReclaimable:      37004 kB
SUnreclaim:        77404 kB
KernelStack:       34032 kB
PageTables:        56632 kB
NFS_Unstable:          0 kB
Bounce:                0 kB
WritebackTmp:          0 kB
CommitLimit:     2172840 kB
Committed_AS:   90832256 kB
VmallocTotal:   251658176 kB
VmallocUsed:      135996 kB
VmallocChunk:   251418668 kB
Time pass: 60 sec

---2015-12-16 15:34:01
MemTotal:        2905316 kB
MemFree:           76160 kB
Buffers:           26192 kB
Cached:          1150788 kB
SwapCached:            0 kB
Active:          1309704 kB
Inactive:         757316 kB
Active(anon):     743992 kB
Inactive(anon):   189332 kB
Active(file):     565712 kB
Inactive(file):   567984 kB
Unevictable:       12456 kB
Mlocked:               0 kB
SwapTotal:        720184 kB
SwapFree:         720156 kB
Dirty:                 0 kB
Writeback:           220 kB
AnonPages:        902736 kB
Mapped:           653948 kB
Shmem:             30828 kB
Slab:             114452 kB
SReclaimable:      37020 kB
SUnreclaim:        77432 kB
KernelStack:       34064 kB
PageTables:        56672 kB
NFS_Unstable:          0 kB
Bounce:                0 kB
WritebackTmp:          0 kB
CommitLimit:     2172840 kB
Committed_AS:   94269876 kB
VmallocTotal:   251658176 kB
VmallocUsed:      135996 kB
VmallocChunk:   251418668 kB
Time pass: 63 sec

---2015-12-16 15:34:01
MemTotal:        2905316 kB
MemFree:           72240 kB
Buffers:           26976 kB
Cached:          1126756 kB
SwapCached:            0 kB
Active:          1304904 kB
Inactive:         744012 kB
Active(anon):     749756 kB
Inactive(anon):   188984 kB
Active(file):     555148 kB
Inactive(file):   555028 kB
Unevictable:       12456 kB
Mlocked:               0 kB
SwapTotal:        720184 kB
SwapFree:         720156 kB
Dirty:              1952 kB
Writeback:            84 kB
AnonPages:        908032 kB
Mapped:           689044 kB
Shmem:             30828 kB
Slab:             114440 kB
SReclaimable:      37088 kB
SUnreclaim:        77352 kB
KernelStack:       34144 kB
PageTables:        56236 kB
NFS_Unstable:          0 kB
Bounce:                0 kB
WritebackTmp:          0 kB
CommitLimit:     2172840 kB
Committed_AS:   90105940 kB
VmallocTotal:   251658176 kB
VmallocUsed:      135200 kB
VmallocChunk:   251418668 kB
Time pass: 67 sec

---2015-12-16 15:34:01
MemTotal:        2905316 kB
MemFree:           71872 kB
Buffers:           26876 kB
Cached:          1119432 kB
SwapCached:            0 kB
Active:          1296252 kB
Inactive:         745192 kB
Active(anon):     748344 kB
Inactive(anon):   190072 kB
Active(file):     547908 kB
Inactive(file):   555120 kB
Unevictable:       12456 kB
Mlocked:               0 kB
SwapTotal:        720184 kB
SwapFree:         720156 kB
Dirty:              6900 kB
Writeback:             0 kB
AnonPages:        907708 kB
Mapped:           694984 kB
Shmem:             30824 kB
Slab:             114368 kB
SReclaimable:      37084 kB
SUnreclaim:        77284 kB
KernelStack:       34016 kB
PageTables:        56248 kB
NFS_Unstable:          0 kB
Bounce:                0 kB
WritebackTmp:          0 kB
CommitLimit:     2172840 kB
Committed_AS:   90132928 kB
VmallocTotal:   251658176 kB
VmallocUsed:      135284 kB
VmallocChunk:   251418668 kB
Time pass: 71 sec

---2015-12-16 15:34:01
MemTotal:        2905316 kB
MemFree:           69392 kB
Buffers:           26888 kB
Cached:          1108652 kB
SwapCached:            0 kB
Active:          1296576 kB
Inactive:         736104 kB
Active(anon):     750452 kB
Inactive(anon):   189972 kB
Active(file):     546124 kB
Inactive(file):   546132 kB
Unevictable:       12456 kB
Mlocked:               0 kB
SwapTotal:        720184 kB
SwapFree:         720156 kB
Dirty:               268 kB
Writeback:             0 kB
AnonPages:        909592 kB
Mapped:           703884 kB
Shmem:             30824 kB
Slab:             114204 kB
SReclaimable:      36924 kB
SUnreclaim:        77280 kB
KernelStack:       34000 kB
PageTables:        56280 kB
NFS_Unstable:          0 kB
Bounce:                0 kB
WritebackTmp:          0 kB
CommitLimit:     2172840 kB
Committed_AS:   90134020 kB
VmallocTotal:   251658176 kB
VmallocUsed:      135392 kB
VmallocChunk:   251418668 kB
Time pass: 75 sec

---2015-12-16 15:34:01
MemTotal:        2905316 kB
MemFree:           74920 kB
Buffers:           26888 kB
Cached:          1108660 kB
SwapCached:            0 kB
Active:          1290352 kB
Inactive:         736108 kB
Active(anon):     744220 kB
Inactive(anon):   189972 kB
Active(file):     546132 kB
Inactive(file):   546136 kB
Unevictable:       12456 kB
Mlocked:               0 kB
SwapTotal:        720184 kB
SwapFree:         720156 kB
Dirty:                56 kB
Writeback:             0 kB
AnonPages:        903488 kB
Mapped:           703900 kB
Shmem:             30824 kB
Slab:             114272 kB
SReclaimable:      36988 kB
SUnreclaim:        77284 kB
KernelStack:       34032 kB
PageTables:        56280 kB
NFS_Unstable:          0 kB
Bounce:                0 kB
WritebackTmp:          0 kB
CommitLimit:     2172840 kB
Committed_AS:   90134088 kB
VmallocTotal:   251658176 kB
VmallocUsed:      135392 kB
VmallocChunk:   251418668 kB
Time pass: 78 sec

---2015-12-16 15:34:01
MemTotal:        2905316 kB
MemFree:           69604 kB
Buffers:           26884 kB
Cached:          1085460 kB
SwapCached:            0 kB
Active:          1285876 kB
Inactive:         724492 kB
Active(anon):     751576 kB
Inactive(anon):   189728 kB
Active(file):     534300 kB
Inactive(file):   534764 kB
Unevictable:       12456 kB
Mlocked:               0 kB
SwapTotal:        720184 kB
SwapFree:         720156 kB
Dirty:               632 kB
Writeback:             0 kB
AnonPages:        910580 kB
Mapped:           718380 kB
Shmem:             30824 kB
Slab:             114268 kB
SReclaimable:      36876 kB
SUnreclaim:        77392 kB
KernelStack:       34016 kB
PageTables:        56300 kB
NFS_Unstable:          0 kB
Bounce:                0 kB
WritebackTmp:          0 kB
CommitLimit:     2172840 kB
Committed_AS:   90138488 kB
VmallocTotal:   251658176 kB
VmallocUsed:      135600 kB
VmallocChunk:   251418668 kB
Time pass: 82 sec

---2015-12-16 15:34:01
MemTotal:        2905316 kB
MemFree:           67872 kB
Buffers:           26892 kB
Cached:          1085784 kB
SwapCached:            0 kB
Active:          1284000 kB
Inactive:         724808 kB
Active(anon):     749696 kB
Inactive(anon):   189728 kB
Active(file):     534304 kB
Inactive(file):   535080 kB
Unevictable:       12456 kB
Mlocked:               0 kB
SwapTotal:        720184 kB
SwapFree:         720156 kB
Dirty:                88 kB
Writeback:             0 kB
AnonPages:        908784 kB
Mapped:           720312 kB
Shmem:             30824 kB
Slab:             114464 kB
SReclaimable:      36956 kB
SUnreclaim:        77508 kB
KernelStack:       33888 kB
PageTables:        56304 kB
NFS_Unstable:          0 kB
Bounce:                0 kB
WritebackTmp:          0 kB
CommitLimit:     2172840 kB
Committed_AS:   90138596 kB
VmallocTotal:   251658176 kB
VmallocUsed:      135624 kB
VmallocChunk:   251418668 kB
Time pass: 86 sec

---2015-12-16 15:34:01
MemTotal:        2905316 kB
MemFree:           65508 kB
Buffers:           26796 kB
Cached:          1077264 kB
SwapCached:            0 kB
Active:          1294532 kB
Inactive:         720276 kB
Active(anon):     764300 kB
Inactive(anon):   189728 kB
Active(file):     530232 kB
Inactive(file):   530548 kB
Unevictable:       12456 kB
Mlocked:               0 kB
SwapTotal:        720184 kB
SwapFree:         720156 kB
Dirty:               364 kB
Writeback:             0 kB
AnonPages:        923256 kB
Mapped:           724716 kB
Shmem:             30824 kB
Slab:             113936 kB
SReclaimable:      36504 kB
SUnreclaim:        77432 kB
KernelStack:       33984 kB
PageTables:        56256 kB
NFS_Unstable:          0 kB
Bounce:                0 kB
WritebackTmp:          0 kB
CommitLimit:     2172840 kB
Committed_AS:   90142504 kB
VmallocTotal:   251658176 kB
VmallocUsed:      135636 kB
VmallocChunk:   251418668 kB
Time pass: 89 sec

---2015-12-16 15:34:01
MemTotal:        2905316 kB
MemFree:           66148 kB
Buffers:           26812 kB
Cached:          1071824 kB
SwapCached:            0 kB
Active:          1296076 kB
Inactive:         719864 kB
Active(anon):     768516 kB
Inactive(anon):   192068 kB
Active(file):     527560 kB
Inactive(file):   527796 kB
Unevictable:       12456 kB
Mlocked:               0 kB
SwapTotal:        720184 kB
SwapFree:         720156 kB
Dirty:               448 kB
Writeback:             0 kB
AnonPages:        929888 kB
Mapped:           722564 kB
Shmem:             30824 kB
Slab:             114348 kB
SReclaimable:      36904 kB
SUnreclaim:        77444 kB
KernelStack:       33952 kB
PageTables:        56324 kB
NFS_Unstable:          0 kB
Bounce:                0 kB
WritebackTmp:          0 kB
CommitLimit:     2172840 kB
Committed_AS:   90142528 kB
VmallocTotal:   251658176 kB
VmallocUsed:      135620 kB
VmallocChunk:   251418668 kB
Time pass: 93 sec

---2015-12-16 15:34:01
MemTotal:        2905316 kB
MemFree:           65592 kB
Buffers:           26828 kB
Cached:          1071836 kB
SwapCached:            0 kB
Active:          1296528 kB
Inactive:         719872 kB
Active(anon):     768956 kB
Inactive(anon):   192068 kB
Active(file):     527572 kB
Inactive(file):   527804 kB
Unevictable:       12456 kB
Mlocked:               0 kB
SwapTotal:        720184 kB
SwapFree:         720156 kB
Dirty:               108 kB
Writeback:             0 kB
AnonPages:        930292 kB
Mapped:           722600 kB
Shmem:             30824 kB
Slab:             114472 kB
SReclaimable:      37016 kB
SUnreclaim:        77456 kB
KernelStack:       33968 kB
PageTables:        56328 kB
NFS_Unstable:          0 kB
Bounce:                0 kB
WritebackTmp:          0 kB
CommitLimit:     2172840 kB
Committed_AS:   90142612 kB
VmallocTotal:   251658176 kB
VmallocUsed:      135620 kB
VmallocChunk:   251418668 kB
Time pass: 97 sec

---2015-12-16 15:34:01
MemTotal:        2905316 kB
MemFree:           72732 kB
Buffers:           26828 kB
Cached:          1068088 kB
SwapCached:            0 kB
Active:          1289720 kB
Inactive:         718956 kB
Active(anon):     764080 kB
Inactive(anon):   192960 kB
Active(file):     525640 kB
Inactive(file):   525996 kB
Unevictable:       12456 kB
Mlocked:               0 kB
SwapTotal:        720184 kB
SwapFree:         720156 kB
Dirty:                32 kB
Writeback:             0 kB
AnonPages:        926232 kB
Mapped:           722708 kB
Shmem:             30824 kB
Slab:             114440 kB
SReclaimable:      37000 kB
SUnreclaim:        77440 kB
KernelStack:       33792 kB
PageTables:        56244 kB
NFS_Unstable:          0 kB
Bounce:                0 kB
WritebackTmp:          0 kB
CommitLimit:     2172840 kB
Committed_AS:   90145188 kB
VmallocTotal:   251658176 kB
VmallocUsed:      135636 kB
VmallocChunk:   251418668 kB
Time pass: 101 sec

---2015-12-16 15:34:01
MemTotal:        2905316 kB
MemFree:           72328 kB
Buffers:           26852 kB
Cached:          1068144 kB
SwapCached:            0 kB
Active:          1289948 kB
Inactive:         719016 kB
Active(anon):     764288 kB
Inactive(anon):   192960 kB
Active(file):     525660 kB
Inactive(file):   526056 kB
Unevictable:       12456 kB
Mlocked:               0 kB
SwapTotal:        720184 kB
SwapFree:         720156 kB
Dirty:                 0 kB
Writeback:             0 kB
AnonPages:        926636 kB
Mapped:           722836 kB
Shmem:             30824 kB
Slab:             114532 kB
SReclaimable:      37000 kB
SUnreclaim:        77532 kB
KernelStack:       33776 kB
PageTables:        56308 kB
NFS_Unstable:          0 kB
Bounce:                0 kB
WritebackTmp:          0 kB
CommitLimit:     2172840 kB
Committed_AS:   90145208 kB
VmallocTotal:   251658176 kB
VmallocUsed:      135636 kB
VmallocChunk:   251418668 kB
Time pass: 105 sec

---2015-12-16 15:34:01
MemTotal:        2905316 kB
MemFree:           65616 kB
Buffers:           26916 kB
Cached:          1069512 kB
SwapCached:            0 kB
Active:          1294484 kB
Inactive:         720356 kB
Active(anon):     768736 kB
Inactive(anon):   192960 kB
Active(file):     525748 kB
Inactive(file):   527396 kB
Unevictable:       12456 kB
Mlocked:               0 kB
SwapTotal:        720184 kB
SwapFree:         720156 kB
Dirty:               164 kB
Writeback:             0 kB
AnonPages:        931084 kB
Mapped:           723308 kB
Shmem:             30824 kB
Slab:             114540 kB
SReclaimable:      37000 kB
SUnreclaim:        77540 kB
KernelStack:       33824 kB
PageTables:        56288 kB
NFS_Unstable:          0 kB
Bounce:                0 kB
WritebackTmp:          0 kB
CommitLimit:     2172840 kB
Committed_AS:   90147236 kB
VmallocTotal:   251658176 kB
VmallocUsed:      135648 kB
VmallocChunk:   251418668 kB
Time pass: 108 sec

---2015-12-16 15:34:01
MemTotal:        2905316 kB
MemFree:           63964 kB
Buffers:           26924 kB
Cached:          1069516 kB
SwapCached:            0 kB
Active:          1296464 kB
Inactive:         720352 kB
Active(anon):     770704 kB
Inactive(anon):   192960 kB
Active(file):     525760 kB
Inactive(file):   527392 kB
Unevictable:       12456 kB
Mlocked:               0 kB
SwapTotal:        720184 kB
SwapFree:         720156 kB
Dirty:                88 kB
Writeback:             0 kB
AnonPages:        932956 kB
Mapped:           723516 kB
Shmem:             30824 kB
Slab:             114532 kB
SReclaimable:      37000 kB
SUnreclaim:        77532 kB
KernelStack:       33824 kB
PageTables:        56288 kB
NFS_Unstable:          0 kB
Bounce:                0 kB
WritebackTmp:          0 kB
CommitLimit:     2172840 kB
Committed_AS:   90150960 kB
VmallocTotal:   251658176 kB
VmallocUsed:      135648 kB
VmallocChunk:   251418668 kB
Time pass: 112 sec

---2015-12-16 15:34:01
MemTotal:        2905316 kB
MemFree:           72996 kB
Buffers:           26964 kB
Cached:          1067320 kB
SwapCached:            0 kB
Active:          1292016 kB
Inactive:         721184 kB
Active(anon):     769136 kB
Inactive(anon):   195364 kB
Active(file):     522880 kB
Inactive(file):   525820 kB
Unevictable:       12456 kB
Mlocked:               0 kB
SwapTotal:        720184 kB
SwapFree:         720156 kB
Dirty:               300 kB
Writeback:             0 kB
AnonPages:        931652 kB
Mapped:           722076 kB
Shmem:             33024 kB
Slab:             114728 kB
SReclaimable:      37000 kB
SUnreclaim:        77728 kB
KernelStack:       33872 kB
PageTables:        56408 kB
NFS_Unstable:          0 kB
Bounce:                0 kB
WritebackTmp:          0 kB
CommitLimit:     2172840 kB
Committed_AS:   93596708 kB
VmallocTotal:   251658176 kB
VmallocUsed:      136608 kB
VmallocChunk:   251418668 kB
Time pass: 116 sec

---2015-12-16 15:34:01
MemTotal:        2905316 kB
MemFree:          336184 kB
Buffers:           26980 kB
Cached:          1032800 kB
SwapCached:            0 kB
Active:          1222428 kB
Inactive:         701392 kB
Active(anon):     714264 kB
Inactive(anon):   193400 kB
Active(file):     508164 kB
Inactive(file):   507992 kB
Unevictable:       12456 kB
Mlocked:               0 kB
SwapTotal:        720184 kB
SwapFree:         720156 kB
Dirty:                 0 kB
Writeback:             0 kB
AnonPages:        876216 kB
Mapped:           540804 kB
Shmem:             31300 kB
Slab:             114192 kB
SReclaimable:      36744 kB
SUnreclaim:        77448 kB
KernelStack:       32880 kB
PageTables:        54804 kB
NFS_Unstable:          0 kB
Bounce:                0 kB
WritebackTmp:          0 kB
CommitLimit:     2172840 kB
Committed_AS:   89342800 kB
VmallocTotal:   251658176 kB
VmallocUsed:      133004 kB
VmallocChunk:   251418668 kB
Time pass: 119 sec

---2015-12-16 15:34:01
MemTotal:        2905316 kB
MemFree:          247172 kB
Buffers:           28028 kB
Cached:          1033488 kB
SwapCached:            0 kB
Active:          1226960 kB
Inactive:         702248 kB
Active(anon):     717976 kB
Inactive(anon):   193384 kB
Active(file):     508984 kB
Inactive(file):   508864 kB
Unevictable:       12456 kB
Mlocked:               0 kB
SwapTotal:        720184 kB
SwapFree:         720156 kB
Dirty:               980 kB
Writeback:             0 kB
AnonPages:        880224 kB
Mapped:           619412 kB
Shmem:             31212 kB
Slab:             114220 kB
SReclaimable:      36792 kB
SUnreclaim:        77428 kB
KernelStack:       33568 kB
PageTables:        55200 kB
NFS_Unstable:          0 kB
Bounce:                0 kB
WritebackTmp:          0 kB
CommitLimit:     2172840 kB
Committed_AS:   89362052 kB
VmallocTotal:   251658176 kB
VmallocUsed:      133736 kB
VmallocChunk:   251418668 kB
Time pass: 123 sec

---2015-12-16 15:34:01
MemTotal:        2905316 kB
MemFree:          245972 kB
Buffers:           28036 kB
Cached:          1033556 kB
SwapCached:            0 kB
Active:          1229800 kB
Inactive:         702304 kB
Active(anon):     720800 kB
Inactive(anon):   193384 kB
Active(file):     509000 kB
Inactive(file):   508920 kB
Unevictable:       12456 kB
Mlocked:               0 kB
SwapTotal:        720184 kB
SwapFree:         720156 kB
Dirty:               224 kB
Writeback:             0 kB
AnonPages:        883324 kB
Mapped:           621012 kB
Shmem:             31212 kB
Slab:             114148 kB
SReclaimable:      36808 kB
SUnreclaim:        77340 kB
KernelStack:       33488 kB
PageTables:        55208 kB
NFS_Unstable:          0 kB
Bounce:                0 kB
WritebackTmp:          0 kB
CommitLimit:     2172840 kB
Committed_AS:   89362288 kB
VmallocTotal:   251658176 kB
VmallocUsed:      133736 kB
VmallocChunk:   251418668 kB
Time pass: 127 sec

---2015-12-16 15:34:01
MemTotal:        2905316 kB
MemFree:          178628 kB
Buffers:           28048 kB
Cached:          1040828 kB
SwapCached:            0 kB
Active:          1255296 kB
Inactive:         695828 kB
Active(anon):     732624 kB
Inactive(anon):   193384 kB
Active(file):     522672 kB
Inactive(file):   502444 kB
Unevictable:       12456 kB
Mlocked:               0 kB
SwapTotal:        720184 kB
SwapFree:         720156 kB
Dirty:              6828 kB
Writeback:             0 kB
AnonPages:        894676 kB
Mapped:           652280 kB
Shmem:             31212 kB
Slab:             114080 kB
SReclaimable:      36808 kB
SUnreclaim:        77272 kB
KernelStack:       33584 kB
PageTables:        55324 kB
NFS_Unstable:          0 kB
Bounce:                0 kB
WritebackTmp:          0 kB
CommitLimit:     2172840 kB
Committed_AS:   89394868 kB
VmallocTotal:   251658176 kB
VmallocUsed:      134108 kB
VmallocChunk:   251418668 kB
Time pass: 130 sec

---2015-12-16 15:34:01
MemTotal:        2905316 kB
MemFree:          143512 kB
Buffers:           28052 kB
Cached:          1044432 kB
SwapCached:            0 kB
Active:          1260756 kB
Inactive:         699132 kB
Active(anon):     737844 kB
Inactive(anon):   193380 kB
Active(file):     522912 kB
Inactive(file):   505752 kB
Unevictable:       12456 kB
Mlocked:               0 kB
SwapTotal:        720184 kB
SwapFree:         720156 kB
Dirty:              7160 kB
Writeback:             0 kB
AnonPages:        900020 kB
Mapped:           671636 kB
Shmem:             31212 kB
Slab:             114092 kB
SReclaimable:      36808 kB
SUnreclaim:        77284 kB
KernelStack:       33632 kB
PageTables:        55432 kB
NFS_Unstable:          0 kB
Bounce:                0 kB
WritebackTmp:          0 kB
CommitLimit:     2172840 kB
Committed_AS:   89396668 kB
VmallocTotal:   251658176 kB
VmallocUsed:      134300 kB
VmallocChunk:   251418668 kB
Time pass: 134 sec

---2015-12-16 15:34:01
MemTotal:        2905316 kB
MemFree:           97580 kB
Buffers:           28068 kB
Cached:          1044652 kB
SwapCached:            0 kB
Active:          1283508 kB
Inactive:         699472 kB
Active(anon):     760580 kB
Inactive(anon):   193380 kB
Active(file):     522928 kB
Inactive(file):   506092 kB
Unevictable:       12456 kB
Mlocked:               0 kB
SwapTotal:        720184 kB
SwapFree:         720156 kB
Dirty:               508 kB
Writeback:             0 kB
AnonPages:        922980 kB
Mapped:           677664 kB
Shmem:             31212 kB
Slab:             114076 kB
SReclaimable:      36808 kB
SUnreclaim:        77268 kB
KernelStack:       33648 kB
PageTables:        55440 kB
NFS_Unstable:          0 kB
Bounce:                0 kB
WritebackTmp:          0 kB
CommitLimit:     2172840 kB
Committed_AS:   89400632 kB
VmallocTotal:   251658176 kB
VmallocUsed:      134452 kB
VmallocChunk:   251418668 kB
Time pass: 138 sec

---2015-12-16 15:34:01
MemTotal:        2905316 kB
MemFree:          104692 kB
Buffers:           28076 kB
Cached:          1044708 kB
SwapCached:            0 kB
Active:          1266744 kB
Inactive:         699532 kB
Active(anon):     743780 kB
Inactive(anon):   193380 kB
Active(file):     522964 kB
Inactive(file):   506152 kB
Unevictable:       12456 kB
Mlocked:               0 kB
SwapTotal:        720184 kB
SwapFree:         720156 kB
Dirty:                12 kB
Writeback:             0 kB
AnonPages:        905956 kB
Mapped:           693404 kB
Shmem:             31212 kB
Slab:             114152 kB
SReclaimable:      36812 kB
SUnreclaim:        77340 kB
KernelStack:       33632 kB
PageTables:        55432 kB
NFS_Unstable:          0 kB
Bounce:                0 kB
WritebackTmp:          0 kB
CommitLimit:     2172840 kB
Committed_AS:   89401344 kB
VmallocTotal:   251658176 kB
VmallocUsed:      134524 kB
VmallocChunk:   251418668 kB
Time pass: 142 sec

---2015-12-16 15:34:01
MemTotal:        2905316 kB
MemFree:          105232 kB
Buffers:           28084 kB
Cached:          1044720 kB
SwapCached:            0 kB
Active:          1265904 kB
Inactive:         699532 kB
Active(anon):     742928 kB
Inactive(anon):   193380 kB
Active(file):     522976 kB
Inactive(file):   506152 kB
Unevictable:       12456 kB
Mlocked:               0 kB
SwapTotal:        720184 kB
SwapFree:         720156 kB
Dirty:                44 kB
Writeback:             0 kB
AnonPages:        905256 kB
Mapped:           693424 kB
Shmem:             31212 kB
Slab:             114160 kB
SReclaimable:      36812 kB
SUnreclaim:        77348 kB
KernelStack:       33600 kB
PageTables:        55432 kB
NFS_Unstable:          0 kB
Bounce:                0 kB
WritebackTmp:          0 kB
CommitLimit:     2172840 kB
Committed_AS:   89401336 kB
VmallocTotal:   251658176 kB
VmallocUsed:      134524 kB
VmallocChunk:   251418668 kB
Time pass: 146 sec

---2015-12-16 15:34:01
MemTotal:        2905316 kB
MemFree:          103624 kB
Buffers:           28092 kB
Cached:          1044724 kB
SwapCached:            0 kB
Active:          1266628 kB
Inactive:         699540 kB
Active(anon):     743652 kB
Inactive(anon):   193380 kB
Active(file):     522976 kB
Inactive(file):   506160 kB
Unevictable:       12456 kB
Mlocked:               0 kB
SwapTotal:        720184 kB
SwapFree:         720156 kB
Dirty:                88 kB
Writeback:             0 kB
AnonPages:        906020 kB
Mapped:           694120 kB
Shmem:             31212 kB
Slab:             114164 kB
SReclaimable:      36812 kB
SUnreclaim:        77352 kB
KernelStack:       33632 kB
PageTables:        55416 kB
NFS_Unstable:          0 kB
Bounce:                0 kB
WritebackTmp:          0 kB
CommitLimit:     2172840 kB
Committed_AS:   89401416 kB
VmallocTotal:   251658176 kB
VmallocUsed:      134524 kB
VmallocChunk:   251418668 kB
Time pass: 149 sec

---2015-12-16 15:34:01
MemTotal:        2905316 kB
MemFree:           89876 kB
Buffers:           28108 kB
Cached:          1046456 kB
SwapCached:            0 kB
Active:          1277968 kB
Inactive:         701196 kB
Active(anon):     754936 kB
Inactive(anon):   193452 kB
Active(file):     523032 kB
Inactive(file):   507744 kB
Unevictable:       12456 kB
Mlocked:               0 kB
SwapTotal:        720184 kB
SwapFree:         720156 kB
Dirty:                56 kB
Writeback:             0 kB
AnonPages:        917036 kB
Mapped:           697760 kB
Shmem:             31284 kB
Slab:             114224 kB
SReclaimable:      36812 kB
SUnreclaim:        77412 kB
KernelStack:       34128 kB
PageTables:        55608 kB
NFS_Unstable:          0 kB
Bounce:                0 kB
WritebackTmp:          0 kB
CommitLimit:     2172840 kB
Committed_AS:   89431156 kB
VmallocTotal:   251658176 kB
VmallocUsed:      136972 kB
VmallocChunk:   251418668 kB
Time pass: 153 sec

---2015-12-16 15:34:01
MemTotal:        2905316 kB
MemFree:           86252 kB
Buffers:           28108 kB
Cached:          1046796 kB
SwapCached:            0 kB
Active:          1279276 kB
Inactive:         701528 kB
Active(anon):     756192 kB
Inactive(anon):   193580 kB
Active(file):     523084 kB
Inactive(file):   507948 kB
Unevictable:       12456 kB
Mlocked:               0 kB
SwapTotal:        720184 kB
SwapFree:         720156 kB
Dirty:                48 kB
Writeback:             0 kB
AnonPages:        918388 kB
Mapped:           698176 kB
Shmem:             31416 kB
Slab:             114256 kB
SReclaimable:      36812 kB
SUnreclaim:        77444 kB
KernelStack:       34016 kB
PageTables:        55680 kB
NFS_Unstable:          0 kB
Bounce:                0 kB
WritebackTmp:          0 kB
CommitLimit:     2172840 kB
Committed_AS:   89431512 kB
VmallocTotal:   251658176 kB
VmallocUsed:      136972 kB
VmallocChunk:   251418668 kB
Time pass: 157 sec

---2015-12-16 15:34:01
MemTotal:        2905316 kB
MemFree:           84992 kB
Buffers:           28116 kB
Cached:          1046912 kB
SwapCached:            0 kB
Active:          1280372 kB
Inactive:         701628 kB
Active(anon):     757268 kB
Inactive(anon):   193672 kB
Active(file):     523104 kB
Inactive(file):   507956 kB
Unevictable:       12456 kB
Mlocked:               0 kB
SwapTotal:        720184 kB
SwapFree:         720156 kB
Dirty:                12 kB
Writeback:            72 kB
AnonPages:        919524 kB
Mapped:           696488 kB
Shmem:             31508 kB
Slab:             114448 kB
SReclaimable:      36812 kB
SUnreclaim:        77636 kB
KernelStack:       34016 kB
PageTables:        55760 kB
NFS_Unstable:          0 kB
Bounce:                0 kB
WritebackTmp:          0 kB
CommitLimit:     2172840 kB
Committed_AS:   89431860 kB
VmallocTotal:   251658176 kB
VmallocUsed:      136980 kB
VmallocChunk:   251418668 kB
Time pass: 161 sec

---2015-12-16 15:34:01
MemTotal:        2905316 kB
MemFree:           84504 kB
Buffers:           28124 kB
Cached:          1046988 kB
SwapCached:            0 kB
Active:          1281080 kB
Inactive:         701704 kB
Active(anon):     757964 kB
Inactive(anon):   193724 kB
Active(file):     523116 kB
Inactive(file):   507980 kB
Unevictable:       12456 kB
Mlocked:               0 kB
SwapTotal:        720184 kB
SwapFree:         720156 kB
Dirty:                48 kB
Writeback:             0 kB
AnonPages:        920136 kB
Mapped:           697840 kB
Shmem:             31560 kB
Slab:             114352 kB
SReclaimable:      36812 kB
SUnreclaim:        77540 kB
KernelStack:       34016 kB
PageTables:        55764 kB
NFS_Unstable:          0 kB
Bounce:                0 kB
WritebackTmp:          0 kB
CommitLimit:     2172840 kB
Committed_AS:   89432680 kB
VmallocTotal:   251658176 kB
VmallocUsed:      136980 kB
VmallocChunk:   251418668 kB
Time pass: 165 sec

---2015-12-16 15:34:01
MemTotal:        2905316 kB
MemFree:           77332 kB
Buffers:           28140 kB
Cached:          1046744 kB
SwapCached:            0 kB
Active:          1290148 kB
Inactive:         701424 kB
Active(anon):     766976 kB
Inactive(anon):   193380 kB
Active(file):     523172 kB
Inactive(file):   508044 kB
Unevictable:       12456 kB
Mlocked:               0 kB
SwapTotal:        720184 kB
SwapFree:         720156 kB
Dirty:               220 kB
Writeback:             0 kB
AnonPages:        929300 kB
Mapped:           698944 kB
Shmem:             31212 kB
Slab:             114348 kB
SReclaimable:      36828 kB
SUnreclaim:        77520 kB
KernelStack:       33952 kB
PageTables:        55708 kB
NFS_Unstable:          0 kB
Bounce:                0 kB
WritebackTmp:          0 kB
CommitLimit:     2172840 kB
Committed_AS:   89419968 kB
VmallocTotal:   251658176 kB
VmallocUsed:      136980 kB
VmallocChunk:   251418668 kB
Time pass: 169 sec

---2015-12-16 15:34:01
MemTotal:        2905316 kB
MemFree:           70676 kB
Buffers:           28172 kB
Cached:          1047072 kB
SwapCached:            0 kB
Active:          1297016 kB
Inactive:         701540 kB
Active(anon):     773608 kB
Inactive(anon):   193564 kB
Active(file):     523408 kB
Inactive(file):   507976 kB
Unevictable:       12456 kB
Mlocked:               0 kB
SwapTotal:        720184 kB
SwapFree:         720156 kB
Dirty:                28 kB
Writeback:             0 kB
AnonPages:        936132 kB
Mapped:           699452 kB
Shmem:             31404 kB
Slab:             114424 kB
SReclaimable:      36828 kB
SUnreclaim:        77596 kB
KernelStack:       33984 kB
PageTables:        55772 kB
NFS_Unstable:          0 kB
Bounce:                0 kB
WritebackTmp:          0 kB
CommitLimit:     2172840 kB
Committed_AS:   89450280 kB
VmallocTotal:   251658176 kB
VmallocUsed:      136972 kB
VmallocChunk:   251418668 kB
Time pass: 172 sec

---2015-12-16 15:34:01
MemTotal:        2905316 kB
MemFree:           68924 kB
Buffers:           28188 kB
Cached:          1047180 kB
SwapCached:            0 kB
Active:          1298328 kB
Inactive:         701648 kB
Active(anon):     774904 kB
Inactive(anon):   193656 kB
Active(file):     523424 kB
Inactive(file):   507992 kB
Unevictable:       12456 kB
Mlocked:               0 kB
SwapTotal:        720184 kB
SwapFree:         720156 kB
Dirty:               104 kB
Writeback:             0 kB
AnonPages:        937208 kB
Mapped:           697768 kB
Shmem:             31496 kB
Slab:             114452 kB
SReclaimable:      36828 kB
SUnreclaim:        77624 kB
KernelStack:       33968 kB
PageTables:        55788 kB
NFS_Unstable:          0 kB
Bounce:                0 kB
WritebackTmp:          0 kB
CommitLimit:     2172840 kB
Committed_AS:   89450336 kB
VmallocTotal:   251658176 kB
VmallocUsed:      136968 kB
VmallocChunk:   251418668 kB
Time pass: 177 sec

---2015-12-16 15:34:01
MemTotal:        2905316 kB
MemFree:           66316 kB
Buffers:           28144 kB
Cached:          1040040 kB
SwapCached:            0 kB
Active:          1294016 kB
Inactive:         702976 kB
Active(anon):     778204 kB
Inactive(anon):   194764 kB
Active(file):     515812 kB
Inactive(file):   508212 kB
Unevictable:       12456 kB
Mlocked:               0 kB
SwapTotal:        720184 kB
SwapFree:         720156 kB
Dirty:               148 kB
Writeback:             0 kB
AnonPages:        941856 kB
Mapped:           699656 kB
Shmem:             31516 kB
Slab:             114444 kB
SReclaimable:      36828 kB
SUnreclaim:        77616 kB
KernelStack:       34128 kB
PageTables:        56296 kB
NFS_Unstable:          0 kB
Bounce:                0 kB
WritebackTmp:          0 kB
CommitLimit:     2172840 kB
Committed_AS:   90179276 kB
VmallocTotal:   251658176 kB
VmallocUsed:      138000 kB
VmallocChunk:   251418668 kB
Time pass: 180 sec

---2015-12-16 15:34:01
MemTotal:        2905316 kB
MemFree:           64896 kB
Buffers:           28152 kB
Cached:          1040084 kB
SwapCached:            0 kB
Active:          1293752 kB
Inactive:         703256 kB
Active(anon):     778012 kB
Inactive(anon):   194740 kB
Active(file):     515740 kB
Inactive(file):   508516 kB
Unevictable:       12456 kB
Mlocked:               0 kB
SwapTotal:        720184 kB
SwapFree:         720156 kB
Dirty:                96 kB
Writeback:             0 kB
AnonPages:        941324 kB
Mapped:           701120 kB
Shmem:             31524 kB
Slab:             114480 kB
SReclaimable:      36876 kB
SUnreclaim:        77604 kB
KernelStack:       34112 kB
PageTables:        56320 kB
NFS_Unstable:          0 kB
Bounce:                0 kB
WritebackTmp:          0 kB
CommitLimit:     2172840 kB
Committed_AS:   90180068 kB
VmallocTotal:   251658176 kB
VmallocUsed:      138000 kB
VmallocChunk:   251418668 kB
Time pass: 184 sec

---2015-12-16 15:34:01
MemTotal:        2905316 kB
MemFree:           70448 kB
Buffers:           28160 kB
Cached:          1039796 kB
SwapCached:            0 kB
Active:          1292460 kB
Inactive:         702952 kB
Active(anon):     776700 kB
Inactive(anon):   194432 kB
Active(file):     515760 kB
Inactive(file):   508520 kB
Unevictable:       12456 kB
Mlocked:               0 kB
SwapTotal:        720184 kB
SwapFree:         720156 kB
Dirty:                28 kB
Writeback:             0 kB
AnonPages:        939884 kB
Mapped:           698904 kB
Shmem:             31212 kB
Slab:             114508 kB
SReclaimable:      36876 kB
SUnreclaim:        77632 kB
KernelStack:       33888 kB
PageTables:        56092 kB
NFS_Unstable:          0 kB
Bounce:                0 kB
WritebackTmp:          0 kB
CommitLimit:     2172840 kB
Committed_AS:   90151724 kB
VmallocTotal:   251658176 kB
VmallocUsed:      137936 kB
VmallocChunk:   251418668 kB
Time pass: 188 sec

---2015-12-16 15:34:01
MemTotal:        2905316 kB
MemFree:           77416 kB
Buffers:           28168 kB
Cached:          1040048 kB
SwapCached:            0 kB
Active:          1286084 kB
Inactive:         703120 kB
Active(anon):     770296 kB
Inactive(anon):   194432 kB
Active(file):     515788 kB
Inactive(file):   508688 kB
Unevictable:       12456 kB
Mlocked:               0 kB
SwapTotal:        720184 kB
SwapFree:         720156 kB
Dirty:               280 kB
Writeback:             0 kB
AnonPages:        933636 kB
Mapped:           699912 kB
Shmem:             31212 kB
Slab:             114404 kB
SReclaimable:      36764 kB
SUnreclaim:        77640 kB
KernelStack:       33792 kB
PageTables:        56132 kB
NFS_Unstable:          0 kB
Bounce:                0 kB
WritebackTmp:          0 kB
CommitLimit:     2172840 kB
Committed_AS:   90151692 kB
VmallocTotal:   251658176 kB
VmallocUsed:      137952 kB
VmallocChunk:   251418668 kB
Time pass: 192 sec

---2015-12-16 15:34:01
MemTotal:        2905316 kB
MemFree:           74888 kB
Buffers:           28192 kB
Cached:          1040132 kB
SwapCached:            0 kB
Active:          1301088 kB
Inactive:         703252 kB
Active(anon):     785240 kB
Inactive(anon):   194428 kB
Active(file):     515848 kB
Inactive(file):   508824 kB
Unevictable:       12456 kB
Mlocked:               0 kB
SwapTotal:        720184 kB
SwapFree:         720156 kB
Dirty:                12 kB
Writeback:             0 kB
AnonPages:        948864 kB
Mapped:           700840 kB
Shmem:             31212 kB
Slab:             114364 kB
SReclaimable:      36764 kB
SUnreclaim:        77600 kB
KernelStack:       33872 kB
PageTables:        56184 kB
NFS_Unstable:          0 kB
Bounce:                0 kB
WritebackTmp:          0 kB
CommitLimit:     2172840 kB
Committed_AS:   90155028 kB
VmallocTotal:   251658176 kB
VmallocUsed:      137904 kB
VmallocChunk:   251418668 kB
Time pass: 196 sec

---2015-12-16 15:34:01
MemTotal:        2905316 kB
MemFree:           69228 kB
Buffers:           28256 kB
Cached:          1040420 kB
SwapCached:            0 kB
Active:          1307924 kB
Inactive:         703540 kB
Active(anon):     792032 kB
Inactive(anon):   194588 kB
Active(file):     515892 kB
Inactive(file):   508952 kB
Unevictable:       12456 kB
Mlocked:               0 kB
SwapTotal:        720184 kB
SwapFree:         720156 kB
Dirty:               288 kB
Writeback:             0 kB
AnonPages:        955232 kB
Mapped:           698156 kB
Shmem:             31376 kB
Slab:             114360 kB
SReclaimable:      36764 kB
SUnreclaim:        77596 kB
KernelStack:       34128 kB
PageTables:        56380 kB
NFS_Unstable:          0 kB
Bounce:                0 kB
WritebackTmp:          0 kB
CommitLimit:     2172840 kB
Committed_AS:   90186740 kB
VmallocTotal:   251658176 kB
VmallocUsed:      137904 kB
VmallocChunk:   251418668 kB
Time pass: 199 sec

---2015-12-16 15:34:01
MemTotal:        2905316 kB
MemFree:           66768 kB
Buffers:           28256 kB
Cached:          1040536 kB
SwapCached:            0 kB
Active:          1308048 kB
Inactive:         703604 kB
Active(anon):     792104 kB
Inactive(anon):   194628 kB
Active(file):     515944 kB
Inactive(file):   508976 kB
Unevictable:       12456 kB
Mlocked:               0 kB
SwapTotal:        720184 kB
SwapFree:         720156 kB
Dirty:                20 kB
Writeback:             0 kB
AnonPages:        955408 kB
Mapped:           698224 kB
Shmem:             31416 kB
Slab:             114412 kB
SReclaimable:      36764 kB
SUnreclaim:        77648 kB
KernelStack:       34128 kB
PageTables:        56508 kB
NFS_Unstable:          0 kB
Bounce:                0 kB
WritebackTmp:          0 kB
CommitLimit:     2172840 kB
Committed_AS:   90187148 kB
VmallocTotal:   251658176 kB
VmallocUsed:      137904 kB
VmallocChunk:   251418668 kB
Time pass: 203 sec

---2015-12-16 15:34:01
MemTotal:        2905316 kB
MemFree:           65980 kB
Buffers:           28264 kB
Cached:          1040572 kB
SwapCached:            0 kB
Active:          1308428 kB
Inactive:         703644 kB
Active(anon):     792480 kB
Inactive(anon):   194660 kB
Active(file):     515948 kB
Inactive(file):   508984 kB
Unevictable:       12456 kB
Mlocked:               0 kB
SwapTotal:        720184 kB
SwapFree:         720156 kB
Dirty:                68 kB
Writeback:             0 kB
AnonPages:        955808 kB
Mapped:           698276 kB
Shmem:             31448 kB
Slab:             114376 kB
SReclaimable:      36764 kB
SUnreclaim:        77612 kB
KernelStack:       34128 kB
PageTables:        56516 kB
NFS_Unstable:          0 kB
Bounce:                0 kB
WritebackTmp:          0 kB
CommitLimit:     2172840 kB
Committed_AS:   90187076 kB
VmallocTotal:   251658176 kB
VmallocUsed:      137904 kB
VmallocChunk:   251418668 kB
Time pass: 207 sec

---2015-12-16 15:34:01
MemTotal:        2905316 kB
MemFree:           74452 kB
Buffers:           28280 kB
Cached:          1033832 kB
SwapCached:            0 kB
Active:          1298056 kB
Inactive:         706368 kB
Active(anon):     788912 kB
Inactive(anon):   197308 kB
Active(file):     509144 kB
Inactive(file):   509060 kB
Unevictable:       12456 kB
Mlocked:               0 kB
SwapTotal:        720184 kB
SwapFree:         720156 kB
Dirty:               160 kB
Writeback:             0 kB
AnonPages:        954832 kB
Mapped:           698272 kB
Shmem:             31452 kB
Slab:             114368 kB
SReclaimable:      36764 kB
SUnreclaim:        77604 kB
KernelStack:       34112 kB
PageTables:        56512 kB
NFS_Unstable:          0 kB
Bounce:                0 kB
WritebackTmp:          0 kB
CommitLimit:     2172840 kB
Committed_AS:   90188660 kB
VmallocTotal:   251658176 kB
VmallocUsed:      137904 kB
VmallocChunk:   251418668 kB
Time pass: 211 sec

---2015-12-16 15:34:01
MemTotal:        2905316 kB
MemFree:           74488 kB
Buffers:           28296 kB
Cached:          1034108 kB
SwapCached:            0 kB
Active:          1293752 kB
Inactive:         706492 kB
Active(anon):     784440 kB
Inactive(anon):   197308 kB
Active(file):     509312 kB
Inactive(file):   509184 kB
Unevictable:       12456 kB
Mlocked:               0 kB
SwapTotal:        720184 kB
SwapFree:         720156 kB
Dirty:               112 kB
Writeback:             0 kB
AnonPages:        950204 kB
Mapped:           698532 kB
Shmem:             31452 kB
Slab:             118156 kB
SReclaimable:      40112 kB
SUnreclaim:        78044 kB
KernelStack:       34144 kB
PageTables:        56600 kB
NFS_Unstable:          0 kB
Bounce:                0 kB
WritebackTmp:          0 kB
CommitLimit:     2172840 kB
Committed_AS:   90200180 kB
VmallocTotal:   251658176 kB
VmallocUsed:      138924 kB
VmallocChunk:   251418668 kB
Time pass: 215 sec

---2015-12-16 15:34:01
MemTotal:        2905316 kB
MemFree:           73436 kB
Buffers:           28320 kB
Cached:          1034472 kB
SwapCached:            0 kB
Active:          1294476 kB
Inactive:         706852 kB
Active(anon):     785136 kB
Inactive(anon):   197308 kB
Active(file):     509340 kB
Inactive(file):   509544 kB
Unevictable:       12456 kB
Mlocked:               0 kB
SwapTotal:        720184 kB
SwapFree:         720156 kB
Dirty:               188 kB
Writeback:             0 kB
AnonPages:        950848 kB
Mapped:           698644 kB
Shmem:             31452 kB
Slab:             118416 kB
SReclaimable:      40444 kB
SUnreclaim:        77972 kB
KernelStack:       34112 kB
PageTables:        56564 kB
NFS_Unstable:          0 kB
Bounce:                0 kB
WritebackTmp:          0 kB
CommitLimit:     2172840 kB
Committed_AS:   90194256 kB
VmallocTotal:   251658176 kB
VmallocUsed:      138924 kB
VmallocChunk:   251418668 kB
Time pass: 219 sec

---2015-12-16 15:34:01
MemTotal:        2905316 kB
MemFree:           73512 kB
Buffers:           28332 kB
Cached:          1034516 kB
SwapCached:            0 kB
Active:          1294868 kB
Inactive:         706856 kB
Active(anon):     785512 kB
Inactive(anon):   197308 kB
Active(file):     509356 kB
Inactive(file):   509548 kB
Unevictable:       12456 kB
Mlocked:               0 kB
SwapTotal:        720184 kB
SwapFree:         720156 kB
Dirty:                56 kB
Writeback:             0 kB
AnonPages:        951348 kB
Mapped:           698684 kB
Shmem:             31452 kB
Slab:             118480 kB
SReclaimable:      40524 kB
SUnreclaim:        77956 kB
KernelStack:       34112 kB
PageTables:        56564 kB
NFS_Unstable:          0 kB
Bounce:                0 kB
WritebackTmp:          0 kB
CommitLimit:     2172840 kB
Committed_AS:   90194836 kB
VmallocTotal:   251658176 kB
VmallocUsed:      137904 kB
VmallocChunk:   251418668 kB
Time pass: 223 sec

---2015-12-16 15:34:01
MemTotal:        2905316 kB
MemFree:           73972 kB
Buffers:           28348 kB
Cached:          1034552 kB
SwapCached:            0 kB
Active:          1294580 kB
Inactive:         706908 kB
Active(anon):     785188 kB
Inactive(anon):   197308 kB
Active(file):     509392 kB
Inactive(file):   509600 kB
Unevictable:       12456 kB
Mlocked:               0 kB
SwapTotal:        720184 kB
SwapFree:         720156 kB
Dirty:               144 kB
Writeback:             0 kB
AnonPages:        951032 kB
Mapped:           698696 kB
Shmem:             31452 kB
Slab:             118500 kB
SReclaimable:      40524 kB
SUnreclaim:        77976 kB
KernelStack:       34080 kB
PageTables:        56512 kB
NFS_Unstable:          0 kB
Bounce:                0 kB
WritebackTmp:          0 kB
CommitLimit:     2172840 kB
Committed_AS:   90188784 kB
VmallocTotal:   251658176 kB
VmallocUsed:      137904 kB
VmallocChunk:   251418668 kB
Time pass: 226 sec

---2015-12-16 15:34:01
MemTotal:        2905316 kB
MemFree:           73308 kB
Buffers:           28356 kB
Cached:          1034564 kB
SwapCached:            0 kB
Active:          1294800 kB
Inactive:         706912 kB
Active(anon):     785396 kB
Inactive(anon):   197308 kB
Active(file):     509404 kB
Inactive(file):   509604 kB
Unevictable:       12456 kB
Mlocked:               0 kB
SwapTotal:        720184 kB
SwapFree:         720156 kB
Dirty:                64 kB
Writeback:             0 kB
AnonPages:        951264 kB
Mapped:           698724 kB
Shmem:             31452 kB
Slab:             118460 kB
SReclaimable:      40524 kB
SUnreclaim:        77936 kB
KernelStack:       34080 kB
PageTables:        56520 kB
NFS_Unstable:          0 kB
Bounce:                0 kB
WritebackTmp:          0 kB
CommitLimit:     2172840 kB
Committed_AS:   90189100 kB
VmallocTotal:   251658176 kB
VmallocUsed:      137904 kB
VmallocChunk:   251418668 kB
Time pass: 230 sec

---2015-12-16 15:34:01
MemTotal:        2905316 kB
MemFree:           72548 kB
Buffers:           28372 kB
Cached:          1034608 kB
SwapCached:            0 kB
Active:          1295748 kB
Inactive:         706960 kB
Active(anon):     786332 kB
Inactive(anon):   197320 kB
Active(file):     509416 kB
Inactive(file):   509640 kB
Unevictable:       12456 kB
Mlocked:               0 kB
SwapTotal:        720184 kB
SwapFree:         720156 kB
Dirty:                28 kB
Writeback:             0 kB
AnonPages:        952188 kB
Mapped:           698764 kB
Shmem:             31468 kB
Slab:             118460 kB
SReclaimable:      40528 kB
SUnreclaim:        77932 kB
KernelStack:       34096 kB
PageTables:        56508 kB
NFS_Unstable:          0 kB
Bounce:                0 kB
WritebackTmp:          0 kB
CommitLimit:     2172840 kB
Committed_AS:   90189136 kB
VmallocTotal:   251658176 kB
VmallocUsed:      137904 kB
VmallocChunk:   251418668 kB
Time pass: 234 sec

---2015-12-16 15:34:01
MemTotal:        2905316 kB
MemFree:           72528 kB
Buffers:           28380 kB
Cached:          1034632 kB
SwapCached:            0 kB
Active:          1295448 kB
Inactive:         706968 kB
Active(anon):     786028 kB
Inactive(anon):   197320 kB
Active(file):     509420 kB
Inactive(file):   509648 kB
Unevictable:       12456 kB
Mlocked:               0 kB
SwapTotal:        720184 kB
SwapFree:         720156 kB
Dirty:                56 kB
Writeback:             0 kB
AnonPages:        952020 kB
Mapped:           698808 kB
Shmem:             31488 kB
Slab:             118500 kB
SReclaimable:      40544 kB
SUnreclaim:        77956 kB
KernelStack:       34080 kB
PageTables:        56516 kB
NFS_Unstable:          0 kB
Bounce:                0 kB
WritebackTmp:          0 kB
CommitLimit:     2172840 kB
Committed_AS:   90190404 kB
VmallocTotal:   251658176 kB
VmallocUsed:      137904 kB
VmallocChunk:   251418668 kB
Time pass: 238 sec

---2015-12-16 15:34:01
MemTotal:        2905316 kB
MemFree:           71264 kB
Buffers:           28404 kB
Cached:          1034668 kB
SwapCached:            0 kB
Active:          1297000 kB
Inactive:         707040 kB
Active(anon):     787572 kB
Inactive(anon):   197340 kB
Active(file):     509428 kB
Inactive(file):   509700 kB
Unevictable:       12456 kB
Mlocked:               0 kB
SwapTotal:        720184 kB
SwapFree:         720156 kB
Dirty:               140 kB
Writeback:             0 kB
AnonPages:        953436 kB
Mapped:           698840 kB
Shmem:             31488 kB
Slab:             118472 kB
SReclaimable:      40544 kB
SUnreclaim:        77928 kB
KernelStack:       34080 kB
PageTables:        56512 kB
NFS_Unstable:          0 kB
Bounce:                0 kB
WritebackTmp:          0 kB
CommitLimit:     2172840 kB
Committed_AS:   90190696 kB
VmallocTotal:   251658176 kB
VmallocUsed:      137904 kB
VmallocChunk:   251418668 kB
Time pass: 242 sec

---2015-12-16 15:34:01
MemTotal:        2905316 kB
MemFree:           71056 kB
Buffers:           28412 kB
Cached:          1034812 kB
SwapCached:            0 kB
Active:          1296724 kB
Inactive:         707184 kB
Active(anon):     787288 kB
Inactive(anon):   197484 kB
Active(file):     509436 kB
Inactive(file):   509700 kB
Unevictable:       12456 kB
Mlocked:               0 kB
SwapTotal:        720184 kB
SwapFree:         720156 kB
Dirty:                52 kB
Writeback:             0 kB
AnonPages:        953352 kB
Mapped:           699008 kB
Shmem:             31632 kB
Slab:             118392 kB
SReclaimable:      40452 kB
SUnreclaim:        77940 kB
KernelStack:       33984 kB
PageTables:        56524 kB
NFS_Unstable:          0 kB
Bounce:                0 kB
WritebackTmp:          0 kB
CommitLimit:     2172840 kB
Committed_AS:   90190596 kB
VmallocTotal:   251658176 kB
VmallocUsed:      137904 kB
VmallocChunk:   251418668 kB
Time pass: 246 sec

---2015-12-16 15:34:01
MemTotal:        2905316 kB
MemFree:           69596 kB
Buffers:           28428 kB
Cached:          1034876 kB
SwapCached:            0 kB
Active:          1298032 kB
Inactive:         707256 kB
Active(anon):     788588 kB
Inactive(anon):   197484 kB
Active(file):     509444 kB
Inactive(file):   509772 kB
Unevictable:       12456 kB
Mlocked:               0 kB
SwapTotal:        720184 kB
SwapFree:         720156 kB
Dirty:               108 kB
Writeback:             0 kB
AnonPages:        954360 kB
Mapped:           699028 kB
Shmem:             31632 kB
Slab:             118380 kB
SReclaimable:      40452 kB
SUnreclaim:        77928 kB
KernelStack:       34016 kB
PageTables:        56520 kB
NFS_Unstable:          0 kB
Bounce:                0 kB
WritebackTmp:          0 kB
CommitLimit:     2172840 kB
Committed_AS:   90190872 kB
VmallocTotal:   251658176 kB
VmallocUsed:      137904 kB
VmallocChunk:   251418668 kB
Time pass: 249 sec

---2015-12-16 15:34:01
MemTotal:        2905316 kB
MemFree:           69192 kB
Buffers:           28436 kB
Cached:          1034868 kB
SwapCached:            0 kB
Active:          1298212 kB
Inactive:         707252 kB
Active(anon):     788764 kB
Inactive(anon):   197484 kB
Active(file):     509448 kB
Inactive(file):   509768 kB
Unevictable:       12456 kB
Mlocked:               0 kB
SwapTotal:        720184 kB
SwapFree:         720156 kB
Dirty:                 0 kB
Writeback:             0 kB
AnonPages:        954556 kB
Mapped:           699072 kB
Shmem:             31632 kB
Slab:             118384 kB
SReclaimable:      40456 kB
SUnreclaim:        77928 kB
KernelStack:       34016 kB
PageTables:        56520 kB
NFS_Unstable:          0 kB
Bounce:                0 kB
WritebackTmp:          0 kB
CommitLimit:     2172840 kB
Committed_AS:   90190736 kB
VmallocTotal:   251658176 kB
VmallocUsed:      137904 kB
VmallocChunk:   251418668 kB
Time pass: 253 sec

---2015-12-16 15:34:01
MemTotal:        2905316 kB
MemFree:           66828 kB
Buffers:           28452 kB
Cached:          1034956 kB
SwapCached:            0 kB
Active:          1300216 kB
Inactive:         707324 kB
Active(anon):     790736 kB
Inactive(anon):   197484 kB
Active(file):     509480 kB
Inactive(file):   509840 kB
Unevictable:       12456 kB
Mlocked:               0 kB
SwapTotal:        720184 kB
SwapFree:         720156 kB
Dirty:               160 kB
Writeback:             0 kB
AnonPages:        956644 kB
Mapped:           699140 kB
Shmem:             31632 kB
Slab:             118392 kB
SReclaimable:      40448 kB
SUnreclaim:        77944 kB
KernelStack:       33968 kB
PageTables:        56524 kB
NFS_Unstable:          0 kB
Bounce:                0 kB
WritebackTmp:          0 kB
CommitLimit:     2172840 kB
Committed_AS:   90190904 kB
VmallocTotal:   251658176 kB
VmallocUsed:      137904 kB
VmallocChunk:   251418668 kB
Time pass: 257 sec

---2015-12-16 15:34:01
MemTotal:        2905316 kB
MemFree:           66860 kB
Buffers:           28460 kB
Cached:          1034964 kB
SwapCached:            0 kB
Active:          1300400 kB
Inactive:         707324 kB
Active(anon):     790908 kB
Inactive(anon):   197484 kB
Active(file):     509492 kB
Inactive(file):   509840 kB
Unevictable:       12456 kB
Mlocked:               0 kB
SwapTotal:        720184 kB
SwapFree:         720156 kB
Dirty:                72 kB
Writeback:             0 kB
AnonPages:        956840 kB
Mapped:           699172 kB
Shmem:             31632 kB
Slab:             118452 kB
SReclaimable:      40448 kB
SUnreclaim:        78004 kB
KernelStack:       33968 kB
PageTables:        56520 kB
NFS_Unstable:          0 kB
Bounce:                0 kB
WritebackTmp:          0 kB
CommitLimit:     2172840 kB
Committed_AS:   90190976 kB
VmallocTotal:   251658176 kB
VmallocUsed:      137904 kB
VmallocChunk:   251418668 kB
Time pass: 261 sec

---2015-12-16 15:34:01
MemTotal:        2905316 kB
MemFree:           64912 kB
Buffers:           28476 kB
Cached:          1034992 kB
SwapCached:            0 kB
Active:          1302400 kB
Inactive:         707340 kB
Active(anon):     792896 kB
Inactive(anon):   197484 kB
Active(file):     509504 kB
Inactive(file):   509856 kB
Unevictable:       12456 kB
Mlocked:               0 kB
SwapTotal:        720184 kB
SwapFree:         720156 kB
Dirty:               100 kB
Writeback:             0 kB
AnonPages:        959088 kB
Mapped:           699200 kB
Shmem:             31632 kB
Slab:             118388 kB
SReclaimable:      40448 kB
SUnreclaim:        77940 kB
KernelStack:       34032 kB
PageTables:        56516 kB
NFS_Unstable:          0 kB
Bounce:                0 kB
WritebackTmp:          0 kB
CommitLimit:     2172840 kB
Committed_AS:   90191012 kB
VmallocTotal:   251658176 kB
VmallocUsed:      137904 kB
VmallocChunk:   251418668 kB
Time pass: 264 sec

---2015-12-16 15:34:01
MemTotal:        2905316 kB
MemFree:           64724 kB
Buffers:           28484 kB
Cached:          1035132 kB
SwapCached:            0 kB
Active:          1302812 kB
Inactive:         707488 kB
Active(anon):     793288 kB
Inactive(anon):   197604 kB
Active(file):     509524 kB
Inactive(file):   509884 kB
Unevictable:       12456 kB
Mlocked:               0 kB
SwapTotal:        720184 kB
SwapFree:         720156 kB
Dirty:                12 kB
Writeback:             0 kB
AnonPages:        959292 kB
Mapped:           699356 kB
Shmem:             31752 kB
Slab:             118388 kB
SReclaimable:      40448 kB
SUnreclaim:        77940 kB
KernelStack:       33984 kB
PageTables:        56528 kB
NFS_Unstable:          0 kB
Bounce:                0 kB
WritebackTmp:          0 kB
CommitLimit:     2172840 kB
Committed_AS:   90190964 kB
VmallocTotal:   251658176 kB
VmallocUsed:      137904 kB
VmallocChunk:   251418668 kB
Time pass: 269 sec

---2015-12-16 15:34:01
MemTotal:        2905316 kB
MemFree:           63308 kB
Buffers:           28508 kB
Cached:          1035156 kB
SwapCached:            0 kB
Active:          1304296 kB
Inactive:         707532 kB
Active(anon):     794772 kB
Inactive(anon):   197604 kB
Active(file):     509524 kB
Inactive(file):   509928 kB
Unevictable:       12456 kB
Mlocked:               0 kB
SwapTotal:        720184 kB
SwapFree:         720156 kB
Dirty:                96 kB
Writeback:             0 kB
AnonPages:        960552 kB
Mapped:           699380 kB
Shmem:             31752 kB
Slab:             118416 kB
SReclaimable:      40448 kB
SUnreclaim:        77968 kB
KernelStack:       34048 kB
PageTables:        56528 kB
NFS_Unstable:          0 kB
Bounce:                0 kB
WritebackTmp:          0 kB
CommitLimit:     2172840 kB
Committed_AS:   90190984 kB
VmallocTotal:   251658176 kB
VmallocUsed:      137904 kB
VmallocChunk:   251418668 kB
Time pass: 272 sec

---2015-12-16 15:34:01
MemTotal:        2905316 kB
MemFree:           71168 kB
Buffers:           28508 kB
Cached:          1027548 kB
SwapCached:            0 kB
Active:          1299552 kB
Inactive:         704812 kB
Active(anon):     793716 kB
Inactive(anon):   198884 kB
Active(file):     505836 kB
Inactive(file):   505928 kB
Unevictable:       12460 kB
Mlocked:               0 kB
SwapTotal:        720184 kB
SwapFree:         720156 kB
Dirty:                20 kB
Writeback:             0 kB
AnonPages:        960772 kB
Mapped:           699232 kB
Shmem:             31752 kB
Slab:             118400 kB
SReclaimable:      40448 kB
SUnreclaim:        77952 kB
KernelStack:       34048 kB
PageTables:        56520 kB
NFS_Unstable:          0 kB
Bounce:                0 kB
WritebackTmp:          0 kB
CommitLimit:     2172840 kB
Committed_AS:   90191000 kB
VmallocTotal:   251658176 kB
VmallocUsed:      137904 kB
VmallocChunk:   251418668 kB
Time pass: 276 sec

---2015-12-16 15:34:01
MemTotal:        2905316 kB
MemFree:           69820 kB
Buffers:           28532 kB
Cached:          1027460 kB
SwapCached:            0 kB
Active:          1301024 kB
Inactive:         704800 kB
Active(anon):     795168 kB
Inactive(anon):   198884 kB
Active(file):     505856 kB
Inactive(file):   505916 kB
Unevictable:       12460 kB
Mlocked:               0 kB
SwapTotal:        720184 kB
SwapFree:         720156 kB
Dirty:                96 kB
Writeback:            16 kB
AnonPages:        962128 kB
Mapped:           699252 kB
Shmem:             31752 kB
Slab:             118388 kB
SReclaimable:      40444 kB
SUnreclaim:        77944 kB
KernelStack:       34016 kB
PageTables:        56524 kB
NFS_Unstable:          0 kB
Bounce:                0 kB
WritebackTmp:          0 kB
CommitLimit:     2172840 kB
Committed_AS:   90190988 kB
VmallocTotal:   251658176 kB
VmallocUsed:      137916 kB
VmallocChunk:   251418668 kB
Time pass: 280 sec

---2015-12-16 15:34:01
MemTotal:        2905316 kB
MemFree:           67896 kB
Buffers:           28540 kB
Cached:          1027524 kB
SwapCached:            0 kB
Active:          1302340 kB
Inactive:         704852 kB
Active(anon):     796472 kB
Inactive(anon):   198876 kB
Active(file):     505868 kB
Inactive(file):   505976 kB
Unevictable:       12460 kB
Mlocked:               0 kB
SwapTotal:        720184 kB
SwapFree:         720156 kB
Dirty:                80 kB
Writeback:             0 kB
AnonPages:        963724 kB
Mapped:           699344 kB
Shmem:             31752 kB
Slab:             118384 kB
SReclaimable:      40444 kB
SUnreclaim:        77940 kB
KernelStack:       34032 kB
PageTables:        56516 kB
NFS_Unstable:          0 kB
Bounce:                0 kB
WritebackTmp:          0 kB
CommitLimit:     2172840 kB
Committed_AS:   90190964 kB
VmallocTotal:   251658176 kB
VmallocUsed:      137916 kB
VmallocChunk:   251418668 kB
Time pass: 284 sec

---2015-12-16 15:34:01
MemTotal:        2905316 kB
MemFree:           69696 kB
Buffers:           28556 kB
Cached:          1027580 kB
SwapCached:            0 kB
Active:          1299856 kB
Inactive:         704904 kB
Active(anon):     793964 kB
Inactive(anon):   198876 kB
Active(file):     505892 kB
Inactive(file):   506028 kB
Unevictable:       12460 kB
Mlocked:               0 kB
SwapTotal:        720184 kB
SwapFree:         720156 kB
Dirty:               144 kB
Writeback:             0 kB
AnonPages:        961004 kB
Mapped:           699368 kB
Shmem:             31752 kB
Slab:             118456 kB
SReclaimable:      40444 kB
SUnreclaim:        78012 kB
KernelStack:       34032 kB
PageTables:        56524 kB
NFS_Unstable:          0 kB
Bounce:                0 kB
WritebackTmp:          0 kB
CommitLimit:     2172840 kB
Committed_AS:   90191012 kB
VmallocTotal:   251658176 kB
VmallocUsed:      137916 kB
VmallocChunk:   251418668 kB
Time pass: 288 sec

---2015-12-16 15:34:01
MemTotal:        2905316 kB
MemFree:           69484 kB
Buffers:           28556 kB
Cached:          1027704 kB
SwapCached:            0 kB
Active:          1300232 kB
Inactive:         705004 kB
Active(anon):     794320 kB
Inactive(anon):   198868 kB
Active(file):     505912 kB
Inactive(file):   506136 kB
Unevictable:       12460 kB
Mlocked:               0 kB
SwapTotal:        720184 kB
SwapFree:         720156 kB
Dirty:                12 kB
Writeback:             0 kB
AnonPages:        961296 kB
Mapped:           699420 kB
Shmem:             31752 kB
Slab:             118376 kB
SReclaimable:      40428 kB
SUnreclaim:        77948 kB
KernelStack:       34032 kB
PageTables:        56532 kB
NFS_Unstable:          0 kB
Bounce:                0 kB
WritebackTmp:          0 kB
CommitLimit:     2172840 kB
Committed_AS:   90190880 kB
VmallocTotal:   251658176 kB
VmallocUsed:      137916 kB
VmallocChunk:   251418668 kB
Time pass: 292 sec

---2015-12-16 15:34:01
MemTotal:        2905316 kB
MemFree:           75252 kB
Buffers:           28568 kB
Cached:          1027708 kB
SwapCached:            0 kB
Active:          1294504 kB
Inactive:         705012 kB
Active(anon):     788584 kB
Inactive(anon):   198868 kB
Active(file):     505920 kB
Inactive(file):   506144 kB
Unevictable:       12460 kB
Mlocked:               0 kB
SwapTotal:        720184 kB
SwapFree:         720156 kB
Dirty:                12 kB
Writeback:             0 kB
AnonPages:        956036 kB
Mapped:           699436 kB
Shmem:             31752 kB
Slab:             118404 kB
SReclaimable:      40428 kB
SUnreclaim:        77976 kB
KernelStack:       34016 kB
PageTables:        56532 kB
NFS_Unstable:          0 kB
Bounce:                0 kB
WritebackTmp:          0 kB
CommitLimit:     2172840 kB
Committed_AS:   90190960 kB
VmallocTotal:   251658176 kB
VmallocUsed:      137916 kB
VmallocChunk:   251418668 kB
Time pass: 295 sec

---2015-12-16 15:34:01
MemTotal:        2905316 kB
MemFree:           73992 kB
Buffers:           28580 kB
Cached:          1027868 kB
SwapCached:            0 kB
Active:          1295860 kB
Inactive:         705164 kB
Active(anon):     789920 kB
Inactive(anon):   198960 kB
Active(file):     505940 kB
Inactive(file):   506204 kB
Unevictable:       12460 kB
Mlocked:               0 kB
SwapTotal:        720184 kB
SwapFree:         720156 kB
Dirty:                 4 kB
Writeback:             0 kB
AnonPages:        957072 kB
Mapped:           699556 kB
Shmem:             31844 kB
Slab:             118388 kB
SReclaimable:      40428 kB
SUnreclaim:        77960 kB
KernelStack:       34016 kB
PageTables:        56524 kB
NFS_Unstable:          0 kB
Bounce:                0 kB
WritebackTmp:          0 kB
CommitLimit:     2172840 kB
Committed_AS:   90190988 kB
VmallocTotal:   251658176 kB
VmallocUsed:      137916 kB
VmallocChunk:   251418668 kB
Time pass: 299 sec

---2015-12-16 15:34:01
MemTotal:        2905316 kB
MemFree:           73792 kB
Buffers:           28588 kB
Cached:          1027872 kB
SwapCached:            0 kB
Active:          1295824 kB
Inactive:         705172 kB
Active(anon):     789880 kB
Inactive(anon):   198960 kB
Active(file):     505944 kB
Inactive(file):   506212 kB
Unevictable:       12460 kB
Mlocked:               0 kB
SwapTotal:        720184 kB
SwapFree:         720156 kB
Dirty:                68 kB
Writeback:             0 kB
AnonPages:        957080 kB
Mapped:           699588 kB
Shmem:             31844 kB
Slab:             118416 kB
SReclaimable:      40428 kB
SUnreclaim:        77988 kB
KernelStack:       34016 kB
PageTables:        56532 kB
NFS_Unstable:          0 kB
Bounce:                0 kB
WritebackTmp:          0 kB
CommitLimit:     2172840 kB
Committed_AS:   90190972 kB
VmallocTotal:   251658176 kB
VmallocUsed:      137916 kB
VmallocChunk:   251418668 kB
Time pass: 303 sec

---2015-12-16 15:34:01
MemTotal:        2905316 kB
MemFree:           71908 kB
Buffers:           28604 kB
Cached:          1027896 kB
SwapCached:            0 kB
Active:          1297304 kB
Inactive:         705164 kB
Active(anon):     791312 kB
Inactive(anon):   198960 kB
Active(file):     505992 kB
Inactive(file):   506204 kB
Unevictable:       12460 kB
Mlocked:               0 kB
SwapTotal:        720184 kB
SwapFree:         720156 kB
Dirty:               108 kB
Writeback:             0 kB
AnonPages:        958484 kB
Mapped:           699624 kB
Shmem:             31844 kB
Slab:             118420 kB
SReclaimable:      40428 kB
SUnreclaim:        77992 kB
KernelStack:       34048 kB
PageTables:        56532 kB
NFS_Unstable:          0 kB
Bounce:                0 kB
WritebackTmp:          0 kB
CommitLimit:     2172840 kB
Committed_AS:   90191528 kB
VmallocTotal:   251658176 kB
VmallocUsed:      137916 kB
VmallocChunk:   251418668 kB
Time pass: 307 sec

---2015-12-16 15:34:01
MemTotal:        2905316 kB
MemFree:           72376 kB
Buffers:           28612 kB
Cached:          1027956 kB
SwapCached:            0 kB
Active:          1297160 kB
Inactive:         705232 kB
Active(anon):     791168 kB
Inactive(anon):   198960 kB
Active(file):     505992 kB
Inactive(file):   506272 kB
Unevictable:       12460 kB
Mlocked:               0 kB
SwapTotal:        720184 kB
SwapFree:         720156 kB
Dirty:                76 kB
Writeback:             0 kB
AnonPages:        958456 kB
Mapped:           699656 kB
Shmem:             31844 kB
Slab:             118380 kB
SReclaimable:      40428 kB
SUnreclaim:        77952 kB
KernelStack:       34032 kB
PageTables:        56528 kB
NFS_Unstable:          0 kB
Bounce:                0 kB
WritebackTmp:          0 kB
CommitLimit:     2172840 kB
Committed_AS:   90191544 kB
VmallocTotal:   251658176 kB
VmallocUsed:      137916 kB
VmallocChunk:   251418668 kB
Time pass: 311 sec

---2015-12-16 15:34:01
MemTotal:        2905316 kB
MemFree:           71136 kB
Buffers:           28628 kB
Cached:          1027992 kB
SwapCached:            0 kB
Active:          1298564 kB
Inactive:         705276 kB
Active(anon):     792564 kB
Inactive(anon):   198960 kB
Active(file):     506000 kB
Inactive(file):   506316 kB
Unevictable:       12460 kB
Mlocked:               0 kB
SwapTotal:        720184 kB
SwapFree:         720156 kB
Dirty:                24 kB
Writeback:             0 kB
AnonPages:        959748 kB
Mapped:           699700 kB
Shmem:             31844 kB
Slab:             118396 kB
SReclaimable:      40428 kB
SUnreclaim:        77968 kB
KernelStack:       33984 kB
PageTables:        56516 kB
NFS_Unstable:          0 kB
Bounce:                0 kB
WritebackTmp:          0 kB
CommitLimit:     2172840 kB
Committed_AS:   90191528 kB
VmallocTotal:   251658176 kB
VmallocUsed:      137916 kB
VmallocChunk:   251418668 kB
Time pass: 315 sec

---2015-12-16 15:34:01
MemTotal:        2905316 kB
MemFree:           70000 kB
Buffers:           28636 kB
Cached:          1028476 kB
SwapCached:            0 kB
Active:          1299172 kB
Inactive:         705752 kB
Active(anon):     793156 kB
Inactive(anon):   198960 kB
Active(file):     506016 kB
Inactive(file):   506792 kB
Unevictable:       12460 kB
Mlocked:               0 kB
SwapTotal:        720184 kB
SwapFree:         720156 kB
Dirty:                56 kB
Writeback:             0 kB
AnonPages:        960276 kB
Mapped:           699780 kB
Shmem:             31844 kB
Slab:             118376 kB
SReclaimable:      40428 kB
SUnreclaim:        77948 kB
KernelStack:       33968 kB
PageTables:        56504 kB
NFS_Unstable:          0 kB
Bounce:                0 kB
WritebackTmp:          0 kB
CommitLimit:     2172840 kB
Committed_AS:   90191448 kB
VmallocTotal:   251658176 kB
VmallocUsed:      137916 kB
VmallocChunk:   251418668 kB
Time pass: 319 sec

---2015-12-16 15:34:01
MemTotal:        2905316 kB
MemFree:           77908 kB
Buffers:           28652 kB
Cached:          1028532 kB
SwapCached:            0 kB
Active:          1290900 kB
Inactive:         705804 kB
Active(anon):     784864 kB
Inactive(anon):   198960 kB
Active(file):     506036 kB
Inactive(file):   506844 kB
Unevictable:       12460 kB
Mlocked:               0 kB
SwapTotal:        720184 kB
SwapFree:         720156 kB
Dirty:               128 kB
Writeback:             0 kB
AnonPages:        952144 kB
Mapped:           699800 kB
Shmem:             31844 kB
Slab:             118432 kB
SReclaimable:      40428 kB
SUnreclaim:        78004 kB
KernelStack:       33936 kB
PageTables:        56504 kB
NFS_Unstable:          0 kB
Bounce:                0 kB
WritebackTmp:          0 kB
CommitLimit:     2172840 kB
Committed_AS:   90191388 kB
VmallocTotal:   251658176 kB
VmallocUsed:      137916 kB
VmallocChunk:   251418668 kB
Time pass: 322 sec

---2015-12-16 15:34:01
MemTotal:        2905316 kB
MemFree:           77888 kB
Buffers:           28660 kB
Cached:          1028540 kB
SwapCached:            0 kB
Active:          1290980 kB
Inactive:         705812 kB
Active(anon):     784940 kB
Inactive(anon):   198964 kB
Active(file):     506040 kB
Inactive(file):   506848 kB
Unevictable:       12460 kB
Mlocked:               0 kB
SwapTotal:        720184 kB
SwapFree:         720156 kB
Dirty:                64 kB
Writeback:             0 kB
AnonPages:        952148 kB
Mapped:           699840 kB
Shmem:             31848 kB
Slab:             118384 kB
SReclaimable:      40428 kB
SUnreclaim:        77956 kB
KernelStack:       33936 kB
PageTables:        56508 kB
NFS_Unstable:          0 kB
Bounce:                0 kB
WritebackTmp:          0 kB
CommitLimit:     2172840 kB
Committed_AS:   90191324 kB
VmallocTotal:   251658176 kB
VmallocUsed:      137916 kB
VmallocChunk:   251418668 kB
Time pass: 326 sec

---2015-12-16 15:34:01
MemTotal:        2905316 kB
MemFree:           76592 kB
Buffers:           28676 kB
Cached:          1028600 kB
SwapCached:            0 kB
Active:          1292268 kB
Inactive:         705876 kB
Active(anon):     786212 kB
Inactive(anon):   198988 kB
Active(file):     506056 kB
Inactive(file):   506888 kB
Unevictable:       12460 kB
Mlocked:               0 kB
SwapTotal:        720184 kB
SwapFree:         720156 kB
Dirty:                36 kB
Writeback:             0 kB
AnonPages:        953440 kB
Mapped:           699892 kB
Shmem:             31872 kB
Slab:             118380 kB
SReclaimable:      40428 kB
SUnreclaim:        77952 kB
KernelStack:       33936 kB
PageTables:        56492 kB
NFS_Unstable:          0 kB
Bounce:                0 kB
WritebackTmp:          0 kB
CommitLimit:     2172840 kB
Committed_AS:   90191360 kB
VmallocTotal:   251658176 kB
VmallocUsed:      137916 kB
VmallocChunk:   251418668 kB
Time pass: 330 sec

---2015-12-16 15:34:01
MemTotal:        2905316 kB
MemFree:           75720 kB
Buffers:           28684 kB
Cached:          1028748 kB
SwapCached:            0 kB
Active:          1292508 kB
Inactive:         706028 kB
Active(anon):     786448 kB
Inactive(anon):   199128 kB
Active(file):     506060 kB
Inactive(file):   506900 kB
Unevictable:       12460 kB
Mlocked:               0 kB
SwapTotal:        720184 kB
SwapFree:         720156 kB
Dirty:                 8 kB
Writeback:             0 kB
AnonPages:        953716 kB
Mapped:           700064 kB
Shmem:             32012 kB
Slab:             118380 kB
SReclaimable:      40428 kB
SUnreclaim:        77952 kB
KernelStack:       33936 kB
PageTables:        56504 kB
NFS_Unstable:          0 kB
Bounce:                0 kB
WritebackTmp:          0 kB
CommitLimit:     2172840 kB
Committed_AS:   90191372 kB
VmallocTotal:   251658176 kB
VmallocUsed:      137916 kB
VmallocChunk:   251418668 kB
Time pass: 334 sec

---2015-12-16 15:34:01
MemTotal:        2905316 kB
MemFree:           73484 kB
Buffers:           28724 kB
Cached:          1028836 kB
SwapCached:            0 kB
Active:          1294512 kB
Inactive:         706120 kB
Active(anon):     788428 kB
Inactive(anon):   199128 kB
Active(file):     506084 kB
Inactive(file):   506992 kB
Unevictable:       12460 kB
Mlocked:               0 kB
SwapTotal:        720184 kB
SwapFree:         720156 kB
Dirty:               164 kB
Writeback:             0 kB
AnonPages:        955768 kB
Mapped:           700092 kB
Shmem:             32012 kB
Slab:             118388 kB
SReclaimable:      40428 kB
SUnreclaim:        77960 kB
KernelStack:       33920 kB
PageTables:        56508 kB
NFS_Unstable:          0 kB
Bounce:                0 kB
WritebackTmp:          0 kB
CommitLimit:     2172840 kB
Committed_AS:   90191340 kB
VmallocTotal:   251658176 kB
VmallocUsed:      137916 kB
VmallocChunk:   251418668 kB
Time pass: 338 sec

---2015-12-16 15:34:01
MemTotal:        2905316 kB
MemFree:           74120 kB
Buffers:           28724 kB
Cached:          1028872 kB
SwapCached:            0 kB
Active:          1294464 kB
Inactive:         706152 kB
Active(anon):     788364 kB
Inactive(anon):   199132 kB
Active(file):     506100 kB
Inactive(file):   507020 kB
Unevictable:       12460 kB
Mlocked:               0 kB
SwapTotal:        720184 kB
SwapFree:         720156 kB
Dirty:                20 kB
Writeback:             0 kB
AnonPages:        955556 kB
Mapped:           700116 kB
Shmem:             32016 kB
Slab:             118380 kB
SReclaimable:      40428 kB
SUnreclaim:        77952 kB
KernelStack:       33920 kB
PageTables:        56504 kB
NFS_Unstable:          0 kB
Bounce:                0 kB
WritebackTmp:          0 kB
CommitLimit:     2172840 kB
Committed_AS:   90191348 kB
VmallocTotal:   251658176 kB
VmallocUsed:      137916 kB
VmallocChunk:   251418668 kB
Time pass: 341 sec

---2015-12-16 15:34:01
MemTotal:        2905316 kB
MemFree:           72564 kB
Buffers:           28748 kB
Cached:          1028888 kB
SwapCached:            0 kB
Active:          1295824 kB
Inactive:         706192 kB
Active(anon):     789724 kB
Inactive(anon):   199132 kB
Active(file):     506100 kB
Inactive(file):   507060 kB
Unevictable:       12460 kB
Mlocked:               0 kB
SwapTotal:        720184 kB
SwapFree:         720156 kB
Dirty:                88 kB
Writeback:             0 kB
AnonPages:        956776 kB
Mapped:           700132 kB
Shmem:             32016 kB
Slab:             118388 kB
SReclaimable:      40428 kB
SUnreclaim:        77960 kB
KernelStack:       33904 kB
PageTables:        56500 kB
NFS_Unstable:          0 kB
Bounce:                0 kB
WritebackTmp:          0 kB
CommitLimit:     2172840 kB
Committed_AS:   90191232 kB
VmallocTotal:   251658176 kB
VmallocUsed:      137916 kB
VmallocChunk:   251418668 kB
Time pass: 345 sec

---2015-12-16 15:34:01
MemTotal:        2905316 kB
MemFree:           72508 kB
Buffers:           28756 kB
Cached:          1028900 kB
SwapCached:            0 kB
Active:          1296236 kB
Inactive:         706196 kB
Active(anon):     790120 kB
Inactive(anon):   199132 kB
Active(file):     506116 kB
Inactive(file):   507064 kB
Unevictable:       12460 kB
Mlocked:               0 kB
SwapTotal:        720184 kB
SwapFree:         720156 kB
Dirty:                 8 kB
Writeback:             0 kB
AnonPages:        957208 kB
Mapped:           700152 kB
Shmem:             32016 kB
Slab:             118380 kB
SReclaimable:      40428 kB
SUnreclaim:        77952 kB
KernelStack:       33888 kB
PageTables:        56508 kB
NFS_Unstable:          0 kB
Bounce:                0 kB
WritebackTmp:          0 kB
CommitLimit:     2172840 kB
Committed_AS:   90191356 kB
VmallocTotal:   251658176 kB
VmallocUsed:      137916 kB
VmallocChunk:   251418668 kB
Time pass: 349 sec

---2015-12-16 15:34:01
MemTotal:        2905316 kB
MemFree:           71208 kB
Buffers:           28772 kB
Cached:          1028940 kB
SwapCached:            0 kB
Active:          1297340 kB
Inactive:         706244 kB
Active(anon):     791216 kB
Inactive(anon):   199132 kB
Active(file):     506124 kB
Inactive(file):   507112 kB
Unevictable:       12460 kB
Mlocked:               0 kB
SwapTotal:        720184 kB
SwapFree:         720156 kB
Dirty:               120 kB
Writeback:             0 kB
AnonPages:        958512 kB
Mapped:           700176 kB
Shmem:             32016 kB
Slab:             118440 kB
SReclaimable:      40428 kB
SUnreclaim:        78012 kB
KernelStack:       33872 kB
PageTables:        56508 kB
NFS_Unstable:          0 kB
Bounce:                0 kB
WritebackTmp:          0 kB
CommitLimit:     2172840 kB
Committed_AS:   90191316 kB
VmallocTotal:   251658176 kB
VmallocUsed:      137916 kB
VmallocChunk:   251418668 kB
Time pass: 353 sec

---2015-12-16 15:34:01
MemTotal:        2905316 kB
MemFree:           70780 kB
Buffers:           28780 kB
Cached:          1028940 kB
SwapCached:            0 kB
Active:          1297404 kB
Inactive:         706240 kB
Active(anon):     791268 kB
Inactive(anon):   199132 kB
Active(file):     506136 kB
Inactive(file):   507108 kB
Unevictable:       12460 kB
Mlocked:               0 kB
SwapTotal:        720184 kB
SwapFree:         720156 kB
Dirty:                12 kB
Writeback:             0 kB
AnonPages:        958712 kB
Mapped:           700196 kB
Shmem:             32016 kB
Slab:             118404 kB
SReclaimable:      40428 kB
SUnreclaim:        77976 kB
KernelStack:       33904 kB
PageTables:        56508 kB
NFS_Unstable:          0 kB
Bounce:                0 kB
WritebackTmp:          0 kB
CommitLimit:     2172840 kB
Committed_AS:   90191312 kB
VmallocTotal:   251658176 kB
VmallocUsed:      137916 kB
VmallocChunk:   251418668 kB
Time pass: 357 sec

---2015-12-16 15:34:01
MemTotal:        2905316 kB
MemFree:           69540 kB
Buffers:           28796 kB
Cached:          1028968 kB
SwapCached:            0 kB
Active:          1299360 kB
Inactive:         706284 kB
Active(anon):     793232 kB
Inactive(anon):   199132 kB
Active(file):     506128 kB
Inactive(file):   507152 kB
Unevictable:       12460 kB
Mlocked:               0 kB
SwapTotal:        720184 kB
SwapFree:         720156 kB
Dirty:               108 kB
Writeback:             0 kB
AnonPages:        960556 kB
Mapped:           700164 kB
Shmem:             32016 kB
Slab:             118452 kB
SReclaimable:      40428 kB
SUnreclaim:        78024 kB
KernelStack:       33840 kB
PageTables:        56456 kB
NFS_Unstable:          0 kB
Bounce:                0 kB
WritebackTmp:          0 kB
CommitLimit:     2172840 kB
Committed_AS:   90191288 kB
VmallocTotal:   251658176 kB
VmallocUsed:      137916 kB
VmallocChunk:   251418668 kB
Time pass: 361 sec

---2015-12-16 15:34:01
MemTotal:        2905316 kB
MemFree:           68244 kB
Buffers:           28796 kB
Cached:          1028992 kB
SwapCached:            0 kB
Active:          1299968 kB
Inactive:         706292 kB
Active(anon):     793816 kB
Inactive(anon):   199132 kB
Active(file):     506152 kB
Inactive(file):   507160 kB
Unevictable:       12460 kB
Mlocked:               0 kB
SwapTotal:        720184 kB
SwapFree:         720156 kB
Dirty:                16 kB
Writeback:             0 kB
AnonPages:        961196 kB
Mapped:           700240 kB
Shmem:             32016 kB
Slab:             118380 kB
SReclaimable:      40428 kB
SUnreclaim:        77952 kB
KernelStack:       33952 kB
PageTables:        56500 kB
NFS_Unstable:          0 kB
Bounce:                0 kB
WritebackTmp:          0 kB
CommitLimit:     2172840 kB
Committed_AS:   90191352 kB
VmallocTotal:   251658176 kB
VmallocUsed:      137916 kB
VmallocChunk:   251418668 kB
Time pass: 364 sec

---2015-12-16 15:34:01
MemTotal:        2905316 kB
MemFree:           71028 kB
Buffers:           28820 kB
Cached:          1029052 kB
SwapCached:            0 kB
Active:          1297272 kB
Inactive:         706348 kB
Active(anon):     791100 kB
Inactive(anon):   199128 kB
Active(file):     506172 kB
Inactive(file):   507220 kB
Unevictable:       12460 kB
Mlocked:               0 kB
SwapTotal:        720184 kB
SwapFree:         720156 kB
Dirty:               112 kB
Writeback:             0 kB
AnonPages:        958452 kB
Mapped:           700312 kB
Shmem:             32016 kB
Slab:             118380 kB
SReclaimable:      40428 kB
SUnreclaim:        77952 kB
KernelStack:       33888 kB
PageTables:        56512 kB
NFS_Unstable:          0 kB
Bounce:                0 kB
WritebackTmp:          0 kB
CommitLimit:     2172840 kB
Committed_AS:   90191336 kB
VmallocTotal:   251658176 kB
VmallocUsed:      137916 kB
VmallocChunk:   251418668 kB
Time pass: 368 sec

---2015-12-16 15:34:01
MemTotal:        2905316 kB
MemFree:           71652 kB
Buffers:           28820 kB
Cached:          1029084 kB
SwapCached:            0 kB
Active:          1297116 kB
Inactive:         706372 kB
Active(anon):     790936 kB
Inactive(anon):   199124 kB
Active(file):     506180 kB
Inactive(file):   507248 kB
Unevictable:       12460 kB
Mlocked:               0 kB
SwapTotal:        720184 kB
SwapFree:         720156 kB
Dirty:                24 kB
Writeback:             0 kB
AnonPages:        958144 kB
Mapped:           700332 kB
Shmem:             32016 kB
Slab:             118380 kB
SReclaimable:      40428 kB
SUnreclaim:        77952 kB
KernelStack:       33904 kB
PageTables:        56512 kB
NFS_Unstable:          0 kB
Bounce:                0 kB
WritebackTmp:          0 kB
CommitLimit:     2172840 kB
Committed_AS:   90191336 kB
VmallocTotal:   251658176 kB
VmallocUsed:      137916 kB
VmallocChunk:   251418668 kB
Time pass: 372 sec

---2015-12-16 15:34:01
MemTotal:        2905316 kB
MemFree:           77044 kB
Buffers:           28844 kB
Cached:          1029100 kB
SwapCached:            0 kB
Active:          1291128 kB
Inactive:         706404 kB
Active(anon):     784944 kB
Inactive(anon):   199124 kB
Active(file):     506184 kB
Inactive(file):   507280 kB
Unevictable:       12460 kB
Mlocked:               0 kB
SwapTotal:        720184 kB
SwapFree:         720156 kB
Dirty:               108 kB
Writeback:             0 kB
AnonPages:        952116 kB
Mapped:           700360 kB
Shmem:             32016 kB
Slab:             118396 kB
SReclaimable:      40428 kB
SUnreclaim:        77968 kB
KernelStack:       33888 kB
PageTables:        56500 kB
NFS_Unstable:          0 kB
Bounce:                0 kB
WritebackTmp:          0 kB
CommitLimit:     2172840 kB
Committed_AS:   90191348 kB
VmallocTotal:   251658176 kB
VmallocUsed:      137916 kB
VmallocChunk:   251418668 kB
Time pass: 376 sec

---2015-12-16 15:34:01
MemTotal:        2905316 kB
MemFree:           76196 kB
Buffers:           28844 kB
Cached:          1029116 kB
SwapCached:            0 kB
Active:          1292188 kB
Inactive:         706412 kB
Active(anon):     785992 kB
Inactive(anon):   199124 kB
Active(file):     506196 kB
Inactive(file):   507288 kB
Unevictable:       12460 kB
Mlocked:               0 kB
SwapTotal:        720184 kB
SwapFree:         720156 kB
Dirty:                 8 kB
Writeback:             0 kB
AnonPages:        953000 kB
Mapped:           700384 kB
Shmem:             32016 kB
Slab:             118412 kB
SReclaimable:      40428 kB
SUnreclaim:        77984 kB
KernelStack:       33904 kB
PageTables:        56520 kB
NFS_Unstable:          0 kB
Bounce:                0 kB
WritebackTmp:          0 kB
CommitLimit:     2172840 kB
Committed_AS:   90191260 kB
VmallocTotal:   251658176 kB
VmallocUsed:      137916 kB
VmallocChunk:   251418668 kB
Time pass: 380 sec

---2015-12-16 15:34:01
MemTotal:        2905316 kB
MemFree:           74300 kB
Buffers:           28868 kB
Cached:          1029592 kB
SwapCached:            0 kB
Active:          1293356 kB
Inactive:         706860 kB
Active(anon):     787128 kB
Inactive(anon):   199124 kB
Active(file):     506228 kB
Inactive(file):   507736 kB
Unevictable:       12460 kB
Mlocked:               0 kB
SwapTotal:        720184 kB
SwapFree:         720156 kB
Dirty:               128 kB
Writeback:             0 kB
AnonPages:        954208 kB
Mapped:           700560 kB
Shmem:             32016 kB
Slab:             118388 kB
SReclaimable:      40428 kB
SUnreclaim:        77960 kB
KernelStack:       33968 kB
PageTables:        56520 kB
NFS_Unstable:          0 kB
Bounce:                0 kB
WritebackTmp:          0 kB
CommitLimit:     2172840 kB
Committed_AS:   90191420 kB
VmallocTotal:   251658176 kB
VmallocUsed:      137916 kB
VmallocChunk:   251418668 kB
Time pass: 384 sec

---2015-12-16 15:34:01
MemTotal:        2905316 kB
MemFree:           75256 kB
Buffers:           28876 kB
Cached:          1029600 kB
SwapCached:            0 kB
Active:          1292948 kB
Inactive:         706904 kB
Active(anon):     786728 kB
Inactive(anon):   199124 kB
Active(file):     506220 kB
Inactive(file):   507780 kB
Unevictable:       12460 kB
Mlocked:               0 kB
SwapTotal:        720184 kB
SwapFree:         720156 kB
Dirty:                 4 kB
Writeback:           144 kB
AnonPages:        953780 kB
Mapped:           700584 kB
Shmem:             32016 kB
Slab:             118388 kB
SReclaimable:      40428 kB
SUnreclaim:        77960 kB
KernelStack:       33920 kB
PageTables:        56508 kB
NFS_Unstable:          0 kB
Bounce:                0 kB
WritebackTmp:          0 kB
CommitLimit:     2172840 kB
Committed_AS:   90191420 kB
VmallocTotal:   251658176 kB
VmallocUsed:      137916 kB
VmallocChunk:   251418668 kB
Time pass: 388 sec

---2015-12-16 15:34:01
MemTotal:        2905316 kB
MemFree:           74084 kB
Buffers:           28892 kB
Cached:          1029592 kB
SwapCached:            0 kB
Active:          1293884 kB
Inactive:         706904 kB
Active(anon):     787656 kB
Inactive(anon):   199124 kB
Active(file):     506228 kB
Inactive(file):   507780 kB
Unevictable:       12460 kB
Mlocked:               0 kB
SwapTotal:        720184 kB
SwapFree:         720156 kB
Dirty:                28 kB
Writeback:             0 kB
AnonPages:        954624 kB
Mapped:           700616 kB
Shmem:             32016 kB
Slab:             118384 kB
SReclaimable:      40428 kB
SUnreclaim:        77956 kB
KernelStack:       33936 kB
PageTables:        56508 kB
NFS_Unstable:          0 kB
Bounce:                0 kB
WritebackTmp:          0 kB
CommitLimit:     2172840 kB
Committed_AS:   90191408 kB
VmallocTotal:   251658176 kB
VmallocUsed:      137916 kB
VmallocChunk:   251418668 kB
Time pass: 392 sec

---2015-12-16 15:34:01
MemTotal:        2905316 kB
MemFree:           72652 kB
Buffers:           28892 kB
Cached:          1029636 kB
SwapCached:            0 kB
Active:          1294204 kB
Inactive:         706944 kB
