---2015-12-04 21:02:09
MemTotal:        2895588 kB
MemFree:          111868 kB
Buffers:           11636 kB
Cached:          1637056 kB
SwapCached:            0 kB
Active:           817288 kB
Inactive:        1432952 kB
Active(anon):     491064 kB
Inactive(anon):   115896 kB
Active(file):     326224 kB
Inactive(file):  1317056 kB
Unevictable:        2748 kB
Mlocked:               0 kB
HighTotal:       2306432 kB
HighFree:          42852 kB
LowTotal:         589156 kB
LowFree:           69016 kB
SwapTotal:       1048572 kB
SwapFree:        1048572 kB
Dirty:                 0 kB
Writeback:             0 kB
AnonPages:        604320 kB
Mapped:           376412 kB
Shmem:              2664 kB
Slab:              54876 kB
SReclaimable:      19616 kB
SUnreclaim:        35260 kB
KernelStack:       13008 kB
PageTables:        39168 kB
NFS_Unstable:          0 kB
Bounce:                0 kB
WritebackTmp:          0 kB
CommitLimit:     2496364 kB
Committed_AS:   84888084 kB
VmallocTotal:     385024 kB
VmallocUsed:      153268 kB
VmallocChunk:      60484 kB
Time pass: 3 sec

---2015-12-04 21:02:09
MemTotal:        2895588 kB
MemFree:          111424 kB
Buffers:           11636 kB
Cached:          1637056 kB
SwapCached:            0 kB
Active:           817316 kB
Inactive:        1432948 kB
Active(anon):     491092 kB
Inactive(anon):   115892 kB
Active(file):     326224 kB
Inactive(file):  1317056 kB
Unevictable:        2748 kB
Mlocked:               0 kB
HighTotal:       2306432 kB
HighFree:          42480 kB
LowTotal:         589156 kB
LowFree:           68944 kB
SwapTotal:       1048572 kB
SwapFree:        1048572 kB
Dirty:                 0 kB
Writeback:             0 kB
AnonPages:        604564 kB
Mapped:           376472 kB
Shmem:              2664 kB
Slab:              54932 kB
SReclaimable:      19616 kB
SUnreclaim:        35316 kB
KernelStack:       13000 kB
PageTables:        39188 kB
NFS_Unstable:          0 kB
Bounce:                0 kB
WritebackTmp:          0 kB
CommitLimit:     2496364 kB
Committed_AS:   84888160 kB
VmallocTotal:     385024 kB
VmallocUsed:      153268 kB
VmallocChunk:      60484 kB
Time pass: 7 sec

---2015-12-04 21:02:09
MemTotal:        2895588 kB
MemFree:          110572 kB
Buffers:           11636 kB
Cached:          1637056 kB
SwapCached:            0 kB
Active:           817488 kB
Inactive:        1432948 kB
Active(anon):     491264 kB
Inactive(anon):   115892 kB
Active(file):     326224 kB
Inactive(file):  1317056 kB
Unevictable:        2748 kB
Mlocked:               0 kB
HighTotal:       2306432 kB
HighFree:          41860 kB
LowTotal:         589156 kB
LowFree:           68712 kB
SwapTotal:       1048572 kB
SwapFree:        1048572 kB
Dirty:                 0 kB
Writeback:             0 kB
AnonPages:        604720 kB
Mapped:           376524 kB
Shmem:              2664 kB
Slab:              54892 kB
SReclaimable:      19616 kB
SUnreclaim:        35276 kB
KernelStack:       13000 kB
PageTables:        39208 kB
NFS_Unstable:          0 kB
Bounce:                0 kB
WritebackTmp:          0 kB
CommitLimit:     2496364 kB
Committed_AS:   84888328 kB
VmallocTotal:     385024 kB
VmallocUsed:      153268 kB
VmallocChunk:      60484 kB
Time pass: 10 sec

---2015-12-04 21:02:09
MemTotal:        2895588 kB
MemFree:          110444 kB
Buffers:           11636 kB
Cached:          1637056 kB
SwapCached:            0 kB
Active:           817548 kB
Inactive:        1432948 kB
Active(anon):     491324 kB
Inactive(anon):   115892 kB
Active(file):     326224 kB
Inactive(file):  1317056 kB
Unevictable:        2748 kB
Mlocked:               0 kB
HighTotal:       2306432 kB
HighFree:          41684 kB
LowTotal:         589156 kB
LowFree:           68760 kB
SwapTotal:       1048572 kB
SwapFree:        1048572 kB
Dirty:                 0 kB
Writeback:             0 kB
AnonPages:        604968 kB
Mapped:           376576 kB
Shmem:              2664 kB
Slab:              54876 kB
SReclaimable:      19616 kB
SUnreclaim:        35260 kB
KernelStack:       13000 kB
PageTables:        39228 kB
NFS_Unstable:          0 kB
Bounce:                0 kB
WritebackTmp:          0 kB
CommitLimit:     2496364 kB
Committed_AS:   84888496 kB
VmallocTotal:     385024 kB
VmallocUsed:      153268 kB
VmallocChunk:      60484 kB
Time pass: 14 sec

---2015-12-04 21:02:09
MemTotal:        2895588 kB
MemFree:          102612 kB
Buffers:           11648 kB
Cached:          1643888 kB
SwapCached:            0 kB
Active:           817192 kB
Inactive:        1439604 kB
Active(anon):     490960 kB
Inactive(anon):   115848 kB
Active(file):     326232 kB
Inactive(file):  1323756 kB
Unevictable:        2748 kB
Mlocked:               0 kB
HighTotal:       2306432 kB
HighFree:          38284 kB
LowTotal:         589156 kB
LowFree:           64328 kB
SwapTotal:       1048572 kB
SwapFree:        1048572 kB
Dirty:                 0 kB
Writeback:             0 kB
AnonPages:        603716 kB
Mapped:           373368 kB
Shmem:              2664 kB
Slab:              54908 kB
SReclaimable:      19616 kB
SUnreclaim:        35292 kB
KernelStack:       13000 kB
PageTables:        39576 kB
NFS_Unstable:          0 kB
Bounce:                0 kB
WritebackTmp:          0 kB
CommitLimit:     2496364 kB
Committed_AS:   86156744 kB
VmallocTotal:     385024 kB
VmallocUsed:      156468 kB
VmallocChunk:      60484 kB
Time pass: 17 sec

---2015-12-04 21:02:09
MemTotal:        2895588 kB
MemFree:           72376 kB
Buffers:           11928 kB
Cached:          1477420 kB
SwapCached:            0 kB
Active:           667992 kB
Inactive:        1460188 kB
Active(anon):     319044 kB
Inactive(anon):   324844 kB
Active(file):     348948 kB
Inactive(file):  1135344 kB
Unevictable:        2748 kB
Mlocked:               0 kB
HighTotal:       2306432 kB
HighFree:          38972 kB
LowTotal:         589156 kB
LowFree:           33404 kB
SwapTotal:       1048572 kB
SwapFree:        1048572 kB
Dirty:              1400 kB
Writeback:             0 kB
AnonPages:        640544 kB
Mapped:           395496 kB
Shmem:              2860 kB
Slab:              55080 kB
SReclaimable:      19776 kB
SUnreclaim:        35304 kB
KernelStack:       13696 kB
PageTables:        40228 kB
NFS_Unstable:          0 kB
Bounce:                0 kB
WritebackTmp:          0 kB
CommitLimit:     2496364 kB
Committed_AS:   86226516 kB
VmallocTotal:     385024 kB
VmallocUsed:      155032 kB
VmallocChunk:      60484 kB
Time pass: 20 sec

---2015-12-04 21:02:09
MemTotal:        2895588 kB
MemFree:           98988 kB
Buffers:           11928 kB
Cached:          1444252 kB
SwapCached:            0 kB
Active:           647096 kB
Inactive:        1418588 kB
Active(anon):     296724 kB
Inactive(anon):   318324 kB
Active(file):     350372 kB
Inactive(file):  1100264 kB
Unevictable:        2748 kB
Mlocked:               0 kB
HighTotal:       2306432 kB
HighFree:          62480 kB
LowTotal:         589156 kB
LowFree:           36508 kB
SwapTotal:       1048572 kB
SwapFree:        1048572 kB
Dirty:               132 kB
Writeback:             0 kB
AnonPages:        612324 kB
Mapped:           395360 kB
Shmem:              2796 kB
Slab:              55168 kB
SReclaimable:      19796 kB
SUnreclaim:        35372 kB
KernelStack:       13672 kB
PageTables:        40024 kB
NFS_Unstable:          0 kB
Bounce:                0 kB
WritebackTmp:          0 kB
CommitLimit:     2496364 kB
Committed_AS:   86213844 kB
VmallocTotal:     385024 kB
VmallocUsed:      155336 kB
VmallocChunk:      60484 kB
Time pass: 24 sec

---2015-12-04 21:02:09
MemTotal:        2895588 kB
MemFree:          100720 kB
Buffers:           11944 kB
Cached:          1444204 kB
SwapCached:            0 kB
Active:           646208 kB
Inactive:        1418324 kB
Active(anon):     295724 kB
Inactive(anon):   318212 kB
Active(file):     350484 kB
Inactive(file):  1100112 kB
Unevictable:        2748 kB
Mlocked:               0 kB
HighTotal:       2306432 kB
HighFree:          63964 kB
LowTotal:         589156 kB
LowFree:           36756 kB
SwapTotal:       1048572 kB
SwapFree:        1048572 kB
Dirty:               132 kB
Writeback:             0 kB
AnonPages:        611380 kB
Mapped:           395416 kB
Shmem:              2796 kB
Slab:              55180 kB
SReclaimable:      19796 kB
SUnreclaim:        35384 kB
KernelStack:       13664 kB
PageTables:        40044 kB
NFS_Unstable:          0 kB
Bounce:                0 kB
WritebackTmp:          0 kB
CommitLimit:     2496364 kB
Committed_AS:   86214020 kB
VmallocTotal:     385024 kB
VmallocUsed:      155336 kB
VmallocChunk:      60484 kB
Time pass: 27 sec

---2015-12-04 21:02:09
MemTotal:        2895588 kB
MemFree:          100904 kB
Buffers:           11944 kB
Cached:          1444204 kB
SwapCached:            0 kB
Active:           646412 kB
Inactive:        1418332 kB
Active(anon):     295928 kB
Inactive(anon):   318212 kB
Active(file):     350484 kB
Inactive(file):  1100120 kB
Unevictable:        2748 kB
Mlocked:               0 kB
HighTotal:       2306432 kB
HighFree:          64212 kB
LowTotal:         589156 kB
LowFree:           36692 kB
SwapTotal:       1048572 kB
SwapFree:        1048572 kB
Dirty:               132 kB
Writeback:             0 kB
AnonPages:        611624 kB
Mapped:           395432 kB
Shmem:              2796 kB
Slab:              55124 kB
SReclaimable:      19796 kB
SUnreclaim:        35328 kB
KernelStack:       13664 kB
PageTables:        40024 kB
NFS_Unstable:          0 kB
Bounce:                0 kB
WritebackTmp:          0 kB
CommitLimit:     2496364 kB
Committed_AS:   86214232 kB
VmallocTotal:     385024 kB
VmallocUsed:      155336 kB
VmallocChunk:      60484 kB
Time pass: 31 sec

---2015-12-04 21:02:09
MemTotal:        2895588 kB
MemFree:           90668 kB
Buffers:           11956 kB
Cached:          1448580 kB
SwapCached:            0 kB
Active:           653524 kB
Inactive:        1422256 kB
Active(anon):     303040 kB
Inactive(anon):   318212 kB
Active(file):     350484 kB
Inactive(file):  1104044 kB
Unevictable:        2748 kB
Mlocked:               0 kB
HighTotal:       2306432 kB
HighFree:          54416 kB
LowTotal:         589156 kB
LowFree:           36252 kB
SwapTotal:       1048572 kB
SwapFree:        1048572 kB
Dirty:                32 kB
Writeback:             0 kB
AnonPages:        618752 kB
Mapped:           396144 kB
Shmem:              2796 kB
Slab:              55204 kB
SReclaimable:      19796 kB
SUnreclaim:        35408 kB
KernelStack:       13664 kB
PageTables:        40416 kB
NFS_Unstable:          0 kB
Bounce:                0 kB
WritebackTmp:          0 kB
CommitLimit:     2496364 kB
Committed_AS:   87459420 kB
VmallocTotal:     385024 kB
VmallocUsed:      156440 kB
VmallocChunk:      60484 kB
Time pass: 35 sec

---2015-12-04 21:02:09
MemTotal:        2895588 kB
MemFree:           73288 kB
Buffers:           11980 kB
Cached:          1389968 kB
SwapCached:            0 kB
Active:           678632 kB
Inactive:        1361436 kB
Active(anon):     322008 kB
Inactive(anon):   322168 kB
Active(file):     356624 kB
Inactive(file):  1039268 kB
Unevictable:        2748 kB
Mlocked:               0 kB
HighTotal:       2306432 kB
HighFree:          40160 kB
LowTotal:         589156 kB
LowFree:           33128 kB
SwapTotal:       1048572 kB
SwapFree:        1048572 kB
Dirty:               124 kB
Writeback:             0 kB
AnonPages:        642416 kB
Mapped:           396640 kB
Shmem:              2796 kB
Slab:              55128 kB
SReclaimable:      19808 kB
SUnreclaim:        35320 kB
KernelStack:       13864 kB
PageTables:        40228 kB
NFS_Unstable:          0 kB
Bounce:                0 kB
WritebackTmp:          0 kB
CommitLimit:     2496364 kB
Committed_AS:   86242116 kB
VmallocTotal:     385024 kB
VmallocUsed:      155948 kB
VmallocChunk:      60484 kB
Time pass: 38 sec

---2015-12-04 21:02:09
MemTotal:        2895588 kB
MemFree:           84040 kB
Buffers:           11968 kB
Cached:          1387056 kB
SwapCached:            0 kB
Active:           672644 kB
Inactive:        1359548 kB
Active(anon):     315820 kB
Inactive(anon):   322892 kB
Active(file):     356824 kB
Inactive(file):  1036656 kB
Unevictable:        2748 kB
Mlocked:               0 kB
HighTotal:       2306432 kB
HighFree:          46884 kB
LowTotal:         589156 kB
LowFree:           37156 kB
SwapTotal:       1048572 kB
SwapFree:        1048572 kB
Dirty:               176 kB
Writeback:             0 kB
AnonPages:        635524 kB
Mapped:           396980 kB
Shmem:              2796 kB
Slab:              55164 kB
SReclaimable:      19812 kB
SUnreclaim:        35352 kB
KernelStack:       13800 kB
PageTables:        40244 kB
NFS_Unstable:          0 kB
Bounce:                0 kB
WritebackTmp:          0 kB
CommitLimit:     2496364 kB
Committed_AS:   86233388 kB
VmallocTotal:     385024 kB
VmallocUsed:      155856 kB
VmallocChunk:      60484 kB
Time pass: 42 sec

---2015-12-04 21:02:09
MemTotal:        2895588 kB
MemFree:           73420 kB
Buffers:           11940 kB
Cached:          1338672 kB
SwapCached:            0 kB
Active:           690972 kB
Inactive:        1318212 kB
Active(anon):     331160 kB
Inactive(anon):   333252 kB
Active(file):     359812 kB
Inactive(file):   984960 kB
Unevictable:        2748 kB
Mlocked:               0 kB
HighTotal:       2306432 kB
HighFree:          42060 kB
LowTotal:         589156 kB
LowFree:           31360 kB
SwapTotal:       1048572 kB
SwapFree:        1048572 kB
Dirty:              1312 kB
Writeback:             0 kB
AnonPages:        661580 kB
Mapped:           398460 kB
Shmem:              2796 kB
Slab:              55224 kB
SReclaimable:      19876 kB
SUnreclaim:        35348 kB
KernelStack:       13936 kB
PageTables:        40304 kB
NFS_Unstable:          0 kB
Bounce:                0 kB
WritebackTmp:          0 kB
CommitLimit:     2496364 kB
Committed_AS:   86247628 kB
VmallocTotal:     385024 kB
VmallocUsed:      156536 kB
VmallocChunk:      60484 kB
Time pass: 45 sec

---2015-12-04 21:02:09
MemTotal:        2895588 kB
MemFree:           86276 kB
Buffers:           11944 kB
Cached:          1332228 kB
SwapCached:            0 kB
Active:           674972 kB
Inactive:        1311088 kB
Active(anon):     314256 kB
Inactive(anon):   333176 kB
Active(file):     360716 kB
Inactive(file):   977912 kB
Unevictable:        2748 kB
Mlocked:               0 kB
HighTotal:       2306432 kB
HighFree:          50584 kB
LowTotal:         589156 kB
LowFree:           35692 kB
SwapTotal:       1048572 kB
SwapFree:        1048572 kB
Dirty:                 4 kB
Writeback:             0 kB
AnonPages:        644816 kB
Mapped:           398476 kB
Shmem:              2796 kB
Slab:              55156 kB
SReclaimable:      19884 kB
SUnreclaim:        35272 kB
KernelStack:       13944 kB
PageTables:        40244 kB
NFS_Unstable:          0 kB
Bounce:                0 kB
WritebackTmp:          0 kB
CommitLimit:     2496364 kB
Committed_AS:   86236072 kB
VmallocTotal:     385024 kB
VmallocUsed:      156540 kB
VmallocChunk:      60484 kB
Time pass: 48 sec

---2015-12-04 21:02:09
MemTotal:        2895588 kB
MemFree:           88264 kB
Buffers:           11952 kB
Cached:          1333232 kB
SwapCached:            0 kB
Active:           676336 kB
Inactive:        1307796 kB
Active(anon):     315600 kB
Inactive(anon):   328928 kB
Active(file):     360736 kB
Inactive(file):   978868 kB
Unevictable:        2748 kB
Mlocked:               0 kB
HighTotal:       2306432 kB
HighFree:          52444 kB
LowTotal:         589156 kB
LowFree:           35820 kB
SwapTotal:       1048572 kB
SwapFree:        1048572 kB
Dirty:               136 kB
Writeback:             0 kB
AnonPages:        641540 kB
Mapped:           399132 kB
Shmem:              2796 kB
Slab:              55140 kB
SReclaimable:      19884 kB
SUnreclaim:        35256 kB
KernelStack:       13896 kB
PageTables:        40236 kB
NFS_Unstable:          0 kB
Bounce:                0 kB
WritebackTmp:          0 kB
CommitLimit:     2496364 kB
Committed_AS:   86235272 kB
VmallocTotal:     385024 kB
VmallocUsed:      156540 kB
VmallocChunk:      60484 kB
Time pass: 52 sec

---2015-12-04 21:02:09
MemTotal:        2895588 kB
MemFree:           81112 kB
Buffers:           11960 kB
Cached:          1328596 kB
SwapCached:            0 kB
Active:           677660 kB
Inactive:        1304600 kB
Active(anon):     316908 kB
Inactive(anon):   330388 kB
Active(file):     360752 kB
Inactive(file):   974212 kB
Unevictable:        2748 kB
Mlocked:               0 kB
HighTotal:       2306432 kB
HighFree:          48020 kB
LowTotal:         589156 kB
LowFree:           33092 kB
SwapTotal:       1048572 kB
SwapFree:        1048572 kB
Dirty:               360 kB
Writeback:             0 kB
AnonPages:        644768 kB
Mapped:           399252 kB
Shmem:              2796 kB
Slab:              55188 kB
SReclaimable:      19888 kB
SUnreclaim:        35300 kB
KernelStack:       13896 kB
PageTables:        40276 kB
NFS_Unstable:          0 kB
Bounce:                0 kB
WritebackTmp:          0 kB
CommitLimit:     2496364 kB
Committed_AS:   86239600 kB
VmallocTotal:     385024 kB
VmallocUsed:      156556 kB
VmallocChunk:      60484 kB
Time pass: 55 sec

---2015-12-04 21:02:09
MemTotal:        2895588 kB
MemFree:           80304 kB
Buffers:           11960 kB
Cached:          1328608 kB
SwapCached:            0 kB
Active:           677760 kB
Inactive:        1304656 kB
Active(anon):     317004 kB
Inactive(anon):   330388 kB
Active(file):     360756 kB
Inactive(file):   974268 kB
Unevictable:        2748 kB
Mlocked:               0 kB
HighTotal:       2306432 kB
HighFree:          47308 kB
LowTotal:         589156 kB
LowFree:           32996 kB
SwapTotal:       1048572 kB
SwapFree:        1048572 kB
Dirty:                52 kB
Writeback:             0 kB
AnonPages:        644924 kB
Mapped:           399260 kB
Shmem:              2796 kB
Slab:              55232 kB
SReclaimable:      19892 kB
SUnreclaim:        35340 kB
KernelStack:       13896 kB
PageTables:        40260 kB
NFS_Unstable:          0 kB
Bounce:                0 kB
WritebackTmp:          0 kB
CommitLimit:     2496364 kB
Committed_AS:   86239648 kB
VmallocTotal:     385024 kB
VmallocUsed:      156556 kB
VmallocChunk:      60484 kB
Time pass: 59 sec

---2015-12-04 21:02:09
MemTotal:        2895588 kB
MemFree:           70452 kB
Buffers:           11960 kB
Cached:          1291192 kB
SwapCached:            0 kB
Active:           683152 kB
Inactive:        1268768 kB
Active(anon):     321144 kB
Inactive(anon):   333616 kB
Active(file):     362008 kB
Inactive(file):   935152 kB
Unevictable:        2748 kB
Mlocked:               0 kB
HighTotal:       2306432 kB
HighFree:          38024 kB
LowTotal:         589156 kB
LowFree:           32428 kB
SwapTotal:       1048572 kB
SwapFree:        1048572 kB
Dirty:                 0 kB
Writeback:            44 kB
AnonPages:        651692 kB
Mapped:           399560 kB
Shmem:              2796 kB
Slab:              55072 kB
SReclaimable:      19692 kB
SUnreclaim:        35380 kB
KernelStack:       13896 kB
PageTables:        40332 kB
NFS_Unstable:          0 kB
Bounce:                0 kB
WritebackTmp:          0 kB
CommitLimit:     2496364 kB
Committed_AS:   86249464 kB
VmallocTotal:     385024 kB
VmallocUsed:      156564 kB
VmallocChunk:      60484 kB
Time pass: 62 sec

---2015-12-04 21:02:09
MemTotal:        2895588 kB
MemFree:           69184 kB
Buffers:           11924 kB
Cached:          1268492 kB
SwapCached:            0 kB
Active:           687492 kB
Inactive:        1244584 kB
Active(anon):     324280 kB
Inactive(anon):   333600 kB
Active(file):     363212 kB
Inactive(file):   910984 kB
Unevictable:        2748 kB
Mlocked:               0 kB
HighTotal:       2306432 kB
HighFree:          41736 kB
LowTotal:         589156 kB
LowFree:           27448 kB
SwapTotal:       1048572 kB
SwapFree:        1048572 kB
Dirty:                52 kB
Writeback:             0 kB
AnonPages:        655312 kB
Mapped:           401280 kB
Shmem:              2796 kB
Slab:              55068 kB
SReclaimable:      19692 kB
SUnreclaim:        35376 kB
KernelStack:       13896 kB
PageTables:        40248 kB
NFS_Unstable:          0 kB
Bounce:                0 kB
WritebackTmp:          0 kB
CommitLimit:     2496364 kB
Committed_AS:   86247832 kB
VmallocTotal:     385024 kB
VmallocUsed:      156512 kB
VmallocChunk:      60484 kB
Time pass: 66 sec

---2015-12-04 21:02:09
MemTotal:        2895588 kB
MemFree:           69284 kB
Buffers:           11888 kB
Cached:          1254080 kB
SwapCached:            0 kB
Active:           701644 kB
Inactive:        1232756 kB
Active(anon):     335712 kB
Inactive(anon):   338420 kB
Active(file):     365932 kB
Inactive(file):   894336 kB
Unevictable:        2748 kB
Mlocked:               0 kB
HighTotal:       2306432 kB
HighFree:          38996 kB
LowTotal:         589156 kB
LowFree:           30288 kB
SwapTotal:       1048572 kB
SwapFree:        1048572 kB
Dirty:                76 kB
Writeback:             0 kB
AnonPages:        671668 kB
Mapped:           404264 kB
Shmem:              2952 kB
Slab:              55120 kB
SReclaimable:      19692 kB
SUnreclaim:        35428 kB
KernelStack:       14136 kB
PageTables:        40436 kB
NFS_Unstable:          0 kB
Bounce:                0 kB
WritebackTmp:          0 kB
CommitLimit:     2496364 kB
Committed_AS:   86272124 kB
VmallocTotal:     385024 kB
VmallocUsed:      158724 kB
VmallocChunk:      60484 kB
Time pass: 70 sec

---2015-12-04 21:02:09
MemTotal:        2895588 kB
MemFree:           73740 kB
Buffers:           11840 kB
Cached:          1225404 kB
SwapCached:            0 kB
Active:           702988 kB
Inactive:        1206564 kB
Active(anon):     336396 kB
Inactive(anon):   341524 kB
Active(file):     366592 kB
Inactive(file):   865040 kB
Unevictable:        2748 kB
Mlocked:               0 kB
HighTotal:       2306432 kB
HighFree:          41344 kB
LowTotal:         589156 kB
LowFree:           32396 kB
SwapTotal:       1048572 kB
SwapFree:        1048572 kB
Dirty:                52 kB
Writeback:             0 kB
AnonPages:        675388 kB
Mapped:           404496 kB
Shmem:              3000 kB
Slab:              55312 kB
SReclaimable:      19768 kB
SUnreclaim:        35544 kB
KernelStack:       14136 kB
PageTables:        40580 kB
NFS_Unstable:          0 kB
Bounce:                0 kB
WritebackTmp:          0 kB
CommitLimit:     2496364 kB
Committed_AS:   86276584 kB
VmallocTotal:     385024 kB
VmallocUsed:      158724 kB
VmallocChunk:      60484 kB
Time pass: 74 sec

---2015-12-04 21:02:09
MemTotal:        2895588 kB
MemFree:           72916 kB
Buffers:           11840 kB
Cached:          1225284 kB
SwapCached:            0 kB
Active:           703656 kB
Inactive:        1206292 kB
Active(anon):     337064 kB
Inactive(anon):   341676 kB
Active(file):     366592 kB
Inactive(file):   864616 kB
Unevictable:        2748 kB
Mlocked:               0 kB
HighTotal:       2306432 kB
HighFree:          40560 kB
LowTotal:         589156 kB
LowFree:           32356 kB
SwapTotal:       1048572 kB
SwapFree:        1048572 kB
Dirty:                52 kB
Writeback:             0 kB
AnonPages:        676240 kB
Mapped:           404664 kB
Shmem:              3168 kB
Slab:              55364 kB
SReclaimable:      19768 kB
SUnreclaim:        35596 kB
KernelStack:       14136 kB
PageTables:        40592 kB
NFS_Unstable:          0 kB
Bounce:                0 kB
WritebackTmp:          0 kB
CommitLimit:     2496364 kB
Committed_AS:   86276716 kB
VmallocTotal:     385024 kB
VmallocUsed:      158724 kB
VmallocChunk:      60484 kB
Time pass: 77 sec

---2015-12-04 21:02:09
MemTotal:        2895588 kB
MemFree:           71448 kB
Buffers:           11864 kB
Cached:          1225284 kB
SwapCached:            0 kB
Active:           704296 kB
Inactive:        1206336 kB
Active(anon):     337704 kB
Inactive(anon):   341696 kB
Active(file):     366592 kB
Inactive(file):   864640 kB
Unevictable:        2748 kB
Mlocked:               0 kB
HighTotal:       2306432 kB
HighFree:          39196 kB
LowTotal:         589156 kB
LowFree:           32252 kB
SwapTotal:       1048572 kB
SwapFree:        1048572 kB
Dirty:                48 kB
Writeback:             0 kB
AnonPages:        676484 kB
Mapped:           404700 kB
Shmem:              3168 kB
Slab:              55380 kB
SReclaimable:      19768 kB
SUnreclaim:        35612 kB
KernelStack:       14112 kB
PageTables:        40588 kB
NFS_Unstable:          0 kB
Bounce:                0 kB
WritebackTmp:          0 kB
CommitLimit:     2496364 kB
Committed_AS:   86276732 kB
VmallocTotal:     385024 kB
VmallocUsed:      158724 kB
VmallocChunk:      60484 kB
Time pass: 81 sec

---2015-12-04 21:02:09
MemTotal:        2895588 kB
MemFree:           71172 kB
Buffers:           11880 kB
Cached:          1225332 kB
SwapCached:            0 kB
Active:           705396 kB
Inactive:        1206392 kB
Active(anon):     338804 kB
Inactive(anon):   341744 kB
Active(file):     366592 kB
Inactive(file):   864648 kB
Unevictable:        2748 kB
Mlocked:               0 kB
HighTotal:       2306432 kB
HighFree:          38628 kB
LowTotal:         589156 kB
LowFree:           32544 kB
SwapTotal:       1048572 kB
SwapFree:        1048572 kB
Dirty:                36 kB
Writeback:             0 kB
AnonPages:        677564 kB
Mapped:           404748 kB
Shmem:              3216 kB
Slab:              55400 kB
SReclaimable:      19768 kB
SUnreclaim:        35632 kB
KernelStack:       14088 kB
PageTables:        40580 kB
NFS_Unstable:          0 kB
Bounce:                0 kB
WritebackTmp:          0 kB
CommitLimit:     2496364 kB
Committed_AS:   86281012 kB
VmallocTotal:     385024 kB
VmallocUsed:      158724 kB
VmallocChunk:      60484 kB
Time pass: 85 sec

---2015-12-04 21:02:09
MemTotal:        2895588 kB
MemFree:           76256 kB
Buffers:           11880 kB
Cached:          1225416 kB
SwapCached:            0 kB
Active:           709592 kB
Inactive:        1198800 kB
Active(anon):     335372 kB
Inactive(anon):   341560 kB
Active(file):     374220 kB
Inactive(file):   857240 kB
Unevictable:        2748 kB
Mlocked:               0 kB
HighTotal:       2306432 kB
HighFree:          42688 kB
LowTotal:         589156 kB
LowFree:           33568 kB
SwapTotal:       1048572 kB
SwapFree:        1048572 kB
Dirty:                36 kB
Writeback:             0 kB
AnonPages:        674144 kB
Mapped:           399456 kB
Shmem:              3088 kB
Slab:              55412 kB
SReclaimable:      19768 kB
SUnreclaim:        35644 kB
KernelStack:       13856 kB
PageTables:        40320 kB
NFS_Unstable:          0 kB
Bounce:                0 kB
WritebackTmp:          0 kB
CommitLimit:     2496364 kB
Committed_AS:   86279664 kB
VmallocTotal:     385024 kB
VmallocUsed:      158628 kB
VmallocChunk:      60484 kB
Time pass: 88 sec

---2015-12-04 21:02:09
MemTotal:        2895588 kB
MemFree:           75636 kB
Buffers:           11904 kB
Cached:          1225400 kB
SwapCached:            0 kB
Active:           709560 kB
Inactive:        1198808 kB
Active(anon):     335340 kB
Inactive(anon):   341560 kB
Active(file):     374220 kB
Inactive(file):   857248 kB
Unevictable:        2748 kB
Mlocked:               0 kB
HighTotal:       2306432 kB
HighFree:          42296 kB
LowTotal:         589156 kB
LowFree:           33340 kB
SwapTotal:       1048572 kB
SwapFree:        1048572 kB
Dirty:                32 kB
Writeback:             0 kB
AnonPages:        674264 kB
Mapped:           399456 kB
Shmem:              3088 kB
Slab:              55372 kB
SReclaimable:      19728 kB
SUnreclaim:        35644 kB
KernelStack:       13856 kB
PageTables:        40340 kB
NFS_Unstable:          0 kB
Bounce:                0 kB
WritebackTmp:          0 kB
CommitLimit:     2496364 kB
Committed_AS:   86279936 kB
VmallocTotal:     385024 kB
VmallocUsed:      158628 kB
VmallocChunk:      60484 kB
Time pass: 92 sec

---2015-12-04 21:02:09
MemTotal:        2895588 kB
MemFree:           76260 kB
Buffers:           11904 kB
Cached:          1225416 kB
SwapCached:            0 kB
Active:           708948 kB
Inactive:        1198804 kB
Active(anon):     334724 kB
Inactive(anon):   341544 kB
Active(file):     374224 kB
Inactive(file):   857260 kB
Unevictable:        2748 kB
Mlocked:               0 kB
HighTotal:       2306432 kB
HighFree:          42480 kB
LowTotal:         589156 kB
LowFree:           33780 kB
SwapTotal:       1048572 kB
SwapFree:        1048572 kB
Dirty:                 0 kB
Writeback:            16 kB
AnonPages:        673188 kB
Mapped:           399500 kB
Shmem:              3088 kB
Slab:              55372 kB
SReclaimable:      19728 kB
SUnreclaim:        35644 kB
KernelStack:       13688 kB
PageTables:        40348 kB
NFS_Unstable:          0 kB
Bounce:                0 kB
WritebackTmp:          0 kB
CommitLimit:     2496364 kB
Committed_AS:   86280104 kB
VmallocTotal:     385024 kB
VmallocUsed:      158628 kB
VmallocChunk:      60484 kB
Time pass: 95 sec

---2015-12-04 21:02:09
MemTotal:        2895588 kB
MemFree:           76076 kB
Buffers:           11912 kB
Cached:          1225456 kB
SwapCached:            0 kB
Active:           710036 kB
Inactive:        1198852 kB
Active(anon):     335812 kB
Inactive(anon):   341584 kB
Active(file):     374224 kB
Inactive(file):   857268 kB
Unevictable:        2748 kB
Mlocked:               0 kB
HighTotal:       2306432 kB
HighFree:          42296 kB
LowTotal:         589156 kB
LowFree:           33780 kB
SwapTotal:       1048572 kB
SwapFree:        1048572 kB
Dirty:                28 kB
Writeback:             0 kB
AnonPages:        674400 kB
Mapped:           399544 kB
Shmem:              3128 kB
Slab:              55372 kB
SReclaimable:      19728 kB
SUnreclaim:        35644 kB
KernelStack:       13688 kB
PageTables:        40348 kB
NFS_Unstable:          0 kB
Bounce:                0 kB
WritebackTmp:          0 kB
CommitLimit:     2496364 kB
Committed_AS:   86280208 kB
VmallocTotal:     385024 kB
VmallocUsed:      158628 kB
VmallocChunk:      60484 kB
Time pass: 99 sec

---2015-12-04 21:02:09
MemTotal:        2895588 kB
MemFree:           75336 kB
Buffers:           11928 kB
Cached:          1225520 kB
SwapCached:            0 kB
Active:           710032 kB
Inactive:        1198928 kB
Active(anon):     335808 kB
Inactive(anon):   341644 kB
Active(file):     374224 kB
Inactive(file):   857284 kB
Unevictable:        2748 kB
Mlocked:               0 kB
HighTotal:       2306432 kB
HighFree:          41852 kB
LowTotal:         589156 kB
LowFree:           33484 kB
SwapTotal:       1048572 kB
SwapFree:        1048572 kB
Dirty:                40 kB
Writeback:             0 kB
AnonPages:        674748 kB
Mapped:           399608 kB
Shmem:              3192 kB
Slab:              55372 kB
SReclaimable:      19728 kB
SUnreclaim:        35644 kB
KernelStack:       13680 kB
PageTables:        40348 kB
NFS_Unstable:          0 kB
Bounce:                0 kB
WritebackTmp:          0 kB
CommitLimit:     2496364 kB
Committed_AS:   86280444 kB
VmallocTotal:     385024 kB
VmallocUsed:      158628 kB
VmallocChunk:      60484 kB
Time pass: 102 sec

---2015-12-04 21:02:09
MemTotal:        2895588 kB
MemFree:           76596 kB
Buffers:           11936 kB
Cached:          1225520 kB
SwapCached:            0 kB
Active:           708444 kB
Inactive:        1198928 kB
Active(anon):     334220 kB
Inactive(anon):   341644 kB
Active(file):     374224 kB
Inactive(file):   857284 kB
Unevictable:        2748 kB
Mlocked:               0 kB
HighTotal:       2306432 kB
HighFree:          42864 kB
LowTotal:         589156 kB
LowFree:           33732 kB
SwapTotal:       1048572 kB
SwapFree:        1048572 kB
Dirty:                28 kB
Writeback:             0 kB
AnonPages:        673212 kB
Mapped:           399608 kB
Shmem:              3192 kB
Slab:              55372 kB
SReclaimable:      19728 kB
SUnreclaim:        35644 kB
KernelStack:       13672 kB
PageTables:        40348 kB
NFS_Unstable:          0 kB
Bounce:                0 kB
WritebackTmp:          0 kB
CommitLimit:     2496364 kB
Committed_AS:   86281264 kB
VmallocTotal:     385024 kB
VmallocUsed:      158628 kB
VmallocChunk:      60484 kB
Time pass: 106 sec

---2015-12-04 21:02:09
MemTotal:        2895588 kB
MemFree:          404744 kB
Buffers:           12244 kB
Cached:          1217636 kB
SwapCached:            0 kB
Active:           628092 kB
Inactive:        1187780 kB
Active(anon):     250260 kB
Inactive(anon):   340920 kB
Active(file):     377832 kB
Inactive(file):   846860 kB
Unevictable:        2748 kB
Mlocked:               0 kB
HighTotal:       2306432 kB
HighFree:         306368 kB
LowTotal:         589156 kB
LowFree:           98376 kB
SwapTotal:       1048572 kB
SwapFree:        1048572 kB
Dirty:               136 kB
Writeback:             0 kB
AnonPages:        588240 kB
Mapped:           360740 kB
Shmem:              2668 kB
Slab:              55324 kB
SReclaimable:      19700 kB
SUnreclaim:        35624 kB
KernelStack:       12616 kB
PageTables:        38140 kB
NFS_Unstable:          0 kB
Bounce:                0 kB
WritebackTmp:          0 kB
CommitLimit:     2496364 kB
Committed_AS:   83642128 kB
VmallocTotal:     385024 kB
VmallocUsed:      152752 kB
VmallocChunk:      60484 kB
Time pass: 109 sec

---2015-12-04 21:02:09
MemTotal:        2895588 kB
MemFree:          236312 kB
Buffers:           12304 kB
Cached:          1219124 kB
SwapCached:            0 kB
Active:           665232 kB
Inactive:        1187740 kB
Active(anon):     286380 kB
Inactive(anon):   340676 kB
Active(file):     378852 kB
Inactive(file):   847064 kB
Unevictable:        2748 kB
Mlocked:               0 kB
HighTotal:       2306432 kB
HighFree:         141864 kB
LowTotal:         589156 kB
LowFree:           94448 kB
SwapTotal:       1048572 kB
SwapFree:        1048572 kB
Dirty:              1720 kB
Writeback:             0 kB
AnonPages:        624552 kB
Mapped:           382564 kB
Shmem:              2668 kB
Slab:              55272 kB
SReclaimable:      19716 kB
SUnreclaim:        35556 kB
KernelStack:       13112 kB
PageTables:        39208 kB
NFS_Unstable:          0 kB
Bounce:                0 kB
WritebackTmp:          0 kB
CommitLimit:     2496364 kB
Committed_AS:   84988992 kB
VmallocTotal:     385024 kB
VmallocUsed:      154360 kB
VmallocChunk:      60484 kB
Time pass: 113 sec

---2015-12-04 21:02:09
MemTotal:        2895588 kB
MemFree:          177788 kB
Buffers:           12304 kB
Cached:          1220100 kB
SwapCached:            0 kB
Active:           676388 kB
Inactive:        1186200 kB
Active(anon):     295996 kB
Inactive(anon):   339424 kB
Active(file):     380392 kB
Inactive(file):   846776 kB
Unevictable:        2748 kB
Mlocked:               0 kB
HighTotal:       2306432 kB
HighFree:          83660 kB
LowTotal:         589156 kB
LowFree:           94128 kB
SwapTotal:       1048572 kB
SwapFree:        1048572 kB
Dirty:               764 kB
Writeback:             0 kB
AnonPages:        632984 kB
Mapped:           384920 kB
Shmem:              2672 kB
Slab:              55424 kB
SReclaimable:      19740 kB
SUnreclaim:        35684 kB
KernelStack:       13216 kB
PageTables:        39492 kB
NFS_Unstable:          0 kB
Bounce:                0 kB
WritebackTmp:          0 kB
CommitLimit:     2496364 kB
Committed_AS:   84981276 kB
VmallocTotal:     385024 kB
VmallocUsed:      155264 kB
VmallocChunk:      60484 kB
Time pass: 117 sec

---2015-12-04 21:02:09
MemTotal:        2895588 kB
MemFree:          164900 kB
Buffers:           12328 kB
Cached:          1220324 kB
SwapCached:            0 kB
Active:           669776 kB
Inactive:        1186088 kB
Active(anon):     289248 kB
Inactive(anon):   339408 kB
Active(file):     380528 kB
Inactive(file):   846680 kB
Unevictable:        2748 kB
Mlocked:               0 kB
HighTotal:       2306432 kB
HighFree:          70896 kB
LowTotal:         589156 kB
LowFree:           94004 kB
SwapTotal:       1048572 kB
SwapFree:        1048572 kB
Dirty:                 0 kB
Writeback:           396 kB
AnonPages:        626144 kB
Mapped:           384900 kB
Shmem:              2672 kB
Slab:              55472 kB
SReclaimable:      19740 kB
SUnreclaim:        35732 kB
KernelStack:       13216 kB
PageTables:        39336 kB
NFS_Unstable:          0 kB
Bounce:                0 kB
WritebackTmp:          0 kB
CommitLimit:     2496364 kB
Committed_AS:   84981384 kB
VmallocTotal:     385024 kB
VmallocUsed:      155260 kB
VmallocChunk:      60484 kB
Time pass: 120 sec

---2015-12-04 21:02:09
MemTotal:        2895588 kB
MemFree:          162480 kB
Buffers:           12336 kB
Cached:          1220612 kB
SwapCached:            0 kB
Active:           672932 kB
Inactive:        1185908 kB
Active(anon):     291944 kB
Inactive(anon):   339396 kB
Active(file):     380988 kB
Inactive(file):   846512 kB
Unevictable:        2748 kB
Mlocked:               0 kB
HighTotal:       2306432 kB
HighFree:          68444 kB
LowTotal:         589156 kB
LowFree:           94036 kB
SwapTotal:       1048572 kB
SwapFree:        1048572 kB
Dirty:               392 kB
Writeback:             0 kB
AnonPages:        628844 kB
Mapped:           385112 kB
Shmem:              2672 kB
Slab:              55416 kB
SReclaimable:      19740 kB
SUnreclaim:        35676 kB
KernelStack:       13216 kB
PageTables:        39320 kB
NFS_Unstable:          0 kB
Bounce:                0 kB
WritebackTmp:          0 kB
CommitLimit:     2496364 kB
Committed_AS:   84981828 kB
VmallocTotal:     385024 kB
VmallocUsed:      155276 kB
VmallocChunk:      60484 kB
Time pass: 124 sec

---2015-12-04 21:02:09
MemTotal:        2895588 kB
MemFree:          161888 kB
Buffers:           12336 kB
Cached:          1220612 kB
SwapCached:            0 kB
Active:           673284 kB
Inactive:        1185860 kB
Active(anon):     292240 kB
Inactive(anon):   339376 kB
Active(file):     381044 kB
Inactive(file):   846484 kB
Unevictable:        2748 kB
Mlocked:               0 kB
HighTotal:       2306432 kB
HighFree:          67744 kB
LowTotal:         589156 kB
LowFree:           94144 kB
SwapTotal:       1048572 kB
SwapFree:        1048572 kB
Dirty:                 4 kB
Writeback:             0 kB
AnonPages:        629516 kB
Mapped:           385136 kB
Shmem:              2672 kB
Slab:              55416 kB
SReclaimable:      19740 kB
SUnreclaim:        35676 kB
KernelStack:       13216 kB
PageTables:        39336 kB
NFS_Unstable:          0 kB
Bounce:                0 kB
WritebackTmp:          0 kB
CommitLimit:     2496364 kB
Committed_AS:   84980772 kB
VmallocTotal:     385024 kB
VmallocUsed:      155276 kB
VmallocChunk:      60484 kB
Time pass: 127 sec

---2015-12-04 21:02:09
MemTotal:        2895588 kB
MemFree:          125184 kB
Buffers:           12344 kB
Cached:          1220628 kB
SwapCached:            0 kB
Active:           677512 kB
Inactive:        1185832 kB
Active(anon):     296448 kB
Inactive(anon):   339344 kB
Active(file):     381064 kB
Inactive(file):   846488 kB
Unevictable:        2748 kB
Mlocked:               0 kB
HighTotal:       2306432 kB
HighFree:          45100 kB
LowTotal:         589156 kB
LowFree:           80084 kB
SwapTotal:       1048572 kB
SwapFree:        1048572 kB
Dirty:                 0 kB
Writeback:             0 kB
AnonPages:        633024 kB
Mapped:           385456 kB
Shmem:              2672 kB
Slab:              55432 kB
SReclaimable:      19740 kB
SUnreclaim:        35692 kB
KernelStack:       13216 kB
PageTables:        39368 kB
NFS_Unstable:          0 kB
Bounce:                0 kB
WritebackTmp:          0 kB
CommitLimit:     2496364 kB
Committed_AS:   84984668 kB
VmallocTotal:     385024 kB
VmallocUsed:      155504 kB
VmallocChunk:      60484 kB
Time pass: 131 sec

---2015-12-04 21:02:09
MemTotal:        2895588 kB
MemFree:          124608 kB
Buffers:           12352 kB
Cached:          1220628 kB
SwapCached:            0 kB
Active:           677172 kB
Inactive:        1185828 kB
Active(anon):     296108 kB
Inactive(anon):   339340 kB
Active(file):     381064 kB
Inactive(file):   846488 kB
Unevictable:        2748 kB
Mlocked:               0 kB
HighTotal:       2306432 kB
HighFree:          44604 kB
LowTotal:         589156 kB
LowFree:           80004 kB
SwapTotal:       1048572 kB
SwapFree:        1048572 kB
Dirty:                36 kB
Writeback:             0 kB
AnonPages:        632872 kB
Mapped:           385508 kB
Shmem:              2672 kB
Slab:              55432 kB
SReclaimable:      19740 kB
SUnreclaim:        35692 kB
KernelStack:       13216 kB
PageTables:        39376 kB
NFS_Unstable:          0 kB
Bounce:                0 kB
WritebackTmp:          0 kB
CommitLimit:     2496364 kB
Committed_AS:   84984900 kB
VmallocTotal:     385024 kB
VmallocUsed:      155504 kB
VmallocChunk:      60484 kB
Time pass: 135 sec

---2015-12-04 21:02:09
MemTotal:        2895588 kB
MemFree:          124560 kB
Buffers:           12360 kB
Cached:          1220620 kB
SwapCached:            0 kB
Active:           676940 kB
Inactive:        1185836 kB
Active(anon):     295876 kB
Inactive(anon):   339340 kB
Active(file):     381064 kB
Inactive(file):   846496 kB
Unevictable:        2748 kB
Mlocked:               0 kB
HighTotal:       2306432 kB
HighFree:          44728 kB
LowTotal:         589156 kB
LowFree:           79832 kB
SwapTotal:       1048572 kB
SwapFree:        1048572 kB
Dirty:                 0 kB
Writeback:             0 kB
AnonPages:        632964 kB
Mapped:           385560 kB
Shmem:              2672 kB
Slab:              55432 kB
SReclaimable:      19740 kB
SUnreclaim:        35692 kB
KernelStack:       13216 kB
PageTables:        39396 kB
NFS_Unstable:          0 kB
Bounce:                0 kB
WritebackTmp:          0 kB
CommitLimit:     2496364 kB
Committed_AS:   84985092 kB
VmallocTotal:     385024 kB
VmallocUsed:      155504 kB
VmallocChunk:      60484 kB
Time pass: 138 sec

---2015-12-04 21:02:09
MemTotal:        2895588 kB
MemFree:          117856 kB
Buffers:           12360 kB
Cached:          1220800 kB
SwapCached:            0 kB
Active:           683344 kB
Inactive:        1185924 kB
Active(anon):     302276 kB
Inactive(anon):   339416 kB
Active(file):     381068 kB
Inactive(file):   846508 kB
Unevictable:        2748 kB
Mlocked:               0 kB
HighTotal:       2306432 kB
HighFree:          38408 kB
LowTotal:         589156 kB
LowFree:           79448 kB
SwapTotal:       1048572 kB
SwapFree:        1048572 kB
Dirty:                12 kB
Writeback:             0 kB
AnonPages:        638980 kB
Mapped:           388560 kB
Shmem:              2836 kB
Slab:              55428 kB
SReclaimable:      19740 kB
SUnreclaim:        35688 kB
KernelStack:       13448 kB
PageTables:        39480 kB
NFS_Unstable:          0 kB
Bounce:                0 kB
WritebackTmp:          0 kB
CommitLimit:     2496364 kB
Committed_AS:   84994028 kB
VmallocTotal:     385024 kB
VmallocUsed:      157716 kB
VmallocChunk:      60484 kB
Time pass: 142 sec

---2015-12-04 21:02:09
MemTotal:        2895588 kB
MemFree:          116060 kB
Buffers:           12376 kB
Cached:          1220884 kB
SwapCached:            0 kB
Active:           685720 kB
Inactive:        1185952 kB
Active(anon):     304648 kB
Inactive(anon):   339432 kB
Active(file):     381072 kB
Inactive(file):   846520 kB
Unevictable:        2748 kB
Mlocked:               0 kB
HighTotal:       2306432 kB
HighFree:          45156 kB
LowTotal:         589156 kB
LowFree:           70904 kB
SwapTotal:       1048572 kB
SwapFree:        1048572 kB
Dirty:                60 kB
Writeback:             0 kB
AnonPages:        641236 kB
Mapped:           389108 kB
Shmem:              2920 kB
Slab:              55428 kB
SReclaimable:      19740 kB
SUnreclaim:        35688 kB
KernelStack:       13440 kB
PageTables:        39508 kB
NFS_Unstable:          0 kB
Bounce:                0 kB
WritebackTmp:          0 kB
CommitLimit:     2496364 kB
Committed_AS:   85002356 kB
VmallocTotal:     385024 kB
VmallocUsed:      157716 kB
VmallocChunk:      60484 kB
Time pass: 146 sec

---2015-12-04 21:02:09
MemTotal:        2895588 kB
MemFree:          115416 kB
Buffers:           12384 kB
Cached:          1220904 kB
SwapCached:            0 kB
Active:           685892 kB
Inactive:        1185976 kB
Active(anon):     304820 kB
Inactive(anon):   339448 kB
Active(file):     381072 kB
Inactive(file):   846528 kB
Unevictable:        2748 kB
Mlocked:               0 kB
HighTotal:       2306432 kB
HighFree:          44856 kB
LowTotal:         589156 kB
LowFree:           70560 kB
SwapTotal:       1048572 kB
SwapFree:        1048572 kB
Dirty:                52 kB
Writeback:             0 kB
AnonPages:        641512 kB
Mapped:           389176 kB
Shmem:              2936 kB
Slab:              55428 kB
SReclaimable:      19740 kB
SUnreclaim:        35688 kB
KernelStack:       13440 kB
PageTables:        39528 kB
NFS_Unstable:          0 kB
Bounce:                0 kB
WritebackTmp:          0 kB
CommitLimit:     2496364 kB
Committed_AS:   85002440 kB
VmallocTotal:     385024 kB
VmallocUsed:      157716 kB
VmallocChunk:      60484 kB
Time pass: 150 sec

---2015-12-04 21:02:09
MemTotal:        2895588 kB
MemFree:          114332 kB
Buffers:           12392 kB
Cached:          1221852 kB
SwapCached:            0 kB
Active:           687084 kB
Inactive:        1186892 kB
Active(anon):     306008 kB
Inactive(anon):   340356 kB
Active(file):     381076 kB
Inactive(file):   846536 kB
Unevictable:        2748 kB
Mlocked:               0 kB
HighTotal:       2306432 kB
HighFree:          43812 kB
LowTotal:         589156 kB
LowFree:           70520 kB
SwapTotal:       1048572 kB
SwapFree:        1048572 kB
Dirty:                24 kB
Writeback:             0 kB
AnonPages:        642840 kB
Mapped:           390100 kB
Shmem:              3884 kB
Slab:              55432 kB
SReclaimable:      19740 kB
SUnreclaim:        35692 kB
KernelStack:       13456 kB
PageTables:        39608 kB
NFS_Unstable:          0 kB
Bounce:                0 kB
WritebackTmp:          0 kB
CommitLimit:     2496364 kB
Committed_AS:   85010896 kB
VmallocTotal:     385024 kB
VmallocUsed:      157716 kB
VmallocChunk:      60484 kB
Time pass: 153 sec

---2015-12-04 21:02:09
MemTotal:        2895588 kB
MemFree:          102676 kB
Buffers:           12440 kB
Cached:          1220972 kB
SwapCached:            0 kB
Active:           699324 kB
Inactive:        1185796 kB
Active(anon):     318104 kB
Inactive(anon):   339356 kB
Active(file):     381220 kB
Inactive(file):   846440 kB
Unevictable:        2748 kB
Mlocked:               0 kB
HighTotal:       2306432 kB
HighFree:          38036 kB
LowTotal:         589156 kB
LowFree:           64640 kB
SwapTotal:       1048572 kB
SwapFree:        1048572 kB
Dirty:                48 kB
Writeback:             0 kB
AnonPages:        654340 kB
Mapped:           389296 kB
Shmem:              3004 kB
Slab:              55432 kB
SReclaimable:      19740 kB
SUnreclaim:        35692 kB
KernelStack:       13424 kB
PageTables:        39564 kB
NFS_Unstable:          0 kB
Bounce:                0 kB
WritebackTmp:          0 kB
CommitLimit:     2496364 kB
Committed_AS:   85023288 kB
VmallocTotal:     385024 kB
VmallocUsed:      157744 kB
VmallocChunk:      60484 kB
Time pass: 157 sec

---2015-12-04 21:02:09
MemTotal:        2895588 kB
MemFree:          102324 kB
Buffers:           12472 kB
Cached:          1220984 kB
SwapCached:            0 kB
Active:           699576 kB
Inactive:        1185840 kB
Active(anon):     318356 kB
Inactive(anon):   339368 kB
Active(file):     381220 kB
Inactive(file):   846472 kB
Unevictable:        2748 kB
Mlocked:               0 kB
HighTotal:       2306432 kB
HighFree:          38656 kB
LowTotal:         589156 kB
LowFree:           63668 kB
SwapTotal:       1048572 kB
SwapFree:        1048572 kB
Dirty:                48 kB
Writeback:             0 kB
AnonPages:        655064 kB
Mapped:           389316 kB
Shmem:              3016 kB
Slab:              55432 kB
SReclaimable:      19740 kB
SUnreclaim:        35692 kB
KernelStack:       13448 kB
PageTables:        39568 kB
NFS_Unstable:          0 kB
Bounce:                0 kB
WritebackTmp:          0 kB
CommitLimit:     2496364 kB
Committed_AS:   85023392 kB
VmallocTotal:     385024 kB
VmallocUsed:      157744 kB
VmallocChunk:      60484 kB
Time pass: 161 sec

---2015-12-04 21:02:09
MemTotal:        2895588 kB
MemFree:          101636 kB
Buffers:           12480 kB
Cached:          1220984 kB
SwapCached:            0 kB
Active:           700148 kB
Inactive:        1185840 kB
Active(anon):     318928 kB
Inactive(anon):   339368 kB
Active(file):     381220 kB
Inactive(file):   846472 kB
Unevictable:        2748 kB
Mlocked:               0 kB
HighTotal:       2306432 kB
HighFree:          38356 kB
LowTotal:         589156 kB
LowFree:           63280 kB
SwapTotal:       1048572 kB
SwapFree:        1048572 kB
Dirty:                40 kB
Writeback:             0 kB
AnonPages:        655644 kB
Mapped:           389368 kB
Shmem:              3016 kB
Slab:              55432 kB
SReclaimable:      19740 kB
SUnreclaim:        35692 kB
KernelStack:       13448 kB
PageTables:        39588 kB
NFS_Unstable:          0 kB
Bounce:                0 kB
WritebackTmp:          0 kB
CommitLimit:     2496364 kB
Committed_AS:   85023640 kB
VmallocTotal:     385024 kB
VmallocUsed:      157744 kB
VmallocChunk:      60484 kB
Time pass: 164 sec

---2015-12-04 21:02:09
MemTotal:        2895588 kB
MemFree:          101008 kB
Buffers:           12496 kB
Cached:          1220984 kB
SwapCached:            0 kB
Active:           700920 kB
Inactive:        1185852 kB
Active(anon):     319700 kB
Inactive(anon):   339356 kB
Active(file):     381220 kB
Inactive(file):   846496 kB
Unevictable:        2748 kB
Mlocked:               0 kB
HighTotal:       2306432 kB
HighFree:          38852 kB
LowTotal:         589156 kB
LowFree:           62156 kB
SwapTotal:       1048572 kB
SwapFree:        1048572 kB
Dirty:                40 kB
Writeback:             0 kB
AnonPages:        656492 kB
Mapped:           389420 kB
Shmem:              3016 kB
Slab:              55432 kB
SReclaimable:      19740 kB
SUnreclaim:        35692 kB
KernelStack:       13448 kB
PageTables:        39608 kB
NFS_Unstable:          0 kB
Bounce:                0 kB
WritebackTmp:          0 kB
CommitLimit:     2496364 kB
Committed_AS:   85023808 kB
VmallocTotal:     385024 kB
VmallocUsed:      157744 kB
VmallocChunk:      60484 kB
Time pass: 168 sec

---2015-12-04 21:02:09
MemTotal:        2895588 kB
MemFree:          100568 kB
Buffers:           12520 kB
Cached:          1221008 kB
SwapCached:            0 kB
Active:           701140 kB
Inactive:        1185864 kB
Active(anon):     319920 kB
Inactive(anon):   339348 kB
Active(file):     381220 kB
Inactive(file):   846516 kB
Unevictable:        2748 kB
Mlocked:               0 kB
HighTotal:       2306432 kB
HighFree:          38356 kB
LowTotal:         589156 kB
LowFree:           62212 kB
SwapTotal:       1048572 kB
SwapFree:        1048572 kB
Dirty:                 4 kB
Writeback:             4 kB
AnonPages:        656528 kB
Mapped:           389464 kB
Shmem:              3036 kB
Slab:              55432 kB
SReclaimable:      19740 kB
SUnreclaim:        35692 kB
KernelStack:       13440 kB
PageTables:        39604 kB
NFS_Unstable:          0 kB
Bounce:                0 kB
WritebackTmp:          0 kB
CommitLimit:     2496364 kB
Committed_AS:   85023912 kB
VmallocTotal:     385024 kB
VmallocUsed:      157744 kB
VmallocChunk:      60484 kB
Time pass: 171 sec

---2015-12-04 21:02:09
MemTotal:        2895588 kB
MemFree:           98524 kB
Buffers:           12536 kB
Cached:          1221008 kB
SwapCached:            0 kB
Active:           702988 kB
Inactive:        1185888 kB
Active(anon):     321768 kB
Inactive(anon):   339348 kB
Active(file):     381220 kB
Inactive(file):   846540 kB
Unevictable:        2748 kB
Mlocked:               0 kB
HighTotal:       2306432 kB
HighFree:          38904 kB
LowTotal:         589156 kB
LowFree:           59620 kB
SwapTotal:       1048572 kB
SwapFree:        1048572 kB
Dirty:                76 kB
Writeback:             0 kB
AnonPages:        658244 kB
Mapped:           389412 kB
Shmem:              3036 kB
Slab:              55432 kB
SReclaimable:      19740 kB
SUnreclaim:        35692 kB
KernelStack:       13432 kB
PageTables:        39588 kB
NFS_Unstable:          0 kB
Bounce:                0 kB
WritebackTmp:          0 kB
CommitLimit:     2496364 kB
Committed_AS:   85028276 kB
VmallocTotal:     385024 kB
VmallocUsed:      157744 kB
VmallocChunk:      60484 kB
Time pass: 175 sec

---2015-12-04 21:02:09
MemTotal:        2895588 kB
MemFree:           96848 kB
Buffers:           12552 kB
Cached:          1220996 kB
SwapCached:            0 kB
Active:           704972 kB
Inactive:        1185888 kB
Active(anon):     323752 kB
Inactive(anon):   339348 kB
Active(file):     381220 kB
Inactive(file):   846540 kB
Unevictable:        2748 kB
Mlocked:               0 kB
HighTotal:       2306432 kB
HighFree:          38036 kB
LowTotal:         589156 kB
LowFree:           58812 kB
SwapTotal:       1048572 kB
SwapFree:        1048572 kB
Dirty:                 0 kB
Writeback:             0 kB
AnonPages:        660488 kB
Mapped:           389468 kB
Shmem:              3040 kB
Slab:              55432 kB
SReclaimable:      19740 kB
SUnreclaim:        35692 kB
KernelStack:       13424 kB
PageTables:        39608 kB
NFS_Unstable:          0 kB
Bounce:                0 kB
WritebackTmp:          0 kB
CommitLimit:     2496364 kB
Committed_AS:   85028368 kB
VmallocTotal:     385024 kB
VmallocUsed:      157744 kB
VmallocChunk:      60484 kB
Time pass: 179 sec

---2015-12-04 21:02:09
MemTotal:        2895588 kB
MemFree:           97200 kB
Buffers:           12552 kB
Cached:          1221052 kB
SwapCached:            0 kB
Active:           704272 kB
Inactive:        1185948 kB
Active(anon):     323052 kB
Inactive(anon):   339392 kB
Active(file):     381220 kB
Inactive(file):   846556 kB
Unevictable:        2748 kB
Mlocked:               0 kB
HighTotal:       2306432 kB
HighFree:          37840 kB
LowTotal:         589156 kB
LowFree:           59360 kB
SwapTotal:       1048572 kB
SwapFree:        1048572 kB
Dirty:                 0 kB
Writeback:             0 kB
AnonPages:        659428 kB
Mapped:           389508 kB
Shmem:              3080 kB
Slab:              55432 kB
SReclaimable:      19740 kB
SUnreclaim:        35692 kB
KernelStack:       13424 kB
PageTables:        39612 kB
NFS_Unstable:          0 kB
Bounce:                0 kB
WritebackTmp:          0 kB
CommitLimit:     2496364 kB
Committed_AS:   85028536 kB
VmallocTotal:     385024 kB
VmallocUsed:      157744 kB
VmallocChunk:      60484 kB
Time pass: 182 sec

---2015-12-04 21:02:09
MemTotal:        2895588 kB
MemFree:           95032 kB
Buffers:           12560 kB
Cached:          1221800 kB
SwapCached:            0 kB
Active:           704736 kB
Inactive:        1186604 kB
Active(anon):     323516 kB
Inactive(anon):   339996 kB
Active(file):     381220 kB
Inactive(file):   846608 kB
Unevictable:        2748 kB
Mlocked:               0 kB
HighTotal:       2306432 kB
HighFree:          37840 kB
LowTotal:         589156 kB
LowFree:           57192 kB
SwapTotal:       1048572 kB
SwapFree:        1048572 kB
Dirty:                32 kB
Writeback:             0 kB
AnonPages:        659952 kB
Mapped:           390172 kB
Shmem:              3736 kB
Slab:              55432 kB
SReclaimable:      19740 kB
SUnreclaim:        35692 kB
KernelStack:       13408 kB
PageTables:        39616 kB
NFS_Unstable:          0 kB
Bounce:                0 kB
WritebackTmp:          0 kB
CommitLimit:     2496364 kB
Committed_AS:   85033348 kB
VmallocTotal:     385024 kB
VmallocUsed:      157744 kB
VmallocChunk:      60484 kB
Time pass: 186 sec

---2015-12-04 21:02:09
MemTotal:        2895588 kB
MemFree:           94428 kB
Buffers:           12576 kB
Cached:          1221816 kB
SwapCached:            0 kB
Active:           705008 kB
Inactive:        1186652 kB
Active(anon):     323808 kB
Inactive(anon):   340008 kB
Active(file):     381200 kB
Inactive(file):   846644 kB
Unevictable:        2748 kB
Mlocked:               0 kB
HighTotal:       2306432 kB
HighFree:          38832 kB
LowTotal:         589156 kB
LowFree:           55596 kB
SwapTotal:       1048572 kB
SwapFree:        1048572 kB
Dirty:                20 kB
Writeback:             0 kB
AnonPages:        660072 kB
Mapped:           390192 kB
Shmem:              3752 kB
Slab:              55432 kB
SReclaimable:      19740 kB
SUnreclaim:        35692 kB
KernelStack:       13400 kB
PageTables:        39616 kB
NFS_Unstable:          0 kB
Bounce:                0 kB
WritebackTmp:          0 kB
CommitLimit:     2496364 kB
Committed_AS:   85033412 kB
VmallocTotal:     385024 kB
VmallocUsed:      157744 kB
VmallocChunk:      60484 kB
Time pass: 190 sec

---2015-12-04 21:02:09
MemTotal:        2895588 kB
MemFree:           93736 kB
Buffers:           12584 kB
Cached:          1221872 kB
SwapCached:            0 kB
Active:           706412 kB
Inactive:        1186672 kB
Active(anon):     325212 kB
Inactive(anon):   339980 kB
Active(file):     381200 kB
Inactive(file):   846692 kB
Unevictable:        2748 kB
Mlocked:               0 kB
HighTotal:       2306432 kB
HighFree:          38336 kB
LowTotal:         589156 kB
LowFree:           55400 kB
SwapTotal:       1048572 kB
SwapFree:        1048572 kB
Dirty:                40 kB
Writeback:             0 kB
AnonPages:        661652 kB
Mapped:           390152 kB
Shmem:              3760 kB
Slab:              55432 kB
SReclaimable:      19740 kB
SUnreclaim:        35692 kB
KernelStack:       13400 kB
PageTables:        39596 kB
NFS_Unstable:          0 kB
Bounce:                0 kB
WritebackTmp:          0 kB
CommitLimit:     2496364 kB
Committed_AS:   85033604 kB
VmallocTotal:     385024 kB
VmallocUsed:      157744 kB
VmallocChunk:      60484 kB
Time pass: 193 sec

---2015-12-04 21:02:09
MemTotal:        2895588 kB
MemFree:           92868 kB
Buffers:           12600 kB
Cached:          1221896 kB
SwapCached:            0 kB
Active:           706724 kB
Inactive:        1186764 kB
Active(anon):     325524 kB
Inactive(anon):   340000 kB
Active(file):     381200 kB
Inactive(file):   846764 kB
Unevictable:        2748 kB
Mlocked:               0 kB
HighTotal:       2306432 kB
HighFree:          38088 kB
LowTotal:         589156 kB
LowFree:           54780 kB
SwapTotal:       1048572 kB
SwapFree:        1048572 kB
Dirty:                 0 kB
Writeback:             0 kB
AnonPages:        661784 kB
Mapped:           390176 kB
Shmem:              3784 kB
Slab:              55408 kB
SReclaimable:      19740 kB
SUnreclaim:        35668 kB
KernelStack:       13400 kB
PageTables:        39596 kB
NFS_Unstable:          0 kB
Bounce:                0 kB
WritebackTmp:          0 kB
CommitLimit:     2496364 kB
Committed_AS:   85033788 kB
VmallocTotal:     385024 kB
VmallocUsed:      157744 kB
VmallocChunk:      60484 kB
Time pass: 197 sec

---2015-12-04 21:02:09
MemTotal:        2895588 kB
MemFree:           92264 kB
Buffers:           12616 kB
Cached:          1221896 kB
SwapCached:            0 kB
Active:           706832 kB
Inactive:        1186760 kB
Active(anon):     325632 kB
Inactive(anon):   339980 kB
Active(file):     381200 kB
Inactive(file):   846780 kB
Unevictable:        2748 kB
Mlocked:               0 kB
HighTotal:       2306432 kB
HighFree:          38088 kB
LowTotal:         589156 kB
LowFree:           54176 kB
SwapTotal:       1048572 kB
SwapFree:        1048572 kB
Dirty:                40 kB
Writeback:             0 kB
AnonPages:        661972 kB
Mapped:           390184 kB
Shmem:              3784 kB
Slab:              55412 kB
SReclaimable:      19740 kB
SUnreclaim:        35672 kB
KernelStack:       13400 kB
PageTables:        39604 kB
NFS_Unstable:          0 kB
Bounce:                0 kB
WritebackTmp:          0 kB
CommitLimit:     2496364 kB
Committed_AS:   85037848 kB
VmallocTotal:     385024 kB
VmallocUsed:      157744 kB
VmallocChunk:      60484 kB
Time pass: 200 sec

---2015-12-04 21:02:09
MemTotal:        2895588 kB
MemFree:           92072 kB
Buffers:           12624 kB
Cached:          1221888 kB
SwapCached:            0 kB
Active:           706848 kB
Inactive:        1186604 kB
Active(anon):     325648 kB
Inactive(anon):   339824 kB
Active(file):     381200 kB
Inactive(file):   846780 kB
Unevictable:        2748 kB
Mlocked:               0 kB
HighTotal:       2306432 kB
HighFree:          38088 kB
LowTotal:         589156 kB
LowFree:           53984 kB
SwapTotal:       1048572 kB
SwapFree:        1048572 kB
Dirty:                 0 kB
Writeback:             0 kB
AnonPages:        661756 kB
Mapped:           390236 kB
Shmem:              3784 kB
Slab:              55412 kB
SReclaimable:      19740 kB
SUnreclaim:        35672 kB
KernelStack:       13368 kB
PageTables:        39624 kB
NFS_Unstable:          0 kB
Bounce:                0 kB
WritebackTmp:          0 kB
CommitLimit:     2496364 kB
Committed_AS:   85038116 kB
VmallocTotal:     385024 kB
VmallocUsed:      157744 kB
VmallocChunk:      60484 kB
Time pass: 204 sec

---2015-12-04 21:02:09
MemTotal:        2895588 kB
MemFree:           91660 kB
Buffers:           12640 kB
Cached:          1221928 kB
SwapCached:            0 kB
Active:           707088 kB
Inactive:        1186652 kB
Active(anon):     325888 kB
Inactive(anon):   339816 kB
Active(file):     381200 kB
Inactive(file):   846836 kB
Unevictable:        2748 kB
Mlocked:               0 kB
HighTotal:       2306432 kB
HighFree:          38212 kB
LowTotal:         589156 kB
LowFree:           53448 kB
SwapTotal:       1048572 kB
SwapFree:        1048572 kB
Dirty:                40 kB
Writeback:             0 kB
AnonPages:        661832 kB
Mapped:           390188 kB
Shmem:              3784 kB
Slab:              55408 kB
SReclaimable:      19740 kB
SUnreclaim:        35668 kB
KernelStack:       13368 kB
PageTables:        39604 kB
NFS_Unstable:          0 kB
Bounce:                0 kB
WritebackTmp:          0 kB
CommitLimit:     2496364 kB
Committed_AS:   85038196 kB
VmallocTotal:     385024 kB
VmallocUsed:      157744 kB
VmallocChunk:      60484 kB
Time pass: 207 sec

---2015-12-04 21:02:09
MemTotal:        2895588 kB
MemFree:           89540 kB
Buffers:           12640 kB
Cached:          1223052 kB
SwapCached:            0 kB
Active:           710284 kB
Inactive:        1187760 kB
Active(anon):     329076 kB
Inactive(anon):   339808 kB
Active(file):     381208 kB
Inactive(file):   847952 kB
Unevictable:        2748 kB
Mlocked:               0 kB
HighTotal:       2306432 kB
HighFree:          38212 kB
LowTotal:         589156 kB
LowFree:           51328 kB
SwapTotal:       1048572 kB
SwapFree:        1048572 kB
Dirty:                 0 kB
Writeback:             0 kB
AnonPages:        665056 kB
Mapped:           390392 kB
Shmem:              3784 kB
Slab:              55408 kB
SReclaimable:      19740 kB
SUnreclaim:        35668 kB
KernelStack:       13480 kB
PageTables:        40060 kB
NFS_Unstable:          0 kB
Bounce:                0 kB
WritebackTmp:          0 kB
CommitLimit:     2496364 kB
Committed_AS:   86282728 kB
VmallocTotal:     385024 kB
VmallocUsed:      158764 kB
VmallocChunk:      60484 kB
Time pass: 211 sec

---2015-12-04 21:02:09
MemTotal:        2895588 kB
MemFree:           87508 kB
Buffers:           12680 kB
Cached:          1223036 kB
SwapCached:            0 kB
Active:           711364 kB
Inactive:        1187784 kB
Active(anon):     330156 kB
Inactive(anon):   339808 kB
Active(file):     381208 kB
Inactive(file):   847976 kB
Unevictable:        2748 kB
Mlocked:               0 kB
HighTotal:       2306432 kB
HighFree:          38212 kB
LowTotal:         589156 kB
LowFree:           49296 kB
SwapTotal:       1048572 kB
SwapFree:        1048572 kB
Dirty:                64 kB
Writeback:             0 kB
AnonPages:        666320 kB
Mapped:           390424 kB
Shmem:              3784 kB
Slab:              55408 kB
SReclaimable:      19740 kB
SUnreclaim:        35668 kB
KernelStack:       13464 kB
PageTables:        40064 kB
NFS_Unstable:          0 kB
Bounce:                0 kB
WritebackTmp:          0 kB
CommitLimit:     2496364 kB
Committed_AS:   86283556 kB
VmallocTotal:     385024 kB
VmallocUsed:      158764 kB
VmallocChunk:      60484 kB
Time pass: 215 sec

---2015-12-04 21:02:09
MemTotal:        2895588 kB
MemFree:           87108 kB
Buffers:           12680 kB
Cached:          1223052 kB
SwapCached:            0 kB
Active:           711488 kB
Inactive:        1187796 kB
Active(anon):     330280 kB
Inactive(anon):   339804 kB
Active(file):     381208 kB
Inactive(file):   847992 kB
Unevictable:        2748 kB
Mlocked:               0 kB
HighTotal:       2306432 kB
HighFree:          38212 kB
LowTotal:         589156 kB
LowFree:           48896 kB
SwapTotal:       1048572 kB
SwapFree:        1048572 kB
Dirty:                 0 kB
Writeback:             0 kB
AnonPages:        666572 kB
Mapped:           390424 kB
Shmem:              3784 kB
Slab:              55408 kB
SReclaimable:      19740 kB
SUnreclaim:        35668 kB
KernelStack:       13456 kB
PageTables:        40088 kB
NFS_Unstable:          0 kB
Bounce:                0 kB
WritebackTmp:          0 kB
CommitLimit:     2496364 kB
Committed_AS:   86283244 kB
VmallocTotal:     385024 kB
VmallocUsed:      158764 kB
VmallocChunk:      60484 kB
Time pass: 218 sec

---2015-12-04 21:02:09
MemTotal:        2895588 kB
MemFree:           87460 kB
Buffers:           12688 kB
Cached:          1223052 kB
SwapCached:            0 kB
Active:           710952 kB
Inactive:        1187788 kB
Active(anon):     329744 kB
Inactive(anon):   339788 kB
Active(file):     381208 kB
Inactive(file):   848000 kB
Unevictable:        2748 kB
Mlocked:               0 kB
HighTotal:       2306432 kB
HighFree:          38212 kB
LowTotal:         589156 kB
LowFree:           49248 kB
SwapTotal:       1048572 kB
SwapFree:        1048572 kB
Dirty:                28 kB
Writeback:             0 kB
AnonPages:        665812 kB
Mapped:           390476 kB
Shmem:              3784 kB
Slab:              55412 kB
SReclaimable:      19740 kB
SUnreclaim:        35672 kB
KernelStack:       13456 kB
PageTables:        40108 kB
NFS_Unstable:          0 kB
Bounce:                0 kB
WritebackTmp:          0 kB
CommitLimit:     2496364 kB
Committed_AS:   86283372 kB
VmallocTotal:     385024 kB
VmallocUsed:      158764 kB
VmallocChunk:      60484 kB
Time pass: 222 sec

---2015-12-04 21:02:09
MemTotal:        2895588 kB
MemFree:           86640 kB
Buffers:           12704 kB
Cached:          1223052 kB
SwapCached:            0 kB
Active:           711448 kB
Inactive:        1187804 kB
Active(anon):     330240 kB
Inactive(anon):   339788 kB
Active(file):     381208 kB
Inactive(file):   848016 kB
Unevictable:        2748 kB
Mlocked:               0 kB
HighTotal:       2306432 kB
HighFree:          38212 kB
LowTotal:         589156 kB
LowFree:           48428 kB
SwapTotal:       1048572 kB
SwapFree:        1048572 kB
Dirty:                36 kB
Writeback:             0 kB
AnonPages:        666272 kB
Mapped:           390528 kB
Shmem:              3784 kB
Slab:              55412 kB
SReclaimable:      19740 kB
SUnreclaim:        35672 kB
KernelStack:       13456 kB
PageTables:        40128 kB
NFS_Unstable:          0 kB
Bounce:                0 kB
WritebackTmp:          0 kB
CommitLimit:     2496364 kB
Committed_AS:   86283620 kB
VmallocTotal:     385024 kB
VmallocUsed:      158764 kB
VmallocChunk:      60484 kB
Time pass: 226 sec

---2015-12-04 21:02:09
MemTotal:        2895588 kB
MemFree:           86200 kB
Buffers:           12720 kB
Cached:          1223052 kB
SwapCached:            0 kB
Active:           711780 kB
Inactive:        1187820 kB
Active(anon):     330572 kB
Inactive(anon):   339788 kB
Active(file):     381208 kB
Inactive(file):   848032 kB
Unevictable:        2748 kB
Mlocked:               0 kB
HighTotal:       2306432 kB
HighFree:          39080 kB
LowTotal:         589156 kB
LowFree:           47120 kB
SwapTotal:       1048572 kB
SwapFree:        1048572 kB
Dirty:                36 kB
Writeback:             0 kB
AnonPages:        666752 kB
Mapped:           390476 kB
Shmem:              3784 kB
Slab:              55396 kB
SReclaimable:      19740 kB
SUnreclaim:        35656 kB
KernelStack:       13440 kB
PageTables:        40104 kB
NFS_Unstable:          0 kB
Bounce:                0 kB
WritebackTmp:          0 kB
CommitLimit:     2496364 kB
Committed_AS:   86283708 kB
VmallocTotal:     385024 kB
VmallocUsed:      158764 kB
VmallocChunk:      60484 kB
Time pass: 229 sec

---2015-12-04 21:02:09
MemTotal:        2895588 kB
MemFree:           86256 kB
Buffers:           12728 kB
Cached:          1223052 kB
SwapCached:            0 kB
Active:           712280 kB
Inactive:        1187828 kB
Active(anon):     331072 kB
Inactive(anon):   339788 kB
Active(file):     381208 kB
Inactive(file):   848040 kB
Unevictable:        2748 kB
Mlocked:               0 kB
HighTotal:       2306432 kB
HighFree:          38160 kB
LowTotal:         589156 kB
LowFree:           48096 kB
SwapTotal:       1048572 kB
SwapFree:        1048572 kB
Dirty:                 0 kB
Writeback:             0 kB
AnonPages:        666988 kB
Mapped:           390532 kB
Shmem:              3784 kB
Slab:              55396 kB
SReclaimable:      19740 kB
SUnreclaim:        35656 kB
KernelStack:       13448 kB
PageTables:        40124 kB
NFS_Unstable:          0 kB
Bounce:                0 kB
WritebackTmp:          0 kB
CommitLimit:     2496364 kB
Committed_AS:   86284352 kB
VmallocTotal:     385024 kB
VmallocUsed:      158764 kB
VmallocChunk:      60484 kB
Time pass: 233 sec

---2015-12-04 21:02:09
MemTotal:        2895588 kB
MemFree:           85628 kB
Buffers:           12744 kB
Cached:          1223052 kB
SwapCached:            0 kB
Active:           712348 kB
Inactive:        1187832 kB
Active(anon):     331140 kB
Inactive(anon):   339776 kB
Active(file):     381208 kB
Inactive(file):   848056 kB
Unevictable:        2748 kB
Mlocked:               0 kB
HighTotal:       2306432 kB
HighFree:          38160 kB
LowTotal:         589156 kB
LowFree:           47468 kB
SwapTotal:       1048572 kB
SwapFree:        1048572 kB
Dirty:                60 kB
Writeback:             0 kB
AnonPages:        667084 kB
Mapped:           390480 kB
Shmem:              3784 kB
Slab:              55392 kB
SReclaimable:      19740 kB
SUnreclaim:        35652 kB
KernelStack:       13432 kB
PageTables:        40096 kB
NFS_Unstable:          0 kB
Bounce:                0 kB
WritebackTmp:          0 kB
CommitLimit:     2496364 kB
Committed_AS:   86284472 kB
VmallocTotal:     385024 kB
VmallocUsed:      158764 kB
VmallocChunk:      60484 kB
Time pass: 236 sec

---2015-12-04 21:02:09
MemTotal:        2895588 kB
MemFree:           85160 kB
Buffers:           12744 kB
Cached:          1223052 kB
SwapCached:            0 kB
Active:           712924 kB
Inactive:        1187832 kB
Active(anon):     331716 kB
Inactive(anon):   339776 kB
Active(file):     381208 kB
Inactive(file):   848056 kB
Unevictable:        2748 kB
Mlocked:               0 kB
HighTotal:       2306432 kB
HighFree:          38088 kB
LowTotal:         589156 kB
LowFree:           47072 kB
SwapTotal:       1048572 kB
SwapFree:        1048572 kB
Dirty:                 0 kB
Writeback:             0 kB
AnonPages:        667672 kB
Mapped:           390480 kB
Shmem:              3784 kB
Slab:              55392 kB
SReclaimable:      19740 kB
SUnreclaim:        35652 kB
KernelStack:       13432 kB
PageTables:        40104 kB
NFS_Unstable:          0 kB
Bounce:                0 kB
WritebackTmp:          0 kB
CommitLimit:     2496364 kB
Committed_AS:   86284320 kB
VmallocTotal:     385024 kB
VmallocUsed:      158764 kB
VmallocChunk:      60484 kB
Time pass: 240 sec

---2015-12-04 21:02:09
MemTotal:        2895588 kB
MemFree:           84100 kB
Buffers:           12768 kB
Cached:          1223052 kB
SwapCached:            0 kB
Active:           713824 kB
Inactive:        1187856 kB
Active(anon):     332616 kB
Inactive(anon):   339776 kB
Active(file):     381208 kB
Inactive(file):   848080 kB
Unevictable:        2748 kB
Mlocked:               0 kB
HighTotal:       2306432 kB
HighFree:          38708 kB
LowTotal:         589156 kB
LowFree:           45392 kB
SwapTotal:       1048572 kB
SwapFree:        1048572 kB
Dirty:                40 kB
Writeback:             0 kB
AnonPages:        668432 kB
Mapped:           390532 kB
Shmem:              3784 kB
Slab:              55412 kB
SReclaimable:      19740 kB
SUnreclaim:        35672 kB
KernelStack:       13424 kB
PageTables:        40116 kB
NFS_Unstable:          0 kB
Bounce:                0 kB
WritebackTmp:          0 kB
CommitLimit:     2496364 kB
Committed_AS:   86284736 kB
VmallocTotal:     385024 kB
VmallocUsed:      158764 kB
VmallocChunk:      60484 kB
Time pass: 243 sec

---2015-12-04 21:02:09
MemTotal:        2895588 kB
MemFree:           83996 kB
Buffers:           12784 kB
Cached:          1223052 kB
SwapCached:            0 kB
Active:           714196 kB
Inactive:        1187844 kB
Active(anon):     332988 kB
Inactive(anon):   339764 kB
Active(file):     381208 kB
Inactive(file):   848080 kB
Unevictable:        2748 kB
Mlocked:               0 kB
HighTotal:       2306432 kB
HighFree:          38480 kB
LowTotal:         589156 kB
LowFree:           45516 kB
SwapTotal:       1048572 kB
SwapFree:        1048572 kB
Dirty:                40 kB
Writeback:             0 kB
AnonPages:        668836 kB
Mapped:           390584 kB
Shmem:              3784 kB
Slab:              55412 kB
SReclaimable:      19740 kB
SUnreclaim:        35672 kB
KernelStack:       13424 kB
PageTables:        40140 kB
NFS_Unstable:          0 kB
Bounce:                0 kB
WritebackTmp:          0 kB
CommitLimit:     2496364 kB
Committed_AS:   86284900 kB
VmallocTotal:     385024 kB
VmallocUsed:      158764 kB
VmallocChunk:      60484 kB
Time pass: 247 sec

---2015-12-04 21:02:09
MemTotal:        2895588 kB
MemFree:           83460 kB
Buffers:           12784 kB
Cached:          1223092 kB
SwapCached:            0 kB
Active:           714248 kB
Inactive:        1187900 kB
Active(anon):     333040 kB
Inactive(anon):   339804 kB
Active(file):     381208 kB
Inactive(file):   848096 kB
Unevictable:        2748 kB
Mlocked:               0 kB
HighTotal:       2306432 kB
HighFree:          38088 kB
LowTotal:         589156 kB
LowFree:           45372 kB
SwapTotal:       1048572 kB
SwapFree:        1048572 kB
Dirty:                44 kB
Writeback:             0 kB
AnonPages:        668964 kB
Mapped:           390520 kB
Shmem:              3824 kB
Slab:              55424 kB
SReclaimable:      19740 kB
SUnreclaim:        35684 kB
KernelStack:       13424 kB
PageTables:        40104 kB
NFS_Unstable:          0 kB
Bounce:                0 kB
WritebackTmp:          0 kB
CommitLimit:     2496364 kB
Committed_AS:   86284972 kB
VmallocTotal:     385024 kB
VmallocUsed:      158764 kB
VmallocChunk:      60484 kB
Time pass: 250 sec

---2015-12-04 21:02:09
MemTotal:        2895588 kB
MemFree:           83000 kB
Buffers:           12792 kB
Cached:          1223092 kB
SwapCached:            0 kB
Active:           714800 kB
Inactive:        1187900 kB
Active(anon):     333592 kB
Inactive(anon):   339796 kB
Active(file):     381208 kB
Inactive(file):   848104 kB
Unevictable:        2748 kB
Mlocked:               0 kB
HighTotal:       2306432 kB
HighFree:          38088 kB
LowTotal:         589156 kB
LowFree:           44912 kB
SwapTotal:       1048572 kB
SwapFree:        1048572 kB
Dirty:                32 kB
Writeback:             0 kB
AnonPages:        669488 kB
Mapped:           390572 kB
Shmem:              3824 kB
Slab:              55412 kB
SReclaimable:      19740 kB
SUnreclaim:        35672 kB
KernelStack:       13424 kB
PageTables:        40124 kB
NFS_Unstable:          0 kB
Bounce:                0 kB
WritebackTmp:          0 kB
CommitLimit:     2496364 kB
Committed_AS:   86285148 kB
VmallocTotal:     385024 kB
VmallocUsed:      158764 kB
VmallocChunk:      60484 kB
Time pass: 254 sec

---2015-12-04 21:02:09
MemTotal:        2895588 kB
MemFree:           82424 kB
Buffers:           12808 kB
Cached:          1223092 kB
SwapCached:            0 kB
Active:           715264 kB
Inactive:        1187880 kB
Active(anon):     334056 kB
Inactive(anon):   339760 kB
Active(file):     381208 kB
Inactive(file):   848120 kB
Unevictable:        2748 kB
Mlocked:               0 kB
HighTotal:       2306432 kB
HighFree:          38212 kB
LowTotal:         589156 kB
LowFree:           44212 kB
SwapTotal:       1048572 kB
SwapFree:        1048572 kB
Dirty:                 0 kB
Writeback:             0 kB
AnonPages:        669976 kB
Mapped:           390572 kB
Shmem:              3824 kB
Slab:              55392 kB
SReclaimable:      19740 kB
SUnreclaim:        35652 kB
KernelStack:       13424 kB
PageTables:        40124 kB
NFS_Unstable:          0 kB
Bounce:                0 kB
WritebackTmp:          0 kB
CommitLimit:     2496364 kB
Committed_AS:   86285340 kB
VmallocTotal:     385024 kB
VmallocUsed:      158764 kB
VmallocChunk:      60484 kB
Time pass: 258 sec

---2015-12-04 21:02:09
MemTotal:        2895588 kB
MemFree:           81796 kB
Buffers:           12816 kB
Cached:          1223092 kB
SwapCached:            0 kB
Active:           715324 kB
Inactive:        1187876 kB
Active(anon):     334116 kB
Inactive(anon):   339756 kB
Active(file):     381208 kB
Inactive(file):   848120 kB
Unevictable:        2748 kB
Mlocked:               0 kB
HighTotal:       2306432 kB
HighFree:          38212 kB
LowTotal:         589156 kB
LowFree:           43584 kB
SwapTotal:       1048572 kB
SwapFree:        1048572 kB
Dirty:                28 kB
Writeback:             0 kB
AnonPages:        669856 kB
Mapped:           390572 kB
Shmem:              3824 kB
Slab:              55396 kB
SReclaimable:      19740 kB
SUnreclaim:        35656 kB
KernelStack:       13424 kB
PageTables:        40128 kB
NFS_Unstable:          0 kB
Bounce:                0 kB
WritebackTmp:          0 kB
CommitLimit:     2496364 kB
Committed_AS:   86285460 kB
VmallocTotal:     385024 kB
VmallocUsed:      158764 kB
VmallocChunk:      60484 kB
Time pass: 262 sec

---2015-12-04 21:02:09
MemTotal:        2895588 kB
MemFree:           82220 kB
Buffers:           12832 kB
Cached:          1223092 kB
SwapCached:            0 kB
Active:           715328 kB
Inactive:        1187892 kB
Active(anon):     334120 kB
Inactive(anon):   339748 kB
Active(file):     381208 kB
Inactive(file):   848144 kB
Unevictable:        2748 kB
Mlocked:               0 kB
HighTotal:       2306432 kB
HighFree:          38956 kB
LowTotal:         589156 kB
LowFree:           43264 kB
SwapTotal:       1048572 kB
SwapFree:        1048572 kB
Dirty:                40 kB
Writeback:             0 kB
AnonPages:        670156 kB
Mapped:           390520 kB
Shmem:              3824 kB
Slab:              55396 kB
SReclaimable:      19740 kB
SUnreclaim:        35656 kB
KernelStack:       13424 kB
PageTables:        40104 kB
NFS_Unstable:          0 kB
Bounce:                0 kB
WritebackTmp:          0 kB
CommitLimit:     2496364 kB
Committed_AS:   86285700 kB
VmallocTotal:     385024 kB
VmallocUsed:      158764 kB
VmallocChunk:      60484 kB
Time pass: 265 sec

---2015-12-04 21:02:09
MemTotal:        2895588 kB
MemFree:           82348 kB
Buffers:           12840 kB
Cached:          1223092 kB
SwapCached:            0 kB
Active:           715428 kB
Inactive:        1187900 kB
Active(anon):     334220 kB
Inactive(anon):   339748 kB
Active(file):     381208 kB
Inactive(file):   848152 kB
Unevictable:        2748 kB
Mlocked:               0 kB
HighTotal:       2306432 kB
HighFree:          38284 kB
LowTotal:         589156 kB
LowFree:           44064 kB
SwapTotal:       1048572 kB
SwapFree:        1048572 kB
Dirty:                28 kB
Writeback:             0 kB
AnonPages:        670016 kB
Mapped:           390572 kB
Shmem:              3824 kB
Slab:              55392 kB
SReclaimable:      19740 kB
SUnreclaim:        35652 kB
KernelStack:       13424 kB
PageTables:        40128 kB
NFS_Unstable:          0 kB
Bounce:                0 kB
WritebackTmp:          0 kB
CommitLimit:     2496364 kB
Committed_AS:   86289892 kB
VmallocTotal:     385024 kB
VmallocUsed:      158764 kB
VmallocChunk:      60484 kB
Time pass: 269 sec

---2015-12-04 21:02:09
MemTotal:        2895588 kB
MemFree:           82308 kB
Buffers:           12856 kB
Cached:          1223660 kB
SwapCached:            0 kB
Active:           715800 kB
Inactive:        1188484 kB
Active(anon):     334592 kB
Inactive(anon):   339784 kB
Active(file):     381208 kB
Inactive(file):   848700 kB
Unevictable:        2748 kB
Mlocked:               0 kB
HighTotal:       2306432 kB
HighFree:          38108 kB
LowTotal:         589156 kB
LowFree:           44200 kB
SwapTotal:       1048572 kB
SwapFree:        1048572 kB
Dirty:                40 kB
Writeback:             0 kB
AnonPages:        670588 kB
Mapped:           390592 kB
Shmem:              3860 kB
Slab:              55396 kB
SReclaimable:      19740 kB
SUnreclaim:        35656 kB
KernelStack:       13400 kB
PageTables:        40104 kB
NFS_Unstable:          0 kB
Bounce:                0 kB
WritebackTmp:          0 kB
CommitLimit:     2496364 kB
Committed_AS:   86284148 kB
VmallocTotal:     385024 kB
VmallocUsed:      158764 kB
VmallocChunk:      60484 kB
Time pass: 272 sec

---2015-12-04 21:02:09
MemTotal:        2895588 kB
MemFree:           85840 kB
Buffers:           12872 kB
Cached:          1223780 kB
SwapCached:            0 kB
Active:           711164 kB
Inactive:        1188612 kB
Active(anon):     329956 kB
Inactive(anon):   339904 kB
Active(file):     381208 kB
Inactive(file):   848708 kB
Unevictable:        2748 kB
Mlocked:               0 kB
HighTotal:       2306432 kB
HighFree:          38852 kB
LowTotal:         589156 kB
LowFree:           46988 kB
SwapTotal:       1048572 kB
SwapFree:        1048572 kB
Dirty:                40 kB
Writeback:             0 kB
AnonPages:        666076 kB
Mapped:           390712 kB
Shmem:              3980 kB
Slab:              55396 kB
SReclaimable:      19740 kB
SUnreclaim:        35656 kB
KernelStack:       13400 kB
PageTables:        40104 kB
NFS_Unstable:          0 kB
Bounce:                0 kB
WritebackTmp:          0 kB
CommitLimit:     2496364 kB
Committed_AS:   86284308 kB
VmallocTotal:     385024 kB
VmallocUsed:      158764 kB
VmallocChunk:      60484 kB
Time pass: 276 sec

---2015-12-04 21:02:09
MemTotal:        2895588 kB
MemFree:           85800 kB
Buffers:           12872 kB
Cached:          1223780 kB
SwapCached:            0 kB
Active:           710336 kB
Inactive:        1188620 kB
Active(anon):     329128 kB
Inactive(anon):   339904 kB
Active(file):     381208 kB
Inactive(file):   848716 kB
Unevictable:        2748 kB
Mlocked:               0 kB
HighTotal:       2306432 kB
HighFree:          38428 kB
LowTotal:         589156 kB
LowFree:           47372 kB
SwapTotal:       1048572 kB
SwapFree:        1048572 kB
Dirty:                40 kB
Writeback:             0 kB
AnonPages:        665288 kB
Mapped:           390764 kB
Shmem:              3980 kB
Slab:              55392 kB
SReclaimable:      19740 kB
SUnreclaim:        35652 kB
KernelStack:       13400 kB
PageTables:        40124 kB
NFS_Unstable:          0 kB
Bounce:                0 kB
WritebackTmp:          0 kB
CommitLimit:     2496364 kB
Committed_AS:   86284356 kB
VmallocTotal:     385024 kB
VmallocUsed:      158764 kB
VmallocChunk:      60484 kB
Time pass: 279 sec

---2015-12-04 21:02:09
MemTotal:        2895588 kB
MemFree:           87284 kB
Buffers:           12896 kB
Cached:          1223780 kB
SwapCached:            0 kB
Active:           711284 kB
Inactive:        1188632 kB
Active(anon):     330076 kB
Inactive(anon):   339892 kB
Active(file):     381208 kB
Inactive(file):   848740 kB
Unevictable:        2748 kB
Mlocked:               0 kB
HighTotal:       2306432 kB
HighFree:          37964 kB
LowTotal:         589156 kB
LowFree:           49320 kB
SwapTotal:       1048572 kB
SwapFree:        1048572 kB
Dirty:                40 kB
Writeback:             0 kB
AnonPages:        666104 kB
Mapped:           390712 kB
Shmem:              3980 kB
Slab:              55392 kB
SReclaimable:      19740 kB
SUnreclaim:        35652 kB
KernelStack:       13400 kB
PageTables:        40104 kB
NFS_Unstable:          0 kB
Bounce:                0 kB
WritebackTmp:          0 kB
CommitLimit:     2496364 kB
Committed_AS:   86284604 kB
VmallocTotal:     385024 kB
VmallocUsed:      158764 kB
VmallocChunk:      60484 kB
Time pass: 283 sec

---2015-12-04 21:02:09
MemTotal:        2895588 kB
MemFree:           85712 kB
Buffers:           12896 kB
Cached:          1223780 kB
SwapCached:            0 kB
Active:           712352 kB
Inactive:        1188632 kB
Active(anon):     331144 kB
Inactive(anon):   339892 kB
Active(file):     381208 kB
Inactive(file):   848740 kB
Unevictable:        2748 kB
Mlocked:               0 kB
HighTotal:       2306432 kB
HighFree:          37964 kB
LowTotal:         589156 kB
LowFree:           47748 kB
SwapTotal:       1048572 kB
SwapFree:        1048572 kB
Dirty:                 0 kB
Writeback:             0 kB
AnonPages:        667088 kB
Mapped:           390764 kB
Shmem:              3980 kB
Slab:              55392 kB
SReclaimable:      19740 kB
SUnreclaim:        35652 kB
KernelStack:       13400 kB
PageTables:        40124 kB
NFS_Unstable:          0 kB
Bounce:                0 kB
WritebackTmp:          0 kB
CommitLimit:     2496364 kB
Committed_AS:   86284676 kB
VmallocTotal:     385024 kB
VmallocUsed:      158764 kB
VmallocChunk:      60484 kB
Time pass: 286 sec

---2015-12-04 21:02:09
MemTotal:        2895588 kB
MemFree:           85652 kB
Buffers:           12904 kB
Cached:          1223780 kB
SwapCached:            0 kB
Active:           712028 kB
Inactive:        1188640 kB
Active(anon):     330820 kB
Inactive(anon):   339892 kB
Active(file):     381208 kB
Inactive(file):   848748 kB
Unevictable:        2748 kB
Mlocked:               0 kB
HighTotal:       2306432 kB
HighFree:          37964 kB
LowTotal:         589156 kB
LowFree:           47688 kB
SwapTotal:       1048572 kB
SwapFree:        1048572 kB
Dirty:                28 kB
Writeback:             0 kB
AnonPages:        666644 kB
Mapped:           390764 kB
Shmem:              3980 kB
Slab:              55408 kB
SReclaimable:      19740 kB
SUnreclaim:        35668 kB
KernelStack:       13400 kB
PageTables:        40124 kB
NFS_Unstable:          0 kB
Bounce:                0 kB
WritebackTmp:          0 kB
CommitLimit:     2496364 kB
Committed_AS:   86284764 kB
VmallocTotal:     385024 kB
VmallocUsed:      158764 kB
VmallocChunk:      60484 kB
Time pass: 290 sec

---2015-12-04 21:02:09
MemTotal:        2895588 kB
MemFree:           84820 kB
Buffers:           12920 kB
Cached:          1223780 kB
SwapCached:            0 kB
Active:           712524 kB
Inactive:        1188656 kB
Active(anon):     331316 kB
Inactive(anon):   339892 kB
Active(file):     381208 kB
Inactive(file):   848764 kB
Unevictable:        2748 kB
Mlocked:               0 kB
HighTotal:       2306432 kB
HighFree:          37964 kB
LowTotal:         589156 kB
LowFree:           46856 kB
SwapTotal:       1048572 kB
SwapFree:        1048572 kB
Dirty:                 0 kB
Writeback:             0 kB
AnonPages:        667404 kB
Mapped:           390712 kB
Shmem:              3980 kB
Slab:              55392 kB
SReclaimable:      19740 kB
SUnreclaim:        35652 kB
KernelStack:       13392 kB
PageTables:        40104 kB
NFS_Unstable:          0 kB
Bounce:                0 kB
WritebackTmp:          0 kB
CommitLimit:     2496364 kB
Committed_AS:   86285012 kB
VmallocTotal:     385024 kB
VmallocUsed:      158764 kB
VmallocChunk:      60484 kB
Time pass: 294 sec

---2015-12-04 21:02:09
MemTotal:        2895588 kB
MemFree:           84436 kB
Buffers:           12928 kB
Cached:          1223780 kB
SwapCached:            0 kB
Active:           712116 kB
Inactive:        1188664 kB
Active(anon):     330908 kB
Inactive(anon):   339892 kB
Active(file):     381208 kB
Inactive(file):   848772 kB
Unevictable:        2748 kB
Mlocked:               0 kB
HighTotal:       2306432 kB
HighFree:          37964 kB
LowTotal:         589156 kB
LowFree:           46472 kB
SwapTotal:       1048572 kB
SwapFree:        1048572 kB
Dirty:                28 kB
Writeback:             0 kB
AnonPages:        666708 kB
Mapped:           390772 kB
Shmem:              3980 kB
Slab:              55392 kB
SReclaimable:      19740 kB
SUnreclaim:        35652 kB
KernelStack:       13392 kB
PageTables:        40140 kB
NFS_Unstable:          0 kB
Bounce:                0 kB
WritebackTmp:          0 kB
CommitLimit:     2496364 kB
Committed_AS:   86284988 kB
VmallocTotal:     385024 kB
VmallocUsed:      158764 kB
VmallocChunk:      60484 kB
Time pass: 298 sec

---2015-12-04 21:02:09
MemTotal:        2895588 kB
MemFree:           85372 kB
Buffers:           12944 kB
Cached:          1223780 kB
SwapCached:            0 kB
Active:           712180 kB
Inactive:        1188680 kB
Active(anon):     330972 kB
Inactive(anon):   339892 kB
Active(file):     381208 kB
Inactive(file):   848788 kB
Unevictable:        2748 kB
Mlocked:               0 kB
HighTotal:       2306432 kB
HighFree:          38832 kB
LowTotal:         589156 kB
LowFree:           46540 kB
SwapTotal:       1048572 kB
SwapFree:        1048572 kB
Dirty:                40 kB
Writeback:             0 kB
AnonPages:        666908 kB
Mapped:           390764 kB
Shmem:              3980 kB
Slab:              55392 kB
SReclaimable:      19740 kB
SUnreclaim:        35652 kB
KernelStack:       13392 kB
PageTables:        40128 kB
NFS_Unstable:          0 kB
Bounce:                0 kB
WritebackTmp:          0 kB
CommitLimit:     2496364 kB
Committed_AS:   86285332 kB
VmallocTotal:     385024 kB
VmallocUsed:      158764 kB
VmallocChunk:      60484 kB
Time pass: 301 sec

---2015-12-04 21:02:09
MemTotal:        2895588 kB
MemFree:           84732 kB
Buffers:           12960 kB
Cached:          1223780 kB
SwapCached:            0 kB
Active:           712508 kB
Inactive:        1188696 kB
Active(anon):     331300 kB
Inactive(anon):   339892 kB
Active(file):     381208 kB
Inactive(file):   848804 kB
Unevictable:        2748 kB
Mlocked:               0 kB
HighTotal:       2306432 kB
HighFree:          38656 kB
LowTotal:         589156 kB
LowFree:           46076 kB
SwapTotal:       1048572 kB
SwapFree:        1048572 kB
Dirty:                44 kB
Writeback:             0 kB
AnonPages:        667316 kB
Mapped:           390712 kB
Shmem:              3980 kB
Slab:              55392 kB
SReclaimable:      19740 kB
SUnreclaim:        35652 kB
KernelStack:       13392 kB
PageTables:        40108 kB
NFS_Unstable:          0 kB
Bounce:                0 kB
WritebackTmp:          0 kB
CommitLimit:     2496364 kB
Committed_AS:   86285356 kB
VmallocTotal:     385024 kB
VmallocUsed:      158764 kB
VmallocChunk:      60484 kB
Time pass: 305 sec

---2015-12-04 21:02:09
MemTotal:        2895588 kB
MemFree:           84028 kB
Buffers:           12968 kB
Cached:          1223772 kB
SwapCached:            0 kB
Active:           712528 kB
Inactive:        1188696 kB
Active(anon):     331320 kB
Inactive(anon):   339892 kB
Active(file):     381208 kB
Inactive(file):   848804 kB
Unevictable:        2748 kB
Mlocked:               0 kB
HighTotal:       2306432 kB
HighFree:          38036 kB
LowTotal:         589156 kB
LowFree:           45992 kB
SwapTotal:       1048572 kB
SwapFree:        1048572 kB
Dirty:                 0 kB
Writeback:             0 kB
AnonPages:        667480 kB
Mapped:           390712 kB
Shmem:              3980 kB
Slab:              55392 kB
SReclaimable:      19740 kB
SUnreclaim:        35652 kB
KernelStack:       13392 kB
PageTables:        40108 kB
NFS_Unstable:          0 kB
Bounce:                0 kB
WritebackTmp:          0 kB
CommitLimit:     2496364 kB
Committed_AS:   86285516 kB
VmallocTotal:     385024 kB
VmallocUsed:      158764 kB
VmallocChunk:      60484 kB
Time pass: 308 sec

---2015-12-04 21:02:09
MemTotal:        2895588 kB
MemFree:           84048 kB
Buffers:           12984 kB
Cached:          1223780 kB
SwapCached:            0 kB
Active:           713348 kB
Inactive:        1188648 kB
Active(anon):     332140 kB
Inactive(anon):   339820 kB
Active(file):     381208 kB
Inactive(file):   848828 kB
Unevictable:        2748 kB
Mlocked:               0 kB
HighTotal:       2306432 kB
HighFree:          38532 kB
LowTotal:         589156 kB
LowFree:           45516 kB
SwapTotal:       1048572 kB
SwapFree:        1048572 kB
Dirty:                40 kB
Writeback:             0 kB
AnonPages:        668256 kB
Mapped:           390764 kB
Shmem:              3980 kB
Slab:              55524 kB
SReclaimable:      19828 kB
SUnreclaim:        35696 kB
KernelStack:       13408 kB
PageTables:        40148 kB
NFS_Unstable:          0 kB
Bounce:                0 kB
WritebackTmp:          0 kB
CommitLimit:     2496364 kB
Committed_AS:   86294540 kB
VmallocTotal:     385024 kB
VmallocUsed:      158764 kB
VmallocChunk:      60484 kB
Time pass: 312 sec

---2015-12-04 21:02:09
MemTotal:        2895588 kB
MemFree:           84180 kB
Buffers:           12984 kB
Cached:          1223780 kB
SwapCached:            0 kB
Active:           712988 kB
Inactive:        1188648 kB
Active(anon):     331780 kB
Inactive(anon):   339820 kB
Active(file):     381208 kB
Inactive(file):   848828 kB
Unevictable:        2748 kB
Mlocked:               0 kB
HighTotal:       2306432 kB
HighFree:          39028 kB
LowTotal:         589156 kB
LowFree:           45152 kB
SwapTotal:       1048572 kB
SwapFree:        1048572 kB
Dirty:                 0 kB
Writeback:             0 kB
AnonPages:        667756 kB
Mapped:           390712 kB
Shmem:              3980 kB
Slab:              55532 kB
SReclaimable:      19836 kB
SUnreclaim:        35696 kB
KernelStack:       13392 kB
PageTables:        40128 kB
NFS_Unstable:          0 kB
Bounce:                0 kB
WritebackTmp:          0 kB
CommitLimit:     2496364 kB
Committed_AS:   86285916 kB
VmallocTotal:     385024 kB
VmallocUsed:      158764 kB
VmallocChunk:      60484 kB
Time pass: 315 sec

---2015-12-04 21:02:09
MemTotal:        2895588 kB
MemFree:           83040 kB
Buffers:           13008 kB
Cached:          1223780 kB
SwapCached:            0 kB
Active:           713300 kB
Inactive:        1188664 kB
Active(anon):     332092 kB
Inactive(anon):   339820 kB
Active(file):     381208 kB
Inactive(file):   848844 kB
Unevictable:        2748 kB
Mlocked:               0 kB
HighTotal:       2306432 kB
HighFree:          38160 kB
LowTotal:         589156 kB
LowFree:           44880 kB
SwapTotal:       1048572 kB
SwapFree:        1048572 kB
Dirty:                40 kB
Writeback:             0 kB
AnonPages:        668112 kB
Mapped:           390712 kB
Shmem:              3980 kB
Slab:              55532 kB
SReclaimable:      19836 kB
SUnreclaim:        35696 kB
KernelStack:       13392 kB
PageTables:        40128 kB
NFS_Unstable:          0 kB
Bounce:                0 kB
WritebackTmp:          0 kB
CommitLimit:     2496364 kB
Committed_AS:   86286060 kB
VmallocTotal:     385024 kB
VmallocUsed:      158764 kB
VmallocChunk:      60484 kB
Time pass: 319 sec

---2015-12-04 21:02:09
MemTotal:        2895588 kB
MemFree:           83080 kB
Buffers:           13008 kB
Cached:          1223780 kB
SwapCached:            0 kB
Active:           713836 kB
Inactive:        1188672 kB
Active(anon):     332628 kB
Inactive(anon):   339820 kB
Active(file):     381208 kB
Inactive(file):   848852 kB
Unevictable:        2748 kB
Mlocked:               0 kB
HighTotal:       2306432 kB
HighFree:          38088 kB
LowTotal:         589156 kB
LowFree:           44992 kB
SwapTotal:       1048572 kB
SwapFree:        1048572 kB
Dirty:                 0 kB
Writeback:             0 kB
AnonPages:        668448 kB
Mapped:           390764 kB
