---2015-10-26 12:50:36
MemTotal:        1386500 kB
MemFree:          142188 kB
Buffers:           60788 kB
Cached:           371068 kB
SwapCached:        38960 kB
Active:           473112 kB
Inactive:         461236 kB
Active(anon):     241400 kB
Inactive(anon):   263904 kB
Active(file):     231712 kB
Inactive(file):   197332 kB
Unevictable:        2528 kB
Mlocked:               0 kB
HighTotal:        849920 kB
HighFree:          53772 kB
LowTotal:         536580 kB
LowFree:           88416 kB
SwapTotal:       1048572 kB
SwapFree:         860212 kB
Dirty:                 0 kB
Writeback:             0 kB
AnonPages:        498560 kB
Mapped:           142748 kB
Shmem:               284 kB
Slab:              57488 kB
SReclaimable:      17220 kB
SUnreclaim:        40268 kB
KernelStack:       12696 kB
PageTables:        23552 kB
NFS_Unstable:          0 kB
Bounce:                0 kB
WritebackTmp:          0 kB
CommitLimit:     1741820 kB
Committed_AS:   55153888 kB
VmallocTotal:     319488 kB
VmallocUsed:       19172 kB
VmallocChunk:     169996 kB
Time pass: 3 sec

---2015-10-26 12:50:36
MemTotal:        1386500 kB
MemFree:          142224 kB
Buffers:           60788 kB
Cached:           371068 kB
SwapCached:        38960 kB
Active:           473128 kB
Inactive:         461236 kB
Active(anon):     241416 kB
Inactive(anon):   263904 kB
Active(file):     231712 kB
Inactive(file):   197332 kB
Unevictable:        2528 kB
Mlocked:               0 kB
HighTotal:        849920 kB
HighFree:          53900 kB
LowTotal:         536580 kB
LowFree:           88324 kB
SwapTotal:       1048572 kB
SwapFree:         860212 kB
Dirty:                 0 kB
Writeback:             0 kB
AnonPages:        498624 kB
Mapped:           142748 kB
Shmem:               284 kB
Slab:              57456 kB
SReclaimable:      17220 kB
SUnreclaim:        40236 kB
KernelStack:       12696 kB
PageTables:        23552 kB
NFS_Unstable:          0 kB
Bounce:                0 kB
WritebackTmp:          0 kB
CommitLimit:     1741820 kB
Committed_AS:   55153960 kB
VmallocTotal:     319488 kB
VmallocUsed:       19172 kB
VmallocChunk:     169996 kB
Time pass: 7 sec

---2015-10-26 12:50:36
MemTotal:        1386500 kB
MemFree:          142072 kB
Buffers:           60788 kB
Cached:           371068 kB
SwapCached:        38960 kB
Active:           473164 kB
Inactive:         461236 kB
Active(anon):     241452 kB
Inactive(anon):   263904 kB
Active(file):     231712 kB
Inactive(file):   197332 kB
Unevictable:        2528 kB
Mlocked:               0 kB
HighTotal:        849920 kB
HighFree:          53872 kB
LowTotal:         536580 kB
LowFree:           88200 kB
SwapTotal:       1048572 kB
SwapFree:         860212 kB
Dirty:                 0 kB
Writeback:             0 kB
AnonPages:        498692 kB
Mapped:           142748 kB
Shmem:               284 kB
Slab:              57464 kB
SReclaimable:      17220 kB
SUnreclaim:        40244 kB
KernelStack:       12696 kB
PageTables:        23552 kB
NFS_Unstable:          0 kB
Bounce:                0 kB
WritebackTmp:          0 kB
CommitLimit:     1741820 kB
Committed_AS:   55153888 kB
VmallocTotal:     319488 kB
VmallocUsed:       19172 kB
VmallocChunk:     169996 kB
Time pass: 10 sec

---2015-10-26 12:50:36
MemTotal:        1386500 kB
MemFree:          141832 kB
Buffers:           60788 kB
Cached:           371068 kB
SwapCached:        38960 kB
Active:           473320 kB
Inactive:         461236 kB
Active(anon):     241608 kB
Inactive(anon):   263904 kB
Active(file):     231712 kB
Inactive(file):   197332 kB
Unevictable:        2528 kB
Mlocked:               0 kB
HighTotal:        849920 kB
HighFree:          53904 kB
LowTotal:         536580 kB
LowFree:           87928 kB
SwapTotal:       1048572 kB
SwapFree:         860212 kB
Dirty:                 0 kB
Writeback:             0 kB
AnonPages:        498736 kB
Mapped:           142748 kB
Shmem:               284 kB
Slab:              57472 kB
SReclaimable:      17220 kB
SUnreclaim:        40252 kB
KernelStack:       12696 kB
PageTables:        23552 kB
NFS_Unstable:          0 kB
Bounce:                0 kB
WritebackTmp:          0 kB
CommitLimit:     1741820 kB
Committed_AS:   55153952 kB
VmallocTotal:     319488 kB
VmallocUsed:       19172 kB
VmallocChunk:     169996 kB
Time pass: 14 sec

---2015-10-26 12:50:36
MemTotal:        1386500 kB
MemFree:          141908 kB
Buffers:           60788 kB
Cached:           371068 kB
SwapCached:        38960 kB
Active:           473288 kB
Inactive:         461236 kB
Active(anon):     241576 kB
Inactive(anon):   263904 kB
Active(file):     231712 kB
Inactive(file):   197332 kB
Unevictable:        2528 kB
Mlocked:               0 kB
HighTotal:        849920 kB
HighFree:          53980 kB
LowTotal:         536580 kB
LowFree:           87928 kB
SwapTotal:       1048572 kB
SwapFree:         860212 kB
Dirty:                 0 kB
Writeback:             0 kB
AnonPages:        498780 kB
Mapped:           142748 kB
Shmem:               284 kB
Slab:              57468 kB
SReclaimable:      17220 kB
SUnreclaim:        40248 kB
KernelStack:       12696 kB
PageTables:        23556 kB
NFS_Unstable:          0 kB
Bounce:                0 kB
WritebackTmp:          0 kB
CommitLimit:     1741820 kB
Committed_AS:   55154020 kB
VmallocTotal:     319488 kB
VmallocUsed:       19172 kB
VmallocChunk:     169996 kB
Time pass: 18 sec

---2015-10-26 12:50:36
MemTotal:        1386500 kB
MemFree:          141160 kB
Buffers:           60788 kB
Cached:           371068 kB
SwapCached:        38960 kB
Active:           473376 kB
Inactive:         461236 kB
Active(anon):     241664 kB
Inactive(anon):   263904 kB
Active(file):     231712 kB
Inactive(file):   197332 kB
Unevictable:        2528 kB
Mlocked:               0 kB
HighTotal:        849920 kB
HighFree:          53428 kB
LowTotal:         536580 kB
LowFree:           87732 kB
SwapTotal:       1048572 kB
SwapFree:         860212 kB
Dirty:                 0 kB
Writeback:             0 kB
AnonPages:        498828 kB
Mapped:           142748 kB
Shmem:               284 kB
Slab:              57608 kB
SReclaimable:      17220 kB
SUnreclaim:        40388 kB
KernelStack:       12696 kB
PageTables:        23552 kB
NFS_Unstable:          0 kB
Bounce:                0 kB
WritebackTmp:          0 kB
CommitLimit:     1741820 kB
Committed_AS:   55153952 kB
VmallocTotal:     319488 kB
VmallocUsed:       19172 kB
VmallocChunk:     169996 kB
Time pass: 21 sec

---2015-10-26 12:50:36
MemTotal:        1386500 kB
MemFree:          141488 kB
Buffers:           60788 kB
Cached:           371068 kB
SwapCached:        38960 kB
Active:           473496 kB
Inactive:         461236 kB
Active(anon):     241784 kB
Inactive(anon):   263904 kB
Active(file):     231712 kB
Inactive(file):   197332 kB
Unevictable:        2528 kB
Mlocked:               0 kB
HighTotal:        849920 kB
HighFree:          53632 kB
LowTotal:         536580 kB
LowFree:           87856 kB
SwapTotal:       1048572 kB
SwapFree:         860212 kB
Dirty:                 0 kB
Writeback:             0 kB
AnonPages:        498876 kB
Mapped:           142748 kB
Shmem:               284 kB
Slab:              57560 kB
SReclaimable:      17220 kB
SUnreclaim:        40340 kB
KernelStack:       12696 kB
PageTables:        23552 kB
NFS_Unstable:          0 kB
Bounce:                0 kB
WritebackTmp:          0 kB
CommitLimit:     1741820 kB
Committed_AS:   55154028 kB
VmallocTotal:     319488 kB
VmallocUsed:       19172 kB
VmallocChunk:     169996 kB
Time pass: 25 sec

---2015-10-26 12:50:36
MemTotal:        1386500 kB
MemFree:          140932 kB
Buffers:           60788 kB
Cached:           371068 kB
SwapCached:        38960 kB
Active:           473488 kB
Inactive:         461236 kB
Active(anon):     241776 kB
Inactive(anon):   263904 kB
Active(file):     231712 kB
Inactive(file):   197332 kB
Unevictable:        2528 kB
Mlocked:               0 kB
HighTotal:        849920 kB
HighFree:          53348 kB
LowTotal:         536580 kB
LowFree:           87584 kB
SwapTotal:       1048572 kB
SwapFree:         860212 kB
Dirty:                 0 kB
Writeback:             0 kB
AnonPages:        498944 kB
Mapped:           142748 kB
Shmem:               284 kB
Slab:              57568 kB
SReclaimable:      17220 kB
SUnreclaim:        40348 kB
KernelStack:       12696 kB
PageTables:        23552 kB
NFS_Unstable:          0 kB
Bounce:                0 kB
WritebackTmp:          0 kB
CommitLimit:     1741820 kB
Committed_AS:   55154028 kB
VmallocTotal:     319488 kB
VmallocUsed:       19172 kB
VmallocChunk:     169996 kB
Time pass: 29 sec

---2015-10-26 12:50:36
MemTotal:        1386500 kB
MemFree:          141076 kB
Buffers:           60788 kB
Cached:           371068 kB
SwapCached:        38960 kB
Active:           473548 kB
Inactive:         461236 kB
Active(anon):     241836 kB
Inactive(anon):   263904 kB
Active(file):     231712 kB
Inactive(file):   197332 kB
Unevictable:        2528 kB
Mlocked:               0 kB
HighTotal:        849920 kB
HighFree:          53344 kB
LowTotal:         536580 kB
LowFree:           87732 kB
SwapTotal:       1048572 kB
SwapFree:         860212 kB
Dirty:                 0 kB
Writeback:             0 kB
AnonPages:        498996 kB
Mapped:           142748 kB
Shmem:               284 kB
Slab:              57576 kB
SReclaimable:      17220 kB
SUnreclaim:        40356 kB
KernelStack:       12696 kB
PageTables:        23552 kB
NFS_Unstable:          0 kB
Bounce:                0 kB
WritebackTmp:          0 kB
CommitLimit:     1741820 kB
Committed_AS:   55153884 kB
VmallocTotal:     319488 kB
VmallocUsed:       19172 kB
VmallocChunk:     169996 kB
Time pass: 33 sec

---2015-10-26 12:50:36
MemTotal:        1386500 kB
MemFree:          141176 kB
Buffers:           60788 kB
Cached:           371068 kB
SwapCached:        38960 kB
Active:           473592 kB
Inactive:         461236 kB
Active(anon):     241880 kB
Inactive(anon):   263904 kB
Active(file):     231712 kB
Inactive(file):   197332 kB
Unevictable:        2528 kB
Mlocked:               0 kB
HighTotal:        849920 kB
HighFree:          53344 kB
LowTotal:         536580 kB
LowFree:           87832 kB
SwapTotal:       1048572 kB
SwapFree:         860212 kB
Dirty:                 0 kB
Writeback:             0 kB
AnonPages:        499068 kB
Mapped:           142748 kB
Shmem:               284 kB
Slab:              57580 kB
SReclaimable:      17220 kB
SUnreclaim:        40360 kB
KernelStack:       12696 kB
PageTables:        23552 kB
NFS_Unstable:          0 kB
Bounce:                0 kB
WritebackTmp:          0 kB
CommitLimit:     1741820 kB
Committed_AS:   55154020 kB
VmallocTotal:     319488 kB
VmallocUsed:       19172 kB
VmallocChunk:     169996 kB
Time pass: 36 sec

---2015-10-26 12:50:36
MemTotal:        1386500 kB
MemFree:          140952 kB
Buffers:           60788 kB
Cached:           371068 kB
SwapCached:        38960 kB
Active:           473548 kB
Inactive:         461236 kB
Active(anon):     241836 kB
Inactive(anon):   263904 kB
Active(file):     231712 kB
Inactive(file):   197332 kB
Unevictable:        2528 kB
Mlocked:               0 kB
HighTotal:        849920 kB
HighFree:          53220 kB
LowTotal:         536580 kB
LowFree:           87732 kB
SwapTotal:       1048572 kB
SwapFree:         860212 kB
Dirty:                 0 kB
Writeback:             0 kB
AnonPages:        499116 kB
Mapped:           142748 kB
Shmem:               284 kB
Slab:              57568 kB
SReclaimable:      17220 kB
SUnreclaim:        40348 kB
KernelStack:       12696 kB
PageTables:        23552 kB
NFS_Unstable:          0 kB
Bounce:                0 kB
WritebackTmp:          0 kB
CommitLimit:     1741820 kB
Committed_AS:   55153944 kB
VmallocTotal:     319488 kB
VmallocUsed:       19172 kB
VmallocChunk:     169996 kB
Time pass: 40 sec

---2015-10-26 12:50:36
MemTotal:        1386500 kB
MemFree:          141440 kB
Buffers:           60788 kB
Cached:           371068 kB
SwapCached:        38960 kB
Active:           473708 kB
Inactive:         461236 kB
Active(anon):     241996 kB
Inactive(anon):   263904 kB
Active(file):     231712 kB
Inactive(file):   197332 kB
Unevictable:        2528 kB
Mlocked:               0 kB
HighTotal:        849920 kB
HighFree:          53644 kB
LowTotal:         536580 kB
LowFree:           87796 kB
SwapTotal:       1048572 kB
SwapFree:         860212 kB
Dirty:                 0 kB
Writeback:             0 kB
AnonPages:        499156 kB
Mapped:           142748 kB
Shmem:               284 kB
Slab:              57484 kB
SReclaimable:      17220 kB
SUnreclaim:        40264 kB
KernelStack:       12696 kB
PageTables:        23552 kB
NFS_Unstable:          0 kB
Bounce:                0 kB
WritebackTmp:          0 kB
CommitLimit:     1741820 kB
Committed_AS:   55153884 kB
VmallocTotal:     319488 kB
VmallocUsed:       19172 kB
VmallocChunk:     169996 kB
Time pass: 44 sec

---2015-10-26 12:50:36
MemTotal:        1386500 kB
MemFree:          141636 kB
Buffers:           60788 kB
Cached:           371068 kB
SwapCached:        38960 kB
Active:           473580 kB
Inactive:         461236 kB
Active(anon):     241868 kB
Inactive(anon):   263904 kB
Active(file):     231712 kB
Inactive(file):   197332 kB
Unevictable:        2528 kB
Mlocked:               0 kB
HighTotal:        849920 kB
HighFree:          53920 kB
LowTotal:         536580 kB
LowFree:           87716 kB
SwapTotal:       1048572 kB
SwapFree:         860212 kB
Dirty:                 0 kB
Writeback:             0 kB
AnonPages:        499208 kB
Mapped:           142740 kB
Shmem:               284 kB
Slab:              57484 kB
SReclaimable:      17220 kB
SUnreclaim:        40264 kB
KernelStack:       12696 kB
PageTables:        23576 kB
NFS_Unstable:          0 kB
Bounce:                0 kB
WritebackTmp:          0 kB
CommitLimit:     1741820 kB
Committed_AS:   55153960 kB
VmallocTotal:     319488 kB
VmallocUsed:       19172 kB
VmallocChunk:     169996 kB
Time pass: 48 sec

---2015-10-26 12:50:36
MemTotal:        1386500 kB
MemFree:          140976 kB
Buffers:           60788 kB
Cached:           371068 kB
SwapCached:        38960 kB
Active:           473708 kB
Inactive:         461236 kB
Active(anon):     241996 kB
Inactive(anon):   263904 kB
Active(file):     231712 kB
Inactive(file):   197332 kB
Unevictable:        2528 kB
Mlocked:               0 kB
HighTotal:        849920 kB
HighFree:          53180 kB
LowTotal:         536580 kB
LowFree:           87796 kB
SwapTotal:       1048572 kB
SwapFree:         860212 kB
Dirty:                 0 kB
Writeback:             0 kB
AnonPages:        499160 kB
Mapped:           142748 kB
Shmem:               284 kB
Slab:              57492 kB
SReclaimable:      17220 kB
SUnreclaim:        40272 kB
KernelStack:       12696 kB
PageTables:        23552 kB
NFS_Unstable:          0 kB
Bounce:                0 kB
WritebackTmp:          0 kB
CommitLimit:     1741820 kB
Committed_AS:   55153952 kB
VmallocTotal:     319488 kB
VmallocUsed:       19172 kB
VmallocChunk:     169996 kB
Time pass: 51 sec

---2015-10-26 12:50:36
MemTotal:        1386500 kB
MemFree:          141120 kB
Buffers:           60788 kB
Cached:           371068 kB
SwapCached:        38960 kB
Active:           473664 kB
Inactive:         461236 kB
Active(anon):     241952 kB
Inactive(anon):   263904 kB
Active(file):     231712 kB
Inactive(file):   197332 kB
Unevictable:        2528 kB
Mlocked:               0 kB
HighTotal:        849920 kB
HighFree:          53416 kB
LowTotal:         536580 kB
LowFree:           87704 kB
SwapTotal:       1048572 kB
SwapFree:         860212 kB
Dirty:                 0 kB
Writeback:             0 kB
AnonPages:        499160 kB
Mapped:           142748 kB
Shmem:               284 kB
Slab:              57476 kB
SReclaimable:      17220 kB
SUnreclaim:        40256 kB
KernelStack:       12696 kB
PageTables:        23552 kB
NFS_Unstable:          0 kB
Bounce:                0 kB
WritebackTmp:          0 kB
CommitLimit:     1741820 kB
Committed_AS:   55154020 kB
VmallocTotal:     319488 kB
VmallocUsed:       19172 kB
VmallocChunk:     169996 kB
Time pass: 55 sec

---2015-10-26 12:50:36
MemTotal:        1386500 kB
MemFree:          155816 kB
Buffers:           60788 kB
Cached:           371068 kB
SwapCached:        38960 kB
Active:           459376 kB
Inactive:         461236 kB
Active(anon):     227664 kB
Inactive(anon):   263904 kB
Active(file):     231712 kB
Inactive(file):   197332 kB
Unevictable:        2528 kB
Mlocked:               0 kB
HighTotal:        849920 kB
HighFree:          67296 kB
LowTotal:         536580 kB
LowFree:           88520 kB
SwapTotal:       1048572 kB
SwapFree:         860212 kB
Dirty:                 0 kB
Writeback:             0 kB
AnonPages:        484952 kB
Mapped:           137124 kB
Shmem:               284 kB
Slab:              57512 kB
SReclaimable:      17220 kB
SUnreclaim:        40292 kB
KernelStack:       12296 kB
PageTables:        23108 kB
NFS_Unstable:          0 kB
Bounce:                0 kB
WritebackTmp:          0 kB
CommitLimit:     1741820 kB
Committed_AS:   54341436 kB
VmallocTotal:     319488 kB
VmallocUsed:       19172 kB
VmallocChunk:     169996 kB
Time pass: 59 sec

---2015-10-26 12:50:36
MemTotal:        1386500 kB
MemFree:          156232 kB
Buffers:           60792 kB
Cached:           371044 kB
SwapCached:        38960 kB
Active:           459280 kB
Inactive:         461220 kB
Active(anon):     227572 kB
Inactive(anon):   263904 kB
Active(file):     231708 kB
Inactive(file):   197316 kB
Unevictable:        2528 kB
Mlocked:               0 kB
HighTotal:        849920 kB
HighFree:          67380 kB
LowTotal:         536580 kB
LowFree:           88852 kB
SwapTotal:       1048572 kB
SwapFree:         860212 kB
Dirty:                24 kB
Writeback:             0 kB
AnonPages:        484836 kB
Mapped:           137088 kB
Shmem:               284 kB
Slab:              57456 kB
SReclaimable:      17220 kB
SUnreclaim:        40236 kB
KernelStack:       12176 kB
PageTables:        23072 kB
NFS_Unstable:          0 kB
Bounce:                0 kB
WritebackTmp:          0 kB
CommitLimit:     1741820 kB
Committed_AS:   54341360 kB
VmallocTotal:     319488 kB
VmallocUsed:       19172 kB
VmallocChunk:     169996 kB
Time pass: 66 sec

---2015-10-26 12:50:36
MemTotal:        1386500 kB
MemFree:          156208 kB
Buffers:           60792 kB
Cached:           371044 kB
SwapCached:        38960 kB
Active:           459380 kB
Inactive:         461220 kB
Active(anon):     227672 kB
Inactive(anon):   263904 kB
Active(file):     231708 kB
Inactive(file):   197316 kB
Unevictable:        2528 kB
Mlocked:               0 kB
HighTotal:        849920 kB
HighFree:          67504 kB
LowTotal:         536580 kB
LowFree:           88704 kB
SwapTotal:       1048572 kB
SwapFree:         860212 kB
Dirty:                 0 kB
Writeback:             0 kB
AnonPages:        484836 kB
Mapped:           137088 kB
Shmem:               284 kB
Slab:              57488 kB
SReclaimable:      17220 kB
SUnreclaim:        40268 kB
KernelStack:       12176 kB
PageTables:        23080 kB
NFS_Unstable:          0 kB
Bounce:                0 kB
WritebackTmp:          0 kB
CommitLimit:     1741820 kB
Committed_AS:   54341444 kB
VmallocTotal:     319488 kB
VmallocUsed:       19172 kB
VmallocChunk:     169996 kB
Time pass: 70 sec

---2015-10-26 12:50:36
MemTotal:        1386500 kB
MemFree:          156080 kB
Buffers:           60792 kB
Cached:           371044 kB
SwapCached:        38960 kB
Active:           459432 kB
Inactive:         461220 kB
Active(anon):     227724 kB
Inactive(anon):   263904 kB
Active(file):     231708 kB
Inactive(file):   197316 kB
Unevictable:        2528 kB
Mlocked:               0 kB
HighTotal:        849920 kB
HighFree:          67432 kB
LowTotal:         536580 kB
LowFree:           88648 kB
SwapTotal:       1048572 kB
SwapFree:         860212 kB
Dirty:                 0 kB
Writeback:             0 kB
AnonPages:        484816 kB
Mapped:           137144 kB
Shmem:               284 kB
Slab:              57528 kB
SReclaimable:      17220 kB
SUnreclaim:        40308 kB
KernelStack:       12200 kB
PageTables:        23116 kB
NFS_Unstable:          0 kB
Bounce:                0 kB
WritebackTmp:          0 kB
CommitLimit:     1741820 kB
Committed_AS:   54341444 kB
VmallocTotal:     319488 kB
VmallocUsed:       19172 kB
VmallocChunk:     169996 kB
Time pass: 74 sec

---2015-10-26 12:50:36
MemTotal:        1386500 kB
MemFree:          156248 kB
Buffers:           60792 kB
Cached:           371044 kB
SwapCached:        38960 kB
Active:           459372 kB
Inactive:         461220 kB
Active(anon):     227664 kB
Inactive(anon):   263904 kB
Active(file):     231708 kB
Inactive(file):   197316 kB
Unevictable:        2528 kB
Mlocked:               0 kB
HighTotal:        849920 kB
HighFree:          67636 kB
LowTotal:         536580 kB
LowFree:           88612 kB
SwapTotal:       1048572 kB
SwapFree:         860212 kB
Dirty:                 0 kB
Writeback:             0 kB
AnonPages:        484844 kB
Mapped:           137044 kB
Shmem:               284 kB
Slab:              57496 kB
SReclaimable:      17220 kB
SUnreclaim:        40276 kB
KernelStack:       12160 kB
PageTables:        23060 kB
NFS_Unstable:          0 kB
Bounce:                0 kB
WritebackTmp:          0 kB
CommitLimit:     1741820 kB
Committed_AS:   54341368 kB
VmallocTotal:     319488 kB
VmallocUsed:       19172 kB
VmallocChunk:     169996 kB
Time pass: 77 sec

---2015-10-26 12:50:36
MemTotal:        1386500 kB
MemFree:          156116 kB
Buffers:           60792 kB
Cached:           371044 kB
SwapCached:        38960 kB
Active:           459352 kB
Inactive:         461220 kB
Active(anon):     227644 kB
Inactive(anon):   263904 kB
Active(file):     231708 kB
Inactive(file):   197316 kB
Unevictable:        2528 kB
Mlocked:               0 kB
HighTotal:        849920 kB
HighFree:          67380 kB
LowTotal:         536580 kB
LowFree:           88736 kB
SwapTotal:       1048572 kB
SwapFree:         860212 kB
Dirty:                 0 kB
Writeback:             0 kB
AnonPages:        484836 kB
Mapped:           137088 kB
Shmem:               284 kB
Slab:              57464 kB
SReclaimable:      17220 kB
SUnreclaim:        40244 kB
KernelStack:       12176 kB
PageTables:        23076 kB
NFS_Unstable:          0 kB
Bounce:                0 kB
WritebackTmp:          0 kB
CommitLimit:     1741820 kB
Committed_AS:   54341436 kB
VmallocTotal:     319488 kB
VmallocUsed:       19172 kB
VmallocChunk:     169996 kB
Time pass: 81 sec

---2015-10-26 12:50:36
MemTotal:        1386500 kB
MemFree:          156468 kB
Buffers:           60792 kB
Cached:           371044 kB
SwapCached:        38960 kB
Active:           459512 kB
Inactive:         461108 kB
Active(anon):     227692 kB
Inactive(anon):   263904 kB
Active(file):     231820 kB
Inactive(file):   197204 kB
Unevictable:        2528 kB
Mlocked:               0 kB
HighTotal:        849920 kB
HighFree:          67732 kB
LowTotal:         536580 kB
LowFree:           88736 kB
SwapTotal:       1048572 kB
SwapFree:         860212 kB
Dirty:                 0 kB
Writeback:             0 kB
AnonPages:        484840 kB
Mapped:           137088 kB
Shmem:               284 kB
Slab:              57444 kB
SReclaimable:      17220 kB
SUnreclaim:        40224 kB
KernelStack:       12176 kB
PageTables:        23080 kB
NFS_Unstable:          0 kB
Bounce:                0 kB
WritebackTmp:          0 kB
CommitLimit:     1741820 kB
Committed_AS:   54341364 kB
VmallocTotal:     319488 kB
VmallocUsed:       19172 kB
VmallocChunk:     169996 kB
Time pass: 85 sec

---2015-10-26 12:50:36
MemTotal:        1386500 kB
MemFree:          128616 kB
Buffers:           61144 kB
Cached:           374116 kB
SwapCached:        38960 kB
Active:           478168 kB
Inactive:         464004 kB
Active(anon):     245804 kB
Inactive(anon):   264052 kB
Active(file):     232364 kB
Inactive(file):   199952 kB
Unevictable:        2528 kB
Mlocked:               0 kB
HighTotal:        849920 kB
HighFree:          41944 kB
LowTotal:         536580 kB
LowFree:           86672 kB
SwapTotal:       1048572 kB
SwapFree:         860228 kB
Dirty:               872 kB
Writeback:             0 kB
AnonPages:        503204 kB
Mapped:           158256 kB
Shmem:               416 kB
Slab:              57408 kB
SReclaimable:      17220 kB
SUnreclaim:        40188 kB
KernelStack:       12576 kB
PageTables:        23640 kB
NFS_Unstable:          0 kB
Bounce:                0 kB
WritebackTmp:          0 kB
CommitLimit:     1741820 kB
Committed_AS:   55201220 kB
VmallocTotal:     319488 kB
VmallocUsed:       20360 kB
VmallocChunk:     169996 kB
Time pass: 88 sec

---2015-10-26 12:50:36
MemTotal:        1386500 kB
MemFree:          107340 kB
Buffers:           61148 kB
Cached:           374164 kB
SwapCached:        38960 kB
Active:           485756 kB
Inactive:         464012 kB
Active(anon):     253352 kB
Inactive(anon):   264056 kB
Active(file):     232404 kB
Inactive(file):   199956 kB
Unevictable:        2528 kB
Mlocked:               0 kB
HighTotal:        849920 kB
HighFree:          33140 kB
LowTotal:         536580 kB
LowFree:           74200 kB
SwapTotal:       1048572 kB
SwapFree:         860228 kB
Dirty:               408 kB
Writeback:             0 kB
AnonPages:        510672 kB
Mapped:           164420 kB
Shmem:               420 kB
Slab:              57476 kB
SReclaimable:      17220 kB
SUnreclaim:        40256 kB
KernelStack:       12664 kB
PageTables:        23752 kB
NFS_Unstable:          0 kB
Bounce:                0 kB
WritebackTmp:          0 kB
CommitLimit:     1741820 kB
Committed_AS:   55211948 kB
VmallocTotal:     319488 kB
VmallocUsed:       20412 kB
VmallocChunk:     169996 kB
Time pass: 93 sec

---2015-10-26 12:50:36
MemTotal:        1386500 kB
MemFree:           75452 kB
Buffers:           61156 kB
Cached:           374472 kB
SwapCached:        38960 kB
Active:           495328 kB
Inactive:         464348 kB
Active(anon):     262988 kB
Inactive(anon):   264056 kB
Active(file):     232340 kB
Inactive(file):   200292 kB
Unevictable:        2528 kB
Mlocked:               0 kB
HighTotal:        849920 kB
HighFree:          14716 kB
LowTotal:         536580 kB
LowFree:           60736 kB
SwapTotal:       1048572 kB
SwapFree:         860228 kB
Dirty:              1640 kB
Writeback:             0 kB
AnonPages:        520192 kB
Mapped:           169740 kB
Shmem:               420 kB
Slab:              57660 kB
SReclaimable:      17220 kB
SUnreclaim:        40440 kB
KernelStack:       12696 kB
PageTables:        23812 kB
NFS_Unstable:          0 kB
Bounce:                0 kB
WritebackTmp:          0 kB
CommitLimit:     1741820 kB
Committed_AS:   55221616 kB
VmallocTotal:     319488 kB
VmallocUsed:       20436 kB
VmallocChunk:     169996 kB
Time pass: 96 sec

---2015-10-26 12:50:36
MemTotal:        1386500 kB
MemFree:           62536 kB
Buffers:           61160 kB
Cached:           374636 kB
SwapCached:        38960 kB
Active:           495196 kB
Inactive:         464248 kB
Active(anon):     262544 kB
Inactive(anon):   264056 kB
Active(file):     232652 kB
Inactive(file):   200192 kB
Unevictable:        2528 kB
Mlocked:               0 kB
HighTotal:        849920 kB
HighFree:           9612 kB
LowTotal:         536580 kB
LowFree:           52924 kB
SwapTotal:       1048572 kB
SwapFree:         860228 kB
Dirty:              3940 kB
Writeback:             0 kB
AnonPages:        519760 kB
Mapped:           178672 kB
Shmem:               420 kB
Slab:              57708 kB
SReclaimable:      17252 kB
SUnreclaim:        40456 kB
KernelStack:       12696 kB
PageTables:        23864 kB
NFS_Unstable:          0 kB
Bounce:                0 kB
WritebackTmp:          0 kB
CommitLimit:     1741820 kB
Committed_AS:   55221272 kB
VmallocTotal:     319488 kB
VmallocUsed:       20448 kB
VmallocChunk:     169996 kB
Time pass: 101 sec

---2015-10-26 12:50:36
MemTotal:        1386500 kB
MemFree:           62084 kB
Buffers:           61160 kB
Cached:           374636 kB
SwapCached:        38960 kB
Active:           495208 kB
Inactive:         464248 kB
Active(anon):     262552 kB
Inactive(anon):   264056 kB
Active(file):     232656 kB
Inactive(file):   200192 kB
Unevictable:        2528 kB
Mlocked:               0 kB
HighTotal:        849920 kB
HighFree:           9288 kB
LowTotal:         536580 kB
LowFree:           52796 kB
SwapTotal:       1048572 kB
SwapFree:         860228 kB
Dirty:               144 kB
Writeback:             0 kB
AnonPages:        519800 kB
Mapped:           178736 kB
Shmem:               420 kB
Slab:              57820 kB
SReclaimable:      17272 kB
SUnreclaim:        40548 kB
KernelStack:       12696 kB
PageTables:        23864 kB
NFS_Unstable:          0 kB
Bounce:                0 kB
WritebackTmp:          0 kB
CommitLimit:     1741820 kB
Committed_AS:   55221168 kB
VmallocTotal:     319488 kB
VmallocUsed:       20448 kB
VmallocChunk:     169996 kB
Time pass: 104 sec

---2015-10-26 12:50:36
MemTotal:        1386500 kB
MemFree:           60400 kB
Buffers:           61168 kB
Cached:           374636 kB
SwapCached:        38960 kB
Active:           494860 kB
Inactive:         464252 kB
Active(anon):     262200 kB
Inactive(anon):   264052 kB
Active(file):     232660 kB
Inactive(file):   200200 kB
Unevictable:        2528 kB
Mlocked:               0 kB
HighTotal:        849920 kB
HighFree:           9468 kB
LowTotal:         536580 kB
LowFree:           50932 kB
SwapTotal:       1048572 kB
SwapFree:         860228 kB
Dirty:                80 kB
Writeback:             0 kB
AnonPages:        519460 kB
Mapped:           179256 kB
Shmem:               416 kB
Slab:              57780 kB
SReclaimable:      17272 kB
SUnreclaim:        40508 kB
KernelStack:       12696 kB
PageTables:        23864 kB
NFS_Unstable:          0 kB
Bounce:                0 kB
WritebackTmp:          0 kB
CommitLimit:     1741820 kB
Committed_AS:   55218112 kB
VmallocTotal:     319488 kB
VmallocUsed:       20448 kB
VmallocChunk:     169996 kB
Time pass: 108 sec

---2015-10-26 12:50:36
MemTotal:        1386500 kB
MemFree:           54860 kB
Buffers:           61168 kB
Cached:           374972 kB
SwapCached:        38960 kB
Active:           495932 kB
Inactive:         464392 kB
Active(anon):     263088 kB
Inactive(anon):   264052 kB
Active(file):     232844 kB
Inactive(file):   200340 kB
Unevictable:        2528 kB
Mlocked:               0 kB
HighTotal:        849920 kB
HighFree:           8788 kB
LowTotal:         536580 kB
LowFree:           46072 kB
SwapTotal:       1048572 kB
SwapFree:         860228 kB
Dirty:                48 kB
Writeback:             0 kB
AnonPages:        520412 kB
Mapped:           183256 kB
Shmem:               416 kB
Slab:              57840 kB
SReclaimable:      17272 kB
SUnreclaim:        40568 kB
KernelStack:       12696 kB
PageTables:        23872 kB
NFS_Unstable:          0 kB
Bounce:                0 kB
WritebackTmp:          0 kB
CommitLimit:     1741820 kB
Committed_AS:   55219340 kB
VmallocTotal:     319488 kB
VmallocUsed:       20448 kB
VmallocChunk:     169996 kB
Time pass: 112 sec

---2015-10-26 12:50:36
MemTotal:        1386500 kB
MemFree:           54312 kB
Buffers:           61176 kB
Cached:           374972 kB
SwapCached:        38960 kB
Active:           496004 kB
Inactive:         464392 kB
Active(anon):     263156 kB
Inactive(anon):   264044 kB
Active(file):     232848 kB
Inactive(file):   200348 kB
Unevictable:        2528 kB
Mlocked:               0 kB
HighTotal:        849920 kB
HighFree:           8844 kB
LowTotal:         536580 kB
LowFree:           45468 kB
SwapTotal:       1048572 kB
SwapFree:         860228 kB
Dirty:                64 kB
Writeback:             0 kB
AnonPages:        520464 kB
Mapped:           183280 kB
Shmem:               416 kB
Slab:              57840 kB
SReclaimable:      17272 kB
SUnreclaim:        40568 kB
KernelStack:       12696 kB
PageTables:        23872 kB
NFS_Unstable:          0 kB
Bounce:                0 kB
WritebackTmp:          0 kB
CommitLimit:     1741820 kB
Committed_AS:   55219236 kB
VmallocTotal:     319488 kB
VmallocUsed:       20448 kB
VmallocChunk:     169996 kB
Time pass: 115 sec

---2015-10-26 12:50:36
MemTotal:        1386500 kB
MemFree:           52208 kB
Buffers:           61180 kB
Cached:           374976 kB
SwapCached:        38960 kB
Active:           496128 kB
Inactive:         464396 kB
Active(anon):     263272 kB
Inactive(anon):   264044 kB
Active(file):     232856 kB
Inactive(file):   200352 kB
Unevictable:        2528 kB
Mlocked:               0 kB
HighTotal:        849920 kB
HighFree:          11672 kB
LowTotal:         536580 kB
LowFree:           40536 kB
SwapTotal:       1048572 kB
SwapFree:         860228 kB
Dirty:               360 kB
Writeback:             0 kB
AnonPages:        520636 kB
Mapped:           186264 kB
Shmem:               416 kB
Slab:              57964 kB
SReclaimable:      17272 kB
SUnreclaim:        40692 kB
KernelStack:       12704 kB
PageTables:        23872 kB
NFS_Unstable:          0 kB
Bounce:                0 kB
WritebackTmp:          0 kB
CommitLimit:     1741820 kB
Committed_AS:   55219056 kB
VmallocTotal:     319488 kB
VmallocUsed:       20448 kB
VmallocChunk:     169996 kB
Time pass: 119 sec

---2015-10-26 12:50:36
MemTotal:        1386500 kB
MemFree:           46688 kB
Buffers:           61180 kB
Cached:           374980 kB
SwapCached:        38960 kB
Active:           497048 kB
Inactive:         464396 kB
Active(anon):     264184 kB
Inactive(anon):   264044 kB
Active(file):     232864 kB
Inactive(file):   200352 kB
Unevictable:        2528 kB
Mlocked:               0 kB
HighTotal:        849920 kB
HighFree:          10692 kB
LowTotal:         536580 kB
LowFree:           35996 kB
SwapTotal:       1048572 kB
SwapFree:         860228 kB
Dirty:               508 kB
Writeback:             0 kB
AnonPages:        521440 kB
Mapped:           189784 kB
Shmem:               416 kB
Slab:              57856 kB
SReclaimable:      17272 kB
SUnreclaim:        40584 kB
KernelStack:       12680 kB
PageTables:        23892 kB
NFS_Unstable:          0 kB
Bounce:                0 kB
WritebackTmp:          0 kB
CommitLimit:     1741820 kB
Committed_AS:   55219700 kB
VmallocTotal:     319488 kB
VmallocUsed:       20472 kB
VmallocChunk:     169996 kB
Time pass: 122 sec

---2015-10-26 12:50:36
MemTotal:        1386500 kB
MemFree:           46512 kB
Buffers:           61180 kB
Cached:           374980 kB
SwapCached:        38960 kB
Active:           497120 kB
Inactive:         464396 kB
Active(anon):     264256 kB
Inactive(anon):   264044 kB
Active(file):     232864 kB
Inactive(file):   200352 kB
Unevictable:        2528 kB
Mlocked:               0 kB
HighTotal:        849920 kB
HighFree:          10516 kB
LowTotal:         536580 kB
LowFree:           35996 kB
SwapTotal:       1048572 kB
SwapFree:         860228 kB
Dirty:                12 kB
Writeback:             0 kB
AnonPages:        521512 kB
Mapped:           189720 kB
Shmem:               416 kB
Slab:              57888 kB
SReclaimable:      17272 kB
SUnreclaim:        40616 kB
KernelStack:       12680 kB
PageTables:        23892 kB
NFS_Unstable:          0 kB
Bounce:                0 kB
WritebackTmp:          0 kB
CommitLimit:     1741820 kB
Committed_AS:   55219756 kB
VmallocTotal:     319488 kB
VmallocUsed:       20472 kB
VmallocChunk:     169996 kB
Time pass: 126 sec

---2015-10-26 12:50:36
MemTotal:        1386500 kB
MemFree:           46088 kB
Buffers:           61188 kB
Cached:           374980 kB
SwapCached:        38960 kB
Active:           497184 kB
Inactive:         464396 kB
Active(anon):     264320 kB
Inactive(anon):   264044 kB
Active(file):     232864 kB
Inactive(file):   200352 kB
Unevictable:        2528 kB
Mlocked:               0 kB
HighTotal:        849920 kB
HighFree:          10464 kB
LowTotal:         536580 kB
LowFree:           35624 kB
SwapTotal:       1048572 kB
SwapFree:         860228 kB
Dirty:                24 kB
Writeback:             0 kB
AnonPages:        521568 kB
Mapped:           189720 kB
Shmem:               416 kB
Slab:              57864 kB
SReclaimable:      17272 kB
SUnreclaim:        40592 kB
KernelStack:       12680 kB
PageTables:        23892 kB
NFS_Unstable:          0 kB
Bounce:                0 kB
WritebackTmp:          0 kB
CommitLimit:     1741820 kB
Committed_AS:   55219688 kB
VmallocTotal:     319488 kB
VmallocUsed:       20472 kB
VmallocChunk:     169996 kB
Time pass: 132 sec

---2015-10-26 12:50:36
MemTotal:        1386500 kB
MemFree:           45660 kB
Buffers:           61188 kB
Cached:           374980 kB
SwapCached:        38960 kB
Active:           497304 kB
Inactive:         464404 kB
Active(anon):     264440 kB
Inactive(anon):   264044 kB
Active(file):     232864 kB
Inactive(file):   200360 kB
Unevictable:        2528 kB
Mlocked:               0 kB
HighTotal:        849920 kB
HighFree:          10048 kB
LowTotal:         536580 kB
LowFree:           35612 kB
SwapTotal:       1048572 kB
SwapFree:         860228 kB
Dirty:                 0 kB
Writeback:             0 kB
AnonPages:        521636 kB
Mapped:           189724 kB
Shmem:               416 kB
Slab:              57976 kB
SReclaimable:      17272 kB
SUnreclaim:        40704 kB
KernelStack:       12680 kB
PageTables:        23892 kB
NFS_Unstable:          0 kB
Bounce:                0 kB
WritebackTmp:          0 kB
CommitLimit:     1741820 kB
Committed_AS:   55219756 kB
VmallocTotal:     319488 kB
VmallocUsed:       20472 kB
VmallocChunk:     169996 kB
Time pass: 135 sec

---2015-10-26 12:50:36
MemTotal:        1386500 kB
MemFree:           45788 kB
Buffers:           61188 kB
Cached:           374980 kB
SwapCached:        38960 kB
Active:           497324 kB
Inactive:         464404 kB
Active(anon):     264460 kB
Inactive(anon):   264044 kB
Active(file):     232864 kB
Inactive(file):   200360 kB
Unevictable:        2528 kB
Mlocked:               0 kB
HighTotal:        849920 kB
HighFree:          10128 kB
LowTotal:         536580 kB
LowFree:           35660 kB
SwapTotal:       1048572 kB
SwapFree:         860228 kB
Dirty:                 0 kB
Writeback:             0 kB
AnonPages:        521688 kB
Mapped:           189724 kB
Shmem:               416 kB
Slab:              58008 kB
SReclaimable:      17272 kB
SUnreclaim:        40736 kB
KernelStack:       12680 kB
PageTables:        23892 kB
NFS_Unstable:          0 kB
Bounce:                0 kB
WritebackTmp:          0 kB
CommitLimit:     1741820 kB
Committed_AS:   55219756 kB
VmallocTotal:     319488 kB
VmallocUsed:       20472 kB
VmallocChunk:     169996 kB
Time pass: 139 sec

---2015-10-26 12:50:36
MemTotal:        1386500 kB
MemFree:           63776 kB
Buffers:           61188 kB
Cached:           374980 kB
SwapCached:        38968 kB
Active:           480324 kB
Inactive:         463984 kB
Active(anon):     247032 kB
Inactive(anon):   264052 kB
Active(file):     233292 kB
Inactive(file):   199932 kB
Unevictable:        2528 kB
Mlocked:               0 kB
HighTotal:        849920 kB
HighFree:          26896 kB
LowTotal:         536580 kB
LowFree:           36880 kB
SwapTotal:       1048572 kB
SwapFree:         860228 kB
Dirty:                 0 kB
Writeback:             0 kB
AnonPages:        504188 kB
Mapped:           188032 kB
Shmem:               416 kB
Slab:              57984 kB
SReclaimable:      17272 kB
SUnreclaim:        40712 kB
KernelStack:       12440 kB
PageTables:        23068 kB
NFS_Unstable:          0 kB
Bounce:                0 kB
WritebackTmp:          0 kB
CommitLimit:     1741820 kB
Committed_AS:   52807608 kB
VmallocTotal:     319488 kB
VmallocUsed:       20304 kB
VmallocChunk:     169996 kB
Time pass: 143 sec

---2015-10-26 12:50:36
MemTotal:        1386500 kB
MemFree:           64328 kB
Buffers:           61188 kB
Cached:           374952 kB
SwapCached:        38968 kB
Active:           480448 kB
Inactive:         463796 kB
Active(anon):     246996 kB
Inactive(anon):   264052 kB
Active(file):     233452 kB
Inactive(file):   199744 kB
Unevictable:        2528 kB
Mlocked:               0 kB
HighTotal:        849920 kB
HighFree:          27292 kB
LowTotal:         536580 kB
LowFree:           37036 kB
SwapTotal:       1048572 kB
SwapFree:         860228 kB
Dirty:                 0 kB
Writeback:             0 kB
AnonPages:        504224 kB
Mapped:           188008 kB
Shmem:               416 kB
Slab:              57940 kB
SReclaimable:      17272 kB
SUnreclaim:        40668 kB
KernelStack:       12384 kB
PageTables:        22976 kB
NFS_Unstable:          0 kB
Bounce:                0 kB
WritebackTmp:          0 kB
CommitLimit:     1741820 kB
Committed_AS:   52807608 kB
VmallocTotal:     319488 kB
VmallocUsed:       20304 kB
VmallocChunk:     169996 kB
Time pass: 146 sec

---2015-10-26 12:50:36
MemTotal:        1386500 kB
MemFree:           64580 kB
Buffers:           61192 kB
Cached:           374952 kB
SwapCached:        38968 kB
Active:           480420 kB
Inactive:         463796 kB
Active(anon):     246968 kB
Inactive(anon):   264052 kB
Active(file):     233452 kB
Inactive(file):   199744 kB
Unevictable:        2528 kB
Mlocked:               0 kB
HighTotal:        849920 kB
HighFree:          27528 kB
LowTotal:         536580 kB
LowFree:           37052 kB
SwapTotal:       1048572 kB
SwapFree:         860228 kB
Dirty:                36 kB
Writeback:             0 kB
AnonPages:        504256 kB
Mapped:           188008 kB
Shmem:               416 kB
Slab:              57936 kB
SReclaimable:      17272 kB
SUnreclaim:        40664 kB
KernelStack:       12368 kB
PageTables:        22972 kB
NFS_Unstable:          0 kB
Bounce:                0 kB
WritebackTmp:          0 kB
CommitLimit:     1741820 kB
Committed_AS:   52807492 kB
VmallocTotal:     319488 kB
VmallocUsed:       20304 kB
VmallocChunk:     169996 kB
Time pass: 150 sec

---2015-10-26 12:50:36
MemTotal:        1386500 kB
MemFree:           49492 kB
Buffers:           51576 kB
Cached:           364116 kB
SwapCached:        38976 kB
Active:           487416 kB
Inactive:         472604 kB
Active(anon):     272124 kB
Inactive(anon):   275916 kB
Active(file):     215292 kB
Inactive(file):   196688 kB
Unevictable:        2528 kB
Mlocked:               0 kB
HighTotal:        849920 kB
HighFree:           8944 kB
LowTotal:         536580 kB
LowFree:           40548 kB
SwapTotal:       1048572 kB
SwapFree:         858016 kB
Dirty:                 8 kB
Writeback:             0 kB
AnonPages:        540912 kB
Mapped:           188620 kB
Shmem:              1156 kB
Slab:              58296 kB
SReclaimable:      17280 kB
SUnreclaim:        41016 kB
KernelStack:       12992 kB
PageTables:        24380 kB
NFS_Unstable:          0 kB
Bounce:                0 kB
WritebackTmp:          0 kB
CommitLimit:     1741820 kB
Committed_AS:   59840424 kB
VmallocTotal:     319488 kB
VmallocUsed:       20304 kB
VmallocChunk:     169996 kB
Time pass: 154 sec

---2015-10-26 12:50:36
MemTotal:        1386500 kB
MemFree:          190912 kB
Buffers:           51600 kB
Cached:           364128 kB
SwapCached:        38976 kB
Active:           416724 kB
Inactive:         472416 kB
Active(anon):     200952 kB
Inactive(anon):   275268 kB
Active(file):     215772 kB
Inactive(file):   197148 kB
Unevictable:        2528 kB
Mlocked:               0 kB
HighTotal:        849920 kB
HighFree:          91196 kB
LowTotal:         536580 kB
LowFree:           99716 kB
SwapTotal:       1048572 kB
SwapFree:         858028 kB
Dirty:                60 kB
Writeback:             0 kB
AnonPages:        469524 kB
Mapped:           134472 kB
Shmem:               280 kB
Slab:              57896 kB
SReclaimable:      17280 kB
SUnreclaim:        40616 kB
KernelStack:       11928 kB
PageTables:        22364 kB
NFS_Unstable:          0 kB
Bounce:                0 kB
WritebackTmp:          0 kB
CommitLimit:     1741820 kB
Committed_AS:   52930592 kB
VmallocTotal:     319488 kB
VmallocUsed:       19004 kB
VmallocChunk:     169996 kB
Time pass: 158 sec

---2015-10-26 12:50:36
MemTotal:        1386500 kB
MemFree:          195484 kB
Buffers:           51600 kB
Cached:           364128 kB
SwapCached:        38976 kB
Active:           411792 kB
Inactive:         472420 kB
Active(anon):     196020 kB
Inactive(anon):   275272 kB
Active(file):     215772 kB
Inactive(file):   197148 kB
Unevictable:        2528 kB
Mlocked:               0 kB
HighTotal:        849920 kB
HighFree:          95528 kB
LowTotal:         536580 kB
LowFree:           99956 kB
SwapTotal:       1048572 kB
SwapFree:         858036 kB
Dirty:                 4 kB
Writeback:             0 kB
AnonPages:        464828 kB
Mapped:           134164 kB
Shmem:               280 kB
Slab:              57832 kB
SReclaimable:      17280 kB
SUnreclaim:        40552 kB
KernelStack:       11976 kB
PageTables:        22208 kB
NFS_Unstable:          0 kB
Bounce:                0 kB
WritebackTmp:          0 kB
CommitLimit:     1741820 kB
Committed_AS:   51928460 kB
VmallocTotal:     319488 kB
VmallocUsed:       19004 kB
VmallocChunk:     169996 kB
Time pass: 161 sec

---2015-10-26 12:50:36
MemTotal:        1386500 kB
MemFree:          196264 kB
Buffers:           51608 kB
Cached:           364128 kB
SwapCached:        38976 kB
Active:           411060 kB
Inactive:         472432 kB
Active(anon):     195288 kB
Inactive(anon):   275276 kB
Active(file):     215772 kB
Inactive(file):   197156 kB
Unevictable:        2528 kB
Mlocked:               0 kB
HighTotal:        849920 kB
HighFree:          95984 kB
LowTotal:         536580 kB
LowFree:          100280 kB
SwapTotal:       1048572 kB
SwapFree:         858036 kB
Dirty:                24 kB
Writeback:             0 kB
AnonPages:        463776 kB
Mapped:           134164 kB
Shmem:               280 kB
Slab:              57760 kB
SReclaimable:      17280 kB
SUnreclaim:        40480 kB
KernelStack:       11880 kB
PageTables:        22164 kB
NFS_Unstable:          0 kB
Bounce:                0 kB
WritebackTmp:          0 kB
CommitLimit:     1741820 kB
Committed_AS:   51927200 kB
VmallocTotal:     319488 kB
VmallocUsed:       19004 kB
VmallocChunk:     169996 kB
Time pass: 165 sec

---2015-10-26 12:50:36
MemTotal:        1386500 kB
MemFree:          195764 kB
Buffers:           51616 kB
Cached:           364120 kB
SwapCached:        38976 kB
Active:           411052 kB
Inactive:         472432 kB
Active(anon):     195280 kB
Inactive(anon):   275276 kB
Active(file):     215772 kB
Inactive(file):   197156 kB
Unevictable:        2528 kB
Mlocked:               0 kB
HighTotal:        849920 kB
HighFree:          95604 kB
LowTotal:         536580 kB
LowFree:          100160 kB
SwapTotal:       1048572 kB
SwapFree:         858036 kB
Dirty:                 0 kB
Writeback:             0 kB
AnonPages:        463808 kB
Mapped:           134164 kB
Shmem:               280 kB
Slab:              57852 kB
SReclaimable:      17280 kB
SUnreclaim:        40572 kB
KernelStack:       11880 kB
PageTables:        22160 kB
NFS_Unstable:          0 kB
Bounce:                0 kB
WritebackTmp:          0 kB
CommitLimit:     1741820 kB
Committed_AS:   51927252 kB
VmallocTotal:     319488 kB
VmallocUsed:       19004 kB
VmallocChunk:     169996 kB
Time pass: 168 sec

---2015-10-26 12:50:36
MemTotal:        1386500 kB
MemFree:          195480 kB
Buffers:           51616 kB
Cached:           364128 kB
SwapCached:        38976 kB
Active:           411120 kB
Inactive:         472440 kB
Active(anon):     195348 kB
Inactive(anon):   275276 kB
Active(file):     215772 kB
Inactive(file):   197164 kB
Unevictable:        2528 kB
Mlocked:               0 kB
HighTotal:        849920 kB
HighFree:          95356 kB
LowTotal:         536580 kB
LowFree:          100124 kB
SwapTotal:       1048572 kB
SwapFree:         858036 kB
Dirty:                12 kB
Writeback:             0 kB
AnonPages:        463840 kB
Mapped:           134164 kB
Shmem:               280 kB
Slab:              57788 kB
SReclaimable:      17280 kB
SUnreclaim:        40508 kB
KernelStack:       11880 kB
PageTables:        22160 kB
NFS_Unstable:          0 kB
Bounce:                0 kB
WritebackTmp:          0 kB
CommitLimit:     1741820 kB
Committed_AS:   51927248 kB
VmallocTotal:     319488 kB
VmallocUsed:       19004 kB
VmallocChunk:     169996 kB
Time pass: 172 sec

---2015-10-26 12:50:36
MemTotal:        1386500 kB
MemFree:          195684 kB
Buffers:           51616 kB
Cached:           364128 kB
SwapCached:        38976 kB
Active:           411148 kB
Inactive:         472440 kB
Active(anon):     195376 kB
Inactive(anon):   275276 kB
Active(file):     215772 kB
Inactive(file):   197164 kB
Unevictable:        2528 kB
Mlocked:               0 kB
HighTotal:        849920 kB
HighFree:          95436 kB
LowTotal:         536580 kB
LowFree:          100248 kB
SwapTotal:       1048572 kB
SwapFree:         858036 kB
Dirty:                 0 kB
Writeback:             0 kB
AnonPages:        463892 kB
Mapped:           134164 kB
Shmem:               280 kB
Slab:              57788 kB
SReclaimable:      17280 kB
SUnreclaim:        40508 kB
KernelStack:       11880 kB
PageTables:        22160 kB
NFS_Unstable:          0 kB
Bounce:                0 kB
WritebackTmp:          0 kB
CommitLimit:     1741820 kB
Committed_AS:   51927184 kB
VmallocTotal:     319488 kB
VmallocUsed:       19004 kB
VmallocChunk:     169996 kB
Time pass: 176 sec

---2015-10-26 12:50:36
MemTotal:        1386500 kB
MemFree:          195512 kB
Buffers:           51616 kB
Cached:           364128 kB
SwapCached:        38976 kB
Active:           411256 kB
Inactive:         472440 kB
Active(anon):     195484 kB
Inactive(anon):   275276 kB
Active(file):     215772 kB
Inactive(file):   197164 kB
Unevictable:        2528 kB
Mlocked:               0 kB
HighTotal:        849920 kB
HighFree:          95436 kB
LowTotal:         536580 kB
LowFree:          100076 kB
SwapTotal:       1048572 kB
SwapFree:         858036 kB
Dirty:                 0 kB
Writeback:             0 kB
AnonPages:        464000 kB
Mapped:           134176 kB
Shmem:               280 kB
Slab:              57776 kB
SReclaimable:      17280 kB
SUnreclaim:        40496 kB
KernelStack:       11880 kB
PageTables:        22160 kB
NFS_Unstable:          0 kB
Bounce:                0 kB
WritebackTmp:          0 kB
CommitLimit:     1741820 kB
Committed_AS:   51927460 kB
VmallocTotal:     319488 kB
VmallocUsed:       19004 kB
VmallocChunk:     169996 kB
Time pass: 179 sec

---2015-10-26 12:50:36
MemTotal:        1386500 kB
MemFree:          166704 kB
Buffers:           51660 kB
Cached:           364264 kB
SwapCached:        38976 kB
Active:           429752 kB
Inactive:         472612 kB
Active(anon):     213968 kB
Inactive(anon):   275412 kB
Active(file):     215784 kB
Inactive(file):   197200 kB
Unevictable:        2528 kB
Mlocked:               0 kB
HighTotal:        849920 kB
HighFree:          72108 kB
LowTotal:         536580 kB
LowFree:           94596 kB
SwapTotal:       1048572 kB
SwapFree:         858040 kB
Dirty:               880 kB
Writeback:             0 kB
AnonPages:        482568 kB
Mapped:           156240 kB
Shmem:               412 kB
Slab:              57724 kB
SReclaimable:      17280 kB
SUnreclaim:        40444 kB
KernelStack:       12296 kB
PageTables:        22764 kB
NFS_Unstable:          0 kB
Bounce:                0 kB
WritebackTmp:          0 kB
CommitLimit:     1741820 kB
Committed_AS:   52787332 kB
VmallocTotal:     319488 kB
VmallocUsed:       20192 kB
VmallocChunk:     169996 kB
Time pass: 183 sec

---2015-10-26 12:50:36
MemTotal:        1386500 kB
MemFree:          154808 kB
Buffers:           51660 kB
Cached:           364272 kB
SwapCached:        38976 kB
Active:           432968 kB
Inactive:         472612 kB
Active(anon):     217176 kB
Inactive(anon):   275412 kB
Active(file):     215792 kB
Inactive(file):   197200 kB
Unevictable:        2528 kB
Mlocked:               0 kB
HighTotal:        849920 kB
HighFree:          68728 kB
LowTotal:         536580 kB
LowFree:           86080 kB
SwapTotal:       1048572 kB
SwapFree:         858040 kB
Dirty:               184 kB
Writeback:             0 kB
AnonPages:        485760 kB
Mapped:           158408 kB
Shmem:               412 kB
Slab:              57852 kB
SReclaimable:      17280 kB
SUnreclaim:        40572 kB
KernelStack:       12312 kB
PageTables:        22776 kB
NFS_Unstable:          0 kB
Bounce:                0 kB
WritebackTmp:          0 kB
CommitLimit:     1741820 kB
Committed_AS:   52790408 kB
VmallocTotal:     319488 kB
VmallocUsed:       20224 kB
VmallocChunk:     169996 kB
Time pass: 186 sec

---2015-10-26 12:50:36
MemTotal:        1386500 kB
MemFree:          153572 kB
Buffers:           51668 kB
Cached:           364280 kB
SwapCached:        38976 kB
Active:           433544 kB
Inactive:         472628 kB
Active(anon):     217752 kB
Inactive(anon):   275416 kB
Active(file):     215792 kB
Inactive(file):   197212 kB
Unevictable:        2528 kB
Mlocked:               0 kB
HighTotal:        849920 kB
HighFree:          67820 kB
LowTotal:         536580 kB
LowFree:           85752 kB
SwapTotal:       1048572 kB
SwapFree:         858040 kB
Dirty:               252 kB
Writeback:             0 kB
AnonPages:        486440 kB
Mapped:           159076 kB
Shmem:               416 kB
Slab:              57808 kB
SReclaimable:      17280 kB
SUnreclaim:        40528 kB
KernelStack:       12320 kB
PageTables:        22796 kB
NFS_Unstable:          0 kB
Bounce:                0 kB
WritebackTmp:          0 kB
CommitLimit:     1741820 kB
Committed_AS:   52793136 kB
VmallocTotal:     319488 kB
VmallocUsed:       20224 kB
VmallocChunk:     169996 kB
Time pass: 190 sec

---2015-10-26 12:50:36
MemTotal:        1386500 kB
MemFree:          121944 kB
Buffers:           51760 kB
Cached:           364628 kB
SwapCached:        38980 kB
Active:           448376 kB
Inactive:         472984 kB
Active(anon):     232496 kB
Inactive(anon):   275420 kB
Active(file):     215880 kB
Inactive(file):   197564 kB
Unevictable:        2528 kB
Mlocked:               0 kB
HighTotal:        849920 kB
HighFree:          43388 kB
LowTotal:         536580 kB
LowFree:           78556 kB
SwapTotal:       1048572 kB
SwapFree:         858040 kB
Dirty:              1524 kB
Writeback:             0 kB
AnonPages:        501136 kB
Mapped:           171420 kB
Shmem:               416 kB
Slab:              57808 kB
SReclaimable:      17280 kB
SUnreclaim:        40528 kB
KernelStack:       12512 kB
PageTables:        23160 kB
NFS_Unstable:          0 kB
Bounce:                0 kB
WritebackTmp:          0 kB
CommitLimit:     1741820 kB
Committed_AS:   53606064 kB
VmallocTotal:     319488 kB
VmallocUsed:       21252 kB
VmallocChunk:     169996 kB
Time pass: 193 sec

---2015-10-26 12:50:36
MemTotal:        1386500 kB
MemFree:           59452 kB
Buffers:           52404 kB
Cached:           379608 kB
SwapCached:        39016 kB
Active:           485396 kB
Inactive:         487960 kB
Active(anon):     268876 kB
Inactive(anon):   275564 kB
Active(file):     216520 kB
Inactive(file):   212396 kB
Unevictable:        2528 kB
Mlocked:               0 kB
HighTotal:        849920 kB
HighFree:           8712 kB
LowTotal:         536580 kB
LowFree:           50740 kB
SwapTotal:       1048572 kB
SwapFree:         858040 kB
Dirty:              2268 kB
Writeback:             0 kB
AnonPages:        537840 kB
Mapped:           187736 kB
Shmem:               540 kB
Slab:              57976 kB
SReclaimable:      17296 kB
SUnreclaim:        40680 kB
KernelStack:       13216 kB
PageTables:        24352 kB
NFS_Unstable:          0 kB
Bounce:                0 kB
WritebackTmp:          0 kB
CommitLimit:     1741820 kB
Committed_AS:   56041156 kB
VmallocTotal:     319488 kB
VmallocUsed:       24492 kB
VmallocChunk:     169996 kB
Time pass: 197 sec

---2015-10-26 12:50:36
MemTotal:        1386500 kB
MemFree:           49944 kB
Buffers:           52412 kB
Cached:           380504 kB
SwapCached:        39016 kB
Active:           481824 kB
Inactive:         488764 kB
Active(anon):     265228 kB
Inactive(anon):   275528 kB
Active(file):     216596 kB
Inactive(file):   213236 kB
Unevictable:        2528 kB
Mlocked:               0 kB
HighTotal:        849920 kB
HighFree:           8924 kB
LowTotal:         536580 kB
LowFree:           41020 kB
SwapTotal:       1048572 kB
SwapFree:         858040 kB
Dirty:                 0 kB
Writeback:             0 kB
AnonPages:        533856 kB
Mapped:           195084 kB
Shmem:               556 kB
Slab:              58124 kB
SReclaimable:      17316 kB
SUnreclaim:        40808 kB
KernelStack:       13272 kB
PageTables:        24416 kB
NFS_Unstable:          0 kB
Bounce:                0 kB
WritebackTmp:          0 kB
CommitLimit:     1741820 kB
Committed_AS:   56036124 kB
VmallocTotal:     319488 kB
VmallocUsed:       24492 kB
VmallocChunk:     169996 kB
Time pass: 201 sec

---2015-10-26 12:50:36
MemTotal:        1386500 kB
MemFree:           46576 kB
Buffers:           49644 kB
Cached:           377164 kB
SwapCached:        39016 kB
Active:           484480 kB
Inactive:         483516 kB
Active(anon):     271028 kB
Inactive(anon):   273224 kB
Active(file):     213452 kB
Inactive(file):   210292 kB
Unevictable:        2528 kB
Mlocked:               0 kB
HighTotal:        849920 kB
HighFree:          10288 kB
LowTotal:         536580 kB
LowFree:           36288 kB
SwapTotal:       1048572 kB
SwapFree:         857932 kB
Dirty:               644 kB
Writeback:             0 kB
AnonPages:        537268 kB
Mapped:           199744 kB
Shmem:               536 kB
Slab:              58104 kB
SReclaimable:      17316 kB
SUnreclaim:        40788 kB
KernelStack:       13256 kB
PageTables:        24428 kB
NFS_Unstable:          0 kB
Bounce:                0 kB
WritebackTmp:          0 kB
CommitLimit:     1741820 kB
Committed_AS:   56039596 kB
VmallocTotal:     319488 kB
VmallocUsed:       24516 kB
VmallocChunk:     169996 kB
Time pass: 204 sec

---2015-10-26 12:50:36
MemTotal:        1386500 kB
MemFree:           48280 kB
Buffers:           49652 kB
Cached:           377168 kB
SwapCached:        39016 kB
Active:           485044 kB
Inactive:         483520 kB
Active(anon):     271584 kB
Inactive(anon):   273224 kB
Active(file):     213460 kB
Inactive(file):   210296 kB
Unevictable:        2528 kB
Mlocked:               0 kB
HighTotal:        849920 kB
HighFree:          11080 kB
LowTotal:         536580 kB
LowFree:           37200 kB
SwapTotal:       1048572 kB
SwapFree:         857932 kB
Dirty:                72 kB
Writeback:             0 kB
AnonPages:        537764 kB
Mapped:           199104 kB
Shmem:               536 kB
Slab:              58140 kB
SReclaimable:      17332 kB
SUnreclaim:        40808 kB
KernelStack:       13272 kB
PageTables:        24440 kB
NFS_Unstable:          0 kB
Bounce:                0 kB
WritebackTmp:          0 kB
CommitLimit:     1741820 kB
Committed_AS:   56045476 kB
VmallocTotal:     319488 kB
VmallocUsed:       24516 kB
VmallocChunk:     169996 kB
Time pass: 208 sec

---2015-10-26 12:50:36
MemTotal:        1386500 kB
MemFree:           45528 kB
Buffers:           49248 kB
Cached:           375676 kB
SwapCached:        39032 kB
Active:           488632 kB
Inactive:         484564 kB
Active(anon):     276152 kB
Inactive(anon):   275324 kB
Active(file):     212480 kB
Inactive(file):   209240 kB
Unevictable:        2528 kB
Mlocked:               0 kB
HighTotal:        849920 kB
HighFree:           9684 kB
LowTotal:         536580 kB
LowFree:           35844 kB
SwapTotal:       1048572 kB
SwapFree:         857856 kB
Dirty:                36 kB
Writeback:             0 kB
AnonPages:        544528 kB
Mapped:           200872 kB
Shmem:               676 kB
Slab:              58224 kB
SReclaimable:      17340 kB
SUnreclaim:        40884 kB
KernelStack:       13464 kB
PageTables:        24576 kB
NFS_Unstable:          0 kB
Bounce:                0 kB
WritebackTmp:          0 kB
CommitLimit:     1741820 kB
Committed_AS:   56064512 kB
VmallocTotal:     319488 kB
VmallocUsed:       24516 kB
VmallocChunk:     169996 kB
Time pass: 213 sec

---2015-10-26 12:50:36
MemTotal:        1386500 kB
MemFree:           45660 kB
Buffers:           48060 kB
Cached:           374524 kB
SwapCached:        39032 kB
Active:           487132 kB
Inactive:         485648 kB
Active(anon):     276556 kB
Inactive(anon):   277048 kB
Active(file):     210576 kB
Inactive(file):   208600 kB
Unevictable:        2528 kB
Mlocked:               0 kB
HighTotal:        849920 kB
HighFree:           9932 kB
LowTotal:         536580 kB
LowFree:           35728 kB
SwapTotal:       1048572 kB
SwapFree:         857560 kB
Dirty:                 0 kB
Writeback:             0 kB
AnonPages:        546512 kB
Mapped:           199620 kB
Shmem:               696 kB
Slab:              58424 kB
SReclaimable:      17340 kB
SUnreclaim:        41084 kB
KernelStack:       13504 kB
PageTables:        24604 kB
NFS_Unstable:          0 kB
Bounce:                0 kB
WritebackTmp:          0 kB
CommitLimit:     1741820 kB
Committed_AS:   56066708 kB
VmallocTotal:     319488 kB
VmallocUsed:       24516 kB
VmallocChunk:     169996 kB
Time pass: 219 sec

---2015-10-26 12:50:36
MemTotal:        1386500 kB
MemFree:           46500 kB
Buffers:           47160 kB
Cached:           370848 kB
SwapCached:        39032 kB
Active:           485812 kB
Inactive:         485756 kB
Active(anon):     278556 kB
Inactive(anon):   278232 kB
Active(file):     207256 kB
Inactive(file):   207524 kB
Unevictable:        2528 kB
Mlocked:               0 kB
HighTotal:        849920 kB
HighFree:          10104 kB
LowTotal:         536580 kB
LowFree:           36396 kB
SwapTotal:       1048572 kB
SwapFree:         856112 kB
Dirty:                44 kB
Writeback:             0 kB
AnonPages:        549680 kB
Mapped:           198900 kB
Shmem:               700 kB
Slab:              58268 kB
SReclaimable:      17340 kB
SUnreclaim:        40928 kB
KernelStack:       13512 kB
PageTables:        24612 kB
NFS_Unstable:          0 kB
Bounce:                0 kB
WritebackTmp:          0 kB
CommitLimit:     1741820 kB
Committed_AS:   56071908 kB
VmallocTotal:     319488 kB
VmallocUsed:       24516 kB
VmallocChunk:     169996 kB
Time pass: 224 sec

---2015-10-26 12:50:36
MemTotal:        1386500 kB
MemFree:           46444 kB
Buffers:           46184 kB
Cached:           368848 kB
SwapCached:        39044 kB
Active:           487164 kB
Inactive:         484872 kB
Active(anon):     280376 kB
Inactive(anon):   279848 kB
Active(file):     206788 kB
Inactive(file):   205024 kB
Unevictable:        2528 kB
Mlocked:               0 kB
HighTotal:        849920 kB
HighFree:          10116 kB
LowTotal:         536580 kB
LowFree:           36328 kB
SwapTotal:       1048572 kB
SwapFree:         854996 kB
Dirty:                88 kB
Writeback:             0 kB
AnonPages:        553508 kB
Mapped:           198648 kB
Shmem:               700 kB
Slab:              58280 kB
SReclaimable:      17340 kB
SUnreclaim:        40940 kB
KernelStack:       13504 kB
PageTables:        24608 kB
NFS_Unstable:          0 kB
Bounce:                0 kB
WritebackTmp:          0 kB
CommitLimit:     1741820 kB
Committed_AS:   56074264 kB
VmallocTotal:     319488 kB
VmallocUsed:       24516 kB
VmallocChunk:     169996 kB
Time pass: 230 sec

---2015-10-26 12:50:36
MemTotal:        1386500 kB
MemFree:           45024 kB
Buffers:           46184 kB
Cached:           368852 kB
SwapCached:        39044 kB
Active:           488556 kB
Inactive:         484868 kB
Active(anon):     281768 kB
Inactive(anon):   279852 kB
Active(file):     206788 kB
Inactive(file):   205016 kB
Unevictable:        2528 kB
Mlocked:               0 kB
HighTotal:        849920 kB
HighFree:           8724 kB
LowTotal:         536580 kB
LowFree:           36300 kB
SwapTotal:       1048572 kB
SwapFree:         854996 kB
Dirty:                56 kB
Writeback:             0 kB
AnonPages:        554616 kB
Mapped:           198652 kB
Shmem:               704 kB
Slab:              58284 kB
SReclaimable:      17340 kB
SUnreclaim:        40944 kB
KernelStack:       13504 kB
PageTables:        24652 kB
NFS_Unstable:          0 kB
Bounce:                0 kB
WritebackTmp:          0 kB
CommitLimit:     1741820 kB
Committed_AS:   56075268 kB
VmallocTotal:     319488 kB
VmallocUsed:       24516 kB
VmallocChunk:     169996 kB
Time pass: 234 sec

---2015-10-26 12:50:36
MemTotal:        1386500 kB
MemFree:           44552 kB
Buffers:           46204 kB
Cached:           368852 kB
SwapCached:        39044 kB
Active:           488768 kB
Inactive:         484888 kB
Active(anon):     281980 kB
Inactive(anon):   279852 kB
Active(file):     206788 kB
Inactive(file):   205036 kB
Unevictable:        2528 kB
Mlocked:               0 kB
HighTotal:        849920 kB
HighFree:           8960 kB
LowTotal:         536580 kB
LowFree:           35592 kB
SwapTotal:       1048572 kB
SwapFree:         854996 kB
Dirty:                40 kB
Writeback:             0 kB
AnonPages:        554696 kB
Mapped:           198652 kB
Shmem:               704 kB
Slab:              58224 kB
SReclaimable:      17340 kB
SUnreclaim:        40884 kB
KernelStack:       13512 kB
PageTables:        24652 kB
NFS_Unstable:          0 kB
Bounce:                0 kB
WritebackTmp:          0 kB
CommitLimit:     1741820 kB
Committed_AS:   56075348 kB
VmallocTotal:     319488 kB
VmallocUsed:       24516 kB
VmallocChunk:     169996 kB
Time pass: 238 sec

---2015-10-26 12:50:36
MemTotal:        1386500 kB
MemFree:           44020 kB
Buffers:           46220 kB
Cached:           368888 kB
SwapCached:        39044 kB
Active:           489056 kB
Inactive:         484940 kB
Active(anon):     282268 kB
Inactive(anon):   279888 kB
Active(file):     206788 kB
Inactive(file):   205052 kB
Unevictable:        2528 kB
Mlocked:               0 kB
HighTotal:        849920 kB
HighFree:           8988 kB
LowTotal:         536580 kB
LowFree:           35032 kB
SwapTotal:       1048572 kB
SwapFree:         854996 kB
Dirty:                 0 kB
Writeback:             0 kB
AnonPages:        555012 kB
Mapped:           198644 kB
Shmem:               740 kB
Slab:              58344 kB
SReclaimable:      17340 kB
SUnreclaim:        41004 kB
KernelStack:       13480 kB
PageTables:        24636 kB
NFS_Unstable:          0 kB
Bounce:                0 kB
WritebackTmp:          0 kB
CommitLimit:     1741820 kB
Committed_AS:   56075208 kB
VmallocTotal:     319488 kB
VmallocUsed:       24516 kB
VmallocChunk:     169996 kB
Time pass: 243 sec

---2015-10-26 12:50:36
MemTotal:        1386500 kB
MemFree:           44956 kB
Buffers:           45744 kB
Cached:           368156 kB
SwapCached:        38648 kB
Active:           487336 kB
Inactive:         485528 kB
Active(anon):     281324 kB
Inactive(anon):   280976 kB
Active(file):     206012 kB
Inactive(file):   204552 kB
Unevictable:        2528 kB
Mlocked:               0 kB
HighTotal:        849920 kB
HighFree:           9300 kB
LowTotal:         536580 kB
LowFree:           35656 kB
SwapTotal:       1048572 kB
SwapFree:         854704 kB
Dirty:                 0 kB
Writeback:             0 kB
AnonPages:        555540 kB
Mapped:           198756 kB
Shmem:               808 kB
Slab:              58184 kB
SReclaimable:      17340 kB
SUnreclaim:        40844 kB
KernelStack:       13496 kB
PageTables:        24648 kB
NFS_Unstable:          0 kB
Bounce:                0 kB
WritebackTmp:          0 kB
CommitLimit:     1741820 kB
Committed_AS:   56075920 kB
VmallocTotal:     319488 kB
VmallocUsed:       24516 kB
VmallocChunk:     169996 kB
Time pass: 247 sec

---2015-10-26 12:50:36
MemTotal:        1386500 kB
MemFree:           45636 kB
Buffers:           45768 kB
Cached:           368172 kB
SwapCached:        38648 kB
Active:           487044 kB
Inactive:         485532 kB
Active(anon):     281032 kB
Inactive(anon):   280956 kB
Active(file):     206012 kB
Inactive(file):   204576 kB
Unevictable:        2528 kB
Mlocked:               0 kB
HighTotal:        849920 kB
HighFree:           9828 kB
LowTotal:         536580 kB
LowFree:           35808 kB
SwapTotal:       1048572 kB
SwapFree:         854704 kB
Dirty:                 0 kB
Writeback:             0 kB
AnonPages:        555380 kB
Mapped:           198772 kB
Shmem:               824 kB
Slab:              58368 kB
SReclaimable:      17340 kB
SUnreclaim:        41028 kB
KernelStack:       13504 kB
PageTables:        24648 kB
NFS_Unstable:          0 kB
Bounce:                0 kB
WritebackTmp:          0 kB
CommitLimit:     1741820 kB
Committed_AS:   56077188 kB
VmallocTotal:     319488 kB
VmallocUsed:       24516 kB
VmallocChunk:     169996 kB
Time pass: 253 sec

---2015-10-26 12:50:36
MemTotal:        1386500 kB
MemFree:           45396 kB
Buffers:           45776 kB
Cached:           368176 kB
SwapCached:        38648 kB
Active:           486844 kB
Inactive:         485544 kB
Active(anon):     280832 kB
Inactive(anon):   280960 kB
Active(file):     206012 kB
Inactive(file):   204584 kB
Unevictable:        2528 kB
Mlocked:               0 kB
HighTotal:        849920 kB
HighFree:           9572 kB
LowTotal:         536580 kB
LowFree:           35824 kB
SwapTotal:       1048572 kB
SwapFree:         854704 kB
Dirty:                28 kB
Writeback:             0 kB
AnonPages:        555120 kB
Mapped:           198732 kB
Shmem:               828 kB
Slab:              58284 kB
SReclaimable:      17340 kB
SUnreclaim:        40944 kB
KernelStack:       13496 kB
PageTables:        24632 kB
NFS_Unstable:          0 kB
Bounce:                0 kB
WritebackTmp:          0 kB
CommitLimit:     1741820 kB
Committed_AS:   56077100 kB
VmallocTotal:     319488 kB
VmallocUsed:       24516 kB
VmallocChunk:     169996 kB
Time pass: 258 sec

---2015-10-26 12:50:36
MemTotal:        1386500 kB
MemFree:           46344 kB
Buffers:           45792 kB
Cached:           368176 kB
SwapCached:        38648 kB
Active:           486872 kB
Inactive:         485560 kB
Active(anon):     280860 kB
Inactive(anon):   280960 kB
Active(file):     206012 kB
Inactive(file):   204600 kB
Unevictable:        2528 kB
Mlocked:               0 kB
HighTotal:        849920 kB
HighFree:          10280 kB
LowTotal:         536580 kB
LowFree:           36064 kB
SwapTotal:       1048572 kB
SwapFree:         854704 kB
Dirty:                 0 kB
Writeback:             0 kB
AnonPages:        555104 kB
Mapped:           198776 kB
Shmem:               828 kB
Slab:              58288 kB
SReclaimable:      17340 kB
SUnreclaim:        40948 kB
KernelStack:       13512 kB
PageTables:        24644 kB
NFS_Unstable:          0 kB
Bounce:                0 kB
WritebackTmp:          0 kB
CommitLimit:     1741820 kB
Committed_AS:   56075840 kB
VmallocTotal:     319488 kB
VmallocUsed:       24516 kB
VmallocChunk:     169996 kB
Time pass: 263 sec

---2015-10-26 12:50:36
MemTotal:        1386500 kB
MemFree:           45540 kB
Buffers:           45812 kB
Cached:           368176 kB
SwapCached:        38648 kB
Active:           487100 kB
Inactive:         485576 kB
Active(anon):     281084 kB
Inactive(anon):   280960 kB
Active(file):     206016 kB
Inactive(file):   204616 kB
Unevictable:        2528 kB
Mlocked:               0 kB
HighTotal:        849920 kB
HighFree:           9444 kB
LowTotal:         536580 kB
LowFree:           36096 kB
SwapTotal:       1048572 kB
SwapFree:         854704 kB
Dirty:                44 kB
Writeback:             0 kB
AnonPages:        555180 kB
Mapped:           198776 kB
Shmem:               828 kB
Slab:              58260 kB
SReclaimable:      17340 kB
SUnreclaim:        40920 kB
KernelStack:       13512 kB
PageTables:        24652 kB
NFS_Unstable:          0 kB
Bounce:                0 kB
WritebackTmp:          0 kB
CommitLimit:     1741820 kB
Committed_AS:   56075888 kB
VmallocTotal:     319488 kB
VmallocUsed:       24516 kB
VmallocChunk:     169996 kB
Time pass: 267 sec

---2015-10-26 12:50:36
MemTotal:        1386500 kB
MemFree:           45252 kB
Buffers:           45812 kB
Cached:           368176 kB
SwapCached:        38648 kB
Active:           487452 kB
Inactive:         485576 kB
Active(anon):     281436 kB
Inactive(anon):   280960 kB
Active(file):     206016 kB
Inactive(file):   204616 kB
Unevictable:        2528 kB
Mlocked:               0 kB
HighTotal:        849920 kB
HighFree:           8780 kB
LowTotal:         536580 kB
LowFree:           36472 kB
SwapTotal:       1048572 kB
SwapFree:         854704 kB
Dirty:                 0 kB
Writeback:             0 kB
AnonPages:        555528 kB
Mapped:           198776 kB
Shmem:               828 kB
Slab:              58324 kB
SReclaimable:      17340 kB
SUnreclaim:        40984 kB
KernelStack:       13512 kB
PageTables:        24648 kB
NFS_Unstable:          0 kB
Bounce:                0 kB
WritebackTmp:          0 kB
CommitLimit:     1741820 kB
Committed_AS:   56075980 kB
VmallocTotal:     319488 kB
VmallocUsed:       24516 kB
VmallocChunk:     169996 kB
Time pass: 271 sec

---2015-10-26 12:50:36
MemTotal:        1386500 kB
MemFree:           45392 kB
Buffers:           45836 kB
Cached:           368176 kB
SwapCached:        38648 kB
Active:           487552 kB
Inactive:         485600 kB
Active(anon):     281536 kB
Inactive(anon):   280960 kB
Active(file):     206016 kB
Inactive(file):   204640 kB
Unevictable:        2528 kB
Mlocked:               0 kB
HighTotal:        849920 kB
HighFree:           9448 kB
LowTotal:         536580 kB
LowFree:           35944 kB
SwapTotal:       1048572 kB
SwapFree:         854704 kB
Dirty:                40 kB
Writeback:             0 kB
AnonPages:        555632 kB
Mapped:           198776 kB
Shmem:               828 kB
Slab:              58324 kB
SReclaimable:      17340 kB
SUnreclaim:        40984 kB
KernelStack:       13512 kB
PageTables:        24652 kB
NFS_Unstable:          0 kB
Bounce:                0 kB
WritebackTmp:          0 kB
CommitLimit:     1741820 kB
Committed_AS:   56076028 kB
VmallocTotal:     319488 kB
VmallocUsed:       24516 kB
VmallocChunk:     169996 kB
Time pass: 275 sec

---2015-10-26 12:50:36
MemTotal:        1386500 kB
MemFree:           45004 kB
Buffers:           45844 kB
Cached:           368168 kB
SwapCached:        38648 kB
Active:           487712 kB
Inactive:         485600 kB
Active(anon):     281696 kB
Inactive(anon):   280960 kB
Active(file):     206016 kB
Inactive(file):   204640 kB
Unevictable:        2528 kB
Mlocked:               0 kB
HighTotal:        849920 kB
HighFree:           9680 kB
LowTotal:         536580 kB
LowFree:           35324 kB
SwapTotal:       1048572 kB
SwapFree:         854704 kB
Dirty:                 0 kB
Writeback:             0 kB
AnonPages:        555792 kB
Mapped:           198776 kB
Shmem:               828 kB
Slab:              58328 kB
SReclaimable:      17340 kB
SUnreclaim:        40988 kB
KernelStack:       13512 kB
PageTables:        24648 kB
NFS_Unstable:          0 kB
Bounce:                0 kB
WritebackTmp:          0 kB
CommitLimit:     1741820 kB
Committed_AS:   56076004 kB
VmallocTotal:     319488 kB
VmallocUsed:       24516 kB
VmallocChunk:     169996 kB
Time pass: 278 sec

---2015-10-26 12:50:36
MemTotal:        1386500 kB
MemFree:           44492 kB
Buffers:           45852 kB
Cached:           368176 kB
SwapCached:        38648 kB
Active:           487796 kB
Inactive:         485616 kB
Active(anon):     281780 kB
Inactive(anon):   280960 kB
Active(file):     206016 kB
Inactive(file):   204656 kB
Unevictable:        2528 kB
Mlocked:               0 kB
HighTotal:        849920 kB
HighFree:           9316 kB
LowTotal:         536580 kB
LowFree:           35176 kB
SwapTotal:       1048572 kB
SwapFree:         854704 kB
Dirty:                40 kB
Writeback:             0 kB
AnonPages:        555872 kB
Mapped:           198776 kB
Shmem:               828 kB
Slab:              58356 kB
SReclaimable:      17340 kB
SUnreclaim:        41016 kB
KernelStack:       13512 kB
PageTables:        24648 kB
NFS_Unstable:          0 kB
Bounce:                0 kB
WritebackTmp:          0 kB
CommitLimit:     1741820 kB
Committed_AS:   56076008 kB
VmallocTotal:     319488 kB
VmallocUsed:       24516 kB
VmallocChunk:     169996 kB
Time pass: 282 sec

---2015-10-26 12:50:36
MemTotal:        1386500 kB
MemFree:           45880 kB
Buffers:           45852 kB
Cached:           367012 kB
SwapCached:        38296 kB
Active:           486912 kB
Inactive:         484852 kB
Active(anon):     281024 kB
Inactive(anon):   281232 kB
Active(file):     205888 kB
Inactive(file):   203620 kB
Unevictable:        2528 kB
Mlocked:               0 kB
HighTotal:        849920 kB
HighFree:          10944 kB
LowTotal:         536580 kB
LowFree:           34936 kB
SwapTotal:       1048572 kB
SwapFree:         854020 kB
Dirty:                 0 kB
Writeback:             0 kB
AnonPages:        555788 kB
Mapped:           198776 kB
Shmem:               828 kB
Slab:              58324 kB
SReclaimable:      17340 kB
SUnreclaim:        40984 kB
KernelStack:       13512 kB
PageTables:        24652 kB
NFS_Unstable:          0 kB
Bounce:                0 kB
WritebackTmp:          0 kB
CommitLimit:     1741820 kB
Committed_AS:   56076364 kB
VmallocTotal:     319488 kB
VmallocUsed:       24516 kB
VmallocChunk:     169996 kB
Time pass: 286 sec

---2015-10-26 12:50:36
MemTotal:        1386500 kB
MemFree:           45604 kB
Buffers:           45872 kB
Cached:           367116 kB
SwapCached:        38296 kB
Active:           487228 kB
Inactive:         484964 kB
Active(anon):     281320 kB
Inactive(anon):   281336 kB
Active(file):     205908 kB
Inactive(file):   203628 kB
Unevictable:        2528 kB
Mlocked:               0 kB
HighTotal:        849920 kB
HighFree:          10752 kB
LowTotal:         536580 kB
LowFree:           34852 kB
SwapTotal:       1048572 kB
SwapFree:         854020 kB
Dirty:                44 kB
Writeback:             0 kB
AnonPages:        556044 kB
Mapped:           198880 kB
Shmem:               932 kB
Slab:              58264 kB
SReclaimable:      17340 kB
SUnreclaim:        40924 kB
KernelStack:       13512 kB
PageTables:        24652 kB
NFS_Unstable:          0 kB
Bounce:                0 kB
WritebackTmp:          0 kB
CommitLimit:     1741820 kB
Committed_AS:   56076344 kB
VmallocTotal:     319488 kB
VmallocUsed:       24516 kB
VmallocChunk:     169996 kB
Time pass: 290 sec

---2015-10-26 12:50:36
MemTotal:        1386500 kB
MemFree:           45268 kB
Buffers:           45872 kB
Cached:           367140 kB
SwapCached:        38296 kB
Active:           487476 kB
Inactive:         484980 kB
Active(anon):     281568 kB
Inactive(anon):   281360 kB
Active(file):     205908 kB
Inactive(file):   203620 kB
Unevictable:        2528 kB
Mlocked:               0 kB
HighTotal:        849920 kB
HighFree:          10432 kB
LowTotal:         536580 kB
LowFree:           34836 kB
SwapTotal:       1048572 kB
SwapFree:         854020 kB
Dirty:                 0 kB
Writeback:             0 kB
AnonPages:        556452 kB
Mapped:           198904 kB
Shmem:               956 kB
Slab:              58328 kB
SReclaimable:      17340 kB
SUnreclaim:        40988 kB
KernelStack:       13512 kB
PageTables:        24652 kB
NFS_Unstable:          0 kB
Bounce:                0 kB
WritebackTmp:          0 kB
CommitLimit:     1741820 kB
Committed_AS:   56076644 kB
VmallocTotal:     319488 kB
VmallocUsed:       24516 kB
VmallocChunk:     169996 kB
Time pass: 294 sec

---2015-10-26 12:50:36
MemTotal:        1386500 kB
MemFree:           45480 kB
Buffers:           45884 kB
Cached:           367140 kB
SwapCached:        38296 kB
Active:           487624 kB
Inactive:         484984 kB
Active(anon):     281708 kB
Inactive(anon):   281360 kB
Active(file):     205916 kB
Inactive(file):   203624 kB
Unevictable:        2528 kB
Mlocked:               0 kB
HighTotal:        849920 kB
HighFree:          10644 kB
LowTotal:         536580 kB
LowFree:           34836 kB
SwapTotal:       1048572 kB
SwapFree:         854020 kB
Dirty:                36 kB
Writeback:             0 kB
AnonPages:        556480 kB
Mapped:           198860 kB
Shmem:               956 kB
Slab:              58376 kB
SReclaimable:      17340 kB
SUnreclaim:        41036 kB
KernelStack:       13496 kB
PageTables:        24636 kB
NFS_Unstable:          0 kB
Bounce:                0 kB
WritebackTmp:          0 kB
CommitLimit:     1741820 kB
Committed_AS:   56076556 kB
VmallocTotal:     319488 kB
VmallocUsed:       24516 kB
VmallocChunk:     169996 kB
Time pass: 298 sec

---2015-10-26 12:50:36
MemTotal:        1386500 kB
MemFree:           44788 kB
Buffers:           45892 kB
Cached:           367144 kB
SwapCached:        38296 kB
Active:           488440 kB
Inactive:         484996 kB
Active(anon):     282524 kB
Inactive(anon):   281360 kB
Active(file):     205916 kB
Inactive(file):   203636 kB
Unevictable:        2528 kB
Mlocked:               0 kB
HighTotal:        849920 kB
HighFree:           9924 kB
LowTotal:         536580 kB
LowFree:           34864 kB
SwapTotal:       1048572 kB
SwapFree:         854020 kB
Dirty:                60 kB
Writeback:             0 kB
AnonPages:        557104 kB
Mapped:           198904 kB
Shmem:               956 kB
Slab:              58412 kB
SReclaimable:      17340 kB
SUnreclaim:        41072 kB
KernelStack:       13528 kB
PageTables:        24656 kB
NFS_Unstable:          0 kB
Bounce:                0 kB
WritebackTmp:          0 kB
CommitLimit:     1741820 kB
Committed_AS:   56076528 kB
VmallocTotal:     319488 kB
VmallocUsed:       24516 kB
VmallocChunk:     169996 kB
Time pass: 302 sec

---2015-10-26 12:50:36
MemTotal:        1386500 kB
MemFree:           45008 kB
Buffers:           45904 kB
Cached:           367140 kB
SwapCached:        38296 kB
Active:           488796 kB
Inactive:         485008 kB
Active(anon):     282884 kB
Inactive(anon):   281360 kB
Active(file):     205912 kB
Inactive(file):   203648 kB
Unevictable:        2528 kB
Mlocked:               0 kB
HighTotal:        849920 kB
HighFree:           8804 kB
LowTotal:         536580 kB
LowFree:           36204 kB
SwapTotal:       1048572 kB
SwapFree:         854020 kB
Dirty:                68 kB
Writeback:             0 kB
AnonPages:        557500 kB
Mapped:           198904 kB
Shmem:               956 kB
Slab:              58276 kB
SReclaimable:      17340 kB
SUnreclaim:        40936 kB
KernelStack:       13520 kB
PageTables:        24652 kB
NFS_Unstable:          0 kB
Bounce:                0 kB
WritebackTmp:          0 kB
CommitLimit:     1741820 kB
Committed_AS:   56076604 kB
VmallocTotal:     319488 kB
VmallocUsed:       24516 kB
VmallocChunk:     169996 kB
Time pass: 306 sec

---2015-10-26 12:50:36
MemTotal:        1386500 kB
MemFree:           46436 kB
Buffers:           45208 kB
Cached:           365912 kB
SwapCached:        38296 kB
Active:           486676 kB
Inactive:         484452 kB
Active(anon):     281488 kB
Inactive(anon):   282016 kB
Active(file):     205188 kB
Inactive(file):   202436 kB
Unevictable:        2528 kB
Mlocked:               0 kB
HighTotal:        849920 kB
HighFree:          10584 kB
LowTotal:         536580 kB
LowFree:           35852 kB
SwapTotal:       1048572 kB
SwapFree:         852932 kB
Dirty:                44 kB
Writeback:             0 kB
AnonPages:        557020 kB
Mapped:           198916 kB
Shmem:               968 kB
Slab:              58336 kB
SReclaimable:      17340 kB
SUnreclaim:        40996 kB
KernelStack:       13520 kB
PageTables:        24656 kB
NFS_Unstable:          0 kB
Bounce:                0 kB
WritebackTmp:          0 kB
CommitLimit:     1741820 kB
Committed_AS:   56076480 kB
VmallocTotal:     319488 kB
VmallocUsed:       24516 kB
VmallocChunk:     169996 kB
Time pass: 315 sec

---2015-10-26 12:50:36
MemTotal:        1386500 kB
MemFree:           46172 kB
Buffers:           45208 kB
Cached:           365912 kB
SwapCached:        38296 kB
Active:           486756 kB
Inactive:         484452 kB
Active(anon):     281568 kB
Inactive(anon):   282016 kB
Active(file):     205188 kB
Inactive(file):   202436 kB
Unevictable:        2528 kB
Mlocked:               0 kB
HighTotal:        849920 kB
HighFree:           9748 kB
LowTotal:         536580 kB
LowFree:           36424 kB
SwapTotal:       1048572 kB
SwapFree:         852932 kB
Dirty:                 0 kB
Writeback:             0 kB
AnonPages:        557032 kB
Mapped:           198916 kB
Shmem:               968 kB
Slab:              58336 kB
SReclaimable:      17340 kB
SUnreclaim:        40996 kB
KernelStack:       13520 kB
PageTables:        24652 kB
NFS_Unstable:          0 kB
Bounce:                0 kB
WritebackTmp:          0 kB
CommitLimit:     1741820 kB
Committed_AS:   56076712 kB
VmallocTotal:     319488 kB
VmallocUsed:       24516 kB
VmallocChunk:     169996 kB
Time pass: 318 sec

---2015-10-26 12:50:36
MemTotal:        1386500 kB
MemFree:           47228 kB
Buffers:           45228 kB
Cached:           365912 kB
SwapCached:        38296 kB
Active:           485584 kB
Inactive:         484448 kB
Active(anon):     280392 kB
Inactive(anon):   282012 kB
Active(file):     205192 kB
Inactive(file):   202436 kB
Unevictable:        2528 kB
Mlocked:               0 kB
HighTotal:        849920 kB
HighFree:          10688 kB
LowTotal:         536580 kB
LowFree:           36540 kB
SwapTotal:       1048572 kB
SwapFree:         852932 kB
Dirty:                44 kB
Writeback:             0 kB
AnonPages:        555848 kB
Mapped:           198916 kB
Shmem:               968 kB
Slab:              58368 kB
SReclaimable:      17340 kB
SUnreclaim:        41028 kB
KernelStack:       13520 kB
PageTables:        24652 kB
NFS_Unstable:          0 kB
Bounce:                0 kB
WritebackTmp:          0 kB
CommitLimit:     1741820 kB
Committed_AS:   56076572 kB
VmallocTotal:     319488 kB
VmallocUsed:       24516 kB
VmallocChunk:     169996 kB
Time pass: 322 sec

---2015-10-26 12:50:36
MemTotal:        1386500 kB
MemFree:           47368 kB
Buffers:           45228 kB
Cached:           365912 kB
SwapCached:        38296 kB
Active:           485784 kB
Inactive:         484464 kB
Active(anon):     280592 kB
Inactive(anon):   282012 kB
Active(file):     205192 kB
Inactive(file):   202452 kB
Unevictable:        2528 kB
Mlocked:               0 kB
HighTotal:        849920 kB
HighFree:          10772 kB
LowTotal:         536580 kB
LowFree:           36596 kB
SwapTotal:       1048572 kB
SwapFree:         852932 kB
Dirty:                 4 kB
Writeback:             0 kB
AnonPages:        556056 kB
Mapped:           198916 kB
Shmem:               968 kB
Slab:              58336 kB
SReclaimable:      17340 kB
SUnreclaim:        40996 kB
KernelStack:       13520 kB
PageTables:        24652 kB
NFS_Unstable:          0 kB
Bounce:                0 kB
WritebackTmp:          0 kB
CommitLimit:     1741820 kB
Committed_AS:   56076488 kB
VmallocTotal:     319488 kB
VmallocUsed:       24516 kB
VmallocChunk:     169996 kB
Time pass: 326 sec

---2015-10-26 12:50:36
MemTotal:        1386500 kB
MemFree:           46804 kB
Buffers:           45248 kB
Cached:           365912 kB
SwapCached:        38296 kB
Active:           486032 kB
Inactive:         484480 kB
Active(anon):     280836 kB
Inactive(anon):   282012 kB
Active(file):     205196 kB
Inactive(file):   202468 kB
Unevictable:        2528 kB
Mlocked:               0 kB
HighTotal:        849920 kB
HighFree:          10272 kB
LowTotal:         536580 kB
LowFree:           36532 kB
SwapTotal:       1048572 kB
SwapFree:         852932 kB
Dirty:                40 kB
Writeback:             0 kB
AnonPages:        556216 kB
Mapped:           198916 kB
Shmem:               968 kB
Slab:              58368 kB
SReclaimable:      17340 kB
SUnreclaim:        41028 kB
KernelStack:       13528 kB
PageTables:        24652 kB
NFS_Unstable:          0 kB
Bounce:                0 kB
WritebackTmp:          0 kB
CommitLimit:     1741820 kB
Committed_AS:   56076500 kB
VmallocTotal:     319488 kB
VmallocUsed:       24516 kB
VmallocChunk:     169996 kB
Time pass: 330 sec

---2015-10-26 12:50:36
MemTotal:        1386500 kB
MemFree:           46820 kB
Buffers:           45248 kB
Cached:           365912 kB
SwapCached:        38296 kB
Active:           486692 kB
Inactive:         484480 kB
Active(anon):     281496 kB
Inactive(anon):   282012 kB
Active(file):     205196 kB
Inactive(file):   202468 kB
Unevictable:        2528 kB
Mlocked:               0 kB
HighTotal:        849920 kB
HighFree:          10340 kB
LowTotal:         536580 kB
LowFree:           36480 kB
SwapTotal:       1048572 kB
SwapFree:         852932 kB
Dirty:                40 kB
Writeback:             0 kB
AnonPages:        557136 kB
Mapped:           198916 kB
Shmem:               968 kB
Slab:              58344 kB
SReclaimable:      17340 kB
SUnreclaim:        41004 kB
KernelStack:       13536 kB
PageTables:        24652 kB
NFS_Unstable:          0 kB
Bounce:                0 kB
WritebackTmp:          0 kB
CommitLimit:     1741820 kB
Committed_AS:   56077688 kB
VmallocTotal:     319488 kB
VmallocUsed:       24516 kB
VmallocChunk:     169996 kB
Time pass: 334 sec

---2015-10-26 12:50:36
MemTotal:        1386500 kB
MemFree:           46344 kB
Buffers:           45272 kB
Cached:           365912 kB
SwapCached:        38296 kB
Active:           486268 kB
Inactive:         484504 kB
Active(anon):     281072 kB
Inactive(anon):   282012 kB
Active(file):     205196 kB
Inactive(file):   202492 kB
Unevictable:        2528 kB
Mlocked:               0 kB
HighTotal:        849920 kB
HighFree:           9904 kB
LowTotal:         536580 kB
LowFree:           36440 kB
SwapTotal:       1048572 kB
SwapFree:         852932 kB
Dirty:                40 kB
Writeback:             0 kB
AnonPages:        556576 kB
Mapped:           198916 kB
Shmem:               968 kB
Slab:              58344 kB
SReclaimable:      17340 kB
SUnreclaim:        41004 kB
KernelStack:       13528 kB
PageTables:        24652 kB
NFS_Unstable:          0 kB
Bounce:                0 kB
WritebackTmp:          0 kB
CommitLimit:     1741820 kB
Committed_AS:   56076496 kB
VmallocTotal:     319488 kB
VmallocUsed:       24516 kB
VmallocChunk:     169996 kB
Time pass: 338 sec

---2015-10-26 12:50:36
MemTotal:        1386500 kB
MemFree:           46924 kB
Buffers:           45272 kB
Cached:           365912 kB
SwapCached:        38296 kB
Active:           486360 kB
Inactive:         484504 kB
Active(anon):     281164 kB
Inactive(anon):   282012 kB
Active(file):     205196 kB
Inactive(file):   202492 kB
Unevictable:        2528 kB
Mlocked:               0 kB
HighTotal:        849920 kB
HighFree:           9240 kB
LowTotal:         536580 kB
LowFree:           37684 kB
SwapTotal:       1048572 kB
SwapFree:         852932 kB
Dirty:                 0 kB
Writeback:             0 kB
AnonPages:        556512 kB
Mapped:           198916 kB
Shmem:               968 kB
Slab:              58356 kB
SReclaimable:      17340 kB
SUnreclaim:        41016 kB
KernelStack:       13528 kB
PageTables:        24652 kB
NFS_Unstable:          0 kB
Bounce:                0 kB
WritebackTmp:          0 kB
CommitLimit:     1741820 kB
Committed_AS:   56076492 kB
VmallocTotal:     319488 kB
VmallocUsed:       24516 kB
VmallocChunk:     169996 kB
Time pass: 342 sec

---2015-10-26 12:50:36
MemTotal:        1386500 kB
MemFree:           46508 kB
Buffers:           45296 kB
Cached:           365912 kB
SwapCached:        38296 kB
Active:           486520 kB
Inactive:         484528 kB
Active(anon):     281324 kB
Inactive(anon):   282012 kB
Active(file):     205196 kB
Inactive(file):   202516 kB
Unevictable:        2528 kB
Mlocked:               0 kB
HighTotal:        849920 kB
HighFree:           9348 kB
LowTotal:         536580 kB
LowFree:           37160 kB
SwapTotal:       1048572 kB
SwapFree:         852932 kB
Dirty:                40 kB
Writeback:             0 kB
AnonPages:        556720 kB
Mapped:           198916 kB
Shmem:               968 kB
Slab:              58428 kB
SReclaimable:      17340 kB
SUnreclaim:        41088 kB
KernelStack:       13528 kB
PageTables:        24652 kB
NFS_Unstable:          0 kB
Bounce:                0 kB
WritebackTmp:          0 kB
CommitLimit:     1741820 kB
Committed_AS:   56076392 kB
VmallocTotal:     319488 kB
VmallocUsed:       24516 kB
VmallocChunk:     169996 kB
Time pass: 346 sec

---2015-10-26 12:50:36
MemTotal:        1386500 kB
MemFree:           46508 kB
Buffers:           45296 kB
Cached:           365912 kB
SwapCached:        38296 kB
Active:           486672 kB
Inactive:         484528 kB
Active(anon):     281476 kB
Inactive(anon):   282012 kB
Active(file):     205196 kB
Inactive(file):   202516 kB
Unevictable:        2528 kB
Mlocked:               0 kB
HighTotal:        849920 kB
HighFree:           9572 kB
LowTotal:         536580 kB
LowFree:           36936 kB
SwapTotal:       1048572 kB
SwapFree:         852932 kB
Dirty:                 0 kB
Writeback:             0 kB
AnonPages:        557064 kB
Mapped:           198916 kB
Shmem:               968 kB
Slab:              58400 kB
SReclaimable:      17340 kB
SUnreclaim:        41060 kB
KernelStack:       13536 kB
PageTables:        24652 kB
NFS_Unstable:          0 kB
Bounce:                0 kB
WritebackTmp:          0 kB
CommitLimit:     1741820 kB
Committed_AS:   56076400 kB
VmallocTotal:     319488 kB
VmallocUsed:       24516 kB
VmallocChunk:     169996 kB
Time pass: 350 sec

---2015-10-26 12:50:36
MemTotal:        1386500 kB
MemFree:           46112 kB
Buffers:           45308 kB
Cached:           365912 kB
SwapCached:        38296 kB
Active:           486852 kB
Inactive:         484548 kB
Active(anon):     281656 kB
Inactive(anon):   282012 kB
Active(file):     205196 kB
Inactive(file):   202536 kB
Unevictable:        2528 kB
Mlocked:               0 kB
HighTotal:        849920 kB
HighFree:           9324 kB
LowTotal:         536580 kB
LowFree:           36788 kB
SwapTotal:       1048572 kB
SwapFree:         852932 kB
Dirty:                44 kB
Writeback:             0 kB
AnonPages:        557060 kB
Mapped:           198916 kB
Shmem:               968 kB
Slab:              58432 kB
SReclaimable:      17340 kB
SUnreclaim:        41092 kB
KernelStack:       13528 kB
PageTables:        24652 kB
NFS_Unstable:          0 kB
Bounce:                0 kB
WritebackTmp:          0 kB
CommitLimit:     1741820 kB
Committed_AS:   56076544 kB
VmallocTotal:     319488 kB
VmallocUsed:       24516 kB
VmallocChunk:     169996 kB
Time pass: 354 sec

---2015-10-26 12:50:36
MemTotal:        1386500 kB
MemFree:           46748 kB
Buffers:           45308 kB
Cached:           365912 kB
SwapCached:        38296 kB
Active:           486892 kB
Inactive:         484540 kB
Active(anon):     281696 kB
Inactive(anon):   282012 kB
Active(file):     205196 kB
Inactive(file):   202528 kB
Unevictable:        2528 kB
Mlocked:               0 kB
HighTotal:        849920 kB
HighFree:           9772 kB
LowTotal:         536580 kB
LowFree:           36976 kB
SwapTotal:       1048572 kB
SwapFree:         852932 kB
Dirty:                 0 kB
Writeback:             0 kB
AnonPages:        557048 kB
Mapped:           198916 kB
Shmem:               968 kB
Slab:              58336 kB
SReclaimable:      17340 kB
SUnreclaim:        40996 kB
KernelStack:       13536 kB
PageTables:        24652 kB
NFS_Unstable:          0 kB
Bounce:                0 kB
WritebackTmp:          0 kB
CommitLimit:     1741820 kB
Committed_AS:   56076412 kB
VmallocTotal:     319488 kB
VmallocUsed:       24516 kB
VmallocChunk:     169996 kB
Time pass: 358 sec

---2015-10-26 12:50:36
MemTotal:        1386500 kB
MemFree:           48360 kB
Buffers:           45320 kB
Cached:           365912 kB
SwapCached:        38296 kB
Active:           485392 kB
Inactive:         484552 kB
Active(anon):     280196 kB
Inactive(anon):   282012 kB
Active(file):     205196 kB
Inactive(file):   202540 kB
Unevictable:        2528 kB
Mlocked:               0 kB
HighTotal:        849920 kB
HighFree:          11416 kB
LowTotal:         536580 kB
LowFree:           36944 kB
SwapTotal:       1048572 kB
SwapFree:         852932 kB
Dirty:                44 kB
Writeback:             0 kB
AnonPages:        555552 kB
Mapped:           198916 kB
Shmem:               968 kB
Slab:              58376 kB
SReclaimable:      17340 kB
SUnreclaim:        41036 kB
KernelStack:       13536 kB
PageTables:        24652 kB
NFS_Unstable:          0 kB
Bounce:                0 kB
WritebackTmp:          0 kB
CommitLimit:     1741820 kB
Committed_AS:   56076396 kB
VmallocTotal:     319488 kB
VmallocUsed:       24516 kB
VmallocChunk:     169996 kB
Time pass: 362 sec

---2015-10-26 12:50:36
MemTotal:        1386500 kB
MemFree:           47852 kB
Buffers:           45328 kB
Cached:           365904 kB
SwapCached:        38296 kB
Active:           485484 kB
Inactive:         484552 kB
Active(anon):     280288 kB
Inactive(anon):   282012 kB
Active(file):     205196 kB
Inactive(file):   202540 kB
Unevictable:        2528 kB
Mlocked:               0 kB
HighTotal:        849920 kB
HighFree:          10924 kB
LowTotal:         536580 kB
LowFree:           36928 kB
SwapTotal:       1048572 kB
SwapFree:         852932 kB
Dirty:                 0 kB
Writeback:             0 kB
AnonPages:        555892 kB
Mapped:           198872 kB
Shmem:               968 kB
Slab:              58440 kB
SReclaimable:      17340 kB
SUnreclaim:        41100 kB
KernelStack:       13504 kB
PageTables:        24636 kB
NFS_Unstable:          0 kB
Bounce:                0 kB
WritebackTmp:          0 kB
CommitLimit:     1741820 kB
Committed_AS:   56076408 kB
VmallocTotal:     319488 kB
VmallocUsed:       24516 kB
VmallocChunk:     169996 kB
Time pass: 367 sec

---2015-10-26 12:50:36
MemTotal:        1386500 kB
MemFree:           47596 kB
Buffers:           45340 kB
Cached:           365912 kB
SwapCached:        38296 kB
Active:           485816 kB
Inactive:         484572 kB
Active(anon):     280620 kB
Inactive(anon):   282012 kB
Active(file):     205196 kB
Inactive(file):   202560 kB
Unevictable:        2528 kB
Mlocked:               0 kB
HighTotal:        849920 kB
HighFree:          10652 kB
LowTotal:         536580 kB
LowFree:           36944 kB
SwapTotal:       1048572 kB
SwapFree:         852932 kB
Dirty:                44 kB
Writeback:             0 kB
AnonPages:        556060 kB
Mapped:           198872 kB
Shmem:               968 kB
Slab:              58440 kB
SReclaimable:      17340 kB
SUnreclaim:        41100 kB
KernelStack:       13512 kB
PageTables:        24636 kB
NFS_Unstable:          0 kB
Bounce:                0 kB
WritebackTmp:          0 kB
CommitLimit:     1741820 kB
Committed_AS:   56076472 kB
VmallocTotal:     319488 kB
VmallocUsed:       24516 kB
VmallocChunk:     169996 kB
Time pass: 372 sec

---2015-10-26 12:50:36
MemTotal:        1386500 kB
MemFree:           46756 kB
Buffers:           45348 kB
Cached:           365904 kB
SwapCached:        38296 kB
Active:           486008 kB
Inactive:         484572 kB
Active(anon):     280812 kB
Inactive(anon):   282012 kB
Active(file):     205196 kB
Inactive(file):   202560 kB
Unevictable:        2528 kB
Mlocked:               0 kB
HighTotal:        849920 kB
HighFree:          10056 kB
LowTotal:         536580 kB
LowFree:           36700 kB
SwapTotal:       1048572 kB
SwapFree:         852932 kB
Dirty:                 0 kB
Writeback:             0 kB
AnonPages:        556168 kB
Mapped:           198916 kB
Shmem:               968 kB
Slab:              58540 kB
SReclaimable:      17340 kB
