---2015-12-03 09:19:26
MemTotal:        2746844 kB
MemFree:          104824 kB
Buffers:           13340 kB
Cached:          1014940 kB
SwapCached:          188 kB
Active:           938052 kB
Inactive:         972704 kB
Active(anon):     434464 kB
Inactive(anon):   467384 kB
Active(file):     503588 kB
Inactive(file):   505320 kB
Unevictable:       35688 kB
Mlocked:           27720 kB
SwapTotal:       1310716 kB
SwapFree:        1307180 kB
Dirty:                 0 kB
Writeback:             0 kB
AnonPages:        918260 kB
Mapped:           434760 kB
Shmem:               336 kB
Slab:             107172 kB
SReclaimable:      31348 kB
SUnreclaim:        75824 kB
KernelStack:       31696 kB
PageTables:        59952 kB
NFS_Unstable:          0 kB
Bounce:                0 kB
WritebackTmp:          0 kB
CommitLimit:     2684136 kB
Committed_AS:   150046760 kB
VmallocTotal:   251658176 kB
VmallocUsed:      303100 kB
VmallocChunk:   247561408 kB
Time pass: 3 sec

---2015-12-03 09:19:26
MemTotal:        2746844 kB
MemFree:          104360 kB
Buffers:           13348 kB
Cached:          1014956 kB
SwapCached:          188 kB
Active:           938596 kB
Inactive:         972720 kB
Active(anon):     435000 kB
Inactive(anon):   467384 kB
Active(file):     503596 kB
Inactive(file):   505336 kB
Unevictable:       35688 kB
Mlocked:           27720 kB
SwapTotal:       1310716 kB
SwapFree:        1307180 kB
Dirty:                24 kB
Writeback:             0 kB
AnonPages:        918412 kB
Mapped:           434860 kB
Shmem:               336 kB
Slab:             107452 kB
SReclaimable:      31348 kB
SUnreclaim:        76104 kB
KernelStack:       31696 kB
PageTables:        59980 kB
NFS_Unstable:          0 kB
Bounce:                0 kB
WritebackTmp:          0 kB
CommitLimit:     2684136 kB
Committed_AS:   150046696 kB
VmallocTotal:   251658176 kB
VmallocUsed:      303100 kB
VmallocChunk:   247561408 kB
Time pass: 7 sec

---2015-12-03 09:19:26
MemTotal:        2746844 kB
MemFree:          103564 kB
Buffers:           13364 kB
Cached:          1014956 kB
SwapCached:          188 kB
Active:           939060 kB
Inactive:         972724 kB
Active(anon):     435464 kB
Inactive(anon):   467372 kB
Active(file):     503596 kB
Inactive(file):   505352 kB
Unevictable:       35688 kB
Mlocked:           27720 kB
SwapTotal:       1310716 kB
SwapFree:        1307180 kB
Dirty:                96 kB
Writeback:             0 kB
AnonPages:        918712 kB
Mapped:           434860 kB
Shmem:               336 kB
Slab:             107412 kB
SReclaimable:      31348 kB
SUnreclaim:        76064 kB
KernelStack:       31696 kB
PageTables:        59976 kB
NFS_Unstable:          0 kB
Bounce:                0 kB
WritebackTmp:          0 kB
CommitLimit:     2684136 kB
Committed_AS:   150046696 kB
VmallocTotal:   251658176 kB
VmallocUsed:      303100 kB
VmallocChunk:   247561408 kB
Time pass: 10 sec

---2015-12-03 09:19:26
MemTotal:        2746844 kB
MemFree:          103164 kB
Buffers:           13364 kB
Cached:          1014956 kB
SwapCached:          188 kB
Active:           939548 kB
Inactive:         972716 kB
Active(anon):     435944 kB
Inactive(anon):   467372 kB
Active(file):     503604 kB
Inactive(file):   505344 kB
Unevictable:       35688 kB
Mlocked:           27720 kB
SwapTotal:       1310716 kB
SwapFree:        1307180 kB
Dirty:                96 kB
Writeback:             0 kB
AnonPages:        919228 kB
Mapped:           434944 kB
Shmem:               336 kB
Slab:             107452 kB
SReclaimable:      31352 kB
SUnreclaim:        76100 kB
KernelStack:       31680 kB
PageTables:        60004 kB
NFS_Unstable:          0 kB
Bounce:                0 kB
WritebackTmp:          0 kB
CommitLimit:     2684136 kB
Committed_AS:   150046688 kB
VmallocTotal:   251658176 kB
VmallocUsed:      303100 kB
VmallocChunk:   247561408 kB
Time pass: 14 sec

---2015-12-03 09:19:26
MemTotal:        2746844 kB
MemFree:          102880 kB
Buffers:           13372 kB
Cached:          1014956 kB
SwapCached:          188 kB
Active:           939516 kB
Inactive:         972764 kB
Active(anon):     435900 kB
Inactive(anon):   467372 kB
Active(file):     503616 kB
Inactive(file):   505392 kB
Unevictable:       35688 kB
Mlocked:           27720 kB
SwapTotal:       1310716 kB
SwapFree:        1307180 kB
Dirty:                32 kB
Writeback:             0 kB
AnonPages:        919316 kB
Mapped:           434864 kB
Shmem:               336 kB
Slab:             107196 kB
SReclaimable:      31352 kB
SUnreclaim:        75844 kB
KernelStack:       31680 kB
PageTables:        59976 kB
NFS_Unstable:          0 kB
Bounce:                0 kB
WritebackTmp:          0 kB
CommitLimit:     2684136 kB
Committed_AS:   150046696 kB
VmallocTotal:   251658176 kB
VmallocUsed:      303100 kB
VmallocChunk:   247561408 kB
Time pass: 17 sec

---2015-12-03 09:19:26
MemTotal:        2746844 kB
MemFree:           66664 kB
Buffers:           12748 kB
Cached:          1030060 kB
SwapCached:          192 kB
Active:           938184 kB
Inactive:         983452 kB
Active(anon):     431404 kB
Inactive(anon):   467208 kB
Active(file):     506780 kB
Inactive(file):   516244 kB
Unevictable:       35688 kB
Mlocked:           27720 kB
SwapTotal:       1310716 kB
SwapFree:        1307096 kB
Dirty:                 8 kB
Writeback:             0 kB
AnonPages:        914868 kB
Mapped:           439484 kB
Shmem:               336 kB
Slab:             107320 kB
SReclaimable:      31360 kB
SUnreclaim:        75960 kB
KernelStack:       31120 kB
PageTables:        59084 kB
NFS_Unstable:          0 kB
Bounce:                0 kB
WritebackTmp:          0 kB
CommitLimit:     2684136 kB
Committed_AS:   148290244 kB
VmallocTotal:   251658176 kB
VmallocUsed:      305836 kB
VmallocChunk:   247561408 kB
Time pass: 21 sec

---2015-12-03 09:19:26
MemTotal:        2746844 kB
MemFree:           70908 kB
Buffers:            9568 kB
Cached:           834464 kB
SwapCached:          440 kB
Active:           859108 kB
Inactive:         872712 kB
Active(anon):     446224 kB
Inactive(anon):   460628 kB
Active(file):     412884 kB
Inactive(file):   412084 kB
Unevictable:       35692 kB
Mlocked:           27720 kB
SwapTotal:       1310716 kB
SwapFree:        1277432 kB
Dirty:              1644 kB
Writeback:             0 kB
AnonPages:        921292 kB
Mapped:           455108 kB
Shmem:               516 kB
Slab:             108256 kB
SReclaimable:      31868 kB
SUnreclaim:        76388 kB
KernelStack:       32400 kB
PageTables:        59820 kB
NFS_Unstable:          0 kB
Bounce:                0 kB
WritebackTmp:          0 kB
CommitLimit:     2684136 kB
Committed_AS:   148338848 kB
VmallocTotal:   251658176 kB
VmallocUsed:      315580 kB
VmallocChunk:   247561408 kB
Time pass: 24 sec

---2015-12-03 09:19:26
MemTotal:        2746844 kB
MemFree:          101260 kB
Buffers:            9588 kB
Cached:           834472 kB
SwapCached:          440 kB
Active:           840664 kB
Inactive:         857052 kB
Active(anon):     428536 kB
Inactive(anon):   444432 kB
Active(file):     412128 kB
Inactive(file):   412620 kB
Unevictable:       35692 kB
Mlocked:           27720 kB
SwapTotal:       1310716 kB
SwapFree:        1277432 kB
Dirty:               404 kB
Writeback:             0 kB
AnonPages:        888012 kB
Mapped:           451612 kB
Shmem:               324 kB
Slab:             108076 kB
SReclaimable:      31852 kB
SUnreclaim:        76224 kB
KernelStack:       32400 kB
PageTables:        59656 kB
NFS_Unstable:          0 kB
Bounce:                0 kB
WritebackTmp:          0 kB
CommitLimit:     2684136 kB
Committed_AS:   148305372 kB
VmallocTotal:   251658176 kB
VmallocUsed:      315560 kB
VmallocChunk:   247561408 kB
Time pass: 28 sec

---2015-12-03 09:19:26
MemTotal:        2746844 kB
MemFree:          102988 kB
Buffers:            9596 kB
Cached:           834512 kB
SwapCached:          440 kB
Active:           839212 kB
Inactive:         856656 kB
Active(anon):     427072 kB
Inactive(anon):   444000 kB
Active(file):     412140 kB
Inactive(file):   412656 kB
Unevictable:       35692 kB
Mlocked:           27720 kB
SwapTotal:       1310716 kB
SwapFree:        1277432 kB
Dirty:                88 kB
Writeback:             0 kB
AnonPages:        887020 kB
Mapped:           451612 kB
Shmem:               324 kB
Slab:             108024 kB
SReclaimable:      31852 kB
SUnreclaim:        76172 kB
KernelStack:       32384 kB
PageTables:        59628 kB
NFS_Unstable:          0 kB
Bounce:                0 kB
WritebackTmp:          0 kB
CommitLimit:     2684136 kB
Committed_AS:   148305332 kB
VmallocTotal:   251658176 kB
VmallocUsed:      315560 kB
VmallocChunk:   247561408 kB
Time pass: 32 sec

---2015-12-03 09:19:26
MemTotal:        2746844 kB
MemFree:          103240 kB
Buffers:            9596 kB
Cached:           834516 kB
SwapCached:          440 kB
Active:           839376 kB
Inactive:         856656 kB
Active(anon):     427236 kB
Inactive(anon):   444000 kB
Active(file):     412140 kB
Inactive(file):   412656 kB
Unevictable:       35692 kB
Mlocked:           27720 kB
SwapTotal:       1310716 kB
SwapFree:        1277432 kB
Dirty:                92 kB
Writeback:             0 kB
AnonPages:        887228 kB
Mapped:           451680 kB
Shmem:               324 kB
Slab:             108212 kB
SReclaimable:      31852 kB
SUnreclaim:        76360 kB
KernelStack:       32384 kB
PageTables:        59628 kB
NFS_Unstable:          0 kB
Bounce:                0 kB
WritebackTmp:          0 kB
CommitLimit:     2684136 kB
Committed_AS:   148305388 kB
VmallocTotal:   251658176 kB
VmallocUsed:      315560 kB
VmallocChunk:   247561408 kB
Time pass: 35 sec

---2015-12-03 09:19:26
MemTotal:        2746844 kB
MemFree:           64252 kB
Buffers:            9420 kB
Cached:           820372 kB
SwapCached:          648 kB
Active:           847768 kB
Inactive:         847536 kB
Active(anon):     442116 kB
Inactive(anon):   442564 kB
Active(file):     405652 kB
Inactive(file):   404972 kB
Unevictable:       35692 kB
Mlocked:           27720 kB
SwapTotal:       1310716 kB
SwapFree:        1273208 kB
Dirty:                84 kB
Writeback:             0 kB
AnonPages:        901828 kB
Mapped:           455708 kB
Shmem:               324 kB
Slab:             108052 kB
SReclaimable:      31852 kB
SUnreclaim:        76200 kB
KernelStack:       32448 kB
PageTables:        59400 kB
NFS_Unstable:          0 kB
Bounce:                0 kB
WritebackTmp:          0 kB
CommitLimit:     2684136 kB
Committed_AS:   147755948 kB
VmallocTotal:   251658176 kB
VmallocUsed:      316348 kB
VmallocChunk:   247561408 kB
Time pass: 39 sec

---2015-12-03 09:19:26
MemTotal:        2746844 kB
MemFree:           65856 kB
Buffers:            9336 kB
Cached:           807216 kB
SwapCached:          860 kB
Active:           842408 kB
Inactive:         844076 kB
Active(anon):     443900 kB
Inactive(anon):   445344 kB
Active(file):     398508 kB
Inactive(file):   398732 kB
Unevictable:       35692 kB
Mlocked:           27720 kB
SwapTotal:       1310716 kB
SwapFree:        1270548 kB
Dirty:                84 kB
Writeback:             0 kB
AnonPages:        904800 kB
Mapped:           456592 kB
Shmem:               324 kB
Slab:             108176 kB
SReclaimable:      31852 kB
SUnreclaim:        76324 kB
KernelStack:       32688 kB
PageTables:        59840 kB
NFS_Unstable:          0 kB
Bounce:                0 kB
WritebackTmp:          0 kB
CommitLimit:     2684136 kB
Committed_AS:   147756084 kB
VmallocTotal:   251658176 kB
VmallocUsed:      316348 kB
VmallocChunk:   247561408 kB
Time pass: 42 sec

---2015-12-03 09:19:26
MemTotal:        2746844 kB
MemFree:           65448 kB
Buffers:            8960 kB
Cached:           800356 kB
SwapCached:          940 kB
Active:           843288 kB
Inactive:         844320 kB
Active(anon):     448356 kB
Inactive(anon):   449520 kB
Active(file):     394932 kB
Inactive(file):   394800 kB
Unevictable:       35692 kB
Mlocked:           27720 kB
SwapTotal:       1310716 kB
SwapFree:        1269720 kB
Dirty:               160 kB
Writeback:             0 kB
AnonPages:        912276 kB
Mapped:           459612 kB
Shmem:               328 kB
Slab:             108184 kB
SReclaimable:      31852 kB
SUnreclaim:        76332 kB
KernelStack:       32784 kB
PageTables:        59836 kB
NFS_Unstable:          0 kB
Bounce:                0 kB
WritebackTmp:          0 kB
CommitLimit:     2684136 kB
Committed_AS:   147758124 kB
VmallocTotal:   251658176 kB
VmallocUsed:      316164 kB
VmallocChunk:   247561408 kB
Time pass: 46 sec

---2015-12-03 09:19:26
MemTotal:        2746844 kB
MemFree:           68260 kB
Buffers:            8548 kB
Cached:           745132 kB
SwapCached:         1028 kB
Active:           813960 kB
Inactive:         822432 kB
Active(anon):     447020 kB
Inactive(anon):   454944 kB
Active(file):     366940 kB
Inactive(file):   367488 kB
Unevictable:       35692 kB
Mlocked:           27720 kB
SwapTotal:       1310716 kB
SwapFree:        1257188 kB
Dirty:              1100 kB
Writeback:             0 kB
AnonPages:        917296 kB
Mapped:           457704 kB
Shmem:               328 kB
Slab:             108352 kB
SReclaimable:      31900 kB
SUnreclaim:        76452 kB
KernelStack:       32800 kB
PageTables:        59920 kB
NFS_Unstable:          0 kB
Bounce:                0 kB
WritebackTmp:          0 kB
CommitLimit:     2684136 kB
Committed_AS:   147774728 kB
VmallocTotal:   251658176 kB
VmallocUsed:      320560 kB
VmallocChunk:   247561408 kB
Time pass: 49 sec

---2015-12-03 09:19:26
MemTotal:        2746844 kB
MemFree:           68756 kB
Buffers:            8548 kB
Cached:           745296 kB
SwapCached:         1028 kB
Active:           814324 kB
Inactive:         822496 kB
Active(anon):     447376 kB
Inactive(anon):   454936 kB
Active(file):     366948 kB
Inactive(file):   367560 kB
Unevictable:       35692 kB
Mlocked:           27720 kB
SwapTotal:       1310716 kB
SwapFree:        1257188 kB
Dirty:                20 kB
Writeback:             0 kB
AnonPages:        917468 kB
Mapped:           457788 kB
Shmem:               328 kB
Slab:             108360 kB
SReclaimable:      31900 kB
SUnreclaim:        76460 kB
KernelStack:       32800 kB
PageTables:        59852 kB
NFS_Unstable:          0 kB
Bounce:                0 kB
WritebackTmp:          0 kB
CommitLimit:     2684136 kB
Committed_AS:   147774760 kB
VmallocTotal:   251658176 kB
VmallocUsed:      320560 kB
VmallocChunk:   247561408 kB
Time pass: 53 sec

---2015-12-03 09:19:26
MemTotal:        2746844 kB
MemFree:           75760 kB
Buffers:            8556 kB
Cached:           743232 kB
SwapCached:         1032 kB
Active:           808180 kB
Inactive:         819756 kB
Active(anon):     441728 kB
Inactive(anon):   453764 kB
Active(file):     366452 kB
Inactive(file):   365992 kB
Unevictable:       35692 kB
Mlocked:           27720 kB
SwapTotal:       1310716 kB
SwapFree:        1256676 kB
Dirty:               120 kB
Writeback:             0 kB
AnonPages:        910452 kB
Mapped:           457700 kB
Shmem:               328 kB
Slab:             108368 kB
SReclaimable:      31900 kB
SUnreclaim:        76468 kB
KernelStack:       32816 kB
PageTables:        59880 kB
NFS_Unstable:          0 kB
Bounce:                0 kB
WritebackTmp:          0 kB
CommitLimit:     2684136 kB
Committed_AS:   147775044 kB
VmallocTotal:   251658176 kB
VmallocUsed:      320560 kB
VmallocChunk:   247561408 kB
Time pass: 56 sec

---2015-12-03 09:19:26
MemTotal:        2746844 kB
MemFree:           66824 kB
Buffers:            8564 kB
Cached:           742164 kB
SwapCached:         1036 kB
Active:           809760 kB
Inactive:         818728 kB
Active(anon):     443976 kB
Inactive(anon):   453116 kB
Active(file):     365784 kB
Inactive(file):   365612 kB
Unevictable:       35692 kB
Mlocked:           27720 kB
SwapTotal:       1310716 kB
SwapFree:        1256292 kB
Dirty:               160 kB
Writeback:             0 kB
AnonPages:        912540 kB
Mapped:           457372 kB
Shmem:               328 kB
Slab:             108492 kB
SReclaimable:      31916 kB
SUnreclaim:        76576 kB
KernelStack:       32816 kB
PageTables:        59872 kB
NFS_Unstable:          0 kB
Bounce:                0 kB
WritebackTmp:          0 kB
CommitLimit:     2684136 kB
Committed_AS:   147783452 kB
VmallocTotal:   251658176 kB
VmallocUsed:      320584 kB
VmallocChunk:   247561408 kB
Time pass: 60 sec

---2015-12-03 09:19:26
MemTotal:        2746844 kB
MemFree:           65752 kB
Buffers:            8564 kB
Cached:           742236 kB
SwapCached:         1036 kB
Active:           810160 kB
Inactive:         818816 kB
Active(anon):     444376 kB
Inactive(anon):   453116 kB
Active(file):     365784 kB
Inactive(file):   365700 kB
Unevictable:       35692 kB
Mlocked:           27720 kB
SwapTotal:       1310716 kB
SwapFree:        1256292 kB
Dirty:                72 kB
Writeback:             0 kB
AnonPages:        912928 kB
Mapped:           457288 kB
Shmem:               328 kB
Slab:             108596 kB
SReclaimable:      31916 kB
SUnreclaim:        76680 kB
KernelStack:       32816 kB
PageTables:        59852 kB
NFS_Unstable:          0 kB
Bounce:                0 kB
WritebackTmp:          0 kB
CommitLimit:     2684136 kB
Committed_AS:   147783436 kB
VmallocTotal:   251658176 kB
VmallocUsed:      320584 kB
VmallocChunk:   247561408 kB
Time pass: 63 sec

---2015-12-03 09:19:26
MemTotal:        2746844 kB
MemFree:           63800 kB
Buffers:            7900 kB
Cached:           720460 kB
SwapCached:         1052 kB
Active:           800764 kB
Inactive:         803944 kB
Active(anon):     445968 kB
Inactive(anon):   449696 kB
Active(file):     354796 kB
Inactive(file):   354248 kB
Unevictable:       35692 kB
Mlocked:           27720 kB
SwapTotal:       1310716 kB
SwapFree:        1246176 kB
Dirty:               652 kB
Writeback:             0 kB
AnonPages:        911272 kB
Mapped:           455500 kB
Shmem:               328 kB
Slab:             108552 kB
SReclaimable:      31916 kB
SUnreclaim:        76636 kB
KernelStack:       32832 kB
PageTables:        59876 kB
NFS_Unstable:          0 kB
Bounce:                0 kB
WritebackTmp:          0 kB
CommitLimit:     2684136 kB
Committed_AS:   147783704 kB
VmallocTotal:   251658176 kB
VmallocUsed:      333092 kB
VmallocChunk:   247561408 kB
Time pass: 67 sec

---2015-12-03 09:19:26
MemTotal:        2746844 kB
MemFree:           68276 kB
Buffers:            7464 kB
Cached:           712256 kB
SwapCached:         1068 kB
Active:           799744 kB
Inactive:         800796 kB
Active(anon):     450068 kB
Inactive(anon):   450264 kB
Active(file):     349676 kB
Inactive(file):   350532 kB
Unevictable:       35692 kB
Mlocked:           27720 kB
SwapTotal:       1310716 kB
SwapFree:        1241692 kB
Dirty:               956 kB
Writeback:             0 kB
AnonPages:        915604 kB
Mapped:           457588 kB
Shmem:               328 kB
Slab:             108704 kB
SReclaimable:      31916 kB
SUnreclaim:        76788 kB
KernelStack:       33008 kB
PageTables:        59888 kB
NFS_Unstable:          0 kB
Bounce:                0 kB
WritebackTmp:          0 kB
CommitLimit:     2684136 kB
Committed_AS:   147792172 kB
VmallocTotal:   251658176 kB
VmallocUsed:      333076 kB
VmallocChunk:   247561408 kB
Time pass: 70 sec

---2015-12-03 09:19:26
MemTotal:        2746844 kB
MemFree:           65056 kB
Buffers:            7444 kB
Cached:           710184 kB
SwapCached:         1068 kB
Active:           802600 kB
Inactive:         801624 kB
Active(anon):     453420 kB
Inactive(anon):   452496 kB
Active(file):     349180 kB
Inactive(file):   349128 kB
Unevictable:       35692 kB
Mlocked:           27720 kB
SwapTotal:       1310716 kB
SwapFree:        1241264 kB
Dirty:               148 kB
Writeback:             0 kB
AnonPages:        921268 kB
Mapped:           457592 kB
Shmem:               328 kB
Slab:             108788 kB
SReclaimable:      31916 kB
SUnreclaim:        76872 kB
KernelStack:       32960 kB
PageTables:        59908 kB
NFS_Unstable:          0 kB
Bounce:                0 kB
WritebackTmp:          0 kB
CommitLimit:     2684136 kB
Committed_AS:   147796280 kB
VmallocTotal:   251658176 kB
VmallocUsed:      333076 kB
VmallocChunk:   247561408 kB
Time pass: 74 sec

---2015-12-03 09:19:26
MemTotal:        2746844 kB
MemFree:           65372 kB
Buffers:            7436 kB
Cached:           708228 kB
SwapCached:         1068 kB
Active:           803152 kB
Inactive:         801568 kB
Active(anon):     454616 kB
Inactive(anon):   453756 kB
Active(file):     348536 kB
Inactive(file):   347812 kB
Unevictable:       35692 kB
Mlocked:           27720 kB
SwapTotal:       1310716 kB
SwapFree:        1239944 kB
Dirty:                 8 kB
Writeback:             0 kB
AnonPages:        923932 kB
Mapped:           457816 kB
Shmem:               328 kB
Slab:             108856 kB
SReclaimable:      31932 kB
SUnreclaim:        76924 kB
KernelStack:       32960 kB
PageTables:        59912 kB
NFS_Unstable:          0 kB
Bounce:                0 kB
WritebackTmp:          0 kB
CommitLimit:     2684136 kB
Committed_AS:   147800380 kB
VmallocTotal:   251658176 kB
VmallocUsed:      333076 kB
VmallocChunk:   247561408 kB
Time pass: 77 sec

---2015-12-03 09:19:26
MemTotal:        2746844 kB
MemFree:           65256 kB
Buffers:            7432 kB
Cached:           702496 kB
SwapCached:         1676 kB
Active:           800396 kB
Inactive:         802188 kB
Active(anon):     455044 kB
Inactive(anon):   456220 kB
Active(file):     345352 kB
Inactive(file):   345968 kB
Unevictable:       35692 kB
Mlocked:           27720 kB
SwapTotal:       1310716 kB
SwapFree:        1235988 kB
Dirty:                96 kB
Writeback:             0 kB
AnonPages:        926444 kB
Mapped:           458852 kB
Shmem:               492 kB
Slab:             109176 kB
SReclaimable:      31932 kB
SUnreclaim:        77244 kB
KernelStack:       33296 kB
PageTables:        60044 kB
NFS_Unstable:          0 kB
Bounce:                0 kB
WritebackTmp:          0 kB
CommitLimit:     2684136 kB
Committed_AS:   147816388 kB
VmallocTotal:   251658176 kB
VmallocUsed:      335264 kB
VmallocChunk:   247561408 kB
Time pass: 81 sec

---2015-12-03 09:19:26
MemTotal:        2746844 kB
MemFree:           65756 kB
Buffers:            7420 kB
Cached:           694732 kB
SwapCached:         1676 kB
Active:           793640 kB
Inactive:         796076 kB
Active(anon):     452568 kB
Inactive(anon):   454992 kB
Active(file):     341072 kB
Inactive(file):   341084 kB
Unevictable:       35692 kB
Mlocked:           27720 kB
SwapTotal:       1310716 kB
SwapFree:        1232724 kB
Dirty:                32 kB
Writeback:             0 kB
AnonPages:        923008 kB
Mapped:           458588 kB
Shmem:               540 kB
Slab:             109260 kB
SReclaimable:      31932 kB
SUnreclaim:        77328 kB
KernelStack:       33248 kB
PageTables:        60168 kB
NFS_Unstable:          0 kB
Bounce:                0 kB
WritebackTmp:          0 kB
CommitLimit:     2684136 kB
Committed_AS:   147816464 kB
VmallocTotal:   251658176 kB
VmallocUsed:      331324 kB
VmallocChunk:   247561408 kB
Time pass: 85 sec

---2015-12-03 09:19:26
MemTotal:        2746844 kB
MemFree:           71964 kB
Buffers:            7436 kB
Cached:           693744 kB
SwapCached:         1676 kB
Active:           793844 kB
Inactive:         794608 kB
Active(anon):     452508 kB
Inactive(anon):   454456 kB
Active(file):     341336 kB
Inactive(file):   340152 kB
Unevictable:       35692 kB
Mlocked:           27720 kB
SwapTotal:       1310716 kB
SwapFree:        1230384 kB
Dirty:                 0 kB
Writeback:             0 kB
AnonPages:        921552 kB
Mapped:           458756 kB
Shmem:               700 kB
Slab:             109248 kB
SReclaimable:      31932 kB
SUnreclaim:        77316 kB
KernelStack:       33200 kB
PageTables:        60168 kB
NFS_Unstable:          0 kB
Bounce:                0 kB
WritebackTmp:          0 kB
CommitLimit:     2684136 kB
Committed_AS:   147816232 kB
VmallocTotal:   251658176 kB
VmallocUsed:      331324 kB
VmallocChunk:   247561408 kB
Time pass: 88 sec

---2015-12-03 09:19:26
MemTotal:        2746844 kB
MemFree:           71732 kB
Buffers:            7444 kB
Cached:           693644 kB
SwapCached:         1676 kB
Active:           794900 kB
Inactive:         794160 kB
Active(anon):     453724 kB
Inactive(anon):   454032 kB
Active(file):     341176 kB
Inactive(file):   340128 kB
Unevictable:       35692 kB
Mlocked:           27720 kB
SwapTotal:       1310716 kB
SwapFree:        1230384 kB
Dirty:                28 kB
Writeback:             0 kB
AnonPages:        922512 kB
Mapped:           458760 kB
Shmem:               700 kB
Slab:             109292 kB
SReclaimable:      31932 kB
SUnreclaim:        77360 kB
KernelStack:       33200 kB
PageTables:        60168 kB
NFS_Unstable:          0 kB
Bounce:                0 kB
WritebackTmp:          0 kB
CommitLimit:     2684136 kB
Committed_AS:   147816240 kB
VmallocTotal:   251658176 kB
VmallocUsed:      331324 kB
VmallocChunk:   247561408 kB
Time pass: 92 sec

---2015-12-03 09:19:26
MemTotal:        2746844 kB
MemFree:           71168 kB
Buffers:            7460 kB
Cached:           693712 kB
SwapCached:         1680 kB
Active:           795108 kB
Inactive:         794288 kB
Active(anon):     453932 kB
Inactive(anon):   454080 kB
Active(file):     341176 kB
Inactive(file):   340208 kB
Unevictable:       35692 kB
Mlocked:           27720 kB
SwapTotal:       1310716 kB
SwapFree:        1230384 kB
Dirty:                44 kB
Writeback:             0 kB
AnonPages:        922524 kB
Mapped:           458916 kB
Shmem:               748 kB
Slab:             109292 kB
SReclaimable:      31932 kB
SUnreclaim:        77360 kB
KernelStack:       33200 kB
PageTables:        60196 kB
NFS_Unstable:          0 kB
Bounce:                0 kB
WritebackTmp:          0 kB
CommitLimit:     2684136 kB
Committed_AS:   147820344 kB
VmallocTotal:   251658176 kB
VmallocUsed:      331324 kB
VmallocChunk:   247561408 kB
Time pass: 95 sec

---2015-12-03 09:19:26
MemTotal:        2746844 kB
MemFree:           70116 kB
Buffers:            7476 kB
Cached:           693780 kB
SwapCached:         1684 kB
Active:           795984 kB
Inactive:         794372 kB
Active(anon):     454808 kB
Inactive(anon):   454080 kB
Active(file):     341176 kB
Inactive(file):   340292 kB
Unevictable:       35692 kB
Mlocked:           27720 kB
SwapTotal:       1310716 kB
SwapFree:        1230384 kB
Dirty:                40 kB
Writeback:             0 kB
AnonPages:        923872 kB
Mapped:           458832 kB
Shmem:               748 kB
Slab:             109396 kB
SReclaimable:      31932 kB
SUnreclaim:        77464 kB
KernelStack:       33200 kB
PageTables:        60172 kB
NFS_Unstable:          0 kB
Bounce:                0 kB
WritebackTmp:          0 kB
CommitLimit:     2684136 kB
Committed_AS:   147824448 kB
VmallocTotal:   251658176 kB
VmallocUsed:      331324 kB
VmallocChunk:   247561408 kB
Time pass: 99 sec

---2015-12-03 09:19:26
MemTotal:        2746844 kB
MemFree:          149108 kB
Buffers:            7432 kB
Cached:           704852 kB
SwapCached:         2192 kB
Active:           735852 kB
Inactive:         764076 kB
Active(anon):     363472 kB
Inactive(anon):   444148 kB
Active(file):     372380 kB
Inactive(file):   319928 kB
Unevictable:       35692 kB
Mlocked:           27720 kB
SwapTotal:       1310716 kB
SwapFree:        1209064 kB
Dirty:              1584 kB
Writeback:             0 kB
AnonPages:        822020 kB
Mapped:           417800 kB
Shmem:               320 kB
Slab:             109420 kB
SReclaimable:      31964 kB
SUnreclaim:        77456 kB
KernelStack:       33344 kB
PageTables:        58556 kB
NFS_Unstable:          0 kB
Bounce:                0 kB
WritebackTmp:          0 kB
CommitLimit:     2684136 kB
Committed_AS:   145194412 kB
VmallocTotal:   251658176 kB
VmallocUsed:      336240 kB
VmallocChunk:   247561408 kB
Time pass: 102 sec

---2015-12-03 09:19:26
MemTotal:        2746844 kB
MemFree:          379476 kB
Buffers:            7512 kB
Cached:           709172 kB
SwapCached:         2228 kB
Active:           737428 kB
Inactive:         768880 kB
Active(anon):     365056 kB
Inactive(anon):   443820 kB
Active(file):     372372 kB
Inactive(file):   325060 kB
Unevictable:       35692 kB
Mlocked:           27720 kB
SwapTotal:       1310716 kB
SwapFree:        1209064 kB
Dirty:               316 kB
Writeback:             0 kB
AnonPages:        823196 kB
Mapped:           418536 kB
Shmem:               192 kB
Slab:             109344 kB
SReclaimable:      31996 kB
SUnreclaim:        77348 kB
KernelStack:       31968 kB
PageTables:        58540 kB
NFS_Unstable:          0 kB
Bounce:                0 kB
WritebackTmp:          0 kB
CommitLimit:     2684136 kB
Committed_AS:   145190120 kB
VmallocTotal:   251658176 kB
VmallocUsed:      329416 kB
VmallocChunk:   247561408 kB
Time pass: 105 sec

---2015-12-03 09:19:26
MemTotal:        2746844 kB
MemFree:          407828 kB
Buffers:            7512 kB
Cached:           709472 kB
SwapCached:         2232 kB
Active:           715364 kB
Inactive:         764004 kB
Active(anon):     340768 kB
Inactive(anon):   440752 kB
Active(file):     374596 kB
Inactive(file):   323252 kB
Unevictable:       35692 kB
Mlocked:           27720 kB
SwapTotal:       1310716 kB
SwapFree:        1209064 kB
Dirty:                48 kB
Writeback:             0 kB
AnonPages:        795880 kB
Mapped:           418740 kB
Shmem:               204 kB
Slab:             109372 kB
SReclaimable:      31996 kB
SUnreclaim:        77376 kB
KernelStack:       31408 kB
PageTables:        58560 kB
NFS_Unstable:          0 kB
Bounce:                0 kB
WritebackTmp:          0 kB
CommitLimit:     2684136 kB
Committed_AS:   145190988 kB
VmallocTotal:   251658176 kB
VmallocUsed:      329416 kB
VmallocChunk:   247561408 kB
Time pass: 109 sec

---2015-12-03 09:19:26
MemTotal:        2746844 kB
MemFree:          408148 kB
Buffers:            7520 kB
Cached:           709644 kB
SwapCached:         2232 kB
Active:           715304 kB
Inactive:         763900 kB
Active(anon):     340588 kB
Inactive(anon):   440640 kB
Active(file):     374716 kB
Inactive(file):   323260 kB
Unevictable:       35692 kB
Mlocked:           27720 kB
SwapTotal:       1310716 kB
SwapFree:        1209064 kB
Dirty:               128 kB
Writeback:             0 kB
AnonPages:        796176 kB
Mapped:           418616 kB
Shmem:               192 kB
Slab:             109324 kB
SReclaimable:      31996 kB
SUnreclaim:        77328 kB
KernelStack:       31136 kB
PageTables:        58320 kB
NFS_Unstable:          0 kB
Bounce:                0 kB
WritebackTmp:          0 kB
CommitLimit:     2684136 kB
Committed_AS:   145190980 kB
VmallocTotal:   251658176 kB
VmallocUsed:      329416 kB
VmallocChunk:   247561408 kB
Time pass: 113 sec

---2015-12-03 09:19:26
MemTotal:        2746844 kB
MemFree:          392328 kB
Buffers:            7624 kB
Cached:           716012 kB
SwapCached:         2564 kB
Active:           725648 kB
Inactive:         769252 kB
Active(anon):     349736 kB
Inactive(anon):   440628 kB
Active(file):     375912 kB
Inactive(file):   328624 kB
Unevictable:       35692 kB
Mlocked:           27720 kB
SwapTotal:       1310716 kB
SwapFree:        1209076 kB
Dirty:                76 kB
Writeback:             0 kB
AnonPages:        805416 kB
Mapped:           433304 kB
Shmem:               192 kB
Slab:             109464 kB
SReclaimable:      31996 kB
SUnreclaim:        77468 kB
KernelStack:       31200 kB
PageTables:        58728 kB
NFS_Unstable:          0 kB
Bounce:                0 kB
WritebackTmp:          0 kB
CommitLimit:     2684136 kB
Committed_AS:   146476268 kB
VmallocTotal:   251658176 kB
VmallocUsed:      330172 kB
VmallocChunk:   247561408 kB
Time pass: 116 sec

---2015-12-03 09:19:26
MemTotal:        2746844 kB
MemFree:          214772 kB
Buffers:            7728 kB
Cached:           718632 kB
SwapCached:         2780 kB
Active:           762012 kB
Inactive:         767592 kB
Active(anon):     382024 kB
Inactive(anon):   440756 kB
Active(file):     379988 kB
Inactive(file):   326836 kB
Unevictable:       35692 kB
Mlocked:           27720 kB
SwapTotal:       1310716 kB
SwapFree:        1209076 kB
Dirty:               904 kB
Writeback:             0 kB
AnonPages:        837572 kB
Mapped:           450972 kB
Shmem:               328 kB
Slab:             109428 kB
SReclaimable:      32028 kB
SUnreclaim:        77400 kB
KernelStack:       32512 kB
PageTables:        59408 kB
NFS_Unstable:          0 kB
Bounce:                0 kB
WritebackTmp:          0 kB
CommitLimit:     2684136 kB
Committed_AS:   146521800 kB
VmallocTotal:   251658176 kB
VmallocUsed:      331476 kB
VmallocChunk:   247561408 kB
Time pass: 119 sec

---2015-12-03 09:19:26
MemTotal:        2746844 kB
MemFree:          167672 kB
Buffers:            7728 kB
Cached:           720780 kB
SwapCached:         2780 kB
Active:           759988 kB
Inactive:         760508 kB
Active(anon):     376208 kB
Inactive(anon):   435100 kB
Active(file):     383780 kB
Inactive(file):   325408 kB
Unevictable:       35692 kB
Mlocked:           27720 kB
SwapTotal:       1310716 kB
SwapFree:        1209076 kB
Dirty:              3228 kB
Writeback:           292 kB
AnonPages:        824928 kB
Mapped:           452564 kB
Shmem:               328 kB
Slab:             109436 kB
SReclaimable:      32032 kB
SUnreclaim:        77404 kB
KernelStack:       32656 kB
PageTables:        59488 kB
NFS_Unstable:          0 kB
Bounce:                0 kB
WritebackTmp:          0 kB
CommitLimit:     2684136 kB
Committed_AS:   146500764 kB
VmallocTotal:   251658176 kB
VmallocUsed:      332716 kB
VmallocChunk:   247561408 kB
Time pass: 123 sec

---2015-12-03 09:19:26
MemTotal:        2746844 kB
MemFree:          168328 kB
Buffers:            7736 kB
Cached:           720796 kB
SwapCached:         2780 kB
Active:           759652 kB
Inactive:         760460 kB
Active(anon):     375852 kB
Inactive(anon):   435060 kB
Active(file):     383800 kB
Inactive(file):   325400 kB
Unevictable:       35692 kB
Mlocked:           27720 kB
SwapTotal:       1310716 kB
SwapFree:        1209076 kB
Dirty:               124 kB
Writeback:             0 kB
AnonPages:        824544 kB
Mapped:           452648 kB
Shmem:               328 kB
Slab:             109436 kB
SReclaimable:      32032 kB
SUnreclaim:        77404 kB
KernelStack:       32656 kB
PageTables:        59400 kB
NFS_Unstable:          0 kB
Bounce:                0 kB
WritebackTmp:          0 kB
CommitLimit:     2684136 kB
Committed_AS:   146500796 kB
VmallocTotal:   251658176 kB
VmallocUsed:      332716 kB
VmallocChunk:   247561408 kB
Time pass: 126 sec

---2015-12-03 09:19:26
MemTotal:        2746844 kB
MemFree:          155352 kB
Buffers:            7760 kB
Cached:           720964 kB
SwapCached:         2780 kB
Active:           761484 kB
Inactive:         760416 kB
Active(anon):     377464 kB
Inactive(anon):   435028 kB
Active(file):     384020 kB
Inactive(file):   325388 kB
Unevictable:       35692 kB
Mlocked:           27720 kB
SwapTotal:       1310716 kB
SwapFree:        1209076 kB
Dirty:               316 kB
Writeback:             0 kB
AnonPages:        826664 kB
Mapped:           452924 kB
Shmem:               328 kB
Slab:             109416 kB
SReclaimable:      32032 kB
SUnreclaim:        77384 kB
KernelStack:       32672 kB
PageTables:        59336 kB
NFS_Unstable:          0 kB
Bounce:                0 kB
WritebackTmp:          0 kB
CommitLimit:     2684136 kB
Committed_AS:   146501052 kB
VmallocTotal:   251658176 kB
VmallocUsed:      333004 kB
VmallocChunk:   247561408 kB
Time pass: 130 sec

---2015-12-03 09:19:26
MemTotal:        2746844 kB
MemFree:          154192 kB
Buffers:            7760 kB
Cached:           720964 kB
SwapCached:         2780 kB
Active:           761580 kB
Inactive:         760416 kB
Active(anon):     377560 kB
Inactive(anon):   435028 kB
Active(file):     384020 kB
Inactive(file):   325388 kB
Unevictable:       35692 kB
Mlocked:           27720 kB
SwapTotal:       1310716 kB
SwapFree:        1209076 kB
Dirty:               316 kB
Writeback:             0 kB
AnonPages:        826492 kB
Mapped:           453024 kB
Shmem:               328 kB
Slab:             109392 kB
SReclaimable:      32032 kB
SUnreclaim:        77360 kB
KernelStack:       32656 kB
PageTables:        59400 kB
NFS_Unstable:          0 kB
Bounce:                0 kB
WritebackTmp:          0 kB
CommitLimit:     2684136 kB
Committed_AS:   146501052 kB
VmallocTotal:   251658176 kB
VmallocUsed:      333004 kB
VmallocChunk:   247561408 kB
Time pass: 133 sec

---2015-12-03 09:19:26
MemTotal:        2746844 kB
MemFree:          121248 kB
Buffers:            7768 kB
Cached:           720964 kB
SwapCached:         2780 kB
Active:           766380 kB
Inactive:         760304 kB
Active(anon):     382352 kB
Inactive(anon):   434916 kB
Active(file):     384028 kB
Inactive(file):   325388 kB
Unevictable:       35692 kB
Mlocked:           27720 kB
SwapTotal:       1310716 kB
SwapFree:        1209076 kB
Dirty:               480 kB
Writeback:             0 kB
AnonPages:        831096 kB
Mapped:           453104 kB
Shmem:               328 kB
Slab:             109428 kB
SReclaimable:      32032 kB
SUnreclaim:        77396 kB
KernelStack:       32672 kB
PageTables:        59324 kB
NFS_Unstable:          0 kB
Bounce:                0 kB
WritebackTmp:          0 kB
CommitLimit:     2684136 kB
Committed_AS:   146501484 kB
VmallocTotal:   251658176 kB
VmallocUsed:      334000 kB
VmallocChunk:   247561408 kB
Time pass: 137 sec

---2015-12-03 09:19:26
MemTotal:        2746844 kB
MemFree:          120716 kB
Buffers:            7768 kB
Cached:           721004 kB
SwapCached:         2780 kB
Active:           766292 kB
Inactive:         760312 kB
Active(anon):     382260 kB
Inactive(anon):   434888 kB
Active(file):     384032 kB
Inactive(file):   325424 kB
Unevictable:       35692 kB
Mlocked:           27720 kB
SwapTotal:       1310716 kB
SwapFree:        1209076 kB
Dirty:                 0 kB
Writeback:             0 kB
AnonPages:        831360 kB
Mapped:           453392 kB
Shmem:               328 kB
Slab:             109412 kB
SReclaimable:      32032 kB
SUnreclaim:        77380 kB
KernelStack:       32656 kB
PageTables:        59372 kB
NFS_Unstable:          0 kB
Bounce:                0 kB
WritebackTmp:          0 kB
CommitLimit:     2684136 kB
Committed_AS:   146501512 kB
VmallocTotal:   251658176 kB
VmallocUsed:      334000 kB
VmallocChunk:   247561408 kB
Time pass: 141 sec

---2015-12-03 09:19:26
MemTotal:        2746844 kB
MemFree:          119864 kB
Buffers:            7768 kB
Cached:           721004 kB
SwapCached:         2780 kB
Active:           766472 kB
Inactive:         760312 kB
Active(anon):     382440 kB
Inactive(anon):   434888 kB
Active(file):     384032 kB
Inactive(file):   325424 kB
Unevictable:       35692 kB
Mlocked:           27720 kB
SwapTotal:       1310716 kB
SwapFree:        1209076 kB
Dirty:                 0 kB
Writeback:             0 kB
AnonPages:        831108 kB
Mapped:           453476 kB
Shmem:               328 kB
Slab:             109436 kB
SReclaimable:      32032 kB
SUnreclaim:        77404 kB
KernelStack:       32656 kB
PageTables:        59404 kB
NFS_Unstable:          0 kB
Bounce:                0 kB
WritebackTmp:          0 kB
CommitLimit:     2684136 kB
Committed_AS:   146501572 kB
VmallocTotal:   251658176 kB
VmallocUsed:      334000 kB
VmallocChunk:   247561408 kB
Time pass: 144 sec

---2015-12-03 09:19:26
MemTotal:        2746844 kB
MemFree:          110824 kB
Buffers:            7792 kB
Cached:           721236 kB
SwapCached:         2780 kB
Active:           775832 kB
Inactive:         760468 kB
Active(anon):     391728 kB
Inactive(anon):   435048 kB
Active(file):     384104 kB
Inactive(file):   325420 kB
Unevictable:       35692 kB
Mlocked:           27720 kB
SwapTotal:       1310716 kB
SwapFree:        1209076 kB
Dirty:                76 kB
Writeback:             0 kB
AnonPages:        840936 kB
Mapped:           456360 kB
Shmem:               512 kB
Slab:             109544 kB
SReclaimable:      32032 kB
SUnreclaim:        77512 kB
KernelStack:       33136 kB
PageTables:        59488 kB
NFS_Unstable:          0 kB
Bounce:                0 kB
WritebackTmp:          0 kB
CommitLimit:     2684136 kB
Committed_AS:   146517584 kB
VmallocTotal:   251658176 kB
VmallocUsed:      336188 kB
VmallocChunk:   247561408 kB
Time pass: 148 sec

---2015-12-03 09:19:26
MemTotal:        2746844 kB
MemFree:          105348 kB
Buffers:            7824 kB
Cached:           721532 kB
SwapCached:         2780 kB
Active:           780772 kB
Inactive:         760760 kB
Active(anon):     396652 kB
Inactive(anon):   435316 kB
Active(file):     384120 kB
Inactive(file):   325444 kB
Unevictable:       35692 kB
Mlocked:           27720 kB
SwapTotal:       1310716 kB
SwapFree:        1209076 kB
Dirty:                 0 kB
Writeback:             0 kB
AnonPages:        845724 kB
Mapped:           457132 kB
Shmem:               804 kB
Slab:             109548 kB
SReclaimable:      32032 kB
SUnreclaim:        77516 kB
KernelStack:       33152 kB
PageTables:        59560 kB
NFS_Unstable:          0 kB
Bounce:                0 kB
WritebackTmp:          0 kB
CommitLimit:     2684136 kB
Committed_AS:   146521676 kB
VmallocTotal:   251658176 kB
VmallocUsed:      336188 kB
VmallocChunk:   247561408 kB
Time pass: 152 sec

---2015-12-03 09:19:26
MemTotal:        2746844 kB
MemFree:          102476 kB
Buffers:            7824 kB
Cached:           721692 kB
SwapCached:         2780 kB
Active:           783024 kB
Inactive:         760920 kB
Active(anon):     398904 kB
Inactive(anon):   435456 kB
Active(file):     384120 kB
Inactive(file):   325464 kB
Unevictable:       35692 kB
Mlocked:           27720 kB
SwapTotal:       1310716 kB
SwapFree:        1209076 kB
Dirty:                56 kB
Writeback:             0 kB
AnonPages:        847876 kB
Mapped:           457292 kB
Shmem:               944 kB
Slab:             109580 kB
SReclaimable:      32032 kB
SUnreclaim:        77548 kB
KernelStack:       33120 kB
PageTables:        59572 kB
NFS_Unstable:          0 kB
Bounce:                0 kB
WritebackTmp:          0 kB
CommitLimit:     2684136 kB
Committed_AS:   146525808 kB
VmallocTotal:   251658176 kB
VmallocUsed:      336188 kB
VmallocChunk:   247561408 kB
Time pass: 156 sec

---2015-12-03 09:19:26
MemTotal:        2746844 kB
MemFree:          102308 kB
Buffers:            7832 kB
Cached:           721724 kB
SwapCached:         2780 kB
Active:           783560 kB
Inactive:         760928 kB
Active(anon):     399440 kB
Inactive(anon):   435456 kB
Active(file):     384120 kB
Inactive(file):   325472 kB
Unevictable:       35692 kB
Mlocked:           27720 kB
SwapTotal:       1310716 kB
SwapFree:        1209076 kB
Dirty:                44 kB
Writeback:             0 kB
AnonPages:        848220 kB
Mapped:           457388 kB
Shmem:               976 kB
Slab:             109580 kB
SReclaimable:      32032 kB
SUnreclaim:        77548 kB
KernelStack:       33120 kB
PageTables:        59600 kB
NFS_Unstable:          0 kB
Bounce:                0 kB
WritebackTmp:          0 kB
CommitLimit:     2684136 kB
Committed_AS:   146525816 kB
VmallocTotal:   251658176 kB
VmallocUsed:      336188 kB
VmallocChunk:   247561408 kB
Time pass: 159 sec

---2015-12-03 09:19:26
MemTotal:        2746844 kB
MemFree:          102156 kB
Buffers:            7832 kB
Cached:           721732 kB
SwapCached:         2780 kB
Active:           783840 kB
Inactive:         760888 kB
Active(anon):     399716 kB
Inactive(anon):   435420 kB
Active(file):     384124 kB
Inactive(file):   325468 kB
Unevictable:       35692 kB
Mlocked:           27720 kB
SwapTotal:       1310716 kB
SwapFree:        1209076 kB
Dirty:                 4 kB
Writeback:             0 kB
AnonPages:        848492 kB
Mapped:           457388 kB
Shmem:               984 kB
Slab:             109516 kB
SReclaimable:      32032 kB
SUnreclaim:        77484 kB
KernelStack:       33120 kB
PageTables:        59596 kB
NFS_Unstable:          0 kB
Bounce:                0 kB
WritebackTmp:          0 kB
CommitLimit:     2684136 kB
Committed_AS:   146525816 kB
VmallocTotal:   251658176 kB
VmallocUsed:      336188 kB
VmallocChunk:   247561408 kB
Time pass: 163 sec

---2015-12-03 09:19:26
MemTotal:        2746844 kB
MemFree:          101232 kB
Buffers:            7840 kB
Cached:           721768 kB
SwapCached:         2780 kB
Active:           784200 kB
Inactive:         760932 kB
Active(anon):     400076 kB
Inactive(anon):   435464 kB
Active(file):     384124 kB
Inactive(file):   325468 kB
Unevictable:       35692 kB
Mlocked:           27720 kB
SwapTotal:       1310716 kB
SwapFree:        1209076 kB
Dirty:                 4 kB
Writeback:             0 kB
AnonPages:        848700 kB
Mapped:           457512 kB
Shmem:              1028 kB
Slab:             109516 kB
SReclaimable:      32032 kB
SUnreclaim:        77484 kB
KernelStack:       33120 kB
PageTables:        59664 kB
NFS_Unstable:          0 kB
Bounce:                0 kB
WritebackTmp:          0 kB
CommitLimit:     2684136 kB
Committed_AS:   146525800 kB
VmallocTotal:   251658176 kB
VmallocUsed:      336188 kB
VmallocChunk:   247561408 kB
Time pass: 166 sec

---2015-12-03 09:19:26
MemTotal:        2746844 kB
MemFree:          112064 kB
Buffers:            7840 kB
Cached:           721804 kB
SwapCached:         2796 kB
Active:           784344 kB
Inactive:         760980 kB
Active(anon):     400220 kB
Inactive(anon):   435500 kB
Active(file):     384124 kB
Inactive(file):   325480 kB
Unevictable:       35692 kB
Mlocked:           27720 kB
SwapTotal:       1310716 kB
SwapFree:        1209096 kB
Dirty:                16 kB
Writeback:             0 kB
AnonPages:        849116 kB
Mapped:           457508 kB
Shmem:              1068 kB
Slab:             109484 kB
SReclaimable:      32032 kB
SUnreclaim:        77452 kB
KernelStack:       33120 kB
PageTables:        59636 kB
NFS_Unstable:          0 kB
Bounce:                0 kB
WritebackTmp:          0 kB
CommitLimit:     2684136 kB
Committed_AS:   146525808 kB
VmallocTotal:   251658176 kB
VmallocUsed:      336188 kB
VmallocChunk:   247561408 kB
Time pass: 170 sec

---2015-12-03 09:19:26
MemTotal:        2746844 kB
MemFree:          111412 kB
Buffers:            7848 kB
Cached:           721824 kB
SwapCached:         2796 kB
Active:           785148 kB
Inactive:         761000 kB
Active(anon):     401020 kB
Inactive(anon):   435516 kB
Active(file):     384128 kB
Inactive(file):   325484 kB
Unevictable:       35692 kB
Mlocked:           27720 kB
SwapTotal:       1310716 kB
SwapFree:        1209096 kB
Dirty:                12 kB
Writeback:             0 kB
AnonPages:        849656 kB
Mapped:           457580 kB
Shmem:              1072 kB
Slab:             109484 kB
SReclaimable:      32032 kB
SUnreclaim:        77452 kB
KernelStack:       33120 kB
PageTables:        59636 kB
NFS_Unstable:          0 kB
Bounce:                0 kB
WritebackTmp:          0 kB
CommitLimit:     2684136 kB
Committed_AS:   146525808 kB
VmallocTotal:   251658176 kB
VmallocUsed:      336188 kB
VmallocChunk:   247561408 kB
Time pass: 173 sec

---2015-12-03 09:19:26
MemTotal:        2746844 kB
MemFree:          102748 kB
Buffers:            8040 kB
Cached:           722264 kB
SwapCached:         2796 kB
Active:           795192 kB
Inactive:         761248 kB
Active(anon):     410700 kB
Inactive(anon):   435780 kB
Active(file):     384492 kB
Inactive(file):   325468 kB
Unevictable:       35692 kB
Mlocked:           27720 kB
SwapTotal:       1310716 kB
SwapFree:        1209100 kB
Dirty:                48 kB
Writeback:             0 kB
AnonPages:        859612 kB
Mapped:           457816 kB
Shmem:              1356 kB
Slab:             109512 kB
SReclaimable:      32032 kB
SUnreclaim:        77480 kB
KernelStack:       33056 kB
PageTables:        59612 kB
NFS_Unstable:          0 kB
Bounce:                0 kB
WritebackTmp:          0 kB
CommitLimit:     2684136 kB
Committed_AS:   146546740 kB
VmallocTotal:   251658176 kB
VmallocUsed:      339120 kB
VmallocChunk:   247561408 kB
Time pass: 177 sec

---2015-12-03 09:19:26
MemTotal:        2746844 kB
MemFree:           79644 kB
Buffers:            8168 kB
Cached:           734356 kB
SwapCached:         2800 kB
Active:           804080 kB
Inactive:         772984 kB
Active(anon):     419184 kB
Inactive(anon):   435756 kB
Active(file):     384896 kB
Inactive(file):   337228 kB
Unevictable:       35692 kB
Mlocked:           27720 kB
SwapTotal:       1310716 kB
SwapFree:        1209108 kB
Dirty:                92 kB
Writeback:             0 kB
AnonPages:        868248 kB
Mapped:           464008 kB
Shmem:              1356 kB
Slab:             109532 kB
SReclaimable:      32032 kB
SUnreclaim:        77500 kB
KernelStack:       33584 kB
PageTables:        60156 kB
NFS_Unstable:          0 kB
Bounce:                0 kB
WritebackTmp:          0 kB
CommitLimit:     2684136 kB
Committed_AS:   147808088 kB
VmallocTotal:   251658176 kB
VmallocUsed:      340140 kB
VmallocChunk:   247561408 kB
Time pass: 180 sec

---2015-12-03 09:19:26
MemTotal:        2746844 kB
MemFree:           84172 kB
Buffers:            8168 kB
Cached:           734564 kB
SwapCached:         2800 kB
Active:           804284 kB
Inactive:         768492 kB
Active(anon):     415152 kB
Inactive(anon):   435248 kB
Active(file):     389132 kB
Inactive(file):   333244 kB
Unevictable:       35692 kB
Mlocked:           27720 kB
SwapTotal:       1310716 kB
SwapFree:        1209108 kB
Dirty:                36 kB
Writeback:             0 kB
AnonPages:        863732 kB
Mapped:           458292 kB
Shmem:              1368 kB
Slab:             109620 kB
SReclaimable:      32032 kB
SUnreclaim:        77588 kB
KernelStack:       32704 kB
PageTables:        59632 kB
NFS_Unstable:          0 kB
Bounce:                0 kB
WritebackTmp:          0 kB
CommitLimit:     2684136 kB
Committed_AS:   146545920 kB
VmallocTotal:   251658176 kB
VmallocUsed:      339120 kB
VmallocChunk:   247561408 kB
Time pass: 184 sec

---2015-12-03 09:19:26
MemTotal:        2746844 kB
MemFree:           83208 kB
Buffers:            8192 kB
Cached:           734548 kB
SwapCached:         2800 kB
Active:           804356 kB
Inactive:         768500 kB
Active(anon):     415224 kB
Inactive(anon):   435248 kB
Active(file):     389132 kB
Inactive(file):   333252 kB
Unevictable:       35692 kB
Mlocked:           27720 kB
SwapTotal:       1310716 kB
SwapFree:        1209108 kB
Dirty:                72 kB
Writeback:             0 kB
AnonPages:        863292 kB
Mapped:           458292 kB
Shmem:              1368 kB
Slab:             109604 kB
SReclaimable:      32032 kB
SUnreclaim:        77572 kB
KernelStack:       32656 kB
PageTables:        59596 kB
NFS_Unstable:          0 kB
Bounce:                0 kB
WritebackTmp:          0 kB
CommitLimit:     2684136 kB
Committed_AS:   146550044 kB
VmallocTotal:   251658176 kB
VmallocUsed:      339120 kB
VmallocChunk:   247561408 kB
Time pass: 187 sec

---2015-12-03 09:19:26
MemTotal:        2746844 kB
MemFree:           83424 kB
Buffers:            8192 kB
Cached:           734564 kB
SwapCached:         2800 kB
Active:           804452 kB
Inactive:         768516 kB
Active(anon):     415320 kB
Inactive(anon):   435248 kB
Active(file):     389132 kB
Inactive(file):   333268 kB
Unevictable:       35692 kB
Mlocked:           27720 kB
SwapTotal:       1310716 kB
SwapFree:        1209108 kB
Dirty:                80 kB
Writeback:             0 kB
AnonPages:        863912 kB
Mapped:           458292 kB
Shmem:              1368 kB
Slab:             109564 kB
SReclaimable:      32032 kB
SUnreclaim:        77532 kB
KernelStack:       32656 kB
PageTables:        59600 kB
NFS_Unstable:          0 kB
Bounce:                0 kB
WritebackTmp:          0 kB
CommitLimit:     2684136 kB
Committed_AS:   146550020 kB
VmallocTotal:   251658176 kB
VmallocUsed:      339120 kB
VmallocChunk:   247561408 kB
Time pass: 191 sec

---2015-12-03 09:19:26
MemTotal:        2746844 kB
MemFree:           82976 kB
Buffers:            8200 kB
Cached:           734564 kB
SwapCached:         2800 kB
Active:           804880 kB
Inactive:         768524 kB
Active(anon):     415748 kB
Inactive(anon):   435248 kB
Active(file):     389132 kB
Inactive(file):   333276 kB
Unevictable:       35692 kB
Mlocked:           27720 kB
SwapTotal:       1310716 kB
SwapFree:        1209108 kB
Dirty:                32 kB
Writeback:             0 kB
AnonPages:        864236 kB
Mapped:           458292 kB
Shmem:              1368 kB
Slab:             109560 kB
SReclaimable:      32032 kB
SUnreclaim:        77528 kB
KernelStack:       32640 kB
PageTables:        59608 kB
NFS_Unstable:          0 kB
Bounce:                0 kB
WritebackTmp:          0 kB
CommitLimit:     2684136 kB
Committed_AS:   146550004 kB
VmallocTotal:   251658176 kB
VmallocUsed:      339120 kB
VmallocChunk:   247561408 kB
Time pass: 194 sec

---2015-12-03 09:19:26
MemTotal:        2746844 kB
MemFree:           80732 kB
Buffers:            8216 kB
Cached:           734564 kB
SwapCached:         2800 kB
Active:           808292 kB
Inactive:         768532 kB
Active(anon):     419160 kB
Inactive(anon):   435240 kB
Active(file):     389132 kB
Inactive(file):   333292 kB
Unevictable:       35692 kB
Mlocked:           27720 kB
SwapTotal:       1310716 kB
SwapFree:        1209108 kB
Dirty:                 0 kB
Writeback:             0 kB
AnonPages:        867644 kB
Mapped:           458312 kB
Shmem:              1368 kB
Slab:             109600 kB
SReclaimable:      32032 kB
SUnreclaim:        77568 kB
KernelStack:       32608 kB
PageTables:        59612 kB
NFS_Unstable:          0 kB
Bounce:                0 kB
WritebackTmp:          0 kB
CommitLimit:     2684136 kB
Committed_AS:   146554084 kB
VmallocTotal:   251658176 kB
VmallocUsed:      339120 kB
VmallocChunk:   247561408 kB
Time pass: 198 sec

---2015-12-03 09:19:26
MemTotal:        2746844 kB
MemFree:           72932 kB
Buffers:            8272 kB
Cached:           735216 kB
SwapCached:         2800 kB
Active:           820580 kB
Inactive:         763228 kB
Active(anon):     425384 kB
Inactive(anon):   435244 kB
Active(file):     395196 kB
Inactive(file):   327984 kB
Unevictable:       35692 kB
Mlocked:           27720 kB
SwapTotal:       1310716 kB
SwapFree:        1209108 kB
Dirty:               208 kB
Writeback:             0 kB
AnonPages:        873636 kB
Mapped:           458360 kB
Shmem:              1372 kB
Slab:             109540 kB
SReclaimable:      32032 kB
SUnreclaim:        77508 kB
KernelStack:       32672 kB
PageTables:        59620 kB
NFS_Unstable:          0 kB
Bounce:                0 kB
WritebackTmp:          0 kB
CommitLimit:     2684136 kB
Committed_AS:   146554172 kB
VmallocTotal:   251658176 kB
VmallocUsed:      339120 kB
VmallocChunk:   247561408 kB
Time pass: 202 sec

---2015-12-03 09:19:26
MemTotal:        2746844 kB
MemFree:           72784 kB
Buffers:            8272 kB
Cached:           735312 kB
SwapCached:         2800 kB
Active:           819456 kB
Inactive:         763192 kB
Active(anon):     424256 kB
Inactive(anon):   435172 kB
Active(file):     395200 kB
Inactive(file):   328020 kB
Unevictable:       35692 kB
Mlocked:           27720 kB
SwapTotal:       1310716 kB
SwapFree:        1209108 kB
Dirty:                 0 kB
Writeback:             0 kB
AnonPages:        872292 kB
Mapped:           458452 kB
Shmem:              1376 kB
Slab:             109500 kB
SReclaimable:      32032 kB
SUnreclaim:        77468 kB
KernelStack:       32480 kB
PageTables:        59648 kB
NFS_Unstable:          0 kB
Bounce:                0 kB
WritebackTmp:          0 kB
CommitLimit:     2684136 kB
Committed_AS:   146553700 kB
VmallocTotal:   251658176 kB
VmallocUsed:      339120 kB
VmallocChunk:   247561408 kB
Time pass: 206 sec

---2015-12-03 09:19:26
MemTotal:        2746844 kB
MemFree:           73360 kB
Buffers:            8296 kB
Cached:           735312 kB
SwapCached:         2800 kB
Active:           820124 kB
Inactive:         763120 kB
Active(anon):     424924 kB
Inactive(anon):   435076 kB
Active(file):     395200 kB
Inactive(file):   328044 kB
Unevictable:       35692 kB
Mlocked:           27720 kB
SwapTotal:       1310716 kB
SwapFree:        1209108 kB
Dirty:                72 kB
Writeback:             0 kB
AnonPages:        873088 kB
Mapped:           458452 kB
Shmem:              1376 kB
Slab:             109496 kB
SReclaimable:      32032 kB
SUnreclaim:        77464 kB
KernelStack:       32336 kB
PageTables:        59636 kB
NFS_Unstable:          0 kB
Bounce:                0 kB
WritebackTmp:          0 kB
CommitLimit:     2684136 kB
Committed_AS:   146553580 kB
VmallocTotal:   251658176 kB
VmallocUsed:      339120 kB
VmallocChunk:   247561408 kB
Time pass: 209 sec

---2015-12-03 09:19:26
MemTotal:        2746844 kB
MemFree:           72424 kB
Buffers:            8304 kB
Cached:           735512 kB
SwapCached:         2800 kB
Active:           820148 kB
Inactive:         763324 kB
Active(anon):     424944 kB
Inactive(anon):   435196 kB
Active(file):     395204 kB
Inactive(file):   328128 kB
Unevictable:       35692 kB
Mlocked:           27720 kB
SwapTotal:       1310716 kB
SwapFree:        1209108 kB
Dirty:                 0 kB
Writeback:             0 kB
AnonPages:        873124 kB
Mapped:           458664 kB
Shmem:              1496 kB
Slab:             109488 kB
SReclaimable:      32032 kB
SUnreclaim:        77456 kB
KernelStack:       32336 kB
PageTables:        59640 kB
NFS_Unstable:          0 kB
Bounce:                0 kB
WritebackTmp:          0 kB
CommitLimit:     2684136 kB
Committed_AS:   146553620 kB
VmallocTotal:   251658176 kB
VmallocUsed:      339120 kB
VmallocChunk:   247561408 kB
Time pass: 213 sec

---2015-12-03 09:19:26
MemTotal:        2746844 kB
MemFree:           70412 kB
Buffers:            8320 kB
Cached:           735520 kB
SwapCached:         2800 kB
Active:           821312 kB
Inactive:         763340 kB
Active(anon):     426108 kB
Inactive(anon):   435196 kB
Active(file):     395204 kB
Inactive(file):   328144 kB
Unevictable:       35692 kB
Mlocked:           27720 kB
SwapTotal:       1310716 kB
SwapFree:        1209108 kB
Dirty:                40 kB
Writeback:             0 kB
AnonPages:        874372 kB
Mapped:           458664 kB
Shmem:              1496 kB
Slab:             109488 kB
SReclaimable:      32032 kB
SUnreclaim:        77456 kB
KernelStack:       32320 kB
PageTables:        59664 kB
NFS_Unstable:          0 kB
Bounce:                0 kB
WritebackTmp:          0 kB
CommitLimit:     2684136 kB
Committed_AS:   146561748 kB
VmallocTotal:   251658176 kB
VmallocUsed:      339120 kB
VmallocChunk:   247561408 kB
Time pass: 216 sec

---2015-12-03 09:19:26
MemTotal:        2746844 kB
MemFree:           70948 kB
Buffers:            8316 kB
Cached:           733912 kB
SwapCached:         3308 kB
Active:           820640 kB
Inactive:         764928 kB
Active(anon):     426096 kB
Inactive(anon):   436912 kB
Active(file):     394544 kB
Inactive(file):   328016 kB
Unevictable:       35692 kB
Mlocked:           27720 kB
SwapTotal:       1310716 kB
SwapFree:        1207580 kB
Dirty:                20 kB
Writeback:             0 kB
AnonPages:        875816 kB
Mapped:           458236 kB
Shmem:              1496 kB
Slab:             109508 kB
SReclaimable:      32032 kB
SUnreclaim:        77476 kB
KernelStack:       32320 kB
PageTables:        59604 kB
NFS_Unstable:          0 kB
Bounce:                0 kB
WritebackTmp:          0 kB
CommitLimit:     2684136 kB
Committed_AS:   146561576 kB
VmallocTotal:   251658176 kB
VmallocUsed:      339120 kB
VmallocChunk:   247561408 kB
Time pass: 220 sec

---2015-12-03 09:19:26
MemTotal:        2746844 kB
MemFree:           70620 kB
Buffers:            8340 kB
Cached:           734080 kB
SwapCached:         3308 kB
Active:           821100 kB
Inactive:         764860 kB
Active(anon):     426856 kB
Inactive(anon):   437184 kB
Active(file):     394244 kB
Inactive(file):   327676 kB
Unevictable:       35692 kB
Mlocked:           27720 kB
SwapTotal:       1310716 kB
SwapFree:        1207580 kB
Dirty:               108 kB
Writeback:             0 kB
AnonPages:        876736 kB
Mapped:           458020 kB
Shmem:              1512 kB
Slab:             109516 kB
SReclaimable:      32032 kB
SUnreclaim:        77484 kB
KernelStack:       32320 kB
PageTables:        59620 kB
NFS_Unstable:          0 kB
Bounce:                0 kB
WritebackTmp:          0 kB
CommitLimit:     2684136 kB
Committed_AS:   146561688 kB
VmallocTotal:   251658176 kB
VmallocUsed:      339120 kB
VmallocChunk:   247561408 kB
Time pass: 223 sec

---2015-12-03 09:19:26
MemTotal:        2746844 kB
MemFree:           70120 kB
Buffers:            8340 kB
Cached:           734096 kB
SwapCached:         3308 kB
Active:           820648 kB
Inactive:         764872 kB
Active(anon):     426404 kB
Inactive(anon):   437180 kB
Active(file):     394244 kB
Inactive(file):   327692 kB
Unevictable:       35692 kB
Mlocked:           27720 kB
SwapTotal:       1310716 kB
SwapFree:        1207580 kB
Dirty:                80 kB
Writeback:             0 kB
AnonPages:        876132 kB
Mapped:           458104 kB
Shmem:              1512 kB
Slab:             109516 kB
SReclaimable:      32032 kB
SUnreclaim:        77484 kB
KernelStack:       32304 kB
PageTables:        59644 kB
NFS_Unstable:          0 kB
Bounce:                0 kB
WritebackTmp:          0 kB
CommitLimit:     2684136 kB
Committed_AS:   146561664 kB
VmallocTotal:   251658176 kB
VmallocUsed:      339120 kB
VmallocChunk:   247561408 kB
Time pass: 227 sec

---2015-12-03 09:19:26
MemTotal:        2746844 kB
MemFree:           67696 kB
Buffers:            8348 kB
Cached:           735396 kB
SwapCached:         3308 kB
Active:           822456 kB
Inactive:         766040 kB
Active(anon):     428212 kB
Inactive(anon):   437120 kB
Active(file):     394244 kB
Inactive(file):   328920 kB
Unevictable:       35692 kB
Mlocked:           27720 kB
SwapTotal:       1310716 kB
SwapFree:        1207580 kB
Dirty:                32 kB
Writeback:             0 kB
AnonPages:        877484 kB
Mapped:           458256 kB
Shmem:              1572 kB
Slab:             109532 kB
SReclaimable:      32016 kB
SUnreclaim:        77516 kB
KernelStack:       32272 kB
PageTables:        59668 kB
NFS_Unstable:          0 kB
Bounce:                0 kB
WritebackTmp:          0 kB
CommitLimit:     2684136 kB
Committed_AS:   146566948 kB
VmallocTotal:   251658176 kB
VmallocUsed:      339120 kB
VmallocChunk:   247561408 kB
Time pass: 230 sec

---2015-12-03 09:19:26
MemTotal:        2746844 kB
MemFree:           68712 kB
Buffers:            8340 kB
Cached:           734400 kB
SwapCached:         3308 kB
Active:           822216 kB
Inactive:         764836 kB
Active(anon):     428684 kB
Inactive(anon):   436152 kB
Active(file):     393532 kB
Inactive(file):   328684 kB
Unevictable:       35692 kB
Mlocked:           27720 kB
SwapTotal:       1310716 kB
SwapFree:        1206356 kB
Dirty:                56 kB
Writeback:             0 kB
AnonPages:        876932 kB
Mapped:           458292 kB
Shmem:              1772 kB
Slab:             109500 kB
SReclaimable:      32016 kB
SUnreclaim:        77484 kB
KernelStack:       32272 kB
PageTables:        59648 kB
NFS_Unstable:          0 kB
Bounce:                0 kB
WritebackTmp:          0 kB
CommitLimit:     2684136 kB
Committed_AS:   146566908 kB
VmallocTotal:   251658176 kB
VmallocUsed:      339120 kB
VmallocChunk:   247561408 kB
Time pass: 234 sec

---2015-12-03 09:19:26
MemTotal:        2746844 kB
MemFree:           71552 kB
Buffers:            8388 kB
Cached:           732296 kB
SwapCached:         3312 kB
Active:           821764 kB
Inactive:         764568 kB
Active(anon):     430252 kB
Inactive(anon):   436156 kB
Active(file):     391512 kB
Inactive(file):   328412 kB
Unevictable:       35692 kB
Mlocked:           27720 kB
SwapTotal:       1310716 kB
SwapFree:        1204228 kB
Dirty:               104 kB
Writeback:             0 kB
AnonPages:        878912 kB
Mapped:           458056 kB
Shmem:              1772 kB
Slab:             109572 kB
SReclaimable:      32048 kB
SUnreclaim:        77524 kB
KernelStack:       32320 kB
PageTables:        59636 kB
NFS_Unstable:          0 kB
Bounce:                0 kB
WritebackTmp:          0 kB
CommitLimit:     2684136 kB
Committed_AS:   146567488 kB
VmallocTotal:   251658176 kB
VmallocUsed:      339120 kB
VmallocChunk:   247561408 kB
Time pass: 238 sec

---2015-12-03 09:19:26
MemTotal:        2746844 kB
MemFree:           71188 kB
Buffers:            8404 kB
Cached:           732436 kB
SwapCached:         3312 kB
Active:           821988 kB
Inactive:         763868 kB
Active(anon):     430476 kB
Inactive(anon):   435440 kB
Active(file):     391512 kB
Inactive(file):   328428 kB
Unevictable:       35692 kB
Mlocked:           27720 kB
SwapTotal:       1310716 kB
SwapFree:        1204228 kB
Dirty:                 0 kB
Writeback:             0 kB
AnonPages:        878048 kB
Mapped:           458208 kB
Shmem:              1912 kB
Slab:             109604 kB
SReclaimable:      32048 kB
SUnreclaim:        77556 kB
KernelStack:       32320 kB
PageTables:        59708 kB
NFS_Unstable:          0 kB
Bounce:                0 kB
WritebackTmp:          0 kB
CommitLimit:     2684136 kB
Committed_AS:   146576344 kB
VmallocTotal:   251658176 kB
VmallocUsed:      339120 kB
VmallocChunk:   247561408 kB
Time pass: 242 sec

---2015-12-03 09:19:26
MemTotal:        2746844 kB
MemFree:           72532 kB
Buffers:            8412 kB
Cached:           732436 kB
SwapCached:         3312 kB
Active:           821256 kB
Inactive:         763784 kB
Active(anon):     429744 kB
Inactive(anon):   435356 kB
Active(file):     391512 kB
Inactive(file):   328428 kB
Unevictable:       35692 kB
Mlocked:           27720 kB
SwapTotal:       1310716 kB
SwapFree:        1204228 kB
Dirty:                52 kB
Writeback:             0 kB
AnonPages:        877168 kB
Mapped:           458276 kB
Shmem:              1912 kB
Slab:             109600 kB
SReclaimable:      32048 kB
SUnreclaim:        77552 kB
KernelStack:       32272 kB
PageTables:        59668 kB
NFS_Unstable:          0 kB
Bounce:                0 kB
WritebackTmp:          0 kB
CommitLimit:     2684136 kB
Committed_AS:   146567356 kB
VmallocTotal:   251658176 kB
VmallocUsed:      339120 kB
VmallocChunk:   247561408 kB
Time pass: 246 sec

---2015-12-03 09:19:26
MemTotal:        2746844 kB
MemFree:           83320 kB
Buffers:            8428 kB
Cached:           732532 kB
SwapCached:         3312 kB
Active:           814392 kB
Inactive:         763844 kB
Active(anon):     422880 kB
Inactive(anon):   435392 kB
Active(file):     391512 kB
Inactive(file):   328452 kB
Unevictable:       35692 kB
Mlocked:           27720 kB
SwapTotal:       1310716 kB
SwapFree:        1204228 kB
Dirty:                60 kB
Writeback:             0 kB
AnonPages:        870272 kB
Mapped:           458456 kB
Shmem:              2008 kB
Slab:             109600 kB
SReclaimable:      32048 kB
SUnreclaim:        77552 kB
KernelStack:       32272 kB
PageTables:        59700 kB
NFS_Unstable:          0 kB
Bounce:                0 kB
WritebackTmp:          0 kB
CommitLimit:     2684136 kB
Committed_AS:   146567364 kB
VmallocTotal:   251658176 kB
VmallocUsed:      339120 kB
VmallocChunk:   247561408 kB
Time pass: 249 sec

---2015-12-03 09:19:26
MemTotal:        2746844 kB
MemFree:           83568 kB
Buffers:            8436 kB
Cached:           732524 kB
SwapCached:         3312 kB
Active:           814252 kB
Inactive:         763884 kB
Active(anon):     422740 kB
Inactive(anon):   435432 kB
Active(file):     391512 kB
Inactive(file):   328452 kB
Unevictable:       35692 kB
Mlocked:           27720 kB
SwapTotal:       1310716 kB
SwapFree:        1204232 kB
Dirty:                 0 kB
Writeback:             0 kB
AnonPages:        870352 kB
Mapped:           458304 kB
Shmem:              2008 kB
Slab:             109600 kB
SReclaimable:      32048 kB
SUnreclaim:        77552 kB
KernelStack:       32272 kB
PageTables:        59644 kB
NFS_Unstable:          0 kB
Bounce:                0 kB
WritebackTmp:          0 kB
CommitLimit:     2684136 kB
Committed_AS:   146567356 kB
VmallocTotal:   251658176 kB
VmallocUsed:      339120 kB
VmallocChunk:   247561408 kB
Time pass: 253 sec

---2015-12-03 09:19:26
MemTotal:        2746844 kB
MemFree:           76616 kB
Buffers:            8452 kB
Cached:           732532 kB
SwapCached:         3312 kB
Active:           822060 kB
Inactive:         763876 kB
Active(anon):     430532 kB
Inactive(anon):   435416 kB
Active(file):     391528 kB
Inactive(file):   328460 kB
Unevictable:       35692 kB
Mlocked:           27720 kB
SwapTotal:       1310716 kB
SwapFree:        1204232 kB
Dirty:                56 kB
Writeback:             0 kB
AnonPages:        878016 kB
Mapped:           463848 kB
Shmem:              2008 kB
Slab:             109604 kB
SReclaimable:      32048 kB
SUnreclaim:        77556 kB
KernelStack:       32496 kB
PageTables:        60128 kB
NFS_Unstable:          0 kB
Bounce:                0 kB
WritebackTmp:          0 kB
CommitLimit:     2684136 kB
Committed_AS:   147828740 kB
VmallocTotal:   251658176 kB
VmallocUsed:      340140 kB
VmallocChunk:   247561408 kB
Time pass: 257 sec

---2015-12-03 09:19:26
MemTotal:        2746844 kB
MemFree:           80708 kB
Buffers:            8452 kB
Cached:           732532 kB
SwapCached:         3312 kB
Active:           817440 kB
Inactive:         763804 kB
Active(anon):     425916 kB
Inactive(anon):   435340 kB
Active(file):     391524 kB
Inactive(file):   328464 kB
Unevictable:       35692 kB
Mlocked:           27720 kB
SwapTotal:       1310716 kB
SwapFree:        1204232 kB
Dirty:                 0 kB
Writeback:             0 kB
AnonPages:        873464 kB
Mapped:           458320 kB
Shmem:              2008 kB
Slab:             109576 kB
SReclaimable:      32048 kB
SUnreclaim:        77528 kB
KernelStack:       32272 kB
PageTables:        59620 kB
NFS_Unstable:          0 kB
Bounce:                0 kB
WritebackTmp:          0 kB
CommitLimit:     2684136 kB
Committed_AS:   146567296 kB
VmallocTotal:   251658176 kB
VmallocUsed:      339120 kB
VmallocChunk:   247561408 kB
Time pass: 260 sec

---2015-12-03 09:19:26
MemTotal:        2746844 kB
MemFree:           79216 kB
Buffers:            8500 kB
Cached:           732516 kB
SwapCached:         3312 kB
Active:           818152 kB
Inactive:         763832 kB
Active(anon):     426640 kB
Inactive(anon):   435324 kB
Active(file):     391512 kB
Inactive(file):   328508 kB
Unevictable:       35692 kB
Mlocked:           27720 kB
SwapTotal:       1310716 kB
SwapFree:        1204232 kB
Dirty:               160 kB
Writeback:             0 kB
AnonPages:        874072 kB
Mapped:           458388 kB
Shmem:              2008 kB
Slab:             109576 kB
SReclaimable:      32048 kB
SUnreclaim:        77528 kB
KernelStack:       32304 kB
PageTables:        59680 kB
NFS_Unstable:          0 kB
Bounce:                0 kB
WritebackTmp:          0 kB
CommitLimit:     2684136 kB
Committed_AS:   146567356 kB
VmallocTotal:   251658176 kB
VmallocUsed:      339120 kB
VmallocChunk:   247561408 kB
Time pass: 264 sec

---2015-12-03 09:19:26
MemTotal:        2746844 kB
MemFree:           80376 kB
Buffers:            8516 kB
Cached:           732516 kB
SwapCached:         3312 kB
Active:           819040 kB
Inactive:         763836 kB
Active(anon):     427528 kB
Inactive(anon):   435312 kB
Active(file):     391512 kB
Inactive(file):   328524 kB
Unevictable:       35692 kB
Mlocked:           27720 kB
SwapTotal:       1310716 kB
SwapFree:        1204232 kB
Dirty:                72 kB
Writeback:             0 kB
AnonPages:        874924 kB
Mapped:           458304 kB
Shmem:              2008 kB
Slab:             109572 kB
SReclaimable:      32048 kB
SUnreclaim:        77524 kB
KernelStack:       32304 kB
PageTables:        59644 kB
NFS_Unstable:          0 kB
Bounce:                0 kB
WritebackTmp:          0 kB
CommitLimit:     2684136 kB
Committed_AS:   146567356 kB
VmallocTotal:   251658176 kB
VmallocUsed:      339120 kB
VmallocChunk:   247561408 kB
Time pass: 267 sec

---2015-12-03 09:19:26
MemTotal:        2746844 kB
MemFree:           78984 kB
Buffers:            8516 kB
Cached:           732532 kB
SwapCached:         3312 kB
Active:           818868 kB
Inactive:         763840 kB
Active(anon):     427356 kB
Inactive(anon):   435300 kB
Active(file):     391512 kB
Inactive(file):   328540 kB
Unevictable:       35692 kB
Mlocked:           27720 kB
SwapTotal:       1310716 kB
SwapFree:        1204232 kB
Dirty:                 0 kB
Writeback:             0 kB
AnonPages:        874856 kB
Mapped:           458388 kB
Shmem:              2008 kB
Slab:             109572 kB
SReclaimable:      32048 kB
SUnreclaim:        77524 kB
KernelStack:       32304 kB
PageTables:        59672 kB
NFS_Unstable:          0 kB
Bounce:                0 kB
WritebackTmp:          0 kB
CommitLimit:     2684136 kB
Committed_AS:   146567404 kB
VmallocTotal:   251658176 kB
VmallocUsed:      339120 kB
VmallocChunk:   247561408 kB
Time pass: 271 sec

---2015-12-03 09:19:26
MemTotal:        2746844 kB
MemFree:           78532 kB
Buffers:            8524 kB
Cached:           732532 kB
SwapCached:         3312 kB
Active:           819524 kB
Inactive:         763828 kB
Active(anon):     428012 kB
Inactive(anon):   435288 kB
Active(file):     391512 kB
Inactive(file):   328540 kB
Unevictable:       35692 kB
Mlocked:           27720 kB
SwapTotal:       1310716 kB
SwapFree:        1204232 kB
Dirty:                32 kB
Writeback:             0 kB
AnonPages:        875408 kB
Mapped:           458304 kB
Shmem:              2008 kB
Slab:             109580 kB
SReclaimable:      32048 kB
SUnreclaim:        77532 kB
KernelStack:       32304 kB
PageTables:        59648 kB
NFS_Unstable:          0 kB
Bounce:                0 kB
WritebackTmp:          0 kB
CommitLimit:     2684136 kB
Committed_AS:   146567424 kB
VmallocTotal:   251658176 kB
VmallocUsed:      339120 kB
VmallocChunk:   247561408 kB
Time pass: 274 sec

---2015-12-03 09:19:26
MemTotal:        2746844 kB
MemFree:           79380 kB
Buffers:            8524 kB
Cached:           732532 kB
SwapCached:         3312 kB
Active:           820820 kB
Inactive:         763804 kB
Active(anon):     429296 kB
Inactive(anon):   435272 kB
Active(file):     391524 kB
Inactive(file):   328532 kB
Unevictable:       35692 kB
Mlocked:           27720 kB
SwapTotal:       1310716 kB
SwapFree:        1204232 kB
Dirty:                52 kB
Writeback:             0 kB
AnonPages:        876444 kB
Mapped:           458256 kB
Shmem:              2008 kB
Slab:             109580 kB
SReclaimable:      32048 kB
SUnreclaim:        77532 kB
KernelStack:       32272 kB
PageTables:        59652 kB
NFS_Unstable:          0 kB
Bounce:                0 kB
WritebackTmp:          0 kB
CommitLimit:     2684136 kB
Committed_AS:   146567420 kB
VmallocTotal:   251658176 kB
VmallocUsed:      339120 kB
VmallocChunk:   247561408 kB
Time pass: 278 sec

---2015-12-03 09:19:26
MemTotal:        2746844 kB
MemFree:           79188 kB
Buffers:            8532 kB
Cached:           732532 kB
SwapCached:         3312 kB
Active:           820520 kB
Inactive:         763800 kB
Active(anon):     428996 kB
Inactive(anon):   435264 kB
Active(file):     391524 kB
Inactive(file):   328536 kB
Unevictable:       35692 kB
Mlocked:           27720 kB
SwapTotal:       1310716 kB
SwapFree:        1204232 kB
Dirty:                40 kB
Writeback:             0 kB
AnonPages:        875948 kB
Mapped:           458288 kB
Shmem:              2008 kB
Slab:             109572 kB
SReclaimable:      32048 kB
SUnreclaim:        77524 kB
KernelStack:       32288 kB
PageTables:        59656 kB
NFS_Unstable:          0 kB
Bounce:                0 kB
WritebackTmp:          0 kB
CommitLimit:     2684136 kB
Committed_AS:   146567368 kB
VmallocTotal:   251658176 kB
VmallocUsed:      339120 kB
VmallocChunk:   247561408 kB
Time pass: 281 sec

---2015-12-03 09:19:26
MemTotal:        2746844 kB
MemFree:           79240 kB
Buffers:            8548 kB
Cached:           732532 kB
SwapCached:         3312 kB
Active:           821516 kB
Inactive:         763812 kB
Active(anon):     429992 kB
Inactive(anon):   435252 kB
Active(file):     391524 kB
Inactive(file):   328560 kB
Unevictable:       35692 kB
Mlocked:           27720 kB
SwapTotal:       1310716 kB
SwapFree:        1204232 kB
Dirty:                64 kB
Writeback:             0 kB
AnonPages:        876896 kB
Mapped:           458296 kB
Shmem:              2008 kB
Slab:             109572 kB
SReclaimable:      32048 kB
SUnreclaim:        77524 kB
KernelStack:       32288 kB
PageTables:        59656 kB
NFS_Unstable:          0 kB
Bounce:                0 kB
WritebackTmp:          0 kB
CommitLimit:     2684136 kB
Committed_AS:   146567344 kB
VmallocTotal:   251658176 kB
VmallocUsed:      339120 kB
VmallocChunk:   247561408 kB
Time pass: 285 sec

---2015-12-03 09:19:26
MemTotal:        2746844 kB
MemFree:           77892 kB
Buffers:            8548 kB
Cached:           732532 kB
SwapCached:         3312 kB
Active:           820820 kB
Inactive:         763824 kB
Active(anon):     429308 kB
Inactive(anon):   435252 kB
Active(file):     391512 kB
Inactive(file):   328572 kB
Unevictable:       35692 kB
Mlocked:           27720 kB
SwapTotal:       1310716 kB
SwapFree:        1204244 kB
Dirty:                 0 kB
Writeback:             0 kB
AnonPages:        876644 kB
Mapped:           458388 kB
Shmem:              2008 kB
Slab:             109572 kB
SReclaimable:      32048 kB
SUnreclaim:        77524 kB
KernelStack:       32304 kB
PageTables:        59676 kB
NFS_Unstable:          0 kB
Bounce:                0 kB
WritebackTmp:          0 kB
CommitLimit:     2684136 kB
Committed_AS:   146567340 kB
VmallocTotal:   251658176 kB
VmallocUsed:      339120 kB
VmallocChunk:   247561408 kB
Time pass: 288 sec

---2015-12-03 09:19:26
MemTotal:        2746844 kB
MemFree:           77552 kB
Buffers:            8556 kB
Cached:           732532 kB
SwapCached:         3312 kB
Active:           821840 kB
Inactive:         763796 kB
Active(anon):     430328 kB
Inactive(anon):   435216 kB
Active(file):     391512 kB
Inactive(file):   328580 kB
Unevictable:       35692 kB
Mlocked:           27720 kB
SwapTotal:       1310716 kB
SwapFree:        1204244 kB
Dirty:                32 kB
Writeback:             0 kB
AnonPages:        877012 kB
Mapped:           458388 kB
Shmem:              2008 kB
Slab:             109572 kB
SReclaimable:      32048 kB
SUnreclaim:        77524 kB
KernelStack:       32320 kB
PageTables:        59672 kB
NFS_Unstable:          0 kB
Bounce:                0 kB
WritebackTmp:          0 kB
CommitLimit:     2684136 kB
Committed_AS:   146567356 kB
VmallocTotal:   251658176 kB
VmallocUsed:      339120 kB
VmallocChunk:   247561408 kB
Time pass: 292 sec

---2015-12-03 09:19:26
MemTotal:        2746844 kB
MemFree:           74536 kB
Buffers:            8556 kB
Cached:           732528 kB
SwapCached:         3312 kB
Active:           825332 kB
Inactive:         763760 kB
Active(anon):     433812 kB
Inactive(anon):   435188 kB
Active(file):     391520 kB
Inactive(file):   328572 kB
Unevictable:       35692 kB
Mlocked:           27720 kB
SwapTotal:       1310716 kB
SwapFree:        1204244 kB
Dirty:                48 kB
Writeback:             0 kB
AnonPages:        880792 kB
Mapped:           458364 kB
Shmem:              2008 kB
Slab:             109588 kB
SReclaimable:      32048 kB
SUnreclaim:        77540 kB
KernelStack:       32512 kB
PageTables:        59696 kB
NFS_Unstable:          0 kB
Bounce:                0 kB
WritebackTmp:          0 kB
CommitLimit:     2684136 kB
Committed_AS:   146568432 kB
VmallocTotal:   251658176 kB
VmallocUsed:      340140 kB
VmallocChunk:   247561408 kB
Time pass: 295 sec

---2015-12-03 09:19:26
MemTotal:        2746844 kB
MemFree:           72884 kB
Buffers:            8556 kB
Cached:           733420 kB
SwapCached:         3312 kB
Active:           825680 kB
Inactive:         764652 kB
Active(anon):     434160 kB
Inactive(anon):   435276 kB
Active(file):     391520 kB
Inactive(file):   329376 kB
Unevictable:       35692 kB
Mlocked:           27720 kB
SwapTotal:       1310716 kB
SwapFree:        1204244 kB
Dirty:                16 kB
Writeback:             0 kB
AnonPages:        881416 kB
Mapped:           458476 kB
Shmem:              2096 kB
Slab:             109580 kB
SReclaimable:      32048 kB
SUnreclaim:        77532 kB
KernelStack:       32304 kB
PageTables:        59696 kB
NFS_Unstable:          0 kB
Bounce:                0 kB
WritebackTmp:          0 kB
CommitLimit:     2684136 kB
Committed_AS:   146567400 kB
VmallocTotal:   251658176 kB
VmallocUsed:      339120 kB
VmallocChunk:   247561408 kB
Time pass: 299 sec

---2015-12-03 09:19:26
MemTotal:        2746844 kB
MemFree:           73040 kB
Buffers:            8564 kB
Cached:           733424 kB
SwapCached:         3312 kB
Active:           824800 kB
Inactive:         764628 kB
Active(anon):     433288 kB
Inactive(anon):   435236 kB
Active(file):     391512 kB
Inactive(file):   329392 kB
Unevictable:       35692 kB
Mlocked:           27720 kB
SwapTotal:       1310716 kB
SwapFree:        1204244 kB
Dirty:                56 kB
Writeback:             0 kB
AnonPages:        880028 kB
Mapped:           458576 kB
Shmem:              2096 kB
Slab:             109572 kB
SReclaimable:      32048 kB
SUnreclaim:        77524 kB
KernelStack:       32320 kB
PageTables:        59752 kB
NFS_Unstable:          0 kB
Bounce:                0 kB
WritebackTmp:          0 kB
CommitLimit:     2684136 kB
Committed_AS:   146567464 kB
VmallocTotal:   251658176 kB
VmallocUsed:      339120 kB
VmallocChunk:   247561408 kB
Time pass: 302 sec

---2015-12-03 09:19:26
MemTotal:        2746844 kB
MemFree:           74436 kB
Buffers:            8564 kB
Cached:           733424 kB
SwapCached:         3312 kB
Active:           823520 kB
Inactive:         764628 kB
Active(anon):     432008 kB
Inactive(anon):   435236 kB
Active(file):     391512 kB
Inactive(file):   329392 kB
Unevictable:       35692 kB
Mlocked:           27720 kB
SwapTotal:       1310716 kB
SwapFree:        1204244 kB
Dirty:                56 kB
Writeback:             0 kB
AnonPages:        879020 kB
Mapped:           458496 kB
Shmem:              2096 kB
Slab:             109572 kB
SReclaimable:      32048 kB
SUnreclaim:        77524 kB
KernelStack:       32304 kB
PageTables:        59672 kB
NFS_Unstable:          0 kB
Bounce:                0 kB
WritebackTmp:          0 kB
CommitLimit:     2684136 kB
Committed_AS:   146567352 kB
VmallocTotal:   251658176 kB
VmallocUsed:      339120 kB
VmallocChunk:   247561408 kB
Time pass: 306 sec

---2015-12-03 09:19:26
MemTotal:        2746844 kB
MemFree:           74328 kB
Buffers:            8588 kB
Cached:           733424 kB
SwapCached:         3312 kB
Active:           823664 kB
Inactive:         764652 kB
Active(anon):     432152 kB
Inactive(anon):   435236 kB
Active(file):     391512 kB
Inactive(file):   329416 kB
Unevictable:       35692 kB
Mlocked:           27720 kB
SwapTotal:       1310716 kB
SwapFree:        1204244 kB
Dirty:                60 kB
Writeback:             0 kB
AnonPages:        879172 kB
Mapped:           458496 kB
Shmem:              2096 kB
Slab:             109572 kB
SReclaimable:      32048 kB
SUnreclaim:        77524 kB
KernelStack:       32304 kB
PageTables:        59672 kB
NFS_Unstable:          0 kB
Bounce:                0 kB
WritebackTmp:          0 kB
CommitLimit:     2684136 kB
Committed_AS:   146567356 kB
VmallocTotal:   251658176 kB
VmallocUsed:      339120 kB
VmallocChunk:   247561408 kB
Time pass: 309 sec

---2015-12-03 09:19:26
MemTotal:        2746844 kB
MemFree:           72720 kB
Buffers:            8596 kB
Cached:           733416 kB
SwapCached:         3312 kB
Active:           825280 kB
Inactive:         764616 kB
Active(anon):     433768 kB
Inactive(anon):   435200 kB
Active(file):     391512 kB
Inactive(file):   329416 kB
Unevictable:       35692 kB
Mlocked:           27720 kB
SwapTotal:       1310716 kB
SwapFree:        1204244 kB
Dirty:                 0 kB
Writeback:             0 kB
AnonPages:        881248 kB
Mapped:           461328 kB
Shmem:              2096 kB
Slab:             109564 kB
SReclaimable:      32048 kB
SUnreclaim:        77516 kB
KernelStack:       32304 kB
PageTables:        59964 kB
NFS_Unstable:          0 kB
Bounce:                0 kB
WritebackTmp:          0 kB
CommitLimit:     2684136 kB
Committed_AS:   147818204 kB
VmallocTotal:   251658176 kB
VmallocUsed:      340140 kB
VmallocChunk:   247561408 kB
Time pass: 313 sec

---2015-12-03 09:19:26
MemTotal:        2746844 kB
MemFree:           74984 kB
Buffers:            8612 kB
Cached:           733468 kB
SwapCached:         3312 kB
Active:           823732 kB
Inactive:         764632 kB
Active(anon):     432208 kB
Inactive(anon):   435160 kB
Active(file):     391524 kB
Inactive(file):   329472 kB
Unevictable:       35692 kB
Mlocked:           27720 kB
SwapTotal:       1310716 kB
SwapFree:        1204244 kB
Dirty:               100 kB
Writeback:             0 kB
AnonPages:        879440 kB
Mapped:           458348 kB
Shmem:              2096 kB
Slab:             109632 kB
SReclaimable:      32048 kB
SUnreclaim:        77584 kB
KernelStack:       32272 kB
PageTables:        59624 kB
NFS_Unstable:          0 kB
Bounce:                0 kB
WritebackTmp:          0 kB
CommitLimit:     2684136 kB
Committed_AS:   146567184 kB
VmallocTotal:   251658176 kB
VmallocUsed:      339120 kB
VmallocChunk:   247561408 kB
Time pass: 316 sec

---2015-12-03 09:19:26
MemTotal:        2746844 kB
MemFree:           75616 kB
Buffers:            8612 kB
Cached:           733468 kB
SwapCached:         3312 kB
Active:           823076 kB
Inactive:         764644 kB
Active(anon):     431564 kB
Inactive(anon):   435160 kB
Active(file):     391512 kB
Inactive(file):   329484 kB
Unevictable:       35692 kB
Mlocked:           27720 kB
SwapTotal:       1310716 kB
SwapFree:        1204244 kB
Dirty:                 0 kB
Writeback:             0 kB
AnonPages:        878632 kB
Mapped:           458448 kB
Shmem:              2096 kB
Slab:             109632 kB
SReclaimable:      32048 kB
SUnreclaim:        77584 kB
KernelStack:       32304 kB
PageTables:        59652 kB
NFS_Unstable:          0 kB
Bounce:                0 kB
WritebackTmp:          0 kB
CommitLimit:     2684136 kB
Committed_AS:   146567348 kB
VmallocTotal:   251658176 kB
VmallocUsed:      339120 kB
VmallocChunk:   247561408 kB
Time pass: 320 sec

---2015-12-03 09:19:26
MemTotal:        2746844 kB
MemFree:           75248 kB
Buffers:            8660 kB
Cached:           733572 kB
SwapCached:         3312 kB
Active:           823532 kB
Inactive:         764792 kB
Active(anon):     432020 kB
Inactive(anon):   435156 kB
Active(file):     391512 kB
Inactive(file):   329636 kB
Unevictable:       35692 kB
Mlocked:           27720 kB
SwapTotal:       1310716 kB
SwapFree:        1204244 kB
Dirty:               132 kB
Writeback:             0 kB
AnonPages:        879280 kB
Mapped:           458452 kB
Shmem:              2096 kB
Slab:             109624 kB
SReclaimable:      32048 kB
SUnreclaim:        77576 kB
KernelStack:       32336 kB
PageTables:        59652 kB
NFS_Unstable:          0 kB
Bounce:                0 kB
WritebackTmp:          0 kB
CommitLimit:     2684136 kB
Committed_AS:   146567452 kB
VmallocTotal:   251658176 kB
VmallocUsed:      339120 kB
VmallocChunk:   247561408 kB
Time pass: 324 sec

---2015-12-03 09:19:26
MemTotal:        2746844 kB
MemFree:           73252 kB
Buffers:            8660 kB
Cached:           733588 kB
SwapCached:         3312 kB
Active:           824952 kB
Inactive:         764728 kB
Active(anon):     433436 kB
Inactive(anon):   435080 kB
Active(file):     391516 kB
Inactive(file):   329648 kB
Unevictable:       35692 kB
Mlocked:           27720 kB
SwapTotal:       1310716 kB
SwapFree:        1204244 kB
Dirty:                 0 kB
Writeback:             0 kB
AnonPages:        880568 kB
Mapped:           458452 kB
Shmem:              2096 kB
Slab:             109660 kB
SReclaimable:      32048 kB
SUnreclaim:        77612 kB
KernelStack:       32352 kB
PageTables:        59652 kB
NFS_Unstable:          0 kB
Bounce:                0 kB
WritebackTmp:          0 kB
CommitLimit:     2684136 kB
Committed_AS:   146567428 kB
VmallocTotal:   251658176 kB
VmallocUsed:      339120 kB
VmallocChunk:   247561408 kB
Time pass: 327 sec

---2015-12-03 09:19:26
MemTotal:        2746844 kB
MemFree:           72608 kB
Buffers:            8668 kB
Cached:           733588 kB
SwapCached:         3312 kB
Active:           825840 kB
Inactive:         764736 kB
Active(anon):     434324 kB
Inactive(anon):   435080 kB
Active(file):     391516 kB
Inactive(file):   329656 kB
Unevictable:       35692 kB
Mlocked:           27720 kB
SwapTotal:       1310716 kB
SwapFree:        1204244 kB
Dirty:                32 kB
Writeback:             0 kB
AnonPages:        881164 kB
Mapped:           458536 kB
Shmem:              2096 kB
Slab:             109612 kB
SReclaimable:      32048 kB
SUnreclaim:        77564 kB
KernelStack:       32336 kB
PageTables:        59680 kB
NFS_Unstable:          0 kB
Bounce:                0 kB
WritebackTmp:          0 kB
CommitLimit:     2684136 kB
Committed_AS:   146567404 kB
VmallocTotal:   251658176 kB
VmallocUsed:      339120 kB
VmallocChunk:   247561408 kB
Time pass: 331 sec

---2015-12-03 09:19:26
MemTotal:        2746844 kB
MemFree:           72792 kB
Buffers:            8680 kB
Cached:           733656 kB
SwapCached:         3312 kB
Active:           821220 kB
Inactive:         768584 kB
Active(anon):     429960 kB
Inactive(anon):   437836 kB
Active(file):     391260 kB
Inactive(file):   330748 kB
Unevictable:       35692 kB
Mlocked:           27720 kB
SwapTotal:       1310716 kB
SwapFree:        1202896 kB
Dirty:                80 kB
Writeback:             0 kB
AnonPages:        879556 kB
Mapped:           458564 kB
Shmem:              2088 kB
Slab:             109576 kB
SReclaimable:      32048 kB
SUnreclaim:        77528 kB
KernelStack:       32320 kB
PageTables:        59660 kB
NFS_Unstable:          0 kB
Bounce:                0 kB
WritebackTmp:          0 kB
CommitLimit:     2684136 kB
Committed_AS:   146560836 kB
VmallocTotal:   251658176 kB
VmallocUsed:      339120 kB
VmallocChunk:   247561408 kB
Time pass: 334 sec

---2015-12-03 09:19:26
MemTotal:        2746844 kB
MemFree:           84176 kB
Buffers:            8688 kB
Cached:           733576 kB
SwapCached:         3312 kB
Active:           809956 kB
Inactive:         767588 kB
Active(anon):     419112 kB
Inactive(anon):   437244 kB
Active(file):     390844 kB
Inactive(file):   330344 kB
Unevictable:       35692 kB
Mlocked:           27720 kB
SwapTotal:       1310716 kB
SwapFree:        1202896 kB
Dirty:               108 kB
Writeback:             0 kB
AnonPages:        867844 kB
Mapped:           458440 kB
Shmem:              2088 kB
Slab:             109572 kB
SReclaimable:      32048 kB
SUnreclaim:        77524 kB
KernelStack:       32336 kB
PageTables:        59664 kB
NFS_Unstable:          0 kB
Bounce:                0 kB
WritebackTmp:          0 kB
CommitLimit:     2684136 kB
Committed_AS:   146560812 kB
VmallocTotal:   251658176 kB
VmallocUsed:      339120 kB
VmallocChunk:   247561408 kB
Time pass: 338 sec

---2015-12-03 09:19:26
MemTotal:        2746844 kB
MemFree:           83472 kB
Buffers:            8704 kB
Cached:           733576 kB
SwapCached:         3312 kB
Active:           810440 kB
Inactive:         767596 kB
Active(anon):     419596 kB
Inactive(anon):   437244 kB
Active(file):     390844 kB
Inactive(file):   330352 kB
Unevictable:       35692 kB
Mlocked:           27720 kB
SwapTotal:       1310716 kB
SwapFree:        1202896 kB
Dirty:                60 kB
Writeback:             0 kB
AnonPages:        868732 kB
Mapped:           458440 kB
Shmem:              2088 kB
Slab:             109564 kB
SReclaimable:      32048 kB
SUnreclaim:        77516 kB
KernelStack:       32336 kB
PageTables:        59660 kB
NFS_Unstable:          0 kB
Bounce:                0 kB
WritebackTmp:          0 kB
CommitLimit:     2684136 kB
Committed_AS:   146560820 kB
VmallocTotal:   251658176 kB
VmallocUsed:      339120 kB
VmallocChunk:   247561408 kB
Time pass: 341 sec

---2015-12-03 09:19:26
MemTotal:        2746844 kB
MemFree:           82092 kB
Buffers:            8712 kB
Cached:           733576 kB
SwapCached:         3312 kB
Active:           811680 kB
Inactive:         767604 kB
Active(anon):     420836 kB
Inactive(anon):   437244 kB
Active(file):     390844 kB
Inactive(file):   330360 kB
Unevictable:       35692 kB
Mlocked:           27720 kB
SwapTotal:       1310716 kB
SwapFree:        1202896 kB
Dirty:                 0 kB
Writeback:             0 kB
AnonPages:        869880 kB
Mapped:           458524 kB
Shmem:              2088 kB
Slab:             109564 kB
SReclaimable:      32048 kB
SUnreclaim:        77516 kB
KernelStack:       32336 kB
PageTables:        59692 kB
NFS_Unstable:          0 kB
Bounce:                0 kB
WritebackTmp:          0 kB
CommitLimit:     2684136 kB
Committed_AS:   146560812 kB
VmallocTotal:   251658176 kB
VmallocUsed:      339120 kB
VmallocChunk:   247561408 kB
Time pass: 345 sec

---2015-12-03 09:19:26
MemTotal:        2746844 kB
MemFree:           80540 kB
Buffers:            8728 kB
Cached:           733920 kB
SwapCached:         3312 kB
Active:           813212 kB
Inactive:         767904 kB
Active(anon):     422368 kB
Inactive(anon):   437520 kB
Active(file):     390844 kB
Inactive(file):   330384 kB
Unevictable:       35692 kB
Mlocked:           27720 kB
SwapTotal:       1310716 kB
SwapFree:        1202896 kB
Dirty:                44 kB
Writeback:             0 kB
AnonPages:        871576 kB
Mapped:           458784 kB
Shmem:              2432 kB
Slab:             109564 kB
SReclaimable:      32048 kB
SUnreclaim:        77516 kB
KernelStack:       32352 kB
PageTables:        59660 kB
NFS_Unstable:          0 kB
Bounce:                0 kB
WritebackTmp:          0 kB
CommitLimit:     2684136 kB
Committed_AS:   146560780 kB
VmallocTotal:   251658176 kB
VmallocUsed:      339120 kB
VmallocChunk:   247561408 kB
Time pass: 349 sec

---2015-12-03 09:19:26
MemTotal:        2746844 kB
MemFree:           79612 kB
Buffers:            8728 kB
Cached:           733928 kB
SwapCached:         3312 kB
Active:           813156 kB
Inactive:         767952 kB
Active(anon):     422304 kB
Inactive(anon):   437564 kB
Active(file):     390852 kB
Inactive(file):   330388 kB
Unevictable:       35692 kB
Mlocked:           27720 kB
SwapTotal:       1310716 kB
SwapFree:        1203132 kB
Dirty:                16 kB
Writeback:             0 kB
AnonPages:        871336 kB
Mapped:           458548 kB
Shmem:              2432 kB
Slab:             109564 kB
SReclaimable:      32048 kB
SUnreclaim:        77516 kB
KernelStack:       32576 kB
PageTables:        59536 kB
NFS_Unstable:          0 kB
Bounce:                0 kB
WritebackTmp:          0 kB
CommitLimit:     2684136 kB
Committed_AS:   146552352 kB
VmallocTotal:   251658176 kB
VmallocUsed:      339120 kB
VmallocChunk:   247561408 kB
Time pass: 352 sec

---2015-12-03 09:19:26
MemTotal:        2746844 kB
MemFree:           78744 kB
Buffers:            8752 kB
Cached:           733928 kB
SwapCached:         3312 kB
Active:           814144 kB
Inactive:         767976 kB
Active(anon):     423292 kB
Inactive(anon):   437564 kB
Active(file):     390852 kB
Inactive(file):   330412 kB
Unevictable:       35692 kB
Mlocked:           27720 kB
SwapTotal:       1310716 kB
SwapFree:        1203132 kB
Dirty:                96 kB
Writeback:             0 kB
AnonPages:        872396 kB
Mapped:           458488 kB
Shmem:              2432 kB
Slab:             109564 kB
SReclaimable:      32048 kB
SUnreclaim:        77516 kB
KernelStack:       32288 kB
