---2015-12-05 14:07:44
MemTotal:        2905316 kB
MemFree:           73984 kB
Buffers:           27724 kB
Cached:          1380568 kB
SwapCached:            0 kB
Active:          1308984 kB
Inactive:        1024204 kB
Active(anon):     791028 kB
Inactive(anon):   180280 kB
Active(file):     517956 kB
Inactive(file):   843924 kB
Unevictable:        7800 kB
Mlocked:               0 kB
SwapTotal:        720184 kB
SwapFree:         720184 kB
Dirty:               268 kB
Writeback:             0 kB
AnonPages:        932780 kB
Mapped:           564492 kB
Shmem:             38612 kB
Slab:             120404 kB
SReclaimable:      36452 kB
SUnreclaim:        83952 kB
KernelStack:       33344 kB
PageTables:        58548 kB
NFS_Unstable:          0 kB
Bounce:                0 kB
WritebackTmp:          0 kB
CommitLimit:     2172840 kB
Committed_AS:   98137512 kB
VmallocTotal:   251658176 kB
VmallocUsed:      140780 kB
VmallocChunk:   251435052 kB
Time pass: 4 sec

---2015-12-05 14:07:44
MemTotal:        2905316 kB
MemFree:          101784 kB
Buffers:           27724 kB
Cached:          1380608 kB
SwapCached:            0 kB
Active:          1286868 kB
Inactive:        1020364 kB
Active(anon):     765040 kB
Inactive(anon):   180272 kB
Active(file):     521828 kB
Inactive(file):   840092 kB
Unevictable:        7800 kB
Mlocked:               0 kB
SwapTotal:        720184 kB
SwapFree:         720184 kB
Dirty:                32 kB
Writeback:             0 kB
AnonPages:        906884 kB
Mapped:           556248 kB
Shmem:             38604 kB
Slab:             120356 kB
SReclaimable:      36292 kB
SUnreclaim:        84064 kB
KernelStack:       32560 kB
PageTables:        57372 kB
NFS_Unstable:          0 kB
Bounce:                0 kB
WritebackTmp:          0 kB
CommitLimit:     2172840 kB
Committed_AS:   95108552 kB
VmallocTotal:   251658176 kB
VmallocUsed:      138740 kB
VmallocChunk:   251435052 kB
Time pass: 8 sec

---2015-12-05 14:07:44
MemTotal:        2905316 kB
MemFree:          109360 kB
Buffers:           27732 kB
Cached:          1380624 kB
SwapCached:            0 kB
Active:          1280048 kB
Inactive:        1020388 kB
Active(anon):     758212 kB
Inactive(anon):   180272 kB
Active(file):     521836 kB
Inactive(file):   840116 kB
Unevictable:        7800 kB
Mlocked:               0 kB
SwapTotal:        720184 kB
SwapFree:         720184 kB
Dirty:                 0 kB
Writeback:             0 kB
AnonPages:        899992 kB
Mapped:           556248 kB
Shmem:             38604 kB
Slab:             120336 kB
SReclaimable:      36292 kB
SUnreclaim:        84044 kB
KernelStack:       32464 kB
PageTables:        57376 kB
NFS_Unstable:          0 kB
Bounce:                0 kB
WritebackTmp:          0 kB
CommitLimit:     2172840 kB
Committed_AS:   95108508 kB
VmallocTotal:   251658176 kB
VmallocUsed:      138740 kB
VmallocChunk:   251435052 kB
Time pass: 12 sec

---2015-12-05 14:07:44
MemTotal:        2905316 kB
MemFree:          110040 kB
Buffers:           28096 kB
Cached:          1382268 kB
SwapCached:            0 kB
Active:          1278428 kB
Inactive:        1022080 kB
Active(anon):     756292 kB
Inactive(anon):   180272 kB
Active(file):     522136 kB
Inactive(file):   841808 kB
Unevictable:        7800 kB
Mlocked:               0 kB
SwapTotal:        720184 kB
SwapFree:         720184 kB
Dirty:               180 kB
Writeback:             0 kB
AnonPages:        898000 kB
Mapped:           555964 kB
Shmem:             38604 kB
Slab:             120384 kB
SReclaimable:      36292 kB
SUnreclaim:        84092 kB
KernelStack:       32368 kB
PageTables:        56144 kB
NFS_Unstable:          0 kB
Bounce:                0 kB
WritebackTmp:          0 kB
CommitLimit:     2172840 kB
Committed_AS:   92611108 kB
VmallocTotal:   251658176 kB
VmallocUsed:      136700 kB
VmallocChunk:   251435052 kB
Time pass: 16 sec

---2015-12-05 14:07:44
MemTotal:        2905316 kB
MemFree:           68284 kB
Buffers:           28804 kB
Cached:          1344160 kB
SwapCached:            0 kB
Active:          1297876 kB
Inactive:         988536 kB
Active(anon):     768212 kB
Inactive(anon):   191800 kB
Active(file):     529664 kB
Inactive(file):   796736 kB
Unevictable:        7800 kB
Mlocked:               0 kB
SwapTotal:        720184 kB
SwapFree:         720184 kB
Dirty:              1496 kB
Writeback:             0 kB
AnonPages:        921656 kB
Mapped:           566120 kB
Shmem:             38616 kB
Slab:             119820 kB
SReclaimable:      35768 kB
SUnreclaim:        84052 kB
KernelStack:       33232 kB
PageTables:        57168 kB
NFS_Unstable:          0 kB
Bounce:                0 kB
WritebackTmp:          0 kB
CommitLimit:     2172840 kB
Committed_AS:   93410584 kB
VmallocTotal:   251658176 kB
VmallocUsed:      137668 kB
VmallocChunk:   251424812 kB
Time pass: 20 sec

---2015-12-05 14:07:44
MemTotal:        2905316 kB
MemFree:           63760 kB
Buffers:           25204 kB
Cached:          1242628 kB
SwapCached:            0 kB
Active:          1304744 kB
Inactive:         884360 kB
Active(anon):     771872 kB
Inactive(anon):   196024 kB
Active(file):     532872 kB
Inactive(file):   688336 kB
Unevictable:        7800 kB
Mlocked:               0 kB
SwapTotal:        720184 kB
SwapFree:         720184 kB
Dirty:               172 kB
Writeback:             0 kB
AnonPages:        929212 kB
Mapped:           645744 kB
Shmem:             38736 kB
Slab:             120440 kB
SReclaimable:      36316 kB
SUnreclaim:        84124 kB
KernelStack:       33696 kB
PageTables:        57384 kB
NFS_Unstable:          0 kB
Bounce:                0 kB
WritebackTmp:          0 kB
CommitLimit:     2172840 kB
Committed_AS:   93439160 kB
VmallocTotal:   251658176 kB
VmallocUsed:      138552 kB
VmallocChunk:   251424812 kB
Time pass: 24 sec

---2015-12-05 14:07:44
MemTotal:        2905316 kB
MemFree:           98436 kB
Buffers:           25212 kB
Cached:          1233524 kB
SwapCached:            0 kB
Active:          1282300 kB
Inactive:         873404 kB
Active(anon):     749416 kB
Inactive(anon):   190276 kB
Active(file):     532884 kB
Inactive(file):   683128 kB
Unevictable:        7800 kB
Mlocked:               0 kB
SwapTotal:        720184 kB
SwapFree:         720184 kB
Dirty:               100 kB
Writeback:             0 kB
AnonPages:        904748 kB
Mapped:           628892 kB
Shmem:             34908 kB
Slab:             120620 kB
SReclaimable:      36332 kB
SUnreclaim:        84288 kB
KernelStack:       33648 kB
PageTables:        57172 kB
NFS_Unstable:          0 kB
Bounce:                0 kB
WritebackTmp:          0 kB
CommitLimit:     2172840 kB
Committed_AS:   93395008 kB
VmallocTotal:   251658176 kB
VmallocUsed:      138552 kB
VmallocChunk:   251424812 kB
Time pass: 28 sec

---2015-12-05 14:07:44
MemTotal:        2905316 kB
MemFree:           95628 kB
Buffers:           25980 kB
Cached:          1233496 kB
SwapCached:            0 kB
Active:          1283976 kB
Inactive:         874224 kB
Active(anon):     751076 kB
Inactive(anon):   190336 kB
Active(file):     532900 kB
Inactive(file):   683888 kB
Unevictable:        7800 kB
Mlocked:               0 kB
SwapTotal:        720184 kB
SwapFree:         720184 kB
Dirty:               160 kB
Writeback:             0 kB
AnonPages:        906572 kB
Mapped:           629180 kB
Shmem:             34968 kB
Slab:             120640 kB
SReclaimable:      36332 kB
SUnreclaim:        84308 kB
KernelStack:       33552 kB
PageTables:        57228 kB
NFS_Unstable:          0 kB
Bounce:                0 kB
WritebackTmp:          0 kB
CommitLimit:     2172840 kB
Committed_AS:   93421540 kB
VmallocTotal:   251658176 kB
VmallocUsed:      138552 kB
VmallocChunk:   251424812 kB
Time pass: 31 sec

---2015-12-05 14:07:44
MemTotal:        2905316 kB
MemFree:           94592 kB
Buffers:           25988 kB
Cached:          1234160 kB
SwapCached:            0 kB
Active:          1284352 kB
Inactive:         874720 kB
Active(anon):     751436 kB
Inactive(anon):   190336 kB
Active(file):     532916 kB
Inactive(file):   684384 kB
Unevictable:        7800 kB
Mlocked:               0 kB
SwapTotal:        720184 kB
SwapFree:         720184 kB
Dirty:                96 kB
Writeback:             0 kB
AnonPages:        906832 kB
Mapped:           629556 kB
Shmem:             34968 kB
Slab:             120528 kB
SReclaimable:      36332 kB
SUnreclaim:        84196 kB
KernelStack:       33552 kB
PageTables:        57228 kB
NFS_Unstable:          0 kB
Bounce:                0 kB
WritebackTmp:          0 kB
CommitLimit:     2172840 kB
Committed_AS:   93421504 kB
VmallocTotal:   251658176 kB
VmallocUsed:      138552 kB
VmallocChunk:   251424812 kB
Time pass: 35 sec

---2015-12-05 14:07:44
MemTotal:        2905316 kB
MemFree:           93680 kB
Buffers:           25988 kB
Cached:          1234180 kB
SwapCached:            0 kB
Active:          1284836 kB
Inactive:         874812 kB
Active(anon):     751908 kB
Inactive(anon):   190336 kB
Active(file):     532928 kB
Inactive(file):   684476 kB
Unevictable:        7800 kB
Mlocked:               0 kB
SwapTotal:        720184 kB
SwapFree:         720184 kB
Dirty:                88 kB
Writeback:             0 kB
AnonPages:        907296 kB
Mapped:           629560 kB
Shmem:             34968 kB
Slab:             120504 kB
SReclaimable:      36332 kB
SUnreclaim:        84172 kB
KernelStack:       33568 kB
PageTables:        57232 kB
NFS_Unstable:          0 kB
Bounce:                0 kB
WritebackTmp:          0 kB
CommitLimit:     2172840 kB
Committed_AS:   93421532 kB
VmallocTotal:   251658176 kB
VmallocUsed:      138552 kB
VmallocChunk:   251424812 kB
Time pass: 39 sec

---2015-12-05 14:07:44
MemTotal:        2905316 kB
MemFree:           69380 kB
Buffers:           27416 kB
Cached:          1202180 kB
SwapCached:            0 kB
Active:          1295804 kB
Inactive:         839592 kB
Active(anon):     756260 kB
Inactive(anon):   192388 kB
Active(file):     539544 kB
Inactive(file):   647204 kB
Unevictable:        7800 kB
Mlocked:               0 kB
SwapTotal:        720184 kB
SwapFree:         720184 kB
Dirty:               288 kB
Writeback:             0 kB
AnonPages:        913496 kB
Mapped:           638236 kB
Shmem:             34972 kB
Slab:             120676 kB
SReclaimable:      36476 kB
SUnreclaim:        84200 kB
KernelStack:       33456 kB
PageTables:        56896 kB
NFS_Unstable:          0 kB
Bounce:                0 kB
WritebackTmp:          0 kB
CommitLimit:     2172840 kB
Committed_AS:   92189688 kB
VmallocTotal:   251658176 kB
VmallocUsed:      137800 kB
VmallocChunk:   251424812 kB
Time pass: 43 sec

---2015-12-05 14:07:44
MemTotal:        2905316 kB
MemFree:           73748 kB
Buffers:           27192 kB
Cached:          1180588 kB
SwapCached:            0 kB
Active:          1311184 kB
Inactive:         810748 kB
Active(anon):     764568 kB
Inactive(anon):   192388 kB
Active(file):     546616 kB
Inactive(file):   618360 kB
Unevictable:        7800 kB
Mlocked:               0 kB
SwapTotal:        720184 kB
SwapFree:         720184 kB
Dirty:               168 kB
Writeback:             0 kB
AnonPages:        921896 kB
Mapped:           643956 kB
Shmem:             34972 kB
Slab:             120884 kB
SReclaimable:      36536 kB
SUnreclaim:        84348 kB
KernelStack:       33488 kB
PageTables:        56992 kB
NFS_Unstable:          0 kB
Bounce:                0 kB
WritebackTmp:          0 kB
CommitLimit:     2172840 kB
Committed_AS:   92212048 kB
VmallocTotal:   251658176 kB
VmallocUsed:      137848 kB
VmallocChunk:   251424812 kB
Time pass: 47 sec

---2015-12-05 14:07:44
MemTotal:        2905316 kB
MemFree:           67308 kB
Buffers:           25940 kB
Cached:          1142820 kB
SwapCached:            0 kB
Active:          1339316 kB
Inactive:         774772 kB
Active(anon):     790588 kB
Inactive(anon):   198024 kB
Active(file):     548728 kB
Inactive(file):   576748 kB
Unevictable:        7800 kB
Mlocked:               0 kB
SwapTotal:        720184 kB
SwapFree:         720184 kB
Dirty:              1496 kB
Writeback:             0 kB
AnonPages:        954028 kB
Mapped:           669432 kB
Shmem:             34976 kB
Slab:             117940 kB
SReclaimable:      33608 kB
SUnreclaim:        84332 kB
KernelStack:       33648 kB
PageTables:        56924 kB
NFS_Unstable:          0 kB
Bounce:                0 kB
WritebackTmp:          0 kB
CommitLimit:     2172840 kB
Committed_AS:   92230136 kB
VmallocTotal:   251658176 kB
VmallocUsed:      137976 kB
VmallocChunk:   251424812 kB
Time pass: 51 sec

---2015-12-05 14:07:44
MemTotal:        2905316 kB
MemFree:           71308 kB
Buffers:           25904 kB
Cached:          1131308 kB
SwapCached:            0 kB
Active:          1327060 kB
Inactive:         762476 kB
Active(anon):     776820 kB
Inactive(anon):   198280 kB
Active(file):     550240 kB
Inactive(file):   564196 kB
Unevictable:        7800 kB
Mlocked:               0 kB
SwapTotal:        720184 kB
SwapFree:         720184 kB
Dirty:               508 kB
Writeback:             0 kB
AnonPages:        940268 kB
Mapped:           689992 kB
Shmem:             34976 kB
Slab:             120688 kB
SReclaimable:      36248 kB
SUnreclaim:        84440 kB
KernelStack:       33648 kB
PageTables:        57048 kB
NFS_Unstable:          0 kB
Bounce:                0 kB
WritebackTmp:          0 kB
CommitLimit:     2172840 kB
Committed_AS:   92219228 kB
VmallocTotal:   251658176 kB
VmallocUsed:      138144 kB
VmallocChunk:   251424812 kB
Time pass: 55 sec

---2015-12-05 14:07:44
MemTotal:        2905316 kB
MemFree:           70636 kB
Buffers:           25928 kB
Cached:          1131784 kB
SwapCached:            0 kB
Active:          1327920 kB
Inactive:         762824 kB
Active(anon):     777644 kB
Inactive(anon):   198280 kB
Active(file):     550276 kB
Inactive(file):   564544 kB
Unevictable:        7800 kB
Mlocked:               0 kB
SwapTotal:        720184 kB
SwapFree:         720184 kB
Dirty:               112 kB
Writeback:             0 kB
AnonPages:        940900 kB
Mapped:           690148 kB
Shmem:             34976 kB
Slab:             120688 kB
SReclaimable:      36392 kB
SUnreclaim:        84296 kB
KernelStack:       33536 kB
PageTables:        57028 kB
NFS_Unstable:          0 kB
Bounce:                0 kB
WritebackTmp:          0 kB
CommitLimit:     2172840 kB
Committed_AS:   92219316 kB
VmallocTotal:   251658176 kB
VmallocUsed:      138144 kB
VmallocChunk:   251424812 kB
Time pass: 59 sec

---2015-12-05 14:07:44
MemTotal:        2905316 kB
MemFree:           67796 kB
Buffers:           25792 kB
Cached:          1118408 kB
SwapCached:            0 kB
Active:          1329524 kB
Inactive:         747832 kB
Active(anon):     779472 kB
Inactive(anon):   197984 kB
Active(file):     550052 kB
Inactive(file):   549848 kB
Unevictable:        9592 kB
Mlocked:               0 kB
SwapTotal:        720184 kB
SwapFree:         720184 kB
Dirty:               136 kB
Writeback:             0 kB
AnonPages:        942800 kB
Mapped:           694828 kB
Shmem:             34680 kB
Slab:             120640 kB
SReclaimable:      36312 kB
SUnreclaim:        84328 kB
KernelStack:       33456 kB
PageTables:        57108 kB
NFS_Unstable:          0 kB
Bounce:                0 kB
WritebackTmp:          0 kB
CommitLimit:     2172840 kB
Committed_AS:   92245648 kB
VmallocTotal:   251658176 kB
VmallocUsed:      138268 kB
VmallocChunk:   251424812 kB
Time pass: 63 sec

---2015-12-05 14:07:44
MemTotal:        2905316 kB
MemFree:           82728 kB
Buffers:           25816 kB
Cached:          1118468 kB
SwapCached:            0 kB
Active:          1314720 kB
Inactive:         747916 kB
Active(anon):     764644 kB
Inactive(anon):   197984 kB
Active(file):     550076 kB
Inactive(file):   549932 kB
Unevictable:        9592 kB
Mlocked:               0 kB
SwapTotal:        720184 kB
SwapFree:         720184 kB
Dirty:                52 kB
Writeback:             0 kB
AnonPages:        927912 kB
Mapped:           694844 kB
Shmem:             34680 kB
Slab:             120612 kB
SReclaimable:      36312 kB
SUnreclaim:        84300 kB
KernelStack:       33440 kB
PageTables:        57108 kB
NFS_Unstable:          0 kB
Bounce:                0 kB
WritebackTmp:          0 kB
CommitLimit:     2172840 kB
Committed_AS:   92245560 kB
VmallocTotal:   251658176 kB
VmallocUsed:      138268 kB
VmallocChunk:   251424812 kB
Time pass: 67 sec

---2015-12-05 14:07:44
MemTotal:        2905316 kB
MemFree:           68672 kB
Buffers:           25812 kB
Cached:          1105548 kB
SwapCached:            0 kB
Active:          1313332 kB
Inactive:         739460 kB
Active(anon):     771396 kB
Inactive(anon):   197456 kB
Active(file):     541936 kB
Inactive(file):   542004 kB
Unevictable:       12764 kB
Mlocked:               0 kB
SwapTotal:        720184 kB
SwapFree:         720156 kB
Dirty:               580 kB
Writeback:             0 kB
AnonPages:        934604 kB
Mapped:           707360 kB
Shmem:             34652 kB
Slab:             120708 kB
SReclaimable:      36312 kB
SUnreclaim:        84396 kB
KernelStack:       33472 kB
PageTables:        57052 kB
NFS_Unstable:          0 kB
Bounce:                0 kB
WritebackTmp:          0 kB
CommitLimit:     2172840 kB
Committed_AS:   92248708 kB
VmallocTotal:   251658176 kB
VmallocUsed:      138432 kB
VmallocChunk:   251424812 kB
Time pass: 71 sec

---2015-12-05 14:07:44
MemTotal:        2905316 kB
MemFree:           67516 kB
Buffers:           25780 kB
Cached:          1101416 kB
SwapCached:            0 kB
Active:          1316960 kB
Inactive:         737756 kB
Active(anon):     777856 kB
Inactive(anon):   197456 kB
Active(file):     539104 kB
Inactive(file):   540300 kB
Unevictable:       12764 kB
Mlocked:               0 kB
SwapTotal:        720184 kB
SwapFree:         720156 kB
Dirty:               376 kB
Writeback:             8 kB
AnonPages:        941080 kB
Mapped:           709872 kB
Shmem:             34652 kB
Slab:             121128 kB
SReclaimable:      36504 kB
SUnreclaim:        84624 kB
KernelStack:       33552 kB
PageTables:        57032 kB
NFS_Unstable:          0 kB
Bounce:                0 kB
WritebackTmp:          0 kB
CommitLimit:     2172840 kB
Committed_AS:   92255692 kB
VmallocTotal:   251658176 kB
VmallocUsed:      138432 kB
VmallocChunk:   251424812 kB
Time pass: 75 sec

---2015-12-05 14:07:44
MemTotal:        2905316 kB
MemFree:           69016 kB
Buffers:           25772 kB
Cached:          1086048 kB
SwapCached:            0 kB
Active:          1324836 kB
Inactive:         730432 kB
Active(anon):     792900 kB
Inactive(anon):   198260 kB
Active(file):     531936 kB
Inactive(file):   532172 kB
Unevictable:       12768 kB
Mlocked:               0 kB
SwapTotal:        720184 kB
SwapFree:         720156 kB
Dirty:               160 kB
Writeback:             8 kB
AnonPages:        956420 kB
Mapped:           710372 kB
Shmem:             34788 kB
Slab:             121132 kB
SReclaimable:      36472 kB
SUnreclaim:        84660 kB
KernelStack:       33824 kB
PageTables:        57272 kB
NFS_Unstable:          0 kB
Bounce:                0 kB
WritebackTmp:          0 kB
CommitLimit:     2172840 kB
Committed_AS:   92301168 kB
VmallocTotal:   251658176 kB
VmallocUsed:      140880 kB
VmallocChunk:   251424812 kB
Time pass: 79 sec

---2015-12-05 14:07:44
MemTotal:        2905316 kB
MemFree:           64028 kB
Buffers:           25500 kB
Cached:          1052348 kB
SwapCached:            0 kB
Active:          1312112 kB
Inactive:         714320 kB
Active(anon):     797044 kB
Inactive(anon):   199268 kB
Active(file):     515068 kB
Inactive(file):   515052 kB
Unevictable:       12768 kB
Mlocked:               0 kB
SwapTotal:        720184 kB
SwapFree:         720156 kB
Dirty:                32 kB
Writeback:             0 kB
AnonPages:        961548 kB
Mapped:           704364 kB
Shmem:             34932 kB
Slab:             121036 kB
SReclaimable:      36408 kB
SUnreclaim:        84628 kB
KernelStack:       33792 kB
PageTables:        57436 kB
NFS_Unstable:          0 kB
Bounce:                0 kB
WritebackTmp:          0 kB
CommitLimit:     2172840 kB
Committed_AS:   92306832 kB
VmallocTotal:   251658176 kB
VmallocUsed:      140880 kB
VmallocChunk:   251424812 kB
Time pass: 84 sec

---2015-12-05 14:07:44
MemTotal:        2905316 kB
MemFree:           64260 kB
Buffers:           25516 kB
Cached:          1052328 kB
SwapCached:            0 kB
Active:          1312408 kB
Inactive:         714240 kB
Active(anon):     797272 kB
Inactive(anon):   199284 kB
Active(file):     515136 kB
Inactive(file):   514956 kB
Unevictable:       12768 kB
Mlocked:               0 kB
SwapTotal:        720184 kB
SwapFree:         720156 kB
Dirty:                16 kB
Writeback:             0 kB
AnonPages:        961712 kB
Mapped:           704352 kB
Shmem:             34984 kB
Slab:             121104 kB
SReclaimable:      36424 kB
SUnreclaim:        84680 kB
KernelStack:       33792 kB
PageTables:        57452 kB
NFS_Unstable:          0 kB
Bounce:                0 kB
WritebackTmp:          0 kB
CommitLimit:     2172840 kB
Committed_AS:   92307888 kB
VmallocTotal:   251658176 kB
VmallocUsed:      140880 kB
VmallocChunk:   251424812 kB
Time pass: 88 sec

---2015-12-05 14:07:44
MemTotal:        2905316 kB
MemFree:           67996 kB
Buffers:           25476 kB
Cached:          1046864 kB
SwapCached:            0 kB
Active:          1310440 kB
Inactive:         712392 kB
Active(anon):     798444 kB
Inactive(anon):   200096 kB
Active(file):     511996 kB
Inactive(file):   512296 kB
Unevictable:       12768 kB
Mlocked:               0 kB
SwapTotal:        720184 kB
SwapFree:         720156 kB
Dirty:               116 kB
Writeback:             0 kB
AnonPages:        963328 kB
Mapped:           701944 kB
Shmem:             35280 kB
Slab:             121136 kB
SReclaimable:      36456 kB
SUnreclaim:        84680 kB
KernelStack:       33792 kB
PageTables:        57508 kB
NFS_Unstable:          0 kB
Bounce:                0 kB
WritebackTmp:          0 kB
CommitLimit:     2172840 kB
Committed_AS:   92334792 kB
VmallocTotal:   251658176 kB
VmallocUsed:      140880 kB
VmallocChunk:   251424812 kB
Time pass: 92 sec

---2015-12-05 14:07:44
MemTotal:        2905316 kB
MemFree:           67032 kB
Buffers:           25492 kB
Cached:          1046908 kB
SwapCached:            0 kB
Active:          1311652 kB
Inactive:         712420 kB
Active(anon):     799624 kB
Inactive(anon):   200096 kB
Active(file):     512028 kB
Inactive(file):   512324 kB
Unevictable:       12768 kB
Mlocked:               0 kB
SwapTotal:        720184 kB
SwapFree:         720156 kB
Dirty:               120 kB
Writeback:             0 kB
AnonPages:        964464 kB
Mapped:           702008 kB
Shmem:             35280 kB
Slab:             121276 kB
SReclaimable:      36456 kB
SUnreclaim:        84820 kB
KernelStack:       33824 kB
PageTables:        57528 kB
NFS_Unstable:          0 kB
Bounce:                0 kB
WritebackTmp:          0 kB
CommitLimit:     2172840 kB
Committed_AS:   92334780 kB
VmallocTotal:   251658176 kB
VmallocUsed:      140880 kB
VmallocChunk:   251424812 kB
Time pass: 95 sec

---2015-12-05 14:07:44
MemTotal:        2905316 kB
MemFree:           66164 kB
Buffers:           25500 kB
Cached:          1046980 kB
SwapCached:            0 kB
Active:          1312696 kB
Inactive:         712468 kB
Active(anon):     800636 kB
Inactive(anon):   200096 kB
Active(file):     512060 kB
Inactive(file):   512372 kB
Unevictable:       12768 kB
Mlocked:               0 kB
SwapTotal:        720184 kB
SwapFree:         720156 kB
Dirty:                80 kB
Writeback:             0 kB
AnonPages:        965456 kB
Mapped:           701960 kB
Shmem:             35280 kB
Slab:             121144 kB
SReclaimable:      36456 kB
SUnreclaim:        84688 kB
KernelStack:       33808 kB
PageTables:        57512 kB
NFS_Unstable:          0 kB
Bounce:                0 kB
WritebackTmp:          0 kB
CommitLimit:     2172840 kB
Committed_AS:   92335912 kB
VmallocTotal:   251658176 kB
VmallocUsed:      140880 kB
VmallocChunk:   251424812 kB
Time pass: 99 sec

---2015-12-05 14:07:44
MemTotal:        2905316 kB
MemFree:          364720 kB
Buffers:           25548 kB
Cached:          1044480 kB
SwapCached:            0 kB
Active:          1208624 kB
Inactive:         714108 kB
Active(anon):     699480 kB
Inactive(anon):   200900 kB
Active(file):     509144 kB
Inactive(file):   513208 kB
Unevictable:       12768 kB
Mlocked:               0 kB
SwapTotal:        720184 kB
SwapFree:         720156 kB
Dirty:               280 kB
Writeback:           120 kB
AnonPages:        865316 kB
Mapped:           497192 kB
Shmem:             34904 kB
Slab:             121032 kB
SReclaimable:      36472 kB
SUnreclaim:        84560 kB
KernelStack:       31872 kB
PageTables:        54648 kB
NFS_Unstable:          0 kB
Bounce:                0 kB
WritebackTmp:          0 kB
CommitLimit:     2172840 kB
Committed_AS:   90172572 kB
VmallocTotal:   251658176 kB
VmallocUsed:      137220 kB
VmallocChunk:   251435052 kB
Time pass: 103 sec

---2015-12-05 14:07:44
MemTotal:        2905316 kB
MemFree:          288580 kB
Buffers:           25844 kB
Cached:          1045360 kB
SwapCached:            0 kB
Active:          1242156 kB
Inactive:         712976 kB
Active(anon):     730904 kB
Inactive(anon):   200888 kB
Active(file):     511252 kB
Inactive(file):   512088 kB
Unevictable:       12768 kB
Mlocked:               0 kB
SwapTotal:        720184 kB
SwapFree:         720156 kB
Dirty:              1588 kB
Writeback:             0 kB
AnonPages:        896724 kB
Mapped:           551812 kB
Shmem:             35096 kB
Slab:             120928 kB
SReclaimable:      36492 kB
SUnreclaim:        84436 kB
KernelStack:       32544 kB
PageTables:        55752 kB
NFS_Unstable:          0 kB
Bounce:                0 kB
WritebackTmp:          0 kB
CommitLimit:     2172840 kB
Committed_AS:   90990024 kB
VmallocTotal:   251658176 kB
VmallocUsed:      138688 kB
VmallocChunk:   251435052 kB
Time pass: 107 sec

---2015-12-05 14:07:44
MemTotal:        2905316 kB
MemFree:          200164 kB
Buffers:           26036 kB
Cached:          1047776 kB
SwapCached:            0 kB
Active:          1257692 kB
Inactive:         714856 kB
Active(anon):     745560 kB
Inactive(anon):   200892 kB
Active(file):     512132 kB
Inactive(file):   513964 kB
Unevictable:       12768 kB
Mlocked:               0 kB
SwapTotal:        720184 kB
SwapFree:         720156 kB
Dirty:              1820 kB
Writeback:             0 kB
AnonPages:        911016 kB
Mapped:           605516 kB
Shmem:             35100 kB
Slab:             121048 kB
SReclaimable:      36500 kB
SUnreclaim:        84548 kB
KernelStack:       32544 kB
PageTables:        55996 kB
NFS_Unstable:          0 kB
Bounce:                0 kB
WritebackTmp:          0 kB
CommitLimit:     2172840 kB
Committed_AS:   91005212 kB
VmallocTotal:   251658176 kB
VmallocUsed:      139224 kB
VmallocChunk:   251435052 kB
Time pass: 111 sec

---2015-12-05 14:07:44
MemTotal:        2905316 kB
MemFree:          172816 kB
Buffers:           26060 kB
Cached:          1048100 kB
SwapCached:            0 kB
Active:          1257720 kB
Inactive:         714528 kB
Active(anon):     745064 kB
Inactive(anon):   200892 kB
Active(file):     512656 kB
Inactive(file):   513636 kB
Unevictable:       12768 kB
Mlocked:               0 kB
SwapTotal:        720184 kB
SwapFree:         720156 kB
Dirty:               840 kB
Writeback:             0 kB
AnonPages:        910880 kB
Mapped:           629804 kB
Shmem:             35100 kB
Slab:             121052 kB
SReclaimable:      36500 kB
SUnreclaim:        84552 kB
KernelStack:       32496 kB
PageTables:        56072 kB
NFS_Unstable:          0 kB
Bounce:                0 kB
WritebackTmp:          0 kB
CommitLimit:     2172840 kB
Committed_AS:   91005292 kB
VmallocTotal:   251658176 kB
VmallocUsed:      139440 kB
VmallocChunk:   251435052 kB
Time pass: 115 sec

---2015-12-05 14:07:44
MemTotal:        2905316 kB
MemFree:          154388 kB
Buffers:           26068 kB
Cached:          1048248 kB
SwapCached:            0 kB
Active:          1259568 kB
Inactive:         714496 kB
Active(anon):     746728 kB
Inactive(anon):   200892 kB
Active(file):     512840 kB
Inactive(file):   513604 kB
Unevictable:       12768 kB
Mlocked:               0 kB
SwapTotal:        720184 kB
SwapFree:         720156 kB
Dirty:               160 kB
Writeback:             0 kB
AnonPages:        912788 kB
Mapped:           640372 kB
Shmem:             35100 kB
Slab:             121012 kB
SReclaimable:      36500 kB
SUnreclaim:        84512 kB
KernelStack:       32528 kB
PageTables:        56108 kB
NFS_Unstable:          0 kB
Bounce:                0 kB
WritebackTmp:          0 kB
CommitLimit:     2172840 kB
Committed_AS:   91006712 kB
VmallocTotal:   251658176 kB
VmallocUsed:      137160 kB
VmallocChunk:   251435052 kB
Time pass: 119 sec

---2015-12-05 14:07:44
MemTotal:        2905316 kB
MemFree:          139760 kB
Buffers:           26076 kB
Cached:          1047976 kB
SwapCached:            0 kB
Active:          1271680 kB
Inactive:         714160 kB
Active(anon):     758804 kB
Inactive(anon):   200472 kB
Active(file):     512876 kB
Inactive(file):   513688 kB
Unevictable:       12768 kB
Mlocked:               0 kB
SwapTotal:        720184 kB
SwapFree:         720156 kB
Dirty:               476 kB
Writeback:             0 kB
AnonPages:        924516 kB
Mapped:           645712 kB
Shmem:             34680 kB
Slab:             117816 kB
SReclaimable:      36500 kB
SUnreclaim:        81316 kB
KernelStack:       32560 kB
PageTables:        55756 kB
NFS_Unstable:          0 kB
Bounce:                0 kB
WritebackTmp:          0 kB
CommitLimit:     2172840 kB
Committed_AS:   90826848 kB
VmallocTotal:   251658176 kB
VmallocUsed:      137192 kB
VmallocChunk:   251435052 kB
Time pass: 122 sec

---2015-12-05 14:07:44
MemTotal:        2905316 kB
MemFree:          129060 kB
Buffers:           26084 kB
Cached:          1048032 kB
SwapCached:            0 kB
Active:          1264220 kB
Inactive:         714212 kB
Active(anon):     751292 kB
Inactive(anon):   200472 kB
Active(file):     512928 kB
Inactive(file):   513740 kB
Unevictable:       12768 kB
Mlocked:               0 kB
SwapTotal:        720184 kB
SwapFree:         720156 kB
Dirty:               632 kB
Writeback:             0 kB
AnonPages:        917072 kB
Mapped:           653764 kB
Shmem:             34680 kB
Slab:             117852 kB
SReclaimable:      36500 kB
SUnreclaim:        81352 kB
KernelStack:       32576 kB
PageTables:        55748 kB
NFS_Unstable:          0 kB
Bounce:                0 kB
WritebackTmp:          0 kB
CommitLimit:     2172840 kB
Committed_AS:   90828232 kB
VmallocTotal:   251658176 kB
VmallocUsed:      137340 kB
VmallocChunk:   251435052 kB
Time pass: 126 sec

---2015-12-05 14:07:44
MemTotal:        2905316 kB
MemFree:          129932 kB
Buffers:           26092 kB
Cached:          1048036 kB
SwapCached:            0 kB
Active:          1263768 kB
Inactive:         714220 kB
Active(anon):     750840 kB
Inactive(anon):   200472 kB
Active(file):     512928 kB
Inactive(file):   513748 kB
Unevictable:       12768 kB
Mlocked:               0 kB
SwapTotal:        720184 kB
SwapFree:         720156 kB
Dirty:                60 kB
Writeback:             0 kB
AnonPages:        916740 kB
Mapped:           653768 kB
Shmem:             34680 kB
Slab:             117756 kB
SReclaimable:      36500 kB
SUnreclaim:        81256 kB
KernelStack:       32576 kB
PageTables:        55748 kB
NFS_Unstable:          0 kB
Bounce:                0 kB
WritebackTmp:          0 kB
CommitLimit:     2172840 kB
Committed_AS:   90828276 kB
VmallocTotal:   251658176 kB
VmallocUsed:      137340 kB
VmallocChunk:   251435052 kB
Time pass: 130 sec

---2015-12-05 14:07:44
MemTotal:        2905316 kB
MemFree:          127952 kB
Buffers:           26108 kB
Cached:          1048068 kB
SwapCached:            0 kB
Active:          1264664 kB
Inactive:         714252 kB
Active(anon):     751728 kB
Inactive(anon):   200472 kB
Active(file):     512936 kB
Inactive(file):   513780 kB
Unevictable:       12768 kB
Mlocked:               0 kB
SwapTotal:        720184 kB
SwapFree:         720156 kB
Dirty:               112 kB
Writeback:             0 kB
AnonPages:        917612 kB
Mapped:           653832 kB
Shmem:             34680 kB
Slab:             117740 kB
SReclaimable:      36500 kB
SUnreclaim:        81240 kB
KernelStack:       32640 kB
PageTables:        55772 kB
NFS_Unstable:          0 kB
Bounce:                0 kB
WritebackTmp:          0 kB
CommitLimit:     2172840 kB
Committed_AS:   90828372 kB
VmallocTotal:   251658176 kB
VmallocUsed:      137340 kB
VmallocChunk:   251435052 kB
Time pass: 133 sec

---2015-12-05 14:07:44
MemTotal:        2905316 kB
MemFree:          112484 kB
Buffers:           26124 kB
Cached:          1048116 kB
SwapCached:            0 kB
Active:          1275196 kB
Inactive:         713388 kB
Active(anon):     761320 kB
Inactive(anon):   200472 kB
Active(file):     513876 kB
Inactive(file):   512916 kB
Unevictable:       12768 kB
Mlocked:               0 kB
SwapTotal:        720184 kB
SwapFree:         720156 kB
Dirty:                52 kB
Writeback:             0 kB
AnonPages:        927120 kB
Mapped:           657204 kB
Shmem:             34680 kB
Slab:             117776 kB
SReclaimable:      36500 kB
SUnreclaim:        81276 kB
KernelStack:       32768 kB
PageTables:        55764 kB
NFS_Unstable:          0 kB
Bounce:                0 kB
WritebackTmp:          0 kB
CommitLimit:     2172840 kB
Committed_AS:   90862244 kB
VmallocTotal:   251658176 kB
VmallocUsed:      139756 kB
VmallocChunk:   251435052 kB
Time pass: 137 sec

---2015-12-05 14:07:44
MemTotal:        2905316 kB
MemFree:          111544 kB
Buffers:           26140 kB
Cached:          1048396 kB
SwapCached:            0 kB
Active:          1279792 kB
Inactive:         713536 kB
Active(anon):     765772 kB
Inactive(anon):   200608 kB
Active(file):     514020 kB
Inactive(file):   512928 kB
Unevictable:       12768 kB
Mlocked:               0 kB
SwapTotal:        720184 kB
SwapFree:         720156 kB
Dirty:               104 kB
Writeback:             0 kB
AnonPages:        931404 kB
Mapped:           657788 kB
Shmem:             34820 kB
Slab:             117852 kB
SReclaimable:      36516 kB
SUnreclaim:        81336 kB
KernelStack:       32992 kB
PageTables:        55996 kB
NFS_Unstable:          0 kB
Bounce:                0 kB
WritebackTmp:          0 kB
CommitLimit:     2172840 kB
Committed_AS:   90864252 kB
VmallocTotal:   251658176 kB
VmallocUsed:      139788 kB
VmallocChunk:   251435052 kB
Time pass: 141 sec

---2015-12-05 14:07:44
MemTotal:        2905316 kB
MemFree:          107452 kB
Buffers:           26148 kB
Cached:          1049052 kB
SwapCached:            0 kB
Active:          1283252 kB
Inactive:         713268 kB
Active(anon):     768300 kB
Inactive(anon):   200872 kB
Active(file):     514952 kB
Inactive(file):   512396 kB
Unevictable:       12768 kB
Mlocked:               0 kB
SwapTotal:        720184 kB
SwapFree:         720156 kB
Dirty:                12 kB
Writeback:             0 kB
AnonPages:        933900 kB
Mapped:           659884 kB
Shmem:             35084 kB
Slab:             117856 kB
SReclaimable:      36484 kB
SUnreclaim:        81372 kB
KernelStack:       33104 kB
PageTables:        56420 kB
NFS_Unstable:          0 kB
Bounce:                0 kB
WritebackTmp:          0 kB
CommitLimit:     2172840 kB
Committed_AS:   91592616 kB
VmallocTotal:   251658176 kB
VmallocUsed:      140808 kB
VmallocChunk:   251435052 kB
Time pass: 145 sec

---2015-12-05 14:07:44
MemTotal:        2905316 kB
MemFree:          107268 kB
Buffers:           26156 kB
Cached:          1049148 kB
SwapCached:            0 kB
Active:          1283524 kB
Inactive:         713368 kB
Active(anon):     768568 kB
Inactive(anon):   200952 kB
Active(file):     514956 kB
Inactive(file):   512416 kB
Unevictable:       12768 kB
Mlocked:               0 kB
SwapTotal:        720184 kB
SwapFree:         720156 kB
Dirty:                36 kB
Writeback:             0 kB
AnonPages:        934316 kB
Mapped:           659968 kB
Shmem:             35164 kB
Slab:             117780 kB
SReclaimable:      36484 kB
SUnreclaim:        81296 kB
KernelStack:       33088 kB
PageTables:        56468 kB
NFS_Unstable:          0 kB
Bounce:                0 kB
WritebackTmp:          0 kB
CommitLimit:     2172840 kB
Committed_AS:   91592816 kB
VmallocTotal:   251658176 kB
VmallocUsed:      140808 kB
VmallocChunk:   251435052 kB
Time pass: 149 sec

---2015-12-05 14:07:44
MemTotal:        2905316 kB
MemFree:          101324 kB
Buffers:           26180 kB
Cached:          1048768 kB
SwapCached:            0 kB
Active:          1290112 kB
Inactive:         713056 kB
Active(anon):     774980 kB
Inactive(anon):   200616 kB
Active(file):     515132 kB
Inactive(file):   512440 kB
Unevictable:       12768 kB
Mlocked:               0 kB
SwapTotal:        720184 kB
SwapFree:         720156 kB
Dirty:               132 kB
Writeback:             8 kB
AnonPages:        940688 kB
Mapped:           660508 kB
Shmem:             34756 kB
Slab:             117784 kB
SReclaimable:      36484 kB
SUnreclaim:        81300 kB
KernelStack:       33008 kB
PageTables:        56440 kB
NFS_Unstable:          0 kB
Bounce:                0 kB
WritebackTmp:          0 kB
CommitLimit:     2172840 kB
Committed_AS:   91607652 kB
VmallocTotal:   251658176 kB
VmallocUsed:      140808 kB
VmallocChunk:   251435052 kB
Time pass: 153 sec

---2015-12-05 14:07:44
MemTotal:        2905316 kB
MemFree:           97912 kB
Buffers:           26180 kB
Cached:          1049052 kB
SwapCached:            0 kB
Active:          1293216 kB
Inactive:         713048 kB
Active(anon):     778012 kB
Inactive(anon):   200688 kB
Active(file):     515204 kB
Inactive(file):   512360 kB
Unevictable:       12768 kB
Mlocked:               0 kB
SwapTotal:        720184 kB
SwapFree:         720156 kB
Dirty:               116 kB
Writeback:             0 kB
AnonPages:        944016 kB
Mapped:           661288 kB
Shmem:             34900 kB
Slab:             117764 kB
SReclaimable:      36480 kB
SUnreclaim:        81284 kB
KernelStack:       33088 kB
PageTables:        56496 kB
NFS_Unstable:          0 kB
Bounce:                0 kB
WritebackTmp:          0 kB
CommitLimit:     2172840 kB
Committed_AS:   91638708 kB
VmallocTotal:   251658176 kB
VmallocUsed:      140808 kB
VmallocChunk:   251435052 kB
Time pass: 156 sec

---2015-12-05 14:07:44
MemTotal:        2905316 kB
MemFree:           94864 kB
Buffers:           26204 kB
Cached:          1049184 kB
SwapCached:            0 kB
Active:          1295296 kB
Inactive:         713140 kB
Active(anon):     780036 kB
Inactive(anon):   200728 kB
Active(file):     515260 kB
Inactive(file):   512412 kB
Unevictable:       12768 kB
Mlocked:               0 kB
SwapTotal:        720184 kB
SwapFree:         720156 kB
Dirty:                76 kB
Writeback:             0 kB
AnonPages:        945796 kB
Mapped:           661356 kB
Shmem:             34948 kB
Slab:             117752 kB
SReclaimable:      36480 kB
SUnreclaim:        81272 kB
KernelStack:       33088 kB
PageTables:        56548 kB
NFS_Unstable:          0 kB
Bounce:                0 kB
WritebackTmp:          0 kB
CommitLimit:     2172840 kB
Committed_AS:   91638776 kB
VmallocTotal:   251658176 kB
VmallocUsed:      140808 kB
VmallocChunk:   251435052 kB
Time pass: 160 sec

---2015-12-05 14:07:44
MemTotal:        2905316 kB
MemFree:           94632 kB
Buffers:           26212 kB
Cached:          1049216 kB
SwapCached:            0 kB
Active:          1296120 kB
Inactive:         713180 kB
Active(anon):     780852 kB
Inactive(anon):   200756 kB
Active(file):     515268 kB
Inactive(file):   512424 kB
Unevictable:       12768 kB
Mlocked:               0 kB
SwapTotal:        720184 kB
SwapFree:         720156 kB
Dirty:                 0 kB
Writeback:             0 kB
AnonPages:        946316 kB
Mapped:           661392 kB
Shmem:             34968 kB
Slab:             117720 kB
SReclaimable:      36480 kB
SUnreclaim:        81240 kB
KernelStack:       33088 kB
PageTables:        56544 kB
NFS_Unstable:          0 kB
Bounce:                0 kB
WritebackTmp:          0 kB
CommitLimit:     2172840 kB
Committed_AS:   91638760 kB
VmallocTotal:   251658176 kB
VmallocUsed:      140808 kB
VmallocChunk:   251435052 kB
Time pass: 164 sec

---2015-12-05 14:07:44
MemTotal:        2905316 kB
MemFree:           93460 kB
Buffers:           26220 kB
Cached:          1049348 kB
SwapCached:            0 kB
Active:          1297212 kB
Inactive:         713288 kB
Active(anon):     781912 kB
Inactive(anon):   200828 kB
Active(file):     515300 kB
Inactive(file):   512460 kB
Unevictable:       12768 kB
Mlocked:               0 kB
SwapTotal:        720184 kB
SwapFree:         720156 kB
Dirty:               100 kB
Writeback:             0 kB
AnonPages:        947692 kB
Mapped:           661528 kB
Shmem:             35040 kB
Slab:             117576 kB
SReclaimable:      36336 kB
SUnreclaim:        81240 kB
KernelStack:       33088 kB
PageTables:        56568 kB
NFS_Unstable:          0 kB
Bounce:                0 kB
WritebackTmp:          0 kB
CommitLimit:     2172840 kB
Committed_AS:   91638844 kB
VmallocTotal:   251658176 kB
VmallocUsed:      140808 kB
VmallocChunk:   251435052 kB
Time pass: 168 sec

---2015-12-05 14:07:44
MemTotal:        2905316 kB
MemFree:           93420 kB
Buffers:           26228 kB
Cached:          1049364 kB
SwapCached:            0 kB
Active:          1296652 kB
Inactive:         713300 kB
Active(anon):     781348 kB
Inactive(anon):   200840 kB
Active(file):     515304 kB
Inactive(file):   512460 kB
Unevictable:       12768 kB
Mlocked:               0 kB
SwapTotal:        720184 kB
SwapFree:         720156 kB
Dirty:                40 kB
Writeback:             0 kB
AnonPages:        947132 kB
Mapped:           661552 kB
Shmem:             35052 kB
Slab:             117576 kB
SReclaimable:      36336 kB
SUnreclaim:        81240 kB
KernelStack:       33024 kB
PageTables:        56564 kB
NFS_Unstable:          0 kB
Bounce:                0 kB
WritebackTmp:          0 kB
CommitLimit:     2172840 kB
Committed_AS:   91638784 kB
VmallocTotal:   251658176 kB
VmallocUsed:      140808 kB
VmallocChunk:   251435052 kB
Time pass: 172 sec

---2015-12-05 14:07:44
MemTotal:        2905316 kB
MemFree:          103616 kB
Buffers:           26228 kB
Cached:          1049072 kB
SwapCached:            0 kB
Active:          1287660 kB
Inactive:         713000 kB
Active(anon):     772336 kB
Inactive(anon):   200532 kB
Active(file):     515324 kB
Inactive(file):   512468 kB
Unevictable:       12768 kB
Mlocked:               0 kB
SwapTotal:        720184 kB
SwapFree:         720156 kB
Dirty:                12 kB
Writeback:             0 kB
AnonPages:        938112 kB
Mapped:           661076 kB
Shmem:             34740 kB
Slab:             117508 kB
SReclaimable:      36336 kB
SUnreclaim:        81172 kB
KernelStack:       32736 kB
PageTables:        56356 kB
NFS_Unstable:          0 kB
Bounce:                0 kB
WritebackTmp:          0 kB
CommitLimit:     2172840 kB
Committed_AS:   91610388 kB
VmallocTotal:   251658176 kB
VmallocUsed:      140808 kB
VmallocChunk:   251435052 kB
Time pass: 176 sec

---2015-12-05 14:07:44
MemTotal:        2905316 kB
MemFree:          104128 kB
Buffers:           26236 kB
Cached:          1049076 kB
SwapCached:            0 kB
Active:          1287716 kB
Inactive:         713000 kB
Active(anon):     772380 kB
Inactive(anon):   200532 kB
Active(file):     515336 kB
Inactive(file):   512468 kB
Unevictable:       12768 kB
Mlocked:               0 kB
SwapTotal:        720184 kB
SwapFree:         720156 kB
Dirty:                60 kB
Writeback:             0 kB
AnonPages:        938308 kB
Mapped:           661032 kB
Shmem:             34740 kB
Slab:             117500 kB
SReclaimable:      36336 kB
SUnreclaim:        81164 kB
KernelStack:       32736 kB
PageTables:        56352 kB
NFS_Unstable:          0 kB
Bounce:                0 kB
WritebackTmp:          0 kB
CommitLimit:     2172840 kB
Committed_AS:   91610312 kB
VmallocTotal:   251658176 kB
VmallocUsed:      140776 kB
VmallocChunk:   251435052 kB
Time pass: 180 sec

---2015-12-05 14:07:44
MemTotal:        2905316 kB
MemFree:          103624 kB
Buffers:           26244 kB
Cached:          1049140 kB
SwapCached:            0 kB
Active:          1288108 kB
Inactive:         713072 kB
Active(anon):     772772 kB
Inactive(anon):   200592 kB
Active(file):     515336 kB
Inactive(file):   512480 kB
Unevictable:       12768 kB
Mlocked:               0 kB
SwapTotal:        720184 kB
SwapFree:         720156 kB
Dirty:                32 kB
Writeback:             0 kB
AnonPages:        938704 kB
Mapped:           661152 kB
Shmem:             34800 kB
Slab:             117496 kB
SReclaimable:      36336 kB
SUnreclaim:        81160 kB
KernelStack:       32736 kB
PageTables:        56440 kB
NFS_Unstable:          0 kB
Bounce:                0 kB
WritebackTmp:          0 kB
CommitLimit:     2172840 kB
Committed_AS:   91636900 kB
VmallocTotal:   251658176 kB
VmallocUsed:      140776 kB
VmallocChunk:   251435052 kB
Time pass: 184 sec

---2015-12-05 14:07:44
MemTotal:        2905316 kB
MemFree:           90768 kB
Buffers:           26252 kB
Cached:          1049144 kB
SwapCached:            0 kB
Active:          1297840 kB
Inactive:         713072 kB
Active(anon):     782492 kB
Inactive(anon):   200592 kB
Active(file):     515348 kB
Inactive(file):   512480 kB
Unevictable:       12768 kB
Mlocked:               0 kB
SwapTotal:        720184 kB
SwapFree:         720156 kB
Dirty:                36 kB
Writeback:             0 kB
AnonPages:        948368 kB
Mapped:           664304 kB
Shmem:             34800 kB
Slab:             117496 kB
SReclaimable:      36336 kB
SUnreclaim:        81160 kB
KernelStack:       32752 kB
PageTables:        56432 kB
NFS_Unstable:          0 kB
Bounce:                0 kB
WritebackTmp:          0 kB
CommitLimit:     2172840 kB
Committed_AS:   91636828 kB
VmallocTotal:   251658176 kB
VmallocUsed:      140808 kB
VmallocChunk:   251435052 kB
Time pass: 188 sec

---2015-12-05 14:07:44
MemTotal:        2905316 kB
MemFree:           91072 kB
Buffers:           26252 kB
Cached:          1049364 kB
SwapCached:            0 kB
Active:          1299900 kB
Inactive:         713268 kB
Active(anon):     784532 kB
Inactive(anon):   200772 kB
Active(file):     515368 kB
Inactive(file):   512496 kB
Unevictable:       12768 kB
Mlocked:               0 kB
SwapTotal:        720184 kB
SwapFree:         720156 kB
Dirty:                 0 kB
Writeback:             0 kB
AnonPages:        950132 kB
Mapped:           661556 kB
Shmem:             34984 kB
Slab:             117476 kB
SReclaimable:      36272 kB
SUnreclaim:        81204 kB
KernelStack:       33072 kB
PageTables:        56584 kB
NFS_Unstable:          0 kB
Bounce:                0 kB
WritebackTmp:          0 kB
CommitLimit:     2172840 kB
Committed_AS:   91666576 kB
VmallocTotal:   251658176 kB
VmallocUsed:      140808 kB
VmallocChunk:   251435052 kB
Time pass: 192 sec

---2015-12-05 14:07:44
MemTotal:        2905316 kB
MemFree:           90432 kB
Buffers:           26260 kB
Cached:          1049416 kB
SwapCached:            0 kB
Active:          1301308 kB
Inactive:         713308 kB
Active(anon):     785936 kB
Inactive(anon):   200772 kB
Active(file):     515372 kB
Inactive(file):   512536 kB
Unevictable:       12768 kB
Mlocked:               0 kB
SwapTotal:        720184 kB
SwapFree:         720156 kB
Dirty:                72 kB
Writeback:             0 kB
AnonPages:        951644 kB
Mapped:           661592 kB
Shmem:             35000 kB
Slab:             117448 kB
SReclaimable:      36272 kB
SUnreclaim:        81176 kB
KernelStack:       33056 kB
PageTables:        56584 kB
NFS_Unstable:          0 kB
Bounce:                0 kB
WritebackTmp:          0 kB
CommitLimit:     2172840 kB
Committed_AS:   91666444 kB
VmallocTotal:   251658176 kB
VmallocUsed:      140808 kB
VmallocChunk:   251435052 kB
Time pass: 196 sec

---2015-12-05 14:07:44
MemTotal:        2905316 kB
MemFree:           89760 kB
Buffers:           26268 kB
Cached:          1049444 kB
SwapCached:            0 kB
Active:          1300924 kB
Inactive:         713348 kB
Active(anon):     785540 kB
Inactive(anon):   200804 kB
Active(file):     515384 kB
Inactive(file):   512544 kB
Unevictable:       12768 kB
Mlocked:               0 kB
SwapTotal:        720184 kB
SwapFree:         720156 kB
Dirty:                36 kB
Writeback:             0 kB
AnonPages:        951340 kB
Mapped:           661668 kB
Shmem:             35016 kB
Slab:             117448 kB
SReclaimable:      36272 kB
SUnreclaim:        81176 kB
KernelStack:       33008 kB
PageTables:        56560 kB
NFS_Unstable:          0 kB
Bounce:                0 kB
WritebackTmp:          0 kB
CommitLimit:     2172840 kB
Committed_AS:   91666456 kB
VmallocTotal:   251658176 kB
VmallocUsed:      140808 kB
VmallocChunk:   251435052 kB
Time pass: 200 sec

---2015-12-05 14:07:44
MemTotal:        2905316 kB
MemFree:           89236 kB
Buffers:           26276 kB
Cached:          1049460 kB
SwapCached:            0 kB
Active:          1301352 kB
Inactive:         713368 kB
Active(anon):     785964 kB
Inactive(anon):   200808 kB
Active(file):     515388 kB
Inactive(file):   512560 kB
Unevictable:       12768 kB
Mlocked:               0 kB
SwapTotal:        720184 kB
SwapFree:         720156 kB
Dirty:                16 kB
Writeback:             0 kB
AnonPages:        951804 kB
Mapped:           661712 kB
Shmem:             35020 kB
Slab:             117452 kB
SReclaimable:      36272 kB
SUnreclaim:        81180 kB
KernelStack:       33104 kB
PageTables:        56556 kB
NFS_Unstable:          0 kB
Bounce:                0 kB
WritebackTmp:          0 kB
CommitLimit:     2172840 kB
Committed_AS:   91666568 kB
VmallocTotal:   251658176 kB
VmallocUsed:      140808 kB
VmallocChunk:   251435052 kB
Time pass: 203 sec

---2015-12-05 14:07:44
MemTotal:        2905316 kB
MemFree:           88284 kB
Buffers:           26284 kB
Cached:          1049488 kB
SwapCached:            0 kB
Active:          1302036 kB
Inactive:         713396 kB
Active(anon):     786640 kB
Inactive(anon):   200808 kB
Active(file):     515396 kB
Inactive(file):   512588 kB
Unevictable:       12768 kB
Mlocked:               0 kB
SwapTotal:        720184 kB
SwapFree:         720156 kB
Dirty:                52 kB
Writeback:             0 kB
AnonPages:        952512 kB
Mapped:           661684 kB
Shmem:             35020 kB
Slab:             117452 kB
SReclaimable:      36272 kB
SUnreclaim:        81180 kB
KernelStack:       33104 kB
PageTables:        56536 kB
NFS_Unstable:          0 kB
Bounce:                0 kB
WritebackTmp:          0 kB
CommitLimit:     2172840 kB
Committed_AS:   91666516 kB
VmallocTotal:   251658176 kB
VmallocUsed:      140808 kB
VmallocChunk:   251435052 kB
Time pass: 207 sec

---2015-12-05 14:07:44
MemTotal:        2905316 kB
MemFree:           87660 kB
Buffers:           26300 kB
Cached:          1049568 kB
SwapCached:            0 kB
Active:          1302916 kB
Inactive:         713468 kB
Active(anon):     787496 kB
Inactive(anon):   200856 kB
Active(file):     515420 kB
Inactive(file):   512612 kB
Unevictable:       12768 kB
Mlocked:               0 kB
SwapTotal:        720184 kB
SwapFree:         720156 kB
Dirty:                64 kB
Writeback:             0 kB
AnonPages:        953332 kB
Mapped:           661804 kB
Shmem:             35068 kB
Slab:             117460 kB
SReclaimable:      36272 kB
SUnreclaim:        81188 kB
KernelStack:       33072 kB
PageTables:        56600 kB
NFS_Unstable:          0 kB
Bounce:                0 kB
WritebackTmp:          0 kB
CommitLimit:     2172840 kB
Committed_AS:   91693152 kB
VmallocTotal:   251658176 kB
VmallocUsed:      140808 kB
VmallocChunk:   251435052 kB
Time pass: 211 sec

---2015-12-05 14:07:44
MemTotal:        2905316 kB
MemFree:           80984 kB
Buffers:           26316 kB
Cached:          1050032 kB
SwapCached:            0 kB
Active:          1305248 kB
Inactive:         713760 kB
Active(anon):     789668 kB
Inactive(anon):   200868 kB
Active(file):     515580 kB
Inactive(file):   512892 kB
Unevictable:       12768 kB
Mlocked:               0 kB
SwapTotal:        720184 kB
SwapFree:         720156 kB
Dirty:                68 kB
Writeback:             0 kB
AnonPages:        955504 kB
Mapped:           661976 kB
Shmem:             35080 kB
Slab:             120984 kB
SReclaimable:      39528 kB
SUnreclaim:        81456 kB
KernelStack:       33136 kB
PageTables:        56712 kB
NFS_Unstable:          0 kB
Bounce:                0 kB
WritebackTmp:          0 kB
CommitLimit:     2172840 kB
Committed_AS:   91704696 kB
VmallocTotal:   251658176 kB
VmallocUsed:      141828 kB
VmallocChunk:   251405868 kB
Time pass: 215 sec

---2015-12-05 14:07:44
MemTotal:        2905316 kB
MemFree:           80788 kB
Buffers:           26316 kB
Cached:          1050568 kB
SwapCached:            0 kB
Active:          1304592 kB
Inactive:         714256 kB
Active(anon):     788984 kB
Inactive(anon):   200868 kB
Active(file):     515608 kB
Inactive(file):   513388 kB
Unevictable:       12768 kB
Mlocked:               0 kB
SwapTotal:        720184 kB
SwapFree:         720156 kB
Dirty:                 8 kB
Writeback:             0 kB
AnonPages:        954904 kB
Mapped:           662076 kB
Shmem:             35080 kB
Slab:             121532 kB
SReclaimable:      40012 kB
SUnreclaim:        81520 kB
KernelStack:       33104 kB
PageTables:        56668 kB
NFS_Unstable:          0 kB
Bounce:                0 kB
WritebackTmp:          0 kB
CommitLimit:     2172840 kB
Committed_AS:   91699064 kB
VmallocTotal:   251658176 kB
VmallocUsed:      140808 kB
VmallocChunk:   251435052 kB
Time pass: 219 sec

---2015-12-05 14:07:44
MemTotal:        2905316 kB
MemFree:           81392 kB
Buffers:           26324 kB
Cached:          1050568 kB
SwapCached:            0 kB
Active:          1303696 kB
Inactive:         714256 kB
Active(anon):     788080 kB
Inactive(anon):   200868 kB
Active(file):     515616 kB
Inactive(file):   513388 kB
Unevictable:       12768 kB
Mlocked:               0 kB
SwapTotal:        720184 kB
SwapFree:         720156 kB
Dirty:                44 kB
Writeback:             0 kB
AnonPages:        953812 kB
Mapped:           662076 kB
Shmem:             35080 kB
Slab:             121508 kB
SReclaimable:      40012 kB
SUnreclaim:        81496 kB
KernelStack:       33056 kB
PageTables:        56616 kB
NFS_Unstable:          0 kB
Bounce:                0 kB
WritebackTmp:          0 kB
CommitLimit:     2172840 kB
Committed_AS:   91693152 kB
VmallocTotal:   251658176 kB
VmallocUsed:      140808 kB
VmallocChunk:   251435052 kB
Time pass: 223 sec

---2015-12-05 14:07:44
MemTotal:        2905316 kB
MemFree:           81192 kB
Buffers:           26332 kB
Cached:          1050656 kB
SwapCached:            0 kB
Active:          1304088 kB
Inactive:         714352 kB
Active(anon):     788436 kB
Inactive(anon):   200900 kB
Active(file):     515652 kB
Inactive(file):   513452 kB
Unevictable:       12768 kB
Mlocked:               0 kB
SwapTotal:        720184 kB
SwapFree:         720156 kB
Dirty:               144 kB
Writeback:             0 kB
AnonPages:        954372 kB
Mapped:           662128 kB
Shmem:             35116 kB
Slab:             121440 kB
SReclaimable:      40012 kB
SUnreclaim:        81428 kB
KernelStack:       33056 kB
PageTables:        56700 kB
NFS_Unstable:          0 kB
Bounce:                0 kB
WritebackTmp:          0 kB
CommitLimit:     2172840 kB
Committed_AS:   91701468 kB
VmallocTotal:   251658176 kB
VmallocUsed:      140808 kB
VmallocChunk:   251435052 kB
Time pass: 227 sec

---2015-12-05 14:07:44
MemTotal:        2905316 kB
MemFree:           80056 kB
Buffers:           26340 kB
Cached:          1050744 kB
SwapCached:            0 kB
Active:          1304276 kB
Inactive:         714448 kB
Active(anon):     788620 kB
Inactive(anon):   200996 kB
Active(file):     515656 kB
Inactive(file):   513452 kB
Unevictable:       12768 kB
Mlocked:               0 kB
SwapTotal:        720184 kB
SwapFree:         720156 kB
Dirty:                12 kB
Writeback:             0 kB
AnonPages:        954404 kB
Mapped:           662228 kB
Shmem:             35208 kB
Slab:             121440 kB
SReclaimable:      40012 kB
SUnreclaim:        81428 kB
KernelStack:       33056 kB
PageTables:        56704 kB
NFS_Unstable:          0 kB
Bounce:                0 kB
WritebackTmp:          0 kB
CommitLimit:     2172840 kB
Committed_AS:   91701404 kB
VmallocTotal:   251658176 kB
VmallocUsed:      140808 kB
VmallocChunk:   251435052 kB
Time pass: 231 sec

---2015-12-05 14:07:44
MemTotal:        2905316 kB
MemFree:           79416 kB
Buffers:           26340 kB
Cached:          1050820 kB
SwapCached:            0 kB
Active:          1305052 kB
Inactive:         714516 kB
Active(anon):     789388 kB
Inactive(anon):   201056 kB
Active(file):     515664 kB
Inactive(file):   513460 kB
Unevictable:       12768 kB
Mlocked:               0 kB
SwapTotal:        720184 kB
SwapFree:         720156 kB
Dirty:                16 kB
Writeback:             0 kB
AnonPages:        955124 kB
Mapped:           662296 kB
Shmem:             35268 kB
Slab:             121436 kB
SReclaimable:      40012 kB
SUnreclaim:        81424 kB
KernelStack:       33072 kB
PageTables:        56708 kB
NFS_Unstable:          0 kB
Bounce:                0 kB
WritebackTmp:          0 kB
CommitLimit:     2172840 kB
Committed_AS:   91701416 kB
VmallocTotal:   251658176 kB
VmallocUsed:      140808 kB
VmallocChunk:   251435052 kB
Time pass: 235 sec

---2015-12-05 14:07:44
MemTotal:        2905316 kB
MemFree:           79640 kB
Buffers:           26348 kB
Cached:          1050852 kB
SwapCached:            0 kB
Active:          1304808 kB
Inactive:         714552 kB
Active(anon):     789140 kB
Inactive(anon):   201080 kB
Active(file):     515668 kB
Inactive(file):   513472 kB
Unevictable:       12768 kB
Mlocked:               0 kB
SwapTotal:        720184 kB
SwapFree:         720156 kB
Dirty:                 4 kB
Writeback:             0 kB
AnonPages:        954920 kB
Mapped:           662332 kB
Shmem:             35292 kB
Slab:             121436 kB
SReclaimable:      40012 kB
SUnreclaim:        81424 kB
KernelStack:       33072 kB
PageTables:        56704 kB
NFS_Unstable:          0 kB
Bounce:                0 kB
WritebackTmp:          0 kB
CommitLimit:     2172840 kB
Committed_AS:   91701392 kB
VmallocTotal:   251658176 kB
VmallocUsed:      140808 kB
VmallocChunk:   251435052 kB
Time pass: 239 sec

---2015-12-05 14:07:44
MemTotal:        2905316 kB
MemFree:           75840 kB
Buffers:           26356 kB
Cached:          1050672 kB
SwapCached:            0 kB
Active:          1309404 kB
Inactive:         714348 kB
Active(anon):     793708 kB
Inactive(anon):   200860 kB
Active(file):     515696 kB
Inactive(file):   513488 kB
Unevictable:       12768 kB
Mlocked:               0 kB
SwapTotal:        720184 kB
SwapFree:         720156 kB
Dirty:                84 kB
Writeback:             0 kB
AnonPages:        959648 kB
Mapped:           662124 kB
Shmem:             35076 kB
Slab:             121444 kB
SReclaimable:      40012 kB
SUnreclaim:        81432 kB
KernelStack:       33088 kB
PageTables:        56708 kB
NFS_Unstable:          0 kB
Bounce:                0 kB
WritebackTmp:          0 kB
CommitLimit:     2172840 kB
Committed_AS:   91737088 kB
VmallocTotal:   251658176 kB
VmallocUsed:      140808 kB
VmallocChunk:   251435052 kB
Time pass: 243 sec

---2015-12-05 14:07:44
MemTotal:        2905316 kB
MemFree:           75680 kB
Buffers:           26364 kB
Cached:          1050684 kB
SwapCached:            0 kB
Active:          1308660 kB
Inactive:         714364 kB
Active(anon):     792956 kB
Inactive(anon):   200872 kB
Active(file):     515704 kB
Inactive(file):   513492 kB
Unevictable:       12768 kB
Mlocked:               0 kB
SwapTotal:        720184 kB
SwapFree:         720156 kB
Dirty:                44 kB
Writeback:             0 kB
AnonPages:        958992 kB
Mapped:           662160 kB
Shmem:             35084 kB
Slab:             121444 kB
SReclaimable:      40012 kB
SUnreclaim:        81432 kB
KernelStack:       33088 kB
PageTables:        56732 kB
NFS_Unstable:          0 kB
Bounce:                0 kB
WritebackTmp:          0 kB
CommitLimit:     2172840 kB
Committed_AS:   91737100 kB
VmallocTotal:   251658176 kB
VmallocUsed:      140808 kB
VmallocChunk:   251435052 kB
Time pass: 247 sec

---2015-12-05 14:07:44
MemTotal:        2905316 kB
MemFree:           76020 kB
Buffers:           26364 kB
Cached:          1050692 kB
SwapCached:            0 kB
Active:          1309040 kB
Inactive:         714372 kB
Active(anon):     793336 kB
Inactive(anon):   200880 kB
Active(file):     515704 kB
Inactive(file):   513492 kB
Unevictable:       12768 kB
Mlocked:               0 kB
SwapTotal:        720184 kB
SwapFree:         720156 kB
Dirty:                 4 kB
Writeback:             0 kB
AnonPages:        959060 kB
Mapped:           662152 kB
Shmem:             35092 kB
Slab:             121440 kB
SReclaimable:      40008 kB
SUnreclaim:        81432 kB
KernelStack:       33088 kB
PageTables:        56708 kB
NFS_Unstable:          0 kB
Bounce:                0 kB
WritebackTmp:          0 kB
CommitLimit:     2172840 kB
Committed_AS:   91737100 kB
VmallocTotal:   251658176 kB
VmallocUsed:      140808 kB
VmallocChunk:   251435052 kB
Time pass: 250 sec

---2015-12-05 14:07:44
MemTotal:        2905316 kB
MemFree:           74332 kB
Buffers:           26372 kB
Cached:          1050744 kB
SwapCached:            0 kB
Active:          1310872 kB
Inactive:         714416 kB
Active(anon):     795152 kB
Inactive(anon):   200884 kB
Active(file):     515720 kB
Inactive(file):   513532 kB
Unevictable:       12768 kB
Mlocked:               0 kB
SwapTotal:        720184 kB
SwapFree:         720156 kB
Dirty:                20 kB
Writeback:             0 kB
AnonPages:        961080 kB
Mapped:           662204 kB
Shmem:             35096 kB
Slab:             121376 kB
SReclaimable:      40008 kB
SUnreclaim:        81368 kB
KernelStack:       33056 kB
PageTables:        56708 kB
NFS_Unstable:          0 kB
Bounce:                0 kB
WritebackTmp:          0 kB
CommitLimit:     2172840 kB
Committed_AS:   91737136 kB
VmallocTotal:   251658176 kB
VmallocUsed:      140808 kB
VmallocChunk:   251435052 kB
Time pass: 254 sec

---2015-12-05 14:07:44
MemTotal:        2905316 kB
MemFree:           73192 kB
Buffers:           26380 kB
Cached:          1050748 kB
SwapCached:            0 kB
Active:          1311696 kB
Inactive:         714420 kB
Active(anon):     795968 kB
Inactive(anon):   200884 kB
Active(file):     515728 kB
Inactive(file):   513536 kB
Unevictable:       12768 kB
Mlocked:               0 kB
SwapTotal:        720184 kB
SwapFree:         720156 kB
Dirty:                 4 kB
Writeback:             0 kB
AnonPages:        961764 kB
Mapped:           662276 kB
Shmem:             35096 kB
Slab:             121376 kB
SReclaimable:      40008 kB
SUnreclaim:        81368 kB
KernelStack:       33040 kB
PageTables:        56732 kB
NFS_Unstable:          0 kB
Bounce:                0 kB
WritebackTmp:          0 kB
CommitLimit:     2172840 kB
Committed_AS:   91737184 kB
VmallocTotal:   251658176 kB
VmallocUsed:      140808 kB
VmallocChunk:   251435052 kB
Time pass: 258 sec

---2015-12-05 14:07:44
MemTotal:        2905316 kB
MemFree:           73108 kB
Buffers:           26380 kB
Cached:          1050760 kB
SwapCached:            0 kB
Active:          1312608 kB
Inactive:         714424 kB
Active(anon):     796872 kB
Inactive(anon):   200888 kB
Active(file):     515736 kB
Inactive(file):   513536 kB
Unevictable:       12768 kB
Mlocked:               0 kB
SwapTotal:        720184 kB
SwapFree:         720156 kB
Dirty:                16 kB
Writeback:             0 kB
AnonPages:        962524 kB
Mapped:           662284 kB
Shmem:             35100 kB
Slab:             121376 kB
SReclaimable:      40008 kB
SUnreclaim:        81368 kB
KernelStack:       33040 kB
PageTables:        56732 kB
NFS_Unstable:          0 kB
Bounce:                0 kB
WritebackTmp:          0 kB
CommitLimit:     2172840 kB
Committed_AS:   91737144 kB
VmallocTotal:   251658176 kB
VmallocUsed:      140808 kB
VmallocChunk:   251435052 kB
Time pass: 262 sec

---2015-12-05 14:07:44
MemTotal:        2905316 kB
MemFree:           71672 kB
Buffers:           26388 kB
Cached:          1050800 kB
SwapCached:            0 kB
Active:          1313504 kB
Inactive:         714464 kB
Active(anon):     797760 kB
Inactive(anon):   200892 kB
Active(file):     515744 kB
Inactive(file):   513572 kB
Unevictable:       12768 kB
Mlocked:               0 kB
SwapTotal:        720184 kB
SwapFree:         720156 kB
Dirty:                12 kB
Writeback:             0 kB
AnonPages:        963672 kB
Mapped:           662324 kB
Shmem:             35104 kB
Slab:             121376 kB
SReclaimable:      40008 kB
SUnreclaim:        81368 kB
KernelStack:       32976 kB
PageTables:        56736 kB
NFS_Unstable:          0 kB
Bounce:                0 kB
WritebackTmp:          0 kB
CommitLimit:     2172840 kB
Committed_AS:   91737064 kB
VmallocTotal:   251658176 kB
VmallocUsed:      140808 kB
VmallocChunk:   251435052 kB
Time pass: 266 sec

---2015-12-05 14:07:44
MemTotal:        2905316 kB
MemFree:           70772 kB
Buffers:           26404 kB
Cached:          1050800 kB
SwapCached:            0 kB
Active:          1314692 kB
Inactive:         714476 kB
Active(anon):     798944 kB
Inactive(anon):   200896 kB
Active(file):     515748 kB
Inactive(file):   513580 kB
Unevictable:       12768 kB
Mlocked:               0 kB
SwapTotal:        720184 kB
SwapFree:         720156 kB
Dirty:                32 kB
Writeback:             0 kB
AnonPages:        964724 kB
Mapped:           662332 kB
Shmem:             35108 kB
Slab:             121376 kB
SReclaimable:      40008 kB
SUnreclaim:        81368 kB
KernelStack:       32976 kB
PageTables:        56736 kB
NFS_Unstable:          0 kB
Bounce:                0 kB
WritebackTmp:          0 kB
CommitLimit:     2172840 kB
Committed_AS:   91737076 kB
VmallocTotal:   251658176 kB
VmallocUsed:      140808 kB
VmallocChunk:   251435052 kB
Time pass: 270 sec

---2015-12-05 14:07:44
MemTotal:        2905316 kB
MemFree:           69208 kB
Buffers:           26404 kB
Cached:          1050900 kB
SwapCached:            0 kB
Active:          1315404 kB
Inactive:         714572 kB
Active(anon):     799652 kB
Inactive(anon):   200980 kB
Active(file):     515752 kB
Inactive(file):   513592 kB
Unevictable:       12768 kB
Mlocked:               0 kB
SwapTotal:        720184 kB
SwapFree:         720156 kB
Dirty:                 4 kB
Writeback:             0 kB
AnonPages:        965548 kB
Mapped:           662436 kB
Shmem:             35192 kB
Slab:             121364 kB
SReclaimable:      40004 kB
SUnreclaim:        81360 kB
KernelStack:       32976 kB
PageTables:        56788 kB
NFS_Unstable:          0 kB
Bounce:                0 kB
WritebackTmp:          0 kB
CommitLimit:     2172840 kB
Committed_AS:   91763688 kB
VmallocTotal:   251658176 kB
VmallocUsed:      140808 kB
VmallocChunk:   251435052 kB
Time pass: 274 sec

---2015-12-05 14:07:44
MemTotal:        2905316 kB
MemFree:           69684 kB
Buffers:           26412 kB
Cached:          1050900 kB
SwapCached:            0 kB
Active:          1315440 kB
Inactive:         714580 kB
Active(anon):     799688 kB
Inactive(anon):   200980 kB
Active(file):     515752 kB
Inactive(file):   513600 kB
Unevictable:       12768 kB
Mlocked:               0 kB
SwapTotal:        720184 kB
SwapFree:         720156 kB
Dirty:                 4 kB
Writeback:             0 kB
AnonPages:        965584 kB
Mapped:           662440 kB
Shmem:             35192 kB
Slab:             121364 kB
SReclaimable:      40004 kB
SUnreclaim:        81360 kB
KernelStack:       33008 kB
PageTables:        56784 kB
NFS_Unstable:          0 kB
Bounce:                0 kB
WritebackTmp:          0 kB
CommitLimit:     2172840 kB
Committed_AS:   91763700 kB
VmallocTotal:   251658176 kB
VmallocUsed:      140808 kB
VmallocChunk:   251435052 kB
Time pass: 278 sec

---2015-12-05 14:07:44
MemTotal:        2905316 kB
MemFree:           69196 kB
Buffers:           26420 kB
Cached:          1050908 kB
SwapCached:            0 kB
Active:          1316216 kB
Inactive:         714588 kB
Active(anon):     800460 kB
Inactive(anon):   200984 kB
Active(file):     515756 kB
Inactive(file):   513604 kB
Unevictable:       12768 kB
Mlocked:               0 kB
SwapTotal:        720184 kB
SwapFree:         720156 kB
Dirty:                16 kB
Writeback:             0 kB
AnonPages:        966260 kB
Mapped:           662448 kB
Shmem:             35196 kB
Slab:             121364 kB
SReclaimable:      40004 kB
SUnreclaim:        81360 kB
KernelStack:       32976 kB
PageTables:        56788 kB
NFS_Unstable:          0 kB
Bounce:                0 kB
WritebackTmp:          0 kB
CommitLimit:     2172840 kB
Committed_AS:   91763736 kB
VmallocTotal:   251658176 kB
VmallocUsed:      140808 kB
VmallocChunk:   251435052 kB
Time pass: 282 sec

---2015-12-05 14:07:44
MemTotal:        2905316 kB
MemFree:           68920 kB
Buffers:           26420 kB
Cached:          1050916 kB
SwapCached:            0 kB
Active:          1316448 kB
Inactive:         714596 kB
Active(anon):     800688 kB
Inactive(anon):   200984 kB
Active(file):     515760 kB
Inactive(file):   513612 kB
Unevictable:       12768 kB
Mlocked:               0 kB
SwapTotal:        720184 kB
SwapFree:         720156 kB
Dirty:                12 kB
Writeback:             0 kB
AnonPages:        966588 kB
Mapped:           662456 kB
Shmem:             35196 kB
Slab:             121364 kB
SReclaimable:      40004 kB
SUnreclaim:        81360 kB
KernelStack:       32976 kB
PageTables:        56788 kB
NFS_Unstable:          0 kB
Bounce:                0 kB
WritebackTmp:          0 kB
CommitLimit:     2172840 kB
Committed_AS:   91763640 kB
VmallocTotal:   251658176 kB
VmallocUsed:      140808 kB
VmallocChunk:   251435052 kB
Time pass: 286 sec

---2015-12-05 14:07:44
MemTotal:        2905316 kB
MemFree:           68404 kB
Buffers:           26428 kB
Cached:          1050928 kB
SwapCached:            0 kB
Active:          1316372 kB
Inactive:         714608 kB
Active(anon):     800604 kB
Inactive(anon):   200988 kB
Active(file):     515768 kB
Inactive(file):   513620 kB
Unevictable:       12768 kB
Mlocked:               0 kB
SwapTotal:        720184 kB
SwapFree:         720156 kB
Dirty:                12 kB
Writeback:             0 kB
AnonPages:        966348 kB
Mapped:           662404 kB
Shmem:             35200 kB
Slab:             121364 kB
SReclaimable:      40004 kB
SUnreclaim:        81360 kB
KernelStack:       32976 kB
PageTables:        56764 kB
NFS_Unstable:          0 kB
Bounce:                0 kB
WritebackTmp:          0 kB
CommitLimit:     2172840 kB
Committed_AS:   91763688 kB
VmallocTotal:   251658176 kB
VmallocUsed:      140808 kB
VmallocChunk:   251435052 kB
Time pass: 290 sec

---2015-12-05 14:07:44
MemTotal:        2905316 kB
MemFree:           68440 kB
Buffers:           26436 kB
Cached:          1050924 kB
SwapCached:            0 kB
Active:          1316568 kB
Inactive:         714608 kB
Active(anon):     800800 kB
Inactive(anon):   200988 kB
Active(file):     515768 kB
Inactive(file):   513620 kB
Unevictable:       12768 kB
Mlocked:               0 kB
SwapTotal:        720184 kB
SwapFree:         720156 kB
Dirty:                12 kB
Writeback:             0 kB
AnonPages:        966792 kB
Mapped:           662464 kB
Shmem:             35200 kB
Slab:             121364 kB
SReclaimable:      40004 kB
SUnreclaim:        81360 kB
KernelStack:       33008 kB
PageTables:        56788 kB
NFS_Unstable:          0 kB
Bounce:                0 kB
WritebackTmp:          0 kB
CommitLimit:     2172840 kB
Committed_AS:   91763688 kB
VmallocTotal:   251658176 kB
VmallocUsed:      140808 kB
VmallocChunk:   251435052 kB
Time pass: 294 sec

---2015-12-05 14:07:44
MemTotal:        2905316 kB
MemFree:           67628 kB
Buffers:           26436 kB
Cached:          1050960 kB
SwapCached:            0 kB
Active:          1317408 kB
Inactive:         714636 kB
Active(anon):     801628 kB
Inactive(anon):   200992 kB
Active(file):     515780 kB
Inactive(file):   513644 kB
Unevictable:       12768 kB
Mlocked:               0 kB
SwapTotal:        720184 kB
SwapFree:         720156 kB
Dirty:                40 kB
Writeback:             0 kB
AnonPages:        967492 kB
Mapped:           662472 kB
Shmem:             35204 kB
Slab:             121368 kB
SReclaimable:      40004 kB
SUnreclaim:        81364 kB
KernelStack:       33008 kB
PageTables:        56784 kB
NFS_Unstable:          0 kB
Bounce:                0 kB
WritebackTmp:          0 kB
CommitLimit:     2172840 kB
Committed_AS:   91763700 kB
VmallocTotal:   251658176 kB
VmallocUsed:      140808 kB
VmallocChunk:   251435052 kB
Time pass: 298 sec

---2015-12-05 14:07:44
MemTotal:        2905316 kB
MemFree:           66768 kB
Buffers:           26444 kB
Cached:          1051028 kB
SwapCached:            0 kB
Active:          1318180 kB
Inactive:         714704 kB
Active(anon):     802392 kB
Inactive(anon):   201056 kB
Active(file):     515788 kB
Inactive(file):   513648 kB
Unevictable:       12768 kB
Mlocked:               0 kB
SwapTotal:        720184 kB
SwapFree:         720156 kB
Dirty:                12 kB
Writeback:             0 kB
AnonPages:        968296 kB
Mapped:           662544 kB
Shmem:             35268 kB
Slab:             121368 kB
SReclaimable:      40004 kB
SUnreclaim:        81364 kB
KernelStack:       33024 kB
PageTables:        56836 kB
NFS_Unstable:          0 kB
Bounce:                0 kB
WritebackTmp:          0 kB
CommitLimit:     2172840 kB
Committed_AS:   91790396 kB
VmallocTotal:   251658176 kB
VmallocUsed:      140808 kB
VmallocChunk:   251435052 kB
Time pass: 301 sec

---2015-12-05 14:07:44
MemTotal:        2905316 kB
MemFree:           66636 kB
Buffers:           26452 kB
Cached:          1051060 kB
SwapCached:            0 kB
Active:          1318116 kB
Inactive:         714744 kB
Active(anon):     802328 kB
Inactive(anon):   201084 kB
Active(file):     515788 kB
Inactive(file):   513660 kB
Unevictable:       12768 kB
Mlocked:               0 kB
SwapTotal:        720184 kB
SwapFree:         720156 kB
Dirty:                 4 kB
Writeback:             0 kB
AnonPages:        968140 kB
Mapped:           662572 kB
Shmem:             35296 kB
Slab:             121364 kB
SReclaimable:      40004 kB
SUnreclaim:        81360 kB
KernelStack:       33024 kB
PageTables:        56840 kB
NFS_Unstable:          0 kB
Bounce:                0 kB
WritebackTmp:          0 kB
CommitLimit:     2172840 kB
Committed_AS:   91790420 kB
VmallocTotal:   251658176 kB
VmallocUsed:      140808 kB
VmallocChunk:   251435052 kB
Time pass: 305 sec

---2015-12-05 14:07:44
MemTotal:        2905316 kB
MemFree:           66904 kB
Buffers:           26460 kB
Cached:          1051060 kB
SwapCached:            0 kB
Active:          1318060 kB
Inactive:         714752 kB
Active(anon):     802272 kB
Inactive(anon):   201084 kB
Active(file):     515788 kB
Inactive(file):   513668 kB
Unevictable:       12768 kB
Mlocked:               0 kB
SwapTotal:        720184 kB
SwapFree:         720156 kB
Dirty:                 0 kB
Writeback:             8 kB
AnonPages:        968248 kB
Mapped:           662572 kB
Shmem:             35296 kB
Slab:             121364 kB
SReclaimable:      40004 kB
SUnreclaim:        81360 kB
KernelStack:       33024 kB
PageTables:        56840 kB
NFS_Unstable:          0 kB
Bounce:                0 kB
WritebackTmp:          0 kB
CommitLimit:     2172840 kB
Committed_AS:   91790384 kB
VmallocTotal:   251658176 kB
VmallocUsed:      140808 kB
VmallocChunk:   251435052 kB
Time pass: 309 sec

---2015-12-05 14:07:44
MemTotal:        2905316 kB
MemFree:           66236 kB
Buffers:           26468 kB
Cached:          1051052 kB
SwapCached:            0 kB
Active:          1318136 kB
Inactive:         714752 kB
Active(anon):     802348 kB
Inactive(anon):   201084 kB
Active(file):     515788 kB
Inactive(file):   513668 kB
Unevictable:       12768 kB
Mlocked:               0 kB
SwapTotal:        720184 kB
SwapFree:         720156 kB
Dirty:                 4 kB
Writeback:             0 kB
AnonPages:        968244 kB
Mapped:           662576 kB
Shmem:             35296 kB
Slab:             121364 kB
SReclaimable:      40004 kB
SUnreclaim:        81360 kB
KernelStack:       33008 kB
PageTables:        56840 kB
NFS_Unstable:          0 kB
Bounce:                0 kB
WritebackTmp:          0 kB
CommitLimit:     2172840 kB
Committed_AS:   91790380 kB
VmallocTotal:   251658176 kB
VmallocUsed:      140808 kB
VmallocChunk:   251435052 kB
Time pass: 313 sec

---2015-12-05 14:07:44
MemTotal:        2905316 kB
MemFree:           66372 kB
Buffers:           26468 kB
Cached:          1051064 kB
SwapCached:            0 kB
Active:          1318408 kB
Inactive:         714760 kB
Active(anon):     802616 kB
Inactive(anon):   201084 kB
Active(file):     515792 kB
Inactive(file):   513676 kB
Unevictable:       12768 kB
Mlocked:               0 kB
SwapTotal:        720184 kB
SwapFree:         720156 kB
Dirty:                 8 kB
Writeback:             0 kB
AnonPages:        968372 kB
Mapped:           662580 kB
Shmem:             35296 kB
Slab:             121364 kB
SReclaimable:      40004 kB
SUnreclaim:        81360 kB
KernelStack:       32992 kB
PageTables:        56840 kB
NFS_Unstable:          0 kB
Bounce:                0 kB
WritebackTmp:          0 kB
CommitLimit:     2172840 kB
Committed_AS:   91790300 kB
VmallocTotal:   251658176 kB
VmallocUsed:      140808 kB
VmallocChunk:   251435052 kB
Time pass: 317 sec

---2015-12-05 14:07:44
MemTotal:        2905316 kB
MemFree:           66060 kB
Buffers:           26476 kB
Cached:          1051068 kB
SwapCached:            0 kB
Active:          1318576 kB
Inactive:         714768 kB
Active(anon):     802784 kB
Inactive(anon):   201084 kB
Active(file):     515792 kB
Inactive(file):   513684 kB
Unevictable:       12768 kB
Mlocked:               0 kB
SwapTotal:        720184 kB
SwapFree:         720156 kB
Dirty:                 4 kB
Writeback:             0 kB
AnonPages:        968720 kB
Mapped:           662596 kB
Shmem:             35300 kB
Slab:             121364 kB
SReclaimable:      40004 kB
SUnreclaim:        81360 kB
KernelStack:       32960 kB
PageTables:        56836 kB
NFS_Unstable:          0 kB
Bounce:                0 kB
WritebackTmp:          0 kB
CommitLimit:     2172840 kB
Committed_AS:   91790272 kB
VmallocTotal:   251658176 kB
VmallocUsed:      140808 kB
VmallocChunk:   251435052 kB
Time pass: 321 sec

---2015-12-05 14:07:44
MemTotal:        2905316 kB
MemFree:           65672 kB
Buffers:           26484 kB
Cached:          1051080 kB
SwapCached:            0 kB
Active:          1319004 kB
Inactive:         714784 kB
Active(anon):     803204 kB
Inactive(anon):   201088 kB
Active(file):     515800 kB
Inactive(file):   513696 kB
Unevictable:       12768 kB
Mlocked:               0 kB
SwapTotal:        720184 kB
SwapFree:         720156 kB
Dirty:                24 kB
Writeback:             0 kB
AnonPages:        969120 kB
Mapped:           662672 kB
Shmem:             35300 kB
Slab:             121364 kB
SReclaimable:      40004 kB
SUnreclaim:        81360 kB
KernelStack:       32960 kB
PageTables:        56832 kB
NFS_Unstable:          0 kB
Bounce:                0 kB
WritebackTmp:          0 kB
CommitLimit:     2172840 kB
Committed_AS:   91790308 kB
VmallocTotal:   251658176 kB
VmallocUsed:      140808 kB
VmallocChunk:   251435052 kB
Time pass: 325 sec

---2015-12-05 14:07:44
MemTotal:        2905316 kB
MemFree:           65420 kB
Buffers:           26492 kB
Cached:          1051096 kB
SwapCached:            0 kB
Active:          1319356 kB
Inactive:         714796 kB
Active(anon):     803544 kB
Inactive(anon):   201088 kB
Active(file):     515812 kB
Inactive(file):   513708 kB
Unevictable:       12768 kB
Mlocked:               0 kB
SwapTotal:        720184 kB
SwapFree:         720156 kB
Dirty:                52 kB
Writeback:             0 kB
AnonPages:        969252 kB
Mapped:           662684 kB
Shmem:             35300 kB
Slab:             121364 kB
SReclaimable:      40004 kB
SUnreclaim:        81360 kB
KernelStack:       32960 kB
PageTables:        56836 kB
NFS_Unstable:          0 kB
Bounce:                0 kB
WritebackTmp:          0 kB
CommitLimit:     2172840 kB
Committed_AS:   91790296 kB
VmallocTotal:   251658176 kB
VmallocUsed:      140808 kB
VmallocChunk:   251435052 kB
Time pass: 328 sec

---2015-12-05 14:07:44
MemTotal:        2905316 kB
MemFree:           63944 kB
Buffers:           26492 kB
Cached:          1051156 kB
SwapCached:            0 kB
Active:          1320176 kB
Inactive:         714852 kB
Active(anon):     804360 kB
Inactive(anon):   201148 kB
Active(file):     515816 kB
Inactive(file):   513704 kB
Unevictable:       12768 kB
Mlocked:               0 kB
SwapTotal:        720184 kB
SwapFree:         720156 kB
Dirty:                 4 kB
Writeback:             0 kB
AnonPages:        970280 kB
Mapped:           662760 kB
Shmem:             35360 kB
Slab:             121364 kB
SReclaimable:      40004 kB
SUnreclaim:        81360 kB
KernelStack:       32960 kB
PageTables:        56888 kB
NFS_Unstable:          0 kB
Bounce:                0 kB
WritebackTmp:          0 kB
CommitLimit:     2172840 kB
Committed_AS:   91816908 kB
VmallocTotal:   251658176 kB
VmallocUsed:      140820 kB
VmallocChunk:   251435052 kB
Time pass: 332 sec

---2015-12-05 14:07:44
MemTotal:        2905316 kB
MemFree:           63420 kB
Buffers:           26500 kB
Cached:          1051164 kB
SwapCached:            0 kB
Active:          1320468 kB
Inactive:         714864 kB
Active(anon):     804648 kB
Inactive(anon):   201152 kB
Active(file):     515820 kB
Inactive(file):   513712 kB
Unevictable:       12768 kB
Mlocked:               0 kB
SwapTotal:        720184 kB
SwapFree:         720156 kB
Dirty:                28 kB
Writeback:             0 kB
AnonPages:        970448 kB
Mapped:           662768 kB
Shmem:             35364 kB
Slab:             121364 kB
SReclaimable:      40004 kB
SUnreclaim:        81360 kB
KernelStack:       32960 kB
PageTables:        56888 kB
NFS_Unstable:          0 kB
Bounce:                0 kB
WritebackTmp:          0 kB
CommitLimit:     2172840 kB
Committed_AS:   91816920 kB
VmallocTotal:   251658176 kB
VmallocUsed:      140820 kB
VmallocChunk:   251435052 kB
Time pass: 336 sec

---2015-12-05 14:07:44
MemTotal:        2905316 kB
MemFree:           62848 kB
Buffers:           26508 kB
Cached:          1051164 kB
SwapCached:            0 kB
Active:          1320376 kB
Inactive:         714872 kB
Active(anon):     804556 kB
Inactive(anon):   201152 kB
Active(file):     515820 kB
Inactive(file):   513720 kB
Unevictable:       12768 kB
Mlocked:               0 kB
SwapTotal:        720184 kB
SwapFree:         720156 kB
Dirty:                16 kB
Writeback:             0 kB
AnonPages:        970472 kB
Mapped:           662776 kB
Shmem:             35364 kB
Slab:             121348 kB
SReclaimable:      39988 kB
SUnreclaim:        81360 kB
KernelStack:       32960 kB
PageTables:        56888 kB
NFS_Unstable:          0 kB
Bounce:                0 kB
WritebackTmp:          0 kB
CommitLimit:     2172840 kB
Committed_AS:   91816908 kB
VmallocTotal:   251658176 kB
VmallocUsed:      140820 kB
VmallocChunk:   251435052 kB
Time pass: 340 sec

---2015-12-05 14:07:44
MemTotal:        2905316 kB
MemFree:           63260 kB
Buffers:           26516 kB
Cached:          1051196 kB
SwapCached:            0 kB
Active:          1320732 kB
Inactive:         714912 kB
Active(anon):     804912 kB
Inactive(anon):   201180 kB
Active(file):     515820 kB
Inactive(file):   513732 kB
Unevictable:       12768 kB
Mlocked:               0 kB
SwapTotal:        720184 kB
SwapFree:         720156 kB
Dirty:                 8 kB
Writeback:             0 kB
AnonPages:        970820 kB
Mapped:           662808 kB
Shmem:             35392 kB
Slab:             121348 kB
SReclaimable:      39988 kB
SUnreclaim:        81360 kB
KernelStack:       32960 kB
PageTables:        56884 kB
NFS_Unstable:          0 kB
Bounce:                0 kB
WritebackTmp:          0 kB
CommitLimit:     2172840 kB
Committed_AS:   91816920 kB
VmallocTotal:   251658176 kB
VmallocUsed:      140820 kB
VmallocChunk:   251435052 kB
Time pass: 344 sec

---2015-12-05 14:07:44
MemTotal:        2905316 kB
MemFree:           70532 kB
Buffers:           26524 kB
Cached:          1044540 kB
SwapCached:            0 kB
Active:          1316364 kB
Inactive:         712836 kB
Active(anon):     804892 kB
Inactive(anon):   201408 kB
Active(file):     511472 kB
Inactive(file):   511428 kB
Unevictable:       12768 kB
Mlocked:               0 kB
SwapTotal:        720184 kB
SwapFree:         720156 kB
Dirty:                 0 kB
Writeback:             8 kB
AnonPages:        971012 kB
Mapped:           662632 kB
Shmem:             35396 kB
Slab:             121300 kB
SReclaimable:      39940 kB
SUnreclaim:        81360 kB
KernelStack:       32928 kB
PageTables:        56888 kB
NFS_Unstable:          0 kB
Bounce:                0 kB
WritebackTmp:          0 kB
CommitLimit:     2172840 kB
Committed_AS:   91816884 kB
VmallocTotal:   251658176 kB
VmallocUsed:      140820 kB
VmallocChunk:   251435052 kB
Time pass: 348 sec

---2015-12-05 14:07:44
MemTotal:        2905316 kB
MemFree:           69972 kB
Buffers:           26524 kB
Cached:          1044548 kB
SwapCached:            0 kB
Active:          1316472 kB
Inactive:         712844 kB
Active(anon):     805000 kB
Inactive(anon):   201408 kB
Active(file):     511472 kB
Inactive(file):   511436 kB
Unevictable:       12768 kB
Mlocked:               0 kB
SwapTotal:        720184 kB
SwapFree:         720156 kB
Dirty:                16 kB
Writeback:             0 kB
AnonPages:        971120 kB
Mapped:           662632 kB
Shmem:             35396 kB
Slab:             121304 kB
SReclaimable:      39940 kB
SUnreclaim:        81364 kB
KernelStack:       32896 kB
PageTables:        56884 kB
NFS_Unstable:          0 kB
Bounce:                0 kB
WritebackTmp:          0 kB
CommitLimit:     2172840 kB
Committed_AS:   91816908 kB
VmallocTotal:   251658176 kB
VmallocUsed:      140820 kB
VmallocChunk:   251435052 kB
Time pass: 352 sec

---2015-12-05 14:07:44
MemTotal:        2905316 kB
MemFree:           70228 kB
Buffers:           26532 kB
Cached:          1044552 kB
SwapCached:            0 kB
Active:          1317064 kB
Inactive:         712856 kB
Active(anon):     805592 kB
Inactive(anon):   201408 kB
Active(file):     511472 kB
Inactive(file):   511448 kB
Unevictable:       12768 kB
Mlocked:               0 kB
SwapTotal:        720184 kB
SwapFree:         720156 kB
Dirty:                12 kB
Writeback:             0 kB
AnonPages:        971432 kB
Mapped:           662632 kB
Shmem:             35396 kB
Slab:             121312 kB
SReclaimable:      39940 kB
SUnreclaim:        81372 kB
KernelStack:       32912 kB
PageTables:        56888 kB
NFS_Unstable:          0 kB
Bounce:                0 kB
WritebackTmp:          0 kB
CommitLimit:     2172840 kB
Committed_AS:   91816816 kB
VmallocTotal:   251658176 kB
VmallocUsed:      140820 kB
VmallocChunk:   251435052 kB
Time pass: 356 sec

---2015-12-05 14:07:44
MemTotal:        2905316 kB
MemFree:           70128 kB
Buffers:           26540 kB
Cached:          1044660 kB
SwapCached:            0 kB
Active:          1317036 kB
Inactive:         712956 kB
Active(anon):     805548 kB
Inactive(anon):   201408 kB
Active(file):     511488 kB
Inactive(file):   511548 kB
Unevictable:       12768 kB
Mlocked:               0 kB
SwapTotal:        720184 kB
SwapFree:         720156 kB
Dirty:                 0 kB
Writeback:             0 kB
AnonPages:        971292 kB
Mapped:           662624 kB
Shmem:             35396 kB
Slab:             121312 kB
SReclaimable:      39940 kB
SUnreclaim:        81372 kB
KernelStack:       32880 kB
PageTables:        56864 kB
NFS_Unstable:          0 kB
Bounce:                0 kB
WritebackTmp:          0 kB
CommitLimit:     2172840 kB
Committed_AS:   91816848 kB
VmallocTotal:   251658176 kB
VmallocUsed:      140820 kB
VmallocChunk:   251435052 kB
Time pass: 360 sec

---2015-12-05 14:07:44
MemTotal:        2905316 kB
MemFree:           69040 kB
Buffers:           26548 kB
Cached:          1044716 kB
SwapCached:            0 kB
Active:          1318256 kB
Inactive:         713016 kB
Active(anon):     806764 kB
Inactive(anon):   201468 kB
Active(file):     511492 kB
Inactive(file):   511548 kB
Unevictable:       12768 kB
Mlocked:               0 kB
SwapTotal:        720184 kB
SwapFree:         720156 kB
Dirty:                12 kB
Writeback:             0 kB
AnonPages:        972820 kB
Mapped:           662748 kB
Shmem:             35456 kB
Slab:             121312 kB
SReclaimable:      39940 kB
SUnreclaim:        81372 kB
KernelStack:       32864 kB
PageTables:        56936 kB
NFS_Unstable:          0 kB
Bounce:                0 kB
WritebackTmp:          0 kB
CommitLimit:     2172840 kB
Committed_AS:   91843428 kB
VmallocTotal:   251658176 kB
VmallocUsed:      140820 kB
VmallocChunk:   251435052 kB
Time pass: 363 sec

---2015-12-05 14:07:44
MemTotal:        2905316 kB
MemFree:           68712 kB
Buffers:           26548 kB
Cached:          1044724 kB
SwapCached:            0 kB
Active:          1318000 kB
Inactive:         713024 kB
Active(anon):     806508 kB
Inactive(anon):   201468 kB
Active(file):     511492 kB
Inactive(file):   511556 kB
Unevictable:       12768 kB
Mlocked:               0 kB
SwapTotal:        720184 kB
SwapFree:         720156 kB
Dirty:                 4 kB
Writeback:             0 kB
AnonPages:        972564 kB
Mapped:           662756 kB
Shmem:             35456 kB
Slab:             121312 kB
SReclaimable:      39940 kB
SUnreclaim:        81372 kB
KernelStack:       32816 kB
PageTables:        56928 kB
NFS_Unstable:          0 kB
Bounce:                0 kB
WritebackTmp:          0 kB
CommitLimit:     2172840 kB
Committed_AS:   91843352 kB
VmallocTotal:   251658176 kB
VmallocUsed:      140820 kB
VmallocChunk:   251435052 kB
Time pass: 367 sec

---2015-12-05 14:07:44
MemTotal:        2905316 kB
MemFree:           68496 kB
Buffers:           26564 kB
Cached:          1044736 kB
SwapCached:            0 kB
Active:          1318276 kB
Inactive:         713048 kB
Active(anon):     806780 kB
Inactive(anon):   201472 kB
Active(file):     511496 kB
Inactive(file):   511576 kB
Unevictable:       12768 kB
Mlocked:               0 kB
SwapTotal:        720184 kB
SwapFree:         720156 kB
Dirty:                40 kB
Writeback:             0 kB
AnonPages:        972756 kB
Mapped:           662712 kB
Shmem:             35460 kB
Slab:             121312 kB
SReclaimable:      39940 kB
SUnreclaim:        81372 kB
KernelStack:       32816 kB
PageTables:        56908 kB
NFS_Unstable:          0 kB
Bounce:                0 kB
WritebackTmp:          0 kB
CommitLimit:     2172840 kB
Committed_AS:   91843376 kB
VmallocTotal:   251658176 kB
VmallocUsed:      140820 kB
VmallocChunk:   251435052 kB
Time pass: 371 sec

---2015-12-05 14:07:44
MemTotal:        2905316 kB
MemFree:           68124 kB
Buffers:           26572 kB
Cached:          1044744 kB
SwapCached:            0 kB
Active:          1318676 kB
Inactive:         713056 kB
Active(anon):     807180 kB
Inactive(anon):   201480 kB
Active(file):     511496 kB
Inactive(file):   511576 kB
Unevictable:       12768 kB
Mlocked:               0 kB
SwapTotal:        720184 kB
SwapFree:         720156 kB
Dirty:                20 kB
Writeback:             0 kB
AnonPages:        973032 kB
Mapped:           662728 kB
Shmem:             35468 kB
Slab:             121312 kB
SReclaimable:      39940 kB
SUnreclaim:        81372 kB
KernelStack:       32784 kB
PageTables:        56908 kB
NFS_Unstable:          0 kB
Bounce:                0 kB
WritebackTmp:          0 kB
CommitLimit:     2172840 kB
Committed_AS:   91843356 kB
VmallocTotal:   251658176 kB
VmallocUsed:      140820 kB
VmallocChunk:   251435052 kB
Time pass: 375 sec

---2015-12-05 14:07:44
MemTotal:        2905316 kB
MemFree:           68336 kB
Buffers:           26572 kB
Cached:          1044748 kB
SwapCached:            0 kB
Active:          1318880 kB
Inactive:         713064 kB
Active(anon):     807380 kB
Inactive(anon):   201480 kB
Active(file):     511500 kB
Inactive(file):   511584 kB
Unevictable:       12768 kB
Mlocked:               0 kB
SwapTotal:        720184 kB
SwapFree:         720156 kB
Dirty:                 8 kB
Writeback:             0 kB
AnonPages:        973228 kB
Mapped:           662740 kB
Shmem:             35468 kB
Slab:             121312 kB
SReclaimable:      39940 kB
SUnreclaim:        81372 kB
KernelStack:       32784 kB
PageTables:        56912 kB
NFS_Unstable:          0 kB
Bounce:                0 kB
WritebackTmp:          0 kB
CommitLimit:     2172840 kB
Committed_AS:   91843340 kB
VmallocTotal:   251658176 kB
VmallocUsed:      140820 kB
VmallocChunk:   251435052 kB
Time pass: 379 sec

---2015-12-05 14:07:44
MemTotal:        2905316 kB
MemFree:           68216 kB
Buffers:           26580 kB
Cached:          1044748 kB
SwapCached:            0 kB
Active:          1318916 kB
Inactive:         713072 kB
Active(anon):     807416 kB
Inactive(anon):   201480 kB
Active(file):     511500 kB
Inactive(file):   511592 kB
Unevictable:       12768 kB
Mlocked:               0 kB
SwapTotal:        720184 kB
SwapFree:         720156 kB
Dirty:                 0 kB
Writeback:             0 kB
AnonPages:        973372 kB
Mapped:           662792 kB
Shmem:             35468 kB
Slab:             121312 kB
SReclaimable:      39940 kB
SUnreclaim:        81372 kB
KernelStack:       32784 kB
PageTables:        56908 kB
NFS_Unstable:          0 kB
Bounce:                0 kB
WritebackTmp:          0 kB
CommitLimit:     2172840 kB
Committed_AS:   91843376 kB
VmallocTotal:   251658176 kB
VmallocUsed:      140820 kB
VmallocChunk:   251435052 kB
Time pass: 383 sec

---2015-12-05 14:07:44
MemTotal:        2905316 kB
MemFree:           67468 kB
Buffers:           26588 kB
Cached:          1044752 kB
SwapCached:            0 kB
Active:          1319504 kB
Inactive:         713084 kB
Active(anon):     808004 kB
Inactive(anon):   201480 kB
Active(file):     511500 kB
Inactive(file):   511604 kB
Unevictable:       12768 kB
Mlocked:               0 kB
SwapTotal:        720184 kB
SwapFree:         720156 kB
Dirty:                24 kB
Writeback:             0 kB
AnonPages:        974280 kB
Mapped:           662864 kB
Shmem:             35468 kB
Slab:             121312 kB
SReclaimable:      39940 kB
SUnreclaim:        81372 kB
KernelStack:       32816 kB
PageTables:        56920 kB
NFS_Unstable:          0 kB
Bounce:                0 kB
WritebackTmp:          0 kB
CommitLimit:     2172840 kB
Committed_AS:   91843352 kB
VmallocTotal:   251658176 kB
VmallocUsed:      140820 kB
VmallocChunk:   251435052 kB
Time pass: 387 sec

---2015-12-05 14:07:44
MemTotal:        2905316 kB
MemFree:           67180 kB
Buffers:           26596 kB
Cached:          1044744 kB
SwapCached:            0 kB
Active:          1319796 kB
Inactive:         713080 kB
Active(anon):     808292 kB
Inactive(anon):   201480 kB
Active(file):     511504 kB
Inactive(file):   511600 kB
Unevictable:       12768 kB
Mlocked:               0 kB
SwapTotal:        720184 kB
SwapFree:         720156 kB
Dirty:                 4 kB
Writeback:             0 kB
AnonPages:        974288 kB
Mapped:           662804 kB
Shmem:             35468 kB
Slab:             121312 kB
SReclaimable:      39940 kB
SUnreclaim:        81372 kB
KernelStack:       32816 kB
PageTables:        56908 kB
NFS_Unstable:          0 kB
Bounce:                0 kB
WritebackTmp:          0 kB
CommitLimit:     2172840 kB
Committed_AS:   91843584 kB
VmallocTotal:   251658176 kB
VmallocUsed:      140820 kB
VmallocChunk:   251435052 kB
Time pass: 391 sec

---2015-12-05 14:07:44
MemTotal:        2905316 kB
MemFree:           65912 kB
Buffers:           26596 kB
Cached:          1044824 kB
SwapCached:            0 kB
Active:          1320836 kB
Inactive:         713148 kB
Active(anon):     809320 kB
Inactive(anon):   201540 kB
Active(file):     511516 kB
Inactive(file):   511608 kB
Unevictable:       12768 kB
Mlocked:               0 kB
SwapTotal:        720184 kB
SwapFree:         720156 kB
Dirty:                 4 kB
Writeback:             0 kB
AnonPages:        975352 kB
Mapped:           662948 kB
Shmem:             35528 kB
Slab:             121312 kB
SReclaimable:      39940 kB
SUnreclaim:        81372 kB
KernelStack:       32816 kB
PageTables:        56984 kB
NFS_Unstable:          0 kB
Bounce:                0 kB
WritebackTmp:          0 kB
CommitLimit:     2172840 kB
Committed_AS:   91870488 kB
VmallocTotal:   251658176 kB
VmallocUsed:      140820 kB
VmallocChunk:   251435052 kB
Time pass: 395 sec

---2015-12-05 14:07:44
MemTotal:        2905316 kB
MemFree:           65788 kB
Buffers:           26604 kB
Cached:          1044828 kB
SwapCached:            0 kB
Active:          1321304 kB
Inactive:         713156 kB
Active(anon):     809784 kB
Inactive(anon):   201540 kB
Active(file):     511520 kB
Inactive(file):   511616 kB
Unevictable:       12768 kB
Mlocked:               0 kB
SwapTotal:        720184 kB
SwapFree:         720156 kB
Dirty:                44 kB
Writeback:             0 kB
AnonPages:        975528 kB
Mapped:           662952 kB
Shmem:             35528 kB
Slab:             121312 kB
SReclaimable:      39940 kB
SUnreclaim:        81372 kB
KernelStack:       32816 kB
PageTables:        56984 kB
NFS_Unstable:          0 kB
Bounce:                0 kB
WritebackTmp:          0 kB
CommitLimit:     2172840 kB
Committed_AS:   91870524 kB
VmallocTotal:   251658176 kB
VmallocUsed:      140820 kB
VmallocChunk:   251435052 kB
Time pass: 398 sec

---2015-12-05 14:07:44
MemTotal:        2905316 kB
MemFree:           66120 kB
Buffers:           26612 kB
Cached:          1044832 kB
SwapCached:            0 kB
Active:          1320840 kB
Inactive:         713164 kB
Active(anon):     809316 kB
Inactive(anon):   201540 kB
Active(file):     511524 kB
Inactive(file):   511624 kB
Unevictable:       12768 kB
Mlocked:               0 kB
SwapTotal:        720184 kB
SwapFree:         720156 kB
Dirty:                24 kB
Writeback:             0 kB
AnonPages:        975220 kB
Mapped:           662960 kB
Shmem:             35528 kB
Slab:             121312 kB
SReclaimable:      39940 kB
SUnreclaim:        81372 kB
KernelStack:       32816 kB
PageTables:        56984 kB
NFS_Unstable:          0 kB
Bounce:                0 kB
WritebackTmp:          0 kB
CommitLimit:     2172840 kB
Committed_AS:   91870512 kB
VmallocTotal:   251658176 kB
VmallocUsed:      140820 kB
VmallocChunk:   251435052 kB
Time pass: 402 sec

---2015-12-05 14:07:44
MemTotal:        2905316 kB
MemFree:           65632 kB
Buffers:           26620 kB
Cached:          1044840 kB
SwapCached:            0 kB
Active:          1321476 kB
Inactive:         713172 kB
