---2015-12-10 00:29:21
MemTotal:        2746844 kB
MemFree:          113068 kB
Buffers:           12944 kB
Cached:          1090468 kB
SwapCached:         3304 kB
Active:           929272 kB
Inactive:         981008 kB
Active(anon):     387444 kB
Inactive(anon):   438940 kB
Active(file):     541828 kB
Inactive(file):   542068 kB
Unevictable:       35812 kB
Mlocked:           27768 kB
SwapTotal:       1310716 kB
SwapFree:        1229028 kB
Dirty:                 0 kB
Writeback:             0 kB
AnonPages:        840740 kB
Mapped:           473788 kB
Shmem:               408 kB
Slab:             111512 kB
SReclaimable:      33464 kB
SUnreclaim:        78048 kB
KernelStack:       32368 kB
PageTables:        57104 kB
NFS_Unstable:          0 kB
Bounce:                0 kB
WritebackTmp:          0 kB
CommitLimit:     2684136 kB
Committed_AS:   139164880 kB
VmallocTotal:   251658176 kB
VmallocUsed:      297720 kB
VmallocChunk:   247561408 kB
Time pass: 3 sec

---2015-12-10 00:29:21
MemTotal:        2746844 kB
MemFree:          111840 kB
Buffers:           12944 kB
Cached:          1090492 kB
SwapCached:         3304 kB
Active:           929580 kB
Inactive:         981020 kB
Active(anon):     387740 kB
Inactive(anon):   438940 kB
Active(file):     541840 kB
Inactive(file):   542080 kB
Unevictable:       35812 kB
Mlocked:           27768 kB
SwapTotal:       1310716 kB
SwapFree:        1229028 kB
Dirty:                 0 kB
Writeback:             0 kB
AnonPages:        840624 kB
Mapped:           473888 kB
Shmem:               408 kB
Slab:             111540 kB
SReclaimable:      33464 kB
SUnreclaim:        78076 kB
KernelStack:       32336 kB
PageTables:        57136 kB
NFS_Unstable:          0 kB
Bounce:                0 kB
WritebackTmp:          0 kB
CommitLimit:     2684136 kB
Committed_AS:   139164784 kB
VmallocTotal:   251658176 kB
VmallocUsed:      297720 kB
VmallocChunk:   247561408 kB
Time pass: 6 sec

---2015-12-10 00:29:21
MemTotal:        2746844 kB
MemFree:          111672 kB
Buffers:           12944 kB
Cached:          1090492 kB
SwapCached:         3304 kB
Active:           929788 kB
Inactive:         980944 kB
Active(anon):     387920 kB
Inactive(anon):   438892 kB
Active(file):     541868 kB
Inactive(file):   542052 kB
Unevictable:       35812 kB
Mlocked:           27768 kB
SwapTotal:       1310716 kB
SwapFree:        1229028 kB
Dirty:                 0 kB
Writeback:             0 kB
AnonPages:        841016 kB
Mapped:           473804 kB
Shmem:               408 kB
Slab:             111388 kB
SReclaimable:      33464 kB
SUnreclaim:        77924 kB
KernelStack:       32336 kB
PageTables:        57104 kB
NFS_Unstable:          0 kB
Bounce:                0 kB
WritebackTmp:          0 kB
CommitLimit:     2684136 kB
Committed_AS:   139164776 kB
VmallocTotal:   251658176 kB
VmallocUsed:      297720 kB
VmallocChunk:   247561408 kB
Time pass: 10 sec

---2015-12-10 00:29:21
MemTotal:        2746844 kB
MemFree:          111004 kB
Buffers:           12944 kB
Cached:          1090492 kB
SwapCached:         3304 kB
Active:           930584 kB
Inactive:         980944 kB
Active(anon):     388716 kB
Inactive(anon):   438892 kB
Active(file):     541868 kB
Inactive(file):   542052 kB
Unevictable:       35812 kB
Mlocked:           27768 kB
SwapTotal:       1310716 kB
SwapFree:        1229028 kB
Dirty:                 0 kB
Writeback:             0 kB
AnonPages:        841692 kB
Mapped:           473888 kB
Shmem:               408 kB
Slab:             111376 kB
SReclaimable:      33464 kB
SUnreclaim:        77912 kB
KernelStack:       32352 kB
PageTables:        57132 kB
NFS_Unstable:          0 kB
Bounce:                0 kB
WritebackTmp:          0 kB
CommitLimit:     2684136 kB
Committed_AS:   139165184 kB
VmallocTotal:   251658176 kB
VmallocUsed:      297720 kB
VmallocChunk:   247561408 kB
Time pass: 14 sec

---2015-12-10 00:29:21
MemTotal:        2746844 kB
MemFree:          105712 kB
Buffers:           12948 kB
Cached:          1093296 kB
SwapCached:         3304 kB
Active:           933896 kB
Inactive:         983348 kB
Active(anon):     392020 kB
Inactive(anon):   438892 kB
Active(file):     541876 kB
Inactive(file):   544456 kB
Unevictable:       35812 kB
Mlocked:           27768 kB
SwapTotal:       1310716 kB
SwapFree:        1229028 kB
Dirty:                 8 kB
Writeback:             0 kB
AnonPages:        844832 kB
Mapped:           474752 kB
Shmem:               408 kB
Slab:             111288 kB
SReclaimable:      33464 kB
SUnreclaim:        77824 kB
KernelStack:       32384 kB
PageTables:        57160 kB
NFS_Unstable:          0 kB
Bounce:                0 kB
WritebackTmp:          0 kB
CommitLimit:     2684136 kB
Committed_AS:   139169304 kB
VmallocTotal:   251658176 kB
VmallocUsed:      297720 kB
VmallocChunk:   247561408 kB
Time pass: 17 sec

---2015-12-10 00:29:21
MemTotal:        2746844 kB
MemFree:          104908 kB
Buffers:           12956 kB
Cached:          1093296 kB
SwapCached:         3304 kB
Active:           934196 kB
Inactive:         983396 kB
Active(anon):     392316 kB
Inactive(anon):   438892 kB
Active(file):     541880 kB
Inactive(file):   544504 kB
Unevictable:       35812 kB
Mlocked:           27768 kB
SwapTotal:       1310716 kB
SwapFree:        1229028 kB
Dirty:                16 kB
Writeback:             0 kB
AnonPages:        845024 kB
Mapped:           474780 kB
Shmem:               408 kB
Slab:             111264 kB
SReclaimable:      33464 kB
SUnreclaim:        77800 kB
KernelStack:       32384 kB
PageTables:        57164 kB
NFS_Unstable:          0 kB
Bounce:                0 kB
WritebackTmp:          0 kB
CommitLimit:     2684136 kB
Committed_AS:   139169312 kB
VmallocTotal:   251658176 kB
VmallocUsed:      297720 kB
VmallocChunk:   247561408 kB
Time pass: 21 sec

---2015-12-10 00:29:21
MemTotal:        2746844 kB
MemFree:           67308 kB
Buffers:           11964 kB
Cached:          1065384 kB
SwapCached:         3400 kB
Active:           929756 kB
Inactive:         958780 kB
Active(anon):     401500 kB
Inactive(anon):   429620 kB
Active(file):     528256 kB
Inactive(file):   529160 kB
Unevictable:       35812 kB
Mlocked:           27768 kB
SwapTotal:       1310716 kB
SwapFree:        1219804 kB
Dirty:                20 kB
Writeback:             0 kB
AnonPages:        845360 kB
Mapped:           486036 kB
Shmem:               408 kB
Slab:             111780 kB
SReclaimable:      33976 kB
SUnreclaim:        77804 kB
KernelStack:       32480 kB
PageTables:        57772 kB
NFS_Unstable:          0 kB
Bounce:                0 kB
WritebackTmp:          0 kB
CommitLimit:     2684136 kB
Committed_AS:   140452612 kB
VmallocTotal:   251658176 kB
VmallocUsed:      302604 kB
VmallocChunk:   247561408 kB
Time pass: 24 sec

---2015-12-10 00:29:21
MemTotal:        2746844 kB
MemFree:           73580 kB
Buffers:            8196 kB
Cached:           895324 kB
SwapCached:         4340 kB
Active:           853456 kB
Inactive:         867260 kB
Active(anon):     411428 kB
Inactive(anon):   425732 kB
Active(file):     442028 kB
Inactive(file):   441528 kB
Unevictable:       35812 kB
Mlocked:           27768 kB
SwapTotal:       1310716 kB
SwapFree:        1198216 kB
Dirty:              1832 kB
Writeback:             0 kB
AnonPages:        850576 kB
Mapped:           482824 kB
Shmem:               540 kB
Slab:             111640 kB
SReclaimable:      33484 kB
SUnreclaim:        78156 kB
KernelStack:       33728 kB
PageTables:        58300 kB
NFS_Unstable:          0 kB
Bounce:                0 kB
WritebackTmp:          0 kB
CommitLimit:     2684136 kB
Committed_AS:   140495496 kB
VmallocTotal:   251658176 kB
VmallocUsed:      308536 kB
VmallocChunk:   247561408 kB
Time pass: 28 sec

---2015-12-10 00:29:21
MemTotal:        2746844 kB
MemFree:           81864 kB
Buffers:            8244 kB
Cached:           905168 kB
SwapCached:         4344 kB
Active:           846292 kB
Inactive:         861664 kB
Active(anon):     403756 kB
Inactive(anon):   410620 kB
Active(file):     442536 kB
Inactive(file):   451044 kB
Unevictable:       35812 kB
Mlocked:           27768 kB
SwapTotal:       1310716 kB
SwapFree:        1198216 kB
Dirty:               204 kB
Writeback:             0 kB
AnonPages:        827996 kB
Mapped:           477140 kB
Shmem:               540 kB
Slab:             111708 kB
SReclaimable:      33532 kB
SUnreclaim:        78176 kB
KernelStack:       33696 kB
PageTables:        58088 kB
NFS_Unstable:          0 kB
Bounce:                0 kB
WritebackTmp:          0 kB
CommitLimit:     2684136 kB
Committed_AS:   140453924 kB
VmallocTotal:   251658176 kB
VmallocUsed:      308516 kB
VmallocChunk:   247561408 kB
Time pass: 31 sec

---2015-12-10 00:29:21
MemTotal:        2746844 kB
MemFree:           81812 kB
Buffers:            8260 kB
Cached:           905576 kB
SwapCached:         4344 kB
Active:           845608 kB
Inactive:         862044 kB
Active(anon):     403024 kB
Inactive(anon):   410528 kB
Active(file):     442584 kB
Inactive(file):   451516 kB
Unevictable:       35812 kB
Mlocked:           27768 kB
SwapTotal:       1310716 kB
SwapFree:        1198216 kB
Dirty:               160 kB
Writeback:             0 kB
AnonPages:        826712 kB
Mapped:           477412 kB
Shmem:               540 kB
Slab:             111708 kB
SReclaimable:      33532 kB
SUnreclaim:        78176 kB
KernelStack:       33664 kB
PageTables:        58108 kB
NFS_Unstable:          0 kB
Bounce:                0 kB
WritebackTmp:          0 kB
CommitLimit:     2684136 kB
Committed_AS:   140453996 kB
VmallocTotal:   251658176 kB
VmallocUsed:      308516 kB
VmallocChunk:   247561408 kB
Time pass: 35 sec

---2015-12-10 00:29:21
MemTotal:        2746844 kB
MemFree:           81100 kB
Buffers:            8260 kB
Cached:           905576 kB
SwapCached:         4344 kB
Active:           845340 kB
Inactive:         862108 kB
Active(anon):     402752 kB
Inactive(anon):   410528 kB
Active(file):     442588 kB
Inactive(file):   451580 kB
Unevictable:       35812 kB
Mlocked:           27768 kB
SwapTotal:       1310716 kB
SwapFree:        1198216 kB
Dirty:               164 kB
Writeback:             0 kB
AnonPages:        826556 kB
Mapped:           477396 kB
Shmem:               540 kB
Slab:             111904 kB
SReclaimable:      33548 kB
SUnreclaim:        78356 kB
KernelStack:       33664 kB
PageTables:        58080 kB
NFS_Unstable:          0 kB
Bounce:                0 kB
WritebackTmp:          0 kB
CommitLimit:     2684136 kB
Committed_AS:   140454016 kB
VmallocTotal:   251658176 kB
VmallocUsed:      308516 kB
VmallocChunk:   247561408 kB
Time pass: 39 sec

---2015-12-10 00:29:21
MemTotal:        2746844 kB
MemFree:           65124 kB
Buffers:            7852 kB
Cached:           876492 kB
SwapCached:         4372 kB
Active:           847036 kB
Inactive:         848240 kB
Active(anon):     414996 kB
Inactive(anon):   415548 kB
Active(file):     432040 kB
Inactive(file):   432692 kB
Unevictable:       35812 kB
Mlocked:           27768 kB
SwapTotal:       1310716 kB
SwapFree:        1196600 kB
Dirty:               112 kB
Writeback:             0 kB
AnonPages:        843660 kB
Mapped:           478168 kB
Shmem:               536 kB
Slab:             111948 kB
SReclaimable:      33580 kB
SUnreclaim:        78368 kB
KernelStack:       33984 kB
PageTables:        58376 kB
NFS_Unstable:          0 kB
Bounce:                0 kB
WritebackTmp:          0 kB
CommitLimit:     2684136 kB
Committed_AS:   140457096 kB
VmallocTotal:   251658176 kB
VmallocUsed:      309832 kB
VmallocChunk:   247561408 kB
Time pass: 42 sec

---2015-12-10 00:29:21
MemTotal:        2746844 kB
MemFree:           66604 kB
Buffers:            7636 kB
Cached:           865196 kB
SwapCached:         4376 kB
Active:           844856 kB
Inactive:         844396 kB
Active(anon):     418116 kB
Inactive(anon):   417960 kB
Active(file):     426740 kB
Inactive(file):   426436 kB
Unevictable:       35812 kB
Mlocked:           27768 kB
SwapTotal:       1310716 kB
SwapFree:        1196392 kB
Dirty:                92 kB
Writeback:             0 kB
AnonPages:        849272 kB
Mapped:           478696 kB
Shmem:               536 kB
Slab:             111976 kB
SReclaimable:      33580 kB
SUnreclaim:        78396 kB
KernelStack:       33984 kB
PageTables:        58388 kB
NFS_Unstable:          0 kB
Bounce:                0 kB
WritebackTmp:          0 kB
CommitLimit:     2684136 kB
Committed_AS:   140457192 kB
VmallocTotal:   251658176 kB
VmallocUsed:      309832 kB
VmallocChunk:   247561408 kB
Time pass: 46 sec

---2015-12-10 00:29:21
MemTotal:        2746844 kB
MemFree:           64692 kB
Buffers:            7556 kB
Cached:           852840 kB
SwapCached:         4380 kB
Active:           847876 kB
Inactive:         845596 kB
Active(anon):     426836 kB
Inactive(anon):   425420 kB
Active(file):     421040 kB
Inactive(file):   420176 kB
Unevictable:       35812 kB
Mlocked:           27768 kB
SwapTotal:       1310716 kB
SwapFree:        1196192 kB
Dirty:               188 kB
Writeback:             0 kB
AnonPages:        864416 kB
Mapped:           479324 kB
Shmem:               540 kB
Slab:             111964 kB
SReclaimable:      33580 kB
SUnreclaim:        78384 kB
KernelStack:       34016 kB
PageTables:        58332 kB
NFS_Unstable:          0 kB
Bounce:                0 kB
WritebackTmp:          0 kB
CommitLimit:     2684136 kB
Committed_AS:   140459460 kB
VmallocTotal:   251658176 kB
VmallocUsed:      309664 kB
VmallocChunk:   247561408 kB
Time pass: 49 sec

---2015-12-10 00:29:21
MemTotal:        2746844 kB
MemFree:           68616 kB
Buffers:            6416 kB
Cached:           797716 kB
SwapCached:         4384 kB
Active:           817488 kB
Inactive:         824904 kB
Active(anon):     424276 kB
Inactive(anon):   433192 kB
Active(file):     393212 kB
Inactive(file):   391712 kB
Unevictable:       35812 kB
Mlocked:           27768 kB
SwapTotal:       1310716 kB
SwapFree:        1192664 kB
Dirty:               872 kB
Writeback:             0 kB
AnonPages:        871408 kB
Mapped:           473456 kB
Shmem:               540 kB
Slab:             111948 kB
SReclaimable:      33596 kB
SUnreclaim:        78352 kB
KernelStack:       34192 kB
PageTables:        58468 kB
NFS_Unstable:          0 kB
Bounce:                0 kB
WritebackTmp:          0 kB
CommitLimit:     2684136 kB
Committed_AS:   140480224 kB
VmallocTotal:   251658176 kB
VmallocUsed:      311416 kB
VmallocChunk:   247561408 kB
Time pass: 52 sec

---2015-12-10 00:29:21
MemTotal:        2746844 kB
MemFree:           68008 kB
Buffers:            6700 kB
Cached:           798240 kB
SwapCached:         4384 kB
Active:           817940 kB
Inactive:         825344 kB
Active(anon):     424828 kB
Inactive(anon):   433240 kB
Active(file):     393112 kB
Inactive(file):   392104 kB
Unevictable:       35812 kB
Mlocked:           27768 kB
SwapTotal:       1310716 kB
SwapFree:        1192664 kB
Dirty:                40 kB
Writeback:             0 kB
AnonPages:        871388 kB
Mapped:           473360 kB
Shmem:               540 kB
Slab:             111968 kB
SReclaimable:      33596 kB
SUnreclaim:        78372 kB
KernelStack:       34112 kB
PageTables:        58372 kB
NFS_Unstable:          0 kB
Bounce:                0 kB
WritebackTmp:          0 kB
CommitLimit:     2684136 kB
Committed_AS:   140480260 kB
VmallocTotal:   251658176 kB
VmallocUsed:      311416 kB
VmallocChunk:   247561408 kB
Time pass: 56 sec

---2015-12-10 00:29:21
MemTotal:        2746844 kB
MemFree:           67412 kB
Buffers:            6708 kB
Cached:           798656 kB
SwapCached:         4384 kB
Active:           818284 kB
Inactive:         825820 kB
Active(anon):     425172 kB
Inactive(anon):   433240 kB
Active(file):     393112 kB
Inactive(file):   392580 kB
Unevictable:       35812 kB
Mlocked:           27768 kB
SwapTotal:       1310716 kB
SwapFree:        1192664 kB
Dirty:                 0 kB
Writeback:             0 kB
AnonPages:        871632 kB
Mapped:           473740 kB
Shmem:               540 kB
Slab:             112024 kB
SReclaimable:      33596 kB
SUnreclaim:        78428 kB
KernelStack:       34112 kB
PageTables:        58376 kB
NFS_Unstable:          0 kB
Bounce:                0 kB
WritebackTmp:          0 kB
CommitLimit:     2684136 kB
Committed_AS:   140480308 kB
VmallocTotal:   251658176 kB
VmallocUsed:      311416 kB
VmallocChunk:   247561408 kB
Time pass: 59 sec

---2015-12-10 00:29:21
MemTotal:        2746844 kB
MemFree:           66352 kB
Buffers:            6280 kB
Cached:           784904 kB
SwapCached:         4384 kB
Active:           811296 kB
Inactive:         821124 kB
Active(anon):     425636 kB
Inactive(anon):   434464 kB
Active(file):     385660 kB
Inactive(file):   386660 kB
Unevictable:       35812 kB
Mlocked:           27768 kB
SwapTotal:       1310716 kB
SwapFree:        1191668 kB
Dirty:               192 kB
Writeback:             0 kB
AnonPages:        873000 kB
Mapped:           472440 kB
Shmem:               540 kB
Slab:             112028 kB
SReclaimable:      33596 kB
SUnreclaim:        78432 kB
KernelStack:       34112 kB
PageTables:        58376 kB
NFS_Unstable:          0 kB
Bounce:                0 kB
WritebackTmp:          0 kB
CommitLimit:     2684136 kB
Committed_AS:   140480388 kB
VmallocTotal:   251658176 kB
VmallocUsed:      311440 kB
VmallocChunk:   247561408 kB
Time pass: 63 sec

---2015-12-10 00:29:21
MemTotal:        2746844 kB
MemFree:           66432 kB
Buffers:            6280 kB
Cached:           783308 kB
SwapCached:         4384 kB
Active:           810896 kB
Inactive:         818784 kB
Active(anon):     426184 kB
Inactive(anon):   433648 kB
Active(file):     384712 kB
Inactive(file):   385136 kB
Unevictable:       35812 kB
Mlocked:           27768 kB
SwapTotal:       1310716 kB
SwapFree:        1191596 kB
Dirty:                36 kB
Writeback:             0 kB
AnonPages:        872872 kB
Mapped:           471444 kB
Shmem:               540 kB
Slab:             112004 kB
SReclaimable:      33596 kB
SUnreclaim:        78408 kB
KernelStack:       34112 kB
PageTables:        58404 kB
NFS_Unstable:          0 kB
Bounce:                0 kB
WritebackTmp:          0 kB
CommitLimit:     2684136 kB
Committed_AS:   140480420 kB
VmallocTotal:   251658176 kB
VmallocUsed:      311440 kB
VmallocChunk:   247561408 kB
Time pass: 66 sec

---2015-12-10 00:29:21
MemTotal:        2746844 kB
MemFree:           64292 kB
Buffers:            5716 kB
Cached:           732868 kB
SwapCached:         4388 kB
Active:           793120 kB
Inactive:         790996 kB
Active(anon):     433384 kB
Inactive(anon):   431800 kB
Active(file):     359736 kB
Inactive(file):   359196 kB
Unevictable:       35812 kB
Mlocked:           27768 kB
SwapTotal:       1310716 kB
SwapFree:        1187328 kB
Dirty:                 4 kB
Writeback:             0 kB
AnonPages:        878660 kB
Mapped:           462204 kB
Shmem:               536 kB
Slab:             112052 kB
SReclaimable:      33604 kB
SUnreclaim:        78448 kB
KernelStack:       34144 kB
PageTables:        58280 kB
NFS_Unstable:          0 kB
Bounce:                0 kB
WritebackTmp:          0 kB
CommitLimit:     2684136 kB
Committed_AS:   140484896 kB
VmallocTotal:   251658176 kB
VmallocUsed:      319660 kB
VmallocChunk:   247561408 kB
Time pass: 70 sec

---2015-12-10 00:29:21
MemTotal:        2746844 kB
MemFree:           66536 kB
Buffers:            5680 kB
Cached:           729296 kB
SwapCached:         4404 kB
Active:           790252 kB
Inactive:         790756 kB
Active(anon):     432848 kB
Inactive(anon):   433368 kB
Active(file):     357404 kB
Inactive(file):   357388 kB
Unevictable:       35812 kB
Mlocked:           27768 kB
SwapTotal:       1310716 kB
SwapFree:        1186684 kB
Dirty:                60 kB
Writeback:             0 kB
AnonPages:        879200 kB
Mapped:           461380 kB
Shmem:               540 kB
Slab:             112040 kB
SReclaimable:      33604 kB
SUnreclaim:        78436 kB
KernelStack:       34096 kB
PageTables:        58376 kB
NFS_Unstable:          0 kB
Bounce:                0 kB
WritebackTmp:          0 kB
CommitLimit:     2684136 kB
Committed_AS:   140485040 kB
VmallocTotal:   251658176 kB
VmallocUsed:      319660 kB
VmallocChunk:   247561408 kB
Time pass: 74 sec

---2015-12-10 00:29:21
MemTotal:        2746844 kB
MemFree:           66152 kB
Buffers:            5676 kB
Cached:           727432 kB
SwapCached:         4404 kB
Active:           793768 kB
Inactive:         792672 kB
Active(anon):     438652 kB
Inactive(anon):   434332 kB
Active(file):     355116 kB
Inactive(file):   358340 kB
Unevictable:       35812 kB
Mlocked:           27768 kB
SwapTotal:       1310716 kB
SwapFree:        1185320 kB
Dirty:               340 kB
Writeback:             0 kB
AnonPages:        886500 kB
Mapped:           462800 kB
Shmem:               540 kB
Slab:             112080 kB
SReclaimable:      33636 kB
SUnreclaim:        78444 kB
KernelStack:       34256 kB
PageTables:        58460 kB
NFS_Unstable:          0 kB
Bounce:                0 kB
WritebackTmp:          0 kB
CommitLimit:     2684136 kB
Committed_AS:   140493152 kB
VmallocTotal:   251658176 kB
VmallocUsed:      319660 kB
VmallocChunk:   247561408 kB
Time pass: 78 sec

---2015-12-10 00:29:21
MemTotal:        2746844 kB
MemFree:           66900 kB
Buffers:            5420 kB
Cached:           717608 kB
SwapCached:         4564 kB
Active:           793520 kB
Inactive:         793148 kB
Active(anon):     441060 kB
Inactive(anon):   441944 kB
Active(file):     352460 kB
Inactive(file):   351204 kB
Unevictable:       35812 kB
Mlocked:           27768 kB
SwapTotal:       1310716 kB
SwapFree:        1181984 kB
Dirty:                 0 kB
Writeback:             0 kB
AnonPages:        894980 kB
Mapped:           462048 kB
Shmem:               704 kB
Slab:             112248 kB
SReclaimable:      33524 kB
SUnreclaim:        78724 kB
KernelStack:       34560 kB
PageTables:        58556 kB
NFS_Unstable:          0 kB
Bounce:                0 kB
WritebackTmp:          0 kB
CommitLimit:     2684136 kB
Committed_AS:   140517388 kB
VmallocTotal:   251658176 kB
VmallocUsed:      321776 kB
VmallocChunk:   247561408 kB
Time pass: 82 sec

---2015-12-10 00:29:21
MemTotal:        2746844 kB
MemFree:           67308 kB
Buffers:            5420 kB
Cached:           717156 kB
SwapCached:         4568 kB
Active:           793192 kB
Inactive:         792864 kB
Active(anon):     441640 kB
Inactive(anon):   441704 kB
Active(file):     351552 kB
Inactive(file):   351160 kB
Unevictable:       35812 kB
Mlocked:           27768 kB
SwapTotal:       1310716 kB
SwapFree:        1181920 kB
Dirty:                 0 kB
Writeback:             0 kB
AnonPages:        896240 kB
Mapped:           462344 kB
Shmem:               756 kB
Slab:             112168 kB
SReclaimable:      33524 kB
SUnreclaim:        78644 kB
KernelStack:       34608 kB
PageTables:        58588 kB
NFS_Unstable:          0 kB
Bounce:                0 kB
WritebackTmp:          0 kB
CommitLimit:     2684136 kB
Committed_AS:   140517404 kB
VmallocTotal:   251658176 kB
VmallocUsed:      317680 kB
VmallocChunk:   247561408 kB
Time pass: 85 sec

---2015-12-10 00:29:21
MemTotal:        2746844 kB
MemFree:           67344 kB
Buffers:            5460 kB
Cached:           714820 kB
SwapCached:         4568 kB
Active:           790884 kB
Inactive:         792480 kB
Active(anon):     440424 kB
Inactive(anon):   442716 kB
Active(file):     350460 kB
Inactive(file):   349764 kB
Unevictable:       35812 kB
Mlocked:           27768 kB
SwapTotal:       1310716 kB
SwapFree:        1181384 kB
Dirty:                72 kB
Writeback:             0 kB
AnonPages:        896208 kB
Mapped:           462400 kB
Shmem:               900 kB
Slab:             112264 kB
SReclaimable:      33524 kB
SUnreclaim:        78740 kB
KernelStack:       34640 kB
PageTables:        58700 kB
NFS_Unstable:          0 kB
Bounce:                0 kB
WritebackTmp:          0 kB
CommitLimit:     2684136 kB
Committed_AS:   140517460 kB
VmallocTotal:   251658176 kB
VmallocUsed:      317836 kB
VmallocChunk:   247561408 kB
Time pass: 89 sec

---2015-12-10 00:29:21
MemTotal:        2746844 kB
MemFree:           66504 kB
Buffers:            5480 kB
Cached:           714872 kB
SwapCached:         4568 kB
Active:           792744 kB
Inactive:         792504 kB
Active(anon):     442284 kB
Inactive(anon):   442660 kB
Active(file):     350460 kB
Inactive(file):   349844 kB
Unevictable:       35812 kB
Mlocked:           27768 kB
SwapTotal:       1310716 kB
SwapFree:        1181384 kB
Dirty:                 0 kB
Writeback:             0 kB
AnonPages:        897872 kB
Mapped:           462524 kB
Shmem:               940 kB
Slab:             112288 kB
SReclaimable:      33524 kB
SUnreclaim:        78764 kB
KernelStack:       34592 kB
PageTables:        58692 kB
NFS_Unstable:          0 kB
Bounce:                0 kB
WritebackTmp:          0 kB
CommitLimit:     2684136 kB
Committed_AS:   140517448 kB
VmallocTotal:   251658176 kB
VmallocUsed:      317836 kB
VmallocChunk:   247561408 kB
Time pass: 92 sec

---2015-12-10 00:29:21
MemTotal:        2746844 kB
MemFree:           64952 kB
Buffers:            5496 kB
Cached:           713360 kB
SwapCached:         4568 kB
Active:           793484 kB
Inactive:         793076 kB
Active(anon):     444192 kB
Inactive(anon):   443588 kB
Active(file):     349292 kB
Inactive(file):   349488 kB
Unevictable:       35812 kB
Mlocked:           27768 kB
SwapTotal:       1310716 kB
SwapFree:        1180932 kB
Dirty:                48 kB
Writeback:             0 kB
AnonPages:        900264 kB
Mapped:           462524 kB
Shmem:               948 kB
Slab:             112332 kB
SReclaimable:      33524 kB
SUnreclaim:        78808 kB
KernelStack:       34624 kB
PageTables:        58704 kB
NFS_Unstable:          0 kB
Bounce:                0 kB
WritebackTmp:          0 kB
CommitLimit:     2684136 kB
Committed_AS:   140521544 kB
VmallocTotal:   251658176 kB
VmallocUsed:      317836 kB
VmallocChunk:   247561408 kB
Time pass: 96 sec

---2015-12-10 00:29:21
MemTotal:        2746844 kB
MemFree:           81796 kB
Buffers:            5460 kB
Cached:           708740 kB
SwapCached:         4604 kB
Active:           792492 kB
Inactive:         775252 kB
Active(anon):     429152 kB
Inactive(anon):   444208 kB
Active(file):     363340 kB
Inactive(file):   331044 kB
Unevictable:       35812 kB
Mlocked:           27768 kB
SwapTotal:       1310716 kB
SwapFree:        1178772 kB
Dirty:                36 kB
Writeback:             0 kB
AnonPages:        886520 kB
Mapped:           450292 kB
Shmem:               636 kB
Slab:             112344 kB
SReclaimable:      33524 kB
SUnreclaim:        78820 kB
KernelStack:       34592 kB
PageTables:        58452 kB
NFS_Unstable:          0 kB
Bounce:                0 kB
WritebackTmp:          0 kB
CommitLimit:     2684136 kB
Committed_AS:   140514344 kB
VmallocTotal:   251658176 kB
VmallocUsed:      327780 kB
VmallocChunk:   247561408 kB
Time pass: 99 sec

---2015-12-10 00:29:21
MemTotal:        2746844 kB
MemFree:          341280 kB
Buffers:            5924 kB
Cached:           730880 kB
SwapCached:         4768 kB
Active:           736224 kB
Inactive:         795748 kB
Active(anon):     379676 kB
Inactive(anon):   435064 kB
Active(file):     356548 kB
Inactive(file):   360684 kB
Unevictable:       35812 kB
Mlocked:           27768 kB
SwapTotal:       1310716 kB
SwapFree:        1172408 kB
Dirty:               172 kB
Writeback:             0 kB
AnonPages:        828104 kB
Mapped:           421528 kB
Shmem:               336 kB
Slab:             111976 kB
SReclaimable:      33508 kB
SUnreclaim:        78468 kB
KernelStack:       33040 kB
PageTables:        57944 kB
NFS_Unstable:          0 kB
Bounce:                0 kB
WritebackTmp:          0 kB
CommitLimit:     2684136 kB
Committed_AS:   140929144 kB
VmallocTotal:   251658176 kB
VmallocUsed:      320020 kB
VmallocChunk:   247561408 kB
Time pass: 103 sec

---2015-12-10 00:29:21
MemTotal:        2746844 kB
MemFree:          332620 kB
Buffers:            5960 kB
Cached:           736420 kB
SwapCached:         4780 kB
Active:           742776 kB
Inactive:         796632 kB
Active(anon):     381544 kB
Inactive(anon):   435056 kB
Active(file):     361232 kB
Inactive(file):   361576 kB
Unevictable:       35812 kB
Mlocked:           27768 kB
SwapTotal:       1310716 kB
SwapFree:        1172408 kB
Dirty:               632 kB
Writeback:             0 kB
AnonPages:        829376 kB
Mapped:           422640 kB
Shmem:               336 kB
Slab:             111984 kB
SReclaimable:      33508 kB
SUnreclaim:        78476 kB
KernelStack:       33120 kB
PageTables:        58000 kB
NFS_Unstable:          0 kB
Bounce:                0 kB
WritebackTmp:          0 kB
CommitLimit:     2684136 kB
Committed_AS:   140930152 kB
VmallocTotal:   251658176 kB
VmallocUsed:      320020 kB
VmallocChunk:   247561408 kB
Time pass: 106 sec

---2015-12-10 00:29:21
MemTotal:        2746844 kB
MemFree:          361284 kB
Buffers:            6116 kB
Cached:           739316 kB
SwapCached:         4792 kB
Active:           719340 kB
Inactive:         795436 kB
Active(anon):     357552 kB
Inactive(anon):   432064 kB
Active(file):     361788 kB
Inactive(file):   363372 kB
Unevictable:       35812 kB
Mlocked:           27768 kB
SwapTotal:       1310716 kB
SwapFree:        1172424 kB
Dirty:               140 kB
Writeback:             0 kB
AnonPages:        802684 kB
Mapped:           423572 kB
Shmem:               852 kB
Slab:             111960 kB
SReclaimable:      33508 kB
SUnreclaim:        78452 kB
KernelStack:       32928 kB
PageTables:        57532 kB
NFS_Unstable:          0 kB
Bounce:                0 kB
WritebackTmp:          0 kB
CommitLimit:     2684136 kB
Committed_AS:   139147004 kB
VmallocTotal:   251658176 kB
VmallocUsed:      319000 kB
VmallocChunk:   247561408 kB
Time pass: 110 sec

---2015-12-10 00:29:21
MemTotal:        2746844 kB
MemFree:          360964 kB
Buffers:            6116 kB
Cached:           739536 kB
SwapCached:         4796 kB
Active:           719528 kB
Inactive:         795640 kB
Active(anon):     357708 kB
Inactive(anon):   431988 kB
Active(file):     361820 kB
Inactive(file):   363652 kB
Unevictable:       35812 kB
Mlocked:           27768 kB
SwapTotal:       1310716 kB
SwapFree:        1172476 kB
Dirty:               140 kB
Writeback:             0 kB
AnonPages:        802248 kB
Mapped:           423576 kB
Shmem:               852 kB
Slab:             111960 kB
SReclaimable:      33508 kB
SUnreclaim:        78452 kB
KernelStack:       32928 kB
PageTables:        57552 kB
NFS_Unstable:          0 kB
Bounce:                0 kB
WritebackTmp:          0 kB
CommitLimit:     2684136 kB
Committed_AS:   139146852 kB
VmallocTotal:   251658176 kB
VmallocUsed:      319000 kB
VmallocChunk:   247561408 kB
Time pass: 113 sec

---2015-12-10 00:29:21
MemTotal:        2746844 kB
MemFree:          359900 kB
Buffers:            6124 kB
Cached:           739536 kB
SwapCached:         4796 kB
Active:           719692 kB
Inactive:         795636 kB
Active(anon):     357700 kB
Inactive(anon):   431928 kB
Active(file):     361992 kB
Inactive(file):   363708 kB
Unevictable:       35812 kB
Mlocked:           27768 kB
SwapTotal:       1310716 kB
SwapFree:        1172476 kB
Dirty:                96 kB
Writeback:             0 kB
AnonPages:        802492 kB
Mapped:           423628 kB
Shmem:               852 kB
Slab:             111984 kB
SReclaimable:      33508 kB
SUnreclaim:        78476 kB
KernelStack:       32832 kB
PageTables:        57552 kB
NFS_Unstable:          0 kB
Bounce:                0 kB
WritebackTmp:          0 kB
CommitLimit:     2684136 kB
Committed_AS:   139146764 kB
VmallocTotal:   251658176 kB
VmallocUsed:      319000 kB
VmallocChunk:   247561408 kB
Time pass: 117 sec

---2015-12-10 00:29:21
MemTotal:        2746844 kB
MemFree:          359748 kB
Buffers:            6132 kB
Cached:           739740 kB
SwapCached:         4796 kB
Active:           720040 kB
Inactive:         795804 kB
Active(anon):     358048 kB
Inactive(anon):   431928 kB
Active(file):     361992 kB
Inactive(file):   363876 kB
Unevictable:       35812 kB
Mlocked:           27768 kB
SwapTotal:       1310716 kB
SwapFree:        1172476 kB
Dirty:                28 kB
Writeback:             0 kB
AnonPages:        802608 kB
Mapped:           423640 kB
Shmem:               852 kB
Slab:             112056 kB
SReclaimable:      33508 kB
SUnreclaim:        78548 kB
KernelStack:       32784 kB
PageTables:        57552 kB
NFS_Unstable:          0 kB
Bounce:                0 kB
WritebackTmp:          0 kB
CommitLimit:     2684136 kB
Committed_AS:   139146764 kB
VmallocTotal:   251658176 kB
VmallocUsed:      319000 kB
VmallocChunk:   247561408 kB
Time pass: 121 sec

---2015-12-10 00:29:21
MemTotal:        2746844 kB
MemFree:          359992 kB
Buffers:            6132 kB
Cached:           739740 kB
SwapCached:         4796 kB
Active:           720044 kB
Inactive:         795676 kB
Active(anon):     358052 kB
Inactive(anon):   431756 kB
Active(file):     361992 kB
Inactive(file):   363920 kB
Unevictable:       35812 kB
Mlocked:           27768 kB
SwapTotal:       1310716 kB
SwapFree:        1172476 kB
Dirty:                28 kB
Writeback:             0 kB
AnonPages:        802528 kB
Mapped:           423640 kB
Shmem:               852 kB
Slab:             112032 kB
SReclaimable:      33508 kB
SUnreclaim:        78524 kB
KernelStack:       32688 kB
PageTables:        57552 kB
NFS_Unstable:          0 kB
Bounce:                0 kB
WritebackTmp:          0 kB
CommitLimit:     2684136 kB
Committed_AS:   139146516 kB
VmallocTotal:   251658176 kB
VmallocUsed:      319000 kB
VmallocChunk:   247561408 kB
Time pass: 124 sec

---2015-12-10 00:29:21
MemTotal:        2746844 kB
MemFree:          229896 kB
Buffers:            6384 kB
Cached:           754592 kB
SwapCached:         4860 kB
Active:           763488 kB
Inactive:         803916 kB
Active(anon):     395776 kB
Inactive(anon):   430888 kB
Active(file):     367712 kB
Inactive(file):   373028 kB
Unevictable:       35812 kB
Mlocked:           27768 kB
SwapTotal:       1310716 kB
SwapFree:        1172520 kB
Dirty:               636 kB
Writeback:             0 kB
AnonPages:        838900 kB
Mapped:           446912 kB
Shmem:               848 kB
Slab:             112036 kB
SReclaimable:      33508 kB
SUnreclaim:        78528 kB
KernelStack:       32752 kB
PageTables:        58724 kB
NFS_Unstable:          0 kB
Bounce:                0 kB
WritebackTmp:          0 kB
CommitLimit:     2684136 kB
Committed_AS:   140463764 kB
VmallocTotal:   251658176 kB
VmallocUsed:      320736 kB
VmallocChunk:   247561408 kB
Time pass: 128 sec

---2015-12-10 00:29:21
MemTotal:        2746844 kB
MemFree:          106056 kB
Buffers:            6420 kB
Cached:           756548 kB
SwapCached:         4860 kB
Active:           783280 kB
Inactive:         802492 kB
Active(anon):     412492 kB
Inactive(anon):   430648 kB
Active(file):     370788 kB
Inactive(file):   371844 kB
Unevictable:       35812 kB
Mlocked:           27768 kB
SwapTotal:       1310716 kB
SwapFree:        1172520 kB
Dirty:              3356 kB
Writeback:             0 kB
AnonPages:        856032 kB
Mapped:           450752 kB
Shmem:               988 kB
Slab:             112016 kB
SReclaimable:      33520 kB
SUnreclaim:        78496 kB
KernelStack:       33696 kB
PageTables:        58764 kB
NFS_Unstable:          0 kB
Bounce:                0 kB
WritebackTmp:          0 kB
CommitLimit:     2684136 kB
Committed_AS:   140495404 kB
VmallocTotal:   251658176 kB
VmallocUsed:      322296 kB
VmallocChunk:   247561408 kB
Time pass: 131 sec

---2015-12-10 00:29:21
MemTotal:        2746844 kB
MemFree:           86956 kB
Buffers:            6420 kB
Cached:           756476 kB
SwapCached:         4860 kB
Active:           780760 kB
Inactive:         801976 kB
Active(anon):     409820 kB
Inactive(anon):   430132 kB
Active(file):     370940 kB
Inactive(file):   371844 kB
Unevictable:       35812 kB
Mlocked:           27768 kB
SwapTotal:       1310716 kB
SwapFree:        1172528 kB
Dirty:                36 kB
Writeback:             0 kB
AnonPages:        852492 kB
Mapped:           451032 kB
Shmem:               988 kB
Slab:             112148 kB
SReclaimable:      33536 kB
SUnreclaim:        78612 kB
KernelStack:       33600 kB
PageTables:        58604 kB
NFS_Unstable:          0 kB
Bounce:                0 kB
WritebackTmp:          0 kB
CommitLimit:     2684136 kB
Committed_AS:   140494456 kB
VmallocTotal:   251658176 kB
VmallocUsed:      322348 kB
VmallocChunk:   247561408 kB
Time pass: 134 sec

---2015-12-10 00:29:21
MemTotal:        2746844 kB
MemFree:           85396 kB
Buffers:            6432 kB
Cached:           756848 kB
SwapCached:         4860 kB
Active:           781640 kB
Inactive:         802308 kB
Active(anon):     410684 kB
Inactive(anon):   430080 kB
Active(file):     370956 kB
Inactive(file):   372228 kB
Unevictable:       35812 kB
Mlocked:           27768 kB
SwapTotal:       1310716 kB
SwapFree:        1172528 kB
Dirty:               156 kB
Writeback:             0 kB
AnonPages:        853728 kB
Mapped:           451156 kB
Shmem:               988 kB
Slab:             112116 kB
SReclaimable:      33536 kB
SUnreclaim:        78580 kB
KernelStack:       33552 kB
PageTables:        58600 kB
NFS_Unstable:          0 kB
Bounce:                0 kB
WritebackTmp:          0 kB
CommitLimit:     2684136 kB
Committed_AS:   140494980 kB
VmallocTotal:   251658176 kB
VmallocUsed:      322348 kB
VmallocChunk:   247561408 kB
Time pass: 138 sec

---2015-12-10 00:29:21
MemTotal:        2746844 kB
MemFree:           80456 kB
Buffers:            6440 kB
Cached:           757004 kB
SwapCached:         4860 kB
Active:           783304 kB
Inactive:         802196 kB
Active(anon):     412108 kB
Inactive(anon):   430052 kB
Active(file):     371196 kB
Inactive(file):   372144 kB
Unevictable:       35812 kB
Mlocked:           27768 kB
SwapTotal:       1310716 kB
SwapFree:        1172528 kB
Dirty:               344 kB
Writeback:             0 kB
AnonPages:        854500 kB
Mapped:           451172 kB
Shmem:               988 kB
Slab:             112092 kB
SReclaimable:      33536 kB
SUnreclaim:        78556 kB
KernelStack:       33552 kB
PageTables:        58620 kB
NFS_Unstable:          0 kB
Bounce:                0 kB
WritebackTmp:          0 kB
CommitLimit:     2684136 kB
Committed_AS:   140495004 kB
VmallocTotal:   251658176 kB
VmallocUsed:      322372 kB
VmallocChunk:   247561408 kB
Time pass: 141 sec

---2015-12-10 00:29:21
MemTotal:        2746844 kB
MemFree:           71656 kB
Buffers:            6296 kB
Cached:           737140 kB
SwapCached:         4860 kB
Active:           778892 kB
Inactive:         786288 kB
Active(anon):     417336 kB
Inactive(anon):   424504 kB
Active(file):     361556 kB
Inactive(file):   361784 kB
Unevictable:       35812 kB
Mlocked:           27768 kB
SwapTotal:       1310716 kB
SwapFree:        1165352 kB
Dirty:               524 kB
Writeback:             0 kB
AnonPages:        854524 kB
Mapped:           438100 kB
Shmem:               988 kB
Slab:             112236 kB
SReclaimable:      33536 kB
SUnreclaim:        78700 kB
KernelStack:       33520 kB
PageTables:        58648 kB
NFS_Unstable:          0 kB
Bounce:                0 kB
WritebackTmp:          0 kB
CommitLimit:     2684136 kB
Committed_AS:   140507492 kB
VmallocTotal:   251658176 kB
VmallocUsed:      323660 kB
VmallocChunk:   247561408 kB
Time pass: 145 sec

---2015-12-10 00:29:21
MemTotal:        2746844 kB
MemFree:           72240 kB
Buffers:            6336 kB
Cached:           737140 kB
SwapCached:         4860 kB
Active:           777844 kB
Inactive:         786320 kB
Active(anon):     416288 kB
Inactive(anon):   424496 kB
Active(file):     361556 kB
Inactive(file):   361824 kB
Unevictable:       35812 kB
Mlocked:           27768 kB
SwapTotal:       1310716 kB
SwapFree:        1165352 kB
Dirty:               624 kB
Writeback:             0 kB
AnonPages:        853700 kB
Mapped:           438176 kB
Shmem:               988 kB
Slab:             112228 kB
SReclaimable:      33536 kB
SUnreclaim:        78692 kB
KernelStack:       33536 kB
PageTables:        58624 kB
NFS_Unstable:          0 kB
Bounce:                0 kB
WritebackTmp:          0 kB
CommitLimit:     2684136 kB
Committed_AS:   140507692 kB
VmallocTotal:   251658176 kB
VmallocUsed:      323644 kB
VmallocChunk:   247561408 kB
Time pass: 148 sec

---2015-12-10 00:29:21
MemTotal:        2746844 kB
MemFree:           72692 kB
Buffers:            6344 kB
Cached:           737132 kB
SwapCached:         4860 kB
Active:           777880 kB
Inactive:         786316 kB
Active(anon):     416324 kB
Inactive(anon):   424492 kB
Active(file):     361556 kB
Inactive(file):   361824 kB
Unevictable:       35812 kB
Mlocked:           27768 kB
SwapTotal:       1310716 kB
SwapFree:        1165352 kB
Dirty:                64 kB
Writeback:             0 kB
AnonPages:        853616 kB
Mapped:           438180 kB
Shmem:               988 kB
Slab:             112264 kB
SReclaimable:      33536 kB
SUnreclaim:        78728 kB
KernelStack:       33456 kB
PageTables:        58624 kB
NFS_Unstable:          0 kB
Bounce:                0 kB
WritebackTmp:          0 kB
CommitLimit:     2684136 kB
Committed_AS:   140507652 kB
VmallocTotal:   251658176 kB
VmallocUsed:      323644 kB
VmallocChunk:   247561408 kB
Time pass: 152 sec

---2015-12-10 00:29:21
MemTotal:        2746844 kB
MemFree:           70008 kB
Buffers:            6344 kB
Cached:           737284 kB
SwapCached:         4860 kB
Active:           779220 kB
Inactive:         786320 kB
Active(anon):     417664 kB
Inactive(anon):   424488 kB
Active(file):     361556 kB
Inactive(file):   361832 kB
Unevictable:       35812 kB
Mlocked:           27768 kB
SwapTotal:       1310716 kB
SwapFree:        1165352 kB
Dirty:                64 kB
Writeback:             0 kB
AnonPages:        854448 kB
Mapped:           438588 kB
Shmem:               988 kB
Slab:             112216 kB
SReclaimable:      33536 kB
SUnreclaim:        78680 kB
KernelStack:       33504 kB
PageTables:        58632 kB
NFS_Unstable:          0 kB
Bounce:                0 kB
WritebackTmp:          0 kB
CommitLimit:     2684136 kB
Committed_AS:   140507648 kB
VmallocTotal:   251658176 kB
VmallocUsed:      323644 kB
VmallocChunk:   247561408 kB
Time pass: 155 sec

---2015-12-10 00:29:21
MemTotal:        2746844 kB
MemFree:           69196 kB
Buffers:            6360 kB
Cached:           734108 kB
SwapCached:         4860 kB
Active:           785804 kB
Inactive:         785576 kB
Active(anon):     426036 kB
Inactive(anon):   425192 kB
Active(file):     359768 kB
Inactive(file):   360384 kB
Unevictable:       35812 kB
Mlocked:           27768 kB
SwapTotal:       1310716 kB
SwapFree:        1164584 kB
Dirty:                76 kB
Writeback:             0 kB
AnonPages:        863568 kB
Mapped:           438924 kB
Shmem:              1196 kB
Slab:             112260 kB
SReclaimable:      33536 kB
SUnreclaim:        78724 kB
KernelStack:       34032 kB
PageTables:        58784 kB
NFS_Unstable:          0 kB
Bounce:                0 kB
WritebackTmp:          0 kB
CommitLimit:     2684136 kB
Committed_AS:   140519568 kB
VmallocTotal:   251658176 kB
VmallocUsed:      325832 kB
VmallocChunk:   247561408 kB
Time pass: 159 sec

---2015-12-10 00:29:21
MemTotal:        2746844 kB
MemFree:           63916 kB
Buffers:            6396 kB
Cached:           732692 kB
SwapCached:         4860 kB
Active:           786612 kB
Inactive:         788412 kB
Active(anon):     427380 kB
Inactive(anon):   429128 kB
Active(file):     359232 kB
Inactive(file):   359284 kB
Unevictable:       35812 kB
Mlocked:           27768 kB
SwapTotal:       1310716 kB
SwapFree:        1163748 kB
Dirty:                80 kB
Writeback:             0 kB
AnonPages:        868476 kB
Mapped:           437652 kB
Shmem:              1464 kB
Slab:             112256 kB
SReclaimable:      33536 kB
SUnreclaim:        78720 kB
KernelStack:       34000 kB
PageTables:        58820 kB
NFS_Unstable:          0 kB
Bounce:                0 kB
WritebackTmp:          0 kB
CommitLimit:     2684136 kB
Committed_AS:   140523800 kB
VmallocTotal:   251658176 kB
VmallocUsed:      325832 kB
VmallocChunk:   247561408 kB
Time pass: 163 sec

---2015-12-10 00:29:21
MemTotal:        2746844 kB
MemFree:           66096 kB
Buffers:            6392 kB
Cached:           730476 kB
SwapCached:         4860 kB
Active:           785700 kB
Inactive:         786988 kB
Active(anon):     426444 kB
Inactive(anon):   429340 kB
Active(file):     359256 kB
Inactive(file):   357648 kB
Unevictable:       35812 kB
Mlocked:           27768 kB
SwapTotal:       1310716 kB
SwapFree:        1162212 kB
Dirty:                 4 kB
Writeback:             0 kB
AnonPages:        867684 kB
Mapped:           436048 kB
Shmem:              1604 kB
Slab:             112284 kB
SReclaimable:      33536 kB
SUnreclaim:        78748 kB
KernelStack:       33968 kB
PageTables:        58856 kB
NFS_Unstable:          0 kB
Bounce:                0 kB
WritebackTmp:          0 kB
CommitLimit:     2684136 kB
Committed_AS:   140527888 kB
VmallocTotal:   251658176 kB
VmallocUsed:      325832 kB
VmallocChunk:   247561408 kB
Time pass: 167 sec

---2015-12-10 00:29:21
MemTotal:        2746844 kB
MemFree:           72124 kB
Buffers:            6400 kB
Cached:           730520 kB
SwapCached:         4860 kB
Active:           786424 kB
Inactive:         787044 kB
Active(anon):     427164 kB
Inactive(anon):   429392 kB
Active(file):     359260 kB
Inactive(file):   357652 kB
Unevictable:       35812 kB
Mlocked:           27768 kB
SwapTotal:       1310716 kB
SwapFree:        1162212 kB
Dirty:                40 kB
Writeback:             0 kB
AnonPages:        868080 kB
Mapped:           436176 kB
Shmem:              1648 kB
Slab:             112272 kB
SReclaimable:      33536 kB
SUnreclaim:        78736 kB
KernelStack:       33968 kB
PageTables:        58884 kB
NFS_Unstable:          0 kB
Bounce:                0 kB
WritebackTmp:          0 kB
CommitLimit:     2684136 kB
Committed_AS:   140527840 kB
VmallocTotal:   251658176 kB
VmallocUsed:      325832 kB
VmallocChunk:   247561408 kB
Time pass: 170 sec

---2015-12-10 00:29:21
MemTotal:        2746844 kB
MemFree:           72192 kB
Buffers:            6408 kB
Cached:           730552 kB
SwapCached:         4860 kB
Active:           786280 kB
Inactive:         787064 kB
Active(anon):     427020 kB
Inactive(anon):   429408 kB
Active(file):     359260 kB
Inactive(file):   357656 kB
Unevictable:       35812 kB
Mlocked:           27768 kB
SwapTotal:       1310716 kB
SwapFree:        1162212 kB
Dirty:                 8 kB
Writeback:             0 kB
AnonPages:        868380 kB
Mapped:           436120 kB
Shmem:              1676 kB
Slab:             112272 kB
SReclaimable:      33536 kB
SUnreclaim:        78736 kB
KernelStack:       33968 kB
PageTables:        58856 kB
NFS_Unstable:          0 kB
Bounce:                0 kB
WritebackTmp:          0 kB
CommitLimit:     2684136 kB
Committed_AS:   140527848 kB
VmallocTotal:   251658176 kB
VmallocUsed:      325832 kB
VmallocChunk:   247561408 kB
Time pass: 173 sec

---2015-12-10 00:29:21
MemTotal:        2746844 kB
MemFree:           71652 kB
Buffers:            6408 kB
Cached:           730484 kB
SwapCached:         4860 kB
Active:           786772 kB
Inactive:         786040 kB
Active(anon):     427736 kB
Inactive(anon):   428968 kB
Active(file):     359036 kB
Inactive(file):   357072 kB
Unevictable:       35812 kB
Mlocked:           27768 kB
SwapTotal:       1310716 kB
SwapFree:        1162212 kB
Dirty:                 8 kB
Writeback:             0 kB
AnonPages:        868248 kB
Mapped:           436344 kB
Shmem:              1676 kB
Slab:             112280 kB
SReclaimable:      33536 kB
SUnreclaim:        78744 kB
KernelStack:       33968 kB
PageTables:        58888 kB
NFS_Unstable:          0 kB
Bounce:                0 kB
WritebackTmp:          0 kB
CommitLimit:     2684136 kB
Committed_AS:   140527848 kB
VmallocTotal:   251658176 kB
VmallocUsed:      325832 kB
VmallocChunk:   247561408 kB
Time pass: 177 sec

---2015-12-10 00:29:21
MemTotal:        2746844 kB
MemFree:           72328 kB
Buffers:            6416 kB
Cached:           730512 kB
SwapCached:         4860 kB
Active:           786820 kB
Inactive:         786076 kB
Active(anon):     427784 kB
Inactive(anon):   428996 kB
Active(file):     359036 kB
Inactive(file):   357080 kB
Unevictable:       35812 kB
Mlocked:           27768 kB
SwapTotal:       1310716 kB
SwapFree:        1162212 kB
Dirty:                16 kB
Writeback:             0 kB
AnonPages:        868168 kB
Mapped:           436288 kB
Shmem:              1704 kB
Slab:             112260 kB
SReclaimable:      33536 kB
SUnreclaim:        78724 kB
KernelStack:       33968 kB
PageTables:        58856 kB
NFS_Unstable:          0 kB
Bounce:                0 kB
WritebackTmp:          0 kB
CommitLimit:     2684136 kB
Committed_AS:   140527848 kB
VmallocTotal:   251658176 kB
VmallocUsed:      325832 kB
VmallocChunk:   247561408 kB
Time pass: 180 sec

---2015-12-10 00:29:21
MemTotal:        2746844 kB
MemFree:           71132 kB
Buffers:            6416 kB
Cached:           730520 kB
SwapCached:         4896 kB
Active:           787160 kB
Inactive:         786104 kB
Active(anon):     428120 kB
Inactive(anon):   429024 kB
Active(file):     359040 kB
Inactive(file):   357080 kB
Unevictable:       35812 kB
Mlocked:           27768 kB
SwapTotal:       1310716 kB
SwapFree:        1162220 kB
Dirty:                 0 kB
Writeback:             0 kB
AnonPages:        868968 kB
Mapped:           436208 kB
Shmem:              1708 kB
Slab:             112240 kB
SReclaimable:      33536 kB
SUnreclaim:        78704 kB
KernelStack:       34016 kB
PageTables:        58828 kB
NFS_Unstable:          0 kB
Bounce:                0 kB
WritebackTmp:          0 kB
CommitLimit:     2684136 kB
Committed_AS:   140527864 kB
VmallocTotal:   251658176 kB
VmallocUsed:      325832 kB
VmallocChunk:   247561408 kB
Time pass: 184 sec

---2015-12-10 00:29:21
MemTotal:        2746844 kB
MemFree:           67872 kB
Buffers:            6444 kB
Cached:           728648 kB
SwapCached:         4896 kB
Active:           788692 kB
Inactive:         789008 kB
Active(anon):     430488 kB
Inactive(anon):   432496 kB
Active(file):     358204 kB
Inactive(file):   356512 kB
Unevictable:       35812 kB
Mlocked:           27768 kB
SwapTotal:       1310716 kB
SwapFree:        1161352 kB
Dirty:                52 kB
Writeback:             0 kB
AnonPages:        875480 kB
Mapped:           434164 kB
Shmem:              1268 kB
Slab:             112228 kB
SReclaimable:      33536 kB
SUnreclaim:        78692 kB
KernelStack:       34128 kB
PageTables:        58856 kB
NFS_Unstable:          0 kB
Bounce:                0 kB
WritebackTmp:          0 kB
CommitLimit:     2684136 kB
Committed_AS:   140532768 kB
VmallocTotal:   251658176 kB
VmallocUsed:      323780 kB
VmallocChunk:   247561408 kB
Time pass: 187 sec

---2015-12-10 00:29:21
MemTotal:        2746844 kB
MemFree:           72856 kB
Buffers:            6108 kB
Cached:           722504 kB
SwapCached:         4896 kB
Active:           785592 kB
Inactive:         783684 kB
Active(anon):     427176 kB
Inactive(anon):   434220 kB
Active(file):     358416 kB
Inactive(file):   349464 kB
Unevictable:       35812 kB
Mlocked:           27768 kB
SwapTotal:       1310716 kB
SwapFree:        1154676 kB
Dirty:                92 kB
Writeback:             0 kB
AnonPages:        874032 kB
Mapped:           423296 kB
Shmem:              1284 kB
Slab:             112368 kB
SReclaimable:      33536 kB
SUnreclaim:        78832 kB
KernelStack:       34576 kB
PageTables:        58840 kB
NFS_Unstable:          0 kB
Bounce:                0 kB
WritebackTmp:          0 kB
CommitLimit:     2684136 kB
Committed_AS:   140544400 kB
VmallocTotal:   251658176 kB
VmallocUsed:      327224 kB
VmallocChunk:   247561408 kB
Time pass: 191 sec

---2015-12-10 00:29:21
MemTotal:        2746844 kB
MemFree:           71792 kB
Buffers:            6144 kB
Cached:           722612 kB
SwapCached:         4896 kB
Active:           787676 kB
Inactive:         783856 kB
Active(anon):     429032 kB
Inactive(anon):   434236 kB
Active(file):     358644 kB
Inactive(file):   349620 kB
Unevictable:       35812 kB
Mlocked:           27768 kB
SwapTotal:       1310716 kB
SwapFree:        1154676 kB
Dirty:               128 kB
Writeback:             0 kB
AnonPages:        875868 kB
Mapped:           423072 kB
Shmem:              1360 kB
Slab:             112284 kB
SReclaimable:      33536 kB
SUnreclaim:        78748 kB
KernelStack:       34080 kB
PageTables:        58868 kB
NFS_Unstable:          0 kB
Bounce:                0 kB
WritebackTmp:          0 kB
CommitLimit:     2684136 kB
Committed_AS:   140548340 kB
VmallocTotal:   251658176 kB
VmallocUsed:      327224 kB
VmallocChunk:   247561408 kB
Time pass: 195 sec

---2015-12-10 00:29:21
MemTotal:        2746844 kB
MemFree:           68264 kB
Buffers:            6160 kB
Cached:           723748 kB
SwapCached:         4896 kB
Active:           789912 kB
Inactive:         784212 kB
Active(anon):     431256 kB
Inactive(anon):   434376 kB
Active(file):     358656 kB
Inactive(file):   349836 kB
Unevictable:       35812 kB
Mlocked:           27768 kB
SwapTotal:       1310716 kB
SwapFree:        1154676 kB
Dirty:                64 kB
Writeback:             0 kB
AnonPages:        877160 kB
Mapped:           423560 kB
Shmem:              1704 kB
Slab:             112292 kB
SReclaimable:      33536 kB
SUnreclaim:        78756 kB
KernelStack:       34064 kB
PageTables:        58900 kB
NFS_Unstable:          0 kB
Bounce:                0 kB
WritebackTmp:          0 kB
CommitLimit:     2684136 kB
Committed_AS:   140548500 kB
VmallocTotal:   251658176 kB
VmallocUsed:      327224 kB
VmallocChunk:   247561408 kB
Time pass: 199 sec

---2015-12-10 00:29:21
MemTotal:        2746844 kB
MemFree:           68584 kB
Buffers:            6184 kB
Cached:           724000 kB
SwapCached:         4896 kB
Active:           789856 kB
Inactive:         784716 kB
Active(anon):     431200 kB
Inactive(anon):   434472 kB
Active(file):     358656 kB
Inactive(file):   350244 kB
Unevictable:       35812 kB
Mlocked:           27768 kB
SwapTotal:       1310716 kB
SwapFree:        1154676 kB
Dirty:                48 kB
Writeback:             0 kB
AnonPages:        877672 kB
Mapped:           423692 kB
Shmem:              1800 kB
Slab:             112276 kB
SReclaimable:      33536 kB
SUnreclaim:        78740 kB
KernelStack:       34064 kB
PageTables:        58900 kB
NFS_Unstable:          0 kB
Bounce:                0 kB
WritebackTmp:          0 kB
CommitLimit:     2684136 kB
Committed_AS:   140552684 kB
VmallocTotal:   251658176 kB
VmallocUsed:      327224 kB
VmallocChunk:   247561408 kB
Time pass: 202 sec

---2015-12-10 00:29:21
MemTotal:        2746844 kB
MemFree:           68184 kB
Buffers:            6184 kB
Cached:           724132 kB
SwapCached:         4896 kB
Active:           790004 kB
Inactive:         785108 kB
Active(anon):     431348 kB
Inactive(anon):   434468 kB
Active(file):     358656 kB
Inactive(file):   350640 kB
Unevictable:       35812 kB
Mlocked:           27768 kB
SwapTotal:       1310716 kB
SwapFree:        1154676 kB
Dirty:                56 kB
Writeback:             0 kB
AnonPages:        877656 kB
Mapped:           423716 kB
Shmem:              1800 kB
Slab:             112276 kB
SReclaimable:      33536 kB
SUnreclaim:        78740 kB
KernelStack:       34064 kB
PageTables:        58904 kB
NFS_Unstable:          0 kB
Bounce:                0 kB
WritebackTmp:          0 kB
CommitLimit:     2684136 kB
Committed_AS:   140552736 kB
VmallocTotal:   251658176 kB
VmallocUsed:      327224 kB
VmallocChunk:   247561408 kB
Time pass: 206 sec

---2015-12-10 00:29:21
MemTotal:        2746844 kB
MemFree:           64620 kB
Buffers:            6208 kB
Cached:           724676 kB
SwapCached:         4896 kB
Active:           786320 kB
Inactive:         791672 kB
Active(anon):     433060 kB
Inactive(anon):   435060 kB
Active(file):     353260 kB
Inactive(file):   356612 kB
Unevictable:       35812 kB
Mlocked:           27768 kB
SwapTotal:       1310716 kB
SwapFree:        1151184 kB
Dirty:               112 kB
Writeback:             0 kB
AnonPages:        880340 kB
Mapped:           421224 kB
Shmem:              1800 kB
Slab:             112328 kB
SReclaimable:      33536 kB
SUnreclaim:        78792 kB
KernelStack:       34144 kB
PageTables:        59324 kB
NFS_Unstable:          0 kB
Bounce:                0 kB
WritebackTmp:          0 kB
CommitLimit:     2684136 kB
Committed_AS:   141792724 kB
VmallocTotal:   251658176 kB
VmallocUsed:      328244 kB
VmallocChunk:   247561408 kB
Time pass: 209 sec

---2015-12-10 00:29:21
MemTotal:        2746844 kB
MemFree:           73764 kB
Buffers:            6184 kB
Cached:           719044 kB
SwapCached:         4896 kB
Active:           787516 kB
Inactive:         784508 kB
Active(anon):     430440 kB
Inactive(anon):   437268 kB
Active(file):     357076 kB
Inactive(file):   347240 kB
Unevictable:       35812 kB
Mlocked:           27768 kB
SwapTotal:       1310716 kB
SwapFree:        1149744 kB
Dirty:               136 kB
Writeback:             0 kB
AnonPages:        879444 kB
Mapped:           414960 kB
Shmem:              1800 kB
Slab:             112492 kB
SReclaimable:      33536 kB
SUnreclaim:        78956 kB
KernelStack:       34112 kB
PageTables:        58908 kB
NFS_Unstable:          0 kB
Bounce:                0 kB
WritebackTmp:          0 kB
CommitLimit:     2684136 kB
Committed_AS:   140552920 kB
VmallocTotal:   251658176 kB
VmallocUsed:      327224 kB
VmallocChunk:   247561408 kB
Time pass: 213 sec

---2015-12-10 00:29:21
MemTotal:        2746844 kB
MemFree:           72764 kB
Buffers:            6208 kB
Cached:           719148 kB
SwapCached:         4896 kB
Active:           787208 kB
Inactive:         784508 kB
Active(anon):     430044 kB
Inactive(anon):   437264 kB
Active(file):     357164 kB
Inactive(file):   347244 kB
Unevictable:       35812 kB
Mlocked:           27768 kB
SwapTotal:       1310716 kB
SwapFree:        1149744 kB
Dirty:               160 kB
Writeback:             0 kB
AnonPages:        878592 kB
Mapped:           415172 kB
Shmem:              1800 kB
Slab:             112484 kB
SReclaimable:      33536 kB
SUnreclaim:        78948 kB
KernelStack:       34112 kB
PageTables:        58920 kB
NFS_Unstable:          0 kB
Bounce:                0 kB
WritebackTmp:          0 kB
CommitLimit:     2684136 kB
Committed_AS:   140552864 kB
VmallocTotal:   251658176 kB
VmallocUsed:      327224 kB
VmallocChunk:   247561408 kB
Time pass: 216 sec

---2015-12-10 00:29:21
MemTotal:        2746844 kB
MemFree:           72856 kB
Buffers:            6216 kB
Cached:           719288 kB
SwapCached:         4896 kB
Active:           787424 kB
Inactive:         784596 kB
Active(anon):     430260 kB
Inactive(anon):   437200 kB
Active(file):     357164 kB
Inactive(file):   347396 kB
Unevictable:       35812 kB
Mlocked:           27768 kB
SwapTotal:       1310716 kB
SwapFree:        1149744 kB
Dirty:                60 kB
Writeback:             0 kB
AnonPages:        878864 kB
Mapped:           415092 kB
Shmem:              1800 kB
Slab:             112500 kB
SReclaimable:      33536 kB
SUnreclaim:        78964 kB
KernelStack:       34096 kB
PageTables:        58888 kB
NFS_Unstable:          0 kB
Bounce:                0 kB
WritebackTmp:          0 kB
CommitLimit:     2684136 kB
Committed_AS:   140552864 kB
VmallocTotal:   251658176 kB
VmallocUsed:      327224 kB
VmallocChunk:   247561408 kB
Time pass: 220 sec

---2015-12-10 00:29:21
MemTotal:        2746844 kB
MemFree:           69644 kB
Buffers:            6232 kB
Cached:           722996 kB
SwapCached:         4896 kB
Active:           788012 kB
Inactive:         788316 kB
Active(anon):     430844 kB
Inactive(anon):   437200 kB
Active(file):     357168 kB
Inactive(file):   351116 kB
Unevictable:       35812 kB
Mlocked:           27768 kB
SwapTotal:       1310716 kB
SwapFree:        1149744 kB
Dirty:               100 kB
Writeback:             0 kB
AnonPages:        879644 kB
Mapped:           415672 kB
Shmem:              1800 kB
Slab:             112384 kB
SReclaimable:      33536 kB
SUnreclaim:        78848 kB
KernelStack:       34144 kB
PageTables:        58892 kB
NFS_Unstable:          0 kB
Bounce:                0 kB
WritebackTmp:          0 kB
CommitLimit:     2684136 kB
Committed_AS:   140552896 kB
VmallocTotal:   251658176 kB
VmallocUsed:      327224 kB
VmallocChunk:   247561408 kB
Time pass: 223 sec

---2015-12-10 00:29:21
MemTotal:        2746844 kB
MemFree:           68364 kB
Buffers:            6232 kB
Cached:           722996 kB
SwapCached:         4896 kB
Active:           787848 kB
Inactive:         788316 kB
Active(anon):     430680 kB
Inactive(anon):   437200 kB
Active(file):     357168 kB
Inactive(file):   351116 kB
Unevictable:       35812 kB
Mlocked:           27768 kB
SwapTotal:       1310716 kB
SwapFree:        1149744 kB
Dirty:                 0 kB
Writeback:             0 kB
AnonPages:        879828 kB
Mapped:           415672 kB
Shmem:              1800 kB
Slab:             112392 kB
SReclaimable:      33536 kB
SUnreclaim:        78856 kB
KernelStack:       34144 kB
PageTables:        58888 kB
NFS_Unstable:          0 kB
Bounce:                0 kB
WritebackTmp:          0 kB
CommitLimit:     2684136 kB
Committed_AS:   140552912 kB
VmallocTotal:   251658176 kB
VmallocUsed:      327224 kB
VmallocChunk:   247561408 kB
Time pass: 227 sec

---2015-12-10 00:29:21
MemTotal:        2746844 kB
MemFree:           69884 kB
Buffers:            6256 kB
Cached:           721488 kB
SwapCached:         4896 kB
Active:           788908 kB
Inactive:         787320 kB
Active(anon):     432800 kB
Inactive(anon):   436592 kB
Active(file):     356108 kB
Inactive(file):   350728 kB
Unevictable:       35812 kB
Mlocked:           27768 kB
SwapTotal:       1310716 kB
SwapFree:        1148772 kB
Dirty:                56 kB
Writeback:             0 kB
AnonPages:        881212 kB
Mapped:           414376 kB
Shmem:              1800 kB
Slab:             112468 kB
SReclaimable:      33536 kB
SUnreclaim:        78932 kB
KernelStack:       34112 kB
PageTables:        58852 kB
NFS_Unstable:          0 kB
Bounce:                0 kB
WritebackTmp:          0 kB
CommitLimit:     2684136 kB
Committed_AS:   140552724 kB
VmallocTotal:   251658176 kB
VmallocUsed:      327224 kB
VmallocChunk:   247561408 kB
Time pass: 230 sec

---2015-12-10 00:29:21
MemTotal:        2746844 kB
MemFree:           69100 kB
Buffers:            6256 kB
Cached:           721508 kB
SwapCached:         4896 kB
Active:           788948 kB
Inactive:         787348 kB
Active(anon):     432852 kB
Inactive(anon):   436596 kB
Active(file):     356096 kB
Inactive(file):   350752 kB
Unevictable:       35812 kB
Mlocked:           27768 kB
SwapTotal:       1310716 kB
SwapFree:        1148772 kB
Dirty:                 0 kB
Writeback:             0 kB
AnonPages:        881032 kB
Mapped:           414632 kB
Shmem:              1800 kB
Slab:             112468 kB
SReclaimable:      33536 kB
SUnreclaim:        78932 kB
KernelStack:       34144 kB
PageTables:        58916 kB
NFS_Unstable:          0 kB
Bounce:                0 kB
WritebackTmp:          0 kB
CommitLimit:     2684136 kB
Committed_AS:   140552808 kB
VmallocTotal:   251658176 kB
VmallocUsed:      327224 kB
VmallocChunk:   247561408 kB
Time pass: 234 sec

---2015-12-10 00:29:21
MemTotal:        2746844 kB
MemFree:           69272 kB
Buffers:            6264 kB
Cached:           721500 kB
SwapCached:         4896 kB
Active:           788940 kB
Inactive:         787344 kB
Active(anon):     432844 kB
Inactive(anon):   436584 kB
Active(file):     356096 kB
Inactive(file):   350760 kB
Unevictable:       35812 kB
Mlocked:           27768 kB
SwapTotal:       1310716 kB
SwapFree:        1148772 kB
Dirty:                52 kB
Writeback:             0 kB
AnonPages:        881260 kB
Mapped:           414548 kB
Shmem:              1800 kB
Slab:             112412 kB
SReclaimable:      33536 kB
SUnreclaim:        78876 kB
KernelStack:       34144 kB
PageTables:        58888 kB
NFS_Unstable:          0 kB
Bounce:                0 kB
WritebackTmp:          0 kB
CommitLimit:     2684136 kB
Committed_AS:   140552800 kB
VmallocTotal:   251658176 kB
VmallocUsed:      327224 kB
VmallocChunk:   247561408 kB
Time pass: 238 sec

---2015-12-10 00:29:21
MemTotal:        2746844 kB
MemFree:           68128 kB
Buffers:            6280 kB
Cached:           721500 kB
SwapCached:         4896 kB
Active:           789328 kB
Inactive:         787360 kB
Active(anon):     433232 kB
Inactive(anon):   436584 kB
Active(file):     356096 kB
Inactive(file):   350776 kB
Unevictable:       35812 kB
Mlocked:           27768 kB
SwapTotal:       1310716 kB
SwapFree:        1148776 kB
Dirty:                 0 kB
Writeback:             0 kB
AnonPages:        881584 kB
Mapped:           414632 kB
Shmem:              1800 kB
Slab:             112412 kB
SReclaimable:      33536 kB
SUnreclaim:        78876 kB
KernelStack:       34144 kB
PageTables:        58916 kB
NFS_Unstable:          0 kB
Bounce:                0 kB
WritebackTmp:          0 kB
CommitLimit:     2684136 kB
Committed_AS:   140552816 kB
VmallocTotal:   251658176 kB
VmallocUsed:      327224 kB
VmallocChunk:   247561408 kB
Time pass: 241 sec

---2015-12-10 00:29:21
MemTotal:        2746844 kB
MemFree:           68060 kB
Buffers:            6288 kB
Cached:           721508 kB
SwapCached:         4896 kB
Active:           790164 kB
Inactive:         787352 kB
Active(anon):     434068 kB
Inactive(anon):   436568 kB
Active(file):     356096 kB
Inactive(file):   350784 kB
Unevictable:       35812 kB
Mlocked:           27768 kB
SwapTotal:       1310716 kB
SwapFree:        1148776 kB
Dirty:                32 kB
Writeback:             0 kB
AnonPages:        882224 kB
Mapped:           414640 kB
Shmem:              1808 kB
Slab:             112432 kB
SReclaimable:      33536 kB
SUnreclaim:        78896 kB
KernelStack:       34128 kB
PageTables:        58920 kB
NFS_Unstable:          0 kB
Bounce:                0 kB
WritebackTmp:          0 kB
CommitLimit:     2684136 kB
Committed_AS:   140552740 kB
VmallocTotal:   251658176 kB
VmallocUsed:      327224 kB
VmallocChunk:   247561408 kB
Time pass: 245 sec

---2015-12-10 00:29:21
MemTotal:        2746844 kB
MemFree:           68700 kB
Buffers:            6492 kB
Cached:           717856 kB
SwapCached:         4900 kB
Active:           787200 kB
Inactive:         788836 kB
Active(anon):     433956 kB
Inactive(anon):   438444 kB
Active(file):     353244 kB
Inactive(file):   350392 kB
Unevictable:       35812 kB
Mlocked:           27768 kB
SwapTotal:       1310716 kB
SwapFree:        1146012 kB
Dirty:               132 kB
Writeback:             0 kB
AnonPages:        884316 kB
Mapped:           412484 kB
Shmem:              1812 kB
Slab:             112716 kB
SReclaimable:      33568 kB
SUnreclaim:        79148 kB
KernelStack:       34592 kB
PageTables:        60592 kB
NFS_Unstable:          0 kB
Bounce:                0 kB
WritebackTmp:          0 kB
CommitLimit:     2684136 kB
Committed_AS:   142413824 kB
VmallocTotal:   251658176 kB
VmallocUsed:      327224 kB
VmallocChunk:   247561408 kB
Time pass: 248 sec

---2015-12-10 00:29:21
MemTotal:        2746844 kB
MemFree:           69760 kB
Buffers:            6508 kB
Cached:           717356 kB
SwapCached:         4900 kB
Active:           788228 kB
Inactive:         788092 kB
Active(anon):     435268 kB
Inactive(anon):   438116 kB
Active(file):     352960 kB
Inactive(file):   349976 kB
Unevictable:       35812 kB
Mlocked:           27768 kB
SwapTotal:       1310716 kB
SwapFree:        1146012 kB
Dirty:               140 kB
Writeback:             0 kB
AnonPages:        884788 kB
Mapped:           412284 kB
Shmem:              1812 kB
Slab:             112552 kB
SReclaimable:      33568 kB
SUnreclaim:        78984 kB
KernelStack:       34176 kB
PageTables:        58908 kB
NFS_Unstable:          0 kB
Bounce:                0 kB
WritebackTmp:          0 kB
CommitLimit:     2684136 kB
Committed_AS:   140557384 kB
VmallocTotal:   251658176 kB
VmallocUsed:      327224 kB
VmallocChunk:   247561408 kB
Time pass: 252 sec

---2015-12-10 00:29:21
MemTotal:        2746844 kB
MemFree:           70512 kB
Buffers:            6508 kB
Cached:           717356 kB
SwapCached:         4900 kB
Active:           787492 kB
Inactive:         788084 kB
Active(anon):     434532 kB
Inactive(anon):   438100 kB
Active(file):     352960 kB
Inactive(file):   349984 kB
Unevictable:       35812 kB
Mlocked:           27768 kB
SwapTotal:       1310716 kB
SwapFree:        1146016 kB
Dirty:                 0 kB
Writeback:             0 kB
AnonPages:        884164 kB
Mapped:           412580 kB
Shmem:              1812 kB
Slab:             112544 kB
SReclaimable:      33568 kB
SUnreclaim:        78976 kB
KernelStack:       34176 kB
PageTables:        58928 kB
NFS_Unstable:          0 kB
Bounce:                0 kB
WritebackTmp:          0 kB
CommitLimit:     2684136 kB
Committed_AS:   140557368 kB
VmallocTotal:   251658176 kB
VmallocUsed:      327224 kB
VmallocChunk:   247561408 kB
Time pass: 255 sec

---2015-12-10 00:29:21
MemTotal:        2746844 kB
MemFree:           70832 kB
Buffers:            6532 kB
Cached:           717348 kB
SwapCached:         4900 kB
Active:           787868 kB
Inactive:         788092 kB
Active(anon):     434916 kB
Inactive(anon):   438084 kB
Active(file):     352952 kB
Inactive(file):   350008 kB
Unevictable:       35812 kB
Mlocked:           27768 kB
SwapTotal:       1310716 kB
SwapFree:        1146032 kB
Dirty:                56 kB
Writeback:             8 kB
AnonPages:        884528 kB
Mapped:           412496 kB
Shmem:              1812 kB
Slab:             112456 kB
SReclaimable:      33568 kB
SUnreclaim:        78888 kB
KernelStack:       34160 kB
PageTables:        58900 kB
NFS_Unstable:          0 kB
Bounce:                0 kB
WritebackTmp:          0 kB
CommitLimit:     2684136 kB
Committed_AS:   140557352 kB
VmallocTotal:   251658176 kB
VmallocUsed:      327224 kB
VmallocChunk:   247561408 kB
Time pass: 259 sec

---2015-12-10 00:29:21
MemTotal:        2746844 kB
MemFree:           76232 kB
Buffers:            6532 kB
Cached:           717356 kB
SwapCached:         4900 kB
Active:           787900 kB
Inactive:         788040 kB
Active(anon):     434940 kB
Inactive(anon):   438032 kB
Active(file):     352960 kB
Inactive(file):   350008 kB
Unevictable:       35812 kB
Mlocked:           27768 kB
SwapTotal:       1310716 kB
SwapFree:        1146076 kB
Dirty:                 0 kB
Writeback:             0 kB
AnonPages:        884956 kB
Mapped:           412496 kB
Shmem:              1812 kB
Slab:             112460 kB
SReclaimable:      33568 kB
SUnreclaim:        78892 kB
KernelStack:       34144 kB
PageTables:        58904 kB
NFS_Unstable:          0 kB
Bounce:                0 kB
WritebackTmp:          0 kB
CommitLimit:     2684136 kB
Committed_AS:   140557352 kB
VmallocTotal:   251658176 kB
VmallocUsed:      327224 kB
VmallocChunk:   247561408 kB
Time pass: 262 sec

---2015-12-10 00:29:21
MemTotal:        2746844 kB
MemFree:           73280 kB
Buffers:            6548 kB
Cached:           720196 kB
SwapCached:         4900 kB
Active:           787672 kB
Inactive:         790856 kB
Active(anon):     434712 kB
Inactive(anon):   438028 kB
Active(file):     352960 kB
Inactive(file):   352828 kB
Unevictable:       35812 kB
Mlocked:           27768 kB
SwapTotal:       1310716 kB
SwapFree:        1146100 kB
Dirty:                48 kB
Writeback:             0 kB
AnonPages:        883956 kB
Mapped:           412916 kB
Shmem:              1812 kB
Slab:             112460 kB
SReclaimable:      33568 kB
SUnreclaim:        78892 kB
KernelStack:       34208 kB
PageTables:        58968 kB
NFS_Unstable:          0 kB
Bounce:                0 kB
WritebackTmp:          0 kB
CommitLimit:     2684136 kB
Committed_AS:   140557352 kB
VmallocTotal:   251658176 kB
VmallocUsed:      327224 kB
VmallocChunk:   247561408 kB
Time pass: 266 sec

---2015-12-10 00:29:21
MemTotal:        2746844 kB
MemFree:           72548 kB
Buffers:            6580 kB
Cached:           718204 kB
SwapCached:         4900 kB
Active:           787872 kB
Inactive:         792644 kB
Active(anon):     435628 kB
Inactive(anon):   441024 kB
Active(file):     352244 kB
Inactive(file):   351620 kB
Unevictable:       35812 kB
Mlocked:           27768 kB
SwapTotal:       1310716 kB
SwapFree:        1145868 kB
Dirty:                16 kB
Writeback:             0 kB
AnonPages:        887976 kB
Mapped:           411660 kB
Shmem:              1812 kB
Slab:             112580 kB
SReclaimable:      33568 kB
SUnreclaim:        79012 kB
KernelStack:       34128 kB
PageTables:        58852 kB
NFS_Unstable:          0 kB
Bounce:                0 kB
WritebackTmp:          0 kB
CommitLimit:     2684136 kB
Committed_AS:   140557380 kB
VmallocTotal:   251658176 kB
VmallocUsed:      327224 kB
VmallocChunk:   247561408 kB
Time pass: 269 sec

---2015-12-10 00:29:21
MemTotal:        2746844 kB
MemFree:           71860 kB
Buffers:            6588 kB
Cached:           718200 kB
SwapCached:         4900 kB
Active:           787552 kB
Inactive:         792520 kB
Active(anon):     435200 kB
Inactive(anon):   441008 kB
Active(file):     352352 kB
Inactive(file):   351512 kB
Unevictable:       35812 kB
Mlocked:           27768 kB
SwapTotal:       1310716 kB
SwapFree:        1145868 kB
Dirty:                36 kB
Writeback:             0 kB
AnonPages:        887888 kB
Mapped:           411900 kB
Shmem:              1816 kB
Slab:             112520 kB
SReclaimable:      33568 kB
SUnreclaim:        78952 kB
KernelStack:       34144 kB
PageTables:        58904 kB
NFS_Unstable:          0 kB
Bounce:                0 kB
WritebackTmp:          0 kB
CommitLimit:     2684136 kB
Committed_AS:   140557380 kB
VmallocTotal:   251658176 kB
VmallocUsed:      327224 kB
VmallocChunk:   247561408 kB
Time pass: 273 sec

---2015-12-10 00:29:21
MemTotal:        2746844 kB
MemFree:           70040 kB
Buffers:            6604 kB
Cached:           718208 kB
SwapCached:         4900 kB
Active:           788832 kB
Inactive:         792552 kB
Active(anon):     436480 kB
Inactive(anon):   441016 kB
Active(file):     352352 kB
Inactive(file):   351536 kB
Unevictable:       35812 kB
Mlocked:           27768 kB
SwapTotal:       1310716 kB
SwapFree:        1145876 kB
Dirty:               104 kB
Writeback:             0 kB
AnonPages:        889240 kB
Mapped:           411984 kB
Shmem:              1816 kB
Slab:             112520 kB
SReclaimable:      33568 kB
SUnreclaim:        78952 kB
KernelStack:       34144 kB
PageTables:        58940 kB
NFS_Unstable:          0 kB
Bounce:                0 kB
WritebackTmp:          0 kB
CommitLimit:     2684136 kB
Committed_AS:   140557352 kB
VmallocTotal:   251658176 kB
VmallocUsed:      327224 kB
VmallocChunk:   247561408 kB
Time pass: 276 sec

---2015-12-10 00:29:21
MemTotal:        2746844 kB
MemFree:           68668 kB
Buffers:            6620 kB
Cached:           718656 kB
SwapCached:         4900 kB
Active:           789124 kB
Inactive:         793016 kB
Active(anon):     436772 kB
Inactive(anon):   441472 kB
Active(file):     352352 kB
Inactive(file):   351544 kB
Unevictable:       35812 kB
Mlocked:           27768 kB
SwapTotal:       1310716 kB
SwapFree:        1145884 kB
Dirty:                 0 kB
Writeback:             0 kB
AnonPages:        889352 kB
Mapped:           412432 kB
Shmem:              2264 kB
Slab:             112504 kB
SReclaimable:      33568 kB
SUnreclaim:        78936 kB
KernelStack:       34192 kB
PageTables:        58976 kB
NFS_Unstable:          0 kB
Bounce:                0 kB
WritebackTmp:          0 kB
CommitLimit:     2684136 kB
Committed_AS:   140557352 kB
VmallocTotal:   251658176 kB
VmallocUsed:      327224 kB
VmallocChunk:   247561408 kB
Time pass: 280 sec

---2015-12-10 00:29:21
MemTotal:        2746844 kB
MemFree:           70228 kB
Buffers:            6620 kB
Cached:           718668 kB
SwapCached:         4900 kB
Active:           787600 kB
Inactive:         793008 kB
Active(anon):     435248 kB
Inactive(anon):   441456 kB
Active(file):     352352 kB
Inactive(file):   351552 kB
Unevictable:       35812 kB
Mlocked:           27768 kB
SwapTotal:       1310716 kB
SwapFree:        1146120 kB
Dirty:                 0 kB
Writeback:             0 kB
AnonPages:        887660 kB
Mapped:           412432 kB
Shmem:              2264 kB
Slab:             112512 kB
SReclaimable:      33568 kB
SUnreclaim:        78944 kB
KernelStack:       34128 kB
PageTables:        58916 kB
NFS_Unstable:          0 kB
Bounce:                0 kB
WritebackTmp:          0 kB
CommitLimit:     2684136 kB
Committed_AS:   140548824 kB
VmallocTotal:   251658176 kB
VmallocUsed:      327224 kB
VmallocChunk:   247561408 kB
Time pass: 283 sec

---2015-12-10 00:29:21
MemTotal:        2746844 kB
MemFree:           71332 kB
Buffers:            6592 kB
Cached:           715584 kB
SwapCached:         4900 kB
Active:           787244 kB
Inactive:         792820 kB
Active(anon):     436572 kB
Inactive(anon):   442684 kB
Active(file):     350672 kB
Inactive(file):   350136 kB
Unevictable:       35812 kB
Mlocked:           27768 kB
SwapTotal:       1310716 kB
SwapFree:        1146080 kB
Dirty:                32 kB
Writeback:             0 kB
AnonPages:        890184 kB
Mapped:           410976 kB
Shmem:              2264 kB
Slab:             112648 kB
SReclaimable:      33568 kB
SUnreclaim:        79080 kB
KernelStack:       34432 kB
PageTables:        58820 kB
NFS_Unstable:          0 kB
Bounce:                0 kB
WritebackTmp:          0 kB
CommitLimit:     2684136 kB
Committed_AS:   140548700 kB
VmallocTotal:   251658176 kB
VmallocUsed:      327224 kB
VmallocChunk:   247561408 kB
Time pass: 287 sec

---2015-12-10 00:29:21
MemTotal:        2746844 kB
MemFree:           71616 kB
Buffers:            6592 kB
Cached:           715612 kB
SwapCached:         4900 kB
Active:           787212 kB
Inactive:         792812 kB
Active(anon):     436540 kB
Inactive(anon):   442652 kB
Active(file):     350672 kB
Inactive(file):   350160 kB
Unevictable:       35812 kB
Mlocked:           27768 kB
SwapTotal:       1310716 kB
SwapFree:        1146084 kB
Dirty:                 0 kB
Writeback:             0 kB
AnonPages:        889980 kB
Mapped:           411120 kB
Shmem:              2264 kB
Slab:             112544 kB
SReclaimable:      33568 kB
SUnreclaim:        78976 kB
KernelStack:       34128 kB
PageTables:        58880 kB
NFS_Unstable:          0 kB
Bounce:                0 kB
WritebackTmp:          0 kB
CommitLimit:     2684136 kB
Committed_AS:   140548660 kB
VmallocTotal:   251658176 kB
VmallocUsed:      327224 kB
VmallocChunk:   247561408 kB
Time pass: 290 sec

---2015-12-10 00:29:21
MemTotal:        2746844 kB
MemFree:           71504 kB
Buffers:            6600 kB
Cached:           715612 kB
SwapCached:         4900 kB
Active:           786828 kB
Inactive:         792832 kB
Active(anon):     436168 kB
Inactive(anon):   442660 kB
Active(file):     350660 kB
Inactive(file):   350172 kB
Unevictable:       35812 kB
Mlocked:           27768 kB
SwapTotal:       1310716 kB
SwapFree:        1146084 kB
Dirty:                52 kB
Writeback:             0 kB
AnonPages:        889832 kB
Mapped:           411332 kB
Shmem:              2264 kB
Slab:             112532 kB
SReclaimable:      33568 kB
SUnreclaim:        78964 kB
KernelStack:       34128 kB
PageTables:        58956 kB
NFS_Unstable:          0 kB
Bounce:                0 kB
WritebackTmp:          0 kB
CommitLimit:     2684136 kB
Committed_AS:   140548740 kB
VmallocTotal:   251658176 kB
VmallocUsed:      327224 kB
VmallocChunk:   247561408 kB
Time pass: 294 sec

---2015-12-10 00:29:21
MemTotal:        2746844 kB
MemFree:           69972 kB
Buffers:            6616 kB
Cached:           716416 kB
SwapCached:         4900 kB
Active:           785724 kB
Inactive:         793528 kB
Active(anon):     435064 kB
Inactive(anon):   442624 kB
Active(file):     350660 kB
Inactive(file):   350904 kB
Unevictable:       35812 kB
Mlocked:           27768 kB
SwapTotal:       1310716 kB
SwapFree:        1146088 kB
Dirty:                60 kB
Writeback:             0 kB
AnonPages:        888932 kB
Mapped:           411460 kB
Shmem:              2264 kB
Slab:             112472 kB
SReclaimable:      33568 kB
SUnreclaim:        78904 kB
KernelStack:       34112 kB
PageTables:        58948 kB
NFS_Unstable:          0 kB
Bounce:                0 kB
WritebackTmp:          0 kB
CommitLimit:     2684136 kB
Committed_AS:   140548724 kB
VmallocTotal:   251658176 kB
VmallocUsed:      327224 kB
VmallocChunk:   247561408 kB
Time pass: 297 sec

---2015-12-10 00:29:21
MemTotal:        2746844 kB
MemFree:           74860 kB
Buffers:            6624 kB
Cached:           716416 kB
SwapCached:         4900 kB
Active:           781028 kB
Inactive:         793496 kB
Active(anon):     430368 kB
Inactive(anon):   442584 kB
Active(file):     350660 kB
Inactive(file):   350912 kB
Unevictable:       35812 kB
Mlocked:           27768 kB
SwapTotal:       1310716 kB
SwapFree:        1146088 kB
Dirty:                28 kB
Writeback:             0 kB
AnonPages:        884060 kB
Mapped:           411460 kB
Shmem:              2264 kB
Slab:             112448 kB
SReclaimable:      33568 kB
SUnreclaim:        78880 kB
KernelStack:       34112 kB
PageTables:        58936 kB
NFS_Unstable:          0 kB
Bounce:                0 kB
WritebackTmp:          0 kB
CommitLimit:     2684136 kB
Committed_AS:   140548708 kB
VmallocTotal:   251658176 kB
VmallocUsed:      327224 kB
VmallocChunk:   247561408 kB
Time pass: 301 sec

---2015-12-10 00:29:21
MemTotal:        2746844 kB
MemFree:           74700 kB
Buffers:            6640 kB
Cached:           716500 kB
SwapCached:         4900 kB
Active:           780852 kB
Inactive:         793680 kB
Active(anon):     430192 kB
Inactive(anon):   442572 kB
Active(file):     350660 kB
Inactive(file):   351108 kB
Unevictable:       35812 kB
Mlocked:           27768 kB
SwapTotal:       1310716 kB
SwapFree:        1146088 kB
Dirty:                48 kB
Writeback:             0 kB
AnonPages:        884260 kB
Mapped:           411336 kB
Shmem:              2264 kB
Slab:             112448 kB
SReclaimable:      33568 kB
SUnreclaim:        78880 kB
KernelStack:       34112 kB
PageTables:        58888 kB
NFS_Unstable:          0 kB
Bounce:                0 kB
WritebackTmp:          0 kB
CommitLimit:     2684136 kB
Committed_AS:   140548716 kB
VmallocTotal:   251658176 kB
VmallocUsed:      327224 kB
VmallocChunk:   247561408 kB
Time pass: 304 sec

---2015-12-10 00:29:21
MemTotal:        2746844 kB
MemFree:           72588 kB
Buffers:            6648 kB
Cached:           716492 kB
SwapCached:         4900 kB
Active:           783496 kB
Inactive:         793640 kB
Active(anon):     432824 kB
Inactive(anon):   442544 kB
Active(file):     350672 kB
Inactive(file):   351096 kB
Unevictable:       35812 kB
Mlocked:           27768 kB
SwapTotal:       1310716 kB
SwapFree:        1146088 kB
Dirty:                20 kB
Writeback:             0 kB
AnonPages:        886584 kB
Mapped:           411200 kB
Shmem:              2264 kB
Slab:             112496 kB
SReclaimable:      33568 kB
SUnreclaim:        78928 kB
KernelStack:       34112 kB
PageTables:        58872 kB
NFS_Unstable:          0 kB
Bounce:                0 kB
WritebackTmp:          0 kB
CommitLimit:     2684136 kB
Committed_AS:   140548668 kB
VmallocTotal:   251658176 kB
VmallocUsed:      327224 kB
VmallocChunk:   247561408 kB
Time pass: 308 sec

---2015-12-10 00:29:21
MemTotal:        2746844 kB
MemFree:           72060 kB
Buffers:            6664 kB
Cached:           716500 kB
SwapCached:         4900 kB
Active:           783404 kB
Inactive:         793676 kB
Active(anon):     432744 kB
Inactive(anon):   442544 kB
Active(file):     350660 kB
Inactive(file):   351132 kB
Unevictable:       35812 kB
Mlocked:           27768 kB
SwapTotal:       1310716 kB
SwapFree:        1146088 kB
Dirty:                60 kB
Writeback:             0 kB
AnonPages:        886240 kB
Mapped:           411420 kB
Shmem:              2264 kB
Slab:             112496 kB
SReclaimable:      33568 kB
SUnreclaim:        78928 kB
KernelStack:       34096 kB
PageTables:        58916 kB
NFS_Unstable:          0 kB
Bounce:                0 kB
WritebackTmp:          0 kB
CommitLimit:     2684136 kB
Committed_AS:   140548704 kB
VmallocTotal:   251658176 kB
VmallocUsed:      327224 kB
VmallocChunk:   247561408 kB
Time pass: 311 sec

---2015-12-10 00:29:21
MemTotal:        2746844 kB
MemFree:           72780 kB
Buffers:            6664 kB
Cached:           716500 kB
SwapCached:         4900 kB
Active:           783032 kB
Inactive:         793676 kB
Active(anon):     432372 kB
Inactive(anon):   442544 kB
Active(file):     350660 kB
Inactive(file):   351132 kB
Unevictable:       35812 kB
Mlocked:           27768 kB
SwapTotal:       1310716 kB
SwapFree:        1146088 kB
Dirty:                60 kB
Writeback:             0 kB
AnonPages:        886388 kB
Mapped:           411336 kB
Shmem:              2264 kB
Slab:             112488 kB
SReclaimable:      33568 kB
SUnreclaim:        78920 kB
KernelStack:       34096 kB
PageTables:        58888 kB
NFS_Unstable:          0 kB
Bounce:                0 kB
WritebackTmp:          0 kB
CommitLimit:     2684136 kB
Committed_AS:   140548736 kB
VmallocTotal:   251658176 kB
VmallocUsed:      327224 kB
VmallocChunk:   247561408 kB
Time pass: 315 sec

---2015-12-10 00:29:21
MemTotal:        2746844 kB
MemFree:           71844 kB
Buffers:            6672 kB
Cached:           716500 kB
SwapCached:         4900 kB
Active:           783588 kB
Inactive:         793644 kB
Active(anon):     432928 kB
Inactive(anon):   442504 kB
Active(file):     350660 kB
Inactive(file):   351140 kB
Unevictable:       35812 kB
Mlocked:           27768 kB
SwapTotal:       1310716 kB
SwapFree:        1146088 kB
Dirty:                32 kB
Writeback:             0 kB
AnonPages:        886424 kB
Mapped:           411420 kB
Shmem:              2264 kB
Slab:             112488 kB
SReclaimable:      33568 kB
SUnreclaim:        78920 kB
KernelStack:       34096 kB
PageTables:        58916 kB
NFS_Unstable:          0 kB
Bounce:                0 kB
WritebackTmp:          0 kB
CommitLimit:     2684136 kB
Committed_AS:   140548728 kB
VmallocTotal:   251658176 kB
VmallocUsed:      327224 kB
VmallocChunk:   247561408 kB
Time pass: 318 sec

---2015-12-10 00:29:21
MemTotal:        2746844 kB
MemFree:           71888 kB
Buffers:            6688 kB
Cached:           716688 kB
SwapCached:         4900 kB
Active:           783644 kB
Inactive:         793844 kB
Active(anon):     432984 kB
Inactive(anon):   442520 kB
Active(file):     350660 kB
Inactive(file):   351324 kB
Unevictable:       35812 kB
Mlocked:           27768 kB
SwapTotal:       1310716 kB
SwapFree:        1146088 kB
Dirty:                 0 kB
Writeback:             0 kB
AnonPages:        886652 kB
Mapped:           411444 kB
Shmem:              2280 kB
Slab:             112488 kB
SReclaimable:      33568 kB
SUnreclaim:        78920 kB
KernelStack:       34096 kB
PageTables:        58920 kB
NFS_Unstable:          0 kB
Bounce:                0 kB
WritebackTmp:          0 kB
CommitLimit:     2684136 kB
Committed_AS:   140548752 kB
VmallocTotal:   251658176 kB
VmallocUsed:      327224 kB
VmallocChunk:   247561408 kB
Time pass: 322 sec

---2015-12-10 00:29:21
MemTotal:        2746844 kB
MemFree:           70984 kB
Buffers:            6696 kB
Cached:           716684 kB
SwapCached:         4900 kB
Active:           785772 kB
Inactive:         793844 kB
Active(anon):     435108 kB
Inactive(anon):   442512 kB
Active(file):     350664 kB
Inactive(file):   351332 kB
Unevictable:       35812 kB
Mlocked:           27768 kB
SwapTotal:       1310716 kB
SwapFree:        1146088 kB
Dirty:                52 kB
Writeback:             0 kB
AnonPages:        888848 kB
Mapped:           411160 kB
Shmem:              2280 kB
Slab:             112500 kB
SReclaimable:      33568 kB
SUnreclaim:        78932 kB
KernelStack:       34096 kB
PageTables:        58872 kB
NFS_Unstable:          0 kB
Bounce:                0 kB
WritebackTmp:          0 kB
CommitLimit:     2684136 kB
Committed_AS:   140548604 kB
VmallocTotal:   251658176 kB
VmallocUsed:      327224 kB
VmallocChunk:   247561408 kB
Time pass: 325 sec

---2015-12-10 00:29:21
MemTotal:        2746844 kB
MemFree:           69676 kB
Buffers:            6752 kB
Cached:           716816 kB
SwapCached:         4900 kB
Active:           786512 kB
Inactive:         794012 kB
Active(anon):     435852 kB
Inactive(anon):   442492 kB
Active(file):     350660 kB
Inactive(file):   351520 kB
Unevictable:       35812 kB
Mlocked:           27768 kB
SwapTotal:       1310716 kB
SwapFree:        1146088 kB
Dirty:                36 kB
Writeback:             0 kB
AnonPages:        889580 kB
Mapped:           411372 kB
Shmem:              2280 kB
Slab:             112504 kB
SReclaimable:      33568 kB
SUnreclaim:        78936 kB
KernelStack:       34112 kB
PageTables:        58892 kB
NFS_Unstable:          0 kB
Bounce:                0 kB
WritebackTmp:          0 kB
CommitLimit:     2684136 kB
Committed_AS:   140548660 kB
VmallocTotal:   251658176 kB
VmallocUsed:      327224 kB
VmallocChunk:   247561408 kB
Time pass: 329 sec

---2015-12-10 00:29:21
MemTotal:        2746844 kB
MemFree:           67600 kB
Buffers:            6768 kB
Cached:           717676 kB
SwapCached:         4904 kB
Active:           786380 kB
Inactive:         794816 kB
Active(anon):     435720 kB
Inactive(anon):   442468 kB
Active(file):     350660 kB
Inactive(file):   352348 kB
Unevictable:       35812 kB
Mlocked:           27768 kB
SwapTotal:       1310716 kB
SwapFree:        1146104 kB
Dirty:                96 kB
Writeback:             0 kB
AnonPages:        889364 kB
Mapped:           411432 kB
Shmem:              2280 kB
Slab:             112520 kB
SReclaimable:      33568 kB
SUnreclaim:        78952 kB
KernelStack:       34128 kB
PageTables:        58892 kB
NFS_Unstable:          0 kB
Bounce:                0 kB
WritebackTmp:          0 kB
CommitLimit:     2684136 kB
Committed_AS:   140548780 kB
VmallocTotal:   251658176 kB
VmallocUsed:      327224 kB
VmallocChunk:   247561408 kB
Time pass: 333 sec

---2015-12-10 00:29:21
MemTotal:        2746844 kB
MemFree:           70544 kB
Buffers:            6672 kB
Cached:           713680 kB
SwapCached:         4904 kB
Active:           786432 kB
Inactive:         791460 kB
Active(anon):     437280 kB
Inactive(anon):   441656 kB
Active(file):     349152 kB
Inactive(file):   349804 kB
Unevictable:       35812 kB
Mlocked:           27768 kB
SwapTotal:       1310716 kB
SwapFree:        1146092 kB
Dirty:                40 kB
Writeback:             0 kB
AnonPages:        889792 kB
Mapped:           408732 kB
Shmem:              2280 kB
Slab:             112520 kB
SReclaimable:      33568 kB
SUnreclaim:        78952 kB
KernelStack:       34112 kB
PageTables:        58892 kB
NFS_Unstable:          0 kB
Bounce:                0 kB
WritebackTmp:          0 kB
CommitLimit:     2684136 kB
Committed_AS:   140548800 kB
VmallocTotal:   251658176 kB
VmallocUsed:      327224 kB
VmallocChunk:   247561408 kB
Time pass: 337 sec

---2015-12-10 00:29:21
MemTotal:        2746844 kB
MemFree:           71332 kB
Buffers:            6672 kB
Cached:           713680 kB
SwapCached:         4904 kB
Active:           786176 kB
Inactive:         791460 kB
Active(anon):     437024 kB
Inactive(anon):   441656 kB
Active(file):     349152 kB
Inactive(file):   349804 kB
Unevictable:       35812 kB
Mlocked:           27768 kB
SwapTotal:       1310716 kB
SwapFree:        1146092 kB
Dirty:                40 kB
Writeback:             0 kB
AnonPages:        889732 kB
Mapped:           408732 kB
Shmem:              2280 kB
Slab:             112516 kB
SReclaimable:      33568 kB
SUnreclaim:        78948 kB
KernelStack:       34160 kB
PageTables:        58896 kB
NFS_Unstable:          0 kB
Bounce:                0 kB
WritebackTmp:          0 kB
CommitLimit:     2684136 kB
Committed_AS:   140548800 kB
VmallocTotal:   251658176 kB
VmallocUsed:      327224 kB
VmallocChunk:   247561408 kB
Time pass: 341 sec

---2015-12-10 00:29:21
MemTotal:        2746844 kB
MemFree:           69956 kB
Buffers:            6688 kB
Cached:           713680 kB
SwapCached:         4904 kB
Active:           788108 kB
Inactive:         791444 kB
Active(anon):     438956 kB
Inactive(anon):   441620 kB
Active(file):     349152 kB
Inactive(file):   349824 kB
Unevictable:       35812 kB
Mlocked:           27768 kB
SwapTotal:       1310716 kB
SwapFree:        1146096 kB
Dirty:                76 kB
Writeback:             0 kB
AnonPages:        891752 kB
Mapped:           408496 kB
Shmem:              2280 kB
Slab:             112552 kB
SReclaimable:      33568 kB
SUnreclaim:        78984 kB
KernelStack:       34320 kB
PageTables:        58816 kB
NFS_Unstable:          0 kB
Bounce:                0 kB
WritebackTmp:          0 kB
CommitLimit:     2684136 kB
Committed_AS:   140548816 kB
VmallocTotal:   251658176 kB
VmallocUsed:      327224 kB
VmallocChunk:   247561408 kB
Time pass: 344 sec

---2015-12-10 00:29:21
MemTotal:        2746844 kB
MemFree:           69812 kB
Buffers:            6696 kB
Cached:           713672 kB
SwapCached:         4904 kB
Active:           787860 kB
Inactive:         791440 kB
Active(anon):     438704 kB
Inactive(anon):   441616 kB
Active(file):     349156 kB
Inactive(file):   349824 kB
Unevictable:       35812 kB
Mlocked:           27768 kB
SwapTotal:       1310716 kB
SwapFree:        1146096 kB
Dirty:                76 kB
Writeback:             0 kB
AnonPages:        891636 kB
Mapped:           408680 kB
Shmem:              2280 kB
Slab:             112544 kB
SReclaimable:      33568 kB
SUnreclaim:        78976 kB
KernelStack:       34144 kB
PageTables:        58904 kB
NFS_Unstable:          0 kB
Bounce:                0 kB
WritebackTmp:          0 kB
CommitLimit:     2684136 kB
Committed_AS:   140548804 kB
VmallocTotal:   251658176 kB
VmallocUsed:      327224 kB
VmallocChunk:   247561408 kB
Time pass: 348 sec

---2015-12-10 00:29:21
MemTotal:        2746844 kB
MemFree:           69916 kB
Buffers:            6712 kB
Cached:           713680 kB
SwapCached:         4904 kB
Active:           787572 kB
Inactive:         791452 kB
Active(anon):     438416 kB
Inactive(anon):   441604 kB
Active(file):     349156 kB
Inactive(file):   349848 kB
Unevictable:       35812 kB
Mlocked:           27768 kB
SwapTotal:       1310716 kB
SwapFree:        1146096 kB
Dirty:                80 kB
Writeback:             0 kB
AnonPages:        891572 kB
Mapped:           408744 kB
Shmem:              2280 kB
Slab:             112532 kB
SReclaimable:      33568 kB
SUnreclaim:        78964 kB
KernelStack:       34144 kB
PageTables:        58928 kB
NFS_Unstable:          0 kB
Bounce:                0 kB
WritebackTmp:          0 kB
CommitLimit:     2684136 kB
Committed_AS:   140548804 kB
VmallocTotal:   251658176 kB
VmallocUsed:      327224 kB
VmallocChunk:   247561408 kB
Time pass: 351 sec

---2015-12-10 00:29:21
MemTotal:        2746844 kB
MemFree:           69352 kB
Buffers:            6728 kB
Cached:           713664 kB
SwapCached:         4904 kB
Active:           788024 kB
Inactive:         791288 kB
Active(anon):     438868 kB
Inactive(anon):   441440 kB
Active(file):     349156 kB
Inactive(file):   349848 kB
Unevictable:       35812 kB
Mlocked:           27768 kB
SwapTotal:       1310716 kB
SwapFree:        1146096 kB
Dirty:                 0 kB
Writeback:             0 kB
AnonPages:        891832 kB
Mapped:           408828 kB
Shmem:              2280 kB
Slab:             112528 kB
SReclaimable:      33568 kB
SUnreclaim:        78960 kB
KernelStack:       34144 kB
