---2015-12-10 12:23:27
MemTotal:        1959952 kB
MemFree:          109048 kB
Buffers:            5460 kB
Cached:          1215680 kB
SwapCached:          432 kB
Active:           831800 kB
Inactive:         780692 kB
Active(anon):     238756 kB
Inactive(anon):   153704 kB
Active(file):     593044 kB
Inactive(file):   626988 kB
Unevictable:         968 kB
Mlocked:               0 kB
HighTotal:       1372556 kB
HighFree:          27576 kB
LowTotal:         587396 kB
LowFree:           81472 kB
SwapTotal:        262140 kB
SwapFree:         243288 kB
Dirty:               400 kB
Writeback:             0 kB
AnonPages:        392432 kB
Mapped:           278996 kB
Shmem:               140 kB
Slab:              55228 kB
SReclaimable:      16656 kB
SUnreclaim:        38572 kB
KernelStack:       14968 kB
PageTables:        26364 kB
NFS_Unstable:          0 kB
Bounce:                0 kB
WritebackTmp:          0 kB
CommitLimit:     1242116 kB
Committed_AS:   55762052 kB
VmallocTotal:     409600 kB
VmallocUsed:       33860 kB
VmallocChunk:     107548 kB
Time pass: 3 sec

---2015-12-10 12:23:27
MemTotal:        1959952 kB
MemFree:          108728 kB
Buffers:            5460 kB
Cached:          1215680 kB
SwapCached:          432 kB
Active:           832020 kB
Inactive:         780680 kB
Active(anon):     238976 kB
Inactive(anon):   153692 kB
Active(file):     593044 kB
Inactive(file):   626988 kB
Unevictable:         968 kB
Mlocked:               0 kB
HighTotal:       1372556 kB
HighFree:          26884 kB
LowTotal:         587396 kB
LowFree:           81844 kB
SwapTotal:        262140 kB
SwapFree:         243288 kB
Dirty:               400 kB
Writeback:             0 kB
AnonPages:        392488 kB
Mapped:           278968 kB
Shmem:               140 kB
Slab:              55012 kB
SReclaimable:      16664 kB
SUnreclaim:        38348 kB
KernelStack:       14976 kB
PageTables:        26380 kB
NFS_Unstable:          0 kB
Bounce:                0 kB
WritebackTmp:          0 kB
CommitLimit:     1242116 kB
Committed_AS:   55762248 kB
VmallocTotal:     409600 kB
VmallocUsed:       33860 kB
VmallocChunk:     107548 kB
Time pass: 6 sec

---2015-12-10 12:23:27
MemTotal:        1959952 kB
MemFree:          108524 kB
Buffers:            5460 kB
Cached:          1215680 kB
SwapCached:          432 kB
Active:           832412 kB
Inactive:         780680 kB
Active(anon):     239368 kB
Inactive(anon):   153692 kB
Active(file):     593044 kB
Inactive(file):   626988 kB
Unevictable:         968 kB
Mlocked:               0 kB
HighTotal:       1372556 kB
HighFree:          26552 kB
LowTotal:         587396 kB
LowFree:           81972 kB
SwapTotal:        262140 kB
SwapFree:         243288 kB
Dirty:               400 kB
Writeback:             0 kB
AnonPages:        392896 kB
Mapped:           278972 kB
Shmem:               140 kB
Slab:              54836 kB
SReclaimable:      16664 kB
SUnreclaim:        38172 kB
KernelStack:       14984 kB
PageTables:        26376 kB
NFS_Unstable:          0 kB
Bounce:                0 kB
WritebackTmp:          0 kB
CommitLimit:     1242116 kB
Committed_AS:   55762336 kB
VmallocTotal:     409600 kB
VmallocUsed:       33860 kB
VmallocChunk:     107548 kB
Time pass: 10 sec

---2015-12-10 12:23:27
MemTotal:        1959952 kB
MemFree:          108528 kB
Buffers:            5460 kB
Cached:          1215680 kB
SwapCached:          432 kB
Active:           832428 kB
Inactive:         780680 kB
Active(anon):     239384 kB
Inactive(anon):   153692 kB
Active(file):     593044 kB
Inactive(file):   626988 kB
Unevictable:         968 kB
Mlocked:               0 kB
HighTotal:       1372556 kB
HighFree:          26552 kB
LowTotal:         587396 kB
LowFree:           81976 kB
SwapTotal:        262140 kB
SwapFree:         243288 kB
Dirty:               400 kB
Writeback:             0 kB
AnonPages:        393172 kB
Mapped:           278996 kB
Shmem:               140 kB
Slab:              54756 kB
SReclaimable:      16664 kB
SUnreclaim:        38092 kB
KernelStack:       14968 kB
PageTables:        26364 kB
NFS_Unstable:          0 kB
Bounce:                0 kB
WritebackTmp:          0 kB
CommitLimit:     1242116 kB
Committed_AS:   55762356 kB
VmallocTotal:     409600 kB
VmallocUsed:       33860 kB
VmallocChunk:     107548 kB
Time pass: 14 sec

---2015-12-10 12:23:27
MemTotal:        1959952 kB
MemFree:          107436 kB
Buffers:            5460 kB
Cached:          1215680 kB
SwapCached:          432 kB
Active:           834960 kB
Inactive:         780680 kB
Active(anon):     241916 kB
Inactive(anon):   153692 kB
Active(file):     593044 kB
Inactive(file):   626988 kB
Unevictable:         968 kB
Mlocked:               0 kB
HighTotal:       1372556 kB
HighFree:          25272 kB
LowTotal:         587396 kB
LowFree:           82164 kB
SwapTotal:        262140 kB
SwapFree:         243288 kB
Dirty:               400 kB
Writeback:             0 kB
AnonPages:        395480 kB
Mapped:           279000 kB
Shmem:               140 kB
Slab:              54600 kB
SReclaimable:      16664 kB
SUnreclaim:        37936 kB
KernelStack:       14968 kB
PageTables:        26368 kB
NFS_Unstable:          0 kB
Bounce:                0 kB
WritebackTmp:          0 kB
CommitLimit:     1242116 kB
Committed_AS:   55763904 kB
VmallocTotal:     409600 kB
VmallocUsed:       33860 kB
VmallocChunk:     107548 kB
Time pass: 18 sec

---2015-12-10 12:23:27
MemTotal:        1959952 kB
MemFree:           86944 kB
Buffers:            4632 kB
Cached:          1147832 kB
SwapCached:          680 kB
Active:           841768 kB
Inactive:         736328 kB
Active(anon):     266872 kB
Inactive(anon):   161600 kB
Active(file):     574896 kB
Inactive(file):   574728 kB
Unevictable:        1624 kB
Mlocked:               0 kB
HighTotal:       1372556 kB
HighFree:          36716 kB
LowTotal:         587396 kB
LowFree:           50228 kB
SwapTotal:        262140 kB
SwapFree:         238984 kB
Dirty:               860 kB
Writeback:             0 kB
AnonPages:        428364 kB
Mapped:           300800 kB
Shmem:              1100 kB
Slab:              54344 kB
SReclaimable:      15516 kB
SUnreclaim:        38828 kB
KernelStack:       15296 kB
PageTables:        26936 kB
NFS_Unstable:          0 kB
Bounce:                0 kB
WritebackTmp:          0 kB
CommitLimit:     1242116 kB
Committed_AS:   56768376 kB
VmallocTotal:     409600 kB
VmallocUsed:       35016 kB
VmallocChunk:      94236 kB
Time pass: 22 sec

---2015-12-10 12:23:27
MemTotal:        1959952 kB
MemFree:          109660 kB
Buffers:            2376 kB
Cached:          1100516 kB
SwapCached:          736 kB
Active:           810876 kB
Inactive:         715128 kB
Active(anon):     260660 kB
Inactive(anon):   164464 kB
Active(file):     550216 kB
Inactive(file):   550664 kB
Unevictable:        1744 kB
Mlocked:               0 kB
HighTotal:       1372556 kB
HighFree:          48924 kB
LowTotal:         587396 kB
LowFree:           60736 kB
SwapTotal:        262140 kB
SwapFree:         233640 kB
Dirty:               576 kB
Writeback:             0 kB
AnonPages:        424792 kB
Mapped:           291736 kB
Shmem:               252 kB
Slab:              55556 kB
SReclaimable:      16780 kB
SUnreclaim:        38776 kB
KernelStack:       15760 kB
PageTables:        27132 kB
NFS_Unstable:          0 kB
Bounce:                0 kB
WritebackTmp:          0 kB
CommitLimit:     1242116 kB
Committed_AS:   56766184 kB
VmallocTotal:     409600 kB
VmallocUsed:       34160 kB
VmallocChunk:      94236 kB
Time pass: 25 sec

---2015-12-10 12:23:27
MemTotal:        1959952 kB
MemFree:           79152 kB
Buffers:            2376 kB
Cached:          1100808 kB
SwapCached:          740 kB
Active:           806208 kB
Inactive:         715032 kB
Active(anon):     255764 kB
Inactive(anon):   164348 kB
Active(file):     550444 kB
Inactive(file):   550684 kB
Unevictable:        1744 kB
Mlocked:               0 kB
HighTotal:       1372556 kB
HighFree:          24072 kB
LowTotal:         587396 kB
LowFree:           55080 kB
SwapTotal:        262140 kB
SwapFree:         233640 kB
Dirty:               432 kB
Writeback:             0 kB
AnonPages:        419624 kB
Mapped:           312832 kB
Shmem:               252 kB
Slab:              55344 kB
SReclaimable:      16820 kB
SUnreclaim:        38524 kB
KernelStack:       15744 kB
PageTables:        27264 kB
NFS_Unstable:          0 kB
Bounce:                0 kB
WritebackTmp:          0 kB
CommitLimit:     1242116 kB
Committed_AS:   56765576 kB
VmallocTotal:     409600 kB
VmallocUsed:       34328 kB
VmallocChunk:      94236 kB
Time pass: 29 sec

---2015-12-10 12:23:27
MemTotal:        1959952 kB
MemFree:          101712 kB
Buffers:            2376 kB
Cached:          1087056 kB
SwapCached:          740 kB
Active:           798888 kB
Inactive:         708060 kB
Active(anon):     255328 kB
Inactive(anon):   164188 kB
Active(file):     543560 kB
Inactive(file):   543872 kB
Unevictable:        1744 kB
Mlocked:               0 kB
HighTotal:       1372556 kB
HighFree:          38496 kB
LowTotal:         587396 kB
LowFree:           63216 kB
SwapTotal:        262140 kB
SwapFree:         233240 kB
Dirty:               436 kB
Writeback:             0 kB
AnonPages:        419292 kB
Mapped:           312592 kB
Shmem:               252 kB
Slab:              55800 kB
SReclaimable:      16748 kB
SUnreclaim:        39052 kB
KernelStack:       15752 kB
PageTables:        27272 kB
NFS_Unstable:          0 kB
Bounce:                0 kB
WritebackTmp:          0 kB
CommitLimit:     1242116 kB
Committed_AS:   56765516 kB
VmallocTotal:     409600 kB
VmallocUsed:       34328 kB
VmallocChunk:      94236 kB
Time pass: 33 sec

---2015-12-10 12:23:27
MemTotal:        1959952 kB
MemFree:          100780 kB
Buffers:            2376 kB
Cached:          1087060 kB
SwapCached:          740 kB
Active:           799372 kB
Inactive:         708048 kB
Active(anon):     255808 kB
Inactive(anon):   164180 kB
Active(file):     543564 kB
Inactive(file):   543868 kB
Unevictable:        1744 kB
Mlocked:               0 kB
HighTotal:       1372556 kB
HighFree:          37716 kB
LowTotal:         587396 kB
LowFree:           63064 kB
SwapTotal:        262140 kB
SwapFree:         233240 kB
Dirty:               448 kB
Writeback:             0 kB
AnonPages:        419540 kB
Mapped:           312592 kB
Shmem:               252 kB
Slab:              55760 kB
SReclaimable:      16748 kB
SUnreclaim:        39012 kB
KernelStack:       15752 kB
PageTables:        27272 kB
NFS_Unstable:          0 kB
Bounce:                0 kB
WritebackTmp:          0 kB
CommitLimit:     1242116 kB
Committed_AS:   56766064 kB
VmallocTotal:     409600 kB
VmallocUsed:       34328 kB
VmallocChunk:      94236 kB
Time pass: 36 sec

---2015-12-10 12:23:27
MemTotal:        1959952 kB
MemFree:           98792 kB
Buffers:            2304 kB
Cached:          1026536 kB
SwapCached:          768 kB
Active:           776580 kB
Inactive:         678972 kB
Active(anon):     263504 kB
Inactive(anon):   165208 kB
Active(file):     513076 kB
Inactive(file):   513764 kB
Unevictable:        1744 kB
Mlocked:               0 kB
HighTotal:       1372556 kB
HighFree:          38396 kB
LowTotal:         587396 kB
LowFree:           60396 kB
SwapTotal:        262140 kB
SwapFree:         229924 kB
Dirty:               444 kB
Writeback:             0 kB
AnonPages:        428428 kB
Mapped:           317460 kB
Shmem:               252 kB
Slab:              55480 kB
SReclaimable:      16732 kB
SUnreclaim:        38748 kB
KernelStack:       15824 kB
PageTables:        27472 kB
NFS_Unstable:          0 kB
Bounce:                0 kB
WritebackTmp:          0 kB
CommitLimit:     1242116 kB
Committed_AS:   56774180 kB
VmallocTotal:     409600 kB
VmallocUsed:       34492 kB
VmallocChunk:      94236 kB
Time pass: 40 sec

---2015-12-10 12:23:27
MemTotal:        1959952 kB
MemFree:           97152 kB
Buffers:            2304 kB
Cached:          1027568 kB
SwapCached:          768 kB
Active:           776876 kB
Inactive:         679940 kB
Active(anon):     263784 kB
Inactive(anon):   165192 kB
Active(file):     513092 kB
Inactive(file):   514748 kB
Unevictable:        1744 kB
Mlocked:               0 kB
HighTotal:       1372556 kB
HighFree:          36960 kB
LowTotal:         587396 kB
LowFree:           60192 kB
SwapTotal:        262140 kB
SwapFree:         229932 kB
Dirty:               520 kB
Writeback:             0 kB
AnonPages:        428492 kB
Mapped:           318156 kB
Shmem:               252 kB
Slab:              55316 kB
SReclaimable:      16740 kB
SUnreclaim:        38576 kB
KernelStack:       15816 kB
PageTables:        27504 kB
NFS_Unstable:          0 kB
Bounce:                0 kB
WritebackTmp:          0 kB
CommitLimit:     1242116 kB
Committed_AS:   56776052 kB
VmallocTotal:     409600 kB
VmallocUsed:       34492 kB
VmallocChunk:      94236 kB
Time pass: 44 sec

---2015-12-10 12:23:27
MemTotal:        1959952 kB
MemFree:           90424 kB
Buffers:            2304 kB
Cached:          1030080 kB
SwapCached:          768 kB
Active:           791480 kB
Inactive:         682304 kB
Active(anon):     278144 kB
Inactive(anon):   165176 kB
Active(file):     513336 kB
Inactive(file):   517128 kB
Unevictable:        1744 kB
Mlocked:               0 kB
HighTotal:       1372556 kB
HighFree:          30464 kB
LowTotal:         587396 kB
LowFree:           59960 kB
SwapTotal:        262140 kB
SwapFree:         229936 kB
Dirty:               764 kB
Writeback:             0 kB
AnonPages:        443100 kB
Mapped:           318952 kB
Shmem:               256 kB
Slab:              55680 kB
SReclaimable:      16740 kB
SUnreclaim:        38940 kB
KernelStack:       15800 kB
PageTables:        27432 kB
NFS_Unstable:          0 kB
Bounce:                0 kB
WritebackTmp:          0 kB
CommitLimit:     1242116 kB
Committed_AS:   56791592 kB
VmallocTotal:     409600 kB
VmallocUsed:       34444 kB
VmallocChunk:      94236 kB
Time pass: 48 sec

---2015-12-10 12:23:27
MemTotal:        1959952 kB
MemFree:           82244 kB
Buffers:            2304 kB
Cached:          1004372 kB
SwapCached:          768 kB
Active:           773256 kB
Inactive:         671476 kB
Active(anon):     271648 kB
Inactive(anon):   168424 kB
Active(file):     501608 kB
Inactive(file):   503052 kB
Unevictable:        1744 kB
Mlocked:               0 kB
HighTotal:       1372556 kB
HighFree:          25424 kB
LowTotal:         587396 kB
LowFree:           56820 kB
SwapTotal:        262140 kB
SwapFree:         228004 kB
Dirty:              1740 kB
Writeback:             0 kB
AnonPages:        439844 kB
Mapped:           350560 kB
Shmem:               256 kB
Slab:              55440 kB
SReclaimable:      16756 kB
SUnreclaim:        38684 kB
KernelStack:       15848 kB
PageTables:        27580 kB
NFS_Unstable:          0 kB
Bounce:                0 kB
WritebackTmp:          0 kB
CommitLimit:     1242116 kB
Committed_AS:   56794380 kB
VmallocTotal:     409600 kB
VmallocUsed:       34632 kB
VmallocChunk:      94236 kB
Time pass: 52 sec

---2015-12-10 12:23:27
MemTotal:        1959952 kB
MemFree:           81688 kB
Buffers:            2304 kB
Cached:          1004632 kB
SwapCached:          768 kB
Active:           773308 kB
Inactive:         671652 kB
Active(anon):     271656 kB
Inactive(anon):   168412 kB
Active(file):     501652 kB
Inactive(file):   503240 kB
Unevictable:        1744 kB
Mlocked:               0 kB
HighTotal:       1372556 kB
HighFree:          25212 kB
LowTotal:         587396 kB
LowFree:           56476 kB
SwapTotal:        262140 kB
SwapFree:         228004 kB
Dirty:               680 kB
Writeback:             0 kB
AnonPages:        439812 kB
Mapped:           351232 kB
Shmem:               256 kB
Slab:              56028 kB
SReclaimable:      16756 kB
SUnreclaim:        39272 kB
KernelStack:       15848 kB
PageTables:        27572 kB
NFS_Unstable:          0 kB
Bounce:                0 kB
WritebackTmp:          0 kB
CommitLimit:     1242116 kB
Committed_AS:   56794580 kB
VmallocTotal:     409600 kB
VmallocUsed:       34632 kB
VmallocChunk:      94236 kB
Time pass: 55 sec

---2015-12-10 12:23:27
MemTotal:        1959952 kB
MemFree:          106652 kB
Buffers:            2276 kB
Cached:           969276 kB
SwapCached:          768 kB
Active:           753304 kB
Inactive:         655892 kB
Active(anon):     269380 kB
Inactive(anon):   169868 kB
Active(file):     483924 kB
Inactive(file):   486024 kB
Unevictable:        1744 kB
Mlocked:               0 kB
HighTotal:       1372556 kB
HighFree:          42168 kB
LowTotal:         587396 kB
LowFree:           64484 kB
SwapTotal:        262140 kB
SwapFree:         225564 kB
Dirty:               664 kB
Writeback:            40 kB
AnonPages:        438560 kB
Mapped:           353892 kB
Shmem:               256 kB
Slab:              55956 kB
SReclaimable:      16812 kB
SUnreclaim:        39144 kB
KernelStack:       15848 kB
PageTables:        27572 kB
NFS_Unstable:          0 kB
Bounce:                0 kB
WritebackTmp:          0 kB
CommitLimit:     1242116 kB
Committed_AS:   56796228 kB
VmallocTotal:     409600 kB
VmallocUsed:       34668 kB
VmallocChunk:      94236 kB
Time pass: 59 sec

---2015-12-10 12:23:27
MemTotal:        1959952 kB
MemFree:          105356 kB
Buffers:            2276 kB
Cached:           969476 kB
SwapCached:          768 kB
Active:           753488 kB
Inactive:         656016 kB
Active(anon):     269540 kB
Inactive(anon):   169864 kB
Active(file):     483948 kB
Inactive(file):   486152 kB
Unevictable:        1744 kB
Mlocked:               0 kB
HighTotal:       1372556 kB
HighFree:          41628 kB
LowTotal:         587396 kB
LowFree:           63728 kB
SwapTotal:        262140 kB
SwapFree:         225572 kB
Dirty:               692 kB
Writeback:             0 kB
AnonPages:        438792 kB
Mapped:           353892 kB
Shmem:               256 kB
Slab:              56144 kB
SReclaimable:      16852 kB
SUnreclaim:        39292 kB
KernelStack:       15848 kB
PageTables:        27572 kB
NFS_Unstable:          0 kB
Bounce:                0 kB
WritebackTmp:          0 kB
CommitLimit:     1242116 kB
Committed_AS:   56796304 kB
VmallocTotal:     409600 kB
VmallocUsed:       34668 kB
VmallocChunk:      94236 kB
Time pass: 63 sec

---2015-12-10 12:23:27
MemTotal:        1959952 kB
MemFree:          101100 kB
Buffers:            2276 kB
Cached:           958952 kB
SwapCached:          780 kB
Active:           755456 kB
Inactive:         650024 kB
Active(anon):     275476 kB
Inactive(anon):   170776 kB
Active(file):     479980 kB
Inactive(file):   479248 kB
Unevictable:        1744 kB
Mlocked:               0 kB
HighTotal:       1372556 kB
HighFree:          38888 kB
LowTotal:         587396 kB
LowFree:           62212 kB
SwapTotal:        262140 kB
SwapFree:         224820 kB
Dirty:              1356 kB
Writeback:             0 kB
AnonPages:        445976 kB
Mapped:           367848 kB
Shmem:               256 kB
Slab:              56388 kB
SReclaimable:      16868 kB
SUnreclaim:        39520 kB
KernelStack:       15880 kB
PageTables:        27600 kB
NFS_Unstable:          0 kB
Bounce:                0 kB
WritebackTmp:          0 kB
CommitLimit:     1242116 kB
Committed_AS:   56803112 kB
VmallocTotal:     409600 kB
VmallocUsed:       34744 kB
VmallocChunk:      94236 kB
Time pass: 66 sec

---2015-12-10 12:23:27
MemTotal:        1959952 kB
MemFree:           85624 kB
Buffers:            2276 kB
Cached:           964292 kB
SwapCached:          780 kB
Active:           760372 kB
Inactive:         654788 kB
Active(anon):     280260 kB
Inactive(anon):   170772 kB
Active(file):     480112 kB
Inactive(file):   484016 kB
Unevictable:        1744 kB
Mlocked:               0 kB
HighTotal:       1372556 kB
HighFree:          30012 kB
LowTotal:         587396 kB
LowFree:           55612 kB
SwapTotal:        262140 kB
SwapFree:         224820 kB
Dirty:              1112 kB
Writeback:             0 kB
AnonPages:        450788 kB
Mapped:           372440 kB
Shmem:               256 kB
Slab:              56388 kB
SReclaimable:      16940 kB
SUnreclaim:        39448 kB
KernelStack:       15936 kB
PageTables:        27692 kB
NFS_Unstable:          0 kB
Bounce:                0 kB
WritebackTmp:          0 kB
CommitLimit:     1242116 kB
Committed_AS:   56814012 kB
VmallocTotal:     409600 kB
VmallocUsed:       34744 kB
VmallocChunk:      94236 kB
Time pass: 70 sec

---2015-12-10 12:23:27
MemTotal:        1959952 kB
MemFree:           99420 kB
Buffers:            2260 kB
Cached:           919916 kB
SwapCached:         1476 kB
Active:           746152 kB
Inactive:         633752 kB
Active(anon):     286248 kB
Inactive(anon):   173484 kB
Active(file):     459904 kB
Inactive(file):   460268 kB
Unevictable:        1744 kB
Mlocked:               0 kB
HighTotal:       1372556 kB
HighFree:          37664 kB
LowTotal:         587396 kB
LowFree:           61756 kB
SwapTotal:        262140 kB
SwapFree:         223180 kB
Dirty:               872 kB
Writeback:             0 kB
AnonPages:        459500 kB
Mapped:           373228 kB
Shmem:               380 kB
Slab:              54376 kB
SReclaimable:      15496 kB
SUnreclaim:        38880 kB
KernelStack:       16064 kB
PageTables:        27800 kB
NFS_Unstable:          0 kB
Bounce:                0 kB
WritebackTmp:          0 kB
CommitLimit:     1242116 kB
Committed_AS:   56833988 kB
VmallocTotal:     409600 kB
VmallocUsed:       34744 kB
VmallocChunk:      94236 kB
Time pass: 75 sec

---2015-12-10 12:23:27
MemTotal:        1959952 kB
MemFree:           93448 kB
Buffers:            2260 kB
Cached:           892532 kB
SwapCached:         1484 kB
Active:           735936 kB
Inactive:         620864 kB
Active(anon):     289532 kB
Inactive(anon):   174660 kB
Active(file):     446404 kB
Inactive(file):   446204 kB
Unevictable:        1744 kB
Mlocked:               0 kB
HighTotal:       1372556 kB
HighFree:          40264 kB
LowTotal:         587396 kB
LowFree:           53184 kB
SwapTotal:        262140 kB
SwapFree:         222708 kB
Dirty:               880 kB
Writeback:             0 kB
AnonPages:        463508 kB
Mapped:           371032 kB
Shmem:               440 kB
Slab:              55556 kB
SReclaimable:      16600 kB
SUnreclaim:        38956 kB
KernelStack:       16072 kB
PageTables:        28004 kB
NFS_Unstable:          0 kB
Bounce:                0 kB
WritebackTmp:          0 kB
CommitLimit:     1242116 kB
Committed_AS:   56838080 kB
VmallocTotal:     409600 kB
VmallocUsed:       34744 kB
VmallocChunk:      94236 kB
Time pass: 79 sec

---2015-12-10 12:23:27
MemTotal:        1959952 kB
MemFree:           91892 kB
Buffers:            2260 kB
Cached:           892824 kB
SwapCached:         1484 kB
Active:           736800 kB
Inactive:         621116 kB
Active(anon):     290372 kB
Inactive(anon):   174800 kB
Active(file):     446428 kB
Inactive(file):   446316 kB
Unevictable:        1744 kB
Mlocked:               0 kB
HighTotal:       1372556 kB
HighFree:          38900 kB
LowTotal:         587396 kB
LowFree:           52992 kB
SwapTotal:        262140 kB
SwapFree:         222708 kB
Dirty:               956 kB
Writeback:             0 kB
AnonPages:        464356 kB
Mapped:           371500 kB
Shmem:               596 kB
Slab:              55512 kB
SReclaimable:      16600 kB
SUnreclaim:        38912 kB
KernelStack:       16056 kB
PageTables:        27992 kB
NFS_Unstable:          0 kB
Bounce:                0 kB
WritebackTmp:          0 kB
CommitLimit:     1242116 kB
Committed_AS:   56838788 kB
VmallocTotal:     409600 kB
VmallocUsed:       34744 kB
VmallocChunk:      94236 kB
Time pass: 84 sec

---2015-12-10 12:23:27
MemTotal:        1959952 kB
MemFree:           91808 kB
Buffers:            2260 kB
Cached:           892796 kB
SwapCached:         1484 kB
Active:           736888 kB
Inactive:         621108 kB
Active(anon):     290480 kB
Inactive(anon):   174852 kB
Active(file):     446408 kB
Inactive(file):   446256 kB
Unevictable:        1744 kB
Mlocked:               0 kB
HighTotal:       1372556 kB
HighFree:          38840 kB
LowTotal:         587396 kB
LowFree:           52968 kB
SwapTotal:        262140 kB
SwapFree:         222708 kB
Dirty:               880 kB
Writeback:             0 kB
AnonPages:        464584 kB
Mapped:           371688 kB
Shmem:               648 kB
Slab:              55572 kB
SReclaimable:      16600 kB
SUnreclaim:        38972 kB
KernelStack:       16032 kB
PageTables:        27976 kB
NFS_Unstable:          0 kB
Bounce:                0 kB
WritebackTmp:          0 kB
CommitLimit:     1242116 kB
Committed_AS:   56838700 kB
VmallocTotal:     409600 kB
VmallocUsed:       34744 kB
VmallocChunk:      94236 kB
Time pass: 88 sec

---2015-12-10 12:23:27
MemTotal:        1959952 kB
MemFree:           92420 kB
Buffers:            2260 kB
Cached:           892796 kB
SwapCached:         1484 kB
Active:           736312 kB
Inactive:         621108 kB
Active(anon):     289904 kB
Inactive(anon):   174852 kB
Active(file):     446408 kB
Inactive(file):   446256 kB
Unevictable:        1744 kB
Mlocked:               0 kB
HighTotal:       1372556 kB
HighFree:          39292 kB
LowTotal:         587396 kB
LowFree:           53128 kB
SwapTotal:        262140 kB
SwapFree:         222708 kB
Dirty:               880 kB
Writeback:             0 kB
AnonPages:        464044 kB
Mapped:           371668 kB
Shmem:               648 kB
Slab:              55372 kB
SReclaimable:      16600 kB
SUnreclaim:        38772 kB
KernelStack:       16048 kB
PageTables:        27996 kB
NFS_Unstable:          0 kB
Bounce:                0 kB
WritebackTmp:          0 kB
CommitLimit:     1242116 kB
Committed_AS:   56837908 kB
VmallocTotal:     409600 kB
VmallocUsed:       34744 kB
VmallocChunk:      94236 kB
Time pass: 92 sec

---2015-12-10 12:23:27
MemTotal:        1959952 kB
MemFree:           90908 kB
Buffers:            2260 kB
Cached:           892796 kB
SwapCached:         1484 kB
Active:           737088 kB
Inactive:         621108 kB
Active(anon):     290680 kB
Inactive(anon):   174852 kB
Active(file):     446408 kB
Inactive(file):   446256 kB
Unevictable:        1744 kB
Mlocked:               0 kB
HighTotal:       1372556 kB
HighFree:          37676 kB
LowTotal:         587396 kB
LowFree:           53232 kB
SwapTotal:        262140 kB
SwapFree:         222708 kB
Dirty:               880 kB
Writeback:             0 kB
AnonPages:        464656 kB
Mapped:           371728 kB
Shmem:               648 kB
Slab:              55528 kB
SReclaimable:      16600 kB
SUnreclaim:        38928 kB
KernelStack:       16048 kB
PageTables:        28000 kB
NFS_Unstable:          0 kB
Bounce:                0 kB
WritebackTmp:          0 kB
CommitLimit:     1242116 kB
Committed_AS:   56839828 kB
VmallocTotal:     409600 kB
VmallocUsed:       34744 kB
VmallocChunk:      94236 kB
Time pass: 96 sec

---2015-12-10 12:23:27
MemTotal:        1959952 kB
MemFree:           90120 kB
Buffers:            2260 kB
Cached:           892824 kB
SwapCached:         1484 kB
Active:           738252 kB
Inactive:         621136 kB
Active(anon):     291844 kB
Inactive(anon):   174880 kB
Active(file):     446408 kB
Inactive(file):   446256 kB
Unevictable:        1744 kB
Mlocked:               0 kB
HighTotal:       1372556 kB
HighFree:          36756 kB
LowTotal:         587396 kB
LowFree:           53364 kB
SwapTotal:        262140 kB
SwapFree:         222708 kB
Dirty:               880 kB
Writeback:             0 kB
AnonPages:        465956 kB
Mapped:           371824 kB
Shmem:               676 kB
Slab:              55496 kB
SReclaimable:      16600 kB
SUnreclaim:        38896 kB
KernelStack:       16048 kB
PageTables:        27996 kB
NFS_Unstable:          0 kB
Bounce:                0 kB
WritebackTmp:          0 kB
CommitLimit:     1242116 kB
Committed_AS:   56840980 kB
VmallocTotal:     409600 kB
VmallocUsed:       34744 kB
VmallocChunk:      94236 kB
Time pass: 100 sec

---2015-12-10 12:23:27
MemTotal:        1959952 kB
MemFree:           90252 kB
Buffers:            2260 kB
Cached:           892880 kB
SwapCached:         1484 kB
Active:           738500 kB
Inactive:         621188 kB
Active(anon):     292092 kB
Inactive(anon):   174876 kB
Active(file):     446408 kB
Inactive(file):   446312 kB
Unevictable:        1744 kB
Mlocked:               0 kB
HighTotal:       1372556 kB
HighFree:          36724 kB
LowTotal:         587396 kB
LowFree:           53528 kB
SwapTotal:        262140 kB
SwapFree:         222708 kB
Dirty:               880 kB
Writeback:             0 kB
AnonPages:        466092 kB
Mapped:           371764 kB
Shmem:               676 kB
Slab:              55400 kB
SReclaimable:      16600 kB
SUnreclaim:        38800 kB
KernelStack:       16048 kB
PageTables:        28008 kB
NFS_Unstable:          0 kB
Bounce:                0 kB
WritebackTmp:          0 kB
CommitLimit:     1242116 kB
Committed_AS:   56840928 kB
VmallocTotal:     409600 kB
VmallocUsed:       34744 kB
VmallocChunk:      94236 kB
Time pass: 104 sec

---2015-12-10 12:23:27
MemTotal:        1959952 kB
MemFree:           89744 kB
Buffers:            2260 kB
Cached:           892908 kB
SwapCached:         1484 kB
Active:           738496 kB
Inactive:         621216 kB
Active(anon):     292088 kB
Inactive(anon):   174904 kB
Active(file):     446408 kB
Inactive(file):   446312 kB
Unevictable:        1744 kB
Mlocked:               0 kB
HighTotal:       1372556 kB
HighFree:          36372 kB
LowTotal:         587396 kB
LowFree:           53372 kB
SwapTotal:        262140 kB
SwapFree:         222708 kB
Dirty:               880 kB
Writeback:             0 kB
AnonPages:        466180 kB
Mapped:           371792 kB
Shmem:               704 kB
Slab:              55528 kB
SReclaimable:      16600 kB
SUnreclaim:        38928 kB
KernelStack:       16016 kB
PageTables:        28008 kB
NFS_Unstable:          0 kB
Bounce:                0 kB
WritebackTmp:          0 kB
CommitLimit:     1242116 kB
Committed_AS:   56840928 kB
VmallocTotal:     409600 kB
VmallocUsed:       34744 kB
VmallocChunk:      94236 kB
Time pass: 108 sec

---2015-12-10 12:23:27
MemTotal:        1959952 kB
MemFree:           89784 kB
Buffers:            2260 kB
Cached:           892912 kB
SwapCached:         1484 kB
Active:           737460 kB
Inactive:         621220 kB
Active(anon):     291052 kB
Inactive(anon):   174908 kB
Active(file):     446408 kB
Inactive(file):   446312 kB
Unevictable:        1744 kB
Mlocked:               0 kB
HighTotal:       1372556 kB
HighFree:          36512 kB
LowTotal:         587396 kB
LowFree:           53272 kB
SwapTotal:        262140 kB
SwapFree:         222708 kB
Dirty:               880 kB
Writeback:             0 kB
AnonPages:        465020 kB
Mapped:           371796 kB
Shmem:               708 kB
Slab:              55496 kB
SReclaimable:      16600 kB
SUnreclaim:        38896 kB
KernelStack:       16000 kB
PageTables:        28004 kB
NFS_Unstable:          0 kB
Bounce:                0 kB
WritebackTmp:          0 kB
CommitLimit:     1242116 kB
Committed_AS:   56839808 kB
VmallocTotal:     409600 kB
VmallocUsed:       34744 kB
VmallocChunk:      94236 kB
Time pass: 112 sec

---2015-12-10 12:23:27
MemTotal:        1959952 kB
MemFree:           87136 kB
Buffers:            2260 kB
Cached:           894568 kB
SwapCached:         1484 kB
Active:           739012 kB
Inactive:         622832 kB
Active(anon):     292604 kB
Inactive(anon):   174908 kB
Active(file):     446408 kB
Inactive(file):   447924 kB
Unevictable:        1744 kB
Mlocked:               0 kB
HighTotal:       1372556 kB
HighFree:          34020 kB
LowTotal:         587396 kB
LowFree:           53116 kB
SwapTotal:        262140 kB
SwapFree:         222708 kB
Dirty:               880 kB
Writeback:             0 kB
AnonPages:        466804 kB
Mapped:           371796 kB
Shmem:               708 kB
Slab:              55568 kB
SReclaimable:      16608 kB
SUnreclaim:        38960 kB
KernelStack:       15984 kB
PageTables:        28004 kB
NFS_Unstable:          0 kB
Bounce:                0 kB
WritebackTmp:          0 kB
CommitLimit:     1242116 kB
Committed_AS:   56850276 kB
VmallocTotal:     409600 kB
VmallocUsed:       34744 kB
VmallocChunk:      94236 kB
Time pass: 115 sec

---2015-12-10 12:23:27
MemTotal:        1959952 kB
MemFree:          169896 kB
Buffers:            2260 kB
Cached:           890040 kB
SwapCached:         1504 kB
Active:           662288 kB
Inactive:         619128 kB
Active(anon):     216724 kB
Inactive(anon):   174372 kB
Active(file):     445564 kB
Inactive(file):   444756 kB
Unevictable:        1744 kB
Mlocked:               0 kB
HighTotal:       1372556 kB
HighFree:         102788 kB
LowTotal:         587396 kB
LowFree:           67108 kB
SwapTotal:        262140 kB
SwapFree:         222668 kB
Dirty:                 0 kB
Writeback:             0 kB
AnonPages:        390520 kB
Mapped:           257512 kB
Shmem:               256 kB
Slab:              55632 kB
SReclaimable:      16648 kB
SUnreclaim:        38984 kB
KernelStack:       15448 kB
PageTables:        26060 kB
NFS_Unstable:          0 kB
Bounce:                0 kB
WritebackTmp:          0 kB
CommitLimit:     1242116 kB
Committed_AS:   54816340 kB
VmallocTotal:     409600 kB
VmallocUsed:       32684 kB
VmallocChunk:     107548 kB
Time pass: 119 sec

---2015-12-10 12:23:27
MemTotal:        1959952 kB
MemFree:          316640 kB
Buffers:            2260 kB
Cached:           890424 kB
SwapCached:         1504 kB
Active:           661972 kB
Inactive:         619428 kB
Active(anon):     216392 kB
Inactive(anon):   174252 kB
Active(file):     445580 kB
Inactive(file):   445176 kB
Unevictable:        1744 kB
Mlocked:               0 kB
HighTotal:       1372556 kB
HighFree:         192288 kB
LowTotal:         587396 kB
LowFree:          124352 kB
SwapTotal:        262140 kB
SwapFree:         222668 kB
Dirty:               308 kB
Writeback:             0 kB
AnonPages:        390456 kB
Mapped:           257612 kB
Shmem:               120 kB
Slab:              55568 kB
SReclaimable:      16648 kB
SUnreclaim:        38920 kB
KernelStack:       14936 kB
PageTables:        25988 kB
NFS_Unstable:          0 kB
Bounce:                0 kB
WritebackTmp:          0 kB
CommitLimit:     1242116 kB
Committed_AS:   54815172 kB
VmallocTotal:     409600 kB
VmallocUsed:       31956 kB
VmallocChunk:     107548 kB
Time pass: 123 sec

---2015-12-10 12:23:27
MemTotal:        1959952 kB
MemFree:          318724 kB
Buffers:            2260 kB
Cached:           890424 kB
SwapCached:         1496 kB
Active:           661252 kB
Inactive:         618436 kB
Active(anon):     215664 kB
Inactive(anon):   173204 kB
Active(file):     445588 kB
Inactive(file):   445232 kB
Unevictable:        1744 kB
Mlocked:               0 kB
HighTotal:       1372556 kB
HighFree:         193312 kB
LowTotal:         587396 kB
LowFree:          125412 kB
SwapTotal:        262140 kB
SwapFree:         222680 kB
Dirty:                36 kB
Writeback:             0 kB
AnonPages:        388628 kB
Mapped:           257612 kB
Shmem:               120 kB
Slab:              55556 kB
SReclaimable:      16648 kB
SUnreclaim:        38908 kB
KernelStack:       14936 kB
PageTables:        25988 kB
NFS_Unstable:          0 kB
Bounce:                0 kB
WritebackTmp:          0 kB
CommitLimit:     1242116 kB
Committed_AS:   54815572 kB
VmallocTotal:     409600 kB
VmallocUsed:       31956 kB
VmallocChunk:     107548 kB
Time pass: 127 sec

---2015-12-10 12:23:27
MemTotal:        1959952 kB
MemFree:          318564 kB
Buffers:            2260 kB
Cached:           890424 kB
SwapCached:         1496 kB
Active:           661468 kB
Inactive:         618424 kB
Active(anon):     215876 kB
Inactive(anon):   173196 kB
Active(file):     445592 kB
Inactive(file):   445228 kB
Unevictable:        1744 kB
Mlocked:               0 kB
HighTotal:       1372556 kB
HighFree:         193200 kB
LowTotal:         587396 kB
LowFree:          125364 kB
SwapTotal:        262140 kB
SwapFree:         222680 kB
Dirty:                40 kB
Writeback:             0 kB
AnonPages:        388840 kB
Mapped:           257612 kB
Shmem:               120 kB
Slab:              55560 kB
SReclaimable:      16648 kB
SUnreclaim:        38912 kB
KernelStack:       14936 kB
PageTables:        25988 kB
NFS_Unstable:          0 kB
Bounce:                0 kB
WritebackTmp:          0 kB
CommitLimit:     1242116 kB
Committed_AS:   54815740 kB
VmallocTotal:     409600 kB
VmallocUsed:       31956 kB
VmallocChunk:     107548 kB
Time pass: 131 sec

---2015-12-10 12:23:27
MemTotal:        1959952 kB
MemFree:          261376 kB
Buffers:            2260 kB
Cached:           890732 kB
SwapCached:         1520 kB
Active:           694264 kB
Inactive:         615956 kB
Active(anon):     245884 kB
Inactive(anon):   173340 kB
Active(file):     448380 kB
Inactive(file):   442616 kB
Unevictable:        1744 kB
Mlocked:               0 kB
HighTotal:       1372556 kB
HighFree:         146484 kB
LowTotal:         587396 kB
LowFree:          114892 kB
SwapTotal:        262140 kB
SwapFree:         222680 kB
Dirty:               928 kB
Writeback:             0 kB
AnonPages:        419332 kB
Mapped:           284504 kB
Shmem:               252 kB
Slab:              56140 kB
SReclaimable:      16668 kB
SUnreclaim:        39472 kB
KernelStack:       15648 kB
PageTables:        26892 kB
NFS_Unstable:          0 kB
Bounce:                0 kB
WritebackTmp:          0 kB
CommitLimit:     1242116 kB
Committed_AS:   55834504 kB
VmallocTotal:     409600 kB
VmallocUsed:       32120 kB
VmallocChunk:     107548 kB
Time pass: 134 sec

---2015-12-10 12:23:27
MemTotal:        1959952 kB
MemFree:          224488 kB
Buffers:            2260 kB
Cached:           892348 kB
SwapCached:         1548 kB
Active:           702012 kB
Inactive:         616232 kB
Active(anon):     253508 kB
Inactive(anon):   172144 kB
Active(file):     448504 kB
Inactive(file):   444088 kB
Unevictable:        1744 kB
Mlocked:               0 kB
HighTotal:       1372556 kB
HighFree:         122940 kB
LowTotal:         587396 kB
LowFree:          101548 kB
SwapTotal:        262140 kB
SwapFree:         222684 kB
Dirty:              2168 kB
Writeback:             0 kB
AnonPages:        425460 kB
Mapped:           293456 kB
Shmem:               256 kB
Slab:              55916 kB
SReclaimable:      16720 kB
SUnreclaim:        39196 kB
KernelStack:       15720 kB
PageTables:        26956 kB
NFS_Unstable:          0 kB
Bounce:                0 kB
WritebackTmp:          0 kB
CommitLimit:     1242116 kB
Committed_AS:   55839112 kB
VmallocTotal:     409600 kB
VmallocUsed:       32264 kB
VmallocChunk:     107548 kB
Time pass: 138 sec

---2015-12-10 12:23:27
MemTotal:        1959952 kB
MemFree:          176860 kB
Buffers:            2260 kB
Cached:           893224 kB
SwapCached:         1548 kB
Active:           709052 kB
Inactive:         615752 kB
Active(anon):     259204 kB
Inactive(anon):   172136 kB
Active(file):     449848 kB
Inactive(file):   443616 kB
Unevictable:        1744 kB
Mlocked:               0 kB
HighTotal:       1372556 kB
HighFree:          95508 kB
LowTotal:         587396 kB
LowFree:           81352 kB
SwapTotal:        262140 kB
SwapFree:         222684 kB
Dirty:              1216 kB
Writeback:            56 kB
AnonPages:        430992 kB
Mapped:           309656 kB
Shmem:               256 kB
Slab:              55992 kB
SReclaimable:      16736 kB
SUnreclaim:        39256 kB
KernelStack:       15720 kB
PageTables:        27056 kB
NFS_Unstable:          0 kB
Bounce:                0 kB
WritebackTmp:          0 kB
CommitLimit:     1242116 kB
Committed_AS:   55844048 kB
VmallocTotal:     409600 kB
VmallocUsed:       32424 kB
VmallocChunk:     107548 kB
Time pass: 142 sec

---2015-12-10 12:23:27
MemTotal:        1959952 kB
MemFree:          141656 kB
Buffers:            2260 kB
Cached:           893364 kB
SwapCached:         1548 kB
Active:           709820 kB
Inactive:         615408 kB
Active(anon):     259336 kB
Inactive(anon):   172128 kB
Active(file):     450484 kB
Inactive(file):   443280 kB
Unevictable:        1744 kB
Mlocked:               0 kB
HighTotal:       1372556 kB
HighFree:          60944 kB
LowTotal:         587396 kB
LowFree:           80712 kB
SwapTotal:        262140 kB
SwapFree:         222684 kB
Dirty:               624 kB
Writeback:             0 kB
AnonPages:        431120 kB
Mapped:           340276 kB
Shmem:               256 kB
Slab:              55984 kB
SReclaimable:      16744 kB
SUnreclaim:        39240 kB
KernelStack:       15720 kB
PageTables:        27128 kB
NFS_Unstable:          0 kB
Bounce:                0 kB
WritebackTmp:          0 kB
CommitLimit:     1242116 kB
Committed_AS:   55844684 kB
VmallocTotal:     409600 kB
VmallocUsed:       32556 kB
VmallocChunk:     107548 kB
Time pass: 145 sec

---2015-12-10 12:23:27
MemTotal:        1959952 kB
MemFree:          141560 kB
Buffers:            2260 kB
Cached:           893524 kB
SwapCached:         1548 kB
Active:           709740 kB
Inactive:         615412 kB
Active(anon):     259240 kB
Inactive(anon):   172128 kB
Active(file):     450500 kB
Inactive(file):   443284 kB
Unevictable:        1744 kB
Mlocked:               0 kB
HighTotal:       1372556 kB
HighFree:          61128 kB
LowTotal:         587396 kB
LowFree:           80432 kB
SwapTotal:        262140 kB
SwapFree:         222684 kB
Dirty:               496 kB
Writeback:            40 kB
AnonPages:        430908 kB
Mapped:           340256 kB
Shmem:               256 kB
Slab:              56080 kB
SReclaimable:      16744 kB
SUnreclaim:        39336 kB
KernelStack:       15720 kB
PageTables:        27124 kB
NFS_Unstable:          0 kB
Bounce:                0 kB
WritebackTmp:          0 kB
CommitLimit:     1242116 kB
Committed_AS:   55844780 kB
VmallocTotal:     409600 kB
VmallocUsed:       32556 kB
VmallocChunk:     107548 kB
Time pass: 149 sec

---2015-12-10 12:23:27
MemTotal:        1959952 kB
MemFree:          118416 kB
Buffers:            2260 kB
Cached:           893548 kB
SwapCached:         1548 kB
Active:           715308 kB
Inactive:         615384 kB
Active(anon):     264756 kB
Inactive(anon):   172128 kB
Active(file):     450552 kB
Inactive(file):   443256 kB
Unevictable:        1744 kB
Mlocked:               0 kB
HighTotal:       1372556 kB
HighFree:          38132 kB
LowTotal:         587396 kB
LowFree:           80284 kB
SwapTotal:        262140 kB
SwapFree:         222684 kB
Dirty:              1188 kB
Writeback:             0 kB
AnonPages:        436500 kB
Mapped:           354720 kB
Shmem:               256 kB
Slab:              56096 kB
SReclaimable:      16752 kB
SUnreclaim:        39344 kB
KernelStack:       15728 kB
PageTables:        27200 kB
NFS_Unstable:          0 kB
Bounce:                0 kB
WritebackTmp:          0 kB
CommitLimit:     1242116 kB
Committed_AS:   55848900 kB
VmallocTotal:     409600 kB
VmallocUsed:       32632 kB
VmallocChunk:     107548 kB
Time pass: 153 sec

---2015-12-10 12:23:27
MemTotal:        1959952 kB
MemFree:          117276 kB
Buffers:            2260 kB
Cached:           893548 kB
SwapCached:         1548 kB
Active:           715276 kB
Inactive:         615384 kB
Active(anon):     264724 kB
Inactive(anon):   172128 kB
Active(file):     450552 kB
Inactive(file):   443256 kB
Unevictable:        1744 kB
Mlocked:               0 kB
HighTotal:       1372556 kB
HighFree:          36992 kB
LowTotal:         587396 kB
LowFree:           80284 kB
SwapTotal:        262140 kB
SwapFree:         222684 kB
Dirty:               700 kB
Writeback:            32 kB
AnonPages:        436480 kB
Mapped:           354704 kB
Shmem:               256 kB
Slab:              56128 kB
SReclaimable:      16752 kB
SUnreclaim:        39376 kB
KernelStack:       15744 kB
PageTables:        27200 kB
NFS_Unstable:          0 kB
Bounce:                0 kB
WritebackTmp:          0 kB
CommitLimit:     1242116 kB
Committed_AS:   55848728 kB
VmallocTotal:     409600 kB
VmallocUsed:       32632 kB
VmallocChunk:     107548 kB
Time pass: 156 sec

---2015-12-10 12:23:27
MemTotal:        1959952 kB
MemFree:          116512 kB
Buffers:            2260 kB
Cached:           893548 kB
SwapCached:         1548 kB
Active:           715512 kB
Inactive:         615376 kB
Active(anon):     264952 kB
Inactive(anon):   172128 kB
Active(file):     450560 kB
Inactive(file):   443248 kB
Unevictable:        1744 kB
Mlocked:               0 kB
HighTotal:       1372556 kB
HighFree:          36284 kB
LowTotal:         587396 kB
LowFree:           80228 kB
SwapTotal:        262140 kB
SwapFree:         222684 kB
Dirty:               664 kB
Writeback:             0 kB
AnonPages:        437116 kB
Mapped:           354756 kB
Shmem:               256 kB
Slab:              56092 kB
SReclaimable:      16756 kB
SUnreclaim:        39336 kB
KernelStack:       15744 kB
PageTables:        27216 kB
NFS_Unstable:          0 kB
Bounce:                0 kB
WritebackTmp:          0 kB
CommitLimit:     1242116 kB
Committed_AS:   55849044 kB
VmallocTotal:     409600 kB
VmallocUsed:       32632 kB
VmallocChunk:     107548 kB
Time pass: 160 sec

---2015-12-10 12:23:27
MemTotal:        1959952 kB
MemFree:          111256 kB
Buffers:            2260 kB
Cached:           893700 kB
SwapCached:         1548 kB
Active:           723060 kB
Inactive:         614540 kB
Active(anon):     271512 kB
Inactive(anon):   172256 kB
Active(file):     451548 kB
Inactive(file):   442284 kB
Unevictable:        1744 kB
Mlocked:               0 kB
HighTotal:       1372556 kB
HighFree:          32688 kB
LowTotal:         587396 kB
LowFree:           78568 kB
SwapTotal:        262140 kB
SwapFree:         222688 kB
Dirty:               664 kB
Writeback:             0 kB
AnonPages:        443220 kB
Mapped:           357136 kB
Shmem:               384 kB
Slab:              55852 kB
SReclaimable:      16756 kB
SUnreclaim:        39096 kB
KernelStack:       15936 kB
PageTables:        27332 kB
NFS_Unstable:          0 kB
Bounce:                0 kB
WritebackTmp:          0 kB
CommitLimit:     1242116 kB
Committed_AS:   55872624 kB
VmallocTotal:     409600 kB
VmallocUsed:       35040 kB
VmallocChunk:     107548 kB
Time pass: 164 sec

---2015-12-10 12:23:27
MemTotal:        1959952 kB
MemFree:          103956 kB
Buffers:            2260 kB
Cached:           893768 kB
SwapCached:         1548 kB
Active:           729216 kB
Inactive:         614608 kB
Active(anon):     277668 kB
Inactive(anon):   172324 kB
Active(file):     451548 kB
Inactive(file):   442284 kB
Unevictable:        1744 kB
Mlocked:               0 kB
HighTotal:       1372556 kB
HighFree:          26116 kB
LowTotal:         587396 kB
LowFree:           77840 kB
SwapTotal:        262140 kB
SwapFree:         222688 kB
Dirty:               668 kB
Writeback:             0 kB
AnonPages:        449280 kB
Mapped:           357696 kB
Shmem:               452 kB
Slab:              55832 kB
SReclaimable:      16756 kB
SUnreclaim:        39076 kB
KernelStack:       15928 kB
PageTables:        27408 kB
NFS_Unstable:          0 kB
Bounce:                0 kB
WritebackTmp:          0 kB
CommitLimit:     1242116 kB
Committed_AS:   55878548 kB
VmallocTotal:     409600 kB
VmallocUsed:       35040 kB
VmallocChunk:     107548 kB
Time pass: 169 sec

---2015-12-10 12:23:27
MemTotal:        1959952 kB
MemFree:          103156 kB
Buffers:            2260 kB
Cached:           893816 kB
SwapCached:         1548 kB
Active:           729780 kB
Inactive:         614656 kB
Active(anon):     278232 kB
Inactive(anon):   172368 kB
Active(file):     451548 kB
Inactive(file):   442288 kB
Unevictable:        1744 kB
Mlocked:               0 kB
HighTotal:       1372556 kB
HighFree:          25376 kB
LowTotal:         587396 kB
LowFree:           77780 kB
SwapTotal:        262140 kB
SwapFree:         222688 kB
Dirty:               672 kB
Writeback:             0 kB
AnonPages:        449976 kB
Mapped:           357824 kB
Shmem:               496 kB
Slab:              55760 kB
SReclaimable:      16756 kB
SUnreclaim:        39004 kB
KernelStack:       15928 kB
PageTables:        27412 kB
NFS_Unstable:          0 kB
Bounce:                0 kB
WritebackTmp:          0 kB
CommitLimit:     1242116 kB
Committed_AS:   55878796 kB
VmallocTotal:     409600 kB
VmallocUsed:       35040 kB
VmallocChunk:     107548 kB
Time pass: 173 sec

---2015-12-10 12:23:27
MemTotal:        1959952 kB
MemFree:          102512 kB
Buffers:            2260 kB
Cached:           893888 kB
SwapCached:         1548 kB
Active:           730540 kB
Inactive:         614716 kB
Active(anon):     278992 kB
Inactive(anon):   172412 kB
Active(file):     451548 kB
Inactive(file):   442304 kB
Unevictable:        1744 kB
Mlocked:               0 kB
HighTotal:       1372556 kB
HighFree:          25004 kB
LowTotal:         587396 kB
LowFree:           77508 kB
SwapTotal:        262140 kB
SwapFree:         222688 kB
Dirty:               668 kB
Writeback:             0 kB
AnonPages:        450736 kB
Mapped:           357760 kB
Shmem:               552 kB
Slab:              55756 kB
SReclaimable:      16756 kB
SUnreclaim:        39000 kB
KernelStack:       15928 kB
PageTables:        27412 kB
NFS_Unstable:          0 kB
Bounce:                0 kB
WritebackTmp:          0 kB
CommitLimit:     1242116 kB
Committed_AS:   55879108 kB
VmallocTotal:     409600 kB
VmallocUsed:       35040 kB
VmallocChunk:     107548 kB
Time pass: 177 sec

---2015-12-10 12:23:27
MemTotal:        1959952 kB
MemFree:          100296 kB
Buffers:            2260 kB
Cached:           894436 kB
SwapCached:         1548 kB
Active:           731732 kB
Inactive:         615260 kB
Active(anon):     280180 kB
Inactive(anon):   172412 kB
Active(file):     451552 kB
Inactive(file):   442848 kB
Unevictable:        1744 kB
Mlocked:               0 kB
HighTotal:       1372556 kB
HighFree:          24260 kB
LowTotal:         587396 kB
LowFree:           76036 kB
SwapTotal:        262140 kB
SwapFree:         222688 kB
Dirty:               672 kB
Writeback:             0 kB
AnonPages:        451864 kB
Mapped:           357652 kB
Shmem:               552 kB
Slab:              55756 kB
SReclaimable:      16756 kB
SUnreclaim:        39000 kB
KernelStack:       15928 kB
PageTables:        27412 kB
NFS_Unstable:          0 kB
Bounce:                0 kB
WritebackTmp:          0 kB
CommitLimit:     1242116 kB
Committed_AS:   55879784 kB
VmallocTotal:     409600 kB
VmallocUsed:       35040 kB
VmallocChunk:     107548 kB
Time pass: 181 sec

---2015-12-10 12:23:27
MemTotal:        1959952 kB
MemFree:           99428 kB
Buffers:            2260 kB
Cached:           894692 kB
SwapCached:         1548 kB
Active:           731988 kB
Inactive:         615516 kB
Active(anon):     280436 kB
Inactive(anon):   172668 kB
Active(file):     451552 kB
Inactive(file):   442848 kB
Unevictable:        1744 kB
Mlocked:               0 kB
HighTotal:       1372556 kB
HighFree:          24012 kB
LowTotal:         587396 kB
LowFree:           75416 kB
SwapTotal:        262140 kB
SwapFree:         222688 kB
Dirty:               684 kB
Writeback:             0 kB
AnonPages:        452088 kB
Mapped:           358048 kB
Shmem:               808 kB
Slab:              55740 kB
SReclaimable:      16756 kB
SUnreclaim:        38984 kB
KernelStack:       15928 kB
PageTables:        27412 kB
NFS_Unstable:          0 kB
Bounce:                0 kB
WritebackTmp:          0 kB
CommitLimit:     1242116 kB
Committed_AS:   55879980 kB
VmallocTotal:     409600 kB
VmallocUsed:       35040 kB
VmallocChunk:     107548 kB
Time pass: 185 sec

---2015-12-10 12:23:27
MemTotal:        1959952 kB
MemFree:           99596 kB
Buffers:            2260 kB
Cached:           894960 kB
SwapCached:         1548 kB
Active:           731808 kB
Inactive:         615780 kB
Active(anon):     280252 kB
Inactive(anon):   172932 kB
Active(file):     451556 kB
Inactive(file):   442848 kB
Unevictable:        1744 kB
Mlocked:               0 kB
HighTotal:       1372556 kB
HighFree:          24260 kB
LowTotal:         587396 kB
LowFree:           75336 kB
SwapTotal:        262140 kB
SwapFree:         222688 kB
Dirty:               684 kB
Writeback:             0 kB
AnonPages:        452060 kB
Mapped:           358580 kB
Shmem:              1072 kB
Slab:              55836 kB
SReclaimable:      16756 kB
SUnreclaim:        39080 kB
KernelStack:       15928 kB
PageTables:        27408 kB
NFS_Unstable:          0 kB
Bounce:                0 kB
WritebackTmp:          0 kB
CommitLimit:     1242116 kB
Committed_AS:   55879804 kB
VmallocTotal:     409600 kB
VmallocUsed:       35040 kB
VmallocChunk:     107548 kB
Time pass: 191 sec

---2015-12-10 12:23:27
MemTotal:        1959952 kB
MemFree:           88756 kB
Buffers:            2260 kB
Cached:           895380 kB
SwapCached:         1552 kB
Active:           742580 kB
Inactive:         616092 kB
Active(anon):     290908 kB
Inactive(anon):   172448 kB
Active(file):     451672 kB
Inactive(file):   443644 kB
Unevictable:        1744 kB
Mlocked:               0 kB
HighTotal:       1372556 kB
HighFree:          24820 kB
LowTotal:         587396 kB
LowFree:           63936 kB
SwapTotal:        262140 kB
SwapFree:         222696 kB
Dirty:               712 kB
Writeback:             0 kB
AnonPages:        462652 kB
Mapped:           358312 kB
Shmem:               580 kB
Slab:              55792 kB
SReclaimable:      16756 kB
SUnreclaim:        39036 kB
KernelStack:       15952 kB
PageTables:        27464 kB
NFS_Unstable:          0 kB
Bounce:                0 kB
WritebackTmp:          0 kB
CommitLimit:     1242116 kB
Committed_AS:   55902508 kB
VmallocTotal:     409600 kB
VmallocUsed:       35040 kB
VmallocChunk:     107548 kB
Time pass: 195 sec

---2015-12-10 12:23:27
MemTotal:        1959952 kB
MemFree:          116144 kB
Buffers:            2584 kB
Cached:           887856 kB
SwapCached:         1552 kB
Active:           734196 kB
Inactive:         619272 kB
Active(anon):     292624 kB
Inactive(anon):   172756 kB
Active(file):     441572 kB
Inactive(file):   446516 kB
Unevictable:        1744 kB
Mlocked:               0 kB
HighTotal:       1372556 kB
HighFree:          38788 kB
LowTotal:         587396 kB
LowFree:           77356 kB
SwapTotal:        262140 kB
SwapFree:         221308 kB
Dirty:               764 kB
Writeback:             0 kB
AnonPages:        464756 kB
Mapped:           357764 kB
Shmem:               608 kB
Slab:              55696 kB
SReclaimable:      16636 kB
SUnreclaim:        39060 kB
KernelStack:       15944 kB
PageTables:        27472 kB
NFS_Unstable:          0 kB
Bounce:                0 kB
WritebackTmp:          0 kB
CommitLimit:     1242116 kB
Committed_AS:   55903220 kB
VmallocTotal:     409600 kB
VmallocUsed:       35040 kB
VmallocChunk:     107548 kB
Time pass: 199 sec

---2015-12-10 12:23:27
MemTotal:        1959952 kB
MemFree:          117072 kB
Buffers:            2584 kB
Cached:           887856 kB
SwapCached:         1568 kB
Active:           739412 kB
Inactive:         615260 kB
Active(anon):     293820 kB
Inactive(anon):   172764 kB
Active(file):     445592 kB
Inactive(file):   442496 kB
Unevictable:        1744 kB
Mlocked:               0 kB
HighTotal:       1372556 kB
HighFree:          38056 kB
LowTotal:         587396 kB
LowFree:           79016 kB
SwapTotal:        262140 kB
SwapFree:         221308 kB
Dirty:               772 kB
Writeback:             0 kB
AnonPages:        465812 kB
Mapped:           355684 kB
Shmem:               608 kB
Slab:              55748 kB
SReclaimable:      16716 kB
SUnreclaim:        39032 kB
KernelStack:       15944 kB
PageTables:        27476 kB
NFS_Unstable:          0 kB
Bounce:                0 kB
WritebackTmp:          0 kB
CommitLimit:     1242116 kB
Committed_AS:   55903252 kB
VmallocTotal:     409600 kB
VmallocUsed:       35040 kB
VmallocChunk:     107548 kB
Time pass: 203 sec

---2015-12-10 12:23:27
MemTotal:        1959952 kB
MemFree:          115668 kB
Buffers:            2584 kB
Cached:           887856 kB
SwapCached:         1568 kB
Active:           741268 kB
Inactive:         615260 kB
Active(anon):     295676 kB
Inactive(anon):   172764 kB
Active(file):     445592 kB
Inactive(file):   442496 kB
Unevictable:        1744 kB
Mlocked:               0 kB
HighTotal:       1372556 kB
HighFree:          35824 kB
LowTotal:         587396 kB
LowFree:           79844 kB
SwapTotal:        262140 kB
SwapFree:         221308 kB
Dirty:               772 kB
Writeback:             0 kB
AnonPages:        467640 kB
Mapped:           355800 kB
Shmem:               608 kB
Slab:              55620 kB
SReclaimable:      16716 kB
SUnreclaim:        38904 kB
KernelStack:       16088 kB
PageTables:        27560 kB
NFS_Unstable:          0 kB
Bounce:                0 kB
WritebackTmp:          0 kB
CommitLimit:     1242116 kB
Committed_AS:   55903680 kB
VmallocTotal:     409600 kB
VmallocUsed:       35040 kB
VmallocChunk:     107548 kB
Time pass: 206 sec

---2015-12-10 12:23:27
MemTotal:        1959952 kB
MemFree:          116280 kB
Buffers:            2584 kB
Cached:           887860 kB
SwapCached:         1564 kB
Active:           741124 kB
Inactive:         615256 kB
Active(anon):     295528 kB
Inactive(anon):   172764 kB
Active(file):     445596 kB
Inactive(file):   442492 kB
Unevictable:        1744 kB
Mlocked:               0 kB
HighTotal:       1372556 kB
HighFree:          34584 kB
LowTotal:         587396 kB
LowFree:           81696 kB
SwapTotal:        262140 kB
SwapFree:         221312 kB
Dirty:               752 kB
Writeback:             0 kB
AnonPages:        467584 kB
Mapped:           355644 kB
Shmem:               608 kB
Slab:              55596 kB
SReclaimable:      16660 kB
SUnreclaim:        38936 kB
KernelStack:       15936 kB
PageTables:        27460 kB
NFS_Unstable:          0 kB
Bounce:                0 kB
WritebackTmp:          0 kB
CommitLimit:     1242116 kB
Committed_AS:   55903152 kB
VmallocTotal:     409600 kB
VmallocUsed:       35040 kB
VmallocChunk:     107548 kB
Time pass: 210 sec

---2015-12-10 12:23:27
MemTotal:        1959952 kB
MemFree:          116548 kB
Buffers:            2584 kB
Cached:           888488 kB
SwapCached:         1564 kB
Active:           739848 kB
Inactive:         615884 kB
Active(anon):     294252 kB
Inactive(anon):   172836 kB
Active(file):     445596 kB
Inactive(file):   443048 kB
Unevictable:        1744 kB
Mlocked:               0 kB
HighTotal:       1372556 kB
HighFree:          34208 kB
LowTotal:         587396 kB
LowFree:           82340 kB
SwapTotal:        262140 kB
SwapFree:         221312 kB
Dirty:               752 kB
Writeback:             0 kB
AnonPages:        466360 kB
Mapped:           355948 kB
Shmem:               684 kB
Slab:              55632 kB
SReclaimable:      16660 kB
SUnreclaim:        38972 kB
KernelStack:       15920 kB
PageTables:        27472 kB
NFS_Unstable:          0 kB
Bounce:                0 kB
WritebackTmp:          0 kB
CommitLimit:     1242116 kB
Committed_AS:   55899992 kB
VmallocTotal:     409600 kB
VmallocUsed:       35040 kB
VmallocChunk:     107548 kB
Time pass: 214 sec

---2015-12-10 12:23:27
MemTotal:        1959952 kB
MemFree:          120192 kB
Buffers:            2584 kB
Cached:           888492 kB
SwapCached:         1564 kB
Active:           735892 kB
Inactive:         615892 kB
Active(anon):     290300 kB
Inactive(anon):   172840 kB
Active(file):     445592 kB
Inactive(file):   443052 kB
Unevictable:        1744 kB
Mlocked:               0 kB
HighTotal:       1372556 kB
HighFree:          38172 kB
LowTotal:         587396 kB
LowFree:           82020 kB
SwapTotal:        262140 kB
SwapFree:         221312 kB
Dirty:               776 kB
Writeback:             0 kB
AnonPages:        462284 kB
Mapped:           355928 kB
Shmem:               688 kB
Slab:              55628 kB
SReclaimable:      16660 kB
SUnreclaim:        38968 kB
KernelStack:       15936 kB
PageTables:        27480 kB
NFS_Unstable:          0 kB
Bounce:                0 kB
WritebackTmp:          0 kB
CommitLimit:     1242116 kB
Committed_AS:   55900132 kB
VmallocTotal:     409600 kB
VmallocUsed:       35040 kB
VmallocChunk:     107548 kB
Time pass: 219 sec

---2015-12-10 12:23:27
MemTotal:        1959952 kB
MemFree:          119644 kB
Buffers:            2584 kB
Cached:           888492 kB
SwapCached:         1564 kB
Active:           736932 kB
Inactive:         615888 kB
Active(anon):     291340 kB
Inactive(anon):   172836 kB
Active(file):     445592 kB
Inactive(file):   443052 kB
Unevictable:        1744 kB
Mlocked:               0 kB
HighTotal:       1372556 kB
HighFree:          36336 kB
LowTotal:         587396 kB
LowFree:           83308 kB
SwapTotal:        262140 kB
SwapFree:         221312 kB
Dirty:               772 kB
Writeback:             0 kB
AnonPages:        463448 kB
Mapped:           355940 kB
Shmem:               688 kB
Slab:              55724 kB
SReclaimable:      16660 kB
SUnreclaim:        39064 kB
KernelStack:       15936 kB
PageTables:        27488 kB
NFS_Unstable:          0 kB
Bounce:                0 kB
WritebackTmp:          0 kB
CommitLimit:     1242116 kB
Committed_AS:   55900492 kB
VmallocTotal:     409600 kB
VmallocUsed:       35040 kB
VmallocChunk:     107548 kB
Time pass: 223 sec

---2015-12-10 12:23:27
MemTotal:        1959952 kB
MemFree:          119104 kB
Buffers:            2584 kB
Cached:           888508 kB
SwapCached:         1564 kB
Active:           737996 kB
Inactive:         615904 kB
Active(anon):     292404 kB
Inactive(anon):   172852 kB
Active(file):     445592 kB
Inactive(file):   443052 kB
Unevictable:        1744 kB
Mlocked:               0 kB
HighTotal:       1372556 kB
HighFree:          35544 kB
LowTotal:         587396 kB
LowFree:           83560 kB
SwapTotal:        262140 kB
SwapFree:         221312 kB
Dirty:               776 kB
Writeback:             0 kB
AnonPages:        464400 kB
Mapped:           355956 kB
Shmem:               704 kB
Slab:              55660 kB
SReclaimable:      16660 kB
SUnreclaim:        39000 kB
KernelStack:       15936 kB
PageTables:        27488 kB
NFS_Unstable:          0 kB
Bounce:                0 kB
WritebackTmp:          0 kB
CommitLimit:     1242116 kB
Committed_AS:   55900544 kB
VmallocTotal:     409600 kB
VmallocUsed:       35040 kB
VmallocChunk:     107548 kB
Time pass: 227 sec

---2015-12-10 12:23:27
MemTotal:        1959952 kB
MemFree:          117700 kB
Buffers:            2584 kB
Cached:           888516 kB
SwapCached:         1564 kB
Active:           739004 kB
Inactive:         615912 kB
Active(anon):     293412 kB
Inactive(anon):   172860 kB
Active(file):     445592 kB
Inactive(file):   443052 kB
Unevictable:        1744 kB
Mlocked:               0 kB
HighTotal:       1372556 kB
HighFree:          34428 kB
LowTotal:         587396 kB
LowFree:           83272 kB
SwapTotal:        262140 kB
SwapFree:         221312 kB
Dirty:               772 kB
Writeback:             0 kB
AnonPages:        465608 kB
Mapped:           355964 kB
Shmem:               712 kB
Slab:              55724 kB
SReclaimable:      16660 kB
SUnreclaim:        39064 kB
KernelStack:       15936 kB
PageTables:        27484 kB
NFS_Unstable:          0 kB
Bounce:                0 kB
WritebackTmp:          0 kB
CommitLimit:     1242116 kB
Committed_AS:   55900760 kB
VmallocTotal:     409600 kB
VmallocUsed:       35040 kB
VmallocChunk:     107548 kB
Time pass: 230 sec

---2015-12-10 12:23:27
MemTotal:        1959952 kB
MemFree:          117008 kB
Buffers:            2584 kB
Cached:           888516 kB
SwapCached:         1564 kB
Active:           739264 kB
Inactive:         615908 kB
Active(anon):     293668 kB
Inactive(anon):   172860 kB
Active(file):     445596 kB
Inactive(file):   443048 kB
Unevictable:        1744 kB
Mlocked:               0 kB
HighTotal:       1372556 kB
HighFree:          33612 kB
LowTotal:         587396 kB
LowFree:           83396 kB
SwapTotal:        262140 kB
SwapFree:         221312 kB
Dirty:               752 kB
Writeback:             0 kB
AnonPages:        465760 kB
Mapped:           356040 kB
Shmem:               712 kB
Slab:              55688 kB
SReclaimable:      16660 kB
SUnreclaim:        39028 kB
KernelStack:       16064 kB
PageTables:        27552 kB
NFS_Unstable:          0 kB
Bounce:                0 kB
WritebackTmp:          0 kB
CommitLimit:     1242116 kB
Committed_AS:   55898312 kB
VmallocTotal:     409600 kB
VmallocUsed:       35040 kB
VmallocChunk:     107548 kB
Time pass: 234 sec

---2015-12-10 12:23:27
MemTotal:        1959952 kB
MemFree:          117248 kB
Buffers:            2584 kB
Cached:           888516 kB
SwapCached:         1564 kB
Active:           739512 kB
Inactive:         615912 kB
Active(anon):     293920 kB
Inactive(anon):   172860 kB
Active(file):     445592 kB
Inactive(file):   443052 kB
Unevictable:        1744 kB
Mlocked:               0 kB
HighTotal:       1372556 kB
HighFree:          33628 kB
LowTotal:         587396 kB
LowFree:           83620 kB
SwapTotal:        262140 kB
SwapFree:         221312 kB
Dirty:               772 kB
Writeback:             0 kB
AnonPages:        465884 kB
Mapped:           355968 kB
Shmem:               712 kB
Slab:              55656 kB
SReclaimable:      16660 kB
SUnreclaim:        38996 kB
KernelStack:       15936 kB
PageTables:        27484 kB
NFS_Unstable:          0 kB
Bounce:                0 kB
WritebackTmp:          0 kB
CommitLimit:     1242116 kB
Committed_AS:   55898424 kB
VmallocTotal:     409600 kB
VmallocUsed:       35040 kB
VmallocChunk:     107548 kB
Time pass: 238 sec

---2015-12-10 12:23:27
MemTotal:        1959952 kB
MemFree:          116908 kB
Buffers:            2584 kB
Cached:           888524 kB
SwapCached:         1564 kB
Active:           739332 kB
Inactive:         615900 kB
Active(anon):     293740 kB
Inactive(anon):   172848 kB
Active(file):     445592 kB
Inactive(file):   443052 kB
Unevictable:        1744 kB
Mlocked:               0 kB
HighTotal:       1372556 kB
HighFree:          33340 kB
LowTotal:         587396 kB
LowFree:           83568 kB
SwapTotal:        262140 kB
SwapFree:         221312 kB
Dirty:               760 kB
Writeback:             0 kB
AnonPages:        465556 kB
Mapped:           355984 kB
Shmem:               720 kB
Slab:              55752 kB
SReclaimable:      16660 kB
SUnreclaim:        39092 kB
KernelStack:       15936 kB
PageTables:        27500 kB
NFS_Unstable:          0 kB
Bounce:                0 kB
WritebackTmp:          0 kB
CommitLimit:     1242116 kB
Committed_AS:   55898792 kB
VmallocTotal:     409600 kB
VmallocUsed:       35040 kB
VmallocChunk:     107548 kB
Time pass: 242 sec

---2015-12-10 12:23:27
MemTotal:        1959952 kB
MemFree:          115372 kB
Buffers:            2584 kB
Cached:           888544 kB
SwapCached:         1564 kB
Active:           740512 kB
Inactive:         615916 kB
Active(anon):     294916 kB
Inactive(anon):   172868 kB
Active(file):     445596 kB
Inactive(file):   443048 kB
Unevictable:        1744 kB
Mlocked:               0 kB
HighTotal:       1372556 kB
HighFree:          31852 kB
LowTotal:         587396 kB
LowFree:           83520 kB
SwapTotal:        262140 kB
SwapFree:         221312 kB
Dirty:               752 kB
Writeback:             0 kB
AnonPages:        466868 kB
Mapped:           356036 kB
Shmem:               740 kB
Slab:              55720 kB
SReclaimable:      16660 kB
SUnreclaim:        39060 kB
KernelStack:       15936 kB
PageTables:        27500 kB
NFS_Unstable:          0 kB
Bounce:                0 kB
WritebackTmp:          0 kB
CommitLimit:     1242116 kB
Committed_AS:   55898980 kB
VmallocTotal:     409600 kB
VmallocUsed:       35040 kB
VmallocChunk:     107548 kB
Time pass: 246 sec

---2015-12-10 12:23:27
MemTotal:        1959952 kB
MemFree:          114916 kB
Buffers:            2584 kB
Cached:           888548 kB
SwapCached:         1564 kB
Active:           741536 kB
Inactive:         615920 kB
Active(anon):     295940 kB
Inactive(anon):   172872 kB
Active(file):     445596 kB
Inactive(file):   443048 kB
Unevictable:        1744 kB
Mlocked:               0 kB
HighTotal:       1372556 kB
HighFree:          31100 kB
LowTotal:         587396 kB
LowFree:           83816 kB
SwapTotal:        262140 kB
SwapFree:         221312 kB
Dirty:               752 kB
Writeback:             0 kB
AnonPages:        468048 kB
Mapped:           356032 kB
Shmem:               744 kB
Slab:              55752 kB
SReclaimable:      16660 kB
SUnreclaim:        39092 kB
KernelStack:       15936 kB
PageTables:        27476 kB
NFS_Unstable:          0 kB
Bounce:                0 kB
WritebackTmp:          0 kB
CommitLimit:     1242116 kB
Committed_AS:   55898984 kB
VmallocTotal:     409600 kB
VmallocUsed:       35040 kB
VmallocChunk:     107548 kB
Time pass: 250 sec

---2015-12-10 12:23:27
MemTotal:        1959952 kB
MemFree:          114324 kB
Buffers:            2584 kB
Cached:           888576 kB
SwapCached:         1564 kB
Active:           741800 kB
Inactive:         615948 kB
Active(anon):     296204 kB
Inactive(anon):   172900 kB
Active(file):     445596 kB
Inactive(file):   443048 kB
Unevictable:        1744 kB
Mlocked:               0 kB
HighTotal:       1372556 kB
HighFree:          30460 kB
LowTotal:         587396 kB
LowFree:           83864 kB
SwapTotal:        262140 kB
SwapFree:         221312 kB
Dirty:               772 kB
Writeback:             0 kB
AnonPages:        468124 kB
Mapped:           356036 kB
Shmem:               772 kB
Slab:              55688 kB
SReclaimable:      16660 kB
SUnreclaim:        39028 kB
KernelStack:       15936 kB
PageTables:        27492 kB
NFS_Unstable:          0 kB
Bounce:                0 kB
WritebackTmp:          0 kB
CommitLimit:     1242116 kB
Committed_AS:   55898836 kB
VmallocTotal:     409600 kB
VmallocUsed:       35040 kB
VmallocChunk:     107548 kB
Time pass: 254 sec

---2015-12-10 12:23:27
MemTotal:        1959952 kB
MemFree:          119752 kB
Buffers:            2584 kB
Cached:           888580 kB
SwapCached:         1564 kB
Active:           737216 kB
Inactive:         615956 kB
Active(anon):     291624 kB
Inactive(anon):   172900 kB
Active(file):     445592 kB
Inactive(file):   443056 kB
Unevictable:        1744 kB
Mlocked:               0 kB
HighTotal:       1372556 kB
HighFree:          35548 kB
LowTotal:         587396 kB
LowFree:           84204 kB
SwapTotal:        262140 kB
SwapFree:         221312 kB
Dirty:               804 kB
Writeback:             0 kB
AnonPages:        463644 kB
Mapped:           356036 kB
Shmem:               772 kB
Slab:              55720 kB
SReclaimable:      16660 kB
SUnreclaim:        39060 kB
KernelStack:       15936 kB
PageTables:        27488 kB
NFS_Unstable:          0 kB
Bounce:                0 kB
WritebackTmp:          0 kB
CommitLimit:     1242116 kB
Committed_AS:   55898800 kB
VmallocTotal:     409600 kB
VmallocUsed:       35040 kB
VmallocChunk:     107548 kB
Time pass: 259 sec

---2015-12-10 12:23:27
MemTotal:        1959952 kB
MemFree:          119488 kB
Buffers:            2584 kB
Cached:           888580 kB
SwapCached:         1564 kB
Active:           738072 kB
Inactive:         615940 kB
Active(anon):     292472 kB
Inactive(anon):   172892 kB
Active(file):     445600 kB
Inactive(file):   443048 kB
Unevictable:        1744 kB
Mlocked:               0 kB
HighTotal:       1372556 kB
HighFree:          35372 kB
LowTotal:         587396 kB
LowFree:           84116 kB
SwapTotal:        262140 kB
SwapFree:         221312 kB
Dirty:               772 kB
Writeback:             0 kB
AnonPages:        464532 kB
Mapped:           356056 kB
Shmem:               772 kB
Slab:              55688 kB
SReclaimable:      16660 kB
SUnreclaim:        39028 kB
KernelStack:       16072 kB
PageTables:        27464 kB
NFS_Unstable:          0 kB
Bounce:                0 kB
WritebackTmp:          0 kB
CommitLimit:     1242116 kB
Committed_AS:   55899500 kB
VmallocTotal:     409600 kB
VmallocUsed:       35040 kB
VmallocChunk:     107548 kB
Time pass: 263 sec

---2015-12-10 12:23:27
MemTotal:        1959952 kB
MemFree:          119284 kB
Buffers:            2584 kB
Cached:           888692 kB
SwapCached:         1564 kB
Active:           738416 kB
Inactive:         616052 kB
Active(anon):     292816 kB
Inactive(anon):   173004 kB
Active(file):     445600 kB
Inactive(file):   443048 kB
Unevictable:        1744 kB
Mlocked:               0 kB
HighTotal:       1372556 kB
HighFree:          35120 kB
LowTotal:         587396 kB
LowFree:           84164 kB
SwapTotal:        262140 kB
SwapFree:         221312 kB
Dirty:               772 kB
Writeback:             0 kB
AnonPages:        464740 kB
Mapped:           356156 kB
Shmem:               884 kB
Slab:              55752 kB
SReclaimable:      16660 kB
SUnreclaim:        39092 kB
KernelStack:       15944 kB
PageTables:        27492 kB
NFS_Unstable:          0 kB
Bounce:                0 kB
WritebackTmp:          0 kB
CommitLimit:     1242116 kB
Committed_AS:   55899772 kB
VmallocTotal:     409600 kB
VmallocUsed:       35040 kB
VmallocChunk:     107548 kB
Time pass: 266 sec

---2015-12-10 12:23:27
MemTotal:        1959952 kB
MemFree:          118480 kB
Buffers:            2584 kB
Cached:           888692 kB
SwapCached:         1564 kB
Active:           738752 kB
Inactive:         616052 kB
Active(anon):     293152 kB
Inactive(anon):   173004 kB
Active(file):     445600 kB
Inactive(file):   443048 kB
Unevictable:        1744 kB
Mlocked:               0 kB
HighTotal:       1372556 kB
HighFree:          34096 kB
LowTotal:         587396 kB
LowFree:           84384 kB
SwapTotal:        262140 kB
SwapFree:         221312 kB
Dirty:               772 kB
Writeback:             0 kB
AnonPages:        464960 kB
Mapped:           356156 kB
Shmem:               884 kB
Slab:              55652 kB
SReclaimable:      16660 kB
SUnreclaim:        38992 kB
KernelStack:       15944 kB
PageTables:        27492 kB
NFS_Unstable:          0 kB
Bounce:                0 kB
WritebackTmp:          0 kB
CommitLimit:     1242116 kB
Committed_AS:   55899816 kB
VmallocTotal:     409600 kB
VmallocUsed:       35040 kB
VmallocChunk:     107548 kB
Time pass: 270 sec

---2015-12-10 12:23:27
MemTotal:        1959952 kB
MemFree:          116792 kB
Buffers:            2584 kB
Cached:           888696 kB
SwapCached:         1564 kB
Active:           739956 kB
Inactive:         616060 kB
Active(anon):     294360 kB
Inactive(anon):   173008 kB
Active(file):     445596 kB
Inactive(file):   443052 kB
Unevictable:        1744 kB
Mlocked:               0 kB
HighTotal:       1372556 kB
HighFree:          32816 kB
LowTotal:         587396 kB
LowFree:           83976 kB
SwapTotal:        262140 kB
SwapFree:         221312 kB
Dirty:               796 kB
Writeback:             0 kB
AnonPages:        466316 kB
Mapped:           356160 kB
Shmem:               888 kB
Slab:              55748 kB
SReclaimable:      16660 kB
SUnreclaim:        39088 kB
KernelStack:       15944 kB
PageTables:        27496 kB
NFS_Unstable:          0 kB
Bounce:                0 kB
WritebackTmp:          0 kB
CommitLimit:     1242116 kB
Committed_AS:   55900156 kB
VmallocTotal:     409600 kB
VmallocUsed:       35040 kB
VmallocChunk:     107548 kB
Time pass: 274 sec

---2015-12-10 12:23:27
MemTotal:        1959952 kB
MemFree:          116104 kB
Buffers:            2584 kB
Cached:           888712 kB
SwapCached:         1564 kB
Active:           740752 kB
Inactive:         616072 kB
Active(anon):     295156 kB
Inactive(anon):   173016 kB
Active(file):     445596 kB
Inactive(file):   443056 kB
Unevictable:        1744 kB
Mlocked:               0 kB
HighTotal:       1372556 kB
HighFree:          32156 kB
LowTotal:         587396 kB
LowFree:           83948 kB
SwapTotal:        262140 kB
SwapFree:         221312 kB
Dirty:               796 kB
Writeback:             0 kB
AnonPages:        467020 kB
Mapped:           356172 kB
Shmem:               900 kB
Slab:              55716 kB
SReclaimable:      16660 kB
SUnreclaim:        39056 kB
KernelStack:       15944 kB
PageTables:        27492 kB
NFS_Unstable:          0 kB
Bounce:                0 kB
WritebackTmp:          0 kB
CommitLimit:     1242116 kB
Committed_AS:   55900020 kB
VmallocTotal:     409600 kB
VmallocUsed:       35040 kB
VmallocChunk:     107548 kB
Time pass: 278 sec

---2015-12-10 12:23:27
MemTotal:        1959952 kB
MemFree:          113956 kB
Buffers:            2584 kB
Cached:           888956 kB
SwapCached:         1564 kB
Active:           742276 kB
Inactive:         616312 kB
Active(anon):     296676 kB
Inactive(anon):   173016 kB
Active(file):     445600 kB
Inactive(file):   443296 kB
Unevictable:        1744 kB
Mlocked:               0 kB
HighTotal:       1372556 kB
HighFree:          30036 kB
LowTotal:         587396 kB
LowFree:           83920 kB
SwapTotal:        262140 kB
SwapFree:         221312 kB
Dirty:               788 kB
Writeback:             0 kB
AnonPages:        468652 kB
Mapped:           356204 kB
Shmem:               900 kB
Slab:              55752 kB
SReclaimable:      16660 kB
SUnreclaim:        39092 kB
KernelStack:       16064 kB
PageTables:        27428 kB
NFS_Unstable:          0 kB
Bounce:                0 kB
WritebackTmp:          0 kB
CommitLimit:     1242116 kB
Committed_AS:   55900632 kB
VmallocTotal:     409600 kB
VmallocUsed:       35040 kB
VmallocChunk:     107548 kB
Time pass: 282 sec

---2015-12-10 12:23:27
MemTotal:        1959952 kB
MemFree:          112476 kB
Buffers:            2584 kB
Cached:           889232 kB
SwapCached:         1564 kB
Active:           743760 kB
Inactive:         616576 kB
Active(anon):     298152 kB
Inactive(anon):   173096 kB
Active(file):     445608 kB
Inactive(file):   443480 kB
Unevictable:        1744 kB
Mlocked:               0 kB
HighTotal:       1372556 kB
HighFree:          28752 kB
LowTotal:         587396 kB
LowFree:           83724 kB
SwapTotal:        262140 kB
SwapFree:         221312 kB
Dirty:               788 kB
Writeback:             0 kB
AnonPages:        470268 kB
Mapped:           359464 kB
Shmem:               984 kB
Slab:              55656 kB
SReclaimable:      16660 kB
SUnreclaim:        38996 kB
KernelStack:       15960 kB
PageTables:        27792 kB
NFS_Unstable:          0 kB
Bounce:                0 kB
WritebackTmp:          0 kB
CommitLimit:     1242116 kB
Committed_AS:   56859884 kB
VmallocTotal:     409600 kB
VmallocUsed:       36060 kB
VmallocChunk:     107548 kB
Time pass: 286 sec

---2015-12-10 12:23:27
MemTotal:        1959952 kB
MemFree:          112508 kB
Buffers:            2584 kB
Cached:           889236 kB
SwapCached:         1564 kB
Active:           743008 kB
Inactive:         616432 kB
Active(anon):     297400 kB
Inactive(anon):   172948 kB
Active(file):     445608 kB
Inactive(file):   443484 kB
Unevictable:        1744 kB
Mlocked:               0 kB
HighTotal:       1372556 kB
HighFree:          28872 kB
LowTotal:         587396 kB
LowFree:           83636 kB
SwapTotal:        262140 kB
SwapFree:         221312 kB
Dirty:               788 kB
Writeback:             0 kB
AnonPages:        469312 kB
Mapped:           356292 kB
Shmem:               984 kB
Slab:              55760 kB
SReclaimable:      16668 kB
SUnreclaim:        39092 kB
KernelStack:       15968 kB
PageTables:        27496 kB
NFS_Unstable:          0 kB
Bounce:                0 kB
WritebackTmp:          0 kB
CommitLimit:     1242116 kB
Committed_AS:   55900520 kB
VmallocTotal:     409600 kB
VmallocUsed:       35040 kB
VmallocChunk:     107548 kB
Time pass: 290 sec

---2015-12-10 12:23:27
MemTotal:        1959952 kB
MemFree:          112260 kB
Buffers:            2584 kB
Cached:           889236 kB
SwapCached:         1564 kB
Active:           743988 kB
Inactive:         616428 kB
Active(anon):     298384 kB
Inactive(anon):   172940 kB
Active(file):     445604 kB
Inactive(file):   443488 kB
Unevictable:        1744 kB
Mlocked:               0 kB
HighTotal:       1372556 kB
HighFree:          28356 kB
LowTotal:         587396 kB
LowFree:           83904 kB
SwapTotal:        262140 kB
SwapFree:         221312 kB
Dirty:               808 kB
Writeback:             0 kB
AnonPages:        470148 kB
Mapped:           356292 kB
Shmem:               984 kB
Slab:              55736 kB
SReclaimable:      16676 kB
SUnreclaim:        39060 kB
KernelStack:       15968 kB
PageTables:        27496 kB
NFS_Unstable:          0 kB
Bounce:                0 kB
WritebackTmp:          0 kB
CommitLimit:     1242116 kB
Committed_AS:   55900400 kB
VmallocTotal:     409600 kB
VmallocUsed:       35040 kB
VmallocChunk:     107548 kB
Time pass: 294 sec

---2015-12-10 12:23:27
MemTotal:        1959952 kB
MemFree:          110960 kB
Buffers:            2584 kB
Cached:           889236 kB
SwapCached:         1564 kB
Active:           745072 kB
Inactive:         616424 kB
Active(anon):     299468 kB
Inactive(anon):   172936 kB
Active(file):     445604 kB
Inactive(file):   443488 kB
Unevictable:        1744 kB
Mlocked:               0 kB
HighTotal:       1372556 kB
HighFree:          27276 kB
LowTotal:         587396 kB
LowFree:           83684 kB
SwapTotal:        262140 kB
SwapFree:         221312 kB
Dirty:               808 kB
Writeback:             0 kB
AnonPages:        471376 kB
Mapped:           356316 kB
Shmem:               984 kB
Slab:              55736 kB
SReclaimable:      16676 kB
SUnreclaim:        39060 kB
KernelStack:       15952 kB
PageTables:        27476 kB
NFS_Unstable:          0 kB
Bounce:                0 kB
WritebackTmp:          0 kB
CommitLimit:     1242116 kB
Committed_AS:   55900528 kB
VmallocTotal:     409600 kB
VmallocUsed:       35040 kB
VmallocChunk:     107548 kB
Time pass: 298 sec

---2015-12-10 12:23:27
MemTotal:        1959952 kB
MemFree:          109096 kB
Buffers:            2584 kB
Cached:           889376 kB
SwapCached:         1564 kB
Active:           746004 kB
Inactive:         616568 kB
Active(anon):     300400 kB
Inactive(anon):   172940 kB
Active(file):     445604 kB
Inactive(file):   443628 kB
Unevictable:        1744 kB
Mlocked:               0 kB
HighTotal:       1372556 kB
HighFree:          26496 kB
LowTotal:         587396 kB
LowFree:           82600 kB
SwapTotal:        262140 kB
SwapFree:         221316 kB
Dirty:               808 kB
Writeback:             0 kB
AnonPages:        472208 kB
Mapped:           356368 kB
Shmem:               984 kB
Slab:              55736 kB
SReclaimable:      16676 kB
SUnreclaim:        39060 kB
KernelStack:       15968 kB
PageTables:        27496 kB
NFS_Unstable:          0 kB
Bounce:                0 kB
WritebackTmp:          0 kB
CommitLimit:     1242116 kB
Committed_AS:   55899028 kB
VmallocTotal:     409600 kB
VmallocUsed:       35040 kB
VmallocChunk:     107548 kB
Time pass: 302 sec

---2015-12-10 12:23:27
MemTotal:        1959952 kB
MemFree:          109732 kB
Buffers:            2584 kB
Cached:           889376 kB
SwapCached:         1564 kB
Active:           745936 kB
Inactive:         616568 kB
Active(anon):     300332 kB
Inactive(anon):   172940 kB
Active(file):     445604 kB
Inactive(file):   443628 kB
Unevictable:        1744 kB
Mlocked:               0 kB
HighTotal:       1372556 kB
HighFree:          27276 kB
LowTotal:         587396 kB
LowFree:           82456 kB
SwapTotal:        262140 kB
SwapFree:         221316 kB
Dirty:               808 kB
Writeback:             0 kB
AnonPages:        472016 kB
Mapped:           356328 kB
Shmem:               984 kB
Slab:              55792 kB
SReclaimable:      16676 kB
SUnreclaim:        39116 kB
KernelStack:       15984 kB
PageTables:        27492 kB
NFS_Unstable:          0 kB
Bounce:                0 kB
WritebackTmp:          0 kB
CommitLimit:     1242116 kB
Committed_AS:   55899096 kB
VmallocTotal:     409600 kB
VmallocUsed:       35040 kB
VmallocChunk:     107548 kB
Time pass: 306 sec

---2015-12-10 12:23:27
MemTotal:        1959952 kB
MemFree:          108672 kB
Buffers:            2584 kB
Cached:           889376 kB
SwapCached:         1564 kB
Active:           746928 kB
Inactive:         616572 kB
Active(anon):     301328 kB
Inactive(anon):   172940 kB
Active(file):     445600 kB
Inactive(file):   443632 kB
Unevictable:        1744 kB
Mlocked:               0 kB
HighTotal:       1372556 kB
HighFree:          26464 kB
LowTotal:         587396 kB
LowFree:           82208 kB
SwapTotal:        262140 kB
SwapFree:         221316 kB
Dirty:               808 kB
Writeback:             0 kB
AnonPages:        473240 kB
Mapped:           356300 kB
Shmem:               984 kB
Slab:              55872 kB
SReclaimable:      16676 kB
SUnreclaim:        39196 kB
KernelStack:       16112 kB
PageTables:        27568 kB
NFS_Unstable:          0 kB
Bounce:                0 kB
WritebackTmp:          0 kB
CommitLimit:     1242116 kB
Committed_AS:   55907496 kB
VmallocTotal:     409600 kB
VmallocUsed:       36060 kB
VmallocChunk:     107548 kB
Time pass: 310 sec

---2015-12-10 12:23:27
MemTotal:        1959952 kB
MemFree:          107152 kB
Buffers:            2584 kB
Cached:           889376 kB
SwapCached:         1564 kB
Active:           749592 kB
Inactive:         616560 kB
Active(anon):     303984 kB
Inactive(anon):   172936 kB
Active(file):     445608 kB
Inactive(file):   443624 kB
Unevictable:        1744 kB
Mlocked:               0 kB
HighTotal:       1372556 kB
HighFree:          24728 kB
LowTotal:         587396 kB
LowFree:           82424 kB
SwapTotal:        262140 kB
SwapFree:         221316 kB
Dirty:               788 kB
Writeback:             0 kB
AnonPages:        475996 kB
Mapped:           358772 kB
Shmem:               984 kB
Slab:              55768 kB
SReclaimable:      16676 kB
SUnreclaim:        39092 kB
KernelStack:       15960 kB
PageTables:        27804 kB
NFS_Unstable:          0 kB
Bounce:                0 kB
WritebackTmp:          0 kB
CommitLimit:     1242116 kB
Committed_AS:   56858748 kB
VmallocTotal:     409600 kB
VmallocUsed:       36060 kB
VmallocChunk:     107548 kB
Time pass: 314 sec

---2015-12-10 12:23:27
MemTotal:        1959952 kB
MemFree:          107256 kB
Buffers:            2584 kB
Cached:           889392 kB
SwapCached:         1564 kB
Active:           748680 kB
Inactive:         616576 kB
Active(anon):     303076 kB
Inactive(anon):   172932 kB
Active(file):     445604 kB
Inactive(file):   443644 kB
Unevictable:        1744 kB
Mlocked:               0 kB
HighTotal:       1372556 kB
HighFree:          25720 kB
LowTotal:         587396 kB
LowFree:           81536 kB
SwapTotal:        262140 kB
SwapFree:         221316 kB
Dirty:               820 kB
Writeback:             0 kB
AnonPages:        475012 kB
Mapped:           356300 kB
Shmem:               984 kB
Slab:              55768 kB
SReclaimable:      16676 kB
SUnreclaim:        39092 kB
KernelStack:       15960 kB
PageTables:        27504 kB
NFS_Unstable:          0 kB
Bounce:                0 kB
WritebackTmp:          0 kB
CommitLimit:     1242116 kB
Committed_AS:   55899476 kB
VmallocTotal:     409600 kB
VmallocUsed:       35040 kB
VmallocChunk:     107548 kB
Time pass: 318 sec

---2015-12-10 12:23:27
MemTotal:        1959952 kB
MemFree:          105132 kB
Buffers:            2584 kB
Cached:           889392 kB
SwapCached:         1564 kB
Active:           749984 kB
Inactive:         616576 kB
Active(anon):     304380 kB
Inactive(anon):   172932 kB
Active(file):     445604 kB
Inactive(file):   443644 kB
Unevictable:        1744 kB
Mlocked:               0 kB
HighTotal:       1372556 kB
HighFree:          24356 kB
LowTotal:         587396 kB
LowFree:           80776 kB
SwapTotal:        262140 kB
SwapFree:         221316 kB
Dirty:               820 kB
Writeback:             0 kB
AnonPages:        476216 kB
Mapped:           356308 kB
Shmem:               984 kB
Slab:              55704 kB
SReclaimable:      16676 kB
SUnreclaim:        39028 kB
KernelStack:       15960 kB
PageTables:        27512 kB
NFS_Unstable:          0 kB
Bounce:                0 kB
WritebackTmp:          0 kB
CommitLimit:     1242116 kB
Committed_AS:   55899740 kB
VmallocTotal:     409600 kB
VmallocUsed:       35040 kB
VmallocChunk:     107548 kB
Time pass: 322 sec

---2015-12-10 12:23:27
MemTotal:        1959952 kB
MemFree:          103884 kB
Buffers:            2584 kB
Cached:           889540 kB
SwapCached:         1564 kB
Active:           751560 kB
Inactive:         616676 kB
Active(anon):     305956 kB
Inactive(anon):   173032 kB
Active(file):     445604 kB
Inactive(file):   443644 kB
Unevictable:        1744 kB
Mlocked:               0 kB
HighTotal:       1372556 kB
HighFree:          23460 kB
LowTotal:         587396 kB
LowFree:           80424 kB
SwapTotal:        262140 kB
SwapFree:         221316 kB
Dirty:               820 kB
Writeback:             0 kB
AnonPages:        477628 kB
Mapped:           356456 kB
Shmem:              1132 kB
Slab:              55704 kB
SReclaimable:      16676 kB
SUnreclaim:        39028 kB
KernelStack:       15960 kB
PageTables:        27516 kB
NFS_Unstable:          0 kB
Bounce:                0 kB
WritebackTmp:          0 kB
CommitLimit:     1242116 kB
Committed_AS:   55900224 kB
VmallocTotal:     409600 kB
VmallocUsed:       35040 kB
VmallocChunk:     107548 kB
Time pass: 327 sec

---2015-12-10 12:23:27
MemTotal:        1959952 kB
MemFree:          103828 kB
Buffers:            2584 kB
Cached:           889652 kB
SwapCached:         1564 kB
Active:           750696 kB
Inactive:         616836 kB
Active(anon):     305092 kB
Inactive(anon):   173068 kB
Active(file):     445604 kB
Inactive(file):   443768 kB
Unevictable:        1744 kB
Mlocked:               0 kB
HighTotal:       1372556 kB
HighFree:          25900 kB
LowTotal:         587396 kB
LowFree:           77928 kB
SwapTotal:        262140 kB
SwapFree:         221316 kB
Dirty:               804 kB
Writeback:             0 kB
AnonPages:        476836 kB
Mapped:           356492 kB
Shmem:              1120 kB
Slab:              55736 kB
SReclaimable:      16676 kB
SUnreclaim:        39060 kB
KernelStack:       15968 kB
PageTables:        27500 kB
NFS_Unstable:          0 kB
Bounce:                0 kB
WritebackTmp:          0 kB
CommitLimit:     1242116 kB
Committed_AS:   55900096 kB
VmallocTotal:     409600 kB
VmallocUsed:       35040 kB
VmallocChunk:     107548 kB
Time pass: 331 sec

---2015-12-10 12:23:27
MemTotal:        1959952 kB
MemFree:          110560 kB
Buffers:            2584 kB
Cached:           889652 kB
SwapCached:         1564 kB
Active:           742896 kB
Inactive:         616828 kB
Active(anon):     297292 kB
Inactive(anon):   173060 kB
Active(file):     445604 kB
Inactive(file):   443768 kB
Unevictable:        1744 kB
Mlocked:               0 kB
HighTotal:       1372556 kB
HighFree:          30420 kB
LowTotal:         587396 kB
LowFree:           80140 kB
SwapTotal:        262140 kB
SwapFree:         221316 kB
Dirty:               800 kB
Writeback:             0 kB
AnonPages:        468996 kB
Mapped:           356468 kB
Shmem:              1120 kB
Slab:              55736 kB
SReclaimable:      16676 kB
SUnreclaim:        39060 kB
KernelStack:       15968 kB
PageTables:        27516 kB
NFS_Unstable:          0 kB
Bounce:                0 kB
WritebackTmp:          0 kB
CommitLimit:     1242116 kB
Committed_AS:   55901504 kB
VmallocTotal:     409600 kB
VmallocUsed:       35040 kB
VmallocChunk:     107548 kB
Time pass: 336 sec

---2015-12-10 12:23:27
MemTotal:        1959952 kB
MemFree:          112084 kB
Buffers:            2584 kB
Cached:           889896 kB
SwapCached:         1564 kB
Active:           742732 kB
Inactive:         616668 kB
Active(anon):     296724 kB
Inactive(anon):   173040 kB
Active(file):     446008 kB
Inactive(file):   443628 kB
Unevictable:        1744 kB
Mlocked:               0 kB
HighTotal:       1372556 kB
HighFree:          31888 kB
LowTotal:         587396 kB
LowFree:           80196 kB
SwapTotal:        262140 kB
SwapFree:         221316 kB
Dirty:               804 kB
Writeback:             0 kB
AnonPages:        468524 kB
Mapped:           356468 kB
Shmem:              1100 kB
Slab:              55832 kB
SReclaimable:      16676 kB
SUnreclaim:        39156 kB
KernelStack:       15960 kB
PageTables:        27484 kB
NFS_Unstable:          0 kB
Bounce:                0 kB
WritebackTmp:          0 kB
CommitLimit:     1242116 kB
Committed_AS:   55889600 kB
VmallocTotal:     409600 kB
VmallocUsed:       35040 kB
VmallocChunk:     107548 kB
Time pass: 340 sec

---2015-12-10 12:23:27
MemTotal:        1959952 kB
MemFree:          117316 kB
Buffers:            2584 kB
Cached:           890024 kB
SwapCached:         1564 kB
Active:           737040 kB
Inactive:         616792 kB
Active(anon):     291032 kB
Inactive(anon):   173036 kB
Active(file):     446008 kB
Inactive(file):   443756 kB
Unevictable:        1744 kB
Mlocked:               0 kB
HighTotal:       1372556 kB
HighFree:          32012 kB
LowTotal:         587396 kB
LowFree:           85304 kB
SwapTotal:        262140 kB
SwapFree:         221316 kB
Dirty:               804 kB
Writeback:             0 kB
AnonPages:        462928 kB
Mapped:           356388 kB
Shmem:              1100 kB
Slab:              55700 kB
SReclaimable:      16676 kB
SUnreclaim:        39024 kB
KernelStack:       16104 kB
PageTables:        27560 kB
NFS_Unstable:          0 kB
Bounce:                0 kB
WritebackTmp:          0 kB
CommitLimit:     1242116 kB
Committed_AS:   55889812 kB
VmallocTotal:     409600 kB
VmallocUsed:       35040 kB
VmallocChunk:     107548 kB
Time pass: 344 sec

---2015-12-10 12:23:27
MemTotal:        1959952 kB
MemFree:          116032 kB
Buffers:            2584 kB
Cached:           890024 kB
SwapCached:         1564 kB
Active:           738952 kB
Inactive:         616792 kB
Active(anon):     292944 kB
Inactive(anon):   173036 kB
Active(file):     446008 kB
Inactive(file):   443756 kB
Unevictable:        1744 kB
Mlocked:               0 kB
HighTotal:       1372556 kB
HighFree:          30976 kB
LowTotal:         587396 kB
LowFree:           85056 kB
SwapTotal:        262140 kB
SwapFree:         221316 kB
Dirty:               804 kB
Writeback:             0 kB
AnonPages:        464808 kB
Mapped:           359004 kB
Shmem:              1100 kB
Slab:              55736 kB
SReclaimable:      16676 kB
SUnreclaim:        39060 kB
KernelStack:       15976 kB
PageTables:        27796 kB
NFS_Unstable:          0 kB
Bounce:                0 kB
WritebackTmp:          0 kB
CommitLimit:     1242116 kB
Committed_AS:   56850576 kB
VmallocTotal:     409600 kB
VmallocUsed:       36060 kB
VmallocChunk:     107548 kB
Time pass: 348 sec

---2015-12-10 12:23:27
MemTotal:        1959952 kB
MemFree:          116360 kB
Buffers:            2584 kB
Cached:           890024 kB
SwapCached:         1564 kB
Active:           738120 kB
Inactive:         616792 kB
Active(anon):     292112 kB
Inactive(anon):   173036 kB
Active(file):     446008 kB
Inactive(file):   443756 kB
Unevictable:        1744 kB
Mlocked:               0 kB
HighTotal:       1372556 kB
HighFree:          30736 kB
LowTotal:         587396 kB
LowFree:           85624 kB
SwapTotal:        262140 kB
SwapFree:         221316 kB
Dirty:               804 kB
Writeback:             0 kB
AnonPages:        464096 kB
Mapped:           356532 kB
Shmem:              1100 kB
Slab:              55776 kB
SReclaimable:      16684 kB
SUnreclaim:        39092 kB
KernelStack:       15976 kB
PageTables:        27500 kB
NFS_Unstable:          0 kB
Bounce:                0 kB
WritebackTmp:          0 kB
CommitLimit:     1242116 kB
Committed_AS:   55890120 kB
VmallocTotal:     409600 kB
VmallocUsed:       35040 kB
VmallocChunk:     107548 kB
Time pass: 351 sec

---2015-12-10 12:23:27
MemTotal:        1959952 kB
MemFree:          115044 kB
Buffers:            2584 kB
Cached:           890024 kB
SwapCached:         1564 kB
Active:           739076 kB
Inactive:         616792 kB
Active(anon):     293068 kB
Inactive(anon):   173036 kB
Active(file):     446008 kB
Inactive(file):   443756 kB
Unevictable:        1744 kB
Mlocked:               0 kB
HighTotal:       1372556 kB
HighFree:          29380 kB
LowTotal:         587396 kB
LowFree:           85664 kB
SwapTotal:        262140 kB
SwapFree:         221316 kB
Dirty:               804 kB
Writeback:             0 kB
AnonPages:        464804 kB
Mapped:           356532 kB
