---2015-12-16 17:19:16
MemTotal:        1421560 kB
MemFree:           54424 kB
Buffers:           11256 kB
Cached:           824272 kB
SwapCached:            0 kB
Active:           648596 kB
Inactive:         543104 kB
Active(anon):     357772 kB
Inactive(anon):      532 kB
Active(file):     290824 kB
Inactive(file):   542572 kB
Unevictable:        1516 kB
Mlocked:               0 kB
HighTotal:        885760 kB
HighFree:          19788 kB
LowTotal:         535800 kB
LowFree:           34636 kB
SwapTotal:             0 kB
SwapFree:              0 kB
Dirty:                 0 kB
Writeback:             0 kB
AnonPages:        357900 kB
Mapped:           338820 kB
Shmem:               620 kB
Slab:              43588 kB
SReclaimable:      14000 kB
SUnreclaim:        29588 kB
KernelStack:       10512 kB
PageTables:        27580 kB
NFS_Unstable:          0 kB
Bounce:                0 kB
WritebackTmp:          0 kB
CommitLimit:      710780 kB
Committed_AS:   36732804 kB
VmallocTotal:     460800 kB
VmallocUsed:       18356 kB
VmallocChunk:     172060 kB
Time pass: 3 sec

---2015-12-16 17:19:16
MemTotal:        1421560 kB
MemFree:           54516 kB
Buffers:           11256 kB
Cached:           824280 kB
SwapCached:            0 kB
Active:           648780 kB
Inactive:         543108 kB
Active(anon):     357956 kB
Inactive(anon):      532 kB
Active(file):     290824 kB
Inactive(file):   542576 kB
Unevictable:        1516 kB
Mlocked:               0 kB
HighTotal:        885760 kB
HighFree:          19912 kB
LowTotal:         535800 kB
LowFree:           34604 kB
SwapTotal:             0 kB
SwapFree:              0 kB
Dirty:                 0 kB
Writeback:             0 kB
AnonPages:        358052 kB
Mapped:           338824 kB
Shmem:               620 kB
Slab:              43568 kB
SReclaimable:      14000 kB
SUnreclaim:        29568 kB
KernelStack:       10512 kB
PageTables:        27580 kB
NFS_Unstable:          0 kB
Bounce:                0 kB
WritebackTmp:          0 kB
CommitLimit:      710780 kB
Committed_AS:   36732840 kB
VmallocTotal:     460800 kB
VmallocUsed:       18356 kB
VmallocChunk:     172060 kB
Time pass: 6 sec

---2015-12-16 17:19:16
MemTotal:        1421560 kB
MemFree:           54300 kB
Buffers:           11256 kB
Cached:           824280 kB
SwapCached:            0 kB
Active:           648948 kB
Inactive:         543108 kB
Active(anon):     358124 kB
Inactive(anon):      532 kB
Active(file):     290824 kB
Inactive(file):   542576 kB
Unevictable:        1516 kB
Mlocked:               0 kB
HighTotal:        885760 kB
HighFree:          19664 kB
LowTotal:         535800 kB
LowFree:           34636 kB
SwapTotal:             0 kB
SwapFree:              0 kB
Dirty:                 0 kB
Writeback:             0 kB
AnonPages:        358172 kB
Mapped:           338824 kB
Shmem:               620 kB
Slab:              43644 kB
SReclaimable:      14000 kB
SUnreclaim:        29644 kB
KernelStack:       10512 kB
PageTables:        27580 kB
NFS_Unstable:          0 kB
Bounce:                0 kB
WritebackTmp:          0 kB
CommitLimit:      710780 kB
Committed_AS:   36732980 kB
VmallocTotal:     460800 kB
VmallocUsed:       18356 kB
VmallocChunk:     172060 kB
Time pass: 10 sec

---2015-12-16 17:19:16
MemTotal:        1421560 kB
MemFree:           54460 kB
Buffers:           11256 kB
Cached:           824288 kB
SwapCached:            0 kB
Active:           649168 kB
Inactive:         543108 kB
Active(anon):     358344 kB
Inactive(anon):      532 kB
Active(file):     290824 kB
Inactive(file):   542576 kB
Unevictable:        1516 kB
Mlocked:               0 kB
HighTotal:        885760 kB
HighFree:          19664 kB
LowTotal:         535800 kB
LowFree:           34796 kB
SwapTotal:             0 kB
SwapFree:              0 kB
Dirty:                 0 kB
Writeback:             0 kB
AnonPages:        358352 kB
Mapped:           338976 kB
Shmem:               620 kB
Slab:              43484 kB
SReclaimable:      14000 kB
SUnreclaim:        29484 kB
KernelStack:       10512 kB
PageTables:        27580 kB
NFS_Unstable:          0 kB
Bounce:                0 kB
WritebackTmp:          0 kB
CommitLimit:      710780 kB
Committed_AS:   36733104 kB
VmallocTotal:     460800 kB
VmallocUsed:       18356 kB
VmallocChunk:     172060 kB
Time pass: 13 sec

---2015-12-16 17:19:16
MemTotal:        1421560 kB
MemFree:           54076 kB
Buffers:           11256 kB
Cached:           824288 kB
SwapCached:            0 kB
Active:           649304 kB
Inactive:         543116 kB
Active(anon):     358480 kB
Inactive(anon):      532 kB
Active(file):     290824 kB
Inactive(file):   542584 kB
Unevictable:        1516 kB
Mlocked:               0 kB
HighTotal:        885760 kB
HighFree:          19292 kB
LowTotal:         535800 kB
LowFree:           34784 kB
SwapTotal:             0 kB
SwapFree:              0 kB
Dirty:                 0 kB
Writeback:             0 kB
AnonPages:        358488 kB
Mapped:           338828 kB
Shmem:               620 kB
Slab:              43588 kB
SReclaimable:      14000 kB
SUnreclaim:        29588 kB
KernelStack:       10512 kB
PageTables:        27580 kB
NFS_Unstable:          0 kB
Bounce:                0 kB
WritebackTmp:          0 kB
CommitLimit:      710780 kB
Committed_AS:   36733176 kB
VmallocTotal:     460800 kB
VmallocUsed:       18356 kB
VmallocChunk:     172060 kB
Time pass: 17 sec

---2015-12-16 17:19:16
MemTotal:        1421560 kB
MemFree:           53944 kB
Buffers:           11256 kB
Cached:           824288 kB
SwapCached:            0 kB
Active:           649368 kB
Inactive:         543116 kB
Active(anon):     358544 kB
Inactive(anon):      532 kB
Active(file):     290824 kB
Inactive(file):   542584 kB
Unevictable:        1516 kB
Mlocked:               0 kB
HighTotal:        885760 kB
HighFree:          19168 kB
LowTotal:         535800 kB
LowFree:           34776 kB
SwapTotal:             0 kB
SwapFree:              0 kB
Dirty:                 0 kB
Writeback:             0 kB
AnonPages:        358688 kB
Mapped:           338828 kB
Shmem:               620 kB
Slab:              43668 kB
SReclaimable:      14000 kB
SUnreclaim:        29668 kB
KernelStack:       10496 kB
PageTables:        27576 kB
NFS_Unstable:          0 kB
Bounce:                0 kB
WritebackTmp:          0 kB
CommitLimit:      710780 kB
Committed_AS:   36733240 kB
VmallocTotal:     460800 kB
VmallocUsed:       18356 kB
VmallocChunk:     172060 kB
Time pass: 20 sec

---2015-12-16 17:19:16
MemTotal:        1421560 kB
MemFree:           19188 kB
Buffers:           10668 kB
Cached:           829000 kB
SwapCached:            0 kB
Active:           677380 kB
Inactive:         536440 kB
Active(anon):     376304 kB
Inactive(anon):      636 kB
Active(file):     301076 kB
Inactive(file):   535804 kB
Unevictable:        1516 kB
Mlocked:               0 kB
HighTotal:        885760 kB
HighFree:           4352 kB
LowTotal:         535800 kB
LowFree:           14836 kB
SwapTotal:             0 kB
SwapFree:              0 kB
Dirty:               944 kB
Writeback:            12 kB
AnonPages:        376248 kB
Mapped:           364192 kB
Shmem:               772 kB
Slab:              43476 kB
SReclaimable:      14012 kB
SUnreclaim:        29464 kB
KernelStack:       10880 kB
PageTables:        28256 kB
NFS_Unstable:          0 kB
Bounce:                0 kB
WritebackTmp:          0 kB
CommitLimit:      710780 kB
Committed_AS:   37594836 kB
VmallocTotal:     460800 kB
VmallocUsed:       19524 kB
VmallocChunk:     173084 kB
Time pass: 24 sec

---2015-12-16 17:19:16
MemTotal:        1421560 kB
MemFree:           32828 kB
Buffers:           10632 kB
Cached:           800584 kB
SwapCached:            0 kB
Active:           680032 kB
Inactive:         502700 kB
Active(anon):     373180 kB
Inactive(anon):      664 kB
Active(file):     306852 kB
Inactive(file):   502036 kB
Unevictable:        1516 kB
Mlocked:               0 kB
HighTotal:        885760 kB
HighFree:          12776 kB
LowTotal:         535800 kB
LowFree:           20052 kB
SwapTotal:             0 kB
SwapFree:              0 kB
Dirty:               148 kB
Writeback:             0 kB
AnonPages:        373300 kB
Mapped:           364684 kB
Shmem:               752 kB
Slab:              43464 kB
SReclaimable:      14048 kB
SUnreclaim:        29416 kB
KernelStack:       11008 kB
PageTables:        28236 kB
NFS_Unstable:          0 kB
Bounce:                0 kB
WritebackTmp:          0 kB
CommitLimit:      710780 kB
Committed_AS:   37563968 kB
VmallocTotal:     460800 kB
VmallocUsed:       19580 kB
VmallocChunk:     173084 kB
Time pass: 28 sec

---2015-12-16 17:19:16
MemTotal:        1421560 kB
MemFree:           22832 kB
Buffers:           10640 kB
Cached:           796400 kB
SwapCached:            0 kB
Active:           680436 kB
Inactive:         498164 kB
Active(anon):     373396 kB
Inactive(anon):      664 kB
Active(file):     307040 kB
Inactive(file):   497500 kB
Unevictable:        1516 kB
Mlocked:               0 kB
HighTotal:        885760 kB
HighFree:           6960 kB
LowTotal:         535800 kB
LowFree:           15872 kB
SwapTotal:             0 kB
SwapFree:              0 kB
Dirty:               324 kB
Writeback:             0 kB
AnonPages:        373480 kB
Mapped:           372372 kB
Shmem:               752 kB
Slab:              43656 kB
SReclaimable:      14000 kB
SUnreclaim:        29656 kB
KernelStack:       11000 kB
PageTables:        28232 kB
NFS_Unstable:          0 kB
Bounce:                0 kB
WritebackTmp:          0 kB
CommitLimit:      710780 kB
Committed_AS:   37466508 kB
VmallocTotal:     460800 kB
VmallocUsed:       19640 kB
VmallocChunk:     173084 kB
Time pass: 31 sec

---2015-12-16 17:19:16
MemTotal:        1421560 kB
MemFree:           23252 kB
Buffers:           10648 kB
Cached:           796380 kB
SwapCached:            0 kB
Active:           679752 kB
Inactive:         498264 kB
Active(anon):     372588 kB
Inactive(anon):      664 kB
Active(file):     307164 kB
Inactive(file):   497600 kB
Unevictable:        1516 kB
Mlocked:               0 kB
HighTotal:        885760 kB
HighFree:           7316 kB
LowTotal:         535800 kB
LowFree:           15936 kB
SwapTotal:             0 kB
SwapFree:              0 kB
Dirty:               128 kB
Writeback:             0 kB
AnonPages:        372584 kB
Mapped:           372428 kB
Shmem:               748 kB
Slab:              43704 kB
SReclaimable:      14048 kB
SUnreclaim:        29656 kB
KernelStack:       11000 kB
PageTables:        28232 kB
NFS_Unstable:          0 kB
Bounce:                0 kB
WritebackTmp:          0 kB
CommitLimit:      710780 kB
Committed_AS:   37466684 kB
VmallocTotal:     460800 kB
VmallocUsed:       19640 kB
VmallocChunk:     173084 kB
Time pass: 35 sec

---2015-12-16 17:19:16
MemTotal:        1421560 kB
MemFree:           23392 kB
Buffers:           10656 kB
Cached:           796384 kB
SwapCached:            0 kB
Active:           679812 kB
Inactive:         498260 kB
Active(anon):     372648 kB
Inactive(anon):      664 kB
Active(file):     307164 kB
Inactive(file):   497596 kB
Unevictable:        1516 kB
Mlocked:               0 kB
HighTotal:        885760 kB
HighFree:           7432 kB
LowTotal:         535800 kB
LowFree:           15960 kB
SwapTotal:             0 kB
SwapFree:              0 kB
Dirty:                24 kB
Writeback:             8 kB
AnonPages:        372596 kB
Mapped:           372164 kB
Shmem:               752 kB
Slab:              43764 kB
SReclaimable:      14048 kB
SUnreclaim:        29716 kB
KernelStack:       11000 kB
PageTables:        28236 kB
NFS_Unstable:          0 kB
Bounce:                0 kB
WritebackTmp:          0 kB
CommitLimit:      710780 kB
Committed_AS:   37466820 kB
VmallocTotal:     460800 kB
VmallocUsed:       19640 kB
VmallocChunk:     173084 kB
Time pass: 38 sec

---2015-12-16 17:19:16
MemTotal:        1421560 kB
MemFree:           20216 kB
Buffers:           10656 kB
Cached:           787532 kB
SwapCached:            0 kB
Active:           685800 kB
Inactive:         486960 kB
Active(anon):     376268 kB
Inactive(anon):      664 kB
Active(file):     309532 kB
Inactive(file):   486296 kB
Unevictable:        1516 kB
Mlocked:               0 kB
HighTotal:        885760 kB
HighFree:           5476 kB
LowTotal:         535800 kB
LowFree:           14740 kB
SwapTotal:             0 kB
SwapFree:              0 kB
Dirty:                24 kB
Writeback:             0 kB
AnonPages:        376368 kB
Mapped:           375616 kB
Shmem:               752 kB
Slab:              43668 kB
SReclaimable:      14024 kB
SUnreclaim:        29644 kB
KernelStack:       10976 kB
PageTables:        28220 kB
NFS_Unstable:          0 kB
Bounce:                0 kB
WritebackTmp:          0 kB
CommitLimit:      710780 kB
Committed_AS:   37502988 kB
VmallocTotal:     460800 kB
VmallocUsed:       19776 kB
VmallocChunk:     173084 kB
Time pass: 42 sec

---2015-12-16 17:19:16
MemTotal:        1421560 kB
MemFree:           18516 kB
Buffers:           10656 kB
Cached:           787648 kB
SwapCached:            0 kB
Active:           687148 kB
Inactive:         487108 kB
Active(anon):     377556 kB
Inactive(anon):      664 kB
Active(file):     309592 kB
Inactive(file):   486444 kB
Unevictable:        1516 kB
Mlocked:               0 kB
HighTotal:        885760 kB
HighFree:           4360 kB
LowTotal:         535800 kB
LowFree:           14156 kB
SwapTotal:             0 kB
SwapFree:              0 kB
Dirty:                 8 kB
Writeback:             0 kB
AnonPages:        377528 kB
Mapped:           376112 kB
Shmem:               752 kB
Slab:              43704 kB
SReclaimable:      14000 kB
SUnreclaim:        29704 kB
KernelStack:       11024 kB
PageTables:        28296 kB
NFS_Unstable:          0 kB
Bounce:                0 kB
WritebackTmp:          0 kB
CommitLimit:      710780 kB
Committed_AS:   37504288 kB
VmallocTotal:     460800 kB
VmallocUsed:       19776 kB
VmallocChunk:     173084 kB
Time pass: 45 sec

---2015-12-16 17:19:16
MemTotal:        1421560 kB
MemFree:           24488 kB
Buffers:           10664 kB
Cached:           778100 kB
SwapCached:            0 kB
Active:           690652 kB
Inactive:         475984 kB
Active(anon):     379484 kB
Inactive(anon):      664 kB
Active(file):     311168 kB
Inactive(file):   475320 kB
Unevictable:        1516 kB
Mlocked:               0 kB
HighTotal:        885760 kB
HighFree:           7576 kB
LowTotal:         535800 kB
LowFree:           16912 kB
SwapTotal:             0 kB
SwapFree:              0 kB
Dirty:                36 kB
Writeback:             0 kB
AnonPages:        379520 kB
Mapped:           375720 kB
Shmem:               752 kB
Slab:              43752 kB
SReclaimable:      14016 kB
SUnreclaim:        29736 kB
KernelStack:       11032 kB
PageTables:        28332 kB
NFS_Unstable:          0 kB
Bounce:                0 kB
WritebackTmp:          0 kB
CommitLimit:      710780 kB
Committed_AS:   37541420 kB
VmallocTotal:     460800 kB
VmallocUsed:       19776 kB
VmallocChunk:     173084 kB
Time pass: 49 sec

---2015-12-16 17:19:16
MemTotal:        1421560 kB
MemFree:           29256 kB
Buffers:           10044 kB
Cached:           756808 kB
SwapCached:            0 kB
Active:           706372 kB
Inactive:         451776 kB
Active(anon):     393020 kB
Inactive(anon):      668 kB
Active(file):     313352 kB
Inactive(file):   451108 kB
Unevictable:        1516 kB
Mlocked:               0 kB
HighTotal:        885760 kB
HighFree:          12204 kB
LowTotal:         535800 kB
LowFree:           17052 kB
SwapTotal:             0 kB
SwapFree:              0 kB
Dirty:               296 kB
Writeback:             0 kB
AnonPages:        393020 kB
Mapped:           381424 kB
Shmem:               756 kB
Slab:              43904 kB
SReclaimable:      14040 kB
SUnreclaim:        29864 kB
KernelStack:       11064 kB
PageTables:        28340 kB
NFS_Unstable:          0 kB
Bounce:                0 kB
WritebackTmp:          0 kB
CommitLimit:      710780 kB
Committed_AS:   37550820 kB
VmallocTotal:     460800 kB
VmallocUsed:       19760 kB
VmallocChunk:     173084 kB
Time pass: 53 sec

---2015-12-16 17:19:16
MemTotal:        1421560 kB
MemFree:           18324 kB
Buffers:            9864 kB
Cached:           752168 kB
SwapCached:            0 kB
Active:           710476 kB
Inactive:         446688 kB
Active(anon):     396736 kB
Inactive(anon):      668 kB
Active(file):     313740 kB
Inactive(file):   446020 kB
Unevictable:        1516 kB
Mlocked:               0 kB
HighTotal:        885760 kB
HighFree:           4796 kB
LowTotal:         535800 kB
LowFree:           13528 kB
SwapTotal:             0 kB
SwapFree:              0 kB
Dirty:               216 kB
Writeback:             0 kB
AnonPages:        396812 kB
Mapped:           391736 kB
Shmem:               756 kB
Slab:              43984 kB
SReclaimable:      14176 kB
SUnreclaim:        29808 kB
KernelStack:       11064 kB
PageTables:        28392 kB
NFS_Unstable:          0 kB
Bounce:                0 kB
WritebackTmp:          0 kB
CommitLimit:      710780 kB
Committed_AS:   37522948 kB
VmallocTotal:     460800 kB
VmallocUsed:       19784 kB
VmallocChunk:     173084 kB
Time pass: 59 sec

---2015-12-16 17:19:16
MemTotal:        1421560 kB
MemFree:           23276 kB
Buffers:            9800 kB
Cached:           737460 kB
SwapCached:            0 kB
Active:           718512 kB
Inactive:         429244 kB
Active(anon):     402084 kB
Inactive(anon):      668 kB
Active(file):     316428 kB
Inactive(file):   428576 kB
Unevictable:        1516 kB
Mlocked:               0 kB
HighTotal:        885760 kB
HighFree:           7808 kB
LowTotal:         535800 kB
LowFree:           15468 kB
SwapTotal:             0 kB
SwapFree:              0 kB
Dirty:               248 kB
Writeback:             0 kB
AnonPages:        402124 kB
Mapped:           395284 kB
Shmem:               756 kB
Slab:              43604 kB
SReclaimable:      13904 kB
SUnreclaim:        29700 kB
KernelStack:       11048 kB
PageTables:        28392 kB
NFS_Unstable:          0 kB
Bounce:                0 kB
WritebackTmp:          0 kB
CommitLimit:      710780 kB
Committed_AS:   37530512 kB
VmallocTotal:     460800 kB
VmallocUsed:       19796 kB
VmallocChunk:     173084 kB
Time pass: 66 sec

---2015-12-16 17:19:16
MemTotal:        1421560 kB
MemFree:           22772 kB
Buffers:            9820 kB
Cached:           734892 kB
SwapCached:            0 kB
Active:           720596 kB
Inactive:         426000 kB
Active(anon):     403500 kB
Inactive(anon):      668 kB
Active(file):     317096 kB
Inactive(file):   425332 kB
Unevictable:        1516 kB
Mlocked:               0 kB
HighTotal:        885760 kB
HighFree:           6188 kB
LowTotal:         535800 kB
LowFree:           16584 kB
SwapTotal:             0 kB
SwapFree:              0 kB
Dirty:                 0 kB
Writeback:             0 kB
AnonPages:        403620 kB
Mapped:           395408 kB
Shmem:               756 kB
Slab:              43912 kB
SReclaimable:      14024 kB
SUnreclaim:        29888 kB
KernelStack:       11064 kB
PageTables:        28424 kB
NFS_Unstable:          0 kB
Bounce:                0 kB
WritebackTmp:          0 kB
CommitLimit:      710780 kB
Committed_AS:   37530576 kB
VmallocTotal:     460800 kB
VmallocUsed:       19796 kB
VmallocChunk:     173084 kB
Time pass: 70 sec

---2015-12-16 17:19:16
MemTotal:        1421560 kB
MemFree:           22828 kB
Buffers:            9828 kB
Cached:           734892 kB
SwapCached:            0 kB
Active:           720712 kB
Inactive:         426012 kB
Active(anon):     403616 kB
Inactive(anon):      668 kB
Active(file):     317096 kB
Inactive(file):   425344 kB
Unevictable:        1516 kB
Mlocked:               0 kB
HighTotal:        885760 kB
HighFree:           6188 kB
LowTotal:         535800 kB
LowFree:           16640 kB
SwapTotal:             0 kB
SwapFree:              0 kB
Dirty:                56 kB
Writeback:             0 kB
AnonPages:        403720 kB
Mapped:           395792 kB
Shmem:               756 kB
Slab:              43836 kB
SReclaimable:      14032 kB
SUnreclaim:        29804 kB
KernelStack:       11064 kB
PageTables:        28424 kB
NFS_Unstable:          0 kB
Bounce:                0 kB
WritebackTmp:          0 kB
CommitLimit:      710780 kB
Committed_AS:   37530760 kB
VmallocTotal:     460800 kB
VmallocUsed:       19796 kB
VmallocChunk:     173084 kB
Time pass: 74 sec

---2015-12-16 17:19:16
MemTotal:        1421560 kB
MemFree:           24112 kB
Buffers:            9812 kB
Cached:           722572 kB
SwapCached:            0 kB
Active:           728472 kB
Inactive:         411056 kB
Active(anon):     408748 kB
Inactive(anon):      668 kB
Active(file):     319724 kB
Inactive(file):   410388 kB
Unevictable:        1516 kB
Mlocked:               0 kB
HighTotal:        885760 kB
HighFree:           7508 kB
LowTotal:         535800 kB
LowFree:           16604 kB
SwapTotal:             0 kB
SwapFree:              0 kB
Dirty:                12 kB
Writeback:           148 kB
AnonPages:        408584 kB
Mapped:           399880 kB
Shmem:               756 kB
Slab:              43936 kB
SReclaimable:      13960 kB
SUnreclaim:        29976 kB
KernelStack:       11072 kB
PageTables:        28444 kB
NFS_Unstable:          0 kB
Bounce:                0 kB
WritebackTmp:          0 kB
CommitLimit:      710780 kB
Committed_AS:   37536300 kB
VmallocTotal:     460800 kB
VmallocUsed:       19808 kB
VmallocChunk:     173084 kB
Time pass: 77 sec

---2015-12-16 17:19:16
MemTotal:        1421560 kB
MemFree:           22388 kB
Buffers:            9816 kB
Cached:           721856 kB
SwapCached:            0 kB
Active:           732680 kB
Inactive:         410036 kB
Active(anon):     412648 kB
Inactive(anon):      668 kB
Active(file):     320032 kB
Inactive(file):   409368 kB
Unevictable:        1516 kB
Mlocked:               0 kB
HighTotal:        885760 kB
HighFree:           6624 kB
LowTotal:         535800 kB
LowFree:           15764 kB
SwapTotal:             0 kB
SwapFree:              0 kB
Dirty:               308 kB
Writeback:             0 kB
AnonPages:        412520 kB
Mapped:           402824 kB
Shmem:               756 kB
Slab:              43976 kB
SReclaimable:      14080 kB
SUnreclaim:        29896 kB
KernelStack:       11112 kB
PageTables:        28464 kB
NFS_Unstable:          0 kB
Bounce:                0 kB
WritebackTmp:          0 kB
CommitLimit:      710780 kB
Committed_AS:   37546044 kB
VmallocTotal:     460800 kB
VmallocUsed:       19808 kB
VmallocChunk:     173084 kB
Time pass: 82 sec

---2015-12-16 17:19:16
MemTotal:        1421560 kB
MemFree:           21144 kB
Buffers:            9832 kB
Cached:           721896 kB
SwapCached:            0 kB
Active:           734148 kB
Inactive:         410092 kB
Active(anon):     414116 kB
Inactive(anon):      668 kB
Active(file):     320032 kB
Inactive(file):   409424 kB
Unevictable:        1516 kB
Mlocked:               0 kB
HighTotal:        885760 kB
HighFree:           5492 kB
LowTotal:         535800 kB
LowFree:           15652 kB
SwapTotal:             0 kB
SwapFree:              0 kB
Dirty:                 4 kB
Writeback:             0 kB
AnonPages:        414168 kB
Mapped:           403024 kB
Shmem:               756 kB
Slab:              44188 kB
SReclaimable:      14088 kB
SUnreclaim:        30100 kB
KernelStack:       11088 kB
PageTables:        28468 kB
NFS_Unstable:          0 kB
Bounce:                0 kB
WritebackTmp:          0 kB
CommitLimit:      710780 kB
Committed_AS:   37547612 kB
VmallocTotal:     460800 kB
VmallocUsed:       19808 kB
VmallocChunk:     173084 kB
Time pass: 86 sec

---2015-12-16 17:19:16
MemTotal:        1421560 kB
MemFree:           24516 kB
Buffers:            9800 kB
Cached:           692884 kB
SwapCached:            0 kB
Active:           739252 kB
Inactive:         381760 kB
Active(anon):     419936 kB
Inactive(anon):      824 kB
Active(file):     319316 kB
Inactive(file):   380936 kB
Unevictable:        1516 kB
Mlocked:               0 kB
HighTotal:        885760 kB
HighFree:           5592 kB
LowTotal:         535800 kB
LowFree:           18924 kB
SwapTotal:             0 kB
SwapFree:              0 kB
Dirty:                56 kB
Writeback:             0 kB
AnonPages:        419888 kB
Mapped:           400916 kB
Shmem:               916 kB
Slab:              44564 kB
SReclaimable:      14152 kB
SUnreclaim:        30412 kB
KernelStack:       11256 kB
PageTables:        28612 kB
NFS_Unstable:          0 kB
Bounce:                0 kB
WritebackTmp:          0 kB
CommitLimit:      710780 kB
Committed_AS:   37566356 kB
VmallocTotal:     460800 kB
VmallocUsed:       22736 kB
VmallocChunk:     173084 kB
Time pass: 90 sec

---2015-12-16 17:19:16
MemTotal:        1421560 kB
MemFree:           32104 kB
Buffers:            9628 kB
Cached:           673848 kB
SwapCached:            0 kB
Active:           743736 kB
Inactive:         361788 kB
Active(anon):     423656 kB
Inactive(anon):      856 kB
Active(file):     320080 kB
Inactive(file):   360932 kB
Unevictable:        1516 kB
Mlocked:               0 kB
HighTotal:        885760 kB
HighFree:          15084 kB
LowTotal:         535800 kB
LowFree:           17020 kB
SwapTotal:             0 kB
SwapFree:              0 kB
Dirty:                56 kB
Writeback:             0 kB
AnonPages:        423612 kB
Mapped:           400448 kB
Shmem:               948 kB
Slab:              44060 kB
SReclaimable:      14000 kB
SUnreclaim:        30060 kB
KernelStack:       11256 kB
PageTables:        28668 kB
NFS_Unstable:          0 kB
Bounce:                0 kB
WritebackTmp:          0 kB
CommitLimit:      710780 kB
Committed_AS:   37569196 kB
VmallocTotal:     460800 kB
VmallocUsed:       22736 kB
VmallocChunk:     173084 kB
Time pass: 94 sec

---2015-12-16 17:19:16
MemTotal:        1421560 kB
MemFree:           29064 kB
Buffers:            9644 kB
Cached:           673932 kB
SwapCached:            0 kB
Active:           746044 kB
Inactive:         361876 kB
Active(anon):     425952 kB
Inactive(anon):      912 kB
Active(file):     320092 kB
Inactive(file):   360964 kB
Unevictable:        1516 kB
Mlocked:               0 kB
HighTotal:        885760 kB
HighFree:          12164 kB
LowTotal:         535800 kB
LowFree:           16900 kB
SwapTotal:             0 kB
SwapFree:              0 kB
Dirty:                36 kB
Writeback:             0 kB
AnonPages:        425764 kB
Mapped:           400508 kB
Shmem:              1004 kB
Slab:              44248 kB
SReclaimable:      14048 kB
SUnreclaim:        30200 kB
KernelStack:       11248 kB
PageTables:        28672 kB
NFS_Unstable:          0 kB
Bounce:                0 kB
WritebackTmp:          0 kB
CommitLimit:      710780 kB
Committed_AS:   37570744 kB
VmallocTotal:     460800 kB
VmallocUsed:       22736 kB
VmallocChunk:     173084 kB
Time pass: 97 sec

---2015-12-16 17:19:16
MemTotal:        1421560 kB
MemFree:           27156 kB
Buffers:            9652 kB
Cached:           673932 kB
SwapCached:            0 kB
Active:           747452 kB
Inactive:         361884 kB
Active(anon):     427360 kB
Inactive(anon):      912 kB
Active(file):     320092 kB
Inactive(file):   360972 kB
Unevictable:        1516 kB
Mlocked:               0 kB
HighTotal:        885760 kB
HighFree:          10568 kB
LowTotal:         535800 kB
LowFree:           16588 kB
SwapTotal:             0 kB
SwapFree:              0 kB
Dirty:                28 kB
Writeback:             0 kB
AnonPages:        427384 kB
Mapped:           400464 kB
Shmem:              1004 kB
Slab:              44372 kB
SReclaimable:      14120 kB
SUnreclaim:        30252 kB
KernelStack:       11264 kB
PageTables:        28684 kB
NFS_Unstable:          0 kB
Bounce:                0 kB
WritebackTmp:          0 kB
CommitLimit:      710780 kB
Committed_AS:   37572052 kB
VmallocTotal:     460800 kB
VmallocUsed:       22736 kB
VmallocChunk:     173084 kB
Time pass: 101 sec

---2015-12-16 17:19:16
MemTotal:        1421560 kB
MemFree:           24284 kB
Buffers:            9668 kB
Cached:           673956 kB
SwapCached:            0 kB
Active:           748340 kB
Inactive:         361924 kB
Active(anon):     428248 kB
Inactive(anon):      936 kB
Active(file):     320092 kB
Inactive(file):   360988 kB
Unevictable:        1516 kB
Mlocked:               0 kB
HighTotal:        885760 kB
HighFree:           7344 kB
LowTotal:         535800 kB
LowFree:           16940 kB
SwapTotal:             0 kB
SwapFree:              0 kB
Dirty:                36 kB
Writeback:             0 kB
AnonPages:        428260 kB
Mapped:           400492 kB
Shmem:              1028 kB
Slab:              44412 kB
SReclaimable:      14120 kB
SUnreclaim:        30292 kB
KernelStack:       11240 kB
PageTables:        28620 kB
NFS_Unstable:          0 kB
Bounce:                0 kB
WritebackTmp:          0 kB
CommitLimit:      710780 kB
Committed_AS:   37572408 kB
VmallocTotal:     460800 kB
VmallocUsed:       22736 kB
VmallocChunk:     173084 kB
Time pass: 106 sec

---2015-12-16 17:19:16
MemTotal:        1421560 kB
MemFree:          175436 kB
Buffers:            9724 kB
Cached:           674344 kB
SwapCached:            0 kB
Active:           665692 kB
Inactive:         359728 kB
Active(anon):     342956 kB
Inactive(anon):      532 kB
Active(file):     322736 kB
Inactive(file):   359196 kB
Unevictable:        1516 kB
Mlocked:               0 kB
HighTotal:        885760 kB
HighFree:         105996 kB
LowTotal:         535800 kB
LowFree:           69440 kB
SwapTotal:             0 kB
SwapFree:              0 kB
Dirty:                60 kB
Writeback:             0 kB
AnonPages:        342948 kB
Mapped:           314104 kB
Shmem:               620 kB
Slab:              44012 kB
SReclaimable:      14024 kB
SUnreclaim:        29988 kB
KernelStack:       10248 kB
PageTables:        26816 kB
NFS_Unstable:          0 kB
Bounce:                0 kB
WritebackTmp:          0 kB
CommitLimit:      710780 kB
Committed_AS:   36107600 kB
VmallocTotal:     460800 kB
VmallocUsed:       20400 kB
VmallocChunk:     173084 kB
Time pass: 111 sec

---2015-12-16 17:19:16
MemTotal:        1421560 kB
MemFree:          177320 kB
Buffers:            9732 kB
Cached:           674440 kB
SwapCached:            0 kB
Active:           663940 kB
Inactive:         359820 kB
Active(anon):     341200 kB
Inactive(anon):      532 kB
Active(file):     322740 kB
Inactive(file):   359288 kB
Unevictable:        1516 kB
Mlocked:               0 kB
HighTotal:        885760 kB
HighFree:         107348 kB
LowTotal:         535800 kB
LowFree:           69972 kB
SwapTotal:             0 kB
SwapFree:              0 kB
Dirty:               148 kB
Writeback:             0 kB
AnonPages:        341180 kB
Mapped:           314020 kB
Shmem:               620 kB
Slab:              44016 kB
SReclaimable:      14024 kB
SUnreclaim:        29992 kB
KernelStack:       10232 kB
PageTables:        26804 kB
NFS_Unstable:          0 kB
Bounce:                0 kB
WritebackTmp:          0 kB
CommitLimit:      710780 kB
Committed_AS:   36106484 kB
VmallocTotal:     460800 kB
VmallocUsed:       20400 kB
VmallocChunk:     173084 kB
Time pass: 115 sec

---2015-12-16 17:19:16
MemTotal:        1421560 kB
MemFree:          182232 kB
Buffers:            9732 kB
Cached:           674440 kB
SwapCached:            0 kB
Active:           659616 kB
Inactive:         359828 kB
Active(anon):     336876 kB
Inactive(anon):      532 kB
Active(file):     322740 kB
Inactive(file):   359296 kB
Unevictable:        1516 kB
Mlocked:               0 kB
HighTotal:        885760 kB
HighFree:         111120 kB
LowTotal:         535800 kB
LowFree:           71112 kB
SwapTotal:             0 kB
SwapFree:              0 kB
Dirty:                 0 kB
Writeback:             0 kB
AnonPages:        336964 kB
Mapped:           314028 kB
Shmem:               620 kB
Slab:              44068 kB
SReclaimable:      14024 kB
SUnreclaim:        30044 kB
KernelStack:       10232 kB
PageTables:        26796 kB
NFS_Unstable:          0 kB
Bounce:                0 kB
WritebackTmp:          0 kB
CommitLimit:      710780 kB
Committed_AS:   36068864 kB
VmallocTotal:     460800 kB
VmallocUsed:       20400 kB
VmallocChunk:     173084 kB
Time pass: 118 sec

---2015-12-16 17:19:16
MemTotal:        1421560 kB
MemFree:          182088 kB
Buffers:            9740 kB
Cached:           674440 kB
SwapCached:            0 kB
Active:           659820 kB
Inactive:         359828 kB
Active(anon):     337080 kB
Inactive(anon):      532 kB
Active(file):     322740 kB
Inactive(file):   359296 kB
Unevictable:        1516 kB
Mlocked:               0 kB
HighTotal:        885760 kB
HighFree:         110852 kB
LowTotal:         535800 kB
LowFree:           71236 kB
SwapTotal:             0 kB
SwapFree:              0 kB
Dirty:                36 kB
Writeback:             0 kB
AnonPages:        337048 kB
Mapped:           314032 kB
Shmem:               620 kB
Slab:              44032 kB
SReclaimable:      14024 kB
SUnreclaim:        30008 kB
KernelStack:       10248 kB
PageTables:        26824 kB
NFS_Unstable:          0 kB
Bounce:                0 kB
WritebackTmp:          0 kB
CommitLimit:      710780 kB
Committed_AS:   36068992 kB
VmallocTotal:     460800 kB
VmallocUsed:       20400 kB
VmallocChunk:     173084 kB
Time pass: 122 sec

---2015-12-16 17:19:16
MemTotal:        1421560 kB
MemFree:          182168 kB
Buffers:            9740 kB
Cached:           674908 kB
SwapCached:            0 kB
Active:           659184 kB
Inactive:         360304 kB
Active(anon):     336444 kB
Inactive(anon):      532 kB
Active(file):     322740 kB
Inactive(file):   359772 kB
Unevictable:        1516 kB
Mlocked:               0 kB
HighTotal:        885760 kB
HighFree:         110744 kB
LowTotal:         535800 kB
LowFree:           71424 kB
SwapTotal:             0 kB
SwapFree:              0 kB
Dirty:                 0 kB
Writeback:             0 kB
AnonPages:        336528 kB
Mapped:           313920 kB
Shmem:               620 kB
Slab:              43988 kB
SReclaimable:      14024 kB
SUnreclaim:        29964 kB
KernelStack:       10232 kB
PageTables:        26796 kB
NFS_Unstable:          0 kB
Bounce:                0 kB
WritebackTmp:          0 kB
CommitLimit:      710780 kB
Committed_AS:   36069012 kB
VmallocTotal:     460800 kB
VmallocUsed:       17992 kB
VmallocChunk:     173084 kB
Time pass: 125 sec

---2015-12-16 17:19:16
MemTotal:        1421560 kB
MemFree:          182344 kB
Buffers:            9740 kB
Cached:           674908 kB
SwapCached:            0 kB
Active:           659620 kB
Inactive:         360304 kB
Active(anon):     336880 kB
Inactive(anon):      532 kB
Active(file):     322740 kB
Inactive(file):   359772 kB
Unevictable:        1516 kB
Mlocked:               0 kB
HighTotal:        885760 kB
HighFree:         111116 kB
LowTotal:         535800 kB
LowFree:           71228 kB
SwapTotal:             0 kB
SwapFree:              0 kB
Dirty:                 0 kB
Writeback:             0 kB
AnonPages:        336868 kB
Mapped:           314068 kB
Shmem:               620 kB
Slab:              44060 kB
SReclaimable:      14024 kB
SUnreclaim:        30036 kB
KernelStack:       10232 kB
PageTables:        26796 kB
NFS_Unstable:          0 kB
Bounce:                0 kB
WritebackTmp:          0 kB
CommitLimit:      710780 kB
Committed_AS:   36069792 kB
VmallocTotal:     460800 kB
VmallocUsed:       17992 kB
VmallocChunk:     173084 kB
Time pass: 129 sec

---2015-12-16 17:19:16
MemTotal:        1421560 kB
MemFree:          181788 kB
Buffers:            9740 kB
Cached:           674908 kB
SwapCached:            0 kB
Active:           659444 kB
Inactive:         360304 kB
Active(anon):     336704 kB
Inactive(anon):      532 kB
Active(file):     322740 kB
Inactive(file):   359772 kB
Unevictable:        1516 kB
Mlocked:               0 kB
HighTotal:        885760 kB
HighFree:         110560 kB
LowTotal:         535800 kB
LowFree:           71228 kB
SwapTotal:             0 kB
SwapFree:              0 kB
Dirty:                 0 kB
Writeback:             0 kB
AnonPages:        336724 kB
Mapped:           313920 kB
Shmem:               620 kB
Slab:              44048 kB
SReclaimable:      14096 kB
SUnreclaim:        29952 kB
KernelStack:       10232 kB
PageTables:        26796 kB
NFS_Unstable:          0 kB
Bounce:                0 kB
WritebackTmp:          0 kB
CommitLimit:      710780 kB
Committed_AS:   36069376 kB
VmallocTotal:     460800 kB
VmallocUsed:       17992 kB
VmallocChunk:     173084 kB
Time pass: 132 sec

---2015-12-16 17:19:16
MemTotal:        1421560 kB
MemFree:          182100 kB
Buffers:            9740 kB
Cached:           674908 kB
SwapCached:            0 kB
Active:           659492 kB
Inactive:         360304 kB
Active(anon):     336752 kB
Inactive(anon):      532 kB
Active(file):     322740 kB
Inactive(file):   359772 kB
Unevictable:        1516 kB
Mlocked:               0 kB
HighTotal:        885760 kB
HighFree:         110716 kB
LowTotal:         535800 kB
LowFree:           71384 kB
SwapTotal:             0 kB
SwapFree:              0 kB
Dirty:                 0 kB
Writeback:             0 kB
AnonPages:        336796 kB
Mapped:           313920 kB
Shmem:               620 kB
Slab:              44028 kB
SReclaimable:      14096 kB
SUnreclaim:        29932 kB
KernelStack:       10232 kB
PageTables:        26800 kB
NFS_Unstable:          0 kB
Bounce:                0 kB
WritebackTmp:          0 kB
CommitLimit:      710780 kB
Committed_AS:   36069388 kB
VmallocTotal:     460800 kB
VmallocUsed:       17992 kB
VmallocChunk:     173084 kB
Time pass: 136 sec

---2015-12-16 17:19:16
MemTotal:        1421560 kB
MemFree:          181892 kB
Buffers:            9740 kB
Cached:           674908 kB
SwapCached:            0 kB
Active:           659560 kB
Inactive:         360304 kB
Active(anon):     336820 kB
Inactive(anon):      532 kB
Active(file):     322740 kB
Inactive(file):   359772 kB
Unevictable:        1516 kB
Mlocked:               0 kB
HighTotal:        885760 kB
HighFree:         110728 kB
LowTotal:         535800 kB
LowFree:           71164 kB
SwapTotal:             0 kB
SwapFree:              0 kB
Dirty:                 0 kB
Writeback:             0 kB
AnonPages:        336924 kB
Mapped:           313920 kB
Shmem:               620 kB
Slab:              44164 kB
SReclaimable:      14096 kB
SUnreclaim:        30068 kB
KernelStack:       10232 kB
PageTables:        26796 kB
NFS_Unstable:          0 kB
Bounce:                0 kB
WritebackTmp:          0 kB
CommitLimit:      710780 kB
Committed_AS:   36069624 kB
VmallocTotal:     460800 kB
VmallocUsed:       17992 kB
VmallocChunk:     173084 kB
Time pass: 139 sec

---2015-12-16 17:19:16
MemTotal:        1421560 kB
MemFree:          181704 kB
Buffers:            9740 kB
Cached:           674908 kB
SwapCached:            0 kB
Active:           659704 kB
Inactive:         360304 kB
Active(anon):     336964 kB
Inactive(anon):      532 kB
Active(file):     322740 kB
Inactive(file):   359772 kB
Unevictable:        1516 kB
Mlocked:               0 kB
HighTotal:        885760 kB
HighFree:         110392 kB
LowTotal:         535800 kB
LowFree:           71312 kB
SwapTotal:             0 kB
SwapFree:              0 kB
Dirty:                 0 kB
Writeback:             0 kB
AnonPages:        337040 kB
Mapped:           313920 kB
Shmem:               620 kB
Slab:              44084 kB
SReclaimable:      14096 kB
SUnreclaim:        29988 kB
KernelStack:       10240 kB
PageTables:        26796 kB
NFS_Unstable:          0 kB
Bounce:                0 kB
WritebackTmp:          0 kB
CommitLimit:      710780 kB
Committed_AS:   36069744 kB
VmallocTotal:     460800 kB
VmallocUsed:       17992 kB
VmallocChunk:     173084 kB
Time pass: 143 sec

---2015-12-16 17:19:16
MemTotal:        1421560 kB
MemFree:          181640 kB
Buffers:            9740 kB
Cached:           674908 kB
SwapCached:            0 kB
Active:           659776 kB
Inactive:         360304 kB
Active(anon):     337036 kB
Inactive(anon):      532 kB
Active(file):     322740 kB
Inactive(file):   359772 kB
Unevictable:        1516 kB
Mlocked:               0 kB
HighTotal:        885760 kB
HighFree:         110312 kB
LowTotal:         535800 kB
LowFree:           71328 kB
SwapTotal:             0 kB
SwapFree:              0 kB
Dirty:                 0 kB
Writeback:             0 kB
AnonPages:        337180 kB
Mapped:           314072 kB
Shmem:               620 kB
Slab:              44068 kB
SReclaimable:      14096 kB
SUnreclaim:        29972 kB
KernelStack:       10240 kB
PageTables:        26804 kB
NFS_Unstable:          0 kB
Bounce:                0 kB
WritebackTmp:          0 kB
CommitLimit:      710780 kB
Committed_AS:   36069748 kB
VmallocTotal:     460800 kB
VmallocUsed:       17992 kB
VmallocChunk:     173084 kB
Time pass: 146 sec

---2015-12-16 17:19:16
MemTotal:        1421560 kB
MemFree:          181520 kB
Buffers:            9740 kB
Cached:           674908 kB
SwapCached:            0 kB
Active:           659964 kB
Inactive:         360304 kB
Active(anon):     337224 kB
Inactive(anon):      532 kB
Active(file):     322740 kB
Inactive(file):   359772 kB
Unevictable:        1516 kB
Mlocked:               0 kB
HighTotal:        885760 kB
HighFree:         110224 kB
LowTotal:         535800 kB
LowFree:           71296 kB
SwapTotal:             0 kB
SwapFree:              0 kB
Dirty:                 0 kB
Writeback:             0 kB
AnonPages:        337260 kB
Mapped:           313920 kB
Shmem:               620 kB
Slab:              44120 kB
SReclaimable:      14096 kB
SUnreclaim:        30024 kB
KernelStack:       10224 kB
PageTables:        26796 kB
NFS_Unstable:          0 kB
Bounce:                0 kB
WritebackTmp:          0 kB
CommitLimit:      710780 kB
Committed_AS:   36070016 kB
VmallocTotal:     460800 kB
VmallocUsed:       17992 kB
VmallocChunk:     173084 kB
Time pass: 150 sec

---2015-12-16 17:19:16
MemTotal:        1421560 kB
MemFree:          147428 kB
Buffers:            9796 kB
Cached:           676648 kB
SwapCached:            0 kB
Active:           680676 kB
Inactive:         360988 kB
Active(anon):     356824 kB
Inactive(anon):      664 kB
Active(file):     323852 kB
Inactive(file):   360324 kB
Unevictable:        1516 kB
Mlocked:               0 kB
HighTotal:        885760 kB
HighFree:          76784 kB
LowTotal:         535800 kB
LowFree:           70644 kB
SwapTotal:             0 kB
SwapFree:              0 kB
Dirty:               852 kB
Writeback:             0 kB
AnonPages:        356864 kB
Mapped:           339764 kB
Shmem:               752 kB
Slab:              44040 kB
SReclaimable:      14096 kB
SUnreclaim:        29944 kB
KernelStack:       10704 kB
PageTables:        27580 kB
NFS_Unstable:          0 kB
Bounce:                0 kB
WritebackTmp:          0 kB
CommitLimit:      710780 kB
Committed_AS:   36915016 kB
VmallocTotal:     460800 kB
VmallocUsed:       18140 kB
VmallocChunk:     173084 kB
Time pass: 153 sec

---2015-12-16 17:19:16
MemTotal:        1421560 kB
MemFree:          120596 kB
Buffers:            9820 kB
Cached:           676876 kB
SwapCached:            0 kB
Active:           694860 kB
Inactive:         361160 kB
Active(anon):     370932 kB
Inactive(anon):      668 kB
Active(file):     323928 kB
Inactive(file):   360492 kB
Unevictable:        1516 kB
Mlocked:               0 kB
HighTotal:        885760 kB
HighFree:          53644 kB
LowTotal:         535800 kB
LowFree:           66952 kB
SwapTotal:             0 kB
SwapFree:              0 kB
Dirty:               104 kB
Writeback:             0 kB
AnonPages:        370804 kB
Mapped:           346784 kB
Shmem:               756 kB
Slab:              44156 kB
SReclaimable:      14104 kB
SUnreclaim:        30052 kB
KernelStack:       10808 kB
PageTables:        27660 kB
NFS_Unstable:          0 kB
Bounce:                0 kB
WritebackTmp:          0 kB
CommitLimit:      710780 kB
Committed_AS:   36898016 kB
VmallocTotal:     460800 kB
VmallocUsed:       18176 kB
VmallocChunk:     173084 kB
Time pass: 157 sec

---2015-12-16 17:19:16
MemTotal:        1421560 kB
MemFree:          101568 kB
Buffers:            9828 kB
Cached:           677320 kB
SwapCached:            0 kB
Active:           697172 kB
Inactive:         361348 kB
Active(anon):     372988 kB
Inactive(anon):      668 kB
Active(file):     324184 kB
Inactive(file):   360680 kB
Unevictable:        1516 kB
Mlocked:               0 kB
HighTotal:        885760 kB
HighFree:          34900 kB
LowTotal:         535800 kB
LowFree:           66668 kB
SwapTotal:             0 kB
SwapFree:              0 kB
Dirty:               756 kB
Writeback:             0 kB
AnonPages:        373008 kB
Mapped:           359700 kB
Shmem:               756 kB
Slab:              44164 kB
SReclaimable:      14168 kB
SUnreclaim:        29996 kB
KernelStack:       10776 kB
PageTables:        27696 kB
NFS_Unstable:          0 kB
Bounce:                0 kB
WritebackTmp:          0 kB
CommitLimit:      710780 kB
Committed_AS:   36834736 kB
VmallocTotal:     460800 kB
VmallocUsed:       18216 kB
VmallocChunk:     173084 kB
Time pass: 161 sec

---2015-12-16 17:19:16
MemTotal:        1421560 kB
MemFree:           78424 kB
Buffers:            9836 kB
Cached:           684216 kB
SwapCached:            0 kB
Active:           714504 kB
Inactive:         354500 kB
Active(anon):     376568 kB
Inactive(anon):      668 kB
Active(file):     337936 kB
Inactive(file):   353832 kB
Unevictable:        1516 kB
Mlocked:               0 kB
HighTotal:        885760 kB
HighFree:          11872 kB
LowTotal:         535800 kB
LowFree:           66552 kB
SwapTotal:             0 kB
SwapFree:              0 kB
Dirty:              7192 kB
Writeback:             0 kB
AnonPages:        376392 kB
Mapped:           372128 kB
Shmem:               756 kB
Slab:              44128 kB
SReclaimable:      14216 kB
SUnreclaim:        29912 kB
KernelStack:       10776 kB
PageTables:        27724 kB
NFS_Unstable:          0 kB
Bounce:                0 kB
WritebackTmp:          0 kB
CommitLimit:      710780 kB
Committed_AS:   36838480 kB
VmallocTotal:     460800 kB
VmallocUsed:       18228 kB
VmallocChunk:     173084 kB
Time pass: 164 sec

---2015-12-16 17:19:16
MemTotal:        1421560 kB
MemFree:           70448 kB
Buffers:            9844 kB
Cached:           684424 kB
SwapCached:            0 kB
Active:           715460 kB
Inactive:         354396 kB
Active(anon):     377192 kB
Inactive(anon):      668 kB
Active(file):     338268 kB
Inactive(file):   353728 kB
Unevictable:        1516 kB
Mlocked:               0 kB
HighTotal:        885760 kB
HighFree:           6232 kB
LowTotal:         535800 kB
LowFree:           64216 kB
SwapTotal:             0 kB
SwapFree:              0 kB
Dirty:               324 kB
Writeback:             0 kB
AnonPages:        377204 kB
Mapped:           378728 kB
Shmem:               756 kB
Slab:              44236 kB
SReclaimable:      14216 kB
SUnreclaim:        30020 kB
KernelStack:       10784 kB
PageTables:        27748 kB
NFS_Unstable:          0 kB
Bounce:                0 kB
WritebackTmp:          0 kB
CommitLimit:      710780 kB
Committed_AS:   36839692 kB
VmallocTotal:     460800 kB
VmallocUsed:       18252 kB
VmallocChunk:     173084 kB
Time pass: 168 sec

---2015-12-16 17:19:16
MemTotal:        1421560 kB
MemFree:           70348 kB
Buffers:            9852 kB
Cached:           684424 kB
SwapCached:            0 kB
Active:           715508 kB
Inactive:         354404 kB
Active(anon):     377240 kB
Inactive(anon):      668 kB
Active(file):     338268 kB
Inactive(file):   353736 kB
Unevictable:        1516 kB
Mlocked:               0 kB
HighTotal:        885760 kB
HighFree:           6256 kB
LowTotal:         535800 kB
LowFree:           64092 kB
SwapTotal:             0 kB
SwapFree:              0 kB
Dirty:                 0 kB
Writeback:            24 kB
AnonPages:        377180 kB
Mapped:           378608 kB
Shmem:               756 kB
Slab:              44224 kB
SReclaimable:      14216 kB
SUnreclaim:        30008 kB
KernelStack:       10784 kB
PageTables:        27748 kB
NFS_Unstable:          0 kB
Bounce:                0 kB
WritebackTmp:          0 kB
CommitLimit:      710780 kB
Committed_AS:   36839868 kB
VmallocTotal:     460800 kB
VmallocUsed:       18252 kB
VmallocChunk:     173084 kB
Time pass: 171 sec

---2015-12-16 17:19:16
MemTotal:        1421560 kB
MemFree:           57448 kB
Buffers:            9852 kB
Cached:           684436 kB
SwapCached:            0 kB
Active:           721848 kB
Inactive:         354408 kB
Active(anon):     383572 kB
Inactive(anon):      668 kB
Active(file):     338276 kB
Inactive(file):   353740 kB
Unevictable:        1516 kB
Mlocked:               0 kB
HighTotal:        885760 kB
HighFree:           4596 kB
LowTotal:         535800 kB
LowFree:           52852 kB
SwapTotal:             0 kB
SwapFree:              0 kB
Dirty:               512 kB
Writeback:             0 kB
AnonPages:        383572 kB
Mapped:           384928 kB
Shmem:               756 kB
Slab:              44248 kB
SReclaimable:      14220 kB
SUnreclaim:        30028 kB
KernelStack:       10784 kB
PageTables:        27772 kB
NFS_Unstable:          0 kB
Bounce:                0 kB
WritebackTmp:          0 kB
CommitLimit:      710780 kB
Committed_AS:   36846348 kB
VmallocTotal:     460800 kB
VmallocUsed:       18264 kB
VmallocChunk:     173084 kB
Time pass: 175 sec

---2015-12-16 17:19:16
MemTotal:        1421560 kB
MemFree:           57460 kB
Buffers:            9860 kB
Cached:           684436 kB
SwapCached:            0 kB
Active:           721016 kB
Inactive:         354416 kB
Active(anon):     382740 kB
Inactive(anon):      668 kB
Active(file):     338276 kB
Inactive(file):   353748 kB
Unevictable:        1516 kB
Mlocked:               0 kB
HighTotal:        885760 kB
HighFree:           5332 kB
LowTotal:         535800 kB
LowFree:           52128 kB
SwapTotal:             0 kB
SwapFree:              0 kB
Dirty:                56 kB
Writeback:            24 kB
AnonPages:        382828 kB
Mapped:           384844 kB
Shmem:               756 kB
Slab:              44400 kB
SReclaimable:      14220 kB
SUnreclaim:        30180 kB
KernelStack:       10776 kB
PageTables:        27772 kB
NFS_Unstable:          0 kB
Bounce:                0 kB
WritebackTmp:          0 kB
CommitLimit:      710780 kB
Committed_AS:   36844980 kB
VmallocTotal:     460800 kB
VmallocUsed:       18264 kB
VmallocChunk:     173084 kB
Time pass: 178 sec

---2015-12-16 17:19:16
MemTotal:        1421560 kB
MemFree:           57616 kB
Buffers:            9860 kB
Cached:           684436 kB
SwapCached:            0 kB
Active:           721116 kB
Inactive:         354416 kB
Active(anon):     382840 kB
Inactive(anon):      668 kB
Active(file):     338276 kB
Inactive(file):   353748 kB
Unevictable:        1516 kB
Mlocked:               0 kB
HighTotal:        885760 kB
HighFree:           5456 kB
LowTotal:         535800 kB
LowFree:           52160 kB
SwapTotal:             0 kB
SwapFree:              0 kB
Dirty:                56 kB
Writeback:             0 kB
AnonPages:        382808 kB
Mapped:           384732 kB
Shmem:               756 kB
Slab:              44384 kB
SReclaimable:      14220 kB
SUnreclaim:        30164 kB
KernelStack:       10776 kB
PageTables:        27772 kB
NFS_Unstable:          0 kB
Bounce:                0 kB
WritebackTmp:          0 kB
CommitLimit:      710780 kB
Committed_AS:   36845148 kB
VmallocTotal:     460800 kB
VmallocUsed:       18264 kB
VmallocChunk:     173084 kB
Time pass: 182 sec

---2015-12-16 17:19:16
MemTotal:        1421560 kB
MemFree:           59044 kB
Buffers:            9868 kB
Cached:           684440 kB
SwapCached:            0 kB
Active:           723376 kB
Inactive:         353624 kB
Active(anon):     384296 kB
Inactive(anon):      668 kB
Active(file):     339080 kB
Inactive(file):   352956 kB
Unevictable:        1516 kB
Mlocked:               0 kB
HighTotal:        885760 kB
HighFree:           8148 kB
LowTotal:         535800 kB
LowFree:           50896 kB
SwapTotal:             0 kB
SwapFree:              0 kB
Dirty:                44 kB
Writeback:             0 kB
AnonPages:        384236 kB
Mapped:           387656 kB
Shmem:               756 kB
Slab:              44300 kB
SReclaimable:      14228 kB
SUnreclaim:        30072 kB
KernelStack:       10848 kB
PageTables:        27800 kB
NFS_Unstable:          0 kB
Bounce:                0 kB
WritebackTmp:          0 kB
CommitLimit:      710780 kB
Committed_AS:   36888668 kB
VmallocTotal:     460800 kB
VmallocUsed:       20672 kB
VmallocChunk:     173084 kB
Time pass: 186 sec

---2015-12-16 17:19:16
MemTotal:        1421560 kB
MemFree:           54840 kB
Buffers:            9884 kB
Cached:           684636 kB
SwapCached:            0 kB
Active:           725328 kB
Inactive:         353616 kB
Active(anon):     386032 kB
Inactive(anon):      848 kB
Active(file):     339296 kB
Inactive(file):   352768 kB
Unevictable:        1516 kB
Mlocked:               0 kB
HighTotal:        885760 kB
HighFree:           5100 kB
LowTotal:         535800 kB
LowFree:           49740 kB
SwapTotal:             0 kB
SwapFree:              0 kB
Dirty:                44 kB
Writeback:             0 kB
AnonPages:        386096 kB
Mapped:           388300 kB
Shmem:               940 kB
Slab:              44324 kB
SReclaimable:      14228 kB
SUnreclaim:        30096 kB
KernelStack:       10968 kB
PageTables:        27928 kB
NFS_Unstable:          0 kB
Bounce:                0 kB
WritebackTmp:          0 kB
CommitLimit:      710780 kB
Committed_AS:   36867800 kB
VmallocTotal:     460800 kB
VmallocUsed:       20672 kB
VmallocChunk:     173084 kB
Time pass: 191 sec

---2015-12-16 17:19:16
MemTotal:        1421560 kB
MemFree:           54004 kB
Buffers:            9892 kB
Cached:           684644 kB
SwapCached:            0 kB
Active:           725460 kB
Inactive:         353632 kB
Active(anon):     386164 kB
Inactive(anon):      864 kB
Active(file):     339296 kB
Inactive(file):   352768 kB
Unevictable:        1516 kB
Mlocked:               0 kB
HighTotal:        885760 kB
HighFree:           4576 kB
LowTotal:         535800 kB
LowFree:           49428 kB
SwapTotal:             0 kB
SwapFree:              0 kB
Dirty:                32 kB
Writeback:             0 kB
AnonPages:        386264 kB
Mapped:           388316 kB
Shmem:               956 kB
Slab:              44384 kB
SReclaimable:      14228 kB
SUnreclaim:        30156 kB
KernelStack:       10968 kB
PageTables:        27932 kB
NFS_Unstable:          0 kB
Bounce:                0 kB
WritebackTmp:          0 kB
CommitLimit:      710780 kB
Committed_AS:   36867896 kB
VmallocTotal:     460800 kB
VmallocUsed:       20672 kB
VmallocChunk:     173084 kB
Time pass: 194 sec

---2015-12-16 17:19:16
MemTotal:        1421560 kB
MemFree:           54444 kB
Buffers:            9892 kB
Cached:           684652 kB
SwapCached:            0 kB
Active:           725588 kB
Inactive:         353640 kB
Active(anon):     386292 kB
Inactive(anon):      864 kB
Active(file):     339296 kB
Inactive(file):   352776 kB
Unevictable:        1516 kB
Mlocked:               0 kB
HighTotal:        885760 kB
HighFree:           4892 kB
LowTotal:         535800 kB
LowFree:           49552 kB
SwapTotal:             0 kB
SwapFree:              0 kB
Dirty:                32 kB
Writeback:             0 kB
AnonPages:        386208 kB
Mapped:           388316 kB
Shmem:               956 kB
Slab:              44384 kB
SReclaimable:      14228 kB
SUnreclaim:        30156 kB
KernelStack:       10968 kB
PageTables:        27932 kB
NFS_Unstable:          0 kB
Bounce:                0 kB
WritebackTmp:          0 kB
CommitLimit:      710780 kB
Committed_AS:   36867932 kB
VmallocTotal:     460800 kB
VmallocUsed:       20672 kB
VmallocChunk:     173084 kB
Time pass: 198 sec

---2015-12-16 17:19:16
MemTotal:        1421560 kB
MemFree:           43204 kB
Buffers:            9908 kB
Cached:           684604 kB
SwapCached:            0 kB
Active:           736572 kB
Inactive:         353456 kB
Active(anon):     397168 kB
Inactive(anon):      768 kB
Active(file):     339404 kB
Inactive(file):   352688 kB
Unevictable:        1516 kB
Mlocked:               0 kB
HighTotal:        885760 kB
HighFree:           4372 kB
LowTotal:         535800 kB
LowFree:           38832 kB
SwapTotal:             0 kB
SwapFree:              0 kB
Dirty:                44 kB
Writeback:             0 kB
AnonPages:        397328 kB
Mapped:           388360 kB
Shmem:               904 kB
Slab:              44396 kB
SReclaimable:      14232 kB
SUnreclaim:        30164 kB
KernelStack:       10944 kB
PageTables:        27992 kB
NFS_Unstable:          0 kB
Bounce:                0 kB
WritebackTmp:          0 kB
CommitLimit:      710780 kB
Committed_AS:   36882052 kB
VmallocTotal:     460800 kB
VmallocUsed:       20672 kB
VmallocChunk:     173084 kB
Time pass: 202 sec

---2015-12-16 17:19:16
MemTotal:        1421560 kB
MemFree:           40824 kB
Buffers:            9960 kB
Cached:           684764 kB
SwapCached:            0 kB
Active:           739352 kB
Inactive:         353712 kB
Active(anon):     399948 kB
Inactive(anon):      968 kB
Active(file):     339404 kB
Inactive(file):   352744 kB
Unevictable:        1516 kB
Mlocked:               0 kB
HighTotal:        885760 kB
HighFree:           4268 kB
LowTotal:         535800 kB
LowFree:           36556 kB
SwapTotal:             0 kB
SwapFree:              0 kB
Dirty:                52 kB
Writeback:             0 kB
AnonPages:        399932 kB
Mapped:           388384 kB
Shmem:              1060 kB
Slab:              44496 kB
SReclaimable:      14232 kB
SUnreclaim:        30264 kB
KernelStack:       11008 kB
PageTables:        27996 kB
NFS_Unstable:          0 kB
Bounce:                0 kB
WritebackTmp:          0 kB
CommitLimit:      710780 kB
Committed_AS:   36884688 kB
VmallocTotal:     460800 kB
VmallocUsed:       20672 kB
VmallocChunk:     173084 kB
Time pass: 207 sec

---2015-12-16 17:19:16
MemTotal:        1421560 kB
MemFree:           38500 kB
Buffers:            9976 kB
Cached:           684764 kB
SwapCached:            0 kB
Active:           743148 kB
Inactive:         353728 kB
Active(anon):     403744 kB
Inactive(anon):      968 kB
Active(file):     339404 kB
Inactive(file):   352760 kB
Unevictable:        1516 kB
Mlocked:               0 kB
HighTotal:        885760 kB
HighFree:           4268 kB
LowTotal:         535800 kB
LowFree:           34232 kB
SwapTotal:             0 kB
SwapFree:              0 kB
Dirty:                 0 kB
Writeback:             0 kB
AnonPages:        403832 kB
Mapped:           385948 kB
Shmem:              1060 kB
Slab:              44528 kB
SReclaimable:      14232 kB
SUnreclaim:        30296 kB
KernelStack:       11016 kB
PageTables:        28000 kB
NFS_Unstable:          0 kB
Bounce:                0 kB
WritebackTmp:          0 kB
CommitLimit:      710780 kB
Committed_AS:   36887032 kB
VmallocTotal:     460800 kB
VmallocUsed:       20672 kB
VmallocChunk:     173084 kB
Time pass: 212 sec

---2015-12-16 17:19:16
MemTotal:        1421560 kB
MemFree:           35280 kB
Buffers:           10016 kB
Cached:           684796 kB
SwapCached:            0 kB
Active:           747832 kB
Inactive:         353788 kB
Active(anon):     408416 kB
Inactive(anon):      988 kB
Active(file):     339416 kB
Inactive(file):   352800 kB
Unevictable:        1516 kB
Mlocked:               0 kB
HighTotal:        885760 kB
HighFree:           4524 kB
LowTotal:         535800 kB
LowFree:           30756 kB
SwapTotal:             0 kB
SwapFree:              0 kB
Dirty:                 0 kB
Writeback:            24 kB
AnonPages:        408344 kB
Mapped:           385968 kB
Shmem:              1080 kB
Slab:              44400 kB
SReclaimable:      14236 kB
SUnreclaim:        30164 kB
KernelStack:       11000 kB
PageTables:        28008 kB
NFS_Unstable:          0 kB
Bounce:                0 kB
WritebackTmp:          0 kB
CommitLimit:      710780 kB
Committed_AS:   36890572 kB
VmallocTotal:     460800 kB
VmallocUsed:       20672 kB
VmallocChunk:     173084 kB
Time pass: 219 sec

---2015-12-16 17:19:16
MemTotal:        1421560 kB
MemFree:           34764 kB
Buffers:           10032 kB
Cached:           684796 kB
SwapCached:            0 kB
Active:           748136 kB
Inactive:         353808 kB
Active(anon):     408732 kB
Inactive(anon):     1000 kB
Active(file):     339404 kB
Inactive(file):   352808 kB
Unevictable:        1516 kB
Mlocked:               0 kB
HighTotal:        885760 kB
HighFree:           4436 kB
LowTotal:         535800 kB
LowFree:           30328 kB
SwapTotal:             0 kB
SwapFree:              0 kB
Dirty:                32 kB
Writeback:             0 kB
AnonPages:        408728 kB
Mapped:           385980 kB
Shmem:              1092 kB
Slab:              44336 kB
SReclaimable:      14236 kB
SUnreclaim:        30100 kB
KernelStack:       11008 kB
PageTables:        28008 kB
NFS_Unstable:          0 kB
Bounce:                0 kB
WritebackTmp:          0 kB
CommitLimit:      710780 kB
Committed_AS:   36889780 kB
VmallocTotal:     460800 kB
VmallocUsed:       20672 kB
VmallocChunk:     173084 kB
Time pass: 223 sec

---2015-12-16 17:19:16
MemTotal:        1421560 kB
MemFree:           32528 kB
Buffers:           10032 kB
Cached:           684812 kB
SwapCached:            0 kB
Active:           749712 kB
Inactive:         353832 kB
Active(anon):     410308 kB
Inactive(anon):     1016 kB
Active(file):     339404 kB
Inactive(file):   352816 kB
Unevictable:        1516 kB
Mlocked:               0 kB
HighTotal:        885760 kB
HighFree:           4436 kB
LowTotal:         535800 kB
LowFree:           28092 kB
SwapTotal:             0 kB
SwapFree:              0 kB
Dirty:                32 kB
Writeback:             0 kB
AnonPages:        410124 kB
Mapped:           385996 kB
Shmem:              1108 kB
Slab:              44432 kB
SReclaimable:      14236 kB
SUnreclaim:        30196 kB
KernelStack:       10992 kB
PageTables:        28012 kB
NFS_Unstable:          0 kB
Bounce:                0 kB
WritebackTmp:          0 kB
CommitLimit:      710780 kB
Committed_AS:   36891020 kB
VmallocTotal:     460800 kB
VmallocUsed:       20672 kB
VmallocChunk:     173084 kB
Time pass: 228 sec

---2015-12-16 17:19:16
MemTotal:        1421560 kB
MemFree:           35040 kB
Buffers:           10056 kB
Cached:           684828 kB
SwapCached:            0 kB
Active:           746780 kB
Inactive:         353872 kB
Active(anon):     407376 kB
Inactive(anon):     1032 kB
Active(file):     339404 kB
Inactive(file):   352840 kB
Unevictable:        1516 kB
Mlocked:               0 kB
HighTotal:        885760 kB
HighFree:           4452 kB
LowTotal:         535800 kB
LowFree:           30588 kB
SwapTotal:             0 kB
SwapFree:              0 kB
Dirty:                32 kB
Writeback:             0 kB
AnonPages:        407368 kB
Mapped:           386064 kB
Shmem:              1124 kB
Slab:              44428 kB
SReclaimable:      14236 kB
SUnreclaim:        30192 kB
KernelStack:       11000 kB
PageTables:        28028 kB
NFS_Unstable:          0 kB
Bounce:                0 kB
WritebackTmp:          0 kB
CommitLimit:      710780 kB
Committed_AS:   36888584 kB
VmallocTotal:     460800 kB
VmallocUsed:       20672 kB
VmallocChunk:     173084 kB
Time pass: 231 sec

---2015-12-16 17:19:16
MemTotal:        1421560 kB
MemFree:           36340 kB
Buffers:           10056 kB
Cached:           684836 kB
SwapCached:            0 kB
Active:           745976 kB
Inactive:         353880 kB
Active(anon):     406572 kB
Inactive(anon):     1040 kB
Active(file):     339404 kB
Inactive(file):   352840 kB
Unevictable:        1516 kB
Mlocked:               0 kB
HighTotal:        885760 kB
HighFree:           4364 kB
LowTotal:         535800 kB
LowFree:           31976 kB
SwapTotal:             0 kB
SwapFree:              0 kB
Dirty:                32 kB
Writeback:             0 kB
AnonPages:        406456 kB
Mapped:           386076 kB
Shmem:              1132 kB
Slab:              44424 kB
SReclaimable:      14236 kB
SUnreclaim:        30188 kB
KernelStack:       11000 kB
PageTables:        28036 kB
NFS_Unstable:          0 kB
Bounce:                0 kB
WritebackTmp:          0 kB
CommitLimit:      710780 kB
Committed_AS:   36888192 kB
VmallocTotal:     460800 kB
VmallocUsed:       20672 kB
VmallocChunk:     173084 kB
Time pass: 235 sec

---2015-12-16 17:19:16
MemTotal:        1421560 kB
MemFree:           35648 kB
Buffers:           10080 kB
Cached:           684836 kB
SwapCached:            0 kB
Active:           746184 kB
Inactive:         353904 kB
Active(anon):     406780 kB
Inactive(anon):     1040 kB
Active(file):     339404 kB
Inactive(file):   352864 kB
Unevictable:        1516 kB
Mlocked:               0 kB
HighTotal:        885760 kB
HighFree:           4368 kB
LowTotal:         535800 kB
LowFree:           31280 kB
SwapTotal:             0 kB
SwapFree:              0 kB
Dirty:                36 kB
Writeback:             0 kB
AnonPages:        406768 kB
Mapped:           386076 kB
Shmem:              1132 kB
Slab:              44520 kB
SReclaimable:      14236 kB
SUnreclaim:        30284 kB
KernelStack:       11008 kB
PageTables:        28032 kB
NFS_Unstable:          0 kB
Bounce:                0 kB
WritebackTmp:          0 kB
CommitLimit:      710780 kB
Committed_AS:   36888296 kB
VmallocTotal:     460800 kB
VmallocUsed:       20672 kB
VmallocChunk:     173084 kB
Time pass: 238 sec

---2015-12-16 17:19:16
MemTotal:        1421560 kB
MemFree:           35072 kB
Buffers:           10096 kB
Cached:           684836 kB
SwapCached:            0 kB
Active:           747176 kB
Inactive:         353920 kB
Active(anon):     407772 kB
Inactive(anon):     1040 kB
Active(file):     339404 kB
Inactive(file):   352880 kB
Unevictable:        1516 kB
Mlocked:               0 kB
HighTotal:        885760 kB
HighFree:           4368 kB
LowTotal:         535800 kB
LowFree:           30704 kB
SwapTotal:             0 kB
SwapFree:              0 kB
Dirty:                36 kB
Writeback:             0 kB
AnonPages:        407684 kB
Mapped:           386076 kB
Shmem:              1132 kB
Slab:              44428 kB
SReclaimable:      14236 kB
SUnreclaim:        30192 kB
KernelStack:       11000 kB
PageTables:        28032 kB
NFS_Unstable:          0 kB
Bounce:                0 kB
WritebackTmp:          0 kB
CommitLimit:      710780 kB
Committed_AS:   36889120 kB
VmallocTotal:     460800 kB
VmallocUsed:       20672 kB
VmallocChunk:     173084 kB
Time pass: 242 sec

---2015-12-16 17:19:16
MemTotal:        1421560 kB
MemFree:           33996 kB
Buffers:           10104 kB
Cached:           684836 kB
SwapCached:            0 kB
Active:           748416 kB
Inactive:         353920 kB
Active(anon):     409012 kB
Inactive(anon):     1040 kB
Active(file):     339404 kB
Inactive(file):   352880 kB
Unevictable:        1516 kB
Mlocked:               0 kB
HighTotal:        885760 kB
HighFree:           4368 kB
LowTotal:         535800 kB
LowFree:           29628 kB
SwapTotal:             0 kB
SwapFree:              0 kB
Dirty:                36 kB
Writeback:             0 kB
AnonPages:        409024 kB
Mapped:           386024 kB
Shmem:              1132 kB
Slab:              44428 kB
SReclaimable:      14236 kB
SUnreclaim:        30192 kB
KernelStack:       10992 kB
PageTables:        28016 kB
NFS_Unstable:          0 kB
Bounce:                0 kB
WritebackTmp:          0 kB
CommitLimit:      710780 kB
Committed_AS:   36890396 kB
VmallocTotal:     460800 kB
VmallocUsed:       20672 kB
VmallocChunk:     173084 kB
Time pass: 246 sec

---2015-12-16 17:19:16
MemTotal:        1421560 kB
MemFree:           34440 kB
Buffers:           10120 kB
Cached:           684836 kB
SwapCached:            0 kB
Active:           747632 kB
Inactive:         353944 kB
Active(anon):     408228 kB
Inactive(anon):     1040 kB
Active(file):     339404 kB
Inactive(file):   352904 kB
Unevictable:        1516 kB
Mlocked:               0 kB
HighTotal:        885760 kB
HighFree:           4652 kB
LowTotal:         535800 kB
LowFree:           29788 kB
SwapTotal:             0 kB
SwapFree:              0 kB
Dirty:                40 kB
Writeback:             0 kB
AnonPages:        408408 kB
Mapped:           386088 kB
Shmem:              1132 kB
Slab:              44528 kB
SReclaimable:      14236 kB
SUnreclaim:        30292 kB
KernelStack:       11000 kB
PageTables:        28032 kB
NFS_Unstable:          0 kB
Bounce:                0 kB
WritebackTmp:          0 kB
CommitLimit:      710780 kB
Committed_AS:   36889724 kB
VmallocTotal:     460800 kB
VmallocUsed:       20672 kB
VmallocChunk:     173084 kB
Time pass: 250 sec

---2015-12-16 17:19:16
MemTotal:        1421560 kB
MemFree:           34824 kB
Buffers:           10128 kB
Cached:           684828 kB
SwapCached:            0 kB
Active:           748464 kB
Inactive:         353944 kB
Active(anon):     409060 kB
Inactive(anon):     1040 kB
Active(file):     339404 kB
Inactive(file):   352904 kB
Unevictable:        1516 kB
Mlocked:               0 kB
HighTotal:        885760 kB
HighFree:           4332 kB
LowTotal:         535800 kB
LowFree:           30492 kB
SwapTotal:             0 kB
SwapFree:              0 kB
Dirty:                 0 kB
Writeback:             0 kB
AnonPages:        409108 kB
Mapped:           386088 kB
Shmem:              1132 kB
Slab:              44556 kB
SReclaimable:      14236 kB
SUnreclaim:        30320 kB
KernelStack:       11000 kB
PageTables:        28036 kB
NFS_Unstable:          0 kB
Bounce:                0 kB
WritebackTmp:          0 kB
CommitLimit:      710780 kB
Committed_AS:   36889960 kB
VmallocTotal:     460800 kB
VmallocUsed:       20672 kB
VmallocChunk:     173084 kB
Time pass: 254 sec

---2015-12-16 17:19:16
MemTotal:        1421560 kB
MemFree:           33536 kB
Buffers:           10136 kB
Cached:           684836 kB
SwapCached:            0 kB
Active:           748876 kB
Inactive:         353960 kB
Active(anon):     409472 kB
Inactive(anon):     1040 kB
Active(file):     339404 kB
Inactive(file):   352920 kB
Unevictable:        1516 kB
Mlocked:               0 kB
HighTotal:        885760 kB
HighFree:           4332 kB
LowTotal:         535800 kB
LowFree:           29204 kB
SwapTotal:             0 kB
SwapFree:              0 kB
Dirty:                32 kB
Writeback:             0 kB
AnonPages:        409464 kB
Mapped:           385940 kB
Shmem:              1132 kB
Slab:              44532 kB
SReclaimable:      14236 kB
SUnreclaim:        30296 kB
KernelStack:       11000 kB
PageTables:        28036 kB
NFS_Unstable:          0 kB
Bounce:                0 kB
WritebackTmp:          0 kB
CommitLimit:      710780 kB
Committed_AS:   36890248 kB
VmallocTotal:     460800 kB
VmallocUsed:       20672 kB
VmallocChunk:     173084 kB
Time pass: 258 sec

---2015-12-16 17:19:16
MemTotal:        1421560 kB
MemFree:           33100 kB
Buffers:           10160 kB
Cached:           684856 kB
SwapCached:            0 kB
Active:           749404 kB
Inactive:         354004 kB
Active(anon):     410000 kB
Inactive(anon):     1060 kB
Active(file):     339404 kB
Inactive(file):   352944 kB
Unevictable:        1516 kB
Mlocked:               0 kB
HighTotal:        885760 kB
HighFree:           4380 kB
LowTotal:         535800 kB
LowFree:           28720 kB
SwapTotal:             0 kB
SwapFree:              0 kB
Dirty:                 0 kB
Writeback:             0 kB
AnonPages:        409944 kB
Mapped:           386056 kB
Shmem:              1152 kB
Slab:              44528 kB
SReclaimable:      14240 kB
SUnreclaim:        30288 kB
KernelStack:       10992 kB
PageTables:        28020 kB
NFS_Unstable:          0 kB
Bounce:                0 kB
WritebackTmp:          0 kB
CommitLimit:      710780 kB
Committed_AS:   36890404 kB
VmallocTotal:     460800 kB
VmallocUsed:       20672 kB
VmallocChunk:     173084 kB
Time pass: 261 sec

---2015-12-16 17:19:16
MemTotal:        1421560 kB
MemFree:           32996 kB
Buffers:           10160 kB
Cached:           684856 kB
SwapCached:            0 kB
Active:           748996 kB
Inactive:         354004 kB
Active(anon):     409592 kB
Inactive(anon):     1060 kB
Active(file):     339404 kB
Inactive(file):   352944 kB
Unevictable:        1516 kB
Mlocked:               0 kB
HighTotal:        885760 kB
HighFree:           4388 kB
LowTotal:         535800 kB
LowFree:           28608 kB
SwapTotal:             0 kB
SwapFree:              0 kB
Dirty:                 0 kB
Writeback:             0 kB
AnonPages:        409792 kB
Mapped:           386104 kB
Shmem:              1152 kB
Slab:              44524 kB
SReclaimable:      14192 kB
SUnreclaim:        30332 kB
KernelStack:       10992 kB
PageTables:        28028 kB
NFS_Unstable:          0 kB
Bounce:                0 kB
WritebackTmp:          0 kB
CommitLimit:      710780 kB
Committed_AS:   36890196 kB
VmallocTotal:     460800 kB
VmallocUsed:       20672 kB
VmallocChunk:     173084 kB
Time pass: 265 sec

---2015-12-16 17:19:16
MemTotal:        1421560 kB
MemFree:           33420 kB
Buffers:           10184 kB
Cached:           684852 kB
SwapCached:            0 kB
Active:           749540 kB
Inactive:         354012 kB
Active(anon):     410124 kB
Inactive(anon):     1060 kB
Active(file):     339416 kB
Inactive(file):   352952 kB
Unevictable:        1516 kB
Mlocked:               0 kB
HighTotal:        885760 kB
HighFree:           4388 kB
LowTotal:         535800 kB
LowFree:           29032 kB
SwapTotal:             0 kB
SwapFree:              0 kB
Dirty:                32 kB
Writeback:            12 kB
AnonPages:        410176 kB
Mapped:           386104 kB
Shmem:              1152 kB
Slab:              44408 kB
SReclaimable:      14192 kB
SUnreclaim:        30216 kB
KernelStack:       10992 kB
PageTables:        28024 kB
NFS_Unstable:          0 kB
Bounce:                0 kB
WritebackTmp:          0 kB
CommitLimit:      710780 kB
Committed_AS:   36890544 kB
VmallocTotal:     460800 kB
VmallocUsed:       20672 kB
VmallocChunk:     173084 kB
Time pass: 269 sec

---2015-12-16 17:19:16
MemTotal:        1421560 kB
MemFree:           32604 kB
Buffers:           10192 kB
Cached:           684864 kB
SwapCached:            0 kB
Active:           749852 kB
Inactive:         354044 kB
Active(anon):     410448 kB
Inactive(anon):     1068 kB
Active(file):     339404 kB
Inactive(file):   352976 kB
Unevictable:        1516 kB
Mlocked:               0 kB
HighTotal:        885760 kB
HighFree:           4388 kB
LowTotal:         535800 kB
LowFree:           28216 kB
SwapTotal:             0 kB
SwapFree:              0 kB
Dirty:                44 kB
Writeback:             0 kB
AnonPages:        410472 kB
Mapped:           385964 kB
Shmem:              1160 kB
Slab:              44456 kB
SReclaimable:      14192 kB
SUnreclaim:        30264 kB
KernelStack:       11000 kB
PageTables:        28020 kB
NFS_Unstable:          0 kB
Bounce:                0 kB
WritebackTmp:          0 kB
CommitLimit:      710780 kB
Committed_AS:   36891008 kB
VmallocTotal:     460800 kB
VmallocUsed:       20672 kB
VmallocChunk:     173084 kB
Time pass: 272 sec

---2015-12-16 17:19:16
MemTotal:        1421560 kB
MemFree:           32504 kB
Buffers:           10208 kB
Cached:           684872 kB
SwapCached:            0 kB
Active:           750124 kB
Inactive:         354064 kB
Active(anon):     410716 kB
Inactive(anon):     1076 kB
Active(file):     339408 kB
Inactive(file):   352988 kB
Unevictable:        1516 kB
Mlocked:               0 kB
HighTotal:        885760 kB
HighFree:           4388 kB
LowTotal:         535800 kB
LowFree:           28116 kB
SwapTotal:             0 kB
SwapFree:              0 kB
Dirty:                48 kB
Writeback:             0 kB
AnonPages:        410856 kB
Mapped:           386120 kB
Shmem:              1168 kB
Slab:              44464 kB
SReclaimable:      14192 kB
SUnreclaim:        30272 kB
KernelStack:       11000 kB
PageTables:        28032 kB
NFS_Unstable:          0 kB
Bounce:                0 kB
WritebackTmp:          0 kB
CommitLimit:      710780 kB
Committed_AS:   36891040 kB
VmallocTotal:     460800 kB
VmallocUsed:       20672 kB
VmallocChunk:     173084 kB
Time pass: 276 sec

---2015-12-16 17:19:16
MemTotal:        1421560 kB
MemFree:           33560 kB
Buffers:           10224 kB
Cached:           684964 kB
SwapCached:            0 kB
Active:           748160 kB
Inactive:         354172 kB
Active(anon):     408752 kB
Inactive(anon):     1080 kB
Active(file):     339408 kB
Inactive(file):   353092 kB
Unevictable:        1516 kB
Mlocked:               0 kB
HighTotal:        885760 kB
HighFree:           4968 kB
LowTotal:         535800 kB
LowFree:           28592 kB
SwapTotal:             0 kB
SwapFree:              0 kB
Dirty:                32 kB
Writeback:             0 kB
AnonPages:        408824 kB
Mapped:           386140 kB
Shmem:              1172 kB
Slab:              44456 kB
SReclaimable:      14240 kB
SUnreclaim:        30216 kB
KernelStack:       11008 kB
PageTables:        28024 kB
NFS_Unstable:          0 kB
Bounce:                0 kB
WritebackTmp:          0 kB
CommitLimit:      710780 kB
Committed_AS:   36889612 kB
VmallocTotal:     460800 kB
VmallocUsed:       20672 kB
VmallocChunk:     173084 kB
Time pass: 281 sec

---2015-12-16 17:19:16
MemTotal:        1421560 kB
MemFree:           32756 kB
Buffers:           10240 kB
Cached:           685016 kB
SwapCached:            0 kB
Active:           748788 kB
Inactive:         354240 kB
Active(anon):     409380 kB
Inactive(anon):     1132 kB
Active(file):     339408 kB
Inactive(file):   353108 kB
Unevictable:        1516 kB
Mlocked:               0 kB
HighTotal:        885760 kB
HighFree:           4304 kB
LowTotal:         535800 kB
LowFree:           28452 kB
SwapTotal:             0 kB
SwapFree:              0 kB
Dirty:                 0 kB
Writeback:             0 kB
AnonPages:        409620 kB
Mapped:           386140 kB
Shmem:              1224 kB
Slab:              44548 kB
SReclaimable:      14240 kB
SUnreclaim:        30308 kB
KernelStack:       10984 kB
PageTables:        28008 kB
NFS_Unstable:          0 kB
Bounce:                0 kB
WritebackTmp:          0 kB
CommitLimit:      710780 kB
Committed_AS:   36889872 kB
VmallocTotal:     460800 kB
VmallocUsed:       20672 kB
VmallocChunk:     173084 kB
Time pass: 286 sec

---2015-12-16 17:19:16
MemTotal:        1421560 kB
MemFree:           33220 kB
Buffers:           10256 kB
Cached:           685024 kB
SwapCached:            0 kB
Active:           748556 kB
Inactive:         354264 kB
Active(anon):     409148 kB
Inactive(anon):     1132 kB
Active(file):     339408 kB
Inactive(file):   353132 kB
Unevictable:        1516 kB
Mlocked:               0 kB
HighTotal:        885760 kB
HighFree:           4304 kB
LowTotal:         535800 kB
LowFree:           28916 kB
SwapTotal:             0 kB
SwapFree:              0 kB
Dirty:                32 kB
Writeback:             0 kB
AnonPages:        409204 kB
Mapped:           386140 kB
Shmem:              1224 kB
Slab:              44576 kB
SReclaimable:      14240 kB
SUnreclaim:        30336 kB
KernelStack:       10984 kB
PageTables:        28008 kB
NFS_Unstable:          0 kB
Bounce:                0 kB
WritebackTmp:          0 kB
CommitLimit:      710780 kB
Committed_AS:   36889992 kB
VmallocTotal:     460800 kB
VmallocUsed:       20672 kB
VmallocChunk:     173084 kB
Time pass: 290 sec

---2015-12-16 17:19:16
MemTotal:        1421560 kB
MemFree:           31620 kB
Buffers:           10264 kB
Cached:           685024 kB
SwapCached:            0 kB
Active:           750144 kB
Inactive:         354272 kB
Active(anon):     410736 kB
Inactive(anon):     1132 kB
Active(file):     339408 kB
Inactive(file):   353140 kB
Unevictable:        1516 kB
Mlocked:               0 kB
HighTotal:        885760 kB
HighFree:           4304 kB
LowTotal:         535800 kB
LowFree:           27316 kB
SwapTotal:             0 kB
SwapFree:              0 kB
Dirty:                36 kB
Writeback:             0 kB
AnonPages:        410736 kB
Mapped:           386140 kB
Shmem:              1224 kB
Slab:              44496 kB
SReclaimable:      14240 kB
SUnreclaim:        30256 kB
KernelStack:       10984 kB
PageTables:        28004 kB
NFS_Unstable:          0 kB
Bounce:                0 kB
WritebackTmp:          0 kB
CommitLimit:      710780 kB
Committed_AS:   36891240 kB
VmallocTotal:     460800 kB
VmallocUsed:       20672 kB
VmallocChunk:     173084 kB
Time pass: 296 sec

---2015-12-16 17:19:16
MemTotal:        1421560 kB
MemFree:           32024 kB
Buffers:           10296 kB
Cached:           685008 kB
SwapCached:            0 kB
Active:           749684 kB
Inactive:         354288 kB
Active(anon):     410276 kB
Inactive(anon):     1132 kB
Active(file):     339408 kB
Inactive(file):   353156 kB
Unevictable:        1516 kB
Mlocked:               0 kB
HighTotal:        885760 kB
HighFree:           4364 kB
LowTotal:         535800 kB
LowFree:           27660 kB
SwapTotal:             0 kB
SwapFree:              0 kB
Dirty:                 0 kB
Writeback:             0 kB
AnonPages:        410412 kB
Mapped:           386192 kB
Shmem:              1224 kB
Slab:              44556 kB
SReclaimable:      14240 kB
SUnreclaim:        30316 kB
KernelStack:       11000 kB
PageTables:        28020 kB
NFS_Unstable:          0 kB
Bounce:                0 kB
WritebackTmp:          0 kB
CommitLimit:      710780 kB
Committed_AS:   36891440 kB
VmallocTotal:     460800 kB
VmallocUsed:       20672 kB
VmallocChunk:     173084 kB
Time pass: 301 sec

---2015-12-16 17:19:16
MemTotal:        1421560 kB
MemFree:           32324 kB
Buffers:           10296 kB
Cached:           685024 kB
SwapCached:            0 kB
Active:           749512 kB
Inactive:         354304 kB
Active(anon):     410104 kB
Inactive(anon):     1132 kB
Active(file):     339408 kB
Inactive(file):   353172 kB
Unevictable:        1516 kB
Mlocked:               0 kB
HighTotal:        885760 kB
HighFree:           4392 kB
LowTotal:         535800 kB
LowFree:           27932 kB
SwapTotal:             0 kB
SwapFree:              0 kB
Dirty:                 0 kB
Writeback:             0 kB
AnonPages:        410080 kB
Mapped:           386196 kB
Shmem:              1224 kB
Slab:              44492 kB
SReclaimable:      14184 kB
SUnreclaim:        30308 kB
KernelStack:       11000 kB
PageTables:        28020 kB
NFS_Unstable:          0 kB
Bounce:                0 kB
WritebackTmp:          0 kB
CommitLimit:      710780 kB
Committed_AS:   36891644 kB
VmallocTotal:     460800 kB
VmallocUsed:       20672 kB
VmallocChunk:     173084 kB
Time pass: 305 sec

---2015-12-16 17:19:16
MemTotal:        1421560 kB
MemFree:           31924 kB
Buffers:           10320 kB
Cached:           685028 kB
SwapCached:            0 kB
Active:           749704 kB
Inactive:         354312 kB
Active(anon):     410284 kB
Inactive(anon):     1132 kB
Active(file):     339420 kB
Inactive(file):   353180 kB
Unevictable:        1516 kB
Mlocked:               0 kB
HighTotal:        885760 kB
HighFree:           4392 kB
LowTotal:         535800 kB
LowFree:           27532 kB
SwapTotal:             0 kB
SwapFree:              0 kB
Dirty:                28 kB
Writeback:             0 kB
AnonPages:        410456 kB
Mapped:           386196 kB
Shmem:              1224 kB
Slab:              44456 kB
SReclaimable:      14184 kB
SUnreclaim:        30272 kB
KernelStack:       11000 kB
PageTables:        28024 kB
NFS_Unstable:          0 kB
Bounce:                0 kB
WritebackTmp:          0 kB
CommitLimit:      710780 kB
Committed_AS:   36891676 kB
VmallocTotal:     460800 kB
VmallocUsed:       20672 kB
VmallocChunk:     173084 kB
Time pass: 309 sec

---2015-12-16 17:19:16
MemTotal:        1421560 kB
MemFree:           31752 kB
Buffers:           10336 kB
Cached:           685012 kB
SwapCached:            0 kB
Active:           749796 kB
Inactive:         354332 kB
Active(anon):     410388 kB
Inactive(anon):     1136 kB
Active(file):     339408 kB
Inactive(file):   353196 kB
Unevictable:        1516 kB
Mlocked:               0 kB
HighTotal:        885760 kB
HighFree:           4992 kB
LowTotal:         535800 kB
LowFree:           26760 kB
SwapTotal:             0 kB
SwapFree:              0 kB
Dirty:                 0 kB
Writeback:             0 kB
AnonPages:        410520 kB
Mapped:           386200 kB
Shmem:              1228 kB
Slab:              44424 kB
SReclaimable:      14184 kB
SUnreclaim:        30240 kB
KernelStack:       11008 kB
PageTables:        28024 kB
NFS_Unstable:          0 kB
Bounce:                0 kB
WritebackTmp:          0 kB
CommitLimit:      710780 kB
Committed_AS:   36891032 kB
VmallocTotal:     460800 kB
VmallocUsed:       20672 kB
VmallocChunk:     173084 kB
Time pass: 313 sec

---2015-12-16 17:19:16
MemTotal:        1421560 kB
MemFree:           30688 kB
Buffers:           10336 kB
Cached:           685064 kB
SwapCached:            0 kB
Active:           750732 kB
Inactive:         354384 kB
Active(anon):     411324 kB
Inactive(anon):     1172 kB
Active(file):     339408 kB
Inactive(file):   353212 kB
Unevictable:        1516 kB
Mlocked:               0 kB
HighTotal:        885760 kB
HighFree:           4360 kB
LowTotal:         535800 kB
LowFree:           26328 kB
SwapTotal:             0 kB
SwapFree:              0 kB
Dirty:                32 kB
Writeback:             0 kB
AnonPages:        411396 kB
Mapped:           386088 kB
Shmem:              1264 kB
Slab:              44460 kB
SReclaimable:      14184 kB
SUnreclaim:        30276 kB
KernelStack:       11000 kB
PageTables:        28032 kB
NFS_Unstable:          0 kB
Bounce:                0 kB
WritebackTmp:          0 kB
CommitLimit:      710780 kB
Committed_AS:   36892312 kB
VmallocTotal:     460800 kB
VmallocUsed:       20672 kB
VmallocChunk:     173084 kB
Time pass: 317 sec

---2015-12-16 17:19:16
MemTotal:        1421560 kB
MemFree:           30940 kB
Buffers:           10360 kB
Cached:           685124 kB
SwapCached:            0 kB
Active:           750384 kB
Inactive:         354468 kB
Active(anon):     410976 kB
Inactive(anon):     1248 kB
Active(file):     339408 kB
Inactive(file):   353220 kB
Unevictable:        1516 kB
Mlocked:               0 kB
HighTotal:        885760 kB
HighFree:           4440 kB
LowTotal:         535800 kB
LowFree:           26500 kB
SwapTotal:             0 kB
SwapFree:              0 kB
Dirty:                28 kB
Writeback:             0 kB
AnonPages:        410928 kB
Mapped:           386312 kB
Shmem:              1340 kB
Slab:              44492 kB
SReclaimable:      14184 kB
SUnreclaim:        30308 kB
KernelStack:       11008 kB
PageTables:        28028 kB
NFS_Unstable:          0 kB
Bounce:                0 kB
WritebackTmp:          0 kB
CommitLimit:      710780 kB
Committed_AS:   36891200 kB
VmallocTotal:     460800 kB
VmallocUsed:       20672 kB
VmallocChunk:     173084 kB
Time pass: 321 sec

---2015-12-16 17:19:16
MemTotal:        1421560 kB
MemFree:           30132 kB
Buffers:           10360 kB
Cached:           685176 kB
SwapCached:            0 kB
Active:           751124 kB
Inactive:         354520 kB
Active(anon):     411716 kB
Inactive(anon):     1284 kB
Active(file):     339408 kB
Inactive(file):   353236 kB
Unevictable:        1516 kB
Mlocked:               0 kB
HighTotal:        885760 kB
HighFree:           4440 kB
LowTotal:         535800 kB
LowFree:           25692 kB
SwapTotal:             0 kB
SwapFree:              0 kB
Dirty:                 0 kB
Writeback:             0 kB
AnonPages:        411752 kB
Mapped:           386348 kB
Shmem:              1376 kB
Slab:              44464 kB
SReclaimable:      14184 kB
SUnreclaim:        30280 kB
KernelStack:       11000 kB
PageTables:        28024 kB
NFS_Unstable:          0 kB
Bounce:                0 kB
WritebackTmp:          0 kB
CommitLimit:      710780 kB
Committed_AS:   36892332 kB
VmallocTotal:     460800 kB
VmallocUsed:       20672 kB
VmallocChunk:     173084 kB
Time pass: 325 sec

---2015-12-16 17:19:16
MemTotal:        1421560 kB
MemFree:           32568 kB
Buffers:           10384 kB
Cached:           685172 kB
SwapCached:            0 kB
Active:           748716 kB
Inactive:         354540 kB
Active(anon):     409308 kB
Inactive(anon):     1284 kB
Active(file):     339408 kB
Inactive(file):   353256 kB
Unevictable:        1516 kB
Mlocked:               0 kB
HighTotal:        885760 kB
HighFree:           4892 kB
LowTotal:         535800 kB
LowFree:           27676 kB
SwapTotal:             0 kB
SwapFree:              0 kB
Dirty:                28 kB
Writeback:             0 kB
AnonPages:        409060 kB
Mapped:           386348 kB
Shmem:              1376 kB
Slab:              44464 kB
SReclaimable:      14184 kB
SUnreclaim:        30280 kB
KernelStack:       11008 kB
PageTables:        28024 kB
NFS_Unstable:          0 kB
Bounce:                0 kB
WritebackTmp:          0 kB
CommitLimit:      710780 kB
Committed_AS:   36890988 kB
VmallocTotal:     460800 kB
VmallocUsed:       20672 kB
VmallocChunk:     173084 kB
Time pass: 329 sec

---2015-12-16 17:19:16
MemTotal:        1421560 kB
MemFree:           32288 kB
Buffers:           10400 kB
Cached:           685160 kB
SwapCached:            0 kB
Active:           749564 kB
Inactive:         354544 kB
Active(anon):     410156 kB
Inactive(anon):     1284 kB
Active(file):     339408 kB
Inactive(file):   353260 kB
Unevictable:        1516 kB
Mlocked:               0 kB
HighTotal:        885760 kB
HighFree:           4488 kB
LowTotal:         535800 kB
LowFree:           27800 kB
SwapTotal:             0 kB
SwapFree:              0 kB
Dirty:                 0 kB
Writeback:             0 kB
AnonPages:        410176 kB
Mapped:           386348 kB
Shmem:              1376 kB
Slab:              44596 kB
SReclaimable:      14184 kB
SUnreclaim:        30412 kB
KernelStack:       11000 kB
PageTables:        28028 kB
NFS_Unstable:          0 kB
Bounce:                0 kB
WritebackTmp:          0 kB
CommitLimit:      710780 kB
Committed_AS:   36891080 kB
VmallocTotal:     460800 kB
VmallocUsed:       20672 kB
VmallocChunk:     173084 kB
Time pass: 333 sec

---2015-12-16 17:19:16
MemTotal:        1421560 kB
MemFree:           31860 kB
Buffers:           10400 kB
Cached:           685192 kB
SwapCached:            0 kB
Active:           748800 kB
Inactive:         354576 kB
Active(anon):     409392 kB
Inactive(anon):     1300 kB
Active(file):     339408 kB
Inactive(file):   353276 kB
Unevictable:        1516 kB
Mlocked:               0 kB
HighTotal:        885760 kB
HighFree:           4412 kB
LowTotal:         535800 kB
LowFree:           27448 kB
SwapTotal:             0 kB
SwapFree:              0 kB
Dirty:                32 kB
Writeback:             0 kB
AnonPages:        409388 kB
Mapped:           386312 kB
Shmem:              1392 kB
Slab:              44432 kB
SReclaimable:      14184 kB
SUnreclaim:        30248 kB
KernelStack:       10976 kB
PageTables:        28008 kB
NFS_Unstable:          0 kB
Bounce:                0 kB
WritebackTmp:          0 kB
CommitLimit:      710780 kB
Committed_AS:   36891168 kB
VmallocTotal:     460800 kB
VmallocUsed:       20672 kB
VmallocChunk:     173084 kB
Time pass: 337 sec

---2015-12-16 17:19:16
MemTotal:        1421560 kB
MemFree:           30648 kB
Buffers:           10424 kB
Cached:           685192 kB
SwapCached:            0 kB
Active:           749672 kB
Inactive:         354600 kB
Active(anon):     410264 kB
Inactive(anon):     1300 kB
Active(file):     339408 kB
Inactive(file):   353300 kB
Unevictable:        1516 kB
Mlocked:               0 kB
HighTotal:        885760 kB
HighFree:           4412 kB
LowTotal:         535800 kB
LowFree:           26236 kB
SwapTotal:             0 kB
SwapFree:              0 kB
Dirty:                32 kB
Writeback:             0 kB
AnonPages:        410432 kB
Mapped:           386312 kB
Shmem:              1392 kB
Slab:              44564 kB
SReclaimable:      14184 kB
SUnreclaim:        30380 kB
KernelStack:       10976 kB
PageTables:        28012 kB
NFS_Unstable:          0 kB
Bounce:                0 kB
WritebackTmp:          0 kB
CommitLimit:      710780 kB
Committed_AS:   36891220 kB
VmallocTotal:     460800 kB
VmallocUsed:       20672 kB
VmallocChunk:     173084 kB
Time pass: 341 sec

---2015-12-16 17:19:16
MemTotal:        1421560 kB
MemFree:           31184 kB
Buffers:           10424 kB
Cached:           685192 kB
SwapCached:            0 kB
Active:           749040 kB
Inactive:         354600 kB
Active(anon):     409632 kB
Inactive(anon):     1300 kB
Active(file):     339408 kB
Inactive(file):   353300 kB
Unevictable:        1516 kB
Mlocked:               0 kB
HighTotal:        885760 kB
HighFree:           4412 kB
LowTotal:         535800 kB
LowFree:           26772 kB
SwapTotal:             0 kB
SwapFree:              0 kB
Dirty:                 0 kB
Writeback:             0 kB
AnonPages:        409652 kB
Mapped:           386312 kB
Shmem:              1392 kB
Slab:              44540 kB
SReclaimable:      14184 kB
SUnreclaim:        30356 kB
KernelStack:       10968 kB
PageTables:        28012 kB
NFS_Unstable:          0 kB
Bounce:                0 kB
WritebackTmp:          0 kB
CommitLimit:      710780 kB
Committed_AS:   36890188 kB
VmallocTotal:     460800 kB
VmallocUsed:       20672 kB
VmallocChunk:     173084 kB
Time pass: 345 sec

---2015-12-16 17:19:16
MemTotal:        1421560 kB
MemFree:           30144 kB
Buffers:           10448 kB
Cached:           685192 kB
SwapCached:            0 kB
Active:           750384 kB
Inactive:         354624 kB
Active(anon):     410976 kB
Inactive(anon):     1300 kB
Active(file):     339408 kB
Inactive(file):   353324 kB
Unevictable:        1516 kB
Mlocked:               0 kB
HighTotal:        885760 kB
HighFree:           4412 kB
LowTotal:         535800 kB
LowFree:           25732 kB
SwapTotal:             0 kB
SwapFree:              0 kB
Dirty:                32 kB
Writeback:             0 kB
AnonPages:        410928 kB
Mapped:           386312 kB
Shmem:              1392 kB
Slab:              44572 kB
SReclaimable:      14184 kB
SUnreclaim:        30388 kB
KernelStack:       10984 kB
PageTables:        28008 kB
NFS_Unstable:          0 kB
Bounce:                0 kB
WritebackTmp:          0 kB
CommitLimit:      710780 kB
Committed_AS:   36891516 kB
VmallocTotal:     460800 kB
VmallocUsed:       20672 kB
VmallocChunk:     173084 kB
Time pass: 350 sec

---2015-12-16 17:19:16
MemTotal:        1421560 kB
MemFree:           30280 kB
Buffers:           10472 kB
Cached:           685172 kB
SwapCached:            0 kB
Active:           750692 kB
Inactive:         354628 kB
Active(anon):     411284 kB
Inactive(anon):     1300 kB
Active(file):     339408 kB
Inactive(file):   353328 kB
Unevictable:        1516 kB
Mlocked:               0 kB
HighTotal:        885760 kB
HighFree:           4944 kB
LowTotal:         535800 kB
LowFree:           25336 kB
SwapTotal:             0 kB
SwapFree:              0 kB
Dirty:                40 kB
Writeback:             0 kB
AnonPages:        411424 kB
Mapped:           386312 kB
Shmem:              1392 kB
Slab:              44600 kB
SReclaimable:      14184 kB
SUnreclaim:        30416 kB
KernelStack:       10976 kB
PageTables:        28008 kB
NFS_Unstable:          0 kB
Bounce:                0 kB
WritebackTmp:          0 kB
CommitLimit:      710780 kB
Committed_AS:   36891620 kB
VmallocTotal:     460800 kB
VmallocUsed:       20672 kB
VmallocChunk:     173084 kB
Time pass: 355 sec

---2015-12-16 17:19:16
MemTotal:        1421560 kB
MemFree:           31112 kB
Buffers:           10472 kB
Cached:           685196 kB
SwapCached:            0 kB
Active:           749804 kB
Inactive:         354652 kB
Active(anon):     410396 kB
Inactive(anon):     1300 kB
Active(file):     339408 kB
Inactive(file):   353352 kB
Unevictable:        1516 kB
Mlocked:               0 kB
HighTotal:        885760 kB
HighFree:           4400 kB
LowTotal:         535800 kB
LowFree:           26712 kB
SwapTotal:             0 kB
SwapFree:              0 kB
Dirty:                 0 kB
Writeback:             0 kB
AnonPages:        410408 kB
Mapped:           386364 kB
