---2015-12-16 15:27:45
MemTotal:        1421560 kB
MemFree:           37972 kB
Buffers:           11956 kB
Cached:           844076 kB
SwapCached:            0 kB
Active:           644756 kB
Inactive:         565648 kB
Active(anon):     355984 kB
Inactive(anon):      528 kB
Active(file):     288772 kB
Inactive(file):   565120 kB
Unevictable:        1516 kB
Mlocked:               0 kB
HighTotal:        885760 kB
HighFree:          12012 kB
LowTotal:         535800 kB
LowFree:           25960 kB
SwapTotal:             0 kB
SwapFree:              0 kB
Dirty:                 0 kB
Writeback:             0 kB
AnonPages:        355972 kB
Mapped:           339752 kB
Shmem:               616 kB
Slab:              43716 kB
SReclaimable:      13928 kB
SUnreclaim:        29788 kB
KernelStack:       10664 kB
PageTables:        26860 kB
NFS_Unstable:          0 kB
Bounce:                0 kB
WritebackTmp:          0 kB
CommitLimit:      710780 kB
Committed_AS:   36718692 kB
VmallocTotal:     460800 kB
VmallocUsed:       25496 kB
VmallocChunk:     204636 kB
Time pass: 3 sec

---2015-12-16 15:27:45
MemTotal:        1421560 kB
MemFree:           37984 kB
Buffers:           11956 kB
Cached:           844084 kB
SwapCached:            0 kB
Active:           644764 kB
Inactive:         565656 kB
Active(anon):     355992 kB
Inactive(anon):      528 kB
Active(file):     288772 kB
Inactive(file):   565128 kB
Unevictable:        1516 kB
Mlocked:               0 kB
HighTotal:        885760 kB
HighFree:          11896 kB
LowTotal:         535800 kB
LowFree:           26088 kB
SwapTotal:             0 kB
SwapFree:              0 kB
Dirty:                 0 kB
Writeback:             0 kB
AnonPages:        355976 kB
Mapped:           339608 kB
Shmem:               616 kB
Slab:              43692 kB
SReclaimable:      13928 kB
SUnreclaim:        29764 kB
KernelStack:       10664 kB
PageTables:        26860 kB
NFS_Unstable:          0 kB
Bounce:                0 kB
WritebackTmp:          0 kB
CommitLimit:      710780 kB
Committed_AS:   36718888 kB
VmallocTotal:     460800 kB
VmallocUsed:       25496 kB
VmallocChunk:     204636 kB
Time pass: 7 sec

---2015-12-16 15:27:45
MemTotal:        1421560 kB
MemFree:           38008 kB
Buffers:           11956 kB
Cached:           844084 kB
SwapCached:            0 kB
Active:           645016 kB
Inactive:         565664 kB
Active(anon):     356244 kB
Inactive(anon):      528 kB
Active(file):     288772 kB
Inactive(file):   565136 kB
Unevictable:        1516 kB
Mlocked:               0 kB
HighTotal:        885760 kB
HighFree:          11772 kB
LowTotal:         535800 kB
LowFree:           26236 kB
SwapTotal:             0 kB
SwapFree:              0 kB
Dirty:                 0 kB
Writeback:             0 kB
AnonPages:        356260 kB
Mapped:           339608 kB
Shmem:               616 kB
Slab:              43636 kB
SReclaimable:      13936 kB
SUnreclaim:        29700 kB
KernelStack:       10664 kB
PageTables:        26860 kB
NFS_Unstable:          0 kB
Bounce:                0 kB
WritebackTmp:          0 kB
CommitLimit:      710780 kB
Committed_AS:   36718968 kB
VmallocTotal:     460800 kB
VmallocUsed:       25496 kB
VmallocChunk:     204636 kB
Time pass: 10 sec

---2015-12-16 15:27:45
MemTotal:        1421560 kB
MemFree:           37696 kB
Buffers:           11956 kB
Cached:           844084 kB
SwapCached:            0 kB
Active:           645152 kB
Inactive:         565664 kB
Active(anon):     356380 kB
Inactive(anon):      528 kB
Active(file):     288772 kB
Inactive(file):   565136 kB
Unevictable:        1516 kB
Mlocked:               0 kB
HighTotal:        885760 kB
HighFree:          11652 kB
LowTotal:         535800 kB
LowFree:           26044 kB
SwapTotal:             0 kB
SwapFree:              0 kB
Dirty:                 0 kB
Writeback:             0 kB
AnonPages:        356384 kB
Mapped:           339756 kB
Shmem:               616 kB
Slab:              43792 kB
SReclaimable:      13936 kB
SUnreclaim:        29856 kB
KernelStack:       10664 kB
PageTables:        26860 kB
NFS_Unstable:          0 kB
Bounce:                0 kB
WritebackTmp:          0 kB
CommitLimit:      710780 kB
Committed_AS:   36719056 kB
VmallocTotal:     460800 kB
VmallocUsed:       25496 kB
VmallocChunk:     204636 kB
Time pass: 14 sec

---2015-12-16 15:27:45
MemTotal:        1421560 kB
MemFree:           37760 kB
Buffers:           11956 kB
Cached:           844084 kB
SwapCached:            0 kB
Active:           645272 kB
Inactive:         565664 kB
Active(anon):     356500 kB
Inactive(anon):      528 kB
Active(file):     288772 kB
Inactive(file):   565136 kB
Unevictable:        1516 kB
Mlocked:               0 kB
HighTotal:        885760 kB
HighFree:          11652 kB
LowTotal:         535800 kB
LowFree:           26108 kB
SwapTotal:             0 kB
SwapFree:              0 kB
Dirty:                 0 kB
Writeback:             0 kB
AnonPages:        356548 kB
Mapped:           339756 kB
Shmem:               616 kB
Slab:              43692 kB
SReclaimable:      13936 kB
SUnreclaim:        29756 kB
KernelStack:       10664 kB
PageTables:        26860 kB
NFS_Unstable:          0 kB
Bounce:                0 kB
WritebackTmp:          0 kB
CommitLimit:      710780 kB
Committed_AS:   36719136 kB
VmallocTotal:     460800 kB
VmallocUsed:       25496 kB
VmallocChunk:     204636 kB
Time pass: 17 sec

---2015-12-16 15:27:45
MemTotal:        1421560 kB
MemFree:           37604 kB
Buffers:           11956 kB
Cached:           844092 kB
SwapCached:            0 kB
Active:           645380 kB
Inactive:         565664 kB
Active(anon):     356608 kB
Inactive(anon):      528 kB
Active(file):     288772 kB
Inactive(file):   565136 kB
Unevictable:        1516 kB
Mlocked:               0 kB
HighTotal:        885760 kB
HighFree:          11408 kB
LowTotal:         535800 kB
LowFree:           26196 kB
SwapTotal:             0 kB
SwapFree:              0 kB
Dirty:                 0 kB
Writeback:             0 kB
AnonPages:        356628 kB
Mapped:           339612 kB
Shmem:               616 kB
Slab:              43640 kB
SReclaimable:      13936 kB
SUnreclaim:        29704 kB
KernelStack:       10672 kB
PageTables:        26864 kB
NFS_Unstable:          0 kB
Bounce:                0 kB
WritebackTmp:          0 kB
CommitLimit:      710780 kB
Committed_AS:   36719368 kB
VmallocTotal:     460800 kB
VmallocUsed:       25496 kB
VmallocChunk:     204636 kB
Time pass: 21 sec

---2015-12-16 15:27:45
MemTotal:        1421560 kB
MemFree:           20168 kB
Buffers:           10960 kB
Cached:           830708 kB
SwapCached:            0 kB
Active:           675444 kB
Inactive:         537560 kB
Active(anon):     373204 kB
Inactive(anon):      704 kB
Active(file):     302240 kB
Inactive(file):   536856 kB
Unevictable:        1516 kB
Mlocked:               0 kB
HighTotal:        885760 kB
HighFree:           5716 kB
LowTotal:         535800 kB
LowFree:           14452 kB
SwapTotal:             0 kB
SwapFree:              0 kB
Dirty:               864 kB
Writeback:             0 kB
AnonPages:        373232 kB
Mapped:           366852 kB
Shmem:               764 kB
Slab:              43612 kB
SReclaimable:      13868 kB
SUnreclaim:        29744 kB
KernelStack:       10920 kB
PageTables:        27540 kB
NFS_Unstable:          0 kB
Bounce:                0 kB
WritebackTmp:          0 kB
CommitLimit:      710780 kB
Committed_AS:   37576692 kB
VmallocTotal:     460800 kB
VmallocUsed:       26652 kB
VmallocChunk:     190492 kB
Time pass: 24 sec

---2015-12-16 15:27:45
MemTotal:        1421560 kB
MemFree:           19860 kB
Buffers:           10984 kB
Cached:           823672 kB
SwapCached:            0 kB
Active:           673296 kB
Inactive:         529744 kB
Active(anon):     370184 kB
Inactive(anon):      656 kB
Active(file):     303112 kB
Inactive(file):   529088 kB
Unevictable:        1516 kB
Mlocked:               0 kB
HighTotal:        885760 kB
HighFree:           4668 kB
LowTotal:         535800 kB
LowFree:           15192 kB
SwapTotal:             0 kB
SwapFree:              0 kB
Dirty:                28 kB
Writeback:             0 kB
AnonPages:        370240 kB
Mapped:           362324 kB
Shmem:               744 kB
Slab:              43532 kB
SReclaimable:      13852 kB
SUnreclaim:        29680 kB
KernelStack:       11120 kB
PageTables:        27508 kB
NFS_Unstable:          0 kB
Bounce:                0 kB
WritebackTmp:          0 kB
CommitLimit:      710780 kB
Committed_AS:   37543236 kB
VmallocTotal:     460800 kB
VmallocUsed:       26684 kB
VmallocChunk:     190492 kB
Time pass: 29 sec

---2015-12-16 15:27:45
MemTotal:        1421560 kB
MemFree:           19248 kB
Buffers:           10944 kB
Cached:           802560 kB
SwapCached:            0 kB
Active:           676532 kB
Inactive:         507572 kB
Active(anon):     372204 kB
Inactive(anon):      656 kB
Active(file):     304328 kB
Inactive(file):   506916 kB
Unevictable:        1516 kB
Mlocked:               0 kB
HighTotal:        885760 kB
HighFree:           4540 kB
LowTotal:         535800 kB
LowFree:           14708 kB
SwapTotal:             0 kB
SwapFree:              0 kB
Dirty:               240 kB
Writeback:             0 kB
AnonPages:        372380 kB
Mapped:           378112 kB
Shmem:               744 kB
Slab:              43584 kB
SReclaimable:      13892 kB
SUnreclaim:        29692 kB
KernelStack:       11144 kB
PageTables:        27524 kB
NFS_Unstable:          0 kB
Bounce:                0 kB
WritebackTmp:          0 kB
CommitLimit:      710780 kB
Committed_AS:   37448016 kB
VmallocTotal:     460800 kB
VmallocUsed:       26768 kB
VmallocChunk:     190492 kB
Time pass: 32 sec

---2015-12-16 15:27:45
MemTotal:        1421560 kB
MemFree:           24532 kB
Buffers:           10944 kB
Cached:           796300 kB
SwapCached:            0 kB
Active:           676264 kB
Inactive:         500132 kB
Active(anon):     370756 kB
Inactive(anon):      656 kB
Active(file):     305508 kB
Inactive(file):   499476 kB
Unevictable:        1516 kB
Mlocked:               0 kB
HighTotal:        885760 kB
HighFree:           7564 kB
LowTotal:         535800 kB
LowFree:           16968 kB
SwapTotal:             0 kB
SwapFree:              0 kB
Dirty:               148 kB
Writeback:             0 kB
AnonPages:        370748 kB
Mapped:           380328 kB
Shmem:               744 kB
Slab:              43740 kB
SReclaimable:      13876 kB
SUnreclaim:        29864 kB
KernelStack:       11144 kB
PageTables:        27532 kB
NFS_Unstable:          0 kB
Bounce:                0 kB
WritebackTmp:          0 kB
CommitLimit:      710780 kB
Committed_AS:   37446328 kB
VmallocTotal:     460800 kB
VmallocUsed:       26780 kB
VmallocChunk:     190492 kB
Time pass: 36 sec

---2015-12-16 15:27:45
MemTotal:        1421560 kB
MemFree:           25496 kB
Buffers:           10952 kB
Cached:           794376 kB
SwapCached:            0 kB
Active:           678024 kB
Inactive:         497012 kB
Active(anon):     371604 kB
Inactive(anon):      656 kB
Active(file):     306420 kB
Inactive(file):   496356 kB
Unevictable:        1516 kB
Mlocked:               0 kB
HighTotal:        885760 kB
HighFree:           9944 kB
LowTotal:         535800 kB
LowFree:           15552 kB
SwapTotal:             0 kB
SwapFree:              0 kB
Dirty:               264 kB
Writeback:             0 kB
AnonPages:        371612 kB
Mapped:           381828 kB
Shmem:               744 kB
Slab:              43708 kB
SReclaimable:      13876 kB
SUnreclaim:        29832 kB
KernelStack:       11152 kB
PageTables:        27528 kB
NFS_Unstable:          0 kB
Bounce:                0 kB
WritebackTmp:          0 kB
CommitLimit:      710780 kB
Committed_AS:   37447388 kB
VmallocTotal:     460800 kB
VmallocUsed:       26780 kB
VmallocChunk:     190492 kB
Time pass: 39 sec

---2015-12-16 15:27:45
MemTotal:        1421560 kB
MemFree:           18840 kB
Buffers:           10952 kB
Cached:           786876 kB
SwapCached:            0 kB
Active:           685512 kB
Inactive:         486492 kB
Active(anon):     375812 kB
Inactive(anon):      656 kB
Active(file):     309700 kB
Inactive(file):   485836 kB
Unevictable:        1516 kB
Mlocked:               0 kB
HighTotal:        885760 kB
HighFree:           5316 kB
LowTotal:         535800 kB
LowFree:           13524 kB
SwapTotal:             0 kB
SwapFree:              0 kB
Dirty:                 4 kB
Writeback:             0 kB
AnonPages:        375812 kB
Mapped:           384888 kB
Shmem:               744 kB
Slab:              43828 kB
SReclaimable:      13964 kB
SUnreclaim:        29864 kB
KernelStack:       11184 kB
PageTables:        27600 kB
NFS_Unstable:          0 kB
Bounce:                0 kB
WritebackTmp:          0 kB
CommitLimit:      710780 kB
Committed_AS:   37483200 kB
VmallocTotal:     460800 kB
VmallocUsed:       26916 kB
VmallocChunk:     190492 kB
Time pass: 43 sec

---2015-12-16 15:27:45
MemTotal:        1421560 kB
MemFree:           20584 kB
Buffers:           10952 kB
Cached:           783824 kB
SwapCached:            0 kB
Active:           686992 kB
Inactive:         482960 kB
Active(anon):     376788 kB
Inactive(anon):      656 kB
Active(file):     310204 kB
Inactive(file):   482304 kB
Unevictable:        1516 kB
Mlocked:               0 kB
HighTotal:        885760 kB
HighFree:           6592 kB
LowTotal:         535800 kB
LowFree:           13992 kB
SwapTotal:             0 kB
SwapFree:              0 kB
Dirty:                64 kB
Writeback:             0 kB
AnonPages:        376832 kB
Mapped:           385072 kB
Shmem:               744 kB
Slab:              43736 kB
SReclaimable:      13892 kB
SUnreclaim:        29844 kB
KernelStack:       11184 kB
PageTables:        27604 kB
NFS_Unstable:          0 kB
Bounce:                0 kB
WritebackTmp:          0 kB
CommitLimit:      710780 kB
Committed_AS:   37484404 kB
VmallocTotal:     460800 kB
VmallocUsed:       26916 kB
VmallocChunk:     190492 kB
Time pass: 47 sec

---2015-12-16 15:27:45
MemTotal:        1421560 kB
MemFree:           22828 kB
Buffers:           10952 kB
Cached:           778416 kB
SwapCached:            0 kB
Active:           691348 kB
Inactive:         476432 kB
Active(anon):     380128 kB
Inactive(anon):      656 kB
Active(file):     311220 kB
Inactive(file):   475776 kB
Unevictable:        1516 kB
Mlocked:               0 kB
HighTotal:        885760 kB
HighFree:           7108 kB
LowTotal:         535800 kB
LowFree:           15720 kB
SwapTotal:             0 kB
SwapFree:              0 kB
Dirty:                 8 kB
Writeback:             0 kB
AnonPages:        380220 kB
Mapped:           385508 kB
Shmem:               744 kB
Slab:              43832 kB
SReclaimable:      13940 kB
SUnreclaim:        29892 kB
KernelStack:       11208 kB
PageTables:        27608 kB
NFS_Unstable:          0 kB
Bounce:                0 kB
WritebackTmp:          0 kB
CommitLimit:      710780 kB
Committed_AS:   37489260 kB
VmallocTotal:     460800 kB
VmallocUsed:       26916 kB
VmallocChunk:     190492 kB
Time pass: 50 sec

---2015-12-16 15:27:45
MemTotal:        1421560 kB
MemFree:           20596 kB
Buffers:           10476 kB
Cached:           759548 kB
SwapCached:            0 kB
Active:           705492 kB
Inactive:         454372 kB
Active(anon):     391696 kB
Inactive(anon):      656 kB
Active(file):     313796 kB
Inactive(file):   453716 kB
Unevictable:        1516 kB
Mlocked:               0 kB
HighTotal:        885760 kB
HighFree:           6220 kB
LowTotal:         535800 kB
LowFree:           14376 kB
SwapTotal:             0 kB
SwapFree:              0 kB
Dirty:                 0 kB
Writeback:             0 kB
AnonPages:        391828 kB
Mapped:           392472 kB
Shmem:               744 kB
Slab:              43892 kB
SReclaimable:      14012 kB
SUnreclaim:        29880 kB
KernelStack:       11240 kB
PageTables:        27656 kB
NFS_Unstable:          0 kB
Bounce:                0 kB
WritebackTmp:          0 kB
CommitLimit:      710780 kB
Committed_AS:   37501528 kB
VmallocTotal:     460800 kB
VmallocUsed:       26912 kB
VmallocChunk:     190492 kB
Time pass: 55 sec

---2015-12-16 15:27:45
MemTotal:        1421560 kB
MemFree:           21652 kB
Buffers:           10488 kB
Cached:           750796 kB
SwapCached:            0 kB
Active:           710820 kB
Inactive:         443744 kB
Active(anon):     394884 kB
Inactive(anon):      656 kB
Active(file):     315936 kB
Inactive(file):   443088 kB
Unevictable:        1516 kB
Mlocked:               0 kB
HighTotal:        885760 kB
HighFree:           6212 kB
LowTotal:         535800 kB
LowFree:           15440 kB
SwapTotal:             0 kB
SwapFree:              0 kB
Dirty:                 8 kB
Writeback:             0 kB
AnonPages:        395056 kB
Mapped:           396112 kB
Shmem:               744 kB
Slab:              43932 kB
SReclaimable:      14020 kB
SUnreclaim:        29912 kB
KernelStack:       11224 kB
PageTables:        27668 kB
NFS_Unstable:          0 kB
Bounce:                0 kB
WritebackTmp:          0 kB
CommitLimit:      710780 kB
Committed_AS:   37504068 kB
VmallocTotal:     460800 kB
VmallocUsed:       26924 kB
VmallocChunk:     190492 kB
Time pass: 66 sec

---2015-12-16 15:27:45
MemTotal:        1421560 kB
MemFree:           22864 kB
Buffers:           10272 kB
Cached:           738044 kB
SwapCached:            0 kB
Active:           717504 kB
Inactive:         429540 kB
Active(anon):     400384 kB
Inactive(anon):      656 kB
Active(file):     317120 kB
Inactive(file):   428884 kB
Unevictable:        1516 kB
Mlocked:               0 kB
HighTotal:        885760 kB
HighFree:           6204 kB
LowTotal:         535800 kB
LowFree:           16660 kB
SwapTotal:             0 kB
SwapFree:              0 kB
Dirty:              6524 kB
Writeback:             0 kB
AnonPages:        400392 kB
Mapped:           399908 kB
Shmem:               744 kB
Slab:              44196 kB
SReclaimable:      13956 kB
SUnreclaim:        30240 kB
KernelStack:       11240 kB
PageTables:        27712 kB
NFS_Unstable:          0 kB
Bounce:                0 kB
WritebackTmp:          0 kB
CommitLimit:      710780 kB
Committed_AS:   37509536 kB
VmallocTotal:     460800 kB
VmallocUsed:       26936 kB
VmallocChunk:     190492 kB
Time pass: 75 sec

---2015-12-16 15:27:45
MemTotal:        1421560 kB
MemFree:           22380 kB
Buffers:           10296 kB
Cached:           738100 kB
SwapCached:            0 kB
Active:           717560 kB
Inactive:         429644 kB
Active(anon):     400440 kB
Inactive(anon):      656 kB
Active(file):     317120 kB
Inactive(file):   428988 kB
Unevictable:        1516 kB
Mlocked:               0 kB
HighTotal:        885760 kB
HighFree:           6176 kB
LowTotal:         535800 kB
LowFree:           16204 kB
SwapTotal:             0 kB
SwapFree:              0 kB
Dirty:               156 kB
Writeback:             0 kB
AnonPages:        400416 kB
Mapped:           399852 kB
Shmem:               744 kB
Slab:              44144 kB
SReclaimable:      13964 kB
SUnreclaim:        30180 kB
KernelStack:       11240 kB
PageTables:        27712 kB
NFS_Unstable:          0 kB
Bounce:                0 kB
WritebackTmp:          0 kB
CommitLimit:      710780 kB
Committed_AS:   37510704 kB
VmallocTotal:     460800 kB
VmallocUsed:       26936 kB
VmallocChunk:     190492 kB
Time pass: 79 sec

---2015-12-16 15:27:45
MemTotal:        1421560 kB
MemFree:           22200 kB
Buffers:           10216 kB
Cached:           723100 kB
SwapCached:            0 kB
Active:           725976 kB
Inactive:         413204 kB
Active(anon):     407468 kB
Inactive(anon):      656 kB
Active(file):     318508 kB
Inactive(file):   412548 kB
Unevictable:        1516 kB
Mlocked:               0 kB
HighTotal:        885760 kB
HighFree:           5672 kB
LowTotal:         535800 kB
LowFree:           16528 kB
SwapTotal:             0 kB
SwapFree:              0 kB
Dirty:               524 kB
Writeback:             0 kB
AnonPages:        407568 kB
Mapped:           405784 kB
Shmem:               744 kB
Slab:              44088 kB
SReclaimable:      13932 kB
SUnreclaim:        30156 kB
KernelStack:       11240 kB
PageTables:        27736 kB
NFS_Unstable:          0 kB
Bounce:                0 kB
WritebackTmp:          0 kB
CommitLimit:      710780 kB
Committed_AS:   37516468 kB
VmallocTotal:     460800 kB
VmallocUsed:       26960 kB
VmallocChunk:     190492 kB
Time pass: 82 sec

---2015-12-16 15:27:45
MemTotal:        1421560 kB
MemFree:           19096 kB
Buffers:           10240 kB
Cached:           722080 kB
SwapCached:            0 kB
Active:           731720 kB
Inactive:         412064 kB
Active(anon):     413152 kB
Inactive(anon):      656 kB
Active(file):     318568 kB
Inactive(file):   411408 kB
Unevictable:        1516 kB
Mlocked:               0 kB
HighTotal:        885760 kB
HighFree:           4428 kB
LowTotal:         535800 kB
LowFree:           14668 kB
SwapTotal:             0 kB
SwapFree:              0 kB
Dirty:               272 kB
Writeback:           148 kB
AnonPages:        413188 kB
Mapped:           409512 kB
Shmem:               744 kB
Slab:              43964 kB
SReclaimable:      13932 kB
SUnreclaim:        30032 kB
KernelStack:       11336 kB
PageTables:        27780 kB
NFS_Unstable:          0 kB
Bounce:                0 kB
WritebackTmp:          0 kB
CommitLimit:      710780 kB
Committed_AS:   37528564 kB
VmallocTotal:     460800 kB
VmallocUsed:       26960 kB
VmallocChunk:     190492 kB
Time pass: 86 sec

---2015-12-16 15:27:45
MemTotal:        1421560 kB
MemFree:           32440 kB
Buffers:           10256 kB
Cached:           705592 kB
SwapCached:            0 kB
Active:           734020 kB
Inactive:         395492 kB
Active(anon):     415268 kB
Inactive(anon):      656 kB
Active(file):     318752 kB
Inactive(file):   394836 kB
Unevictable:        1516 kB
Mlocked:               0 kB
HighTotal:        885760 kB
HighFree:          13004 kB
LowTotal:         535800 kB
LowFree:           19436 kB
SwapTotal:             0 kB
SwapFree:              0 kB
Dirty:                72 kB
Writeback:             0 kB
AnonPages:        415252 kB
Mapped:           407764 kB
Shmem:               744 kB
Slab:              44252 kB
SReclaimable:      14000 kB
SUnreclaim:        30252 kB
KernelStack:       11304 kB
PageTables:        27796 kB
NFS_Unstable:          0 kB
Bounce:                0 kB
WritebackTmp:          0 kB
CommitLimit:      710780 kB
Committed_AS:   37530420 kB
VmallocTotal:     460800 kB
VmallocUsed:       26960 kB
VmallocChunk:     190492 kB
Time pass: 91 sec

---2015-12-16 15:27:45
MemTotal:        1421560 kB
MemFree:           23696 kB
Buffers:            9816 kB
Cached:           671036 kB
SwapCached:            0 kB
Active:           732768 kB
Inactive:         358484 kB
Active(anon):     412008 kB
Inactive(anon):      860 kB
Active(file):     320760 kB
Inactive(file):   357624 kB
Unevictable:        1516 kB
Mlocked:               0 kB
HighTotal:        885760 kB
HighFree:           6564 kB
LowTotal:         535800 kB
LowFree:           17132 kB
SwapTotal:             0 kB
SwapFree:              0 kB
Dirty:                48 kB
Writeback:             0 kB
AnonPages:        411984 kB
Mapped:           402084 kB
Shmem:               952 kB
Slab:              43376 kB
SReclaimable:      13060 kB
SUnreclaim:        30316 kB
KernelStack:       11440 kB
PageTables:        28052 kB
NFS_Unstable:          0 kB
Bounce:                0 kB
WritebackTmp:          0 kB
CommitLimit:      710780 kB
Committed_AS:   37538760 kB
VmallocTotal:     460800 kB
VmallocUsed:       29368 kB
VmallocChunk:     180904 kB
Time pass: 98 sec

---2015-12-16 15:27:45
MemTotal:        1421560 kB
MemFree:           23500 kB
Buffers:            9824 kB
Cached:           665764 kB
SwapCached:            0 kB
Active:           733940 kB
Inactive:         353328 kB
Active(anon):     413288 kB
Inactive(anon):      908 kB
Active(file):     320652 kB
Inactive(file):   352420 kB
Unevictable:        1516 kB
Mlocked:               0 kB
HighTotal:        885760 kB
HighFree:           7548 kB
LowTotal:         535800 kB
LowFree:           15952 kB
SwapTotal:             0 kB
SwapFree:              0 kB
Dirty:                 4 kB
Writeback:             0 kB
AnonPages:        413236 kB
Mapped:           401172 kB
Shmem:              1000 kB
Slab:              44340 kB
SReclaimable:      13996 kB
SUnreclaim:        30344 kB
KernelStack:       11456 kB
PageTables:        28088 kB
NFS_Unstable:          0 kB
Bounce:                0 kB
WritebackTmp:          0 kB
CommitLimit:      710780 kB
Committed_AS:   37539708 kB
VmallocTotal:     460800 kB
VmallocUsed:       29368 kB
VmallocChunk:     180904 kB
Time pass: 102 sec

---2015-12-16 15:27:45
MemTotal:        1421560 kB
MemFree:           17800 kB
Buffers:            9848 kB
Cached:           665924 kB
SwapCached:            0 kB
Active:           735948 kB
Inactive:         353484 kB
Active(anon):     415276 kB
Inactive(anon):      928 kB
Active(file):     320672 kB
Inactive(file):   352556 kB
Unevictable:        1516 kB
Mlocked:               0 kB
HighTotal:        885760 kB
HighFree:           4796 kB
LowTotal:         535800 kB
LowFree:           13004 kB
SwapTotal:             0 kB
SwapFree:              0 kB
Dirty:                68 kB
Writeback:             0 kB
AnonPages:        415264 kB
Mapped:           401296 kB
Shmem:              1020 kB
Slab:              44380 kB
SReclaimable:      13996 kB
SUnreclaim:        30384 kB
KernelStack:       11424 kB
PageTables:        27944 kB
NFS_Unstable:          0 kB
Bounce:                0 kB
WritebackTmp:          0 kB
CommitLimit:      710780 kB
Committed_AS:   37541492 kB
VmallocTotal:     460800 kB
VmallocUsed:       29368 kB
VmallocChunk:     180904 kB
Time pass: 108 sec

---2015-12-16 15:27:45
MemTotal:        1421560 kB
MemFree:           19208 kB
Buffers:            9864 kB
Cached:           662208 kB
SwapCached:            0 kB
Active:           739996 kB
Inactive:         348388 kB
Active(anon):     419072 kB
Inactive(anon):      928 kB
Active(file):     320924 kB
Inactive(file):   347460 kB
Unevictable:        2580 kB
Mlocked:               0 kB
HighTotal:        885760 kB
HighFree:           3928 kB
LowTotal:         535800 kB
LowFree:           15280 kB
SwapTotal:             0 kB
SwapFree:              0 kB
Dirty:                56 kB
Writeback:             0 kB
AnonPages:        419260 kB
Mapped:           400236 kB
Shmem:              1020 kB
Slab:              44428 kB
SReclaimable:      14108 kB
SUnreclaim:        30320 kB
KernelStack:       11424 kB
PageTables:        27940 kB
NFS_Unstable:          0 kB
Bounce:                0 kB
WritebackTmp:          0 kB
CommitLimit:      710780 kB
Committed_AS:   37545748 kB
VmallocTotal:     460800 kB
VmallocUsed:       29368 kB
VmallocChunk:     180904 kB
Time pass: 112 sec

---2015-12-16 15:27:45
MemTotal:        1421560 kB
MemFree:           20952 kB
Buffers:           10768 kB
Cached:           658716 kB
SwapCached:            0 kB
Active:           740940 kB
Inactive:         346740 kB
Active(anon):     420888 kB
Inactive(anon):      928 kB
Active(file):     320052 kB
Inactive(file):   345812 kB
Unevictable:        2596 kB
Mlocked:               0 kB
HighTotal:        885760 kB
HighFree:           4796 kB
LowTotal:         535800 kB
LowFree:           16156 kB
SwapTotal:             0 kB
SwapFree:              0 kB
Dirty:               100 kB
Writeback:             0 kB
AnonPages:        421116 kB
Mapped:           399416 kB
Shmem:              1020 kB
Slab:              44268 kB
SReclaimable:      13928 kB
SUnreclaim:        30340 kB
KernelStack:       11424 kB
PageTables:        27944 kB
NFS_Unstable:          0 kB
Bounce:                0 kB
WritebackTmp:          0 kB
CommitLimit:      710780 kB
Committed_AS:   37547040 kB
VmallocTotal:     460800 kB
VmallocUsed:       29368 kB
VmallocChunk:     180904 kB
Time pass: 116 sec

---2015-12-16 15:27:45
MemTotal:        1421560 kB
MemFree:           23892 kB
Buffers:           10732 kB
Cached:           657136 kB
SwapCached:            0 kB
Active:           738640 kB
Inactive:         345828 kB
Active(anon):     419284 kB
Inactive(anon):      656 kB
Active(file):     319356 kB
Inactive(file):   345172 kB
Unevictable:        2596 kB
Mlocked:               0 kB
HighTotal:        885760 kB
HighFree:           7232 kB
LowTotal:         535800 kB
LowFree:           16660 kB
SwapTotal:             0 kB
SwapFree:              0 kB
Dirty:                28 kB
Writeback:             0 kB
AnonPages:        419236 kB
Mapped:           398600 kB
Shmem:               744 kB
Slab:              44192 kB
SReclaimable:      13904 kB
SUnreclaim:        30288 kB
KernelStack:       11304 kB
PageTables:        27832 kB
NFS_Unstable:          0 kB
Bounce:                0 kB
WritebackTmp:          0 kB
CommitLimit:      710780 kB
Committed_AS:   37532932 kB
VmallocTotal:     460800 kB
VmallocUsed:       29368 kB
VmallocChunk:     180904 kB
Time pass: 119 sec

---2015-12-16 15:27:45
MemTotal:        1421560 kB
MemFree:          144160 kB
Buffers:           10780 kB
Cached:           658520 kB
SwapCached:            0 kB
Active:           661016 kB
Inactive:         346128 kB
Active(anon):     340676 kB
Inactive(anon):      656 kB
Active(file):     320340 kB
Inactive(file):   345472 kB
Unevictable:        2596 kB
Mlocked:               0 kB
HighTotal:        885760 kB
HighFree:          83332 kB
LowTotal:         535800 kB
LowFree:           60828 kB
SwapTotal:             0 kB
SwapFree:              0 kB
Dirty:                56 kB
Writeback:             0 kB
AnonPages:        340548 kB
Mapped:           306224 kB
Shmem:               744 kB
Slab:              44208 kB
SReclaimable:      13976 kB
SUnreclaim:        30232 kB
KernelStack:       10824 kB
PageTables:        26280 kB
NFS_Unstable:          0 kB
Bounce:                0 kB
WritebackTmp:          0 kB
CommitLimit:      710780 kB
Committed_AS:   36091704 kB
VmallocTotal:     460800 kB
VmallocUsed:       27220 kB
VmallocChunk:     180904 kB
Time pass: 123 sec

---2015-12-16 15:27:45
MemTotal:        1421560 kB
MemFree:          173388 kB
Buffers:           10848 kB
Cached:           658336 kB
SwapCached:            0 kB
Active:           659496 kB
Inactive:         345980 kB
Active(anon):     338976 kB
Inactive(anon):      528 kB
Active(file):     320520 kB
Inactive(file):   345452 kB
Unevictable:        2596 kB
Mlocked:               0 kB
HighTotal:        885760 kB
HighFree:          99828 kB
LowTotal:         535800 kB
LowFree:           73560 kB
SwapTotal:             0 kB
SwapFree:              0 kB
Dirty:                 0 kB
Writeback:             0 kB
AnonPages:        338876 kB
Mapped:           306720 kB
Shmem:               616 kB
Slab:              44068 kB
SReclaimable:      13984 kB
SUnreclaim:        30084 kB
KernelStack:       10400 kB
PageTables:        26160 kB
NFS_Unstable:          0 kB
Bounce:                0 kB
WritebackTmp:          0 kB
CommitLimit:      710780 kB
Committed_AS:   36090540 kB
VmallocTotal:     460800 kB
VmallocUsed:       27020 kB
VmallocChunk:     180904 kB
Time pass: 126 sec

---2015-12-16 15:27:45
MemTotal:        1421560 kB
MemFree:          176056 kB
Buffers:           10848 kB
Cached:           658428 kB
SwapCached:            0 kB
Active:           656288 kB
Inactive:         346052 kB
Active(anon):     335748 kB
Inactive(anon):      528 kB
Active(file):     320540 kB
Inactive(file):   345524 kB
Unevictable:        2596 kB
Mlocked:               0 kB
HighTotal:        885760 kB
HighFree:         101316 kB
LowTotal:         535800 kB
LowFree:           74740 kB
SwapTotal:             0 kB
SwapFree:              0 kB
Dirty:                 0 kB
Writeback:             0 kB
AnonPages:        335756 kB
Mapped:           306576 kB
Shmem:               616 kB
Slab:              44108 kB
SReclaimable:      13984 kB
SUnreclaim:        30124 kB
KernelStack:       10400 kB
PageTables:        26156 kB
NFS_Unstable:          0 kB
Bounce:                0 kB
WritebackTmp:          0 kB
CommitLimit:      710780 kB
Committed_AS:   36054672 kB
VmallocTotal:     460800 kB
VmallocUsed:       27020 kB
VmallocChunk:     180904 kB
Time pass: 130 sec

---2015-12-16 15:27:45
MemTotal:        1421560 kB
MemFree:          176060 kB
Buffers:           10856 kB
Cached:           658428 kB
SwapCached:            0 kB
Active:           656312 kB
Inactive:         346052 kB
Active(anon):     335772 kB
Inactive(anon):      528 kB
Active(file):     320540 kB
Inactive(file):   345524 kB
Unevictable:        2596 kB
Mlocked:               0 kB
HighTotal:        885760 kB
HighFree:         101280 kB
LowTotal:         535800 kB
LowFree:           74780 kB
SwapTotal:             0 kB
SwapFree:              0 kB
Dirty:                48 kB
Writeback:             0 kB
AnonPages:        335796 kB
Mapped:           306576 kB
Shmem:               616 kB
Slab:              44092 kB
SReclaimable:      13984 kB
SUnreclaim:        30108 kB
KernelStack:       10400 kB
PageTables:        26156 kB
NFS_Unstable:          0 kB
Bounce:                0 kB
WritebackTmp:          0 kB
CommitLimit:      710780 kB
Committed_AS:   36054736 kB
VmallocTotal:     460800 kB
VmallocUsed:       27020 kB
VmallocChunk:     180904 kB
Time pass: 133 sec

---2015-12-16 15:27:45
MemTotal:        1421560 kB
MemFree:          176044 kB
Buffers:           10856 kB
Cached:           658428 kB
SwapCached:            0 kB
Active:           656736 kB
Inactive:         346060 kB
Active(anon):     336196 kB
Inactive(anon):      528 kB
Active(file):     320540 kB
Inactive(file):   345532 kB
Unevictable:        2596 kB
Mlocked:               0 kB
HighTotal:        885760 kB
HighFree:         101276 kB
LowTotal:         535800 kB
LowFree:           74768 kB
SwapTotal:             0 kB
SwapFree:              0 kB
Dirty:                48 kB
Writeback:             0 kB
AnonPages:        336144 kB
Mapped:           306724 kB
Shmem:               616 kB
Slab:              44176 kB
SReclaimable:      14072 kB
SUnreclaim:        30104 kB
KernelStack:       10400 kB
PageTables:        26156 kB
NFS_Unstable:          0 kB
Bounce:                0 kB
WritebackTmp:          0 kB
CommitLimit:      710780 kB
Committed_AS:   36054920 kB
VmallocTotal:     460800 kB
VmallocUsed:       24612 kB
VmallocChunk:     190492 kB
Time pass: 137 sec

---2015-12-16 15:27:45
MemTotal:        1421560 kB
MemFree:          176724 kB
Buffers:           10856 kB
Cached:           658428 kB
SwapCached:            0 kB
Active:           655840 kB
Inactive:         346060 kB
Active(anon):     335300 kB
Inactive(anon):      528 kB
Active(file):     320540 kB
Inactive(file):   345532 kB
Unevictable:        2596 kB
Mlocked:               0 kB
HighTotal:        885760 kB
HighFree:         102004 kB
LowTotal:         535800 kB
LowFree:           74720 kB
SwapTotal:             0 kB
SwapFree:              0 kB
Dirty:                 0 kB
Writeback:             0 kB
AnonPages:        335288 kB
Mapped:           306436 kB
Shmem:               616 kB
Slab:              44256 kB
SReclaimable:      14072 kB
SUnreclaim:        30184 kB
KernelStack:       10400 kB
PageTables:        26156 kB
NFS_Unstable:          0 kB
Bounce:                0 kB
WritebackTmp:          0 kB
CommitLimit:      710780 kB
Committed_AS:   36055064 kB
VmallocTotal:     460800 kB
VmallocUsed:       24612 kB
VmallocChunk:     190492 kB
Time pass: 140 sec

---2015-12-16 15:27:45
MemTotal:        1421560 kB
MemFree:          176784 kB
Buffers:           10856 kB
Cached:           658428 kB
SwapCached:            0 kB
Active:           655964 kB
Inactive:         346060 kB
Active(anon):     335424 kB
Inactive(anon):      528 kB
Active(file):     320540 kB
Inactive(file):   345532 kB
Unevictable:        2596 kB
Mlocked:               0 kB
HighTotal:        885760 kB
HighFree:         101908 kB
LowTotal:         535800 kB
LowFree:           74876 kB
SwapTotal:             0 kB
SwapFree:              0 kB
Dirty:                 0 kB
Writeback:             0 kB
AnonPages:        335384 kB
Mapped:           306436 kB
Shmem:               616 kB
Slab:              44224 kB
SReclaimable:      14072 kB
SUnreclaim:        30152 kB
KernelStack:       10400 kB
PageTables:        26152 kB
NFS_Unstable:          0 kB
Bounce:                0 kB
WritebackTmp:          0 kB
CommitLimit:      710780 kB
Committed_AS:   36055144 kB
VmallocTotal:     460800 kB
VmallocUsed:       24612 kB
VmallocChunk:     190492 kB
Time pass: 144 sec

---2015-12-16 15:27:45
MemTotal:        1421560 kB
MemFree:          176780 kB
Buffers:           10856 kB
Cached:           658428 kB
SwapCached:            0 kB
Active:           656040 kB
Inactive:         346060 kB
Active(anon):     335500 kB
Inactive(anon):      528 kB
Active(file):     320540 kB
Inactive(file):   345532 kB
Unevictable:        2596 kB
Mlocked:               0 kB
HighTotal:        885760 kB
HighFree:         101872 kB
LowTotal:         535800 kB
LowFree:           74908 kB
SwapTotal:             0 kB
SwapFree:              0 kB
Dirty:                 0 kB
Writeback:             0 kB
AnonPages:        335528 kB
Mapped:           306384 kB
Shmem:               616 kB
Slab:              44208 kB
SReclaimable:      14072 kB
SUnreclaim:        30136 kB
KernelStack:       10384 kB
PageTables:        26136 kB
NFS_Unstable:          0 kB
Bounce:                0 kB
WritebackTmp:          0 kB
CommitLimit:      710780 kB
Committed_AS:   36055224 kB
VmallocTotal:     460800 kB
VmallocUsed:       24612 kB
VmallocChunk:     190492 kB
Time pass: 148 sec

---2015-12-16 15:27:45
MemTotal:        1421560 kB
MemFree:          176504 kB
Buffers:           10856 kB
Cached:           658428 kB
SwapCached:            0 kB
Active:           656092 kB
Inactive:         346060 kB
Active(anon):     335552 kB
Inactive(anon):      528 kB
Active(file):     320540 kB
Inactive(file):   345532 kB
Unevictable:        2596 kB
Mlocked:               0 kB
HighTotal:        885760 kB
HighFree:         101692 kB
LowTotal:         535800 kB
LowFree:           74812 kB
SwapTotal:             0 kB
SwapFree:              0 kB
Dirty:                 0 kB
Writeback:             0 kB
AnonPages:        335656 kB
Mapped:           306288 kB
Shmem:               616 kB
Slab:              44288 kB
SReclaimable:      14072 kB
SUnreclaim:        30216 kB
KernelStack:       10400 kB
PageTables:        26152 kB
NFS_Unstable:          0 kB
Bounce:                0 kB
WritebackTmp:          0 kB
CommitLimit:      710780 kB
Committed_AS:   36055416 kB
VmallocTotal:     460800 kB
VmallocUsed:       24612 kB
VmallocChunk:     190492 kB
Time pass: 151 sec

---2015-12-16 15:27:45
MemTotal:        1421560 kB
MemFree:          176380 kB
Buffers:           10856 kB
Cached:           658428 kB
SwapCached:            0 kB
Active:           656316 kB
Inactive:         346060 kB
Active(anon):     335776 kB
Inactive(anon):      528 kB
Active(file):     320540 kB
Inactive(file):   345532 kB
Unevictable:        2596 kB
Mlocked:               0 kB
HighTotal:        885760 kB
HighFree:         101504 kB
LowTotal:         535800 kB
LowFree:           74876 kB
SwapTotal:             0 kB
SwapFree:              0 kB
Dirty:                 0 kB
Writeback:             0 kB
AnonPages:        335724 kB
Mapped:           306436 kB
Shmem:               616 kB
Slab:              44204 kB
SReclaimable:      14072 kB
SUnreclaim:        30132 kB
KernelStack:       10400 kB
PageTables:        26152 kB
NFS_Unstable:          0 kB
Bounce:                0 kB
WritebackTmp:          0 kB
CommitLimit:      710780 kB
Committed_AS:   36055496 kB
VmallocTotal:     460800 kB
VmallocUsed:       24612 kB
VmallocChunk:     190492 kB
Time pass: 155 sec

---2015-12-16 15:27:45
MemTotal:        1421560 kB
MemFree:          176736 kB
Buffers:           10856 kB
Cached:           658428 kB
SwapCached:            0 kB
Active:           656348 kB
Inactive:         346060 kB
Active(anon):     335808 kB
Inactive(anon):      528 kB
Active(file):     320540 kB
Inactive(file):   345532 kB
Unevictable:        2596 kB
Mlocked:               0 kB
HighTotal:        885760 kB
HighFree:         101752 kB
LowTotal:         535800 kB
LowFree:           74984 kB
SwapTotal:             0 kB
SwapFree:              0 kB
Dirty:                 0 kB
Writeback:             0 kB
AnonPages:        335876 kB
Mapped:           306440 kB
Shmem:               616 kB
Slab:              44172 kB
SReclaimable:      14072 kB
SUnreclaim:        30100 kB
KernelStack:       10400 kB
PageTables:        26152 kB
NFS_Unstable:          0 kB
Bounce:                0 kB
WritebackTmp:          0 kB
CommitLimit:      710780 kB
Committed_AS:   36055656 kB
VmallocTotal:     460800 kB
VmallocUsed:       24612 kB
VmallocChunk:     190492 kB
Time pass: 158 sec

---2015-12-16 15:27:45
MemTotal:        1421560 kB
MemFree:          176616 kB
Buffers:           10856 kB
Cached:           658428 kB
SwapCached:            0 kB
Active:           656404 kB
Inactive:         346060 kB
Active(anon):     335864 kB
Inactive(anon):      528 kB
Active(file):     320540 kB
Inactive(file):   345532 kB
Unevictable:        2596 kB
Mlocked:               0 kB
HighTotal:        885760 kB
HighFree:         101708 kB
LowTotal:         535800 kB
LowFree:           74908 kB
SwapTotal:             0 kB
SwapFree:              0 kB
Dirty:                 0 kB
Writeback:             0 kB
AnonPages:        335968 kB
Mapped:           306292 kB
Shmem:               616 kB
Slab:              44168 kB
SReclaimable:      14072 kB
SUnreclaim:        30096 kB
KernelStack:       10400 kB
PageTables:        26156 kB
NFS_Unstable:          0 kB
Bounce:                0 kB
WritebackTmp:          0 kB
CommitLimit:      710780 kB
Committed_AS:   36055700 kB
VmallocTotal:     460800 kB
VmallocUsed:       24612 kB
VmallocChunk:     190492 kB
Time pass: 162 sec

---2015-12-16 15:27:45
MemTotal:        1421560 kB
MemFree:          176548 kB
Buffers:           10856 kB
Cached:           658428 kB
SwapCached:            0 kB
Active:           656480 kB
Inactive:         346060 kB
Active(anon):     335940 kB
Inactive(anon):      528 kB
Active(file):     320540 kB
Inactive(file):   345532 kB
Unevictable:        2596 kB
Mlocked:               0 kB
HighTotal:        885760 kB
HighFree:         101640 kB
LowTotal:         535800 kB
LowFree:           74908 kB
SwapTotal:             0 kB
SwapFree:              0 kB
Dirty:                 0 kB
Writeback:             0 kB
AnonPages:        336040 kB
Mapped:           306292 kB
Shmem:               616 kB
Slab:              44168 kB
SReclaimable:      14072 kB
SUnreclaim:        30096 kB
KernelStack:       10400 kB
PageTables:        26152 kB
NFS_Unstable:          0 kB
Bounce:                0 kB
WritebackTmp:          0 kB
CommitLimit:      710780 kB
Committed_AS:   36055772 kB
VmallocTotal:     460800 kB
VmallocUsed:       24612 kB
VmallocChunk:     190492 kB
Time pass: 165 sec

---2015-12-16 15:27:45
MemTotal:        1421560 kB
MemFree:          173244 kB
Buffers:           10856 kB
Cached:           658576 kB
SwapCached:            0 kB
Active:           659464 kB
Inactive:         346156 kB
Active(anon):     338820 kB
Inactive(anon):      528 kB
Active(file):     320644 kB
Inactive(file):   345628 kB
Unevictable:        2596 kB
Mlocked:               0 kB
HighTotal:        885760 kB
HighFree:          98868 kB
LowTotal:         535800 kB
LowFree:           74376 kB
SwapTotal:             0 kB
SwapFree:              0 kB
Dirty:                 0 kB
Writeback:             0 kB
AnonPages:        338792 kB
Mapped:           314700 kB
Shmem:               616 kB
Slab:              44188 kB
SReclaimable:      14072 kB
SUnreclaim:        30116 kB
KernelStack:       10464 kB
PageTables:        26584 kB
NFS_Unstable:          0 kB
Bounce:                0 kB
WritebackTmp:          0 kB
CommitLimit:      710780 kB
Committed_AS:   36785748 kB
VmallocTotal:     460800 kB
VmallocUsed:       25632 kB
VmallocChunk:     165916 kB
Time pass: 169 sec

---2015-12-16 15:27:45
MemTotal:        1421560 kB
MemFree:          142864 kB
Buffers:           10988 kB
Cached:           659696 kB
SwapCached:            0 kB
Active:           679196 kB
Inactive:         345552 kB
Active(anon):     356748 kB
Inactive(anon):      660 kB
Active(file):     322448 kB
Inactive(file):   344892 kB
Unevictable:        2596 kB
Mlocked:               0 kB
HighTotal:        885760 kB
HighFree:          68440 kB
LowTotal:         535800 kB
LowFree:           74424 kB
SwapTotal:             0 kB
SwapFree:              0 kB
Dirty:               872 kB
Writeback:             0 kB
AnonPages:        356708 kB
Mapped:           333812 kB
Shmem:               748 kB
Slab:              44236 kB
SReclaimable:      14076 kB
SUnreclaim:        30160 kB
KernelStack:       10896 kB
PageTables:        26948 kB
NFS_Unstable:          0 kB
Bounce:                0 kB
WritebackTmp:          0 kB
CommitLimit:      710780 kB
Committed_AS:   36902588 kB
VmallocTotal:     460800 kB
VmallocUsed:       25768 kB
VmallocChunk:     165916 kB
Time pass: 172 sec

---2015-12-16 15:27:45
MemTotal:        1421560 kB
MemFree:          109192 kB
Buffers:           10988 kB
Cached:           661328 kB
SwapCached:            0 kB
Active:           692460 kB
Inactive:         346424 kB
Active(anon):     369432 kB
Inactive(anon):      660 kB
Active(file):     323028 kB
Inactive(file):   345764 kB
Unevictable:        2596 kB
Mlocked:               0 kB
HighTotal:        885760 kB
HighFree:          41196 kB
LowTotal:         535800 kB
LowFree:           67996 kB
SwapTotal:             0 kB
SwapFree:              0 kB
Dirty:               616 kB
Writeback:             0 kB
AnonPages:        369464 kB
Mapped:           346324 kB
Shmem:               748 kB
Slab:              44268 kB
SReclaimable:      14080 kB
SUnreclaim:        30188 kB
KernelStack:       11000 kB
PageTables:        27048 kB
NFS_Unstable:          0 kB
Bounce:                0 kB
WritebackTmp:          0 kB
CommitLimit:      710780 kB
Committed_AS:   36849592 kB
VmallocTotal:     460800 kB
VmallocUsed:       25816 kB
VmallocChunk:     165916 kB
Time pass: 176 sec

---2015-12-16 15:27:45
MemTotal:        1421560 kB
MemFree:           90700 kB
Buffers:           10996 kB
Cached:           661484 kB
SwapCached:            0 kB
Active:           697400 kB
Inactive:         346720 kB
Active(anon):     374324 kB
Inactive(anon):      660 kB
Active(file):     323076 kB
Inactive(file):   346060 kB
Unevictable:        2596 kB
Mlocked:               0 kB
HighTotal:        885760 kB
HighFree:          22728 kB
LowTotal:         535800 kB
LowFree:           67972 kB
SwapTotal:             0 kB
SwapFree:              0 kB
Dirty:               256 kB
Writeback:             0 kB
AnonPages:        374324 kB
Mapped:           357448 kB
Shmem:               748 kB
Slab:              44124 kB
SReclaimable:      14080 kB
SUnreclaim:        30044 kB
KernelStack:       10976 kB
PageTables:        27068 kB
NFS_Unstable:          0 kB
Bounce:                0 kB
WritebackTmp:          0 kB
CommitLimit:      710780 kB
Committed_AS:   36854680 kB
VmallocTotal:     460800 kB
VmallocUsed:       25852 kB
VmallocChunk:     165916 kB
Time pass: 180 sec

---2015-12-16 15:27:45
MemTotal:        1421560 kB
MemFree:           66876 kB
Buffers:           11004 kB
Cached:           668496 kB
SwapCached:            0 kB
Active:           714632 kB
Inactive:         339824 kB
Active(anon):     377656 kB
Inactive(anon):      660 kB
Active(file):     336976 kB
Inactive(file):   339164 kB
Unevictable:        2596 kB
Mlocked:               0 kB
HighTotal:        885760 kB
HighFree:           4536 kB
LowTotal:         535800 kB
LowFree:           62340 kB
SwapTotal:             0 kB
SwapFree:              0 kB
Dirty:              7360 kB
Writeback:             0 kB
AnonPages:        377508 kB
Mapped:           371236 kB
Shmem:               748 kB
Slab:              44280 kB
SReclaimable:      14188 kB
SUnreclaim:        30092 kB
KernelStack:       10976 kB
PageTables:        27108 kB
NFS_Unstable:          0 kB
Bounce:                0 kB
WritebackTmp:          0 kB
CommitLimit:      710780 kB
Committed_AS:   36857868 kB
VmallocTotal:     460800 kB
VmallocUsed:       25868 kB
VmallocChunk:     165916 kB
Time pass: 183 sec

---2015-12-16 15:27:45
MemTotal:        1421560 kB
MemFree:           57932 kB
Buffers:           11004 kB
Cached:           668644 kB
SwapCached:            0 kB
Active:           715532 kB
Inactive:         339740 kB
Active(anon):     378308 kB
Inactive(anon):      660 kB
Active(file):     337224 kB
Inactive(file):   339080 kB
Unevictable:        2596 kB
Mlocked:               0 kB
HighTotal:        885760 kB
HighFree:           4436 kB
LowTotal:         535800 kB
LowFree:           53496 kB
SwapTotal:             0 kB
SwapFree:              0 kB
Dirty:              6648 kB
Writeback:             0 kB
AnonPages:        378352 kB
Mapped:           378068 kB
Shmem:               748 kB
Slab:              44308 kB
SReclaimable:      14188 kB
SUnreclaim:        30120 kB
KernelStack:       10976 kB
PageTables:        27128 kB
NFS_Unstable:          0 kB
Bounce:                0 kB
WritebackTmp:          0 kB
CommitLimit:      710780 kB
Committed_AS:   36858664 kB
VmallocTotal:     460800 kB
VmallocUsed:       25892 kB
VmallocChunk:     165916 kB
Time pass: 186 sec

---2015-12-16 15:27:45
MemTotal:        1421560 kB
MemFree:           42528 kB
Buffers:           11028 kB
Cached:           668688 kB
SwapCached:            0 kB
Active:           722644 kB
Inactive:         339784 kB
Active(anon):     385396 kB
Inactive(anon):      660 kB
Active(file):     337248 kB
Inactive(file):   339124 kB
Unevictable:        2596 kB
Mlocked:               0 kB
HighTotal:        885760 kB
HighFree:           4436 kB
LowTotal:         535800 kB
LowFree:           38092 kB
SwapTotal:             0 kB
SwapFree:              0 kB
Dirty:               584 kB
Writeback:             0 kB
AnonPages:        385176 kB
Mapped:           385208 kB
Shmem:               748 kB
Slab:              44440 kB
SReclaimable:      14188 kB
SUnreclaim:        30252 kB
KernelStack:       10976 kB
PageTables:        27164 kB
NFS_Unstable:          0 kB
Bounce:                0 kB
WritebackTmp:          0 kB
CommitLimit:      710780 kB
Committed_AS:   36862280 kB
VmallocTotal:     460800 kB
VmallocUsed:       25916 kB
VmallocChunk:     165916 kB
Time pass: 190 sec

---2015-12-16 15:27:45
MemTotal:        1421560 kB
MemFree:           41752 kB
Buffers:           11028 kB
Cached:           668688 kB
SwapCached:            0 kB
Active:           722744 kB
Inactive:         339784 kB
Active(anon):     385496 kB
Inactive(anon):      660 kB
Active(file):     337248 kB
Inactive(file):   339124 kB
Unevictable:        2596 kB
Mlocked:               0 kB
HighTotal:        885760 kB
HighFree:           4488 kB
LowTotal:         535800 kB
LowFree:           37264 kB
SwapTotal:             0 kB
SwapFree:              0 kB
Dirty:               584 kB
Writeback:             0 kB
AnonPages:        385404 kB
Mapped:           386436 kB
Shmem:               748 kB
Slab:              44416 kB
SReclaimable:      14188 kB
SUnreclaim:        30228 kB
KernelStack:       10984 kB
PageTables:        27168 kB
NFS_Unstable:          0 kB
Bounce:                0 kB
WritebackTmp:          0 kB
CommitLimit:      710780 kB
Committed_AS:   36862448 kB
VmallocTotal:     460800 kB
VmallocUsed:       25916 kB
VmallocChunk:     165916 kB
Time pass: 193 sec

---2015-12-16 15:27:45
MemTotal:        1421560 kB
MemFree:           41152 kB
Buffers:           11036 kB
Cached:           668688 kB
SwapCached:            0 kB
Active:           722916 kB
Inactive:         339784 kB
Active(anon):     385668 kB
Inactive(anon):      660 kB
Active(file):     337248 kB
Inactive(file):   339124 kB
Unevictable:        2596 kB
Mlocked:               0 kB
HighTotal:        885760 kB
HighFree:           4384 kB
LowTotal:         535800 kB
LowFree:           36768 kB
SwapTotal:             0 kB
SwapFree:              0 kB
Dirty:                 0 kB
Writeback:             0 kB
AnonPages:        385676 kB
Mapped:           386312 kB
Shmem:               748 kB
Slab:              44468 kB
SReclaimable:      14188 kB
SUnreclaim:        30280 kB
KernelStack:       10984 kB
PageTables:        27168 kB
NFS_Unstable:          0 kB
Bounce:                0 kB
WritebackTmp:          0 kB
CommitLimit:      710780 kB
Committed_AS:   36862840 kB
VmallocTotal:     460800 kB
VmallocUsed:       25916 kB
VmallocChunk:     165916 kB
Time pass: 197 sec

---2015-12-16 15:27:45
MemTotal:        1421560 kB
MemFree:           38748 kB
Buffers:           11044 kB
Cached:           669012 kB
SwapCached:            0 kB
Active:           724516 kB
Inactive:         340116 kB
Active(anon):     387268 kB
Inactive(anon):      660 kB
Active(file):     337248 kB
Inactive(file):   339456 kB
Unevictable:        2596 kB
Mlocked:               0 kB
HighTotal:        885760 kB
HighFree:           7056 kB
LowTotal:         535800 kB
LowFree:           31692 kB
SwapTotal:             0 kB
SwapFree:              0 kB
Dirty:                48 kB
Writeback:             0 kB
AnonPages:        387360 kB
Mapped:           388140 kB
Shmem:               748 kB
Slab:              44552 kB
SReclaimable:      14188 kB
SUnreclaim:        30364 kB
KernelStack:       10992 kB
PageTables:        27168 kB
NFS_Unstable:          0 kB
Bounce:                0 kB
WritebackTmp:          0 kB
CommitLimit:      710780 kB
Committed_AS:   36904512 kB
VmallocTotal:     460800 kB
VmallocUsed:       25916 kB
VmallocChunk:     165916 kB
Time pass: 201 sec

---2015-12-16 15:27:45
MemTotal:        1421560 kB
MemFree:           28804 kB
Buffers:           11076 kB
Cached:           669268 kB
SwapCached:            0 kB
Active:           736336 kB
Inactive:         339268 kB
Active(anon):     397948 kB
Inactive(anon):      908 kB
Active(file):     338388 kB
Inactive(file):   338360 kB
Unevictable:        2596 kB
Mlocked:               0 kB
HighTotal:        885760 kB
HighFree:           4412 kB
LowTotal:         535800 kB
LowFree:           24392 kB
SwapTotal:             0 kB
SwapFree:              0 kB
Dirty:                 0 kB
Writeback:            24 kB
AnonPages:        398144 kB
Mapped:           389696 kB
Shmem:              1000 kB
Slab:              44456 kB
SReclaimable:      14188 kB
SUnreclaim:        30268 kB
KernelStack:       11184 kB
PageTables:        27408 kB
NFS_Unstable:          0 kB
Bounce:                0 kB
WritebackTmp:          0 kB
CommitLimit:      710780 kB
Committed_AS:   36928576 kB
VmallocTotal:     460800 kB
VmallocUsed:       28324 kB
VmallocChunk:     165916 kB
Time pass: 205 sec

---2015-12-16 15:27:45
MemTotal:        1421560 kB
MemFree:           26136 kB
Buffers:           11092 kB
Cached:           669436 kB
SwapCached:            0 kB
Active:           740428 kB
Inactive:         339464 kB
Active(anon):     402052 kB
Inactive(anon):     1072 kB
Active(file):     338376 kB
Inactive(file):   338392 kB
Unevictable:        2596 kB
Mlocked:               0 kB
HighTotal:        885760 kB
HighFree:           4256 kB
LowTotal:         535800 kB
LowFree:           21880 kB
SwapTotal:             0 kB
SwapFree:              0 kB
Dirty:                44 kB
Writeback:             0 kB
AnonPages:        402188 kB
Mapped:           387452 kB
Shmem:              1164 kB
Slab:              44580 kB
SReclaimable:      14188 kB
SUnreclaim:        30392 kB
KernelStack:       11192 kB
PageTables:        27408 kB
NFS_Unstable:          0 kB
Bounce:                0 kB
WritebackTmp:          0 kB
CommitLimit:      710780 kB
Committed_AS:   36900624 kB
VmallocTotal:     460800 kB
VmallocUsed:       28324 kB
VmallocChunk:     165916 kB
Time pass: 210 sec

---2015-12-16 15:27:45
MemTotal:        1421560 kB
MemFree:           22324 kB
Buffers:           11124 kB
Cached:           669436 kB
SwapCached:            0 kB
Active:           744848 kB
Inactive:         339496 kB
Active(anon):     406472 kB
Inactive(anon):     1072 kB
Active(file):     338376 kB
Inactive(file):   338424 kB
Unevictable:        2596 kB
Mlocked:               0 kB
HighTotal:        885760 kB
HighFree:           4256 kB
LowTotal:         535800 kB
LowFree:           18068 kB
SwapTotal:             0 kB
SwapFree:              0 kB
Dirty:                36 kB
Writeback:             0 kB
AnonPages:        406680 kB
Mapped:           387304 kB
Shmem:              1164 kB
Slab:              44460 kB
SReclaimable:      14192 kB
SUnreclaim:        30268 kB
KernelStack:       11192 kB
PageTables:        27416 kB
NFS_Unstable:          0 kB
Bounce:                0 kB
WritebackTmp:          0 kB
CommitLimit:      710780 kB
Committed_AS:   36904272 kB
VmallocTotal:     460800 kB
VmallocUsed:       28324 kB
VmallocChunk:     165916 kB
Time pass: 215 sec

---2015-12-16 15:27:45
MemTotal:        1421560 kB
MemFree:           19344 kB
Buffers:           11192 kB
Cached:           669424 kB
SwapCached:            0 kB
Active:           746760 kB
Inactive:         339552 kB
Active(anon):     408384 kB
Inactive(anon):     1072 kB
Active(file):     338376 kB
Inactive(file):   338480 kB
Unevictable:        2596 kB
Mlocked:               0 kB
HighTotal:        885760 kB
HighFree:           4256 kB
LowTotal:         535800 kB
LowFree:           15088 kB
SwapTotal:             0 kB
SwapFree:              0 kB
Dirty:                40 kB
Writeback:             0 kB
AnonPages:        408312 kB
Mapped:           387496 kB
Shmem:              1164 kB
Slab:              44592 kB
SReclaimable:      14192 kB
SUnreclaim:        30400 kB
KernelStack:       11208 kB
PageTables:        27420 kB
NFS_Unstable:          0 kB
Bounce:                0 kB
WritebackTmp:          0 kB
CommitLimit:      710780 kB
Committed_AS:   36906000 kB
VmallocTotal:     460800 kB
VmallocUsed:       28324 kB
VmallocChunk:     165916 kB
Time pass: 219 sec

---2015-12-16 15:27:45
MemTotal:        1421560 kB
MemFree:           26024 kB
Buffers:           11208 kB
Cached:           667924 kB
SwapCached:            0 kB
Active:           747080 kB
Inactive:         338940 kB
Active(anon):     409576 kB
Inactive(anon):     1120 kB
Active(file):     337504 kB
Inactive(file):   337820 kB
Unevictable:        2596 kB
Mlocked:               0 kB
HighTotal:        885760 kB
HighFree:           5704 kB
LowTotal:         535800 kB
LowFree:           20320 kB
SwapTotal:             0 kB
SwapFree:              0 kB
Dirty:                44 kB
Writeback:             0 kB
AnonPages:        409624 kB
Mapped:           387352 kB
Shmem:              1212 kB
Slab:              44636 kB
SReclaimable:      14264 kB
SUnreclaim:        30372 kB
KernelStack:       11192 kB
PageTables:        27404 kB
NFS_Unstable:          0 kB
Bounce:                0 kB
WritebackTmp:          0 kB
CommitLimit:      710780 kB
Committed_AS:   36905884 kB
VmallocTotal:     460800 kB
VmallocUsed:       28324 kB
VmallocChunk:     165916 kB
Time pass: 224 sec

---2015-12-16 15:27:45
MemTotal:        1421560 kB
MemFree:           26808 kB
Buffers:           11208 kB
Cached:           667924 kB
SwapCached:            0 kB
Active:           746292 kB
Inactive:         338940 kB
Active(anon):     408788 kB
Inactive(anon):     1120 kB
Active(file):     337504 kB
Inactive(file):   337820 kB
Unevictable:        2596 kB
Mlocked:               0 kB
HighTotal:        885760 kB
HighFree:           4340 kB
LowTotal:         535800 kB
LowFree:           22468 kB
SwapTotal:             0 kB
SwapFree:              0 kB
Dirty:                 0 kB
Writeback:             0 kB
AnonPages:        408816 kB
Mapped:           387408 kB
Shmem:              1212 kB
Slab:              44632 kB
SReclaimable:      14264 kB
SUnreclaim:        30368 kB
KernelStack:       11208 kB
PageTables:        27420 kB
NFS_Unstable:          0 kB
Bounce:                0 kB
WritebackTmp:          0 kB
CommitLimit:      710780 kB
Committed_AS:   36905008 kB
VmallocTotal:     460800 kB
VmallocUsed:       28324 kB
VmallocChunk:     165916 kB
Time pass: 228 sec

---2015-12-16 15:27:45
MemTotal:        1421560 kB
MemFree:           29192 kB
Buffers:           11232 kB
Cached:           667924 kB
SwapCached:            0 kB
Active:           744456 kB
Inactive:         338964 kB
Active(anon):     406952 kB
Inactive(anon):     1120 kB
Active(file):     337504 kB
Inactive(file):   337844 kB
Unevictable:        2596 kB
Mlocked:               0 kB
HighTotal:        885760 kB
HighFree:           4372 kB
LowTotal:         535800 kB
LowFree:           24820 kB
SwapTotal:             0 kB
SwapFree:              0 kB
Dirty:                36 kB
Writeback:             0 kB
AnonPages:        406932 kB
Mapped:           387364 kB
Shmem:              1212 kB
Slab:              44564 kB
SReclaimable:      14264 kB
SUnreclaim:        30300 kB
KernelStack:       11184 kB
PageTables:        27412 kB
NFS_Unstable:          0 kB
Bounce:                0 kB
WritebackTmp:          0 kB
CommitLimit:      710780 kB
Committed_AS:   36903904 kB
VmallocTotal:     460800 kB
VmallocUsed:       28324 kB
VmallocChunk:     165916 kB
Time pass: 232 sec

---2015-12-16 15:27:45
MemTotal:        1421560 kB
MemFree:           28844 kB
Buffers:           11248 kB
Cached:           667924 kB
SwapCached:            0 kB
Active:           744848 kB
Inactive:         338980 kB
Active(anon):     407344 kB
Inactive(anon):     1120 kB
Active(file):     337504 kB
Inactive(file):   337860 kB
Unevictable:        2596 kB
Mlocked:               0 kB
HighTotal:        885760 kB
HighFree:           4372 kB
LowTotal:         535800 kB
LowFree:           24472 kB
SwapTotal:             0 kB
SwapFree:              0 kB
Dirty:                40 kB
Writeback:             0 kB
AnonPages:        407236 kB
Mapped:           387420 kB
Shmem:              1212 kB
Slab:              44628 kB
SReclaimable:      14264 kB
SUnreclaim:        30364 kB
KernelStack:       11192 kB
PageTables:        27420 kB
NFS_Unstable:          0 kB
Bounce:                0 kB
WritebackTmp:          0 kB
CommitLimit:      710780 kB
Committed_AS:   36904164 kB
VmallocTotal:     460800 kB
VmallocUsed:       28324 kB
VmallocChunk:     165916 kB
Time pass: 236 sec

---2015-12-16 15:27:45
MemTotal:        1421560 kB
MemFree:           28800 kB
Buffers:           11248 kB
Cached:           667924 kB
SwapCached:            0 kB
Active:           744936 kB
Inactive:         338980 kB
Active(anon):     407432 kB
Inactive(anon):     1120 kB
Active(file):     337504 kB
Inactive(file):   337860 kB
Unevictable:        2596 kB
Mlocked:               0 kB
HighTotal:        885760 kB
HighFree:           4372 kB
LowTotal:         535800 kB
LowFree:           24428 kB
SwapTotal:             0 kB
SwapFree:              0 kB
Dirty:                40 kB
Writeback:             0 kB
AnonPages:        407380 kB
Mapped:           387420 kB
Shmem:              1212 kB
Slab:              44612 kB
SReclaimable:      14264 kB
SUnreclaim:        30348 kB
KernelStack:       11200 kB
PageTables:        27428 kB
NFS_Unstable:          0 kB
Bounce:                0 kB
WritebackTmp:          0 kB
CommitLimit:      710780 kB
Committed_AS:   36904264 kB
VmallocTotal:     460800 kB
VmallocUsed:       28324 kB
VmallocChunk:     165916 kB
Time pass: 239 sec

---2015-12-16 15:27:45
MemTotal:        1421560 kB
MemFree:           28224 kB
Buffers:           11272 kB
Cached:           667924 kB
SwapCached:            0 kB
Active:           745372 kB
Inactive:         339004 kB
Active(anon):     407868 kB
Inactive(anon):     1120 kB
Active(file):     337504 kB
Inactive(file):   337884 kB
Unevictable:        2596 kB
Mlocked:               0 kB
HighTotal:        885760 kB
HighFree:           4372 kB
LowTotal:         535800 kB
LowFree:           23852 kB
SwapTotal:             0 kB
SwapFree:              0 kB
Dirty:                40 kB
Writeback:             0 kB
AnonPages:        407752 kB
Mapped:           387372 kB
Shmem:              1212 kB
Slab:              44744 kB
SReclaimable:      14264 kB
SUnreclaim:        30480 kB
KernelStack:       11200 kB
PageTables:        27412 kB
NFS_Unstable:          0 kB
Bounce:                0 kB
WritebackTmp:          0 kB
CommitLimit:      710780 kB
Committed_AS:   36904628 kB
VmallocTotal:     460800 kB
VmallocUsed:       28324 kB
VmallocChunk:     165916 kB
Time pass: 243 sec

---2015-12-16 15:27:45
MemTotal:        1421560 kB
MemFree:           27712 kB
Buffers:           11272 kB
Cached:           668004 kB
SwapCached:            0 kB
Active:           745456 kB
Inactive:         339084 kB
Active(anon):     407952 kB
Inactive(anon):     1200 kB
Active(file):     337504 kB
Inactive(file):   337884 kB
Unevictable:        2596 kB
Mlocked:               0 kB
HighTotal:        885760 kB
HighFree:           4372 kB
LowTotal:         535800 kB
LowFree:           23340 kB
SwapTotal:             0 kB
SwapFree:              0 kB
Dirty:                 0 kB
Writeback:             0 kB
AnonPages:        408012 kB
Mapped:           387504 kB
Shmem:              1292 kB
Slab:              44712 kB
SReclaimable:      14264 kB
SUnreclaim:        30448 kB
KernelStack:       11200 kB
PageTables:        27420 kB
NFS_Unstable:          0 kB
Bounce:                0 kB
WritebackTmp:          0 kB
CommitLimit:      710780 kB
Committed_AS:   36904672 kB
VmallocTotal:     460800 kB
VmallocUsed:       28324 kB
VmallocChunk:     165916 kB
Time pass: 246 sec

---2015-12-16 15:27:45
MemTotal:        1421560 kB
MemFree:           27800 kB
Buffers:           11296 kB
Cached:           667988 kB
SwapCached:            0 kB
Active:           746336 kB
Inactive:         339092 kB
Active(anon):     408832 kB
Inactive(anon):     1200 kB
Active(file):     337504 kB
Inactive(file):   337892 kB
Unevictable:        2596 kB
Mlocked:               0 kB
HighTotal:        885760 kB
HighFree:           4372 kB
LowTotal:         535800 kB
LowFree:           23428 kB
SwapTotal:             0 kB
SwapFree:              0 kB
Dirty:                28 kB
Writeback:             0 kB
AnonPages:        409000 kB
Mapped:           387508 kB
Shmem:              1292 kB
Slab:              44640 kB
SReclaimable:      14264 kB
SUnreclaim:        30376 kB
KernelStack:       11208 kB
PageTables:        27428 kB
NFS_Unstable:          0 kB
Bounce:                0 kB
WritebackTmp:          0 kB
CommitLimit:      710780 kB
Committed_AS:   36905912 kB
VmallocTotal:     460800 kB
VmallocUsed:       28324 kB
VmallocChunk:     165916 kB
Time pass: 250 sec

---2015-12-16 15:27:45
MemTotal:        1421560 kB
MemFree:           30324 kB
Buffers:           11296 kB
Cached:           667460 kB
SwapCached:            0 kB
Active:           744236 kB
Inactive:         338568 kB
Active(anon):     406732 kB
Inactive(anon):      660 kB
Active(file):     337504 kB
Inactive(file):   337908 kB
Unevictable:        2596 kB
Mlocked:               0 kB
HighTotal:        885760 kB
HighFree:           4772 kB
LowTotal:         535800 kB
LowFree:           25552 kB
SwapTotal:             0 kB
SwapFree:              0 kB
Dirty:                 4 kB
Writeback:             0 kB
AnonPages:        406692 kB
Mapped:           386704 kB
Shmem:               748 kB
Slab:              44676 kB
SReclaimable:      14272 kB
SUnreclaim:        30404 kB
KernelStack:       11080 kB
PageTables:        27272 kB
NFS_Unstable:          0 kB
Bounce:                0 kB
WritebackTmp:          0 kB
CommitLimit:      710780 kB
Committed_AS:   36890084 kB
VmallocTotal:     460800 kB
VmallocUsed:       28324 kB
VmallocChunk:     165916 kB
Time pass: 254 sec

---2015-12-16 15:27:45
MemTotal:        1421560 kB
MemFree:           22128 kB
Buffers:           11320 kB
Cached:           667756 kB
SwapCached:            0 kB
Active:           745372 kB
Inactive:         338884 kB
Active(anon):     407868 kB
Inactive(anon):      952 kB
Active(file):     337504 kB
Inactive(file):   337932 kB
Unevictable:        2596 kB
Mlocked:               0 kB
HighTotal:        885760 kB
HighFree:           5224 kB
LowTotal:         535800 kB
LowFree:           16904 kB
SwapTotal:             0 kB
SwapFree:              0 kB
Dirty:                44 kB
Writeback:             0 kB
AnonPages:        407848 kB
Mapped:           387316 kB
Shmem:              1044 kB
Slab:              44712 kB
SReclaimable:      14208 kB
SUnreclaim:        30504 kB
KernelStack:       11192 kB
PageTables:        27412 kB
NFS_Unstable:          0 kB
Bounce:                0 kB
WritebackTmp:          0 kB
CommitLimit:      710780 kB
Committed_AS:   36905332 kB
VmallocTotal:     460800 kB
VmallocUsed:       28324 kB
VmallocChunk:     165916 kB
Time pass: 258 sec

---2015-12-16 15:27:45
MemTotal:        1421560 kB
MemFree:           21404 kB
Buffers:           11368 kB
Cached:           667760 kB
SwapCached:            0 kB
Active:           746340 kB
Inactive:         338936 kB
Active(anon):     408836 kB
Inactive(anon):      956 kB
Active(file):     337504 kB
Inactive(file):   337980 kB
Unevictable:        2596 kB
Mlocked:               0 kB
HighTotal:        885760 kB
HighFree:           4436 kB
LowTotal:         535800 kB
LowFree:           16968 kB
SwapTotal:             0 kB
SwapFree:              0 kB
Dirty:                40 kB
Writeback:            12 kB
AnonPages:        408796 kB
Mapped:           387320 kB
Shmem:              1048 kB
Slab:              44584 kB
SReclaimable:      14208 kB
SUnreclaim:        30376 kB
KernelStack:       11216 kB
PageTables:        27448 kB
NFS_Unstable:          0 kB
Bounce:                0 kB
WritebackTmp:          0 kB
CommitLimit:      710780 kB
Committed_AS:   36904360 kB
VmallocTotal:     460800 kB
VmallocUsed:       28324 kB
VmallocChunk:     165916 kB
Time pass: 262 sec

---2015-12-16 15:27:45
MemTotal:        1421560 kB
MemFree:           22936 kB
Buffers:           11400 kB
Cached:           667408 kB
SwapCached:            0 kB
Active:           745492 kB
Inactive:         338916 kB
Active(anon):     408288 kB
Inactive(anon):      980 kB
Active(file):     337204 kB
Inactive(file):   337936 kB
Unevictable:        2596 kB
Mlocked:               0 kB
HighTotal:        885760 kB
HighFree:           5896 kB
LowTotal:         535800 kB
LowFree:           17040 kB
SwapTotal:             0 kB
SwapFree:              0 kB
Dirty:                40 kB
Writeback:             0 kB
AnonPages:        408348 kB
Mapped:           387156 kB
Shmem:              1072 kB
Slab:              44532 kB
SReclaimable:      14096 kB
SUnreclaim:        30436 kB
KernelStack:       11200 kB
PageTables:        27432 kB
NFS_Unstable:          0 kB
Bounce:                0 kB
WritebackTmp:          0 kB
CommitLimit:      710780 kB
Committed_AS:   36905176 kB
VmallocTotal:     460800 kB
VmallocUsed:       28324 kB
VmallocChunk:     165916 kB
Time pass: 267 sec

---2015-12-16 15:27:45
MemTotal:        1421560 kB
MemFree:           23416 kB
Buffers:           11400 kB
Cached:           667436 kB
SwapCached:            0 kB
Active:           745720 kB
Inactive:         338944 kB
Active(anon):     408516 kB
Inactive(anon):     1008 kB
Active(file):     337204 kB
Inactive(file):   337936 kB
Unevictable:        2596 kB
Mlocked:               0 kB
HighTotal:        885760 kB
HighFree:           4408 kB
LowTotal:         535800 kB
LowFree:           19008 kB
SwapTotal:             0 kB
SwapFree:              0 kB
Dirty:                 0 kB
Writeback:             0 kB
AnonPages:        408492 kB
Mapped:           387236 kB
Shmem:              1100 kB
Slab:              44624 kB
SReclaimable:      14096 kB
SUnreclaim:        30528 kB
KernelStack:       11192 kB
PageTables:        27412 kB
NFS_Unstable:          0 kB
Bounce:                0 kB
WritebackTmp:          0 kB
CommitLimit:      710780 kB
Committed_AS:   36904420 kB
VmallocTotal:     460800 kB
VmallocUsed:       28324 kB
VmallocChunk:     165916 kB
Time pass: 270 sec

---2015-12-16 15:27:45
MemTotal:        1421560 kB
MemFree:           23484 kB
Buffers:           11424 kB
Cached:           667508 kB
SwapCached:            0 kB
Active:           746196 kB
Inactive:         339040 kB
Active(anon):     408992 kB
Inactive(anon):     1080 kB
Active(file):     337204 kB
Inactive(file):   337960 kB
Unevictable:        2596 kB
Mlocked:               0 kB
HighTotal:        885760 kB
HighFree:           4936 kB
LowTotal:         535800 kB
LowFree:           18548 kB
SwapTotal:             0 kB
SwapFree:              0 kB
Dirty:                32 kB
Writeback:             0 kB
AnonPages:        408868 kB
Mapped:           387304 kB
Shmem:              1172 kB
Slab:              44688 kB
SReclaimable:      14096 kB
SUnreclaim:        30592 kB
KernelStack:       11192 kB
PageTables:        27412 kB
NFS_Unstable:          0 kB
Bounce:                0 kB
WritebackTmp:          0 kB
CommitLimit:      710780 kB
Committed_AS:   36904500 kB
VmallocTotal:     460800 kB
VmallocUsed:       28324 kB
VmallocChunk:     165916 kB
Time pass: 274 sec

---2015-12-16 15:27:45
MemTotal:        1421560 kB
MemFree:           22976 kB
Buffers:           11424 kB
Cached:           667548 kB
SwapCached:            0 kB
Active:           746336 kB
Inactive:         339080 kB
Active(anon):     409132 kB
Inactive(anon):     1120 kB
Active(file):     337204 kB
Inactive(file):   337960 kB
Unevictable:        2596 kB
Mlocked:               0 kB
HighTotal:        885760 kB
HighFree:           4508 kB
LowTotal:         535800 kB
LowFree:           18468 kB
SwapTotal:             0 kB
SwapFree:              0 kB
Dirty:                32 kB
Writeback:             0 kB
AnonPages:        409160 kB
Mapped:           387344 kB
Shmem:              1212 kB
Slab:              44572 kB
SReclaimable:      14096 kB
SUnreclaim:        30476 kB
KernelStack:       11192 kB
PageTables:        27416 kB
NFS_Unstable:          0 kB
Bounce:                0 kB
WritebackTmp:          0 kB
CommitLimit:      710780 kB
Committed_AS:   36904620 kB
VmallocTotal:     460800 kB
VmallocUsed:       28324 kB
VmallocChunk:     165916 kB
Time pass: 277 sec

---2015-12-16 15:27:45
MemTotal:        1421560 kB
MemFree:           22192 kB
Buffers:           11448 kB
Cached:           667532 kB
SwapCached:            0 kB
Active:           747108 kB
Inactive:         339088 kB
Active(anon):     409904 kB
Inactive(anon):     1120 kB
Active(file):     337204 kB
Inactive(file):   337968 kB
Unevictable:        2596 kB
Mlocked:               0 kB
HighTotal:        885760 kB
HighFree:           4412 kB
LowTotal:         535800 kB
LowFree:           17780 kB
SwapTotal:             0 kB
SwapFree:              0 kB
Dirty:                28 kB
Writeback:             0 kB
AnonPages:        410168 kB
Mapped:           387344 kB
Shmem:              1212 kB
Slab:              44548 kB
SReclaimable:      14096 kB
SUnreclaim:        30452 kB
KernelStack:       11200 kB
PageTables:        27408 kB
NFS_Unstable:          0 kB
Bounce:                0 kB
WritebackTmp:          0 kB
CommitLimit:      710780 kB
Committed_AS:   36905800 kB
VmallocTotal:     460800 kB
VmallocUsed:       28324 kB
VmallocChunk:     165916 kB
Time pass: 282 sec

---2015-12-16 15:27:45
MemTotal:        1421560 kB
MemFree:           23204 kB
Buffers:           11456 kB
Cached:           667540 kB
SwapCached:            0 kB
Active:           746264 kB
Inactive:         339104 kB
Active(anon):     409060 kB
Inactive(anon):     1120 kB
Active(file):     337204 kB
Inactive(file):   337984 kB
Unevictable:        2596 kB
Mlocked:               0 kB
HighTotal:        885760 kB
HighFree:           4348 kB
LowTotal:         535800 kB
LowFree:           18856 kB
SwapTotal:             0 kB
SwapFree:              0 kB
Dirty:                 0 kB
Writeback:             0 kB
AnonPages:        408996 kB
Mapped:           387292 kB
Shmem:              1212 kB
Slab:              44504 kB
SReclaimable:      14096 kB
SUnreclaim:        30408 kB
KernelStack:       11176 kB
PageTables:        27396 kB
NFS_Unstable:          0 kB
Bounce:                0 kB
WritebackTmp:          0 kB
CommitLimit:      710780 kB
Committed_AS:   36906064 kB
VmallocTotal:     460800 kB
VmallocUsed:       28324 kB
VmallocChunk:     165916 kB
Time pass: 288 sec

---2015-12-16 15:27:45
MemTotal:        1421560 kB
MemFree:           22444 kB
Buffers:           11480 kB
Cached:           667664 kB
SwapCached:            0 kB
Active:           746720 kB
Inactive:         339212 kB
Active(anon):     409512 kB
Inactive(anon):     1196 kB
Active(file):     337208 kB
Inactive(file):   338016 kB
Unevictable:        2596 kB
Mlocked:               0 kB
HighTotal:        885760 kB
HighFree:           4348 kB
LowTotal:         535800 kB
LowFree:           18096 kB
SwapTotal:             0 kB
SwapFree:              0 kB
Dirty:                 0 kB
Writeback:             0 kB
AnonPages:        409496 kB
Mapped:           387404 kB
Shmem:              1324 kB
Slab:              44568 kB
SReclaimable:      14096 kB
SUnreclaim:        30472 kB
KernelStack:       11184 kB
PageTables:        27400 kB
NFS_Unstable:          0 kB
Bounce:                0 kB
WritebackTmp:          0 kB
CommitLimit:      710780 kB
Committed_AS:   36906624 kB
VmallocTotal:     460800 kB
VmallocUsed:       28324 kB
VmallocChunk:     165916 kB
Time pass: 295 sec

---2015-12-16 15:27:45
MemTotal:        1421560 kB
MemFree:           23296 kB
Buffers:           11504 kB
Cached:           667628 kB
SwapCached:            0 kB
Active:           745528 kB
Inactive:         339240 kB
Active(anon):     408324 kB
Inactive(anon):     1200 kB
Active(file):     337204 kB
Inactive(file):   338040 kB
Unevictable:        2596 kB
Mlocked:               0 kB
HighTotal:        885760 kB
HighFree:           4348 kB
LowTotal:         535800 kB
LowFree:           18948 kB
SwapTotal:             0 kB
SwapFree:              0 kB
Dirty:                60 kB
Writeback:             0 kB
AnonPages:        408328 kB
Mapped:           387372 kB
Shmem:              1292 kB
Slab:              44488 kB
SReclaimable:      14100 kB
SUnreclaim:        30388 kB
KernelStack:       11200 kB
PageTables:        27400 kB
NFS_Unstable:          0 kB
Bounce:                0 kB
WritebackTmp:          0 kB
CommitLimit:      710780 kB
Committed_AS:   36905128 kB
VmallocTotal:     460800 kB
VmallocUsed:       28324 kB
VmallocChunk:     165916 kB
Time pass: 299 sec

---2015-12-16 15:27:45
MemTotal:        1421560 kB
MemFree:           23308 kB
Buffers:           11504 kB
Cached:           667628 kB
SwapCached:            0 kB
Active:           745752 kB
Inactive:         339240 kB
Active(anon):     408548 kB
Inactive(anon):     1200 kB
Active(file):     337204 kB
Inactive(file):   338040 kB
Unevictable:        2596 kB
Mlocked:               0 kB
HighTotal:        885760 kB
HighFree:           4976 kB
LowTotal:         535800 kB
LowFree:           18332 kB
SwapTotal:             0 kB
SwapFree:              0 kB
Dirty:                 0 kB
Writeback:             0 kB
AnonPages:        408472 kB
Mapped:           387424 kB
Shmem:              1292 kB
Slab:              44448 kB
SReclaimable:      14100 kB
SUnreclaim:        30348 kB
KernelStack:       11208 kB
PageTables:        27420 kB
NFS_Unstable:          0 kB
Bounce:                0 kB
WritebackTmp:          0 kB
CommitLimit:      710780 kB
Committed_AS:   36905640 kB
VmallocTotal:     460800 kB
VmallocUsed:       28324 kB
VmallocChunk:     165916 kB
Time pass: 303 sec

---2015-12-16 15:27:45
MemTotal:        1421560 kB
MemFree:           23328 kB
Buffers:           11528 kB
Cached:           667632 kB
SwapCached:            0 kB
Active:           746048 kB
Inactive:         339268 kB
Active(anon):     408844 kB
Inactive(anon):     1204 kB
Active(file):     337204 kB
Inactive(file):   338064 kB
Unevictable:        2596 kB
Mlocked:               0 kB
HighTotal:        885760 kB
HighFree:           5728 kB
LowTotal:         535800 kB
LowFree:           17600 kB
SwapTotal:             0 kB
SwapFree:              0 kB
Dirty:                32 kB
Writeback:             0 kB
AnonPages:        408800 kB
Mapped:           387376 kB
Shmem:              1296 kB
Slab:              44612 kB
SReclaimable:      14108 kB
SUnreclaim:        30504 kB
KernelStack:       11192 kB
PageTables:        27396 kB
NFS_Unstable:          0 kB
Bounce:                0 kB
WritebackTmp:          0 kB
CommitLimit:      710780 kB
Committed_AS:   36905388 kB
VmallocTotal:     460800 kB
VmallocUsed:       28324 kB
VmallocChunk:     165916 kB
Time pass: 308 sec

---2015-12-16 15:27:45
MemTotal:        1421560 kB
MemFree:           23296 kB
Buffers:           11536 kB
Cached:           667632 kB
SwapCached:            0 kB
Active:           746512 kB
Inactive:         339276 kB
Active(anon):     409308 kB
Inactive(anon):     1204 kB
Active(file):     337204 kB
Inactive(file):   338072 kB
Unevictable:        2596 kB
Mlocked:               0 kB
HighTotal:        885760 kB
HighFree:           5608 kB
LowTotal:         535800 kB
LowFree:           17688 kB
SwapTotal:             0 kB
SwapFree:              0 kB
Dirty:                36 kB
Writeback:             0 kB
AnonPages:        409456 kB
Mapped:           387376 kB
Shmem:              1296 kB
Slab:              44432 kB
SReclaimable:      14108 kB
SUnreclaim:        30324 kB
KernelStack:       11184 kB
PageTables:        27392 kB
NFS_Unstable:          0 kB
Bounce:                0 kB
WritebackTmp:          0 kB
CommitLimit:      710780 kB
Committed_AS:   36906292 kB
VmallocTotal:     460800 kB
VmallocUsed:       28324 kB
VmallocChunk:     165916 kB
Time pass: 312 sec

---2015-12-16 15:27:45
MemTotal:        1421560 kB
MemFree:           21856 kB
Buffers:           11576 kB
Cached:           667780 kB
SwapCached:            0 kB
Active:           746648 kB
Inactive:         339464 kB
Active(anon):     409444 kB
Inactive(anon):     1352 kB
Active(file):     337204 kB
Inactive(file):   338112 kB
Unevictable:        2596 kB
Mlocked:               0 kB
HighTotal:        885760 kB
HighFree:           4372 kB
LowTotal:         535800 kB
LowFree:           17484 kB
SwapTotal:             0 kB
SwapFree:              0 kB
Dirty:                36 kB
Writeback:             0 kB
AnonPages:        409396 kB
Mapped:           387560 kB
Shmem:              1444 kB
Slab:              44592 kB
SReclaimable:      14108 kB
SUnreclaim:        30484 kB
KernelStack:       11184 kB
PageTables:        27392 kB
NFS_Unstable:          0 kB
Bounce:                0 kB
WritebackTmp:          0 kB
CommitLimit:      710780 kB
Committed_AS:   36905408 kB
VmallocTotal:     460800 kB
VmallocUsed:       28324 kB
VmallocChunk:     165916 kB
Time pass: 328 sec

---2015-12-16 15:27:45
MemTotal:        1421560 kB
MemFree:           23052 kB
Buffers:           11584 kB
Cached:           667780 kB
SwapCached:            0 kB
Active:           745540 kB
Inactive:         339472 kB
Active(anon):     408336 kB
Inactive(anon):     1352 kB
Active(file):     337204 kB
Inactive(file):   338120 kB
Unevictable:        2596 kB
Mlocked:               0 kB
HighTotal:        885760 kB
HighFree:           4388 kB
LowTotal:         535800 kB
LowFree:           18664 kB
SwapTotal:             0 kB
SwapFree:              0 kB
Dirty:                28 kB
Writeback:             0 kB
AnonPages:        408332 kB
Mapped:           387560 kB
Shmem:              1444 kB
Slab:              44616 kB
SReclaimable:      14108 kB
SUnreclaim:        30508 kB
KernelStack:       11184 kB
PageTables:        27392 kB
NFS_Unstable:          0 kB
Bounce:                0 kB
WritebackTmp:          0 kB
CommitLimit:      710780 kB
Committed_AS:   36904708 kB
VmallocTotal:     460800 kB
VmallocUsed:       28324 kB
VmallocChunk:     165916 kB
Time pass: 334 sec

---2015-12-16 15:27:45
MemTotal:        1421560 kB
MemFree:           22356 kB
Buffers:           11600 kB
Cached:           667780 kB
SwapCached:            0 kB
Active:           746096 kB
Inactive:         339488 kB
Active(anon):     408892 kB
Inactive(anon):     1352 kB
Active(file):     337204 kB
Inactive(file):   338136 kB
Unevictable:        2596 kB
Mlocked:               0 kB
HighTotal:        885760 kB
HighFree:           4388 kB
LowTotal:         535800 kB
LowFree:           17968 kB
SwapTotal:             0 kB
SwapFree:              0 kB
Dirty:                36 kB
Writeback:             0 kB
AnonPages:        408848 kB
Mapped:           387560 kB
Shmem:              1444 kB
Slab:              44488 kB
SReclaimable:      14108 kB
SUnreclaim:        30380 kB
KernelStack:       11184 kB
PageTables:        27396 kB
NFS_Unstable:          0 kB
Bounce:                0 kB
WritebackTmp:          0 kB
CommitLimit:      710780 kB
Committed_AS:   36905064 kB
VmallocTotal:     460800 kB
VmallocUsed:       28324 kB
VmallocChunk:     165916 kB
Time pass: 339 sec

---2015-12-16 15:27:45
MemTotal:        1421560 kB
MemFree:           22496 kB
Buffers:           11608 kB
Cached:           667780 kB
SwapCached:            0 kB
Active:           745864 kB
Inactive:         339496 kB
Active(anon):     408660 kB
Inactive(anon):     1352 kB
Active(file):     337204 kB
Inactive(file):   338144 kB
Unevictable:        2596 kB
Mlocked:               0 kB
HighTotal:        885760 kB
HighFree:           4396 kB
LowTotal:         535800 kB
LowFree:           18100 kB
SwapTotal:             0 kB
SwapFree:              0 kB
Dirty:                28 kB
Writeback:             0 kB
AnonPages:        408736 kB
Mapped:           387612 kB
Shmem:              1444 kB
Slab:              44676 kB
SReclaimable:      14236 kB
SUnreclaim:        30440 kB
KernelStack:       11200 kB
PageTables:        27408 kB
NFS_Unstable:          0 kB
Bounce:                0 kB
WritebackTmp:          0 kB
CommitLimit:      710780 kB
Committed_AS:   36905204 kB
VmallocTotal:     460800 kB
VmallocUsed:       28324 kB
VmallocChunk:     165916 kB
Time pass: 346 sec

---2015-12-16 15:27:45
MemTotal:        1421560 kB
MemFree:           21260 kB
Buffers:           11624 kB
Cached:           667780 kB
SwapCached:            0 kB
Active:           746444 kB
Inactive:         339512 kB
Active(anon):     409240 kB
Inactive(anon):     1352 kB
Active(file):     337204 kB
Inactive(file):   338160 kB
Unevictable:        2596 kB
Mlocked:               0 kB
HighTotal:        885760 kB
HighFree:           3628 kB
LowTotal:         535800 kB
LowFree:           17632 kB
SwapTotal:             0 kB
SwapFree:              0 kB
Dirty:                36 kB
Writeback:             0 kB
AnonPages:        409244 kB
Mapped:           387560 kB
Shmem:              1444 kB
Slab:              44652 kB
SReclaimable:      14204 kB
SUnreclaim:        30448 kB
KernelStack:       11184 kB
PageTables:        27328 kB
NFS_Unstable:          0 kB
Bounce:                0 kB
WritebackTmp:          0 kB
CommitLimit:      710780 kB
Committed_AS:   36905220 kB
VmallocTotal:     460800 kB
VmallocUsed:       28324 kB
VmallocChunk:     165916 kB
Time pass: 350 sec

---2015-12-16 15:27:45
MemTotal:        1421560 kB
MemFree:           21832 kB
Buffers:           11632 kB
Cached:           667780 kB
SwapCached:            0 kB
Active:           746088 kB
Inactive:         339512 kB
Active(anon):     408884 kB
Inactive(anon):     1352 kB
Active(file):     337204 kB
Inactive(file):   338160 kB
Unevictable:        2596 kB
Mlocked:               0 kB
HighTotal:        885760 kB
HighFree:           4312 kB
LowTotal:         535800 kB
LowFree:           17520 kB
SwapTotal:             0 kB
SwapFree:              0 kB
Dirty:                 0 kB
Writeback:             0 kB
AnonPages:        408964 kB
Mapped:           387612 kB
Shmem:              1444 kB
Slab:              44648 kB
SReclaimable:      14204 kB
SUnreclaim:        30444 kB
KernelStack:       11192 kB
PageTables:        27340 kB
NFS_Unstable:          0 kB
Bounce:                0 kB
WritebackTmp:          0 kB
CommitLimit:      710780 kB
Committed_AS:   36905176 kB
VmallocTotal:     460800 kB
VmallocUsed:       28324 kB
VmallocChunk:     165916 kB
Time pass: 355 sec

---2015-12-16 15:27:45
MemTotal:        1421560 kB
MemFree:           21588 kB
Buffers:           11632 kB
Cached:           667780 kB
SwapCached:            0 kB
Active:           745768 kB
Inactive:         339520 kB
Active(anon):     408564 kB
Inactive(anon):     1352 kB
Active(file):     337204 kB
Inactive(file):   338168 kB
Unevictable:        2596 kB
Mlocked:               0 kB
HighTotal:        885760 kB
HighFree:           3992 kB
LowTotal:         535800 kB
LowFree:           17596 kB
SwapTotal:             0 kB
SwapFree:              0 kB
Dirty:                28 kB
Writeback:             0 kB
AnonPages:        408440 kB
Mapped:           387464 kB
Shmem:              1444 kB
Slab:              44652 kB
SReclaimable:      14204 kB
SUnreclaim:        30448 kB
KernelStack:       11192 kB
PageTables:        27376 kB
NFS_Unstable:          0 kB
Bounce:                0 kB
WritebackTmp:          0 kB
CommitLimit:      710780 kB
Committed_AS:   36904508 kB
VmallocTotal:     460800 kB
VmallocUsed:       28324 kB
VmallocChunk:     165916 kB
Time pass: 359 sec

---2015-12-16 15:27:45
MemTotal:        1421560 kB
MemFree:           20988 kB
Buffers:           11648 kB
Cached:           667780 kB
SwapCached:            0 kB
Active:           746340 kB
Inactive:         339536 kB
Active(anon):     409136 kB
Inactive(anon):     1352 kB
Active(file):     337204 kB
Inactive(file):   338184 kB
Unevictable:        2596 kB
Mlocked:               0 kB
HighTotal:        885760 kB
HighFree:           3992 kB
LowTotal:         535800 kB
LowFree:           16996 kB
SwapTotal:             0 kB
SwapFree:              0 kB
Dirty:                36 kB
Writeback:             0 kB
AnonPages:        409096 kB
Mapped:           387560 kB
Shmem:              1444 kB
Slab:              44656 kB
SReclaimable:      14204 kB
SUnreclaim:        30452 kB
KernelStack:       11176 kB
PageTables:        27360 kB
NFS_Unstable:          0 kB
Bounce:                0 kB
WritebackTmp:          0 kB
CommitLimit:      710780 kB
Committed_AS:   36905312 kB
VmallocTotal:     460800 kB
VmallocUsed:       28324 kB
VmallocChunk:     165916 kB
Time pass: 368 sec

---2015-12-16 15:27:45
MemTotal:        1421560 kB
MemFree:           20056 kB
Buffers:           11672 kB
Cached:           667792 kB
SwapCached:            0 kB
Active:           747452 kB
Inactive:         339568 kB
Active(anon):     410244 kB
Inactive(anon):     1352 kB
Active(file):     337208 kB
Inactive(file):   338216 kB
Unevictable:        2596 kB
Mlocked:               0 kB
HighTotal:        885760 kB
HighFree:           3992 kB
LowTotal:         535800 kB
LowFree:           16064 kB
SwapTotal:             0 kB
SwapFree:              0 kB
Dirty:                32 kB
Writeback:             8 kB
AnonPages:        410320 kB
Mapped:           387560 kB
Shmem:              1444 kB
Slab:              44720 kB
SReclaimable:      14204 kB
SUnreclaim:        30516 kB
KernelStack:       11176 kB
PageTables:        27332 kB
NFS_Unstable:          0 kB
Bounce:                0 kB
WritebackTmp:          0 kB
CommitLimit:      710780 kB
Committed_AS:   36906108 kB
VmallocTotal:     460800 kB
VmallocUsed:       28324 kB
VmallocChunk:     165916 kB
Time pass: 374 sec

---2015-12-16 15:27:45
MemTotal:        1421560 kB
MemFree:           20316 kB
Buffers:           11672 kB
Cached:           667780 kB
SwapCached:            0 kB
Active:           746952 kB
Inactive:         339560 kB
Active(anon):     409748 kB
Inactive(anon):     1352 kB
Active(file):     337204 kB
Inactive(file):   338208 kB
Unevictable:        2596 kB
Mlocked:               0 kB
HighTotal:        885760 kB
HighFree:           3992 kB
LowTotal:         535800 kB
LowFree:           16324 kB
SwapTotal:             0 kB
SwapFree:              0 kB
Dirty:                 0 kB
Writeback:             0 kB
AnonPages:        409812 kB
Mapped:           387612 kB
Shmem:              1444 kB
Slab:              44752 kB
SReclaimable:      14204 kB
SUnreclaim:        30548 kB
KernelStack:       11192 kB
PageTables:        27384 kB
NFS_Unstable:          0 kB
Bounce:                0 kB
WritebackTmp:          0 kB
CommitLimit:      710780 kB
Committed_AS:   36905552 kB
VmallocTotal:     460800 kB
VmallocUsed:       28324 kB
VmallocChunk:     165916 kB
Time pass: 378 sec

---2015-12-16 15:27:45
MemTotal:        1421560 kB
MemFree:           18800 kB
Buffers:           11680 kB
Cached:           668260 kB
SwapCached:            0 kB
Active:           748068 kB
Inactive:         340048 kB
Active(anon):     410864 kB
Inactive(anon):     1352 kB
Active(file):     337204 kB
Inactive(file):   338696 kB
Unevictable:        2596 kB
Mlocked:               0 kB
HighTotal:        885760 kB
HighFree:           4244 kB
LowTotal:         535800 kB
LowFree:           14556 kB
SwapTotal:             0 kB
SwapFree:              0 kB
Dirty:                28 kB
Writeback:             0 kB
AnonPages:        410788 kB
Mapped:           387776 kB
Shmem:              1444 kB
Slab:              44728 kB
SReclaimable:      14204 kB
SUnreclaim:        30524 kB
KernelStack:       11192 kB
PageTables:        27416 kB
NFS_Unstable:          0 kB
Bounce:                0 kB
WritebackTmp:          0 kB
CommitLimit:      710780 kB
Committed_AS:   36906980 kB
VmallocTotal:     460800 kB
VmallocUsed:       28324 kB
VmallocChunk:     165916 kB
Time pass: 384 sec

---2015-12-16 15:27:45
MemTotal:        1421560 kB
MemFree:           20792 kB
Buffers:           11704 kB
Cached:           667200 kB
SwapCached:            0 kB
Active:           747408 kB
Inactive:         339728 kB
Active(anon):     410920 kB
Inactive(anon):     1352 kB
Active(file):     336488 kB
Inactive(file):   338376 kB
Unevictable:        2596 kB
Mlocked:               0 kB
HighTotal:        885760 kB
HighFree:           5288 kB
LowTotal:         535800 kB
LowFree:           15504 kB
SwapTotal:             0 kB
SwapFree:              0 kB
Dirty:                48 kB
Writeback:             0 kB
AnonPages:        410804 kB
Mapped:           387436 kB
Shmem:              1444 kB
Slab:              44620 kB
SReclaimable:      14132 kB
SUnreclaim:        30488 kB
KernelStack:       11192 kB
PageTables:        27416 kB
NFS_Unstable:          0 kB
Bounce:                0 kB
WritebackTmp:          0 kB
CommitLimit:      710780 kB
Committed_AS:   36906808 kB
VmallocTotal:     460800 kB
VmallocUsed:       28324 kB
VmallocChunk:     165916 kB
Time pass: 387 sec

---2015-12-16 15:27:45
MemTotal:        1421560 kB
MemFree:           20712 kB
Buffers:           11712 kB
Cached:           667192 kB
SwapCached:            0 kB
Active:           747276 kB
Inactive:         339728 kB
Active(anon):     410788 kB
Inactive(anon):     1352 kB
Active(file):     336488 kB
Inactive(file):   338376 kB
Unevictable:        2596 kB
Mlocked:               0 kB
HighTotal:        885760 kB
HighFree:           4720 kB
LowTotal:         535800 kB
LowFree:           15992 kB
SwapTotal:             0 kB
SwapFree:              0 kB
Dirty:                 0 kB
Writeback:             0 kB
AnonPages:        410700 kB
Mapped:           387288 kB
Shmem:              1444 kB
Slab:              44556 kB
SReclaimable:      14132 kB
SUnreclaim:        30424 kB
KernelStack:       11184 kB
PageTables:        27416 kB
NFS_Unstable:          0 kB
Bounce:                0 kB
WritebackTmp:          0 kB
CommitLimit:      710780 kB
Committed_AS:   36906696 kB
VmallocTotal:     460800 kB
VmallocUsed:       28324 kB
VmallocChunk:     165916 kB
Time pass: 391 sec

---2015-12-16 15:27:45
MemTotal:        1421560 kB
MemFree:           20000 kB
Buffers:           11712 kB
Cached:           667200 kB
SwapCached:            0 kB
Active:           747500 kB
Inactive:         339736 kB
Active(anon):     411012 kB
Inactive(anon):     1352 kB
Active(file):     336488 kB
Inactive(file):   338384 kB
Unevictable:        2596 kB
Mlocked:               0 kB
HighTotal:        885760 kB
HighFree:           4236 kB
LowTotal:         535800 kB
LowFree:           15764 kB
SwapTotal:             0 kB
SwapFree:              0 kB
Dirty:                28 kB
Writeback:             0 kB
AnonPages:        411068 kB
Mapped:           387288 kB
