---2015-12-10 12:23:27
MemTotal:        2895588 kB
MemFree:          135092 kB
Buffers:           16540 kB
Cached:          1653084 kB
SwapCached:            0 kB
Active:           838036 kB
Inactive:        1406576 kB
Active(anon):     511292 kB
Inactive(anon):    67640 kB
Active(file):     326744 kB
Inactive(file):  1338936 kB
Unevictable:        2748 kB
Mlocked:               0 kB
HighTotal:       2306432 kB
HighFree:          37880 kB
LowTotal:         589156 kB
LowFree:           97212 kB
SwapTotal:       1048572 kB
SwapFree:        1048572 kB
Dirty:                 0 kB
Writeback:             0 kB
AnonPages:        578056 kB
Mapped:           359356 kB
Shmem:              1196 kB
Slab:              54988 kB
SReclaimable:      19896 kB
SUnreclaim:        35092 kB
KernelStack:       12176 kB
PageTables:        37724 kB
NFS_Unstable:          0 kB
Bounce:                0 kB
WritebackTmp:          0 kB
CommitLimit:     2496364 kB
Committed_AS:   83588188 kB
VmallocTotal:     385024 kB
VmallocUsed:      152264 kB
VmallocChunk:      56388 kB
Time pass: 3 sec

---2015-12-10 12:23:27
MemTotal:        2895588 kB
MemFree:          134780 kB
Buffers:           16540 kB
Cached:          1653084 kB
SwapCached:            0 kB
Active:           838216 kB
Inactive:        1406568 kB
Active(anon):     511464 kB
Inactive(anon):    67640 kB
Active(file):     326752 kB
Inactive(file):  1338928 kB
Unevictable:        2748 kB
Mlocked:               0 kB
HighTotal:       2306432 kB
HighFree:          37880 kB
LowTotal:         589156 kB
LowFree:           96900 kB
SwapTotal:       1048572 kB
SwapFree:        1048572 kB
Dirty:                 0 kB
Writeback:             0 kB
AnonPages:        578092 kB
Mapped:           359364 kB
Shmem:              1196 kB
Slab:              54980 kB
SReclaimable:      19896 kB
SUnreclaim:        35084 kB
KernelStack:       12176 kB
PageTables:        37724 kB
NFS_Unstable:          0 kB
Bounce:                0 kB
WritebackTmp:          0 kB
CommitLimit:     2496364 kB
Committed_AS:   83588312 kB
VmallocTotal:     385024 kB
VmallocUsed:      152264 kB
VmallocChunk:      56388 kB
Time pass: 6 sec

---2015-12-10 12:23:27
MemTotal:        2895588 kB
MemFree:          134172 kB
Buffers:           16540 kB
Cached:          1653084 kB
SwapCached:            0 kB
Active:           838244 kB
Inactive:        1406568 kB
Active(anon):     511492 kB
Inactive(anon):    67640 kB
Active(file):     326752 kB
Inactive(file):  1338928 kB
Unevictable:        2748 kB
Mlocked:               0 kB
HighTotal:       2306432 kB
HighFree:          37880 kB
LowTotal:         589156 kB
LowFree:           96292 kB
SwapTotal:       1048572 kB
SwapFree:        1048572 kB
Dirty:                 0 kB
Writeback:             0 kB
AnonPages:        577980 kB
Mapped:           359416 kB
Shmem:              1196 kB
Slab:              54984 kB
SReclaimable:      19896 kB
SUnreclaim:        35088 kB
KernelStack:       12176 kB
PageTables:        37744 kB
NFS_Unstable:          0 kB
Bounce:                0 kB
WritebackTmp:          0 kB
CommitLimit:     2496364 kB
Committed_AS:   83588384 kB
VmallocTotal:     385024 kB
VmallocUsed:      152264 kB
VmallocChunk:      56388 kB
Time pass: 10 sec

---2015-12-10 12:23:27
MemTotal:        2895588 kB
MemFree:          134396 kB
Buffers:           16540 kB
Cached:          1653084 kB
SwapCached:            0 kB
Active:           838352 kB
Inactive:        1406568 kB
Active(anon):     511600 kB
Inactive(anon):    67640 kB
Active(file):     326752 kB
Inactive(file):  1338928 kB
Unevictable:        2748 kB
Mlocked:               0 kB
HighTotal:       2306432 kB
HighFree:          37880 kB
LowTotal:         589156 kB
LowFree:           96516 kB
SwapTotal:       1048572 kB
SwapFree:        1048572 kB
Dirty:                 0 kB
Writeback:             0 kB
AnonPages:        578164 kB
Mapped:           359468 kB
Shmem:              1196 kB
Slab:              54984 kB
SReclaimable:      19896 kB
SUnreclaim:        35088 kB
KernelStack:       12176 kB
PageTables:        37764 kB
NFS_Unstable:          0 kB
Bounce:                0 kB
WritebackTmp:          0 kB
CommitLimit:     2496364 kB
Committed_AS:   83588648 kB
VmallocTotal:     385024 kB
VmallocUsed:      152264 kB
VmallocChunk:      56388 kB
Time pass: 14 sec

---2015-12-10 12:23:27
MemTotal:        2895588 kB
MemFree:          134472 kB
Buffers:           16540 kB
Cached:          1653084 kB
SwapCached:            0 kB
Active:           838424 kB
Inactive:        1406568 kB
Active(anon):     511672 kB
Inactive(anon):    67640 kB
Active(file):     326752 kB
Inactive(file):  1338928 kB
Unevictable:        2748 kB
Mlocked:               0 kB
HighTotal:       2306432 kB
HighFree:          37880 kB
LowTotal:         589156 kB
LowFree:           96592 kB
SwapTotal:       1048572 kB
SwapFree:        1048572 kB
Dirty:                 0 kB
Writeback:             0 kB
AnonPages:        578240 kB
Mapped:           359468 kB
Shmem:              1196 kB
Slab:              54984 kB
SReclaimable:      19896 kB
SUnreclaim:        35088 kB
KernelStack:       12168 kB
PageTables:        37764 kB
NFS_Unstable:          0 kB
Bounce:                0 kB
WritebackTmp:          0 kB
CommitLimit:     2496364 kB
Committed_AS:   83588776 kB
VmallocTotal:     385024 kB
VmallocUsed:      152264 kB
VmallocChunk:      56388 kB
Time pass: 17 sec

---2015-12-10 12:23:27
MemTotal:        2895588 kB
MemFree:          133912 kB
Buffers:           16540 kB
Cached:          1653084 kB
SwapCached:            0 kB
Active:           838608 kB
Inactive:        1406568 kB
Active(anon):     511856 kB
Inactive(anon):    67640 kB
Active(file):     326752 kB
Inactive(file):  1338928 kB
Unevictable:        2748 kB
Mlocked:               0 kB
HighTotal:       2306432 kB
HighFree:          37880 kB
LowTotal:         589156 kB
LowFree:           96032 kB
SwapTotal:       1048572 kB
SwapFree:        1048572 kB
Dirty:                 0 kB
Writeback:             0 kB
AnonPages:        578420 kB
Mapped:           359708 kB
Shmem:              1196 kB
Slab:              54988 kB
SReclaimable:      19896 kB
SUnreclaim:        35092 kB
KernelStack:       12168 kB
PageTables:        37744 kB
NFS_Unstable:          0 kB
Bounce:                0 kB
WritebackTmp:          0 kB
CommitLimit:     2496364 kB
Committed_AS:   83589736 kB
VmallocTotal:     385024 kB
VmallocUsed:      152264 kB
VmallocChunk:      56388 kB
Time pass: 21 sec

---2015-12-10 12:23:27
MemTotal:        2895588 kB
MemFree:           71360 kB
Buffers:           11596 kB
Cached:          1548168 kB
SwapCached:            0 kB
Active:           705052 kB
Inactive:        1468364 kB
Active(anon):     353916 kB
Inactive(anon):   263812 kB
Active(file):     351136 kB
Inactive(file):  1204552 kB
Unevictable:        2748 kB
Mlocked:               0 kB
HighTotal:       2306432 kB
HighFree:          38212 kB
LowTotal:         589156 kB
LowFree:           33148 kB
SwapTotal:       1048572 kB
SwapFree:        1048572 kB
Dirty:              1144 kB
Writeback:             0 kB
AnonPages:        616288 kB
Mapped:           381868 kB
Shmem:              1328 kB
Slab:              55208 kB
SReclaimable:      19964 kB
SUnreclaim:        35244 kB
KernelStack:       12864 kB
PageTables:        38876 kB
NFS_Unstable:          0 kB
Bounce:                0 kB
WritebackTmp:          0 kB
CommitLimit:     2496364 kB
Committed_AS:   84923480 kB
VmallocTotal:     385024 kB
VmallocUsed:      153824 kB
VmallocChunk:      56388 kB
Time pass: 24 sec

---2015-12-10 12:23:27
MemTotal:        2895588 kB
MemFree:           94032 kB
Buffers:           11616 kB
Cached:          1495700 kB
SwapCached:            0 kB
Active:           647016 kB
Inactive:        1451120 kB
Active(anon):     290992 kB
Inactive(anon):   303904 kB
Active(file):     356024 kB
Inactive(file):  1147216 kB
Unevictable:        2748 kB
Mlocked:               0 kB
HighTotal:       2306432 kB
HighFree:          58832 kB
LowTotal:         589156 kB
LowFree:           35200 kB
SwapTotal:       1048572 kB
SwapFree:        1048572 kB
Dirty:               276 kB
Writeback:             0 kB
AnonPages:        593708 kB
Mapped:           380916 kB
Shmem:              1328 kB
Slab:              55224 kB
SReclaimable:      19964 kB
SUnreclaim:        35260 kB
KernelStack:       12864 kB
PageTables:        38696 kB
NFS_Unstable:          0 kB
Bounce:                0 kB
WritebackTmp:          0 kB
CommitLimit:     2496364 kB
Committed_AS:   84920544 kB
VmallocTotal:     385024 kB
VmallocUsed:      154020 kB
VmallocChunk:      56388 kB
Time pass: 32 sec

---2015-12-10 12:23:27
MemTotal:        2895588 kB
MemFree:           94020 kB
Buffers:           11616 kB
Cached:          1495708 kB
SwapCached:            0 kB
Active:           647100 kB
Inactive:        1451112 kB
Active(anon):     291064 kB
Inactive(anon):   303904 kB
Active(file):     356036 kB
Inactive(file):  1147208 kB
Unevictable:        2748 kB
Mlocked:               0 kB
HighTotal:       2306432 kB
HighFree:          58532 kB
LowTotal:         589156 kB
LowFree:           35488 kB
SwapTotal:       1048572 kB
SwapFree:        1048572 kB
Dirty:               136 kB
Writeback:             0 kB
AnonPages:        593732 kB
Mapped:           381036 kB
Shmem:              1328 kB
Slab:              55224 kB
SReclaimable:      19964 kB
SUnreclaim:        35260 kB
KernelStack:       12864 kB
PageTables:        38716 kB
NFS_Unstable:          0 kB
Bounce:                0 kB
WritebackTmp:          0 kB
CommitLimit:     2496364 kB
Committed_AS:   84920720 kB
VmallocTotal:     385024 kB
VmallocUsed:      154020 kB
VmallocChunk:      56388 kB
Time pass: 35 sec

---2015-12-10 12:23:27
MemTotal:        2895588 kB
MemFree:           88536 kB
Buffers:           11624 kB
Cached:          1496880 kB
SwapCached:            0 kB
Active:           652048 kB
Inactive:        1452088 kB
Active(anon):     296008 kB
Inactive(anon):   303892 kB
Active(file):     356040 kB
Inactive(file):  1148196 kB
Unevictable:        2748 kB
Mlocked:               0 kB
HighTotal:       2306432 kB
HighFree:          53064 kB
LowTotal:         589156 kB
LowFree:           35472 kB
SwapTotal:       1048572 kB
SwapFree:        1048572 kB
Dirty:                36 kB
Writeback:             0 kB
AnonPages:        599208 kB
Mapped:           381020 kB
Shmem:              1328 kB
Slab:              55204 kB
SReclaimable:      19964 kB
SUnreclaim:        35240 kB
KernelStack:       12864 kB
PageTables:        38696 kB
NFS_Unstable:          0 kB
Bounce:                0 kB
WritebackTmp:          0 kB
CommitLimit:     2496364 kB
Committed_AS:   84921652 kB
VmallocTotal:     385024 kB
VmallocUsed:      154376 kB
VmallocChunk:      56388 kB
Time pass: 39 sec

---2015-12-10 12:23:27
MemTotal:        2895588 kB
MemFree:           70280 kB
Buffers:           11584 kB
Cached:          1432632 kB
SwapCached:            0 kB
Active:           671336 kB
Inactive:        1396908 kB
Active(anon):     311924 kB
Inactive(anon):   316776 kB
Active(file):     359412 kB
Inactive(file):  1080132 kB
Unevictable:        2748 kB
Mlocked:               0 kB
HighTotal:       2306432 kB
HighFree:          41356 kB
LowTotal:         589156 kB
LowFree:           28924 kB
SwapTotal:       1048572 kB
SwapFree:        1048572 kB
Dirty:                20 kB
Writeback:             0 kB
AnonPages:        627648 kB
Mapped:           382416 kB
Shmem:              1336 kB
Slab:              55204 kB
SReclaimable:      19964 kB
SUnreclaim:        35240 kB
KernelStack:       13016 kB
PageTables:        38956 kB
NFS_Unstable:          0 kB
Bounce:                0 kB
WritebackTmp:          0 kB
CommitLimit:     2496364 kB
Committed_AS:   84961608 kB
VmallocTotal:     385024 kB
VmallocUsed:      154904 kB
VmallocChunk:      56388 kB
Time pass: 42 sec

---2015-12-10 12:23:27
MemTotal:        2895588 kB
MemFree:           75332 kB
Buffers:           11584 kB
Cached:          1433044 kB
SwapCached:            0 kB
Active:           665620 kB
Inactive:        1397412 kB
Active(anon):     305720 kB
Inactive(anon):   316760 kB
Active(file):     359900 kB
Inactive(file):  1080652 kB
Unevictable:        2748 kB
Mlocked:               0 kB
HighTotal:       2306432 kB
HighFree:          46068 kB
LowTotal:         589156 kB
LowFree:           29264 kB
SwapTotal:       1048572 kB
SwapFree:        1048572 kB
Dirty:               100 kB
Writeback:             0 kB
AnonPages:        621184 kB
Mapped:           382596 kB
Shmem:              1328 kB
Slab:              55200 kB
SReclaimable:      19964 kB
SUnreclaim:        35236 kB
KernelStack:       13000 kB
PageTables:        38920 kB
NFS_Unstable:          0 kB
Bounce:                0 kB
WritebackTmp:          0 kB
CommitLimit:     2496364 kB
Committed_AS:   84954616 kB
VmallocTotal:     385024 kB
VmallocUsed:      154812 kB
VmallocChunk:      56388 kB
Time pass: 46 sec

---2015-12-10 12:23:27
MemTotal:        2895588 kB
MemFree:           70988 kB
Buffers:           11576 kB
Cached:          1376692 kB
SwapCached:            0 kB
Active:           682704 kB
Inactive:        1348588 kB
Active(anon):     321008 kB
Inactive(anon):   326092 kB
Active(file):     361696 kB
Inactive(file):  1022496 kB
Unevictable:        2748 kB
Mlocked:               0 kB
HighTotal:       2306432 kB
HighFree:          38304 kB
LowTotal:         589156 kB
LowFree:           32684 kB
SwapTotal:       1048572 kB
SwapFree:        1048572 kB
Dirty:              1260 kB
Writeback:             0 kB
AnonPages:        646008 kB
Mapped:           386096 kB
Shmem:              1328 kB
Slab:              55284 kB
SReclaimable:      20012 kB
SUnreclaim:        35272 kB
KernelStack:       13064 kB
PageTables:        39012 kB
NFS_Unstable:          0 kB
Bounce:                0 kB
WritebackTmp:          0 kB
CommitLimit:     2496364 kB
Committed_AS:   84968488 kB
VmallocTotal:     385024 kB
VmallocUsed:      156840 kB
VmallocChunk:      56388 kB
Time pass: 49 sec

---2015-12-10 12:23:27
MemTotal:        2895588 kB
MemFree:           91136 kB
Buffers:           11508 kB
Cached:          1367300 kB
SwapCached:            0 kB
Active:           662660 kB
Inactive:        1338564 kB
Active(anon):     300468 kB
Inactive(anon):   326032 kB
Active(file):     362192 kB
Inactive(file):  1012532 kB
Unevictable:        2748 kB
Mlocked:               0 kB
HighTotal:       2306432 kB
HighFree:          58220 kB
LowTotal:         589156 kB
LowFree:           32916 kB
SwapTotal:       1048572 kB
SwapFree:        1048572 kB
Dirty:                12 kB
Writeback:             0 kB
AnonPages:        626184 kB
Mapped:           386328 kB
Shmem:              1328 kB
Slab:              55312 kB
SReclaimable:      20012 kB
SUnreclaim:        35300 kB
KernelStack:       13072 kB
PageTables:        38892 kB
NFS_Unstable:          0 kB
Bounce:                0 kB
WritebackTmp:          0 kB
CommitLimit:     2496364 kB
Committed_AS:   84945824 kB
VmallocTotal:     385024 kB
VmallocUsed:      156844 kB
VmallocChunk:      56388 kB
Time pass: 53 sec

---2015-12-10 12:23:27
MemTotal:        2895588 kB
MemFree:           91412 kB
Buffers:           11516 kB
Cached:          1367864 kB
SwapCached:            0 kB
Active:           662248 kB
Inactive:        1339132 kB
Active(anon):     300052 kB
Inactive(anon):   326032 kB
Active(file):     362196 kB
Inactive(file):  1013100 kB
Unevictable:        2748 kB
Mlocked:               0 kB
HighTotal:       2306432 kB
HighFree:          58240 kB
LowTotal:         589156 kB
LowFree:           33172 kB
SwapTotal:       1048572 kB
SwapFree:        1048572 kB
Dirty:               236 kB
Writeback:             0 kB
AnonPages:        625052 kB
Mapped:           386700 kB
Shmem:              1328 kB
Slab:              55308 kB
SReclaimable:      20012 kB
SUnreclaim:        35296 kB
KernelStack:       13072 kB
PageTables:        38908 kB
NFS_Unstable:          0 kB
Bounce:                0 kB
WritebackTmp:          0 kB
CommitLimit:     2496364 kB
Committed_AS:   84945968 kB
VmallocTotal:     385024 kB
VmallocUsed:      156844 kB
VmallocChunk:      56388 kB
Time pass: 56 sec

---2015-12-10 12:23:27
MemTotal:        2895588 kB
MemFree:           78716 kB
Buffers:           11524 kB
Cached:          1368308 kB
SwapCached:            0 kB
Active:           665612 kB
Inactive:        1339536 kB
Active(anon):     303384 kB
Inactive(anon):   326032 kB
Active(file):     362228 kB
Inactive(file):  1013504 kB
Unevictable:        2748 kB
Mlocked:               0 kB
HighTotal:       2306432 kB
HighFree:          45592 kB
LowTotal:         589156 kB
LowFree:           33124 kB
SwapTotal:       1048572 kB
SwapFree:        1048572 kB
Dirty:               456 kB
Writeback:             0 kB
AnonPages:        628236 kB
Mapped:           386752 kB
Shmem:              1328 kB
Slab:              55320 kB
SReclaimable:      20012 kB
SUnreclaim:        35308 kB
KernelStack:       13072 kB
PageTables:        38924 kB
NFS_Unstable:          0 kB
Bounce:                0 kB
WritebackTmp:          0 kB
CommitLimit:     2496364 kB
Committed_AS:   84946080 kB
VmallocTotal:     385024 kB
VmallocUsed:      156860 kB
VmallocChunk:      56388 kB
Time pass: 60 sec

---2015-12-10 12:23:27
MemTotal:        2895588 kB
MemFree:           78364 kB
Buffers:           11524 kB
Cached:          1368308 kB
SwapCached:            0 kB
Active:           665528 kB
Inactive:        1339548 kB
Active(anon):     303296 kB
Inactive(anon):   326032 kB
Active(file):     362232 kB
Inactive(file):  1013516 kB
Unevictable:        2748 kB
Mlocked:               0 kB
HighTotal:       2306432 kB
HighFree:          45148 kB
LowTotal:         589156 kB
LowFree:           33216 kB
SwapTotal:       1048572 kB
SwapFree:        1048572 kB
Dirty:                 0 kB
Writeback:             0 kB
AnonPages:        628176 kB
Mapped:           386764 kB
Shmem:              1328 kB
Slab:              55304 kB
SReclaimable:      20012 kB
SUnreclaim:        35292 kB
KernelStack:       13072 kB
PageTables:        38908 kB
NFS_Unstable:          0 kB
Bounce:                0 kB
WritebackTmp:          0 kB
CommitLimit:     2496364 kB
Committed_AS:   84946360 kB
VmallocTotal:     385024 kB
VmallocUsed:      156860 kB
VmallocChunk:      56388 kB
Time pass: 63 sec

---2015-12-10 12:23:27
MemTotal:        2895588 kB
MemFree:           79564 kB
Buffers:           11448 kB
Cached:          1327216 kB
SwapCached:            0 kB
Active:           672148 kB
Inactive:        1297276 kB
Active(anon):     309456 kB
Inactive(anon):   326032 kB
Active(file):     362692 kB
Inactive(file):   971244 kB
Unevictable:        2748 kB
Mlocked:               0 kB
HighTotal:       2306432 kB
HighFree:          45076 kB
LowTotal:         589156 kB
LowFree:           34488 kB
SwapTotal:       1048572 kB
SwapFree:        1048572 kB
Dirty:                 0 kB
Writeback:           292 kB
AnonPages:        634372 kB
Mapped:           386772 kB
Shmem:              1328 kB
Slab:              55300 kB
SReclaimable:      20012 kB
SUnreclaim:        35288 kB
KernelStack:       13072 kB
PageTables:        38908 kB
NFS_Unstable:          0 kB
Bounce:                0 kB
WritebackTmp:          0 kB
CommitLimit:     2496364 kB
Committed_AS:   84955436 kB
VmallocTotal:     385024 kB
VmallocUsed:      156808 kB
VmallocChunk:      56388 kB
Time pass: 67 sec

---2015-12-10 12:23:27
MemTotal:        2895588 kB
MemFree:           72632 kB
Buffers:           11456 kB
Cached:          1316688 kB
SwapCached:            0 kB
Active:           673404 kB
Inactive:        1286544 kB
Active(anon):     309972 kB
Inactive(anon):   326004 kB
Active(file):     363432 kB
Inactive(file):   960540 kB
Unevictable:        2748 kB
Mlocked:               0 kB
HighTotal:       2306432 kB
HighFree:          40952 kB
LowTotal:         589156 kB
LowFree:           31680 kB
SwapTotal:       1048572 kB
SwapFree:        1048572 kB
Dirty:                60 kB
Writeback:             0 kB
AnonPages:        635004 kB
Mapped:           386864 kB
Shmem:              1328 kB
Slab:              55360 kB
SReclaimable:      20068 kB
SUnreclaim:        35292 kB
KernelStack:       13072 kB
PageTables:        38900 kB
NFS_Unstable:          0 kB
Bounce:                0 kB
WritebackTmp:          0 kB
CommitLimit:     2496364 kB
Committed_AS:   84953732 kB
VmallocTotal:     385024 kB
VmallocUsed:      156816 kB
VmallocChunk:      56388 kB
Time pass: 70 sec

---2015-12-10 12:23:27
MemTotal:        2895588 kB
MemFree:           73356 kB
Buffers:           11440 kB
Cached:          1300360 kB
SwapCached:            0 kB
Active:           690196 kB
Inactive:        1271884 kB
Active(anon):     326100 kB
Inactive(anon):   327872 kB
Active(file):     364096 kB
Inactive(file):   944012 kB
Unevictable:        2748 kB
Mlocked:               0 kB
HighTotal:       2306432 kB
HighFree:          41424 kB
LowTotal:         589156 kB
LowFree:           31932 kB
SwapTotal:       1048572 kB
SwapFree:        1048572 kB
Dirty:               304 kB
Writeback:             0 kB
AnonPages:        653160 kB
Mapped:           391512 kB
Shmem:              1328 kB
Slab:              55196 kB
SReclaimable:      19908 kB
SUnreclaim:        35288 kB
KernelStack:       13144 kB
PageTables:        38924 kB
NFS_Unstable:          0 kB
Bounce:                0 kB
WritebackTmp:          0 kB
CommitLimit:     2496364 kB
Committed_AS:   84978172 kB
VmallocTotal:     385024 kB
VmallocUsed:      159028 kB
VmallocChunk:      56388 kB
Time pass: 74 sec

---2015-12-10 12:23:27
MemTotal:        2895588 kB
MemFree:           69596 kB
Buffers:           11472 kB
Cached:          1300228 kB
SwapCached:            0 kB
Active:           695096 kB
Inactive:        1271220 kB
Active(anon):     330908 kB
Inactive(anon):   327948 kB
Active(file):     364188 kB
Inactive(file):   943272 kB
Unevictable:        2748 kB
Mlocked:               0 kB
HighTotal:       2306432 kB
HighFree:          38008 kB
LowTotal:         589156 kB
LowFree:           31588 kB
SwapTotal:       1048572 kB
SwapFree:        1048572 kB
Dirty:                 0 kB
Writeback:             0 kB
AnonPages:        657564 kB
Mapped:           391612 kB
Shmem:              1492 kB
Slab:              55228 kB
SReclaimable:      19908 kB
SUnreclaim:        35320 kB
KernelStack:       13304 kB
PageTables:        39080 kB
NFS_Unstable:          0 kB
Bounce:                0 kB
WritebackTmp:          0 kB
CommitLimit:     2496364 kB
Committed_AS:   84982380 kB
VmallocTotal:     385024 kB
VmallocUsed:      159028 kB
VmallocChunk:      56388 kB
Time pass: 77 sec

---2015-12-10 12:23:27
MemTotal:        2895588 kB
MemFree:           73268 kB
Buffers:           11244 kB
Cached:          1270520 kB
SwapCached:            0 kB
Active:           694484 kB
Inactive:        1242748 kB
Active(anon):     329372 kB
Inactive(anon):   330416 kB
Active(file):     365112 kB
Inactive(file):   912332 kB
Unevictable:        2748 kB
Mlocked:               0 kB
HighTotal:       2306432 kB
HighFree:          41812 kB
LowTotal:         589156 kB
LowFree:           31456 kB
SwapTotal:       1048572 kB
SwapFree:        1048572 kB
Dirty:                 0 kB
Writeback:             0 kB
AnonPages:        658872 kB
Mapped:           391744 kB
Shmem:              1572 kB
Slab:              55312 kB
SReclaimable:      19908 kB
SUnreclaim:        35404 kB
KernelStack:       13304 kB
PageTables:        39216 kB
NFS_Unstable:          0 kB
Bounce:                0 kB
WritebackTmp:          0 kB
CommitLimit:     2496364 kB
Committed_AS:   84982532 kB
VmallocTotal:     385024 kB
VmallocUsed:      159028 kB
VmallocChunk:      56388 kB
Time pass: 81 sec

---2015-12-10 12:23:27
MemTotal:        2895588 kB
MemFree:           70656 kB
Buffers:           11268 kB
Cached:          1270932 kB
SwapCached:            0 kB
Active:           696448 kB
Inactive:        1243228 kB
Active(anon):     331336 kB
Inactive(anon):   330588 kB
Active(file):     365112 kB
Inactive(file):   912640 kB
Unevictable:        2748 kB
Mlocked:               0 kB
HighTotal:       2306432 kB
HighFree:          39364 kB
LowTotal:         589156 kB
LowFree:           31292 kB
SwapTotal:       1048572 kB
SwapFree:        1048572 kB
Dirty:                56 kB
Writeback:             0 kB
AnonPages:        660676 kB
Mapped:           391916 kB
Shmem:              1700 kB
Slab:              55376 kB
SReclaimable:      19908 kB
SUnreclaim:        35468 kB
KernelStack:       13288 kB
PageTables:        39216 kB
NFS_Unstable:          0 kB
Bounce:                0 kB
WritebackTmp:          0 kB
CommitLimit:     2496364 kB
Committed_AS:   84986812 kB
VmallocTotal:     385024 kB
VmallocUsed:      159028 kB
VmallocChunk:      56388 kB
Time pass: 85 sec

---2015-12-10 12:23:27
MemTotal:        2895588 kB
MemFree:           75088 kB
Buffers:           11260 kB
Cached:          1266300 kB
SwapCached:            0 kB
Active:           694604 kB
Inactive:        1239408 kB
Active(anon):     329032 kB
Inactive(anon):   331916 kB
Active(file):     365572 kB
Inactive(file):   907492 kB
Unevictable:        2748 kB
Mlocked:               0 kB
HighTotal:       2306432 kB
HighFree:          41896 kB
LowTotal:         589156 kB
LowFree:           33192 kB
SwapTotal:       1048572 kB
SwapFree:        1048572 kB
Dirty:                 0 kB
Writeback:             0 kB
AnonPages:        659776 kB
Mapped:           391964 kB
Shmem:              1748 kB
Slab:              55356 kB
SReclaimable:      19908 kB
SUnreclaim:        35448 kB
KernelStack:       13288 kB
PageTables:        39220 kB
NFS_Unstable:          0 kB
Bounce:                0 kB
WritebackTmp:          0 kB
CommitLimit:     2496364 kB
Committed_AS:   84986860 kB
VmallocTotal:     385024 kB
VmallocUsed:      159028 kB
VmallocChunk:      56388 kB
Time pass: 88 sec

---2015-12-10 12:23:27
MemTotal:        2895588 kB
MemFree:           73940 kB
Buffers:           11276 kB
Cached:          1266300 kB
SwapCached:            0 kB
Active:           696456 kB
Inactive:        1239412 kB
Active(anon):     330884 kB
Inactive(anon):   331904 kB
Active(file):     365572 kB
Inactive(file):   907508 kB
Unevictable:        2748 kB
Mlocked:               0 kB
HighTotal:       2306432 kB
HighFree:          40956 kB
LowTotal:         589156 kB
LowFree:           32984 kB
SwapTotal:       1048572 kB
SwapFree:        1048572 kB
Dirty:                56 kB
Writeback:             0 kB
AnonPages:        661820 kB
Mapped:           391964 kB
Shmem:              1748 kB
Slab:              55488 kB
SReclaimable:      20020 kB
SUnreclaim:        35468 kB
KernelStack:       13304 kB
PageTables:        39244 kB
NFS_Unstable:          0 kB
Bounce:                0 kB
WritebackTmp:          0 kB
CommitLimit:     2496364 kB
Committed_AS:   84995900 kB
VmallocTotal:     385024 kB
VmallocUsed:      159028 kB
VmallocChunk:      56388 kB
Time pass: 92 sec

---2015-12-10 12:23:27
MemTotal:        2895588 kB
MemFree:           72456 kB
Buffers:           11284 kB
Cached:          1266300 kB
SwapCached:            0 kB
Active:           697256 kB
Inactive:        1239440 kB
Active(anon):     331684 kB
Inactive(anon):   331924 kB
Active(file):     365572 kB
Inactive(file):   907516 kB
Unevictable:        2748 kB
Mlocked:               0 kB
HighTotal:       2306432 kB
HighFree:          39468 kB
LowTotal:         589156 kB
LowFree:           32988 kB
SwapTotal:       1048572 kB
SwapFree:        1048572 kB
Dirty:                32 kB
Writeback:             0 kB
AnonPages:        662208 kB
Mapped:           391912 kB
Shmem:              1748 kB
Slab:              55512 kB
SReclaimable:      20008 kB
SUnreclaim:        35504 kB
KernelStack:       13288 kB
PageTables:        39208 kB
NFS_Unstable:          0 kB
Bounce:                0 kB
WritebackTmp:          0 kB
CommitLimit:     2496364 kB
Committed_AS:   84991444 kB
VmallocTotal:     385024 kB
VmallocUsed:      159028 kB
VmallocChunk:      56388 kB
Time pass: 95 sec

---2015-12-10 12:23:27
MemTotal:        2895588 kB
MemFree:           72320 kB
Buffers:           11300 kB
Cached:          1266300 kB
SwapCached:            0 kB
Active:           697628 kB
Inactive:        1239456 kB
Active(anon):     332056 kB
Inactive(anon):   331924 kB
Active(file):     365572 kB
Inactive(file):   907532 kB
Unevictable:        2748 kB
Mlocked:               0 kB
HighTotal:       2306432 kB
HighFree:          39096 kB
LowTotal:         589156 kB
LowFree:           33224 kB
SwapTotal:       1048572 kB
SwapFree:        1048572 kB
Dirty:                 0 kB
Writeback:             0 kB
AnonPages:        662448 kB
Mapped:           391964 kB
Shmem:              1748 kB
Slab:              55480 kB
SReclaimable:      19976 kB
SUnreclaim:        35504 kB
KernelStack:       13288 kB
PageTables:        39232 kB
NFS_Unstable:          0 kB
Bounce:                0 kB
WritebackTmp:          0 kB
CommitLimit:     2496364 kB
Committed_AS:   84991572 kB
VmallocTotal:     385024 kB
VmallocUsed:      159028 kB
VmallocChunk:      56388 kB
Time pass: 99 sec

---2015-12-10 12:23:27
MemTotal:        2895588 kB
MemFree:           72500 kB
Buffers:           11308 kB
Cached:          1266332 kB
SwapCached:            0 kB
Active:           697644 kB
Inactive:        1239468 kB
Active(anon):     332088 kB
Inactive(anon):   331920 kB
Active(file):     365556 kB
Inactive(file):   907548 kB
Unevictable:        2748 kB
Mlocked:               0 kB
HighTotal:       2306432 kB
HighFree:          39344 kB
LowTotal:         589156 kB
LowFree:           33156 kB
SwapTotal:       1048572 kB
SwapFree:        1048572 kB
Dirty:                16 kB
Writeback:             0 kB
AnonPages:        662952 kB
Mapped:           392008 kB
Shmem:              1788 kB
Slab:              55428 kB
SReclaimable:      19976 kB
SUnreclaim:        35452 kB
KernelStack:       13280 kB
PageTables:        39232 kB
NFS_Unstable:          0 kB
Bounce:                0 kB
WritebackTmp:          0 kB
CommitLimit:     2496364 kB
Committed_AS:   84991724 kB
VmallocTotal:     385024 kB
VmallocUsed:      159028 kB
VmallocChunk:      56388 kB
Time pass: 102 sec

---2015-12-10 12:23:27
MemTotal:        2895588 kB
MemFree:           71764 kB
Buffers:           11324 kB
Cached:          1266404 kB
SwapCached:            0 kB
Active:           697464 kB
Inactive:        1239444 kB
Active(anon):     331908 kB
Inactive(anon):   331872 kB
Active(file):     365556 kB
Inactive(file):   907572 kB
Unevictable:        2748 kB
Mlocked:               0 kB
HighTotal:       2306432 kB
HighFree:          38476 kB
LowTotal:         589156 kB
LowFree:           33288 kB
SwapTotal:       1048572 kB
SwapFree:        1048572 kB
Dirty:                60 kB
Writeback:             0 kB
AnonPages:        662584 kB
Mapped:           392124 kB
Shmem:              1852 kB
Slab:              55420 kB
SReclaimable:      19976 kB
SUnreclaim:        35444 kB
KernelStack:       13288 kB
PageTables:        39240 kB
NFS_Unstable:          0 kB
Bounce:                0 kB
WritebackTmp:          0 kB
CommitLimit:     2496364 kB
Committed_AS:   84991316 kB
VmallocTotal:     385024 kB
VmallocUsed:      159028 kB
VmallocChunk:      56388 kB
Time pass: 106 sec

---2015-12-10 12:23:27
MemTotal:        2895588 kB
MemFree:           73344 kB
Buffers:           11324 kB
Cached:          1266404 kB
SwapCached:            0 kB
Active:           695880 kB
Inactive:        1239452 kB
Active(anon):     330324 kB
Inactive(anon):   331880 kB
Active(file):     365556 kB
Inactive(file):   907572 kB
Unevictable:        2748 kB
Mlocked:               0 kB
HighTotal:       2306432 kB
HighFree:          38600 kB
LowTotal:         589156 kB
LowFree:           34744 kB
SwapTotal:       1048572 kB
SwapFree:        1048572 kB
Dirty:                 0 kB
Writeback:             0 kB
AnonPages:        660884 kB
Mapped:           392124 kB
Shmem:              1852 kB
Slab:              55420 kB
SReclaimable:      19976 kB
SUnreclaim:        35444 kB
KernelStack:       13272 kB
PageTables:        39240 kB
NFS_Unstable:          0 kB
Bounce:                0 kB
WritebackTmp:          0 kB
CommitLimit:     2496364 kB
Committed_AS:   84991396 kB
VmallocTotal:     385024 kB
VmallocUsed:      159028 kB
VmallocChunk:      56388 kB
Time pass: 109 sec

---2015-12-10 12:23:27
MemTotal:        2895588 kB
MemFree:           74704 kB
Buffers:           11332 kB
Cached:          1266416 kB
SwapCached:            0 kB
Active:           695068 kB
Inactive:        1239264 kB
Active(anon):     329512 kB
Inactive(anon):   331684 kB
Active(file):     365556 kB
Inactive(file):   907580 kB
Unevictable:        2748 kB
Mlocked:               0 kB
HighTotal:       2306432 kB
HighFree:          40036 kB
LowTotal:         589156 kB
LowFree:           34668 kB
SwapTotal:       1048572 kB
SwapFree:        1048572 kB
Dirty:                28 kB
Writeback:             0 kB
AnonPages:        659520 kB
Mapped:           392376 kB
Shmem:              1864 kB
Slab:              55440 kB
SReclaimable:      19976 kB
SUnreclaim:        35464 kB
KernelStack:       13240 kB
PageTables:        39220 kB
NFS_Unstable:          0 kB
Bounce:                0 kB
WritebackTmp:          0 kB
CommitLimit:     2496364 kB
Committed_AS:   84994292 kB
VmallocTotal:     385024 kB
VmallocUsed:      159028 kB
VmallocChunk:      56388 kB
Time pass: 113 sec

---2015-12-10 12:23:27
MemTotal:        2895588 kB
MemFree:          397780 kB
Buffers:           11392 kB
Cached:          1257096 kB
SwapCached:            0 kB
Active:           617912 kB
Inactive:        1228260 kB
Active(anon):     250860 kB
Inactive(anon):   331616 kB
Active(file):     367052 kB
Inactive(file):   896644 kB
Unevictable:        2748 kB
Mlocked:               0 kB
HighTotal:       2306432 kB
HighFree:         317136 kB
LowTotal:         589156 kB
LowFree:           80644 kB
SwapTotal:       1048572 kB
SwapFree:        1048572 kB
Dirty:                64 kB
Writeback:             0 kB
AnonPages:        580248 kB
Mapped:           360268 kB
Shmem:              1844 kB
Slab:              55364 kB
SReclaimable:      19912 kB
SUnreclaim:        35452 kB
KernelStack:       12352 kB
PageTables:        37376 kB
NFS_Unstable:          0 kB
Bounce:                0 kB
WritebackTmp:          0 kB
CommitLimit:     2496364 kB
Committed_AS:   82359716 kB
VmallocTotal:     385024 kB
VmallocUsed:      151656 kB
VmallocChunk:      56388 kB
Time pass: 116 sec

---2015-12-10 12:23:27
MemTotal:        2895588 kB
MemFree:          397764 kB
Buffers:           11400 kB
Cached:          1257508 kB
SwapCached:            0 kB
Active:           617292 kB
Inactive:        1228396 kB
Active(anon):     250216 kB
Inactive(anon):   331344 kB
Active(file):     367076 kB
Inactive(file):   897052 kB
Unevictable:        2748 kB
Mlocked:               0 kB
HighTotal:       2306432 kB
HighFree:         316964 kB
LowTotal:         589156 kB
LowFree:           80800 kB
SwapTotal:       1048572 kB
SwapFree:        1048572 kB
Dirty:                 0 kB
Writeback:           148 kB
AnonPages:        580260 kB
Mapped:           360200 kB
Shmem:              1840 kB
Slab:              55376 kB
SReclaimable:      19912 kB
SUnreclaim:        35464 kB
KernelStack:       12248 kB
PageTables:        37280 kB
NFS_Unstable:          0 kB
Bounce:                0 kB
WritebackTmp:          0 kB
CommitLimit:     2496364 kB
Committed_AS:   82359764 kB
VmallocTotal:     385024 kB
VmallocUsed:      151656 kB
VmallocChunk:      56388 kB
Time pass: 120 sec

---2015-12-10 12:23:27
MemTotal:        2895588 kB
MemFree:          399688 kB
Buffers:           11400 kB
Cached:          1257596 kB
SwapCached:            0 kB
Active:           615852 kB
Inactive:        1228556 kB
Active(anon):     248776 kB
Inactive(anon):   331320 kB
Active(file):     367076 kB
Inactive(file):   897236 kB
Unevictable:        2748 kB
Mlocked:               0 kB
HighTotal:       2306432 kB
HighFree:         318648 kB
LowTotal:         589156 kB
LowFree:           81040 kB
SwapTotal:       1048572 kB
SwapFree:        1048572 kB
Dirty:                 0 kB
Writeback:             0 kB
AnonPages:        578788 kB
Mapped:           360252 kB
Shmem:              1840 kB
Slab:              55376 kB
SReclaimable:      19912 kB
SUnreclaim:        35464 kB
KernelStack:       12240 kB
PageTables:        37300 kB
NFS_Unstable:          0 kB
Bounce:                0 kB
WritebackTmp:          0 kB
CommitLimit:     2496364 kB
Committed_AS:   82359972 kB
VmallocTotal:     385024 kB
VmallocUsed:      151656 kB
VmallocChunk:      56388 kB
Time pass: 123 sec

---2015-12-10 12:23:27
MemTotal:        2895588 kB
MemFree:          399788 kB
Buffers:           11408 kB
Cached:          1257460 kB
SwapCached:            0 kB
Active:           615692 kB
Inactive:        1228524 kB
Active(anon):     248616 kB
Inactive(anon):   331192 kB
Active(file):     367076 kB
Inactive(file):   897332 kB
Unevictable:        2748 kB
Mlocked:               0 kB
HighTotal:       2306432 kB
HighFree:         318592 kB
LowTotal:         589156 kB
LowFree:           81196 kB
SwapTotal:       1048572 kB
SwapFree:        1048572 kB
Dirty:                68 kB
Writeback:             0 kB
AnonPages:        578260 kB
Mapped:           360216 kB
Shmem:              1712 kB
Slab:              55364 kB
SReclaimable:      19912 kB
SUnreclaim:        35452 kB
KernelStack:       12232 kB
PageTables:        37280 kB
NFS_Unstable:          0 kB
Bounce:                0 kB
WritebackTmp:          0 kB
CommitLimit:     2496364 kB
Committed_AS:   82360072 kB
VmallocTotal:     385024 kB
VmallocUsed:      151656 kB
VmallocChunk:      56388 kB
Time pass: 127 sec

---2015-12-10 12:23:27
MemTotal:        2895588 kB
MemFree:          399528 kB
Buffers:           11408 kB
Cached:          1257560 kB
SwapCached:            0 kB
Active:           615928 kB
Inactive:        1228472 kB
Active(anon):     248852 kB
Inactive(anon):   331040 kB
Active(file):     367076 kB
Inactive(file):   897432 kB
Unevictable:        2748 kB
Mlocked:               0 kB
HighTotal:       2306432 kB
HighFree:         318292 kB
LowTotal:         589156 kB
LowFree:           81236 kB
SwapTotal:       1048572 kB
SwapFree:        1048572 kB
Dirty:                68 kB
Writeback:             0 kB
AnonPages:        578532 kB
Mapped:           360308 kB
Shmem:              1712 kB
Slab:              55364 kB
SReclaimable:      19912 kB
SUnreclaim:        35452 kB
KernelStack:       12208 kB
PageTables:        37300 kB
NFS_Unstable:          0 kB
Bounce:                0 kB
WritebackTmp:          0 kB
CommitLimit:     2496364 kB
Committed_AS:   82360128 kB
VmallocTotal:     385024 kB
VmallocUsed:      151656 kB
VmallocChunk:      56388 kB
Time pass: 131 sec

---2015-12-10 12:23:27
MemTotal:        2895588 kB
MemFree:          332020 kB
Buffers:           11472 kB
Cached:          1258900 kB
SwapCached:            0 kB
Active:           639632 kB
Inactive:        1228664 kB
Active(anon):     271956 kB
Inactive(anon):   331176 kB
Active(file):     367676 kB
Inactive(file):   897488 kB
Unevictable:        2748 kB
Mlocked:               0 kB
HighTotal:       2306432 kB
HighFree:         251116 kB
LowTotal:         589156 kB
LowFree:           80904 kB
SwapTotal:       1048572 kB
SwapFree:        1048572 kB
Dirty:               664 kB
Writeback:             0 kB
AnonPages:        601584 kB
Mapped:           381156 kB
Shmem:              2004 kB
Slab:              55364 kB
SReclaimable:      19912 kB
SUnreclaim:        35452 kB
KernelStack:       12344 kB
PageTables:        38008 kB
NFS_Unstable:          0 kB
Bounce:                0 kB
WritebackTmp:          0 kB
CommitLimit:     2496364 kB
Committed_AS:   83673672 kB
VmallocTotal:     385024 kB
VmallocUsed:      153028 kB
VmallocChunk:      56388 kB
Time pass: 134 sec

---2015-12-10 12:23:27
MemTotal:        2895588 kB
MemFree:          195888 kB
Buffers:           11496 kB
Cached:          1259892 kB
SwapCached:            0 kB
Active:           661928 kB
Inactive:        1229412 kB
Active(anon):     293676 kB
Inactive(anon):   330880 kB
Active(file):     368252 kB
Inactive(file):   898532 kB
Unevictable:        2748 kB
Mlocked:               0 kB
HighTotal:       2306432 kB
HighFree:         115172 kB
LowTotal:         589156 kB
LowFree:           80716 kB
SwapTotal:       1048572 kB
SwapFree:        1048572 kB
Dirty:              2008 kB
Writeback:             0 kB
AnonPages:        622956 kB
Mapped:           386632 kB
Shmem:              1848 kB
Slab:              55348 kB
SReclaimable:      19920 kB
SUnreclaim:        35428 kB
KernelStack:       12960 kB
PageTables:        38504 kB
NFS_Unstable:          0 kB
Bounce:                0 kB
WritebackTmp:          0 kB
CommitLimit:     2496364 kB
Committed_AS:   83696336 kB
VmallocTotal:     385024 kB
VmallocUsed:      154288 kB
VmallocChunk:      56388 kB
Time pass: 137 sec

---2015-12-10 12:23:27
MemTotal:        2895588 kB
MemFree:          149116 kB
Buffers:           11496 kB
Cached:          1261016 kB
SwapCached:            0 kB
Active:           662824 kB
Inactive:        1228796 kB
Active(anon):     293004 kB
Inactive(anon):   330720 kB
Active(file):     369820 kB
Inactive(file):   898076 kB
Unevictable:        2748 kB
Mlocked:               0 kB
HighTotal:       2306432 kB
HighFree:          68200 kB
LowTotal:         589156 kB
LowFree:           80916 kB
SwapTotal:       1048572 kB
SwapFree:        1048572 kB
Dirty:               692 kB
Writeback:             0 kB
AnonPages:        622092 kB
Mapped:           386876 kB
Shmem:              1848 kB
Slab:              55484 kB
SReclaimable:      19928 kB
SUnreclaim:        35556 kB
KernelStack:       12936 kB
PageTables:        38408 kB
NFS_Unstable:          0 kB
Bounce:                0 kB
WritebackTmp:          0 kB
CommitLimit:     2496364 kB
Committed_AS:   83702456 kB
VmallocTotal:     385024 kB
VmallocUsed:      154300 kB
VmallocChunk:      56388 kB
Time pass: 141 sec

---2015-12-10 12:23:27
MemTotal:        2895588 kB
MemFree:          148996 kB
Buffers:           11504 kB
Cached:          1261020 kB
SwapCached:            0 kB
Active:           662636 kB
Inactive:        1228808 kB
Active(anon):     292812 kB
Inactive(anon):   330708 kB
Active(file):     369824 kB
Inactive(file):   898100 kB
Unevictable:        2748 kB
Mlocked:               0 kB
HighTotal:       2306432 kB
HighFree:          68072 kB
LowTotal:         589156 kB
LowFree:           80924 kB
SwapTotal:       1048572 kB
SwapFree:        1048572 kB
Dirty:               164 kB
Writeback:             0 kB
AnonPages:        622036 kB
Mapped:           386932 kB
Shmem:              1848 kB
Slab:              55464 kB
SReclaimable:      19928 kB
SUnreclaim:        35536 kB
KernelStack:       12936 kB
PageTables:        38428 kB
NFS_Unstable:          0 kB
Bounce:                0 kB
WritebackTmp:          0 kB
CommitLimit:     2496364 kB
Committed_AS:   83702684 kB
VmallocTotal:     385024 kB
VmallocUsed:      154300 kB
VmallocChunk:      56388 kB
Time pass: 144 sec

---2015-12-10 12:23:27
MemTotal:        2895588 kB
MemFree:          147264 kB
Buffers:           11512 kB
Cached:          1261332 kB
SwapCached:            0 kB
Active:           665488 kB
Inactive:        1228576 kB
Active(anon):     295132 kB
Inactive(anon):   330696 kB
Active(file):     370356 kB
Inactive(file):   897880 kB
Unevictable:        2748 kB
Mlocked:               0 kB
HighTotal:       2306432 kB
HighFree:          66388 kB
LowTotal:         589156 kB
LowFree:           80876 kB
SwapTotal:       1048572 kB
SwapFree:        1048572 kB
Dirty:               504 kB
Writeback:             0 kB
AnonPages:        624360 kB
Mapped:           386992 kB
Shmem:              1848 kB
Slab:              55456 kB
SReclaimable:      19928 kB
SUnreclaim:        35528 kB
KernelStack:       12936 kB
PageTables:        38412 kB
NFS_Unstable:          0 kB
Bounce:                0 kB
WritebackTmp:          0 kB
CommitLimit:     2496364 kB
Committed_AS:   83702884 kB
VmallocTotal:     385024 kB
VmallocUsed:      154316 kB
VmallocChunk:      56388 kB
Time pass: 148 sec

---2015-12-10 12:23:27
MemTotal:        2895588 kB
MemFree:          114880 kB
Buffers:           11512 kB
Cached:          1261332 kB
SwapCached:            0 kB
Active:           671928 kB
Inactive:        1228572 kB
Active(anon):     301560 kB
Inactive(anon):   330696 kB
Active(file):     370368 kB
Inactive(file):   897876 kB
Unevictable:        2748 kB
Mlocked:               0 kB
HighTotal:       2306432 kB
HighFree:          38168 kB
LowTotal:         589156 kB
LowFree:           76712 kB
SwapTotal:       1048572 kB
SwapFree:        1048572 kB
Dirty:               296 kB
Writeback:             0 kB
AnonPages:        630500 kB
Mapped:           387000 kB
Shmem:              1848 kB
Slab:              55488 kB
SReclaimable:      19928 kB
SUnreclaim:        35560 kB
KernelStack:       12936 kB
PageTables:        38416 kB
NFS_Unstable:          0 kB
Bounce:                0 kB
WritebackTmp:          0 kB
CommitLimit:     2496364 kB
Committed_AS:   83703396 kB
VmallocTotal:     385024 kB
VmallocUsed:      154284 kB
VmallocChunk:      56388 kB
Time pass: 151 sec

---2015-12-10 12:23:27
MemTotal:        2895588 kB
MemFree:          116164 kB
Buffers:           11520 kB
Cached:          1261348 kB
SwapCached:            0 kB
Active:           669812 kB
Inactive:        1228528 kB
Active(anon):     299444 kB
Inactive(anon):   330624 kB
Active(file):     370368 kB
Inactive(file):   897904 kB
Unevictable:        2748 kB
Mlocked:               0 kB
HighTotal:       2306432 kB
HighFree:          40240 kB
LowTotal:         589156 kB
LowFree:           75924 kB
SwapTotal:       1048572 kB
SwapFree:        1048572 kB
Dirty:                56 kB
Writeback:             0 kB
AnonPages:        628416 kB
Mapped:           387052 kB
Shmem:              1848 kB
Slab:              55320 kB
SReclaimable:      19928 kB
SUnreclaim:        35392 kB
KernelStack:       12936 kB
PageTables:        38396 kB
NFS_Unstable:          0 kB
Bounce:                0 kB
WritebackTmp:          0 kB
CommitLimit:     2496364 kB
Committed_AS:   83698392 kB
VmallocTotal:     385024 kB
VmallocUsed:      154272 kB
VmallocChunk:      56388 kB
Time pass: 155 sec

---2015-12-10 12:23:27
MemTotal:        2895588 kB
MemFree:          115100 kB
Buffers:           11528 kB
Cached:          1261348 kB
SwapCached:            0 kB
Active:           669764 kB
Inactive:        1228532 kB
Active(anon):     299396 kB
Inactive(anon):   330620 kB
Active(file):     370368 kB
Inactive(file):   897912 kB
Unevictable:        2748 kB
Mlocked:               0 kB
HighTotal:       2306432 kB
HighFree:          39496 kB
LowTotal:         589156 kB
LowFree:           75604 kB
SwapTotal:       1048572 kB
SwapFree:        1048572 kB
Dirty:                56 kB
Writeback:             0 kB
AnonPages:        628476 kB
Mapped:           387112 kB
Shmem:              1848 kB
Slab:              55320 kB
SReclaimable:      19928 kB
SUnreclaim:        35392 kB
KernelStack:       12928 kB
PageTables:        38416 kB
NFS_Unstable:          0 kB
Bounce:                0 kB
WritebackTmp:          0 kB
CommitLimit:     2496364 kB
Committed_AS:   83698632 kB
VmallocTotal:     385024 kB
VmallocUsed:      154272 kB
VmallocChunk:      56388 kB
Time pass: 158 sec

---2015-12-10 12:23:27
MemTotal:        2895588 kB
MemFree:          115188 kB
Buffers:           11536 kB
Cached:          1261340 kB
SwapCached:            0 kB
Active:           669972 kB
Inactive:        1228520 kB
Active(anon):     299604 kB
Inactive(anon):   330608 kB
Active(file):     370368 kB
Inactive(file):   897912 kB
Unevictable:        2748 kB
Mlocked:               0 kB
HighTotal:       2306432 kB
HighFree:          39160 kB
LowTotal:         589156 kB
LowFree:           76028 kB
SwapTotal:       1048572 kB
SwapFree:        1048572 kB
Dirty:                 0 kB
Writeback:             0 kB
AnonPages:        629076 kB
Mapped:           387112 kB
Shmem:              1848 kB
Slab:              55320 kB
SReclaimable:      19928 kB
SUnreclaim:        35392 kB
KernelStack:       12928 kB
PageTables:        38408 kB
NFS_Unstable:          0 kB
Bounce:                0 kB
WritebackTmp:          0 kB
CommitLimit:     2496364 kB
Committed_AS:   83698832 kB
VmallocTotal:     385024 kB
VmallocUsed:      154272 kB
VmallocChunk:      56388 kB
Time pass: 162 sec

---2015-12-10 12:23:27
MemTotal:        2895588 kB
MemFree:          106508 kB
Buffers:           11584 kB
Cached:          1261604 kB
SwapCached:            0 kB
Active:           679868 kB
Inactive:        1228748 kB
Active(anon):     309480 kB
Inactive(anon):   330708 kB
Active(file):     370388 kB
Inactive(file):   898040 kB
Unevictable:        2748 kB
Mlocked:               0 kB
HighTotal:       2306432 kB
HighFree:          38364 kB
LowTotal:         589156 kB
LowFree:           68144 kB
SwapTotal:       1048572 kB
SwapFree:        1048572 kB
Dirty:                76 kB
Writeback:             0 kB
AnonPages:        638276 kB
Mapped:           390204 kB
Shmem:              2012 kB
Slab:              55320 kB
SReclaimable:      19928 kB
SUnreclaim:        35392 kB
KernelStack:       13176 kB
PageTables:        38540 kB
NFS_Unstable:          0 kB
Bounce:                0 kB
WritebackTmp:          0 kB
CommitLimit:     2496364 kB
Committed_AS:   83719996 kB
VmallocTotal:     385024 kB
VmallocUsed:      156484 kB
VmallocChunk:      56388 kB
Time pass: 165 sec

---2015-12-10 12:23:27
MemTotal:        2895588 kB
MemFree:          103076 kB
Buffers:           11600 kB
Cached:          1261736 kB
SwapCached:            0 kB
Active:           682808 kB
Inactive:        1228776 kB
Active(anon):     312420 kB
Inactive(anon):   330704 kB
Active(file):     370388 kB
Inactive(file):   898072 kB
Unevictable:        2748 kB
Mlocked:               0 kB
HighTotal:       2306432 kB
HighFree:          43004 kB
LowTotal:         589156 kB
LowFree:           60072 kB
SwapTotal:       1048572 kB
SwapFree:        1048572 kB
Dirty:                80 kB
Writeback:             0 kB
AnonPages:        641228 kB
Mapped:           390548 kB
Shmem:              2128 kB
Slab:              55304 kB
SReclaimable:      19880 kB
SUnreclaim:        35424 kB
KernelStack:       13160 kB
PageTables:        38568 kB
NFS_Unstable:          0 kB
Bounce:                0 kB
WritebackTmp:          0 kB
CommitLimit:     2496364 kB
Committed_AS:   83724112 kB
VmallocTotal:     385024 kB
VmallocUsed:      156484 kB
VmallocChunk:      56388 kB
Time pass: 169 sec

---2015-12-10 12:23:27
MemTotal:        2895588 kB
MemFree:          101580 kB
Buffers:           11608 kB
Cached:          1261756 kB
SwapCached:            0 kB
Active:           683712 kB
Inactive:        1228764 kB
Active(anon):     313324 kB
Inactive(anon):   330680 kB
Active(file):     370388 kB
Inactive(file):   898084 kB
Unevictable:        2748 kB
Mlocked:               0 kB
HighTotal:       2306432 kB
HighFree:          41712 kB
LowTotal:         589156 kB
LowFree:           59868 kB
SwapTotal:       1048572 kB
SwapFree:        1048572 kB
Dirty:                48 kB
Writeback:             0 kB
AnonPages:        642044 kB
Mapped:           390620 kB
Shmem:              2144 kB
Slab:              55304 kB
SReclaimable:      19880 kB
SUnreclaim:        35424 kB
KernelStack:       13160 kB
PageTables:        38588 kB
NFS_Unstable:          0 kB
Bounce:                0 kB
WritebackTmp:          0 kB
CommitLimit:     2496364 kB
Committed_AS:   83724340 kB
VmallocTotal:     385024 kB
VmallocUsed:      156484 kB
VmallocChunk:      56388 kB
Time pass: 173 sec

---2015-12-10 12:23:27
MemTotal:        2895588 kB
MemFree:          103372 kB
Buffers:           11616 kB
Cached:          1261780 kB
SwapCached:            0 kB
Active:           683108 kB
Inactive:        1226048 kB
Active(anon):     312720 kB
Inactive(anon):   327964 kB
Active(file):     370388 kB
Inactive(file):   898084 kB
Unevictable:        2748 kB
Mlocked:               0 kB
HighTotal:       2306432 kB
HighFree:          43768 kB
LowTotal:         589156 kB
LowFree:           59604 kB
SwapTotal:       1048572 kB
SwapFree:        1048572 kB
Dirty:                 0 kB
Writeback:             0 kB
AnonPages:        638916 kB
Mapped:           390704 kB
Shmem:              2176 kB
Slab:              55304 kB
SReclaimable:      19880 kB
SUnreclaim:        35424 kB
KernelStack:       13160 kB
PageTables:        38584 kB
NFS_Unstable:          0 kB
Bounce:                0 kB
WritebackTmp:          0 kB
CommitLimit:     2496364 kB
Committed_AS:   83718324 kB
VmallocTotal:     385024 kB
VmallocUsed:      156484 kB
VmallocChunk:      56388 kB
Time pass: 177 sec

---2015-12-10 12:23:27
MemTotal:        2895588 kB
MemFree:          102880 kB
Buffers:           11616 kB
Cached:          1261792 kB
SwapCached:            0 kB
Active:           683296 kB
Inactive:        1225976 kB
Active(anon):     312904 kB
Inactive(anon):   327884 kB
Active(file):     370392 kB
Inactive(file):   898092 kB
Unevictable:        2748 kB
Mlocked:               0 kB
HighTotal:       2306432 kB
HighFree:          43448 kB
LowTotal:         589156 kB
LowFree:           59432 kB
SwapTotal:       1048572 kB
SwapFree:        1048572 kB
Dirty:                 8 kB
Writeback:             0 kB
AnonPages:        638920 kB
Mapped:           390704 kB
Shmem:              2176 kB
Slab:              55336 kB
SReclaimable:      19880 kB
SUnreclaim:        35456 kB
KernelStack:       13160 kB
PageTables:        38588 kB
NFS_Unstable:          0 kB
Bounce:                0 kB
WritebackTmp:          0 kB
CommitLimit:     2496364 kB
Committed_AS:   83718360 kB
VmallocTotal:     385024 kB
VmallocUsed:      156484 kB
VmallocChunk:      56388 kB
Time pass: 180 sec

---2015-12-10 12:23:27
MemTotal:        2895588 kB
MemFree:          101824 kB
Buffers:           11624 kB
Cached:          1262068 kB
SwapCached:            0 kB
Active:           683964 kB
Inactive:        1226204 kB
Active(anon):     313572 kB
Inactive(anon):   328104 kB
Active(file):     370392 kB
Inactive(file):   898100 kB
Unevictable:        2748 kB
Mlocked:               0 kB
HighTotal:       2306432 kB
HighFree:          42156 kB
LowTotal:         589156 kB
LowFree:           59668 kB
SwapTotal:       1048572 kB
SwapFree:        1048572 kB
Dirty:                16 kB
Writeback:             0 kB
AnonPages:        639260 kB
Mapped:           390980 kB
Shmem:              2452 kB
Slab:              55336 kB
SReclaimable:      19880 kB
SUnreclaim:        35456 kB
KernelStack:       13160 kB
PageTables:        38588 kB
NFS_Unstable:          0 kB
Bounce:                0 kB
WritebackTmp:          0 kB
CommitLimit:     2496364 kB
Committed_AS:   83718572 kB
VmallocTotal:     385024 kB
VmallocUsed:      156484 kB
VmallocChunk:      56388 kB
Time pass: 184 sec

---2015-12-10 12:23:27
MemTotal:        2895588 kB
MemFree:          102012 kB
Buffers:           11632 kB
Cached:          1262360 kB
SwapCached:            0 kB
Active:           684472 kB
Inactive:        1226352 kB
Active(anon):     314076 kB
Inactive(anon):   328256 kB
Active(file):     370396 kB
Inactive(file):   898096 kB
Unevictable:        2748 kB
Mlocked:               0 kB
HighTotal:       2306432 kB
HighFree:          42280 kB
LowTotal:         589156 kB
LowFree:           59732 kB
SwapTotal:       1048572 kB
SwapFree:        1048572 kB
Dirty:                 4 kB
Writeback:             0 kB
AnonPages:        639656 kB
Mapped:           391280 kB
Shmem:              2752 kB
Slab:              55336 kB
SReclaimable:      19880 kB
SUnreclaim:        35456 kB
KernelStack:       13160 kB
PageTables:        38588 kB
NFS_Unstable:          0 kB
Bounce:                0 kB
WritebackTmp:          0 kB
CommitLimit:     2496364 kB
Committed_AS:   83718760 kB
VmallocTotal:     385024 kB
VmallocUsed:      156484 kB
VmallocChunk:      56388 kB
Time pass: 187 sec

---2015-12-10 12:23:27
MemTotal:        2895588 kB
MemFree:          101620 kB
Buffers:           11632 kB
Cached:          1262340 kB
SwapCached:            0 kB
Active:           684360 kB
Inactive:        1226428 kB
Active(anon):     313964 kB
Inactive(anon):   328324 kB
Active(file):     370396 kB
Inactive(file):   898104 kB
Unevictable:        2748 kB
Mlocked:               0 kB
HighTotal:       2306432 kB
HighFree:          41980 kB
LowTotal:         589156 kB
LowFree:           59640 kB
SwapTotal:       1048572 kB
SwapFree:        1048572 kB
Dirty:                 0 kB
Writeback:             0 kB
AnonPages:        639440 kB
Mapped:           391304 kB
Shmem:              2724 kB
Slab:              55336 kB
SReclaimable:      19880 kB
SUnreclaim:        35456 kB
KernelStack:       13160 kB
PageTables:        38608 kB
NFS_Unstable:          0 kB
Bounce:                0 kB
WritebackTmp:          0 kB
CommitLimit:     2496364 kB
Committed_AS:   83718896 kB
VmallocTotal:     385024 kB
VmallocUsed:      156484 kB
VmallocChunk:      56388 kB
Time pass: 191 sec

---2015-12-10 12:23:27
MemTotal:        2895588 kB
MemFree:           96324 kB
Buffers:           11688 kB
Cached:          1261740 kB
SwapCached:            0 kB
Active:           691068 kB
Inactive:        1225640 kB
Active(anon):     320524 kB
Inactive(anon):   327640 kB
Active(file):     370544 kB
Inactive(file):   898000 kB
Unevictable:        2748 kB
Mlocked:               0 kB
HighTotal:       2306432 kB
HighFree:          38012 kB
LowTotal:         589156 kB
LowFree:           58312 kB
SwapTotal:       1048572 kB
SwapFree:        1048572 kB
Dirty:                64 kB
Writeback:             0 kB
AnonPages:        646112 kB
Mapped:           390732 kB
Shmem:              2136 kB
Slab:              55336 kB
SReclaimable:      19880 kB
SUnreclaim:        35456 kB
KernelStack:       13064 kB
PageTables:        38484 kB
NFS_Unstable:          0 kB
Bounce:                0 kB
WritebackTmp:          0 kB
CommitLimit:     2496364 kB
Committed_AS:   83739668 kB
VmallocTotal:     385024 kB
VmallocUsed:      156512 kB
VmallocChunk:      56388 kB
Time pass: 194 sec

---2015-12-10 12:23:27
MemTotal:        2895588 kB
MemFree:           94832 kB
Buffers:           11704 kB
Cached:          1261788 kB
SwapCached:            0 kB
Active:           692080 kB
Inactive:        1225788 kB
Active(anon):     321536 kB
Inactive(anon):   327756 kB
Active(file):     370544 kB
Inactive(file):   898032 kB
Unevictable:        2748 kB
Mlocked:               0 kB
HighTotal:       2306432 kB
HighFree:          38168 kB
LowTotal:         589156 kB
LowFree:           56664 kB
SwapTotal:       1048572 kB
SwapFree:        1048572 kB
Dirty:                60 kB
Writeback:             0 kB
AnonPages:        647240 kB
Mapped:           390704 kB
Shmem:              2168 kB
Slab:              55332 kB
SReclaimable:      19880 kB
SUnreclaim:        35452 kB
KernelStack:       13144 kB
PageTables:        38596 kB
NFS_Unstable:          0 kB
Bounce:                0 kB
WritebackTmp:          0 kB
CommitLimit:     2496364 kB
Committed_AS:   83739720 kB
VmallocTotal:     385024 kB
VmallocUsed:      156512 kB
VmallocChunk:      56388 kB
Time pass: 198 sec

---2015-12-10 12:23:27
MemTotal:        2895588 kB
MemFree:           93916 kB
Buffers:           11728 kB
Cached:          1261808 kB
SwapCached:            0 kB
Active:           692196 kB
Inactive:        1225812 kB
Active(anon):     321652 kB
Inactive(anon):   327756 kB
Active(file):     370544 kB
Inactive(file):   898056 kB
Unevictable:        2748 kB
Mlocked:               0 kB
HighTotal:       2306432 kB
HighFree:          38540 kB
LowTotal:         589156 kB
LowFree:           55376 kB
SwapTotal:       1048572 kB
SwapFree:        1048572 kB
Dirty:                44 kB
Writeback:             0 kB
AnonPages:        647552 kB
Mapped:           390776 kB
Shmem:              2188 kB
Slab:              55332 kB
SReclaimable:      19880 kB
SUnreclaim:        35452 kB
KernelStack:       13144 kB
PageTables:        38620 kB
NFS_Unstable:          0 kB
Bounce:                0 kB
WritebackTmp:          0 kB
CommitLimit:     2496364 kB
Committed_AS:   83744016 kB
VmallocTotal:     385024 kB
VmallocUsed:      156512 kB
VmallocChunk:      56388 kB
Time pass: 202 sec

---2015-12-10 12:23:27
MemTotal:        2895588 kB
MemFree:           94624 kB
Buffers:           11728 kB
Cached:          1261808 kB
SwapCached:            0 kB
Active:           692816 kB
Inactive:        1225832 kB
Active(anon):     322272 kB
Inactive(anon):   327776 kB
Active(file):     370544 kB
Inactive(file):   898056 kB
Unevictable:        2748 kB
Mlocked:               0 kB
HighTotal:       2306432 kB
HighFree:          38240 kB
LowTotal:         589156 kB
LowFree:           56384 kB
SwapTotal:       1048572 kB
SwapFree:        1048572 kB
Dirty:                44 kB
Writeback:             0 kB
AnonPages:        648128 kB
Mapped:           390828 kB
Shmem:              2188 kB
Slab:              55332 kB
SReclaimable:      19880 kB
SUnreclaim:        35452 kB
KernelStack:       13144 kB
PageTables:        38640 kB
NFS_Unstable:          0 kB
Bounce:                0 kB
WritebackTmp:          0 kB
CommitLimit:     2496364 kB
Committed_AS:   83744224 kB
VmallocTotal:     385024 kB
VmallocUsed:      156512 kB
VmallocChunk:      56388 kB
Time pass: 205 sec

---2015-12-10 12:23:27
MemTotal:        2895588 kB
MemFree:           93300 kB
Buffers:           11752 kB
Cached:          1261808 kB
SwapCached:            0 kB
Active:           693600 kB
Inactive:        1225856 kB
Active(anon):     323056 kB
Inactive(anon):   327776 kB
Active(file):     370544 kB
Inactive(file):   898080 kB
Unevictable:        2748 kB
Mlocked:               0 kB
HighTotal:       2306432 kB
HighFree:          37744 kB
LowTotal:         589156 kB
LowFree:           55556 kB
SwapTotal:       1048572 kB
SwapFree:        1048572 kB
Dirty:                52 kB
Writeback:             0 kB
AnonPages:        648880 kB
Mapped:           390776 kB
Shmem:              2188 kB
Slab:              55332 kB
SReclaimable:      19880 kB
SUnreclaim:        35452 kB
KernelStack:       13144 kB
PageTables:        38624 kB
NFS_Unstable:          0 kB
Bounce:                0 kB
WritebackTmp:          0 kB
CommitLimit:     2496364 kB
Committed_AS:   83744288 kB
VmallocTotal:     385024 kB
VmallocUsed:      156512 kB
VmallocChunk:      56388 kB
Time pass: 209 sec

---2015-12-10 12:23:27
MemTotal:        2895588 kB
MemFree:           92036 kB
Buffers:           11752 kB
Cached:          1261840 kB
SwapCached:            0 kB
Active:           694744 kB
Inactive:        1225892 kB
Active(anon):     324216 kB
Inactive(anon):   327796 kB
Active(file):     370528 kB
Inactive(file):   898096 kB
Unevictable:        2748 kB
Mlocked:               0 kB
HighTotal:       2306432 kB
HighFree:          38044 kB
LowTotal:         589156 kB
LowFree:           53992 kB
SwapTotal:       1048572 kB
SwapFree:        1048572 kB
Dirty:                16 kB
Writeback:             0 kB
AnonPages:        649896 kB
Mapped:           390808 kB
Shmem:              2220 kB
Slab:              55332 kB
SReclaimable:      19880 kB
SUnreclaim:        35452 kB
KernelStack:       13144 kB
PageTables:        38624 kB
NFS_Unstable:          0 kB
Bounce:                0 kB
WritebackTmp:          0 kB
CommitLimit:     2496364 kB
Committed_AS:   83744552 kB
VmallocTotal:     385024 kB
VmallocUsed:      156512 kB
VmallocChunk:      56388 kB
Time pass: 212 sec

---2015-12-10 12:23:27
MemTotal:        2895588 kB
MemFree:           92356 kB
Buffers:           11760 kB
Cached:          1261840 kB
SwapCached:            0 kB
Active:           694920 kB
Inactive:        1225888 kB
Active(anon):     324392 kB
Inactive(anon):   327784 kB
Active(file):     370528 kB
Inactive(file):   898104 kB
Unevictable:        2748 kB
Mlocked:               0 kB
HighTotal:       2306432 kB
HighFree:          38364 kB
LowTotal:         589156 kB
LowFree:           53992 kB
SwapTotal:       1048572 kB
SwapFree:        1048572 kB
Dirty:                40 kB
Writeback:             0 kB
AnonPages:        649868 kB
Mapped:           390808 kB
Shmem:              2220 kB
Slab:              55332 kB
SReclaimable:      19880 kB
SUnreclaim:        35452 kB
KernelStack:       13144 kB
PageTables:        38624 kB
NFS_Unstable:          0 kB
Bounce:                0 kB
WritebackTmp:          0 kB
CommitLimit:     2496364 kB
Committed_AS:   83744656 kB
VmallocTotal:     385024 kB
VmallocUsed:      156512 kB
VmallocChunk:      56388 kB
Time pass: 216 sec

---2015-12-10 12:23:27
MemTotal:        2895588 kB
MemFree:           92432 kB
Buffers:           11776 kB
Cached:          1261940 kB
SwapCached:            0 kB
Active:           696044 kB
Inactive:        1225964 kB
Active(anon):     325516 kB
Inactive(anon):   327844 kB
Active(file):     370528 kB
Inactive(file):   898120 kB
Unevictable:        2748 kB
Mlocked:               0 kB
HighTotal:       2306432 kB
HighFree:          39036 kB
LowTotal:         589156 kB
LowFree:           53396 kB
SwapTotal:       1048572 kB
SwapFree:        1048572 kB
Dirty:                48 kB
Writeback:             0 kB
AnonPages:        651204 kB
Mapped:           390908 kB
Shmem:              2320 kB
Slab:              55332 kB
SReclaimable:      19880 kB
SUnreclaim:        35452 kB
KernelStack:       13144 kB
PageTables:        38624 kB
NFS_Unstable:          0 kB
Bounce:                0 kB
WritebackTmp:          0 kB
CommitLimit:     2496364 kB
Committed_AS:   83744752 kB
VmallocTotal:     385024 kB
VmallocUsed:      156512 kB
VmallocChunk:      56388 kB
Time pass: 219 sec

---2015-12-10 12:23:27
MemTotal:        2895588 kB
MemFree:           90296 kB
Buffers:           11784 kB
Cached:          1261948 kB
SwapCached:            0 kB
Active:           696736 kB
Inactive:        1225976 kB
Active(anon):     326208 kB
Inactive(anon):   327856 kB
Active(file):     370528 kB
Inactive(file):   898120 kB
Unevictable:        2748 kB
Mlocked:               0 kB
HighTotal:       2306432 kB
HighFree:          38044 kB
LowTotal:         589156 kB
LowFree:           52252 kB
SwapTotal:       1048572 kB
SwapFree:        1048572 kB
Dirty:                32 kB
Writeback:             0 kB
AnonPages:        651736 kB
Mapped:           390876 kB
Shmem:              2328 kB
Slab:              55332 kB
SReclaimable:      19880 kB
SUnreclaim:        35452 kB
KernelStack:       13144 kB
PageTables:        38604 kB
NFS_Unstable:          0 kB
Bounce:                0 kB
WritebackTmp:          0 kB
CommitLimit:     2496364 kB
Committed_AS:   83745008 kB
VmallocTotal:     385024 kB
VmallocUsed:      156512 kB
VmallocChunk:      56388 kB
Time pass: 223 sec

---2015-12-10 12:23:27
MemTotal:        2895588 kB
MemFree:           89960 kB
Buffers:           11800 kB
Cached:          1261948 kB
SwapCached:            0 kB
Active:           696880 kB
Inactive:        1225912 kB
Active(anon):     326352 kB
Inactive(anon):   327768 kB
Active(file):     370528 kB
Inactive(file):   898144 kB
Unevictable:        2748 kB
Mlocked:               0 kB
HighTotal:       2306432 kB
HighFree:          38044 kB
LowTotal:         589156 kB
LowFree:           51916 kB
SwapTotal:       1048572 kB
SwapFree:        1048572 kB
Dirty:                48 kB
Writeback:             0 kB
AnonPages:        651952 kB
Mapped:           390928 kB
Shmem:              2328 kB
Slab:              55332 kB
SReclaimable:      19880 kB
SUnreclaim:        35452 kB
KernelStack:       13144 kB
PageTables:        38628 kB
NFS_Unstable:          0 kB
Bounce:                0 kB
WritebackTmp:          0 kB
CommitLimit:     2496364 kB
Committed_AS:   83749152 kB
VmallocTotal:     385024 kB
VmallocUsed:      156512 kB
VmallocChunk:      56388 kB
Time pass: 227 sec

---2015-12-10 12:23:27
MemTotal:        2895588 kB
MemFree:           89368 kB
Buffers:           11808 kB
Cached:          1261944 kB
SwapCached:            0 kB
Active:           697020 kB
Inactive:        1225908 kB
Active(anon):     326492 kB
Inactive(anon):   327764 kB
Active(file):     370528 kB
Inactive(file):   898144 kB
Unevictable:        2748 kB
Mlocked:               0 kB
HighTotal:       2306432 kB
HighFree:          38044 kB
LowTotal:         589156 kB
LowFree:           51324 kB
SwapTotal:       1048572 kB
SwapFree:        1048572 kB
Dirty:                 0 kB
Writeback:             0 kB
AnonPages:        652112 kB
Mapped:           390932 kB
Shmem:              2332 kB
Slab:              55332 kB
SReclaimable:      19880 kB
SUnreclaim:        35452 kB
KernelStack:       13144 kB
PageTables:        38628 kB
NFS_Unstable:          0 kB
Bounce:                0 kB
WritebackTmp:          0 kB
CommitLimit:     2496364 kB
Committed_AS:   83749232 kB
VmallocTotal:     385024 kB
VmallocUsed:      156512 kB
VmallocChunk:      56388 kB
Time pass: 230 sec

---2015-12-10 12:23:27
MemTotal:        2895588 kB
MemFree:           88660 kB
Buffers:           11824 kB
Cached:          1261952 kB
SwapCached:            0 kB
Active:           697512 kB
Inactive:        1225932 kB
Active(anon):     326984 kB
Inactive(anon):   327764 kB
Active(file):     370528 kB
Inactive(file):   898168 kB
Unevictable:        2748 kB
Mlocked:               0 kB
HighTotal:       2306432 kB
HighFree:          38044 kB
LowTotal:         589156 kB
LowFree:           50616 kB
SwapTotal:       1048572 kB
SwapFree:        1048572 kB
Dirty:                40 kB
Writeback:             0 kB
AnonPages:        652524 kB
Mapped:           390932 kB
Shmem:              2332 kB
Slab:              55332 kB
SReclaimable:      19880 kB
SUnreclaim:        35452 kB
KernelStack:       13144 kB
PageTables:        38632 kB
NFS_Unstable:          0 kB
Bounce:                0 kB
WritebackTmp:          0 kB
CommitLimit:     2496364 kB
Committed_AS:   83749508 kB
VmallocTotal:     385024 kB
VmallocUsed:      156512 kB
VmallocChunk:      56388 kB
Time pass: 234 sec

---2015-12-10 12:23:27
MemTotal:        2895588 kB
MemFree:           89204 kB
Buffers:           11832 kB
Cached:          1261944 kB
SwapCached:            0 kB
Active:           697480 kB
Inactive:        1225892 kB
Active(anon):     326952 kB
Inactive(anon):   327724 kB
Active(file):     370528 kB
Inactive(file):   898168 kB
Unevictable:        2748 kB
Mlocked:               0 kB
HighTotal:       2306432 kB
HighFree:          38788 kB
LowTotal:         589156 kB
LowFree:           50416 kB
SwapTotal:       1048572 kB
SwapFree:        1048572 kB
Dirty:                 0 kB
Writeback:             0 kB
AnonPages:        652564 kB
Mapped:           390932 kB
Shmem:              2332 kB
Slab:              55336 kB
SReclaimable:      19880 kB
SUnreclaim:        35456 kB
KernelStack:       13144 kB
PageTables:        38632 kB
NFS_Unstable:          0 kB
Bounce:                0 kB
WritebackTmp:          0 kB
CommitLimit:     2496364 kB
Committed_AS:   83749600 kB
VmallocTotal:     385024 kB
VmallocUsed:      156512 kB
VmallocChunk:      56388 kB
Time pass: 238 sec

---2015-12-10 12:23:27
MemTotal:        2895588 kB
MemFree:           89016 kB
Buffers:           11848 kB
Cached:          1261952 kB
SwapCached:            0 kB
Active:           697944 kB
Inactive:        1225908 kB
Active(anon):     327416 kB
Inactive(anon):   327724 kB
Active(file):     370528 kB
Inactive(file):   898184 kB
Unevictable:        2748 kB
Mlocked:               0 kB
HighTotal:       2306432 kB
HighFree:          37992 kB
LowTotal:         589156 kB
LowFree:           51024 kB
SwapTotal:       1048572 kB
SwapFree:        1048572 kB
Dirty:                48 kB
Writeback:             0 kB
AnonPages:        653152 kB
Mapped:           390984 kB
Shmem:              2332 kB
Slab:              55332 kB
SReclaimable:      19880 kB
SUnreclaim:        35452 kB
KernelStack:       13144 kB
PageTables:        38652 kB
NFS_Unstable:          0 kB
Bounce:                0 kB
WritebackTmp:          0 kB
CommitLimit:     2496364 kB
Committed_AS:   83749816 kB
VmallocTotal:     385024 kB
VmallocUsed:      156512 kB
VmallocChunk:      56388 kB
Time pass: 241 sec

---2015-12-10 12:23:27
MemTotal:        2895588 kB
MemFree:           88416 kB
Buffers:           11848 kB
Cached:          1261964 kB
SwapCached:            0 kB
Active:           698684 kB
Inactive:        1225928 kB
Active(anon):     328156 kB
Inactive(anon):   327736 kB
Active(file):     370528 kB
Inactive(file):   898192 kB
Unevictable:        2748 kB
Mlocked:               0 kB
HighTotal:       2306432 kB
HighFree:          38116 kB
LowTotal:         589156 kB
LowFree:           50300 kB
SwapTotal:       1048572 kB
SwapFree:        1048572 kB
Dirty:                 0 kB
Writeback:             0 kB
AnonPages:        653840 kB
Mapped:           390944 kB
Shmem:              2344 kB
Slab:              55332 kB
SReclaimable:      19880 kB
SUnreclaim:        35452 kB
KernelStack:       13144 kB
PageTables:        38632 kB
NFS_Unstable:          0 kB
Bounce:                0 kB
WritebackTmp:          0 kB
CommitLimit:     2496364 kB
Committed_AS:   83749976 kB
VmallocTotal:     385024 kB
VmallocUsed:      156512 kB
VmallocChunk:      56388 kB
Time pass: 245 sec

---2015-12-10 12:23:27
MemTotal:        2895588 kB
MemFree:           88400 kB
Buffers:           11872 kB
Cached:          1261968 kB
SwapCached:            0 kB
Active:           698876 kB
Inactive:        1225956 kB
Active(anon):     328348 kB
Inactive(anon):   327756 kB
Active(file):     370528 kB
Inactive(file):   898200 kB
Unevictable:        2748 kB
Mlocked:               0 kB
HighTotal:       2306432 kB
HighFree:          38168 kB
LowTotal:         589156 kB
LowFree:           50232 kB
SwapTotal:       1048572 kB
SwapFree:        1048572 kB
Dirty:                28 kB
Writeback:             0 kB
AnonPages:        653804 kB
Mapped:           390964 kB
Shmem:              2364 kB
Slab:              55336 kB
SReclaimable:      19880 kB
SUnreclaim:        35456 kB
KernelStack:       13144 kB
PageTables:        38632 kB
NFS_Unstable:          0 kB
Bounce:                0 kB
WritebackTmp:          0 kB
CommitLimit:     2496364 kB
Committed_AS:   83750080 kB
VmallocTotal:     385024 kB
VmallocUsed:      156512 kB
VmallocChunk:      56388 kB
Time pass: 248 sec

---2015-12-10 12:23:27
MemTotal:        2895588 kB
MemFree:           87808 kB
Buffers:           11872 kB
Cached:          1262024 kB
SwapCached:            0 kB
Active:           698852 kB
Inactive:        1226012 kB
Active(anon):     328324 kB
Inactive(anon):   327796 kB
Active(file):     370528 kB
Inactive(file):   898216 kB
Unevictable:        2748 kB
Mlocked:               0 kB
HighTotal:       2306432 kB
HighFree:          38044 kB
LowTotal:         589156 kB
LowFree:           49764 kB
SwapTotal:       1048572 kB
SwapFree:        1048572 kB
Dirty:                 0 kB
Writeback:             0 kB
AnonPages:        653636 kB
Mapped:           391004 kB
Shmem:              2404 kB
Slab:              55336 kB
SReclaimable:      19880 kB
SUnreclaim:        35456 kB
KernelStack:       13144 kB
PageTables:        38632 kB
NFS_Unstable:          0 kB
Bounce:                0 kB
WritebackTmp:          0 kB
CommitLimit:     2496364 kB
Committed_AS:   83750216 kB
VmallocTotal:     385024 kB
VmallocUsed:      156512 kB
VmallocChunk:      56388 kB
Time pass: 252 sec

---2015-12-10 12:23:27
MemTotal:        2895588 kB
MemFree:           85312 kB
Buffers:           11936 kB
Cached:          1262276 kB
SwapCached:            0 kB
Active:           701428 kB
Inactive:        1226300 kB
Active(anon):     330904 kB
Inactive(anon):   327768 kB
Active(file):     370524 kB
Inactive(file):   898532 kB
Unevictable:        2748 kB
Mlocked:               0 kB
HighTotal:       2306432 kB
HighFree:          38168 kB
LowTotal:         589156 kB
LowFree:           47144 kB
SwapTotal:       1048572 kB
SwapFree:        1048572 kB
Dirty:               124 kB
Writeback:             0 kB
AnonPages:        656568 kB
Mapped:           391224 kB
Shmem:              2408 kB
Slab:              55352 kB
SReclaimable:      19896 kB
SUnreclaim:        35456 kB
KernelStack:       13264 kB
PageTables:        39088 kB
NFS_Unstable:          0 kB
Bounce:                0 kB
WritebackTmp:          0 kB
CommitLimit:     2496364 kB
Committed_AS:   84995600 kB
VmallocTotal:     385024 kB
VmallocUsed:      157532 kB
VmallocChunk:      56388 kB
Time pass: 256 sec

---2015-12-10 12:23:27
MemTotal:        2895588 kB
MemFree:           83744 kB
Buffers:           11952 kB
Cached:          1262292 kB
SwapCached:            0 kB
Active:           702068 kB
Inactive:        1226328 kB
Active(anon):     331540 kB
Inactive(anon):   327784 kB
Active(file):     370528 kB
Inactive(file):   898544 kB
Unevictable:        2748 kB
Mlocked:               0 kB
HighTotal:       2306432 kB
HighFree:          38168 kB
LowTotal:         589156 kB
LowFree:           45576 kB
SwapTotal:       1048572 kB
SwapFree:        1048572 kB
Dirty:                 0 kB
Writeback:             0 kB
AnonPages:        656956 kB
Mapped:           391240 kB
Shmem:              2424 kB
Slab:              55352 kB
SReclaimable:      19896 kB
SUnreclaim:        35456 kB
KernelStack:       13248 kB
PageTables:        39112 kB
NFS_Unstable:          0 kB
Bounce:                0 kB
WritebackTmp:          0 kB
CommitLimit:     2496364 kB
Committed_AS:   84995488 kB
VmallocTotal:     385024 kB
VmallocUsed:      157532 kB
VmallocChunk:      56388 kB
Time pass: 259 sec

---2015-12-10 12:23:27
MemTotal:        2895588 kB
MemFree:           83640 kB
Buffers:           11960 kB
Cached:          1262292 kB
SwapCached:            0 kB
Active:           702404 kB
Inactive:        1226328 kB
Active(anon):     331876 kB
Inactive(anon):   327784 kB
Active(file):     370528 kB
Inactive(file):   898544 kB
Unevictable:        2748 kB
Mlocked:               0 kB
HighTotal:       2306432 kB
HighFree:          38168 kB
LowTotal:         589156 kB
LowFree:           45472 kB
SwapTotal:       1048572 kB
SwapFree:        1048572 kB
Dirty:                36 kB
Writeback:             0 kB
AnonPages:        657576 kB
Mapped:           391312 kB
Shmem:              2424 kB
Slab:              55352 kB
SReclaimable:      19896 kB
SUnreclaim:        35456 kB
KernelStack:       13256 kB
PageTables:        39136 kB
NFS_Unstable:          0 kB
Bounce:                0 kB
WritebackTmp:          0 kB
CommitLimit:     2496364 kB
Committed_AS:   84995784 kB
VmallocTotal:     385024 kB
VmallocUsed:      157532 kB
VmallocChunk:      56388 kB
Time pass: 263 sec

---2015-12-10 12:23:27
MemTotal:        2895588 kB
MemFree:           83100 kB
Buffers:           11976 kB
Cached:          1262292 kB
SwapCached:            0 kB
Active:           702720 kB
Inactive:        1226352 kB
Active(anon):     332192 kB
Inactive(anon):   327784 kB
Active(file):     370528 kB
Inactive(file):   898568 kB
Unevictable:        2748 kB
Mlocked:               0 kB
HighTotal:       2306432 kB
HighFree:          38168 kB
LowTotal:         589156 kB
LowFree:           44932 kB
SwapTotal:       1048572 kB
SwapFree:        1048572 kB
Dirty:                44 kB
Writeback:             0 kB
AnonPages:        657708 kB
Mapped:           391364 kB
Shmem:              2424 kB
Slab:              55376 kB
SReclaimable:      19896 kB
SUnreclaim:        35480 kB
KernelStack:       13256 kB
PageTables:        39156 kB
NFS_Unstable:          0 kB
Bounce:                0 kB
WritebackTmp:          0 kB
CommitLimit:     2496364 kB
Committed_AS:   84995968 kB
VmallocTotal:     385024 kB
VmallocUsed:      157532 kB
VmallocChunk:      56388 kB
Time pass: 266 sec

---2015-12-10 12:23:27
MemTotal:        2895588 kB
MemFree:           82716 kB
Buffers:           11984 kB
Cached:          1262396 kB
SwapCached:            0 kB
Active:           702680 kB
Inactive:        1226464 kB
Active(anon):     332152 kB
Inactive(anon):   327896 kB
Active(file):     370528 kB
Inactive(file):   898568 kB
Unevictable:        2748 kB
Mlocked:               0 kB
HighTotal:       2306432 kB
HighFree:          38292 kB
LowTotal:         589156 kB
LowFree:           44424 kB
SwapTotal:       1048572 kB
SwapFree:        1048572 kB
Dirty:                 0 kB
Writeback:             0 kB
AnonPages:        657672 kB
Mapped:           391424 kB
Shmem:              2536 kB
Slab:              55376 kB
SReclaimable:      19896 kB
SUnreclaim:        35480 kB
KernelStack:       13256 kB
PageTables:        39132 kB
NFS_Unstable:          0 kB
Bounce:                0 kB
WritebackTmp:          0 kB
CommitLimit:     2496364 kB
Committed_AS:   84996040 kB
VmallocTotal:     385024 kB
VmallocUsed:      157532 kB
VmallocChunk:      56388 kB
Time pass: 270 sec

---2015-12-10 12:23:27
MemTotal:        2895588 kB
MemFree:           82324 kB
Buffers:           12000 kB
Cached:          1262408 kB
SwapCached:            0 kB
Active:           703212 kB
Inactive:        1226492 kB
Active(anon):     332684 kB
Inactive(anon):   327900 kB
Active(file):     370528 kB
Inactive(file):   898592 kB
Unevictable:        2748 kB
Mlocked:               0 kB
HighTotal:       2306432 kB
HighFree:          38168 kB
LowTotal:         589156 kB
LowFree:           44156 kB
SwapTotal:       1048572 kB
SwapFree:        1048572 kB
Dirty:                40 kB
Writeback:             0 kB
AnonPages:        658200 kB
Mapped:           391428 kB
Shmem:              2540 kB
Slab:              55352 kB
SReclaimable:      19896 kB
SUnreclaim:        35456 kB
KernelStack:       13256 kB
PageTables:        39132 kB
NFS_Unstable:          0 kB
Bounce:                0 kB
WritebackTmp:          0 kB
CommitLimit:     2496364 kB
Committed_AS:   84996144 kB
VmallocTotal:     385024 kB
VmallocUsed:      157532 kB
VmallocChunk:      56388 kB
Time pass: 274 sec

---2015-12-10 12:23:27
MemTotal:        2895588 kB
MemFree:           82188 kB
Buffers:           12000 kB
Cached:          1262420 kB
SwapCached:            0 kB
Active:           703720 kB
Inactive:        1226504 kB
Active(anon):     333192 kB
Inactive(anon):   327912 kB
Active(file):     370528 kB
Inactive(file):   898592 kB
Unevictable:        2748 kB
Mlocked:               0 kB
HighTotal:       2306432 kB
HighFree:          38168 kB
LowTotal:         589156 kB
LowFree:           44020 kB
SwapTotal:       1048572 kB
SwapFree:        1048572 kB
Dirty:                 0 kB
Writeback:             0 kB
AnonPages:        658432 kB
Mapped:           391440 kB
Shmem:              2552 kB
Slab:              55352 kB
SReclaimable:      19896 kB
SUnreclaim:        35456 kB
KernelStack:       13256 kB
PageTables:        39132 kB
NFS_Unstable:          0 kB
Bounce:                0 kB
WritebackTmp:          0 kB
CommitLimit:     2496364 kB
Committed_AS:   84996392 kB
VmallocTotal:     385024 kB
VmallocUsed:      157532 kB
VmallocChunk:      56388 kB
Time pass: 277 sec

---2015-12-10 12:23:27
MemTotal:        2895588 kB
MemFree:           82276 kB
Buffers:           12024 kB
Cached:          1262420 kB
SwapCached:            0 kB
Active:           703896 kB
Inactive:        1226504 kB
Active(anon):     333368 kB
Inactive(anon):   327888 kB
Active(file):     370528 kB
Inactive(file):   898616 kB
Unevictable:        2748 kB
Mlocked:               0 kB
HighTotal:       2306432 kB
HighFree:          38044 kB
LowTotal:         589156 kB
LowFree:           44232 kB
SwapTotal:       1048572 kB
SwapFree:        1048572 kB
Dirty:                44 kB
Writeback:             0 kB
AnonPages:        658492 kB
Mapped:           391440 kB
Shmem:              2552 kB
Slab:              55344 kB
SReclaimable:      19896 kB
SUnreclaim:        35448 kB
KernelStack:       13256 kB
PageTables:        39132 kB
NFS_Unstable:          0 kB
Bounce:                0 kB
WritebackTmp:          0 kB
CommitLimit:     2496364 kB
Committed_AS:   84996464 kB
VmallocTotal:     385024 kB
VmallocUsed:      157532 kB
VmallocChunk:      56388 kB
Time pass: 281 sec

---2015-12-10 12:23:27
MemTotal:        2895588 kB
MemFree:           81572 kB
Buffers:           12024 kB
Cached:          1262520 kB
SwapCached:            0 kB
Active:           704232 kB
Inactive:        1226584 kB
Active(anon):     333704 kB
Inactive(anon):   327968 kB
Active(file):     370528 kB
Inactive(file):   898616 kB
Unevictable:        2748 kB
Mlocked:               0 kB
HighTotal:       2306432 kB
HighFree:          38044 kB
LowTotal:         589156 kB
LowFree:           43528 kB
SwapTotal:       1048572 kB
SwapFree:        1048572 kB
Dirty:                 0 kB
Writeback:             0 kB
AnonPages:        659156 kB
Mapped:           391540 kB
Shmem:              2652 kB
Slab:              55344 kB
SReclaimable:      19896 kB
SUnreclaim:        35448 kB
KernelStack:       13256 kB
PageTables:        39132 kB
NFS_Unstable:          0 kB
Bounce:                0 kB
WritebackTmp:          0 kB
CommitLimit:     2496364 kB
Committed_AS:   84996672 kB
VmallocTotal:     385024 kB
VmallocUsed:      157532 kB
VmallocChunk:      56388 kB
Time pass: 284 sec

---2015-12-10 12:23:27
MemTotal:        2895588 kB
MemFree:           82052 kB
Buffers:           12032 kB
Cached:          1262520 kB
SwapCached:            0 kB
Active:           704060 kB
Inactive:        1226384 kB
Active(anon):     333532 kB
Inactive(anon):   327760 kB
Active(file):     370528 kB
Inactive(file):   898624 kB
Unevictable:        2748 kB
Mlocked:               0 kB
HighTotal:       2306432 kB
HighFree:          38292 kB
LowTotal:         589156 kB
LowFree:           43760 kB
SwapTotal:       1048572 kB
SwapFree:        1048572 kB
Dirty:                28 kB
Writeback:             0 kB
AnonPages:        658600 kB
Mapped:           391536 kB
Shmem:              2652 kB
Slab:              55344 kB
SReclaimable:      19896 kB
SUnreclaim:        35448 kB
KernelStack:       13256 kB
PageTables:        39116 kB
NFS_Unstable:          0 kB
Bounce:                0 kB
WritebackTmp:          0 kB
CommitLimit:     2496364 kB
Committed_AS:   84988348 kB
VmallocTotal:     385024 kB
VmallocUsed:      157532 kB
VmallocChunk:      56388 kB
Time pass: 288 sec

---2015-12-10 12:23:27
MemTotal:        2895588 kB
MemFree:           81196 kB
Buffers:           12048 kB
Cached:          1262580 kB
SwapCached:            0 kB
Active:           704152 kB
Inactive:        1226460 kB
Active(anon):     333624 kB
Inactive(anon):   327820 kB
Active(file):     370528 kB
Inactive(file):   898640 kB
Unevictable:        2748 kB
Mlocked:               0 kB
HighTotal:       2306432 kB
HighFree:          38044 kB
LowTotal:         589156 kB
LowFree:           43152 kB
SwapTotal:       1048572 kB
SwapFree:        1048572 kB
Dirty:                40 kB
Writeback:             0 kB
AnonPages:        658704 kB
Mapped:           391596 kB
Shmem:              2712 kB
Slab:              55344 kB
SReclaimable:      19896 kB
SUnreclaim:        35448 kB
KernelStack:       13248 kB
PageTables:        39116 kB
NFS_Unstable:          0 kB
Bounce:                0 kB
WritebackTmp:          0 kB
CommitLimit:     2496364 kB
Committed_AS:   84988492 kB
VmallocTotal:     385024 kB
VmallocUsed:      157532 kB
VmallocChunk:      56388 kB
Time pass: 291 sec

---2015-12-10 12:23:27
MemTotal:        2895588 kB
MemFree:           80880 kB
Buffers:           12064 kB
Cached:          1262580 kB
SwapCached:            0 kB
Active:           704544 kB
Inactive:        1226472 kB
Active(anon):     334016 kB
Inactive(anon):   327816 kB
Active(file):     370528 kB
Inactive(file):   898656 kB
Unevictable:        2748 kB
Mlocked:               0 kB
HighTotal:       2306432 kB
HighFree:          38044 kB
LowTotal:         589156 kB
LowFree:           42836 kB
SwapTotal:       1048572 kB
SwapFree:        1048572 kB
Dirty:                40 kB
Writeback:             0 kB
AnonPages:        659244 kB
Mapped:           391596 kB
Shmem:              2712 kB
Slab:              55348 kB
SReclaimable:      19896 kB
SUnreclaim:        35452 kB
KernelStack:       13248 kB
PageTables:        39120 kB
NFS_Unstable:          0 kB
Bounce:                0 kB
WritebackTmp:          0 kB
CommitLimit:     2496364 kB
Committed_AS:   84988700 kB
VmallocTotal:     385024 kB
VmallocUsed:      157532 kB
VmallocChunk:      56388 kB
Time pass: 295 sec

---2015-12-10 12:23:27
MemTotal:        2895588 kB
MemFree:           80416 kB
Buffers:           12072 kB
Cached:          1262572 kB
SwapCached:            0 kB
Active:           704184 kB
Inactive:        1226468 kB
Active(anon):     333656 kB
Inactive(anon):   327812 kB
Active(file):     370528 kB
Inactive(file):   898656 kB
Unevictable:        2748 kB
Mlocked:               0 kB
HighTotal:       2306432 kB
HighFree:          38168 kB
LowTotal:         589156 kB
LowFree:           42248 kB
SwapTotal:       1048572 kB
SwapFree:        1048572 kB
Dirty:                 0 kB
Writeback:             0 kB
AnonPages:        659068 kB
Mapped:           391544 kB
Shmem:              2712 kB
Slab:              55348 kB
SReclaimable:      19896 kB
SUnreclaim:        35452 kB
KernelStack:       13232 kB
PageTables:        39100 kB
NFS_Unstable:          0 kB
Bounce:                0 kB
WritebackTmp:          0 kB
CommitLimit:     2496364 kB
Committed_AS:   84982852 kB
VmallocTotal:     385024 kB
VmallocUsed:      157532 kB
VmallocChunk:      56388 kB
Time pass: 298 sec

---2015-12-10 12:23:27
MemTotal:        2895588 kB
MemFree:           84860 kB
Buffers:           12088 kB
Cached:          1262580 kB
SwapCached:            0 kB
Active:           699776 kB
Inactive:        1226492 kB
Active(anon):     329248 kB
Inactive(anon):   327812 kB
Active(file):     370528 kB
Inactive(file):   898680 kB
Unevictable:        2748 kB
Mlocked:               0 kB
HighTotal:       2306432 kB
HighFree:          38912 kB
LowTotal:         589156 kB
LowFree:           45948 kB
SwapTotal:       1048572 kB
SwapFree:        1048572 kB
Dirty:                48 kB
Writeback:             0 kB
AnonPages:        654716 kB
Mapped:           391544 kB
Shmem:              2712 kB
Slab:              55408 kB
SReclaimable:      19956 kB
SUnreclaim:        35452 kB
KernelStack:       13248 kB
PageTables:        39120 kB
NFS_Unstable:          0 kB
Bounce:                0 kB
WritebackTmp:          0 kB
CommitLimit:     2496364 kB
Committed_AS:   84991956 kB
VmallocTotal:     385024 kB
VmallocUsed:      157532 kB
VmallocChunk:      56388 kB
Time pass: 302 sec

---2015-12-10 12:23:27
MemTotal:        2895588 kB
MemFree:           84788 kB
Buffers:           12096 kB
Cached:          1262580 kB
SwapCached:            0 kB
Active:           699660 kB
Inactive:        1226432 kB
Active(anon):     329132 kB
Inactive(anon):   327752 kB
Active(file):     370528 kB
Inactive(file):   898680 kB
Unevictable:        2748 kB
Mlocked:               0 kB
HighTotal:       2306432 kB
HighFree:          39056 kB
LowTotal:         589156 kB
LowFree:           45732 kB
SwapTotal:       1048572 kB
SwapFree:        1048572 kB
Dirty:                 0 kB
Writeback:             0 kB
AnonPages:        654612 kB
Mapped:           391544 kB
Shmem:              2712 kB
Slab:              55416 kB
SReclaimable:      19960 kB
SUnreclaim:        35456 kB
KernelStack:       13232 kB
PageTables:        39140 kB
NFS_Unstable:          0 kB
Bounce:                0 kB
WritebackTmp:          0 kB
CommitLimit:     2496364 kB
Committed_AS:   84983284 kB
VmallocTotal:     385024 kB
VmallocUsed:      157532 kB
VmallocChunk:      56388 kB
Time pass: 306 sec

---2015-12-10 12:23:27
MemTotal:        2895588 kB
MemFree:           86060 kB
Buffers:           12112 kB
Cached:          1262580 kB
SwapCached:            0 kB
Active:           699404 kB
Inactive:        1226456 kB
Active(anon):     328876 kB
Inactive(anon):   327752 kB
Active(file):     370528 kB
Inactive(file):   898704 kB
Unevictable:        2748 kB
Mlocked:               0 kB
HighTotal:       2306432 kB
HighFree:          38612 kB
LowTotal:         589156 kB
LowFree:           47448 kB
SwapTotal:       1048572 kB
SwapFree:        1048572 kB
Dirty:                44 kB
Writeback:             0 kB
AnonPages:        654044 kB
Mapped:           391544 kB
Shmem:              2712 kB
Slab:              55416 kB
SReclaimable:      19960 kB
SUnreclaim:        35456 kB
KernelStack:       13232 kB
PageTables:        39120 kB
NFS_Unstable:          0 kB
Bounce:                0 kB
WritebackTmp:          0 kB
CommitLimit:     2496364 kB
Committed_AS:   84983380 kB
VmallocTotal:     385024 kB
VmallocUsed:      157532 kB
VmallocChunk:      56388 kB
Time pass: 309 sec

---2015-12-10 12:23:27
MemTotal:        2895588 kB
MemFree:           85324 kB
Buffers:           12112 kB
Cached:          1262580 kB
SwapCached:            0 kB
Active:           700016 kB
Inactive:        1226448 kB
Active(anon):     329488 kB
Inactive(anon):   327744 kB
Active(file):     370528 kB
Inactive(file):   898704 kB
Unevictable:        2748 kB
Mlocked:               0 kB
HighTotal:       2306432 kB
HighFree:          38116 kB
LowTotal:         589156 kB
LowFree:           47208 kB
SwapTotal:       1048572 kB
SwapFree:        1048572 kB
Dirty:                 0 kB
Writeback:             0 kB
AnonPages:        654672 kB
Mapped:           391596 kB
Shmem:              2712 kB
Slab:              55416 kB
SReclaimable:      19960 kB
SUnreclaim:        35456 kB
KernelStack:       13240 kB
PageTables:        39120 kB
NFS_Unstable:          0 kB
Bounce:                0 kB
WritebackTmp:          0 kB
CommitLimit:     2496364 kB
Committed_AS:   84983572 kB
VmallocTotal:     385024 kB
VmallocUsed:      157532 kB
VmallocChunk:      56388 kB
Time pass: 313 sec

---2015-12-10 12:23:27
MemTotal:        2895588 kB
MemFree:           85404 kB
Buffers:           12136 kB
Cached:          1262564 kB
SwapCached:            0 kB
Active:           699824 kB
Inactive:        1226448 kB
Active(anon):     329296 kB
Inactive(anon):   327744 kB
Active(file):     370528 kB
Inactive(file):   898704 kB
Unevictable:        2748 kB
Mlocked:               0 kB
HighTotal:       2306432 kB
HighFree:          38168 kB
LowTotal:         589156 kB
LowFree:           47236 kB
SwapTotal:       1048572 kB
SwapFree:        1048572 kB
Dirty:                28 kB
Writeback:             0 kB
AnonPages:        654820 kB
Mapped:           391596 kB
Shmem:              2712 kB
Slab:              55432 kB
SReclaimable:      19960 kB
SUnreclaim:        35472 kB
KernelStack:       13224 kB
PageTables:        39116 kB
NFS_Unstable:          0 kB
Bounce:                0 kB
WritebackTmp:          0 kB
CommitLimit:     2496364 kB
Committed_AS:   84983556 kB
VmallocTotal:     385024 kB
VmallocUsed:      157532 kB
VmallocChunk:      56388 kB
Time pass: 316 sec

---2015-12-10 12:23:27
MemTotal:        2895588 kB
MemFree:           85396 kB
Buffers:           12136 kB
Cached:          1262580 kB
SwapCached:            0 kB
Active:           699760 kB
Inactive:        1226472 kB
Active(anon):     329232 kB
Inactive(anon):   327744 kB
Active(file):     370528 kB
Inactive(file):   898728 kB
Unevictable:        2748 kB
Mlocked:               0 kB
HighTotal:       2306432 kB
HighFree:          38168 kB
LowTotal:         589156 kB
LowFree:           47228 kB
SwapTotal:       1048572 kB
SwapFree:        1048572 kB
Dirty:                 0 kB
Writeback:             0 kB
AnonPages:        654516 kB
Mapped:           391596 kB
Shmem:              2712 kB
Slab:              55416 kB
SReclaimable:      19960 kB
SUnreclaim:        35456 kB
KernelStack:       13224 kB
PageTables:        39116 kB
NFS_Unstable:          0 kB
Bounce:                0 kB
WritebackTmp:          0 kB
CommitLimit:     2496364 kB
Committed_AS:   84983708 kB
VmallocTotal:     385024 kB
VmallocUsed:      157532 kB
VmallocChunk:      56388 kB
Time pass: 320 sec

---2015-12-10 12:23:27
MemTotal:        2895588 kB
MemFree:           85232 kB
Buffers:           12144 kB
Cached:          1262580 kB
SwapCached:            0 kB
Active:           700160 kB
Inactive:        1226416 kB
Active(anon):     329632 kB
Inactive(anon):   327680 kB
Active(file):     370528 kB
Inactive(file):   898736 kB
Unevictable:        2748 kB
Mlocked:               0 kB
HighTotal:       2306432 kB
HighFree:          38168 kB
LowTotal:         589156 kB
LowFree:           47064 kB
SwapTotal:       1048572 kB
SwapFree:        1048572 kB
Dirty:                28 kB
Writeback:             0 kB
AnonPages:        654772 kB
Mapped:           391596 kB
