---2015-12-09 10:54:01
MemTotal:        2582696 kB
MemFree:          119724 kB
Buffers:           13784 kB
Cached:          1188852 kB
SwapCached:            0 kB
Active:          1120796 kB
Inactive:         857560 kB
Active(anon):     621308 kB
Inactive(anon):   159536 kB
Active(file):     499488 kB
Inactive(file):   698024 kB
Unevictable:        2988 kB
Mlocked:               0 kB
SwapTotal:        524284 kB
SwapFree:         524284 kB
Dirty:               416 kB
Writeback:             0 kB
AnonPages:        778744 kB
Mapped:           430308 kB
Shmem:              2136 kB
Slab:             102324 kB
SReclaimable:      31320 kB
SUnreclaim:        71004 kB
KernelStack:       39024 kB
PageTables:        40276 kB
NFS_Unstable:          0 kB
Bounce:                0 kB
WritebackTmp:          0 kB
CommitLimit:     1815632 kB
Committed_AS:   115996544 kB
VmallocTotal:   251658176 kB
VmallocUsed:      120552 kB
VmallocChunk:   251437476 kB
Time pass: 3 sec

---2015-12-09 10:54:01
MemTotal:        2582696 kB
MemFree:          119752 kB
Buffers:           13784 kB
Cached:          1188868 kB
SwapCached:            0 kB
Active:          1120904 kB
Inactive:         857576 kB
Active(anon):     621416 kB
Inactive(anon):   159536 kB
Active(file):     499488 kB
Inactive(file):   698040 kB
Unevictable:        2988 kB
Mlocked:               0 kB
SwapTotal:        524284 kB
SwapFree:         524284 kB
Dirty:               392 kB
Writeback:             0 kB
AnonPages:        778892 kB
Mapped:           430316 kB
Shmem:              2136 kB
Slab:             102236 kB
SReclaimable:      31320 kB
SUnreclaim:        70916 kB
KernelStack:       39008 kB
PageTables:        40272 kB
NFS_Unstable:          0 kB
Bounce:                0 kB
WritebackTmp:          0 kB
CommitLimit:     1815632 kB
Committed_AS:   115996560 kB
VmallocTotal:   251658176 kB
VmallocUsed:      120552 kB
VmallocChunk:   251437476 kB
Time pass: 7 sec

---2015-12-09 10:54:01
MemTotal:        2582696 kB
MemFree:          119844 kB
Buffers:           13784 kB
Cached:          1188868 kB
SwapCached:            0 kB
Active:          1121192 kB
Inactive:         857576 kB
Active(anon):     621704 kB
Inactive(anon):   159536 kB
Active(file):     499488 kB
Inactive(file):   698040 kB
Unevictable:        2988 kB
Mlocked:               0 kB
SwapTotal:        524284 kB
SwapFree:         524284 kB
Dirty:               220 kB
Writeback:             0 kB
AnonPages:        779048 kB
Mapped:           430316 kB
Shmem:              2136 kB
Slab:             102324 kB
SReclaimable:      31336 kB
SUnreclaim:        70988 kB
KernelStack:       38992 kB
PageTables:        40280 kB
NFS_Unstable:          0 kB
Bounce:                0 kB
WritebackTmp:          0 kB
CommitLimit:     1815632 kB
Committed_AS:   115996552 kB
VmallocTotal:   251658176 kB
VmallocUsed:      120552 kB
VmallocChunk:   251437476 kB
Time pass: 11 sec

---2015-12-09 10:54:01
MemTotal:        2582696 kB
MemFree:          119916 kB
Buffers:           13784 kB
Cached:          1188868 kB
SwapCached:            0 kB
Active:          1121320 kB
Inactive:         857576 kB
Active(anon):     621832 kB
Inactive(anon):   159536 kB
Active(file):     499488 kB
Inactive(file):   698040 kB
Unevictable:        2988 kB
Mlocked:               0 kB
SwapTotal:        524284 kB
SwapFree:         524284 kB
Dirty:               252 kB
Writeback:             0 kB
AnonPages:        779268 kB
Mapped:           430184 kB
Shmem:              2136 kB
Slab:             102324 kB
SReclaimable:      31336 kB
SUnreclaim:        70988 kB
KernelStack:       38992 kB
PageTables:        40308 kB
NFS_Unstable:          0 kB
Bounce:                0 kB
WritebackTmp:          0 kB
CommitLimit:     1815632 kB
Committed_AS:   115996504 kB
VmallocTotal:   251658176 kB
VmallocUsed:      120552 kB
VmallocChunk:   251437476 kB
Time pass: 15 sec

---2015-12-09 10:54:01
MemTotal:        2582696 kB
MemFree:          119124 kB
Buffers:           13784 kB
Cached:          1189060 kB
SwapCached:            0 kB
Active:          1122648 kB
Inactive:         857468 kB
Active(anon):     622860 kB
Inactive(anon):   159536 kB
Active(file):     499788 kB
Inactive(file):   697932 kB
Unevictable:        2988 kB
Mlocked:               0 kB
SwapTotal:        524284 kB
SwapFree:         524284 kB
Dirty:               240 kB
Writeback:             0 kB
AnonPages:        780376 kB
Mapped:           431808 kB
Shmem:              2136 kB
Slab:             102244 kB
SReclaimable:      31356 kB
SUnreclaim:        70888 kB
KernelStack:       38848 kB
PageTables:        40264 kB
NFS_Unstable:          0 kB
Bounce:                0 kB
WritebackTmp:          0 kB
CommitLimit:     1815632 kB
Committed_AS:   116006056 kB
VmallocTotal:   251658176 kB
VmallocUsed:      120552 kB
VmallocChunk:   251437476 kB
Time pass: 18 sec

---2015-12-09 10:54:01
MemTotal:        2582696 kB
MemFree:          111776 kB
Buffers:           11140 kB
Cached:          1059792 kB
SwapCached:            0 kB
Active:          1148860 kB
Inactive:         747576 kB
Active(anon):     662740 kB
Inactive(anon):   168220 kB
Active(file):     486120 kB
Inactive(file):   579356 kB
Unevictable:        2988 kB
Mlocked:               0 kB
SwapTotal:        524284 kB
SwapFree:         524284 kB
Dirty:               428 kB
Writeback:           108 kB
AnonPages:        828696 kB
Mapped:           458276 kB
Shmem:              2508 kB
Slab:             102832 kB
SReclaimable:      31580 kB
SUnreclaim:        71252 kB
KernelStack:       40128 kB
PageTables:        41348 kB
NFS_Unstable:          0 kB
Bounce:                0 kB
WritebackTmp:          0 kB
CommitLimit:     1815632 kB
Committed_AS:   117311772 kB
VmallocTotal:   251658176 kB
VmallocUsed:      122016 kB
VmallocChunk:   251437476 kB
Time pass: 22 sec

---2015-12-09 10:54:01
MemTotal:        2582696 kB
MemFree:          129136 kB
Buffers:           11140 kB
Cached:          1044952 kB
SwapCached:            0 kB
Active:          1135144 kB
Inactive:         729140 kB
Active(anon):     644544 kB
Inactive(anon):   169240 kB
Active(file):     490600 kB
Inactive(file):   559900 kB
Unevictable:        2988 kB
Mlocked:               0 kB
SwapTotal:        524284 kB
SwapFree:         524284 kB
Dirty:               776 kB
Writeback:             0 kB
AnonPages:        811132 kB
Mapped:           467048 kB
Shmem:              2508 kB
Slab:             102480 kB
SReclaimable:      31256 kB
SUnreclaim:        71224 kB
KernelStack:       40096 kB
PageTables:        41400 kB
NFS_Unstable:          0 kB
Bounce:                0 kB
WritebackTmp:          0 kB
CommitLimit:     1815632 kB
Committed_AS:   117312020 kB
VmallocTotal:   251658176 kB
VmallocUsed:      122356 kB
VmallocChunk:   251437476 kB
Time pass: 26 sec

---2015-12-09 10:54:01
MemTotal:        2582696 kB
MemFree:          127276 kB
Buffers:           11140 kB
Cached:          1045520 kB
SwapCached:            0 kB
Active:          1137280 kB
Inactive:         729604 kB
Active(anon):     646528 kB
Inactive(anon):   168720 kB
Active(file):     490752 kB
Inactive(file):   560884 kB
Unevictable:        2988 kB
Mlocked:               0 kB
SwapTotal:        524284 kB
SwapFree:         524284 kB
Dirty:               388 kB
Writeback:             0 kB
AnonPages:        813120 kB
Mapped:           466776 kB
Shmem:              1988 kB
Slab:             102776 kB
SReclaimable:      31392 kB
SUnreclaim:        71384 kB
KernelStack:       40080 kB
PageTables:        41416 kB
NFS_Unstable:          0 kB
Bounce:                0 kB
WritebackTmp:          0 kB
CommitLimit:     1815632 kB
Committed_AS:   117310012 kB
VmallocTotal:   251658176 kB
VmallocUsed:      122356 kB
VmallocChunk:   251437476 kB
Time pass: 30 sec

---2015-12-09 10:54:01
MemTotal:        2582696 kB
MemFree:          125288 kB
Buffers:           11140 kB
Cached:          1045428 kB
SwapCached:            0 kB
Active:          1138296 kB
Inactive:         729684 kB
Active(anon):     647680 kB
Inactive(anon):   168720 kB
Active(file):     490616 kB
Inactive(file):   560964 kB
Unevictable:        2988 kB
Mlocked:               0 kB
SwapTotal:        524284 kB
SwapFree:         524284 kB
Dirty:               368 kB
Writeback:            36 kB
AnonPages:        814448 kB
Mapped:           466972 kB
Shmem:              1988 kB
Slab:             102564 kB
SReclaimable:      31436 kB
SUnreclaim:        71128 kB
KernelStack:       40096 kB
PageTables:        41420 kB
NFS_Unstable:          0 kB
Bounce:                0 kB
WritebackTmp:          0 kB
CommitLimit:     1815632 kB
Committed_AS:   117307892 kB
VmallocTotal:   251658176 kB
VmallocUsed:      122356 kB
VmallocChunk:   251437476 kB
Time pass: 34 sec

---2015-12-09 10:54:01
MemTotal:        2582696 kB
MemFree:          127896 kB
Buffers:            9180 kB
Cached:           949108 kB
SwapCached:            0 kB
Active:          1133608 kB
Inactive:         644708 kB
Active(anon):     657308 kB
Inactive(anon):   168240 kB
Active(file):     476300 kB
Inactive(file):   476468 kB
Unevictable:        3908 kB
Mlocked:               0 kB
SwapTotal:        524284 kB
SwapFree:         523796 kB
Dirty:               492 kB
Writeback:             0 kB
AnonPages:        823928 kB
Mapped:           461808 kB
Shmem:              1552 kB
Slab:             102832 kB
SReclaimable:      31592 kB
SUnreclaim:        71240 kB
KernelStack:       40128 kB
PageTables:        41700 kB
NFS_Unstable:          0 kB
Bounce:                0 kB
WritebackTmp:          0 kB
CommitLimit:     1815632 kB
Committed_AS:   117308780 kB
VmallocTotal:   251658176 kB
VmallocUsed:      122452 kB
VmallocChunk:   251437476 kB
Time pass: 38 sec

---2015-12-09 10:54:01
MemTotal:        2582696 kB
MemFree:          126220 kB
Buffers:            9180 kB
Cached:           948988 kB
SwapCached:            0 kB
Active:          1135708 kB
Inactive:         644440 kB
Active(anon):     659172 kB
Inactive(anon):   168224 kB
Active(file):     476536 kB
Inactive(file):   476216 kB
Unevictable:        3916 kB
Mlocked:               0 kB
SwapTotal:        524284 kB
SwapFree:         523796 kB
Dirty:               452 kB
Writeback:             0 kB
AnonPages:        826036 kB
Mapped:           462156 kB
Shmem:              1500 kB
Slab:             102812 kB
SReclaimable:      31636 kB
SUnreclaim:        71176 kB
KernelStack:       40112 kB
PageTables:        41728 kB
NFS_Unstable:          0 kB
Bounce:                0 kB
WritebackTmp:          0 kB
CommitLimit:     1815632 kB
Committed_AS:   117308772 kB
VmallocTotal:   251658176 kB
VmallocUsed:      122452 kB
VmallocChunk:   251437476 kB
Time pass: 41 sec

---2015-12-09 10:54:01
MemTotal:        2582696 kB
MemFree:          126008 kB
Buffers:            9180 kB
Cached:           949272 kB
SwapCached:            0 kB
Active:          1140936 kB
Inactive:         644632 kB
Active(anon):     664312 kB
Inactive(anon):   168228 kB
Active(file):     476624 kB
Inactive(file):   476404 kB
Unevictable:        3916 kB
Mlocked:               0 kB
SwapTotal:        524284 kB
SwapFree:         523796 kB
Dirty:               496 kB
Writeback:             0 kB
AnonPages:        831672 kB
Mapped:           462736 kB
Shmem:              1504 kB
Slab:             102828 kB
SReclaimable:      31636 kB
SUnreclaim:        71192 kB
KernelStack:       40080 kB
PageTables:        41616 kB
NFS_Unstable:          0 kB
Bounce:                0 kB
WritebackTmp:          0 kB
CommitLimit:     1815632 kB
Committed_AS:   117314916 kB
VmallocTotal:   251658176 kB
VmallocUsed:      122416 kB
VmallocChunk:   251437476 kB
Time pass: 45 sec

---2015-12-09 10:54:01
MemTotal:        2582696 kB
MemFree:          115656 kB
Buffers:            5716 kB
Cached:           910552 kB
SwapCached:            0 kB
Active:          1128204 kB
Inactive:         626748 kB
Active(anon):     673160 kB
Inactive(anon):   170980 kB
Active(file):     455044 kB
Inactive(file):   455768 kB
Unevictable:        3916 kB
Mlocked:               0 kB
SwapTotal:        524284 kB
SwapFree:         523484 kB
Dirty:              1484 kB
Writeback:             4 kB
AnonPages:        842792 kB
Mapped:           508552 kB
Shmem:              1500 kB
Slab:             102708 kB
SReclaimable:      31400 kB
SUnreclaim:        71308 kB
KernelStack:       40208 kB
PageTables:        41724 kB
NFS_Unstable:          0 kB
Bounce:                0 kB
WritebackTmp:          0 kB
CommitLimit:     1815632 kB
Committed_AS:   117331644 kB
VmallocTotal:   251658176 kB
VmallocUsed:      122772 kB
VmallocChunk:   251437476 kB
Time pass: 49 sec

---2015-12-09 10:54:01
MemTotal:        2582696 kB
MemFree:          114616 kB
Buffers:            5716 kB
Cached:           910828 kB
SwapCached:            0 kB
Active:          1128528 kB
Inactive:         627248 kB
Active(anon):     673580 kB
Inactive(anon):   170976 kB
Active(file):     454948 kB
Inactive(file):   456272 kB
Unevictable:        3916 kB
Mlocked:               0 kB
SwapTotal:        524284 kB
SwapFree:         523484 kB
Dirty:               656 kB
Writeback:           220 kB
AnonPages:        843140 kB
Mapped:           508896 kB
Shmem:              1500 kB
Slab:             102812 kB
SReclaimable:      31472 kB
SUnreclaim:        71340 kB
KernelStack:       40192 kB
PageTables:        41740 kB
NFS_Unstable:          0 kB
Bounce:                0 kB
WritebackTmp:          0 kB
CommitLimit:     1815632 kB
Committed_AS:   117331684 kB
VmallocTotal:   251658176 kB
VmallocUsed:      122772 kB
VmallocChunk:   251437476 kB
Time pass: 52 sec

---2015-12-09 10:54:01
MemTotal:        2582696 kB
MemFree:          110864 kB
Buffers:            5716 kB
Cached:           910412 kB
SwapCached:            0 kB
Active:          1129796 kB
Inactive:         626688 kB
Active(anon):     674752 kB
Inactive(anon):   170976 kB
Active(file):     455044 kB
Inactive(file):   455712 kB
Unevictable:        3916 kB
Mlocked:               0 kB
SwapTotal:        524284 kB
SwapFree:         523484 kB
Dirty:               584 kB
Writeback:             0 kB
AnonPages:        844284 kB
Mapped:           509040 kB
Shmem:              1500 kB
Slab:             102656 kB
SReclaimable:      31448 kB
SUnreclaim:        71208 kB
KernelStack:       40208 kB
PageTables:        41748 kB
NFS_Unstable:          0 kB
Bounce:                0 kB
WritebackTmp:          0 kB
CommitLimit:     1815632 kB
Committed_AS:   117331676 kB
VmallocTotal:   251658176 kB
VmallocUsed:      122772 kB
VmallocChunk:   251437476 kB
Time pass: 56 sec

---2015-12-09 10:54:01
MemTotal:        2582696 kB
MemFree:          117676 kB
Buffers:            5712 kB
Cached:           890984 kB
SwapCached:            0 kB
Active:          1121380 kB
Inactive:         616904 kB
Active(anon):     675700 kB
Inactive(anon):   171304 kB
Active(file):     445680 kB
Inactive(file):   445600 kB
Unevictable:        3916 kB
Mlocked:               0 kB
SwapTotal:        524284 kB
SwapFree:         523288 kB
Dirty:               740 kB
Writeback:             0 kB
AnonPages:        845432 kB
Mapped:           518064 kB
Shmem:              1500 kB
Slab:             102584 kB
SReclaimable:      31320 kB
SUnreclaim:        71264 kB
KernelStack:       40224 kB
PageTables:        41764 kB
NFS_Unstable:          0 kB
Bounce:                0 kB
WritebackTmp:          0 kB
CommitLimit:     1815632 kB
Committed_AS:   117331780 kB
VmallocTotal:   251658176 kB
VmallocUsed:      122884 kB
VmallocChunk:   251437476 kB
Time pass: 60 sec

---2015-12-09 10:54:01
MemTotal:        2582696 kB
MemFree:          117140 kB
Buffers:            5712 kB
Cached:           891188 kB
SwapCached:            0 kB
Active:          1121492 kB
Inactive:         617080 kB
Active(anon):     675784 kB
Inactive(anon):   171304 kB
Active(file):     445708 kB
Inactive(file):   445776 kB
Unevictable:        3916 kB
Mlocked:               0 kB
SwapTotal:        524284 kB
SwapFree:         523288 kB
Dirty:               784 kB
Writeback:             0 kB
AnonPages:        845660 kB
Mapped:           518064 kB
Shmem:              1500 kB
Slab:             102688 kB
SReclaimable:      31324 kB
SUnreclaim:        71364 kB
KernelStack:       40208 kB
PageTables:        41768 kB
NFS_Unstable:          0 kB
Bounce:                0 kB
WritebackTmp:          0 kB
CommitLimit:     1815632 kB
Committed_AS:   117331788 kB
VmallocTotal:   251658176 kB
VmallocUsed:      122884 kB
VmallocChunk:   251437476 kB
Time pass: 64 sec

---2015-12-09 10:54:01
MemTotal:        2582696 kB
MemFree:          119268 kB
Buffers:            5712 kB
Cached:           858736 kB
SwapCached:            0 kB
Active:          1107828 kB
Inactive:         601592 kB
Active(anon):     678348 kB
Inactive(anon):   172040 kB
Active(file):     429480 kB
Inactive(file):   429552 kB
Unevictable:        3916 kB
Mlocked:               0 kB
SwapTotal:        524284 kB
SwapFree:         522840 kB
Dirty:               788 kB
Writeback:             0 kB
AnonPages:        848880 kB
Mapped:           524892 kB
Shmem:              1500 kB
Slab:             102776 kB
SReclaimable:      31316 kB
SUnreclaim:        71460 kB
KernelStack:       40224 kB
PageTables:        41688 kB
NFS_Unstable:          0 kB
Bounce:                0 kB
WritebackTmp:          0 kB
CommitLimit:     1815632 kB
Committed_AS:   117340416 kB
VmallocTotal:   251658176 kB
VmallocUsed:      123040 kB
VmallocChunk:   251437476 kB
Time pass: 67 sec

---2015-12-09 10:54:01
MemTotal:        2582696 kB
MemFree:          110908 kB
Buffers:            5712 kB
Cached:           863612 kB
SwapCached:            0 kB
Active:          1121112 kB
Inactive:         606932 kB
Active(anon):     691328 kB
Inactive(anon):   172808 kB
Active(file):     429784 kB
Inactive(file):   434124 kB
Unevictable:        3916 kB
Mlocked:               0 kB
SwapTotal:        524284 kB
SwapFree:         522840 kB
Dirty:              1004 kB
Writeback:             0 kB
AnonPages:        862656 kB
Mapped:           528312 kB
Shmem:              1500 kB
Slab:             102504 kB
SReclaimable:      31184 kB
SUnreclaim:        71320 kB
KernelStack:       40368 kB
PageTables:        41712 kB
NFS_Unstable:          0 kB
Bounce:                0 kB
WritebackTmp:          0 kB
CommitLimit:     1815632 kB
Committed_AS:   117348836 kB
VmallocTotal:   251658176 kB
VmallocUsed:      123040 kB
VmallocChunk:   251437476 kB
Time pass: 71 sec

---2015-12-09 10:54:01
MemTotal:        2582696 kB
MemFree:          105776 kB
Buffers:            5712 kB
Cached:           863616 kB
SwapCached:            0 kB
Active:          1125884 kB
Inactive:         606936 kB
Active(anon):     696100 kB
Inactive(anon):   172808 kB
Active(file):     429784 kB
Inactive(file):   434128 kB
Unevictable:        3916 kB
Mlocked:               0 kB
SwapTotal:        524284 kB
SwapFree:         522840 kB
Dirty:               768 kB
Writeback:             0 kB
AnonPages:        867344 kB
Mapped:           528312 kB
Shmem:              1500 kB
Slab:             102844 kB
SReclaimable:      31256 kB
SUnreclaim:        71588 kB
KernelStack:       40304 kB
PageTables:        41728 kB
NFS_Unstable:          0 kB
Bounce:                0 kB
WritebackTmp:          0 kB
CommitLimit:     1815632 kB
Committed_AS:   117352924 kB
VmallocTotal:   251658176 kB
VmallocUsed:      123040 kB
VmallocChunk:   251437476 kB
Time pass: 75 sec

---2015-12-09 10:54:01
MemTotal:        2582696 kB
MemFree:          110020 kB
Buffers:            5712 kB
Cached:           863144 kB
SwapCached:            0 kB
Active:          1125652 kB
Inactive:         606972 kB
Active(anon):     695608 kB
Inactive(anon):   173576 kB
Active(file):     430044 kB
Inactive(file):   433396 kB
Unevictable:        3916 kB
Mlocked:               0 kB
SwapTotal:        524284 kB
SwapFree:         522840 kB
Dirty:               764 kB
Writeback:             0 kB
AnonPages:        867760 kB
Mapped:           527896 kB
Shmem:              1500 kB
Slab:             102644 kB
SReclaimable:      31256 kB
SUnreclaim:        71388 kB
KernelStack:       40304 kB
PageTables:        41728 kB
NFS_Unstable:          0 kB
Bounce:                0 kB
WritebackTmp:          0 kB
CommitLimit:     1815632 kB
Committed_AS:   117352964 kB
VmallocTotal:   251658176 kB
VmallocUsed:      123040 kB
VmallocChunk:   251437476 kB
Time pass: 79 sec

---2015-12-09 10:54:01
MemTotal:        2582696 kB
MemFree:          112468 kB
Buffers:            5712 kB
Cached:           844132 kB
SwapCached:            8 kB
Active:          1119908 kB
Inactive:         597004 kB
Active(anon):     698104 kB
Inactive(anon):   174496 kB
Active(file):     421804 kB
Inactive(file):   422508 kB
Unevictable:        3916 kB
Mlocked:               0 kB
SwapTotal:        524284 kB
SwapFree:         522736 kB
Dirty:               836 kB
Writeback:             0 kB
AnonPages:        871016 kB
Mapped:           526300 kB
Shmem:              1544 kB
Slab:             102768 kB
SReclaimable:      31112 kB
SUnreclaim:        71656 kB
KernelStack:       40448 kB
PageTables:        41888 kB
NFS_Unstable:          0 kB
Bounce:                0 kB
WritebackTmp:          0 kB
CommitLimit:     1815632 kB
Committed_AS:   117384408 kB
VmallocTotal:   251658176 kB
VmallocUsed:      125572 kB
VmallocChunk:   251437476 kB
Time pass: 83 sec

---2015-12-09 10:54:01
MemTotal:        2582696 kB
MemFree:          108576 kB
Buffers:            5248 kB
Cached:           825228 kB
SwapCached:            8 kB
Active:          1105916 kB
Inactive:         586948 kB
Active(anon):     693384 kB
Inactive(anon):   174504 kB
Active(file):     412532 kB
Inactive(file):   412444 kB
Unevictable:        3916 kB
Mlocked:               0 kB
SwapTotal:        524284 kB
SwapFree:         522588 kB
Dirty:               836 kB
Writeback:             0 kB
AnonPages:        866388 kB
Mapped:           525272 kB
Shmem:              1672 kB
Slab:             102512 kB
SReclaimable:      30880 kB
SUnreclaim:        71632 kB
KernelStack:       40560 kB
PageTables:        42116 kB
NFS_Unstable:          0 kB
Bounce:                0 kB
WritebackTmp:          0 kB
CommitLimit:     1815632 kB
Committed_AS:   117384428 kB
VmallocTotal:   251658176 kB
VmallocUsed:      125572 kB
VmallocChunk:   251437476 kB
Time pass: 88 sec

---2015-12-09 10:54:01
MemTotal:        2582696 kB
MemFree:          109556 kB
Buffers:            5248 kB
Cached:           824596 kB
SwapCached:            8 kB
Active:          1106424 kB
Inactive:         586804 kB
Active(anon):     694476 kB
Inactive(anon):   174580 kB
Active(file):     411948 kB
Inactive(file):   412224 kB
Unevictable:        3916 kB
Mlocked:               0 kB
SwapTotal:        524284 kB
SwapFree:         522584 kB
Dirty:               768 kB
Writeback:             0 kB
AnonPages:        867600 kB
Mapped:           525552 kB
Shmem:              1756 kB
Slab:             102748 kB
SReclaimable:      30992 kB
SUnreclaim:        71756 kB
KernelStack:       40560 kB
PageTables:        42068 kB
NFS_Unstable:          0 kB
Bounce:                0 kB
WritebackTmp:          0 kB
CommitLimit:     1815632 kB
Committed_AS:   117384404 kB
VmallocTotal:   251658176 kB
VmallocUsed:      125572 kB
VmallocChunk:   251437476 kB
Time pass: 92 sec

---2015-12-09 10:54:01
MemTotal:        2582696 kB
MemFree:          110340 kB
Buffers:            5248 kB
Cached:           823168 kB
SwapCached:            8 kB
Active:          1106316 kB
Inactive:         585940 kB
Active(anon):     694936 kB
Inactive(anon):   174568 kB
Active(file):     411380 kB
Inactive(file):   411372 kB
Unevictable:        3916 kB
Mlocked:               0 kB
SwapTotal:        524284 kB
SwapFree:         522576 kB
Dirty:               772 kB
Writeback:             0 kB
AnonPages:        867768 kB
Mapped:           525596 kB
Shmem:              1748 kB
Slab:             103068 kB
SReclaimable:      31220 kB
SUnreclaim:        71848 kB
KernelStack:       40544 kB
PageTables:        42072 kB
NFS_Unstable:          0 kB
Bounce:                0 kB
WritebackTmp:          0 kB
CommitLimit:     1815632 kB
Committed_AS:   117388508 kB
VmallocTotal:   251658176 kB
VmallocUsed:      125572 kB
VmallocChunk:   251437476 kB
Time pass: 95 sec

---2015-12-09 10:54:01
MemTotal:        2582696 kB
MemFree:          110020 kB
Buffers:            5256 kB
Cached:           822716 kB
SwapCached:            8 kB
Active:          1106476 kB
Inactive:         585796 kB
Active(anon):     695396 kB
Inactive(anon):   174616 kB
Active(file):     411080 kB
Inactive(file):   411180 kB
Unevictable:        3916 kB
Mlocked:               0 kB
SwapTotal:        524284 kB
SwapFree:         522572 kB
Dirty:               788 kB
Writeback:             0 kB
AnonPages:        868256 kB
Mapped:           525652 kB
Shmem:              1796 kB
Slab:             101960 kB
SReclaimable:      30080 kB
SUnreclaim:        71880 kB
KernelStack:       40544 kB
PageTables:        42080 kB
NFS_Unstable:          0 kB
Bounce:                0 kB
WritebackTmp:          0 kB
CommitLimit:     1815632 kB
Committed_AS:   117388524 kB
VmallocTotal:   251658176 kB
VmallocUsed:      125572 kB
VmallocChunk:   251437476 kB
Time pass: 99 sec

---2015-12-09 10:54:01
MemTotal:        2582696 kB
MemFree:          110112 kB
Buffers:            5256 kB
Cached:           821488 kB
SwapCached:            8 kB
Active:          1106832 kB
Inactive:         585096 kB
Active(anon):     696280 kB
Inactive(anon):   174616 kB
Active(file):     410552 kB
Inactive(file):   410480 kB
Unevictable:        3916 kB
Mlocked:               0 kB
SwapTotal:        524284 kB
SwapFree:         522572 kB
Dirty:               788 kB
Writeback:             0 kB
AnonPages:        869128 kB
Mapped:           525660 kB
Shmem:              1796 kB
Slab:             102876 kB
SReclaimable:      31104 kB
SUnreclaim:        71772 kB
KernelStack:       40544 kB
PageTables:        42084 kB
NFS_Unstable:          0 kB
Bounce:                0 kB
WritebackTmp:          0 kB
CommitLimit:     1815632 kB
Committed_AS:   117392612 kB
VmallocTotal:   251658176 kB
VmallocUsed:      125572 kB
VmallocChunk:   251437476 kB
Time pass: 103 sec

---2015-12-09 10:54:01
MemTotal:        2582696 kB
MemFree:          111424 kB
Buffers:            5256 kB
Cached:           820176 kB
SwapCached:            8 kB
Active:          1106080 kB
Inactive:         584436 kB
Active(anon):     696224 kB
Inactive(anon):   174552 kB
Active(file):     409856 kB
Inactive(file):   409884 kB
Unevictable:        3916 kB
Mlocked:               0 kB
SwapTotal:        524284 kB
SwapFree:         522572 kB
Dirty:               768 kB
Writeback:             0 kB
AnonPages:        869032 kB
Mapped:           525660 kB
Shmem:              1796 kB
Slab:             102952 kB
SReclaimable:      31176 kB
SUnreclaim:        71776 kB
KernelStack:       40528 kB
PageTables:        42076 kB
NFS_Unstable:          0 kB
Bounce:                0 kB
WritebackTmp:          0 kB
CommitLimit:     1815632 kB
Committed_AS:   117392612 kB
VmallocTotal:   251658176 kB
VmallocUsed:      125572 kB
VmallocChunk:   251437476 kB
Time pass: 106 sec

---2015-12-09 10:54:01
MemTotal:        2582696 kB
MemFree:          112740 kB
Buffers:            5256 kB
Cached:           819040 kB
SwapCached:            8 kB
Active:          1105512 kB
Inactive:         584072 kB
Active(anon):     696176 kB
Inactive(anon):   174572 kB
Active(file):     409336 kB
Inactive(file):   409500 kB
Unevictable:        3916 kB
Mlocked:               0 kB
SwapTotal:        524284 kB
SwapFree:         522564 kB
Dirty:               768 kB
Writeback:             0 kB
AnonPages:        868972 kB
Mapped:           525692 kB
Shmem:              1816 kB
Slab:             102996 kB
SReclaimable:      31188 kB
SUnreclaim:        71808 kB
KernelStack:       40528 kB
PageTables:        42076 kB
NFS_Unstable:          0 kB
Bounce:                0 kB
WritebackTmp:          0 kB
CommitLimit:     1815632 kB
Committed_AS:   117392596 kB
VmallocTotal:   251658176 kB
VmallocUsed:      125572 kB
VmallocChunk:   251437476 kB
Time pass: 110 sec

---2015-12-09 10:54:01
MemTotal:        2582696 kB
MemFree:          123460 kB
Buffers:            5256 kB
Cached:           821844 kB
SwapCached:            8 kB
Active:          1099684 kB
Inactive:         586876 kB
Active(anon):     690716 kB
Inactive(anon):   174156 kB
Active(file):     408968 kB
Inactive(file):   412720 kB
Unevictable:        3916 kB
Mlocked:               0 kB
SwapTotal:        524284 kB
SwapFree:         522564 kB
Dirty:               112 kB
Writeback:           220 kB
AnonPages:        863480 kB
Mapped:           524368 kB
Shmem:              1396 kB
Slab:             102848 kB
SReclaimable:      31084 kB
SUnreclaim:        71764 kB
KernelStack:       40416 kB
PageTables:        42012 kB
NFS_Unstable:          0 kB
Bounce:                0 kB
WritebackTmp:          0 kB
CommitLimit:     1815632 kB
Committed_AS:   120849200 kB
VmallocTotal:   251658176 kB
VmallocUsed:      126396 kB
VmallocChunk:   251437476 kB
Time pass: 114 sec

---2015-12-09 10:54:01
MemTotal:        2582696 kB
MemFree:          391820 kB
Buffers:            6792 kB
Cached:           822516 kB
SwapCached:            8 kB
Active:          1016168 kB
Inactive:         588600 kB
Active(anon):     606640 kB
Inactive(anon):   174268 kB
Active(file):     409528 kB
Inactive(file):   414332 kB
Unevictable:        3916 kB
Mlocked:               0 kB
SwapTotal:        524284 kB
SwapFree:         522564 kB
Dirty:               432 kB
Writeback:             4 kB
AnonPages:        779420 kB
Mapped:           394568 kB
Shmem:              1520 kB
Slab:             102460 kB
SReclaimable:      31044 kB
SUnreclaim:        71416 kB
KernelStack:       38128 kB
PageTables:        39804 kB
NFS_Unstable:          0 kB
Bounce:                0 kB
WritebackTmp:          0 kB
CommitLimit:     1815632 kB
Committed_AS:   114754604 kB
VmallocTotal:   251658176 kB
VmallocUsed:      121740 kB
VmallocChunk:   251437476 kB
Time pass: 117 sec

---2015-12-09 10:54:01
MemTotal:        2582696 kB
MemFree:          400028 kB
Buffers:            6792 kB
Cached:           822776 kB
SwapCached:            8 kB
Active:          1008004 kB
Inactive:         588864 kB
Active(anon):     598468 kB
Inactive(anon):   174268 kB
Active(file):     409536 kB
Inactive(file):   414596 kB
Unevictable:        3916 kB
Mlocked:               0 kB
SwapTotal:        524284 kB
SwapFree:         522564 kB
Dirty:               480 kB
Writeback:             0 kB
AnonPages:        771076 kB
Mapped:           394652 kB
Shmem:              1520 kB
Slab:             102364 kB
SReclaimable:      31024 kB
SUnreclaim:        71340 kB
KernelStack:       38128 kB
PageTables:        39836 kB
NFS_Unstable:          0 kB
Bounce:                0 kB
WritebackTmp:          0 kB
CommitLimit:     1815632 kB
Committed_AS:   114754612 kB
VmallocTotal:   251658176 kB
VmallocUsed:      121740 kB
VmallocChunk:   251437476 kB
Time pass: 121 sec

---2015-12-09 10:54:01
MemTotal:        2582696 kB
MemFree:          322348 kB
Buffers:            6796 kB
Cached:           822852 kB
SwapCached:            8 kB
Active:          1023996 kB
Inactive:         586256 kB
Active(anon):     611560 kB
Inactive(anon):   174116 kB
Active(file):     412436 kB
Inactive(file):   412140 kB
Unevictable:        3916 kB
Mlocked:               0 kB
SwapTotal:        524284 kB
SwapFree:         522564 kB
Dirty:               996 kB
Writeback:             0 kB
AnonPages:        784604 kB
Mapped:           410440 kB
Shmem:              1300 kB
Slab:             102404 kB
SReclaimable:      31104 kB
SUnreclaim:        71300 kB
KernelStack:       38832 kB
PageTables:        40348 kB
NFS_Unstable:          0 kB
Bounce:                0 kB
WritebackTmp:          0 kB
CommitLimit:     1815632 kB
Committed_AS:   116032108 kB
VmallocTotal:   251658176 kB
VmallocUsed:      122880 kB
VmallocChunk:   251437476 kB
Time pass: 125 sec

---2015-12-09 10:54:01
MemTotal:        2582696 kB
MemFree:          212484 kB
Buffers:            6796 kB
Cached:           823404 kB
SwapCached:            8 kB
Active:          1057080 kB
Inactive:         584952 kB
Active(anon):     642708 kB
Inactive(anon):   174144 kB
Active(file):     414372 kB
Inactive(file):   410808 kB
Unevictable:        3916 kB
Mlocked:               0 kB
SwapTotal:        524284 kB
SwapFree:         522564 kB
Dirty:              1368 kB
Writeback:             0 kB
AnonPages:        815612 kB
Mapped:           444320 kB
Shmem:              1396 kB
Slab:             102752 kB
SReclaimable:      31216 kB
SUnreclaim:        71536 kB
KernelStack:       39264 kB
PageTables:        40912 kB
NFS_Unstable:          0 kB
Bounce:                0 kB
WritebackTmp:          0 kB
CommitLimit:     1815632 kB
Committed_AS:   116083204 kB
VmallocTotal:   251658176 kB
VmallocUsed:      121100 kB
VmallocChunk:   251437476 kB
Time pass: 128 sec

---2015-12-09 10:54:01
MemTotal:        2582696 kB
MemFree:          146268 kB
Buffers:            6796 kB
Cached:           824640 kB
SwapCached:            8 kB
Active:          1059264 kB
Inactive:         584372 kB
Active(anon):     643396 kB
Inactive(anon):   174144 kB
Active(file):     415868 kB
Inactive(file):   410228 kB
Unevictable:        3916 kB
Mlocked:               0 kB
SwapTotal:        524284 kB
SwapFree:         522564 kB
Dirty:              2716 kB
Writeback:             0 kB
AnonPages:        816164 kB
Mapped:           498628 kB
Shmem:              1396 kB
Slab:             102608 kB
SReclaimable:      31240 kB
SUnreclaim:        71368 kB
KernelStack:       39360 kB
PageTables:        41064 kB
NFS_Unstable:          0 kB
Bounce:                0 kB
WritebackTmp:          0 kB
CommitLimit:     1815632 kB
Committed_AS:   116087708 kB
VmallocTotal:   251658176 kB
VmallocUsed:      121588 kB
VmallocChunk:   251437476 kB
Time pass: 132 sec

---2015-12-09 10:54:01
MemTotal:        2582696 kB
MemFree:          145376 kB
Buffers:            6796 kB
Cached:           824728 kB
SwapCached:            8 kB
Active:          1060056 kB
Inactive:         584468 kB
Active(anon):     644176 kB
Inactive(anon):   174140 kB
Active(file):     415880 kB
Inactive(file):   410328 kB
Unevictable:        3916 kB
Mlocked:               0 kB
SwapTotal:        524284 kB
SwapFree:         522564 kB
Dirty:               580 kB
Writeback:             0 kB
AnonPages:        816892 kB
Mapped:           498616 kB
Shmem:              1396 kB
Slab:             102732 kB
SReclaimable:      31240 kB
SUnreclaim:        71492 kB
KernelStack:       39376 kB
PageTables:        41072 kB
NFS_Unstable:          0 kB
Bounce:                0 kB
WritebackTmp:          0 kB
CommitLimit:     1815632 kB
Committed_AS:   116087748 kB
VmallocTotal:   251658176 kB
VmallocUsed:      121588 kB
VmallocChunk:   251437476 kB
Time pass: 136 sec

---2015-12-09 10:54:01
MemTotal:        2582696 kB
MemFree:          154444 kB
Buffers:            6796 kB
Cached:           825052 kB
SwapCached:            8 kB
Active:          1062464 kB
Inactive:         584720 kB
Active(anon):     646436 kB
Inactive(anon):   174140 kB
Active(file):     416028 kB
Inactive(file):   410580 kB
Unevictable:        3916 kB
Mlocked:               0 kB
SwapTotal:        524284 kB
SwapFree:         522560 kB
Dirty:               688 kB
Writeback:             0 kB
AnonPages:        819064 kB
Mapped:           508516 kB
Shmem:              1396 kB
Slab:             102568 kB
SReclaimable:      31244 kB
SUnreclaim:        71324 kB
KernelStack:       39360 kB
PageTables:        41096 kB
NFS_Unstable:          0 kB
Bounce:                0 kB
WritebackTmp:          0 kB
CommitLimit:     1815632 kB
Committed_AS:   116087788 kB
VmallocTotal:   251658176 kB
VmallocUsed:      121696 kB
VmallocChunk:   251437476 kB
Time pass: 139 sec

---2015-12-09 10:54:01
MemTotal:        2582696 kB
MemFree:          112784 kB
Buffers:            6796 kB
Cached:           824268 kB
SwapCached:            8 kB
Active:          1069300 kB
Inactive:         584964 kB
Active(anon):     654336 kB
Inactive(anon):   174064 kB
Active(file):     414964 kB
Inactive(file):   410900 kB
Unevictable:        3916 kB
Mlocked:               0 kB
SwapTotal:        524284 kB
SwapFree:         522484 kB
Dirty:              1072 kB
Writeback:             0 kB
AnonPages:        826988 kB
Mapped:           519688 kB
Shmem:              1324 kB
Slab:             102912 kB
SReclaimable:      31492 kB
SUnreclaim:        71420 kB
KernelStack:       39344 kB
PageTables:        41040 kB
NFS_Unstable:          0 kB
Bounce:                0 kB
WritebackTmp:          0 kB
CommitLimit:     1815632 kB
Committed_AS:   116088208 kB
VmallocTotal:   251658176 kB
VmallocUsed:      121876 kB
VmallocChunk:   251437476 kB
Time pass: 143 sec

---2015-12-09 10:54:01
MemTotal:        2582696 kB
MemFree:          118288 kB
Buffers:            6796 kB
Cached:           824252 kB
SwapCached:            8 kB
Active:          1064696 kB
Inactive:         585040 kB
Active(anon):     649860 kB
Inactive(anon):   174060 kB
Active(file):     414836 kB
Inactive(file):   410980 kB
Unevictable:        3916 kB
Mlocked:               0 kB
SwapTotal:        524284 kB
SwapFree:         522484 kB
Dirty:              1144 kB
Writeback:             0 kB
AnonPages:        822604 kB
Mapped:           520004 kB
Shmem:              1316 kB
Slab:             103032 kB
SReclaimable:      31476 kB
SUnreclaim:        71556 kB
KernelStack:       39360 kB
PageTables:        41132 kB
NFS_Unstable:          0 kB
Bounce:                0 kB
WritebackTmp:          0 kB
CommitLimit:     1815632 kB
Committed_AS:   116088292 kB
VmallocTotal:   251658176 kB
VmallocUsed:      121876 kB
VmallocChunk:   251437476 kB
Time pass: 147 sec

---2015-12-09 10:54:01
MemTotal:        2582696 kB
MemFree:          118916 kB
Buffers:            6796 kB
Cached:           824252 kB
SwapCached:            8 kB
Active:          1064464 kB
Inactive:         585032 kB
Active(anon):     649620 kB
Inactive(anon):   174060 kB
Active(file):     414844 kB
Inactive(file):   410972 kB
Unevictable:        3916 kB
Mlocked:               0 kB
SwapTotal:        524284 kB
SwapFree:         522484 kB
Dirty:               708 kB
Writeback:             0 kB
AnonPages:        822424 kB
Mapped:           520008 kB
Shmem:              1316 kB
Slab:             102988 kB
SReclaimable:      31480 kB
SUnreclaim:        71508 kB
KernelStack:       39376 kB
PageTables:        41132 kB
NFS_Unstable:          0 kB
Bounce:                0 kB
WritebackTmp:          0 kB
CommitLimit:     1815632 kB
Committed_AS:   116088348 kB
VmallocTotal:   251658176 kB
VmallocUsed:      121876 kB
VmallocChunk:   251437476 kB
Time pass: 150 sec

---2015-12-09 10:54:01
MemTotal:        2582696 kB
MemFree:          109420 kB
Buffers:            6796 kB
Cached:           825180 kB
SwapCached:            8 kB
Active:          1072064 kB
Inactive:         585068 kB
Active(anon):     656328 kB
Inactive(anon):   174060 kB
Active(file):     415736 kB
Inactive(file):   411008 kB
Unevictable:        3916 kB
Mlocked:               0 kB
SwapTotal:        524284 kB
SwapFree:         522484 kB
Dirty:               724 kB
Writeback:             0 kB
AnonPages:        829236 kB
Mapped:           522568 kB
Shmem:              1316 kB
Slab:             103688 kB
SReclaimable:      31504 kB
SUnreclaim:        72184 kB
KernelStack:       39472 kB
PageTables:        41152 kB
NFS_Unstable:          0 kB
Bounce:                0 kB
WritebackTmp:          0 kB
CommitLimit:     1815632 kB
Committed_AS:   116096780 kB
VmallocTotal:   251658176 kB
VmallocUsed:      124292 kB
VmallocChunk:   251437476 kB
Time pass: 154 sec

---2015-12-09 10:54:01
MemTotal:        2582696 kB
MemFree:          108552 kB
Buffers:            6796 kB
Cached:           824736 kB
SwapCached:            8 kB
Active:          1078996 kB
Inactive:         584996 kB
Active(anon):     663644 kB
Inactive(anon):   174248 kB
Active(file):     415352 kB
Inactive(file):   410748 kB
Unevictable:        3916 kB
Mlocked:               0 kB
SwapTotal:        524284 kB
SwapFree:         522440 kB
Dirty:               712 kB
Writeback:             0 kB
AnonPages:        836400 kB
Mapped:           523768 kB
Shmem:              1516 kB
Slab:             103288 kB
SReclaimable:      31528 kB
SUnreclaim:        71760 kB
KernelStack:       39744 kB
PageTables:        41332 kB
NFS_Unstable:          0 kB
Bounce:                0 kB
WritebackTmp:          0 kB
CommitLimit:     1815632 kB
Committed_AS:   116136380 kB
VmallocTotal:   251658176 kB
VmallocUsed:      124408 kB
VmallocChunk:   251437476 kB
Time pass: 158 sec

---2015-12-09 10:54:01
MemTotal:        2582696 kB
MemFree:          113116 kB
Buffers:            6804 kB
Cached:           813756 kB
SwapCached:            8 kB
Active:          1072628 kB
Inactive:         581588 kB
Active(anon):     665084 kB
Inactive(anon):   174008 kB
Active(file):     407544 kB
Inactive(file):   407580 kB
Unevictable:        3916 kB
Mlocked:               0 kB
SwapTotal:        524284 kB
SwapFree:         522004 kB
Dirty:               736 kB
Writeback:             0 kB
AnonPages:        837772 kB
Mapped:           523996 kB
Shmem:              1520 kB
Slab:             103184 kB
SReclaimable:      31376 kB
SUnreclaim:        71808 kB
KernelStack:       39648 kB
PageTables:        41420 kB
NFS_Unstable:          0 kB
Bounce:                0 kB
WritebackTmp:          0 kB
CommitLimit:     1815632 kB
Committed_AS:   116140312 kB
VmallocTotal:   251658176 kB
VmallocUsed:      124408 kB
VmallocChunk:   251437476 kB
Time pass: 162 sec

---2015-12-09 10:54:01
MemTotal:        2582696 kB
MemFree:          113512 kB
Buffers:            6804 kB
Cached:           814000 kB
SwapCached:            8 kB
Active:          1072916 kB
Inactive:         581832 kB
Active(anon):     665372 kB
Inactive(anon):   174252 kB
Active(file):     407544 kB
Inactive(file):   407580 kB
Unevictable:        3916 kB
Mlocked:               0 kB
SwapTotal:        524284 kB
SwapFree:         522004 kB
Dirty:               716 kB
Writeback:             0 kB
AnonPages:        837872 kB
Mapped:           524240 kB
Shmem:              1764 kB
Slab:             103032 kB
SReclaimable:      31216 kB
SUnreclaim:        71816 kB
KernelStack:       39632 kB
PageTables:        41392 kB
NFS_Unstable:          0 kB
Bounce:                0 kB
WritebackTmp:          0 kB
CommitLimit:     1815632 kB
Committed_AS:   116140320 kB
VmallocTotal:   251658176 kB
VmallocUsed:      124408 kB
VmallocChunk:   251437476 kB
Time pass: 165 sec

---2015-12-09 10:54:01
MemTotal:        2582696 kB
MemFree:          112976 kB
Buffers:            6804 kB
Cached:           814180 kB
SwapCached:            8 kB
Active:          1073364 kB
Inactive:         582012 kB
Active(anon):     665820 kB
Inactive(anon):   174432 kB
Active(file):     407544 kB
Inactive(file):   407580 kB
Unevictable:        3916 kB
Mlocked:               0 kB
SwapTotal:        524284 kB
SwapFree:         522004 kB
Dirty:               712 kB
Writeback:             0 kB
AnonPages:        838404 kB
Mapped:           524420 kB
Shmem:              1944 kB
Slab:             103056 kB
SReclaimable:      31216 kB
SUnreclaim:        71840 kB
KernelStack:       39600 kB
PageTables:        41424 kB
NFS_Unstable:          0 kB
Bounce:                0 kB
WritebackTmp:          0 kB
CommitLimit:     1815632 kB
Committed_AS:   116140304 kB
VmallocTotal:   251658176 kB
VmallocUsed:      124408 kB
VmallocChunk:   251437476 kB
Time pass: 169 sec

---2015-12-09 10:54:01
MemTotal:        2582696 kB
MemFree:          113824 kB
Buffers:            6804 kB
Cached:           813652 kB
SwapCached:            8 kB
Active:          1072296 kB
Inactive:         581544 kB
Active(anon):     664748 kB
Inactive(anon):   173836 kB
Active(file):     407548 kB
Inactive(file):   407708 kB
Unevictable:        3916 kB
Mlocked:               0 kB
SwapTotal:        524284 kB
SwapFree:         522004 kB
Dirty:               716 kB
Writeback:             0 kB
AnonPages:        837168 kB
Mapped:           523644 kB
Shmem:              1284 kB
Slab:             103040 kB
SReclaimable:      31216 kB
SUnreclaim:        71824 kB
KernelStack:       39616 kB
PageTables:        41488 kB
NFS_Unstable:          0 kB
Bounce:                0 kB
WritebackTmp:          0 kB
CommitLimit:     1815632 kB
Committed_AS:   116114068 kB
VmallocTotal:   251658176 kB
VmallocUsed:      124300 kB
VmallocChunk:   251437476 kB
Time pass: 173 sec

---2015-12-09 10:54:01
MemTotal:        2582696 kB
MemFree:          108392 kB
Buffers:            6804 kB
Cached:           813692 kB
SwapCached:            8 kB
Active:          1078160 kB
Inactive:         581500 kB
Active(anon):     670608 kB
Inactive(anon):   173792 kB
Active(file):     407552 kB
Inactive(file):   407708 kB
Unevictable:        3916 kB
Mlocked:               0 kB
SwapTotal:        524284 kB
SwapFree:         522004 kB
Dirty:               720 kB
Writeback:             0 kB
AnonPages:        843100 kB
Mapped:           523912 kB
Shmem:              1320 kB
Slab:             102800 kB
SReclaimable:      31208 kB
SUnreclaim:        71592 kB
KernelStack:       39440 kB
PageTables:        41388 kB
NFS_Unstable:          0 kB
Bounce:                0 kB
WritebackTmp:          0 kB
CommitLimit:     1815632 kB
Committed_AS:   116148016 kB
VmallocTotal:   251658176 kB
VmallocUsed:      124408 kB
VmallocChunk:   251437476 kB
Time pass: 177 sec

---2015-12-09 10:54:01
MemTotal:        2582696 kB
MemFree:          115960 kB
Buffers:            6844 kB
Cached:           801180 kB
SwapCached:            8 kB
Active:          1090236 kB
Inactive:         575612 kB
Active(anon):     688716 kB
Inactive(anon):   174672 kB
Active(file):     401520 kB
Inactive(file):   400940 kB
Unevictable:        3916 kB
Mlocked:               0 kB
SwapTotal:        524284 kB
SwapFree:         521944 kB
Dirty:               796 kB
Writeback:             0 kB
AnonPages:        862124 kB
Mapped:           525332 kB
Shmem:              1460 kB
Slab:             103740 kB
SReclaimable:      31340 kB
SUnreclaim:        72400 kB
KernelStack:       40784 kB
PageTables:        42040 kB
NFS_Unstable:          0 kB
Bounce:                0 kB
WritebackTmp:          0 kB
CommitLimit:     1815632 kB
Committed_AS:   119196068 kB
VmallocTotal:   251658176 kB
VmallocUsed:      126480 kB
VmallocChunk:   251437476 kB
Time pass: 181 sec

---2015-12-09 10:54:01
MemTotal:        2582696 kB
MemFree:          112276 kB
Buffers:            6496 kB
Cached:           807860 kB
SwapCached:            8 kB
Active:          1111968 kB
Inactive:         581520 kB
Active(anon):     707880 kB
Inactive(anon):   177100 kB
Active(file):     404088 kB
Inactive(file):   404420 kB
Unevictable:        3916 kB
Mlocked:               0 kB
SwapTotal:        524284 kB
SwapFree:         521736 kB
Dirty:              1136 kB
Writeback:             0 kB
AnonPages:        882916 kB
Mapped:           535604 kB
Shmem:              1552 kB
Slab:             100156 kB
SReclaimable:      28164 kB
SUnreclaim:        71992 kB
KernelStack:       40800 kB
PageTables:        41816 kB
NFS_Unstable:          0 kB
Bounce:                0 kB
WritebackTmp:          0 kB
CommitLimit:     1815632 kB
Committed_AS:   116360228 kB
VmallocTotal:   251658176 kB
VmallocUsed:      125428 kB
VmallocChunk:   251437476 kB
Time pass: 185 sec

---2015-12-09 10:54:01
MemTotal:        2582696 kB
MemFree:          120788 kB
Buffers:            6496 kB
Cached:           809128 kB
SwapCached:            8 kB
Active:          1098920 kB
Inactive:         582872 kB
Active(anon):     694724 kB
Inactive(anon):   176856 kB
Active(file):     404196 kB
Inactive(file):   406016 kB
Unevictable:        3916 kB
Mlocked:               0 kB
SwapTotal:        524284 kB
SwapFree:         521736 kB
Dirty:               928 kB
Writeback:             0 kB
AnonPages:        870268 kB
Mapped:           535724 kB
Shmem:              1496 kB
Slab:             103148 kB
SReclaimable:      31040 kB
SUnreclaim:        72108 kB
KernelStack:       40960 kB
PageTables:        41856 kB
NFS_Unstable:          0 kB
Bounce:                0 kB
WritebackTmp:          0 kB
CommitLimit:     1815632 kB
Committed_AS:   116324908 kB
VmallocTotal:   251658176 kB
VmallocUsed:      125428 kB
VmallocChunk:   251437476 kB
Time pass: 189 sec

---2015-12-09 10:54:01
MemTotal:        2582696 kB
MemFree:          116568 kB
Buffers:            6496 kB
Cached:           810696 kB
SwapCached:            8 kB
Active:          1101320 kB
Inactive:         584412 kB
Active(anon):     697096 kB
Inactive(anon):   176856 kB
Active(file):     404224 kB
Inactive(file):   407556 kB
Unevictable:        3916 kB
Mlocked:               0 kB
SwapTotal:        524284 kB
SwapFree:         521736 kB
Dirty:               940 kB
Writeback:             0 kB
AnonPages:        872668 kB
Mapped:           536056 kB
Shmem:              1496 kB
Slab:             103140 kB
SReclaimable:      31040 kB
SUnreclaim:        72100 kB
KernelStack:       40960 kB
PageTables:        41840 kB
NFS_Unstable:          0 kB
Bounce:                0 kB
WritebackTmp:          0 kB
CommitLimit:     1815632 kB
Committed_AS:   116324820 kB
VmallocTotal:   251658176 kB
VmallocUsed:      125428 kB
VmallocChunk:   251437476 kB
Time pass: 192 sec

---2015-12-09 10:54:01
MemTotal:        2582696 kB
MemFree:          121388 kB
Buffers:            6496 kB
Cached:           811260 kB
SwapCached:            8 kB
Active:          1096484 kB
Inactive:         584964 kB
Active(anon):     692248 kB
Inactive(anon):   176864 kB
Active(file):     404236 kB
Inactive(file):   408100 kB
Unevictable:        3916 kB
Mlocked:               0 kB
SwapTotal:        524284 kB
SwapFree:         521736 kB
Dirty:               948 kB
Writeback:             0 kB
AnonPages:        867624 kB
Mapped:           529940 kB
Shmem:              1504 kB
Slab:             103300 kB
SReclaimable:      31040 kB
SUnreclaim:        72260 kB
KernelStack:       40192 kB
PageTables:        41360 kB
NFS_Unstable:          0 kB
Bounce:                0 kB
WritebackTmp:          0 kB
CommitLimit:     1815632 kB
Committed_AS:   115068532 kB
VmallocTotal:   251658176 kB
VmallocUsed:      124408 kB
VmallocChunk:   251437476 kB
Time pass: 196 sec

---2015-12-09 10:54:01
MemTotal:        2582696 kB
MemFree:          105036 kB
Buffers:            6496 kB
Cached:           805800 kB
SwapCached:            8 kB
Active:          1116036 kB
Inactive:         582472 kB
Active(anon):     713440 kB
Inactive(anon):   178396 kB
Active(file):     402596 kB
Inactive(file):   404076 kB
Unevictable:        3916 kB
Mlocked:               0 kB
SwapTotal:        524284 kB
SwapFree:         521720 kB
Dirty:               976 kB
Writeback:             0 kB
AnonPages:        890268 kB
Mapped:           537348 kB
Shmem:              1520 kB
Slab:             103512 kB
SReclaimable:      31044 kB
SUnreclaim:        72468 kB
KernelStack:       41104 kB
PageTables:        42192 kB
NFS_Unstable:          0 kB
Bounce:                0 kB
WritebackTmp:          0 kB
CommitLimit:     1815632 kB
Committed_AS:   116346380 kB
VmallocTotal:   251658176 kB
VmallocUsed:      125436 kB
VmallocChunk:   251437476 kB
Time pass: 200 sec

---2015-12-09 10:54:01
MemTotal:        2582696 kB
MemFree:          106784 kB
Buffers:            6496 kB
Cached:           803336 kB
SwapCached:            8 kB
Active:          1116512 kB
Inactive:         580708 kB
Active(anon):     714444 kB
Inactive(anon):   178388 kB
Active(file):     402068 kB
Inactive(file):   402320 kB
Unevictable:        3916 kB
Mlocked:               0 kB
SwapTotal:        524284 kB
SwapFree:         521720 kB
Dirty:               956 kB
Writeback:             0 kB
AnonPages:        891424 kB
Mapped:           536984 kB
Shmem:              1528 kB
Slab:             103572 kB
SReclaimable:      31104 kB
SUnreclaim:        72468 kB
KernelStack:       41088 kB
PageTables:        41988 kB
NFS_Unstable:          0 kB
Bounce:                0 kB
WritebackTmp:          0 kB
CommitLimit:     1815632 kB
Committed_AS:   116329332 kB
VmallocTotal:   251658176 kB
VmallocUsed:      125428 kB
VmallocChunk:   251437476 kB
Time pass: 203 sec

---2015-12-09 10:54:01
MemTotal:        2582696 kB
MemFree:          106752 kB
Buffers:            6496 kB
Cached:           803336 kB
SwapCached:            8 kB
Active:          1117160 kB
Inactive:         580708 kB
Active(anon):     715092 kB
Inactive(anon):   178388 kB
Active(file):     402068 kB
Inactive(file):   402320 kB
Unevictable:        3916 kB
Mlocked:               0 kB
SwapTotal:        524284 kB
SwapFree:         521720 kB
Dirty:               956 kB
Writeback:             0 kB
AnonPages:        892140 kB
Mapped:           536984 kB
Shmem:              1528 kB
Slab:             103560 kB
SReclaimable:      31112 kB
SUnreclaim:        72448 kB
KernelStack:       41088 kB
PageTables:        41996 kB
NFS_Unstable:          0 kB
Bounce:                0 kB
WritebackTmp:          0 kB
CommitLimit:     1815632 kB
Committed_AS:   116329284 kB
VmallocTotal:   251658176 kB
VmallocUsed:      125428 kB
VmallocChunk:   251437476 kB
Time pass: 207 sec

---2015-12-09 10:54:01
MemTotal:        2582696 kB
MemFree:          106716 kB
Buffers:            6496 kB
Cached:           803336 kB
SwapCached:            8 kB
Active:          1117156 kB
Inactive:         580708 kB
Active(anon):     715088 kB
Inactive(anon):   178388 kB
Active(file):     402068 kB
Inactive(file):   402320 kB
Unevictable:        3916 kB
Mlocked:               0 kB
SwapTotal:        524284 kB
SwapFree:         521720 kB
Dirty:               960 kB
Writeback:             0 kB
AnonPages:        892048 kB
Mapped:           536984 kB
Shmem:              1528 kB
Slab:             103572 kB
SReclaimable:      31112 kB
SUnreclaim:        72460 kB
KernelStack:       41088 kB
PageTables:        41988 kB
NFS_Unstable:          0 kB
Bounce:                0 kB
WritebackTmp:          0 kB
CommitLimit:     1815632 kB
Committed_AS:   116329300 kB
VmallocTotal:   251658176 kB
VmallocUsed:      125428 kB
VmallocChunk:   251437476 kB
Time pass: 211 sec

---2015-12-09 10:54:01
MemTotal:        2582696 kB
MemFree:          126168 kB
Buffers:            6496 kB
Cached:           797928 kB
SwapCached:            8 kB
Active:          1109120 kB
Inactive:         572548 kB
Active(anon):     703064 kB
Inactive(anon):   179620 kB
Active(file):     406056 kB
Inactive(file):   392928 kB
Unevictable:        3916 kB
Mlocked:               0 kB
SwapTotal:        524284 kB
SwapFree:         521680 kB
Dirty:               960 kB
Writeback:             0 kB
AnonPages:        881212 kB
Mapped:           530268 kB
Shmem:              1520 kB
Slab:             103616 kB
SReclaimable:      31112 kB
SUnreclaim:        72504 kB
KernelStack:       40208 kB
PageTables:        41440 kB
NFS_Unstable:          0 kB
Bounce:                0 kB
WritebackTmp:          0 kB
CommitLimit:     1815632 kB
Committed_AS:   115077404 kB
VmallocTotal:   251658176 kB
VmallocUsed:      124408 kB
VmallocChunk:   251437476 kB
Time pass: 215 sec

---2015-12-09 10:54:01
MemTotal:        2582696 kB
MemFree:          112884 kB
Buffers:            6496 kB
Cached:           798516 kB
SwapCached:            8 kB
Active:          1120256 kB
Inactive:         573112 kB
Active(anon):     714192 kB
Inactive(anon):   179608 kB
Active(file):     406064 kB
Inactive(file):   393504 kB
Unevictable:        3916 kB
Mlocked:               0 kB
SwapTotal:        524284 kB
SwapFree:         521680 kB
Dirty:               980 kB
Writeback:             0 kB
AnonPages:        891920 kB
Mapped:           536984 kB
Shmem:              1524 kB
Slab:             103812 kB
SReclaimable:      31160 kB
SUnreclaim:        72652 kB
KernelStack:       41408 kB
PageTables:        41952 kB
NFS_Unstable:          0 kB
Bounce:                0 kB
WritebackTmp:          0 kB
CommitLimit:     1815632 kB
Committed_AS:   116342004 kB
VmallocTotal:   251658176 kB
VmallocUsed:      125428 kB
VmallocChunk:   251437476 kB
Time pass: 219 sec

---2015-12-09 10:54:01
MemTotal:        2582696 kB
MemFree:          112208 kB
Buffers:            6504 kB
Cached:           798644 kB
SwapCached:            8 kB
Active:          1120280 kB
Inactive:         573252 kB
Active(anon):     714216 kB
Inactive(anon):   179648 kB
Active(file):     406064 kB
Inactive(file):   393604 kB
Unevictable:        3916 kB
Mlocked:               0 kB
SwapTotal:        524284 kB
SwapFree:         521680 kB
Dirty:               992 kB
Writeback:             0 kB
AnonPages:        892088 kB
Mapped:           537104 kB
Shmem:              1564 kB
Slab:             103748 kB
SReclaimable:      31236 kB
SUnreclaim:        72512 kB
KernelStack:       41216 kB
PageTables:        41976 kB
NFS_Unstable:          0 kB
Bounce:                0 kB
WritebackTmp:          0 kB
CommitLimit:     1815632 kB
Committed_AS:   116341948 kB
VmallocTotal:   251658176 kB
VmallocUsed:      125428 kB
VmallocChunk:   251437476 kB
Time pass: 222 sec

---2015-12-09 10:54:01
MemTotal:        2582696 kB
MemFree:          112120 kB
Buffers:            6504 kB
Cached:           799588 kB
SwapCached:            8 kB
Active:          1119868 kB
Inactive:         574164 kB
Active(anon):     713792 kB
Inactive(anon):   179764 kB
Active(file):     406076 kB
Inactive(file):   394400 kB
Unevictable:        3916 kB
Mlocked:               0 kB
SwapTotal:        524284 kB
SwapFree:         521680 kB
Dirty:               984 kB
Writeback:             0 kB
AnonPages:        891856 kB
Mapped:           537292 kB
Shmem:              1680 kB
Slab:             103712 kB
SReclaimable:      31236 kB
SUnreclaim:        72476 kB
KernelStack:       41232 kB
PageTables:        41980 kB
NFS_Unstable:          0 kB
Bounce:                0 kB
WritebackTmp:          0 kB
CommitLimit:     1815632 kB
Committed_AS:   116341948 kB
VmallocTotal:   251658176 kB
VmallocUsed:      125428 kB
VmallocChunk:   251437476 kB
Time pass: 226 sec

---2015-12-09 10:54:01
MemTotal:        2582696 kB
MemFree:          111864 kB
Buffers:            6504 kB
Cached:           799568 kB
SwapCached:            8 kB
Active:          1119740 kB
Inactive:         574180 kB
Active(anon):     713680 kB
Inactive(anon):   179764 kB
Active(file):     406060 kB
Inactive(file):   394416 kB
Unevictable:        3916 kB
Mlocked:               0 kB
SwapTotal:        524284 kB
SwapFree:         521680 kB
Dirty:               972 kB
Writeback:             0 kB
AnonPages:        891824 kB
Mapped:           537364 kB
Shmem:              1680 kB
Slab:             103736 kB
SReclaimable:      31240 kB
SUnreclaim:        72496 kB
KernelStack:       41232 kB
PageTables:        41984 kB
NFS_Unstable:          0 kB
Bounce:                0 kB
WritebackTmp:          0 kB
CommitLimit:     1815632 kB
Committed_AS:   116342012 kB
VmallocTotal:   251658176 kB
VmallocUsed:      125428 kB
VmallocChunk:   251437476 kB
Time pass: 231 sec

---2015-12-09 10:54:01
MemTotal:        2582696 kB
MemFree:          121444 kB
Buffers:            6512 kB
Cached:           800456 kB
SwapCached:            8 kB
Active:          1110500 kB
Inactive:         575020 kB
Active(anon):     704388 kB
Inactive(anon):   179752 kB
Active(file):     406112 kB
Inactive(file):   395268 kB
Unevictable:        3916 kB
Mlocked:               0 kB
SwapTotal:        524284 kB
SwapFree:         521680 kB
Dirty:               972 kB
Writeback:             0 kB
AnonPages:        882480 kB
Mapped:           530776 kB
Shmem:              1672 kB
Slab:             103748 kB
SReclaimable:      31244 kB
SUnreclaim:        72504 kB
KernelStack:       40400 kB
PageTables:        41488 kB
NFS_Unstable:          0 kB
Bounce:                0 kB
WritebackTmp:          0 kB
CommitLimit:     1815632 kB
Committed_AS:   115084196 kB
VmallocTotal:   251658176 kB
VmallocUsed:      124408 kB
VmallocChunk:   251437476 kB
Time pass: 235 sec

---2015-12-09 10:54:01
MemTotal:        2582696 kB
MemFree:          113732 kB
Buffers:            6512 kB
Cached:           800544 kB
SwapCached:            8 kB
Active:          1116796 kB
Inactive:         575116 kB
Active(anon):     710692 kB
Inactive(anon):   179760 kB
Active(file):     406104 kB
Inactive(file):   395356 kB
Unevictable:        3916 kB
Mlocked:               0 kB
SwapTotal:        524284 kB
SwapFree:         521680 kB
Dirty:               976 kB
Writeback:             0 kB
AnonPages:        888820 kB
Mapped:           537472 kB
Shmem:              1680 kB
Slab:             103760 kB
SReclaimable:      31244 kB
SUnreclaim:        72516 kB
KernelStack:       41264 kB
PageTables:        42000 kB
NFS_Unstable:          0 kB
Bounce:                0 kB
WritebackTmp:          0 kB
CommitLimit:     1815632 kB
Committed_AS:   116340036 kB
VmallocTotal:   251658176 kB
VmallocUsed:      125468 kB
VmallocChunk:   251437476 kB
Time pass: 238 sec

---2015-12-09 10:54:01
MemTotal:        2582696 kB
MemFree:          113072 kB
Buffers:            6512 kB
Cached:           800544 kB
SwapCached:            8 kB
Active:          1117044 kB
Inactive:         575116 kB
Active(anon):     710940 kB
Inactive(anon):   179760 kB
Active(file):     406104 kB
Inactive(file):   395356 kB
Unevictable:        3916 kB
Mlocked:               0 kB
SwapTotal:        524284 kB
SwapFree:         521680 kB
Dirty:               976 kB
Writeback:             0 kB
AnonPages:        888832 kB
Mapped:           537484 kB
Shmem:              1680 kB
Slab:             103812 kB
SReclaimable:      31292 kB
SUnreclaim:        72520 kB
KernelStack:       41232 kB
PageTables:        42004 kB
NFS_Unstable:          0 kB
Bounce:                0 kB
WritebackTmp:          0 kB
CommitLimit:     1815632 kB
Committed_AS:   116339948 kB
VmallocTotal:   251658176 kB
VmallocUsed:      125468 kB
VmallocChunk:   251437476 kB
Time pass: 242 sec

---2015-12-09 10:54:01
MemTotal:        2582696 kB
MemFree:          112204 kB
Buffers:            6512 kB
Cached:           801000 kB
SwapCached:            8 kB
Active:          1116856 kB
Inactive:         575564 kB
Active(anon):     710744 kB
Inactive(anon):   179760 kB
Active(file):     406112 kB
Inactive(file):   395804 kB
Unevictable:        3916 kB
Mlocked:               0 kB
SwapTotal:        524284 kB
SwapFree:         521680 kB
Dirty:              1280 kB
Writeback:             0 kB
AnonPages:        888752 kB
Mapped:           537492 kB
Shmem:              1680 kB
Slab:             103784 kB
SReclaimable:      31288 kB
SUnreclaim:        72496 kB
KernelStack:       41184 kB
PageTables:        42004 kB
NFS_Unstable:          0 kB
Bounce:                0 kB
WritebackTmp:          0 kB
CommitLimit:     1815632 kB
Committed_AS:   116344004 kB
VmallocTotal:   251658176 kB
VmallocUsed:      125468 kB
VmallocChunk:   251437476 kB
Time pass: 247 sec

---2015-12-09 10:54:01
MemTotal:        2582696 kB
MemFree:          111844 kB
Buffers:            6512 kB
Cached:           801000 kB
SwapCached:            8 kB
Active:          1117208 kB
Inactive:         575564 kB
Active(anon):     711096 kB
Inactive(anon):   179760 kB
Active(file):     406112 kB
Inactive(file):   395804 kB
Unevictable:        3916 kB
Mlocked:               0 kB
SwapTotal:        524284 kB
SwapFree:         521680 kB
Dirty:              1000 kB
Writeback:             0 kB
AnonPages:        889108 kB
Mapped:           537496 kB
Shmem:              1680 kB
Slab:             103792 kB
SReclaimable:      31288 kB
SUnreclaim:        72504 kB
KernelStack:       41168 kB
PageTables:        42008 kB
NFS_Unstable:          0 kB
Bounce:                0 kB
WritebackTmp:          0 kB
CommitLimit:     1815632 kB
Committed_AS:   116343956 kB
VmallocTotal:   251658176 kB
VmallocUsed:      125468 kB
VmallocChunk:   251437476 kB
Time pass: 251 sec

---2015-12-09 10:54:01
MemTotal:        2582696 kB
MemFree:          118576 kB
Buffers:            6512 kB
Cached:           801008 kB
SwapCached:          100 kB
Active:          1111140 kB
Inactive:         575664 kB
Active(anon):     705024 kB
Inactive(anon):   179864 kB
Active(file):     406116 kB
Inactive(file):   395800 kB
Unevictable:        3916 kB
Mlocked:               0 kB
SwapTotal:        524284 kB
SwapFree:         521696 kB
Dirty:               988 kB
Writeback:             0 kB
AnonPages:        883080 kB
Mapped:           530744 kB
Shmem:              1688 kB
Slab:             103784 kB
SReclaimable:      31288 kB
SUnreclaim:        72496 kB
KernelStack:       40352 kB
PageTables:        41560 kB
NFS_Unstable:          0 kB
Bounce:                0 kB
WritebackTmp:          0 kB
CommitLimit:     1815632 kB
Committed_AS:   115096372 kB
VmallocTotal:   251658176 kB
VmallocUsed:      124408 kB
VmallocChunk:   251437476 kB
Time pass: 255 sec

---2015-12-09 10:54:01
MemTotal:        2582696 kB
MemFree:          111680 kB
Buffers:            6512 kB
Cached:           801056 kB
SwapCached:          100 kB
Active:          1117392 kB
Inactive:         575704 kB
Active(anon):     711276 kB
Inactive(anon):   179864 kB
Active(file):     406116 kB
Inactive(file):   395840 kB
Unevictable:        3916 kB
Mlocked:               0 kB
SwapTotal:        524284 kB
SwapFree:         521696 kB
Dirty:              1004 kB
Writeback:             0 kB
AnonPages:        889260 kB
Mapped:           537520 kB
Shmem:              1696 kB
Slab:             103832 kB
SReclaimable:      31320 kB
SUnreclaim:        72512 kB
KernelStack:       41264 kB
PageTables:        42036 kB
NFS_Unstable:          0 kB
Bounce:                0 kB
WritebackTmp:          0 kB
CommitLimit:     1815632 kB
Committed_AS:   116352316 kB
VmallocTotal:   251658176 kB
VmallocUsed:      125468 kB
VmallocChunk:   251437476 kB
Time pass: 259 sec

---2015-12-09 10:54:01
MemTotal:        2582696 kB
MemFree:          111020 kB
Buffers:            6512 kB
Cached:           801160 kB
SwapCached:          100 kB
Active:          1118420 kB
Inactive:         575792 kB
Active(anon):     712288 kB
Inactive(anon):   179864 kB
Active(file):     406132 kB
Inactive(file):   395928 kB
Unevictable:        3916 kB
Mlocked:               0 kB
SwapTotal:        524284 kB
SwapFree:         521696 kB
Dirty:              1104 kB
Writeback:             0 kB
AnonPages:        890288 kB
Mapped:           537552 kB
Shmem:              1696 kB
Slab:             103984 kB
SReclaimable:      31320 kB
SUnreclaim:        72664 kB
KernelStack:       41216 kB
PageTables:        42040 kB
NFS_Unstable:          0 kB
Bounce:                0 kB
WritebackTmp:          0 kB
CommitLimit:     1815632 kB
Committed_AS:   116352180 kB
VmallocTotal:   251658176 kB
VmallocUsed:      125468 kB
VmallocChunk:   251437476 kB
Time pass: 262 sec

---2015-12-09 10:54:01
MemTotal:        2582696 kB
MemFree:          110788 kB
Buffers:            6512 kB
Cached:           801060 kB
SwapCached:          100 kB
Active:          1118512 kB
Inactive:         575700 kB
Active(anon):     712388 kB
Inactive(anon):   179864 kB
Active(file):     406124 kB
Inactive(file):   395836 kB
Unevictable:        3916 kB
Mlocked:               0 kB
SwapTotal:        524284 kB
SwapFree:         521696 kB
Dirty:              1004 kB
Writeback:             0 kB
AnonPages:        890372 kB
Mapped:           537520 kB
Shmem:              1696 kB
Slab:             103840 kB
SReclaimable:      31320 kB
SUnreclaim:        72520 kB
KernelStack:       41200 kB
PageTables:        42040 kB
NFS_Unstable:          0 kB
Bounce:                0 kB
WritebackTmp:          0 kB
CommitLimit:     1815632 kB
Committed_AS:   116352180 kB
VmallocTotal:   251658176 kB
VmallocUsed:      125468 kB
VmallocChunk:   251437476 kB
Time pass: 267 sec

---2015-12-09 10:54:01
MemTotal:        2582696 kB
MemFree:          109960 kB
Buffers:            6512 kB
Cached:           801108 kB
SwapCached:          100 kB
Active:          1120784 kB
Inactive:         574268 kB
Active(anon):     713180 kB
Inactive(anon):   179912 kB
Active(file):     407604 kB
Inactive(file):   394356 kB
Unevictable:        3916 kB
Mlocked:               0 kB
SwapTotal:        524284 kB
SwapFree:         521696 kB
Dirty:              1004 kB
Writeback:           216 kB
AnonPages:        891252 kB
Mapped:           537572 kB
Shmem:              1744 kB
Slab:             103996 kB
SReclaimable:      31320 kB
SUnreclaim:        72676 kB
KernelStack:       41200 kB
PageTables:        42040 kB
NFS_Unstable:          0 kB
Bounce:                0 kB
WritebackTmp:          0 kB
CommitLimit:     1815632 kB
Committed_AS:   116352260 kB
VmallocTotal:   251658176 kB
VmallocUsed:      125468 kB
VmallocChunk:   251437476 kB
Time pass: 271 sec

---2015-12-09 10:54:01
MemTotal:        2582696 kB
MemFree:          116204 kB
Buffers:            6512 kB
Cached:           801108 kB
SwapCached:          100 kB
Active:          1115596 kB
Inactive:         574208 kB
Active(anon):     707932 kB
Inactive(anon):   179920 kB
Active(file):     407664 kB
Inactive(file):   394288 kB
Unevictable:        3916 kB
Mlocked:               0 kB
SwapTotal:        524284 kB
SwapFree:         521696 kB
Dirty:               992 kB
Writeback:             0 kB
AnonPages:        885908 kB
Mapped:           530968 kB
Shmem:              1752 kB
Slab:             103868 kB
SReclaimable:      31324 kB
SUnreclaim:        72544 kB
KernelStack:       40384 kB
PageTables:        41572 kB
NFS_Unstable:          0 kB
Bounce:                0 kB
WritebackTmp:          0 kB
CommitLimit:     1815632 kB
Committed_AS:   115104652 kB
VmallocTotal:   251658176 kB
VmallocUsed:      124408 kB
VmallocChunk:   251437476 kB
Time pass: 275 sec

---2015-12-09 10:54:01
MemTotal:        2582696 kB
MemFree:          108092 kB
Buffers:            6512 kB
Cached:           796508 kB
SwapCached:          100 kB
Active:          1123768 kB
Inactive:         574844 kB
Active(anon):     721424 kB
Inactive(anon):   179852 kB
Active(file):     402344 kB
Inactive(file):   394992 kB
Unevictable:        3916 kB
Mlocked:               0 kB
SwapTotal:        524284 kB
SwapFree:         521440 kB
Dirty:               996 kB
Writeback:             0 kB
AnonPages:        899464 kB
Mapped:           537848 kB
Shmem:              1768 kB
Slab:             103948 kB
SReclaimable:      31380 kB
SUnreclaim:        72568 kB
KernelStack:       41248 kB
PageTables:        42124 kB
NFS_Unstable:          0 kB
Bounce:                0 kB
WritebackTmp:          0 kB
CommitLimit:     1815632 kB
Committed_AS:   116364388 kB
VmallocTotal:   251658176 kB
VmallocUsed:      125428 kB
VmallocChunk:   251437476 kB
Time pass: 279 sec

---2015-12-09 10:54:01
MemTotal:        2582696 kB
MemFree:          120336 kB
Buffers:            6520 kB
Cached:           796504 kB
SwapCached:          100 kB
Active:          1110588 kB
Inactive:         574844 kB
Active(anon):     708244 kB
Inactive(anon):   179852 kB
Active(file):     402344 kB
Inactive(file):   394992 kB
Unevictable:        3916 kB
Mlocked:               0 kB
SwapTotal:        524284 kB
SwapFree:         521440 kB
Dirty:              1016 kB
Writeback:             0 kB
AnonPages:        886516 kB
Mapped:           537848 kB
Shmem:              1768 kB
Slab:             104040 kB
SReclaimable:      31392 kB
SUnreclaim:        72648 kB
KernelStack:       41200 kB
PageTables:        42128 kB
NFS_Unstable:          0 kB
Bounce:                0 kB
WritebackTmp:          0 kB
CommitLimit:     1815632 kB
Committed_AS:   116364260 kB
VmallocTotal:   251658176 kB
VmallocUsed:      125428 kB
VmallocChunk:   251437476 kB
Time pass: 283 sec

---2015-12-09 10:54:01
MemTotal:        2582696 kB
MemFree:          121000 kB
Buffers:            6520 kB
Cached:           796508 kB
SwapCached:          100 kB
Active:          1110796 kB
Inactive:         574852 kB
Active(anon):     708452 kB
Inactive(anon):   179852 kB
Active(file):     402344 kB
Inactive(file):   395000 kB
Unevictable:        3916 kB
Mlocked:               0 kB
SwapTotal:        524284 kB
SwapFree:         521440 kB
Dirty:              1020 kB
Writeback:             0 kB
AnonPages:        886380 kB
Mapped:           537852 kB
Shmem:              1768 kB
Slab:             104092 kB
SReclaimable:      31400 kB
SUnreclaim:        72692 kB
KernelStack:       41200 kB
PageTables:        42124 kB
NFS_Unstable:          0 kB
Bounce:                0 kB
WritebackTmp:          0 kB
CommitLimit:     1815632 kB
Committed_AS:   116364260 kB
VmallocTotal:   251658176 kB
VmallocUsed:      125428 kB
VmallocChunk:   251437476 kB
Time pass: 287 sec

---2015-12-09 10:54:01
MemTotal:        2582696 kB
MemFree:          129232 kB
Buffers:            6520 kB
Cached:           796508 kB
SwapCached:          100 kB
Active:          1103488 kB
Inactive:         574848 kB
Active(anon):     701140 kB
Inactive(anon):   179852 kB
Active(file):     402348 kB
Inactive(file):   394996 kB
Unevictable:        3916 kB
Mlocked:               0 kB
SwapTotal:        524284 kB
SwapFree:         521440 kB
Dirty:              1000 kB
Writeback:             0 kB
AnonPages:        879180 kB
Mapped:           530984 kB
Shmem:              1768 kB
Slab:             104080 kB
SReclaimable:      31400 kB
SUnreclaim:        72680 kB
KernelStack:       41168 kB
PageTables:        41600 kB
NFS_Unstable:          0 kB
Bounce:                0 kB
WritebackTmp:          0 kB
CommitLimit:     1815632 kB
Committed_AS:   115112340 kB
VmallocTotal:   251658176 kB
VmallocUsed:      124408 kB
VmallocChunk:   251437476 kB
Time pass: 291 sec

---2015-12-09 10:54:01
MemTotal:        2582696 kB
MemFree:          125892 kB
Buffers:            6520 kB
Cached:           796524 kB
SwapCached:          100 kB
Active:          1106528 kB
Inactive:         574864 kB
Active(anon):     704180 kB
Inactive(anon):   179868 kB
Active(file):     402348 kB
Inactive(file):   394996 kB
Unevictable:        3916 kB
Mlocked:               0 kB
SwapTotal:        524284 kB
SwapFree:         521440 kB
Dirty:              1000 kB
Writeback:             0 kB
AnonPages:        882532 kB
Mapped:           534780 kB
Shmem:              1784 kB
Slab:             104076 kB
SReclaimable:      31400 kB
SUnreclaim:        72676 kB
KernelStack:       40544 kB
PageTables:        41792 kB
NFS_Unstable:          0 kB
Bounce:                0 kB
WritebackTmp:          0 kB
CommitLimit:     1815632 kB
Committed_AS:   116353864 kB
VmallocTotal:   251658176 kB
VmallocUsed:      125428 kB
VmallocChunk:   251437476 kB
Time pass: 294 sec

---2015-12-09 10:54:01
MemTotal:        2582696 kB
MemFree:          112044 kB
Buffers:            6520 kB
Cached:           796652 kB
SwapCached:          100 kB
Active:          1120104 kB
Inactive:         574984 kB
Active(anon):     717756 kB
Inactive(anon):   179876 kB
Active(file):     402348 kB
Inactive(file):   395108 kB
Unevictable:        3916 kB
Mlocked:               0 kB
SwapTotal:        524284 kB
SwapFree:         521440 kB
Dirty:               996 kB
Writeback:             0 kB
AnonPages:        895872 kB
Mapped:           537880 kB
Shmem:              1800 kB
Slab:             104100 kB
SReclaimable:      31460 kB
SUnreclaim:        72640 kB
KernelStack:       41248 kB
PageTables:        42068 kB
NFS_Unstable:          0 kB
Bounce:                0 kB
WritebackTmp:          0 kB
CommitLimit:     1815632 kB
Committed_AS:   116376860 kB
VmallocTotal:   251658176 kB
VmallocUsed:      125428 kB
VmallocChunk:   251437476 kB
Time pass: 298 sec

---2015-12-09 10:54:01
MemTotal:        2582696 kB
MemFree:          112560 kB
Buffers:            6520 kB
Cached:           797060 kB
SwapCached:          100 kB
Active:          1118376 kB
Inactive:         575392 kB
Active(anon):     716028 kB
Inactive(anon):   179876 kB
Active(file):     402348 kB
Inactive(file):   395516 kB
Unevictable:        3916 kB
Mlocked:               0 kB
SwapTotal:        524284 kB
SwapFree:         521440 kB
Dirty:               996 kB
Writeback:             0 kB
AnonPages:        894132 kB
Mapped:           537904 kB
Shmem:              1800 kB
Slab:             104096 kB
SReclaimable:      31460 kB
SUnreclaim:        72636 kB
KernelStack:       41216 kB
PageTables:        42076 kB
NFS_Unstable:          0 kB
Bounce:                0 kB
WritebackTmp:          0 kB
CommitLimit:     1815632 kB
Committed_AS:   116376836 kB
VmallocTotal:   251658176 kB
VmallocUsed:      125428 kB
VmallocChunk:   251437476 kB
Time pass: 302 sec

---2015-12-09 10:54:01
MemTotal:        2582696 kB
MemFree:          112072 kB
Buffers:            6520 kB
Cached:           797412 kB
SwapCached:          100 kB
Active:          1118500 kB
Inactive:         575736 kB
Active(anon):     716144 kB
Inactive(anon):   179876 kB
Active(file):     402356 kB
Inactive(file):   395860 kB
Unevictable:        3916 kB
Mlocked:               0 kB
SwapTotal:        524284 kB
SwapFree:         521440 kB
Dirty:              1316 kB
Writeback:             0 kB
AnonPages:        894452 kB
Mapped:           537820 kB
Shmem:              1800 kB
Slab:             104108 kB
SReclaimable:      31464 kB
SUnreclaim:        72644 kB
KernelStack:       41184 kB
PageTables:        42040 kB
NFS_Unstable:          0 kB
Bounce:                0 kB
WritebackTmp:          0 kB
CommitLimit:     1815632 kB
Committed_AS:   116376788 kB
VmallocTotal:   251658176 kB
VmallocUsed:      125428 kB
VmallocChunk:   251437476 kB
Time pass: 306 sec

---2015-12-09 10:54:01
MemTotal:        2582696 kB
MemFree:          120548 kB
Buffers:            6520 kB
Cached:           797416 kB
SwapCached:          100 kB
Active:          1111472 kB
Inactive:         575704 kB
Active(anon):     709080 kB
Inactive(anon):   179876 kB
Active(file):     402392 kB
Inactive(file):   395828 kB
Unevictable:        3916 kB
Mlocked:               0 kB
SwapTotal:        524284 kB
SwapFree:         521440 kB
Dirty:              1036 kB
Writeback:             0 kB
AnonPages:        887020 kB
Mapped:           531148 kB
Shmem:              1800 kB
Slab:             104120 kB
SReclaimable:      31464 kB
SUnreclaim:        72656 kB
KernelStack:       40336 kB
PageTables:        41568 kB
NFS_Unstable:          0 kB
Bounce:                0 kB
WritebackTmp:          0 kB
CommitLimit:     1815632 kB
Committed_AS:   115120620 kB
VmallocTotal:   251658176 kB
VmallocUsed:      124408 kB
VmallocChunk:   251437476 kB
Time pass: 310 sec

---2015-12-09 10:54:01
MemTotal:        2582696 kB
MemFree:          108632 kB
Buffers:            6520 kB
Cached:           794996 kB
SwapCached:          100 kB
Active:          1122208 kB
Inactive:         576236 kB
Active(anon):     722332 kB
Inactive(anon):   180412 kB
Active(file):     399876 kB
Inactive(file):   395824 kB
Unevictable:        3916 kB
Mlocked:               0 kB
SwapTotal:        524284 kB
SwapFree:         521328 kB
Dirty:              1060 kB
Writeback:             0 kB
AnonPages:        900540 kB
Mapped:           537412 kB
Shmem:              1800 kB
Slab:             104108 kB
SReclaimable:      31464 kB
SUnreclaim:        72644 kB
KernelStack:       41520 kB
PageTables:        42036 kB
NFS_Unstable:          0 kB
Bounce:                0 kB
WritebackTmp:          0 kB
CommitLimit:     1815632 kB
Committed_AS:   116388464 kB
VmallocTotal:   251658176 kB
VmallocUsed:      125436 kB
VmallocChunk:   251437476 kB
Time pass: 314 sec

---2015-12-09 10:54:01
MemTotal:        2582696 kB
MemFree:          109544 kB
Buffers:            6520 kB
Cached:           789696 kB
SwapCached:          100 kB
Active:          1120588 kB
Inactive:         576892 kB
Active(anon):     725380 kB
Inactive(anon):   181600 kB
Active(file):     395208 kB
Inactive(file):   395292 kB
Unevictable:        3916 kB
Mlocked:               0 kB
SwapTotal:        524284 kB
SwapFree:         521052 kB
Dirty:              1036 kB
Writeback:             0 kB
AnonPages:        905284 kB
Mapped:           537820 kB
Shmem:              1804 kB
Slab:             103980 kB
SReclaimable:      31176 kB
SUnreclaim:        72804 kB
KernelStack:       41200 kB
PageTables:        42132 kB
NFS_Unstable:          0 kB
Bounce:                0 kB
WritebackTmp:          0 kB
CommitLimit:     1815632 kB
Committed_AS:   116380996 kB
VmallocTotal:   251658176 kB
VmallocUsed:      125440 kB
VmallocChunk:   251437476 kB
Time pass: 318 sec

---2015-12-09 10:54:01
MemTotal:        2582696 kB
MemFree:          109012 kB
Buffers:            6520 kB
Cached:           789788 kB
SwapCached:          100 kB
Active:          1121828 kB
Inactive:         576960 kB
Active(anon):     726596 kB
Inactive(anon):   181600 kB
Active(file):     395232 kB
Inactive(file):   395360 kB
Unevictable:        3916 kB
Mlocked:               0 kB
SwapTotal:        524284 kB
SwapFree:         521052 kB
Dirty:              1124 kB
Writeback:             0 kB
AnonPages:        906512 kB
Mapped:           537852 kB
Shmem:              1804 kB
Slab:             103992 kB
SReclaimable:      31176 kB
SUnreclaim:        72816 kB
KernelStack:       41184 kB
PageTables:        42128 kB
NFS_Unstable:          0 kB
Bounce:                0 kB
WritebackTmp:          0 kB
CommitLimit:     1815632 kB
Committed_AS:   116380924 kB
VmallocTotal:   251658176 kB
VmallocUsed:      125440 kB
VmallocChunk:   251437476 kB
Time pass: 322 sec

---2015-12-09 10:54:01
MemTotal:        2582696 kB
MemFree:          109420 kB
Buffers:            6520 kB
Cached:           789696 kB
SwapCached:          100 kB
Active:          1120384 kB
Inactive:         576888 kB
Active(anon):     725172 kB
Inactive(anon):   181600 kB
Active(file):     395212 kB
Inactive(file):   395288 kB
Unevictable:        3916 kB
Mlocked:               0 kB
SwapTotal:        524284 kB
SwapFree:         521052 kB
Dirty:              1032 kB
Writeback:             0 kB
AnonPages:        905216 kB
Mapped:           537824 kB
Shmem:              1804 kB
Slab:             104028 kB
SReclaimable:      31176 kB
SUnreclaim:        72852 kB
KernelStack:       41168 kB
PageTables:        42128 kB
NFS_Unstable:          0 kB
Bounce:                0 kB
WritebackTmp:          0 kB
CommitLimit:     1815632 kB
Committed_AS:   116380892 kB
VmallocTotal:   251658176 kB
VmallocUsed:      125440 kB
VmallocChunk:   251437476 kB
Time pass: 327 sec

---2015-12-09 10:54:01
MemTotal:        2582696 kB
MemFree:          117520 kB
Buffers:            6520 kB
Cached:           789760 kB
SwapCached:          100 kB
Active:          1114188 kB
Inactive:         576952 kB
Active(anon):     718976 kB
Inactive(anon):   181600 kB
Active(file):     395212 kB
Inactive(file):   395352 kB
Unevictable:        3916 kB
Mlocked:               0 kB
SwapTotal:        524284 kB
SwapFree:         521052 kB
Dirty:              1044 kB
Writeback:             0 kB
AnonPages:        898876 kB
Mapped:           531108 kB
Shmem:              1804 kB
Slab:             104020 kB
SReclaimable:      31176 kB
SUnreclaim:        72844 kB
KernelStack:       40336 kB
PageTables:        41636 kB
NFS_Unstable:          0 kB
Bounce:                0 kB
WritebackTmp:          0 kB
CommitLimit:     1815632 kB
Committed_AS:   115128860 kB
VmallocTotal:   251658176 kB
VmallocUsed:      124420 kB
VmallocChunk:   251437476 kB
Time pass: 331 sec

---2015-12-09 10:54:01
MemTotal:        2582696 kB
MemFree:          120360 kB
Buffers:            6520 kB
Cached:           785748 kB
SwapCached:          100 kB
Active:          1111240 kB
Inactive:         575384 kB
Active(anon):     717296 kB
Inactive(anon):   182852 kB
Active(file):     393944 kB
Inactive(file):   392532 kB
Unevictable:        3916 kB
Mlocked:               0 kB
SwapTotal:        524284 kB
SwapFree:         520976 kB
Dirty:              1072 kB
Writeback:             0 kB
AnonPages:        898700 kB
Mapped:           537876 kB
Shmem:              1788 kB
Slab:             104320 kB
SReclaimable:      31460 kB
SUnreclaim:        72860 kB
KernelStack:       41392 kB
PageTables:        42256 kB
NFS_Unstable:          0 kB
Bounce:                0 kB
WritebackTmp:          0 kB
CommitLimit:     1815632 kB
Committed_AS:   116385212 kB
VmallocTotal:   251658176 kB
VmallocUsed:      125480 kB
VmallocChunk:   251437476 kB
Time pass: 334 sec

---2015-12-09 10:54:01
MemTotal:        2582696 kB
MemFree:          119956 kB
Buffers:            6520 kB
Cached:           785668 kB
SwapCached:          100 kB
Active:          1111784 kB
Inactive:         575412 kB
Active(anon):     717916 kB
Inactive(anon):   182812 kB
Active(file):     393868 kB
Inactive(file):   392600 kB
Unevictable:        3916 kB
Mlocked:               0 kB
SwapTotal:        524284 kB
SwapFree:         520976 kB
Dirty:              1040 kB
Writeback:             0 kB
AnonPages:        899052 kB
Mapped:           537928 kB
Shmem:              1804 kB
Slab:             104228 kB
SReclaimable:      31312 kB
SUnreclaim:        72916 kB
KernelStack:       41264 kB
PageTables:        42236 kB
NFS_Unstable:          0 kB
Bounce:                0 kB
WritebackTmp:          0 kB
CommitLimit:     1815632 kB
Committed_AS:   116389372 kB
VmallocTotal:   251658176 kB
VmallocUsed:      125440 kB
VmallocChunk:   251437476 kB
Time pass: 338 sec

---2015-12-09 10:54:01
MemTotal:        2582696 kB
MemFree:          122200 kB
Buffers:            6520 kB
Cached:           785720 kB
SwapCached:          100 kB
Active:          1110352 kB
Inactive:         575464 kB
Active(anon):     716484 kB
Inactive(anon):   182860 kB
Active(file):     393868 kB
Inactive(file):   392604 kB
Unevictable:        3916 kB
Mlocked:               0 kB
SwapTotal:        524284 kB
SwapFree:         520976 kB
Dirty:              1044 kB
Writeback:             0 kB
AnonPages:        897564 kB
Mapped:           537984 kB
Shmem:              1852 kB
Slab:             104236 kB
SReclaimable:      31320 kB
SUnreclaim:        72916 kB
KernelStack:       41216 kB
PageTables:        42192 kB
NFS_Unstable:          0 kB
Bounce:                0 kB
WritebackTmp:          0 kB
CommitLimit:     1815632 kB
Committed_AS:   116389332 kB
VmallocTotal:   251658176 kB
VmallocUsed:      125440 kB
VmallocChunk:   251437476 kB
Time pass: 342 sec

---2015-12-09 10:54:01
MemTotal:        2582696 kB
MemFree:          121656 kB
Buffers:            6528 kB
Cached:           785720 kB
SwapCached:          100 kB
Active:          1110536 kB
Inactive:         575472 kB
Active(anon):     716668 kB
Inactive(anon):   182860 kB
Active(file):     393868 kB
Inactive(file):   392612 kB
Unevictable:        3916 kB
Mlocked:               0 kB
SwapTotal:        524284 kB
SwapFree:         520976 kB
Dirty:              1064 kB
Writeback:             0 kB
AnonPages:        897640 kB
Mapped:           537984 kB
Shmem:              1852 kB
Slab:             104240 kB
SReclaimable:      31324 kB
SUnreclaim:        72916 kB
KernelStack:       41216 kB
PageTables:        42200 kB
NFS_Unstable:          0 kB
Bounce:                0 kB
WritebackTmp:          0 kB
CommitLimit:     1815632 kB
Committed_AS:   116389308 kB
VmallocTotal:   251658176 kB
VmallocUsed:      125440 kB
VmallocChunk:   251437476 kB
Time pass: 345 sec

---2015-12-09 10:54:01
MemTotal:        2582696 kB
MemFree:          130432 kB
Buffers:            6528 kB
Cached:           785728 kB
SwapCached:          100 kB
Active:          1104068 kB
Inactive:         575472 kB
Active(anon):     710192 kB
Inactive(anon):   182868 kB
Active(file):     393876 kB
Inactive(file):   392604 kB
Unevictable:        3916 kB
Mlocked:               0 kB
SwapTotal:        524284 kB
SwapFree:         520976 kB
Dirty:              1044 kB
Writeback:             0 kB
AnonPages:        891408 kB
Mapped:           531224 kB
Shmem:              1860 kB
Slab:             104332 kB
SReclaimable:      31408 kB
SUnreclaim:        72924 kB
KernelStack:       41168 kB
PageTables:        41672 kB
NFS_Unstable:          0 kB
Bounce:                0 kB
WritebackTmp:          0 kB
CommitLimit:     1815632 kB
Committed_AS:   115137300 kB
VmallocTotal:   251658176 kB
VmallocUsed:      124420 kB
VmallocChunk:   251437476 kB
Time pass: 349 sec

---2015-12-09 10:54:01
MemTotal:        2582696 kB
MemFree:          133172 kB
Buffers:            6528 kB
Cached:           785728 kB
SwapCached:          100 kB
Active:          1100684 kB
Inactive:         575472 kB
Active(anon):     706808 kB
Inactive(anon):   182868 kB
Active(file):     393876 kB
Inactive(file):   392604 kB
Unevictable:        3916 kB
Mlocked:               0 kB
SwapTotal:        524284 kB
SwapFree:         520976 kB
Dirty:              1044 kB
Writeback:             0 kB
AnonPages:        888000 kB
Mapped:           531316 kB
Shmem:              1860 kB
Slab:             104220 kB
SReclaimable:      31404 kB
SUnreclaim:        72816 kB
KernelStack:       40480 kB
PageTables:        41840 kB
NFS_Unstable:          0 kB
Bounce:                0 kB
WritebackTmp:          0 kB
CommitLimit:     1815632 kB
Committed_AS:   116367352 kB
VmallocTotal:   251658176 kB
VmallocUsed:      125440 kB
VmallocChunk:   251437476 kB
Time pass: 352 sec

---2015-12-09 10:54:01
MemTotal:        2582696 kB
MemFree:          115192 kB
Buffers:            6528 kB
Cached:           785836 kB
SwapCached:           96 kB
Active:          1116932 kB
Inactive:         575588 kB
Active(anon):     723068 kB
Inactive(anon):   182884 kB
Active(file):     393864 kB
Inactive(file):   392704 kB
Unevictable:        3916 kB
Mlocked:               0 kB
SwapTotal:        524284 kB
SwapFree:         520980 kB
Dirty:              1056 kB
Writeback:             0 kB
AnonPages:        904020 kB
Mapped:           538108 kB
Shmem:              1876 kB
Slab:             104272 kB
SReclaimable:      31424 kB
SUnreclaim:        72848 kB
KernelStack:       41344 kB
PageTables:        42132 kB
NFS_Unstable:          0 kB
Bounce:                0 kB
WritebackTmp:          0 kB
CommitLimit:     1815632 kB
Committed_AS:   116397732 kB
VmallocTotal:   251658176 kB
VmallocUsed:      125440 kB
VmallocChunk:   251437476 kB
Time pass: 356 sec

---2015-12-09 10:54:01
MemTotal:        2582696 kB
MemFree:          118800 kB
Buffers:            6528 kB
Cached:           785832 kB
SwapCached:           96 kB
Active:          1113092 kB
Inactive:         575580 kB
Active(anon):     719220 kB
Inactive(anon):   182884 kB
Active(file):     393872 kB
Inactive(file):   392696 kB
Unevictable:        3916 kB
Mlocked:               0 kB
SwapTotal:        524284 kB
SwapFree:         520980 kB
Dirty:              1044 kB
Writeback:             0 kB
AnonPages:        900300 kB
Mapped:           538112 kB
Shmem:              1876 kB
Slab:             104276 kB
SReclaimable:      31428 kB
SUnreclaim:        72848 kB
KernelStack:       41184 kB
PageTables:        42132 kB
NFS_Unstable:          0 kB
Bounce:                0 kB
WritebackTmp:          0 kB
CommitLimit:     1815632 kB
Committed_AS:   116397668 kB
VmallocTotal:   251658176 kB
VmallocUsed:      125440 kB
VmallocChunk:   251437476 kB
Time pass: 359 sec

---2015-12-09 10:54:01
MemTotal:        2582696 kB
MemFree:          118264 kB
Buffers:            6528 kB
Cached:           786220 kB
SwapCached:           96 kB
Active:          1114808 kB
Inactive:         574420 kB
Active(anon):     719388 kB
Inactive(anon):   182924 kB
Active(file):     395420 kB
Inactive(file):   391496 kB
Unevictable:        3916 kB
Mlocked:               0 kB
SwapTotal:        524284 kB
SwapFree:         520980 kB
Dirty:              1388 kB
Writeback:             0 kB
AnonPages:        900432 kB
Mapped:           537932 kB
Shmem:              1916 kB
Slab:             104268 kB
SReclaimable:      31428 kB
SUnreclaim:        72840 kB
KernelStack:       41184 kB
PageTables:        42136 kB
NFS_Unstable:          0 kB
Bounce:                0 kB
WritebackTmp:          0 kB
CommitLimit:     1815632 kB
Committed_AS:   116397652 kB
VmallocTotal:   251658176 kB
VmallocUsed:      125440 kB
VmallocChunk:   251437476 kB
Time pass: 363 sec

---2015-12-09 10:54:01
MemTotal:        2582696 kB
MemFree:          117680 kB
Buffers:            6528 kB
Cached:           786220 kB
SwapCached:           96 kB
Active:          1115272 kB
Inactive:         574420 kB
Active(anon):     719852 kB
Inactive(anon):   182924 kB
Active(file):     395420 kB
Inactive(file):   391496 kB
Unevictable:        3916 kB
Mlocked:               0 kB
SwapTotal:        524284 kB
SwapFree:         520980 kB
Dirty:              1388 kB
Writeback:             0 kB
AnonPages:        900900 kB
Mapped:           538152 kB
Shmem:              1916 kB
Slab:             104268 kB
SReclaimable:      31428 kB
SUnreclaim:        72840 kB
KernelStack:       41200 kB
PageTables:        42144 kB
NFS_Unstable:          0 kB
Bounce:                0 kB
WritebackTmp:          0 kB
CommitLimit:     1815632 kB
Committed_AS:   116397636 kB
VmallocTotal:   251658176 kB
VmallocUsed:      125440 kB
VmallocChunk:   251437476 kB
Time pass: 367 sec

---2015-12-09 10:54:01
MemTotal:        2582696 kB
MemFree:          125764 kB
Buffers:            6528 kB
Cached:           786220 kB
SwapCached:           96 kB
Active:          1108392 kB
Inactive:         574420 kB
Active(anon):     712972 kB
Inactive(anon):   182924 kB
Active(file):     395420 kB
Inactive(file):   391496 kB
Unevictable:        3916 kB
Mlocked:               0 kB
SwapTotal:        524284 kB
SwapFree:         520980 kB
Dirty:              1048 kB
Writeback:             0 kB
AnonPages:        893992 kB
Mapped:           531404 kB
Shmem:              1916 kB
Slab:             104268 kB
SReclaimable:      31428 kB
SUnreclaim:        72840 kB
KernelStack:       40400 kB
PageTables:        41640 kB
NFS_Unstable:          0 kB
Bounce:                0 kB
WritebackTmp:          0 kB
CommitLimit:     1815632 kB
Committed_AS:   115145740 kB
VmallocTotal:   251658176 kB
VmallocUsed:      124420 kB
VmallocChunk:   251437476 kB
Time pass: 371 sec

---2015-12-09 10:54:01
MemTotal:        2582696 kB
MemFree:          117192 kB
Buffers:            6528 kB
Cached:           786352 kB
SwapCached:           96 kB
Active:          1115728 kB
Inactive:         574532 kB
Active(anon):     720316 kB
Inactive(anon):   182912 kB
Active(file):     395412 kB
Inactive(file):   391620 kB
Unevictable:        3916 kB
Mlocked:               0 kB
SwapTotal:        524284 kB
SwapFree:         520980 kB
Dirty:              1068 kB
Writeback:            12 kB
AnonPages:        901184 kB
Mapped:           538172 kB
Shmem:              1932 kB
Slab:             104364 kB
SReclaimable:      31428 kB
SUnreclaim:        72936 kB
KernelStack:       41264 kB
PageTables:        42160 kB
NFS_Unstable:          0 kB
Bounce:                0 kB
WritebackTmp:          0 kB
CommitLimit:     1815632 kB
Committed_AS:   116405972 kB
VmallocTotal:   251658176 kB
VmallocUsed:      125440 kB
VmallocChunk:   251437476 kB
Time pass: 375 sec

---2015-12-09 10:54:01
MemTotal:        2582696 kB
MemFree:          128464 kB
Buffers:            6528 kB
Cached:           786352 kB
SwapCached:           96 kB
Active:          1103744 kB
Inactive:         574524 kB
Active(anon):     708324 kB
Inactive(anon):   182912 kB
Active(file):     395420 kB
Inactive(file):   391612 kB
Unevictable:        3916 kB
Mlocked:               0 kB
SwapTotal:        524284 kB
SwapFree:         520980 kB
Dirty:              1060 kB
Writeback:            12 kB
AnonPages:        889084 kB
Mapped:           538172 kB
Shmem:              1932 kB
Slab:             104372 kB
SReclaimable:      31444 kB
SUnreclaim:        72928 kB
KernelStack:       41216 kB
PageTables:        42160 kB
NFS_Unstable:          0 kB
Bounce:                0 kB
WritebackTmp:          0 kB
CommitLimit:     1815632 kB
Committed_AS:   116405796 kB
VmallocTotal:   251658176 kB
VmallocUsed:      125440 kB
VmallocChunk:   251437476 kB
Time pass: 379 sec

---2015-12-09 10:54:01
MemTotal:        2582696 kB
MemFree:          127884 kB
Buffers:            6528 kB
Cached:           786444 kB
SwapCached:           96 kB
Active:          1105424 kB
Inactive:         574588 kB
Active(anon):     709988 kB
Inactive(anon):   182912 kB
Active(file):     395436 kB
Inactive(file):   391676 kB
Unevictable:        3916 kB
Mlocked:               0 kB
SwapTotal:        524284 kB
SwapFree:         520980 kB
Dirty:              1148 kB
Writeback:            12 kB
AnonPages:        891084 kB
Mapped:           538204 kB
Shmem:              1932 kB
Slab:             104436 kB
SReclaimable:      31444 kB
SUnreclaim:        72992 kB
KernelStack:       41232 kB
