---2015-12-17 17:07:46
MemTotal:        1421560 kB
MemFree:           45320 kB
Buffers:           11360 kB
Cached:           835064 kB
SwapCached:            0 kB
Active:           643196 kB
Inactive:         560332 kB
Active(anon):     358540 kB
Inactive(anon):      528 kB
Active(file):     284656 kB
Inactive(file):   559804 kB
Unevictable:        1348 kB
Mlocked:               0 kB
HighTotal:        885760 kB
HighFree:          15028 kB
LowTotal:         535800 kB
LowFree:           30292 kB
SwapTotal:             0 kB
SwapFree:              0 kB
Dirty:                 0 kB
Writeback:             0 kB
AnonPages:        358684 kB
Mapped:           339476 kB
Shmem:               616 kB
Slab:              43608 kB
SReclaimable:      13956 kB
SUnreclaim:        29652 kB
KernelStack:       10632 kB
PageTables:        27344 kB
NFS_Unstable:          0 kB
Bounce:                0 kB
WritebackTmp:          0 kB
CommitLimit:      710780 kB
Committed_AS:   36713796 kB
VmallocTotal:     460800 kB
VmallocUsed:       18356 kB
VmallocChunk:     176156 kB
Time pass: 3 sec

---2015-12-17 17:07:46
MemTotal:        1421560 kB
MemFree:           45100 kB
Buffers:           11360 kB
Cached:           835072 kB
SwapCached:            0 kB
Active:           643464 kB
Inactive:         560340 kB
Active(anon):     358808 kB
Inactive(anon):      528 kB
Active(file):     284656 kB
Inactive(file):   559812 kB
Unevictable:        1348 kB
Mlocked:               0 kB
HighTotal:        885760 kB
HighFree:          14664 kB
LowTotal:         535800 kB
LowFree:           30436 kB
SwapTotal:             0 kB
SwapFree:              0 kB
Dirty:                 0 kB
Writeback:             0 kB
AnonPages:        358800 kB
Mapped:           339480 kB
Shmem:               616 kB
Slab:              43488 kB
SReclaimable:      13956 kB
SUnreclaim:        29532 kB
KernelStack:       10632 kB
PageTables:        27344 kB
NFS_Unstable:          0 kB
Bounce:                0 kB
WritebackTmp:          0 kB
CommitLimit:      710780 kB
Committed_AS:   36713828 kB
VmallocTotal:     460800 kB
VmallocUsed:       18356 kB
VmallocChunk:     176156 kB
Time pass: 7 sec

---2015-12-17 17:07:46
MemTotal:        1421560 kB
MemFree:           44656 kB
Buffers:           11360 kB
Cached:           835072 kB
SwapCached:            0 kB
Active:           643576 kB
Inactive:         560340 kB
Active(anon):     358920 kB
Inactive(anon):      528 kB
Active(file):     284656 kB
Inactive(file):   559812 kB
Unevictable:        1348 kB
Mlocked:               0 kB
HighTotal:        885760 kB
HighFree:          14436 kB
LowTotal:         535800 kB
LowFree:           30220 kB
SwapTotal:             0 kB
SwapFree:              0 kB
Dirty:                 0 kB
Writeback:             0 kB
AnonPages:        358828 kB
Mapped:           339480 kB
Shmem:               616 kB
Slab:              43700 kB
SReclaimable:      13956 kB
SUnreclaim:        29744 kB
KernelStack:       10640 kB
PageTables:        27344 kB
NFS_Unstable:          0 kB
Bounce:                0 kB
WritebackTmp:          0 kB
CommitLimit:      710780 kB
Committed_AS:   36714036 kB
VmallocTotal:     460800 kB
VmallocUsed:       18356 kB
VmallocChunk:     176156 kB
Time pass: 10 sec

---2015-12-17 17:07:46
MemTotal:        1421560 kB
MemFree:           44232 kB
Buffers:           11360 kB
Cached:           835072 kB
SwapCached:            0 kB
Active:           643712 kB
Inactive:         560340 kB
Active(anon):     359056 kB
Inactive(anon):      528 kB
Active(file):     284656 kB
Inactive(file):   559812 kB
Unevictable:        1348 kB
Mlocked:               0 kB
HighTotal:        885760 kB
HighFree:          13988 kB
LowTotal:         535800 kB
LowFree:           30244 kB
SwapTotal:             0 kB
SwapFree:              0 kB
Dirty:                 0 kB
Writeback:             0 kB
AnonPages:        359064 kB
Mapped:           339576 kB
Shmem:               616 kB
Slab:              43740 kB
SReclaimable:      13956 kB
SUnreclaim:        29784 kB
KernelStack:       10632 kB
PageTables:        27328 kB
NFS_Unstable:          0 kB
Bounce:                0 kB
WritebackTmp:          0 kB
CommitLimit:      710780 kB
Committed_AS:   36714168 kB
VmallocTotal:     460800 kB
VmallocUsed:       18356 kB
VmallocChunk:     176156 kB
Time pass: 14 sec

---2015-12-17 17:07:46
MemTotal:        1421560 kB
MemFree:           44224 kB
Buffers:           11360 kB
Cached:           835072 kB
SwapCached:            0 kB
Active:           643960 kB
Inactive:         560340 kB
Active(anon):     359304 kB
Inactive(anon):      528 kB
Active(file):     284656 kB
Inactive(file):   559812 kB
Unevictable:        1348 kB
Mlocked:               0 kB
HighTotal:        885760 kB
HighFree:          13868 kB
LowTotal:         535800 kB
LowFree:           30356 kB
SwapTotal:             0 kB
SwapFree:              0 kB
Dirty:                 0 kB
Writeback:             0 kB
AnonPages:        359276 kB
Mapped:           339628 kB
Shmem:               616 kB
Slab:              43592 kB
SReclaimable:      13956 kB
SUnreclaim:        29636 kB
KernelStack:       10632 kB
PageTables:        27344 kB
NFS_Unstable:          0 kB
Bounce:                0 kB
WritebackTmp:          0 kB
CommitLimit:      710780 kB
Committed_AS:   36714376 kB
VmallocTotal:     460800 kB
VmallocUsed:       18356 kB
VmallocChunk:     176156 kB
Time pass: 17 sec

---2015-12-17 17:07:46
MemTotal:        1421560 kB
MemFree:           44192 kB
Buffers:           11360 kB
Cached:           835072 kB
SwapCached:            0 kB
Active:           644104 kB
Inactive:         560340 kB
Active(anon):     359448 kB
Inactive(anon):      528 kB
Active(file):     284656 kB
Inactive(file):   559812 kB
Unevictable:        1348 kB
Mlocked:               0 kB
HighTotal:        885760 kB
HighFree:          13900 kB
LowTotal:         535800 kB
LowFree:           30292 kB
SwapTotal:             0 kB
SwapFree:              0 kB
Dirty:                 0 kB
Writeback:             0 kB
AnonPages:        359448 kB
Mapped:           339628 kB
Shmem:               616 kB
Slab:              43624 kB
SReclaimable:      13956 kB
SUnreclaim:        29668 kB
KernelStack:       10632 kB
PageTables:        27344 kB
NFS_Unstable:          0 kB
Bounce:                0 kB
WritebackTmp:          0 kB
CommitLimit:      710780 kB
Committed_AS:   36714464 kB
VmallocTotal:     460800 kB
VmallocUsed:       18356 kB
VmallocChunk:     176156 kB
Time pass: 21 sec

---2015-12-17 17:07:46
MemTotal:        1421560 kB
MemFree:           25304 kB
Buffers:           10792 kB
Cached:           824940 kB
SwapCached:            0 kB
Active:           673016 kB
Inactive:         536812 kB
Active(anon):     375572 kB
Inactive(anon):      704 kB
Active(file):     297444 kB
Inactive(file):   536108 kB
Unevictable:        1348 kB
Mlocked:               0 kB
HighTotal:        885760 kB
HighFree:           6036 kB
LowTotal:         535800 kB
LowFree:           19268 kB
SwapTotal:             0 kB
SwapFree:              0 kB
Dirty:               848 kB
Writeback:             0 kB
AnonPages:        375704 kB
Mapped:           366496 kB
Shmem:               728 kB
Slab:              43368 kB
SReclaimable:      13776 kB
SUnreclaim:        29592 kB
KernelStack:       10896 kB
PageTables:        28032 kB
NFS_Unstable:          0 kB
Bounce:                0 kB
WritebackTmp:          0 kB
CommitLimit:      710780 kB
Committed_AS:   37575200 kB
VmallocTotal:     460800 kB
VmallocUsed:       19512 kB
VmallocChunk:     198684 kB
Time pass: 24 sec

---2015-12-17 17:07:46
MemTotal:        1421560 kB
MemFree:           26104 kB
Buffers:           10752 kB
Cached:           812884 kB
SwapCached:            0 kB
Active:           672920 kB
Inactive:         522348 kB
Active(anon):     373068 kB
Inactive(anon):      660 kB
Active(file):     299852 kB
Inactive(file):   521688 kB
Unevictable:        1348 kB
Mlocked:               0 kB
HighTotal:        885760 kB
HighFree:           7304 kB
LowTotal:         535800 kB
LowFree:           18800 kB
SwapTotal:             0 kB
SwapFree:              0 kB
Dirty:               184 kB
Writeback:             0 kB
AnonPages:        373148 kB
Mapped:           361580 kB
Shmem:               748 kB
Slab:              43640 kB
SReclaimable:      13936 kB
SUnreclaim:        29704 kB
KernelStack:       11128 kB
PageTables:        28016 kB
NFS_Unstable:          0 kB
Bounce:                0 kB
WritebackTmp:          0 kB
CommitLimit:      710780 kB
Committed_AS:   37563548 kB
VmallocTotal:     460800 kB
VmallocUsed:       19544 kB
VmallocChunk:     198684 kB
Time pass: 28 sec

---2015-12-17 17:07:46
MemTotal:        1421560 kB
MemFree:           26540 kB
Buffers:           10760 kB
Cached:           796120 kB
SwapCached:            0 kB
Active:           676820 kB
Inactive:         503844 kB
Active(anon):     375220 kB
Inactive(anon):      660 kB
Active(file):     301600 kB
Inactive(file):   503184 kB
Unevictable:        1348 kB
Mlocked:               0 kB
HighTotal:        885760 kB
HighFree:           4880 kB
LowTotal:         535800 kB
LowFree:           21660 kB
SwapTotal:             0 kB
SwapFree:              0 kB
Dirty:               316 kB
Writeback:             0 kB
AnonPages:        375248 kB
Mapped:           373568 kB
Shmem:               748 kB
Slab:              43516 kB
SReclaimable:      13896 kB
SUnreclaim:        29620 kB
KernelStack:       11120 kB
PageTables:        28044 kB
NFS_Unstable:          0 kB
Bounce:                0 kB
WritebackTmp:          0 kB
CommitLimit:      710780 kB
Committed_AS:   37468300 kB
VmallocTotal:     460800 kB
VmallocUsed:       19604 kB
VmallocChunk:     198684 kB
Time pass: 32 sec

---2015-12-17 17:07:46
MemTotal:        1421560 kB
MemFree:           21960 kB
Buffers:           10768 kB
Cached:           796164 kB
SwapCached:            0 kB
Active:           675528 kB
Inactive:         503892 kB
Active(anon):     373928 kB
Inactive(anon):      660 kB
Active(file):     301600 kB
Inactive(file):   503232 kB
Unevictable:        1348 kB
Mlocked:               0 kB
HighTotal:        885760 kB
HighFree:           4800 kB
LowTotal:         535800 kB
LowFree:           17160 kB
SwapTotal:             0 kB
SwapFree:              0 kB
Dirty:               132 kB
Writeback:             0 kB
AnonPages:        373924 kB
Mapped:           378360 kB
Shmem:               748 kB
Slab:              43600 kB
SReclaimable:      13960 kB
SUnreclaim:        29640 kB
KernelStack:       11120 kB
PageTables:        28052 kB
NFS_Unstable:          0 kB
Bounce:                0 kB
WritebackTmp:          0 kB
CommitLimit:      710780 kB
Committed_AS:   37467084 kB
VmallocTotal:     460800 kB
VmallocUsed:       19640 kB
VmallocChunk:     198684 kB
Time pass: 35 sec

---2015-12-17 17:07:46
MemTotal:        1421560 kB
MemFree:           19628 kB
Buffers:           10776 kB
Cached:           796608 kB
SwapCached:            0 kB
Active:           678048 kB
Inactive:         504192 kB
Active(anon):     376448 kB
Inactive(anon):      660 kB
Active(file):     301600 kB
Inactive(file):   503532 kB
Unevictable:        1348 kB
Mlocked:               0 kB
HighTotal:        885760 kB
HighFree:           4460 kB
LowTotal:         535800 kB
LowFree:           15168 kB
SwapTotal:             0 kB
SwapFree:              0 kB
Dirty:                 0 kB
Writeback:             0 kB
AnonPages:        376460 kB
Mapped:           378660 kB
Shmem:               748 kB
Slab:              43748 kB
SReclaimable:      13960 kB
SUnreclaim:        29788 kB
KernelStack:       11120 kB
PageTables:        28052 kB
NFS_Unstable:          0 kB
Bounce:                0 kB
WritebackTmp:          0 kB
CommitLimit:      710780 kB
Committed_AS:   37471268 kB
VmallocTotal:     460800 kB
VmallocUsed:       19628 kB
VmallocChunk:     198684 kB
Time pass: 39 sec

---2015-12-17 17:07:46
MemTotal:        1421560 kB
MemFree:           21264 kB
Buffers:           10768 kB
Cached:           783660 kB
SwapCached:            0 kB
Active:           683448 kB
Inactive:         488128 kB
Active(anon):     378564 kB
Inactive(anon):      660 kB
Active(file):     304884 kB
Inactive(file):   487468 kB
Unevictable:        1348 kB
Mlocked:               0 kB
HighTotal:        885760 kB
HighFree:           5640 kB
LowTotal:         535800 kB
LowFree:           15624 kB
SwapTotal:             0 kB
SwapFree:              0 kB
Dirty:               356 kB
Writeback:             0 kB
AnonPages:        378712 kB
Mapped:           383584 kB
Shmem:               748 kB
Slab:              43732 kB
SReclaimable:      13984 kB
SUnreclaim:        29748 kB
KernelStack:       11152 kB
PageTables:        28100 kB
NFS_Unstable:          0 kB
Bounce:                0 kB
WritebackTmp:          0 kB
CommitLimit:      710780 kB
Committed_AS:   37504388 kB
VmallocTotal:     460800 kB
VmallocUsed:       19776 kB
VmallocChunk:     198684 kB
Time pass: 42 sec

---2015-12-17 17:07:46
MemTotal:        1421560 kB
MemFree:           19660 kB
Buffers:           10776 kB
Cached:           783740 kB
SwapCached:            0 kB
Active:           684504 kB
Inactive:         488236 kB
Active(anon):     379660 kB
Inactive(anon):      660 kB
Active(file):     304844 kB
Inactive(file):   487576 kB
Unevictable:        1348 kB
Mlocked:               0 kB
HighTotal:        885760 kB
HighFree:           4400 kB
LowTotal:         535800 kB
LowFree:           15260 kB
SwapTotal:             0 kB
SwapFree:              0 kB
Dirty:                56 kB
Writeback:             0 kB
AnonPages:        379684 kB
Mapped:           383680 kB
Shmem:               748 kB
Slab:              43836 kB
SReclaimable:      14008 kB
SUnreclaim:        29828 kB
KernelStack:       11152 kB
PageTables:        28112 kB
NFS_Unstable:          0 kB
Bounce:                0 kB
WritebackTmp:          0 kB
CommitLimit:      710780 kB
Committed_AS:   37505808 kB
VmallocTotal:     460800 kB
VmallocUsed:       19776 kB
VmallocChunk:     198684 kB
Time pass: 46 sec

---2015-12-17 17:07:46
MemTotal:        1421560 kB
MemFree:           21920 kB
Buffers:           10516 kB
Cached:           778848 kB
SwapCached:            0 kB
Active:           686940 kB
Inactive:         482280 kB
Active(anon):     381296 kB
Inactive(anon):      660 kB
Active(file):     305644 kB
Inactive(file):   481620 kB
Unevictable:        1348 kB
Mlocked:               0 kB
HighTotal:        885760 kB
HighFree:           5600 kB
LowTotal:         535800 kB
LowFree:           16320 kB
SwapTotal:             0 kB
SwapFree:              0 kB
Dirty:                 4 kB
Writeback:             0 kB
AnonPages:        381308 kB
Mapped:           383492 kB
Shmem:               748 kB
Slab:              43704 kB
SReclaimable:      13944 kB
SUnreclaim:        29760 kB
KernelStack:       11176 kB
PageTables:        28120 kB
NFS_Unstable:          0 kB
Bounce:                0 kB
WritebackTmp:          0 kB
CommitLimit:      710780 kB
Committed_AS:   37507676 kB
VmallocTotal:     460800 kB
VmallocUsed:       19776 kB
VmallocChunk:     198684 kB
Time pass: 49 sec

---2015-12-17 17:07:46
MemTotal:        1421560 kB
MemFree:           19040 kB
Buffers:           10076 kB
Cached:           766440 kB
SwapCached:            0 kB
Active:           700688 kB
Inactive:         466872 kB
Active(anon):     392756 kB
Inactive(anon):      660 kB
Active(file):     307932 kB
Inactive(file):   466212 kB
Unevictable:        1348 kB
Mlocked:               0 kB
HighTotal:        885760 kB
HighFree:           4964 kB
LowTotal:         535800 kB
LowFree:           14076 kB
SwapTotal:             0 kB
SwapFree:              0 kB
Dirty:               480 kB
Writeback:             0 kB
AnonPages:        392776 kB
Mapped:           389128 kB
Shmem:               748 kB
Slab:              43832 kB
SReclaimable:      13928 kB
SUnreclaim:        29904 kB
KernelStack:       11296 kB
PageTables:        28160 kB
NFS_Unstable:          0 kB
Bounce:                0 kB
WritebackTmp:          0 kB
CommitLimit:      710780 kB
Committed_AS:   37517588 kB
VmallocTotal:     460800 kB
VmallocUsed:       19772 kB
VmallocChunk:     198684 kB
Time pass: 53 sec

---2015-12-17 17:07:46
MemTotal:        1421560 kB
MemFree:           19500 kB
Buffers:           10044 kB
Cached:           752392 kB
SwapCached:            0 kB
Active:           704392 kB
Inactive:         451372 kB
Active(anon):     394804 kB
Inactive(anon):      660 kB
Active(file):     309588 kB
Inactive(file):   450712 kB
Unevictable:        1348 kB
Mlocked:               0 kB
HighTotal:        885760 kB
HighFree:           4680 kB
LowTotal:         535800 kB
LowFree:           14820 kB
SwapTotal:             0 kB
SwapFree:              0 kB
Dirty:               288 kB
Writeback:             0 kB
AnonPages:        394748 kB
Mapped:           398464 kB
Shmem:               748 kB
Slab:              43736 kB
SReclaimable:      13920 kB
SUnreclaim:        29816 kB
KernelStack:       11208 kB
PageTables:        28196 kB
NFS_Unstable:          0 kB
Bounce:                0 kB
WritebackTmp:          0 kB
CommitLimit:      710780 kB
Committed_AS:   37519324 kB
VmallocTotal:     460800 kB
VmallocUsed:       19784 kB
VmallocChunk:     198684 kB
Time pass: 56 sec

---2015-12-17 17:07:46
MemTotal:        1421560 kB
MemFree:           19040 kB
Buffers:           10044 kB
Cached:           752676 kB
SwapCached:            0 kB
Active:           704544 kB
Inactive:         451596 kB
Active(anon):     394956 kB
Inactive(anon):      660 kB
Active(file):     309588 kB
Inactive(file):   450936 kB
Unevictable:        1348 kB
Mlocked:               0 kB
HighTotal:        885760 kB
HighFree:           4508 kB
LowTotal:         535800 kB
LowFree:           14532 kB
SwapTotal:             0 kB
SwapFree:              0 kB
Dirty:                28 kB
Writeback:             0 kB
AnonPages:        394972 kB
Mapped:           398848 kB
Shmem:               748 kB
Slab:              43948 kB
SReclaimable:      13984 kB
SUnreclaim:        29964 kB
KernelStack:       11208 kB
PageTables:        28196 kB
NFS_Unstable:          0 kB
Bounce:                0 kB
WritebackTmp:          0 kB
CommitLimit:      710780 kB
Committed_AS:   37519652 kB
VmallocTotal:     460800 kB
VmallocUsed:       19784 kB
VmallocChunk:     198684 kB
Time pass: 60 sec

---2015-12-17 17:07:46
MemTotal:        1421560 kB
MemFree:           20880 kB
Buffers:            9944 kB
Cached:           749704 kB
SwapCached:            0 kB
Active:           705272 kB
Inactive:         448480 kB
Active(anon):     395548 kB
Inactive(anon):      660 kB
Active(file):     309724 kB
Inactive(file):   447820 kB
Unevictable:        1348 kB
Mlocked:               0 kB
HighTotal:        885760 kB
HighFree:           5672 kB
LowTotal:         535800 kB
LowFree:           15208 kB
SwapTotal:             0 kB
SwapFree:              0 kB
Dirty:                52 kB
Writeback:             0 kB
AnonPages:        395560 kB
Mapped:           399672 kB
Shmem:               748 kB
Slab:              43872 kB
SReclaimable:      13984 kB
SUnreclaim:        29888 kB
KernelStack:       11208 kB
PageTables:        28196 kB
NFS_Unstable:          0 kB
Bounce:                0 kB
WritebackTmp:          0 kB
CommitLimit:      710780 kB
Committed_AS:   37520180 kB
VmallocTotal:     460800 kB
VmallocUsed:       19784 kB
VmallocChunk:     198684 kB
Time pass: 63 sec

---2015-12-17 17:07:46
MemTotal:        1421560 kB
MemFree:           20344 kB
Buffers:            9944 kB
Cached:           749716 kB
SwapCached:            0 kB
Active:           705508 kB
Inactive:         448484 kB
Active(anon):     395780 kB
Inactive(anon):      660 kB
Active(file):     309728 kB
Inactive(file):   447824 kB
Unevictable:        1348 kB
Mlocked:               0 kB
HighTotal:        885760 kB
HighFree:           5524 kB
LowTotal:         535800 kB
LowFree:           14820 kB
SwapTotal:             0 kB
SwapFree:              0 kB
Dirty:                 0 kB
Writeback:             0 kB
AnonPages:        395796 kB
Mapped:           399676 kB
Shmem:               748 kB
Slab:              43916 kB
SReclaimable:      13984 kB
SUnreclaim:        29932 kB
KernelStack:       11208 kB
PageTables:        28196 kB
NFS_Unstable:          0 kB
Bounce:                0 kB
WritebackTmp:          0 kB
CommitLimit:      710780 kB
Committed_AS:   37520340 kB
VmallocTotal:     460800 kB
VmallocUsed:       19784 kB
VmallocChunk:     198684 kB
Time pass: 66 sec

---2015-12-17 17:07:46
MemTotal:        1421560 kB
MemFree:           22244 kB
Buffers:            9896 kB
Cached:           736176 kB
SwapCached:            0 kB
Active:           714128 kB
Inactive:         432832 kB
Active(anon):     402552 kB
Inactive(anon):      656 kB
Active(file):     311576 kB
Inactive(file):   432176 kB
Unevictable:        1348 kB
Mlocked:               0 kB
HighTotal:        885760 kB
HighFree:           6020 kB
LowTotal:         535800 kB
LowFree:           16224 kB
SwapTotal:             0 kB
SwapFree:              0 kB
Dirty:               484 kB
Writeback:             0 kB
AnonPages:        402168 kB
Mapped:           402016 kB
Shmem:               744 kB
Slab:              43644 kB
SReclaimable:      13568 kB
SUnreclaim:        30076 kB
KernelStack:       11224 kB
PageTables:        28216 kB
NFS_Unstable:          0 kB
Bounce:                0 kB
WritebackTmp:          0 kB
CommitLimit:      710780 kB
Committed_AS:   37529836 kB
VmallocTotal:     460800 kB
VmallocUsed:       19796 kB
VmallocChunk:     198684 kB
Time pass: 70 sec

---2015-12-17 17:07:46
MemTotal:        1421560 kB
MemFree:           20940 kB
Buffers:            9896 kB
Cached:           734460 kB
SwapCached:            0 kB
Active:           714548 kB
Inactive:         430568 kB
Active(anon):     402260 kB
Inactive(anon):      660 kB
Active(file):     312288 kB
Inactive(file):   429908 kB
Unevictable:        1348 kB
Mlocked:               0 kB
HighTotal:        885760 kB
HighFree:           4416 kB
LowTotal:         535800 kB
LowFree:           16524 kB
SwapTotal:             0 kB
SwapFree:              0 kB
Dirty:                 0 kB
Writeback:             0 kB
AnonPages:        402368 kB
Mapped:           407648 kB
Shmem:               748 kB
Slab:              44128 kB
SReclaimable:      14056 kB
SUnreclaim:        30072 kB
KernelStack:       11216 kB
PageTables:        28228 kB
NFS_Unstable:          0 kB
Bounce:                0 kB
WritebackTmp:          0 kB
CommitLimit:      710780 kB
Committed_AS:   37535728 kB
VmallocTotal:     460800 kB
VmallocUsed:       19808 kB
VmallocChunk:     198684 kB
Time pass: 74 sec

---2015-12-17 17:07:46
MemTotal:        1421560 kB
MemFree:           19680 kB
Buffers:            9920 kB
Cached:           731332 kB
SwapCached:            0 kB
Active:           720544 kB
Inactive:         427108 kB
Active(anon):     407836 kB
Inactive(anon):      660 kB
Active(file):     312708 kB
Inactive(file):   426448 kB
Unevictable:        1348 kB
Mlocked:               0 kB
HighTotal:        885760 kB
HighFree:           5100 kB
LowTotal:         535800 kB
LowFree:           14580 kB
SwapTotal:             0 kB
SwapFree:              0 kB
Dirty:                 0 kB
Writeback:             0 kB
AnonPages:        407856 kB
Mapped:           407636 kB
Shmem:               748 kB
Slab:              44000 kB
SReclaimable:      14064 kB
SUnreclaim:        29936 kB
KernelStack:       11264 kB
PageTables:        28272 kB
NFS_Unstable:          0 kB
Bounce:                0 kB
WritebackTmp:          0 kB
CommitLimit:      710780 kB
Committed_AS:   37540744 kB
VmallocTotal:     460800 kB
VmallocUsed:       19808 kB
VmallocChunk:     198684 kB
Time pass: 80 sec

---2015-12-17 17:07:46
MemTotal:        1421560 kB
MemFree:           20008 kB
Buffers:            9888 kB
Cached:           705732 kB
SwapCached:            0 kB
Active:           727580 kB
Inactive:         398484 kB
Active(anon):     411968 kB
Inactive(anon):      816 kB
Active(file):     315612 kB
Inactive(file):   397668 kB
Unevictable:        1348 kB
Mlocked:               0 kB
HighTotal:        885760 kB
HighFree:           5940 kB
LowTotal:         535800 kB
LowFree:           14068 kB
SwapTotal:             0 kB
SwapFree:              0 kB
Dirty:               176 kB
Writeback:             0 kB
AnonPages:        412072 kB
Mapped:           407360 kB
Shmem:               908 kB
Slab:              44076 kB
SReclaimable:      13980 kB
SUnreclaim:        30096 kB
KernelStack:       11440 kB
PageTables:        28428 kB
NFS_Unstable:          0 kB
Bounce:                0 kB
WritebackTmp:          0 kB
CommitLimit:      710780 kB
Committed_AS:   37558032 kB
VmallocTotal:     460800 kB
VmallocUsed:       22216 kB
VmallocChunk:     185000 kB
Time pass: 86 sec

---2015-12-17 17:07:46
MemTotal:        1421560 kB
MemFree:           16868 kB
Buffers:            9636 kB
Cached:           674412 kB
SwapCached:            0 kB
Active:           730116 kB
Inactive:         367508 kB
Active(anon):     415016 kB
Inactive(anon):      912 kB
Active(file):     315100 kB
Inactive(file):   366596 kB
Unevictable:        1348 kB
Mlocked:               0 kB
HighTotal:        885760 kB
HighFree:           5908 kB
LowTotal:         535800 kB
LowFree:           10960 kB
SwapTotal:             0 kB
SwapFree:              0 kB
Dirty:                 0 kB
Writeback:             0 kB
AnonPages:        415068 kB
Mapped:           406748 kB
Shmem:              1004 kB
Slab:              44136 kB
SReclaimable:      13980 kB
SUnreclaim:        30156 kB
KernelStack:       11440 kB
PageTables:        28552 kB
NFS_Unstable:          0 kB
Bounce:                0 kB
WritebackTmp:          0 kB
CommitLimit:      710780 kB
Committed_AS:   37560472 kB
VmallocTotal:     460800 kB
VmallocUsed:       22216 kB
VmallocChunk:     185000 kB
Time pass: 94 sec

---2015-12-17 17:07:46
MemTotal:        1421560 kB
MemFree:           18836 kB
Buffers:            9656 kB
Cached:           669164 kB
SwapCached:            0 kB
Active:           733596 kB
Inactive:         360652 kB
Active(anon):     416868 kB
Inactive(anon):      912 kB
Active(file):     316728 kB
Inactive(file):   359740 kB
Unevictable:        1348 kB
Mlocked:               0 kB
HighTotal:        885760 kB
HighFree:           5392 kB
LowTotal:         535800 kB
LowFree:           13444 kB
SwapTotal:             0 kB
SwapFree:              0 kB
Dirty:                48 kB
Writeback:             0 kB
AnonPages:        416964 kB
Mapped:           406640 kB
Shmem:              1004 kB
Slab:              44152 kB
SReclaimable:      13964 kB
SUnreclaim:        30188 kB
KernelStack:       11448 kB
PageTables:        28460 kB
NFS_Unstable:          0 kB
Bounce:                0 kB
WritebackTmp:          0 kB
CommitLimit:      710780 kB
Committed_AS:   37561200 kB
VmallocTotal:     460800 kB
VmallocUsed:       22216 kB
VmallocChunk:     185000 kB
Time pass: 98 sec

---2015-12-17 17:07:46
MemTotal:        1421560 kB
MemFree:           15780 kB
Buffers:            9664 kB
Cached:           669460 kB
SwapCached:            0 kB
Active:           734500 kB
Inactive:         360948 kB
Active(anon):     417772 kB
Inactive(anon):      932 kB
Active(file):     316728 kB
Inactive(file):   360016 kB
Unevictable:        1348 kB
Mlocked:               0 kB
HighTotal:        885760 kB
HighFree:           4568 kB
LowTotal:         535800 kB
LowFree:           11212 kB
SwapTotal:             0 kB
SwapFree:              0 kB
Dirty:                 0 kB
Writeback:             0 kB
AnonPages:        417736 kB
Mapped:           406812 kB
Shmem:              1024 kB
Slab:              44160 kB
SReclaimable:      13972 kB
SUnreclaim:        30188 kB
KernelStack:       11440 kB
PageTables:        28420 kB
NFS_Unstable:          0 kB
Bounce:                0 kB
WritebackTmp:          0 kB
CommitLimit:      710780 kB
Committed_AS:   37562104 kB
VmallocTotal:     460800 kB
VmallocUsed:       22216 kB
VmallocChunk:     185000 kB
Time pass: 102 sec

---2015-12-17 17:07:46
MemTotal:        1421560 kB
MemFree:           24288 kB
Buffers:            9680 kB
Cached:           665204 kB
SwapCached:            0 kB
Active:           735536 kB
Inactive:         355636 kB
Active(anon):     418012 kB
Inactive(anon):      832 kB
Active(file):     317524 kB
Inactive(file):   354804 kB
Unevictable:        1588 kB
Mlocked:               0 kB
HighTotal:        885760 kB
HighFree:           7524 kB
LowTotal:         535800 kB
LowFree:           16764 kB
SwapTotal:             0 kB
SwapFree:              0 kB
Dirty:                 0 kB
Writeback:             0 kB
AnonPages:        418028 kB
Mapped:           406340 kB
Shmem:               876 kB
Slab:              43112 kB
SReclaimable:      12884 kB
SUnreclaim:        30228 kB
KernelStack:       11440 kB
PageTables:        28356 kB
NFS_Unstable:          0 kB
Bounce:                0 kB
WritebackTmp:          0 kB
CommitLimit:      710780 kB
Committed_AS:   37549056 kB
VmallocTotal:     460800 kB
VmallocUsed:       22216 kB
VmallocChunk:     185000 kB
Time pass: 111 sec

---2015-12-17 17:07:46
MemTotal:        1421560 kB
MemFree:           25448 kB
Buffers:            9696 kB
Cached:           665596 kB
SwapCached:            0 kB
Active:           729084 kB
Inactive:         355864 kB
Active(anon):     411460 kB
Inactive(anon):      660 kB
Active(file):     317624 kB
Inactive(file):   355204 kB
Unevictable:        1588 kB
Mlocked:               0 kB
HighTotal:        885760 kB
HighFree:          10068 kB
LowTotal:         535800 kB
LowFree:           15380 kB
SwapTotal:             0 kB
SwapFree:              0 kB
Dirty:                36 kB
Writeback:             0 kB
AnonPages:        411388 kB
Mapped:           406184 kB
Shmem:               752 kB
Slab:              44140 kB
SReclaimable:      13924 kB
SUnreclaim:        30216 kB
KernelStack:       11312 kB
PageTables:        28316 kB
NFS_Unstable:          0 kB
Bounce:                0 kB
WritebackTmp:          0 kB
CommitLimit:      710780 kB
Committed_AS:   37565624 kB
VmallocTotal:     460800 kB
VmallocUsed:       22216 kB
VmallocChunk:     185000 kB
Time pass: 114 sec

---2015-12-17 17:07:46
MemTotal:        1421560 kB
MemFree:          167004 kB
Buffers:            9720 kB
Cached:           665676 kB
SwapCached:            0 kB
Active:           659348 kB
Inactive:         353428 kB
Active(anon):     339056 kB
Inactive(anon):      528 kB
Active(file):     320292 kB
Inactive(file):   352900 kB
Unevictable:        1588 kB
Mlocked:               0 kB
HighTotal:        885760 kB
HighFree:         100060 kB
LowTotal:         535800 kB
LowFree:           66944 kB
SwapTotal:             0 kB
SwapFree:              0 kB
Dirty:                72 kB
Writeback:             0 kB
AnonPages:        339176 kB
Mapped:           314312 kB
Shmem:               616 kB
Slab:              43916 kB
SReclaimable:      13924 kB
SUnreclaim:        29992 kB
KernelStack:       10384 kB
PageTables:        26580 kB
NFS_Unstable:          0 kB
Bounce:                0 kB
WritebackTmp:          0 kB
CommitLimit:      710780 kB
Committed_AS:   36107152 kB
VmallocTotal:     460800 kB
VmallocUsed:       19880 kB
VmallocChunk:     185000 kB
Time pass: 118 sec

---2015-12-17 17:07:46
MemTotal:        1421560 kB
MemFree:          169480 kB
Buffers:            9728 kB
Cached:           665676 kB
SwapCached:            0 kB
Active:           656804 kB
Inactive:         353432 kB
Active(anon):     336508 kB
Inactive(anon):      528 kB
Active(file):     320296 kB
Inactive(file):   352904 kB
Unevictable:        1588 kB
Mlocked:               0 kB
HighTotal:        885760 kB
HighFree:         100384 kB
LowTotal:         535800 kB
LowFree:           69096 kB
SwapTotal:             0 kB
SwapFree:              0 kB
Dirty:                 0 kB
Writeback:             0 kB
AnonPages:        336636 kB
Mapped:           314464 kB
Shmem:               616 kB
Slab:              43896 kB
SReclaimable:      13924 kB
SUnreclaim:        29972 kB
KernelStack:       10400 kB
PageTables:        26584 kB
NFS_Unstable:          0 kB
Bounce:                0 kB
WritebackTmp:          0 kB
CommitLimit:      710780 kB
Committed_AS:   36072224 kB
VmallocTotal:     460800 kB
VmallocUsed:       19880 kB
VmallocChunk:     185000 kB
Time pass: 121 sec

---2015-12-17 17:07:46
MemTotal:        1421560 kB
MemFree:          169736 kB
Buffers:            9736 kB
Cached:           665676 kB
SwapCached:            0 kB
Active:           657048 kB
Inactive:         353432 kB
Active(anon):     336752 kB
Inactive(anon):      528 kB
Active(file):     320296 kB
Inactive(file):   352904 kB
Unevictable:        1588 kB
Mlocked:               0 kB
HighTotal:        885760 kB
HighFree:         100492 kB
LowTotal:         535800 kB
LowFree:           69244 kB
SwapTotal:             0 kB
SwapFree:              0 kB
Dirty:                48 kB
Writeback:             0 kB
AnonPages:        336760 kB
Mapped:           314428 kB
Shmem:               616 kB
Slab:              43884 kB
SReclaimable:      13924 kB
SUnreclaim:        29960 kB
KernelStack:       10392 kB
PageTables:        26568 kB
NFS_Unstable:          0 kB
Bounce:                0 kB
WritebackTmp:          0 kB
CommitLimit:      710780 kB
Committed_AS:   36072304 kB
VmallocTotal:     460800 kB
VmallocUsed:       19880 kB
VmallocChunk:     185000 kB
Time pass: 125 sec

---2015-12-17 17:07:46
MemTotal:        1421560 kB
MemFree:          169316 kB
Buffers:            9736 kB
Cached:           665676 kB
SwapCached:            0 kB
Active:           657080 kB
Inactive:         353440 kB
Active(anon):     336784 kB
Inactive(anon):      528 kB
Active(file):     320296 kB
Inactive(file):   352912 kB
Unevictable:        1588 kB
Mlocked:               0 kB
HighTotal:        885760 kB
HighFree:         100244 kB
LowTotal:         535800 kB
LowFree:           69072 kB
SwapTotal:             0 kB
SwapFree:              0 kB
Dirty:                48 kB
Writeback:             0 kB
AnonPages:        336760 kB
Mapped:           314312 kB
Shmem:               616 kB
Slab:              43924 kB
SReclaimable:      13924 kB
SUnreclaim:        30000 kB
KernelStack:       10384 kB
PageTables:        26576 kB
NFS_Unstable:          0 kB
Bounce:                0 kB
WritebackTmp:          0 kB
CommitLimit:      710780 kB
Committed_AS:   36072496 kB
VmallocTotal:     460800 kB
VmallocUsed:       17472 kB
VmallocChunk:     198684 kB
Time pass: 128 sec

---2015-12-17 17:07:46
MemTotal:        1421560 kB
MemFree:          169000 kB
Buffers:            9736 kB
Cached:           665676 kB
SwapCached:            0 kB
Active:           657340 kB
Inactive:         353440 kB
Active(anon):     337044 kB
Inactive(anon):      528 kB
Active(file):     320296 kB
Inactive(file):   352912 kB
Unevictable:        1588 kB
Mlocked:               0 kB
HighTotal:        885760 kB
HighFree:          99852 kB
LowTotal:         535800 kB
LowFree:           69148 kB
SwapTotal:             0 kB
SwapFree:              0 kB
Dirty:                 0 kB
Writeback:             0 kB
AnonPages:        337060 kB
Mapped:           314464 kB
Shmem:               616 kB
Slab:              43920 kB
SReclaimable:      13924 kB
SUnreclaim:        29996 kB
KernelStack:       10384 kB
PageTables:        26576 kB
NFS_Unstable:          0 kB
Bounce:                0 kB
WritebackTmp:          0 kB
CommitLimit:      710780 kB
Committed_AS:   36072584 kB
VmallocTotal:     460800 kB
VmallocUsed:       17472 kB
VmallocChunk:     198684 kB
Time pass: 132 sec

---2015-12-17 17:07:46
MemTotal:        1421560 kB
MemFree:          168984 kB
Buffers:            9736 kB
Cached:           665676 kB
SwapCached:            0 kB
Active:           657260 kB
Inactive:         353440 kB
Active(anon):     336964 kB
Inactive(anon):      528 kB
Active(file):     320296 kB
Inactive(file):   352912 kB
Unevictable:        1588 kB
Mlocked:               0 kB
HighTotal:        885760 kB
HighFree:          99740 kB
LowTotal:         535800 kB
LowFree:           69244 kB
SwapTotal:             0 kB
SwapFree:              0 kB
Dirty:                 0 kB
Writeback:             0 kB
AnonPages:        336968 kB
Mapped:           314316 kB
Shmem:               616 kB
Slab:              43884 kB
SReclaimable:      13924 kB
SUnreclaim:        29960 kB
KernelStack:       10392 kB
PageTables:        26576 kB
NFS_Unstable:          0 kB
Bounce:                0 kB
WritebackTmp:          0 kB
CommitLimit:      710780 kB
Committed_AS:   36072656 kB
VmallocTotal:     460800 kB
VmallocUsed:       17472 kB
VmallocChunk:     198684 kB
Time pass: 135 sec

---2015-12-17 17:07:46
MemTotal:        1421560 kB
MemFree:          168640 kB
Buffers:            9736 kB
Cached:           665676 kB
SwapCached:            0 kB
Active:           657528 kB
Inactive:         353440 kB
Active(anon):     337232 kB
Inactive(anon):      528 kB
Active(file):     320296 kB
Inactive(file):   352912 kB
Unevictable:        1588 kB
Mlocked:               0 kB
HighTotal:        885760 kB
HighFree:          99600 kB
LowTotal:         535800 kB
LowFree:           69040 kB
SwapTotal:             0 kB
SwapFree:              0 kB
Dirty:                 0 kB
Writeback:             0 kB
AnonPages:        337292 kB
Mapped:           314464 kB
Shmem:               616 kB
Slab:              43948 kB
SReclaimable:      13924 kB
SUnreclaim:        30024 kB
KernelStack:       10384 kB
PageTables:        26576 kB
NFS_Unstable:          0 kB
Bounce:                0 kB
WritebackTmp:          0 kB
CommitLimit:      710780 kB
Committed_AS:   36072792 kB
VmallocTotal:     460800 kB
VmallocUsed:       17472 kB
VmallocChunk:     198684 kB
Time pass: 139 sec

---2015-12-17 17:07:46
MemTotal:        1421560 kB
MemFree:          168572 kB
Buffers:            9736 kB
Cached:           665676 kB
SwapCached:            0 kB
Active:           657696 kB
Inactive:         353440 kB
Active(anon):     337400 kB
Inactive(anon):      528 kB
Active(file):     320296 kB
Inactive(file):   352912 kB
Unevictable:        1588 kB
Mlocked:               0 kB
HighTotal:        885760 kB
HighFree:          99508 kB
LowTotal:         535800 kB
LowFree:           69064 kB
SwapTotal:             0 kB
SwapFree:              0 kB
Dirty:                 0 kB
Writeback:             0 kB
AnonPages:        337488 kB
Mapped:           314464 kB
Shmem:               616 kB
Slab:              43996 kB
SReclaimable:      13924 kB
SUnreclaim:        30072 kB
KernelStack:       10384 kB
PageTables:        26576 kB
NFS_Unstable:          0 kB
Bounce:                0 kB
WritebackTmp:          0 kB
CommitLimit:      710780 kB
Committed_AS:   36072952 kB
VmallocTotal:     460800 kB
VmallocUsed:       17472 kB
VmallocChunk:     198684 kB
Time pass: 142 sec

---2015-12-17 17:07:46
MemTotal:        1421560 kB
MemFree:          168420 kB
Buffers:            9736 kB
Cached:           665676 kB
SwapCached:            0 kB
Active:           657892 kB
Inactive:         353440 kB
Active(anon):     337596 kB
Inactive(anon):      528 kB
Active(file):     320296 kB
Inactive(file):   352912 kB
Unevictable:        1588 kB
Mlocked:               0 kB
HighTotal:        885760 kB
HighFree:          99316 kB
LowTotal:         535800 kB
LowFree:           69104 kB
SwapTotal:             0 kB
SwapFree:              0 kB
Dirty:                 0 kB
Writeback:             0 kB
AnonPages:        337648 kB
Mapped:           314320 kB
Shmem:               616 kB
Slab:              43912 kB
SReclaimable:      13924 kB
SUnreclaim:        29988 kB
KernelStack:       10376 kB
PageTables:        26576 kB
NFS_Unstable:          0 kB
Bounce:                0 kB
WritebackTmp:          0 kB
CommitLimit:      710780 kB
Committed_AS:   36073008 kB
VmallocTotal:     460800 kB
VmallocUsed:       17472 kB
VmallocChunk:     198684 kB
Time pass: 146 sec

---2015-12-17 17:07:46
MemTotal:        1421560 kB
MemFree:          168428 kB
Buffers:            9736 kB
Cached:           665676 kB
SwapCached:            0 kB
Active:           658124 kB
Inactive:         353440 kB
Active(anon):     337828 kB
Inactive(anon):      528 kB
Active(file):     320296 kB
Inactive(file):   352912 kB
Unevictable:        1588 kB
Mlocked:               0 kB
HighTotal:        885760 kB
HighFree:          99168 kB
LowTotal:         535800 kB
LowFree:           69260 kB
SwapTotal:             0 kB
SwapFree:              0 kB
Dirty:                 0 kB
Writeback:             0 kB
AnonPages:        337796 kB
Mapped:           314468 kB
Shmem:               616 kB
Slab:              43908 kB
SReclaimable:      13924 kB
SUnreclaim:        29984 kB
KernelStack:       10376 kB
PageTables:        26576 kB
NFS_Unstable:          0 kB
Bounce:                0 kB
WritebackTmp:          0 kB
CommitLimit:      710780 kB
Committed_AS:   36073208 kB
VmallocTotal:     460800 kB
VmallocUsed:       17472 kB
VmallocChunk:     198684 kB
Time pass: 149 sec

---2015-12-17 17:07:46
MemTotal:        1421560 kB
MemFree:          168216 kB
Buffers:            9736 kB
Cached:           665676 kB
SwapCached:            0 kB
Active:           658228 kB
Inactive:         353440 kB
Active(anon):     337932 kB
Inactive(anon):      528 kB
Active(file):     320296 kB
Inactive(file):   352912 kB
Unevictable:        1588 kB
Mlocked:               0 kB
HighTotal:        885760 kB
HighFree:          98988 kB
LowTotal:         535800 kB
LowFree:           69228 kB
SwapTotal:             0 kB
SwapFree:              0 kB
Dirty:                 0 kB
Writeback:             0 kB
AnonPages:        337936 kB
Mapped:           314472 kB
Shmem:               616 kB
Slab:              43904 kB
SReclaimable:      13924 kB
SUnreclaim:        29980 kB
KernelStack:       10376 kB
PageTables:        26576 kB
NFS_Unstable:          0 kB
Bounce:                0 kB
WritebackTmp:          0 kB
CommitLimit:      710780 kB
Committed_AS:   36073288 kB
VmallocTotal:     460800 kB
VmallocUsed:       17472 kB
VmallocChunk:     198684 kB
Time pass: 153 sec

---2015-12-17 17:07:46
MemTotal:        1421560 kB
MemFree:          167948 kB
Buffers:            9736 kB
Cached:           665676 kB
SwapCached:            0 kB
Active:           658328 kB
Inactive:         353440 kB
Active(anon):     338032 kB
Inactive(anon):      528 kB
Active(file):     320296 kB
Inactive(file):   352912 kB
Unevictable:        1588 kB
Mlocked:               0 kB
HighTotal:        885760 kB
HighFree:          98696 kB
LowTotal:         535800 kB
LowFree:           69252 kB
SwapTotal:             0 kB
SwapFree:              0 kB
Dirty:                 0 kB
Writeback:             0 kB
AnonPages:        338120 kB
Mapped:           314328 kB
Shmem:               616 kB
Slab:              43880 kB
SReclaimable:      13932 kB
SUnreclaim:        29948 kB
KernelStack:       10376 kB
PageTables:        26576 kB
NFS_Unstable:          0 kB
Bounce:                0 kB
WritebackTmp:          0 kB
CommitLimit:      710780 kB
Committed_AS:   36073376 kB
VmallocTotal:     460800 kB
VmallocUsed:       17472 kB
VmallocChunk:     198684 kB
Time pass: 157 sec

---2015-12-17 17:07:46
MemTotal:        1421560 kB
MemFree:          167992 kB
Buffers:            9736 kB
Cached:           665676 kB
SwapCached:            0 kB
Active:           658644 kB
Inactive:         353440 kB
Active(anon):     338348 kB
Inactive(anon):      528 kB
Active(file):     320296 kB
Inactive(file):   352912 kB
Unevictable:        1588 kB
Mlocked:               0 kB
HighTotal:        885760 kB
HighFree:          98708 kB
LowTotal:         535800 kB
LowFree:           69284 kB
SwapTotal:             0 kB
SwapFree:              0 kB
Dirty:                 0 kB
Writeback:             0 kB
AnonPages:        338312 kB
Mapped:           314332 kB
Shmem:               616 kB
Slab:              43848 kB
SReclaimable:      13932 kB
SUnreclaim:        29916 kB
KernelStack:       10376 kB
PageTables:        26576 kB
NFS_Unstable:          0 kB
Bounce:                0 kB
WritebackTmp:          0 kB
CommitLimit:      710780 kB
Committed_AS:   36073584 kB
VmallocTotal:     460800 kB
VmallocUsed:       17472 kB
VmallocChunk:     198684 kB
Time pass: 160 sec

---2015-12-17 17:07:46
MemTotal:        1421560 kB
MemFree:          162108 kB
Buffers:            9736 kB
Cached:           665676 kB
SwapCached:            0 kB
Active:           663136 kB
Inactive:         353440 kB
Active(anon):     342840 kB
Inactive(anon):      528 kB
Active(file):     320296 kB
Inactive(file):   352912 kB
Unevictable:        1588 kB
Mlocked:               0 kB
HighTotal:        885760 kB
HighFree:          94732 kB
LowTotal:         535800 kB
LowFree:           67376 kB
SwapTotal:             0 kB
SwapFree:              0 kB
Dirty:                 0 kB
Writeback:             0 kB
AnonPages:        342924 kB
Mapped:           314740 kB
Shmem:               616 kB
Slab:              43908 kB
SReclaimable:      13932 kB
SUnreclaim:        29976 kB
KernelStack:       10376 kB
PageTables:        27248 kB
NFS_Unstable:          0 kB
Bounce:                0 kB
WritebackTmp:          0 kB
CommitLimit:      710780 kB
Committed_AS:   38081004 kB
VmallocTotal:     460800 kB
VmallocUsed:       17472 kB
VmallocChunk:     198684 kB
Time pass: 163 sec

---2015-12-17 17:07:46
MemTotal:        1421560 kB
MemFree:          135564 kB
Buffers:            9804 kB
Cached:           667416 kB
SwapCached:            0 kB
Active:           679600 kB
Inactive:         354088 kB
Active(anon):     358144 kB
Inactive(anon):      660 kB
Active(file):     321456 kB
Inactive(file):   353428 kB
Unevictable:        1588 kB
Mlocked:               0 kB
HighTotal:        885760 kB
HighFree:          67304 kB
LowTotal:         535800 kB
LowFree:           68260 kB
SwapTotal:             0 kB
SwapFree:              0 kB
Dirty:               884 kB
Writeback:             0 kB
AnonPages:        358148 kB
Mapped:           341956 kB
Shmem:               748 kB
Slab:              43764 kB
SReclaimable:      13932 kB
SUnreclaim:        29832 kB
KernelStack:       10880 kB
PageTables:        27376 kB
NFS_Unstable:          0 kB
Bounce:                0 kB
WritebackTmp:          0 kB
CommitLimit:      710780 kB
Committed_AS:   36916204 kB
VmallocTotal:     460800 kB
VmallocUsed:       17608 kB
VmallocChunk:     198684 kB
Time pass: 167 sec

---2015-12-17 17:07:46
MemTotal:        1421560 kB
MemFree:          108332 kB
Buffers:            9816 kB
Cached:           667696 kB
SwapCached:            0 kB
Active:           692472 kB
Inactive:         353836 kB
Active(anon):     370472 kB
Inactive(anon):      660 kB
Active(file):     322000 kB
Inactive(file):   353176 kB
Unevictable:        1588 kB
Mlocked:               0 kB
HighTotal:        885760 kB
HighFree:          44792 kB
LowTotal:         535800 kB
LowFree:           63540 kB
SwapTotal:             0 kB
SwapFree:              0 kB
Dirty:               392 kB
Writeback:             0 kB
AnonPages:        370544 kB
Mapped:           349352 kB
Shmem:               748 kB
Slab:              43800 kB
SReclaimable:      13948 kB
SUnreclaim:        29852 kB
KernelStack:       10976 kB
PageTables:        27440 kB
NFS_Unstable:          0 kB
Bounce:                0 kB
WritebackTmp:          0 kB
CommitLimit:      710780 kB
Committed_AS:   36863392 kB
VmallocTotal:     460800 kB
VmallocUsed:       17656 kB
VmallocChunk:     198684 kB
Time pass: 171 sec

---2015-12-17 17:07:46
MemTotal:        1421560 kB
MemFree:           88840 kB
Buffers:            9824 kB
Cached:           668060 kB
SwapCached:            0 kB
Active:           697724 kB
Inactive:         354168 kB
Active(anon):     375684 kB
Inactive(anon):      660 kB
Active(file):     322040 kB
Inactive(file):   353508 kB
Unevictable:        1588 kB
Mlocked:               0 kB
HighTotal:        885760 kB
HighFree:          28428 kB
LowTotal:         535800 kB
LowFree:           60412 kB
SwapTotal:             0 kB
SwapFree:              0 kB
Dirty:               176 kB
Writeback:             0 kB
AnonPages:        375932 kB
Mapped:           358444 kB
Shmem:               748 kB
Slab:              43812 kB
SReclaimable:      13948 kB
SUnreclaim:        29864 kB
KernelStack:       10968 kB
PageTables:        27496 kB
NFS_Unstable:          0 kB
Bounce:                0 kB
WritebackTmp:          0 kB
CommitLimit:      710780 kB
Committed_AS:   36868608 kB
VmallocTotal:     460800 kB
VmallocUsed:       17692 kB
VmallocChunk:     198684 kB
Time pass: 174 sec

---2015-12-17 17:07:46
MemTotal:        1421560 kB
MemFree:           70676 kB
Buffers:            9824 kB
Cached:           668792 kB
SwapCached:            0 kB
Active:           702524 kB
Inactive:         353556 kB
Active(anon):     379164 kB
Inactive(anon):      660 kB
Active(file):     323360 kB
Inactive(file):   352896 kB
Unevictable:        1588 kB
Mlocked:               0 kB
HighTotal:        885760 kB
HighFree:          10412 kB
LowTotal:         535800 kB
LowFree:           60264 kB
SwapTotal:             0 kB
SwapFree:              0 kB
Dirty:              1032 kB
Writeback:             0 kB
AnonPages:        379136 kB
Mapped:           372228 kB
Shmem:               748 kB
Slab:              43820 kB
SReclaimable:      13956 kB
SUnreclaim:        29864 kB
KernelStack:       10968 kB
PageTables:        27532 kB
NFS_Unstable:          0 kB
Bounce:                0 kB
WritebackTmp:          0 kB
CommitLimit:      710780 kB
Committed_AS:   36872172 kB
VmallocTotal:     460800 kB
VmallocUsed:       17708 kB
VmallocChunk:     198684 kB
Time pass: 177 sec

---2015-12-17 17:07:46
MemTotal:        1421560 kB
MemFree:           62576 kB
Buffers:            9832 kB
Cached:           669144 kB
SwapCached:            0 kB
Active:           702372 kB
Inactive:         353884 kB
Active(anon):     379004 kB
Inactive(anon):      660 kB
Active(file):     323368 kB
Inactive(file):   353224 kB
Unevictable:        1588 kB
Mlocked:               0 kB
HighTotal:        885760 kB
HighFree:           6136 kB
LowTotal:         535800 kB
LowFree:           56440 kB
SwapTotal:             0 kB
SwapFree:              0 kB
Dirty:               324 kB
Writeback:             0 kB
AnonPages:        379124 kB
Mapped:           379244 kB
Shmem:               748 kB
Slab:              44020 kB
SReclaimable:      13956 kB
SUnreclaim:        30064 kB
KernelStack:       10976 kB
PageTables:        27552 kB
NFS_Unstable:          0 kB
Bounce:                0 kB
WritebackTmp:          0 kB
CommitLimit:      710780 kB
Committed_AS:   36872612 kB
VmallocTotal:     460800 kB
VmallocUsed:       17732 kB
VmallocChunk:     198684 kB
Time pass: 181 sec

---2015-12-17 17:07:46
MemTotal:        1421560 kB
MemFree:           54712 kB
Buffers:            9840 kB
Cached:           669184 kB
SwapCached:            0 kB
Active:           705936 kB
Inactive:         353968 kB
Active(anon):     382560 kB
Inactive(anon):      660 kB
Active(file):     323376 kB
Inactive(file):   353308 kB
Unevictable:        1588 kB
Mlocked:               0 kB
HighTotal:        885760 kB
HighFree:           8196 kB
LowTotal:         535800 kB
LowFree:           46516 kB
SwapTotal:             0 kB
SwapFree:              0 kB
Dirty:               584 kB
Writeback:             0 kB
AnonPages:        382652 kB
Mapped:           382744 kB
Shmem:               748 kB
Slab:              44060 kB
SReclaimable:      13964 kB
SUnreclaim:        30096 kB
KernelStack:       10976 kB
PageTables:        27560 kB
NFS_Unstable:          0 kB
Bounce:                0 kB
WritebackTmp:          0 kB
CommitLimit:      710780 kB
Committed_AS:   36875708 kB
VmallocTotal:     460800 kB
VmallocUsed:       17744 kB
VmallocChunk:     198684 kB
Time pass: 184 sec

---2015-12-17 17:07:46
MemTotal:        1421560 kB
MemFree:           48412 kB
Buffers:            9840 kB
Cached:           669196 kB
SwapCached:            0 kB
Active:           706432 kB
Inactive:         353976 kB
Active(anon):     383048 kB
Inactive(anon):      660 kB
Active(file):     323384 kB
Inactive(file):   353316 kB
Unevictable:        1588 kB
Mlocked:               0 kB
HighTotal:        885760 kB
HighFree:           4884 kB
LowTotal:         535800 kB
LowFree:           43528 kB
SwapTotal:             0 kB
SwapFree:              0 kB
Dirty:               600 kB
Writeback:             0 kB
AnonPages:        383164 kB
Mapped:           388104 kB
Shmem:               748 kB
Slab:              44016 kB
SReclaimable:      13964 kB
SUnreclaim:        30052 kB
KernelStack:       10944 kB
PageTables:        27576 kB
NFS_Unstable:          0 kB
Bounce:                0 kB
WritebackTmp:          0 kB
CommitLimit:      710780 kB
Committed_AS:   36876304 kB
VmallocTotal:     460800 kB
VmallocUsed:       17756 kB
VmallocChunk:     198684 kB
Time pass: 188 sec

---2015-12-17 17:07:46
MemTotal:        1421560 kB
MemFree:           48624 kB
Buffers:            9848 kB
Cached:           669196 kB
SwapCached:            0 kB
Active:           706532 kB
Inactive:         353984 kB
Active(anon):     383148 kB
Inactive(anon):      660 kB
Active(file):     323384 kB
Inactive(file):   353324 kB
Unevictable:        1588 kB
Mlocked:               0 kB
HighTotal:        885760 kB
HighFree:           4992 kB
LowTotal:         535800 kB
LowFree:           43632 kB
SwapTotal:             0 kB
SwapFree:              0 kB
Dirty:                 0 kB
Writeback:             0 kB
AnonPages:        383224 kB
Mapped:           387956 kB
Shmem:               748 kB
Slab:              43916 kB
SReclaimable:      13964 kB
SUnreclaim:        29952 kB
KernelStack:       10936 kB
PageTables:        27580 kB
NFS_Unstable:          0 kB
Bounce:                0 kB
WritebackTmp:          0 kB
CommitLimit:      710780 kB
Committed_AS:   36876380 kB
VmallocTotal:     460800 kB
VmallocUsed:       17756 kB
VmallocChunk:     198684 kB
Time pass: 191 sec

---2015-12-17 17:07:46
MemTotal:        1421560 kB
MemFree:           47204 kB
Buffers:            9856 kB
Cached:           669196 kB
SwapCached:            0 kB
Active:           707360 kB
Inactive:         353992 kB
Active(anon):     383976 kB
Inactive(anon):      660 kB
Active(file):     323384 kB
Inactive(file):   353332 kB
Unevictable:        1588 kB
Mlocked:               0 kB
HighTotal:        885760 kB
HighFree:           8140 kB
LowTotal:         535800 kB
LowFree:           39064 kB
SwapTotal:             0 kB
SwapFree:              0 kB
Dirty:                48 kB
Writeback:             0 kB
AnonPages:        383936 kB
Mapped:           388168 kB
Shmem:               748 kB
Slab:              43980 kB
SReclaimable:      13964 kB
SUnreclaim:        30016 kB
KernelStack:       10944 kB
PageTables:        27584 kB
NFS_Unstable:          0 kB
Bounce:                0 kB
WritebackTmp:          0 kB
CommitLimit:      710780 kB
Committed_AS:   36909936 kB
VmallocTotal:     460800 kB
VmallocUsed:       17756 kB
VmallocChunk:     198684 kB
Time pass: 195 sec

---2015-12-17 17:07:46
MemTotal:        1421560 kB
MemFree:           45116 kB
Buffers:            9872 kB
Cached:           669796 kB
SwapCached:            0 kB
Active:           711656 kB
Inactive:         353584 kB
Active(anon):     387252 kB
Inactive(anon):      724 kB
Active(file):     324404 kB
Inactive(file):   352860 kB
Unevictable:        1588 kB
Mlocked:               0 kB
HighTotal:        885760 kB
HighFree:           4560 kB
LowTotal:         535800 kB
LowFree:           40556 kB
SwapTotal:             0 kB
SwapFree:              0 kB
Dirty:                88 kB
Writeback:             0 kB
AnonPages:        387256 kB
Mapped:           389764 kB
Shmem:               816 kB
Slab:              43980 kB
SReclaimable:      13964 kB
SUnreclaim:        30016 kB
KernelStack:       11040 kB
PageTables:        27652 kB
NFS_Unstable:          0 kB
Bounce:                0 kB
WritebackTmp:          0 kB
CommitLimit:      710780 kB
Committed_AS:   36926176 kB
VmallocTotal:     460800 kB
VmallocUsed:       20164 kB
VmallocChunk:     198684 kB
Time pass: 200 sec

---2015-12-17 17:07:46
MemTotal:        1421560 kB
MemFree:           44864 kB
Buffers:            9896 kB
Cached:           669824 kB
SwapCached:            0 kB
Active:           712972 kB
Inactive:         353636 kB
Active(anon):     388568 kB
Inactive(anon):      752 kB
Active(file):     324404 kB
Inactive(file):   352884 kB
Unevictable:        1588 kB
Mlocked:               0 kB
HighTotal:        885760 kB
HighFree:           4392 kB
LowTotal:         535800 kB
LowFree:           40472 kB
SwapTotal:             0 kB
SwapFree:              0 kB
Dirty:                 0 kB
Writeback:             0 kB
AnonPages:        388628 kB
Mapped:           387528 kB
Shmem:               844 kB
Slab:              44100 kB
SReclaimable:      13972 kB
SUnreclaim:        30128 kB
KernelStack:       11056 kB
PageTables:        27672 kB
NFS_Unstable:          0 kB
Bounce:                0 kB
WritebackTmp:          0 kB
CommitLimit:      710780 kB
Committed_AS:   36894864 kB
VmallocTotal:     460800 kB
VmallocUsed:       20164 kB
VmallocChunk:     198684 kB
Time pass: 205 sec

---2015-12-17 17:07:46
MemTotal:        1421560 kB
MemFree:           43964 kB
Buffers:            9904 kB
Cached:           669824 kB
SwapCached:            0 kB
Active:           713652 kB
Inactive:         353644 kB
Active(anon):     389248 kB
Inactive(anon):      752 kB
Active(file):     324404 kB
Inactive(file):   352892 kB
Unevictable:        1588 kB
Mlocked:               0 kB
HighTotal:        885760 kB
HighFree:           4392 kB
LowTotal:         535800 kB
LowFree:           39572 kB
SwapTotal:             0 kB
SwapFree:              0 kB
Dirty:                28 kB
Writeback:             0 kB
AnonPages:        389156 kB
Mapped:           387380 kB
Shmem:               844 kB
Slab:              44056 kB
SReclaimable:      13972 kB
SUnreclaim:        30084 kB
KernelStack:       11064 kB
PageTables:        27676 kB
NFS_Unstable:          0 kB
Bounce:                0 kB
WritebackTmp:          0 kB
CommitLimit:      710780 kB
Committed_AS:   36895344 kB
VmallocTotal:     460800 kB
VmallocUsed:       20164 kB
VmallocChunk:     198684 kB
Time pass: 211 sec

---2015-12-17 17:07:46
MemTotal:        1421560 kB
MemFree:           43012 kB
Buffers:            9956 kB
Cached:           669856 kB
SwapCached:            0 kB
Active:           714784 kB
Inactive:         353728 kB
Active(anon):     390380 kB
Inactive(anon):      796 kB
Active(file):     324404 kB
Inactive(file):   352932 kB
Unevictable:        1588 kB
Mlocked:               0 kB
HighTotal:        885760 kB
HighFree:           4396 kB
LowTotal:         535800 kB
LowFree:           38616 kB
SwapTotal:             0 kB
SwapFree:              0 kB
Dirty:                 8 kB
Writeback:             0 kB
AnonPages:        390260 kB
Mapped:           387612 kB
Shmem:               888 kB
Slab:              44064 kB
SReclaimable:      13972 kB
SUnreclaim:        30092 kB
KernelStack:       11080 kB
PageTables:        27692 kB
NFS_Unstable:          0 kB
Bounce:                0 kB
WritebackTmp:          0 kB
CommitLimit:      710780 kB
Committed_AS:   36895892 kB
VmallocTotal:     460800 kB
VmallocUsed:       20164 kB
VmallocChunk:     198684 kB
Time pass: 216 sec

---2015-12-17 17:07:46
MemTotal:        1421560 kB
MemFree:           41700 kB
Buffers:            9956 kB
Cached:           669872 kB
SwapCached:            0 kB
Active:           715164 kB
Inactive:         353728 kB
Active(anon):     390744 kB
Inactive(anon):      796 kB
Active(file):     324420 kB
Inactive(file):   352932 kB
Unevictable:        1588 kB
Mlocked:               0 kB
HighTotal:        885760 kB
HighFree:           4436 kB
LowTotal:         535800 kB
LowFree:           37264 kB
SwapTotal:             0 kB
SwapFree:              0 kB
Dirty:                64 kB
Writeback:             0 kB
AnonPages:        390568 kB
Mapped:           387616 kB
Shmem:               888 kB
Slab:              44148 kB
SReclaimable:      14092 kB
SUnreclaim:        30056 kB
KernelStack:       11080 kB
PageTables:        27692 kB
NFS_Unstable:          0 kB
Bounce:                0 kB
WritebackTmp:          0 kB
CommitLimit:      710780 kB
Committed_AS:   36896112 kB
VmallocTotal:     460800 kB
VmallocUsed:       20164 kB
VmallocChunk:     198684 kB
Time pass: 219 sec

---2015-12-17 17:07:46
MemTotal:        1421560 kB
MemFree:           41824 kB
Buffers:            9964 kB
Cached:           669896 kB
SwapCached:            0 kB
Active:           715124 kB
Inactive:         353760 kB
Active(anon):     390704 kB
Inactive(anon):      820 kB
Active(file):     324420 kB
Inactive(file):   352940 kB
Unevictable:        1588 kB
Mlocked:               0 kB
HighTotal:        885760 kB
HighFree:           4348 kB
LowTotal:         535800 kB
LowFree:           37476 kB
SwapTotal:             0 kB
SwapFree:              0 kB
Dirty:                44 kB
Writeback:             0 kB
AnonPages:        390656 kB
Mapped:           387492 kB
Shmem:               912 kB
Slab:              44136 kB
SReclaimable:      14092 kB
SUnreclaim:        30044 kB
KernelStack:       11080 kB
PageTables:        27692 kB
NFS_Unstable:          0 kB
Bounce:                0 kB
WritebackTmp:          0 kB
CommitLimit:      710780 kB
Committed_AS:   36896384 kB
VmallocTotal:     460800 kB
VmallocUsed:       20164 kB
VmallocChunk:     198684 kB
Time pass: 223 sec

---2015-12-17 17:07:46
MemTotal:        1421560 kB
MemFree:           41552 kB
Buffers:            9964 kB
Cached:           669896 kB
SwapCached:            0 kB
Active:           715264 kB
Inactive:         353760 kB
Active(anon):     390844 kB
Inactive(anon):      820 kB
Active(file):     324420 kB
Inactive(file):   352940 kB
Unevictable:        1588 kB
Mlocked:               0 kB
HighTotal:        885760 kB
HighFree:           4348 kB
LowTotal:         535800 kB
LowFree:           37204 kB
SwapTotal:             0 kB
SwapFree:              0 kB
Dirty:                 0 kB
Writeback:             0 kB
AnonPages:        390788 kB
Mapped:           387640 kB
Shmem:               912 kB
Slab:              44188 kB
SReclaimable:      14092 kB
SUnreclaim:        30096 kB
KernelStack:       11072 kB
PageTables:        27692 kB
NFS_Unstable:          0 kB
Bounce:                0 kB
WritebackTmp:          0 kB
CommitLimit:      710780 kB
Committed_AS:   36896388 kB
VmallocTotal:     460800 kB
VmallocUsed:       20164 kB
VmallocChunk:     198684 kB
Time pass: 226 sec

---2015-12-17 17:07:46
MemTotal:        1421560 kB
MemFree:           41440 kB
Buffers:            9980 kB
Cached:           669928 kB
SwapCached:            0 kB
Active:           715768 kB
Inactive:         353808 kB
Active(anon):     391348 kB
Inactive(anon):      852 kB
Active(file):     324420 kB
Inactive(file):   352956 kB
Unevictable:        1588 kB
Mlocked:               0 kB
HighTotal:        885760 kB
HighFree:           4348 kB
LowTotal:         535800 kB
LowFree:           37092 kB
SwapTotal:             0 kB
SwapFree:              0 kB
Dirty:                40 kB
Writeback:             0 kB
AnonPages:        391396 kB
Mapped:           387620 kB
Shmem:               944 kB
Slab:              44128 kB
SReclaimable:      14092 kB
SUnreclaim:        30036 kB
KernelStack:       11072 kB
PageTables:        27708 kB
NFS_Unstable:          0 kB
Bounce:                0 kB
WritebackTmp:          0 kB
CommitLimit:      710780 kB
Committed_AS:   36896568 kB
VmallocTotal:     460800 kB
VmallocUsed:       20164 kB
VmallocChunk:     198684 kB
Time pass: 231 sec

---2015-12-17 17:07:46
MemTotal:        1421560 kB
MemFree:           40532 kB
Buffers:            9988 kB
Cached:           669920 kB
SwapCached:            0 kB
Active:           716044 kB
Inactive:         353808 kB
Active(anon):     391624 kB
Inactive(anon):      852 kB
Active(file):     324420 kB
Inactive(file):   352956 kB
Unevictable:        1588 kB
Mlocked:               0 kB
HighTotal:        885760 kB
HighFree:           4348 kB
LowTotal:         535800 kB
LowFree:           36184 kB
SwapTotal:             0 kB
SwapFree:              0 kB
Dirty:                 0 kB
Writeback:             0 kB
AnonPages:        391584 kB
Mapped:           387620 kB
Shmem:               944 kB
Slab:              44092 kB
SReclaimable:      14092 kB
SUnreclaim:        30000 kB
KernelStack:       11072 kB
PageTables:        27676 kB
NFS_Unstable:          0 kB
Bounce:                0 kB
WritebackTmp:          0 kB
CommitLimit:      710780 kB
Committed_AS:   36896668 kB
VmallocTotal:     460800 kB
VmallocUsed:       20164 kB
VmallocChunk:     198684 kB
Time pass: 235 sec

---2015-12-17 17:07:46
MemTotal:        1421560 kB
MemFree:           40528 kB
Buffers:            9988 kB
Cached:           669928 kB
SwapCached:            0 kB
Active:           716312 kB
Inactive:         353816 kB
Active(anon):     391892 kB
Inactive(anon):      852 kB
Active(file):     324420 kB
Inactive(file):   352964 kB
Unevictable:        1588 kB
Mlocked:               0 kB
HighTotal:        885760 kB
HighFree:           4484 kB
LowTotal:         535800 kB
LowFree:           36044 kB
SwapTotal:             0 kB
SwapFree:              0 kB
Dirty:                 4 kB
Writeback:             4 kB
AnonPages:        391812 kB
Mapped:           387624 kB
Shmem:               944 kB
Slab:              44204 kB
SReclaimable:      14092 kB
SUnreclaim:        30112 kB
KernelStack:       11056 kB
PageTables:        27676 kB
NFS_Unstable:          0 kB
Bounce:                0 kB
WritebackTmp:          0 kB
CommitLimit:      710780 kB
Committed_AS:   36896856 kB
VmallocTotal:     460800 kB
VmallocUsed:       20164 kB
VmallocChunk:     198684 kB
Time pass: 240 sec

---2015-12-17 17:07:46
MemTotal:        1421560 kB
MemFree:           39660 kB
Buffers:           10004 kB
Cached:           669948 kB
SwapCached:            0 kB
Active:           716888 kB
Inactive:         353852 kB
Active(anon):     392468 kB
Inactive(anon):      872 kB
Active(file):     324420 kB
Inactive(file):   352980 kB
Unevictable:        1588 kB
Mlocked:               0 kB
HighTotal:        885760 kB
HighFree:           4404 kB
LowTotal:         535800 kB
LowFree:           35256 kB
SwapTotal:             0 kB
SwapFree:              0 kB
Dirty:                44 kB
Writeback:             0 kB
AnonPages:        392476 kB
Mapped:           387696 kB
Shmem:               964 kB
Slab:              44260 kB
SReclaimable:      14092 kB
SUnreclaim:        30168 kB
KernelStack:       11072 kB
PageTables:        27692 kB
NFS_Unstable:          0 kB
Bounce:                0 kB
WritebackTmp:          0 kB
CommitLimit:      710780 kB
Committed_AS:   36896892 kB
VmallocTotal:     460800 kB
VmallocUsed:       20164 kB
VmallocChunk:     198684 kB
Time pass: 244 sec

---2015-12-17 17:07:46
MemTotal:        1421560 kB
MemFree:           40452 kB
Buffers:           10004 kB
Cached:           669948 kB
SwapCached:            0 kB
Active:           716368 kB
Inactive:         353852 kB
Active(anon):     391948 kB
Inactive(anon):      872 kB
Active(file):     324420 kB
Inactive(file):   352980 kB
Unevictable:        1588 kB
Mlocked:               0 kB
HighTotal:        885760 kB
HighFree:           5004 kB
LowTotal:         535800 kB
LowFree:           35448 kB
SwapTotal:             0 kB
SwapFree:              0 kB
Dirty:                 4 kB
Writeback:             0 kB
AnonPages:        391896 kB
Mapped:           387696 kB
Shmem:               964 kB
Slab:              44120 kB
SReclaimable:      14092 kB
SUnreclaim:        30028 kB
KernelStack:       11072 kB
PageTables:        27692 kB
NFS_Unstable:          0 kB
Bounce:                0 kB
WritebackTmp:          0 kB
CommitLimit:      710780 kB
Committed_AS:   36897124 kB
VmallocTotal:     460800 kB
VmallocUsed:       20164 kB
VmallocChunk:     198684 kB
Time pass: 247 sec

---2015-12-17 17:07:46
MemTotal:        1421560 kB
MemFree:           40676 kB
Buffers:           10012 kB
Cached:           669952 kB
SwapCached:            0 kB
Active:           716352 kB
Inactive:         353864 kB
Active(anon):     391932 kB
Inactive(anon):      872 kB
Active(file):     324420 kB
Inactive(file):   352992 kB
Unevictable:        1588 kB
Mlocked:               0 kB
HighTotal:        885760 kB
HighFree:           4860 kB
LowTotal:         535800 kB
LowFree:           35816 kB
SwapTotal:             0 kB
SwapFree:              0 kB
Dirty:                 0 kB
Writeback:             0 kB
AnonPages:        391888 kB
Mapped:           387692 kB
Shmem:               964 kB
Slab:              44268 kB
SReclaimable:      14092 kB
SUnreclaim:        30176 kB
KernelStack:       11072 kB
PageTables:        27676 kB
NFS_Unstable:          0 kB
Bounce:                0 kB
WritebackTmp:          0 kB
CommitLimit:      710780 kB
Committed_AS:   36897248 kB
VmallocTotal:     460800 kB
VmallocUsed:       20164 kB
VmallocChunk:     198684 kB
Time pass: 251 sec

---2015-12-17 17:07:46
MemTotal:        1421560 kB
MemFree:           43276 kB
Buffers:           10036 kB
Cached:           669944 kB
SwapCached:            0 kB
Active:           714800 kB
Inactive:         353872 kB
Active(anon):     390380 kB
Inactive(anon):      872 kB
Active(file):     324420 kB
Inactive(file):   353000 kB
Unevictable:        1588 kB
Mlocked:               0 kB
HighTotal:        885760 kB
HighFree:           5352 kB
LowTotal:         535800 kB
LowFree:           37924 kB
SwapTotal:             0 kB
SwapFree:              0 kB
Dirty:                44 kB
Writeback:            12 kB
AnonPages:        390400 kB
Mapped:           387692 kB
Shmem:               964 kB
Slab:              44196 kB
SReclaimable:      14092 kB
SUnreclaim:        30104 kB
KernelStack:       11048 kB
PageTables:        27676 kB
NFS_Unstable:          0 kB
Bounce:                0 kB
WritebackTmp:          0 kB
CommitLimit:      710780 kB
Committed_AS:   36895832 kB
VmallocTotal:     460800 kB
VmallocUsed:       20164 kB
VmallocChunk:     198684 kB
Time pass: 255 sec

---2015-12-17 17:07:46
MemTotal:        1421560 kB
MemFree:           42824 kB
Buffers:           10036 kB
Cached:           669952 kB
SwapCached:            0 kB
Active:           714376 kB
Inactive:         353884 kB
Active(anon):     389952 kB
Inactive(anon):      872 kB
Active(file):     324424 kB
Inactive(file):   353012 kB
Unevictable:        1588 kB
Mlocked:               0 kB
HighTotal:        885760 kB
HighFree:           4376 kB
LowTotal:         535800 kB
LowFree:           38448 kB
SwapTotal:             0 kB
SwapFree:              0 kB
Dirty:                 4 kB
Writeback:             0 kB
AnonPages:        389976 kB
Mapped:           387692 kB
Shmem:               964 kB
Slab:              44292 kB
SReclaimable:      14092 kB
SUnreclaim:        30200 kB
KernelStack:       11048 kB
PageTables:        27676 kB
NFS_Unstable:          0 kB
Bounce:                0 kB
WritebackTmp:          0 kB
CommitLimit:      710780 kB
Committed_AS:   36895360 kB
VmallocTotal:     460800 kB
VmallocUsed:       20164 kB
VmallocChunk:     198684 kB
Time pass: 259 sec

---2015-12-17 17:07:46
MemTotal:        1421560 kB
MemFree:           42580 kB
Buffers:           10044 kB
Cached:           670168 kB
SwapCached:            0 kB
Active:           715620 kB
Inactive:         354036 kB
Active(anon):     391196 kB
Inactive(anon):      872 kB
Active(file):     324424 kB
Inactive(file):   353164 kB
Unevictable:        1588 kB
Mlocked:               0 kB
HighTotal:        885760 kB
HighFree:           4392 kB
LowTotal:         535800 kB
LowFree:           38188 kB
SwapTotal:             0 kB
SwapFree:              0 kB
Dirty:                40 kB
Writeback:             0 kB
AnonPages:        391060 kB
Mapped:           387868 kB
Shmem:               964 kB
Slab:              44156 kB
SReclaimable:      14092 kB
SUnreclaim:        30064 kB
KernelStack:       11064 kB
PageTables:        27676 kB
NFS_Unstable:          0 kB
Bounce:                0 kB
WritebackTmp:          0 kB
CommitLimit:      710780 kB
Committed_AS:   36895868 kB
VmallocTotal:     460800 kB
VmallocUsed:       20164 kB
VmallocChunk:     198684 kB
Time pass: 263 sec

---2015-12-17 17:07:46
MemTotal:        1421560 kB
MemFree:           41280 kB
Buffers:           10068 kB
Cached:           670160 kB
SwapCached:            0 kB
Active:           715840 kB
Inactive:         354124 kB
Active(anon):     391416 kB
Inactive(anon):      872 kB
Active(file):     324424 kB
Inactive(file):   353252 kB
Unevictable:        1588 kB
Mlocked:               0 kB
HighTotal:        885760 kB
HighFree:           4384 kB
LowTotal:         535800 kB
LowFree:           36896 kB
SwapTotal:             0 kB
SwapFree:              0 kB
Dirty:                60 kB
Writeback:             0 kB
AnonPages:        391332 kB
Mapped:           388044 kB
Shmem:               964 kB
Slab:              44276 kB
SReclaimable:      14092 kB
SUnreclaim:        30184 kB
KernelStack:       11064 kB
PageTables:        27692 kB
NFS_Unstable:          0 kB
Bounce:                0 kB
WritebackTmp:          0 kB
CommitLimit:      710780 kB
Committed_AS:   36896024 kB
VmallocTotal:     460800 kB
VmallocUsed:       20164 kB
VmallocChunk:     198684 kB
Time pass: 266 sec

---2015-12-17 17:07:46
MemTotal:        1421560 kB
MemFree:           41236 kB
Buffers:           10068 kB
Cached:           670160 kB
SwapCached:            0 kB
Active:           715764 kB
Inactive:         354124 kB
Active(anon):     391340 kB
Inactive(anon):      872 kB
Active(file):     324424 kB
Inactive(file):   353252 kB
Unevictable:        1588 kB
Mlocked:               0 kB
HighTotal:        885760 kB
HighFree:           4384 kB
LowTotal:         535800 kB
LowFree:           36852 kB
SwapTotal:             0 kB
SwapFree:              0 kB
Dirty:                60 kB
Writeback:             0 kB
AnonPages:        391356 kB
Mapped:           388044 kB
Shmem:               964 kB
Slab:              44260 kB
SReclaimable:      14092 kB
SUnreclaim:        30168 kB
KernelStack:       11056 kB
PageTables:        27680 kB
NFS_Unstable:          0 kB
Bounce:                0 kB
WritebackTmp:          0 kB
CommitLimit:      710780 kB
Committed_AS:   36895940 kB
VmallocTotal:     460800 kB
VmallocUsed:       20164 kB
VmallocChunk:     198684 kB
Time pass: 270 sec

---2015-12-17 17:07:46
MemTotal:        1421560 kB
MemFree:           41328 kB
Buffers:           10076 kB
Cached:           670160 kB
SwapCached:            0 kB
Active:           715756 kB
Inactive:         354132 kB
Active(anon):     391332 kB
Inactive(anon):      872 kB
Active(file):     324424 kB
Inactive(file):   353260 kB
Unevictable:        1588 kB
Mlocked:               0 kB
HighTotal:        885760 kB
HighFree:           4384 kB
LowTotal:         535800 kB
LowFree:           36944 kB
SwapTotal:             0 kB
SwapFree:              0 kB
Dirty:                28 kB
Writeback:             0 kB
AnonPages:        391376 kB
Mapped:           387896 kB
Shmem:               964 kB
Slab:              44348 kB
SReclaimable:      14092 kB
SUnreclaim:        30256 kB
KernelStack:       11064 kB
PageTables:        27676 kB
NFS_Unstable:          0 kB
Bounce:                0 kB
WritebackTmp:          0 kB
CommitLimit:      710780 kB
Committed_AS:   36895948 kB
VmallocTotal:     460800 kB
VmallocUsed:       20164 kB
VmallocChunk:     198684 kB
Time pass: 273 sec

---2015-12-17 17:07:46
MemTotal:        1421560 kB
MemFree:           40812 kB
Buffers:           10076 kB
Cached:           670160 kB
SwapCached:            0 kB
Active:           716160 kB
Inactive:         354132 kB
Active(anon):     391736 kB
Inactive(anon):      872 kB
Active(file):     324424 kB
Inactive(file):   353260 kB
Unevictable:        1588 kB
Mlocked:               0 kB
HighTotal:        885760 kB
HighFree:           4384 kB
LowTotal:         535800 kB
LowFree:           36428 kB
SwapTotal:             0 kB
SwapFree:              0 kB
Dirty:                28 kB
Writeback:             0 kB
AnonPages:        391496 kB
Mapped:           388048 kB
Shmem:               964 kB
Slab:              44304 kB
SReclaimable:      14092 kB
SUnreclaim:        30212 kB
KernelStack:       11072 kB
PageTables:        27692 kB
NFS_Unstable:          0 kB
Bounce:                0 kB
WritebackTmp:          0 kB
CommitLimit:      710780 kB
Committed_AS:   36896196 kB
VmallocTotal:     460800 kB
VmallocUsed:       20164 kB
VmallocChunk:     198684 kB
Time pass: 277 sec

---2015-12-17 17:07:46
MemTotal:        1421560 kB
MemFree:           40676 kB
Buffers:           10076 kB
Cached:           670160 kB
SwapCached:            0 kB
Active:           716204 kB
Inactive:         354132 kB
Active(anon):     391780 kB
Inactive(anon):      872 kB
Active(file):     324424 kB
Inactive(file):   353260 kB
Unevictable:        1588 kB
Mlocked:               0 kB
HighTotal:        885760 kB
HighFree:           4384 kB
LowTotal:         535800 kB
LowFree:           36292 kB
SwapTotal:             0 kB
SwapFree:              0 kB
Dirty:                 8 kB
Writeback:             0 kB
AnonPages:        391700 kB
Mapped:           388060 kB
Shmem:               964 kB
Slab:              44244 kB
SReclaimable:      14092 kB
SUnreclaim:        30152 kB
KernelStack:       11056 kB
PageTables:        27688 kB
NFS_Unstable:          0 kB
Bounce:                0 kB
WritebackTmp:          0 kB
CommitLimit:      710780 kB
Committed_AS:   36896324 kB
VmallocTotal:     460800 kB
VmallocUsed:       20164 kB
VmallocChunk:     198684 kB
Time pass: 280 sec

---2015-12-17 17:07:46
MemTotal:        1421560 kB
MemFree:           40172 kB
Buffers:           10092 kB
Cached:           670160 kB
SwapCached:            0 kB
Active:           716572 kB
Inactive:         354148 kB
Active(anon):     392148 kB
Inactive(anon):      872 kB
Active(file):     324424 kB
Inactive(file):   353276 kB
Unevictable:        1588 kB
Mlocked:               0 kB
HighTotal:        885760 kB
HighFree:           4388 kB
LowTotal:         535800 kB
LowFree:           35784 kB
SwapTotal:             0 kB
SwapFree:              0 kB
Dirty:                 0 kB
Writeback:             0 kB
AnonPages:        392064 kB
Mapped:           387912 kB
Shmem:               964 kB
Slab:              44264 kB
SReclaimable:      14092 kB
SUnreclaim:        30172 kB
KernelStack:       11056 kB
PageTables:        27684 kB
NFS_Unstable:          0 kB
Bounce:                0 kB
WritebackTmp:          0 kB
CommitLimit:      710780 kB
Committed_AS:   36896468 kB
VmallocTotal:     460800 kB
VmallocUsed:       20164 kB
VmallocChunk:     198684 kB
Time pass: 284 sec

---2015-12-17 17:07:46
MemTotal:        1421560 kB
MemFree:           40376 kB
Buffers:           10100 kB
Cached:           670164 kB
SwapCached:            0 kB
Active:           716972 kB
Inactive:         354160 kB
Active(anon):     392548 kB
Inactive(anon):      876 kB
Active(file):     324424 kB
Inactive(file):   353284 kB
Unevictable:        1588 kB
Mlocked:               0 kB
HighTotal:        885760 kB
HighFree:           4492 kB
LowTotal:         535800 kB
LowFree:           35884 kB
SwapTotal:             0 kB
SwapFree:              0 kB
Dirty:                56 kB
Writeback:             0 kB
AnonPages:        392472 kB
Mapped:           388068 kB
Shmem:               968 kB
Slab:              44204 kB
SReclaimable:      14092 kB
SUnreclaim:        30112 kB
KernelStack:       11064 kB
PageTables:        27688 kB
NFS_Unstable:          0 kB
Bounce:                0 kB
WritebackTmp:          0 kB
CommitLimit:      710780 kB
Committed_AS:   36897008 kB
VmallocTotal:     460800 kB
VmallocUsed:       20164 kB
VmallocChunk:     198684 kB
Time pass: 287 sec

---2015-12-17 17:07:46
MemTotal:        1421560 kB
MemFree:           40164 kB
Buffers:           10108 kB
Cached:           670164 kB
SwapCached:            0 kB
Active:           717064 kB
Inactive:         354168 kB
Active(anon):     392640 kB
Inactive(anon):      876 kB
Active(file):     324424 kB
Inactive(file):   353292 kB
Unevictable:        1588 kB
Mlocked:               0 kB
HighTotal:        885760 kB
HighFree:           4956 kB
LowTotal:         535800 kB
LowFree:           35208 kB
SwapTotal:             0 kB
SwapFree:              0 kB
Dirty:                32 kB
Writeback:             0 kB
AnonPages:        392700 kB
Mapped:           388068 kB
Shmem:               968 kB
Slab:              44276 kB
SReclaimable:      14092 kB
SUnreclaim:        30184 kB
KernelStack:       11064 kB
PageTables:        27688 kB
NFS_Unstable:          0 kB
Bounce:                0 kB
WritebackTmp:          0 kB
CommitLimit:      710780 kB
Committed_AS:   36897088 kB
VmallocTotal:     460800 kB
VmallocUsed:       20164 kB
VmallocChunk:     198684 kB
Time pass: 291 sec

---2015-12-17 17:07:46
MemTotal:        1421560 kB
MemFree:           39672 kB
Buffers:           10124 kB
Cached:           670164 kB
SwapCached:            0 kB
Active:           717640 kB
Inactive:         354184 kB
Active(anon):     393216 kB
Inactive(anon):      876 kB
Active(file):     324424 kB
Inactive(file):   353308 kB
Unevictable:        1588 kB
Mlocked:               0 kB
HighTotal:        885760 kB
HighFree:           4396 kB
LowTotal:         535800 kB
LowFree:           35276 kB
SwapTotal:             0 kB
SwapFree:              0 kB
Dirty:                48 kB
Writeback:             0 kB
AnonPages:        393128 kB
Mapped:           388068 kB
Shmem:               968 kB
Slab:              44084 kB
SReclaimable:      14092 kB
SUnreclaim:        29992 kB
KernelStack:       11072 kB
PageTables:        27688 kB
NFS_Unstable:          0 kB
Bounce:                0 kB
WritebackTmp:          0 kB
CommitLimit:      710780 kB
Committed_AS:   36897180 kB
VmallocTotal:     460800 kB
VmallocUsed:       20164 kB
VmallocChunk:     198684 kB
Time pass: 294 sec

---2015-12-17 17:07:46
MemTotal:        1421560 kB
MemFree:           39256 kB
Buffers:           10124 kB
Cached:           670164 kB
SwapCached:            0 kB
Active:           717816 kB
Inactive:         354184 kB
Active(anon):     393392 kB
Inactive(anon):      876 kB
Active(file):     324424 kB
Inactive(file):   353308 kB
Unevictable:        1588 kB
Mlocked:               0 kB
HighTotal:        885760 kB
HighFree:           4424 kB
LowTotal:         535800 kB
LowFree:           34832 kB
SwapTotal:             0 kB
SwapFree:              0 kB
Dirty:                 0 kB
Writeback:             0 kB
AnonPages:        393308 kB
Mapped:           388068 kB
Shmem:               968 kB
Slab:              44172 kB
SReclaimable:      14092 kB
SUnreclaim:        30080 kB
KernelStack:       11064 kB
PageTables:        27688 kB
NFS_Unstable:          0 kB
Bounce:                0 kB
WritebackTmp:          0 kB
CommitLimit:      710780 kB
Committed_AS:   36897356 kB
VmallocTotal:     460800 kB
VmallocUsed:       20164 kB
VmallocChunk:     198684 kB
Time pass: 298 sec

---2015-12-17 17:07:46
MemTotal:        1421560 kB
MemFree:           38888 kB
Buffers:           10132 kB
Cached:           670164 kB
SwapCached:            0 kB
Active:           717872 kB
Inactive:         354192 kB
Active(anon):     393448 kB
Inactive(anon):      876 kB
Active(file):     324424 kB
Inactive(file):   353316 kB
Unevictable:        1588 kB
Mlocked:               0 kB
HighTotal:        885760 kB
HighFree:           4400 kB
LowTotal:         535800 kB
LowFree:           34488 kB
SwapTotal:             0 kB
SwapFree:              0 kB
Dirty:                40 kB
Writeback:             0 kB
AnonPages:        393600 kB
Mapped:           388068 kB
Shmem:               968 kB
Slab:              44276 kB
SReclaimable:      14092 kB
SUnreclaim:        30184 kB
KernelStack:       11064 kB
PageTables:        27688 kB
NFS_Unstable:          0 kB
Bounce:                0 kB
WritebackTmp:          0 kB
CommitLimit:      710780 kB
Committed_AS:   36897452 kB
VmallocTotal:     460800 kB
VmallocUsed:       20164 kB
VmallocChunk:     198684 kB
Time pass: 301 sec

---2015-12-17 17:07:46
MemTotal:        1421560 kB
MemFree:           38768 kB
Buffers:           10156 kB
Cached:           670140 kB
SwapCached:            0 kB
Active:           718368 kB
Inactive:         354192 kB
Active(anon):     393944 kB
Inactive(anon):      876 kB
Active(file):     324424 kB
Inactive(file):   353316 kB
Unevictable:        1588 kB
Mlocked:               0 kB
HighTotal:        885760 kB
HighFree:           4424 kB
LowTotal:         535800 kB
LowFree:           34344 kB
SwapTotal:             0 kB
SwapFree:              0 kB
Dirty:                 8 kB
Writeback:             0 kB
AnonPages:        393964 kB
Mapped:           388072 kB
Shmem:               968 kB
Slab:              44180 kB
SReclaimable:      14092 kB
SUnreclaim:        30088 kB
KernelStack:       11064 kB
PageTables:        27688 kB
NFS_Unstable:          0 kB
Bounce:                0 kB
WritebackTmp:          0 kB
CommitLimit:      710780 kB
Committed_AS:   36897576 kB
VmallocTotal:     460800 kB
VmallocUsed:       20164 kB
VmallocChunk:     198684 kB
Time pass: 305 sec

---2015-12-17 17:07:46
MemTotal:        1421560 kB
MemFree:           38500 kB
Buffers:           10156 kB
Cached:           670164 kB
SwapCached:            0 kB
Active:           718716 kB
Inactive:         354216 kB
Active(anon):     394292 kB
Inactive(anon):      876 kB
Active(file):     324424 kB
Inactive(file):   353340 kB
Unevictable:        1588 kB
Mlocked:               0 kB
HighTotal:        885760 kB
HighFree:           4424 kB
LowTotal:         535800 kB
LowFree:           34076 kB
SwapTotal:             0 kB
SwapFree:              0 kB
Dirty:                44 kB
Writeback:             0 kB
AnonPages:        394364 kB
Mapped:           388072 kB
Shmem:               968 kB
Slab:              44216 kB
SReclaimable:      14092 kB
SUnreclaim:        30124 kB
KernelStack:       11064 kB
PageTables:        27688 kB
NFS_Unstable:          0 kB
Bounce:                0 kB
WritebackTmp:          0 kB
CommitLimit:      710780 kB
Committed_AS:   36897784 kB
VmallocTotal:     460800 kB
VmallocUsed:       20164 kB
VmallocChunk:     198684 kB
Time pass: 309 sec

---2015-12-17 17:07:46
MemTotal:        1421560 kB
MemFree:           37876 kB
Buffers:           10164 kB
Cached:           670164 kB
SwapCached:            0 kB
Active:           718956 kB
Inactive:         354224 kB
Active(anon):     394532 kB
Inactive(anon):      876 kB
Active(file):     324424 kB
Inactive(file):   353348 kB
Unevictable:        1588 kB
Mlocked:               0 kB
HighTotal:        885760 kB
HighFree:           4424 kB
LowTotal:         535800 kB
LowFree:           33452 kB
SwapTotal:             0 kB
SwapFree:              0 kB
Dirty:                36 kB
Writeback:             0 kB
AnonPages:        394444 kB
Mapped:           388072 kB
Shmem:               968 kB
Slab:              44128 kB
SReclaimable:      14092 kB
SUnreclaim:        30036 kB
KernelStack:       11064 kB
PageTables:        27688 kB
NFS_Unstable:          0 kB
Bounce:                0 kB
WritebackTmp:          0 kB
CommitLimit:      710780 kB
Committed_AS:   36897880 kB
VmallocTotal:     460800 kB
VmallocUsed:       20164 kB
VmallocChunk:     198684 kB
Time pass: 312 sec

---2015-12-17 17:07:46
MemTotal:        1421560 kB
MemFree:           39996 kB
Buffers:           10164 kB
Cached:           670172 kB
SwapCached:            0 kB
Active:           716680 kB
Inactive:         354232 kB
Active(anon):     392256 kB
Inactive(anon):      876 kB
Active(file):     324424 kB
Inactive(file):   353356 kB
Unevictable:        1588 kB
Mlocked:               0 kB
HighTotal:        885760 kB
HighFree:           4640 kB
LowTotal:         535800 kB
LowFree:           35356 kB
SwapTotal:             0 kB
SwapFree:              0 kB
Dirty:                36 kB
Writeback:             0 kB
AnonPages:        392172 kB
Mapped:           387932 kB
Shmem:               968 kB
Slab:              44236 kB
SReclaimable:      14092 kB
SUnreclaim:        30144 kB
KernelStack:       11064 kB
PageTables:        27688 kB
NFS_Unstable:          0 kB
Bounce:                0 kB
WritebackTmp:          0 kB
CommitLimit:      710780 kB
Committed_AS:   36895832 kB
VmallocTotal:     460800 kB
VmallocUsed:       20164 kB
VmallocChunk:     198684 kB
Time pass: 316 sec

---2015-12-17 17:07:46
MemTotal:        1421560 kB
MemFree:           40104 kB
Buffers:           10180 kB
Cached:           670172 kB
SwapCached:            0 kB
Active:           717348 kB
Inactive:         354248 kB
Active(anon):     392924 kB
Inactive(anon):      876 kB
Active(file):     324424 kB
Inactive(file):   353372 kB
Unevictable:        1588 kB
Mlocked:               0 kB
HighTotal:        885760 kB
HighFree:           4716 kB
LowTotal:         535800 kB
LowFree:           35388 kB
SwapTotal:             0 kB
SwapFree:              0 kB
Dirty:                40 kB
Writeback:             0 kB
AnonPages:        392792 kB
Mapped:           388080 kB
Shmem:               968 kB
Slab:              44140 kB
SReclaimable:      14092 kB
SUnreclaim:        30048 kB
KernelStack:       11064 kB
PageTables:        27688 kB
NFS_Unstable:          0 kB
Bounce:                0 kB
WritebackTmp:          0 kB
CommitLimit:      710780 kB
Committed_AS:   36896160 kB
VmallocTotal:     460800 kB
VmallocUsed:       20164 kB
VmallocChunk:     198684 kB
Time pass: 319 sec

---2015-12-17 17:07:46
MemTotal:        1421560 kB
MemFree:           39276 kB
Buffers:           10188 kB
Cached:           670172 kB
SwapCached:            0 kB
Active:           717548 kB
Inactive:         354248 kB
Active(anon):     393124 kB
Inactive(anon):      876 kB
Active(file):     324424 kB
Inactive(file):   353372 kB
Unevictable:        1588 kB
Mlocked:               0 kB
HighTotal:        885760 kB
HighFree:           4420 kB
LowTotal:         535800 kB
LowFree:           34856 kB
SwapTotal:             0 kB
SwapFree:              0 kB
Dirty:                 0 kB
Writeback:             0 kB
AnonPages:        393104 kB
Mapped:           388028 kB
Shmem:               968 kB
Slab:              44112 kB
SReclaimable:      14092 kB
SUnreclaim:        30020 kB
KernelStack:       11064 kB
PageTables:        27672 kB
NFS_Unstable:          0 kB
Bounce:                0 kB
WritebackTmp:          0 kB
CommitLimit:      710780 kB
Committed_AS:   36896136 kB
VmallocTotal:     460800 kB
VmallocUsed:       20164 kB
VmallocChunk:     198684 kB
Time pass: 323 sec

---2015-12-17 17:07:46
MemTotal:        1421560 kB
MemFree:           39012 kB
Buffers:           10188 kB
Cached:           670172 kB
SwapCached:            0 kB
Active:           717608 kB
Inactive:         354256 kB
Active(anon):     393184 kB
Inactive(anon):      876 kB
Active(file):     324424 kB
Inactive(file):   353380 kB
Unevictable:        1588 kB
Mlocked:               0 kB
HighTotal:        885760 kB
HighFree:           4428 kB
LowTotal:         535800 kB
LowFree:           34584 kB
SwapTotal:             0 kB
SwapFree:              0 kB
Dirty:                36 kB
Writeback:             0 kB
AnonPages:        393148 kB
Mapped:           388080 kB
Shmem:               968 kB
Slab:              44132 kB
SReclaimable:      14092 kB
SUnreclaim:        30040 kB
KernelStack:       11072 kB
PageTables:        27692 kB
NFS_Unstable:          0 kB
Bounce:                0 kB
WritebackTmp:          0 kB
CommitLimit:      710780 kB
Committed_AS:   36896292 kB
VmallocTotal:     460800 kB
VmallocUsed:       20164 kB
VmallocChunk:     198684 kB
Time pass: 326 sec

---2015-12-17 17:07:46
MemTotal:        1421560 kB
MemFree:           38832 kB
Buffers:           10188 kB
Cached:           670172 kB
SwapCached:            0 kB
Active:           717840 kB
Inactive:         354256 kB
Active(anon):     393416 kB
Inactive(anon):      876 kB
Active(file):     324424 kB
Inactive(file):   353380 kB
Unevictable:        1588 kB
Mlocked:               0 kB
HighTotal:        885760 kB
HighFree:           4452 kB
LowTotal:         535800 kB
LowFree:           34380 kB
SwapTotal:             0 kB
SwapFree:              0 kB
Dirty:                 0 kB
Writeback:             0 kB
AnonPages:        393408 kB
Mapped:           387936 kB
Shmem:               968 kB
Slab:              44228 kB
SReclaimable:      14092 kB
SUnreclaim:        30136 kB
KernelStack:       11080 kB
PageTables:        27688 kB
NFS_Unstable:          0 kB
Bounce:                0 kB
WritebackTmp:          0 kB
CommitLimit:      710780 kB
Committed_AS:   36896408 kB
VmallocTotal:     460800 kB
VmallocUsed:       20164 kB
VmallocChunk:     198684 kB
Time pass: 330 sec

---2015-12-17 17:07:46
MemTotal:        1421560 kB
MemFree:           39660 kB
Buffers:           10212 kB
Cached:           670156 kB
SwapCached:            0 kB
Active:           717188 kB
Inactive:         354264 kB
Active(anon):     392764 kB
Inactive(anon):      876 kB
Active(file):     324424 kB
Inactive(file):   353388 kB
Unevictable:        1588 kB
Mlocked:               0 kB
HighTotal:        885760 kB
HighFree:           4464 kB
LowTotal:         535800 kB
LowFree:           35196 kB
SwapTotal:             0 kB
SwapFree:              0 kB
Dirty:                16 kB
Writeback:             0 kB
AnonPages:        392656 kB
Mapped:           388084 kB
Shmem:               968 kB
Slab:              44196 kB
SReclaimable:      14092 kB
SUnreclaim:        30104 kB
KernelStack:       11072 kB
PageTables:        27688 kB
NFS_Unstable:          0 kB
Bounce:                0 kB
WritebackTmp:          0 kB
CommitLimit:      710780 kB
Committed_AS:   36896516 kB
VmallocTotal:     460800 kB
VmallocUsed:       20164 kB
VmallocChunk:     198684 kB
Time pass: 334 sec

---2015-12-17 17:07:46
MemTotal:        1421560 kB
MemFree:           38512 kB
Buffers:           10212 kB
Cached:           670172 kB
SwapCached:            0 kB
Active:           717940 kB
Inactive:         354280 kB
Active(anon):     393516 kB
Inactive(anon):      876 kB
Active(file):     324424 kB
Inactive(file):   353404 kB
Unevictable:        1588 kB
Mlocked:               0 kB
HighTotal:        885760 kB
HighFree:           4400 kB
LowTotal:         535800 kB
LowFree:           34112 kB
SwapTotal:             0 kB
SwapFree:              0 kB
Dirty:                 0 kB
Writeback:             0 kB
AnonPages:        393588 kB
Mapped:           388084 kB
Shmem:               968 kB
Slab:              44360 kB
SReclaimable:      14148 kB
SUnreclaim:        30212 kB
KernelStack:       11088 kB
PageTables:        27708 kB
NFS_Unstable:          0 kB
Bounce:                0 kB
WritebackTmp:          0 kB
CommitLimit:      710780 kB
Committed_AS:   36897952 kB
VmallocTotal:     460800 kB
VmallocUsed:       20164 kB
VmallocChunk:     198684 kB
Time pass: 337 sec

---2015-12-17 17:07:46
MemTotal:        1421560 kB
MemFree:           38920 kB
Buffers:           10220 kB
Cached:           670172 kB
SwapCached:            0 kB
Active:           717736 kB
Inactive:         354288 kB
Active(anon):     393312 kB
Inactive(anon):      876 kB
Active(file):     324424 kB
Inactive(file):   353412 kB
Unevictable:        1588 kB
Mlocked:               0 kB
HighTotal:        885760 kB
HighFree:           4400 kB
LowTotal:         535800 kB
LowFree:           34520 kB
SwapTotal:             0 kB
SwapFree:              0 kB
Dirty:                32 kB
Writeback:             0 kB
AnonPages:        393224 kB
Mapped:           388084 kB
Shmem:               968 kB
Slab:              44032 kB
SReclaimable:      14044 kB
SUnreclaim:        29988 kB
KernelStack:       11072 kB
PageTables:        27688 kB
NFS_Unstable:          0 kB
Bounce:                0 kB
WritebackTmp:          0 kB
CommitLimit:      710780 kB
Committed_AS:   36896948 kB
VmallocTotal:     460800 kB
VmallocUsed:       20164 kB
VmallocChunk:     198684 kB
Time pass: 341 sec

---2015-12-17 17:07:46
MemTotal:        1421560 kB
MemFree:           38660 kB
Buffers:           10220 kB
Cached:           670192 kB
SwapCached:            0 kB
Active:           717924 kB
Inactive:         354308 kB
Active(anon):     393500 kB
Inactive(anon):      892 kB
Active(file):     324424 kB
Inactive(file):   353416 kB
Unevictable:        1588 kB
Mlocked:               0 kB
HighTotal:        885760 kB
HighFree:           4400 kB
LowTotal:         535800 kB
LowFree:           34260 kB
SwapTotal:             0 kB
SwapFree:              0 kB
Dirty:                12 kB
Writeback:             0 kB
AnonPages:        393428 kB
Mapped:           388100 kB
