---2015-12-16 15:27:45
MemTotal:        1350964 kB
MemFree:           49544 kB
Buffers:            9476 kB
Cached:           670256 kB
SwapCached:            0 kB
Active:           609888 kB
Inactive:         503344 kB
Active(anon):     435556 kB
Inactive(anon):     1152 kB
Active(file):     174332 kB
Inactive(file):   502192 kB
Unevictable:        1988 kB
Mlocked:               0 kB
HighTotal:        802816 kB
HighFree:           8944 kB
LowTotal:         548148 kB
LowFree:           40600 kB
SwapTotal:             0 kB
SwapFree:              0 kB
Dirty:                 0 kB
Writeback:             0 kB
AnonPages:        435504 kB
Mapped:           199204 kB
Shmem:              1196 kB
Slab:              32580 kB
SReclaimable:      11548 kB
SUnreclaim:        21032 kB
KernelStack:        9392 kB
PageTables:        19404 kB
NFS_Unstable:          0 kB
Bounce:                0 kB
WritebackTmp:          0 kB
CommitLimit:      675480 kB
Committed_AS:   46544504 kB
VmallocTotal:     253952 kB
VmallocUsed:       91148 kB
VmallocChunk:      49156 kB
Time pass: 3 sec

---2015-12-16 15:27:45
MemTotal:        1350964 kB
MemFree:           49560 kB
Buffers:            9476 kB
Cached:           670256 kB
SwapCached:            0 kB
Active:           610048 kB
Inactive:         503368 kB
Active(anon):     435716 kB
Inactive(anon):     1152 kB
Active(file):     174332 kB
Inactive(file):   502216 kB
Unevictable:        1988 kB
Mlocked:               0 kB
HighTotal:        802816 kB
HighFree:           9092 kB
LowTotal:         548148 kB
LowFree:           40468 kB
SwapTotal:             0 kB
SwapFree:              0 kB
Dirty:                 0 kB
Writeback:             0 kB
AnonPages:        435572 kB
Mapped:           199208 kB
Shmem:              1196 kB
Slab:              32604 kB
SReclaimable:      11548 kB
SUnreclaim:        21056 kB
KernelStack:        9392 kB
PageTables:        19404 kB
NFS_Unstable:          0 kB
Bounce:                0 kB
WritebackTmp:          0 kB
CommitLimit:      675480 kB
Committed_AS:   46544496 kB
VmallocTotal:     253952 kB
VmallocUsed:       91148 kB
VmallocChunk:      49156 kB
Time pass: 7 sec

---2015-12-16 15:27:45
MemTotal:        1350964 kB
MemFree:           49924 kB
Buffers:            9476 kB
Cached:           670256 kB
SwapCached:            0 kB
Active:           609992 kB
Inactive:         503356 kB
Active(anon):     435648 kB
Inactive(anon):     1152 kB
Active(file):     174344 kB
Inactive(file):   502204 kB
Unevictable:        1988 kB
Mlocked:               0 kB
HighTotal:        802816 kB
HighFree:           9464 kB
LowTotal:         548148 kB
LowFree:           40460 kB
SwapTotal:             0 kB
SwapFree:              0 kB
Dirty:                 0 kB
Writeback:             0 kB
AnonPages:        435596 kB
Mapped:           199060 kB
Shmem:              1196 kB
Slab:              32580 kB
SReclaimable:      11556 kB
SUnreclaim:        21024 kB
KernelStack:        9392 kB
PageTables:        19400 kB
NFS_Unstable:          0 kB
Bounce:                0 kB
WritebackTmp:          0 kB
CommitLimit:      675480 kB
Committed_AS:   46544496 kB
VmallocTotal:     253952 kB
VmallocUsed:       91148 kB
VmallocChunk:      49156 kB
Time pass: 11 sec

---2015-12-16 15:27:45
MemTotal:        1350964 kB
MemFree:           49552 kB
Buffers:            9476 kB
Cached:           670256 kB
SwapCached:            0 kB
Active:           610084 kB
Inactive:         503356 kB
Active(anon):     435740 kB
Inactive(anon):     1152 kB
Active(file):     174344 kB
Inactive(file):   502204 kB
Unevictable:        1988 kB
Mlocked:               0 kB
HighTotal:        802816 kB
HighFree:           9092 kB
LowTotal:         548148 kB
LowFree:           40460 kB
SwapTotal:             0 kB
SwapFree:              0 kB
Dirty:                 0 kB
Writeback:             0 kB
AnonPages:        435788 kB
Mapped:           199208 kB
Shmem:              1196 kB
Slab:              32588 kB
SReclaimable:      11556 kB
SUnreclaim:        21032 kB
KernelStack:        9392 kB
PageTables:        19404 kB
NFS_Unstable:          0 kB
Bounce:                0 kB
WritebackTmp:          0 kB
CommitLimit:      675480 kB
Committed_AS:   46544520 kB
VmallocTotal:     253952 kB
VmallocUsed:       91148 kB
VmallocChunk:      49156 kB
Time pass: 14 sec

---2015-12-16 15:27:45
MemTotal:        1350964 kB
MemFree:           48116 kB
Buffers:            9476 kB
Cached:           670256 kB
SwapCached:            0 kB
Active:           612280 kB
Inactive:         503352 kB
Active(anon):     437932 kB
Inactive(anon):     1152 kB
Active(file):     174348 kB
Inactive(file):   502200 kB
Unevictable:        1988 kB
Mlocked:               0 kB
HighTotal:        802816 kB
HighFree:           7728 kB
LowTotal:         548148 kB
LowFree:           40388 kB
SwapTotal:             0 kB
SwapFree:              0 kB
Dirty:                 0 kB
Writeback:             0 kB
AnonPages:        437752 kB
Mapped:           199220 kB
Shmem:              1196 kB
Slab:              32600 kB
SReclaimable:      11556 kB
SUnreclaim:        21044 kB
KernelStack:        9408 kB
PageTables:        19448 kB
NFS_Unstable:          0 kB
Bounce:                0 kB
WritebackTmp:          0 kB
CommitLimit:      675480 kB
Committed_AS:   47540516 kB
VmallocTotal:     253952 kB
VmallocUsed:       91148 kB
VmallocChunk:      49156 kB
Time pass: 18 sec

---2015-12-16 15:27:45
MemTotal:        1350964 kB
MemFree:           29628 kB
Buffers:            8676 kB
Cached:           633724 kB
SwapCached:            0 kB
Active:           649268 kB
Inactive:         457332 kB
Active(anon):     466232 kB
Inactive(anon):     1284 kB
Active(file):     183036 kB
Inactive(file):   456048 kB
Unevictable:        1988 kB
Mlocked:               0 kB
HighTotal:        802816 kB
HighFree:           4312 kB
LowTotal:         548148 kB
LowFree:           25316 kB
SwapTotal:             0 kB
SwapFree:              0 kB
Dirty:              1116 kB
Writeback:            72 kB
AnonPages:        466084 kB
Mapped:           222168 kB
Shmem:              1328 kB
Slab:              32836 kB
SReclaimable:      11736 kB
SUnreclaim:        21100 kB
KernelStack:        9880 kB
PageTables:        20144 kB
NFS_Unstable:          0 kB
Bounce:                0 kB
WritebackTmp:          0 kB
CommitLimit:      675480 kB
Committed_AS:   47506432 kB
VmallocTotal:     253952 kB
VmallocUsed:       93280 kB
VmallocChunk:      49156 kB
Time pass: 22 sec

---2015-12-16 15:27:45
MemTotal:        1350964 kB
MemFree:           32728 kB
Buffers:            8652 kB
Cached:           606792 kB
SwapCached:            0 kB
Active:           656988 kB
Inactive:         429764 kB
Active(anon):     473476 kB
Inactive(anon):     1280 kB
Active(file):     183512 kB
Inactive(file):   428484 kB
Unevictable:        1988 kB
Mlocked:               0 kB
HighTotal:        802816 kB
HighFree:           3088 kB
LowTotal:         548148 kB
LowFree:           29640 kB
SwapTotal:             0 kB
SwapFree:              0 kB
Dirty:               156 kB
Writeback:             0 kB
AnonPages:        473656 kB
Mapped:           223876 kB
Shmem:              1324 kB
Slab:              32932 kB
SReclaimable:      11748 kB
SUnreclaim:        21184 kB
KernelStack:        9904 kB
PageTables:        20204 kB
NFS_Unstable:          0 kB
Bounce:                0 kB
WritebackTmp:          0 kB
CommitLimit:      675480 kB
Committed_AS:   47531788 kB
VmallocTotal:     253952 kB
VmallocUsed:       93280 kB
VmallocChunk:      49156 kB
Time pass: 25 sec

---2015-12-16 15:27:45
MemTotal:        1350964 kB
MemFree:           37192 kB
Buffers:            8668 kB
Cached:           588684 kB
SwapCached:            0 kB
Active:           658480 kB
Inactive:         411616 kB
Active(anon):     474784 kB
Inactive(anon):     1280 kB
Active(file):     183696 kB
Inactive(file):   410336 kB
Unevictable:        1988 kB
Mlocked:               0 kB
HighTotal:        802816 kB
HighFree:           5612 kB
LowTotal:         548148 kB
LowFree:           31580 kB
SwapTotal:             0 kB
SwapFree:              0 kB
Dirty:               184 kB
Writeback:             0 kB
AnonPages:        474760 kB
Mapped:           224196 kB
Shmem:              1324 kB
Slab:              33048 kB
SReclaimable:      11752 kB
SUnreclaim:        21296 kB
KernelStack:        9928 kB
PageTables:        20252 kB
NFS_Unstable:          0 kB
Bounce:                0 kB
WritebackTmp:          0 kB
CommitLimit:      675480 kB
Committed_AS:   47544568 kB
VmallocTotal:     253952 kB
VmallocUsed:       93280 kB
VmallocChunk:      49156 kB
Time pass: 29 sec

---2015-12-16 15:27:45
MemTotal:        1350964 kB
MemFree:           33348 kB
Buffers:            8668 kB
Cached:           586644 kB
SwapCached:            0 kB
Active:           658876 kB
Inactive:         409584 kB
Active(anon):     475180 kB
Inactive(anon):     1280 kB
Active(file):     183696 kB
Inactive(file):   408304 kB
Unevictable:        1988 kB
Mlocked:               0 kB
HighTotal:        802816 kB
HighFree:           3032 kB
LowTotal:         548148 kB
LowFree:           30316 kB
SwapTotal:             0 kB
SwapFree:              0 kB
Dirty:               192 kB
Writeback:             0 kB
AnonPages:        475132 kB
Mapped:           224244 kB
Shmem:              1324 kB
Slab:              33016 kB
SReclaimable:      11768 kB
SUnreclaim:        21248 kB
KernelStack:        9912 kB
PageTables:        20228 kB
NFS_Unstable:          0 kB
Bounce:                0 kB
WritebackTmp:          0 kB
CommitLimit:      675480 kB
Committed_AS:   47550336 kB
VmallocTotal:     253952 kB
VmallocUsed:       93280 kB
VmallocChunk:      49156 kB
Time pass: 33 sec

---2015-12-16 15:27:45
MemTotal:        1350964 kB
MemFree:           38348 kB
Buffers:            8684 kB
Cached:           579952 kB
SwapCached:            0 kB
Active:           659696 kB
Inactive:         402852 kB
Active(anon):     475952 kB
Inactive(anon):     1280 kB
Active(file):     183744 kB
Inactive(file):   401572 kB
Unevictable:        1988 kB
Mlocked:               0 kB
HighTotal:        802816 kB
HighFree:           8440 kB
LowTotal:         548148 kB
LowFree:           29908 kB
SwapTotal:             0 kB
SwapFree:              0 kB
Dirty:               400 kB
Writeback:             0 kB
AnonPages:        475828 kB
Mapped:           224360 kB
Shmem:              1324 kB
Slab:              33064 kB
SReclaimable:      11740 kB
SUnreclaim:        21324 kB
KernelStack:        9952 kB
PageTables:        20272 kB
NFS_Unstable:          0 kB
Bounce:                0 kB
WritebackTmp:          0 kB
CommitLimit:      675480 kB
Committed_AS:   47551040 kB
VmallocTotal:     253952 kB
VmallocUsed:       93280 kB
VmallocChunk:      49156 kB
Time pass: 37 sec

---2015-12-16 15:27:45
MemTotal:        1350964 kB
MemFree:           32148 kB
Buffers:            8540 kB
Cached:           547984 kB
SwapCached:            0 kB
Active:           673344 kB
Inactive:         370452 kB
Active(anon):     489304 kB
Inactive(anon):     1280 kB
Active(file):     184040 kB
Inactive(file):   369172 kB
Unevictable:        1988 kB
Mlocked:               0 kB
HighTotal:        802816 kB
HighFree:           2784 kB
LowTotal:         548148 kB
LowFree:           29364 kB
SwapTotal:             0 kB
SwapFree:              0 kB
Dirty:                 4 kB
Writeback:             0 kB
AnonPages:        489360 kB
Mapped:           224828 kB
Shmem:              1324 kB
Slab:              33128 kB
SReclaimable:      11760 kB
SUnreclaim:        21368 kB
KernelStack:        9968 kB
PageTables:        20488 kB
NFS_Unstable:          0 kB
Bounce:                0 kB
WritebackTmp:          0 kB
CommitLimit:      675480 kB
Committed_AS:   47660152 kB
VmallocTotal:     253952 kB
VmallocUsed:       93732 kB
VmallocChunk:      49156 kB
Time pass: 40 sec

---2015-12-16 15:27:45
MemTotal:        1350964 kB
MemFree:           36736 kB
Buffers:            8488 kB
Cached:           541808 kB
SwapCached:            0 kB
Active:           676248 kB
Inactive:         363652 kB
Active(anon):     491636 kB
Inactive(anon):     1280 kB
Active(file):     184612 kB
Inactive(file):   362372 kB
Unevictable:        1988 kB
Mlocked:               0 kB
HighTotal:        802816 kB
HighFree:           7000 kB
LowTotal:         548148 kB
LowFree:           29736 kB
SwapTotal:             0 kB
SwapFree:              0 kB
Dirty:                 0 kB
Writeback:             0 kB
AnonPages:        491708 kB
Mapped:           225108 kB
Shmem:              1324 kB
Slab:              33104 kB
SReclaimable:      11764 kB
SUnreclaim:        21340 kB
KernelStack:        9968 kB
PageTables:        20504 kB
NFS_Unstable:          0 kB
Bounce:                0 kB
WritebackTmp:          0 kB
CommitLimit:      675480 kB
Committed_AS:   47658360 kB
VmallocTotal:     253952 kB
VmallocUsed:       93732 kB
VmallocChunk:      49156 kB
Time pass: 44 sec

---2015-12-16 15:27:45
MemTotal:        1350964 kB
MemFree:           36532 kB
Buffers:            8568 kB
Cached:           543140 kB
SwapCached:            0 kB
Active:           690284 kB
Inactive:         364888 kB
Active(anon):     505476 kB
Inactive(anon):     1280 kB
Active(file):     184808 kB
Inactive(file):   363608 kB
Unevictable:        1988 kB
Mlocked:               0 kB
HighTotal:        802816 kB
HighFree:           1792 kB
LowTotal:         548148 kB
LowFree:           34740 kB
SwapTotal:             0 kB
SwapFree:              0 kB
Dirty:               772 kB
Writeback:             0 kB
AnonPages:        505540 kB
Mapped:           226008 kB
Shmem:              1324 kB
Slab:              33204 kB
SReclaimable:      11792 kB
SUnreclaim:        21412 kB
KernelStack:       10008 kB
PageTables:        20488 kB
NFS_Unstable:          0 kB
Bounce:                0 kB
WritebackTmp:          0 kB
CommitLimit:      675480 kB
Committed_AS:   47648332 kB
VmallocTotal:     253952 kB
VmallocUsed:       93832 kB
VmallocChunk:      49156 kB
Time pass: 49 sec

---2015-12-16 15:27:45
MemTotal:        1350964 kB
MemFree:           32380 kB
Buffers:            8232 kB
Cached:           536484 kB
SwapCached:            0 kB
Active:           696648 kB
Inactive:         357552 kB
Active(anon):     511516 kB
Inactive(anon):     1280 kB
Active(file):     185132 kB
Inactive(file):   356272 kB
Unevictable:        1988 kB
Mlocked:               0 kB
HighTotal:        802816 kB
HighFree:           2752 kB
LowTotal:         548148 kB
LowFree:           29628 kB
SwapTotal:             0 kB
SwapFree:              0 kB
Dirty:              6420 kB
Writeback:             0 kB
AnonPages:        511524 kB
Mapped:           226140 kB
Shmem:              1324 kB
Slab:              33480 kB
SReclaimable:      11880 kB
SUnreclaim:        21600 kB
KernelStack:        9992 kB
PageTables:        20508 kB
NFS_Unstable:          0 kB
Bounce:                0 kB
WritebackTmp:          0 kB
CommitLimit:      675480 kB
Committed_AS:   47661728 kB
VmallocTotal:     253952 kB
VmallocUsed:       93832 kB
VmallocChunk:      49156 kB
Time pass: 55 sec

---2015-12-16 15:27:45
MemTotal:        1350964 kB
MemFree:           31704 kB
Buffers:            8252 kB
Cached:           536840 kB
SwapCached:            0 kB
Active:           697104 kB
Inactive:         357900 kB
Active(anon):     511972 kB
Inactive(anon):     1280 kB
Active(file):     185132 kB
Inactive(file):   356620 kB
Unevictable:        1988 kB
Mlocked:               0 kB
HighTotal:        802816 kB
HighFree:           2108 kB
LowTotal:         548148 kB
LowFree:           29596 kB
SwapTotal:             0 kB
SwapFree:              0 kB
Dirty:                 0 kB
Writeback:             0 kB
AnonPages:        512112 kB
Mapped:           226584 kB
Shmem:              1324 kB
Slab:              33580 kB
SReclaimable:      11880 kB
SUnreclaim:        21700 kB
KernelStack:       10008 kB
PageTables:        20524 kB
NFS_Unstable:          0 kB
Bounce:                0 kB
WritebackTmp:          0 kB
CommitLimit:      675480 kB
Committed_AS:   47662120 kB
VmallocTotal:     253952 kB
VmallocUsed:       93832 kB
VmallocChunk:      49156 kB
Time pass: 58 sec

---2015-12-16 15:27:45
MemTotal:        1350964 kB
MemFree:           29352 kB
Buffers:            8252 kB
Cached:           538464 kB
SwapCached:            0 kB
Active:           692592 kB
Inactive:         359468 kB
Active(anon):     507416 kB
Inactive(anon):     1280 kB
Active(file):     185176 kB
Inactive(file):   358188 kB
Unevictable:        1988 kB
Mlocked:               0 kB
HighTotal:        802816 kB
HighFree:           1884 kB
LowTotal:         548148 kB
LowFree:           27468 kB
SwapTotal:             0 kB
SwapFree:              0 kB
Dirty:               280 kB
Writeback:             0 kB
AnonPages:        507472 kB
Mapped:           227144 kB
Shmem:              1324 kB
Slab:              33484 kB
SReclaimable:      11872 kB
SUnreclaim:        21612 kB
KernelStack:       10024 kB
PageTables:        20528 kB
NFS_Unstable:          0 kB
Bounce:                0 kB
WritebackTmp:          0 kB
CommitLimit:      675480 kB
Committed_AS:   47659288 kB
VmallocTotal:     253952 kB
VmallocUsed:       93832 kB
VmallocChunk:      49156 kB
Time pass: 62 sec

---2015-12-16 15:27:45
MemTotal:        1350964 kB
MemFree:           32220 kB
Buffers:            8248 kB
Cached:           534500 kB
SwapCached:            0 kB
Active:           695532 kB
Inactive:         352844 kB
Active(anon):     507668 kB
Inactive(anon):     1280 kB
Active(file):     187864 kB
Inactive(file):   351564 kB
Unevictable:        1988 kB
Mlocked:               0 kB
HighTotal:        802816 kB
HighFree:           3000 kB
LowTotal:         548148 kB
LowFree:           29220 kB
SwapTotal:             0 kB
SwapFree:              0 kB
Dirty:                48 kB
Writeback:             0 kB
AnonPages:        507816 kB
Mapped:           227148 kB
Shmem:              1324 kB
Slab:              33512 kB
SReclaimable:      11868 kB
SUnreclaim:        21644 kB
KernelStack:       10024 kB
PageTables:        20524 kB
NFS_Unstable:          0 kB
Bounce:                0 kB
WritebackTmp:          0 kB
CommitLimit:      675480 kB
Committed_AS:   47659592 kB
VmallocTotal:     253952 kB
VmallocUsed:       93832 kB
VmallocChunk:      49156 kB
Time pass: 65 sec

---2015-12-16 15:27:45
MemTotal:        1350964 kB
MemFree:           35388 kB
Buffers:            8172 kB
Cached:           517968 kB
SwapCached:            0 kB
Active:           710180 kB
Inactive:         325968 kB
Active(anon):     512332 kB
Inactive(anon):     1280 kB
Active(file):     197848 kB
Inactive(file):   324688 kB
Unevictable:        1988 kB
Mlocked:               0 kB
HighTotal:        802816 kB
HighFree:           2664 kB
LowTotal:         548148 kB
LowFree:           32724 kB
SwapTotal:             0 kB
SwapFree:              0 kB
Dirty:               568 kB
Writeback:             0 kB
AnonPages:        512364 kB
Mapped:           227564 kB
Shmem:              1324 kB
Slab:              33504 kB
SReclaimable:      11908 kB
SUnreclaim:        21596 kB
KernelStack:       10024 kB
PageTables:        20556 kB
NFS_Unstable:          0 kB
Bounce:                0 kB
WritebackTmp:          0 kB
CommitLimit:      675480 kB
Committed_AS:   47673248 kB
VmallocTotal:     253952 kB
VmallocUsed:       93832 kB
VmallocChunk:      49156 kB
Time pass: 69 sec

---2015-12-16 15:27:45
MemTotal:        1350964 kB
MemFree:           32928 kB
Buffers:            8180 kB
Cached:           512468 kB
SwapCached:            0 kB
Active:           720876 kB
Inactive:         318520 kB
Active(anon):     520780 kB
Inactive(anon):     1280 kB
Active(file):     200096 kB
Inactive(file):   317240 kB
Unevictable:        1988 kB
Mlocked:               0 kB
HighTotal:        802816 kB
HighFree:           1512 kB
LowTotal:         548148 kB
LowFree:           31416 kB
SwapTotal:             0 kB
SwapFree:              0 kB
Dirty:               848 kB
Writeback:             0 kB
AnonPages:        520840 kB
Mapped:           230988 kB
Shmem:              1324 kB
Slab:              33724 kB
SReclaimable:      11916 kB
SUnreclaim:        21808 kB
KernelStack:       10088 kB
PageTables:        20592 kB
NFS_Unstable:          0 kB
Bounce:                0 kB
WritebackTmp:          0 kB
CommitLimit:      675480 kB
Committed_AS:   47688844 kB
VmallocTotal:     253952 kB
VmallocUsed:       93832 kB
VmallocChunk:      49156 kB
Time pass: 73 sec

---2015-12-16 15:27:45
MemTotal:        1350964 kB
MemFree:           38900 kB
Buffers:            8172 kB
Cached:           493808 kB
SwapCached:            0 kB
Active:           728388 kB
Inactive:         298604 kB
Active(anon):     527052 kB
Inactive(anon):     1396 kB
Active(file):     201336 kB
Inactive(file):   297208 kB
Unevictable:        1988 kB
Mlocked:               0 kB
HighTotal:        802816 kB
HighFree:           3000 kB
LowTotal:         548148 kB
LowFree:           35900 kB
SwapTotal:             0 kB
SwapFree:              0 kB
Dirty:               368 kB
Writeback:             0 kB
AnonPages:        526988 kB
Mapped:           232360 kB
Shmem:              1444 kB
Slab:              33676 kB
SReclaimable:      11916 kB
SUnreclaim:        21760 kB
KernelStack:       10192 kB
PageTables:        20720 kB
NFS_Unstable:          0 kB
Bounce:                0 kB
WritebackTmp:          0 kB
CommitLimit:      675480 kB
Committed_AS:   47706824 kB
VmallocTotal:     253952 kB
VmallocUsed:       94492 kB
VmallocChunk:      49156 kB
Time pass: 79 sec

---2015-12-16 15:27:45
MemTotal:        1350964 kB
MemFree:           31720 kB
Buffers:            8188 kB
Cached:           490624 kB
SwapCached:            0 kB
Active:           735128 kB
Inactive:         294524 kB
Active(anon):     532880 kB
Inactive(anon):     1452 kB
Active(file):     202248 kB
Inactive(file):   293072 kB
Unevictable:        1988 kB
Mlocked:               0 kB
HighTotal:        802816 kB
HighFree:           1488 kB
LowTotal:         548148 kB
LowFree:           30232 kB
SwapTotal:             0 kB
SwapFree:              0 kB
Dirty:               112 kB
Writeback:             0 kB
AnonPages:        532756 kB
Mapped:           232472 kB
Shmem:              1500 kB
Slab:              33712 kB
SReclaimable:      11916 kB
SUnreclaim:        21796 kB
KernelStack:       10224 kB
PageTables:        20912 kB
NFS_Unstable:          0 kB
Bounce:                0 kB
WritebackTmp:          0 kB
CommitLimit:      675480 kB
Committed_AS:   47716604 kB
VmallocTotal:     253952 kB
VmallocUsed:       94828 kB
VmallocChunk:      49156 kB
Time pass: 83 sec

---2015-12-16 15:27:45
MemTotal:        1350964 kB
MemFree:           32392 kB
Buffers:            8236 kB
Cached:           487860 kB
SwapCached:            0 kB
Active:           737056 kB
Inactive:         291708 kB
Active(anon):     534704 kB
Inactive(anon):     1540 kB
Active(file):     202352 kB
Inactive(file):   290168 kB
Unevictable:        1988 kB
Mlocked:               0 kB
HighTotal:        802816 kB
HighFree:           1512 kB
LowTotal:         548148 kB
LowFree:           30880 kB
SwapTotal:             0 kB
SwapFree:              0 kB
Dirty:                92 kB
Writeback:            16 kB
AnonPages:        534848 kB
Mapped:           232540 kB
Shmem:              1588 kB
Slab:              33748 kB
SReclaimable:      11924 kB
SUnreclaim:        21824 kB
KernelStack:       10208 kB
PageTables:        20900 kB
NFS_Unstable:          0 kB
Bounce:                0 kB
WritebackTmp:          0 kB
CommitLimit:      675480 kB
Committed_AS:   47717280 kB
VmallocTotal:     253952 kB
VmallocUsed:       94828 kB
VmallocChunk:      49156 kB
Time pass: 88 sec

---2015-12-16 15:27:45
MemTotal:        1350964 kB
MemFree:           32608 kB
Buffers:            8236 kB
Cached:           487912 kB
SwapCached:            0 kB
Active:           737384 kB
Inactive:         291732 kB
Active(anon):     535012 kB
Inactive(anon):     1540 kB
Active(file):     202372 kB
Inactive(file):   290192 kB
Unevictable:        1988 kB
Mlocked:               0 kB
HighTotal:        802816 kB
HighFree:           1760 kB
LowTotal:         548148 kB
LowFree:           30848 kB
SwapTotal:             0 kB
SwapFree:              0 kB
Dirty:                36 kB
Writeback:             0 kB
AnonPages:        534900 kB
Mapped:           232560 kB
Shmem:              1588 kB
Slab:              33748 kB
SReclaimable:      11924 kB
SUnreclaim:        21824 kB
KernelStack:       10216 kB
PageTables:        20904 kB
NFS_Unstable:          0 kB
Bounce:                0 kB
WritebackTmp:          0 kB
CommitLimit:      675480 kB
Committed_AS:   47717408 kB
VmallocTotal:     253952 kB
VmallocUsed:       94828 kB
VmallocChunk:      49156 kB
Time pass: 92 sec

---2015-12-16 15:27:45
MemTotal:        1350964 kB
MemFree:           31920 kB
Buffers:            8260 kB
Cached:           487952 kB
SwapCached:            0 kB
Active:           738652 kB
Inactive:         291784 kB
Active(anon):     536264 kB
Inactive(anon):     1540 kB
Active(file):     202388 kB
Inactive(file):   290244 kB
Unevictable:        1988 kB
Mlocked:               0 kB
HighTotal:        802816 kB
HighFree:           1512 kB
LowTotal:         548148 kB
LowFree:           30408 kB
SwapTotal:             0 kB
SwapFree:              0 kB
Dirty:                72 kB
Writeback:             0 kB
AnonPages:        536316 kB
Mapped:           232608 kB
Shmem:              1588 kB
Slab:              33688 kB
SReclaimable:      11924 kB
SUnreclaim:        21764 kB
KernelStack:       10208 kB
PageTables:        20924 kB
NFS_Unstable:          0 kB
Bounce:                0 kB
WritebackTmp:          0 kB
CommitLimit:      675480 kB
Committed_AS:   47719516 kB
VmallocTotal:     253952 kB
VmallocUsed:       94828 kB
VmallocChunk:      49156 kB
Time pass: 97 sec

---2015-12-16 15:27:45
MemTotal:        1350964 kB
MemFree:           30916 kB
Buffers:            8276 kB
Cached:           487992 kB
SwapCached:            0 kB
Active:           738676 kB
Inactive:         291800 kB
Active(anon):     536272 kB
Inactive(anon):     1540 kB
Active(file):     202404 kB
Inactive(file):   290260 kB
Unevictable:        1988 kB
Mlocked:               0 kB
HighTotal:        802816 kB
HighFree:           1512 kB
LowTotal:         548148 kB
LowFree:           29404 kB
SwapTotal:             0 kB
SwapFree:              0 kB
Dirty:                12 kB
Writeback:             0 kB
AnonPages:        536168 kB
Mapped:           232608 kB
Shmem:              1588 kB
Slab:              33764 kB
SReclaimable:      11924 kB
SUnreclaim:        21840 kB
KernelStack:       10208 kB
PageTables:        20928 kB
NFS_Unstable:          0 kB
Bounce:                0 kB
WritebackTmp:          0 kB
CommitLimit:      675480 kB
Committed_AS:   47719444 kB
VmallocTotal:     253952 kB
VmallocUsed:       94828 kB
VmallocChunk:      49156 kB
Time pass: 100 sec

---2015-12-16 15:27:45
MemTotal:        1350964 kB
MemFree:           31408 kB
Buffers:            8284 kB
Cached:           488056 kB
SwapCached:            0 kB
Active:           738856 kB
Inactive:         291852 kB
Active(anon):     536440 kB
Inactive(anon):     1560 kB
Active(file):     202416 kB
Inactive(file):   290292 kB
Unevictable:        1988 kB
Mlocked:               0 kB
HighTotal:        802816 kB
HighFree:           2132 kB
LowTotal:         548148 kB
LowFree:           29276 kB
SwapTotal:             0 kB
SwapFree:              0 kB
Dirty:                88 kB
Writeback:             0 kB
AnonPages:        536524 kB
Mapped:           232628 kB
Shmem:              1608 kB
Slab:              33744 kB
SReclaimable:      11924 kB
SUnreclaim:        21820 kB
KernelStack:       10208 kB
PageTables:        20928 kB
NFS_Unstable:          0 kB
Bounce:                0 kB
WritebackTmp:          0 kB
CommitLimit:      675480 kB
Committed_AS:   47719360 kB
VmallocTotal:     253952 kB
VmallocUsed:       94828 kB
VmallocChunk:      49156 kB
Time pass: 104 sec

---2015-12-16 15:27:45
MemTotal:        1350964 kB
MemFree:           31408 kB
Buffers:            8300 kB
Cached:           488128 kB
SwapCached:            0 kB
Active:           738488 kB
Inactive:         291908 kB
Active(anon):     536060 kB
Inactive(anon):     1560 kB
Active(file):     202428 kB
Inactive(file):   290348 kB
Unevictable:        1988 kB
Mlocked:               0 kB
HighTotal:        802816 kB
HighFree:           1512 kB
LowTotal:         548148 kB
LowFree:           29896 kB
SwapTotal:             0 kB
SwapFree:              0 kB
Dirty:               100 kB
Writeback:             0 kB
AnonPages:        536004 kB
Mapped:           232608 kB
Shmem:              1636 kB
Slab:              33820 kB
SReclaimable:      11924 kB
SUnreclaim:        21896 kB
KernelStack:       10208 kB
PageTables:        20940 kB
NFS_Unstable:          0 kB
Bounce:                0 kB
WritebackTmp:          0 kB
CommitLimit:      675480 kB
Committed_AS:   47719280 kB
VmallocTotal:     253952 kB
VmallocUsed:       94828 kB
VmallocChunk:      49156 kB
Time pass: 108 sec

---2015-12-16 15:27:45
MemTotal:        1350964 kB
MemFree:           31896 kB
Buffers:            8308 kB
Cached:           488176 kB
SwapCached:            0 kB
Active:           737452 kB
Inactive:         291968 kB
Active(anon):     535012 kB
Inactive(anon):     1588 kB
Active(file):     202440 kB
Inactive(file):   290380 kB
Unevictable:        1988 kB
Mlocked:               0 kB
HighTotal:        802816 kB
HighFree:           2132 kB
LowTotal:         548148 kB
LowFree:           29764 kB
SwapTotal:             0 kB
SwapFree:              0 kB
Dirty:                72 kB
Writeback:             0 kB
AnonPages:        535112 kB
Mapped:           232656 kB
Shmem:              1636 kB
Slab:              33764 kB
SReclaimable:      11924 kB
SUnreclaim:        21840 kB
KernelStack:       10192 kB
PageTables:        20928 kB
NFS_Unstable:          0 kB
Bounce:                0 kB
WritebackTmp:          0 kB
CommitLimit:      675480 kB
Committed_AS:   47718088 kB
VmallocTotal:     253952 kB
VmallocUsed:       94828 kB
VmallocChunk:      49156 kB
Time pass: 112 sec

---2015-12-16 15:27:45
MemTotal:        1350964 kB
MemFree:           31548 kB
Buffers:            8308 kB
Cached:           488212 kB
SwapCached:            0 kB
Active:           737468 kB
Inactive:         292028 kB
Active(anon):     535020 kB
Inactive(anon):     1588 kB
Active(file):     202448 kB
Inactive(file):   290440 kB
Unevictable:        1988 kB
Mlocked:               0 kB
HighTotal:        802816 kB
HighFree:           1884 kB
LowTotal:         548148 kB
LowFree:           29664 kB
SwapTotal:             0 kB
SwapFree:              0 kB
Dirty:                12 kB
Writeback:             0 kB
AnonPages:        535036 kB
Mapped:           232656 kB
Shmem:              1636 kB
Slab:              33780 kB
SReclaimable:      11924 kB
SUnreclaim:        21856 kB
KernelStack:       10192 kB
PageTables:        20928 kB
NFS_Unstable:          0 kB
Bounce:                0 kB
WritebackTmp:          0 kB
CommitLimit:      675480 kB
Committed_AS:   47718020 kB
VmallocTotal:     253952 kB
VmallocUsed:       94828 kB
VmallocChunk:      49156 kB
Time pass: 115 sec

---2015-12-16 15:27:45
MemTotal:        1350964 kB
MemFree:           31424 kB
Buffers:            8316 kB
Cached:           488408 kB
SwapCached:            0 kB
Active:           737776 kB
Inactive:         292056 kB
Active(anon):     535316 kB
Inactive(anon):     1588 kB
Active(file):     202460 kB
Inactive(file):   290468 kB
Unevictable:        1988 kB
Mlocked:               0 kB
HighTotal:        802816 kB
HighFree:           1760 kB
LowTotal:         548148 kB
LowFree:           29664 kB
SwapTotal:             0 kB
SwapFree:              0 kB
Dirty:                68 kB
Writeback:             0 kB
AnonPages:        535444 kB
Mapped:           232656 kB
Shmem:              1636 kB
Slab:              33776 kB
SReclaimable:      11924 kB
SUnreclaim:        21852 kB
KernelStack:       10192 kB
PageTables:        20924 kB
NFS_Unstable:          0 kB
Bounce:                0 kB
WritebackTmp:          0 kB
CommitLimit:      675480 kB
Committed_AS:   47718300 kB
VmallocTotal:     253952 kB
VmallocUsed:       94828 kB
VmallocChunk:      49156 kB
Time pass: 119 sec

---2015-12-16 15:27:45
MemTotal:        1350964 kB
MemFree:           31068 kB
Buffers:            8324 kB
Cached:           488400 kB
SwapCached:            0 kB
Active:           737772 kB
Inactive:         292192 kB
Active(anon):     535300 kB
Inactive(anon):     1680 kB
Active(file):     202472 kB
Inactive(file):   290512 kB
Unevictable:        1988 kB
Mlocked:               0 kB
HighTotal:        802816 kB
HighFree:           1512 kB
LowTotal:         548148 kB
LowFree:           29556 kB
SwapTotal:             0 kB
SwapFree:              0 kB
Dirty:                56 kB
Writeback:             0 kB
AnonPages:        535260 kB
Mapped:           232700 kB
Shmem:              1728 kB
Slab:              33792 kB
SReclaimable:      11924 kB
SUnreclaim:        21868 kB
KernelStack:       10192 kB
PageTables:        20912 kB
NFS_Unstable:          0 kB
Bounce:                0 kB
WritebackTmp:          0 kB
CommitLimit:      675480 kB
Committed_AS:   47718140 kB
VmallocTotal:     253952 kB
VmallocUsed:       94828 kB
VmallocChunk:      49156 kB
Time pass: 123 sec

---2015-12-16 15:27:45
MemTotal:        1350964 kB
MemFree:           31892 kB
Buffers:            8332 kB
Cached:           486420 kB
SwapCached:            0 kB
Active:           738824 kB
Inactive:         290184 kB
Active(anon):     536312 kB
Inactive(anon):     2392 kB
Active(file):     202512 kB
Inactive(file):   287792 kB
Unevictable:        1988 kB
Mlocked:               0 kB
HighTotal:        802816 kB
HighFree:           1988 kB
LowTotal:         548148 kB
LowFree:           29904 kB
SwapTotal:             0 kB
SwapFree:              0 kB
Dirty:                24 kB
Writeback:             0 kB
AnonPages:        536112 kB
Mapped:           233320 kB
Shmem:              2448 kB
Slab:              33816 kB
SReclaimable:      11924 kB
SUnreclaim:        21892 kB
KernelStack:       10192 kB
PageTables:        20928 kB
NFS_Unstable:          0 kB
Bounce:                0 kB
WritebackTmp:          0 kB
CommitLimit:      675480 kB
Committed_AS:   47718132 kB
VmallocTotal:     253952 kB
VmallocUsed:       94828 kB
VmallocChunk:      49156 kB
Time pass: 126 sec

---2015-12-16 15:27:45
MemTotal:        1350964 kB
MemFree:           31656 kB
Buffers:            8332 kB
Cached:           486476 kB
SwapCached:            0 kB
Active:           738748 kB
Inactive:         290224 kB
Active(anon):     536224 kB
Inactive(anon):     2400 kB
Active(file):     202524 kB
Inactive(file):   287824 kB
Unevictable:        1988 kB
Mlocked:               0 kB
HighTotal:        802816 kB
HighFree:           1636 kB
LowTotal:         548148 kB
LowFree:           30020 kB
SwapTotal:             0 kB
SwapFree:              0 kB
Dirty:                12 kB
Writeback:             0 kB
AnonPages:        536236 kB
Mapped:           233468 kB
Shmem:              2448 kB
Slab:              33752 kB
SReclaimable:      11924 kB
SUnreclaim:        21828 kB
KernelStack:       10192 kB
PageTables:        20928 kB
NFS_Unstable:          0 kB
Bounce:                0 kB
WritebackTmp:          0 kB
CommitLimit:      675480 kB
Committed_AS:   47718092 kB
VmallocTotal:     253952 kB
VmallocUsed:       94828 kB
VmallocChunk:      49156 kB
Time pass: 130 sec

---2015-12-16 15:27:45
MemTotal:        1350964 kB
MemFree:           31672 kB
Buffers:            8340 kB
Cached:           486528 kB
SwapCached:            0 kB
Active:           738800 kB
Inactive:         290292 kB
Active(anon):     536276 kB
Inactive(anon):     2400 kB
Active(file):     202524 kB
Inactive(file):   287892 kB
Unevictable:        1988 kB
Mlocked:               0 kB
HighTotal:        802816 kB
HighFree:           1636 kB
LowTotal:         548148 kB
LowFree:           30036 kB
SwapTotal:             0 kB
SwapFree:              0 kB
Dirty:                72 kB
Writeback:             0 kB
AnonPages:        536240 kB
Mapped:           233424 kB
Shmem:              2448 kB
Slab:              33772 kB
SReclaimable:      11924 kB
SUnreclaim:        21848 kB
KernelStack:       10192 kB
PageTables:        20892 kB
NFS_Unstable:          0 kB
Bounce:                0 kB
WritebackTmp:          0 kB
CommitLimit:      675480 kB
Committed_AS:   47718076 kB
VmallocTotal:     253952 kB
VmallocUsed:       94828 kB
VmallocChunk:      49156 kB
Time pass: 134 sec

---2015-12-16 15:27:45
MemTotal:        1350964 kB
MemFree:           47188 kB
Buffers:            8348 kB
Cached:           483280 kB
SwapCached:            0 kB
Active:           732804 kB
Inactive:         286848 kB
Active(anon):     530056 kB
Inactive(anon):     1280 kB
Active(file):     202748 kB
Inactive(file):   285568 kB
Unevictable:        1988 kB
Mlocked:               0 kB
HighTotal:        802816 kB
HighFree:           5212 kB
LowTotal:         548148 kB
LowFree:           41976 kB
SwapTotal:             0 kB
SwapFree:              0 kB
Dirty:                28 kB
Writeback:             0 kB
AnonPages:        530060 kB
Mapped:           232120 kB
Shmem:              1324 kB
Slab:              33788 kB
SReclaimable:      11932 kB
SUnreclaim:        21856 kB
KernelStack:       10040 kB
PageTables:        20664 kB
NFS_Unstable:          0 kB
Bounce:                0 kB
WritebackTmp:          0 kB
CommitLimit:      675480 kB
Committed_AS:   47691128 kB
VmallocTotal:     253952 kB
VmallocUsed:       94948 kB
VmallocChunk:      36868 kB
Time pass: 137 sec

---2015-12-16 15:27:45
MemTotal:        1350964 kB
MemFree:          209464 kB
Buffers:            8380 kB
Cached:           483256 kB
SwapCached:            0 kB
Active:           663544 kB
Inactive:         286624 kB
Active(anon):     460564 kB
Inactive(anon):     1152 kB
Active(file):     202980 kB
Inactive(file):   285472 kB
Unevictable:        1988 kB
Mlocked:               0 kB
HighTotal:        802816 kB
HighFree:         112376 kB
LowTotal:         548148 kB
LowFree:           97088 kB
SwapTotal:             0 kB
SwapFree:              0 kB
Dirty:                84 kB
Writeback:             0 kB
AnonPages:        460576 kB
Mapped:           201336 kB
Shmem:              1196 kB
Slab:              33640 kB
SReclaimable:      11932 kB
SUnreclaim:        21708 kB
KernelStack:        9632 kB
PageTables:        19368 kB
NFS_Unstable:          0 kB
Bounce:                0 kB
WritebackTmp:          0 kB
CommitLimit:      675480 kB
Committed_AS:   45828236 kB
VmallocTotal:     253952 kB
VmallocUsed:       91808 kB
VmallocChunk:      36868 kB
Time pass: 141 sec

---2015-12-16 15:27:45
MemTotal:        1350964 kB
MemFree:          210732 kB
Buffers:            8380 kB
Cached:           483264 kB
SwapCached:            0 kB
Active:           663248 kB
Inactive:         286628 kB
Active(anon):     460264 kB
Inactive(anon):     1152 kB
Active(file):     202984 kB
Inactive(file):   285476 kB
Unevictable:        1988 kB
Mlocked:               0 kB
HighTotal:        802816 kB
HighFree:         113120 kB
LowTotal:         548148 kB
LowFree:           97612 kB
SwapTotal:             0 kB
SwapFree:              0 kB
Dirty:                88 kB
Writeback:             0 kB
AnonPages:        460276 kB
Mapped:           201316 kB
Shmem:              1196 kB
Slab:              33588 kB
SReclaimable:      11916 kB
SUnreclaim:        21672 kB
KernelStack:        8968 kB
PageTables:        19336 kB
NFS_Unstable:          0 kB
Bounce:                0 kB
WritebackTmp:          0 kB
CommitLimit:      675480 kB
Committed_AS:   45827276 kB
VmallocTotal:     253952 kB
VmallocUsed:       91808 kB
VmallocChunk:      36868 kB
Time pass: 144 sec

---2015-12-16 15:27:45
MemTotal:        1350964 kB
MemFree:          210492 kB
Buffers:            8388 kB
Cached:           483264 kB
SwapCached:            0 kB
Active:           663276 kB
Inactive:         286636 kB
Active(anon):     460292 kB
Inactive(anon):     1152 kB
Active(file):     202984 kB
Inactive(file):   285484 kB
Unevictable:        1988 kB
Mlocked:               0 kB
HighTotal:        802816 kB
HighFree:         113020 kB
LowTotal:         548148 kB
LowFree:           97472 kB
SwapTotal:             0 kB
SwapFree:              0 kB
Dirty:                20 kB
Writeback:             0 kB
AnonPages:        460388 kB
Mapped:           201276 kB
Shmem:              1196 kB
Slab:              33588 kB
SReclaimable:      11916 kB
SUnreclaim:        21672 kB
KernelStack:        8968 kB
PageTables:        19324 kB
NFS_Unstable:          0 kB
Bounce:                0 kB
WritebackTmp:          0 kB
CommitLimit:      675480 kB
Committed_AS:   45827264 kB
VmallocTotal:     253952 kB
VmallocUsed:       91808 kB
VmallocChunk:      36868 kB
Time pass: 148 sec

---2015-12-16 15:27:45
MemTotal:        1350964 kB
MemFree:          211144 kB
Buffers:            8388 kB
Cached:           483264 kB
SwapCached:            0 kB
Active:           663296 kB
Inactive:         286636 kB
Active(anon):     460312 kB
Inactive(anon):     1152 kB
Active(file):     202984 kB
Inactive(file):   285484 kB
Unevictable:        1988 kB
Mlocked:               0 kB
HighTotal:        802816 kB
HighFree:         112896 kB
LowTotal:         548148 kB
LowFree:           98248 kB
SwapTotal:             0 kB
SwapFree:              0 kB
Dirty:                 0 kB
Writeback:             0 kB
AnonPages:        460360 kB
Mapped:           201316 kB
Shmem:              1196 kB
Slab:              33588 kB
SReclaimable:      11916 kB
SUnreclaim:        21672 kB
KernelStack:        8928 kB
PageTables:        19328 kB
NFS_Unstable:          0 kB
Bounce:                0 kB
WritebackTmp:          0 kB
CommitLimit:      675480 kB
Committed_AS:   45827100 kB
VmallocTotal:     253952 kB
VmallocUsed:       91808 kB
VmallocChunk:      36868 kB
Time pass: 151 sec

---2015-12-16 15:27:45
MemTotal:        1350964 kB
MemFree:          210848 kB
Buffers:            8388 kB
Cached:           483268 kB
SwapCached:            0 kB
Active:           663852 kB
Inactive:         286636 kB
Active(anon):     460868 kB
Inactive(anon):     1152 kB
Active(file):     202984 kB
Inactive(file):   285484 kB
Unevictable:        1988 kB
Mlocked:               0 kB
HighTotal:        802816 kB
HighFree:         112352 kB
LowTotal:         548148 kB
LowFree:           98496 kB
SwapTotal:             0 kB
SwapFree:              0 kB
Dirty:                 0 kB
Writeback:             0 kB
AnonPages:        460756 kB
Mapped:           201172 kB
Shmem:              1196 kB
Slab:              33588 kB
SReclaimable:      11916 kB
SUnreclaim:        21672 kB
KernelStack:        8928 kB
PageTables:        19328 kB
NFS_Unstable:          0 kB
Bounce:                0 kB
WritebackTmp:          0 kB
CommitLimit:      675480 kB
Committed_AS:   45827212 kB
VmallocTotal:     253952 kB
VmallocUsed:       91808 kB
VmallocChunk:      36868 kB
Time pass: 155 sec

---2015-12-16 15:27:45
MemTotal:        1350964 kB
MemFree:          210276 kB
Buffers:            8396 kB
Cached:           483264 kB
SwapCached:            0 kB
Active:           664040 kB
Inactive:         286644 kB
Active(anon):     461056 kB
Inactive(anon):     1152 kB
Active(file):     202984 kB
Inactive(file):   285492 kB
Unevictable:        1988 kB
Mlocked:               0 kB
HighTotal:        802816 kB
HighFree:         112028 kB
LowTotal:         548148 kB
LowFree:           98248 kB
SwapTotal:             0 kB
SwapFree:              0 kB
Dirty:                32 kB
Writeback:             0 kB
AnonPages:        460984 kB
Mapped:           201172 kB
Shmem:              1196 kB
Slab:              33584 kB
SReclaimable:      11912 kB
SUnreclaim:        21672 kB
KernelStack:        8928 kB
PageTables:        19324 kB
NFS_Unstable:          0 kB
Bounce:                0 kB
WritebackTmp:          0 kB
CommitLimit:      675480 kB
Committed_AS:   45827328 kB
VmallocTotal:     253952 kB
VmallocUsed:       91808 kB
VmallocChunk:      36868 kB
Time pass: 159 sec

---2015-12-16 15:27:45
MemTotal:        1350964 kB
MemFree:          210044 kB
Buffers:            8404 kB
Cached:           483264 kB
SwapCached:            0 kB
Active:           664132 kB
Inactive:         286644 kB
Active(anon):     461148 kB
Inactive(anon):     1152 kB
Active(file):     202984 kB
Inactive(file):   285492 kB
Unevictable:        1988 kB
Mlocked:               0 kB
HighTotal:        802816 kB
HighFree:         111780 kB
LowTotal:         548148 kB
LowFree:           98264 kB
SwapTotal:             0 kB
SwapFree:              0 kB
Dirty:                 4 kB
Writeback:             0 kB
AnonPages:        461196 kB
Mapped:           201228 kB
Shmem:              1196 kB
Slab:              33584 kB
SReclaimable:      11912 kB
SUnreclaim:        21672 kB
KernelStack:        8912 kB
PageTables:        19304 kB
NFS_Unstable:          0 kB
Bounce:                0 kB
WritebackTmp:          0 kB
CommitLimit:      675480 kB
Committed_AS:   45827312 kB
VmallocTotal:     253952 kB
VmallocUsed:       91808 kB
VmallocChunk:      36868 kB
Time pass: 162 sec

---2015-12-16 15:27:45
MemTotal:        1350964 kB
MemFree:          215452 kB
Buffers:            8440 kB
Cached:           483276 kB
SwapCached:            0 kB
Active:           671296 kB
Inactive:         286560 kB
Active(anon):     468192 kB
Inactive(anon):     1152 kB
Active(file):     203104 kB
Inactive(file):   285408 kB
Unevictable:        1988 kB
Mlocked:               0 kB
HighTotal:        802816 kB
HighFree:         105456 kB
LowTotal:         548148 kB
LowFree:          109996 kB
SwapTotal:             0 kB
SwapFree:              0 kB
Dirty:                20 kB
Writeback:             0 kB
AnonPages:        468088 kB
Mapped:           215784 kB
Shmem:              1196 kB
Slab:              33568 kB
SReclaimable:      11912 kB
SUnreclaim:        21656 kB
KernelStack:        9088 kB
PageTables:        19680 kB
NFS_Unstable:          0 kB
Bounce:                0 kB
WritebackTmp:          0 kB
CommitLimit:      675480 kB
Committed_AS:   46650292 kB
VmallocTotal:     253952 kB
VmallocUsed:       92836 kB
VmallocChunk:      36868 kB
Time pass: 166 sec

---2015-12-16 15:27:45
MemTotal:        1350964 kB
MemFree:          150712 kB
Buffers:            8520 kB
Cached:           483424 kB
SwapCached:            0 kB
Active:           686716 kB
Inactive:         286392 kB
Active(anon):     483196 kB
Inactive(anon):     1284 kB
Active(file):     203520 kB
Inactive(file):   285108 kB
Unevictable:        1988 kB
Mlocked:               0 kB
HighTotal:        802816 kB
HighFree:          63968 kB
LowTotal:         548148 kB
LowFree:           86744 kB
SwapTotal:             0 kB
SwapFree:              0 kB
Dirty:               916 kB
Writeback:             0 kB
AnonPages:        483368 kB
Mapped:           222576 kB
Shmem:              1328 kB
Slab:              33596 kB
SReclaimable:      11912 kB
SUnreclaim:        21684 kB
KernelStack:        9368 kB
PageTables:        20052 kB
NFS_Unstable:          0 kB
Bounce:                0 kB
WritebackTmp:          0 kB
CommitLimit:      675480 kB
Committed_AS:   46797604 kB
VmallocTotal:     253952 kB
VmallocUsed:       93708 kB
VmallocChunk:      36868 kB
Time pass: 169 sec

---2015-12-16 15:27:45
MemTotal:        1350964 kB
MemFree:          117260 kB
Buffers:            8544 kB
Cached:           483656 kB
SwapCached:            0 kB
Active:           701796 kB
Inactive:         286172 kB
Active(anon):     497804 kB
Inactive(anon):     1280 kB
Active(file):     203992 kB
Inactive(file):   284892 kB
Unevictable:        1988 kB
Mlocked:               0 kB
HighTotal:        802816 kB
HighFree:          33968 kB
LowTotal:         548148 kB
LowFree:           83292 kB
SwapTotal:             0 kB
SwapFree:              0 kB
Dirty:               428 kB
Writeback:             0 kB
AnonPages:        497784 kB
Mapped:           225204 kB
Shmem:              1324 kB
Slab:              33648 kB
SReclaimable:      11920 kB
SUnreclaim:        21728 kB
KernelStack:        9424 kB
PageTables:        20116 kB
NFS_Unstable:          0 kB
Bounce:                0 kB
WritebackTmp:          0 kB
CommitLimit:      675480 kB
Committed_AS:   46830472 kB
VmallocTotal:     253952 kB
VmallocUsed:       93708 kB
VmallocChunk:      36868 kB
Time pass: 173 sec

---2015-12-16 15:27:45
MemTotal:        1350964 kB
MemFree:          109276 kB
Buffers:            8560 kB
Cached:           484040 kB
SwapCached:            0 kB
Active:           704152 kB
Inactive:         286540 kB
Active(anon):     500124 kB
Inactive(anon):     1280 kB
Active(file):     204028 kB
Inactive(file):   285260 kB
Unevictable:        1988 kB
Mlocked:               0 kB
HighTotal:        802816 kB
HighFree:          27148 kB
LowTotal:         548148 kB
LowFree:           82128 kB
SwapTotal:             0 kB
SwapFree:              0 kB
Dirty:                56 kB
Writeback:             0 kB
AnonPages:        500280 kB
Mapped:           225996 kB
Shmem:              1324 kB
Slab:              33600 kB
SReclaimable:      11884 kB
SUnreclaim:        21716 kB
KernelStack:        9440 kB
PageTables:        20144 kB
NFS_Unstable:          0 kB
Bounce:                0 kB
WritebackTmp:          0 kB
CommitLimit:      675480 kB
Committed_AS:   46837600 kB
VmallocTotal:     253952 kB
VmallocUsed:       93708 kB
VmallocChunk:      36868 kB
Time pass: 177 sec

---2015-12-16 15:27:45
MemTotal:        1350964 kB
MemFree:           85892 kB
Buffers:            8568 kB
Cached:           490556 kB
SwapCached:            0 kB
Active:           721088 kB
Inactive:         280140 kB
Active(anon):     504204 kB
Inactive(anon):     1280 kB
Active(file):     216884 kB
Inactive(file):   278860 kB
Unevictable:        1988 kB
Mlocked:               0 kB
HighTotal:        802816 kB
HighFree:           6860 kB
LowTotal:         548148 kB
LowFree:           79032 kB
SwapTotal:             0 kB
SwapFree:              0 kB
Dirty:              6680 kB
Writeback:             0 kB
AnonPages:        504260 kB
Mapped:           226712 kB
Shmem:              1324 kB
Slab:              33652 kB
SReclaimable:      11884 kB
SUnreclaim:        21768 kB
KernelStack:        9472 kB
PageTables:        20196 kB
NFS_Unstable:          0 kB
Bounce:                0 kB
WritebackTmp:          0 kB
CommitLimit:      675480 kB
Committed_AS:   46852800 kB
VmallocTotal:     253952 kB
VmallocUsed:       93708 kB
VmallocChunk:      36868 kB
Time pass: 180 sec

---2015-12-16 15:27:45
MemTotal:        1350964 kB
MemFree:           77584 kB
Buffers:            8568 kB
Cached:           490848 kB
SwapCached:            0 kB
Active:           722992 kB
Inactive:         279860 kB
Active(anon):     505472 kB
Inactive(anon):     1280 kB
Active(file):     217520 kB
Inactive(file):   278580 kB
Unevictable:        1988 kB
Mlocked:               0 kB
HighTotal:        802816 kB
HighFree:           3216 kB
LowTotal:         548148 kB
LowFree:           74368 kB
SwapTotal:             0 kB
SwapFree:              0 kB
Dirty:              6900 kB
Writeback:             0 kB
AnonPages:        505524 kB
Mapped:           226704 kB
Shmem:              1324 kB
Slab:              33756 kB
SReclaimable:      11968 kB
SUnreclaim:        21788 kB
KernelStack:        9472 kB
PageTables:        20220 kB
NFS_Unstable:          0 kB
Bounce:                0 kB
WritebackTmp:          0 kB
CommitLimit:      675480 kB
Committed_AS:   46861540 kB
VmallocTotal:     253952 kB
VmallocUsed:       93708 kB
VmallocChunk:      36868 kB
Time pass: 184 sec

---2015-12-16 15:27:45
MemTotal:        1350964 kB
MemFree:           62452 kB
Buffers:            8576 kB
Cached:           490860 kB
SwapCached:            0 kB
Active:           728396 kB
Inactive:         279852 kB
Active(anon):     510844 kB
Inactive(anon):     1280 kB
Active(file):     217552 kB
Inactive(file):   278572 kB
Unevictable:        1988 kB
Mlocked:               0 kB
HighTotal:        802816 kB
HighFree:           1604 kB
LowTotal:         548148 kB
LowFree:           60848 kB
SwapTotal:             0 kB
SwapFree:              0 kB
Dirty:               512 kB
Writeback:             0 kB
AnonPages:        510852 kB
Mapped:           227152 kB
Shmem:              1324 kB
Slab:              33796 kB
SReclaimable:      11976 kB
SUnreclaim:        21820 kB
KernelStack:        9472 kB
PageTables:        20248 kB
NFS_Unstable:          0 kB
Bounce:                0 kB
WritebackTmp:          0 kB
CommitLimit:      675480 kB
Committed_AS:   46875552 kB
VmallocTotal:     253952 kB
VmallocUsed:       93708 kB
VmallocChunk:      36868 kB
Time pass: 188 sec

---2015-12-16 15:27:45
MemTotal:        1350964 kB
MemFree:           62576 kB
Buffers:            8584 kB
Cached:           490860 kB
SwapCached:            0 kB
Active:           728412 kB
Inactive:         279852 kB
Active(anon):     510860 kB
Inactive(anon):     1280 kB
Active(file):     217552 kB
Inactive(file):   278572 kB
Unevictable:        1988 kB
Mlocked:               0 kB
HighTotal:        802816 kB
HighFree:           1604 kB
LowTotal:         548148 kB
LowFree:           60972 kB
SwapTotal:             0 kB
SwapFree:              0 kB
Dirty:                56 kB
Writeback:             0 kB
AnonPages:        510784 kB
Mapped:           227152 kB
Shmem:              1324 kB
Slab:              33836 kB
SReclaimable:      11976 kB
SUnreclaim:        21860 kB
KernelStack:        9472 kB
PageTables:        20248 kB
NFS_Unstable:          0 kB
Bounce:                0 kB
WritebackTmp:          0 kB
CommitLimit:      675480 kB
Committed_AS:   46875600 kB
VmallocTotal:     253952 kB
VmallocUsed:       93708 kB
VmallocChunk:      36868 kB
Time pass: 192 sec

---2015-12-16 15:27:45
MemTotal:        1350964 kB
MemFree:           62352 kB
Buffers:            8584 kB
Cached:           490896 kB
SwapCached:            0 kB
Active:           728424 kB
Inactive:         279860 kB
Active(anon):     510872 kB
Inactive(anon):     1280 kB
Active(file):     217552 kB
Inactive(file):   278580 kB
Unevictable:        1988 kB
Mlocked:               0 kB
HighTotal:        802816 kB
HighFree:           1604 kB
LowTotal:         548148 kB
LowFree:           60748 kB
SwapTotal:             0 kB
SwapFree:              0 kB
Dirty:                56 kB
Writeback:             0 kB
AnonPages:        510972 kB
Mapped:           227156 kB
Shmem:              1324 kB
Slab:              33844 kB
SReclaimable:      11976 kB
SUnreclaim:        21868 kB
KernelStack:        9472 kB
PageTables:        20248 kB
NFS_Unstable:          0 kB
Bounce:                0 kB
WritebackTmp:          0 kB
CommitLimit:      675480 kB
Committed_AS:   46875604 kB
VmallocTotal:     253952 kB
VmallocUsed:       93708 kB
VmallocChunk:      36868 kB
Time pass: 196 sec

---2015-12-16 15:27:45
MemTotal:        1350964 kB
MemFree:           52172 kB
Buffers:            8668 kB
Cached:           491020 kB
SwapCached:            0 kB
Active:           736704 kB
Inactive:         280016 kB
Active(anon):     519072 kB
Inactive(anon):     1384 kB
Active(file):     217632 kB
Inactive(file):   278632 kB
Unevictable:        1988 kB
Mlocked:               0 kB
HighTotal:        802816 kB
HighFree:           1604 kB
LowTotal:         548148 kB
LowFree:           50568 kB
SwapTotal:             0 kB
SwapFree:              0 kB
Dirty:                60 kB
Writeback:             0 kB
AnonPages:        519036 kB
Mapped:           230080 kB
Shmem:              1436 kB
Slab:              33808 kB
SReclaimable:      11976 kB
SUnreclaim:        21832 kB
KernelStack:        9672 kB
PageTables:        20400 kB
NFS_Unstable:          0 kB
Bounce:                0 kB
WritebackTmp:          0 kB
CommitLimit:      675480 kB
Committed_AS:   46900352 kB
VmallocTotal:     253952 kB
VmallocUsed:       93904 kB
VmallocChunk:      36868 kB
Time pass: 200 sec

---2015-12-16 15:27:45
MemTotal:        1350964 kB
MemFree:           42440 kB
Buffers:            8684 kB
Cached:           491064 kB
SwapCached:            0 kB
Active:           740668 kB
Inactive:         280068 kB
Active(anon):     523032 kB
Inactive(anon):     1424 kB
Active(file):     217636 kB
Inactive(file):   278644 kB
Unevictable:        1988 kB
Mlocked:               0 kB
HighTotal:        802816 kB
HighFree:           1604 kB
LowTotal:         548148 kB
LowFree:           40836 kB
SwapTotal:             0 kB
SwapFree:              0 kB
Dirty:                 8 kB
Writeback:             0 kB
AnonPages:        523104 kB
Mapped:           230564 kB
Shmem:              1480 kB
Slab:              33820 kB
SReclaimable:      11976 kB
SUnreclaim:        21844 kB
KernelStack:        9688 kB
PageTables:        20580 kB
NFS_Unstable:          0 kB
Bounce:                0 kB
WritebackTmp:          0 kB
CommitLimit:      675480 kB
Committed_AS:   46908092 kB
VmallocTotal:     253952 kB
VmallocUsed:       94240 kB
VmallocChunk:      36868 kB
Time pass: 204 sec

---2015-12-16 15:27:45
MemTotal:        1350964 kB
MemFree:           41152 kB
Buffers:            8692 kB
Cached:           491152 kB
SwapCached:            0 kB
Active:           741252 kB
Inactive:         280172 kB
Active(anon):     523616 kB
Inactive(anon):     1516 kB
Active(file):     217636 kB
Inactive(file):   278656 kB
Unevictable:        1988 kB
Mlocked:               0 kB
HighTotal:        802816 kB
HighFree:           1604 kB
LowTotal:         548148 kB
LowFree:           39548 kB
SwapTotal:             0 kB
SwapFree:              0 kB
Dirty:               188 kB
Writeback:             0 kB
AnonPages:        523848 kB
Mapped:           230648 kB
Shmem:              1564 kB
Slab:              33844 kB
SReclaimable:      11976 kB
SUnreclaim:        21868 kB
KernelStack:        9688 kB
PageTables:        20612 kB
NFS_Unstable:          0 kB
Bounce:                0 kB
WritebackTmp:          0 kB
CommitLimit:      675480 kB
Committed_AS:   46908284 kB
VmallocTotal:     253952 kB
VmallocUsed:       94240 kB
VmallocChunk:      36868 kB
Time pass: 208 sec

---2015-12-16 15:27:45
MemTotal:        1350964 kB
MemFree:           32764 kB
Buffers:            8716 kB
Cached:           491196 kB
SwapCached:            0 kB
Active:           749616 kB
Inactive:         280236 kB
Active(anon):     531976 kB
Inactive(anon):     1560 kB
Active(file):     217640 kB
Inactive(file):   278676 kB
Unevictable:        1988 kB
Mlocked:               0 kB
HighTotal:        802816 kB
HighFree:           1604 kB
LowTotal:         548148 kB
LowFree:           31160 kB
SwapTotal:             0 kB
SwapFree:              0 kB
Dirty:                 4 kB
Writeback:             0 kB
AnonPages:        532044 kB
Mapped:           230784 kB
Shmem:              1608 kB
Slab:              33896 kB
SReclaimable:      11976 kB
SUnreclaim:        21920 kB
KernelStack:        9720 kB
PageTables:        20644 kB
NFS_Unstable:          0 kB
Bounce:                0 kB
WritebackTmp:          0 kB
CommitLimit:      675480 kB
Committed_AS:   46925348 kB
VmallocTotal:     253952 kB
VmallocUsed:       94240 kB
VmallocChunk:      36868 kB
Time pass: 212 sec

---2015-12-16 15:27:45
MemTotal:        1350964 kB
MemFree:           39064 kB
Buffers:            8780 kB
Cached:           482860 kB
SwapCached:            0 kB
Active:           751444 kB
Inactive:         272132 kB
Active(anon):     539244 kB
Inactive(anon):     1540 kB
Active(file):     212200 kB
Inactive(file):   270592 kB
Unevictable:        7260 kB
Mlocked:               0 kB
HighTotal:        802816 kB
HighFree:           1480 kB
LowTotal:         548148 kB
LowFree:           37584 kB
SwapTotal:             0 kB
SwapFree:              0 kB
Dirty:               124 kB
Writeback:             0 kB
AnonPages:        539324 kB
Mapped:           230880 kB
Shmem:              1588 kB
Slab:              33916 kB
SReclaimable:      11976 kB
SUnreclaim:        21940 kB
KernelStack:        9792 kB
PageTables:        20784 kB
NFS_Unstable:          0 kB
Bounce:                0 kB
WritebackTmp:          0 kB
CommitLimit:      675480 kB
Committed_AS:   47711364 kB
VmallocTotal:     253952 kB
VmallocUsed:       95260 kB
VmallocChunk:      36868 kB
Time pass: 216 sec

---2015-12-16 15:27:45
MemTotal:        1350964 kB
MemFree:           36612 kB
Buffers:            8812 kB
Cached:           482864 kB
SwapCached:            0 kB
Active:           750812 kB
Inactive:         272160 kB
Active(anon):     538612 kB
Inactive(anon):     1544 kB
Active(file):     212200 kB
Inactive(file):   270616 kB
Unevictable:        7260 kB
Mlocked:               0 kB
HighTotal:        802816 kB
HighFree:           1604 kB
LowTotal:         548148 kB
LowFree:           35008 kB
SwapTotal:             0 kB
SwapFree:              0 kB
Dirty:                60 kB
Writeback:             0 kB
AnonPages:        538652 kB
Mapped:           230736 kB
Shmem:              1592 kB
Slab:              33904 kB
SReclaimable:      11984 kB
SUnreclaim:        21920 kB
KernelStack:        9792 kB
PageTables:        20788 kB
NFS_Unstable:          0 kB
Bounce:                0 kB
WritebackTmp:          0 kB
CommitLimit:      675480 kB
Committed_AS:   47712884 kB
VmallocTotal:     253952 kB
VmallocUsed:       95260 kB
VmallocChunk:      36868 kB
Time pass: 220 sec

---2015-12-16 15:27:45
MemTotal:        1350964 kB
MemFree:           36468 kB
Buffers:            8812 kB
Cached:           482864 kB
SwapCached:            0 kB
Active:           751516 kB
Inactive:         272168 kB
Active(anon):     539316 kB
Inactive(anon):     1544 kB
Active(file):     212200 kB
Inactive(file):   270624 kB
Unevictable:        7260 kB
Mlocked:               0 kB
HighTotal:        802816 kB
HighFree:           2304 kB
LowTotal:         548148 kB
LowFree:           34164 kB
SwapTotal:             0 kB
SwapFree:              0 kB
Dirty:                 0 kB
Writeback:             0 kB
AnonPages:        539264 kB
Mapped:           230840 kB
Shmem:              1592 kB
Slab:              33944 kB
SReclaimable:      11984 kB
SUnreclaim:        21960 kB
KernelStack:        9776 kB
PageTables:        20776 kB
NFS_Unstable:          0 kB
Bounce:                0 kB
WritebackTmp:          0 kB
CommitLimit:      675480 kB
Committed_AS:   47713408 kB
VmallocTotal:     253952 kB
VmallocUsed:       95260 kB
VmallocChunk:      36868 kB
Time pass: 224 sec

---2015-12-16 15:27:45
MemTotal:        1350964 kB
MemFree:           34644 kB
Buffers:            8820 kB
Cached:           482864 kB
SwapCached:            0 kB
Active:           751916 kB
Inactive:         272176 kB
Active(anon):     539716 kB
Inactive(anon):     1544 kB
Active(file):     212200 kB
Inactive(file):   270632 kB
Unevictable:        7260 kB
Mlocked:               0 kB
HighTotal:        802816 kB
HighFree:           1604 kB
LowTotal:         548148 kB
LowFree:           33040 kB
SwapTotal:             0 kB
SwapFree:              0 kB
Dirty:                36 kB
Writeback:             0 kB
AnonPages:        539760 kB
Mapped:           230740 kB
Shmem:              1592 kB
Slab:              33956 kB
SReclaimable:      11984 kB
SUnreclaim:        21972 kB
KernelStack:        9768 kB
PageTables:        20788 kB
NFS_Unstable:          0 kB
Bounce:                0 kB
WritebackTmp:          0 kB
CommitLimit:      675480 kB
Committed_AS:   47714864 kB
VmallocTotal:     253952 kB
VmallocUsed:       95260 kB
VmallocChunk:      36868 kB
Time pass: 227 sec

---2015-12-16 15:27:45
MemTotal:        1350964 kB
MemFree:           34288 kB
Buffers:            8836 kB
Cached:           482912 kB
SwapCached:            0 kB
Active:           752516 kB
Inactive:         272220 kB
Active(anon):     540316 kB
Inactive(anon):     1572 kB
Active(file):     212200 kB
Inactive(file):   270648 kB
Unevictable:        7260 kB
Mlocked:               0 kB
HighTotal:        802816 kB
HighFree:           1976 kB
LowTotal:         548148 kB
LowFree:           32312 kB
SwapTotal:             0 kB
SwapFree:              0 kB
Dirty:                44 kB
Writeback:             0 kB
AnonPages:        540484 kB
Mapped:           230936 kB
Shmem:              1640 kB
Slab:              33936 kB
SReclaimable:      11984 kB
SUnreclaim:        21952 kB
KernelStack:        9768 kB
PageTables:        20792 kB
NFS_Unstable:          0 kB
Bounce:                0 kB
WritebackTmp:          0 kB
CommitLimit:      675480 kB
Committed_AS:   47714256 kB
VmallocTotal:     253952 kB
VmallocUsed:       95260 kB
VmallocChunk:      36868 kB
Time pass: 231 sec

---2015-12-16 15:27:45
MemTotal:        1350964 kB
MemFree:           33816 kB
Buffers:            8844 kB
Cached:           482940 kB
SwapCached:            0 kB
Active:           752632 kB
Inactive:         272240 kB
Active(anon):     540432 kB
Inactive(anon):     1592 kB
Active(file):     212200 kB
Inactive(file):   270648 kB
Unevictable:        7260 kB
Mlocked:               0 kB
HighTotal:        802816 kB
HighFree:           2224 kB
LowTotal:         548148 kB
LowFree:           31592 kB
SwapTotal:             0 kB
SwapFree:              0 kB
Dirty:                36 kB
Writeback:             0 kB
AnonPages:        540468 kB
Mapped:           230964 kB
Shmem:              1668 kB
Slab:              33968 kB
SReclaimable:      11984 kB
SUnreclaim:        21984 kB
KernelStack:        9760 kB
PageTables:        20796 kB
NFS_Unstable:          0 kB
Bounce:                0 kB
WritebackTmp:          0 kB
CommitLimit:      675480 kB
Committed_AS:   47714108 kB
VmallocTotal:     253952 kB
VmallocUsed:       95260 kB
VmallocChunk:      36868 kB
Time pass: 235 sec

---2015-12-16 15:27:45
MemTotal:        1350964 kB
MemFree:           33176 kB
Buffers:            8860 kB
Cached:           482940 kB
SwapCached:            0 kB
Active:           752736 kB
Inactive:         272292 kB
Active(anon):     540536 kB
Inactive(anon):     1620 kB
Active(file):     212200 kB
Inactive(file):   270672 kB
Unevictable:        7260 kB
Mlocked:               0 kB
HighTotal:        802816 kB
HighFree:           1804 kB
LowTotal:         548148 kB
LowFree:           31372 kB
SwapTotal:             0 kB
SwapFree:              0 kB
Dirty:               144 kB
Writeback:             0 kB
AnonPages:        540420 kB
Mapped:           230964 kB
Shmem:              1668 kB
Slab:              34024 kB
SReclaimable:      11984 kB
SUnreclaim:        22040 kB
KernelStack:        9760 kB
PageTables:        20792 kB
NFS_Unstable:          0 kB
Bounce:                0 kB
WritebackTmp:          0 kB
CommitLimit:      675480 kB
Committed_AS:   47714176 kB
VmallocTotal:     253952 kB
VmallocUsed:       95260 kB
VmallocChunk:      36868 kB
Time pass: 238 sec

---2015-12-16 15:27:45
MemTotal:        1350964 kB
MemFree:           33264 kB
Buffers:            8876 kB
Cached:           482932 kB
SwapCached:            0 kB
Active:           752776 kB
Inactive:         272292 kB
Active(anon):     540576 kB
Inactive(anon):     1620 kB
Active(file):     212200 kB
Inactive(file):   270672 kB
Unevictable:        7260 kB
Mlocked:               0 kB
HighTotal:        802816 kB
HighFree:           1804 kB
LowTotal:         548148 kB
LowFree:           31460 kB
SwapTotal:             0 kB
SwapFree:              0 kB
Dirty:                 0 kB
Writeback:             0 kB
AnonPages:        540736 kB
Mapped:           230964 kB
Shmem:              1668 kB
Slab:              33940 kB
SReclaimable:      11984 kB
SUnreclaim:        21956 kB
KernelStack:        9760 kB
PageTables:        20796 kB
NFS_Unstable:          0 kB
Bounce:                0 kB
WritebackTmp:          0 kB
CommitLimit:      675480 kB
Committed_AS:   47714084 kB
VmallocTotal:     253952 kB
VmallocUsed:       95260 kB
VmallocChunk:      36868 kB
Time pass: 242 sec

---2015-12-16 15:27:45
MemTotal:        1350964 kB
MemFree:           33240 kB
Buffers:            8884 kB
Cached:           482940 kB
SwapCached:            0 kB
Active:           752836 kB
Inactive:         272316 kB
Active(anon):     540636 kB
Inactive(anon):     1620 kB
Active(file):     212200 kB
Inactive(file):   270696 kB
Unevictable:        7260 kB
Mlocked:               0 kB
HighTotal:        802816 kB
HighFree:           1480 kB
LowTotal:         548148 kB
LowFree:           31760 kB
SwapTotal:             0 kB
SwapFree:              0 kB
Dirty:                40 kB
Writeback:             0 kB
AnonPages:        540716 kB
Mapped:           230964 kB
Shmem:              1668 kB
Slab:              33976 kB
SReclaimable:      11984 kB
SUnreclaim:        21992 kB
KernelStack:        9760 kB
PageTables:        20796 kB
NFS_Unstable:          0 kB
Bounce:                0 kB
WritebackTmp:          0 kB
CommitLimit:      675480 kB
Committed_AS:   47714120 kB
VmallocTotal:     253952 kB
VmallocUsed:       95260 kB
VmallocChunk:      36868 kB
Time pass: 245 sec

---2015-12-16 15:27:45
MemTotal:        1350964 kB
MemFree:           33200 kB
Buffers:            8908 kB
Cached:           482940 kB
SwapCached:            0 kB
Active:           753700 kB
Inactive:         272340 kB
Active(anon):     541500 kB
Inactive(anon):     1620 kB
Active(file):     212200 kB
Inactive(file):   270720 kB
Unevictable:        7260 kB
Mlocked:               0 kB
HighTotal:        802816 kB
HighFree:           1604 kB
LowTotal:         548148 kB
LowFree:           31596 kB
SwapTotal:             0 kB
SwapFree:              0 kB
Dirty:                40 kB
Writeback:             0 kB
AnonPages:        541440 kB
Mapped:           230964 kB
Shmem:              1668 kB
Slab:              34012 kB
SReclaimable:      11984 kB
SUnreclaim:        22028 kB
KernelStack:        9760 kB
PageTables:        20796 kB
NFS_Unstable:          0 kB
Bounce:                0 kB
WritebackTmp:          0 kB
CommitLimit:      675480 kB
Committed_AS:   47714208 kB
VmallocTotal:     253952 kB
VmallocUsed:       95260 kB
VmallocChunk:      36868 kB
Time pass: 249 sec

---2015-12-16 15:27:45
MemTotal:        1350964 kB
MemFree:           43592 kB
Buffers:            8940 kB
Cached:           474880 kB
SwapCached:            0 kB
Active:           747920 kB
Inactive:         268792 kB
Active(anon):     540284 kB
Inactive(anon):     1384 kB
Active(file):     207636 kB
Inactive(file):   267408 kB
Unevictable:        7264 kB
Mlocked:               0 kB
HighTotal:        802816 kB
HighFree:           1604 kB
LowTotal:         548148 kB
LowFree:           41988 kB
SwapTotal:             0 kB
SwapFree:              0 kB
Dirty:                64 kB
Writeback:             0 kB
AnonPages:        540444 kB
Mapped:           230808 kB
Shmem:              1512 kB
Slab:              34056 kB
SReclaimable:      11984 kB
SUnreclaim:        22072 kB
KernelStack:        9760 kB
PageTables:        20876 kB
NFS_Unstable:          0 kB
Bounce:                0 kB
WritebackTmp:          0 kB
CommitLimit:      675480 kB
Committed_AS:   47713860 kB
VmallocTotal:     253952 kB
VmallocUsed:       95260 kB
VmallocChunk:      36868 kB
Time pass: 253 sec

---2015-12-16 15:27:45
MemTotal:        1350964 kB
MemFree:           48820 kB
Buffers:            8940 kB
Cached:           474936 kB
SwapCached:            0 kB
Active:           747340 kB
Inactive:         268892 kB
Active(anon):     539704 kB
Inactive(anon):     1468 kB
Active(file):     207636 kB
Inactive(file):   267424 kB
Unevictable:        7264 kB
Mlocked:               0 kB
HighTotal:        802816 kB
HighFree:           3692 kB
LowTotal:         548148 kB
LowFree:           45128 kB
SwapTotal:             0 kB
SwapFree:              0 kB
Dirty:                52 kB
Writeback:             0 kB
AnonPages:        539604 kB
Mapped:           230848 kB
Shmem:              1552 kB
Slab:              33936 kB
SReclaimable:      11984 kB
SUnreclaim:        21952 kB
KernelStack:        9744 kB
PageTables:        20900 kB
NFS_Unstable:          0 kB
Bounce:                0 kB
WritebackTmp:          0 kB
CommitLimit:      675480 kB
Committed_AS:   47698276 kB
VmallocTotal:     253952 kB
VmallocUsed:       95260 kB
VmallocChunk:      36868 kB
Time pass: 257 sec

---2015-12-16 15:27:45
MemTotal:        1350964 kB
MemFree:           40848 kB
Buffers:            8948 kB
Cached:           474940 kB
SwapCached:            0 kB
Active:           747464 kB
Inactive:         268924 kB
Active(anon):     539824 kB
Inactive(anon):     1504 kB
Active(file):     207640 kB
Inactive(file):   267420 kB
Unevictable:        7264 kB
Mlocked:               0 kB
HighTotal:        802816 kB
HighFree:           1604 kB
LowTotal:         548148 kB
LowFree:           39244 kB
SwapTotal:             0 kB
SwapFree:              0 kB
Dirty:               196 kB
Writeback:             0 kB
AnonPages:        539888 kB
Mapped:           230848 kB
Shmem:              1552 kB
Slab:              33948 kB
SReclaimable:      11984 kB
SUnreclaim:        21964 kB
KernelStack:        9744 kB
PageTables:        20900 kB
NFS_Unstable:          0 kB
Bounce:                0 kB
WritebackTmp:          0 kB
CommitLimit:      675480 kB
Committed_AS:   47714268 kB
VmallocTotal:     253952 kB
VmallocUsed:       95260 kB
VmallocChunk:      36868 kB
Time pass: 261 sec

---2015-12-16 15:27:45
MemTotal:        1350964 kB
MemFree:           38556 kB
Buffers:            8972 kB
Cached:           474972 kB
SwapCached:            0 kB
Active:           749420 kB
Inactive:         268980 kB
Active(anon):     541776 kB
Inactive(anon):     1552 kB
Active(file):     207644 kB
Inactive(file):   267428 kB
Unevictable:        7264 kB
Mlocked:               0 kB
HighTotal:        802816 kB
HighFree:           1604 kB
LowTotal:         548148 kB
LowFree:           36952 kB
SwapTotal:             0 kB
SwapFree:              0 kB
Dirty:                16 kB
Writeback:             0 kB
AnonPages:        541656 kB
Mapped:           230756 kB
Shmem:              1608 kB
Slab:              34116 kB
SReclaimable:      11984 kB
SUnreclaim:        22132 kB
KernelStack:        9776 kB
PageTables:        20912 kB
NFS_Unstable:          0 kB
Bounce:                0 kB
WritebackTmp:          0 kB
CommitLimit:      675480 kB
Committed_AS:   47722416 kB
VmallocTotal:     253952 kB
VmallocUsed:       95260 kB
VmallocChunk:      36868 kB
Time pass: 265 sec

---2015-12-16 15:27:45
MemTotal:        1350964 kB
MemFree:           43572 kB
Buffers:            9004 kB
Cached:           475044 kB
SwapCached:            0 kB
Active:           750112 kB
Inactive:         268996 kB
Active(anon):     542372 kB
Inactive(anon):     1604 kB
Active(file):     207740 kB
Inactive(file):   267392 kB
Unevictable:        7264 kB
Mlocked:               0 kB
HighTotal:        802816 kB
HighFree:           1604 kB
LowTotal:         548148 kB
LowFree:           41968 kB
SwapTotal:             0 kB
SwapFree:              0 kB
Dirty:               220 kB
Writeback:             0 kB
AnonPages:        542352 kB
Mapped:           230948 kB
Shmem:              1652 kB
Slab:              34028 kB
SReclaimable:      11984 kB
SUnreclaim:        22044 kB
KernelStack:        9760 kB
PageTables:        20808 kB
NFS_Unstable:          0 kB
Bounce:                0 kB
WritebackTmp:          0 kB
CommitLimit:      675480 kB
Committed_AS:   47713900 kB
VmallocTotal:     253952 kB
VmallocUsed:       95260 kB
VmallocChunk:      36868 kB
Time pass: 269 sec

---2015-12-16 15:27:45
MemTotal:        1350964 kB
MemFree:           39860 kB
Buffers:            9036 kB
Cached:           475044 kB
SwapCached:            0 kB
Active:           751128 kB
Inactive:         269032 kB
Active(anon):     543388 kB
Inactive(anon):     1604 kB
Active(file):     207740 kB
Inactive(file):   267428 kB
Unevictable:        7264 kB
Mlocked:               0 kB
HighTotal:        802816 kB
HighFree:           1580 kB
LowTotal:         548148 kB
LowFree:           38280 kB
SwapTotal:             0 kB
SwapFree:              0 kB
Dirty:                64 kB
Writeback:             0 kB
AnonPages:        543256 kB
Mapped:           230948 kB
Shmem:              1652 kB
Slab:              33956 kB
SReclaimable:      11984 kB
SUnreclaim:        21972 kB
KernelStack:        9752 kB
PageTables:        20776 kB
NFS_Unstable:          0 kB
Bounce:                0 kB
WritebackTmp:          0 kB
CommitLimit:      675480 kB
Committed_AS:   47715880 kB
VmallocTotal:     253952 kB
VmallocUsed:       95260 kB
VmallocChunk:      36868 kB
Time pass: 273 sec

---2015-12-16 15:27:45
MemTotal:        1350964 kB
MemFree:           39232 kB
Buffers:            9052 kB
Cached:           475044 kB
SwapCached:            0 kB
Active:           750804 kB
Inactive:         269044 kB
Active(anon):     543064 kB
Inactive(anon):     1604 kB
Active(file):     207740 kB
Inactive(file):   267440 kB
Unevictable:        7264 kB
Mlocked:               0 kB
HighTotal:        802816 kB
HighFree:           1604 kB
LowTotal:         548148 kB
LowFree:           37628 kB
SwapTotal:             0 kB
SwapFree:              0 kB
Dirty:                 0 kB
Writeback:             0 kB
AnonPages:        543104 kB
Mapped:           230948 kB
Shmem:              1652 kB
Slab:              34000 kB
SReclaimable:      11984 kB
SUnreclaim:        22016 kB
KernelStack:        9752 kB
PageTables:        20808 kB
NFS_Unstable:          0 kB
Bounce:                0 kB
WritebackTmp:          0 kB
CommitLimit:      675480 kB
Committed_AS:   47714952 kB
VmallocTotal:     253952 kB
VmallocUsed:       95260 kB
VmallocChunk:      36868 kB
Time pass: 277 sec

---2015-12-16 15:27:45
MemTotal:        1350964 kB
MemFree:           38580 kB
Buffers:            9060 kB
Cached:           475044 kB
SwapCached:            0 kB
Active:           751200 kB
Inactive:         269044 kB
Active(anon):     543460 kB
Inactive(anon):     1604 kB
Active(file):     207740 kB
Inactive(file):   267440 kB
Unevictable:        7264 kB
Mlocked:               0 kB
HighTotal:        802816 kB
HighFree:           1976 kB
LowTotal:         548148 kB
LowFree:           36604 kB
SwapTotal:             0 kB
SwapFree:              0 kB
Dirty:                36 kB
Writeback:             0 kB
AnonPages:        543596 kB
Mapped:           230948 kB
Shmem:              1652 kB
Slab:              34048 kB
SReclaimable:      11984 kB
SUnreclaim:        22064 kB
KernelStack:        9752 kB
PageTables:        20804 kB
NFS_Unstable:          0 kB
Bounce:                0 kB
WritebackTmp:          0 kB
CommitLimit:      675480 kB
Committed_AS:   47714984 kB
VmallocTotal:     253952 kB
VmallocUsed:       95260 kB
VmallocChunk:      36868 kB
Time pass: 281 sec

---2015-12-16 15:27:45
MemTotal:        1350964 kB
MemFree:           38216 kB
Buffers:            9076 kB
Cached:           475048 kB
SwapCached:            0 kB
Active:           750920 kB
Inactive:         269072 kB
Active(anon):     543180 kB
Inactive(anon):     1608 kB
Active(file):     207740 kB
Inactive(file):   267464 kB
Unevictable:        7264 kB
Mlocked:               0 kB
HighTotal:        802816 kB
HighFree:           2596 kB
LowTotal:         548148 kB
LowFree:           35620 kB
SwapTotal:             0 kB
SwapFree:              0 kB
Dirty:                56 kB
Writeback:             0 kB
AnonPages:        543268 kB
Mapped:           230804 kB
Shmem:              1656 kB
Slab:              33956 kB
SReclaimable:      11984 kB
SUnreclaim:        21972 kB
KernelStack:        9752 kB
PageTables:        20808 kB
NFS_Unstable:          0 kB
Bounce:                0 kB
WritebackTmp:          0 kB
CommitLimit:      675480 kB
Committed_AS:   47714784 kB
VmallocTotal:     253952 kB
VmallocUsed:       95260 kB
VmallocChunk:      36868 kB
Time pass: 284 sec

---2015-12-16 15:27:45
MemTotal:        1350964 kB
MemFree:           38456 kB
Buffers:            9236 kB
Cached:           475060 kB
SwapCached:            0 kB
Active:           750564 kB
Inactive:         269232 kB
Active(anon):     542824 kB
Inactive(anon):     1608 kB
Active(file):     207740 kB
Inactive(file):   267624 kB
Unevictable:        7264 kB
Mlocked:               0 kB
HighTotal:        802816 kB
HighFree:           2472 kB
LowTotal:         548148 kB
LowFree:           35984 kB
SwapTotal:             0 kB
SwapFree:              0 kB
Dirty:                48 kB
Writeback:             0 kB
AnonPages:        542780 kB
Mapped:           230916 kB
Shmem:              1668 kB
Slab:              34068 kB
SReclaimable:      11984 kB
SUnreclaim:        22084 kB
KernelStack:        9760 kB
PageTables:        20792 kB
NFS_Unstable:          0 kB
Bounce:                0 kB
WritebackTmp:          0 kB
CommitLimit:      675480 kB
Committed_AS:   47714888 kB
VmallocTotal:     253952 kB
VmallocUsed:       95260 kB
VmallocChunk:      36868 kB
Time pass: 288 sec

---2015-12-16 15:27:45
MemTotal:        1350964 kB
MemFree:           38140 kB
Buffers:            9252 kB
Cached:           475060 kB
SwapCached:            0 kB
Active:           750712 kB
Inactive:         269260 kB
Active(anon):     542972 kB
Inactive(anon):     1620 kB
Active(file):     207740 kB
Inactive(file):   267640 kB
Unevictable:        7264 kB
Mlocked:               0 kB
HighTotal:        802816 kB
HighFree:           1604 kB
LowTotal:         548148 kB
LowFree:           36536 kB
SwapTotal:             0 kB
SwapFree:              0 kB
Dirty:               148 kB
Writeback:             0 kB
AnonPages:        542996 kB
Mapped:           230964 kB
Shmem:              1668 kB
Slab:              33996 kB
SReclaimable:      11988 kB
SUnreclaim:        22008 kB
KernelStack:        9760 kB
PageTables:        20812 kB
NFS_Unstable:          0 kB
Bounce:                0 kB
WritebackTmp:          0 kB
CommitLimit:      675480 kB
Committed_AS:   47714804 kB
VmallocTotal:     253952 kB
VmallocUsed:       95260 kB
VmallocChunk:      36868 kB
Time pass: 292 sec

---2015-12-16 15:27:45
MemTotal:        1350964 kB
MemFree:           38444 kB
Buffers:            9260 kB
Cached:           475052 kB
SwapCached:            0 kB
Active:           750740 kB
Inactive:         269252 kB
Active(anon):     542992 kB
Inactive(anon):     1620 kB
Active(file):     207748 kB
Inactive(file):   267632 kB
Unevictable:        7264 kB
Mlocked:               0 kB
HighTotal:        802816 kB
HighFree:           2100 kB
LowTotal:         548148 kB
LowFree:           36344 kB
SwapTotal:             0 kB
SwapFree:              0 kB
Dirty:               148 kB
Writeback:             0 kB
AnonPages:        542996 kB
Mapped:           230964 kB
Shmem:              1668 kB
Slab:              33972 kB
SReclaimable:      11988 kB
SUnreclaim:        21984 kB
KernelStack:        9760 kB
PageTables:        20812 kB
NFS_Unstable:          0 kB
Bounce:                0 kB
WritebackTmp:          0 kB
CommitLimit:      675480 kB
Committed_AS:   47714856 kB
VmallocTotal:     253952 kB
VmallocUsed:       95260 kB
VmallocChunk:      36868 kB
Time pass: 295 sec

---2015-12-16 15:27:45
MemTotal:        1350964 kB
MemFree:           38660 kB
Buffers:            9276 kB
Cached:           475060 kB
SwapCached:            0 kB
Active:           750780 kB
Inactive:         269284 kB
Active(anon):     543032 kB
Inactive(anon):     1620 kB
Active(file):     207748 kB
Inactive(file):   267664 kB
Unevictable:        7264 kB
Mlocked:               0 kB
HighTotal:        802816 kB
HighFree:           2224 kB
LowTotal:         548148 kB
LowFree:           36436 kB
SwapTotal:             0 kB
SwapFree:              0 kB
Dirty:               196 kB
Writeback:             0 kB
AnonPages:        543036 kB
Mapped:           230964 kB
Shmem:              1668 kB
Slab:              33964 kB
SReclaimable:      11992 kB
SUnreclaim:        21972 kB
KernelStack:        9760 kB
PageTables:        20812 kB
NFS_Unstable:          0 kB
Bounce:                0 kB
WritebackTmp:          0 kB
CommitLimit:      675480 kB
Committed_AS:   47714812 kB
VmallocTotal:     253952 kB
VmallocUsed:       95260 kB
VmallocChunk:      36868 kB
Time pass: 298 sec

---2015-12-16 15:27:45
MemTotal:        1350964 kB
MemFree:           38816 kB
Buffers:            9276 kB
Cached:           475060 kB
SwapCached:            0 kB
Active:           750956 kB
Inactive:         269276 kB
Active(anon):     543208 kB
Inactive(anon):     1620 kB
Active(file):     207748 kB
Inactive(file):   267656 kB
Unevictable:        7264 kB
Mlocked:               0 kB
HighTotal:        802816 kB
HighFree:           2472 kB
LowTotal:         548148 kB
LowFree:           36344 kB
SwapTotal:             0 kB
SwapFree:              0 kB
Dirty:                 0 kB
Writeback:             0 kB
AnonPages:        543216 kB
Mapped:           230964 kB
Shmem:              1668 kB
Slab:              33968 kB
SReclaimable:      11992 kB
SUnreclaim:        21976 kB
KernelStack:        9760 kB
PageTables:        20812 kB
NFS_Unstable:          0 kB
Bounce:                0 kB
WritebackTmp:          0 kB
CommitLimit:      675480 kB
Committed_AS:   47714940 kB
VmallocTotal:     253952 kB
VmallocUsed:       95260 kB
VmallocChunk:      36868 kB
Time pass: 302 sec

---2015-12-16 15:27:45
MemTotal:        1350964 kB
MemFree:           38412 kB
Buffers:            9308 kB
Cached:           475060 kB
SwapCached:            0 kB
Active:           751156 kB
Inactive:         269308 kB
Active(anon):     543408 kB
Inactive(anon):     1620 kB
Active(file):     207748 kB
Inactive(file):   267688 kB
Unevictable:        7264 kB
Mlocked:               0 kB
HighTotal:        802816 kB
HighFree:           1604 kB
LowTotal:         548148 kB
LowFree:           36808 kB
SwapTotal:             0 kB
SwapFree:              0 kB
Dirty:                52 kB
Writeback:             0 kB
AnonPages:        543452 kB
Mapped:           230964 kB
Shmem:              1668 kB
Slab:              34020 kB
SReclaimable:      11992 kB
SUnreclaim:        22028 kB
KernelStack:        9760 kB
PageTables:        20812 kB
NFS_Unstable:          0 kB
Bounce:                0 kB
WritebackTmp:          0 kB
CommitLimit:      675480 kB
Committed_AS:   47715012 kB
VmallocTotal:     253952 kB
VmallocUsed:       95260 kB
VmallocChunk:      36868 kB
Time pass: 306 sec

---2015-12-16 15:27:45
MemTotal:        1350964 kB
MemFree:           37828 kB
Buffers:            9308 kB
Cached:           475128 kB
SwapCached:            0 kB
Active:           751220 kB
Inactive:         269376 kB
Active(anon):     543472 kB
Inactive(anon):     1688 kB
Active(file):     207748 kB
Inactive(file):   267688 kB
Unevictable:        7264 kB
Mlocked:               0 kB
HighTotal:        802816 kB
HighFree:           1604 kB
LowTotal:         548148 kB
LowFree:           36224 kB
SwapTotal:             0 kB
SwapFree:              0 kB
Dirty:                 0 kB
Writeback:             0 kB
AnonPages:        543328 kB
Mapped:           230884 kB
Shmem:              1736 kB
Slab:              34092 kB
SReclaimable:      11992 kB
SUnreclaim:        22100 kB
KernelStack:        9760 kB
PageTables:        20812 kB
NFS_Unstable:          0 kB
Bounce:                0 kB
WritebackTmp:          0 kB
CommitLimit:      675480 kB
Committed_AS:   47714880 kB
VmallocTotal:     253952 kB
VmallocUsed:       95260 kB
VmallocChunk:      36868 kB
Time pass: 310 sec

---2015-12-16 15:27:45
MemTotal:        1350964 kB
MemFree:           37928 kB
Buffers:            9332 kB
Cached:           475128 kB
SwapCached:            0 kB
Active:           751348 kB
Inactive:         269400 kB
Active(anon):     543600 kB
Inactive(anon):     1688 kB
Active(file):     207748 kB
Inactive(file):   267712 kB
Unevictable:        7264 kB
Mlocked:               0 kB
HighTotal:        802816 kB
HighFree:           1604 kB
LowTotal:         548148 kB
LowFree:           36324 kB
SwapTotal:             0 kB
SwapFree:              0 kB
Dirty:                40 kB
Writeback:             0 kB
AnonPages:        543524 kB
Mapped:           230884 kB
Shmem:              1736 kB
Slab:              34140 kB
SReclaimable:      11996 kB
SUnreclaim:        22144 kB
KernelStack:        9760 kB
PageTables:        20816 kB
NFS_Unstable:          0 kB
Bounce:                0 kB
WritebackTmp:          0 kB
CommitLimit:      675480 kB
Committed_AS:   47714932 kB
VmallocTotal:     253952 kB
VmallocUsed:       95260 kB
VmallocChunk:      36868 kB
Time pass: 314 sec

---2015-12-16 15:27:45
MemTotal:        1350964 kB
MemFree:           37772 kB
Buffers:            9348 kB
Cached:           475112 kB
SwapCached:            0 kB
Active:           751620 kB
Inactive:         269400 kB
Active(anon):     543872 kB
Inactive(anon):     1688 kB
Active(file):     207748 kB
Inactive(file):   267712 kB
Unevictable:        7264 kB
Mlocked:               0 kB
HighTotal:        802816 kB
HighFree:           2204 kB
LowTotal:         548148 kB
LowFree:           35568 kB
SwapTotal:             0 kB
SwapFree:              0 kB
Dirty:               144 kB
Writeback:             0 kB
AnonPages:        543920 kB
Mapped:           231036 kB
Shmem:              1736 kB
Slab:              34036 kB
SReclaimable:      11996 kB
SUnreclaim:        22040 kB
KernelStack:        9760 kB
PageTables:        20812 kB
NFS_Unstable:          0 kB
Bounce:                0 kB
WritebackTmp:          0 kB
CommitLimit:      675480 kB
Committed_AS:   47715160 kB
VmallocTotal:     253952 kB
VmallocUsed:       95260 kB
VmallocChunk:      36868 kB
Time pass: 317 sec

---2015-12-16 15:27:45
MemTotal:        1350964 kB
MemFree:           37304 kB
Buffers:            9348 kB
Cached:           475132 kB
SwapCached:            0 kB
Active:           751816 kB
Inactive:         269420 kB
Active(anon):     544068 kB
Inactive(anon):     1692 kB
Active(file):     207748 kB
Inactive(file):   267728 kB
Unevictable:        7264 kB
Mlocked:               0 kB
HighTotal:        802816 kB
HighFree:           1952 kB
LowTotal:         548148 kB
LowFree:           35352 kB
SwapTotal:             0 kB
SwapFree:              0 kB
Dirty:                40 kB
Writeback:             0 kB
AnonPages:        544060 kB
Mapped:           231040 kB
Shmem:              1740 kB
Slab:              33960 kB
SReclaimable:      11996 kB
SUnreclaim:        21964 kB
KernelStack:        9760 kB
PageTables:        20816 kB
NFS_Unstable:          0 kB
Bounce:                0 kB
WritebackTmp:          0 kB
CommitLimit:      675480 kB
Committed_AS:   47716208 kB
VmallocTotal:     253952 kB
VmallocUsed:       95260 kB
VmallocChunk:      36868 kB
Time pass: 321 sec

---2015-12-16 15:27:45
MemTotal:        1350964 kB
MemFree:           37056 kB
Buffers:            9356 kB
Cached:           475132 kB
SwapCached:            0 kB
Active:           752604 kB
Inactive:         269420 kB
Active(anon):     544856 kB
Inactive(anon):     1692 kB
Active(file):     207748 kB
Inactive(file):   267728 kB
Unevictable:        7264 kB
Mlocked:               0 kB
HighTotal:        802816 kB
HighFree:           1828 kB
LowTotal:         548148 kB
LowFree:           35228 kB
SwapTotal:             0 kB
SwapFree:              0 kB
Dirty:                28 kB
Writeback:             0 kB
AnonPages:        544832 kB
Mapped:           230892 kB
Shmem:              1740 kB
Slab:              33972 kB
SReclaimable:      11996 kB
SUnreclaim:        21976 kB
KernelStack:        9760 kB
PageTables:        20816 kB
NFS_Unstable:          0 kB
Bounce:                0 kB
WritebackTmp:          0 kB
CommitLimit:      675480 kB
Committed_AS:   47716176 kB
VmallocTotal:     253952 kB
VmallocUsed:       95260 kB
VmallocChunk:      36868 kB
Time pass: 325 sec

---2015-12-16 15:27:45
MemTotal:        1350964 kB
MemFree:           36844 kB
Buffers:            9372 kB
Cached:           475132 kB
SwapCached:            0 kB
Active:           751968 kB
Inactive:         269452 kB
Active(anon):     544220 kB
Inactive(anon):     1692 kB
Active(file):     207748 kB
Inactive(file):   267760 kB
Unevictable:        7264 kB
Mlocked:               0 kB
HighTotal:        802816 kB
HighFree:           1604 kB
LowTotal:         548148 kB
LowFree:           35240 kB
SwapTotal:             0 kB
SwapFree:              0 kB
Dirty:                 0 kB
Writeback:             0 kB
AnonPages:        544384 kB
Mapped:           231040 kB
Shmem:              1740 kB
Slab:              34040 kB
SReclaimable:      11996 kB
SUnreclaim:        22044 kB
KernelStack:        9760 kB
PageTables:        20816 kB
NFS_Unstable:          0 kB
Bounce:                0 kB
WritebackTmp:          0 kB
CommitLimit:      675480 kB
Committed_AS:   47715372 kB
VmallocTotal:     253952 kB
VmallocUsed:       95260 kB
VmallocChunk:      36868 kB
Time pass: 329 sec

---2015-12-16 15:27:45
MemTotal:        1350964 kB
MemFree:           36192 kB
Buffers:            9416 kB
Cached:           475164 kB
SwapCached:            0 kB
Active:           753368 kB
Inactive:         269520 kB
Active(anon):     545620 kB
Inactive(anon):     1696 kB
Active(file):     207748 kB
Inactive(file):   267824 kB
Unevictable:        7264 kB
Mlocked:               0 kB
HighTotal:        802816 kB
HighFree:           1604 kB
LowTotal:         548148 kB
LowFree:           34588 kB
SwapTotal:             0 kB
SwapFree:              0 kB
Dirty:                76 kB
Writeback:             0 kB
AnonPages:        545616 kB
Mapped:           231044 kB
Shmem:              1744 kB
Slab:              33964 kB
SReclaimable:      11996 kB
SUnreclaim:        21968 kB
KernelStack:        9776 kB
PageTables:        20820 kB
NFS_Unstable:          0 kB
Bounce:                0 kB
WritebackTmp:          0 kB
CommitLimit:      675480 kB
Committed_AS:   47717124 kB
VmallocTotal:     253952 kB
VmallocUsed:       95260 kB
VmallocChunk:      36868 kB
Time pass: 333 sec

---2015-12-16 15:27:45
MemTotal:        1350964 kB
MemFree:           35920 kB
Buffers:            9432 kB
Cached:           475164 kB
SwapCached:            0 kB
Active:           753076 kB
Inactive:         269536 kB
Active(anon):     545328 kB
Inactive(anon):     1696 kB
Active(file):     207748 kB
Inactive(file):   267840 kB
Unevictable:        7264 kB
Mlocked:               0 kB
HighTotal:        802816 kB
HighFree:           1976 kB
LowTotal:         548148 kB
LowFree:           33944 kB
SwapTotal:             0 kB
SwapFree:              0 kB
Dirty:               144 kB
Writeback:             0 kB
AnonPages:        545336 kB
Mapped:           231044 kB
Shmem:              1744 kB
Slab:              34132 kB
SReclaimable:      11996 kB
SUnreclaim:        22136 kB
KernelStack:        9768 kB
PageTables:        20820 kB
NFS_Unstable:          0 kB
Bounce:                0 kB
WritebackTmp:          0 kB
CommitLimit:      675480 kB
Committed_AS:   47717168 kB
VmallocTotal:     253952 kB
VmallocUsed:       95260 kB
VmallocChunk:      36868 kB
Time pass: 337 sec

---2015-12-16 15:27:45
MemTotal:        1350964 kB
MemFree:           36680 kB
Buffers:            9456 kB
Cached:           475148 kB
SwapCached:            0 kB
Active:           752324 kB
Inactive:         269536 kB
Active(anon):     544576 kB
Inactive(anon):     1696 kB
Active(file):     207748 kB
Inactive(file):   267840 kB
Unevictable:        7264 kB
Mlocked:               0 kB
HighTotal:        802816 kB
HighFree:           2504 kB
LowTotal:         548148 kB
LowFree:           34176 kB
SwapTotal:             0 kB
SwapFree:              0 kB
Dirty:                36 kB
Writeback:           148 kB
AnonPages:        544840 kB
Mapped:           230896 kB
Shmem:              1744 kB
Slab:              34176 kB
SReclaimable:      11996 kB
SUnreclaim:        22180 kB
KernelStack:        9768 kB
PageTables:        20820 kB
NFS_Unstable:          0 kB
Bounce:                0 kB
WritebackTmp:          0 kB
CommitLimit:      675480 kB
Committed_AS:   47717188 kB
VmallocTotal:     253952 kB
VmallocUsed:       95260 kB
VmallocChunk:      36868 kB
Time pass: 341 sec

---2015-12-16 15:27:45
MemTotal:        1350964 kB
MemFree:           36248 kB
Buffers:            9456 kB
Cached:           475164 kB
SwapCached:            0 kB
Active:           752888 kB
Inactive:         269560 kB
Active(anon):     545140 kB
Inactive(anon):     1696 kB
Active(file):     207748 kB
Inactive(file):   267864 kB
Unevictable:        7264 kB
Mlocked:               0 kB
HighTotal:        802816 kB
HighFree:           1580 kB
LowTotal:         548148 kB
LowFree:           34668 kB
SwapTotal:             0 kB
SwapFree:              0 kB
Dirty:                36 kB
Writeback:             0 kB
AnonPages:        545176 kB
Mapped:           230896 kB
