---2015-12-15 11:39:31
MemTotal:        1421560 kB
MemFree:           45208 kB
Buffers:           12168 kB
Cached:           834372 kB
SwapCached:            0 kB
Active:           651720 kB
Inactive:         550940 kB
Active(anon):     357724 kB
Inactive(anon):      532 kB
Active(file):     293996 kB
Inactive(file):   550408 kB
Unevictable:        1516 kB
Mlocked:               0 kB
HighTotal:        885760 kB
HighFree:          11864 kB
LowTotal:         535800 kB
LowFree:           33344 kB
SwapTotal:             0 kB
SwapFree:              0 kB
Dirty:                 0 kB
Writeback:             0 kB
AnonPages:        357864 kB
Mapped:           341908 kB
Shmem:               620 kB
Slab:              43480 kB
SReclaimable:      13924 kB
SUnreclaim:        29556 kB
KernelStack:       10664 kB
PageTables:        27360 kB
NFS_Unstable:          0 kB
Bounce:                0 kB
WritebackTmp:          0 kB
CommitLimit:      710780 kB
Committed_AS:   36733152 kB
VmallocTotal:     460800 kB
VmallocUsed:       22436 kB
VmallocChunk:     174108 kB
Time pass: 3 sec

---2015-12-15 11:39:31
MemTotal:        1421560 kB
MemFree:           44900 kB
Buffers:           12168 kB
Cached:           834380 kB
SwapCached:            0 kB
Active:           652000 kB
Inactive:         550944 kB
Active(anon):     358000 kB
Inactive(anon):      532 kB
Active(file):     294000 kB
Inactive(file):   550412 kB
Unevictable:        1516 kB
Mlocked:               0 kB
HighTotal:        885760 kB
HighFree:          11748 kB
LowTotal:         535800 kB
LowFree:           33152 kB
SwapTotal:             0 kB
SwapFree:              0 kB
Dirty:                 0 kB
Writeback:             0 kB
AnonPages:        358008 kB
Mapped:           341764 kB
Shmem:               620 kB
Slab:              43696 kB
SReclaimable:      13924 kB
SUnreclaim:        29772 kB
KernelStack:       10648 kB
PageTables:        27332 kB
NFS_Unstable:          0 kB
Bounce:                0 kB
WritebackTmp:          0 kB
CommitLimit:      710780 kB
Committed_AS:   36733148 kB
VmallocTotal:     460800 kB
VmallocUsed:       22436 kB
VmallocChunk:     174108 kB
Time pass: 6 sec

---2015-12-15 11:39:31
MemTotal:        1421560 kB
MemFree:           44592 kB
Buffers:           12168 kB
Cached:           834380 kB
SwapCached:            0 kB
Active:           652252 kB
Inactive:         550944 kB
Active(anon):     358252 kB
Inactive(anon):      532 kB
Active(file):     294000 kB
Inactive(file):   550412 kB
Unevictable:        1516 kB
Mlocked:               0 kB
HighTotal:        885760 kB
HighFree:          11376 kB
LowTotal:         535800 kB
LowFree:           33216 kB
SwapTotal:             0 kB
SwapFree:              0 kB
Dirty:                 0 kB
Writeback:             0 kB
AnonPages:        358288 kB
Mapped:           341764 kB
Shmem:               620 kB
Slab:              43640 kB
SReclaimable:      13924 kB
SUnreclaim:        29716 kB
KernelStack:       10648 kB
PageTables:        27332 kB
NFS_Unstable:          0 kB
Bounce:                0 kB
WritebackTmp:          0 kB
CommitLimit:      710780 kB
Committed_AS:   36733384 kB
VmallocTotal:     460800 kB
VmallocUsed:       22436 kB
VmallocChunk:     174108 kB
Time pass: 10 sec

---2015-12-15 11:39:31
MemTotal:        1421560 kB
MemFree:           44004 kB
Buffers:           12168 kB
Cached:           834384 kB
SwapCached:            0 kB
Active:           652444 kB
Inactive:         550944 kB
Active(anon):     358444 kB
Inactive(anon):      532 kB
Active(file):     294000 kB
Inactive(file):   550412 kB
Unevictable:        1516 kB
Mlocked:               0 kB
HighTotal:        885760 kB
HighFree:          10880 kB
LowTotal:         535800 kB
LowFree:           33124 kB
SwapTotal:             0 kB
SwapFree:              0 kB
Dirty:                 0 kB
Writeback:             0 kB
AnonPages:        358460 kB
Mapped:           341916 kB
Shmem:               620 kB
Slab:              43696 kB
SReclaimable:      13924 kB
SUnreclaim:        29772 kB
KernelStack:       10648 kB
PageTables:        27332 kB
NFS_Unstable:          0 kB
Bounce:                0 kB
WritebackTmp:          0 kB
CommitLimit:      710780 kB
Committed_AS:   36733512 kB
VmallocTotal:     460800 kB
VmallocUsed:       22436 kB
VmallocChunk:     174108 kB
Time pass: 13 sec

---2015-12-15 11:39:31
MemTotal:        1421560 kB
MemFree:           43508 kB
Buffers:           12168 kB
Cached:           834384 kB
SwapCached:            0 kB
Active:           652632 kB
Inactive:         550948 kB
Active(anon):     358632 kB
Inactive(anon):      532 kB
Active(file):     294000 kB
Inactive(file):   550416 kB
Unevictable:        1516 kB
Mlocked:               0 kB
HighTotal:        885760 kB
HighFree:          10448 kB
LowTotal:         535800 kB
LowFree:           33060 kB
SwapTotal:             0 kB
SwapFree:              0 kB
Dirty:                 0 kB
Writeback:             0 kB
AnonPages:        358672 kB
Mapped:           341768 kB
Shmem:               620 kB
Slab:              43692 kB
SReclaimable:      13924 kB
SUnreclaim:        29768 kB
KernelStack:       10648 kB
PageTables:        27332 kB
NFS_Unstable:          0 kB
Bounce:                0 kB
WritebackTmp:          0 kB
CommitLimit:      710780 kB
Committed_AS:   36733600 kB
VmallocTotal:     460800 kB
VmallocUsed:       22436 kB
VmallocChunk:     174108 kB
Time pass: 17 sec

---2015-12-15 11:39:31
MemTotal:        1421560 kB
MemFree:           43484 kB
Buffers:           12168 kB
Cached:           834384 kB
SwapCached:            0 kB
Active:           652916 kB
Inactive:         550948 kB
Active(anon):     358916 kB
Inactive(anon):      532 kB
Active(file):     294000 kB
Inactive(file):   550416 kB
Unevictable:        1516 kB
Mlocked:               0 kB
HighTotal:        885760 kB
HighFree:          10300 kB
LowTotal:         535800 kB
LowFree:           33184 kB
SwapTotal:             0 kB
SwapFree:              0 kB
Dirty:                 0 kB
Writeback:             0 kB
AnonPages:        358912 kB
Mapped:           341916 kB
Shmem:               620 kB
Slab:              43668 kB
SReclaimable:      13924 kB
SUnreclaim:        29744 kB
KernelStack:       10648 kB
PageTables:        27332 kB
NFS_Unstable:          0 kB
Bounce:                0 kB
WritebackTmp:          0 kB
CommitLimit:      710780 kB
Committed_AS:   36733824 kB
VmallocTotal:     460800 kB
VmallocUsed:       22436 kB
VmallocChunk:     174108 kB
Time pass: 20 sec

---2015-12-15 11:39:31
MemTotal:        1421560 kB
MemFree:           21392 kB
Buffers:           11816 kB
Cached:           844096 kB
SwapCached:            0 kB
Active:           670136 kB
Inactive:         546084 kB
Active(anon):     362076 kB
Inactive(anon):      532 kB
Active(file):     308060 kB
Inactive(file):   545552 kB
Unevictable:        1516 kB
Mlocked:               0 kB
HighTotal:        885760 kB
HighFree:           5392 kB
LowTotal:         535800 kB
LowFree:           16000 kB
SwapTotal:             0 kB
SwapFree:              0 kB
Dirty:               896 kB
Writeback:             0 kB
AnonPages:        362088 kB
Mapped:           356588 kB
Shmem:               620 kB
Slab:              43132 kB
SReclaimable:      13544 kB
SUnreclaim:        29588 kB
KernelStack:       10688 kB
PageTables:        27788 kB
NFS_Unstable:          0 kB
Bounce:                0 kB
WritebackTmp:          0 kB
CommitLimit:      710780 kB
Committed_AS:   37552368 kB
VmallocTotal:     460800 kB
VmallocUsed:       23592 kB
VmallocChunk:     174108 kB
Time pass: 24 sec

---2015-12-15 11:39:31
MemTotal:        1421560 kB
MemFree:           30520 kB
Buffers:           11856 kB
Cached:           816932 kB
SwapCached:            0 kB
Active:           675372 kB
Inactive:         514720 kB
Active(anon):     363064 kB
Inactive(anon):      664 kB
Active(file):     312308 kB
Inactive(file):   514056 kB
Unevictable:        1516 kB
Mlocked:               0 kB
HighTotal:        885760 kB
HighFree:          10864 kB
LowTotal:         535800 kB
LowFree:           19656 kB
SwapTotal:             0 kB
SwapFree:              0 kB
Dirty:               112 kB
Writeback:             0 kB
AnonPages:        362880 kB
Mapped:           353308 kB
Shmem:               752 kB
Slab:              43776 kB
SReclaimable:      13892 kB
SUnreclaim:        29884 kB
KernelStack:       10968 kB
PageTables:        27916 kB
NFS_Unstable:          0 kB
Bounce:                0 kB
WritebackTmp:          0 kB
CommitLimit:      710780 kB
Committed_AS:   37561332 kB
VmallocTotal:     460800 kB
VmallocUsed:       23636 kB
VmallocChunk:     174108 kB
Time pass: 27 sec

---2015-12-15 11:39:31
MemTotal:        1421560 kB
MemFree:           28556 kB
Buffers:           11864 kB
Cached:           800896 kB
SwapCached:            0 kB
Active:           673732 kB
Inactive:         501060 kB
Active(anon):     363636 kB
Inactive(anon):      664 kB
Active(file):     310096 kB
Inactive(file):   500396 kB
Unevictable:        1516 kB
Mlocked:               0 kB
HighTotal:        885760 kB
HighFree:           6108 kB
LowTotal:         535800 kB
LowFree:           22448 kB
SwapTotal:             0 kB
SwapFree:              0 kB
Dirty:               308 kB
Writeback:             0 kB
AnonPages:        363696 kB
Mapped:           369040 kB
Shmem:               752 kB
Slab:              43512 kB
SReclaimable:      13896 kB
SUnreclaim:        29616 kB
KernelStack:       11000 kB
PageTables:        27916 kB
NFS_Unstable:          0 kB
Bounce:                0 kB
WritebackTmp:          0 kB
CommitLimit:      710780 kB
Committed_AS:   37464944 kB
VmallocTotal:     460800 kB
VmallocUsed:       23708 kB
VmallocChunk:     174108 kB
Time pass: 31 sec

---2015-12-15 11:39:31
MemTotal:        1421560 kB
MemFree:           24720 kB
Buffers:           11872 kB
Cached:           794668 kB
SwapCached:            0 kB
Active:           675936 kB
Inactive:         493888 kB
Active(anon):     364888 kB
Inactive(anon):      664 kB
Active(file):     311048 kB
Inactive(file):   493224 kB
Unevictable:        1516 kB
Mlocked:               0 kB
HighTotal:        885760 kB
HighFree:           6428 kB
LowTotal:         535800 kB
LowFree:           18292 kB
SwapTotal:             0 kB
SwapFree:              0 kB
Dirty:               188 kB
Writeback:             0 kB
AnonPages:        364864 kB
Mapped:           376356 kB
Shmem:               752 kB
Slab:              43736 kB
SReclaimable:      13904 kB
SUnreclaim:        29832 kB
KernelStack:       11000 kB
PageTables:        27932 kB
NFS_Unstable:          0 kB
Bounce:                0 kB
WritebackTmp:          0 kB
CommitLimit:      710780 kB
Committed_AS:   37466116 kB
VmallocTotal:     460800 kB
VmallocUsed:       23756 kB
VmallocChunk:     174108 kB
Time pass: 34 sec

---2015-12-15 11:39:31
MemTotal:        1421560 kB
MemFree:           25028 kB
Buffers:           11880 kB
Cached:           794660 kB
SwapCached:            0 kB
Active:           676132 kB
Inactive:         493888 kB
Active(anon):     365084 kB
Inactive(anon):      664 kB
Active(file):     311048 kB
Inactive(file):   493224 kB
Unevictable:        1516 kB
Mlocked:               0 kB
HighTotal:        885760 kB
HighFree:           6728 kB
LowTotal:         535800 kB
LowFree:           18300 kB
SwapTotal:             0 kB
SwapFree:              0 kB
Dirty:                24 kB
Writeback:             0 kB
AnonPages:        365148 kB
Mapped:           376320 kB
Shmem:               752 kB
Slab:              43680 kB
SReclaimable:      13936 kB
SUnreclaim:        29744 kB
KernelStack:       11008 kB
PageTables:        27932 kB
NFS_Unstable:          0 kB
Bounce:                0 kB
WritebackTmp:          0 kB
CommitLimit:      710780 kB
Committed_AS:   37466380 kB
VmallocTotal:     460800 kB
VmallocUsed:       23756 kB
VmallocChunk:     174108 kB
Time pass: 38 sec

---2015-12-15 11:39:31
MemTotal:        1421560 kB
MemFree:           21048 kB
Buffers:           11872 kB
Cached:           789524 kB
SwapCached:            0 kB
Active:           678424 kB
Inactive:         488200 kB
Active(anon):     367020 kB
Inactive(anon):      664 kB
Active(file):     311404 kB
Inactive(file):   487536 kB
Unevictable:        1516 kB
Mlocked:               0 kB
HighTotal:        885760 kB
HighFree:           4408 kB
LowTotal:         535800 kB
LowFree:           16640 kB
SwapTotal:             0 kB
SwapFree:              0 kB
Dirty:               352 kB
Writeback:             0 kB
AnonPages:        367036 kB
Mapped:           378796 kB
Shmem:               752 kB
Slab:              43696 kB
SReclaimable:      13928 kB
SUnreclaim:        29768 kB
KernelStack:       11008 kB
PageTables:        27948 kB
NFS_Unstable:          0 kB
Bounce:                0 kB
WritebackTmp:          0 kB
CommitLimit:      710780 kB
Committed_AS:   37499480 kB
VmallocTotal:     460800 kB
VmallocUsed:       23892 kB
VmallocChunk:     174108 kB
Time pass: 41 sec

---2015-12-15 11:39:31
MemTotal:        1421560 kB
MemFree:           20684 kB
Buffers:           11496 kB
Cached:           784640 kB
SwapCached:            0 kB
Active:           683024 kB
Inactive:         481932 kB
Active(anon):     370424 kB
Inactive(anon):      664 kB
Active(file):     312600 kB
Inactive(file):   481268 kB
Unevictable:        1516 kB
Mlocked:               0 kB
HighTotal:        885760 kB
HighFree:           4716 kB
LowTotal:         535800 kB
LowFree:           15968 kB
SwapTotal:             0 kB
SwapFree:              0 kB
Dirty:                60 kB
Writeback:             0 kB
AnonPages:        370532 kB
Mapped:           381064 kB
Shmem:               752 kB
Slab:              43704 kB
SReclaimable:      14024 kB
SUnreclaim:        29680 kB
KernelStack:       11040 kB
PageTables:        27996 kB
NFS_Unstable:          0 kB
Bounce:                0 kB
WritebackTmp:          0 kB
CommitLimit:      710780 kB
Committed_AS:   37504268 kB
VmallocTotal:     460800 kB
VmallocUsed:       23892 kB
VmallocChunk:     174108 kB
Time pass: 45 sec

---2015-12-15 11:39:31
MemTotal:        1421560 kB
MemFree:           19004 kB
Buffers:           11496 kB
Cached:           784644 kB
SwapCached:            0 kB
Active:           684608 kB
Inactive:         481932 kB
Active(anon):     372004 kB
Inactive(anon):      664 kB
Active(file):     312604 kB
Inactive(file):   481268 kB
Unevictable:        1516 kB
Mlocked:               0 kB
HighTotal:        885760 kB
HighFree:           4416 kB
LowTotal:         535800 kB
LowFree:           14588 kB
SwapTotal:             0 kB
SwapFree:              0 kB
Dirty:                 0 kB
Writeback:             0 kB
AnonPages:        372044 kB
Mapped:           381192 kB
Shmem:               752 kB
Slab:              43900 kB
SReclaimable:      14024 kB
SUnreclaim:        29876 kB
KernelStack:       11032 kB
PageTables:        28000 kB
NFS_Unstable:          0 kB
Bounce:                0 kB
WritebackTmp:          0 kB
CommitLimit:      710780 kB
Committed_AS:   37506084 kB
VmallocTotal:     460800 kB
VmallocUsed:       23892 kB
VmallocChunk:     174108 kB
Time pass: 48 sec

---2015-12-15 11:39:31
MemTotal:        1421560 kB
MemFree:           28296 kB
Buffers:           10980 kB
Cached:           757780 kB
SwapCached:            0 kB
Active:           702056 kB
Inactive:         450152 kB
Active(anon):     385180 kB
Inactive(anon):      664 kB
Active(file):     316876 kB
Inactive(file):   449488 kB
Unevictable:        1516 kB
Mlocked:               0 kB
HighTotal:        885760 kB
HighFree:           9204 kB
LowTotal:         535800 kB
LowFree:           19092 kB
SwapTotal:             0 kB
SwapFree:              0 kB
Dirty:               588 kB
Writeback:             0 kB
AnonPages:        385140 kB
Mapped:           386984 kB
Shmem:               752 kB
Slab:              42568 kB
SReclaimable:      12796 kB
SUnreclaim:        29772 kB
KernelStack:       11096 kB
PageTables:        28040 kB
NFS_Unstable:          0 kB
Bounce:                0 kB
WritebackTmp:          0 kB
CommitLimit:      710780 kB
Committed_AS:   37519244 kB
VmallocTotal:     460800 kB
VmallocUsed:       23888 kB
VmallocChunk:     174108 kB
Time pass: 52 sec

---2015-12-15 11:39:31
MemTotal:        1421560 kB
MemFree:           25140 kB
Buffers:           10776 kB
Cached:           746644 kB
SwapCached:            0 kB
Active:           707504 kB
Inactive:         438648 kB
Active(anon):     390336 kB
Inactive(anon):      664 kB
Active(file):     317168 kB
Inactive(file):   437984 kB
Unevictable:        1516 kB
Mlocked:               0 kB
HighTotal:        885760 kB
HighFree:           7996 kB
LowTotal:         535800 kB
LowFree:           17144 kB
SwapTotal:             0 kB
SwapFree:              0 kB
Dirty:                 0 kB
Writeback:             0 kB
AnonPages:        390356 kB
Mapped:           395336 kB
Shmem:               752 kB
Slab:              42808 kB
SReclaimable:      12988 kB
SUnreclaim:        29820 kB
KernelStack:       11080 kB
PageTables:        28076 kB
NFS_Unstable:          0 kB
Bounce:                0 kB
WritebackTmp:          0 kB
CommitLimit:      710780 kB
Committed_AS:   37525628 kB
VmallocTotal:     460800 kB
VmallocUsed:       23900 kB
VmallocChunk:     174108 kB
Time pass: 66 sec

---2015-12-15 11:39:31
MemTotal:        1421560 kB
MemFree:           18444 kB
Buffers:           10816 kB
Cached:           746656 kB
SwapCached:            0 kB
Active:           712768 kB
Inactive:         438692 kB
Active(anon):     395596 kB
Inactive(anon):      664 kB
Active(file):     317172 kB
Inactive(file):   438028 kB
Unevictable:        1516 kB
Mlocked:               0 kB
HighTotal:        885760 kB
HighFree:           4836 kB
LowTotal:         535800 kB
LowFree:           13608 kB
SwapTotal:             0 kB
SwapFree:              0 kB
Dirty:                16 kB
Writeback:             0 kB
AnonPages:        395608 kB
Mapped:           395840 kB
Shmem:               752 kB
Slab:              43868 kB
SReclaimable:      13952 kB
SUnreclaim:        29916 kB
KernelStack:       11080 kB
PageTables:        28084 kB
NFS_Unstable:          0 kB
Bounce:                0 kB
WritebackTmp:          0 kB
CommitLimit:      710780 kB
Committed_AS:   37531112 kB
VmallocTotal:     460800 kB
VmallocUsed:       23900 kB
VmallocChunk:     174108 kB
Time pass: 74 sec

---2015-12-15 11:39:31
MemTotal:        1421560 kB
MemFree:           22156 kB
Buffers:           10776 kB
Cached:           739364 kB
SwapCached:            0 kB
Active:           715636 kB
Inactive:         428992 kB
Active(anon):     396112 kB
Inactive(anon):      664 kB
Active(file):     319524 kB
Inactive(file):   428328 kB
Unevictable:        1516 kB
Mlocked:               0 kB
HighTotal:        885760 kB
HighFree:           5312 kB
LowTotal:         535800 kB
LowFree:           16844 kB
SwapTotal:             0 kB
SwapFree:              0 kB
Dirty:              6492 kB
Writeback:             0 kB
AnonPages:        396132 kB
Mapped:           394988 kB
Shmem:               752 kB
Slab:              43972 kB
SReclaimable:      14028 kB
SUnreclaim:        29944 kB
KernelStack:       11104 kB
PageTables:        28104 kB
NFS_Unstable:          0 kB
Bounce:                0 kB
WritebackTmp:          0 kB
CommitLimit:      710780 kB
Committed_AS:   37531240 kB
VmallocTotal:     460800 kB
VmallocUsed:       23900 kB
VmallocChunk:     174108 kB
Time pass: 77 sec

---2015-12-15 11:39:31
MemTotal:        1421560 kB
MemFree:           21568 kB
Buffers:           10796 kB
Cached:           739412 kB
SwapCached:            0 kB
Active:           715740 kB
Inactive:         429068 kB
Active(anon):     396216 kB
Inactive(anon):      664 kB
Active(file):     319524 kB
Inactive(file):   428404 kB
Unevictable:        1516 kB
Mlocked:               0 kB
HighTotal:        885760 kB
HighFree:           4692 kB
LowTotal:         535800 kB
LowFree:           16876 kB
SwapTotal:             0 kB
SwapFree:              0 kB
Dirty:                52 kB
Writeback:             0 kB
AnonPages:        396308 kB
Mapped:           395376 kB
Shmem:               752 kB
Slab:              43972 kB
SReclaimable:      14036 kB
SUnreclaim:        29936 kB
KernelStack:       11096 kB
PageTables:        28108 kB
NFS_Unstable:          0 kB
Bounce:                0 kB
WritebackTmp:          0 kB
CommitLimit:      710780 kB
Committed_AS:   37531372 kB
VmallocTotal:     460800 kB
VmallocUsed:       23900 kB
VmallocChunk:     174108 kB
Time pass: 81 sec

---2015-12-15 11:39:31
MemTotal:        1421560 kB
MemFree:           27972 kB
Buffers:           10792 kB
Cached:           715984 kB
SwapCached:            0 kB
Active:           722816 kB
Inactive:         405232 kB
Active(anon):     402884 kB
Inactive(anon):      664 kB
Active(file):     319932 kB
Inactive(file):   404568 kB
Unevictable:        1516 kB
Mlocked:               0 kB
HighTotal:        885760 kB
HighFree:           9076 kB
LowTotal:         535800 kB
LowFree:           18896 kB
SwapTotal:             0 kB
SwapFree:              0 kB
Dirty:               512 kB
Writeback:             0 kB
AnonPages:        402872 kB
Mapped:           397092 kB
Shmem:               752 kB
Slab:              44060 kB
SReclaimable:      13996 kB
SUnreclaim:        30064 kB
KernelStack:       11088 kB
PageTables:        28132 kB
NFS_Unstable:          0 kB
Bounce:                0 kB
WritebackTmp:          0 kB
CommitLimit:      710780 kB
Committed_AS:   37537032 kB
VmallocTotal:     460800 kB
VmallocUsed:       23912 kB
VmallocChunk:     174108 kB
Time pass: 84 sec

---2015-12-15 11:39:31
MemTotal:        1421560 kB
MemFree:           27152 kB
Buffers:           10808 kB
Cached:           721236 kB
SwapCached:            0 kB
Active:           719944 kB
Inactive:         410468 kB
Active(anon):     399972 kB
Inactive(anon):      664 kB
Active(file):     319972 kB
Inactive(file):   409804 kB
Unevictable:        1516 kB
Mlocked:               0 kB
HighTotal:        885760 kB
HighFree:           7544 kB
LowTotal:         535800 kB
LowFree:           19608 kB
SwapTotal:             0 kB
SwapFree:              0 kB
Dirty:                72 kB
Writeback:             0 kB
AnonPages:        400012 kB
Mapped:           400064 kB
Shmem:               752 kB
Slab:              44268 kB
SReclaimable:      14044 kB
SUnreclaim:        30224 kB
KernelStack:       11128 kB
PageTables:        28152 kB
NFS_Unstable:          0 kB
Bounce:                0 kB
WritebackTmp:          0 kB
CommitLimit:      710780 kB
Committed_AS:   37537988 kB
VmallocTotal:     460800 kB
VmallocUsed:       24432 kB
VmallocChunk:     174108 kB
Time pass: 90 sec

---2015-12-15 11:39:31
MemTotal:        1421560 kB
MemFree:           20780 kB
Buffers:           10804 kB
Cached:           705648 kB
SwapCached:            0 kB
Active:           725336 kB
Inactive:         394416 kB
Active(anon):     405048 kB
Inactive(anon):      784 kB
Active(file):     320288 kB
Inactive(file):   393632 kB
Unevictable:        1516 kB
Mlocked:               0 kB
HighTotal:        885760 kB
HighFree:           6732 kB
LowTotal:         535800 kB
LowFree:           14048 kB
SwapTotal:             0 kB
SwapFree:              0 kB
Dirty:               108 kB
Writeback:            12 kB
AnonPages:        405128 kB
Mapped:           398404 kB
Shmem:               908 kB
Slab:              44428 kB
SReclaimable:      14100 kB
SUnreclaim:        30328 kB
KernelStack:       11232 kB
PageTables:        28304 kB
NFS_Unstable:          0 kB
Bounce:                0 kB
WritebackTmp:          0 kB
CommitLimit:      710780 kB
Committed_AS:   37557208 kB
VmallocTotal:     460800 kB
VmallocUsed:       26840 kB
VmallocChunk:     174108 kB
Time pass: 97 sec

---2015-12-15 11:39:31
MemTotal:        1421560 kB
MemFree:           21644 kB
Buffers:           10464 kB
Cached:           674036 kB
SwapCached:            0 kB
Active:           730528 kB
Inactive:         358504 kB
Active(anon):     406600 kB
Inactive(anon):      820 kB
Active(file):     323928 kB
Inactive(file):   357684 kB
Unevictable:        1516 kB
Mlocked:               0 kB
HighTotal:        885760 kB
HighFree:           5960 kB
LowTotal:         535800 kB
LowFree:           15684 kB
SwapTotal:             0 kB
SwapFree:              0 kB
Dirty:                 0 kB
Writeback:             0 kB
AnonPages:        406556 kB
Mapped:           395928 kB
Shmem:               912 kB
Slab:              43700 kB
SReclaimable:      13228 kB
SUnreclaim:        30472 kB
KernelStack:       11296 kB
PageTables:        28416 kB
NFS_Unstable:          0 kB
Bounce:                0 kB
WritebackTmp:          0 kB
CommitLimit:      710780 kB
Committed_AS:   37558796 kB
VmallocTotal:     460800 kB
VmallocUsed:       26840 kB
VmallocChunk:     174108 kB
Time pass: 101 sec

---2015-12-15 11:39:31
MemTotal:        1421560 kB
MemFree:           22108 kB
Buffers:           10472 kB
Cached:           673436 kB
SwapCached:            0 kB
Active:           732264 kB
Inactive:         357904 kB
Active(anon):     407868 kB
Inactive(anon):      820 kB
Active(file):     324396 kB
Inactive(file):   357084 kB
Unevictable:        1516 kB
Mlocked:               0 kB
HighTotal:        885760 kB
HighFree:           5808 kB
LowTotal:         535800 kB
LowFree:           16300 kB
SwapTotal:             0 kB
SwapFree:              0 kB
Dirty:                 0 kB
Writeback:             0 kB
AnonPages:        407868 kB
Mapped:           395908 kB
Shmem:               912 kB
Slab:              44420 kB
SReclaimable:      14156 kB
SUnreclaim:        30264 kB
KernelStack:       11288 kB
PageTables:        28432 kB
NFS_Unstable:          0 kB
Bounce:                0 kB
WritebackTmp:          0 kB
CommitLimit:      710780 kB
Committed_AS:   37560128 kB
VmallocTotal:     460800 kB
VmallocUsed:       26840 kB
VmallocChunk:     174108 kB
Time pass: 106 sec

---2015-12-15 11:39:31
MemTotal:        1421560 kB
MemFree:           19044 kB
Buffers:           10488 kB
Cached:           673436 kB
SwapCached:            0 kB
Active:           733396 kB
Inactive:         357920 kB
Active(anon):     409000 kB
Inactive(anon):      820 kB
Active(file):     324396 kB
Inactive(file):   357100 kB
Unevictable:        1516 kB
Mlocked:               0 kB
HighTotal:        885760 kB
HighFree:           4436 kB
LowTotal:         535800 kB
LowFree:           14608 kB
SwapTotal:             0 kB
SwapFree:              0 kB
Dirty:                40 kB
Writeback:             0 kB
AnonPages:        408960 kB
Mapped:           395812 kB
Shmem:               912 kB
Slab:              44440 kB
SReclaimable:      14156 kB
SUnreclaim:        30284 kB
KernelStack:       11304 kB
PageTables:        28316 kB
NFS_Unstable:          0 kB
Bounce:                0 kB
WritebackTmp:          0 kB
CommitLimit:      710780 kB
Committed_AS:   37561928 kB
VmallocTotal:     460800 kB
VmallocUsed:       26840 kB
VmallocChunk:     174108 kB
Time pass: 110 sec

---2015-12-15 11:39:31
MemTotal:        1421560 kB
MemFree:           20392 kB
Buffers:           10496 kB
Cached:           670512 kB
SwapCached:            0 kB
Active:           733856 kB
Inactive:         355308 kB
Active(anon):     409764 kB
Inactive(anon):      844 kB
Active(file):     324092 kB
Inactive(file):   354464 kB
Unevictable:        1516 kB
Mlocked:               0 kB
HighTotal:        885760 kB
HighFree:           5284 kB
LowTotal:         535800 kB
LowFree:           15108 kB
SwapTotal:             0 kB
SwapFree:              0 kB
Dirty:                28 kB
Writeback:             0 kB
AnonPages:        409872 kB
Mapped:           395128 kB
Shmem:               936 kB
Slab:              44588 kB
SReclaimable:      14196 kB
SUnreclaim:        30392 kB
KernelStack:       11296 kB
PageTables:        28324 kB
NFS_Unstable:          0 kB
Bounce:                0 kB
WritebackTmp:          0 kB
CommitLimit:      710780 kB
Committed_AS:   37596072 kB
VmallocTotal:     460800 kB
VmallocUsed:       26840 kB
VmallocChunk:     174108 kB
Time pass: 114 sec

---2015-12-15 11:39:31
MemTotal:        1421560 kB
MemFree:           20576 kB
Buffers:           11392 kB
Cached:           669672 kB
SwapCached:            0 kB
Active:           735632 kB
Inactive:         355260 kB
Active(anon):     411436 kB
Inactive(anon):      844 kB
Active(file):     324196 kB
Inactive(file):   354416 kB
Unevictable:        1516 kB
Mlocked:               0 kB
HighTotal:        885760 kB
HighFree:           5244 kB
LowTotal:         535800 kB
LowFree:           15332 kB
SwapTotal:             0 kB
SwapFree:              0 kB
Dirty:                40 kB
Writeback:             0 kB
AnonPages:        411380 kB
Mapped:           395120 kB
Shmem:               936 kB
Slab:              44552 kB
SReclaimable:      14196 kB
SUnreclaim:        30356 kB
KernelStack:       11296 kB
PageTables:        28284 kB
NFS_Unstable:          0 kB
Bounce:                0 kB
WritebackTmp:          0 kB
CommitLimit:      710780 kB
Committed_AS:   37564332 kB
VmallocTotal:     460800 kB
VmallocUsed:       26840 kB
VmallocChunk:     174108 kB
Time pass: 118 sec

---2015-12-15 11:39:31
MemTotal:        1421560 kB
MemFree:           23112 kB
Buffers:           11392 kB
Cached:           663844 kB
SwapCached:            0 kB
Active:           740012 kB
Inactive:         348740 kB
Active(anon):     415720 kB
Inactive(anon):      852 kB
Active(file):     324292 kB
Inactive(file):   347888 kB
Unevictable:        2116 kB
Mlocked:               0 kB
HighTotal:        885760 kB
HighFree:           6180 kB
LowTotal:         535800 kB
LowFree:           16932 kB
SwapTotal:             0 kB
SwapFree:              0 kB
Dirty:                36 kB
Writeback:             0 kB
AnonPages:        415808 kB
Mapped:           394320 kB
Shmem:               944 kB
Slab:              43584 kB
SReclaimable:      13196 kB
SUnreclaim:        30388 kB
KernelStack:       11312 kB
PageTables:        28560 kB
NFS_Unstable:          0 kB
Bounce:                0 kB
WritebackTmp:          0 kB
CommitLimit:      710780 kB
Committed_AS:   38886624 kB
VmallocTotal:     460800 kB
VmallocUsed:       26840 kB
VmallocChunk:     174108 kB
Time pass: 122 sec

---2015-12-15 11:39:31
MemTotal:        1421560 kB
MemFree:           30560 kB
Buffers:           11404 kB
Cached:           662372 kB
SwapCached:            0 kB
Active:           731972 kB
Inactive:         347380 kB
Active(anon):     408232 kB
Inactive(anon):      664 kB
Active(file):     323740 kB
Inactive(file):   346716 kB
Unevictable:        2520 kB
Mlocked:               0 kB
HighTotal:        885760 kB
HighFree:           9676 kB
LowTotal:         535800 kB
LowFree:           20884 kB
SwapTotal:             0 kB
SwapFree:              0 kB
Dirty:                88 kB
Writeback:             0 kB
AnonPages:        408136 kB
Mapped:           393772 kB
Shmem:               752 kB
Slab:              44644 kB
SReclaimable:      14252 kB
SUnreclaim:        30392 kB
KernelStack:       11232 kB
PageTables:        28556 kB
NFS_Unstable:          0 kB
Bounce:                0 kB
WritebackTmp:          0 kB
CommitLimit:      710780 kB
Committed_AS:   38857024 kB
VmallocTotal:     460800 kB
VmallocUsed:       26840 kB
VmallocChunk:     174108 kB
Time pass: 126 sec

---2015-12-15 11:39:31
MemTotal:        1421560 kB
MemFree:          170036 kB
Buffers:           11460 kB
Cached:           662920 kB
SwapCached:            0 kB
Active:           665280 kB
Inactive:         346708 kB
Active(anon):     340268 kB
Inactive(anon):      532 kB
Active(file):     325012 kB
Inactive(file):   346176 kB
Unevictable:        2520 kB
Mlocked:               0 kB
HighTotal:        885760 kB
HighFree:          98276 kB
LowTotal:         535800 kB
LowFree:           71760 kB
SwapTotal:             0 kB
SwapFree:              0 kB
Dirty:                 4 kB
Writeback:             0 kB
AnonPages:        340164 kB
Mapped:           312032 kB
Shmem:               620 kB
Slab:              44492 kB
SReclaimable:      14236 kB
SUnreclaim:        30256 kB
KernelStack:       10472 kB
PageTables:        26624 kB
NFS_Unstable:          0 kB
Bounce:                0 kB
WritebackTmp:          0 kB
CommitLimit:      710780 kB
Committed_AS:   36106812 kB
VmallocTotal:     460800 kB
VmallocUsed:       25500 kB
VmallocChunk:     174108 kB
Time pass: 129 sec

---2015-12-15 11:39:31
MemTotal:        1421560 kB
MemFree:          172732 kB
Buffers:           11468 kB
Cached:           662920 kB
SwapCached:            0 kB
Active:           662880 kB
Inactive:         346764 kB
Active(anon):     337864 kB
Inactive(anon):      532 kB
Active(file):     325016 kB
Inactive(file):   346232 kB
Unevictable:        2520 kB
Mlocked:               0 kB
HighTotal:        885760 kB
HighFree:         100512 kB
LowTotal:         535800 kB
LowFree:           72220 kB
SwapTotal:             0 kB
SwapFree:              0 kB
Dirty:                40 kB
Writeback:             0 kB
AnonPages:        337840 kB
Mapped:           312076 kB
Shmem:               620 kB
Slab:              44452 kB
SReclaimable:      14236 kB
SUnreclaim:        30216 kB
KernelStack:       10456 kB
PageTables:        26632 kB
NFS_Unstable:          0 kB
Bounce:                0 kB
WritebackTmp:          0 kB
CommitLimit:      710780 kB
Committed_AS:   36072860 kB
VmallocTotal:     460800 kB
VmallocUsed:       25500 kB
VmallocChunk:     174108 kB
Time pass: 133 sec

---2015-12-15 11:39:31
MemTotal:        1421560 kB
MemFree:          173220 kB
Buffers:           11476 kB
Cached:           662912 kB
SwapCached:            0 kB
Active:           662740 kB
Inactive:         346764 kB
Active(anon):     337724 kB
Inactive(anon):      532 kB
Active(file):     325016 kB
Inactive(file):   346232 kB
Unevictable:        2520 kB
Mlocked:               0 kB
HighTotal:        885760 kB
HighFree:         101000 kB
LowTotal:         535800 kB
LowFree:           72220 kB
SwapTotal:             0 kB
SwapFree:              0 kB
Dirty:                 0 kB
Writeback:             0 kB
AnonPages:        337856 kB
Mapped:           312076 kB
Shmem:               620 kB
Slab:              44444 kB
SReclaimable:      14236 kB
SUnreclaim:        30208 kB
KernelStack:       10456 kB
PageTables:        26632 kB
NFS_Unstable:          0 kB
Bounce:                0 kB
WritebackTmp:          0 kB
CommitLimit:      710780 kB
Committed_AS:   36072932 kB
VmallocTotal:     460800 kB
VmallocUsed:       25500 kB
VmallocChunk:     174108 kB
Time pass: 136 sec

---2015-12-15 11:39:31
MemTotal:        1421560 kB
MemFree:          173108 kB
Buffers:           11476 kB
Cached:           662920 kB
SwapCached:            0 kB
Active:           662864 kB
Inactive:         346772 kB
Active(anon):     337848 kB
Inactive(anon):      532 kB
Active(file):     325016 kB
Inactive(file):   346240 kB
Unevictable:        2520 kB
Mlocked:               0 kB
HighTotal:        885760 kB
HighFree:         100692 kB
LowTotal:         535800 kB
LowFree:           72416 kB
SwapTotal:             0 kB
SwapFree:              0 kB
Dirty:                36 kB
Writeback:             0 kB
AnonPages:        338008 kB
Mapped:           311928 kB
Shmem:               620 kB
Slab:              44372 kB
SReclaimable:      14236 kB
SUnreclaim:        30136 kB
KernelStack:       10448 kB
PageTables:        26632 kB
NFS_Unstable:          0 kB
Bounce:                0 kB
WritebackTmp:          0 kB
CommitLimit:      710780 kB
Committed_AS:   36073212 kB
VmallocTotal:     460800 kB
VmallocUsed:       23092 kB
VmallocChunk:     174108 kB
Time pass: 140 sec

---2015-12-15 11:39:31
MemTotal:        1421560 kB
MemFree:          173084 kB
Buffers:           11476 kB
Cached:           662920 kB
SwapCached:            0 kB
Active:           663020 kB
Inactive:         346772 kB
Active(anon):     338004 kB
Inactive(anon):      532 kB
Active(file):     325016 kB
Inactive(file):   346240 kB
Unevictable:        2520 kB
Mlocked:               0 kB
HighTotal:        885760 kB
HighFree:         100636 kB
LowTotal:         535800 kB
LowFree:           72448 kB
SwapTotal:             0 kB
SwapFree:              0 kB
Dirty:                 0 kB
Writeback:             0 kB
AnonPages:        338104 kB
Mapped:           311928 kB
Shmem:               620 kB
Slab:              44316 kB
SReclaimable:      14236 kB
SUnreclaim:        30080 kB
KernelStack:       10448 kB
PageTables:        26632 kB
NFS_Unstable:          0 kB
Bounce:                0 kB
WritebackTmp:          0 kB
CommitLimit:      710780 kB
Committed_AS:   36073336 kB
VmallocTotal:     460800 kB
VmallocUsed:       23092 kB
VmallocChunk:     174108 kB
Time pass: 143 sec

---2015-12-15 11:39:31
MemTotal:        1421560 kB
MemFree:          173056 kB
Buffers:           11476 kB
Cached:           662920 kB
SwapCached:            0 kB
Active:           663176 kB
Inactive:         346772 kB
Active(anon):     338160 kB
Inactive(anon):      532 kB
Active(file):     325016 kB
Inactive(file):   346240 kB
Unevictable:        2520 kB
Mlocked:               0 kB
HighTotal:        885760 kB
HighFree:         100760 kB
LowTotal:         535800 kB
LowFree:           72296 kB
SwapTotal:             0 kB
SwapFree:              0 kB
Dirty:                 0 kB
Writeback:             0 kB
AnonPages:        338260 kB
Mapped:           311932 kB
Shmem:               620 kB
Slab:              44460 kB
SReclaimable:      14236 kB
SUnreclaim:        30224 kB
KernelStack:       10456 kB
PageTables:        26644 kB
NFS_Unstable:          0 kB
Bounce:                0 kB
WritebackTmp:          0 kB
CommitLimit:      710780 kB
Committed_AS:   36073320 kB
VmallocTotal:     460800 kB
VmallocUsed:       23092 kB
VmallocChunk:     174108 kB
Time pass: 147 sec

---2015-12-15 11:39:31
MemTotal:        1421560 kB
MemFree:          172736 kB
Buffers:           11476 kB
Cached:           662920 kB
SwapCached:            0 kB
Active:           663216 kB
Inactive:         346772 kB
Active(anon):     338200 kB
Inactive(anon):      532 kB
Active(file):     325016 kB
Inactive(file):   346240 kB
Unevictable:        2520 kB
Mlocked:               0 kB
HighTotal:        885760 kB
HighFree:         100416 kB
LowTotal:         535800 kB
LowFree:           72320 kB
SwapTotal:             0 kB
SwapFree:              0 kB
Dirty:                 0 kB
Writeback:             0 kB
AnonPages:        338188 kB
Mapped:           311932 kB
Shmem:               620 kB
Slab:              44440 kB
SReclaimable:      14236 kB
SUnreclaim:        30204 kB
KernelStack:       10448 kB
PageTables:        26632 kB
NFS_Unstable:          0 kB
Bounce:                0 kB
WritebackTmp:          0 kB
CommitLimit:      710780 kB
Committed_AS:   36073520 kB
VmallocTotal:     460800 kB
VmallocUsed:       23092 kB
VmallocChunk:     174108 kB
Time pass: 150 sec

---2015-12-15 11:39:31
MemTotal:        1421560 kB
MemFree:          172456 kB
Buffers:           11476 kB
Cached:           662920 kB
SwapCached:            0 kB
Active:           663348 kB
Inactive:         346772 kB
Active(anon):     338332 kB
Inactive(anon):      532 kB
Active(file):     325016 kB
Inactive(file):   346240 kB
Unevictable:        2520 kB
Mlocked:               0 kB
HighTotal:        885760 kB
HighFree:         100128 kB
LowTotal:         535800 kB
LowFree:           72328 kB
SwapTotal:             0 kB
SwapFree:              0 kB
Dirty:                 0 kB
Writeback:             0 kB
AnonPages:        338432 kB
Mapped:           311932 kB
Shmem:               620 kB
Slab:              44436 kB
SReclaimable:      14236 kB
SUnreclaim:        30200 kB
KernelStack:       10440 kB
PageTables:        26632 kB
NFS_Unstable:          0 kB
Bounce:                0 kB
WritebackTmp:          0 kB
CommitLimit:      710780 kB
Committed_AS:   36073584 kB
VmallocTotal:     460800 kB
VmallocUsed:       23092 kB
VmallocChunk:     174108 kB
Time pass: 154 sec

---2015-12-15 11:39:31
MemTotal:        1421560 kB
MemFree:          172468 kB
Buffers:           11476 kB
Cached:           662920 kB
SwapCached:            0 kB
Active:           663532 kB
Inactive:         346772 kB
Active(anon):     338516 kB
Inactive(anon):      532 kB
Active(file):     325016 kB
Inactive(file):   346240 kB
Unevictable:        2520 kB
Mlocked:               0 kB
HighTotal:        885760 kB
HighFree:         100132 kB
LowTotal:         535800 kB
LowFree:           72336 kB
SwapTotal:             0 kB
SwapFree:              0 kB
Dirty:                 0 kB
Writeback:             0 kB
AnonPages:        338532 kB
Mapped:           312028 kB
Shmem:               620 kB
Slab:              44436 kB
SReclaimable:      14236 kB
SUnreclaim:        30200 kB
KernelStack:       10432 kB
PageTables:        26628 kB
NFS_Unstable:          0 kB
Bounce:                0 kB
WritebackTmp:          0 kB
CommitLimit:      710780 kB
Committed_AS:   36073712 kB
VmallocTotal:     460800 kB
VmallocUsed:       23092 kB
VmallocChunk:     174108 kB
Time pass: 157 sec

---2015-12-15 11:39:31
MemTotal:        1421560 kB
MemFree:          172496 kB
Buffers:           11476 kB
Cached:           662920 kB
SwapCached:            0 kB
Active:           663572 kB
Inactive:         346772 kB
Active(anon):     338556 kB
Inactive(anon):      532 kB
Active(file):     325016 kB
Inactive(file):   346240 kB
Unevictable:        2520 kB
Mlocked:               0 kB
HighTotal:        885760 kB
HighFree:         100176 kB
LowTotal:         535800 kB
LowFree:           72320 kB
SwapTotal:             0 kB
SwapFree:              0 kB
Dirty:                 0 kB
Writeback:             0 kB
AnonPages:        338520 kB
Mapped:           311932 kB
Shmem:               620 kB
Slab:              44404 kB
SReclaimable:      14236 kB
SUnreclaim:        30168 kB
KernelStack:       10448 kB
PageTables:        26632 kB
NFS_Unstable:          0 kB
Bounce:                0 kB
WritebackTmp:          0 kB
CommitLimit:      710780 kB
Committed_AS:   36073952 kB
VmallocTotal:     460800 kB
VmallocUsed:       23092 kB
VmallocChunk:     174108 kB
Time pass: 161 sec

---2015-12-15 11:39:31
MemTotal:        1421560 kB
MemFree:          172360 kB
Buffers:           11476 kB
Cached:           662920 kB
SwapCached:            0 kB
Active:           663668 kB
Inactive:         346772 kB
Active(anon):     338652 kB
Inactive(anon):      532 kB
Active(file):     325016 kB
Inactive(file):   346240 kB
Unevictable:        2520 kB
Mlocked:               0 kB
HighTotal:        885760 kB
HighFree:         100000 kB
LowTotal:         535800 kB
LowFree:           72360 kB
SwapTotal:             0 kB
SwapFree:              0 kB
Dirty:                 0 kB
Writeback:             0 kB
AnonPages:        338656 kB
Mapped:           311936 kB
Shmem:               620 kB
Slab:              44404 kB
SReclaimable:      14236 kB
SUnreclaim:        30168 kB
KernelStack:       10440 kB
PageTables:        26632 kB
NFS_Unstable:          0 kB
Bounce:                0 kB
WritebackTmp:          0 kB
CommitLimit:      710780 kB
Committed_AS:   36074032 kB
VmallocTotal:     460800 kB
VmallocUsed:       23092 kB
VmallocChunk:     174108 kB
Time pass: 164 sec

---2015-12-15 11:39:31
MemTotal:        1421560 kB
MemFree:          172112 kB
Buffers:           11476 kB
Cached:           662920 kB
SwapCached:            0 kB
Active:           663832 kB
Inactive:         346772 kB
Active(anon):     338816 kB
Inactive(anon):      532 kB
Active(file):     325016 kB
Inactive(file):   346240 kB
Unevictable:        2520 kB
Mlocked:               0 kB
HighTotal:        885760 kB
HighFree:          99784 kB
LowTotal:         535800 kB
LowFree:           72328 kB
SwapTotal:             0 kB
SwapFree:              0 kB
Dirty:                 0 kB
Writeback:             0 kB
AnonPages:        338844 kB
Mapped:           311936 kB
Shmem:               620 kB
Slab:              44436 kB
SReclaimable:      14236 kB
SUnreclaim:        30200 kB
KernelStack:       10440 kB
PageTables:        26632 kB
NFS_Unstable:          0 kB
Bounce:                0 kB
WritebackTmp:          0 kB
CommitLimit:      710780 kB
Committed_AS:   36074196 kB
VmallocTotal:     460800 kB
VmallocUsed:       23092 kB
VmallocChunk:     174108 kB
Time pass: 168 sec

---2015-12-15 11:39:31
MemTotal:        1421560 kB
MemFree:          169400 kB
Buffers:           11476 kB
Cached:           662920 kB
SwapCached:            0 kB
Active:           666528 kB
Inactive:         346672 kB
Active(anon):     341412 kB
Inactive(anon):      532 kB
Active(file):     325116 kB
Inactive(file):   346140 kB
Unevictable:        2520 kB
Mlocked:               0 kB
HighTotal:        885760 kB
HighFree:          97284 kB
LowTotal:         535800 kB
LowFree:           72116 kB
SwapTotal:             0 kB
SwapFree:              0 kB
Dirty:                 0 kB
Writeback:             8 kB
AnonPages:        341532 kB
Mapped:           319068 kB
Shmem:               620 kB
Slab:              44400 kB
SReclaimable:      14236 kB
SUnreclaim:        30164 kB
KernelStack:       10496 kB
PageTables:        27172 kB
NFS_Unstable:          0 kB
Bounce:                0 kB
WritebackTmp:          0 kB
CommitLimit:      710780 kB
Committed_AS:   36803868 kB
VmallocTotal:     460800 kB
VmallocUsed:       24112 kB
VmallocChunk:     174108 kB
Time pass: 171 sec

---2015-12-15 11:39:31
MemTotal:        1421560 kB
MemFree:          136660 kB
Buffers:           11596 kB
Cached:           663864 kB
SwapCached:            0 kB
Active:           684200 kB
Inactive:         346708 kB
Active(anon):     358056 kB
Inactive(anon):      664 kB
Active(file):     326144 kB
Inactive(file):   346044 kB
Unevictable:        2520 kB
Mlocked:               0 kB
HighTotal:        885760 kB
HighFree:          66272 kB
LowTotal:         535800 kB
LowFree:           70388 kB
SwapTotal:             0 kB
SwapFree:              0 kB
Dirty:               912 kB
Writeback:             0 kB
AnonPages:        358128 kB
Mapped:           339536 kB
Shmem:               752 kB
Slab:              44468 kB
SReclaimable:      14236 kB
SUnreclaim:        30232 kB
KernelStack:       10944 kB
PageTables:        27460 kB
NFS_Unstable:          0 kB
Bounce:                0 kB
WritebackTmp:          0 kB
CommitLimit:      710780 kB
Committed_AS:   36915780 kB
VmallocTotal:     460800 kB
VmallocUsed:       24272 kB
VmallocChunk:     174108 kB
Time pass: 175 sec

---2015-12-15 11:39:31
MemTotal:        1421560 kB
MemFree:          107460 kB
Buffers:           11596 kB
Cached:           664100 kB
SwapCached:            0 kB
Active:           705464 kB
Inactive:         346616 kB
Active(anon):     378944 kB
Inactive(anon):      664 kB
Active(file):     326520 kB
Inactive(file):   345952 kB
Unevictable:        2520 kB
Mlocked:               0 kB
HighTotal:        885760 kB
HighFree:          42152 kB
LowTotal:         535800 kB
LowFree:           65308 kB
SwapTotal:             0 kB
SwapFree:              0 kB
Dirty:               204 kB
Writeback:             0 kB
AnonPages:        378956 kB
Mapped:           346552 kB
Shmem:               752 kB
Slab:              44312 kB
SReclaimable:      14236 kB
SUnreclaim:        30076 kB
KernelStack:       10968 kB
PageTables:        27496 kB
NFS_Unstable:          0 kB
Bounce:                0 kB
WritebackTmp:          0 kB
CommitLimit:      710780 kB
Committed_AS:   36904064 kB
VmallocTotal:     460800 kB
VmallocUsed:       24296 kB
VmallocChunk:     174108 kB
Time pass: 178 sec

---2015-12-15 11:39:31
MemTotal:        1421560 kB
MemFree:           89104 kB
Buffers:           11604 kB
Cached:           664552 kB
SwapCached:            0 kB
Active:           705388 kB
Inactive:         346812 kB
Active(anon):     378656 kB
Inactive(anon):      664 kB
Active(file):     326732 kB
Inactive(file):   346148 kB
Unevictable:        2520 kB
Mlocked:               0 kB
HighTotal:        885760 kB
HighFree:          25408 kB
LowTotal:         535800 kB
LowFree:           63696 kB
SwapTotal:             0 kB
SwapFree:              0 kB
Dirty:               192 kB
Writeback:             0 kB
AnonPages:        378688 kB
Mapped:           356972 kB
Shmem:               752 kB
Slab:              44160 kB
SReclaimable:      14236 kB
SUnreclaim:        29924 kB
KernelStack:       11016 kB
PageTables:        27564 kB
NFS_Unstable:          0 kB
Bounce:                0 kB
WritebackTmp:          0 kB
CommitLimit:      710780 kB
Committed_AS:   36871580 kB
VmallocTotal:     460800 kB
VmallocUsed:       24344 kB
VmallocChunk:     174108 kB
Time pass: 182 sec

---2015-12-15 11:39:31
MemTotal:        1421560 kB
MemFree:           63188 kB
Buffers:           11620 kB
Cached:           671216 kB
SwapCached:            0 kB
Active:           720320 kB
Inactive:         340308 kB
Active(anon):     380248 kB
Inactive(anon):      664 kB
Active(file):     340072 kB
Inactive(file):   339644 kB
Unevictable:        2520 kB
Mlocked:               0 kB
HighTotal:        885760 kB
HighFree:           4356 kB
LowTotal:         535800 kB
LowFree:           58832 kB
SwapTotal:             0 kB
SwapFree:              0 kB
Dirty:              6976 kB
Writeback:             0 kB
AnonPages:        380164 kB
Mapped:           374100 kB
Shmem:               752 kB
Slab:              44504 kB
SReclaimable:      14320 kB
SUnreclaim:        30184 kB
KernelStack:       11008 kB
PageTables:        27596 kB
NFS_Unstable:          0 kB
Bounce:                0 kB
WritebackTmp:          0 kB
CommitLimit:      710780 kB
Committed_AS:   36872716 kB
VmallocTotal:     460800 kB
VmallocUsed:       24384 kB
VmallocChunk:     174108 kB
Time pass: 185 sec

---2015-12-15 11:39:31
MemTotal:        1421560 kB
MemFree:           55864 kB
Buffers:           11620 kB
Cached:           671520 kB
SwapCached:            0 kB
Active:           721892 kB
Inactive:         339996 kB
Active(anon):     381360 kB
Inactive(anon):      664 kB
Active(file):     340532 kB
Inactive(file):   339332 kB
Unevictable:        2520 kB
Mlocked:               0 kB
HighTotal:        885760 kB
HighFree:           4376 kB
LowTotal:         535800 kB
LowFree:           51488 kB
SwapTotal:             0 kB
SwapFree:              0 kB
Dirty:              6880 kB
Writeback:             0 kB
AnonPages:        381284 kB
Mapped:           379712 kB
Shmem:               752 kB
Slab:              44460 kB
SReclaimable:      14340 kB
SUnreclaim:        30120 kB
KernelStack:       11008 kB
PageTables:        27620 kB
NFS_Unstable:          0 kB
Bounce:                0 kB
WritebackTmp:          0 kB
CommitLimit:      710780 kB
Committed_AS:   36874104 kB
VmallocTotal:     460800 kB
VmallocUsed:       24396 kB
VmallocChunk:     174108 kB
Time pass: 189 sec

---2015-12-15 11:39:31
MemTotal:        1421560 kB
MemFree:           55776 kB
Buffers:           11644 kB
Cached:           671584 kB
SwapCached:            0 kB
Active:           721900 kB
Inactive:         340064 kB
Active(anon):     381356 kB
Inactive(anon):      664 kB
Active(file):     340544 kB
Inactive(file):   339400 kB
Unevictable:        2520 kB
Mlocked:               0 kB
HighTotal:        885760 kB
HighFree:           4376 kB
LowTotal:         535800 kB
LowFree:           51400 kB
SwapTotal:             0 kB
SwapFree:              0 kB
Dirty:                76 kB
Writeback:             0 kB
AnonPages:        381360 kB
Mapped:           379564 kB
Shmem:               752 kB
Slab:              44376 kB
SReclaimable:      14340 kB
SUnreclaim:        30036 kB
KernelStack:       11008 kB
PageTables:        27620 kB
NFS_Unstable:          0 kB
Bounce:                0 kB
WritebackTmp:          0 kB
CommitLimit:      710780 kB
Committed_AS:   36874140 kB
VmallocTotal:     460800 kB
VmallocUsed:       24396 kB
VmallocChunk:     174108 kB
Time pass: 192 sec

---2015-12-15 11:39:31
MemTotal:        1421560 kB
MemFree:           42620 kB
Buffers:           11644 kB
Cached:           671596 kB
SwapCached:            0 kB
Active:           728516 kB
Inactive:         340088 kB
Active(anon):     387972 kB
Inactive(anon):      664 kB
Active(file):     340544 kB
Inactive(file):   339424 kB
Unevictable:        2520 kB
Mlocked:               0 kB
HighTotal:        885760 kB
HighFree:           4376 kB
LowTotal:         535800 kB
LowFree:           38244 kB
SwapTotal:             0 kB
SwapFree:              0 kB
Dirty:               588 kB
Writeback:             0 kB
AnonPages:        387984 kB
Mapped:           385248 kB
Shmem:               752 kB
Slab:              44284 kB
SReclaimable:      14348 kB
SUnreclaim:        29936 kB
KernelStack:       11016 kB
PageTables:        27664 kB
NFS_Unstable:          0 kB
Bounce:                0 kB
WritebackTmp:          0 kB
CommitLimit:      710780 kB
Committed_AS:   36880932 kB
VmallocTotal:     460800 kB
VmallocUsed:       24408 kB
VmallocChunk:     174108 kB
Time pass: 196 sec

---2015-12-15 11:39:31
MemTotal:        1421560 kB
MemFree:           42140 kB
Buffers:           11652 kB
Cached:           671596 kB
SwapCached:            0 kB
Active:           728356 kB
Inactive:         340088 kB
Active(anon):     387812 kB
Inactive(anon):      664 kB
Active(file):     340544 kB
Inactive(file):   339424 kB
Unevictable:        2520 kB
Mlocked:               0 kB
HighTotal:        885760 kB
HighFree:           4376 kB
LowTotal:         535800 kB
LowFree:           37764 kB
SwapTotal:             0 kB
SwapFree:              0 kB
Dirty:                44 kB
Writeback:             0 kB
AnonPages:        387664 kB
Mapped:           385284 kB
Shmem:               752 kB
Slab:              44404 kB
SReclaimable:      14348 kB
SUnreclaim:        30056 kB
KernelStack:       11024 kB
PageTables:        27664 kB
NFS_Unstable:          0 kB
Bounce:                0 kB
WritebackTmp:          0 kB
CommitLimit:      710780 kB
Committed_AS:   36880460 kB
VmallocTotal:     460800 kB
VmallocUsed:       24408 kB
VmallocChunk:     174108 kB
Time pass: 199 sec

---2015-12-15 11:39:31
MemTotal:        1421560 kB
MemFree:           41528 kB
Buffers:           11660 kB
Cached:           671596 kB
SwapCached:            0 kB
Active:           728272 kB
Inactive:         340096 kB
Active(anon):     387728 kB
Inactive(anon):      664 kB
Active(file):     340544 kB
Inactive(file):   339432 kB
Unevictable:        2520 kB
Mlocked:               0 kB
HighTotal:        885760 kB
HighFree:           4376 kB
LowTotal:         535800 kB
LowFree:           37152 kB
SwapTotal:             0 kB
SwapFree:              0 kB
Dirty:                28 kB
Writeback:             0 kB
AnonPages:        387660 kB
Mapped:           384992 kB
Shmem:               752 kB
Slab:              44452 kB
SReclaimable:      14348 kB
SUnreclaim:        30104 kB
KernelStack:       11016 kB
PageTables:        27664 kB
NFS_Unstable:          0 kB
Bounce:                0 kB
WritebackTmp:          0 kB
CommitLimit:      710780 kB
Committed_AS:   36880608 kB
VmallocTotal:     460800 kB
VmallocUsed:       24408 kB
VmallocChunk:     174108 kB
Time pass: 203 sec

---2015-12-15 11:39:31
MemTotal:        1421560 kB
MemFree:           39604 kB
Buffers:           11696 kB
Cached:           671672 kB
SwapCached:            0 kB
Active:           732836 kB
Inactive:         339168 kB
Active(anon):     391280 kB
Inactive(anon):      732 kB
Active(file):     341556 kB
Inactive(file):   338436 kB
Unevictable:        2520 kB
Mlocked:               0 kB
HighTotal:        885760 kB
HighFree:           7152 kB
LowTotal:         535800 kB
LowFree:           32452 kB
SwapTotal:             0 kB
SwapFree:              0 kB
Dirty:                40 kB
Writeback:             0 kB
AnonPages:        391028 kB
Mapped:           387660 kB
Shmem:               820 kB
Slab:              44500 kB
SReclaimable:      14348 kB
SUnreclaim:        30152 kB
KernelStack:       11184 kB
PageTables:        27756 kB
NFS_Unstable:          0 kB
Bounce:                0 kB
WritebackTmp:          0 kB
CommitLimit:      710780 kB
Committed_AS:   36917000 kB
VmallocTotal:     460800 kB
VmallocUsed:       26816 kB
VmallocChunk:     174108 kB
Time pass: 206 sec

---2015-12-15 11:39:31
MemTotal:        1421560 kB
MemFree:           30464 kB
Buffers:           11712 kB
Cached:           671988 kB
SwapCached:            0 kB
Active:           742560 kB
Inactive:         339420 kB
Active(anon):     400892 kB
Inactive(anon):      916 kB
Active(file):     341668 kB
Inactive(file):   338504 kB
Unevictable:        2520 kB
Mlocked:               0 kB
HighTotal:        885760 kB
HighFree:           4348 kB
LowTotal:         535800 kB
LowFree:           26116 kB
SwapTotal:             0 kB
SwapFree:              0 kB
Dirty:               188 kB
Writeback:             0 kB
AnonPages:        400876 kB
Mapped:           387068 kB
Shmem:              1008 kB
Slab:              44700 kB
SReclaimable:      14348 kB
SUnreclaim:        30352 kB
KernelStack:       11272 kB
PageTables:        27920 kB
NFS_Unstable:          0 kB
Bounce:                0 kB
WritebackTmp:          0 kB
CommitLimit:      710780 kB
Committed_AS:   36945176 kB
VmallocTotal:     460800 kB
VmallocUsed:       26816 kB
VmallocChunk:     174108 kB
Time pass: 210 sec

---2015-12-15 11:39:31
MemTotal:        1421560 kB
MemFree:           25496 kB
Buffers:           11744 kB
Cached:           672232 kB
SwapCached:            0 kB
Active:           746128 kB
Inactive:         339696 kB
Active(anon):     404460 kB
Inactive(anon):     1160 kB
Active(file):     341668 kB
Inactive(file):   338536 kB
Unevictable:        2520 kB
Mlocked:               0 kB
HighTotal:        885760 kB
HighFree:           4444 kB
LowTotal:         535800 kB
LowFree:           21052 kB
SwapTotal:             0 kB
SwapFree:              0 kB
Dirty:                52 kB
Writeback:             0 kB
AnonPages:        404484 kB
Mapped:           387364 kB
Shmem:              1252 kB
Slab:              44624 kB
SReclaimable:      14348 kB
SUnreclaim:        30276 kB
KernelStack:       11264 kB
PageTables:        27916 kB
NFS_Unstable:          0 kB
Bounce:                0 kB
WritebackTmp:          0 kB
CommitLimit:      710780 kB
Committed_AS:   36915940 kB
VmallocTotal:     460800 kB
VmallocUsed:       26816 kB
VmallocChunk:     174108 kB
Time pass: 214 sec

---2015-12-15 11:39:31
MemTotal:        1421560 kB
MemFree:           22224 kB
Buffers:           11760 kB
Cached:           671832 kB
SwapCached:            0 kB
Active:           749764 kB
Inactive:         339336 kB
Active(anon):     408092 kB
Inactive(anon):      784 kB
Active(file):     341672 kB
Inactive(file):   338552 kB
Unevictable:        2520 kB
Mlocked:               0 kB
HighTotal:        885760 kB
HighFree:           4444 kB
LowTotal:         535800 kB
LowFree:           17780 kB
SwapTotal:             0 kB
SwapFree:              0 kB
Dirty:                 8 kB
Writeback:             0 kB
AnonPages:        407968 kB
Mapped:           386860 kB
Shmem:               848 kB
Slab:              44448 kB
SReclaimable:      14328 kB
SUnreclaim:        30120 kB
KernelStack:       11248 kB
PageTables:        27928 kB
NFS_Unstable:          0 kB
Bounce:                0 kB
WritebackTmp:          0 kB
CommitLimit:      710780 kB
Committed_AS:   36906680 kB
VmallocTotal:     460800 kB
VmallocUsed:       26816 kB
VmallocChunk:     174108 kB
Time pass: 218 sec

---2015-12-15 11:39:31
MemTotal:        1421560 kB
MemFree:           28256 kB
Buffers:           11768 kB
Cached:           671732 kB
SwapCached:            0 kB
Active:           745832 kB
Inactive:         339212 kB
Active(anon):     404152 kB
Inactive(anon):      664 kB
Active(file):     341680 kB
Inactive(file):   338548 kB
Unevictable:        2520 kB
Mlocked:               0 kB
HighTotal:        885760 kB
HighFree:           4388 kB
LowTotal:         535800 kB
LowFree:           23868 kB
SwapTotal:             0 kB
SwapFree:              0 kB
Dirty:                12 kB
Writeback:             0 kB
AnonPages:        404360 kB
Mapped:           385824 kB
Shmem:               752 kB
Slab:              44596 kB
SReclaimable:      14328 kB
SUnreclaim:        30268 kB
KernelStack:       11120 kB
PageTables:        27788 kB
NFS_Unstable:          0 kB
Bounce:                0 kB
WritebackTmp:          0 kB
CommitLimit:      710780 kB
Committed_AS:   36929024 kB
VmallocTotal:     460800 kB
VmallocUsed:       26816 kB
VmallocChunk:     174108 kB
Time pass: 221 sec

---2015-12-15 11:39:31
MemTotal:        1421560 kB
MemFree:           21132 kB
Buffers:           11784 kB
Cached:           666876 kB
SwapCached:            0 kB
Active:           755640 kB
Inactive:         336464 kB
Active(anon):     416136 kB
Inactive(anon):      884 kB
Active(file):     339504 kB
Inactive(file):   335580 kB
Unevictable:        2596 kB
Mlocked:               0 kB
HighTotal:        885760 kB
HighFree:           4280 kB
LowTotal:         535800 kB
LowFree:           16852 kB
SwapTotal:             0 kB
SwapFree:              0 kB
Dirty:                60 kB
Writeback:             0 kB
AnonPages:        416204 kB
Mapped:           384360 kB
Shmem:               980 kB
Slab:              44596 kB
SReclaimable:      14128 kB
SUnreclaim:        30468 kB
KernelStack:       11272 kB
PageTables:        27948 kB
NFS_Unstable:          0 kB
Bounce:                0 kB
WritebackTmp:          0 kB
CommitLimit:      710780 kB
Committed_AS:   36960452 kB
VmallocTotal:     460800 kB
VmallocUsed:       26816 kB
VmallocChunk:     174108 kB
Time pass: 225 sec

---2015-12-15 11:39:31
MemTotal:        1421560 kB
MemFree:           27952 kB
Buffers:           11780 kB
Cached:           659728 kB
SwapCached:            0 kB
Active:           750584 kB
Inactive:         333656 kB
Active(anon):     415468 kB
Inactive(anon):      924 kB
Active(file):     335116 kB
Inactive(file):   332732 kB
Unevictable:        2596 kB
Mlocked:               0 kB
HighTotal:        885760 kB
HighFree:           7436 kB
LowTotal:         535800 kB
LowFree:           20516 kB
SwapTotal:             0 kB
SwapFree:              0 kB
Dirty:                52 kB
Writeback:             0 kB
AnonPages:        415740 kB
Mapped:           382312 kB
Shmem:              1064 kB
Slab:              44480 kB
SReclaimable:      14160 kB
SUnreclaim:        30320 kB
KernelStack:       11272 kB
PageTables:        27948 kB
NFS_Unstable:          0 kB
Bounce:                0 kB
WritebackTmp:          0 kB
CommitLimit:      710780 kB
Committed_AS:   36926976 kB
VmallocTotal:     460800 kB
VmallocUsed:       26816 kB
VmallocChunk:     174108 kB
Time pass: 229 sec

---2015-12-15 11:39:31
MemTotal:        1421560 kB
MemFree:           28696 kB
Buffers:           11812 kB
Cached:           659832 kB
SwapCached:            0 kB
Active:           749900 kB
Inactive:         333832 kB
Active(anon):     414784 kB
Inactive(anon):      984 kB
Active(file):     335116 kB
Inactive(file):   332848 kB
Unevictable:        2596 kB
Mlocked:               0 kB
HighTotal:        885760 kB
HighFree:           4636 kB
LowTotal:         535800 kB
LowFree:           24060 kB
SwapTotal:             0 kB
SwapFree:              0 kB
Dirty:                44 kB
Writeback:             0 kB
AnonPages:        414704 kB
Mapped:           382444 kB
Shmem:              1076 kB
Slab:              44540 kB
SReclaimable:      14216 kB
SUnreclaim:        30324 kB
KernelStack:       11280 kB
PageTables:        27936 kB
NFS_Unstable:          0 kB
Bounce:                0 kB
WritebackTmp:          0 kB
CommitLimit:      710780 kB
Committed_AS:   36925772 kB
VmallocTotal:     460800 kB
VmallocUsed:       26816 kB
VmallocChunk:     174108 kB
Time pass: 233 sec

---2015-12-15 11:39:31
MemTotal:        1421560 kB
MemFree:           28280 kB
Buffers:           11828 kB
Cached:           659912 kB
SwapCached:            0 kB
Active:           750272 kB
Inactive:         333936 kB
Active(anon):     415156 kB
Inactive(anon):     1064 kB
Active(file):     335116 kB
Inactive(file):   332872 kB
Unevictable:        2596 kB
Mlocked:               0 kB
HighTotal:        885760 kB
HighFree:           4376 kB
LowTotal:         535800 kB
LowFree:           23904 kB
SwapTotal:             0 kB
SwapFree:              0 kB
Dirty:                48 kB
Writeback:             0 kB
AnonPages:        415212 kB
Mapped:           382684 kB
Shmem:              1156 kB
Slab:              44660 kB
SReclaimable:      14216 kB
SUnreclaim:        30444 kB
KernelStack:       11256 kB
PageTables:        27948 kB
NFS_Unstable:          0 kB
Bounce:                0 kB
WritebackTmp:          0 kB
CommitLimit:      710780 kB
Committed_AS:   36926772 kB
VmallocTotal:     460800 kB
VmallocUsed:       26816 kB
VmallocChunk:     174108 kB
Time pass: 237 sec

---2015-12-15 11:39:31
MemTotal:        1421560 kB
MemFree:           28560 kB
Buffers:           11844 kB
Cached:           659916 kB
SwapCached:            0 kB
Active:           750668 kB
Inactive:         333956 kB
Active(anon):     415552 kB
Inactive(anon):     1068 kB
Active(file):     335116 kB
Inactive(file):   332888 kB
Unevictable:        2596 kB
Mlocked:               0 kB
HighTotal:        885760 kB
HighFree:           5604 kB
LowTotal:         535800 kB
LowFree:           22956 kB
SwapTotal:             0 kB
SwapFree:              0 kB
Dirty:                48 kB
Writeback:             0 kB
AnonPages:        415396 kB
Mapped:           382692 kB
Shmem:              1160 kB
Slab:              44524 kB
SReclaimable:      14216 kB
SUnreclaim:        30308 kB
KernelStack:       11248 kB
PageTables:        27948 kB
NFS_Unstable:          0 kB
Bounce:                0 kB
WritebackTmp:          0 kB
CommitLimit:      710780 kB
Committed_AS:   36925712 kB
VmallocTotal:     460800 kB
VmallocUsed:       26816 kB
VmallocChunk:     174108 kB
Time pass: 241 sec

---2015-12-15 11:39:31
MemTotal:        1421560 kB
MemFree:           27604 kB
Buffers:           11852 kB
Cached:           659908 kB
SwapCached:            0 kB
Active:           751852 kB
Inactive:         333956 kB
Active(anon):     416736 kB
Inactive(anon):     1068 kB
Active(file):     335116 kB
Inactive(file):   332888 kB
Unevictable:        2596 kB
Mlocked:               0 kB
HighTotal:        885760 kB
HighFree:           4712 kB
LowTotal:         535800 kB
LowFree:           22892 kB
SwapTotal:             0 kB
SwapFree:              0 kB
Dirty:                 0 kB
Writeback:             0 kB
AnonPages:        416796 kB
Mapped:           382700 kB
Shmem:              1160 kB
Slab:              44668 kB
SReclaimable:      14216 kB
SUnreclaim:        30452 kB
KernelStack:       11248 kB
PageTables:        27952 kB
NFS_Unstable:          0 kB
Bounce:                0 kB
WritebackTmp:          0 kB
CommitLimit:      710780 kB
Committed_AS:   36927128 kB
VmallocTotal:     460800 kB
VmallocUsed:       26816 kB
VmallocChunk:     174108 kB
Time pass: 244 sec

---2015-12-15 11:39:31
MemTotal:        1421560 kB
MemFree:           26440 kB
Buffers:           11868 kB
Cached:           659916 kB
SwapCached:            0 kB
Active:           752400 kB
Inactive:         333980 kB
Active(anon):     417284 kB
Inactive(anon):     1068 kB
Active(file):     335116 kB
Inactive(file):   332912 kB
Unevictable:        2596 kB
Mlocked:               0 kB
HighTotal:        885760 kB
HighFree:           4440 kB
LowTotal:         535800 kB
LowFree:           22000 kB
SwapTotal:             0 kB
SwapFree:              0 kB
Dirty:                40 kB
Writeback:             0 kB
AnonPages:        417120 kB
Mapped:           382708 kB
Shmem:              1160 kB
Slab:              44592 kB
SReclaimable:      14216 kB
SUnreclaim:        30376 kB
KernelStack:       11256 kB
PageTables:        27948 kB
NFS_Unstable:          0 kB
Bounce:                0 kB
WritebackTmp:          0 kB
CommitLimit:      710780 kB
Committed_AS:   36927320 kB
VmallocTotal:     460800 kB
VmallocUsed:       26816 kB
VmallocChunk:     174108 kB
Time pass: 248 sec

---2015-12-15 11:39:31
MemTotal:        1421560 kB
MemFree:           27808 kB
Buffers:           11876 kB
Cached:           659916 kB
SwapCached:            0 kB
Active:           750988 kB
Inactive:         333988 kB
Active(anon):     415872 kB
Inactive(anon):     1068 kB
Active(file):     335116 kB
Inactive(file):   332920 kB
Unevictable:        2596 kB
Mlocked:               0 kB
HighTotal:        885760 kB
HighFree:           5232 kB
LowTotal:         535800 kB
LowFree:           22576 kB
SwapTotal:             0 kB
SwapFree:              0 kB
Dirty:                28 kB
Writeback:             0 kB
AnonPages:        415940 kB
Mapped:           382664 kB
Shmem:              1160 kB
Slab:              44464 kB
SReclaimable:      14216 kB
SUnreclaim:        30248 kB
KernelStack:       11240 kB
PageTables:        27932 kB
NFS_Unstable:          0 kB
Bounce:                0 kB
WritebackTmp:          0 kB
CommitLimit:      710780 kB
Committed_AS:   36927520 kB
VmallocTotal:     460800 kB
VmallocUsed:       26816 kB
VmallocChunk:     174108 kB
Time pass: 254 sec

---2015-12-15 11:39:31
MemTotal:        1421560 kB
MemFree:           27244 kB
Buffers:           11892 kB
Cached:           659928 kB
SwapCached:            0 kB
Active:           751940 kB
Inactive:         334016 kB
Active(anon):     416824 kB
Inactive(anon):     1080 kB
Active(file):     335116 kB
Inactive(file):   332936 kB
Unevictable:        2596 kB
Mlocked:               0 kB
HighTotal:        885760 kB
HighFree:           4612 kB
LowTotal:         535800 kB
LowFree:           22632 kB
SwapTotal:             0 kB
SwapFree:              0 kB
Dirty:                48 kB
Writeback:             0 kB
AnonPages:        416908 kB
Mapped:           382740 kB
Shmem:              1172 kB
Slab:              44556 kB
SReclaimable:      14216 kB
SUnreclaim:        30340 kB
KernelStack:       11264 kB
PageTables:        27948 kB
NFS_Unstable:          0 kB
Bounce:                0 kB
WritebackTmp:          0 kB
CommitLimit:      710780 kB
Committed_AS:   36927796 kB
VmallocTotal:     460800 kB
VmallocUsed:       26816 kB
VmallocChunk:     174108 kB
Time pass: 261 sec

---2015-12-15 11:39:31
MemTotal:        1421560 kB
MemFree:           26396 kB
Buffers:           11900 kB
Cached:           660236 kB
SwapCached:            0 kB
Active:           752544 kB
Inactive:         334332 kB
Active(anon):     417428 kB
Inactive(anon):     1388 kB
Active(file):     335116 kB
Inactive(file):   332944 kB
Unevictable:        2596 kB
Mlocked:               0 kB
HighTotal:        885760 kB
HighFree:           4364 kB
LowTotal:         535800 kB
LowFree:           22032 kB
SwapTotal:             0 kB
SwapFree:              0 kB
Dirty:                32 kB
Writeback:             0 kB
AnonPages:        417444 kB
Mapped:           382908 kB
Shmem:              1480 kB
Slab:              44584 kB
SReclaimable:      14216 kB
SUnreclaim:        30368 kB
KernelStack:       11256 kB
PageTables:        27936 kB
NFS_Unstable:          0 kB
Bounce:                0 kB
WritebackTmp:          0 kB
CommitLimit:      710780 kB
Committed_AS:   36927944 kB
VmallocTotal:     460800 kB
VmallocUsed:       26816 kB
VmallocChunk:     174108 kB
Time pass: 265 sec

---2015-12-15 11:39:31
MemTotal:        1421560 kB
MemFree:           26352 kB
Buffers:           11916 kB
Cached:           660276 kB
SwapCached:            0 kB
Active:           752424 kB
Inactive:         334380 kB
Active(anon):     417308 kB
Inactive(anon):     1428 kB
Active(file):     335116 kB
Inactive(file):   332952 kB
Unevictable:        2596 kB
Mlocked:               0 kB
HighTotal:        885760 kB
HighFree:           4520 kB
LowTotal:         535800 kB
LowFree:           21832 kB
SwapTotal:             0 kB
SwapFree:              0 kB
Dirty:                44 kB
Writeback:             0 kB
AnonPages:        417368 kB
Mapped:           383068 kB
Shmem:              1520 kB
Slab:              44564 kB
SReclaimable:      14216 kB
SUnreclaim:        30348 kB
KernelStack:       11248 kB
PageTables:        27920 kB
NFS_Unstable:          0 kB
Bounce:                0 kB
WritebackTmp:          0 kB
CommitLimit:      710780 kB
Committed_AS:   36927968 kB
VmallocTotal:     460800 kB
VmallocUsed:       26816 kB
VmallocChunk:     174108 kB
Time pass: 272 sec

---2015-12-15 11:39:31
MemTotal:        1421560 kB
MemFree:           26696 kB
Buffers:           11924 kB
Cached:           660276 kB
SwapCached:            0 kB
Active:           751564 kB
Inactive:         334396 kB
Active(anon):     416448 kB
Inactive(anon):     1428 kB
Active(file):     335116 kB
Inactive(file):   332968 kB
Unevictable:        2596 kB
Mlocked:               0 kB
HighTotal:        885760 kB
HighFree:           4424 kB
LowTotal:         535800 kB
LowFree:           22272 kB
SwapTotal:             0 kB
SwapFree:              0 kB
Dirty:                28 kB
Writeback:             0 kB
AnonPages:        416356 kB
Mapped:           383148 kB
Shmem:              1520 kB
Slab:              44504 kB
SReclaimable:      14224 kB
SUnreclaim:        30280 kB
KernelStack:       11264 kB
PageTables:        27928 kB
NFS_Unstable:          0 kB
Bounce:                0 kB
WritebackTmp:          0 kB
CommitLimit:      710780 kB
Committed_AS:   36926680 kB
VmallocTotal:     460800 kB
VmallocUsed:       26816 kB
VmallocChunk:     174108 kB
Time pass: 280 sec

---2015-12-15 11:39:31
MemTotal:        1421560 kB
MemFree:           26356 kB
Buffers:           11940 kB
Cached:           660276 kB
SwapCached:            0 kB
Active:           752088 kB
Inactive:         334412 kB
Active(anon):     416972 kB
Inactive(anon):     1428 kB
Active(file):     335116 kB
Inactive(file):   332984 kB
Unevictable:        2596 kB
Mlocked:               0 kB
HighTotal:        885760 kB
HighFree:           4448 kB
LowTotal:         535800 kB
LowFree:           21908 kB
SwapTotal:             0 kB
SwapFree:              0 kB
Dirty:                44 kB
Writeback:             0 kB
AnonPages:        416964 kB
Mapped:           383000 kB
Shmem:              1520 kB
Slab:              44600 kB
SReclaimable:      14224 kB
SUnreclaim:        30376 kB
KernelStack:       11264 kB
PageTables:        27932 kB
NFS_Unstable:          0 kB
Bounce:                0 kB
WritebackTmp:          0 kB
CommitLimit:      710780 kB
Committed_AS:   36927068 kB
VmallocTotal:     460800 kB
VmallocUsed:       26816 kB
VmallocChunk:     174108 kB
Time pass: 285 sec

---2015-12-15 11:39:31
MemTotal:        1421560 kB
MemFree:           25328 kB
Buffers:           11948 kB
Cached:           660276 kB
SwapCached:            0 kB
Active:           752848 kB
Inactive:         334420 kB
Active(anon):     417732 kB
Inactive(anon):     1428 kB
Active(file):     335116 kB
Inactive(file):   332992 kB
Unevictable:        2596 kB
Mlocked:               0 kB
HighTotal:        885760 kB
HighFree:           4452 kB
LowTotal:         535800 kB
LowFree:           20876 kB
SwapTotal:             0 kB
SwapFree:              0 kB
Dirty:                28 kB
Writeback:             0 kB
AnonPages:        417764 kB
Mapped:           383000 kB
Shmem:              1520 kB
Slab:              44552 kB
SReclaimable:      14224 kB
SUnreclaim:        30328 kB
KernelStack:       11264 kB
PageTables:        27932 kB
NFS_Unstable:          0 kB
Bounce:                0 kB
WritebackTmp:          0 kB
CommitLimit:      710780 kB
Committed_AS:   36927820 kB
VmallocTotal:     460800 kB
VmallocUsed:       26816 kB
VmallocChunk:     174108 kB
Time pass: 289 sec

---2015-12-15 11:39:31
MemTotal:        1421560 kB
MemFree:           25888 kB
Buffers:           11976 kB
Cached:           660276 kB
SwapCached:            0 kB
Active:           753280 kB
Inactive:         334448 kB
Active(anon):     418164 kB
Inactive(anon):     1428 kB
Active(file):     335116 kB
Inactive(file):   333020 kB
Unevictable:        2596 kB
Mlocked:               0 kB
HighTotal:        885760 kB
HighFree:           5208 kB
LowTotal:         535800 kB
LowFree:           20680 kB
SwapTotal:             0 kB
SwapFree:              0 kB
Dirty:                60 kB
Writeback:             0 kB
AnonPages:        418204 kB
Mapped:           383096 kB
Shmem:              1520 kB
Slab:              44672 kB
SReclaimable:      14224 kB
SUnreclaim:        30448 kB
KernelStack:       11256 kB
PageTables:        27916 kB
NFS_Unstable:          0 kB
Bounce:                0 kB
WritebackTmp:          0 kB
CommitLimit:      710780 kB
Committed_AS:   36928352 kB
VmallocTotal:     460800 kB
VmallocUsed:       26816 kB
VmallocChunk:     174108 kB
Time pass: 294 sec

---2015-12-15 11:39:31
MemTotal:        1421560 kB
MemFree:           26784 kB
Buffers:           11984 kB
Cached:           660276 kB
SwapCached:            0 kB
Active:           751900 kB
Inactive:         334456 kB
Active(anon):     416784 kB
Inactive(anon):     1428 kB
Active(file):     335116 kB
Inactive(file):   333028 kB
Unevictable:        2596 kB
Mlocked:               0 kB
HighTotal:        885760 kB
HighFree:           5296 kB
LowTotal:         535800 kB
LowFree:           21488 kB
SwapTotal:             0 kB
SwapFree:              0 kB
Dirty:                28 kB
Writeback:             0 kB
AnonPages:        416784 kB
Mapped:           383096 kB
Shmem:              1520 kB
Slab:              44560 kB
SReclaimable:      14224 kB
SUnreclaim:        30336 kB
KernelStack:       11248 kB
PageTables:        27852 kB
NFS_Unstable:          0 kB
Bounce:                0 kB
WritebackTmp:          0 kB
CommitLimit:      710780 kB
Committed_AS:   36927616 kB
VmallocTotal:     460800 kB
VmallocUsed:       26816 kB
VmallocChunk:     174108 kB
Time pass: 300 sec

---2015-12-15 11:39:31
MemTotal:        1421560 kB
MemFree:           26684 kB
Buffers:           12000 kB
Cached:           660272 kB
SwapCached:            0 kB
Active:           751988 kB
Inactive:         334468 kB
Active(anon):     416872 kB
Inactive(anon):     1424 kB
Active(file):     335116 kB
Inactive(file):   333044 kB
Unevictable:        2596 kB
Mlocked:               0 kB
HighTotal:        885760 kB
HighFree:           4424 kB
LowTotal:         535800 kB
LowFree:           22260 kB
SwapTotal:             0 kB
SwapFree:              0 kB
Dirty:                 0 kB
Writeback:             0 kB
AnonPages:        416892 kB
Mapped:           383092 kB
Shmem:              1516 kB
Slab:              44624 kB
SReclaimable:      14224 kB
SUnreclaim:        30400 kB
KernelStack:       11264 kB
PageTables:        27888 kB
NFS_Unstable:          0 kB
Bounce:                0 kB
WritebackTmp:          0 kB
CommitLimit:      710780 kB
Committed_AS:   36927568 kB
VmallocTotal:     460800 kB
VmallocUsed:       26816 kB
VmallocChunk:     174108 kB
Time pass: 307 sec

---2015-12-15 11:39:31
MemTotal:        1421560 kB
MemFree:           26612 kB
Buffers:           12024 kB
Cached:           660280 kB
SwapCached:            0 kB
Active:           751096 kB
Inactive:         334500 kB
Active(anon):     415980 kB
Inactive(anon):     1432 kB
Active(file):     335116 kB
Inactive(file):   333068 kB
Unevictable:        2596 kB
Mlocked:               0 kB
HighTotal:        885760 kB
HighFree:           4808 kB
LowTotal:         535800 kB
LowFree:           21804 kB
SwapTotal:             0 kB
SwapFree:              0 kB
Dirty:                44 kB
Writeback:             0 kB
AnonPages:        415840 kB
Mapped:           383152 kB
Shmem:              1524 kB
Slab:              44576 kB
SReclaimable:      14224 kB
SUnreclaim:        30352 kB
KernelStack:       11256 kB
PageTables:        27924 kB
NFS_Unstable:          0 kB
Bounce:                0 kB
WritebackTmp:          0 kB
CommitLimit:      710780 kB
Committed_AS:   36926308 kB
VmallocTotal:     460800 kB
VmallocUsed:       26816 kB
VmallocChunk:     174108 kB
Time pass: 312 sec

---2015-12-15 11:39:31
MemTotal:        1421560 kB
MemFree:           26524 kB
Buffers:           12032 kB
Cached:           660280 kB
SwapCached:            0 kB
Active:           751572 kB
Inactive:         334508 kB
Active(anon):     416456 kB
Inactive(anon):     1432 kB
Active(file):     335116 kB
Inactive(file):   333076 kB
Unevictable:        2596 kB
Mlocked:               0 kB
HighTotal:        885760 kB
HighFree:           4480 kB
LowTotal:         535800 kB
LowFree:           22044 kB
SwapTotal:             0 kB
SwapFree:              0 kB
Dirty:                28 kB
Writeback:             0 kB
AnonPages:        416512 kB
Mapped:           382952 kB
Shmem:              1524 kB
Slab:              44612 kB
SReclaimable:      14224 kB
SUnreclaim:        30388 kB
KernelStack:       11248 kB
PageTables:        27908 kB
NFS_Unstable:          0 kB
Bounce:                0 kB
WritebackTmp:          0 kB
CommitLimit:      710780 kB
Committed_AS:   36926984 kB
VmallocTotal:     460800 kB
VmallocUsed:       26816 kB
VmallocChunk:     174108 kB
Time pass: 318 sec

---2015-12-15 11:39:31
MemTotal:        1421560 kB
MemFree:           25880 kB
Buffers:           12032 kB
Cached:           660280 kB
SwapCached:            0 kB
Active:           752260 kB
Inactive:         334508 kB
Active(anon):     417144 kB
Inactive(anon):     1432 kB
Active(file):     335116 kB
Inactive(file):   333076 kB
Unevictable:        2596 kB
Mlocked:               0 kB
HighTotal:        885760 kB
HighFree:           4448 kB
LowTotal:         535800 kB
LowFree:           21432 kB
SwapTotal:             0 kB
SwapFree:              0 kB
Dirty:                 0 kB
Writeback:             0 kB
AnonPages:        417096 kB
Mapped:           383100 kB
Shmem:              1524 kB
Slab:              44516 kB
SReclaimable:      14224 kB
SUnreclaim:        30292 kB
KernelStack:       11256 kB
PageTables:        27912 kB
NFS_Unstable:          0 kB
Bounce:                0 kB
WritebackTmp:          0 kB
CommitLimit:      710780 kB
Committed_AS:   36927940 kB
VmallocTotal:     460800 kB
VmallocUsed:       26816 kB
VmallocChunk:     174108 kB
Time pass: 324 sec

---2015-12-15 11:39:31
MemTotal:        1421560 kB
MemFree:           25476 kB
Buffers:           12048 kB
Cached:           660280 kB
SwapCached:            0 kB
Active:           752640 kB
Inactive:         334524 kB
Active(anon):     417524 kB
Inactive(anon):     1432 kB
Active(file):     335116 kB
Inactive(file):   333092 kB
Unevictable:        2596 kB
Mlocked:               0 kB
HighTotal:        885760 kB
HighFree:           4400 kB
LowTotal:         535800 kB
LowFree:           21076 kB
SwapTotal:             0 kB
SwapFree:              0 kB
Dirty:                40 kB
Writeback:             0 kB
AnonPages:        417468 kB
Mapped:           383100 kB
Shmem:              1524 kB
Slab:              44532 kB
SReclaimable:      14224 kB
SUnreclaim:        30308 kB
KernelStack:       11272 kB
PageTables:        27912 kB
NFS_Unstable:          0 kB
Bounce:                0 kB
WritebackTmp:          0 kB
CommitLimit:      710780 kB
Committed_AS:   36927872 kB
VmallocTotal:     460800 kB
VmallocUsed:       26816 kB
VmallocChunk:     174108 kB
Time pass: 328 sec

---2015-12-15 11:39:31
MemTotal:        1421560 kB
MemFree:           25312 kB
Buffers:           12056 kB
Cached:           660280 kB
SwapCached:            0 kB
Active:           752640 kB
Inactive:         334532 kB
Active(anon):     417524 kB
Inactive(anon):     1432 kB
Active(file):     335116 kB
Inactive(file):   333100 kB
Unevictable:        2596 kB
Mlocked:               0 kB
HighTotal:        885760 kB
HighFree:           4820 kB
LowTotal:         535800 kB
LowFree:           20492 kB
SwapTotal:             0 kB
SwapFree:              0 kB
Dirty:                28 kB
Writeback:             0 kB
AnonPages:        417452 kB
Mapped:           383152 kB
Shmem:              1524 kB
Slab:              44644 kB
SReclaimable:      14224 kB
SUnreclaim:        30420 kB
KernelStack:       11256 kB
PageTables:        27928 kB
NFS_Unstable:          0 kB
Bounce:                0 kB
WritebackTmp:          0 kB
CommitLimit:      710780 kB
Committed_AS:   36927788 kB
VmallocTotal:     460800 kB
VmallocUsed:       26816 kB
VmallocChunk:     174108 kB
Time pass: 333 sec

---2015-12-15 11:39:31
MemTotal:        1421560 kB
MemFree:           25288 kB
Buffers:           12072 kB
Cached:           660280 kB
SwapCached:            0 kB
Active:           752968 kB
Inactive:         334548 kB
Active(anon):     417852 kB
Inactive(anon):     1432 kB
Active(file):     335116 kB
Inactive(file):   333116 kB
Unevictable:        2596 kB
Mlocked:               0 kB
HighTotal:        885760 kB
HighFree:           4648 kB
LowTotal:         535800 kB
LowFree:           20640 kB
SwapTotal:             0 kB
SwapFree:              0 kB
Dirty:                 0 kB
Writeback:             0 kB
AnonPages:        417928 kB
Mapped:           383004 kB
Shmem:              1524 kB
Slab:              44584 kB
SReclaimable:      14224 kB
SUnreclaim:        30360 kB
KernelStack:       11256 kB
PageTables:        27928 kB
NFS_Unstable:          0 kB
Bounce:                0 kB
WritebackTmp:          0 kB
CommitLimit:      710780 kB
Committed_AS:   36927880 kB
VmallocTotal:     460800 kB
VmallocUsed:       26816 kB
VmallocChunk:     174108 kB
Time pass: 337 sec

---2015-12-15 11:39:31
MemTotal:        1421560 kB
MemFree:           24552 kB
Buffers:           12072 kB
Cached:           660280 kB
SwapCached:            0 kB
Active:           753604 kB
Inactive:         334548 kB
Active(anon):     418488 kB
Inactive(anon):     1432 kB
Active(file):     335116 kB
Inactive(file):   333116 kB
Unevictable:        2596 kB
Mlocked:               0 kB
HighTotal:        885760 kB
HighFree:           4704 kB
LowTotal:         535800 kB
LowFree:           19848 kB
SwapTotal:             0 kB
SwapFree:              0 kB
Dirty:                 0 kB
Writeback:             0 kB
AnonPages:        418504 kB
Mapped:           383152 kB
Shmem:              1524 kB
Slab:              44768 kB
SReclaimable:      14296 kB
SUnreclaim:        30472 kB
KernelStack:       11272 kB
PageTables:        27928 kB
NFS_Unstable:          0 kB
Bounce:                0 kB
WritebackTmp:          0 kB
CommitLimit:      710780 kB
Committed_AS:   36928492 kB
VmallocTotal:     460800 kB
VmallocUsed:       26816 kB
VmallocChunk:     174108 kB
Time pass: 340 sec

---2015-12-15 11:39:31
MemTotal:        1421560 kB
MemFree:           24012 kB
Buffers:           12080 kB
Cached:           660280 kB
SwapCached:            0 kB
Active:           753732 kB
Inactive:         334556 kB
Active(anon):     418616 kB
Inactive(anon):     1432 kB
Active(file):     335116 kB
Inactive(file):   333124 kB
Unevictable:        2596 kB
Mlocked:               0 kB
HighTotal:        885760 kB
HighFree:           4436 kB
LowTotal:         535800 kB
LowFree:           19576 kB
SwapTotal:             0 kB
SwapFree:              0 kB
Dirty:                32 kB
Writeback:             0 kB
AnonPages:        418620 kB
Mapped:           383152 kB
Shmem:              1524 kB
Slab:              44748 kB
SReclaimable:      14272 kB
SUnreclaim:        30476 kB
KernelStack:       11264 kB
PageTables:        27932 kB
NFS_Unstable:          0 kB
Bounce:                0 kB
WritebackTmp:          0 kB
CommitLimit:      710780 kB
Committed_AS:   36929032 kB
VmallocTotal:     460800 kB
VmallocUsed:       26816 kB
VmallocChunk:     174108 kB
Time pass: 344 sec

---2015-12-15 11:39:31
MemTotal:        1421560 kB
MemFree:           24740 kB
Buffers:           12096 kB
Cached:           660384 kB
SwapCached:            0 kB
Active:           753316 kB
Inactive:         334676 kB
Active(anon):     418200 kB
Inactive(anon):     1432 kB
Active(file):     335116 kB
Inactive(file):   333244 kB
Unevictable:        2596 kB
Mlocked:               0 kB
HighTotal:        885760 kB
HighFree:           4356 kB
LowTotal:         535800 kB
LowFree:           20384 kB
SwapTotal:             0 kB
SwapFree:              0 kB
Dirty:                 0 kB
Writeback:             0 kB
AnonPages:        418188 kB
Mapped:           383196 kB
Shmem:              1524 kB
Slab:              44576 kB
SReclaimable:      14272 kB
SUnreclaim:        30304 kB
KernelStack:       11256 kB
PageTables:        27932 kB
NFS_Unstable:          0 kB
Bounce:                0 kB
WritebackTmp:          0 kB
CommitLimit:      710780 kB
Committed_AS:   36928760 kB
VmallocTotal:     460800 kB
VmallocUsed:       26816 kB
VmallocChunk:     174108 kB
Time pass: 348 sec

---2015-12-15 11:39:31
MemTotal:        1421560 kB
MemFree:           25664 kB
Buffers:           12104 kB
Cached:           660384 kB
SwapCached:            0 kB
Active:           753336 kB
Inactive:         334684 kB
Active(anon):     418220 kB
Inactive(anon):     1432 kB
Active(file):     335116 kB
Inactive(file):   333252 kB
Unevictable:        2596 kB
Mlocked:               0 kB
HighTotal:        885760 kB
HighFree:           5224 kB
LowTotal:         535800 kB
LowFree:           20440 kB
SwapTotal:             0 kB
SwapFree:              0 kB
Dirty:                28 kB
Writeback:             0 kB
AnonPages:        418176 kB
Mapped:           383144 kB
Shmem:              1524 kB
Slab:              44628 kB
SReclaimable:      14272 kB
SUnreclaim:        30356 kB
KernelStack:       11256 kB
PageTables:        27892 kB
NFS_Unstable:          0 kB
Bounce:                0 kB
WritebackTmp:          0 kB
CommitLimit:      710780 kB
Committed_AS:   36928932 kB
VmallocTotal:     460800 kB
VmallocUsed:       26816 kB
VmallocChunk:     174108 kB
Time pass: 351 sec

---2015-12-15 11:39:31
MemTotal:        1421560 kB
MemFree:           22560 kB
Buffers:           12120 kB
Cached:           660908 kB
SwapCached:            0 kB
Active:           755548 kB
Inactive:         335224 kB
Active(anon):     420432 kB
Inactive(anon):     1432 kB
Active(file):     335116 kB
Inactive(file):   333792 kB
Unevictable:        2596 kB
Mlocked:               0 kB
HighTotal:        885760 kB
HighFree:           4356 kB
LowTotal:         535800 kB
LowFree:           18204 kB
SwapTotal:             0 kB
SwapFree:              0 kB
Dirty:                 0 kB
Writeback:             0 kB
AnonPages:        420476 kB
Mapped:           383276 kB
Shmem:              1524 kB
Slab:              44692 kB
SReclaimable:      14272 kB
SUnreclaim:        30420 kB
KernelStack:       11240 kB
PageTables:        27900 kB
NFS_Unstable:          0 kB
Bounce:                0 kB
WritebackTmp:          0 kB
CommitLimit:      710780 kB
Committed_AS:   36930520 kB
VmallocTotal:     460800 kB
VmallocUsed:       26816 kB
VmallocChunk:     174108 kB
Time pass: 357 sec

---2015-12-15 11:39:31
MemTotal:        1421560 kB
MemFree:           23804 kB
Buffers:           12144 kB
Cached:           660908 kB
SwapCached:            0 kB
Active:           753096 kB
Inactive:         335248 kB
Active(anon):     417980 kB
Inactive(anon):     1432 kB
Active(file):     335116 kB
Inactive(file):   333816 kB
Unevictable:        2596 kB
Mlocked:               0 kB
HighTotal:        885760 kB
HighFree:           4620 kB
LowTotal:         535800 kB
LowFree:           19184 kB
SwapTotal:             0 kB
SwapFree:              0 kB
Dirty:                40 kB
Writeback:             0 kB
AnonPages:        418072 kB
Mapped:           383276 kB
Shmem:              1524 kB
Slab:              44648 kB
SReclaimable:      14272 kB
SUnreclaim:        30376 kB
KernelStack:       11240 kB
PageTables:        27916 kB
NFS_Unstable:          0 kB
Bounce:                0 kB
WritebackTmp:          0 kB
CommitLimit:      710780 kB
Committed_AS:   36928776 kB
VmallocTotal:     460800 kB
VmallocUsed:       26816 kB
VmallocChunk:     174108 kB
Time pass: 362 sec

---2015-12-15 11:39:31
MemTotal:        1421560 kB
MemFree:           23588 kB
Buffers:           12168 kB
Cached:           660892 kB
SwapCached:            0 kB
Active:           753840 kB
Inactive:         335256 kB
Active(anon):     418724 kB
Inactive(anon):     1432 kB
Active(file):     335116 kB
Inactive(file):   333824 kB
Unevictable:        2596 kB
Mlocked:               0 kB
HighTotal:        885760 kB
HighFree:           4376 kB
LowTotal:         535800 kB
LowFree:           19212 kB
SwapTotal:             0 kB
SwapFree:              0 kB
Dirty:                28 kB
Writeback:             0 kB
AnonPages:        418896 kB
Mapped:           383276 kB
Shmem:              1524 kB
Slab:              44712 kB
SReclaimable:      14272 kB
SUnreclaim:        30440 kB
KernelStack:       11240 kB
PageTables:        27916 kB
NFS_Unstable:          0 kB
Bounce:                0 kB
WritebackTmp:          0 kB
CommitLimit:      710780 kB
Committed_AS:   36928900 kB
VmallocTotal:     460800 kB
VmallocUsed:       26816 kB
VmallocChunk:     174108 kB
Time pass: 368 sec

---2015-12-15 11:39:31
MemTotal:        1421560 kB
MemFree:           24112 kB
Buffers:           12192 kB
Cached:           660884 kB
SwapCached:            0 kB
Active:           753796 kB
Inactive:         335272 kB
Active(anon):     418680 kB
Inactive(anon):     1432 kB
Active(file):     335116 kB
Inactive(file):   333840 kB
Unevictable:        2596 kB
Mlocked:               0 kB
HighTotal:        885760 kB
HighFree:           4308 kB
LowTotal:         535800 kB
LowFree:           19804 kB
SwapTotal:             0 kB
SwapFree:              0 kB
Dirty:                 0 kB
Writeback:             0 kB
AnonPages:        418672 kB
Mapped:           383328 kB
Shmem:              1524 kB
Slab:              44644 kB
SReclaimable:      14272 kB
SUnreclaim:        30372 kB
KernelStack:       11256 kB
PageTables:        27932 kB
NFS_Unstable:          0 kB
Bounce:                0 kB
WritebackTmp:          0 kB
CommitLimit:      710780 kB
Committed_AS:   36928432 kB
VmallocTotal:     460800 kB
VmallocUsed:       26816 kB
VmallocChunk:     174108 kB
Time pass: 374 sec

---2015-12-15 11:39:31
MemTotal:        1421560 kB
MemFree:           24016 kB
Buffers:           12192 kB
Cached:           660908 kB
SwapCached:            0 kB
Active:           753696 kB
Inactive:         335296 kB
Active(anon):     418580 kB
Inactive(anon):     1432 kB
Active(file):     335116 kB
Inactive(file):   333864 kB
Unevictable:        2596 kB
Mlocked:               0 kB
HighTotal:        885760 kB
HighFree:           4556 kB
LowTotal:         535800 kB
LowFree:           19460 kB
SwapTotal:             0 kB
SwapFree:              0 kB
Dirty:                40 kB
Writeback:             0 kB
AnonPages:        418572 kB
Mapped:           383272 kB
Shmem:              1524 kB
Slab:              44640 kB
SReclaimable:      14272 kB
SUnreclaim:        30368 kB
KernelStack:       11240 kB
PageTables:        27920 kB
NFS_Unstable:          0 kB
Bounce:                0 kB
WritebackTmp:          0 kB
CommitLimit:      710780 kB
Committed_AS:   36929044 kB
VmallocTotal:     460800 kB
VmallocUsed:       26816 kB
VmallocChunk:     174108 kB
Time pass: 378 sec

---2015-12-15 11:39:31
MemTotal:        1421560 kB
MemFree:           23832 kB
Buffers:           12200 kB
Cached:           660908 kB
SwapCached:            0 kB
Active:           754212 kB
Inactive:         335304 kB
Active(anon):     419096 kB
Inactive(anon):     1432 kB
Active(file):     335116 kB
Inactive(file):   333872 kB
Unevictable:        2596 kB
Mlocked:               0 kB
HighTotal:        885760 kB
HighFree:           4432 kB
LowTotal:         535800 kB
LowFree:           19400 kB
SwapTotal:             0 kB
SwapFree:              0 kB
Dirty:                28 kB
Writeback:             0 kB
AnonPages:        419084 kB
Mapped:           383272 kB
Shmem:              1524 kB
Slab:              44644 kB
SReclaimable:      14272 kB
SUnreclaim:        30372 kB
KernelStack:       11240 kB
PageTables:        27916 kB
NFS_Unstable:          0 kB
Bounce:                0 kB
WritebackTmp:          0 kB
CommitLimit:      710780 kB
Committed_AS:   36929576 kB
VmallocTotal:     460800 kB
VmallocUsed:       26816 kB
VmallocChunk:     174108 kB
Time pass: 384 sec

---2015-12-15 11:39:31
MemTotal:        1421560 kB
MemFree:           23436 kB
Buffers:           12224 kB
Cached:           660908 kB
SwapCached:            0 kB
Active:           753792 kB
Inactive:         335328 kB
Active(anon):     418676 kB
Inactive(anon):     1432 kB
Active(file):     335116 kB
Inactive(file):   333896 kB
Unevictable:        2596 kB
Mlocked:               0 kB
HighTotal:        885760 kB
HighFree:           4636 kB
LowTotal:         535800 kB
LowFree:           18800 kB
SwapTotal:             0 kB
SwapFree:              0 kB
Dirty:                28 kB
Writeback:             0 kB
AnonPages:        418584 kB
Mapped:           383272 kB
