---2015-11-17 01:33:16
MemTotal:        1350964 kB
MemFree:           32060 kB
Buffers:            7396 kB
Cached:           699252 kB
SwapCached:            0 kB
Active:           594656 kB
Inactive:         537160 kB
Active(anon):     427224 kB
Inactive(anon):     1152 kB
Active(file):     167432 kB
Inactive(file):   536008 kB
Unevictable:        1988 kB
Mlocked:               0 kB
HighTotal:        802816 kB
HighFree:           2396 kB
LowTotal:         548148 kB
LowFree:           29664 kB
SwapTotal:             0 kB
SwapFree:              0 kB
Dirty:                36 kB
Writeback:             0 kB
AnonPages:        427160 kB
Mapped:           193864 kB
Shmem:              1196 kB
Slab:              32104 kB
SReclaimable:      11380 kB
SUnreclaim:        20724 kB
KernelStack:        8984 kB
PageTables:        19480 kB
NFS_Unstable:          0 kB
Bounce:                0 kB
WritebackTmp:          0 kB
CommitLimit:      675480 kB
Committed_AS:   47336832 kB
VmallocTotal:     253952 kB
VmallocUsed:       92132 kB
VmallocChunk:      49156 kB
Time pass: 3 sec

---2015-11-17 01:33:16
MemTotal:        1350964 kB
MemFree:           32028 kB
Buffers:            7404 kB
Cached:           699252 kB
SwapCached:            0 kB
Active:           594680 kB
Inactive:         537192 kB
Active(anon):     427248 kB
Inactive(anon):     1152 kB
Active(file):     167432 kB
Inactive(file):   536040 kB
Unevictable:        1988 kB
Mlocked:               0 kB
HighTotal:        802816 kB
HighFree:           2372 kB
LowTotal:         548148 kB
LowFree:           29656 kB
SwapTotal:             0 kB
SwapFree:              0 kB
Dirty:                12 kB
Writeback:             0 kB
AnonPages:        427204 kB
Mapped:           193720 kB
Shmem:              1196 kB
Slab:              32052 kB
SReclaimable:      11388 kB
SUnreclaim:        20664 kB
KernelStack:        8984 kB
PageTables:        19480 kB
NFS_Unstable:          0 kB
Bounce:                0 kB
WritebackTmp:          0 kB
CommitLimit:      675480 kB
Committed_AS:   47336808 kB
VmallocTotal:     253952 kB
VmallocUsed:       92132 kB
VmallocChunk:      49156 kB
Time pass: 6 sec

---2015-11-17 01:33:16
MemTotal:        1350964 kB
MemFree:           32268 kB
Buffers:            7404 kB
Cached:           699252 kB
SwapCached:            0 kB
Active:           594792 kB
Inactive:         537180 kB
Active(anon):     427348 kB
Inactive(anon):     1152 kB
Active(file):     167444 kB
Inactive(file):   536028 kB
Unevictable:        1988 kB
Mlocked:               0 kB
HighTotal:        802816 kB
HighFree:           2520 kB
LowTotal:         548148 kB
LowFree:           29748 kB
SwapTotal:             0 kB
SwapFree:              0 kB
Dirty:                 0 kB
Writeback:             0 kB
AnonPages:        427272 kB
Mapped:           193880 kB
Shmem:              1196 kB
Slab:              32040 kB
SReclaimable:      11388 kB
SUnreclaim:        20652 kB
KernelStack:        8976 kB
PageTables:        19460 kB
NFS_Unstable:          0 kB
Bounce:                0 kB
WritebackTmp:          0 kB
CommitLimit:      675480 kB
Committed_AS:   47336824 kB
VmallocTotal:     253952 kB
VmallocUsed:       92132 kB
VmallocChunk:      49156 kB
Time pass: 10 sec

---2015-11-17 01:33:16
MemTotal:        1350964 kB
MemFree:           32152 kB
Buffers:            7404 kB
Cached:           699252 kB
SwapCached:            0 kB
Active:           594752 kB
Inactive:         537180 kB
Active(anon):     427308 kB
Inactive(anon):     1152 kB
Active(file):     167444 kB
Inactive(file):   536028 kB
Unevictable:        1988 kB
Mlocked:               0 kB
HighTotal:        802816 kB
HighFree:           2396 kB
LowTotal:         548148 kB
LowFree:           29756 kB
SwapTotal:             0 kB
SwapFree:              0 kB
Dirty:                 0 kB
Writeback:             0 kB
AnonPages:        427508 kB
Mapped:           193816 kB
Shmem:              1196 kB
Slab:              32104 kB
SReclaimable:      11392 kB
SUnreclaim:        20712 kB
KernelStack:        8992 kB
PageTables:        19516 kB
NFS_Unstable:          0 kB
Bounce:                0 kB
WritebackTmp:          0 kB
CommitLimit:      675480 kB
Committed_AS:   47336832 kB
VmallocTotal:     253952 kB
VmallocUsed:       92132 kB
VmallocChunk:      49156 kB
Time pass: 13 sec

---2015-11-17 01:33:16
MemTotal:        1350964 kB
MemFree:           32260 kB
Buffers:            7404 kB
Cached:           699252 kB
SwapCached:            0 kB
Active:           594816 kB
Inactive:         537180 kB
Active(anon):     427372 kB
Inactive(anon):     1152 kB
Active(file):     167444 kB
Inactive(file):   536028 kB
Unevictable:        1988 kB
Mlocked:               0 kB
HighTotal:        802816 kB
HighFree:           2620 kB
LowTotal:         548148 kB
LowFree:           29640 kB
SwapTotal:             0 kB
SwapFree:              0 kB
Dirty:                 0 kB
Writeback:             0 kB
AnonPages:        427316 kB
Mapped:           193868 kB
Shmem:              1196 kB
Slab:              32112 kB
SReclaimable:      11392 kB
SUnreclaim:        20720 kB
KernelStack:        8976 kB
PageTables:        19476 kB
NFS_Unstable:          0 kB
Bounce:                0 kB
WritebackTmp:          0 kB
CommitLimit:      675480 kB
Committed_AS:   47336796 kB
VmallocTotal:     253952 kB
VmallocUsed:       92132 kB
VmallocChunk:      49156 kB
Time pass: 17 sec

---2015-11-17 01:33:16
MemTotal:        1350964 kB
MemFree:           30864 kB
Buffers:            7400 kB
Cached:           694548 kB
SwapCached:            0 kB
Active:           601828 kB
Inactive:         531892 kB
Active(anon):     433884 kB
Inactive(anon):     1152 kB
Active(file):     167944 kB
Inactive(file):   530740 kB
Unevictable:        1988 kB
Mlocked:               0 kB
HighTotal:        802816 kB
HighFree:           1608 kB
LowTotal:         548148 kB
LowFree:           29256 kB
SwapTotal:             0 kB
SwapFree:              0 kB
Dirty:                 0 kB
Writeback:             0 kB
AnonPages:        433860 kB
Mapped:           194172 kB
Shmem:              1196 kB
Slab:              32124 kB
SReclaimable:      11392 kB
SUnreclaim:        20732 kB
KernelStack:        8976 kB
PageTables:        19608 kB
NFS_Unstable:          0 kB
Bounce:                0 kB
WritebackTmp:          0 kB
CommitLimit:      675480 kB
Committed_AS:   48339016 kB
VmallocTotal:     253952 kB
VmallocUsed:       93152 kB
VmallocChunk:      49156 kB
Time pass: 20 sec

---2015-11-17 01:33:16
MemTotal:        1350964 kB
MemFree:           23868 kB
Buffers:            6772 kB
Cached:           672020 kB
SwapCached:            0 kB
Active:           625948 kB
Inactive:         501692 kB
Active(anon):     451188 kB
Inactive(anon):     1152 kB
Active(file):     174760 kB
Inactive(file):   500540 kB
Unevictable:        1988 kB
Mlocked:               0 kB
HighTotal:        802816 kB
HighFree:           2516 kB
LowTotal:         548148 kB
LowFree:           21352 kB
SwapTotal:             0 kB
SwapFree:              0 kB
Dirty:               892 kB
Writeback:             0 kB
AnonPages:        451092 kB
Mapped:           209708 kB
Shmem:              1196 kB
Slab:              32248 kB
SReclaimable:      11488 kB
SUnreclaim:        20760 kB
KernelStack:        9152 kB
PageTables:        20012 kB
NFS_Unstable:          0 kB
Bounce:                0 kB
WritebackTmp:          0 kB
CommitLimit:      675480 kB
Committed_AS:   48266696 kB
VmallocTotal:     253952 kB
VmallocUsed:       94168 kB
VmallocChunk:      49156 kB
Time pass: 27 sec

---2015-11-17 01:33:16
MemTotal:        1350964 kB
MemFree:           37212 kB
Buffers:            6648 kB
Cached:           613796 kB
SwapCached:            0 kB
Active:           640208 kB
Inactive:         438296 kB
Active(anon):     460100 kB
Inactive(anon):     1280 kB
Active(file):     180108 kB
Inactive(file):   437016 kB
Unevictable:        1988 kB
Mlocked:               0 kB
HighTotal:        802816 kB
HighFree:           7172 kB
LowTotal:         548148 kB
LowFree:           30040 kB
SwapTotal:             0 kB
SwapFree:              0 kB
Dirty:               380 kB
Writeback:             0 kB
AnonPages:        460004 kB
Mapped:           217476 kB
Shmem:              1324 kB
Slab:              32564 kB
SReclaimable:      11568 kB
SUnreclaim:        20996 kB
KernelStack:        9456 kB
PageTables:        20276 kB
NFS_Unstable:          0 kB
Bounce:                0 kB
WritebackTmp:          0 kB
CommitLimit:      675480 kB
Committed_AS:   48317172 kB
VmallocTotal:     253952 kB
VmallocUsed:       94284 kB
VmallocChunk:      49156 kB
Time pass: 30 sec

---2015-11-17 01:33:16
MemTotal:        1350964 kB
MemFree:           32840 kB
Buffers:            6428 kB
Cached:           567556 kB
SwapCached:            0 kB
Active:           656836 kB
Inactive:         390892 kB
Active(anon):     476044 kB
Inactive(anon):     1280 kB
Active(file):     180792 kB
Inactive(file):   389612 kB
Unevictable:        1988 kB
Mlocked:               0 kB
HighTotal:        802816 kB
HighFree:           2788 kB
LowTotal:         548148 kB
LowFree:           30052 kB
SwapTotal:             0 kB
SwapFree:              0 kB
Dirty:               184 kB
Writeback:             0 kB
AnonPages:        476136 kB
Mapped:           217812 kB
Shmem:              1324 kB
Slab:              32600 kB
SReclaimable:      11580 kB
SUnreclaim:        21020 kB
KernelStack:        9472 kB
PageTables:        20480 kB
NFS_Unstable:          0 kB
Bounce:                0 kB
WritebackTmp:          0 kB
CommitLimit:      675480 kB
Committed_AS:   48442552 kB
VmallocTotal:     253952 kB
VmallocUsed:       94736 kB
VmallocChunk:      49156 kB
Time pass: 34 sec

---2015-11-17 01:33:16
MemTotal:        1350964 kB
MemFree:           32732 kB
Buffers:            6428 kB
Cached:           558912 kB
SwapCached:            0 kB
Active:           661492 kB
Inactive:         382300 kB
Active(anon):     480500 kB
Inactive(anon):     1280 kB
Active(file):     180992 kB
Inactive(file):   381020 kB
Unevictable:        1988 kB
Mlocked:               0 kB
HighTotal:        802816 kB
HighFree:           2764 kB
LowTotal:         548148 kB
LowFree:           29968 kB
SwapTotal:             0 kB
SwapFree:              0 kB
Dirty:                60 kB
Writeback:             0 kB
AnonPages:        480384 kB
Mapped:           218148 kB
Shmem:              1324 kB
Slab:              32752 kB
SReclaimable:      11596 kB
SUnreclaim:        21156 kB
KernelStack:        9472 kB
PageTables:        20552 kB
NFS_Unstable:          0 kB
Bounce:                0 kB
WritebackTmp:          0 kB
CommitLimit:      675480 kB
Committed_AS:   48447116 kB
VmallocTotal:     253952 kB
VmallocUsed:       94736 kB
VmallocChunk:      49156 kB
Time pass: 37 sec

---2015-11-17 01:33:16
MemTotal:        1350964 kB
MemFree:           53548 kB
Buffers:            6428 kB
Cached:           558928 kB
SwapCached:            0 kB
Active:           661924 kB
Inactive:         382316 kB
Active(anon):     480928 kB
Inactive(anon):     1284 kB
Active(file):     180996 kB
Inactive(file):   381032 kB
Unevictable:        1988 kB
Mlocked:               0 kB
HighTotal:        802816 kB
HighFree:          14124 kB
LowTotal:         548148 kB
LowFree:           39424 kB
SwapTotal:             0 kB
SwapFree:              0 kB
Dirty:                64 kB
Writeback:             0 kB
AnonPages:        480992 kB
Mapped:           218252 kB
Shmem:              1328 kB
Slab:              32776 kB
SReclaimable:      11596 kB
SUnreclaim:        21180 kB
KernelStack:        9488 kB
PageTables:        20508 kB
NFS_Unstable:          0 kB
Bounce:                0 kB
WritebackTmp:          0 kB
CommitLimit:      675480 kB
Committed_AS:   48420444 kB
VmallocTotal:     253952 kB
VmallocUsed:       94736 kB
VmallocChunk:      49156 kB
Time pass: 40 sec

---2015-11-17 01:33:16
MemTotal:        1350964 kB
MemFree:           44920 kB
Buffers:            6432 kB
Cached:           560656 kB
SwapCached:            0 kB
Active:           672756 kB
Inactive:         383760 kB
Active(anon):     491548 kB
Inactive(anon):     1284 kB
Active(file):     181208 kB
Inactive(file):   382476 kB
Unevictable:        1988 kB
Mlocked:               0 kB
HighTotal:        802816 kB
HighFree:           6856 kB
LowTotal:         548148 kB
LowFree:           38064 kB
SwapTotal:             0 kB
SwapFree:              0 kB
Dirty:               348 kB
Writeback:             0 kB
AnonPages:        491560 kB
Mapped:           221380 kB
Shmem:              1328 kB
Slab:              32900 kB
SReclaimable:      11652 kB
SUnreclaim:        21248 kB
KernelStack:        9536 kB
PageTables:        20516 kB
NFS_Unstable:          0 kB
Bounce:                0 kB
WritebackTmp:          0 kB
CommitLimit:      675480 kB
Committed_AS:   48426060 kB
VmallocTotal:     253952 kB
VmallocUsed:       94736 kB
VmallocChunk:      49156 kB
Time pass: 44 sec

---2015-11-17 01:33:16
MemTotal:        1350964 kB
MemFree:           32828 kB
Buffers:            6416 kB
Cached:           557780 kB
SwapCached:            0 kB
Active:           678512 kB
Inactive:         380520 kB
Active(anon):     496996 kB
Inactive(anon):     1284 kB
Active(file):     181516 kB
Inactive(file):   379236 kB
Unevictable:        1988 kB
Mlocked:               0 kB
HighTotal:        802816 kB
HighFree:           2796 kB
LowTotal:         548148 kB
LowFree:           30032 kB
SwapTotal:             0 kB
SwapFree:              0 kB
Dirty:              1596 kB
Writeback:             0 kB
AnonPages:        496884 kB
Mapped:           221420 kB
Shmem:              1328 kB
Slab:              32960 kB
SReclaimable:      11696 kB
SUnreclaim:        21264 kB
KernelStack:        9536 kB
PageTables:        20560 kB
NFS_Unstable:          0 kB
Bounce:                0 kB
WritebackTmp:          0 kB
CommitLimit:      675480 kB
Committed_AS:   48439924 kB
VmallocTotal:     253952 kB
VmallocUsed:       94736 kB
VmallocChunk:      49156 kB
Time pass: 47 sec

---2015-11-17 01:33:16
MemTotal:        1350964 kB
MemFree:           32304 kB
Buffers:            6424 kB
Cached:           557632 kB
SwapCached:            0 kB
Active:           676904 kB
Inactive:         380472 kB
Active(anon):     495360 kB
Inactive(anon):     1284 kB
Active(file):     181544 kB
Inactive(file):   379188 kB
Unevictable:        1988 kB
Mlocked:               0 kB
HighTotal:        802816 kB
HighFree:           2516 kB
LowTotal:         548148 kB
LowFree:           29788 kB
SwapTotal:             0 kB
SwapFree:              0 kB
Dirty:               120 kB
Writeback:           312 kB
AnonPages:        495372 kB
Mapped:           221520 kB
Shmem:              1328 kB
Slab:              33044 kB
SReclaimable:      11696 kB
SUnreclaim:        21348 kB
KernelStack:        9536 kB
PageTables:        20552 kB
NFS_Unstable:          0 kB
Bounce:                0 kB
WritebackTmp:          0 kB
CommitLimit:      675480 kB
Committed_AS:   48441036 kB
VmallocTotal:     253952 kB
VmallocUsed:       94736 kB
VmallocChunk:      49156 kB
Time pass: 51 sec

---2015-11-17 01:33:16
MemTotal:        1350964 kB
MemFree:           31092 kB
Buffers:            6368 kB
Cached:           552192 kB
SwapCached:            0 kB
Active:           678560 kB
Inactive:         374444 kB
Active(anon):     496496 kB
Inactive(anon):     1284 kB
Active(file):     182064 kB
Inactive(file):   373160 kB
Unevictable:        1988 kB
Mlocked:               0 kB
HighTotal:        802816 kB
HighFree:           3832 kB
LowTotal:         548148 kB
LowFree:           27260 kB
SwapTotal:             0 kB
SwapFree:              0 kB
Dirty:               244 kB
Writeback:             0 kB
AnonPages:        496408 kB
Mapped:           221792 kB
Shmem:              1328 kB
Slab:              33140 kB
SReclaimable:      11716 kB
SUnreclaim:        21424 kB
KernelStack:        9520 kB
PageTables:        20568 kB
NFS_Unstable:          0 kB
Bounce:                0 kB
WritebackTmp:          0 kB
CommitLimit:      675480 kB
Committed_AS:   48447072 kB
VmallocTotal:     253952 kB
VmallocUsed:       94736 kB
VmallocChunk:      49156 kB
Time pass: 54 sec

---2015-11-17 01:33:16
MemTotal:        1350964 kB
MemFree:           34540 kB
Buffers:            6288 kB
Cached:           538368 kB
SwapCached:            0 kB
Active:           682996 kB
Inactive:         359856 kB
Active(anon):     500328 kB
Inactive(anon):     1284 kB
Active(file):     182668 kB
Inactive(file):   358572 kB
Unevictable:        1988 kB
Mlocked:               0 kB
HighTotal:        802816 kB
HighFree:           4736 kB
LowTotal:         548148 kB
LowFree:           29804 kB
SwapTotal:             0 kB
SwapFree:              0 kB
Dirty:               552 kB
Writeback:             0 kB
AnonPages:        500200 kB
Mapped:           222248 kB
Shmem:              1328 kB
Slab:              33256 kB
SReclaimable:      11756 kB
SUnreclaim:        21500 kB
KernelStack:        9520 kB
PageTables:        20568 kB
NFS_Unstable:          0 kB
Bounce:                0 kB
WritebackTmp:          0 kB
CommitLimit:      675480 kB
Committed_AS:   48457076 kB
VmallocTotal:     253952 kB
VmallocUsed:       94736 kB
VmallocChunk:      49156 kB
Time pass: 58 sec

---2015-11-17 01:33:16
MemTotal:        1350964 kB
MemFree:           30856 kB
Buffers:            6288 kB
Cached:           540760 kB
SwapCached:            0 kB
Active:           685048 kB
Inactive:         362080 kB
Active(anon):     502380 kB
Inactive(anon):     1284 kB
Active(file):     182668 kB
Inactive(file):   360796 kB
Unevictable:        1988 kB
Mlocked:               0 kB
HighTotal:        802816 kB
HighFree:           1524 kB
LowTotal:         548148 kB
LowFree:           29332 kB
SwapTotal:             0 kB
SwapFree:              0 kB
Dirty:               556 kB
Writeback:             0 kB
AnonPages:        502300 kB
Mapped:           223880 kB
Shmem:              1328 kB
Slab:              33308 kB
SReclaimable:      11760 kB
SUnreclaim:        21548 kB
KernelStack:        9520 kB
PageTables:        20592 kB
NFS_Unstable:          0 kB
Bounce:                0 kB
WritebackTmp:          0 kB
CommitLimit:      675480 kB
Committed_AS:   48465632 kB
VmallocTotal:     253952 kB
VmallocUsed:       94736 kB
VmallocChunk:      49156 kB
Time pass: 61 sec

---2015-11-17 01:33:16
MemTotal:        1350964 kB
MemFree:           30872 kB
Buffers:            6312 kB
Cached:           532444 kB
SwapCached:            0 kB
Active:           692908 kB
Inactive:         353956 kB
Active(anon):     510180 kB
Inactive(anon):     1284 kB
Active(file):     182728 kB
Inactive(file):   352672 kB
Unevictable:        1988 kB
Mlocked:               0 kB
HighTotal:        802816 kB
HighFree:           1524 kB
LowTotal:         548148 kB
LowFree:           29348 kB
SwapTotal:             0 kB
SwapFree:              0 kB
Dirty:               340 kB
Writeback:             0 kB
AnonPages:        510192 kB
Mapped:           225852 kB
Shmem:              1328 kB
Slab:              33412 kB
SReclaimable:      11784 kB
SUnreclaim:        21628 kB
KernelStack:        9584 kB
PageTables:        20624 kB
NFS_Unstable:          0 kB
Bounce:                0 kB
WritebackTmp:          0 kB
CommitLimit:      675480 kB
Committed_AS:   48473988 kB
VmallocTotal:     253952 kB
VmallocUsed:       94736 kB
VmallocChunk:      49156 kB
Time pass: 65 sec

---2015-11-17 01:33:16
MemTotal:        1350964 kB
MemFree:           31932 kB
Buffers:            6348 kB
Cached:           519816 kB
SwapCached:            0 kB
Active:           701692 kB
Inactive:         340664 kB
Active(anon):     518228 kB
Inactive(anon):     1400 kB
Active(file):     183464 kB
Inactive(file):   339264 kB
Unevictable:        1988 kB
Mlocked:               0 kB
HighTotal:        802816 kB
HighFree:           1524 kB
LowTotal:         548148 kB
LowFree:           30408 kB
SwapTotal:             0 kB
SwapFree:              0 kB
Dirty:                96 kB
Writeback:             0 kB
AnonPages:        518144 kB
Mapped:           227040 kB
Shmem:              1448 kB
Slab:              33392 kB
SReclaimable:      11788 kB
SUnreclaim:        21604 kB
KernelStack:        9696 kB
PageTables:        20760 kB
NFS_Unstable:          0 kB
Bounce:                0 kB
WritebackTmp:          0 kB
CommitLimit:      675480 kB
Committed_AS:   48491748 kB
VmallocTotal:     253952 kB
VmallocUsed:       95396 kB
VmallocChunk:      49156 kB
Time pass: 69 sec

---2015-11-17 01:33:16
MemTotal:        1350964 kB
MemFree:           32948 kB
Buffers:            6380 kB
Cached:           510520 kB
SwapCached:            0 kB
Active:           706492 kB
Inactive:         331348 kB
Active(anon):     523028 kB
Inactive(anon):     1380 kB
Active(file):     183464 kB
Inactive(file):   329968 kB
Unevictable:        1988 kB
Mlocked:               0 kB
HighTotal:        802816 kB
HighFree:           2888 kB
LowTotal:         548148 kB
LowFree:           30060 kB
SwapTotal:             0 kB
SwapFree:              0 kB
Dirty:                76 kB
Writeback:             0 kB
AnonPages:        522976 kB
Mapped:           227100 kB
Shmem:              1480 kB
Slab:              33464 kB
SReclaimable:      11808 kB
SUnreclaim:        21656 kB
KernelStack:        9728 kB
PageTables:        20940 kB
NFS_Unstable:          0 kB
Bounce:                0 kB
WritebackTmp:          0 kB
CommitLimit:      675480 kB
Committed_AS:   48498708 kB
VmallocTotal:     253952 kB
VmallocUsed:       95732 kB
VmallocChunk:      49156 kB
Time pass: 73 sec

---2015-11-17 01:33:16
MemTotal:        1350964 kB
MemFree:           31196 kB
Buffers:            6388 kB
Cached:           510624 kB
SwapCached:            0 kB
Active:           706812 kB
Inactive:         331480 kB
Active(anon):     523348 kB
Inactive(anon):     1512 kB
Active(file):     183464 kB
Inactive(file):   329968 kB
Unevictable:        1988 kB
Mlocked:               0 kB
HighTotal:        802816 kB
HighFree:           1524 kB
LowTotal:         548148 kB
LowFree:           29672 kB
SwapTotal:             0 kB
SwapFree:              0 kB
Dirty:               112 kB
Writeback:             0 kB
AnonPages:        523304 kB
Mapped:           227064 kB
Shmem:              1592 kB
Slab:              33516 kB
SReclaimable:      11808 kB
SUnreclaim:        21708 kB
KernelStack:        9736 kB
PageTables:        20944 kB
NFS_Unstable:          0 kB
Bounce:                0 kB
WritebackTmp:          0 kB
CommitLimit:      675480 kB
Committed_AS:   48498672 kB
VmallocTotal:     253952 kB
VmallocUsed:       95732 kB
VmallocChunk:      49156 kB
Time pass: 77 sec

---2015-11-17 01:33:16
MemTotal:        1350964 kB
MemFree:           32620 kB
Buffers:            6404 kB
Cached:           508776 kB
SwapCached:            0 kB
Active:           706760 kB
Inactive:         329680 kB
Active(anon):     523296 kB
Inactive(anon):     1544 kB
Active(file):     183464 kB
Inactive(file):   328136 kB
Unevictable:        1988 kB
Mlocked:               0 kB
HighTotal:        802816 kB
HighFree:           3384 kB
LowTotal:         548148 kB
LowFree:           29236 kB
SwapTotal:             0 kB
SwapFree:              0 kB
Dirty:                76 kB
Writeback:             0 kB
AnonPages:        523168 kB
Mapped:           227060 kB
Shmem:              1592 kB
Slab:              33544 kB
SReclaimable:      11812 kB
SUnreclaim:        21732 kB
KernelStack:        9736 kB
PageTables:        20940 kB
NFS_Unstable:          0 kB
Bounce:                0 kB
WritebackTmp:          0 kB
CommitLimit:      675480 kB
Committed_AS:   48498700 kB
VmallocTotal:     253952 kB
VmallocUsed:       95732 kB
VmallocChunk:      49156 kB
Time pass: 80 sec

---2015-11-17 01:33:16
MemTotal:        1350964 kB
MemFree:           35412 kB
Buffers:            6404 kB
Cached:           508776 kB
SwapCached:            0 kB
Active:           704604 kB
Inactive:         329680 kB
Active(anon):     521140 kB
Inactive(anon):     1544 kB
Active(file):     183464 kB
Inactive(file):   328136 kB
Unevictable:        1988 kB
Mlocked:               0 kB
HighTotal:        802816 kB
HighFree:           4500 kB
LowTotal:         548148 kB
LowFree:           30912 kB
SwapTotal:             0 kB
SwapFree:              0 kB
Dirty:                 4 kB
Writeback:             0 kB
AnonPages:        521144 kB
Mapped:           227208 kB
Shmem:              1592 kB
Slab:              33560 kB
SReclaimable:      11812 kB
SUnreclaim:        21748 kB
KernelStack:        9728 kB
PageTables:        20940 kB
NFS_Unstable:          0 kB
Bounce:                0 kB
WritebackTmp:          0 kB
CommitLimit:      675480 kB
Committed_AS:   48498608 kB
VmallocTotal:     253952 kB
VmallocUsed:       95732 kB
VmallocChunk:      49156 kB
Time pass: 83 sec

---2015-11-17 01:33:16
MemTotal:        1350964 kB
MemFree:           33908 kB
Buffers:            6428 kB
Cached:           508776 kB
SwapCached:            0 kB
Active:           705872 kB
Inactive:         329704 kB
Active(anon):     522408 kB
Inactive(anon):     1544 kB
Active(file):     183464 kB
Inactive(file):   328160 kB
Unevictable:        1988 kB
Mlocked:               0 kB
HighTotal:        802816 kB
HighFree:           1700 kB
LowTotal:         548148 kB
LowFree:           32208 kB
SwapTotal:             0 kB
SwapFree:              0 kB
Dirty:                40 kB
Writeback:             0 kB
AnonPages:        522360 kB
Mapped:           227208 kB
Shmem:              1592 kB
Slab:              33596 kB
SReclaimable:      11812 kB
SUnreclaim:        21784 kB
KernelStack:        9720 kB
PageTables:        20948 kB
NFS_Unstable:          0 kB
Bounce:                0 kB
WritebackTmp:          0 kB
CommitLimit:      675480 kB
Committed_AS:   48495000 kB
VmallocTotal:     253952 kB
VmallocUsed:       95848 kB
VmallocChunk:      49156 kB
Time pass: 87 sec

---2015-11-17 01:33:16
MemTotal:        1350964 kB
MemFree:           33632 kB
Buffers:            6444 kB
Cached:           508664 kB
SwapCached:            0 kB
Active:           707908 kB
Inactive:         329612 kB
Active(anon):     524448 kB
Inactive(anon):     1432 kB
Active(file):     183460 kB
Inactive(file):   328180 kB
Unevictable:        1988 kB
Mlocked:               0 kB
HighTotal:        802816 kB
HighFree:           2764 kB
LowTotal:         548148 kB
LowFree:           30868 kB
SwapTotal:             0 kB
SwapFree:              0 kB
Dirty:                56 kB
Writeback:             0 kB
AnonPages:        524496 kB
Mapped:           227136 kB
Shmem:              1480 kB
Slab:              33628 kB
SReclaimable:      11812 kB
SUnreclaim:        21816 kB
KernelStack:        9760 kB
PageTables:        20844 kB
NFS_Unstable:          0 kB
Bounce:                0 kB
WritebackTmp:          0 kB
CommitLimit:      675480 kB
Committed_AS:   48501616 kB
VmallocTotal:     253952 kB
VmallocUsed:       96184 kB
VmallocChunk:      49156 kB
Time pass: 90 sec

---2015-11-17 01:33:16
MemTotal:        1350964 kB
MemFree:           33560 kB
Buffers:            6388 kB
Cached:           503084 kB
SwapCached:            0 kB
Active:           708860 kB
Inactive:         323948 kB
Active(anon):     525392 kB
Inactive(anon):     1416 kB
Active(file):     183468 kB
Inactive(file):   322532 kB
Unevictable:        1988 kB
Mlocked:               0 kB
HighTotal:        802816 kB
HighFree:           3588 kB
LowTotal:         548148 kB
LowFree:           29972 kB
SwapTotal:             0 kB
SwapFree:              0 kB
Dirty:                 0 kB
Writeback:             0 kB
AnonPages:        525452 kB
Mapped:           227140 kB
Shmem:              1484 kB
Slab:              33564 kB
SReclaimable:      11812 kB
SUnreclaim:        21752 kB
KernelStack:        9784 kB
PageTables:        20968 kB
NFS_Unstable:          0 kB
Bounce:                0 kB
WritebackTmp:          0 kB
CommitLimit:      675480 kB
Committed_AS:   48505492 kB
VmallocTotal:     253952 kB
VmallocUsed:       96520 kB
VmallocChunk:      49156 kB
Time pass: 94 sec

---2015-11-17 01:33:16
MemTotal:        1350964 kB
MemFree:           82924 kB
Buffers:            6428 kB
Cached:           497084 kB
SwapCached:            0 kB
Active:           701236 kB
Inactive:         315820 kB
Active(anon):     515600 kB
Inactive(anon):     1284 kB
Active(file):     185636 kB
Inactive(file):   314536 kB
Unevictable:        1988 kB
Mlocked:               0 kB
HighTotal:        802816 kB
HighFree:          26164 kB
LowTotal:         548148 kB
LowFree:           56760 kB
SwapTotal:             0 kB
SwapFree:              0 kB
Dirty:               204 kB
Writeback:             0 kB
AnonPages:        515472 kB
Mapped:           223636 kB
Shmem:              1328 kB
Slab:              33548 kB
SReclaimable:      11816 kB
SUnreclaim:        21732 kB
KernelStack:        9640 kB
PageTables:        20480 kB
NFS_Unstable:          0 kB
Bounce:                0 kB
WritebackTmp:          0 kB
CommitLimit:      675480 kB
Committed_AS:   47635732 kB
VmallocTotal:     253952 kB
VmallocUsed:       95720 kB
VmallocChunk:      49156 kB
Time pass: 97 sec

---2015-11-17 01:33:16
MemTotal:        1350964 kB
MemFree:          209964 kB
Buffers:            6428 kB
Cached:           497112 kB
SwapCached:            0 kB
Active:           634532 kB
Inactive:         315284 kB
Active(anon):     448336 kB
Inactive(anon):     1152 kB
Active(file):     186196 kB
Inactive(file):   314132 kB
Unevictable:        1988 kB
Mlocked:               0 kB
HighTotal:        802816 kB
HighFree:         109776 kB
LowTotal:         548148 kB
LowFree:          100188 kB
SwapTotal:             0 kB
SwapFree:              0 kB
Dirty:               148 kB
Writeback:             0 kB
AnonPages:        448184 kB
Mapped:           192652 kB
Shmem:              1196 kB
Slab:              33272 kB
SReclaimable:      11808 kB
SUnreclaim:        21464 kB
KernelStack:        8912 kB
PageTables:        19408 kB
NFS_Unstable:          0 kB
Bounce:                0 kB
WritebackTmp:          0 kB
CommitLimit:      675480 kB
Committed_AS:   46617760 kB
VmallocTotal:     253952 kB
VmallocUsed:       92828 kB
VmallocChunk:      49156 kB
Time pass: 101 sec

---2015-11-17 01:33:16
MemTotal:        1350964 kB
MemFree:          209964 kB
Buffers:            6436 kB
Cached:           497112 kB
SwapCached:            0 kB
Active:           634508 kB
Inactive:         315312 kB
Active(anon):     448312 kB
Inactive(anon):     1152 kB
Active(file):     186196 kB
Inactive(file):   314160 kB
Unevictable:        1988 kB
Mlocked:               0 kB
HighTotal:        802816 kB
HighFree:         109776 kB
LowTotal:         548148 kB
LowFree:          100188 kB
SwapTotal:             0 kB
SwapFree:              0 kB
Dirty:                20 kB
Writeback:             0 kB
AnonPages:        448360 kB
Mapped:           192652 kB
Shmem:              1196 kB
Slab:              33240 kB
SReclaimable:      11808 kB
SUnreclaim:        21432 kB
KernelStack:        8912 kB
PageTables:        19408 kB
NFS_Unstable:          0 kB
Bounce:                0 kB
WritebackTmp:          0 kB
CommitLimit:      675480 kB
Committed_AS:   46617784 kB
VmallocTotal:     253952 kB
VmallocUsed:       92828 kB
VmallocChunk:      49156 kB
Time pass: 104 sec

---2015-11-17 01:33:16
MemTotal:        1350964 kB
MemFree:          209940 kB
Buffers:            6436 kB
Cached:           497112 kB
SwapCached:            0 kB
Active:           634500 kB
Inactive:         315320 kB
Active(anon):     448304 kB
Inactive(anon):     1152 kB
Active(file):     186196 kB
Inactive(file):   314168 kB
Unevictable:        1988 kB
Mlocked:               0 kB
HighTotal:        802816 kB
HighFree:         109900 kB
LowTotal:         548148 kB
LowFree:          100040 kB
SwapTotal:             0 kB
SwapFree:              0 kB
Dirty:                20 kB
Writeback:             0 kB
AnonPages:        448248 kB
Mapped:           192652 kB
Shmem:              1196 kB
Slab:              33260 kB
SReclaimable:      11808 kB
SUnreclaim:        21452 kB
KernelStack:        8912 kB
PageTables:        19408 kB
NFS_Unstable:          0 kB
Bounce:                0 kB
WritebackTmp:          0 kB
CommitLimit:      675480 kB
Committed_AS:   46617784 kB
VmallocTotal:     253952 kB
VmallocUsed:       92828 kB
VmallocChunk:      49156 kB
Time pass: 108 sec

---2015-11-17 01:33:16
MemTotal:        1350964 kB
MemFree:          216240 kB
Buffers:            6496 kB
Cached:           497072 kB
SwapCached:            0 kB
Active:           641172 kB
Inactive:         315332 kB
Active(anon):     454976 kB
Inactive(anon):     1152 kB
Active(file):     186196 kB
Inactive(file):   314180 kB
Unevictable:        1988 kB
Mlocked:               0 kB
HighTotal:        802816 kB
HighFree:         114704 kB
LowTotal:         548148 kB
LowFree:          101536 kB
SwapTotal:             0 kB
SwapFree:              0 kB
Dirty:                20 kB
Writeback:             0 kB
AnonPages:        455148 kB
Mapped:           206388 kB
Shmem:              1196 kB
Slab:              33184 kB
SReclaimable:      11808 kB
SUnreclaim:        21376 kB
KernelStack:        9072 kB
PageTables:        19760 kB
NFS_Unstable:          0 kB
Bounce:                0 kB
WritebackTmp:          0 kB
CommitLimit:      675480 kB
Committed_AS:   47437176 kB
VmallocTotal:     253952 kB
VmallocUsed:       93856 kB
VmallocChunk:      49156 kB
Time pass: 111 sec

---2015-11-17 01:33:16
MemTotal:        1350964 kB
MemFree:          156212 kB
Buffers:            6520 kB
Cached:           497264 kB
SwapCached:            0 kB
Active:           654012 kB
Inactive:         315024 kB
Active(anon):     467184 kB
Inactive(anon):     1380 kB
Active(file):     186828 kB
Inactive(file):   313644 kB
Unevictable:        1988 kB
Mlocked:               0 kB
HighTotal:        802816 kB
HighFree:          80140 kB
LowTotal:         548148 kB
LowFree:           76072 kB
SwapTotal:             0 kB
SwapFree:              0 kB
Dirty:                60 kB
Writeback:             0 kB
AnonPages:        467252 kB
Mapped:           212792 kB
Shmem:              1324 kB
Slab:              33228 kB
SReclaimable:      11832 kB
SUnreclaim:        21396 kB
KernelStack:        9312 kB
PageTables:        20116 kB
NFS_Unstable:          0 kB
Bounce:                0 kB
WritebackTmp:          0 kB
CommitLimit:      675480 kB
Committed_AS:   47581356 kB
VmallocTotal:     253952 kB
VmallocUsed:       94728 kB
VmallocChunk:      49156 kB
Time pass: 115 sec

---2015-11-17 01:33:16
MemTotal:        1350964 kB
MemFree:          137096 kB
Buffers:            6528 kB
Cached:           497344 kB
SwapCached:            0 kB
Active:           665164 kB
Inactive:         314996 kB
Active(anon):     478328 kB
Inactive(anon):     1280 kB
Active(file):     186836 kB
Inactive(file):   313716 kB
Unevictable:        1988 kB
Mlocked:               0 kB
HighTotal:        802816 kB
HighFree:          62916 kB
LowTotal:         548148 kB
LowFree:           74180 kB
SwapTotal:             0 kB
SwapFree:              0 kB
Dirty:               276 kB
Writeback:             0 kB
AnonPages:        478152 kB
Mapped:           214140 kB
Shmem:              1324 kB
Slab:              33204 kB
SReclaimable:      11832 kB
SUnreclaim:        21372 kB
KernelStack:        9352 kB
PageTables:        20148 kB
NFS_Unstable:          0 kB
Bounce:                0 kB
WritebackTmp:          0 kB
CommitLimit:      675480 kB
Committed_AS:   47596900 kB
VmallocTotal:     253952 kB
VmallocUsed:       94728 kB
VmallocChunk:      49156 kB
Time pass: 118 sec

---2015-11-17 01:33:16
MemTotal:        1350964 kB
MemFree:          117636 kB
Buffers:            6528 kB
Cached:           497672 kB
SwapCached:            0 kB
Active:           671868 kB
Inactive:         315260 kB
Active(anon):     485004 kB
Inactive(anon):     1284 kB
Active(file):     186864 kB
Inactive(file):   313976 kB
Unevictable:        1988 kB
Mlocked:               0 kB
HighTotal:        802816 kB
HighFree:          44556 kB
LowTotal:         548148 kB
LowFree:           73080 kB
SwapTotal:             0 kB
SwapFree:              0 kB
Dirty:               464 kB
Writeback:             0 kB
AnonPages:        484980 kB
Mapped:           216092 kB
Shmem:              1328 kB
Slab:              33236 kB
SReclaimable:      11832 kB
SUnreclaim:        21404 kB
KernelStack:        9424 kB
PageTables:        20240 kB
NFS_Unstable:          0 kB
Bounce:                0 kB
WritebackTmp:          0 kB
CommitLimit:      675480 kB
Committed_AS:   47621692 kB
VmallocTotal:     253952 kB
VmallocUsed:       94728 kB
VmallocChunk:      49156 kB
Time pass: 122 sec

---2015-11-17 01:33:16
MemTotal:        1350964 kB
MemFree:          106620 kB
Buffers:            6576 kB
Cached:           497988 kB
SwapCached:            0 kB
Active:           674468 kB
Inactive:         315376 kB
Active(anon):     487312 kB
Inactive(anon):     1284 kB
Active(file):     187156 kB
Inactive(file):   314092 kB
Unevictable:        1988 kB
Mlocked:               0 kB
HighTotal:        802816 kB
HighFree:          34972 kB
LowTotal:         548148 kB
LowFree:           71648 kB
SwapTotal:             0 kB
SwapFree:              0 kB
Dirty:               188 kB
Writeback:             0 kB
AnonPages:        487356 kB
Mapped:           216848 kB
Shmem:              1328 kB
Slab:              33372 kB
SReclaimable:      11836 kB
SUnreclaim:        21536 kB
KernelStack:        9432 kB
PageTables:        20268 kB
NFS_Unstable:          0 kB
Bounce:                0 kB
WritebackTmp:          0 kB
CommitLimit:      675480 kB
Committed_AS:   47632300 kB
VmallocTotal:     253952 kB
VmallocUsed:       94728 kB
VmallocChunk:      49156 kB
Time pass: 125 sec

---2015-11-17 01:33:16
MemTotal:        1350964 kB
MemFree:           91948 kB
Buffers:            6576 kB
Cached:           499484 kB
SwapCached:            0 kB
Active:           686008 kB
Inactive:         313892 kB
Active(anon):     496020 kB
Inactive(anon):     1284 kB
Active(file):     189988 kB
Inactive(file):   312608 kB
Unevictable:        1988 kB
Mlocked:               0 kB
HighTotal:        802816 kB
HighFree:          21828 kB
LowTotal:         548148 kB
LowFree:           70120 kB
SwapTotal:             0 kB
SwapFree:              0 kB
Dirty:              2172 kB
Writeback:             0 kB
AnonPages:        496116 kB
Mapped:           216856 kB
Shmem:              1328 kB
Slab:              33360 kB
SReclaimable:      11836 kB
SUnreclaim:        21524 kB
KernelStack:        9432 kB
PageTables:        20288 kB
NFS_Unstable:          0 kB
Bounce:                0 kB
WritebackTmp:          0 kB
CommitLimit:      675480 kB
Committed_AS:   47647260 kB
VmallocTotal:     253952 kB
VmallocUsed:       94728 kB
VmallocChunk:      49156 kB
Time pass: 129 sec

---2015-11-17 01:33:16
MemTotal:        1350964 kB
MemFree:           77176 kB
Buffers:            6584 kB
Cached:           499568 kB
SwapCached:            0 kB
Active:           685296 kB
Inactive:         314012 kB
Active(anon):     495188 kB
Inactive(anon):     1284 kB
Active(file):     190108 kB
Inactive(file):   312728 kB
Unevictable:        1988 kB
Mlocked:               0 kB
HighTotal:        802816 kB
HighFree:          12032 kB
LowTotal:         548148 kB
LowFree:           65144 kB
SwapTotal:             0 kB
SwapFree:              0 kB
Dirty:              2160 kB
Writeback:             0 kB
AnonPages:        495064 kB
Mapped:           217188 kB
Shmem:              1328 kB
Slab:              33372 kB
SReclaimable:      11840 kB
SUnreclaim:        21532 kB
KernelStack:        9432 kB
PageTables:        20328 kB
NFS_Unstable:          0 kB
Bounce:                0 kB
WritebackTmp:          0 kB
CommitLimit:      675480 kB
Committed_AS:   47659532 kB
VmallocTotal:     253952 kB
VmallocUsed:       94728 kB
VmallocChunk:      49156 kB
Time pass: 132 sec

---2015-11-17 01:33:16
MemTotal:        1350964 kB
MemFree:           76928 kB
Buffers:            6592 kB
Cached:           499568 kB
SwapCached:            0 kB
Active:           685300 kB
Inactive:         314012 kB
Active(anon):     495192 kB
Inactive(anon):     1284 kB
Active(file):     190108 kB
Inactive(file):   312728 kB
Unevictable:        1988 kB
Mlocked:               0 kB
HighTotal:        802816 kB
HighFree:          11784 kB
LowTotal:         548148 kB
LowFree:           65144 kB
SwapTotal:             0 kB
SwapFree:              0 kB
Dirty:                 0 kB
Writeback:             0 kB
AnonPages:        495236 kB
Mapped:           217188 kB
Shmem:              1328 kB
Slab:              33400 kB
SReclaimable:      11840 kB
SUnreclaim:        21560 kB
KernelStack:        9432 kB
PageTables:        20328 kB
NFS_Unstable:          0 kB
Bounce:                0 kB
WritebackTmp:          0 kB
CommitLimit:      675480 kB
Committed_AS:   47659396 kB
VmallocTotal:     253952 kB
VmallocUsed:       94728 kB
VmallocChunk:      49156 kB
Time pass: 135 sec

---2015-11-17 01:33:16
MemTotal:        1350964 kB
MemFree:           76928 kB
Buffers:            6592 kB
Cached:           499568 kB
SwapCached:            0 kB
Active:           685336 kB
Inactive:         314020 kB
Active(anon):     495228 kB
Inactive(anon):     1284 kB
Active(file):     190108 kB
Inactive(file):   312736 kB
Unevictable:        1988 kB
Mlocked:               0 kB
HighTotal:        802816 kB
HighFree:          11660 kB
LowTotal:         548148 kB
LowFree:           65268 kB
SwapTotal:             0 kB
SwapFree:              0 kB
Dirty:                 0 kB
Writeback:             0 kB
AnonPages:        495156 kB
Mapped:           217188 kB
Shmem:              1328 kB
Slab:              33396 kB
SReclaimable:      11840 kB
SUnreclaim:        21556 kB
KernelStack:        9432 kB
PageTables:        20328 kB
NFS_Unstable:          0 kB
Bounce:                0 kB
WritebackTmp:          0 kB
CommitLimit:      675480 kB
Committed_AS:   47659428 kB
VmallocTotal:     253952 kB
VmallocUsed:       94728 kB
VmallocChunk:      49156 kB
Time pass: 139 sec

---2015-11-17 01:33:16
MemTotal:        1350964 kB
MemFree:           69408 kB
Buffers:            6600 kB
Cached:           499696 kB
SwapCached:            0 kB
Active:           691464 kB
Inactive:         314060 kB
Active(anon):     501280 kB
Inactive(anon):     1388 kB
Active(file):     190184 kB
Inactive(file):   312672 kB
Unevictable:        1988 kB
Mlocked:               0 kB
HighTotal:        802816 kB
HighFree:           5196 kB
LowTotal:         548148 kB
LowFree:           64212 kB
SwapTotal:             0 kB
SwapFree:              0 kB
Dirty:                60 kB
Writeback:             0 kB
AnonPages:        501176 kB
Mapped:           220056 kB
Shmem:              1452 kB
Slab:              33412 kB
SReclaimable:      11840 kB
SUnreclaim:        21572 kB
KernelStack:        9624 kB
PageTables:        20440 kB
NFS_Unstable:          0 kB
Bounce:                0 kB
WritebackTmp:          0 kB
CommitLimit:      675480 kB
Committed_AS:   47680868 kB
VmallocTotal:     253952 kB
VmallocUsed:       95040 kB
VmallocChunk:      49156 kB
Time pass: 143 sec

---2015-11-17 01:33:16
MemTotal:        1350964 kB
MemFree:           69228 kB
Buffers:            6608 kB
Cached:           499772 kB
SwapCached:            0 kB
Active:           691944 kB
Inactive:         314124 kB
Active(anon):     501760 kB
Inactive(anon):     1448 kB
Active(file):     190184 kB
Inactive(file):   312676 kB
Unevictable:        1988 kB
Mlocked:               0 kB
HighTotal:        802816 kB
HighFree:           4948 kB
LowTotal:         548148 kB
LowFree:           64280 kB
SwapTotal:             0 kB
SwapFree:              0 kB
Dirty:                16 kB
Writeback:             0 kB
AnonPages:        501816 kB
Mapped:           220188 kB
Shmem:              1524 kB
Slab:              33440 kB
SReclaimable:      11844 kB
SUnreclaim:        21596 kB
KernelStack:        9616 kB
PageTables:        20444 kB
NFS_Unstable:          0 kB
Bounce:                0 kB
WritebackTmp:          0 kB
CommitLimit:      675480 kB
Committed_AS:   47680888 kB
VmallocTotal:     253952 kB
VmallocUsed:       95040 kB
VmallocChunk:      49156 kB
Time pass: 146 sec

---2015-11-17 01:33:16
MemTotal:        1350964 kB
MemFree:           67180 kB
Buffers:            6608 kB
Cached:           499772 kB
SwapCached:            0 kB
Active:           693468 kB
Inactive:         314156 kB
Active(anon):     503280 kB
Inactive(anon):     1476 kB
Active(file):     190188 kB
Inactive(file):   312680 kB
Unevictable:        1988 kB
Mlocked:               0 kB
HighTotal:        802816 kB
HighFree:           3436 kB
LowTotal:         548148 kB
LowFree:           63744 kB
SwapTotal:             0 kB
SwapFree:              0 kB
Dirty:                16 kB
Writeback:             0 kB
AnonPages:        503260 kB
Mapped:           220604 kB
Shmem:              1524 kB
Slab:              33460 kB
SReclaimable:      11844 kB
SUnreclaim:        21616 kB
KernelStack:        9616 kB
PageTables:        20444 kB
NFS_Unstable:          0 kB
Bounce:                0 kB
WritebackTmp:          0 kB
CommitLimit:      675480 kB
Committed_AS:   47676696 kB
VmallocTotal:     253952 kB
VmallocUsed:       95260 kB
VmallocChunk:      49156 kB
Time pass: 150 sec

---2015-11-17 01:33:16
MemTotal:        1350964 kB
MemFree:           65964 kB
Buffers:            6616 kB
Cached:           499904 kB
SwapCached:            0 kB
Active:           694112 kB
Inactive:         314204 kB
Active(anon):     503924 kB
Inactive(anon):     1524 kB
Active(file):     190188 kB
Inactive(file):   312680 kB
Unevictable:        1988 kB
Mlocked:               0 kB
HighTotal:        802816 kB
HighFree:           2608 kB
LowTotal:         548148 kB
LowFree:           63356 kB
SwapTotal:             0 kB
SwapFree:              0 kB
Dirty:                 4 kB
Writeback:             0 kB
AnonPages:        503984 kB
Mapped:           220588 kB
Shmem:              1656 kB
Slab:              33452 kB
SReclaimable:      11844 kB
SUnreclaim:        21608 kB
KernelStack:        9648 kB
PageTables:        20468 kB
NFS_Unstable:          0 kB
Bounce:                0 kB
WritebackTmp:          0 kB
CommitLimit:      675480 kB
Committed_AS:   47683704 kB
VmallocTotal:     253952 kB
VmallocUsed:       95376 kB
VmallocChunk:      49156 kB
Time pass: 153 sec

---2015-11-17 01:33:16
MemTotal:        1350964 kB
MemFree:           65608 kB
Buffers:            6632 kB
Cached:           500036 kB
SwapCached:            0 kB
Active:           694240 kB
Inactive:         314444 kB
Active(anon):     504052 kB
Inactive(anon):     1608 kB
Active(file):     190188 kB
Inactive(file):   312836 kB
Unevictable:        1988 kB
Mlocked:               0 kB
HighTotal:        802816 kB
HighFree:           2112 kB
LowTotal:         548148 kB
LowFree:           63496 kB
SwapTotal:             0 kB
SwapFree:              0 kB
Dirty:                 0 kB
Writeback:             0 kB
AnonPages:        504092 kB
Mapped:           220844 kB
Shmem:              1656 kB
Slab:              33476 kB
SReclaimable:      11860 kB
SUnreclaim:        21616 kB
KernelStack:        9648 kB
PageTables:        20468 kB
NFS_Unstable:          0 kB
Bounce:                0 kB
WritebackTmp:          0 kB
CommitLimit:      675480 kB
Committed_AS:   47683736 kB
VmallocTotal:     253952 kB
VmallocUsed:       95376 kB
VmallocChunk:      49156 kB
Time pass: 156 sec

---2015-11-17 01:33:16
MemTotal:        1350964 kB
MemFree:           59036 kB
Buffers:            6640 kB
Cached:           499708 kB
SwapCached:            0 kB
Active:           696384 kB
Inactive:         313968 kB
Active(anon):     506036 kB
Inactive(anon):     1284 kB
Active(file):     190348 kB
Inactive(file):   312684 kB
Unevictable:        1988 kB
Mlocked:               0 kB
HighTotal:        802816 kB
HighFree:           1740 kB
LowTotal:         548148 kB
LowFree:           57296 kB
SwapTotal:             0 kB
SwapFree:              0 kB
Dirty:                40 kB
Writeback:             0 kB
AnonPages:        505956 kB
Mapped:           220316 kB
Shmem:              1328 kB
Slab:              33528 kB
SReclaimable:      11860 kB
SUnreclaim:        21668 kB
KernelStack:        9624 kB
PageTables:        20536 kB
NFS_Unstable:          0 kB
Bounce:                0 kB
WritebackTmp:          0 kB
CommitLimit:      675480 kB
Committed_AS:   47683248 kB
VmallocTotal:     253952 kB
VmallocUsed:       95932 kB
VmallocChunk:      49156 kB
Time pass: 160 sec

---2015-11-17 01:33:16
MemTotal:        1350964 kB
MemFree:           58144 kB
Buffers:            6656 kB
Cached:           499844 kB
SwapCached:            0 kB
Active:           701912 kB
Inactive:         313968 kB
Active(anon):     511560 kB
Inactive(anon):     1284 kB
Active(file):     190352 kB
Inactive(file):   312684 kB
Unevictable:        1988 kB
Mlocked:               0 kB
HighTotal:        802816 kB
HighFree:           1492 kB
LowTotal:         548148 kB
LowFree:           56652 kB
SwapTotal:             0 kB
SwapFree:              0 kB
Dirty:                 0 kB
Writeback:             0 kB
AnonPages:        511780 kB
Mapped:           220616 kB
Shmem:              1328 kB
Slab:              33436 kB
SReclaimable:      11860 kB
SUnreclaim:        21576 kB
KernelStack:        9568 kB
PageTables:        20424 kB
NFS_Unstable:          0 kB
Bounce:                0 kB
WritebackTmp:          0 kB
CommitLimit:      675480 kB
Committed_AS:   47691812 kB
VmallocTotal:     253952 kB
VmallocUsed:       95712 kB
VmallocChunk:      49156 kB
Time pass: 163 sec

---2015-11-17 01:33:16
MemTotal:        1350964 kB
MemFree:           51276 kB
Buffers:            6688 kB
Cached:           499892 kB
SwapCached:            0 kB
Active:           706988 kB
Inactive:         314184 kB
Active(anon):     516636 kB
Inactive(anon):     1468 kB
Active(file):     190352 kB
Inactive(file):   312716 kB
Unevictable:        1988 kB
Mlocked:               0 kB
HighTotal:        802816 kB
HighFree:           1492 kB
LowTotal:         548148 kB
LowFree:           49784 kB
SwapTotal:             0 kB
SwapFree:              0 kB
Dirty:                44 kB
Writeback:             0 kB
AnonPages:        516768 kB
Mapped:           220844 kB
Shmem:              1524 kB
Slab:              33464 kB
SReclaimable:      11860 kB
SUnreclaim:        21604 kB
KernelStack:        9688 kB
PageTables:        20560 kB
NFS_Unstable:          0 kB
Bounce:                0 kB
WritebackTmp:          0 kB
CommitLimit:      675480 kB
Committed_AS:   47698316 kB
VmallocTotal:     253952 kB
VmallocUsed:       95712 kB
VmallocChunk:      49156 kB
Time pass: 167 sec

---2015-11-17 01:33:16
MemTotal:        1350964 kB
MemFree:           48548 kB
Buffers:            6720 kB
Cached:           499968 kB
SwapCached:            0 kB
Active:           709968 kB
Inactive:         314300 kB
Active(anon):     519616 kB
Inactive(anon):     1552 kB
Active(file):     190352 kB
Inactive(file):   312748 kB
Unevictable:        1988 kB
Mlocked:               0 kB
HighTotal:        802816 kB
HighFree:           1616 kB
LowTotal:         548148 kB
LowFree:           46932 kB
SwapTotal:             0 kB
SwapFree:              0 kB
Dirty:                36 kB
Writeback:             0 kB
AnonPages:        519732 kB
Mapped:           220772 kB
Shmem:              1600 kB
Slab:              33512 kB
SReclaimable:      11860 kB
SUnreclaim:        21652 kB
KernelStack:        9696 kB
PageTables:        20564 kB
NFS_Unstable:          0 kB
Bounce:                0 kB
WritebackTmp:          0 kB
CommitLimit:      675480 kB
Committed_AS:   47701600 kB
VmallocTotal:     253952 kB
VmallocUsed:       95712 kB
VmallocChunk:      49156 kB
Time pass: 171 sec

---2015-11-17 01:33:16
MemTotal:        1350964 kB
MemFree:           48840 kB
Buffers:            6720 kB
Cached:           499984 kB
SwapCached:            0 kB
Active:           709648 kB
Inactive:         314316 kB
Active(anon):     519296 kB
Inactive(anon):     1552 kB
Active(file):     190352 kB
Inactive(file):   312764 kB
Unevictable:        1988 kB
Mlocked:               0 kB
HighTotal:        802816 kB
HighFree:           1492 kB
LowTotal:         548148 kB
LowFree:           47348 kB
SwapTotal:             0 kB
SwapFree:              0 kB
Dirty:                 0 kB
Writeback:             0 kB
AnonPages:        519252 kB
Mapped:           220872 kB
Shmem:              1600 kB
Slab:              33696 kB
SReclaimable:      11860 kB
SUnreclaim:        21836 kB
KernelStack:        9664 kB
PageTables:        20548 kB
NFS_Unstable:          0 kB
Bounce:                0 kB
WritebackTmp:          0 kB
CommitLimit:      675480 kB
Committed_AS:   47700424 kB
VmallocTotal:     253952 kB
VmallocUsed:       95712 kB
VmallocChunk:      49156 kB
Time pass: 175 sec

---2015-11-17 01:33:16
MemTotal:        1350964 kB
MemFree:           48236 kB
Buffers:            6744 kB
Cached:           499984 kB
SwapCached:            0 kB
Active:           710236 kB
Inactive:         314324 kB
Active(anon):     519884 kB
Inactive(anon):     1552 kB
Active(file):     190352 kB
Inactive(file):   312772 kB
Unevictable:        1988 kB
Mlocked:               0 kB
HighTotal:        802816 kB
HighFree:           1492 kB
LowTotal:         548148 kB
LowFree:           46744 kB
SwapTotal:             0 kB
SwapFree:              0 kB
Dirty:                36 kB
Writeback:             0 kB
AnonPages:        519848 kB
Mapped:           220920 kB
Shmem:              1600 kB
Slab:              33644 kB
SReclaimable:      11860 kB
SUnreclaim:        21784 kB
KernelStack:        9672 kB
PageTables:        20568 kB
NFS_Unstable:          0 kB
Bounce:                0 kB
WritebackTmp:          0 kB
CommitLimit:      675480 kB
Committed_AS:   47700620 kB
VmallocTotal:     253952 kB
VmallocUsed:       95712 kB
VmallocChunk:      49156 kB
Time pass: 178 sec

---2015-11-17 01:33:16
MemTotal:        1350964 kB
MemFree:           48300 kB
Buffers:            6760 kB
Cached:           500020 kB
SwapCached:            0 kB
Active:           710716 kB
Inactive:         314340 kB
Active(anon):     520360 kB
Inactive(anon):     1552 kB
Active(file):     190356 kB
Inactive(file):   312788 kB
Unevictable:        1988 kB
Mlocked:               0 kB
HighTotal:        802816 kB
HighFree:           1492 kB
LowTotal:         548148 kB
LowFree:           46808 kB
SwapTotal:             0 kB
SwapFree:              0 kB
Dirty:                48 kB
Writeback:             4 kB
AnonPages:        520340 kB
Mapped:           220884 kB
Shmem:              1632 kB
Slab:              33572 kB
SReclaimable:      11860 kB
SUnreclaim:        21712 kB
KernelStack:        9648 kB
PageTables:        20564 kB
NFS_Unstable:          0 kB
Bounce:                0 kB
WritebackTmp:          0 kB
CommitLimit:      675480 kB
Committed_AS:   47700752 kB
VmallocTotal:     253952 kB
VmallocUsed:       95712 kB
VmallocChunk:      49156 kB
Time pass: 182 sec

---2015-11-17 01:33:16
MemTotal:        1350964 kB
MemFree:           48232 kB
Buffers:            6760 kB
Cached:           500016 kB
SwapCached:            0 kB
Active:           709400 kB
Inactive:         314388 kB
Active(anon):     519048 kB
Inactive(anon):     1584 kB
Active(file):     190352 kB
Inactive(file):   312804 kB
Unevictable:        1988 kB
Mlocked:               0 kB
HighTotal:        802816 kB
HighFree:           1492 kB
LowTotal:         548148 kB
LowFree:           46740 kB
SwapTotal:             0 kB
SwapFree:              0 kB
Dirty:                 0 kB
Writeback:             0 kB
AnonPages:        518892 kB
Mapped:           220804 kB
Shmem:              1632 kB
Slab:              33480 kB
SReclaimable:      11860 kB
SUnreclaim:        21620 kB
KernelStack:        9656 kB
PageTables:        20564 kB
NFS_Unstable:          0 kB
Bounce:                0 kB
WritebackTmp:          0 kB
CommitLimit:      675480 kB
Committed_AS:   47699548 kB
VmallocTotal:     253952 kB
VmallocUsed:       95712 kB
VmallocChunk:      49156 kB
Time pass: 185 sec

---2015-11-17 01:33:16
MemTotal:        1350964 kB
MemFree:           48508 kB
Buffers:            6768 kB
Cached:           500016 kB
SwapCached:            0 kB
Active:           709556 kB
Inactive:         314388 kB
Active(anon):     519204 kB
Inactive(anon):     1584 kB
Active(file):     190352 kB
Inactive(file):   312804 kB
Unevictable:        1988 kB
Mlocked:               0 kB
HighTotal:        802816 kB
HighFree:           1864 kB
LowTotal:         548148 kB
LowFree:           46644 kB
SwapTotal:             0 kB
SwapFree:              0 kB
Dirty:                28 kB
Writeback:             0 kB
AnonPages:        519120 kB
Mapped:           220952 kB
Shmem:              1632 kB
Slab:              33572 kB
SReclaimable:      11860 kB
SUnreclaim:        21712 kB
KernelStack:        9656 kB
PageTables:        20564 kB
NFS_Unstable:          0 kB
Bounce:                0 kB
WritebackTmp:          0 kB
CommitLimit:      675480 kB
Committed_AS:   47700732 kB
VmallocTotal:     253952 kB
VmallocUsed:       95712 kB
VmallocChunk:      49156 kB
Time pass: 189 sec

---2015-11-17 01:33:16
MemTotal:        1350964 kB
MemFree:           48092 kB
Buffers:            6784 kB
Cached:           500016 kB
SwapCached:            0 kB
Active:           709676 kB
Inactive:         314412 kB
Active(anon):     519324 kB
Inactive(anon):     1584 kB
Active(file):     190352 kB
Inactive(file):   312828 kB
Unevictable:        1988 kB
Mlocked:               0 kB
HighTotal:        802816 kB
HighFree:           1492 kB
LowTotal:         548148 kB
LowFree:           46600 kB
SwapTotal:             0 kB
SwapFree:              0 kB
Dirty:                40 kB
Writeback:             0 kB
AnonPages:        519212 kB
Mapped:           220804 kB
Shmem:              1632 kB
Slab:              33572 kB
SReclaimable:      11860 kB
SUnreclaim:        21712 kB
KernelStack:        9656 kB
PageTables:        20564 kB
NFS_Unstable:          0 kB
Bounce:                0 kB
WritebackTmp:          0 kB
CommitLimit:      675480 kB
Committed_AS:   47700672 kB
VmallocTotal:     253952 kB
VmallocUsed:       95712 kB
VmallocChunk:      49156 kB
Time pass: 192 sec

---2015-11-17 01:33:16
MemTotal:        1350964 kB
MemFree:           47284 kB
Buffers:            6792 kB
Cached:           500008 kB
SwapCached:            0 kB
Active:           709868 kB
Inactive:         314412 kB
Active(anon):     519516 kB
Inactive(anon):     1584 kB
Active(file):     190352 kB
Inactive(file):   312828 kB
Unevictable:        1988 kB
Mlocked:               0 kB
HighTotal:        802816 kB
HighFree:           1492 kB
LowTotal:         548148 kB
LowFree:           45792 kB
SwapTotal:             0 kB
SwapFree:              0 kB
Dirty:                 0 kB
Writeback:             0 kB
AnonPages:        519384 kB
Mapped:           220804 kB
Shmem:              1632 kB
Slab:              33516 kB
SReclaimable:      11860 kB
SUnreclaim:        21656 kB
KernelStack:        9648 kB
PageTables:        20568 kB
NFS_Unstable:          0 kB
Bounce:                0 kB
WritebackTmp:          0 kB
CommitLimit:      675480 kB
Committed_AS:   47700804 kB
VmallocTotal:     253952 kB
VmallocUsed:       95712 kB
VmallocChunk:      49156 kB
Time pass: 196 sec

---2015-11-17 01:33:16
MemTotal:        1350964 kB
MemFree:           47192 kB
Buffers:            6808 kB
Cached:           500016 kB
SwapCached:            0 kB
Active:           709872 kB
Inactive:         314436 kB
Active(anon):     519520 kB
Inactive(anon):     1584 kB
Active(file):     190352 kB
Inactive(file):   312852 kB
Unevictable:        1988 kB
Mlocked:               0 kB
HighTotal:        802816 kB
HighFree:           2112 kB
LowTotal:         548148 kB
LowFree:           45080 kB
SwapTotal:             0 kB
SwapFree:              0 kB
Dirty:                36 kB
Writeback:             0 kB
AnonPages:        519384 kB
Mapped:           220804 kB
Shmem:              1632 kB
Slab:              33512 kB
SReclaimable:      11860 kB
SUnreclaim:        21652 kB
KernelStack:        9648 kB
PageTables:        20564 kB
NFS_Unstable:          0 kB
Bounce:                0 kB
WritebackTmp:          0 kB
CommitLimit:      675480 kB
Committed_AS:   47700708 kB
VmallocTotal:     253952 kB
VmallocUsed:       95712 kB
VmallocChunk:      49156 kB
Time pass: 199 sec

---2015-11-17 01:33:16
MemTotal:        1350964 kB
MemFree:           47452 kB
Buffers:            6808 kB
Cached:           500016 kB
SwapCached:            0 kB
Active:           710296 kB
Inactive:         314436 kB
Active(anon):     519944 kB
Inactive(anon):     1584 kB
Active(file):     190352 kB
Inactive(file):   312852 kB
Unevictable:        1988 kB
Mlocked:               0 kB
HighTotal:        802816 kB
HighFree:           2412 kB
LowTotal:         548148 kB
LowFree:           45040 kB
SwapTotal:             0 kB
SwapFree:              0 kB
Dirty:                 0 kB
Writeback:             0 kB
AnonPages:        520004 kB
Mapped:           220956 kB
Shmem:              1632 kB
Slab:              33584 kB
SReclaimable:      11860 kB
SUnreclaim:        21724 kB
KernelStack:        9656 kB
PageTables:        20568 kB
NFS_Unstable:          0 kB
Bounce:                0 kB
WritebackTmp:          0 kB
CommitLimit:      675480 kB
Committed_AS:   47701016 kB
VmallocTotal:     253952 kB
VmallocUsed:       95712 kB
VmallocChunk:      49156 kB
Time pass: 203 sec

---2015-11-17 01:33:16
MemTotal:        1350964 kB
MemFree:           46964 kB
Buffers:            6832 kB
Cached:           500016 kB
SwapCached:            0 kB
Active:           710256 kB
Inactive:         314460 kB
Active(anon):     519904 kB
Inactive(anon):     1584 kB
Active(file):     190352 kB
Inactive(file):   312876 kB
Unevictable:        1988 kB
Mlocked:               0 kB
HighTotal:        802816 kB
HighFree:           1544 kB
LowTotal:         548148 kB
LowFree:           45420 kB
SwapTotal:             0 kB
SwapFree:              0 kB
Dirty:                40 kB
Writeback:             0 kB
AnonPages:        519840 kB
Mapped:           220952 kB
Shmem:              1632 kB
Slab:              33624 kB
SReclaimable:      11860 kB
SUnreclaim:        21764 kB
KernelStack:        9656 kB
PageTables:        20564 kB
NFS_Unstable:          0 kB
Bounce:                0 kB
WritebackTmp:          0 kB
CommitLimit:      675480 kB
Committed_AS:   47700908 kB
VmallocTotal:     253952 kB
VmallocUsed:       95712 kB
VmallocChunk:      49156 kB
Time pass: 206 sec

---2015-11-17 01:33:16
MemTotal:        1350964 kB
MemFree:           47068 kB
Buffers:            6832 kB
Cached:           500016 kB
SwapCached:            0 kB
Active:           710836 kB
Inactive:         314460 kB
Active(anon):     520484 kB
Inactive(anon):     1584 kB
Active(file):     190352 kB
Inactive(file):   312876 kB
Unevictable:        1988 kB
Mlocked:               0 kB
HighTotal:        802816 kB
HighFree:           1492 kB
LowTotal:         548148 kB
LowFree:           45576 kB
SwapTotal:             0 kB
SwapFree:              0 kB
Dirty:                 4 kB
Writeback:             0 kB
AnonPages:        520480 kB
Mapped:           220904 kB
Shmem:              1632 kB
Slab:              33584 kB
SReclaimable:      11860 kB
SUnreclaim:        21724 kB
KernelStack:        9624 kB
PageTables:        20552 kB
NFS_Unstable:          0 kB
Bounce:                0 kB
WritebackTmp:          0 kB
CommitLimit:      675480 kB
Committed_AS:   47702052 kB
VmallocTotal:     253952 kB
VmallocUsed:       95712 kB
VmallocChunk:      49156 kB
Time pass: 210 sec

---2015-11-17 01:33:16
MemTotal:        1350964 kB
MemFree:           48092 kB
Buffers:            6848 kB
Cached:           500016 kB
SwapCached:            0 kB
Active:           710436 kB
Inactive:         314476 kB
Active(anon):     520084 kB
Inactive(anon):     1584 kB
Active(file):     190352 kB
Inactive(file):   312892 kB
Unevictable:        1988 kB
Mlocked:               0 kB
HighTotal:        802816 kB
HighFree:           1492 kB
LowTotal:         548148 kB
LowFree:           46600 kB
SwapTotal:             0 kB
SwapFree:              0 kB
Dirty:                 0 kB
Writeback:            52 kB
AnonPages:        519880 kB
Mapped:           220804 kB
Shmem:              1632 kB
Slab:              33496 kB
SReclaimable:      11860 kB
SUnreclaim:        21636 kB
KernelStack:        9648 kB
PageTables:        20564 kB
NFS_Unstable:          0 kB
Bounce:                0 kB
WritebackTmp:          0 kB
CommitLimit:      675480 kB
Committed_AS:   47700904 kB
VmallocTotal:     253952 kB
VmallocUsed:       95712 kB
VmallocChunk:      49156 kB
Time pass: 213 sec

---2015-11-17 01:33:16
MemTotal:        1350964 kB
MemFree:           44716 kB
Buffers:            6892 kB
Cached:           500188 kB
SwapCached:            0 kB
Active:           713404 kB
Inactive:         314644 kB
Active(anon):     523052 kB
Inactive(anon):     1584 kB
Active(file):     190352 kB
Inactive(file):   313060 kB
Unevictable:        1988 kB
Mlocked:               0 kB
HighTotal:        802816 kB
HighFree:           1492 kB
LowTotal:         548148 kB
LowFree:           43224 kB
SwapTotal:             0 kB
SwapFree:              0 kB
Dirty:                40 kB
Writeback:             0 kB
AnonPages:        523028 kB
Mapped:           221120 kB
Shmem:              1632 kB
Slab:              33584 kB
SReclaimable:      11860 kB
SUnreclaim:        21724 kB
KernelStack:        9744 kB
PageTables:        20812 kB
NFS_Unstable:          0 kB
Bounce:                0 kB
WritebackTmp:          0 kB
CommitLimit:      675480 kB
Committed_AS:   48491400 kB
VmallocTotal:     253952 kB
VmallocUsed:       96732 kB
VmallocChunk:      49156 kB
Time pass: 217 sec

---2015-11-17 01:33:16
MemTotal:        1350964 kB
MemFree:           44372 kB
Buffers:            6908 kB
Cached:           500348 kB
SwapCached:            0 kB
Active:           713444 kB
Inactive:         314856 kB
Active(anon):     523084 kB
Inactive(anon):     1584 kB
Active(file):     190360 kB
Inactive(file):   313272 kB
Unevictable:        1988 kB
Mlocked:               0 kB
HighTotal:        802816 kB
HighFree:           1492 kB
LowTotal:         548148 kB
LowFree:           42880 kB
SwapTotal:             0 kB
SwapFree:              0 kB
Dirty:                16 kB
Writeback:             0 kB
AnonPages:        523112 kB
Mapped:           221168 kB
Shmem:              1632 kB
Slab:              33772 kB
SReclaimable:      11864 kB
SUnreclaim:        21908 kB
KernelStack:        9736 kB
PageTables:        20828 kB
NFS_Unstable:          0 kB
Bounce:                0 kB
WritebackTmp:          0 kB
CommitLimit:      675480 kB
Committed_AS:   48491392 kB
VmallocTotal:     253952 kB
VmallocUsed:       96732 kB
VmallocChunk:      49156 kB
Time pass: 220 sec

---2015-11-17 01:33:16
MemTotal:        1350964 kB
MemFree:           43876 kB
Buffers:            6916 kB
Cached:           500340 kB
SwapCached:            0 kB
Active:           713500 kB
Inactive:         314856 kB
Active(anon):     523136 kB
Inactive(anon):     1584 kB
Active(file):     190364 kB
Inactive(file):   313272 kB
Unevictable:        1988 kB
Mlocked:               0 kB
HighTotal:        802816 kB
HighFree:           1492 kB
LowTotal:         548148 kB
LowFree:           42384 kB
SwapTotal:             0 kB
SwapFree:              0 kB
Dirty:                 0 kB
Writeback:            16 kB
AnonPages:        523176 kB
Mapped:           221168 kB
Shmem:              1632 kB
Slab:              33788 kB
SReclaimable:      11864 kB
SUnreclaim:        21924 kB
KernelStack:        9736 kB
PageTables:        20828 kB
NFS_Unstable:          0 kB
Bounce:                0 kB
WritebackTmp:          0 kB
CommitLimit:      675480 kB
Committed_AS:   48491352 kB
VmallocTotal:     253952 kB
VmallocUsed:       96732 kB
VmallocChunk:      49156 kB
Time pass: 224 sec

---2015-11-17 01:33:16
MemTotal:        1350964 kB
MemFree:           44248 kB
Buffers:            6932 kB
Cached:           500348 kB
SwapCached:            0 kB
Active:           713600 kB
Inactive:         314868 kB
Active(anon):     523236 kB
Inactive(anon):     1584 kB
Active(file):     190364 kB
Inactive(file):   313284 kB
Unevictable:        1988 kB
Mlocked:               0 kB
HighTotal:        802816 kB
HighFree:           1492 kB
LowTotal:         548148 kB
LowFree:           42756 kB
SwapTotal:             0 kB
SwapFree:              0 kB
Dirty:                56 kB
Writeback:             0 kB
AnonPages:        523092 kB
Mapped:           221168 kB
Shmem:              1632 kB
Slab:              33764 kB
SReclaimable:      11864 kB
SUnreclaim:        21900 kB
KernelStack:        9736 kB
PageTables:        20828 kB
NFS_Unstable:          0 kB
Bounce:                0 kB
WritebackTmp:          0 kB
CommitLimit:      675480 kB
Committed_AS:   48491364 kB
VmallocTotal:     253952 kB
VmallocUsed:       96732 kB
VmallocChunk:      49156 kB
Time pass: 227 sec

---2015-11-17 01:33:16
MemTotal:        1350964 kB
MemFree:           43576 kB
Buffers:            6932 kB
Cached:           500348 kB
SwapCached:            0 kB
Active:           713888 kB
Inactive:         314880 kB
Active(anon):     523524 kB
Inactive(anon):     1584 kB
Active(file):     190364 kB
Inactive(file):   313296 kB
Unevictable:        1988 kB
Mlocked:               0 kB
HighTotal:        802816 kB
HighFree:           1492 kB
LowTotal:         548148 kB
LowFree:           42084 kB
SwapTotal:             0 kB
SwapFree:              0 kB
Dirty:                 4 kB
Writeback:             0 kB
AnonPages:        523476 kB
Mapped:           221168 kB
Shmem:              1632 kB
Slab:              33764 kB
SReclaimable:      11864 kB
SUnreclaim:        21900 kB
KernelStack:        9744 kB
PageTables:        20824 kB
NFS_Unstable:          0 kB
Bounce:                0 kB
WritebackTmp:          0 kB
CommitLimit:      675480 kB
Committed_AS:   48491460 kB
VmallocTotal:     253952 kB
VmallocUsed:       96732 kB
VmallocChunk:      49156 kB
Time pass: 231 sec

---2015-11-17 01:33:16
MemTotal:        1350964 kB
MemFree:           42396 kB
Buffers:            7004 kB
Cached:           500308 kB
SwapCached:            0 kB
Active:           714388 kB
Inactive:         314912 kB
Active(anon):     524024 kB
Inactive(anon):     1584 kB
Active(file):     190364 kB
Inactive(file):   313328 kB
Unevictable:        1988 kB
Mlocked:               0 kB
HighTotal:        802816 kB
HighFree:           1592 kB
LowTotal:         548148 kB
LowFree:           40804 kB
SwapTotal:             0 kB
SwapFree:              0 kB
Dirty:                60 kB
Writeback:             0 kB
AnonPages:        524120 kB
Mapped:           221168 kB
Shmem:              1632 kB
Slab:              33824 kB
SReclaimable:      11880 kB
SUnreclaim:        21944 kB
KernelStack:        9696 kB
PageTables:        20820 kB
NFS_Unstable:          0 kB
Bounce:                0 kB
WritebackTmp:          0 kB
CommitLimit:      675480 kB
Committed_AS:   48493680 kB
VmallocTotal:     253952 kB
VmallocUsed:       96732 kB
VmallocChunk:      49156 kB
Time pass: 234 sec

---2015-11-17 01:33:16
MemTotal:        1350964 kB
MemFree:           42336 kB
Buffers:            7004 kB
Cached:           500452 kB
SwapCached:            0 kB
Active:           714900 kB
Inactive:         315056 kB
Active(anon):     524536 kB
Inactive(anon):     1584 kB
Active(file):     190364 kB
Inactive(file):   313472 kB
Unevictable:        1988 kB
Mlocked:               0 kB
HighTotal:        802816 kB
HighFree:           1616 kB
LowTotal:         548148 kB
LowFree:           40720 kB
SwapTotal:             0 kB
SwapFree:              0 kB
Dirty:                88 kB
Writeback:             0 kB
AnonPages:        524488 kB
Mapped:           221056 kB
Shmem:              1632 kB
Slab:              33792 kB
SReclaimable:      11884 kB
SUnreclaim:        21908 kB
KernelStack:        9704 kB
PageTables:        20832 kB
NFS_Unstable:          0 kB
Bounce:                0 kB
WritebackTmp:          0 kB
CommitLimit:      675480 kB
Committed_AS:   48492872 kB
VmallocTotal:     253952 kB
VmallocUsed:       96732 kB
VmallocChunk:      49156 kB
Time pass: 237 sec

---2015-11-17 01:33:16
MemTotal:        1350964 kB
MemFree:           42148 kB
Buffers:            7012 kB
Cached:           500456 kB
SwapCached:            0 kB
Active:           714712 kB
Inactive:         315056 kB
Active(anon):     524348 kB
Inactive(anon):     1584 kB
Active(file):     190364 kB
Inactive(file):   313472 kB
Unevictable:        1988 kB
Mlocked:               0 kB
HighTotal:        802816 kB
HighFree:           1616 kB
LowTotal:         548148 kB
LowFree:           40532 kB
SwapTotal:             0 kB
SwapFree:              0 kB
Dirty:                24 kB
Writeback:             0 kB
AnonPages:        524416 kB
Mapped:           221204 kB
Shmem:              1632 kB
Slab:              33760 kB
SReclaimable:      11884 kB
SUnreclaim:        21876 kB
KernelStack:        9704 kB
PageTables:        20836 kB
NFS_Unstable:          0 kB
Bounce:                0 kB
WritebackTmp:          0 kB
CommitLimit:      675480 kB
Committed_AS:   48491576 kB
VmallocTotal:     253952 kB
VmallocUsed:       96732 kB
VmallocChunk:      49156 kB
Time pass: 241 sec

---2015-11-17 01:33:16
MemTotal:        1350964 kB
MemFree:           41632 kB
Buffers:            7028 kB
Cached:           500456 kB
SwapCached:            0 kB
Active:           714716 kB
Inactive:         315068 kB
Active(anon):     524352 kB
Inactive(anon):     1584 kB
Active(file):     190364 kB
Inactive(file):   313484 kB
Unevictable:        1988 kB
Mlocked:               0 kB
HighTotal:        802816 kB
HighFree:           1492 kB
LowTotal:         548148 kB
LowFree:           40140 kB
SwapTotal:             0 kB
SwapFree:              0 kB
Dirty:                64 kB
Writeback:             0 kB
AnonPages:        524360 kB
Mapped:           221056 kB
Shmem:              1632 kB
Slab:              33684 kB
SReclaimable:      11884 kB
SUnreclaim:        21800 kB
KernelStack:        9704 kB
PageTables:        20836 kB
NFS_Unstable:          0 kB
Bounce:                0 kB
WritebackTmp:          0 kB
CommitLimit:      675480 kB
Committed_AS:   48491608 kB
VmallocTotal:     253952 kB
VmallocUsed:       96732 kB
VmallocChunk:      49156 kB
Time pass: 244 sec

---2015-11-17 01:33:16
MemTotal:        1350964 kB
MemFree:           41060 kB
Buffers:            7036 kB
Cached:           500464 kB
SwapCached:            0 kB
Active:           714984 kB
Inactive:         315080 kB
Active(anon):     524616 kB
Inactive(anon):     1584 kB
Active(file):     190368 kB
Inactive(file):   313496 kB
Unevictable:        1988 kB
Mlocked:               0 kB
HighTotal:        802816 kB
HighFree:           1492 kB
LowTotal:         548148 kB
LowFree:           39568 kB
SwapTotal:             0 kB
SwapFree:              0 kB
Dirty:                40 kB
Writeback:             0 kB
AnonPages:        524552 kB
Mapped:           221212 kB
Shmem:              1640 kB
Slab:              33676 kB
SReclaimable:      11884 kB
SUnreclaim:        21792 kB
KernelStack:        9680 kB
PageTables:        20828 kB
NFS_Unstable:          0 kB
Bounce:                0 kB
WritebackTmp:          0 kB
CommitLimit:      675480 kB
Committed_AS:   48491800 kB
VmallocTotal:     253952 kB
VmallocUsed:       96732 kB
VmallocChunk:      49156 kB
Time pass: 248 sec

---2015-11-17 01:33:16
MemTotal:        1350964 kB
MemFree:           41156 kB
Buffers:            7052 kB
Cached:           500512 kB
SwapCached:            0 kB
Active:           714280 kB
Inactive:         315128 kB
Active(anon):     523912 kB
Inactive(anon):     1608 kB
Active(file):     190368 kB
Inactive(file):   313520 kB
Unevictable:        1988 kB
Mlocked:               0 kB
HighTotal:        802816 kB
HighFree:           1716 kB
LowTotal:         548148 kB
LowFree:           39440 kB
SwapTotal:             0 kB
SwapFree:              0 kB
Dirty:                 4 kB
Writeback:             0 kB
AnonPages:        523800 kB
Mapped:           221260 kB
Shmem:              1688 kB
Slab:              33732 kB
SReclaimable:      11884 kB
SUnreclaim:        21848 kB
KernelStack:        9680 kB
PageTables:        20824 kB
NFS_Unstable:          0 kB
Bounce:                0 kB
WritebackTmp:          0 kB
CommitLimit:      675480 kB
Committed_AS:   48491844 kB
VmallocTotal:     253952 kB
VmallocUsed:       96732 kB
VmallocChunk:      49156 kB
Time pass: 251 sec

---2015-11-17 01:33:16
MemTotal:        1350964 kB
MemFree:           41560 kB
Buffers:            7068 kB
Cached:           500580 kB
SwapCached:            0 kB
Active:           714400 kB
Inactive:         315216 kB
Active(anon):     524032 kB
Inactive(anon):     1696 kB
Active(file):     190368 kB
Inactive(file):   313520 kB
Unevictable:        1988 kB
Mlocked:               0 kB
HighTotal:        802816 kB
HighFree:           1492 kB
LowTotal:         548148 kB
LowFree:           40068 kB
SwapTotal:             0 kB
SwapFree:              0 kB
Dirty:                48 kB
Writeback:             0 kB
AnonPages:        524064 kB
Mapped:           221328 kB
Shmem:              1756 kB
Slab:              33792 kB
SReclaimable:      11884 kB
SUnreclaim:        21908 kB
KernelStack:        9680 kB
PageTables:        20828 kB
NFS_Unstable:          0 kB
Bounce:                0 kB
WritebackTmp:          0 kB
CommitLimit:      675480 kB
Committed_AS:   48491800 kB
VmallocTotal:     253952 kB
VmallocUsed:       96732 kB
VmallocChunk:      49156 kB
Time pass: 255 sec

---2015-11-17 01:33:16
MemTotal:        1350964 kB
MemFree:           41492 kB
Buffers:            7068 kB
Cached:           500580 kB
SwapCached:            0 kB
Active:           714468 kB
Inactive:         315244 kB
Active(anon):     524100 kB
Inactive(anon):     1708 kB
Active(file):     190368 kB
Inactive(file):   313536 kB
Unevictable:        1988 kB
Mlocked:               0 kB
HighTotal:        802816 kB
HighFree:           1492 kB
LowTotal:         548148 kB
LowFree:           40000 kB
SwapTotal:             0 kB
SwapFree:              0 kB
Dirty:                44 kB
Writeback:             0 kB
AnonPages:        524076 kB
Mapped:           221328 kB
Shmem:              1756 kB
Slab:              33656 kB
SReclaimable:      11884 kB
SUnreclaim:        21772 kB
KernelStack:        9688 kB
PageTables:        20832 kB
NFS_Unstable:          0 kB
Bounce:                0 kB
WritebackTmp:          0 kB
CommitLimit:      675480 kB
Committed_AS:   48491768 kB
VmallocTotal:     253952 kB
VmallocUsed:       96732 kB
VmallocChunk:      49156 kB
Time pass: 258 sec

---2015-11-17 01:33:16
MemTotal:        1350964 kB
MemFree:           41088 kB
Buffers:            7092 kB
Cached:           500580 kB
SwapCached:            0 kB
Active:           714484 kB
Inactive:         315268 kB
Active(anon):     524116 kB
Inactive(anon):     1708 kB
Active(file):     190368 kB
Inactive(file):   313560 kB
Unevictable:        1988 kB
Mlocked:               0 kB
HighTotal:        802816 kB
HighFree:           1492 kB
LowTotal:         548148 kB
LowFree:           39596 kB
SwapTotal:             0 kB
SwapFree:              0 kB
Dirty:                40 kB
Writeback:             0 kB
AnonPages:        524160 kB
Mapped:           221280 kB
Shmem:              1756 kB
Slab:              33744 kB
SReclaimable:      11884 kB
SUnreclaim:        21860 kB
KernelStack:        9688 kB
PageTables:        20816 kB
NFS_Unstable:          0 kB
Bounce:                0 kB
WritebackTmp:          0 kB
CommitLimit:      675480 kB
Committed_AS:   48491796 kB
VmallocTotal:     253952 kB
VmallocUsed:       96732 kB
VmallocChunk:      49156 kB
Time pass: 262 sec

---2015-11-17 01:33:16
MemTotal:        1350964 kB
MemFree:           40512 kB
Buffers:            7092 kB
Cached:           500584 kB
SwapCached:            0 kB
Active:           714664 kB
Inactive:         315272 kB
Active(anon):     524296 kB
Inactive(anon):     1708 kB
Active(file):     190368 kB
Inactive(file):   313564 kB
Unevictable:        1988 kB
Mlocked:               0 kB
HighTotal:        802816 kB
HighFree:           1492 kB
LowTotal:         548148 kB
LowFree:           39020 kB
SwapTotal:             0 kB
SwapFree:              0 kB
Dirty:                48 kB
Writeback:             0 kB
AnonPages:        524244 kB
Mapped:           221328 kB
Shmem:              1756 kB
Slab:              33840 kB
SReclaimable:      11884 kB
SUnreclaim:        21956 kB
KernelStack:        9680 kB
PageTables:        20832 kB
NFS_Unstable:          0 kB
Bounce:                0 kB
WritebackTmp:          0 kB
CommitLimit:      675480 kB
Committed_AS:   48491796 kB
VmallocTotal:     253952 kB
VmallocUsed:       96732 kB
VmallocChunk:      49156 kB
Time pass: 265 sec

---2015-11-17 01:33:16
MemTotal:        1350964 kB
MemFree:           40788 kB
Buffers:            7104 kB
Cached:           500584 kB
SwapCached:            0 kB
Active:           714652 kB
Inactive:         315272 kB
Active(anon):     524280 kB
Inactive(anon):     1708 kB
Active(file):     190372 kB
Inactive(file):   313564 kB
Unevictable:        1988 kB
Mlocked:               0 kB
HighTotal:        802816 kB
HighFree:           1492 kB
LowTotal:         548148 kB
LowFree:           39296 kB
SwapTotal:             0 kB
SwapFree:              0 kB
Dirty:                44 kB
Writeback:             0 kB
AnonPages:        524136 kB
Mapped:           221180 kB
Shmem:              1756 kB
Slab:              33692 kB
SReclaimable:      11884 kB
SUnreclaim:        21808 kB
KernelStack:        9680 kB
PageTables:        20832 kB
NFS_Unstable:          0 kB
Bounce:                0 kB
WritebackTmp:          0 kB
CommitLimit:      675480 kB
Committed_AS:   48491812 kB
VmallocTotal:     253952 kB
VmallocUsed:       96732 kB
VmallocChunk:      49156 kB
Time pass: 269 sec

---2015-11-17 01:33:16
MemTotal:        1350964 kB
MemFree:           42136 kB
Buffers:            7120 kB
Cached:           500584 kB
SwapCached:            0 kB
Active:           714740 kB
Inactive:         315296 kB
Active(anon):     524368 kB
Inactive(anon):     1708 kB
Active(file):     190372 kB
Inactive(file):   313588 kB
Unevictable:        1988 kB
Mlocked:               0 kB
HighTotal:        802816 kB
HighFree:           2980 kB
LowTotal:         548148 kB
LowFree:           39156 kB
SwapTotal:             0 kB
SwapFree:              0 kB
Dirty:                 0 kB
Writeback:             0 kB
AnonPages:        524232 kB
Mapped:           221180 kB
Shmem:              1756 kB
Slab:              33716 kB
SReclaimable:      11884 kB
SUnreclaim:        21832 kB
KernelStack:        9680 kB
PageTables:        20828 kB
NFS_Unstable:          0 kB
Bounce:                0 kB
WritebackTmp:          0 kB
CommitLimit:      675480 kB
Committed_AS:   48491804 kB
VmallocTotal:     253952 kB
VmallocUsed:       96732 kB
VmallocChunk:      49156 kB
Time pass: 272 sec

---2015-11-17 01:33:16
MemTotal:        1350964 kB
MemFree:           41808 kB
Buffers:            7128 kB
Cached:           500576 kB
SwapCached:            0 kB
Active:           714808 kB
Inactive:         315296 kB
Active(anon):     524436 kB
Inactive(anon):     1708 kB
Active(file):     190372 kB
Inactive(file):   313588 kB
Unevictable:        1988 kB
Mlocked:               0 kB
HighTotal:        802816 kB
HighFree:           2088 kB
LowTotal:         548148 kB
LowFree:           39720 kB
SwapTotal:             0 kB
SwapFree:              0 kB
Dirty:                 4 kB
Writeback:             0 kB
AnonPages:        524440 kB
Mapped:           221328 kB
Shmem:              1756 kB
Slab:              33712 kB
SReclaimable:      11884 kB
SUnreclaim:        21828 kB
KernelStack:        9680 kB
PageTables:        20832 kB
NFS_Unstable:          0 kB
Bounce:                0 kB
WritebackTmp:          0 kB
CommitLimit:      675480 kB
Committed_AS:   48491832 kB
VmallocTotal:     253952 kB
VmallocUsed:       96732 kB
VmallocChunk:      49156 kB
Time pass: 276 sec

---2015-11-17 01:33:16
MemTotal:        1350964 kB
MemFree:           40620 kB
Buffers:            7144 kB
Cached:           500584 kB
SwapCached:            0 kB
Active:           714968 kB
Inactive:         315320 kB
Active(anon):     524596 kB
Inactive(anon):     1708 kB
Active(file):     190372 kB
Inactive(file):   313612 kB
Unevictable:        1988 kB
Mlocked:               0 kB
HighTotal:        802816 kB
HighFree:           1692 kB
LowTotal:         548148 kB
LowFree:           38928 kB
SwapTotal:             0 kB
SwapFree:              0 kB
Dirty:                48 kB
Writeback:             0 kB
AnonPages:        524460 kB
Mapped:           221180 kB
Shmem:              1756 kB
Slab:              33848 kB
SReclaimable:      11884 kB
SUnreclaim:        21964 kB
KernelStack:        9680 kB
PageTables:        20832 kB
NFS_Unstable:          0 kB
Bounce:                0 kB
WritebackTmp:          0 kB
CommitLimit:      675480 kB
Committed_AS:   48491940 kB
VmallocTotal:     253952 kB
VmallocUsed:       96732 kB
VmallocChunk:      49156 kB
Time pass: 279 sec

---2015-11-17 01:33:16
MemTotal:        1350964 kB
MemFree:           40096 kB
Buffers:            7144 kB
Cached:           500584 kB
SwapCached:            0 kB
Active:           715200 kB
Inactive:         315320 kB
Active(anon):     524828 kB
Inactive(anon):     1708 kB
Active(file):     190372 kB
Inactive(file):   313612 kB
Unevictable:        1988 kB
Mlocked:               0 kB
HighTotal:        802816 kB
HighFree:           1492 kB
LowTotal:         548148 kB
LowFree:           38604 kB
SwapTotal:             0 kB
SwapFree:              0 kB
Dirty:                48 kB
Writeback:             0 kB
AnonPages:        524788 kB
Mapped:           221328 kB
Shmem:              1756 kB
Slab:              33708 kB
SReclaimable:      11884 kB
SUnreclaim:        21824 kB
KernelStack:        9688 kB
PageTables:        20828 kB
NFS_Unstable:          0 kB
Bounce:                0 kB
WritebackTmp:          0 kB
CommitLimit:      675480 kB
Committed_AS:   48492068 kB
VmallocTotal:     253952 kB
VmallocUsed:       96732 kB
VmallocChunk:      49156 kB
Time pass: 283 sec

---2015-11-17 01:33:16
MemTotal:        1350964 kB
MemFree:           40072 kB
Buffers:            7168 kB
Cached:           500620 kB
SwapCached:            0 kB
Active:           715376 kB
Inactive:         315356 kB
Active(anon):     524996 kB
Inactive(anon):     1740 kB
Active(file):     190380 kB
Inactive(file):   313616 kB
Unevictable:        1988 kB
Mlocked:               0 kB
HighTotal:        802816 kB
HighFree:           1492 kB
LowTotal:         548148 kB
LowFree:           38580 kB
SwapTotal:             0 kB
SwapFree:              0 kB
Dirty:                56 kB
Writeback:             0 kB
AnonPages:        525000 kB
Mapped:           221360 kB
Shmem:              1788 kB
Slab:              33800 kB
SReclaimable:      11884 kB
SUnreclaim:        21916 kB
KernelStack:        9680 kB
PageTables:        20840 kB
NFS_Unstable:          0 kB
Bounce:                0 kB
WritebackTmp:          0 kB
CommitLimit:      675480 kB
Committed_AS:   48492120 kB
VmallocTotal:     253952 kB
VmallocUsed:       96732 kB
VmallocChunk:      49156 kB
Time pass: 286 sec

---2015-11-17 01:33:16
MemTotal:        1350964 kB
MemFree:           40020 kB
Buffers:            7168 kB
Cached:           500620 kB
SwapCached:            0 kB
Active:           715968 kB
Inactive:         315372 kB
Active(anon):     525588 kB
Inactive(anon):     1740 kB
Active(file):     190380 kB
Inactive(file):   313632 kB
Unevictable:        1988 kB
Mlocked:               0 kB
HighTotal:        802816 kB
HighFree:           1492 kB
LowTotal:         548148 kB
LowFree:           38528 kB
SwapTotal:             0 kB
SwapFree:              0 kB
Dirty:                 4 kB
Writeback:             0 kB
AnonPages:        525592 kB
Mapped:           221212 kB
Shmem:              1788 kB
Slab:              33828 kB
SReclaimable:      11884 kB
SUnreclaim:        21944 kB
KernelStack:        9680 kB
PageTables:        20840 kB
NFS_Unstable:          0 kB
Bounce:                0 kB
WritebackTmp:          0 kB
CommitLimit:      675480 kB
Committed_AS:   48493256 kB
VmallocTotal:     253952 kB
VmallocUsed:       96732 kB
VmallocChunk:      49156 kB
Time pass: 290 sec

---2015-11-17 01:33:16
MemTotal:        1350964 kB
MemFree:           39996 kB
Buffers:            7184 kB
Cached:           500620 kB
SwapCached:            0 kB
Active:           715444 kB
Inactive:         315388 kB
Active(anon):     525064 kB
Inactive(anon):     1740 kB
Active(file):     190380 kB
Inactive(file):   313648 kB
Unevictable:        1988 kB
Mlocked:               0 kB
HighTotal:        802816 kB
HighFree:           1492 kB
LowTotal:         548148 kB
LowFree:           38504 kB
SwapTotal:             0 kB
SwapFree:              0 kB
Dirty:                48 kB
Writeback:             0 kB
AnonPages:        525156 kB
Mapped:           221360 kB
Shmem:              1788 kB
Slab:              33796 kB
SReclaimable:      11884 kB
SUnreclaim:        21912 kB
KernelStack:        9672 kB
PageTables:        20836 kB
NFS_Unstable:          0 kB
Bounce:                0 kB
WritebackTmp:          0 kB
CommitLimit:      675480 kB
Committed_AS:   48492056 kB
VmallocTotal:     253952 kB
VmallocUsed:       96732 kB
VmallocChunk:      49156 kB
Time pass: 293 sec

---2015-11-17 01:33:16
MemTotal:        1350964 kB
MemFree:           40524 kB
Buffers:            7192 kB
Cached:           500620 kB
SwapCached:            0 kB
Active:           715404 kB
Inactive:         315396 kB
Active(anon):     525024 kB
Inactive(anon):     1740 kB
Active(file):     190380 kB
Inactive(file):   313656 kB
Unevictable:        1988 kB
Mlocked:               0 kB
HighTotal:        802816 kB
HighFree:           1492 kB
LowTotal:         548148 kB
LowFree:           39032 kB
SwapTotal:             0 kB
SwapFree:              0 kB
Dirty:                36 kB
Writeback:             0 kB
AnonPages:        525028 kB
Mapped:           221360 kB
Shmem:              1788 kB
Slab:              33752 kB
SReclaimable:      11884 kB
SUnreclaim:        21868 kB
KernelStack:        9672 kB
PageTables:        20840 kB
NFS_Unstable:          0 kB
Bounce:                0 kB
WritebackTmp:          0 kB
CommitLimit:      675480 kB
Committed_AS:   48491932 kB
VmallocTotal:     253952 kB
VmallocUsed:       96732 kB
VmallocChunk:      49156 kB
Time pass: 297 sec

---2015-11-17 01:33:16
MemTotal:        1350964 kB
MemFree:           40056 kB
Buffers:            7208 kB
Cached:           500620 kB
SwapCached:            0 kB
Active:           715504 kB
Inactive:         315412 kB
Active(anon):     525124 kB
Inactive(anon):     1740 kB
Active(file):     190380 kB
Inactive(file):   313672 kB
Unevictable:        1988 kB
Mlocked:               0 kB
HighTotal:        802816 kB
HighFree:           1492 kB
LowTotal:         548148 kB
LowFree:           38564 kB
SwapTotal:             0 kB
SwapFree:              0 kB
Dirty:                 0 kB
Writeback:             0 kB
AnonPages:        525012 kB
Mapped:           221360 kB
Shmem:              1788 kB
Slab:              33840 kB
SReclaimable:      11884 kB
SUnreclaim:        21956 kB
KernelStack:        9672 kB
PageTables:        20840 kB
NFS_Unstable:          0 kB
Bounce:                0 kB
WritebackTmp:          0 kB
CommitLimit:      675480 kB
Committed_AS:   48492040 kB
VmallocTotal:     253952 kB
VmallocUsed:       96732 kB
VmallocChunk:      49156 kB
Time pass: 300 sec

---2015-11-17 01:33:16
MemTotal:        1350964 kB
MemFree:           40296 kB
Buffers:            7216 kB
Cached:           500612 kB
SwapCached:            0 kB
Active:           715788 kB
Inactive:         315412 kB
Active(anon):     525408 kB
Inactive(anon):     1740 kB
Active(file):     190380 kB
Inactive(file):   313672 kB
Unevictable:        1988 kB
Mlocked:               0 kB
HighTotal:        802816 kB
HighFree:           1492 kB
LowTotal:         548148 kB
LowFree:           38804 kB
SwapTotal:             0 kB
SwapFree:              0 kB
Dirty:                 4 kB
Writeback:             0 kB
AnonPages:        525364 kB
Mapped:           221360 kB
Shmem:              1788 kB
Slab:              33788 kB
SReclaimable:      11884 kB
SUnreclaim:        21904 kB
KernelStack:        9672 kB
PageTables:        20840 kB
NFS_Unstable:          0 kB
Bounce:                0 kB
WritebackTmp:          0 kB
CommitLimit:      675480 kB
Committed_AS:   48492092 kB
VmallocTotal:     253952 kB
VmallocUsed:       96732 kB
VmallocChunk:      49156 kB
Time pass: 304 sec

---2015-11-17 01:33:16
MemTotal:        1350964 kB
MemFree:           40772 kB
Buffers:            7232 kB
Cached:           500624 kB
SwapCached:            0 kB
Active:           715824 kB
Inactive:         315436 kB
Active(anon):     525440 kB
Inactive(anon):     1740 kB
Active(file):     190384 kB
Inactive(file):   313696 kB
Unevictable:        1988 kB
Mlocked:               0 kB
HighTotal:        802816 kB
HighFree:           2112 kB
LowTotal:         548148 kB
LowFree:           38660 kB
SwapTotal:             0 kB
SwapFree:              0 kB
Dirty:                52 kB
Writeback:             0 kB
AnonPages:        525404 kB
Mapped:           221360 kB
Shmem:              1788 kB
Slab:              33720 kB
SReclaimable:      11884 kB
SUnreclaim:        21836 kB
KernelStack:        9672 kB
PageTables:        20836 kB
NFS_Unstable:          0 kB
Bounce:                0 kB
WritebackTmp:          0 kB
CommitLimit:      675480 kB
Committed_AS:   48492052 kB
VmallocTotal:     253952 kB
VmallocUsed:       96732 kB
VmallocChunk:      49156 kB
Time pass: 307 sec

---2015-11-17 01:33:16
MemTotal:        1350964 kB
MemFree:           40120 kB
Buffers:            7232 kB
Cached:           500624 kB
SwapCached:            0 kB
Active:           715932 kB
Inactive:         315436 kB
Active(anon):     525548 kB
Inactive(anon):     1740 kB
Active(file):     190384 kB
Inactive(file):   313696 kB
Unevictable:        1988 kB
Mlocked:               0 kB
HighTotal:        802816 kB
HighFree:           1492 kB
LowTotal:         548148 kB
LowFree:           38628 kB
SwapTotal:             0 kB
SwapFree:              0 kB
Dirty:                 4 kB
Writeback:             0 kB
AnonPages:        525460 kB
Mapped:           221212 kB
Shmem:              1788 kB
Slab:              33732 kB
SReclaimable:      11884 kB
SUnreclaim:        21848 kB
KernelStack:        9680 kB
PageTables:        20840 kB
NFS_Unstable:          0 kB
Bounce:                0 kB
WritebackTmp:          0 kB
CommitLimit:      675480 kB
Committed_AS:   48492132 kB
VmallocTotal:     253952 kB
VmallocUsed:       96732 kB
VmallocChunk:      49156 kB
Time pass: 311 sec

---2015-11-17 01:33:16
MemTotal:        1350964 kB
MemFree:           40352 kB
Buffers:            7256 kB
Cached:           500624 kB
SwapCached:            0 kB
Active:           715952 kB
Inactive:         315460 kB
Active(anon):     525568 kB
Inactive(anon):     1740 kB
Active(file):     190384 kB
Inactive(file):   313720 kB
Unevictable:        1988 kB
Mlocked:               0 kB
HighTotal:        802816 kB
HighFree:           1492 kB
LowTotal:         548148 kB
LowFree:           38860 kB
SwapTotal:             0 kB
SwapFree:              0 kB
Dirty:                44 kB
Writeback:             0 kB
AnonPages:        525708 kB
Mapped:           221360 kB
Shmem:              1788 kB
Slab:              33696 kB
SReclaimable:      11884 kB
SUnreclaim:        21812 kB
KernelStack:        9688 kB
PageTables:        20844 kB
NFS_Unstable:          0 kB
Bounce:                0 kB
WritebackTmp:          0 kB
CommitLimit:      675480 kB
Committed_AS:   48492124 kB
VmallocTotal:     253952 kB
VmallocUsed:       96732 kB
VmallocChunk:      49156 kB
Time pass: 314 sec

---2015-11-17 01:33:16
MemTotal:        1350964 kB
MemFree:           41536 kB
Buffers:            7256 kB
Cached:           500624 kB
SwapCached:            0 kB
Active:           714600 kB
Inactive:         315460 kB
Active(anon):     524216 kB
Inactive(anon):     1740 kB
Active(file):     190384 kB
Inactive(file):   313720 kB
Unevictable:        1988 kB
Mlocked:               0 kB
HighTotal:        802816 kB
HighFree:           1492 kB
LowTotal:         548148 kB
LowFree:           40044 kB
SwapTotal:             0 kB
SwapFree:              0 kB
Dirty:                 4 kB
Writeback:             0 kB
AnonPages:        524424 kB
Mapped:           221312 kB
