---2015-12-01 14:34:51
MemTotal:        1420824 kB
MemFree:          142816 kB
Buffers:           13840 kB
Cached:           668580 kB
SwapCached:            0 kB
Active:           598512 kB
Inactive:         511768 kB
Active(anon):     427912 kB
Inactive(anon):      728 kB
Active(file):     170600 kB
Inactive(file):   511040 kB
Unevictable:           0 kB
Mlocked:               0 kB
HighTotal:       1001472 kB
HighFree:           5140 kB
LowTotal:         419352 kB
LowFree:          137676 kB
SwapTotal:        786428 kB
SwapFree:         786428 kB
Dirty:                 0 kB
Writeback:             0 kB
AnonPages:        427856 kB
Mapped:           181952 kB
Shmem:               808 kB
Slab:              41508 kB
SReclaimable:      14468 kB
SUnreclaim:        27040 kB
KernelStack:        9544 kB
PageTables:        15568 kB
NFS_Unstable:          0 kB
Bounce:                0 kB
WritebackTmp:          0 kB
CommitLimit:     1496840 kB
Committed_AS:   23248884 kB
VmallocTotal:     458752 kB
VmallocUsed:       88156 kB
VmallocChunk:     207900 kB
Time pass: 3 sec

---2015-12-01 14:34:51
MemTotal:        1420824 kB
MemFree:          142700 kB
Buffers:           13840 kB
Cached:           668580 kB
SwapCached:            0 kB
Active:           598520 kB
Inactive:         511768 kB
Active(anon):     427920 kB
Inactive(anon):      728 kB
Active(file):     170600 kB
Inactive(file):   511040 kB
Unevictable:           0 kB
Mlocked:               0 kB
HighTotal:       1001472 kB
HighFree:           5140 kB
LowTotal:         419352 kB
LowFree:          137560 kB
SwapTotal:        786428 kB
SwapFree:         786428 kB
Dirty:                 0 kB
Writeback:             0 kB
AnonPages:        427856 kB
Mapped:           181952 kB
Shmem:               808 kB
Slab:              41520 kB
SReclaimable:      14468 kB
SUnreclaim:        27052 kB
KernelStack:        9536 kB
PageTables:        15568 kB
NFS_Unstable:          0 kB
Bounce:                0 kB
WritebackTmp:          0 kB
CommitLimit:     1496840 kB
Committed_AS:   23248860 kB
VmallocTotal:     458752 kB
VmallocUsed:       88156 kB
VmallocChunk:     207900 kB
Time pass: 6 sec

---2015-12-01 14:34:51
MemTotal:        1420824 kB
MemFree:          142780 kB
Buffers:           13840 kB
Cached:           668580 kB
SwapCached:            0 kB
Active:           598528 kB
Inactive:         511768 kB
Active(anon):     427928 kB
Inactive(anon):      728 kB
Active(file):     170600 kB
Inactive(file):   511040 kB
Unevictable:           0 kB
Mlocked:               0 kB
HighTotal:       1001472 kB
HighFree:           5140 kB
LowTotal:         419352 kB
LowFree:          137640 kB
SwapTotal:        786428 kB
SwapFree:         786428 kB
Dirty:                 0 kB
Writeback:             0 kB
AnonPages:        427832 kB
Mapped:           181952 kB
Shmem:               808 kB
Slab:              41476 kB
SReclaimable:      14468 kB
SUnreclaim:        27008 kB
KernelStack:        9536 kB
PageTables:        15564 kB
NFS_Unstable:          0 kB
Bounce:                0 kB
WritebackTmp:          0 kB
CommitLimit:     1496840 kB
Committed_AS:   23248836 kB
VmallocTotal:     458752 kB
VmallocUsed:       88156 kB
VmallocChunk:     207900 kB
Time pass: 10 sec

---2015-12-01 14:34:51
MemTotal:        1420824 kB
MemFree:          142732 kB
Buffers:           13840 kB
Cached:           668580 kB
SwapCached:            0 kB
Active:           598552 kB
Inactive:         511768 kB
Active(anon):     427952 kB
Inactive(anon):      728 kB
Active(file):     170600 kB
Inactive(file):   511040 kB
Unevictable:           0 kB
Mlocked:               0 kB
HighTotal:       1001472 kB
HighFree:           5140 kB
LowTotal:         419352 kB
LowFree:          137592 kB
SwapTotal:        786428 kB
SwapFree:         786428 kB
Dirty:                 0 kB
Writeback:             0 kB
AnonPages:        427896 kB
Mapped:           181952 kB
Shmem:               808 kB
Slab:              41512 kB
SReclaimable:      14468 kB
SUnreclaim:        27044 kB
KernelStack:        9528 kB
PageTables:        15568 kB
NFS_Unstable:          0 kB
Bounce:                0 kB
WritebackTmp:          0 kB
CommitLimit:     1496840 kB
Committed_AS:   23248836 kB
VmallocTotal:     458752 kB
VmallocUsed:       88156 kB
VmallocChunk:     207900 kB
Time pass: 13 sec

---2015-12-01 14:34:51
MemTotal:        1420824 kB
MemFree:          142620 kB
Buffers:           13840 kB
Cached:           668580 kB
SwapCached:            0 kB
Active:           598612 kB
Inactive:         511768 kB
Active(anon):     428012 kB
Inactive(anon):      728 kB
Active(file):     170600 kB
Inactive(file):   511040 kB
Unevictable:           0 kB
Mlocked:               0 kB
HighTotal:       1001472 kB
HighFree:           5140 kB
LowTotal:         419352 kB
LowFree:          137480 kB
SwapTotal:        786428 kB
SwapFree:         786428 kB
Dirty:                 0 kB
Writeback:             0 kB
AnonPages:        427948 kB
Mapped:           181952 kB
Shmem:               808 kB
Slab:              41520 kB
SReclaimable:      14468 kB
SUnreclaim:        27052 kB
KernelStack:        9528 kB
PageTables:        15568 kB
NFS_Unstable:          0 kB
Bounce:                0 kB
WritebackTmp:          0 kB
CommitLimit:     1496840 kB
Committed_AS:   23248836 kB
VmallocTotal:     458752 kB
VmallocUsed:       88156 kB
VmallocChunk:     207900 kB
Time pass: 16 sec

---2015-12-01 14:34:51
MemTotal:        1420824 kB
MemFree:          109508 kB
Buffers:           13852 kB
Cached:           698396 kB
SwapCached:            0 kB
Active:           601784 kB
Inactive:         541328 kB
Active(anon):     431144 kB
Inactive(anon):      728 kB
Active(file):     170640 kB
Inactive(file):   540600 kB
Unevictable:           0 kB
Mlocked:               0 kB
HighTotal:       1001472 kB
HighFree:           5144 kB
LowTotal:         419352 kB
LowFree:          104364 kB
SwapTotal:        786428 kB
SwapFree:         786428 kB
Dirty:               784 kB
Writeback:             0 kB
AnonPages:        431212 kB
Mapped:           193508 kB
Shmem:               808 kB
Slab:              41364 kB
SReclaimable:      14468 kB
SUnreclaim:        26896 kB
KernelStack:        9488 kB
PageTables:        15468 kB
NFS_Unstable:          0 kB
Bounce:                0 kB
WritebackTmp:          0 kB
CommitLimit:     1496840 kB
Committed_AS:   22870744 kB
VmallocTotal:     458752 kB
VmallocUsed:       87232 kB
VmallocChunk:     207900 kB
Time pass: 20 sec

---2015-12-01 14:34:51
MemTotal:        1420824 kB
MemFree:           69648 kB
Buffers:           14212 kB
Cached:           706404 kB
SwapCached:            0 kB
Active:           620440 kB
Inactive:         548828 kB
Active(anon):     448712 kB
Inactive(anon):     1056 kB
Active(file):     171728 kB
Inactive(file):   547772 kB
Unevictable:           0 kB
Mlocked:               0 kB
HighTotal:       1001472 kB
HighFree:           5032 kB
LowTotal:         419352 kB
LowFree:           64616 kB
SwapTotal:        786428 kB
SwapFree:         786428 kB
Dirty:              1456 kB
Writeback:             0 kB
AnonPages:        448664 kB
Mapped:           205588 kB
Shmem:              1136 kB
Slab:              42072 kB
SReclaimable:      14664 kB
SUnreclaim:        27408 kB
KernelStack:        9904 kB
PageTables:        15724 kB
NFS_Unstable:          0 kB
Bounce:                0 kB
WritebackTmp:          0 kB
CommitLimit:     1496840 kB
Committed_AS:   22896032 kB
VmallocTotal:     458752 kB
VmallocUsed:       87432 kB
VmallocChunk:     207900 kB
Time pass: 23 sec

---2015-12-01 14:34:51
MemTotal:        1420824 kB
MemFree:           51148 kB
Buffers:           14260 kB
Cached:           706416 kB
SwapCached:            0 kB
Active:           625864 kB
Inactive:         548732 kB
Active(anon):     454020 kB
Inactive(anon):      860 kB
Active(file):     171844 kB
Inactive(file):   547872 kB
Unevictable:           0 kB
Mlocked:               0 kB
HighTotal:       1001472 kB
HighFree:           5104 kB
LowTotal:         419352 kB
LowFree:           46044 kB
SwapTotal:        786428 kB
SwapFree:         786428 kB
Dirty:               296 kB
Writeback:             0 kB
AnonPages:        454004 kB
Mapped:           206544 kB
Shmem:               940 kB
Slab:              41868 kB
SReclaimable:      14668 kB
SUnreclaim:        27200 kB
KernelStack:        9904 kB
PageTables:        15744 kB
NFS_Unstable:          0 kB
Bounce:                0 kB
WritebackTmp:          0 kB
CommitLimit:     1496840 kB
Committed_AS:   22895788 kB
VmallocTotal:     458752 kB
VmallocUsed:       87416 kB
VmallocChunk:     207900 kB
Time pass: 27 sec

---2015-12-01 14:34:51
MemTotal:        1420824 kB
MemFree:           44212 kB
Buffers:           14268 kB
Cached:           706452 kB
SwapCached:            0 kB
Active:           624720 kB
Inactive:         548808 kB
Active(anon):     452860 kB
Inactive(anon):      860 kB
Active(file):     171860 kB
Inactive(file):   547948 kB
Unevictable:           0 kB
Mlocked:               0 kB
HighTotal:       1001472 kB
HighFree:           5236 kB
LowTotal:         419352 kB
LowFree:           38976 kB
SwapTotal:        786428 kB
SwapFree:         786428 kB
Dirty:               100 kB
Writeback:             0 kB
AnonPages:        452780 kB
Mapped:           207516 kB
Shmem:               940 kB
Slab:              41604 kB
SReclaimable:      14668 kB
SUnreclaim:        26936 kB
KernelStack:        9904 kB
PageTables:        15780 kB
NFS_Unstable:          0 kB
Bounce:                0 kB
WritebackTmp:          0 kB
CommitLimit:     1496840 kB
Committed_AS:   22894780 kB
VmallocTotal:     458752 kB
VmallocUsed:       87432 kB
VmallocChunk:     207900 kB
Time pass: 30 sec

---2015-12-01 14:34:51
MemTotal:        1420824 kB
MemFree:           45224 kB
Buffers:           12600 kB
Cached:           697540 kB
SwapCached:            0 kB
Active:           602252 kB
Inactive:         566716 kB
Active(anon):     430128 kB
Inactive(anon):    29932 kB
Active(file):     172124 kB
Inactive(file):   536784 kB
Unevictable:         292 kB
Mlocked:               0 kB
HighTotal:       1001472 kB
HighFree:           8052 kB
LowTotal:         419352 kB
LowFree:           37172 kB
SwapTotal:        786428 kB
SwapFree:         786428 kB
Dirty:               108 kB
Writeback:             0 kB
AnonPages:        459096 kB
Mapped:           208860 kB
Shmem:               940 kB
Slab:              41796 kB
SReclaimable:      14668 kB
SUnreclaim:        27128 kB
KernelStack:        9920 kB
PageTables:        15804 kB
NFS_Unstable:          0 kB
Bounce:                0 kB
WritebackTmp:          0 kB
CommitLimit:     1496840 kB
Committed_AS:   22897792 kB
VmallocTotal:     458752 kB
VmallocUsed:       87432 kB
VmallocChunk:     207900 kB
Time pass: 33 sec

---2015-12-01 14:34:51
MemTotal:        1420824 kB
MemFree:           44764 kB
Buffers:           12608 kB
Cached:           697540 kB
SwapCached:            0 kB
Active:           602912 kB
Inactive:         566672 kB
Active(anon):     430780 kB
Inactive(anon):    29888 kB
Active(file):     172132 kB
Inactive(file):   536784 kB
Unevictable:         292 kB
Mlocked:               0 kB
HighTotal:       1001472 kB
HighFree:           7452 kB
LowTotal:         419352 kB
LowFree:           37312 kB
SwapTotal:        786428 kB
SwapFree:         786428 kB
Dirty:                64 kB
Writeback:             0 kB
AnonPages:        459724 kB
Mapped:           208980 kB
Shmem:               940 kB
Slab:              41652 kB
SReclaimable:      14668 kB
SUnreclaim:        26984 kB
KernelStack:        9912 kB
PageTables:        15804 kB
NFS_Unstable:          0 kB
Bounce:                0 kB
WritebackTmp:          0 kB
CommitLimit:     1496840 kB
Committed_AS:   22897820 kB
VmallocTotal:     458752 kB
VmallocUsed:       87432 kB
VmallocChunk:     207900 kB
Time pass: 37 sec

---2015-12-01 14:34:51
MemTotal:        1420824 kB
MemFree:           43580 kB
Buffers:           12616 kB
Cached:           697656 kB
SwapCached:            0 kB
Active:           603916 kB
Inactive:         566688 kB
Active(anon):     431784 kB
Inactive(anon):    29888 kB
Active(file):     172132 kB
Inactive(file):   536800 kB
Unevictable:         292 kB
Mlocked:               0 kB
HighTotal:       1001472 kB
HighFree:           6364 kB
LowTotal:         419352 kB
LowFree:           37216 kB
SwapTotal:        786428 kB
SwapFree:         786428 kB
Dirty:                16 kB
Writeback:             0 kB
AnonPages:        460796 kB
Mapped:           209564 kB
Shmem:               944 kB
Slab:              41776 kB
SReclaimable:      14668 kB
SUnreclaim:        27108 kB
KernelStack:        9912 kB
PageTables:        15808 kB
NFS_Unstable:          0 kB
Bounce:                0 kB
WritebackTmp:          0 kB
CommitLimit:     1496840 kB
Committed_AS:   22900668 kB
VmallocTotal:     458752 kB
VmallocUsed:       87464 kB
VmallocChunk:     207900 kB
Time pass: 40 sec

---2015-12-01 14:34:51
MemTotal:        1420824 kB
MemFree:           39492 kB
Buffers:            9176 kB
Cached:           681764 kB
SwapCached:            0 kB
Active:           566044 kB
Inactive:         599668 kB
Active(anon):     393588 kB
Inactive(anon):    82484 kB
Active(file):     172456 kB
Inactive(file):   517184 kB
Unevictable:         292 kB
Mlocked:               0 kB
HighTotal:       1001472 kB
HighFree:           5244 kB
LowTotal:         419352 kB
LowFree:           34248 kB
SwapTotal:        786428 kB
SwapFree:         786428 kB
Dirty:               200 kB
Writeback:             0 kB
AnonPages:        475180 kB
Mapped:           215248 kB
Shmem:               944 kB
Slab:              42032 kB
SReclaimable:      14720 kB
SUnreclaim:        27312 kB
KernelStack:        9952 kB
PageTables:        15856 kB
NFS_Unstable:          0 kB
Bounce:                0 kB
WritebackTmp:          0 kB
CommitLimit:     1496840 kB
Committed_AS:   22915068 kB
VmallocTotal:     458752 kB
VmallocUsed:       87448 kB
VmallocChunk:     207900 kB
Time pass: 45 sec

---2015-12-01 14:34:51
MemTotal:        1420824 kB
MemFree:           41960 kB
Buffers:            7244 kB
Cached:           664792 kB
SwapCached:            0 kB
Active:           519140 kB
Inactive:         630228 kB
Active(anon):     345432 kB
Inactive(anon):   133136 kB
Active(file):     173708 kB
Inactive(file):   497092 kB
Unevictable:         292 kB
Mlocked:               0 kB
HighTotal:       1001472 kB
HighFree:           7268 kB
LowTotal:         419352 kB
LowFree:           34692 kB
SwapTotal:        786428 kB
SwapFree:         786428 kB
Dirty:                40 kB
Writeback:             0 kB
AnonPages:        477636 kB
Mapped:           218244 kB
Shmem:               944 kB
Slab:              42020 kB
SReclaimable:      14696 kB
SUnreclaim:        27324 kB
KernelStack:        9896 kB
PageTables:        15884 kB
NFS_Unstable:          0 kB
Bounce:                0 kB
WritebackTmp:          0 kB
CommitLimit:     1496840 kB
Committed_AS:   22915580 kB
VmallocTotal:     458752 kB
VmallocUsed:       87452 kB
VmallocChunk:     207900 kB
Time pass: 91 sec

---2015-12-01 14:34:51
MemTotal:        1420824 kB
MemFree:           41264 kB
Buffers:            7232 kB
Cached:           654124 kB
SwapCached:            0 kB
Active:           492732 kB
Inactive:         651088 kB
Active(anon):     311840 kB
Inactive(anon):   171880 kB
Active(file):     180892 kB
Inactive(file):   479208 kB
Unevictable:         292 kB
Mlocked:               0 kB
HighTotal:       1001472 kB
HighFree:           6736 kB
LowTotal:         419352 kB
LowFree:           34528 kB
SwapTotal:        786428 kB
SwapFree:         786428 kB
Dirty:               532 kB
Writeback:             0 kB
AnonPages:        482924 kB
Mapped:           218632 kB
Shmem:               944 kB
Slab:              42084 kB
SReclaimable:      14700 kB
SUnreclaim:        27384 kB
KernelStack:        9912 kB
PageTables:        15888 kB
NFS_Unstable:          0 kB
Bounce:                0 kB
WritebackTmp:          0 kB
CommitLimit:     1496840 kB
Committed_AS:   22920424 kB
VmallocTotal:     458752 kB
VmallocUsed:       87548 kB
VmallocChunk:     207900 kB
Time pass: 94 sec

---2015-12-01 14:34:51
MemTotal:        1420824 kB
MemFree:           42988 kB
Buffers:            7208 kB
Cached:           651264 kB
SwapCached:            0 kB
Active:           484748 kB
Inactive:         656728 kB
Active(anon):     302408 kB
Inactive(anon):   181860 kB
Active(file):     182340 kB
Inactive(file):   474868 kB
Unevictable:         292 kB
Mlocked:               0 kB
HighTotal:       1001472 kB
HighFree:           5240 kB
LowTotal:         419352 kB
LowFree:           37748 kB
SwapTotal:        786428 kB
SwapFree:         786428 kB
Dirty:               512 kB
Writeback:             0 kB
AnonPages:        483364 kB
Mapped:           219044 kB
Shmem:               944 kB
Slab:              42120 kB
SReclaimable:      14704 kB
SUnreclaim:        27416 kB
KernelStack:        9912 kB
PageTables:        15924 kB
NFS_Unstable:          0 kB
Bounce:                0 kB
WritebackTmp:          0 kB
CommitLimit:     1496840 kB
Committed_AS:   22920608 kB
VmallocTotal:     458752 kB
VmallocUsed:       87464 kB
VmallocChunk:     207900 kB
Time pass: 98 sec

---2015-12-01 14:34:51
MemTotal:        1420824 kB
MemFree:           39860 kB
Buffers:            7232 kB
Cached:           646688 kB
SwapCached:            0 kB
Active:           468376 kB
Inactive:         676612 kB
Active(anon):     284340 kB
Inactive(anon):   207964 kB
Active(file):     184036 kB
Inactive(file):   468648 kB
Unevictable:         292 kB
Mlocked:               0 kB
HighTotal:       1001472 kB
HighFree:           5084 kB
LowTotal:         419352 kB
LowFree:           34776 kB
SwapTotal:        786428 kB
SwapFree:         786428 kB
Dirty:               340 kB
Writeback:             0 kB
AnonPages:        491400 kB
Mapped:           222120 kB
Shmem:               944 kB
Slab:              42180 kB
SReclaimable:      14740 kB
SUnreclaim:        27440 kB
KernelStack:        9960 kB
PageTables:        15952 kB
NFS_Unstable:          0 kB
Bounce:                0 kB
WritebackTmp:          0 kB
CommitLimit:     1496840 kB
Committed_AS:   22935324 kB
VmallocTotal:     458752 kB
VmallocUsed:       87496 kB
VmallocChunk:     207900 kB
Time pass: 102 sec

---2015-12-01 14:34:51
MemTotal:        1420824 kB
MemFree:           37844 kB
Buffers:            7240 kB
Cached:           624568 kB
SwapCached:            0 kB
Active:           443540 kB
Inactive:         685348 kB
Active(anon):     249840 kB
Inactive(anon):   248612 kB
Active(file):     193700 kB
Inactive(file):   436736 kB
Unevictable:         292 kB
Mlocked:               0 kB
HighTotal:       1001472 kB
HighFree:           6828 kB
LowTotal:         419352 kB
LowFree:           31016 kB
SwapTotal:        786428 kB
SwapFree:         786428 kB
Dirty:                44 kB
Writeback:             0 kB
AnonPages:        497420 kB
Mapped:           221600 kB
Shmem:              1080 kB
Slab:              42508 kB
SReclaimable:      14776 kB
SUnreclaim:        27732 kB
KernelStack:       10088 kB
PageTables:        16096 kB
NFS_Unstable:          0 kB
Bounce:                0 kB
WritebackTmp:          0 kB
CommitLimit:     1496840 kB
Committed_AS:   22952424 kB
VmallocTotal:     458752 kB
VmallocUsed:       89964 kB
VmallocChunk:     207900 kB
Time pass: 106 sec

---2015-12-01 14:34:51
MemTotal:        1420824 kB
MemFree:           37888 kB
Buffers:            7256 kB
Cached:           612260 kB
SwapCached:            0 kB
Active:           446112 kB
Inactive:         674280 kB
Active(anon):     251844 kB
Inactive(anon):   250436 kB
Active(file):     194268 kB
Inactive(file):   423844 kB
Unevictable:         292 kB
Mlocked:               0 kB
HighTotal:       1001472 kB
HighFree:           5168 kB
LowTotal:         419352 kB
LowFree:           32720 kB
SwapTotal:        786428 kB
SwapFree:         786428 kB
Dirty:                 0 kB
Writeback:             0 kB
AnonPages:        501120 kB
Mapped:           221684 kB
Shmem:              1112 kB
Slab:              42684 kB
SReclaimable:      14792 kB
SUnreclaim:        27892 kB
KernelStack:       10088 kB
PageTables:        16144 kB
NFS_Unstable:          0 kB
Bounce:                0 kB
WritebackTmp:          0 kB
CommitLimit:     1496840 kB
Committed_AS:   22955456 kB
VmallocTotal:     458752 kB
VmallocUsed:       89996 kB
VmallocChunk:     207900 kB
Time pass: 110 sec

---2015-12-01 14:34:51
MemTotal:        1420824 kB
MemFree:           37616 kB
Buffers:            8148 kB
Cached:           581508 kB
SwapCached:            0 kB
Active:           450376 kB
Inactive:         642744 kB
Active(anon):     252512 kB
Inactive(anon):   252528 kB
Active(file):     197864 kB
Inactive(file):   390216 kB
Unevictable:         292 kB
Mlocked:               0 kB
HighTotal:       1001472 kB
HighFree:           6468 kB
LowTotal:         419352 kB
LowFree:           31148 kB
SwapTotal:        786428 kB
SwapFree:         786428 kB
Dirty:                44 kB
Writeback:             0 kB
AnonPages:        503840 kB
Mapped:           221884 kB
Shmem:              1284 kB
Slab:              42772 kB
SReclaimable:      14804 kB
SUnreclaim:        27968 kB
KernelStack:       10104 kB
PageTables:        16276 kB
NFS_Unstable:          0 kB
Bounce:                0 kB
WritebackTmp:          0 kB
CommitLimit:     1496840 kB
Committed_AS:   22958112 kB
VmallocTotal:     458752 kB
VmallocUsed:       89964 kB
VmallocChunk:     207900 kB
Time pass: 114 sec

---2015-12-01 14:34:51
MemTotal:        1420824 kB
MemFree:           38420 kB
Buffers:            8172 kB
Cached:           579656 kB
SwapCached:            0 kB
Active:           450820 kB
Inactive:         641812 kB
Active(anon):     252956 kB
Inactive(anon):   253476 kB
Active(file):     197864 kB
Inactive(file):   388336 kB
Unevictable:         292 kB
Mlocked:               0 kB
HighTotal:       1001472 kB
HighFree:           6872 kB
LowTotal:         419352 kB
LowFree:           31548 kB
SwapTotal:        786428 kB
SwapFree:         786428 kB
Dirty:                48 kB
Writeback:             0 kB
AnonPages:        505296 kB
Mapped:           221900 kB
Shmem:              1336 kB
Slab:              42696 kB
SReclaimable:      14808 kB
SUnreclaim:        27888 kB
KernelStack:       10104 kB
PageTables:        16264 kB
NFS_Unstable:          0 kB
Bounce:                0 kB
WritebackTmp:          0 kB
CommitLimit:     1496840 kB
Committed_AS:   22958128 kB
VmallocTotal:     458752 kB
VmallocUsed:       89964 kB
VmallocChunk:     207900 kB
Time pass: 119 sec

---2015-12-01 14:34:51
MemTotal:        1420824 kB
MemFree:           42488 kB
Buffers:            8032 kB
Cached:           574520 kB
SwapCached:            0 kB
Active:           452996 kB
Inactive:         634968 kB
Active(anon):     252172 kB
Inactive(anon):   254528 kB
Active(file):     200824 kB
Inactive(file):   380440 kB
Unevictable:         292 kB
Mlocked:               0 kB
HighTotal:       1001472 kB
HighFree:           6580 kB
LowTotal:         419352 kB
LowFree:           35908 kB
SwapTotal:        786428 kB
SwapFree:         786428 kB
Dirty:                84 kB
Writeback:             0 kB
AnonPages:        505780 kB
Mapped:           222392 kB
Shmem:               988 kB
Slab:              42900 kB
SReclaimable:      14800 kB
SUnreclaim:        28100 kB
KernelStack:        9992 kB
PageTables:        16036 kB
NFS_Unstable:          0 kB
Bounce:                0 kB
WritebackTmp:          0 kB
CommitLimit:     1496840 kB
Committed_AS:   22940452 kB
VmallocTotal:     458752 kB
VmallocUsed:       87564 kB
VmallocChunk:     207900 kB
Time pass: 123 sec

---2015-12-01 14:34:51
MemTotal:        1420824 kB
MemFree:           45460 kB
Buffers:            8032 kB
Cached:           574520 kB
SwapCached:            0 kB
Active:           451836 kB
Inactive:         634288 kB
Active(anon):     251012 kB
Inactive(anon):   253840 kB
Active(file):     200824 kB
Inactive(file):   380448 kB
Unevictable:         292 kB
Mlocked:               0 kB
HighTotal:       1001472 kB
HighFree:           8504 kB
LowTotal:         419352 kB
LowFree:           36956 kB
SwapTotal:        786428 kB
SwapFree:         786428 kB
Dirty:                44 kB
Writeback:             0 kB
AnonPages:        503904 kB
Mapped:           222556 kB
Shmem:               988 kB
Slab:              42856 kB
SReclaimable:      14800 kB
SUnreclaim:        28056 kB
KernelStack:        9960 kB
PageTables:        16032 kB
NFS_Unstable:          0 kB
Bounce:                0 kB
WritebackTmp:          0 kB
CommitLimit:     1496840 kB
Committed_AS:   22940424 kB
VmallocTotal:     458752 kB
VmallocUsed:       87480 kB
VmallocChunk:     207900 kB
Time pass: 127 sec

---2015-12-01 14:34:51
MemTotal:        1420824 kB
MemFree:           45440 kB
Buffers:            8040 kB
Cached:           574728 kB
SwapCached:            0 kB
Active:           452116 kB
Inactive:         634440 kB
Active(anon):     251292 kB
Inactive(anon):   253840 kB
Active(file):     200824 kB
Inactive(file):   380600 kB
Unevictable:         292 kB
Mlocked:               0 kB
HighTotal:       1001472 kB
HighFree:           8408 kB
LowTotal:         419352 kB
LowFree:           37032 kB
SwapTotal:        786428 kB
SwapFree:         786428 kB
Dirty:                 0 kB
Writeback:             0 kB
AnonPages:        504148 kB
Mapped:           222556 kB
Shmem:               988 kB
Slab:              42732 kB
SReclaimable:      14788 kB
SUnreclaim:        27944 kB
KernelStack:        9960 kB
PageTables:        16032 kB
NFS_Unstable:          0 kB
Bounce:                0 kB
WritebackTmp:          0 kB
CommitLimit:     1496840 kB
Committed_AS:   22941016 kB
VmallocTotal:     458752 kB
VmallocUsed:       87480 kB
VmallocChunk:     207900 kB
Time pass: 131 sec

---2015-12-01 14:34:51
MemTotal:        1420824 kB
MemFree:          128472 kB
Buffers:            8016 kB
Cached:           572352 kB
SwapCached:            0 kB
Active:           378296 kB
Inactive:         628996 kB
Active(anon):     177264 kB
Inactive(anon):   250940 kB
Active(file):     201032 kB
Inactive(file):   378056 kB
Unevictable:         292 kB
Mlocked:               0 kB
HighTotal:       1001472 kB
HighFree:          47596 kB
LowTotal:         419352 kB
LowFree:           80876 kB
SwapTotal:        786428 kB
SwapFree:         786428 kB
Dirty:                12 kB
Writeback:             0 kB
AnonPages:        427036 kB
Mapped:           176048 kB
Shmem:               988 kB
Slab:              42796 kB
SReclaimable:      14788 kB
SUnreclaim:        28008 kB
KernelStack:        9504 kB
PageTables:        14900 kB
NFS_Unstable:          0 kB
Bounce:                0 kB
WritebackTmp:          0 kB
CommitLimit:     1496840 kB
Committed_AS:   21963100 kB
VmallocTotal:     458752 kB
VmallocUsed:       86508 kB
VmallocChunk:     207900 kB
Time pass: 134 sec

---2015-12-01 14:34:51
MemTotal:        1420824 kB
MemFree:          193836 kB
Buffers:            8016 kB
Cached:           572252 kB
SwapCached:            0 kB
Active:           378396 kB
Inactive:         628748 kB
Active(anon):     177300 kB
Inactive(anon):   250720 kB
Active(file):     201096 kB
Inactive(file):   378028 kB
Unevictable:         292 kB
Mlocked:               0 kB
HighTotal:       1001472 kB
HighFree:          72324 kB
LowTotal:         419352 kB
LowFree:          121512 kB
SwapTotal:        786428 kB
SwapFree:         786428 kB
Dirty:                 0 kB
Writeback:             0 kB
AnonPages:        427164 kB
Mapped:           176084 kB
Shmem:               852 kB
Slab:              42724 kB
SReclaimable:      14776 kB
SUnreclaim:        27948 kB
KernelStack:        9168 kB
PageTables:        14844 kB
NFS_Unstable:          0 kB
Bounce:                0 kB
WritebackTmp:          0 kB
CommitLimit:     1496840 kB
Committed_AS:   21960044 kB
VmallocTotal:     458752 kB
VmallocUsed:       85096 kB
VmallocChunk:     207900 kB
Time pass: 138 sec

---2015-12-01 14:34:51
MemTotal:        1420824 kB
MemFree:          193916 kB
Buffers:            8024 kB
Cached:           572252 kB
SwapCached:            0 kB
Active:           378460 kB
Inactive:         628748 kB
Active(anon):     177364 kB
Inactive(anon):   250720 kB
Active(file):     201096 kB
Inactive(file):   378028 kB
Unevictable:         292 kB
Mlocked:               0 kB
HighTotal:       1001472 kB
HighFree:          72356 kB
LowTotal:         419352 kB
LowFree:          121560 kB
SwapTotal:        786428 kB
SwapFree:         786428 kB
Dirty:                20 kB
Writeback:             0 kB
AnonPages:        427224 kB
Mapped:           176084 kB
Shmem:               852 kB
Slab:              42680 kB
SReclaimable:      14776 kB
SUnreclaim:        27904 kB
KernelStack:        9168 kB
PageTables:        14844 kB
NFS_Unstable:          0 kB
Bounce:                0 kB
WritebackTmp:          0 kB
CommitLimit:     1496840 kB
Committed_AS:   21960044 kB
VmallocTotal:     458752 kB
VmallocUsed:       85096 kB
VmallocChunk:     207900 kB
Time pass: 141 sec

---2015-12-01 14:34:51
MemTotal:        1420824 kB
MemFree:          181376 kB
Buffers:            8360 kB
Cached:           572568 kB
SwapCached:            0 kB
Active:           386676 kB
Inactive:         629168 kB
Active(anon):     185504 kB
Inactive(anon):   250720 kB
Active(file):     201172 kB
Inactive(file):   378448 kB
Unevictable:         292 kB
Mlocked:               0 kB
HighTotal:       1001472 kB
HighFree:          60548 kB
LowTotal:         419352 kB
LowFree:          120828 kB
SwapTotal:        786428 kB
SwapFree:         786428 kB
Dirty:               612 kB
Writeback:             0 kB
AnonPages:        435432 kB
Mapped:           188844 kB
Shmem:               852 kB
Slab:              42716 kB
SReclaimable:      14776 kB
SUnreclaim:        27940 kB
KernelStack:        9208 kB
PageTables:        15176 kB
NFS_Unstable:          0 kB
Bounce:                0 kB
WritebackTmp:          0 kB
CommitLimit:     1496840 kB
Committed_AS:   22436536 kB
VmallocTotal:     458752 kB
VmallocUsed:       86380 kB
VmallocChunk:     207900 kB
Time pass: 145 sec

---2015-12-01 14:34:51
MemTotal:        1420824 kB
MemFree:          156964 kB
Buffers:            8512 kB
Cached:           572644 kB
SwapCached:            0 kB
Active:           399832 kB
Inactive:         629112 kB
Active(anon):     198220 kB
Inactive(anon):   250844 kB
Active(file):     201612 kB
Inactive(file):   378268 kB
Unevictable:         292 kB
Mlocked:               0 kB
HighTotal:       1001472 kB
HighFree:          36048 kB
LowTotal:         419352 kB
LowFree:          120916 kB
SwapTotal:        786428 kB
SwapFree:         786428 kB
Dirty:               880 kB
Writeback:             0 kB
AnonPages:        448100 kB
Mapped:           199936 kB
Shmem:               984 kB
Slab:              42656 kB
SReclaimable:      14792 kB
SUnreclaim:        27864 kB
KernelStack:        9656 kB
PageTables:        15420 kB
NFS_Unstable:          0 kB
Bounce:                0 kB
WritebackTmp:          0 kB
CommitLimit:     1496840 kB
Committed_AS:   22456552 kB
VmallocTotal:     458752 kB
VmallocUsed:       86380 kB
VmallocChunk:     207900 kB
Time pass: 148 sec

---2015-12-01 14:34:51
MemTotal:        1420824 kB
MemFree:          129712 kB
Buffers:            8520 kB
Cached:           573004 kB
SwapCached:            0 kB
Active:           412588 kB
Inactive:         629360 kB
Active(anon):     210904 kB
Inactive(anon):   250800 kB
Active(file):     201684 kB
Inactive(file):   378560 kB
Unevictable:         292 kB
Mlocked:               0 kB
HighTotal:       1001472 kB
HighFree:           8728 kB
LowTotal:         419352 kB
LowFree:          120984 kB
SwapTotal:        786428 kB
SwapFree:         786428 kB
Dirty:               364 kB
Writeback:             0 kB
AnonPages:        460812 kB
Mapped:           203736 kB
Shmem:               988 kB
Slab:              42680 kB
SReclaimable:      14792 kB
SUnreclaim:        27888 kB
KernelStack:        9720 kB
PageTables:        15496 kB
NFS_Unstable:          0 kB
Bounce:                0 kB
WritebackTmp:          0 kB
CommitLimit:     1496840 kB
Committed_AS:   22469304 kB
VmallocTotal:     458752 kB
VmallocUsed:       86388 kB
VmallocChunk:     207900 kB
Time pass: 152 sec

---2015-12-01 14:34:51
MemTotal:        1420824 kB
MemFree:           93556 kB
Buffers:            8652 kB
Cached:           575132 kB
SwapCached:            0 kB
Active:           423368 kB
Inactive:         627556 kB
Active(anon):     217624 kB
Inactive(anon):   250796 kB
Active(file):     205744 kB
Inactive(file):   376760 kB
Unevictable:         292 kB
Mlocked:               0 kB
HighTotal:       1001472 kB
HighFree:           5052 kB
LowTotal:         419352 kB
LowFree:           88504 kB
SwapTotal:        786428 kB
SwapFree:         786428 kB
Dirty:                 0 kB
Writeback:             0 kB
AnonPages:        467408 kB
Mapped:           209960 kB
Shmem:               988 kB
Slab:              42680 kB
SReclaimable:      14816 kB
SUnreclaim:        27864 kB
KernelStack:        9688 kB
PageTables:        15564 kB
NFS_Unstable:          0 kB
Bounce:                0 kB
WritebackTmp:          0 kB
CommitLimit:     1496840 kB
Committed_AS:   22475776 kB
VmallocTotal:     458752 kB
VmallocUsed:       86408 kB
VmallocChunk:     207900 kB
Time pass: 172 sec

---2015-12-01 14:34:51
MemTotal:        1420824 kB
MemFree:           80404 kB
Buffers:            8652 kB
Cached:           575180 kB
SwapCached:            0 kB
Active:           428412 kB
Inactive:         627596 kB
Active(anon):     222660 kB
Inactive(anon):   250796 kB
Active(file):     205752 kB
Inactive(file):   376800 kB
Unevictable:         292 kB
Mlocked:               0 kB
HighTotal:       1001472 kB
HighFree:           5104 kB
LowTotal:         419352 kB
LowFree:           75300 kB
SwapTotal:        786428 kB
SwapFree:         786428 kB
Dirty:               512 kB
Writeback:             0 kB
AnonPages:        472532 kB
Mapped:           211568 kB
Shmem:               988 kB
Slab:              42588 kB
SReclaimable:      14832 kB
SUnreclaim:        27756 kB
KernelStack:        9704 kB
PageTables:        15600 kB
NFS_Unstable:          0 kB
Bounce:                0 kB
WritebackTmp:          0 kB
CommitLimit:     1496840 kB
Committed_AS:   22480448 kB
VmallocTotal:     458752 kB
VmallocUsed:       86452 kB
VmallocChunk:     207900 kB
Time pass: 175 sec

---2015-12-01 14:34:51
MemTotal:        1420824 kB
MemFree:           81280 kB
Buffers:            8664 kB
Cached:           575180 kB
SwapCached:            0 kB
Active:           428428 kB
Inactive:         627608 kB
Active(anon):     222676 kB
Inactive(anon):   250796 kB
Active(file):     205752 kB
Inactive(file):   376812 kB
Unevictable:         292 kB
Mlocked:               0 kB
HighTotal:       1001472 kB
HighFree:           5652 kB
LowTotal:         419352 kB
LowFree:           75628 kB
SwapTotal:        786428 kB
SwapFree:         786428 kB
Dirty:                68 kB
Writeback:             0 kB
AnonPages:        472484 kB
Mapped:           212060 kB
Shmem:               988 kB
Slab:              42728 kB
SReclaimable:      14832 kB
SUnreclaim:        27896 kB
KernelStack:        9712 kB
PageTables:        15604 kB
NFS_Unstable:          0 kB
Bounce:                0 kB
WritebackTmp:          0 kB
CommitLimit:     1496840 kB
Committed_AS:   22480440 kB
VmallocTotal:     458752 kB
VmallocUsed:       86420 kB
VmallocChunk:     207900 kB
Time pass: 178 sec

---2015-12-01 14:34:51
MemTotal:        1420824 kB
MemFree:           81172 kB
Buffers:            8664 kB
Cached:           575180 kB
SwapCached:            0 kB
Active:           428452 kB
Inactive:         627608 kB
Active(anon):     222700 kB
Inactive(anon):   250796 kB
Active(file):     205752 kB
Inactive(file):   376812 kB
Unevictable:         292 kB
Mlocked:               0 kB
HighTotal:       1001472 kB
HighFree:           5528 kB
LowTotal:         419352 kB
LowFree:           75644 kB
SwapTotal:        786428 kB
SwapFree:         786428 kB
Dirty:                68 kB
Writeback:             0 kB
AnonPages:        472500 kB
Mapped:           212068 kB
Shmem:               988 kB
Slab:              42740 kB
SReclaimable:      14832 kB
SUnreclaim:        27908 kB
KernelStack:        9704 kB
PageTables:        15604 kB
NFS_Unstable:          0 kB
Bounce:                0 kB
WritebackTmp:          0 kB
CommitLimit:     1496840 kB
Committed_AS:   22480448 kB
VmallocTotal:     458752 kB
VmallocUsed:       86420 kB
VmallocChunk:     207900 kB
Time pass: 182 sec

---2015-12-01 14:34:51
MemTotal:        1420824 kB
MemFree:           78204 kB
Buffers:            8680 kB
Cached:           575440 kB
SwapCached:            0 kB
Active:           432756 kB
Inactive:         626984 kB
Active(anon):     226112 kB
Inactive(anon):   250796 kB
Active(file):     206644 kB
Inactive(file):   376188 kB
Unevictable:         292 kB
Mlocked:               0 kB
HighTotal:       1001472 kB
HighFree:           5512 kB
LowTotal:         419352 kB
LowFree:           72692 kB
SwapTotal:        786428 kB
SwapFree:         786428 kB
Dirty:                52 kB
Writeback:             0 kB
AnonPages:        476132 kB
Mapped:           214148 kB
Shmem:               988 kB
Slab:              42708 kB
SReclaimable:      14832 kB
SUnreclaim:        27876 kB
KernelStack:        9776 kB
PageTables:        15632 kB
NFS_Unstable:          0 kB
Bounce:                0 kB
WritebackTmp:          0 kB
CommitLimit:     1496840 kB
Committed_AS:   22492480 kB
VmallocTotal:     458752 kB
VmallocUsed:       86560 kB
VmallocChunk:     207900 kB
Time pass: 185 sec

---2015-12-01 14:34:51
MemTotal:        1420824 kB
MemFree:           66772 kB
Buffers:            8704 kB
Cached:           575580 kB
SwapCached:            0 kB
Active:           437788 kB
Inactive:         627056 kB
Active(anon):     231048 kB
Inactive(anon):   250928 kB
Active(file):     206740 kB
Inactive(file):   376128 kB
Unevictable:         292 kB
Mlocked:               0 kB
HighTotal:       1001472 kB
HighFree:           5120 kB
LowTotal:         419352 kB
LowFree:           61652 kB
SwapTotal:        786428 kB
SwapFree:         786428 kB
Dirty:                44 kB
Writeback:             0 kB
AnonPages:        480956 kB
Mapped:           214440 kB
Shmem:              1124 kB
Slab:              42972 kB
SReclaimable:      14832 kB
SUnreclaim:        28140 kB
KernelStack:        9896 kB
PageTables:        15780 kB
NFS_Unstable:          0 kB
Bounce:                0 kB
WritebackTmp:          0 kB
CommitLimit:     1496840 kB
Committed_AS:   22507140 kB
VmallocTotal:     458752 kB
VmallocUsed:       88920 kB
VmallocChunk:     207900 kB
Time pass: 189 sec

---2015-12-01 14:34:51
MemTotal:        1420824 kB
MemFree:           55896 kB
Buffers:            8704 kB
Cached:           575768 kB
SwapCached:            0 kB
Active:           437976 kB
Inactive:         627240 kB
Active(anon):     231232 kB
Inactive(anon):   251112 kB
Active(file):     206744 kB
Inactive(file):   376128 kB
Unevictable:         292 kB
Mlocked:               0 kB
HighTotal:       1001472 kB
HighFree:           5120 kB
LowTotal:         419352 kB
LowFree:           50776 kB
SwapTotal:        786428 kB
SwapFree:         786428 kB
Dirty:                52 kB
Writeback:             0 kB
AnonPages:        481192 kB
Mapped:           214688 kB
Shmem:              1308 kB
Slab:              42956 kB
SReclaimable:      14840 kB
SUnreclaim:        28116 kB
KernelStack:        9896 kB
PageTables:        15828 kB
NFS_Unstable:          0 kB
Bounce:                0 kB
WritebackTmp:          0 kB
CommitLimit:     1496840 kB
Committed_AS:   22507208 kB
VmallocTotal:     458752 kB
VmallocUsed:       88952 kB
VmallocChunk:     207900 kB
Time pass: 192 sec

---2015-12-01 14:34:51
MemTotal:        1420824 kB
MemFree:           54668 kB
Buffers:            8712 kB
Cached:           575776 kB
SwapCached:            0 kB
Active:           439476 kB
Inactive:         627256 kB
Active(anon):     232732 kB
Inactive(anon):   251120 kB
Active(file):     206744 kB
Inactive(file):   376136 kB
Unevictable:         292 kB
Mlocked:               0 kB
HighTotal:       1001472 kB
HighFree:           5120 kB
LowTotal:         419352 kB
LowFree:           49548 kB
SwapTotal:        786428 kB
SwapFree:         786428 kB
Dirty:                36 kB
Writeback:             0 kB
AnonPages:        482452 kB
Mapped:           214696 kB
Shmem:              1316 kB
Slab:              42948 kB
SReclaimable:      14848 kB
SUnreclaim:        28100 kB
KernelStack:        9896 kB
PageTables:        15828 kB
NFS_Unstable:          0 kB
Bounce:                0 kB
WritebackTmp:          0 kB
CommitLimit:     1496840 kB
Committed_AS:   22508288 kB
VmallocTotal:     458752 kB
VmallocUsed:       88952 kB
VmallocChunk:     207900 kB
Time pass: 196 sec

---2015-12-01 14:34:51
MemTotal:        1420824 kB
MemFree:           37628 kB
Buffers:            8720 kB
Cached:           576592 kB
SwapCached:            0 kB
Active:           440292 kB
Inactive:         628080 kB
Active(anon):     233548 kB
Inactive(anon):   251936 kB
Active(file):     206744 kB
Inactive(file):   376144 kB
Unevictable:         292 kB
Mlocked:               0 kB
HighTotal:       1001472 kB
HighFree:           2048 kB
LowTotal:         419352 kB
LowFree:           35580 kB
SwapTotal:        786428 kB
SwapFree:         786428 kB
Dirty:                 4 kB
Writeback:             0 kB
AnonPages:        483564 kB
Mapped:           215388 kB
Shmem:              2132 kB
Slab:              43136 kB
SReclaimable:      14856 kB
SUnreclaim:        28280 kB
KernelStack:        9920 kB
PageTables:        15944 kB
NFS_Unstable:          0 kB
Bounce:                0 kB
WritebackTmp:          0 kB
CommitLimit:     1496840 kB
Committed_AS:   22516064 kB
VmallocTotal:     458752 kB
VmallocUsed:       88952 kB
VmallocChunk:     207900 kB
Time pass: 199 sec

---2015-12-01 14:34:51
MemTotal:        1420824 kB
MemFree:           42480 kB
Buffers:            8672 kB
Cached:           564868 kB
SwapCached:            0 kB
Active:           448596 kB
Inactive:         616840 kB
Active(anon):     240976 kB
Inactive(anon):   252492 kB
Active(file):     207620 kB
Inactive(file):   364348 kB
Unevictable:         292 kB
Mlocked:               0 kB
HighTotal:       1001472 kB
HighFree:           5144 kB
LowTotal:         419352 kB
LowFree:           37336 kB
SwapTotal:        786428 kB
SwapFree:         786428 kB
Dirty:                 0 kB
Writeback:             0 kB
AnonPages:        492180 kB
Mapped:           214824 kB
Shmem:              1280 kB
Slab:              43272 kB
SReclaimable:      14864 kB
SUnreclaim:        28408 kB
KernelStack:        9904 kB
PageTables:        15832 kB
NFS_Unstable:          0 kB
Bounce:                0 kB
WritebackTmp:          0 kB
CommitLimit:     1496840 kB
Committed_AS:   22519216 kB
VmallocTotal:     458752 kB
VmallocUsed:       88952 kB
VmallocChunk:     207900 kB
Time pass: 203 sec

---2015-12-01 14:34:51
MemTotal:        1420824 kB
MemFree:           48176 kB
Buffers:            8688 kB
Cached:           562876 kB
SwapCached:            0 kB
Active:           452556 kB
Inactive:         615452 kB
Active(anon):     244936 kB
Inactive(anon):   253152 kB
Active(file):     207620 kB
Inactive(file):   362300 kB
Unevictable:         292 kB
Mlocked:               0 kB
HighTotal:       1001472 kB
HighFree:           6248 kB
LowTotal:         419352 kB
LowFree:           41928 kB
SwapTotal:        786428 kB
SwapFree:         786428 kB
Dirty:                56 kB
Writeback:             0 kB
AnonPages:        496924 kB
Mapped:           214280 kB
Shmem:              1300 kB
Slab:              43116 kB
SReclaimable:      14864 kB
SUnreclaim:        28252 kB
KernelStack:        9896 kB
PageTables:        15868 kB
NFS_Unstable:          0 kB
Bounce:                0 kB
WritebackTmp:          0 kB
CommitLimit:     1496840 kB
Committed_AS:   22522608 kB
VmallocTotal:     458752 kB
VmallocUsed:       88952 kB
VmallocChunk:     207900 kB
Time pass: 207 sec

---2015-12-01 14:34:51
MemTotal:        1420824 kB
MemFree:           51196 kB
Buffers:            8720 kB
Cached:           562804 kB
SwapCached:            0 kB
Active:           452096 kB
Inactive:         615464 kB
Active(anon):     244476 kB
Inactive(anon):   253160 kB
Active(file):     207620 kB
Inactive(file):   362304 kB
Unevictable:         292 kB
Mlocked:               0 kB
HighTotal:       1001472 kB
HighFree:           5116 kB
LowTotal:         419352 kB
LowFree:           46080 kB
SwapTotal:        786428 kB
SwapFree:         786428 kB
Dirty:                 8 kB
Writeback:             0 kB
AnonPages:        496236 kB
Mapped:           212848 kB
Shmem:              1308 kB
Slab:              43056 kB
SReclaimable:      14864 kB
SUnreclaim:        28192 kB
KernelStack:        9896 kB
PageTables:        15876 kB
NFS_Unstable:          0 kB
Bounce:                0 kB
WritebackTmp:          0 kB
CommitLimit:     1496840 kB
Committed_AS:   22522308 kB
VmallocTotal:     458752 kB
VmallocUsed:       88920 kB
VmallocChunk:     207900 kB
Time pass: 211 sec

---2015-12-01 14:34:51
MemTotal:        1420824 kB
MemFree:           51396 kB
Buffers:            8736 kB
Cached:           562872 kB
SwapCached:            0 kB
Active:           451516 kB
Inactive:         615532 kB
Active(anon):     243896 kB
Inactive(anon):   253196 kB
Active(file):     207620 kB
Inactive(file):   362336 kB
Unevictable:         292 kB
Mlocked:               0 kB
HighTotal:       1001472 kB
HighFree:           5064 kB
LowTotal:         419352 kB
LowFree:           46332 kB
SwapTotal:        786428 kB
SwapFree:         786428 kB
Dirty:                 0 kB
Writeback:             0 kB
AnonPages:        495696 kB
Mapped:           212900 kB
Shmem:              1360 kB
Slab:              42992 kB
SReclaimable:      14864 kB
SUnreclaim:        28128 kB
KernelStack:        9888 kB
PageTables:        15876 kB
NFS_Unstable:          0 kB
Bounce:                0 kB
WritebackTmp:          0 kB
CommitLimit:     1496840 kB
Committed_AS:   22521220 kB
VmallocTotal:     458752 kB
VmallocUsed:       88952 kB
VmallocChunk:     207900 kB
Time pass: 215 sec

---2015-12-01 14:34:51
MemTotal:        1420824 kB
MemFree:           48800 kB
Buffers:            8744 kB
Cached:           562500 kB
SwapCached:            0 kB
Active:           452324 kB
Inactive:         615160 kB
Active(anon):     244700 kB
Inactive(anon):   252828 kB
Active(file):     207624 kB
Inactive(file):   362332 kB
Unevictable:         292 kB
Mlocked:               0 kB
HighTotal:       1001472 kB
HighFree:           5140 kB
LowTotal:         419352 kB
LowFree:           43660 kB
SwapTotal:        786428 kB
SwapFree:         786428 kB
Dirty:                44 kB
Writeback:             0 kB
AnonPages:        496536 kB
Mapped:           213088 kB
Shmem:               988 kB
Slab:              43148 kB
SReclaimable:      14856 kB
SUnreclaim:        28292 kB
KernelStack:        9728 kB
PageTables:        15732 kB
NFS_Unstable:          0 kB
Bounce:                0 kB
WritebackTmp:          0 kB
CommitLimit:     1496840 kB
Committed_AS:   22504452 kB
VmallocTotal:     458752 kB
VmallocUsed:       86520 kB
VmallocChunk:     207900 kB
Time pass: 218 sec

---2015-12-01 14:34:51
MemTotal:        1420824 kB
MemFree:           49104 kB
Buffers:            8744 kB
Cached:           562500 kB
SwapCached:            0 kB
Active:           452364 kB
Inactive:         615168 kB
Active(anon):     244740 kB
Inactive(anon):   252828 kB
Active(file):     207624 kB
Inactive(file):   362340 kB
Unevictable:         292 kB
Mlocked:               0 kB
HighTotal:       1001472 kB
HighFree:           5140 kB
LowTotal:         419352 kB
LowFree:           43964 kB
SwapTotal:        786428 kB
SwapFree:         786428 kB
Dirty:                44 kB
Writeback:             0 kB
AnonPages:        496600 kB
Mapped:           213272 kB
Shmem:               988 kB
Slab:              43008 kB
SReclaimable:      14856 kB
SUnreclaim:        28152 kB
KernelStack:        9712 kB
PageTables:        15732 kB
NFS_Unstable:          0 kB
Bounce:                0 kB
WritebackTmp:          0 kB
CommitLimit:     1496840 kB
Committed_AS:   22504396 kB
VmallocTotal:     458752 kB
VmallocUsed:       86436 kB
VmallocChunk:     207900 kB
Time pass: 222 sec

---2015-12-01 14:34:51
MemTotal:        1420824 kB
MemFree:           49152 kB
Buffers:            8752 kB
Cached:           562500 kB
SwapCached:            0 kB
Active:           452544 kB
Inactive:         615172 kB
Active(anon):     244920 kB
Inactive(anon):   252824 kB
Active(file):     207624 kB
Inactive(file):   362348 kB
Unevictable:         292 kB
Mlocked:               0 kB
HighTotal:       1001472 kB
HighFree:           5032 kB
LowTotal:         419352 kB
LowFree:           44120 kB
SwapTotal:        786428 kB
SwapFree:         786428 kB
Dirty:                 4 kB
Writeback:             0 kB
AnonPages:        496756 kB
Mapped:           213284 kB
Shmem:               988 kB
Slab:              42976 kB
SReclaimable:      14856 kB
SUnreclaim:        28120 kB
KernelStack:        9712 kB
PageTables:        15732 kB
NFS_Unstable:          0 kB
Bounce:                0 kB
WritebackTmp:          0 kB
CommitLimit:     1496840 kB
Committed_AS:   22504456 kB
VmallocTotal:     458752 kB
VmallocUsed:       86436 kB
VmallocChunk:     207900 kB
Time pass: 225 sec

---2015-12-01 14:34:51
MemTotal:        1420824 kB
MemFree:           48956 kB
Buffers:            8752 kB
Cached:           562500 kB
SwapCached:            0 kB
Active:           452568 kB
Inactive:         615172 kB
Active(anon):     244944 kB
Inactive(anon):   252824 kB
Active(file):     207624 kB
Inactive(file):   362348 kB
Unevictable:         292 kB
Mlocked:               0 kB
HighTotal:       1001472 kB
HighFree:           5036 kB
LowTotal:         419352 kB
LowFree:           43920 kB
SwapTotal:        786428 kB
SwapFree:         786428 kB
Dirty:                 4 kB
Writeback:             0 kB
AnonPages:        496800 kB
Mapped:           213284 kB
Shmem:               988 kB
Slab:              42916 kB
SReclaimable:      14856 kB
SUnreclaim:        28060 kB
KernelStack:        9712 kB
PageTables:        15732 kB
NFS_Unstable:          0 kB
Bounce:                0 kB
WritebackTmp:          0 kB
CommitLimit:     1496840 kB
Committed_AS:   22504456 kB
VmallocTotal:     458752 kB
VmallocUsed:       86436 kB
VmallocChunk:     207900 kB
Time pass: 229 sec

---2015-12-01 14:34:51
MemTotal:        1420824 kB
MemFree:           48912 kB
Buffers:            8760 kB
Cached:           562500 kB
SwapCached:            0 kB
Active:           452592 kB
Inactive:         615172 kB
Active(anon):     244968 kB
Inactive(anon):   252824 kB
Active(file):     207624 kB
Inactive(file):   362348 kB
Unevictable:         292 kB
Mlocked:               0 kB
HighTotal:       1001472 kB
HighFree:           5036 kB
LowTotal:         419352 kB
LowFree:           43876 kB
SwapTotal:        786428 kB
SwapFree:         786428 kB
Dirty:                 4 kB
Writeback:             0 kB
AnonPages:        496828 kB
Mapped:           213320 kB
Shmem:               988 kB
Slab:              42848 kB
SReclaimable:      14856 kB
SUnreclaim:        27992 kB
KernelStack:        9712 kB
PageTables:        15732 kB
NFS_Unstable:          0 kB
Bounce:                0 kB
WritebackTmp:          0 kB
CommitLimit:     1496840 kB
Committed_AS:   22504456 kB
VmallocTotal:     458752 kB
VmallocUsed:       86436 kB
VmallocChunk:     207900 kB
Time pass: 232 sec

---2015-12-01 14:34:51
MemTotal:        1420824 kB
MemFree:           48916 kB
Buffers:            8760 kB
Cached:           562500 kB
SwapCached:            0 kB
Active:           452616 kB
Inactive:         615180 kB
Active(anon):     244992 kB
Inactive(anon):   252824 kB
Active(file):     207624 kB
Inactive(file):   362356 kB
Unevictable:         292 kB
Mlocked:               0 kB
HighTotal:       1001472 kB
HighFree:           5036 kB
LowTotal:         419352 kB
LowFree:           43880 kB
SwapTotal:        786428 kB
SwapFree:         786428 kB
Dirty:                 4 kB
Writeback:             0 kB
AnonPages:        496852 kB
Mapped:           213320 kB
Shmem:               988 kB
Slab:              42816 kB
SReclaimable:      14856 kB
SUnreclaim:        27960 kB
KernelStack:        9712 kB
PageTables:        15732 kB
NFS_Unstable:          0 kB
Bounce:                0 kB
WritebackTmp:          0 kB
CommitLimit:     1496840 kB
Committed_AS:   22504456 kB
VmallocTotal:     458752 kB
VmallocUsed:       86436 kB
VmallocChunk:     207900 kB
Time pass: 236 sec

---2015-12-01 14:34:51
MemTotal:        1420824 kB
MemFree:           48968 kB
Buffers:            8760 kB
Cached:           562500 kB
SwapCached:            0 kB
Active:           452492 kB
Inactive:         615180 kB
Active(anon):     244868 kB
Inactive(anon):   252824 kB
Active(file):     207624 kB
Inactive(file):   362356 kB
Unevictable:         292 kB
Mlocked:               0 kB
HighTotal:       1001472 kB
HighFree:           5036 kB
LowTotal:         419352 kB
LowFree:           43932 kB
SwapTotal:        786428 kB
SwapFree:         786428 kB
Dirty:                 4 kB
Writeback:             0 kB
AnonPages:        496712 kB
Mapped:           213428 kB
Shmem:               988 kB
Slab:              42932 kB
SReclaimable:      14848 kB
SUnreclaim:        28084 kB
KernelStack:        9712 kB
PageTables:        15732 kB
NFS_Unstable:          0 kB
Bounce:                0 kB
WritebackTmp:          0 kB
CommitLimit:     1496840 kB
Committed_AS:   22504260 kB
VmallocTotal:     458752 kB
VmallocUsed:       86436 kB
VmallocChunk:     207900 kB
Time pass: 239 sec

---2015-12-01 14:34:51
MemTotal:        1420824 kB
MemFree:           49064 kB
Buffers:            8760 kB
Cached:           562500 kB
SwapCached:            0 kB
Active:           452524 kB
Inactive:         615180 kB
Active(anon):     244900 kB
Inactive(anon):   252824 kB
Active(file):     207624 kB
Inactive(file):   362356 kB
Unevictable:         292 kB
Mlocked:               0 kB
HighTotal:       1001472 kB
HighFree:           5036 kB
LowTotal:         419352 kB
LowFree:           44028 kB
SwapTotal:        786428 kB
SwapFree:         786428 kB
Dirty:                 4 kB
Writeback:             0 kB
AnonPages:        496752 kB
Mapped:           213428 kB
Shmem:               988 kB
Slab:              42836 kB
SReclaimable:      14848 kB
SUnreclaim:        27988 kB
KernelStack:        9712 kB
PageTables:        15732 kB
NFS_Unstable:          0 kB
Bounce:                0 kB
WritebackTmp:          0 kB
CommitLimit:     1496840 kB
Committed_AS:   22504260 kB
VmallocTotal:     458752 kB
VmallocUsed:       86436 kB
VmallocChunk:     207900 kB
Time pass: 243 sec

---2015-12-01 14:34:51
MemTotal:        1420824 kB
MemFree:           49020 kB
Buffers:            8768 kB
Cached:           562500 kB
SwapCached:            0 kB
Active:           452544 kB
Inactive:         615188 kB
Active(anon):     244920 kB
Inactive(anon):   252824 kB
Active(file):     207624 kB
Inactive(file):   362364 kB
Unevictable:         292 kB
Mlocked:               0 kB
HighTotal:       1001472 kB
HighFree:           5036 kB
LowTotal:         419352 kB
LowFree:           43984 kB
SwapTotal:        786428 kB
SwapFree:         786428 kB
Dirty:                 4 kB
Writeback:             0 kB
AnonPages:        496764 kB
Mapped:           213388 kB
Shmem:               988 kB
Slab:              42768 kB
SReclaimable:      14848 kB
SUnreclaim:        27920 kB
KernelStack:        9696 kB
PageTables:        15716 kB
NFS_Unstable:          0 kB
Bounce:                0 kB
WritebackTmp:          0 kB
CommitLimit:     1496840 kB
Committed_AS:   22504260 kB
VmallocTotal:     458752 kB
VmallocUsed:       86436 kB
VmallocChunk:     207900 kB
Time pass: 246 sec

---2015-12-01 14:34:51
MemTotal:        1420824 kB
MemFree:           48876 kB
Buffers:            8768 kB
Cached:           562500 kB
SwapCached:            0 kB
Active:           452596 kB
Inactive:         615188 kB
Active(anon):     244972 kB
Inactive(anon):   252824 kB
Active(file):     207624 kB
Inactive(file):   362364 kB
Unevictable:         292 kB
Mlocked:               0 kB
HighTotal:       1001472 kB
HighFree:           5036 kB
LowTotal:         419352 kB
LowFree:           43840 kB
SwapTotal:        786428 kB
SwapFree:         786428 kB
Dirty:                 0 kB
Writeback:             0 kB
AnonPages:        496828 kB
Mapped:           213428 kB
Shmem:               988 kB
Slab:              42904 kB
SReclaimable:      14848 kB
SUnreclaim:        28056 kB
KernelStack:        9712 kB
PageTables:        15732 kB
NFS_Unstable:          0 kB
Bounce:                0 kB
WritebackTmp:          0 kB
CommitLimit:     1496840 kB
Committed_AS:   22504260 kB
VmallocTotal:     458752 kB
VmallocUsed:       86436 kB
VmallocChunk:     207900 kB
Time pass: 250 sec

---2015-12-01 14:34:51
MemTotal:        1420824 kB
MemFree:           48924 kB
Buffers:            8768 kB
Cached:           562500 kB
SwapCached:            0 kB
Active:           452632 kB
Inactive:         615188 kB
Active(anon):     245008 kB
Inactive(anon):   252824 kB
Active(file):     207624 kB
Inactive(file):   362364 kB
Unevictable:         292 kB
Mlocked:               0 kB
HighTotal:       1001472 kB
HighFree:           5036 kB
LowTotal:         419352 kB
LowFree:           43888 kB
SwapTotal:        786428 kB
SwapFree:         786428 kB
Dirty:                 0 kB
Writeback:             0 kB
AnonPages:        496860 kB
Mapped:           213428 kB
Shmem:               988 kB
Slab:              42860 kB
SReclaimable:      14848 kB
SUnreclaim:        28012 kB
KernelStack:        9712 kB
PageTables:        15732 kB
NFS_Unstable:          0 kB
Bounce:                0 kB
WritebackTmp:          0 kB
CommitLimit:     1496840 kB
Committed_AS:   22504260 kB
VmallocTotal:     458752 kB
VmallocUsed:       86436 kB
VmallocChunk:     207900 kB
Time pass: 253 sec

---2015-12-01 14:34:51
MemTotal:        1420824 kB
MemFree:           48908 kB
Buffers:            8768 kB
Cached:           562500 kB
SwapCached:            0 kB
Active:           452668 kB
Inactive:         615188 kB
Active(anon):     245044 kB
Inactive(anon):   252824 kB
Active(file):     207624 kB
Inactive(file):   362364 kB
Unevictable:         292 kB
Mlocked:               0 kB
HighTotal:       1001472 kB
HighFree:           5036 kB
LowTotal:         419352 kB
LowFree:           43872 kB
SwapTotal:        786428 kB
SwapFree:         786428 kB
Dirty:                 0 kB
Writeback:             0 kB
AnonPages:        496904 kB
Mapped:           213428 kB
Shmem:               988 kB
Slab:              42860 kB
SReclaimable:      14848 kB
SUnreclaim:        28012 kB
KernelStack:        9712 kB
PageTables:        15732 kB
NFS_Unstable:          0 kB
Bounce:                0 kB
WritebackTmp:          0 kB
CommitLimit:     1496840 kB
Committed_AS:   22504260 kB
VmallocTotal:     458752 kB
VmallocUsed:       86436 kB
VmallocChunk:     207900 kB
Time pass: 256 sec

---2015-12-01 14:34:51
MemTotal:        1420824 kB
MemFree:           48768 kB
Buffers:            8768 kB
Cached:           562500 kB
SwapCached:            0 kB
Active:           452708 kB
Inactive:         615188 kB
Active(anon):     245084 kB
Inactive(anon):   252824 kB
Active(file):     207624 kB
Inactive(file):   362364 kB
Unevictable:         292 kB
Mlocked:               0 kB
HighTotal:       1001472 kB
HighFree:           5036 kB
LowTotal:         419352 kB
LowFree:           43732 kB
SwapTotal:        786428 kB
SwapFree:         786428 kB
Dirty:                 0 kB
Writeback:             0 kB
AnonPages:        496944 kB
Mapped:           213428 kB
Shmem:               988 kB
Slab:              42892 kB
SReclaimable:      14848 kB
SUnreclaim:        28044 kB
KernelStack:        9712 kB
PageTables:        15732 kB
NFS_Unstable:          0 kB
Bounce:                0 kB
WritebackTmp:          0 kB
CommitLimit:     1496840 kB
Committed_AS:   22504260 kB
VmallocTotal:     458752 kB
VmallocUsed:       86436 kB
VmallocChunk:     207900 kB
Time pass: 260 sec

---2015-12-01 14:34:51
MemTotal:        1420824 kB
MemFree:           48764 kB
Buffers:            8768 kB
Cached:           562500 kB
SwapCached:            0 kB
Active:           452800 kB
Inactive:         615188 kB
Active(anon):     245176 kB
Inactive(anon):   252824 kB
Active(file):     207624 kB
Inactive(file):   362364 kB
Unevictable:         292 kB
Mlocked:               0 kB
HighTotal:       1001472 kB
HighFree:           5036 kB
LowTotal:         419352 kB
LowFree:           43728 kB
SwapTotal:        786428 kB
SwapFree:         786428 kB
Dirty:                 0 kB
Writeback:             0 kB
AnonPages:        497032 kB
Mapped:           213428 kB
Shmem:               988 kB
Slab:              42892 kB
SReclaimable:      14848 kB
SUnreclaim:        28044 kB
KernelStack:        9712 kB
PageTables:        15732 kB
NFS_Unstable:          0 kB
Bounce:                0 kB
WritebackTmp:          0 kB
CommitLimit:     1496840 kB
Committed_AS:   22504260 kB
VmallocTotal:     458752 kB
VmallocUsed:       86436 kB
VmallocChunk:     207900 kB
Time pass: 263 sec

---2015-12-01 14:34:51
MemTotal:        1420824 kB
MemFree:           48384 kB
Buffers:            8776 kB
Cached:           562500 kB
SwapCached:            0 kB
Active:           453236 kB
Inactive:         615196 kB
Active(anon):     245612 kB
Inactive(anon):   252824 kB
Active(file):     207624 kB
Inactive(file):   362372 kB
Unevictable:         292 kB
Mlocked:               0 kB
HighTotal:       1001472 kB
HighFree:           5036 kB
LowTotal:         419352 kB
LowFree:           43348 kB
SwapTotal:        786428 kB
SwapFree:         786428 kB
Dirty:                36 kB
Writeback:             0 kB
AnonPages:        497480 kB
Mapped:           213428 kB
Shmem:               988 kB
Slab:              42892 kB
SReclaimable:      14848 kB
SUnreclaim:        28044 kB
KernelStack:        9720 kB
PageTables:        15732 kB
NFS_Unstable:          0 kB
Bounce:                0 kB
WritebackTmp:          0 kB
CommitLimit:     1496840 kB
Committed_AS:   22504284 kB
VmallocTotal:     458752 kB
VmallocUsed:       86436 kB
VmallocChunk:     207900 kB
Time pass: 267 sec

---2015-12-01 14:34:51
MemTotal:        1420824 kB
MemFree:           48136 kB
Buffers:            8784 kB
Cached:           562492 kB
SwapCached:            0 kB
Active:           453312 kB
Inactive:         615196 kB
Active(anon):     245688 kB
Inactive(anon):   252824 kB
Active(file):     207624 kB
Inactive(file):   362372 kB
Unevictable:         292 kB
Mlocked:               0 kB
HighTotal:       1001472 kB
HighFree:           5036 kB
LowTotal:         419352 kB
LowFree:           43100 kB
SwapTotal:        786428 kB
SwapFree:         786428 kB
Dirty:                40 kB
Writeback:             0 kB
AnonPages:        497532 kB
Mapped:           213428 kB
Shmem:               988 kB
Slab:              42892 kB
SReclaimable:      14848 kB
SUnreclaim:        28044 kB
KernelStack:        9720 kB
PageTables:        15732 kB
NFS_Unstable:          0 kB
Bounce:                0 kB
WritebackTmp:          0 kB
CommitLimit:     1496840 kB
Committed_AS:   22504284 kB
VmallocTotal:     458752 kB
VmallocUsed:       86436 kB
VmallocChunk:     207900 kB
Time pass: 270 sec

---2015-12-01 14:34:51
MemTotal:        1420824 kB
MemFree:           48152 kB
Buffers:            8784 kB
Cached:           562500 kB
SwapCached:            0 kB
Active:           453332 kB
Inactive:         615204 kB
Active(anon):     245708 kB
Inactive(anon):   252824 kB
Active(file):     207624 kB
Inactive(file):   362380 kB
Unevictable:         292 kB
Mlocked:               0 kB
HighTotal:       1001472 kB
HighFree:           5436 kB
LowTotal:         419352 kB
LowFree:           42716 kB
SwapTotal:        786428 kB
SwapFree:         786428 kB
Dirty:                28 kB
Writeback:             0 kB
AnonPages:        497544 kB
Mapped:           213428 kB
Shmem:               988 kB
Slab:              42916 kB
SReclaimable:      14848 kB
SUnreclaim:        28068 kB
KernelStack:        9720 kB
PageTables:        15732 kB
NFS_Unstable:          0 kB
Bounce:                0 kB
WritebackTmp:          0 kB
CommitLimit:     1496840 kB
Committed_AS:   22504284 kB
VmallocTotal:     458752 kB
VmallocUsed:       86436 kB
VmallocChunk:     207900 kB
Time pass: 274 sec

---2015-12-01 14:34:51
MemTotal:        1420824 kB
MemFree:           48896 kB
Buffers:            8784 kB
Cached:           562500 kB
SwapCached:            0 kB
Active:           452552 kB
Inactive:         615204 kB
Active(anon):     244928 kB
Inactive(anon):   252824 kB
Active(file):     207624 kB
Inactive(file):   362380 kB
Unevictable:         292 kB
Mlocked:               0 kB
HighTotal:       1001472 kB
HighFree:           5436 kB
LowTotal:         419352 kB
LowFree:           43460 kB
SwapTotal:        786428 kB
SwapFree:         786428 kB
Dirty:                 0 kB
Writeback:             0 kB
AnonPages:        496752 kB
Mapped:           213428 kB
Shmem:               988 kB
Slab:              42896 kB
SReclaimable:      14848 kB
SUnreclaim:        28048 kB
KernelStack:        9720 kB
PageTables:        15728 kB
NFS_Unstable:          0 kB
Bounce:                0 kB
WritebackTmp:          0 kB
CommitLimit:     1496840 kB
Committed_AS:   22504284 kB
VmallocTotal:     458752 kB
VmallocUsed:       86436 kB
VmallocChunk:     207900 kB
Time pass: 277 sec

---2015-12-01 14:34:51
MemTotal:        1420824 kB
MemFree:           48828 kB
Buffers:            8784 kB
Cached:           562500 kB
SwapCached:            0 kB
Active:           452560 kB
Inactive:         615204 kB
Active(anon):     244936 kB
Inactive(anon):   252824 kB
Active(file):     207624 kB
Inactive(file):   362380 kB
Unevictable:         292 kB
Mlocked:               0 kB
HighTotal:       1001472 kB
HighFree:           5336 kB
LowTotal:         419352 kB
LowFree:           43492 kB
SwapTotal:        786428 kB
SwapFree:         786428 kB
Dirty:                 0 kB
Writeback:             0 kB
AnonPages:        496768 kB
Mapped:           213428 kB
Shmem:               988 kB
Slab:              42864 kB
SReclaimable:      14848 kB
SUnreclaim:        28016 kB
KernelStack:        9720 kB
PageTables:        15732 kB
NFS_Unstable:          0 kB
Bounce:                0 kB
WritebackTmp:          0 kB
CommitLimit:     1496840 kB
Committed_AS:   22504284 kB
VmallocTotal:     458752 kB
VmallocUsed:       86436 kB
VmallocChunk:     207900 kB
Time pass: 281 sec

---2015-12-01 14:34:51
MemTotal:        1420824 kB
MemFree:           48812 kB
Buffers:            8784 kB
Cached:           562500 kB
SwapCached:            0 kB
Active:           452588 kB
Inactive:         615204 kB
Active(anon):     244964 kB
Inactive(anon):   252824 kB
Active(file):     207624 kB
Inactive(file):   362380 kB
Unevictable:         292 kB
Mlocked:               0 kB
HighTotal:       1001472 kB
HighFree:           5320 kB
LowTotal:         419352 kB
LowFree:           43492 kB
SwapTotal:        786428 kB
SwapFree:         786428 kB
Dirty:                 0 kB
Writeback:             0 kB
AnonPages:        496788 kB
Mapped:           213428 kB
Shmem:               988 kB
Slab:              42888 kB
SReclaimable:      14848 kB
SUnreclaim:        28040 kB
KernelStack:        9720 kB
PageTables:        15732 kB
NFS_Unstable:          0 kB
Bounce:                0 kB
WritebackTmp:          0 kB
CommitLimit:     1496840 kB
Committed_AS:   22504284 kB
VmallocTotal:     458752 kB
VmallocUsed:       86436 kB
VmallocChunk:     207900 kB
Time pass: 284 sec

---2015-12-01 14:34:51
MemTotal:        1420824 kB
MemFree:           48796 kB
Buffers:            8784 kB
Cached:           562500 kB
SwapCached:            0 kB
Active:           452796 kB
Inactive:         615200 kB
Active(anon):     245172 kB
Inactive(anon):   252820 kB
Active(file):     207624 kB
Inactive(file):   362380 kB
Unevictable:         292 kB
Mlocked:               0 kB
HighTotal:       1001472 kB
HighFree:           5336 kB
LowTotal:         419352 kB
LowFree:           43460 kB
SwapTotal:        786428 kB
SwapFree:         786428 kB
Dirty:                 0 kB
Writeback:             0 kB
AnonPages:        497004 kB
Mapped:           213428 kB
Shmem:               988 kB
Slab:              42900 kB
SReclaimable:      14848 kB
SUnreclaim:        28052 kB
KernelStack:        9720 kB
PageTables:        15732 kB
NFS_Unstable:          0 kB
Bounce:                0 kB
WritebackTmp:          0 kB
CommitLimit:     1496840 kB
Committed_AS:   22504348 kB
VmallocTotal:     458752 kB
VmallocUsed:       86436 kB
VmallocChunk:     207900 kB
Time pass: 287 sec

---2015-12-01 14:34:51
MemTotal:        1420824 kB
MemFree:           48672 kB
Buffers:            8792 kB
Cached:           562492 kB
SwapCached:            0 kB
Active:           452852 kB
Inactive:         615200 kB
Active(anon):     245228 kB
Inactive(anon):   252820 kB
Active(file):     207624 kB
Inactive(file):   362380 kB
Unevictable:         292 kB
Mlocked:               0 kB
HighTotal:       1001472 kB
HighFree:           5212 kB
LowTotal:         419352 kB
LowFree:           43460 kB
SwapTotal:        786428 kB
SwapFree:         786428 kB
Dirty:                 0 kB
Writeback:             0 kB
AnonPages:        497052 kB
Mapped:           213428 kB
Shmem:               988 kB
Slab:              42900 kB
SReclaimable:      14848 kB
SUnreclaim:        28052 kB
KernelStack:        9720 kB
PageTables:        15732 kB
NFS_Unstable:          0 kB
Bounce:                0 kB
WritebackTmp:          0 kB
CommitLimit:     1496840 kB
Committed_AS:   22504348 kB
VmallocTotal:     458752 kB
VmallocUsed:       86436 kB
VmallocChunk:     207900 kB
Time pass: 291 sec

---2015-12-01 14:34:51
MemTotal:        1420824 kB
MemFree:           48920 kB
Buffers:            8792 kB
Cached:           562500 kB
SwapCached:            0 kB
Active:           452896 kB
Inactive:         615208 kB
Active(anon):     245272 kB
Inactive(anon):   252820 kB
Active(file):     207624 kB
Inactive(file):   362388 kB
Unevictable:         292 kB
Mlocked:               0 kB
HighTotal:       1001472 kB
HighFree:           5500 kB
LowTotal:         419352 kB
LowFree:           43420 kB
SwapTotal:        786428 kB
SwapFree:         786428 kB
Dirty:                 8 kB
Writeback:             0 kB
AnonPages:        497104 kB
Mapped:           213428 kB
Shmem:               988 kB
Slab:              42920 kB
SReclaimable:      14848 kB
SUnreclaim:        28072 kB
KernelStack:        9720 kB
PageTables:        15728 kB
NFS_Unstable:          0 kB
Bounce:                0 kB
WritebackTmp:          0 kB
CommitLimit:     1496840 kB
Committed_AS:   22504348 kB
VmallocTotal:     458752 kB
VmallocUsed:       86436 kB
VmallocChunk:     207900 kB
Time pass: 294 sec

---2015-12-01 14:34:51
MemTotal:        1420824 kB
MemFree:           51340 kB
Buffers:            8800 kB
Cached:           562720 kB
SwapCached:            0 kB
Active:           451488 kB
Inactive:         615432 kB
Active(anon):     243864 kB
Inactive(anon):   253040 kB
Active(file):     207624 kB
Inactive(file):   362392 kB
Unevictable:         292 kB
Mlocked:               0 kB
HighTotal:       1001472 kB
HighFree:           5112 kB
LowTotal:         419352 kB
LowFree:           46228 kB
SwapTotal:        786428 kB
SwapFree:         786428 kB
Dirty:                 8 kB
Writeback:             0 kB
AnonPages:        495768 kB
Mapped:           213644 kB
Shmem:              1212 kB
Slab:              43000 kB
SReclaimable:      14848 kB
SUnreclaim:        28152 kB
KernelStack:        9888 kB
PageTables:        15884 kB
NFS_Unstable:          0 kB
Bounce:                0 kB
WritebackTmp:          0 kB
CommitLimit:     1496840 kB
Committed_AS:   22518620 kB
VmallocTotal:     458752 kB
VmallocUsed:       88920 kB
VmallocChunk:     207900 kB
Time pass: 298 sec

---2015-12-01 14:34:51
MemTotal:        1420824 kB
MemFree:           48876 kB
Buffers:            8816 kB
Cached:           562876 kB
SwapCached:            0 kB
Active:           452812 kB
Inactive:         615600 kB
Active(anon):     245184 kB
Inactive(anon):   253188 kB
Active(file):     207628 kB
Inactive(file):   362412 kB
Unevictable:         292 kB
Mlocked:               0 kB
HighTotal:       1001472 kB
HighFree:           5116 kB
LowTotal:         419352 kB
LowFree:           43760 kB
SwapTotal:        786428 kB
SwapFree:         786428 kB
Dirty:                 0 kB
Writeback:             0 kB
AnonPages:        497068 kB
Mapped:           213588 kB
Shmem:              1360 kB
Slab:              43052 kB
SReclaimable:      14864 kB
SUnreclaim:        28188 kB
KernelStack:        9888 kB
PageTables:        15884 kB
NFS_Unstable:          0 kB
Bounce:                0 kB
WritebackTmp:          0 kB
CommitLimit:     1496840 kB
Committed_AS:   22520056 kB
VmallocTotal:     458752 kB
VmallocUsed:       88920 kB
VmallocChunk:     207900 kB
Time pass: 302 sec

---2015-12-01 14:34:51
MemTotal:        1420824 kB
MemFree:           48236 kB
Buffers:            8824 kB
Cached:           562876 kB
SwapCached:            0 kB
Active:           452932 kB
Inactive:         615600 kB
Active(anon):     245304 kB
Inactive(anon):   253188 kB
Active(file):     207628 kB
Inactive(file):   362412 kB
Unevictable:         292 kB
Mlocked:               0 kB
HighTotal:       1001472 kB
HighFree:           5116 kB
LowTotal:         419352 kB
LowFree:           43120 kB
SwapTotal:        786428 kB
SwapFree:         786428 kB
Dirty:                36 kB
Writeback:             0 kB
AnonPages:        497064 kB
Mapped:           213488 kB
Shmem:              1360 kB
Slab:              43196 kB
SReclaimable:      14864 kB
SUnreclaim:        28332 kB
KernelStack:        9896 kB
PageTables:        15892 kB
NFS_Unstable:          0 kB
Bounce:                0 kB
WritebackTmp:          0 kB
CommitLimit:     1496840 kB
Committed_AS:   22520072 kB
VmallocTotal:     458752 kB
VmallocUsed:       88952 kB
VmallocChunk:     207900 kB
Time pass: 305 sec

---2015-12-01 14:34:51
MemTotal:        1420824 kB
MemFree:           48920 kB
Buffers:            8840 kB
Cached:           562884 kB
SwapCached:            0 kB
Active:           452936 kB
Inactive:         615632 kB
Active(anon):     245308 kB
Inactive(anon):   253196 kB
Active(file):     207628 kB
Inactive(file):   362436 kB
Unevictable:         292 kB
Mlocked:               0 kB
HighTotal:       1001472 kB
HighFree:           5116 kB
LowTotal:         419352 kB
LowFree:           43804 kB
SwapTotal:        786428 kB
SwapFree:         786428 kB
Dirty:                48 kB
Writeback:             0 kB
AnonPages:        497116 kB
Mapped:           213600 kB
Shmem:              1368 kB
Slab:              43112 kB
SReclaimable:      14872 kB
SUnreclaim:        28240 kB
KernelStack:        9888 kB
PageTables:        15888 kB
NFS_Unstable:          0 kB
Bounce:                0 kB
WritebackTmp:          0 kB
CommitLimit:     1496840 kB
Committed_AS:   22520000 kB
VmallocTotal:     458752 kB
VmallocUsed:       88920 kB
VmallocChunk:     207900 kB
Time pass: 309 sec

---2015-12-01 14:34:51
MemTotal:        1420824 kB
MemFree:           48084 kB
Buffers:            8856 kB
Cached:           562868 kB
SwapCached:            0 kB
Active:           453184 kB
Inactive:         615632 kB
Active(anon):     245556 kB
Inactive(anon):   253196 kB
Active(file):     207628 kB
Inactive(file):   362436 kB
Unevictable:         292 kB
Mlocked:               0 kB
HighTotal:       1001472 kB
HighFree:           5116 kB
LowTotal:         419352 kB
LowFree:           42968 kB
SwapTotal:        786428 kB
SwapFree:         786428 kB
Dirty:                 0 kB
Writeback:             0 kB
AnonPages:        497412 kB
Mapped:           213648 kB
Shmem:              1368 kB
Slab:              43128 kB
SReclaimable:      14872 kB
SUnreclaim:        28256 kB
KernelStack:        9896 kB
PageTables:        15892 kB
NFS_Unstable:          0 kB
Bounce:                0 kB
WritebackTmp:          0 kB
CommitLimit:     1496840 kB
Committed_AS:   22520104 kB
VmallocTotal:     458752 kB
VmallocUsed:       88952 kB
VmallocChunk:     207900 kB
Time pass: 312 sec

---2015-12-01 14:34:51
MemTotal:        1420824 kB
MemFree:           48368 kB
Buffers:            8856 kB
Cached:           562884 kB
SwapCached:            0 kB
Active:           453220 kB
Inactive:         615648 kB
Active(anon):     245592 kB
Inactive(anon):   253196 kB
Active(file):     207628 kB
Inactive(file):   362452 kB
Unevictable:         292 kB
Mlocked:               0 kB
HighTotal:       1001472 kB
HighFree:           5044 kB
LowTotal:         419352 kB
LowFree:           43324 kB
SwapTotal:        786428 kB
SwapFree:         786428 kB
Dirty:                40 kB
Writeback:             0 kB
AnonPages:        497492 kB
Mapped:           213656 kB
Shmem:              1368 kB
Slab:              43096 kB
SReclaimable:      14888 kB
SUnreclaim:        28208 kB
KernelStack:        9896 kB
PageTables:        15892 kB
NFS_Unstable:          0 kB
Bounce:                0 kB
WritebackTmp:          0 kB
CommitLimit:     1496840 kB
Committed_AS:   22520076 kB
VmallocTotal:     458752 kB
VmallocUsed:       88952 kB
VmallocChunk:     207900 kB
Time pass: 315 sec

---2015-12-01 14:34:51
MemTotal:        1420824 kB
MemFree:           48640 kB
Buffers:            8864 kB
Cached:           562884 kB
SwapCached:            0 kB
Active:           452464 kB
Inactive:         615656 kB
Active(anon):     244836 kB
Inactive(anon):   253196 kB
Active(file):     207628 kB
Inactive(file):   362460 kB
Unevictable:         292 kB
Mlocked:               0 kB
HighTotal:       1001472 kB
HighFree:           5068 kB
LowTotal:         419352 kB
LowFree:           43572 kB
SwapTotal:        786428 kB
SwapFree:         786428 kB
Dirty:                28 kB
Writeback:             0 kB
AnonPages:        496628 kB
Mapped:           213656 kB
Shmem:              1368 kB
Slab:              43248 kB
SReclaimable:      14892 kB
SUnreclaim:        28356 kB
KernelStack:        9888 kB
PageTables:        15892 kB
NFS_Unstable:          0 kB
Bounce:                0 kB
WritebackTmp:          0 kB
CommitLimit:     1496840 kB
Committed_AS:   22520032 kB
VmallocTotal:     458752 kB
VmallocUsed:       88952 kB
VmallocChunk:     207900 kB
Time pass: 319 sec

---2015-12-01 14:34:51
MemTotal:        1420824 kB
MemFree:           49796 kB
Buffers:            8880 kB
Cached:           562884 kB
SwapCached:            0 kB
Active:           452536 kB
Inactive:         615672 kB
Active(anon):     244908 kB
Inactive(anon):   253196 kB
Active(file):     207628 kB
Inactive(file):   362476 kB
Unevictable:         292 kB
Mlocked:               0 kB
HighTotal:       1001472 kB
HighFree:           5104 kB
LowTotal:         419352 kB
LowFree:           44692 kB
SwapTotal:        786428 kB
SwapFree:         786428 kB
Dirty:                 0 kB
Writeback:             0 kB
AnonPages:        496808 kB
Mapped:           213612 kB
Shmem:              1368 kB
Slab:              43180 kB
SReclaimable:      14892 kB
SUnreclaim:        28288 kB
KernelStack:        9888 kB
PageTables:        15892 kB
NFS_Unstable:          0 kB
Bounce:                0 kB
WritebackTmp:          0 kB
CommitLimit:     1496840 kB
Committed_AS:   22518852 kB
VmallocTotal:     458752 kB
VmallocUsed:       88920 kB
VmallocChunk:     207900 kB
Time pass: 323 sec

---2015-12-01 14:34:51
MemTotal:        1420824 kB
MemFree:           48104 kB
Buffers:            8888 kB
Cached:           562960 kB
SwapCached:            0 kB
Active:           453848 kB
Inactive:         615732 kB
Active(anon):     246220 kB
Inactive(anon):   253248 kB
Active(file):     207628 kB
Inactive(file):   362484 kB
Unevictable:         292 kB
Mlocked:               0 kB
HighTotal:       1001472 kB
HighFree:           5104 kB
LowTotal:         419352 kB
LowFree:           43000 kB
SwapTotal:        786428 kB
SwapFree:         786428 kB
Dirty:                28 kB
Writeback:             0 kB
AnonPages:        498068 kB
Mapped:           213736 kB
Shmem:              1444 kB
Slab:              43144 kB
SReclaimable:      14888 kB
SUnreclaim:        28256 kB
KernelStack:        9880 kB
PageTables:        15892 kB
NFS_Unstable:          0 kB
Bounce:                0 kB
WritebackTmp:          0 kB
CommitLimit:     1496840 kB
Committed_AS:   22519892 kB
VmallocTotal:     458752 kB
VmallocUsed:       88952 kB
VmallocChunk:     207900 kB
Time pass: 326 sec

---2015-12-01 14:34:51
MemTotal:        1420824 kB
MemFree:           48448 kB
Buffers:            8904 kB
Cached:           562968 kB
SwapCached:            0 kB
Active:           453816 kB
Inactive:         615780 kB
Active(anon):     246188 kB
Inactive(anon):   253280 kB
Active(file):     207628 kB
Inactive(file):   362500 kB
Unevictable:         292 kB
Mlocked:               0 kB
HighTotal:       1001472 kB
HighFree:           5264 kB
LowTotal:         419352 kB
LowFree:           43184 kB
SwapTotal:        786428 kB
SwapFree:         786428 kB
Dirty:                 0 kB
Writeback:             0 kB
AnonPages:        498056 kB
Mapped:           213700 kB
Shmem:              1452 kB
Slab:              43132 kB
SReclaimable:      14892 kB
SUnreclaim:        28240 kB
KernelStack:        9880 kB
PageTables:        15888 kB
NFS_Unstable:          0 kB
Bounce:                0 kB
WritebackTmp:          0 kB
CommitLimit:     1496840 kB
Committed_AS:   22519824 kB
VmallocTotal:     458752 kB
VmallocUsed:       88920 kB
VmallocChunk:     207900 kB
Time pass: 330 sec

---2015-12-01 14:34:51
MemTotal:        1420824 kB
MemFree:           49108 kB
Buffers:            8912 kB
Cached:           562976 kB
SwapCached:            0 kB
Active:           452960 kB
Inactive:         615780 kB
Active(anon):     245332 kB
Inactive(anon):   253280 kB
Active(file):     207628 kB
Inactive(file):   362500 kB
Unevictable:         292 kB
Mlocked:               0 kB
HighTotal:       1001472 kB
HighFree:           5120 kB
LowTotal:         419352 kB
LowFree:           43988 kB
SwapTotal:        786428 kB
SwapFree:         786428 kB
Dirty:                 0 kB
Writeback:             0 kB
AnonPages:        497164 kB
Mapped:           213708 kB
Shmem:              1460 kB
Slab:              43116 kB
SReclaimable:      14896 kB
SUnreclaim:        28220 kB
KernelStack:        9880 kB
PageTables:        15888 kB
NFS_Unstable:          0 kB
Bounce:                0 kB
WritebackTmp:          0 kB
CommitLimit:     1496840 kB
Committed_AS:   22519852 kB
VmallocTotal:     458752 kB
VmallocUsed:       88920 kB
VmallocChunk:     207900 kB
Time pass: 333 sec

---2015-12-01 14:34:51
MemTotal:        1420824 kB
MemFree:           48560 kB
Buffers:            8928 kB
Cached:           562976 kB
SwapCached:            0 kB
Active:           453388 kB
Inactive:         615812 kB
Active(anon):     245760 kB
Inactive(anon):   253288 kB
Active(file):     207628 kB
Inactive(file):   362524 kB
Unevictable:         292 kB
Mlocked:               0 kB
HighTotal:       1001472 kB
HighFree:           5144 kB
LowTotal:         419352 kB
LowFree:           43416 kB
SwapTotal:        786428 kB
SwapFree:         786428 kB
Dirty:                44 kB
Writeback:             0 kB
AnonPages:        497592 kB
Mapped:           213712 kB
Shmem:              1460 kB
Slab:              43052 kB
SReclaimable:      14896 kB
SUnreclaim:        28156 kB
KernelStack:        9880 kB
PageTables:        15888 kB
NFS_Unstable:          0 kB
Bounce:                0 kB
WritebackTmp:          0 kB
CommitLimit:     1496840 kB
Committed_AS:   22520072 kB
VmallocTotal:     458752 kB
VmallocUsed:       88920 kB
VmallocChunk:     207900 kB
Time pass: 336 sec

---2015-12-01 14:34:51
MemTotal:        1420824 kB
MemFree:           49076 kB
Buffers:            8944 kB
Cached:           562976 kB
SwapCached:            0 kB
Active:           453468 kB
Inactive:         615820 kB
Active(anon):     245840 kB
Inactive(anon):   253288 kB
Active(file):     207628 kB
Inactive(file):   362532 kB
Unevictable:         292 kB
Mlocked:               0 kB
HighTotal:       1001472 kB
HighFree:           5144 kB
LowTotal:         419352 kB
LowFree:           43932 kB
SwapTotal:        786428 kB
SwapFree:         786428 kB
Dirty:                40 kB
Writeback:             0 kB
AnonPages:        497720 kB
Mapped:           213712 kB
Shmem:              1460 kB
Slab:              43104 kB
SReclaimable:      14896 kB
SUnreclaim:        28208 kB
KernelStack:        9896 kB
PageTables:        15892 kB
NFS_Unstable:          0 kB
Bounce:                0 kB
WritebackTmp:          0 kB
CommitLimit:     1496840 kB
Committed_AS:   22520160 kB
VmallocTotal:     458752 kB
VmallocUsed:       88920 kB
VmallocChunk:     207900 kB
Time pass: 340 sec

---2015-12-01 14:34:51
MemTotal:        1420824 kB
MemFree:           47960 kB
Buffers:            8944 kB
Cached:           562976 kB
SwapCached:            0 kB
Active:           453204 kB
Inactive:         615828 kB
Active(anon):     245576 kB
Inactive(anon):   253288 kB
Active(file):     207628 kB
Inactive(file):   362540 kB
Unevictable:         292 kB
Mlocked:               0 kB
HighTotal:       1001472 kB
HighFree:           5144 kB
LowTotal:         419352 kB
LowFree:           42816 kB
SwapTotal:        786428 kB
SwapFree:         786428 kB
Dirty:                40 kB
Writeback:             0 kB
AnonPages:        497504 kB
Mapped:           213616 kB
Shmem:              1460 kB
Slab:              43228 kB
SReclaimable:      14896 kB
SUnreclaim:        28332 kB
KernelStack:        9888 kB
PageTables:        15892 kB
NFS_Unstable:          0 kB
Bounce:                0 kB
WritebackTmp:          0 kB
CommitLimit:     1496840 kB
Committed_AS:   22520064 kB
VmallocTotal:     458752 kB
VmallocUsed:       88952 kB
VmallocChunk:     207900 kB
Time pass: 343 sec

---2015-12-01 14:34:51
MemTotal:        1420824 kB
MemFree:           48136 kB
Buffers:            8968 kB
Cached:           562960 kB
SwapCached:            0 kB
Active:           453184 kB
Inactive:         615824 kB
Active(anon):     245556 kB
Inactive(anon):   253276 kB
Active(file):     207628 kB
Inactive(file):   362548 kB
Unevictable:         292 kB
Mlocked:               0 kB
HighTotal:       1001472 kB
HighFree:           5108 kB
LowTotal:         419352 kB
LowFree:           43028 kB
SwapTotal:        786428 kB
SwapFree:         786428 kB
Dirty:                32 kB
Writeback:             0 kB
AnonPages:        497540 kB
Mapped:           213764 kB
Shmem:              1460 kB
Slab:              43384 kB
SReclaimable:      14896 kB
SUnreclaim:        28488 kB
KernelStack:        9888 kB
PageTables:        15892 kB
NFS_Unstable:          0 kB
Bounce:                0 kB
WritebackTmp:          0 kB
CommitLimit:     1496840 kB
Committed_AS:   22520152 kB
VmallocTotal:     458752 kB
VmallocUsed:       88952 kB
VmallocChunk:     207900 kB
Time pass: 347 sec

---2015-12-01 14:34:51
MemTotal:        1420824 kB
MemFree:           49380 kB
Buffers:            8968 kB
Cached:           562992 kB
SwapCached:            0 kB
Active:           452708 kB
Inactive:         615856 kB
Active(anon):     245080 kB
Inactive(anon):   253292 kB
Active(file):     207628 kB
Inactive(file):   362564 kB
Unevictable:         292 kB
Mlocked:               0 kB
HighTotal:       1001472 kB
HighFree:           5128 kB
LowTotal:         419352 kB
LowFree:           44252 kB
SwapTotal:        786428 kB
SwapFree:         786428 kB
Dirty:                 0 kB
Writeback:             0 kB
AnonPages:        496904 kB
Mapped:           213736 kB
Shmem:              1476 kB
Slab:              43156 kB
SReclaimable:      14892 kB
SUnreclaim:        28264 kB
KernelStack:        9888 kB
PageTables:        15892 kB
NFS_Unstable:          0 kB
Bounce:                0 kB
WritebackTmp:          0 kB
CommitLimit:     1496840 kB
Committed_AS:   22519016 kB
VmallocTotal:     458752 kB
VmallocUsed:       88920 kB
VmallocChunk:     207900 kB
Time pass: 351 sec

---2015-12-01 14:34:51
MemTotal:        1420824 kB
MemFree:           47608 kB
Buffers:            8976 kB
Cached:           563000 kB
SwapCached:            0 kB
Active:           453900 kB
Inactive:         615872 kB
Active(anon):     246272 kB
Inactive(anon):   253300 kB
Active(file):     207628 kB
Inactive(file):   362572 kB
Unevictable:         292 kB
Mlocked:               0 kB
HighTotal:       1001472 kB
HighFree:           5128 kB
LowTotal:         419352 kB
LowFree:           42480 kB
SwapTotal:        786428 kB
SwapFree:         786428 kB
Dirty:                28 kB
Writeback:             0 kB
AnonPages:        498144 kB
Mapped:           213744 kB
Shmem:              1484 kB
Slab:              43188 kB
SReclaimable:      14892 kB
SUnreclaim:        28296 kB
KernelStack:        9888 kB
PageTables:        15892 kB
NFS_Unstable:          0 kB
Bounce:                0 kB
WritebackTmp:          0 kB
CommitLimit:     1496840 kB
Committed_AS:   22520180 kB
VmallocTotal:     458752 kB
VmallocUsed:       88920 kB
VmallocChunk:     207900 kB
Time pass: 354 sec

---2015-12-01 14:34:51
MemTotal:        1420824 kB
MemFree:           47160 kB
Buffers:            8992 kB
Cached:           563000 kB
SwapCached:            0 kB
Active:           454360 kB
Inactive:         615888 kB
Active(anon):     246732 kB
Inactive(anon):   253300 kB
Active(file):     207628 kB
Inactive(file):   362588 kB
Unevictable:         292 kB
Mlocked:               0 kB
HighTotal:       1001472 kB
HighFree:           5088 kB
LowTotal:         419352 kB
LowFree:           42072 kB
SwapTotal:        786428 kB
SwapFree:         786428 kB
Dirty:                 0 kB
Writeback:             0 kB
AnonPages:        498544 kB
Mapped:           213792 kB
Shmem:              1484 kB
Slab:              43208 kB
SReclaimable:      14896 kB
SUnreclaim:        28312 kB
KernelStack:        9888 kB
PageTables:        15892 kB
NFS_Unstable:          0 kB
Bounce:                0 kB
WritebackTmp:          0 kB
CommitLimit:     1496840 kB
Committed_AS:   22520196 kB
VmallocTotal:     458752 kB
VmallocUsed:       88952 kB
VmallocChunk:     207900 kB
Time pass: 358 sec

---2015-12-01 14:34:51
MemTotal:        1420824 kB
MemFree:           47568 kB
Buffers:            9008 kB
Cached:           563000 kB
SwapCached:            0 kB
Active:           454836 kB
Inactive:         615900 kB
Active(anon):     247208 kB
Inactive(anon):   253296 kB
Active(file):     207628 kB
Inactive(file):   362604 kB
Unevictable:         292 kB
Mlocked:               0 kB
HighTotal:       1001472 kB
HighFree:           5048 kB
LowTotal:         419352 kB
LowFree:           42520 kB
SwapTotal:        786428 kB
SwapFree:         786428 kB
Dirty:                44 kB
Writeback:             0 kB
AnonPages:        499068 kB
Mapped:           213704 kB
Shmem:              1484 kB
Slab:              43144 kB
SReclaimable:      14896 kB
SUnreclaim:        28248 kB
KernelStack:        9872 kB
PageTables:        15876 kB
NFS_Unstable:          0 kB
Bounce:                0 kB
WritebackTmp:          0 kB
CommitLimit:     1496840 kB
Committed_AS:   22520396 kB
VmallocTotal:     458752 kB
VmallocUsed:       88920 kB
VmallocChunk:     207900 kB
Time pass: 361 sec

---2015-12-01 14:34:51
MemTotal:        1420824 kB
MemFree:           48340 kB
Buffers:            9008 kB
Cached:           563000 kB
SwapCached:            0 kB
Active:           453972 kB
Inactive:         615900 kB
Active(anon):     246344 kB
Inactive(anon):   253296 kB
Active(file):     207628 kB
Inactive(file):   362604 kB
Unevictable:         292 kB
Mlocked:               0 kB
HighTotal:       1001472 kB
HighFree:           5104 kB
LowTotal:         419352 kB
LowFree:           43236 kB
SwapTotal:        786428 kB
SwapFree:         786428 kB
Dirty:                44 kB
Writeback:             0 kB
AnonPages:        498188 kB
Mapped:           213744 kB
Shmem:              1484 kB
Slab:              43200 kB
SReclaimable:      14896 kB
SUnreclaim:        28304 kB
KernelStack:        9888 kB
PageTables:        15892 kB
NFS_Unstable:          0 kB
Bounce:                0 kB
WritebackTmp:          0 kB
CommitLimit:     1496840 kB
Committed_AS:   22520484 kB
VmallocTotal:     458752 kB
VmallocUsed:       88920 kB
VmallocChunk:     207900 kB
Time pass: 365 sec

---2015-12-01 14:34:51
MemTotal:        1420824 kB
MemFree:           47892 kB
Buffers:            9032 kB
Cached:           563148 kB
SwapCached:            0 kB
Active:           453752 kB
Inactive:         616064 kB
Active(anon):     246124 kB
Inactive(anon):   253436 kB
Active(file):     207628 kB
Inactive(file):   362628 kB
Unevictable:         292 kB
Mlocked:               0 kB
HighTotal:       1001472 kB
HighFree:           5104 kB
LowTotal:         419352 kB
LowFree:           42788 kB
SwapTotal:        786428 kB
SwapFree:         786428 kB
Dirty:                44 kB
Writeback:             0 kB
AnonPages:        497944 kB
Mapped:           213892 kB
Shmem:              1632 kB
Slab:              43156 kB
SReclaimable:      14896 kB
SUnreclaim:        28260 kB
KernelStack:        9888 kB
PageTables:        15888 kB
NFS_Unstable:          0 kB
Bounce:                0 kB
WritebackTmp:          0 kB
CommitLimit:     1496840 kB
Committed_AS:   22520284 kB
VmallocTotal:     458752 kB
VmallocUsed:       88920 kB
VmallocChunk:     207900 kB
Time pass: 368 sec

---2015-12-01 14:34:51
MemTotal:        1420824 kB
MemFree:           48472 kB
Buffers:            9032 kB
Cached:           563148 kB
SwapCached:            0 kB
Active:           453744 kB
Inactive:         616072 kB
Active(anon):     246116 kB
Inactive(anon):   253444 kB
Active(file):     207628 kB
Inactive(file):   362628 kB
Unevictable:         292 kB
Mlocked:               0 kB
HighTotal:       1001472 kB
HighFree:           5104 kB
LowTotal:         419352 kB
LowFree:           43368 kB
SwapTotal:        786428 kB
SwapFree:         786428 kB
Dirty:                 0 kB
Writeback:             0 kB
AnonPages:        497988 kB
Mapped:           213892 kB
Shmem:              1632 kB
Slab:              43096 kB
SReclaimable:      14896 kB
SUnreclaim:        28200 kB
KernelStack:        9896 kB
PageTables:        15888 kB
NFS_Unstable:          0 kB
Bounce:                0 kB
WritebackTmp:          0 kB
CommitLimit:     1496840 kB
Committed_AS:   22520236 kB
VmallocTotal:     458752 kB
VmallocUsed:       88920 kB
VmallocChunk:     207900 kB
Time pass: 372 sec

---2015-12-01 14:34:51
MemTotal:        1420824 kB
MemFree:           47656 kB
Buffers:            9056 kB
Cached:           563132 kB
SwapCached:            0 kB
Active:           453444 kB
Inactive:         616080 kB
Active(anon):     245816 kB
Inactive(anon):   253444 kB
Active(file):     207628 kB
Inactive(file):   362636 kB
Unevictable:         292 kB
Mlocked:               0 kB
HighTotal:       1001472 kB
HighFree:           5104 kB
LowTotal:         419352 kB
LowFree:           42552 kB
SwapTotal:        786428 kB
SwapFree:         786428 kB
Dirty:                28 kB
Writeback:             0 kB
AnonPages:        497608 kB
Mapped:           213900 kB
Shmem:              1632 kB
Slab:              43096 kB
SReclaimable:      14896 kB
SUnreclaim:        28200 kB
KernelStack:        9880 kB
PageTables:        15872 kB
NFS_Unstable:          0 kB
Bounce:                0 kB
WritebackTmp:          0 kB
CommitLimit:     1496840 kB
Committed_AS:   22520272 kB
VmallocTotal:     458752 kB
VmallocUsed:       88952 kB
VmallocChunk:     207900 kB
Time pass: 375 sec

---2015-12-01 14:34:51
MemTotal:        1420824 kB
MemFree:           48400 kB
Buffers:            9056 kB
Cached:           563148 kB
SwapCached:            0 kB
Active:           452972 kB
Inactive:         616096 kB
Active(anon):     245344 kB
Inactive(anon):   253444 kB
Active(file):     207628 kB
Inactive(file):   362652 kB
Unevictable:         292 kB
Mlocked:               0 kB
HighTotal:       1001472 kB
HighFree:           5100 kB
LowTotal:         419352 kB
LowFree:           43300 kB
SwapTotal:        786428 kB
SwapFree:         786428 kB
Dirty:                 0 kB
Writeback:             0 kB
AnonPages:        497152 kB
Mapped:           213892 kB
