---2015-12-09 10:41:11
MemTotal:        2873608 kB
MemFree:           99128 kB
Buffers:           22612 kB
Cached:          1303500 kB
SwapCached:            0 kB
Active:          1275360 kB
Inactive:         960012 kB
Active(anon):     727464 kB
Inactive(anon):   191852 kB
Active(file):     547896 kB
Inactive(file):   768160 kB
Unevictable:        8104 kB
Mlocked:               0 kB
SwapTotal:        715328 kB
SwapFree:         715328 kB
Dirty:              6180 kB
Writeback:             0 kB
AnonPages:        917960 kB
Mapped:           465160 kB
Shmem:              1652 kB
Slab:              96556 kB
SReclaimable:      31776 kB
SUnreclaim:        64780 kB
KernelStack:       35696 kB
PageTables:        48176 kB
NFS_Unstable:          0 kB
Bounce:                0 kB
WritebackTmp:          0 kB
CommitLimit:     2152132 kB
Committed_AS:   120642636 kB
VmallocTotal:   251658176 kB
VmallocUsed:      134120 kB
VmallocChunk:   251415596 kB
Time pass: 3 sec

---2015-12-09 10:41:11
MemTotal:        2873608 kB
MemFree:           95804 kB
Buffers:           22692 kB
Cached:          1303848 kB
SwapCached:            0 kB
Active:          1299824 kB
Inactive:         941256 kB
Active(anon):     732388 kB
Inactive(anon):   191864 kB
Active(file):     567436 kB
Inactive(file):   749392 kB
Unevictable:        8104 kB
Mlocked:               0 kB
SwapTotal:        715328 kB
SwapFree:         715328 kB
Dirty:               668 kB
Writeback:          2668 kB
AnonPages:        923256 kB
Mapped:           470620 kB
Shmem:              1668 kB
Slab:              96304 kB
SReclaimable:      31780 kB
SUnreclaim:        64524 kB
KernelStack:       35424 kB
PageTables:        47360 kB
NFS_Unstable:          0 kB
Bounce:                0 kB
WritebackTmp:          0 kB
CommitLimit:     2152132 kB
Committed_AS:   117760844 kB
VmallocTotal:   251658176 kB
VmallocUsed:      133144 kB
VmallocChunk:   251420716 kB
Time pass: 7 sec

---2015-12-09 10:41:11
MemTotal:        2873608 kB
MemFree:           67412 kB
Buffers:           22748 kB
Cached:          1304048 kB
SwapCached:            0 kB
Active:          1326656 kB
Inactive:         938836 kB
Active(anon):     756616 kB
Inactive(anon):   191832 kB
Active(file):     570040 kB
Inactive(file):   747004 kB
Unevictable:        8104 kB
Mlocked:               0 kB
SwapTotal:        715328 kB
SwapFree:         715328 kB
Dirty:              1092 kB
Writeback:             0 kB
AnonPages:        946776 kB
Mapped:           500300 kB
Shmem:              1648 kB
Slab:              96484 kB
SReclaimable:      31800 kB
SUnreclaim:        64684 kB
KernelStack:       36624 kB
PageTables:        47832 kB
NFS_Unstable:          0 kB
Bounce:                0 kB
WritebackTmp:          0 kB
CommitLimit:     2152132 kB
Committed_AS:   116747748 kB
VmallocTotal:   251658176 kB
VmallocUsed:      133236 kB
VmallocChunk:   251420716 kB
Time pass: 11 sec

---2015-12-09 10:41:11
MemTotal:        2873608 kB
MemFree:           99748 kB
Buffers:           23904 kB
Cached:          1286776 kB
SwapCached:            0 kB
Active:          1316452 kB
Inactive:         917004 kB
Active(anon):     740184 kB
Inactive(anon):   192488 kB
Active(file):     576268 kB
Inactive(file):   724516 kB
Unevictable:        8104 kB
Mlocked:               0 kB
SwapTotal:        715328 kB
SwapFree:         715328 kB
Dirty:              6496 kB
Writeback:             0 kB
AnonPages:        931252 kB
Mapped:           499472 kB
Shmem:              1792 kB
Slab:              96432 kB
SReclaimable:      31732 kB
SUnreclaim:        64700 kB
KernelStack:       36912 kB
PageTables:        48020 kB
NFS_Unstable:          0 kB
Bounce:                0 kB
WritebackTmp:          0 kB
CommitLimit:     2152132 kB
Committed_AS:   117946204 kB
VmallocTotal:   251658176 kB
VmallocUsed:      134256 kB
VmallocChunk:   251443244 kB
Time pass: 15 sec

---2015-12-09 10:41:11
MemTotal:        2873608 kB
MemFree:          100888 kB
Buffers:           23956 kB
Cached:          1286880 kB
SwapCached:            0 kB
Active:          1336060 kB
Inactive:         895548 kB
Active(anon):     738188 kB
Inactive(anon):   192488 kB
Active(file):     597872 kB
Inactive(file):   703060 kB
Unevictable:        8104 kB
Mlocked:               0 kB
SwapTotal:        715328 kB
SwapFree:         715328 kB
Dirty:               920 kB
Writeback:             0 kB
AnonPages:        929056 kB
Mapped:           494052 kB
Shmem:              1800 kB
Slab:              96508 kB
SReclaimable:      31656 kB
SUnreclaim:        64852 kB
KernelStack:       37488 kB
PageTables:        48360 kB
NFS_Unstable:          0 kB
Bounce:                0 kB
WritebackTmp:          0 kB
CommitLimit:     2152132 kB
Committed_AS:   117967848 kB
VmallocTotal:   251658176 kB
VmallocUsed:      134256 kB
VmallocChunk:   251443244 kB
Time pass: 19 sec

---2015-12-09 10:41:11
MemTotal:        2873608 kB
MemFree:           61904 kB
Buffers:           23920 kB
Cached:          1194480 kB
SwapCached:            0 kB
Active:          1382324 kB
Inactive:         800536 kB
Active(anon):     782380 kB
Inactive(anon):   197720 kB
Active(file):     599944 kB
Inactive(file):   602816 kB
Unevictable:       13568 kB
Mlocked:               0 kB
SwapTotal:        715328 kB
SwapFree:         714516 kB
Dirty:              1088 kB
Writeback:             0 kB
AnonPages:        978824 kB
Mapped:           496752 kB
Shmem:              1436 kB
Slab:              97572 kB
SReclaimable:      31840 kB
SUnreclaim:        65732 kB
KernelStack:       38128 kB
PageTables:        49612 kB
NFS_Unstable:          0 kB
Bounce:                0 kB
WritebackTmp:          0 kB
CommitLimit:     2152132 kB
Committed_AS:   121089956 kB
VmallocTotal:   251658176 kB
VmallocUsed:      136004 kB
VmallocChunk:   251443244 kB
Time pass: 22 sec

---2015-12-09 10:41:11
MemTotal:        2873608 kB
MemFree:          103924 kB
Buffers:           24500 kB
Cached:          1128076 kB
SwapCached:            0 kB
Active:          1322104 kB
Inactive:         768140 kB
Active(anon):     752548 kB
Inactive(anon):   199988 kB
Active(file):     569556 kB
Inactive(file):   568152 kB
Unevictable:       13568 kB
Mlocked:               0 kB
SwapTotal:        715328 kB
SwapFree:         714096 kB
Dirty:              1640 kB
Writeback:             0 kB
AnonPages:        951576 kB
Mapped:           520024 kB
Shmem:              1244 kB
Slab:              97648 kB
SReclaimable:      31984 kB
SUnreclaim:        65664 kB
KernelStack:       37616 kB
PageTables:        48340 kB
NFS_Unstable:          0 kB
Bounce:                0 kB
WritebackTmp:          0 kB
CommitLimit:     2152132 kB
Committed_AS:   118690692 kB
VmallocTotal:   251658176 kB
VmallocUsed:      135252 kB
VmallocChunk:   251443244 kB
Time pass: 26 sec

---2015-12-09 10:41:11
MemTotal:        2873608 kB
MemFree:           83712 kB
Buffers:           24628 kB
Cached:          1129100 kB
SwapCached:            0 kB
Active:          1342032 kB
Inactive:         764228 kB
Active(anon):     767360 kB
Inactive(anon):   199976 kB
Active(file):     574672 kB
Inactive(file):   564252 kB
Unevictable:       13568 kB
Mlocked:               0 kB
SwapTotal:        715328 kB
SwapFree:         714096 kB
Dirty:              1028 kB
Writeback:             0 kB
AnonPages:        966436 kB
Mapped:           551804 kB
Shmem:              1236 kB
Slab:              98044 kB
SReclaimable:      32000 kB
SUnreclaim:        66044 kB
KernelStack:       37808 kB
PageTables:        50440 kB
NFS_Unstable:          0 kB
Bounce:                0 kB
WritebackTmp:          0 kB
CommitLimit:     2152132 kB
Committed_AS:   122854212 kB
VmallocTotal:   251658176 kB
VmallocUsed:      137428 kB
VmallocChunk:   251443244 kB
Time pass: 30 sec

---2015-12-09 10:41:11
MemTotal:        2873608 kB
MemFree:           81316 kB
Buffers:           24512 kB
Cached:          1098096 kB
SwapCached:            0 kB
Active:          1350264 kB
Inactive:         756780 kB
Active(anon):     796396 kB
Inactive(anon):   203036 kB
Active(file):     553868 kB
Inactive(file):   553744 kB
Unevictable:       13568 kB
Mlocked:               0 kB
SwapTotal:        715328 kB
SwapFree:         713568 kB
Dirty:               192 kB
Writeback:             0 kB
AnonPages:        998176 kB
Mapped:           567940 kB
Shmem:              1292 kB
Slab:              97812 kB
SReclaimable:      31912 kB
SUnreclaim:        65900 kB
KernelStack:       38416 kB
PageTables:        50920 kB
NFS_Unstable:          0 kB
Bounce:                0 kB
WritebackTmp:          0 kB
CommitLimit:     2152132 kB
Committed_AS:   122388564 kB
VmallocTotal:   251658176 kB
VmallocUsed:      137616 kB
VmallocChunk:   251443244 kB
Time pass: 34 sec

---2015-12-09 10:41:11
MemTotal:        2873608 kB
MemFree:           79292 kB
Buffers:           24592 kB
Cached:          1119900 kB
SwapCached:            0 kB
Active:          1337120 kB
Inactive:         772976 kB
Active(anon):     777460 kB
Inactive(anon):   202980 kB
Active(file):     559660 kB
Inactive(file):   569996 kB
Unevictable:       13568 kB
Mlocked:               0 kB
SwapTotal:        715328 kB
SwapFree:         713568 kB
Dirty:                12 kB
Writeback:             0 kB
AnonPages:        979260 kB
Mapped:           567864 kB
Shmem:              1248 kB
Slab:              98140 kB
SReclaimable:      31896 kB
SUnreclaim:        66244 kB
KernelStack:       38608 kB
PageTables:        50816 kB
NFS_Unstable:          0 kB
Bounce:                0 kB
WritebackTmp:          0 kB
CommitLimit:     2152132 kB
Committed_AS:   123949924 kB
VmallocTotal:   251658176 kB
VmallocUsed:      137600 kB
VmallocChunk:   251443244 kB
Time pass: 37 sec

---2015-12-09 10:41:11
MemTotal:        2873608 kB
MemFree:           66336 kB
Buffers:           18020 kB
Cached:          1103964 kB
SwapCached:            0 kB
Active:          1368188 kB
Inactive:         757000 kB
Active(anon):     814576 kB
Inactive(anon):   203340 kB
Active(file):     553612 kB
Inactive(file):   553660 kB
Unevictable:       13568 kB
Mlocked:               0 kB
SwapTotal:        715328 kB
SwapFree:         712588 kB
Dirty:               492 kB
Writeback:             0 kB
AnonPages:       1016860 kB
Mapped:           561040 kB
Shmem:              1336 kB
Slab:              98988 kB
SReclaimable:      31920 kB
SUnreclaim:        67068 kB
KernelStack:       39696 kB
PageTables:        53132 kB
NFS_Unstable:          0 kB
Bounce:                0 kB
WritebackTmp:          0 kB
CommitLimit:     2152132 kB
Committed_AS:   130564264 kB
VmallocTotal:   251658176 kB
VmallocUsed:      141512 kB
VmallocChunk:   251443244 kB
Time pass: 41 sec

---2015-12-09 10:41:11
MemTotal:        2873608 kB
MemFree:          105180 kB
Buffers:           15376 kB
Cached:           992620 kB
SwapCached:            0 kB
Active:          1308812 kB
Inactive:         708540 kB
Active(anon):     811016 kB
Inactive(anon):   213024 kB
Active(file):     497796 kB
Inactive(file):   495516 kB
Unevictable:       13568 kB
Mlocked:               0 kB
SwapTotal:        715328 kB
SwapFree:         711076 kB
Dirty:               776 kB
Writeback:             0 kB
AnonPages:       1023296 kB
Mapped:           581544 kB
Shmem:              1116 kB
Slab:              98904 kB
SReclaimable:      31676 kB
SUnreclaim:        67228 kB
KernelStack:       39648 kB
PageTables:        52056 kB
NFS_Unstable:          0 kB
Bounce:                0 kB
WritebackTmp:          0 kB
CommitLimit:     2152132 kB
Committed_AS:   125792340 kB
VmallocTotal:   251658176 kB
VmallocUsed:      138696 kB
VmallocChunk:   251443244 kB
Time pass: 45 sec

---2015-12-09 10:41:11
MemTotal:        2873608 kB
MemFree:          103964 kB
Buffers:           15512 kB
Cached:           993060 kB
SwapCached:            0 kB
Active:          1311180 kB
Inactive:         706304 kB
Active(anon):     810648 kB
Inactive(anon):   212976 kB
Active(file):     500532 kB
Inactive(file):   493328 kB
Unevictable:       13568 kB
Mlocked:               0 kB
SwapTotal:        715328 kB
SwapFree:         711076 kB
Dirty:                32 kB
Writeback:             0 kB
AnonPages:       1022440 kB
Mapped:           583720 kB
Shmem:              1124 kB
Slab:              99064 kB
SReclaimable:      31836 kB
SUnreclaim:        67228 kB
KernelStack:       39600 kB
PageTables:        51864 kB
NFS_Unstable:          0 kB
Bounce:                0 kB
WritebackTmp:          0 kB
CommitLimit:     2152132 kB
Committed_AS:   124011704 kB
VmallocTotal:   251658176 kB
VmallocUsed:      137676 kB
VmallocChunk:   251443244 kB
Time pass: 49 sec

---2015-12-09 10:41:11
MemTotal:        2873608 kB
MemFree:           72136 kB
Buffers:           15660 kB
Cached:           996304 kB
SwapCached:            0 kB
Active:          1325340 kB
Inactive:         706432 kB
Active(anon):     822632 kB
Inactive(anon):   212236 kB
Active(file):     502708 kB
Inactive(file):   494196 kB
Unevictable:       13568 kB
Mlocked:               0 kB
SwapTotal:        715328 kB
SwapFree:         711076 kB
Dirty:               612 kB
Writeback:           220 kB
AnonPages:       1033728 kB
Mapped:           609368 kB
Shmem:              1128 kB
Slab:              99160 kB
SReclaimable:      31852 kB
SUnreclaim:        67308 kB
KernelStack:       39328 kB
PageTables:        50736 kB
NFS_Unstable:          0 kB
Bounce:                0 kB
WritebackTmp:          0 kB
CommitLimit:     2152132 kB
Committed_AS:   121003888 kB
VmallocTotal:   251658176 kB
VmallocUsed:      135764 kB
VmallocChunk:   251443244 kB
Time pass: 53 sec

---2015-12-09 10:41:11
MemTotal:        2873608 kB
MemFree:           80288 kB
Buffers:           15548 kB
Cached:           978656 kB
SwapCached:            0 kB
Active:          1302172 kB
Inactive:         701360 kB
Active(anon):     812452 kB
Inactive(anon):   211572 kB
Active(file):     489720 kB
Inactive(file):   489788 kB
Unevictable:       13568 kB
Mlocked:               0 kB
SwapTotal:        715328 kB
SwapFree:         710516 kB
Dirty:              1204 kB
Writeback:             0 kB
AnonPages:       1023076 kB
Mapped:           632056 kB
Shmem:              1128 kB
Slab:              99140 kB
SReclaimable:      31948 kB
SUnreclaim:        67192 kB
KernelStack:       39344 kB
PageTables:        50848 kB
NFS_Unstable:          0 kB
Bounce:                0 kB
WritebackTmp:          0 kB
CommitLimit:     2152132 kB
Committed_AS:   121004008 kB
VmallocTotal:   251658176 kB
VmallocUsed:      135952 kB
VmallocChunk:   251443244 kB
Time pass: 56 sec

---2015-12-09 10:41:11
MemTotal:        2873608 kB
MemFree:           78776 kB
Buffers:           15556 kB
Cached:           979804 kB
SwapCached:            0 kB
Active:          1302036 kB
Inactive:         702504 kB
Active(anon):     812312 kB
Inactive(anon):   211572 kB
Active(file):     489724 kB
Inactive(file):   490932 kB
Unevictable:       13568 kB
Mlocked:               0 kB
SwapTotal:        715328 kB
SwapFree:         710516 kB
Dirty:                80 kB
Writeback:             0 kB
AnonPages:       1022664 kB
Mapped:           632748 kB
Shmem:              1128 kB
Slab:              99296 kB
SReclaimable:      31964 kB
SUnreclaim:        67332 kB
KernelStack:       39424 kB
PageTables:        50872 kB
NFS_Unstable:          0 kB
Bounce:                0 kB
WritebackTmp:          0 kB
CommitLimit:     2152132 kB
Committed_AS:   121003920 kB
VmallocTotal:   251658176 kB
VmallocUsed:      135952 kB
VmallocChunk:   251443244 kB
Time pass: 60 sec

---2015-12-09 10:41:11
MemTotal:        2873608 kB
MemFree:           74232 kB
Buffers:           15312 kB
Cached:           973076 kB
SwapCached:            0 kB
Active:          1300600 kB
Inactive:         698400 kB
Active(anon):     813940 kB
Inactive(anon):   211440 kB
Active(file):     486660 kB
Inactive(file):   486960 kB
Unevictable:       13568 kB
Mlocked:               0 kB
SwapTotal:        715328 kB
SwapFree:         710424 kB
Dirty:                80 kB
Writeback:             0 kB
AnonPages:       1024108 kB
Mapped:           640892 kB
Shmem:              1128 kB
Slab:              99332 kB
SReclaimable:      31964 kB
SUnreclaim:        67368 kB
KernelStack:       39424 kB
PageTables:        50892 kB
NFS_Unstable:          0 kB
Bounce:                0 kB
WritebackTmp:          0 kB
CommitLimit:     2152132 kB
Committed_AS:   121003976 kB
VmallocTotal:   251658176 kB
VmallocUsed:      136036 kB
VmallocChunk:   251443244 kB
Time pass: 64 sec

---2015-12-09 10:41:11
MemTotal:        2873608 kB
MemFree:           71796 kB
Buffers:           15320 kB
Cached:           973176 kB
SwapCached:            0 kB
Active:          1302612 kB
Inactive:         698556 kB
Active(anon):     815928 kB
Inactive(anon):   211440 kB
Active(file):     486684 kB
Inactive(file):   487116 kB
Unevictable:       13568 kB
Mlocked:               0 kB
SwapTotal:        715328 kB
SwapFree:         710424 kB
Dirty:               140 kB
Writeback:             0 kB
AnonPages:       1026308 kB
Mapped:           641040 kB
Shmem:              1128 kB
Slab:              99208 kB
SReclaimable:      31964 kB
SUnreclaim:        67244 kB
KernelStack:       39408 kB
PageTables:        50904 kB
NFS_Unstable:          0 kB
Bounce:                0 kB
WritebackTmp:          0 kB
CommitLimit:     2152132 kB
Committed_AS:   121003944 kB
VmallocTotal:   251658176 kB
VmallocUsed:      136036 kB
VmallocChunk:   251443244 kB
Time pass: 68 sec

---2015-12-09 10:41:11
MemTotal:        2873608 kB
MemFree:           68576 kB
Buffers:           15236 kB
Cached:           950864 kB
SwapCached:            0 kB
Active:          1301728 kB
Inactive:         683780 kB
Active(anon):     822816 kB
Inactive(anon):   211192 kB
Active(file):     478912 kB
Inactive(file):   472588 kB
Unevictable:       13568 kB
Mlocked:               0 kB
SwapTotal:        715328 kB
SwapFree:         710152 kB
Dirty:               520 kB
Writeback:             0 kB
AnonPages:       1032600 kB
Mapped:           654060 kB
Shmem:              1124 kB
Slab:              99484 kB
SReclaimable:      32108 kB
SUnreclaim:        67376 kB
KernelStack:       39392 kB
PageTables:        50928 kB
NFS_Unstable:          0 kB
Bounce:                0 kB
WritebackTmp:          0 kB
CommitLimit:     2152132 kB
Committed_AS:   121004368 kB
VmallocTotal:   251658176 kB
VmallocUsed:      136188 kB
VmallocChunk:   251443244 kB
Time pass: 71 sec

---2015-12-09 10:41:11
MemTotal:        2873608 kB
MemFree:           66484 kB
Buffers:           15212 kB
Cached:           945176 kB
SwapCached:            0 kB
Active:          1307796 kB
Inactive:         681436 kB
Active(anon):     833012 kB
Inactive(anon):   210820 kB
Active(file):     474784 kB
Inactive(file):   470616 kB
Unevictable:       13568 kB
Mlocked:               0 kB
SwapTotal:        715328 kB
SwapFree:         709860 kB
Dirty:               300 kB
Writeback:            20 kB
AnonPages:       1042576 kB
Mapped:           657340 kB
Shmem:              1128 kB
Slab:              99660 kB
SReclaimable:      32240 kB
SUnreclaim:        67420 kB
KernelStack:       39504 kB
PageTables:        50964 kB
NFS_Unstable:          0 kB
Bounce:                0 kB
WritebackTmp:          0 kB
CommitLimit:     2152132 kB
Committed_AS:   121012680 kB
VmallocTotal:   251658176 kB
VmallocUsed:      136188 kB
VmallocChunk:   251443244 kB
Time pass: 75 sec

---2015-12-09 10:41:11
MemTotal:        2873608 kB
MemFree:           65800 kB
Buffers:           15168 kB
Cached:           933864 kB
SwapCached:            4 kB
Active:          1314664 kB
Inactive:         676392 kB
Active(anon):     845776 kB
Inactive(anon):   211076 kB
Active(file):     468888 kB
Inactive(file):   465316 kB
Unevictable:       13568 kB
Mlocked:               0 kB
SwapTotal:        715328 kB
SwapFree:         709480 kB
Dirty:                48 kB
Writeback:             0 kB
AnonPages:       1055396 kB
Mapped:           658504 kB
Shmem:              1260 kB
Slab:              99584 kB
SReclaimable:      32240 kB
SUnreclaim:        67344 kB
KernelStack:       39728 kB
PageTables:        51200 kB
NFS_Unstable:          0 kB
Bounce:                0 kB
WritebackTmp:          0 kB
CommitLimit:     2152132 kB
Committed_AS:   121056604 kB
VmallocTotal:   251658176 kB
VmallocUsed:      138620 kB
VmallocChunk:   251443244 kB
Time pass: 79 sec

---2015-12-09 10:41:11
MemTotal:        2873608 kB
MemFree:           72656 kB
Buffers:           14784 kB
Cached:           908240 kB
SwapCached:            4 kB
Active:          1298136 kB
Inactive:         664256 kB
Active(anon):     843164 kB
Inactive(anon):   211172 kB
Active(file):     454972 kB
Inactive(file):   453084 kB
Unevictable:       13568 kB
Mlocked:               0 kB
SwapTotal:        715328 kB
SwapFree:         709068 kB
Dirty:                52 kB
Writeback:             0 kB
AnonPages:       1053072 kB
Mapped:           654944 kB
Shmem:              1400 kB
Slab:              99336 kB
SReclaimable:      31984 kB
SUnreclaim:        67352 kB
KernelStack:       39440 kB
PageTables:        50916 kB
NFS_Unstable:          0 kB
Bounce:                0 kB
WritebackTmp:          0 kB
CommitLimit:     2152132 kB
Committed_AS:   119820224 kB
VmallocTotal:   251658176 kB
VmallocUsed:      137600 kB
VmallocChunk:   251443244 kB
Time pass: 83 sec

---2015-12-09 10:41:11
MemTotal:        2873608 kB
MemFree:           69624 kB
Buffers:           14808 kB
Cached:           909300 kB
SwapCached:            4 kB
Active:          1300408 kB
Inactive:         665332 kB
Active(anon):     845428 kB
Inactive(anon):   211232 kB
Active(file):     454980 kB
Inactive(file):   454100 kB
Unevictable:       13568 kB
Mlocked:               0 kB
SwapTotal:        715328 kB
SwapFree:         709068 kB
Dirty:                64 kB
Writeback:             0 kB
AnonPages:       1055380 kB
Mapped:           655152 kB
Shmem:              1460 kB
Slab:              99296 kB
SReclaimable:      31984 kB
SUnreclaim:        67312 kB
KernelStack:       39392 kB
PageTables:        50844 kB
NFS_Unstable:          0 kB
Bounce:                0 kB
WritebackTmp:          0 kB
CommitLimit:     2152132 kB
Committed_AS:   119824412 kB
VmallocTotal:   251658176 kB
VmallocUsed:      137600 kB
VmallocChunk:   251443244 kB
Time pass: 87 sec

---2015-12-09 10:41:11
MemTotal:        2873608 kB
MemFree:           68360 kB
Buffers:           14808 kB
Cached:           909476 kB
SwapCached:            4 kB
Active:          1301724 kB
Inactive:         665468 kB
Active(anon):     846744 kB
Inactive(anon):   211360 kB
Active(file):     454980 kB
Inactive(file):   454108 kB
Unevictable:       13568 kB
Mlocked:               0 kB
SwapTotal:        715328 kB
SwapFree:         709068 kB
Dirty:                 0 kB
Writeback:             0 kB
AnonPages:       1056676 kB
Mapped:           655236 kB
Shmem:              1628 kB
Slab:              99208 kB
SReclaimable:      31856 kB
SUnreclaim:        67352 kB
KernelStack:       39376 kB
PageTables:        50828 kB
NFS_Unstable:          0 kB
Bounce:                0 kB
WritebackTmp:          0 kB
CommitLimit:     2152132 kB
Committed_AS:   119828452 kB
VmallocTotal:   251658176 kB
VmallocUsed:      137600 kB
VmallocChunk:   251443244 kB
Time pass: 91 sec

---2015-12-09 10:41:11
MemTotal:        2873608 kB
MemFree:           67872 kB
Buffers:           14848 kB
Cached:           909544 kB
SwapCached:            4 kB
Active:          1302164 kB
Inactive:         665604 kB
Active(anon):     847176 kB
Inactive(anon):   211468 kB
Active(file):     454988 kB
Inactive(file):   454136 kB
Unevictable:       13568 kB
Mlocked:               0 kB
SwapTotal:        715328 kB
SwapFree:         709068 kB
Dirty:                92 kB
Writeback:             0 kB
AnonPages:       1057016 kB
Mapped:           655396 kB
Shmem:              1696 kB
Slab:              99208 kB
SReclaimable:      31856 kB
SUnreclaim:        67352 kB
KernelStack:       39344 kB
PageTables:        50832 kB
NFS_Unstable:          0 kB
Bounce:                0 kB
WritebackTmp:          0 kB
CommitLimit:     2152132 kB
Committed_AS:   119828460 kB
VmallocTotal:   251658176 kB
VmallocUsed:      137600 kB
VmallocChunk:   251443244 kB
Time pass: 94 sec

---2015-12-09 10:41:11
MemTotal:        2873608 kB
MemFree:           93292 kB
Buffers:           13740 kB
Cached:           906308 kB
SwapCached:            4 kB
Active:          1293192 kB
Inactive:         657728 kB
Active(anon):     833244 kB
Inactive(anon):   212304 kB
Active(file):     459948 kB
Inactive(file):   445424 kB
Unevictable:       13568 kB
Mlocked:               0 kB
SwapTotal:        715328 kB
SwapFree:         708796 kB
Dirty:                 4 kB
Writeback:             0 kB
AnonPages:       1044560 kB
Mapped:           652852 kB
Shmem:              1108 kB
Slab:              99364 kB
SReclaimable:      31856 kB
SUnreclaim:        67508 kB
KernelStack:       38912 kB
PageTables:        50540 kB
NFS_Unstable:          0 kB
Bounce:                0 kB
WritebackTmp:          0 kB
CommitLimit:     2152132 kB
Committed_AS:   119801132 kB
VmallocTotal:   251658176 kB
VmallocUsed:      137608 kB
VmallocChunk:   251443244 kB
Time pass: 98 sec

---2015-12-09 10:41:11
MemTotal:        2873608 kB
MemFree:          291188 kB
Buffers:           13312 kB
Cached:           906444 kB
SwapCached:            4 kB
Active:          1220556 kB
Inactive:         656768 kB
Active(anon):     759952 kB
Inactive(anon):   212128 kB
Active(file):     460604 kB
Inactive(file):   444640 kB
Unevictable:       13568 kB
Mlocked:               0 kB
SwapTotal:        715328 kB
SwapFree:         708756 kB
Dirty:               356 kB
Writeback:             0 kB
AnonPages:        971216 kB
Mapped:           467400 kB
Shmem:               936 kB
Slab:              98900 kB
SReclaimable:      31852 kB
SUnreclaim:        67048 kB
KernelStack:       37312 kB
PageTables:        48280 kB
NFS_Unstable:          0 kB
Bounce:                0 kB
WritebackTmp:          0 kB
CommitLimit:     2152132 kB
Committed_AS:   116650720 kB
VmallocTotal:   251658176 kB
VmallocUsed:      134472 kB
VmallocChunk:   251443244 kB
Time pass: 102 sec

---2015-12-09 10:41:11
MemTotal:        2873608 kB
MemFree:          291388 kB
Buffers:           13328 kB
Cached:           906636 kB
SwapCached:            4 kB
Active:          1220432 kB
Inactive:         656892 kB
Active(anon):     759784 kB
Inactive(anon):   212128 kB
Active(file):     460648 kB
Inactive(file):   444764 kB
Unevictable:       13568 kB
Mlocked:               0 kB
SwapTotal:        715328 kB
SwapFree:         708756 kB
Dirty:               316 kB
Writeback:             0 kB
AnonPages:        970868 kB
Mapped:           467636 kB
Shmem:               936 kB
Slab:              98924 kB
SReclaimable:      31852 kB
SUnreclaim:        67072 kB
KernelStack:       37280 kB
PageTables:        48352 kB
NFS_Unstable:          0 kB
Bounce:                0 kB
WritebackTmp:          0 kB
CommitLimit:     2152132 kB
Committed_AS:   116650800 kB
VmallocTotal:   251658176 kB
VmallocUsed:      134472 kB
VmallocChunk:   251443244 kB
Time pass: 105 sec

---2015-12-09 10:41:11
MemTotal:        2873608 kB
MemFree:          250800 kB
Buffers:           13568 kB
Cached:           912788 kB
SwapCached:            4 kB
Active:          1260672 kB
Inactive:         657444 kB
Active(anon):     794380 kB
Inactive(anon):   213212 kB
Active(file):     466292 kB
Inactive(file):   444232 kB
Unevictable:       13568 kB
Mlocked:               0 kB
SwapTotal:        715328 kB
SwapFree:         708756 kB
Dirty:              1968 kB
Writeback:             0 kB
AnonPages:       1005444 kB
Mapped:           518600 kB
Shmem:              2196 kB
Slab:              99104 kB
SReclaimable:      31868 kB
SUnreclaim:        67236 kB
KernelStack:       38464 kB
PageTables:        49396 kB
NFS_Unstable:          0 kB
Bounce:                0 kB
WritebackTmp:          0 kB
CommitLimit:     2152132 kB
Committed_AS:   117944560 kB
VmallocTotal:   251658176 kB
VmallocUsed:      135468 kB
VmallocChunk:   251443244 kB
Time pass: 109 sec

---2015-12-09 10:41:11
MemTotal:        2873608 kB
MemFree:          171376 kB
Buffers:           13568 kB
Cached:           913384 kB
SwapCached:            4 kB
Active:          1281516 kB
Inactive:         656744 kB
Active(anon):     813852 kB
Inactive(anon):   212084 kB
Active(file):     467664 kB
Inactive(file):   444660 kB
Unevictable:       13568 kB
Mlocked:               0 kB
SwapTotal:        715328 kB
SwapFree:         708756 kB
Dirty:               864 kB
Writeback:             0 kB
AnonPages:       1024792 kB
Mapped:           571916 kB
Shmem:              1072 kB
Slab:              99116 kB
SReclaimable:      31868 kB
SUnreclaim:        67248 kB
KernelStack:       38560 kB
PageTables:        50256 kB
NFS_Unstable:          0 kB
Bounce:                0 kB
WritebackTmp:          0 kB
CommitLimit:     2152132 kB
Committed_AS:   119731952 kB
VmallocTotal:   251658176 kB
VmallocUsed:      134524 kB
VmallocChunk:   251443244 kB
Time pass: 113 sec

---2015-12-09 10:41:11
MemTotal:        2873608 kB
MemFree:          169488 kB
Buffers:           13576 kB
Cached:           913696 kB
SwapCached:            4 kB
Active:          1273668 kB
Inactive:         656884 kB
Active(anon):     805836 kB
Inactive(anon):   212084 kB
Active(file):     467832 kB
Inactive(file):   444800 kB
Unevictable:       13568 kB
Mlocked:               0 kB
SwapTotal:        715328 kB
SwapFree:         708756 kB
Dirty:               912 kB
Writeback:             0 kB
AnonPages:       1016736 kB
Mapped:           580352 kB
Shmem:              1072 kB
Slab:              99064 kB
SReclaimable:      31888 kB
SUnreclaim:        67176 kB
KernelStack:       38800 kB
PageTables:        50212 kB
NFS_Unstable:          0 kB
Bounce:                0 kB
WritebackTmp:          0 kB
CommitLimit:     2152132 kB
Committed_AS:   119731904 kB
VmallocTotal:   251658176 kB
VmallocUsed:      134596 kB
VmallocChunk:   251443244 kB
Time pass: 117 sec

---2015-12-09 10:41:11
MemTotal:        2873608 kB
MemFree:          154848 kB
Buffers:           13576 kB
Cached:           913768 kB
SwapCached:            4 kB
Active:          1275468 kB
Inactive:         656928 kB
Active(anon):     807564 kB
Inactive(anon):   212084 kB
Active(file):     467904 kB
Inactive(file):   444844 kB
Unevictable:       13568 kB
Mlocked:               0 kB
SwapTotal:        715328 kB
SwapFree:         708756 kB
Dirty:                92 kB
Writeback:             0 kB
AnonPages:       1018648 kB
Mapped:           589392 kB
Shmem:              1072 kB
Slab:              99032 kB
SReclaimable:      31888 kB
SUnreclaim:        67144 kB
KernelStack:       38784 kB
PageTables:        50224 kB
NFS_Unstable:          0 kB
Bounce:                0 kB
WritebackTmp:          0 kB
CommitLimit:     2152132 kB
Committed_AS:   119732136 kB
VmallocTotal:   251658176 kB
VmallocUsed:      134680 kB
VmallocChunk:   251443244 kB
Time pass: 121 sec

---2015-12-09 10:41:11
MemTotal:        2873608 kB
MemFree:          128164 kB
Buffers:           13584 kB
Cached:           913768 kB
SwapCached:            4 kB
Active:          1281116 kB
Inactive:         656888 kB
Active(anon):     813208 kB
Inactive(anon):   212084 kB
Active(file):     467908 kB
Inactive(file):   444804 kB
Unevictable:       13568 kB
Mlocked:               0 kB
SwapTotal:        715328 kB
SwapFree:         708756 kB
Dirty:               540 kB
Writeback:             0 kB
AnonPages:       1024500 kB
Mapped:           601620 kB
Shmem:              1072 kB
Slab:              99180 kB
SReclaimable:      31888 kB
SUnreclaim:        67292 kB
KernelStack:       38784 kB
PageTables:        50256 kB
NFS_Unstable:          0 kB
Bounce:                0 kB
WritebackTmp:          0 kB
CommitLimit:     2152132 kB
Committed_AS:   119740616 kB
VmallocTotal:   251658176 kB
VmallocUsed:      134820 kB
VmallocChunk:   251443244 kB
Time pass: 124 sec

---2015-12-09 10:41:11
MemTotal:        2873608 kB
MemFree:          124196 kB
Buffers:           13592 kB
Cached:           913792 kB
SwapCached:            4 kB
Active:          1283848 kB
Inactive:         656900 kB
Active(anon):     815928 kB
Inactive(anon):   212076 kB
Active(file):     467920 kB
Inactive(file):   444824 kB
Unevictable:       13568 kB
Mlocked:               0 kB
SwapTotal:        715328 kB
SwapFree:         708756 kB
Dirty:                 0 kB
Writeback:             0 kB
AnonPages:       1026988 kB
Mapped:           603608 kB
Shmem:              1072 kB
Slab:              99064 kB
SReclaimable:      31888 kB
SUnreclaim:        67176 kB
KernelStack:       38784 kB
PageTables:        50272 kB
NFS_Unstable:          0 kB
Bounce:                0 kB
WritebackTmp:          0 kB
CommitLimit:     2152132 kB
Committed_AS:   119740856 kB
VmallocTotal:   251658176 kB
VmallocUsed:      134832 kB
VmallocChunk:   251443244 kB
Time pass: 128 sec

---2015-12-09 10:41:11
MemTotal:        2873608 kB
MemFree:          121092 kB
Buffers:           15160 kB
Cached:           913776 kB
SwapCached:            4 kB
Active:          1286096 kB
Inactive:         657888 kB
Active(anon):     817616 kB
Inactive(anon):   212076 kB
Active(file):     468480 kB
Inactive(file):   445812 kB
Unevictable:       13568 kB
Mlocked:               0 kB
SwapTotal:        715328 kB
SwapFree:         708756 kB
Dirty:               156 kB
Writeback:            12 kB
AnonPages:       1028616 kB
Mapped:           608920 kB
Shmem:              1072 kB
Slab:              99068 kB
SReclaimable:      31888 kB
SUnreclaim:        67180 kB
KernelStack:       39200 kB
PageTables:        50252 kB
NFS_Unstable:          0 kB
Bounce:                0 kB
WritebackTmp:          0 kB
CommitLimit:     2152132 kB
Committed_AS:   119746736 kB
VmallocTotal:   251658176 kB
VmallocUsed:      135852 kB
VmallocChunk:   251443244 kB
Time pass: 132 sec

---2015-12-09 10:41:11
MemTotal:        2873608 kB
MemFree:          119720 kB
Buffers:           15160 kB
Cached:           913792 kB
SwapCached:            4 kB
Active:          1286208 kB
Inactive:         657864 kB
Active(anon):     817688 kB
Inactive(anon):   212076 kB
Active(file):     468520 kB
Inactive(file):   445788 kB
Unevictable:       13568 kB
Mlocked:               0 kB
SwapTotal:        715328 kB
SwapFree:         708756 kB
Dirty:               188 kB
Writeback:             0 kB
AnonPages:       1028736 kB
Mapped:           609064 kB
Shmem:              1076 kB
Slab:              99048 kB
SReclaimable:      31888 kB
SUnreclaim:        67160 kB
KernelStack:       38832 kB
PageTables:        50312 kB
NFS_Unstable:          0 kB
Bounce:                0 kB
WritebackTmp:          0 kB
CommitLimit:     2152132 kB
Committed_AS:   119741200 kB
VmallocTotal:   251658176 kB
VmallocUsed:      134832 kB
VmallocChunk:   251443244 kB
Time pass: 136 sec

---2015-12-09 10:41:11
MemTotal:        2873608 kB
MemFree:          109296 kB
Buffers:           15192 kB
Cached:           913964 kB
SwapCached:            4 kB
Active:          1295112 kB
Inactive:         657052 kB
Active(anon):     825592 kB
Inactive(anon):   212212 kB
Active(file):     469520 kB
Inactive(file):   444840 kB
Unevictable:       13568 kB
Mlocked:               0 kB
SwapTotal:        715328 kB
SwapFree:         708756 kB
Dirty:                76 kB
Writeback:             0 kB
AnonPages:       1036488 kB
Mapped:           612512 kB
Shmem:              1228 kB
Slab:              99208 kB
SReclaimable:      31888 kB
SUnreclaim:        67320 kB
KernelStack:       39200 kB
PageTables:        50540 kB
NFS_Unstable:          0 kB
Bounce:                0 kB
WritebackTmp:          0 kB
CommitLimit:     2152132 kB
Committed_AS:   119773020 kB
VmallocTotal:   251658176 kB
VmallocUsed:      137264 kB
VmallocChunk:   251443244 kB
Time pass: 140 sec

---2015-12-09 10:41:11
MemTotal:        2873608 kB
MemFree:          131136 kB
Buffers:           15192 kB
Cached:           914120 kB
SwapCached:            4 kB
Active:          1280272 kB
Inactive:         654180 kB
Active(anon):     807724 kB
Inactive(anon):   212364 kB
Active(file):     472548 kB
Inactive(file):   441816 kB
Unevictable:       13568 kB
Mlocked:               0 kB
SwapTotal:        715328 kB
SwapFree:         708756 kB
Dirty:                 0 kB
Writeback:             0 kB
AnonPages:       1018700 kB
Mapped:           603596 kB
Shmem:              1380 kB
Slab:              99128 kB
SReclaimable:      31888 kB
SUnreclaim:        67240 kB
KernelStack:       38768 kB
PageTables:        49908 kB
NFS_Unstable:          0 kB
Bounce:                0 kB
WritebackTmp:          0 kB
CommitLimit:     2152132 kB
Committed_AS:   118521456 kB
VmallocTotal:   251658176 kB
VmallocUsed:      136084 kB
VmallocChunk:   251443244 kB
Time pass: 144 sec

---2015-12-09 10:41:11
MemTotal:        2873608 kB
MemFree:          130612 kB
Buffers:           15200 kB
Cached:           914164 kB
SwapCached:            4 kB
Active:          1280812 kB
Inactive:         654232 kB
Active(anon):     808264 kB
Inactive(anon):   212408 kB
Active(file):     472548 kB
Inactive(file):   441824 kB
Unevictable:       13568 kB
Mlocked:               0 kB
SwapTotal:        715328 kB
SwapFree:         708756 kB
Dirty:                44 kB
Writeback:             0 kB
AnonPages:       1019188 kB
Mapped:           603704 kB
Shmem:              1424 kB
Slab:              99128 kB
SReclaimable:      31888 kB
SUnreclaim:        67240 kB
KernelStack:       38560 kB
PageTables:        49928 kB
NFS_Unstable:          0 kB
Bounce:                0 kB
WritebackTmp:          0 kB
CommitLimit:     2152132 kB
Committed_AS:   118521512 kB
VmallocTotal:   251658176 kB
VmallocUsed:      136084 kB
VmallocChunk:   251443244 kB
Time pass: 148 sec

---2015-12-09 10:41:11
MemTotal:        2873608 kB
MemFree:          130188 kB
Buffers:           15200 kB
Cached:           914264 kB
SwapCached:            4 kB
Active:          1281116 kB
Inactive:         654332 kB
Active(anon):     808568 kB
Inactive(anon):   212508 kB
Active(file):     472548 kB
Inactive(file):   441824 kB
Unevictable:       13568 kB
Mlocked:               0 kB
SwapTotal:        715328 kB
SwapFree:         708756 kB
Dirty:                 4 kB
Writeback:             0 kB
AnonPages:       1019404 kB
Mapped:           603916 kB
Shmem:              1524 kB
Slab:              99128 kB
SReclaimable:      31888 kB
SUnreclaim:        67240 kB
KernelStack:       38560 kB
PageTables:        49952 kB
NFS_Unstable:          0 kB
Bounce:                0 kB
WritebackTmp:          0 kB
CommitLimit:     2152132 kB
Committed_AS:   118521552 kB
VmallocTotal:   251658176 kB
VmallocUsed:      136084 kB
VmallocChunk:   251443244 kB
Time pass: 152 sec

---2015-12-09 10:41:11
MemTotal:        2873608 kB
MemFree:          123808 kB
Buffers:           15256 kB
Cached:           913968 kB
SwapCached:            4 kB
Active:          1288708 kB
Inactive:         653900 kB
Active(anon):     815972 kB
Inactive(anon):   212208 kB
Active(file):     472736 kB
Inactive(file):   441692 kB
Unevictable:       13568 kB
Mlocked:               0 kB
SwapTotal:        715328 kB
SwapFree:         708756 kB
Dirty:                88 kB
Writeback:             0 kB
AnonPages:       1027152 kB
Mapped:           605216 kB
Shmem:              1228 kB
Slab:              99108 kB
SReclaimable:      31888 kB
SUnreclaim:        67220 kB
KernelStack:       38560 kB
PageTables:        49900 kB
NFS_Unstable:          0 kB
Bounce:                0 kB
WritebackTmp:          0 kB
CommitLimit:     2152132 kB
Committed_AS:   118542072 kB
VmallocTotal:   251658176 kB
VmallocUsed:      136084 kB
VmallocChunk:   251443244 kB
Time pass: 156 sec

---2015-12-09 10:41:11
MemTotal:        2873608 kB
MemFree:          122724 kB
Buffers:           15280 kB
Cached:           913956 kB
SwapCached:            4 kB
Active:          1288832 kB
Inactive:         653904 kB
Active(anon):     816088 kB
Inactive(anon):   212192 kB
Active(file):     472744 kB
Inactive(file):   441712 kB
Unevictable:       13568 kB
Mlocked:               0 kB
SwapTotal:        715328 kB
SwapFree:         708756 kB
Dirty:                56 kB
Writeback:             0 kB
AnonPages:       1027180 kB
Mapped:           605180 kB
Shmem:              1212 kB
Slab:              99180 kB
SReclaimable:      31888 kB
SUnreclaim:        67292 kB
KernelStack:       38592 kB
PageTables:        49944 kB
NFS_Unstable:          0 kB
Bounce:                0 kB
WritebackTmp:          0 kB
CommitLimit:     2152132 kB
Committed_AS:   118542192 kB
VmallocTotal:   251658176 kB
VmallocUsed:      136084 kB
VmallocChunk:   251443244 kB
Time pass: 159 sec

---2015-12-09 10:41:11
MemTotal:        2873608 kB
MemFree:          121928 kB
Buffers:           15280 kB
Cached:           914044 kB
SwapCached:            4 kB
Active:          1289568 kB
Inactive:         653992 kB
Active(anon):     816824 kB
Inactive(anon):   212280 kB
Active(file):     472744 kB
Inactive(file):   441712 kB
Unevictable:       13568 kB
Mlocked:               0 kB
SwapTotal:        715328 kB
SwapFree:         708756 kB
Dirty:                 0 kB
Writeback:             0 kB
AnonPages:       1027744 kB
Mapped:           605288 kB
Shmem:              1300 kB
Slab:              99216 kB
SReclaimable:      31904 kB
SUnreclaim:        67312 kB
KernelStack:       38560 kB
PageTables:        49940 kB
NFS_Unstable:          0 kB
Bounce:                0 kB
WritebackTmp:          0 kB
CommitLimit:     2152132 kB
Committed_AS:   118542272 kB
VmallocTotal:   251658176 kB
VmallocUsed:      136084 kB
VmallocChunk:   251443244 kB
Time pass: 163 sec

---2015-12-09 10:41:11
MemTotal:        2873608 kB
MemFree:          121008 kB
Buffers:           15288 kB
Cached:           914096 kB
SwapCached:            4 kB
Active:          1290624 kB
Inactive:         654036 kB
Active(anon):     817876 kB
Inactive(anon):   212316 kB
Active(file):     472748 kB
Inactive(file):   441720 kB
Unevictable:       13568 kB
Mlocked:               0 kB
SwapTotal:        715328 kB
SwapFree:         708756 kB
Dirty:                88 kB
Writeback:             0 kB
AnonPages:       1028720 kB
Mapped:           605344 kB
Shmem:              1348 kB
Slab:              99176 kB
SReclaimable:      31904 kB
SUnreclaim:        67272 kB
KernelStack:       38560 kB
PageTables:        49944 kB
NFS_Unstable:          0 kB
Bounce:                0 kB
WritebackTmp:          0 kB
CommitLimit:     2152132 kB
Committed_AS:   118542264 kB
VmallocTotal:   251658176 kB
VmallocUsed:      136084 kB
VmallocChunk:   251443244 kB
Time pass: 167 sec

---2015-12-09 10:41:11
MemTotal:        2873608 kB
MemFree:          121176 kB
Buffers:           15288 kB
Cached:           914120 kB
SwapCached:            4 kB
Active:          1290456 kB
Inactive:         654060 kB
Active(anon):     817708 kB
Inactive(anon):   212332 kB
Active(file):     472748 kB
Inactive(file):   441728 kB
Unevictable:       13568 kB
Mlocked:               0 kB
SwapTotal:        715328 kB
SwapFree:         708756 kB
Dirty:                 4 kB
Writeback:             0 kB
AnonPages:       1028680 kB
Mapped:           605368 kB
Shmem:              1364 kB
Slab:              99184 kB
SReclaimable:      31904 kB
SUnreclaim:        67280 kB
KernelStack:       38432 kB
PageTables:        49928 kB
NFS_Unstable:          0 kB
Bounce:                0 kB
WritebackTmp:          0 kB
CommitLimit:     2152132 kB
Committed_AS:   118542088 kB
VmallocTotal:   251658176 kB
VmallocUsed:      136084 kB
VmallocChunk:   251443244 kB
Time pass: 171 sec

---2015-12-09 10:41:11
MemTotal:        2873608 kB
MemFree:          131092 kB
Buffers:           15296 kB
Cached:           913828 kB
SwapCached:            4 kB
Active:          1281196 kB
Inactive:         653780 kB
Active(anon):     808448 kB
Inactive(anon):   212044 kB
Active(file):     472748 kB
Inactive(file):   441736 kB
Unevictable:       13568 kB
Mlocked:               0 kB
SwapTotal:        715328 kB
SwapFree:         708756 kB
Dirty:                28 kB
Writeback:             0 kB
AnonPages:       1019420 kB
Mapped:           605004 kB
Shmem:              1072 kB
Slab:              99180 kB
SReclaimable:      31904 kB
SUnreclaim:        67276 kB
KernelStack:       38176 kB
PageTables:        49776 kB
NFS_Unstable:          0 kB
Bounce:                0 kB
WritebackTmp:          0 kB
CommitLimit:     2152132 kB
Committed_AS:   118514524 kB
VmallocTotal:   251658176 kB
VmallocUsed:      136084 kB
VmallocChunk:   251443244 kB
Time pass: 175 sec

---2015-12-09 10:41:11
MemTotal:        2873608 kB
MemFree:          131440 kB
Buffers:           15296 kB
Cached:           913828 kB
SwapCached:            4 kB
Active:          1281248 kB
Inactive:         653780 kB
Active(anon):     808500 kB
Inactive(anon):   212044 kB
Active(file):     472748 kB
Inactive(file):   441736 kB
Unevictable:       13568 kB
Mlocked:               0 kB
SwapTotal:        715328 kB
SwapFree:         708756 kB
Dirty:                 0 kB
Writeback:             0 kB
AnonPages:       1019420 kB
Mapped:           605064 kB
Shmem:              1072 kB
Slab:              99172 kB
SReclaimable:      31904 kB
SUnreclaim:        67268 kB
KernelStack:       38064 kB
PageTables:        49764 kB
NFS_Unstable:          0 kB
Bounce:                0 kB
WritebackTmp:          0 kB
CommitLimit:     2152132 kB
Committed_AS:   118514396 kB
VmallocTotal:   251658176 kB
VmallocUsed:      136068 kB
VmallocChunk:   251443244 kB
Time pass: 179 sec

---2015-12-09 10:41:11
MemTotal:        2873608 kB
MemFree:          131288 kB
Buffers:           15304 kB
Cached:           913828 kB
SwapCached:            4 kB
Active:          1281272 kB
Inactive:         653788 kB
Active(anon):     808524 kB
Inactive(anon):   212044 kB
Active(file):     472748 kB
Inactive(file):   441744 kB
Unevictable:       13568 kB
Mlocked:               0 kB
SwapTotal:        715328 kB
SwapFree:         708756 kB
Dirty:                 4 kB
Writeback:             0 kB
AnonPages:       1019364 kB
Mapped:           605072 kB
Shmem:              1072 kB
Slab:              99124 kB
SReclaimable:      31904 kB
SUnreclaim:        67220 kB
KernelStack:       38064 kB
PageTables:        49760 kB
NFS_Unstable:          0 kB
Bounce:                0 kB
WritebackTmp:          0 kB
CommitLimit:     2152132 kB
Committed_AS:   118514404 kB
VmallocTotal:   251658176 kB
VmallocUsed:      136068 kB
VmallocChunk:   251443244 kB
Time pass: 182 sec

---2015-12-09 10:41:11
MemTotal:        2873608 kB
MemFree:          131648 kB
Buffers:           15304 kB
Cached:           913840 kB
SwapCached:            4 kB
Active:          1281220 kB
Inactive:         653800 kB
Active(anon):     808472 kB
Inactive(anon):   212044 kB
Active(file):     472748 kB
Inactive(file):   441756 kB
Unevictable:       13568 kB
Mlocked:               0 kB
SwapTotal:        715328 kB
SwapFree:         708756 kB
Dirty:                 0 kB
Writeback:             0 kB
AnonPages:       1019532 kB
Mapped:           605008 kB
Shmem:              1072 kB
Slab:              99136 kB
SReclaimable:      31904 kB
SUnreclaim:        67232 kB
KernelStack:       38064 kB
PageTables:        49732 kB
NFS_Unstable:          0 kB
Bounce:                0 kB
WritebackTmp:          0 kB
CommitLimit:     2152132 kB
Committed_AS:   118514372 kB
VmallocTotal:   251658176 kB
VmallocUsed:      137088 kB
VmallocChunk:   251420716 kB
Time pass: 186 sec

---2015-12-09 10:41:11
MemTotal:        2873608 kB
MemFree:          119600 kB
Buffers:           15336 kB
Cached:           913944 kB
SwapCached:            4 kB
Active:          1293028 kB
Inactive:         653936 kB
Active(anon):     820288 kB
Inactive(anon):   212160 kB
Active(file):     472740 kB
Inactive(file):   441776 kB
Unevictable:       13568 kB
Mlocked:               0 kB
SwapTotal:        715328 kB
SwapFree:         708756 kB
Dirty:                64 kB
Writeback:             8 kB
AnonPages:       1031540 kB
Mapped:           605304 kB
Shmem:              1192 kB
Slab:              99140 kB
SReclaimable:      31920 kB
SUnreclaim:        67220 kB
KernelStack:       38480 kB
PageTables:        49892 kB
NFS_Unstable:          0 kB
Bounce:                0 kB
WritebackTmp:          0 kB
CommitLimit:     2152132 kB
Committed_AS:   118545988 kB
VmallocTotal:   251658176 kB
VmallocUsed:      137104 kB
VmallocChunk:   251404472 kB
Time pass: 190 sec

---2015-12-09 10:41:11
MemTotal:        2873608 kB
MemFree:          118280 kB
Buffers:           15352 kB
Cached:           914032 kB
SwapCached:            4 kB
Active:          1293712 kB
Inactive:         654032 kB
Active(anon):     820960 kB
Inactive(anon):   212228 kB
Active(file):     472752 kB
Inactive(file):   441804 kB
Unevictable:       13568 kB
Mlocked:               0 kB
SwapTotal:        715328 kB
SwapFree:         708756 kB
Dirty:                64 kB
Writeback:             0 kB
AnonPages:       1031892 kB
Mapped:           605400 kB
Shmem:              1260 kB
Slab:              99140 kB
SReclaimable:      31920 kB
SUnreclaim:        67220 kB
KernelStack:       38448 kB
PageTables:        49896 kB
NFS_Unstable:          0 kB
Bounce:                0 kB
WritebackTmp:          0 kB
CommitLimit:     2152132 kB
Committed_AS:   118546080 kB
VmallocTotal:   251658176 kB
VmallocUsed:      137104 kB
VmallocChunk:   251404472 kB
Time pass: 194 sec

---2015-12-09 10:41:11
MemTotal:        2873608 kB
MemFree:          117036 kB
Buffers:           15376 kB
Cached:           914064 kB
SwapCached:            4 kB
Active:          1295012 kB
Inactive:         654068 kB
Active(anon):     822260 kB
Inactive(anon):   212244 kB
Active(file):     472752 kB
Inactive(file):   441824 kB
Unevictable:       13568 kB
Mlocked:               0 kB
SwapTotal:        715328 kB
SwapFree:         708756 kB
Dirty:                56 kB
Writeback:             0 kB
AnonPages:       1033120 kB
Mapped:           605500 kB
Shmem:              1292 kB
Slab:              99140 kB
SReclaimable:      31920 kB
SUnreclaim:        67220 kB
KernelStack:       38448 kB
PageTables:        49892 kB
NFS_Unstable:          0 kB
Bounce:                0 kB
WritebackTmp:          0 kB
CommitLimit:     2152132 kB
Committed_AS:   118546096 kB
VmallocTotal:   251658176 kB
VmallocUsed:      137104 kB
VmallocChunk:   251404472 kB
Time pass: 198 sec

---2015-12-09 10:41:11
MemTotal:        2873608 kB
MemFree:          116588 kB
Buffers:           15376 kB
Cached:           914064 kB
SwapCached:            4 kB
Active:          1294772 kB
Inactive:         654088 kB
Active(anon):     822020 kB
Inactive(anon):   212260 kB
Active(file):     472752 kB
Inactive(file):   441828 kB
Unevictable:       13568 kB
Mlocked:               0 kB
SwapTotal:        715328 kB
SwapFree:         708756 kB
Dirty:                60 kB
Writeback:             0 kB
AnonPages:       1033108 kB
Mapped:           605608 kB
Shmem:              1292 kB
Slab:              99152 kB
SReclaimable:      31920 kB
SUnreclaim:        67232 kB
KernelStack:       38432 kB
PageTables:        49892 kB
NFS_Unstable:          0 kB
Bounce:                0 kB
WritebackTmp:          0 kB
CommitLimit:     2152132 kB
Committed_AS:   118546104 kB
VmallocTotal:   251658176 kB
VmallocUsed:      137104 kB
VmallocChunk:   251404472 kB
Time pass: 202 sec

---2015-12-09 10:41:11
MemTotal:        2873608 kB
MemFree:          117068 kB
Buffers:           15384 kB
Cached:           914064 kB
SwapCached:            4 kB
Active:          1294736 kB
Inactive:         654096 kB
Active(anon):     821984 kB
Inactive(anon):   212260 kB
Active(file):     472752 kB
Inactive(file):   441836 kB
Unevictable:       13568 kB
Mlocked:               0 kB
SwapTotal:        715328 kB
SwapFree:         708756 kB
Dirty:                36 kB
Writeback:             0 kB
AnonPages:       1033004 kB
Mapped:           605620 kB
Shmem:              1292 kB
Slab:              99140 kB
SReclaimable:      31920 kB
SUnreclaim:        67220 kB
KernelStack:       38448 kB
PageTables:        49900 kB
NFS_Unstable:          0 kB
Bounce:                0 kB
WritebackTmp:          0 kB
CommitLimit:     2152132 kB
Committed_AS:   118546088 kB
VmallocTotal:   251658176 kB
VmallocUsed:      137104 kB
VmallocChunk:   251404472 kB
Time pass: 205 sec

---2015-12-09 10:41:11
MemTotal:        2873608 kB
MemFree:          116860 kB
Buffers:           15384 kB
Cached:           914064 kB
SwapCached:            4 kB
Active:          1294612 kB
Inactive:         654096 kB
Active(anon):     821860 kB
Inactive(anon):   212260 kB
Active(file):     472752 kB
Inactive(file):   441836 kB
Unevictable:       13568 kB
Mlocked:               0 kB
SwapTotal:        715328 kB
SwapFree:         708756 kB
Dirty:                 0 kB
Writeback:             0 kB
AnonPages:       1032884 kB
Mapped:           605628 kB
Shmem:              1292 kB
Slab:              99164 kB
SReclaimable:      31920 kB
SUnreclaim:        67244 kB
KernelStack:       38448 kB
PageTables:        49900 kB
NFS_Unstable:          0 kB
Bounce:                0 kB
WritebackTmp:          0 kB
CommitLimit:     2152132 kB
Committed_AS:   118546120 kB
VmallocTotal:   251658176 kB
VmallocUsed:      137104 kB
VmallocChunk:   251404472 kB
Time pass: 209 sec

---2015-12-09 10:41:11
MemTotal:        2873608 kB
MemFree:          116628 kB
Buffers:           15400 kB
Cached:           914064 kB
SwapCached:            4 kB
Active:          1294704 kB
Inactive:         654112 kB
Active(anon):     821952 kB
Inactive(anon):   212260 kB
Active(file):     472752 kB
Inactive(file):   441852 kB
Unevictable:       13568 kB
Mlocked:               0 kB
SwapTotal:        715328 kB
SwapFree:         708756 kB
Dirty:                28 kB
Writeback:             0 kB
AnonPages:       1032944 kB
Mapped:           605636 kB
Shmem:              1292 kB
Slab:              99148 kB
SReclaimable:      31920 kB
SUnreclaim:        67228 kB
KernelStack:       38448 kB
PageTables:        49896 kB
NFS_Unstable:          0 kB
Bounce:                0 kB
WritebackTmp:          0 kB
CommitLimit:     2152132 kB
Committed_AS:   118546152 kB
VmallocTotal:   251658176 kB
VmallocUsed:      137104 kB
VmallocChunk:   251404472 kB
Time pass: 213 sec

---2015-12-09 10:41:11
MemTotal:        2873608 kB
MemFree:          115924 kB
Buffers:           15400 kB
Cached:           914064 kB
SwapCached:            4 kB
Active:          1295272 kB
Inactive:         654112 kB
Active(anon):     822520 kB
Inactive(anon):   212260 kB
Active(file):     472752 kB
Inactive(file):   441852 kB
Unevictable:       13568 kB
Mlocked:               0 kB
SwapTotal:        715328 kB
SwapFree:         708756 kB
Dirty:                40 kB
Writeback:             0 kB
AnonPages:       1033352 kB
Mapped:           605732 kB
Shmem:              1292 kB
Slab:              99120 kB
SReclaimable:      31888 kB
SUnreclaim:        67232 kB
KernelStack:       38416 kB
PageTables:        49924 kB
NFS_Unstable:          0 kB
Bounce:                0 kB
WritebackTmp:          0 kB
CommitLimit:     2152132 kB
Committed_AS:   118546184 kB
VmallocTotal:   251658176 kB
VmallocUsed:      137104 kB
VmallocChunk:   251404472 kB
Time pass: 217 sec

---2015-12-09 10:41:11
MemTotal:        2873608 kB
MemFree:          116256 kB
Buffers:           15408 kB
Cached:           914064 kB
SwapCached:            4 kB
Active:          1295140 kB
Inactive:         654120 kB
Active(anon):     822388 kB
Inactive(anon):   212260 kB
Active(file):     472752 kB
Inactive(file):   441860 kB
Unevictable:       13568 kB
Mlocked:               0 kB
SwapTotal:        715328 kB
SwapFree:         708756 kB
Dirty:                32 kB
Writeback:             0 kB
AnonPages:       1033276 kB
Mapped:           605656 kB
Shmem:              1292 kB
Slab:              99108 kB
SReclaimable:      31888 kB
SUnreclaim:        67220 kB
KernelStack:       38432 kB
PageTables:        49900 kB
NFS_Unstable:          0 kB
Bounce:                0 kB
WritebackTmp:          0 kB
CommitLimit:     2152132 kB
Committed_AS:   118546208 kB
VmallocTotal:   251658176 kB
VmallocUsed:      137104 kB
VmallocChunk:   251404472 kB
Time pass: 221 sec

---2015-12-09 10:41:11
MemTotal:        2873608 kB
MemFree:          116696 kB
Buffers:           15424 kB
Cached:           914056 kB
SwapCached:            4 kB
Active:          1295072 kB
Inactive:         654136 kB
Active(anon):     822328 kB
Inactive(anon):   212260 kB
Active(file):     472744 kB
Inactive(file):   441876 kB
Unevictable:       13568 kB
Mlocked:               0 kB
SwapTotal:        715328 kB
SwapFree:         708756 kB
Dirty:                 0 kB
Writeback:            52 kB
AnonPages:       1033300 kB
Mapped:           605664 kB
Shmem:              1292 kB
Slab:              99108 kB
SReclaimable:      31888 kB
SUnreclaim:        67220 kB
KernelStack:       38448 kB
PageTables:        49900 kB
NFS_Unstable:          0 kB
Bounce:                0 kB
WritebackTmp:          0 kB
CommitLimit:     2152132 kB
Committed_AS:   118546264 kB
VmallocTotal:   251658176 kB
VmallocUsed:      137104 kB
VmallocChunk:   251404472 kB
Time pass: 225 sec

---2015-12-09 10:41:11
MemTotal:        2873608 kB
MemFree:          117700 kB
Buffers:           15448 kB
Cached:           914092 kB
SwapCached:            4 kB
Active:          1293652 kB
Inactive:         654192 kB
Active(anon):     820904 kB
Inactive(anon):   212288 kB
Active(file):     472748 kB
Inactive(file):   441904 kB
Unevictable:       13568 kB
Mlocked:               0 kB
SwapTotal:        715328 kB
SwapFree:         708756 kB
Dirty:               136 kB
Writeback:             0 kB
AnonPages:       1031780 kB
Mapped:           605716 kB
Shmem:              1320 kB
Slab:              99112 kB
SReclaimable:      31888 kB
SUnreclaim:        67224 kB
KernelStack:       38464 kB
PageTables:        49964 kB
NFS_Unstable:          0 kB
Bounce:                0 kB
WritebackTmp:          0 kB
CommitLimit:     2152132 kB
Committed_AS:   118546348 kB
VmallocTotal:   251658176 kB
VmallocUsed:      137104 kB
VmallocChunk:   251404472 kB
Time pass: 228 sec

---2015-12-09 10:41:11
MemTotal:        2873608 kB
MemFree:          117280 kB
Buffers:           15456 kB
Cached:           914156 kB
SwapCached:            4 kB
Active:          1293912 kB
Inactive:         654260 kB
Active(anon):     821160 kB
Inactive(anon):   212356 kB
Active(file):     472752 kB
Inactive(file):   441904 kB
Unevictable:       13568 kB
Mlocked:               0 kB
SwapTotal:        715328 kB
SwapFree:         708756 kB
Dirty:                 0 kB
Writeback:             0 kB
AnonPages:       1032056 kB
Mapped:           605792 kB
Shmem:              1388 kB
Slab:              99112 kB
SReclaimable:      31888 kB
SUnreclaim:        67224 kB
KernelStack:       38464 kB
PageTables:        49960 kB
NFS_Unstable:          0 kB
Bounce:                0 kB
WritebackTmp:          0 kB
CommitLimit:     2152132 kB
Committed_AS:   118546336 kB
VmallocTotal:   251658176 kB
VmallocUsed:      137104 kB
VmallocChunk:   251404472 kB
Time pass: 232 sec

---2015-12-09 10:41:11
MemTotal:        2873608 kB
MemFree:          116996 kB
Buffers:           15456 kB
Cached:           914188 kB
SwapCached:            4 kB
Active:          1294320 kB
Inactive:         654292 kB
Active(anon):     821568 kB
Inactive(anon):   212380 kB
Active(file):     472752 kB
Inactive(file):   441912 kB
Unevictable:       13568 kB
Mlocked:               0 kB
SwapTotal:        715328 kB
SwapFree:         708756 kB
Dirty:                44 kB
Writeback:             0 kB
AnonPages:       1032452 kB
Mapped:           605828 kB
Shmem:              1412 kB
Slab:              99128 kB
SReclaimable:      31888 kB
SUnreclaim:        67240 kB
KernelStack:       38464 kB
PageTables:        49960 kB
NFS_Unstable:          0 kB
Bounce:                0 kB
WritebackTmp:          0 kB
CommitLimit:     2152132 kB
Committed_AS:   118546328 kB
VmallocTotal:   251658176 kB
VmallocUsed:      137104 kB
VmallocChunk:   251404472 kB
Time pass: 236 sec

---2015-12-09 10:41:11
MemTotal:        2873608 kB
MemFree:          115296 kB
Buffers:           15464 kB
Cached:           914336 kB
SwapCached:            4 kB
Active:          1295876 kB
Inactive:         654396 kB
Active(anon):     823120 kB
Inactive(anon):   212484 kB
Active(file):     472756 kB
Inactive(file):   441912 kB
Unevictable:       13568 kB
Mlocked:               0 kB
SwapTotal:        715328 kB
SwapFree:         708756 kB
Dirty:                12 kB
Writeback:             0 kB
AnonPages:       1033988 kB
Mapped:           605976 kB
Shmem:              1560 kB
Slab:              99124 kB
SReclaimable:      31888 kB
SUnreclaim:        67236 kB
KernelStack:       38448 kB
PageTables:        49960 kB
NFS_Unstable:          0 kB
Bounce:                0 kB
WritebackTmp:          0 kB
CommitLimit:     2152132 kB
Committed_AS:   118546324 kB
VmallocTotal:   251658176 kB
VmallocUsed:      137104 kB
VmallocChunk:   251404472 kB
Time pass: 240 sec

---2015-12-09 10:41:11
MemTotal:        2873608 kB
MemFree:          113492 kB
Buffers:           15496 kB
Cached:           914008 kB
SwapCached:            4 kB
Active:          1298096 kB
Inactive:         654148 kB
Active(anon):     825340 kB
Inactive(anon):   212196 kB
Active(file):     472756 kB
Inactive(file):   441952 kB
Unevictable:       13568 kB
Mlocked:               0 kB
SwapTotal:        715328 kB
SwapFree:         708756 kB
Dirty:                 0 kB
Writeback:             0 kB
AnonPages:       1036100 kB
Mapped:           605744 kB
Shmem:              1228 kB
Slab:              99124 kB
SReclaimable:      31856 kB
SUnreclaim:        67268 kB
KernelStack:       38464 kB
PageTables:        49988 kB
NFS_Unstable:          0 kB
Bounce:                0 kB
WritebackTmp:          0 kB
CommitLimit:     2152132 kB
Committed_AS:   118554560 kB
VmallocTotal:   251658176 kB
VmallocUsed:      137104 kB
VmallocChunk:   251404472 kB
Time pass: 243 sec

---2015-12-09 10:41:11
MemTotal:        2873608 kB
MemFree:          113560 kB
Buffers:           15504 kB
Cached:           914020 kB
SwapCached:            4 kB
Active:          1298016 kB
Inactive:         654168 kB
Active(anon):     825260 kB
Inactive(anon):   212204 kB
Active(file):     472756 kB
Inactive(file):   441964 kB
Unevictable:       13568 kB
Mlocked:               0 kB
SwapTotal:        715328 kB
SwapFree:         708756 kB
Dirty:                48 kB
Writeback:             0 kB
AnonPages:       1036352 kB
Mapped:           605680 kB
Shmem:              1236 kB
Slab:              99112 kB
SReclaimable:      31856 kB
SUnreclaim:        67256 kB
KernelStack:       38448 kB
PageTables:        49932 kB
NFS_Unstable:          0 kB
Bounce:                0 kB
WritebackTmp:          0 kB
CommitLimit:     2152132 kB
Committed_AS:   118554600 kB
VmallocTotal:   251658176 kB
VmallocUsed:      137104 kB
VmallocChunk:   251404472 kB
Time pass: 247 sec

---2015-12-09 10:41:11
MemTotal:        2873608 kB
MemFree:          112840 kB
Buffers:           15520 kB
Cached:           914028 kB
SwapCached:            4 kB
Active:          1298300 kB
Inactive:         654192 kB
Active(anon):     825544 kB
Inactive(anon):   212212 kB
Active(file):     472756 kB
Inactive(file):   441980 kB
Unevictable:       13568 kB
Mlocked:               0 kB
SwapTotal:        715328 kB
SwapFree:         708756 kB
Dirty:                52 kB
Writeback:             0 kB
AnonPages:       1036560 kB
Mapped:           605680 kB
Shmem:              1244 kB
Slab:              99144 kB
SReclaimable:      31856 kB
SUnreclaim:        67288 kB
KernelStack:       38448 kB
PageTables:        49936 kB
NFS_Unstable:          0 kB
Bounce:                0 kB
WritebackTmp:          0 kB
CommitLimit:     2152132 kB
Committed_AS:   118554616 kB
VmallocTotal:   251658176 kB
VmallocUsed:      137104 kB
VmallocChunk:   251404472 kB
Time pass: 251 sec

---2015-12-09 10:41:11
MemTotal:        2873608 kB
MemFree:          109000 kB
Buffers:           15528 kB
Cached:           914032 kB
SwapCached:            4 kB
Active:          1301740 kB
Inactive:         654196 kB
Active(anon):     828976 kB
Inactive(anon):   212216 kB
Active(file):     472764 kB
Inactive(file):   441980 kB
Unevictable:       13568 kB
Mlocked:               0 kB
SwapTotal:        715328 kB
SwapFree:         708756 kB
Dirty:                36 kB
Writeback:             0 kB
AnonPages:       1039824 kB
Mapped:           607052 kB
Shmem:              1248 kB
Slab:              99144 kB
SReclaimable:      31856 kB
SUnreclaim:        67288 kB
KernelStack:       38640 kB
PageTables:        50428 kB
NFS_Unstable:          0 kB
Bounce:                0 kB
WritebackTmp:          0 kB
CommitLimit:     2152132 kB
Committed_AS:   119790676 kB
VmallocTotal:   251658176 kB
VmallocUsed:      138124 kB
VmallocChunk:   251404472 kB
Time pass: 255 sec

---2015-12-09 10:41:11
MemTotal:        2873608 kB
MemFree:          109048 kB
Buffers:           15544 kB
Cached:           914032 kB
SwapCached:            4 kB
Active:          1301860 kB
Inactive:         654212 kB
Active(anon):     829096 kB
Inactive(anon):   212216 kB
Active(file):     472764 kB
Inactive(file):   441996 kB
Unevictable:       13568 kB
Mlocked:               0 kB
SwapTotal:        715328 kB
SwapFree:         708756 kB
Dirty:                 0 kB
Writeback:             0 kB
AnonPages:       1039980 kB
Mapped:           607052 kB
Shmem:              1248 kB
Slab:              99144 kB
SReclaimable:      31856 kB
SUnreclaim:        67288 kB
KernelStack:       38672 kB
PageTables:        50452 kB
NFS_Unstable:          0 kB
Bounce:                0 kB
WritebackTmp:          0 kB
CommitLimit:     2152132 kB
Committed_AS:   119790836 kB
VmallocTotal:   251658176 kB
VmallocUsed:      138124 kB
VmallocChunk:   251404472 kB
Time pass: 259 sec

---2015-12-09 10:41:11
MemTotal:        2873608 kB
MemFree:          107756 kB
Buffers:           15552 kB
Cached:           914024 kB
SwapCached:            4 kB
Active:          1301996 kB
Inactive:         654212 kB
Active(anon):     829232 kB
Inactive(anon):   212216 kB
Active(file):     472764 kB
Inactive(file):   441996 kB
Unevictable:       13568 kB
Mlocked:               0 kB
SwapTotal:        715328 kB
SwapFree:         708756 kB
Dirty:                 0 kB
Writeback:             0 kB
AnonPages:       1040092 kB
Mapped:           607068 kB
Shmem:              1248 kB
Slab:              99144 kB
SReclaimable:      31856 kB
SUnreclaim:        67288 kB
KernelStack:       38672 kB
PageTables:        50452 kB
NFS_Unstable:          0 kB
Bounce:                0 kB
WritebackTmp:          0 kB
CommitLimit:     2152132 kB
Committed_AS:   119790812 kB
VmallocTotal:   251658176 kB
VmallocUsed:      138124 kB
VmallocChunk:   251404472 kB
Time pass: 263 sec

---2015-12-09 10:41:11
MemTotal:        2873608 kB
MemFree:          111396 kB
Buffers:           15552 kB
Cached:           914032 kB
SwapCached:            4 kB
Active:          1299908 kB
Inactive:         654220 kB
Active(anon):     827144 kB
Inactive(anon):   212216 kB
Active(file):     472764 kB
Inactive(file):   442004 kB
Unevictable:       13568 kB
Mlocked:               0 kB
SwapTotal:        715328 kB
SwapFree:         708756 kB
Dirty:                32 kB
Writeback:             0 kB
AnonPages:       1038092 kB
Mapped:           606672 kB
Shmem:              1248 kB
Slab:              99176 kB
SReclaimable:      31856 kB
SUnreclaim:        67320 kB
KernelStack:       38432 kB
PageTables:        49976 kB
NFS_Unstable:          0 kB
Bounce:                0 kB
WritebackTmp:          0 kB
CommitLimit:     2152132 kB
Committed_AS:   118554628 kB
VmallocTotal:   251658176 kB
VmallocUsed:      137104 kB
VmallocChunk:   251404472 kB
Time pass: 266 sec

---2015-12-09 10:41:11
MemTotal:        2873608 kB
MemFree:          110776 kB
Buffers:           15568 kB
Cached:           914032 kB
SwapCached:            4 kB
Active:          1300280 kB
Inactive:         654236 kB
Active(anon):     827516 kB
Inactive(anon):   212216 kB
Active(file):     472764 kB
Inactive(file):   442020 kB
Unevictable:       13568 kB
Mlocked:               0 kB
SwapTotal:        715328 kB
SwapFree:         708756 kB
Dirty:                44 kB
Writeback:             0 kB
AnonPages:       1038380 kB
Mapped:           606896 kB
Shmem:              1248 kB
Slab:              99164 kB
SReclaimable:      31856 kB
SUnreclaim:        67308 kB
KernelStack:       38432 kB
PageTables:        49976 kB
NFS_Unstable:          0 kB
Bounce:                0 kB
WritebackTmp:          0 kB
CommitLimit:     2152132 kB
Committed_AS:   118554628 kB
VmallocTotal:   251658176 kB
VmallocUsed:      137104 kB
VmallocChunk:   251404472 kB
Time pass: 270 sec

---2015-12-09 10:41:11
MemTotal:        2873608 kB
MemFree:          109788 kB
Buffers:           15584 kB
Cached:           914048 kB
SwapCached:            4 kB
Active:          1301132 kB
Inactive:         654268 kB
Active(anon):     828368 kB
Inactive(anon):   212232 kB
Active(file):     472764 kB
Inactive(file):   442036 kB
Unevictable:       13568 kB
Mlocked:               0 kB
SwapTotal:        715328 kB
SwapFree:         708756 kB
Dirty:                 0 kB
Writeback:             0 kB
AnonPages:       1039332 kB
Mapped:           606860 kB
Shmem:              1264 kB
Slab:              99112 kB
SReclaimable:      31856 kB
SUnreclaim:        67256 kB
KernelStack:       38400 kB
PageTables:        49932 kB
NFS_Unstable:          0 kB
Bounce:                0 kB
WritebackTmp:          0 kB
CommitLimit:     2152132 kB
Committed_AS:   118554716 kB
VmallocTotal:   251658176 kB
VmallocUsed:      137104 kB
VmallocChunk:   251404472 kB
Time pass: 274 sec

---2015-12-09 10:41:11
MemTotal:        2873608 kB
MemFree:          108504 kB
Buffers:           15592 kB
Cached:           914076 kB
SwapCached:            4 kB
Active:          1302520 kB
Inactive:         654300 kB
Active(anon):     829752 kB
Inactive(anon):   212244 kB
Active(file):     472768 kB
Inactive(file):   442056 kB
Unevictable:       13568 kB
Mlocked:               0 kB
SwapTotal:        715328 kB
SwapFree:         708756 kB
Dirty:                 0 kB
Writeback:             0 kB
AnonPages:       1040756 kB
Mapped:           606864 kB
Shmem:              1276 kB
Slab:              99112 kB
SReclaimable:      31856 kB
SUnreclaim:        67256 kB
KernelStack:       38400 kB
PageTables:        49952 kB
NFS_Unstable:          0 kB
Bounce:                0 kB
WritebackTmp:          0 kB
CommitLimit:     2152132 kB
Committed_AS:   118554668 kB
VmallocTotal:   251658176 kB
VmallocUsed:      137104 kB
VmallocChunk:   251404472 kB
Time pass: 279 sec

---2015-12-09 10:41:11
MemTotal:        2873608 kB
MemFree:          107088 kB
Buffers:           15640 kB
Cached:           914080 kB
SwapCached:            4 kB
Active:          1304052 kB
Inactive:         654348 kB
Active(anon):     831284 kB
Inactive(anon):   212244 kB
Active(file):     472768 kB
Inactive(file):   442104 kB
Unevictable:       13568 kB
Mlocked:               0 kB
SwapTotal:        715328 kB
SwapFree:         708756 kB
Dirty:               116 kB
Writeback:             0 kB
AnonPages:       1042436 kB
Mapped:           606792 kB
Shmem:              1280 kB
Slab:              99108 kB
SReclaimable:      31856 kB
SUnreclaim:        67252 kB
KernelStack:       38432 kB
PageTables:        49924 kB
NFS_Unstable:          0 kB
Bounce:                0 kB
WritebackTmp:          0 kB
CommitLimit:     2152132 kB
Committed_AS:   118554788 kB
VmallocTotal:   251658176 kB
VmallocUsed:      137104 kB
VmallocChunk:   251404472 kB
Time pass: 284 sec

---2015-12-09 10:41:11
MemTotal:        2873608 kB
MemFree:          106496 kB
Buffers:           15640 kB
Cached:           914084 kB
SwapCached:            4 kB
Active:          1304360 kB
Inactive:         654352 kB
Active(anon):     831592 kB
Inactive(anon):   212248 kB
Active(file):     472768 kB
Inactive(file):   442104 kB
Unevictable:       13568 kB
Mlocked:               0 kB
SwapTotal:        715328 kB
SwapFree:         708756 kB
Dirty:                40 kB
Writeback:             0 kB
AnonPages:       1042660 kB
Mapped:           606888 kB
Shmem:              1284 kB
Slab:              99112 kB
SReclaimable:      31856 kB
SUnreclaim:        67256 kB
KernelStack:       38384 kB
PageTables:        49956 kB
NFS_Unstable:          0 kB
Bounce:                0 kB
WritebackTmp:          0 kB
CommitLimit:     2152132 kB
Committed_AS:   118558780 kB
VmallocTotal:   251658176 kB
VmallocUsed:      137104 kB
VmallocChunk:   251404472 kB
Time pass: 288 sec

---2015-12-09 10:41:11
MemTotal:        2873608 kB
MemFree:          105924 kB
Buffers:           15648 kB
Cached:           914084 kB
SwapCached:            4 kB
Active:          1304684 kB
Inactive:         654360 kB
Active(anon):     831916 kB
Inactive(anon):   212248 kB
Active(file):     472768 kB
Inactive(file):   442112 kB
Unevictable:       13568 kB
Mlocked:               0 kB
SwapTotal:        715328 kB
SwapFree:         708756 kB
Dirty:                12 kB
Writeback:             0 kB
AnonPages:       1042816 kB
Mapped:           606816 kB
Shmem:              1284 kB
Slab:              99148 kB
SReclaimable:      31856 kB
SUnreclaim:        67292 kB
KernelStack:       38384 kB
PageTables:        49924 kB
NFS_Unstable:          0 kB
Bounce:                0 kB
WritebackTmp:          0 kB
CommitLimit:     2152132 kB
Committed_AS:   118558788 kB
VmallocTotal:   251658176 kB
VmallocUsed:      137104 kB
VmallocChunk:   251404472 kB
Time pass: 292 sec

---2015-12-09 10:41:11
MemTotal:        2873608 kB
MemFree:          104536 kB
Buffers:           15664 kB
Cached:           914084 kB
SwapCached:            4 kB
Active:          1306328 kB
Inactive:         654376 kB
Active(anon):     833560 kB
Inactive(anon):   212248 kB
Active(file):     472768 kB
Inactive(file):   442128 kB
Unevictable:       13568 kB
Mlocked:               0 kB
SwapTotal:        715328 kB
SwapFree:         708756 kB
Dirty:                56 kB
Writeback:             0 kB
AnonPages:       1044816 kB
Mapped:           606908 kB
Shmem:              1284 kB
Slab:              99108 kB
SReclaimable:      31856 kB
SUnreclaim:        67252 kB
KernelStack:       38384 kB
PageTables:        49956 kB
NFS_Unstable:          0 kB
Bounce:                0 kB
WritebackTmp:          0 kB
CommitLimit:     2152132 kB
Committed_AS:   118558788 kB
VmallocTotal:   251658176 kB
VmallocUsed:      137104 kB
VmallocChunk:   251404472 kB
Time pass: 296 sec

---2015-12-09 10:41:11
MemTotal:        2873608 kB
MemFree:          105220 kB
Buffers:           15672 kB
Cached:           914092 kB
SwapCached:            4 kB
Active:          1305456 kB
Inactive:         654392 kB
Active(anon):     832688 kB
Inactive(anon):   212256 kB
Active(file):     472768 kB
Inactive(file):   442136 kB
Unevictable:       13568 kB
Mlocked:               0 kB
SwapTotal:        715328 kB
SwapFree:         708756 kB
Dirty:                32 kB
Writeback:             0 kB
AnonPages:       1043632 kB
Mapped:           607008 kB
Shmem:              1292 kB
Slab:              99112 kB
SReclaimable:      31856 kB
SUnreclaim:        67256 kB
KernelStack:       38384 kB
PageTables:        49992 kB
NFS_Unstable:          0 kB
Bounce:                0 kB
WritebackTmp:          0 kB
CommitLimit:     2152132 kB
Committed_AS:   118558788 kB
VmallocTotal:   251658176 kB
VmallocUsed:      137104 kB
VmallocChunk:   251404472 kB
Time pass: 300 sec

---2015-12-09 10:41:11
MemTotal:        2873608 kB
MemFree:          105072 kB
Buffers:           15672 kB
Cached:           914096 kB
SwapCached:            4 kB
Active:          1305176 kB
Inactive:         654396 kB
Active(anon):     832408 kB
Inactive(anon):   212260 kB
Active(file):     472768 kB
Inactive(file):   442136 kB
Unevictable:       13568 kB
Mlocked:               0 kB
SwapTotal:        715328 kB
SwapFree:         708756 kB
Dirty:                 0 kB
Writeback:             0 kB
AnonPages:       1043584 kB
Mapped:           607020 kB
Shmem:              1296 kB
Slab:              99112 kB
SReclaimable:      31856 kB
SUnreclaim:        67256 kB
KernelStack:       38384 kB
PageTables:        49988 kB
NFS_Unstable:          0 kB
Bounce:                0 kB
WritebackTmp:          0 kB
CommitLimit:     2152132 kB
Committed_AS:   118558780 kB
VmallocTotal:   251658176 kB
VmallocUsed:      137104 kB
VmallocChunk:   251404472 kB
Time pass: 304 sec

---2015-12-09 10:41:11
MemTotal:        2873608 kB
MemFree:          104736 kB
Buffers:           15688 kB
Cached:           914124 kB
SwapCached:            4 kB
Active:          1305888 kB
Inactive:         654440 kB
Active(anon):     833120 kB
Inactive(anon):   212288 kB
Active(file):     472768 kB
Inactive(file):   442152 kB
Unevictable:       13568 kB
Mlocked:               0 kB
SwapTotal:        715328 kB
SwapFree:         708756 kB
Dirty:                44 kB
Writeback:             0 kB
AnonPages:       1044180 kB
Mapped:           607056 kB
Shmem:              1324 kB
Slab:              99108 kB
SReclaimable:      31856 kB
SUnreclaim:        67252 kB
KernelStack:       38384 kB
PageTables:        49984 kB
NFS_Unstable:          0 kB
Bounce:                0 kB
WritebackTmp:          0 kB
CommitLimit:     2152132 kB
Committed_AS:   118558804 kB
VmallocTotal:   251658176 kB
VmallocUsed:      137104 kB
VmallocChunk:   251404472 kB
Time pass: 308 sec

---2015-12-09 10:41:11
MemTotal:        2873608 kB
MemFree:          102944 kB
Buffers:           15696 kB
Cached:           914124 kB
SwapCached:            4 kB
Active:          1306396 kB
Inactive:         654448 kB
Active(anon):     833628 kB
Inactive(anon):   212288 kB
Active(file):     472768 kB
Inactive(file):   442160 kB
Unevictable:       13568 kB
Mlocked:               0 kB
SwapTotal:        715328 kB
SwapFree:         708756 kB
Dirty:                32 kB
Writeback:             0 kB
AnonPages:       1044496 kB
Mapped:           607072 kB
Shmem:              1324 kB
Slab:              99112 kB
SReclaimable:      31856 kB
SUnreclaim:        67256 kB
KernelStack:       38384 kB
PageTables:        49992 kB
NFS_Unstable:          0 kB
Bounce:                0 kB
WritebackTmp:          0 kB
CommitLimit:     2152132 kB
Committed_AS:   118558780 kB
VmallocTotal:   251658176 kB
VmallocUsed:      137116 kB
VmallocChunk:   251404472 kB
Time pass: 312 sec

---2015-12-09 10:41:11
MemTotal:        2873608 kB
MemFree:          103156 kB
Buffers:           15696 kB
Cached:           914124 kB
SwapCached:            4 kB
Active:          1306308 kB
Inactive:         654448 kB
Active(anon):     833540 kB
Inactive(anon):   212288 kB
Active(file):     472768 kB
Inactive(file):   442160 kB
Unevictable:       13568 kB
Mlocked:               0 kB
SwapTotal:        715328 kB
SwapFree:         708756 kB
Dirty:                 0 kB
Writeback:             0 kB
AnonPages:       1044524 kB
Mapped:           606992 kB
Shmem:              1324 kB
Slab:              99112 kB
SReclaimable:      31856 kB
SUnreclaim:        67256 kB
KernelStack:       38368 kB
PageTables:        49960 kB
NFS_Unstable:          0 kB
Bounce:                0 kB
WritebackTmp:          0 kB
CommitLimit:     2152132 kB
Committed_AS:   118558780 kB
VmallocTotal:   251658176 kB
VmallocUsed:      137116 kB
VmallocChunk:   251404472 kB
Time pass: 316 sec

---2015-12-09 10:41:11
MemTotal:        2873608 kB
MemFree:          102992 kB
Buffers:           15712 kB
Cached:           914124 kB
SwapCached:            4 kB
Active:          1306412 kB
Inactive:         654464 kB
Active(anon):     833644 kB
Inactive(anon):   212288 kB
Active(file):     472768 kB
Inactive(file):   442176 kB
Unevictable:       13568 kB
Mlocked:               0 kB
SwapTotal:        715328 kB
SwapFree:         708756 kB
Dirty:                40 kB
Writeback:             0 kB
AnonPages:       1044532 kB
Mapped:           607044 kB
Shmem:              1324 kB
Slab:              99108 kB
SReclaimable:      31856 kB
SUnreclaim:        67252 kB
KernelStack:       38416 kB
PageTables:        49992 kB
NFS_Unstable:          0 kB
Bounce:                0 kB
WritebackTmp:          0 kB
CommitLimit:     2152132 kB
Committed_AS:   118558780 kB
VmallocTotal:   251658176 kB
VmallocUsed:      137116 kB
VmallocChunk:   251404472 kB
Time pass: 320 sec

---2015-12-09 10:41:11
MemTotal:        2873608 kB
MemFree:          103524 kB
Buffers:           15720 kB
Cached:           914128 kB
SwapCached:            4 kB
Active:          1306644 kB
Inactive:         654476 kB
Active(anon):     833876 kB
Inactive(anon):   212292 kB
Active(file):     472768 kB
Inactive(file):   442184 kB
Unevictable:       13568 kB
Mlocked:               0 kB
SwapTotal:        715328 kB
SwapFree:         708756 kB
Dirty:                32 kB
Writeback:             0 kB
AnonPages:       1044608 kB
Mapped:           607012 kB
Shmem:              1328 kB
Slab:              99108 kB
SReclaimable:      31856 kB
SUnreclaim:        67252 kB
KernelStack:       38416 kB
PageTables:        49960 kB
NFS_Unstable:          0 kB
Bounce:                0 kB
WritebackTmp:          0 kB
CommitLimit:     2152132 kB
Committed_AS:   118558764 kB
VmallocTotal:   251658176 kB
VmallocUsed:      137116 kB
VmallocChunk:   251404472 kB
Time pass: 324 sec

---2015-12-09 10:41:11
MemTotal:        2873608 kB
MemFree:          102388 kB
Buffers:           15720 kB
Cached:           914128 kB
SwapCached:            4 kB
Active:          1306988 kB
Inactive:         654472 kB
Active(anon):     834220 kB
Inactive(anon):   212288 kB
Active(file):     472768 kB
Inactive(file):   442184 kB
Unevictable:       13568 kB
Mlocked:               0 kB
SwapTotal:        715328 kB
SwapFree:         708756 kB
Dirty:                 0 kB
Writeback:             0 kB
AnonPages:       1045032 kB
Mapped:           607108 kB
Shmem:              1328 kB
Slab:              99108 kB
SReclaimable:      31856 kB
SUnreclaim:        67252 kB
KernelStack:       38432 kB
PageTables:        49996 kB
NFS_Unstable:          0 kB
Bounce:                0 kB
WritebackTmp:          0 kB
CommitLimit:     2152132 kB
Committed_AS:   118558772 kB
VmallocTotal:   251658176 kB
VmallocUsed:      137116 kB
VmallocChunk:   251404472 kB
Time pass: 327 sec

---2015-12-09 10:41:11
MemTotal:        2873608 kB
MemFree:          101952 kB
Buffers:           15736 kB
Cached:           914128 kB
SwapCached:            4 kB
Active:          1307372 kB
Inactive:         654488 kB
Active(anon):     834604 kB
Inactive(anon):   212288 kB
Active(file):     472768 kB
Inactive(file):   442200 kB
Unevictable:       13568 kB
Mlocked:               0 kB
SwapTotal:        715328 kB
SwapFree:         708756 kB
Dirty:                44 kB
Writeback:             0 kB
AnonPages:       1045556 kB
Mapped:           607116 kB
Shmem:              1328 kB
Slab:              99120 kB
SReclaimable:      31856 kB
SUnreclaim:        67264 kB
KernelStack:       38432 kB
PageTables:        49996 kB
NFS_Unstable:          0 kB
Bounce:                0 kB
WritebackTmp:          0 kB
CommitLimit:     2152132 kB
Committed_AS:   118558788 kB
VmallocTotal:   251658176 kB
VmallocUsed:      137116 kB
VmallocChunk:   251404472 kB
Time pass: 331 sec

---2015-12-09 10:41:11
MemTotal:        2873608 kB
MemFree:          101788 kB
Buffers:           15752 kB
Cached:           914132 kB
SwapCached:            4 kB
Active:          1307348 kB
Inactive:         654508 kB
Active(anon):     834580 kB
Inactive(anon):   212292 kB
Active(file):     472768 kB
Inactive(file):   442216 kB
Unevictable:       13568 kB
Mlocked:               0 kB
SwapTotal:        715328 kB
SwapFree:         708756 kB
Dirty:                 0 kB
Writeback:             0 kB
AnonPages:       1045532 kB
Mapped:           606908 kB
Shmem:              1332 kB
Slab:              99108 kB
SReclaimable:      31856 kB
SUnreclaim:        67252 kB
KernelStack:       38432 kB
PageTables:        50004 kB
NFS_Unstable:          0 kB
Bounce:                0 kB
WritebackTmp:          0 kB
CommitLimit:     2152132 kB
Committed_AS:   118558844 kB
VmallocTotal:   251658176 kB
VmallocUsed:      137116 kB
VmallocChunk:   251404472 kB
Time pass: 335 sec

---2015-12-09 10:41:11
MemTotal:        2873608 kB
MemFree:          101588 kB
Buffers:           15752 kB
Cached:           914132 kB
SwapCached:            4 kB
Active:          1307576 kB
Inactive:         654508 kB
Active(anon):     834808 kB
Inactive(anon):   212292 kB
Active(file):     472768 kB
Inactive(file):   442216 kB
Unevictable:       13568 kB
Mlocked:               0 kB
SwapTotal:        715328 kB
SwapFree:         708756 kB
Dirty:                 0 kB
Writeback:             0 kB
AnonPages:       1045616 kB
Mapped:           607144 kB
Shmem:              1332 kB
Slab:              99108 kB
SReclaimable:      31856 kB
SUnreclaim:        67252 kB
KernelStack:       38416 kB
PageTables:        50000 kB
NFS_Unstable:          0 kB
Bounce:                0 kB
WritebackTmp:          0 kB
CommitLimit:     2152132 kB
Committed_AS:   118558852 kB
VmallocTotal:   251658176 kB
VmallocUsed:      137116 kB
VmallocChunk:   251404472 kB
Time pass: 339 sec

---2015-12-09 10:41:11
MemTotal:        2873608 kB
MemFree:          100124 kB
Buffers:           15776 kB
Cached:           914272 kB
SwapCached:            4 kB
Active:          1309576 kB
Inactive:         654672 kB
Active(anon):     836808 kB
Inactive(anon):   212320 kB
Active(file):     472768 kB
Inactive(file):   442352 kB
Unevictable:       13568 kB
Mlocked:               0 kB
SwapTotal:        715328 kB
SwapFree:         708756 kB
Dirty:                96 kB
Writeback:             0 kB
AnonPages:       1047648 kB
Mapped:           607240 kB
Shmem:              1360 kB
Slab:              99108 kB
SReclaimable:      31856 kB
SUnreclaim:        67252 kB
KernelStack:       38400 kB
PageTables:        50008 kB
NFS_Unstable:          0 kB
Bounce:                0 kB
WritebackTmp:          0 kB
CommitLimit:     2152132 kB
Committed_AS:   118558892 kB
VmallocTotal:   251658176 kB
VmallocUsed:      137116 kB
VmallocChunk:   251404472 kB
Time pass: 343 sec

---2015-12-09 10:41:11
MemTotal:        2873608 kB
MemFree:           99476 kB
Buffers:           15784 kB
Cached:           914268 kB
SwapCached:            4 kB
Active:          1309684 kB
Inactive:         654676 kB
Active(anon):     836916 kB
Inactive(anon):   212324 kB
Active(file):     472768 kB
Inactive(file):   442352 kB
Unevictable:       13568 kB
Mlocked:               0 kB
SwapTotal:        715328 kB
SwapFree:         708756 kB
Dirty:                32 kB
Writeback:             0 kB
AnonPages:       1047892 kB
Mapped:           607244 kB
Shmem:              1364 kB
Slab:              99108 kB
SReclaimable:      31856 kB
SUnreclaim:        67252 kB
KernelStack:       38400 kB
PageTables:        50008 kB
NFS_Unstable:          0 kB
Bounce:                0 kB
WritebackTmp:          0 kB
CommitLimit:     2152132 kB
Committed_AS:   118558796 kB
VmallocTotal:   251658176 kB
VmallocUsed:      137116 kB
VmallocChunk:   251404472 kB
Time pass: 346 sec

---2015-12-09 10:41:11
MemTotal:        2873608 kB
MemFree:           99268 kB
Buffers:           15784 kB
Cached:           914276 kB
SwapCached:            4 kB
Active:          1309744 kB
Inactive:         654684 kB
Active(anon):     836976 kB
Inactive(anon):   212324 kB
Active(file):     472768 kB
Inactive(file):   442360 kB
Unevictable:       13568 kB
Mlocked:               0 kB
SwapTotal:        715328 kB
SwapFree:         708756 kB
Dirty:                32 kB
Writeback:             0 kB
AnonPages:       1048060 kB
Mapped:           607124 kB
Shmem:              1364 kB
Slab:              99124 kB
SReclaimable:      31856 kB
SUnreclaim:        67268 kB
KernelStack:       38400 kB
PageTables:        49976 kB
NFS_Unstable:          0 kB
Bounce:                0 kB
WritebackTmp:          0 kB
CommitLimit:     2152132 kB
Committed_AS:   118558812 kB
VmallocTotal:   251658176 kB
VmallocUsed:      137116 kB
VmallocChunk:   251404472 kB
Time pass: 350 sec

---2015-12-09 10:41:11
MemTotal:        2873608 kB
MemFree:           98800 kB
Buffers:           15800 kB
Cached:           914336 kB
SwapCached:            4 kB
Active:          1310368 kB
Inactive:         654760 kB
Active(anon):     837600 kB
Inactive(anon):   212324 kB
Active(file):     472768 kB
Inactive(file):   442436 kB
Unevictable:       13568 kB
Mlocked:               0 kB
SwapTotal:        715328 kB
SwapFree:         708756 kB
Dirty:                48 kB
Writeback:             0 kB
AnonPages:       1048520 kB
Mapped:           607184 kB
Shmem:              1364 kB
Slab:              99136 kB
SReclaimable:      31856 kB
SUnreclaim:        67280 kB
KernelStack:       38400 kB
PageTables:        49972 kB
NFS_Unstable:          0 kB
Bounce:                0 kB
WritebackTmp:          0 kB
CommitLimit:     2152132 kB
Committed_AS:   118558796 kB
VmallocTotal:   251658176 kB
VmallocUsed:      137116 kB
VmallocChunk:   251404472 kB
Time pass: 354 sec

---2015-12-09 10:41:11
MemTotal:        2873608 kB
MemFree:           97984 kB
Buffers:           15808 kB
Cached:           914332 kB
SwapCached:            4 kB
Active:          1311296 kB
Inactive:         654760 kB
Active(anon):     838528 kB
Inactive(anon):   212324 kB
Active(file):     472768 kB
Inactive(file):   442436 kB
Unevictable:       13568 kB
Mlocked:               0 kB
SwapTotal:        715328 kB
SwapFree:         708756 kB
Dirty:                84 kB
Writeback:             0 kB
AnonPages:       1049592 kB
Mapped:           607196 kB
Shmem:              1364 kB
Slab:              99128 kB
SReclaimable:      31856 kB
SUnreclaim:        67272 kB
KernelStack:       38368 kB
PageTables:        49972 kB
NFS_Unstable:          0 kB
Bounce:                0 kB
WritebackTmp:          0 kB
CommitLimit:     2152132 kB
Committed_AS:   118558820 kB
VmallocTotal:   251658176 kB
VmallocUsed:      137116 kB
VmallocChunk:   251404472 kB
Time pass: 358 sec

---2015-12-09 10:41:11
MemTotal:        2873608 kB
MemFree:           97124 kB
Buffers:           15808 kB
Cached:           914336 kB
SwapCached:            4 kB
Active:          1311480 kB
Inactive:         654768 kB
Active(anon):     838712 kB
Inactive(anon):   212324 kB
Active(file):     472768 kB
Inactive(file):   442444 kB
Unevictable:       13568 kB
Mlocked:               0 kB
SwapTotal:        715328 kB
SwapFree:         708756 kB
Dirty:                84 kB
Writeback:             0 kB
AnonPages:       1049504 kB
Mapped:           607296 kB
Shmem:              1364 kB
Slab:              99120 kB
SReclaimable:      31856 kB
SUnreclaim:        67264 kB
KernelStack:       38432 kB
PageTables:        50040 kB
NFS_Unstable:          0 kB
Bounce:                0 kB
WritebackTmp:          0 kB
CommitLimit:     2152132 kB
Committed_AS:   118558796 kB
VmallocTotal:   251658176 kB
VmallocUsed:      137116 kB
VmallocChunk:   251404472 kB
Time pass: 362 sec

---2015-12-09 10:41:11
MemTotal:        2873608 kB
MemFree:           97268 kB
Buffers:           15824 kB
Cached:           914336 kB
SwapCached:            4 kB
Active:          1312008 kB
Inactive:         654780 kB
Active(anon):     839236 kB
Inactive(anon):   212324 kB
Active(file):     472772 kB
Inactive(file):   442456 kB
Unevictable:       13568 kB
Mlocked:               0 kB
SwapTotal:        715328 kB
SwapFree:         708756 kB
Dirty:                52 kB
Writeback:             0 kB
AnonPages:       1050196 kB
Mapped:           607304 kB
Shmem:              1364 kB
Slab:              99120 kB
SReclaimable:      31856 kB
SUnreclaim:        67264 kB
KernelStack:       38400 kB
PageTables:        50008 kB
NFS_Unstable:          0 kB
Bounce:                0 kB
WritebackTmp:          0 kB
CommitLimit:     2152132 kB
Committed_AS:   118558796 kB
VmallocTotal:   251658176 kB
VmallocUsed:      137116 kB
VmallocChunk:   251404472 kB
Time pass: 366 sec

---2015-12-09 10:41:11
MemTotal:        2873608 kB
MemFree:           96920 kB
Buffers:           15824 kB
Cached:           914336 kB
SwapCached:            4 kB
Active:          1311932 kB
Inactive:         654780 kB
Active(anon):     839160 kB
Inactive(anon):   212324 kB
Active(file):     472772 kB
Inactive(file):   442456 kB
Unevictable:       13568 kB
Mlocked:               0 kB
SwapTotal:        715328 kB
SwapFree:         708756 kB
Dirty:                52 kB
Writeback:             0 kB
AnonPages:       1050196 kB
Mapped:           607272 kB
Shmem:              1364 kB
Slab:              99176 kB
SReclaimable:      31856 kB
SUnreclaim:        67320 kB
KernelStack:       38400 kB
PageTables:        50008 kB
NFS_Unstable:          0 kB
Bounce:                0 kB
WritebackTmp:          0 kB
CommitLimit:     2152132 kB
Committed_AS:   118558804 kB
VmallocTotal:   251658176 kB
VmallocUsed:      137116 kB
VmallocChunk:   251404472 kB
Time pass: 369 sec

---2015-12-09 10:41:11
MemTotal:        2873608 kB
MemFree:           97040 kB
Buffers:           15832 kB
Cached:           914340 kB
SwapCached:            4 kB
Active:          1311844 kB
Inactive:         654792 kB
Active(anon):     839072 kB
Inactive(anon):   212328 kB
Active(file):     472772 kB
Inactive(file):   442464 kB
Unevictable:       13568 kB
Mlocked:               0 kB
SwapTotal:        715328 kB
SwapFree:         708756 kB
Dirty:                32 kB
Writeback:             0 kB
AnonPages:       1050148 kB
Mapped:           607300 kB
Shmem:              1368 kB
Slab:              99124 kB
SReclaimable:      31856 kB
SUnreclaim:        67268 kB
KernelStack:       38400 kB
PageTables:        50004 kB
NFS_Unstable:          0 kB
Bounce:                0 kB
WritebackTmp:          0 kB
CommitLimit:     2152132 kB
Committed_AS:   118558828 kB
VmallocTotal:   251658176 kB
VmallocUsed:      137116 kB
VmallocChunk:   251404472 kB
Time pass: 373 sec

---2015-12-09 10:41:11
MemTotal:        2873608 kB
MemFree:           96188 kB
Buffers:           15848 kB
Cached:           914352 kB
SwapCached:            4 kB
Active:          1312920 kB
Inactive:         654820 kB
Active(anon):     840148 kB
Inactive(anon):   212340 kB
Active(file):     472772 kB
Inactive(file):   442480 kB
Unevictable:       13568 kB
Mlocked:               0 kB
SwapTotal:        715328 kB
SwapFree:         708756 kB
Dirty:                40 kB
Writeback:             0 kB
AnonPages:       1051208 kB
Mapped:           607316 kB
Shmem:              1380 kB
Slab:              99124 kB
SReclaimable:      31856 kB
SUnreclaim:        67268 kB
KernelStack:       38416 kB
PageTables:        50008 kB
NFS_Unstable:          0 kB
Bounce:                0 kB
WritebackTmp:          0 kB
CommitLimit:     2152132 kB
Committed_AS:   118558796 kB
VmallocTotal:   251658176 kB
VmallocUsed:      137116 kB
VmallocChunk:   251404472 kB
Time pass: 377 sec

---2015-12-09 10:41:11
MemTotal:        2873608 kB
MemFree:           95704 kB
Buffers:           15848 kB
Cached:           914352 kB
SwapCached:            4 kB
Active:          1313252 kB
Inactive:         654820 kB
Active(anon):     840480 kB
Inactive(anon):   212340 kB
Active(file):     472772 kB
Inactive(file):   442480 kB
Unevictable:       13568 kB
Mlocked:               0 kB
SwapTotal:        715328 kB
SwapFree:         708756 kB
Dirty:                40 kB
Writeback:             0 kB
AnonPages:       1051364 kB
Mapped:           607320 kB
Shmem:              1380 kB
Slab:              99136 kB
SReclaimable:      31856 kB
SUnreclaim:        67280 kB
KernelStack:       38368 kB
PageTables:        50012 kB
NFS_Unstable:          0 kB
Bounce:                0 kB
WritebackTmp:          0 kB
CommitLimit:     2152132 kB
Committed_AS:   118558812 kB
VmallocTotal:   251658176 kB
VmallocUsed:      137116 kB
VmallocChunk:   251404472 kB
Time pass: 381 sec

---2015-12-09 10:41:11
MemTotal:        2873608 kB
MemFree:           95784 kB
Buffers:           15856 kB
Cached:           914352 kB
SwapCached:            4 kB
Active:          1313228 kB
Inactive:         654828 kB
Active(anon):     840456 kB
Inactive(anon):   212340 kB
Active(file):     472772 kB
Inactive(file):   442488 kB
Unevictable:       13568 kB
Mlocked:               0 kB
SwapTotal:        715328 kB
SwapFree:         708756 kB
Dirty:                32 kB
Writeback:             0 kB
AnonPages:       1051496 kB
Mapped:           607328 kB
Shmem:              1380 kB
Slab:              99132 kB
SReclaimable:      31856 kB
SUnreclaim:        67276 kB
KernelStack:       38400 kB
PageTables:        50004 kB
NFS_Unstable:          0 kB
Bounce:                0 kB
WritebackTmp:          0 kB
CommitLimit:     2152132 kB
Committed_AS:   118558796 kB
VmallocTotal:   251658176 kB
VmallocUsed:      137116 kB
VmallocChunk:   251404472 kB
Time pass: 385 sec

---2015-12-09 10:41:11
MemTotal:        2873608 kB
MemFree:           95788 kB
Buffers:           15856 kB
Cached:           914352 kB
SwapCached:            4 kB
Active:          1313248 kB
Inactive:         654828 kB
Active(anon):     840476 kB
Inactive(anon):   212340 kB
Active(file):     472772 kB
Inactive(file):   442488 kB
Unevictable:       13568 kB
Mlocked:               0 kB
SwapTotal:        715328 kB
SwapFree:         708756 kB
Dirty:                 4 kB
Writeback:             0 kB
AnonPages:       1051464 kB
Mapped:           607336 kB
Shmem:              1380 kB
Slab:              99124 kB
SReclaimable:      31856 kB
SUnreclaim:        67268 kB
KernelStack:       38400 kB
PageTables:        50008 kB
NFS_Unstable:          0 kB
Bounce:                0 kB
WritebackTmp:          0 kB
CommitLimit:     2152132 kB
Committed_AS:   118558836 kB
VmallocTotal:   251658176 kB
VmallocUsed:      137116 kB
VmallocChunk:   251404472 kB
Time pass: 389 sec

---2015-12-09 10:41:11
MemTotal:        2873608 kB
MemFree:           95764 kB
Buffers:           15872 kB
Cached:           914336 kB
SwapCached:            4 kB
Active:          1313488 kB
Inactive:         654828 kB
Active(anon):     840716 kB
Inactive(anon):   212340 kB
Active(file):     472772 kB
Inactive(file):   442488 kB
Unevictable:       13568 kB
Mlocked:               0 kB
SwapTotal:        715328 kB
SwapFree:         708756 kB
Dirty:                 4 kB
Writeback:             0 kB
AnonPages:       1051596 kB
Mapped:           607344 kB
Shmem:              1380 kB
Slab:              99124 kB
SReclaimable:      31856 kB
SUnreclaim:        67268 kB
KernelStack:       38400 kB
PageTables:        50004 kB
NFS_Unstable:          0 kB
Bounce:                0 kB
WritebackTmp:          0 kB
CommitLimit:     2152132 kB
Committed_AS:   118562892 kB
VmallocTotal:   251658176 kB
VmallocUsed:      137116 kB
VmallocChunk:   251404472 kB
Time pass: 392 sec

---2015-12-09 10:41:11
MemTotal:        2873608 kB
MemFree:           95896 kB
Buffers:           15888 kB
Cached:           914352 kB
SwapCached:            4 kB
Active:          1313328 kB
Inactive:         654860 kB
Active(anon):     840556 kB
Inactive(anon):   212340 kB
Active(file):     472772 kB
Inactive(file):   442520 kB
Unevictable:       13568 kB
Mlocked:               0 kB
SwapTotal:        715328 kB
SwapFree:         708756 kB
Dirty:                56 kB
Writeback:             0 kB
AnonPages:       1051608 kB
Mapped:           607360 kB
Shmem:              1380 kB
Slab:              99124 kB
SReclaimable:      31856 kB
SUnreclaim:        67268 kB
KernelStack:       38400 kB
PageTables:        50012 kB
NFS_Unstable:          0 kB
Bounce:                0 kB
WritebackTmp:          0 kB
CommitLimit:     2152132 kB
Committed_AS:   118562924 kB
VmallocTotal:   251658176 kB
VmallocUsed:      137116 kB
VmallocChunk:   251404472 kB
Time pass: 396 sec

---2015-12-09 10:41:11
MemTotal:        2873608 kB
MemFree:           95156 kB
Buffers:           15896 kB
