---2015-12-16 17:12:00
MemTotal:        2873608 kB
MemFree:           67752 kB
Buffers:           22372 kB
Cached:          1313752 kB
SwapCached:            0 kB
Active:          1298220 kB
Inactive:         966204 kB
Active(anon):     746896 kB
Inactive(anon):   191356 kB
Active(file):     551324 kB
Inactive(file):   774848 kB
Unevictable:        8104 kB
Mlocked:               0 kB
SwapTotal:        715328 kB
SwapFree:         715328 kB
Dirty:              6528 kB
Writeback:             0 kB
AnonPages:        936632 kB
Mapped:           488520 kB
Shmem:              1844 kB
Slab:              97216 kB
SReclaimable:      31584 kB
SUnreclaim:        65632 kB
KernelStack:       37376 kB
PageTables:        50200 kB
NFS_Unstable:          0 kB
Bounce:                0 kB
WritebackTmp:          0 kB
CommitLimit:     2152132 kB
Committed_AS:   124408744 kB
VmallocTotal:   251658176 kB
VmallocUsed:      138296 kB
VmallocChunk:   251416620 kB
Time pass: 3 sec

---2015-12-16 17:12:00
MemTotal:        2873608 kB
MemFree:           92964 kB
Buffers:           22584 kB
Cached:          1309376 kB
SwapCached:            0 kB
Active:          1307212 kB
Inactive:         940320 kB
Active(anon):     734200 kB
Inactive(anon):   191136 kB
Active(file):     573012 kB
Inactive(file):   749184 kB
Unevictable:        8104 kB
Mlocked:               0 kB
SwapTotal:        715328 kB
SwapFree:         715328 kB
Dirty:               360 kB
Writeback:             0 kB
AnonPages:        923728 kB
Mapped:           463828 kB
Shmem:              1664 kB
Slab:              96948 kB
SReclaimable:      31712 kB
SUnreclaim:        65236 kB
KernelStack:       36176 kB
PageTables:        47572 kB
NFS_Unstable:          0 kB
Bounce:                0 kB
WritebackTmp:          0 kB
CommitLimit:     2152132 kB
Committed_AS:   118309748 kB
VmallocTotal:   251658176 kB
VmallocUsed:      133920 kB
VmallocChunk:   251432492 kB
Time pass: 7 sec

---2015-12-16 17:12:00
MemTotal:        2873608 kB
MemFree:           83368 kB
Buffers:           22644 kB
Cached:          1309876 kB
SwapCached:            0 kB
Active:          1323748 kB
Inactive:         929248 kB
Active(anon):     739108 kB
Inactive(anon):   191140 kB
Active(file):     584640 kB
Inactive(file):   738108 kB
Unevictable:        8104 kB
Mlocked:               0 kB
SwapTotal:        715328 kB
SwapFree:         715328 kB
Dirty:              1076 kB
Writeback:             0 kB
AnonPages:        928604 kB
Mapped:           499700 kB
Shmem:              1668 kB
Slab:              96716 kB
SReclaimable:      31564 kB
SUnreclaim:        65152 kB
KernelStack:       36800 kB
PageTables:        47560 kB
NFS_Unstable:          0 kB
Bounce:                0 kB
WritebackTmp:          0 kB
CommitLimit:     2152132 kB
Committed_AS:   116059352 kB
VmallocTotal:   251658176 kB
VmallocUsed:      134216 kB
VmallocChunk:   251452460 kB
Time pass: 11 sec

---2015-12-16 17:12:00
MemTotal:        2873608 kB
MemFree:           90148 kB
Buffers:           24224 kB
Cached:          1305540 kB
SwapCached:            0 kB
Active:          1345476 kB
Inactive:         900288 kB
Active(anon):     734636 kB
Inactive(anon):   191248 kB
Active(file):     610840 kB
Inactive(file):   709040 kB
Unevictable:        8104 kB
Mlocked:               0 kB
SwapTotal:        715328 kB
SwapFree:         715328 kB
Dirty:              6360 kB
Writeback:             0 kB
AnonPages:        924080 kB
Mapped:           473496 kB
Shmem:              1780 kB
Slab:              97020 kB
SReclaimable:      31548 kB
SUnreclaim:        65472 kB
KernelStack:       36528 kB
PageTables:        48560 kB
NFS_Unstable:          0 kB
Bounce:                0 kB
WritebackTmp:          0 kB
CommitLimit:     2152132 kB
Committed_AS:   119178432 kB
VmallocTotal:   251658176 kB
VmallocUsed:      137276 kB
VmallocChunk:   251452460 kB
Time pass: 14 sec

---2015-12-16 17:12:00
MemTotal:        2873608 kB
MemFree:           85976 kB
Buffers:           24296 kB
Cached:          1305952 kB
SwapCached:            0 kB
Active:          1364176 kB
Inactive:         888020 kB
Active(anon):     740584 kB
Inactive(anon):   191124 kB
Active(file):     623592 kB
Inactive(file):   696896 kB
Unevictable:        8104 kB
Mlocked:               0 kB
SwapTotal:        715328 kB
SwapFree:         715328 kB
Dirty:               612 kB
Writeback:             0 kB
AnonPages:        930380 kB
Mapped:           476768 kB
Shmem:              1656 kB
Slab:              96980 kB
SReclaimable:      31504 kB
SUnreclaim:        65476 kB
KernelStack:       36608 kB
PageTables:        47952 kB
NFS_Unstable:          0 kB
Bounce:                0 kB
WritebackTmp:          0 kB
CommitLimit:     2152132 kB
Committed_AS:   117917172 kB
VmallocTotal:   251658176 kB
VmallocUsed:      135100 kB
VmallocChunk:   251457580 kB
Time pass: 18 sec

---2015-12-16 17:12:00
MemTotal:        2873608 kB
MemFree:           74200 kB
Buffers:           23244 kB
Cached:          1190528 kB
SwapCached:            0 kB
Active:          1381304 kB
Inactive:         797660 kB
Active(anon):     783124 kB
Inactive(anon):   197220 kB
Active(file):     598180 kB
Inactive(file):   600440 kB
Unevictable:       13568 kB
Mlocked:               0 kB
SwapTotal:        715328 kB
SwapFree:         714120 kB
Dirty:              7964 kB
Writeback:             0 kB
AnonPages:        979184 kB
Mapped:           479308 kB
Shmem:              1404 kB
Slab:              94824 kB
SReclaimable:      28728 kB
SUnreclaim:        66096 kB
KernelStack:       38448 kB
PageTables:        49152 kB
NFS_Unstable:          0 kB
Bounce:                0 kB
WritebackTmp:          0 kB
CommitLimit:     2152132 kB
Committed_AS:   118775300 kB
VmallocTotal:   251658176 kB
VmallocUsed:      135748 kB
VmallocChunk:   251451436 kB
Time pass: 22 sec

---2015-12-16 17:12:00
MemTotal:        2873608 kB
MemFree:          113076 kB
Buffers:           21976 kB
Cached:          1110588 kB
SwapCached:            0 kB
Active:          1312540 kB
Inactive:         758112 kB
Active(anon):     753464 kB
Inactive(anon):   199396 kB
Active(file):     559076 kB
Inactive(file):   558716 kB
Unevictable:       13568 kB
Mlocked:               0 kB
SwapTotal:        715328 kB
SwapFree:         713028 kB
Dirty:              8484 kB
Writeback:             0 kB
AnonPages:        952188 kB
Mapped:           528872 kB
Shmem:              1172 kB
Slab:              98688 kB
SReclaimable:      31984 kB
SUnreclaim:        66704 kB
KernelStack:       38592 kB
PageTables:        50764 kB
NFS_Unstable:          0 kB
Bounce:                0 kB
WritebackTmp:          0 kB
CommitLimit:     2152132 kB
Committed_AS:   123533532 kB
VmallocTotal:   251658176 kB
VmallocUsed:      139480 kB
VmallocChunk:   251451436 kB
Time pass: 26 sec

---2015-12-16 17:12:00
MemTotal:        2873608 kB
MemFree:           84524 kB
Buffers:           22492 kB
Cached:          1127296 kB
SwapCached:            0 kB
Active:          1335196 kB
Inactive:         768432 kB
Active(anon):     769724 kB
Inactive(anon):   199256 kB
Active(file):     565472 kB
Inactive(file):   569176 kB
Unevictable:       13568 kB
Mlocked:               0 kB
SwapTotal:        715328 kB
SwapFree:         713028 kB
Dirty:               388 kB
Writeback:             0 kB
AnonPages:        967840 kB
Mapped:           525740 kB
Shmem:              1064 kB
Slab:              98508 kB
SReclaimable:      31988 kB
SUnreclaim:        66520 kB
KernelStack:       38208 kB
PageTables:        48868 kB
NFS_Unstable:          0 kB
Bounce:                0 kB
WritebackTmp:          0 kB
CommitLimit:     2152132 kB
Committed_AS:   117502948 kB
VmallocTotal:   251658176 kB
VmallocUsed:      136284 kB
VmallocChunk:   251451436 kB
Time pass: 29 sec

---2015-12-16 17:12:00
MemTotal:        2873608 kB
MemFree:           83288 kB
Buffers:           22352 kB
Cached:          1111356 kB
SwapCached:            0 kB
Active:          1344004 kB
Inactive:         760940 kB
Active(anon):     784728 kB
Inactive(anon):   201164 kB
Active(file):     559276 kB
Inactive(file):   559776 kB
Unevictable:       13568 kB
Mlocked:               0 kB
SwapTotal:        715328 kB
SwapFree:         713028 kB
Dirty:               288 kB
Writeback:             0 kB
AnonPages:        985084 kB
Mapped:           539428 kB
Shmem:              1048 kB
Slab:              98640 kB
SReclaimable:      31832 kB
SUnreclaim:        66808 kB
KernelStack:       39248 kB
PageTables:        52336 kB
NFS_Unstable:          0 kB
Bounce:                0 kB
WritebackTmp:          0 kB
CommitLimit:     2152132 kB
Committed_AS:   127089076 kB
VmallocTotal:   251658176 kB
VmallocUsed:      141384 kB
VmallocChunk:   251451436 kB
Time pass: 33 sec

---2015-12-16 17:12:00
MemTotal:        2873608 kB
MemFree:          102484 kB
Buffers:           22472 kB
Cached:          1119324 kB
SwapCached:            0 kB
Active:          1326016 kB
Inactive:         760856 kB
Active(anon):     759008 kB
Inactive(anon):   201172 kB
Active(file):     567008 kB
Inactive(file):   559684 kB
Unevictable:       13568 kB
Mlocked:               0 kB
SwapTotal:        715328 kB
SwapFree:         713028 kB
Dirty:                 0 kB
Writeback:             0 kB
AnonPages:        959324 kB
Mapped:           519124 kB
Shmem:              1072 kB
Slab:              98892 kB
SReclaimable:      31976 kB
SUnreclaim:        66916 kB
KernelStack:       38448 kB
PageTables:        50992 kB
NFS_Unstable:          0 kB
Bounce:                0 kB
WritebackTmp:          0 kB
CommitLimit:     2152132 kB
Committed_AS:   125698716 kB
VmallocTotal:   251658176 kB
VmallocUsed:      139344 kB
VmallocChunk:   251451436 kB
Time pass: 37 sec

---2015-12-16 17:12:00
MemTotal:        2873608 kB
MemFree:           89452 kB
Buffers:           22776 kB
Cached:          1129424 kB
SwapCached:            0 kB
Active:          1340240 kB
Inactive:         767656 kB
Active(anon):     769684 kB
Inactive(anon):   201080 kB
Active(file):     570556 kB
Inactive(file):   566576 kB
Unevictable:       13568 kB
Mlocked:               0 kB
SwapTotal:        715328 kB
SwapFree:         712972 kB
Dirty:               544 kB
Writeback:             0 kB
AnonPages:        969500 kB
Mapped:           513984 kB
Shmem:               840 kB
Slab:              99520 kB
SReclaimable:      32132 kB
SUnreclaim:        67388 kB
KernelStack:       38608 kB
PageTables:        50588 kB
NFS_Unstable:          0 kB
Bounce:                0 kB
WritebackTmp:          0 kB
CommitLimit:     2152132 kB
Committed_AS:   122686592 kB
VmallocTotal:   251658176 kB
VmallocUsed:      137272 kB
VmallocChunk:   251451436 kB
Time pass: 41 sec

---2015-12-16 17:12:00
MemTotal:        2873608 kB
MemFree:           80840 kB
Buffers:           23104 kB
Cached:          1130464 kB
SwapCached:            0 kB
Active:          1370752 kB
Inactive:         746156 kB
Active(anon):     776928 kB
Inactive(anon):   201036 kB
Active(file):     593824 kB
Inactive(file):   545120 kB
Unevictable:       13568 kB
Mlocked:               0 kB
SwapTotal:        715328 kB
SwapFree:         712972 kB
Dirty:               412 kB
Writeback:             0 kB
AnonPages:        976812 kB
Mapped:           524988 kB
Shmem:              1056 kB
Slab:              99168 kB
SReclaimable:      31924 kB
SUnreclaim:        67244 kB
KernelStack:       38272 kB
PageTables:        50900 kB
NFS_Unstable:          0 kB
Bounce:                0 kB
WritebackTmp:          0 kB
CommitLimit:     2152132 kB
Committed_AS:   123243328 kB
VmallocTotal:   251658176 kB
VmallocUsed:      137272 kB
VmallocChunk:   251451436 kB
Time pass: 45 sec

---2015-12-16 17:12:00
MemTotal:        2873608 kB
MemFree:           95052 kB
Buffers:           23104 kB
Cached:          1130972 kB
SwapCached:            0 kB
Active:          1356352 kB
Inactive:         746644 kB
Active(anon):     762508 kB
Inactive(anon):   201036 kB
Active(file):     593844 kB
Inactive(file):   545608 kB
Unevictable:       13568 kB
Mlocked:               0 kB
SwapTotal:        715328 kB
SwapFree:         712972 kB
Dirty:                 4 kB
Writeback:             0 kB
AnonPages:        962544 kB
Mapped:           517908 kB
Shmem:              1056 kB
Slab:              99076 kB
SReclaimable:      31940 kB
SUnreclaim:        67136 kB
KernelStack:       38048 kB
PageTables:        50124 kB
NFS_Unstable:          0 kB
Bounce:                0 kB
WritebackTmp:          0 kB
CommitLimit:     2152132 kB
Committed_AS:   120771232 kB
VmallocTotal:   251658176 kB
VmallocUsed:      135232 kB
VmallocChunk:   251451436 kB
Time pass: 48 sec

---2015-12-16 17:12:00
MemTotal:        2873608 kB
MemFree:           64764 kB
Buffers:           15964 kB
Cached:          1069560 kB
SwapCached:            0 kB
Active:          1322300 kB
Inactive:         734008 kB
Active(anon):     786960 kB
Inactive(anon):   198480 kB
Active(file):     535340 kB
Inactive(file):   535528 kB
Unevictable:       13568 kB
Mlocked:               0 kB
SwapTotal:        715328 kB
SwapFree:         710848 kB
Dirty:               344 kB
Writeback:             0 kB
AnonPages:        984336 kB
Mapped:           531804 kB
Shmem:              1056 kB
Slab:              98876 kB
SReclaimable:      31692 kB
SUnreclaim:        67184 kB
KernelStack:       37680 kB
PageTables:        50204 kB
NFS_Unstable:          0 kB
Bounce:                0 kB
WritebackTmp:          0 kB
CommitLimit:     2152132 kB
Committed_AS:   120790236 kB
VmallocTotal:   251658176 kB
VmallocUsed:      135476 kB
VmallocChunk:   251451436 kB
Time pass: 52 sec

---2015-12-16 17:12:00
MemTotal:        2873608 kB
MemFree:           78832 kB
Buffers:           15844 kB
Cached:          1062544 kB
SwapCached:            0 kB
Active:          1314548 kB
Inactive:         729964 kB
Active(anon):     782332 kB
Inactive(anon):   198416 kB
Active(file):     532216 kB
Inactive(file):   531548 kB
Unevictable:       13568 kB
Mlocked:               0 kB
SwapTotal:        715328 kB
SwapFree:         710808 kB
Dirty:               268 kB
Writeback:             0 kB
AnonPages:        979792 kB
Mapped:           532204 kB
Shmem:              1056 kB
Slab:              98904 kB
SReclaimable:      31788 kB
SUnreclaim:        67116 kB
KernelStack:       37568 kB
PageTables:        50216 kB
NFS_Unstable:          0 kB
Bounce:                0 kB
WritebackTmp:          0 kB
CommitLimit:     2152132 kB
Committed_AS:   120790404 kB
VmallocTotal:   251658176 kB
VmallocUsed:      135476 kB
VmallocChunk:   251451436 kB
Time pass: 56 sec

---2015-12-16 17:12:00
MemTotal:        2873608 kB
MemFree:           63848 kB
Buffers:           15912 kB
Cached:          1054476 kB
SwapCached:            0 kB
Active:          1336404 kB
Inactive:         729456 kB
Active(anon):     808812 kB
Inactive(anon):   201636 kB
Active(file):     527592 kB
Inactive(file):   527820 kB
Unevictable:       13568 kB
Mlocked:               0 kB
SwapTotal:        715328 kB
SwapFree:         710644 kB
Dirty:               628 kB
Writeback:             0 kB
AnonPages:       1009508 kB
Mapped:           555100 kB
Shmem:              1060 kB
Slab:              98208 kB
SReclaimable:      30784 kB
SUnreclaim:        67424 kB
KernelStack:       37984 kB
PageTables:        50576 kB
NFS_Unstable:          0 kB
Bounce:                0 kB
WritebackTmp:          0 kB
CommitLimit:     2152132 kB
Committed_AS:   122030820 kB
VmallocTotal:   251658176 kB
VmallocUsed:      136460 kB
VmallocChunk:   251451436 kB
Time pass: 60 sec

---2015-12-16 17:12:00
MemTotal:        2873608 kB
MemFree:           81176 kB
Buffers:           14004 kB
Cached:           980712 kB
SwapCached:            0 kB
Active:          1315840 kB
Inactive:         699152 kB
Active(anon):     825792 kB
Inactive(anon):   209152 kB
Active(file):     490048 kB
Inactive(file):   490000 kB
Unevictable:       13568 kB
Mlocked:               0 kB
SwapTotal:        715328 kB
SwapFree:         710052 kB
Dirty:              6924 kB
Writeback:             0 kB
AnonPages:       1033920 kB
Mapped:           602812 kB
Shmem:              1060 kB
Slab:              98992 kB
SReclaimable:      31792 kB
SUnreclaim:        67200 kB
KernelStack:       38208 kB
PageTables:        50468 kB
NFS_Unstable:          0 kB
Bounce:                0 kB
WritebackTmp:          0 kB
CommitLimit:     2152132 kB
Committed_AS:   120296604 kB
VmallocTotal:   251658176 kB
VmallocUsed:      135840 kB
VmallocChunk:   251451436 kB
Time pass: 64 sec

---2015-12-16 17:12:00
MemTotal:        2873608 kB
MemFree:          108004 kB
Buffers:           14016 kB
Cached:           980700 kB
SwapCached:            0 kB
Active:          1289008 kB
Inactive:         699192 kB
Active(anon):     798960 kB
Inactive(anon):   209152 kB
Active(file):     490048 kB
Inactive(file):   490040 kB
Unevictable:       13568 kB
Mlocked:               0 kB
SwapTotal:        715328 kB
SwapFree:         710052 kB
Dirty:               104 kB
Writeback:          4180 kB
AnonPages:       1007140 kB
Mapped:           602840 kB
Shmem:              1060 kB
Slab:              99088 kB
SReclaimable:      31888 kB
SUnreclaim:        67200 kB
KernelStack:       38208 kB
PageTables:        50492 kB
NFS_Unstable:          0 kB
Bounce:                0 kB
WritebackTmp:          0 kB
CommitLimit:     2152132 kB
Committed_AS:   120296772 kB
VmallocTotal:   251658176 kB
VmallocUsed:      135840 kB
VmallocChunk:   251451436 kB
Time pass: 67 sec

---2015-12-16 17:12:00
MemTotal:        2873608 kB
MemFree:          107384 kB
Buffers:           14016 kB
Cached:           980720 kB
SwapCached:            0 kB
Active:          1289456 kB
Inactive:         699212 kB
Active(anon):     799408 kB
Inactive(anon):   209152 kB
Active(file):     490048 kB
Inactive(file):   490060 kB
Unevictable:       13568 kB
Mlocked:               0 kB
SwapTotal:        715328 kB
SwapFree:         710052 kB
Dirty:                92 kB
Writeback:             0 kB
AnonPages:       1007368 kB
Mapped:           602996 kB
Shmem:              1060 kB
Slab:              99056 kB
SReclaimable:      31888 kB
SUnreclaim:        67168 kB
KernelStack:       38192 kB
PageTables:        50552 kB
NFS_Unstable:          0 kB
Bounce:                0 kB
WritebackTmp:          0 kB
CommitLimit:     2152132 kB
Committed_AS:   120296716 kB
VmallocTotal:   251658176 kB
VmallocUsed:      135840 kB
VmallocChunk:   251451436 kB
Time pass: 71 sec

---2015-12-16 17:12:00
MemTotal:        2873608 kB
MemFree:           92740 kB
Buffers:           14032 kB
Cached:           981896 kB
SwapCached:            0 kB
Active:          1291556 kB
Inactive:         700020 kB
Active(anon):     801484 kB
Inactive(anon):   209152 kB
Active(file):     490072 kB
Inactive(file):   490868 kB
Unevictable:       13568 kB
Mlocked:               0 kB
SwapTotal:        715328 kB
SwapFree:         710052 kB
Dirty:               128 kB
Writeback:             0 kB
AnonPages:       1009672 kB
Mapped:           611920 kB
Shmem:              1060 kB
Slab:              99076 kB
SReclaimable:      31888 kB
SUnreclaim:        67188 kB
KernelStack:       38176 kB
PageTables:        50520 kB
NFS_Unstable:          0 kB
Bounce:                0 kB
WritebackTmp:          0 kB
CommitLimit:     2152132 kB
Committed_AS:   120296964 kB
VmallocTotal:   251658176 kB
VmallocUsed:      135924 kB
VmallocChunk:   251451436 kB
Time pass: 75 sec

---2015-12-16 17:12:00
MemTotal:        2873608 kB
MemFree:           78656 kB
Buffers:           14092 kB
Cached:           985596 kB
SwapCached:            0 kB
Active:          1300536 kB
Inactive:         704072 kB
Active(anon):     810412 kB
Inactive(anon):   209152 kB
Active(file):     490124 kB
Inactive(file):   494920 kB
Unevictable:       13568 kB
Mlocked:               0 kB
SwapTotal:        715328 kB
SwapFree:         710052 kB
Dirty:                 0 kB
Writeback:             0 kB
AnonPages:       1018840 kB
Mapped:           618724 kB
Shmem:              1060 kB
Slab:              99244 kB
SReclaimable:      31888 kB
SUnreclaim:        67356 kB
KernelStack:       38768 kB
PageTables:        51060 kB
NFS_Unstable:          0 kB
Bounce:                0 kB
WritebackTmp:          0 kB
CommitLimit:     2152132 kB
Committed_AS:   121534340 kB
VmallocTotal:   251658176 kB
VmallocUsed:      136944 kB
VmallocChunk:   251451436 kB
Time pass: 78 sec

---2015-12-16 17:12:00
MemTotal:        2873608 kB
MemFree:           64620 kB
Buffers:           14108 kB
Cached:           986468 kB
SwapCached:            0 kB
Active:          1315824 kB
Inactive:         703536 kB
Active(anon):     824272 kB
Inactive(anon):   209144 kB
Active(file):     491552 kB
Inactive(file):   494392 kB
Unevictable:       13568 kB
Mlocked:               0 kB
SwapTotal:        715328 kB
SwapFree:         710052 kB
Dirty:               552 kB
Writeback:             0 kB
AnonPages:       1032628 kB
Mapped:           618060 kB
Shmem:              1060 kB
Slab:              99088 kB
SReclaimable:      31888 kB
SUnreclaim:        67200 kB
KernelStack:       38480 kB
PageTables:        50640 kB
NFS_Unstable:          0 kB
Bounce:                0 kB
WritebackTmp:          0 kB
CommitLimit:     2152132 kB
Committed_AS:   120298108 kB
VmallocTotal:   251658176 kB
VmallocUsed:      135924 kB
VmallocChunk:   251451436 kB
Time pass: 82 sec

---2015-12-16 17:12:00
MemTotal:        2873608 kB
MemFree:           73000 kB
Buffers:           14076 kB
Cached:           965700 kB
SwapCached:            0 kB
Active:          1297388 kB
Inactive:         686952 kB
Active(anon):     810644 kB
Inactive(anon):   208548 kB
Active(file):     486744 kB
Inactive(file):   478404 kB
Unevictable:       13568 kB
Mlocked:               0 kB
SwapTotal:        715328 kB
SwapFree:         709564 kB
Dirty:               540 kB
Writeback:             0 kB
AnonPages:       1018024 kB
Mapped:           632908 kB
Shmem:              1060 kB
Slab:              99196 kB
SReclaimable:      32020 kB
SUnreclaim:        67176 kB
KernelStack:       38464 kB
PageTables:        50624 kB
NFS_Unstable:          0 kB
Bounce:                0 kB
WritebackTmp:          0 kB
CommitLimit:     2152132 kB
Committed_AS:   120298452 kB
VmallocTotal:   251658176 kB
VmallocUsed:      136076 kB
VmallocChunk:   251451436 kB
Time pass: 86 sec

---2015-12-16 17:12:00
MemTotal:        2873608 kB
MemFree:           62980 kB
Buffers:           13868 kB
Cached:           957588 kB
SwapCached:            4 kB
Active:          1312228 kB
Inactive:         683904 kB
Active(anon):     831284 kB
Inactive(anon):   208152 kB
Active(file):     480944 kB
Inactive(file):   475752 kB
Unevictable:       13568 kB
Mlocked:               0 kB
SwapTotal:        715328 kB
SwapFree:         709232 kB
Dirty:               148 kB
Writeback:             0 kB
AnonPages:       1038080 kB
Mapped:           636108 kB
Shmem:              1188 kB
Slab:              99060 kB
SReclaimable:      31792 kB
SUnreclaim:        67268 kB
KernelStack:       38864 kB
PageTables:        50848 kB
NFS_Unstable:          0 kB
Bounce:                0 kB
WritebackTmp:          0 kB
CommitLimit:     2152132 kB
Committed_AS:   120326300 kB
VmallocTotal:   251658176 kB
VmallocUsed:      138508 kB
VmallocChunk:   251451436 kB
Time pass: 90 sec

---2015-12-16 17:12:00
MemTotal:        2873608 kB
MemFree:           69716 kB
Buffers:           13832 kB
Cached:           944764 kB
SwapCached:            4 kB
Active:          1309924 kB
Inactive:         678840 kB
Active(anon):     835700 kB
Inactive(anon):   209256 kB
Active(file):     474224 kB
Inactive(file):   469584 kB
Unevictable:       13568 kB
Mlocked:               0 kB
SwapTotal:        715328 kB
SwapFree:         708840 kB
Dirty:                 0 kB
Writeback:             0 kB
AnonPages:       1043816 kB
Mapped:           635464 kB
Shmem:              1296 kB
Slab:              99192 kB
SReclaimable:      31872 kB
SUnreclaim:        67320 kB
KernelStack:       39104 kB
PageTables:        51024 kB
NFS_Unstable:          0 kB
Bounce:                0 kB
WritebackTmp:          0 kB
CommitLimit:     2152132 kB
Committed_AS:   120327192 kB
VmallocTotal:   251658176 kB
VmallocUsed:      138508 kB
VmallocChunk:   251451436 kB
Time pass: 94 sec

---2015-12-16 17:12:00
MemTotal:        2873608 kB
MemFree:           68160 kB
Buffers:           13848 kB
Cached:           944740 kB
SwapCached:            4 kB
Active:          1311932 kB
Inactive:         678924 kB
Active(anon):     837780 kB
Inactive(anon):   209332 kB
Active(file):     474152 kB
Inactive(file):   469592 kB
Unevictable:       13568 kB
Mlocked:               0 kB
SwapTotal:        715328 kB
SwapFree:         708840 kB
Dirty:                72 kB
Writeback:             0 kB
AnonPages:       1045884 kB
Mapped:           635696 kB
Shmem:              1276 kB
Slab:              99196 kB
SReclaimable:      31872 kB
SUnreclaim:        67324 kB
KernelStack:       39072 kB
PageTables:        51040 kB
NFS_Unstable:          0 kB
Bounce:                0 kB
WritebackTmp:          0 kB
CommitLimit:     2152132 kB
Committed_AS:   120331320 kB
VmallocTotal:   251658176 kB
VmallocUsed:      138508 kB
VmallocChunk:   251451436 kB
Time pass: 98 sec

---2015-12-16 17:12:00
MemTotal:        2873608 kB
MemFree:           67068 kB
Buffers:           13864 kB
Cached:           944948 kB
SwapCached:            4 kB
Active:          1312048 kB
Inactive:         679148 kB
Active(anon):     837896 kB
Inactive(anon):   209556 kB
Active(file):     474152 kB
Inactive(file):   469592 kB
Unevictable:       13568 kB
Mlocked:               0 kB
SwapTotal:        715328 kB
SwapFree:         708840 kB
Dirty:                72 kB
Writeback:             0 kB
AnonPages:       1046116 kB
Mapped:           635952 kB
Shmem:              1500 kB
Slab:              99224 kB
SReclaimable:      31872 kB
SUnreclaim:        67352 kB
KernelStack:       39040 kB
PageTables:        51052 kB
NFS_Unstable:          0 kB
Bounce:                0 kB
WritebackTmp:          0 kB
CommitLimit:     2152132 kB
Committed_AS:   120331256 kB
VmallocTotal:   251658176 kB
VmallocUsed:      138508 kB
VmallocChunk:   251451436 kB
Time pass: 101 sec

---2015-12-16 17:12:00
MemTotal:        2873608 kB
MemFree:           65024 kB
Buffers:           13888 kB
Cached:           945600 kB
SwapCached:            4 kB
Active:          1313568 kB
Inactive:         679728 kB
Active(anon):     839384 kB
Inactive(anon):   209556 kB
Active(file):     474184 kB
Inactive(file):   470172 kB
Unevictable:       13568 kB
Mlocked:               0 kB
SwapTotal:        715328 kB
SwapFree:         708840 kB
Dirty:                44 kB
Writeback:             0 kB
AnonPages:       1047456 kB
Mapped:           636312 kB
Shmem:              1512 kB
Slab:              99236 kB
SReclaimable:      31872 kB
SUnreclaim:        67364 kB
KernelStack:       39024 kB
PageTables:        51080 kB
NFS_Unstable:          0 kB
Bounce:                0 kB
WritebackTmp:          0 kB
CommitLimit:     2152132 kB
Committed_AS:   120361096 kB
VmallocTotal:   251658176 kB
VmallocUsed:      138508 kB
VmallocChunk:   251451436 kB
Time pass: 106 sec

---2015-12-16 17:12:00
MemTotal:        2873608 kB
MemFree:           81400 kB
Buffers:           13896 kB
Cached:           942416 kB
SwapCached:           28 kB
Active:          1307552 kB
Inactive:         672700 kB
Active(anon):     828436 kB
Inactive(anon):   210016 kB
Active(file):     479116 kB
Inactive(file):   462684 kB
Unevictable:       13568 kB
Mlocked:               0 kB
SwapTotal:        715328 kB
SwapFree:         708748 kB
Dirty:                40 kB
Writeback:             0 kB
AnonPages:       1037496 kB
Mapped:           636276 kB
Shmem:               944 kB
Slab:              99356 kB
SReclaimable:      31872 kB
SUnreclaim:        67484 kB
KernelStack:       38688 kB
PageTables:        50768 kB
NFS_Unstable:          0 kB
Bounce:                0 kB
WritebackTmp:          0 kB
CommitLimit:     2152132 kB
Committed_AS:   120342676 kB
VmallocTotal:   251658176 kB
VmallocUsed:      138504 kB
VmallocChunk:   251451436 kB
Time pass: 110 sec

---2015-12-16 17:12:00
MemTotal:        2873608 kB
MemFree:          286524 kB
Buffers:           13928 kB
Cached:           937824 kB
SwapCached:           28 kB
Active:          1211620 kB
Inactive:         671640 kB
Active(anon):     736816 kB
Inactive(anon):   209328 kB
Active(file):     474804 kB
Inactive(file):   462312 kB
Unevictable:       13568 kB
Mlocked:               0 kB
SwapTotal:        715328 kB
SwapFree:         708416 kB
Dirty:                 0 kB
Writeback:           220 kB
AnonPages:        945380 kB
Mapped:           475796 kB
Shmem:               808 kB
Slab:              99092 kB
SReclaimable:      31908 kB
SUnreclaim:        67184 kB
KernelStack:       37648 kB
PageTables:        49320 kB
NFS_Unstable:          0 kB
Bounce:                0 kB
WritebackTmp:          0 kB
CommitLimit:     2152132 kB
Committed_AS:   120154420 kB
VmallocTotal:   251658176 kB
VmallocUsed:      137604 kB
VmallocChunk:   251457580 kB
Time pass: 113 sec

---2015-12-16 17:12:00
MemTotal:        2873608 kB
MemFree:          287916 kB
Buffers:           13940 kB
Cached:           937816 kB
SwapCached:           28 kB
Active:          1209728 kB
Inactive:         671796 kB
Active(anon):     734868 kB
Inactive(anon):   209328 kB
Active(file):     474860 kB
Inactive(file):   462468 kB
Unevictable:       13568 kB
Mlocked:               0 kB
SwapTotal:        715328 kB
SwapFree:         708416 kB
Dirty:               108 kB
Writeback:             0 kB
AnonPages:        943588 kB
Mapped:           475744 kB
Shmem:               808 kB
Slab:              99108 kB
SReclaimable:      31928 kB
SUnreclaim:        67180 kB
KernelStack:       37696 kB
PageTables:        49520 kB
NFS_Unstable:          0 kB
Bounce:                0 kB
WritebackTmp:          0 kB
CommitLimit:     2152132 kB
Committed_AS:   120154900 kB
VmallocTotal:   251658176 kB
VmallocUsed:      137604 kB
VmallocChunk:   251457580 kB
Time pass: 117 sec

---2015-12-16 17:12:00
MemTotal:        2873608 kB
MemFree:          290800 kB
Buffers:           14552 kB
Cached:           942336 kB
SwapCached:           28 kB
Active:          1242388 kB
Inactive:         671236 kB
Active(anon):     761800 kB
Inactive(anon):   210724 kB
Active(file):     480588 kB
Inactive(file):   460512 kB
Unevictable:       13568 kB
Mlocked:               0 kB
SwapTotal:        715328 kB
SwapFree:         708416 kB
Dirty:              1340 kB
Writeback:             0 kB
AnonPages:        970604 kB
Mapped:           484860 kB
Shmem:              2212 kB
Slab:              99212 kB
SReclaimable:      31940 kB
SUnreclaim:        67272 kB
KernelStack:       38816 kB
PageTables:        49924 kB
NFS_Unstable:          0 kB
Bounce:                0 kB
WritebackTmp:          0 kB
CommitLimit:     2152132 kB
Committed_AS:   120228000 kB
VmallocTotal:   251658176 kB
VmallocUsed:      137120 kB
VmallocChunk:   251457580 kB
Time pass: 121 sec

---2015-12-16 17:12:00
MemTotal:        2873608 kB
MemFree:          211652 kB
Buffers:           14564 kB
Cached:           942256 kB
SwapCached:           28 kB
Active:          1258540 kB
Inactive:         670916 kB
Active(anon):     777692 kB
Inactive(anon):   209456 kB
Active(file):     480848 kB
Inactive(file):   461460 kB
Unevictable:       13568 kB
Mlocked:               0 kB
SwapTotal:        715328 kB
SwapFree:         708416 kB
Dirty:               168 kB
Writeback:             0 kB
AnonPages:        986476 kB
Mapped:           544612 kB
Shmem:               944 kB
Slab:              98996 kB
SReclaimable:      31864 kB
SUnreclaim:        67132 kB
KernelStack:       38096 kB
PageTables:        50044 kB
NFS_Unstable:          0 kB
Bounce:                0 kB
WritebackTmp:          0 kB
CommitLimit:     2152132 kB
Committed_AS:   120244256 kB
VmallocTotal:   251658176 kB
VmallocUsed:      135208 kB
VmallocChunk:   251457580 kB
Time pass: 125 sec

---2015-12-16 17:12:00
MemTotal:        2873608 kB
MemFree:          163272 kB
Buffers:           16108 kB
Cached:           949132 kB
SwapCached:           28 kB
Active:          1272840 kB
Inactive:         665600 kB
Active(anon):     778264 kB
Inactive(anon):   209456 kB
Active(file):     494576 kB
Inactive(file):   456144 kB
Unevictable:       13568 kB
Mlocked:               0 kB
SwapTotal:        715328 kB
SwapFree:         708416 kB
Dirty:              7268 kB
Writeback:             0 kB
AnonPages:        986824 kB
Mapped:           581904 kB
Shmem:               944 kB
Slab:              99192 kB
SReclaimable:      32084 kB
SUnreclaim:        67108 kB
KernelStack:       38096 kB
PageTables:        50116 kB
NFS_Unstable:          0 kB
Bounce:                0 kB
WritebackTmp:          0 kB
CommitLimit:     2152132 kB
Committed_AS:   120252520 kB
VmallocTotal:   251658176 kB
VmallocUsed:      135516 kB
VmallocChunk:   251457580 kB
Time pass: 129 sec

---2015-12-16 17:12:00
MemTotal:        2873608 kB
MemFree:          154512 kB
Buffers:           16148 kB
Cached:           949496 kB
SwapCached:           28 kB
Active:          1279056 kB
Inactive:         665468 kB
Active(anon):     783936 kB
Inactive(anon):   209456 kB
Active(file):     495120 kB
Inactive(file):   456012 kB
Unevictable:       13568 kB
Mlocked:               0 kB
SwapTotal:        715328 kB
SwapFree:         708416 kB
Dirty:               356 kB
Writeback:             0 kB
AnonPages:        992640 kB
Mapped:           587516 kB
Shmem:               944 kB
Slab:              99260 kB
SReclaimable:      32088 kB
SUnreclaim:        67172 kB
KernelStack:       38496 kB
PageTables:        50364 kB
NFS_Unstable:          0 kB
Bounce:                0 kB
WritebackTmp:          0 kB
CommitLimit:     2152132 kB
Committed_AS:   120254728 kB
VmallocTotal:   251658176 kB
VmallocUsed:      135516 kB
VmallocChunk:   251457580 kB
Time pass: 132 sec

---2015-12-16 17:12:00
MemTotal:        2873608 kB
MemFree:          144272 kB
Buffers:           16148 kB
Cached:           949568 kB
SwapCached:           28 kB
Active:          1278464 kB
Inactive:         665452 kB
Active(anon):     783260 kB
Inactive(anon):   209452 kB
Active(file):     495204 kB
Inactive(file):   456000 kB
Unevictable:       13568 kB
Mlocked:               0 kB
SwapTotal:        715328 kB
SwapFree:         708416 kB
Dirty:                68 kB
Writeback:             0 kB
AnonPages:        991732 kB
Mapped:           596456 kB
Shmem:               944 kB
Slab:              99252 kB
SReclaimable:      32072 kB
SUnreclaim:        67180 kB
KernelStack:       38144 kB
PageTables:        50228 kB
NFS_Unstable:          0 kB
Bounce:                0 kB
WritebackTmp:          0 kB
CommitLimit:     2152132 kB
Committed_AS:   120254992 kB
VmallocTotal:   251658176 kB
VmallocUsed:      135600 kB
VmallocChunk:   251457580 kB
Time pass: 137 sec

---2015-12-16 17:12:00
MemTotal:        2873608 kB
MemFree:          134152 kB
Buffers:           16156 kB
Cached:           949572 kB
SwapCached:           28 kB
Active:          1288864 kB
Inactive:         665456 kB
Active(anon):     793660 kB
Inactive(anon):   209452 kB
Active(file):     495204 kB
Inactive(file):   456004 kB
Unevictable:       13568 kB
Mlocked:               0 kB
SwapTotal:        715328 kB
SwapFree:         708416 kB
Dirty:               308 kB
Writeback:             0 kB
AnonPages:       1002576 kB
Mapped:           597324 kB
Shmem:               944 kB
Slab:              99216 kB
SReclaimable:      32072 kB
SUnreclaim:        67144 kB
KernelStack:       38176 kB
PageTables:        50288 kB
NFS_Unstable:          0 kB
Bounce:                0 kB
WritebackTmp:          0 kB
CommitLimit:     2152132 kB
Committed_AS:   120254920 kB
VmallocTotal:   251658176 kB
VmallocUsed:      135600 kB
VmallocChunk:   251457580 kB
Time pass: 141 sec

---2015-12-16 17:12:00
MemTotal:        2873608 kB
MemFree:          122272 kB
Buffers:           16164 kB
Cached:           949588 kB
SwapCached:           28 kB
Active:          1277424 kB
Inactive:         665464 kB
Active(anon):     782196 kB
Inactive(anon):   209452 kB
Active(file):     495228 kB
Inactive(file):   456012 kB
Unevictable:       13568 kB
Mlocked:               0 kB
SwapTotal:        715328 kB
SwapFree:         708416 kB
Dirty:               164 kB
Writeback:             0 kB
AnonPages:        990740 kB
Mapped:           609840 kB
Shmem:               944 kB
Slab:              99228 kB
SReclaimable:      32076 kB
SUnreclaim:        67152 kB
KernelStack:       37968 kB
PageTables:        49760 kB
NFS_Unstable:          0 kB
Bounce:                0 kB
WritebackTmp:          0 kB
CommitLimit:     2152132 kB
Committed_AS:   119019468 kB
VmallocTotal:   251658176 kB
VmallocUsed:      134748 kB
VmallocChunk:   251457580 kB
Time pass: 144 sec

---2015-12-16 17:12:00
MemTotal:        2873608 kB
MemFree:          122164 kB
Buffers:           16164 kB
Cached:           949592 kB
SwapCached:           28 kB
Active:          1277212 kB
Inactive:         665468 kB
Active(anon):     781984 kB
Inactive(anon):   209452 kB
Active(file):     495228 kB
Inactive(file):   456016 kB
Unevictable:       13568 kB
Mlocked:               0 kB
SwapTotal:        715328 kB
SwapFree:         708416 kB
Dirty:                24 kB
Writeback:             0 kB
AnonPages:        990452 kB
Mapped:           609784 kB
Shmem:               944 kB
Slab:              99168 kB
SReclaimable:      32076 kB
SUnreclaim:        67092 kB
KernelStack:       37984 kB
PageTables:        49788 kB
NFS_Unstable:          0 kB
Bounce:                0 kB
WritebackTmp:          0 kB
CommitLimit:     2152132 kB
Committed_AS:   119019524 kB
VmallocTotal:   251658176 kB
VmallocUsed:      134748 kB
VmallocChunk:   251457580 kB
Time pass: 148 sec

---2015-12-16 17:12:00
MemTotal:        2873608 kB
MemFree:          121004 kB
Buffers:           16172 kB
Cached:           949596 kB
SwapCached:           28 kB
Active:          1277560 kB
Inactive:         665472 kB
Active(anon):     782332 kB
Inactive(anon):   209452 kB
Active(file):     495228 kB
Inactive(file):   456020 kB
Unevictable:       13568 kB
Mlocked:               0 kB
SwapTotal:        715328 kB
SwapFree:         708416 kB
Dirty:                32 kB
Writeback:             0 kB
AnonPages:        990844 kB
Mapped:           610228 kB
Shmem:               944 kB
Slab:              99168 kB
SReclaimable:      32076 kB
SUnreclaim:        67092 kB
KernelStack:       38016 kB
PageTables:        49792 kB
NFS_Unstable:          0 kB
Bounce:                0 kB
WritebackTmp:          0 kB
CommitLimit:     2152132 kB
Committed_AS:   119019560 kB
VmallocTotal:   251658176 kB
VmallocUsed:      134748 kB
VmallocChunk:   251457580 kB
Time pass: 152 sec

---2015-12-16 17:12:00
MemTotal:        2873608 kB
MemFree:          106984 kB
Buffers:           16212 kB
Cached:           949748 kB
SwapCached:           28 kB
Active:          1289876 kB
Inactive:         664668 kB
Active(anon):     793652 kB
Inactive(anon):   209596 kB
Active(file):     496224 kB
Inactive(file):   455072 kB
Unevictable:       13568 kB
Mlocked:               0 kB
SwapTotal:        715328 kB
SwapFree:         708416 kB
Dirty:                68 kB
Writeback:             0 kB
AnonPages:       1002224 kB
Mapped:           613096 kB
Shmem:              1092 kB
Slab:              99168 kB
SReclaimable:      32076 kB
SUnreclaim:        67092 kB
KernelStack:       38400 kB
PageTables:        50024 kB
NFS_Unstable:          0 kB
Bounce:                0 kB
WritebackTmp:          0 kB
CommitLimit:     2152132 kB
Committed_AS:   119051188 kB
VmallocTotal:   251658176 kB
VmallocUsed:      137180 kB
VmallocChunk:   251457580 kB
Time pass: 155 sec

---2015-12-16 17:12:00
MemTotal:        2873608 kB
MemFree:          102892 kB
Buffers:           16244 kB
Cached:           950024 kB
SwapCached:           28 kB
Active:          1294788 kB
Inactive:         664968 kB
Active(anon):     798552 kB
Inactive(anon):   209856 kB
Active(file):     496236 kB
Inactive(file):   455112 kB
Unevictable:       13568 kB
Mlocked:               0 kB
SwapTotal:        715328 kB
SwapFree:         708416 kB
Dirty:                68 kB
Writeback:             0 kB
AnonPages:       1007088 kB
Mapped:           613492 kB
Shmem:              1352 kB
Slab:              99136 kB
SReclaimable:      32000 kB
SUnreclaim:        67136 kB
KernelStack:       38368 kB
PageTables:        50080 kB
NFS_Unstable:          0 kB
Bounce:                0 kB
WritebackTmp:          0 kB
CommitLimit:     2152132 kB
Committed_AS:   119055348 kB
VmallocTotal:   251658176 kB
VmallocUsed:      137180 kB
VmallocChunk:   251457580 kB
Time pass: 160 sec

---2015-12-16 17:12:00
MemTotal:        2873608 kB
MemFree:          101580 kB
Buffers:           16252 kB
Cached:           950184 kB
SwapCached:           28 kB
Active:          1295692 kB
Inactive:         665136 kB
Active(anon):     799456 kB
Inactive(anon):   210016 kB
Active(file):     496236 kB
Inactive(file):   455120 kB
Unevictable:       13568 kB
Mlocked:               0 kB
SwapTotal:        715328 kB
SwapFree:         708416 kB
Dirty:                44 kB
Writeback:             0 kB
AnonPages:       1008028 kB
Mapped:           613712 kB
Shmem:              1512 kB
Slab:              99124 kB
SReclaimable:      32000 kB
SUnreclaim:        67124 kB
KernelStack:       38336 kB
PageTables:        50076 kB
NFS_Unstable:          0 kB
Bounce:                0 kB
WritebackTmp:          0 kB
CommitLimit:     2152132 kB
Committed_AS:   119055368 kB
VmallocTotal:   251658176 kB
VmallocUsed:      137180 kB
VmallocChunk:   251457580 kB
Time pass: 166 sec

---2015-12-16 17:12:00
MemTotal:        2873608 kB
MemFree:          100712 kB
Buffers:           16260 kB
Cached:           950256 kB
SwapCached:           28 kB
Active:          1296332 kB
Inactive:         665208 kB
Active(anon):     800096 kB
Inactive(anon):   210076 kB
Active(file):     496236 kB
Inactive(file):   455132 kB
Unevictable:       13568 kB
Mlocked:               0 kB
SwapTotal:        715328 kB
SwapFree:         708416 kB
Dirty:                12 kB
Writeback:             0 kB
AnonPages:       1008744 kB
Mapped:           613816 kB
Shmem:              1572 kB
Slab:              99124 kB
SReclaimable:      32000 kB
SUnreclaim:        67124 kB
KernelStack:       38336 kB
PageTables:        50076 kB
NFS_Unstable:          0 kB
Bounce:                0 kB
WritebackTmp:          0 kB
CommitLimit:     2152132 kB
Committed_AS:   119055408 kB
VmallocTotal:   251658176 kB
VmallocUsed:      137180 kB
VmallocChunk:   251457580 kB
Time pass: 171 sec

---2015-12-16 17:12:00
MemTotal:        2873608 kB
MemFree:          100664 kB
Buffers:           16260 kB
Cached:           950348 kB
SwapCached:           28 kB
Active:          1296636 kB
Inactive:         665304 kB
Active(anon):     800396 kB
Inactive(anon):   210168 kB
Active(file):     496240 kB
Inactive(file):   455136 kB
Unevictable:       13568 kB
Mlocked:               0 kB
SwapTotal:        715328 kB
SwapFree:         708416 kB
Dirty:                 0 kB
Writeback:             0 kB
AnonPages:       1009028 kB
Mapped:           613896 kB
Shmem:              1664 kB
Slab:              99124 kB
SReclaimable:      32000 kB
SUnreclaim:        67124 kB
KernelStack:       38368 kB
PageTables:        50088 kB
NFS_Unstable:          0 kB
Bounce:                0 kB
WritebackTmp:          0 kB
CommitLimit:     2152132 kB
Committed_AS:   119055368 kB
VmallocTotal:   251658176 kB
VmallocUsed:      137180 kB
VmallocChunk:   251457580 kB
Time pass: 175 sec

---2015-12-16 17:12:00
MemTotal:        2873608 kB
MemFree:          100112 kB
Buffers:           16268 kB
Cached:           950348 kB
SwapCached:           28 kB
Active:          1296540 kB
Inactive:         665312 kB
Active(anon):     800300 kB
Inactive(anon):   210168 kB
Active(file):     496240 kB
Inactive(file):   455144 kB
Unevictable:       13568 kB
Mlocked:               0 kB
SwapTotal:        715328 kB
SwapFree:         708416 kB
Dirty:                28 kB
Writeback:             0 kB
AnonPages:       1008940 kB
Mapped:           613976 kB
Shmem:              1664 kB
Slab:              99124 kB
SReclaimable:      32000 kB
SUnreclaim:        67124 kB
KernelStack:       38368 kB
PageTables:        50112 kB
NFS_Unstable:          0 kB
Bounce:                0 kB
WritebackTmp:          0 kB
CommitLimit:     2152132 kB
Committed_AS:   119055376 kB
VmallocTotal:   251658176 kB
VmallocUsed:      137180 kB
VmallocChunk:   251457580 kB
Time pass: 179 sec

---2015-12-16 17:12:00
MemTotal:        2873608 kB
MemFree:          100292 kB
Buffers:           16268 kB
Cached:           950348 kB
SwapCached:           28 kB
Active:          1296200 kB
Inactive:         665312 kB
Active(anon):     799960 kB
Inactive(anon):   210168 kB
Active(file):     496240 kB
Inactive(file):   455144 kB
Unevictable:       13568 kB
Mlocked:               0 kB
SwapTotal:        715328 kB
SwapFree:         708416 kB
Dirty:                 4 kB
Writeback:             0 kB
AnonPages:       1008632 kB
Mapped:           614032 kB
Shmem:              1664 kB
Slab:              99124 kB
SReclaimable:      32000 kB
SUnreclaim:        67124 kB
KernelStack:       38288 kB
PageTables:        50072 kB
NFS_Unstable:          0 kB
Bounce:                0 kB
WritebackTmp:          0 kB
CommitLimit:     2152132 kB
Committed_AS:   119055248 kB
VmallocTotal:   251658176 kB
VmallocUsed:      137180 kB
VmallocChunk:   251457580 kB
Time pass: 183 sec

---2015-12-16 17:12:00
MemTotal:        2873608 kB
MemFree:           97124 kB
Buffers:           16292 kB
Cached:           949788 kB
SwapCached:           28 kB
Active:          1301876 kB
Inactive:         664580 kB
Active(anon):     805448 kB
Inactive(anon):   209600 kB
Active(file):     496428 kB
Inactive(file):   454980 kB
Unevictable:       13568 kB
Mlocked:               0 kB
SwapTotal:        715328 kB
SwapFree:         708416 kB
Dirty:                 0 kB
Writeback:             0 kB
AnonPages:       1014004 kB
Mapped:           615156 kB
Shmem:              1104 kB
Slab:              99124 kB
SReclaimable:      32000 kB
SUnreclaim:        67124 kB
KernelStack:       38256 kB
PageTables:        50036 kB
NFS_Unstable:          0 kB
Bounce:                0 kB
WritebackTmp:          0 kB
CommitLimit:     2152132 kB
Committed_AS:   119071504 kB
VmallocTotal:   251658176 kB
VmallocUsed:      137180 kB
VmallocChunk:   251457580 kB
Time pass: 187 sec

---2015-12-16 17:12:00
MemTotal:        2873608 kB
MemFree:           95852 kB
Buffers:           16332 kB
Cached:           949780 kB
SwapCached:           28 kB
Active:          1302164 kB
Inactive:         664604 kB
Active(anon):     805728 kB
Inactive(anon):   209588 kB
Active(file):     496436 kB
Inactive(file):   455016 kB
Unevictable:       13568 kB
Mlocked:               0 kB
SwapTotal:        715328 kB
SwapFree:         708416 kB
Dirty:                60 kB
Writeback:             0 kB
AnonPages:       1014468 kB
Mapped:           615132 kB
Shmem:              1092 kB
Slab:              99128 kB
SReclaimable:      32000 kB
SUnreclaim:        67128 kB
KernelStack:       38288 kB
PageTables:        50096 kB
NFS_Unstable:          0 kB
Bounce:                0 kB
WritebackTmp:          0 kB
CommitLimit:     2152132 kB
Committed_AS:   119071640 kB
VmallocTotal:   251658176 kB
VmallocUsed:      137180 kB
VmallocChunk:   251457580 kB
Time pass: 191 sec

---2015-12-16 17:12:00
MemTotal:        2873608 kB
MemFree:           94736 kB
Buffers:           16340 kB
Cached:           949880 kB
SwapCached:           28 kB
Active:          1302624 kB
Inactive:         664700 kB
Active(anon):     806184 kB
Inactive(anon):   209684 kB
Active(file):     496440 kB
Inactive(file):   455016 kB
Unevictable:       13568 kB
Mlocked:               0 kB
SwapTotal:        715328 kB
SwapFree:         708416 kB
Dirty:                64 kB
Writeback:             0 kB
AnonPages:       1014580 kB
Mapped:           615272 kB
Shmem:              1188 kB
Slab:              99124 kB
SReclaimable:      32000 kB
SUnreclaim:        67124 kB
KernelStack:       38224 kB
PageTables:        50100 kB
NFS_Unstable:          0 kB
Bounce:                0 kB
WritebackTmp:          0 kB
CommitLimit:     2152132 kB
Committed_AS:   119071648 kB
VmallocTotal:   251658176 kB
VmallocUsed:      137180 kB
VmallocChunk:   251457580 kB
Time pass: 196 sec

---2015-12-16 17:12:00
MemTotal:        2873608 kB
MemFree:           94136 kB
Buffers:           16340 kB
Cached:           949948 kB
SwapCached:           28 kB
Active:          1303132 kB
Inactive:         664776 kB
Active(anon):     806692 kB
Inactive(anon):   209752 kB
Active(file):     496440 kB
Inactive(file):   455024 kB
Unevictable:       13568 kB
Mlocked:               0 kB
SwapTotal:        715328 kB
SwapFree:         708416 kB
Dirty:                 4 kB
Writeback:             0 kB
AnonPages:       1015048 kB
Mapped:           615456 kB
Shmem:              1256 kB
Slab:              99144 kB
SReclaimable:      32000 kB
SUnreclaim:        67144 kB
KernelStack:       38256 kB
PageTables:        50136 kB
NFS_Unstable:          0 kB
Bounce:                0 kB
WritebackTmp:          0 kB
CommitLimit:     2152132 kB
Committed_AS:   119071616 kB
VmallocTotal:   251658176 kB
VmallocUsed:      137180 kB
VmallocChunk:   251457580 kB
Time pass: 200 sec

---2015-12-16 17:12:00
MemTotal:        2873608 kB
MemFree:           94024 kB
Buffers:           16348 kB
Cached:           949964 kB
SwapCached:           28 kB
Active:          1302632 kB
Inactive:         664800 kB
Active(anon):     806192 kB
Inactive(anon):   209768 kB
Active(file):     496440 kB
Inactive(file):   455032 kB
Unevictable:       13568 kB
Mlocked:               0 kB
SwapTotal:        715328 kB
SwapFree:         708416 kB
Dirty:                12 kB
Writeback:             0 kB
AnonPages:       1014324 kB
Mapped:           615492 kB
Shmem:              1272 kB
Slab:              99144 kB
SReclaimable:      32000 kB
SUnreclaim:        67144 kB
KernelStack:       38208 kB
PageTables:        50096 kB
NFS_Unstable:          0 kB
Bounce:                0 kB
WritebackTmp:          0 kB
CommitLimit:     2152132 kB
Committed_AS:   119071684 kB
VmallocTotal:   251658176 kB
VmallocUsed:      137180 kB
VmallocChunk:   251457580 kB
Time pass: 205 sec

---2015-12-16 17:12:00
MemTotal:        2873608 kB
MemFree:          104496 kB
Buffers:           16356 kB
Cached:           949640 kB
SwapCached:           28 kB
Active:          1293740 kB
Inactive:         664484 kB
Active(anon):     797296 kB
Inactive(anon):   209444 kB
Active(file):     496444 kB
Inactive(file):   455040 kB
Unevictable:       13568 kB
Mlocked:               0 kB
SwapTotal:        715328 kB
SwapFree:         708416 kB
Dirty:                 0 kB
Writeback:             0 kB
AnonPages:       1005856 kB
Mapped:           615068 kB
Shmem:               944 kB
Slab:              99156 kB
SReclaimable:      32016 kB
SUnreclaim:        67140 kB
KernelStack:       37888 kB
PageTables:        49900 kB
NFS_Unstable:          0 kB
Bounce:                0 kB
WritebackTmp:          0 kB
CommitLimit:     2152132 kB
Committed_AS:   119044172 kB
VmallocTotal:   251658176 kB
VmallocUsed:      137164 kB
VmallocChunk:   251457580 kB
Time pass: 208 sec

---2015-12-16 17:12:00
MemTotal:        2873608 kB
MemFree:          104192 kB
Buffers:           16372 kB
Cached:           949640 kB
SwapCached:           28 kB
Active:          1293968 kB
Inactive:         664492 kB
Active(anon):     797516 kB
Inactive(anon):   209444 kB
Active(file):     496452 kB
Inactive(file):   455048 kB
Unevictable:       13568 kB
Mlocked:               0 kB
SwapTotal:        715328 kB
SwapFree:         708416 kB
Dirty:                20 kB
Writeback:             0 kB
AnonPages:       1006100 kB
Mapped:           615216 kB
Shmem:               944 kB
Slab:              99140 kB
SReclaimable:      32016 kB
SUnreclaim:        67124 kB
KernelStack:       37904 kB
PageTables:        49900 kB
NFS_Unstable:          0 kB
Bounce:                0 kB
WritebackTmp:          0 kB
CommitLimit:     2152132 kB
Committed_AS:   119044196 kB
VmallocTotal:   251658176 kB
VmallocUsed:      137164 kB
VmallocChunk:   251457580 kB
Time pass: 212 sec

---2015-12-16 17:12:00
MemTotal:        2873608 kB
MemFree:          103504 kB
Buffers:           16380 kB
Cached:           949640 kB
SwapCached:           28 kB
Active:          1294140 kB
Inactive:         664492 kB
Active(anon):     797688 kB
Inactive(anon):   209444 kB
Active(file):     496452 kB
Inactive(file):   455048 kB
Unevictable:       13568 kB
Mlocked:               0 kB
SwapTotal:        715328 kB
SwapFree:         708416 kB
Dirty:                 4 kB
Writeback:             0 kB
AnonPages:       1006108 kB
Mapped:           615256 kB
Shmem:               944 kB
Slab:              99140 kB
SReclaimable:      32016 kB
SUnreclaim:        67124 kB
KernelStack:       37936 kB
PageTables:        49904 kB
NFS_Unstable:          0 kB
Bounce:                0 kB
WritebackTmp:          0 kB
CommitLimit:     2152132 kB
Committed_AS:   119044172 kB
VmallocTotal:   251658176 kB
VmallocUsed:      137176 kB
VmallocChunk:   251457580 kB
Time pass: 216 sec

---2015-12-16 17:12:00
MemTotal:        2873608 kB
MemFree:          103316 kB
Buffers:           16380 kB
Cached:           949640 kB
SwapCached:           28 kB
Active:          1294280 kB
Inactive:         664500 kB
Active(anon):     797828 kB
Inactive(anon):   209444 kB
Active(file):     496452 kB
Inactive(file):   455056 kB
Unevictable:       13568 kB
Mlocked:               0 kB
SwapTotal:        715328 kB
SwapFree:         708416 kB
Dirty:                 0 kB
Writeback:             0 kB
AnonPages:       1006276 kB
Mapped:           615288 kB
Shmem:               944 kB
Slab:              99140 kB
SReclaimable:      32016 kB
SUnreclaim:        67124 kB
KernelStack:       37904 kB
PageTables:        49900 kB
NFS_Unstable:          0 kB
Bounce:                0 kB
WritebackTmp:          0 kB
CommitLimit:     2152132 kB
Committed_AS:   119044180 kB
VmallocTotal:   251658176 kB
VmallocUsed:      134760 kB
VmallocChunk:   251457580 kB
Time pass: 222 sec

---2015-12-16 17:12:00
MemTotal:        2873608 kB
MemFree:          103328 kB
Buffers:           16380 kB
Cached:           949640 kB
SwapCached:           28 kB
Active:          1294376 kB
Inactive:         664500 kB
Active(anon):     797924 kB
Inactive(anon):   209444 kB
Active(file):     496452 kB
Inactive(file):   455056 kB
Unevictable:       13568 kB
Mlocked:               0 kB
SwapTotal:        715328 kB
SwapFree:         708416 kB
Dirty:                 0 kB
Writeback:             0 kB
AnonPages:       1006372 kB
Mapped:           615316 kB
Shmem:               944 kB
Slab:              99140 kB
SReclaimable:      32016 kB
SUnreclaim:        67124 kB
KernelStack:       37936 kB
PageTables:        49908 kB
NFS_Unstable:          0 kB
Bounce:                0 kB
WritebackTmp:          0 kB
CommitLimit:     2152132 kB
Committed_AS:   119044180 kB
VmallocTotal:   251658176 kB
VmallocUsed:      134760 kB
VmallocChunk:   251457580 kB
Time pass: 226 sec

---2015-12-16 17:12:00
MemTotal:        2873608 kB
MemFree:          102856 kB
Buffers:           16388 kB
Cached:           949640 kB
SwapCached:           28 kB
Active:          1294728 kB
Inactive:         664496 kB
Active(anon):     798268 kB
Inactive(anon):   209444 kB
Active(file):     496460 kB
Inactive(file):   455052 kB
Unevictable:       13568 kB
Mlocked:               0 kB
SwapTotal:        715328 kB
SwapFree:         708416 kB
Dirty:                36 kB
Writeback:             0 kB
AnonPages:       1006828 kB
Mapped:           615344 kB
Shmem:               944 kB
Slab:              99140 kB
SReclaimable:      32016 kB
SUnreclaim:        67124 kB
KernelStack:       37936 kB
PageTables:        49908 kB
NFS_Unstable:          0 kB
Bounce:                0 kB
WritebackTmp:          0 kB
CommitLimit:     2152132 kB
Committed_AS:   119044228 kB
VmallocTotal:   251658176 kB
VmallocUsed:      134760 kB
VmallocChunk:   251457580 kB
Time pass: 230 sec

---2015-12-16 17:12:00
MemTotal:        2873608 kB
MemFree:          102292 kB
Buffers:           16388 kB
Cached:           949640 kB
SwapCached:           28 kB
Active:          1295404 kB
Inactive:         664500 kB
Active(anon):     798944 kB
Inactive(anon):   209444 kB
Active(file):     496460 kB
Inactive(file):   455056 kB
Unevictable:       13568 kB
Mlocked:               0 kB
SwapTotal:        715328 kB
SwapFree:         708416 kB
Dirty:                 0 kB
Writeback:             0 kB
AnonPages:       1007284 kB
Mapped:           615460 kB
Shmem:               944 kB
Slab:              99140 kB
SReclaimable:      32016 kB
SUnreclaim:        67124 kB
KernelStack:       37952 kB
PageTables:        49940 kB
NFS_Unstable:          0 kB
Bounce:                0 kB
WritebackTmp:          0 kB
CommitLimit:     2152132 kB
Committed_AS:   119044188 kB
VmallocTotal:   251658176 kB
VmallocUsed:      134760 kB
VmallocChunk:   251457580 kB
Time pass: 234 sec

---2015-12-16 17:12:00
MemTotal:        2873608 kB
MemFree:          101740 kB
Buffers:           16404 kB
Cached:           949640 kB
SwapCached:           28 kB
Active:          1295376 kB
Inactive:         664508 kB
Active(anon):     798908 kB
Inactive(anon):   209444 kB
Active(file):     496468 kB
Inactive(file):   455064 kB
Unevictable:       13568 kB
Mlocked:               0 kB
SwapTotal:        715328 kB
SwapFree:         708416 kB
Dirty:                40 kB
Writeback:             0 kB
AnonPages:       1007516 kB
Mapped:           615380 kB
Shmem:               944 kB
Slab:              99140 kB
SReclaimable:      32016 kB
SUnreclaim:        67124 kB
KernelStack:       37904 kB
PageTables:        49876 kB
NFS_Unstable:          0 kB
Bounce:                0 kB
WritebackTmp:          0 kB
CommitLimit:     2152132 kB
Committed_AS:   119044220 kB
VmallocTotal:   251658176 kB
VmallocUsed:      134760 kB
VmallocChunk:   251457580 kB
Time pass: 239 sec

---2015-12-16 17:12:00
MemTotal:        2873608 kB
MemFree:           91276 kB
Buffers:           16412 kB
Cached:           949936 kB
SwapCached:           28 kB
Active:          1302904 kB
Inactive:         664664 kB
Active(anon):     806436 kB
Inactive(anon):   209444 kB
Active(file):     496468 kB
Inactive(file):   455220 kB
Unevictable:       13568 kB
Mlocked:               0 kB
SwapTotal:        715328 kB
SwapFree:         708416 kB
Dirty:                 0 kB
Writeback:             0 kB
AnonPages:       1015292 kB
Mapped:           618668 kB
Shmem:               944 kB
Slab:              99156 kB
SReclaimable:      32032 kB
SUnreclaim:        67124 kB
KernelStack:       37920 kB
PageTables:        49908 kB
NFS_Unstable:          0 kB
Bounce:                0 kB
WritebackTmp:          0 kB
CommitLimit:     2152132 kB
Committed_AS:   119044276 kB
VmallocTotal:   251658176 kB
VmallocUsed:      134792 kB
VmallocChunk:   251457580 kB
Time pass: 243 sec

---2015-12-16 17:12:00
MemTotal:        2873608 kB
MemFree:           89808 kB
Buffers:           16444 kB
Cached:           950124 kB
SwapCached:           28 kB
Active:          1306204 kB
Inactive:         665008 kB
Active(anon):     809720 kB
Inactive(anon):   209628 kB
Active(file):     496484 kB
Inactive(file):   455380 kB
Unevictable:       13568 kB
Mlocked:               0 kB
SwapTotal:        715328 kB
SwapFree:         708416 kB
Dirty:                96 kB
Writeback:             0 kB
AnonPages:       1018124 kB
Mapped:           616080 kB
Shmem:              1136 kB
Slab:              99176 kB
SReclaimable:      32052 kB
SUnreclaim:        67124 kB
KernelStack:       38304 kB
PageTables:        50160 kB
NFS_Unstable:          0 kB
Bounce:                0 kB
WritebackTmp:          0 kB
CommitLimit:     2152132 kB
Committed_AS:   119075920 kB
VmallocTotal:   251658176 kB
VmallocUsed:      137192 kB
VmallocChunk:   251457580 kB
Time pass: 247 sec

---2015-12-16 17:12:00
MemTotal:        2873608 kB
MemFree:           88752 kB
Buffers:           16452 kB
Cached:           950280 kB
SwapCached:           28 kB
Active:          1306688 kB
Inactive:         665164 kB
Active(anon):     810196 kB
Inactive(anon):   209780 kB
Active(file):     496492 kB
Inactive(file):   455384 kB
Unevictable:       13568 kB
Mlocked:               0 kB
SwapTotal:        715328 kB
SwapFree:         708416 kB
Dirty:                 4 kB
Writeback:             0 kB
AnonPages:       1018608 kB
Mapped:           616268 kB
Shmem:              1288 kB
Slab:              99176 kB
SReclaimable:      32052 kB
SUnreclaim:        67124 kB
KernelStack:       38256 kB
PageTables:        50124 kB
NFS_Unstable:          0 kB
Bounce:                0 kB
WritebackTmp:          0 kB
CommitLimit:     2152132 kB
Committed_AS:   119075928 kB
VmallocTotal:   251658176 kB
VmallocUsed:      137192 kB
VmallocChunk:   251457580 kB
Time pass: 253 sec

---2015-12-16 17:12:00
MemTotal:        2873608 kB
MemFree:           85536 kB
Buffers:           16460 kB
Cached:           950352 kB
SwapCached:           28 kB
Active:          1311040 kB
Inactive:         665240 kB
Active(anon):     814544 kB
Inactive(anon):   209848 kB
Active(file):     496496 kB
Inactive(file):   455392 kB
Unevictable:       13568 kB
Mlocked:               0 kB
SwapTotal:        715328 kB
SwapFree:         708416 kB
Dirty:                 8 kB
Writeback:             0 kB
AnonPages:       1023084 kB
Mapped:           616384 kB
Shmem:              1356 kB
Slab:              99192 kB
SReclaimable:      32052 kB
SUnreclaim:        67140 kB
KernelStack:       38352 kB
PageTables:        50164 kB
NFS_Unstable:          0 kB
Bounce:                0 kB
WritebackTmp:          0 kB
CommitLimit:     2152132 kB
Committed_AS:   119075944 kB
VmallocTotal:   251658176 kB
VmallocUsed:      137192 kB
VmallocChunk:   251457580 kB
Time pass: 257 sec

---2015-12-16 17:12:00
MemTotal:        2873608 kB
MemFree:           82792 kB
Buffers:           16508 kB
Cached:           950104 kB
SwapCached:           28 kB
Active:          1313156 kB
Inactive:         665040 kB
Active(anon):     816660 kB
Inactive(anon):   209600 kB
Active(file):     496496 kB
Inactive(file):   455440 kB
Unevictable:       13568 kB
Mlocked:               0 kB
SwapTotal:        715328 kB
SwapFree:         708416 kB
Dirty:                48 kB
Writeback:             0 kB
AnonPages:       1025472 kB
Mapped:           616224 kB
Shmem:              1108 kB
Slab:              99184 kB
SReclaimable:      32052 kB
SUnreclaim:        67132 kB
KernelStack:       38272 kB
PageTables:        50088 kB
NFS_Unstable:          0 kB
Bounce:                0 kB
WritebackTmp:          0 kB
CommitLimit:     2152132 kB
Committed_AS:   119084188 kB
VmallocTotal:   251658176 kB
VmallocUsed:      137192 kB
VmallocChunk:   251457580 kB
Time pass: 263 sec

---2015-12-16 17:12:00
MemTotal:        2873608 kB
MemFree:           82428 kB
Buffers:           16508 kB
Cached:           950112 kB
SwapCached:           28 kB
Active:          1313452 kB
Inactive:         665048 kB
Active(anon):     816956 kB
Inactive(anon):   209608 kB
Active(file):     496496 kB
Inactive(file):   455440 kB
Unevictable:       13568 kB
Mlocked:               0 kB
SwapTotal:        715328 kB
SwapFree:         708416 kB
Dirty:                48 kB
Writeback:             0 kB
AnonPages:       1025368 kB
Mapped:           616248 kB
Shmem:              1116 kB
Slab:              99176 kB
SReclaimable:      32052 kB
SUnreclaim:        67124 kB
KernelStack:       38320 kB
PageTables:        50092 kB
NFS_Unstable:          0 kB
Bounce:                0 kB
WritebackTmp:          0 kB
CommitLimit:     2152132 kB
Committed_AS:   119084192 kB
VmallocTotal:   251658176 kB
VmallocUsed:      137192 kB
VmallocChunk:   251457580 kB
Time pass: 267 sec

---2015-12-16 17:12:00
MemTotal:        2873608 kB
MemFree:           82232 kB
Buffers:           16516 kB
Cached:           950124 kB
SwapCached:           28 kB
Active:          1313584 kB
Inactive:         665068 kB
Active(anon):     817088 kB
Inactive(anon):   209620 kB
Active(file):     496496 kB
Inactive(file):   455448 kB
Unevictable:       13568 kB
Mlocked:               0 kB
SwapTotal:        715328 kB
SwapFree:         708416 kB
Dirty:                36 kB
Writeback:             0 kB
AnonPages:       1025452 kB
Mapped:           616304 kB
Shmem:              1128 kB
Slab:              99176 kB
SReclaimable:      32052 kB
SUnreclaim:        67124 kB
KernelStack:       38272 kB
PageTables:        50088 kB
NFS_Unstable:          0 kB
Bounce:                0 kB
WritebackTmp:          0 kB
CommitLimit:     2152132 kB
Committed_AS:   119084232 kB
VmallocTotal:   251658176 kB
VmallocUsed:      137192 kB
VmallocChunk:   251457580 kB
Time pass: 272 sec

---2015-12-16 17:12:00
MemTotal:        2873608 kB
MemFree:           81580 kB
Buffers:           16532 kB
Cached:           950108 kB
SwapCached:           28 kB
Active:          1314812 kB
Inactive:         665068 kB
Active(anon):     818316 kB
Inactive(anon):   209620 kB
Active(file):     496496 kB
Inactive(file):   455448 kB
Unevictable:       13568 kB
Mlocked:               0 kB
SwapTotal:        715328 kB
SwapFree:         708416 kB
Dirty:                 4 kB
Writeback:             0 kB
AnonPages:       1026908 kB
Mapped:           616332 kB
Shmem:              1128 kB
Slab:              99208 kB
SReclaimable:      32052 kB
SUnreclaim:        67156 kB
KernelStack:       38304 kB
PageTables:        50096 kB
NFS_Unstable:          0 kB
Bounce:                0 kB
WritebackTmp:          0 kB
CommitLimit:     2152132 kB
Committed_AS:   119084272 kB
VmallocTotal:   251658176 kB
VmallocUsed:      137192 kB
VmallocChunk:   251457580 kB
Time pass: 276 sec

---2015-12-16 17:12:00
MemTotal:        2873608 kB
MemFree:           81212 kB
Buffers:           16532 kB
Cached:           950124 kB
SwapCached:           28 kB
Active:          1314908 kB
Inactive:         665096 kB
Active(anon):     818424 kB
Inactive(anon):   209624 kB
Active(file):     496484 kB
Inactive(file):   455472 kB
Unevictable:       13568 kB
Mlocked:               0 kB
SwapTotal:        715328 kB
SwapFree:         708416 kB
Dirty:                76 kB
Writeback:             0 kB
AnonPages:       1026804 kB
Mapped:           616412 kB
Shmem:              1132 kB
Slab:              99176 kB
SReclaimable:      32052 kB
SUnreclaim:        67124 kB
KernelStack:       38272 kB
PageTables:        50116 kB
NFS_Unstable:          0 kB
Bounce:                0 kB
WritebackTmp:          0 kB
CommitLimit:     2152132 kB
Committed_AS:   119084216 kB
VmallocTotal:   251658176 kB
VmallocUsed:      137192 kB
VmallocChunk:   251457580 kB
Time pass: 280 sec

---2015-12-16 17:12:00
MemTotal:        2873608 kB
MemFree:           80356 kB
Buffers:           16536 kB
Cached:           950124 kB
SwapCached:           28 kB
Active:          1315532 kB
Inactive:         665096 kB
Active(anon):     819044 kB
Inactive(anon):   209624 kB
Active(file):     496488 kB
Inactive(file):   455472 kB
Unevictable:       13568 kB
Mlocked:               0 kB
SwapTotal:        715328 kB
SwapFree:         708416 kB
Dirty:                 0 kB
Writeback:             0 kB
AnonPages:       1027640 kB
Mapped:           616476 kB
Shmem:              1132 kB
Slab:              99196 kB
SReclaimable:      32052 kB
SUnreclaim:        67144 kB
KernelStack:       38272 kB
PageTables:        50124 kB
NFS_Unstable:          0 kB
Bounce:                0 kB
WritebackTmp:          0 kB
CommitLimit:     2152132 kB
Committed_AS:   119084224 kB
VmallocTotal:   251658176 kB
VmallocUsed:      137192 kB
VmallocChunk:   251457580 kB
Time pass: 284 sec

---2015-12-16 17:12:00
MemTotal:        2873608 kB
MemFree:           79396 kB
Buffers:           16544 kB
Cached:           950132 kB
SwapCached:           28 kB
Active:          1316184 kB
Inactive:         665112 kB
Active(anon):     819696 kB
Inactive(anon):   209632 kB
Active(file):     496488 kB
Inactive(file):   455480 kB
Unevictable:       13568 kB
Mlocked:               0 kB
SwapTotal:        715328 kB
SwapFree:         708416 kB
Dirty:                32 kB
Writeback:             0 kB
AnonPages:       1028200 kB
Mapped:           616444 kB
Shmem:              1140 kB
Slab:              99212 kB
SReclaimable:      32052 kB
SUnreclaim:        67160 kB
KernelStack:       38320 kB
PageTables:        50096 kB
NFS_Unstable:          0 kB
Bounce:                0 kB
WritebackTmp:          0 kB
CommitLimit:     2152132 kB
Committed_AS:   119084400 kB
VmallocTotal:   251658176 kB
VmallocUsed:      137192 kB
VmallocChunk:   251457580 kB
Time pass: 288 sec

---2015-12-16 17:12:00
MemTotal:        2873608 kB
MemFree:           78120 kB
Buffers:           16560 kB
Cached:           950132 kB
SwapCached:           28 kB
Active:          1317572 kB
Inactive:         665128 kB
Active(anon):     821084 kB
Inactive(anon):   209632 kB
Active(file):     496488 kB
Inactive(file):   455496 kB
Unevictable:       13568 kB
Mlocked:               0 kB
SwapTotal:        715328 kB
SwapFree:         708416 kB
Dirty:               164 kB
Writeback:             0 kB
AnonPages:       1029636 kB
Mapped:           616504 kB
Shmem:              1140 kB
Slab:              99184 kB
SReclaimable:      32052 kB
SUnreclaim:        67132 kB
KernelStack:       38336 kB
PageTables:        50100 kB
NFS_Unstable:          0 kB
Bounce:                0 kB
WritebackTmp:          0 kB
CommitLimit:     2152132 kB
Committed_AS:   119084360 kB
VmallocTotal:   251658176 kB
VmallocUsed:      137192 kB
VmallocChunk:   251457580 kB
Time pass: 292 sec

---2015-12-16 17:12:00
MemTotal:        2873608 kB
MemFree:           83012 kB
Buffers:           16584 kB
Cached:           950188 kB
SwapCached:           28 kB
Active:          1312684 kB
Inactive:         665204 kB
Active(anon):     816192 kB
Inactive(anon):   209680 kB
Active(file):     496492 kB
Inactive(file):   455524 kB
Unevictable:       13568 kB
Mlocked:               0 kB
SwapTotal:        715328 kB
SwapFree:         708416 kB
Dirty:                64 kB
Writeback:             0 kB
AnonPages:       1024836 kB
Mapped:           616612 kB
Shmem:              1188 kB
Slab:              99176 kB
SReclaimable:      32052 kB
SUnreclaim:        67124 kB
KernelStack:       38272 kB
PageTables:        50152 kB
NFS_Unstable:          0 kB
Bounce:                0 kB
WritebackTmp:          0 kB
CommitLimit:     2152132 kB
Committed_AS:   119084264 kB
VmallocTotal:   251658176 kB
VmallocUsed:      137192 kB
VmallocChunk:   251457580 kB
Time pass: 297 sec

---2015-12-16 17:12:00
MemTotal:        2873608 kB
MemFree:           82860 kB
Buffers:           16592 kB
Cached:           950204 kB
SwapCached:           28 kB
Active:          1312248 kB
Inactive:         665224 kB
Active(anon):     815752 kB
Inactive(anon):   209692 kB
Active(file):     496496 kB
Inactive(file):   455532 kB
Unevictable:       13568 kB
Mlocked:               0 kB
SwapTotal:        715328 kB
SwapFree:         708416 kB
Dirty:                48 kB
Writeback:             0 kB
AnonPages:       1024160 kB
Mapped:           616656 kB
Shmem:              1200 kB
Slab:              99176 kB
SReclaimable:      32052 kB
SUnreclaim:        67124 kB
KernelStack:       38256 kB
PageTables:        50156 kB
NFS_Unstable:          0 kB
Bounce:                0 kB
WritebackTmp:          0 kB
CommitLimit:     2152132 kB
Committed_AS:   119084336 kB
VmallocTotal:   251658176 kB
VmallocUsed:      137192 kB
VmallocChunk:   251457580 kB
Time pass: 302 sec

---2015-12-16 17:12:00
MemTotal:        2873608 kB
MemFree:           82484 kB
Buffers:           16592 kB
Cached:           950296 kB
SwapCached:           28 kB
Active:          1312524 kB
Inactive:         665316 kB
Active(anon):     816028 kB
Inactive(anon):   209784 kB
Active(file):     496496 kB
Inactive(file):   455532 kB
Unevictable:       13568 kB
Mlocked:               0 kB
SwapTotal:        715328 kB
SwapFree:         708416 kB
Dirty:                 0 kB
Writeback:             0 kB
AnonPages:       1024680 kB
Mapped:           616780 kB
Shmem:              1292 kB
Slab:              99204 kB
SReclaimable:      32052 kB
SUnreclaim:        67152 kB
KernelStack:       38288 kB
PageTables:        50188 kB
NFS_Unstable:          0 kB
Bounce:                0 kB
WritebackTmp:          0 kB
CommitLimit:     2152132 kB
Committed_AS:   119084304 kB
VmallocTotal:   251658176 kB
VmallocUsed:      137192 kB
VmallocChunk:   251457580 kB
Time pass: 306 sec

---2015-12-16 17:12:00
MemTotal:        2873608 kB
MemFree:           77244 kB
Buffers:           16632 kB
Cached:           950432 kB
SwapCached:           28 kB
Active:          1318840 kB
Inactive:         665484 kB
Active(anon):     822340 kB
Inactive(anon):   209920 kB
Active(file):     496500 kB
Inactive(file):   455564 kB
Unevictable:       13568 kB
Mlocked:               0 kB
SwapTotal:        715328 kB
SwapFree:         708416 kB
Dirty:                60 kB
Writeback:            16 kB
AnonPages:       1030808 kB
Mapped:           616940 kB
Shmem:              1428 kB
Slab:              99180 kB
SReclaimable:      32056 kB
SUnreclaim:        67124 kB
KernelStack:       38368 kB
PageTables:        50192 kB
NFS_Unstable:          0 kB
Bounce:                0 kB
WritebackTmp:          0 kB
CommitLimit:     2152132 kB
Committed_AS:   119084284 kB
VmallocTotal:   251658176 kB
VmallocUsed:      137192 kB
VmallocChunk:   251457580 kB
Time pass: 310 sec

---2015-12-16 17:12:00
MemTotal:        2873608 kB
MemFree:           77708 kB
Buffers:           16648 kB
Cached:           950092 kB
SwapCached:           28 kB
Active:          1317640 kB
Inactive:         665164 kB
Active(anon):     821140 kB
Inactive(anon):   209592 kB
Active(file):     496500 kB
Inactive(file):   455572 kB
Unevictable:       13568 kB
Mlocked:               0 kB
SwapTotal:        715328 kB
SwapFree:         708416 kB
Dirty:                 0 kB
Writeback:             0 kB
AnonPages:       1029476 kB
Mapped:           616640 kB
Shmem:              1100 kB
Slab:              99200 kB
SReclaimable:      32056 kB
SUnreclaim:        67144 kB
KernelStack:       38336 kB
PageTables:        50108 kB
NFS_Unstable:          0 kB
Bounce:                0 kB
WritebackTmp:          0 kB
CommitLimit:     2152132 kB
Committed_AS:   119088432 kB
VmallocTotal:   251658176 kB
VmallocUsed:      137192 kB
VmallocChunk:   251457580 kB
Time pass: 314 sec

---2015-12-16 17:12:00
MemTotal:        2873608 kB
MemFree:           76592 kB
Buffers:           16648 kB
Cached:           950116 kB
SwapCached:           28 kB
Active:          1318360 kB
Inactive:         665188 kB
Active(anon):     821860 kB
Inactive(anon):   209600 kB
Active(file):     496500 kB
Inactive(file):   455588 kB
Unevictable:       13568 kB
Mlocked:               0 kB
SwapTotal:        715328 kB
SwapFree:         708416 kB
Dirty:                 0 kB
Writeback:             0 kB
AnonPages:       1030288 kB
Mapped:           616696 kB
Shmem:              1108 kB
Slab:              99200 kB
SReclaimable:      32056 kB
SUnreclaim:        67144 kB
KernelStack:       38320 kB
PageTables:        50108 kB
NFS_Unstable:          0 kB
Bounce:                0 kB
WritebackTmp:          0 kB
CommitLimit:     2152132 kB
Committed_AS:   119088464 kB
VmallocTotal:   251658176 kB
VmallocUsed:      137192 kB
VmallocChunk:   251457580 kB
Time pass: 318 sec

---2015-12-16 17:12:00
MemTotal:        2873608 kB
MemFree:           76588 kB
Buffers:           16656 kB
Cached:           950128 kB
SwapCached:           28 kB
Active:          1318240 kB
Inactive:         665204 kB
Active(anon):     821740 kB
Inactive(anon):   209608 kB
Active(file):     496500 kB
Inactive(file):   455596 kB
Unevictable:       13568 kB
Mlocked:               0 kB
SwapTotal:        715328 kB
SwapFree:         708416 kB
Dirty:                32 kB
Writeback:             0 kB
AnonPages:       1030288 kB
Mapped:           616740 kB
Shmem:              1120 kB
Slab:              99200 kB
SReclaimable:      32056 kB
SUnreclaim:        67144 kB
KernelStack:       38256 kB
PageTables:        50100 kB
NFS_Unstable:          0 kB
Bounce:                0 kB
WritebackTmp:          0 kB
CommitLimit:     2152132 kB
Committed_AS:   119088440 kB
VmallocTotal:   251658176 kB
VmallocUsed:      137192 kB
VmallocChunk:   251457580 kB
Time pass: 322 sec

---2015-12-16 17:12:00
MemTotal:        2873608 kB
MemFree:           76048 kB
Buffers:           16672 kB
Cached:           950128 kB
SwapCached:           28 kB
Active:          1319700 kB
Inactive:         665224 kB
Active(anon):     823200 kB
Inactive(anon):   209612 kB
Active(file):     496500 kB
Inactive(file):   455612 kB
Unevictable:       13568 kB
Mlocked:               0 kB
SwapTotal:        715328 kB
SwapFree:         708416 kB
Dirty:                44 kB
Writeback:             0 kB
AnonPages:       1031764 kB
Mapped:           616780 kB
Shmem:              1120 kB
Slab:              99184 kB
SReclaimable:      32056 kB
SUnreclaim:        67128 kB
KernelStack:       38272 kB
PageTables:        50104 kB
NFS_Unstable:          0 kB
Bounce:                0 kB
WritebackTmp:          0 kB
CommitLimit:     2152132 kB
Committed_AS:   119088480 kB
VmallocTotal:   251658176 kB
VmallocUsed:      137192 kB
VmallocChunk:   251457580 kB
Time pass: 328 sec

---2015-12-16 17:12:00
MemTotal:        2873608 kB
MemFree:           74572 kB
Buffers:           16680 kB
Cached:           950128 kB
SwapCached:           28 kB
Active:          1320308 kB
Inactive:         665232 kB
Active(anon):     823808 kB
Inactive(anon):   209612 kB
Active(file):     496500 kB
Inactive(file):   455620 kB
Unevictable:       13568 kB
Mlocked:               0 kB
SwapTotal:        715328 kB
SwapFree:         708416 kB
Dirty:                32 kB
Writeback:             0 kB
AnonPages:       1032344 kB
Mapped:           616836 kB
Shmem:              1120 kB
Slab:              99180 kB
SReclaimable:      32056 kB
SUnreclaim:        67124 kB
KernelStack:       38288 kB
PageTables:        50104 kB
NFS_Unstable:          0 kB
Bounce:                0 kB
WritebackTmp:          0 kB
CommitLimit:     2152132 kB
Committed_AS:   119088456 kB
VmallocTotal:   251658176 kB
VmallocUsed:      137192 kB
VmallocChunk:   251457580 kB
Time pass: 333 sec

---2015-12-16 17:12:00
MemTotal:        2873608 kB
MemFree:           74140 kB
Buffers:           16696 kB
Cached:           950216 kB
SwapCached:           28 kB
Active:          1321868 kB
Inactive:         665340 kB
Active(anon):     825372 kB
Inactive(anon):   209612 kB
Active(file):     496496 kB
Inactive(file):   455728 kB
Unevictable:       13568 kB
Mlocked:               0 kB
SwapTotal:        715328 kB
SwapFree:         708416 kB
Dirty:                 0 kB
Writeback:             0 kB
AnonPages:       1033972 kB
Mapped:           616936 kB
Shmem:              1120 kB
Slab:              99180 kB
SReclaimable:      32056 kB
SUnreclaim:        67124 kB
KernelStack:       38256 kB
PageTables:        50112 kB
NFS_Unstable:          0 kB
Bounce:                0 kB
WritebackTmp:          0 kB
CommitLimit:     2152132 kB
Committed_AS:   119088432 kB
VmallocTotal:   251658176 kB
VmallocUsed:      137192 kB
VmallocChunk:   251457580 kB
Time pass: 337 sec

---2015-12-16 17:12:00
MemTotal:        2873608 kB
MemFree:           72384 kB
Buffers:           16696 kB
Cached:           950244 kB
SwapCached:           28 kB
Active:          1322852 kB
Inactive:         665368 kB
Active(anon):     826356 kB
Inactive(anon):   209624 kB
Active(file):     496496 kB
Inactive(file):   455744 kB
Unevictable:       13568 kB
Mlocked:               0 kB
SwapTotal:        715328 kB
SwapFree:         708416 kB
Dirty:                68 kB
Writeback:             0 kB
AnonPages:       1034792 kB
Mapped:           616976 kB
Shmem:              1132 kB
Slab:              99180 kB
SReclaimable:      32056 kB
SUnreclaim:        67124 kB
KernelStack:       38256 kB
PageTables:        50116 kB
NFS_Unstable:          0 kB
Bounce:                0 kB
WritebackTmp:          0 kB
CommitLimit:     2152132 kB
Committed_AS:   119088380 kB
VmallocTotal:   251658176 kB
VmallocUsed:      137192 kB
VmallocChunk:   251457580 kB
Time pass: 341 sec

---2015-12-16 17:12:00
MemTotal:        2873608 kB
MemFree:           71328 kB
Buffers:           16704 kB
Cached:           950268 kB
SwapCached:           28 kB
Active:          1323596 kB
Inactive:         665400 kB
Active(anon):     827100 kB
Inactive(anon):   209648 kB
Active(file):     496496 kB
Inactive(file):   455752 kB
Unevictable:       13568 kB
Mlocked:               0 kB
SwapTotal:        715328 kB
SwapFree:         708416 kB
Dirty:                32 kB
Writeback:             0 kB
AnonPages:       1035736 kB
Mapped:           617028 kB
Shmem:              1156 kB
Slab:              99180 kB
SReclaimable:      32056 kB
SUnreclaim:        67124 kB
KernelStack:       38272 kB
PageTables:        50112 kB
NFS_Unstable:          0 kB
Bounce:                0 kB
WritebackTmp:          0 kB
CommitLimit:     2152132 kB
Committed_AS:   119088400 kB
VmallocTotal:   251658176 kB
VmallocUsed:      137192 kB
VmallocChunk:   251457580 kB
Time pass: 345 sec

---2015-12-16 17:12:00
MemTotal:        2873608 kB
MemFree:           70392 kB
Buffers:           16720 kB
Cached:           950332 kB
SwapCached:           28 kB
Active:          1325296 kB
Inactive:         665480 kB
Active(anon):     828800 kB
Inactive(anon):   209652 kB
Active(file):     496496 kB
Inactive(file):   455828 kB
Unevictable:       13568 kB
Mlocked:               0 kB
SwapTotal:        715328 kB
SwapFree:         708416 kB
Dirty:                84 kB
Writeback:             0 kB
AnonPages:       1037172 kB
Mapped:           617048 kB
Shmem:              1160 kB
Slab:              99180 kB
SReclaimable:      32056 kB
SUnreclaim:        67124 kB
KernelStack:       38256 kB
PageTables:        50120 kB
NFS_Unstable:          0 kB
Bounce:                0 kB
WritebackTmp:          0 kB
CommitLimit:     2152132 kB
Committed_AS:   119088440 kB
VmallocTotal:   251658176 kB
VmallocUsed:      137192 kB
VmallocChunk:   251457580 kB
Time pass: 351 sec

---2015-12-16 17:12:00
MemTotal:        2873608 kB
MemFree:           71172 kB
Buffers:           16728 kB
Cached:           950360 kB
SwapCached:           28 kB
Active:          1324204 kB
Inactive:         665504 kB
Active(anon):     827708 kB
Inactive(anon):   209648 kB
Active(file):     496496 kB
Inactive(file):   455856 kB
Unevictable:       13568 kB
Mlocked:               0 kB
SwapTotal:        715328 kB
SwapFree:         708416 kB
Dirty:                44 kB
Writeback:             0 kB
AnonPages:       1036020 kB
Mapped:           617052 kB
Shmem:              1160 kB
Slab:              99180 kB
SReclaimable:      32056 kB
SUnreclaim:        67124 kB
KernelStack:       38288 kB
PageTables:        50120 kB
NFS_Unstable:          0 kB
Bounce:                0 kB
WritebackTmp:          0 kB
CommitLimit:     2152132 kB
Committed_AS:   119088400 kB
VmallocTotal:   251658176 kB
VmallocUsed:      137192 kB
VmallocChunk:   251457580 kB
Time pass: 356 sec

---2015-12-16 17:12:00
MemTotal:        2873608 kB
MemFree:           70124 kB
Buffers:           16728 kB
Cached:           950368 kB
SwapCached:           28 kB
Active:          1324452 kB
Inactive:         665516 kB
Active(anon):     827956 kB
Inactive(anon):   209652 kB
Active(file):     496496 kB
Inactive(file):   455864 kB
Unevictable:       13568 kB
Mlocked:               0 kB
SwapTotal:        715328 kB
SwapFree:         708416 kB
Dirty:                44 kB
Writeback:             0 kB
AnonPages:       1036412 kB
Mapped:           617064 kB
Shmem:              1164 kB
Slab:              99180 kB
SReclaimable:      32056 kB
SUnreclaim:        67124 kB
KernelStack:       38288 kB
PageTables:        50120 kB
NFS_Unstable:          0 kB
Bounce:                0 kB
WritebackTmp:          0 kB
CommitLimit:     2152132 kB
Committed_AS:   119088448 kB
VmallocTotal:   251658176 kB
VmallocUsed:      137192 kB
VmallocChunk:   251457580 kB
Time pass: 360 sec

---2015-12-16 17:12:00
MemTotal:        2873608 kB
MemFree:           75944 kB
Buffers:           16744 kB
Cached:           950368 kB
SwapCached:           28 kB
Active:          1319268 kB
Inactive:         665536 kB
Active(anon):     822772 kB
Inactive(anon):   209652 kB
Active(file):     496496 kB
Inactive(file):   455884 kB
Unevictable:       13568 kB
Mlocked:               0 kB
SwapTotal:        715328 kB
SwapFree:         708416 kB
Dirty:                40 kB
Writeback:             0 kB
AnonPages:       1031288 kB
Mapped:           617064 kB
Shmem:              1164 kB
Slab:              99184 kB
SReclaimable:      32056 kB
SUnreclaim:        67128 kB
KernelStack:       38256 kB
PageTables:        50116 kB
NFS_Unstable:          0 kB
Bounce:                0 kB
WritebackTmp:          0 kB
CommitLimit:     2152132 kB
Committed_AS:   119088464 kB
VmallocTotal:   251658176 kB
VmallocUsed:      137192 kB
VmallocChunk:   251457580 kB
Time pass: 364 sec

---2015-12-16 17:12:00
MemTotal:        2873608 kB
MemFree:           75672 kB
Buffers:           16752 kB
Cached:           950372 kB
SwapCached:           28 kB
Active:          1318896 kB
Inactive:         665548 kB
Active(anon):     822400 kB
Inactive(anon):   209656 kB
Active(file):     496496 kB
Inactive(file):   455892 kB
Unevictable:       13568 kB
Mlocked:               0 kB
SwapTotal:        715328 kB
SwapFree:         708416 kB
Dirty:                32 kB
Writeback:             0 kB
AnonPages:       1031116 kB
Mapped:           617052 kB
Shmem:              1168 kB
Slab:              99180 kB
SReclaimable:      32056 kB
SUnreclaim:        67124 kB
KernelStack:       38288 kB
PageTables:        50096 kB
NFS_Unstable:          0 kB
Bounce:                0 kB
WritebackTmp:          0 kB
CommitLimit:     2152132 kB
Committed_AS:   119088456 kB
VmallocTotal:   251658176 kB
VmallocUsed:      137192 kB
VmallocChunk:   251457580 kB
Time pass: 368 sec

---2015-12-16 17:12:00
MemTotal:        2873608 kB
MemFree:           75348 kB
Buffers:           16752 kB
Cached:           950376 kB
SwapCached:           28 kB
Active:          1319096 kB
Inactive:         665552 kB
Active(anon):     822600 kB
Inactive(anon):   209660 kB
Active(file):     496496 kB
Inactive(file):   455892 kB
Unevictable:       13568 kB
Mlocked:               0 kB
SwapTotal:        715328 kB
SwapFree:         708416 kB
Dirty:                32 kB
Writeback:             0 kB
AnonPages:       1031356 kB
Mapped:           617032 kB
Shmem:              1172 kB
Slab:              99180 kB
SReclaimable:      32056 kB
SUnreclaim:        67124 kB
KernelStack:       38288 kB
PageTables:        50116 kB
NFS_Unstable:          0 kB
Bounce:                0 kB
WritebackTmp:          0 kB
CommitLimit:     2152132 kB
Committed_AS:   119088448 kB
VmallocTotal:   251658176 kB
VmallocUsed:      137192 kB
VmallocChunk:   251457580 kB
Time pass: 372 sec

---2015-12-16 17:12:00
MemTotal:        2873608 kB
MemFree:           75144 kB
Buffers:           16768 kB
Cached:           950404 kB
SwapCached:           28 kB
Active:          1319700 kB
Inactive:         665596 kB
Active(anon):     823204 kB
Inactive(anon):   209688 kB
Active(file):     496496 kB
Inactive(file):   455908 kB
Unevictable:       13568 kB
Mlocked:               0 kB
SwapTotal:        715328 kB
SwapFree:         708416 kB
Dirty:                44 kB
Writeback:             0 kB
AnonPages:       1031748 kB
Mapped:           617100 kB
Shmem:              1200 kB
Slab:              99216 kB
SReclaimable:      32056 kB
SUnreclaim:        67160 kB
KernelStack:       38288 kB
PageTables:        50120 kB
NFS_Unstable:          0 kB
Bounce:                0 kB
WritebackTmp:          0 kB
CommitLimit:     2152132 kB
Committed_AS:   119088416 kB
VmallocTotal:   251658176 kB
VmallocUsed:      137192 kB
VmallocChunk:   251457580 kB
Time pass: 376 sec

---2015-12-16 17:12:00
MemTotal:        2873608 kB
MemFree:           74696 kB
Buffers:           16776 kB
Cached:           950404 kB
SwapCached:           28 kB
Active:          1319936 kB
Inactive:         665600 kB
Active(anon):     823440 kB
Inactive(anon):   209688 kB
Active(file):     496496 kB
Inactive(file):   455912 kB
Unevictable:       13568 kB
Mlocked:               0 kB
SwapTotal:        715328 kB
SwapFree:         708416 kB
Dirty:                32 kB
Writeback:             0 kB
AnonPages:       1031852 kB
Mapped:           617100 kB
Shmem:              1200 kB
Slab:              99276 kB
SReclaimable:      32056 kB
SUnreclaim:        67220 kB
KernelStack:       38288 kB
PageTables:        50120 kB
NFS_Unstable:          0 kB
Bounce:                0 kB
WritebackTmp:          0 kB
CommitLimit:     2152132 kB
Committed_AS:   119088424 kB
VmallocTotal:   251658176 kB
VmallocUsed:      137192 kB
VmallocChunk:   251457580 kB
Time pass: 380 sec

---2015-12-16 17:12:00
MemTotal:        2873608 kB
MemFree:           74876 kB
Buffers:           16776 kB
Cached:           950408 kB
SwapCached:           28 kB
Active:          1320100 kB
Inactive:         665608 kB
Active(anon):     823604 kB
Inactive(anon):   209688 kB
Active(file):     496496 kB
Inactive(file):   455920 kB
Unevictable:       13568 kB
Mlocked:               0 kB
SwapTotal:        715328 kB
SwapFree:         708416 kB
Dirty:                40 kB
Writeback:             0 kB
AnonPages:       1031988 kB
Mapped:           617100 kB
Shmem:              1200 kB
Slab:              99196 kB
SReclaimable:      32056 kB
SUnreclaim:        67140 kB
KernelStack:       38288 kB
PageTables:        50120 kB
NFS_Unstable:          0 kB
Bounce:                0 kB
WritebackTmp:          0 kB
CommitLimit:     2152132 kB
Committed_AS:   119088440 kB
VmallocTotal:   251658176 kB
VmallocUsed:      137192 kB
VmallocChunk:   251457580 kB
Time pass: 384 sec

---2015-12-16 17:12:00
MemTotal:        2873608 kB
MemFree:           74252 kB
Buffers:           16792 kB
Cached:           950424 kB
SwapCached:           28 kB
Active:          1320580 kB
Inactive:         665640 kB
Active(anon):     824084 kB
Inactive(anon):   209688 kB
Active(file):     496496 kB
Inactive(file):   455952 kB
Unevictable:       13568 kB
Mlocked:               0 kB
SwapTotal:        715328 kB
SwapFree:         708416 kB
Dirty:                52 kB
Writeback:             0 kB
AnonPages:       1032560 kB
Mapped:           617104 kB
Shmem:              1200 kB
Slab:              99196 kB
SReclaimable:      32060 kB
SUnreclaim:        67136 kB
KernelStack:       38256 kB
PageTables:        50116 kB
NFS_Unstable:          0 kB
Bounce:                0 kB
WritebackTmp:          0 kB
CommitLimit:     2152132 kB
Committed_AS:   119088448 kB
VmallocTotal:   251658176 kB
VmallocUsed:      137192 kB
VmallocChunk:   251457580 kB
Time pass: 389 sec

---2015-12-16 17:12:00
MemTotal:        2873608 kB
MemFree:           73612 kB
Buffers:           16800 kB
Cached:           950428 kB
SwapCached:           28 kB
Active:          1320500 kB
Inactive:         665652 kB
Active(anon):     824004 kB
Inactive(anon):   209692 kB
Active(file):     496496 kB
Inactive(file):   455960 kB
Unevictable:       13568 kB
Mlocked:               0 kB
SwapTotal:        715328 kB
SwapFree:         708416 kB
Dirty:                32 kB
Writeback:             0 kB
AnonPages:       1032276 kB
Mapped:           617108 kB
Shmem:              1204 kB
Slab:              99184 kB
SReclaimable:      32060 kB
SUnreclaim:        67124 kB
KernelStack:       38288 kB
PageTables:        50120 kB
NFS_Unstable:          0 kB
Bounce:                0 kB
WritebackTmp:          0 kB
CommitLimit:     2152132 kB
Committed_AS:   119088432 kB
VmallocTotal:   251658176 kB
VmallocUsed:      137192 kB
VmallocChunk:   251457580 kB
Time pass: 393 sec

---2015-12-16 17:12:00
MemTotal:        2873608 kB
MemFree:           74084 kB
Buffers:           16800 kB
Cached:           950428 kB
SwapCached:           28 kB
Active:          1320516 kB
Inactive:         665652 kB
Active(anon):     824020 kB
Inactive(anon):   209692 kB
Active(file):     496496 kB
Inactive(file):   455960 kB
Unevictable:       13568 kB
Mlocked:               0 kB
SwapTotal:        715328 kB
SwapFree:         708416 kB
Dirty:                 0 kB
Writeback:            16 kB
AnonPages:       1032372 kB
Mapped:           617108 kB
Shmem:              1204 kB
Slab:              99184 kB
SReclaimable:      32060 kB
SUnreclaim:        67124 kB
KernelStack:       38288 kB
PageTables:        50120 kB
NFS_Unstable:          0 kB
Bounce:                0 kB
WritebackTmp:          0 kB
CommitLimit:     2152132 kB
Committed_AS:   119088440 kB
VmallocTotal:   251658176 kB
VmallocUsed:      137192 kB
VmallocChunk:   251457580 kB
Time pass: 396 sec

---2015-12-16 17:12:00
MemTotal:        2873608 kB
MemFree:           73896 kB
Buffers:           16816 kB
Cached:           950428 kB
SwapCached:           28 kB
Active:          1320688 kB
Inactive:         665668 kB
Active(anon):     824192 kB
Inactive(anon):   209692 kB
Active(file):     496496 kB
Inactive(file):   455976 kB
Unevictable:       13568 kB
Mlocked:               0 kB
SwapTotal:        715328 kB
SwapFree:         708416 kB
Dirty:                44 kB
Writeback:             0 kB
AnonPages:       1032676 kB
Mapped:           617108 kB
Shmem:              1204 kB
Slab:              99184 kB
SReclaimable:      32060 kB
SUnreclaim:        67124 kB
KernelStack:       38240 kB
PageTables:        50108 kB
NFS_Unstable:          0 kB
Bounce:                0 kB
WritebackTmp:          0 kB
CommitLimit:     2152132 kB
Committed_AS:   119088400 kB
VmallocTotal:   251658176 kB
VmallocUsed:      137192 kB
VmallocChunk:   251457580 kB
Time pass: 400 sec

---2015-12-16 17:12:00
MemTotal:        2873608 kB
MemFree:           73624 kB
Buffers:           16832 kB
Cached:           950432 kB
SwapCached:           28 kB
Active:          1321500 kB
Inactive:         665688 kB
Active(anon):     825004 kB
Inactive(anon):   209696 kB
Active(file):     496496 kB
Inactive(file):   455992 kB
Unevictable:       13568 kB
Mlocked:               0 kB
SwapTotal:        715328 kB
SwapFree:         708416 kB
Dirty:                52 kB
Writeback:             0 kB
AnonPages:       1033588 kB
Mapped:           617064 kB
Shmem:              1208 kB
Slab:              99184 kB
SReclaimable:      32060 kB
SUnreclaim:        67124 kB
KernelStack:       38240 kB
PageTables:        50080 kB
NFS_Unstable:          0 kB
Bounce:                0 kB
WritebackTmp:          0 kB
CommitLimit:     2152132 kB
Committed_AS:   119088448 kB
VmallocTotal:   251658176 kB
VmallocUsed:      137192 kB
VmallocChunk:   251457580 kB
Time pass: 405 sec

---2015-12-16 17:12:00
MemTotal:        2873608 kB
MemFree:           73804 kB
Buffers:           16848 kB
Cached:           950416 kB
SwapCached:           28 kB
Active:          1321256 kB
Inactive:         665680 kB
Active(anon):     824760 kB
Inactive(anon):   209688 kB
Active(file):     496496 kB
Inactive(file):   455992 kB
Unevictable:       13568 kB
Mlocked:               0 kB
SwapTotal:        715328 kB
SwapFree:         708416 kB
Dirty:                 0 kB
Writeback:             0 kB
AnonPages:       1033348 kB
Mapped:           617148 kB
Shmem:              1208 kB
Slab:              99184 kB
SReclaimable:      32060 kB
SUnreclaim:        67124 kB
KernelStack:       38240 kB
PageTables:        50108 kB
NFS_Unstable:          0 kB
Bounce:                0 kB
WritebackTmp:          0 kB
CommitLimit:     2152132 kB
Committed_AS:   119088448 kB
VmallocTotal:   251658176 kB
VmallocUsed:      137192 kB
VmallocChunk:   251457580 kB
Time pass: 409 sec

---2015-12-16 17:12:00
MemTotal:        2873608 kB
MemFree:           72876 kB
Buffers:           16848 kB
Cached:           950460 kB
SwapCached:           28 kB
Active:          1322512 kB
Inactive:         665724 kB
Active(anon):     826016 kB
Inactive(anon):   209716 kB
Active(file):     496496 kB
Inactive(file):   456008 kB
Unevictable:       13568 kB
Mlocked:               0 kB
SwapTotal:        715328 kB
SwapFree:         708416 kB
Dirty:               120 kB
Writeback:             0 kB
AnonPages:       1034596 kB
Mapped:           617260 kB
Shmem:              1236 kB
Slab:              99188 kB
SReclaimable:      32060 kB
SUnreclaim:        67128 kB
KernelStack:       38304 kB
PageTables:        50176 kB
NFS_Unstable:          0 kB
Bounce:                0 kB
WritebackTmp:          0 kB
CommitLimit:     2152132 kB
Committed_AS:   119088488 kB
VmallocTotal:   251658176 kB
VmallocUsed:      137192 kB
VmallocChunk:   251457580 kB
Time pass: 413 sec

---2015-12-16 17:12:00
MemTotal:        2873608 kB
MemFree:           72352 kB
Buffers:           16856 kB
Cached:           950464 kB
SwapCached:           28 kB
Active:          1322476 kB
Inactive:         665736 kB
Active(anon):     825980 kB
Inactive(anon):   209720 kB
Active(file):     496496 kB
Inactive(file):   456016 kB
Unevictable:       13568 kB
Mlocked:               0 kB
SwapTotal:        715328 kB
SwapFree:         708416 kB
Dirty:                44 kB
Writeback:             0 kB
AnonPages:       1034100 kB
Mapped:           617264 kB
Shmem:              1240 kB
Slab:              99184 kB
SReclaimable:      32060 kB
SUnreclaim:        67124 kB
KernelStack:       38272 kB
PageTables:        50144 kB
NFS_Unstable:          0 kB
Bounce:                0 kB
WritebackTmp:          0 kB
CommitLimit:     2152132 kB
Committed_AS:   119088432 kB
VmallocTotal:   251658176 kB
VmallocUsed:      137192 kB
VmallocChunk:   251457580 kB
Time pass: 417 sec

---2015-12-16 17:12:00
MemTotal:        2873608 kB
MemFree:           72052 kB
Buffers:           16872 kB
Cached:           950552 kB
SwapCached:           28 kB
Active:          1322356 kB
Inactive:         665832 kB
Active(anon):     825852 kB
Inactive(anon):   209720 kB
Active(file):     496504 kB
Inactive(file):   456112 kB
Unevictable:       13568 kB
Mlocked:               0 kB
SwapTotal:        715328 kB
SwapFree:         708416 kB
Dirty:                 8 kB
Writeback:             0 kB
AnonPages:       1034408 kB
Mapped:           617176 kB
Shmem:              1240 kB
Slab:              99184 kB
SReclaimable:      32060 kB
SUnreclaim:        67124 kB
KernelStack:       38272 kB
PageTables:        50084 kB
NFS_Unstable:          0 kB
Bounce:                0 kB
WritebackTmp:          0 kB
CommitLimit:     2152132 kB
Committed_AS:   119088448 kB
VmallocTotal:   251658176 kB
VmallocUsed:      137192 kB
VmallocChunk:   251457580 kB
Time pass: 422 sec

---2015-12-16 17:12:00
MemTotal:        2873608 kB
MemFree:           71564 kB
Buffers:           16872 kB
Cached:           950568 kB
SwapCached:           28 kB
Active:          1322780 kB
Inactive:         665844 kB
Active(anon):     826276 kB
Inactive(anon):   209716 kB
Active(file):     496504 kB
Inactive(file):   456128 kB
Unevictable:       13568 kB
Mlocked:               0 kB
SwapTotal:        715328 kB
SwapFree:         708416 kB
Dirty:                 0 kB
Writeback:             0 kB
AnonPages:       1034792 kB
Mapped:           617260 kB
Shmem:              1240 kB
Slab:              99184 kB
SReclaimable:      32060 kB
SUnreclaim:        67124 kB
KernelStack:       38224 kB
PageTables:        50116 kB
NFS_Unstable:          0 kB
Bounce:                0 kB
WritebackTmp:          0 kB
CommitLimit:     2152132 kB
Committed_AS:   119088456 kB
VmallocTotal:   251658176 kB
VmallocUsed:      137192 kB
VmallocChunk:   251457580 kB
Time pass: 426 sec

---2015-12-16 17:12:00
MemTotal:        2873608 kB
MemFree:           72040 kB
Buffers:           16880 kB
