---2015-12-03 21:52:43
MemTotal:        2582696 kB
MemFree:          181752 kB
Buffers:           18116 kB
Cached:          1214324 kB
SwapCached:            0 kB
Active:          1054596 kB
Inactive:         897896 kB
Active(anon):     574556 kB
Inactive(anon):   150600 kB
Active(file):     480040 kB
Inactive(file):   747296 kB
Unevictable:        2968 kB
Mlocked:               0 kB
SwapTotal:        524284 kB
SwapFree:         524284 kB
Dirty:               328 kB
Writeback:             0 kB
AnonPages:        723020 kB
Mapped:           388412 kB
Shmem:              2112 kB
Slab:             100796 kB
SReclaimable:      31312 kB
SUnreclaim:        69484 kB
KernelStack:       36288 kB
PageTables:        38556 kB
NFS_Unstable:          0 kB
Bounce:                0 kB
WritebackTmp:          0 kB
CommitLimit:     1815632 kB
Committed_AS:   111160980 kB
VmallocTotal:   251658176 kB
VmallocUsed:      117356 kB
VmallocChunk:   251442084 kB
Time pass: 3 sec

---2015-12-03 21:52:43
MemTotal:        2582696 kB
MemFree:          181428 kB
Buffers:           18116 kB
Cached:          1214340 kB
SwapCached:            0 kB
Active:          1054664 kB
Inactive:         897928 kB
Active(anon):     574624 kB
Inactive(anon):   150592 kB
Active(file):     480040 kB
Inactive(file):   747336 kB
Unevictable:        2968 kB
Mlocked:               0 kB
SwapTotal:        524284 kB
SwapFree:         524284 kB
Dirty:               328 kB
Writeback:             0 kB
AnonPages:        723156 kB
Mapped:           388428 kB
Shmem:              2112 kB
Slab:             100788 kB
SReclaimable:      31312 kB
SUnreclaim:        69476 kB
KernelStack:       36272 kB
PageTables:        38556 kB
NFS_Unstable:          0 kB
Bounce:                0 kB
WritebackTmp:          0 kB
CommitLimit:     1815632 kB
Committed_AS:   111160916 kB
VmallocTotal:   251658176 kB
VmallocUsed:      117356 kB
VmallocChunk:   251442084 kB
Time pass: 7 sec

---2015-12-03 21:52:43
MemTotal:        2582696 kB
MemFree:          181300 kB
Buffers:           18116 kB
Cached:          1214340 kB
SwapCached:            0 kB
Active:          1054820 kB
Inactive:         897928 kB
Active(anon):     574780 kB
Inactive(anon):   150592 kB
Active(file):     480040 kB
Inactive(file):   747336 kB
Unevictable:        2968 kB
Mlocked:               0 kB
SwapTotal:        524284 kB
SwapFree:         524284 kB
Dirty:               328 kB
Writeback:             0 kB
AnonPages:        723348 kB
Mapped:           388428 kB
Shmem:              2112 kB
Slab:             100752 kB
SReclaimable:      31312 kB
SUnreclaim:        69440 kB
KernelStack:       36208 kB
PageTables:        38556 kB
NFS_Unstable:          0 kB
Bounce:                0 kB
WritebackTmp:          0 kB
CommitLimit:     1815632 kB
Committed_AS:   111160828 kB
VmallocTotal:   251658176 kB
VmallocUsed:      117356 kB
VmallocChunk:   251442084 kB
Time pass: 11 sec

---2015-12-03 21:52:43
MemTotal:        2582696 kB
MemFree:          180816 kB
Buffers:           18116 kB
Cached:          1214344 kB
SwapCached:            0 kB
Active:          1055252 kB
Inactive:         897932 kB
Active(anon):     575212 kB
Inactive(anon):   150592 kB
Active(file):     480040 kB
Inactive(file):   747340 kB
Unevictable:        2968 kB
Mlocked:               0 kB
SwapTotal:        524284 kB
SwapFree:         524284 kB
Dirty:               328 kB
Writeback:             0 kB
AnonPages:        723892 kB
Mapped:           388312 kB
Shmem:              2112 kB
Slab:             100752 kB
SReclaimable:      31312 kB
SUnreclaim:        69440 kB
KernelStack:       36208 kB
PageTables:        38588 kB
NFS_Unstable:          0 kB
Bounce:                0 kB
WritebackTmp:          0 kB
CommitLimit:     1815632 kB
Committed_AS:   111160828 kB
VmallocTotal:   251658176 kB
VmallocUsed:      117356 kB
VmallocChunk:   251442084 kB
Time pass: 15 sec

---2015-12-03 21:52:43
MemTotal:        2582696 kB
MemFree:          177372 kB
Buffers:           18124 kB
Cached:          1214344 kB
SwapCached:            0 kB
Active:          1058552 kB
Inactive:         897932 kB
Active(anon):     578512 kB
Inactive(anon):   150592 kB
Active(file):     480040 kB
Inactive(file):   747340 kB
Unevictable:        2968 kB
Mlocked:               0 kB
SwapTotal:        524284 kB
SwapFree:         524284 kB
Dirty:               348 kB
Writeback:             0 kB
AnonPages:        727132 kB
Mapped:           388444 kB
Shmem:              2112 kB
Slab:             100768 kB
SReclaimable:      31332 kB
SUnreclaim:        69436 kB
KernelStack:       36240 kB
PageTables:        38580 kB
NFS_Unstable:          0 kB
Bounce:                0 kB
WritebackTmp:          0 kB
CommitLimit:     1815632 kB
Committed_AS:   113490424 kB
VmallocTotal:   251658176 kB
VmallocUsed:      117356 kB
VmallocChunk:   251442084 kB
Time pass: 19 sec

---2015-12-03 21:52:43
MemTotal:        2582696 kB
MemFree:          111564 kB
Buffers:           16072 kB
Cached:          1112392 kB
SwapCached:            0 kB
Active:          1127824 kB
Inactive:         771804 kB
Active(anon):     620764 kB
Inactive(anon):   155324 kB
Active(file):     507060 kB
Inactive(file):   616480 kB
Unevictable:        2968 kB
Mlocked:               0 kB
SwapTotal:        524284 kB
SwapFree:         524284 kB
Dirty:              1032 kB
Writeback:             0 kB
AnonPages:        774384 kB
Mapped:           420508 kB
Shmem:              1984 kB
Slab:             101128 kB
SReclaimable:      31256 kB
SUnreclaim:        69872 kB
KernelStack:       37376 kB
PageTables:        39548 kB
NFS_Unstable:          0 kB
Bounce:                0 kB
WritebackTmp:          0 kB
CommitLimit:     1815632 kB
Committed_AS:   112490516 kB
VmallocTotal:   251658176 kB
VmallocUsed:      119004 kB
VmallocChunk:   251442084 kB
Time pass: 22 sec

---2015-12-03 21:52:43
MemTotal:        2582696 kB
MemFree:          121716 kB
Buffers:           16072 kB
Cached:          1110592 kB
SwapCached:            0 kB
Active:          1102448 kB
Inactive:         770664 kB
Active(anon):     595152 kB
Inactive(anon):   156348 kB
Active(file):     507296 kB
Inactive(file):   614316 kB
Unevictable:        2968 kB
Mlocked:               0 kB
SwapTotal:        524284 kB
SwapFree:         524284 kB
Dirty:              1056 kB
Writeback:             0 kB
AnonPages:        749836 kB
Mapped:           424100 kB
Shmem:              1984 kB
Slab:             101164 kB
SReclaimable:      31408 kB
SUnreclaim:        69756 kB
KernelStack:       37440 kB
PageTables:        39676 kB
NFS_Unstable:          0 kB
Bounce:                0 kB
WritebackTmp:          0 kB
CommitLimit:     1815632 kB
Committed_AS:   112490772 kB
VmallocTotal:   251658176 kB
VmallocUsed:      119396 kB
VmallocChunk:   251442084 kB
Time pass: 26 sec

---2015-12-03 21:52:43
MemTotal:        2582696 kB
MemFree:          122160 kB
Buffers:           16072 kB
Cached:          1112024 kB
SwapCached:            0 kB
Active:          1100852 kB
Inactive:         772036 kB
Active(anon):     593420 kB
Inactive(anon):   156348 kB
Active(file):     507432 kB
Inactive(file):   615688 kB
Unevictable:        2968 kB
Mlocked:               0 kB
SwapTotal:        524284 kB
SwapFree:         524284 kB
Dirty:               328 kB
Writeback:             0 kB
AnonPages:        747696 kB
Mapped:           424500 kB
Shmem:              1984 kB
Slab:             101448 kB
SReclaimable:      31568 kB
SUnreclaim:        69880 kB
KernelStack:       37408 kB
PageTables:        39660 kB
NFS_Unstable:          0 kB
Bounce:                0 kB
WritebackTmp:          0 kB
CommitLimit:     1815632 kB
Committed_AS:   112490924 kB
VmallocTotal:   251658176 kB
VmallocUsed:      119396 kB
VmallocChunk:   251442084 kB
Time pass: 30 sec

---2015-12-03 21:52:43
MemTotal:        2582696 kB
MemFree:          121788 kB
Buffers:           16072 kB
Cached:          1112088 kB
SwapCached:            0 kB
Active:          1100928 kB
Inactive:         772112 kB
Active(anon):     593488 kB
Inactive(anon):   156348 kB
Active(file):     507440 kB
Inactive(file):   615764 kB
Unevictable:        2968 kB
Mlocked:               0 kB
SwapTotal:        524284 kB
SwapFree:         524284 kB
Dirty:               340 kB
Writeback:             0 kB
AnonPages:        747792 kB
Mapped:           424568 kB
Shmem:              1984 kB
Slab:             101468 kB
SReclaimable:      31568 kB
SUnreclaim:        69900 kB
KernelStack:       37424 kB
PageTables:        39688 kB
NFS_Unstable:          0 kB
Bounce:                0 kB
WritebackTmp:          0 kB
CommitLimit:     1815632 kB
Committed_AS:   112490932 kB
VmallocTotal:   251658176 kB
VmallocUsed:      119396 kB
VmallocChunk:   251442084 kB
Time pass: 34 sec

---2015-12-03 21:52:43
MemTotal:        2582696 kB
MemFree:          113312 kB
Buffers:           13704 kB
Cached:          1033148 kB
SwapCached:            0 kB
Active:          1101384 kB
Inactive:         699720 kB
Active(anon):     602872 kB
Inactive(anon):   156344 kB
Active(file):     498512 kB
Inactive(file):   543376 kB
Unevictable:        2968 kB
Mlocked:               0 kB
SwapTotal:        524284 kB
SwapFree:         524284 kB
Dirty:               364 kB
Writeback:             0 kB
AnonPages:        757200 kB
Mapped:           428688 kB
Shmem:              1984 kB
Slab:             101376 kB
SReclaimable:      31524 kB
SUnreclaim:        69852 kB
KernelStack:       37536 kB
PageTables:        39988 kB
NFS_Unstable:          0 kB
Bounce:                0 kB
WritebackTmp:          0 kB
CommitLimit:     1815632 kB
Committed_AS:   112491908 kB
VmallocTotal:   251658176 kB
VmallocUsed:      119492 kB
VmallocChunk:   251442084 kB
Time pass: 38 sec

---2015-12-03 21:52:43
MemTotal:        2582696 kB
MemFree:          110960 kB
Buffers:           13704 kB
Cached:          1033232 kB
SwapCached:            0 kB
Active:          1103656 kB
Inactive:         699868 kB
Active(anon):     605204 kB
Inactive(anon):   156340 kB
Active(file):     498452 kB
Inactive(file):   543528 kB
Unevictable:        2968 kB
Mlocked:               0 kB
SwapTotal:        524284 kB
SwapFree:         524284 kB
Dirty:               388 kB
Writeback:             0 kB
AnonPages:        759640 kB
Mapped:           428944 kB
Shmem:              1988 kB
Slab:             101512 kB
SReclaimable:      31604 kB
SUnreclaim:        69908 kB
KernelStack:       37552 kB
PageTables:        40032 kB
NFS_Unstable:          0 kB
Bounce:                0 kB
WritebackTmp:          0 kB
CommitLimit:     1815632 kB
Committed_AS:   112491900 kB
VmallocTotal:   251658176 kB
VmallocUsed:      119492 kB
VmallocChunk:   251442084 kB
Time pass: 42 sec

---2015-12-03 21:52:43
MemTotal:        2582696 kB
MemFree:          111748 kB
Buffers:           13704 kB
Cached:          1031952 kB
SwapCached:            0 kB
Active:          1123212 kB
Inactive:         697904 kB
Active(anon):     624504 kB
Inactive(anon):   156344 kB
Active(file):     498708 kB
Inactive(file):   541560 kB
Unevictable:        2968 kB
Mlocked:               0 kB
SwapTotal:        524284 kB
SwapFree:         524284 kB
Dirty:               608 kB
Writeback:             0 kB
AnonPages:        779164 kB
Mapped:           433092 kB
Shmem:              1988 kB
Slab:             101392 kB
SReclaimable:      31584 kB
SUnreclaim:        69808 kB
KernelStack:       37632 kB
PageTables:        39852 kB
NFS_Unstable:          0 kB
Bounce:                0 kB
WritebackTmp:          0 kB
CommitLimit:     1815632 kB
Committed_AS:   112494292 kB
VmallocTotal:   251658176 kB
VmallocUsed:      119404 kB
VmallocChunk:   251442084 kB
Time pass: 46 sec

---2015-12-03 21:52:43
MemTotal:        2582696 kB
MemFree:          110400 kB
Buffers:           13704 kB
Cached:           994164 kB
SwapCached:            0 kB
Active:          1120704 kB
Inactive:         661740 kB
Active(anon):     621700 kB
Inactive(anon):   157880 kB
Active(file):     499004 kB
Inactive(file):   503860 kB
Unevictable:        2968 kB
Mlocked:               0 kB
SwapTotal:        524284 kB
SwapFree:         524284 kB
Dirty:               512 kB
Writeback:             0 kB
AnonPages:        777484 kB
Mapped:           446084 kB
Shmem:              1988 kB
Slab:             101288 kB
SReclaimable:      31476 kB
SUnreclaim:        69812 kB
KernelStack:       37648 kB
PageTables:        39968 kB
NFS_Unstable:          0 kB
Bounce:                0 kB
WritebackTmp:          0 kB
CommitLimit:     1815632 kB
Committed_AS:   112498388 kB
VmallocTotal:   251658176 kB
VmallocUsed:      119824 kB
VmallocChunk:   251442084 kB
Time pass: 50 sec

---2015-12-03 21:52:43
MemTotal:        2582696 kB
MemFree:          110996 kB
Buffers:           13704 kB
Cached:           994480 kB
SwapCached:            0 kB
Active:          1121016 kB
Inactive:         662044 kB
Active(anon):     622004 kB
Inactive(anon):   157880 kB
Active(file):     499012 kB
Inactive(file):   504164 kB
Unevictable:        2968 kB
Mlocked:               0 kB
SwapTotal:        524284 kB
SwapFree:         524284 kB
Dirty:               516 kB
Writeback:             0 kB
AnonPages:        777876 kB
Mapped:           446548 kB
Shmem:              1988 kB
Slab:             101292 kB
SReclaimable:      31480 kB
SUnreclaim:        69812 kB
KernelStack:       37648 kB
PageTables:        39996 kB
NFS_Unstable:          0 kB
Bounce:                0 kB
WritebackTmp:          0 kB
CommitLimit:     1815632 kB
Committed_AS:   112498484 kB
VmallocTotal:   251658176 kB
VmallocUsed:      119824 kB
VmallocChunk:   251442084 kB
Time pass: 53 sec

---2015-12-03 21:52:43
MemTotal:        2582696 kB
MemFree:          111652 kB
Buffers:           13704 kB
Cached:           976312 kB
SwapCached:            0 kB
Active:          1115784 kB
Inactive:         650504 kB
Active(anon):     623660 kB
Inactive(anon):   158132 kB
Active(file):     492124 kB
Inactive(file):   492372 kB
Unevictable:        3896 kB
Mlocked:               0 kB
SwapTotal:        524284 kB
SwapFree:         523900 kB
Dirty:               676 kB
Writeback:             0 kB
AnonPages:        780084 kB
Mapped:           453304 kB
Shmem:              1604 kB
Slab:             101468 kB
SReclaimable:      31644 kB
SUnreclaim:        69824 kB
KernelStack:       37648 kB
PageTables:        39968 kB
NFS_Unstable:          0 kB
Bounce:                0 kB
WritebackTmp:          0 kB
CommitLimit:     1815632 kB
Committed_AS:   112498596 kB
VmallocTotal:   251658176 kB
VmallocUsed:      119920 kB
VmallocChunk:   251442084 kB
Time pass: 57 sec

---2015-12-03 21:52:43
MemTotal:        2582696 kB
MemFree:          111684 kB
Buffers:           13704 kB
Cached:           976352 kB
SwapCached:            0 kB
Active:          1116344 kB
Inactive:         650244 kB
Active(anon):     623900 kB
Inactive(anon):   158132 kB
Active(file):     492444 kB
Inactive(file):   492112 kB
Unevictable:        3896 kB
Mlocked:               0 kB
SwapTotal:        524284 kB
SwapFree:         523900 kB
Dirty:               540 kB
Writeback:             0 kB
AnonPages:        780428 kB
Mapped:           453560 kB
Shmem:              1604 kB
Slab:             101644 kB
SReclaimable:      31744 kB
SUnreclaim:        69900 kB
KernelStack:       37648 kB
PageTables:        39996 kB
NFS_Unstable:          0 kB
Bounce:                0 kB
WritebackTmp:          0 kB
CommitLimit:     1815632 kB
Committed_AS:   112498572 kB
VmallocTotal:   251658176 kB
VmallocUsed:      119920 kB
VmallocChunk:   251442084 kB
Time pass: 61 sec

---2015-12-03 21:52:43
MemTotal:        2582696 kB
MemFree:           99692 kB
Buffers:           12560 kB
Cached:           955752 kB
SwapCached:            0 kB
Active:          1116340 kB
Inactive:         641432 kB
Active(anon):     634788 kB
Inactive(anon):   159776 kB
Active(file):     481552 kB
Inactive(file):   481656 kB
Unevictable:        3896 kB
Mlocked:               0 kB
SwapTotal:        524284 kB
SwapFree:         523484 kB
Dirty:               664 kB
Writeback:             0 kB
AnonPages:        793220 kB
Mapped:           458512 kB
Shmem:              1300 kB
Slab:             101724 kB
SReclaimable:      31636 kB
SUnreclaim:        70088 kB
KernelStack:       37680 kB
PageTables:        39984 kB
NFS_Unstable:          0 kB
Bounce:                0 kB
WritebackTmp:          0 kB
CommitLimit:     1815632 kB
Committed_AS:   112498684 kB
VmallocTotal:   251658176 kB
VmallocUsed:      128356 kB
VmallocChunk:   251442084 kB
Time pass: 64 sec

---2015-12-03 21:52:43
MemTotal:        2582696 kB
MemFree:          115020 kB
Buffers:           11680 kB
Cached:           946508 kB
SwapCached:            0 kB
Active:          1103768 kB
Inactive:         635768 kB
Active(anon):     626784 kB
Inactive(anon):   159532 kB
Active(file):     476984 kB
Inactive(file):   476236 kB
Unevictable:        3896 kB
Mlocked:               0 kB
SwapTotal:        524284 kB
SwapFree:         523336 kB
Dirty:               692 kB
Writeback:             0 kB
AnonPages:        785252 kB
Mapped:           461248 kB
Shmem:              1040 kB
Slab:             101340 kB
SReclaimable:      31376 kB
SUnreclaim:        69964 kB
KernelStack:       37680 kB
PageTables:        39924 kB
NFS_Unstable:          0 kB
Bounce:                0 kB
WritebackTmp:          0 kB
CommitLimit:     1815632 kB
Committed_AS:   112499188 kB
VmallocTotal:   251658176 kB
VmallocUsed:      120072 kB
VmallocChunk:   251442084 kB
Time pass: 68 sec

---2015-12-03 21:52:43
MemTotal:        2582696 kB
MemFree:          113184 kB
Buffers:           11672 kB
Cached:           914488 kB
SwapCached:            0 kB
Active:          1105436 kB
Inactive:         620132 kB
Active(anon):     642776 kB
Inactive(anon):   160976 kB
Active(file):     462660 kB
Inactive(file):   459156 kB
Unevictable:        3896 kB
Mlocked:               0 kB
SwapTotal:        524284 kB
SwapFree:         522628 kB
Dirty:               976 kB
Writeback:             0 kB
AnonPages:        803220 kB
Mapped:           466472 kB
Shmem:               568 kB
Slab:             101752 kB
SReclaimable:      31472 kB
SUnreclaim:        70280 kB
KernelStack:       38080 kB
PageTables:        40168 kB
NFS_Unstable:          0 kB
Bounce:                0 kB
WritebackTmp:          0 kB
CommitLimit:     1815632 kB
Committed_AS:   112547260 kB
VmallocTotal:   251658176 kB
VmallocUsed:      122604 kB
VmallocChunk:   251442084 kB
Time pass: 72 sec

---2015-12-03 21:52:43
MemTotal:        2582696 kB
MemFree:          111920 kB
Buffers:           11168 kB
Cached:           895220 kB
SwapCached:            0 kB
Active:          1097452 kB
Inactive:         610964 kB
Active(anon):     644744 kB
Inactive(anon):   161676 kB
Active(file):     452708 kB
Inactive(file):   449288 kB
Unevictable:        3896 kB
Mlocked:               0 kB
SwapTotal:        524284 kB
SwapFree:         522360 kB
Dirty:               740 kB
Writeback:             0 kB
AnonPages:        805840 kB
Mapped:           466444 kB
Shmem:               432 kB
Slab:             101828 kB
SReclaimable:      31544 kB
SUnreclaim:        70284 kB
KernelStack:       38048 kB
PageTables:        40220 kB
NFS_Unstable:          0 kB
Bounce:                0 kB
WritebackTmp:          0 kB
CommitLimit:     1815632 kB
Committed_AS:   112551488 kB
VmallocTotal:   251658176 kB
VmallocUsed:      122604 kB
VmallocChunk:   251442084 kB
Time pass: 75 sec

---2015-12-03 21:52:43
MemTotal:        2582696 kB
MemFree:          122404 kB
Buffers:           11176 kB
Cached:           872008 kB
SwapCached:            0 kB
Active:          1087572 kB
Inactive:         600332 kB
Active(anon):     648048 kB
Inactive(anon):   161812 kB
Active(file):     439524 kB
Inactive(file):   438520 kB
Unevictable:        3896 kB
Mlocked:               0 kB
SwapTotal:        524284 kB
SwapFree:         522144 kB
Dirty:               744 kB
Writeback:             0 kB
AnonPages:        809276 kB
Mapped:           467260 kB
Shmem:              1028 kB
Slab:             101744 kB
SReclaimable:      31488 kB
SUnreclaim:        70256 kB
KernelStack:       38064 kB
PageTables:        40340 kB
NFS_Unstable:          0 kB
Bounce:                0 kB
WritebackTmp:          0 kB
CommitLimit:     1815632 kB
Committed_AS:   112559844 kB
VmallocTotal:   251658176 kB
VmallocUsed:      122604 kB
VmallocChunk:   251442084 kB
Time pass: 79 sec

---2015-12-03 21:52:43
MemTotal:        2582696 kB
MemFree:          115340 kB
Buffers:           11176 kB
Cached:           872348 kB
SwapCached:            0 kB
Active:          1093572 kB
Inactive:         601028 kB
Active(anon):     654044 kB
Inactive(anon):   161940 kB
Active(file):     439528 kB
Inactive(file):   439088 kB
Unevictable:        3896 kB
Mlocked:               0 kB
SwapTotal:        524284 kB
SwapFree:         522144 kB
Dirty:              1036 kB
Writeback:             0 kB
AnonPages:        815056 kB
Mapped:           467336 kB
Shmem:              1012 kB
Slab:             101740 kB
SReclaimable:      31504 kB
SUnreclaim:        70236 kB
KernelStack:       38128 kB
PageTables:        40348 kB
NFS_Unstable:          0 kB
Bounce:                0 kB
WritebackTmp:          0 kB
CommitLimit:     1815632 kB
Committed_AS:   112564076 kB
VmallocTotal:   251658176 kB
VmallocUsed:      122604 kB
VmallocChunk:   251442084 kB
Time pass: 83 sec

---2015-12-03 21:52:43
MemTotal:        2582696 kB
MemFree:          113488 kB
Buffers:           11176 kB
Cached:           872400 kB
SwapCached:            0 kB
Active:          1094472 kB
Inactive:         601076 kB
Active(anon):     654944 kB
Inactive(anon):   161988 kB
Active(file):     439528 kB
Inactive(file):   439088 kB
Unevictable:        3896 kB
Mlocked:               0 kB
SwapTotal:        524284 kB
SwapFree:         522144 kB
Dirty:               932 kB
Writeback:             0 kB
AnonPages:        815780 kB
Mapped:           467468 kB
Shmem:              1064 kB
Slab:             101764 kB
SReclaimable:      31504 kB
SUnreclaim:        70260 kB
KernelStack:       38224 kB
PageTables:        40388 kB
NFS_Unstable:          0 kB
Bounce:                0 kB
WritebackTmp:          0 kB
CommitLimit:     1815632 kB
Committed_AS:   112564236 kB
VmallocTotal:   251658176 kB
VmallocUsed:      122604 kB
VmallocChunk:   251442084 kB
Time pass: 87 sec

---2015-12-03 21:52:43
MemTotal:        2582696 kB
MemFree:          111928 kB
Buffers:           11176 kB
Cached:           871876 kB
SwapCached:            0 kB
Active:          1096040 kB
Inactive:         600664 kB
Active(anon):     656624 kB
Inactive(anon):   161564 kB
Active(file):     439416 kB
Inactive(file):   439100 kB
Unevictable:        3896 kB
Mlocked:               0 kB
SwapTotal:        524284 kB
SwapFree:         522144 kB
Dirty:               760 kB
Writeback:             0 kB
AnonPages:        817588 kB
Mapped:           467044 kB
Shmem:               640 kB
Slab:             101908 kB
SReclaimable:      31504 kB
SUnreclaim:        70404 kB
KernelStack:       38192 kB
PageTables:        40376 kB
NFS_Unstable:          0 kB
Bounce:                0 kB
WritebackTmp:          0 kB
CommitLimit:     1815632 kB
Committed_AS:   112564148 kB
VmallocTotal:   251658176 kB
VmallocUsed:      122604 kB
VmallocChunk:   251442084 kB
Time pass: 91 sec

---2015-12-03 21:52:43
MemTotal:        2582696 kB
MemFree:          106956 kB
Buffers:           11176 kB
Cached:           871876 kB
SwapCached:            0 kB
Active:          1100780 kB
Inactive:         600596 kB
Active(anon):     661360 kB
Inactive(anon):   161500 kB
Active(file):     439420 kB
Inactive(file):   439096 kB
Unevictable:        3896 kB
Mlocked:               0 kB
SwapTotal:        524284 kB
SwapFree:         522144 kB
Dirty:               760 kB
Writeback:             0 kB
AnonPages:        822100 kB
Mapped:           467704 kB
Shmem:               640 kB
Slab:             101924 kB
SReclaimable:      31504 kB
SUnreclaim:        70420 kB
KernelStack:       38224 kB
PageTables:        40648 kB
NFS_Unstable:          0 kB
Bounce:                0 kB
WritebackTmp:          0 kB
CommitLimit:     1815632 kB
Committed_AS:   116047756 kB
VmallocTotal:   251658176 kB
VmallocUsed:      123624 kB
VmallocChunk:   251442084 kB
Time pass: 95 sec

---2015-12-03 21:52:43
MemTotal:        2582696 kB
MemFree:          379388 kB
Buffers:           11176 kB
Cached:           876308 kB
SwapCached:            0 kB
Active:          1023484 kB
Inactive:         601188 kB
Active(anon):     580236 kB
Inactive(anon):   161220 kB
Active(file):     443248 kB
Inactive(file):   439968 kB
Unevictable:        3896 kB
Mlocked:               0 kB
SwapTotal:        524284 kB
SwapFree:         522144 kB
Dirty:              1408 kB
Writeback:             0 kB
AnonPages:        741108 kB
Mapped:           378612 kB
Shmem:               372 kB
Slab:             101484 kB
SReclaimable:      31360 kB
SUnreclaim:        70124 kB
KernelStack:       36416 kB
PageTables:        38300 kB
NFS_Unstable:          0 kB
Bounce:                0 kB
WritebackTmp:          0 kB
CommitLimit:     1815632 kB
Committed_AS:   109389700 kB
VmallocTotal:   251658176 kB
VmallocUsed:      118824 kB
VmallocChunk:   251442084 kB
Time pass: 98 sec

---2015-12-03 21:52:43
MemTotal:        2582696 kB
MemFree:          384436 kB
Buffers:           11176 kB
Cached:           876724 kB
SwapCached:            0 kB
Active:          1018252 kB
Inactive:         601592 kB
Active(anon):     574996 kB
Inactive(anon):   161216 kB
Active(file):     443256 kB
Inactive(file):   440376 kB
Unevictable:        3896 kB
Mlocked:               0 kB
SwapTotal:        524284 kB
SwapFree:         522144 kB
Dirty:               544 kB
Writeback:             0 kB
AnonPages:        735920 kB
Mapped:           378348 kB
Shmem:               372 kB
Slab:             101504 kB
SReclaimable:      31360 kB
SUnreclaim:        70144 kB
KernelStack:       36384 kB
PageTables:        38272 kB
NFS_Unstable:          0 kB
Bounce:                0 kB
WritebackTmp:          0 kB
CommitLimit:     1815632 kB
Committed_AS:   109389740 kB
VmallocTotal:   251658176 kB
VmallocUsed:      118824 kB
VmallocChunk:   251442084 kB
Time pass: 102 sec

---2015-12-03 21:52:43
MemTotal:        2582696 kB
MemFree:          388592 kB
Buffers:           11176 kB
Cached:           876724 kB
SwapCached:            0 kB
Active:          1014776 kB
Inactive:         601588 kB
Active(anon):     571516 kB
Inactive(anon):   161216 kB
Active(file):     443260 kB
Inactive(file):   440372 kB
Unevictable:        3896 kB
Mlocked:               0 kB
SwapTotal:        524284 kB
SwapFree:         522144 kB
Dirty:               124 kB
Writeback:             0 kB
AnonPages:        732432 kB
Mapped:           378232 kB
Shmem:               372 kB
Slab:             101504 kB
SReclaimable:      31360 kB
SUnreclaim:        70144 kB
KernelStack:       36400 kB
PageTables:        38300 kB
NFS_Unstable:          0 kB
Bounce:                0 kB
WritebackTmp:          0 kB
CommitLimit:     1815632 kB
Committed_AS:   109389700 kB
VmallocTotal:   251658176 kB
VmallocUsed:      118824 kB
VmallocChunk:   251442084 kB
Time pass: 106 sec

---2015-12-03 21:52:43
MemTotal:        2582696 kB
MemFree:          166188 kB
Buffers:           11176 kB
Cached:           878708 kB
SwapCached:            0 kB
Active:          1078156 kB
Inactive:         599152 kB
Active(anon):     630244 kB
Inactive(anon):   161092 kB
Active(file):     447912 kB
Inactive(file):   438060 kB
Unevictable:        3896 kB
Mlocked:               0 kB
SwapTotal:        524284 kB
SwapFree:         522144 kB
Dirty:              1592 kB
Writeback:             0 kB
AnonPages:        791092 kB
Mapped:           431400 kB
Shmem:               244 kB
Slab:             101500 kB
SReclaimable:      31360 kB
SUnreclaim:        70140 kB
KernelStack:       37440 kB
PageTables:        39200 kB
NFS_Unstable:          0 kB
Bounce:                0 kB
WritebackTmp:          0 kB
CommitLimit:     1815632 kB
Committed_AS:   110729708 kB
VmallocTotal:   251658176 kB
VmallocUsed:      117932 kB
VmallocChunk:   251442084 kB
Time pass: 110 sec

---2015-12-03 21:52:43
MemTotal:        2582696 kB
MemFree:          121204 kB
Buffers:           11176 kB
Cached:           880736 kB
SwapCached:            0 kB
Active:          1083924 kB
Inactive:         596860 kB
Active(anon):     631924 kB
Inactive(anon):   161092 kB
Active(file):     452000 kB
Inactive(file):   435768 kB
Unevictable:        3896 kB
Mlocked:               0 kB
SwapTotal:        524284 kB
SwapFree:         522140 kB
Dirty:              4476 kB
Writeback:             0 kB
AnonPages:        792864 kB
Mapped:           483860 kB
Shmem:               248 kB
Slab:             101496 kB
SReclaimable:      31392 kB
SUnreclaim:        70104 kB
KernelStack:       37664 kB
PageTables:        39508 kB
NFS_Unstable:          0 kB
Bounce:                0 kB
WritebackTmp:          0 kB
CommitLimit:     1815632 kB
Committed_AS:   110730860 kB
VmallocTotal:   251658176 kB
VmallocUsed:      118664 kB
VmallocChunk:   251442084 kB
Time pass: 114 sec

---2015-12-03 21:52:43
MemTotal:        2582696 kB
MemFree:          137724 kB
Buffers:           12712 kB
Cached:           880812 kB
SwapCached:            0 kB
Active:          1062724 kB
Inactive:         598392 kB
Active(anon):     610656 kB
Inactive(anon):   161092 kB
Active(file):     452068 kB
Inactive(file):   437300 kB
Unevictable:        3896 kB
Mlocked:               0 kB
SwapTotal:        524284 kB
SwapFree:         522140 kB
Dirty:              2396 kB
Writeback:             0 kB
AnonPages:        771572 kB
Mapped:           484564 kB
Shmem:               244 kB
Slab:             101716 kB
SReclaimable:      31404 kB
SUnreclaim:        70312 kB
KernelStack:       37696 kB
PageTables:        39532 kB
NFS_Unstable:          0 kB
Bounce:                0 kB
WritebackTmp:          0 kB
CommitLimit:     1815632 kB
Committed_AS:   110731164 kB
VmallocTotal:   251658176 kB
VmallocUsed:      118664 kB
VmallocChunk:   251442084 kB
Time pass: 117 sec

---2015-12-03 21:52:43
MemTotal:        2582696 kB
MemFree:          130892 kB
Buffers:           12712 kB
Cached:           880896 kB
SwapCached:            0 kB
Active:          1064964 kB
Inactive:         598316 kB
Active(anon):     612728 kB
Inactive(anon):   161088 kB
Active(file):     452236 kB
Inactive(file):   437228 kB
Unevictable:        3896 kB
Mlocked:               0 kB
SwapTotal:        524284 kB
SwapFree:         522136 kB
Dirty:               872 kB
Writeback:             0 kB
AnonPages:        773628 kB
Mapped:           493724 kB
Shmem:               248 kB
Slab:             101608 kB
SReclaimable:      31408 kB
SUnreclaim:        70200 kB
KernelStack:       37664 kB
PageTables:        39548 kB
NFS_Unstable:          0 kB
Bounce:                0 kB
WritebackTmp:          0 kB
CommitLimit:     1815632 kB
Committed_AS:   110731204 kB
VmallocTotal:   251658176 kB
VmallocUsed:      118760 kB
VmallocChunk:   251442084 kB
Time pass: 121 sec

---2015-12-03 21:52:43
MemTotal:        2582696 kB
MemFree:          130056 kB
Buffers:           12712 kB
Cached:           880900 kB
SwapCached:            0 kB
Active:          1065064 kB
Inactive:         598316 kB
Active(anon):     612824 kB
Inactive(anon):   161088 kB
Active(file):     452240 kB
Inactive(file):   437228 kB
Unevictable:        3896 kB
Mlocked:               0 kB
SwapTotal:        524284 kB
SwapFree:         522136 kB
Dirty:               508 kB
Writeback:             0 kB
AnonPages:        773712 kB
Mapped:           493732 kB
Shmem:               248 kB
Slab:             101600 kB
SReclaimable:      31408 kB
SUnreclaim:        70192 kB
KernelStack:       37664 kB
PageTables:        39552 kB
NFS_Unstable:          0 kB
Bounce:                0 kB
WritebackTmp:          0 kB
CommitLimit:     1815632 kB
Committed_AS:   110731196 kB
VmallocTotal:   251658176 kB
VmallocUsed:      118760 kB
VmallocChunk:   251442084 kB
Time pass: 125 sec

---2015-12-03 21:52:43
MemTotal:        2582696 kB
MemFree:          131332 kB
Buffers:           12712 kB
Cached:           877812 kB
SwapCached:            0 kB
Active:          1057980 kB
Inactive:         598340 kB
Active(anon):     609080 kB
Inactive(anon):   160860 kB
Active(file):     448900 kB
Inactive(file):   437480 kB
Unevictable:        3896 kB
Mlocked:               0 kB
SwapTotal:        524284 kB
SwapFree:         521972 kB
Dirty:              1180 kB
Writeback:             0 kB
AnonPages:        769856 kB
Mapped:           495456 kB
Shmem:               248 kB
Slab:             101820 kB
SReclaimable:      31440 kB
SUnreclaim:        70380 kB
KernelStack:       37664 kB
PageTables:        39520 kB
NFS_Unstable:          0 kB
Bounce:                0 kB
WritebackTmp:          0 kB
CommitLimit:     1815632 kB
Committed_AS:   110731872 kB
VmallocTotal:   251658176 kB
VmallocUsed:      118928 kB
VmallocChunk:   251442084 kB
Time pass: 129 sec

---2015-12-03 21:52:43
MemTotal:        2582696 kB
MemFree:          130944 kB
Buffers:           12712 kB
Cached:           877956 kB
SwapCached:            0 kB
Active:          1058336 kB
Inactive:         598464 kB
Active(anon):     609416 kB
Inactive(anon):   160860 kB
Active(file):     448920 kB
Inactive(file):   437604 kB
Unevictable:        3896 kB
Mlocked:               0 kB
SwapTotal:        524284 kB
SwapFree:         521972 kB
Dirty:               660 kB
Writeback:             0 kB
AnonPages:        769964 kB
Mapped:           495552 kB
Shmem:               248 kB
Slab:             101820 kB
SReclaimable:      31440 kB
SUnreclaim:        70380 kB
KernelStack:       37680 kB
PageTables:        39532 kB
NFS_Unstable:          0 kB
Bounce:                0 kB
WritebackTmp:          0 kB
CommitLimit:     1815632 kB
Committed_AS:   110731916 kB
VmallocTotal:   251658176 kB
VmallocUsed:      118928 kB
VmallocChunk:   251442084 kB
Time pass: 132 sec

---2015-12-03 21:52:43
MemTotal:        2582696 kB
MemFree:          130216 kB
Buffers:           12712 kB
Cached:           877960 kB
SwapCached:            0 kB
Active:          1058188 kB
Inactive:         598464 kB
Active(anon):     609268 kB
Inactive(anon):   160860 kB
Active(file):     448920 kB
Inactive(file):   437604 kB
Unevictable:        3896 kB
Mlocked:               0 kB
SwapTotal:        524284 kB
SwapFree:         521972 kB
Dirty:               668 kB
Writeback:             0 kB
AnonPages:        769960 kB
Mapped:           495512 kB
Shmem:               248 kB
Slab:             101788 kB
SReclaimable:      31524 kB
SUnreclaim:        70264 kB
KernelStack:       37680 kB
PageTables:        39528 kB
NFS_Unstable:          0 kB
Bounce:                0 kB
WritebackTmp:          0 kB
CommitLimit:     1815632 kB
Committed_AS:   110731956 kB
VmallocTotal:   251658176 kB
VmallocUsed:      118928 kB
VmallocChunk:   251442084 kB
Time pass: 136 sec

---2015-12-03 21:52:43
MemTotal:        2582696 kB
MemFree:          114968 kB
Buffers:           12712 kB
Cached:           878136 kB
SwapCached:           16 kB
Active:          1074456 kB
Inactive:         597668 kB
Active(anon):     624548 kB
Inactive(anon):   161036 kB
Active(file):     449908 kB
Inactive(file):   436632 kB
Unevictable:        3896 kB
Mlocked:               0 kB
SwapTotal:        524284 kB
SwapFree:         521972 kB
Dirty:               664 kB
Writeback:            16 kB
AnonPages:        785520 kB
Mapped:           498724 kB
Shmem:               412 kB
Slab:             101816 kB
SReclaimable:      31548 kB
SUnreclaim:        70268 kB
KernelStack:       38112 kB
PageTables:        39764 kB
NFS_Unstable:          0 kB
Bounce:                0 kB
WritebackTmp:          0 kB
CommitLimit:     1815632 kB
Committed_AS:   110767724 kB
VmallocTotal:   251658176 kB
VmallocUsed:      121460 kB
VmallocChunk:   251442084 kB
Time pass: 140 sec

---2015-12-03 21:52:43
MemTotal:        2582696 kB
MemFree:          110156 kB
Buffers:            9252 kB
Cached:           856612 kB
SwapCached:           16 kB
Active:          1091120 kB
Inactive:         596576 kB
Active(anon):     660916 kB
Inactive(anon):   165736 kB
Active(file):     430204 kB
Inactive(file):   430840 kB
Unevictable:        3896 kB
Mlocked:               0 kB
SwapTotal:        524284 kB
SwapFree:         520824 kB
Dirty:               824 kB
Writeback:             0 kB
AnonPages:        826224 kB
Mapped:           512208 kB
Shmem:               628 kB
Slab:             102176 kB
SReclaimable:      31268 kB
SUnreclaim:        70908 kB
KernelStack:       39328 kB
PageTables:        40800 kB
NFS_Unstable:          0 kB
Bounce:                0 kB
WritebackTmp:          0 kB
CommitLimit:     1815632 kB
Committed_AS:   113266716 kB
VmallocTotal:   251658176 kB
VmallocUsed:      123500 kB
VmallocChunk:   251442084 kB
Time pass: 144 sec

---2015-12-03 21:52:43
MemTotal:        2582696 kB
MemFree:          106796 kB
Buffers:            7352 kB
Cached:           848744 kB
SwapCached:           16 kB
Active:          1105456 kB
Inactive:         593416 kB
Active(anon):     678252 kB
Inactive(anon):   169292 kB
Active(file):     427204 kB
Inactive(file):   424124 kB
Unevictable:        3896 kB
Mlocked:               0 kB
SwapTotal:        524284 kB
SwapFree:         520528 kB
Dirty:               796 kB
Writeback:             0 kB
AnonPages:        846560 kB
Mapped:           520240 kB
Shmem:               704 kB
Slab:             102748 kB
SReclaimable:      31500 kB
SUnreclaim:        71248 kB
KernelStack:       40864 kB
PageTables:        41536 kB
NFS_Unstable:          0 kB
Bounce:                0 kB
WritebackTmp:          0 kB
CommitLimit:     1815632 kB
Committed_AS:   115090792 kB
VmallocTotal:   251658176 kB
VmallocUsed:      124520 kB
VmallocChunk:   251442084 kB
Time pass: 148 sec

---2015-12-03 21:52:43
MemTotal:        2582696 kB
MemFree:          115564 kB
Buffers:            7352 kB
Cached:           847288 kB
SwapCached:           16 kB
Active:          1094460 kB
Inactive:         593132 kB
Active(anon):     667744 kB
Inactive(anon):   169900 kB
Active(file):     426716 kB
Inactive(file):   423232 kB
Unevictable:        3896 kB
Mlocked:               0 kB
SwapTotal:        524284 kB
SwapFree:         520420 kB
Dirty:               896 kB
Writeback:             0 kB
AnonPages:        837136 kB
Mapped:           520580 kB
Shmem:               656 kB
Slab:             102908 kB
SReclaimable:      31528 kB
SUnreclaim:        71380 kB
KernelStack:       40912 kB
PageTables:        41628 kB
NFS_Unstable:          0 kB
Bounce:                0 kB
WritebackTmp:          0 kB
CommitLimit:     1815632 kB
Committed_AS:   115050616 kB
VmallocTotal:   251658176 kB
VmallocUsed:      124520 kB
VmallocChunk:   251442084 kB
Time pass: 152 sec

---2015-12-03 21:52:43
MemTotal:        2582696 kB
MemFree:          113920 kB
Buffers:            7352 kB
Cached:           847852 kB
SwapCached:           16 kB
Active:          1095608 kB
Inactive:         593808 kB
Active(anon):     668864 kB
Inactive(anon):   169920 kB
Active(file):     426744 kB
Inactive(file):   423888 kB
Unevictable:        3896 kB
Mlocked:               0 kB
SwapTotal:        524284 kB
SwapFree:         520420 kB
Dirty:               896 kB
Writeback:             0 kB
AnonPages:        838140 kB
Mapped:           520728 kB
Shmem:               676 kB
Slab:             103128 kB
SReclaimable:      31532 kB
SUnreclaim:        71596 kB
KernelStack:       40944 kB
PageTables:        41628 kB
NFS_Unstable:          0 kB
Bounce:                0 kB
WritebackTmp:          0 kB
CommitLimit:     1815632 kB
Committed_AS:   115050592 kB
VmallocTotal:   251658176 kB
VmallocUsed:      124520 kB
VmallocChunk:   251442084 kB
Time pass: 155 sec

---2015-12-03 21:52:43
MemTotal:        2582696 kB
MemFree:          118428 kB
Buffers:            7352 kB
Cached:           843820 kB
SwapCached:           16 kB
Active:          1095572 kB
Inactive:         591680 kB
Active(anon):     670636 kB
Inactive(anon):   170036 kB
Active(file):     424936 kB
Inactive(file):   421644 kB
Unevictable:        3896 kB
Mlocked:               0 kB
SwapTotal:        524284 kB
SwapFree:         520220 kB
Dirty:               956 kB
Writeback:             0 kB
AnonPages:        839896 kB
Mapped:           518116 kB
Shmem:               676 kB
Slab:             103296 kB
SReclaimable:      31716 kB
SUnreclaim:        71580 kB
KernelStack:       40224 kB
PageTables:        41320 kB
NFS_Unstable:          0 kB
Bounce:                0 kB
WritebackTmp:          0 kB
CommitLimit:     1815632 kB
Committed_AS:   113802780 kB
VmallocTotal:   251658176 kB
VmallocUsed:      123500 kB
VmallocChunk:   251442084 kB
Time pass: 159 sec

---2015-12-03 21:52:43
MemTotal:        2582696 kB
MemFree:          108432 kB
Buffers:            7352 kB
Cached:           837672 kB
SwapCached:           16 kB
Active:          1121828 kB
Inactive:         575956 kB
Active(anon):     685248 kB
Inactive(anon):   172200 kB
Active(file):     436580 kB
Inactive(file):   403756 kB
Unevictable:        3916 kB
Mlocked:               0 kB
SwapTotal:        524284 kB
SwapFree:         519864 kB
Dirty:              1016 kB
Writeback:             0 kB
AnonPages:        856684 kB
Mapped:           521160 kB
Shmem:               700 kB
Slab:             103440 kB
SReclaimable:      31836 kB
SUnreclaim:        71604 kB
KernelStack:       41536 kB
PageTables:        41780 kB
NFS_Unstable:          0 kB
Bounce:                0 kB
WritebackTmp:          0 kB
CommitLimit:     1815632 kB
Committed_AS:   115080152 kB
VmallocTotal:   251658176 kB
VmallocUsed:      124552 kB
VmallocChunk:   251442084 kB
Time pass: 163 sec

---2015-12-03 21:52:43
MemTotal:        2582696 kB
MemFree:          118184 kB
Buffers:            7352 kB
Cached:           835220 kB
SwapCached:           16 kB
Active:          1113052 kB
Inactive:         573692 kB
Active(anon):     676872 kB
Inactive(anon):   171944 kB
Active(file):     436180 kB
Inactive(file):   401748 kB
Unevictable:        3916 kB
Mlocked:               0 kB
SwapTotal:        524284 kB
SwapFree:         519628 kB
Dirty:               980 kB
Writeback:             0 kB
AnonPages:        848004 kB
Mapped:           520976 kB
Shmem:               696 kB
Slab:             103744 kB
SReclaimable:      31848 kB
SUnreclaim:        71896 kB
KernelStack:       41024 kB
PageTables:        41732 kB
NFS_Unstable:          0 kB
Bounce:                0 kB
WritebackTmp:          0 kB
CommitLimit:     1815632 kB
Committed_AS:   115067048 kB
VmallocTotal:   251658176 kB
VmallocUsed:      124520 kB
VmallocChunk:   251442084 kB
Time pass: 167 sec

---2015-12-03 21:52:43
MemTotal:        2582696 kB
MemFree:          118208 kB
Buffers:            7352 kB
Cached:           835172 kB
SwapCached:           16 kB
Active:          1113788 kB
Inactive:         573656 kB
Active(anon):     677608 kB
Inactive(anon):   171928 kB
Active(file):     436180 kB
Inactive(file):   401728 kB
Unevictable:        3920 kB
Mlocked:               0 kB
SwapTotal:        524284 kB
SwapFree:         519628 kB
Dirty:              1012 kB
Writeback:             0 kB
AnonPages:        848852 kB
Mapped:           520764 kB
Shmem:               696 kB
Slab:             103736 kB
SReclaimable:      31848 kB
SUnreclaim:        71888 kB
KernelStack:       41024 kB
PageTables:        41740 kB
NFS_Unstable:          0 kB
Bounce:                0 kB
WritebackTmp:          0 kB
CommitLimit:     1815632 kB
Committed_AS:   115067104 kB
VmallocTotal:   251658176 kB
VmallocUsed:      124520 kB
VmallocChunk:   251442084 kB
Time pass: 171 sec

---2015-12-03 21:52:43
MemTotal:        2582696 kB
MemFree:          118108 kB
Buffers:            7352 kB
Cached:           835172 kB
SwapCached:           16 kB
Active:          1114000 kB
Inactive:         573656 kB
Active(anon):     677820 kB
Inactive(anon):   171928 kB
Active(file):     436180 kB
Inactive(file):   401728 kB
Unevictable:        3920 kB
Mlocked:               0 kB
SwapTotal:        524284 kB
SwapFree:         519628 kB
Dirty:              1012 kB
Writeback:             0 kB
AnonPages:        849136 kB
Mapped:           520900 kB
Shmem:               696 kB
Slab:             103728 kB
SReclaimable:      31848 kB
SUnreclaim:        71880 kB
KernelStack:       41024 kB
PageTables:        41704 kB
NFS_Unstable:          0 kB
Bounce:                0 kB
WritebackTmp:          0 kB
CommitLimit:     1815632 kB
Committed_AS:   115067112 kB
VmallocTotal:   251658176 kB
VmallocUsed:      124520 kB
VmallocChunk:   251442084 kB
Time pass: 174 sec

---2015-12-03 21:52:43
MemTotal:        2582696 kB
MemFree:          125712 kB
Buffers:            7352 kB
Cached:           835172 kB
SwapCached:           16 kB
Active:          1113888 kB
Inactive:         566904 kB
Active(anon):     670956 kB
Inactive(anon):   171928 kB
Active(file):     442932 kB
Inactive(file):   394976 kB
Unevictable:        3920 kB
Mlocked:               0 kB
SwapTotal:        524284 kB
SwapFree:         519628 kB
Dirty:              1000 kB
Writeback:             0 kB
AnonPages:        842156 kB
Mapped:           514268 kB
Shmem:               696 kB
Slab:             103676 kB
SReclaimable:      31848 kB
SUnreclaim:        71828 kB
KernelStack:       40176 kB
PageTables:        41236 kB
NFS_Unstable:          0 kB
Bounce:                0 kB
WritebackTmp:          0 kB
CommitLimit:     1815632 kB
Committed_AS:   113815088 kB
VmallocTotal:   251658176 kB
VmallocUsed:      123500 kB
VmallocChunk:   251442084 kB
Time pass: 178 sec

---2015-12-03 21:52:43
MemTotal:        2582696 kB
MemFree:          113336 kB
Buffers:            7352 kB
Cached:           835212 kB
SwapCached:           16 kB
Active:          1124856 kB
Inactive:         566948 kB
Active(anon):     681928 kB
Inactive(anon):   171936 kB
Active(file):     442928 kB
Inactive(file):   395012 kB
Unevictable:        3920 kB
Mlocked:               0 kB
SwapTotal:        524284 kB
SwapFree:         519628 kB
Dirty:              1040 kB
Writeback:             0 kB
AnonPages:        853100 kB
Mapped:           520916 kB
Shmem:               704 kB
Slab:             103832 kB
SReclaimable:      31684 kB
SUnreclaim:        72148 kB
KernelStack:       41152 kB
PageTables:        41752 kB
NFS_Unstable:          0 kB
Bounce:                0 kB
WritebackTmp:          0 kB
CommitLimit:     1815632 kB
Committed_AS:   115071024 kB
VmallocTotal:   251658176 kB
VmallocUsed:      124560 kB
VmallocChunk:   251442084 kB
Time pass: 182 sec

---2015-12-03 21:52:43
MemTotal:        2582696 kB
MemFree:          111872 kB
Buffers:            7352 kB
Cached:           835216 kB
SwapCached:           16 kB
Active:          1126628 kB
Inactive:         566936 kB
Active(anon):     683688 kB
Inactive(anon):   171936 kB
Active(file):     442940 kB
Inactive(file):   395000 kB
Unevictable:        3920 kB
Mlocked:               0 kB
SwapTotal:        524284 kB
SwapFree:         519628 kB
Dirty:              1012 kB
Writeback:             0 kB
AnonPages:        854900 kB
Mapped:           520928 kB
Shmem:               708 kB
Slab:             103904 kB
SReclaimable:      31688 kB
SUnreclaim:        72216 kB
KernelStack:       41072 kB
PageTables:        41732 kB
NFS_Unstable:          0 kB
Bounce:                0 kB
WritebackTmp:          0 kB
CommitLimit:     1815632 kB
Committed_AS:   115071040 kB
VmallocTotal:   251658176 kB
VmallocUsed:      124560 kB
VmallocChunk:   251442084 kB
Time pass: 187 sec

---2015-12-03 21:52:43
MemTotal:        2582696 kB
MemFree:          111396 kB
Buffers:            7352 kB
Cached:           835212 kB
SwapCached:           16 kB
Active:          1126972 kB
Inactive:         566936 kB
Active(anon):     684032 kB
Inactive(anon):   171936 kB
Active(file):     442940 kB
Inactive(file):   395000 kB
Unevictable:        3920 kB
Mlocked:               0 kB
SwapTotal:        524284 kB
SwapFree:         519628 kB
Dirty:              1008 kB
Writeback:             0 kB
AnonPages:        855304 kB
Mapped:           521024 kB
Shmem:               704 kB
Slab:             103936 kB
SReclaimable:      31704 kB
SUnreclaim:        72232 kB
KernelStack:       41056 kB
PageTables:        41756 kB
NFS_Unstable:          0 kB
Bounce:                0 kB
WritebackTmp:          0 kB
CommitLimit:     1815632 kB
Committed_AS:   115070976 kB
VmallocTotal:   251658176 kB
VmallocUsed:      124560 kB
VmallocChunk:   251442084 kB
Time pass: 190 sec

---2015-12-03 21:52:43
MemTotal:        2582696 kB
MemFree:          111000 kB
Buffers:            7352 kB
Cached:           835212 kB
SwapCached:           16 kB
Active:          1127952 kB
Inactive:         566936 kB
Active(anon):     685012 kB
Inactive(anon):   171936 kB
Active(file):     442940 kB
Inactive(file):   395000 kB
Unevictable:        3920 kB
Mlocked:               0 kB
SwapTotal:        524284 kB
SwapFree:         519628 kB
Dirty:              1008 kB
Writeback:             0 kB
AnonPages:        856356 kB
Mapped:           521032 kB
Shmem:               704 kB
Slab:             103940 kB
SReclaimable:      31704 kB
SUnreclaim:        72236 kB
KernelStack:       41088 kB
PageTables:        41756 kB
NFS_Unstable:          0 kB
Bounce:                0 kB
WritebackTmp:          0 kB
CommitLimit:     1815632 kB
Committed_AS:   115070984 kB
VmallocTotal:   251658176 kB
VmallocUsed:      124560 kB
VmallocChunk:   251442084 kB
Time pass: 194 sec

---2015-12-03 21:52:43
MemTotal:        2582696 kB
MemFree:          121524 kB
Buffers:            7352 kB
Cached:           837164 kB
SwapCached:           16 kB
Active:          1116852 kB
Inactive:         568588 kB
Active(anon):     673900 kB
Inactive(anon):   171936 kB
Active(file):     442952 kB
Inactive(file):   396652 kB
Unevictable:        3920 kB
Mlocked:               0 kB
SwapTotal:        524284 kB
SwapFree:         519628 kB
Dirty:              1016 kB
Writeback:             0 kB
AnonPages:        845188 kB
Mapped:           512200 kB
Shmem:               704 kB
Slab:             103808 kB
SReclaimable:      31704 kB
SUnreclaim:        72104 kB
KernelStack:       40256 kB
PageTables:        41080 kB
NFS_Unstable:          0 kB
Bounce:                0 kB
WritebackTmp:          0 kB
CommitLimit:     1815632 kB
Committed_AS:   113816736 kB
VmallocTotal:   251658176 kB
VmallocUsed:      123500 kB
VmallocChunk:   251442084 kB
Time pass: 198 sec

---2015-12-03 21:52:43
MemTotal:        2582696 kB
MemFree:          111104 kB
Buffers:            7360 kB
Cached:           838316 kB
SwapCached:           16 kB
Active:          1124736 kB
Inactive:         569812 kB
Active(anon):     681568 kB
Inactive(anon):   171988 kB
Active(file):     443168 kB
Inactive(file):   397824 kB
Unevictable:        3920 kB
Mlocked:               0 kB
SwapTotal:        524284 kB
SwapFree:         519628 kB
Dirty:              1092 kB
Writeback:             0 kB
AnonPages:        853032 kB
Mapped:           518884 kB
Shmem:               756 kB
Slab:             103904 kB
SReclaimable:      31704 kB
SUnreclaim:        72200 kB
KernelStack:       40880 kB
PageTables:        41660 kB
NFS_Unstable:          0 kB
Bounce:                0 kB
WritebackTmp:          0 kB
CommitLimit:     1815632 kB
Committed_AS:   115072736 kB
VmallocTotal:   251658176 kB
VmallocUsed:      124560 kB
VmallocChunk:   251437564 kB
Time pass: 202 sec

---2015-12-03 21:52:43
MemTotal:        2582696 kB
MemFree:          111744 kB
Buffers:            7360 kB
Cached:           838328 kB
SwapCached:           16 kB
Active:          1123772 kB
Inactive:         569816 kB
Active(anon):     680592 kB
Inactive(anon):   171996 kB
Active(file):     443180 kB
Inactive(file):   397820 kB
Unevictable:        3920 kB
Mlocked:               0 kB
SwapTotal:        524284 kB
SwapFree:         519628 kB
Dirty:              1024 kB
Writeback:             0 kB
AnonPages:        851936 kB
Mapped:           519008 kB
Shmem:               768 kB
Slab:             103972 kB
SReclaimable:      31704 kB
SUnreclaim:        72268 kB
KernelStack:       40880 kB
PageTables:        41704 kB
NFS_Unstable:          0 kB
Bounce:                0 kB
WritebackTmp:          0 kB
CommitLimit:     1815632 kB
Committed_AS:   115072888 kB
VmallocTotal:   251658176 kB
VmallocUsed:      124560 kB
VmallocChunk:   251437564 kB
Time pass: 205 sec

---2015-12-03 21:52:43
MemTotal:        2582696 kB
MemFree:          118768 kB
Buffers:            7360 kB
Cached:           838424 kB
SwapCached:           16 kB
Active:          1117116 kB
Inactive:         569912 kB
Active(anon):     673936 kB
Inactive(anon):   172092 kB
Active(file):     443180 kB
Inactive(file):   397820 kB
Unevictable:        3920 kB
Mlocked:               0 kB
SwapTotal:        524284 kB
SwapFree:         519628 kB
Dirty:              1024 kB
Writeback:             4 kB
AnonPages:        845036 kB
Mapped:           519116 kB
Shmem:               864 kB
Slab:             103944 kB
SReclaimable:      31704 kB
SUnreclaim:        72240 kB
KernelStack:       40912 kB
PageTables:        41704 kB
NFS_Unstable:          0 kB
Bounce:                0 kB
WritebackTmp:          0 kB
CommitLimit:     1815632 kB
Committed_AS:   115072816 kB
VmallocTotal:   251658176 kB
VmallocUsed:      124560 kB
VmallocChunk:   251437564 kB
Time pass: 209 sec

---2015-12-03 21:52:43
MemTotal:        2582696 kB
MemFree:          122412 kB
Buffers:            7360 kB
Cached:           838424 kB
SwapCached:           16 kB
Active:          1112624 kB
Inactive:         569912 kB
Active(anon):     669444 kB
Inactive(anon):   172092 kB
Active(file):     443180 kB
Inactive(file):   397820 kB
Unevictable:        3920 kB
Mlocked:               0 kB
SwapTotal:        524284 kB
SwapFree:         519628 kB
Dirty:              1040 kB
Writeback:             0 kB
AnonPages:        840804 kB
Mapped:           519136 kB
Shmem:               864 kB
Slab:             103936 kB
SReclaimable:      31704 kB
SUnreclaim:        72232 kB
KernelStack:       40848 kB
PageTables:        41704 kB
NFS_Unstable:          0 kB
Bounce:                0 kB
WritebackTmp:          0 kB
CommitLimit:     1815632 kB
Committed_AS:   115072776 kB
VmallocTotal:   251658176 kB
VmallocUsed:      124560 kB
VmallocChunk:   251437564 kB
Time pass: 213 sec

---2015-12-03 21:52:43
MemTotal:        2582696 kB
MemFree:          128556 kB
Buffers:            7360 kB
Cached:           838488 kB
SwapCached:           16 kB
Active:          1108280 kB
Inactive:         569976 kB
Active(anon):     665100 kB
Inactive(anon):   172156 kB
Active(file):     443180 kB
Inactive(file):   397820 kB
Unevictable:        3920 kB
Mlocked:               0 kB
SwapTotal:        524284 kB
SwapFree:         519628 kB
Dirty:              1064 kB
Writeback:            20 kB
AnonPages:        836736 kB
Mapped:           512548 kB
Shmem:               928 kB
Slab:             103920 kB
SReclaimable:      31704 kB
SUnreclaim:        72216 kB
KernelStack:       40160 kB
PageTables:        41216 kB
NFS_Unstable:          0 kB
Bounce:                0 kB
WritebackTmp:          0 kB
CommitLimit:     1815632 kB
Committed_AS:   113825016 kB
VmallocTotal:   251658176 kB
VmallocUsed:      123500 kB
VmallocChunk:   251442084 kB
Time pass: 217 sec

---2015-12-03 21:52:43
MemTotal:        2582696 kB
MemFree:          116472 kB
Buffers:            7360 kB
Cached:           838536 kB
SwapCached:           16 kB
Active:          1119616 kB
Inactive:         568476 kB
Active(anon):     674892 kB
Inactive(anon):   172184 kB
Active(file):     444724 kB
Inactive(file):   396292 kB
Unevictable:        3920 kB
Mlocked:               0 kB
SwapTotal:        524284 kB
SwapFree:         519628 kB
Dirty:              1072 kB
Writeback:           144 kB
AnonPages:        846460 kB
Mapped:           519156 kB
Shmem:               960 kB
Slab:             104148 kB
SReclaimable:      31720 kB
SUnreclaim:        72428 kB
KernelStack:       40976 kB
PageTables:        41704 kB
NFS_Unstable:          0 kB
Bounce:                0 kB
WritebackTmp:          0 kB
CommitLimit:     1815632 kB
Committed_AS:   115114684 kB
VmallocTotal:   251658176 kB
VmallocUsed:      124560 kB
VmallocChunk:   251442084 kB
Time pass: 220 sec

---2015-12-03 21:52:43
MemTotal:        2582696 kB
MemFree:          116284 kB
Buffers:            7360 kB
Cached:           838544 kB
SwapCached:           16 kB
Active:          1120900 kB
Inactive:         568484 kB
Active(anon):     676176 kB
Inactive(anon):   172192 kB
Active(file):     444724 kB
Inactive(file):   396292 kB
Unevictable:        3920 kB
Mlocked:               0 kB
SwapTotal:        524284 kB
SwapFree:         519628 kB
Dirty:              1076 kB
Writeback:             0 kB
AnonPages:        847796 kB
Mapped:           519360 kB
Shmem:               968 kB
Slab:             104008 kB
SReclaimable:      31720 kB
SUnreclaim:        72288 kB
KernelStack:       40400 kB
PageTables:        41716 kB
NFS_Unstable:          0 kB
Bounce:                0 kB
WritebackTmp:          0 kB
CommitLimit:     1815632 kB
Committed_AS:   115084344 kB
VmallocTotal:   251658176 kB
VmallocUsed:      124520 kB
VmallocChunk:   251442084 kB
Time pass: 225 sec

---2015-12-03 21:52:43
MemTotal:        2582696 kB
MemFree:          120276 kB
Buffers:            7360 kB
Cached:           839064 kB
SwapCached:           16 kB
Active:          1116620 kB
Inactive:         569000 kB
Active(anon):     671892 kB
Inactive(anon):   172192 kB
Active(file):     444728 kB
Inactive(file):   396808 kB
Unevictable:        3920 kB
Mlocked:               0 kB
SwapTotal:        524284 kB
SwapFree:         519628 kB
Dirty:              1092 kB
Writeback:             0 kB
AnonPages:        843236 kB
Mapped:           519464 kB
Shmem:               968 kB
Slab:             104088 kB
SReclaimable:      31720 kB
SUnreclaim:        72368 kB
KernelStack:       40416 kB
PageTables:        41708 kB
NFS_Unstable:          0 kB
Bounce:                0 kB
WritebackTmp:          0 kB
CommitLimit:     1815632 kB
Committed_AS:   115088352 kB
VmallocTotal:   251658176 kB
VmallocUsed:      124520 kB
VmallocChunk:   251442084 kB
Time pass: 229 sec

---2015-12-03 21:52:43
MemTotal:        2582696 kB
MemFree:          121896 kB
Buffers:            7360 kB
Cached:           839064 kB
SwapCached:           16 kB
Active:          1114268 kB
Inactive:         569000 kB
Active(anon):     669540 kB
Inactive(anon):   172192 kB
Active(file):     444728 kB
Inactive(file):   396808 kB
Unevictable:        3920 kB
Mlocked:               0 kB
SwapTotal:        524284 kB
SwapFree:         519628 kB
Dirty:              1064 kB
Writeback:             0 kB
AnonPages:        840664 kB
Mapped:           519376 kB
Shmem:               968 kB
Slab:             104088 kB
SReclaimable:      31720 kB
SUnreclaim:        72368 kB
KernelStack:       40400 kB
PageTables:        41676 kB
NFS_Unstable:          0 kB
Bounce:                0 kB
WritebackTmp:          0 kB
CommitLimit:     1815632 kB
Committed_AS:   115088376 kB
VmallocTotal:   251658176 kB
VmallocUsed:      124520 kB
VmallocChunk:   251442084 kB
Time pass: 232 sec

---2015-12-03 21:52:43
MemTotal:        2582696 kB
MemFree:          130256 kB
Buffers:            7360 kB
Cached:           839064 kB
SwapCached:          140 kB
Active:          1108580 kB
Inactive:         569128 kB
Active(anon):     663852 kB
Inactive(anon):   172320 kB
Active(file):     444728 kB
Inactive(file):   396808 kB
Unevictable:        3920 kB
Mlocked:               0 kB
SwapTotal:        524284 kB
SwapFree:         519632 kB
Dirty:              1072 kB
Writeback:             0 kB
AnonPages:        835200 kB
Mapped:           512740 kB
Shmem:               968 kB
Slab:             104088 kB
SReclaimable:      31720 kB
SUnreclaim:        72368 kB
KernelStack:       39664 kB
PageTables:        41204 kB
NFS_Unstable:          0 kB
Bounce:                0 kB
WritebackTmp:          0 kB
CommitLimit:     1815632 kB
Committed_AS:   113836552 kB
VmallocTotal:   251658176 kB
VmallocUsed:      123500 kB
VmallocChunk:   251442084 kB
Time pass: 236 sec

---2015-12-03 21:52:43
MemTotal:        2582696 kB
MemFree:          112568 kB
Buffers:            7360 kB
Cached:           839120 kB
SwapCached:          140 kB
Active:          1125568 kB
Inactive:         569192 kB
Active(anon):     680848 kB
Inactive(anon):   172328 kB
Active(file):     444720 kB
Inactive(file):   396864 kB
Unevictable:        3920 kB
Mlocked:               0 kB
SwapTotal:        524284 kB
SwapFree:         519632 kB
Dirty:              1104 kB
Writeback:             0 kB
AnonPages:        851908 kB
Mapped:           519544 kB
Shmem:               976 kB
Slab:             104072 kB
SReclaimable:      31720 kB
SUnreclaim:        72352 kB
KernelStack:       40560 kB
PageTables:        41932 kB
NFS_Unstable:          0 kB
Bounce:                0 kB
WritebackTmp:          0 kB
CommitLimit:     1815632 kB
Committed_AS:   115098144 kB
VmallocTotal:   251658176 kB
VmallocUsed:      124520 kB
VmallocChunk:   251442084 kB
Time pass: 240 sec

---2015-12-03 21:52:43
MemTotal:        2582696 kB
MemFree:          111592 kB
Buffers:            7360 kB
Cached:           839140 kB
SwapCached:          140 kB
Active:          1125808 kB
Inactive:         569208 kB
Active(anon):     681084 kB
Inactive(anon):   172340 kB
Active(file):     444724 kB
Inactive(file):   396868 kB
Unevictable:        3920 kB
Mlocked:               0 kB
SwapTotal:        524284 kB
SwapFree:         519632 kB
Dirty:              1080 kB
Writeback:             0 kB
AnonPages:        852120 kB
Mapped:           519648 kB
Shmem:               988 kB
Slab:             104036 kB
SReclaimable:      31720 kB
SUnreclaim:        72316 kB
KernelStack:       40496 kB
PageTables:        41828 kB
NFS_Unstable:          0 kB
Bounce:                0 kB
WritebackTmp:          0 kB
CommitLimit:     1815632 kB
Committed_AS:   115100076 kB
VmallocTotal:   251658176 kB
VmallocUsed:      124520 kB
VmallocChunk:   251442084 kB
Time pass: 244 sec

---2015-12-03 21:52:43
MemTotal:        2582696 kB
MemFree:          115376 kB
Buffers:            7360 kB
Cached:           839140 kB
SwapCached:          140 kB
Active:          1121012 kB
Inactive:         569208 kB
Active(anon):     676288 kB
Inactive(anon):   172340 kB
Active(file):     444724 kB
Inactive(file):   396868 kB
Unevictable:        3920 kB
Mlocked:               0 kB
SwapTotal:        524284 kB
SwapFree:         519632 kB
Dirty:              1076 kB
Writeback:             0 kB
AnonPages:        847548 kB
Mapped:           519672 kB
Shmem:               988 kB
Slab:             103964 kB
SReclaimable:      31720 kB
SUnreclaim:        72244 kB
KernelStack:       40496 kB
PageTables:        41824 kB
NFS_Unstable:          0 kB
Bounce:                0 kB
WritebackTmp:          0 kB
CommitLimit:     1815632 kB
Committed_AS:   115100088 kB
VmallocTotal:   251658176 kB
VmallocUsed:      124520 kB
VmallocChunk:   251442084 kB
Time pass: 248 sec

---2015-12-03 21:52:43
MemTotal:        2582696 kB
MemFree:          115588 kB
Buffers:            7360 kB
Cached:           839140 kB
SwapCached:          140 kB
Active:          1121488 kB
Inactive:         569208 kB
Active(anon):     676764 kB
Inactive(anon):   172340 kB
Active(file):     444724 kB
Inactive(file):   396868 kB
Unevictable:        3920 kB
Mlocked:               0 kB
SwapTotal:        524284 kB
SwapFree:         519632 kB
Dirty:              1072 kB
Writeback:             0 kB
AnonPages:        847856 kB
Mapped:           519672 kB
Shmem:               988 kB
Slab:             103960 kB
SReclaimable:      31720 kB
SUnreclaim:        72240 kB
KernelStack:       40496 kB
PageTables:        41820 kB
NFS_Unstable:          0 kB
Bounce:                0 kB
WritebackTmp:          0 kB
CommitLimit:     1815632 kB
Committed_AS:   115100104 kB
VmallocTotal:   251658176 kB
VmallocUsed:      124520 kB
VmallocChunk:   251442084 kB
Time pass: 251 sec

---2015-12-03 21:52:43
MemTotal:        2582696 kB
MemFree:          124152 kB
Buffers:            7360 kB
Cached:           839140 kB
SwapCached:          140 kB
Active:          1113576 kB
Inactive:         569204 kB
Active(anon):     668848 kB
Inactive(anon):   172340 kB
Active(file):     444728 kB
Inactive(file):   396864 kB
Unevictable:        3920 kB
Mlocked:               0 kB
SwapTotal:        524284 kB
SwapFree:         519632 kB
Dirty:              1072 kB
Writeback:             0 kB
AnonPages:        840052 kB
Mapped:           512904 kB
Shmem:               988 kB
Slab:             103932 kB
SReclaimable:      31672 kB
SUnreclaim:        72260 kB
KernelStack:       39584 kB
PageTables:        41232 kB
NFS_Unstable:          0 kB
Bounce:                0 kB
WritebackTmp:          0 kB
CommitLimit:     1815632 kB
Committed_AS:   113843912 kB
VmallocTotal:   251658176 kB
VmallocUsed:      123500 kB
VmallocChunk:   251442084 kB
Time pass: 255 sec

---2015-12-03 21:52:43
MemTotal:        2582696 kB
MemFree:          106864 kB
Buffers:            7360 kB
Cached:           839160 kB
SwapCached:          140 kB
Active:          1129712 kB
Inactive:         569224 kB
Active(anon):     684988 kB
Inactive(anon):   172340 kB
Active(file):     444724 kB
Inactive(file):   396884 kB
Unevictable:        3920 kB
Mlocked:               0 kB
SwapTotal:        524284 kB
SwapFree:         519632 kB
Dirty:              1108 kB
Writeback:             0 kB
AnonPages:        856724 kB
Mapped:           519204 kB
Shmem:               988 kB
Slab:             104064 kB
SReclaimable:      31672 kB
SUnreclaim:        72392 kB
KernelStack:       40928 kB
PageTables:        41760 kB
NFS_Unstable:          0 kB
Bounce:                0 kB
WritebackTmp:          0 kB
CommitLimit:     1815632 kB
Committed_AS:   115096216 kB
VmallocTotal:   251658176 kB
VmallocUsed:      124560 kB
VmallocChunk:   251442084 kB
Time pass: 259 sec

---2015-12-03 21:52:43
MemTotal:        2582696 kB
MemFree:          107612 kB
Buffers:            7368 kB
Cached:           837036 kB
SwapCached:          140 kB
Active:          1131596 kB
Inactive:         567088 kB
Active(anon):     687140 kB
Inactive(anon):   172064 kB
Active(file):     444456 kB
Inactive(file):   395024 kB
Unevictable:        3920 kB
Mlocked:               0 kB
SwapTotal:        524284 kB
SwapFree:         519420 kB
Dirty:              1084 kB
Writeback:             0 kB
AnonPages:        858212 kB
Mapped:           519752 kB
Shmem:              1004 kB
Slab:             103908 kB
SReclaimable:      31672 kB
SUnreclaim:        72236 kB
KernelStack:       40416 kB
PageTables:        41760 kB
NFS_Unstable:          0 kB
Bounce:                0 kB
WritebackTmp:          0 kB
CommitLimit:     1815632 kB
Committed_AS:   115104304 kB
VmallocTotal:   251658176 kB
VmallocUsed:      124520 kB
VmallocChunk:   251442084 kB
Time pass: 263 sec

---2015-12-03 21:52:43
MemTotal:        2582696 kB
MemFree:          118008 kB
Buffers:            7368 kB
Cached:           834956 kB
SwapCached:          140 kB
Active:          1122236 kB
Inactive:         565948 kB
Active(anon):     678340 kB
Inactive(anon):   172444 kB
Active(file):     443896 kB
Inactive(file):   393504 kB
Unevictable:        3920 kB
Mlocked:               0 kB
SwapTotal:        524284 kB
SwapFree:         519156 kB
Dirty:              1068 kB
Writeback:             0 kB
AnonPages:        849776 kB
Mapped:           519780 kB
Shmem:              1004 kB
Slab:             104092 kB
SReclaimable:      31672 kB
SUnreclaim:        72420 kB
KernelStack:       40416 kB
PageTables:        41756 kB
NFS_Unstable:          0 kB
Bounce:                0 kB
WritebackTmp:          0 kB
CommitLimit:     1815632 kB
Committed_AS:   115104280 kB
VmallocTotal:   251658176 kB
VmallocUsed:      124520 kB
VmallocChunk:   251442084 kB
Time pass: 266 sec

---2015-12-03 21:52:43
MemTotal:        2582696 kB
MemFree:          118676 kB
Buffers:            7368 kB
Cached:           834964 kB
SwapCached:          140 kB
Active:          1122576 kB
Inactive:         565956 kB
Active(anon):     678680 kB
Inactive(anon):   172444 kB
Active(file):     443896 kB
Inactive(file):   393512 kB
Unevictable:        3920 kB
Mlocked:               0 kB
SwapTotal:        524284 kB
SwapFree:         519156 kB
Dirty:              1084 kB
Writeback:            36 kB
AnonPages:        850032 kB
Mapped:           519788 kB
Shmem:              1004 kB
Slab:             104096 kB
SReclaimable:      31672 kB
SUnreclaim:        72424 kB
KernelStack:       40416 kB
PageTables:        41752 kB
NFS_Unstable:          0 kB
Bounce:                0 kB
WritebackTmp:          0 kB
CommitLimit:     1815632 kB
Committed_AS:   115104256 kB
VmallocTotal:   251658176 kB
VmallocUsed:      124520 kB
VmallocChunk:   251442084 kB
Time pass: 270 sec

---2015-12-03 21:52:43
MemTotal:        2582696 kB
MemFree:          126788 kB
Buffers:            7368 kB
Cached:           834964 kB
SwapCached:          140 kB
Active:          1115160 kB
Inactive:         565956 kB
Active(anon):     671264 kB
Inactive(anon):   172444 kB
Active(file):     443896 kB
Inactive(file):   393512 kB
Unevictable:        3920 kB
Mlocked:               0 kB
SwapTotal:        524284 kB
SwapFree:         519156 kB
Dirty:              1084 kB
Writeback:             0 kB
AnonPages:        842752 kB
Mapped:           513072 kB
Shmem:              1004 kB
Slab:             104148 kB
SReclaimable:      31672 kB
SUnreclaim:        72476 kB
KernelStack:       39776 kB
PageTables:        41260 kB
NFS_Unstable:          0 kB
Bounce:                0 kB
WritebackTmp:          0 kB
CommitLimit:     1815632 kB
Committed_AS:   113852224 kB
VmallocTotal:   251658176 kB
VmallocUsed:      123500 kB
VmallocChunk:   251442084 kB
Time pass: 274 sec

---2015-12-03 21:52:43
MemTotal:        2582696 kB
MemFree:          111796 kB
Buffers:            7368 kB
Cached:           835000 kB
SwapCached:          140 kB
Active:          1129852 kB
Inactive:         565976 kB
Active(anon):     685952 kB
Inactive(anon):   172472 kB
Active(file):     443900 kB
Inactive(file):   393504 kB
Unevictable:        3920 kB
Mlocked:               0 kB
SwapTotal:        524284 kB
SwapFree:         519156 kB
Dirty:              1120 kB
Writeback:             0 kB
AnonPages:        857576 kB
Mapped:           519256 kB
Shmem:              1032 kB
Slab:             104144 kB
SReclaimable:      31668 kB
SUnreclaim:        72476 kB
KernelStack:       40784 kB
PageTables:        41724 kB
NFS_Unstable:          0 kB
Bounce:                0 kB
WritebackTmp:          0 kB
CommitLimit:     1815632 kB
Committed_AS:   115120528 kB
VmallocTotal:   251658176 kB
VmallocUsed:      124528 kB
VmallocChunk:   251442084 kB
Time pass: 278 sec

---2015-12-03 21:52:43
MemTotal:        2582696 kB
MemFree:          113808 kB
Buffers:            7368 kB
Cached:           835164 kB
SwapCached:          140 kB
Active:          1126920 kB
Inactive:         566136 kB
Active(anon):     683016 kB
Inactive(anon):   172468 kB
Active(file):     443904 kB
Inactive(file):   393668 kB
Unevictable:        3920 kB
Mlocked:               0 kB
SwapTotal:        524284 kB
SwapFree:         519156 kB
Dirty:              1076 kB
Writeback:             0 kB
AnonPages:        854280 kB
Mapped:           519948 kB
Shmem:              1040 kB
Slab:             104224 kB
SReclaimable:      31668 kB
SUnreclaim:        72556 kB
KernelStack:       40448 kB
PageTables:        41768 kB
NFS_Unstable:          0 kB
Bounce:                0 kB
WritebackTmp:          0 kB
CommitLimit:     1815632 kB
Committed_AS:   115108280 kB
VmallocTotal:   251658176 kB
VmallocUsed:      124560 kB
VmallocChunk:   251442084 kB
Time pass: 281 sec

---2015-12-03 21:52:43
MemTotal:        2582696 kB
MemFree:          119028 kB
Buffers:            7368 kB
Cached:           835164 kB
SwapCached:          140 kB
Active:          1122376 kB
Inactive:         566136 kB
Active(anon):     678472 kB
Inactive(anon):   172468 kB
Active(file):     443904 kB
Inactive(file):   393668 kB
Unevictable:        3920 kB
Mlocked:               0 kB
SwapTotal:        524284 kB
SwapFree:         519156 kB
Dirty:              1076 kB
Writeback:             0 kB
AnonPages:        849732 kB
Mapped:           519956 kB
Shmem:              1040 kB
Slab:             104180 kB
SReclaimable:      31668 kB
SUnreclaim:        72512 kB
KernelStack:       40480 kB
PageTables:        41768 kB
NFS_Unstable:          0 kB
Bounce:                0 kB
WritebackTmp:          0 kB
CommitLimit:     1815632 kB
Committed_AS:   115108144 kB
VmallocTotal:   251658176 kB
VmallocUsed:      124560 kB
VmallocChunk:   251442084 kB
Time pass: 286 sec

---2015-12-03 21:52:43
MemTotal:        2582696 kB
MemFree:          118484 kB
Buffers:            7368 kB
Cached:           835164 kB
SwapCached:          140 kB
Active:          1122408 kB
Inactive:         566136 kB
Active(anon):     678504 kB
Inactive(anon):   172468 kB
Active(file):     443904 kB
Inactive(file):   393668 kB
Unevictable:        3920 kB
Mlocked:               0 kB
SwapTotal:        524284 kB
SwapFree:         519156 kB
Dirty:              1076 kB
Writeback:             0 kB
AnonPages:        849848 kB
Mapped:           519960 kB
Shmem:              1040 kB
Slab:             104168 kB
SReclaimable:      31668 kB
SUnreclaim:        72500 kB
KernelStack:       40480 kB
PageTables:        41768 kB
NFS_Unstable:          0 kB
Bounce:                0 kB
WritebackTmp:          0 kB
CommitLimit:     1815632 kB
Committed_AS:   115108184 kB
VmallocTotal:   251658176 kB
VmallocUsed:      124560 kB
VmallocChunk:   251442084 kB
Time pass: 289 sec

---2015-12-03 21:52:43
MemTotal:        2582696 kB
MemFree:          123512 kB
Buffers:            7368 kB
Cached:           835404 kB
SwapCached:          140 kB
Active:          1118052 kB
Inactive:         566376 kB
Active(anon):     674148 kB
Inactive(anon):   172468 kB
Active(file):     443904 kB
Inactive(file):   393908 kB
Unevictable:        3920 kB
Mlocked:               0 kB
SwapTotal:        524284 kB
SwapFree:         519156 kB
Dirty:              1088 kB
Writeback:             0 kB
AnonPages:        845668 kB
Mapped:           513232 kB
Shmem:              1040 kB
Slab:             104192 kB
SReclaimable:      31668 kB
SUnreclaim:        72524 kB
KernelStack:       40320 kB
PageTables:        41072 kB
NFS_Unstable:          0 kB
Bounce:                0 kB
WritebackTmp:          0 kB
CommitLimit:     1815632 kB
Committed_AS:   113856408 kB
VmallocTotal:   251658176 kB
VmallocUsed:      123500 kB
VmallocChunk:   251442084 kB
Time pass: 293 sec

---2015-12-03 21:52:43
MemTotal:        2582696 kB
MemFree:          115488 kB
Buffers:            7368 kB
Cached:           835412 kB
SwapCached:          140 kB
Active:          1124860 kB
Inactive:         566372 kB
Active(anon):     680944 kB
Inactive(anon):   172476 kB
Active(file):     443916 kB
Inactive(file):   393896 kB
Unevictable:        3920 kB
Mlocked:               0 kB
SwapTotal:        524284 kB
SwapFree:         519156 kB
Dirty:              1088 kB
Writeback:             0 kB
AnonPages:        852376 kB
Mapped:           518700 kB
Shmem:              1048 kB
Slab:             104196 kB
SReclaimable:      31668 kB
SUnreclaim:        72528 kB
KernelStack:       39888 kB
PageTables:        41700 kB
NFS_Unstable:          0 kB
Bounce:                0 kB
WritebackTmp:          0 kB
CommitLimit:     1815632 kB
Committed_AS:   115110720 kB
VmallocTotal:   251658176 kB
VmallocUsed:      124520 kB
VmallocChunk:   251442084 kB
Time pass: 297 sec

---2015-12-03 21:52:43
MemTotal:        2582696 kB
MemFree:          118496 kB
Buffers:            7368 kB
Cached:           835536 kB
SwapCached:          140 kB
Active:          1120400 kB
Inactive:         566460 kB
Active(anon):     676480 kB
Inactive(anon):   172568 kB
Active(file):     443920 kB
Inactive(file):   393892 kB
Unevictable:        3920 kB
Mlocked:               0 kB
SwapTotal:        524284 kB
SwapFree:         519156 kB
Dirty:              1088 kB
Writeback:             0 kB
AnonPages:        847720 kB
Mapped:           520176 kB
Shmem:              1172 kB
Slab:             104208 kB
SReclaimable:      31668 kB
SUnreclaim:        72540 kB
KernelStack:       40464 kB
PageTables:        41804 kB
NFS_Unstable:          0 kB
Bounce:                0 kB
WritebackTmp:          0 kB
CommitLimit:     1815632 kB
Committed_AS:   115116400 kB
VmallocTotal:   251658176 kB
VmallocUsed:      124572 kB
VmallocChunk:   251442084 kB
Time pass: 300 sec

---2015-12-03 21:52:43
MemTotal:        2582696 kB
MemFree:          117692 kB
Buffers:            7368 kB
Cached:           835536 kB
SwapCached:          140 kB
Active:          1120272 kB
Inactive:         566460 kB
Active(anon):     676352 kB
Inactive(anon):   172568 kB
Active(file):     443920 kB
Inactive(file):   393892 kB
Unevictable:        3920 kB
Mlocked:               0 kB
SwapTotal:        524284 kB
SwapFree:         519156 kB
Dirty:              1088 kB
Writeback:             0 kB
AnonPages:        847784 kB
Mapped:           520264 kB
Shmem:              1172 kB
Slab:             104196 kB
SReclaimable:      31668 kB
SUnreclaim:        72528 kB
KernelStack:       40448 kB
PageTables:        41832 kB
NFS_Unstable:          0 kB
Bounce:                0 kB
WritebackTmp:          0 kB
CommitLimit:     1815632 kB
Committed_AS:   115116384 kB
VmallocTotal:   251658176 kB
VmallocUsed:      124572 kB
VmallocChunk:   251442084 kB
Time pass: 304 sec

---2015-12-03 21:52:43
MemTotal:        2582696 kB
MemFree:          117472 kB
Buffers:            7368 kB
Cached:           835536 kB
SwapCached:          140 kB
Active:          1120612 kB
Inactive:         566464 kB
Active(anon):     676696 kB
Inactive(anon):   172568 kB
Active(file):     443916 kB
Inactive(file):   393896 kB
Unevictable:        3920 kB
Mlocked:               0 kB
SwapTotal:        524284 kB
SwapFree:         519156 kB
Dirty:              1088 kB
Writeback:             0 kB
AnonPages:        848092 kB
Mapped:           520264 kB
Shmem:              1172 kB
Slab:             104140 kB
SReclaimable:      31668 kB
SUnreclaim:        72472 kB
KernelStack:       40448 kB
PageTables:        41832 kB
NFS_Unstable:          0 kB
Bounce:                0 kB
WritebackTmp:          0 kB
CommitLimit:     1815632 kB
Committed_AS:   115116376 kB
VmallocTotal:   251658176 kB
VmallocUsed:      124572 kB
VmallocChunk:   251442084 kB
Time pass: 308 sec

---2015-12-03 21:52:43
MemTotal:        2582696 kB
MemFree:          119204 kB
Buffers:            7368 kB
Cached:           835536 kB
SwapCached:          140 kB
Active:          1122640 kB
Inactive:         564928 kB
Active(anon):     677188 kB
Inactive(anon):   172568 kB
Active(file):     445452 kB
Inactive(file):   392360 kB
Unevictable:        3920 kB
Mlocked:               0 kB
SwapTotal:        524284 kB
SwapFree:         519156 kB
Dirty:              1092 kB
Writeback:             0 kB
AnonPages:        848736 kB
Mapped:           520224 kB
Shmem:              1172 kB
Slab:             104236 kB
SReclaimable:      31668 kB
SUnreclaim:        72568 kB
KernelStack:       40448 kB
PageTables:        41808 kB
NFS_Unstable:          0 kB
Bounce:                0 kB
WritebackTmp:          0 kB
CommitLimit:     1815632 kB
Committed_AS:   115116512 kB
VmallocTotal:   251658176 kB
VmallocUsed:      124572 kB
VmallocChunk:   251442084 kB
Time pass: 312 sec

---2015-12-03 21:52:43
MemTotal:        2582696 kB
MemFree:          125472 kB
Buffers:            7368 kB
Cached:           835620 kB
SwapCached:          140 kB
Active:          1116200 kB
Inactive:         564996 kB
Active(anon):     670736 kB
Inactive(anon):   172584 kB
Active(file):     445464 kB
Inactive(file):   392412 kB
Unevictable:        3920 kB
Mlocked:               0 kB
SwapTotal:        524284 kB
SwapFree:         519156 kB
Dirty:              1092 kB
Writeback:             4 kB
AnonPages:        842020 kB
Mapped:           513532 kB
Shmem:              1192 kB
Slab:             104204 kB
SReclaimable:      31668 kB
SUnreclaim:        72536 kB
KernelStack:       39696 kB
PageTables:        41356 kB
NFS_Unstable:          0 kB
Bounce:                0 kB
WritebackTmp:          0 kB
CommitLimit:     1815632 kB
Committed_AS:   113868784 kB
VmallocTotal:   251658176 kB
VmallocUsed:      123512 kB
VmallocChunk:   251442084 kB
Time pass: 315 sec

---2015-12-03 21:52:43
MemTotal:        2582696 kB
MemFree:          108140 kB
Buffers:            7368 kB
Cached:           835612 kB
SwapCached:          140 kB
Active:          1132028 kB
Inactive:         565000 kB
Active(anon):     686576 kB
Inactive(anon):   172580 kB
Active(file):     445452 kB
Inactive(file):   392420 kB
Unevictable:        3920 kB
Mlocked:               0 kB
SwapTotal:        524284 kB
SwapFree:         519156 kB
Dirty:              1120 kB
Writeback:             0 kB
AnonPages:        857868 kB
Mapped:           520244 kB
Shmem:              1188 kB
Slab:             104284 kB
SReclaimable:      31700 kB
SUnreclaim:        72584 kB
KernelStack:       40496 kB
PageTables:        41840 kB
NFS_Unstable:          0 kB
Bounce:                0 kB
WritebackTmp:          0 kB
CommitLimit:     1815632 kB
Committed_AS:   115124744 kB
VmallocTotal:   251658176 kB
VmallocUsed:      124572 kB
VmallocChunk:   251440668 kB
Time pass: 319 sec

---2015-12-03 21:52:43
MemTotal:        2582696 kB
MemFree:          114064 kB
Buffers:            7368 kB
Cached:           831056 kB
SwapCached:          140 kB
Active:          1129484 kB
Inactive:         562796 kB
Active(anon):     686248 kB
Inactive(anon):   172716 kB
Active(file):     443236 kB
Inactive(file):   390080 kB
Unevictable:        3920 kB
Mlocked:               0 kB
SwapTotal:        524284 kB
SwapFree:         518636 kB
Dirty:              1160 kB
Writeback:             0 kB
AnonPages:        857660 kB
Mapped:           519096 kB
Shmem:              1188 kB
Slab:             104304 kB
SReclaimable:      31716 kB
SUnreclaim:        72588 kB
KernelStack:       40464 kB
PageTables:        41840 kB
NFS_Unstable:          0 kB
Bounce:                0 kB
WritebackTmp:          0 kB
CommitLimit:     1815632 kB
Committed_AS:   115124792 kB
VmallocTotal:   251658176 kB
VmallocUsed:      124572 kB
VmallocChunk:   251440668 kB
Time pass: 323 sec

---2015-12-03 21:52:43
MemTotal:        2582696 kB
MemFree:          114600 kB
Buffers:            7376 kB
Cached:           831056 kB
SwapCached:          140 kB
Active:          1129596 kB
Inactive:         562804 kB
Active(anon):     686360 kB
Inactive(anon):   172716 kB
Active(file):     443236 kB
Inactive(file):   390088 kB
Unevictable:        3920 kB
Mlocked:               0 kB
SwapTotal:        524284 kB
SwapFree:         518636 kB
Dirty:              1092 kB
Writeback:             0 kB
AnonPages:        857884 kB
Mapped:           519100 kB
Shmem:              1188 kB
Slab:             104368 kB
SReclaimable:      31732 kB
SUnreclaim:        72636 kB
KernelStack:       40464 kB
PageTables:        41832 kB
NFS_Unstable:          0 kB
Bounce:                0 kB
WritebackTmp:          0 kB
CommitLimit:     1815632 kB
Committed_AS:   115124744 kB
VmallocTotal:   251658176 kB
VmallocUsed:      124572 kB
VmallocChunk:   251440668 kB
Time pass: 326 sec

---2015-12-03 21:52:43
MemTotal:        2582696 kB
MemFree:          113496 kB
Buffers:            7376 kB
Cached:           831064 kB
SwapCached:          140 kB
Active:          1129820 kB
Inactive:         562812 kB
Active(anon):     686584 kB
Inactive(anon):   172716 kB
Active(file):     443236 kB
Inactive(file):   390096 kB
Unevictable:        3920 kB
Mlocked:               0 kB
SwapTotal:        524284 kB
SwapFree:         518636 kB
Dirty:              1140 kB
Writeback:             0 kB
AnonPages:        858116 kB
Mapped:           519100 kB
Shmem:              1188 kB
Slab:             104344 kB
SReclaimable:      31732 kB
SUnreclaim:        72612 kB
KernelStack:       40464 kB
PageTables:        41832 kB
NFS_Unstable:          0 kB
Bounce:                0 kB
WritebackTmp:          0 kB
CommitLimit:     1815632 kB
Committed_AS:   115124768 kB
VmallocTotal:   251658176 kB
VmallocUsed:      124572 kB
VmallocChunk:   251440668 kB
Time pass: 330 sec

---2015-12-03 21:52:43
MemTotal:        2582696 kB
MemFree:          119592 kB
Buffers:            7376 kB
Cached:           831072 kB
SwapCached:          140 kB
Active:          1126244 kB
Inactive:         562820 kB
Active(anon):     683008 kB
Inactive(anon):   172724 kB
Active(file):     443236 kB
Inactive(file):   390096 kB
Unevictable:        3920 kB
Mlocked:               0 kB
SwapTotal:        524284 kB
SwapFree:         518636 kB
Dirty:              1096 kB
Writeback:             0 kB
AnonPages:        854524 kB
Mapped:           512468 kB
Shmem:              1196 kB
Slab:             104316 kB
SReclaimable:      31732 kB
SUnreclaim:        72584 kB
KernelStack:       39584 kB
PageTables:        41344 kB
NFS_Unstable:          0 kB
Bounce:                0 kB
WritebackTmp:          0 kB
CommitLimit:     1815632 kB
Committed_AS:   113876976 kB
VmallocTotal:   251658176 kB
VmallocUsed:      123512 kB
VmallocChunk:   251442084 kB
Time pass: 334 sec

---2015-12-03 21:52:43
MemTotal:        2582696 kB
MemFree:          119504 kB
Buffers:            7376 kB
Cached:           829104 kB
SwapCached:          136 kB
Active:          1124520 kB
Inactive:         563656 kB
Active(anon):     683096 kB
Inactive(anon):   173732 kB
Active(file):     441424 kB
Inactive(file):   389924 kB
Unevictable:        3920 kB
Mlocked:               0 kB
SwapTotal:        524284 kB
SwapFree:         518396 kB
Dirty:              1124 kB
Writeback:             0 kB
AnonPages:        855496 kB
Mapped:           518936 kB
Shmem:              1212 kB
Slab:             104344 kB
SReclaimable:      31732 kB
SUnreclaim:        72612 kB
KernelStack:       40480 kB
PageTables:        41824 kB
NFS_Unstable:          0 kB
Bounce:                0 kB
WritebackTmp:          0 kB
CommitLimit:     1815632 kB
Committed_AS:   115137184 kB
VmallocTotal:   251658176 kB
VmallocUsed:      124532 kB
VmallocChunk:   251442084 kB
Time pass: 338 sec

---2015-12-03 21:52:43
MemTotal:        2582696 kB
MemFree:          129644 kB
Buffers:            7376 kB
Cached:           829104 kB
SwapCached:          136 kB
Active:          1114204 kB
Inactive:         563648 kB
Active(anon):     672772 kB
Inactive(anon):   173732 kB
Active(file):     441432 kB
Inactive(file):   389916 kB
Unevictable:        3920 kB
Mlocked:               0 kB
SwapTotal:        524284 kB
SwapFree:         518396 kB
Dirty:              1092 kB
Writeback:             0 kB
AnonPages:        845384 kB
Mapped:           518988 kB
Shmem:              1212 kB
Slab:             104352 kB
SReclaimable:      31732 kB
SUnreclaim:        72620 kB
KernelStack:       40432 kB
PageTables:        41868 kB
NFS_Unstable:          0 kB
Bounce:                0 kB
WritebackTmp:          0 kB
CommitLimit:     1815632 kB
Committed_AS:   115137144 kB
VmallocTotal:   251658176 kB
VmallocUsed:      124532 kB
VmallocChunk:   251442084 kB
Time pass: 342 sec

---2015-12-03 21:52:43
MemTotal:        2582696 kB
MemFree:          130136 kB
Buffers:            7376 kB
Cached:           829104 kB
SwapCached:          136 kB
Active:          1114340 kB
Inactive:         563644 kB
Active(anon):     672908 kB
Inactive(anon):   173728 kB
Active(file):     441432 kB
Inactive(file):   389916 kB
Unevictable:        3920 kB
Mlocked:               0 kB
SwapTotal:        524284 kB
SwapFree:         518396 kB
Dirty:              1092 kB
Writeback:             0 kB
AnonPages:        845500 kB
Mapped:           518988 kB
Shmem:              1212 kB
Slab:             104440 kB
SReclaimable:      31732 kB
SUnreclaim:        72708 kB
KernelStack:       40400 kB
PageTables:        41868 kB
NFS_Unstable:          0 kB
Bounce:                0 kB
WritebackTmp:          0 kB
CommitLimit:     1815632 kB
Committed_AS:   115137112 kB
VmallocTotal:   251658176 kB
VmallocUsed:      124532 kB
VmallocChunk:   251442084 kB
Time pass: 345 sec

---2015-12-03 21:52:43
MemTotal:        2582696 kB
MemFree:          130008 kB
Buffers:            7376 kB
Cached:           829108 kB
SwapCached:          136 kB
Active:          1113900 kB
Inactive:         563648 kB
Active(anon):     672468 kB
Inactive(anon):   173732 kB
Active(file):     441432 kB
Inactive(file):   389916 kB
Unevictable:        3920 kB
Mlocked:               0 kB
SwapTotal:        524284 kB
SwapFree:         518396 kB
Dirty:              1092 kB
Writeback:             0 kB
AnonPages:        845476 kB
Mapped:           518992 kB
Shmem:              1216 kB
Slab:             104480 kB
SReclaimable:      31732 kB
SUnreclaim:        72748 kB
KernelStack:       40448 kB
PageTables:        41864 kB
NFS_Unstable:          0 kB
Bounce:                0 kB
WritebackTmp:          0 kB
CommitLimit:     1815632 kB
Committed_AS:   115137072 kB
VmallocTotal:   251658176 kB
VmallocUsed:      124532 kB
VmallocChunk:   251442084 kB
Time pass: 349 sec

---2015-12-03 21:52:43
MemTotal:        2582696 kB
MemFree:          138680 kB
Buffers:            7376 kB
Cached:           829108 kB
SwapCached:          136 kB
Active:          1106636 kB
Inactive:         563648 kB
Active(anon):     665204 kB
Inactive(anon):   173732 kB
Active(file):     441432 kB
Inactive(file):   389916 kB
Unevictable:        3920 kB
Mlocked:               0 kB
SwapTotal:        524284 kB
SwapFree:         518396 kB
Dirty:              1092 kB
Writeback:             0 kB
AnonPages:        837648 kB
Mapped:           512256 kB
Shmem:              1216 kB
Slab:             104456 kB
SReclaimable:      31732 kB
SUnreclaim:        72724 kB
KernelStack:       39600 kB
PageTables:        41364 kB
NFS_Unstable:          0 kB
Bounce:                0 kB
WritebackTmp:          0 kB
CommitLimit:     1815632 kB
Committed_AS:   113885136 kB
VmallocTotal:   251658176 kB
VmallocUsed:      123512 kB
VmallocChunk:   251442084 kB
Time pass: 353 sec

---2015-12-03 21:52:43
MemTotal:        2582696 kB
MemFree:          121340 kB
Buffers:            7376 kB
Cached:           829116 kB
SwapCached:          136 kB
Active:          1121640 kB
Inactive:         563652 kB
Active(anon):     680208 kB
Inactive(anon):   173736 kB
Active(file):     441432 kB
Inactive(file):   389916 kB
Unevictable:        3920 kB
Mlocked:               0 kB
SwapTotal:        524284 kB
SwapFree:         518396 kB
Dirty:              1092 kB
Writeback:             0 kB
AnonPages:        852656 kB
Mapped:           518940 kB
Shmem:              1224 kB
Slab:             104464 kB
SReclaimable:      31732 kB
SUnreclaim:        72732 kB
KernelStack:       40448 kB
PageTables:        41872 kB
NFS_Unstable:          0 kB
Bounce:                0 kB
WritebackTmp:          0 kB
CommitLimit:     1815632 kB
Committed_AS:   115141152 kB
VmallocTotal:   251658176 kB
VmallocUsed:      124572 kB
VmallocChunk:   251442084 kB
Time pass: 357 sec

---2015-12-03 21:52:43
MemTotal:        2582696 kB
MemFree:          120404 kB
Buffers:            7376 kB
Cached:           829116 kB
SwapCached:          136 kB
Active:          1123988 kB
Inactive:         563652 kB
Active(anon):     682556 kB
Inactive(anon):   173736 kB
Active(file):     441432 kB
Inactive(file):   389916 kB
Unevictable:        3920 kB
Mlocked:               0 kB
SwapTotal:        524284 kB
SwapFree:         518396 kB
Dirty:              1092 kB
Writeback:             0 kB
AnonPages:        855164 kB
Mapped:           518940 kB
Shmem:              1224 kB
Slab:             104404 kB
SReclaimable:      31748 kB
SUnreclaim:        72656 kB
KernelStack:       40480 kB
PageTables:        41872 kB
NFS_Unstable:          0 kB
Bounce:                0 kB
WritebackTmp:          0 kB
CommitLimit:     1815632 kB
Committed_AS:   115141056 kB
VmallocTotal:   251658176 kB
VmallocUsed:      124572 kB
VmallocChunk:   251442084 kB
Time pass: 361 sec

---2015-12-03 21:52:43
MemTotal:        2582696 kB
MemFree:          120200 kB
Buffers:            7376 kB
Cached:           829116 kB
SwapCached:          136 kB
Active:          1122988 kB
Inactive:         563652 kB
Active(anon):     681556 kB
Inactive(anon):   173736 kB
Active(file):     441432 kB
Inactive(file):   389916 kB
Unevictable:        3920 kB
Mlocked:               0 kB
SwapTotal:        524284 kB
SwapFree:         518396 kB
Dirty:              1112 kB
Writeback:             0 kB
AnonPages:        854492 kB
Mapped:           518940 kB
Shmem:              1224 kB
Slab:             104372 kB
SReclaimable:      31748 kB
SUnreclaim:        72624 kB
KernelStack:       40432 kB
PageTables:        41872 kB
NFS_Unstable:          0 kB
Bounce:                0 kB
WritebackTmp:          0 kB
CommitLimit:     1815632 kB
Committed_AS:   115141080 kB
VmallocTotal:   251658176 kB
VmallocUsed:      124572 kB
VmallocChunk:   251442084 kB
Time pass: 364 sec

---2015-12-03 21:52:43
MemTotal:        2582696 kB
MemFree:          119452 kB
Buffers:            7376 kB
Cached:           829116 kB
SwapCached:          136 kB
Active:          1123772 kB
Inactive:         563652 kB
Active(anon):     682340 kB
Inactive(anon):   173736 kB
Active(file):     441432 kB
Inactive(file):   389916 kB
Unevictable:        3920 kB
Mlocked:               0 kB
SwapTotal:        524284 kB
SwapFree:         518396 kB
Dirty:              1096 kB
Writeback:             0 kB
AnonPages:        854808 kB
Mapped:           518860 kB
Shmem:              1224 kB
Slab:             104372 kB
SReclaimable:      31748 kB
SUnreclaim:        72624 kB
KernelStack:       40480 kB
PageTables:        41880 kB
NFS_Unstable:          0 kB
Bounce:                0 kB
WritebackTmp:          0 kB
CommitLimit:     1815632 kB
Committed_AS:   115141064 kB
VmallocTotal:   251658176 kB
VmallocUsed:      124572 kB
VmallocChunk:   251442084 kB
Time pass: 368 sec

---2015-12-03 21:52:43
MemTotal:        2582696 kB
MemFree:          126376 kB
Buffers:            7376 kB
Cached:           829252 kB
SwapCached:          136 kB
Active:          1118384 kB
Inactive:         563788 kB
Active(anon):     676952 kB
Inactive(anon):   173744 kB
Active(file):     441432 kB
Inactive(file):   390044 kB
Unevictable:        3920 kB
Mlocked:               0 kB
SwapTotal:        524284 kB
SwapFree:         518396 kB
Dirty:              1092 kB
Writeback:             0 kB
AnonPages:        849556 kB
Mapped:           512292 kB
Shmem:              1232 kB
Slab:             104368 kB
SReclaimable:      31716 kB
SUnreclaim:        72652 kB
KernelStack:       39552 kB
PageTables:        41384 kB
NFS_Unstable:          0 kB
Bounce:                0 kB
WritebackTmp:          0 kB
CommitLimit:     1815632 kB
Committed_AS:   113893368 kB
VmallocTotal:   251658176 kB
VmallocUsed:      123512 kB
VmallocChunk:   251442084 kB
Time pass: 372 sec

---2015-12-03 21:52:43
MemTotal:        2582696 kB
MemFree:          105864 kB
Buffers:            7376 kB
Cached:           828200 kB
SwapCached:          136 kB
Active:          1137540 kB
Inactive:         563832 kB
Active(anon):     696728 kB
Inactive(anon):   174240 kB
Active(file):     440812 kB
Inactive(file):   389592 kB
Unevictable:        3920 kB
Mlocked:               0 kB
SwapTotal:        524284 kB
SwapFree:         518260 kB
Dirty:              1124 kB
Writeback:             0 kB
AnonPages:        869572 kB
Mapped:           519084 kB
Shmem:              1252 kB
Slab:             104408 kB
SReclaimable:      31720 kB
SUnreclaim:        72688 kB
KernelStack:       40464 kB
PageTables:        42036 kB
NFS_Unstable:          0 kB
Bounce:                0 kB
WritebackTmp:          0 kB
CommitLimit:     1815632 kB
Committed_AS:   115153648 kB
VmallocTotal:   251658176 kB
VmallocUsed:      124532 kB
VmallocChunk:   251442084 kB
Time pass: 377 sec

---2015-12-03 21:52:43
MemTotal:        2582696 kB
MemFree:          110616 kB
Buffers:            7376 kB
Cached:           825992 kB
SwapCached:          136 kB
Active:          1133808 kB
Inactive:         563060 kB
Active(anon):     694368 kB
Inactive(anon):   174316 kB
Active(file):     439440 kB
Inactive(file):   388744 kB
Unevictable:        3920 kB
Mlocked:               0 kB
SwapTotal:        524284 kB
SwapFree:         518068 kB
Dirty:              1116 kB
Writeback:             0 kB
AnonPages:        867508 kB
Mapped:           518980 kB
Shmem:              1260 kB
Slab:             104344 kB
SReclaimable:      31720 kB
SUnreclaim:        72624 kB
KernelStack:       40464 kB
