---2015-12-11 14:29:19
MemTotal:        1421560 kB
MemFree:           41244 kB
Buffers:           12460 kB
Cached:           834236 kB
SwapCached:            0 kB
Active:           660424 kB
Inactive:         546344 kB
Active(anon):     361676 kB
Inactive(anon):      532 kB
Active(file):     298748 kB
Inactive(file):   545812 kB
Unevictable:        1516 kB
Mlocked:               0 kB
HighTotal:        885760 kB
HighFree:          11024 kB
LowTotal:         535800 kB
LowFree:           30220 kB
SwapTotal:             0 kB
SwapFree:              0 kB
Dirty:                 0 kB
Writeback:             0 kB
AnonPages:        361800 kB
Mapped:           341936 kB
Shmem:               620 kB
Slab:              43640 kB
SReclaimable:      13960 kB
SUnreclaim:        29680 kB
KernelStack:       10760 kB
PageTables:        27784 kB
NFS_Unstable:          0 kB
Bounce:                0 kB
WritebackTmp:          0 kB
CommitLimit:      710780 kB
Committed_AS:   36751844 kB
VmallocTotal:     460800 kB
VmallocUsed:       22436 kB
VmallocChunk:     203804 kB
Time pass: 3 sec

---2015-12-11 14:29:19
MemTotal:        1421560 kB
MemFree:           41020 kB
Buffers:           12460 kB
Cached:           834248 kB
SwapCached:            0 kB
Active:           660700 kB
Inactive:         546348 kB
Active(anon):     361948 kB
Inactive(anon):      532 kB
Active(file):     298752 kB
Inactive(file):   545816 kB
Unevictable:        1516 kB
Mlocked:               0 kB
HighTotal:        885760 kB
HighFree:          10776 kB
LowTotal:         535800 kB
LowFree:           30244 kB
SwapTotal:             0 kB
SwapFree:              0 kB
Dirty:                 0 kB
Writeback:             0 kB
AnonPages:        361900 kB
Mapped:           341944 kB
Shmem:               624 kB
Slab:              43568 kB
SReclaimable:      13968 kB
SUnreclaim:        29600 kB
KernelStack:       10744 kB
PageTables:        27760 kB
NFS_Unstable:          0 kB
Bounce:                0 kB
WritebackTmp:          0 kB
CommitLimit:      710780 kB
Committed_AS:   36752020 kB
VmallocTotal:     460800 kB
VmallocUsed:       22436 kB
VmallocChunk:     203804 kB
Time pass: 7 sec

---2015-12-11 14:29:19
MemTotal:        1421560 kB
MemFree:           40496 kB
Buffers:           12460 kB
Cached:           834252 kB
SwapCached:            0 kB
Active:           660852 kB
Inactive:         546348 kB
Active(anon):     362100 kB
Inactive(anon):      532 kB
Active(file):     298752 kB
Inactive(file):   545816 kB
Unevictable:        1516 kB
Mlocked:               0 kB
HighTotal:        885760 kB
HighFree:          10156 kB
LowTotal:         535800 kB
LowFree:           30340 kB
SwapTotal:             0 kB
SwapFree:              0 kB
Dirty:                 0 kB
Writeback:             0 kB
AnonPages:        362124 kB
Mapped:           341944 kB
Shmem:               620 kB
Slab:              43572 kB
SReclaimable:      13968 kB
SUnreclaim:        29604 kB
KernelStack:       10744 kB
PageTables:        27756 kB
NFS_Unstable:          0 kB
Bounce:                0 kB
WritebackTmp:          0 kB
CommitLimit:      710780 kB
Committed_AS:   36752096 kB
VmallocTotal:     460800 kB
VmallocUsed:       22436 kB
VmallocChunk:     203804 kB
Time pass: 10 sec

---2015-12-11 14:29:19
MemTotal:        1421560 kB
MemFree:           40216 kB
Buffers:           12460 kB
Cached:           834252 kB
SwapCached:            0 kB
Active:           660928 kB
Inactive:         546356 kB
Active(anon):     362176 kB
Inactive(anon):      532 kB
Active(file):     298752 kB
Inactive(file):   545824 kB
Unevictable:        1516 kB
Mlocked:               0 kB
HighTotal:        885760 kB
HighFree:           9908 kB
LowTotal:         535800 kB
LowFree:           30308 kB
SwapTotal:             0 kB
SwapFree:              0 kB
Dirty:                 0 kB
Writeback:             0 kB
AnonPages:        362240 kB
Mapped:           341796 kB
Shmem:               620 kB
Slab:              43576 kB
SReclaimable:      13968 kB
SUnreclaim:        29608 kB
KernelStack:       10744 kB
PageTables:        27756 kB
NFS_Unstable:          0 kB
Bounce:                0 kB
WritebackTmp:          0 kB
CommitLimit:      710780 kB
Committed_AS:   36752204 kB
VmallocTotal:     460800 kB
VmallocUsed:       22436 kB
VmallocChunk:     203804 kB
Time pass: 14 sec

---2015-12-11 14:29:19
MemTotal:        1421560 kB
MemFree:           40024 kB
Buffers:           12460 kB
Cached:           834252 kB
SwapCached:            0 kB
Active:           661100 kB
Inactive:         546356 kB
Active(anon):     362348 kB
Inactive(anon):      532 kB
Active(file):     298752 kB
Inactive(file):   545824 kB
Unevictable:        1516 kB
Mlocked:               0 kB
HighTotal:        885760 kB
HighFree:           9668 kB
LowTotal:         535800 kB
LowFree:           30356 kB
SwapTotal:             0 kB
SwapFree:              0 kB
Dirty:                 0 kB
Writeback:             0 kB
AnonPages:        362440 kB
Mapped:           341796 kB
Shmem:               620 kB
Slab:              43580 kB
SReclaimable:      13968 kB
SUnreclaim:        29612 kB
KernelStack:       10728 kB
PageTables:        27756 kB
NFS_Unstable:          0 kB
Bounce:                0 kB
WritebackTmp:          0 kB
CommitLimit:      710780 kB
Committed_AS:   36752348 kB
VmallocTotal:     460800 kB
VmallocUsed:       22436 kB
VmallocChunk:     203804 kB
Time pass: 17 sec

---2015-12-11 14:29:19
MemTotal:        1421560 kB
MemFree:           39668 kB
Buffers:           12460 kB
Cached:           834252 kB
SwapCached:            0 kB
Active:           661320 kB
Inactive:         546356 kB
Active(anon):     362568 kB
Inactive(anon):      532 kB
Active(file):     298752 kB
Inactive(file):   545824 kB
Unevictable:        1516 kB
Mlocked:               0 kB
HighTotal:        885760 kB
HighFree:           9304 kB
LowTotal:         535800 kB
LowFree:           30364 kB
SwapTotal:             0 kB
SwapFree:              0 kB
Dirty:                 0 kB
Writeback:             0 kB
AnonPages:        362552 kB
Mapped:           341796 kB
Shmem:               620 kB
Slab:              43544 kB
SReclaimable:      13968 kB
SUnreclaim:        29576 kB
KernelStack:       10720 kB
PageTables:        27748 kB
NFS_Unstable:          0 kB
Bounce:                0 kB
WritebackTmp:          0 kB
CommitLimit:      710780 kB
Committed_AS:   36752432 kB
VmallocTotal:     460800 kB
VmallocUsed:       22436 kB
VmallocChunk:     203804 kB
Time pass: 21 sec

---2015-12-11 14:29:19
MemTotal:        1421560 kB
MemFree:           22164 kB
Buffers:           11584 kB
Cached:           827984 kB
SwapCached:            0 kB
Active:           687328 kB
Inactive:         524000 kB
Active(anon):     373320 kB
Inactive(anon):      664 kB
Active(file):     314008 kB
Inactive(file):   523336 kB
Unevictable:        1516 kB
Mlocked:               0 kB
HighTotal:        885760 kB
HighFree:           7740 kB
LowTotal:         535800 kB
LowFree:           14424 kB
SwapTotal:             0 kB
SwapFree:              0 kB
Dirty:              1020 kB
Writeback:             0 kB
AnonPages:        373636 kB
Mapped:           362540 kB
Shmem:               752 kB
Slab:              43580 kB
SReclaimable:      13980 kB
SUnreclaim:        29600 kB
KernelStack:       11032 kB
PageTables:        28424 kB
NFS_Unstable:          0 kB
Bounce:                0 kB
WritebackTmp:          0 kB
CommitLimit:      710780 kB
Committed_AS:   37612192 kB
VmallocTotal:     460800 kB
VmallocUsed:       23604 kB
VmallocChunk:     180252 kB
Time pass: 25 sec

---2015-12-11 14:29:19
MemTotal:        1421560 kB
MemFree:           25532 kB
Buffers:           11540 kB
Cached:           812936 kB
SwapCached:            0 kB
Active:           688044 kB
Inactive:         505144 kB
Active(anon):     370364 kB
Inactive(anon):      664 kB
Active(file):     317680 kB
Inactive(file):   504480 kB
Unevictable:        1516 kB
Mlocked:               0 kB
HighTotal:        885760 kB
HighFree:           7248 kB
LowTotal:         535800 kB
LowFree:           18284 kB
SwapTotal:             0 kB
SwapFree:              0 kB
Dirty:               172 kB
Writeback:             0 kB
AnonPages:        370216 kB
Mapped:           357140 kB
Shmem:               752 kB
Slab:              43552 kB
SReclaimable:      13996 kB
SUnreclaim:        29556 kB
KernelStack:       11016 kB
PageTables:        28312 kB
NFS_Unstable:          0 kB
Bounce:                0 kB
WritebackTmp:          0 kB
CommitLimit:      710780 kB
Committed_AS:   37599796 kB
VmallocTotal:     460800 kB
VmallocUsed:       23648 kB
VmallocChunk:     180252 kB
Time pass: 29 sec

---2015-12-11 14:29:19
MemTotal:        1421560 kB
MemFree:           24504 kB
Buffers:           11548 kB
Cached:           795704 kB
SwapCached:            0 kB
Active:           684632 kB
Inactive:         492192 kB
Active(anon):     371180 kB
Inactive(anon):      664 kB
Active(file):     313452 kB
Inactive(file):   491528 kB
Unevictable:        1516 kB
Mlocked:               0 kB
HighTotal:        885760 kB
HighFree:           4468 kB
LowTotal:         535800 kB
LowFree:           20036 kB
SwapTotal:             0 kB
SwapFree:              0 kB
Dirty:               184 kB
Writeback:             0 kB
AnonPages:        371184 kB
Mapped:           371244 kB
Shmem:               752 kB
Slab:              43676 kB
SReclaimable:      14036 kB
SUnreclaim:        29640 kB
KernelStack:       11040 kB
PageTables:        28328 kB
NFS_Unstable:          0 kB
Bounce:                0 kB
WritebackTmp:          0 kB
CommitLimit:      710780 kB
Committed_AS:   37503108 kB
VmallocTotal:     460800 kB
VmallocUsed:       23720 kB
VmallocChunk:     180252 kB
Time pass: 32 sec

---2015-12-11 14:29:19
MemTotal:        1421560 kB
MemFree:           20344 kB
Buffers:           11548 kB
Cached:           795712 kB
SwapCached:            0 kB
Active:           683304 kB
Inactive:         492200 kB
Active(anon):     369852 kB
Inactive(anon):      664 kB
Active(file):     313452 kB
Inactive(file):   491536 kB
Unevictable:        1516 kB
Mlocked:               0 kB
HighTotal:        885760 kB
HighFree:           4332 kB
LowTotal:         535800 kB
LowFree:           16012 kB
SwapTotal:             0 kB
SwapFree:              0 kB
Dirty:               216 kB
Writeback:             0 kB
AnonPages:        369916 kB
Mapped:           375968 kB
Shmem:               752 kB
Slab:              43704 kB
SReclaimable:      14044 kB
SUnreclaim:        29660 kB
KernelStack:       11040 kB
PageTables:        28360 kB
NFS_Unstable:          0 kB
Bounce:                0 kB
WritebackTmp:          0 kB
CommitLimit:      710780 kB
Committed_AS:   37501820 kB
VmallocTotal:     460800 kB
VmallocUsed:       23756 kB
VmallocChunk:     180252 kB
Time pass: 36 sec

---2015-12-11 14:29:19
MemTotal:        1421560 kB
MemFree:           26296 kB
Buffers:           11500 kB
Cached:           787236 kB
SwapCached:            0 kB
Active:           685480 kB
Inactive:         482556 kB
Active(anon):     370752 kB
Inactive(anon):      664 kB
Active(file):     314728 kB
Inactive(file):   481892 kB
Unevictable:        1516 kB
Mlocked:               0 kB
HighTotal:        885760 kB
HighFree:           8156 kB
LowTotal:         535800 kB
LowFree:           18140 kB
SwapTotal:             0 kB
SwapFree:              0 kB
Dirty:               224 kB
Writeback:             0 kB
AnonPages:        370664 kB
Mapped:           377632 kB
Shmem:               752 kB
Slab:              43636 kB
SReclaimable:      13964 kB
SUnreclaim:        29672 kB
KernelStack:       11040 kB
PageTables:        28360 kB
NFS_Unstable:          0 kB
Bounce:                0 kB
WritebackTmp:          0 kB
CommitLimit:      710780 kB
Committed_AS:   37503292 kB
VmallocTotal:     460800 kB
VmallocUsed:       23756 kB
VmallocChunk:     180252 kB
Time pass: 40 sec

---2015-12-11 14:29:19
MemTotal:        1421560 kB
MemFree:           22708 kB
Buffers:           11500 kB
Cached:           778168 kB
SwapCached:            0 kB
Active:           689108 kB
Inactive:         473216 kB
Active(anon):     374300 kB
Inactive(anon):      664 kB
Active(file):     314808 kB
Inactive(file):   472552 kB
Unevictable:        1516 kB
Mlocked:               0 kB
HighTotal:        885760 kB
HighFree:           6376 kB
LowTotal:         535800 kB
LowFree:           16332 kB
SwapTotal:             0 kB
SwapFree:              0 kB
Dirty:                 4 kB
Writeback:             0 kB
AnonPages:        374288 kB
Mapped:           379896 kB
Shmem:               752 kB
Slab:              43688 kB
SReclaimable:      13996 kB
SUnreclaim:        29692 kB
KernelStack:       11072 kB
PageTables:        28420 kB
NFS_Unstable:          0 kB
Bounce:                0 kB
WritebackTmp:          0 kB
CommitLimit:      710780 kB
Committed_AS:   37538860 kB
VmallocTotal:     460800 kB
VmallocUsed:       23892 kB
VmallocChunk:     180252 kB
Time pass: 43 sec

---2015-12-11 14:29:19
MemTotal:        1421560 kB
MemFree:           20928 kB
Buffers:           11508 kB
Cached:           778168 kB
SwapCached:            0 kB
Active:           691052 kB
Inactive:         473264 kB
Active(anon):     376244 kB
Inactive(anon):      664 kB
Active(file):     314808 kB
Inactive(file):   472600 kB
Unevictable:        1516 kB
Mlocked:               0 kB
HighTotal:        885760 kB
HighFree:           4676 kB
LowTotal:         535800 kB
LowFree:           16252 kB
SwapTotal:             0 kB
SwapFree:              0 kB
Dirty:                68 kB
Writeback:             0 kB
AnonPages:        376216 kB
Mapped:           380228 kB
Shmem:               752 kB
Slab:              43688 kB
SReclaimable:      14012 kB
SUnreclaim:        29676 kB
KernelStack:       11072 kB
PageTables:        28428 kB
NFS_Unstable:          0 kB
Bounce:                0 kB
WritebackTmp:          0 kB
CommitLimit:      710780 kB
Committed_AS:   37541304 kB
VmallocTotal:     460800 kB
VmallocUsed:       23892 kB
VmallocChunk:     180252 kB
Time pass: 47 sec

---2015-12-11 14:29:19
MemTotal:        1421560 kB
MemFree:           18784 kB
Buffers:           11504 kB
Cached:           774512 kB
SwapCached:            0 kB
Active:           700024 kB
Inactive:         468372 kB
Active(anon):     384060 kB
Inactive(anon):      664 kB
Active(file):     315964 kB
Inactive(file):   467708 kB
Unevictable:        1516 kB
Mlocked:               0 kB
HighTotal:        885760 kB
HighFree:           4396 kB
LowTotal:         535800 kB
LowFree:           14388 kB
SwapTotal:             0 kB
SwapFree:              0 kB
Dirty:               128 kB
Writeback:             0 kB
AnonPages:        383996 kB
Mapped:           383680 kB
Shmem:               752 kB
Slab:              43760 kB
SReclaimable:      14020 kB
SUnreclaim:        29740 kB
KernelStack:       11072 kB
PageTables:        28424 kB
NFS_Unstable:          0 kB
Bounce:                0 kB
WritebackTmp:          0 kB
CommitLimit:      710780 kB
Committed_AS:   37548936 kB
VmallocTotal:     460800 kB
VmallocUsed:       23880 kB
VmallocChunk:     180252 kB
Time pass: 50 sec

---2015-12-11 14:29:19
MemTotal:        1421560 kB
MemFree:           26272 kB
Buffers:           10816 kB
Cached:           744696 kB
SwapCached:            0 kB
Active:           711492 kB
Inactive:         434600 kB
Active(anon):     392080 kB
Inactive(anon):      664 kB
Active(file):     319412 kB
Inactive(file):   433936 kB
Unevictable:        1516 kB
Mlocked:               0 kB
HighTotal:        885760 kB
HighFree:           7908 kB
LowTotal:         535800 kB
LowFree:           18364 kB
SwapTotal:             0 kB
SwapFree:              0 kB
Dirty:               412 kB
Writeback:             0 kB
AnonPages:        392208 kB
Mapped:           394704 kB
Shmem:               752 kB
Slab:              42680 kB
SReclaimable:      12928 kB
SUnreclaim:        29752 kB
KernelStack:       11128 kB
PageTables:        28480 kB
NFS_Unstable:          0 kB
Bounce:                0 kB
WritebackTmp:          0 kB
CommitLimit:      710780 kB
Committed_AS:   37557448 kB
VmallocTotal:     460800 kB
VmallocUsed:       23900 kB
VmallocChunk:     180252 kB
Time pass: 57 sec

---2015-12-11 14:29:19
MemTotal:        1421560 kB
MemFree:           21424 kB
Buffers:           10832 kB
Cached:           745956 kB
SwapCached:            0 kB
Active:           711892 kB
Inactive:         435776 kB
Active(anon):     392508 kB
Inactive(anon):      664 kB
Active(file):     319384 kB
Inactive(file):   435112 kB
Unevictable:        1516 kB
Mlocked:               0 kB
HighTotal:        885760 kB
HighFree:           4504 kB
LowTotal:         535800 kB
LowFree:           16920 kB
SwapTotal:             0 kB
SwapFree:              0 kB
Dirty:               244 kB
Writeback:             0 kB
AnonPages:        392516 kB
Mapped:           397304 kB
Shmem:               752 kB
Slab:              43660 kB
SReclaimable:      13976 kB
SUnreclaim:        29684 kB
KernelStack:       11128 kB
PageTables:        28500 kB
NFS_Unstable:          0 kB
Bounce:                0 kB
WritebackTmp:          0 kB
CommitLimit:      710780 kB
Committed_AS:   37557580 kB
VmallocTotal:     460800 kB
VmallocUsed:       23900 kB
VmallocChunk:     180252 kB
Time pass: 61 sec

---2015-12-11 14:29:19
MemTotal:        1421560 kB
MemFree:           23624 kB
Buffers:           10828 kB
Cached:           743384 kB
SwapCached:            0 kB
Active:           712804 kB
Inactive:         432572 kB
Active(anon):     392776 kB
Inactive(anon):      664 kB
Active(file):     320028 kB
Inactive(file):   431908 kB
Unevictable:        1516 kB
Mlocked:               0 kB
HighTotal:        885760 kB
HighFree:           6200 kB
LowTotal:         535800 kB
LowFree:           17424 kB
SwapTotal:             0 kB
SwapFree:              0 kB
Dirty:                 0 kB
Writeback:             0 kB
AnonPages:        392880 kB
Mapped:           397156 kB
Shmem:               752 kB
Slab:              43760 kB
SReclaimable:      13968 kB
SUnreclaim:        29792 kB
KernelStack:       11128 kB
PageTables:        28504 kB
NFS_Unstable:          0 kB
Bounce:                0 kB
WritebackTmp:          0 kB
CommitLimit:      710780 kB
Committed_AS:   37590764 kB
VmallocTotal:     460800 kB
VmallocUsed:       23900 kB
VmallocChunk:     180252 kB
Time pass: 65 sec

---2015-12-11 14:29:19
MemTotal:        1421560 kB
MemFree:           25720 kB
Buffers:           10548 kB
Cached:           738272 kB
SwapCached:            0 kB
Active:           712648 kB
Inactive:         427244 kB
Active(anon):     392724 kB
Inactive(anon):      664 kB
Active(file):     319924 kB
Inactive(file):   426580 kB
Unevictable:        1516 kB
Mlocked:               0 kB
HighTotal:        885760 kB
HighFree:           6296 kB
LowTotal:         535800 kB
LowFree:           19424 kB
SwapTotal:             0 kB
SwapFree:              0 kB
Dirty:               224 kB
Writeback:             0 kB
AnonPages:        392720 kB
Mapped:           399384 kB
Shmem:               752 kB
Slab:              43704 kB
SReclaimable:      13960 kB
SUnreclaim:        29744 kB
KernelStack:       11128 kB
PageTables:        28504 kB
NFS_Unstable:          0 kB
Bounce:                0 kB
WritebackTmp:          0 kB
CommitLimit:      710780 kB
Committed_AS:   37557696 kB
VmallocTotal:     460800 kB
VmallocUsed:       23900 kB
VmallocChunk:     180252 kB
Time pass: 68 sec

---2015-12-11 14:29:19
MemTotal:        1421560 kB
MemFree:           26036 kB
Buffers:           10556 kB
Cached:           738256 kB
SwapCached:            0 kB
Active:           712608 kB
Inactive:         427276 kB
Active(anon):     392684 kB
Inactive(anon):      664 kB
Active(file):     319924 kB
Inactive(file):   426612 kB
Unevictable:        1516 kB
Mlocked:               0 kB
HighTotal:        885760 kB
HighFree:           6620 kB
LowTotal:         535800 kB
LowFree:           19416 kB
SwapTotal:             0 kB
SwapFree:              0 kB
Dirty:                36 kB
Writeback:             0 kB
AnonPages:        392756 kB
Mapped:           399144 kB
Shmem:               752 kB
Slab:              43776 kB
SReclaimable:      13984 kB
SUnreclaim:        29792 kB
KernelStack:       11128 kB
PageTables:        28504 kB
NFS_Unstable:          0 kB
Bounce:                0 kB
WritebackTmp:          0 kB
CommitLimit:      710780 kB
Committed_AS:   37557768 kB
VmallocTotal:     460800 kB
VmallocUsed:       23900 kB
VmallocChunk:     180252 kB
Time pass: 72 sec

---2015-12-11 14:29:19
MemTotal:        1421560 kB
MemFree:           25012 kB
Buffers:           10492 kB
Cached:           726680 kB
SwapCached:            0 kB
Active:           719860 kB
Inactive:         414404 kB
Active(anon):     398696 kB
Inactive(anon):      664 kB
Active(file):     321164 kB
Inactive(file):   413740 kB
Unevictable:        1516 kB
Mlocked:               0 kB
HighTotal:        885760 kB
HighFree:           4360 kB
LowTotal:         535800 kB
LowFree:           20652 kB
SwapTotal:             0 kB
SwapFree:              0 kB
Dirty:               548 kB
Writeback:             0 kB
AnonPages:        398756 kB
Mapped:           404268 kB
Shmem:               752 kB
Slab:              43752 kB
SReclaimable:      13992 kB
SUnreclaim:        29760 kB
KernelStack:       11128 kB
PageTables:        28528 kB
NFS_Unstable:          0 kB
Bounce:                0 kB
WritebackTmp:          0 kB
CommitLimit:      710780 kB
Committed_AS:   37564068 kB
VmallocTotal:     460800 kB
VmallocUsed:       23912 kB
VmallocChunk:     180252 kB
Time pass: 75 sec

---2015-12-11 14:29:19
MemTotal:        1421560 kB
MemFree:           21524 kB
Buffers:           10492 kB
Cached:           726772 kB
SwapCached:            0 kB
Active:           724236 kB
Inactive:         414148 kB
Active(anon):     403072 kB
Inactive(anon):      664 kB
Active(file):     321164 kB
Inactive(file):   413484 kB
Unevictable:        1516 kB
Mlocked:               0 kB
HighTotal:        885760 kB
HighFree:           5268 kB
LowTotal:         535800 kB
LowFree:           16256 kB
SwapTotal:             0 kB
SwapFree:              0 kB
Dirty:               664 kB
Writeback:             0 kB
AnonPages:        403116 kB
Mapped:           408164 kB
Shmem:               752 kB
Slab:              43000 kB
SReclaimable:      13188 kB
SUnreclaim:        29812 kB
KernelStack:       11184 kB
PageTables:        28548 kB
NFS_Unstable:          0 kB
Bounce:                0 kB
WritebackTmp:          0 kB
CommitLimit:      710780 kB
Committed_AS:   37574168 kB
VmallocTotal:     460800 kB
VmallocUsed:       23912 kB
VmallocChunk:     180252 kB
Time pass: 79 sec

---2015-12-11 14:29:19
MemTotal:        1421560 kB
MemFree:           20440 kB
Buffers:           10516 kB
Cached:           726852 kB
SwapCached:            0 kB
Active:           726008 kB
Inactive:         414528 kB
Active(anon):     404780 kB
Inactive(anon):      664 kB
Active(file):     321228 kB
Inactive(file):   413864 kB
Unevictable:        1516 kB
Mlocked:               0 kB
HighTotal:        885760 kB
HighFree:           4520 kB
LowTotal:         535800 kB
LowFree:           15920 kB
SwapTotal:             0 kB
SwapFree:              0 kB
Dirty:                52 kB
Writeback:             0 kB
AnonPages:        405000 kB
Mapped:           406328 kB
Shmem:               752 kB
Slab:              43996 kB
SReclaimable:      14020 kB
SUnreclaim:        29976 kB
KernelStack:       11152 kB
PageTables:        28564 kB
NFS_Unstable:          0 kB
Bounce:                0 kB
WritebackTmp:          0 kB
CommitLimit:      710780 kB
Committed_AS:   37575600 kB
VmallocTotal:     460800 kB
VmallocUsed:       23912 kB
VmallocChunk:     180252 kB
Time pass: 86 sec

---2015-12-11 14:29:19
MemTotal:        1421560 kB
MemFree:           22008 kB
Buffers:           10224 kB
Cached:           704684 kB
SwapCached:            0 kB
Active:           731604 kB
Inactive:         389392 kB
Active(anon):     407696 kB
Inactive(anon):      820 kB
Active(file):     323908 kB
Inactive(file):   388572 kB
Unevictable:        1516 kB
Mlocked:               0 kB
HighTotal:        885760 kB
HighFree:           7044 kB
LowTotal:         535800 kB
LowFree:           14964 kB
SwapTotal:             0 kB
SwapFree:              0 kB
Dirty:                40 kB
Writeback:             0 kB
AnonPages:        407604 kB
Mapped:           405860 kB
Shmem:               912 kB
Slab:              44128 kB
SReclaimable:      14036 kB
SUnreclaim:        30092 kB
KernelStack:       11312 kB
PageTables:        28712 kB
NFS_Unstable:          0 kB
Bounce:                0 kB
WritebackTmp:          0 kB
CommitLimit:      710780 kB
Committed_AS:   37591348 kB
VmallocTotal:     460800 kB
VmallocUsed:       26840 kB
VmallocChunk:     176808 kB
Time pass: 93 sec

---2015-12-11 14:29:19
MemTotal:        1421560 kB
MemFree:           19284 kB
Buffers:           10136 kB
Cached:           672272 kB
SwapCached:            0 kB
Active:           731444 kB
Inactive:         357192 kB
Active(anon):     408908 kB
Inactive(anon):      820 kB
Active(file):     322536 kB
Inactive(file):   356372 kB
Unevictable:        2588 kB
Mlocked:               0 kB
HighTotal:        885760 kB
HighFree:           5756 kB
LowTotal:         535800 kB
LowFree:           13528 kB
SwapTotal:             0 kB
SwapFree:              0 kB
Dirty:                 0 kB
Writeback:             0 kB
AnonPages:        408976 kB
Mapped:           402572 kB
Shmem:               912 kB
Slab:              44208 kB
SReclaimable:      14052 kB
SUnreclaim:        30156 kB
KernelStack:       11336 kB
PageTables:        28868 kB
NFS_Unstable:          0 kB
Bounce:                0 kB
WritebackTmp:          0 kB
CommitLimit:      710780 kB
Committed_AS:   37592896 kB
VmallocTotal:     460800 kB
VmallocUsed:       26840 kB
VmallocChunk:     176808 kB
Time pass: 99 sec

---2015-12-11 14:29:19
MemTotal:        1421560 kB
MemFree:           20060 kB
Buffers:           10128 kB
Cached:           666836 kB
SwapCached:            0 kB
Active:           731276 kB
Inactive:         354516 kB
Active(anon):     411516 kB
Inactive(anon):      836 kB
Active(file):     319760 kB
Inactive(file):   353680 kB
Unevictable:        2596 kB
Mlocked:               0 kB
HighTotal:        885760 kB
HighFree:           5872 kB
LowTotal:         535800 kB
LowFree:           14188 kB
SwapTotal:             0 kB
SwapFree:              0 kB
Dirty:                 0 kB
Writeback:             0 kB
AnonPages:        411584 kB
Mapped:           400720 kB
Shmem:               928 kB
Slab:              44148 kB
SReclaimable:      14068 kB
SUnreclaim:        30080 kB
KernelStack:       11344 kB
PageTables:        28728 kB
NFS_Unstable:          0 kB
Bounce:                0 kB
WritebackTmp:          0 kB
CommitLimit:      710780 kB
Committed_AS:   37595260 kB
VmallocTotal:     460800 kB
VmallocUsed:       26840 kB
VmallocChunk:     176808 kB
Time pass: 106 sec

---2015-12-11 14:29:19
MemTotal:        1421560 kB
MemFree:           18776 kB
Buffers:           10144 kB
Cached:           666844 kB
SwapCached:            0 kB
Active:           732736 kB
Inactive:         354540 kB
Active(anon):     412976 kB
Inactive(anon):      844 kB
Active(file):     319760 kB
Inactive(file):   353696 kB
Unevictable:        2596 kB
Mlocked:               0 kB
HighTotal:        885760 kB
HighFree:           4864 kB
LowTotal:         535800 kB
LowFree:           13912 kB
SwapTotal:             0 kB
SwapFree:              0 kB
Dirty:                 0 kB
Writeback:             0 kB
AnonPages:        412964 kB
Mapped:           400680 kB
Shmem:               936 kB
Slab:              44320 kB
SReclaimable:      14068 kB
SUnreclaim:        30252 kB
KernelStack:       11320 kB
PageTables:        28696 kB
NFS_Unstable:          0 kB
Bounce:                0 kB
WritebackTmp:          0 kB
CommitLimit:      710780 kB
Committed_AS:   37596520 kB
VmallocTotal:     460800 kB
VmallocUsed:       26840 kB
VmallocChunk:     176808 kB
Time pass: 110 sec

---2015-12-11 14:29:19
MemTotal:        1421560 kB
MemFree:           29000 kB
Buffers:           11032 kB
Cached:           656732 kB
SwapCached:            0 kB
Active:           729244 kB
Inactive:         350512 kB
Active(anon):     414736 kB
Inactive(anon):      664 kB
Active(file):     314508 kB
Inactive(file):   349848 kB
Unevictable:        2596 kB
Mlocked:               0 kB
HighTotal:        885760 kB
HighFree:           7824 kB
LowTotal:         535800 kB
LowFree:           21176 kB
SwapTotal:             0 kB
SwapFree:              0 kB
Dirty:                36 kB
Writeback:           112 kB
AnonPages:        414760 kB
Mapped:           398660 kB
Shmem:               752 kB
Slab:              44220 kB
SReclaimable:      13996 kB
SUnreclaim:        30224 kB
KernelStack:       11264 kB
PageTables:        28952 kB
NFS_Unstable:          0 kB
Bounce:                0 kB
WritebackTmp:          0 kB
CommitLimit:      710780 kB
Committed_AS:   38903148 kB
VmallocTotal:     460800 kB
VmallocUsed:       26840 kB
VmallocChunk:     176808 kB
Time pass: 115 sec

---2015-12-11 14:29:19
MemTotal:        1421560 kB
MemFree:          169240 kB
Buffers:           11080 kB
Cached:           657680 kB
SwapCached:            0 kB
Active:           660616 kB
Inactive:         350268 kB
Active(anon):     344880 kB
Inactive(anon):      532 kB
Active(file):     315736 kB
Inactive(file):   349736 kB
Unevictable:        2596 kB
Mlocked:               0 kB
HighTotal:        885760 kB
HighFree:          99104 kB
LowTotal:         535800 kB
LowFree:           70136 kB
SwapTotal:             0 kB
SwapFree:              0 kB
Dirty:                 4 kB
Writeback:             0 kB
AnonPages:        344812 kB
Mapped:           310544 kB
Shmem:               620 kB
Slab:              43996 kB
SReclaimable:      14040 kB
SUnreclaim:        29956 kB
KernelStack:       10472 kB
PageTables:        27020 kB
NFS_Unstable:          0 kB
Bounce:                0 kB
WritebackTmp:          0 kB
CommitLimit:      710780 kB
Committed_AS:   36145964 kB
VmallocTotal:     460800 kB
VmallocUsed:       25500 kB
VmallocChunk:     176808 kB
Time pass: 118 sec

---2015-12-11 14:29:19
MemTotal:        1421560 kB
MemFree:          173700 kB
Buffers:           11088 kB
Cached:           657680 kB
SwapCached:            0 kB
Active:           656280 kB
Inactive:         350348 kB
Active(anon):     340544 kB
Inactive(anon):      532 kB
Active(file):     315736 kB
Inactive(file):   349816 kB
Unevictable:        2596 kB
Mlocked:               0 kB
HighTotal:        885760 kB
HighFree:         100288 kB
LowTotal:         535800 kB
LowFree:           73412 kB
SwapTotal:             0 kB
SwapFree:              0 kB
Dirty:                40 kB
Writeback:             0 kB
AnonPages:        340560 kB
Mapped:           310696 kB
Shmem:               620 kB
Slab:              43828 kB
SReclaimable:      14044 kB
SUnreclaim:        29784 kB
KernelStack:       10472 kB
PageTables:        27016 kB
NFS_Unstable:          0 kB
Bounce:                0 kB
WritebackTmp:          0 kB
CommitLimit:      710780 kB
Committed_AS:   36108316 kB
VmallocTotal:     460800 kB
VmallocUsed:       25500 kB
VmallocChunk:     176808 kB
Time pass: 122 sec

---2015-12-11 14:29:19
MemTotal:        1421560 kB
MemFree:          173580 kB
Buffers:           11096 kB
Cached:           657672 kB
SwapCached:            0 kB
Active:           656252 kB
Inactive:         350344 kB
Active(anon):     340512 kB
Inactive(anon):      532 kB
Active(file):     315740 kB
Inactive(file):   349812 kB
Unevictable:        2596 kB
Mlocked:               0 kB
HighTotal:        885760 kB
HighFree:         100240 kB
LowTotal:         535800 kB
LowFree:           73340 kB
SwapTotal:             0 kB
SwapFree:              0 kB
Dirty:                 0 kB
Writeback:             0 kB
AnonPages:        340556 kB
Mapped:           310548 kB
Shmem:               620 kB
Slab:              44044 kB
SReclaimable:      14044 kB
SUnreclaim:        30000 kB
KernelStack:       10472 kB
PageTables:        27012 kB
NFS_Unstable:          0 kB
Bounce:                0 kB
WritebackTmp:          0 kB
CommitLimit:      710780 kB
Committed_AS:   36108396 kB
VmallocTotal:     460800 kB
VmallocUsed:       25500 kB
VmallocChunk:     176808 kB
Time pass: 125 sec

---2015-12-11 14:29:19
MemTotal:        1421560 kB
MemFree:          173860 kB
Buffers:           11096 kB
Cached:           657680 kB
SwapCached:            0 kB
Active:           656308 kB
Inactive:         350352 kB
Active(anon):     340568 kB
Inactive(anon):      532 kB
Active(file):     315740 kB
Inactive(file):   349820 kB
Unevictable:        2596 kB
Mlocked:               0 kB
HighTotal:        885760 kB
HighFree:         100364 kB
LowTotal:         535800 kB
LowFree:           73496 kB
SwapTotal:             0 kB
SwapFree:              0 kB
Dirty:                36 kB
Writeback:             0 kB
AnonPages:        340716 kB
Mapped:           310556 kB
Shmem:               620 kB
Slab:              43980 kB
SReclaimable:      14044 kB
SUnreclaim:        29936 kB
KernelStack:       10472 kB
PageTables:        27012 kB
NFS_Unstable:          0 kB
Bounce:                0 kB
WritebackTmp:          0 kB
CommitLimit:      710780 kB
Committed_AS:   36108484 kB
VmallocTotal:     460800 kB
VmallocUsed:       23092 kB
VmallocChunk:     180252 kB
Time pass: 129 sec

---2015-12-11 14:29:19
MemTotal:        1421560 kB
MemFree:          173512 kB
Buffers:           11096 kB
Cached:           657680 kB
SwapCached:            0 kB
Active:           656476 kB
Inactive:         350352 kB
Active(anon):     340736 kB
Inactive(anon):      532 kB
Active(file):     315740 kB
Inactive(file):   349820 kB
Unevictable:        2596 kB
Mlocked:               0 kB
HighTotal:        885760 kB
HighFree:         100016 kB
LowTotal:         535800 kB
LowFree:           73496 kB
SwapTotal:             0 kB
SwapFree:              0 kB
Dirty:                 0 kB
Writeback:             0 kB
AnonPages:        340816 kB
Mapped:           310704 kB
Shmem:               620 kB
Slab:              43980 kB
SReclaimable:      14044 kB
SUnreclaim:        29936 kB
KernelStack:       10472 kB
PageTables:        27012 kB
NFS_Unstable:          0 kB
Bounce:                0 kB
WritebackTmp:          0 kB
CommitLimit:      710780 kB
Committed_AS:   36108636 kB
VmallocTotal:     460800 kB
VmallocUsed:       23092 kB
VmallocChunk:     180252 kB
Time pass: 132 sec

---2015-12-11 14:29:19
MemTotal:        1421560 kB
MemFree:          173344 kB
Buffers:           11096 kB
Cached:           657680 kB
SwapCached:            0 kB
Active:           656672 kB
Inactive:         350352 kB
Active(anon):     340932 kB
Inactive(anon):      532 kB
Active(file):     315740 kB
Inactive(file):   349820 kB
Unevictable:        2596 kB
Mlocked:               0 kB
HighTotal:        885760 kB
HighFree:          99920 kB
LowTotal:         535800 kB
LowFree:           73424 kB
SwapTotal:             0 kB
SwapFree:              0 kB
Dirty:                 0 kB
Writeback:             0 kB
AnonPages:        340924 kB
Mapped:           310716 kB
Shmem:               620 kB
Slab:              44084 kB
SReclaimable:      14044 kB
SUnreclaim:        30040 kB
KernelStack:       10480 kB
PageTables:        27012 kB
NFS_Unstable:          0 kB
Bounce:                0 kB
WritebackTmp:          0 kB
CommitLimit:      710780 kB
Committed_AS:   36108820 kB
VmallocTotal:     460800 kB
VmallocUsed:       23092 kB
VmallocChunk:     180252 kB
Time pass: 136 sec

---2015-12-11 14:29:19
MemTotal:        1421560 kB
MemFree:          173472 kB
Buffers:           11096 kB
Cached:           657680 kB
SwapCached:            0 kB
Active:           656684 kB
Inactive:         350352 kB
Active(anon):     340944 kB
Inactive(anon):      532 kB
Active(file):     315740 kB
Inactive(file):   349820 kB
Unevictable:        2596 kB
Mlocked:               0 kB
HighTotal:        885760 kB
HighFree:         100040 kB
LowTotal:         535800 kB
LowFree:           73432 kB
SwapTotal:             0 kB
SwapFree:              0 kB
Dirty:                 0 kB
Writeback:             0 kB
AnonPages:        341032 kB
Mapped:           310568 kB
Shmem:               620 kB
Slab:              44040 kB
SReclaimable:      14044 kB
SUnreclaim:        29996 kB
KernelStack:       10472 kB
PageTables:        27012 kB
NFS_Unstable:          0 kB
Bounce:                0 kB
WritebackTmp:          0 kB
CommitLimit:      710780 kB
Committed_AS:   36108924 kB
VmallocTotal:     460800 kB
VmallocUsed:       23092 kB
VmallocChunk:     180252 kB
Time pass: 139 sec

---2015-12-11 14:29:19
MemTotal:        1421560 kB
MemFree:          173480 kB
Buffers:           11096 kB
Cached:           657680 kB
SwapCached:            0 kB
Active:           656864 kB
Inactive:         350352 kB
Active(anon):     341124 kB
Inactive(anon):      532 kB
Active(file):     315740 kB
Inactive(file):   349820 kB
Unevictable:        2596 kB
Mlocked:               0 kB
HighTotal:        885760 kB
HighFree:          99968 kB
LowTotal:         535800 kB
LowFree:           73512 kB
SwapTotal:             0 kB
SwapFree:              0 kB
Dirty:                 0 kB
Writeback:             0 kB
AnonPages:        341096 kB
Mapped:           310672 kB
Shmem:               620 kB
Slab:              43972 kB
SReclaimable:      14044 kB
SUnreclaim:        29928 kB
KernelStack:       10472 kB
PageTables:        26996 kB
NFS_Unstable:          0 kB
Bounce:                0 kB
WritebackTmp:          0 kB
CommitLimit:      710780 kB
Committed_AS:   36109028 kB
VmallocTotal:     460800 kB
VmallocUsed:       23092 kB
VmallocChunk:     180252 kB
Time pass: 143 sec

---2015-12-11 14:29:19
MemTotal:        1421560 kB
MemFree:          173532 kB
Buffers:           11096 kB
Cached:           657680 kB
SwapCached:            0 kB
Active:           656976 kB
Inactive:         350352 kB
Active(anon):     341236 kB
Inactive(anon):      532 kB
Active(file):     315740 kB
Inactive(file):   349820 kB
Unevictable:        2596 kB
Mlocked:               0 kB
HighTotal:        885760 kB
HighFree:         100068 kB
LowTotal:         535800 kB
LowFree:           73464 kB
SwapTotal:             0 kB
SwapFree:              0 kB
Dirty:                 0 kB
Writeback:             0 kB
AnonPages:        341256 kB
Mapped:           310580 kB
Shmem:               620 kB
Slab:              44004 kB
SReclaimable:      14044 kB
SUnreclaim:        29960 kB
KernelStack:       10472 kB
PageTables:        27012 kB
NFS_Unstable:          0 kB
Bounce:                0 kB
WritebackTmp:          0 kB
CommitLimit:      710780 kB
Committed_AS:   36109152 kB
VmallocTotal:     460800 kB
VmallocUsed:       23092 kB
VmallocChunk:     180252 kB
Time pass: 147 sec

---2015-12-11 14:29:19
MemTotal:        1421560 kB
MemFree:          173568 kB
Buffers:           11096 kB
Cached:           657680 kB
SwapCached:            0 kB
Active:           656984 kB
Inactive:         350352 kB
Active(anon):     341244 kB
Inactive(anon):      532 kB
Active(file):     315740 kB
Inactive(file):   349820 kB
Unevictable:        2596 kB
Mlocked:               0 kB
HighTotal:        885760 kB
HighFree:         100072 kB
LowTotal:         535800 kB
LowFree:           73496 kB
SwapTotal:             0 kB
SwapFree:              0 kB
Dirty:                 0 kB
Writeback:             0 kB
AnonPages:        341380 kB
Mapped:           310580 kB
Shmem:               620 kB
Slab:              43996 kB
SReclaimable:      14044 kB
SUnreclaim:        29952 kB
KernelStack:       10472 kB
PageTables:        27012 kB
NFS_Unstable:          0 kB
Bounce:                0 kB
WritebackTmp:          0 kB
CommitLimit:      710780 kB
Committed_AS:   36109300 kB
VmallocTotal:     460800 kB
VmallocUsed:       23092 kB
VmallocChunk:     180252 kB
Time pass: 151 sec

---2015-12-11 14:29:19
MemTotal:        1421560 kB
MemFree:          173512 kB
Buffers:           11096 kB
Cached:           657680 kB
SwapCached:            0 kB
Active:           657084 kB
Inactive:         350352 kB
Active(anon):     341344 kB
Inactive(anon):      532 kB
Active(file):     315740 kB
Inactive(file):   349820 kB
Unevictable:        2596 kB
Mlocked:               0 kB
HighTotal:        885760 kB
HighFree:          99828 kB
LowTotal:         535800 kB
LowFree:           73684 kB
SwapTotal:             0 kB
SwapFree:              0 kB
Dirty:                 0 kB
Writeback:             0 kB
AnonPages:        341480 kB
Mapped:           310580 kB
Shmem:               620 kB
Slab:              43908 kB
SReclaimable:      14044 kB
SUnreclaim:        29864 kB
KernelStack:       10472 kB
PageTables:        27012 kB
NFS_Unstable:          0 kB
Bounce:                0 kB
WritebackTmp:          0 kB
CommitLimit:      710780 kB
Committed_AS:   36109364 kB
VmallocTotal:     460800 kB
VmallocUsed:       23092 kB
VmallocChunk:     180252 kB
Time pass: 154 sec

---2015-12-11 14:29:19
MemTotal:        1421560 kB
MemFree:          173300 kB
Buffers:           11144 kB
Cached:           657708 kB
SwapCached:            0 kB
Active:           657472 kB
Inactive:         350392 kB
Active(anon):     341712 kB
Inactive(anon):      532 kB
Active(file):     315760 kB
Inactive(file):   349860 kB
Unevictable:        2596 kB
Mlocked:               0 kB
HighTotal:        885760 kB
HighFree:          99648 kB
LowTotal:         535800 kB
LowFree:           73652 kB
SwapTotal:             0 kB
SwapFree:              0 kB
Dirty:                60 kB
Writeback:             0 kB
AnonPages:        341704 kB
Mapped:           310728 kB
Shmem:               620 kB
Slab:              43936 kB
SReclaimable:      14044 kB
SUnreclaim:        29892 kB
KernelStack:       10472 kB
PageTables:        27012 kB
NFS_Unstable:          0 kB
Bounce:                0 kB
WritebackTmp:          0 kB
CommitLimit:      710780 kB
Committed_AS:   36109572 kB
VmallocTotal:     460800 kB
VmallocUsed:       23092 kB
VmallocChunk:     180252 kB
Time pass: 158 sec

---2015-12-11 14:29:19
MemTotal:        1421560 kB
MemFree:          173036 kB
Buffers:           11144 kB
Cached:           657708 kB
SwapCached:            0 kB
Active:           657476 kB
Inactive:         350404 kB
Active(anon):     341716 kB
Inactive(anon):      532 kB
Active(file):     315760 kB
Inactive(file):   349872 kB
Unevictable:        2596 kB
Mlocked:               0 kB
HighTotal:        885760 kB
HighFree:          99320 kB
LowTotal:         535800 kB
LowFree:           73716 kB
SwapTotal:             0 kB
SwapFree:              0 kB
Dirty:                60 kB
Writeback:             0 kB
AnonPages:        341808 kB
Mapped:           310580 kB
Shmem:               620 kB
Slab:              43876 kB
SReclaimable:      14044 kB
SUnreclaim:        29832 kB
KernelStack:       10472 kB
PageTables:        27012 kB
NFS_Unstable:          0 kB
Bounce:                0 kB
WritebackTmp:          0 kB
CommitLimit:      710780 kB
Committed_AS:   36109652 kB
VmallocTotal:     460800 kB
VmallocUsed:       23092 kB
VmallocChunk:     180252 kB
Time pass: 161 sec

---2015-12-11 14:29:19
MemTotal:        1421560 kB
MemFree:          173044 kB
Buffers:           11152 kB
Cached:           657708 kB
SwapCached:            0 kB
Active:           657596 kB
Inactive:         350408 kB
Active(anon):     341836 kB
Inactive(anon):      532 kB
Active(file):     315760 kB
Inactive(file):   349876 kB
Unevictable:        2596 kB
Mlocked:               0 kB
HighTotal:        885760 kB
HighFree:          99304 kB
LowTotal:         535800 kB
LowFree:           73740 kB
SwapTotal:             0 kB
SwapFree:              0 kB
Dirty:                 8 kB
Writeback:             0 kB
AnonPages:        341940 kB
Mapped:           310728 kB
Shmem:               620 kB
Slab:              43836 kB
SReclaimable:      14044 kB
SUnreclaim:        29792 kB
KernelStack:       10480 kB
PageTables:        27012 kB
NFS_Unstable:          0 kB
Bounce:                0 kB
WritebackTmp:          0 kB
CommitLimit:      710780 kB
Committed_AS:   36109704 kB
VmallocTotal:     460800 kB
VmallocUsed:       23092 kB
VmallocChunk:     180252 kB
Time pass: 165 sec

---2015-12-11 14:29:19
MemTotal:        1421560 kB
MemFree:          137732 kB
Buffers:           11272 kB
Cached:           659356 kB
SwapCached:            0 kB
Active:           679712 kB
Inactive:         350192 kB
Active(anon):     362008 kB
Inactive(anon):      664 kB
Active(file):     317704 kB
Inactive(file):   349528 kB
Unevictable:        2596 kB
Mlocked:               0 kB
HighTotal:        885760 kB
HighFree:          62328 kB
LowTotal:         535800 kB
LowFree:           75404 kB
SwapTotal:             0 kB
SwapFree:              0 kB
Dirty:                12 kB
Writeback:             0 kB
AnonPages:        361972 kB
Mapped:           338212 kB
Shmem:               752 kB
Slab:              44076 kB
SReclaimable:      14120 kB
SUnreclaim:        29956 kB
KernelStack:       11000 kB
PageTables:        27840 kB
NFS_Unstable:          0 kB
Bounce:                0 kB
WritebackTmp:          0 kB
CommitLimit:      710780 kB
Committed_AS:   36952376 kB
VmallocTotal:     460800 kB
VmallocUsed:       24272 kB
VmallocChunk:     168988 kB
Time pass: 169 sec

---2015-12-11 14:29:19
MemTotal:        1421560 kB
MemFree:          114132 kB
Buffers:           11280 kB
Cached:           659904 kB
SwapCached:            0 kB
Active:           693376 kB
Inactive:         350208 kB
Active(anon):     375128 kB
Inactive(anon):      664 kB
Active(file):     318248 kB
Inactive(file):   349544 kB
Unevictable:        2596 kB
Mlocked:               0 kB
HighTotal:        885760 kB
HighFree:          42428 kB
LowTotal:         535800 kB
LowFree:           71704 kB
SwapTotal:             0 kB
SwapFree:              0 kB
Dirty:               240 kB
Writeback:             0 kB
AnonPages:        375096 kB
Mapped:           346836 kB
Shmem:               752 kB
Slab:              44124 kB
SReclaimable:      14132 kB
SUnreclaim:        29992 kB
KernelStack:       11024 kB
PageTables:        27896 kB
NFS_Unstable:          0 kB
Bounce:                0 kB
WritebackTmp:          0 kB
CommitLimit:      710780 kB
Committed_AS:   36930700 kB
VmallocTotal:     460800 kB
VmallocUsed:       24304 kB
VmallocChunk:     168988 kB
Time pass: 172 sec

---2015-12-11 14:29:19
MemTotal:        1421560 kB
MemFree:           89520 kB
Buffers:           11288 kB
Cached:           660272 kB
SwapCached:            0 kB
Active:           698064 kB
Inactive:         350532 kB
Active(anon):     379764 kB
Inactive(anon):      664 kB
Active(file):     318300 kB
Inactive(file):   349868 kB
Unevictable:        2596 kB
Mlocked:               0 kB
HighTotal:        885760 kB
HighFree:          18152 kB
LowTotal:         535800 kB
LowFree:           71368 kB
SwapTotal:             0 kB
SwapFree:              0 kB
Dirty:               744 kB
Writeback:             0 kB
AnonPages:        379660 kB
Mapped:           362536 kB
Shmem:               752 kB
Slab:              44104 kB
SReclaimable:      14136 kB
SUnreclaim:        29968 kB
KernelStack:       11072 kB
PageTables:        27948 kB
NFS_Unstable:          0 kB
Bounce:                0 kB
WritebackTmp:          0 kB
CommitLimit:      710780 kB
Committed_AS:   36903468 kB
VmallocTotal:     460800 kB
VmallocUsed:       24356 kB
VmallocChunk:     168988 kB
Time pass: 176 sec

---2015-12-11 14:29:19
MemTotal:        1421560 kB
MemFree:           67620 kB
Buffers:           11288 kB
Cached:           661072 kB
SwapCached:            0 kB
Active:           701952 kB
Inactive:         350052 kB
Active(anon):     382396 kB
Inactive(anon):      664 kB
Active(file):     319556 kB
Inactive(file):   349388 kB
Unevictable:        2596 kB
Mlocked:               0 kB
HighTotal:        885760 kB
HighFree:           4444 kB
LowTotal:         535800 kB
LowFree:           63176 kB
SwapTotal:             0 kB
SwapFree:              0 kB
Dirty:               892 kB
Writeback:             0 kB
AnonPages:        382308 kB
Mapped:           379432 kB
Shmem:               752 kB
Slab:              44104 kB
SReclaimable:      14152 kB
SUnreclaim:        29952 kB
KernelStack:       11072 kB
PageTables:        27988 kB
NFS_Unstable:          0 kB
Bounce:                0 kB
WritebackTmp:          0 kB
CommitLimit:      710780 kB
Committed_AS:   36906772 kB
VmallocTotal:     460800 kB
VmallocUsed:       24384 kB
VmallocChunk:     168988 kB
Time pass: 180 sec

---2015-12-11 14:29:19
MemTotal:        1421560 kB
MemFree:           60500 kB
Buffers:           11296 kB
Cached:           661316 kB
SwapCached:            0 kB
Active:           704072 kB
Inactive:         349916 kB
Active(anon):     384064 kB
Inactive(anon):      664 kB
Active(file):     320008 kB
Inactive(file):   349252 kB
Unevictable:        2596 kB
Mlocked:               0 kB
HighTotal:        885760 kB
HighFree:           4408 kB
LowTotal:         535800 kB
LowFree:           56092 kB
SwapTotal:             0 kB
SwapFree:              0 kB
Dirty:               224 kB
Writeback:             0 kB
AnonPages:        384092 kB
Mapped:           384500 kB
Shmem:               752 kB
Slab:              44096 kB
SReclaimable:      14164 kB
SUnreclaim:        29932 kB
KernelStack:       11072 kB
PageTables:        28012 kB
NFS_Unstable:          0 kB
Bounce:                0 kB
WritebackTmp:          0 kB
CommitLimit:      710780 kB
Committed_AS:   36908516 kB
VmallocTotal:     460800 kB
VmallocUsed:       24396 kB
VmallocChunk:     168988 kB
Time pass: 183 sec

---2015-12-11 14:29:19
MemTotal:        1421560 kB
MemFree:           60516 kB
Buffers:           11312 kB
Cached:           661316 kB
SwapCached:            0 kB
Active:           704440 kB
Inactive:         349872 kB
Active(anon):     384368 kB
Inactive(anon):      664 kB
Active(file):     320072 kB
Inactive(file):   349208 kB
Unevictable:        2596 kB
Mlocked:               0 kB
HighTotal:        885760 kB
HighFree:           4532 kB
LowTotal:         535800 kB
LowFree:           55984 kB
SwapTotal:             0 kB
SwapFree:              0 kB
Dirty:                 0 kB
Writeback:             0 kB
AnonPages:        384452 kB
Mapped:           384252 kB
Shmem:               752 kB
Slab:              44248 kB
SReclaimable:      14164 kB
SUnreclaim:        30084 kB
KernelStack:       11072 kB
PageTables:        28012 kB
NFS_Unstable:          0 kB
Bounce:                0 kB
WritebackTmp:          0 kB
CommitLimit:      710780 kB
Committed_AS:   36909196 kB
VmallocTotal:     460800 kB
VmallocUsed:       24396 kB
VmallocChunk:     168988 kB
Time pass: 188 sec

---2015-12-11 14:29:19
MemTotal:        1421560 kB
MemFree:           47280 kB
Buffers:           11320 kB
Cached:           661328 kB
SwapCached:            0 kB
Active:           710616 kB
Inactive:         349876 kB
Active(anon):     390528 kB
Inactive(anon):      664 kB
Active(file):     320088 kB
Inactive(file):   349212 kB
Unevictable:        2596 kB
Mlocked:               0 kB
HighTotal:        885760 kB
HighFree:           4908 kB
LowTotal:         535800 kB
LowFree:           42372 kB
SwapTotal:             0 kB
SwapFree:              0 kB
Dirty:               588 kB
Writeback:             0 kB
AnonPages:        390508 kB
Mapped:           390204 kB
Shmem:               752 kB
Slab:              44220 kB
SReclaimable:      14172 kB
SUnreclaim:        30048 kB
KernelStack:       11080 kB
PageTables:        28032 kB
NFS_Unstable:          0 kB
Bounce:                0 kB
WritebackTmp:          0 kB
CommitLimit:      710780 kB
Committed_AS:   36915236 kB
VmallocTotal:     460800 kB
VmallocUsed:       24408 kB
VmallocChunk:     168988 kB
Time pass: 191 sec

---2015-12-11 14:29:19
MemTotal:        1421560 kB
MemFree:           46696 kB
Buffers:           11320 kB
Cached:           661328 kB
SwapCached:            0 kB
Active:           710628 kB
Inactive:         349876 kB
Active(anon):     390540 kB
Inactive(anon):      664 kB
Active(file):     320088 kB
Inactive(file):   349212 kB
Unevictable:        2596 kB
Mlocked:               0 kB
HighTotal:        885760 kB
HighFree:           4700 kB
LowTotal:         535800 kB
LowFree:           41996 kB
SwapTotal:             0 kB
SwapFree:              0 kB
Dirty:                 0 kB
Writeback:             0 kB
AnonPages:        390504 kB
Mapped:           390036 kB
Shmem:               752 kB
Slab:              44244 kB
SReclaimable:      14172 kB
SUnreclaim:        30072 kB
KernelStack:       11072 kB
PageTables:        28044 kB
NFS_Unstable:          0 kB
Bounce:                0 kB
WritebackTmp:          0 kB
CommitLimit:      710780 kB
Committed_AS:   36915256 kB
VmallocTotal:     460800 kB
VmallocUsed:       24408 kB
VmallocChunk:     168988 kB
Time pass: 195 sec

---2015-12-11 14:29:19
MemTotal:        1421560 kB
MemFree:           46596 kB
Buffers:           11328 kB
Cached:           661320 kB
SwapCached:            0 kB
Active:           710904 kB
Inactive:         349876 kB
Active(anon):     390816 kB
Inactive(anon):      664 kB
Active(file):     320088 kB
Inactive(file):   349212 kB
Unevictable:        2596 kB
Mlocked:               0 kB
HighTotal:        885760 kB
HighFree:           4608 kB
LowTotal:         535800 kB
LowFree:           41988 kB
SwapTotal:             0 kB
SwapFree:              0 kB
Dirty:                 4 kB
Writeback:             0 kB
AnonPages:        390740 kB
Mapped:           390228 kB
Shmem:               752 kB
Slab:              44264 kB
SReclaimable:      14172 kB
SUnreclaim:        30092 kB
KernelStack:       11080 kB
PageTables:        28040 kB
NFS_Unstable:          0 kB
Bounce:                0 kB
WritebackTmp:          0 kB
CommitLimit:      710780 kB
Committed_AS:   36915480 kB
VmallocTotal:     460800 kB
VmallocUsed:       24408 kB
VmallocChunk:     168988 kB
Time pass: 198 sec

---2015-12-11 14:29:19
MemTotal:        1421560 kB
MemFree:           38912 kB
Buffers:           11364 kB
Cached:           661448 kB
SwapCached:            0 kB
Active:           720984 kB
Inactive:         349004 kB
Active(anon):     399884 kB
Inactive(anon):      788 kB
Active(file):     321100 kB
Inactive(file):   348216 kB
Unevictable:        2596 kB
Mlocked:               0 kB
HighTotal:        885760 kB
HighFree:           4364 kB
LowTotal:         535800 kB
LowFree:           34548 kB
SwapTotal:             0 kB
SwapFree:              0 kB
Dirty:                56 kB
Writeback:             0 kB
AnonPages:        400028 kB
Mapped:           393620 kB
Shmem:               900 kB
Slab:              44348 kB
SReclaimable:      14172 kB
SUnreclaim:        30176 kB
KernelStack:       11296 kB
PageTables:        28232 kB
NFS_Unstable:          0 kB
Bounce:                0 kB
WritebackTmp:          0 kB
CommitLimit:      710780 kB
Committed_AS:   36978036 kB
VmallocTotal:     460800 kB
VmallocUsed:       24408 kB
VmallocChunk:     168988 kB
Time pass: 202 sec

---2015-12-11 14:29:19
MemTotal:        1421560 kB
MemFree:           39252 kB
Buffers:           11372 kB
Cached:           661620 kB
SwapCached:            0 kB
Active:           721256 kB
Inactive:         349200 kB
Active(anon):     400152 kB
Inactive(anon):      828 kB
Active(file):     321104 kB
Inactive(file):   348372 kB
Unevictable:        2596 kB
Mlocked:               0 kB
HighTotal:        885760 kB
HighFree:           4432 kB
LowTotal:         535800 kB
LowFree:           34820 kB
SwapTotal:             0 kB
SwapFree:              0 kB
Dirty:                32 kB
Writeback:             0 kB
AnonPages:        400064 kB
Mapped:           391388 kB
Shmem:               920 kB
Slab:              44384 kB
SReclaimable:      14172 kB
SUnreclaim:        30212 kB
KernelStack:       11312 kB
PageTables:        28212 kB
NFS_Unstable:          0 kB
Bounce:                0 kB
WritebackTmp:          0 kB
CommitLimit:      710780 kB
Committed_AS:   36945584 kB
VmallocTotal:     460800 kB
VmallocUsed:       24408 kB
VmallocChunk:     168988 kB
Time pass: 207 sec

---2015-12-11 14:29:19
MemTotal:        1421560 kB
MemFree:           38380 kB
Buffers:           11388 kB
Cached:           661620 kB
SwapCached:            0 kB
Active:           722540 kB
Inactive:         349216 kB
Active(anon):     401436 kB
Inactive(anon):      828 kB
Active(file):     321104 kB
Inactive(file):   348388 kB
Unevictable:        2596 kB
Mlocked:               0 kB
HighTotal:        885760 kB
HighFree:           4432 kB
LowTotal:         535800 kB
LowFree:           33948 kB
SwapTotal:             0 kB
SwapFree:              0 kB
Dirty:                48 kB
Writeback:             0 kB
AnonPages:        401408 kB
Mapped:           391412 kB
Shmem:               920 kB
Slab:              44388 kB
SReclaimable:      14172 kB
SUnreclaim:        30216 kB
KernelStack:       11296 kB
PageTables:        28196 kB
NFS_Unstable:          0 kB
Bounce:                0 kB
WritebackTmp:          0 kB
CommitLimit:      710780 kB
Committed_AS:   36946688 kB
VmallocTotal:     460800 kB
VmallocUsed:       24408 kB
VmallocChunk:     168988 kB
Time pass: 213 sec

---2015-12-11 14:29:19
MemTotal:        1421560 kB
MemFree:           36984 kB
Buffers:           11396 kB
Cached:           661620 kB
SwapCached:            0 kB
Active:           723916 kB
Inactive:         349224 kB
Active(anon):     402812 kB
Inactive(anon):      828 kB
Active(file):     321104 kB
Inactive(file):   348396 kB
Unevictable:        2596 kB
Mlocked:               0 kB
HighTotal:        885760 kB
HighFree:           4532 kB
LowTotal:         535800 kB
LowFree:           32452 kB
SwapTotal:             0 kB
SwapFree:              0 kB
Dirty:                28 kB
Writeback:             0 kB
AnonPages:        402692 kB
Mapped:           391324 kB
Shmem:               920 kB
Slab:              44420 kB
SReclaimable:      14172 kB
SUnreclaim:        30248 kB
KernelStack:       11304 kB
PageTables:        28216 kB
NFS_Unstable:          0 kB
Bounce:                0 kB
WritebackTmp:          0 kB
CommitLimit:      710780 kB
Committed_AS:   36948364 kB
VmallocTotal:     460800 kB
VmallocUsed:       24408 kB
VmallocChunk:     168988 kB
Time pass: 217 sec

---2015-12-11 14:29:19
MemTotal:        1421560 kB
MemFree:           35232 kB
Buffers:           11412 kB
Cached:           661624 kB
SwapCached:            0 kB
Active:           725484 kB
Inactive:         349244 kB
Active(anon):     404380 kB
Inactive(anon):      832 kB
Active(file):     321104 kB
Inactive(file):   348412 kB
Unevictable:        2596 kB
Mlocked:               0 kB
HighTotal:        885760 kB
HighFree:           4364 kB
LowTotal:         535800 kB
LowFree:           30868 kB
SwapTotal:             0 kB
SwapFree:              0 kB
Dirty:                 0 kB
Writeback:             0 kB
AnonPages:        404516 kB
Mapped:           391428 kB
Shmem:               924 kB
Slab:              44420 kB
SReclaimable:      14172 kB
SUnreclaim:        30248 kB
KernelStack:       11296 kB
PageTables:        28228 kB
NFS_Unstable:          0 kB
Bounce:                0 kB
WritebackTmp:          0 kB
CommitLimit:      710780 kB
Committed_AS:   36949976 kB
VmallocTotal:     460800 kB
VmallocUsed:       24408 kB
VmallocChunk:     168988 kB
Time pass: 222 sec

---2015-12-11 14:29:19
MemTotal:        1421560 kB
MemFree:           34128 kB
Buffers:           11420 kB
Cached:           661624 kB
SwapCached:            0 kB
Active:           726824 kB
Inactive:         349252 kB
Active(anon):     405720 kB
Inactive(anon):      832 kB
Active(file):     321104 kB
Inactive(file):   348420 kB
Unevictable:        2596 kB
Mlocked:               0 kB
HighTotal:        885760 kB
HighFree:           4364 kB
LowTotal:         535800 kB
LowFree:           29764 kB
SwapTotal:             0 kB
SwapFree:              0 kB
Dirty:                28 kB
Writeback:             0 kB
AnonPages:        405720 kB
Mapped:           391440 kB
Shmem:               924 kB
Slab:              44488 kB
SReclaimable:      14172 kB
SUnreclaim:        30316 kB
KernelStack:       11304 kB
PageTables:        28228 kB
NFS_Unstable:          0 kB
Bounce:                0 kB
WritebackTmp:          0 kB
CommitLimit:      710780 kB
Committed_AS:   36950816 kB
VmallocTotal:     460800 kB
VmallocUsed:       24408 kB
VmallocChunk:     168988 kB
Time pass: 227 sec

---2015-12-11 14:29:19
MemTotal:        1421560 kB
MemFree:           32864 kB
Buffers:           11436 kB
Cached:           661624 kB
SwapCached:            0 kB
Active:           728068 kB
Inactive:         349268 kB
Active(anon):     406964 kB
Inactive(anon):      832 kB
Active(file):     321104 kB
Inactive(file):   348436 kB
Unevictable:        2596 kB
Mlocked:               0 kB
HighTotal:        885760 kB
HighFree:           4364 kB
LowTotal:         535800 kB
LowFree:           28500 kB
SwapTotal:             0 kB
SwapFree:              0 kB
Dirty:                 4 kB
Writeback:             0 kB
AnonPages:        407052 kB
Mapped:           391432 kB
Shmem:               924 kB
Slab:              44432 kB
SReclaimable:      14172 kB
SUnreclaim:        30260 kB
KernelStack:       11280 kB
PageTables:        28228 kB
NFS_Unstable:          0 kB
Bounce:                0 kB
WritebackTmp:          0 kB
CommitLimit:      710780 kB
Committed_AS:   36952160 kB
VmallocTotal:     460800 kB
VmallocUsed:       24408 kB
VmallocChunk:     168988 kB
Time pass: 233 sec

---2015-12-11 14:29:19
MemTotal:        1421560 kB
MemFree:           30424 kB
Buffers:           11460 kB
Cached:           661648 kB
SwapCached:            0 kB
Active:           730144 kB
Inactive:         349316 kB
Active(anon):     409040 kB
Inactive(anon):      856 kB
Active(file):     321104 kB
Inactive(file):   348460 kB
Unevictable:        2596 kB
Mlocked:               0 kB
HighTotal:        885760 kB
HighFree:           4364 kB
LowTotal:         535800 kB
LowFree:           26060 kB
SwapTotal:             0 kB
SwapFree:              0 kB
Dirty:                48 kB
Writeback:             0 kB
AnonPages:        409016 kB
Mapped:           391460 kB
Shmem:               948 kB
Slab:              44368 kB
SReclaimable:      14172 kB
SUnreclaim:        30196 kB
KernelStack:       11280 kB
PageTables:        28272 kB
NFS_Unstable:          0 kB
Bounce:                0 kB
WritebackTmp:          0 kB
CommitLimit:      710780 kB
Committed_AS:   36953900 kB
VmallocTotal:     460800 kB
VmallocUsed:       24408 kB
VmallocChunk:     168988 kB
Time pass: 240 sec

---2015-12-11 14:29:19
MemTotal:        1421560 kB
MemFree:           28756 kB
Buffers:           11468 kB
Cached:           661740 kB
SwapCached:            0 kB
Active:           731204 kB
Inactive:         349416 kB
Active(anon):     410100 kB
Inactive(anon):      948 kB
Active(file):     321104 kB
Inactive(file):   348468 kB
Unevictable:        2596 kB
Mlocked:               0 kB
HighTotal:        885760 kB
HighFree:           4364 kB
LowTotal:         535800 kB
LowFree:           24392 kB
SwapTotal:             0 kB
SwapFree:              0 kB
Dirty:                 0 kB
Writeback:             0 kB
AnonPages:        410116 kB
Mapped:           391552 kB
Shmem:              1040 kB
Slab:              44392 kB
SReclaimable:      14172 kB
SUnreclaim:        30220 kB
KernelStack:       11272 kB
PageTables:        28272 kB
NFS_Unstable:          0 kB
Bounce:                0 kB
WritebackTmp:          0 kB
CommitLimit:      710780 kB
Committed_AS:   36954440 kB
VmallocTotal:     460800 kB
VmallocUsed:       24408 kB
VmallocChunk:     168988 kB
Time pass: 248 sec

---2015-12-11 14:29:19
MemTotal:        1421560 kB
MemFree:           27020 kB
Buffers:           11484 kB
Cached:           661744 kB
SwapCached:            0 kB
Active:           733616 kB
Inactive:         349436 kB
Active(anon):     412512 kB
Inactive(anon):      952 kB
Active(file):     321104 kB
Inactive(file):   348484 kB
Unevictable:        2596 kB
Mlocked:               0 kB
HighTotal:        885760 kB
HighFree:           4364 kB
LowTotal:         535800 kB
LowFree:           22656 kB
SwapTotal:             0 kB
SwapFree:              0 kB
Dirty:                44 kB
Writeback:             0 kB
AnonPages:        412508 kB
Mapped:           391556 kB
Shmem:              1044 kB
Slab:              44456 kB
SReclaimable:      14172 kB
SUnreclaim:        30284 kB
KernelStack:       11272 kB
PageTables:        28272 kB
NFS_Unstable:          0 kB
Bounce:                0 kB
WritebackTmp:          0 kB
CommitLimit:      710780 kB
Committed_AS:   36956396 kB
VmallocTotal:     460800 kB
VmallocUsed:       24408 kB
VmallocChunk:     168988 kB
Time pass: 253 sec

---2015-12-11 14:29:19
MemTotal:        1421560 kB
MemFree:           26276 kB
Buffers:           11492 kB
Cached:           661744 kB
SwapCached:            0 kB
Active:           734436 kB
Inactive:         349444 kB
Active(anon):     413332 kB
Inactive(anon):      952 kB
Active(file):     321104 kB
Inactive(file):   348492 kB
Unevictable:        2596 kB
Mlocked:               0 kB
HighTotal:        885760 kB
HighFree:           4364 kB
LowTotal:         535800 kB
LowFree:           21912 kB
SwapTotal:             0 kB
SwapFree:              0 kB
Dirty:                36 kB
Writeback:             0 kB
AnonPages:        413416 kB
Mapped:           391556 kB
Shmem:              1044 kB
Slab:              44456 kB
SReclaimable:      14172 kB
SUnreclaim:        30284 kB
KernelStack:       11272 kB
PageTables:        28276 kB
NFS_Unstable:          0 kB
Bounce:                0 kB
WritebackTmp:          0 kB
CommitLimit:      710780 kB
Committed_AS:   36957372 kB
VmallocTotal:     460800 kB
VmallocUsed:       24408 kB
VmallocChunk:     168988 kB
Time pass: 257 sec

---2015-12-11 14:29:19
MemTotal:        1421560 kB
MemFree:           25632 kB
Buffers:           11508 kB
Cached:           661748 kB
SwapCached:            0 kB
Active:           735168 kB
Inactive:         349464 kB
Active(anon):     414064 kB
Inactive(anon):      956 kB
Active(file):     321104 kB
Inactive(file):   348508 kB
Unevictable:        2596 kB
Mlocked:               0 kB
HighTotal:        885760 kB
HighFree:           4376 kB
LowTotal:         535800 kB
LowFree:           21256 kB
SwapTotal:             0 kB
SwapFree:              0 kB
Dirty:                52 kB
Writeback:             0 kB
AnonPages:        414096 kB
Mapped:           391556 kB
Shmem:              1048 kB
Slab:              44396 kB
SReclaimable:      14172 kB
SUnreclaim:        30224 kB
KernelStack:       11264 kB
PageTables:        28268 kB
NFS_Unstable:          0 kB
Bounce:                0 kB
WritebackTmp:          0 kB
CommitLimit:      710780 kB
Committed_AS:   36957836 kB
VmallocTotal:     460800 kB
VmallocUsed:       24408 kB
VmallocChunk:     168988 kB
Time pass: 263 sec

---2015-12-11 14:29:19
MemTotal:        1421560 kB
MemFree:           25280 kB
Buffers:           11516 kB
Cached:           661764 kB
SwapCached:            0 kB
Active:           735388 kB
Inactive:         349472 kB
Active(anon):     414284 kB
Inactive(anon):      956 kB
Active(file):     321104 kB
Inactive(file):   348516 kB
Unevictable:        2596 kB
Mlocked:               0 kB
HighTotal:        885760 kB
HighFree:           4416 kB
LowTotal:         535800 kB
LowFree:           20864 kB
SwapTotal:             0 kB
SwapFree:              0 kB
Dirty:                28 kB
Writeback:             0 kB
AnonPages:        414376 kB
Mapped:           391588 kB
Shmem:              1064 kB
Slab:              44452 kB
SReclaimable:      14172 kB
SUnreclaim:        30280 kB
KernelStack:       11264 kB
PageTables:        28272 kB
NFS_Unstable:          0 kB
Bounce:                0 kB
WritebackTmp:          0 kB
CommitLimit:      710780 kB
Committed_AS:   36959000 kB
VmallocTotal:     460800 kB
VmallocUsed:       24408 kB
VmallocChunk:     168988 kB
Time pass: 271 sec

---2015-12-11 14:29:19
MemTotal:        1421560 kB
MemFree:           25816 kB
Buffers:           11532 kB
Cached:           661928 kB
SwapCached:            0 kB
Active:           734156 kB
Inactive:         349668 kB
Active(anon):     413052 kB
Inactive(anon):     1016 kB
Active(file):     321104 kB
Inactive(file):   348652 kB
Unevictable:        2596 kB
Mlocked:               0 kB
HighTotal:        885760 kB
HighFree:           4428 kB
LowTotal:         535800 kB
LowFree:           21388 kB
SwapTotal:             0 kB
SwapFree:              0 kB
Dirty:                36 kB
Writeback:             0 kB
AnonPages:        413180 kB
Mapped:           391700 kB
Shmem:              1108 kB
Slab:              44504 kB
SReclaimable:      14172 kB
SUnreclaim:        30332 kB
KernelStack:       11280 kB
PageTables:        28256 kB
NFS_Unstable:          0 kB
Bounce:                0 kB
WritebackTmp:          0 kB
CommitLimit:      710780 kB
Committed_AS:   36956900 kB
VmallocTotal:     460800 kB
VmallocUsed:       24408 kB
VmallocChunk:     168988 kB
Time pass: 277 sec

---2015-12-11 14:29:19
MemTotal:        1421560 kB
MemFree:           25864 kB
Buffers:           11540 kB
Cached:           661988 kB
SwapCached:            0 kB
Active:           734068 kB
Inactive:         349736 kB
Active(anon):     412964 kB
Inactive(anon):     1020 kB
Active(file):     321104 kB
Inactive(file):   348716 kB
Unevictable:        2596 kB
Mlocked:               0 kB
HighTotal:        885760 kB
HighFree:           4436 kB
LowTotal:         535800 kB
LowFree:           21428 kB
SwapTotal:             0 kB
SwapFree:              0 kB
Dirty:                 0 kB
Writeback:             0 kB
AnonPages:        413032 kB
Mapped:           391564 kB
Shmem:              1112 kB
Slab:              44468 kB
SReclaimable:      14172 kB
SUnreclaim:        30296 kB
KernelStack:       11280 kB
PageTables:        28272 kB
NFS_Unstable:          0 kB
Bounce:                0 kB
WritebackTmp:          0 kB
CommitLimit:      710780 kB
Committed_AS:   36956956 kB
VmallocTotal:     460800 kB
VmallocUsed:       24408 kB
VmallocChunk:     168988 kB
Time pass: 282 sec

---2015-12-11 14:29:19
MemTotal:        1421560 kB
MemFree:           26224 kB
Buffers:           11556 kB
Cached:           661992 kB
SwapCached:            0 kB
Active:           734476 kB
Inactive:         349756 kB
Active(anon):     413372 kB
Inactive(anon):     1016 kB
Active(file):     321104 kB
Inactive(file):   348740 kB
Unevictable:        2596 kB
Mlocked:               0 kB
HighTotal:        885760 kB
HighFree:           4452 kB
LowTotal:         535800 kB
LowFree:           21772 kB
SwapTotal:             0 kB
SwapFree:              0 kB
Dirty:                48 kB
Writeback:             0 kB
AnonPages:        413416 kB
Mapped:           391656 kB
Shmem:              1108 kB
Slab:              44404 kB
SReclaimable:      14172 kB
SUnreclaim:        30232 kB
KernelStack:       11264 kB
PageTables:        28272 kB
NFS_Unstable:          0 kB
Bounce:                0 kB
WritebackTmp:          0 kB
CommitLimit:      710780 kB
Committed_AS:   36957124 kB
VmallocTotal:     460800 kB
VmallocUsed:       24408 kB
VmallocChunk:     168988 kB
Time pass: 286 sec

---2015-12-11 14:29:19
MemTotal:        1421560 kB
MemFree:           26028 kB
Buffers:           11572 kB
Cached:           661992 kB
SwapCached:            0 kB
Active:           734596 kB
Inactive:         349772 kB
Active(anon):     413492 kB
Inactive(anon):     1024 kB
Active(file):     321104 kB
Inactive(file):   348748 kB
Unevictable:        2596 kB
Mlocked:               0 kB
HighTotal:        885760 kB
HighFree:           4428 kB
LowTotal:         535800 kB
LowFree:           21600 kB
SwapTotal:             0 kB
SwapFree:              0 kB
Dirty:                32 kB
Writeback:             0 kB
AnonPages:        413556 kB
Mapped:           391664 kB
Shmem:              1116 kB
Slab:              44484 kB
SReclaimable:      14172 kB
SUnreclaim:        30312 kB
KernelStack:       11272 kB
PageTables:        28272 kB
NFS_Unstable:          0 kB
Bounce:                0 kB
WritebackTmp:          0 kB
CommitLimit:      710780 kB
Committed_AS:   36957684 kB
VmallocTotal:     460800 kB
VmallocUsed:       24408 kB
VmallocChunk:     168988 kB
Time pass: 294 sec

---2015-12-11 14:29:19
MemTotal:        1421560 kB
MemFree:           25520 kB
Buffers:           11572 kB
Cached:           662000 kB
SwapCached:            0 kB
Active:           734936 kB
Inactive:         349780 kB
Active(anon):     413832 kB
Inactive(anon):     1024 kB
Active(file):     321104 kB
Inactive(file):   348756 kB
Unevictable:        2596 kB
Mlocked:               0 kB
HighTotal:        885760 kB
HighFree:           4348 kB
LowTotal:         535800 kB
LowFree:           21172 kB
SwapTotal:             0 kB
SwapFree:              0 kB
Dirty:                 0 kB
Writeback:             0 kB
AnonPages:        413800 kB
Mapped:           391664 kB
Shmem:              1116 kB
Slab:              44524 kB
SReclaimable:      14172 kB
SUnreclaim:        30352 kB
KernelStack:       11272 kB
PageTables:        28272 kB
NFS_Unstable:          0 kB
Bounce:                0 kB
WritebackTmp:          0 kB
CommitLimit:      710780 kB
Committed_AS:   36957648 kB
VmallocTotal:     460800 kB
VmallocUsed:       24408 kB
VmallocChunk:     168988 kB
Time pass: 301 sec

---2015-12-11 14:29:19
MemTotal:        1421560 kB
MemFree:           25428 kB
Buffers:           11596 kB
Cached:           662000 kB
SwapCached:            0 kB
Active:           734976 kB
Inactive:         349804 kB
Active(anon):     413872 kB
Inactive(anon):     1024 kB
Active(file):     321104 kB
Inactive(file):   348780 kB
Unevictable:        2596 kB
Mlocked:               0 kB
HighTotal:        885760 kB
HighFree:           4352 kB
LowTotal:         535800 kB
LowFree:           21076 kB
SwapTotal:             0 kB
SwapFree:              0 kB
Dirty:                28 kB
Writeback:             0 kB
AnonPages:        413816 kB
Mapped:           391664 kB
Shmem:              1116 kB
Slab:              44488 kB
SReclaimable:      14176 kB
SUnreclaim:        30312 kB
KernelStack:       11280 kB
PageTables:        28268 kB
NFS_Unstable:          0 kB
Bounce:                0 kB
WritebackTmp:          0 kB
CommitLimit:      710780 kB
Committed_AS:   36957596 kB
VmallocTotal:     460800 kB
VmallocUsed:       24408 kB
VmallocChunk:     168988 kB
Time pass: 309 sec

---2015-12-11 14:29:19
MemTotal:        1421560 kB
MemFree:           25896 kB
Buffers:           11604 kB
Cached:           662000 kB
SwapCached:            0 kB
Active:           734808 kB
Inactive:         349812 kB
Active(anon):     413704 kB
Inactive(anon):     1024 kB
Active(file):     321104 kB
Inactive(file):   348788 kB
Unevictable:        2596 kB
Mlocked:               0 kB
HighTotal:        885760 kB
HighFree:           4352 kB
LowTotal:         535800 kB
LowFree:           21544 kB
SwapTotal:             0 kB
SwapFree:              0 kB
Dirty:                 4 kB
Writeback:             0 kB
AnonPages:        413596 kB
Mapped:           391516 kB
Shmem:              1116 kB
Slab:              44360 kB
SReclaimable:      14176 kB
SUnreclaim:        30184 kB
KernelStack:       11280 kB
PageTables:        28276 kB
NFS_Unstable:          0 kB
Bounce:                0 kB
WritebackTmp:          0 kB
CommitLimit:      710780 kB
Committed_AS:   36957132 kB
VmallocTotal:     460800 kB
VmallocUsed:       24408 kB
VmallocChunk:     168988 kB
Time pass: 316 sec

---2015-12-11 14:29:19
MemTotal:        1421560 kB
MemFree:           25272 kB
Buffers:           11604 kB
Cached:           662004 kB
SwapCached:            0 kB
Active:           735152 kB
Inactive:         349816 kB
Active(anon):     414048 kB
Inactive(anon):     1028 kB
Active(file):     321104 kB
Inactive(file):   348788 kB
Unevictable:        2596 kB
Mlocked:               0 kB
HighTotal:        885760 kB
HighFree:           4352 kB
LowTotal:         535800 kB
LowFree:           20920 kB
SwapTotal:             0 kB
SwapFree:              0 kB
Dirty:                 0 kB
Writeback:             0 kB
AnonPages:        414180 kB
Mapped:           391668 kB
Shmem:              1120 kB
Slab:              44516 kB
SReclaimable:      14176 kB
SUnreclaim:        30340 kB
KernelStack:       11280 kB
PageTables:        28244 kB
NFS_Unstable:          0 kB
Bounce:                0 kB
WritebackTmp:          0 kB
CommitLimit:      710780 kB
Committed_AS:   36957704 kB
VmallocTotal:     460800 kB
VmallocUsed:       24408 kB
VmallocChunk:     168988 kB
Time pass: 321 sec

---2015-12-11 14:29:19
MemTotal:        1421560 kB
MemFree:           24860 kB
Buffers:           11620 kB
Cached:           662004 kB
SwapCached:            0 kB
Active:           735260 kB
Inactive:         349832 kB
Active(anon):     414156 kB
Inactive(anon):     1028 kB
Active(file):     321104 kB
Inactive(file):   348804 kB
Unevictable:        2596 kB
Mlocked:               0 kB
HighTotal:        885760 kB
HighFree:           4352 kB
LowTotal:         535800 kB
LowFree:           20508 kB
SwapTotal:             0 kB
SwapFree:              0 kB
Dirty:                44 kB
Writeback:             0 kB
AnonPages:        414112 kB
Mapped:           391720 kB
Shmem:              1120 kB
Slab:              44548 kB
SReclaimable:      14176 kB
SUnreclaim:        30372 kB
KernelStack:       11288 kB
PageTables:        28264 kB
NFS_Unstable:          0 kB
Bounce:                0 kB
WritebackTmp:          0 kB
CommitLimit:      710780 kB
Committed_AS:   36957668 kB
VmallocTotal:     460800 kB
VmallocUsed:       24408 kB
VmallocChunk:     168988 kB
Time pass: 326 sec

---2015-12-11 14:29:19
MemTotal:        1421560 kB
MemFree:           24264 kB
Buffers:           11628 kB
Cached:           662004 kB
SwapCached:            0 kB
Active:           735860 kB
Inactive:         349840 kB
Active(anon):     414756 kB
Inactive(anon):     1028 kB
Active(file):     321104 kB
Inactive(file):   348812 kB
Unevictable:        2596 kB
Mlocked:               0 kB
HighTotal:        885760 kB
HighFree:           4352 kB
LowTotal:         535800 kB
LowFree:           19912 kB
SwapTotal:             0 kB
SwapFree:              0 kB
Dirty:                28 kB
Writeback:             0 kB
AnonPages:        414776 kB
Mapped:           391668 kB
Shmem:              1120 kB
Slab:              44580 kB
SReclaimable:      14176 kB
SUnreclaim:        30404 kB
KernelStack:       11280 kB
PageTables:        28216 kB
NFS_Unstable:          0 kB
Bounce:                0 kB
WritebackTmp:          0 kB
CommitLimit:      710780 kB
Committed_AS:   36958264 kB
VmallocTotal:     460800 kB
VmallocUsed:       24408 kB
VmallocChunk:     168988 kB
Time pass: 335 sec

---2015-12-11 14:29:19
MemTotal:        1421560 kB
MemFree:           24496 kB
Buffers:           11628 kB
Cached:           662004 kB
SwapCached:            0 kB
Active:           735704 kB
Inactive:         349840 kB
Active(anon):     414600 kB
Inactive(anon):     1028 kB
Active(file):     321104 kB
Inactive(file):   348812 kB
Unevictable:        2596 kB
Mlocked:               0 kB
HighTotal:        885760 kB
HighFree:           4352 kB
LowTotal:         535800 kB
LowFree:           20144 kB
SwapTotal:             0 kB
SwapFree:              0 kB
Dirty:                 0 kB
Writeback:             0 kB
AnonPages:        414512 kB
Mapped:           391720 kB
Shmem:              1120 kB
Slab:              44540 kB
SReclaimable:      14176 kB
SUnreclaim:        30364 kB
KernelStack:       11288 kB
PageTables:        28224 kB
NFS_Unstable:          0 kB
Bounce:                0 kB
WritebackTmp:          0 kB
CommitLimit:      710780 kB
Committed_AS:   36958100 kB
VmallocTotal:     460800 kB
VmallocUsed:       24408 kB
VmallocChunk:     168988 kB
Time pass: 339 sec

---2015-12-11 14:29:19
MemTotal:        1421560 kB
MemFree:           24696 kB
Buffers:           11628 kB
Cached:           662004 kB
SwapCached:            0 kB
Active:           735104 kB
Inactive:         349840 kB
Active(anon):     414000 kB
Inactive(anon):     1028 kB
Active(file):     321104 kB
Inactive(file):   348812 kB
Unevictable:        2596 kB
Mlocked:               0 kB
HighTotal:        885760 kB
HighFree:           4396 kB
LowTotal:         535800 kB
LowFree:           20300 kB
SwapTotal:             0 kB
SwapFree:              0 kB
Dirty:                 0 kB
Writeback:             0 kB
AnonPages:        413944 kB
Mapped:           391668 kB
Shmem:              1120 kB
Slab:              44428 kB
SReclaimable:      14176 kB
SUnreclaim:        30252 kB
KernelStack:       11264 kB
PageTables:        28216 kB
NFS_Unstable:          0 kB
Bounce:                0 kB
WritebackTmp:          0 kB
CommitLimit:      710780 kB
Committed_AS:   36958204 kB
VmallocTotal:     460800 kB
VmallocUsed:       24408 kB
VmallocChunk:     168988 kB
Time pass: 347 sec

---2015-12-11 14:29:19
MemTotal:        1421560 kB
MemFree:           24572 kB
Buffers:           11644 kB
Cached:           662004 kB
SwapCached:            0 kB
Active:           735276 kB
Inactive:         349856 kB
Active(anon):     414172 kB
Inactive(anon):     1028 kB
Active(file):     321104 kB
Inactive(file):   348828 kB
Unevictable:        2596 kB
Mlocked:               0 kB
HighTotal:        885760 kB
HighFree:           4396 kB
LowTotal:         535800 kB
LowFree:           20176 kB
SwapTotal:             0 kB
SwapFree:              0 kB
Dirty:                44 kB
Writeback:             0 kB
AnonPages:        414200 kB
Mapped:           391668 kB
Shmem:              1120 kB
Slab:              44484 kB
SReclaimable:      14176 kB
SUnreclaim:        30308 kB
KernelStack:       11272 kB
PageTables:        28240 kB
NFS_Unstable:          0 kB
Bounce:                0 kB
WritebackTmp:          0 kB
CommitLimit:      710780 kB
Committed_AS:   36957980 kB
VmallocTotal:     460800 kB
VmallocUsed:       24408 kB
VmallocChunk:     168988 kB
Time pass: 352 sec

---2015-12-11 14:29:19
MemTotal:        1421560 kB
MemFree:           23920 kB
Buffers:           11652 kB
Cached:           662004 kB
SwapCached:            0 kB
Active:           736036 kB
Inactive:         349864 kB
Active(anon):     414932 kB
Inactive(anon):     1028 kB
Active(file):     321104 kB
Inactive(file):   348836 kB
Unevictable:        2596 kB
Mlocked:               0 kB
HighTotal:        885760 kB
HighFree:           4396 kB
LowTotal:         535800 kB
LowFree:           19524 kB
SwapTotal:             0 kB
SwapFree:              0 kB
Dirty:                28 kB
Writeback:             0 kB
AnonPages:        414952 kB
Mapped:           391720 kB
Shmem:              1120 kB
Slab:              44516 kB
SReclaimable:      14176 kB
SUnreclaim:        30340 kB
KernelStack:       11288 kB
PageTables:        28256 kB
NFS_Unstable:          0 kB
Bounce:                0 kB
WritebackTmp:          0 kB
CommitLimit:      710780 kB
Committed_AS:   36958700 kB
VmallocTotal:     460800 kB
VmallocUsed:       24408 kB
VmallocChunk:     168988 kB
Time pass: 358 sec

---2015-12-11 14:29:19
MemTotal:        1421560 kB
MemFree:           24812 kB
Buffers:           11652 kB
Cached:           662004 kB
SwapCached:            0 kB
Active:           735008 kB
Inactive:         349864 kB
Active(anon):     413904 kB
Inactive(anon):     1028 kB
Active(file):     321104 kB
Inactive(file):   348836 kB
Unevictable:        2596 kB
Mlocked:               0 kB
HighTotal:        885760 kB
HighFree:           4412 kB
LowTotal:         535800 kB
LowFree:           20400 kB
SwapTotal:             0 kB
SwapFree:              0 kB
Dirty:                 0 kB
Writeback:             0 kB
AnonPages:        413876 kB
Mapped:           391668 kB
Shmem:              1120 kB
Slab:              44624 kB
SReclaimable:      14176 kB
SUnreclaim:        30448 kB
KernelStack:       11264 kB
PageTables:        28216 kB
NFS_Unstable:          0 kB
Bounce:                0 kB
WritebackTmp:          0 kB
CommitLimit:      710780 kB
Committed_AS:   36958588 kB
VmallocTotal:     460800 kB
VmallocUsed:       24408 kB
VmallocChunk:     168988 kB
Time pass: 362 sec

---2015-12-11 14:29:19
MemTotal:        1421560 kB
MemFree:           24976 kB
Buffers:           11652 kB
Cached:           662004 kB
SwapCached:            0 kB
Active:           735216 kB
Inactive:         349864 kB
Active(anon):     414112 kB
Inactive(anon):     1028 kB
Active(file):     321104 kB
Inactive(file):   348836 kB
Unevictable:        2596 kB
Mlocked:               0 kB
HighTotal:        885760 kB
HighFree:           4412 kB
LowTotal:         535800 kB
LowFree:           20564 kB
SwapTotal:             0 kB
SwapFree:              0 kB
Dirty:                 0 kB
Writeback:             0 kB
AnonPages:        414064 kB
Mapped:           391664 kB
Shmem:              1120 kB
Slab:              44520 kB
SReclaimable:      14176 kB
SUnreclaim:        30344 kB
KernelStack:       11272 kB
PageTables:        28216 kB
NFS_Unstable:          0 kB
Bounce:                0 kB
WritebackTmp:          0 kB
CommitLimit:      710780 kB
Committed_AS:   36958752 kB
VmallocTotal:     460800 kB
VmallocUsed:       24408 kB
VmallocChunk:     168988 kB
Time pass: 369 sec

---2015-12-11 14:29:19
MemTotal:        1421560 kB
MemFree:           26256 kB
Buffers:           11676 kB
Cached:           662048 kB
SwapCached:            0 kB
Active:           734024 kB
Inactive:         349932 kB
Active(anon):     412920 kB
Inactive(anon):     1028 kB
Active(file):     321104 kB
Inactive(file):   348904 kB
Unevictable:        2596 kB
Mlocked:               0 kB
HighTotal:        885760 kB
HighFree:           4864 kB
LowTotal:         535800 kB
LowFree:           21392 kB
SwapTotal:             0 kB
SwapFree:              0 kB
Dirty:                48 kB
Writeback:             0 kB
AnonPages:        412876 kB
Mapped:           391724 kB
Shmem:              1120 kB
Slab:              44516 kB
SReclaimable:      14224 kB
SUnreclaim:        30292 kB
KernelStack:       11280 kB
PageTables:        28232 kB
NFS_Unstable:          0 kB
Bounce:                0 kB
WritebackTmp:          0 kB
CommitLimit:      710780 kB
Committed_AS:   36956608 kB
VmallocTotal:     460800 kB
VmallocUsed:       24408 kB
VmallocChunk:     168988 kB
Time pass: 377 sec

---2015-12-11 14:29:19
MemTotal:        1421560 kB
MemFree:           25652 kB
Buffers:           11684 kB
Cached:           662048 kB
SwapCached:            0 kB
Active:           734308 kB
Inactive:         349940 kB
Active(anon):     413204 kB
Inactive(anon):     1028 kB
Active(file):     321104 kB
Inactive(file):   348912 kB
Unevictable:        2596 kB
Mlocked:               0 kB
HighTotal:        885760 kB
HighFree:           4376 kB
LowTotal:         535800 kB
LowFree:           21276 kB
SwapTotal:             0 kB
SwapFree:              0 kB
Dirty:                28 kB
Writeback:             0 kB
AnonPages:        413224 kB
Mapped:           391672 kB
Shmem:              1120 kB
Slab:              44588 kB
SReclaimable:      14216 kB
SUnreclaim:        30372 kB
KernelStack:       11264 kB
PageTables:        28240 kB
NFS_Unstable:          0 kB
Bounce:                0 kB
WritebackTmp:          0 kB
CommitLimit:      710780 kB
Committed_AS:   36956628 kB
VmallocTotal:     460800 kB
VmallocUsed:       24408 kB
VmallocChunk:     168988 kB
Time pass: 383 sec

---2015-12-11 14:29:19
MemTotal:        1421560 kB
MemFree:           25292 kB
Buffers:           11684 kB
Cached:           662048 kB
SwapCached:            0 kB
Active:           734192 kB
Inactive:         349940 kB
Active(anon):     413088 kB
Inactive(anon):     1028 kB
Active(file):     321104 kB
Inactive(file):   348912 kB
Unevictable:        2596 kB
Mlocked:               0 kB
HighTotal:        885760 kB
HighFree:           4412 kB
LowTotal:         535800 kB
LowFree:           20880 kB
SwapTotal:             0 kB
SwapFree:              0 kB
Dirty:                 0 kB
Writeback:             0 kB
AnonPages:        413124 kB
Mapped:           391672 kB
Shmem:              1120 kB
Slab:              44516 kB
SReclaimable:      14216 kB
SUnreclaim:        30300 kB
KernelStack:       11272 kB
PageTables:        28236 kB
NFS_Unstable:          0 kB
Bounce:                0 kB
WritebackTmp:          0 kB
CommitLimit:      710780 kB
Committed_AS:   36956808 kB
VmallocTotal:     460800 kB
VmallocUsed:       24408 kB
VmallocChunk:     168988 kB
Time pass: 388 sec

---2015-12-11 14:29:19
MemTotal:        1421560 kB
MemFree:           24844 kB
Buffers:           11700 kB
Cached:           662048 kB
SwapCached:            0 kB
Active:           734696 kB
Inactive:         349956 kB
Active(anon):     413592 kB
Inactive(anon):     1028 kB
Active(file):     321104 kB
Inactive(file):   348928 kB
Unevictable:        2596 kB
Mlocked:               0 kB
HighTotal:        885760 kB
HighFree:           4412 kB
LowTotal:         535800 kB
LowFree:           20432 kB
SwapTotal:             0 kB
SwapFree:              0 kB
Dirty:                44 kB
Writeback:             0 kB
AnonPages:        413592 kB
Mapped:           391672 kB
Shmem:              1120 kB
Slab:              44564 kB
SReclaimable:      14216 kB
SUnreclaim:        30348 kB
KernelStack:       11264 kB
PageTables:        28236 kB
NFS_Unstable:          0 kB
Bounce:                0 kB
WritebackTmp:          0 kB
CommitLimit:      710780 kB
Committed_AS:   36957312 kB
VmallocTotal:     460800 kB
VmallocUsed:       24408 kB
VmallocChunk:     168988 kB
Time pass: 393 sec

---2015-12-11 14:29:19
MemTotal:        1421560 kB
MemFree:           24744 kB
Buffers:           11708 kB
Cached:           662052 kB
SwapCached:            0 kB
Active:           735308 kB
Inactive:         349968 kB
Active(anon):     414204 kB
Inactive(anon):     1032 kB
Active(file):     321104 kB
Inactive(file):   348936 kB
Unevictable:        2596 kB
Mlocked:               0 kB
HighTotal:        885760 kB
HighFree:           4504 kB
LowTotal:         535800 kB
LowFree:           20240 kB
SwapTotal:             0 kB
SwapFree:              0 kB
Dirty:                28 kB
Writeback:             0 kB
AnonPages:        414160 kB
Mapped:           391676 kB
Shmem:              1124 kB
Slab:              44408 kB
SReclaimable:      14136 kB
SUnreclaim:        30272 kB
KernelStack:       11256 kB
PageTables:        28236 kB
NFS_Unstable:          0 kB
Bounce:                0 kB
WritebackTmp:          0 kB
CommitLimit:      710780 kB
Committed_AS:   36957884 kB
VmallocTotal:     460800 kB
VmallocUsed:       24408 kB
VmallocChunk:     168988 kB
Time pass: 400 sec

---2015-12-11 14:29:19
MemTotal:        1421560 kB
MemFree:           24624 kB
Buffers:           11716 kB
Cached:           662044 kB
SwapCached:            0 kB
Active:           735440 kB
Inactive:         349968 kB
Active(anon):     414336 kB
Inactive(anon):     1032 kB
Active(file):     321104 kB
Inactive(file):   348936 kB
Unevictable:        2596 kB
Mlocked:               0 kB
HighTotal:        885760 kB
HighFree:           4532 kB
LowTotal:         535800 kB
LowFree:           20092 kB
SwapTotal:             0 kB
SwapFree:              0 kB
Dirty:                 0 kB
Writeback:             0 kB
AnonPages:        414440 kB
Mapped:           391676 kB
Shmem:              1124 kB
Slab:              44420 kB
SReclaimable:      14136 kB
SUnreclaim:        30284 kB
KernelStack:       11256 kB
PageTables:        28220 kB
NFS_Unstable:          0 kB
Bounce:                0 kB
WritebackTmp:          0 kB
CommitLimit:      710780 kB
Committed_AS:   36958328 kB
VmallocTotal:     460800 kB
VmallocUsed:       24408 kB
VmallocChunk:     168988 kB
Time pass: 406 sec

---2015-12-11 14:29:19
MemTotal:        1421560 kB
MemFree:           24992 kB
Buffers:           11732 kB
Cached:           662052 kB
SwapCached:            0 kB
Active:           735632 kB
Inactive:         349992 kB
Active(anon):     414528 kB
Inactive(anon):     1032 kB
Active(file):     321104 kB
Inactive(file):   348960 kB
Unevictable:        2596 kB
Mlocked:               0 kB
HighTotal:        885760 kB
HighFree:           4620 kB
LowTotal:         535800 kB
LowFree:           20372 kB
SwapTotal:             0 kB
SwapFree:              0 kB
Dirty:                28 kB
Writeback:             0 kB
AnonPages:        414460 kB
Mapped:           391688 kB
Shmem:              1124 kB
Slab:              44412 kB
SReclaimable:      14136 kB
SUnreclaim:        30276 kB
KernelStack:       11256 kB
PageTables:        28236 kB
NFS_Unstable:          0 kB
Bounce:                0 kB
WritebackTmp:          0 kB
CommitLimit:      710780 kB
Committed_AS:   36958156 kB
VmallocTotal:     460800 kB
VmallocUsed:       24408 kB
VmallocChunk:     168988 kB
Time pass: 416 sec

---2015-12-11 14:29:19
MemTotal:        1421560 kB
MemFree:           20552 kB
Buffers:           11420 kB
Cached:           658624 kB
SwapCached:            0 kB
Active:           740260 kB
Inactive:         348636 kB
Active(anon):     421544 kB
Inactive(anon):     1032 kB
Active(file):     318716 kB
Inactive(file):   347604 kB
Unevictable:        2600 kB
Mlocked:               0 kB
HighTotal:        885760 kB
HighFree:           4432 kB
LowTotal:         535800 kB
LowFree:           16120 kB
SwapTotal:             0 kB
SwapFree:              0 kB
Dirty:                40 kB
Writeback:             0 kB
AnonPages:        421536 kB
Mapped:           393016 kB
Shmem:              1124 kB
Slab:              44304 kB
SReclaimable:      14072 kB
SUnreclaim:        30232 kB
KernelStack:       11496 kB
PageTables:        28808 kB
NFS_Unstable:          0 kB
Bounce:                0 kB
WritebackTmp:          0 kB
CommitLimit:      710780 kB
Committed_AS:   37645104 kB
VmallocTotal:     460800 kB
VmallocUsed:       25428 kB
VmallocChunk:     168988 kB
Time pass: 425 sec

---2015-12-11 14:29:19
MemTotal:        1421560 kB
MemFree:           21024 kB
Buffers:           11484 kB
Cached:           658616 kB
SwapCached:            0 kB
Active:           739724 kB
Inactive:         348688 kB
Active(anon):     421008 kB
Inactive(anon):     1032 kB
Active(file):     318716 kB
Inactive(file):   347656 kB
Unevictable:        2600 kB
Mlocked:               0 kB
HighTotal:        885760 kB
HighFree:           4564 kB
LowTotal:         535800 kB
LowFree:           16460 kB
SwapTotal:             0 kB
SwapFree:              0 kB
Dirty:                 0 kB
Writeback:            48 kB
AnonPages:        420912 kB
Mapped:           393088 kB
Shmem:              1128 kB
Slab:              44528 kB
SReclaimable:      14160 kB
SUnreclaim:        30368 kB
KernelStack:       11512 kB
PageTables:        28784 kB
NFS_Unstable:          0 kB
Bounce:                0 kB
WritebackTmp:          0 kB
CommitLimit:      710780 kB
Committed_AS:   37629588 kB
VmallocTotal:     460800 kB
VmallocUsed:       25428 kB
VmallocChunk:     168988 kB
Time pass: 434 sec

---2015-12-11 14:29:19
MemTotal:        1421560 kB
MemFree:           21144 kB
Buffers:           11500 kB
Cached:           658656 kB
SwapCached:            0 kB
Active:           739776 kB
Inactive:         348676 kB
Active(anon):     420988 kB
Inactive(anon):     1060 kB
Active(file):     318788 kB
Inactive(file):   347616 kB
Unevictable:        2600 kB
Mlocked:               0 kB
HighTotal:        885760 kB
HighFree:           4340 kB
LowTotal:         535800 kB
LowFree:           16804 kB
SwapTotal:             0 kB
SwapFree:              0 kB
Dirty:                32 kB
Writeback:             0 kB
AnonPages:        420980 kB
Mapped:           393380 kB
Shmem:              1152 kB
Slab:              44424 kB
SReclaimable:      14160 kB
SUnreclaim:        30264 kB
KernelStack:       11528 kB
PageTables:        28768 kB
NFS_Unstable:          0 kB
Bounce:                0 kB
WritebackTmp:          0 kB
CommitLimit:      710780 kB
Committed_AS:   37629660 kB
VmallocTotal:     460800 kB
VmallocUsed:       25428 kB
VmallocChunk:     168988 kB
Time pass: 442 sec

---2015-12-11 14:29:19
MemTotal:        1421560 kB
MemFree:           20612 kB
Buffers:           11504 kB
Cached:           658656 kB
SwapCached:            0 kB
Active:           740460 kB
Inactive:         348680 kB
Active(anon):     421672 kB
Inactive(anon):     1060 kB
Active(file):     318788 kB
Inactive(file):   347620 kB
Unevictable:        2600 kB
Mlocked:               0 kB
HighTotal:        885760 kB
HighFree:           4340 kB
LowTotal:         535800 kB
LowFree:           16272 kB
SwapTotal:             0 kB
SwapFree:              0 kB
Dirty:                 0 kB
Writeback:             0 kB
AnonPages:        421700 kB
Mapped:           393380 kB
