---2015-11-24 16:21:55
MemTotal:        1350964 kB
MemFree:          159356 kB
Buffers:            9396 kB
Cached:           538096 kB
SwapCached:            0 kB
Active:           700300 kB
Inactive:         301544 kB
Active(anon):     462608 kB
Inactive(anon):     2432 kB
Active(file):     237692 kB
Inactive(file):   299112 kB
Unevictable:        8152 kB
Mlocked:               0 kB
HighTotal:        802816 kB
HighFree:          47448 kB
LowTotal:         548148 kB
LowFree:          111908 kB
SwapTotal:             0 kB
SwapFree:              0 kB
Dirty:                 0 kB
Writeback:             0 kB
AnonPages:        462644 kB
Mapped:           199780 kB
Shmem:              2512 kB
Slab:              33908 kB
SReclaimable:      12812 kB
SUnreclaim:        21096 kB
KernelStack:        8568 kB
PageTables:        18612 kB
NFS_Unstable:          0 kB
Bounce:                0 kB
WritebackTmp:          0 kB
CommitLimit:      675480 kB
Committed_AS:   44965844 kB
VmallocTotal:     253952 kB
VmallocUsed:       90208 kB
VmallocChunk:      53252 kB
Time pass: 3 sec

---2015-11-24 16:21:55
MemTotal:        1350964 kB
MemFree:          159256 kB
Buffers:            9396 kB
Cached:           538096 kB
SwapCached:            0 kB
Active:           700388 kB
Inactive:         301564 kB
Active(anon):     462692 kB
Inactive(anon):     2432 kB
Active(file):     237696 kB
Inactive(file):   299132 kB
Unevictable:        8152 kB
Mlocked:               0 kB
HighTotal:        802816 kB
HighFree:          47472 kB
LowTotal:         548148 kB
LowFree:          111784 kB
SwapTotal:             0 kB
SwapFree:              0 kB
Dirty:                 0 kB
Writeback:             0 kB
AnonPages:        462556 kB
Mapped:           199784 kB
Shmem:              2512 kB
Slab:              33984 kB
SReclaimable:      12812 kB
SUnreclaim:        21172 kB
KernelStack:        8568 kB
PageTables:        18612 kB
NFS_Unstable:          0 kB
Bounce:                0 kB
WritebackTmp:          0 kB
CommitLimit:      675480 kB
Committed_AS:   44965908 kB
VmallocTotal:     253952 kB
VmallocUsed:       90208 kB
VmallocChunk:      53252 kB
Time pass: 6 sec

---2015-11-24 16:21:55
MemTotal:        1350964 kB
MemFree:          144592 kB
Buffers:            9404 kB
Cached:           538084 kB
SwapCached:            0 kB
Active:           710492 kB
Inactive:         301096 kB
Active(anon):     472444 kB
Inactive(anon):     2432 kB
Active(file):     238048 kB
Inactive(file):   298664 kB
Unevictable:        8152 kB
Mlocked:               0 kB
HighTotal:        802816 kB
HighFree:          35816 kB
LowTotal:         548148 kB
LowFree:          108776 kB
SwapTotal:             0 kB
SwapFree:              0 kB
Dirty:               604 kB
Writeback:             0 kB
AnonPages:        472456 kB
Mapped:           214472 kB
Shmem:              2512 kB
Slab:              33996 kB
SReclaimable:      12812 kB
SUnreclaim:        21184 kB
KernelStack:        8752 kB
PageTables:        19112 kB
NFS_Unstable:          0 kB
Bounce:                0 kB
WritebackTmp:          0 kB
CommitLimit:      675480 kB
Committed_AS:   45875584 kB
VmallocTotal:     253952 kB
VmallocUsed:       91668 kB
VmallocChunk:      53252 kB
Time pass: 10 sec

---2015-11-24 16:21:55
MemTotal:        1350964 kB
MemFree:           97332 kB
Buffers:            9420 kB
Cached:           538232 kB
SwapCached:            0 kB
Active:           721428 kB
Inactive:         301024 kB
Active(anon):     483032 kB
Inactive(anon):     2564 kB
Active(file):     238396 kB
Inactive(file):   298460 kB
Unevictable:        8152 kB
Mlocked:               0 kB
HighTotal:        802816 kB
HighFree:           6180 kB
LowTotal:         548148 kB
LowFree:           91152 kB
SwapTotal:             0 kB
SwapFree:              0 kB
Dirty:               948 kB
Writeback:             0 kB
AnonPages:        482780 kB
Mapped:           220936 kB
Shmem:              2644 kB
Slab:              34032 kB
SReclaimable:      12828 kB
SUnreclaim:        21204 kB
KernelStack:        9008 kB
PageTables:        19364 kB
NFS_Unstable:          0 kB
Bounce:                0 kB
WritebackTmp:          0 kB
CommitLimit:      675480 kB
Committed_AS:   45937684 kB
VmallocTotal:     253952 kB
VmallocUsed:       92108 kB
VmallocChunk:      53252 kB
Time pass: 14 sec

---2015-11-24 16:21:55
MemTotal:        1350964 kB
MemFree:           99656 kB
Buffers:            9428 kB
Cached:           538244 kB
SwapCached:            0 kB
Active:           703868 kB
Inactive:         300960 kB
Active(anon):     465388 kB
Inactive(anon):     2564 kB
Active(file):     238480 kB
Inactive(file):   298396 kB
Unevictable:        8152 kB
Mlocked:               0 kB
HighTotal:        802816 kB
HighFree:          13060 kB
LowTotal:         548148 kB
LowFree:           86596 kB
SwapTotal:             0 kB
SwapFree:              0 kB
Dirty:               252 kB
Writeback:             0 kB
AnonPages:        465264 kB
Mapped:           222692 kB
Shmem:              2644 kB
Slab:              34040 kB
SReclaimable:      12836 kB
SUnreclaim:        21204 kB
KernelStack:        9016 kB
PageTables:        19412 kB
NFS_Unstable:          0 kB
Bounce:                0 kB
WritebackTmp:          0 kB
CommitLimit:      675480 kB
Committed_AS:   45954876 kB
VmallocTotal:     253952 kB
VmallocUsed:       92108 kB
VmallocChunk:      53252 kB
Time pass: 17 sec

---2015-11-24 16:21:55
MemTotal:        1350964 kB
MemFree:           75956 kB
Buffers:            9428 kB
Cached:           538288 kB
SwapCached:            0 kB
Active:           710240 kB
Inactive:         300920 kB
Active(anon):     471676 kB
Inactive(anon):     2564 kB
Active(file):     238564 kB
Inactive(file):   298356 kB
Unevictable:        8152 kB
Mlocked:               0 kB
HighTotal:        802816 kB
HighFree:           1560 kB
LowTotal:         548148 kB
LowFree:           74396 kB
SwapTotal:             0 kB
SwapFree:              0 kB
Dirty:                60 kB
Writeback:             0 kB
AnonPages:        471624 kB
Mapped:           223140 kB
Shmem:              2644 kB
Slab:              34044 kB
SReclaimable:      12844 kB
SUnreclaim:        21200 kB
KernelStack:        9032 kB
PageTables:        19460 kB
NFS_Unstable:          0 kB
Bounce:                0 kB
WritebackTmp:          0 kB
CommitLimit:      675480 kB
Committed_AS:   45978916 kB
VmallocTotal:     253952 kB
VmallocUsed:       92108 kB
VmallocChunk:      53252 kB
Time pass: 20 sec

---2015-11-24 16:21:55
MemTotal:        1350964 kB
MemFree:           32500 kB
Buffers:            9428 kB
Cached:           534960 kB
SwapCached:            0 kB
Active:           723488 kB
Inactive:         298968 kB
Active(anon):     486448 kB
Inactive(anon):     2560 kB
Active(file):     237040 kB
Inactive(file):   296408 kB
Unevictable:        8152 kB
Mlocked:               0 kB
HighTotal:        802816 kB
HighFree:           2828 kB
LowTotal:         548148 kB
LowFree:           29672 kB
SwapTotal:             0 kB
SwapFree:              0 kB
Dirty:               172 kB
Writeback:             0 kB
AnonPages:        486560 kB
Mapped:           223372 kB
Shmem:              2640 kB
Slab:              34048 kB
SReclaimable:      12844 kB
SUnreclaim:        21204 kB
KernelStack:        9040 kB
PageTables:        19696 kB
NFS_Unstable:          0 kB
Bounce:                0 kB
WritebackTmp:          0 kB
CommitLimit:      675480 kB
Committed_AS:   46091852 kB
VmallocTotal:     253952 kB
VmallocUsed:       92560 kB
VmallocChunk:      53252 kB
Time pass: 24 sec

---2015-11-24 16:21:55
MemTotal:        1350964 kB
MemFree:           36364 kB
Buffers:            9460 kB
Cached:           534972 kB
SwapCached:            0 kB
Active:           723372 kB
Inactive:         299068 kB
Active(anon):     486236 kB
Inactive(anon):     2560 kB
Active(file):     237136 kB
Inactive(file):   296508 kB
Unevictable:        8152 kB
Mlocked:               0 kB
HighTotal:        802816 kB
HighFree:           2336 kB
LowTotal:         548148 kB
LowFree:           34028 kB
SwapTotal:             0 kB
SwapFree:              0 kB
Dirty:               136 kB
Writeback:             0 kB
AnonPages:        486156 kB
Mapped:           223388 kB
Shmem:              2640 kB
Slab:              34052 kB
SReclaimable:      12844 kB
SUnreclaim:        21208 kB
KernelStack:        9040 kB
PageTables:        19700 kB
NFS_Unstable:          0 kB
Bounce:                0 kB
WritebackTmp:          0 kB
CommitLimit:      675480 kB
Committed_AS:   46088332 kB
VmallocTotal:     253952 kB
VmallocUsed:       92560 kB
VmallocChunk:      53252 kB
Time pass: 27 sec

---2015-11-24 16:21:55
MemTotal:        1350964 kB
MemFree:           40112 kB
Buffers:            9464 kB
Cached:           536152 kB
SwapCached:            0 kB
Active:           734660 kB
Inactive:         300048 kB
Active(anon):     497396 kB
Inactive(anon):     2560 kB
Active(file):     237264 kB
Inactive(file):   297488 kB
Unevictable:        8152 kB
Mlocked:               0 kB
HighTotal:        802816 kB
HighFree:           1592 kB
LowTotal:         548148 kB
LowFree:           38520 kB
SwapTotal:             0 kB
SwapFree:              0 kB
Dirty:               116 kB
Writeback:             0 kB
AnonPages:        497328 kB
Mapped:           226764 kB
Shmem:              2640 kB
Slab:              34076 kB
SReclaimable:      12844 kB
SUnreclaim:        21232 kB
KernelStack:        9056 kB
PageTables:        19664 kB
NFS_Unstable:          0 kB
Bounce:                0 kB
WritebackTmp:          0 kB
CommitLimit:      675480 kB
Committed_AS:   46066536 kB
VmallocTotal:     253952 kB
VmallocUsed:       92560 kB
VmallocChunk:      53252 kB
Time pass: 31 sec

---2015-11-24 16:21:55
MemTotal:        1350964 kB
MemFree:           31304 kB
Buffers:            9476 kB
Cached:           537264 kB
SwapCached:            0 kB
Active:           738204 kB
Inactive:         301080 kB
Active(anon):     500776 kB
Inactive(anon):     2560 kB
Active(file):     237428 kB
Inactive(file):   298520 kB
Unevictable:        8152 kB
Mlocked:               0 kB
HighTotal:        802816 kB
HighFree:           1544 kB
LowTotal:         548148 kB
LowFree:           29760 kB
SwapTotal:             0 kB
SwapFree:              0 kB
Dirty:               456 kB
Writeback:             0 kB
AnonPages:        500572 kB
Mapped:           226956 kB
Shmem:              2640 kB
Slab:              34164 kB
SReclaimable:      12852 kB
SUnreclaim:        21312 kB
KernelStack:        9112 kB
PageTables:        19684 kB
NFS_Unstable:          0 kB
Bounce:                0 kB
WritebackTmp:          0 kB
CommitLimit:      675480 kB
Committed_AS:   46082332 kB
VmallocTotal:     253952 kB
VmallocUsed:       92560 kB
VmallocChunk:      53252 kB
Time pass: 36 sec

---2015-11-24 16:21:55
MemTotal:        1350964 kB
MemFree:           32380 kB
Buffers:            9468 kB
Cached:           534500 kB
SwapCached:            0 kB
Active:           737548 kB
Inactive:         298664 kB
Active(anon):     500484 kB
Inactive(anon):     2560 kB
Active(file):     237064 kB
Inactive(file):   296104 kB
Unevictable:        8152 kB
Mlocked:               0 kB
HighTotal:        802816 kB
HighFree:           2932 kB
LowTotal:         548148 kB
LowFree:           29448 kB
SwapTotal:             0 kB
SwapFree:              0 kB
Dirty:                 0 kB
Writeback:            76 kB
AnonPages:        500416 kB
Mapped:           226924 kB
Shmem:              2640 kB
Slab:              34112 kB
SReclaimable:      12852 kB
SUnreclaim:        21260 kB
KernelStack:        9112 kB
PageTables:        19696 kB
NFS_Unstable:          0 kB
Bounce:                0 kB
WritebackTmp:          0 kB
CommitLimit:      675480 kB
Committed_AS:   46082480 kB
VmallocTotal:     253952 kB
VmallocUsed:       92560 kB
VmallocChunk:      53252 kB
Time pass: 39 sec

---2015-11-24 16:21:55
MemTotal:        1350964 kB
MemFree:           32024 kB
Buffers:            9468 kB
Cached:           534504 kB
SwapCached:            0 kB
Active:           737464 kB
Inactive:         298672 kB
Active(anon):     500400 kB
Inactive(anon):     2560 kB
Active(file):     237064 kB
Inactive(file):   296112 kB
Unevictable:        8152 kB
Mlocked:               0 kB
HighTotal:        802816 kB
HighFree:           2708 kB
LowTotal:         548148 kB
LowFree:           29316 kB
SwapTotal:             0 kB
SwapFree:              0 kB
Dirty:                 8 kB
Writeback:             0 kB
AnonPages:        500432 kB
Mapped:           226944 kB
Shmem:              2640 kB
Slab:              34132 kB
SReclaimable:      12852 kB
SUnreclaim:        21280 kB
KernelStack:        9120 kB
PageTables:        19708 kB
NFS_Unstable:          0 kB
Bounce:                0 kB
WritebackTmp:          0 kB
CommitLimit:      675480 kB
Committed_AS:   46082488 kB
VmallocTotal:     253952 kB
VmallocUsed:       92560 kB
VmallocChunk:      53252 kB
Time pass: 43 sec

---2015-11-24 16:21:55
MemTotal:        1350964 kB
MemFree:           31752 kB
Buffers:            9476 kB
Cached:           534504 kB
SwapCached:            0 kB
Active:           737620 kB
Inactive:         298676 kB
Active(anon):     500556 kB
Inactive(anon):     2560 kB
Active(file):     237064 kB
Inactive(file):   296116 kB
Unevictable:        8152 kB
Mlocked:               0 kB
HighTotal:        802816 kB
HighFree:           2708 kB
LowTotal:         548148 kB
LowFree:           29044 kB
SwapTotal:             0 kB
SwapFree:              0 kB
Dirty:                28 kB
Writeback:             0 kB
AnonPages:        500592 kB
Mapped:           227304 kB
Shmem:              2640 kB
Slab:              34200 kB
SReclaimable:      12852 kB
SUnreclaim:        21348 kB
KernelStack:        9120 kB
PageTables:        19708 kB
NFS_Unstable:          0 kB
Bounce:                0 kB
WritebackTmp:          0 kB
CommitLimit:      675480 kB
Committed_AS:   46082604 kB
VmallocTotal:     253952 kB
VmallocUsed:       92560 kB
VmallocChunk:      53252 kB
Time pass: 46 sec

---2015-11-24 16:21:55
MemTotal:        1350964 kB
MemFree:           31876 kB
Buffers:            9476 kB
Cached:           534504 kB
SwapCached:            0 kB
Active:           737668 kB
Inactive:         298680 kB
Active(anon):     500600 kB
Inactive(anon):     2560 kB
Active(file):     237068 kB
Inactive(file):   296120 kB
Unevictable:        8152 kB
Mlocked:               0 kB
HighTotal:        802816 kB
HighFree:           2708 kB
LowTotal:         548148 kB
LowFree:           29168 kB
SwapTotal:             0 kB
SwapFree:              0 kB
Dirty:                20 kB
Writeback:             0 kB
AnonPages:        500540 kB
Mapped:           227224 kB
Shmem:              2640 kB
Slab:              34184 kB
SReclaimable:      12860 kB
SUnreclaim:        21324 kB
KernelStack:        9120 kB
PageTables:        19696 kB
NFS_Unstable:          0 kB
Bounce:                0 kB
WritebackTmp:          0 kB
CommitLimit:      675480 kB
Committed_AS:   46082596 kB
VmallocTotal:     253952 kB
VmallocUsed:       92560 kB
VmallocChunk:      53252 kB
Time pass: 50 sec

---2015-11-24 16:21:55
MemTotal:        1350964 kB
MemFree:           31612 kB
Buffers:            9484 kB
Cached:           534504 kB
SwapCached:            0 kB
Active:           737764 kB
Inactive:         298680 kB
Active(anon):     500696 kB
Inactive(anon):     2560 kB
Active(file):     237068 kB
Inactive(file):   296120 kB
Unevictable:        8152 kB
Mlocked:               0 kB
HighTotal:        802816 kB
HighFree:           2708 kB
LowTotal:         548148 kB
LowFree:           28904 kB
SwapTotal:             0 kB
SwapFree:              0 kB
Dirty:                 0 kB
Writeback:             0 kB
AnonPages:        500776 kB
Mapped:           227296 kB
Shmem:              2640 kB
Slab:              34212 kB
SReclaimable:      12860 kB
SUnreclaim:        21352 kB
KernelStack:        9128 kB
PageTables:        19708 kB
NFS_Unstable:          0 kB
Bounce:                0 kB
WritebackTmp:          0 kB
CommitLimit:      675480 kB
Committed_AS:   46082628 kB
VmallocTotal:     253952 kB
VmallocUsed:       92560 kB
VmallocChunk:      53252 kB
Time pass: 53 sec

---2015-11-24 16:21:55
MemTotal:        1350964 kB
MemFree:           31620 kB
Buffers:            9484 kB
Cached:           534504 kB
SwapCached:            0 kB
Active:           738000 kB
Inactive:         298688 kB
Active(anon):     500932 kB
Inactive(anon):     2560 kB
Active(file):     237068 kB
Inactive(file):   296128 kB
Unevictable:        8152 kB
Mlocked:               0 kB
HighTotal:        802816 kB
HighFree:           2584 kB
LowTotal:         548148 kB
LowFree:           29036 kB
SwapTotal:             0 kB
SwapFree:              0 kB
Dirty:                 0 kB
Writeback:             0 kB
AnonPages:        500804 kB
Mapped:           227140 kB
Shmem:              2640 kB
Slab:              34208 kB
SReclaimable:      12860 kB
SUnreclaim:        21348 kB
KernelStack:        9120 kB
PageTables:        19708 kB
NFS_Unstable:          0 kB
Bounce:                0 kB
WritebackTmp:          0 kB
CommitLimit:      675480 kB
Committed_AS:   46082592 kB
VmallocTotal:     253952 kB
VmallocUsed:       92560 kB
VmallocChunk:      53252 kB
Time pass: 57 sec

---2015-11-24 16:21:55
MemTotal:        1350964 kB
MemFree:           32940 kB
Buffers:            9104 kB
Cached:           520672 kB
SwapCached:            0 kB
Active:           737436 kB
Inactive:         289080 kB
Active(anon):     505020 kB
Inactive(anon):     2560 kB
Active(file):     232416 kB
Inactive(file):   286520 kB
Unevictable:        8152 kB
Mlocked:               0 kB
HighTotal:        802816 kB
HighFree:           3856 kB
LowTotal:         548148 kB
LowFree:           29084 kB
SwapTotal:             0 kB
SwapFree:              0 kB
Dirty:               544 kB
Writeback:             0 kB
AnonPages:        504892 kB
Mapped:           227096 kB
Shmem:              2640 kB
Slab:              34260 kB
SReclaimable:      12916 kB
SUnreclaim:        21344 kB
KernelStack:        9120 kB
PageTables:        19704 kB
NFS_Unstable:          0 kB
Bounce:                0 kB
WritebackTmp:          0 kB
CommitLimit:      675480 kB
Committed_AS:   46093548 kB
VmallocTotal:     253952 kB
VmallocUsed:       92560 kB
VmallocChunk:      53252 kB
Time pass: 60 sec

---2015-11-24 16:21:55
MemTotal:        1350964 kB
MemFree:           33212 kB
Buffers:            9112 kB
Cached:           520876 kB
SwapCached:            0 kB
Active:           737624 kB
Inactive:         289308 kB
Active(anon):     505196 kB
Inactive(anon):     2560 kB
Active(file):     232428 kB
Inactive(file):   286748 kB
Unevictable:        8152 kB
Mlocked:               0 kB
HighTotal:        802816 kB
HighFree:           3948 kB
LowTotal:         548148 kB
LowFree:           29264 kB
SwapTotal:             0 kB
SwapFree:              0 kB
Dirty:               148 kB
Writeback:             0 kB
AnonPages:        505216 kB
Mapped:           227160 kB
Shmem:              2640 kB
Slab:              34208 kB
SReclaimable:      12916 kB
SUnreclaim:        21292 kB
KernelStack:        9120 kB
PageTables:        19732 kB
NFS_Unstable:          0 kB
Bounce:                0 kB
WritebackTmp:          0 kB
CommitLimit:      675480 kB
Committed_AS:   46093900 kB
VmallocTotal:     253952 kB
VmallocUsed:       92560 kB
VmallocChunk:      53252 kB
Time pass: 64 sec

---2015-11-24 16:21:55
MemTotal:        1350964 kB
MemFree:           32964 kB
Buffers:            9112 kB
Cached:           520884 kB
SwapCached:            0 kB
Active:           737740 kB
Inactive:         289336 kB
Active(anon):     505312 kB
Inactive(anon):     2560 kB
Active(file):     232428 kB
Inactive(file):   286776 kB
Unevictable:        8152 kB
Mlocked:               0 kB
HighTotal:        802816 kB
HighFree:           3700 kB
LowTotal:         548148 kB
LowFree:           29264 kB
SwapTotal:             0 kB
SwapFree:              0 kB
Dirty:               212 kB
Writeback:             0 kB
AnonPages:        505128 kB
Mapped:           227164 kB
Shmem:              2640 kB
Slab:              34268 kB
SReclaimable:      12916 kB
SUnreclaim:        21352 kB
KernelStack:        9120 kB
PageTables:        19732 kB
NFS_Unstable:          0 kB
Bounce:                0 kB
WritebackTmp:          0 kB
CommitLimit:      675480 kB
Committed_AS:   46093860 kB
VmallocTotal:     253952 kB
VmallocUsed:       92560 kB
VmallocChunk:      53252 kB
Time pass: 67 sec

---2015-11-24 16:21:55
MemTotal:        1350964 kB
MemFree:           32592 kB
Buffers:            9120 kB
Cached:           520920 kB
SwapCached:            0 kB
Active:           737808 kB
Inactive:         289380 kB
Active(anon):     505380 kB
Inactive(anon):     2560 kB
Active(file):     232428 kB
Inactive(file):   286820 kB
Unevictable:        8152 kB
Mlocked:               0 kB
HighTotal:        802816 kB
HighFree:           3452 kB
LowTotal:         548148 kB
LowFree:           29140 kB
SwapTotal:             0 kB
SwapFree:              0 kB
Dirty:                12 kB
Writeback:             0 kB
AnonPages:        505360 kB
Mapped:           227184 kB
Shmem:              2640 kB
Slab:              34208 kB
SReclaimable:      12916 kB
SUnreclaim:        21292 kB
KernelStack:        9096 kB
PageTables:        19732 kB
NFS_Unstable:          0 kB
Bounce:                0 kB
WritebackTmp:          0 kB
CommitLimit:      675480 kB
Committed_AS:   46093840 kB
VmallocTotal:     253952 kB
VmallocUsed:       92560 kB
VmallocChunk:      53252 kB
Time pass: 71 sec

---2015-11-24 16:21:55
MemTotal:        1350964 kB
MemFree:           32592 kB
Buffers:            9128 kB
Cached:           520912 kB
SwapCached:            0 kB
Active:           737884 kB
Inactive:         289380 kB
Active(anon):     505456 kB
Inactive(anon):     2560 kB
Active(file):     232428 kB
Inactive(file):   286820 kB
Unevictable:        8152 kB
Mlocked:               0 kB
HighTotal:        802816 kB
HighFree:           3328 kB
LowTotal:         548148 kB
LowFree:           29264 kB
SwapTotal:             0 kB
SwapFree:              0 kB
Dirty:               148 kB
Writeback:             0 kB
AnonPages:        505436 kB
Mapped:           227184 kB
Shmem:              2640 kB
Slab:              34268 kB
SReclaimable:      12916 kB
SUnreclaim:        21352 kB
KernelStack:        9096 kB
PageTables:        19728 kB
NFS_Unstable:          0 kB
Bounce:                0 kB
WritebackTmp:          0 kB
CommitLimit:      675480 kB
Committed_AS:   46093672 kB
VmallocTotal:     253952 kB
VmallocUsed:       92560 kB
VmallocChunk:      53252 kB
Time pass: 74 sec

---2015-11-24 16:21:55
MemTotal:        1350964 kB
MemFree:           32832 kB
Buffers:            9128 kB
Cached:           520920 kB
SwapCached:            0 kB
Active:           737852 kB
Inactive:         289388 kB
Active(anon):     505424 kB
Inactive(anon):     2560 kB
Active(file):     232428 kB
Inactive(file):   286828 kB
Unevictable:        8152 kB
Mlocked:               0 kB
HighTotal:        802816 kB
HighFree:           3452 kB
LowTotal:         548148 kB
LowFree:           29380 kB
SwapTotal:             0 kB
SwapFree:              0 kB
Dirty:               160 kB
Writeback:             0 kB
AnonPages:        505340 kB
Mapped:           227184 kB
Shmem:              2640 kB
Slab:              34256 kB
SReclaimable:      12924 kB
SUnreclaim:        21332 kB
KernelStack:        9096 kB
PageTables:        19732 kB
NFS_Unstable:          0 kB
Bounce:                0 kB
WritebackTmp:          0 kB
CommitLimit:      675480 kB
Committed_AS:   46093840 kB
VmallocTotal:     253952 kB
VmallocUsed:       92560 kB
VmallocChunk:      53252 kB
Time pass: 78 sec

---2015-11-24 16:21:55
MemTotal:        1350964 kB
MemFree:           67240 kB
Buffers:            8908 kB
Cached:           505140 kB
SwapCached:            0 kB
Active:           735692 kB
Inactive:         274104 kB
Active(anon):     503920 kB
Inactive(anon):     2504 kB
Active(file):     231772 kB
Inactive(file):   271600 kB
Unevictable:        8152 kB
Mlocked:               0 kB
HighTotal:        802816 kB
HighFree:          27748 kB
LowTotal:         548148 kB
LowFree:           39492 kB
SwapTotal:             0 kB
SwapFree:              0 kB
Dirty:               172 kB
Writeback:            32 kB
AnonPages:        503748 kB
Mapped:           226680 kB
Shmem:              2520 kB
Slab:              34284 kB
SReclaimable:      12936 kB
SUnreclaim:        21348 kB
KernelStack:        9120 kB
PageTables:        19632 kB
NFS_Unstable:          0 kB
Bounce:                0 kB
WritebackTmp:          0 kB
CommitLimit:      675480 kB
Committed_AS:   46054988 kB
VmallocTotal:     253952 kB
VmallocUsed:       92660 kB
VmallocChunk:      53252 kB
Time pass: 81 sec

---2015-11-24 16:21:55
MemTotal:        1350964 kB
MemFree:          189180 kB
Buffers:            8916 kB
Cached:           505212 kB
SwapCached:            0 kB
Active:           714160 kB
Inactive:         250100 kB
Active(anon):     458364 kB
Inactive(anon):     2432 kB
Active(file):     255796 kB
Inactive(file):   247668 kB
Unevictable:        8152 kB
Mlocked:               0 kB
HighTotal:        802816 kB
HighFree:          75820 kB
LowTotal:         548148 kB
LowFree:          113360 kB
SwapTotal:             0 kB
SwapFree:              0 kB
Dirty:                 4 kB
Writeback:             0 kB
AnonPages:        458336 kB
Mapped:           199132 kB
Shmem:              2512 kB
Slab:              34096 kB
SReclaimable:      12936 kB
SUnreclaim:        21160 kB
KernelStack:        8568 kB
PageTables:        18808 kB
NFS_Unstable:          0 kB
Bounce:                0 kB
WritebackTmp:          0 kB
CommitLimit:      675480 kB
Committed_AS:   45044536 kB
VmallocTotal:     253952 kB
VmallocUsed:       90776 kB
VmallocChunk:      53252 kB
Time pass: 85 sec

---2015-11-24 16:21:55
MemTotal:        1350964 kB
MemFree:          190592 kB
Buffers:            8924 kB
Cached:           505212 kB
SwapCached:            0 kB
Active:           713020 kB
Inactive:         250100 kB
Active(anon):     457224 kB
Inactive(anon):     2432 kB
Active(file):     255796 kB
Inactive(file):   247668 kB
Unevictable:        8152 kB
Mlocked:               0 kB
HighTotal:        802816 kB
HighFree:          77108 kB
LowTotal:         548148 kB
LowFree:          113484 kB
SwapTotal:             0 kB
SwapFree:              0 kB
Dirty:                28 kB
Writeback:             0 kB
AnonPages:        457252 kB
Mapped:           199132 kB
Shmem:              2512 kB
Slab:              34092 kB
SReclaimable:      12936 kB
SUnreclaim:        21156 kB
KernelStack:        8568 kB
PageTables:        18804 kB
NFS_Unstable:          0 kB
Bounce:                0 kB
WritebackTmp:          0 kB
CommitLimit:      675480 kB
Committed_AS:   45044516 kB
VmallocTotal:     253952 kB
VmallocUsed:       90776 kB
VmallocChunk:      53252 kB
Time pass: 89 sec

---2015-11-24 16:21:55
MemTotal:        1350964 kB
MemFree:          189980 kB
Buffers:            8924 kB
Cached:           505360 kB
SwapCached:            0 kB
Active:           714332 kB
Inactive:         250208 kB
Active(anon):     458536 kB
Inactive(anon):     2432 kB
Active(file):     255796 kB
Inactive(file):   247776 kB
Unevictable:        8152 kB
Mlocked:               0 kB
HighTotal:        802816 kB
HighFree:          76612 kB
LowTotal:         548148 kB
LowFree:          113368 kB
SwapTotal:             0 kB
SwapFree:              0 kB
Dirty:                24 kB
Writeback:             0 kB
AnonPages:        458624 kB
Mapped:           198984 kB
Shmem:              2512 kB
Slab:              34084 kB
SReclaimable:      12936 kB
SUnreclaim:        21148 kB
KernelStack:        8560 kB
PageTables:        18808 kB
NFS_Unstable:          0 kB
Bounce:                0 kB
WritebackTmp:          0 kB
CommitLimit:      675480 kB
Committed_AS:   45046112 kB
VmallocTotal:     253952 kB
VmallocUsed:       90776 kB
VmallocChunk:      53252 kB
Time pass: 93 sec

---2015-11-24 16:21:55
MemTotal:        1350964 kB
MemFree:          133408 kB
Buffers:            8984 kB
Cached:           505460 kB
SwapCached:            0 kB
Active:           734568 kB
Inactive:         250404 kB
Active(anon):     478760 kB
Inactive(anon):     2564 kB
Active(file):     255808 kB
Inactive(file):   247840 kB
Unevictable:        8152 kB
Mlocked:               0 kB
HighTotal:        802816 kB
HighFree:          42512 kB
LowTotal:         548148 kB
LowFree:           90896 kB
SwapTotal:             0 kB
SwapFree:              0 kB
Dirty:               944 kB
Writeback:             0 kB
AnonPages:        478812 kB
Mapped:           220376 kB
Shmem:              2644 kB
Slab:              34064 kB
SReclaimable:      12936 kB
SUnreclaim:        21128 kB
KernelStack:        9000 kB
PageTables:        19528 kB
NFS_Unstable:          0 kB
Bounce:                0 kB
WritebackTmp:          0 kB
CommitLimit:      675480 kB
Committed_AS:   46014156 kB
VmallocTotal:     253952 kB
VmallocUsed:       92676 kB
VmallocChunk:      53252 kB
Time pass: 97 sec

---2015-11-24 16:21:55
MemTotal:        1350964 kB
MemFree:          116908 kB
Buffers:            8984 kB
Cached:           505464 kB
SwapCached:            0 kB
Active:           736184 kB
Inactive:         250404 kB
Active(anon):     480372 kB
Inactive(anon):     2564 kB
Active(file):     255812 kB
Inactive(file):   247840 kB
Unevictable:        8152 kB
Mlocked:               0 kB
HighTotal:        802816 kB
HighFree:          32380 kB
LowTotal:         548148 kB
LowFree:           84528 kB
SwapTotal:             0 kB
SwapFree:              0 kB
Dirty:               128 kB
Writeback:             0 kB
AnonPages:        480164 kB
Mapped:           221648 kB
Shmem:              2644 kB
Slab:              34096 kB
SReclaimable:      12956 kB
SUnreclaim:        21140 kB
KernelStack:        9016 kB
PageTables:        19572 kB
NFS_Unstable:          0 kB
Bounce:                0 kB
WritebackTmp:          0 kB
CommitLimit:      675480 kB
Committed_AS:   46026536 kB
VmallocTotal:     253952 kB
VmallocUsed:       92676 kB
VmallocChunk:      53252 kB
Time pass: 100 sec

---2015-11-24 16:21:55
MemTotal:        1350964 kB
MemFree:           89528 kB
Buffers:            8992 kB
Cached:           505952 kB
SwapCached:            0 kB
Active:           751964 kB
Inactive:         250596 kB
Active(anon):     495896 kB
Inactive(anon):     2560 kB
Active(file):     256068 kB
Inactive(file):   248036 kB
Unevictable:        8152 kB
Mlocked:               0 kB
HighTotal:        802816 kB
HighFree:           7668 kB
LowTotal:         548148 kB
LowFree:           81860 kB
SwapTotal:             0 kB
SwapFree:              0 kB
Dirty:               752 kB
Writeback:             0 kB
AnonPages:        495856 kB
Mapped:           223576 kB
Shmem:              2640 kB
Slab:              34100 kB
SReclaimable:      12956 kB
SUnreclaim:        21144 kB
KernelStack:        9080 kB
PageTables:        19644 kB
NFS_Unstable:          0 kB
Bounce:                0 kB
WritebackTmp:          0 kB
CommitLimit:      675480 kB
Committed_AS:   46054792 kB
VmallocTotal:     253952 kB
VmallocUsed:       92676 kB
VmallocChunk:      53252 kB
Time pass: 103 sec

---2015-11-24 16:21:55
MemTotal:        1350964 kB
MemFree:           79112 kB
Buffers:            9004 kB
Cached:           505976 kB
SwapCached:            0 kB
Active:           755116 kB
Inactive:         250676 kB
Active(anon):     499044 kB
Inactive(anon):     2560 kB
Active(file):     256072 kB
Inactive(file):   248116 kB
Unevictable:        8152 kB
Mlocked:               0 kB
HighTotal:        802816 kB
HighFree:           2388 kB
LowTotal:         548148 kB
LowFree:           76724 kB
SwapTotal:             0 kB
SwapFree:              0 kB
Dirty:               148 kB
Writeback:             0 kB
AnonPages:        499068 kB
Mapped:           223696 kB
Shmem:              2640 kB
Slab:              34140 kB
SReclaimable:      12956 kB
SUnreclaim:        21184 kB
KernelStack:        9072 kB
PageTables:        19660 kB
NFS_Unstable:          0 kB
Bounce:                0 kB
WritebackTmp:          0 kB
CommitLimit:      675480 kB
Committed_AS:   46063208 kB
VmallocTotal:     253952 kB
VmallocUsed:       92676 kB
VmallocChunk:      53252 kB
Time pass: 107 sec

---2015-11-24 16:21:55
MemTotal:        1350964 kB
MemFree:           59252 kB
Buffers:            9008 kB
Cached:           507472 kB
SwapCached:            0 kB
Active:           760232 kB
Inactive:         251112 kB
Active(anon):     503220 kB
Inactive(anon):     2560 kB
Active(file):     257012 kB
Inactive(file):   248552 kB
Unevictable:        8152 kB
Mlocked:               0 kB
HighTotal:        802816 kB
HighFree:           1592 kB
LowTotal:         548148 kB
LowFree:           57660 kB
SwapTotal:             0 kB
SwapFree:              0 kB
Dirty:               748 kB
Writeback:             0 kB
AnonPages:        503064 kB
Mapped:           224284 kB
Shmem:              2640 kB
Slab:              34240 kB
SReclaimable:      12972 kB
SUnreclaim:        21268 kB
KernelStack:        9152 kB
PageTables:        19940 kB
NFS_Unstable:          0 kB
Bounce:                0 kB
WritebackTmp:          0 kB
CommitLimit:      675480 kB
Committed_AS:   46868420 kB
VmallocTotal:     253952 kB
VmallocUsed:       93696 kB
VmallocChunk:      53252 kB
Time pass: 110 sec

---2015-11-24 16:21:55
MemTotal:        1350964 kB
MemFree:           44508 kB
Buffers:            9016 kB
Cached:           507472 kB
SwapCached:            0 kB
Active:           765052 kB
Inactive:         251236 kB
Active(anon):     508032 kB
Inactive(anon):     2560 kB
Active(file):     257020 kB
Inactive(file):   248676 kB
Unevictable:        8152 kB
Mlocked:               0 kB
HighTotal:        802816 kB
HighFree:           1592 kB
LowTotal:         548148 kB
LowFree:           42916 kB
SwapTotal:             0 kB
SwapFree:              0 kB
Dirty:                24 kB
Writeback:             0 kB
AnonPages:        507964 kB
Mapped:           224804 kB
Shmem:              2640 kB
Slab:              34224 kB
SReclaimable:      12976 kB
SUnreclaim:        21248 kB
KernelStack:        9152 kB
PageTables:        19972 kB
NFS_Unstable:          0 kB
Bounce:                0 kB
WritebackTmp:          0 kB
CommitLimit:      675480 kB
Committed_AS:   46881796 kB
VmallocTotal:     253952 kB
VmallocUsed:       93696 kB
VmallocChunk:      53252 kB
Time pass: 114 sec

---2015-11-24 16:21:55
MemTotal:        1350964 kB
MemFree:           44264 kB
Buffers:            9156 kB
Cached:           507472 kB
SwapCached:            0 kB
Active:           765320 kB
Inactive:         251204 kB
Active(anon):     508128 kB
Inactive(anon):     2560 kB
Active(file):     257192 kB
Inactive(file):   248644 kB
Unevictable:        8152 kB
Mlocked:               0 kB
HighTotal:        802816 kB
HighFree:           1592 kB
LowTotal:         548148 kB
LowFree:           42672 kB
SwapTotal:             0 kB
SwapFree:              0 kB
Dirty:                80 kB
Writeback:             0 kB
AnonPages:        508060 kB
Mapped:           224912 kB
Shmem:              2640 kB
Slab:              34308 kB
SReclaimable:      12976 kB
SUnreclaim:        21332 kB
KernelStack:        9152 kB
PageTables:        19952 kB
NFS_Unstable:          0 kB
Bounce:                0 kB
WritebackTmp:          0 kB
CommitLimit:      675480 kB
Committed_AS:   46881624 kB
VmallocTotal:     253952 kB
VmallocUsed:       93696 kB
VmallocChunk:      53252 kB
Time pass: 117 sec

---2015-11-24 16:21:55
MemTotal:        1350964 kB
MemFree:           43992 kB
Buffers:            9164 kB
Cached:           507472 kB
SwapCached:            0 kB
Active:           765412 kB
Inactive:         251204 kB
Active(anon):     508220 kB
Inactive(anon):     2560 kB
Active(file):     257192 kB
Inactive(file):   248644 kB
Unevictable:        8152 kB
Mlocked:               0 kB
HighTotal:        802816 kB
HighFree:           1592 kB
LowTotal:         548148 kB
LowFree:           42400 kB
SwapTotal:             0 kB
SwapFree:              0 kB
Dirty:                28 kB
Writeback:             0 kB
AnonPages:        508232 kB
Mapped:           224960 kB
Shmem:              2640 kB
Slab:              34276 kB
SReclaimable:      12984 kB
SUnreclaim:        21292 kB
KernelStack:        9152 kB
PageTables:        19968 kB
NFS_Unstable:          0 kB
Bounce:                0 kB
WritebackTmp:          0 kB
CommitLimit:      675480 kB
Committed_AS:   46881592 kB
VmallocTotal:     253952 kB
VmallocUsed:       93696 kB
VmallocChunk:      53252 kB
Time pass: 121 sec

---2015-11-24 16:21:55
MemTotal:        1350964 kB
MemFree:           33620 kB
Buffers:            9116 kB
Cached:           507392 kB
SwapCached:            0 kB
Active:           770744 kB
Inactive:         254064 kB
Active(anon):     516548 kB
Inactive(anon):     2700 kB
Active(file):     254196 kB
Inactive(file):   251364 kB
Unevictable:        8152 kB
Mlocked:               0 kB
HighTotal:        802816 kB
HighFree:           2708 kB
LowTotal:         548148 kB
LowFree:           30912 kB
SwapTotal:             0 kB
SwapFree:              0 kB
Dirty:                 0 kB
Writeback:             0 kB
AnonPages:        516476 kB
Mapped:           226964 kB
Shmem:              2796 kB
Slab:              34384 kB
SReclaimable:      12996 kB
SUnreclaim:        21388 kB
KernelStack:        9344 kB
PageTables:        20104 kB
NFS_Unstable:          0 kB
Bounce:                0 kB
WritebackTmp:          0 kB
CommitLimit:      675480 kB
Committed_AS:   46906984 kB
VmallocTotal:     253952 kB
VmallocUsed:       94356 kB
VmallocChunk:      53252 kB
Time pass: 125 sec

---2015-11-24 16:21:55
MemTotal:        1350964 kB
MemFree:           33408 kB
Buffers:            9020 kB
Cached:           504652 kB
SwapCached:            0 kB
Active:           770716 kB
Inactive:         253404 kB
Active(anon):     518684 kB
Inactive(anon):     2732 kB
Active(file):     252032 kB
Inactive(file):   250672 kB
Unevictable:        8152 kB
Mlocked:               0 kB
HighTotal:        802816 kB
HighFree:           4272 kB
LowTotal:         548148 kB
LowFree:           29136 kB
SwapTotal:             0 kB
SwapFree:              0 kB
Dirty:                84 kB
Writeback:             0 kB
AnonPages:        518764 kB
Mapped:           226320 kB
Shmem:              2816 kB
Slab:              34412 kB
SReclaimable:      13016 kB
SUnreclaim:        21396 kB
KernelStack:        9368 kB
PageTables:        20128 kB
NFS_Unstable:          0 kB
Bounce:                0 kB
WritebackTmp:          0 kB
CommitLimit:      675480 kB
Committed_AS:   46911400 kB
VmallocTotal:     253952 kB
VmallocUsed:       94356 kB
VmallocChunk:      53252 kB
Time pass: 130 sec

---2015-11-24 16:21:55
MemTotal:        1350964 kB
MemFree:           30884 kB
Buffers:            8972 kB
Cached:           502476 kB
SwapCached:            0 kB
Active:           772092 kB
Inactive:         252880 kB
Active(anon):     521760 kB
Inactive(anon):     2764 kB
Active(file):     250332 kB
Inactive(file):   250116 kB
Unevictable:        8152 kB
Mlocked:               0 kB
HighTotal:        802816 kB
HighFree:           2088 kB
LowTotal:         548148 kB
LowFree:           28796 kB
SwapTotal:             0 kB
SwapFree:              0 kB
Dirty:                52 kB
Writeback:             0 kB
AnonPages:        521688 kB
Mapped:           226468 kB
Shmem:              2848 kB
Slab:              34448 kB
SReclaimable:      13020 kB
SUnreclaim:        21428 kB
KernelStack:        9400 kB
PageTables:        20192 kB
NFS_Unstable:          0 kB
Bounce:                0 kB
WritebackTmp:          0 kB
CommitLimit:      675480 kB
Committed_AS:   46915432 kB
VmallocTotal:     253952 kB
VmallocUsed:       94692 kB
VmallocChunk:      53252 kB
Time pass: 136 sec

---2015-11-24 16:21:55
MemTotal:        1350964 kB
MemFree:           31704 kB
Buffers:            9000 kB
Cached:           500488 kB
SwapCached:            0 kB
Active:           771476 kB
Inactive:         252468 kB
Active(anon):     522692 kB
Inactive(anon):     2764 kB
Active(file):     248784 kB
Inactive(file):   249704 kB
Unevictable:        8152 kB
Mlocked:               0 kB
HighTotal:        802816 kB
HighFree:           2460 kB
LowTotal:         548148 kB
LowFree:           29244 kB
SwapTotal:             0 kB
SwapFree:              0 kB
Dirty:                44 kB
Writeback:             0 kB
AnonPages:        522688 kB
Mapped:           226472 kB
Shmem:              2848 kB
Slab:              34584 kB
SReclaimable:      13020 kB
SUnreclaim:        21564 kB
KernelStack:        9400 kB
PageTables:        20192 kB
NFS_Unstable:          0 kB
Bounce:                0 kB
WritebackTmp:          0 kB
CommitLimit:      675480 kB
Committed_AS:   46916144 kB
VmallocTotal:     253952 kB
VmallocUsed:       94692 kB
VmallocChunk:      53252 kB
Time pass: 144 sec

---2015-11-24 16:21:55
MemTotal:        1350964 kB
MemFree:           30740 kB
Buffers:            9008 kB
Cached:           500488 kB
SwapCached:            0 kB
Active:           773032 kB
Inactive:         252468 kB
Active(anon):     524248 kB
Inactive(anon):     2764 kB
Active(file):     248784 kB
Inactive(file):   249704 kB
Unevictable:        8152 kB
Mlocked:               0 kB
HighTotal:        802816 kB
HighFree:           1592 kB
LowTotal:         548148 kB
LowFree:           29148 kB
SwapTotal:             0 kB
SwapFree:              0 kB
Dirty:                28 kB
Writeback:             0 kB
AnonPages:        524252 kB
Mapped:           226520 kB
Shmem:              2848 kB
Slab:              34604 kB
SReclaimable:      13020 kB
SUnreclaim:        21584 kB
KernelStack:        9416 kB
PageTables:        20212 kB
NFS_Unstable:          0 kB
Bounce:                0 kB
WritebackTmp:          0 kB
CommitLimit:      675480 kB
Committed_AS:   46917612 kB
VmallocTotal:     253952 kB
VmallocUsed:       94692 kB
VmallocChunk:      53252 kB
Time pass: 148 sec

---2015-11-24 16:21:55
MemTotal:        1350964 kB
MemFree:           32264 kB
Buffers:            9024 kB
Cached:           497856 kB
SwapCached:            0 kB
Active:           771980 kB
Inactive:         251680 kB
Active(anon):     525032 kB
Inactive(anon):     2764 kB
Active(file):     246948 kB
Inactive(file):   248916 kB
Unevictable:        8152 kB
Mlocked:               0 kB
HighTotal:        802816 kB
HighFree:           3080 kB
LowTotal:         548148 kB
LowFree:           29184 kB
SwapTotal:             0 kB
SwapFree:              0 kB
Dirty:                 0 kB
Writeback:             0 kB
AnonPages:        524960 kB
Mapped:           226416 kB
Shmem:              2848 kB
Slab:              34544 kB
SReclaimable:      13020 kB
SUnreclaim:        21524 kB
KernelStack:        9368 kB
PageTables:        20188 kB
NFS_Unstable:          0 kB
Bounce:                0 kB
WritebackTmp:          0 kB
CommitLimit:      675480 kB
Committed_AS:   46918036 kB
VmallocTotal:     253952 kB
VmallocUsed:       94692 kB
VmallocChunk:      53252 kB
Time pass: 154 sec

---2015-11-24 16:21:55
MemTotal:        1350964 kB
MemFree:           30728 kB
Buffers:            9032 kB
Cached:           497796 kB
SwapCached:            0 kB
Active:           773712 kB
Inactive:         251644 kB
Active(anon):     526764 kB
Inactive(anon):     2704 kB
Active(file):     246948 kB
Inactive(file):   248940 kB
Unevictable:        8152 kB
Mlocked:               0 kB
HighTotal:        802816 kB
HighFree:           2708 kB
LowTotal:         548148 kB
LowFree:           28020 kB
SwapTotal:             0 kB
SwapFree:              0 kB
Dirty:                28 kB
Writeback:             0 kB
AnonPages:        526672 kB
Mapped:           226356 kB
Shmem:              2788 kB
Slab:              34588 kB
SReclaimable:      13012 kB
SUnreclaim:        21576 kB
KernelStack:        9408 kB
PageTables:        20124 kB
NFS_Unstable:          0 kB
Bounce:                0 kB
WritebackTmp:          0 kB
CommitLimit:      675480 kB
Committed_AS:   46921488 kB
VmallocTotal:     253952 kB
VmallocUsed:       95028 kB
VmallocChunk:      53252 kB
Time pass: 159 sec

---2015-11-24 16:21:55
MemTotal:        1350964 kB
MemFree:           31432 kB
Buffers:            9048 kB
Cached:           495284 kB
SwapCached:            0 kB
Active:           772876 kB
Inactive:         250780 kB
Active(anon):     527628 kB
Inactive(anon):     2704 kB
Active(file):     245248 kB
Inactive(file):   248076 kB
Unevictable:        8152 kB
Mlocked:               0 kB
HighTotal:        802816 kB
HighFree:           2792 kB
LowTotal:         548148 kB
LowFree:           28640 kB
SwapTotal:             0 kB
SwapFree:              0 kB
Dirty:                 0 kB
Writeback:             0 kB
AnonPages:        527512 kB
Mapped:           226260 kB
Shmem:              2788 kB
Slab:              34580 kB
SReclaimable:      13028 kB
SUnreclaim:        21552 kB
KernelStack:        9408 kB
PageTables:        20140 kB
NFS_Unstable:          0 kB
Bounce:                0 kB
WritebackTmp:          0 kB
CommitLimit:      675480 kB
Committed_AS:   46922196 kB
VmallocTotal:     253952 kB
VmallocUsed:       95028 kB
VmallocChunk:      53252 kB
Time pass: 163 sec

---2015-11-24 16:21:55
MemTotal:        1350964 kB
MemFree:           30528 kB
Buffers:            9056 kB
Cached:           495248 kB
SwapCached:            0 kB
Active:           774756 kB
Inactive:         250696 kB
Active(anon):     529384 kB
Inactive(anon):     2728 kB
Active(file):     245372 kB
Inactive(file):   247968 kB
Unevictable:        8152 kB
Mlocked:               0 kB
HighTotal:        802816 kB
HighFree:           1716 kB
LowTotal:         548148 kB
LowFree:           28812 kB
SwapTotal:             0 kB
SwapFree:              0 kB
Dirty:                28 kB
Writeback:             0 kB
AnonPages:        529252 kB
Mapped:           226432 kB
Shmem:              2812 kB
Slab:              34540 kB
SReclaimable:      13028 kB
SUnreclaim:        21512 kB
KernelStack:        9392 kB
PageTables:        20148 kB
NFS_Unstable:          0 kB
Bounce:                0 kB
WritebackTmp:          0 kB
CommitLimit:      675480 kB
Committed_AS:   46923328 kB
VmallocTotal:     253952 kB
VmallocUsed:       95028 kB
VmallocChunk:      53252 kB
Time pass: 168 sec

---2015-11-24 16:21:55
MemTotal:        1350964 kB
MemFree:           32400 kB
Buffers:            9080 kB
Cached:           487532 kB
SwapCached:            0 kB
Active:           771912 kB
Inactive:         248000 kB
Active(anon):     531680 kB
Inactive(anon):     2712 kB
Active(file):     240232 kB
Inactive(file):   245288 kB
Unevictable:        8296 kB
Mlocked:               0 kB
HighTotal:        802816 kB
HighFree:           2064 kB
LowTotal:         548148 kB
LowFree:           30336 kB
SwapTotal:             0 kB
SwapFree:              0 kB
Dirty:               196 kB
Writeback:             0 kB
AnonPages:        531412 kB
Mapped:           225820 kB
Shmem:              2796 kB
Slab:              34608 kB
SReclaimable:      13028 kB
SUnreclaim:        21580 kB
KernelStack:        9424 kB
PageTables:        20244 kB
NFS_Unstable:          0 kB
Bounce:                0 kB
WritebackTmp:          0 kB
CommitLimit:      675480 kB
Committed_AS:   46927276 kB
VmallocTotal:     253952 kB
VmallocUsed:       95364 kB
VmallocChunk:      53252 kB
Time pass: 173 sec

---2015-11-24 16:21:55
MemTotal:        1350964 kB
MemFree:           32348 kB
Buffers:            9096 kB
Cached:           487588 kB
SwapCached:            0 kB
Active:           772460 kB
Inactive:         248072 kB
Active(anon):     532228 kB
Inactive(anon):     2764 kB
Active(file):     240232 kB
Inactive(file):   245308 kB
Unevictable:        8296 kB
Mlocked:               0 kB
HighTotal:        802816 kB
HighFree:           1592 kB
LowTotal:         548148 kB
LowFree:           30756 kB
SwapTotal:             0 kB
SwapFree:              0 kB
Dirty:                84 kB
Writeback:             0 kB
AnonPages:        532060 kB
Mapped:           225872 kB
Shmem:              2848 kB
Slab:              34588 kB
SReclaimable:      13032 kB
SUnreclaim:        21556 kB
KernelStack:        9424 kB
PageTables:        20240 kB
NFS_Unstable:          0 kB
Bounce:                0 kB
WritebackTmp:          0 kB
CommitLimit:      675480 kB
Committed_AS:   46927780 kB
VmallocTotal:     253952 kB
VmallocUsed:       95364 kB
VmallocChunk:      53252 kB
Time pass: 177 sec

---2015-11-24 16:21:55
MemTotal:        1350964 kB
MemFree:           32464 kB
Buffers:            9104 kB
Cached:           487620 kB
SwapCached:            0 kB
Active:           772292 kB
Inactive:         248104 kB
Active(anon):     532060 kB
Inactive(anon):     2792 kB
Active(file):     240232 kB
Inactive(file):   245312 kB
Unevictable:        8296 kB
Mlocked:               0 kB
HighTotal:        802816 kB
HighFree:           1592 kB
LowTotal:         548148 kB
LowFree:           30872 kB
SwapTotal:             0 kB
SwapFree:              0 kB
Dirty:                44 kB
Writeback:             0 kB
AnonPages:        531980 kB
Mapped:           225852 kB
Shmem:              2876 kB
Slab:              34596 kB
SReclaimable:      13032 kB
SUnreclaim:        21564 kB
KernelStack:        9400 kB
PageTables:        20224 kB
NFS_Unstable:          0 kB
Bounce:                0 kB
WritebackTmp:          0 kB
CommitLimit:      675480 kB
Committed_AS:   46927516 kB
VmallocTotal:     253952 kB
VmallocUsed:       95364 kB
VmallocChunk:      53252 kB
Time pass: 182 sec

---2015-11-24 16:21:55
MemTotal:        1350964 kB
MemFree:           31604 kB
Buffers:            9120 kB
Cached:           487664 kB
SwapCached:            0 kB
Active:           773004 kB
Inactive:         248168 kB
Active(anon):     532768 kB
Inactive(anon):     2836 kB
Active(file):     240236 kB
Inactive(file):   245332 kB
Unevictable:        8296 kB
Mlocked:               0 kB
HighTotal:        802816 kB
HighFree:           2336 kB
LowTotal:         548148 kB
LowFree:           29268 kB
SwapTotal:             0 kB
SwapFree:              0 kB
Dirty:               152 kB
Writeback:             0 kB
AnonPages:        532652 kB
Mapped:           225944 kB
Shmem:              2920 kB
Slab:              34632 kB
SReclaimable:      13032 kB
SUnreclaim:        21600 kB
KernelStack:        9416 kB
PageTables:        20252 kB
NFS_Unstable:          0 kB
Bounce:                0 kB
WritebackTmp:          0 kB
CommitLimit:      675480 kB
Committed_AS:   46929012 kB
VmallocTotal:     253952 kB
VmallocUsed:       95364 kB
VmallocChunk:      53252 kB
Time pass: 188 sec

---2015-11-24 16:21:55
MemTotal:        1350964 kB
MemFree:           31048 kB
Buffers:            9144 kB
Cached:           487688 kB
SwapCached:            0 kB
Active:           773668 kB
Inactive:         248192 kB
Active(anon):     533432 kB
Inactive(anon):     2836 kB
Active(file):     240236 kB
Inactive(file):   245356 kB
Unevictable:        8296 kB
Mlocked:               0 kB
HighTotal:        802816 kB
HighFree:           1840 kB
LowTotal:         548148 kB
LowFree:           29208 kB
SwapTotal:             0 kB
SwapFree:              0 kB
Dirty:                48 kB
Writeback:             0 kB
AnonPages:        533432 kB
Mapped:           225920 kB
Shmem:              2944 kB
Slab:              34580 kB
SReclaimable:      13032 kB
SUnreclaim:        21548 kB
KernelStack:        9408 kB
PageTables:        20232 kB
NFS_Unstable:          0 kB
Bounce:                0 kB
WritebackTmp:          0 kB
CommitLimit:      675480 kB
Committed_AS:   46929096 kB
VmallocTotal:     253952 kB
VmallocUsed:       95364 kB
VmallocChunk:      53252 kB
Time pass: 196 sec

---2015-11-24 16:21:55
MemTotal:        1350964 kB
MemFree:           31696 kB
Buffers:            9160 kB
Cached:           487720 kB
SwapCached:            0 kB
Active:           772984 kB
Inactive:         248216 kB
Active(anon):     532748 kB
Inactive(anon):     2860 kB
Active(file):     240236 kB
Inactive(file):   245356 kB
Unevictable:        8296 kB
Mlocked:               0 kB
HighTotal:        802816 kB
HighFree:           2016 kB
LowTotal:         548148 kB
LowFree:           29680 kB
SwapTotal:             0 kB
SwapFree:              0 kB
Dirty:                48 kB
Writeback:             0 kB
AnonPages:        532688 kB
Mapped:           226000 kB
Shmem:              2976 kB
Slab:              34588 kB
SReclaimable:      13032 kB
SUnreclaim:        21556 kB
KernelStack:        9384 kB
PageTables:        20248 kB
NFS_Unstable:          0 kB
Bounce:                0 kB
WritebackTmp:          0 kB
CommitLimit:      675480 kB
Committed_AS:   46928796 kB
VmallocTotal:     253952 kB
VmallocUsed:       95364 kB
VmallocChunk:      53252 kB
Time pass: 200 sec

---2015-11-24 16:21:55
MemTotal:        1350964 kB
MemFree:           31364 kB
Buffers:            9168 kB
Cached:           487716 kB
SwapCached:            0 kB
Active:           773696 kB
Inactive:         248264 kB
Active(anon):     533456 kB
Inactive(anon):     2892 kB
Active(file):     240240 kB
Inactive(file):   245372 kB
Unevictable:        8296 kB
Mlocked:               0 kB
HighTotal:        802816 kB
HighFree:           1940 kB
LowTotal:         548148 kB
LowFree:           29424 kB
SwapTotal:             0 kB
SwapFree:              0 kB
Dirty:                48 kB
Writeback:             0 kB
AnonPages:        533552 kB
Mapped:           226000 kB
Shmem:              2976 kB
Slab:              34664 kB
SReclaimable:      13032 kB
SUnreclaim:        21632 kB
KernelStack:        9384 kB
PageTables:        20248 kB
NFS_Unstable:          0 kB
Bounce:                0 kB
WritebackTmp:          0 kB
CommitLimit:      675480 kB
Committed_AS:   46929076 kB
VmallocTotal:     253952 kB
VmallocUsed:       95364 kB
VmallocChunk:      53252 kB
Time pass: 205 sec

---2015-11-24 16:21:55
MemTotal:        1350964 kB
MemFree:           30872 kB
Buffers:            9200 kB
Cached:           487724 kB
SwapCached:            0 kB
Active:           773924 kB
Inactive:         248296 kB
Active(anon):     533684 kB
Inactive(anon):     2892 kB
Active(file):     240240 kB
Inactive(file):   245404 kB
Unevictable:        8296 kB
Mlocked:               0 kB
HighTotal:        802816 kB
HighFree:           1964 kB
LowTotal:         548148 kB
LowFree:           28908 kB
SwapTotal:             0 kB
SwapFree:              0 kB
Dirty:                60 kB
Writeback:             0 kB
AnonPages:        533696 kB
Mapped:           225952 kB
Shmem:              2976 kB
Slab:              34524 kB
SReclaimable:      13032 kB
SUnreclaim:        21492 kB
KernelStack:        9376 kB
PageTables:        20232 kB
NFS_Unstable:          0 kB
Bounce:                0 kB
WritebackTmp:          0 kB
CommitLimit:      675480 kB
Committed_AS:   46929140 kB
VmallocTotal:     253952 kB
VmallocUsed:       95364 kB
VmallocChunk:      53252 kB
Time pass: 211 sec

---2015-11-24 16:21:55
MemTotal:        1350964 kB
MemFree:           31776 kB
Buffers:            9224 kB
Cached:           487748 kB
SwapCached:            0 kB
Active:           772964 kB
Inactive:         248332 kB
Active(anon):     532720 kB
Inactive(anon):     2900 kB
Active(file):     240244 kB
Inactive(file):   245432 kB
Unevictable:        8296 kB
Mlocked:               0 kB
HighTotal:        802816 kB
HighFree:           1716 kB
LowTotal:         548148 kB
LowFree:           30060 kB
SwapTotal:             0 kB
SwapFree:              0 kB
Dirty:                 0 kB
Writeback:            32 kB
AnonPages:        532656 kB
Mapped:           225996 kB
Shmem:              3000 kB
Slab:              34640 kB
SReclaimable:      13032 kB
SUnreclaim:        21608 kB
KernelStack:        9368 kB
PageTables:        20228 kB
NFS_Unstable:          0 kB
Bounce:                0 kB
WritebackTmp:          0 kB
CommitLimit:      675480 kB
Committed_AS:   46925944 kB
VmallocTotal:     253952 kB
VmallocUsed:       95364 kB
VmallocChunk:      53252 kB
Time pass: 216 sec

---2015-11-24 16:21:55
MemTotal:        1350964 kB
MemFree:           32076 kB
Buffers:            9224 kB
Cached:           487764 kB
SwapCached:            0 kB
Active:           772708 kB
Inactive:         248364 kB
Active(anon):     532464 kB
Inactive(anon):     2932 kB
Active(file):     240244 kB
Inactive(file):   245432 kB
Unevictable:        8296 kB
Mlocked:               0 kB
HighTotal:        802816 kB
HighFree:           2768 kB
LowTotal:         548148 kB
LowFree:           29308 kB
SwapTotal:             0 kB
SwapFree:              0 kB
Dirty:                 4 kB
Writeback:             0 kB
AnonPages:        532260 kB
Mapped:           226060 kB
Shmem:              3016 kB
Slab:              34620 kB
SReclaimable:      13032 kB
SUnreclaim:        21588 kB
KernelStack:        9392 kB
PageTables:        20248 kB
NFS_Unstable:          0 kB
Bounce:                0 kB
WritebackTmp:          0 kB
CommitLimit:      675480 kB
Committed_AS:   46925824 kB
VmallocTotal:     253952 kB
VmallocUsed:       95364 kB
VmallocChunk:      53252 kB
Time pass: 221 sec

---2015-11-24 16:21:55
MemTotal:        1350964 kB
MemFree:           31436 kB
Buffers:            9248 kB
Cached:           487780 kB
SwapCached:            0 kB
Active:           773780 kB
Inactive:         248384 kB
Active(anon):     533532 kB
Inactive(anon):     2944 kB
Active(file):     240248 kB
Inactive(file):   245440 kB
Unevictable:        8296 kB
Mlocked:               0 kB
HighTotal:        802816 kB
HighFree:           2188 kB
LowTotal:         548148 kB
LowFree:           29248 kB
SwapTotal:             0 kB
SwapFree:              0 kB
Dirty:                52 kB
Writeback:             0 kB
AnonPages:        533544 kB
Mapped:           226024 kB
Shmem:              3028 kB
Slab:              34568 kB
SReclaimable:      13032 kB
SUnreclaim:        21536 kB
KernelStack:        9376 kB
PageTables:        20228 kB
NFS_Unstable:          0 kB
Bounce:                0 kB
WritebackTmp:          0 kB
CommitLimit:      675480 kB
Committed_AS:   46927108 kB
VmallocTotal:     253952 kB
VmallocUsed:       95364 kB
VmallocChunk:      53252 kB
Time pass: 227 sec

---2015-11-24 16:21:55
MemTotal:        1350964 kB
MemFree:           31300 kB
Buffers:            9256 kB
Cached:           487792 kB
SwapCached:            0 kB
Active:           773196 kB
Inactive:         248420 kB
Active(anon):     532948 kB
Inactive(anon):     2956 kB
Active(file):     240248 kB
Inactive(file):   245464 kB
Unevictable:        8296 kB
Mlocked:               0 kB
HighTotal:        802816 kB
HighFree:           2116 kB
LowTotal:         548148 kB
LowFree:           29184 kB
SwapTotal:             0 kB
SwapFree:              0 kB
Dirty:                 4 kB
Writeback:             0 kB
AnonPages:        532764 kB
Mapped:           226036 kB
Shmem:              3040 kB
Slab:              34640 kB
SReclaimable:      13032 kB
SUnreclaim:        21608 kB
KernelStack:        9376 kB
PageTables:        20228 kB
NFS_Unstable:          0 kB
Bounce:                0 kB
WritebackTmp:          0 kB
CommitLimit:      675480 kB
Committed_AS:   46926072 kB
VmallocTotal:     253952 kB
VmallocUsed:       95364 kB
VmallocChunk:      53252 kB
Time pass: 235 sec

---2015-11-24 16:21:55
MemTotal:        1350964 kB
MemFree:           31924 kB
Buffers:            9288 kB
Cached:           487796 kB
SwapCached:            0 kB
Active:           772128 kB
Inactive:         248456 kB
Active(anon):     531880 kB
Inactive(anon):     2968 kB
Active(file):     240248 kB
Inactive(file):   245488 kB
Unevictable:        8296 kB
Mlocked:               0 kB
HighTotal:        802816 kB
HighFree:           2708 kB
LowTotal:         548148 kB
LowFree:           29216 kB
SwapTotal:             0 kB
SwapFree:              0 kB
Dirty:                 4 kB
Writeback:             0 kB
AnonPages:        531872 kB
Mapped:           226056 kB
Shmem:              3052 kB
Slab:              34564 kB
SReclaimable:      13032 kB
SUnreclaim:        21532 kB
KernelStack:        9392 kB
PageTables:        20236 kB
NFS_Unstable:          0 kB
Bounce:                0 kB
WritebackTmp:          0 kB
CommitLimit:      675480 kB
Committed_AS:   46925420 kB
VmallocTotal:     253952 kB
VmallocUsed:       95364 kB
VmallocChunk:      53252 kB
Time pass: 240 sec

---2015-11-24 16:21:55
MemTotal:        1350964 kB
MemFree:           31336 kB
Buffers:            9308 kB
Cached:           487808 kB
SwapCached:            0 kB
Active:           773352 kB
Inactive:         248472 kB
Active(anon):     533104 kB
Inactive(anon):     2968 kB
Active(file):     240248 kB
Inactive(file):   245504 kB
Unevictable:        8296 kB
Mlocked:               0 kB
HighTotal:        802816 kB
HighFree:           2088 kB
LowTotal:         548148 kB
LowFree:           29248 kB
SwapTotal:             0 kB
SwapFree:              0 kB
Dirty:                 4 kB
Writeback:             0 kB
AnonPages:        533108 kB
Mapped:           226052 kB
Shmem:              3052 kB
Slab:              34604 kB
SReclaimable:      13032 kB
SUnreclaim:        21572 kB
KernelStack:        9376 kB
PageTables:        20224 kB
NFS_Unstable:          0 kB
Bounce:                0 kB
WritebackTmp:          0 kB
CommitLimit:      675480 kB
Committed_AS:   46926292 kB
VmallocTotal:     253952 kB
VmallocUsed:       95364 kB
VmallocChunk:      53252 kB
Time pass: 246 sec

---2015-11-24 16:21:55
MemTotal:        1350964 kB
MemFree:           31196 kB
Buffers:            9316 kB
Cached:           487808 kB
SwapCached:            0 kB
Active:           773468 kB
Inactive:         248492 kB
Active(anon):     533216 kB
Inactive(anon):     2968 kB
Active(file):     240252 kB
Inactive(file):   245524 kB
Unevictable:        8296 kB
Mlocked:               0 kB
HighTotal:        802816 kB
HighFree:           1964 kB
LowTotal:         548148 kB
LowFree:           29232 kB
SwapTotal:             0 kB
SwapFree:              0 kB
Dirty:                44 kB
Writeback:             0 kB
AnonPages:        533200 kB
Mapped:           226052 kB
Shmem:              3052 kB
Slab:              34664 kB
SReclaimable:      13032 kB
SUnreclaim:        21632 kB
KernelStack:        9392 kB
PageTables:        20224 kB
NFS_Unstable:          0 kB
Bounce:                0 kB
WritebackTmp:          0 kB
CommitLimit:      675480 kB
Committed_AS:   46926136 kB
VmallocTotal:     253952 kB
VmallocUsed:       95364 kB
VmallocChunk:      53252 kB
Time pass: 252 sec

---2015-11-24 16:21:55
MemTotal:        1350964 kB
MemFree:           31832 kB
Buffers:            9332 kB
Cached:           487808 kB
SwapCached:            0 kB
Active:           772940 kB
Inactive:         248508 kB
Active(anon):     532688 kB
Inactive(anon):     2968 kB
Active(file):     240252 kB
Inactive(file):   245540 kB
Unevictable:        8296 kB
Mlocked:               0 kB
HighTotal:        802816 kB
HighFree:           2584 kB
LowTotal:         548148 kB
LowFree:           29248 kB
SwapTotal:             0 kB
SwapFree:              0 kB
Dirty:                 4 kB
Writeback:             0 kB
AnonPages:        532436 kB
Mapped:           226052 kB
Shmem:              3052 kB
Slab:              34672 kB
SReclaimable:      13032 kB
SUnreclaim:        21640 kB
KernelStack:        9376 kB
PageTables:        20224 kB
NFS_Unstable:          0 kB
Bounce:                0 kB
WritebackTmp:          0 kB
CommitLimit:      675480 kB
Committed_AS:   46925648 kB
VmallocTotal:     253952 kB
VmallocUsed:       95364 kB
VmallocChunk:      53252 kB
Time pass: 256 sec

---2015-11-24 16:21:55
MemTotal:        1350964 kB
MemFree:           31432 kB
Buffers:            9340 kB
Cached:           487812 kB
SwapCached:            0 kB
Active:           772576 kB
Inactive:         248520 kB
Active(anon):     532324 kB
Inactive(anon):     2972 kB
Active(file):     240252 kB
Inactive(file):   245548 kB
Unevictable:        8296 kB
Mlocked:               0 kB
HighTotal:        802816 kB
HighFree:           2216 kB
LowTotal:         548148 kB
LowFree:           29216 kB
SwapTotal:             0 kB
SwapFree:              0 kB
Dirty:                32 kB
Writeback:             0 kB
AnonPages:        532352 kB
Mapped:           226104 kB
Shmem:              3056 kB
Slab:              34672 kB
SReclaimable:      13032 kB
SUnreclaim:        21640 kB
KernelStack:        9392 kB
PageTables:        20244 kB
NFS_Unstable:          0 kB
Bounce:                0 kB
WritebackTmp:          0 kB
CommitLimit:      675480 kB
Committed_AS:   46925088 kB
VmallocTotal:     253952 kB
VmallocUsed:       95364 kB
VmallocChunk:      53252 kB
Time pass: 261 sec

---2015-11-24 16:21:55
MemTotal:        1350964 kB
MemFree:           31196 kB
Buffers:            9348 kB
Cached:           487816 kB
SwapCached:            0 kB
Active:           773264 kB
Inactive:         248524 kB
Active(anon):     533004 kB
Inactive(anon):     2972 kB
Active(file):     240260 kB
Inactive(file):   245552 kB
Unevictable:        8296 kB
Mlocked:               0 kB
HighTotal:        802816 kB
HighFree:           1964 kB
LowTotal:         548148 kB
LowFree:           29232 kB
SwapTotal:             0 kB
SwapFree:              0 kB
Dirty:                 4 kB
Writeback:             0 kB
AnonPages:        533012 kB
Mapped:           226064 kB
Shmem:              3056 kB
Slab:              34648 kB
SReclaimable:      13032 kB
SUnreclaim:        21616 kB
KernelStack:        9376 kB
PageTables:        20208 kB
NFS_Unstable:          0 kB
Bounce:                0 kB
WritebackTmp:          0 kB
CommitLimit:      675480 kB
Committed_AS:   46926124 kB
VmallocTotal:     253952 kB
VmallocUsed:       95364 kB
VmallocChunk:      53252 kB
Time pass: 268 sec

---2015-11-24 16:21:55
MemTotal:        1350964 kB
MemFree:           31304 kB
Buffers:            9372 kB
Cached:           487816 kB
SwapCached:            0 kB
Active:           773296 kB
Inactive:         248548 kB
Active(anon):     533036 kB
Inactive(anon):     2972 kB
Active(file):     240260 kB
Inactive(file):   245576 kB
Unevictable:        8296 kB
Mlocked:               0 kB
HighTotal:        802816 kB
HighFree:           1592 kB
LowTotal:         548148 kB
LowFree:           29712 kB
SwapTotal:             0 kB
SwapFree:              0 kB
Dirty:                56 kB
Writeback:             0 kB
AnonPages:        533096 kB
Mapped:           226056 kB
Shmem:              3056 kB
Slab:              34648 kB
SReclaimable:      13032 kB
SUnreclaim:        21616 kB
KernelStack:        9384 kB
PageTables:        20224 kB
NFS_Unstable:          0 kB
Bounce:                0 kB
WritebackTmp:          0 kB
CommitLimit:      675480 kB
Committed_AS:   46926164 kB
VmallocTotal:     253952 kB
VmallocUsed:       95364 kB
VmallocChunk:      53252 kB
Time pass: 275 sec

---2015-11-24 16:21:55
MemTotal:        1350964 kB
MemFree:           32104 kB
Buffers:            9388 kB
Cached:           487816 kB
SwapCached:            0 kB
Active:           773756 kB
Inactive:         248564 kB
Active(anon):     533496 kB
Inactive(anon):     2972 kB
Active(file):     240260 kB
Inactive(file):   245592 kB
Unevictable:        8296 kB
Mlocked:               0 kB
HighTotal:        802816 kB
HighFree:           2884 kB
LowTotal:         548148 kB
LowFree:           29220 kB
SwapTotal:             0 kB
SwapFree:              0 kB
Dirty:                48 kB
Writeback:             0 kB
AnonPages:        533444 kB
Mapped:           226104 kB
Shmem:              3056 kB
Slab:              34764 kB
SReclaimable:      13032 kB
SUnreclaim:        21732 kB
KernelStack:        9384 kB
PageTables:        20240 kB
NFS_Unstable:          0 kB
Bounce:                0 kB
WritebackTmp:          0 kB
CommitLimit:      675480 kB
Committed_AS:   46925856 kB
VmallocTotal:     253952 kB
VmallocUsed:       95364 kB
VmallocChunk:      53252 kB
Time pass: 280 sec

---2015-11-24 16:21:55
MemTotal:        1350964 kB
MemFree:           30828 kB
Buffers:            9396 kB
Cached:           487820 kB
SwapCached:            0 kB
Active:           773800 kB
Inactive:         248576 kB
Active(anon):     533540 kB
Inactive(anon):     2972 kB
Active(file):     240260 kB
Inactive(file):   245604 kB
Unevictable:        8296 kB
Mlocked:               0 kB
HighTotal:        802816 kB
HighFree:           1964 kB
LowTotal:         548148 kB
LowFree:           28864 kB
SwapTotal:             0 kB
SwapFree:              0 kB
Dirty:                40 kB
Writeback:             0 kB
AnonPages:        533432 kB
Mapped:           226104 kB
Shmem:              3056 kB
Slab:              34728 kB
SReclaimable:      13036 kB
SUnreclaim:        21692 kB
KernelStack:        9384 kB
PageTables:        20244 kB
NFS_Unstable:          0 kB
Bounce:                0 kB
WritebackTmp:          0 kB
CommitLimit:      675480 kB
Committed_AS:   46926424 kB
VmallocTotal:     253952 kB
VmallocUsed:       95364 kB
VmallocChunk:      53252 kB
Time pass: 286 sec

---2015-11-24 16:21:55
MemTotal:        1350964 kB
MemFree:           31360 kB
Buffers:            9420 kB
Cached:           487804 kB
SwapCached:            0 kB
Active:           773740 kB
Inactive:         248580 kB
Active(anon):     533476 kB
Inactive(anon):     2972 kB
Active(file):     240264 kB
Inactive(file):   245608 kB
Unevictable:        8296 kB
Mlocked:               0 kB
HighTotal:        802816 kB
HighFree:           1840 kB
LowTotal:         548148 kB
LowFree:           29520 kB
SwapTotal:             0 kB
SwapFree:              0 kB
Dirty:                20 kB
Writeback:             0 kB
AnonPages:        533492 kB
Mapped:           226104 kB
Shmem:              3056 kB
Slab:              34620 kB
SReclaimable:      13036 kB
SUnreclaim:        21584 kB
KernelStack:        9392 kB
PageTables:        20236 kB
NFS_Unstable:          0 kB
Bounce:                0 kB
WritebackTmp:          0 kB
CommitLimit:      675480 kB
Committed_AS:   46925848 kB
VmallocTotal:     253952 kB
VmallocUsed:       95364 kB
VmallocChunk:      53252 kB
Time pass: 292 sec

---2015-11-24 16:21:55
MemTotal:        1350964 kB
MemFree:           32744 kB
Buffers:            9420 kB
Cached:           485784 kB
SwapCached:            0 kB
Active:           772612 kB
Inactive:         247484 kB
Active(anon):     533272 kB
Inactive(anon):     2992 kB
Active(file):     239340 kB
Inactive(file):   244492 kB
Unevictable:        8296 kB
Mlocked:               0 kB
HighTotal:        802816 kB
HighFree:           3328 kB
LowTotal:         548148 kB
LowFree:           29416 kB
SwapTotal:             0 kB
SwapFree:              0 kB
Dirty:                52 kB
Writeback:             0 kB
AnonPages:        533472 kB
Mapped:           225912 kB
Shmem:              3076 kB
Slab:              34652 kB
SReclaimable:      13036 kB
SUnreclaim:        21616 kB
KernelStack:        9376 kB
PageTables:        20224 kB
NFS_Unstable:          0 kB
Bounce:                0 kB
WritebackTmp:          0 kB
CommitLimit:      675480 kB
Committed_AS:   46926448 kB
VmallocTotal:     253952 kB
VmallocUsed:       95364 kB
VmallocChunk:      53252 kB
Time pass: 296 sec

---2015-11-24 16:21:55
MemTotal:        1350964 kB
MemFree:           32660 kB
Buffers:            9444 kB
Cached:           485784 kB
SwapCached:            0 kB
Active:           772280 kB
Inactive:         247484 kB
Active(anon):     532916 kB
Inactive(anon):     2992 kB
Active(file):     239364 kB
Inactive(file):   244492 kB
Unevictable:        8296 kB
Mlocked:               0 kB
HighTotal:        802816 kB
HighFree:           3304 kB
LowTotal:         548148 kB
LowFree:           29356 kB
SwapTotal:             0 kB
SwapFree:              0 kB
Dirty:                52 kB
Writeback:             0 kB
AnonPages:        532852 kB
Mapped:           225984 kB
Shmem:              3076 kB
Slab:              34612 kB
SReclaimable:      13036 kB
SUnreclaim:        21576 kB
KernelStack:        9376 kB
PageTables:        20236 kB
NFS_Unstable:          0 kB
Bounce:                0 kB
WritebackTmp:          0 kB
CommitLimit:      675480 kB
Committed_AS:   46925992 kB
VmallocTotal:     253952 kB
VmallocUsed:       95364 kB
VmallocChunk:      53252 kB
Time pass: 300 sec

---2015-11-24 16:21:55
MemTotal:        1350964 kB
MemFree:           33076 kB
Buffers:            9444 kB
Cached:           485788 kB
SwapCached:            0 kB
Active:           771936 kB
Inactive:         247488 kB
Active(anon):     532572 kB
Inactive(anon):     2992 kB
Active(file):     239364 kB
Inactive(file):   244496 kB
Unevictable:        8296 kB
Mlocked:               0 kB
HighTotal:        802816 kB
HighFree:           3824 kB
LowTotal:         548148 kB
LowFree:           29252 kB
SwapTotal:             0 kB
SwapFree:              0 kB
Dirty:               156 kB
Writeback:             0 kB
AnonPages:        532492 kB
Mapped:           225936 kB
Shmem:              3076 kB
Slab:              34744 kB
SReclaimable:      13036 kB
SUnreclaim:        21708 kB
KernelStack:        9376 kB
PageTables:        20216 kB
NFS_Unstable:          0 kB
Bounce:                0 kB
WritebackTmp:          0 kB
CommitLimit:      675480 kB
Committed_AS:   46925524 kB
VmallocTotal:     253952 kB
VmallocUsed:       95364 kB
VmallocChunk:      53252 kB
Time pass: 304 sec

---2015-11-24 16:21:55
MemTotal:        1350964 kB
MemFree:           32752 kB
Buffers:            9452 kB
Cached:           485792 kB
SwapCached:            0 kB
Active:           772384 kB
Inactive:         247496 kB
Active(anon):     533016 kB
Inactive(anon):     2992 kB
Active(file):     239368 kB
Inactive(file):   244504 kB
Unevictable:        8296 kB
Mlocked:               0 kB
HighTotal:        802816 kB
HighFree:           3428 kB
LowTotal:         548148 kB
LowFree:           29324 kB
SwapTotal:             0 kB
SwapFree:              0 kB
Dirty:                 0 kB
Writeback:             0 kB
AnonPages:        532884 kB
Mapped:           225984 kB
Shmem:              3076 kB
Slab:              34656 kB
SReclaimable:      13036 kB
SUnreclaim:        21620 kB
KernelStack:        9376 kB
PageTables:        20232 kB
NFS_Unstable:          0 kB
Bounce:                0 kB
WritebackTmp:          0 kB
CommitLimit:      675480 kB
Committed_AS:   46925924 kB
VmallocTotal:     253952 kB
VmallocUsed:       95364 kB
VmallocChunk:      53252 kB
Time pass: 308 sec

---2015-11-24 16:21:55
MemTotal:        1350964 kB
MemFree:           32728 kB
Buffers:            9476 kB
Cached:           485792 kB
SwapCached:            0 kB
Active:           772300 kB
Inactive:         247520 kB
Active(anon):     532932 kB
Inactive(anon):     2992 kB
Active(file):     239368 kB
Inactive(file):   244528 kB
Unevictable:        8296 kB
Mlocked:               0 kB
HighTotal:        802816 kB
HighFree:           3280 kB
LowTotal:         548148 kB
LowFree:           29448 kB
SwapTotal:             0 kB
SwapFree:              0 kB
Dirty:                56 kB
Writeback:             0 kB
AnonPages:        532768 kB
Mapped:           225984 kB
Shmem:              3076 kB
Slab:              34600 kB
SReclaimable:      13036 kB
SUnreclaim:        21564 kB
KernelStack:        9376 kB
PageTables:        20240 kB
NFS_Unstable:          0 kB
Bounce:                0 kB
WritebackTmp:          0 kB
CommitLimit:      675480 kB
Committed_AS:   46925692 kB
VmallocTotal:     253952 kB
VmallocUsed:       95364 kB
VmallocChunk:      53252 kB
Time pass: 312 sec

---2015-11-24 16:21:55
MemTotal:        1350964 kB
MemFree:           31968 kB
Buffers:            9500 kB
Cached:           485792 kB
SwapCached:            0 kB
Active:           772780 kB
Inactive:         247560 kB
Active(anon):     533412 kB
Inactive(anon):     2992 kB
Active(file):     239368 kB
Inactive(file):   244568 kB
Unevictable:        8296 kB
Mlocked:               0 kB
HighTotal:        802816 kB
HighFree:           2808 kB
LowTotal:         548148 kB
LowFree:           29160 kB
SwapTotal:             0 kB
SwapFree:              0 kB
Dirty:                48 kB
Writeback:             8 kB
AnonPages:        533428 kB
Mapped:           225984 kB
Shmem:              3076 kB
Slab:              34664 kB
SReclaimable:      13036 kB
SUnreclaim:        21628 kB
KernelStack:        9384 kB
PageTables:        20240 kB
NFS_Unstable:          0 kB
Bounce:                0 kB
WritebackTmp:          0 kB
CommitLimit:      675480 kB
Committed_AS:   46926088 kB
VmallocTotal:     253952 kB
VmallocUsed:       95364 kB
VmallocChunk:      53252 kB
Time pass: 316 sec

---2015-11-24 16:21:55
MemTotal:        1350964 kB
MemFree:           31476 kB
Buffers:            9516 kB
Cached:           485792 kB
SwapCached:            0 kB
Active:           773184 kB
Inactive:         247544 kB
Active(anon):     533816 kB
Inactive(anon):     2992 kB
Active(file):     239368 kB
Inactive(file):   244552 kB
Unevictable:        8296 kB
Mlocked:               0 kB
HighTotal:        802816 kB
HighFree:           1964 kB
LowTotal:         548148 kB
LowFree:           29512 kB
SwapTotal:             0 kB
SwapFree:              0 kB
Dirty:                40 kB
Writeback:             0 kB
AnonPages:        533724 kB
Mapped:           225936 kB
Shmem:              3076 kB
Slab:              34592 kB
SReclaimable:      13036 kB
SUnreclaim:        21556 kB
KernelStack:        9368 kB
PageTables:        20220 kB
NFS_Unstable:          0 kB
Bounce:                0 kB
WritebackTmp:          0 kB
CommitLimit:      675480 kB
Committed_AS:   46926728 kB
VmallocTotal:     253952 kB
VmallocUsed:       95364 kB
VmallocChunk:      53252 kB
Time pass: 323 sec

---2015-11-24 16:21:55
MemTotal:        1350964 kB
MemFree:           31900 kB
Buffers:            9532 kB
Cached:           485796 kB
SwapCached:            0 kB
Active:           773704 kB
Inactive:         247572 kB
Active(anon):     534336 kB
Inactive(anon):     2992 kB
Active(file):     239368 kB
Inactive(file):   244580 kB
Unevictable:        8296 kB
Mlocked:               0 kB
HighTotal:        802816 kB
HighFree:           1716 kB
LowTotal:         548148 kB
LowFree:           30184 kB
SwapTotal:             0 kB
SwapFree:              0 kB
Dirty:                56 kB
Writeback:             0 kB
AnonPages:        534352 kB
Mapped:           225984 kB
Shmem:              3076 kB
Slab:              34660 kB
SReclaimable:      13036 kB
SUnreclaim:        21624 kB
KernelStack:        9392 kB
PageTables:        20240 kB
NFS_Unstable:          0 kB
Bounce:                0 kB
WritebackTmp:          0 kB
CommitLimit:      675480 kB
Committed_AS:   46927196 kB
VmallocTotal:     253952 kB
VmallocUsed:       95364 kB
VmallocChunk:      53252 kB
Time pass: 327 sec

---2015-11-24 16:21:55
MemTotal:        1350964 kB
MemFree:           32604 kB
Buffers:            9548 kB
Cached:           485796 kB
SwapCached:            0 kB
Active:           773012 kB
Inactive:         247576 kB
Active(anon):     533640 kB
Inactive(anon):     2992 kB
Active(file):     239372 kB
Inactive(file):   244584 kB
Unevictable:        8296 kB
Mlocked:               0 kB
HighTotal:        802816 kB
HighFree:           3156 kB
LowTotal:         548148 kB
LowFree:           29448 kB
SwapTotal:             0 kB
SwapFree:              0 kB
Dirty:                56 kB
Writeback:             0 kB
AnonPages:        533512 kB
Mapped:           225984 kB
Shmem:              3076 kB
Slab:              34612 kB
SReclaimable:      13036 kB
SUnreclaim:        21576 kB
KernelStack:        9376 kB
PageTables:        20240 kB
NFS_Unstable:          0 kB
Bounce:                0 kB
WritebackTmp:          0 kB
CommitLimit:      675480 kB
Committed_AS:   46925996 kB
VmallocTotal:     253952 kB
VmallocUsed:       95364 kB
VmallocChunk:      53252 kB
Time pass: 332 sec

---2015-11-24 16:21:55
MemTotal:        1350964 kB
MemFree:           33272 kB
Buffers:            9572 kB
Cached:           485796 kB
SwapCached:            0 kB
Active:           772764 kB
Inactive:         247616 kB
Active(anon):     533392 kB
Inactive(anon):     2992 kB
Active(file):     239372 kB
Inactive(file):   244624 kB
Unevictable:        8296 kB
Mlocked:               0 kB
HighTotal:        802816 kB
HighFree:           3948 kB
LowTotal:         548148 kB
LowFree:           29324 kB
SwapTotal:             0 kB
SwapFree:              0 kB
Dirty:                48 kB
Writeback:             0 kB
AnonPages:        533368 kB
Mapped:           225836 kB
Shmem:              3076 kB
Slab:              34644 kB
SReclaimable:      13036 kB
SUnreclaim:        21608 kB
KernelStack:        9376 kB
PageTables:        20236 kB
NFS_Unstable:          0 kB
Bounce:                0 kB
WritebackTmp:          0 kB
CommitLimit:      675480 kB
Committed_AS:   46925532 kB
VmallocTotal:     253952 kB
VmallocUsed:       95364 kB
VmallocChunk:      53252 kB
Time pass: 337 sec

---2015-11-24 16:21:55
MemTotal:        1350964 kB
MemFree:           32716 kB
Buffers:            9580 kB
Cached:           485796 kB
SwapCached:            0 kB
Active:           773308 kB
Inactive:         247616 kB
Active(anon):     533936 kB
Inactive(anon):     2992 kB
Active(file):     239372 kB
Inactive(file):   244624 kB
Unevictable:        8296 kB
Mlocked:               0 kB
HighTotal:        802816 kB
HighFree:           3328 kB
LowTotal:         548148 kB
LowFree:           29388 kB
SwapTotal:             0 kB
SwapFree:              0 kB
Dirty:                32 kB
Writeback:             0 kB
AnonPages:        533712 kB
Mapped:           225984 kB
Shmem:              3076 kB
Slab:              34556 kB
SReclaimable:      13036 kB
SUnreclaim:        21520 kB
KernelStack:        9376 kB
PageTables:        20244 kB
NFS_Unstable:          0 kB
Bounce:                0 kB
WritebackTmp:          0 kB
CommitLimit:      675480 kB
Committed_AS:   46927296 kB
VmallocTotal:     253952 kB
VmallocUsed:       95364 kB
VmallocChunk:      53252 kB
Time pass: 343 sec

---2015-11-24 16:21:55
MemTotal:        1350964 kB
MemFree:           31720 kB
Buffers:            9596 kB
Cached:           485800 kB
SwapCached:            0 kB
Active:           773408 kB
Inactive:         247640 kB
Active(anon):     534036 kB
Inactive(anon):     2992 kB
Active(file):     239372 kB
Inactive(file):   244648 kB
Unevictable:        8296 kB
Mlocked:               0 kB
HighTotal:        802816 kB
HighFree:           2932 kB
LowTotal:         548148 kB
LowFree:           28788 kB
SwapTotal:             0 kB
SwapFree:              0 kB
Dirty:                 8 kB
Writeback:             0 kB
AnonPages:        534068 kB
Mapped:           225984 kB
Shmem:              3076 kB
Slab:              34612 kB
SReclaimable:      13036 kB
SUnreclaim:        21576 kB
KernelStack:        9392 kB
PageTables:        20248 kB
NFS_Unstable:          0 kB
Bounce:                0 kB
WritebackTmp:          0 kB
CommitLimit:      675480 kB
Committed_AS:   46927264 kB
VmallocTotal:     253952 kB
VmallocUsed:       95364 kB
VmallocChunk:      53252 kB
Time pass: 348 sec

---2015-11-24 16:21:55
MemTotal:        1350964 kB
MemFree:           32344 kB
Buffers:            9620 kB
Cached:           485804 kB
SwapCached:            0 kB
Active:           773332 kB
Inactive:         247668 kB
Active(anon):     533956 kB
Inactive(anon):     2992 kB
Active(file):     239376 kB
Inactive(file):   244676 kB
Unevictable:        8296 kB
Mlocked:               0 kB
HighTotal:        802816 kB
HighFree:           3452 kB
LowTotal:         548148 kB
LowFree:           28892 kB
SwapTotal:             0 kB
SwapFree:              0 kB
Dirty:                 8 kB
Writeback:             0 kB
AnonPages:        533872 kB
Mapped:           225936 kB
Shmem:              3076 kB
Slab:              34604 kB
SReclaimable:      13036 kB
SUnreclaim:        21568 kB
KernelStack:        9360 kB
PageTables:        20228 kB
NFS_Unstable:          0 kB
Bounce:                0 kB
WritebackTmp:          0 kB
CommitLimit:      675480 kB
Committed_AS:   46926012 kB
VmallocTotal:     253952 kB
VmallocUsed:       95364 kB
VmallocChunk:      53252 kB
Time pass: 353 sec

---2015-11-24 16:21:55
MemTotal:        1350964 kB
MemFree:           32888 kB
Buffers:            9644 kB
Cached:           485804 kB
SwapCached:            0 kB
Active:           772656 kB
Inactive:         247692 kB
Active(anon):     533280 kB
Inactive(anon):     2992 kB
Active(file):     239376 kB
Inactive(file):   244700 kB
Unevictable:        8296 kB
Mlocked:               0 kB
HighTotal:        802816 kB
HighFree:           2708 kB
LowTotal:         548148 kB
LowFree:           30180 kB
SwapTotal:             0 kB
SwapFree:              0 kB
Dirty:                52 kB
Writeback:             0 kB
AnonPages:        533324 kB
Mapped:           225936 kB
Shmem:              3076 kB
Slab:              34548 kB
SReclaimable:      13036 kB
SUnreclaim:        21512 kB
KernelStack:        9376 kB
PageTables:        20228 kB
NFS_Unstable:          0 kB
Bounce:                0 kB
WritebackTmp:          0 kB
CommitLimit:      675480 kB
Committed_AS:   46926136 kB
VmallocTotal:     253952 kB
VmallocUsed:       95364 kB
VmallocChunk:      53252 kB
Time pass: 359 sec

---2015-11-24 16:21:55
MemTotal:        1350964 kB
MemFree:           31652 kB
Buffers:            9652 kB
Cached:           485804 kB
SwapCached:            0 kB
Active:           773800 kB
Inactive:         247700 kB
Active(anon):     534424 kB
Inactive(anon):     2992 kB
Active(file):     239376 kB
Inactive(file):   244708 kB
Unevictable:        8296 kB
Mlocked:               0 kB
HighTotal:        802816 kB
HighFree:           1592 kB
LowTotal:         548148 kB
LowFree:           30060 kB
SwapTotal:             0 kB
SwapFree:              0 kB
Dirty:                36 kB
Writeback:             0 kB
AnonPages:        534440 kB
Mapped:           225936 kB
Shmem:              3076 kB
Slab:              34660 kB
SReclaimable:      13036 kB
SUnreclaim:        21624 kB
KernelStack:        9368 kB
PageTables:        20228 kB
NFS_Unstable:          0 kB
Bounce:                0 kB
WritebackTmp:          0 kB
CommitLimit:      675480 kB
Committed_AS:   46927164 kB
VmallocTotal:     253952 kB
VmallocUsed:       95364 kB
VmallocChunk:      53252 kB
Time pass: 368 sec

---2015-11-24 16:21:55
MemTotal:        1350964 kB
MemFree:           32520 kB
Buffers:            9676 kB
Cached:           485808 kB
SwapCached:            0 kB
Active:           772584 kB
Inactive:         247720 kB
Active(anon):     533200 kB
Inactive(anon):     2992 kB
Active(file):     239384 kB
Inactive(file):   244728 kB
Unevictable:        8296 kB
Mlocked:               0 kB
HighTotal:        802816 kB
HighFree:           1592 kB
LowTotal:         548148 kB
LowFree:           30928 kB
SwapTotal:             0 kB
SwapFree:              0 kB
Dirty:                60 kB
Writeback:             0 kB
AnonPages:        533028 kB
Mapped:           225960 kB
Shmem:              3076 kB
Slab:              34620 kB
SReclaimable:      13036 kB
SUnreclaim:        21584 kB
KernelStack:        9376 kB
PageTables:        20224 kB
NFS_Unstable:          0 kB
Bounce:                0 kB
WritebackTmp:          0 kB
CommitLimit:      675480 kB
Committed_AS:   46925792 kB
VmallocTotal:     253952 kB
VmallocUsed:       95364 kB
VmallocChunk:      53252 kB
Time pass: 373 sec

---2015-11-24 16:21:55
MemTotal:        1350964 kB
MemFree:           32312 kB
Buffers:            9684 kB
Cached:           485808 kB
SwapCached:            0 kB
Active:           772980 kB
Inactive:         247720 kB
Active(anon):     533596 kB
Inactive(anon):     2992 kB
Active(file):     239384 kB
Inactive(file):   244728 kB
Unevictable:        8296 kB
Mlocked:               0 kB
HighTotal:        802816 kB
HighFree:           1592 kB
LowTotal:         548148 kB
LowFree:           30720 kB
SwapTotal:             0 kB
SwapFree:              0 kB
Dirty:                44 kB
Writeback:             0 kB
AnonPages:        533576 kB
Mapped:           226008 kB
Shmem:              3076 kB
Slab:              34612 kB
SReclaimable:      13036 kB
SUnreclaim:        21576 kB
KernelStack:        9376 kB
PageTables:        20244 kB
NFS_Unstable:          0 kB
Bounce:                0 kB
WritebackTmp:          0 kB
CommitLimit:      675480 kB
Committed_AS:   46926096 kB
VmallocTotal:     253952 kB
VmallocUsed:       95364 kB
VmallocChunk:      53252 kB
Time pass: 377 sec

---2015-11-24 16:21:55
MemTotal:        1350964 kB
MemFree:           33120 kB
Buffers:            9684 kB
Cached:           485808 kB
SwapCached:            0 kB
Active:           772592 kB
Inactive:         247728 kB
Active(anon):     533208 kB
Inactive(anon):     2992 kB
Active(file):     239384 kB
Inactive(file):   244736 kB
Unevictable:        8296 kB
Mlocked:               0 kB
HighTotal:        802816 kB
HighFree:           2708 kB
LowTotal:         548148 kB
LowFree:           30412 kB
SwapTotal:             0 kB
SwapFree:              0 kB
Dirty:                 4 kB
Writeback:             0 kB
AnonPages:        533160 kB
Mapped:           225960 kB
Shmem:              3076 kB
Slab:              34548 kB
SReclaimable:      13036 kB
SUnreclaim:        21512 kB
KernelStack:        9360 kB
PageTables:        20224 kB
NFS_Unstable:          0 kB
Bounce:                0 kB
WritebackTmp:          0 kB
CommitLimit:      675480 kB
Committed_AS:   46925704 kB
VmallocTotal:     253952 kB
VmallocUsed:       95364 kB
VmallocChunk:      53252 kB
Time pass: 381 sec

---2015-11-24 16:21:55
MemTotal:        1350964 kB
MemFree:           32908 kB
Buffers:            9708 kB
Cached:           485808 kB
SwapCached:            0 kB
Active:           772288 kB
Inactive:         247752 kB
Active(anon):     532904 kB
Inactive(anon):     2992 kB
Active(file):     239384 kB
Inactive(file):   244760 kB
Unevictable:        8296 kB
Mlocked:               0 kB
HighTotal:        802816 kB
HighFree:           2560 kB
LowTotal:         548148 kB
LowFree:           30348 kB
SwapTotal:             0 kB
SwapFree:              0 kB
Dirty:                 4 kB
Writeback:             0 kB
AnonPages:        532824 kB
Mapped:           225984 kB
Shmem:              3076 kB
Slab:              34624 kB
SReclaimable:      13036 kB
SUnreclaim:        21588 kB
KernelStack:        9360 kB
PageTables:        20224 kB
NFS_Unstable:          0 kB
Bounce:                0 kB
WritebackTmp:          0 kB
CommitLimit:      675480 kB
Committed_AS:   46925328 kB
VmallocTotal:     253952 kB
VmallocUsed:       95364 kB
VmallocChunk:      53252 kB
Time pass: 385 sec

---2015-11-24 16:21:55
MemTotal:        1350964 kB
MemFree:           31964 kB
Buffers:            9716 kB
Cached:           485812 kB
SwapCached:            0 kB
Active:           773148 kB
Inactive:         247764 kB
Active(anon):     533764 kB
Inactive(anon):     2992 kB
Active(file):     239384 kB
Inactive(file):   244772 kB
Unevictable:        8296 kB
Mlocked:               0 kB
HighTotal:        802816 kB
HighFree:           1716 kB
LowTotal:         548148 kB
LowFree:           30248 kB
SwapTotal:             0 kB
SwapFree:              0 kB
Dirty:                36 kB
Writeback:             0 kB
AnonPages:        533748 kB
Mapped:           225984 kB
Shmem:              3076 kB
Slab:              34588 kB
SReclaimable:      13036 kB
SUnreclaim:        21552 kB
KernelStack:        9368 kB
PageTables:        20228 kB
NFS_Unstable:          0 kB
Bounce:                0 kB
WritebackTmp:          0 kB
CommitLimit:      675480 kB
Committed_AS:   46926992 kB
VmallocTotal:     253952 kB
VmallocUsed:       95364 kB
VmallocChunk:      53252 kB
Time pass: 391 sec

---2015-11-24 16:21:55
MemTotal:        1350964 kB
MemFree:           33196 kB
Buffers:            9688 kB
Cached:           482856 kB
SwapCached:            0 kB
Active:           772868 kB
Inactive:         246328 kB
Active(anon):     535048 kB
Inactive(anon):     2708 kB
Active(file):     237820 kB
Inactive(file):   243620 kB
Unevictable:        8296 kB
Mlocked:               0 kB
HighTotal:        802816 kB
HighFree:           2956 kB
LowTotal:         548148 kB
LowFree:           30240 kB
SwapTotal:             0 kB
SwapFree:              0 kB
Dirty:                44 kB
Writeback:             0 kB
AnonPages:        535044 kB
Mapped:           224708 kB
Shmem:              2808 kB
Slab:              34620 kB
SReclaimable:      13036 kB
SUnreclaim:        21584 kB
KernelStack:        9408 kB
PageTables:        20184 kB
NFS_Unstable:          0 kB
Bounce:                0 kB
WritebackTmp:          0 kB
CommitLimit:      675480 kB
Committed_AS:   46928376 kB
VmallocTotal:     253952 kB
VmallocUsed:       95700 kB
VmallocChunk:      53252 kB
Time pass: 400 sec

---2015-11-24 16:21:55
MemTotal:        1350964 kB
MemFree:           31760 kB
Buffers:            9704 kB
Cached:           480488 kB
SwapCached:            0 kB
Active:           772168 kB
Inactive:         246064 kB
Active(anon):     536548 kB
Inactive(anon):     2724 kB
Active(file):     235620 kB
Inactive(file):   243340 kB
Unevictable:        8296 kB
Mlocked:               0 kB
HighTotal:        802816 kB
HighFree:           2724 kB
LowTotal:         548148 kB
LowFree:           29036 kB
SwapTotal:             0 kB
SwapFree:              0 kB
Dirty:                12 kB
Writeback:             0 kB
AnonPages:        536792 kB
Mapped:           224508 kB
Shmem:              2808 kB
Slab:              34712 kB
SReclaimable:      13036 kB
SUnreclaim:        21676 kB
KernelStack:        9424 kB
PageTables:        20180 kB
NFS_Unstable:          0 kB
Bounce:                0 kB
WritebackTmp:          0 kB
CommitLimit:      675480 kB
Committed_AS:   46930984 kB
VmallocTotal:     253952 kB
VmallocUsed:       96036 kB
VmallocChunk:      53252 kB
Time pass: 408 sec

---2015-11-24 16:21:55
MemTotal:        1350964 kB
MemFree:           31552 kB
Buffers:            9728 kB
Cached:           480380 kB
SwapCached:            0 kB
Active:           772320 kB
Inactive:         246100 kB
Active(anon):     536692 kB
Inactive(anon):     2732 kB
Active(file):     235628 kB
Inactive(file):   243368 kB
Unevictable:        8296 kB
Mlocked:               0 kB
HighTotal:        802816 kB
HighFree:           2560 kB
LowTotal:         548148 kB
LowFree:           28992 kB
SwapTotal:             0 kB
SwapFree:              0 kB
Dirty:                56 kB
Writeback:             0 kB
AnonPages:        536852 kB
Mapped:           224476 kB
Shmem:              2816 kB
Slab:              34644 kB
SReclaimable:      13036 kB
SUnreclaim:        21608 kB
KernelStack:        9464 kB
PageTables:        20260 kB
NFS_Unstable:          0 kB
Bounce:                0 kB
WritebackTmp:          0 kB
CommitLimit:      675480 kB
Committed_AS:   46930456 kB
VmallocTotal:     253952 kB
VmallocUsed:       96036 kB
VmallocChunk:      53252 kB
Time pass: 414 sec

---2015-11-24 16:21:55
MemTotal:        1350964 kB
MemFree:           32076 kB
Buffers:            9752 kB
Cached:           480368 kB
SwapCached:            0 kB
Active:           772332 kB
Inactive:         246108 kB
Active(anon):     536700 kB
Inactive(anon):     2736 kB
Active(file):     235632 kB
Inactive(file):   243372 kB
Unevictable:        8296 kB
Mlocked:               0 kB
HighTotal:        802816 kB
HighFree:           3136 kB
LowTotal:         548148 kB
LowFree:           28940 kB
SwapTotal:             0 kB
SwapFree:              0 kB
Dirty:                44 kB
Writeback:             0 kB
AnonPages:        536904 kB
Mapped:           224432 kB
Shmem:              2820 kB
Slab:              34652 kB
SReclaimable:      13036 kB
SUnreclaim:        21616 kB
KernelStack:        9440 kB
PageTables:        20240 kB
NFS_Unstable:          0 kB
Bounce:                0 kB
WritebackTmp:          0 kB
CommitLimit:      675480 kB
Committed_AS:   46930404 kB
VmallocTotal:     253952 kB
VmallocUsed:       96036 kB
VmallocChunk:      53252 kB
Time pass: 419 sec

---2015-11-24 16:21:55
MemTotal:        1350964 kB
MemFree:           31460 kB
Buffers:            9760 kB
Cached:           480440 kB
SwapCached:            0 kB
Active:           772632 kB
Inactive:         246188 kB
Active(anon):     537000 kB
Inactive(anon):     2800 kB
Active(file):     235632 kB
Inactive(file):   243388 kB
Unevictable:        8296 kB
Mlocked:               0 kB
HighTotal:        802816 kB
HighFree:           2584 kB
LowTotal:         548148 kB
LowFree:           28876 kB
SwapTotal:             0 kB
SwapFree:              0 kB
Dirty:                 4 kB
Writeback:             0 kB
AnonPages:        536832 kB
Mapped:           224568 kB
