---2015-10-23 20:34:50
MemTotal:        1420824 kB
MemFree:          191784 kB
Buffers:           33572 kB
Cached:           546260 kB
SwapCached:          184 kB
Active:           439388 kB
Inactive:         553488 kB
Active(anon):     154380 kB
Inactive(anon):   259852 kB
Active(file):     285008 kB
Inactive(file):   293636 kB
Unevictable:         888 kB
Mlocked:               0 kB
HighTotal:       1001472 kB
HighFree:          89044 kB
LowTotal:         419352 kB
LowFree:          102740 kB
SwapTotal:        786428 kB
SwapFree:         785848 kB
Dirty:                68 kB
Writeback:             0 kB
AnonPages:        413788 kB
Mapped:           152288 kB
Shmem:               300 kB
Slab:              45320 kB
SReclaimable:      16868 kB
SUnreclaim:        28452 kB
KernelStack:        8736 kB
PageTables:        13488 kB
NFS_Unstable:          0 kB
Bounce:                0 kB
WritebackTmp:          0 kB
CommitLimit:     1496840 kB
Committed_AS:   18518628 kB
VmallocTotal:     458752 kB
VmallocUsed:       76948 kB
VmallocChunk:     225308 kB
Time pass: 3 sec

---2015-10-23 20:34:50
MemTotal:        1420824 kB
MemFree:          191452 kB
Buffers:           33576 kB
Cached:           546256 kB
SwapCached:          184 kB
Active:           439452 kB
Inactive:         553488 kB
Active(anon):     154444 kB
Inactive(anon):   259852 kB
Active(file):     285008 kB
Inactive(file):   293636 kB
Unevictable:         888 kB
Mlocked:               0 kB
HighTotal:       1001472 kB
HighFree:          88712 kB
LowTotal:         419352 kB
LowFree:          102740 kB
SwapTotal:        786428 kB
SwapFree:         785848 kB
Dirty:                40 kB
Writeback:             0 kB
AnonPages:        413860 kB
Mapped:           152248 kB
Shmem:               300 kB
Slab:              45320 kB
SReclaimable:      16868 kB
SUnreclaim:        28452 kB
KernelStack:        8720 kB
PageTables:        13468 kB
NFS_Unstable:          0 kB
Bounce:                0 kB
WritebackTmp:          0 kB
CommitLimit:     1496840 kB
Committed_AS:   18521680 kB
VmallocTotal:     458752 kB
VmallocUsed:       76948 kB
VmallocChunk:     225308 kB
Time pass: 6 sec

---2015-10-23 20:34:50
MemTotal:        1420824 kB
MemFree:          191436 kB
Buffers:           33576 kB
Cached:           546260 kB
SwapCached:          184 kB
Active:           439468 kB
Inactive:         553488 kB
Active(anon):     154456 kB
Inactive(anon):   259852 kB
Active(file):     285012 kB
Inactive(file):   293636 kB
Unevictable:         888 kB
Mlocked:               0 kB
HighTotal:       1001472 kB
HighFree:          88696 kB
LowTotal:         419352 kB
LowFree:          102740 kB
SwapTotal:        786428 kB
SwapFree:         785848 kB
Dirty:                36 kB
Writeback:             0 kB
AnonPages:        413828 kB
Mapped:           152288 kB
Shmem:               300 kB
Slab:              45320 kB
SReclaimable:      16868 kB
SUnreclaim:        28452 kB
KernelStack:        8736 kB
PageTables:        13484 kB
NFS_Unstable:          0 kB
Bounce:                0 kB
WritebackTmp:          0 kB
CommitLimit:     1496840 kB
Committed_AS:   18521680 kB
VmallocTotal:     458752 kB
VmallocUsed:       76948 kB
VmallocChunk:     225308 kB
Time pass: 10 sec

---2015-10-23 20:34:50
MemTotal:        1420824 kB
MemFree:          191444 kB
Buffers:           33580 kB
Cached:           546260 kB
SwapCached:          184 kB
Active:           439500 kB
Inactive:         553492 kB
Active(anon):     154488 kB
Inactive(anon):   259852 kB
Active(file):     285012 kB
Inactive(file):   293640 kB
Unevictable:         888 kB
Mlocked:               0 kB
HighTotal:       1001472 kB
HighFree:          88712 kB
LowTotal:         419352 kB
LowFree:          102732 kB
SwapTotal:        786428 kB
SwapFree:         785848 kB
Dirty:                 0 kB
Writeback:             0 kB
AnonPages:        413852 kB
Mapped:           152248 kB
Shmem:               300 kB
Slab:              45320 kB
SReclaimable:      16868 kB
SUnreclaim:        28452 kB
KernelStack:        8728 kB
PageTables:        13468 kB
NFS_Unstable:          0 kB
Bounce:                0 kB
WritebackTmp:          0 kB
CommitLimit:     1496840 kB
Committed_AS:   18521680 kB
VmallocTotal:     458752 kB
VmallocUsed:       76948 kB
VmallocChunk:     225308 kB
Time pass: 13 sec

---2015-10-23 20:34:50
MemTotal:        1420824 kB
MemFree:          191436 kB
Buffers:           33588 kB
Cached:           546260 kB
SwapCached:          184 kB
Active:           439520 kB
Inactive:         553500 kB
Active(anon):     154508 kB
Inactive(anon):   259852 kB
Active(file):     285012 kB
Inactive(file):   293648 kB
Unevictable:         888 kB
Mlocked:               0 kB
HighTotal:       1001472 kB
HighFree:          88712 kB
LowTotal:         419352 kB
LowFree:          102724 kB
SwapTotal:        786428 kB
SwapFree:         785848 kB
Dirty:                32 kB
Writeback:             0 kB
AnonPages:        413872 kB
Mapped:           152248 kB
Shmem:               300 kB
Slab:              45320 kB
SReclaimable:      16868 kB
SUnreclaim:        28452 kB
KernelStack:        8736 kB
PageTables:        13468 kB
NFS_Unstable:          0 kB
Bounce:                0 kB
WritebackTmp:          0 kB
CommitLimit:     1496840 kB
Committed_AS:   18521680 kB
VmallocTotal:     458752 kB
VmallocUsed:       76948 kB
VmallocChunk:     225308 kB
Time pass: 17 sec

---2015-10-23 20:34:50
MemTotal:        1420824 kB
MemFree:          191312 kB
Buffers:           33588 kB
Cached:           546260 kB
SwapCached:          184 kB
Active:           439552 kB
Inactive:         553500 kB
Active(anon):     154540 kB
Inactive(anon):   259852 kB
Active(file):     285012 kB
Inactive(file):   293648 kB
Unevictable:         888 kB
Mlocked:               0 kB
HighTotal:       1001472 kB
HighFree:          88588 kB
LowTotal:         419352 kB
LowFree:          102724 kB
SwapTotal:        786428 kB
SwapFree:         785848 kB
Dirty:                32 kB
Writeback:             0 kB
AnonPages:        413900 kB
Mapped:           152288 kB
Shmem:               300 kB
Slab:              45320 kB
SReclaimable:      16868 kB
SUnreclaim:        28452 kB
KernelStack:        8752 kB
PageTables:        13484 kB
NFS_Unstable:          0 kB
Bounce:                0 kB
WritebackTmp:          0 kB
CommitLimit:     1496840 kB
Committed_AS:   18521680 kB
VmallocTotal:     458752 kB
VmallocUsed:       76948 kB
VmallocChunk:     225308 kB
Time pass: 21 sec

---2015-10-23 20:34:50
MemTotal:        1420824 kB
MemFree:          191312 kB
Buffers:           33588 kB
Cached:           546260 kB
SwapCached:          184 kB
Active:           439576 kB
Inactive:         553500 kB
Active(anon):     154564 kB
Inactive(anon):   259852 kB
Active(file):     285012 kB
Inactive(file):   293648 kB
Unevictable:         888 kB
Mlocked:               0 kB
HighTotal:       1001472 kB
HighFree:          88588 kB
LowTotal:         419352 kB
LowFree:          102724 kB
SwapTotal:        786428 kB
SwapFree:         785848 kB
Dirty:                 0 kB
Writeback:             0 kB
AnonPages:        413944 kB
Mapped:           152288 kB
Shmem:               300 kB
Slab:              45320 kB
SReclaimable:      16868 kB
SUnreclaim:        28452 kB
KernelStack:        8752 kB
PageTables:        13484 kB
NFS_Unstable:          0 kB
Bounce:                0 kB
WritebackTmp:          0 kB
CommitLimit:     1496840 kB
Committed_AS:   18521680 kB
VmallocTotal:     458752 kB
VmallocUsed:       76948 kB
VmallocChunk:     225308 kB
Time pass: 24 sec

---2015-10-23 20:34:50
MemTotal:        1420824 kB
MemFree:          191312 kB
Buffers:           33588 kB
Cached:           546260 kB
SwapCached:          184 kB
Active:           439588 kB
Inactive:         553500 kB
Active(anon):     154576 kB
Inactive(anon):   259852 kB
Active(file):     285012 kB
Inactive(file):   293648 kB
Unevictable:         888 kB
Mlocked:               0 kB
HighTotal:       1001472 kB
HighFree:          88588 kB
LowTotal:         419352 kB
LowFree:          102724 kB
SwapTotal:        786428 kB
SwapFree:         785848 kB
Dirty:                 0 kB
Writeback:             0 kB
AnonPages:        414000 kB
Mapped:           152288 kB
Shmem:               300 kB
Slab:              45320 kB
SReclaimable:      16868 kB
SUnreclaim:        28452 kB
KernelStack:        8752 kB
PageTables:        13484 kB
NFS_Unstable:          0 kB
Bounce:                0 kB
WritebackTmp:          0 kB
CommitLimit:     1496840 kB
Committed_AS:   18521680 kB
VmallocTotal:     458752 kB
VmallocUsed:       76948 kB
VmallocChunk:     225308 kB
Time pass: 28 sec

---2015-10-23 20:34:50
MemTotal:        1420824 kB
MemFree:          191312 kB
Buffers:           33592 kB
Cached:           546260 kB
SwapCached:          184 kB
Active:           439636 kB
Inactive:         553500 kB
Active(anon):     154620 kB
Inactive(anon):   259852 kB
Active(file):     285016 kB
Inactive(file):   293648 kB
Unevictable:         888 kB
Mlocked:               0 kB
HighTotal:       1001472 kB
HighFree:          88588 kB
LowTotal:         419352 kB
LowFree:          102724 kB
SwapTotal:        786428 kB
SwapFree:         785848 kB
Dirty:                 4 kB
Writeback:             0 kB
AnonPages:        413976 kB
Mapped:           152312 kB
Shmem:               300 kB
Slab:              45320 kB
SReclaimable:      16868 kB
SUnreclaim:        28452 kB
KernelStack:        8752 kB
PageTables:        13480 kB
NFS_Unstable:          0 kB
Bounce:                0 kB
WritebackTmp:          0 kB
CommitLimit:     1496840 kB
Committed_AS:   18521680 kB
VmallocTotal:     458752 kB
VmallocUsed:       76948 kB
VmallocChunk:     225308 kB
Time pass: 32 sec

---2015-10-23 20:34:50
MemTotal:        1420824 kB
MemFree:          191312 kB
Buffers:           33592 kB
Cached:           546260 kB
SwapCached:          184 kB
Active:           439700 kB
Inactive:         553500 kB
Active(anon):     154684 kB
Inactive(anon):   259852 kB
Active(file):     285016 kB
Inactive(file):   293648 kB
Unevictable:         888 kB
Mlocked:               0 kB
HighTotal:       1001472 kB
HighFree:          88588 kB
LowTotal:         419352 kB
LowFree:          102724 kB
SwapTotal:        786428 kB
SwapFree:         785848 kB
Dirty:                 4 kB
Writeback:             0 kB
AnonPages:        414040 kB
Mapped:           152324 kB
Shmem:               300 kB
Slab:              45320 kB
SReclaimable:      16868 kB
SUnreclaim:        28452 kB
KernelStack:        8752 kB
PageTables:        13484 kB
NFS_Unstable:          0 kB
Bounce:                0 kB
WritebackTmp:          0 kB
CommitLimit:     1496840 kB
Committed_AS:   18521680 kB
VmallocTotal:     458752 kB
VmallocUsed:       76948 kB
VmallocChunk:     225308 kB
Time pass: 35 sec

---2015-10-23 20:34:50
MemTotal:        1420824 kB
MemFree:          191312 kB
Buffers:           33600 kB
Cached:           546260 kB
SwapCached:          184 kB
Active:           439728 kB
Inactive:         553500 kB
Active(anon):     154712 kB
Inactive(anon):   259852 kB
Active(file):     285016 kB
Inactive(file):   293648 kB
Unevictable:         888 kB
Mlocked:               0 kB
HighTotal:       1001472 kB
HighFree:          88588 kB
LowTotal:         419352 kB
LowFree:          102724 kB
SwapTotal:        786428 kB
SwapFree:         785848 kB
Dirty:                 8 kB
Writeback:             0 kB
AnonPages:        414064 kB
Mapped:           152324 kB
Shmem:               300 kB
Slab:              45320 kB
SReclaimable:      16868 kB
SUnreclaim:        28452 kB
KernelStack:        8752 kB
PageTables:        13480 kB
NFS_Unstable:          0 kB
Bounce:                0 kB
WritebackTmp:          0 kB
CommitLimit:     1496840 kB
Committed_AS:   18521680 kB
VmallocTotal:     458752 kB
VmallocUsed:       76948 kB
VmallocChunk:     225308 kB
Time pass: 39 sec

---2015-10-23 20:34:50
MemTotal:        1420824 kB
MemFree:          191196 kB
Buffers:           33600 kB
Cached:           546260 kB
SwapCached:          184 kB
Active:           439732 kB
Inactive:         553508 kB
Active(anon):     154716 kB
Inactive(anon):   259852 kB
Active(file):     285016 kB
Inactive(file):   293656 kB
Unevictable:         888 kB
Mlocked:               0 kB
HighTotal:       1001472 kB
HighFree:          88456 kB
LowTotal:         419352 kB
LowFree:          102740 kB
SwapTotal:        786428 kB
SwapFree:         785848 kB
Dirty:                 0 kB
Writeback:             0 kB
AnonPages:        414084 kB
Mapped:           152324 kB
Shmem:               300 kB
Slab:              45320 kB
SReclaimable:      16868 kB
SUnreclaim:        28452 kB
KernelStack:        8752 kB
PageTables:        13484 kB
NFS_Unstable:          0 kB
Bounce:                0 kB
WritebackTmp:          0 kB
CommitLimit:     1496840 kB
Committed_AS:   18521672 kB
VmallocTotal:     458752 kB
VmallocUsed:       76948 kB
VmallocChunk:     225308 kB
Time pass: 42 sec

---2015-10-23 20:34:50
MemTotal:        1420824 kB
MemFree:          191284 kB
Buffers:           33600 kB
Cached:           546260 kB
SwapCached:          184 kB
Active:           439756 kB
Inactive:         553508 kB
Active(anon):     154740 kB
Inactive(anon):   259852 kB
Active(file):     285016 kB
Inactive(file):   293656 kB
Unevictable:         888 kB
Mlocked:               0 kB
HighTotal:       1001472 kB
HighFree:          88520 kB
LowTotal:         419352 kB
LowFree:          102764 kB
SwapTotal:        786428 kB
SwapFree:         785848 kB
Dirty:                 0 kB
Writeback:             0 kB
AnonPages:        414096 kB
Mapped:           152324 kB
Shmem:               300 kB
Slab:              45320 kB
SReclaimable:      16868 kB
SUnreclaim:        28452 kB
KernelStack:        8752 kB
PageTables:        13480 kB
NFS_Unstable:          0 kB
Bounce:                0 kB
WritebackTmp:          0 kB
CommitLimit:     1496840 kB
Committed_AS:   18521672 kB
VmallocTotal:     458752 kB
VmallocUsed:       76948 kB
VmallocChunk:     225308 kB
Time pass: 46 sec

---2015-10-23 20:34:50
MemTotal:        1420824 kB
MemFree:          191288 kB
Buffers:           33600 kB
Cached:           546260 kB
SwapCached:          184 kB
Active:           439756 kB
Inactive:         553508 kB
Active(anon):     154740 kB
Inactive(anon):   259852 kB
Active(file):     285016 kB
Inactive(file):   293656 kB
Unevictable:         888 kB
Mlocked:               0 kB
HighTotal:       1001472 kB
HighFree:          88524 kB
LowTotal:         419352 kB
LowFree:          102764 kB
SwapTotal:        786428 kB
SwapFree:         785848 kB
Dirty:                 0 kB
Writeback:             0 kB
AnonPages:        414108 kB
Mapped:           152324 kB
Shmem:               300 kB
Slab:              45320 kB
SReclaimable:      16868 kB
SUnreclaim:        28452 kB
KernelStack:        8752 kB
PageTables:        13484 kB
NFS_Unstable:          0 kB
Bounce:                0 kB
WritebackTmp:          0 kB
CommitLimit:     1496840 kB
Committed_AS:   18521672 kB
VmallocTotal:     458752 kB
VmallocUsed:       76948 kB
VmallocChunk:     225308 kB
Time pass: 49 sec

---2015-10-23 20:34:50
MemTotal:        1420824 kB
MemFree:          191412 kB
Buffers:           33600 kB
Cached:           546260 kB
SwapCached:          184 kB
Active:           439544 kB
Inactive:         553508 kB
Active(anon):     154528 kB
Inactive(anon):   259852 kB
Active(file):     285016 kB
Inactive(file):   293656 kB
Unevictable:         888 kB
Mlocked:               0 kB
HighTotal:       1001472 kB
HighFree:          88648 kB
LowTotal:         419352 kB
LowFree:          102764 kB
SwapTotal:        786428 kB
SwapFree:         785848 kB
Dirty:                 0 kB
Writeback:             0 kB
AnonPages:        413884 kB
Mapped:           152324 kB
Shmem:               300 kB
Slab:              45320 kB
SReclaimable:      16868 kB
SUnreclaim:        28452 kB
KernelStack:        8752 kB
PageTables:        13484 kB
NFS_Unstable:          0 kB
Bounce:                0 kB
WritebackTmp:          0 kB
CommitLimit:     1496840 kB
Committed_AS:   18521672 kB
VmallocTotal:     458752 kB
VmallocUsed:       76948 kB
VmallocChunk:     225308 kB
Time pass: 56 sec

---2015-10-23 20:34:50
MemTotal:        1420824 kB
MemFree:          191412 kB
Buffers:           33600 kB
Cached:           546260 kB
SwapCached:          184 kB
Active:           439552 kB
Inactive:         553508 kB
Active(anon):     154536 kB
Inactive(anon):   259852 kB
Active(file):     285016 kB
Inactive(file):   293656 kB
Unevictable:         888 kB
Mlocked:               0 kB
HighTotal:       1001472 kB
HighFree:          88648 kB
LowTotal:         419352 kB
LowFree:          102764 kB
SwapTotal:        786428 kB
SwapFree:         785848 kB
Dirty:                 0 kB
Writeback:             0 kB
AnonPages:        413908 kB
Mapped:           152324 kB
Shmem:               300 kB
Slab:              45320 kB
SReclaimable:      16868 kB
SUnreclaim:        28452 kB
KernelStack:        8752 kB
PageTables:        13484 kB
NFS_Unstable:          0 kB
Bounce:                0 kB
WritebackTmp:          0 kB
CommitLimit:     1496840 kB
Committed_AS:   18521672 kB
VmallocTotal:     458752 kB
VmallocUsed:       76948 kB
VmallocChunk:     225308 kB
Time pass: 59 sec

---2015-10-23 20:34:50
MemTotal:        1420824 kB
MemFree:          191412 kB
Buffers:           33600 kB
Cached:           546260 kB
SwapCached:          184 kB
Active:           439544 kB
Inactive:         553508 kB
Active(anon):     154528 kB
Inactive(anon):   259852 kB
Active(file):     285016 kB
Inactive(file):   293656 kB
Unevictable:         888 kB
Mlocked:               0 kB
HighTotal:       1001472 kB
HighFree:          88648 kB
LowTotal:         419352 kB
LowFree:          102764 kB
SwapTotal:        786428 kB
SwapFree:         785848 kB
Dirty:                 0 kB
Writeback:             0 kB
AnonPages:        413884 kB
Mapped:           152324 kB
Shmem:               300 kB
Slab:              45320 kB
SReclaimable:      16868 kB
SUnreclaim:        28452 kB
KernelStack:        8752 kB
PageTables:        13484 kB
NFS_Unstable:          0 kB
Bounce:                0 kB
WritebackTmp:          0 kB
CommitLimit:     1496840 kB
Committed_AS:   18521672 kB
VmallocTotal:     458752 kB
VmallocUsed:       76948 kB
VmallocChunk:     225308 kB
Time pass: 63 sec

---2015-10-23 20:34:50
MemTotal:        1420824 kB
MemFree:          191412 kB
Buffers:           33600 kB
Cached:           546260 kB
SwapCached:          184 kB
Active:           439548 kB
Inactive:         553508 kB
Active(anon):     154532 kB
Inactive(anon):   259852 kB
Active(file):     285016 kB
Inactive(file):   293656 kB
Unevictable:         888 kB
Mlocked:               0 kB
HighTotal:       1001472 kB
HighFree:          88648 kB
LowTotal:         419352 kB
LowFree:          102764 kB
SwapTotal:        786428 kB
SwapFree:         785848 kB
Dirty:                 0 kB
Writeback:             0 kB
AnonPages:        413896 kB
Mapped:           152324 kB
Shmem:               300 kB
Slab:              45320 kB
SReclaimable:      16868 kB
SUnreclaim:        28452 kB
KernelStack:        8752 kB
PageTables:        13484 kB
NFS_Unstable:          0 kB
Bounce:                0 kB
WritebackTmp:          0 kB
CommitLimit:     1496840 kB
Committed_AS:   18521672 kB
VmallocTotal:     458752 kB
VmallocUsed:       76948 kB
VmallocChunk:     225308 kB
Time pass: 66 sec

---2015-10-23 20:34:50
MemTotal:        1420824 kB
MemFree:          191412 kB
Buffers:           33600 kB
Cached:           546260 kB
SwapCached:          184 kB
Active:           439532 kB
Inactive:         553508 kB
Active(anon):     154516 kB
Inactive(anon):   259852 kB
Active(file):     285016 kB
Inactive(file):   293656 kB
Unevictable:         888 kB
Mlocked:               0 kB
HighTotal:       1001472 kB
HighFree:          88648 kB
LowTotal:         419352 kB
LowFree:          102764 kB
SwapTotal:        786428 kB
SwapFree:         785848 kB
Dirty:                 0 kB
Writeback:             0 kB
AnonPages:        413884 kB
Mapped:           152324 kB
Shmem:               300 kB
Slab:              45316 kB
SReclaimable:      16868 kB
SUnreclaim:        28448 kB
KernelStack:        8752 kB
PageTables:        13484 kB
NFS_Unstable:          0 kB
Bounce:                0 kB
WritebackTmp:          0 kB
CommitLimit:     1496840 kB
Committed_AS:   18521672 kB
VmallocTotal:     458752 kB
VmallocUsed:       76948 kB
VmallocChunk:     225308 kB
Time pass: 70 sec

---2015-10-23 20:34:50
MemTotal:        1420824 kB
MemFree:          191412 kB
Buffers:           33624 kB
Cached:           546264 kB
SwapCached:          184 kB
Active:           439548 kB
Inactive:         553536 kB
Active(anon):     154532 kB
Inactive(anon):   259852 kB
Active(file):     285016 kB
Inactive(file):   293684 kB
Unevictable:         888 kB
Mlocked:               0 kB
HighTotal:       1001472 kB
HighFree:          88648 kB
LowTotal:         419352 kB
LowFree:          102764 kB
SwapTotal:        786428 kB
SwapFree:         785848 kB
Dirty:                56 kB
Writeback:             0 kB
AnonPages:        413888 kB
Mapped:           152324 kB
Shmem:               300 kB
Slab:              45316 kB
SReclaimable:      16868 kB
SUnreclaim:        28448 kB
KernelStack:        8752 kB
PageTables:        13484 kB
NFS_Unstable:          0 kB
Bounce:                0 kB
WritebackTmp:          0 kB
CommitLimit:     1496840 kB
Committed_AS:   18521672 kB
VmallocTotal:     458752 kB
VmallocUsed:       76948 kB
VmallocChunk:     225308 kB
Time pass: 74 sec

---2015-10-23 20:34:50
MemTotal:        1420824 kB
MemFree:          191396 kB
Buffers:           33624 kB
Cached:           546264 kB
SwapCached:          184 kB
Active:           439556 kB
Inactive:         553536 kB
Active(anon):     154540 kB
Inactive(anon):   259852 kB
Active(file):     285016 kB
Inactive(file):   293684 kB
Unevictable:         888 kB
Mlocked:               0 kB
HighTotal:       1001472 kB
HighFree:          88632 kB
LowTotal:         419352 kB
LowFree:          102764 kB
SwapTotal:        786428 kB
SwapFree:         785848 kB
Dirty:                56 kB
Writeback:             0 kB
AnonPages:        413896 kB
Mapped:           152324 kB
Shmem:               300 kB
Slab:              45316 kB
SReclaimable:      16868 kB
SUnreclaim:        28448 kB
KernelStack:        8752 kB
PageTables:        13484 kB
NFS_Unstable:          0 kB
Bounce:                0 kB
WritebackTmp:          0 kB
CommitLimit:     1496840 kB
Committed_AS:   18521672 kB
VmallocTotal:     458752 kB
VmallocUsed:       76948 kB
VmallocChunk:     225308 kB
Time pass: 77 sec

---2015-10-23 20:34:50
MemTotal:        1420824 kB
MemFree:          191420 kB
Buffers:           33628 kB
Cached:           546264 kB
SwapCached:          184 kB
Active:           439556 kB
Inactive:         553536 kB
Active(anon):     154536 kB
Inactive(anon):   259852 kB
Active(file):     285020 kB
Inactive(file):   293684 kB
Unevictable:         888 kB
Mlocked:               0 kB
HighTotal:       1001472 kB
HighFree:          88656 kB
LowTotal:         419352 kB
LowFree:          102764 kB
SwapTotal:        786428 kB
SwapFree:         785848 kB
Dirty:                40 kB
Writeback:             0 kB
AnonPages:        413892 kB
Mapped:           152324 kB
Shmem:               300 kB
Slab:              45316 kB
SReclaimable:      16868 kB
SUnreclaim:        28448 kB
KernelStack:        8752 kB
PageTables:        13484 kB
NFS_Unstable:          0 kB
Bounce:                0 kB
WritebackTmp:          0 kB
CommitLimit:     1496840 kB
Committed_AS:   18521672 kB
VmallocTotal:     458752 kB
VmallocUsed:       76948 kB
VmallocChunk:     225308 kB
Time pass: 81 sec

---2015-10-23 20:34:50
MemTotal:        1420824 kB
MemFree:          191420 kB
Buffers:           33628 kB
Cached:           546264 kB
SwapCached:          184 kB
Active:           439552 kB
Inactive:         553536 kB
Active(anon):     154532 kB
Inactive(anon):   259852 kB
Active(file):     285020 kB
Inactive(file):   293684 kB
Unevictable:         888 kB
Mlocked:               0 kB
HighTotal:       1001472 kB
HighFree:          88656 kB
LowTotal:         419352 kB
LowFree:          102764 kB
SwapTotal:        786428 kB
SwapFree:         785848 kB
Dirty:                 0 kB
Writeback:             0 kB
AnonPages:        413888 kB
Mapped:           152324 kB
Shmem:               300 kB
Slab:              45316 kB
SReclaimable:      16868 kB
SUnreclaim:        28448 kB
KernelStack:        8752 kB
PageTables:        13484 kB
NFS_Unstable:          0 kB
Bounce:                0 kB
WritebackTmp:          0 kB
CommitLimit:     1496840 kB
Committed_AS:   18521672 kB
VmallocTotal:     458752 kB
VmallocUsed:       76948 kB
VmallocChunk:     225308 kB
Time pass: 84 sec

---2015-10-23 20:34:50
MemTotal:        1420824 kB
MemFree:          191072 kB
Buffers:           33628 kB
Cached:           546264 kB
SwapCached:          184 kB
Active:           439880 kB
Inactive:         553536 kB
Active(anon):     154860 kB
Inactive(anon):   259852 kB
Active(file):     285020 kB
Inactive(file):   293684 kB
Unevictable:         888 kB
Mlocked:               0 kB
HighTotal:       1001472 kB
HighFree:          88464 kB
LowTotal:         419352 kB
LowFree:          102608 kB
SwapTotal:        786428 kB
SwapFree:         785848 kB
Dirty:                 0 kB
Writeback:             0 kB
AnonPages:        414292 kB
Mapped:           152320 kB
Shmem:               300 kB
Slab:              45316 kB
SReclaimable:      16868 kB
SUnreclaim:        28448 kB
KernelStack:        8752 kB
PageTables:        13520 kB
NFS_Unstable:          0 kB
Bounce:                0 kB
WritebackTmp:          0 kB
CommitLimit:     1496840 kB
Committed_AS:   18522224 kB
VmallocTotal:     458752 kB
VmallocUsed:       76980 kB
VmallocChunk:     225308 kB
Time pass: 88 sec

---2015-10-23 20:34:50
MemTotal:        1420824 kB
MemFree:          187492 kB
Buffers:           33628 kB
Cached:           546264 kB
SwapCached:          184 kB
Active:           443076 kB
Inactive:         553536 kB
Active(anon):     158056 kB
Inactive(anon):   259852 kB
Active(file):     285020 kB
Inactive(file):   293684 kB
Unevictable:         888 kB
Mlocked:               0 kB
HighTotal:       1001472 kB
HighFree:          85108 kB
LowTotal:         419352 kB
LowFree:          102384 kB
SwapTotal:        786428 kB
SwapFree:         785848 kB
Dirty:                 0 kB
Writeback:             0 kB
AnonPages:        417412 kB
Mapped:           152980 kB
Shmem:               300 kB
Slab:              45316 kB
SReclaimable:      16868 kB
SUnreclaim:        28448 kB
KernelStack:        8760 kB
PageTables:        13488 kB
NFS_Unstable:          0 kB
Bounce:                0 kB
WritebackTmp:          0 kB
CommitLimit:     1496840 kB
Committed_AS:   18523336 kB
VmallocTotal:     458752 kB
VmallocUsed:       76948 kB
VmallocChunk:     225308 kB
Time pass: 91 sec

---2015-10-23 20:34:50
MemTotal:        1420824 kB
MemFree:          156736 kB
Buffers:           33672 kB
Cached:           546404 kB
SwapCached:          184 kB
Active:           463760 kB
Inactive:         553700 kB
Active(anon):     178720 kB
Inactive(anon):   259984 kB
Active(file):     285040 kB
Inactive(file):   293716 kB
Unevictable:         888 kB
Mlocked:               0 kB
HighTotal:       1001472 kB
HighFree:          55928 kB
LowTotal:         419352 kB
LowFree:          100808 kB
SwapTotal:        786428 kB
SwapFree:         785848 kB
Dirty:              1036 kB
Writeback:             0 kB
AnonPages:        438080 kB
Mapped:           174272 kB
Shmem:               432 kB
Slab:              45360 kB
SReclaimable:      16872 kB
SUnreclaim:        28488 kB
KernelStack:        9208 kB
PageTables:        14032 kB
NFS_Unstable:          0 kB
Bounce:                0 kB
WritebackTmp:          0 kB
CommitLimit:     1496840 kB
Committed_AS:   19017088 kB
VmallocTotal:     458752 kB
VmallocUsed:       78244 kB
VmallocChunk:     225308 kB
Time pass: 95 sec

---2015-10-23 20:34:50
MemTotal:        1420824 kB
MemFree:          126576 kB
Buffers:           33676 kB
Cached:           546592 kB
SwapCached:          184 kB
Active:           475652 kB
Inactive:         553848 kB
Active(anon):     190568 kB
Inactive(anon):   259988 kB
Active(file):     285084 kB
Inactive(file):   293860 kB
Unevictable:         888 kB
Mlocked:               0 kB
HighTotal:       1001472 kB
HighFree:          26084 kB
LowTotal:         419352 kB
LowFree:          100492 kB
SwapTotal:        786428 kB
SwapFree:         785848 kB
Dirty:               316 kB
Writeback:             0 kB
AnonPages:        449912 kB
Mapped:           182636 kB
Shmem:               436 kB
Slab:              45412 kB
SReclaimable:      16872 kB
SUnreclaim:        28540 kB
KernelStack:        9304 kB
PageTables:        14108 kB
NFS_Unstable:          0 kB
Bounce:                0 kB
WritebackTmp:          0 kB
CommitLimit:     1496840 kB
Committed_AS:   19031080 kB
VmallocTotal:     458752 kB
VmallocUsed:       78240 kB
VmallocChunk:     225308 kB
Time pass: 99 sec

---2015-10-23 20:34:50
MemTotal:        1420824 kB
MemFree:          107428 kB
Buffers:           33688 kB
Cached:           546592 kB
SwapCached:          184 kB
Active:           477580 kB
Inactive:         553752 kB
Active(anon):     192388 kB
Inactive(anon):   259988 kB
Active(file):     285192 kB
Inactive(file):   293764 kB
Unevictable:         888 kB
Mlocked:               0 kB
HighTotal:       1001472 kB
HighFree:          22216 kB
LowTotal:         419352 kB
LowFree:           85212 kB
SwapTotal:        786428 kB
SwapFree:         785848 kB
Dirty:              2636 kB
Writeback:             0 kB
AnonPages:        451900 kB
Mapped:           185144 kB
Shmem:               436 kB
Slab:              45440 kB
SReclaimable:      16872 kB
SUnreclaim:        28568 kB
KernelStack:        9304 kB
PageTables:        14164 kB
NFS_Unstable:          0 kB
Bounce:                0 kB
WritebackTmp:          0 kB
CommitLimit:     1496840 kB
Committed_AS:   19033208 kB
VmallocTotal:     458752 kB
VmallocUsed:       78288 kB
VmallocChunk:     225308 kB
Time pass: 103 sec

---2015-10-23 20:34:50
MemTotal:        1420824 kB
MemFree:          103724 kB
Buffers:           33696 kB
Cached:           546592 kB
SwapCached:          184 kB
Active:           478160 kB
Inactive:         553760 kB
Active(anon):     192968 kB
Inactive(anon):   259988 kB
Active(file):     285192 kB
Inactive(file):   293772 kB
Unevictable:         888 kB
Mlocked:               0 kB
HighTotal:       1001472 kB
HighFree:          21608 kB
LowTotal:         419352 kB
LowFree:           82116 kB
SwapTotal:        786428 kB
SwapFree:         785848 kB
Dirty:              2140 kB
Writeback:             0 kB
AnonPages:        452324 kB
Mapped:           185796 kB
Shmem:               436 kB
Slab:              45412 kB
SReclaimable:      16880 kB
SUnreclaim:        28532 kB
KernelStack:        9312 kB
PageTables:        14180 kB
NFS_Unstable:          0 kB
Bounce:                0 kB
WritebackTmp:          0 kB
CommitLimit:     1496840 kB
Committed_AS:   19033512 kB
VmallocTotal:     458752 kB
VmallocUsed:       78224 kB
VmallocChunk:     225308 kB
Time pass: 106 sec

---2015-10-23 20:34:50
MemTotal:        1420824 kB
MemFree:          103664 kB
Buffers:           33696 kB
Cached:           546592 kB
SwapCached:          184 kB
Active:           478164 kB
Inactive:         553760 kB
Active(anon):     192972 kB
Inactive(anon):   259988 kB
Active(file):     285192 kB
Inactive(file):   293772 kB
Unevictable:         888 kB
Mlocked:               0 kB
HighTotal:       1001472 kB
HighFree:          21516 kB
LowTotal:         419352 kB
LowFree:           82148 kB
SwapTotal:        786428 kB
SwapFree:         785848 kB
Dirty:                 0 kB
Writeback:             0 kB
AnonPages:        452328 kB
Mapped:           185864 kB
Shmem:               436 kB
Slab:              45380 kB
SReclaimable:      16880 kB
SUnreclaim:        28500 kB
KernelStack:        9312 kB
PageTables:        14180 kB
NFS_Unstable:          0 kB
Bounce:                0 kB
WritebackTmp:          0 kB
CommitLimit:     1496840 kB
Committed_AS:   19033512 kB
VmallocTotal:     458752 kB
VmallocUsed:       78224 kB
VmallocChunk:     225308 kB
Time pass: 110 sec

---2015-10-23 20:34:50
MemTotal:        1420824 kB
MemFree:          103648 kB
Buffers:           33696 kB
Cached:           546592 kB
SwapCached:          184 kB
Active:           478168 kB
Inactive:         553760 kB
Active(anon):     192976 kB
Inactive(anon):   259988 kB
Active(file):     285192 kB
Inactive(file):   293772 kB
Unevictable:         888 kB
Mlocked:               0 kB
HighTotal:       1001472 kB
HighFree:          21532 kB
LowTotal:         419352 kB
LowFree:           82116 kB
SwapTotal:        786428 kB
SwapFree:         785848 kB
Dirty:                 0 kB
Writeback:             0 kB
AnonPages:        452332 kB
Mapped:           185884 kB
Shmem:               436 kB
Slab:              45372 kB
SReclaimable:      16880 kB
SUnreclaim:        28492 kB
KernelStack:        9312 kB
PageTables:        14180 kB
NFS_Unstable:          0 kB
Bounce:                0 kB
WritebackTmp:          0 kB
CommitLimit:     1496840 kB
Committed_AS:   19033512 kB
VmallocTotal:     458752 kB
VmallocUsed:       78224 kB
VmallocChunk:     225308 kB
Time pass: 113 sec

---2015-10-23 20:34:50
MemTotal:        1420824 kB
MemFree:           94304 kB
Buffers:           33700 kB
Cached:           546792 kB
SwapCached:          184 kB
Active:           479512 kB
Inactive:         553936 kB
Active(anon):     194292 kB
Inactive(anon):   259988 kB
Active(file):     285220 kB
Inactive(file):   293948 kB
Unevictable:         888 kB
Mlocked:               0 kB
HighTotal:       1001472 kB
HighFree:          18864 kB
LowTotal:         419352 kB
LowFree:           75440 kB
SwapTotal:        786428 kB
SwapFree:         785848 kB
Dirty:               740 kB
Writeback:             0 kB
AnonPages:        453648 kB
Mapped:           186880 kB
Shmem:               436 kB
Slab:              45568 kB
SReclaimable:      16880 kB
SUnreclaim:        28688 kB
KernelStack:        9312 kB
PageTables:        14204 kB
NFS_Unstable:          0 kB
Bounce:                0 kB
WritebackTmp:          0 kB
CommitLimit:     1496840 kB
Committed_AS:   19034564 kB
VmallocTotal:     458752 kB
VmallocUsed:       78236 kB
VmallocChunk:     225308 kB
Time pass: 117 sec

---2015-10-23 20:34:50
MemTotal:        1420824 kB
MemFree:           94192 kB
Buffers:           33704 kB
Cached:           546792 kB
SwapCached:          184 kB
Active:           479516 kB
Inactive:         553936 kB
Active(anon):     194296 kB
Inactive(anon):   259988 kB
Active(file):     285220 kB
Inactive(file):   293948 kB
Unevictable:         888 kB
Mlocked:               0 kB
HighTotal:       1001472 kB
HighFree:          18752 kB
LowTotal:         419352 kB
LowFree:           75440 kB
SwapTotal:        786428 kB
SwapFree:         785848 kB
Dirty:                44 kB
Writeback:             0 kB
AnonPages:        453652 kB
Mapped:           186944 kB
Shmem:               436 kB
Slab:              45544 kB
SReclaimable:      16880 kB
SUnreclaim:        28664 kB
KernelStack:        9312 kB
PageTables:        14204 kB
NFS_Unstable:          0 kB
Bounce:                0 kB
WritebackTmp:          0 kB
CommitLimit:     1496840 kB
Committed_AS:   19034564 kB
VmallocTotal:     458752 kB
VmallocUsed:       78236 kB
VmallocChunk:     225308 kB
Time pass: 120 sec

---2015-10-23 20:34:50
MemTotal:        1420824 kB
MemFree:           94176 kB
Buffers:           33704 kB
Cached:           546804 kB
SwapCached:          184 kB
Active:           479552 kB
Inactive:         553944 kB
Active(anon):     194324 kB
Inactive(anon):   259988 kB
Active(file):     285228 kB
Inactive(file):   293956 kB
Unevictable:         888 kB
Mlocked:               0 kB
HighTotal:       1001472 kB
HighFree:          18752 kB
LowTotal:         419352 kB
LowFree:           75424 kB
SwapTotal:        786428 kB
SwapFree:         785848 kB
Dirty:                16 kB
Writeback:             0 kB
AnonPages:        453680 kB
Mapped:           187004 kB
Shmem:               436 kB
Slab:              45544 kB
SReclaimable:      16880 kB
SUnreclaim:        28664 kB
KernelStack:        9328 kB
PageTables:        14204 kB
NFS_Unstable:          0 kB
Bounce:                0 kB
WritebackTmp:          0 kB
CommitLimit:     1496840 kB
Committed_AS:   19034580 kB
VmallocTotal:     458752 kB
VmallocUsed:       78236 kB
VmallocChunk:     225308 kB
Time pass: 124 sec

---2015-10-23 20:34:50
MemTotal:        1420824 kB
MemFree:           82608 kB
Buffers:           33704 kB
Cached:           546812 kB
SwapCached:          184 kB
Active:           484084 kB
Inactive:         553940 kB
Active(anon):     198844 kB
Inactive(anon):   259988 kB
Active(file):     285240 kB
Inactive(file):   293952 kB
Unevictable:         888 kB
Mlocked:               0 kB
HighTotal:       1001472 kB
HighFree:          13352 kB
LowTotal:         419352 kB
LowFree:           69256 kB
SwapTotal:        786428 kB
SwapFree:         785848 kB
Dirty:               536 kB
Writeback:             0 kB
AnonPages:        458192 kB
Mapped:           188708 kB
Shmem:               436 kB
Slab:              45504 kB
SReclaimable:      16876 kB
SUnreclaim:        28628 kB
KernelStack:        9328 kB
PageTables:        14228 kB
NFS_Unstable:          0 kB
Bounce:                0 kB
WritebackTmp:          0 kB
CommitLimit:     1496840 kB
Committed_AS:   19038896 kB
VmallocTotal:     458752 kB
VmallocUsed:       78248 kB
VmallocChunk:     225308 kB
Time pass: 127 sec

---2015-10-23 20:34:50
MemTotal:        1420824 kB
MemFree:           81620 kB
Buffers:           33712 kB
Cached:           546812 kB
SwapCached:          184 kB
Active:           484040 kB
Inactive:         553948 kB
Active(anon):     198800 kB
Inactive(anon):   259988 kB
Active(file):     285240 kB
Inactive(file):   293960 kB
Unevictable:         888 kB
Mlocked:               0 kB
HighTotal:       1001472 kB
HighFree:          12744 kB
LowTotal:         419352 kB
LowFree:           68876 kB
SwapTotal:        786428 kB
SwapFree:         785848 kB
Dirty:                36 kB
Writeback:             0 kB
AnonPages:        458124 kB
Mapped:           188632 kB
Shmem:               436 kB
Slab:              45500 kB
SReclaimable:      16876 kB
SUnreclaim:        28624 kB
KernelStack:        9328 kB
PageTables:        14228 kB
NFS_Unstable:          0 kB
Bounce:                0 kB
WritebackTmp:          0 kB
CommitLimit:     1496840 kB
Committed_AS:   19038896 kB
VmallocTotal:     458752 kB
VmallocUsed:       78312 kB
VmallocChunk:     225308 kB
Time pass: 131 sec

---2015-10-23 20:34:50
MemTotal:        1420824 kB
MemFree:           82172 kB
Buffers:           33712 kB
Cached:           546812 kB
SwapCached:          184 kB
Active:           484100 kB
Inactive:         553948 kB
Active(anon):     198860 kB
Inactive(anon):   259988 kB
Active(file):     285240 kB
Inactive(file):   293960 kB
Unevictable:         888 kB
Mlocked:               0 kB
HighTotal:       1001472 kB
HighFree:          12960 kB
LowTotal:         419352 kB
LowFree:           69212 kB
SwapTotal:        786428 kB
SwapFree:         785848 kB
Dirty:                 0 kB
Writeback:             0 kB
AnonPages:        458216 kB
Mapped:           188668 kB
Shmem:               436 kB
Slab:              45500 kB
SReclaimable:      16876 kB
SUnreclaim:        28624 kB
KernelStack:        9328 kB
PageTables:        14228 kB
NFS_Unstable:          0 kB
Bounce:                0 kB
WritebackTmp:          0 kB
CommitLimit:     1496840 kB
Committed_AS:   19038896 kB
VmallocTotal:     458752 kB
VmallocUsed:       78248 kB
VmallocChunk:     225308 kB
Time pass: 134 sec

---2015-10-23 20:34:50
MemTotal:        1420824 kB
MemFree:           76832 kB
Buffers:           33712 kB
Cached:           546948 kB
SwapCached:          184 kB
Active:           488080 kB
Inactive:         554076 kB
Active(anon):     202836 kB
Inactive(anon):   260116 kB
Active(file):     285244 kB
Inactive(file):   293960 kB
Unevictable:         888 kB
Mlocked:               0 kB
HighTotal:       1001472 kB
HighFree:           8264 kB
LowTotal:         419352 kB
LowFree:           68568 kB
SwapTotal:        786428 kB
SwapFree:         785848 kB
Dirty:                 8 kB
Writeback:             0 kB
AnonPages:        462324 kB
Mapped:           191888 kB
Shmem:               568 kB
Slab:              45688 kB
SReclaimable:      16876 kB
SUnreclaim:        28812 kB
KernelStack:        9544 kB
PageTables:        14356 kB
NFS_Unstable:          0 kB
Bounce:                0 kB
WritebackTmp:          0 kB
CommitLimit:     1496840 kB
Committed_AS:   19060496 kB
VmallocTotal:     458752 kB
VmallocUsed:       80748 kB
VmallocChunk:     225308 kB
Time pass: 139 sec

---2015-10-23 20:34:50
MemTotal:        1420824 kB
MemFree:           74408 kB
Buffers:           33728 kB
Cached:           546988 kB
SwapCached:          184 kB
Active:           488732 kB
Inactive:         554128 kB
Active(anon):     203484 kB
Inactive(anon):   260152 kB
Active(file):     285248 kB
Inactive(file):   293976 kB
Unevictable:         888 kB
Mlocked:               0 kB
HighTotal:       1001472 kB
HighFree:           6540 kB
LowTotal:         419352 kB
LowFree:           67868 kB
SwapTotal:        786428 kB
SwapFree:         785848 kB
Dirty:                48 kB
Writeback:             0 kB
AnonPages:        462848 kB
Mapped:           191952 kB
Shmem:               604 kB
Slab:              45644 kB
SReclaimable:      16876 kB
SUnreclaim:        28768 kB
KernelStack:        9520 kB
PageTables:        14360 kB
NFS_Unstable:          0 kB
Bounce:                0 kB
WritebackTmp:          0 kB
CommitLimit:     1496840 kB
Committed_AS:   19060684 kB
VmallocTotal:     458752 kB
VmallocUsed:       80780 kB
VmallocChunk:     225308 kB
Time pass: 143 sec

---2015-10-23 20:34:50
MemTotal:        1420824 kB
MemFree:           73824 kB
Buffers:           33736 kB
Cached:           547000 kB
SwapCached:          184 kB
Active:           488908 kB
Inactive:         554148 kB
Active(anon):     203660 kB
Inactive(anon):   260164 kB
Active(file):     285248 kB
Inactive(file):   293984 kB
Unevictable:         888 kB
Mlocked:               0 kB
HighTotal:       1001472 kB
HighFree:           6080 kB
LowTotal:         419352 kB
LowFree:           67744 kB
SwapTotal:        786428 kB
SwapFree:         785848 kB
Dirty:                 0 kB
Writeback:             0 kB
AnonPages:        463076 kB
Mapped:           191856 kB
Shmem:               616 kB
Slab:              45576 kB
SReclaimable:      16876 kB
SUnreclaim:        28700 kB
KernelStack:        9536 kB
PageTables:        14372 kB
NFS_Unstable:          0 kB
Bounce:                0 kB
WritebackTmp:          0 kB
CommitLimit:     1496840 kB
Committed_AS:   19060724 kB
VmallocTotal:     458752 kB
VmallocUsed:       80780 kB
VmallocChunk:     225308 kB
Time pass: 147 sec

---2015-10-23 20:34:50
MemTotal:        1420824 kB
MemFree:           74016 kB
Buffers:           33744 kB
Cached:           547012 kB
SwapCached:          184 kB
Active:           489024 kB
Inactive:         554160 kB
Active(anon):     203776 kB
Inactive(anon):   260176 kB
Active(file):     285248 kB
Inactive(file):   293984 kB
Unevictable:         888 kB
Mlocked:               0 kB
HighTotal:       1001472 kB
HighFree:           6064 kB
LowTotal:         419352 kB
LowFree:           67952 kB
SwapTotal:        786428 kB
SwapFree:         785848 kB
Dirty:                 8 kB
Writeback:             0 kB
AnonPages:        463048 kB
Mapped:           192096 kB
Shmem:               628 kB
Slab:              45580 kB
SReclaimable:      16876 kB
SUnreclaim:        28704 kB
KernelStack:        9536 kB
PageTables:        14360 kB
NFS_Unstable:          0 kB
Bounce:                0 kB
WritebackTmp:          0 kB
CommitLimit:     1496840 kB
Committed_AS:   19060824 kB
VmallocTotal:     458752 kB
VmallocUsed:       80780 kB
VmallocChunk:     225308 kB
Time pass: 150 sec

---2015-10-23 20:34:50
MemTotal:        1420824 kB
MemFree:           50124 kB
Buffers:           33744 kB
Cached:           546824 kB
SwapCached:          184 kB
Active:           496464 kB
Inactive:         553980 kB
Active(anon):     211212 kB
Inactive(anon):   259988 kB
Active(file):     285252 kB
Inactive(file):   293992 kB
Unevictable:         888 kB
Mlocked:               0 kB
HighTotal:       1001472 kB
HighFree:           5068 kB
LowTotal:         419352 kB
LowFree:           45056 kB
SwapTotal:        786428 kB
SwapFree:         785848 kB
Dirty:                12 kB
Writeback:             0 kB
AnonPages:        470892 kB
Mapped:           191948 kB
Shmem:               436 kB
Slab:              45740 kB
SReclaimable:      16876 kB
SUnreclaim:        28864 kB
KernelStack:        9472 kB
PageTables:        14772 kB
NFS_Unstable:          0 kB
Bounce:                0 kB
WritebackTmp:          0 kB
CommitLimit:     1496840 kB
Committed_AS:   20651872 kB
VmallocTotal:     458752 kB
VmallocUsed:       79384 kB
VmallocChunk:     225308 kB
Time pass: 154 sec

---2015-10-23 20:34:50
MemTotal:        1420824 kB
MemFree:          181336 kB
Buffers:           33768 kB
Cached:           541332 kB
SwapCached:          216 kB
Active:           447580 kB
Inactive:         550156 kB
Active(anon):     165864 kB
Inactive(anon):   257960 kB
Active(file):     281716 kB
Inactive(file):   292196 kB
Unevictable:         888 kB
Mlocked:               0 kB
HighTotal:       1001472 kB
HighFree:          82172 kB
LowTotal:         419352 kB
LowFree:           99164 kB
SwapTotal:        786428 kB
SwapFree:         784556 kB
Dirty:                48 kB
Writeback:             0 kB
AnonPages:        423252 kB
Mapped:           153044 kB
Shmem:               300 kB
Slab:              45632 kB
SReclaimable:      16876 kB
SUnreclaim:        28756 kB
KernelStack:        8944 kB
PageTables:        13920 kB
NFS_Unstable:          0 kB
Bounce:                0 kB
WritebackTmp:          0 kB
CommitLimit:     1496840 kB
Committed_AS:   19488688 kB
VmallocTotal:     458752 kB
VmallocUsed:       79020 kB
VmallocChunk:     225308 kB
Time pass: 158 sec

---2015-10-23 20:34:50
MemTotal:        1420824 kB
MemFree:          186544 kB
Buffers:           33768 kB
Cached:           541332 kB
SwapCached:          216 kB
Active:           442404 kB
Inactive:         550156 kB
Active(anon):     160688 kB
Inactive(anon):   257960 kB
Active(file):     281716 kB
Inactive(file):   292196 kB
Unevictable:         888 kB
Mlocked:               0 kB
HighTotal:       1001472 kB
HighFree:          86768 kB
LowTotal:         419352 kB
LowFree:           99776 kB
SwapTotal:        786428 kB
SwapFree:         784556 kB
Dirty:                 0 kB
Writeback:             0 kB
AnonPages:        418156 kB
Mapped:           152720 kB
Shmem:               300 kB
Slab:              45520 kB
SReclaimable:      16876 kB
SUnreclaim:        28644 kB
KernelStack:        8936 kB
PageTables:        13756 kB
NFS_Unstable:          0 kB
Bounce:                0 kB
WritebackTmp:          0 kB
CommitLimit:     1496840 kB
Committed_AS:   18949604 kB
VmallocTotal:     458752 kB
VmallocUsed:       78000 kB
VmallocChunk:     225308 kB
Time pass: 162 sec

---2015-10-23 20:34:50
MemTotal:        1420824 kB
MemFree:          186268 kB
Buffers:           33776 kB
Cached:           541332 kB
SwapCached:          216 kB
Active:           442268 kB
Inactive:         550156 kB
Active(anon):     160552 kB
Inactive(anon):   257960 kB
Active(file):     281716 kB
Inactive(file):   292196 kB
Unevictable:         888 kB
Mlocked:               0 kB
HighTotal:       1001472 kB
HighFree:          86612 kB
LowTotal:         419352 kB
LowFree:           99656 kB
SwapTotal:        786428 kB
SwapFree:         784556 kB
Dirty:                12 kB
Writeback:             0 kB
AnonPages:        418052 kB
Mapped:           152772 kB
Shmem:               300 kB
Slab:              45520 kB
SReclaimable:      16876 kB
SUnreclaim:        28644 kB
KernelStack:        8888 kB
PageTables:        13668 kB
NFS_Unstable:          0 kB
Bounce:                0 kB
WritebackTmp:          0 kB
CommitLimit:     1496840 kB
Committed_AS:   18949200 kB
VmallocTotal:     458752 kB
VmallocUsed:       78000 kB
VmallocChunk:     225308 kB
Time pass: 165 sec

---2015-10-23 20:34:50
MemTotal:        1420824 kB
MemFree:          187384 kB
Buffers:           33776 kB
Cached:           541332 kB
SwapCached:          216 kB
Active:           442320 kB
Inactive:         550164 kB
Active(anon):     160604 kB
Inactive(anon):   257960 kB
Active(file):     281716 kB
Inactive(file):   292204 kB
Unevictable:         888 kB
Mlocked:               0 kB
HighTotal:       1001472 kB
HighFree:          87272 kB
LowTotal:         419352 kB
LowFree:          100112 kB
SwapTotal:        786428 kB
SwapFree:         784556 kB
Dirty:                12 kB
Writeback:             0 kB
AnonPages:        418048 kB
Mapped:           152764 kB
Shmem:               300 kB
Slab:              45512 kB
SReclaimable:      16876 kB
SUnreclaim:        28636 kB
KernelStack:        8872 kB
PageTables:        13712 kB
NFS_Unstable:          0 kB
Bounce:                0 kB
WritebackTmp:          0 kB
CommitLimit:     1496840 kB
Committed_AS:   18949208 kB
VmallocTotal:     458752 kB
VmallocUsed:       77968 kB
VmallocChunk:     225308 kB
Time pass: 169 sec

---2015-10-23 20:34:50
MemTotal:        1420824 kB
MemFree:          187384 kB
Buffers:           33776 kB
Cached:           541332 kB
SwapCached:          216 kB
Active:           442296 kB
Inactive:         550164 kB
Active(anon):     160580 kB
Inactive(anon):   257960 kB
Active(file):     281716 kB
Inactive(file):   292204 kB
Unevictable:         888 kB
Mlocked:               0 kB
HighTotal:       1001472 kB
HighFree:          87272 kB
LowTotal:         419352 kB
LowFree:          100112 kB
SwapTotal:        786428 kB
SwapFree:         784556 kB
Dirty:                 0 kB
Writeback:             0 kB
AnonPages:        418048 kB
Mapped:           152772 kB
Shmem:               300 kB
Slab:              45508 kB
SReclaimable:      16876 kB
SUnreclaim:        28632 kB
KernelStack:        8872 kB
PageTables:        13712 kB
NFS_Unstable:          0 kB
Bounce:                0 kB
WritebackTmp:          0 kB
CommitLimit:     1496840 kB
Committed_AS:   18949208 kB
VmallocTotal:     458752 kB
VmallocUsed:       77968 kB
VmallocChunk:     225308 kB
Time pass: 172 sec

---2015-10-23 20:34:50
MemTotal:        1420824 kB
MemFree:          187384 kB
Buffers:           33776 kB
Cached:           541332 kB
SwapCached:          216 kB
Active:           442320 kB
Inactive:         550164 kB
Active(anon):     160604 kB
Inactive(anon):   257960 kB
Active(file):     281716 kB
Inactive(file):   292204 kB
Unevictable:         888 kB
Mlocked:               0 kB
HighTotal:       1001472 kB
HighFree:          87272 kB
LowTotal:         419352 kB
LowFree:          100112 kB
SwapTotal:        786428 kB
SwapFree:         784556 kB
Dirty:                 0 kB
Writeback:             0 kB
AnonPages:        418036 kB
Mapped:           152776 kB
Shmem:               300 kB
Slab:              45508 kB
SReclaimable:      16876 kB
SUnreclaim:        28632 kB
KernelStack:        8872 kB
PageTables:        13712 kB
NFS_Unstable:          0 kB
Bounce:                0 kB
WritebackTmp:          0 kB
CommitLimit:     1496840 kB
Committed_AS:   18949208 kB
VmallocTotal:     458752 kB
VmallocUsed:       77968 kB
VmallocChunk:     225308 kB
Time pass: 176 sec

---2015-10-23 20:34:50
MemTotal:        1420824 kB
MemFree:          187384 kB
Buffers:           33776 kB
Cached:           541332 kB
SwapCached:          216 kB
Active:           442312 kB
Inactive:         550164 kB
Active(anon):     160596 kB
Inactive(anon):   257960 kB
Active(file):     281716 kB
Inactive(file):   292204 kB
Unevictable:         888 kB
Mlocked:               0 kB
HighTotal:       1001472 kB
HighFree:          87272 kB
LowTotal:         419352 kB
LowFree:          100112 kB
SwapTotal:        786428 kB
SwapFree:         784556 kB
Dirty:                 0 kB
Writeback:             0 kB
AnonPages:        418040 kB
Mapped:           152780 kB
Shmem:               300 kB
Slab:              45508 kB
SReclaimable:      16876 kB
SUnreclaim:        28632 kB
KernelStack:        8872 kB
PageTables:        13712 kB
NFS_Unstable:          0 kB
Bounce:                0 kB
WritebackTmp:          0 kB
CommitLimit:     1496840 kB
Committed_AS:   18949208 kB
VmallocTotal:     458752 kB
VmallocUsed:       77968 kB
VmallocChunk:     225308 kB
Time pass: 179 sec

---2015-10-23 20:34:50
MemTotal:        1420824 kB
MemFree:          187416 kB
Buffers:           33776 kB
Cached:           541332 kB
SwapCached:          216 kB
Active:           442316 kB
Inactive:         550164 kB
Active(anon):     160600 kB
Inactive(anon):   257960 kB
Active(file):     281716 kB
Inactive(file):   292204 kB
Unevictable:         888 kB
Mlocked:               0 kB
HighTotal:       1001472 kB
HighFree:          87272 kB
LowTotal:         419352 kB
LowFree:          100144 kB
SwapTotal:        786428 kB
SwapFree:         784556 kB
Dirty:                 0 kB
Writeback:             0 kB
AnonPages:        418040 kB
Mapped:           152780 kB
Shmem:               300 kB
Slab:              45476 kB
SReclaimable:      16876 kB
SUnreclaim:        28600 kB
KernelStack:        8872 kB
PageTables:        13712 kB
NFS_Unstable:          0 kB
Bounce:                0 kB
WritebackTmp:          0 kB
CommitLimit:     1496840 kB
Committed_AS:   18949208 kB
VmallocTotal:     458752 kB
VmallocUsed:       77968 kB
VmallocChunk:     225308 kB
Time pass: 183 sec

---2015-10-23 20:34:50
MemTotal:        1420824 kB
MemFree:          186808 kB
Buffers:           33776 kB
Cached:           541332 kB
SwapCached:          216 kB
Active:           443032 kB
Inactive:         550164 kB
Active(anon):     161316 kB
Inactive(anon):   257960 kB
Active(file):     281716 kB
Inactive(file):   292204 kB
Unevictable:         888 kB
Mlocked:               0 kB
HighTotal:       1001472 kB
HighFree:          86788 kB
LowTotal:         419352 kB
LowFree:          100020 kB
SwapTotal:        786428 kB
SwapFree:         784556 kB
Dirty:                 0 kB
Writeback:             0 kB
AnonPages:        418912 kB
Mapped:           152776 kB
Shmem:               300 kB
Slab:              45444 kB
SReclaimable:      16876 kB
SUnreclaim:        28568 kB
KernelStack:        8872 kB
PageTables:        13788 kB
NFS_Unstable:          0 kB
Bounce:                0 kB
WritebackTmp:          0 kB
CommitLimit:     1496840 kB
Committed_AS:   18950404 kB
VmallocTotal:     458752 kB
VmallocUsed:       78000 kB
VmallocChunk:     225308 kB
Time pass: 186 sec

---2015-10-23 20:34:50
MemTotal:        1420824 kB
MemFree:          151056 kB
Buffers:           33816 kB
Cached:           541472 kB
SwapCached:          216 kB
Active:           462640 kB
Inactive:         550312 kB
Active(anon):     180892 kB
Inactive(anon):   258092 kB
Active(file):     281748 kB
Inactive(file):   292220 kB
Unevictable:         888 kB
Mlocked:               0 kB
HighTotal:       1001472 kB
HighFree:          52508 kB
LowTotal:         419352 kB
LowFree:           98548 kB
SwapTotal:        786428 kB
SwapFree:         784556 kB
Dirty:               960 kB
Writeback:             0 kB
AnonPages:        438372 kB
Mapped:           175916 kB
Shmem:               432 kB
Slab:              45532 kB
SReclaimable:      16876 kB
SUnreclaim:        28656 kB
KernelStack:        9288 kB
PageTables:        14252 kB
NFS_Unstable:          0 kB
Bounce:                0 kB
WritebackTmp:          0 kB
CommitLimit:     1496840 kB
Committed_AS:   19442320 kB
VmallocTotal:     458752 kB
VmallocUsed:       79264 kB
VmallocChunk:     225308 kB
Time pass: 190 sec

---2015-10-23 20:34:50
MemTotal:        1420824 kB
MemFree:          148148 kB
Buffers:           33816 kB
Cached:           541476 kB
SwapCached:          216 kB
Active:           464124 kB
Inactive:         550312 kB
Active(anon):     182372 kB
Inactive(anon):   258092 kB
Active(file):     281752 kB
Inactive(file):   292220 kB
Unevictable:         888 kB
Mlocked:               0 kB
HighTotal:       1001472 kB
HighFree:          48640 kB
LowTotal:         419352 kB
LowFree:           99508 kB
SwapTotal:        786428 kB
SwapFree:         784556 kB
Dirty:                40 kB
Writeback:             0 kB
AnonPages:        439804 kB
Mapped:           176504 kB
Shmem:               432 kB
Slab:              45476 kB
SReclaimable:      16876 kB
SUnreclaim:        28600 kB
KernelStack:        9296 kB
PageTables:        14276 kB
NFS_Unstable:          0 kB
Bounce:                0 kB
WritebackTmp:          0 kB
CommitLimit:     1496840 kB
Committed_AS:   19443712 kB
VmallocTotal:     458752 kB
VmallocUsed:       79200 kB
VmallocChunk:     225308 kB
Time pass: 193 sec

---2015-10-23 20:34:50
MemTotal:        1420824 kB
MemFree:          141540 kB
Buffers:           33820 kB
Cached:           541528 kB
SwapCached:          216 kB
Active:           472680 kB
Inactive:         550344 kB
Active(anon):     190904 kB
Inactive(anon):   258096 kB
Active(file):     281776 kB
Inactive(file):   292248 kB
Unevictable:         888 kB
Mlocked:               0 kB
HighTotal:       1001472 kB
HighFree:          42516 kB
LowTotal:         419352 kB
LowFree:           99024 kB
SwapTotal:        786428 kB
SwapFree:         784556 kB
Dirty:               240 kB
Writeback:             0 kB
AnonPages:        448480 kB
Mapped:           178060 kB
Shmem:               436 kB
Slab:              45468 kB
SReclaimable:      16876 kB
SUnreclaim:        28592 kB
KernelStack:        9336 kB
PageTables:        14292 kB
NFS_Unstable:          0 kB
Bounce:                0 kB
WritebackTmp:          0 kB
CommitLimit:     1496840 kB
Committed_AS:   19453956 kB
VmallocTotal:     458752 kB
VmallocUsed:       79244 kB
VmallocChunk:     225308 kB
Time pass: 197 sec

---2015-10-23 20:34:50
MemTotal:        1420824 kB
MemFree:          117532 kB
Buffers:           33828 kB
Cached:           541648 kB
SwapCached:          216 kB
Active:           475268 kB
Inactive:         550436 kB
Active(anon):     193456 kB
Inactive(anon):   258096 kB
Active(file):     281812 kB
Inactive(file):   292340 kB
Unevictable:         888 kB
Mlocked:               0 kB
HighTotal:       1001472 kB
HighFree:          23124 kB
LowTotal:         419352 kB
LowFree:           94408 kB
SwapTotal:        786428 kB
SwapFree:         784556 kB
Dirty:              1724 kB
Writeback:             0 kB
AnonPages:        450760 kB
Mapped:           183876 kB
Shmem:               436 kB
Slab:              45440 kB
SReclaimable:      16876 kB
SUnreclaim:        28564 kB
KernelStack:        9336 kB
PageTables:        14332 kB
NFS_Unstable:          0 kB
Bounce:                0 kB
WritebackTmp:          0 kB
CommitLimit:     1496840 kB
Committed_AS:   19456652 kB
VmallocTotal:     458752 kB
VmallocUsed:       79304 kB
VmallocChunk:     225308 kB
Time pass: 200 sec

---2015-10-23 20:34:50
MemTotal:        1420824 kB
MemFree:          105308 kB
Buffers:           33828 kB
Cached:           541804 kB
SwapCached:          216 kB
Active:           477812 kB
Inactive:         550584 kB
Active(anon):     196040 kB
Inactive(anon):   258096 kB
Active(file):     281772 kB
Inactive(file):   292488 kB
Unevictable:         888 kB
Mlocked:               0 kB
HighTotal:       1001472 kB
HighFree:          19284 kB
LowTotal:         419352 kB
LowFree:           86024 kB
SwapTotal:        786428 kB
SwapFree:         784556 kB
Dirty:              1140 kB
Writeback:             0 kB
AnonPages:        453564 kB
Mapped:           185252 kB
Shmem:               436 kB
Slab:              45536 kB
SReclaimable:      16876 kB
SUnreclaim:        28660 kB
KernelStack:        9344 kB
PageTables:        14364 kB
NFS_Unstable:          0 kB
Bounce:                0 kB
WritebackTmp:          0 kB
CommitLimit:     1496840 kB
Committed_AS:   19459024 kB
VmallocTotal:     458752 kB
VmallocUsed:       79304 kB
VmallocChunk:     225308 kB
Time pass: 204 sec

---2015-10-23 20:34:50
MemTotal:        1420824 kB
MemFree:          103340 kB
Buffers:           33836 kB
Cached:           541764 kB
SwapCached:          216 kB
Active:           477936 kB
Inactive:         550528 kB
Active(anon):     196100 kB
Inactive(anon):   258096 kB
Active(file):     281836 kB
Inactive(file):   292432 kB
Unevictable:         888 kB
Mlocked:               0 kB
HighTotal:       1001472 kB
HighFree:          19496 kB
LowTotal:         419352 kB
LowFree:           83844 kB
SwapTotal:        786428 kB
SwapFree:         784556 kB
Dirty:                 0 kB
Writeback:             0 kB
AnonPages:        453532 kB
Mapped:           186408 kB
Shmem:               436 kB
Slab:              45504 kB
SReclaimable:      16876 kB
SUnreclaim:        28628 kB
KernelStack:        9336 kB
PageTables:        14388 kB
NFS_Unstable:          0 kB
Bounce:                0 kB
WritebackTmp:          0 kB
CommitLimit:     1496840 kB
Committed_AS:   19459016 kB
VmallocTotal:     458752 kB
VmallocUsed:       79220 kB
VmallocChunk:     225308 kB
Time pass: 207 sec

---2015-10-23 20:34:50
MemTotal:        1420824 kB
MemFree:           92056 kB
Buffers:           33836 kB
Cached:           541772 kB
SwapCached:          216 kB
Active:           481804 kB
Inactive:         550536 kB
Active(anon):     199960 kB
Inactive(anon):   258096 kB
Active(file):     281844 kB
Inactive(file):   292440 kB
Unevictable:         888 kB
Mlocked:               0 kB
HighTotal:       1001472 kB
HighFree:          14032 kB
LowTotal:         419352 kB
LowFree:           78024 kB
SwapTotal:        786428 kB
SwapFree:         784556 kB
Dirty:               508 kB
Writeback:             0 kB
AnonPages:        457464 kB
Mapped:           187588 kB
Shmem:               436 kB
Slab:              45504 kB
SReclaimable:      16876 kB
SUnreclaim:        28628 kB
KernelStack:        9344 kB
PageTables:        14408 kB
NFS_Unstable:          0 kB
Bounce:                0 kB
WritebackTmp:          0 kB
CommitLimit:     1496840 kB
Committed_AS:   19462728 kB
VmallocTotal:     458752 kB
VmallocUsed:       79264 kB
VmallocChunk:     225308 kB
Time pass: 210 sec

---2015-10-23 20:34:50
MemTotal:        1420824 kB
MemFree:           91784 kB
Buffers:           33844 kB
Cached:           541772 kB
SwapCached:          216 kB
Active:           482880 kB
Inactive:         550544 kB
Active(anon):     201036 kB
Inactive(anon):   258096 kB
Active(file):     281844 kB
Inactive(file):   292448 kB
Unevictable:         888 kB
Mlocked:               0 kB
HighTotal:       1001472 kB
HighFree:          14184 kB
LowTotal:         419352 kB
LowFree:           77600 kB
SwapTotal:        786428 kB
SwapFree:         784556 kB
Dirty:               552 kB
Writeback:             0 kB
AnonPages:        458544 kB
Mapped:           188720 kB
Shmem:               436 kB
Slab:              45504 kB
SReclaimable:      16876 kB
SUnreclaim:        28628 kB
KernelStack:        9344 kB
PageTables:        14408 kB
NFS_Unstable:          0 kB
Bounce:                0 kB
WritebackTmp:          0 kB
CommitLimit:     1496840 kB
Committed_AS:   19470712 kB
VmallocTotal:     458752 kB
VmallocUsed:       79328 kB
VmallocChunk:     225308 kB
Time pass: 214 sec

---2015-10-23 20:34:50
MemTotal:        1420824 kB
MemFree:           74096 kB
Buffers:           33852 kB
Cached:           541964 kB
SwapCached:          216 kB
Active:           490252 kB
Inactive:         550724 kB
Active(anon):     208392 kB
Inactive(anon):   258264 kB
Active(file):     281860 kB
Inactive(file):   292460 kB
Unevictable:         888 kB
Mlocked:               0 kB
HighTotal:       1001472 kB
HighFree:           6204 kB
LowTotal:         419352 kB
LowFree:           67892 kB
SwapTotal:        786428 kB
SwapFree:         784556 kB
Dirty:               104 kB
Writeback:             0 kB
AnonPages:        465900 kB
Mapped:           189448 kB
Shmem:               608 kB
Slab:              45564 kB
SReclaimable:      16876 kB
SUnreclaim:        28688 kB
KernelStack:        9544 kB
PageTables:        14572 kB
NFS_Unstable:          0 kB
Bounce:                0 kB
WritebackTmp:          0 kB
CommitLimit:     1496840 kB
Committed_AS:   19489108 kB
VmallocTotal:     458752 kB
VmallocUsed:       81732 kB
VmallocChunk:     225308 kB
Time pass: 219 sec

---2015-10-23 20:34:50
MemTotal:        1420824 kB
MemFree:           74612 kB
Buffers:           33860 kB
Cached:           541992 kB
SwapCached:          216 kB
Active:           492384 kB
Inactive:         550752 kB
Active(anon):     210516 kB
Inactive(anon):   258292 kB
Active(file):     281868 kB
Inactive(file):   292460 kB
Unevictable:         888 kB
Mlocked:               0 kB
HighTotal:       1001472 kB
HighFree:           6808 kB
LowTotal:         419352 kB
LowFree:           67804 kB
SwapTotal:        786428 kB
SwapFree:         784556 kB
Dirty:                76 kB
Writeback:             0 kB
AnonPages:        467900 kB
Mapped:           188000 kB
Shmem:               636 kB
Slab:              45532 kB
SReclaimable:      16876 kB
SUnreclaim:        28656 kB
KernelStack:        9552 kB
PageTables:        14584 kB
NFS_Unstable:          0 kB
Bounce:                0 kB
WritebackTmp:          0 kB
CommitLimit:     1496840 kB
Committed_AS:   19491136 kB
VmallocTotal:     458752 kB
VmallocUsed:       81700 kB
VmallocChunk:     225308 kB
Time pass: 224 sec

---2015-10-23 20:34:50
MemTotal:        1420824 kB
MemFree:           70400 kB
Buffers:           33864 kB
Cached:           542024 kB
SwapCached:          216 kB
Active:           493092 kB
Inactive:         550780 kB
Active(anon):     211216 kB
Inactive(anon):   258324 kB
Active(file):     281876 kB
Inactive(file):   292456 kB
Unevictable:         888 kB
Mlocked:               0 kB
HighTotal:       1001472 kB
HighFree:           5936 kB
LowTotal:         419352 kB
LowFree:           64464 kB
SwapTotal:        786428 kB
SwapFree:         784556 kB
Dirty:                40 kB
Writeback:             0 kB
AnonPages:        468692 kB
Mapped:           188428 kB
Shmem:               668 kB
Slab:              45500 kB
SReclaimable:      16876 kB
SUnreclaim:        28624 kB
KernelStack:        9536 kB
PageTables:        14596 kB
NFS_Unstable:          0 kB
Bounce:                0 kB
WritebackTmp:          0 kB
CommitLimit:     1496840 kB
Committed_AS:   19491788 kB
VmallocTotal:     458752 kB
VmallocUsed:       81732 kB
VmallocChunk:     225308 kB
Time pass: 227 sec

---2015-10-23 20:34:50
MemTotal:        1420824 kB
MemFree:           68932 kB
Buffers:           33868 kB
Cached:           542028 kB
SwapCached:          216 kB
Active:           493736 kB
Inactive:         550776 kB
Active(anon):     211848 kB
Inactive(anon):   258328 kB
Active(file):     281888 kB
Inactive(file):   292448 kB
Unevictable:         888 kB
Mlocked:               0 kB
HighTotal:       1001472 kB
HighFree:           5140 kB
LowTotal:         419352 kB
LowFree:           63792 kB
SwapTotal:        786428 kB
SwapFree:         784556 kB
Dirty:                 0 kB
Writeback:             0 kB
AnonPages:        469332 kB
Mapped:           188476 kB
Shmem:               672 kB
Slab:              45564 kB
SReclaimable:      16876 kB
SUnreclaim:        28688 kB
KernelStack:        9552 kB
PageTables:        14628 kB
NFS_Unstable:          0 kB
Bounce:                0 kB
WritebackTmp:          0 kB
CommitLimit:     1496840 kB
Committed_AS:   19492148 kB
VmallocTotal:     458752 kB
VmallocUsed:       81732 kB
VmallocChunk:     225308 kB
Time pass: 231 sec

---2015-10-23 20:34:50
MemTotal:        1420824 kB
MemFree:           67704 kB
Buffers:           33868 kB
Cached:           542028 kB
SwapCached:          216 kB
Active:           494620 kB
Inactive:         550776 kB
Active(anon):     212732 kB
Inactive(anon):   258328 kB
Active(file):     281888 kB
Inactive(file):   292448 kB
Unevictable:         888 kB
Mlocked:               0 kB
HighTotal:       1001472 kB
HighFree:           5084 kB
LowTotal:         419352 kB
LowFree:           62620 kB
SwapTotal:        786428 kB
SwapFree:         784556 kB
Dirty:                 0 kB
Writeback:             0 kB
AnonPages:        470052 kB
Mapped:           188480 kB
Shmem:               672 kB
Slab:              45544 kB
SReclaimable:      16876 kB
SUnreclaim:        28668 kB
KernelStack:        9552 kB
PageTables:        14628 kB
NFS_Unstable:          0 kB
Bounce:                0 kB
WritebackTmp:          0 kB
CommitLimit:     1496840 kB
Committed_AS:   19492940 kB
VmallocTotal:     458752 kB
VmallocUsed:       81732 kB
VmallocChunk:     225308 kB
Time pass: 234 sec

---2015-10-23 20:34:50
MemTotal:        1420824 kB
MemFree:           68040 kB
Buffers:           33876 kB
Cached:           542144 kB
SwapCached:          216 kB
Active:           494840 kB
Inactive:         550900 kB
Active(anon):     212952 kB
Inactive(anon):   258444 kB
Active(file):     281888 kB
Inactive(file):   292456 kB
Unevictable:         888 kB
Mlocked:               0 kB
HighTotal:       1001472 kB
HighFree:           5100 kB
LowTotal:         419352 kB
LowFree:           62940 kB
SwapTotal:        786428 kB
SwapFree:         784556 kB
Dirty:                28 kB
Writeback:             0 kB
AnonPages:        470456 kB
Mapped:           188596 kB
Shmem:               788 kB
Slab:              45568 kB
SReclaimable:      16876 kB
SUnreclaim:        28692 kB
KernelStack:        9560 kB
PageTables:        14628 kB
NFS_Unstable:          0 kB
Bounce:                0 kB
WritebackTmp:          0 kB
CommitLimit:     1496840 kB
Committed_AS:   19493204 kB
VmallocTotal:     458752 kB
VmallocUsed:       81732 kB
VmallocChunk:     225308 kB
Time pass: 238 sec

---2015-10-23 20:34:50
MemTotal:        1420824 kB
MemFree:           67752 kB
Buffers:           33876 kB
Cached:           542144 kB
SwapCached:          216 kB
Active:           495212 kB
Inactive:         550900 kB
Active(anon):     213324 kB
Inactive(anon):   258444 kB
Active(file):     281888 kB
Inactive(file):   292456 kB
Unevictable:         888 kB
Mlocked:               0 kB
HighTotal:       1001472 kB
HighFree:           5136 kB
LowTotal:         419352 kB
LowFree:           62616 kB
SwapTotal:        786428 kB
SwapFree:         784556 kB
Dirty:                 0 kB
Writeback:             0 kB
AnonPages:        470848 kB
Mapped:           188596 kB
Shmem:               788 kB
Slab:              45532 kB
SReclaimable:      16876 kB
SUnreclaim:        28656 kB
KernelStack:        9560 kB
PageTables:        14632 kB
NFS_Unstable:          0 kB
Bounce:                0 kB
WritebackTmp:          0 kB
CommitLimit:     1496840 kB
Committed_AS:   19493616 kB
VmallocTotal:     458752 kB
VmallocUsed:       81732 kB
VmallocChunk:     225308 kB
Time pass: 242 sec

---2015-10-23 20:34:50
MemTotal:        1420824 kB
MemFree:           67312 kB
Buffers:           33876 kB
Cached:           542144 kB
SwapCached:          216 kB
Active:           495644 kB
Inactive:         550900 kB
Active(anon):     213756 kB
Inactive(anon):   258444 kB
Active(file):     281888 kB
Inactive(file):   292456 kB
Unevictable:         888 kB
Mlocked:               0 kB
HighTotal:       1001472 kB
HighFree:           5132 kB
LowTotal:         419352 kB
LowFree:           62180 kB
SwapTotal:        786428 kB
SwapFree:         784556 kB
Dirty:                 0 kB
Writeback:             0 kB
AnonPages:        471212 kB
Mapped:           188596 kB
Shmem:               788 kB
Slab:              45664 kB
SReclaimable:      16876 kB
SUnreclaim:        28788 kB
KernelStack:        9560 kB
PageTables:        14632 kB
NFS_Unstable:          0 kB
Bounce:                0 kB
WritebackTmp:          0 kB
CommitLimit:     1496840 kB
Committed_AS:   19494100 kB
VmallocTotal:     458752 kB
VmallocUsed:       81732 kB
VmallocChunk:     225308 kB
Time pass: 246 sec

---2015-10-23 20:34:50
MemTotal:        1420824 kB
MemFree:           67036 kB
Buffers:           33892 kB
Cached:           542144 kB
SwapCached:          216 kB
Active:           496064 kB
Inactive:         550916 kB
Active(anon):     214176 kB
Inactive(anon):   258444 kB
Active(file):     281888 kB
Inactive(file):   292472 kB
Unevictable:         888 kB
Mlocked:               0 kB
HighTotal:       1001472 kB
HighFree:           5068 kB
LowTotal:         419352 kB
LowFree:           61968 kB
SwapTotal:        786428 kB
SwapFree:         784556 kB
Dirty:                40 kB
Writeback:             0 kB
AnonPages:        471692 kB
Mapped:           188556 kB
Shmem:               788 kB
Slab:              45580 kB
SReclaimable:      16876 kB
SUnreclaim:        28704 kB
KernelStack:        9544 kB
PageTables:        14616 kB
NFS_Unstable:          0 kB
Bounce:                0 kB
WritebackTmp:          0 kB
CommitLimit:     1496840 kB
Committed_AS:   19494456 kB
VmallocTotal:     458752 kB
VmallocUsed:       81732 kB
VmallocChunk:     225308 kB
Time pass: 250 sec

---2015-10-23 20:34:50
MemTotal:        1420824 kB
MemFree:           66388 kB
Buffers:           33896 kB
Cached:           542144 kB
SwapCached:          216 kB
Active:           496664 kB
Inactive:         550916 kB
Active(anon):     214772 kB
Inactive(anon):   258444 kB
Active(file):     281892 kB
Inactive(file):   292472 kB
Unevictable:         888 kB
Mlocked:               0 kB
HighTotal:       1001472 kB
HighFree:           5224 kB
LowTotal:         419352 kB
LowFree:           61164 kB
SwapTotal:        786428 kB
SwapFree:         784556 kB
Dirty:                28 kB
Writeback:             0 kB
AnonPages:        472236 kB
Mapped:           188596 kB
Shmem:               788 kB
Slab:              45600 kB
SReclaimable:      16876 kB
SUnreclaim:        28724 kB
KernelStack:        9544 kB
PageTables:        14628 kB
NFS_Unstable:          0 kB
Bounce:                0 kB
WritebackTmp:          0 kB
CommitLimit:     1496840 kB
Committed_AS:   19494908 kB
VmallocTotal:     458752 kB
VmallocUsed:       81732 kB
VmallocChunk:     225308 kB
Time pass: 254 sec

---2015-10-23 20:34:50
MemTotal:        1420824 kB
MemFree:           66124 kB
Buffers:           33896 kB
Cached:           542148 kB
SwapCached:          216 kB
Active:           496944 kB
Inactive:         550920 kB
Active(anon):     215052 kB
Inactive(anon):   258448 kB
Active(file):     281892 kB
Inactive(file):   292472 kB
Unevictable:         888 kB
Mlocked:               0 kB
HighTotal:       1001472 kB
HighFree:           5052 kB
LowTotal:         419352 kB
LowFree:           61072 kB
SwapTotal:        786428 kB
SwapFree:         784556 kB
Dirty:                 0 kB
Writeback:             0 kB
AnonPages:        472700 kB
Mapped:           188560 kB
Shmem:               792 kB
Slab:              45500 kB
SReclaimable:      16876 kB
SUnreclaim:        28624 kB
KernelStack:        9536 kB
PageTables:        14616 kB
NFS_Unstable:          0 kB
Bounce:                0 kB
WritebackTmp:          0 kB
CommitLimit:     1496840 kB
Committed_AS:   19495376 kB
VmallocTotal:     458752 kB
VmallocUsed:       81732 kB
VmallocChunk:     225308 kB
Time pass: 258 sec

---2015-10-23 20:34:50
MemTotal:        1420824 kB
MemFree:           65152 kB
Buffers:           33896 kB
Cached:           542148 kB
SwapCached:          216 kB
Active:           497552 kB
Inactive:         550920 kB
Active(anon):     215660 kB
Inactive(anon):   258448 kB
Active(file):     281892 kB
Inactive(file):   292472 kB
Unevictable:         888 kB
Mlocked:               0 kB
HighTotal:       1001472 kB
HighFree:           5052 kB
LowTotal:         419352 kB
LowFree:           60100 kB
SwapTotal:        786428 kB
SwapFree:         784556 kB
Dirty:                 0 kB
Writeback:             0 kB
AnonPages:        473120 kB
Mapped:           188600 kB
Shmem:               792 kB
Slab:              45596 kB
SReclaimable:      16876 kB
SUnreclaim:        28720 kB
KernelStack:        9544 kB
PageTables:        14636 kB
NFS_Unstable:          0 kB
Bounce:                0 kB
WritebackTmp:          0 kB
CommitLimit:     1496840 kB
Committed_AS:   19495856 kB
VmallocTotal:     458752 kB
VmallocUsed:       81732 kB
VmallocChunk:     225308 kB
Time pass: 262 sec

---2015-10-23 20:34:50
MemTotal:        1420824 kB
MemFree:           64620 kB
Buffers:           33904 kB
Cached:           542140 kB
SwapCached:          216 kB
Active:           498268 kB
Inactive:         550920 kB
Active(anon):     216376 kB
Inactive(anon):   258448 kB
Active(file):     281892 kB
Inactive(file):   292472 kB
Unevictable:         888 kB
Mlocked:               0 kB
HighTotal:       1001472 kB
HighFree:           5052 kB
LowTotal:         419352 kB
LowFree:           59568 kB
SwapTotal:        786428 kB
SwapFree:         784556 kB
Dirty:                 0 kB
Writeback:             0 kB
AnonPages:        473936 kB
Mapped:           188600 kB
Shmem:               792 kB
Slab:              45672 kB
SReclaimable:      16876 kB
SUnreclaim:        28796 kB
KernelStack:        9560 kB
PageTables:        14636 kB
NFS_Unstable:          0 kB
Bounce:                0 kB
WritebackTmp:          0 kB
CommitLimit:     1496840 kB
Committed_AS:   19496380 kB
VmallocTotal:     458752 kB
VmallocUsed:       81732 kB
VmallocChunk:     225308 kB
Time pass: 266 sec

---2015-10-23 20:34:50
MemTotal:        1420824 kB
MemFree:           63492 kB
Buffers:           33904 kB
Cached:           542148 kB
SwapCached:          216 kB
Active:           498792 kB
Inactive:         550920 kB
Active(anon):     216892 kB
Inactive(anon):   258448 kB
Active(file):     281900 kB
Inactive(file):   292472 kB
Unevictable:         888 kB
Mlocked:               0 kB
HighTotal:       1001472 kB
HighFree:           5132 kB
LowTotal:         419352 kB
LowFree:           58360 kB
SwapTotal:        786428 kB
SwapFree:         784556 kB
Dirty:                36 kB
Writeback:             0 kB
AnonPages:        474316 kB
Mapped:           188648 kB
Shmem:               792 kB
Slab:              45684 kB
SReclaimable:      16876 kB
SUnreclaim:        28808 kB
KernelStack:        9544 kB
PageTables:        14636 kB
NFS_Unstable:          0 kB
Bounce:                0 kB
WritebackTmp:          0 kB
CommitLimit:     1496840 kB
Committed_AS:   19496804 kB
VmallocTotal:     458752 kB
VmallocUsed:       81764 kB
VmallocChunk:     225308 kB
Time pass: 270 sec

---2015-10-23 20:34:50
MemTotal:        1420824 kB
MemFree:           63532 kB
Buffers:           33912 kB
Cached:           542148 kB
SwapCached:          216 kB
Active:           499376 kB
Inactive:         550928 kB
Active(anon):     217476 kB
Inactive(anon):   258448 kB
Active(file):     281900 kB
Inactive(file):   292480 kB
Unevictable:         888 kB
Mlocked:               0 kB
HighTotal:       1001472 kB
HighFree:           5112 kB
LowTotal:         419352 kB
LowFree:           58420 kB
SwapTotal:        786428 kB
SwapFree:         784556 kB
Dirty:                56 kB
Writeback:             0 kB
AnonPages:        474896 kB
Mapped:           188560 kB
Shmem:               792 kB
Slab:              45600 kB
SReclaimable:      16876 kB
SUnreclaim:        28724 kB
KernelStack:        9528 kB
PageTables:        14620 kB
NFS_Unstable:          0 kB
Bounce:                0 kB
WritebackTmp:          0 kB
CommitLimit:     1496840 kB
Committed_AS:   19497340 kB
VmallocTotal:     458752 kB
VmallocUsed:       81732 kB
VmallocChunk:     225308 kB
Time pass: 274 sec

---2015-10-23 20:34:50
MemTotal:        1420824 kB
MemFree:           63568 kB
Buffers:           33912 kB
Cached:           542148 kB
SwapCached:          216 kB
Active:           499376 kB
Inactive:         550928 kB
Active(anon):     217476 kB
Inactive(anon):   258448 kB
Active(file):     281900 kB
Inactive(file):   292480 kB
Unevictable:         888 kB
Mlocked:               0 kB
HighTotal:       1001472 kB
HighFree:           5080 kB
LowTotal:         419352 kB
LowFree:           58488 kB
SwapTotal:        786428 kB
SwapFree:         784556 kB
Dirty:                 0 kB
Writeback:             0 kB
AnonPages:        474920 kB
Mapped:           188608 kB
Shmem:               792 kB
Slab:              45712 kB
SReclaimable:      16876 kB
SUnreclaim:        28836 kB
KernelStack:        9544 kB
PageTables:        14620 kB
NFS_Unstable:          0 kB
Bounce:                0 kB
WritebackTmp:          0 kB
CommitLimit:     1496840 kB
Committed_AS:   19497524 kB
VmallocTotal:     458752 kB
VmallocUsed:       81764 kB
VmallocChunk:     225308 kB
Time pass: 278 sec

---2015-10-23 20:34:50
MemTotal:        1420824 kB
MemFree:           64544 kB
Buffers:           33920 kB
Cached:           542152 kB
SwapCached:          216 kB
Active:           498612 kB
Inactive:         550888 kB
Active(anon):     216712 kB
Inactive(anon):   258400 kB
Active(file):     281900 kB
Inactive(file):   292488 kB
Unevictable:         888 kB
Mlocked:               0 kB
HighTotal:       1001472 kB
HighFree:           5980 kB
LowTotal:         419352 kB
LowFree:           58564 kB
SwapTotal:        786428 kB
SwapFree:         784556 kB
Dirty:                 0 kB
Writeback:             0 kB
AnonPages:        474176 kB
Mapped:           188604 kB
Shmem:               796 kB
Slab:              45736 kB
SReclaimable:      16876 kB
SUnreclaim:        28860 kB
KernelStack:        9544 kB
PageTables:        14640 kB
NFS_Unstable:          0 kB
Bounce:                0 kB
WritebackTmp:          0 kB
CommitLimit:     1496840 kB
Committed_AS:   19497692 kB
VmallocTotal:     458752 kB
VmallocUsed:       81732 kB
VmallocChunk:     225308 kB
Time pass: 282 sec

---2015-10-23 20:34:50
MemTotal:        1420824 kB
MemFree:           65276 kB
Buffers:           33932 kB
Cached:           542152 kB
SwapCached:          216 kB
Active:           498252 kB
Inactive:         550892 kB
Active(anon):     216348 kB
Inactive(anon):   258396 kB
Active(file):     281904 kB
Inactive(file):   292496 kB
Unevictable:         888 kB
Mlocked:               0 kB
HighTotal:       1001472 kB
HighFree:           6552 kB
LowTotal:         419352 kB
LowFree:           58724 kB
SwapTotal:        786428 kB
SwapFree:         784556 kB
Dirty:                36 kB
Writeback:             0 kB
AnonPages:        473764 kB
Mapped:           188576 kB
Shmem:               796 kB
Slab:              45596 kB
SReclaimable:      16876 kB
SUnreclaim:        28720 kB
KernelStack:        9536 kB
PageTables:        14588 kB
NFS_Unstable:          0 kB
Bounce:                0 kB
WritebackTmp:          0 kB
CommitLimit:     1496840 kB
Committed_AS:   19497424 kB
VmallocTotal:     458752 kB
VmallocUsed:       81732 kB
VmallocChunk:     225308 kB
Time pass: 285 sec

---2015-10-23 20:34:50
MemTotal:        1420824 kB
MemFree:           65224 kB
Buffers:           33940 kB
Cached:           542152 kB
SwapCached:          216 kB
Active:           498120 kB
Inactive:         550900 kB
Active(anon):     216216 kB
Inactive(anon):   258396 kB
Active(file):     281904 kB
Inactive(file):   292504 kB
Unevictable:         888 kB
Mlocked:               0 kB
HighTotal:       1001472 kB
HighFree:           6644 kB
LowTotal:         419352 kB
LowFree:           58580 kB
SwapTotal:        786428 kB
SwapFree:         784556 kB
Dirty:                28 kB
Writeback:             0 kB
AnonPages:        473704 kB
Mapped:           188604 kB
Shmem:               796 kB
Slab:              45596 kB
SReclaimable:      16876 kB
SUnreclaim:        28720 kB
KernelStack:        9536 kB
PageTables:        14636 kB
NFS_Unstable:          0 kB
Bounce:                0 kB
WritebackTmp:          0 kB
CommitLimit:     1496840 kB
Committed_AS:   19497012 kB
VmallocTotal:     458752 kB
VmallocUsed:       81732 kB
VmallocChunk:     225308 kB
Time pass: 289 sec

---2015-10-23 20:34:50
MemTotal:        1420824 kB
MemFree:           64900 kB
Buffers:           33940 kB
Cached:           542152 kB
SwapCached:          216 kB
Active:           498568 kB
Inactive:         550900 kB
Active(anon):     216664 kB
Inactive(anon):   258396 kB
Active(file):     281904 kB
Inactive(file):   292504 kB
Unevictable:         888 kB
Mlocked:               0 kB
HighTotal:       1001472 kB
HighFree:           6324 kB
LowTotal:         419352 kB
LowFree:           58576 kB
SwapTotal:        786428 kB
SwapFree:         784556 kB
Dirty:                 0 kB
Writeback:             0 kB
AnonPages:        474048 kB
Mapped:           188600 kB
Shmem:               796 kB
Slab:              45692 kB
SReclaimable:      16876 kB
SUnreclaim:        28816 kB
KernelStack:        9536 kB
PageTables:        14640 kB
NFS_Unstable:          0 kB
Bounce:                0 kB
WritebackTmp:          0 kB
CommitLimit:     1496840 kB
Committed_AS:   19497600 kB
VmallocTotal:     458752 kB
VmallocUsed:       81732 kB
VmallocChunk:     225308 kB
Time pass: 293 sec

---2015-10-23 20:34:50
MemTotal:        1420824 kB
MemFree:           65336 kB
Buffers:           33940 kB
Cached:           542152 kB
SwapCached:          216 kB
Active:           497996 kB
Inactive:         550900 kB
Active(anon):     216092 kB
Inactive(anon):   258396 kB
Active(file):     281904 kB
Inactive(file):   292504 kB
Unevictable:         888 kB
Mlocked:               0 kB
HighTotal:       1001472 kB
HighFree:           6752 kB
LowTotal:         419352 kB
LowFree:           58584 kB
SwapTotal:        786428 kB
SwapFree:         784556 kB
Dirty:                 0 kB
Writeback:             0 kB
AnonPages:        473420 kB
Mapped:           188600 kB
Shmem:               796 kB
Slab:              45692 kB
SReclaimable:      16876 kB
SUnreclaim:        28816 kB
KernelStack:        9536 kB
PageTables:        14640 kB
NFS_Unstable:          0 kB
Bounce:                0 kB
WritebackTmp:          0 kB
CommitLimit:     1496840 kB
Committed_AS:   19497056 kB
VmallocTotal:     458752 kB
VmallocUsed:       81700 kB
VmallocChunk:     225308 kB
Time pass: 296 sec

---2015-10-23 20:34:50
MemTotal:        1420824 kB
MemFree:           65068 kB
Buffers:           33940 kB
Cached:           542184 kB
SwapCached:          216 kB
Active:           497920 kB
Inactive:         550932 kB
Active(anon):     216016 kB
Inactive(anon):   258428 kB
Active(file):     281904 kB
Inactive(file):   292504 kB
Unevictable:         888 kB
Mlocked:               0 kB
HighTotal:       1001472 kB
HighFree:           6528 kB
LowTotal:         419352 kB
LowFree:           58540 kB
SwapTotal:        786428 kB
SwapFree:         784556 kB
Dirty:                 0 kB
Writeback:             0 kB
AnonPages:        473404 kB
Mapped:           188632 kB
Shmem:               828 kB
Slab:              45632 kB
SReclaimable:      16876 kB
SUnreclaim:        28756 kB
KernelStack:        9536 kB
PageTables:        14640 kB
NFS_Unstable:          0 kB
Bounce:                0 kB
WritebackTmp:          0 kB
CommitLimit:     1496840 kB
Committed_AS:   19497016 kB
VmallocTotal:     458752 kB
VmallocUsed:       81732 kB
VmallocChunk:     225308 kB
Time pass: 300 sec

---2015-10-23 20:34:50
MemTotal:        1420824 kB
MemFree:           65288 kB
Buffers:           33952 kB
Cached:           542184 kB
SwapCached:          216 kB
Active:           497908 kB
Inactive:         550932 kB
Active(anon):     215992 kB
Inactive(anon):   258428 kB
Active(file):     281916 kB
Inactive(file):   292504 kB
Unevictable:         888 kB
Mlocked:               0 kB
HighTotal:       1001472 kB
HighFree:           6676 kB
LowTotal:         419352 kB
LowFree:           58612 kB
SwapTotal:        786428 kB
SwapFree:         784556 kB
Dirty:                48 kB
Writeback:             0 kB
AnonPages:        473480 kB
Mapped:           188632 kB
Shmem:               828 kB
Slab:              45632 kB
SReclaimable:      16880 kB
SUnreclaim:        28752 kB
KernelStack:        9480 kB
PageTables:        14640 kB
NFS_Unstable:          0 kB
Bounce:                0 kB
WritebackTmp:          0 kB
CommitLimit:     1496840 kB
Committed_AS:   19496884 kB
VmallocTotal:     458752 kB
VmallocUsed:       81700 kB
VmallocChunk:     225308 kB
Time pass: 304 sec

---2015-10-23 20:34:50
MemTotal:        1420824 kB
MemFree:           64948 kB
Buffers:           33952 kB
Cached:           542184 kB
SwapCached:          216 kB
Active:           497988 kB
Inactive:         550932 kB
Active(anon):     216072 kB
Inactive(anon):   258428 kB
Active(file):     281916 kB
Inactive(file):   292504 kB
Unevictable:         888 kB
Mlocked:               0 kB
HighTotal:       1001472 kB
HighFree:           5964 kB
LowTotal:         419352 kB
LowFree:           58984 kB
SwapTotal:        786428 kB
SwapFree:         784556 kB
Dirty:                 0 kB
Writeback:             0 kB
AnonPages:        473460 kB
Mapped:           188624 kB
Shmem:               828 kB
Slab:              45664 kB
SReclaimable:      16880 kB
SUnreclaim:        28784 kB
KernelStack:        9480 kB
PageTables:        14640 kB
NFS_Unstable:          0 kB
Bounce:                0 kB
WritebackTmp:          0 kB
CommitLimit:     1496840 kB
Committed_AS:   19496928 kB
VmallocTotal:     458752 kB
VmallocUsed:       81732 kB
VmallocChunk:     225308 kB
Time pass: 307 sec

---2015-10-23 20:34:50
MemTotal:        1420824 kB
MemFree:           64292 kB
Buffers:           33968 kB
Cached:           542184 kB
SwapCached:          216 kB
Active:           498452 kB
Inactive:         550948 kB
Active(anon):     216536 kB
Inactive(anon):   258428 kB
Active(file):     281916 kB
Inactive(file):   292520 kB
Unevictable:         888 kB
Mlocked:               0 kB
HighTotal:       1001472 kB
HighFree:           5280 kB
LowTotal:         419352 kB
LowFree:           59012 kB
SwapTotal:        786428 kB
SwapFree:         784556 kB
Dirty:                56 kB
Writeback:             0 kB
AnonPages:        473924 kB
Mapped:           188624 kB
Shmem:               828 kB
Slab:              45600 kB
SReclaimable:      16880 kB
SUnreclaim:        28720 kB
KernelStack:        9488 kB
PageTables:        14644 kB
NFS_Unstable:          0 kB
Bounce:                0 kB
WritebackTmp:          0 kB
CommitLimit:     1496840 kB
Committed_AS:   19497044 kB
VmallocTotal:     458752 kB
VmallocUsed:       81732 kB
VmallocChunk:     225308 kB
Time pass: 311 sec

---2015-10-23 20:34:50
MemTotal:        1420824 kB
MemFree:           63552 kB
Buffers:           33976 kB
Cached:           542220 kB
SwapCached:          216 kB
Active:           498752 kB
Inactive:         550992 kB
Active(anon):     216836 kB
Inactive(anon):   258464 kB
Active(file):     281916 kB
Inactive(file):   292528 kB
Unevictable:         888 kB
Mlocked:               0 kB
HighTotal:       1001472 kB
HighFree:           5064 kB
LowTotal:         419352 kB
LowFree:           58488 kB
SwapTotal:        786428 kB
SwapFree:         784556 kB
Dirty:                32 kB
Writeback:             0 kB
AnonPages:        474264 kB
Mapped:           188660 kB
Shmem:               864 kB
Slab:              45572 kB
SReclaimable:      16880 kB
SUnreclaim:        28692 kB
KernelStack:        9488 kB
PageTables:        14640 kB
NFS_Unstable:          0 kB
Bounce:                0 kB
WritebackTmp:          0 kB
CommitLimit:     1496840 kB
Committed_AS:   19497184 kB
VmallocTotal:     458752 kB
VmallocUsed:       81732 kB
VmallocChunk:     225308 kB
Time pass: 314 sec

---2015-10-23 20:34:50
MemTotal:        1420824 kB
MemFree:           63380 kB
Buffers:           33976 kB
Cached:           542220 kB
SwapCached:          216 kB
Active:           499000 kB
Inactive:         550992 kB
Active(anon):     217084 kB
Inactive(anon):   258464 kB
Active(file):     281916 kB
Inactive(file):   292528 kB
Unevictable:         888 kB
Mlocked:               0 kB
HighTotal:       1001472 kB
HighFree:           5064 kB
LowTotal:         419352 kB
LowFree:           58316 kB
SwapTotal:        786428 kB
SwapFree:         784556 kB
Dirty:                32 kB
Writeback:             0 kB
AnonPages:        474472 kB
Mapped:           188660 kB
Shmem:               864 kB
Slab:              45608 kB
SReclaimable:      16880 kB
SUnreclaim:        28728 kB
KernelStack:        9488 kB
PageTables:        14640 kB
NFS_Unstable:          0 kB
Bounce:                0 kB
WritebackTmp:          0 kB
CommitLimit:     1496840 kB
Committed_AS:   19497352 kB
VmallocTotal:     458752 kB
VmallocUsed:       81732 kB
VmallocChunk:     225308 kB
Time pass: 318 sec

---2015-10-23 20:34:50
MemTotal:        1420824 kB
MemFree:           63700 kB
Buffers:           33976 kB
Cached:           542236 kB
SwapCached:          216 kB
Active:           498628 kB
Inactive:         551008 kB
Active(anon):     216712 kB
Inactive(anon):   258480 kB
Active(file):     281916 kB
Inactive(file):   292528 kB
Unevictable:         888 kB
Mlocked:               0 kB
HighTotal:       1001472 kB
HighFree:           5436 kB
LowTotal:         419352 kB
LowFree:           58264 kB
SwapTotal:        786428 kB
SwapFree:         784556 kB
Dirty:                 0 kB
Writeback:             0 kB
AnonPages:        474164 kB
Mapped:           188636 kB
Shmem:               880 kB
Slab:              45604 kB
SReclaimable:      16880 kB
SUnreclaim:        28724 kB
KernelStack:        9504 kB
PageTables:        14624 kB
NFS_Unstable:          0 kB
Bounce:                0 kB
WritebackTmp:          0 kB
CommitLimit:     1496840 kB
Committed_AS:   19497056 kB
VmallocTotal:     458752 kB
VmallocUsed:       81732 kB
VmallocChunk:     225308 kB
Time pass: 321 sec

---2015-10-23 20:34:50
MemTotal:        1420824 kB
MemFree:           63440 kB
Buffers:           33976 kB
Cached:           542236 kB
SwapCached:          216 kB
Active:           498836 kB
Inactive:         551008 kB
Active(anon):     216920 kB
Inactive(anon):   258480 kB
Active(file):     281916 kB
Inactive(file):   292528 kB
Unevictable:         888 kB
Mlocked:               0 kB
HighTotal:       1001472 kB
HighFree:           5144 kB
LowTotal:         419352 kB
LowFree:           58296 kB
SwapTotal:        786428 kB
SwapFree:         784556 kB
Dirty:                 0 kB
Writeback:             0 kB
AnonPages:        474288 kB
Mapped:           188676 kB
Shmem:               880 kB
Slab:              45604 kB
SReclaimable:      16880 kB
SUnreclaim:        28724 kB
KernelStack:        9488 kB
PageTables:        14640 kB
NFS_Unstable:          0 kB
Bounce:                0 kB
WritebackTmp:          0 kB
CommitLimit:     1496840 kB
Committed_AS:   19497264 kB
VmallocTotal:     458752 kB
VmallocUsed:       81732 kB
VmallocChunk:     225308 kB
Time pass: 325 sec

---2015-10-23 20:34:50
MemTotal:        1420824 kB
MemFree:           63872 kB
Buffers:           33976 kB
Cached:           542236 kB
SwapCached:          216 kB
Active:           498796 kB
Inactive:         551008 kB
Active(anon):     216880 kB
Inactive(anon):   258480 kB
Active(file):     281916 kB
Inactive(file):   292528 kB
Unevictable:         888 kB
Mlocked:               0 kB
HighTotal:       1001472 kB
HighFree:           5392 kB
LowTotal:         419352 kB
LowFree:           58480 kB
SwapTotal:        786428 kB
SwapFree:         784556 kB
Dirty:                 0 kB
Writeback:             0 kB
AnonPages:        474180 kB
Mapped:           188724 kB
Shmem:               880 kB
Slab:              45604 kB
SReclaimable:      16880 kB
SUnreclaim:        28724 kB
KernelStack:        9488 kB
PageTables:        14640 kB
NFS_Unstable:          0 kB
Bounce:                0 kB
WritebackTmp:          0 kB
CommitLimit:     1496840 kB
Committed_AS:   19497256 kB
VmallocTotal:     458752 kB
VmallocUsed:       81764 kB
VmallocChunk:     225308 kB
Time pass: 329 sec

---2015-10-23 20:34:50
MemTotal:        1420824 kB
MemFree:           63944 kB
Buffers:           33976 kB
Cached:           542236 kB
SwapCached:          216 kB
Active:           498936 kB
Inactive:         551008 kB
Active(anon):     217020 kB
Inactive(anon):   258480 kB
Active(file):     281916 kB
Inactive(file):   292528 kB
Unevictable:         888 kB
Mlocked:               0 kB
HighTotal:       1001472 kB
HighFree:           5408 kB
LowTotal:         419352 kB
LowFree:           58536 kB
SwapTotal:        786428 kB
SwapFree:         784556 kB
Dirty:                 4 kB
Writeback:             0 kB
AnonPages:        474364 kB
Mapped:           188676 kB
Shmem:               880 kB
Slab:              45604 kB
SReclaimable:      16880 kB
SUnreclaim:        28724 kB
KernelStack:        9488 kB
PageTables:        14640 kB
NFS_Unstable:          0 kB
Bounce:                0 kB
WritebackTmp:          0 kB
CommitLimit:     1496840 kB
Committed_AS:   19497484 kB
VmallocTotal:     458752 kB
VmallocUsed:       81732 kB
VmallocChunk:     225308 kB
Time pass: 332 sec

---2015-10-23 20:34:50
MemTotal:        1420824 kB
MemFree:           63988 kB
Buffers:           33980 kB
Cached:           542252 kB
SwapCached:          216 kB
Active:           498696 kB
Inactive:         551024 kB
Active(anon):     216776 kB
Inactive(anon):   258496 kB
Active(file):     281920 kB
Inactive(file):   292528 kB
Unevictable:         888 kB
Mlocked:               0 kB
HighTotal:       1001472 kB
HighFree:           5700 kB
LowTotal:         419352 kB
LowFree:           58288 kB
SwapTotal:        786428 kB
SwapFree:         784556 kB
Dirty:                 8 kB
Writeback:             0 kB
AnonPages:        474200 kB
Mapped:           188692 kB
Shmem:               896 kB
Slab:              45584 kB
SReclaimable:      16880 kB
SUnreclaim:        28704 kB
KernelStack:        9488 kB
PageTables:        14640 kB
NFS_Unstable:          0 kB
Bounce:                0 kB
WritebackTmp:          0 kB
CommitLimit:     1496840 kB
Committed_AS:   19497180 kB
VmallocTotal:     458752 kB
VmallocUsed:       81732 kB
VmallocChunk:     225308 kB
Time pass: 336 sec

---2015-10-23 20:34:50
MemTotal:        1420824 kB
MemFree:           62872 kB
Buffers:           33992 kB
Cached:           542252 kB
SwapCached:          216 kB
Active:           499852 kB
Inactive:         551032 kB
Active(anon):     217928 kB
Inactive(anon):   258496 kB
Active(file):     281924 kB
Inactive(file):   292536 kB
Unevictable:         888 kB
Mlocked:               0 kB
HighTotal:       1001472 kB
HighFree:           5384 kB
LowTotal:         419352 kB
LowFree:           57488 kB
SwapTotal:        786428 kB
SwapFree:         784556 kB
Dirty:                44 kB
Writeback:             0 kB
AnonPages:        475328 kB
Mapped:           188692 kB
Shmem:               896 kB
Slab:              45732 kB
SReclaimable:      16880 kB
SUnreclaim:        28852 kB
KernelStack:        9488 kB
PageTables:        14648 kB
NFS_Unstable:          0 kB
Bounce:                0 kB
WritebackTmp:          0 kB
CommitLimit:     1496840 kB
Committed_AS:   19498604 kB
VmallocTotal:     458752 kB
VmallocUsed:       81732 kB
VmallocChunk:     225308 kB
Time pass: 339 sec

---2015-10-23 20:34:50
MemTotal:        1420824 kB
MemFree:           62256 kB
Buffers:           33992 kB
Cached:           542252 kB
SwapCached:          216 kB
Active:           499780 kB
Inactive:         551032 kB
Active(anon):     217856 kB
Inactive(anon):   258496 kB
Active(file):     281924 kB
Inactive(file):   292536 kB
Unevictable:         888 kB
Mlocked:               0 kB
HighTotal:       1001472 kB
HighFree:           5080 kB
LowTotal:         419352 kB
LowFree:           57176 kB
SwapTotal:        786428 kB
SwapFree:         784556 kB
Dirty:                 0 kB
Writeback:             0 kB
AnonPages:        475212 kB
Mapped:           188692 kB
Shmem:               896 kB
Slab:              45696 kB
SReclaimable:      16880 kB
