---2015-12-05 14:07:44
MemTotal:        2905316 kB
MemFree:           74452 kB
Buffers:           26656 kB
Cached:          1420600 kB
SwapCached:            0 kB
Active:          1280272 kB
Inactive:        1061656 kB
Active(anon):     775484 kB
Inactive(anon):   149524 kB
Active(file):     504788 kB
Inactive(file):   912132 kB
Unevictable:        7488 kB
Mlocked:               0 kB
SwapTotal:        720184 kB
SwapFree:         720184 kB
Dirty:               288 kB
Writeback:             0 kB
AnonPages:        902532 kB
Mapped:           524976 kB
Shmem:             22844 kB
Slab:             118872 kB
SReclaimable:      35760 kB
SUnreclaim:        83112 kB
KernelStack:       32096 kB
PageTables:        58412 kB
NFS_Unstable:          0 kB
Bounce:                0 kB
WritebackTmp:          0 kB
CommitLimit:     2172840 kB
Committed_AS:   97564480 kB
VmallocTotal:   251658176 kB
VmallocUsed:      139712 kB
VmallocChunk:   251412012 kB
Time pass: 3 sec

---2015-12-05 14:07:44
MemTotal:        2905316 kB
MemFree:           81092 kB
Buffers:           27572 kB
Cached:          1414776 kB
SwapCached:            0 kB
Active:          1281908 kB
Inactive:        1054712 kB
Active(anon):     773832 kB
Inactive(anon):   150804 kB
Active(file):     508076 kB
Inactive(file):   903908 kB
Unevictable:        7488 kB
Mlocked:               0 kB
SwapTotal:        720184 kB
SwapFree:         720184 kB
Dirty:               756 kB
Writeback:             0 kB
AnonPages:        901904 kB
Mapped:           532580 kB
Shmem:             22844 kB
Slab:             119240 kB
SReclaimable:      35904 kB
SUnreclaim:        83336 kB
KernelStack:       33104 kB
PageTables:        56928 kB
NFS_Unstable:          0 kB
Bounce:                0 kB
WritebackTmp:          0 kB
CommitLimit:     2172840 kB
Committed_AS:   94345664 kB
VmallocTotal:   251658176 kB
VmallocUsed:      136652 kB
VmallocChunk:   251412012 kB
Time pass: 7 sec

---2015-12-05 14:07:44
MemTotal:        2905316 kB
MemFree:           94676 kB
Buffers:           27580 kB
Cached:          1415156 kB
SwapCached:            0 kB
Active:          1267496 kB
Inactive:        1055032 kB
Active(anon):     759400 kB
Inactive(anon):   150804 kB
Active(file):     508096 kB
Inactive(file):   904228 kB
Unevictable:        7488 kB
Mlocked:               0 kB
SwapTotal:        720184 kB
SwapFree:         720184 kB
Dirty:               156 kB
Writeback:             0 kB
AnonPages:        887544 kB
Mapped:           532776 kB
Shmem:             22844 kB
Slab:             119304 kB
SReclaimable:      35904 kB
SUnreclaim:        83400 kB
KernelStack:       33088 kB
PageTables:        56984 kB
NFS_Unstable:          0 kB
Bounce:                0 kB
WritebackTmp:          0 kB
CommitLimit:     2172840 kB
Committed_AS:   94343360 kB
VmallocTotal:   251658176 kB
VmallocUsed:      136652 kB
VmallocChunk:   251412012 kB
Time pass: 11 sec

---2015-12-05 14:07:44
MemTotal:        2905316 kB
MemFree:           92988 kB
Buffers:           27588 kB
Cached:          1415152 kB
SwapCached:            0 kB
Active:          1270240 kB
Inactive:        1055100 kB
Active(anon):     762128 kB
Inactive(anon):   150804 kB
Active(file):     508112 kB
Inactive(file):   904296 kB
Unevictable:        7488 kB
Mlocked:               0 kB
SwapTotal:        720184 kB
SwapFree:         720184 kB
Dirty:                28 kB
Writeback:             0 kB
AnonPages:        889956 kB
Mapped:           533112 kB
Shmem:             22844 kB
Slab:             118996 kB
SReclaimable:      35904 kB
SUnreclaim:        83092 kB
KernelStack:       33136 kB
PageTables:        56988 kB
NFS_Unstable:          0 kB
Bounce:                0 kB
WritebackTmp:          0 kB
CommitLimit:     2172840 kB
Committed_AS:   94345112 kB
VmallocTotal:   251658176 kB
VmallocUsed:      137672 kB
VmallocChunk:   251412012 kB
Time pass: 14 sec

---2015-12-05 14:07:44
MemTotal:        2905316 kB
MemFree:           80808 kB
Buffers:           27660 kB
Cached:          1417284 kB
SwapCached:            0 kB
Active:          1279204 kB
Inactive:        1057200 kB
Active(anon):     771064 kB
Inactive(anon):   150816 kB
Active(file):     508140 kB
Inactive(file):   906384 kB
Unevictable:        7488 kB
Mlocked:               0 kB
SwapTotal:        720184 kB
SwapFree:         720184 kB
Dirty:                96 kB
Writeback:            24 kB
AnonPages:        899100 kB
Mapped:           533932 kB
Shmem:             22860 kB
Slab:             119132 kB
SReclaimable:      35904 kB
SUnreclaim:        83228 kB
KernelStack:       33168 kB
PageTables:        57436 kB
NFS_Unstable:          0 kB
Bounce:                0 kB
WritebackTmp:          0 kB
CommitLimit:     2172840 kB
Committed_AS:   97818892 kB
VmallocTotal:   251658176 kB
VmallocUsed:      138692 kB
VmallocChunk:   251412012 kB
Time pass: 18 sec

---2015-12-05 14:07:44
MemTotal:        2905316 kB
MemFree:           73808 kB
Buffers:           28096 kB
Cached:          1271316 kB
SwapCached:            0 kB
Active:          1295688 kB
Inactive:         925288 kB
Active(anon):     769476 kB
Inactive(anon):   182616 kB
Active(file):     526212 kB
Inactive(file):   742672 kB
Unevictable:        7488 kB
Mlocked:               0 kB
SwapTotal:        720184 kB
SwapFree:         720184 kB
Dirty:              1724 kB
Writeback:             0 kB
AnonPages:        929040 kB
Mapped:           598796 kB
Shmem:             23040 kB
Slab:             119456 kB
SReclaimable:      36164 kB
SUnreclaim:        83292 kB
KernelStack:       34304 kB
PageTables:        57784 kB
NFS_Unstable:          0 kB
Bounce:                0 kB
WritebackTmp:          0 kB
CommitLimit:     2172840 kB
Committed_AS:   94474556 kB
VmallocTotal:   251658176 kB
VmallocUsed:      138192 kB
VmallocChunk:   251412012 kB
Time pass: 22 sec

---2015-12-05 14:07:44
MemTotal:        2905316 kB
MemFree:           74980 kB
Buffers:           28080 kB
Cached:          1241164 kB
SwapCached:            0 kB
Active:          1287800 kB
Inactive:         898088 kB
Active(anon):     760208 kB
Inactive(anon):   186968 kB
Active(file):     527592 kB
Inactive(file):   711120 kB
Unevictable:        7488 kB
Mlocked:               0 kB
SwapTotal:        720184 kB
SwapFree:         720184 kB
Dirty:               128 kB
Writeback:             0 kB
AnonPages:        924352 kB
Mapped:           626500 kB
Shmem:             23040 kB
Slab:             119344 kB
SReclaimable:      36020 kB
SUnreclaim:        83324 kB
KernelStack:       34304 kB
PageTables:        57812 kB
NFS_Unstable:          0 kB
Bounce:                0 kB
WritebackTmp:          0 kB
CommitLimit:     2172840 kB
Committed_AS:   94472888 kB
VmallocTotal:   251658176 kB
VmallocUsed:      138508 kB
VmallocChunk:   251412012 kB
Time pass: 25 sec

---2015-12-05 14:07:44
MemTotal:        2905316 kB
MemFree:           78448 kB
Buffers:           28104 kB
Cached:          1241164 kB
SwapCached:            0 kB
Active:          1285028 kB
Inactive:         898100 kB
Active(anon):     757424 kB
Inactive(anon):   186968 kB
Active(file):     527604 kB
Inactive(file):   711132 kB
Unevictable:        7488 kB
Mlocked:               0 kB
SwapTotal:        720184 kB
SwapFree:         720184 kB
Dirty:               148 kB
Writeback:             0 kB
AnonPages:        921236 kB
Mapped:           626320 kB
Shmem:             23040 kB
Slab:             119540 kB
SReclaimable:      36116 kB
SUnreclaim:        83424 kB
KernelStack:       34224 kB
PageTables:        57364 kB
NFS_Unstable:          0 kB
Bounce:                0 kB
WritebackTmp:          0 kB
CommitLimit:     2172840 kB
Committed_AS:   93746828 kB
VmallocTotal:   251658176 kB
VmallocUsed:      137488 kB
VmallocChunk:   251412012 kB
Time pass: 29 sec

---2015-12-05 14:07:44
MemTotal:        2905316 kB
MemFree:           78868 kB
Buffers:           28104 kB
Cached:          1241168 kB
SwapCached:            0 kB
Active:          1285116 kB
Inactive:         898044 kB
Active(anon):     757448 kB
Inactive(anon):   186968 kB
Active(file):     527668 kB
Inactive(file):   711076 kB
Unevictable:        7488 kB
Mlocked:               0 kB
SwapTotal:        720184 kB
SwapFree:         720184 kB
Dirty:               152 kB
Writeback:             0 kB
AnonPages:        921396 kB
Mapped:           626332 kB
Shmem:             23040 kB
Slab:             119496 kB
SReclaimable:      36116 kB
SUnreclaim:        83380 kB
KernelStack:       34144 kB
PageTables:        57304 kB
NFS_Unstable:          0 kB
Bounce:                0 kB
WritebackTmp:          0 kB
CommitLimit:     2172840 kB
Committed_AS:   93746748 kB
VmallocTotal:   251658176 kB
VmallocUsed:      137488 kB
VmallocChunk:   251412012 kB
Time pass: 33 sec

---2015-12-05 14:07:44
MemTotal:        2905316 kB
MemFree:           79724 kB
Buffers:           28112 kB
Cached:          1241208 kB
SwapCached:            0 kB
Active:          1284464 kB
Inactive:         898080 kB
Active(anon):     756784 kB
Inactive(anon):   186516 kB
Active(file):     527680 kB
Inactive(file):   711564 kB
Unevictable:        7488 kB
Mlocked:               0 kB
SwapTotal:        720184 kB
SwapFree:         720184 kB
Dirty:               104 kB
Writeback:             0 kB
AnonPages:        920852 kB
Mapped:           626052 kB
Shmem:             22588 kB
Slab:             119536 kB
SReclaimable:      36112 kB
SUnreclaim:        83424 kB
KernelStack:       34144 kB
PageTables:        57292 kB
NFS_Unstable:          0 kB
Bounce:                0 kB
WritebackTmp:          0 kB
CommitLimit:     2172840 kB
Committed_AS:   93744820 kB
VmallocTotal:   251658176 kB
VmallocUsed:      137488 kB
VmallocChunk:   251412012 kB
Time pass: 36 sec

---2015-12-05 14:07:44
MemTotal:        2905316 kB
MemFree:           91924 kB
Buffers:           28128 kB
Cached:          1243604 kB
SwapCached:            0 kB
Active:          1270212 kB
Inactive:         900468 kB
Active(anon):     742524 kB
Inactive(anon):   186516 kB
Active(file):     527688 kB
Inactive(file):   713952 kB
Unevictable:        7488 kB
Mlocked:               0 kB
SwapTotal:        720184 kB
SwapFree:         720184 kB
Dirty:                 8 kB
Writeback:             0 kB
AnonPages:        906572 kB
Mapped:           626372 kB
Shmem:             22588 kB
Slab:             119420 kB
SReclaimable:      36112 kB
SUnreclaim:        83308 kB
KernelStack:       34176 kB
PageTables:        57316 kB
NFS_Unstable:          0 kB
Bounce:                0 kB
WritebackTmp:          0 kB
CommitLimit:     2172840 kB
Committed_AS:   93745252 kB
VmallocTotal:   251658176 kB
VmallocUsed:      137488 kB
VmallocChunk:   251412012 kB
Time pass: 40 sec

---2015-12-05 14:07:44
MemTotal:        2905316 kB
MemFree:           66556 kB
Buffers:           26720 kB
Cached:          1211132 kB
SwapCached:            0 kB
Active:          1279664 kB
Inactive:         867484 kB
Active(anon):     750320 kB
Inactive(anon):   189080 kB
Active(file):     529344 kB
Inactive(file):   678404 kB
Unevictable:        7488 kB
Mlocked:               0 kB
SwapTotal:        720184 kB
SwapFree:         720184 kB
Dirty:               372 kB
Writeback:             0 kB
AnonPages:        916920 kB
Mapped:           637600 kB
Shmem:             22592 kB
Slab:             119168 kB
SReclaimable:      35904 kB
SUnreclaim:        83264 kB
KernelStack:       34224 kB
PageTables:        57640 kB
NFS_Unstable:          0 kB
Bounce:                0 kB
WritebackTmp:          0 kB
CommitLimit:     2172840 kB
Committed_AS:   93763104 kB
VmallocTotal:   251658176 kB
VmallocUsed:      137744 kB
VmallocChunk:   251412012 kB
Time pass: 44 sec

---2015-12-05 14:07:44
MemTotal:        2905316 kB
MemFree:           69652 kB
Buffers:           26600 kB
Cached:          1189684 kB
SwapCached:            0 kB
Active:          1289384 kB
Inactive:         845784 kB
Active(anon):     758476 kB
Inactive(anon):   190488 kB
Active(file):     530908 kB
Inactive(file):   655296 kB
Unevictable:        7488 kB
Mlocked:               0 kB
SwapTotal:        720184 kB
SwapFree:         720184 kB
Dirty:               452 kB
Writeback:             0 kB
AnonPages:        926248 kB
Mapped:           643328 kB
Shmem:             22592 kB
Slab:             119364 kB
SReclaimable:      36048 kB
SUnreclaim:        83316 kB
KernelStack:       34224 kB
PageTables:        57736 kB
NFS_Unstable:          0 kB
Bounce:                0 kB
WritebackTmp:          0 kB
CommitLimit:     2172840 kB
Committed_AS:   93785404 kB
VmallocTotal:   251658176 kB
VmallocUsed:      137792 kB
VmallocChunk:   251412012 kB
Time pass: 47 sec

---2015-12-05 14:07:44
MemTotal:        2905316 kB
MemFree:           64676 kB
Buffers:           26616 kB
Cached:          1191536 kB
SwapCached:            0 kB
Active:          1304080 kB
Inactive:         846824 kB
Active(anon):     772396 kB
Inactive(anon):   190544 kB
Active(file):     531684 kB
Inactive(file):   656280 kB
Unevictable:        7488 kB
Mlocked:               0 kB
SwapTotal:        720184 kB
SwapFree:         720184 kB
Dirty:               692 kB
Writeback:             0 kB
AnonPages:        940568 kB
Mapped:           645956 kB
Shmem:             22656 kB
Slab:             119332 kB
SReclaimable:      36000 kB
SUnreclaim:        83332 kB
KernelStack:       34192 kB
PageTables:        57156 kB
NFS_Unstable:          0 kB
Bounce:                0 kB
WritebackTmp:          0 kB
CommitLimit:     2172840 kB
Committed_AS:   93094648 kB
VmallocTotal:   251658176 kB
VmallocUsed:      136696 kB
VmallocChunk:   251412012 kB
Time pass: 51 sec

---2015-12-05 14:07:44
MemTotal:        2905316 kB
MemFree:           84256 kB
Buffers:           24460 kB
Cached:          1130548 kB
SwapCached:            0 kB
Active:          1310680 kB
Inactive:         778148 kB
Active(anon):     767964 kB
Inactive(anon):   195920 kB
Active(file):     542716 kB
Inactive(file):   582228 kB
Unevictable:        7488 kB
Mlocked:               0 kB
SwapTotal:        720184 kB
SwapFree:         720184 kB
Dirty:               816 kB
Writeback:             0 kB
AnonPages:        941336 kB
Mapped:           690476 kB
Shmem:             22656 kB
Slab:             119212 kB
SReclaimable:      35852 kB
SUnreclaim:        83360 kB
KernelStack:       34256 kB
PageTables:        57296 kB
NFS_Unstable:          0 kB
Bounce:                0 kB
WritebackTmp:          0 kB
CommitLimit:     2172840 kB
Committed_AS:   93094920 kB
VmallocTotal:   251658176 kB
VmallocUsed:      137092 kB
VmallocChunk:   251412012 kB
Time pass: 55 sec

---2015-12-05 14:07:44
MemTotal:        2905316 kB
MemFree:           83420 kB
Buffers:           24468 kB
Cached:          1130816 kB
SwapCached:            0 kB
Active:          1310516 kB
Inactive:         778312 kB
Active(anon):     767776 kB
Inactive(anon):   195920 kB
Active(file):     542740 kB
Inactive(file):   582392 kB
Unevictable:        7488 kB
Mlocked:               0 kB
SwapTotal:        720184 kB
SwapFree:         720184 kB
Dirty:                 0 kB
Writeback:             0 kB
AnonPages:        941076 kB
Mapped:           690620 kB
Shmem:             22656 kB
Slab:             119384 kB
SReclaimable:      35868 kB
SUnreclaim:        83516 kB
KernelStack:       34256 kB
PageTables:        57312 kB
NFS_Unstable:          0 kB
Bounce:                0 kB
WritebackTmp:          0 kB
CommitLimit:     2172840 kB
Committed_AS:   93094904 kB
VmallocTotal:   251658176 kB
VmallocUsed:      137092 kB
VmallocChunk:   251412012 kB
Time pass: 59 sec

---2015-12-05 14:07:44
MemTotal:        2905316 kB
MemFree:           74176 kB
Buffers:           24428 kB
Cached:          1122196 kB
SwapCached:            0 kB
Active:          1312444 kB
Inactive:         769484 kB
Active(anon):     769648 kB
Inactive(anon):   195920 kB
Active(file):     542796 kB
Inactive(file):   573564 kB
Unevictable:        7488 kB
Mlocked:               0 kB
SwapTotal:        720184 kB
SwapFree:         720184 kB
Dirty:               164 kB
Writeback:             0 kB
AnonPages:        943176 kB
Mapped:           700196 kB
Shmem:             22656 kB
Slab:             119332 kB
SReclaimable:      35868 kB
SUnreclaim:        83464 kB
KernelStack:       34256 kB
PageTables:        57312 kB
NFS_Unstable:          0 kB
Bounce:                0 kB
WritebackTmp:          0 kB
CommitLimit:     2172840 kB
Committed_AS:   93094916 kB
VmallocTotal:   251658176 kB
VmallocUsed:      137216 kB
VmallocChunk:   251412012 kB
Time pass: 62 sec

---2015-12-05 14:07:44
MemTotal:        2905316 kB
MemFree:           74436 kB
Buffers:           24428 kB
Cached:          1122188 kB
SwapCached:            0 kB
Active:          1312084 kB
Inactive:         769492 kB
Active(anon):     769188 kB
Inactive(anon):   195920 kB
Active(file):     542896 kB
Inactive(file):   573572 kB
Unevictable:        7488 kB
Mlocked:               0 kB
SwapTotal:        720184 kB
SwapFree:         720184 kB
Dirty:               140 kB
Writeback:             0 kB
AnonPages:        942672 kB
Mapped:           700368 kB
Shmem:             22656 kB
Slab:             119344 kB
SReclaimable:      35884 kB
SUnreclaim:        83460 kB
KernelStack:       34080 kB
PageTables:        57340 kB
NFS_Unstable:          0 kB
Bounce:                0 kB
WritebackTmp:          0 kB
CommitLimit:     2172840 kB
Committed_AS:   93094784 kB
VmallocTotal:   251658176 kB
VmallocUsed:      137216 kB
VmallocChunk:   251412012 kB
Time pass: 66 sec

---2015-12-05 14:07:44
MemTotal:        2905316 kB
MemFree:           74604 kB
Buffers:           24436 kB
Cached:          1122256 kB
SwapCached:            0 kB
Active:          1312480 kB
Inactive:         769568 kB
Active(anon):     769580 kB
Inactive(anon):   195920 kB
Active(file):     542900 kB
Inactive(file):   573648 kB
Unevictable:        7488 kB
Mlocked:               0 kB
SwapTotal:        720184 kB
SwapFree:         720184 kB
Dirty:                 4 kB
Writeback:             0 kB
AnonPages:        942800 kB
Mapped:           700328 kB
Shmem:             22656 kB
Slab:             119356 kB
SReclaimable:      35884 kB
SUnreclaim:        83472 kB
KernelStack:       34032 kB
PageTables:        57304 kB
NFS_Unstable:          0 kB
Bounce:                0 kB
WritebackTmp:          0 kB
CommitLimit:     2172840 kB
Committed_AS:   93094764 kB
VmallocTotal:   251658176 kB
VmallocUsed:      137216 kB
VmallocChunk:   251412012 kB
Time pass: 70 sec

---2015-12-05 14:07:44
MemTotal:        2905316 kB
MemFree:           69272 kB
Buffers:           25280 kB
Cached:          1098196 kB
SwapCached:            0 kB
Active:          1322640 kB
Inactive:         743016 kB
Active(anon):     776152 kB
Inactive(anon):   196172 kB
Active(file):     546488 kB
Inactive(file):   546844 kB
Unevictable:        7488 kB
Mlocked:               0 kB
SwapTotal:        720184 kB
SwapFree:         720184 kB
Dirty:               652 kB
Writeback:             0 kB
AnonPages:        949780 kB
Mapped:           713568 kB
Shmem:             22656 kB
Slab:             119736 kB
SReclaimable:      36076 kB
SUnreclaim:        83660 kB
KernelStack:       34064 kB
PageTables:        57228 kB
NFS_Unstable:          0 kB
Bounce:                0 kB
WritebackTmp:          0 kB
CommitLimit:     2172840 kB
Committed_AS:   93095520 kB
VmallocTotal:   251658176 kB
VmallocUsed:      137400 kB
VmallocChunk:   251412012 kB
Time pass: 74 sec

---2015-12-05 14:07:44
MemTotal:        2905316 kB
MemFree:           69744 kB
Buffers:           25916 kB
Cached:          1081268 kB
SwapCached:            0 kB
Active:          1329780 kB
Inactive:         734292 kB
Active(anon):     793752 kB
Inactive(anon):   198244 kB
Active(file):     536028 kB
Inactive(file):   536048 kB
Unevictable:       12452 kB
Mlocked:               0 kB
SwapTotal:        720184 kB
SwapFree:         720156 kB
Dirty:               512 kB
Writeback:             0 kB
AnonPages:        969296 kB
Mapped:           717880 kB
Shmem:             22628 kB
Slab:             119784 kB
SReclaimable:      35932 kB
SUnreclaim:        83852 kB
KernelStack:       34224 kB
PageTables:        57268 kB
NFS_Unstable:          0 kB
Bounce:                0 kB
WritebackTmp:          0 kB
CommitLimit:     2172840 kB
Committed_AS:   93114920 kB
VmallocTotal:   251658176 kB
VmallocUsed:      137400 kB
VmallocChunk:   251412012 kB
Time pass: 77 sec

---2015-12-05 14:07:44
MemTotal:        2905316 kB
MemFree:           65720 kB
Buffers:           25796 kB
Cached:          1076832 kB
SwapCached:            0 kB
Active:          1334016 kB
Inactive:         733668 kB
Active(anon):     800436 kB
Inactive(anon):   199948 kB
Active(file):     533580 kB
Inactive(file):   533720 kB
Unevictable:       12456 kB
Mlocked:               0 kB
SwapTotal:        720184 kB
SwapFree:         720156 kB
Dirty:                32 kB
Writeback:             0 kB
AnonPages:        977620 kB
Mapped:           719016 kB
Shmem:             22800 kB
Slab:             120036 kB
SReclaimable:      36140 kB
SUnreclaim:        83896 kB
KernelStack:       34448 kB
PageTables:        57568 kB
NFS_Unstable:          0 kB
Bounce:                0 kB
WritebackTmp:          0 kB
CommitLimit:     2172840 kB
Committed_AS:   93180264 kB
VmallocTotal:   251658176 kB
VmallocUsed:      139848 kB
VmallocChunk:   251412012 kB
Time pass: 81 sec

---2015-12-05 14:07:44
MemTotal:        2905316 kB
MemFree:           63068 kB
Buffers:           25716 kB
Cached:          1042796 kB
SwapCached:            0 kB
Active:          1317596 kB
Inactive:         716904 kB
Active(anon):     801240 kB
Inactive(anon):   200224 kB
Active(file):     516356 kB
Inactive(file):   516680 kB
Unevictable:       12456 kB
Mlocked:               0 kB
SwapTotal:        720184 kB
SwapFree:         720156 kB
Dirty:                64 kB
Writeback:             0 kB
AnonPages:        978472 kB
Mapped:           714808 kB
Shmem:             23020 kB
Slab:             119892 kB
SReclaimable:      36124 kB
SUnreclaim:        83768 kB
KernelStack:       34416 kB
PageTables:        57768 kB
NFS_Unstable:          0 kB
Bounce:                0 kB
WritebackTmp:          0 kB
CommitLimit:     2172840 kB
Committed_AS:   93180760 kB
VmallocTotal:   251658176 kB
VmallocUsed:      139848 kB
VmallocChunk:   251412012 kB
Time pass: 85 sec

---2015-12-05 14:07:44
MemTotal:        2905316 kB
MemFree:           68640 kB
Buffers:           25732 kB
Cached:          1035116 kB
SwapCached:            0 kB
Active:          1315816 kB
Inactive:         713236 kB
Active(anon):     803204 kB
Inactive(anon):   200476 kB
Active(file):     512612 kB
Inactive(file):   512760 kB
Unevictable:       12456 kB
Mlocked:               0 kB
SwapTotal:        720184 kB
SwapFree:         720156 kB
Dirty:               116 kB
Writeback:             0 kB
AnonPages:        980776 kB
Mapped:           713556 kB
Shmem:             23020 kB
Slab:             120312 kB
SReclaimable:      36316 kB
SUnreclaim:        83996 kB
KernelStack:       34448 kB
PageTables:        57740 kB
NFS_Unstable:          0 kB
Bounce:                0 kB
WritebackTmp:          0 kB
CommitLimit:     2172840 kB
Committed_AS:   93183860 kB
VmallocTotal:   251658176 kB
VmallocUsed:      139848 kB
VmallocChunk:   251412012 kB
Time pass: 89 sec

---2015-12-05 14:07:44
MemTotal:        2905316 kB
MemFree:           69148 kB
Buffers:           25732 kB
Cached:          1035444 kB
SwapCached:            0 kB
Active:          1315096 kB
Inactive:         713528 kB
Active(anon):     802452 kB
Inactive(anon):   200712 kB
Active(file):     512644 kB
Inactive(file):   512816 kB
Unevictable:       12456 kB
Mlocked:               0 kB
SwapTotal:        720184 kB
SwapFree:         720156 kB
Dirty:                52 kB
Writeback:             0 kB
AnonPages:        979984 kB
Mapped:           713872 kB
Shmem:             23256 kB
Slab:             120316 kB
SReclaimable:      36316 kB
SUnreclaim:        84000 kB
KernelStack:       34448 kB
PageTables:        57756 kB
NFS_Unstable:          0 kB
Bounce:                0 kB
WritebackTmp:          0 kB
CommitLimit:     2172840 kB
Committed_AS:   93183756 kB
VmallocTotal:   251658176 kB
VmallocUsed:      139848 kB
VmallocChunk:   251412012 kB
Time pass: 92 sec

---2015-12-05 14:07:44
MemTotal:        2905316 kB
MemFree:           68728 kB
Buffers:           25740 kB
Cached:          1035484 kB
SwapCached:            0 kB
Active:          1315244 kB
Inactive:         713544 kB
Active(anon):     802564 kB
Inactive(anon):   200712 kB
Active(file):     512680 kB
Inactive(file):   512832 kB
Unevictable:       12456 kB
Mlocked:               0 kB
SwapTotal:        720184 kB
SwapFree:         720156 kB
Dirty:                12 kB
Writeback:             0 kB
AnonPages:        980124 kB
Mapped:           713884 kB
Shmem:             23256 kB
Slab:             120332 kB
SReclaimable:      36316 kB
SUnreclaim:        84016 kB
KernelStack:       34448 kB
PageTables:        57776 kB
NFS_Unstable:          0 kB
Bounce:                0 kB
WritebackTmp:          0 kB
CommitLimit:     2172840 kB
Committed_AS:   93183852 kB
VmallocTotal:   251658176 kB
VmallocUsed:      139848 kB
VmallocChunk:   251412012 kB
Time pass: 96 sec

---2015-12-05 14:07:44
MemTotal:        2905316 kB
MemFree:           65972 kB
Buffers:           25756 kB
Cached:          1035532 kB
SwapCached:            0 kB
Active:          1318916 kB
Inactive:         713584 kB
Active(anon):     806212 kB
Inactive(anon):   200712 kB
Active(file):     512704 kB
Inactive(file):   512872 kB
Unevictable:       12456 kB
Mlocked:               0 kB
SwapTotal:        720184 kB
SwapFree:         720156 kB
Dirty:               128 kB
Writeback:             0 kB
AnonPages:        983848 kB
Mapped:           714040 kB
Shmem:             23256 kB
Slab:             120204 kB
SReclaimable:      36316 kB
SUnreclaim:        83888 kB
KernelStack:       34448 kB
PageTables:        57748 kB
NFS_Unstable:          0 kB
Bounce:                0 kB
WritebackTmp:          0 kB
CommitLimit:     2172840 kB
Committed_AS:   93187492 kB
VmallocTotal:   251658176 kB
VmallocUsed:      139848 kB
VmallocChunk:   251412012 kB
Time pass: 100 sec

---2015-12-05 14:07:44
MemTotal:        2905316 kB
MemFree:          355492 kB
Buffers:           25796 kB
Cached:          1030776 kB
SwapCached:            0 kB
Active:          1220604 kB
Inactive:         712708 kB
Active(anon):     710636 kB
Inactive(anon):   201668 kB
Active(file):     509968 kB
Inactive(file):   511040 kB
Unevictable:       12456 kB
Mlocked:               0 kB
SwapTotal:        720184 kB
SwapFree:         720156 kB
Dirty:               740 kB
Writeback:             4 kB
AnonPages:        889528 kB
Mapped:           530396 kB
Shmem:             22880 kB
Slab:             119956 kB
SReclaimable:      36172 kB
SUnreclaim:        83784 kB
KernelStack:       32928 kB
PageTables:        55048 kB
NFS_Unstable:          0 kB
Bounce:                0 kB
WritebackTmp:          0 kB
CommitLimit:     2172840 kB
Committed_AS:   91554584 kB
VmallocTotal:   251658176 kB
VmallocUsed:      136168 kB
VmallocChunk:   251412012 kB
Time pass: 103 sec

---2015-12-05 14:07:44
MemTotal:        2905316 kB
MemFree:          275572 kB
Buffers:           26216 kB
Cached:          1032904 kB
SwapCached:            0 kB
Active:          1257752 kB
Inactive:         713276 kB
Active(anon):     745700 kB
Inactive(anon):   201804 kB
Active(file):     512052 kB
Inactive(file):   511472 kB
Unevictable:       12456 kB
Mlocked:               0 kB
SwapTotal:        720184 kB
SwapFree:         720156 kB
Dirty:              1544 kB
Writeback:             0 kB
AnonPages:        924520 kB
Mapped:           584420 kB
Shmem:             23068 kB
Slab:             119836 kB
SReclaimable:      36108 kB
SUnreclaim:        83728 kB
KernelStack:       33904 kB
PageTables:        56268 kB
NFS_Unstable:          0 kB
Bounce:                0 kB
WritebackTmp:          0 kB
CommitLimit:     2172840 kB
Committed_AS:   92370624 kB
VmallocTotal:   251658176 kB
VmallocUsed:      137672 kB
VmallocChunk:   251412012 kB
Time pass: 107 sec

---2015-12-05 14:07:44
MemTotal:        2905316 kB
MemFree:          216324 kB
Buffers:           26628 kB
Cached:          1034172 kB
SwapCached:            0 kB
Active:          1268472 kB
Inactive:         714636 kB
Active(anon):     756064 kB
Inactive(anon):   201868 kB
Active(file):     512408 kB
Inactive(file):   512768 kB
Unevictable:       12456 kB
Mlocked:               0 kB
SwapTotal:        720184 kB
SwapFree:         720156 kB
Dirty:              1428 kB
Writeback:             0 kB
AnonPages:        935344 kB
Mapped:           617424 kB
Shmem:             23136 kB
Slab:             119972 kB
SReclaimable:      36144 kB
SUnreclaim:        83828 kB
KernelStack:       33952 kB
PageTables:        56468 kB
NFS_Unstable:          0 kB
Bounce:                0 kB
WritebackTmp:          0 kB
CommitLimit:     2172840 kB
Committed_AS:   92416128 kB
VmallocTotal:   251658176 kB
VmallocUsed:      138500 kB
VmallocChunk:   251412012 kB
Time pass: 111 sec

---2015-12-05 14:07:44
MemTotal:        2905316 kB
MemFree:          152832 kB
Buffers:           26632 kB
Cached:          1038772 kB
SwapCached:            0 kB
Active:          1277288 kB
Inactive:         717616 kB
Active(anon):     763344 kB
Inactive(anon):   201868 kB
Active(file):     513944 kB
Inactive(file):   515748 kB
Unevictable:       12456 kB
Mlocked:               0 kB
SwapTotal:        720184 kB
SwapFree:         720156 kB
Dirty:               552 kB
Writeback:             0 kB
AnonPages:        941956 kB
Mapped:           666784 kB
Shmem:             23136 kB
Slab:             119844 kB
SReclaimable:      36032 kB
SUnreclaim:        83812 kB
KernelStack:       33920 kB
PageTables:        56560 kB
NFS_Unstable:          0 kB
Bounce:                0 kB
WritebackTmp:          0 kB
CommitLimit:     2172840 kB
Committed_AS:   92420292 kB
VmallocTotal:   251658176 kB
VmallocUsed:      138468 kB
VmallocChunk:   251412012 kB
Time pass: 115 sec

---2015-12-05 14:07:44
MemTotal:        2905316 kB
MemFree:          130540 kB
Buffers:           26640 kB
Cached:          1039424 kB
SwapCached:            0 kB
Active:          1281504 kB
Inactive:         718184 kB
Active(anon):     767348 kB
Inactive(anon):   201868 kB
Active(file):     514156 kB
Inactive(file):   516316 kB
Unevictable:       12456 kB
Mlocked:               0 kB
SwapTotal:        720184 kB
SwapFree:         720156 kB
Dirty:               812 kB
Writeback:             0 kB
AnonPages:        946088 kB
Mapped:           677332 kB
Shmem:             23136 kB
Slab:             119836 kB
SReclaimable:      36032 kB
SUnreclaim:        83804 kB
KernelStack:       33968 kB
PageTables:        56620 kB
NFS_Unstable:          0 kB
Bounce:                0 kB
WritebackTmp:          0 kB
CommitLimit:     2172840 kB
Committed_AS:   92425580 kB
VmallocTotal:   251658176 kB
VmallocUsed:      136172 kB
VmallocChunk:   251412012 kB
Time pass: 118 sec

---2015-12-05 14:07:44
MemTotal:        2905316 kB
MemFree:          130276 kB
Buffers:           26648 kB
Cached:          1039428 kB
SwapCached:            0 kB
Active:          1281740 kB
Inactive:         718184 kB
Active(anon):     767584 kB
Inactive(anon):   201868 kB
Active(file):     514156 kB
Inactive(file):   516316 kB
Unevictable:       12456 kB
Mlocked:               0 kB
SwapTotal:        720184 kB
SwapFree:         720156 kB
Dirty:                68 kB
Writeback:             0 kB
AnonPages:        946488 kB
Mapped:           677352 kB
Shmem:             23136 kB
Slab:             119688 kB
SReclaimable:      36032 kB
SUnreclaim:        83656 kB
KernelStack:       34000 kB
PageTables:        56620 kB
NFS_Unstable:          0 kB
Bounce:                0 kB
WritebackTmp:          0 kB
CommitLimit:     2172840 kB
Committed_AS:   92425892 kB
VmallocTotal:   251658176 kB
VmallocUsed:      136172 kB
VmallocChunk:   251412012 kB
Time pass: 122 sec

---2015-12-05 14:07:44
MemTotal:        2905316 kB
MemFree:          101384 kB
Buffers:           26648 kB
Cached:          1039476 kB
SwapCached:            0 kB
Active:          1287216 kB
Inactive:         718212 kB
Active(anon):     773032 kB
Inactive(anon):   201868 kB
Active(file):     514184 kB
Inactive(file):   516344 kB
Unevictable:       12456 kB
Mlocked:               0 kB
SwapTotal:        720184 kB
SwapFree:         720156 kB
Dirty:                 4 kB
Writeback:             0 kB
AnonPages:        951872 kB
Mapped:           690064 kB
Shmem:             23136 kB
Slab:             119644 kB
SReclaimable:      35876 kB
SUnreclaim:        83768 kB
KernelStack:       33952 kB
PageTables:        56580 kB
NFS_Unstable:          0 kB
Bounce:                0 kB
WritebackTmp:          0 kB
CommitLimit:     2172840 kB
Committed_AS:   92428976 kB
VmallocTotal:   251658176 kB
VmallocUsed:      136356 kB
VmallocChunk:   251412012 kB
Time pass: 126 sec

---2015-12-05 14:07:44
MemTotal:        2905316 kB
MemFree:          101056 kB
Buffers:           26656 kB
Cached:          1039480 kB
SwapCached:            0 kB
Active:          1287348 kB
Inactive:         718220 kB
Active(anon):     773156 kB
Inactive(anon):   201868 kB
Active(file):     514192 kB
Inactive(file):   516352 kB
Unevictable:       12456 kB
Mlocked:               0 kB
SwapTotal:        720184 kB
SwapFree:         720156 kB
Dirty:                76 kB
Writeback:             0 kB
AnonPages:        951988 kB
Mapped:           690128 kB
Shmem:             23136 kB
Slab:             119644 kB
SReclaimable:      35876 kB
SUnreclaim:        83768 kB
KernelStack:       34000 kB
PageTables:        56604 kB
NFS_Unstable:          0 kB
Bounce:                0 kB
WritebackTmp:          0 kB
CommitLimit:     2172840 kB
Committed_AS:   92429248 kB
VmallocTotal:   251658176 kB
VmallocUsed:      136356 kB
VmallocChunk:   251412012 kB
Time pass: 130 sec

---2015-12-05 14:07:44
MemTotal:        2905316 kB
MemFree:          100812 kB
Buffers:           26664 kB
Cached:          1039484 kB
SwapCached:            0 kB
Active:          1287288 kB
Inactive:         718220 kB
Active(anon):     773092 kB
Inactive(anon):   201868 kB
Active(file):     514196 kB
Inactive(file):   516352 kB
Unevictable:       12456 kB
Mlocked:               0 kB
SwapTotal:        720184 kB
SwapFree:         720156 kB
Dirty:                20 kB
Writeback:             0 kB
AnonPages:        951860 kB
Mapped:           690196 kB
Shmem:             23136 kB
Slab:             119644 kB
SReclaimable:      35876 kB
SUnreclaim:        83768 kB
KernelStack:       34000 kB
PageTables:        56628 kB
NFS_Unstable:          0 kB
Bounce:                0 kB
WritebackTmp:          0 kB
CommitLimit:     2172840 kB
Committed_AS:   92429336 kB
VmallocTotal:   251658176 kB
VmallocUsed:      136356 kB
VmallocChunk:   251412012 kB
Time pass: 133 sec

---2015-12-05 14:07:44
MemTotal:        2905316 kB
MemFree:           96272 kB
Buffers:           26672 kB
Cached:          1039520 kB
SwapCached:            0 kB
Active:          1288964 kB
Inactive:         718240 kB
Active(anon):     774736 kB
Inactive(anon):   201868 kB
Active(file):     514228 kB
Inactive(file):   516372 kB
Unevictable:       12456 kB
Mlocked:               0 kB
SwapTotal:        720184 kB
SwapFree:         720156 kB
Dirty:                44 kB
Writeback:             0 kB
AnonPages:        953464 kB
Mapped:           692204 kB
Shmem:             23136 kB
Slab:             119752 kB
SReclaimable:      35876 kB
SUnreclaim:        83876 kB
KernelStack:       34080 kB
PageTables:        56612 kB
NFS_Unstable:          0 kB
Bounce:                0 kB
WritebackTmp:          0 kB
CommitLimit:     2172840 kB
Committed_AS:   92430132 kB
VmallocTotal:   251658176 kB
VmallocUsed:      136356 kB
VmallocChunk:   251412012 kB
Time pass: 137 sec

---2015-12-05 14:07:44
MemTotal:        2905316 kB
MemFree:           84172 kB
Buffers:           26720 kB
Cached:          1039676 kB
SwapCached:            0 kB
Active:          1302764 kB
Inactive:         718416 kB
Active(anon):     788512 kB
Inactive(anon):   201928 kB
Active(file):     514252 kB
Inactive(file):   516488 kB
Unevictable:       12456 kB
Mlocked:               0 kB
SwapTotal:        720184 kB
SwapFree:         720156 kB
Dirty:                 0 kB
Writeback:             0 kB
AnonPages:        967420 kB
Mapped:           695148 kB
Shmem:             23196 kB
Slab:             119660 kB
SReclaimable:      35876 kB
SUnreclaim:        83784 kB
KernelStack:       34160 kB
PageTables:        56700 kB
NFS_Unstable:          0 kB
Bounce:                0 kB
WritebackTmp:          0 kB
CommitLimit:     2172840 kB
Committed_AS:   92470892 kB
VmallocTotal:   251658176 kB
VmallocUsed:      136356 kB
VmallocChunk:   251412012 kB
Time pass: 141 sec

---2015-12-05 14:07:44
MemTotal:        2905316 kB
MemFree:           77336 kB
Buffers:           26728 kB
Cached:          1039868 kB
SwapCached:            0 kB
Active:          1309180 kB
Inactive:         717604 kB
Active(anon):     793916 kB
Inactive(anon):   202060 kB
Active(file):     515264 kB
Inactive(file):   515544 kB
Unevictable:       12456 kB
Mlocked:               0 kB
SwapTotal:        720184 kB
SwapFree:         720156 kB
Dirty:               144 kB
Writeback:             0 kB
AnonPages:        972732 kB
Mapped:           696220 kB
Shmem:             23332 kB
Slab:             119736 kB
SReclaimable:      35892 kB
SUnreclaim:        83844 kB
KernelStack:       34384 kB
PageTables:        56944 kB
NFS_Unstable:          0 kB
Bounce:                0 kB
WritebackTmp:          0 kB
CommitLimit:     2172840 kB
Committed_AS:   92505696 kB
VmallocTotal:   251658176 kB
VmallocUsed:      138804 kB
VmallocChunk:   251412012 kB
Time pass: 145 sec

---2015-12-05 14:07:44
MemTotal:        2905316 kB
MemFree:           76244 kB
Buffers:           26736 kB
Cached:          1039900 kB
SwapCached:            0 kB
Active:          1309604 kB
Inactive:         717628 kB
Active(anon):     794324 kB
Inactive(anon):   202076 kB
Active(file):     515280 kB
Inactive(file):   515552 kB
Unevictable:       12456 kB
Mlocked:               0 kB
SwapTotal:        720184 kB
SwapFree:         720156 kB
Dirty:                28 kB
Writeback:             0 kB
AnonPages:        973080 kB
Mapped:           696204 kB
Shmem:             23348 kB
Slab:             119736 kB
SReclaimable:      35892 kB
SUnreclaim:        83844 kB
KernelStack:       34320 kB
PageTables:        56936 kB
NFS_Unstable:          0 kB
Bounce:                0 kB
WritebackTmp:          0 kB
CommitLimit:     2172840 kB
Committed_AS:   92505628 kB
VmallocTotal:   251658176 kB
VmallocUsed:      138804 kB
VmallocChunk:   251412012 kB
Time pass: 149 sec

---2015-12-05 14:07:44
MemTotal:        2905316 kB
MemFree:           75632 kB
Buffers:           26744 kB
Cached:          1039932 kB
SwapCached:            0 kB
Active:          1309872 kB
Inactive:         717644 kB
Active(anon):     794576 kB
Inactive(anon):   202088 kB
Active(file):     515296 kB
Inactive(file):   515556 kB
Unevictable:       12456 kB
Mlocked:               0 kB
SwapTotal:        720184 kB
SwapFree:         720156 kB
Dirty:                24 kB
Writeback:             0 kB
AnonPages:        973152 kB
Mapped:           696232 kB
Shmem:             23360 kB
Slab:             119708 kB
SReclaimable:      35892 kB
SUnreclaim:        83816 kB
KernelStack:       34336 kB
PageTables:        56932 kB
NFS_Unstable:          0 kB
Bounce:                0 kB
WritebackTmp:          0 kB
CommitLimit:     2172840 kB
Committed_AS:   92505612 kB
VmallocTotal:   251658176 kB
VmallocUsed:      138804 kB
VmallocChunk:   251412012 kB
Time pass: 153 sec

---2015-12-05 14:07:44
MemTotal:        2905316 kB
MemFree:           75092 kB
Buffers:           26744 kB
Cached:          1040004 kB
SwapCached:            0 kB
Active:          1310848 kB
Inactive:         717688 kB
Active(anon):     795516 kB
Inactive(anon):   202096 kB
Active(file):     515332 kB
Inactive(file):   515592 kB
Unevictable:       12456 kB
Mlocked:               0 kB
SwapTotal:        720184 kB
SwapFree:         720156 kB
Dirty:                96 kB
Writeback:             0 kB
AnonPages:        974140 kB
Mapped:           696252 kB
Shmem:             23368 kB
Slab:             119760 kB
SReclaimable:      35908 kB
SUnreclaim:        83852 kB
KernelStack:       34336 kB
PageTables:        56932 kB
NFS_Unstable:          0 kB
Bounce:                0 kB
WritebackTmp:          0 kB
CommitLimit:     2172840 kB
Committed_AS:   92505612 kB
VmallocTotal:   251658176 kB
VmallocUsed:      138804 kB
VmallocChunk:   251412012 kB
Time pass: 156 sec

---2015-12-05 14:07:44
MemTotal:        2905316 kB
MemFree:           73280 kB
Buffers:           26752 kB
Cached:          1040060 kB
SwapCached:            0 kB
Active:          1311744 kB
Inactive:         717724 kB
Active(anon):     796388 kB
Inactive(anon):   202128 kB
Active(file):     515356 kB
Inactive(file):   515596 kB
Unevictable:       12456 kB
Mlocked:               0 kB
SwapTotal:        720184 kB
SwapFree:         720156 kB
Dirty:                48 kB
Writeback:             0 kB
AnonPages:        975124 kB
Mapped:           696240 kB
Shmem:             23400 kB
Slab:             119748 kB
SReclaimable:      35908 kB
SUnreclaim:        83840 kB
KernelStack:       34336 kB
PageTables:        56928 kB
NFS_Unstable:          0 kB
Bounce:                0 kB
WritebackTmp:          0 kB
CommitLimit:     2172840 kB
Committed_AS:   92505856 kB
VmallocTotal:   251658176 kB
VmallocUsed:      138816 kB
VmallocChunk:   251412012 kB
Time pass: 160 sec

---2015-12-05 14:07:44
MemTotal:        2905316 kB
MemFree:           69692 kB
Buffers:           26776 kB
Cached:          1040448 kB
SwapCached:            0 kB
Active:          1315084 kB
Inactive:         718104 kB
Active(anon):     799692 kB
Inactive(anon):   202504 kB
Active(file):     515392 kB
Inactive(file):   515600 kB
Unevictable:       12456 kB
Mlocked:               0 kB
SwapTotal:        720184 kB
SwapFree:         720156 kB
Dirty:                52 kB
Writeback:             0 kB
AnonPages:        978648 kB
Mapped:           696736 kB
Shmem:             23776 kB
Slab:             119756 kB
SReclaimable:      35908 kB
SUnreclaim:        83848 kB
KernelStack:       34400 kB
PageTables:        56968 kB
NFS_Unstable:          0 kB
Bounce:                0 kB
WritebackTmp:          0 kB
CommitLimit:     2172840 kB
Committed_AS:   92519204 kB
VmallocTotal:   251658176 kB
VmallocUsed:      138816 kB
VmallocChunk:   251412012 kB
Time pass: 164 sec

---2015-12-05 14:07:44
MemTotal:        2905316 kB
MemFree:           67884 kB
Buffers:           26776 kB
Cached:          1040152 kB
SwapCached:            0 kB
Active:          1315520 kB
Inactive:         717580 kB
Active(anon):     799904 kB
Inactive(anon):   202112 kB
Active(file):     515616 kB
Inactive(file):   515468 kB
Unevictable:       12456 kB
Mlocked:               0 kB
SwapTotal:        720184 kB
SwapFree:         720156 kB
Dirty:                 8 kB
Writeback:             0 kB
AnonPages:        978812 kB
Mapped:           696484 kB
Shmem:             23388 kB
Slab:             119792 kB
SReclaimable:      35908 kB
SUnreclaim:        83884 kB
KernelStack:       34320 kB
PageTables:        57020 kB
NFS_Unstable:          0 kB
Bounce:                0 kB
WritebackTmp:          0 kB
CommitLimit:     2172840 kB
Committed_AS:   92523584 kB
VmallocTotal:   251658176 kB
VmallocUsed:      138816 kB
VmallocChunk:   251412012 kB
Time pass: 168 sec

---2015-12-05 14:07:44
MemTotal:        2905316 kB
MemFree:           63732 kB
Buffers:           26784 kB
Cached:          1040260 kB
SwapCached:            0 kB
Active:          1320112 kB
Inactive:         717692 kB
Active(anon):     804492 kB
Inactive(anon):   202212 kB
Active(file):     515620 kB
Inactive(file):   515480 kB
Unevictable:       12456 kB
Mlocked:               0 kB
SwapTotal:        720184 kB
SwapFree:         720156 kB
Dirty:                92 kB
Writeback:             0 kB
AnonPages:        983160 kB
Mapped:           697280 kB
Shmem:             23488 kB
Slab:             119808 kB
SReclaimable:      35924 kB
SUnreclaim:        83884 kB
KernelStack:       34448 kB
PageTables:        57572 kB
NFS_Unstable:          0 kB
Bounce:                0 kB
WritebackTmp:          0 kB
CommitLimit:     2172840 kB
Committed_AS:   93278400 kB
VmallocTotal:   251658176 kB
VmallocUsed:      139836 kB
VmallocChunk:   251412012 kB
Time pass: 172 sec

---2015-12-05 14:07:44
MemTotal:        2905316 kB
MemFree:           65716 kB
Buffers:           26760 kB
Cached:          1036876 kB
SwapCached:            0 kB
Active:          1319128 kB
Inactive:         716092 kB
Active(anon):     805324 kB
Inactive(anon):   202236 kB
Active(file):     513804 kB
Inactive(file):   513856 kB
Unevictable:       12456 kB
Mlocked:               0 kB
SwapTotal:        720184 kB
SwapFree:         720156 kB
Dirty:                88 kB
Writeback:             0 kB
AnonPages:        984124 kB
Mapped:           695876 kB
Shmem:             23520 kB
Slab:             119784 kB
SReclaimable:      35924 kB
SUnreclaim:        83860 kB
KernelStack:       34432 kB
PageTables:        57588 kB
NFS_Unstable:          0 kB
Bounce:                0 kB
WritebackTmp:          0 kB
CommitLimit:     2172840 kB
Committed_AS:   93278680 kB
VmallocTotal:   251658176 kB
VmallocUsed:      139836 kB
VmallocChunk:   251412012 kB
Time pass: 175 sec

---2015-12-05 14:07:44
MemTotal:        2905316 kB
MemFree:           66628 kB
Buffers:           26768 kB
Cached:          1036880 kB
SwapCached:            0 kB
Active:          1318496 kB
Inactive:         716100 kB
Active(anon):     804688 kB
Inactive(anon):   202236 kB
Active(file):     513808 kB
Inactive(file):   513864 kB
Unevictable:       12456 kB
Mlocked:               0 kB
SwapTotal:        720184 kB
SwapFree:         720156 kB
Dirty:                36 kB
Writeback:             0 kB
AnonPages:        983536 kB
Mapped:           695888 kB
Shmem:             23520 kB
Slab:             119824 kB
SReclaimable:      35924 kB
SUnreclaim:        83900 kB
KernelStack:       34384 kB
PageTables:        57596 kB
NFS_Unstable:          0 kB
Bounce:                0 kB
WritebackTmp:          0 kB
CommitLimit:     2172840 kB
Committed_AS:   93278564 kB
VmallocTotal:   251658176 kB
VmallocUsed:      139836 kB
VmallocChunk:   251412012 kB
Time pass: 179 sec

---2015-12-05 14:07:44
MemTotal:        2905316 kB
MemFree:           77840 kB
Buffers:           26784 kB
Cached:          1036672 kB
SwapCached:            0 kB
Active:          1308980 kB
Inactive:         715880 kB
Active(anon):     795144 kB
Inactive(anon):   201976 kB
Active(file):     513836 kB
Inactive(file):   513904 kB
Unevictable:       12456 kB
Mlocked:               0 kB
SwapTotal:        720184 kB
SwapFree:         720156 kB
Dirty:                28 kB
Writeback:             0 kB
AnonPages:        973768 kB
Mapped:           695532 kB
Shmem:             23256 kB
Slab:             119924 kB
SReclaimable:      35924 kB
SUnreclaim:        84000 kB
KernelStack:       34048 kB
PageTables:        57412 kB
NFS_Unstable:          0 kB
Bounce:                0 kB
WritebackTmp:          0 kB
CommitLimit:     2172840 kB
Committed_AS:   93250044 kB
VmallocTotal:   251658176 kB
VmallocUsed:      139836 kB
VmallocChunk:   251412012 kB
Time pass: 183 sec

---2015-12-05 14:07:44
MemTotal:        2905316 kB
MemFree:           77908 kB
Buffers:           26792 kB
Cached:          1036676 kB
SwapCached:            0 kB
Active:          1308996 kB
Inactive:         715880 kB
Active(anon):     795152 kB
Inactive(anon):   201976 kB
Active(file):     513844 kB
Inactive(file):   513904 kB
Unevictable:       12456 kB
Mlocked:               0 kB
SwapTotal:        720184 kB
SwapFree:         720156 kB
Dirty:                84 kB
Writeback:             0 kB
AnonPages:        973856 kB
Mapped:           695536 kB
Shmem:             23256 kB
Slab:             119924 kB
SReclaimable:      35924 kB
SUnreclaim:        84000 kB
KernelStack:       34064 kB
PageTables:        57412 kB
NFS_Unstable:          0 kB
Bounce:                0 kB
WritebackTmp:          0 kB
CommitLimit:     2172840 kB
Committed_AS:   93249996 kB
VmallocTotal:   251658176 kB
VmallocUsed:      139804 kB
VmallocChunk:   251412012 kB
Time pass: 187 sec

---2015-12-05 14:07:44
MemTotal:        2905316 kB
MemFree:           64376 kB
Buffers:           26824 kB
Cached:          1036928 kB
SwapCached:            0 kB
Active:          1322296 kB
Inactive:         716136 kB
Active(anon):     808420 kB
Inactive(anon):   202132 kB
Active(file):     513876 kB
Inactive(file):   514004 kB
Unevictable:       12456 kB
Mlocked:               0 kB
SwapTotal:        720184 kB
SwapFree:         720156 kB
Dirty:               176 kB
Writeback:             0 kB
AnonPages:        987072 kB
Mapped:           695876 kB
Shmem:             23416 kB
Slab:             119776 kB
SReclaimable:      35924 kB
SUnreclaim:        83852 kB
KernelStack:       34432 kB
PageTables:        57560 kB
NFS_Unstable:          0 kB
Bounce:                0 kB
WritebackTmp:          0 kB
CommitLimit:     2172840 kB
Committed_AS:   93278728 kB
VmallocTotal:   251658176 kB
VmallocUsed:      139836 kB
VmallocChunk:   251412012 kB
Time pass: 190 sec

---2015-12-05 14:07:44
MemTotal:        2905316 kB
MemFree:           70304 kB
Buffers:           26816 kB
Cached:          1029856 kB
SwapCached:            0 kB
Active:          1319560 kB
Inactive:         713204 kB
Active(anon):     809248 kB
Inactive(anon):   202744 kB
Active(file):     510312 kB
Inactive(file):   510460 kB
Unevictable:       12456 kB
Mlocked:               0 kB
SwapTotal:        720184 kB
SwapFree:         720156 kB
Dirty:                68 kB
Writeback:             0 kB
AnonPages:        988676 kB
Mapped:           694744 kB
Shmem:             23444 kB
Slab:             119948 kB
SReclaimable:      35940 kB
SUnreclaim:        84008 kB
KernelStack:       34432 kB
PageTables:        57564 kB
NFS_Unstable:          0 kB
Bounce:                0 kB
WritebackTmp:          0 kB
CommitLimit:     2172840 kB
Committed_AS:   93278700 kB
VmallocTotal:   251658176 kB
VmallocUsed:      139836 kB
VmallocChunk:   251412012 kB
Time pass: 194 sec

---2015-12-05 14:07:44
MemTotal:        2905316 kB
MemFree:           69988 kB
Buffers:           26824 kB
Cached:          1029896 kB
SwapCached:            0 kB
Active:          1320544 kB
Inactive:         713236 kB
Active(anon):     810216 kB
Inactive(anon):   202776 kB
Active(file):     510328 kB
Inactive(file):   510460 kB
Unevictable:       12456 kB
Mlocked:               0 kB
SwapTotal:        720184 kB
SwapFree:         720156 kB
Dirty:               120 kB
Writeback:             0 kB
AnonPages:        989400 kB
Mapped:           694784 kB
Shmem:             23476 kB
Slab:             119800 kB
SReclaimable:      35940 kB
SUnreclaim:        83860 kB
KernelStack:       34432 kB
PageTables:        57568 kB
NFS_Unstable:          0 kB
Bounce:                0 kB
WritebackTmp:          0 kB
CommitLimit:     2172840 kB
Committed_AS:   93278712 kB
VmallocTotal:   251658176 kB
VmallocUsed:      139836 kB
VmallocChunk:   251412012 kB
Time pass: 198 sec

---2015-12-05 14:07:44
MemTotal:        2905316 kB
MemFree:           72772 kB
Buffers:           26832 kB
Cached:          1029464 kB
SwapCached:            0 kB
Active:          1320040 kB
Inactive:         712792 kB
Active(anon):     809700 kB
Inactive(anon):   202160 kB
Active(file):     510340 kB
Inactive(file):   510632 kB
Unevictable:       12456 kB
Mlocked:               0 kB
SwapTotal:        720184 kB
SwapFree:         720156 kB
Dirty:                60 kB
Writeback:             0 kB
AnonPages:        988932 kB
Mapped:           694324 kB
Shmem:             22860 kB
Slab:             117396 kB
SReclaimable:      35940 kB
SUnreclaim:        81456 kB
KernelStack:       34416 kB
PageTables:        57028 kB
NFS_Unstable:          0 kB
Bounce:                0 kB
WritebackTmp:          0 kB
CommitLimit:     2172840 kB
Committed_AS:   92996332 kB
VmallocTotal:   251658176 kB
VmallocUsed:      139836 kB
VmallocChunk:   251412012 kB
Time pass: 201 sec

---2015-12-05 14:07:44
MemTotal:        2905316 kB
MemFree:           75228 kB
Buffers:           26840 kB
Cached:          1029472 kB
SwapCached:            0 kB
Active:          1317636 kB
Inactive:         712808 kB
Active(anon):     807288 kB
Inactive(anon):   202160 kB
Active(file):     510348 kB
Inactive(file):   510648 kB
Unevictable:       12456 kB
Mlocked:               0 kB
SwapTotal:        720184 kB
SwapFree:         720156 kB
Dirty:                56 kB
Writeback:             0 kB
AnonPages:        986680 kB
Mapped:           694336 kB
Shmem:             22860 kB
Slab:             117396 kB
SReclaimable:      35940 kB
SUnreclaim:        81456 kB
KernelStack:       34416 kB
PageTables:        57032 kB
NFS_Unstable:          0 kB
Bounce:                0 kB
WritebackTmp:          0 kB
CommitLimit:     2172840 kB
Committed_AS:   92996332 kB
VmallocTotal:   251658176 kB
VmallocUsed:      139836 kB
VmallocChunk:   251412012 kB
Time pass: 205 sec

---2015-12-05 14:07:44
MemTotal:        2905316 kB
MemFree:           74100 kB
Buffers:           26848 kB
Cached:          1029504 kB
SwapCached:            0 kB
Active:          1318680 kB
Inactive:         712848 kB
Active(anon):     808332 kB
Inactive(anon):   202160 kB
Active(file):     510348 kB
Inactive(file):   510688 kB
Unevictable:       12456 kB
Mlocked:               0 kB
SwapTotal:        720184 kB
SwapFree:         720156 kB
Dirty:                60 kB
Writeback:             0 kB
AnonPages:        987600 kB
Mapped:           694348 kB
Shmem:             22860 kB
Slab:             117396 kB
SReclaimable:      35940 kB
SUnreclaim:        81456 kB
KernelStack:       34416 kB
PageTables:        57032 kB
NFS_Unstable:          0 kB
Bounce:                0 kB
WritebackTmp:          0 kB
CommitLimit:     2172840 kB
Committed_AS:   92996224 kB
VmallocTotal:   251658176 kB
VmallocUsed:      139836 kB
VmallocChunk:   251412012 kB
Time pass: 209 sec

---2015-12-05 14:07:44
MemTotal:        2905316 kB
MemFree:           73908 kB
Buffers:           26848 kB
Cached:          1029508 kB
SwapCached:            0 kB
Active:          1318964 kB
Inactive:         712840 kB
Active(anon):     808608 kB
Inactive(anon):   202156 kB
Active(file):     510356 kB
Inactive(file):   510684 kB
Unevictable:       12456 kB
Mlocked:               0 kB
SwapTotal:        720184 kB
SwapFree:         720156 kB
Dirty:                68 kB
Writeback:             0 kB
AnonPages:        987904 kB
Mapped:           694372 kB
Shmem:             22860 kB
Slab:             117396 kB
SReclaimable:      35940 kB
SUnreclaim:        81456 kB
KernelStack:       34400 kB
PageTables:        57032 kB
NFS_Unstable:          0 kB
Bounce:                0 kB
WritebackTmp:          0 kB
CommitLimit:     2172840 kB
Committed_AS:   92996332 kB
VmallocTotal:   251658176 kB
VmallocUsed:      139836 kB
VmallocChunk:   251412012 kB
Time pass: 213 sec

---2015-12-05 14:07:44
MemTotal:        2905316 kB
MemFree:           67468 kB
Buffers:           26864 kB
Cached:          1029772 kB
SwapCached:            0 kB
Active:          1321220 kB
Inactive:         712984 kB
Active(anon):     810780 kB
Inactive(anon):   202156 kB
Active(file):     510440 kB
Inactive(file):   510828 kB
Unevictable:       12456 kB
Mlocked:               0 kB
SwapTotal:        720184 kB
SwapFree:         720156 kB
Dirty:                52 kB
Writeback:             0 kB
AnonPages:        990044 kB
Mapped:           694460 kB
Shmem:             22860 kB
Slab:             121212 kB
SReclaimable:      39436 kB
SUnreclaim:        81776 kB
KernelStack:       34464 kB
PageTables:        57132 kB
NFS_Unstable:          0 kB
Bounce:                0 kB
WritebackTmp:          0 kB
CommitLimit:     2172840 kB
Committed_AS:   93007832 kB
VmallocTotal:   251658176 kB
VmallocUsed:      140856 kB
VmallocChunk:   251412012 kB
Time pass: 216 sec

---2015-12-05 14:07:44
MemTotal:        2905316 kB
MemFree:           67776 kB
Buffers:           26872 kB
Cached:          1029876 kB
SwapCached:            0 kB
Active:          1320396 kB
Inactive:         713124 kB
Active(anon):     809932 kB
Inactive(anon):   202156 kB
Active(file):     510464 kB
Inactive(file):   510968 kB
Unevictable:       12456 kB
Mlocked:               0 kB
SwapTotal:        720184 kB
SwapFree:         720156 kB
Dirty:               124 kB
Writeback:             0 kB
AnonPages:        989312 kB
Mapped:           694472 kB
Shmem:             22860 kB
Slab:             121644 kB
SReclaimable:      39820 kB
SUnreclaim:        81824 kB
KernelStack:       34432 kB
PageTables:        57076 kB
NFS_Unstable:          0 kB
Bounce:                0 kB
WritebackTmp:          0 kB
CommitLimit:     2172840 kB
Committed_AS:   93002244 kB
VmallocTotal:   251658176 kB
VmallocUsed:      139836 kB
VmallocChunk:   251412012 kB
Time pass: 220 sec

---2015-12-05 14:07:44
MemTotal:        2905316 kB
MemFree:           66720 kB
Buffers:           26888 kB
Cached:          1029864 kB
SwapCached:            0 kB
Active:          1321044 kB
Inactive:         713116 kB
Active(anon):     810568 kB
Inactive(anon):   202156 kB
Active(file):     510476 kB
Inactive(file):   510960 kB
Unevictable:       12456 kB
Mlocked:               0 kB
SwapTotal:        720184 kB
SwapFree:         720156 kB
Dirty:                12 kB
Writeback:             0 kB
AnonPages:        990112 kB
Mapped:           694504 kB
Shmem:             22860 kB
Slab:             121648 kB
SReclaimable:      39820 kB
SUnreclaim:        81828 kB
KernelStack:       34352 kB
PageTables:        57028 kB
NFS_Unstable:          0 kB
Bounce:                0 kB
WritebackTmp:          0 kB
CommitLimit:     2172840 kB
Committed_AS:   93001188 kB
VmallocTotal:   251658176 kB
VmallocUsed:      139836 kB
VmallocChunk:   251412012 kB
Time pass: 224 sec

---2015-12-05 14:07:44
MemTotal:        2905316 kB
MemFree:           65912 kB
Buffers:           26912 kB
Cached:          1029968 kB
SwapCached:            0 kB
Active:          1322148 kB
Inactive:         713196 kB
Active(anon):     811624 kB
Inactive(anon):   202148 kB
Active(file):     510524 kB
Inactive(file):   511048 kB
Unevictable:       12456 kB
Mlocked:               0 kB
SwapTotal:        720184 kB
SwapFree:         720156 kB
Dirty:                 0 kB
Writeback:             0 kB
AnonPages:        990752 kB
Mapped:           694516 kB
Shmem:             22852 kB
Slab:             121604 kB
SReclaimable:      39808 kB
SUnreclaim:        81796 kB
KernelStack:       34352 kB
PageTables:        57088 kB
NFS_Unstable:          0 kB
Bounce:                0 kB
WritebackTmp:          0 kB
CommitLimit:     2172840 kB
Committed_AS:   93001216 kB
VmallocTotal:   251658176 kB
VmallocUsed:      139836 kB
VmallocChunk:   251412012 kB
Time pass: 227 sec

---2015-12-05 14:07:44
MemTotal:        2905316 kB
MemFree:           65216 kB
Buffers:           26920 kB
Cached:          1030148 kB
SwapCached:            0 kB
Active:          1322512 kB
Inactive:         713380 kB
Active(anon):     811984 kB
Inactive(anon):   202324 kB
Active(file):     510528 kB
Inactive(file):   511056 kB
Unevictable:       12456 kB
Mlocked:               0 kB
SwapTotal:        720184 kB
SwapFree:         720156 kB
Dirty:                76 kB
Writeback:             0 kB
AnonPages:        991208 kB
Mapped:           694696 kB
Shmem:             23028 kB
Slab:             121608 kB
SReclaimable:      39812 kB
SUnreclaim:        81796 kB
KernelStack:       34384 kB
PageTables:        57128 kB
NFS_Unstable:          0 kB
Bounce:                0 kB
WritebackTmp:          0 kB
CommitLimit:     2172840 kB
Committed_AS:   93027892 kB
VmallocTotal:   251658176 kB
VmallocUsed:      139836 kB
VmallocChunk:   251412012 kB
Time pass: 231 sec

---2015-12-05 14:07:44
MemTotal:        2905316 kB
MemFree:           64772 kB
Buffers:           26920 kB
Cached:          1030156 kB
SwapCached:            0 kB
Active:          1323192 kB
Inactive:         713380 kB
Active(anon):     812660 kB
Inactive(anon):   202324 kB
Active(file):     510532 kB
Inactive(file):   511056 kB
Unevictable:       12456 kB
Mlocked:               0 kB
SwapTotal:        720184 kB
SwapFree:         720156 kB
Dirty:                12 kB
Writeback:             0 kB
AnonPages:        991868 kB
Mapped:           694720 kB
Shmem:             23028 kB
Slab:             121612 kB
SReclaimable:      39816 kB
SUnreclaim:        81796 kB
KernelStack:       34384 kB
PageTables:        57128 kB
NFS_Unstable:          0 kB
Bounce:                0 kB
WritebackTmp:          0 kB
CommitLimit:     2172840 kB
Committed_AS:   93027880 kB
VmallocTotal:   251658176 kB
VmallocUsed:      139836 kB
VmallocChunk:   251412012 kB
Time pass: 235 sec

---2015-12-05 14:07:44
MemTotal:        2905316 kB
MemFree:           63012 kB
Buffers:           26928 kB
Cached:          1030652 kB
SwapCached:            0 kB
Active:          1323540 kB
Inactive:         713884 kB
Active(anon):     813004 kB
Inactive(anon):   202820 kB
Active(file):     510536 kB
Inactive(file):   511064 kB
Unevictable:       12456 kB
Mlocked:               0 kB
SwapTotal:        720184 kB
SwapFree:         720156 kB
Dirty:                 4 kB
Writeback:             0 kB
AnonPages:        992448 kB
Mapped:           695236 kB
Shmem:             23524 kB
Slab:             121624 kB
SReclaimable:      39820 kB
SUnreclaim:        81804 kB
KernelStack:       34384 kB
PageTables:        57132 kB
NFS_Unstable:          0 kB
Bounce:                0 kB
WritebackTmp:          0 kB
CommitLimit:     2172840 kB
Committed_AS:   93027896 kB
VmallocTotal:   251658176 kB
VmallocUsed:      139836 kB
VmallocChunk:   251412012 kB
Time pass: 239 sec

---2015-12-05 14:07:44
MemTotal:        2905316 kB
MemFree:           69272 kB
Buffers:           26944 kB
Cached:          1025072 kB
SwapCached:            0 kB
Active:          1321920 kB
Inactive:         711444 kB
Active(anon):     813720 kB
Inactive(anon):   202940 kB
Active(file):     508200 kB
Inactive(file):   508504 kB
Unevictable:       12456 kB
Mlocked:               0 kB
SwapTotal:        720184 kB
SwapFree:         720156 kB
Dirty:               136 kB
Writeback:             0 kB
AnonPages:        993976 kB
Mapped:           693592 kB
Shmem:             22856 kB
Slab:             121600 kB
SReclaimable:      39828 kB
SUnreclaim:        81772 kB
KernelStack:       34400 kB
PageTables:        57104 kB
NFS_Unstable:          0 kB
Bounce:                0 kB
WritebackTmp:          0 kB
CommitLimit:     2172840 kB
Committed_AS:   93030224 kB
VmallocTotal:   251658176 kB
VmallocUsed:      139836 kB
VmallocChunk:   251412012 kB
Time pass: 243 sec

---2015-12-05 14:07:44
MemTotal:        2905316 kB
MemFree:           67296 kB
Buffers:           26968 kB
Cached:          1025120 kB
SwapCached:            0 kB
Active:          1323812 kB
Inactive:         711500 kB
Active(anon):     815596 kB
Inactive(anon):   202948 kB
Active(file):     508216 kB
Inactive(file):   508552 kB
Unevictable:       12456 kB
Mlocked:               0 kB
SwapTotal:        720184 kB
SwapFree:         720156 kB
Dirty:               108 kB
Writeback:             0 kB
AnonPages:        995876 kB
Mapped:           693620 kB
Shmem:             22864 kB
Slab:             121600 kB
SReclaimable:      39828 kB
SUnreclaim:        81772 kB
KernelStack:       34400 kB
PageTables:        57104 kB
NFS_Unstable:          0 kB
Bounce:                0 kB
WritebackTmp:          0 kB
CommitLimit:     2172840 kB
Committed_AS:   93030308 kB
VmallocTotal:   251658176 kB
VmallocUsed:      139836 kB
VmallocChunk:   251412012 kB
Time pass: 246 sec

---2015-12-05 14:07:44
MemTotal:        2905316 kB
MemFree:           66680 kB
Buffers:           26976 kB
Cached:          1025132 kB
SwapCached:            0 kB
Active:          1324272 kB
Inactive:         711508 kB
Active(anon):     816052 kB
Inactive(anon):   202956 kB
Active(file):     508220 kB
Inactive(file):   508552 kB
Unevictable:       12456 kB
Mlocked:               0 kB
SwapTotal:        720184 kB
SwapFree:         720156 kB
Dirty:                20 kB
Writeback:             0 kB
AnonPages:        996128 kB
Mapped:           693696 kB
Shmem:             22872 kB
Slab:             121600 kB
SReclaimable:      39828 kB
SUnreclaim:        81772 kB
KernelStack:       34400 kB
PageTables:        57124 kB
NFS_Unstable:          0 kB
Bounce:                0 kB
WritebackTmp:          0 kB
CommitLimit:     2172840 kB
Committed_AS:   93030280 kB
VmallocTotal:   251658176 kB
VmallocUsed:      139836 kB
VmallocChunk:   251412012 kB
Time pass: 250 sec

---2015-12-05 14:07:44
MemTotal:        2905316 kB
MemFree:           65560 kB
Buffers:           26992 kB
Cached:          1025212 kB
SwapCached:            0 kB
Active:          1326220 kB
Inactive:         711596 kB
Active(anon):     817988 kB
Inactive(anon):   202960 kB
Active(file):     508232 kB
Inactive(file):   508636 kB
Unevictable:       12456 kB
Mlocked:               0 kB
SwapTotal:        720184 kB
SwapFree:         720156 kB
Dirty:                56 kB
Writeback:             0 kB
AnonPages:        998052 kB
Mapped:           693708 kB
Shmem:             22876 kB
Slab:             121504 kB
SReclaimable:      39828 kB
SUnreclaim:        81676 kB
KernelStack:       34368 kB
PageTables:        57132 kB
NFS_Unstable:          0 kB
Bounce:                0 kB
WritebackTmp:          0 kB
CommitLimit:     2172840 kB
Committed_AS:   93030220 kB
VmallocTotal:   251658176 kB
VmallocUsed:      139836 kB
VmallocChunk:   251412012 kB
Time pass: 254 sec

---2015-12-05 14:07:44
MemTotal:        2905316 kB
MemFree:           64080 kB
Buffers:           27000 kB
Cached:          1025216 kB
SwapCached:            0 kB
Active:          1326480 kB
Inactive:         711604 kB
Active(anon):     818240 kB
Inactive(anon):   202960 kB
Active(file):     508240 kB
Inactive(file):   508644 kB
Unevictable:       12456 kB
Mlocked:               0 kB
SwapTotal:        720184 kB
SwapFree:         720156 kB
Dirty:               100 kB
Writeback:             0 kB
AnonPages:        998160 kB
Mapped:           693756 kB
Shmem:             22876 kB
Slab:             121504 kB
SReclaimable:      39828 kB
SUnreclaim:        81676 kB
KernelStack:       34368 kB
PageTables:        57132 kB
NFS_Unstable:          0 kB
Bounce:                0 kB
WritebackTmp:          0 kB
CommitLimit:     2172840 kB
Committed_AS:   93030316 kB
VmallocTotal:   251658176 kB
VmallocUsed:      139836 kB
VmallocChunk:   251412012 kB
Time pass: 258 sec

---2015-12-05 14:07:44
MemTotal:        2905316 kB
MemFree:           63784 kB
Buffers:           27008 kB
Cached:          1025272 kB
SwapCached:            0 kB
Active:          1326788 kB
Inactive:         711664 kB
Active(anon):     818544 kB
Inactive(anon):   203020 kB
Active(file):     508244 kB
Inactive(file):   508644 kB
Unevictable:       12456 kB
Mlocked:               0 kB
SwapTotal:        720184 kB
SwapFree:         720156 kB
Dirty:                48 kB
Writeback:             0 kB
AnonPages:        998636 kB
Mapped:           693820 kB
Shmem:             22936 kB
Slab:             121500 kB
SReclaimable:      39824 kB
SUnreclaim:        81676 kB
KernelStack:       34336 kB
PageTables:        57180 kB
NFS_Unstable:          0 kB
Bounce:                0 kB
WritebackTmp:          0 kB
CommitLimit:     2172840 kB
Committed_AS:   93056988 kB
VmallocTotal:   251658176 kB
VmallocUsed:      139836 kB
VmallocChunk:   251412012 kB
Time pass: 261 sec

---2015-12-05 14:07:44
MemTotal:        2905316 kB
MemFree:           69324 kB
Buffers:           27024 kB
Cached:          1018480 kB
SwapCached:            0 kB
Active:          1324700 kB
Inactive:         709860 kB
Active(anon):     819744 kB
Inactive(anon):   204704 kB
Active(file):     504956 kB
Inactive(file):   505156 kB
Unevictable:       12456 kB
Mlocked:               0 kB
SwapTotal:        720184 kB
SwapFree:         720156 kB
Dirty:               132 kB
Writeback:             0 kB
AnonPages:       1001412 kB
Mapped:           693796 kB
Shmem:             22936 kB
Slab:             121500 kB
SReclaimable:      39824 kB
SUnreclaim:        81676 kB
KernelStack:       34336 kB
PageTables:        57180 kB
NFS_Unstable:          0 kB
Bounce:                0 kB
WritebackTmp:          0 kB
CommitLimit:     2172840 kB
Committed_AS:   93056964 kB
VmallocTotal:   251658176 kB
VmallocUsed:      139836 kB
VmallocChunk:   251412012 kB
Time pass: 265 sec

---2015-12-05 14:07:44
MemTotal:        2905316 kB
MemFree:           68400 kB
Buffers:           27040 kB
Cached:          1018512 kB
SwapCached:            0 kB
Active:          1325244 kB
Inactive:         709872 kB
Active(anon):     820256 kB
Inactive(anon):   204708 kB
Active(file):     504988 kB
Inactive(file):   505164 kB
Unevictable:       12456 kB
Mlocked:               0 kB
SwapTotal:        720184 kB
SwapFree:         720156 kB
Dirty:                16 kB
Writeback:             0 kB
AnonPages:       1001812 kB
Mapped:           693804 kB
Shmem:             22944 kB
Slab:             121500 kB
SReclaimable:      39824 kB
SUnreclaim:        81676 kB
KernelStack:       34304 kB
PageTables:        57180 kB
NFS_Unstable:          0 kB
Bounce:                0 kB
WritebackTmp:          0 kB
CommitLimit:     2172840 kB
Committed_AS:   93056940 kB
VmallocTotal:   251658176 kB
VmallocUsed:      139836 kB
VmallocChunk:   251412012 kB
Time pass: 269 sec

---2015-12-05 14:07:44
MemTotal:        2905316 kB
MemFree:           67636 kB
Buffers:           27048 kB
Cached:          1018516 kB
SwapCached:            0 kB
Active:          1325960 kB
Inactive:         709884 kB
Active(anon):     820968 kB
Inactive(anon):   204716 kB
Active(file):     504992 kB
Inactive(file):   505168 kB
Unevictable:       12456 kB
Mlocked:               0 kB
SwapTotal:        720184 kB
SwapFree:         720156 kB
Dirty:                28 kB
Writeback:             0 kB
AnonPages:       1002492 kB
Mapped:           693828 kB
Shmem:             22948 kB
Slab:             121500 kB
SReclaimable:      39824 kB
SUnreclaim:        81676 kB
KernelStack:       34304 kB
PageTables:        57180 kB
NFS_Unstable:          0 kB
Bounce:                0 kB
WritebackTmp:          0 kB
CommitLimit:     2172840 kB
Committed_AS:   93056976 kB
VmallocTotal:   251658176 kB
VmallocUsed:      139836 kB
VmallocChunk:   251412012 kB
Time pass: 273 sec

---2015-12-05 14:07:44
MemTotal:        2905316 kB
MemFree:           71756 kB
Buffers:           27064 kB
Cached:          1018604 kB
SwapCached:            0 kB
Active:          1322140 kB
Inactive:         709976 kB
Active(anon):     817140 kB
Inactive(anon):   204736 kB
Active(file):     505000 kB
Inactive(file):   505240 kB
Unevictable:       12456 kB
Mlocked:               0 kB
SwapTotal:        720184 kB
SwapFree:         720156 kB
Dirty:                96 kB
Writeback:             0 kB
AnonPages:        998756 kB
Mapped:           693868 kB
Shmem:             22972 kB
Slab:             121500 kB
SReclaimable:      39824 kB
SUnreclaim:        81676 kB
KernelStack:       34304 kB
PageTables:        57180 kB
NFS_Unstable:          0 kB
Bounce:                0 kB
WritebackTmp:          0 kB
CommitLimit:     2172840 kB
Committed_AS:   93056928 kB
VmallocTotal:   251658176 kB
VmallocUsed:      139836 kB
VmallocChunk:   251412012 kB
Time pass: 276 sec

---2015-12-05 14:07:44
MemTotal:        2905316 kB
MemFree:           77276 kB
Buffers:           27072 kB
Cached:          1018608 kB
SwapCached:            0 kB
Active:          1316184 kB
Inactive:         709980 kB
Active(anon):     811184 kB
Inactive(anon):   204736 kB
Active(file):     505000 kB
Inactive(file):   505244 kB
Unevictable:       12456 kB
Mlocked:               0 kB
SwapTotal:        720184 kB
SwapFree:         720156 kB
Dirty:                56 kB
Writeback:             0 kB
AnonPages:        992948 kB
Mapped:           693880 kB
Shmem:             22976 kB
Slab:             121500 kB
SReclaimable:      39824 kB
SUnreclaim:        81676 kB
KernelStack:       34304 kB
PageTables:        57180 kB
NFS_Unstable:          0 kB
Bounce:                0 kB
WritebackTmp:          0 kB
CommitLimit:     2172840 kB
Committed_AS:   93056952 kB
VmallocTotal:   251658176 kB
VmallocUsed:      139836 kB
VmallocChunk:   251412012 kB
Time pass: 280 sec

---2015-12-05 14:07:44
MemTotal:        2905316 kB
MemFree:           76740 kB
Buffers:           27072 kB
Cached:          1018612 kB
SwapCached:            0 kB
Active:          1316528 kB
Inactive:         709988 kB
Active(anon):     811524 kB
Inactive(anon):   204740 kB
Active(file):     505004 kB
Inactive(file):   505248 kB
Unevictable:       12456 kB
Mlocked:               0 kB
SwapTotal:        720184 kB
SwapFree:         720156 kB
Dirty:                12 kB
Writeback:             0 kB
AnonPages:        993196 kB
Mapped:           693968 kB
Shmem:             22976 kB
Slab:             121500 kB
SReclaimable:      39824 kB
SUnreclaim:        81676 kB
KernelStack:       34272 kB
PageTables:        57180 kB
NFS_Unstable:          0 kB
Bounce:                0 kB
WritebackTmp:          0 kB
CommitLimit:     2172840 kB
Committed_AS:   93056928 kB
VmallocTotal:   251658176 kB
VmallocUsed:      139836 kB
VmallocChunk:   251412012 kB
Time pass: 284 sec

---2015-12-05 14:07:44
MemTotal:        2905316 kB
MemFree:           76880 kB
Buffers:           27096 kB
Cached:          1018652 kB
SwapCached:            0 kB
Active:          1316844 kB
Inactive:         710044 kB
Active(anon):     811832 kB
Inactive(anon):   204744 kB
Active(file):     505012 kB
Inactive(file):   505300 kB
Unevictable:       12456 kB
Mlocked:               0 kB
SwapTotal:        720184 kB
SwapFree:         720156 kB
Dirty:                 4 kB
Writeback:             0 kB
AnonPages:        993676 kB
Mapped:           693928 kB
Shmem:             22980 kB
Slab:             121500 kB
SReclaimable:      39824 kB
SUnreclaim:        81676 kB
KernelStack:       34272 kB
PageTables:        57160 kB
NFS_Unstable:          0 kB
Bounce:                0 kB
WritebackTmp:          0 kB
CommitLimit:     2172840 kB
Committed_AS:   93056928 kB
VmallocTotal:   251658176 kB
VmallocUsed:      139836 kB
VmallocChunk:   251412012 kB
Time pass: 288 sec

---2015-12-05 14:07:44
MemTotal:        2905316 kB
MemFree:           75548 kB
Buffers:           27096 kB
Cached:          1018712 kB
SwapCached:            0 kB
Active:          1317436 kB
Inactive:         710104 kB
Active(anon):     812424 kB
Inactive(anon):   204804 kB
Active(file):     505012 kB
Inactive(file):   505300 kB
Unevictable:       12456 kB
Mlocked:               0 kB
SwapTotal:        720184 kB
SwapFree:         720156 kB
Dirty:                 4 kB
Writeback:             0 kB
AnonPages:        994280 kB
Mapped:           693996 kB
Shmem:             23040 kB
Slab:             121496 kB
SReclaimable:      39824 kB
SUnreclaim:        81672 kB
KernelStack:       34272 kB
PageTables:        57204 kB
NFS_Unstable:          0 kB
Bounce:                0 kB
WritebackTmp:          0 kB
CommitLimit:     2172840 kB
Committed_AS:   93083536 kB
VmallocTotal:   251658176 kB
VmallocUsed:      139836 kB
VmallocChunk:   251412012 kB
Time pass: 292 sec

---2015-12-05 14:07:44
MemTotal:        2905316 kB
MemFree:           74976 kB
Buffers:           27104 kB
Cached:          1018712 kB
SwapCached:            0 kB
Active:          1317916 kB
Inactive:         710112 kB
Active(anon):     812904 kB
Inactive(anon):   204804 kB
Active(file):     505012 kB
Inactive(file):   505308 kB
Unevictable:       12456 kB
Mlocked:               0 kB
SwapTotal:        720184 kB
SwapFree:         720156 kB
Dirty:                 4 kB
Writeback:             0 kB
AnonPages:        994648 kB
Mapped:           693996 kB
Shmem:             23040 kB
Slab:             121496 kB
SReclaimable:      39824 kB
SUnreclaim:        81672 kB
KernelStack:       34272 kB
PageTables:        57200 kB
NFS_Unstable:          0 kB
Bounce:                0 kB
WritebackTmp:          0 kB
CommitLimit:     2172840 kB
Committed_AS:   93083548 kB
VmallocTotal:   251658176 kB
VmallocUsed:      139836 kB
VmallocChunk:   251412012 kB
Time pass: 295 sec

---2015-12-05 14:07:44
MemTotal:        2905316 kB
MemFree:           74708 kB
Buffers:           27128 kB
Cached:          1018748 kB
SwapCached:            0 kB
Active:          1318664 kB
Inactive:         710168 kB
Active(anon):     813648 kB
Inactive(anon):   204808 kB
Active(file):     505016 kB
Inactive(file):   505360 kB
Unevictable:       12456 kB
Mlocked:               0 kB
SwapTotal:        720184 kB
SwapFree:         720156 kB
Dirty:               100 kB
Writeback:             0 kB
AnonPages:        995348 kB
Mapped:           694012 kB
Shmem:             23044 kB
Slab:             121496 kB
SReclaimable:      39824 kB
SUnreclaim:        81672 kB
KernelStack:       34256 kB
PageTables:        57208 kB
NFS_Unstable:          0 kB
Bounce:                0 kB
WritebackTmp:          0 kB
CommitLimit:     2172840 kB
Committed_AS:   93083536 kB
VmallocTotal:   251658176 kB
VmallocUsed:      139836 kB
VmallocChunk:   251412012 kB
Time pass: 299 sec

---2015-12-05 14:07:44
MemTotal:        2905316 kB
MemFree:           74360 kB
Buffers:           27128 kB
Cached:          1018776 kB
SwapCached:            0 kB
Active:          1318824 kB
Inactive:         710168 kB
Active(anon):     813800 kB
Inactive(anon):   204812 kB
Active(file):     505024 kB
Inactive(file):   505356 kB
Unevictable:       12456 kB
Mlocked:               0 kB
SwapTotal:        720184 kB
SwapFree:         720156 kB
Dirty:                 0 kB
Writeback:            36 kB
AnonPages:        995672 kB
Mapped:           694028 kB
Shmem:             23048 kB
Slab:             121496 kB
SReclaimable:      39824 kB
SUnreclaim:        81672 kB
KernelStack:       34208 kB
PageTables:        57204 kB
NFS_Unstable:          0 kB
Bounce:                0 kB
WritebackTmp:          0 kB
CommitLimit:     2172840 kB
Committed_AS:   93083520 kB
VmallocTotal:   251658176 kB
VmallocUsed:      139836 kB
VmallocChunk:   251412012 kB
Time pass: 303 sec

---2015-12-05 14:07:44
MemTotal:        2905316 kB
MemFree:           73800 kB
Buffers:           27136 kB
Cached:          1018808 kB
SwapCached:            0 kB
Active:          1318924 kB
Inactive:         710224 kB
Active(anon):     813896 kB
Inactive(anon):   204840 kB
Active(file):     505028 kB
Inactive(file):   505384 kB
Unevictable:       12456 kB
Mlocked:               0 kB
SwapTotal:        720184 kB
SwapFree:         720156 kB
Dirty:                64 kB
Writeback:             0 kB
AnonPages:        995728 kB
Mapped:           694064 kB
Shmem:             23076 kB
Slab:             121496 kB
SReclaimable:      39824 kB
SUnreclaim:        81672 kB
KernelStack:       34208 kB
PageTables:        57204 kB
NFS_Unstable:          0 kB
Bounce:                0 kB
WritebackTmp:          0 kB
CommitLimit:     2172840 kB
Committed_AS:   93083412 kB
VmallocTotal:   251658176 kB
VmallocUsed:      139836 kB
VmallocChunk:   251412012 kB
Time pass: 307 sec

---2015-12-05 14:07:44
MemTotal:        2905316 kB
MemFree:           73976 kB
Buffers:           27144 kB
Cached:          1018808 kB
SwapCached:            0 kB
Active:          1319156 kB
Inactive:         710224 kB
Active(anon):     814128 kB
Inactive(anon):   204840 kB
Active(file):     505028 kB
Inactive(file):   505384 kB
Unevictable:       12456 kB
Mlocked:               0 kB
SwapTotal:        720184 kB
SwapFree:         720156 kB
Dirty:                 4 kB
Writeback:             0 kB
AnonPages:        995632 kB
Mapped:           694132 kB
Shmem:             23076 kB
Slab:             121496 kB
SReclaimable:      39824 kB
SUnreclaim:        81672 kB
KernelStack:       34224 kB
PageTables:        57228 kB
NFS_Unstable:          0 kB
Bounce:                0 kB
WritebackTmp:          0 kB
CommitLimit:     2172840 kB
Committed_AS:   93083424 kB
VmallocTotal:   251658176 kB
VmallocUsed:      139836 kB
VmallocChunk:   251412012 kB
Time pass: 310 sec

---2015-12-05 14:07:44
MemTotal:        2905316 kB
MemFree:           73252 kB
Buffers:           27160 kB
Cached:          1018840 kB
SwapCached:            0 kB
Active:          1319700 kB
Inactive:         710268 kB
Active(anon):     814660 kB
Inactive(anon):   204840 kB
Active(file):     505040 kB
Inactive(file):   505428 kB
Unevictable:       12456 kB
Mlocked:               0 kB
SwapTotal:        720184 kB
SwapFree:         720156 kB
Dirty:                 4 kB
Writeback:             0 kB
AnonPages:        996288 kB
Mapped:           694140 kB
Shmem:             23076 kB
Slab:             121492 kB
SReclaimable:      39824 kB
SUnreclaim:        81668 kB
KernelStack:       34224 kB
PageTables:        57228 kB
NFS_Unstable:          0 kB
Bounce:                0 kB
WritebackTmp:          0 kB
CommitLimit:     2172840 kB
Committed_AS:   93083396 kB
VmallocTotal:   251658176 kB
VmallocUsed:      139836 kB
VmallocChunk:   251412012 kB
Time pass: 314 sec

---2015-12-05 14:07:44
MemTotal:        2905316 kB
MemFree:           73412 kB
Buffers:           27168 kB
Cached:          1018844 kB
SwapCached:            0 kB
Active:          1319896 kB
Inactive:         710276 kB
Active(anon):     814852 kB
Inactive(anon):   204840 kB
Active(file):     505044 kB
Inactive(file):   505436 kB
Unevictable:       12456 kB
Mlocked:               0 kB
SwapTotal:        720184 kB
SwapFree:         720156 kB
Dirty:                 4 kB
Writeback:             0 kB
AnonPages:        996548 kB
Mapped:           694144 kB
Shmem:             23076 kB
Slab:             121496 kB
SReclaimable:      39824 kB
SUnreclaim:        81672 kB
KernelStack:       34192 kB
PageTables:        57228 kB
NFS_Unstable:          0 kB
Bounce:                0 kB
WritebackTmp:          0 kB
CommitLimit:     2172840 kB
Committed_AS:   93083408 kB
VmallocTotal:   251658176 kB
VmallocUsed:      139836 kB
VmallocChunk:   251412012 kB
Time pass: 318 sec

---2015-12-05 14:07:44
MemTotal:        2905316 kB
MemFree:           72424 kB
Buffers:           27176 kB
Cached:          1018908 kB
SwapCached:            0 kB
Active:          1320284 kB
Inactive:         710340 kB
Active(anon):     815240 kB
Inactive(anon):   204904 kB
Active(file):     505044 kB
Inactive(file):   505436 kB
Unevictable:       12456 kB
Mlocked:               0 kB
SwapTotal:        720184 kB
SwapFree:         720156 kB
Dirty:                28 kB
Writeback:             0 kB
AnonPages:        997088 kB
Mapped:           694156 kB
Shmem:             23140 kB
Slab:             121496 kB
SReclaimable:      39824 kB
SUnreclaim:        81672 kB
KernelStack:       34176 kB
PageTables:        57256 kB
NFS_Unstable:          0 kB
Bounce:                0 kB
WritebackTmp:          0 kB
CommitLimit:     2172840 kB
Committed_AS:   93109992 kB
VmallocTotal:   251658176 kB
VmallocUsed:      139836 kB
VmallocChunk:   251412012 kB
Time pass: 321 sec

---2015-12-05 14:07:44
MemTotal:        2905316 kB
MemFree:           72748 kB
Buffers:           27192 kB
Cached:          1018940 kB
SwapCached:            0 kB
Active:          1320508 kB
Inactive:         710388 kB
Active(anon):     815456 kB
Inactive(anon):   204904 kB
Active(file):     505052 kB
Inactive(file):   505484 kB
Unevictable:       12456 kB
Mlocked:               0 kB
SwapTotal:        720184 kB
SwapFree:         720156 kB
Dirty:                92 kB
Writeback:             0 kB
AnonPages:        997196 kB
Mapped:           694164 kB
Shmem:             23140 kB
Slab:             121496 kB
SReclaimable:      39824 kB
SUnreclaim:        81672 kB
KernelStack:       34176 kB
PageTables:        57248 kB
NFS_Unstable:          0 kB
Bounce:                0 kB
WritebackTmp:          0 kB
CommitLimit:     2172840 kB
Committed_AS:   93109940 kB
VmallocTotal:   251658176 kB
VmallocUsed:      139836 kB
VmallocChunk:   251412012 kB
Time pass: 325 sec

---2015-12-05 14:07:44
MemTotal:        2905316 kB
MemFree:           71576 kB
Buffers:           27200 kB
Cached:          1018944 kB
SwapCached:            0 kB
Active:          1320836 kB
Inactive:         710396 kB
Active(anon):     815784 kB
Inactive(anon):   204904 kB
Active(file):     505052 kB
Inactive(file):   505492 kB
Unevictable:       12456 kB
Mlocked:               0 kB
SwapTotal:        720184 kB
SwapFree:         720156 kB
Dirty:                12 kB
Writeback:             0 kB
AnonPages:        997536 kB
Mapped:           694176 kB
Shmem:             23140 kB
Slab:             121496 kB
SReclaimable:      39824 kB
SUnreclaim:        81672 kB
KernelStack:       34176 kB
PageTables:        57248 kB
NFS_Unstable:          0 kB
Bounce:                0 kB
WritebackTmp:          0 kB
CommitLimit:     2172840 kB
Committed_AS:   93109948 kB
VmallocTotal:   251658176 kB
VmallocUsed:      139836 kB
VmallocChunk:   251412012 kB
Time pass: 329 sec

---2015-12-05 14:07:44
MemTotal:        2905316 kB
MemFree:           72268 kB
Buffers:           27208 kB
Cached:          1018952 kB
SwapCached:            0 kB
Active:          1320876 kB
Inactive:         710412 kB
Active(anon):     815820 kB
Inactive(anon):   204908 kB
Active(file):     505056 kB
Inactive(file):   505504 kB
Unevictable:       12456 kB
Mlocked:               0 kB
SwapTotal:        720184 kB
SwapFree:         720156 kB
Dirty:                 4 kB
Writeback:             0 kB
AnonPages:        997648 kB
Mapped:           694196 kB
Shmem:             23144 kB
Slab:             121496 kB
SReclaimable:      39824 kB
SUnreclaim:        81672 kB
KernelStack:       34160 kB
PageTables:        57248 kB
NFS_Unstable:          0 kB
Bounce:                0 kB
WritebackTmp:          0 kB
CommitLimit:     2172840 kB
Committed_AS:   93109948 kB
VmallocTotal:   251658176 kB
VmallocUsed:      139836 kB
VmallocChunk:   251412012 kB
Time pass: 333 sec

---2015-12-05 14:07:44
MemTotal:        2905316 kB
MemFree:           71568 kB
Buffers:           27224 kB
Cached:          1018988 kB
SwapCached:            0 kB
Active:          1321484 kB
Inactive:         710456 kB
Active(anon):     816420 kB
Inactive(anon):   204908 kB
Active(file):     505064 kB
Inactive(file):   505548 kB
Unevictable:       12456 kB
Mlocked:               0 kB
SwapTotal:        720184 kB
SwapFree:         720156 kB
Dirty:               100 kB
Writeback:             0 kB
AnonPages:        998140 kB
Mapped:           694208 kB
Shmem:             23144 kB
Slab:             121496 kB
SReclaimable:      39824 kB
SUnreclaim:        81672 kB
KernelStack:       34160 kB
PageTables:        57276 kB
NFS_Unstable:          0 kB
Bounce:                0 kB
WritebackTmp:          0 kB
CommitLimit:     2172840 kB
Committed_AS:   93109948 kB
VmallocTotal:   251658176 kB
VmallocUsed:      139836 kB
VmallocChunk:   251412012 kB
Time pass: 337 sec

---2015-12-05 14:07:44
MemTotal:        2905316 kB
MemFree:           71176 kB
Buffers:           27232 kB
Cached:          1019020 kB
SwapCached:            0 kB
Active:          1321624 kB
Inactive:         710460 kB
Active(anon):     816556 kB
Inactive(anon):   204908 kB
Active(file):     505068 kB
Inactive(file):   505552 kB
Unevictable:       12456 kB
Mlocked:               0 kB
SwapTotal:        720184 kB
SwapFree:         720156 kB
Dirty:                64 kB
Writeback:             0 kB
AnonPages:        998404 kB
Mapped:           694252 kB
Shmem:             23172 kB
Slab:             121496 kB
SReclaimable:      39824 kB
SUnreclaim:        81672 kB
KernelStack:       34160 kB
PageTables:        57252 kB
NFS_Unstable:          0 kB
Bounce:                0 kB
WritebackTmp:          0 kB
CommitLimit:     2172840 kB
Committed_AS:   93109896 kB
VmallocTotal:   251658176 kB
VmallocUsed:      139836 kB
VmallocChunk:   251412012 kB
Time pass: 341 sec

---2015-12-05 14:07:44
MemTotal:        2905316 kB
MemFree:           70464 kB
Buffers:           27232 kB
Cached:          1019024 kB
SwapCached:            0 kB
Active:          1321736 kB
Inactive:         710492 kB
Active(anon):     816668 kB
Inactive(anon):   204936 kB
Active(file):     505068 kB
Inactive(file):   505556 kB
Unevictable:       12456 kB
Mlocked:               0 kB
SwapTotal:        720184 kB
SwapFree:         720156 kB
Dirty:                 4 kB
Writeback:             0 kB
AnonPages:        998520 kB
Mapped:           694332 kB
Shmem:             23176 kB
Slab:             121496 kB
SReclaimable:      39824 kB
SUnreclaim:        81672 kB
KernelStack:       34144 kB
PageTables:        57248 kB
NFS_Unstable:          0 kB
Bounce:                0 kB
WritebackTmp:          0 kB
CommitLimit:     2172840 kB
Committed_AS:   93109880 kB
VmallocTotal:   251658176 kB
VmallocUsed:      139836 kB
VmallocChunk:   251412012 kB
Time pass: 344 sec

---2015-12-05 14:07:44
MemTotal:        2905316 kB
MemFree:           70576 kB
Buffers:           27248 kB
Cached:          1019056 kB
SwapCached:            0 kB
Active:          1322608 kB
Inactive:         710512 kB
Active(anon):     817540 kB
Inactive(anon):   204940 kB
Active(file):     505068 kB
Inactive(file):   505572 kB
Unevictable:       12456 kB
Mlocked:               0 kB
SwapTotal:        720184 kB
SwapFree:         720156 kB
Dirty:                 0 kB
Writeback:             0 kB
AnonPages:        999272 kB
Mapped:           694336 kB
Shmem:             23176 kB
Slab:             121496 kB
SReclaimable:      39824 kB
SUnreclaim:        81672 kB
KernelStack:       34160 kB
PageTables:        57252 kB
NFS_Unstable:          0 kB
Bounce:                0 kB
WritebackTmp:          0 kB
CommitLimit:     2172840 kB
Committed_AS:   93109892 kB
VmallocTotal:   251658176 kB
VmallocUsed:      139836 kB
VmallocChunk:   251412012 kB
Time pass: 348 sec

---2015-12-05 14:07:44
MemTotal:        2905316 kB
MemFree:           69424 kB
Buffers:           27256 kB
Cached:          1019124 kB
SwapCached:            0 kB
Active:          1323316 kB
Inactive:         710604 kB
Active(anon):     818236 kB
Inactive(anon):   205000 kB
Active(file):     505080 kB
Inactive(file):   505604 kB
Unevictable:       12456 kB
Mlocked:               0 kB
SwapTotal:        720184 kB
SwapFree:         720156 kB
Dirty:                76 kB
Writeback:             0 kB
AnonPages:        999992 kB
Mapped:           694404 kB
Shmem:             23236 kB
Slab:             121496 kB
SReclaimable:      39824 kB
SUnreclaim:        81672 kB
KernelStack:       34096 kB
PageTables:        57304 kB
NFS_Unstable:          0 kB
Bounce:                0 kB
WritebackTmp:          0 kB
CommitLimit:     2172840 kB
Committed_AS:   93136464 kB
VmallocTotal:   251658176 kB
VmallocUsed:      139836 kB
VmallocChunk:   251412012 kB
Time pass: 352 sec

---2015-12-05 14:07:44
MemTotal:        2905316 kB
MemFree:           68896 kB
Buffers:           27256 kB
Cached:          1019132 kB
SwapCached:            0 kB
Active:          1323544 kB
Inactive:         710604 kB
Active(anon):     818452 kB
Inactive(anon):   205000 kB
Active(file):     505092 kB
Inactive(file):   505604 kB
Unevictable:       12456 kB
Mlocked:               0 kB
SwapTotal:        720184 kB
SwapFree:         720156 kB
Dirty:                16 kB
Writeback:             0 kB
AnonPages:       1000232 kB
Mapped:           694408 kB
Shmem:             23236 kB
Slab:             121496 kB
SReclaimable:      39824 kB
SUnreclaim:        81672 kB
KernelStack:       34176 kB
PageTables:        57304 kB
NFS_Unstable:          0 kB
Bounce:                0 kB
WritebackTmp:          0 kB
CommitLimit:     2172840 kB
Committed_AS:   93136492 kB
VmallocTotal:   251658176 kB
VmallocUsed:      139836 kB
VmallocChunk:   251412012 kB
Time pass: 356 sec

---2015-12-05 14:07:44
MemTotal:        2905316 kB
MemFree:           68348 kB
Buffers:           27280 kB
Cached:          1019160 kB
SwapCached:            0 kB
Active:          1324320 kB
Inactive:         710652 kB
Active(anon):     819228 kB
Inactive(anon):   205000 kB
Active(file):     505092 kB
Inactive(file):   505652 kB
Unevictable:       12456 kB
Mlocked:               0 kB
SwapTotal:        720184 kB
SwapFree:         720156 kB
Dirty:               104 kB
Writeback:             0 kB
AnonPages:       1001084 kB
Mapped:           694416 kB
Shmem:             23236 kB
Slab:             121496 kB
SReclaimable:      39824 kB
SUnreclaim:        81672 kB
KernelStack:       34176 kB
PageTables:        57304 kB
NFS_Unstable:          0 kB
Bounce:                0 kB
WritebackTmp:          0 kB
CommitLimit:     2172840 kB
Committed_AS:   93136584 kB
VmallocTotal:   251658176 kB
VmallocUsed:      139836 kB
VmallocChunk:   251412012 kB
Time pass: 359 sec

---2015-12-05 14:07:44
MemTotal:        2905316 kB
MemFree:           67796 kB
Buffers:           27280 kB
Cached:          1019276 kB
SwapCached:            0 kB
Active:          1324672 kB
Inactive:         710764 kB
Active(anon):     819576 kB
Inactive(anon):   205000 kB
Active(file):     505096 kB
Inactive(file):   505764 kB
Unevictable:       12456 kB
Mlocked:               0 kB
SwapTotal:        720184 kB
SwapFree:         720156 kB
Dirty:               132 kB
Writeback:             0 kB
AnonPages:       1001292 kB
Mapped:           694468 kB
Shmem:             23236 kB
Slab:             121496 kB
SReclaimable:      39824 kB
SUnreclaim:        81672 kB
KernelStack:       34240 kB
PageTables:        57304 kB
NFS_Unstable:          0 kB
Bounce:                0 kB
WritebackTmp:          0 kB
CommitLimit:     2172840 kB
Committed_AS:   93136592 kB
VmallocTotal:   251658176 kB
VmallocUsed:      139836 kB
VmallocChunk:   251412012 kB
Time pass: 363 sec

---2015-12-05 14:07:44
MemTotal:        2905316 kB
MemFree:           66976 kB
Buffers:           27288 kB
Cached:          1019620 kB
SwapCached:            0 kB
Active:          1324828 kB
Inactive:         711096 kB
Active(anon):     819708 kB
Inactive(anon):   205000 kB
Active(file):     505120 kB
Inactive(file):   506096 kB
Unevictable:       12456 kB
Mlocked:               0 kB
SwapTotal:        720184 kB
SwapFree:         720156 kB
Dirty:               128 kB
Writeback:             0 kB
AnonPages:       1001612 kB
Mapped:           694584 kB
Shmem:             23236 kB
Slab:             121496 kB
SReclaimable:      39824 kB
SUnreclaim:        81672 kB
KernelStack:       34224 kB
PageTables:        57308 kB
NFS_Unstable:          0 kB
Bounce:                0 kB
WritebackTmp:          0 kB
CommitLimit:     2172840 kB
Committed_AS:   93136648 kB
VmallocTotal:   251658176 kB
VmallocUsed:      139836 kB
VmallocChunk:   251412012 kB
Time pass: 367 sec

---2015-12-05 14:07:44
MemTotal:        2905316 kB
MemFree:           66584 kB
Buffers:           27304 kB
Cached:          1019620 kB
SwapCached:            0 kB
Active:          1325444 kB
Inactive:         711108 kB
Active(anon):     820320 kB
Inactive(anon):   205004 kB
Active(file):     505124 kB
Inactive(file):   506104 kB
Unevictable:       12456 kB
Mlocked:               0 kB
SwapTotal:        720184 kB
SwapFree:         720156 kB
Dirty:                40 kB
Writeback:             0 kB
AnonPages:       1002076 kB
Mapped:           694600 kB
Shmem:             23240 kB
Slab:             121496 kB
SReclaimable:      39824 kB
SUnreclaim:        81672 kB
KernelStack:       34240 kB
PageTables:        57308 kB
NFS_Unstable:          0 kB
Bounce:                0 kB
WritebackTmp:          0 kB
CommitLimit:     2172840 kB
Committed_AS:   93136636 kB
VmallocTotal:   251658176 kB
VmallocUsed:      139836 kB
VmallocChunk:   251412012 kB
Time pass: 371 sec

---2015-12-05 14:07:44
MemTotal:        2905316 kB
MemFree:           66504 kB
Buffers:           27312 kB
Cached:          1019664 kB
SwapCached:            0 kB
Active:          1325696 kB
Inactive:         711152 kB
Active(anon):     820564 kB
Inactive(anon):   205012 kB
Active(file):     505132 kB
Inactive(file):   506140 kB
Unevictable:       12456 kB
Mlocked:               0 kB
SwapTotal:        720184 kB
SwapFree:         720156 kB
Dirty:                 4 kB
Writeback:             0 kB
AnonPages:       1002160 kB
Mapped:           694612 kB
Shmem:             23248 kB
Slab:             121496 kB
SReclaimable:      39824 kB
SUnreclaim:        81672 kB
KernelStack:       34224 kB
PageTables:        57304 kB
NFS_Unstable:          0 kB
Bounce:                0 kB
WritebackTmp:          0 kB
CommitLimit:     2172840 kB
Committed_AS:   93136660 kB
VmallocTotal:   251658176 kB
VmallocUsed:      139836 kB
VmallocChunk:   251412012 kB
Time pass: 374 sec

---2015-12-05 14:07:44
MemTotal:        2905316 kB
MemFree:           66144 kB
Buffers:           27320 kB
Cached:          1019664 kB
SwapCached:            0 kB
Active:          1325652 kB
Inactive:         711160 kB
Active(anon):     820520 kB
Inactive(anon):   205012 kB
Active(file):     505132 kB
Inactive(file):   506148 kB
Unevictable:       12456 kB
Mlocked:               0 kB
SwapTotal:        720184 kB
SwapFree:         720156 kB
Dirty:                52 kB
Writeback:             0 kB
AnonPages:       1002380 kB
Mapped:           694620 kB
Shmem:             23248 kB
Slab:             121496 kB
SReclaimable:      39824 kB
SUnreclaim:        81672 kB
KernelStack:       34224 kB
PageTables:        57304 kB
NFS_Unstable:          0 kB
Bounce:                0 kB
WritebackTmp:          0 kB
CommitLimit:     2172840 kB
Committed_AS:   93136536 kB
VmallocTotal:   251658176 kB
VmallocUsed:      139836 kB
VmallocChunk:   251412012 kB
Time pass: 378 sec

---2015-12-05 14:07:44
MemTotal:        2905316 kB
MemFree:           65588 kB
Buffers:           27328 kB
Cached:          1019732 kB
SwapCached:            0 kB
Active:          1326088 kB
Inactive:         711232 kB
Active(anon):     820952 kB
Inactive(anon):   205072 kB
Active(file):     505136 kB
Inactive(file):   506160 kB
Unevictable:       12456 kB
Mlocked:               0 kB
SwapTotal:        720184 kB
SwapFree:         720156 kB
Dirty:                28 kB
Writeback:             0 kB
AnonPages:       1002820 kB
Mapped:           694684 kB
Shmem:             23308 kB
Slab:             121496 kB
SReclaimable:      39824 kB
SUnreclaim:        81672 kB
KernelStack:       34224 kB
PageTables:        57360 kB
NFS_Unstable:          0 kB
Bounce:                0 kB
WritebackTmp:          0 kB
CommitLimit:     2172840 kB
Committed_AS:   93163280 kB
VmallocTotal:   251658176 kB
VmallocUsed:      139836 kB
VmallocChunk:   251412012 kB
Time pass: 382 sec

---2015-12-05 14:07:44
MemTotal:        2905316 kB
MemFree:           65032 kB
Buffers:           27344 kB
Cached:          1019764 kB
SwapCached:            0 kB
Active:          1327380 kB
Inactive:         711272 kB
Active(anon):     822240 kB
Inactive(anon):   205072 kB
Active(file):     505140 kB
Inactive(file):   506200 kB
Unevictable:       12456 kB
Mlocked:               0 kB
SwapTotal:        720184 kB
SwapFree:         720156 kB
Dirty:                32 kB
Writeback:             0 kB
AnonPages:       1003980 kB
Mapped:           694692 kB
Shmem:             23308 kB
Slab:             121496 kB
SReclaimable:      39824 kB
SUnreclaim:        81672 kB
KernelStack:       34224 kB
PageTables:        57360 kB
NFS_Unstable:          0 kB
Bounce:                0 kB
WritebackTmp:          0 kB
CommitLimit:     2172840 kB
Committed_AS:   93163292 kB
VmallocTotal:   251658176 kB
VmallocUsed:      139836 kB
VmallocChunk:   251412012 kB
Time pass: 386 sec

---2015-12-05 14:07:44
MemTotal:        2905316 kB
MemFree:           64436 kB
Buffers:           27352 kB
Cached:          1019764 kB
SwapCached:            0 kB
Active:          1327248 kB
Inactive:         711276 kB
