---2015-11-19 19:35:53
MemTotal:        2746844 kB
MemFree:          103816 kB
Buffers:           13076 kB
Cached:          1020364 kB
SwapCached:            0 kB
Active:           858188 kB
Inactive:        1025732 kB
Active(anon):     414368 kB
Inactive(anon):   453936 kB
Active(file):     443820 kB
Inactive(file):   571796 kB
Unevictable:       34044 kB
Mlocked:           28124 kB
SwapTotal:       1310716 kB
SwapFree:        1310716 kB
Dirty:                40 kB
Writeback:             0 kB
AnonPages:        884696 kB
Mapped:           415956 kB
Shmem:               512 kB
Slab:             105128 kB
SReclaimable:      31204 kB
SUnreclaim:        73924 kB
KernelStack:       28720 kB
PageTables:        58028 kB
NFS_Unstable:          0 kB
Bounce:                0 kB
WritebackTmp:          0 kB
CommitLimit:     2684136 kB
Committed_AS:   148089560 kB
VmallocTotal:   251658176 kB
VmallocUsed:      285204 kB
VmallocChunk:   247561408 kB
Time pass: 3 sec

---2015-11-19 19:35:53
MemTotal:        2746844 kB
MemFree:          103544 kB
Buffers:           13076 kB
Cached:          1020360 kB
SwapCached:            0 kB
Active:           858600 kB
Inactive:        1025728 kB
Active(anon):     414776 kB
Inactive(anon):   453936 kB
Active(file):     443824 kB
Inactive(file):   571792 kB
Unevictable:       34044 kB
Mlocked:           28124 kB
SwapTotal:       1310716 kB
SwapFree:        1310716 kB
Dirty:                 0 kB
Writeback:             0 kB
AnonPages:        884816 kB
Mapped:           416052 kB
Shmem:               508 kB
Slab:             105140 kB
SReclaimable:      31204 kB
SUnreclaim:        73936 kB
KernelStack:       28704 kB
PageTables:        58056 kB
NFS_Unstable:          0 kB
Bounce:                0 kB
WritebackTmp:          0 kB
CommitLimit:     2684136 kB
Committed_AS:   148089536 kB
VmallocTotal:   251658176 kB
VmallocUsed:      285204 kB
VmallocChunk:   247561408 kB
Time pass: 7 sec

---2015-11-19 19:35:53
MemTotal:        2746844 kB
MemFree:          108512 kB
Buffers:           13084 kB
Cached:          1020360 kB
SwapCached:            0 kB
Active:           855684 kB
Inactive:        1025532 kB
Active(anon):     411664 kB
Inactive(anon):   453928 kB
Active(file):     444020 kB
Inactive(file):   571604 kB
Unevictable:       34044 kB
Mlocked:           28124 kB
SwapTotal:       1310716 kB
SwapFree:        1310716 kB
Dirty:                36 kB
Writeback:             0 kB
AnonPages:        881776 kB
Mapped:           415176 kB
Shmem:               508 kB
Slab:             105044 kB
SReclaimable:      31204 kB
SUnreclaim:        73840 kB
KernelStack:       28704 kB
PageTables:        56888 kB
NFS_Unstable:          0 kB
Bounce:                0 kB
WritebackTmp:          0 kB
CommitLimit:     2684136 kB
Committed_AS:   144501720 kB
VmallocTotal:   251658176 kB
VmallocUsed:      283164 kB
VmallocChunk:   247561408 kB
Time pass: 10 sec

---2015-11-19 19:35:53
MemTotal:        2746844 kB
MemFree:          109308 kB
Buffers:           13084 kB
Cached:          1020360 kB
SwapCached:            0 kB
Active:           855664 kB
Inactive:        1025328 kB
Active(anon):     411440 kB
Inactive(anon):   453928 kB
Active(file):     444224 kB
Inactive(file):   571400 kB
Unevictable:       34044 kB
Mlocked:           28124 kB
SwapTotal:       1310716 kB
SwapFree:        1310716 kB
Dirty:                 0 kB
Writeback:             0 kB
AnonPages:        881424 kB
Mapped:           414916 kB
Shmem:               508 kB
Slab:             104940 kB
SReclaimable:      31204 kB
SUnreclaim:        73736 kB
KernelStack:       28352 kB
PageTables:        56852 kB
NFS_Unstable:          0 kB
Bounce:                0 kB
WritebackTmp:          0 kB
CommitLimit:     2684136 kB
Committed_AS:   144501848 kB
VmallocTotal:   251658176 kB
VmallocUsed:      283164 kB
VmallocChunk:   247561408 kB
Time pass: 14 sec

---2015-11-19 19:35:53
MemTotal:        2746844 kB
MemFree:          108556 kB
Buffers:           13092 kB
Cached:          1020360 kB
SwapCached:            0 kB
Active:           855892 kB
Inactive:        1025328 kB
Active(anon):     411668 kB
Inactive(anon):   453928 kB
Active(file):     444224 kB
Inactive(file):   571400 kB
Unevictable:       34044 kB
Mlocked:           28124 kB
SwapTotal:       1310716 kB
SwapFree:        1310716 kB
Dirty:                 4 kB
Writeback:             0 kB
AnonPages:        881536 kB
Mapped:           415000 kB
Shmem:               508 kB
Slab:             105060 kB
SReclaimable:      31204 kB
SUnreclaim:        73856 kB
KernelStack:       28352 kB
PageTables:        56880 kB
NFS_Unstable:          0 kB
Bounce:                0 kB
WritebackTmp:          0 kB
CommitLimit:     2684136 kB
Committed_AS:   144501816 kB
VmallocTotal:   251658176 kB
VmallocUsed:      283164 kB
VmallocChunk:   247561408 kB
Time pass: 17 sec

---2015-11-19 19:35:53
MemTotal:        2746844 kB
MemFree:           65660 kB
Buffers:           13088 kB
Cached:          1031012 kB
SwapCached:            0 kB
Active:           861004 kB
Inactive:        1035672 kB
Active(anon):     416776 kB
Inactive(anon):   453928 kB
Active(file):     444228 kB
Inactive(file):   581744 kB
Unevictable:       34044 kB
Mlocked:           28124 kB
SwapTotal:       1310716 kB
SwapFree:        1310716 kB
Dirty:                 4 kB
Writeback:             0 kB
AnonPages:        886764 kB
Mapped:           423932 kB
Shmem:               504 kB
Slab:             105036 kB
SReclaimable:      31204 kB
SUnreclaim:        73832 kB
KernelStack:       28384 kB
PageTables:        57512 kB
NFS_Unstable:          0 kB
Bounce:                0 kB
WritebackTmp:          0 kB
CommitLimit:     2684136 kB
Committed_AS:   145785656 kB
VmallocTotal:   251658176 kB
VmallocUsed:      283844 kB
VmallocChunk:   247561408 kB
Time pass: 21 sec

---2015-11-19 19:35:53
MemTotal:        2746844 kB
MemFree:           64464 kB
Buffers:           10668 kB
Cached:           852328 kB
SwapCached:           36 kB
Active:           856868 kB
Inactive:         886024 kB
Active(anon):     443992 kB
Inactive(anon):   455936 kB
Active(file):     412876 kB
Inactive(file):   430088 kB
Unevictable:       36092 kB
Mlocked:           28124 kB
SwapTotal:       1310716 kB
SwapFree:        1299484 kB
Dirty:              1828 kB
Writeback:             0 kB
AnonPages:        916548 kB
Mapped:           445984 kB
Shmem:               424 kB
Slab:             104868 kB
SReclaimable:      31128 kB
SUnreclaim:        73740 kB
KernelStack:       29680 kB
PageTables:        57920 kB
NFS_Unstable:          0 kB
Bounce:                0 kB
WritebackTmp:          0 kB
CommitLimit:     2684136 kB
Committed_AS:   145837952 kB
VmallocTotal:   251658176 kB
VmallocUsed:      297700 kB
VmallocChunk:   247561408 kB
Time pass: 24 sec

---2015-11-19 19:35:53
MemTotal:        2746844 kB
MemFree:          102524 kB
Buffers:           10616 kB
Cached:           849256 kB
SwapCached:           32 kB
Active:           826100 kB
Inactive:         868664 kB
Active(anon):     415736 kB
Inactive(anon):   439008 kB
Active(file):     410364 kB
Inactive(file):   429656 kB
Unevictable:       36092 kB
Mlocked:           28124 kB
SwapTotal:       1310716 kB
SwapFree:        1298384 kB
Dirty:                 0 kB
Writeback:             0 kB
AnonPages:        870936 kB
Mapped:           445352 kB
Shmem:               424 kB
Slab:             105328 kB
SReclaimable:      31400 kB
SUnreclaim:        73928 kB
KernelStack:       29696 kB
PageTables:        57840 kB
NFS_Unstable:          0 kB
Bounce:                0 kB
WritebackTmp:          0 kB
CommitLimit:     2684136 kB
Committed_AS:   145808096 kB
VmallocTotal:   251658176 kB
VmallocUsed:      297660 kB
VmallocChunk:   247561408 kB
Time pass: 28 sec

---2015-11-19 19:35:53
MemTotal:        2746844 kB
MemFree:          103388 kB
Buffers:           10632 kB
Cached:           849356 kB
SwapCached:           32 kB
Active:           825560 kB
Inactive:         868776 kB
Active(anon):     415180 kB
Inactive(anon):   438952 kB
Active(file):     410380 kB
Inactive(file):   429824 kB
Unevictable:       36092 kB
Mlocked:           28124 kB
SwapTotal:       1310716 kB
SwapFree:        1298384 kB
Dirty:               148 kB
Writeback:             0 kB
AnonPages:        870400 kB
Mapped:           445448 kB
Shmem:               424 kB
Slab:             105352 kB
SReclaimable:      31384 kB
SUnreclaim:        73968 kB
KernelStack:       29680 kB
PageTables:        57868 kB
NFS_Unstable:          0 kB
Bounce:                0 kB
WritebackTmp:          0 kB
CommitLimit:     2684136 kB
Committed_AS:   145808164 kB
VmallocTotal:   251658176 kB
VmallocUsed:      297660 kB
VmallocChunk:   247561408 kB
Time pass: 31 sec

---2015-11-19 19:35:53
MemTotal:        2746844 kB
MemFree:           67488 kB
Buffers:           10604 kB
Cached:           844384 kB
SwapCached:           56 kB
Active:           838392 kB
Inactive:         865984 kB
Active(anon):     429796 kB
Inactive(anon):   439672 kB
Active(file):     408596 kB
Inactive(file):   426312 kB
Unevictable:       36092 kB
Mlocked:           28124 kB
SwapTotal:       1310716 kB
SwapFree:        1295600 kB
Dirty:                 0 kB
Writeback:             0 kB
AnonPages:        886504 kB
Mapped:           448124 kB
Shmem:               424 kB
Slab:             105020 kB
SReclaimable:      31160 kB
SUnreclaim:        73860 kB
KernelStack:       29984 kB
PageTables:        57812 kB
NFS_Unstable:          0 kB
Bounce:                0 kB
WritebackTmp:          0 kB
CommitLimit:     2684136 kB
Committed_AS:   145258744 kB
VmallocTotal:   251658176 kB
VmallocUsed:      298448 kB
VmallocChunk:   247561408 kB
Time pass: 35 sec

---2015-11-19 19:35:53
MemTotal:        2746844 kB
MemFree:           67492 kB
Buffers:           10576 kB
Cached:           826544 kB
SwapCached:           88 kB
Active:           837960 kB
Inactive:         859788 kB
Active(anon):     436628 kB
Inactive(anon):   443792 kB
Active(file):     401332 kB
Inactive(file):   415996 kB
Unevictable:       36092 kB
Mlocked:           28124 kB
SwapTotal:       1310716 kB
SwapFree:        1293084 kB
Dirty:               124 kB
Writeback:             0 kB
AnonPages:        897040 kB
Mapped:           448528 kB
Shmem:               424 kB
Slab:             105116 kB
SReclaimable:      31176 kB
SUnreclaim:        73940 kB
KernelStack:       29920 kB
PageTables:        58040 kB
NFS_Unstable:          0 kB
Bounce:                0 kB
WritebackTmp:          0 kB
CommitLimit:     2684136 kB
Committed_AS:   145259016 kB
VmallocTotal:   251658176 kB
VmallocUsed:      298448 kB
VmallocChunk:   247561408 kB
Time pass: 38 sec

---2015-11-19 19:35:53
MemTotal:        2746844 kB
MemFree:           67276 kB
Buffers:           10568 kB
Cached:           809184 kB
SwapCached:          172 kB
Active:           839448 kB
Inactive:         856424 kB
Active(anon):     445144 kB
Inactive(anon):   450940 kB
Active(file):     394304 kB
Inactive(file):   405484 kB
Unevictable:       36092 kB
Mlocked:           28124 kB
SwapTotal:       1310716 kB
SwapFree:        1289552 kB
Dirty:               304 kB
Writeback:             0 kB
AnonPages:        912268 kB
Mapped:           451740 kB
Shmem:               428 kB
Slab:             105152 kB
SReclaimable:      31192 kB
SUnreclaim:        73960 kB
KernelStack:       30128 kB
PageTables:        58020 kB
NFS_Unstable:          0 kB
Bounce:                0 kB
WritebackTmp:          0 kB
CommitLimit:     2684136 kB
Committed_AS:   145269456 kB
VmallocTotal:   251658176 kB
VmallocUsed:      302952 kB
VmallocChunk:   247561408 kB
Time pass: 42 sec

---2015-11-19 19:35:53
MemTotal:        2746844 kB
MemFree:           85792 kB
Buffers:           10168 kB
Cached:           778244 kB
SwapCached:          224 kB
Active:           806728 kB
Inactive:         835584 kB
Active(anon):     425328 kB
Inactive(anon):   448368 kB
Active(file):     381400 kB
Inactive(file):   387216 kB
Unevictable:       36096 kB
Mlocked:           28124 kB
SwapTotal:       1310716 kB
SwapFree:        1281716 kB
Dirty:                40 kB
Writeback:             0 kB
AnonPages:        889876 kB
Mapped:           451616 kB
Shmem:               428 kB
Slab:             105424 kB
SReclaimable:      31304 kB
SUnreclaim:        74120 kB
KernelStack:       30080 kB
PageTables:        58032 kB
NFS_Unstable:          0 kB
Bounce:                0 kB
WritebackTmp:          0 kB
CommitLimit:     2684136 kB
Committed_AS:   145277808 kB
VmallocTotal:   251658176 kB
VmallocUsed:      303336 kB
VmallocChunk:   247561408 kB
Time pass: 46 sec

---2015-11-19 19:35:53
MemTotal:        2746844 kB
MemFree:           84720 kB
Buffers:           10176 kB
Cached:           778256 kB
SwapCached:          224 kB
Active:           807324 kB
Inactive:         835092 kB
Active(anon):     425924 kB
Inactive(anon):   447864 kB
Active(file):     381400 kB
Inactive(file):   387228 kB
Unevictable:       36096 kB
Mlocked:           28124 kB
SwapTotal:       1310716 kB
SwapFree:        1281716 kB
Dirty:                 0 kB
Writeback:             0 kB
AnonPages:        889872 kB
Mapped:           451616 kB
Shmem:               428 kB
Slab:             105424 kB
SReclaimable:      31304 kB
SUnreclaim:        74120 kB
KernelStack:       30080 kB
PageTables:        58032 kB
NFS_Unstable:          0 kB
Bounce:                0 kB
WritebackTmp:          0 kB
CommitLimit:     2684136 kB
Committed_AS:   145277952 kB
VmallocTotal:   251658176 kB
VmallocUsed:      303336 kB
VmallocChunk:   247561408 kB
Time pass: 49 sec

---2015-11-19 19:35:53
MemTotal:        2746844 kB
MemFree:           71624 kB
Buffers:           10096 kB
Cached:           773464 kB
SwapCached:          224 kB
Active:           809124 kB
Inactive:         830400 kB
Active(anon):     429484 kB
Inactive(anon):   446352 kB
Active(file):     379640 kB
Inactive(file):   384048 kB
Unevictable:       36096 kB
Mlocked:           28124 kB
SwapTotal:       1310716 kB
SwapFree:        1280528 kB
Dirty:               212 kB
Writeback:             0 kB
AnonPages:        891332 kB
Mapped:           451640 kB
Shmem:               428 kB
Slab:             105376 kB
SReclaimable:      31304 kB
SUnreclaim:        74072 kB
KernelStack:       30176 kB
PageTables:        58040 kB
NFS_Unstable:          0 kB
Bounce:                0 kB
WritebackTmp:          0 kB
CommitLimit:     2684136 kB
Committed_AS:   145278136 kB
VmallocTotal:   251658176 kB
VmallocUsed:      303360 kB
VmallocChunk:   247561408 kB
Time pass: 53 sec

---2015-11-19 19:35:53
MemTotal:        2746844 kB
MemFree:           69424 kB
Buffers:           10104 kB
Cached:           773984 kB
SwapCached:          224 kB
Active:           809856 kB
Inactive:         830924 kB
Active(anon):     430212 kB
Inactive(anon):   446352 kB
Active(file):     379644 kB
Inactive(file):   384572 kB
Unevictable:       36096 kB
Mlocked:           28124 kB
SwapTotal:       1310716 kB
SwapFree:        1280528 kB
Dirty:                 0 kB
Writeback:            64 kB
AnonPages:        892728 kB
Mapped:           452068 kB
Shmem:               428 kB
Slab:             105344 kB
SReclaimable:      31304 kB
SUnreclaim:        74040 kB
KernelStack:       30176 kB
PageTables:        58040 kB
NFS_Unstable:          0 kB
Bounce:                0 kB
WritebackTmp:          0 kB
CommitLimit:     2684136 kB
Committed_AS:   145278216 kB
VmallocTotal:   251658176 kB
VmallocUsed:      303360 kB
VmallocChunk:   247561408 kB
Time pass: 57 sec

---2015-11-19 19:35:53
MemTotal:        2746844 kB
MemFree:           71132 kB
Buffers:            9520 kB
Cached:           737808 kB
SwapCached:          696 kB
Active:           798416 kB
Inactive:         803036 kB
Active(anon):     432612 kB
Inactive(anon):   441360 kB
Active(file):     365804 kB
Inactive(file):   361676 kB
Unevictable:       36096 kB
Mlocked:           28124 kB
SwapTotal:       1310716 kB
SwapFree:        1269660 kB
Dirty:               516 kB
Writeback:             0 kB
AnonPages:        889728 kB
Mapped:           451464 kB
Shmem:               428 kB
Slab:             105572 kB
SReclaimable:      31304 kB
SUnreclaim:        74268 kB
KernelStack:       30176 kB
PageTables:        58084 kB
NFS_Unstable:          0 kB
Bounce:                0 kB
WritebackTmp:          0 kB
CommitLimit:     2684136 kB
Committed_AS:   145278616 kB
VmallocTotal:   251658176 kB
VmallocUsed:      312888 kB
VmallocChunk:   247561408 kB
Time pass: 60 sec

---2015-11-19 19:35:53
MemTotal:        2746844 kB
MemFree:           65548 kB
Buffers:            9572 kB
Cached:           736340 kB
SwapCached:          756 kB
Active:           803084 kB
Inactive:         806124 kB
Active(anon):     439044 kB
Inactive(anon):   443960 kB
Active(file):     364040 kB
Inactive(file):   362164 kB
Unevictable:       36096 kB
Mlocked:           28124 kB
SwapTotal:       1310716 kB
SwapFree:        1267548 kB
Dirty:               100 kB
Writeback:             0 kB
AnonPages:        898704 kB
Mapped:           454788 kB
Shmem:               344 kB
Slab:             105736 kB
SReclaimable:      31304 kB
SUnreclaim:        74432 kB
KernelStack:       30336 kB
PageTables:        58116 kB
NFS_Unstable:          0 kB
Bounce:                0 kB
WritebackTmp:          0 kB
CommitLimit:     2684136 kB
Committed_AS:   145291232 kB
VmallocTotal:   251658176 kB
VmallocUsed:      312888 kB
VmallocChunk:   247561408 kB
Time pass: 64 sec

---2015-11-19 19:35:53
MemTotal:        2746844 kB
MemFree:           66672 kB
Buffers:            9520 kB
Cached:           723448 kB
SwapCached:          912 kB
Active:           799972 kB
Inactive:         805780 kB
Active(anon):     442784 kB
Inactive(anon):   449092 kB
Active(file):     357188 kB
Inactive(file):   356688 kB
Unevictable:       36096 kB
Mlocked:           28124 kB
SwapTotal:       1310716 kB
SwapFree:        1264008 kB
Dirty:                 0 kB
Writeback:             0 kB
AnonPages:        906496 kB
Mapped:           456116 kB
Shmem:               480 kB
Slab:             106044 kB
SReclaimable:      31304 kB
SUnreclaim:        74740 kB
KernelStack:       30672 kB
PageTables:        58248 kB
NFS_Unstable:          0 kB
Bounce:                0 kB
WritebackTmp:          0 kB
CommitLimit:     2684136 kB
Committed_AS:   145315300 kB
VmallocTotal:   251658176 kB
VmallocUsed:      319100 kB
VmallocChunk:   247561408 kB
Time pass: 69 sec

---2015-11-19 19:35:53
MemTotal:        2746844 kB
MemFree:           65972 kB
Buffers:            9536 kB
Cached:           714320 kB
SwapCached:         1404 kB
Active:           794048 kB
Inactive:         801456 kB
Active(anon):     442132 kB
Inactive(anon):   449552 kB
Active(file):     351916 kB
Inactive(file):   351904 kB
Unevictable:       36096 kB
Mlocked:           28124 kB
SwapTotal:       1310716 kB
SwapFree:        1259988 kB
Dirty:                52 kB
Writeback:             0 kB
AnonPages:        906888 kB
Mapped:           456280 kB
Shmem:               672 kB
Slab:             106088 kB
SReclaimable:      31256 kB
SUnreclaim:        74832 kB
KernelStack:       30608 kB
PageTables:        58396 kB
NFS_Unstable:          0 kB
Bounce:                0 kB
WritebackTmp:          0 kB
CommitLimit:     2684136 kB
Committed_AS:   145319452 kB
VmallocTotal:   251658176 kB
VmallocUsed:      319256 kB
VmallocChunk:   247561408 kB
Time pass: 73 sec

---2015-11-19 19:35:53
MemTotal:        2746844 kB
MemFree:           65448 kB
Buffers:            9552 kB
Cached:           713568 kB
SwapCached:         1412 kB
Active:           795372 kB
Inactive:         801036 kB
Active(anon):     443852 kB
Inactive(anon):   449584 kB
Active(file):     351520 kB
Inactive(file):   351452 kB
Unevictable:       36096 kB
Mlocked:           28124 kB
SwapTotal:       1310716 kB
SwapFree:        1259300 kB
Dirty:                52 kB
Writeback:             0 kB
AnonPages:        908676 kB
Mapped:           456080 kB
Shmem:               688 kB
Slab:             106132 kB
SReclaimable:      31256 kB
SUnreclaim:        74876 kB
KernelStack:       30640 kB
PageTables:        58404 kB
NFS_Unstable:          0 kB
Bounce:                0 kB
WritebackTmp:          0 kB
CommitLimit:     2684136 kB
Committed_AS:   145319428 kB
VmallocTotal:   251658176 kB
VmallocUsed:      319256 kB
VmallocChunk:   247561408 kB
Time pass: 77 sec

---2015-11-19 19:35:53
MemTotal:        2746844 kB
MemFree:           67740 kB
Buffers:            9556 kB
Cached:           711380 kB
SwapCached:         1412 kB
Active:           792996 kB
Inactive:         800840 kB
Active(anon):     442884 kB
Inactive(anon):   450116 kB
Active(file):     350112 kB
Inactive(file):   350724 kB
Unevictable:       36096 kB
Mlocked:           28124 kB
SwapTotal:       1310716 kB
SwapFree:        1258484 kB
Dirty:                 0 kB
Writeback:             0 kB
AnonPages:        908072 kB
Mapped:           456168 kB
Shmem:               736 kB
Slab:             106148 kB
SReclaimable:      31256 kB
SUnreclaim:        74892 kB
KernelStack:       30640 kB
PageTables:        58432 kB
NFS_Unstable:          0 kB
Bounce:                0 kB
WritebackTmp:          0 kB
CommitLimit:     2684136 kB
Committed_AS:   145319452 kB
VmallocTotal:   251658176 kB
VmallocUsed:      319256 kB
VmallocChunk:   247561408 kB
Time pass: 80 sec

---2015-11-19 19:35:53
MemTotal:        2746844 kB
MemFree:           65984 kB
Buffers:            9556 kB
Cached:           711396 kB
SwapCached:         1412 kB
Active:           793716 kB
Inactive:         800856 kB
Active(anon):     443604 kB
Inactive(anon):   450116 kB
Active(file):     350112 kB
Inactive(file):   350740 kB
Unevictable:       36096 kB
Mlocked:           28124 kB
SwapTotal:       1310716 kB
SwapFree:        1258484 kB
Dirty:                44 kB
Writeback:             0 kB
AnonPages:        908916 kB
Mapped:           456120 kB
Shmem:               736 kB
Slab:             106108 kB
SReclaimable:      31256 kB
SUnreclaim:        74852 kB
KernelStack:       30608 kB
PageTables:        58400 kB
NFS_Unstable:          0 kB
Bounce:                0 kB
WritebackTmp:          0 kB
CommitLimit:     2684136 kB
Committed_AS:   145319452 kB
VmallocTotal:   251658176 kB
VmallocUsed:      319256 kB
VmallocChunk:   247561408 kB
Time pass: 84 sec

---2015-11-19 19:35:53
MemTotal:        2746844 kB
MemFree:           66244 kB
Buffers:            9564 kB
Cached:           711464 kB
SwapCached:         1416 kB
Active:           793812 kB
Inactive:         800928 kB
Active(anon):     443692 kB
Inactive(anon):   450120 kB
Active(file):     350120 kB
Inactive(file):   350808 kB
Unevictable:       36096 kB
Mlocked:           28124 kB
SwapTotal:       1310716 kB
SwapFree:        1258484 kB
Dirty:                 0 kB
Writeback:             0 kB
AnonPages:        908952 kB
Mapped:           456144 kB
Shmem:               736 kB
Slab:             106148 kB
SReclaimable:      31256 kB
SUnreclaim:        74892 kB
KernelStack:       30608 kB
PageTables:        58308 kB
NFS_Unstable:          0 kB
Bounce:                0 kB
WritebackTmp:          0 kB
CommitLimit:     2684136 kB
Committed_AS:   145327540 kB
VmallocTotal:   251658176 kB
VmallocUsed:      323196 kB
VmallocChunk:   247561408 kB
Time pass: 87 sec

---2015-11-19 19:35:53
MemTotal:        2746844 kB
MemFree:           71112 kB
Buffers:            9580 kB
Cached:           711464 kB
SwapCached:         1416 kB
Active:           795508 kB
Inactive:         800940 kB
Active(anon):     445388 kB
Inactive(anon):   450116 kB
Active(file):     350120 kB
Inactive(file):   350824 kB
Unevictable:       36096 kB
Mlocked:           28124 kB
SwapTotal:       1310716 kB
SwapFree:        1258484 kB
Dirty:                44 kB
Writeback:             0 kB
AnonPages:        910748 kB
Mapped:           456128 kB
Shmem:               736 kB
Slab:             106212 kB
SReclaimable:      31272 kB
SUnreclaim:        74940 kB
KernelStack:       30608 kB
PageTables:        58412 kB
NFS_Unstable:          0 kB
Bounce:                0 kB
WritebackTmp:          0 kB
CommitLimit:     2684136 kB
Committed_AS:   145327588 kB
VmallocTotal:   251658176 kB
VmallocUsed:      323352 kB
VmallocChunk:   247561408 kB
Time pass: 91 sec

---2015-11-19 19:35:53
MemTotal:        2746844 kB
MemFree:           71460 kB
Buffers:            9588 kB
Cached:           711504 kB
SwapCached:         1416 kB
Active:           795484 kB
Inactive:         800988 kB
Active(anon):     445364 kB
Inactive(anon):   450156 kB
Active(file):     350120 kB
Inactive(file):   350832 kB
Unevictable:       36096 kB
Mlocked:           28124 kB
SwapTotal:       1310716 kB
SwapFree:        1258484 kB
Dirty:                32 kB
Writeback:             0 kB
AnonPages:        910664 kB
Mapped:           456172 kB
Shmem:               776 kB
Slab:             106212 kB
SReclaimable:      31272 kB
SUnreclaim:        74940 kB
KernelStack:       30592 kB
PageTables:        58404 kB
NFS_Unstable:          0 kB
Bounce:                0 kB
WritebackTmp:          0 kB
CommitLimit:     2684136 kB
Committed_AS:   145327580 kB
VmallocTotal:   251658176 kB
VmallocUsed:      323352 kB
VmallocChunk:   247561408 kB
Time pass: 94 sec

---2015-11-19 19:35:53
MemTotal:        2746844 kB
MemFree:          384156 kB
Buffers:            9548 kB
Cached:           709740 kB
SwapCached:         1616 kB
Active:           719196 kB
Inactive:         787536 kB
Active(anon):     357480 kB
Inactive(anon):   449936 kB
Active(file):     361716 kB
Inactive(file):   337600 kB
Unevictable:       36096 kB
Mlocked:           28124 kB
SwapTotal:       1310716 kB
SwapFree:        1255412 kB
Dirty:               108 kB
Writeback:             0 kB
AnonPages:        822644 kB
Mapped:           412972 kB
Shmem:               316 kB
Slab:             106284 kB
SReclaimable:      31268 kB
SUnreclaim:        75016 kB
KernelStack:       29920 kB
PageTables:        56364 kB
NFS_Unstable:          0 kB
Bounce:                0 kB
WritebackTmp:          0 kB
CommitLimit:     2684136 kB
Committed_AS:   142136824 kB
VmallocTotal:   251658176 kB
VmallocUsed:      311512 kB
VmallocChunk:   247561408 kB
Time pass: 102 sec

---2015-11-19 19:35:53
MemTotal:        2746844 kB
MemFree:          395360 kB
Buffers:            9556 kB
Cached:           710228 kB
SwapCached:         1620 kB
Active:           708164 kB
Inactive:         788080 kB
Active(anon):     346288 kB
Inactive(anon):   449616 kB
Active(file):     361876 kB
Inactive(file):   338464 kB
Unevictable:       36096 kB
Mlocked:           28124 kB
SwapTotal:       1310716 kB
SwapFree:        1255412 kB
Dirty:                 4 kB
Writeback:             0 kB
AnonPages:        811492 kB
Mapped:           412972 kB
Shmem:               180 kB
Slab:             106096 kB
SReclaimable:      31268 kB
SUnreclaim:        74828 kB
KernelStack:       28432 kB
PageTables:        56360 kB
NFS_Unstable:          0 kB
Bounce:                0 kB
WritebackTmp:          0 kB
CommitLimit:     2684136 kB
Committed_AS:   142137000 kB
VmallocTotal:   251658176 kB
VmallocUsed:      311512 kB
VmallocChunk:   247561408 kB
Time pass: 106 sec

---2015-11-19 19:35:53
MemTotal:        2746844 kB
MemFree:          395520 kB
Buffers:            9564 kB
Cached:           710736 kB
SwapCached:         1620 kB
Active:           707252 kB
Inactive:         788472 kB
Active(anon):     345368 kB
Inactive(anon):   449600 kB
Active(file):     361884 kB
Inactive(file):   338872 kB
Unevictable:       36096 kB
Mlocked:           28124 kB
SwapTotal:       1310716 kB
SwapFree:        1255412 kB
Dirty:                 0 kB
Writeback:             0 kB
AnonPages:        810608 kB
Mapped:           413020 kB
Shmem:               180 kB
Slab:             106152 kB
SReclaimable:      31268 kB
SUnreclaim:        74884 kB
KernelStack:       28416 kB
PageTables:        56344 kB
NFS_Unstable:          0 kB
Bounce:                0 kB
WritebackTmp:          0 kB
CommitLimit:     2684136 kB
Committed_AS:   142137000 kB
VmallocTotal:   251658176 kB
VmallocUsed:      311512 kB
VmallocChunk:   247561408 kB
Time pass: 109 sec

---2015-11-19 19:35:53
MemTotal:        2746844 kB
MemFree:          396192 kB
Buffers:            9564 kB
Cached:           710864 kB
SwapCached:         1620 kB
Active:           707852 kB
Inactive:         788576 kB
Active(anon):     345968 kB
Inactive(anon):   449592 kB
Active(file):     361884 kB
Inactive(file):   338984 kB
Unevictable:       36096 kB
Mlocked:           28124 kB
SwapTotal:       1310716 kB
SwapFree:        1255412 kB
Dirty:                 0 kB
Writeback:             0 kB
AnonPages:        810956 kB
Mapped:           413108 kB
Shmem:               180 kB
Slab:             106152 kB
SReclaimable:      31268 kB
SUnreclaim:        74884 kB
KernelStack:       28416 kB
PageTables:        56372 kB
NFS_Unstable:          0 kB
Bounce:                0 kB
WritebackTmp:          0 kB
CommitLimit:     2684136 kB
Committed_AS:   142136976 kB
VmallocTotal:   251658176 kB
VmallocUsed:      311512 kB
VmallocChunk:   247561408 kB
Time pass: 113 sec

---2015-11-19 19:35:53
MemTotal:        2746844 kB
MemFree:          320268 kB
Buffers:           10152 kB
Cached:           711932 kB
SwapCached:         2060 kB
Active:           733144 kB
Inactive:         785084 kB
Active(anon):     366296 kB
Inactive(anon):   449700 kB
Active(file):     366848 kB
Inactive(file):   335384 kB
Unevictable:       36096 kB
Mlocked:           28124 kB
SwapTotal:       1310716 kB
SwapFree:        1255412 kB
Dirty:               700 kB
Writeback:             0 kB
AnonPages:        831000 kB
Mapped:           442632 kB
Shmem:               184 kB
Slab:             106256 kB
SReclaimable:      31268 kB
SUnreclaim:        74988 kB
KernelStack:       28912 kB
PageTables:        57340 kB
NFS_Unstable:          0 kB
Bounce:                0 kB
WritebackTmp:          0 kB
CommitLimit:     2684136 kB
Committed_AS:   143444536 kB
VmallocTotal:   251658176 kB
VmallocUsed:      317200 kB
VmallocChunk:   247561408 kB
Time pass: 117 sec

---2015-11-19 19:35:53
MemTotal:        2746844 kB
MemFree:          204256 kB
Buffers:           10180 kB
Cached:           713164 kB
SwapCached:         2152 kB
Active:           756252 kB
Inactive:         783388 kB
Active(anon):     387436 kB
Inactive(anon):   448668 kB
Active(file):     368816 kB
Inactive(file):   334720 kB
Unevictable:       36096 kB
Mlocked:           28124 kB
SwapTotal:       1310716 kB
SwapFree:        1255416 kB
Dirty:               656 kB
Writeback:             0 kB
AnonPages:        851568 kB
Mapped:           445692 kB
Shmem:               316 kB
Slab:             106188 kB
SReclaimable:      31316 kB
SUnreclaim:        74872 kB
KernelStack:       29824 kB
PageTables:        57484 kB
NFS_Unstable:          0 kB
Bounce:                0 kB
WritebackTmp:          0 kB
CommitLimit:     2684136 kB
Committed_AS:   143467840 kB
VmallocTotal:   251658176 kB
VmallocUsed:      317728 kB
VmallocChunk:   247561408 kB
Time pass: 120 sec

---2015-11-19 19:35:53
MemTotal:        2746844 kB
MemFree:          159272 kB
Buffers:           10200 kB
Cached:           715324 kB
SwapCached:         2152 kB
Active:           753744 kB
Inactive:         777676 kB
Active(anon):     381480 kB
Inactive(anon):   444128 kB
Active(file):     372264 kB
Inactive(file):   333548 kB
Unevictable:       36096 kB
Mlocked:           28124 kB
SwapTotal:       1310716 kB
SwapFree:        1255416 kB
Dirty:              3272 kB
Writeback:             0 kB
AnonPages:        840364 kB
Mapped:           447032 kB
Shmem:               316 kB
Slab:             106268 kB
SReclaimable:      31348 kB
SUnreclaim:        74920 kB
KernelStack:       29936 kB
PageTables:        57612 kB
NFS_Unstable:          0 kB
Bounce:                0 kB
WritebackTmp:          0 kB
CommitLimit:     2684136 kB
Committed_AS:   143442968 kB
VmallocTotal:   251658176 kB
VmallocUsed:      318952 kB
VmallocChunk:   247561408 kB
Time pass: 124 sec

---2015-11-19 19:35:53
MemTotal:        2746844 kB
MemFree:          159080 kB
Buffers:           10208 kB
Cached:           715324 kB
SwapCached:         2152 kB
Active:           753204 kB
Inactive:         777672 kB
Active(anon):     380940 kB
Inactive(anon):   444092 kB
Active(file):     372264 kB
Inactive(file):   333580 kB
Unevictable:       36096 kB
Mlocked:           28124 kB
SwapTotal:       1310716 kB
SwapFree:        1255416 kB
Dirty:                20 kB
Writeback:             0 kB
AnonPages:        839708 kB
Mapped:           447032 kB
Shmem:               316 kB
Slab:             106268 kB
SReclaimable:      31348 kB
SUnreclaim:        74920 kB
KernelStack:       29936 kB
PageTables:        57412 kB
NFS_Unstable:          0 kB
Bounce:                0 kB
WritebackTmp:          0 kB
CommitLimit:     2684136 kB
Committed_AS:   143443104 kB
VmallocTotal:   251658176 kB
VmallocUsed:      318932 kB
VmallocChunk:   247561408 kB
Time pass: 127 sec

---2015-11-19 19:35:53
MemTotal:        2746844 kB
MemFree:          149456 kB
Buffers:           10208 kB
Cached:           715680 kB
SwapCached:         2152 kB
Active:           755720 kB
Inactive:         777484 kB
Active(anon):     382928 kB
Inactive(anon):   444068 kB
Active(file):     372792 kB
Inactive(file):   333416 kB
Unevictable:       36096 kB
Mlocked:           28124 kB
SwapTotal:       1310716 kB
SwapFree:        1255416 kB
Dirty:               332 kB
Writeback:             0 kB
AnonPages:        842216 kB
Mapped:           447264 kB
Shmem:               316 kB
Slab:             106236 kB
SReclaimable:      31348 kB
SUnreclaim:        74888 kB
KernelStack:       29936 kB
PageTables:        57448 kB
NFS_Unstable:          0 kB
Bounce:                0 kB
WritebackTmp:          0 kB
CommitLimit:     2684136 kB
Committed_AS:   143443272 kB
VmallocTotal:   251658176 kB
VmallocUsed:      318956 kB
VmallocChunk:   247561408 kB
Time pass: 131 sec

---2015-11-19 19:35:53
MemTotal:        2746844 kB
MemFree:          112988 kB
Buffers:           10216 kB
Cached:           715668 kB
SwapCached:         2152 kB
Active:           762792 kB
Inactive:         777264 kB
Active(anon):     389900 kB
Inactive(anon):   444052 kB
Active(file):     372892 kB
Inactive(file):   333212 kB
Unevictable:       36096 kB
Mlocked:           28124 kB
SwapTotal:       1310716 kB
SwapFree:        1255416 kB
Dirty:               628 kB
Writeback:             0 kB
AnonPages:        848888 kB
Mapped:           447296 kB
Shmem:               316 kB
Slab:             106244 kB
SReclaimable:      31348 kB
SUnreclaim:        74896 kB
KernelStack:       29936 kB
PageTables:        57428 kB
NFS_Unstable:          0 kB
Bounce:                0 kB
WritebackTmp:          0 kB
CommitLimit:     2684136 kB
Committed_AS:   143443732 kB
VmallocTotal:   251658176 kB
VmallocUsed:      319740 kB
VmallocChunk:   247561408 kB
Time pass: 134 sec

---2015-11-19 19:35:53
MemTotal:        2746844 kB
MemFree:          113000 kB
Buffers:           10216 kB
Cached:           715696 kB
SwapCached:         2152 kB
Active:           761676 kB
Inactive:         777300 kB
Active(anon):     388756 kB
Inactive(anon):   443988 kB
Active(file):     372920 kB
Inactive(file):   333312 kB
Unevictable:       36096 kB
Mlocked:           28124 kB
SwapTotal:       1310716 kB
SwapFree:        1255416 kB
Dirty:               568 kB
Writeback:             0 kB
AnonPages:        847712 kB
Mapped:           447600 kB
Shmem:               316 kB
Slab:             106324 kB
SReclaimable:      31348 kB
SUnreclaim:        74976 kB
KernelStack:       29952 kB
PageTables:        57420 kB
NFS_Unstable:          0 kB
Bounce:                0 kB
WritebackTmp:          0 kB
CommitLimit:     2684136 kB
Committed_AS:   143443848 kB
VmallocTotal:   251658176 kB
VmallocUsed:      319688 kB
VmallocChunk:   247561408 kB
Time pass: 138 sec

---2015-11-19 19:35:53
MemTotal:        2746844 kB
MemFree:          112824 kB
Buffers:           10224 kB
Cached:           715696 kB
SwapCached:         2152 kB
Active:           761608 kB
Inactive:         777300 kB
Active(anon):     388688 kB
Inactive(anon):   443980 kB
Active(file):     372920 kB
Inactive(file):   333320 kB
Unevictable:       36096 kB
Mlocked:           28124 kB
SwapTotal:       1310716 kB
SwapFree:        1255416 kB
Dirty:                 0 kB
Writeback:             0 kB
AnonPages:        847524 kB
Mapped:           447600 kB
Shmem:               316 kB
Slab:             106324 kB
SReclaimable:      31348 kB
SUnreclaim:        74976 kB
KernelStack:       29952 kB
PageTables:        57416 kB
NFS_Unstable:          0 kB
Bounce:                0 kB
WritebackTmp:          0 kB
CommitLimit:     2684136 kB
Committed_AS:   143443952 kB
VmallocTotal:   251658176 kB
VmallocUsed:      319688 kB
VmallocChunk:   247561408 kB
Time pass: 141 sec

---2015-11-19 19:35:53
MemTotal:        2746844 kB
MemFree:          112200 kB
Buffers:           10232 kB
Cached:           715688 kB
SwapCached:         2152 kB
Active:           762364 kB
Inactive:         777280 kB
Active(anon):     389444 kB
Inactive(anon):   443960 kB
Active(file):     372920 kB
Inactive(file):   333320 kB
Unevictable:       36096 kB
Mlocked:           28124 kB
SwapTotal:       1310716 kB
SwapFree:        1255416 kB
Dirty:                 0 kB
Writeback:             0 kB
AnonPages:        848472 kB
Mapped:           447612 kB
Shmem:               316 kB
Slab:             106324 kB
SReclaimable:      31348 kB
SUnreclaim:        74976 kB
KernelStack:       29952 kB
PageTables:        57416 kB
NFS_Unstable:          0 kB
Bounce:                0 kB
WritebackTmp:          0 kB
CommitLimit:     2684136 kB
Committed_AS:   143443952 kB
VmallocTotal:   251658176 kB
VmallocUsed:      319688 kB
VmallocChunk:   247561408 kB
Time pass: 145 sec

---2015-11-19 19:35:53
MemTotal:        2746844 kB
MemFree:           97616 kB
Buffers:           10372 kB
Cached:           715868 kB
SwapCached:         2160 kB
Active:           778324 kB
Inactive:         777496 kB
Active(anon):     405328 kB
Inactive(anon):   444100 kB
Active(file):     372996 kB
Inactive(file):   333396 kB
Unevictable:       36096 kB
Mlocked:           28124 kB
SwapTotal:       1310716 kB
SwapFree:        1255416 kB
Dirty:                80 kB
Writeback:             0 kB
AnonPages:        864160 kB
Mapped:           451176 kB
Shmem:               476 kB
Slab:             106408 kB
SReclaimable:      31348 kB
SUnreclaim:        75060 kB
KernelStack:       30448 kB
PageTables:        57604 kB
NFS_Unstable:          0 kB
Bounce:                0 kB
WritebackTmp:          0 kB
CommitLimit:     2684136 kB
Committed_AS:   143472228 kB
VmallocTotal:   251658176 kB
VmallocUsed:      321876 kB
VmallocChunk:   247561408 kB
Time pass: 148 sec

---2015-11-19 19:35:53
MemTotal:        2746844 kB
MemFree:           65836 kB
Buffers:           10516 kB
Cached:           725168 kB
SwapCached:         2180 kB
Active:           793016 kB
Inactive:         791052 kB
Active(anon):     423804 kB
Inactive(anon):   444976 kB
Active(file):     369212 kB
Inactive(file):   346076 kB
Unevictable:       36096 kB
Mlocked:           28124 kB
SwapTotal:       1310716 kB
SwapFree:        1252480 kB
Dirty:               140 kB
Writeback:             0 kB
AnonPages:        882960 kB
Mapped:           458872 kB
Shmem:               740 kB
Slab:             106524 kB
SReclaimable:      31348 kB
SUnreclaim:        75176 kB
KernelStack:       31328 kB
PageTables:        58760 kB
NFS_Unstable:          0 kB
Bounce:                0 kB
WritebackTmp:          0 kB
CommitLimit:     2684136 kB
Committed_AS:   146533852 kB
VmallocTotal:   251658176 kB
VmallocUsed:      328012 kB
VmallocChunk:   247561408 kB
Time pass: 152 sec

---2015-11-19 19:35:53
MemTotal:        2746844 kB
MemFree:           64804 kB
Buffers:           10548 kB
Cached:           721696 kB
SwapCached:         2180 kB
Active:           794148 kB
Inactive:         788028 kB
Active(anon):     427488 kB
Inactive(anon):   442500 kB
Active(file):     366660 kB
Inactive(file):   345528 kB
Unevictable:       36096 kB
Mlocked:           28124 kB
SwapTotal:       1310716 kB
SwapFree:        1250424 kB
Dirty:                 0 kB
Writeback:             0 kB
AnonPages:        884904 kB
Mapped:           459084 kB
Shmem:               800 kB
Slab:             106692 kB
SReclaimable:      31348 kB
SUnreclaim:        75344 kB
KernelStack:       31296 kB
PageTables:        58832 kB
NFS_Unstable:          0 kB
Bounce:                0 kB
WritebackTmp:          0 kB
CommitLimit:     2684136 kB
Committed_AS:   146537992 kB
VmallocTotal:   251658176 kB
VmallocUsed:      328012 kB
VmallocChunk:   247561408 kB
Time pass: 156 sec

---2015-11-19 19:35:53
MemTotal:        2746844 kB
MemFree:           73032 kB
Buffers:           10560 kB
Cached:           720620 kB
SwapCached:         2200 kB
Active:           795560 kB
Inactive:         786880 kB
Active(anon):     429848 kB
Inactive(anon):   441616 kB
Active(file):     365712 kB
Inactive(file):   345264 kB
Unevictable:       36096 kB
Mlocked:           28124 kB
SwapTotal:       1310716 kB
SwapFree:        1249432 kB
Dirty:                72 kB
Writeback:             0 kB
AnonPages:        885920 kB
Mapped:           458764 kB
Shmem:               844 kB
Slab:             106636 kB
SReclaimable:      31348 kB
SUnreclaim:        75288 kB
KernelStack:       31280 kB
PageTables:        58860 kB
NFS_Unstable:          0 kB
Bounce:                0 kB
WritebackTmp:          0 kB
CommitLimit:     2684136 kB
Committed_AS:   146542392 kB
VmallocTotal:   251658176 kB
VmallocUsed:      328012 kB
VmallocChunk:   247561408 kB
Time pass: 162 sec

---2015-11-19 19:35:53
MemTotal:        2746844 kB
MemFree:           82576 kB
Buffers:           10564 kB
Cached:           720276 kB
SwapCached:         2200 kB
Active:           792628 kB
Inactive:         780436 kB
Active(anon):     421176 kB
Inactive(anon):   441300 kB
Active(file):     371452 kB
Inactive(file):   339136 kB
Unevictable:       36096 kB
Mlocked:           28124 kB
SwapTotal:       1310716 kB
SwapFree:        1249432 kB
Dirty:                12 kB
Writeback:             0 kB
AnonPages:        876860 kB
Mapped:           451768 kB
Shmem:               844 kB
Slab:             106804 kB
SReclaimable:      31348 kB
SUnreclaim:        75456 kB
KernelStack:       30624 kB
PageTables:        58264 kB
NFS_Unstable:          0 kB
Bounce:                0 kB
WritebackTmp:          0 kB
CommitLimit:     2684136 kB
Committed_AS:   145278572 kB
VmallocTotal:   251658176 kB
VmallocUsed:      326992 kB
VmallocChunk:   247561408 kB
Time pass: 166 sec

---2015-11-19 19:35:53
MemTotal:        2746844 kB
MemFree:           70156 kB
Buffers:           10588 kB
Cached:           720880 kB
SwapCached:         2228 kB
Active:           805236 kB
Inactive:         781000 kB
Active(anon):     433652 kB
Inactive(anon):   441844 kB
Active(file):     371584 kB
Inactive(file):   339156 kB
Unevictable:       36096 kB
Mlocked:           28124 kB
SwapTotal:       1310716 kB
SwapFree:        1249432 kB
Dirty:               112 kB
Writeback:             0 kB
AnonPages:        889340 kB
Mapped:           458892 kB
Shmem:              1360 kB
Slab:             106716 kB
SReclaimable:      31348 kB
SUnreclaim:        75368 kB
KernelStack:       31136 kB
PageTables:        58856 kB
NFS_Unstable:          0 kB
Bounce:                0 kB
WritebackTmp:          0 kB
CommitLimit:     2684136 kB
Committed_AS:   146541856 kB
VmallocTotal:   251658176 kB
VmallocUsed:      328012 kB
VmallocChunk:   247561408 kB
Time pass: 169 sec

---2015-11-19 19:35:53
MemTotal:        2746844 kB
MemFree:           67632 kB
Buffers:           10588 kB
Cached:           720880 kB
SwapCached:         2228 kB
Active:           806132 kB
Inactive:         780992 kB
Active(anon):     434544 kB
Inactive(anon):   441840 kB
Active(file):     371588 kB
Inactive(file):   339152 kB
Unevictable:       36096 kB
Mlocked:           28124 kB
SwapTotal:       1310716 kB
SwapFree:        1249432 kB
Dirty:                40 kB
Writeback:             0 kB
AnonPages:        890124 kB
Mapped:           459216 kB
Shmem:              1360 kB
Slab:             106736 kB
SReclaimable:      31348 kB
SUnreclaim:        75388 kB
KernelStack:       31152 kB
PageTables:        58892 kB
NFS_Unstable:          0 kB
Bounce:                0 kB
WritebackTmp:          0 kB
CommitLimit:     2684136 kB
Committed_AS:   146541984 kB
VmallocTotal:   251658176 kB
VmallocUsed:      328012 kB
VmallocChunk:   247561408 kB
Time pass: 173 sec

---2015-11-19 19:35:53
MemTotal:        2746844 kB
MemFree:           67372 kB
Buffers:           10612 kB
Cached:           720880 kB
SwapCached:         2228 kB
Active:           807020 kB
Inactive:         781008 kB
Active(anon):     435432 kB
Inactive(anon):   441836 kB
Active(file):     371588 kB
Inactive(file):   339172 kB
Unevictable:       36096 kB
Mlocked:           28124 kB
SwapTotal:       1310716 kB
SwapFree:        1249432 kB
Dirty:                84 kB
Writeback:             0 kB
AnonPages:        891136 kB
Mapped:           459204 kB
Shmem:              1360 kB
Slab:             106780 kB
SReclaimable:      31348 kB
SUnreclaim:        75432 kB
KernelStack:       31120 kB
PageTables:        58868 kB
NFS_Unstable:          0 kB
Bounce:                0 kB
WritebackTmp:          0 kB
CommitLimit:     2684136 kB
Committed_AS:   146541944 kB
VmallocTotal:   251658176 kB
VmallocUsed:      328012 kB
VmallocChunk:   247561408 kB
Time pass: 176 sec

---2015-11-19 19:35:53
MemTotal:        2746844 kB
MemFree:           67348 kB
Buffers:           10612 kB
Cached:           720956 kB
SwapCached:         2228 kB
Active:           807764 kB
Inactive:         781092 kB
Active(anon):     436176 kB
Inactive(anon):   441912 kB
Active(file):     371588 kB
Inactive(file):   339180 kB
Unevictable:       36096 kB
Mlocked:           28124 kB
SwapTotal:       1310716 kB
SwapFree:        1249432 kB
Dirty:                88 kB
Writeback:             0 kB
AnonPages:        891576 kB
Mapped:           459332 kB
Shmem:              1436 kB
Slab:             106708 kB
SReclaimable:      31348 kB
SUnreclaim:        75360 kB
KernelStack:       31088 kB
PageTables:        58868 kB
NFS_Unstable:          0 kB
Bounce:                0 kB
WritebackTmp:          0 kB
CommitLimit:     2684136 kB
Committed_AS:   146542296 kB
VmallocTotal:   251658176 kB
VmallocUsed:      328012 kB
VmallocChunk:   247561408 kB
Time pass: 180 sec

---2015-11-19 19:35:53
MemTotal:        2746844 kB
MemFree:           66324 kB
Buffers:           10620 kB
Cached:           720956 kB
SwapCached:         2228 kB
Active:           808124 kB
Inactive:         781100 kB
Active(anon):     436536 kB
Inactive(anon):   441912 kB
Active(file):     371588 kB
Inactive(file):   339188 kB
Unevictable:       36096 kB
Mlocked:           28124 kB
SwapTotal:       1310716 kB
SwapFree:        1249432 kB
Dirty:                40 kB
Writeback:             0 kB
AnonPages:        892228 kB
Mapped:           459420 kB
Shmem:              1436 kB
Slab:             106808 kB
SReclaimable:      31348 kB
SUnreclaim:        75460 kB
KernelStack:       31072 kB
PageTables:        58900 kB
NFS_Unstable:          0 kB
Bounce:                0 kB
WritebackTmp:          0 kB
CommitLimit:     2684136 kB
Committed_AS:   146542324 kB
VmallocTotal:   251658176 kB
VmallocUsed:      328012 kB
VmallocChunk:   247561408 kB
Time pass: 184 sec

---2015-11-19 19:35:53
MemTotal:        2746844 kB
MemFree:           75160 kB
Buffers:           10636 kB
Cached:           720960 kB
SwapCached:         2228 kB
Active:           809004 kB
Inactive:         772888 kB
Active(anon):     429188 kB
Inactive(anon):   441912 kB
Active(file):     379816 kB
Inactive(file):   330976 kB
Unevictable:       36096 kB
Mlocked:           28124 kB
SwapTotal:       1310716 kB
SwapFree:        1249432 kB
Dirty:                12 kB
Writeback:             0 kB
AnonPages:        884872 kB
Mapped:           452400 kB
Shmem:              1440 kB
Slab:             106696 kB
SReclaimable:      31348 kB
SUnreclaim:        75348 kB
KernelStack:       30448 kB
PageTables:        58300 kB
NFS_Unstable:          0 kB
Bounce:                0 kB
WritebackTmp:          0 kB
CommitLimit:     2684136 kB
Committed_AS:   145279048 kB
VmallocTotal:   251658176 kB
VmallocUsed:      326992 kB
VmallocChunk:   247561408 kB
Time pass: 187 sec

---2015-11-19 19:35:53
MemTotal:        2746844 kB
MemFree:           65832 kB
Buffers:           10660 kB
Cached:           717948 kB
SwapCached:         2236 kB
Active:           817276 kB
Inactive:         771448 kB
Active(anon):     441204 kB
Inactive(anon):   439480 kB
Active(file):     376072 kB
Inactive(file):   331968 kB
Unevictable:       36096 kB
Mlocked:           28124 kB
SwapTotal:       1310716 kB
SwapFree:        1245680 kB
Dirty:               192 kB
Writeback:             4 kB
AnonPages:        895032 kB
Mapped:           459388 kB
Shmem:              1460 kB
Slab:             106792 kB
SReclaimable:      31348 kB
SUnreclaim:        75444 kB
KernelStack:       31056 kB
PageTables:        58876 kB
NFS_Unstable:          0 kB
Bounce:                0 kB
WritebackTmp:          0 kB
CommitLimit:     2684136 kB
Committed_AS:   146541788 kB
VmallocTotal:   251658176 kB
VmallocUsed:      328012 kB
VmallocChunk:   247561408 kB
Time pass: 192 sec

---2015-11-19 19:35:53
MemTotal:        2746844 kB
MemFree:           67484 kB
Buffers:           10676 kB
Cached:           716400 kB
SwapCached:         2236 kB
Active:           813376 kB
Inactive:         773036 kB
Active(anon):     439300 kB
Inactive(anon):   440872 kB
Active(file):     374076 kB
Inactive(file):   332164 kB
Unevictable:       36096 kB
Mlocked:           28124 kB
SwapTotal:       1310716 kB
SwapFree:        1243800 kB
Dirty:                 0 kB
Writeback:             0 kB
AnonPages:        893888 kB
Mapped:           459432 kB
Shmem:              1468 kB
Slab:             106732 kB
SReclaimable:      31348 kB
SUnreclaim:        75384 kB
KernelStack:       31024 kB
PageTables:        58876 kB
NFS_Unstable:          0 kB
Bounce:                0 kB
WritebackTmp:          0 kB
CommitLimit:     2684136 kB
Committed_AS:   146541748 kB
VmallocTotal:   251658176 kB
VmallocUsed:      328012 kB
VmallocChunk:   247561408 kB
Time pass: 195 sec

---2015-11-19 19:35:53
MemTotal:        2746844 kB
MemFree:           66840 kB
Buffers:           10684 kB
Cached:           716108 kB
SwapCached:         2240 kB
Active:           814752 kB
Inactive:         772800 kB
Active(anon):     441028 kB
Inactive(anon):   440564 kB
Active(file):     373724 kB
Inactive(file):   332236 kB
Unevictable:       36096 kB
Mlocked:           28124 kB
SwapTotal:       1310716 kB
SwapFree:        1243800 kB
Dirty:                52 kB
Writeback:             0 kB
AnonPages:        895248 kB
Mapped:           459440 kB
Shmem:              1468 kB
Slab:             106812 kB
SReclaimable:      31364 kB
SUnreclaim:        75448 kB
KernelStack:       31040 kB
PageTables:        58876 kB
NFS_Unstable:          0 kB
Bounce:                0 kB
WritebackTmp:          0 kB
CommitLimit:     2684136 kB
Committed_AS:   146542068 kB
VmallocTotal:   251658176 kB
VmallocUsed:      328012 kB
VmallocChunk:   247561408 kB
Time pass: 199 sec

---2015-11-19 19:35:53
MemTotal:        2746844 kB
MemFree:           73536 kB
Buffers:           10608 kB
Cached:           714924 kB
SwapCached:         2240 kB
Active:           805332 kB
Inactive:         774032 kB
Active(anon):     433224 kB
Inactive(anon):   441796 kB
Active(file):     372108 kB
Inactive(file):   332236 kB
Unevictable:       36096 kB
Mlocked:           28124 kB
SwapTotal:       1310716 kB
SwapFree:        1241956 kB
Dirty:                60 kB
Writeback:             0 kB
AnonPages:        888960 kB
Mapped:           459584 kB
Shmem:              1468 kB
Slab:             106856 kB
SReclaimable:      31364 kB
SUnreclaim:        75492 kB
KernelStack:       31024 kB
PageTables:        58908 kB
NFS_Unstable:          0 kB
Bounce:                0 kB
WritebackTmp:          0 kB
CommitLimit:     2684136 kB
Committed_AS:   146542108 kB
VmallocTotal:   251658176 kB
VmallocUsed:      328012 kB
VmallocChunk:   247561408 kB
Time pass: 202 sec

---2015-11-19 19:35:53
MemTotal:        2746844 kB
MemFree:           82992 kB
Buffers:           10616 kB
Cached:           715832 kB
SwapCached:         2240 kB
Active:           794348 kB
Inactive:         775188 kB
Active(anon):     422260 kB
Inactive(anon):   441652 kB
Active(file):     372088 kB
Inactive(file):   333536 kB
Unevictable:       36096 kB
Mlocked:           28124 kB
SwapTotal:       1310716 kB
SwapFree:        1241956 kB
Dirty:                60 kB
Writeback:             0 kB
AnonPages:        877488 kB
Mapped:           452992 kB
Shmem:              1460 kB
Slab:             106792 kB
SReclaimable:      31348 kB
SUnreclaim:        75444 kB
KernelStack:       30288 kB
PageTables:        58592 kB
NFS_Unstable:          0 kB
Bounce:                0 kB
WritebackTmp:          0 kB
CommitLimit:     2684136 kB
Committed_AS:   145272772 kB
VmallocTotal:   251658176 kB
VmallocUsed:      326992 kB
VmallocChunk:   247561408 kB
Time pass: 206 sec

---2015-11-19 19:35:53
MemTotal:        2746844 kB
MemFree:           81020 kB
Buffers:           10724 kB
Cached:           715840 kB
SwapCached:         2244 kB
Active:           795864 kB
Inactive:         775280 kB
Active(anon):     423772 kB
Inactive(anon):   441632 kB
Active(file):     372092 kB
Inactive(file):   333648 kB
Unevictable:       36096 kB
Mlocked:           28124 kB
SwapTotal:       1310716 kB
SwapFree:        1241956 kB
Dirty:               120 kB
Writeback:             0 kB
AnonPages:        879192 kB
Mapped:           459540 kB
Shmem:              1460 kB
Slab:             106772 kB
SReclaimable:      31380 kB
SUnreclaim:        75392 kB
KernelStack:       30960 kB
PageTables:        58872 kB
NFS_Unstable:          0 kB
Bounce:                0 kB
WritebackTmp:          0 kB
CommitLimit:     2684136 kB
Committed_AS:   146535572 kB
VmallocTotal:   251658176 kB
VmallocUsed:      328012 kB
VmallocChunk:   247561408 kB
Time pass: 210 sec

---2015-11-19 19:35:53
MemTotal:        2746844 kB
MemFree:           80888 kB
Buffers:           10724 kB
Cached:           715840 kB
SwapCached:         2244 kB
Active:           795908 kB
Inactive:         775224 kB
Active(anon):     423816 kB
Inactive(anon):   441576 kB
Active(file):     372092 kB
Inactive(file):   333648 kB
Unevictable:       36096 kB
Mlocked:           28124 kB
SwapTotal:       1310716 kB
SwapFree:        1241956 kB
Dirty:               120 kB
Writeback:             0 kB
AnonPages:        879156 kB
Mapped:           459560 kB
Shmem:              1460 kB
Slab:             106764 kB
SReclaimable:      31380 kB
SUnreclaim:        75384 kB
KernelStack:       30960 kB
PageTables:        58872 kB
NFS_Unstable:          0 kB
Bounce:                0 kB
WritebackTmp:          0 kB
CommitLimit:     2684136 kB
Committed_AS:   146535584 kB
VmallocTotal:   251658176 kB
VmallocUsed:      328012 kB
VmallocChunk:   247561408 kB
Time pass: 213 sec

---2015-11-19 19:35:53
MemTotal:        2746844 kB
MemFree:           80612 kB
Buffers:           10748 kB
Cached:           715840 kB
SwapCached:         2244 kB
Active:           796100 kB
Inactive:         775228 kB
Active(anon):     424004 kB
Inactive(anon):   441560 kB
Active(file):     372096 kB
Inactive(file):   333668 kB
Unevictable:       36096 kB
Mlocked:           28124 kB
SwapTotal:       1310716 kB
SwapFree:        1241956 kB
Dirty:                56 kB
Writeback:             0 kB
AnonPages:        879516 kB
Mapped:           459664 kB
Shmem:              1460 kB
Slab:             106808 kB
SReclaimable:      31380 kB
SUnreclaim:        75428 kB
KernelStack:       31008 kB
PageTables:        58884 kB
NFS_Unstable:          0 kB
Bounce:                0 kB
WritebackTmp:          0 kB
CommitLimit:     2684136 kB
Committed_AS:   146535568 kB
VmallocTotal:   251658176 kB
VmallocUsed:      328012 kB
VmallocChunk:   247561408 kB
Time pass: 217 sec

---2015-11-19 19:35:53
MemTotal:        2746844 kB
MemFree:           82748 kB
Buffers:           10748 kB
Cached:           715840 kB
SwapCached:         2244 kB
Active:           797408 kB
Inactive:         775220 kB
Active(anon):     425312 kB
Inactive(anon):   441552 kB
Active(file):     372096 kB
Inactive(file):   333668 kB
Unevictable:       36096 kB
Mlocked:           28124 kB
SwapTotal:       1310716 kB
SwapFree:        1241956 kB
Dirty:                 0 kB
Writeback:             0 kB
AnonPages:        880432 kB
Mapped:           459804 kB
Shmem:              1460 kB
Slab:             106808 kB
SReclaimable:      31380 kB
SUnreclaim:        75428 kB
KernelStack:       30976 kB
PageTables:        58912 kB
NFS_Unstable:          0 kB
Bounce:                0 kB
WritebackTmp:          0 kB
CommitLimit:     2684136 kB
Committed_AS:   146535784 kB
VmallocTotal:   251658176 kB
VmallocUsed:      328012 kB
VmallocChunk:   247561408 kB
Time pass: 220 sec

---2015-11-19 19:35:53
MemTotal:        2746844 kB
MemFree:           92120 kB
Buffers:           10756 kB
Cached:           716088 kB
SwapCached:         2244 kB
Active:           789692 kB
Inactive:         774916 kB
Active(anon):     417136 kB
Inactive(anon):   441452 kB
Active(file):     372556 kB
Inactive(file):   333464 kB
Unevictable:       36096 kB
Mlocked:           28124 kB
SwapTotal:       1310716 kB
SwapFree:        1241956 kB
Dirty:                44 kB
Writeback:             0 kB
AnonPages:        872128 kB
Mapped:           452788 kB
Shmem:              1460 kB
Slab:             106720 kB
SReclaimable:      31380 kB
SUnreclaim:        75340 kB
KernelStack:       30288 kB
PageTables:        58300 kB
NFS_Unstable:          0 kB
Bounce:                0 kB
WritebackTmp:          0 kB
CommitLimit:     2684136 kB
Committed_AS:   145272548 kB
VmallocTotal:   251658176 kB
VmallocUsed:      326992 kB
VmallocChunk:   247561408 kB
Time pass: 224 sec

---2015-11-19 19:35:53
MemTotal:        2746844 kB
MemFree:           82516 kB
Buffers:           10812 kB
Cached:           716128 kB
SwapCached:         2244 kB
Active:           800204 kB
Inactive:         774980 kB
Active(anon):     427616 kB
Inactive(anon):   441452 kB
Active(file):     372588 kB
Inactive(file):   333528 kB
Unevictable:       36096 kB
Mlocked:           28124 kB
SwapTotal:       1310716 kB
SwapFree:        1241956 kB
Dirty:               112 kB
Writeback:            60 kB
AnonPages:        883148 kB
Mapped:           459400 kB
Shmem:              1460 kB
Slab:             106744 kB
SReclaimable:      31380 kB
SUnreclaim:        75364 kB
KernelStack:       30752 kB
PageTables:        58824 kB
NFS_Unstable:          0 kB
Bounce:                0 kB
WritebackTmp:          0 kB
CommitLimit:     2684136 kB
Committed_AS:   146539100 kB
VmallocTotal:   251658176 kB
VmallocUsed:      328012 kB
VmallocChunk:   247561408 kB
Time pass: 227 sec

---2015-11-19 19:35:53
MemTotal:        2746844 kB
MemFree:           80960 kB
Buffers:           10812 kB
Cached:           716136 kB
SwapCached:         2244 kB
Active:           801312 kB
Inactive:         774988 kB
Active(anon):     428724 kB
Inactive(anon):   441452 kB
Active(file):     372588 kB
Inactive(file):   333536 kB
Unevictable:       36096 kB
Mlocked:           28124 kB
SwapTotal:       1310716 kB
SwapFree:        1241956 kB
Dirty:               116 kB
Writeback:             0 kB
AnonPages:        884312 kB
Mapped:           459556 kB
Shmem:              1460 kB
Slab:             106740 kB
SReclaimable:      31380 kB
SUnreclaim:        75360 kB
KernelStack:       30912 kB
PageTables:        58864 kB
NFS_Unstable:          0 kB
Bounce:                0 kB
WritebackTmp:          0 kB
CommitLimit:     2684136 kB
Committed_AS:   146539656 kB
VmallocTotal:   251658176 kB
VmallocUsed:      328012 kB
VmallocChunk:   247561408 kB
Time pass: 231 sec

---2015-11-19 19:35:53
MemTotal:        2746844 kB
MemFree:           78500 kB
Buffers:           10828 kB
Cached:           716180 kB
SwapCached:         2244 kB
Active:           802408 kB
Inactive:         774836 kB
Active(anon):     429832 kB
Inactive(anon):   441280 kB
Active(file):     372576 kB
Inactive(file):   333556 kB
Unevictable:       36096 kB
Mlocked:           28124 kB
SwapTotal:       1310716 kB
SwapFree:        1241956 kB
Dirty:                64 kB
Writeback:             0 kB
AnonPages:        885152 kB
Mapped:           459700 kB
Shmem:              1504 kB
Slab:             106812 kB
SReclaimable:      31380 kB
SUnreclaim:        75432 kB
KernelStack:       30976 kB
PageTables:        58924 kB
NFS_Unstable:          0 kB
Bounce:                0 kB
WritebackTmp:          0 kB
CommitLimit:     2684136 kB
Committed_AS:   146539716 kB
VmallocTotal:   251658176 kB
VmallocUsed:      328012 kB
VmallocChunk:   247561408 kB
Time pass: 234 sec

---2015-11-19 19:35:53
MemTotal:        2746844 kB
MemFree:           77132 kB
Buffers:           10852 kB
Cached:           716164 kB
SwapCached:         2244 kB
Active:           804424 kB
Inactive:         774824 kB
Active(anon):     431840 kB
Inactive(anon):   441260 kB
Active(file):     372584 kB
Inactive(file):   333564 kB
Unevictable:       36096 kB
Mlocked:           28124 kB
SwapTotal:       1310716 kB
SwapFree:        1241956 kB
Dirty:                68 kB
Writeback:             0 kB
AnonPages:        886820 kB
Mapped:           459784 kB
Shmem:              1504 kB
Slab:             106812 kB
SReclaimable:      31380 kB
SUnreclaim:        75432 kB
KernelStack:       30992 kB
PageTables:        58892 kB
NFS_Unstable:          0 kB
Bounce:                0 kB
WritebackTmp:          0 kB
CommitLimit:     2684136 kB
Committed_AS:   146540412 kB
VmallocTotal:   251658176 kB
VmallocUsed:      328012 kB
VmallocChunk:   247561408 kB
Time pass: 238 sec

---2015-11-19 19:35:53
MemTotal:        2746844 kB
MemFree:           76980 kB
Buffers:           10852 kB
Cached:           716180 kB
SwapCached:         2244 kB
Active:           804712 kB
Inactive:         774840 kB
Active(anon):     432132 kB
Inactive(anon):   441252 kB
Active(file):     372580 kB
Inactive(file):   333588 kB
Unevictable:       36096 kB
Mlocked:           28124 kB
SwapTotal:       1310716 kB
SwapFree:        1241956 kB
Dirty:                68 kB
Writeback:             0 kB
AnonPages:        886972 kB
Mapped:           459780 kB
Shmem:              1504 kB
Slab:             106812 kB
SReclaimable:      31380 kB
SUnreclaim:        75432 kB
KernelStack:       30992 kB
PageTables:        58900 kB
NFS_Unstable:          0 kB
Bounce:                0 kB
WritebackTmp:          0 kB
CommitLimit:     2684136 kB
Committed_AS:   146540516 kB
VmallocTotal:   251658176 kB
VmallocUsed:      328012 kB
VmallocChunk:   247561408 kB
Time pass: 241 sec

---2015-11-19 19:35:53
MemTotal:        2746844 kB
MemFree:           84456 kB
Buffers:           10876 kB
Cached:           716184 kB
SwapCached:         2244 kB
Active:           798264 kB
Inactive:         774768 kB
Active(anon):     425684 kB
Inactive(anon):   441156 kB
Active(file):     372580 kB
Inactive(file):   333612 kB
Unevictable:       36096 kB
Mlocked:           28124 kB
SwapTotal:       1310716 kB
SwapFree:        1241956 kB
Dirty:                64 kB
Writeback:             0 kB
AnonPages:        880380 kB
Mapped:           452844 kB
Shmem:              1508 kB
Slab:             106856 kB
SReclaimable:      31380 kB
SUnreclaim:        75476 kB
KernelStack:       30288 kB
PageTables:        58304 kB
NFS_Unstable:          0 kB
Bounce:                0 kB
WritebackTmp:          0 kB
CommitLimit:     2684136 kB
Committed_AS:   145281360 kB
VmallocTotal:   251658176 kB
VmallocUsed:      326992 kB
VmallocChunk:   247561408 kB
Time pass: 245 sec

---2015-11-19 19:35:53
MemTotal:        2746844 kB
MemFree:           72272 kB
Buffers:           10876 kB
Cached:           716740 kB
SwapCached:         2244 kB
Active:           807988 kB
Inactive:         775308 kB
Active(anon):     435404 kB
Inactive(anon):   441156 kB
Active(file):     372584 kB
Inactive(file):   334152 kB
Unevictable:       36096 kB
Mlocked:           28124 kB
SwapTotal:       1310716 kB
SwapFree:        1241956 kB
Dirty:                36 kB
Writeback:             0 kB
AnonPages:        890492 kB
Mapped:           459772 kB
Shmem:              1516 kB
Slab:             106776 kB
SReclaimable:      31380 kB
SUnreclaim:        75396 kB
KernelStack:       30992 kB
PageTables:        58900 kB
NFS_Unstable:          0 kB
Bounce:                0 kB
WritebackTmp:          0 kB
CommitLimit:     2684136 kB
Committed_AS:   146543220 kB
VmallocTotal:   251658176 kB
VmallocUsed:      328012 kB
VmallocChunk:   247561408 kB
Time pass: 249 sec

---2015-11-19 19:35:53
MemTotal:        2746844 kB
MemFree:           75260 kB
Buffers:           10920 kB
Cached:           716768 kB
SwapCached:         2244 kB
Active:           805012 kB
Inactive:         775296 kB
Active(anon):     432424 kB
Inactive(anon):   441108 kB
Active(file):     372588 kB
Inactive(file):   334188 kB
Unevictable:       36096 kB
Mlocked:           28124 kB
SwapTotal:       1310716 kB
SwapFree:        1241956 kB
Dirty:               144 kB
Writeback:             0 kB
AnonPages:        887040 kB
Mapped:           459824 kB
Shmem:              1548 kB
Slab:             106856 kB
SReclaimable:      31380 kB
SUnreclaim:        75476 kB
KernelStack:       31024 kB
PageTables:        58920 kB
NFS_Unstable:          0 kB
Bounce:                0 kB
WritebackTmp:          0 kB
CommitLimit:     2684136 kB
Committed_AS:   146543340 kB
VmallocTotal:   251658176 kB
VmallocUsed:      328012 kB
VmallocChunk:   247561408 kB
Time pass: 252 sec

---2015-11-19 19:35:53
MemTotal:        2746844 kB
MemFree:           75060 kB
Buffers:           10920 kB
Cached:           716756 kB
SwapCached:         2244 kB
Active:           805828 kB
Inactive:         774572 kB
Active(anon):     433240 kB
Inactive(anon):   440380 kB
Active(file):     372588 kB
Inactive(file):   334192 kB
Unevictable:       36096 kB
Mlocked:           28124 kB
SwapTotal:       1310716 kB
SwapFree:        1241956 kB
Dirty:                88 kB
Writeback:             0 kB
AnonPages:        887248 kB
Mapped:           459808 kB
Shmem:              1532 kB
Slab:             106860 kB
SReclaimable:      31380 kB
SUnreclaim:        75480 kB
KernelStack:       31008 kB
PageTables:        58904 kB
NFS_Unstable:          0 kB
Bounce:                0 kB
WritebackTmp:          0 kB
CommitLimit:     2684136 kB
Committed_AS:   146543284 kB
VmallocTotal:   251658176 kB
VmallocUsed:      328012 kB
VmallocChunk:   247561408 kB
Time pass: 256 sec

---2015-11-19 19:35:53
MemTotal:        2746844 kB
MemFree:           77160 kB
Buffers:           10928 kB
Cached:           716756 kB
SwapCached:         2244 kB
Active:           806812 kB
Inactive:         774448 kB
Active(anon):     434224 kB
Inactive(anon):   440248 kB
Active(file):     372588 kB
Inactive(file):   334200 kB
Unevictable:       36096 kB
Mlocked:           28124 kB
SwapTotal:       1310716 kB
SwapFree:        1241956 kB
Dirty:                36 kB
Writeback:             0 kB
AnonPages:        887804 kB
Mapped:           459952 kB
Shmem:              1532 kB
Slab:             106852 kB
SReclaimable:      31380 kB
SUnreclaim:        75472 kB
KernelStack:       31008 kB
PageTables:        58932 kB
NFS_Unstable:          0 kB
Bounce:                0 kB
WritebackTmp:          0 kB
CommitLimit:     2684136 kB
Committed_AS:   146543588 kB
VmallocTotal:   251658176 kB
VmallocUsed:      328012 kB
VmallocChunk:   247561408 kB
Time pass: 259 sec

---2015-11-19 19:35:53
MemTotal:        2746844 kB
MemFree:           85984 kB
Buffers:           10944 kB
Cached:           716756 kB
SwapCached:         2244 kB
Active:           798916 kB
Inactive:         774448 kB
Active(anon):     426328 kB
Inactive(anon):   440232 kB
Active(file):     372588 kB
Inactive(file):   334216 kB
Unevictable:       36096 kB
Mlocked:           28124 kB
SwapTotal:       1310716 kB
SwapFree:        1241956 kB
Dirty:                56 kB
Writeback:             0 kB
AnonPages:        880200 kB
Mapped:           452924 kB
Shmem:              1532 kB
Slab:             106892 kB
SReclaimable:      31380 kB
SUnreclaim:        75512 kB
KernelStack:       30320 kB
PageTables:        58316 kB
NFS_Unstable:          0 kB
Bounce:                0 kB
WritebackTmp:          0 kB
CommitLimit:     2684136 kB
Committed_AS:   145280344 kB
VmallocTotal:   251658176 kB
VmallocUsed:      326992 kB
VmallocChunk:   247561408 kB
Time pass: 263 sec

---2015-11-19 19:35:53
MemTotal:        2746844 kB
MemFree:           75432 kB
Buffers:           10952 kB
Cached:           716756 kB
SwapCached:         2244 kB
Active:           808796 kB
Inactive:         774428 kB
Active(anon):     436216 kB
Inactive(anon):   440200 kB
Active(file):     372580 kB
Inactive(file):   334228 kB
Unevictable:       36096 kB
Mlocked:           28124 kB
SwapTotal:       1310716 kB
SwapFree:        1241956 kB
Dirty:                76 kB
Writeback:             0 kB
AnonPages:        890492 kB
Mapped:           459256 kB
Shmem:              1532 kB
Slab:             106824 kB
SReclaimable:      31380 kB
SUnreclaim:        75444 kB
KernelStack:       30480 kB
PageTables:        58804 kB
NFS_Unstable:          0 kB
Bounce:                0 kB
WritebackTmp:          0 kB
CommitLimit:     2684136 kB
Committed_AS:   146543100 kB
VmallocTotal:   251658176 kB
VmallocUsed:      328012 kB
VmallocChunk:   247561408 kB
Time pass: 266 sec

---2015-11-19 19:35:53
MemTotal:        2746844 kB
MemFree:           74140 kB
Buffers:           10968 kB
Cached:           716772 kB
SwapCached:         2244 kB
Active:           810648 kB
Inactive:         774332 kB
Active(anon):     438044 kB
Inactive(anon):   440100 kB
Active(file):     372604 kB
Inactive(file):   334232 kB
Unevictable:       36096 kB
Mlocked:           28124 kB
SwapTotal:       1310716 kB
SwapFree:        1241956 kB
Dirty:               100 kB
Writeback:             0 kB
AnonPages:        891656 kB
Mapped:           459804 kB
Shmem:              1532 kB
Slab:             106824 kB
SReclaimable:      31380 kB
SUnreclaim:        75444 kB
KernelStack:       31008 kB
PageTables:        58908 kB
NFS_Unstable:          0 kB
Bounce:                0 kB
WritebackTmp:          0 kB
CommitLimit:     2684136 kB
Committed_AS:   146543348 kB
VmallocTotal:   251658176 kB
VmallocUsed:      328012 kB
VmallocChunk:   247561408 kB
Time pass: 270 sec

---2015-11-19 19:35:53
MemTotal:        2746844 kB
MemFree:           75140 kB
Buffers:           10968 kB
Cached:           716756 kB
SwapCached:         2244 kB
Active:           810932 kB
Inactive:         774340 kB
Active(anon):     438344 kB
Inactive(anon):   440100 kB
Active(file):     372588 kB
Inactive(file):   334240 kB
Unevictable:       36096 kB
Mlocked:           28124 kB
SwapTotal:       1310716 kB
SwapFree:        1241956 kB
Dirty:               100 kB
Writeback:             0 kB
AnonPages:        892072 kB
Mapped:           459808 kB
Shmem:              1532 kB
Slab:             106824 kB
SReclaimable:      31380 kB
SUnreclaim:        75444 kB
KernelStack:       31008 kB
PageTables:        58916 kB
NFS_Unstable:          0 kB
Bounce:                0 kB
WritebackTmp:          0 kB
CommitLimit:     2684136 kB
Committed_AS:   146543364 kB
VmallocTotal:   251658176 kB
VmallocUsed:      328012 kB
VmallocChunk:   247561408 kB
Time pass: 273 sec

---2015-11-19 19:35:53
MemTotal:        2746844 kB
MemFree:           73740 kB
Buffers:           10992 kB
Cached:           716756 kB
SwapCached:         2244 kB
Active:           812588 kB
Inactive:         774364 kB
Active(anon):     440000 kB
Inactive(anon):   440100 kB
Active(file):     372588 kB
Inactive(file):   334264 kB
Unevictable:       36096 kB
Mlocked:           28124 kB
SwapTotal:       1310716 kB
SwapFree:        1241956 kB
Dirty:                60 kB
Writeback:             0 kB
AnonPages:        893952 kB
Mapped:           459864 kB
Shmem:              1532 kB
Slab:             106824 kB
SReclaimable:      31380 kB
SUnreclaim:        75444 kB
KernelStack:       31056 kB
PageTables:        58908 kB
NFS_Unstable:          0 kB
Bounce:                0 kB
WritebackTmp:          0 kB
CommitLimit:     2684136 kB
Committed_AS:   146543732 kB
VmallocTotal:   251658176 kB
VmallocUsed:      328012 kB
VmallocChunk:   247561408 kB
Time pass: 277 sec

---2015-11-19 19:35:53
MemTotal:        2746844 kB
MemFree:           72468 kB
Buffers:           10992 kB
Cached:           716756 kB
SwapCached:         2244 kB
Active:           813232 kB
Inactive:         774332 kB
Active(anon):     440644 kB
Inactive(anon):   440068 kB
Active(file):     372588 kB
Inactive(file):   334264 kB
Unevictable:       36096 kB
Mlocked:           28124 kB
SwapTotal:       1310716 kB
SwapFree:        1241956 kB
Dirty:                 4 kB
Writeback:             0 kB
AnonPages:        894480 kB
Mapped:           459884 kB
Shmem:              1532 kB
Slab:             106824 kB
SReclaimable:      31380 kB
SUnreclaim:        75444 kB
KernelStack:       31024 kB
PageTables:        58912 kB
NFS_Unstable:          0 kB
Bounce:                0 kB
WritebackTmp:          0 kB
CommitLimit:     2684136 kB
Committed_AS:   146543916 kB
VmallocTotal:   251658176 kB
VmallocUsed:      328012 kB
VmallocChunk:   247561408 kB
Time pass: 280 sec

---2015-11-19 19:35:53
MemTotal:        2746844 kB
MemFree:           80668 kB
Buffers:           11000 kB
Cached:           716756 kB
SwapCached:         2244 kB
Active:           805644 kB
Inactive:         774332 kB
Active(anon):     433056 kB
Inactive(anon):   440068 kB
Active(file):     372588 kB
Inactive(file):   334264 kB
Unevictable:       36096 kB
Mlocked:           28124 kB
SwapTotal:       1310716 kB
SwapFree:        1241956 kB
Dirty:                60 kB
Writeback:             0 kB
AnonPages:        886624 kB
Mapped:           453008 kB
Shmem:              1532 kB
Slab:             106760 kB
SReclaimable:      31380 kB
SUnreclaim:        75380 kB
KernelStack:       30368 kB
PageTables:        58356 kB
NFS_Unstable:          0 kB
Bounce:                0 kB
WritebackTmp:          0 kB
CommitLimit:     2684136 kB
Committed_AS:   145280400 kB
VmallocTotal:   251658176 kB
VmallocUsed:      326992 kB
VmallocChunk:   247561408 kB
Time pass: 284 sec

---2015-11-19 19:35:53
MemTotal:        2746844 kB
MemFree:           68488 kB
Buffers:           11016 kB
Cached:           716776 kB
SwapCached:         2244 kB
Active:           818376 kB
Inactive:         774336 kB
Active(anon):     445772 kB
Inactive(anon):   440060 kB
Active(file):     372604 kB
Inactive(file):   334276 kB
Unevictable:       36096 kB
Mlocked:           28124 kB
SwapTotal:       1310716 kB
SwapFree:        1241956 kB
Dirty:                28 kB
Writeback:             0 kB
AnonPages:        899732 kB
Mapped:           459792 kB
Shmem:              1540 kB
Slab:             106744 kB
SReclaimable:      31380 kB
SUnreclaim:        75364 kB
KernelStack:       30992 kB
PageTables:        58940 kB
NFS_Unstable:          0 kB
Bounce:                0 kB
WritebackTmp:          0 kB
CommitLimit:     2684136 kB
Committed_AS:   146543132 kB
VmallocTotal:   251658176 kB
VmallocUsed:      328012 kB
VmallocChunk:   247561408 kB
Time pass: 287 sec

---2015-11-19 19:35:53
MemTotal:        2746844 kB
MemFree:           67548 kB
Buffers:           11024 kB
Cached:           716764 kB
SwapCached:         2244 kB
Active:           818724 kB
Inactive:         774356 kB
Active(anon):     446136 kB
Inactive(anon):   440060 kB
Active(file):     372588 kB
Inactive(file):   334296 kB
Unevictable:       36096 kB
Mlocked:           28124 kB
SwapTotal:       1310716 kB
SwapFree:        1241956 kB
Dirty:               116 kB
Writeback:             0 kB
AnonPages:        900152 kB
Mapped:           459812 kB
Shmem:              1540 kB
Slab:             106740 kB
SReclaimable:      31380 kB
SUnreclaim:        75360 kB
KernelStack:       31024 kB
PageTables:        58916 kB
NFS_Unstable:          0 kB
Bounce:                0 kB
WritebackTmp:          0 kB
CommitLimit:     2684136 kB
Committed_AS:   146543276 kB
VmallocTotal:   251658176 kB
VmallocUsed:      328012 kB
VmallocChunk:   247561408 kB
Time pass: 291 sec

---2015-11-19 19:35:53
MemTotal:        2746844 kB
MemFree:           69416 kB
Buffers:           11040 kB
Cached:           715868 kB
SwapCached:         2248 kB
Active:           810956 kB
Inactive:         779188 kB
Active(anon):     439712 kB
Inactive(anon):   444752 kB
Active(file):     371244 kB
Inactive(file):   334436 kB
Unevictable:       36096 kB
Mlocked:           28124 kB
SwapTotal:       1310716 kB
SwapFree:        1240420 kB
Dirty:                84 kB
Writeback:             0 kB
AnonPages:        898320 kB
Mapped:           459936 kB
Shmem:              1560 kB
Slab:             106776 kB
SReclaimable:      31380 kB
SUnreclaim:        75396 kB
KernelStack:       31040 kB
PageTables:        58952 kB
NFS_Unstable:          0 kB
Bounce:                0 kB
WritebackTmp:          0 kB
CommitLimit:     2684136 kB
Committed_AS:   146543284 kB
VmallocTotal:   251658176 kB
VmallocUsed:      328012 kB
VmallocChunk:   247561408 kB
Time pass: 294 sec

---2015-11-19 19:35:53
MemTotal:        2746844 kB
MemFree:           74516 kB
Buffers:           11048 kB
Cached:           715860 kB
SwapCached:         2248 kB
Active:           805748 kB
Inactive:         779188 kB
Active(anon):     434504 kB
Inactive(anon):   444752 kB
Active(file):     371244 kB
Inactive(file):   334436 kB
Unevictable:       36096 kB
Mlocked:           28124 kB
SwapTotal:       1310716 kB
SwapFree:        1240420 kB
Dirty:                 0 kB
Writeback:             0 kB
AnonPages:        893132 kB
Mapped:           459908 kB
Shmem:              1560 kB
Slab:             106744 kB
SReclaimable:      31380 kB
SUnreclaim:        75364 kB
KernelStack:       31024 kB
PageTables:        58928 kB
NFS_Unstable:          0 kB
Bounce:                0 kB
WritebackTmp:          0 kB
CommitLimit:     2684136 kB
Committed_AS:   146543676 kB
VmallocTotal:   251658176 kB
VmallocUsed:      328012 kB
VmallocChunk:   247561408 kB
Time pass: 298 sec

---2015-11-19 19:35:53
MemTotal:        2746844 kB
MemFree:           84236 kB
Buffers:           11064 kB
Cached:           715308 kB
SwapCached:         2248 kB
Active:           798344 kB
Inactive:         778480 kB
Active(anon):     427152 kB
Inactive(anon):   444232 kB
Active(file):     371192 kB
Inactive(file):   334248 kB
Unevictable:       36096 kB
Mlocked:           28124 kB
SwapTotal:       1310716 kB
SwapFree:        1240420 kB
Dirty:                68 kB
Writeback:             0 kB
AnonPages:        885104 kB
Mapped:           452876 kB
Shmem:              1560 kB
Slab:             106768 kB
SReclaimable:      31380 kB
SUnreclaim:        75388 kB
KernelStack:       30368 kB
PageTables:        58312 kB
NFS_Unstable:          0 kB
Bounce:                0 kB
WritebackTmp:          0 kB
CommitLimit:     2684136 kB
Committed_AS:   145280412 kB
VmallocTotal:   251658176 kB
VmallocUsed:      326992 kB
VmallocChunk:   247561408 kB
Time pass: 301 sec

---2015-11-19 19:35:53
MemTotal:        2746844 kB
MemFree:           73892 kB
Buffers:           11064 kB
Cached:           715308 kB
SwapCached:         2252 kB
Active:           808460 kB
Inactive:         778488 kB
Active(anon):     437260 kB
Inactive(anon):   444236 kB
Active(file):     371200 kB
Inactive(file):   334252 kB
Unevictable:       36096 kB
Mlocked:           28124 kB
SwapTotal:       1310716 kB
SwapFree:        1240420 kB
Dirty:                16 kB
Writeback:             0 kB
AnonPages:        895936 kB
Mapped:           459188 kB
Shmem:              1560 kB
Slab:             106768 kB
SReclaimable:      31380 kB
SUnreclaim:        75388 kB
KernelStack:       30832 kB
PageTables:        58848 kB
NFS_Unstable:          0 kB
Bounce:                0 kB
WritebackTmp:          0 kB
CommitLimit:     2684136 kB
Committed_AS:   146542780 kB
VmallocTotal:   251658176 kB
VmallocUsed:      328012 kB
VmallocChunk:   247561408 kB
Time pass: 305 sec

---2015-11-19 19:35:53
MemTotal:        2746844 kB
MemFree:           71444 kB
Buffers:           11088 kB
Cached:           715308 kB
SwapCached:         2252 kB
Active:           811032 kB
Inactive:         778524 kB
Active(anon):     439840 kB
Inactive(anon):   444236 kB
Active(file):     371192 kB
Inactive(file):   334288 kB
Unevictable:       36096 kB
Mlocked:           28124 kB
SwapTotal:       1310716 kB
SwapFree:        1240420 kB
Dirty:               124 kB
Writeback:             0 kB
AnonPages:        897824 kB
Mapped:           459840 kB
Shmem:              1560 kB
Slab:             106772 kB
SReclaimable:      31380 kB
SUnreclaim:        75392 kB
KernelStack:       31040 kB
PageTables:        58920 kB
NFS_Unstable:          0 kB
Bounce:                0 kB
WritebackTmp:          0 kB
CommitLimit:     2684136 kB
Committed_AS:   146543320 kB
VmallocTotal:   251658176 kB
VmallocUsed:      328012 kB
VmallocChunk:   247561408 kB
Time pass: 309 sec

---2015-11-19 19:35:53
MemTotal:        2746844 kB
MemFree:           69424 kB
Buffers:           11108 kB
Cached:           715328 kB
SwapCached:         2252 kB
Active:           812384 kB
Inactive:         778556 kB
Active(anon):     441192 kB
Inactive(anon):   444256 kB
Active(file):     371192 kB
Inactive(file):   334300 kB
Unevictable:       36096 kB
Mlocked:           28124 kB
SwapTotal:       1310716 kB
SwapFree:        1240420 kB
Dirty:                84 kB
Writeback:             0 kB
AnonPages:        898924 kB
Mapped:           459864 kB
Shmem:              1580 kB
Slab:             106772 kB
SReclaimable:      31380 kB
SUnreclaim:        75392 kB
KernelStack:       31040 kB
PageTables:        58920 kB
NFS_Unstable:          0 kB
Bounce:                0 kB
WritebackTmp:          0 kB
CommitLimit:     2684136 kB
Committed_AS:   146543440 kB
VmallocTotal:   251658176 kB
VmallocUsed:      328012 kB
VmallocChunk:   247561408 kB
Time pass: 312 sec

---2015-11-19 19:35:53
MemTotal:        2746844 kB
MemFree:           68516 kB
Buffers:           11108 kB
Cached:           715328 kB
SwapCached:         2252 kB
Active:           813460 kB
Inactive:         778556 kB
Active(anon):     442268 kB
Inactive(anon):   444256 kB
Active(file):     371192 kB
Inactive(file):   334300 kB
Unevictable:       36096 kB
Mlocked:           28124 kB
SwapTotal:       1310716 kB
SwapFree:        1240420 kB
Dirty:                 0 kB
Writeback:             0 kB
AnonPages:        900152 kB
Mapped:           459920 kB
Shmem:              1580 kB
Slab:             106772 kB
SReclaimable:      31380 kB
SUnreclaim:        75392 kB
KernelStack:       31024 kB
PageTables:        58920 kB
NFS_Unstable:          0 kB
Bounce:                0 kB
WritebackTmp:          0 kB
CommitLimit:     2684136 kB
Committed_AS:   146543616 kB
VmallocTotal:   251658176 kB
VmallocUsed:      328012 kB
VmallocChunk:   247561408 kB
Time pass: 316 sec

---2015-11-19 19:35:53
MemTotal:        2746844 kB
MemFree:           77380 kB
Buffers:           11124 kB
Cached:           715344 kB
SwapCached:         2252 kB
Active:           805912 kB
Inactive:         778520 kB
Active(anon):     434656 kB
Inactive(anon):   444272 kB
Active(file):     371256 kB
Inactive(file):   334248 kB
Unevictable:       36096 kB
Mlocked:           28124 kB
SwapTotal:       1310716 kB
SwapFree:        1240420 kB
Dirty:                72 kB
Writeback:             0 kB
AnonPages:        892464 kB
Mapped:           452996 kB
Shmem:              1596 kB
Slab:             106772 kB
SReclaimable:      31380 kB
SUnreclaim:        75392 kB
KernelStack:       30752 kB
PageTables:        58344 kB
NFS_Unstable:          0 kB
Bounce:                0 kB
WritebackTmp:          0 kB
CommitLimit:     2684136 kB
Committed_AS:   145280508 kB
VmallocTotal:   251658176 kB
VmallocUsed:      326992 kB
VmallocChunk:   247561408 kB
Time pass: 319 sec

---2015-11-19 19:35:53
MemTotal:        2746844 kB
MemFree:           76492 kB
Buffers:           11132 kB
Cached:           715344 kB
SwapCached:         2252 kB
Active:           806316 kB
Inactive:         778532 kB
Active(anon):     435060 kB
Inactive(anon):   444272 kB
Active(file):     371256 kB
Inactive(file):   334260 kB
Unevictable:       36096 kB
Mlocked:           28124 kB
SwapTotal:       1310716 kB
SwapFree:        1240420 kB
Dirty:                56 kB
Writeback:             0 kB
AnonPages:        892728 kB
Mapped:           453080 kB
Shmem:              1596 kB
Slab:             106764 kB
SReclaimable:      31380 kB
SUnreclaim:        75384 kB
KernelStack:       30368 kB
PageTables:        58372 kB
NFS_Unstable:          0 kB
Bounce:                0 kB
WritebackTmp:          0 kB
CommitLimit:     2684136 kB
Committed_AS:   145280404 kB
VmallocTotal:   251658176 kB
VmallocUsed:      326992 kB
VmallocChunk:   247561408 kB
Time pass: 323 sec

---2015-11-19 19:35:53
MemTotal:        2746844 kB
MemFree:           65936 kB
Buffers:           11148 kB
Cached:           714820 kB
SwapCached:         2252 kB
Active:           816652 kB
Inactive:         779904 kB
Active(anon):     445792 kB
Inactive(anon):   445756 kB
Active(file):     370860 kB
Inactive(file):   334148 kB
Unevictable:       36096 kB
Mlocked:           28124 kB
SwapTotal:       1310716 kB
SwapFree:        1239892 kB
Dirty:                 0 kB
Writeback:             0 kB
AnonPages:        905352 kB
Mapped:           459832 kB
Shmem:              1596 kB
Slab:             106768 kB
SReclaimable:      31380 kB
SUnreclaim:        75388 kB
KernelStack:       30928 kB
PageTables:        58936 kB
NFS_Unstable:          0 kB
Bounce:                0 kB
WritebackTmp:          0 kB
CommitLimit:     2684136 kB
Committed_AS:   146543136 kB
VmallocTotal:   251658176 kB
VmallocUsed:      328012 kB
VmallocChunk:   247561408 kB
Time pass: 326 sec

---2015-11-19 19:35:53
MemTotal:        2746844 kB
MemFree:           65636 kB
Buffers:           11156 kB
Cached:           714812 kB
SwapCached:         2252 kB
Active:           816956 kB
Inactive:         779916 kB
Active(anon):     446108 kB
Inactive(anon):   445756 kB
Active(file):     370848 kB
Inactive(file):   334160 kB
Unevictable:       36096 kB
Mlocked:           28124 kB
SwapTotal:       1310716 kB
SwapFree:        1239892 kB
Dirty:                 0 kB
Writeback:             0 kB
AnonPages:        905796 kB
Mapped:           459876 kB
Shmem:              1596 kB
Slab:             106768 kB
SReclaimable:      31380 kB
SUnreclaim:        75388 kB
KernelStack:       31024 kB
PageTables:        58936 kB
NFS_Unstable:          0 kB
Bounce:                0 kB
WritebackTmp:          0 kB
CommitLimit:     2684136 kB
Committed_AS:   146543400 kB
VmallocTotal:   251658176 kB
VmallocUsed:      328012 kB
VmallocChunk:   247561408 kB
Time pass: 330 sec

---2015-11-19 19:35:53
MemTotal:        2746844 kB
MemFree:           67208 kB
Buffers:           11144 kB
Cached:           713416 kB
SwapCached:         2252 kB
Active:           814812 kB
Inactive:         780464 kB
Active(anon):     445244 kB
Inactive(anon):   446272 kB
Active(file):     369568 kB
Inactive(file):   334192 kB
Unevictable:       36096 kB
Mlocked:           28124 kB
SwapTotal:       1310716 kB
SwapFree:        1238308 kB
Dirty:                68 kB
Writeback:             0 kB
AnonPages:        905064 kB
Mapped:           459880 kB
Shmem:              1596 kB
Slab:             106780 kB
SReclaimable:      31380 kB
SUnreclaim:        75400 kB
KernelStack:       31008 kB
PageTables:        58936 kB
NFS_Unstable:          0 kB
Bounce:                0 kB
WritebackTmp:          0 kB
CommitLimit:     2684136 kB
Committed_AS:   146543400 kB
VmallocTotal:   251658176 kB
VmallocUsed:      328012 kB
VmallocChunk:   247561408 kB
Time pass: 333 sec

---2015-11-19 19:35:53
MemTotal:        2746844 kB
MemFree:           66960 kB
Buffers:           11144 kB
Cached:           713212 kB
SwapCached:         2252 kB
Active:           815764 kB
Inactive:         779916 kB
Active(anon):     446444 kB
Inactive(anon):   445840 kB
Active(file):     369320 kB
Inactive(file):   334076 kB
Unevictable:       36096 kB
Mlocked:           28124 kB
SwapTotal:       1310716 kB
SwapFree:        1238308 kB
Dirty:                 0 kB
Writeback:             0 kB
AnonPages:        906060 kB
Mapped:           459936 kB
Shmem:              1596 kB
Slab:             106864 kB
SReclaimable:      31380 kB
SUnreclaim:        75484 kB
KernelStack:       31040 kB
PageTables:        58940 kB
NFS_Unstable:          0 kB
Bounce:                0 kB
WritebackTmp:          0 kB
CommitLimit:     2684136 kB
Committed_AS:   146543824 kB
VmallocTotal:   251658176 kB
VmallocUsed:      328012 kB
VmallocChunk:   247561408 kB
Time pass: 337 sec

---2015-11-19 19:35:53
MemTotal:        2746844 kB
MemFree:           74924 kB
Buffers:           11168 kB
Cached:           713220 kB
SwapCached:         2252 kB
Active:           808000 kB
Inactive:         779852 kB
Active(anon):     438652 kB
Inactive(anon):   445772 kB
Active(file):     369348 kB
Inactive(file):   334080 kB
Unevictable:       36096 kB
Mlocked:           28124 kB
SwapTotal:       1310716 kB
SwapFree:        1238544 kB
Dirty:                68 kB
Writeback:             0 kB
AnonPages:        897936 kB
Mapped:           452992 kB
Shmem:              1596 kB
Slab:             106784 kB
SReclaimable:      31380 kB
SUnreclaim:        75404 kB
KernelStack:       30288 kB
PageTables:        58324 kB
NFS_Unstable:          0 kB
Bounce:                0 kB
WritebackTmp:          0 kB
CommitLimit:     2684136 kB
Committed_AS:   145271956 kB
VmallocTotal:   251658176 kB
VmallocUsed:      326992 kB
VmallocChunk:   247561408 kB
Time pass: 341 sec

---2015-11-19 19:35:53
MemTotal:        2746844 kB
MemFree:           66736 kB
Buffers:           11168 kB
Cached:           712016 kB
SwapCached:         2256 kB
Active:           814088 kB
Inactive:         781312 kB
Active(anon):     446516 kB
Inactive(anon):   447084 kB
Active(file):     367572 kB
Inactive(file):   334228 kB
Unevictable:       36096 kB
Mlocked:           28124 kB
SwapTotal:       1310716 kB
SwapFree:        1236980 kB
Dirty:                32 kB
Writeback:             0 kB
AnonPages:        907452 kB
Mapped:           459792 kB
Shmem:              1596 kB
Slab:             106800 kB
SReclaimable:      31380 kB
SUnreclaim:        75420 kB
KernelStack:       30992 kB
PageTables:        58920 kB
NFS_Unstable:          0 kB
Bounce:                0 kB
WritebackTmp:          0 kB
CommitLimit:     2684136 kB
Committed_AS:   146534824 kB
VmallocTotal:   251658176 kB
VmallocUsed:      328012 kB
VmallocChunk:   247561408 kB
Time pass: 345 sec

---2015-11-19 19:35:53
MemTotal:        2746844 kB
MemFree:           76952 kB
Buffers:           11192 kB
Cached:           712016 kB
SwapCached:         2256 kB
Active:           802288 kB
Inactive:         781324 kB
Active(anon):     434712 kB
Inactive(anon):   447080 kB
Active(file):     367576 kB
Inactive(file):   334244 kB
Unevictable:       36096 kB
Mlocked:           28124 kB
SwapTotal:       1310716 kB
SwapFree:        1236980 kB
Dirty:                60 kB
Writeback:             0 kB
AnonPages:        895292 kB
Mapped:           459904 kB
Shmem:              1596 kB
Slab:             106796 kB
SReclaimable:      31380 kB
SUnreclaim:        75416 kB
KernelStack:       30992 kB
PageTables:        58952 kB
NFS_Unstable:          0 kB
Bounce:                0 kB
WritebackTmp:          0 kB
CommitLimit:     2684136 kB
Committed_AS:   146534716 kB
VmallocTotal:   251658176 kB
VmallocUsed:      328012 kB
VmallocChunk:   247561408 kB
Time pass: 348 sec

---2015-11-19 19:35:53
MemTotal:        2746844 kB
MemFree:           78788 kB
Buffers:           11192 kB
Cached:           711544 kB
SwapCached:         2256 kB
Active:           801100 kB
Inactive:         780888 kB
Active(anon):     433660 kB
Inactive(anon):   446552 kB
Active(file):     367440 kB
Inactive(file):   334336 kB
Unevictable:       36096 kB
Mlocked:           28124 kB
SwapTotal:       1310716 kB
SwapFree:        1236980 kB
Dirty:                60 kB
Writeback:             0 kB
AnonPages:        893636 kB
Mapped:           460056 kB
Shmem:              1596 kB
Slab:             106812 kB
SReclaimable:      31380 kB
SUnreclaim:        75432 kB
KernelStack:       30992 kB
PageTables:        58980 kB
NFS_Unstable:          0 kB
Bounce:                0 kB
WritebackTmp:          0 kB
CommitLimit:     2684136 kB
Committed_AS:   146534756 kB
VmallocTotal:   251658176 kB
VmallocUsed:      328012 kB
VmallocChunk:   247561408 kB
Time pass: 352 sec

---2015-11-19 19:35:53
MemTotal:        2746844 kB
MemFree:           79184 kB
Buffers:           11200 kB
Cached:           711580 kB
SwapCached:         2256 kB
Active:           800892 kB
Inactive:         780860 kB
Active(anon):     433452 kB
Inactive(anon):   446516 kB
Active(file):     367440 kB
Inactive(file):   334344 kB
Unevictable:       36096 kB
Mlocked:           28124 kB
SwapTotal:       1310716 kB
SwapFree:        1236980 kB
Dirty:                32 kB
Writeback:             0 kB
AnonPages:        893380 kB
Mapped:           459984 kB
Shmem:              1632 kB
Slab:             106816 kB
SReclaimable:      31380 kB
SUnreclaim:        75436 kB
KernelStack:       30992 kB
PageTables:        58924 kB
NFS_Unstable:          0 kB
Bounce:                0 kB
WritebackTmp:          0 kB
CommitLimit:     2684136 kB
Committed_AS:   146535052 kB
VmallocTotal:   251658176 kB
VmallocUsed:      328012 kB
VmallocChunk:   247561408 kB
Time pass: 356 sec

---2015-11-19 19:35:53
MemTotal:        2746844 kB
MemFree:           87852 kB
Buffers:           11216 kB
Cached:           711580 kB
SwapCached:         2256 kB
Active:           793448 kB
Inactive:         780728 kB
Active(anon):     425872 kB
Inactive(anon):   446508 kB
Active(file):     367576 kB
Inactive(file):   334220 kB
Unevictable:       36096 kB
Mlocked:           28124 kB
SwapTotal:       1310716 kB
SwapFree:        1236980 kB
Dirty:                52 kB
Writeback:             0 kB
AnonPages:        885924 kB
Mapped:           453040 kB
Shmem:              1632 kB
Slab:             106844 kB
SReclaimable:      31380 kB
SUnreclaim:        75464 kB
KernelStack:       30304 kB
PageTables:        58336 kB
NFS_Unstable:          0 kB
Bounce:                0 kB
WritebackTmp:          0 kB
CommitLimit:     2684136 kB
Committed_AS:   145272052 kB
VmallocTotal:   251658176 kB
VmallocUsed:      326992 kB
VmallocChunk:   247561408 kB
Time pass: 359 sec

---2015-11-19 19:35:53
MemTotal:        2746844 kB
MemFree:           79148 kB
Buffers:           11224 kB
Cached:           711588 kB
SwapCached:         2256 kB
Active:           801176 kB
Inactive:         780736 kB
Active(anon):     433592 kB
Inactive(anon):   446516 kB
Active(file):     367584 kB
Inactive(file):   334220 kB
Unevictable:       36096 kB
Mlocked:           28124 kB
SwapTotal:       1310716 kB
SwapFree:        1236980 kB
Dirty:                76 kB
Writeback:             0 kB
AnonPages:        893772 kB
Mapped:           459016 kB
Shmem:              1640 kB
Slab:             106828 kB
SReclaimable:      31380 kB
SUnreclaim:        75448 kB
KernelStack:       30816 kB
PageTables:        58880 kB
NFS_Unstable:          0 kB
Bounce:                0 kB
WritebackTmp:          0 kB
CommitLimit:     2684136 kB
Committed_AS:   146533436 kB
VmallocTotal:   251658176 kB
VmallocUsed:      328012 kB
VmallocChunk:   247561408 kB
Time pass: 362 sec

---2015-11-19 19:35:53
MemTotal:        2746844 kB
MemFree:           84136 kB
Buffers:           11240 kB
Cached:           711588 kB
SwapCached:         2256 kB
Active:           796368 kB
Inactive:         780764 kB
Active(anon):     428792 kB
Inactive(anon):   446516 kB
Active(file):     367576 kB
Inactive(file):   334248 kB
Unevictable:       36096 kB
Mlocked:           28124 kB
SwapTotal:       1310716 kB
SwapFree:        1236980 kB
Dirty:               120 kB
Writeback:             0 kB
AnonPages:        888952 kB
Mapped:           459940 kB
Shmem:              1640 kB
Slab:             106836 kB
SReclaimable:      31380 kB
SUnreclaim:        75456 kB
KernelStack:       30992 kB
