---2015-12-05 14:07:44
MemTotal:        2873608 kB
MemFree:          113664 kB
Buffers:           21668 kB
Cached:          1277864 kB
SwapCached:            0 kB
Active:          1289640 kB
Inactive:         933936 kB
Active(anon):     738516 kB
Inactive(anon):   195428 kB
Active(file):     551124 kB
Inactive(file):   738508 kB
Unevictable:        8104 kB
Mlocked:               0 kB
SwapTotal:        718400 kB
SwapFree:         718400 kB
Dirty:              6460 kB
Writeback:             4 kB
AnonPages:        932096 kB
Mapped:           456840 kB
Shmem:              1796 kB
Slab:              97200 kB
SReclaimable:      31976 kB
SUnreclaim:        65224 kB
KernelStack:       36000 kB
PageTables:        47512 kB
NFS_Unstable:          0 kB
Bounce:                0 kB
WritebackTmp:          0 kB
CommitLimit:     2155204 kB
Committed_AS:   117823796 kB
VmallocTotal:   251658176 kB
VmallocUsed:      133092 kB
VmallocChunk:   251427884 kB
Time pass: 3 sec

---2015-12-05 14:07:44
MemTotal:        2873608 kB
MemFree:          109888 kB
Buffers:           21916 kB
Cached:          1280732 kB
SwapCached:            0 kB
Active:          1308252 kB
Inactive:         921692 kB
Active(anon):     741804 kB
Inactive(anon):   195396 kB
Active(file):     566448 kB
Inactive(file):   726296 kB
Unevictable:        8104 kB
Mlocked:               0 kB
SwapTotal:        718400 kB
SwapFree:         718400 kB
Dirty:                24 kB
Writeback:             0 kB
AnonPages:        935528 kB
Mapped:           464368 kB
Shmem:              1800 kB
Slab:              97248 kB
SReclaimable:      31992 kB
SUnreclaim:        65256 kB
KernelStack:       37008 kB
PageTables:        47360 kB
NFS_Unstable:          0 kB
Bounce:                0 kB
WritebackTmp:          0 kB
CommitLimit:     2155204 kB
Committed_AS:   118367088 kB
VmallocTotal:   251658176 kB
VmallocUsed:      132932 kB
VmallocChunk:   251420716 kB
Time pass: 7 sec

---2015-12-05 14:07:44
MemTotal:        2873608 kB
MemFree:           64368 kB
Buffers:           23556 kB
Cached:          1282020 kB
SwapCached:            0 kB
Active:          1346284 kB
Inactive:         922480 kB
Active(anon):     777716 kB
Inactive(anon):   195296 kB
Active(file):     568568 kB
Inactive(file):   727184 kB
Unevictable:        8104 kB
Mlocked:               0 kB
SwapTotal:        718400 kB
SwapFree:         718400 kB
Dirty:              1104 kB
Writeback:             0 kB
AnonPages:        971308 kB
Mapped:           503696 kB
Shmem:              1712 kB
Slab:              97216 kB
SReclaimable:      32096 kB
SUnreclaim:        65120 kB
KernelStack:       37408 kB
PageTables:        48708 kB
NFS_Unstable:          0 kB
Bounce:                0 kB
WritebackTmp:          0 kB
CommitLimit:     2155204 kB
Committed_AS:   119791972 kB
VmallocTotal:   251658176 kB
VmallocUsed:      135268 kB
VmallocChunk:   251420716 kB
Time pass: 11 sec

---2015-12-05 14:07:44
MemTotal:        2873608 kB
MemFree:           93604 kB
Buffers:           23580 kB
Cached:          1275828 kB
SwapCached:            0 kB
Active:          1337008 kB
Inactive:         902996 kB
Active(anon):     755292 kB
Inactive(anon):   195356 kB
Active(file):     581716 kB
Inactive(file):   707640 kB
Unevictable:        8104 kB
Mlocked:               0 kB
SwapTotal:        718400 kB
SwapFree:         718400 kB
Dirty:              5340 kB
Writeback:             0 kB
AnonPages:        948784 kB
Mapped:           511060 kB
Shmem:              1700 kB
Slab:              97192 kB
SReclaimable:      32036 kB
SUnreclaim:        65156 kB
KernelStack:       37376 kB
PageTables:        48836 kB
NFS_Unstable:          0 kB
Bounce:                0 kB
WritebackTmp:          0 kB
CommitLimit:     2155204 kB
Committed_AS:   119262244 kB
VmallocTotal:   251658176 kB
VmallocUsed:      136288 kB
VmallocChunk:   251420716 kB
Time pass: 15 sec

---2015-12-05 14:07:44
MemTotal:        2873608 kB
MemFree:           67440 kB
Buffers:           23652 kB
Cached:          1252712 kB
SwapCached:            0 kB
Active:          1417044 kB
Inactive:         846352 kB
Active(anon):     797792 kB
Inactive(anon):   199340 kB
Active(file):     619252 kB
Inactive(file):   647012 kB
Unevictable:        8104 kB
Mlocked:               0 kB
SwapTotal:        718400 kB
SwapFree:         718400 kB
Dirty:               388 kB
Writeback:             0 kB
AnonPages:        995260 kB
Mapped:           500408 kB
Shmem:              1920 kB
Slab:              98692 kB
SReclaimable:      32200 kB
SUnreclaim:        66492 kB
KernelStack:       39184 kB
PageTables:        49848 kB
NFS_Unstable:          0 kB
Bounce:                0 kB
WritebackTmp:          0 kB
CommitLimit:     2155204 kB
Committed_AS:   124568100 kB
VmallocTotal:   251658176 kB
VmallocUsed:      137308 kB
VmallocChunk:   251420716 kB
Time pass: 19 sec

---2015-12-05 14:07:44
MemTotal:        2873608 kB
MemFree:           61284 kB
Buffers:           24256 kB
Cached:          1179664 kB
SwapCached:            0 kB
Active:          1395632 kB
Inactive:         800572 kB
Active(anon):     805792 kB
Inactive(anon):   201720 kB
Active(file):     589840 kB
Inactive(file):   598852 kB
Unevictable:       13568 kB
Mlocked:               0 kB
SwapTotal:        718400 kB
SwapFree:         717696 kB
Dirty:              2088 kB
Writeback:             0 kB
AnonPages:       1006368 kB
Mapped:           488736 kB
Shmem:              1308 kB
Slab:              98452 kB
SReclaimable:      32068 kB
SUnreclaim:        66384 kB
KernelStack:       38848 kB
PageTables:        50420 kB
NFS_Unstable:          0 kB
Bounce:                0 kB
WritebackTmp:          0 kB
CommitLimit:     2155204 kB
Committed_AS:   122877104 kB
VmallocTotal:   251658176 kB
VmallocUsed:      135872 kB
VmallocChunk:   251427884 kB
Time pass: 23 sec

---2015-12-05 14:07:44
MemTotal:        2873608 kB
MemFree:           75464 kB
Buffers:           24156 kB
Cached:          1133236 kB
SwapCached:            0 kB
Active:          1347564 kB
Inactive:         781612 kB
Active(anon):     782232 kB
Inactive(anon):   204708 kB
Active(file):     565332 kB
Inactive(file):   576904 kB
Unevictable:       13568 kB
Mlocked:               0 kB
SwapTotal:        718400 kB
SwapFree:         717360 kB
Dirty:                48 kB
Writeback:             0 kB
AnonPages:        985520 kB
Mapped:           548660 kB
Shmem:              1240 kB
Slab:              98340 kB
SReclaimable:      32024 kB
SUnreclaim:        66316 kB
KernelStack:       38800 kB
PageTables:        49316 kB
NFS_Unstable:          0 kB
Bounce:                0 kB
WritebackTmp:          0 kB
CommitLimit:     2155204 kB
Committed_AS:   118222860 kB
VmallocTotal:   251658176 kB
VmallocUsed:      135408 kB
VmallocChunk:   251427884 kB
Time pass: 26 sec

---2015-12-05 14:07:44
MemTotal:        2873608 kB
MemFree:           63968 kB
Buffers:           25452 kB
Cached:          1144844 kB
SwapCached:            0 kB
Active:          1351120 kB
Inactive:         787556 kB
Active(anon):     778488 kB
Inactive(anon):   204716 kB
Active(file):     572632 kB
Inactive(file):   582840 kB
Unevictable:       13568 kB
Mlocked:               0 kB
SwapTotal:        718400 kB
SwapFree:         717360 kB
Dirty:               344 kB
Writeback:             0 kB
AnonPages:        982020 kB
Mapped:           553564 kB
Shmem:              1256 kB
Slab:              98480 kB
SReclaimable:      32180 kB
SUnreclaim:        66300 kB
KernelStack:       39200 kB
PageTables:        50540 kB
NFS_Unstable:          0 kB
Bounce:                0 kB
WritebackTmp:          0 kB
CommitLimit:     2155204 kB
Committed_AS:   122336268 kB
VmallocTotal:   251658176 kB
VmallocUsed:      137448 kB
VmallocChunk:   251427884 kB
Time pass: 30 sec

---2015-12-05 14:07:44
MemTotal:        2873608 kB
MemFree:           81092 kB
Buffers:           25900 kB
Cached:          1124436 kB
SwapCached:            0 kB
Active:          1355844 kB
Inactive:         772052 kB
Active(anon):     787732 kB
Inactive(anon):   204500 kB
Active(file):     568112 kB
Inactive(file):   567552 kB
Unevictable:       13568 kB
Mlocked:               0 kB
SwapTotal:        718400 kB
SwapFree:         717300 kB
Dirty:               172 kB
Writeback:             0 kB
AnonPages:        991012 kB
Mapped:           514792 kB
Shmem:              1112 kB
Slab:              98740 kB
SReclaimable:      32212 kB
SUnreclaim:        66528 kB
KernelStack:       37904 kB
PageTables:        50816 kB
NFS_Unstable:          0 kB
Bounce:                0 kB
WritebackTmp:          0 kB
CommitLimit:     2155204 kB
Committed_AS:   124491616 kB
VmallocTotal:   251658176 kB
VmallocUsed:      137312 kB
VmallocChunk:   251427884 kB
Time pass: 34 sec

---2015-12-05 14:07:44
MemTotal:        2873608 kB
MemFree:          102092 kB
Buffers:           17968 kB
Cached:          1073476 kB
SwapCached:            0 kB
Active:          1363228 kB
Inactive:         752840 kB
Active(anon):     824972 kB
Inactive(anon):   214924 kB
Active(file):     538256 kB
Inactive(file):   537916 kB
Unevictable:       13568 kB
Mlocked:               0 kB
SwapTotal:        718400 kB
SwapFree:         716288 kB
Dirty:               308 kB
Writeback:             0 kB
AnonPages:       1038568 kB
Mapped:           539568 kB
Shmem:              1352 kB
Slab:             100340 kB
SReclaimable:      31956 kB
SUnreclaim:        68384 kB
KernelStack:       40176 kB
PageTables:        50624 kB
NFS_Unstable:          0 kB
Bounce:                0 kB
WritebackTmp:          0 kB
CommitLimit:     2155204 kB
Committed_AS:   122203084 kB
VmallocTotal:   251658176 kB
VmallocUsed:      136260 kB
VmallocChunk:   251427884 kB
Time pass: 38 sec

---2015-12-05 14:07:44
MemTotal:        2873608 kB
MemFree:          100888 kB
Buffers:           18408 kB
Cached:          1080488 kB
SwapCached:            0 kB
Active:          1362232 kB
Inactive:         754732 kB
Active(anon):     818020 kB
Inactive(anon):   214888 kB
Active(file):     544212 kB
Inactive(file):   539844 kB
Unevictable:       13568 kB
Mlocked:               0 kB
SwapTotal:        718400 kB
SwapFree:         716288 kB
Dirty:                28 kB
Writeback:             0 kB
AnonPages:       1031728 kB
Mapped:           567720 kB
Shmem:              1132 kB
Slab:             100140 kB
SReclaimable:      32144 kB
SUnreclaim:        67996 kB
KernelStack:       39728 kB
PageTables:        51480 kB
NFS_Unstable:          0 kB
Bounce:                0 kB
WritebackTmp:          0 kB
CommitLimit:     2155204 kB
Committed_AS:   123309440 kB
VmallocTotal:   251658176 kB
VmallocUsed:      136260 kB
VmallocChunk:   251427884 kB
Time pass: 42 sec

---2015-12-05 14:07:44
MemTotal:        2873608 kB
MemFree:           85800 kB
Buffers:           16640 kB
Cached:          1016272 kB
SwapCached:            0 kB
Active:          1331656 kB
Inactive:         722676 kB
Active(anon):     823788 kB
Inactive(anon):   213432 kB
Active(file):     507868 kB
Inactive(file):   509244 kB
Unevictable:       13568 kB
Mlocked:               0 kB
SwapTotal:        718400 kB
SwapFree:         714224 kB
Dirty:               416 kB
Writeback:             0 kB
AnonPages:       1034632 kB
Mapped:           565608 kB
Shmem:              2232 kB
Slab:             100364 kB
SReclaimable:      32176 kB
SUnreclaim:        68188 kB
KernelStack:       39792 kB
PageTables:        50944 kB
NFS_Unstable:          0 kB
Bounce:                0 kB
WritebackTmp:          0 kB
CommitLimit:     2155204 kB
Committed_AS:   121543396 kB
VmallocTotal:   251658176 kB
VmallocUsed:      135484 kB
VmallocChunk:   251427884 kB
Time pass: 45 sec

---2015-12-05 14:07:44
MemTotal:        2873608 kB
MemFree:           73736 kB
Buffers:           16656 kB
Cached:          1017468 kB
SwapCached:            0 kB
Active:          1342056 kB
Inactive:         723712 kB
Active(anon):     834184 kB
Inactive(anon):   213408 kB
Active(file):     507872 kB
Inactive(file):   510304 kB
Unevictable:       13568 kB
Mlocked:               0 kB
SwapTotal:        718400 kB
SwapFree:         714224 kB
Dirty:               500 kB
Writeback:             0 kB
AnonPages:       1045624 kB
Mapped:           565856 kB
Shmem:              2232 kB
Slab:             100308 kB
SReclaimable:      32300 kB
SUnreclaim:        68008 kB
KernelStack:       39536 kB
PageTables:        51028 kB
NFS_Unstable:          0 kB
Bounce:                0 kB
WritebackTmp:          0 kB
CommitLimit:     2155204 kB
Committed_AS:   121554464 kB
VmallocTotal:   251658176 kB
VmallocUsed:      135484 kB
VmallocChunk:   251427884 kB
Time pass: 49 sec

---2015-12-05 14:07:44
MemTotal:        2873608 kB
MemFree:           71416 kB
Buffers:           16404 kB
Cached:           979648 kB
SwapCached:            0 kB
Active:          1339668 kB
Inactive:         704792 kB
Active(anon):     849024 kB
Inactive(anon):   214136 kB
Active(file):     490644 kB
Inactive(file):   490656 kB
Unevictable:       13568 kB
Mlocked:               0 kB
SwapTotal:        718400 kB
SwapFree:         713204 kB
Dirty:               992 kB
Writeback:             0 kB
AnonPages:       1061780 kB
Mapped:           604452 kB
Shmem:              1136 kB
Slab:             100480 kB
SReclaimable:      32444 kB
SUnreclaim:        68036 kB
KernelStack:       39904 kB
PageTables:        51080 kB
NFS_Unstable:          0 kB
Bounce:                0 kB
WritebackTmp:          0 kB
CommitLimit:     2155204 kB
Committed_AS:   121561272 kB
VmallocTotal:   251658176 kB
VmallocUsed:      135708 kB
VmallocChunk:   251427884 kB
Time pass: 53 sec

---2015-12-05 14:07:44
MemTotal:        2873608 kB
MemFree:           69160 kB
Buffers:           16308 kB
Cached:           974356 kB
SwapCached:            0 kB
Active:          1334704 kB
Inactive:         702132 kB
Active(anon):     847276 kB
Inactive(anon):   213800 kB
Active(file):     487428 kB
Inactive(file):   488332 kB
Unevictable:       13568 kB
Mlocked:               0 kB
SwapTotal:        718400 kB
SwapFree:         713016 kB
Dirty:                52 kB
Writeback:             0 kB
AnonPages:       1060036 kB
Mapped:           615932 kB
Shmem:              1136 kB
Slab:             100336 kB
SReclaimable:      32396 kB
SUnreclaim:        67940 kB
KernelStack:       39936 kB
PageTables:        51120 kB
NFS_Unstable:          0 kB
Bounce:                0 kB
WritebackTmp:          0 kB
CommitLimit:     2155204 kB
Committed_AS:   121561188 kB
VmallocTotal:   251658176 kB
VmallocUsed:      135800 kB
VmallocChunk:   251427884 kB
Time pass: 56 sec

---2015-12-05 14:07:44
MemTotal:        2873608 kB
MemFree:           67868 kB
Buffers:           16316 kB
Cached:           974864 kB
SwapCached:            0 kB
Active:          1335236 kB
Inactive:         702764 kB
Active(anon):     847768 kB
Inactive(anon):   213800 kB
Active(file):     487468 kB
Inactive(file):   488964 kB
Unevictable:       13568 kB
Mlocked:               0 kB
SwapTotal:        718400 kB
SwapFree:         713016 kB
Dirty:                84 kB
Writeback:             0 kB
AnonPages:       1060536 kB
Mapped:           616136 kB
Shmem:              1136 kB
Slab:             100356 kB
SReclaimable:      32188 kB
SUnreclaim:        68168 kB
KernelStack:       39856 kB
PageTables:        51112 kB
NFS_Unstable:          0 kB
Bounce:                0 kB
WritebackTmp:          0 kB
CommitLimit:     2155204 kB
Committed_AS:   121561124 kB
VmallocTotal:   251658176 kB
VmallocUsed:      135800 kB
VmallocChunk:   251427884 kB
Time pass: 60 sec

---2015-12-05 14:07:44
MemTotal:        2873608 kB
MemFree:           69088 kB
Buffers:           16224 kB
Cached:           960408 kB
SwapCached:            0 kB
Active:          1331876 kB
Inactive:         693328 kB
Active(anon):     848816 kB
Inactive(anon):   214460 kB
Active(file):     483060 kB
Inactive(file):   478868 kB
Unevictable:       13568 kB
Mlocked:               0 kB
SwapTotal:        718400 kB
SwapFree:         712640 kB
Dirty:               200 kB
Writeback:             0 kB
AnonPages:       1062072 kB
Mapped:           625396 kB
Shmem:              1136 kB
Slab:             100064 kB
SReclaimable:      31980 kB
SUnreclaim:        68084 kB
KernelStack:       39840 kB
PageTables:        51160 kB
NFS_Unstable:          0 kB
Bounce:                0 kB
WritebackTmp:          0 kB
CommitLimit:     2155204 kB
Committed_AS:   121561180 kB
VmallocTotal:   251658176 kB
VmallocUsed:      135912 kB
VmallocChunk:   251427884 kB
Time pass: 64 sec

---2015-12-05 14:07:44
MemTotal:        2873608 kB
MemFree:           68808 kB
Buffers:           16244 kB
Cached:           960408 kB
SwapCached:            0 kB
Active:          1331756 kB
Inactive:         693348 kB
Active(anon):     848696 kB
Inactive(anon):   214460 kB
Active(file):     483060 kB
Inactive(file):   478888 kB
Unevictable:       13568 kB
Mlocked:               0 kB
SwapTotal:        718400 kB
SwapFree:         712640 kB
Dirty:                 0 kB
Writeback:             0 kB
AnonPages:       1062044 kB
Mapped:           625180 kB
Shmem:              1136 kB
Slab:             100104 kB
SReclaimable:      32076 kB
SUnreclaim:        68028 kB
KernelStack:       39840 kB
PageTables:        51160 kB
NFS_Unstable:          0 kB
Bounce:                0 kB
WritebackTmp:          0 kB
CommitLimit:     2155204 kB
Committed_AS:   121561172 kB
VmallocTotal:   251658176 kB
VmallocUsed:      135912 kB
VmallocChunk:   251427884 kB
Time pass: 68 sec

---2015-12-05 14:07:44
MemTotal:        2873608 kB
MemFree:           74132 kB
Buffers:           15676 kB
Cached:           909912 kB
SwapCached:            0 kB
Active:          1310888 kB
Inactive:         668564 kB
Active(anon):     854308 kB
Inactive(anon):   214268 kB
Active(file):     456580 kB
Inactive(file):   454296 kB
Unevictable:       13568 kB
Mlocked:               0 kB
SwapTotal:        718400 kB
SwapFree:         710088 kB
Dirty:               344 kB
Writeback:             4 kB
AnonPages:       1067408 kB
Mapped:           633552 kB
Shmem:              1136 kB
Slab:             100120 kB
SReclaimable:      32076 kB
SUnreclaim:        68044 kB
KernelStack:       39840 kB
PageTables:        51128 kB
NFS_Unstable:          0 kB
Bounce:                0 kB
WritebackTmp:          0 kB
CommitLimit:     2155204 kB
Committed_AS:   121570320 kB
VmallocTotal:   251658176 kB
VmallocUsed:      136072 kB
VmallocChunk:   251427884 kB
Time pass: 72 sec

---2015-12-05 14:07:44
MemTotal:        2873608 kB
MemFree:           68956 kB
Buffers:           15280 kB
Cached:           908416 kB
SwapCached:            0 kB
Active:          1317708 kB
Inactive:         668120 kB
Active(anon):     861460 kB
Inactive(anon):   215380 kB
Active(file):     456248 kB
Inactive(file):   452740 kB
Unevictable:       13568 kB
Mlocked:               0 kB
SwapTotal:        718400 kB
SwapFree:         709900 kB
Dirty:               852 kB
Writeback:             0 kB
AnonPages:       1076308 kB
Mapped:           637128 kB
Shmem:              1020 kB
Slab:             100368 kB
SReclaimable:      32220 kB
SUnreclaim:        68148 kB
KernelStack:       39904 kB
PageTables:        51180 kB
NFS_Unstable:          0 kB
Bounce:                0 kB
WritebackTmp:          0 kB
CommitLimit:     2155204 kB
Committed_AS:   121570476 kB
VmallocTotal:   251658176 kB
VmallocUsed:      136072 kB
VmallocChunk:   251427884 kB
Time pass: 76 sec

---2015-12-05 14:07:44
MemTotal:        2873608 kB
MemFree:           68436 kB
Buffers:           13612 kB
Cached:           896084 kB
SwapCached:            4 kB
Active:          1322048 kB
Inactive:         666092 kB
Active(anon):     874524 kB
Inactive(anon):   218696 kB
Active(file):     447524 kB
Inactive(file):   447396 kB
Unevictable:       13568 kB
Mlocked:               0 kB
SwapTotal:        718400 kB
SwapFree:         709196 kB
Dirty:               360 kB
Writeback:             0 kB
AnonPages:       1092288 kB
Mapped:           635584 kB
Shmem:              1112 kB
Slab:             100256 kB
SReclaimable:      32156 kB
SUnreclaim:        68100 kB
KernelStack:       40176 kB
PageTables:        51388 kB
NFS_Unstable:          0 kB
Bounce:                0 kB
WritebackTmp:          0 kB
CommitLimit:     2155204 kB
Committed_AS:   121614464 kB
VmallocTotal:   251658176 kB
VmallocUsed:      138504 kB
VmallocChunk:   251427884 kB
Time pass: 80 sec

---2015-12-05 14:07:44
MemTotal:        2873608 kB
MemFree:           73224 kB
Buffers:           13612 kB
Cached:           896164 kB
SwapCached:            4 kB
Active:          1316176 kB
Inactive:         666420 kB
Active(anon):     868672 kB
Inactive(anon):   218964 kB
Active(file):     447504 kB
Inactive(file):   447456 kB
Unevictable:       13568 kB
Mlocked:               0 kB
SwapTotal:        718400 kB
SwapFree:         709196 kB
Dirty:                 0 kB
Writeback:             0 kB
AnonPages:       1086460 kB
Mapped:           628940 kB
Shmem:              1248 kB
Slab:             100396 kB
SReclaimable:      32268 kB
SUnreclaim:        68128 kB
KernelStack:       39712 kB
PageTables:        50776 kB
NFS_Unstable:          0 kB
Bounce:                0 kB
WritebackTmp:          0 kB
CommitLimit:     2155204 kB
Committed_AS:   119831292 kB
VmallocTotal:   251658176 kB
VmallocUsed:      137484 kB
VmallocChunk:   251427884 kB
Time pass: 83 sec

---2015-12-05 14:07:44
MemTotal:        2873608 kB
MemFree:           72524 kB
Buffers:           13620 kB
Cached:           896256 kB
SwapCached:            4 kB
Active:          1316476 kB
Inactive:         666520 kB
Active(anon):     868972 kB
Inactive(anon):   219040 kB
Active(file):     447504 kB
Inactive(file):   447480 kB
Unevictable:       13568 kB
Mlocked:               0 kB
SwapTotal:        718400 kB
SwapFree:         709196 kB
Dirty:                56 kB
Writeback:             0 kB
AnonPages:       1086580 kB
Mapped:           629056 kB
Shmem:              1324 kB
Slab:             100408 kB
SReclaimable:      32268 kB
SUnreclaim:        68140 kB
KernelStack:       39696 kB
PageTables:        50940 kB
NFS_Unstable:          0 kB
Bounce:                0 kB
WritebackTmp:          0 kB
CommitLimit:     2155204 kB
Committed_AS:   119835332 kB
VmallocTotal:   251658176 kB
VmallocUsed:      137484 kB
VmallocChunk:   251427884 kB
Time pass: 87 sec

---2015-12-05 14:07:44
MemTotal:        2873608 kB
MemFree:           70344 kB
Buffers:           13636 kB
Cached:           896480 kB
SwapCached:            4 kB
Active:          1318372 kB
Inactive:         666688 kB
Active(anon):     870868 kB
Inactive(anon):   219192 kB
Active(file):     447504 kB
Inactive(file):   447496 kB
Unevictable:       13568 kB
Mlocked:               0 kB
SwapTotal:        718400 kB
SwapFree:         709196 kB
Dirty:                48 kB
Writeback:             0 kB
AnonPages:       1088440 kB
Mapped:           629368 kB
Shmem:              1548 kB
Slab:             100404 kB
SReclaimable:      32268 kB
SUnreclaim:        68136 kB
KernelStack:       39712 kB
PageTables:        50980 kB
NFS_Unstable:          0 kB
Bounce:                0 kB
WritebackTmp:          0 kB
CommitLimit:     2155204 kB
Committed_AS:   119839348 kB
VmallocTotal:   251658176 kB
VmallocUsed:      137484 kB
VmallocChunk:   251427884 kB
Time pass: 91 sec

---2015-12-05 14:07:44
MemTotal:        2873608 kB
MemFree:           69856 kB
Buffers:           13636 kB
Cached:           896492 kB
SwapCached:            4 kB
Active:          1318356 kB
Inactive:         666776 kB
Active(anon):     870852 kB
Inactive(anon):   219280 kB
Active(file):     447504 kB
Inactive(file):   447496 kB
Unevictable:       13568 kB
Mlocked:               0 kB
SwapTotal:        718400 kB
SwapFree:         709200 kB
Dirty:                48 kB
Writeback:             0 kB
AnonPages:       1088360 kB
Mapped:           629388 kB
Shmem:              1560 kB
Slab:             100416 kB
SReclaimable:      32268 kB
SUnreclaim:        68148 kB
KernelStack:       39680 kB
PageTables:        50984 kB
NFS_Unstable:          0 kB
Bounce:                0 kB
WritebackTmp:          0 kB
CommitLimit:     2155204 kB
Committed_AS:   119839348 kB
VmallocTotal:   251658176 kB
VmallocUsed:      137484 kB
VmallocChunk:   251427884 kB
Time pass: 95 sec

---2015-12-05 14:07:44
MemTotal:        2873608 kB
MemFree:           87580 kB
Buffers:           11832 kB
Cached:           895148 kB
SwapCached:            4 kB
Active:          1318084 kB
Inactive:         650552 kB
Active(anon):     857960 kB
Inactive(anon):   218728 kB
Active(file):     460124 kB
Inactive(file):   431824 kB
Unevictable:       13568 kB
Mlocked:               0 kB
SwapTotal:        718400 kB
SwapFree:         708980 kB
Dirty:                44 kB
Writeback:             0 kB
AnonPages:       1075416 kB
Mapped:           627268 kB
Shmem:              1276 kB
Slab:             100428 kB
SReclaimable:      32264 kB
SUnreclaim:        68164 kB
KernelStack:       39616 kB
PageTables:        50684 kB
NFS_Unstable:          0 kB
Bounce:                0 kB
WritebackTmp:          0 kB
CommitLimit:     2155204 kB
Committed_AS:   119812036 kB
VmallocTotal:   251658176 kB
VmallocUsed:      137484 kB
VmallocChunk:   251427884 kB
Time pass: 98 sec

---2015-12-05 14:07:44
MemTotal:        2873608 kB
MemFree:          289444 kB
Buffers:           11868 kB
Cached:           893388 kB
SwapCached:            4 kB
Active:          1236300 kB
Inactive:         645164 kB
Active(anon):     772840 kB
Inactive(anon):   217228 kB
Active(file):     463460 kB
Inactive(file):   427936 kB
Unevictable:       13568 kB
Mlocked:               0 kB
SwapTotal:        718400 kB
SwapFree:         708416 kB
Dirty:               524 kB
Writeback:             0 kB
AnonPages:        989952 kB
Mapped:           464644 kB
Shmem:               292 kB
Slab:             100328 kB
SReclaimable:      32264 kB
SUnreclaim:        68064 kB
KernelStack:       38528 kB
PageTables:        49056 kB
NFS_Unstable:          0 kB
Bounce:                0 kB
WritebackTmp:          0 kB
CommitLimit:     2155204 kB
Committed_AS:   118401420 kB
VmallocTotal:   251658176 kB
VmallocUsed:      135504 kB
VmallocChunk:   251427884 kB
Time pass: 102 sec

---2015-12-05 14:07:44
MemTotal:        2873608 kB
MemFree:          291452 kB
Buffers:           11880 kB
Cached:           894716 kB
SwapCached:            4 kB
Active:          1233560 kB
Inactive:         646256 kB
Active(anon):     769960 kB
Inactive(anon):   217228 kB
Active(file):     463600 kB
Inactive(file):   429028 kB
Unevictable:       13568 kB
Mlocked:               0 kB
SwapTotal:        718400 kB
SwapFree:         708416 kB
Dirty:                 0 kB
Writeback:             0 kB
AnonPages:        987096 kB
Mapped:           464660 kB
Shmem:               292 kB
Slab:             100324 kB
SReclaimable:      32280 kB
SUnreclaim:        68044 kB
KernelStack:       37984 kB
PageTables:        49056 kB
NFS_Unstable:          0 kB
Bounce:                0 kB
WritebackTmp:          0 kB
CommitLimit:     2155204 kB
Committed_AS:   118401572 kB
VmallocTotal:   251658176 kB
VmallocUsed:      135504 kB
VmallocChunk:   251427884 kB
Time pass: 106 sec

---2015-12-05 14:07:44
MemTotal:        2873608 kB
MemFree:          247240 kB
Buffers:           11980 kB
Cached:           897916 kB
SwapCached:            4 kB
Active:          1278784 kB
Inactive:         642568 kB
Active(anon):     808092 kB
Inactive(anon):   217356 kB
Active(file):     470692 kB
Inactive(file):   425212 kB
Unevictable:       13568 kB
Mlocked:               0 kB
SwapTotal:        718400 kB
SwapFree:         708416 kB
Dirty:              1924 kB
Writeback:             0 kB
AnonPages:       1024916 kB
Mapped:           515480 kB
Shmem:               424 kB
Slab:             100284 kB
SReclaimable:      32280 kB
SUnreclaim:        68004 kB
KernelStack:       39056 kB
PageTables:        50128 kB
NFS_Unstable:          0 kB
Bounce:                0 kB
WritebackTmp:          0 kB
CommitLimit:     2155204 kB
Committed_AS:   119729508 kB
VmallocTotal:   251658176 kB
VmallocUsed:      136540 kB
VmallocChunk:   251427884 kB
Time pass: 110 sec

---2015-12-05 14:07:44
MemTotal:        2873608 kB
MemFree:          162600 kB
Buffers:           12004 kB
Cached:           902692 kB
SwapCached:            4 kB
Active:          1293352 kB
Inactive:         645692 kB
Active(anon):     820988 kB
Inactive(anon):   217356 kB
Active(file):     472364 kB
Inactive(file):   428336 kB
Unevictable:       13568 kB
Mlocked:               0 kB
SwapTotal:        718400 kB
SwapFree:         708416 kB
Dirty:              1956 kB
Writeback:             0 kB
AnonPages:       1037904 kB
Mapped:           579220 kB
Shmem:               428 kB
Slab:             100400 kB
SReclaimable:      32328 kB
SUnreclaim:        68072 kB
KernelStack:       39408 kB
PageTables:        50924 kB
NFS_Unstable:          0 kB
Bounce:                0 kB
WritebackTmp:          0 kB
CommitLimit:     2155204 kB
Committed_AS:   121525652 kB
VmallocTotal:   251658176 kB
VmallocUsed:      135644 kB
VmallocChunk:   251427884 kB
Time pass: 113 sec

---2015-12-05 14:07:44
MemTotal:        2873608 kB
MemFree:          161504 kB
Buffers:           12012 kB
Cached:           902684 kB
SwapCached:            4 kB
Active:          1293436 kB
Inactive:         645680 kB
Active(anon):     821060 kB
Inactive(anon):   217356 kB
Active(file):     472376 kB
Inactive(file):   428324 kB
Unevictable:       13568 kB
Mlocked:               0 kB
SwapTotal:        718400 kB
SwapFree:         708416 kB
Dirty:                 0 kB
Writeback:             0 kB
AnonPages:       1038012 kB
Mapped:           579404 kB
Shmem:               428 kB
Slab:             100352 kB
SReclaimable:      32344 kB
SUnreclaim:        68008 kB
KernelStack:       39408 kB
PageTables:        50984 kB
NFS_Unstable:          0 kB
Bounce:                0 kB
WritebackTmp:          0 kB
CommitLimit:     2155204 kB
Committed_AS:   121525740 kB
VmallocTotal:   251658176 kB
VmallocUsed:      135644 kB
VmallocChunk:   251427884 kB
Time pass: 117 sec

---2015-12-05 14:07:44
MemTotal:        2873608 kB
MemFree:          143216 kB
Buffers:           12012 kB
Cached:           902828 kB
SwapCached:            4 kB
Active:          1297508 kB
Inactive:         645644 kB
Active(anon):     824952 kB
Inactive(anon):   217356 kB
Active(file):     472556 kB
Inactive(file):   428288 kB
Unevictable:       13568 kB
Mlocked:               0 kB
SwapTotal:        718400 kB
SwapFree:         708416 kB
Dirty:               244 kB
Writeback:             0 kB
AnonPages:       1042132 kB
Mapped:           589180 kB
Shmem:               428 kB
Slab:             100256 kB
SReclaimable:      32248 kB
SUnreclaim:        68008 kB
KernelStack:       39408 kB
PageTables:        51020 kB
NFS_Unstable:          0 kB
Bounce:                0 kB
WritebackTmp:          0 kB
CommitLimit:     2155204 kB
Committed_AS:   121527900 kB
VmallocTotal:   251658176 kB
VmallocUsed:      135752 kB
VmallocChunk:   251427884 kB
Time pass: 121 sec

---2015-12-05 14:07:44
MemTotal:        2873608 kB
MemFree:          115140 kB
Buffers:           12020 kB
Cached:           902828 kB
SwapCached:            4 kB
Active:          1302984 kB
Inactive:         645636 kB
Active(anon):     830416 kB
Inactive(anon):   217356 kB
Active(file):     472568 kB
Inactive(file):   428280 kB
Unevictable:       13568 kB
Mlocked:               0 kB
SwapTotal:        718400 kB
SwapFree:         708416 kB
Dirty:               248 kB
Writeback:             0 kB
AnonPages:       1047240 kB
Mapped:           601392 kB
Shmem:               428 kB
Slab:             100408 kB
SReclaimable:      32248 kB
SUnreclaim:        68160 kB
KernelStack:       39408 kB
PageTables:        51020 kB
NFS_Unstable:          0 kB
Bounce:                0 kB
WritebackTmp:          0 kB
CommitLimit:     2155204 kB
Committed_AS:   121526220 kB
VmallocTotal:   251658176 kB
VmallocUsed:      135900 kB
VmallocChunk:   251427884 kB
Time pass: 125 sec

---2015-12-05 14:07:44
MemTotal:        2873608 kB
MemFree:          113028 kB
Buffers:           13564 kB
Cached:           902848 kB
SwapCached:            4 kB
Active:          1301944 kB
Inactive:         647176 kB
Active(anon):     829352 kB
Inactive(anon):   217352 kB
Active(file):     472592 kB
Inactive(file):   429824 kB
Unevictable:       13568 kB
Mlocked:               0 kB
SwapTotal:        718400 kB
SwapFree:         708416 kB
Dirty:                76 kB
Writeback:             0 kB
AnonPages:       1046208 kB
Mapped:           603520 kB
Shmem:               428 kB
Slab:             100336 kB
SReclaimable:      32264 kB
SUnreclaim:        68072 kB
KernelStack:       39424 kB
PageTables:        50992 kB
NFS_Unstable:          0 kB
Bounce:                0 kB
WritebackTmp:          0 kB
CommitLimit:     2155204 kB
Committed_AS:   121526548 kB
VmallocTotal:   251658176 kB
VmallocUsed:      135912 kB
VmallocChunk:   251427884 kB
Time pass: 129 sec

---2015-12-05 14:07:44
MemTotal:        2873608 kB
MemFree:          115832 kB
Buffers:           13620 kB
Cached:           902796 kB
SwapCached:            4 kB
Active:          1300048 kB
Inactive:         647056 kB
Active(anon):     827332 kB
Inactive(anon):   217352 kB
Active(file):     472716 kB
Inactive(file):   429704 kB
Unevictable:       13568 kB
Mlocked:               0 kB
SwapTotal:        718400 kB
SwapFree:         708416 kB
Dirty:                60 kB
Writeback:             0 kB
AnonPages:       1044236 kB
Mapped:           609592 kB
Shmem:               428 kB
Slab:             100228 kB
SReclaimable:      32264 kB
SUnreclaim:        67964 kB
KernelStack:       39520 kB
PageTables:        50860 kB
NFS_Unstable:          0 kB
Bounce:                0 kB
WritebackTmp:          0 kB
CommitLimit:     2155204 kB
Committed_AS:   121518356 kB
VmallocTotal:   251658176 kB
VmallocUsed:      135912 kB
VmallocChunk:   251427884 kB
Time pass: 133 sec

---2015-12-05 14:07:44
MemTotal:        2873608 kB
MemFree:          138204 kB
Buffers:           13620 kB
Cached:           902800 kB
SwapCached:            4 kB
Active:          1281124 kB
Inactive:         646756 kB
Active(anon):     808104 kB
Inactive(anon):   217352 kB
Active(file):     473020 kB
Inactive(file):   429404 kB
Unevictable:       13568 kB
Mlocked:               0 kB
SwapTotal:        718400 kB
SwapFree:         708416 kB
Dirty:                68 kB
Writeback:             0 kB
AnonPages:       1025124 kB
Mapped:           600612 kB
Shmem:               428 kB
Slab:             100232 kB
SReclaimable:      32264 kB
SUnreclaim:        67968 kB
KernelStack:       39088 kB
PageTables:        50224 kB
NFS_Unstable:          0 kB
Bounce:                0 kB
WritebackTmp:          0 kB
CommitLimit:     2155204 kB
Committed_AS:   120266892 kB
VmallocTotal:   251658176 kB
VmallocUsed:      134732 kB
VmallocChunk:   251427884 kB
Time pass: 136 sec

---2015-12-05 14:07:44
MemTotal:        2873608 kB
MemFree:          124376 kB
Buffers:           13660 kB
Cached:           902936 kB
SwapCached:            4 kB
Active:          1293084 kB
Inactive:         645876 kB
Active(anon):     819012 kB
Inactive(anon):   217472 kB
Active(file):     474072 kB
Inactive(file):   428404 kB
Unevictable:       13568 kB
Mlocked:               0 kB
SwapTotal:        718400 kB
SwapFree:         708416 kB
Dirty:                96 kB
Writeback:             0 kB
AnonPages:       1035960 kB
Mapped:           604000 kB
Shmem:               552 kB
Slab:             100292 kB
SReclaimable:      32264 kB
SUnreclaim:        68028 kB
KernelStack:       39152 kB
PageTables:        50392 kB
NFS_Unstable:          0 kB
Bounce:                0 kB
WritebackTmp:          0 kB
CommitLimit:     2155204 kB
Committed_AS:   120302720 kB
VmallocTotal:   251658176 kB
VmallocUsed:      137164 kB
VmallocChunk:   251427884 kB
Time pass: 140 sec

---2015-12-05 14:07:44
MemTotal:        2873608 kB
MemFree:          122864 kB
Buffers:           13668 kB
Cached:           903020 kB
SwapCached:            4 kB
Active:          1295684 kB
Inactive:         645948 kB
Active(anon):     821592 kB
Inactive(anon):   217556 kB
Active(file):     474092 kB
Inactive(file):   428392 kB
Unevictable:       13568 kB
Mlocked:               0 kB
SwapTotal:        718400 kB
SwapFree:         708416 kB
Dirty:                 4 kB
Writeback:             0 kB
AnonPages:       1038524 kB
Mapped:           604172 kB
Shmem:               636 kB
Slab:             100204 kB
SReclaimable:      32264 kB
SUnreclaim:        67940 kB
KernelStack:       39184 kB
PageTables:        50416 kB
NFS_Unstable:          0 kB
Bounce:                0 kB
WritebackTmp:          0 kB
CommitLimit:     2155204 kB
Committed_AS:   120302796 kB
VmallocTotal:   251658176 kB
VmallocUsed:      137164 kB
VmallocChunk:   251427884 kB
Time pass: 144 sec

---2015-12-05 14:07:44
MemTotal:        2873608 kB
MemFree:          122092 kB
Buffers:           13676 kB
Cached:           903108 kB
SwapCached:            4 kB
Active:          1296152 kB
Inactive:         646040 kB
Active(anon):     822056 kB
Inactive(anon):   217648 kB
Active(file):     474096 kB
Inactive(file):   428392 kB
Unevictable:       13568 kB
Mlocked:               0 kB
SwapTotal:        718400 kB
SwapFree:         708416 kB
Dirty:                 8 kB
Writeback:             0 kB
AnonPages:       1039104 kB
Mapped:           604264 kB
Shmem:               728 kB
Slab:             100204 kB
SReclaimable:      32264 kB
SUnreclaim:        67940 kB
KernelStack:       39184 kB
PageTables:        50428 kB
NFS_Unstable:          0 kB
Bounce:                0 kB
WritebackTmp:          0 kB
CommitLimit:     2155204 kB
Committed_AS:   120306884 kB
VmallocTotal:   251658176 kB
VmallocUsed:      137164 kB
VmallocChunk:   251427884 kB
Time pass: 148 sec

---2015-12-05 14:07:44
MemTotal:        2873608 kB
MemFree:          121672 kB
Buffers:           13676 kB
Cached:           903124 kB
SwapCached:            4 kB
Active:          1296528 kB
Inactive:         646052 kB
Active(anon):     822432 kB
Inactive(anon):   217652 kB
Active(file):     474096 kB
Inactive(file):   428400 kB
Unevictable:       13568 kB
Mlocked:               0 kB
SwapTotal:        718400 kB
SwapFree:         708416 kB
Dirty:                 4 kB
Writeback:             0 kB
AnonPages:       1039332 kB
Mapped:           604328 kB
Shmem:               736 kB
Slab:             100204 kB
SReclaimable:      32264 kB
SUnreclaim:        67940 kB
KernelStack:       39184 kB
PageTables:        50452 kB
NFS_Unstable:          0 kB
Bounce:                0 kB
WritebackTmp:          0 kB
CommitLimit:     2155204 kB
Committed_AS:   120306900 kB
VmallocTotal:   251658176 kB
VmallocUsed:      137164 kB
VmallocChunk:   251427884 kB
Time pass: 152 sec

---2015-12-05 14:07:44
MemTotal:        2873608 kB
MemFree:          131840 kB
Buffers:           13684 kB
Cached:           902820 kB
SwapCached:            4 kB
Active:          1287548 kB
Inactive:         645576 kB
Active(anon):     813272 kB
Inactive(anon):   217344 kB
Active(file):     474276 kB
Inactive(file):   428232 kB
Unevictable:       13568 kB
Mlocked:               0 kB
SwapTotal:        718400 kB
SwapFree:         708416 kB
Dirty:                20 kB
Writeback:             0 kB
AnonPages:       1030324 kB
Mapped:           603892 kB
Shmem:               428 kB
Slab:             100052 kB
SReclaimable:      32120 kB
SUnreclaim:        67932 kB
KernelStack:       38816 kB
PageTables:        50232 kB
NFS_Unstable:          0 kB
Bounce:                0 kB
WritebackTmp:          0 kB
CommitLimit:     2155204 kB
Committed_AS:   120279488 kB
VmallocTotal:   251658176 kB
VmallocUsed:      137164 kB
VmallocChunk:   251427884 kB
Time pass: 156 sec

---2015-12-05 14:07:44
MemTotal:        2873608 kB
MemFree:          132196 kB
Buffers:           13684 kB
Cached:           902820 kB
SwapCached:            4 kB
Active:          1287456 kB
Inactive:         645576 kB
Active(anon):     813180 kB
Inactive(anon):   217344 kB
Active(file):     474276 kB
Inactive(file):   428232 kB
Unevictable:       13568 kB
Mlocked:               0 kB
SwapTotal:        718400 kB
SwapFree:         708416 kB
Dirty:                 0 kB
Writeback:             0 kB
AnonPages:       1030496 kB
Mapped:           603872 kB
Shmem:               428 kB
Slab:             100056 kB
SReclaimable:      32120 kB
SUnreclaim:        67936 kB
KernelStack:       38800 kB
PageTables:        50236 kB
NFS_Unstable:          0 kB
Bounce:                0 kB
WritebackTmp:          0 kB
CommitLimit:     2155204 kB
Committed_AS:   120279392 kB
VmallocTotal:   251658176 kB
VmallocUsed:      137148 kB
VmallocChunk:   251427884 kB
Time pass: 160 sec

---2015-12-05 14:07:44
MemTotal:        2873608 kB
MemFree:          131468 kB
Buffers:           13700 kB
Cached:           902924 kB
SwapCached:            4 kB
Active:          1288820 kB
Inactive:         645684 kB
Active(anon):     814536 kB
Inactive(anon):   217348 kB
Active(file):     474284 kB
Inactive(file):   428336 kB
Unevictable:       13568 kB
Mlocked:               0 kB
SwapTotal:        718400 kB
SwapFree:         708416 kB
Dirty:                56 kB
Writeback:             0 kB
AnonPages:       1031328 kB
Mapped:           604000 kB
Shmem:               432 kB
Slab:             100056 kB
SReclaimable:      32120 kB
SUnreclaim:        67936 kB
KernelStack:       38848 kB
PageTables:        50268 kB
NFS_Unstable:          0 kB
Bounce:                0 kB
WritebackTmp:          0 kB
CommitLimit:     2155204 kB
Committed_AS:   120281472 kB
VmallocTotal:   251658176 kB
VmallocUsed:      137148 kB
VmallocChunk:   251427884 kB
Time pass: 164 sec

---2015-12-05 14:07:44
MemTotal:        2873608 kB
MemFree:          131216 kB
Buffers:           13700 kB
Cached:           902932 kB
SwapCached:            4 kB
Active:          1288876 kB
Inactive:         645684 kB
Active(anon):     814592 kB
Inactive(anon):   217348 kB
Active(file):     474284 kB
Inactive(file):   428336 kB
Unevictable:       13568 kB
Mlocked:               0 kB
SwapTotal:        718400 kB
SwapFree:         708416 kB
Dirty:                 0 kB
Writeback:             0 kB
AnonPages:       1031468 kB
Mapped:           604016 kB
Shmem:               432 kB
Slab:             100056 kB
SReclaimable:      32120 kB
SUnreclaim:        67936 kB
KernelStack:       38832 kB
PageTables:        50272 kB
NFS_Unstable:          0 kB
Bounce:                0 kB
WritebackTmp:          0 kB
CommitLimit:     2155204 kB
Committed_AS:   120281456 kB
VmallocTotal:   251658176 kB
VmallocUsed:      137148 kB
VmallocChunk:   251427884 kB
Time pass: 168 sec

---2015-12-05 14:07:44
MemTotal:        2873608 kB
MemFree:          131204 kB
Buffers:           13708 kB
Cached:           902932 kB
SwapCached:            4 kB
Active:          1288832 kB
Inactive:         645692 kB
Active(anon):     814544 kB
Inactive(anon):   217348 kB
Active(file):     474288 kB
Inactive(file):   428344 kB
Unevictable:       13568 kB
Mlocked:               0 kB
SwapTotal:        718400 kB
SwapFree:         708416 kB
Dirty:                 8 kB
Writeback:             0 kB
AnonPages:       1031340 kB
Mapped:           604044 kB
Shmem:               432 kB
Slab:             100056 kB
SReclaimable:      32120 kB
SUnreclaim:        67936 kB
KernelStack:       38784 kB
PageTables:        50240 kB
NFS_Unstable:          0 kB
Bounce:                0 kB
WritebackTmp:          0 kB
CommitLimit:     2155204 kB
Committed_AS:   120281360 kB
VmallocTotal:   251658176 kB
VmallocUsed:      134732 kB
VmallocChunk:   251427884 kB
Time pass: 171 sec

---2015-12-05 14:07:44
MemTotal:        2873608 kB
MemFree:          133012 kB
Buffers:           13708 kB
Cached:           903044 kB
SwapCached:            4 kB
Active:          1288116 kB
Inactive:         645312 kB
Active(anon):     813356 kB
Inactive(anon):   217344 kB
Active(file):     474760 kB
Inactive(file):   427968 kB
Unevictable:       13568 kB
Mlocked:               0 kB
SwapTotal:        718400 kB
SwapFree:         708416 kB
Dirty:                 0 kB
Writeback:             0 kB
AnonPages:       1030392 kB
Mapped:           603696 kB
Shmem:               432 kB
Slab:             100056 kB
SReclaimable:      32120 kB
SUnreclaim:        67936 kB
KernelStack:       38736 kB
PageTables:        50116 kB
NFS_Unstable:          0 kB
Bounce:                0 kB
WritebackTmp:          0 kB
CommitLimit:     2155204 kB
Committed_AS:   119734656 kB
VmallocTotal:   251658176 kB
VmallocUsed:      134732 kB
VmallocChunk:   251407404 kB
Time pass: 175 sec

---2015-12-05 14:07:44
MemTotal:        2873608 kB
MemFree:          132800 kB
Buffers:           13716 kB
Cached:           903040 kB
SwapCached:            4 kB
Active:          1288420 kB
Inactive:         645336 kB
Active(anon):     813660 kB
Inactive(anon):   217344 kB
Active(file):     474760 kB
Inactive(file):   427992 kB
Unevictable:       13568 kB
Mlocked:               0 kB
SwapTotal:        718400 kB
SwapFree:         708416 kB
Dirty:                 0 kB
Writeback:             0 kB
AnonPages:       1030700 kB
Mapped:           603792 kB
Shmem:               432 kB
Slab:             100048 kB
SReclaimable:      32120 kB
SUnreclaim:        67928 kB
KernelStack:       38736 kB
PageTables:        50120 kB
NFS_Unstable:          0 kB
Bounce:                0 kB
WritebackTmp:          0 kB
CommitLimit:     2155204 kB
Committed_AS:   119734712 kB
VmallocTotal:   251658176 kB
VmallocUsed:      134732 kB
VmallocChunk:   251407404 kB
Time pass: 179 sec

---2015-12-05 14:07:44
MemTotal:        2873608 kB
MemFree:          132080 kB
Buffers:           13716 kB
Cached:           903044 kB
SwapCached:            4 kB
Active:          1288344 kB
Inactive:         645344 kB
Active(anon):     813584 kB
Inactive(anon):   217344 kB
Active(file):     474760 kB
Inactive(file):   428000 kB
Unevictable:       13568 kB
Mlocked:               0 kB
SwapTotal:        718400 kB
SwapFree:         708416 kB
Dirty:                 4 kB
Writeback:             0 kB
AnonPages:       1030528 kB
Mapped:           603812 kB
Shmem:               432 kB
Slab:              99960 kB
SReclaimable:      32120 kB
SUnreclaim:        67840 kB
KernelStack:       38704 kB
PageTables:        50148 kB
NFS_Unstable:          0 kB
Bounce:                0 kB
WritebackTmp:          0 kB
CommitLimit:     2155204 kB
Committed_AS:   119734760 kB
VmallocTotal:   251658176 kB
VmallocUsed:      134732 kB
VmallocChunk:   251407404 kB
Time pass: 183 sec

---2015-12-05 14:07:44
MemTotal:        2873608 kB
MemFree:          132432 kB
Buffers:           13716 kB
Cached:           903044 kB
SwapCached:            4 kB
Active:          1288460 kB
Inactive:         645344 kB
Active(anon):     813700 kB
Inactive(anon):   217344 kB
Active(file):     474760 kB
Inactive(file):   428000 kB
Unevictable:       13568 kB
Mlocked:               0 kB
SwapTotal:        718400 kB
SwapFree:         708416 kB
Dirty:                 0 kB
Writeback:             0 kB
AnonPages:       1030556 kB
Mapped:           603804 kB
Shmem:               432 kB
Slab:              99960 kB
SReclaimable:      32120 kB
SUnreclaim:        67840 kB
KernelStack:       38704 kB
PageTables:        50160 kB
NFS_Unstable:          0 kB
Bounce:                0 kB
WritebackTmp:          0 kB
CommitLimit:     2155204 kB
Committed_AS:   119734768 kB
VmallocTotal:   251658176 kB
VmallocUsed:      134732 kB
VmallocChunk:   251407404 kB
Time pass: 187 sec

---2015-12-05 14:07:44
MemTotal:        2873608 kB
MemFree:          113444 kB
Buffers:           13732 kB
Cached:           903044 kB
SwapCached:            4 kB
Active:          1304772 kB
Inactive:         645352 kB
Active(anon):     830004 kB
Inactive(anon):   217344 kB
Active(file):     474768 kB
Inactive(file):   428008 kB
Unevictable:       13568 kB
Mlocked:               0 kB
SwapTotal:        718400 kB
SwapFree:         708416 kB
Dirty:                60 kB
Writeback:             0 kB
AnonPages:       1047092 kB
Mapped:           608556 kB
Shmem:               432 kB
Slab:              99956 kB
SReclaimable:      32120 kB
SUnreclaim:        67836 kB
KernelStack:       38832 kB
PageTables:        50164 kB
NFS_Unstable:          0 kB
Bounce:                0 kB
WritebackTmp:          0 kB
CommitLimit:     2155204 kB
Committed_AS:   119734824 kB
VmallocTotal:   251658176 kB
VmallocUsed:      134764 kB
VmallocChunk:   251407404 kB
Time pass: 191 sec

---2015-12-05 14:07:44
MemTotal:        2873608 kB
MemFree:          110652 kB
Buffers:           13780 kB
Cached:           903208 kB
SwapCached:            4 kB
Active:          1309524 kB
Inactive:         645552 kB
Active(anon):     834748 kB
Inactive(anon):   217508 kB
Active(file):     474776 kB
Inactive(file):   428044 kB
Unevictable:       13568 kB
Mlocked:               0 kB
SwapTotal:        718400 kB
SwapFree:         708416 kB
Dirty:                 0 kB
Writeback:             0 kB
AnonPages:       1051732 kB
Mapped:           605708 kB
Shmem:               600 kB
Slab:              99956 kB
SReclaimable:      32120 kB
SUnreclaim:        67836 kB
KernelStack:       39120 kB
PageTables:        50336 kB
NFS_Unstable:          0 kB
Bounce:                0 kB
WritebackTmp:          0 kB
CommitLimit:     2155204 kB
Committed_AS:   119770620 kB
VmallocTotal:   251658176 kB
VmallocUsed:      137164 kB
VmallocChunk:   251407404 kB
Time pass: 195 sec

---2015-12-05 14:07:44
MemTotal:        2873608 kB
MemFree:          113176 kB
Buffers:           13780 kB
Cached:           903232 kB
SwapCached:            4 kB
Active:          1306800 kB
Inactive:         645580 kB
Active(anon):     832028 kB
Inactive(anon):   217528 kB
Active(file):     474772 kB
Inactive(file):   428052 kB
Unevictable:       13568 kB
Mlocked:               0 kB
SwapTotal:        718400 kB
SwapFree:         708416 kB
Dirty:                44 kB
Writeback:             0 kB
AnonPages:       1049180 kB
Mapped:           605476 kB
Shmem:               620 kB
Slab:              99956 kB
SReclaimable:      32120 kB
SUnreclaim:        67836 kB
KernelStack:       38880 kB
PageTables:        49876 kB
NFS_Unstable:          0 kB
Bounce:                0 kB
WritebackTmp:          0 kB
CommitLimit:     2155204 kB
Committed_AS:   118534428 kB
VmallocTotal:   251658176 kB
VmallocUsed:      136144 kB
VmallocChunk:   251407404 kB
Time pass: 199 sec

---2015-12-05 14:07:44
MemTotal:        2873608 kB
MemFree:          113216 kB
Buffers:           13788 kB
Cached:           903264 kB
SwapCached:            4 kB
Active:          1306712 kB
Inactive:         645620 kB
Active(anon):     831940 kB
Inactive(anon):   217560 kB
Active(file):     474772 kB
Inactive(file):   428060 kB
Unevictable:       13568 kB
Mlocked:               0 kB
SwapTotal:        718400 kB
SwapFree:         708416 kB
Dirty:                40 kB
Writeback:             0 kB
AnonPages:       1048808 kB
Mapped:           605608 kB
Shmem:               652 kB
Slab:              99964 kB
SReclaimable:      32120 kB
SUnreclaim:        67844 kB
KernelStack:       38864 kB
PageTables:        49912 kB
NFS_Unstable:          0 kB
Bounce:                0 kB
WritebackTmp:          0 kB
CommitLimit:     2155204 kB
Committed_AS:   118534428 kB
VmallocTotal:   251658176 kB
VmallocUsed:      136144 kB
VmallocChunk:   251407404 kB
Time pass: 203 sec

---2015-12-05 14:07:44
MemTotal:        2873608 kB
MemFree:          113636 kB
Buffers:           13796 kB
Cached:           903264 kB
SwapCached:            4 kB
Active:          1306584 kB
Inactive:         645628 kB
Active(anon):     831812 kB
Inactive(anon):   217560 kB
Active(file):     474772 kB
Inactive(file):   428068 kB
Unevictable:       13568 kB
Mlocked:               0 kB
SwapTotal:        718400 kB
SwapFree:         708416 kB
Dirty:                 4 kB
Writeback:             0 kB
AnonPages:       1048720 kB
Mapped:           605612 kB
Shmem:               652 kB
Slab:             100104 kB
SReclaimable:      32120 kB
SUnreclaim:        67984 kB
KernelStack:       38864 kB
PageTables:        49908 kB
NFS_Unstable:          0 kB
Bounce:                0 kB
WritebackTmp:          0 kB
CommitLimit:     2155204 kB
Committed_AS:   118534428 kB
VmallocTotal:   251658176 kB
VmallocUsed:      136144 kB
VmallocChunk:   251407404 kB
Time pass: 207 sec

---2015-12-05 14:07:44
MemTotal:        2873608 kB
MemFree:          113468 kB
Buffers:           13796 kB
Cached:           903264 kB
SwapCached:            4 kB
Active:          1306608 kB
Inactive:         645628 kB
Active(anon):     831836 kB
Inactive(anon):   217560 kB
Active(file):     474772 kB
Inactive(file):   428068 kB
Unevictable:       13568 kB
Mlocked:               0 kB
SwapTotal:        718400 kB
SwapFree:         708416 kB
Dirty:                 0 kB
Writeback:             0 kB
AnonPages:       1048808 kB
Mapped:           605620 kB
Shmem:               652 kB
Slab:              99956 kB
SReclaimable:      32120 kB
SUnreclaim:        67836 kB
KernelStack:       38864 kB
PageTables:        49908 kB
NFS_Unstable:          0 kB
Bounce:                0 kB
WritebackTmp:          0 kB
CommitLimit:     2155204 kB
Committed_AS:   118534428 kB
VmallocTotal:   251658176 kB
VmallocUsed:      136144 kB
VmallocChunk:   251407404 kB
Time pass: 211 sec

---2015-12-05 14:07:44
MemTotal:        2873608 kB
MemFree:          113872 kB
Buffers:           13796 kB
Cached:           903264 kB
SwapCached:            4 kB
Active:          1306860 kB
Inactive:         645628 kB
Active(anon):     832088 kB
Inactive(anon):   217560 kB
Active(file):     474772 kB
Inactive(file):   428068 kB
Unevictable:       13568 kB
Mlocked:               0 kB
SwapTotal:        718400 kB
SwapFree:         708416 kB
Dirty:                 0 kB
Writeback:             0 kB
AnonPages:       1048920 kB
Mapped:           605628 kB
Shmem:               652 kB
Slab:              99956 kB
SReclaimable:      32120 kB
SUnreclaim:        67836 kB
KernelStack:       38864 kB
PageTables:        49904 kB
NFS_Unstable:          0 kB
Bounce:                0 kB
WritebackTmp:          0 kB
CommitLimit:     2155204 kB
Committed_AS:   118534436 kB
VmallocTotal:   251658176 kB
VmallocUsed:      136144 kB
VmallocChunk:   251407404 kB
Time pass: 215 sec

---2015-12-05 14:07:44
MemTotal:        2873608 kB
MemFree:          112932 kB
Buffers:           13796 kB
Cached:           903264 kB
SwapCached:            4 kB
Active:          1307024 kB
Inactive:         645628 kB
Active(anon):     832252 kB
Inactive(anon):   217560 kB
Active(file):     474772 kB
Inactive(file):   428068 kB
Unevictable:       13568 kB
Mlocked:               0 kB
SwapTotal:        718400 kB
SwapFree:         708416 kB
Dirty:                 0 kB
Writeback:             0 kB
AnonPages:       1049024 kB
Mapped:           605680 kB
Shmem:               652 kB
Slab:              99896 kB
SReclaimable:      32120 kB
SUnreclaim:        67776 kB
KernelStack:       38864 kB
PageTables:        49860 kB
NFS_Unstable:          0 kB
Bounce:                0 kB
WritebackTmp:          0 kB
CommitLimit:     2155204 kB
Committed_AS:   118534428 kB
VmallocTotal:   251658176 kB
VmallocUsed:      136144 kB
VmallocChunk:   251407404 kB
Time pass: 219 sec

---2015-12-05 14:07:44
MemTotal:        2873608 kB
MemFree:          112836 kB
Buffers:           13796 kB
Cached:           903264 kB
SwapCached:            4 kB
Active:          1307088 kB
Inactive:         645628 kB
Active(anon):     832316 kB
Inactive(anon):   217560 kB
Active(file):     474772 kB
Inactive(file):   428068 kB
Unevictable:       13568 kB
Mlocked:               0 kB
SwapTotal:        718400 kB
SwapFree:         708416 kB
Dirty:                60 kB
Writeback:             0 kB
AnonPages:       1049280 kB
Mapped:           605692 kB
Shmem:               652 kB
Slab:              99896 kB
SReclaimable:      32120 kB
SUnreclaim:        67776 kB
KernelStack:       38848 kB
PageTables:        49864 kB
NFS_Unstable:          0 kB
Bounce:                0 kB
WritebackTmp:          0 kB
CommitLimit:     2155204 kB
Committed_AS:   118534396 kB
VmallocTotal:   251658176 kB
VmallocUsed:      136144 kB
VmallocChunk:   251407404 kB
Time pass: 223 sec

---2015-12-05 14:07:44
MemTotal:        2873608 kB
MemFree:          112776 kB
Buffers:           13804 kB
Cached:           903264 kB
SwapCached:            4 kB
Active:          1307208 kB
Inactive:         645636 kB
Active(anon):     832436 kB
Inactive(anon):   217560 kB
Active(file):     474772 kB
Inactive(file):   428076 kB
Unevictable:       13568 kB
Mlocked:               0 kB
SwapTotal:        718400 kB
SwapFree:         708416 kB
Dirty:                12 kB
Writeback:             0 kB
AnonPages:       1049356 kB
Mapped:           605484 kB
Shmem:               652 kB
Slab:              99896 kB
SReclaimable:      32120 kB
SUnreclaim:        67776 kB
KernelStack:       38864 kB
PageTables:        49860 kB
NFS_Unstable:          0 kB
Bounce:                0 kB
WritebackTmp:          0 kB
CommitLimit:     2155204 kB
Committed_AS:   118534380 kB
VmallocTotal:   251658176 kB
VmallocUsed:      136144 kB
VmallocChunk:   251407404 kB
Time pass: 227 sec

---2015-12-05 14:07:44
MemTotal:        2873608 kB
MemFree:          109644 kB
Buffers:           13852 kB
Cached:           903200 kB
SwapCached:            4 kB
Active:          1310540 kB
Inactive:         645616 kB
Active(anon):     835768 kB
Inactive(anon):   217492 kB
Active(file):     474772 kB
Inactive(file):   428124 kB
Unevictable:       13568 kB
Mlocked:               0 kB
SwapTotal:        718400 kB
SwapFree:         708416 kB
Dirty:               136 kB
Writeback:             0 kB
AnonPages:       1052708 kB
Mapped:           605664 kB
Shmem:               588 kB
Slab:              99864 kB
SReclaimable:      32088 kB
SUnreclaim:        67776 kB
KernelStack:       38896 kB
PageTables:        49900 kB
NFS_Unstable:          0 kB
Bounce:                0 kB
WritebackTmp:          0 kB
CommitLimit:     2155204 kB
Committed_AS:   118546796 kB
VmallocTotal:   251658176 kB
VmallocUsed:      136144 kB
VmallocChunk:   251407404 kB
Time pass: 231 sec

---2015-12-05 14:07:44
MemTotal:        2873608 kB
MemFree:          109892 kB
Buffers:           13876 kB
Cached:           903220 kB
SwapCached:            4 kB
Active:          1309544 kB
Inactive:         645624 kB
Active(anon):     834768 kB
Inactive(anon):   217500 kB
Active(file):     474776 kB
Inactive(file):   428124 kB
Unevictable:       13568 kB
Mlocked:               0 kB
SwapTotal:        718400 kB
SwapFree:         708416 kB
Dirty:                 0 kB
Writeback:             0 kB
AnonPages:       1051816 kB
Mapped:           605768 kB
Shmem:               596 kB
Slab:              99872 kB
SReclaimable:      32088 kB
SUnreclaim:        67784 kB
KernelStack:       38896 kB
PageTables:        49900 kB
NFS_Unstable:          0 kB
Bounce:                0 kB
WritebackTmp:          0 kB
CommitLimit:     2155204 kB
Committed_AS:   118546828 kB
VmallocTotal:   251658176 kB
VmallocUsed:      136144 kB
VmallocChunk:   251407404 kB
Time pass: 234 sec

---2015-12-05 14:07:44
MemTotal:        2873608 kB
MemFree:          110024 kB
Buffers:           13876 kB
Cached:           903248 kB
SwapCached:            4 kB
Active:          1309800 kB
Inactive:         645684 kB
Active(anon):     835024 kB
Inactive(anon):   217508 kB
Active(file):     474776 kB
Inactive(file):   428176 kB
Unevictable:       13568 kB
Mlocked:               0 kB
SwapTotal:        718400 kB
SwapFree:         708416 kB
Dirty:                44 kB
Writeback:             0 kB
AnonPages:       1052044 kB
Mapped:           605788 kB
Shmem:               604 kB
Slab:              99872 kB
SReclaimable:      32088 kB
SUnreclaim:        67784 kB
KernelStack:       38896 kB
PageTables:        49896 kB
NFS_Unstable:          0 kB
Bounce:                0 kB
WritebackTmp:          0 kB
CommitLimit:     2155204 kB
Committed_AS:   118546836 kB
VmallocTotal:   251658176 kB
VmallocUsed:      136144 kB
VmallocChunk:   251407404 kB
Time pass: 238 sec

---2015-12-05 14:07:44
MemTotal:        2873608 kB
MemFree:          109000 kB
Buffers:           13884 kB
Cached:           903252 kB
SwapCached:            4 kB
Active:          1310676 kB
Inactive:         645696 kB
Active(anon):     835900 kB
Inactive(anon):   217512 kB
Active(file):     474776 kB
Inactive(file):   428184 kB
Unevictable:       13568 kB
Mlocked:               0 kB
SwapTotal:        718400 kB
SwapFree:         708416 kB
Dirty:                32 kB
Writeback:             0 kB
AnonPages:       1052792 kB
Mapped:           605792 kB
Shmem:               608 kB
Slab:              99864 kB
SReclaimable:      32088 kB
SUnreclaim:        67776 kB
KernelStack:       38816 kB
PageTables:        49896 kB
NFS_Unstable:          0 kB
Bounce:                0 kB
WritebackTmp:          0 kB
CommitLimit:     2155204 kB
Committed_AS:   118546820 kB
VmallocTotal:   251658176 kB
VmallocUsed:      136144 kB
VmallocChunk:   251407404 kB
Time pass: 242 sec

---2015-12-05 14:07:44
MemTotal:        2873608 kB
MemFree:          107936 kB
Buffers:           13884 kB
Cached:           903272 kB
SwapCached:            4 kB
Active:          1311328 kB
Inactive:         645716 kB
Active(anon):     836552 kB
Inactive(anon):   217528 kB
Active(file):     474776 kB
Inactive(file):   428188 kB
Unevictable:       13568 kB
Mlocked:               0 kB
SwapTotal:        718400 kB
SwapFree:         708416 kB
Dirty:                40 kB
Writeback:             0 kB
AnonPages:       1053472 kB
Mapped:           605816 kB
Shmem:               624 kB
Slab:              99864 kB
SReclaimable:      32088 kB
SUnreclaim:        67776 kB
KernelStack:       38848 kB
PageTables:        49904 kB
NFS_Unstable:          0 kB
Bounce:                0 kB
WritebackTmp:          0 kB
CommitLimit:     2155204 kB
Committed_AS:   118550924 kB
VmallocTotal:   251658176 kB
VmallocUsed:      136144 kB
VmallocChunk:   251407404 kB
Time pass: 246 sec

---2015-12-05 14:07:44
MemTotal:        2873608 kB
MemFree:          108440 kB
Buffers:           13900 kB
Cached:           903272 kB
SwapCached:            4 kB
Active:          1311300 kB
Inactive:         645732 kB
Active(anon):     836524 kB
Inactive(anon):   217528 kB
Active(file):     474776 kB
Inactive(file):   428204 kB
Unevictable:       13568 kB
Mlocked:               0 kB
SwapTotal:        718400 kB
SwapFree:         708416 kB
Dirty:                48 kB
Writeback:             0 kB
AnonPages:       1053248 kB
Mapped:           605852 kB
Shmem:               624 kB
Slab:              99864 kB
SReclaimable:      32088 kB
SUnreclaim:        67776 kB
KernelStack:       38848 kB
PageTables:        49884 kB
NFS_Unstable:          0 kB
Bounce:                0 kB
WritebackTmp:          0 kB
CommitLimit:     2155204 kB
Committed_AS:   118550932 kB
VmallocTotal:   251658176 kB
VmallocUsed:      136144 kB
VmallocChunk:   251407404 kB
Time pass: 250 sec

---2015-12-05 14:07:44
MemTotal:        2873608 kB
MemFree:          108096 kB
Buffers:           13916 kB
Cached:           903272 kB
SwapCached:            4 kB
Active:          1311560 kB
Inactive:         645744 kB
Active(anon):     836784 kB
Inactive(anon):   217524 kB
Active(file):     474776 kB
Inactive(file):   428220 kB
Unevictable:       13568 kB
Mlocked:               0 kB
SwapTotal:        718400 kB
SwapFree:         708416 kB
Dirty:                 0 kB
Writeback:             0 kB
AnonPages:       1053756 kB
Mapped:           605836 kB
Shmem:               624 kB
Slab:              99880 kB
SReclaimable:      32088 kB
SUnreclaim:        67792 kB
KernelStack:       38864 kB
PageTables:        49900 kB
NFS_Unstable:          0 kB
Bounce:                0 kB
WritebackTmp:          0 kB
CommitLimit:     2155204 kB
Committed_AS:   118551004 kB
VmallocTotal:   251658176 kB
VmallocUsed:      136144 kB
VmallocChunk:   251407404 kB
Time pass: 254 sec

---2015-12-05 14:07:44
MemTotal:        2873608 kB
MemFree:          108120 kB
Buffers:           13924 kB
Cached:           903268 kB
SwapCached:            4 kB
Active:          1311480 kB
Inactive:         645744 kB
Active(anon):     836704 kB
Inactive(anon):   217524 kB
Active(file):     474776 kB
Inactive(file):   428220 kB
Unevictable:       13568 kB
Mlocked:               0 kB
SwapTotal:        718400 kB
SwapFree:         708416 kB
Dirty:                32 kB
Writeback:             0 kB
AnonPages:       1053532 kB
Mapped:           605844 kB
Shmem:               624 kB
Slab:              99864 kB
SReclaimable:      32088 kB
SUnreclaim:        67776 kB
KernelStack:       38864 kB
PageTables:        49908 kB
NFS_Unstable:          0 kB
Bounce:                0 kB
WritebackTmp:          0 kB
CommitLimit:     2155204 kB
Committed_AS:   118551012 kB
VmallocTotal:   251658176 kB
VmallocUsed:      136144 kB
VmallocChunk:   251407404 kB
Time pass: 258 sec

---2015-12-05 14:07:44
MemTotal:        2873608 kB
MemFree:          108428 kB
Buffers:           13940 kB
Cached:           903296 kB
SwapCached:            4 kB
Active:          1312144 kB
Inactive:         645792 kB
Active(anon):     837368 kB
Inactive(anon):   217548 kB
Active(file):     474776 kB
Inactive(file):   428244 kB
Unevictable:       13568 kB
Mlocked:               0 kB
SwapTotal:        718400 kB
SwapFree:         708416 kB
Dirty:                64 kB
Writeback:             0 kB
AnonPages:       1054420 kB
Mapped:           605884 kB
Shmem:               648 kB
Slab:              99864 kB
SReclaimable:      32088 kB
SUnreclaim:        67776 kB
KernelStack:       38864 kB
PageTables:        49912 kB
NFS_Unstable:          0 kB
Bounce:                0 kB
WritebackTmp:          0 kB
CommitLimit:     2155204 kB
Committed_AS:   118551020 kB
VmallocTotal:   251658176 kB
VmallocUsed:      136144 kB
VmallocChunk:   251407404 kB
Time pass: 262 sec

---2015-12-05 14:07:44
MemTotal:        2873608 kB
MemFree:          107036 kB
Buffers:           13948 kB
Cached:           903296 kB
SwapCached:            4 kB
Active:          1312560 kB
Inactive:         645800 kB
Active(anon):     837784 kB
Inactive(anon):   217548 kB
Active(file):     474776 kB
Inactive(file):   428252 kB
Unevictable:       13568 kB
Mlocked:               0 kB
SwapTotal:        718400 kB
SwapFree:         708416 kB
Dirty:                32 kB
Writeback:             0 kB
AnonPages:       1054572 kB
Mapped:           605968 kB
Shmem:               648 kB
Slab:              99864 kB
SReclaimable:      32088 kB
SUnreclaim:        67776 kB
KernelStack:       38816 kB
PageTables:        49940 kB
NFS_Unstable:          0 kB
Bounce:                0 kB
WritebackTmp:          0 kB
CommitLimit:     2155204 kB
Committed_AS:   118551036 kB
VmallocTotal:   251658176 kB
VmallocUsed:      136144 kB
VmallocChunk:   251407404 kB
Time pass: 266 sec

---2015-12-05 14:07:44
MemTotal:        2873608 kB
MemFree:          106772 kB
Buffers:           13948 kB
Cached:           903300 kB
SwapCached:            4 kB
Active:          1312860 kB
Inactive:         645804 kB
Active(anon):     838084 kB
Inactive(anon):   217552 kB
Active(file):     474776 kB
Inactive(file):   428252 kB
Unevictable:       13568 kB
Mlocked:               0 kB
SwapTotal:        718400 kB
SwapFree:         708416 kB
Dirty:                 0 kB
Writeback:            32 kB
AnonPages:       1055060 kB
Mapped:           605856 kB
Shmem:               652 kB
Slab:              99836 kB
SReclaimable:      32088 kB
SUnreclaim:        67748 kB
KernelStack:       38816 kB
PageTables:        49908 kB
NFS_Unstable:          0 kB
Bounce:                0 kB
WritebackTmp:          0 kB
CommitLimit:     2155204 kB
Committed_AS:   118551036 kB
VmallocTotal:   251658176 kB
VmallocUsed:      136144 kB
VmallocChunk:   251407404 kB
Time pass: 270 sec

---2015-12-05 14:07:44
MemTotal:        2873608 kB
MemFree:          107368 kB
Buffers:           13964 kB
Cached:           903304 kB
SwapCached:            4 kB
Active:          1312396 kB
Inactive:         645824 kB
Active(anon):     837620 kB
Inactive(anon):   217556 kB
Active(file):     474776 kB
Inactive(file):   428268 kB
Unevictable:       13568 kB
Mlocked:               0 kB
SwapTotal:        718400 kB
SwapFree:         708416 kB
Dirty:                40 kB
Writeback:             0 kB
AnonPages:       1054700 kB
Mapped:           605908 kB
Shmem:               656 kB
Slab:              99836 kB
SReclaimable:      32088 kB
SUnreclaim:        67748 kB
KernelStack:       38832 kB
PageTables:        49912 kB
NFS_Unstable:          0 kB
Bounce:                0 kB
WritebackTmp:          0 kB
CommitLimit:     2155204 kB
Committed_AS:   118551028 kB
VmallocTotal:   251658176 kB
VmallocUsed:      136144 kB
VmallocChunk:   251407404 kB
Time pass: 273 sec

---2015-12-05 14:07:44
MemTotal:        2873608 kB
MemFree:          106376 kB
Buffers:           13972 kB
Cached:           903304 kB
SwapCached:            4 kB
Active:          1312928 kB
Inactive:         645832 kB
Active(anon):     838152 kB
Inactive(anon):   217556 kB
Active(file):     474776 kB
Inactive(file):   428276 kB
Unevictable:       13568 kB
Mlocked:               0 kB
SwapTotal:        718400 kB
SwapFree:         708416 kB
Dirty:                32 kB
Writeback:             0 kB
AnonPages:       1055008 kB
Mapped:           606012 kB
Shmem:               656 kB
Slab:              99836 kB
SReclaimable:      32088 kB
SUnreclaim:        67748 kB
KernelStack:       38816 kB
PageTables:        49948 kB
NFS_Unstable:          0 kB
Bounce:                0 kB
WritebackTmp:          0 kB
CommitLimit:     2155204 kB
Committed_AS:   118555124 kB
VmallocTotal:   251658176 kB
VmallocUsed:      136144 kB
VmallocChunk:   251407404 kB
Time pass: 277 sec

---2015-12-05 14:07:44
MemTotal:        2873608 kB
MemFree:          106988 kB
Buffers:           13980 kB
Cached:           903320 kB
SwapCached:            4 kB
Active:          1312976 kB
Inactive:         645852 kB
Active(anon):     838196 kB
Inactive(anon):   217556 kB
Active(file):     474780 kB
Inactive(file):   428296 kB
Unevictable:       13568 kB
Mlocked:               0 kB
SwapTotal:        718400 kB
SwapFree:         708416 kB
Dirty:               100 kB
Writeback:             0 kB
AnonPages:       1055088 kB
Mapped:           605932 kB
Shmem:               656 kB
Slab:              99784 kB
SReclaimable:      32088 kB
SUnreclaim:        67696 kB
KernelStack:       38848 kB
PageTables:        49924 kB
NFS_Unstable:          0 kB
Bounce:                0 kB
WritebackTmp:          0 kB
CommitLimit:     2155204 kB
Committed_AS:   118555188 kB
VmallocTotal:   251658176 kB
VmallocUsed:      136144 kB
VmallocChunk:   251407404 kB
Time pass: 281 sec

---2015-12-05 14:07:44
MemTotal:        2873608 kB
MemFree:          105972 kB
Buffers:           13996 kB
Cached:           903328 kB
SwapCached:            4 kB
Active:          1313216 kB
Inactive:         645876 kB
Active(anon):     838436 kB
Inactive(anon):   217560 kB
Active(file):     474780 kB
Inactive(file):   428316 kB
Unevictable:       13568 kB
Mlocked:               0 kB
SwapTotal:        718400 kB
SwapFree:         708416 kB
Dirty:                76 kB
Writeback:             0 kB
AnonPages:       1055336 kB
Mapped:           605988 kB
Shmem:               660 kB
Slab:              99784 kB
SReclaimable:      32088 kB
SUnreclaim:        67696 kB
KernelStack:       38832 kB
PageTables:        49948 kB
NFS_Unstable:          0 kB
Bounce:                0 kB
WritebackTmp:          0 kB
CommitLimit:     2155204 kB
Committed_AS:   118555132 kB
VmallocTotal:   251658176 kB
VmallocUsed:      136144 kB
VmallocChunk:   251407404 kB
Time pass: 285 sec

---2015-12-05 14:07:44
MemTotal:        2873608 kB
MemFree:          113580 kB
Buffers:           14028 kB
Cached:           903304 kB
SwapCached:            4 kB
Active:          1306332 kB
Inactive:         645892 kB
Active(anon):     831556 kB
Inactive(anon):   217564 kB
Active(file):     474776 kB
Inactive(file):   428328 kB
Unevictable:       13568 kB
Mlocked:               0 kB
SwapTotal:        718400 kB
SwapFree:         708416 kB
Dirty:                44 kB
Writeback:             0 kB
AnonPages:       1048652 kB
Mapped:           605984 kB
Shmem:               652 kB
Slab:              99788 kB
SReclaimable:      32088 kB
SUnreclaim:        67700 kB
KernelStack:       38848 kB
PageTables:        49940 kB
NFS_Unstable:          0 kB
Bounce:                0 kB
WritebackTmp:          0 kB
CommitLimit:     2155204 kB
Committed_AS:   118555132 kB
VmallocTotal:   251658176 kB
VmallocUsed:      136144 kB
VmallocChunk:   251407404 kB
Time pass: 289 sec

---2015-12-05 14:07:44
MemTotal:        2873608 kB
MemFree:          113760 kB
Buffers:           14028 kB
Cached:           903360 kB
SwapCached:            4 kB
Active:          1305624 kB
Inactive:         645936 kB
Active(anon):     830844 kB
Inactive(anon):   217588 kB
Active(file):     474780 kB
Inactive(file):   428348 kB
Unevictable:       13568 kB
Mlocked:               0 kB
SwapTotal:        718400 kB
SwapFree:         708416 kB
Dirty:                84 kB
Writeback:             0 kB
AnonPages:       1047564 kB
Mapped:           606036 kB
Shmem:               692 kB
Slab:              99784 kB
SReclaimable:      32088 kB
SUnreclaim:        67696 kB
KernelStack:       38832 kB
PageTables:        49952 kB
NFS_Unstable:          0 kB
Bounce:                0 kB
WritebackTmp:          0 kB
CommitLimit:     2155204 kB
Committed_AS:   118555180 kB
VmallocTotal:   251658176 kB
VmallocUsed:      136144 kB
VmallocChunk:   251407404 kB
Time pass: 293 sec

---2015-12-05 14:07:44
MemTotal:        2873608 kB
MemFree:          113896 kB
Buffers:           14044 kB
Cached:           903360 kB
SwapCached:            4 kB
Active:          1305528 kB
Inactive:         645952 kB
Active(anon):     830748 kB
Inactive(anon):   217588 kB
Active(file):     474780 kB
Inactive(file):   428364 kB
Unevictable:       13568 kB
Mlocked:               0 kB
SwapTotal:        718400 kB
SwapFree:         708416 kB
Dirty:                40 kB
Writeback:             0 kB
AnonPages:       1047736 kB
Mapped:           606040 kB
Shmem:               692 kB
Slab:              99784 kB
SReclaimable:      32088 kB
SUnreclaim:        67696 kB
KernelStack:       38816 kB
PageTables:        49948 kB
NFS_Unstable:          0 kB
Bounce:                0 kB
WritebackTmp:          0 kB
CommitLimit:     2155204 kB
Committed_AS:   118555124 kB
VmallocTotal:   251658176 kB
VmallocUsed:      136144 kB
VmallocChunk:   251407404 kB
Time pass: 297 sec

---2015-12-05 14:07:44
MemTotal:        2873608 kB
MemFree:          114072 kB
Buffers:           14052 kB
Cached:           903352 kB
SwapCached:            4 kB
Active:          1305668 kB
Inactive:         645952 kB
Active(anon):     830888 kB
Inactive(anon):   217588 kB
Active(file):     474780 kB
Inactive(file):   428364 kB
Unevictable:       13568 kB
Mlocked:               0 kB
SwapTotal:        718400 kB
SwapFree:         708416 kB
Dirty:                 0 kB
Writeback:             0 kB
AnonPages:       1047628 kB
Mapped:           606052 kB
Shmem:               692 kB
Slab:              99784 kB
SReclaimable:      32088 kB
SUnreclaim:        67696 kB
KernelStack:       38816 kB
PageTables:        49948 kB
NFS_Unstable:          0 kB
Bounce:                0 kB
WritebackTmp:          0 kB
CommitLimit:     2155204 kB
Committed_AS:   118555132 kB
VmallocTotal:   251658176 kB
VmallocUsed:      136144 kB
VmallocChunk:   251407404 kB
Time pass: 301 sec

---2015-12-05 14:07:44
MemTotal:        2873608 kB
MemFree:          113680 kB
Buffers:           14052 kB
Cached:           903360 kB
SwapCached:            4 kB
Active:          1305572 kB
Inactive:         645960 kB
Active(anon):     830792 kB
Inactive(anon):   217588 kB
Active(file):     474780 kB
Inactive(file):   428372 kB
Unevictable:       13568 kB
Mlocked:               0 kB
SwapTotal:        718400 kB
SwapFree:         708416 kB
Dirty:                32 kB
Writeback:             0 kB
AnonPages:       1047768 kB
Mapped:           606024 kB
Shmem:               692 kB
Slab:              99784 kB
SReclaimable:      32088 kB
SUnreclaim:        67696 kB
KernelStack:       38816 kB
PageTables:        49916 kB
NFS_Unstable:          0 kB
Bounce:                0 kB
WritebackTmp:          0 kB
CommitLimit:     2155204 kB
Committed_AS:   118555132 kB
VmallocTotal:   251658176 kB
VmallocUsed:      136144 kB
VmallocChunk:   251407404 kB
Time pass: 304 sec

---2015-12-05 14:07:44
MemTotal:        2873608 kB
MemFree:          113128 kB
Buffers:           14068 kB
Cached:           903364 kB
SwapCached:            4 kB
Active:          1306256 kB
Inactive:         645976 kB
Active(anon):     831476 kB
Inactive(anon):   217588 kB
Active(file):     474780 kB
Inactive(file):   428388 kB
Unevictable:       13568 kB
Mlocked:               0 kB
SwapTotal:        718400 kB
SwapFree:         708416 kB
Dirty:                40 kB
Writeback:             0 kB
AnonPages:       1048264 kB
Mapped:           606124 kB
Shmem:               696 kB
Slab:              99788 kB
SReclaimable:      32088 kB
SUnreclaim:        67700 kB
KernelStack:       38816 kB
PageTables:        49948 kB
NFS_Unstable:          0 kB
Bounce:                0 kB
WritebackTmp:          0 kB
CommitLimit:     2155204 kB
Committed_AS:   118555148 kB
VmallocTotal:   251658176 kB
VmallocUsed:      136144 kB
VmallocChunk:   251407404 kB
Time pass: 308 sec

---2015-12-05 14:07:44
MemTotal:        2873608 kB
MemFree:          113352 kB
Buffers:           14084 kB
Cached:           903364 kB
SwapCached:            4 kB
Active:          1306264 kB
Inactive:         645996 kB
Active(anon):     831484 kB
Inactive(anon):   217592 kB
Active(file):     474780 kB
Inactive(file):   428404 kB
Unevictable:       13568 kB
Mlocked:               0 kB
SwapTotal:        718400 kB
SwapFree:         708416 kB
Dirty:                 0 kB
Writeback:             0 kB
AnonPages:       1048396 kB
Mapped:           606052 kB
Shmem:               696 kB
Slab:              99804 kB
SReclaimable:      32088 kB
SUnreclaim:        67716 kB
KernelStack:       38816 kB
PageTables:        49920 kB
NFS_Unstable:          0 kB
Bounce:                0 kB
WritebackTmp:          0 kB
CommitLimit:     2155204 kB
Committed_AS:   118555188 kB
VmallocTotal:   251658176 kB
VmallocUsed:      136144 kB
VmallocChunk:   251407404 kB
Time pass: 312 sec

---2015-12-05 14:07:44
MemTotal:        2873608 kB
MemFree:          113088 kB
Buffers:           14084 kB
Cached:           903364 kB
SwapCached:            4 kB
Active:          1306228 kB
Inactive:         645996 kB
Active(anon):     831448 kB
Inactive(anon):   217592 kB
Active(file):     474780 kB
Inactive(file):   428404 kB
Unevictable:       13568 kB
Mlocked:               0 kB
SwapTotal:        718400 kB
SwapFree:         708416 kB
Dirty:                 0 kB
Writeback:             0 kB
AnonPages:       1048380 kB
Mapped:           606060 kB
Shmem:               696 kB
Slab:              99784 kB
SReclaimable:      32088 kB
SUnreclaim:        67696 kB
KernelStack:       38816 kB
PageTables:        49952 kB
NFS_Unstable:          0 kB
Bounce:                0 kB
WritebackTmp:          0 kB
CommitLimit:     2155204 kB
Committed_AS:   118555196 kB
VmallocTotal:   251658176 kB
VmallocUsed:      136144 kB
VmallocChunk:   251407404 kB
Time pass: 316 sec

---2015-12-05 14:07:44
MemTotal:        2873608 kB
MemFree:          113036 kB
Buffers:           14108 kB
Cached:           903364 kB
SwapCached:            4 kB
Active:          1306752 kB
Inactive:         646020 kB
Active(anon):     831972 kB
Inactive(anon):   217592 kB
Active(file):     474780 kB
Inactive(file):   428428 kB
Unevictable:       13568 kB
Mlocked:               0 kB
SwapTotal:        718400 kB
SwapFree:         708416 kB
Dirty:                56 kB
Writeback:             0 kB
AnonPages:       1048940 kB
Mapped:           606064 kB
Shmem:               696 kB
Slab:              99784 kB
SReclaimable:      32088 kB
SUnreclaim:        67696 kB
KernelStack:       38816 kB
PageTables:        49916 kB
NFS_Unstable:          0 kB
Bounce:                0 kB
WritebackTmp:          0 kB
CommitLimit:     2155204 kB
Committed_AS:   118555220 kB
VmallocTotal:   251658176 kB
VmallocUsed:      136144 kB
VmallocChunk:   251407404 kB
Time pass: 320 sec

---2015-12-05 14:07:44
MemTotal:        2873608 kB
MemFree:          112388 kB
Buffers:           14108 kB
Cached:           903368 kB
SwapCached:            4 kB
Active:          1306632 kB
Inactive:         646024 kB
Active(anon):     831852 kB
Inactive(anon):   217596 kB
Active(file):     474780 kB
Inactive(file):   428428 kB
Unevictable:       13568 kB
Mlocked:               0 kB
SwapTotal:        718400 kB
SwapFree:         708416 kB
Dirty:                 0 kB
Writeback:             0 kB
AnonPages:       1048756 kB
Mapped:           606080 kB
Shmem:               700 kB
Slab:              99784 kB
SReclaimable:      32088 kB
SUnreclaim:        67696 kB
KernelStack:       38832 kB
PageTables:        49916 kB
NFS_Unstable:          0 kB
Bounce:                0 kB
WritebackTmp:          0 kB
CommitLimit:     2155204 kB
Committed_AS:   118555228 kB
VmallocTotal:   251658176 kB
VmallocUsed:      136144 kB
VmallocChunk:   251407404 kB
Time pass: 324 sec

---2015-12-05 14:07:44
MemTotal:        2873608 kB
MemFree:          112232 kB
Buffers:           14116 kB
Cached:           903368 kB
SwapCached:            4 kB
Active:          1306828 kB
Inactive:         646032 kB
Active(anon):     832048 kB
Inactive(anon):   217596 kB
Active(file):     474780 kB
Inactive(file):   428436 kB
Unevictable:       13568 kB
Mlocked:               0 kB
SwapTotal:        718400 kB
SwapFree:         708416 kB
Dirty:                32 kB
Writeback:             0 kB
AnonPages:       1049000 kB
Mapped:           606128 kB
Shmem:               700 kB
Slab:              99820 kB
SReclaimable:      32088 kB
SUnreclaim:        67732 kB
KernelStack:       38832 kB
PageTables:        49948 kB
NFS_Unstable:          0 kB
Bounce:                0 kB
WritebackTmp:          0 kB
CommitLimit:     2155204 kB
Committed_AS:   118555220 kB
VmallocTotal:   251658176 kB
VmallocUsed:      136144 kB
VmallocChunk:   251407404 kB
Time pass: 328 sec

---2015-12-05 14:07:44
MemTotal:        2873608 kB
MemFree:          112144 kB
Buffers:           14132 kB
Cached:           903396 kB
SwapCached:            4 kB
Active:          1307428 kB
Inactive:         646068 kB
Active(anon):     832648 kB
Inactive(anon):   217616 kB
Active(file):     474780 kB
Inactive(file):   428452 kB
Unevictable:       13568 kB
Mlocked:               0 kB
SwapTotal:        718400 kB
SwapFree:         708416 kB
Dirty:                40 kB
Writeback:             0 kB
AnonPages:       1049632 kB
Mapped:           606208 kB
Shmem:               728 kB
Slab:              99828 kB
SReclaimable:      32088 kB
SUnreclaim:        67740 kB
KernelStack:       38832 kB
PageTables:        49952 kB
NFS_Unstable:          0 kB
Bounce:                0 kB
WritebackTmp:          0 kB
CommitLimit:     2155204 kB
Committed_AS:   118555540 kB
VmallocTotal:   251658176 kB
VmallocUsed:      136144 kB
VmallocChunk:   251407404 kB
Time pass: 331 sec

---2015-12-05 14:07:44
MemTotal:        2873608 kB
MemFree:          110796 kB
Buffers:           14264 kB
Cached:           903524 kB
SwapCached:            4 kB
Active:          1308948 kB
Inactive:         646316 kB
Active(anon):     834156 kB
Inactive(anon):   217620 kB
Active(file):     474792 kB
Inactive(file):   428696 kB
Unevictable:       13568 kB
Mlocked:               0 kB
SwapTotal:        718400 kB
SwapFree:         708416 kB
Dirty:                48 kB
Writeback:             0 kB
AnonPages:       1050900 kB
Mapped:           606268 kB
Shmem:               732 kB
Slab:              99820 kB
SReclaimable:      32088 kB
SUnreclaim:        67732 kB
KernelStack:       38800 kB
PageTables:        49956 kB
NFS_Unstable:          0 kB
Bounce:                0 kB
WritebackTmp:          0 kB
CommitLimit:     2155204 kB
Committed_AS:   118555188 kB
VmallocTotal:   251658176 kB
VmallocUsed:      136144 kB
VmallocChunk:   251407404 kB
Time pass: 336 sec

---2015-12-05 14:07:44
MemTotal:        2873608 kB
MemFree:          110388 kB
Buffers:           14280 kB
Cached:           903524 kB
SwapCached:            4 kB
Active:          1309112 kB
Inactive:         646332 kB
Active(anon):     834320 kB
Inactive(anon):   217620 kB
Active(file):     474792 kB
Inactive(file):   428712 kB
Unevictable:       13568 kB
Mlocked:               0 kB
SwapTotal:        718400 kB
SwapFree:         708416 kB
Dirty:                88 kB
Writeback:             0 kB
AnonPages:       1051016 kB
Mapped:           606276 kB
Shmem:               732 kB
Slab:              99816 kB
SReclaimable:      32088 kB
SUnreclaim:        67728 kB
KernelStack:       38800 kB
PageTables:        49960 kB
NFS_Unstable:          0 kB
Bounce:                0 kB
WritebackTmp:          0 kB
CommitLimit:     2155204 kB
Committed_AS:   118555148 kB
VmallocTotal:   251658176 kB
VmallocUsed:      136144 kB
VmallocChunk:   251407404 kB
Time pass: 339 sec

---2015-12-05 14:07:44
MemTotal:        2873608 kB
MemFree:          109980 kB
Buffers:           14296 kB
Cached:           903524 kB
SwapCached:            4 kB
Active:          1309304 kB
Inactive:         646348 kB
Active(anon):     834512 kB
Inactive(anon):   217620 kB
Active(file):     474792 kB
Inactive(file):   428728 kB
Unevictable:       13568 kB
Mlocked:               0 kB
SwapTotal:        718400 kB
SwapFree:         708416 kB
Dirty:                40 kB
Writeback:             0 kB
AnonPages:       1051404 kB
Mapped:           606280 kB
Shmem:               732 kB
Slab:              99816 kB
SReclaimable:      32088 kB
SUnreclaim:        67728 kB
KernelStack:       38816 kB
PageTables:        49956 kB
NFS_Unstable:          0 kB
Bounce:                0 kB
WritebackTmp:          0 kB
CommitLimit:     2155204 kB
Committed_AS:   118555148 kB
VmallocTotal:   251658176 kB
VmallocUsed:      136144 kB
VmallocChunk:   251407404 kB
Time pass: 343 sec

---2015-12-05 14:07:44
MemTotal:        2873608 kB
MemFree:          109636 kB
Buffers:           14296 kB
Cached:           903584 kB
SwapCached:            4 kB
Active:          1309368 kB
Inactive:         646408 kB
Active(anon):     834576 kB
Inactive(anon):   217620 kB
Active(file):     474792 kB
Inactive(file):   428788 kB
Unevictable:       13568 kB
Mlocked:               0 kB
SwapTotal:        718400 kB
SwapFree:         708416 kB
Dirty:                40 kB
Writeback:             0 kB
AnonPages:       1051452 kB
Mapped:           606296 kB
Shmem:               732 kB
Slab:              99816 kB
SReclaimable:      32088 kB
SUnreclaim:        67728 kB
KernelStack:       38784 kB
PageTables:        49960 kB
NFS_Unstable:          0 kB
Bounce:                0 kB
WritebackTmp:          0 kB
CommitLimit:     2155204 kB
Committed_AS:   118555116 kB
VmallocTotal:   251658176 kB
VmallocUsed:      136144 kB
VmallocChunk:   251407404 kB
Time pass: 347 sec

---2015-12-05 14:07:44
MemTotal:        2873608 kB
MemFree:          109472 kB
Buffers:           14304 kB
Cached:           903584 kB
SwapCached:            4 kB
Active:          1309708 kB
Inactive:         646416 kB
Active(anon):     834916 kB
Inactive(anon):   217620 kB
Active(file):     474792 kB
Inactive(file):   428796 kB
Unevictable:       13568 kB
Mlocked:               0 kB
SwapTotal:        718400 kB
SwapFree:         708416 kB
Dirty:                32 kB
Writeback:             0 kB
AnonPages:       1051652 kB
Mapped:           606296 kB
Shmem:               732 kB
Slab:              99816 kB
SReclaimable:      32088 kB
SUnreclaim:        67728 kB
KernelStack:       38784 kB
PageTables:        49960 kB
NFS_Unstable:          0 kB
Bounce:                0 kB
WritebackTmp:          0 kB
CommitLimit:     2155204 kB
Committed_AS:   118555124 kB
VmallocTotal:   251658176 kB
VmallocUsed:      136144 kB
VmallocChunk:   251407404 kB
Time pass: 351 sec

---2015-12-05 14:07:44
MemTotal:        2873608 kB
MemFree:          107808 kB
Buffers:           14388 kB
Cached:           903608 kB
SwapCached:            4 kB
Active:          1311560 kB
Inactive:         646524 kB
Active(anon):     836768 kB
Inactive(anon):   217620 kB
Active(file):     474792 kB
Inactive(file):   428904 kB
Unevictable:       13568 kB
Mlocked:               0 kB
SwapTotal:        718400 kB
SwapFree:         708416 kB
Dirty:                52 kB
Writeback:             0 kB
AnonPages:       1053952 kB
Mapped:           606268 kB
Shmem:               732 kB
Slab:              99792 kB
SReclaimable:      32088 kB
SUnreclaim:        67704 kB
KernelStack:       38784 kB
PageTables:        49932 kB
NFS_Unstable:          0 kB
Bounce:                0 kB
WritebackTmp:          0 kB
CommitLimit:     2155204 kB
Committed_AS:   118555500 kB
VmallocTotal:   251658176 kB
VmallocUsed:      136144 kB
VmallocChunk:   251407404 kB
Time pass: 356 sec

---2015-12-05 14:07:44
MemTotal:        2873608 kB
MemFree:          107056 kB
Buffers:           14388 kB
Cached:           903612 kB
SwapCached:            4 kB
Active:          1311672 kB
Inactive:         646528 kB
Active(anon):     836880 kB
Inactive(anon):   217624 kB
Active(file):     474792 kB
Inactive(file):   428904 kB
Unevictable:       13568 kB
Mlocked:               0 kB
SwapTotal:        718400 kB
SwapFree:         708416 kB
Dirty:                52 kB
Writeback:             0 kB
AnonPages:       1053928 kB
Mapped:           606388 kB
Shmem:               736 kB
Slab:              99796 kB
SReclaimable:      32088 kB
SUnreclaim:        67708 kB
KernelStack:       38800 kB
PageTables:        49964 kB
NFS_Unstable:          0 kB
Bounce:                0 kB
WritebackTmp:          0 kB
CommitLimit:     2155204 kB
Committed_AS:   118555428 kB
VmallocTotal:   251658176 kB
VmallocUsed:      136144 kB
VmallocChunk:   251407404 kB
Time pass: 359 sec

---2015-12-05 14:07:44
MemTotal:        2873608 kB
MemFree:          106924 kB
Buffers:           14396 kB
Cached:           903616 kB
SwapCached:            4 kB
Active:          1311740 kB
Inactive:         646540 kB
Active(anon):     836948 kB
Inactive(anon):   217628 kB
Active(file):     474792 kB
Inactive(file):   428912 kB
Unevictable:       13568 kB
Mlocked:               0 kB
SwapTotal:        718400 kB
SwapFree:         708416 kB
Dirty:                32 kB
Writeback:             0 kB
AnonPages:       1053796 kB
Mapped:           606396 kB
Shmem:               740 kB
Slab:              99796 kB
SReclaimable:      32088 kB
SUnreclaim:        67708 kB
KernelStack:       38800 kB
PageTables:        49964 kB
NFS_Unstable:          0 kB
Bounce:                0 kB
WritebackTmp:          0 kB
CommitLimit:     2155204 kB
Committed_AS:   118555460 kB
VmallocTotal:   251658176 kB
VmallocUsed:      136144 kB
VmallocChunk:   251407404 kB
Time pass: 363 sec

---2015-12-05 14:07:44
MemTotal:        2873608 kB
MemFree:          106524 kB
Buffers:           14412 kB
Cached:           903616 kB
SwapCached:            4 kB
Active:          1311916 kB
Inactive:         646552 kB
Active(anon):     837120 kB
Inactive(anon):   217628 kB
Active(file):     474796 kB
Inactive(file):   428924 kB
Unevictable:       13568 kB
Mlocked:               0 kB
SwapTotal:        718400 kB
SwapFree:         708416 kB
Dirty:                40 kB
Writeback:             0 kB
AnonPages:       1054084 kB
Mapped:           606404 kB
Shmem:               740 kB
Slab:              99796 kB
SReclaimable:      32088 kB
SUnreclaim:        67708 kB
KernelStack:       38800 kB
PageTables:        49964 kB
NFS_Unstable:          0 kB
Bounce:                0 kB
WritebackTmp:          0 kB
CommitLimit:     2155204 kB
Committed_AS:   118555448 kB
VmallocTotal:   251658176 kB
VmallocUsed:      136144 kB
VmallocChunk:   251407404 kB
Time pass: 367 sec

---2015-12-05 14:07:44
MemTotal:        2873608 kB
MemFree:          106396 kB
Buffers:           14412 kB
Cached:           903616 kB
SwapCached:            4 kB
Active:          1312544 kB
Inactive:         646552 kB
Active(anon):     837748 kB
Inactive(anon):   217628 kB
Active(file):     474796 kB
Inactive(file):   428924 kB
Unevictable:       13568 kB
Mlocked:               0 kB
SwapTotal:        718400 kB
SwapFree:         708416 kB
Dirty:                40 kB
Writeback:             0 kB
AnonPages:       1054492 kB
Mapped:           606324 kB
Shmem:               740 kB
Slab:              99788 kB
SReclaimable:      32088 kB
SUnreclaim:        67700 kB
KernelStack:       38800 kB
PageTables:        49932 kB
NFS_Unstable:          0 kB
Bounce:                0 kB
WritebackTmp:          0 kB
CommitLimit:     2155204 kB
Committed_AS:   118555444 kB
VmallocTotal:   251658176 kB
VmallocUsed:      136144 kB
VmallocChunk:   251407404 kB
Time pass: 371 sec

---2015-12-05 14:07:44
MemTotal:        2873608 kB
MemFree:          106684 kB
Buffers:           14428 kB
Cached:           903616 kB
SwapCached:            4 kB
Active:          1312680 kB
Inactive:         646568 kB
Active(anon):     837884 kB
Inactive(anon):   217628 kB
Active(file):     474796 kB
Inactive(file):   428940 kB
Unevictable:       13568 kB
Mlocked:               0 kB
SwapTotal:        718400 kB
SwapFree:         708416 kB
Dirty:                 0 kB
Writeback:             0 kB
AnonPages:       1054932 kB
Mapped:           606240 kB
Shmem:               740 kB
Slab:              99788 kB
SReclaimable:      32088 kB
SUnreclaim:        67700 kB
KernelStack:       38800 kB
PageTables:        49988 kB
NFS_Unstable:          0 kB
Bounce:                0 kB
WritebackTmp:          0 kB
CommitLimit:     2155204 kB
Committed_AS:   118555492 kB
VmallocTotal:   251658176 kB
VmallocUsed:      136144 kB
VmallocChunk:   251407404 kB
Time pass: 375 sec

---2015-12-05 14:07:44
MemTotal:        2873608 kB
MemFree:          106236 kB
Buffers:           14436 kB
Cached:           903616 kB
SwapCached:            4 kB
Active:          1312760 kB
Inactive:         646576 kB
Active(anon):     837964 kB
Inactive(anon):   217628 kB
Active(file):     474796 kB
Inactive(file):   428948 kB
Unevictable:       13568 kB
Mlocked:               0 kB
SwapTotal:        718400 kB
SwapFree:         708416 kB
Dirty:                32 kB
Writeback:             0 kB
AnonPages:       1054648 kB
Mapped:           606464 kB
Shmem:               740 kB
Slab:              99788 kB
SReclaimable:      32088 kB
SUnreclaim:        67700 kB
KernelStack:       38800 kB
PageTables:        49992 kB
NFS_Unstable:          0 kB
Bounce:                0 kB
WritebackTmp:          0 kB
CommitLimit:     2155204 kB
Committed_AS:   118555516 kB
VmallocTotal:   251658176 kB
VmallocUsed:      136144 kB
VmallocChunk:   251407404 kB
Time pass: 379 sec

---2015-12-05 14:07:44
MemTotal:        2873608 kB
MemFree:          105276 kB
Buffers:           14452 kB
Cached:           903600 kB
SwapCached:            4 kB
Active:          1313496 kB
Inactive:         646576 kB
Active(anon):     838700 kB
Inactive(anon):   217628 kB
Active(file):     474796 kB
Inactive(file):   428948 kB
Unevictable:       13568 kB
Mlocked:               0 kB
SwapTotal:        718400 kB
SwapFree:         708416 kB
Dirty:                 0 kB
Writeback:            32 kB
AnonPages:       1055408 kB
Mapped:           606428 kB
Shmem:               740 kB
Slab:              99788 kB
SReclaimable:      32088 kB
SUnreclaim:        67700 kB
KernelStack:       38800 kB
PageTables:        49960 kB
NFS_Unstable:          0 kB
Bounce:                0 kB
WritebackTmp:          0 kB
CommitLimit:     2155204 kB
Committed_AS:   118555532 kB
VmallocTotal:   251658176 kB
VmallocUsed:      136144 kB
VmallocChunk:   251407404 kB
Time pass: 383 sec

---2015-12-05 14:07:44
MemTotal:        2873608 kB
MemFree:          105136 kB
Buffers:           14452 kB
Cached:           903616 kB
SwapCached:            4 kB
Active:          1313136 kB
Inactive:         646592 kB
Active(anon):     838340 kB
Inactive(anon):   217628 kB
Active(file):     474796 kB
Inactive(file):   428964 kB
Unevictable:       13568 kB
Mlocked:               0 kB
SwapTotal:        718400 kB
SwapFree:         708416 kB
Dirty:                40 kB
Writeback:             0 kB
AnonPages:       1055324 kB
Mapped:           606352 kB
Shmem:               740 kB
Slab:              99772 kB
SReclaimable:      32072 kB
SUnreclaim:        67700 kB
KernelStack:       38800 kB
PageTables:        49928 kB
NFS_Unstable:          0 kB
Bounce:                0 kB
WritebackTmp:          0 kB
CommitLimit:     2155204 kB
Committed_AS:   118555524 kB
VmallocTotal:   251658176 kB
VmallocUsed:      136144 kB
VmallocChunk:   251407404 kB
Time pass: 387 sec

---2015-12-05 14:07:44
MemTotal:        2873608 kB
MemFree:          105256 kB
Buffers:           14460 kB
Cached:           903616 kB
SwapCached:            4 kB
Active:          1313152 kB
Inactive:         646600 kB
Active(anon):     838356 kB
Inactive(anon):   217628 kB
Active(file):     474796 kB
Inactive(file):   428972 kB
Unevictable:       13568 kB
Mlocked:               0 kB
SwapTotal:        718400 kB
SwapFree:         708416 kB
Dirty:                32 kB
Writeback:             0 kB
AnonPages:       1055288 kB
Mapped:           606356 kB
Shmem:               740 kB
Slab:              99772 kB
SReclaimable:      32072 kB
SUnreclaim:        67700 kB
KernelStack:       38800 kB
PageTables:        49928 kB
NFS_Unstable:          0 kB
Bounce:                0 kB
WritebackTmp:          0 kB
CommitLimit:     2155204 kB
Committed_AS:   118555516 kB
VmallocTotal:   251658176 kB
VmallocUsed:      136144 kB
VmallocChunk:   251407404 kB
Time pass: 390 sec

---2015-12-05 14:07:44
MemTotal:        2873608 kB
MemFree:          105260 kB
Buffers:           14468 kB
Cached:           903608 kB
SwapCached:            4 kB
Active:          1313712 kB
Inactive:         646600 kB
Active(anon):     838916 kB
Inactive(anon):   217628 kB
Active(file):     474796 kB
Inactive(file):   428972 kB
Unevictable:       13568 kB
Mlocked:               0 kB
SwapTotal:        718400 kB
SwapFree:         708416 kB
Dirty:                 0 kB
Writeback:             0 kB
AnonPages:       1056236 kB
Mapped:           606364 kB
Shmem:               740 kB
Slab:              99844 kB
SReclaimable:      32072 kB
SUnreclaim:        67772 kB
KernelStack:       38800 kB
PageTables:        49928 kB
NFS_Unstable:          0 kB
Bounce:                0 kB
WritebackTmp:          0 kB
CommitLimit:     2155204 kB
Committed_AS:   118555516 kB
VmallocTotal:   251658176 kB
VmallocUsed:      136144 kB
VmallocChunk:   251407404 kB
Time pass: 394 sec

---2015-12-05 14:07:44
MemTotal:        2873608 kB
MemFree:          105020 kB
Buffers:           14476 kB
Cached:           903744 kB
SwapCached:            4 kB
Active:          1313880 kB
Inactive:         646744 kB
Active(anon):     839084 kB
Inactive(anon):   217648 kB
Active(file):     474796 kB
Inactive(file):   429096 kB
Unevictable:       13568 kB
Mlocked:               0 kB
SwapTotal:        718400 kB
SwapFree:         708416 kB
Dirty:                40 kB
Writeback:             0 kB
AnonPages:       1056124 kB
Mapped:           606532 kB
Shmem:               760 kB
Slab:              99772 kB
SReclaimable:      32072 kB
SUnreclaim:        67700 kB
KernelStack:       38816 kB
PageTables:        49956 kB
NFS_Unstable:          0 kB
Bounce:                0 kB
WritebackTmp:          0 kB
CommitLimit:     2155204 kB
Committed_AS:   118555540 kB
VmallocTotal:   251658176 kB
VmallocUsed:      136144 kB
VmallocChunk:   251407404 kB
Time pass: 398 sec

---2015-12-05 14:07:44
MemTotal:        2873608 kB
MemFree:          104492 kB
Buffers:           14484 kB
