---2015-10-26 12:50:36
MemTotal:        2582696 kB
MemFree:          116728 kB
Buffers:           22840 kB
Cached:           763440 kB
SwapCached:          848 kB
Active:          1040844 kB
Inactive:         607080 kB
Active(anon):     678416 kB
Inactive(anon):   188188 kB
Active(file):     362428 kB
Inactive(file):   418892 kB
Unevictable:        3920 kB
Mlocked:               0 kB
SwapTotal:        524284 kB
SwapFree:         476304 kB
Dirty:               776 kB
Writeback:             0 kB
AnonPages:        865072 kB
Mapped:           269252 kB
Shmem:              1040 kB
Slab:             107936 kB
SReclaimable:      33712 kB
SUnreclaim:        74224 kB
KernelStack:       36208 kB
PageTables:        36144 kB
NFS_Unstable:          0 kB
Bounce:                0 kB
WritebackTmp:          0 kB
CommitLimit:     1815632 kB
Committed_AS:   96747992 kB
VmallocTotal:   251658176 kB
VmallocUsed:      113320 kB
VmallocChunk:   251431844 kB
Time pass: 3 sec

---2015-10-26 12:50:36
MemTotal:        2582696 kB
MemFree:          120844 kB
Buffers:           22840 kB
Cached:           763448 kB
SwapCached:          848 kB
Active:          1036836 kB
Inactive:         607088 kB
Active(anon):     674408 kB
Inactive(anon):   188188 kB
Active(file):     362428 kB
Inactive(file):   418900 kB
Unevictable:        3920 kB
Mlocked:               0 kB
SwapTotal:        524284 kB
SwapFree:         476304 kB
Dirty:               784 kB
Writeback:             0 kB
AnonPages:        861056 kB
Mapped:           265596 kB
Shmem:              1040 kB
Slab:             107968 kB
SReclaimable:      33712 kB
SUnreclaim:        74256 kB
KernelStack:       36224 kB
PageTables:        35964 kB
NFS_Unstable:          0 kB
Bounce:                0 kB
WritebackTmp:          0 kB
CommitLimit:     1815632 kB
Committed_AS:   95506100 kB
VmallocTotal:   251658176 kB
VmallocUsed:      112300 kB
VmallocChunk:   251440036 kB
Time pass: 7 sec

---2015-10-26 12:50:36
MemTotal:        2582696 kB
MemFree:          120380 kB
Buffers:           22840 kB
Cached:           763448 kB
SwapCached:          848 kB
Active:          1037740 kB
Inactive:         607088 kB
Active(anon):     675312 kB
Inactive(anon):   188188 kB
Active(file):     362428 kB
Inactive(file):   418900 kB
Unevictable:        3920 kB
Mlocked:               0 kB
SwapTotal:        524284 kB
SwapFree:         476304 kB
Dirty:               776 kB
Writeback:             0 kB
AnonPages:        861876 kB
Mapped:           265512 kB
Shmem:              1040 kB
Slab:             107976 kB
SReclaimable:      33680 kB
SUnreclaim:        74296 kB
KernelStack:       36272 kB
PageTables:        35924 kB
NFS_Unstable:          0 kB
Bounce:                0 kB
WritebackTmp:          0 kB
CommitLimit:     1815632 kB
Committed_AS:   95506076 kB
VmallocTotal:   251658176 kB
VmallocUsed:      112300 kB
VmallocChunk:   251440036 kB
Time pass: 10 sec

---2015-10-26 12:50:36
MemTotal:        2582696 kB
MemFree:          120004 kB
Buffers:           22840 kB
Cached:           763452 kB
SwapCached:          848 kB
Active:          1038672 kB
Inactive:         607088 kB
Active(anon):     676240 kB
Inactive(anon):   188192 kB
Active(file):     362432 kB
Inactive(file):   418896 kB
Unevictable:        3920 kB
Mlocked:               0 kB
SwapTotal:        524284 kB
SwapFree:         476304 kB
Dirty:               804 kB
Writeback:             0 kB
AnonPages:        862780 kB
Mapped:           265488 kB
Shmem:              1044 kB
Slab:             107976 kB
SReclaimable:      33680 kB
SUnreclaim:        74296 kB
KernelStack:       36272 kB
PageTables:        35916 kB
NFS_Unstable:          0 kB
Bounce:                0 kB
WritebackTmp:          0 kB
CommitLimit:     1815632 kB
Committed_AS:   95505940 kB
VmallocTotal:   251658176 kB
VmallocUsed:      112300 kB
VmallocChunk:   251440036 kB
Time pass: 14 sec

---2015-10-26 12:50:36
MemTotal:        2582696 kB
MemFree:          118016 kB
Buffers:           22840 kB
Cached:           763452 kB
SwapCached:          848 kB
Active:          1040020 kB
Inactive:         607088 kB
Active(anon):     677588 kB
Inactive(anon):   188192 kB
Active(file):     362432 kB
Inactive(file):   418896 kB
Unevictable:        3920 kB
Mlocked:               0 kB
SwapTotal:        524284 kB
SwapFree:         476304 kB
Dirty:               776 kB
Writeback:             0 kB
AnonPages:        863956 kB
Mapped:           265564 kB
Shmem:              1044 kB
Slab:             107976 kB
SReclaimable:      33680 kB
SUnreclaim:        74296 kB
KernelStack:       36576 kB
PageTables:        35896 kB
NFS_Unstable:          0 kB
Bounce:                0 kB
WritebackTmp:          0 kB
CommitLimit:     1815632 kB
Committed_AS:   95506148 kB
VmallocTotal:   251658176 kB
VmallocUsed:      112300 kB
VmallocChunk:   251440036 kB
Time pass: 17 sec

---2015-10-26 12:50:36
MemTotal:        2582696 kB
MemFree:          115712 kB
Buffers:           22840 kB
Cached:           763464 kB
SwapCached:          848 kB
Active:          1042104 kB
Inactive:         607104 kB
Active(anon):     679676 kB
Inactive(anon):   188192 kB
Active(file):     362428 kB
Inactive(file):   418912 kB
Unevictable:        3920 kB
Mlocked:               0 kB
SwapTotal:        524284 kB
SwapFree:         476304 kB
Dirty:               776 kB
Writeback:             0 kB
AnonPages:        866480 kB
Mapped:           268484 kB
Shmem:              1044 kB
Slab:             107976 kB
SReclaimable:      33680 kB
SUnreclaim:        74296 kB
KernelStack:       36224 kB
PageTables:        36144 kB
NFS_Unstable:          0 kB
Bounce:                0 kB
WritebackTmp:          0 kB
CommitLimit:     1815632 kB
Committed_AS:   96746004 kB
VmallocTotal:   251658176 kB
VmallocUsed:      113320 kB
VmallocChunk:   251440036 kB
Time pass: 21 sec

---2015-10-26 12:50:36
MemTotal:        2582696 kB
MemFree:          117332 kB
Buffers:           22840 kB
Cached:           763468 kB
SwapCached:          848 kB
Active:          1041064 kB
Inactive:         607104 kB
Active(anon):     678632 kB
Inactive(anon):   188192 kB
Active(file):     362432 kB
Inactive(file):   418912 kB
Unevictable:        3920 kB
Mlocked:               0 kB
SwapTotal:        524284 kB
SwapFree:         476304 kB
Dirty:               808 kB
Writeback:             0 kB
AnonPages:        865292 kB
Mapped:           265624 kB
Shmem:              1044 kB
Slab:             107984 kB
SReclaimable:      33680 kB
SUnreclaim:        74304 kB
KernelStack:       36176 kB
PageTables:        35908 kB
NFS_Unstable:          0 kB
Bounce:                0 kB
WritebackTmp:          0 kB
CommitLimit:     1815632 kB
Committed_AS:   95506036 kB
VmallocTotal:   251658176 kB
VmallocUsed:      112300 kB
VmallocChunk:   251440036 kB
Time pass: 24 sec

---2015-10-26 12:50:36
MemTotal:        2582696 kB
MemFree:          115932 kB
Buffers:           22840 kB
Cached:           763468 kB
SwapCached:          848 kB
Active:          1042416 kB
Inactive:         607112 kB
Active(anon):     679992 kB
Inactive(anon):   188192 kB
Active(file):     362424 kB
Inactive(file):   418920 kB
Unevictable:        3920 kB
Mlocked:               0 kB
SwapTotal:        524284 kB
SwapFree:         476304 kB
Dirty:               836 kB
Writeback:             0 kB
AnonPages:        866536 kB
Mapped:           265528 kB
Shmem:              1044 kB
Slab:             107800 kB
SReclaimable:      33536 kB
SUnreclaim:        74264 kB
KernelStack:       36304 kB
PageTables:        35928 kB
NFS_Unstable:          0 kB
Bounce:                0 kB
WritebackTmp:          0 kB
CommitLimit:     1815632 kB
Committed_AS:   95506132 kB
VmallocTotal:   251658176 kB
VmallocUsed:      112300 kB
VmallocChunk:   251440036 kB
Time pass: 28 sec

---2015-10-26 12:50:36
MemTotal:        2582696 kB
MemFree:          116252 kB
Buffers:           22840 kB
Cached:           763468 kB
SwapCached:          848 kB
Active:          1042508 kB
Inactive:         607112 kB
Active(anon):     680084 kB
Inactive(anon):   188192 kB
Active(file):     362424 kB
Inactive(file):   418920 kB
Unevictable:        3920 kB
Mlocked:               0 kB
SwapTotal:        524284 kB
SwapFree:         476304 kB
Dirty:               796 kB
Writeback:             0 kB
AnonPages:        866632 kB
Mapped:           265536 kB
Shmem:              1044 kB
Slab:             107784 kB
SReclaimable:      33520 kB
SUnreclaim:        74264 kB
KernelStack:       36224 kB
PageTables:        35928 kB
NFS_Unstable:          0 kB
Bounce:                0 kB
WritebackTmp:          0 kB
CommitLimit:     1815632 kB
Committed_AS:   95506116 kB
VmallocTotal:   251658176 kB
VmallocUsed:      112300 kB
VmallocChunk:   251440036 kB
Time pass: 32 sec

---2015-10-26 12:50:36
MemTotal:        2582696 kB
MemFree:          119732 kB
Buffers:           22840 kB
Cached:           763468 kB
SwapCached:          848 kB
Active:          1038516 kB
Inactive:         607108 kB
Active(anon):     676088 kB
Inactive(anon):   188192 kB
Active(file):     362428 kB
Inactive(file):   418916 kB
Unevictable:        3920 kB
Mlocked:               0 kB
SwapTotal:        524284 kB
SwapFree:         476304 kB
Dirty:               776 kB
Writeback:             0 kB
AnonPages:        862668 kB
Mapped:           265216 kB
Shmem:              1044 kB
Slab:             107784 kB
SReclaimable:      33520 kB
SUnreclaim:        74264 kB
KernelStack:       36480 kB
PageTables:        35892 kB
NFS_Unstable:          0 kB
Bounce:                0 kB
WritebackTmp:          0 kB
CommitLimit:     1815632 kB
Committed_AS:   95506012 kB
VmallocTotal:   251658176 kB
VmallocUsed:      112300 kB
VmallocChunk:   251440036 kB
Time pass: 35 sec

---2015-10-26 12:50:36
MemTotal:        2582696 kB
MemFree:          117668 kB
Buffers:           22840 kB
Cached:           763468 kB
SwapCached:          848 kB
Active:          1040240 kB
Inactive:         607112 kB
Active(anon):     677816 kB
Inactive(anon):   188192 kB
Active(file):     362424 kB
Inactive(file):   418920 kB
Unevictable:        3920 kB
Mlocked:               0 kB
SwapTotal:        524284 kB
SwapFree:         476304 kB
Dirty:               800 kB
Writeback:             0 kB
AnonPages:        864516 kB
Mapped:           268836 kB
Shmem:              1044 kB
Slab:             107784 kB
SReclaimable:      33520 kB
SUnreclaim:        74264 kB
KernelStack:       36256 kB
PageTables:        36152 kB
NFS_Unstable:          0 kB
Bounce:                0 kB
WritebackTmp:          0 kB
CommitLimit:     1815632 kB
Committed_AS:   96746004 kB
VmallocTotal:   251658176 kB
VmallocUsed:      113320 kB
VmallocChunk:   251440036 kB
Time pass: 39 sec

---2015-10-26 12:50:36
MemTotal:        2582696 kB
MemFree:          120012 kB
Buffers:           22840 kB
Cached:           763468 kB
SwapCached:          848 kB
Active:          1038552 kB
Inactive:         607108 kB
Active(anon):     676124 kB
Inactive(anon):   188192 kB
Active(file):     362428 kB
Inactive(file):   418916 kB
Unevictable:        3920 kB
Mlocked:               0 kB
SwapTotal:        524284 kB
SwapFree:         476304 kB
Dirty:               776 kB
Writeback:             0 kB
AnonPages:        862708 kB
Mapped:           265540 kB
Shmem:              1044 kB
Slab:             107784 kB
SReclaimable:      33520 kB
SUnreclaim:        74264 kB
KernelStack:       36304 kB
PageTables:        35920 kB
NFS_Unstable:          0 kB
Bounce:                0 kB
WritebackTmp:          0 kB
CommitLimit:     1815632 kB
Committed_AS:   95506084 kB
VmallocTotal:   251658176 kB
VmallocUsed:      112300 kB
VmallocChunk:   251440036 kB
Time pass: 43 sec

---2015-10-26 12:50:36
MemTotal:        2582696 kB
MemFree:          120564 kB
Buffers:           22840 kB
Cached:           763468 kB
SwapCached:          848 kB
Active:          1038736 kB
Inactive:         607108 kB
Active(anon):     676308 kB
Inactive(anon):   188192 kB
Active(file):     362428 kB
Inactive(file):   418916 kB
Unevictable:        3920 kB
Mlocked:               0 kB
SwapTotal:        524284 kB
SwapFree:         476304 kB
Dirty:               776 kB
Writeback:             0 kB
AnonPages:        862844 kB
Mapped:           265540 kB
Shmem:              1044 kB
Slab:             107784 kB
SReclaimable:      33520 kB
SUnreclaim:        74264 kB
KernelStack:       36288 kB
PageTables:        35928 kB
NFS_Unstable:          0 kB
Bounce:                0 kB
WritebackTmp:          0 kB
CommitLimit:     1815632 kB
Committed_AS:   95505988 kB
VmallocTotal:   251658176 kB
VmallocUsed:      112300 kB
VmallocChunk:   251440036 kB
Time pass: 46 sec

---2015-10-26 12:50:36
MemTotal:        2582696 kB
MemFree:          119720 kB
Buffers:           22840 kB
Cached:           763476 kB
SwapCached:          848 kB
Active:          1038488 kB
Inactive:         607116 kB
Active(anon):     676060 kB
Inactive(anon):   188192 kB
Active(file):     362428 kB
Inactive(file):   418924 kB
Unevictable:        3920 kB
Mlocked:               0 kB
SwapTotal:        524284 kB
SwapFree:         476304 kB
Dirty:               776 kB
Writeback:             0 kB
AnonPages:        862580 kB
Mapped:           265560 kB
Shmem:              1044 kB
Slab:             107784 kB
SReclaimable:      33520 kB
SUnreclaim:        74264 kB
KernelStack:       36240 kB
PageTables:        35900 kB
NFS_Unstable:          0 kB
Bounce:                0 kB
WritebackTmp:          0 kB
CommitLimit:     1815632 kB
Committed_AS:   95505928 kB
VmallocTotal:   251658176 kB
VmallocUsed:      112300 kB
VmallocChunk:   251440036 kB
Time pass: 50 sec

---2015-10-26 12:50:36
MemTotal:        2582696 kB
MemFree:          120004 kB
Buffers:           22840 kB
Cached:           763476 kB
SwapCached:          848 kB
Active:          1038452 kB
Inactive:         607116 kB
Active(anon):     676024 kB
Inactive(anon):   188192 kB
Active(file):     362428 kB
Inactive(file):   418924 kB
Unevictable:        3920 kB
Mlocked:               0 kB
SwapTotal:        524284 kB
SwapFree:         476304 kB
Dirty:               776 kB
Writeback:             0 kB
AnonPages:        862764 kB
Mapped:           265772 kB
Shmem:              1044 kB
Slab:             107808 kB
SReclaimable:      33520 kB
SUnreclaim:        74288 kB
KernelStack:       36320 kB
PageTables:        35768 kB
NFS_Unstable:          0 kB
Bounce:                0 kB
WritebackTmp:          0 kB
CommitLimit:     1815632 kB
Committed_AS:   95506124 kB
VmallocTotal:   251658176 kB
VmallocUsed:      112300 kB
VmallocChunk:   251440036 kB
Time pass: 53 sec

---2015-10-26 12:50:36
MemTotal:        2582696 kB
MemFree:          119064 kB
Buffers:           22840 kB
Cached:           763476 kB
SwapCached:          848 kB
Active:          1039116 kB
Inactive:         607116 kB
Active(anon):     676688 kB
Inactive(anon):   188192 kB
Active(file):     362428 kB
Inactive(file):   418924 kB
Unevictable:        3920 kB
Mlocked:               0 kB
SwapTotal:        524284 kB
SwapFree:         476304 kB
Dirty:               776 kB
Writeback:             0 kB
AnonPages:        863336 kB
Mapped:           265548 kB
Shmem:              1044 kB
Slab:             107824 kB
SReclaimable:      33520 kB
SUnreclaim:        74304 kB
KernelStack:       36224 kB
PageTables:        35924 kB
NFS_Unstable:          0 kB
Bounce:                0 kB
WritebackTmp:          0 kB
CommitLimit:     1815632 kB
Committed_AS:   95506076 kB
VmallocTotal:   251658176 kB
VmallocUsed:      112300 kB
VmallocChunk:   251440036 kB
Time pass: 57 sec

---2015-10-26 12:50:36
MemTotal:        2582696 kB
MemFree:          118388 kB
Buffers:           22840 kB
Cached:           763484 kB
SwapCached:          848 kB
Active:          1039684 kB
Inactive:         607124 kB
Active(anon):     677256 kB
Inactive(anon):   188192 kB
Active(file):     362428 kB
Inactive(file):   418932 kB
Unevictable:        3920 kB
Mlocked:               0 kB
SwapTotal:        524284 kB
SwapFree:         476304 kB
Dirty:               780 kB
Writeback:             0 kB
AnonPages:        863676 kB
Mapped:           265552 kB
Shmem:              1044 kB
Slab:             107840 kB
SReclaimable:      33520 kB
SUnreclaim:        74320 kB
KernelStack:       36272 kB
PageTables:        35928 kB
NFS_Unstable:          0 kB
Bounce:                0 kB
WritebackTmp:          0 kB
CommitLimit:     1815632 kB
Committed_AS:   95506148 kB
VmallocTotal:   251658176 kB
VmallocUsed:      112300 kB
VmallocChunk:   251440036 kB
Time pass: 61 sec

---2015-10-26 12:50:36
MemTotal:        2582696 kB
MemFree:          118320 kB
Buffers:           22840 kB
Cached:           763488 kB
SwapCached:          848 kB
Active:          1040536 kB
Inactive:         607132 kB
Active(anon):     678112 kB
Inactive(anon):   188192 kB
Active(file):     362424 kB
Inactive(file):   418940 kB
Unevictable:        3920 kB
Mlocked:               0 kB
SwapTotal:        524284 kB
SwapFree:         476304 kB
Dirty:               808 kB
Writeback:             0 kB
AnonPages:        864636 kB
Mapped:           265504 kB
Shmem:              1044 kB
Slab:             107816 kB
SReclaimable:      33520 kB
SUnreclaim:        74296 kB
KernelStack:       36304 kB
PageTables:        35872 kB
NFS_Unstable:          0 kB
Bounce:                0 kB
WritebackTmp:          0 kB
CommitLimit:     1815632 kB
Committed_AS:   95506036 kB
VmallocTotal:   251658176 kB
VmallocUsed:      112300 kB
VmallocChunk:   251440036 kB
Time pass: 64 sec

---2015-10-26 12:50:36
MemTotal:        2582696 kB
MemFree:          116476 kB
Buffers:           22840 kB
Cached:           763488 kB
SwapCached:          848 kB
Active:          1041500 kB
Inactive:         607128 kB
Active(anon):     679072 kB
Inactive(anon):   188192 kB
Active(file):     362428 kB
Inactive(file):   418936 kB
Unevictable:        3920 kB
Mlocked:               0 kB
SwapTotal:        524284 kB
SwapFree:         476304 kB
Dirty:               816 kB
Writeback:             0 kB
AnonPages:        865612 kB
Mapped:           265580 kB
Shmem:              1044 kB
Slab:             107812 kB
SReclaimable:      33520 kB
SUnreclaim:        74292 kB
KernelStack:       36224 kB
PageTables:        35924 kB
NFS_Unstable:          0 kB
Bounce:                0 kB
WritebackTmp:          0 kB
CommitLimit:     1815632 kB
Committed_AS:   95506148 kB
VmallocTotal:   251658176 kB
VmallocUsed:      112300 kB
VmallocChunk:   251440036 kB
Time pass: 68 sec

---2015-10-26 12:50:36
MemTotal:        2582696 kB
MemFree:          115648 kB
Buffers:           22840 kB
Cached:           763480 kB
SwapCached:          848 kB
Active:          1042648 kB
Inactive:         607120 kB
Active(anon):     680220 kB
Inactive(anon):   188192 kB
Active(file):     362428 kB
Inactive(file):   418928 kB
Unevictable:        3920 kB
Mlocked:               0 kB
SwapTotal:        524284 kB
SwapFree:         476304 kB
Dirty:               780 kB
Writeback:             0 kB
AnonPages:        866704 kB
Mapped:           265400 kB
Shmem:              1044 kB
Slab:             107812 kB
SReclaimable:      33520 kB
SUnreclaim:        74292 kB
KernelStack:       36240 kB
PageTables:        35828 kB
NFS_Unstable:          0 kB
Bounce:                0 kB
WritebackTmp:          0 kB
CommitLimit:     1815632 kB
Committed_AS:   95506008 kB
VmallocTotal:   251658176 kB
VmallocUsed:      112300 kB
VmallocChunk:   251440036 kB
Time pass: 71 sec

---2015-10-26 12:50:36
MemTotal:        2582696 kB
MemFree:          114664 kB
Buffers:           22840 kB
Cached:           763488 kB
SwapCached:          848 kB
Active:          1043684 kB
Inactive:         607124 kB
Active(anon):     681252 kB
Inactive(anon):   188192 kB
Active(file):     362432 kB
Inactive(file):   418932 kB
Unevictable:        3920 kB
Mlocked:               0 kB
SwapTotal:        524284 kB
SwapFree:         476304 kB
Dirty:               776 kB
Writeback:             0 kB
AnonPages:        868096 kB
Mapped:           267820 kB
Shmem:              1044 kB
Slab:             107812 kB
SReclaimable:      33520 kB
SUnreclaim:        74292 kB
KernelStack:       36256 kB
PageTables:        36144 kB
NFS_Unstable:          0 kB
Bounce:                0 kB
WritebackTmp:          0 kB
CommitLimit:     1815632 kB
Committed_AS:   96745916 kB
VmallocTotal:   251658176 kB
VmallocUsed:      113320 kB
VmallocChunk:   251440036 kB
Time pass: 75 sec

---2015-10-26 12:50:36
MemTotal:        2582696 kB
MemFree:          115340 kB
Buffers:           22840 kB
Cached:           763488 kB
SwapCached:          848 kB
Active:          1042844 kB
Inactive:         607120 kB
Active(anon):     680408 kB
Inactive(anon):   188192 kB
Active(file):     362436 kB
Inactive(file):   418928 kB
Unevictable:        3920 kB
Mlocked:               0 kB
SwapTotal:        524284 kB
SwapFree:         476304 kB
Dirty:               784 kB
Writeback:             0 kB
AnonPages:        866864 kB
Mapped:           265688 kB
Shmem:              1044 kB
Slab:             107812 kB
SReclaimable:      33520 kB
SUnreclaim:        74292 kB
KernelStack:       36336 kB
PageTables:        35928 kB
NFS_Unstable:          0 kB
Bounce:                0 kB
WritebackTmp:          0 kB
CommitLimit:     1815632 kB
Committed_AS:   95506100 kB
VmallocTotal:   251658176 kB
VmallocUsed:      112300 kB
VmallocChunk:   251440036 kB
Time pass: 79 sec

---2015-10-26 12:50:36
MemTotal:        2582696 kB
MemFree:          306864 kB
Buffers:           22840 kB
Cached:           763388 kB
SwapCached:          860 kB
Active:           979016 kB
Inactive:         600288 kB
Active(anon):     610076 kB
Inactive(anon):   187752 kB
Active(file):     368940 kB
Inactive(file):   412536 kB
Unevictable:        3920 kB
Mlocked:               0 kB
SwapTotal:        524284 kB
SwapFree:         476304 kB
Dirty:               768 kB
Writeback:             0 kB
AnonPages:        796816 kB
Mapped:           197632 kB
Shmem:               608 kB
Slab:             107812 kB
SReclaimable:      33520 kB
SUnreclaim:        74292 kB
KernelStack:       35776 kB
PageTables:        34268 kB
NFS_Unstable:          0 kB
Bounce:                0 kB
WritebackTmp:          0 kB
CommitLimit:     1815632 kB
Committed_AS:   94133880 kB
VmallocTotal:   251658176 kB
VmallocUsed:      110052 kB
VmallocChunk:   251440036 kB
Time pass: 82 sec

---2015-10-26 12:50:36
MemTotal:        2582696 kB
MemFree:          280532 kB
Buffers:           22840 kB
Cached:           763316 kB
SwapCached:          860 kB
Active:           982044 kB
Inactive:         600436 kB
Active(anon):     613092 kB
Inactive(anon):   187668 kB
Active(file):     368952 kB
Inactive(file):   412768 kB
Unevictable:        3920 kB
Mlocked:               0 kB
SwapTotal:        524284 kB
SwapFree:         476304 kB
Dirty:               784 kB
Writeback:             0 kB
AnonPages:        799728 kB
Mapped:           208020 kB
Shmem:               512 kB
Slab:             107684 kB
SReclaimable:      33520 kB
SUnreclaim:        74164 kB
KernelStack:       34736 kB
PageTables:        34960 kB
NFS_Unstable:          0 kB
Bounce:                0 kB
WritebackTmp:          0 kB
CommitLimit:     1815632 kB
Committed_AS:   98890172 kB
VmallocTotal:   251658176 kB
VmallocUsed:      111868 kB
VmallocChunk:   251440036 kB
Time pass: 86 sec

---2015-10-26 12:50:36
MemTotal:        2582696 kB
MemFree:          208216 kB
Buffers:           22840 kB
Cached:           763804 kB
SwapCached:          860 kB
Active:           999112 kB
Inactive:         600892 kB
Active(anon):     630128 kB
Inactive(anon):   187804 kB
Active(file):     368984 kB
Inactive(file):   413088 kB
Unevictable:        3920 kB
Mlocked:               0 kB
SwapTotal:        524284 kB
SwapFree:         476304 kB
Dirty:               516 kB
Writeback:             0 kB
AnonPages:        816572 kB
Mapped:           228584 kB
Shmem:               648 kB
Slab:             107660 kB
SReclaimable:      33520 kB
SUnreclaim:        74140 kB
KernelStack:       35648 kB
PageTables:        35392 kB
NFS_Unstable:          0 kB
Bounce:                0 kB
WritebackTmp:          0 kB
CommitLimit:     1815632 kB
Committed_AS:   95454084 kB
VmallocTotal:   251658176 kB
VmallocUsed:      111436 kB
VmallocChunk:   251440036 kB
Time pass: 90 sec

---2015-10-26 12:50:36
MemTotal:        2582696 kB
MemFree:          126884 kB
Buffers:           22840 kB
Cached:           763984 kB
SwapCached:          860 kB
Active:          1012680 kB
Inactive:         601028 kB
Active(anon):     643648 kB
Inactive(anon):   187804 kB
Active(file):     369032 kB
Inactive(file):   413224 kB
Unevictable:        3920 kB
Mlocked:               0 kB
SwapTotal:        524284 kB
SwapFree:         476304 kB
Dirty:              3872 kB
Writeback:             0 kB
AnonPages:        829924 kB
Mapped:           269340 kB
Shmem:               648 kB
Slab:             107676 kB
SReclaimable:      33536 kB
SUnreclaim:        74140 kB
KernelStack:       35872 kB
PageTables:        35584 kB
NFS_Unstable:          0 kB
Bounce:                0 kB
WritebackTmp:          0 kB
CommitLimit:     1815632 kB
Committed_AS:   95471476 kB
VmallocTotal:   251658176 kB
VmallocUsed:      111964 kB
VmallocChunk:   251440036 kB
Time pass: 93 sec

---2015-10-26 12:50:36
MemTotal:        2582696 kB
MemFree:          125768 kB
Buffers:           22840 kB
Cached:           763984 kB
SwapCached:          860 kB
Active:          1014200 kB
Inactive:         601028 kB
Active(anon):     645168 kB
Inactive(anon):   187804 kB
Active(file):     369032 kB
Inactive(file):   413224 kB
Unevictable:        3920 kB
Mlocked:               0 kB
SwapTotal:        524284 kB
SwapFree:         476304 kB
Dirty:               476 kB
Writeback:             0 kB
AnonPages:        831724 kB
Mapped:           269388 kB
Shmem:               648 kB
Slab:             107676 kB
SReclaimable:      33536 kB
SUnreclaim:        74140 kB
KernelStack:       35872 kB
PageTables:        35588 kB
NFS_Unstable:          0 kB
Bounce:                0 kB
WritebackTmp:          0 kB
CommitLimit:     1815632 kB
Committed_AS:   95471476 kB
VmallocTotal:   251658176 kB
VmallocUsed:      111964 kB
VmallocChunk:   251440036 kB
Time pass: 97 sec

---2015-10-26 12:50:36
MemTotal:        2582696 kB
MemFree:          127936 kB
Buffers:           22840 kB
Cached:           763988 kB
SwapCached:          860 kB
Active:          1011408 kB
Inactive:         601028 kB
Active(anon):     642376 kB
Inactive(anon):   187804 kB
Active(file):     369032 kB
Inactive(file):   413224 kB
Unevictable:        3920 kB
Mlocked:               0 kB
SwapTotal:        524284 kB
SwapFree:         476304 kB
Dirty:               484 kB
Writeback:             0 kB
AnonPages:        828976 kB
Mapped:           269396 kB
Shmem:               648 kB
Slab:             107672 kB
SReclaimable:      33536 kB
SUnreclaim:        74136 kB
KernelStack:       35872 kB
PageTables:        35592 kB
NFS_Unstable:          0 kB
Bounce:                0 kB
WritebackTmp:          0 kB
CommitLimit:     1815632 kB
Committed_AS:   95471452 kB
VmallocTotal:   251658176 kB
VmallocUsed:      109548 kB
VmallocChunk:   251440036 kB
Time pass: 101 sec

---2015-10-26 12:50:36
MemTotal:        2582696 kB
MemFree:          127436 kB
Buffers:           22840 kB
Cached:           764000 kB
SwapCached:          860 kB
Active:          1011580 kB
Inactive:         601040 kB
Active(anon):     642548 kB
Inactive(anon):   187804 kB
Active(file):     369032 kB
Inactive(file):   413236 kB
Unevictable:        3920 kB
Mlocked:               0 kB
SwapTotal:        524284 kB
SwapFree:         476304 kB
Dirty:               480 kB
Writeback:             0 kB
AnonPages:        829108 kB
Mapped:           269408 kB
Shmem:               648 kB
Slab:             107672 kB
SReclaimable:      33536 kB
SUnreclaim:        74136 kB
KernelStack:       35872 kB
PageTables:        35596 kB
NFS_Unstable:          0 kB
Bounce:                0 kB
WritebackTmp:          0 kB
CommitLimit:     1815632 kB
Committed_AS:   95471460 kB
VmallocTotal:   251658176 kB
VmallocUsed:      109548 kB
VmallocChunk:   251440036 kB
Time pass: 105 sec

---2015-10-26 12:50:36
MemTotal:        2582696 kB
MemFree:          115572 kB
Buffers:           22840 kB
Cached:           764320 kB
SwapCached:          860 kB
Active:          1013992 kB
Inactive:         601188 kB
Active(anon):     644828 kB
Inactive(anon):   187804 kB
Active(file):     369164 kB
Inactive(file):   413384 kB
Unevictable:        3920 kB
Mlocked:               0 kB
SwapTotal:        524284 kB
SwapFree:         476304 kB
Dirty:              1080 kB
Writeback:             0 kB
AnonPages:        831264 kB
Mapped:           273640 kB
Shmem:               648 kB
Slab:             107668 kB
SReclaimable:      33536 kB
SUnreclaim:        74132 kB
KernelStack:       35872 kB
PageTables:        35600 kB
NFS_Unstable:          0 kB
Bounce:                0 kB
WritebackTmp:          0 kB
CommitLimit:     1815632 kB
Committed_AS:   95471588 kB
VmallocTotal:   251658176 kB
VmallocUsed:      109620 kB
VmallocChunk:   251440036 kB
Time pass: 109 sec

---2015-10-26 12:50:36
MemTotal:        2582696 kB
MemFree:          115176 kB
Buffers:           22840 kB
Cached:           764320 kB
SwapCached:          860 kB
Active:          1014092 kB
Inactive:         601196 kB
Active(anon):     644892 kB
Inactive(anon):   187804 kB
Active(file):     369200 kB
Inactive(file):   413392 kB
Unevictable:        3920 kB
Mlocked:               0 kB
SwapTotal:        524284 kB
SwapFree:         476304 kB
Dirty:              1060 kB
Writeback:             0 kB
AnonPages:        831356 kB
Mapped:           273768 kB
Shmem:               648 kB
Slab:             107668 kB
SReclaimable:      33536 kB
SUnreclaim:        74132 kB
KernelStack:       35904 kB
PageTables:        35668 kB
NFS_Unstable:          0 kB
Bounce:                0 kB
WritebackTmp:          0 kB
CommitLimit:     1815632 kB
Committed_AS:   95471580 kB
VmallocTotal:   251658176 kB
VmallocUsed:      109620 kB
VmallocChunk:   251440036 kB
Time pass: 113 sec

---2015-10-26 12:50:36
MemTotal:        2582696 kB
MemFree:          114252 kB
Buffers:           22840 kB
Cached:           764328 kB
SwapCached:          860 kB
Active:          1014096 kB
Inactive:         601200 kB
Active(anon):     644892 kB
Inactive(anon):   187804 kB
Active(file):     369204 kB
Inactive(file):   413396 kB
Unevictable:        3920 kB
Mlocked:               0 kB
SwapTotal:        524284 kB
SwapFree:         476304 kB
Dirty:               512 kB
Writeback:             0 kB
AnonPages:        831328 kB
Mapped:           273908 kB
Shmem:               648 kB
Slab:             107636 kB
SReclaimable:      33536 kB
SUnreclaim:        74100 kB
KernelStack:       35872 kB
PageTables:        35608 kB
NFS_Unstable:          0 kB
Bounce:                0 kB
WritebackTmp:          0 kB
CommitLimit:     1815632 kB
Committed_AS:   95471572 kB
VmallocTotal:   251658176 kB
VmallocUsed:      109632 kB
VmallocChunk:   251440036 kB
Time pass: 116 sec

---2015-10-26 12:50:36
MemTotal:        2582696 kB
MemFree:          112076 kB
Buffers:           22840 kB
Cached:           762600 kB
SwapCached:          860 kB
Active:          1019348 kB
Inactive:         599636 kB
Active(anon):     650124 kB
Inactive(anon):   187804 kB
Active(file):     369224 kB
Inactive(file):   411832 kB
Unevictable:        3920 kB
Mlocked:               0 kB
SwapTotal:        524284 kB
SwapFree:         476304 kB
Dirty:               636 kB
Writeback:             0 kB
AnonPages:        836760 kB
Mapped:           281764 kB
Shmem:               648 kB
Slab:             107960 kB
SReclaimable:      33856 kB
SUnreclaim:        74104 kB
KernelStack:       35904 kB
PageTables:        35656 kB
NFS_Unstable:          0 kB
Bounce:                0 kB
WritebackTmp:          0 kB
CommitLimit:     1815632 kB
Committed_AS:   95471900 kB
VmallocTotal:   251658176 kB
VmallocUsed:      109804 kB
VmallocChunk:   251440036 kB
Time pass: 120 sec

---2015-10-26 12:50:36
MemTotal:        2582696 kB
MemFree:          112400 kB
Buffers:           22840 kB
Cached:           762600 kB
SwapCached:          860 kB
Active:          1019448 kB
Inactive:         599636 kB
Active(anon):     650224 kB
Inactive(anon):   187804 kB
Active(file):     369224 kB
Inactive(file):   411832 kB
Unevictable:        3920 kB
Mlocked:               0 kB
SwapTotal:        524284 kB
SwapFree:         476304 kB
Dirty:               640 kB
Writeback:             0 kB
AnonPages:        836836 kB
Mapped:           281476 kB
Shmem:               648 kB
Slab:             108008 kB
SReclaimable:      33904 kB
SUnreclaim:        74104 kB
KernelStack:       35904 kB
PageTables:        35660 kB
NFS_Unstable:          0 kB
Bounce:                0 kB
WritebackTmp:          0 kB
CommitLimit:     1815632 kB
Committed_AS:   95471924 kB
VmallocTotal:   251658176 kB
VmallocUsed:      109804 kB
VmallocChunk:   251440036 kB
Time pass: 124 sec

---2015-10-26 12:50:36
MemTotal:        2582696 kB
MemFree:          111112 kB
Buffers:           22840 kB
Cached:           762648 kB
SwapCached:          860 kB
Active:          1019784 kB
Inactive:         599500 kB
Active(anon):     650560 kB
Inactive(anon):   187804 kB
Active(file):     369224 kB
Inactive(file):   411696 kB
Unevictable:        3920 kB
Mlocked:               0 kB
SwapTotal:        524284 kB
SwapFree:         476304 kB
Dirty:               644 kB
Writeback:             0 kB
AnonPages:        837048 kB
Mapped:           281696 kB
Shmem:               648 kB
Slab:             107896 kB
SReclaimable:      33792 kB
SUnreclaim:        74104 kB
KernelStack:       35904 kB
PageTables:        35660 kB
NFS_Unstable:          0 kB
Bounce:                0 kB
WritebackTmp:          0 kB
CommitLimit:     1815632 kB
Committed_AS:   95471932 kB
VmallocTotal:   251658176 kB
VmallocUsed:      109804 kB
VmallocChunk:   251440036 kB
Time pass: 127 sec

---2015-10-26 12:50:36
MemTotal:        2582696 kB
MemFree:          109352 kB
Buffers:           22840 kB
Cached:           762432 kB
SwapCached:          860 kB
Active:          1025556 kB
Inactive:         599272 kB
Active(anon):     656328 kB
Inactive(anon):   187804 kB
Active(file):     369228 kB
Inactive(file):   411468 kB
Unevictable:        3920 kB
Mlocked:               0 kB
SwapTotal:        524284 kB
SwapFree:         476304 kB
Dirty:               664 kB
Writeback:             0 kB
AnonPages:        842912 kB
Mapped:           284844 kB
Shmem:               648 kB
Slab:             107896 kB
SReclaimable:      33792 kB
SUnreclaim:        74104 kB
KernelStack:       35984 kB
PageTables:        35664 kB
NFS_Unstable:          0 kB
Bounce:                0 kB
WritebackTmp:          0 kB
CommitLimit:     1815632 kB
Committed_AS:   95471972 kB
VmallocTotal:   251658176 kB
VmallocUsed:      109804 kB
VmallocChunk:   251440036 kB
Time pass: 131 sec

---2015-10-26 12:50:36
MemTotal:        2582696 kB
MemFree:          108468 kB
Buffers:           22840 kB
Cached:           761120 kB
SwapCached:          860 kB
Active:          1032432 kB
Inactive:         597936 kB
Active(anon):     663204 kB
Inactive(anon):   187924 kB
Active(file):     369228 kB
Inactive(file):   410012 kB
Unevictable:        3920 kB
Mlocked:               0 kB
SwapTotal:        524284 kB
SwapFree:         476304 kB
Dirty:               640 kB
Writeback:             0 kB
AnonPages:        850008 kB
Mapped:           286112 kB
Shmem:               776 kB
Slab:             107552 kB
SReclaimable:      33376 kB
SUnreclaim:        74176 kB
KernelStack:       36272 kB
PageTables:        35832 kB
NFS_Unstable:          0 kB
Bounce:                0 kB
WritebackTmp:          0 kB
CommitLimit:     1815632 kB
Committed_AS:   95503568 kB
VmallocTotal:   251658176 kB
VmallocUsed:      112336 kB
VmallocChunk:   251429364 kB
Time pass: 136 sec

---2015-10-26 12:50:36
MemTotal:        2582696 kB
MemFree:          110472 kB
Buffers:           22840 kB
Cached:           759788 kB
SwapCached:          860 kB
Active:          1038356 kB
Inactive:         596632 kB
Active(anon):     669128 kB
Inactive(anon):   188008 kB
Active(file):     369228 kB
Inactive(file):   408624 kB
Unevictable:        3920 kB
Mlocked:               0 kB
SwapTotal:        524284 kB
SwapFree:         476304 kB
Dirty:               652 kB
Writeback:             0 kB
AnonPages:        855720 kB
Mapped:           287076 kB
Shmem:               856 kB
Slab:             107796 kB
SReclaimable:      33472 kB
SUnreclaim:        74324 kB
KernelStack:       36624 kB
PageTables:        36344 kB
NFS_Unstable:          0 kB
Bounce:                0 kB
WritebackTmp:          0 kB
CommitLimit:     1815632 kB
Committed_AS:   104802192 kB
VmallocTotal:   251658176 kB
VmallocUsed:      112228 kB
VmallocChunk:   251429364 kB
Time pass: 143 sec

---2015-10-26 12:50:36
MemTotal:        2582696 kB
MemFree:          390396 kB
Buffers:           22216 kB
Cached:           713628 kB
SwapCached:          860 kB
Active:           976388 kB
Inactive:         552252 kB
Active(anon):     609820 kB
Inactive(anon):   187668 kB
Active(file):     366568 kB
Inactive(file):   364584 kB
Unevictable:        3920 kB
Mlocked:               0 kB
SwapTotal:        524284 kB
SwapFree:         476304 kB
Dirty:              1008 kB
Writeback:             0 kB
AnonPages:        796252 kB
Mapped:           201052 kB
Shmem:               512 kB
Slab:             107552 kB
SReclaimable:      33504 kB
SUnreclaim:        74048 kB
KernelStack:       34512 kB
PageTables:        34440 kB
NFS_Unstable:          0 kB
Bounce:                0 kB
WritebackTmp:          0 kB
CommitLimit:     1815632 kB
Committed_AS:   94134056 kB
VmallocTotal:   251658176 kB
VmallocUsed:      109964 kB
VmallocChunk:   251429364 kB
Time pass: 147 sec

---2015-10-26 12:50:36
MemTotal:        2582696 kB
MemFree:          388400 kB
Buffers:           22216 kB
Cached:           713576 kB
SwapCached:          860 kB
Active:           979856 kB
Inactive:         552460 kB
Active(anon):     613288 kB
Inactive(anon):   187668 kB
Active(file):     366568 kB
Inactive(file):   364792 kB
Unevictable:        3920 kB
Mlocked:               0 kB
SwapTotal:        524284 kB
SwapFree:         476304 kB
Dirty:               820 kB
Writeback:             0 kB
AnonPages:        800020 kB
Mapped:           201468 kB
Shmem:               512 kB
Slab:             107612 kB
SReclaimable:      33568 kB
SUnreclaim:        74044 kB
KernelStack:       34976 kB
PageTables:        34100 kB
NFS_Unstable:          0 kB
Bounce:                0 kB
WritebackTmp:          0 kB
CommitLimit:     1815632 kB
Committed_AS:   94157840 kB
VmallocTotal:   251658176 kB
VmallocUsed:      109964 kB
VmallocChunk:   251429364 kB
Time pass: 150 sec

---2015-10-26 12:50:36
MemTotal:        2582696 kB
MemFree:          386832 kB
Buffers:           22216 kB
Cached:           713576 kB
SwapCached:          860 kB
Active:           980376 kB
Inactive:         552460 kB
Active(anon):     613808 kB
Inactive(anon):   187668 kB
Active(file):     366568 kB
Inactive(file):   364792 kB
Unevictable:        3920 kB
Mlocked:               0 kB
SwapTotal:        524284 kB
SwapFree:         476304 kB
Dirty:               820 kB
Writeback:             0 kB
AnonPages:        800544 kB
Mapped:           202664 kB
Shmem:               512 kB
Slab:             107596 kB
SReclaimable:      33584 kB
SUnreclaim:        74012 kB
KernelStack:       34752 kB
PageTables:        34732 kB
NFS_Unstable:          0 kB
Bounce:                0 kB
WritebackTmp:          0 kB
CommitLimit:     1815632 kB
Committed_AS:   97617380 kB
VmallocTotal:   251658176 kB
VmallocUsed:      110984 kB
VmallocChunk:   251429364 kB
Time pass: 154 sec

---2015-10-26 12:50:36
MemTotal:        2582696 kB
MemFree:          390528 kB
Buffers:           22216 kB
Cached:           713576 kB
SwapCached:          860 kB
Active:           975776 kB
Inactive:         552456 kB
Active(anon):     609204 kB
Inactive(anon):   187668 kB
Active(file):     366572 kB
Inactive(file):   364788 kB
Unevictable:        3920 kB
Mlocked:               0 kB
SwapTotal:        524284 kB
SwapFree:         476304 kB
Dirty:               756 kB
Writeback:             0 kB
AnonPages:        795828 kB
Mapped:           201108 kB
Shmem:               512 kB
Slab:             107592 kB
SReclaimable:      33584 kB
SUnreclaim:        74008 kB
KernelStack:       34784 kB
PageTables:        34240 kB
NFS_Unstable:          0 kB
Bounce:                0 kB
WritebackTmp:          0 kB
CommitLimit:     1815632 kB
Committed_AS:   94133824 kB
VmallocTotal:   251658176 kB
VmallocUsed:      109964 kB
VmallocChunk:   251429364 kB
Time pass: 157 sec

---2015-10-26 12:50:36
MemTotal:        2582696 kB
MemFree:          390580 kB
Buffers:           22216 kB
Cached:           713576 kB
SwapCached:          860 kB
Active:           975856 kB
Inactive:         552456 kB
Active(anon):     609284 kB
Inactive(anon):   187668 kB
Active(file):     366572 kB
Inactive(file):   364788 kB
Unevictable:        3920 kB
Mlocked:               0 kB
SwapTotal:        524284 kB
SwapFree:         476304 kB
Dirty:               756 kB
Writeback:             0 kB
AnonPages:        795824 kB
Mapped:           201120 kB
Shmem:               512 kB
Slab:             107592 kB
SReclaimable:      33584 kB
SUnreclaim:        74008 kB
KernelStack:       34672 kB
PageTables:        34336 kB
NFS_Unstable:          0 kB
Bounce:                0 kB
WritebackTmp:          0 kB
CommitLimit:     1815632 kB
Committed_AS:   94133744 kB
VmallocTotal:   251658176 kB
VmallocUsed:      107548 kB
VmallocChunk:   251440036 kB
Time pass: 161 sec

---2015-10-26 12:50:36
MemTotal:        2582696 kB
MemFree:          390168 kB
Buffers:           22216 kB
Cached:           713576 kB
SwapCached:          860 kB
Active:           976020 kB
Inactive:         552456 kB
Active(anon):     609448 kB
Inactive(anon):   187668 kB
Active(file):     366572 kB
Inactive(file):   364788 kB
Unevictable:        3920 kB
Mlocked:               0 kB
SwapTotal:        524284 kB
SwapFree:         476304 kB
Dirty:               756 kB
Writeback:             0 kB
AnonPages:        795916 kB
Mapped:           201124 kB
Shmem:               512 kB
Slab:             107592 kB
SReclaimable:      33584 kB
SUnreclaim:        74008 kB
KernelStack:       34672 kB
PageTables:        34340 kB
NFS_Unstable:          0 kB
Bounce:                0 kB
WritebackTmp:          0 kB
CommitLimit:     1815632 kB
Committed_AS:   94133744 kB
VmallocTotal:   251658176 kB
VmallocUsed:      107548 kB
VmallocChunk:   251440036 kB
Time pass: 165 sec

---2015-10-26 12:50:36
MemTotal:        2582696 kB
MemFree:          390324 kB
Buffers:           22216 kB
Cached:           713576 kB
SwapCached:          860 kB
Active:           976204 kB
Inactive:         552456 kB
Active(anon):     609632 kB
Inactive(anon):   187668 kB
Active(file):     366572 kB
Inactive(file):   364788 kB
Unevictable:        3920 kB
Mlocked:               0 kB
SwapTotal:        524284 kB
SwapFree:         476304 kB
Dirty:               756 kB
Writeback:             0 kB
AnonPages:        796200 kB
Mapped:           201124 kB
Shmem:               512 kB
Slab:             107592 kB
SReclaimable:      33584 kB
SUnreclaim:        74008 kB
KernelStack:       34672 kB
PageTables:        34308 kB
NFS_Unstable:          0 kB
Bounce:                0 kB
WritebackTmp:          0 kB
CommitLimit:     1815632 kB
Committed_AS:   94133704 kB
VmallocTotal:   251658176 kB
VmallocUsed:      107548 kB
VmallocChunk:   251440036 kB
Time pass: 169 sec

---2015-10-26 12:50:36
MemTotal:        2582696 kB
MemFree:          389880 kB
Buffers:           22216 kB
Cached:           713576 kB
SwapCached:          860 kB
Active:           976272 kB
Inactive:         552456 kB
Active(anon):     609700 kB
Inactive(anon):   187668 kB
Active(file):     366572 kB
Inactive(file):   364788 kB
Unevictable:        3920 kB
Mlocked:               0 kB
SwapTotal:        524284 kB
SwapFree:         476304 kB
Dirty:               756 kB
Writeback:             0 kB
AnonPages:        796156 kB
Mapped:           201208 kB
Shmem:               512 kB
Slab:             107592 kB
SReclaimable:      33584 kB
SUnreclaim:        74008 kB
KernelStack:       34672 kB
PageTables:        34368 kB
NFS_Unstable:          0 kB
Bounce:                0 kB
WritebackTmp:          0 kB
CommitLimit:     1815632 kB
Committed_AS:   94133720 kB
VmallocTotal:   251658176 kB
VmallocUsed:      107548 kB
VmallocChunk:   251440036 kB
Time pass: 172 sec

---2015-10-26 12:50:36
MemTotal:        2582696 kB
MemFree:          389584 kB
Buffers:           22216 kB
Cached:           713584 kB
SwapCached:          860 kB
Active:           976416 kB
Inactive:         552464 kB
Active(anon):     609844 kB
Inactive(anon):   187668 kB
Active(file):     366572 kB
Inactive(file):   364796 kB
Unevictable:        3920 kB
Mlocked:               0 kB
SwapTotal:        524284 kB
SwapFree:         476304 kB
Dirty:               756 kB
Writeback:             0 kB
AnonPages:        796360 kB
Mapped:           201136 kB
Shmem:               512 kB
Slab:             107592 kB
SReclaimable:      33584 kB
SUnreclaim:        74008 kB
KernelStack:       34672 kB
PageTables:        34336 kB
NFS_Unstable:          0 kB
Bounce:                0 kB
WritebackTmp:          0 kB
CommitLimit:     1815632 kB
Committed_AS:   94133704 kB
VmallocTotal:   251658176 kB
VmallocUsed:      107548 kB
VmallocChunk:   251440036 kB
Time pass: 176 sec

---2015-10-26 12:50:36
MemTotal:        2582696 kB
MemFree:          389312 kB
Buffers:           22216 kB
Cached:           713584 kB
SwapCached:          860 kB
Active:           976680 kB
Inactive:         552464 kB
Active(anon):     610108 kB
Inactive(anon):   187668 kB
Active(file):     366572 kB
Inactive(file):   364796 kB
Unevictable:        3920 kB
Mlocked:               0 kB
SwapTotal:        524284 kB
SwapFree:         476304 kB
Dirty:               756 kB
Writeback:             0 kB
AnonPages:        796500 kB
Mapped:           201136 kB
Shmem:               512 kB
Slab:             107448 kB
SReclaimable:      33440 kB
SUnreclaim:        74008 kB
KernelStack:       34656 kB
PageTables:        34340 kB
NFS_Unstable:          0 kB
Bounce:                0 kB
WritebackTmp:          0 kB
CommitLimit:     1815632 kB
Committed_AS:   94133712 kB
VmallocTotal:   251658176 kB
VmallocUsed:      107548 kB
VmallocChunk:   251440036 kB
Time pass: 180 sec

---2015-10-26 12:50:36
MemTotal:        2582696 kB
MemFree:          388832 kB
Buffers:           22216 kB
Cached:           713584 kB
SwapCached:          860 kB
Active:           976808 kB
Inactive:         552464 kB
Active(anon):     610236 kB
Inactive(anon):   187668 kB
Active(file):     366572 kB
Inactive(file):   364796 kB
Unevictable:        3920 kB
Mlocked:               0 kB
SwapTotal:        524284 kB
SwapFree:         476304 kB
Dirty:               756 kB
Writeback:             0 kB
AnonPages:        796580 kB
Mapped:           201220 kB
Shmem:               512 kB
Slab:             107448 kB
SReclaimable:      33440 kB
SUnreclaim:        74008 kB
KernelStack:       34656 kB
PageTables:        34372 kB
NFS_Unstable:          0 kB
Bounce:                0 kB
WritebackTmp:          0 kB
CommitLimit:     1815632 kB
Committed_AS:   94133720 kB
VmallocTotal:   251658176 kB
VmallocUsed:      107548 kB
VmallocChunk:   251440036 kB
Time pass: 183 sec

---2015-10-26 12:50:36
MemTotal:        2582696 kB
MemFree:          334724 kB
Buffers:           22216 kB
Cached:           713592 kB
SwapCached:          860 kB
Active:           994644 kB
Inactive:         552472 kB
Active(anon):     628072 kB
Inactive(anon):   187668 kB
Active(file):     366572 kB
Inactive(file):   364804 kB
Unevictable:        3920 kB
Mlocked:               0 kB
SwapTotal:        524284 kB
SwapFree:         476304 kB
Dirty:               756 kB
Writeback:             0 kB
AnonPages:        814728 kB
Mapped:           219792 kB
Shmem:               512 kB
Slab:             107588 kB
SReclaimable:      33440 kB
SUnreclaim:        74148 kB
KernelStack:       35216 kB
PageTables:        35056 kB
NFS_Unstable:          0 kB
Bounce:                0 kB
WritebackTmp:          0 kB
CommitLimit:     1815632 kB
Committed_AS:   95427148 kB
VmallocTotal:   251658176 kB
VmallocUsed:      108424 kB
VmallocChunk:   251440036 kB
Time pass: 189 sec

---2015-10-26 12:50:36
MemTotal:        2582696 kB
MemFree:          270860 kB
Buffers:           22216 kB
Cached:           713596 kB
SwapCached:          860 kB
Active:          1000480 kB
Inactive:         552460 kB
Active(anon):     633892 kB
Inactive(anon):   187800 kB
Active(file):     366588 kB
Inactive(file):   364660 kB
Unevictable:        3920 kB
Mlocked:               0 kB
SwapTotal:        524284 kB
SwapFree:         476304 kB
Dirty:              1012 kB
Writeback:             0 kB
AnonPages:        820276 kB
Mapped:           227160 kB
Shmem:               644 kB
Slab:             107476 kB
SReclaimable:      33472 kB
SUnreclaim:        74004 kB
KernelStack:       35600 kB
PageTables:        35344 kB
NFS_Unstable:          0 kB
Bounce:                0 kB
WritebackTmp:          0 kB
CommitLimit:     1815632 kB
Committed_AS:   95444036 kB
VmallocTotal:   251658176 kB
VmallocUsed:      108944 kB
VmallocChunk:   251440036 kB
Time pass: 193 sec

---2015-10-26 12:50:36
MemTotal:        2582696 kB
MemFree:          272228 kB
Buffers:           22216 kB
Cached:           713612 kB
SwapCached:          860 kB
Active:           998832 kB
Inactive:         552416 kB
Active(anon):     632240 kB
Inactive(anon):   187800 kB
Active(file):     366592 kB
Inactive(file):   364616 kB
Unevictable:        3920 kB
Mlocked:               0 kB
SwapTotal:        524284 kB
SwapFree:         476304 kB
Dirty:               300 kB
Writeback:             0 kB
AnonPages:        818860 kB
Mapped:           228208 kB
Shmem:               644 kB
Slab:             107476 kB
SReclaimable:      33472 kB
SUnreclaim:        74004 kB
KernelStack:       35632 kB
PageTables:        35364 kB
NFS_Unstable:          0 kB
Bounce:                0 kB
WritebackTmp:          0 kB
CommitLimit:     1815632 kB
Committed_AS:   95444100 kB
VmallocTotal:   251658176 kB
VmallocUsed:      108944 kB
VmallocChunk:   251440036 kB
Time pass: 197 sec

---2015-10-26 12:50:36
MemTotal:        2582696 kB
MemFree:          271468 kB
Buffers:           22216 kB
Cached:           713612 kB
SwapCached:          860 kB
Active:           998804 kB
Inactive:         552408 kB
Active(anon):     632204 kB
Inactive(anon):   187800 kB
Active(file):     366600 kB
Inactive(file):   364608 kB
Unevictable:        3920 kB
Mlocked:               0 kB
SwapTotal:        524284 kB
SwapFree:         476304 kB
Dirty:               208 kB
Writeback:             0 kB
AnonPages:        818776 kB
Mapped:           228052 kB
Shmem:               644 kB
Slab:             107476 kB
SReclaimable:      33472 kB
SUnreclaim:        74004 kB
KernelStack:       35584 kB
PageTables:        35328 kB
NFS_Unstable:          0 kB
Bounce:                0 kB
WritebackTmp:          0 kB
CommitLimit:     1815632 kB
Committed_AS:   95444100 kB
VmallocTotal:   251658176 kB
VmallocUsed:      108956 kB
VmallocChunk:   251440036 kB
Time pass: 200 sec

---2015-10-26 12:50:36
MemTotal:        2582696 kB
MemFree:          222020 kB
Buffers:           22216 kB
Cached:           714200 kB
SwapCached:          860 kB
Active:          1013256 kB
Inactive:         553288 kB
Active(anon):     646600 kB
Inactive(anon):   187804 kB
Active(file):     366656 kB
Inactive(file):   365484 kB
Unevictable:        3920 kB
Mlocked:               0 kB
SwapTotal:        524284 kB
SwapFree:         476304 kB
Dirty:              1588 kB
Writeback:             0 kB
AnonPages:        833364 kB
Mapped:           233304 kB
Shmem:               648 kB
Slab:             107476 kB
SReclaimable:      33472 kB
SUnreclaim:        74004 kB
KernelStack:       35824 kB
PageTables:        35424 kB
NFS_Unstable:          0 kB
Bounce:                0 kB
WritebackTmp:          0 kB
CommitLimit:     1815632 kB
Committed_AS:   95459324 kB
VmallocTotal:   251658176 kB
VmallocUsed:      109208 kB
VmallocChunk:   251440036 kB
Time pass: 204 sec

---2015-10-26 12:50:36
MemTotal:        2582696 kB
MemFree:          181148 kB
Buffers:           22216 kB
Cached:           714656 kB
SwapCached:          860 kB
Active:          1016788 kB
Inactive:         553220 kB
Active(anon):     649900 kB
Inactive(anon):   187804 kB
Active(file):     366888 kB
Inactive(file):   365416 kB
Unevictable:        3920 kB
Mlocked:               0 kB
SwapTotal:        524284 kB
SwapFree:         476304 kB
Dirty:              2096 kB
Writeback:             0 kB
AnonPages:        836512 kB
Mapped:           254080 kB
Shmem:               648 kB
Slab:             107492 kB
SReclaimable:      33488 kB
SUnreclaim:        74004 kB
KernelStack:       35792 kB
PageTables:        35568 kB
NFS_Unstable:          0 kB
Bounce:                0 kB
WritebackTmp:          0 kB
CommitLimit:     1815632 kB
Committed_AS:   95467868 kB
VmallocTotal:   251658176 kB
VmallocUsed:      109472 kB
VmallocChunk:   251440036 kB
Time pass: 208 sec

---2015-10-26 12:50:36
MemTotal:        2582696 kB
MemFree:          165040 kB
Buffers:           22216 kB
Cached:           714668 kB
SwapCached:          860 kB
Active:          1029740 kB
Inactive:         553224 kB
Active(anon):     662848 kB
Inactive(anon):   187804 kB
Active(file):     366892 kB
Inactive(file):   365420 kB
Unevictable:        3920 kB
Mlocked:               0 kB
SwapTotal:        524284 kB
SwapFree:         476304 kB
Dirty:               692 kB
Writeback:             0 kB
AnonPages:        849280 kB
Mapped:           257388 kB
Shmem:               648 kB
Slab:             107492 kB
SReclaimable:      33488 kB
SUnreclaim:        74004 kB
KernelStack:       35808 kB
PageTables:        35568 kB
NFS_Unstable:          0 kB
Bounce:                0 kB
WritebackTmp:          0 kB
CommitLimit:     1815632 kB
Committed_AS:   95467940 kB
VmallocTotal:   251658176 kB
VmallocUsed:      109472 kB
VmallocChunk:   251440036 kB
Time pass: 211 sec

---2015-10-26 12:50:36
MemTotal:        2582696 kB
MemFree:          155784 kB
Buffers:           22216 kB
Cached:           714684 kB
SwapCached:          860 kB
Active:          1021664 kB
Inactive:         553244 kB
Active(anon):     654776 kB
Inactive(anon):   187804 kB
Active(file):     366888 kB
Inactive(file):   365440 kB
Unevictable:        3920 kB
Mlocked:               0 kB
SwapTotal:        524284 kB
SwapFree:         476304 kB
Dirty:               564 kB
Writeback:             0 kB
AnonPages:        841348 kB
Mapped:           268108 kB
Shmem:               648 kB
Slab:             107572 kB
SReclaimable:      33488 kB
SUnreclaim:        74084 kB
KernelStack:       35808 kB
PageTables:        35608 kB
NFS_Unstable:          0 kB
Bounce:                0 kB
WritebackTmp:          0 kB
CommitLimit:     1815632 kB
Committed_AS:   95468236 kB
VmallocTotal:   251658176 kB
VmallocUsed:      109620 kB
VmallocChunk:   251440036 kB
Time pass: 215 sec

---2015-10-26 12:50:36
MemTotal:        2582696 kB
MemFree:          148440 kB
Buffers:           22216 kB
Cached:           714828 kB
SwapCached:          860 kB
Active:          1031752 kB
Inactive:         553380 kB
Active(anon):     664860 kB
Inactive(anon):   187936 kB
Active(file):     366892 kB
Inactive(file):   365444 kB
Unevictable:        3920 kB
Mlocked:               0 kB
SwapTotal:        524284 kB
SwapFree:         476304 kB
Dirty:               576 kB
Writeback:             0 kB
AnonPages:        851472 kB
Mapped:           271464 kB
Shmem:               788 kB
Slab:             107644 kB
SReclaimable:      33488 kB
SUnreclaim:        74156 kB
KernelStack:       36208 kB
PageTables:        35776 kB
NFS_Unstable:          0 kB
Bounce:                0 kB
WritebackTmp:          0 kB
CommitLimit:     1815632 kB
Committed_AS:   95499892 kB
VmallocTotal:   251658176 kB
VmallocUsed:      112152 kB
VmallocChunk:   251440036 kB
Time pass: 219 sec

---2015-10-26 12:50:36
MemTotal:        2582696 kB
MemFree:          144224 kB
Buffers:           22216 kB
Cached:           714892 kB
SwapCached:          860 kB
Active:          1035944 kB
Inactive:         553440 kB
Active(anon):     669056 kB
Inactive(anon):   187980 kB
Active(file):     366888 kB
Inactive(file):   365460 kB
Unevictable:        3920 kB
Mlocked:               0 kB
SwapTotal:        524284 kB
SwapFree:         476304 kB
Dirty:               640 kB
Writeback:             0 kB
AnonPages:        855744 kB
Mapped:           271968 kB
Shmem:               840 kB
Slab:             107676 kB
SReclaimable:      33520 kB
SUnreclaim:        74156 kB
KernelStack:       36224 kB
PageTables:        35836 kB
NFS_Unstable:          0 kB
Bounce:                0 kB
WritebackTmp:          0 kB
CommitLimit:     1815632 kB
Committed_AS:   95500004 kB
VmallocTotal:   251658176 kB
VmallocUsed:      112152 kB
VmallocChunk:   251440036 kB
Time pass: 225 sec

---2015-10-26 12:50:36
MemTotal:        2582696 kB
MemFree:          140792 kB
Buffers:           22216 kB
Cached:           714908 kB
SwapCached:          860 kB
Active:          1038780 kB
Inactive:         553464 kB
Active(anon):     671888 kB
Inactive(anon):   187992 kB
Active(file):     366892 kB
Inactive(file):   365472 kB
Unevictable:        3920 kB
Mlocked:               0 kB
SwapTotal:        524284 kB
SwapFree:         476304 kB
Dirty:               632 kB
Writeback:             0 kB
AnonPages:        858344 kB
Mapped:           271888 kB
Shmem:               840 kB
Slab:             107676 kB
SReclaimable:      33520 kB
SUnreclaim:        74156 kB
KernelStack:       36176 kB
PageTables:        35812 kB
NFS_Unstable:          0 kB
Bounce:                0 kB
WritebackTmp:          0 kB
CommitLimit:     1815632 kB
Committed_AS:   95499892 kB
VmallocTotal:   251658176 kB
VmallocUsed:      112152 kB
VmallocChunk:   251440036 kB
Time pass: 231 sec

---2015-10-26 12:50:36
MemTotal:        2582696 kB
MemFree:          139016 kB
Buffers:           22216 kB
Cached:           714916 kB
SwapCached:          860 kB
Active:          1040948 kB
Inactive:         553468 kB
Active(anon):     674052 kB
Inactive(anon):   188000 kB
Active(file):     366896 kB
Inactive(file):   365468 kB
Unevictable:        3920 kB
Mlocked:               0 kB
SwapTotal:        524284 kB
SwapFree:         476304 kB
Dirty:               604 kB
Writeback:             0 kB
AnonPages:        860628 kB
Mapped:           272424 kB
Shmem:               848 kB
Slab:             107676 kB
SReclaimable:      33520 kB
SUnreclaim:        74156 kB
KernelStack:       36224 kB
PageTables:        35840 kB
NFS_Unstable:          0 kB
Bounce:                0 kB
WritebackTmp:          0 kB
CommitLimit:     1815632 kB
Committed_AS:   95499744 kB
VmallocTotal:   251658176 kB
VmallocUsed:      112152 kB
VmallocChunk:   251440036 kB
Time pass: 237 sec

---2015-10-26 12:50:36
MemTotal:        2582696 kB
MemFree:          137212 kB
Buffers:           22216 kB
Cached:           714916 kB
SwapCached:          860 kB
Active:          1042748 kB
Inactive:         553460 kB
Active(anon):     675844 kB
Inactive(anon):   188000 kB
Active(file):     366904 kB
Inactive(file):   365460 kB
Unevictable:        3920 kB
Mlocked:               0 kB
SwapTotal:        524284 kB
SwapFree:         476304 kB
Dirty:               592 kB
Writeback:             0 kB
AnonPages:        862496 kB
Mapped:           272364 kB
Shmem:               848 kB
Slab:             107708 kB
SReclaimable:      33552 kB
SUnreclaim:        74156 kB
KernelStack:       36176 kB
PageTables:        35840 kB
NFS_Unstable:          0 kB
Bounce:                0 kB
WritebackTmp:          0 kB
CommitLimit:     1815632 kB
Committed_AS:   95504088 kB
VmallocTotal:   251658176 kB
VmallocUsed:      112152 kB
VmallocChunk:   251440036 kB
Time pass: 242 sec

---2015-10-26 12:50:36
MemTotal:        2582696 kB
MemFree:          135036 kB
Buffers:           22216 kB
Cached:           714920 kB
SwapCached:          860 kB
Active:          1044632 kB
Inactive:         553464 kB
Active(anon):     677728 kB
Inactive(anon):   188004 kB
Active(file):     366904 kB
Inactive(file):   365460 kB
Unevictable:        3920 kB
Mlocked:               0 kB
SwapTotal:        524284 kB
SwapFree:         476304 kB
Dirty:               592 kB
Writeback:             0 kB
AnonPages:        864304 kB
Mapped:           272520 kB
Shmem:               852 kB
Slab:             107744 kB
SReclaimable:      33568 kB
SUnreclaim:        74176 kB
KernelStack:       36304 kB
PageTables:        35820 kB
NFS_Unstable:          0 kB
Bounce:                0 kB
WritebackTmp:          0 kB
CommitLimit:     1815632 kB
Committed_AS:   95503900 kB
VmallocTotal:   251658176 kB
VmallocUsed:      112152 kB
VmallocChunk:   251440036 kB
Time pass: 246 sec

---2015-10-26 12:50:36
MemTotal:        2582696 kB
MemFree:          133008 kB
Buffers:           22216 kB
Cached:           714924 kB
SwapCached:          860 kB
Active:          1046264 kB
Inactive:         553484 kB
Active(anon):     679376 kB
Inactive(anon):   188008 kB
Active(file):     366888 kB
Inactive(file):   365476 kB
Unevictable:        3920 kB
Mlocked:               0 kB
SwapTotal:        524284 kB
SwapFree:         476304 kB
Dirty:               632 kB
Writeback:             0 kB
AnonPages:        865964 kB
Mapped:           272472 kB
Shmem:               856 kB
Slab:             107736 kB
SReclaimable:      33584 kB
SUnreclaim:        74152 kB
KernelStack:       36144 kB
PageTables:        35848 kB
NFS_Unstable:          0 kB
Bounce:                0 kB
WritebackTmp:          0 kB
CommitLimit:     1815632 kB
Committed_AS:   95503964 kB
VmallocTotal:   251658176 kB
VmallocUsed:      112152 kB
VmallocChunk:   251440036 kB
Time pass: 251 sec

---2015-10-26 12:50:36
MemTotal:        2582696 kB
MemFree:          132264 kB
Buffers:           22216 kB
Cached:           714936 kB
SwapCached:          860 kB
Active:          1047720 kB
Inactive:         553492 kB
Active(anon):     680828 kB
Inactive(anon):   188008 kB
Active(file):     366892 kB
Inactive(file):   365484 kB
Unevictable:        3920 kB
Mlocked:               0 kB
SwapTotal:        524284 kB
SwapFree:         476304 kB
Dirty:               648 kB
Writeback:             0 kB
AnonPages:        867440 kB
Mapped:           272400 kB
Shmem:               856 kB
Slab:             107752 kB
SReclaimable:      33600 kB
SUnreclaim:        74152 kB
KernelStack:       36176 kB
PageTables:        35844 kB
NFS_Unstable:          0 kB
Bounce:                0 kB
WritebackTmp:          0 kB
CommitLimit:     1815632 kB
Committed_AS:   95503836 kB
VmallocTotal:   251658176 kB
VmallocUsed:      112152 kB
VmallocChunk:   251440036 kB
Time pass: 255 sec

---2015-10-26 12:50:36
MemTotal:        2582696 kB
MemFree:          128700 kB
Buffers:           22216 kB
Cached:           714936 kB
SwapCached:          860 kB
Active:          1050608 kB
Inactive:         553484 kB
Active(anon):     683708 kB
Inactive(anon):   188008 kB
Active(file):     366900 kB
Inactive(file):   365476 kB
Unevictable:        3920 kB
Mlocked:               0 kB
SwapTotal:        524284 kB
SwapFree:         476304 kB
Dirty:               624 kB
Writeback:             0 kB
AnonPages:        870176 kB
Mapped:           272316 kB
Shmem:               856 kB
Slab:             107752 kB
SReclaimable:      33600 kB
SUnreclaim:        74152 kB
KernelStack:       36400 kB
PageTables:        35832 kB
NFS_Unstable:          0 kB
Bounce:                0 kB
WritebackTmp:          0 kB
CommitLimit:     1815632 kB
Committed_AS:   95503868 kB
VmallocTotal:   251658176 kB
VmallocUsed:      112152 kB
VmallocChunk:   251440036 kB
Time pass: 261 sec

---2015-10-26 12:50:36
MemTotal:        2582696 kB
MemFree:          127708 kB
Buffers:           22216 kB
Cached:           714940 kB
SwapCached:          860 kB
Active:          1052084 kB
Inactive:         553484 kB
Active(anon):     685180 kB
Inactive(anon):   188008 kB
Active(file):     366904 kB
Inactive(file):   365476 kB
Unevictable:        3920 kB
Mlocked:               0 kB
SwapTotal:        524284 kB
SwapFree:         476304 kB
Dirty:               636 kB
Writeback:             0 kB
AnonPages:        871560 kB
Mapped:           272408 kB
Shmem:               856 kB
Slab:             107748 kB
SReclaimable:      33600 kB
SUnreclaim:        74148 kB
KernelStack:       36272 kB
PageTables:        35852 kB
NFS_Unstable:          0 kB
Bounce:                0 kB
WritebackTmp:          0 kB
CommitLimit:     1815632 kB
Committed_AS:   95503948 kB
VmallocTotal:   251658176 kB
VmallocUsed:      112152 kB
VmallocChunk:   251440036 kB
Time pass: 266 sec

---2015-10-26 12:50:36
MemTotal:        2582696 kB
MemFree:          126364 kB
Buffers:           22216 kB
Cached:           714944 kB
SwapCached:          860 kB
Active:          1052728 kB
Inactive:         553492 kB
Active(anon):     685828 kB
Inactive(anon):   188000 kB
Active(file):     366900 kB
Inactive(file):   365492 kB
Unevictable:        3920 kB
Mlocked:               0 kB
SwapTotal:        524284 kB
SwapFree:         476304 kB
Dirty:               644 kB
Writeback:             0 kB
AnonPages:        872396 kB
Mapped:           272728 kB
Shmem:               848 kB
Slab:             107748 kB
SReclaimable:      33600 kB
SUnreclaim:        74148 kB
KernelStack:       36256 kB
PageTables:        35844 kB
NFS_Unstable:          0 kB
Bounce:                0 kB
WritebackTmp:          0 kB
CommitLimit:     1815632 kB
Committed_AS:   95502532 kB
VmallocTotal:   251658176 kB
VmallocUsed:      112152 kB
VmallocChunk:   251440036 kB
Time pass: 271 sec

---2015-10-26 12:50:36
MemTotal:        2582696 kB
MemFree:          128660 kB
Buffers:           22216 kB
Cached:           714944 kB
SwapCached:          860 kB
Active:          1050128 kB
Inactive:         553492 kB
Active(anon):     683228 kB
Inactive(anon):   188000 kB
Active(file):     366900 kB
Inactive(file):   365492 kB
Unevictable:        3920 kB
Mlocked:               0 kB
SwapTotal:        524284 kB
SwapFree:         476304 kB
Dirty:               644 kB
Writeback:             0 kB
AnonPages:        870024 kB
Mapped:           272448 kB
Shmem:               848 kB
Slab:             107748 kB
SReclaimable:      33600 kB
SUnreclaim:        74148 kB
KernelStack:       36192 kB
PageTables:        35868 kB
NFS_Unstable:          0 kB
Bounce:                0 kB
WritebackTmp:          0 kB
CommitLimit:     1815632 kB
Committed_AS:   95506692 kB
VmallocTotal:   251658176 kB
VmallocUsed:      112152 kB
VmallocChunk:   251440036 kB
Time pass: 274 sec

---2015-10-26 12:50:36
MemTotal:        2582696 kB
MemFree:          139896 kB
Buffers:           22216 kB
Cached:           714960 kB
SwapCached:          860 kB
Active:          1039876 kB
Inactive:         553508 kB
Active(anon):     672976 kB
Inactive(anon):   188000 kB
Active(file):     366900 kB
Inactive(file):   365508 kB
Unevictable:        3920 kB
Mlocked:               0 kB
SwapTotal:        524284 kB
SwapFree:         476304 kB
Dirty:               648 kB
Writeback:             0 kB
AnonPages:        859572 kB
Mapped:           272824 kB
Shmem:               848 kB
Slab:             107748 kB
SReclaimable:      33600 kB
SUnreclaim:        74148 kB
KernelStack:       36176 kB
PageTables:        35896 kB
NFS_Unstable:          0 kB
Bounce:                0 kB
WritebackTmp:          0 kB
CommitLimit:     1815632 kB
Committed_AS:   95506740 kB
VmallocTotal:   251658176 kB
VmallocUsed:      112152 kB
VmallocChunk:   251440036 kB
Time pass: 278 sec

---2015-10-26 12:50:36
MemTotal:        2582696 kB
MemFree:          141024 kB
Buffers:           22216 kB
Cached:           714960 kB
SwapCached:          860 kB
Active:          1038756 kB
Inactive:         553500 kB
Active(anon):     671848 kB
Inactive(anon):   188000 kB
Active(file):     366908 kB
Inactive(file):   365500 kB
Unevictable:        3920 kB
Mlocked:               0 kB
SwapTotal:        524284 kB
SwapFree:         476304 kB
Dirty:               624 kB
Writeback:             0 kB
AnonPages:        858436 kB
Mapped:           272740 kB
Shmem:               848 kB
Slab:             107764 kB
SReclaimable:      33616 kB
SUnreclaim:        74148 kB
KernelStack:       36096 kB
PageTables:        35884 kB
NFS_Unstable:          0 kB
Bounce:                0 kB
WritebackTmp:          0 kB
CommitLimit:     1815632 kB
Committed_AS:   95506532 kB
VmallocTotal:   251658176 kB
VmallocUsed:      112152 kB
VmallocChunk:   251440036 kB
Time pass: 282 sec

---2015-10-26 12:50:36
MemTotal:        2582696 kB
MemFree:          140496 kB
Buffers:           22216 kB
Cached:           714960 kB
SwapCached:          860 kB
Active:          1039380 kB
Inactive:         553500 kB
Active(anon):     672472 kB
Inactive(anon):   188000 kB
Active(file):     366908 kB
Inactive(file):   365500 kB
Unevictable:        3920 kB
Mlocked:               0 kB
SwapTotal:        524284 kB
SwapFree:         476304 kB
Dirty:               636 kB
Writeback:             0 kB
AnonPages:        858956 kB
Mapped:           272756 kB
Shmem:               848 kB
Slab:             107796 kB
SReclaimable:      33632 kB
SUnreclaim:        74164 kB
KernelStack:       36176 kB
PageTables:        35860 kB
NFS_Unstable:          0 kB
Bounce:                0 kB
WritebackTmp:          0 kB
CommitLimit:     1815632 kB
Committed_AS:   95506676 kB
VmallocTotal:   251658176 kB
VmallocUsed:      112152 kB
VmallocChunk:   251440036 kB
Time pass: 286 sec

---2015-10-26 12:50:36
MemTotal:        2582696 kB
MemFree:          139660 kB
Buffers:           22216 kB
Cached:           714960 kB
SwapCached:          860 kB
Active:          1040224 kB
Inactive:         553512 kB
Active(anon):     673328 kB
Inactive(anon):   188000 kB
Active(file):     366896 kB
Inactive(file):   365512 kB
Unevictable:        3920 kB
Mlocked:               0 kB
SwapTotal:        524284 kB
SwapFree:         476304 kB
Dirty:               668 kB
Writeback:             0 kB
AnonPages:        859872 kB
Mapped:           272768 kB
Shmem:               848 kB
Slab:             107780 kB
SReclaimable:      33632 kB
SUnreclaim:        74148 kB
KernelStack:       36176 kB
PageTables:        35872 kB
NFS_Unstable:          0 kB
Bounce:                0 kB
WritebackTmp:          0 kB
CommitLimit:     1815632 kB
Committed_AS:   95506696 kB
VmallocTotal:   251658176 kB
VmallocUsed:      112152 kB
VmallocChunk:   251440036 kB
Time pass: 290 sec

---2015-10-26 12:50:36
MemTotal:        2582696 kB
MemFree:          138984 kB
Buffers:           22216 kB
Cached:           714960 kB
SwapCached:          860 kB
Active:          1041400 kB
Inactive:         553512 kB
Active(anon):     674504 kB
Inactive(anon):   188000 kB
Active(file):     366896 kB
Inactive(file):   365512 kB
Unevictable:        3920 kB
Mlocked:               0 kB
SwapTotal:        524284 kB
SwapFree:         476304 kB
Dirty:               668 kB
Writeback:             0 kB
AnonPages:        861084 kB
Mapped:           272776 kB
Shmem:               848 kB
Slab:             107780 kB
SReclaimable:      33632 kB
SUnreclaim:        74148 kB
KernelStack:       36176 kB
PageTables:        35872 kB
NFS_Unstable:          0 kB
Bounce:                0 kB
WritebackTmp:          0 kB
CommitLimit:     1815632 kB
Committed_AS:   95506532 kB
VmallocTotal:   251658176 kB
VmallocUsed:      112152 kB
VmallocChunk:   251440036 kB
Time pass: 294 sec

---2015-10-26 12:50:36
MemTotal:        2582696 kB
MemFree:          137224 kB
Buffers:           22216 kB
Cached:           715024 kB
SwapCached:          860 kB
Active:          1042480 kB
Inactive:         553576 kB
Active(anon):     675584 kB
Inactive(anon):   188064 kB
Active(file):     366896 kB
Inactive(file):   365512 kB
Unevictable:        3920 kB
Mlocked:               0 kB
SwapTotal:        524284 kB
SwapFree:         476304 kB
Dirty:               668 kB
Writeback:             0 kB
AnonPages:        862136 kB
Mapped:           272852 kB
Shmem:               912 kB
Slab:             107788 kB
SReclaimable:      33632 kB
SUnreclaim:        74156 kB
KernelStack:       36176 kB
PageTables:        35872 kB
NFS_Unstable:          0 kB
Bounce:                0 kB
WritebackTmp:          0 kB
CommitLimit:     1815632 kB
Committed_AS:   95506732 kB
VmallocTotal:   251658176 kB
VmallocUsed:      112152 kB
VmallocChunk:   251440036 kB
Time pass: 298 sec

---2015-10-26 12:50:36
MemTotal:        2582696 kB
MemFree:          135936 kB
Buffers:           22216 kB
Cached:           715028 kB
SwapCached:          860 kB
Active:          1043640 kB
Inactive:         553576 kB
Active(anon):     676740 kB
Inactive(anon):   188068 kB
Active(file):     366900 kB
Inactive(file):   365508 kB
Unevictable:        3920 kB
Mlocked:               0 kB
SwapTotal:        524284 kB
SwapFree:         476304 kB
Dirty:               648 kB
Writeback:             0 kB
AnonPages:        863144 kB
Mapped:           272620 kB
Shmem:               916 kB
Slab:             107780 kB
SReclaimable:      33632 kB
SUnreclaim:        74148 kB
KernelStack:       36288 kB
PageTables:        35784 kB
NFS_Unstable:          0 kB
Bounce:                0 kB
WritebackTmp:          0 kB
CommitLimit:     1815632 kB
Committed_AS:   95506632 kB
VmallocTotal:   251658176 kB
VmallocUsed:      112152 kB
VmallocChunk:   251440036 kB
Time pass: 301 sec

---2015-10-26 12:50:36
MemTotal:        2582696 kB
MemFree:          133332 kB
Buffers:           22216 kB
Cached:           715036 kB
SwapCached:          860 kB
Active:          1045952 kB
Inactive:         553588 kB
Active(anon):     679056 kB
Inactive(anon):   188068 kB
Active(file):     366896 kB
Inactive(file):   365520 kB
Unevictable:        3920 kB
Mlocked:               0 kB
SwapTotal:        524284 kB
SwapFree:         476304 kB
Dirty:               676 kB
Writeback:             0 kB
AnonPages:        865680 kB
Mapped:           276040 kB
Shmem:               916 kB
Slab:             107780 kB
SReclaimable:      33632 kB
SUnreclaim:        74148 kB
KernelStack:       36224 kB
PageTables:        36120 kB
NFS_Unstable:          0 kB
Bounce:                0 kB
WritebackTmp:          0 kB
CommitLimit:     1815632 kB
Committed_AS:   96746652 kB
VmallocTotal:   251658176 kB
VmallocUsed:      113172 kB
VmallocChunk:   251440036 kB
Time pass: 305 sec

---2015-10-26 12:50:36
MemTotal:        2582696 kB
MemFree:          133608 kB
Buffers:           22216 kB
Cached:           715048 kB
SwapCached:          860 kB
Active:          1045428 kB
Inactive:         553600 kB
Active(anon):     678532 kB
Inactive(anon):   188068 kB
Active(file):     366896 kB
Inactive(file):   365532 kB
Unevictable:        3920 kB
Mlocked:               0 kB
SwapTotal:        524284 kB
SwapFree:         476304 kB
Dirty:               712 kB
Writeback:             0 kB
AnonPages:        865132 kB
Mapped:           272892 kB
Shmem:               916 kB
Slab:             107788 kB
SReclaimable:      33632 kB
SUnreclaim:        74156 kB
KernelStack:       36256 kB
PageTables:        35872 kB
NFS_Unstable:          0 kB
Bounce:                0 kB
WritebackTmp:          0 kB
CommitLimit:     1815632 kB
Committed_AS:   95506756 kB
VmallocTotal:   251658176 kB
VmallocUsed:      112152 kB
VmallocChunk:   251440036 kB
Time pass: 310 sec

---2015-10-26 12:50:36
MemTotal:        2582696 kB
MemFree:          132948 kB
Buffers:           22216 kB
Cached:           715052 kB
SwapCached:          860 kB
Active:          1045704 kB
Inactive:         553604 kB
Active(anon):     678808 kB
Inactive(anon):   188072 kB
Active(file):     366896 kB
Inactive(file):   365532 kB
Unevictable:        3920 kB
Mlocked:               0 kB
SwapTotal:        524284 kB
SwapFree:         476304 kB
Dirty:               688 kB
Writeback:             0 kB
AnonPages:        865368 kB
Mapped:           272848 kB
Shmem:               920 kB
Slab:             107788 kB
SReclaimable:      33632 kB
SUnreclaim:        74156 kB
KernelStack:       36192 kB
PageTables:        35884 kB
NFS_Unstable:          0 kB
Bounce:                0 kB
WritebackTmp:          0 kB
CommitLimit:     1815632 kB
Committed_AS:   95510980 kB
VmallocTotal:   251658176 kB
VmallocUsed:      112152 kB
VmallocChunk:   251440036 kB
Time pass: 314 sec

---2015-10-26 12:50:36
MemTotal:        2582696 kB
MemFree:          138968 kB
Buffers:           22216 kB
Cached:           715052 kB
SwapCached:          860 kB
Active:          1039980 kB
Inactive:         553592 kB
Active(anon):     673072 kB
Inactive(anon):   188072 kB
Active(file):     366908 kB
Inactive(file):   365520 kB
Unevictable:        3920 kB
Mlocked:               0 kB
SwapTotal:        524284 kB
SwapFree:         476304 kB
Dirty:               668 kB
Writeback:             0 kB
AnonPages:        859636 kB
Mapped:           272952 kB
Shmem:               920 kB
Slab:             107788 kB
SReclaimable:      33632 kB
SUnreclaim:        74156 kB
KernelStack:       36336 kB
PageTables:        35880 kB
NFS_Unstable:          0 kB
Bounce:                0 kB
WritebackTmp:          0 kB
CommitLimit:     1815632 kB
Committed_AS:   95510156 kB
VmallocTotal:   251658176 kB
VmallocUsed:      112152 kB
VmallocChunk:   251440036 kB
Time pass: 323 sec

---2015-10-26 12:50:36
MemTotal:        2582696 kB
MemFree:          139160 kB
Buffers:           22216 kB
Cached:           715052 kB
SwapCached:          860 kB
Active:          1039912 kB
Inactive:         553600 kB
Active(anon):     673012 kB
Inactive(anon):   188072 kB
Active(file):     366900 kB
Inactive(file):   365528 kB
Unevictable:        3920 kB
Mlocked:               0 kB
SwapTotal:        524284 kB
SwapFree:         476304 kB
Dirty:               668 kB
Writeback:             0 kB
AnonPages:        859588 kB
Mapped:           272916 kB
Shmem:               920 kB
Slab:             107820 kB
SReclaimable:      33664 kB
SUnreclaim:        74156 kB
KernelStack:       36144 kB
PageTables:        35884 kB
NFS_Unstable:          0 kB
Bounce:                0 kB
WritebackTmp:          0 kB
CommitLimit:     1815632 kB
Committed_AS:   95510268 kB
VmallocTotal:   251658176 kB
VmallocUsed:      112152 kB
VmallocChunk:   251440036 kB
Time pass: 326 sec

---2015-10-26 12:50:36
MemTotal:        2582696 kB
MemFree:          138192 kB
Buffers:           22216 kB
Cached:           715056 kB
SwapCached:          860 kB
Active:          1040968 kB
Inactive:         553608 kB
Active(anon):     674072 kB
Inactive(anon):   188072 kB
Active(file):     366896 kB
Inactive(file):   365536 kB
Unevictable:        3920 kB
Mlocked:               0 kB
SwapTotal:        524284 kB
SwapFree:         476304 kB
Dirty:               732 kB
Writeback:             0 kB
AnonPages:        860648 kB
Mapped:           273048 kB
Shmem:               920 kB
Slab:             107820 kB
SReclaimable:      33664 kB
SUnreclaim:        74156 kB
KernelStack:       36240 kB
PageTables:        35856 kB
NFS_Unstable:          0 kB
Bounce:                0 kB
WritebackTmp:          0 kB
CommitLimit:     1815632 kB
Committed_AS:   95510420 kB
VmallocTotal:   251658176 kB
VmallocUsed:      112152 kB
VmallocChunk:   251440036 kB
Time pass: 330 sec

---2015-10-26 12:50:36
MemTotal:        2582696 kB
MemFree:          137172 kB
Buffers:           22216 kB
Cached:           715056 kB
SwapCached:          860 kB
Active:          1041736 kB
Inactive:         553600 kB
Active(anon):     674832 kB
Inactive(anon):   188072 kB
Active(file):     366904 kB
Inactive(file):   365528 kB
Unevictable:        3920 kB
Mlocked:               0 kB
SwapTotal:        524284 kB
SwapFree:         476304 kB
Dirty:               700 kB
Writeback:             0 kB
AnonPages:        861416 kB
Mapped:           273068 kB
Shmem:               920 kB
Slab:             107820 kB
SReclaimable:      33664 kB
SUnreclaim:        74156 kB
KernelStack:       36240 kB
PageTables:        35852 kB
NFS_Unstable:          0 kB
Bounce:                0 kB
WritebackTmp:          0 kB
CommitLimit:     1815632 kB
Committed_AS:   95510364 kB
VmallocTotal:   251658176 kB
VmallocUsed:      112152 kB
VmallocChunk:   251440036 kB
Time pass: 334 sec

---2015-10-26 12:50:36
MemTotal:        2582696 kB
MemFree:          136668 kB
Buffers:           22216 kB
Cached:           715056 kB
SwapCached:          860 kB
Active:          1042664 kB
Inactive:         553600 kB
Active(anon):     675760 kB
Inactive(anon):   188072 kB
Active(file):     366904 kB
Inactive(file):   365528 kB
Unevictable:        3920 kB
Mlocked:               0 kB
SwapTotal:        524284 kB
SwapFree:         476304 kB
Dirty:               676 kB
Writeback:             0 kB
AnonPages:        862144 kB
Mapped:           272896 kB
Shmem:               920 kB
Slab:             107820 kB
SReclaimable:      33664 kB
SUnreclaim:        74156 kB
KernelStack:       36160 kB
PageTables:        35876 kB
NFS_Unstable:          0 kB
Bounce:                0 kB
WritebackTmp:          0 kB
CommitLimit:     1815632 kB
Committed_AS:   95510172 kB
VmallocTotal:   251658176 kB
VmallocUsed:      112152 kB
VmallocChunk:   251440036 kB
Time pass: 338 sec

---2015-10-26 12:50:36
MemTotal:        2582696 kB
MemFree:          135864 kB
Buffers:           22216 kB
Cached:           715056 kB
SwapCached:          860 kB
Active:          1043544 kB
Inactive:         553600 kB
Active(anon):     676640 kB
Inactive(anon):   188072 kB
Active(file):     366904 kB
Inactive(file):   365528 kB
Unevictable:        3920 kB
Mlocked:               0 kB
SwapTotal:        524284 kB
SwapFree:         476304 kB
Dirty:               676 kB
Writeback:             0 kB
AnonPages:        863128 kB
Mapped:           272908 kB
Shmem:               920 kB
Slab:             107820 kB
SReclaimable:      33664 kB
SUnreclaim:        74156 kB
KernelStack:       36544 kB
PageTables:        35856 kB
NFS_Unstable:          0 kB
Bounce:                0 kB
WritebackTmp:          0 kB
CommitLimit:     1815632 kB
Committed_AS:   95518612 kB
VmallocTotal:   251658176 kB
VmallocUsed:      113172 kB
VmallocChunk:   251440036 kB
Time pass: 342 sec

---2015-10-26 12:50:36
MemTotal:        2582696 kB
MemFree:          131072 kB
Buffers:           22216 kB
Cached:           715056 kB
SwapCached:          860 kB
Active:          1048444 kB
Inactive:         553604 kB
Active(anon):     681544 kB
Inactive(anon):   188072 kB
Active(file):     366900 kB
Inactive(file):   365532 kB
Unevictable:        3920 kB
Mlocked:               0 kB
SwapTotal:        524284 kB
SwapFree:         476304 kB
Dirty:               668 kB
Writeback:             0 kB
AnonPages:        868180 kB
Mapped:           277244 kB
Shmem:               920 kB
Slab:             107820 kB
SReclaimable:      33664 kB
SUnreclaim:        74156 kB
KernelStack:       36192 kB
PageTables:        36136 kB
NFS_Unstable:          0 kB
Bounce:                0 kB
WritebackTmp:          0 kB
CommitLimit:     1815632 kB
Committed_AS:   96752308 kB
VmallocTotal:   251658176 kB
VmallocUsed:      113172 kB
VmallocChunk:   251440036 kB
Time pass: 346 sec

---2015-10-26 12:50:36
MemTotal:        2582696 kB
MemFree:          133756 kB
Buffers:           22216 kB
Cached:           715060 kB
SwapCached:          860 kB
Active:          1045292 kB
Inactive:         553612 kB
Active(anon):     678396 kB
Inactive(anon):   188072 kB
Active(file):     366896 kB
Inactive(file):   365540 kB
Unevictable:        3920 kB
Mlocked:               0 kB
SwapTotal:        524284 kB
SwapFree:         476304 kB
Dirty:               692 kB
Writeback:             0 kB
AnonPages:        865020 kB
Mapped:           272988 kB
Shmem:               920 kB
Slab:             107852 kB
SReclaimable:      33680 kB
SUnreclaim:        74172 kB
KernelStack:       36192 kB
PageTables:        35884 kB
NFS_Unstable:          0 kB
Bounce:                0 kB
WritebackTmp:          0 kB
CommitLimit:     1815632 kB
Committed_AS:   95510324 kB
VmallocTotal:   251658176 kB
VmallocUsed:      112152 kB
VmallocChunk:   251440036 kB
Time pass: 350 sec

---2015-10-26 12:50:36
MemTotal:        2582696 kB
MemFree:          133260 kB
Buffers:           22216 kB
Cached:           715072 kB
SwapCached:          860 kB
Active:          1046200 kB
Inactive:         553616 kB
Active(anon):     679296 kB
Inactive(anon):   188072 kB
Active(file):     366904 kB
Inactive(file):   365544 kB
Unevictable:        3920 kB
Mlocked:               0 kB
SwapTotal:        524284 kB
SwapFree:         476304 kB
Dirty:               708 kB
Writeback:             0 kB
AnonPages:        865800 kB
Mapped:           273108 kB
Shmem:               920 kB
Slab:             107860 kB
SReclaimable:      33696 kB
SUnreclaim:        74164 kB
KernelStack:       36272 kB
PageTables:        35884 kB
NFS_Unstable:          0 kB
Bounce:                0 kB
WritebackTmp:          0 kB
CommitLimit:     1815632 kB
Committed_AS:   95510292 kB
VmallocTotal:   251658176 kB
VmallocUsed:      112152 kB
VmallocChunk:   251440036 kB
Time pass: 354 sec

---2015-10-26 12:50:36
MemTotal:        2582696 kB
MemFree:          131848 kB
Buffers:           22216 kB
Cached:           715080 kB
SwapCached:          860 kB
Active:          1047164 kB
Inactive:         553632 kB
Active(anon):     680268 kB
Inactive(anon):   188072 kB
Active(file):     366896 kB
Inactive(file):   365560 kB
Unevictable:        3920 kB
Mlocked:               0 kB
SwapTotal:        524284 kB
SwapFree:         476304 kB
Dirty:               696 kB
Writeback:             0 kB
AnonPages:        866756 kB
Mapped:           273088 kB
Shmem:               920 kB
Slab:             107840 kB
SReclaimable:      33696 kB
SUnreclaim:        74144 kB
KernelStack:       36192 kB
PageTables:        35908 kB
NFS_Unstable:          0 kB
Bounce:                0 kB
WritebackTmp:          0 kB
CommitLimit:     1815632 kB
Committed_AS:   95510276 kB
VmallocTotal:   251658176 kB
VmallocUsed:      112152 kB
VmallocChunk:   251440036 kB
Time pass: 358 sec

---2015-10-26 12:50:36
MemTotal:        2582696 kB
MemFree:          131948 kB
Buffers:           22216 kB
Cached:           715080 kB
SwapCached:          860 kB
Active:          1048172 kB
Inactive:         553628 kB
Active(anon):     681272 kB
Inactive(anon):   188072 kB
Active(file):     366900 kB
Inactive(file):   365556 kB
Unevictable:        3920 kB
Mlocked:               0 kB
SwapTotal:        524284 kB
SwapFree:         476304 kB
Dirty:               688 kB
Writeback:             0 kB
AnonPages:        867792 kB
Mapped:           273072 kB
Shmem:               920 kB
Slab:             107824 kB
SReclaimable:      33696 kB
SUnreclaim:        74128 kB
KernelStack:       36240 kB
PageTables:        35860 kB
NFS_Unstable:          0 kB
Bounce:                0 kB
WritebackTmp:          0 kB
CommitLimit:     1815632 kB
Committed_AS:   95510212 kB
VmallocTotal:   251658176 kB
VmallocUsed:      112152 kB
VmallocChunk:   251440036 kB
Time pass: 362 sec

---2015-10-26 12:50:36
MemTotal:        2582696 kB
MemFree:          130764 kB
Buffers:           22216 kB
Cached:           715080 kB
SwapCached:          860 kB
Active:          1048860 kB
Inactive:         553628 kB
Active(anon):     681960 kB
Inactive(anon):   188072 kB
Active(file):     366900 kB
Inactive(file):   365556 kB
Unevictable:        3920 kB
Mlocked:               0 kB
SwapTotal:        524284 kB
SwapFree:         476304 kB
Dirty:               668 kB
Writeback:             0 kB
AnonPages:        868480 kB
Mapped:           273036 kB
Shmem:               920 kB
Slab:             107824 kB
SReclaimable:      33696 kB
SUnreclaim:        74128 kB
KernelStack:       36256 kB
PageTables:        35860 kB
NFS_Unstable:          0 kB
Bounce:                0 kB
WritebackTmp:          0 kB
CommitLimit:     1815632 kB
Committed_AS:   95510216 kB
VmallocTotal:   251658176 kB
VmallocUsed:      112152 kB
VmallocChunk:   251440036 kB
Time pass: 366 sec

---2015-10-26 12:50:36
MemTotal:        2582696 kB
MemFree:          128992 kB
Buffers:           22216 kB
Cached:           715080 kB
SwapCached:          860 kB
Active:          1050256 kB
Inactive:         553624 kB
Active(anon):     683352 kB
Inactive(anon):   188072 kB
Active(file):     366904 kB
Inactive(file):   365552 kB
Unevictable:        3920 kB
Mlocked:               0 kB
SwapTotal:        524284 kB
SwapFree:         476304 kB
Dirty:               676 kB
Writeback:             0 kB
AnonPages:        870184 kB
Mapped:           273104 kB
Shmem:               920 kB
Slab:             107824 kB
SReclaimable:      33696 kB
SUnreclaim:        74128 kB
KernelStack:       36304 kB
PageTables:        35852 kB
NFS_Unstable:          0 kB
Bounce:                0 kB
WritebackTmp:          0 kB
CommitLimit:     1815632 kB
Committed_AS:   95510236 kB
VmallocTotal:   251658176 kB
VmallocUsed:      112152 kB
VmallocChunk:   251440036 kB
Time pass: 370 sec

---2015-10-26 12:50:36
MemTotal:        2582696 kB
MemFree:          129488 kB
Buffers:           22216 kB
Cached:           715080 kB
SwapCached:          860 kB
Active:          1050112 kB
Inactive:         553632 kB
Active(anon):     683216 kB
Inactive(anon):   188072 kB
Active(file):     366896 kB
Inactive(file):   365560 kB
Unevictable:        3920 kB
Mlocked:               0 kB
SwapTotal:        524284 kB
SwapFree:         476304 kB
Dirty:               688 kB
Writeback:             0 kB
AnonPages:        869744 kB
Mapped:           273144 kB
Shmem:               920 kB
Slab:             107824 kB
SReclaimable:      33696 kB
SUnreclaim:        74128 kB
KernelStack:       36224 kB
PageTables:        35860 kB
NFS_Unstable:          0 kB
Bounce:                0 kB
WritebackTmp:          0 kB
CommitLimit:     1815632 kB
Committed_AS:   95510228 kB
VmallocTotal:   251658176 kB
VmallocUsed:      112152 kB
VmallocChunk:   251440036 kB
Time pass: 375 sec

---2015-10-26 12:50:36
MemTotal:        2582696 kB
MemFree:          129916 kB
Buffers:           22216 kB
Cached:           715080 kB
SwapCached:          860 kB
Active:          1049784 kB
Inactive:         553632 kB
Active(anon):     682888 kB
Inactive(anon):   188072 kB
Active(file):     366896 kB
Inactive(file):   365560 kB
Unevictable:        3920 kB
Mlocked:               0 kB
SwapTotal:        524284 kB
SwapFree:         476304 kB
Dirty:               688 kB
Writeback:             0 kB
AnonPages:        869408 kB
Mapped:           272988 kB
Shmem:               920 kB
Slab:             107840 kB
SReclaimable:      33712 kB
SUnreclaim:        74128 kB
KernelStack:       36192 kB
PageTables:        35852 kB
NFS_Unstable:          0 kB
Bounce:                0 kB
WritebackTmp:          0 kB
CommitLimit:     1815632 kB
Committed_AS:   95510344 kB
VmallocTotal:   251658176 kB
VmallocUsed:      112152 kB
VmallocChunk:   251440036 kB
Time pass: 380 sec

---2015-10-26 12:50:36
MemTotal:        2582696 kB
MemFree:          127712 kB
Buffers:           22216 kB
Cached:           715080 kB
SwapCached:          860 kB
Active:          1050872 kB
Inactive:         553632 kB
Active(anon):     683976 kB
Inactive(anon):   188072 kB
Active(file):     366896 kB
Inactive(file):   365560 kB
Unevictable:        3920 kB
Mlocked:               0 kB
SwapTotal:        524284 kB
SwapFree:         476304 kB
Dirty:               688 kB
Writeback:             0 kB
AnonPages:        870516 kB
Mapped:           273080 kB
Shmem:               920 kB
Slab:             107840 kB
SReclaimable:      33712 kB
SUnreclaim:        74128 kB
KernelStack:       36208 kB
PageTables:        35884 kB
NFS_Unstable:          0 kB
Bounce:                0 kB
WritebackTmp:          0 kB
CommitLimit:     1815632 kB
Committed_AS:   95510260 kB
VmallocTotal:   251658176 kB
VmallocUsed:      112152 kB
VmallocChunk:   251440036 kB
Time pass: 385 sec

---2015-10-26 12:50:36
MemTotal:        2582696 kB
MemFree:          125896 kB
Buffers:           22216 kB
Cached:           715100 kB
SwapCached:          860 kB
Active:          1052220 kB
Inactive:         553644 kB
Active(anon):     685320 kB
Inactive(anon):   188072 kB
Active(file):     366900 kB
Inactive(file):   365572 kB
Unevictable:        3920 kB
Mlocked:               0 kB
SwapTotal:        524284 kB
SwapFree:         476304 kB
Dirty:               672 kB
Writeback:             0 kB
AnonPages:        871896 kB
Mapped:           273100 kB
Shmem:               920 kB
Slab:             107896 kB
SReclaimable:      33728 kB
SUnreclaim:        74168 kB
KernelStack:       36208 kB
PageTables:        35888 kB
NFS_Unstable:          0 kB
Bounce:                0 kB
WritebackTmp:          0 kB
CommitLimit:     1815632 kB
Committed_AS:   95510292 kB
VmallocTotal:   251658176 kB
VmallocUsed:      112152 kB
VmallocChunk:   251440036 kB
Time pass: 390 sec

---2015-10-26 12:50:36
MemTotal:        2582696 kB
MemFree:          119188 kB
Buffers:           22216 kB
Cached:           715160 kB
SwapCached:          860 kB
Active:          1058580 kB
Inactive:         553708 kB
Active(anon):     691680 kB
Inactive(anon):   188132 kB
Active(file):     366900 kB
Inactive(file):   365576 kB
Unevictable:        3920 kB
Mlocked:               0 kB
SwapTotal:        524284 kB
SwapFree:         476304 kB
Dirty:               668 kB
Writeback:             0 kB
AnonPages:        878484 kB
Mapped:           277340 kB
Shmem:               980 kB
Slab:             107872 kB
SReclaimable:      33744 kB
SUnreclaim:        74128 kB
KernelStack:       36416 kB
PageTables:        36176 kB
NFS_Unstable:          0 kB
Bounce:                0 kB
WritebackTmp:          0 kB
CommitLimit:     1815632 kB
Committed_AS:   96752300 kB
VmallocTotal:   251658176 kB
VmallocUsed:      113172 kB
VmallocChunk:   251440036 kB
Time pass: 398 sec

---2015-10-26 12:50:36
MemTotal:        2582696 kB
MemFree:          122456 kB
Buffers:           22216 kB
Cached:           715244 kB
SwapCached:          860 kB
Active:          1055004 kB
Inactive:         553796 kB
Active(anon):     688108 kB
Inactive(anon):   188132 kB
Active(file):     366896 kB
Inactive(file):   365664 kB
Unevictable:        3920 kB
Mlocked:               0 kB
SwapTotal:        524284 kB
SwapFree:         476304 kB
Dirty:               696 kB
Writeback:             0 kB
AnonPages:        874652 kB
Mapped:           273244 kB
Shmem:               980 kB
Slab:             107872 kB
SReclaimable:      33744 kB
SUnreclaim:        74128 kB
KernelStack:       36208 kB
PageTables:        35888 kB
NFS_Unstable:          0 kB
Bounce:                0 kB
WritebackTmp:          0 kB
CommitLimit:     1815632 kB
Committed_AS:   95510328 kB
VmallocTotal:   251658176 kB
VmallocUsed:      112164 kB
VmallocChunk:   251440036 kB
Time pass: 403 sec

---2015-10-26 12:50:36
MemTotal:        2582696 kB
MemFree:          135060 kB
Buffers:           22216 kB
Cached:           715244 kB
SwapCached:          860 kB
Active:          1042116 kB
Inactive:         553792 kB
Active(anon):     675216 kB
Inactive(anon):   188132 kB
Active(file):     366900 kB
Inactive(file):   365660 kB
Unevictable:        3920 kB
Mlocked:               0 kB
SwapTotal:        524284 kB
SwapFree:         476304 kB
Dirty:               672 kB
Writeback:             0 kB
AnonPages:        862056 kB
Mapped:           273180 kB
Shmem:               980 kB
Slab:             107872 kB
SReclaimable:      33744 kB
SUnreclaim:        74128 kB
KernelStack:       36256 kB
PageTables:        35836 kB
NFS_Unstable:          0 kB
Bounce:                0 kB
WritebackTmp:          0 kB
CommitLimit:     1815632 kB
Committed_AS:   95510228 kB
VmallocTotal:   251658176 kB
VmallocUsed:      112164 kB
VmallocChunk:   251440036 kB
Time pass: 407 sec

---2015-10-26 12:50:36
MemTotal:        2582696 kB
MemFree:          135068 kB
Buffers:           22216 kB
Cached:           715252 kB
SwapCached:          860 kB
Active:          1043056 kB
Inactive:         553800 kB
Active(anon):     676156 kB
Inactive(anon):   188132 kB
Active(file):     366900 kB
Inactive(file):   365668 kB
Unevictable:        3920 kB
Mlocked:               0 kB
SwapTotal:        524284 kB
SwapFree:         476304 kB
Dirty:               672 kB
Writeback:             0 kB
AnonPages:        862768 kB
Mapped:           273264 kB
Shmem:               980 kB
Slab:             107872 kB
SReclaimable:      33744 kB
SUnreclaim:        74128 kB
KernelStack:       36224 kB
PageTables:        35896 kB
NFS_Unstable:          0 kB
Bounce:                0 kB
WritebackTmp:          0 kB
CommitLimit:     1815632 kB
Committed_AS:   95510408 kB
VmallocTotal:   251658176 kB
VmallocUsed:      112164 kB
VmallocChunk:   251440036 kB
Time pass: 411 sec

---2015-10-26 12:50:36
MemTotal:        2582696 kB
MemFree:          134100 kB
Buffers:           22216 kB
Cached:           715876 kB
SwapCached:          860 kB
Active:          1043376 kB
Inactive:         554324 kB
Active(anon):     676468 kB
Inactive(anon):   188144 kB
Active(file):     366908 kB
Inactive(file):   366180 kB
Unevictable:        3920 kB
Mlocked:               0 kB
SwapTotal:        524284 kB
SwapFree:         476304 kB
Dirty:               852 kB
Writeback:             0 kB
AnonPages:        862688 kB
Mapped:           273200 kB
Shmem:               992 kB
Slab:             107872 kB
SReclaimable:      33744 kB
SUnreclaim:        74128 kB
KernelStack:       36272 kB
PageTables:        35884 kB
NFS_Unstable:          0 kB
Bounce:                0 kB
WritebackTmp:          0 kB
CommitLimit:     1815632 kB
Committed_AS:   95510468 kB
VmallocTotal:   251658176 kB
VmallocUsed:      112164 kB
VmallocChunk:   251440036 kB
Time pass: 415 sec

---2015-10-26 12:50:36
MemTotal:        2582696 kB
MemFree:          132128 kB
Buffers:           22216 kB
Cached:           717280 kB
SwapCached:          860 kB
Active:          1044024 kB
Inactive:         555504 kB
Active(anon):     676672 kB
Inactive(anon):   188144 kB
Active(file):     367352 kB
Inactive(file):   367360 kB
Unevictable:        3920 kB
Mlocked:               0 kB
SwapTotal:        524284 kB
SwapFree:         476304 kB
Dirty:              1788 kB
Writeback:             0 kB
AnonPages:        863228 kB
Mapped:           273092 kB
Shmem:               992 kB
Slab:             107872 kB
SReclaimable:      33744 kB
SUnreclaim:        74128 kB
KernelStack:       36544 kB
PageTables:        35860 kB
NFS_Unstable:          0 kB
Bounce:                0 kB
WritebackTmp:          0 kB
CommitLimit:     1815632 kB
Committed_AS:   95510316 kB
VmallocTotal:   251658176 kB
VmallocUsed:      112164 kB
VmallocChunk:   251440036 kB
Time pass: 419 sec

---2015-10-26 12:50:36
MemTotal:        2582696 kB
MemFree:          130808 kB
Buffers:           22216 kB
Cached:           714656 kB
SwapCached:          860 kB
Active:          1047144 kB
Inactive:         553552 kB
Active(anon):     680592 kB
Inactive(anon):   188152 kB
Active(file):     366552 kB
Inactive(file):   365400 kB
Unevictable:        3920 kB
Mlocked:               0 kB
SwapTotal:        524284 kB
SwapFree:         476304 kB
Dirty:               684 kB
Writeback:             0 kB
AnonPages:        864336 kB
Mapped:           273076 kB
Shmem:              1000 kB
Slab:             107872 kB
SReclaimable:      33744 kB
SUnreclaim:        74128 kB
KernelStack:       36480 kB
PageTables:        36064 kB
NFS_Unstable:          0 kB
Bounce:                0 kB
WritebackTmp:          0 kB
CommitLimit:     1815632 kB
Committed_AS:   96752392 kB
VmallocTotal:   251658176 kB
VmallocUsed:      113184 kB
VmallocChunk:   251440036 kB
Time pass: 423 sec

---2015-10-26 12:50:36
MemTotal:        2582696 kB
MemFree:          133224 kB
Buffers:           22216 kB
Cached:           714740 kB
SwapCached:          860 kB
Active:          1044640 kB
Inactive:         553632 kB
