---2015-11-17 01:33:16
MemTotal:        2582696 kB
MemFree:          114488 kB
Buffers:           18044 kB
Cached:          1208584 kB
SwapCached:            0 kB
Active:          1044960 kB
Inactive:         923084 kB
Active(anon):     612520 kB
Inactive(anon):   169760 kB
Active(file):     432440 kB
Inactive(file):   753324 kB
Unevictable:        2968 kB
Mlocked:               0 kB
SwapTotal:        524284 kB
SwapFree:         524284 kB
Dirty:               896 kB
Writeback:             0 kB
AnonPages:        744480 kB
Mapped:           412620 kB
Shmem:             37896 kB
Slab:             100680 kB
SReclaimable:      31432 kB
SUnreclaim:        69248 kB
KernelStack:       37712 kB
PageTables:        39416 kB
NFS_Unstable:          0 kB
Bounce:                0 kB
WritebackTmp:          0 kB
CommitLimit:     1815632 kB
Committed_AS:   112492764 kB
VmallocTotal:   251658176 kB
VmallocUsed:      118588 kB
VmallocChunk:   251446692 kB
Time pass: 3 sec

---2015-11-17 01:33:16
MemTotal:        2582696 kB
MemFree:          114072 kB
Buffers:           18044 kB
Cached:          1208600 kB
SwapCached:            0 kB
Active:          1045160 kB
Inactive:         923100 kB
Active(anon):     612720 kB
Inactive(anon):   169760 kB
Active(file):     432440 kB
Inactive(file):   753340 kB
Unevictable:        2968 kB
Mlocked:               0 kB
SwapTotal:        524284 kB
SwapFree:         524284 kB
Dirty:               896 kB
Writeback:             0 kB
AnonPages:        744672 kB
Mapped:           412636 kB
Shmem:             37896 kB
Slab:             100780 kB
SReclaimable:      31432 kB
SUnreclaim:        69348 kB
KernelStack:       37712 kB
PageTables:        39412 kB
NFS_Unstable:          0 kB
Bounce:                0 kB
WritebackTmp:          0 kB
CommitLimit:     1815632 kB
Committed_AS:   112492756 kB
VmallocTotal:   251658176 kB
VmallocUsed:      118588 kB
VmallocChunk:   251446692 kB
Time pass: 7 sec

---2015-11-17 01:33:16
MemTotal:        2582696 kB
MemFree:          114232 kB
Buffers:           18044 kB
Cached:          1208772 kB
SwapCached:            0 kB
Active:          1045520 kB
Inactive:         923260 kB
Active(anon):     613080 kB
Inactive(anon):   169756 kB
Active(file):     432440 kB
Inactive(file):   753504 kB
Unevictable:        2968 kB
Mlocked:               0 kB
SwapTotal:        524284 kB
SwapFree:         524284 kB
Dirty:               904 kB
Writeback:             0 kB
AnonPages:        745100 kB
Mapped:           412656 kB
Shmem:             37896 kB
Slab:             100620 kB
SReclaimable:      31432 kB
SUnreclaim:        69188 kB
KernelStack:       37776 kB
PageTables:        39412 kB
NFS_Unstable:          0 kB
Bounce:                0 kB
WritebackTmp:          0 kB
CommitLimit:     1815632 kB
Committed_AS:   112492820 kB
VmallocTotal:   251658176 kB
VmallocUsed:      118588 kB
VmallocChunk:   251446692 kB
Time pass: 10 sec

---2015-11-17 01:33:16
MemTotal:        2582696 kB
MemFree:          111272 kB
Buffers:           18044 kB
Cached:          1208796 kB
SwapCached:            0 kB
Active:          1047948 kB
Inactive:         923284 kB
Active(anon):     615500 kB
Inactive(anon):   169756 kB
Active(file):     432448 kB
Inactive(file):   753528 kB
Unevictable:        2968 kB
Mlocked:               0 kB
SwapTotal:        524284 kB
SwapFree:         524284 kB
Dirty:               904 kB
Writeback:             0 kB
AnonPages:        747556 kB
Mapped:           412668 kB
Shmem:             37896 kB
Slab:             100556 kB
SReclaimable:      31456 kB
SUnreclaim:        69100 kB
KernelStack:       37776 kB
PageTables:        39448 kB
NFS_Unstable:          0 kB
Bounce:                0 kB
WritebackTmp:          0 kB
CommitLimit:     1815632 kB
Committed_AS:   112492828 kB
VmallocTotal:   251658176 kB
VmallocUsed:      118588 kB
VmallocChunk:   251446692 kB
Time pass: 14 sec

---2015-11-17 01:33:16
MemTotal:        2582696 kB
MemFree:          111324 kB
Buffers:           18052 kB
Cached:          1209280 kB
SwapCached:            0 kB
Active:          1048208 kB
Inactive:         923728 kB
Active(anon):     615756 kB
Inactive(anon):   169756 kB
Active(file):     432452 kB
Inactive(file):   753972 kB
Unevictable:        2968 kB
Mlocked:               0 kB
SwapTotal:        524284 kB
SwapFree:         524284 kB
Dirty:               928 kB
Writeback:             0 kB
AnonPages:        747712 kB
Mapped:           412448 kB
Shmem:             37896 kB
Slab:             100604 kB
SReclaimable:      31456 kB
SUnreclaim:        69148 kB
KernelStack:       37744 kB
PageTables:        39424 kB
NFS_Unstable:          0 kB
Bounce:                0 kB
WritebackTmp:          0 kB
CommitLimit:     1815632 kB
Committed_AS:   112492804 kB
VmallocTotal:   251658176 kB
VmallocUsed:      118588 kB
VmallocChunk:   251446692 kB
Time pass: 18 sec

---2015-11-17 01:33:16
MemTotal:        2582696 kB
MemFree:          111060 kB
Buffers:           18052 kB
Cached:          1209280 kB
SwapCached:            0 kB
Active:          1048488 kB
Inactive:         923772 kB
Active(anon):     616036 kB
Inactive(anon):   169756 kB
Active(file):     432452 kB
Inactive(file):   754016 kB
Unevictable:        2968 kB
Mlocked:               0 kB
SwapTotal:        524284 kB
SwapFree:         524284 kB
Dirty:               908 kB
Writeback:             0 kB
AnonPages:        748016 kB
Mapped:           412452 kB
Shmem:             37896 kB
Slab:             100564 kB
SReclaimable:      31456 kB
SUnreclaim:        69108 kB
KernelStack:       37744 kB
PageTables:        39416 kB
NFS_Unstable:          0 kB
Bounce:                0 kB
WritebackTmp:          0 kB
CommitLimit:     1815632 kB
Committed_AS:   112492788 kB
VmallocTotal:   251658176 kB
VmallocUsed:      118588 kB
VmallocChunk:   251446692 kB
Time pass: 21 sec

---2015-11-17 01:33:16
MemTotal:        2582696 kB
MemFree:          122388 kB
Buffers:           18052 kB
Cached:          1108560 kB
SwapCached:            0 kB
Active:          1092644 kB
Inactive:         806760 kB
Active(anon):     644444 kB
Inactive(anon):   169632 kB
Active(file):     448200 kB
Inactive(file):   637128 kB
Unevictable:        2968 kB
Mlocked:               0 kB
SwapTotal:        524284 kB
SwapFree:         524284 kB
Dirty:               944 kB
Writeback:             0 kB
AnonPages:        776388 kB
Mapped:           432972 kB
Shmem:             37768 kB
Slab:             101040 kB
SReclaimable:      31472 kB
SUnreclaim:        69568 kB
KernelStack:       38880 kB
PageTables:        40088 kB
NFS_Unstable:          0 kB
Bounce:                0 kB
WritebackTmp:          0 kB
CommitLimit:     1815632 kB
Committed_AS:   113810260 kB
VmallocTotal:   251658176 kB
VmallocUsed:      120048 kB
VmallocChunk:   251446692 kB
Time pass: 25 sec

---2015-11-17 01:33:16
MemTotal:        2582696 kB
MemFree:          115612 kB
Buffers:           18052 kB
Cached:          1093856 kB
SwapCached:            0 kB
Active:          1092500 kB
Inactive:         789792 kB
Active(anon):     641488 kB
Inactive(anon):   169632 kB
Active(file):     451012 kB
Inactive(file):   620160 kB
Unevictable:        2968 kB
Mlocked:               0 kB
SwapTotal:        524284 kB
SwapFree:         524284 kB
Dirty:               576 kB
Writeback:             0 kB
AnonPages:        773424 kB
Mapped:           439492 kB
Shmem:             37768 kB
Slab:             100960 kB
SReclaimable:      31472 kB
SUnreclaim:        69488 kB
KernelStack:       38944 kB
PageTables:        40380 kB
NFS_Unstable:          0 kB
Bounce:                0 kB
WritebackTmp:          0 kB
CommitLimit:     1815632 kB
Committed_AS:   113810428 kB
VmallocTotal:   251658176 kB
VmallocUsed:      120564 kB
VmallocChunk:   251446692 kB
Time pass: 28 sec

---2015-11-17 01:33:16
MemTotal:        2582696 kB
MemFree:          126484 kB
Buffers:           18052 kB
Cached:          1095496 kB
SwapCached:            0 kB
Active:          1080332 kB
Inactive:         791364 kB
Active(anon):     629252 kB
Inactive(anon):   169632 kB
Active(file):     451080 kB
Inactive(file):   621732 kB
Unevictable:        2968 kB
Mlocked:               0 kB
SwapTotal:        524284 kB
SwapFree:         524284 kB
Dirty:               284 kB
Writeback:             0 kB
AnonPages:        761132 kB
Mapped:           439728 kB
Shmem:             37768 kB
Slab:             101196 kB
SReclaimable:      31568 kB
SUnreclaim:        69628 kB
KernelStack:       38944 kB
PageTables:        40364 kB
NFS_Unstable:          0 kB
Bounce:                0 kB
WritebackTmp:          0 kB
CommitLimit:     1815632 kB
Committed_AS:   113810708 kB
VmallocTotal:   251658176 kB
VmallocUsed:      120564 kB
VmallocChunk:   251446692 kB
Time pass: 32 sec

---2015-11-17 01:33:16
MemTotal:        2582696 kB
MemFree:          113060 kB
Buffers:           14020 kB
Cached:          1012816 kB
SwapCached:            0 kB
Active:          1090596 kB
Inactive:         704784 kB
Active(anon):     639664 kB
Inactive(anon):   169632 kB
Active(file):     450932 kB
Inactive(file):   535152 kB
Unevictable:        2968 kB
Mlocked:               0 kB
SwapTotal:        524284 kB
SwapFree:         524284 kB
Dirty:               332 kB
Writeback:             0 kB
AnonPages:        771644 kB
Mapped:           440692 kB
Shmem:             37768 kB
Slab:             101104 kB
SReclaimable:      31408 kB
SUnreclaim:        69696 kB
KernelStack:       39056 kB
PageTables:        40696 kB
NFS_Unstable:          0 kB
Bounce:                0 kB
WritebackTmp:          0 kB
CommitLimit:     1815632 kB
Committed_AS:   113811568 kB
VmallocTotal:   251658176 kB
VmallocUsed:      120660 kB
VmallocChunk:   251446692 kB
Time pass: 35 sec

---2015-11-17 01:33:16
MemTotal:        2582696 kB
MemFree:          112812 kB
Buffers:           14020 kB
Cached:          1013984 kB
SwapCached:            0 kB
Active:          1090424 kB
Inactive:         705864 kB
Active(anon):     639432 kB
Inactive(anon):   169628 kB
Active(file):     450992 kB
Inactive(file):   536236 kB
Unevictable:        2968 kB
Mlocked:               0 kB
SwapTotal:        524284 kB
SwapFree:         524284 kB
Dirty:               392 kB
Writeback:             0 kB
AnonPages:        771308 kB
Mapped:           440784 kB
Shmem:             37768 kB
Slab:             101360 kB
SReclaimable:      31472 kB
SUnreclaim:        69888 kB
KernelStack:       39040 kB
PageTables:        40696 kB
NFS_Unstable:          0 kB
Bounce:                0 kB
WritebackTmp:          0 kB
CommitLimit:     1815632 kB
Committed_AS:   113811692 kB
VmallocTotal:   251658176 kB
VmallocUsed:      120660 kB
VmallocChunk:   251446692 kB
Time pass: 39 sec

---2015-11-17 01:33:16
MemTotal:        2582696 kB
MemFree:          130952 kB
Buffers:           13736 kB
Cached:          1010704 kB
SwapCached:            0 kB
Active:          1094932 kB
Inactive:         702752 kB
Active(anon):     644720 kB
Inactive(anon):   169632 kB
Active(file):     450212 kB
Inactive(file):   533120 kB
Unevictable:        2968 kB
Mlocked:               0 kB
SwapTotal:        524284 kB
SwapFree:         524284 kB
Dirty:               340 kB
Writeback:             0 kB
AnonPages:        776748 kB
Mapped:           441752 kB
Shmem:             37772 kB
Slab:             101248 kB
SReclaimable:      31344 kB
SUnreclaim:        69904 kB
KernelStack:       39040 kB
PageTables:        40576 kB
NFS_Unstable:          0 kB
Bounce:                0 kB
WritebackTmp:          0 kB
CommitLimit:     1815632 kB
Committed_AS:   113813764 kB
VmallocTotal:   251658176 kB
VmallocUsed:      120480 kB
VmallocChunk:   251446692 kB
Time pass: 43 sec

---2015-11-17 01:33:16
MemTotal:        2582696 kB
MemFree:          110732 kB
Buffers:           13736 kB
Cached:           970280 kB
SwapCached:            0 kB
Active:          1106216 kB
Inactive:         667180 kB
Active(anon):     660488 kB
Inactive(anon):   169632 kB
Active(file):     445728 kB
Inactive(file):   497548 kB
Unevictable:        2968 kB
Mlocked:               0 kB
SwapTotal:        524284 kB
SwapFree:         524284 kB
Dirty:              3548 kB
Writeback:             0 kB
AnonPages:        792444 kB
Mapped:           453892 kB
Shmem:             37772 kB
Slab:             101420 kB
SReclaimable:      31488 kB
SUnreclaim:        69932 kB
KernelStack:       39120 kB
PageTables:        40708 kB
NFS_Unstable:          0 kB
Bounce:                0 kB
WritebackTmp:          0 kB
CommitLimit:     1815632 kB
Committed_AS:   113834580 kB
VmallocTotal:   251658176 kB
VmallocUsed:      121004 kB
VmallocChunk:   251446692 kB
Time pass: 46 sec

---2015-11-17 01:33:16
MemTotal:        2582696 kB
MemFree:          112628 kB
Buffers:           13736 kB
Cached:           970832 kB
SwapCached:            0 kB
Active:          1103988 kB
Inactive:         667680 kB
Active(anon):     658256 kB
Inactive(anon):   169632 kB
Active(file):     445732 kB
Inactive(file):   498048 kB
Unevictable:        2968 kB
Mlocked:               0 kB
SwapTotal:        524284 kB
SwapFree:         524284 kB
Dirty:              3560 kB
Writeback:             0 kB
AnonPages:        790128 kB
Mapped:           454336 kB
Shmem:             37772 kB
Slab:             101108 kB
SReclaimable:      31504 kB
SUnreclaim:        69604 kB
KernelStack:       39104 kB
PageTables:        40716 kB
NFS_Unstable:          0 kB
Bounce:                0 kB
WritebackTmp:          0 kB
CommitLimit:     1815632 kB
Committed_AS:   113834564 kB
VmallocTotal:   251658176 kB
VmallocUsed:      121004 kB
VmallocChunk:   251446692 kB
Time pass: 50 sec

---2015-11-17 01:33:16
MemTotal:        2582696 kB
MemFree:          109112 kB
Buffers:           13736 kB
Cached:           968828 kB
SwapCached:            0 kB
Active:          1105700 kB
Inactive:         666984 kB
Active(anon):     661520 kB
Inactive(anon):   169928 kB
Active(file):     444180 kB
Inactive(file):   497056 kB
Unevictable:        2968 kB
Mlocked:               0 kB
SwapTotal:        524284 kB
SwapFree:         524284 kB
Dirty:               544 kB
Writeback:             0 kB
AnonPages:        793344 kB
Mapped:           455804 kB
Shmem:             37992 kB
Slab:             101960 kB
SReclaimable:      32108 kB
SUnreclaim:        69852 kB
KernelStack:       39312 kB
PageTables:        40756 kB
NFS_Unstable:          0 kB
Bounce:                0 kB
WritebackTmp:          0 kB
CommitLimit:     1815632 kB
Committed_AS:   113842860 kB
VmallocTotal:   251658176 kB
VmallocUsed:      121004 kB
VmallocChunk:   251446692 kB
Time pass: 53 sec

---2015-11-17 01:33:16
MemTotal:        2582696 kB
MemFree:          106648 kB
Buffers:           13736 kB
Cached:           956516 kB
SwapCached:            0 kB
Active:          1107296 kB
Inactive:         657964 kB
Active(anon):     666116 kB
Inactive(anon):   169632 kB
Active(file):     441180 kB
Inactive(file):   488332 kB
Unevictable:        2968 kB
Mlocked:               0 kB
SwapTotal:        524284 kB
SwapFree:         524284 kB
Dirty:               724 kB
Writeback:             0 kB
AnonPages:        798176 kB
Mapped:           458260 kB
Shmem:             37772 kB
Slab:             101456 kB
SReclaimable:      31464 kB
SUnreclaim:        69992 kB
KernelStack:       39136 kB
PageTables:        40732 kB
NFS_Unstable:          0 kB
Bounce:                0 kB
WritebackTmp:          0 kB
CommitLimit:     1815632 kB
Committed_AS:   113838724 kB
VmallocTotal:   251658176 kB
VmallocUsed:      121100 kB
VmallocChunk:   251446692 kB
Time pass: 57 sec

---2015-11-17 01:33:16
MemTotal:        2582696 kB
MemFree:          107272 kB
Buffers:           13000 kB
Cached:           919912 kB
SwapCached:            0 kB
Active:          1106272 kB
Inactive:         629176 kB
Active(anon):     672876 kB
Inactive(anon):   170400 kB
Active(file):     433396 kB
Inactive(file):   458776 kB
Unevictable:        2968 kB
Mlocked:               0 kB
SwapTotal:        524284 kB
SwapFree:         524284 kB
Dirty:              1412 kB
Writeback:             0 kB
AnonPages:        805740 kB
Mapped:           459608 kB
Shmem:             37772 kB
Slab:             101376 kB
SReclaimable:      31512 kB
SUnreclaim:        69864 kB
KernelStack:       39184 kB
PageTables:        40760 kB
NFS_Unstable:          0 kB
Bounce:                0 kB
WritebackTmp:          0 kB
CommitLimit:     1815632 kB
Committed_AS:   113847732 kB
VmallocTotal:   251658176 kB
VmallocUsed:      121252 kB
VmallocChunk:   251446692 kB
Time pass: 60 sec

---2015-11-17 01:33:16
MemTotal:        2582696 kB
MemFree:          110764 kB
Buffers:           13000 kB
Cached:           925512 kB
SwapCached:            0 kB
Active:          1108736 kB
Inactive:         634760 kB
Active(anon):     675320 kB
Inactive(anon):   170400 kB
Active(file):     433416 kB
Inactive(file):   464360 kB
Unevictable:        2968 kB
Mlocked:               0 kB
SwapTotal:        524284 kB
SwapFree:         524284 kB
Dirty:              1452 kB
Writeback:             0 kB
AnonPages:        808120 kB
Mapped:           463008 kB
Shmem:             37772 kB
Slab:             101560 kB
SReclaimable:      31620 kB
SUnreclaim:        69940 kB
KernelStack:       39296 kB
PageTables:        40704 kB
NFS_Unstable:          0 kB
Bounce:                0 kB
WritebackTmp:          0 kB
CommitLimit:     1815632 kB
Committed_AS:   113847980 kB
VmallocTotal:   251658176 kB
VmallocUsed:      121252 kB
VmallocChunk:   251446692 kB
Time pass: 64 sec

---2015-11-17 01:33:16
MemTotal:        2582696 kB
MemFree:          114052 kB
Buffers:           11712 kB
Cached:           881524 kB
SwapCached:            0 kB
Active:          1119284 kB
Inactive:         589516 kB
Active(anon):     685396 kB
Inactive(anon):   171044 kB
Active(file):     433888 kB
Inactive(file):   418472 kB
Unevictable:        2968 kB
Mlocked:               0 kB
SwapTotal:        524284 kB
SwapFree:         524284 kB
Dirty:               784 kB
Writeback:             0 kB
AnonPages:        818416 kB
Mapped:           464324 kB
Shmem:             37908 kB
Slab:             101752 kB
SReclaimable:      31344 kB
SUnreclaim:        70408 kB
KernelStack:       39584 kB
PageTables:        40956 kB
NFS_Unstable:          0 kB
Bounce:                0 kB
WritebackTmp:          0 kB
CommitLimit:     1815632 kB
Committed_AS:   113883708 kB
VmallocTotal:   251658176 kB
VmallocUsed:      123784 kB
VmallocChunk:   251446692 kB
Time pass: 68 sec

---2015-11-17 01:33:16
MemTotal:        2582696 kB
MemFree:          105896 kB
Buffers:           11712 kB
Cached:           859952 kB
SwapCached:            0 kB
Active:          1110596 kB
Inactive:         579024 kB
Active(anon):     687352 kB
Inactive(anon):   171812 kB
Active(file):     423244 kB
Inactive(file):   407212 kB
Unevictable:        3896 kB
Mlocked:               0 kB
SwapTotal:        524284 kB
SwapFree:         523636 kB
Dirty:               768 kB
Writeback:             0 kB
AnonPages:        821992 kB
Mapped:           464356 kB
Shmem:             37308 kB
Slab:             101664 kB
SReclaimable:      31308 kB
SUnreclaim:        70356 kB
KernelStack:       39584 kB
PageTables:        41100 kB
NFS_Unstable:          0 kB
Bounce:                0 kB
WritebackTmp:          0 kB
CommitLimit:     1815632 kB
Committed_AS:   113887844 kB
VmallocTotal:   251658176 kB
VmallocUsed:      123784 kB
VmallocChunk:   251446692 kB
Time pass: 72 sec

---2015-11-17 01:33:16
MemTotal:        2582696 kB
MemFree:          107028 kB
Buffers:           11712 kB
Cached:           860112 kB
SwapCached:            0 kB
Active:          1112008 kB
Inactive:         578880 kB
Active(anon):     688456 kB
Inactive(anon):   171968 kB
Active(file):     423552 kB
Inactive(file):   406912 kB
Unevictable:        3896 kB
Mlocked:               0 kB
SwapTotal:        524284 kB
SwapFree:         523636 kB
Dirty:               772 kB
Writeback:             0 kB
AnonPages:        823084 kB
Mapped:           464516 kB
Shmem:             37464 kB
Slab:             101732 kB
SReclaimable:      31372 kB
SUnreclaim:        70360 kB
KernelStack:       39584 kB
PageTables:        41108 kB
NFS_Unstable:          0 kB
Bounce:                0 kB
WritebackTmp:          0 kB
CommitLimit:     1815632 kB
Committed_AS:   113887844 kB
VmallocTotal:   251658176 kB
VmallocUsed:      123784 kB
VmallocChunk:   251446692 kB
Time pass: 76 sec

---2015-11-17 01:33:16
MemTotal:        2582696 kB
MemFree:          108064 kB
Buffers:           11720 kB
Cached:           856988 kB
SwapCached:            0 kB
Active:          1110016 kB
Inactive:         579216 kB
Active(anon):     689276 kB
Inactive(anon):   172468 kB
Active(file):     420740 kB
Inactive(file):   406748 kB
Unevictable:        3896 kB
Mlocked:               0 kB
SwapTotal:        524284 kB
SwapFree:         523496 kB
Dirty:               740 kB
Writeback:             0 kB
AnonPages:        824432 kB
Mapped:           464516 kB
Shmem:             37324 kB
Slab:             101884 kB
SReclaimable:      31372 kB
SUnreclaim:        70512 kB
KernelStack:       39584 kB
PageTables:        41112 kB
NFS_Unstable:          0 kB
Bounce:                0 kB
WritebackTmp:          0 kB
CommitLimit:     1815632 kB
Committed_AS:   113891876 kB
VmallocTotal:   251658176 kB
VmallocUsed:      123784 kB
VmallocChunk:   251446692 kB
Time pass: 79 sec

---2015-11-17 01:33:16
MemTotal:        2582696 kB
MemFree:          108240 kB
Buffers:           11720 kB
Cached:           857040 kB
SwapCached:            0 kB
Active:          1109724 kB
Inactive:         579268 kB
Active(anon):     688984 kB
Inactive(anon):   172520 kB
Active(file):     420740 kB
Inactive(file):   406748 kB
Unevictable:        3896 kB
Mlocked:               0 kB
SwapTotal:        524284 kB
SwapFree:         523496 kB
Dirty:               720 kB
Writeback:             0 kB
AnonPages:        824184 kB
Mapped:           464568 kB
Shmem:             37376 kB
Slab:             101872 kB
SReclaimable:      31372 kB
SUnreclaim:        70500 kB
KernelStack:       39584 kB
PageTables:        41112 kB
NFS_Unstable:          0 kB
Bounce:                0 kB
WritebackTmp:          0 kB
CommitLimit:     1815632 kB
Committed_AS:   113891948 kB
VmallocTotal:   251658176 kB
VmallocUsed:      123784 kB
VmallocChunk:   251446692 kB
Time pass: 83 sec

---2015-11-17 01:33:16
MemTotal:        2582696 kB
MemFree:          107024 kB
Buffers:           11720 kB
Cached:           857040 kB
SwapCached:            0 kB
Active:          1111180 kB
Inactive:         579268 kB
Active(anon):     690440 kB
Inactive(anon):   172520 kB
Active(file):     420740 kB
Inactive(file):   406748 kB
Unevictable:        3896 kB
Mlocked:               0 kB
SwapTotal:        524284 kB
SwapFree:         523496 kB
Dirty:               724 kB
Writeback:             0 kB
AnonPages:        825380 kB
Mapped:           464612 kB
Shmem:             37376 kB
Slab:             101616 kB
SReclaimable:      31372 kB
SUnreclaim:        70244 kB
KernelStack:       39568 kB
PageTables:        41116 kB
NFS_Unstable:          0 kB
Bounce:                0 kB
WritebackTmp:          0 kB
CommitLimit:     1815632 kB
Committed_AS:   113896060 kB
VmallocTotal:   251658176 kB
VmallocUsed:      123784 kB
VmallocChunk:   251446692 kB
Time pass: 87 sec

---2015-11-17 01:33:16
MemTotal:        2582696 kB
MemFree:          121740 kB
Buffers:           11720 kB
Cached:           854204 kB
SwapCached:            0 kB
Active:          1101148 kB
Inactive:         579728 kB
Active(anon):     683076 kB
Inactive(anon):   172616 kB
Active(file):     418072 kB
Inactive(file):   407112 kB
Unevictable:        3896 kB
Mlocked:               0 kB
SwapTotal:        524284 kB
SwapFree:         523356 kB
Dirty:               888 kB
Writeback:             0 kB
AnonPages:        819352 kB
Mapped:           466316 kB
Shmem:             36844 kB
Slab:             101668 kB
SReclaimable:      31220 kB
SUnreclaim:        70448 kB
KernelStack:       39232 kB
PageTables:        40928 kB
NFS_Unstable:          0 kB
Bounce:                0 kB
WritebackTmp:          0 kB
CommitLimit:     1815632 kB
Committed_AS:   117367116 kB
VmallocTotal:   251658176 kB
VmallocUsed:      124644 kB
VmallocChunk:   251446692 kB
Time pass: 90 sec

---2015-11-17 01:33:16
MemTotal:        2582696 kB
MemFree:          370608 kB
Buffers:           11720 kB
Cached:           855808 kB
SwapCached:            0 kB
Active:          1036800 kB
Inactive:         577420 kB
Active(anon):     614880 kB
Inactive(anon):   172732 kB
Active(file):     421920 kB
Inactive(file):   404688 kB
Unevictable:        3896 kB
Mlocked:               0 kB
SwapTotal:        524284 kB
SwapFree:         523356 kB
Dirty:               272 kB
Writeback:             0 kB
AnonPages:        750748 kB
Mapped:           399396 kB
Shmem:             36968 kB
Slab:             101340 kB
SReclaimable:      31364 kB
SUnreclaim:        69976 kB
KernelStack:       37824 kB
PageTables:        39088 kB
NFS_Unstable:          0 kB
Bounce:                0 kB
WritebackTmp:          0 kB
CommitLimit:     1815632 kB
Committed_AS:   110717348 kB
VmallocTotal:   251658176 kB
VmallocUsed:      119972 kB
VmallocChunk:   251446692 kB
Time pass: 94 sec

---2015-11-17 01:33:16
MemTotal:        2582696 kB
MemFree:          375724 kB
Buffers:           11720 kB
Cached:           856236 kB
SwapCached:            0 kB
Active:          1032748 kB
Inactive:         577892 kB
Active(anon):     610816 kB
Inactive(anon):   172732 kB
Active(file):     421932 kB
Inactive(file):   405160 kB
Unevictable:        3896 kB
Mlocked:               0 kB
SwapTotal:        524284 kB
SwapFree:         523356 kB
Dirty:               124 kB
Writeback:             0 kB
AnonPages:        746564 kB
Mapped:           399416 kB
Shmem:             36968 kB
Slab:             101300 kB
SReclaimable:      31364 kB
SUnreclaim:        69936 kB
KernelStack:       37824 kB
PageTables:        39084 kB
NFS_Unstable:          0 kB
Bounce:                0 kB
WritebackTmp:          0 kB
CommitLimit:     1815632 kB
Committed_AS:   110717332 kB
VmallocTotal:   251658176 kB
VmallocUsed:      119972 kB
VmallocChunk:   251446692 kB
Time pass: 97 sec

---2015-11-17 01:33:16
MemTotal:        2582696 kB
MemFree:          375968 kB
Buffers:           11728 kB
Cached:           856236 kB
SwapCached:            0 kB
Active:          1032412 kB
Inactive:         577900 kB
Active(anon):     610480 kB
Inactive(anon):   172732 kB
Active(file):     421932 kB
Inactive(file):   405168 kB
Unevictable:        3896 kB
Mlocked:               0 kB
SwapTotal:        524284 kB
SwapFree:         523356 kB
Dirty:               144 kB
Writeback:             0 kB
AnonPages:        746380 kB
Mapped:           399420 kB
Shmem:             36968 kB
Slab:             101292 kB
SReclaimable:      31364 kB
SUnreclaim:        69928 kB
KernelStack:       37824 kB
PageTables:        39084 kB
NFS_Unstable:          0 kB
Bounce:                0 kB
WritebackTmp:          0 kB
CommitLimit:     1815632 kB
Committed_AS:   110717236 kB
VmallocTotal:   251658176 kB
VmallocUsed:      119972 kB
VmallocChunk:   251446692 kB
Time pass: 101 sec

---2015-11-17 01:33:16
MemTotal:        2582696 kB
MemFree:          376224 kB
Buffers:           11728 kB
Cached:           856236 kB
SwapCached:            0 kB
Active:          1032708 kB
Inactive:         577900 kB
Active(anon):     610776 kB
Inactive(anon):   172732 kB
Active(file):     421932 kB
Inactive(file):   405168 kB
Unevictable:        3896 kB
Mlocked:               0 kB
SwapTotal:        524284 kB
SwapFree:         523356 kB
Dirty:               144 kB
Writeback:            20 kB
AnonPages:        746692 kB
Mapped:           399420 kB
Shmem:             36968 kB
Slab:             101288 kB
SReclaimable:      31364 kB
SUnreclaim:        69924 kB
KernelStack:       37808 kB
PageTables:        39084 kB
NFS_Unstable:          0 kB
Bounce:                0 kB
WritebackTmp:          0 kB
CommitLimit:     1815632 kB
Committed_AS:   110717204 kB
VmallocTotal:   251658176 kB
VmallocUsed:      117556 kB
VmallocChunk:   251446692 kB
Time pass: 105 sec

---2015-11-17 01:33:16
MemTotal:        2582696 kB
MemFree:          374944 kB
Buffers:           11728 kB
Cached:           856236 kB
SwapCached:            0 kB
Active:          1033104 kB
Inactive:         577900 kB
Active(anon):     611172 kB
Inactive(anon):   172732 kB
Active(file):     421932 kB
Inactive(file):   405168 kB
Unevictable:        3896 kB
Mlocked:               0 kB
SwapTotal:        524284 kB
SwapFree:         523356 kB
Dirty:               124 kB
Writeback:             0 kB
AnonPages:        746984 kB
Mapped:           399508 kB
Shmem:             36968 kB
Slab:             101288 kB
SReclaimable:      31364 kB
SUnreclaim:        69924 kB
KernelStack:       37808 kB
PageTables:        39112 kB
NFS_Unstable:          0 kB
Bounce:                0 kB
WritebackTmp:          0 kB
CommitLimit:     1815632 kB
Committed_AS:   110717292 kB
VmallocTotal:   251658176 kB
VmallocUsed:      117556 kB
VmallocChunk:   251446692 kB
Time pass: 108 sec

---2015-11-17 01:33:16
MemTotal:        2582696 kB
MemFree:          371708 kB
Buffers:           11728 kB
Cached:           856240 kB
SwapCached:            0 kB
Active:          1035976 kB
Inactive:         577908 kB
Active(anon):     614048 kB
Inactive(anon):   172732 kB
Active(file):     421928 kB
Inactive(file):   405176 kB
Unevictable:        3896 kB
Mlocked:               0 kB
SwapTotal:        524284 kB
SwapFree:         523356 kB
Dirty:               140 kB
Writeback:             0 kB
AnonPages:        749984 kB
Mapped:           399404 kB
Shmem:             36968 kB
Slab:             101384 kB
SReclaimable:      31364 kB
SUnreclaim:        70020 kB
KernelStack:       37840 kB
PageTables:        39172 kB
NFS_Unstable:          0 kB
Bounce:                0 kB
WritebackTmp:          0 kB
CommitLimit:     1815632 kB
Committed_AS:   110729308 kB
VmallocTotal:   251658176 kB
VmallocUsed:      117556 kB
VmallocChunk:   251446692 kB
Time pass: 112 sec

---2015-11-17 01:33:16
MemTotal:        2582696 kB
MemFree:          188308 kB
Buffers:           11728 kB
Cached:           856288 kB
SwapCached:            0 kB
Active:          1073156 kB
Inactive:         573680 kB
Active(anon):     646960 kB
Inactive(anon):   172608 kB
Active(file):     426196 kB
Inactive(file):   401072 kB
Unevictable:        3896 kB
Mlocked:               0 kB
SwapTotal:        524284 kB
SwapFree:         523356 kB
Dirty:               964 kB
Writeback:             0 kB
AnonPages:        782720 kB
Mapped:           429588 kB
Shmem:             36840 kB
Slab:             101608 kB
SReclaimable:      31508 kB
SUnreclaim:        70100 kB
KernelStack:       38848 kB
PageTables:        39984 kB
NFS_Unstable:          0 kB
Bounce:                0 kB
WritebackTmp:          0 kB
CommitLimit:     1815632 kB
Committed_AS:   112038780 kB
VmallocTotal:   251658176 kB
VmallocUsed:      119216 kB
VmallocChunk:   251446692 kB
Time pass: 115 sec

---2015-11-17 01:33:16
MemTotal:        2582696 kB
MemFree:          151468 kB
Buffers:           11728 kB
Cached:           859788 kB
SwapCached:            0 kB
Active:          1076096 kB
Inactive:         571336 kB
Active(anon):     644000 kB
Inactive(anon):   172608 kB
Active(file):     432096 kB
Inactive(file):   398728 kB
Unevictable:        3896 kB
Mlocked:               0 kB
SwapTotal:        524284 kB
SwapFree:         523352 kB
Dirty:              4800 kB
Writeback:            32 kB
AnonPages:        779940 kB
Mapped:           471160 kB
Shmem:             36840 kB
Slab:             101980 kB
SReclaimable:      31548 kB
SUnreclaim:        70432 kB
KernelStack:       39056 kB
PageTables:        40168 kB
NFS_Unstable:          0 kB
Bounce:                0 kB
WritebackTmp:          0 kB
CommitLimit:     1815632 kB
Committed_AS:   112050236 kB
VmallocTotal:   251658176 kB
VmallocUsed:      119652 kB
VmallocChunk:   251446692 kB
Time pass: 119 sec

---2015-11-17 01:33:16
MemTotal:        2582696 kB
MemFree:          126980 kB
Buffers:           13264 kB
Cached:           860020 kB
SwapCached:            0 kB
Active:          1078280 kB
Inactive:         572832 kB
Active(anon):     645956 kB
Inactive(anon):   172608 kB
Active(file):     432324 kB
Inactive(file):   400224 kB
Unevictable:        3896 kB
Mlocked:               0 kB
SwapTotal:        524284 kB
SwapFree:         523352 kB
Dirty:               524 kB
Writeback:             0 kB
AnonPages:        781828 kB
Mapped:           475684 kB
Shmem:             36840 kB
Slab:             101736 kB
SReclaimable:      31564 kB
SUnreclaim:        70172 kB
KernelStack:       39056 kB
PageTables:        40252 kB
NFS_Unstable:          0 kB
Bounce:                0 kB
WritebackTmp:          0 kB
CommitLimit:     1815632 kB
Committed_AS:   112050372 kB
VmallocTotal:   251658176 kB
VmallocUsed:      119844 kB
VmallocChunk:   251446692 kB
Time pass: 122 sec

---2015-11-17 01:33:16
MemTotal:        2582696 kB
MemFree:          126316 kB
Buffers:           13264 kB
Cached:           859940 kB
SwapCached:            0 kB
Active:          1080880 kB
Inactive:         572752 kB
Active(anon):     648556 kB
Inactive(anon):   172600 kB
Active(file):     432324 kB
Inactive(file):   400152 kB
Unevictable:        3896 kB
Mlocked:               0 kB
SwapTotal:        524284 kB
SwapFree:         523344 kB
Dirty:               692 kB
Writeback:             0 kB
AnonPages:        784368 kB
Mapped:           476744 kB
Shmem:             36832 kB
Slab:             101868 kB
SReclaimable:      31812 kB
SUnreclaim:        70056 kB
KernelStack:       39056 kB
PageTables:        40276 kB
NFS_Unstable:          0 kB
Bounce:                0 kB
WritebackTmp:          0 kB
CommitLimit:     1815632 kB
Committed_AS:   112050492 kB
VmallocTotal:   251658176 kB
VmallocUsed:      119940 kB
VmallocChunk:   251446692 kB
Time pass: 126 sec

---2015-11-17 01:33:16
MemTotal:        2582696 kB
MemFree:          125716 kB
Buffers:           13264 kB
Cached:           859940 kB
SwapCached:            0 kB
Active:          1081252 kB
Inactive:         572736 kB
Active(anon):     648912 kB
Inactive(anon):   172600 kB
Active(file):     432340 kB
Inactive(file):   400136 kB
Unevictable:        3896 kB
Mlocked:               0 kB
SwapTotal:        524284 kB
SwapFree:         523344 kB
Dirty:               692 kB
Writeback:             0 kB
AnonPages:        784940 kB
Mapped:           476744 kB
Shmem:             36832 kB
Slab:             101904 kB
SReclaimable:      31832 kB
SUnreclaim:        70072 kB
KernelStack:       39056 kB
PageTables:        40284 kB
NFS_Unstable:          0 kB
Bounce:                0 kB
WritebackTmp:          0 kB
CommitLimit:     1815632 kB
Committed_AS:   112050564 kB
VmallocTotal:   251658176 kB
VmallocUsed:      119940 kB
VmallocChunk:   251446692 kB
Time pass: 130 sec

---2015-11-17 01:33:16
MemTotal:        2582696 kB
MemFree:          128060 kB
Buffers:           12772 kB
Cached:           858036 kB
SwapCached:            0 kB
Active:          1081328 kB
Inactive:         572464 kB
Active(anon):     651112 kB
Inactive(anon):   172444 kB
Active(file):     430216 kB
Inactive(file):   400020 kB
Unevictable:        3896 kB
Mlocked:               0 kB
SwapTotal:        524284 kB
SwapFree:         523188 kB
Dirty:              1156 kB
Writeback:             0 kB
AnonPages:        786736 kB
Mapped:           483524 kB
Shmem:             36676 kB
Slab:             101896 kB
SReclaimable:      31768 kB
SUnreclaim:        70128 kB
KernelStack:       39056 kB
PageTables:        40280 kB
NFS_Unstable:          0 kB
Bounce:                0 kB
WritebackTmp:          0 kB
CommitLimit:     1815632 kB
Committed_AS:   112059292 kB
VmallocTotal:   251658176 kB
VmallocUsed:      120092 kB
VmallocChunk:   251446692 kB
Time pass: 133 sec

---2015-11-17 01:33:16
MemTotal:        2582696 kB
MemFree:          129968 kB
Buffers:           12772 kB
Cached:           858212 kB
SwapCached:            0 kB
Active:          1079028 kB
Inactive:         572624 kB
Active(anon):     648804 kB
Inactive(anon):   172444 kB
Active(file):     430224 kB
Inactive(file):   400180 kB
Unevictable:        3896 kB
Mlocked:               0 kB
SwapTotal:        524284 kB
SwapFree:         523188 kB
Dirty:               680 kB
Writeback:             0 kB
AnonPages:        784508 kB
Mapped:           483536 kB
Shmem:             36676 kB
Slab:             102088 kB
SReclaimable:      31848 kB
SUnreclaim:        70240 kB
KernelStack:       39056 kB
PageTables:        40280 kB
NFS_Unstable:          0 kB
Bounce:                0 kB
WritebackTmp:          0 kB
CommitLimit:     1815632 kB
Committed_AS:   112059284 kB
VmallocTotal:   251658176 kB
VmallocUsed:      120092 kB
VmallocChunk:   251446692 kB
Time pass: 137 sec

---2015-11-17 01:33:16
MemTotal:        2582696 kB
MemFree:          130624 kB
Buffers:           12780 kB
Cached:           858212 kB
SwapCached:            0 kB
Active:          1078808 kB
Inactive:         572628 kB
Active(anon):     648580 kB
Inactive(anon):   172444 kB
Active(file):     430228 kB
Inactive(file):   400184 kB
Unevictable:        3896 kB
Mlocked:               0 kB
SwapTotal:        524284 kB
SwapFree:         523188 kB
Dirty:               700 kB
Writeback:             0 kB
AnonPages:        784492 kB
Mapped:           483572 kB
Shmem:             36676 kB
Slab:             101976 kB
SReclaimable:      31848 kB
SUnreclaim:        70128 kB
KernelStack:       39056 kB
PageTables:        40276 kB
NFS_Unstable:          0 kB
Bounce:                0 kB
WritebackTmp:          0 kB
CommitLimit:     1815632 kB
Committed_AS:   112059276 kB
VmallocTotal:   251658176 kB
VmallocUsed:      120092 kB
VmallocChunk:   251446692 kB
Time pass: 141 sec

---2015-11-17 01:33:16
MemTotal:        2582696 kB
MemFree:          109568 kB
Buffers:           12780 kB
Cached:           858388 kB
SwapCached:            0 kB
Active:          1089736 kB
Inactive:         571812 kB
Active(anon):     658516 kB
Inactive(anon):   172592 kB
Active(file):     431220 kB
Inactive(file):   399220 kB
Unevictable:        3896 kB
Mlocked:               0 kB
SwapTotal:        524284 kB
SwapFree:         523188 kB
Dirty:               708 kB
Writeback:             0 kB
AnonPages:        794192 kB
Mapped:           486660 kB
Shmem:             36832 kB
Slab:             102308 kB
SReclaimable:      31848 kB
SUnreclaim:        70460 kB
KernelStack:       39456 kB
PageTables:        40480 kB
NFS_Unstable:          0 kB
Bounce:                0 kB
WritebackTmp:          0 kB
CommitLimit:     1815632 kB
Committed_AS:   112090924 kB
VmallocTotal:   251658176 kB
VmallocUsed:      122624 kB
VmallocChunk:   251446692 kB
Time pass: 144 sec

---2015-11-17 01:33:16
MemTotal:        2582696 kB
MemFree:          107208 kB
Buffers:           12768 kB
Cached:           858476 kB
SwapCached:            0 kB
Active:          1091712 kB
Inactive:         571972 kB
Active(anon):     660572 kB
Inactive(anon):   172744 kB
Active(file):     431140 kB
Inactive(file):   399228 kB
Unevictable:        3896 kB
Mlocked:               0 kB
SwapTotal:        524284 kB
SwapFree:         523184 kB
Dirty:               680 kB
Writeback:             0 kB
AnonPages:        796368 kB
Mapped:           487288 kB
Shmem:             36980 kB
Slab:             102304 kB
SReclaimable:      31864 kB
SUnreclaim:        70440 kB
KernelStack:       39424 kB
PageTables:        40568 kB
NFS_Unstable:          0 kB
Bounce:                0 kB
WritebackTmp:          0 kB
CommitLimit:     1815632 kB
Committed_AS:   112090936 kB
VmallocTotal:   251658176 kB
VmallocUsed:      122624 kB
VmallocChunk:   251446692 kB
Time pass: 148 sec

---2015-11-17 01:33:16
MemTotal:        2582696 kB
MemFree:          106880 kB
Buffers:           12768 kB
Cached:           858520 kB
SwapCached:            0 kB
Active:          1092200 kB
Inactive:         572016 kB
Active(anon):     661060 kB
Inactive(anon):   172788 kB
Active(file):     431140 kB
Inactive(file):   399228 kB
Unevictable:        3896 kB
Mlocked:               0 kB
SwapTotal:        524284 kB
SwapFree:         523184 kB
Dirty:               676 kB
Writeback:             0 kB
AnonPages:        796832 kB
Mapped:           487368 kB
Shmem:             37024 kB
Slab:             102344 kB
SReclaimable:      31864 kB
SUnreclaim:        70480 kB
KernelStack:       39424 kB
PageTables:        40556 kB
NFS_Unstable:          0 kB
Bounce:                0 kB
WritebackTmp:          0 kB
CommitLimit:     1815632 kB
Committed_AS:   112090932 kB
VmallocTotal:   251658176 kB
VmallocUsed:      122624 kB
VmallocChunk:   251446692 kB
Time pass: 152 sec

---2015-11-17 01:33:16
MemTotal:        2582696 kB
MemFree:          106788 kB
Buffers:           12768 kB
Cached:           858620 kB
SwapCached:            0 kB
Active:          1092392 kB
Inactive:         572116 kB
Active(anon):     661252 kB
Inactive(anon):   172888 kB
Active(file):     431140 kB
Inactive(file):   399228 kB
Unevictable:        3896 kB
Mlocked:               0 kB
SwapTotal:        524284 kB
SwapFree:         523184 kB
Dirty:               672 kB
Writeback:             0 kB
AnonPages:        797032 kB
Mapped:           487436 kB
Shmem:             37124 kB
Slab:             102304 kB
SReclaimable:      31864 kB
SUnreclaim:        70440 kB
KernelStack:       39424 kB
PageTables:        40572 kB
NFS_Unstable:          0 kB
Bounce:                0 kB
WritebackTmp:          0 kB
CommitLimit:     1815632 kB
Committed_AS:   112090932 kB
VmallocTotal:   251658176 kB
VmallocUsed:      122624 kB
VmallocChunk:   251446692 kB
Time pass: 155 sec

---2015-11-17 01:33:16
MemTotal:        2582696 kB
MemFree:          114108 kB
Buffers:           12808 kB
Cached:           847376 kB
SwapCached:            0 kB
Active:          1098772 kB
Inactive:         569656 kB
Active(anon):     676568 kB
Inactive(anon):   171872 kB
Active(file):     422204 kB
Inactive(file):   397784 kB
Unevictable:        3896 kB
Mlocked:               0 kB
SwapTotal:        524284 kB
SwapFree:         522476 kB
Dirty:               676 kB
Writeback:             0 kB
AnonPages:        812740 kB
Mapped:           490956 kB
Shmem:             36104 kB
Slab:             100228 kB
SReclaimable:      29728 kB
SUnreclaim:        70500 kB
KernelStack:       39392 kB
PageTables:        40904 kB
NFS_Unstable:          0 kB
Bounce:                0 kB
WritebackTmp:          0 kB
CommitLimit:     1815632 kB
Committed_AS:   113356608 kB
VmallocTotal:   251658176 kB
VmallocUsed:      123644 kB
VmallocChunk:   251446692 kB
Time pass: 159 sec

---2015-11-17 01:33:16
MemTotal:        2582696 kB
MemFree:          114072 kB
Buffers:           12808 kB
Cached:           841252 kB
SwapCached:            0 kB
Active:          1102168 kB
Inactive:         560028 kB
Active(anon):     676364 kB
Inactive(anon):   171956 kB
Active(file):     425804 kB
Inactive(file):   388072 kB
Unevictable:        3896 kB
Mlocked:               0 kB
SwapTotal:        524284 kB
SwapFree:         522460 kB
Dirty:               704 kB
Writeback:             0 kB
AnonPages:        812336 kB
Mapped:           487816 kB
Shmem:             36288 kB
Slab:             102344 kB
SReclaimable:      31952 kB
SUnreclaim:        70392 kB
KernelStack:       39488 kB
PageTables:        40596 kB
NFS_Unstable:          0 kB
Bounce:                0 kB
WritebackTmp:          0 kB
CommitLimit:     1815632 kB
Committed_AS:   112123900 kB
VmallocTotal:   251658176 kB
VmallocUsed:      122624 kB
VmallocChunk:   251446692 kB
Time pass: 163 sec

---2015-11-17 01:33:16
MemTotal:        2582696 kB
MemFree:          112928 kB
Buffers:           12808 kB
Cached:           841452 kB
SwapCached:            0 kB
Active:          1104800 kB
Inactive:         559592 kB
Active(anon):     678372 kB
Inactive(anon):   172140 kB
Active(file):     426428 kB
Inactive(file):   387452 kB
Unevictable:        3896 kB
Mlocked:               0 kB
SwapTotal:        524284 kB
SwapFree:         522460 kB
Dirty:               704 kB
Writeback:             0 kB
AnonPages:        813984 kB
Mapped:           488000 kB
Shmem:             36484 kB
Slab:             102228 kB
SReclaimable:      31824 kB
SUnreclaim:        70404 kB
KernelStack:       39440 kB
PageTables:        40620 kB
NFS_Unstable:          0 kB
Bounce:                0 kB
WritebackTmp:          0 kB
CommitLimit:     1815632 kB
Committed_AS:   112128028 kB
VmallocTotal:   251658176 kB
VmallocUsed:      122624 kB
VmallocChunk:   251446692 kB
Time pass: 166 sec

---2015-11-17 01:33:16
MemTotal:        2582696 kB
MemFree:          111536 kB
Buffers:           12808 kB
Cached:           841464 kB
SwapCached:            0 kB
Active:          1106152 kB
Inactive:         559616 kB
Active(anon):     679728 kB
Inactive(anon):   172160 kB
Active(file):     426424 kB
Inactive(file):   387456 kB
Unevictable:        3896 kB
Mlocked:               0 kB
SwapTotal:        524284 kB
SwapFree:         522460 kB
Dirty:               724 kB
Writeback:             0 kB
AnonPages:        815416 kB
Mapped:           488044 kB
Shmem:             36496 kB
Slab:             102232 kB
SReclaimable:      31824 kB
SUnreclaim:        70408 kB
KernelStack:       39488 kB
PageTables:        40640 kB
NFS_Unstable:          0 kB
Bounce:                0 kB
WritebackTmp:          0 kB
CommitLimit:     1815632 kB
Committed_AS:   112127920 kB
VmallocTotal:   251658176 kB
VmallocUsed:      122624 kB
VmallocChunk:   251446692 kB
Time pass: 170 sec

---2015-11-17 01:33:16
MemTotal:        2582696 kB
MemFree:          110092 kB
Buffers:           12808 kB
Cached:           841464 kB
SwapCached:            0 kB
Active:          1107484 kB
Inactive:         559616 kB
Active(anon):     681060 kB
Inactive(anon):   172160 kB
Active(file):     426424 kB
Inactive(file):   387456 kB
Unevictable:        3896 kB
Mlocked:               0 kB
SwapTotal:        524284 kB
SwapFree:         522460 kB
Dirty:               724 kB
Writeback:             0 kB
AnonPages:        816712 kB
Mapped:           488076 kB
Shmem:             36496 kB
Slab:             102224 kB
SReclaimable:      31824 kB
SUnreclaim:        70400 kB
KernelStack:       39712 kB
PageTables:        40604 kB
NFS_Unstable:          0 kB
Bounce:                0 kB
WritebackTmp:          0 kB
CommitLimit:     1815632 kB
Committed_AS:   112127852 kB
VmallocTotal:   251658176 kB
VmallocUsed:      122624 kB
VmallocChunk:   251446692 kB
Time pass: 174 sec

---2015-11-17 01:33:16
MemTotal:        2582696 kB
MemFree:          107616 kB
Buffers:           12808 kB
Cached:           841496 kB
SwapCached:            0 kB
Active:          1109608 kB
Inactive:         559636 kB
Active(anon):     683172 kB
Inactive(anon):   172160 kB
Active(file):     426436 kB
Inactive(file):   387476 kB
Unevictable:        3896 kB
Mlocked:               0 kB
SwapTotal:        524284 kB
SwapFree:         522460 kB
Dirty:               736 kB
Writeback:             0 kB
AnonPages:        818836 kB
Mapped:           490256 kB
Shmem:             36496 kB
Slab:             102104 kB
SReclaimable:      31728 kB
SUnreclaim:        70376 kB
KernelStack:       39392 kB
PageTables:        40832 kB
NFS_Unstable:          0 kB
Bounce:                0 kB
WritebackTmp:          0 kB
CommitLimit:     1815632 kB
Committed_AS:   113367740 kB
VmallocTotal:   251658176 kB
VmallocUsed:      123644 kB
VmallocChunk:   251446692 kB
Time pass: 177 sec

---2015-11-17 01:33:16
MemTotal:        2582696 kB
MemFree:          112784 kB
Buffers:           12808 kB
Cached:           838092 kB
SwapCached:            0 kB
Active:          1106988 kB
Inactive:         558556 kB
Active(anon):     683124 kB
Inactive(anon):   171912 kB
Active(file):     423864 kB
Inactive(file):   386644 kB
Unevictable:        3896 kB
Mlocked:               0 kB
SwapTotal:        524284 kB
SwapFree:         522332 kB
Dirty:               760 kB
Writeback:             0 kB
AnonPages:        818496 kB
Mapped:           488056 kB
Shmem:             36496 kB
Slab:             102092 kB
SReclaimable:      31568 kB
SUnreclaim:        70524 kB
KernelStack:       39424 kB
PageTables:        40624 kB
NFS_Unstable:          0 kB
Bounce:                0 kB
WritebackTmp:          0 kB
CommitLimit:     1815632 kB
Committed_AS:   112127876 kB
VmallocTotal:   251658176 kB
VmallocUsed:      122624 kB
VmallocChunk:   251446692 kB
Time pass: 181 sec

---2015-11-17 01:33:16
MemTotal:        2582696 kB
MemFree:          110952 kB
Buffers:           12816 kB
Cached:           838100 kB
SwapCached:            0 kB
Active:          1108236 kB
Inactive:         558572 kB
Active(anon):     684372 kB
Inactive(anon):   171920 kB
Active(file):     423864 kB
Inactive(file):   386652 kB
Unevictable:        3896 kB
Mlocked:               0 kB
SwapTotal:        524284 kB
SwapFree:         522332 kB
Dirty:               772 kB
Writeback:             0 kB
AnonPages:        819680 kB
Mapped:           488064 kB
Shmem:             36504 kB
Slab:             101960 kB
SReclaimable:      31568 kB
SUnreclaim:        70392 kB
KernelStack:       39424 kB
PageTables:        40624 kB
NFS_Unstable:          0 kB
Bounce:                0 kB
WritebackTmp:          0 kB
CommitLimit:     1815632 kB
Committed_AS:   112127892 kB
VmallocTotal:   251658176 kB
VmallocUsed:      122624 kB
VmallocChunk:   251446692 kB
Time pass: 184 sec

---2015-11-17 01:33:16
MemTotal:        2582696 kB
MemFree:          111028 kB
Buffers:           12816 kB
Cached:           838100 kB
SwapCached:            0 kB
Active:          1109244 kB
Inactive:         558564 kB
Active(anon):     685372 kB
Inactive(anon):   171920 kB
Active(file):     423872 kB
Inactive(file):   386644 kB
Unevictable:        3896 kB
Mlocked:               0 kB
SwapTotal:        524284 kB
SwapFree:         522332 kB
Dirty:               740 kB
Writeback:             0 kB
AnonPages:        820800 kB
Mapped:           488044 kB
Shmem:             36504 kB
Slab:             101976 kB
SReclaimable:      31568 kB
SUnreclaim:        70408 kB
KernelStack:       39488 kB
PageTables:        40604 kB
NFS_Unstable:          0 kB
Bounce:                0 kB
WritebackTmp:          0 kB
CommitLimit:     1815632 kB
Committed_AS:   112127800 kB
VmallocTotal:   251658176 kB
VmallocUsed:      122624 kB
VmallocChunk:   251446692 kB
Time pass: 188 sec

---2015-11-17 01:33:16
MemTotal:        2582696 kB
MemFree:          112396 kB
Buffers:           12816 kB
Cached:           835412 kB
SwapCached:            0 kB
Active:          1107360 kB
Inactive:         559304 kB
Active(anon):     686040 kB
Inactive(anon):   172796 kB
Active(file):     421320 kB
Inactive(file):   386508 kB
Unevictable:        3896 kB
Mlocked:               0 kB
SwapTotal:        524284 kB
SwapFree:         522176 kB
Dirty:               732 kB
Writeback:             0 kB
AnonPages:        822480 kB
Mapped:           488104 kB
Shmem:             36504 kB
Slab:             101984 kB
SReclaimable:      31568 kB
SUnreclaim:        70416 kB
KernelStack:       39744 kB
PageTables:        40612 kB
NFS_Unstable:          0 kB
Bounce:                0 kB
WritebackTmp:          0 kB
CommitLimit:     1815632 kB
Committed_AS:   112127860 kB
VmallocTotal:   251658176 kB
VmallocUsed:      122624 kB
VmallocChunk:   251446692 kB
Time pass: 191 sec

---2015-11-17 01:33:16
MemTotal:        2582696 kB
MemFree:          111924 kB
Buffers:           12816 kB
Cached:           835420 kB
SwapCached:            0 kB
Active:          1107708 kB
Inactive:         559320 kB
Active(anon):     686396 kB
Inactive(anon):   172800 kB
Active(file):     421312 kB
Inactive(file):   386520 kB
Unevictable:        3896 kB
Mlocked:               0 kB
SwapTotal:        524284 kB
SwapFree:         522176 kB
Dirty:               736 kB
Writeback:             0 kB
AnonPages:        822828 kB
Mapped:           488076 kB
Shmem:             36508 kB
Slab:             102008 kB
SReclaimable:      31576 kB
SUnreclaim:        70432 kB
KernelStack:       39408 kB
PageTables:        40632 kB
NFS_Unstable:          0 kB
Bounce:                0 kB
WritebackTmp:          0 kB
CommitLimit:     1815632 kB
Committed_AS:   112127912 kB
VmallocTotal:   251658176 kB
VmallocUsed:      122624 kB
VmallocChunk:   251446692 kB
Time pass: 195 sec

---2015-11-17 01:33:16
MemTotal:        2582696 kB
MemFree:          110564 kB
Buffers:           12816 kB
Cached:           835476 kB
SwapCached:            0 kB
Active:          1108892 kB
Inactive:         559376 kB
Active(anon):     687580 kB
Inactive(anon):   172800 kB
Active(file):     421312 kB
Inactive(file):   386576 kB
Unevictable:        3896 kB
Mlocked:               0 kB
SwapTotal:        524284 kB
SwapFree:         522176 kB
Dirty:               744 kB
Writeback:             0 kB
AnonPages:        823948 kB
Mapped:           488076 kB
Shmem:             36508 kB
Slab:             102040 kB
SReclaimable:      31576 kB
SUnreclaim:        70464 kB
KernelStack:       39408 kB
PageTables:        40628 kB
NFS_Unstable:          0 kB
Bounce:                0 kB
WritebackTmp:          0 kB
CommitLimit:     1815632 kB
Committed_AS:   112127984 kB
VmallocTotal:   251658176 kB
VmallocUsed:      122624 kB
VmallocChunk:   251446692 kB
Time pass: 199 sec

---2015-11-17 01:33:16
MemTotal:        2582696 kB
MemFree:          109192 kB
Buffers:           12824 kB
Cached:           835488 kB
SwapCached:            0 kB
Active:          1110456 kB
Inactive:         559396 kB
Active(anon):     689144 kB
Inactive(anon):   172800 kB
Active(file):     421312 kB
Inactive(file):   386596 kB
Unevictable:        3896 kB
Mlocked:               0 kB
SwapTotal:        524284 kB
SwapFree:         522176 kB
Dirty:               752 kB
Writeback:             0 kB
AnonPages:        825308 kB
Mapped:           488076 kB
Shmem:             36508 kB
Slab:             101984 kB
SReclaimable:      31576 kB
SUnreclaim:        70408 kB
KernelStack:       39408 kB
PageTables:        40632 kB
NFS_Unstable:          0 kB
Bounce:                0 kB
WritebackTmp:          0 kB
CommitLimit:     1815632 kB
Committed_AS:   112127928 kB
VmallocTotal:   251658176 kB
VmallocUsed:      122624 kB
VmallocChunk:   251446692 kB
Time pass: 202 sec

---2015-11-17 01:33:16
MemTotal:        2582696 kB
MemFree:          113176 kB
Buffers:           12824 kB
Cached:           834288 kB
SwapCached:            0 kB
Active:          1106012 kB
Inactive:         560972 kB
Active(anon):     687188 kB
Inactive(anon):   173416 kB
Active(file):     418824 kB
Inactive(file):   387556 kB
Unevictable:        3896 kB
Mlocked:               0 kB
SwapTotal:        524284 kB
SwapFree:         521980 kB
Dirty:               764 kB
Writeback:             0 kB
AnonPages:        823776 kB
Mapped:           488028 kB
Shmem:             36508 kB
Slab:             102020 kB
SReclaimable:      31576 kB
SUnreclaim:        70444 kB
KernelStack:       39376 kB
PageTables:        40628 kB
NFS_Unstable:          0 kB
Bounce:                0 kB
WritebackTmp:          0 kB
CommitLimit:     1815632 kB
Committed_AS:   112121964 kB
VmallocTotal:   251658176 kB
VmallocUsed:      122624 kB
VmallocChunk:   251446692 kB
Time pass: 206 sec

---2015-11-17 01:33:16
MemTotal:        2582696 kB
MemFree:          112660 kB
Buffers:           12824 kB
Cached:           834244 kB
SwapCached:            0 kB
Active:          1105616 kB
Inactive:         561256 kB
Active(anon):     686792 kB
Inactive(anon):   173408 kB
Active(file):     418824 kB
Inactive(file):   387848 kB
Unevictable:        3896 kB
Mlocked:               0 kB
SwapTotal:        524284 kB
SwapFree:         521980 kB
Dirty:               768 kB
Writeback:             0 kB
AnonPages:        823764 kB
Mapped:           488224 kB
Shmem:             36500 kB
Slab:             102084 kB
SReclaimable:      31576 kB
SUnreclaim:        70508 kB
KernelStack:       39744 kB
PageTables:        40616 kB
NFS_Unstable:          0 kB
Bounce:                0 kB
WritebackTmp:          0 kB
CommitLimit:     1815632 kB
Committed_AS:   112122072 kB
VmallocTotal:   251658176 kB
VmallocUsed:      122624 kB
VmallocChunk:   251446692 kB
Time pass: 209 sec

---2015-11-17 01:33:16
MemTotal:        2582696 kB
MemFree:          122804 kB
Buffers:           12824 kB
Cached:           834264 kB
SwapCached:            0 kB
Active:          1095796 kB
Inactive:         561272 kB
Active(anon):     676972 kB
Inactive(anon):   173404 kB
Active(file):     418824 kB
Inactive(file):   387868 kB
Unevictable:        3896 kB
Mlocked:               0 kB
SwapTotal:        524284 kB
SwapFree:         521980 kB
Dirty:               760 kB
Writeback:             0 kB
AnonPages:        813768 kB
Mapped:           488240 kB
Shmem:             36500 kB
Slab:             102064 kB
SReclaimable:      31576 kB
SUnreclaim:        70488 kB
KernelStack:       39408 kB
PageTables:        40608 kB
NFS_Unstable:          0 kB
Bounce:                0 kB
WritebackTmp:          0 kB
CommitLimit:     1815632 kB
Committed_AS:   112121952 kB
VmallocTotal:   251658176 kB
VmallocUsed:      122624 kB
VmallocChunk:   251446692 kB
Time pass: 213 sec

---2015-11-17 01:33:16
MemTotal:        2582696 kB
MemFree:          122144 kB
Buffers:           12824 kB
Cached:           834372 kB
SwapCached:            0 kB
Active:          1096168 kB
Inactive:         561380 kB
Active(anon):     677344 kB
Inactive(anon):   173404 kB
Active(file):     418824 kB
Inactive(file):   387976 kB
Unevictable:        3896 kB
Mlocked:               0 kB
SwapTotal:        524284 kB
SwapFree:         521980 kB
Dirty:               768 kB
Writeback:             0 kB
AnonPages:        814344 kB
Mapped:           488244 kB
Shmem:             36500 kB
Slab:             102120 kB
SReclaimable:      31576 kB
SUnreclaim:        70544 kB
KernelStack:       39408 kB
PageTables:        40632 kB
NFS_Unstable:          0 kB
Bounce:                0 kB
WritebackTmp:          0 kB
CommitLimit:     1815632 kB
Committed_AS:   112122048 kB
VmallocTotal:   251658176 kB
VmallocUsed:      122624 kB
VmallocChunk:   251446692 kB
Time pass: 217 sec

---2015-11-17 01:33:16
MemTotal:        2582696 kB
MemFree:          121472 kB
Buffers:           12824 kB
Cached:           834380 kB
SwapCached:            0 kB
Active:          1096908 kB
Inactive:         561392 kB
Active(anon):     678088 kB
Inactive(anon):   173404 kB
Active(file):     418820 kB
Inactive(file):   387988 kB
Unevictable:        3896 kB
Mlocked:               0 kB
SwapTotal:        524284 kB
SwapFree:         521980 kB
Dirty:               784 kB
Writeback:             0 kB
AnonPages:        815016 kB
Mapped:           488248 kB
Shmem:             36500 kB
Slab:             102000 kB
SReclaimable:      31576 kB
SUnreclaim:        70424 kB
KernelStack:       39408 kB
PageTables:        40636 kB
NFS_Unstable:          0 kB
Bounce:                0 kB
WritebackTmp:          0 kB
CommitLimit:     1815632 kB
Committed_AS:   112122020 kB
VmallocTotal:   251658176 kB
VmallocUsed:      122624 kB
VmallocChunk:   251446692 kB
Time pass: 220 sec

---2015-11-17 01:33:16
MemTotal:        2582696 kB
MemFree:          120428 kB
Buffers:           12824 kB
Cached:           834436 kB
SwapCached:            0 kB
Active:          1098080 kB
Inactive:         561440 kB
Active(anon):     679252 kB
Inactive(anon):   173404 kB
Active(file):     418828 kB
Inactive(file):   388036 kB
Unevictable:        3896 kB
Mlocked:               0 kB
SwapTotal:        524284 kB
SwapFree:         521980 kB
Dirty:               768 kB
Writeback:             0 kB
AnonPages:        816148 kB
Mapped:           488096 kB
Shmem:             36500 kB
Slab:             102000 kB
SReclaimable:      31576 kB
SUnreclaim:        70424 kB
KernelStack:       39552 kB
PageTables:        40620 kB
NFS_Unstable:          0 kB
Bounce:                0 kB
WritebackTmp:          0 kB
CommitLimit:     1815632 kB
Committed_AS:   112126128 kB
VmallocTotal:   251658176 kB
VmallocUsed:      122624 kB
VmallocChunk:   251446692 kB
Time pass: 224 sec

---2015-11-17 01:33:16
MemTotal:        2582696 kB
MemFree:          120200 kB
Buffers:           12832 kB
Cached:           834440 kB
SwapCached:            0 kB
Active:          1098440 kB
Inactive:         561452 kB
Active(anon):     679612 kB
Inactive(anon):   173408 kB
Active(file):     418828 kB
Inactive(file):   388044 kB
Unevictable:        3896 kB
Mlocked:               0 kB
SwapTotal:        524284 kB
SwapFree:         521980 kB
Dirty:               768 kB
Writeback:             0 kB
AnonPages:        816356 kB
Mapped:           488312 kB
Shmem:             36504 kB
Slab:             101988 kB
SReclaimable:      31576 kB
SUnreclaim:        70412 kB
KernelStack:       39408 kB
PageTables:        40604 kB
NFS_Unstable:          0 kB
Bounce:                0 kB
WritebackTmp:          0 kB
CommitLimit:     1815632 kB
Committed_AS:   112125144 kB
VmallocTotal:   251658176 kB
VmallocUsed:      122624 kB
VmallocChunk:   251446692 kB
Time pass: 227 sec

---2015-11-17 01:33:16
MemTotal:        2582696 kB
MemFree:          120284 kB
Buffers:           12832 kB
Cached:           834440 kB
SwapCached:            0 kB
Active:          1098136 kB
Inactive:         561460 kB
Active(anon):     679316 kB
Inactive(anon):   173408 kB
Active(file):     418820 kB
Inactive(file):   388052 kB
Unevictable:        3896 kB
Mlocked:               0 kB
SwapTotal:        524284 kB
SwapFree:         521980 kB
Dirty:               780 kB
Writeback:             0 kB
AnonPages:        816304 kB
Mapped:           488260 kB
Shmem:             36504 kB
Slab:             101988 kB
SReclaimable:      31576 kB
SUnreclaim:        70412 kB
KernelStack:       38992 kB
PageTables:        40640 kB
NFS_Unstable:          0 kB
Bounce:                0 kB
WritebackTmp:          0 kB
CommitLimit:     1815632 kB
Committed_AS:   112125024 kB
VmallocTotal:   251658176 kB
VmallocUsed:      122624 kB
VmallocChunk:   251446692 kB
Time pass: 231 sec

---2015-11-17 01:33:16
MemTotal:        2582696 kB
MemFree:          118988 kB
Buffers:           12832 kB
Cached:           834440 kB
SwapCached:            0 kB
Active:          1099780 kB
Inactive:         561460 kB
Active(anon):     680960 kB
Inactive(anon):   173408 kB
Active(file):     418820 kB
Inactive(file):   388052 kB
Unevictable:        3896 kB
Mlocked:               0 kB
SwapTotal:        524284 kB
SwapFree:         521980 kB
Dirty:               792 kB
Writeback:             0 kB
AnonPages:        817676 kB
Mapped:           488260 kB
Shmem:             36504 kB
Slab:             102016 kB
SReclaimable:      31592 kB
SUnreclaim:        70424 kB
KernelStack:       39024 kB
PageTables:        40628 kB
NFS_Unstable:          0 kB
Bounce:                0 kB
WritebackTmp:          0 kB
CommitLimit:     1815632 kB
Committed_AS:   112124888 kB
VmallocTotal:   251658176 kB
VmallocUsed:      122624 kB
VmallocChunk:   251446692 kB
Time pass: 234 sec

---2015-11-17 01:33:16
MemTotal:        2582696 kB
MemFree:          118420 kB
Buffers:           12832 kB
Cached:           834440 kB
SwapCached:            0 kB
Active:          1100644 kB
Inactive:         561456 kB
Active(anon):     681820 kB
Inactive(anon):   173408 kB
Active(file):     418824 kB
Inactive(file):   388048 kB
Unevictable:        3896 kB
Mlocked:               0 kB
SwapTotal:        524284 kB
SwapFree:         521980 kB
Dirty:               780 kB
Writeback:             0 kB
AnonPages:        818756 kB
Mapped:           488256 kB
Shmem:             36504 kB
Slab:             102000 kB
SReclaimable:      31592 kB
SUnreclaim:        70408 kB
KernelStack:       38960 kB
PageTables:        40624 kB
NFS_Unstable:          0 kB
Bounce:                0 kB
WritebackTmp:          0 kB
CommitLimit:     1815632 kB
Committed_AS:   112124888 kB
VmallocTotal:   251658176 kB
VmallocUsed:      122624 kB
VmallocChunk:   251446692 kB
Time pass: 238 sec

---2015-11-17 01:33:16
MemTotal:        2582696 kB
MemFree:          116796 kB
Buffers:           12832 kB
Cached:           834440 kB
SwapCached:            0 kB
Active:          1102268 kB
Inactive:         561452 kB
Active(anon):     683440 kB
Inactive(anon):   173408 kB
Active(file):     418828 kB
Inactive(file):   388044 kB
Unevictable:        3896 kB
Mlocked:               0 kB
SwapTotal:        524284 kB
SwapFree:         521980 kB
Dirty:               788 kB
Writeback:             0 kB
AnonPages:        820488 kB
Mapped:           488168 kB
Shmem:             36504 kB
Slab:             102000 kB
SReclaimable:      31592 kB
SUnreclaim:        70408 kB
KernelStack:       39104 kB
PageTables:        40612 kB
NFS_Unstable:          0 kB
Bounce:                0 kB
WritebackTmp:          0 kB
CommitLimit:     1815632 kB
Committed_AS:   112124776 kB
VmallocTotal:   251658176 kB
VmallocUsed:      122624 kB
VmallocChunk:   251446692 kB
Time pass: 242 sec

---2015-11-17 01:33:16
MemTotal:        2582696 kB
MemFree:          111780 kB
Buffers:           12832 kB
Cached:           834536 kB
SwapCached:            0 kB
Active:          1106528 kB
Inactive:         561552 kB
Active(anon):     687704 kB
Inactive(anon):   173504 kB
Active(file):     418824 kB
Inactive(file):   388048 kB
Unevictable:        3896 kB
Mlocked:               0 kB
SwapTotal:        524284 kB
SwapFree:         521980 kB
Dirty:               780 kB
Writeback:             0 kB
AnonPages:        824844 kB
Mapped:           492524 kB
Shmem:             36600 kB
Slab:             101984 kB
SReclaimable:      31592 kB
SUnreclaim:        70392 kB
KernelStack:       39216 kB
PageTables:        41028 kB
NFS_Unstable:          0 kB
Bounce:                0 kB
WritebackTmp:          0 kB
CommitLimit:     1815632 kB
Committed_AS:   113366832 kB
VmallocTotal:   251658176 kB
VmallocUsed:      123644 kB
VmallocChunk:   251434404 kB
Time pass: 245 sec

---2015-11-17 01:33:16
MemTotal:        2582696 kB
MemFree:          116320 kB
Buffers:           12832 kB
Cached:           834556 kB
SwapCached:            0 kB
Active:          1103008 kB
Inactive:         561572 kB
Active(anon):     684184 kB
Inactive(anon):   173520 kB
Active(file):     418824 kB
Inactive(file):   388052 kB
Unevictable:        3896 kB
Mlocked:               0 kB
SwapTotal:        524284 kB
SwapFree:         521980 kB
Dirty:               780 kB
Writeback:             0 kB
AnonPages:        820880 kB
Mapped:           488368 kB
Shmem:             36616 kB
Slab:             102024 kB
SReclaimable:      31608 kB
SUnreclaim:        70416 kB
KernelStack:       38960 kB
PageTables:        40624 kB
NFS_Unstable:          0 kB
Bounce:                0 kB
WritebackTmp:          0 kB
CommitLimit:     1815632 kB
Committed_AS:   112124848 kB
VmallocTotal:   251658176 kB
VmallocUsed:      122624 kB
VmallocChunk:   251446692 kB
Time pass: 249 sec

---2015-11-17 01:33:16
MemTotal:        2582696 kB
MemFree:          116820 kB
Buffers:           12832 kB
Cached:           834948 kB
SwapCached:            0 kB
Active:          1101456 kB
Inactive:         561960 kB
Active(anon):     682632 kB
Inactive(anon):   173624 kB
Active(file):     418824 kB
Inactive(file):   388336 kB
Unevictable:        3896 kB
Mlocked:               0 kB
SwapTotal:        524284 kB
SwapFree:         521980 kB
Dirty:               796 kB
Writeback:             0 kB
AnonPages:        819724 kB
Mapped:           488524 kB
Shmem:             36724 kB
Slab:             102084 kB
SReclaimable:      31608 kB
SUnreclaim:        70476 kB
KernelStack:       38976 kB
PageTables:        40620 kB
NFS_Unstable:          0 kB
Bounce:                0 kB
WritebackTmp:          0 kB
CommitLimit:     1815632 kB
Committed_AS:   112124392 kB
VmallocTotal:   251658176 kB
VmallocUsed:      122624 kB
VmallocChunk:   251446692 kB
Time pass: 252 sec

---2015-11-17 01:33:16
MemTotal:        2582696 kB
MemFree:          122816 kB
Buffers:           12832 kB
Cached:           835776 kB
SwapCached:            0 kB
Active:          1094788 kB
Inactive:         562760 kB
Active(anon):     675948 kB
Inactive(anon):   173624 kB
Active(file):     418840 kB
Inactive(file):   389136 kB
Unevictable:        3896 kB
Mlocked:               0 kB
SwapTotal:        524284 kB
SwapFree:         521980 kB
Dirty:              1608 kB
Writeback:             0 kB
AnonPages:        812872 kB
Mapped:           488532 kB
Shmem:             36724 kB
Slab:             102092 kB
SReclaimable:      31608 kB
SUnreclaim:        70484 kB
KernelStack:       39008 kB
PageTables:        40612 kB
NFS_Unstable:          0 kB
Bounce:                0 kB
WritebackTmp:          0 kB
CommitLimit:     1815632 kB
Committed_AS:   112124200 kB
VmallocTotal:   251658176 kB
VmallocUsed:      122624 kB
VmallocChunk:   251446692 kB
Time pass: 256 sec

---2015-11-17 01:33:16
MemTotal:        2582696 kB
MemFree:          121536 kB
Buffers:           12832 kB
Cached:           835776 kB
SwapCached:            0 kB
Active:          1095252 kB
Inactive:         562756 kB
Active(anon):     676396 kB
Inactive(anon):   173624 kB
Active(file):     418856 kB
Inactive(file):   389132 kB
Unevictable:        3896 kB
Mlocked:               0 kB
SwapTotal:        524284 kB
SwapFree:         521980 kB
Dirty:               832 kB
Writeback:             0 kB
AnonPages:        813260 kB
Mapped:           488444 kB
Shmem:             36724 kB
Slab:             102092 kB
SReclaimable:      31608 kB
SUnreclaim:        70484 kB
KernelStack:       39296 kB
PageTables:        40596 kB
NFS_Unstable:          0 kB
Bounce:                0 kB
WritebackTmp:          0 kB
CommitLimit:     1815632 kB
Committed_AS:   112124280 kB
VmallocTotal:   251658176 kB
VmallocUsed:      122624 kB
VmallocChunk:   251446692 kB
Time pass: 260 sec

---2015-11-17 01:33:16
MemTotal:        2582696 kB
MemFree:          117884 kB
Buffers:           12840 kB
Cached:           835780 kB
SwapCached:            0 kB
Active:          1099372 kB
Inactive:         562772 kB
Active(anon):     680520 kB
Inactive(anon):   173624 kB
Active(file):     418852 kB
Inactive(file):   389148 kB
Unevictable:        3896 kB
Mlocked:               0 kB
SwapTotal:        524284 kB
SwapFree:         521980 kB
Dirty:               828 kB
Writeback:             0 kB
AnonPages:        817244 kB
Mapped:           492608 kB
Shmem:             36724 kB
Slab:             102080 kB
SReclaimable:      31608 kB
SUnreclaim:        70472 kB
KernelStack:       39072 kB
PageTables:        40868 kB
NFS_Unstable:          0 kB
Bounce:                0 kB
WritebackTmp:          0 kB
CommitLimit:     1815632 kB
Committed_AS:   113366320 kB
VmallocTotal:   251658176 kB
VmallocUsed:      123644 kB
VmallocChunk:   251446692 kB
Time pass: 263 sec

---2015-11-17 01:33:16
MemTotal:        2582696 kB
MemFree:          120976 kB
Buffers:           12848 kB
Cached:           835784 kB
SwapCached:            0 kB
Active:          1095868 kB
Inactive:         562788 kB
Active(anon):     677020 kB
Inactive(anon):   173624 kB
Active(file):     418848 kB
Inactive(file):   389164 kB
Unevictable:        3896 kB
Mlocked:               0 kB
SwapTotal:        524284 kB
SwapFree:         521980 kB
Dirty:               852 kB
Writeback:             0 kB
AnonPages:        813976 kB
Mapped:           488536 kB
Shmem:             36724 kB
Slab:             102124 kB
SReclaimable:      31624 kB
SUnreclaim:        70500 kB
KernelStack:       38960 kB
PageTables:        40620 kB
NFS_Unstable:          0 kB
Bounce:                0 kB
WritebackTmp:          0 kB
CommitLimit:     1815632 kB
Committed_AS:   112124420 kB
VmallocTotal:   251658176 kB
VmallocUsed:      122624 kB
VmallocChunk:   251446692 kB
Time pass: 267 sec

---2015-11-17 01:33:16
MemTotal:        2582696 kB
MemFree:          120064 kB
Buffers:           12848 kB
Cached:           835784 kB
SwapCached:            0 kB
Active:          1096916 kB
Inactive:         562788 kB
Active(anon):     678068 kB
Inactive(anon):   173624 kB
Active(file):     418848 kB
Inactive(file):   389164 kB
Unevictable:        3896 kB
Mlocked:               0 kB
SwapTotal:        524284 kB
SwapFree:         521980 kB
Dirty:               844 kB
Writeback:             0 kB
AnonPages:        814976 kB
Mapped:           488536 kB
Shmem:             36724 kB
Slab:             102112 kB
SReclaimable:      31624 kB
SUnreclaim:        70488 kB
KernelStack:       39008 kB
PageTables:        40620 kB
NFS_Unstable:          0 kB
Bounce:                0 kB
WritebackTmp:          0 kB
CommitLimit:     1815632 kB
Committed_AS:   112124340 kB
VmallocTotal:   251658176 kB
VmallocUsed:      122624 kB
VmallocChunk:   251446692 kB
Time pass: 270 sec

---2015-11-17 01:33:16
MemTotal:        2582696 kB
MemFree:          118884 kB
Buffers:           12856 kB
Cached:           835784 kB
SwapCached:            0 kB
Active:          1098052 kB
Inactive:         562796 kB
Active(anon):     679204 kB
Inactive(anon):   173624 kB
Active(file):     418848 kB
Inactive(file):   389172 kB
Unevictable:        3896 kB
Mlocked:               0 kB
SwapTotal:        524284 kB
SwapFree:         521980 kB
Dirty:               848 kB
Writeback:             0 kB
AnonPages:        816124 kB
Mapped:           488540 kB
Shmem:             36724 kB
Slab:             102112 kB
SReclaimable:      31624 kB
SUnreclaim:        70488 kB
KernelStack:       38960 kB
PageTables:        40628 kB
NFS_Unstable:          0 kB
Bounce:                0 kB
WritebackTmp:          0 kB
CommitLimit:     1815632 kB
Committed_AS:   112124404 kB
VmallocTotal:   251658176 kB
VmallocUsed:      122624 kB
VmallocChunk:   251446692 kB
Time pass: 274 sec

---2015-11-17 01:33:16
MemTotal:        2582696 kB
MemFree:          117876 kB
Buffers:           12856 kB
Cached:           836036 kB
SwapCached:            0 kB
Active:          1099652 kB
Inactive:         563040 kB
Active(anon):     680796 kB
Inactive(anon):   173624 kB
Active(file):     418856 kB
Inactive(file):   389416 kB
Unevictable:        3896 kB
Mlocked:               0 kB
SwapTotal:        524284 kB
SwapFree:         521980 kB
Dirty:               832 kB
Writeback:             0 kB
AnonPages:        817988 kB
Mapped:           488420 kB
Shmem:             36724 kB
Slab:             102148 kB
SReclaimable:      31624 kB
SUnreclaim:        70524 kB
KernelStack:       39264 kB
PageTables:        40604 kB
NFS_Unstable:          0 kB
Bounce:                0 kB
WritebackTmp:          0 kB
CommitLimit:     1815632 kB
Committed_AS:   112124388 kB
VmallocTotal:   251658176 kB
VmallocUsed:      122624 kB
VmallocChunk:   251446692 kB
Time pass: 278 sec

---2015-11-17 01:33:16
MemTotal:        2582696 kB
MemFree:          115116 kB
Buffers:           12864 kB
Cached:           837004 kB
SwapCached:            0 kB
Active:          1101104 kB
Inactive:         564024 kB
Active(anon):     682256 kB
Inactive(anon):   173656 kB
Active(file):     418848 kB
Inactive(file):   390368 kB
Unevictable:        3896 kB
Mlocked:               0 kB
SwapTotal:        524284 kB
SwapFree:         521980 kB
Dirty:               868 kB
Writeback:             0 kB
AnonPages:        819444 kB
Mapped:           491324 kB
Shmem:             36756 kB
Slab:             102076 kB
SReclaimable:      31624 kB
SUnreclaim:        70452 kB
KernelStack:       39024 kB
PageTables:        40848 kB
NFS_Unstable:          0 kB
Bounce:                0 kB
WritebackTmp:          0 kB
CommitLimit:     1815632 kB
Committed_AS:   113364432 kB
VmallocTotal:   251658176 kB
VmallocUsed:      123644 kB
VmallocChunk:   251446692 kB
Time pass: 281 sec

---2015-11-17 01:33:16
MemTotal:        2582696 kB
MemFree:          114860 kB
Buffers:           12864 kB
Cached:           837016 kB
SwapCached:            0 kB
Active:          1100748 kB
Inactive:         564024 kB
Active(anon):     681888 kB
Inactive(anon):   173656 kB
Active(file):     418860 kB
Inactive(file):   390368 kB
Unevictable:        3896 kB
Mlocked:               0 kB
SwapTotal:        524284 kB
SwapFree:         521980 kB
Dirty:               868 kB
Writeback:             0 kB
AnonPages:        818712 kB
Mapped:           488684 kB
Shmem:             36756 kB
Slab:             102064 kB
SReclaimable:      31640 kB
SUnreclaim:        70424 kB
KernelStack:       39024 kB
PageTables:        40620 kB
NFS_Unstable:          0 kB
Bounce:                0 kB
WritebackTmp:          0 kB
CommitLimit:     1815632 kB
Committed_AS:   112124596 kB
VmallocTotal:   251658176 kB
VmallocUsed:      122624 kB
VmallocChunk:   251446692 kB
Time pass: 285 sec

---2015-11-17 01:33:16
MemTotal:        2582696 kB
MemFree:          113920 kB
Buffers:           12864 kB
Cached:           837016 kB
SwapCached:            0 kB
Active:          1101940 kB
Inactive:         564016 kB
Active(anon):     683076 kB
Inactive(anon):   173652 kB
Active(file):     418864 kB
Inactive(file):   390364 kB
Unevictable:        3896 kB
Mlocked:               0 kB
SwapTotal:        524284 kB
SwapFree:         521980 kB
Dirty:               848 kB
Writeback:             0 kB
AnonPages:        819864 kB
Mapped:           488684 kB
Shmem:             36756 kB
Slab:             102008 kB
SReclaimable:      31592 kB
SUnreclaim:        70416 kB
KernelStack:       39024 kB
PageTables:        40628 kB
NFS_Unstable:          0 kB
Bounce:                0 kB
WritebackTmp:          0 kB
CommitLimit:     1815632 kB
Committed_AS:   112124396 kB
VmallocTotal:   251658176 kB
VmallocUsed:      122624 kB
VmallocChunk:   251446692 kB
Time pass: 288 sec

---2015-11-17 01:33:16
MemTotal:        2582696 kB
MemFree:          113196 kB
Buffers:           12864 kB
Cached:           837016 kB
SwapCached:            0 kB
Active:          1102768 kB
Inactive:         564020 kB
Active(anon):     683908 kB
Inactive(anon):   173652 kB
Active(file):     418860 kB
Inactive(file):   390368 kB
Unevictable:        3896 kB
Mlocked:               0 kB
SwapTotal:        524284 kB
SwapFree:         521980 kB
Dirty:               868 kB
Writeback:             0 kB
AnonPages:        820808 kB
Mapped:           488688 kB
Shmem:             36756 kB
Slab:             102032 kB
SReclaimable:      31592 kB
SUnreclaim:        70440 kB
KernelStack:       39056 kB
PageTables:        40624 kB
NFS_Unstable:          0 kB
Bounce:                0 kB
WritebackTmp:          0 kB
CommitLimit:     1815632 kB
Committed_AS:   112124572 kB
VmallocTotal:   251658176 kB
VmallocUsed:      122624 kB
VmallocChunk:   251446692 kB
Time pass: 292 sec

---2015-11-17 01:33:16
MemTotal:        2582696 kB
MemFree:          111480 kB
Buffers:           12864 kB
Cached:           837016 kB
SwapCached:            0 kB
Active:          1104100 kB
Inactive:         564012 kB
Active(anon):     685232 kB
Inactive(anon):   173652 kB
Active(file):     418868 kB
Inactive(file):   390360 kB
Unevictable:        3896 kB
Mlocked:               0 kB
SwapTotal:        524284 kB
SwapFree:         521980 kB
Dirty:               856 kB
Writeback:             0 kB
AnonPages:        822004 kB
Mapped:           488712 kB
Shmem:             36756 kB
Slab:             102176 kB
SReclaimable:      31592 kB
SUnreclaim:        70584 kB
KernelStack:       39328 kB
PageTables:        40600 kB
NFS_Unstable:          0 kB
Bounce:                0 kB
WritebackTmp:          0 kB
CommitLimit:     1815632 kB
Committed_AS:   112124548 kB
VmallocTotal:   251658176 kB
VmallocUsed:      122624 kB
VmallocChunk:   251446692 kB
Time pass: 295 sec

---2015-11-17 01:33:16
MemTotal:        2582696 kB
MemFree:          111248 kB
Buffers:           12864 kB
Cached:           837016 kB
SwapCached:            0 kB
Active:          1104420 kB
Inactive:         564016 kB
Active(anon):     685556 kB
Inactive(anon):   173652 kB
Active(file):     418864 kB
Inactive(file):   390364 kB
Unevictable:        3896 kB
Mlocked:               0 kB
SwapTotal:        524284 kB
SwapFree:         521980 kB
Dirty:               848 kB
Writeback:             0 kB
AnonPages:        822552 kB
Mapped:           488688 kB
Shmem:             36756 kB
Slab:             102032 kB
SReclaimable:      31592 kB
SUnreclaim:        70440 kB
KernelStack:       39008 kB
PageTables:        40624 kB
NFS_Unstable:          0 kB
Bounce:                0 kB
WritebackTmp:          0 kB
CommitLimit:     1815632 kB
Committed_AS:   112124492 kB
VmallocTotal:   251658176 kB
VmallocUsed:      122624 kB
VmallocChunk:   251446692 kB
Time pass: 299 sec

---2015-11-17 01:33:16
MemTotal:        2582696 kB
MemFree:          110756 kB
Buffers:           12864 kB
Cached:           837016 kB
SwapCached:            0 kB
Active:          1105284 kB
Inactive:         564016 kB
Active(anon):     686420 kB
Inactive(anon):   173652 kB
Active(file):     418864 kB
Inactive(file):   390364 kB
Unevictable:        3896 kB
Mlocked:               0 kB
SwapTotal:        524284 kB
SwapFree:         521980 kB
Dirty:               848 kB
Writeback:             0 kB
AnonPages:        823192 kB
Mapped:           488688 kB
Shmem:             36756 kB
Slab:             102092 kB
SReclaimable:      31592 kB
SUnreclaim:        70500 kB
KernelStack:       39024 kB
PageTables:        40616 kB
NFS_Unstable:          0 kB
Bounce:                0 kB
WritebackTmp:          0 kB
CommitLimit:     1815632 kB
Committed_AS:   112124572 kB
VmallocTotal:   251658176 kB
VmallocUsed:      122624 kB
VmallocChunk:   251446692 kB
Time pass: 303 sec

---2015-11-17 01:33:16
MemTotal:        2582696 kB
MemFree:          110036 kB
Buffers:           12864 kB
Cached:           837020 kB
SwapCached:            0 kB
Active:          1106196 kB
Inactive:         564024 kB
Active(anon):     687336 kB
Inactive(anon):   173652 kB
Active(file):     418860 kB
Inactive(file):   390372 kB
Unevictable:        3896 kB
Mlocked:               0 kB
SwapTotal:        524284 kB
SwapFree:         521980 kB
Dirty:               872 kB
Writeback:             0 kB
AnonPages:        824264 kB
Mapped:           488688 kB
Shmem:             36756 kB
Slab:             102048 kB
SReclaimable:      31592 kB
SUnreclaim:        70456 kB
KernelStack:       39008 kB
PageTables:        40628 kB
NFS_Unstable:          0 kB
Bounce:                0 kB
WritebackTmp:          0 kB
CommitLimit:     1815632 kB
Committed_AS:   112124556 kB
VmallocTotal:   251658176 kB
VmallocUsed:      122624 kB
VmallocChunk:   251446692 kB
Time pass: 306 sec

---2015-11-17 01:33:16
MemTotal:        2582696 kB
MemFree:          111916 kB
Buffers:           12872 kB
Cached:           834572 kB
SwapCached:            0 kB
Active:          1105008 kB
Inactive:         563864 kB
Active(anon):     688672 kB
Inactive(anon):   173408 kB
Active(file):     416336 kB
Inactive(file):   390456 kB
Unevictable:        3896 kB
Mlocked:               0 kB
SwapTotal:        524284 kB
SwapFree:         521856 kB
Dirty:               876 kB
Writeback:             0 kB
AnonPages:        825340 kB
Mapped:           488744 kB
Shmem:             36756 kB
Slab:             102076 kB
SReclaimable:      31592 kB
SUnreclaim:        70484 kB
KernelStack:       38976 kB
PageTables:        40612 kB
NFS_Unstable:          0 kB
Bounce:                0 kB
WritebackTmp:          0 kB
CommitLimit:     1815632 kB
Committed_AS:   112124556 kB
VmallocTotal:   251658176 kB
VmallocUsed:      122624 kB
VmallocChunk:   251446692 kB
Time pass: 310 sec

---2015-11-17 01:33:16
MemTotal:        2582696 kB
MemFree:          109844 kB
Buffers:           12872 kB
Cached:           834572 kB
SwapCached:            0 kB
Active:          1106128 kB
Inactive:         563864 kB
Active(anon):     689792 kB
Inactive(anon):   173408 kB
Active(file):     416336 kB
Inactive(file):   390456 kB
Unevictable:        3896 kB
Mlocked:               0 kB
SwapTotal:        524284 kB
SwapFree:         521856 kB
Dirty:               856 kB
Writeback:             0 kB
AnonPages:        826328 kB
Mapped:           488692 kB
Shmem:             36756 kB
Slab:             102068 kB
SReclaimable:      31592 kB
SUnreclaim:        70476 kB
KernelStack:       39344 kB
PageTables:        40604 kB
NFS_Unstable:          0 kB
Bounce:                0 kB
WritebackTmp:          0 kB
CommitLimit:     1815632 kB
Committed_AS:   112124484 kB
VmallocTotal:   251658176 kB
VmallocUsed:      122624 kB
VmallocChunk:   251446692 kB
Time pass: 313 sec

---2015-11-17 01:33:16
MemTotal:        2582696 kB
MemFree:          109632 kB
Buffers:           12872 kB
Cached:           835400 kB
SwapCached:            0 kB
Active:          1106288 kB
Inactive:         564632 kB
Active(anon):     689892 kB
Inactive(anon):   173408 kB
Active(file):     416396 kB
Inactive(file):   391224 kB
Unevictable:        3896 kB
Mlocked:               0 kB
SwapTotal:        524284 kB
SwapFree:         521856 kB
Dirty:              1032 kB
Writeback:           220 kB
AnonPages:        826456 kB
Mapped:           488692 kB
Shmem:             36756 kB
Slab:             102012 kB
SReclaimable:      31592 kB
SUnreclaim:        70420 kB
KernelStack:       39008 kB
PageTables:        40624 kB
NFS_Unstable:          0 kB
Bounce:                0 kB
WritebackTmp:          0 kB
CommitLimit:     1815632 kB
Committed_AS:   112124492 kB
VmallocTotal:   251658176 kB
VmallocUsed:      122624 kB
VmallocChunk:   251446692 kB
Time pass: 317 sec

---2015-11-17 01:33:16
MemTotal:        2582696 kB
MemFree:          109044 kB
Buffers:           12872 kB
Cached:           835404 kB
SwapCached:            0 kB
Active:          1107564 kB
Inactive:         564612 kB
Active(anon):     691144 kB
Inactive(anon):   173408 kB
Active(file):     416420 kB
Inactive(file):   391204 kB
Unevictable:        3896 kB
Mlocked:               0 kB
SwapTotal:        524284 kB
SwapFree:         521856 kB
Dirty:               980 kB
Writeback:             0 kB
AnonPages:        827728 kB
Mapped:           488692 kB
Shmem:             36756 kB
Slab:             101992 kB
SReclaimable:      31596 kB
SUnreclaim:        70396 kB
KernelStack:       39136 kB
PageTables:        40620 kB
NFS_Unstable:          0 kB
Bounce:                0 kB
WritebackTmp:          0 kB
CommitLimit:     1815632 kB
Committed_AS:   112124484 kB
VmallocTotal:   251658176 kB
VmallocUsed:      122624 kB
VmallocChunk:   251446692 kB
Time pass: 320 sec

---2015-11-17 01:33:16
MemTotal:        2582696 kB
MemFree:          111404 kB
Buffers:           12872 kB
Cached:           832944 kB
SwapCached:            0 kB
Active:          1105620 kB
Inactive:         565060 kB
Active(anon):     691688 kB
Inactive(anon):   173832 kB
Active(file):     413932 kB
Inactive(file):   391228 kB
Unevictable:        3896 kB
Mlocked:               0 kB
SwapTotal:        524284 kB
SwapFree:         521688 kB
Dirty:               988 kB
Writeback:             0 kB
AnonPages:        828804 kB
Mapped:           488672 kB
Shmem:             36756 kB
Slab:             101976 kB
SReclaimable:      31596 kB
SUnreclaim:        70380 kB
KernelStack:       39056 kB
PageTables:        40648 kB
NFS_Unstable:          0 kB
Bounce:                0 kB
WritebackTmp:          0 kB
CommitLimit:     1815632 kB
Committed_AS:   112124352 kB
VmallocTotal:   251658176 kB
VmallocUsed:      122624 kB
VmallocChunk:   251446692 kB
Time pass: 324 sec

---2015-11-17 01:33:16
MemTotal:        2582696 kB
MemFree:          109796 kB
Buffers:           12872 kB
Cached:           832944 kB
SwapCached:            0 kB
Active:          1106536 kB
Inactive:         565056 kB
Active(anon):     692596 kB
Inactive(anon):   173832 kB
Active(file):     413940 kB
Inactive(file):   391224 kB
Unevictable:        3896 kB
Mlocked:               0 kB
SwapTotal:        524284 kB
SwapFree:         521688 kB
Dirty:               968 kB
Writeback:             0 kB
AnonPages:        829768 kB
Mapped:           488560 kB
Shmem:             36756 kB
Slab:             102020 kB
SReclaimable:      31596 kB
SUnreclaim:        70424 kB
KernelStack:       39120 kB
PageTables:        40620 kB
NFS_Unstable:          0 kB
Bounce:                0 kB
WritebackTmp:          0 kB
CommitLimit:     1815632 kB
Committed_AS:   112124456 kB
VmallocTotal:   251658176 kB
VmallocUsed:      122624 kB
VmallocChunk:   251446692 kB
Time pass: 328 sec

---2015-11-17 01:33:16
MemTotal:        2582696 kB
MemFree:          111092 kB
Buffers:           12872 kB
Cached:           830412 kB
SwapCached:            0 kB
Active:          1105464 kB
Inactive:         565616 kB
Active(anon):     694000 kB
Inactive(anon):   174448 kB
Active(file):     411464 kB
Inactive(file):   391168 kB
Unevictable:        3896 kB
Mlocked:               0 kB
SwapTotal:        524284 kB
SwapFree:         521504 kB
Dirty:               980 kB
Writeback:             0 kB
AnonPages:        831536 kB
Mapped:           488588 kB
Shmem:             36756 kB
Slab:             102124 kB
SReclaimable:      31596 kB
SUnreclaim:        70528 kB
KernelStack:       39280 kB
PageTables:        40572 kB
NFS_Unstable:          0 kB
Bounce:                0 kB
WritebackTmp:          0 kB
CommitLimit:     1815632 kB
Committed_AS:   112124464 kB
VmallocTotal:   251658176 kB
VmallocUsed:      122624 kB
VmallocChunk:   251446692 kB
Time pass: 331 sec

---2015-11-17 01:33:16
MemTotal:        2582696 kB
MemFree:          111344 kB
Buffers:           12872 kB
Cached:           830412 kB
SwapCached:            0 kB
Active:          1105824 kB
Inactive:         565620 kB
Active(anon):     694364 kB
Inactive(anon):   174448 kB
Active(file):     411460 kB
Inactive(file):   391172 kB
Unevictable:        3896 kB
Mlocked:               0 kB
SwapTotal:        524284 kB
SwapFree:         521504 kB
Dirty:               964 kB
Writeback:             0 kB
AnonPages:        831944 kB
Mapped:           488688 kB
Shmem:             36756 kB
Slab:             102084 kB
SReclaimable:      31596 kB
SUnreclaim:        70488 kB
KernelStack:       38992 kB
PageTables:        40632 kB
NFS_Unstable:          0 kB
Bounce:                0 kB
WritebackTmp:          0 kB
CommitLimit:     1815632 kB
Committed_AS:   112124424 kB
VmallocTotal:   251658176 kB
VmallocUsed:      122624 kB
VmallocChunk:   251446692 kB
Time pass: 335 sec

---2015-11-17 01:33:16
MemTotal:        2582696 kB
MemFree:          112936 kB
Buffers:           12872 kB
Cached:           830416 kB
SwapCached:            0 kB
Active:          1103876 kB
Inactive:         565624 kB
Active(anon):     692416 kB
Inactive(anon):   174448 kB
Active(file):     411460 kB
Inactive(file):   391176 kB
Unevictable:        3896 kB
Mlocked:               0 kB
SwapTotal:        524284 kB
SwapFree:         521504 kB
Dirty:               968 kB
Writeback:             0 kB
AnonPages:        830000 kB
Mapped:           488720 kB
Shmem:             36756 kB
Slab:             102128 kB
SReclaimable:      31596 kB
SUnreclaim:        70532 kB
KernelStack:       38992 kB
PageTables:        40632 kB
NFS_Unstable:          0 kB
Bounce:                0 kB
WritebackTmp:          0 kB
CommitLimit:     1815632 kB
Committed_AS:   112124384 kB
VmallocTotal:   251658176 kB
VmallocUsed:      122624 kB
VmallocChunk:   251446692 kB
Time pass: 339 sec

---2015-11-17 01:33:16
MemTotal:        2582696 kB
MemFree:          127384 kB
Buffers:           12872 kB
Cached:           830416 kB
SwapCached:            0 kB
Active:          1089812 kB
Inactive:         565624 kB
Active(anon):     678352 kB
Inactive(anon):   174448 kB
Active(file):     411460 kB
Inactive(file):   391176 kB
Unevictable:        3896 kB
Mlocked:               0 kB
SwapTotal:        524284 kB
SwapFree:         521504 kB
Dirty:               964 kB
Writeback:             0 kB
AnonPages:        816096 kB
Mapped:           488720 kB
Shmem:             36756 kB
Slab:             102104 kB
SReclaimable:      31612 kB
SUnreclaim:        70492 kB
KernelStack:       38992 kB
PageTables:        40636 kB
NFS_Unstable:          0 kB
Bounce:                0 kB
WritebackTmp:          0 kB
CommitLimit:     1815632 kB
Committed_AS:   112124280 kB
VmallocTotal:   251658176 kB
VmallocUsed:      122624 kB
VmallocChunk:   251446692 kB
Time pass: 342 sec

---2015-11-17 01:33:16
MemTotal:        2582696 kB
MemFree:          126800 kB
Buffers:           12880 kB
Cached:           830420 kB
SwapCached:            0 kB
Active:          1090300 kB
Inactive:         565628 kB
Active(anon):     678832 kB
Inactive(anon):   174448 kB
Active(file):     411468 kB
Inactive(file):   391180 kB
Unevictable:        3896 kB
Mlocked:               0 kB
SwapTotal:        524284 kB
SwapFree:         521504 kB
Dirty:               992 kB
Writeback:             0 kB
AnonPages:        816692 kB
Mapped:           488692 kB
Shmem:             36756 kB
Slab:             102096 kB
SReclaimable:      31612 kB
SUnreclaim:        70484 kB
KernelStack:       39232 kB
PageTables:        40612 kB
NFS_Unstable:          0 kB
Bounce:                0 kB
WritebackTmp:          0 kB
CommitLimit:     1815632 kB
Committed_AS:   112124276 kB
VmallocTotal:   251658176 kB
VmallocUsed:      122624 kB
VmallocChunk:   251446692 kB
Time pass: 346 sec

---2015-11-17 01:33:16
MemTotal:        2582696 kB
MemFree:          122440 kB
Buffers:           12888 kB
Cached:           830412 kB
SwapCached:            0 kB
Active:          1094420 kB
Inactive:         565636 kB
Active(anon):     682960 kB
Inactive(anon):   174448 kB
Active(file):     411460 kB
Inactive(file):   391188 kB
Unevictable:        3896 kB
Mlocked:               0 kB
SwapTotal:        524284 kB
SwapFree:         521504 kB
Dirty:               964 kB
Writeback:             0 kB
AnonPages:        820576 kB
Mapped:           492808 kB
Shmem:             36756 kB
Slab:             102112 kB
SReclaimable:      31612 kB
SUnreclaim:        70500 kB
KernelStack:       39072 kB
PageTables:        40904 kB
NFS_Unstable:          0 kB
Bounce:                0 kB
WritebackTmp:          0 kB
CommitLimit:     1815632 kB
Committed_AS:   113366340 kB
VmallocTotal:   251658176 kB
VmallocUsed:      123644 kB
VmallocChunk:   251446692 kB
Time pass: 349 sec

---2015-11-17 01:33:16
MemTotal:        2582696 kB
MemFree:          126488 kB
Buffers:           12888 kB
Cached:           830420 kB
SwapCached:            0 kB
Active:          1090596 kB
Inactive:         565640 kB
Active(anon):     679132 kB
Inactive(anon):   174448 kB
Active(file):     411464 kB
Inactive(file):   391192 kB
Unevictable:        3896 kB
Mlocked:               0 kB
SwapTotal:        524284 kB
SwapFree:         521504 kB
Dirty:               960 kB
Writeback:             0 kB
AnonPages:        816844 kB
Mapped:           488720 kB
Shmem:             36756 kB
Slab:             102124 kB
SReclaimable:      31628 kB
SUnreclaim:        70496 kB
KernelStack:       39040 kB
PageTables:        40636 kB
NFS_Unstable:          0 kB
Bounce:                0 kB
WritebackTmp:          0 kB
CommitLimit:     1815632 kB
Committed_AS:   112124400 kB
VmallocTotal:   251658176 kB
VmallocUsed:      122624 kB
VmallocChunk:   251446692 kB
Time pass: 353 sec

---2015-11-17 01:33:16
MemTotal:        2582696 kB
MemFree:          125900 kB
Buffers:           12888 kB
Cached:           830424 kB
SwapCached:            0 kB
Active:          1091112 kB
Inactive:         565648 kB
Active(anon):     679652 kB
Inactive(anon):   174448 kB
Active(file):     411460 kB
Inactive(file):   391200 kB
Unevictable:        3896 kB
Mlocked:               0 kB
SwapTotal:        524284 kB
SwapFree:         521504 kB
Dirty:               980 kB
Writeback:             0 kB
AnonPages:        817236 kB
Mapped:           488720 kB
Shmem:             36756 kB
Slab:             102100 kB
SReclaimable:      31628 kB
SUnreclaim:        70472 kB
KernelStack:       38992 kB
PageTables:        40632 kB
NFS_Unstable:          0 kB
Bounce:                0 kB
WritebackTmp:          0 kB
CommitLimit:     1815632 kB
Committed_AS:   112124468 kB
VmallocTotal:   251658176 kB
VmallocUsed:      122624 kB
VmallocChunk:   251446692 kB
Time pass: 356 sec

---2015-11-17 01:33:16
MemTotal:        2582696 kB
MemFree:          124792 kB
Buffers:           12888 kB
Cached:           830424 kB
SwapCached:            0 kB
Active:          1092260 kB
Inactive:         565648 kB
Active(anon):     680800 kB
Inactive(anon):   174448 kB
Active(file):     411460 kB
Inactive(file):   391200 kB
Unevictable:        3896 kB
Mlocked:               0 kB
SwapTotal:        524284 kB
SwapFree:         521504 kB
Dirty:               980 kB
Writeback:             0 kB
AnonPages:        818504 kB
Mapped:           488724 kB
Shmem:             36756 kB
Slab:             102072 kB
SReclaimable:      31628 kB
SUnreclaim:        70444 kB
KernelStack:       39056 kB
