---2015-12-05 00:15:17
MemTotal:        2905316 kB
MemFree:           73828 kB
Buffers:           27084 kB
Cached:          1384004 kB
SwapCached:            0 kB
Active:          1326748 kB
Inactive:        1013180 kB
Active(anon):     810976 kB
Inactive(anon):   158836 kB
Active(file):     515772 kB
Inactive(file):   854344 kB
Unevictable:        7800 kB
Mlocked:               0 kB
SwapTotal:        720184 kB
SwapFree:         720184 kB
Dirty:               692 kB
Writeback:             0 kB
AnonPages:        935436 kB
Mapped:           533336 kB
Shmem:             33164 kB
Slab:             118820 kB
SReclaimable:      35964 kB
SUnreclaim:        82856 kB
KernelStack:       33312 kB
PageTables:        56900 kB
NFS_Unstable:          0 kB
Bounce:                0 kB
WritebackTmp:          0 kB
CommitLimit:     2172840 kB
Committed_AS:   97894160 kB
VmallocTotal:   251658176 kB
VmallocUsed:      139732 kB
VmallocChunk:   251414572 kB
Time pass: 3 sec

---2015-12-05 00:15:17
MemTotal:        2905316 kB
MemFree:           87316 kB
Buffers:           27080 kB
Cached:          1379000 kB
SwapCached:            0 kB
Active:          1322260 kB
Inactive:        1005276 kB
Active(anon):     802304 kB
Inactive(anon):   160128 kB
Active(file):     519956 kB
Inactive(file):   845148 kB
Unevictable:        7800 kB
Mlocked:               0 kB
SwapTotal:        720184 kB
SwapFree:         720184 kB
Dirty:               772 kB
Writeback:             0 kB
AnonPages:        929060 kB
Mapped:           537008 kB
Shmem:             33176 kB
Slab:             119220 kB
SReclaimable:      35980 kB
SUnreclaim:        83240 kB
KernelStack:       33072 kB
PageTables:        55932 kB
NFS_Unstable:          0 kB
Bounce:                0 kB
WritebackTmp:          0 kB
CommitLimit:     2172840 kB
Committed_AS:   93831732 kB
VmallocTotal:   251658176 kB
VmallocUsed:      137692 kB
VmallocChunk:   251424812 kB
Time pass: 7 sec

---2015-12-05 00:15:17
MemTotal:        2905316 kB
MemFree:          102560 kB
Buffers:           27088 kB
Cached:          1379004 kB
SwapCached:            0 kB
Active:          1306980 kB
Inactive:        1005256 kB
Active(anon):     787000 kB
Inactive(anon):   160120 kB
Active(file):     519980 kB
Inactive(file):   845136 kB
Unevictable:        7800 kB
Mlocked:               0 kB
SwapTotal:        720184 kB
SwapFree:         720184 kB
Dirty:               160 kB
Writeback:             0 kB
AnonPages:        914152 kB
Mapped:           529276 kB
Shmem:             33168 kB
Slab:             119064 kB
SReclaimable:      35980 kB
SUnreclaim:        83084 kB
KernelStack:       32880 kB
PageTables:        55792 kB
NFS_Unstable:          0 kB
Bounce:                0 kB
WritebackTmp:          0 kB
CommitLimit:     2172840 kB
Committed_AS:   93302908 kB
VmallocTotal:   251658176 kB
VmallocUsed:      137692 kB
VmallocChunk:   251424812 kB
Time pass: 11 sec

---2015-12-05 00:15:17
MemTotal:        2905316 kB
MemFree:          111120 kB
Buffers:           27096 kB
Cached:          1380144 kB
SwapCached:            0 kB
Active:          1300288 kB
Inactive:        1005944 kB
Active(anon):     779808 kB
Inactive(anon):   160120 kB
Active(file):     520480 kB
Inactive(file):   845824 kB
Unevictable:        7800 kB
Mlocked:               0 kB
SwapTotal:        720184 kB
SwapFree:         720184 kB
Dirty:                76 kB
Writeback:             0 kB
AnonPages:        906824 kB
Mapped:           520716 kB
Shmem:             33168 kB
Slab:             118960 kB
SReclaimable:      35980 kB
SUnreclaim:        82980 kB
KernelStack:       32160 kB
PageTables:        54608 kB
NFS_Unstable:          0 kB
Bounce:                0 kB
WritebackTmp:          0 kB
CommitLimit:     2172840 kB
Committed_AS:   91323468 kB
VmallocTotal:   251658176 kB
VmallocUsed:      135652 kB
VmallocChunk:   251424812 kB
Time pass: 15 sec

---2015-12-05 00:15:17
MemTotal:        2905316 kB
MemFree:           72144 kB
Buffers:           27140 kB
Cached:          1367480 kB
SwapCached:            0 kB
Active:          1295664 kB
Inactive:         992412 kB
Active(anon):     772640 kB
Inactive(anon):   161912 kB
Active(file):     523024 kB
Inactive(file):   830500 kB
Unevictable:        7800 kB
Mlocked:               0 kB
SwapTotal:        720184 kB
SwapFree:         720184 kB
Dirty:                84 kB
Writeback:             0 kB
AnonPages:        901068 kB
Mapped:           551856 kB
Shmem:             33168 kB
Slab:             119036 kB
SReclaimable:      35980 kB
SUnreclaim:        83056 kB
KernelStack:       32192 kB
PageTables:        55072 kB
NFS_Unstable:          0 kB
Bounce:                0 kB
WritebackTmp:          0 kB
CommitLimit:     2172840 kB
Committed_AS:   92097636 kB
VmallocTotal:   251658176 kB
VmallocUsed:      136804 kB
VmallocChunk:   251424812 kB
Time pass: 18 sec

---2015-12-05 00:15:17
MemTotal:        2905316 kB
MemFree:           64828 kB
Buffers:           28528 kB
Cached:          1265888 kB
SwapCached:            0 kB
Active:          1319504 kB
Inactive:         907460 kB
Active(anon):     787992 kB
Inactive(anon):   185856 kB
Active(file):     531512 kB
Inactive(file):   721604 kB
Unevictable:        7800 kB
Mlocked:               0 kB
SwapTotal:        720184 kB
SwapFree:         720184 kB
Dirty:              2424 kB
Writeback:             0 kB
AnonPages:        940856 kB
Mapped:           597512 kB
Shmem:             33304 kB
Slab:             119672 kB
SReclaimable:      36380 kB
SUnreclaim:        83292 kB
KernelStack:       33440 kB
PageTables:        55856 kB
NFS_Unstable:          0 kB
Bounce:                0 kB
WritebackTmp:          0 kB
CommitLimit:     2172840 kB
Committed_AS:   92161404 kB
VmallocTotal:   251658176 kB
VmallocUsed:      137244 kB
VmallocChunk:   251424812 kB
Time pass: 22 sec

---2015-12-05 00:15:17
MemTotal:        2905316 kB
MemFree:           80556 kB
Buffers:           28528 kB
Cached:          1264528 kB
SwapCached:            0 kB
Active:          1304064 kB
Inactive:         906492 kB
Active(anon):     772496 kB
Inactive(anon):   186108 kB
Active(file):     531568 kB
Inactive(file):   720384 kB
Unevictable:        7800 kB
Mlocked:               0 kB
SwapTotal:        720184 kB
SwapFree:         720184 kB
Dirty:               764 kB
Writeback:             0 kB
AnonPages:        925316 kB
Mapped:           603936 kB
Shmem:             33304 kB
Slab:             119444 kB
SReclaimable:      36300 kB
SUnreclaim:        83144 kB
KernelStack:       33408 kB
PageTables:        55968 kB
NFS_Unstable:          0 kB
Bounce:                0 kB
WritebackTmp:          0 kB
CommitLimit:     2172840 kB
Committed_AS:   92157172 kB
VmallocTotal:   251658176 kB
VmallocUsed:      137264 kB
VmallocChunk:   251424812 kB
Time pass: 25 sec

---2015-12-05 00:15:17
MemTotal:        2905316 kB
MemFree:           82864 kB
Buffers:           28544 kB
Cached:          1264532 kB
SwapCached:            0 kB
Active:          1302552 kB
Inactive:         906504 kB
Active(anon):     770984 kB
Inactive(anon):   186108 kB
Active(file):     531568 kB
Inactive(file):   720396 kB
Unevictable:        7800 kB
Mlocked:               0 kB
SwapTotal:        720184 kB
SwapFree:         720184 kB
Dirty:               136 kB
Writeback:             0 kB
AnonPages:        923868 kB
Mapped:           604376 kB
Shmem:             33304 kB
Slab:             119412 kB
SReclaimable:      36300 kB
SUnreclaim:        83112 kB
KernelStack:       33408 kB
PageTables:        56000 kB
NFS_Unstable:          0 kB
Bounce:                0 kB
WritebackTmp:          0 kB
CommitLimit:     2172840 kB
Committed_AS:   92157148 kB
VmallocTotal:   251658176 kB
VmallocUsed:      137264 kB
VmallocChunk:   251424812 kB
Time pass: 29 sec

---2015-12-05 00:15:17
MemTotal:        2905316 kB
MemFree:           66824 kB
Buffers:           27240 kB
Cached:          1253824 kB
SwapCached:            0 kB
Active:          1303124 kB
Inactive:         896412 kB
Active(anon):     771036 kB
Inactive(anon):   188728 kB
Active(file):     532088 kB
Inactive(file):   707684 kB
Unevictable:        7800 kB
Mlocked:               0 kB
SwapTotal:        720184 kB
SwapFree:         720184 kB
Dirty:                12 kB
Writeback:             0 kB
AnonPages:        926472 kB
Mapped:           613944 kB
Shmem:             33364 kB
Slab:             119520 kB
SReclaimable:      36492 kB
SUnreclaim:        83028 kB
KernelStack:       33392 kB
PageTables:        56060 kB
NFS_Unstable:          0 kB
Bounce:                0 kB
WritebackTmp:          0 kB
CommitLimit:     2172840 kB
Committed_AS:   92184960 kB
VmallocTotal:   251658176 kB
VmallocUsed:      137492 kB
VmallocChunk:   251424812 kB
Time pass: 33 sec

---2015-12-05 00:15:17
MemTotal:        2905316 kB
MemFree:           67080 kB
Buffers:           27248 kB
Cached:          1254076 kB
SwapCached:            0 kB
Active:          1303136 kB
Inactive:         896716 kB
Active(anon):     771044 kB
Inactive(anon):   188728 kB
Active(file):     532092 kB
Inactive(file):   707988 kB
Unevictable:        7800 kB
Mlocked:               0 kB
SwapTotal:        720184 kB
SwapFree:         720184 kB
Dirty:               160 kB
Writeback:             0 kB
AnonPages:        926504 kB
Mapped:           614180 kB
Shmem:             33364 kB
Slab:             119536 kB
SReclaimable:      36540 kB
SUnreclaim:        82996 kB
KernelStack:       33360 kB
PageTables:        56056 kB
NFS_Unstable:          0 kB
Bounce:                0 kB
WritebackTmp:          0 kB
CommitLimit:     2172840 kB
Committed_AS:   92184968 kB
VmallocTotal:   251658176 kB
VmallocUsed:      137492 kB
VmallocChunk:   251424812 kB
Time pass: 36 sec

---2015-12-05 00:15:17
MemTotal:        2905316 kB
MemFree:           66204 kB
Buffers:           27248 kB
Cached:          1254076 kB
SwapCached:            0 kB
Active:          1303340 kB
Inactive:         896792 kB
Active(anon):     771244 kB
Inactive(anon):   188728 kB
Active(file):     532096 kB
Inactive(file):   708064 kB
Unevictable:        7800 kB
Mlocked:               0 kB
SwapTotal:        720184 kB
SwapFree:         720184 kB
Dirty:                12 kB
Writeback:             0 kB
AnonPages:        926528 kB
Mapped:           614240 kB
Shmem:             33364 kB
Slab:             119676 kB
SReclaimable:      36540 kB
SUnreclaim:        83136 kB
KernelStack:       33392 kB
PageTables:        56080 kB
NFS_Unstable:          0 kB
Bounce:                0 kB
WritebackTmp:          0 kB
CommitLimit:     2172840 kB
Committed_AS:   92184920 kB
VmallocTotal:   251658176 kB
VmallocUsed:      137492 kB
VmallocChunk:   251424812 kB
Time pass: 40 sec

---2015-12-05 00:15:17
MemTotal:        2905316 kB
MemFree:           67024 kB
Buffers:           26784 kB
Cached:          1178416 kB
SwapCached:            0 kB
Active:          1325652 kB
Inactive:         815340 kB
Active(anon):     781544 kB
Inactive(anon):   195640 kB
Active(file):     544108 kB
Inactive(file):   619700 kB
Unevictable:        7800 kB
Mlocked:               0 kB
SwapTotal:        720184 kB
SwapFree:         720184 kB
Dirty:               336 kB
Writeback:             4 kB
AnonPages:        944080 kB
Mapped:           625576 kB
Shmem:             33368 kB
Slab:             119484 kB
SReclaimable:      36300 kB
SUnreclaim:        83184 kB
KernelStack:       33424 kB
PageTables:        56392 kB
NFS_Unstable:          0 kB
Bounce:                0 kB
WritebackTmp:          0 kB
CommitLimit:     2172840 kB
Committed_AS:   92214236 kB
VmallocTotal:   251658176 kB
VmallocUsed:      137760 kB
VmallocChunk:   251424812 kB
Time pass: 44 sec

---2015-12-05 00:15:17
MemTotal:        2905316 kB
MemFree:           70948 kB
Buffers:           25080 kB
Cached:          1167412 kB
SwapCached:            0 kB
Active:          1329156 kB
Inactive:         803124 kB
Active(anon):     784040 kB
Inactive(anon):   196916 kB
Active(file):     545116 kB
Inactive(file):   606208 kB
Unevictable:        7800 kB
Mlocked:               0 kB
SwapTotal:        720184 kB
SwapFree:         720184 kB
Dirty:               376 kB
Writeback:             0 kB
AnonPages:        947380 kB
Mapped:           631112 kB
Shmem:             33368 kB
Slab:             119496 kB
SReclaimable:      36220 kB
SUnreclaim:        83276 kB
KernelStack:       33456 kB
PageTables:        56492 kB
NFS_Unstable:          0 kB
Bounce:                0 kB
WritebackTmp:          0 kB
CommitLimit:     2172840 kB
Committed_AS:   92226164 kB
VmallocTotal:   251658176 kB
VmallocUsed:      137808 kB
VmallocChunk:   251424812 kB
Time pass: 48 sec

---2015-12-05 00:15:17
MemTotal:        2905316 kB
MemFree:           72160 kB
Buffers:           25080 kB
Cached:          1167460 kB
SwapCached:            0 kB
Active:          1328468 kB
Inactive:         803048 kB
Active(anon):     783340 kB
Inactive(anon):   196460 kB
Active(file):     545128 kB
Inactive(file):   606588 kB
Unevictable:        7800 kB
Mlocked:               0 kB
SwapTotal:        720184 kB
SwapFree:         720184 kB
Dirty:               420 kB
Writeback:             0 kB
AnonPages:        947092 kB
Mapped:           632420 kB
Shmem:             32916 kB
Slab:             119328 kB
SReclaimable:      36220 kB
SUnreclaim:        83108 kB
KernelStack:       33408 kB
PageTables:        56328 kB
NFS_Unstable:          0 kB
Bounce:                0 kB
WritebackTmp:          0 kB
CommitLimit:     2172840 kB
Committed_AS:   92223988 kB
VmallocTotal:   251658176 kB
VmallocUsed:      137808 kB
VmallocChunk:   251424812 kB
Time pass: 51 sec

---2015-12-05 00:15:17
MemTotal:        2905316 kB
MemFree:           92660 kB
Buffers:           25088 kB
Cached:          1167504 kB
SwapCached:            0 kB
Active:          1307712 kB
Inactive:         803184 kB
Active(anon):     762564 kB
Inactive(anon):   196464 kB
Active(file):     545148 kB
Inactive(file):   606720 kB
Unevictable:        7800 kB
Mlocked:               0 kB
SwapTotal:        720184 kB
SwapFree:         720184 kB
Dirty:                96 kB
Writeback:             0 kB
AnonPages:        926304 kB
Mapped:           632636 kB
Shmem:             32920 kB
Slab:             119352 kB
SReclaimable:      36220 kB
SUnreclaim:        83132 kB
KernelStack:       33408 kB
PageTables:        56348 kB
NFS_Unstable:          0 kB
Bounce:                0 kB
WritebackTmp:          0 kB
CommitLimit:     2172840 kB
Committed_AS:   92214932 kB
VmallocTotal:   251658176 kB
VmallocUsed:      137808 kB
VmallocChunk:   251424812 kB
Time pass: 55 sec

---2015-12-05 00:15:17
MemTotal:        2905316 kB
MemFree:           92764 kB
Buffers:           25096 kB
Cached:          1167500 kB
SwapCached:            0 kB
Active:          1307864 kB
Inactive:         803184 kB
Active(anon):     762712 kB
Inactive(anon):   196464 kB
Active(file):     545152 kB
Inactive(file):   606720 kB
Unevictable:        7800 kB
Mlocked:               0 kB
SwapTotal:        720184 kB
SwapFree:         720184 kB
Dirty:                 4 kB
Writeback:             0 kB
AnonPages:        926272 kB
Mapped:           632664 kB
Shmem:             32920 kB
Slab:             119324 kB
SReclaimable:      36220 kB
SUnreclaim:        83104 kB
KernelStack:       33456 kB
PageTables:        56352 kB
NFS_Unstable:          0 kB
Bounce:                0 kB
WritebackTmp:          0 kB
CommitLimit:     2172840 kB
Committed_AS:   92214868 kB
VmallocTotal:   251658176 kB
VmallocUsed:      137808 kB
VmallocChunk:   251424812 kB
Time pass: 59 sec

---2015-12-05 00:15:17
MemTotal:        2905316 kB
MemFree:           91576 kB
Buffers:           25096 kB
Cached:          1167608 kB
SwapCached:            0 kB
Active:          1309140 kB
Inactive:         803276 kB
Active(anon):     763976 kB
Inactive(anon):   196516 kB
Active(file):     545164 kB
Inactive(file):   606760 kB
Unevictable:        7800 kB
Mlocked:               0 kB
SwapTotal:        720184 kB
SwapFree:         720184 kB
Dirty:                76 kB
Writeback:             0 kB
AnonPages:        927624 kB
Mapped:           632776 kB
Shmem:             32980 kB
Slab:             119312 kB
SReclaimable:      36220 kB
SUnreclaim:        83092 kB
KernelStack:       33360 kB
PageTables:        56380 kB
NFS_Unstable:          0 kB
Bounce:                0 kB
WritebackTmp:          0 kB
CommitLimit:     2172840 kB
Committed_AS:   92241392 kB
VmallocTotal:   251658176 kB
VmallocUsed:      137808 kB
VmallocChunk:   251424812 kB
Time pass: 63 sec

---2015-12-05 00:15:17
MemTotal:        2905316 kB
MemFree:           83820 kB
Buffers:           25788 kB
Cached:          1168700 kB
SwapCached:            0 kB
Active:          1319856 kB
Inactive:         804752 kB
Active(anon):     774528 kB
Inactive(anon):   196516 kB
Active(file):     545328 kB
Inactive(file):   608236 kB
Unevictable:        7800 kB
Mlocked:               0 kB
SwapTotal:        720184 kB
SwapFree:         720184 kB
Dirty:               288 kB
Writeback:             0 kB
AnonPages:        938148 kB
Mapped:           639160 kB
Shmem:             32980 kB
Slab:             119540 kB
SReclaimable:      36252 kB
SUnreclaim:        83288 kB
KernelStack:       33344 kB
PageTables:        56384 kB
NFS_Unstable:          0 kB
Bounce:                0 kB
WritebackTmp:          0 kB
CommitLimit:     2172840 kB
Committed_AS:   92248060 kB
VmallocTotal:   251658176 kB
VmallocUsed:      137760 kB
VmallocChunk:   251424812 kB
Time pass: 66 sec

---2015-12-05 00:15:17
MemTotal:        2905316 kB
MemFree:           63580 kB
Buffers:           25368 kB
Cached:          1107148 kB
SwapCached:            0 kB
Active:          1328552 kB
Inactive:         741464 kB
Active(anon):     784804 kB
Inactive(anon):   198564 kB
Active(file):     543748 kB
Inactive(file):   542900 kB
Unevictable:       12616 kB
Mlocked:               0 kB
SwapTotal:        720184 kB
SwapFree:         720156 kB
Dirty:               604 kB
Writeback:             0 kB
AnonPages:        950392 kB
Mapped:           693968 kB
Shmem:             32980 kB
Slab:             119604 kB
SReclaimable:      36220 kB
SUnreclaim:        83384 kB
KernelStack:       33344 kB
PageTables:        56480 kB
NFS_Unstable:          0 kB
Bounce:                0 kB
WritebackTmp:          0 kB
CommitLimit:     2172840 kB
Committed_AS:   92255812 kB
VmallocTotal:   251658176 kB
VmallocUsed:      138388 kB
VmallocChunk:   251424812 kB
Time pass: 70 sec

---2015-12-05 00:15:17
MemTotal:        2905316 kB
MemFree:           67232 kB
Buffers:           25336 kB
Cached:          1097192 kB
SwapCached:            0 kB
Active:          1329496 kB
Inactive:         736812 kB
Active(anon):     791384 kB
Inactive(anon):   198188 kB
Active(file):     538112 kB
Inactive(file):   538624 kB
Unevictable:       12764 kB
Mlocked:               0 kB
SwapTotal:        720184 kB
SwapFree:         720156 kB
Dirty:                12 kB
Writeback:             4 kB
AnonPages:        956552 kB
Mapped:           696788 kB
Shmem:             32952 kB
Slab:             119620 kB
SReclaimable:      36080 kB
SUnreclaim:        83540 kB
KernelStack:       33440 kB
PageTables:        56444 kB
NFS_Unstable:          0 kB
Bounce:                0 kB
WritebackTmp:          0 kB
CommitLimit:     2172840 kB
Committed_AS:   92258432 kB
VmallocTotal:   251658176 kB
VmallocUsed:      138400 kB
VmallocChunk:   251424812 kB
Time pass: 73 sec

---2015-12-05 00:15:17
MemTotal:        2905316 kB
MemFree:           70392 kB
Buffers:           26128 kB
Cached:          1084896 kB
SwapCached:            0 kB
Active:          1333588 kB
Inactive:         732712 kB
Active(anon):     800964 kB
Inactive(anon):   199964 kB
Active(file):     532624 kB
Inactive(file):   532748 kB
Unevictable:       12768 kB
Mlocked:               0 kB
SwapTotal:        720184 kB
SwapFree:         720156 kB
Dirty:               512 kB
Writeback:             0 kB
AnonPages:        968004 kB
Mapped:           698728 kB
Shmem:             32952 kB
Slab:             119704 kB
SReclaimable:      36240 kB
SUnreclaim:        83464 kB
KernelStack:       33536 kB
PageTables:        56480 kB
NFS_Unstable:          0 kB
Bounce:                0 kB
WritebackTmp:          0 kB
CommitLimit:     2172840 kB
Committed_AS:   92267460 kB
VmallocTotal:   251658176 kB
VmallocUsed:      138400 kB
VmallocChunk:   251424812 kB
Time pass: 77 sec

---2015-12-05 00:15:17
MemTotal:        2905316 kB
MemFree:           68124 kB
Buffers:           26144 kB
Cached:          1084856 kB
SwapCached:            0 kB
Active:          1335264 kB
Inactive:         732864 kB
Active(anon):     802628 kB
Inactive(anon):   200220 kB
Active(file):     532636 kB
Inactive(file):   532644 kB
Unevictable:       12768 kB
Mlocked:               0 kB
SwapTotal:        720184 kB
SwapFree:         720156 kB
Dirty:                 4 kB
Writeback:             0 kB
AnonPages:        970028 kB
Mapped:           698740 kB
Shmem:             32952 kB
Slab:             119580 kB
SReclaimable:      36112 kB
SUnreclaim:        83468 kB
KernelStack:       33488 kB
PageTables:        56480 kB
NFS_Unstable:          0 kB
Bounce:                0 kB
WritebackTmp:          0 kB
CommitLimit:     2172840 kB
Committed_AS:   92268700 kB
VmallocTotal:   251658176 kB
VmallocUsed:      138400 kB
VmallocChunk:   251424812 kB
Time pass: 81 sec

---2015-12-05 00:15:17
MemTotal:        2905316 kB
MemFree:           66772 kB
Buffers:           26152 kB
Cached:          1084996 kB
SwapCached:            0 kB
Active:          1335852 kB
Inactive:         732808 kB
Active(anon):     803208 kB
Inactive(anon):   200068 kB
Active(file):     532644 kB
Inactive(file):   532740 kB
Unevictable:       12768 kB
Mlocked:               0 kB
SwapTotal:        720184 kB
SwapFree:         720156 kB
Dirty:               168 kB
Writeback:             0 kB
AnonPages:        970444 kB
Mapped:           698828 kB
Shmem:             32952 kB
Slab:             119992 kB
SReclaimable:      36112 kB
SUnreclaim:        83880 kB
KernelStack:       33408 kB
PageTables:        57492 kB
NFS_Unstable:          0 kB
Bounce:                0 kB
WritebackTmp:          0 kB
CommitLimit:     2172840 kB
Committed_AS:   93125136 kB
VmallocTotal:   251658176 kB
VmallocUsed:      138400 kB
VmallocChunk:   251424812 kB
Time pass: 84 sec

---2015-12-05 00:15:17
MemTotal:        2905316 kB
MemFree:           65388 kB
Buffers:           26160 kB
Cached:          1085068 kB
SwapCached:            0 kB
Active:          1336772 kB
Inactive:         732912 kB
Active(anon):     804108 kB
Inactive(anon):   200068 kB
Active(file):     532664 kB
Inactive(file):   532844 kB
Unevictable:       12768 kB
Mlocked:               0 kB
SwapTotal:        720184 kB
SwapFree:         720156 kB
Dirty:                 0 kB
Writeback:             0 kB
AnonPages:        971220 kB
Mapped:           698832 kB
Shmem:             32952 kB
Slab:             120092 kB
SReclaimable:      36192 kB
SUnreclaim:        83900 kB
KernelStack:       33424 kB
PageTables:        57364 kB
NFS_Unstable:          0 kB
Bounce:                0 kB
WritebackTmp:          0 kB
CommitLimit:     2172840 kB
Committed_AS:   93125816 kB
VmallocTotal:   251658176 kB
VmallocUsed:      138400 kB
VmallocChunk:   251424812 kB
Time pass: 88 sec

---2015-12-05 00:15:17
MemTotal:        2905316 kB
MemFree:          304484 kB
Buffers:           26228 kB
Cached:          1088212 kB
SwapCached:            0 kB
Active:          1263564 kB
Inactive:         731496 kB
Active(anon):     725260 kB
Inactive(anon):   203304 kB
Active(file):     538304 kB
Inactive(file):   528192 kB
Unevictable:       12768 kB
Mlocked:               0 kB
SwapTotal:        720184 kB
SwapFree:         720156 kB
Dirty:               920 kB
Writeback:             0 kB
AnonPages:        893240 kB
Mapped:           528036 kB
Shmem:             35176 kB
Slab:             119700 kB
SReclaimable:      36028 kB
SUnreclaim:        83672 kB
KernelStack:       32176 kB
PageTables:        54776 kB
NFS_Unstable:          0 kB
Bounce:                0 kB
WritebackTmp:          0 kB
CommitLimit:     2172840 kB
Committed_AS:   91439020 kB
VmallocTotal:   251658176 kB
VmallocUsed:      136072 kB
VmallocChunk:   251424812 kB
Time pass: 92 sec

---2015-12-05 00:15:17
MemTotal:        2905316 kB
MemFree:          304300 kB
Buffers:           26236 kB
Cached:          1088236 kB
SwapCached:            0 kB
Active:          1263612 kB
Inactive:         731500 kB
Active(anon):     725292 kB
Inactive(anon):   203304 kB
Active(file):     538320 kB
Inactive(file):   528196 kB
Unevictable:       12768 kB
Mlocked:               0 kB
SwapTotal:        720184 kB
SwapFree:         720156 kB
Dirty:               120 kB
Writeback:             0 kB
AnonPages:        893496 kB
Mapped:           528168 kB
Shmem:             35176 kB
Slab:             119676 kB
SReclaimable:      36156 kB
SUnreclaim:        83520 kB
KernelStack:       32112 kB
PageTables:        54784 kB
NFS_Unstable:          0 kB
Bounce:                0 kB
WritebackTmp:          0 kB
CommitLimit:     2172840 kB
Committed_AS:   91438996 kB
VmallocTotal:   251658176 kB
VmallocUsed:      136072 kB
VmallocChunk:   251424812 kB
Time pass: 95 sec

---2015-12-05 00:15:17
MemTotal:        2905316 kB
MemFree:          304708 kB
Buffers:           26236 kB
Cached:          1088280 kB
SwapCached:            0 kB
Active:          1263456 kB
Inactive:         731520 kB
Active(anon):     725124 kB
Inactive(anon):   203304 kB
Active(file):     538332 kB
Inactive(file):   528216 kB
Unevictable:       12768 kB
Mlocked:               0 kB
SwapTotal:        720184 kB
SwapFree:         720156 kB
Dirty:                44 kB
Writeback:             0 kB
AnonPages:        893580 kB
Mapped:           528756 kB
Shmem:             35176 kB
Slab:             119672 kB
SReclaimable:      36156 kB
SUnreclaim:        83516 kB
KernelStack:       32128 kB
PageTables:        54864 kB
NFS_Unstable:          0 kB
Bounce:                0 kB
WritebackTmp:          0 kB
CommitLimit:     2172840 kB
Committed_AS:   91441836 kB
VmallocTotal:   251658176 kB
VmallocUsed:      136072 kB
VmallocChunk:   251424812 kB
Time pass: 99 sec

---2015-12-05 00:15:17
MemTotal:        2905316 kB
MemFree:          304748 kB
Buffers:           26244 kB
Cached:          1088884 kB
SwapCached:            0 kB
Active:          1263392 kB
Inactive:         731944 kB
Active(anon):     724848 kB
Inactive(anon):   203304 kB
Active(file):     538544 kB
Inactive(file):   528640 kB
Unevictable:       12768 kB
Mlocked:               0 kB
SwapTotal:        720184 kB
SwapFree:         720156 kB
Dirty:               196 kB
Writeback:             0 kB
AnonPages:        893080 kB
Mapped:           528624 kB
Shmem:             35176 kB
Slab:             119716 kB
SReclaimable:      36156 kB
SUnreclaim:        83560 kB
KernelStack:       32144 kB
PageTables:        54844 kB
NFS_Unstable:          0 kB
Bounce:                0 kB
WritebackTmp:          0 kB
CommitLimit:     2172840 kB
Committed_AS:   91439172 kB
VmallocTotal:   251658176 kB
VmallocUsed:      136072 kB
VmallocChunk:   251424812 kB
Time pass: 103 sec

---2015-12-05 00:15:17
MemTotal:        2905316 kB
MemFree:          115732 kB
Buffers:           26620 kB
Cached:          1183020 kB
SwapCached:            0 kB
Active:          1333160 kB
Inactive:         793388 kB
Active(anon):     761684 kB
Inactive(anon):   203532 kB
Active(file):     571476 kB
Inactive(file):   589856 kB
Unevictable:       12768 kB
Mlocked:               0 kB
SwapTotal:        720184 kB
SwapFree:         720156 kB
Dirty:              1240 kB
Writeback:             0 kB
AnonPages:        929760 kB
Mapped:           564184 kB
Shmem:             35404 kB
Slab:             119940 kB
SReclaimable:      36236 kB
SUnreclaim:        83704 kB
KernelStack:       33424 kB
PageTables:        55972 kB
NFS_Unstable:          0 kB
Bounce:                0 kB
WritebackTmp:          0 kB
CommitLimit:     2172840 kB
Committed_AS:   92265744 kB
VmallocTotal:   251658176 kB
VmallocUsed:      137408 kB
VmallocChunk:   251424812 kB
Time pass: 106 sec

---2015-12-05 00:15:17
MemTotal:        2905316 kB
MemFree:           63840 kB
Buffers:           26204 kB
Cached:          1175116 kB
SwapCached:            0 kB
Active:          1364696 kB
Inactive:         780612 kB
Active(anon):     788544 kB
Inactive(anon):   201132 kB
Active(file):     576152 kB
Inactive(file):   579480 kB
Unevictable:       12768 kB
Mlocked:               0 kB
SwapTotal:        720184 kB
SwapFree:         720156 kB
Dirty:               980 kB
Writeback:             0 kB
AnonPages:        957028 kB
Mapped:           605180 kB
Shmem:             33008 kB
Slab:             119756 kB
SReclaimable:      35724 kB
SUnreclaim:        84032 kB
KernelStack:       33488 kB
PageTables:        56100 kB
NFS_Unstable:          0 kB
Bounce:                0 kB
WritebackTmp:          0 kB
CommitLimit:     2172840 kB
Committed_AS:   92281656 kB
VmallocTotal:   251658176 kB
VmallocUsed:      137840 kB
VmallocChunk:   251424812 kB
Time pass: 110 sec

---2015-12-05 00:15:17
MemTotal:        2905316 kB
MemFree:           71384 kB
Buffers:           25728 kB
Cached:          1100672 kB
SwapCached:            0 kB
Active:          1338340 kB
Inactive:         742320 kB
Active(anon):     798024 kB
Inactive(anon):   201884 kB
Active(file):     540316 kB
Inactive(file):   540436 kB
Unevictable:       12768 kB
Mlocked:               0 kB
SwapTotal:        720184 kB
SwapFree:         720156 kB
Dirty:               840 kB
Writeback:             0 kB
AnonPages:        967176 kB
Mapped:           657000 kB
Shmem:             33012 kB
Slab:             119496 kB
SReclaimable:      35624 kB
SUnreclaim:        83872 kB
KernelStack:       33584 kB
PageTables:        56344 kB
NFS_Unstable:          0 kB
Bounce:                0 kB
WritebackTmp:          0 kB
CommitLimit:     2172840 kB
Committed_AS:   92297180 kB
VmallocTotal:   251658176 kB
VmallocUsed:      138360 kB
VmallocChunk:   251424812 kB
Time pass: 114 sec

---2015-12-05 00:15:17
MemTotal:        2905316 kB
MemFree:           70220 kB
Buffers:           25724 kB
Cached:          1084552 kB
SwapCached:            0 kB
Active:          1332368 kB
Inactive:         734572 kB
Active(anon):     800268 kB
Inactive(anon):   202244 kB
Active(file):     532100 kB
Inactive(file):   532328 kB
Unevictable:       12768 kB
Mlocked:               0 kB
SwapTotal:        720184 kB
SwapFree:         720156 kB
Dirty:              1032 kB
Writeback:             0 kB
AnonPages:        969512 kB
Mapped:           666604 kB
Shmem:             33012 kB
Slab:             119576 kB
SReclaimable:      35752 kB
SUnreclaim:        83824 kB
KernelStack:       33536 kB
PageTables:        56400 kB
NFS_Unstable:          0 kB
Bounce:                0 kB
WritebackTmp:          0 kB
CommitLimit:     2172840 kB
Committed_AS:   92299024 kB
VmallocTotal:   251658176 kB
VmallocUsed:      138484 kB
VmallocChunk:   251424812 kB
Time pass: 117 sec

---2015-12-05 00:15:17
MemTotal:        2905316 kB
MemFree:           69124 kB
Buffers:           25732 kB
Cached:          1084616 kB
SwapCached:            0 kB
Active:          1333368 kB
Inactive:         734700 kB
Active(anon):     801256 kB
Inactive(anon):   202304 kB
Active(file):     532112 kB
Inactive(file):   532396 kB
Unevictable:       12768 kB
Mlocked:               0 kB
SwapTotal:        720184 kB
SwapFree:         720156 kB
Dirty:               216 kB
Writeback:             0 kB
AnonPages:        970544 kB
Mapped:           666696 kB
Shmem:             33072 kB
Slab:             119616 kB
SReclaimable:      35752 kB
SUnreclaim:        83864 kB
KernelStack:       33536 kB
PageTables:        56452 kB
NFS_Unstable:          0 kB
Bounce:                0 kB
WritebackTmp:          0 kB
CommitLimit:     2172840 kB
Committed_AS:   92325688 kB
VmallocTotal:   251658176 kB
VmallocUsed:      138484 kB
VmallocChunk:   251424812 kB
Time pass: 121 sec

---2015-12-05 00:15:17
MemTotal:        2905316 kB
MemFree:           68940 kB
Buffers:           24296 kB
Cached:          1055124 kB
SwapCached:            0 kB
Active:          1323688 kB
Inactive:         720044 kB
Active(anon):     806804 kB
Inactive(anon):   203348 kB
Active(file):     516884 kB
Inactive(file):   516696 kB
Unevictable:       12768 kB
Mlocked:               0 kB
SwapTotal:        720184 kB
SwapFree:         720156 kB
Dirty:               552 kB
Writeback:             0 kB
AnonPages:        977108 kB
Mapped:           679024 kB
Shmem:             33072 kB
Slab:             119872 kB
SReclaimable:      35764 kB
SUnreclaim:        84108 kB
KernelStack:       33552 kB
PageTables:        56448 kB
NFS_Unstable:          0 kB
Bounce:                0 kB
WritebackTmp:          0 kB
CommitLimit:     2172840 kB
Committed_AS:   92328976 kB
VmallocTotal:   251658176 kB
VmallocUsed:      138684 kB
VmallocChunk:   251424812 kB
Time pass: 125 sec

---2015-12-05 00:15:17
MemTotal:        2905316 kB
MemFree:           69256 kB
Buffers:           24304 kB
Cached:          1055124 kB
SwapCached:            0 kB
Active:          1323552 kB
Inactive:         720048 kB
Active(anon):     806664 kB
Inactive(anon):   203348 kB
Active(file):     516888 kB
Inactive(file):   516700 kB
Unevictable:       12768 kB
Mlocked:               0 kB
SwapTotal:        720184 kB
SwapFree:         720156 kB
Dirty:                64 kB
Writeback:             0 kB
AnonPages:        977040 kB
Mapped:           679356 kB
Shmem:             33072 kB
Slab:             119872 kB
SReclaimable:      35796 kB
SUnreclaim:        84076 kB
KernelStack:       33552 kB
PageTables:        56448 kB
NFS_Unstable:          0 kB
Bounce:                0 kB
WritebackTmp:          0 kB
CommitLimit:     2172840 kB
Committed_AS:   92329208 kB
VmallocTotal:   251658176 kB
VmallocUsed:      138684 kB
VmallocChunk:   251424812 kB
Time pass: 129 sec

---2015-12-05 00:15:17
MemTotal:        2905316 kB
MemFree:           69024 kB
Buffers:           24312 kB
Cached:          1055132 kB
SwapCached:            0 kB
Active:          1323592 kB
Inactive:         720048 kB
Active(anon):     806704 kB
Inactive(anon):   203348 kB
Active(file):     516888 kB
Inactive(file):   516700 kB
Unevictable:       12768 kB
Mlocked:               0 kB
SwapTotal:        720184 kB
SwapFree:         720156 kB
Dirty:                88 kB
Writeback:             0 kB
AnonPages:        976928 kB
Mapped:           679364 kB
Shmem:             33072 kB
Slab:             119980 kB
SReclaimable:      35796 kB
SUnreclaim:        84184 kB
KernelStack:       33568 kB
PageTables:        56452 kB
NFS_Unstable:          0 kB
Bounce:                0 kB
WritebackTmp:          0 kB
CommitLimit:     2172840 kB
Committed_AS:   92329480 kB
VmallocTotal:   251658176 kB
VmallocUsed:      138684 kB
VmallocChunk:   251424812 kB
Time pass: 133 sec

---2015-12-05 00:15:17
MemTotal:        2905316 kB
MemFree:           69068 kB
Buffers:           23728 kB
Cached:          1042328 kB
SwapCached:            0 kB
Active:          1325600 kB
Inactive:         713836 kB
Active(anon):     815632 kB
Inactive(anon):   203668 kB
Active(file):     509968 kB
Inactive(file):   510168 kB
Unevictable:       12768 kB
Mlocked:               0 kB
SwapTotal:        720184 kB
SwapFree:         720156 kB
Dirty:               160 kB
Writeback:             0 kB
AnonPages:        986132 kB
Mapped:           681256 kB
Shmem:             33152 kB
Slab:             120076 kB
SReclaimable:      35812 kB
SUnreclaim:        84264 kB
KernelStack:       33952 kB
PageTables:        56636 kB
NFS_Unstable:          0 kB
Bounce:                0 kB
WritebackTmp:          0 kB
CommitLimit:     2172840 kB
Committed_AS:   92368740 kB
VmallocTotal:   251658176 kB
VmallocUsed:      141132 kB
VmallocChunk:   251424812 kB
Time pass: 136 sec

---2015-12-05 00:15:17
MemTotal:        2905316 kB
MemFree:           68624 kB
Buffers:           23728 kB
Cached:          1042452 kB
SwapCached:            0 kB
Active:          1327076 kB
Inactive:         713940 kB
Active(anon):     817088 kB
Inactive(anon):   203736 kB
Active(file):     509988 kB
Inactive(file):   510204 kB
Unevictable:       12768 kB
Mlocked:               0 kB
SwapTotal:        720184 kB
SwapFree:         720156 kB
Dirty:                64 kB
Writeback:             0 kB
AnonPages:        987540 kB
Mapped:           682044 kB
Shmem:             33220 kB
Slab:             120144 kB
SReclaimable:      35876 kB
SUnreclaim:        84268 kB
KernelStack:       33920 kB
PageTables:        56704 kB
NFS_Unstable:          0 kB
Bounce:                0 kB
WritebackTmp:          0 kB
CommitLimit:     2172840 kB
Committed_AS:   92369992 kB
VmallocTotal:   251658176 kB
VmallocUsed:      141144 kB
VmallocChunk:   251424812 kB
Time pass: 140 sec

---2015-12-05 00:15:17
MemTotal:        2905316 kB
MemFree:           68148 kB
Buffers:           23736 kB
Cached:          1042540 kB
SwapCached:            0 kB
Active:          1327596 kB
Inactive:         714028 kB
Active(anon):     817600 kB
Inactive(anon):   203816 kB
Active(file):     509996 kB
Inactive(file):   510212 kB
Unevictable:       12768 kB
Mlocked:               0 kB
SwapTotal:        720184 kB
SwapFree:         720156 kB
Dirty:                 4 kB
Writeback:             0 kB
AnonPages:        987920 kB
Mapped:           682264 kB
Shmem:             33300 kB
Slab:             120192 kB
SReclaimable:      35876 kB
SUnreclaim:        84316 kB
KernelStack:       33920 kB
PageTables:        56700 kB
NFS_Unstable:          0 kB
Bounce:                0 kB
WritebackTmp:          0 kB
CommitLimit:     2172840 kB
Committed_AS:   92370236 kB
VmallocTotal:   251658176 kB
VmallocUsed:      141144 kB
VmallocChunk:   251424812 kB
Time pass: 144 sec

---2015-12-05 00:15:17
MemTotal:        2905316 kB
MemFree:           66748 kB
Buffers:           23744 kB
Cached:          1042560 kB
SwapCached:            0 kB
Active:          1328076 kB
Inactive:         714044 kB
Active(anon):     818068 kB
Inactive(anon):   203820 kB
Active(file):     510008 kB
Inactive(file):   510224 kB
Unevictable:       12768 kB
Mlocked:               0 kB
SwapTotal:        720184 kB
SwapFree:         720156 kB
Dirty:                44 kB
Writeback:             0 kB
AnonPages:        988392 kB
Mapped:           682488 kB
Shmem:             33304 kB
Slab:             120336 kB
SReclaimable:      35924 kB
SUnreclaim:        84412 kB
KernelStack:       33920 kB
PageTables:        56724 kB
NFS_Unstable:          0 kB
Bounce:                0 kB
WritebackTmp:          0 kB
CommitLimit:     2172840 kB
Committed_AS:   92370236 kB
VmallocTotal:   251658176 kB
VmallocUsed:      141144 kB
VmallocChunk:   251424812 kB
Time pass: 148 sec

---2015-12-05 00:15:17
MemTotal:        2905316 kB
MemFree:           69064 kB
Buffers:           23232 kB
Cached:          1035908 kB
SwapCached:            0 kB
Active:          1332496 kB
Inactive:         712288 kB
Active(anon):     826372 kB
Inactive(anon):   204932 kB
Active(file):     506124 kB
Inactive(file):   507356 kB
Unevictable:       12768 kB
Mlocked:               0 kB
SwapTotal:        720184 kB
SwapFree:         720156 kB
Dirty:               160 kB
Writeback:             0 kB
AnonPages:        998260 kB
Mapped:           682492 kB
Shmem:             32880 kB
Slab:             117428 kB
SReclaimable:      35812 kB
SUnreclaim:        81616 kB
KernelStack:       33952 kB
PageTables:        56372 kB
NFS_Unstable:          0 kB
Bounce:                0 kB
WritebackTmp:          0 kB
CommitLimit:     2172840 kB
Committed_AS:   92168952 kB
VmallocTotal:   251658176 kB
VmallocUsed:      141144 kB
VmallocChunk:   251424812 kB
Time pass: 152 sec

---2015-12-05 00:15:17
MemTotal:        2905316 kB
MemFree:           63488 kB
Buffers:           23264 kB
Cached:          1036080 kB
SwapCached:            0 kB
Active:          1337968 kB
Inactive:         712168 kB
Active(anon):     831508 kB
Inactive(anon):   204908 kB
Active(file):     506460 kB
Inactive(file):   507260 kB
Unevictable:       12768 kB
Mlocked:               0 kB
SwapTotal:        720184 kB
SwapFree:         720156 kB
Dirty:               208 kB
Writeback:             0 kB
AnonPages:       1003868 kB
Mapped:           682884 kB
Shmem:             32856 kB
Slab:             117288 kB
SReclaimable:      35904 kB
SUnreclaim:        81384 kB
KernelStack:       33904 kB
PageTables:        56448 kB
NFS_Unstable:          0 kB
Bounce:                0 kB
WritebackTmp:          0 kB
CommitLimit:     2172840 kB
Committed_AS:   92199816 kB
VmallocTotal:   251658176 kB
VmallocUsed:      141144 kB
VmallocChunk:   251424812 kB
Time pass: 155 sec

---2015-12-05 00:15:17
MemTotal:        2905316 kB
MemFree:           64568 kB
Buffers:           23272 kB
Cached:          1036108 kB
SwapCached:            0 kB
Active:          1336652 kB
Inactive:         712200 kB
Active(anon):     830188 kB
Inactive(anon):   204928 kB
Active(file):     506464 kB
Inactive(file):   507272 kB
Unevictable:       12768 kB
Mlocked:               0 kB
SwapTotal:        720184 kB
SwapFree:         720156 kB
Dirty:                 8 kB
Writeback:             0 kB
AnonPages:       1002360 kB
Mapped:           683048 kB
Shmem:             32876 kB
Slab:             117288 kB
SReclaimable:      35904 kB
SUnreclaim:        81384 kB
KernelStack:       33888 kB
PageTables:        56448 kB
NFS_Unstable:          0 kB
Bounce:                0 kB
WritebackTmp:          0 kB
CommitLimit:     2172840 kB
Committed_AS:   92199796 kB
VmallocTotal:   251658176 kB
VmallocUsed:      141144 kB
VmallocChunk:   251424812 kB
Time pass: 159 sec

---2015-12-05 00:15:17
MemTotal:        2905316 kB
MemFree:           63144 kB
Buffers:           23280 kB
Cached:          1036200 kB
SwapCached:            0 kB
Active:          1337700 kB
Inactive:         712276 kB
Active(anon):     831228 kB
Inactive(anon):   204980 kB
Active(file):     506472 kB
Inactive(file):   507296 kB
Unevictable:       12768 kB
Mlocked:               0 kB
SwapTotal:        720184 kB
SwapFree:         720156 kB
Dirty:                44 kB
Writeback:             0 kB
AnonPages:       1003212 kB
Mapped:           683256 kB
Shmem:             32944 kB
Slab:             117288 kB
SReclaimable:      35904 kB
SUnreclaim:        81384 kB
KernelStack:       33904 kB
PageTables:        56444 kB
NFS_Unstable:          0 kB
Bounce:                0 kB
WritebackTmp:          0 kB
CommitLimit:     2172840 kB
Committed_AS:   92199784 kB
VmallocTotal:   251658176 kB
VmallocUsed:      141156 kB
VmallocChunk:   251424812 kB
Time pass: 163 sec

---2015-12-05 00:15:17
MemTotal:        2905316 kB
MemFree:           70524 kB
Buffers:           23012 kB
Cached:          1028920 kB
SwapCached:            0 kB
Active:          1332244 kB
Inactive:         709720 kB
Active(anon):     829220 kB
Inactive(anon):   206540 kB
Active(file):     503024 kB
Inactive(file):   503180 kB
Unevictable:       12772 kB
Mlocked:               0 kB
SwapTotal:        720184 kB
SwapFree:         720156 kB
Dirty:                44 kB
Writeback:             0 kB
AnonPages:       1002816 kB
Mapped:           683324 kB
Shmem:             32952 kB
Slab:             117288 kB
SReclaimable:      35904 kB
SUnreclaim:        81384 kB
KernelStack:       33856 kB
PageTables:        56448 kB
NFS_Unstable:          0 kB
Bounce:                0 kB
WritebackTmp:          0 kB
CommitLimit:     2172840 kB
Committed_AS:   92199752 kB
VmallocTotal:   251658176 kB
VmallocUsed:      141156 kB
VmallocChunk:   251424812 kB
Time pass: 167 sec

---2015-12-05 00:15:17
MemTotal:        2905316 kB
MemFree:           81548 kB
Buffers:           23012 kB
Cached:          1028636 kB
SwapCached:            0 kB
Active:          1322596 kB
Inactive:         709432 kB
Active(anon):     819560 kB
Inactive(anon):   206240 kB
Active(file):     503036 kB
Inactive(file):   503192 kB
Unevictable:       12772 kB
Mlocked:               0 kB
SwapTotal:        720184 kB
SwapFree:         720156 kB
Dirty:                32 kB
Writeback:             0 kB
AnonPages:        993168 kB
Mapped:           683004 kB
Shmem:             32648 kB
Slab:             117272 kB
SReclaimable:      35904 kB
SUnreclaim:        81368 kB
KernelStack:       33440 kB
PageTables:        56240 kB
NFS_Unstable:          0 kB
Bounce:                0 kB
WritebackTmp:          0 kB
CommitLimit:     2172840 kB
Committed_AS:   92171112 kB
VmallocTotal:   251658176 kB
VmallocUsed:      141156 kB
VmallocChunk:   251424812 kB
Time pass: 171 sec

---2015-12-05 00:15:17
MemTotal:        2905316 kB
MemFree:           81668 kB
Buffers:           23020 kB
Cached:          1028648 kB
SwapCached:            0 kB
Active:          1322788 kB
Inactive:         709436 kB
Active(anon):     819740 kB
Inactive(anon):   206240 kB
Active(file):     503048 kB
Inactive(file):   503196 kB
Unevictable:       12772 kB
Mlocked:               0 kB
SwapTotal:        720184 kB
SwapFree:         720156 kB
Dirty:                12 kB
Writeback:             0 kB
AnonPages:        993392 kB
Mapped:           683008 kB
Shmem:             32648 kB
Slab:             117264 kB
SReclaimable:      35904 kB
SUnreclaim:        81360 kB
KernelStack:       33440 kB
PageTables:        56236 kB
NFS_Unstable:          0 kB
Bounce:                0 kB
WritebackTmp:          0 kB
CommitLimit:     2172840 kB
Committed_AS:   92171040 kB
VmallocTotal:   251658176 kB
VmallocUsed:      141124 kB
VmallocChunk:   251424812 kB
Time pass: 174 sec

---2015-12-05 00:15:17
MemTotal:        2905316 kB
MemFree:           81100 kB
Buffers:           23028 kB
Cached:          1028648 kB
SwapCached:            0 kB
Active:          1323044 kB
Inactive:         709440 kB
Active(anon):     819988 kB
Inactive(anon):   206240 kB
Active(file):     503056 kB
Inactive(file):   503200 kB
Unevictable:       12772 kB
Mlocked:               0 kB
SwapTotal:        720184 kB
SwapFree:         720156 kB
Dirty:                 4 kB
Writeback:             0 kB
AnonPages:        993484 kB
Mapped:           683076 kB
Shmem:             32648 kB
Slab:             117264 kB
SReclaimable:      35904 kB
SUnreclaim:        81360 kB
KernelStack:       33424 kB
PageTables:        56260 kB
NFS_Unstable:          0 kB
Bounce:                0 kB
WritebackTmp:          0 kB
CommitLimit:     2172840 kB
Committed_AS:   92171064 kB
VmallocTotal:   251658176 kB
VmallocUsed:      141124 kB
VmallocChunk:   251424812 kB
Time pass: 178 sec

---2015-12-05 00:15:17
MemTotal:        2905316 kB
MemFree:           81292 kB
Buffers:           23036 kB
Cached:          1028700 kB
SwapCached:            0 kB
Active:          1323408 kB
Inactive:         709500 kB
Active(anon):     820352 kB
Inactive(anon):   206300 kB
Active(file):     503056 kB
Inactive(file):   503200 kB
Unevictable:       12772 kB
Mlocked:               0 kB
SwapTotal:        720184 kB
SwapFree:         720156 kB
Dirty:                 8 kB
Writeback:             0 kB
AnonPages:        993760 kB
Mapped:           683164 kB
Shmem:             32708 kB
Slab:             117264 kB
SReclaimable:      35904 kB
SUnreclaim:        81360 kB
KernelStack:       33440 kB
PageTables:        56304 kB
NFS_Unstable:          0 kB
Bounce:                0 kB
WritebackTmp:          0 kB
CommitLimit:     2172840 kB
Committed_AS:   92197664 kB
VmallocTotal:   251658176 kB
VmallocUsed:      141124 kB
VmallocChunk:   251424812 kB
Time pass: 182 sec

---2015-12-05 00:15:17
MemTotal:        2905316 kB
MemFree:           80752 kB
Buffers:           23036 kB
Cached:          1028712 kB
SwapCached:            0 kB
Active:          1323628 kB
Inactive:         709508 kB
Active(anon):     820568 kB
Inactive(anon):   206300 kB
Active(file):     503060 kB
Inactive(file):   503208 kB
Unevictable:       12772 kB
Mlocked:               0 kB
SwapTotal:        720184 kB
SwapFree:         720156 kB
Dirty:                16 kB
Writeback:             0 kB
AnonPages:        993940 kB
Mapped:           683172 kB
Shmem:             32708 kB
Slab:             117264 kB
SReclaimable:      35904 kB
SUnreclaim:        81360 kB
KernelStack:       33440 kB
PageTables:        56312 kB
NFS_Unstable:          0 kB
Bounce:                0 kB
WritebackTmp:          0 kB
CommitLimit:     2172840 kB
Committed_AS:   92197640 kB
VmallocTotal:   251658176 kB
VmallocUsed:      138708 kB
VmallocChunk:   251424812 kB
Time pass: 186 sec

---2015-12-05 00:15:17
MemTotal:        2905316 kB
MemFree:           68332 kB
Buffers:           23076 kB
Cached:          1028976 kB
SwapCached:            0 kB
Active:          1336220 kB
Inactive:         708776 kB
Active(anon):     832132 kB
Inactive(anon):   206460 kB
Active(file):     504088 kB
Inactive(file):   502316 kB
Unevictable:       12772 kB
Mlocked:               0 kB
SwapTotal:        720184 kB
SwapFree:         720156 kB
Dirty:                28 kB
Writeback:             0 kB
AnonPages:       1006140 kB
Mapped:           683520 kB
Shmem:             32876 kB
Slab:             117224 kB
SReclaimable:      35920 kB
SUnreclaim:        81304 kB
KernelStack:       33840 kB
PageTables:        56464 kB
NFS_Unstable:          0 kB
Bounce:                0 kB
WritebackTmp:          0 kB
CommitLimit:     2172840 kB
Committed_AS:   92226348 kB
VmallocTotal:   251658176 kB
VmallocUsed:      141156 kB
VmallocChunk:   251424812 kB
Time pass: 189 sec

---2015-12-05 00:15:17
MemTotal:        2905316 kB
MemFree:           67776 kB
Buffers:           23092 kB
Cached:          1029060 kB
SwapCached:            0 kB
Active:          1337144 kB
Inactive:         708840 kB
Active(anon):     833048 kB
Inactive(anon):   206484 kB
Active(file):     504096 kB
Inactive(file):   502356 kB
Unevictable:       12772 kB
Mlocked:               0 kB
SwapTotal:        720184 kB
SwapFree:         720156 kB
Dirty:                 0 kB
Writeback:             0 kB
AnonPages:       1006604 kB
Mapped:           683544 kB
Shmem:             32896 kB
Slab:             117032 kB
SReclaimable:      35792 kB
SUnreclaim:        81240 kB
KernelStack:       33776 kB
PageTables:        56460 kB
NFS_Unstable:          0 kB
Bounce:                0 kB
WritebackTmp:          0 kB
CommitLimit:     2172840 kB
Committed_AS:   92226344 kB
VmallocTotal:   251658176 kB
VmallocUsed:      141156 kB
VmallocChunk:   251424812 kB
Time pass: 193 sec

---2015-12-05 00:15:17
MemTotal:        2905316 kB
MemFree:           66340 kB
Buffers:           23108 kB
Cached:          1029112 kB
SwapCached:            0 kB
Active:          1338060 kB
Inactive:         708924 kB
Active(anon):     833952 kB
Inactive(anon):   206516 kB
Active(file):     504108 kB
Inactive(file):   502408 kB
Unevictable:       12772 kB
Mlocked:               0 kB
SwapTotal:        720184 kB
SwapFree:         720156 kB
Dirty:                76 kB
Writeback:             0 kB
AnonPages:       1007580 kB
Mapped:           683620 kB
Shmem:             32928 kB
Slab:             117036 kB
SReclaimable:      35792 kB
SUnreclaim:        81244 kB
KernelStack:       33776 kB
PageTables:        56464 kB
NFS_Unstable:          0 kB
Bounce:                0 kB
WritebackTmp:          0 kB
CommitLimit:     2172840 kB
Committed_AS:   92226352 kB
VmallocTotal:   251658176 kB
VmallocUsed:      141156 kB
VmallocChunk:   251424812 kB
Time pass: 197 sec

---2015-12-05 00:15:17
MemTotal:        2905316 kB
MemFree:           66936 kB
Buffers:           23108 kB
Cached:          1029116 kB
SwapCached:            0 kB
Active:          1337480 kB
Inactive:         708924 kB
Active(anon):     833364 kB
Inactive(anon):   206516 kB
Active(file):     504116 kB
Inactive(file):   502408 kB
Unevictable:       12772 kB
Mlocked:               0 kB
SwapTotal:        720184 kB
SwapFree:         720156 kB
Dirty:                12 kB
Writeback:             0 kB
AnonPages:       1007100 kB
Mapped:           683744 kB
Shmem:             32928 kB
Slab:             117036 kB
SReclaimable:      35792 kB
SUnreclaim:        81244 kB
KernelStack:       33760 kB
PageTables:        56464 kB
NFS_Unstable:          0 kB
Bounce:                0 kB
WritebackTmp:          0 kB
CommitLimit:     2172840 kB
Committed_AS:   92226304 kB
VmallocTotal:   251658176 kB
VmallocUsed:      141156 kB
VmallocChunk:   251424812 kB
Time pass: 201 sec

---2015-12-05 00:15:17
MemTotal:        2905316 kB
MemFree:           65704 kB
Buffers:           23116 kB
Cached:          1029156 kB
SwapCached:            0 kB
Active:          1338532 kB
Inactive:         708964 kB
Active(anon):     834408 kB
Inactive(anon):   206516 kB
Active(file):     504124 kB
Inactive(file):   502448 kB
Unevictable:       12772 kB
Mlocked:               0 kB
SwapTotal:        720184 kB
SwapFree:         720156 kB
Dirty:                 4 kB
Writeback:             0 kB
AnonPages:       1007980 kB
Mapped:           683692 kB
Shmem:             32928 kB
Slab:             117036 kB
SReclaimable:      35792 kB
SUnreclaim:        81244 kB
KernelStack:       33728 kB
PageTables:        56440 kB
NFS_Unstable:          0 kB
Bounce:                0 kB
WritebackTmp:          0 kB
CommitLimit:     2172840 kB
Committed_AS:   92226300 kB
VmallocTotal:   251658176 kB
VmallocUsed:      141156 kB
VmallocChunk:   251424812 kB
Time pass: 204 sec

---2015-12-05 00:15:17
MemTotal:        2905316 kB
MemFree:           64680 kB
Buffers:           23124 kB
Cached:          1029160 kB
SwapCached:            0 kB
Active:          1338776 kB
Inactive:         708968 kB
Active(anon):     834644 kB
Inactive(anon):   206516 kB
Active(file):     504132 kB
Inactive(file):   502452 kB
Unevictable:       12772 kB
Mlocked:               0 kB
SwapTotal:        720184 kB
SwapFree:         720156 kB
Dirty:                36 kB
Writeback:             0 kB
AnonPages:       1008252 kB
Mapped:           683700 kB
Shmem:             32928 kB
Slab:             117036 kB
SReclaimable:      35792 kB
SUnreclaim:        81244 kB
KernelStack:       33808 kB
PageTables:        56440 kB
NFS_Unstable:          0 kB
Bounce:                0 kB
WritebackTmp:          0 kB
CommitLimit:     2172840 kB
Committed_AS:   92226380 kB
VmallocTotal:   251658176 kB
VmallocUsed:      141156 kB
VmallocChunk:   251424812 kB
Time pass: 208 sec

---2015-12-05 00:15:17
MemTotal:        2905316 kB
MemFree:           64200 kB
Buffers:           23124 kB
Cached:          1029224 kB
SwapCached:            0 kB
Active:          1339496 kB
Inactive:         709028 kB
Active(anon):     835360 kB
Inactive(anon):   206576 kB
Active(file):     504136 kB
Inactive(file):   502452 kB
Unevictable:       12772 kB
Mlocked:               0 kB
SwapTotal:        720184 kB
SwapFree:         720156 kB
Dirty:                12 kB
Writeback:             0 kB
AnonPages:       1008924 kB
Mapped:           683772 kB
Shmem:             32988 kB
Slab:             117036 kB
SReclaimable:      35792 kB
SUnreclaim:        81244 kB
KernelStack:       33792 kB
PageTables:        56492 kB
NFS_Unstable:          0 kB
Bounce:                0 kB
WritebackTmp:          0 kB
CommitLimit:     2172840 kB
Committed_AS:   92252996 kB
VmallocTotal:   251658176 kB
VmallocUsed:      141156 kB
VmallocChunk:   251424812 kB
Time pass: 212 sec

---2015-12-05 00:15:17
MemTotal:        2905316 kB
MemFree:           65904 kB
Buffers:           23132 kB
Cached:          1022092 kB
SwapCached:            0 kB
Active:          1335596 kB
Inactive:         707988 kB
Active(anon):     835788 kB
Inactive(anon):   208332 kB
Active(file):     499808 kB
Inactive(file):   499656 kB
Unevictable:       12772 kB
Mlocked:               0 kB
SwapTotal:        720184 kB
SwapFree:         720156 kB
Dirty:                24 kB
Writeback:             0 kB
AnonPages:       1011072 kB
Mapped:           683924 kB
Shmem:             32988 kB
Slab:             120452 kB
SReclaimable:      39064 kB
SUnreclaim:        81388 kB
KernelStack:       33840 kB
PageTables:        56588 kB
NFS_Unstable:          0 kB
Bounce:                0 kB
WritebackTmp:          0 kB
CommitLimit:     2172840 kB
Committed_AS:   92264564 kB
VmallocTotal:   251658176 kB
VmallocUsed:      142176 kB
VmallocChunk:   251424812 kB
Time pass: 216 sec

---2015-12-05 00:15:17
MemTotal:        2905316 kB
MemFree:           65392 kB
Buffers:           23144 kB
Cached:          1022476 kB
SwapCached:            0 kB
Active:          1335084 kB
Inactive:         708344 kB
Active(anon):     835236 kB
Inactive(anon):   208332 kB
Active(file):     499848 kB
Inactive(file):   500012 kB
Unevictable:       12772 kB
Mlocked:               0 kB
SwapTotal:        720184 kB
SwapFree:         720156 kB
Dirty:                 0 kB
Writeback:             0 kB
AnonPages:       1010652 kB
Mapped:           684020 kB
Shmem:             32988 kB
Slab:             120924 kB
SReclaimable:      39368 kB
SUnreclaim:        81556 kB
KernelStack:       33776 kB
PageTables:        56516 kB
NFS_Unstable:          0 kB
Bounce:                0 kB
WritebackTmp:          0 kB
CommitLimit:     2172840 kB
Committed_AS:   92258920 kB
VmallocTotal:   251658176 kB
VmallocUsed:      141156 kB
VmallocChunk:   251424812 kB
Time pass: 219 sec

---2015-12-05 00:15:17
MemTotal:        2905316 kB
MemFree:           68880 kB
Buffers:           23168 kB
Cached:          1022456 kB
SwapCached:            0 kB
Active:          1332340 kB
Inactive:         708336 kB
Active(anon):     832480 kB
Inactive(anon):   208332 kB
Active(file):     499860 kB
Inactive(file):   500004 kB
Unevictable:       12772 kB
Mlocked:               0 kB
SwapTotal:        720184 kB
SwapFree:         720156 kB
Dirty:                12 kB
Writeback:             0 kB
AnonPages:       1007800 kB
Mapped:           683804 kB
Shmem:             32988 kB
Slab:             120980 kB
SReclaimable:      39408 kB
SUnreclaim:        81572 kB
KernelStack:       33792 kB
PageTables:        56516 kB
NFS_Unstable:          0 kB
Bounce:                0 kB
WritebackTmp:          0 kB
CommitLimit:     2172840 kB
Committed_AS:   92234564 kB
VmallocTotal:   251658176 kB
VmallocUsed:      141156 kB
VmallocChunk:   251424812 kB
Time pass: 223 sec

---2015-12-05 00:15:17
MemTotal:        2905316 kB
MemFree:           65036 kB
Buffers:           23184 kB
Cached:          1022564 kB
SwapCached:            0 kB
Active:          1336160 kB
Inactive:         708404 kB
Active(anon):     836256 kB
Inactive(anon):   208316 kB
Active(file):     499904 kB
Inactive(file):   500088 kB
Unevictable:       12772 kB
Mlocked:               0 kB
SwapTotal:        720184 kB
SwapFree:         720156 kB
Dirty:                24 kB
Writeback:             0 kB
AnonPages:       1011708 kB
Mapped:           684032 kB
Shmem:             32984 kB
Slab:             120996 kB
SReclaimable:      39436 kB
SUnreclaim:        81560 kB
KernelStack:       33760 kB
PageTables:        56560 kB
NFS_Unstable:          0 kB
Bounce:                0 kB
WritebackTmp:          0 kB
CommitLimit:     2172840 kB
Committed_AS:   92263244 kB
VmallocTotal:   251658176 kB
VmallocUsed:      141156 kB
VmallocChunk:   251424812 kB
Time pass: 227 sec

---2015-12-05 00:15:17
MemTotal:        2905316 kB
MemFree:           63796 kB
Buffers:           23184 kB
Cached:          1022668 kB
SwapCached:            0 kB
Active:          1336744 kB
Inactive:         708508 kB
Active(anon):     836828 kB
Inactive(anon):   208416 kB
Active(file):     499916 kB
Inactive(file):   500092 kB
Unevictable:       12772 kB
Mlocked:               0 kB
SwapTotal:        720184 kB
SwapFree:         720156 kB
Dirty:                 0 kB
Writeback:             0 kB
AnonPages:       1012064 kB
Mapped:           684180 kB
Shmem:             33072 kB
Slab:             120988 kB
SReclaimable:      39428 kB
SUnreclaim:        81560 kB
KernelStack:       33760 kB
PageTables:        56588 kB
NFS_Unstable:          0 kB
Bounce:                0 kB
WritebackTmp:          0 kB
CommitLimit:     2172840 kB
Committed_AS:   92263592 kB
VmallocTotal:   251658176 kB
VmallocUsed:      141156 kB
VmallocChunk:   251424812 kB
Time pass: 230 sec

---2015-12-05 00:15:17
MemTotal:        2905316 kB
MemFree:           63608 kB
Buffers:           23192 kB
Cached:          1022676 kB
SwapCached:            0 kB
Active:          1337004 kB
Inactive:         708516 kB
Active(anon):     837080 kB
Inactive(anon):   208416 kB
Active(file):     499924 kB
Inactive(file):   500100 kB
Unevictable:       12772 kB
Mlocked:               0 kB
SwapTotal:        720184 kB
SwapFree:         720156 kB
Dirty:                28 kB
Writeback:             0 kB
AnonPages:       1012496 kB
Mapped:           684072 kB
Shmem:             33072 kB
Slab:             121000 kB
SReclaimable:      39444 kB
SUnreclaim:        81556 kB
KernelStack:       33744 kB
PageTables:        56536 kB
NFS_Unstable:          0 kB
Bounce:                0 kB
WritebackTmp:          0 kB
CommitLimit:     2172840 kB
Committed_AS:   92263588 kB
VmallocTotal:   251658176 kB
VmallocUsed:      141156 kB
VmallocChunk:   251424812 kB
Time pass: 234 sec

---2015-12-05 00:15:17
MemTotal:        2905316 kB
MemFree:           64948 kB
Buffers:           23224 kB
Cached:          1014948 kB
SwapCached:            0 kB
Active:          1339416 kB
Inactive:         705728 kB
Active(anon):     843376 kB
Inactive(anon):   209332 kB
Active(file):     496040 kB
Inactive(file):   496396 kB
Unevictable:       12772 kB
Mlocked:               0 kB
SwapTotal:        720184 kB
SwapFree:         720156 kB
Dirty:               116 kB
Writeback:             0 kB
AnonPages:       1019884 kB
Mapped:           683748 kB
Shmem:             32964 kB
Slab:             120936 kB
SReclaimable:      39380 kB
SUnreclaim:        81556 kB
KernelStack:       33792 kB
PageTables:        56556 kB
NFS_Unstable:          0 kB
Bounce:                0 kB
WritebackTmp:          0 kB
CommitLimit:     2172840 kB
Committed_AS:   92249104 kB
VmallocTotal:   251658176 kB
VmallocUsed:      141156 kB
VmallocChunk:   251424812 kB
Time pass: 238 sec

---2015-12-05 00:15:17
MemTotal:        2905316 kB
MemFree:           64576 kB
Buffers:           23248 kB
Cached:          1015032 kB
SwapCached:            0 kB
Active:          1339068 kB
Inactive:         705792 kB
Active(anon):     842996 kB
Inactive(anon):   209352 kB
Active(file):     496072 kB
Inactive(file):   496440 kB
Unevictable:       12772 kB
Mlocked:               0 kB
SwapTotal:        720184 kB
SwapFree:         720156 kB
Dirty:                 0 kB
Writeback:             0 kB
AnonPages:       1019708 kB
Mapped:           684140 kB
Shmem:             32984 kB
Slab:             120956 kB
SReclaimable:      39392 kB
SUnreclaim:        81564 kB
KernelStack:       33776 kB
PageTables:        56588 kB
NFS_Unstable:          0 kB
Bounce:                0 kB
WritebackTmp:          0 kB
CommitLimit:     2172840 kB
Committed_AS:   92301976 kB
VmallocTotal:   251658176 kB
VmallocUsed:      141156 kB
VmallocChunk:   251424812 kB
Time pass: 242 sec

---2015-12-05 00:15:17
MemTotal:        2905316 kB
MemFree:           63320 kB
Buffers:           23248 kB
Cached:          1015068 kB
SwapCached:            0 kB
Active:          1339872 kB
Inactive:         705832 kB
Active(anon):     843792 kB
Inactive(anon):   209360 kB
Active(file):     496080 kB
Inactive(file):   496472 kB
Unevictable:       12772 kB
Mlocked:               0 kB
SwapTotal:        720184 kB
SwapFree:         720156 kB
Dirty:                 8 kB
Writeback:             0 kB
AnonPages:       1020056 kB
Mapped:           684164 kB
Shmem:             32992 kB
Slab:             120944 kB
SReclaimable:      39376 kB
SUnreclaim:        81568 kB
KernelStack:       33744 kB
PageTables:        56612 kB
NFS_Unstable:          0 kB
Bounce:                0 kB
WritebackTmp:          0 kB
CommitLimit:     2172840 kB
Committed_AS:   92302084 kB
VmallocTotal:   251658176 kB
VmallocUsed:      141156 kB
VmallocChunk:   251424812 kB
Time pass: 246 sec

---2015-12-05 00:15:17
MemTotal:        2905316 kB
MemFree:           69604 kB
Buffers:           23256 kB
Cached:          1008316 kB
SwapCached:            0 kB
Active:          1336024 kB
Inactive:         704076 kB
Active(anon):     843112 kB
Inactive(anon):   211144 kB
Active(file):     492912 kB
Inactive(file):   492932 kB
Unevictable:       12772 kB
Mlocked:               0 kB
SwapTotal:        720184 kB
SwapFree:         720156 kB
Dirty:               112 kB
Writeback:             0 kB
AnonPages:       1021076 kB
Mapped:           682224 kB
Shmem:             33000 kB
Slab:             120852 kB
SReclaimable:      39376 kB
SUnreclaim:        81476 kB
KernelStack:       33744 kB
PageTables:        56588 kB
NFS_Unstable:          0 kB
Bounce:                0 kB
WritebackTmp:          0 kB
CommitLimit:     2172840 kB
Committed_AS:   92302060 kB
VmallocTotal:   251658176 kB
VmallocUsed:      141156 kB
VmallocChunk:   251424812 kB
Time pass: 250 sec

---2015-12-05 00:15:17
MemTotal:        2905316 kB
MemFree:           68680 kB
Buffers:           23280 kB
Cached:          1008340 kB
SwapCached:            0 kB
Active:          1337304 kB
Inactive:         704060 kB
Active(anon):     844376 kB
Inactive(anon):   211148 kB
Active(file):     492928 kB
Inactive(file):   492912 kB
Unevictable:       12776 kB
Mlocked:               0 kB
SwapTotal:        720184 kB
SwapFree:         720156 kB
Dirty:                20 kB
Writeback:             0 kB
AnonPages:       1022664 kB
Mapped:           682336 kB
Shmem:             33004 kB
Slab:             120616 kB
SReclaimable:      39312 kB
SUnreclaim:        81304 kB
KernelStack:       33680 kB
PageTables:        56616 kB
NFS_Unstable:          0 kB
Bounce:                0 kB
WritebackTmp:          0 kB
CommitLimit:     2172840 kB
Committed_AS:   92302096 kB
VmallocTotal:   251658176 kB
VmallocUsed:      141156 kB
VmallocChunk:   251424812 kB
Time pass: 253 sec

---2015-12-05 00:15:17
MemTotal:        2905316 kB
MemFree:           67776 kB
Buffers:           23280 kB
Cached:          1008392 kB
SwapCached:            0 kB
Active:          1337880 kB
Inactive:         704100 kB
Active(anon):     844940 kB
Inactive(anon):   211148 kB
Active(file):     492940 kB
Inactive(file):   492952 kB
Unevictable:       12776 kB
Mlocked:               0 kB
SwapTotal:        720184 kB
SwapFree:         720156 kB
Dirty:               108 kB
Writeback:             0 kB
AnonPages:       1023028 kB
Mapped:           682280 kB
Shmem:             33004 kB
Slab:             120612 kB
SReclaimable:      39312 kB
SUnreclaim:        81300 kB
KernelStack:       33664 kB
PageTables:        56584 kB
NFS_Unstable:          0 kB
Bounce:                0 kB
WritebackTmp:          0 kB
CommitLimit:     2172840 kB
Committed_AS:   92302084 kB
VmallocTotal:   251658176 kB
VmallocUsed:      141156 kB
VmallocChunk:   251424812 kB
Time pass: 257 sec

---2015-12-05 00:15:17
MemTotal:        2905316 kB
MemFree:           66588 kB
Buffers:           23288 kB
Cached:          1008396 kB
SwapCached:            0 kB
Active:          1339332 kB
Inactive:         704108 kB
Active(anon):     846388 kB
Inactive(anon):   211148 kB
Active(file):     492944 kB
Inactive(file):   492960 kB
Unevictable:       12776 kB
Mlocked:               0 kB
SwapTotal:        720184 kB
SwapFree:         720156 kB
Dirty:                56 kB
Writeback:             0 kB
AnonPages:       1024644 kB
Mapped:           682292 kB
Shmem:             33004 kB
Slab:             120548 kB
SReclaimable:      39312 kB
SUnreclaim:        81236 kB
KernelStack:       33664 kB
PageTables:        56588 kB
NFS_Unstable:          0 kB
Bounce:                0 kB
WritebackTmp:          0 kB
CommitLimit:     2172840 kB
Committed_AS:   92302084 kB
VmallocTotal:   251658176 kB
VmallocUsed:      141156 kB
VmallocChunk:   251424812 kB
Time pass: 261 sec

---2015-12-05 00:15:17
MemTotal:        2905316 kB
MemFree:           66272 kB
Buffers:           23296 kB
Cached:          1008412 kB
SwapCached:            0 kB
Active:          1339736 kB
Inactive:         704124 kB
Active(anon):     846784 kB
Inactive(anon):   211156 kB
Active(file):     492952 kB
Inactive(file):   492968 kB
Unevictable:       12776 kB
Mlocked:               0 kB
SwapTotal:        720184 kB
SwapFree:         720156 kB
Dirty:                24 kB
Writeback:             0 kB
AnonPages:       1024912 kB
Mapped:           682312 kB
Shmem:             33012 kB
Slab:             120516 kB
SReclaimable:      39312 kB
SUnreclaim:        81204 kB
KernelStack:       33664 kB
PageTables:        56588 kB
NFS_Unstable:          0 kB
Bounce:                0 kB
WritebackTmp:          0 kB
CommitLimit:     2172840 kB
Committed_AS:   92302048 kB
VmallocTotal:   251658176 kB
VmallocUsed:      141156 kB
VmallocChunk:   251424812 kB
Time pass: 264 sec

---2015-12-05 00:15:17
MemTotal:        2905316 kB
MemFree:           65024 kB
Buffers:           23312 kB
Cached:          1008452 kB
SwapCached:            0 kB
Active:          1340908 kB
Inactive:         704168 kB
Active(anon):     847944 kB
Inactive(anon):   211160 kB
Active(file):     492964 kB
Inactive(file):   493008 kB
Unevictable:       12776 kB
Mlocked:               0 kB
SwapTotal:        720184 kB
SwapFree:         720156 kB
Dirty:                12 kB
Writeback:             0 kB
AnonPages:       1026184 kB
Mapped:           682328 kB
Shmem:             33016 kB
Slab:             120452 kB
SReclaimable:      39312 kB
SUnreclaim:        81140 kB
KernelStack:       33584 kB
PageTables:        56584 kB
NFS_Unstable:          0 kB
Bounce:                0 kB
WritebackTmp:          0 kB
CommitLimit:     2172840 kB
Committed_AS:   92302060 kB
VmallocTotal:   251658176 kB
VmallocUsed:      141156 kB
VmallocChunk:   251424812 kB
Time pass: 268 sec

---2015-12-05 00:15:17
MemTotal:        2905316 kB
MemFree:           64544 kB
Buffers:           23320 kB
Cached:          1008544 kB
SwapCached:            0 kB
Active:          1341856 kB
Inactive:         704256 kB
Active(anon):     848884 kB
Inactive(anon):   211240 kB
Active(file):     492972 kB
Inactive(file):   493016 kB
Unevictable:       12776 kB
Mlocked:               0 kB
SwapTotal:        720184 kB
SwapFree:         720156 kB
Dirty:                68 kB
Writeback:             0 kB
AnonPages:       1027128 kB
Mapped:           682428 kB
Shmem:             33100 kB
Slab:             120452 kB
SReclaimable:      39312 kB
SUnreclaim:        81140 kB
KernelStack:       33632 kB
PageTables:        56640 kB
NFS_Unstable:          0 kB
Bounce:                0 kB
WritebackTmp:          0 kB
CommitLimit:     2172840 kB
Committed_AS:   92328624 kB
VmallocTotal:   251658176 kB
VmallocUsed:      141156 kB
VmallocChunk:   251424812 kB
Time pass: 272 sec

---2015-12-05 00:15:17
MemTotal:        2905316 kB
MemFree:           63272 kB
Buffers:           23320 kB
Cached:          1008544 kB
SwapCached:            0 kB
Active:          1342268 kB
Inactive:         704252 kB
Active(anon):     849292 kB
Inactive(anon):   211240 kB
Active(file):     492976 kB
Inactive(file):   493012 kB
Unevictable:       12776 kB
Mlocked:               0 kB
SwapTotal:        720184 kB
SwapFree:         720156 kB
Dirty:                 8 kB
Writeback:             0 kB
AnonPages:       1027540 kB
Mapped:           682428 kB
Shmem:             33100 kB
Slab:             120452 kB
SReclaimable:      39312 kB
SUnreclaim:        81140 kB
KernelStack:       33632 kB
PageTables:        56644 kB
NFS_Unstable:          0 kB
Bounce:                0 kB
WritebackTmp:          0 kB
CommitLimit:     2172840 kB
Committed_AS:   92328648 kB
VmallocTotal:   251658176 kB
VmallocUsed:      141156 kB
VmallocChunk:   251424812 kB
Time pass: 276 sec

---2015-12-05 00:15:17
MemTotal:        2905316 kB
MemFree:           69908 kB
Buffers:           23344 kB
Cached:          1005284 kB
SwapCached:            0 kB
Active:          1341708 kB
Inactive:         702608 kB
Active(anon):     849200 kB
Inactive(anon):   212368 kB
Active(file):     492508 kB
Inactive(file):   490240 kB
Unevictable:       12776 kB
Mlocked:               0 kB
SwapTotal:        720184 kB
SwapFree:         720156 kB
Dirty:                12 kB
Writeback:             0 kB
AnonPages:       1028608 kB
Mapped:           681476 kB
Shmem:             33104 kB
Slab:             116384 kB
SReclaimable:      35468 kB
SUnreclaim:        80916 kB
KernelStack:       33632 kB
PageTables:        56644 kB
NFS_Unstable:          0 kB
Bounce:                0 kB
WritebackTmp:          0 kB
CommitLimit:     2172840 kB
Committed_AS:   92328636 kB
VmallocTotal:   251658176 kB
VmallocUsed:      141156 kB
VmallocChunk:   251424812 kB
Time pass: 279 sec

---2015-12-05 00:15:17
MemTotal:        2905316 kB
MemFree:           69032 kB
Buffers:           23352 kB
Cached:          1005280 kB
SwapCached:            0 kB
Active:          1342156 kB
Inactive:         702612 kB
Active(anon):     849648 kB
Inactive(anon):   212368 kB
Active(file):     492508 kB
Inactive(file):   490244 kB
Unevictable:       12776 kB
Mlocked:               0 kB
SwapTotal:        720184 kB
SwapFree:         720156 kB
Dirty:                64 kB
Writeback:             0 kB
AnonPages:       1029108 kB
Mapped:           681548 kB
Shmem:             33104 kB
Slab:             116448 kB
SReclaimable:      35532 kB
SUnreclaim:        80916 kB
KernelStack:       33600 kB
PageTables:        56672 kB
NFS_Unstable:          0 kB
Bounce:                0 kB
WritebackTmp:          0 kB
CommitLimit:     2172840 kB
Committed_AS:   92328588 kB
VmallocTotal:   251658176 kB
VmallocUsed:      141156 kB
VmallocChunk:   251424812 kB
Time pass: 283 sec

---2015-12-05 00:15:17
MemTotal:        2905316 kB
MemFree:           68344 kB
Buffers:           23352 kB
Cached:          1005292 kB
SwapCached:            0 kB
Active:          1343264 kB
Inactive:         702624 kB
Active(anon):     850756 kB
Inactive(anon):   212372 kB
Active(file):     492508 kB
Inactive(file):   490252 kB
Unevictable:       12776 kB
Mlocked:               0 kB
SwapTotal:        720184 kB
SwapFree:         720156 kB
Dirty:                60 kB
Writeback:             0 kB
AnonPages:       1030328 kB
Mapped:           681552 kB
Shmem:             33108 kB
Slab:             116464 kB
SReclaimable:      35548 kB
SUnreclaim:        80916 kB
KernelStack:       33632 kB
PageTables:        56668 kB
NFS_Unstable:          0 kB
Bounce:                0 kB
WritebackTmp:          0 kB
CommitLimit:     2172840 kB
Committed_AS:   92328588 kB
VmallocTotal:   251658176 kB
VmallocUsed:      141156 kB
VmallocChunk:   251424812 kB
Time pass: 287 sec

---2015-12-05 00:15:17
MemTotal:        2905316 kB
MemFree:           72672 kB
Buffers:           23376 kB
Cached:          1005540 kB
SwapCached:            0 kB
Active:          1338780 kB
Inactive:         702872 kB
Active(anon):     846252 kB
Inactive(anon):   212368 kB
Active(file):     492528 kB
Inactive(file):   490504 kB
Unevictable:       12776 kB
Mlocked:               0 kB
SwapTotal:        720184 kB
SwapFree:         720156 kB
Dirty:               104 kB
Writeback:             0 kB
AnonPages:       1025604 kB
Mapped:           681568 kB
Shmem:             33108 kB
Slab:             116544 kB
SReclaimable:      35628 kB
SUnreclaim:        80916 kB
KernelStack:       33616 kB
PageTables:        56648 kB
NFS_Unstable:          0 kB
Bounce:                0 kB
WritebackTmp:          0 kB
CommitLimit:     2172840 kB
Committed_AS:   92328636 kB
VmallocTotal:   251658176 kB
VmallocUsed:      141156 kB
VmallocChunk:   251424812 kB
Time pass: 291 sec

---2015-12-05 00:15:17
MemTotal:        2905316 kB
MemFree:           72156 kB
Buffers:           23376 kB
Cached:          1005540 kB
SwapCached:            0 kB
Active:          1339152 kB
Inactive:         702872 kB
Active(anon):     846624 kB
Inactive(anon):   212368 kB
Active(file):     492528 kB
Inactive(file):   490504 kB
Unevictable:       12776 kB
Mlocked:               0 kB
SwapTotal:        720184 kB
SwapFree:         720156 kB
Dirty:                 4 kB
Writeback:             0 kB
AnonPages:       1026012 kB
Mapped:           681572 kB
Shmem:             33108 kB
Slab:             116544 kB
SReclaimable:      35628 kB
SUnreclaim:        80916 kB
KernelStack:       33584 kB
PageTables:        56648 kB
NFS_Unstable:          0 kB
Bounce:                0 kB
WritebackTmp:          0 kB
CommitLimit:     2172840 kB
Committed_AS:   92328528 kB
VmallocTotal:   251658176 kB
VmallocUsed:      141156 kB
VmallocChunk:   251424812 kB
Time pass: 294 sec

---2015-12-05 00:15:17
MemTotal:        2905316 kB
MemFree:           78060 kB
Buffers:           23384 kB
Cached:          1005580 kB
SwapCached:            0 kB
Active:          1333520 kB
Inactive:         702908 kB
Active(anon):     840980 kB
Inactive(anon):   212372 kB
Active(file):     492540 kB
Inactive(file):   490536 kB
Unevictable:       12776 kB
Mlocked:               0 kB
SwapTotal:        720184 kB
SwapFree:         720156 kB
Dirty:                96 kB
Writeback:             0 kB
AnonPages:       1020332 kB
Mapped:           681580 kB
Shmem:             33112 kB
Slab:             116480 kB
SReclaimable:      35628 kB
SUnreclaim:        80852 kB
KernelStack:       33648 kB
PageTables:        56648 kB
NFS_Unstable:          0 kB
Bounce:                0 kB
WritebackTmp:          0 kB
CommitLimit:     2172840 kB
Committed_AS:   92328624 kB
VmallocTotal:   251658176 kB
VmallocUsed:      141156 kB
VmallocChunk:   251424812 kB
Time pass: 298 sec

---2015-12-05 00:15:17
MemTotal:        2905316 kB
MemFree:           76680 kB
Buffers:           23408 kB
Cached:          1005584 kB
SwapCached:            0 kB
Active:          1334168 kB
Inactive:         702920 kB
Active(anon):     841624 kB
Inactive(anon):   212376 kB
Active(file):     492544 kB
Inactive(file):   490544 kB
Unevictable:       12776 kB
Mlocked:               0 kB
SwapTotal:        720184 kB
SwapFree:         720156 kB
Dirty:                28 kB
Writeback:             0 kB
AnonPages:       1020860 kB
Mapped:           681632 kB
Shmem:             33128 kB
Slab:             116480 kB
SReclaimable:      35628 kB
SUnreclaim:        80852 kB
KernelStack:       33648 kB
PageTables:        56656 kB
NFS_Unstable:          0 kB
Bounce:                0 kB
WritebackTmp:          0 kB
CommitLimit:     2172840 kB
Committed_AS:   92355320 kB
VmallocTotal:   251658176 kB
VmallocUsed:      141156 kB
VmallocChunk:   251424812 kB
Time pass: 302 sec

---2015-12-05 00:15:17
MemTotal:        2905316 kB
MemFree:           75948 kB
Buffers:           23408 kB
Cached:          1005716 kB
SwapCached:            0 kB
Active:          1334668 kB
Inactive:         703044 kB
Active(anon):     842104 kB
Inactive(anon):   212464 kB
Active(file):     492564 kB
Inactive(file):   490580 kB
Unevictable:       12776 kB
Mlocked:               0 kB
SwapTotal:        720184 kB
SwapFree:         720156 kB
Dirty:                 8 kB
Writeback:             0 kB
AnonPages:       1021440 kB
Mapped:           681720 kB
Shmem:             33204 kB
Slab:             116480 kB
SReclaimable:      35628 kB
SUnreclaim:        80852 kB
KernelStack:       33664 kB
PageTables:        56700 kB
NFS_Unstable:          0 kB
Bounce:                0 kB
WritebackTmp:          0 kB
CommitLimit:     2172840 kB
Committed_AS:   92355344 kB
VmallocTotal:   251658176 kB
VmallocUsed:      141156 kB
VmallocChunk:   251424812 kB
Time pass: 306 sec

---2015-12-05 00:15:17
MemTotal:        2905316 kB
MemFree:           75184 kB
Buffers:           23424 kB
Cached:          1005756 kB
SwapCached:            0 kB
Active:          1335812 kB
Inactive:         703088 kB
Active(anon):     843236 kB
Inactive(anon):   212464 kB
Active(file):     492576 kB
Inactive(file):   490624 kB
Unevictable:       12776 kB
Mlocked:               0 kB
SwapTotal:        720184 kB
SwapFree:         720156 kB
Dirty:                 4 kB
Writeback:             0 kB
AnonPages:       1022552 kB
Mapped:           681664 kB
Shmem:             33204 kB
Slab:             116476 kB
SReclaimable:      35628 kB
SUnreclaim:        80848 kB
KernelStack:       33664 kB
PageTables:        56676 kB
NFS_Unstable:          0 kB
Bounce:                0 kB
WritebackTmp:          0 kB
CommitLimit:     2172840 kB
Committed_AS:   92355328 kB
VmallocTotal:   251658176 kB
VmallocUsed:      141156 kB
VmallocChunk:   251424812 kB
Time pass: 309 sec

---2015-12-05 00:15:17
MemTotal:        2905316 kB
MemFree:           74968 kB
Buffers:           23424 kB
Cached:          1005756 kB
SwapCached:            0 kB
Active:          1335840 kB
Inactive:         703088 kB
Active(anon):     843264 kB
Inactive(anon):   212464 kB
Active(file):     492576 kB
Inactive(file):   490624 kB
Unevictable:       12776 kB
Mlocked:               0 kB
SwapTotal:        720184 kB
SwapFree:         720156 kB
Dirty:                 4 kB
Writeback:             0 kB
AnonPages:       1022468 kB
Mapped:           681728 kB
Shmem:             33204 kB
Slab:             116476 kB
SReclaimable:      35628 kB
SUnreclaim:        80848 kB
KernelStack:       33600 kB
PageTables:        56696 kB
NFS_Unstable:          0 kB
Bounce:                0 kB
WritebackTmp:          0 kB
CommitLimit:     2172840 kB
Committed_AS:   92355264 kB
VmallocTotal:   251658176 kB
VmallocUsed:      141156 kB
VmallocChunk:   251424812 kB
Time pass: 313 sec

---2015-12-05 00:15:17
MemTotal:        2905316 kB
MemFree:           74444 kB
Buffers:           23448 kB
Cached:          1005788 kB
SwapCached:            0 kB
Active:          1336416 kB
Inactive:         703136 kB
Active(anon):     843832 kB
Inactive(anon):   212464 kB
Active(file):     492584 kB
Inactive(file):   490672 kB
Unevictable:       12776 kB
Mlocked:               0 kB
SwapTotal:        720184 kB
SwapFree:         720156 kB
Dirty:                72 kB
Writeback:             0 kB
AnonPages:       1023180 kB
Mapped:           681736 kB
Shmem:             33204 kB
Slab:             116468 kB
SReclaimable:      35628 kB
SUnreclaim:        80840 kB
KernelStack:       33616 kB
PageTables:        56696 kB
NFS_Unstable:          0 kB
Bounce:                0 kB
WritebackTmp:          0 kB
CommitLimit:     2172840 kB
Committed_AS:   92355224 kB
VmallocTotal:   251658176 kB
VmallocUsed:      141156 kB
VmallocChunk:   251424812 kB
Time pass: 317 sec

---2015-12-05 00:15:17
MemTotal:        2905316 kB
MemFree:           74344 kB
Buffers:           23456 kB
Cached:          1005796 kB
SwapCached:            0 kB
Active:          1336744 kB
Inactive:         703152 kB
Active(anon):     844160 kB
Inactive(anon):   212468 kB
Active(file):     492584 kB
Inactive(file):   490684 kB
Unevictable:       12776 kB
Mlocked:               0 kB
SwapTotal:        720184 kB
SwapFree:         720156 kB
Dirty:                44 kB
Writeback:             0 kB
AnonPages:       1023432 kB
Mapped:           681748 kB
Shmem:             33208 kB
Slab:             116468 kB
SReclaimable:      35628 kB
SUnreclaim:        80840 kB
KernelStack:       33568 kB
PageTables:        56696 kB
NFS_Unstable:          0 kB
Bounce:                0 kB
WritebackTmp:          0 kB
CommitLimit:     2172840 kB
Committed_AS:   92355184 kB
VmallocTotal:   251658176 kB
VmallocUsed:      141156 kB
VmallocChunk:   251424812 kB
Time pass: 321 sec

---2015-12-05 00:15:17
MemTotal:        2905316 kB
MemFree:           74368 kB
Buffers:           23464 kB
Cached:          1005796 kB
SwapCached:            0 kB
Active:          1336308 kB
Inactive:         703156 kB
Active(anon):     843720 kB
Inactive(anon):   212468 kB
Active(file):     492588 kB
Inactive(file):   490688 kB
Unevictable:       12776 kB
Mlocked:               0 kB
SwapTotal:        720184 kB
SwapFree:         720156 kB
Dirty:                16 kB
Writeback:             0 kB
AnonPages:       1023084 kB
Mapped:           681768 kB
Shmem:             33208 kB
Slab:             116468 kB
SReclaimable:      35628 kB
SUnreclaim:        80840 kB
KernelStack:       33552 kB
PageTables:        56696 kB
NFS_Unstable:          0 kB
Bounce:                0 kB
WritebackTmp:          0 kB
CommitLimit:     2172840 kB
Committed_AS:   92355152 kB
VmallocTotal:   251658176 kB
VmallocUsed:      141156 kB
VmallocChunk:   251424812 kB
Time pass: 324 sec

---2015-12-05 00:15:17
MemTotal:        2905316 kB
MemFree:           73184 kB
Buffers:           23480 kB
Cached:          1005828 kB
SwapCached:            0 kB
Active:          1337404 kB
Inactive:         703200 kB
Active(anon):     844812 kB
Inactive(anon):   212468 kB
Active(file):     492592 kB
Inactive(file):   490732 kB
Unevictable:       12776 kB
Mlocked:               0 kB
SwapTotal:        720184 kB
SwapFree:         720156 kB
Dirty:                96 kB
Writeback:             0 kB
AnonPages:       1023888 kB
Mapped:           681772 kB
Shmem:             33208 kB
Slab:             116468 kB
SReclaimable:      35628 kB
SUnreclaim:        80840 kB
KernelStack:       33568 kB
PageTables:        56696 kB
NFS_Unstable:          0 kB
Bounce:                0 kB
WritebackTmp:          0 kB
CommitLimit:     2172840 kB
Committed_AS:   92355152 kB
VmallocTotal:   251658176 kB
VmallocUsed:      141156 kB
VmallocChunk:   251424812 kB
Time pass: 328 sec

---2015-12-05 00:15:17
MemTotal:        2905316 kB
MemFree:           73332 kB
Buffers:           23488 kB
Cached:          1005836 kB
SwapCached:            0 kB
Active:          1337608 kB
Inactive:         703212 kB
Active(anon):     845016 kB
Inactive(anon):   212472 kB
Active(file):     492592 kB
Inactive(file):   490740 kB
Unevictable:       12776 kB
Mlocked:               0 kB
SwapTotal:        720184 kB
SwapFree:         720156 kB
Dirty:                48 kB
Writeback:             0 kB
AnonPages:       1024512 kB
Mapped:           681800 kB
Shmem:             33216 kB
Slab:             116468 kB
SReclaimable:      35628 kB
SUnreclaim:        80840 kB
KernelStack:       33568 kB
PageTables:        56696 kB
NFS_Unstable:          0 kB
Bounce:                0 kB
WritebackTmp:          0 kB
CommitLimit:     2172840 kB
Committed_AS:   92381800 kB
VmallocTotal:   251658176 kB
VmallocUsed:      141156 kB
VmallocChunk:   251424812 kB
Time pass: 332 sec

---2015-12-05 00:15:17
MemTotal:        2905316 kB
MemFree:           71232 kB
Buffers:           23496 kB
Cached:          1005924 kB
SwapCached:            0 kB
Active:          1338820 kB
Inactive:         703300 kB
Active(anon):     846216 kB
Inactive(anon):   212532 kB
Active(file):     492604 kB
Inactive(file):   490768 kB
Unevictable:       12776 kB
Mlocked:               0 kB
SwapTotal:        720184 kB
SwapFree:         720156 kB
Dirty:                 8 kB
Writeback:             0 kB
AnonPages:       1025568 kB
Mapped:           681920 kB
Shmem:             33272 kB
Slab:             116464 kB
SReclaimable:      35628 kB
SUnreclaim:        80836 kB
KernelStack:       33584 kB
PageTables:        56772 kB
NFS_Unstable:          0 kB
Bounce:                0 kB
WritebackTmp:          0 kB
CommitLimit:     2172840 kB
Committed_AS:   92381800 kB
VmallocTotal:   251658176 kB
VmallocUsed:      141156 kB
VmallocChunk:   251424812 kB
Time pass: 336 sec

---2015-12-05 00:15:17
MemTotal:        2905316 kB
MemFree:           71512 kB
Buffers:           23512 kB
Cached:          1006000 kB
SwapCached:            0 kB
Active:          1339496 kB
Inactive:         703380 kB
Active(anon):     846880 kB
Inactive(anon):   212560 kB
Active(file):     492616 kB
Inactive(file):   490820 kB
Unevictable:       12776 kB
Mlocked:               0 kB
SwapTotal:        720184 kB
SwapFree:         720156 kB
Dirty:                 8 kB
Writeback:             0 kB
AnonPages:       1026148 kB
Mapped:           681956 kB
Shmem:             33300 kB
Slab:             116480 kB
SReclaimable:      35644 kB
SUnreclaim:        80836 kB
KernelStack:       33584 kB
PageTables:        56764 kB
NFS_Unstable:          0 kB
Bounce:                0 kB
WritebackTmp:          0 kB
CommitLimit:     2172840 kB
Committed_AS:   92381800 kB
VmallocTotal:   251658176 kB
VmallocUsed:      141156 kB
VmallocChunk:   251424812 kB
Time pass: 339 sec

---2015-12-05 00:15:17
MemTotal:        2905316 kB
MemFree:           69764 kB
Buffers:           23520 kB
Cached:          1005992 kB
SwapCached:            0 kB
Active:          1340628 kB
Inactive:         703380 kB
Active(anon):     848012 kB
Inactive(anon):   212560 kB
Active(file):     492616 kB
Inactive(file):   490820 kB
Unevictable:       12776 kB
Mlocked:               0 kB
SwapTotal:        720184 kB
SwapFree:         720156 kB
Dirty:                 8 kB
Writeback:             0 kB
AnonPages:       1027460 kB
Mapped:           681956 kB
Shmem:             33300 kB
Slab:             116480 kB
SReclaimable:      35644 kB
SUnreclaim:        80836 kB
KernelStack:       33584 kB
PageTables:        56768 kB
NFS_Unstable:          0 kB
Bounce:                0 kB
WritebackTmp:          0 kB
CommitLimit:     2172840 kB
Committed_AS:   92381800 kB
VmallocTotal:   251658176 kB
VmallocUsed:      141156 kB
VmallocChunk:   251424812 kB
Time pass: 343 sec

---2015-12-05 00:15:17
MemTotal:        2905316 kB
MemFree:           69776 kB
Buffers:           23520 kB
Cached:          1006084 kB
SwapCached:            0 kB
Active:          1341156 kB
Inactive:         703452 kB
Active(anon):     848520 kB
Inactive(anon):   212564 kB
Active(file):     492636 kB
Inactive(file):   490888 kB
Unevictable:       12776 kB
Mlocked:               0 kB
SwapTotal:        720184 kB
SwapFree:         720156 kB
Dirty:                28 kB
Writeback:             0 kB
AnonPages:       1027596 kB
Mapped:           681912 kB
Shmem:             33304 kB
Slab:             116480 kB
SReclaimable:      35644 kB
SUnreclaim:        80836 kB
KernelStack:       33584 kB
PageTables:        56748 kB
NFS_Unstable:          0 kB
Bounce:                0 kB
WritebackTmp:          0 kB
CommitLimit:     2172840 kB
Committed_AS:   92381728 kB
VmallocTotal:   251658176 kB
VmallocUsed:      141156 kB
VmallocChunk:   251424812 kB
Time pass: 347 sec

---2015-12-05 00:15:17
MemTotal:        2905316 kB
MemFree:           69276 kB
Buffers:           23544 kB
Cached:          1006116 kB
SwapCached:            0 kB
Active:          1341500 kB
Inactive:         703500 kB
Active(anon):     848856 kB
Inactive(anon):   212564 kB
Active(file):     492644 kB
Inactive(file):   490936 kB
Unevictable:       12776 kB
Mlocked:               0 kB
SwapTotal:        720184 kB
SwapFree:         720156 kB
Dirty:               104 kB
Writeback:             0 kB
AnonPages:       1028172 kB
Mapped:           681912 kB
Shmem:             33304 kB
Slab:             116480 kB
SReclaimable:      35644 kB
SUnreclaim:        80836 kB
KernelStack:       33584 kB
PageTables:        56744 kB
NFS_Unstable:          0 kB
Bounce:                0 kB
WritebackTmp:          0 kB
CommitLimit:     2172840 kB
Committed_AS:   92381752 kB
VmallocTotal:   251658176 kB
VmallocUsed:      141156 kB
VmallocChunk:   251424812 kB
Time pass: 350 sec

---2015-12-05 00:15:17
MemTotal:        2905316 kB
MemFree:           68612 kB
Buffers:           23544 kB
Cached:          1006120 kB
SwapCached:            0 kB
Active:          1341720 kB
Inactive:         703484 kB
Active(anon):     849056 kB
Inactive(anon):   212564 kB
Active(file):     492664 kB
Inactive(file):   490920 kB
Unevictable:       12776 kB
Mlocked:               0 kB
SwapTotal:        720184 kB
SwapFree:         720156 kB
Dirty:                 4 kB
Writeback:            64 kB
AnonPages:       1028364 kB
Mapped:           681912 kB
Shmem:             33304 kB
Slab:             116480 kB
SReclaimable:      35644 kB
SUnreclaim:        80836 kB
KernelStack:       33600 kB
PageTables:        56748 kB
NFS_Unstable:          0 kB
Bounce:                0 kB
WritebackTmp:          0 kB
CommitLimit:     2172840 kB
Committed_AS:   92381772 kB
VmallocTotal:   251658176 kB
VmallocUsed:      141156 kB
VmallocChunk:   251424812 kB
Time pass: 354 sec

---2015-12-05 00:15:17
MemTotal:        2905316 kB
MemFree:           68228 kB
Buffers:           23552 kB
Cached:          1006128 kB
SwapCached:            0 kB
Active:          1341804 kB
Inactive:         703492 kB
Active(anon):     849132 kB
Inactive(anon):   212564 kB
Active(file):     492672 kB
Inactive(file):   490928 kB
Unevictable:       12776 kB
Mlocked:               0 kB
SwapTotal:        720184 kB
SwapFree:         720156 kB
Dirty:                64 kB
Writeback:             0 kB
AnonPages:       1028472 kB
Mapped:           681912 kB
Shmem:             33304 kB
Slab:             116480 kB
SReclaimable:      35644 kB
SUnreclaim:        80836 kB
KernelStack:       33536 kB
PageTables:        56752 kB
NFS_Unstable:          0 kB
Bounce:                0 kB
WritebackTmp:          0 kB
CommitLimit:     2172840 kB
Committed_AS:   92381720 kB
VmallocTotal:   251658176 kB
VmallocUsed:      141156 kB
VmallocChunk:   251424812 kB
Time pass: 358 sec

---2015-12-05 00:15:17
MemTotal:        2905316 kB
MemFree:           67256 kB
Buffers:           23576 kB
Cached:          1006116 kB
SwapCached:            0 kB
Active:          1343216 kB
Inactive:         703496 kB
Active(anon):     850536 kB
Inactive(anon):   212564 kB
Active(file):     492680 kB
Inactive(file):   490932 kB
Unevictable:       12776 kB
Mlocked:               0 kB
SwapTotal:        720184 kB
SwapFree:         720156 kB
Dirty:                36 kB
Writeback:             0 kB
AnonPages:       1029668 kB
Mapped:           681992 kB
Shmem:             33304 kB
Slab:             116476 kB
SReclaimable:      35644 kB
SUnreclaim:        80832 kB
KernelStack:       33568 kB
PageTables:        56748 kB
NFS_Unstable:          0 kB
Bounce:                0 kB
WritebackTmp:          0 kB
CommitLimit:     2172840 kB
Committed_AS:   92408280 kB
VmallocTotal:   251658176 kB
VmallocUsed:      141156 kB
VmallocChunk:   251424812 kB
Time pass: 362 sec

---2015-12-05 00:15:17
MemTotal:        2905316 kB
MemFree:           66640 kB
Buffers:           23584 kB
Cached:          1006596 kB
SwapCached:            0 kB
Active:          1343292 kB
Inactive:         703952 kB
Active(anon):     850580 kB
Inactive(anon):   212600 kB
Active(file):     492712 kB
Inactive(file):   491352 kB
Unevictable:       12776 kB
Mlocked:               0 kB
SwapTotal:        720184 kB
SwapFree:         720156 kB
Dirty:               120 kB
Writeback:             0 kB
AnonPages:       1030116 kB
Mapped:           682156 kB
Shmem:             33340 kB
Slab:             116476 kB
SReclaimable:      35644 kB
SUnreclaim:        80832 kB
KernelStack:       33520 kB
PageTables:        56772 kB
NFS_Unstable:          0 kB
Bounce:                0 kB
WritebackTmp:          0 kB
CommitLimit:     2172840 kB
Committed_AS:   92408348 kB
VmallocTotal:   251658176 kB
VmallocUsed:      141156 kB
VmallocChunk:   251424812 kB
Time pass: 365 sec

---2015-12-05 00:15:17
MemTotal:        2905316 kB
MemFree:           66552 kB
Buffers:           23584 kB
Cached:          1006632 kB
SwapCached:            0 kB
Active:          1343428 kB
Inactive:         703984 kB
Active(anon):     850712 kB
Inactive(anon):   212628 kB
Active(file):     492716 kB
Inactive(file):   491356 kB
Unevictable:       12776 kB
Mlocked:               0 kB
SwapTotal:        720184 kB
SwapFree:         720156 kB
Dirty:               132 kB
Writeback:             0 kB
AnonPages:       1029920 kB
Mapped:           682184 kB
Shmem:             33368 kB
Slab:             116476 kB
SReclaimable:      35644 kB
SUnreclaim:        80832 kB
KernelStack:       33520 kB
PageTables:        56796 kB
NFS_Unstable:          0 kB
Bounce:                0 kB
WritebackTmp:          0 kB
CommitLimit:     2172840 kB
Committed_AS:   92408288 kB
VmallocTotal:   251658176 kB
VmallocUsed:      141156 kB
VmallocChunk:   251424812 kB
Time pass: 369 sec

---2015-12-05 00:15:17
MemTotal:        2905316 kB
MemFree:           66032 kB
Buffers:           23592 kB
Cached:          1006640 kB
SwapCached:            0 kB
Active:          1343684 kB
Inactive:         703988 kB
Active(anon):     850956 kB
Inactive(anon):   212636 kB
Active(file):     492728 kB
Inactive(file):   491352 kB
Unevictable:       12776 kB
Mlocked:               0 kB
SwapTotal:        720184 kB
SwapFree:         720156 kB
Dirty:                32 kB
Writeback:             0 kB
AnonPages:       1030164 kB
Mapped:           682204 kB
Shmem:             33376 kB
Slab:             116476 kB
SReclaimable:      35644 kB
SUnreclaim:        80832 kB
KernelStack:       33520 kB
PageTables:        56796 kB
NFS_Unstable:          0 kB
Bounce:                0 kB
WritebackTmp:          0 kB
CommitLimit:     2172840 kB
Committed_AS:   92408284 kB
VmallocTotal:   251658176 kB
VmallocUsed:      141156 kB
VmallocChunk:   251424812 kB
Time pass: 373 sec

---2015-12-05 00:15:17
MemTotal:        2905316 kB
MemFree:           65860 kB
Buffers:           23608 kB
Cached:          1006676 kB
SwapCached:            0 kB
Active:          1344280 kB
Inactive:         704028 kB
Active(anon):     851540 kB
Inactive(anon):   212636 kB
Active(file):     492740 kB
Inactive(file):   491392 kB
Unevictable:       12776 kB
Mlocked:               0 kB
SwapTotal:        720184 kB
SwapFree:         720156 kB
Dirty:                24 kB
Writeback:             0 kB
AnonPages:       1030752 kB
Mapped:           682208 kB
Shmem:             33376 kB
Slab:             116476 kB
SReclaimable:      35644 kB
SUnreclaim:        80832 kB
KernelStack:       33520 kB
PageTables:        56792 kB
NFS_Unstable:          0 kB
Bounce:                0 kB
WritebackTmp:          0 kB
CommitLimit:     2172840 kB
Committed_AS:   92408288 kB
VmallocTotal:   251658176 kB
VmallocUsed:      141156 kB
VmallocChunk:   251424812 kB
Time pass: 377 sec

---2015-12-05 00:15:17
MemTotal:        2905316 kB
MemFree:           65824 kB
Buffers:           23616 kB
Cached:          1006676 kB
SwapCached:            0 kB
Active:          1344260 kB
Inactive:         704032 kB
Active(anon):     851516 kB
Inactive(anon):   212636 kB
Active(file):     492744 kB
Inactive(file):   491396 kB
Unevictable:       12776 kB
Mlocked:               0 kB
SwapTotal:        720184 kB
SwapFree:         720156 kB
Dirty:                48 kB
Writeback:             0 kB
AnonPages:       1030864 kB
Mapped:           682216 kB
Shmem:             33376 kB
Slab:             116476 kB
SReclaimable:      35644 kB
SUnreclaim:        80832 kB
KernelStack:       33520 kB
PageTables:        56796 kB
NFS_Unstable:          0 kB
Bounce:                0 kB
WritebackTmp:          0 kB
CommitLimit:     2172840 kB
Committed_AS:   92408312 kB
VmallocTotal:   251658176 kB
VmallocUsed:      141156 kB
VmallocChunk:   251424812 kB
Time pass: 380 sec

---2015-12-05 00:15:17
MemTotal:        2905316 kB
MemFree:           64960 kB
Buffers:           23624 kB
Cached:          1006688 kB
SwapCached:            0 kB
Active:          1345148 kB
Inactive:         704044 kB
Active(anon):     852396 kB
Inactive(anon):   212636 kB
Active(file):     492752 kB
Inactive(file):   491408 kB
Unevictable:       12776 kB
Mlocked:               0 kB
SwapTotal:        720184 kB
SwapFree:         720156 kB
Dirty:                28 kB
Writeback:             0 kB
AnonPages:       1031624 kB
Mapped:           682280 kB
Shmem:             33376 kB
Slab:             116476 kB
SReclaimable:      35644 kB
SUnreclaim:        80832 kB
KernelStack:       33488 kB
PageTables:        56820 kB
NFS_Unstable:          0 kB
Bounce:                0 kB
WritebackTmp:          0 kB
CommitLimit:     2172840 kB
Committed_AS:   92408240 kB
VmallocTotal:   251658176 kB
VmallocUsed:      141156 kB
VmallocChunk:   251424812 kB
Time pass: 384 sec

---2015-12-05 00:15:17
MemTotal:        2905316 kB
MemFree:           64992 kB
Buffers:           23624 kB
Cached:          1006692 kB
SwapCached:            0 kB
Active:          1345108 kB
Inactive:         704044 kB
