---2015-12-09 10:54:01
MemTotal:        1421560 kB
MemFree:           35576 kB
Buffers:           11884 kB
Cached:           837232 kB
SwapCached:            0 kB
Active:           648148 kB
Inactive:         564656 kB
Active(anon):     365292 kB
Inactive(anon):      656 kB
Active(file):     282856 kB
Inactive(file):   564000 kB
Unevictable:        1516 kB
Mlocked:               0 kB
HighTotal:        885760 kB
HighFree:           6292 kB
LowTotal:         535800 kB
LowFree:           29284 kB
SwapTotal:             0 kB
SwapFree:              0 kB
Dirty:                 0 kB
Writeback:             0 kB
AnonPages:        365232 kB
Mapped:           348632 kB
Shmem:               744 kB
Slab:              43572 kB
SReclaimable:      13948 kB
SUnreclaim:        29624 kB
KernelStack:       10976 kB
PageTables:        27404 kB
NFS_Unstable:          0 kB
Bounce:                0 kB
WritebackTmp:          0 kB
CommitLimit:      710780 kB
Committed_AS:   36754356 kB
VmallocTotal:     460800 kB
VmallocUsed:       14412 kB
VmallocChunk:     168988 kB
Time pass: 3 sec

---2015-12-09 10:54:01
MemTotal:        1421560 kB
MemFree:           35212 kB
Buffers:           11884 kB
Cached:           837240 kB
SwapCached:            0 kB
Active:           648232 kB
Inactive:         564664 kB
Active(anon):     365376 kB
Inactive(anon):      656 kB
Active(file):     282856 kB
Inactive(file):   564008 kB
Unevictable:        1516 kB
Mlocked:               0 kB
HighTotal:        885760 kB
HighFree:           5948 kB
LowTotal:         535800 kB
LowFree:           29264 kB
SwapTotal:             0 kB
SwapFree:              0 kB
Dirty:                 0 kB
Writeback:             0 kB
AnonPages:        365528 kB
Mapped:           348636 kB
Shmem:               744 kB
Slab:              43460 kB
SReclaimable:      13948 kB
SUnreclaim:        29512 kB
KernelStack:       10976 kB
PageTables:        27400 kB
NFS_Unstable:          0 kB
Bounce:                0 kB
WritebackTmp:          0 kB
CommitLimit:      710780 kB
Committed_AS:   36754484 kB
VmallocTotal:     460800 kB
VmallocUsed:       14412 kB
VmallocChunk:     168988 kB
Time pass: 6 sec

---2015-12-09 10:54:01
MemTotal:        1421560 kB
MemFree:           34948 kB
Buffers:           11884 kB
Cached:           837240 kB
SwapCached:            0 kB
Active:           648360 kB
Inactive:         564664 kB
Active(anon):     365504 kB
Inactive(anon):      656 kB
Active(file):     282856 kB
Inactive(file):   564008 kB
Unevictable:        1516 kB
Mlocked:               0 kB
HighTotal:        885760 kB
HighFree:           5700 kB
LowTotal:         535800 kB
LowFree:           29248 kB
SwapTotal:             0 kB
SwapFree:              0 kB
Dirty:                 0 kB
Writeback:             0 kB
AnonPages:        365628 kB
Mapped:           348636 kB
Shmem:               744 kB
Slab:              43536 kB
SReclaimable:      13948 kB
SUnreclaim:        29588 kB
KernelStack:       10976 kB
PageTables:        27400 kB
NFS_Unstable:          0 kB
Bounce:                0 kB
WritebackTmp:          0 kB
CommitLimit:      710780 kB
Committed_AS:   36754572 kB
VmallocTotal:     460800 kB
VmallocUsed:       14412 kB
VmallocChunk:     168988 kB
Time pass: 10 sec

---2015-12-09 10:54:01
MemTotal:        1421560 kB
MemFree:           34668 kB
Buffers:           11884 kB
Cached:           837240 kB
SwapCached:            0 kB
Active:           648576 kB
Inactive:         564664 kB
Active(anon):     365720 kB
Inactive(anon):      656 kB
Active(file):     282856 kB
Inactive(file):   564008 kB
Unevictable:        1516 kB
Mlocked:               0 kB
HighTotal:        885760 kB
HighFree:           5528 kB
LowTotal:         535800 kB
LowFree:           29140 kB
SwapTotal:             0 kB
SwapFree:              0 kB
Dirty:                 0 kB
Writeback:             0 kB
AnonPages:        365732 kB
Mapped:           348784 kB
Shmem:               744 kB
Slab:              43548 kB
SReclaimable:      13948 kB
SUnreclaim:        29600 kB
KernelStack:       10976 kB
PageTables:        27400 kB
NFS_Unstable:          0 kB
Bounce:                0 kB
WritebackTmp:          0 kB
CommitLimit:      710780 kB
Committed_AS:   36754732 kB
VmallocTotal:     460800 kB
VmallocUsed:       14412 kB
VmallocChunk:     168988 kB
Time pass: 13 sec

---2015-12-09 10:54:01
MemTotal:        1421560 kB
MemFree:           34912 kB
Buffers:           11884 kB
Cached:           837240 kB
SwapCached:            0 kB
Active:           648668 kB
Inactive:         564664 kB
Active(anon):     365812 kB
Inactive(anon):      656 kB
Active(file):     282856 kB
Inactive(file):   564008 kB
Unevictable:        1516 kB
Mlocked:               0 kB
HighTotal:        885760 kB
HighFree:           5584 kB
LowTotal:         535800 kB
LowFree:           29328 kB
SwapTotal:             0 kB
SwapFree:              0 kB
Dirty:                 0 kB
Writeback:             0 kB
AnonPages:        365880 kB
Mapped:           348636 kB
Shmem:               744 kB
Slab:              43464 kB
SReclaimable:      13948 kB
SUnreclaim:        29516 kB
KernelStack:       10976 kB
PageTables:        27400 kB
NFS_Unstable:          0 kB
Bounce:                0 kB
WritebackTmp:          0 kB
CommitLimit:      710780 kB
Committed_AS:   36754808 kB
VmallocTotal:     460800 kB
VmallocUsed:       14412 kB
VmallocChunk:     168988 kB
Time pass: 17 sec

---2015-12-09 10:54:01
MemTotal:        1421560 kB
MemFree:           34700 kB
Buffers:           11884 kB
Cached:           837240 kB
SwapCached:            0 kB
Active:           648708 kB
Inactive:         564664 kB
Active(anon):     365852 kB
Inactive(anon):      656 kB
Active(file):     282856 kB
Inactive(file):   564008 kB
Unevictable:        1516 kB
Mlocked:               0 kB
HighTotal:        885760 kB
HighFree:           5212 kB
LowTotal:         535800 kB
LowFree:           29488 kB
SwapTotal:             0 kB
SwapFree:              0 kB
Dirty:                 0 kB
Writeback:             0 kB
AnonPages:        365968 kB
Mapped:           348784 kB
Shmem:               744 kB
Slab:              43408 kB
SReclaimable:      13948 kB
SUnreclaim:        29460 kB
KernelStack:       10976 kB
PageTables:        27400 kB
NFS_Unstable:          0 kB
Bounce:                0 kB
WritebackTmp:          0 kB
CommitLimit:      710780 kB
Committed_AS:   36754996 kB
VmallocTotal:     460800 kB
VmallocUsed:       14412 kB
VmallocChunk:     168988 kB
Time pass: 20 sec

---2015-12-09 10:54:01
MemTotal:        1421560 kB
MemFree:           23288 kB
Buffers:           11188 kB
Cached:           820724 kB
SwapCached:            0 kB
Active:           679840 kB
Inactive:         530668 kB
Active(anon):     380180 kB
Inactive(anon):      756 kB
Active(file):     299660 kB
Inactive(file):   529912 kB
Unevictable:        1516 kB
Mlocked:               0 kB
HighTotal:        885760 kB
HighFree:           6236 kB
LowTotal:         535800 kB
LowFree:           17052 kB
SwapTotal:             0 kB
SwapFree:              0 kB
Dirty:               868 kB
Writeback:             0 kB
AnonPages:        380112 kB
Mapped:           371412 kB
Shmem:               892 kB
Slab:              42680 kB
SReclaimable:      13020 kB
SUnreclaim:        29660 kB
KernelStack:       11280 kB
PageTables:        28032 kB
NFS_Unstable:          0 kB
Bounce:                0 kB
WritebackTmp:          0 kB
CommitLimit:      710780 kB
Committed_AS:   37596324 kB
VmallocTotal:     460800 kB
VmallocUsed:       15580 kB
VmallocChunk:     168988 kB
Time pass: 25 sec

---2015-12-09 10:54:01
MemTotal:        1421560 kB
MemFree:           30144 kB
Buffers:           11224 kB
Cached:           799364 kB
SwapCached:            0 kB
Active:           680360 kB
Inactive:         506024 kB
Active(anon):     377404 kB
Inactive(anon):      788 kB
Active(file):     302956 kB
Inactive(file):   505236 kB
Unevictable:        1516 kB
Mlocked:               0 kB
HighTotal:        885760 kB
HighFree:          11096 kB
LowTotal:         535800 kB
LowFree:           19048 kB
SwapTotal:             0 kB
SwapFree:              0 kB
Dirty:               180 kB
Writeback:             0 kB
AnonPages:        377296 kB
Mapped:           371744 kB
Shmem:               876 kB
Slab:              43808 kB
SReclaimable:      14036 kB
SUnreclaim:        29772 kB
KernelStack:       11456 kB
PageTables:        28096 kB
NFS_Unstable:          0 kB
Bounce:                0 kB
WritebackTmp:          0 kB
CommitLimit:      710780 kB
Committed_AS:   37565860 kB
VmallocTotal:     460800 kB
VmallocUsed:       15636 kB
VmallocChunk:     168988 kB
Time pass: 28 sec

---2015-12-09 10:54:01
MemTotal:        1421560 kB
MemFree:           20744 kB
Buffers:           11232 kB
Cached:           796156 kB
SwapCached:            0 kB
Active:           683028 kB
Inactive:         502452 kB
Active(anon):     379696 kB
Inactive(anon):      788 kB
Active(file):     303332 kB
Inactive(file):   501664 kB
Unevictable:        1516 kB
Mlocked:               0 kB
HighTotal:        885760 kB
HighFree:           4376 kB
LowTotal:         535800 kB
LowFree:           16368 kB
SwapTotal:             0 kB
SwapFree:              0 kB
Dirty:               560 kB
Writeback:             0 kB
AnonPages:        379732 kB
Mapped:           380488 kB
Shmem:               876 kB
Slab:              43560 kB
SReclaimable:      13956 kB
SUnreclaim:        29604 kB
KernelStack:       11480 kB
PageTables:        28132 kB
NFS_Unstable:          0 kB
Bounce:                0 kB
WritebackTmp:          0 kB
CommitLimit:      710780 kB
Committed_AS:   37470872 kB
VmallocTotal:     460800 kB
VmallocUsed:       15684 kB
VmallocChunk:     168988 kB
Time pass: 32 sec

---2015-12-09 10:54:01
MemTotal:        1421560 kB
MemFree:           21936 kB
Buffers:           11240 kB
Cached:           793296 kB
SwapCached:            0 kB
Active:           679852 kB
Inactive:         501136 kB
Active(anon):     378060 kB
Inactive(anon):      788 kB
Active(file):     301792 kB
Inactive(file):   500348 kB
Unevictable:        1516 kB
Mlocked:               0 kB
HighTotal:        885760 kB
HighFree:           6236 kB
LowTotal:         535800 kB
LowFree:           15700 kB
SwapTotal:             0 kB
SwapFree:              0 kB
Dirty:               196 kB
Writeback:             0 kB
AnonPages:        378064 kB
Mapped:           382684 kB
Shmem:               876 kB
Slab:              43876 kB
SReclaimable:      14020 kB
SUnreclaim:        29856 kB
KernelStack:       11480 kB
PageTables:        28128 kB
NFS_Unstable:          0 kB
Bounce:                0 kB
WritebackTmp:          0 kB
CommitLimit:      710780 kB
Committed_AS:   37469164 kB
VmallocTotal:     460800 kB
VmallocUsed:       15696 kB
VmallocChunk:     168988 kB
Time pass: 35 sec

---2015-12-09 10:54:01
MemTotal:        1421560 kB
MemFree:           21940 kB
Buffers:           11248 kB
Cached:           793296 kB
SwapCached:            0 kB
Active:           679972 kB
Inactive:         501140 kB
Active(anon):     378180 kB
Inactive(anon):      788 kB
Active(file):     301792 kB
Inactive(file):   500352 kB
Unevictable:        1516 kB
Mlocked:               0 kB
HighTotal:        885760 kB
HighFree:           6024 kB
LowTotal:         535800 kB
LowFree:           15916 kB
SwapTotal:             0 kB
SwapFree:              0 kB
Dirty:                32 kB
Writeback:             0 kB
AnonPages:        378288 kB
Mapped:           382684 kB
Shmem:               876 kB
Slab:              43772 kB
SReclaimable:      14020 kB
SUnreclaim:        29752 kB
KernelStack:       11464 kB
PageTables:        28128 kB
NFS_Unstable:          0 kB
Bounce:                0 kB
WritebackTmp:          0 kB
CommitLimit:      710780 kB
Committed_AS:   37469308 kB
VmallocTotal:     460800 kB
VmallocUsed:       15696 kB
VmallocChunk:     168988 kB
Time pass: 39 sec

---2015-12-09 10:54:01
MemTotal:        1421560 kB
MemFree:           21420 kB
Buffers:           11240 kB
Cached:           777468 kB
SwapCached:            0 kB
Active:           689048 kB
Inactive:         481232 kB
Active(anon):     383208 kB
Inactive(anon):      788 kB
Active(file):     305840 kB
Inactive(file):   480444 kB
Unevictable:        1516 kB
Mlocked:               0 kB
HighTotal:        885760 kB
HighFree:           5260 kB
LowTotal:         535800 kB
LowFree:           16160 kB
SwapTotal:             0 kB
SwapFree:              0 kB
Dirty:                40 kB
Writeback:             0 kB
AnonPages:        383072 kB
Mapped:           385740 kB
Shmem:               876 kB
Slab:              43704 kB
SReclaimable:      13916 kB
SUnreclaim:        29788 kB
KernelStack:       11488 kB
PageTables:        28188 kB
NFS_Unstable:          0 kB
Bounce:                0 kB
WritebackTmp:          0 kB
CommitLimit:      710780 kB
Committed_AS:   37506348 kB
VmallocTotal:     460800 kB
VmallocUsed:       15832 kB
VmallocChunk:     168988 kB
Time pass: 42 sec

---2015-12-09 10:54:01
MemTotal:        1421560 kB
MemFree:           22392 kB
Buffers:           11248 kB
Cached:           777736 kB
SwapCached:            0 kB
Active:           687924 kB
Inactive:         481528 kB
Active(anon):     382072 kB
Inactive(anon):      788 kB
Active(file):     305852 kB
Inactive(file):   480740 kB
Unevictable:        1516 kB
Mlocked:               0 kB
HighTotal:        885760 kB
HighFree:           6232 kB
LowTotal:         535800 kB
LowFree:           16160 kB
SwapTotal:             0 kB
SwapFree:              0 kB
Dirty:                28 kB
Writeback:             0 kB
AnonPages:        382092 kB
Mapped:           385796 kB
Shmem:               876 kB
Slab:              43744 kB
SReclaimable:      13980 kB
SUnreclaim:        29764 kB
KernelStack:       11488 kB
PageTables:        28188 kB
NFS_Unstable:          0 kB
Bounce:                0 kB
WritebackTmp:          0 kB
CommitLimit:      710780 kB
Committed_AS:   37505704 kB
VmallocTotal:     460800 kB
VmallocUsed:       15832 kB
VmallocChunk:     168988 kB
Time pass: 46 sec

---2015-12-09 10:54:01
MemTotal:        1421560 kB
MemFree:           25508 kB
Buffers:           11248 kB
Cached:           773168 kB
SwapCached:            0 kB
Active:           695976 kB
Inactive:         475284 kB
Active(anon):     388668 kB
Inactive(anon):      792 kB
Active(file):     307308 kB
Inactive(file):   474492 kB
Unevictable:        1516 kB
Mlocked:               0 kB
HighTotal:        885760 kB
HighFree:           6292 kB
LowTotal:         535800 kB
LowFree:           19216 kB
SwapTotal:             0 kB
SwapFree:              0 kB
Dirty:                60 kB
Writeback:             0 kB
AnonPages:        388792 kB
Mapped:           383304 kB
Shmem:               880 kB
Slab:              43788 kB
SReclaimable:      13980 kB
SUnreclaim:        29808 kB
KernelStack:       11480 kB
PageTables:        28196 kB
NFS_Unstable:          0 kB
Bounce:                0 kB
WritebackTmp:          0 kB
CommitLimit:      710780 kB
Committed_AS:   37547840 kB
VmallocTotal:     460800 kB
VmallocUsed:       15800 kB
VmallocChunk:     168988 kB
Time pass: 49 sec

---2015-12-09 10:54:01
MemTotal:        1421560 kB
MemFree:           22616 kB
Buffers:           10844 kB
Cached:           756096 kB
SwapCached:            0 kB
Active:           709096 kB
Inactive:         453536 kB
Active(anon):     397300 kB
Inactive(anon):      792 kB
Active(file):     311796 kB
Inactive(file):   452744 kB
Unevictable:        1516 kB
Mlocked:               0 kB
HighTotal:        885760 kB
HighFree:           5400 kB
LowTotal:         535800 kB
LowFree:           17216 kB
SwapTotal:             0 kB
SwapFree:              0 kB
Dirty:               632 kB
Writeback:             0 kB
AnonPages:        397284 kB
Mapped:           391712 kB
Shmem:               880 kB
Slab:              43932 kB
SReclaimable:      14036 kB
SUnreclaim:        29896 kB
KernelStack:       11544 kB
PageTables:        28252 kB
NFS_Unstable:          0 kB
Bounce:                0 kB
WritebackTmp:          0 kB
CommitLimit:      710780 kB
Committed_AS:   37556132 kB
VmallocTotal:     460800 kB
VmallocUsed:       15816 kB
VmallocChunk:     168988 kB
Time pass: 53 sec

---2015-12-09 10:54:01
MemTotal:        1421560 kB
MemFree:           22020 kB
Buffers:           10260 kB
Cached:           745832 kB
SwapCached:            0 kB
Active:           712056 kB
Inactive:         440460 kB
Active(anon):     398032 kB
Inactive(anon):      792 kB
Active(file):     314024 kB
Inactive(file):   439668 kB
Unevictable:        1516 kB
Mlocked:               0 kB
HighTotal:        885760 kB
HighFree:           6484 kB
LowTotal:         535800 kB
LowFree:           15536 kB
SwapTotal:             0 kB
SwapFree:              0 kB
Dirty:               424 kB
Writeback:             0 kB
AnonPages:        398132 kB
Mapped:           400056 kB
Shmem:               880 kB
Slab:              43892 kB
SReclaimable:      14132 kB
SUnreclaim:        29760 kB
KernelStack:       11544 kB
PageTables:        28272 kB
NFS_Unstable:          0 kB
Bounce:                0 kB
WritebackTmp:          0 kB
CommitLimit:      710780 kB
Committed_AS:   37524600 kB
VmallocTotal:     460800 kB
VmallocUsed:       15840 kB
VmallocChunk:     168988 kB
Time pass: 56 sec

---2015-12-09 10:54:01
MemTotal:        1421560 kB
MemFree:           22736 kB
Buffers:           10144 kB
Cached:           740096 kB
SwapCached:            0 kB
Active:           713704 kB
Inactive:         434348 kB
Active(anon):     399416 kB
Inactive(anon):      792 kB
Active(file):     314288 kB
Inactive(file):   433556 kB
Unevictable:        1516 kB
Mlocked:               0 kB
HighTotal:        885760 kB
HighFree:           5172 kB
LowTotal:         535800 kB
LowFree:           17564 kB
SwapTotal:             0 kB
SwapFree:              0 kB
Dirty:               236 kB
Writeback:             0 kB
AnonPages:        399312 kB
Mapped:           404032 kB
Shmem:               880 kB
Slab:              43900 kB
SReclaimable:      14036 kB
SUnreclaim:        29864 kB
KernelStack:       11544 kB
PageTables:        28280 kB
NFS_Unstable:          0 kB
Bounce:                0 kB
WritebackTmp:          0 kB
CommitLimit:      710780 kB
Committed_AS:   37525572 kB
VmallocTotal:     460800 kB
VmallocUsed:       15852 kB
VmallocChunk:     168988 kB
Time pass: 60 sec

---2015-12-09 10:54:01
MemTotal:        1421560 kB
MemFree:           22076 kB
Buffers:           10152 kB
Cached:           740468 kB
SwapCached:            0 kB
Active:           713616 kB
Inactive:         434684 kB
Active(anon):     399328 kB
Inactive(anon):      792 kB
Active(file):     314288 kB
Inactive(file):   433892 kB
Unevictable:        1516 kB
Mlocked:               0 kB
HighTotal:        885760 kB
HighFree:           4748 kB
LowTotal:         535800 kB
LowFree:           17328 kB
SwapTotal:             0 kB
SwapFree:              0 kB
Dirty:               152 kB
Writeback:             0 kB
AnonPages:        399472 kB
Mapped:           404472 kB
Shmem:               880 kB
Slab:              44168 kB
SReclaimable:      14108 kB
SUnreclaim:        30060 kB
KernelStack:       11544 kB
PageTables:        28284 kB
NFS_Unstable:          0 kB
Bounce:                0 kB
WritebackTmp:          0 kB
CommitLimit:      710780 kB
Committed_AS:   37525540 kB
VmallocTotal:     460800 kB
VmallocUsed:       15852 kB
VmallocChunk:     168988 kB
Time pass: 64 sec

---2015-12-09 10:54:01
MemTotal:        1421560 kB
MemFree:           23696 kB
Buffers:           10152 kB
Cached:           732228 kB
SwapCached:            0 kB
Active:           720644 kB
Inactive:         424672 kB
Active(anon):     404716 kB
Inactive(anon):      792 kB
Active(file):     315928 kB
Inactive(file):   423880 kB
Unevictable:        1516 kB
Mlocked:               0 kB
HighTotal:        885760 kB
HighFree:           5948 kB
LowTotal:         535800 kB
LowFree:           17748 kB
SwapTotal:             0 kB
SwapFree:              0 kB
Dirty:               364 kB
Writeback:             0 kB
AnonPages:        404620 kB
Mapped:           407168 kB
Shmem:               880 kB
Slab:              43428 kB
SReclaimable:      13468 kB
SUnreclaim:        29960 kB
KernelStack:       11544 kB
PageTables:        28284 kB
NFS_Unstable:          0 kB
Bounce:                0 kB
WritebackTmp:          0 kB
CommitLimit:      710780 kB
Committed_AS:   37531024 kB
VmallocTotal:     460800 kB
VmallocUsed:       15852 kB
VmallocChunk:     168988 kB
Time pass: 67 sec

---2015-12-09 10:54:01
MemTotal:        1421560 kB
MemFree:           22552 kB
Buffers:           10160 kB
Cached:           729764 kB
SwapCached:            0 kB
Active:           721512 kB
Inactive:         421356 kB
Active(anon):     404548 kB
Inactive(anon):      792 kB
Active(file):     316964 kB
Inactive(file):   420564 kB
Unevictable:        1516 kB
Mlocked:               0 kB
HighTotal:        885760 kB
HighFree:           4976 kB
LowTotal:         535800 kB
LowFree:           17576 kB
SwapTotal:             0 kB
SwapFree:              0 kB
Dirty:                76 kB
Writeback:             0 kB
AnonPages:        404464 kB
Mapped:           409436 kB
Shmem:               880 kB
Slab:              44152 kB
SReclaimable:      14092 kB
SUnreclaim:        30060 kB
KernelStack:       11528 kB
PageTables:        28288 kB
NFS_Unstable:          0 kB
Bounce:                0 kB
WritebackTmp:          0 kB
CommitLimit:      710780 kB
Committed_AS:   37530668 kB
VmallocTotal:     460800 kB
VmallocUsed:       15864 kB
VmallocChunk:     168988 kB
Time pass: 71 sec

---2015-12-09 10:54:01
MemTotal:        1421560 kB
MemFree:           20176 kB
Buffers:           10176 kB
Cached:           723636 kB
SwapCached:            0 kB
Active:           732580 kB
Inactive:         414048 kB
Active(anon):     414460 kB
Inactive(anon):      792 kB
Active(file):     318120 kB
Inactive(file):   413256 kB
Unevictable:        1516 kB
Mlocked:               0 kB
HighTotal:        885760 kB
HighFree:           4392 kB
LowTotal:         535800 kB
LowFree:           15784 kB
SwapTotal:             0 kB
SwapFree:              0 kB
Dirty:               344 kB
Writeback:             0 kB
AnonPages:        414588 kB
Mapped:           413004 kB
Shmem:               880 kB
Slab:              44088 kB
SReclaimable:      14076 kB
SUnreclaim:        30012 kB
KernelStack:       11616 kB
PageTables:        28348 kB
NFS_Unstable:          0 kB
Bounce:                0 kB
WritebackTmp:          0 kB
CommitLimit:      710780 kB
Committed_AS:   37547264 kB
VmallocTotal:     460800 kB
VmallocUsed:       15864 kB
VmallocChunk:     168988 kB
Time pass: 74 sec

---2015-12-09 10:54:01
MemTotal:        1421560 kB
MemFree:           21396 kB
Buffers:           10164 kB
Cached:           698984 kB
SwapCached:            0 kB
Active:           738428 kB
Inactive:         388772 kB
Active(anon):     419660 kB
Inactive(anon):      948 kB
Active(file):     318768 kB
Inactive(file):   387824 kB
Unevictable:        1516 kB
Mlocked:               0 kB
HighTotal:        885760 kB
HighFree:           5744 kB
LowTotal:         535800 kB
LowFree:           15652 kB
SwapTotal:             0 kB
SwapFree:              0 kB
Dirty:               104 kB
Writeback:             0 kB
AnonPages:        419728 kB
Mapped:           410104 kB
Shmem:              1040 kB
Slab:              44384 kB
SReclaimable:      14060 kB
SUnreclaim:        30324 kB
KernelStack:       11736 kB
PageTables:        28484 kB
NFS_Unstable:          0 kB
Bounce:                0 kB
WritebackTmp:          0 kB
CommitLimit:      710780 kB
Committed_AS:   37564712 kB
VmallocTotal:     460800 kB
VmallocUsed:       18272 kB
VmallocChunk:     168988 kB
Time pass: 79 sec

---2015-12-09 10:54:01
MemTotal:        1421560 kB
MemFree:           17780 kB
Buffers:           10172 kB
Cached:           669400 kB
SwapCached:            0 kB
Active:           739612 kB
Inactive:         360264 kB
Active(anon):     423140 kB
Inactive(anon):     1044 kB
Active(file):     316472 kB
Inactive(file):   359220 kB
Unevictable:        2588 kB
Mlocked:               0 kB
HighTotal:        885760 kB
HighFree:           5500 kB
LowTotal:         535800 kB
LowFree:           12280 kB
SwapTotal:             0 kB
SwapFree:              0 kB
Dirty:                44 kB
Writeback:             0 kB
AnonPages:        423288 kB
Mapped:           409388 kB
Shmem:              1136 kB
Slab:              43324 kB
SReclaimable:      12892 kB
SUnreclaim:        30432 kB
KernelStack:       11760 kB
PageTables:        28652 kB
NFS_Unstable:          0 kB
Bounce:                0 kB
WritebackTmp:          0 kB
CommitLimit:      710780 kB
Committed_AS:   37567664 kB
VmallocTotal:     460800 kB
VmallocUsed:       18272 kB
VmallocChunk:     168988 kB
Time pass: 84 sec

---2015-12-09 10:54:01
MemTotal:        1421560 kB
MemFree:           18932 kB
Buffers:           10180 kB
Cached:           664168 kB
SwapCached:            0 kB
Active:           738120 kB
Inactive:         358352 kB
Active(anon):     424812 kB
Inactive(anon):     1152 kB
Active(file):     313308 kB
Inactive(file):   357200 kB
Unevictable:        2596 kB
Mlocked:               0 kB
HighTotal:        885760 kB
HighFree:           6492 kB
LowTotal:         535800 kB
LowFree:           12440 kB
SwapTotal:             0 kB
SwapFree:              0 kB
Dirty:                 0 kB
Writeback:             0 kB
AnonPages:        424828 kB
Mapped:           408524 kB
Shmem:              1244 kB
Slab:              44500 kB
SReclaimable:      14100 kB
SUnreclaim:        30400 kB
KernelStack:       11744 kB
PageTables:        28644 kB
NFS_Unstable:          0 kB
Bounce:                0 kB
WritebackTmp:          0 kB
CommitLimit:      710780 kB
Committed_AS:   37568808 kB
VmallocTotal:     460800 kB
VmallocUsed:       18272 kB
VmallocChunk:     168988 kB
Time pass: 88 sec

---2015-12-09 10:54:01
MemTotal:        1421560 kB
MemFree:           20056 kB
Buffers:           10196 kB
Cached:           664220 kB
SwapCached:            0 kB
Active:           737184 kB
Inactive:         358420 kB
Active(anon):     423876 kB
Inactive(anon):     1204 kB
Active(file):     313308 kB
Inactive(file):   357216 kB
Unevictable:        2596 kB
Mlocked:               0 kB
HighTotal:        885760 kB
HighFree:           5128 kB
LowTotal:         535800 kB
LowFree:           14928 kB
SwapTotal:             0 kB
SwapFree:              0 kB
Dirty:                44 kB
Writeback:             0 kB
AnonPages:        424028 kB
Mapped:           408616 kB
Shmem:              1296 kB
Slab:              44476 kB
SReclaimable:      14100 kB
SUnreclaim:        30376 kB
KernelStack:       11744 kB
PageTables:        28656 kB
NFS_Unstable:          0 kB
Bounce:                0 kB
WritebackTmp:          0 kB
CommitLimit:      710780 kB
Committed_AS:   37567708 kB
VmallocTotal:     460800 kB
VmallocUsed:       18272 kB
VmallocChunk:     168988 kB
Time pass: 93 sec

---2015-12-09 10:54:01
MemTotal:        1421560 kB
MemFree:           18272 kB
Buffers:           10228 kB
Cached:           664100 kB
SwapCached:            0 kB
Active:           740508 kB
Inactive:         358248 kB
Active(anon):     427200 kB
Inactive(anon):     1204 kB
Active(file):     313308 kB
Inactive(file):   357044 kB
Unevictable:        2596 kB
Mlocked:               0 kB
HighTotal:        885760 kB
HighFree:           4260 kB
LowTotal:         535800 kB
LowFree:           14012 kB
SwapTotal:             0 kB
SwapFree:              0 kB
Dirty:                 0 kB
Writeback:             0 kB
AnonPages:        427296 kB
Mapped:           408616 kB
Shmem:              1296 kB
Slab:              44440 kB
SReclaimable:      14100 kB
SUnreclaim:        30340 kB
KernelStack:       11744 kB
PageTables:        28648 kB
NFS_Unstable:          0 kB
Bounce:                0 kB
WritebackTmp:          0 kB
CommitLimit:      710780 kB
Committed_AS:   37572740 kB
VmallocTotal:     460800 kB
VmallocUsed:       18272 kB
VmallocChunk:     168988 kB
Time pass: 97 sec

---2015-12-09 10:54:01
MemTotal:        1421560 kB
MemFree:           22888 kB
Buffers:           10220 kB
Cached:           658888 kB
SwapCached:            0 kB
Active:           737536 kB
Inactive:         355980 kB
Active(anon):     427116 kB
Inactive(anon):     1212 kB
Active(file):     310420 kB
Inactive(file):   354768 kB
Unevictable:        2596 kB
Mlocked:               0 kB
HighTotal:        885760 kB
HighFree:           7732 kB
LowTotal:         535800 kB
LowFree:           15156 kB
SwapTotal:             0 kB
SwapFree:              0 kB
Dirty:                36 kB
Writeback:             0 kB
AnonPages:        427104 kB
Mapped:           408092 kB
Shmem:              1324 kB
Slab:              44400 kB
SReclaimable:      14076 kB
SUnreclaim:        30324 kB
KernelStack:       11728 kB
PageTables:        28668 kB
NFS_Unstable:          0 kB
Bounce:                0 kB
WritebackTmp:          0 kB
CommitLimit:      710780 kB
Committed_AS:   37571272 kB
VmallocTotal:     460800 kB
VmallocUsed:       18272 kB
VmallocChunk:     168988 kB
Time pass: 101 sec

---2015-12-09 10:54:01
MemTotal:        1421560 kB
MemFree:           19660 kB
Buffers:           10244 kB
Cached:           659148 kB
SwapCached:            0 kB
Active:           739824 kB
Inactive:         356200 kB
Active(anon):     429404 kB
Inactive(anon):     1232 kB
Active(file):     310420 kB
Inactive(file):   354968 kB
Unevictable:        2596 kB
Mlocked:               0 kB
HighTotal:        885760 kB
HighFree:           5060 kB
LowTotal:         535800 kB
LowFree:           14600 kB
SwapTotal:             0 kB
SwapFree:              0 kB
Dirty:                40 kB
Writeback:             0 kB
AnonPages:        429376 kB
Mapped:           408360 kB
Shmem:              1324 kB
Slab:              44420 kB
SReclaimable:      14076 kB
SUnreclaim:        30344 kB
KernelStack:       11744 kB
PageTables:        28900 kB
NFS_Unstable:          0 kB
Bounce:                0 kB
WritebackTmp:          0 kB
CommitLimit:      710780 kB
Committed_AS:   38891812 kB
VmallocTotal:     460800 kB
VmallocUsed:       18272 kB
VmallocChunk:     168988 kB
Time pass: 104 sec

---2015-12-09 10:54:01
MemTotal:        1421560 kB
MemFree:          175568 kB
Buffers:           10284 kB
Cached:           660204 kB
SwapCached:            0 kB
Active:           652420 kB
Inactive:         354500 kB
Active(anon):     339116 kB
Inactive(anon):      528 kB
Active(file):     313304 kB
Inactive(file):   353972 kB
Unevictable:        2596 kB
Mlocked:               0 kB
HighTotal:        885760 kB
HighFree:         101936 kB
LowTotal:         535800 kB
LowFree:           73632 kB
SwapTotal:             0 kB
SwapFree:              0 kB
Dirty:                 4 kB
Writeback:             0 kB
AnonPages:        339060 kB
Mapped:           312840 kB
Shmem:               616 kB
Slab:              44052 kB
SReclaimable:      14040 kB
SUnreclaim:        30012 kB
KernelStack:       10360 kB
PageTables:        26292 kB
NFS_Unstable:          0 kB
Bounce:                0 kB
WritebackTmp:          0 kB
CommitLimit:      710780 kB
Committed_AS:   36190212 kB
VmallocTotal:     460800 kB
VmallocUsed:       14780 kB
VmallocChunk:     168988 kB
Time pass: 108 sec

---2015-12-09 10:54:01
MemTotal:        1421560 kB
MemFree:          174468 kB
Buffers:           10292 kB
Cached:           660460 kB
SwapCached:            0 kB
Active:           653904 kB
Inactive:         354736 kB
Active(anon):     340572 kB
Inactive(anon):      528 kB
Active(file):     313332 kB
Inactive(file):   354208 kB
Unevictable:        2596 kB
Mlocked:               0 kB
HighTotal:        885760 kB
HighFree:         100736 kB
LowTotal:         535800 kB
LowFree:           73732 kB
SwapTotal:             0 kB
SwapFree:              0 kB
Dirty:               148 kB
Writeback:             0 kB
AnonPages:        340588 kB
Mapped:           313372 kB
Shmem:               616 kB
Slab:              44112 kB
SReclaimable:      14040 kB
SUnreclaim:        30072 kB
KernelStack:       10368 kB
PageTables:        26304 kB
NFS_Unstable:          0 kB
Bounce:                0 kB
WritebackTmp:          0 kB
CommitLimit:      710780 kB
Committed_AS:   36157924 kB
VmallocTotal:     460800 kB
VmallocUsed:       14780 kB
VmallocChunk:     168988 kB
Time pass: 111 sec

---2015-12-09 10:54:01
MemTotal:        1421560 kB
MemFree:          177680 kB
Buffers:           10300 kB
Cached:           660452 kB
SwapCached:            0 kB
Active:           650432 kB
Inactive:         354736 kB
Active(anon):     337100 kB
Inactive(anon):      528 kB
Active(file):     313332 kB
Inactive(file):   354208 kB
Unevictable:        2596 kB
Mlocked:               0 kB
HighTotal:        885760 kB
HighFree:         103420 kB
LowTotal:         535800 kB
LowFree:           74260 kB
SwapTotal:             0 kB
SwapFree:              0 kB
Dirty:                 0 kB
Writeback:             0 kB
AnonPages:        337140 kB
Mapped:           313532 kB
Shmem:               616 kB
Slab:              44072 kB
SReclaimable:      14040 kB
SUnreclaim:        30032 kB
KernelStack:       10368 kB
PageTables:        26364 kB
NFS_Unstable:          0 kB
Bounce:                0 kB
WritebackTmp:          0 kB
CommitLimit:      710780 kB
Committed_AS:   36072600 kB
VmallocTotal:     460800 kB
VmallocUsed:       14780 kB
VmallocChunk:     168988 kB
Time pass: 115 sec

---2015-12-09 10:54:01
MemTotal:        1421560 kB
MemFree:          177280 kB
Buffers:           10340 kB
Cached:           660420 kB
SwapCached:            0 kB
Active:           650468 kB
Inactive:         354744 kB
Active(anon):     337136 kB
Inactive(anon):      528 kB
Active(file):     313332 kB
Inactive(file):   354216 kB
Unevictable:        2596 kB
Mlocked:               0 kB
HighTotal:        885760 kB
HighFree:         102980 kB
LowTotal:         535800 kB
LowFree:           74300 kB
SwapTotal:             0 kB
SwapFree:              0 kB
Dirty:                44 kB
Writeback:             0 kB
AnonPages:        337232 kB
Mapped:           313400 kB
Shmem:               616 kB
Slab:              44040 kB
SReclaimable:      14040 kB
SUnreclaim:        30000 kB
KernelStack:       10360 kB
PageTables:        26364 kB
NFS_Unstable:          0 kB
Bounce:                0 kB
WritebackTmp:          0 kB
CommitLimit:      710780 kB
Committed_AS:   36072704 kB
VmallocTotal:     460800 kB
VmallocUsed:       14780 kB
VmallocChunk:     168988 kB
Time pass: 118 sec

---2015-12-09 10:54:01
MemTotal:        1421560 kB
MemFree:          177064 kB
Buffers:           10340 kB
Cached:           660488 kB
SwapCached:            0 kB
Active:           650736 kB
Inactive:         354792 kB
Active(anon):     337384 kB
Inactive(anon):      528 kB
Active(file):     313352 kB
Inactive(file):   354264 kB
Unevictable:        2596 kB
Mlocked:               0 kB
HighTotal:        885760 kB
HighFree:         102828 kB
LowTotal:         535800 kB
LowFree:           74236 kB
SwapTotal:             0 kB
SwapFree:              0 kB
Dirty:                 0 kB
Writeback:             0 kB
AnonPages:        337416 kB
Mapped:           313580 kB
Shmem:               616 kB
Slab:              44100 kB
SReclaimable:      14040 kB
SUnreclaim:        30060 kB
KernelStack:       10360 kB
PageTables:        26364 kB
NFS_Unstable:          0 kB
Bounce:                0 kB
WritebackTmp:          0 kB
CommitLimit:      710780 kB
Committed_AS:   36072816 kB
VmallocTotal:     460800 kB
VmallocUsed:       12372 kB
VmallocChunk:     168988 kB
Time pass: 122 sec

---2015-12-09 10:54:01
MemTotal:        1421560 kB
MemFree:          176648 kB
Buffers:           10348 kB
Cached:           660488 kB
SwapCached:            0 kB
Active:           650824 kB
Inactive:         354792 kB
Active(anon):     337472 kB
Inactive(anon):      528 kB
Active(file):     313352 kB
Inactive(file):   354264 kB
Unevictable:        2596 kB
Mlocked:               0 kB
HighTotal:        885760 kB
HighFree:         102484 kB
LowTotal:         535800 kB
LowFree:           74164 kB
SwapTotal:             0 kB
SwapFree:              0 kB
Dirty:                 4 kB
Writeback:             0 kB
AnonPages:        337572 kB
Mapped:           313584 kB
Shmem:               616 kB
Slab:              44088 kB
SReclaimable:      14096 kB
SUnreclaim:        29992 kB
KernelStack:       10376 kB
PageTables:        26380 kB
NFS_Unstable:          0 kB
Bounce:                0 kB
WritebackTmp:          0 kB
CommitLimit:      710780 kB
Committed_AS:   36073008 kB
VmallocTotal:     460800 kB
VmallocUsed:       12372 kB
VmallocChunk:     168988 kB
Time pass: 125 sec

---2015-12-09 10:54:01
MemTotal:        1421560 kB
MemFree:          146820 kB
Buffers:           10468 kB
Cached:           660836 kB
SwapCached:            0 kB
Active:           670884 kB
Inactive:         353440 kB
Active(anon):     355704 kB
Inactive(anon):      660 kB
Active(file):     315180 kB
Inactive(file):   352780 kB
Unevictable:        2596 kB
Mlocked:               0 kB
HighTotal:        885760 kB
HighFree:          72620 kB
LowTotal:         535800 kB
LowFree:           74200 kB
SwapTotal:             0 kB
SwapFree:              0 kB
Dirty:               856 kB
Writeback:             0 kB
AnonPages:        355776 kB
Mapped:           338820 kB
Shmem:               748 kB
Slab:              44232 kB
SReclaimable:      14064 kB
SUnreclaim:        30168 kB
KernelStack:       10832 kB
PageTables:        27144 kB
NFS_Unstable:          0 kB
Bounce:                0 kB
WritebackTmp:          0 kB
CommitLimit:      710780 kB
Committed_AS:   36883168 kB
VmallocTotal:     460800 kB
VmallocUsed:       13540 kB
VmallocChunk:     168988 kB
Time pass: 129 sec

---2015-12-09 10:54:01
MemTotal:        1421560 kB
MemFree:          120140 kB
Buffers:           10476 kB
Cached:           661008 kB
SwapCached:            0 kB
Active:           677424 kB
Inactive:         353064 kB
Active(anon):     361688 kB
Inactive(anon):      664 kB
Active(file):     315736 kB
Inactive(file):   352400 kB
Unevictable:        2596 kB
Mlocked:               0 kB
HighTotal:        885760 kB
HighFree:          50264 kB
LowTotal:         535800 kB
LowFree:           69876 kB
SwapTotal:             0 kB
SwapFree:              0 kB
Dirty:               468 kB
Writeback:             0 kB
AnonPages:        361792 kB
Mapped:           349660 kB
Shmem:               752 kB
Slab:              44152 kB
SReclaimable:      14064 kB
SUnreclaim:        30088 kB
KernelStack:       10880 kB
PageTables:        27216 kB
NFS_Unstable:          0 kB
Bounce:                0 kB
WritebackTmp:          0 kB
CommitLimit:      710780 kB
Committed_AS:   36891668 kB
VmallocTotal:     460800 kB
VmallocUsed:       13616 kB
VmallocChunk:     168988 kB
Time pass: 132 sec

---2015-12-09 10:54:01
MemTotal:        1421560 kB
MemFree:           99572 kB
Buffers:           10484 kB
Cached:           661584 kB
SwapCached:            0 kB
Active:           689096 kB
Inactive:         353316 kB
Active(anon):     373028 kB
Inactive(anon):      664 kB
Active(file):     316068 kB
Inactive(file):   352652 kB
Unevictable:        2596 kB
Mlocked:               0 kB
HighTotal:        885760 kB
HighFree:          29504 kB
LowTotal:         535800 kB
LowFree:           70068 kB
SwapTotal:             0 kB
SwapFree:              0 kB
Dirty:               380 kB
Writeback:             0 kB
AnonPages:        372944 kB
Mapped:           356640 kB
Shmem:               752 kB
Slab:              44192 kB
SReclaimable:      14072 kB
SUnreclaim:        30120 kB
KernelStack:       10928 kB
PageTables:        27276 kB
NFS_Unstable:          0 kB
Bounce:                0 kB
WritebackTmp:          0 kB
CommitLimit:      710780 kB
Committed_AS:   36869796 kB
VmallocTotal:     460800 kB
VmallocUsed:       13616 kB
VmallocChunk:     168988 kB
Time pass: 136 sec

---2015-12-09 10:54:01
MemTotal:        1421560 kB
MemFree:           84692 kB
Buffers:           10484 kB
Cached:           662184 kB
SwapCached:            0 kB
Active:           694736 kB
Inactive:         352768 kB
Active(anon):     377512 kB
Inactive(anon):      664 kB
Active(file):     317224 kB
Inactive(file):   352104 kB
Unevictable:        2596 kB
Mlocked:               0 kB
HighTotal:        885760 kB
HighFree:          14984 kB
LowTotal:         535800 kB
LowFree:           69708 kB
SwapTotal:             0 kB
SwapFree:              0 kB
Dirty:              1040 kB
Writeback:             0 kB
AnonPages:        377476 kB
Mapped:           365400 kB
Shmem:               752 kB
Slab:              44076 kB
SReclaimable:      14072 kB
SUnreclaim:        30004 kB
KernelStack:       10928 kB
PageTables:        27288 kB
NFS_Unstable:          0 kB
Bounce:                0 kB
WritebackTmp:          0 kB
CommitLimit:      710780 kB
Committed_AS:   36874728 kB
VmallocTotal:     460800 kB
VmallocUsed:       13616 kB
VmallocChunk:     168988 kB
Time pass: 139 sec

---2015-12-09 10:54:01
MemTotal:        1421560 kB
MemFree:           73024 kB
Buffers:           10492 kB
Cached:           662372 kB
SwapCached:            0 kB
Active:           696040 kB
Inactive:         352688 kB
Active(anon):     378548 kB
Inactive(anon):      664 kB
Active(file):     317492 kB
Inactive(file):   352024 kB
Unevictable:        2596 kB
Mlocked:               0 kB
HighTotal:        885760 kB
HighFree:           5724 kB
LowTotal:         535800 kB
LowFree:           67300 kB
SwapTotal:             0 kB
SwapFree:              0 kB
Dirty:               876 kB
Writeback:             0 kB
AnonPages:        378528 kB
Mapped:           376144 kB
Shmem:               752 kB
Slab:              44148 kB
SReclaimable:      14072 kB
SUnreclaim:        30076 kB
KernelStack:       10928 kB
PageTables:        27328 kB
NFS_Unstable:          0 kB
Bounce:                0 kB
WritebackTmp:          0 kB
CommitLimit:      710780 kB
Committed_AS:   36875624 kB
VmallocTotal:     460800 kB
VmallocUsed:       13652 kB
VmallocChunk:     168988 kB
Time pass: 143 sec

---2015-12-09 10:54:01
MemTotal:        1421560 kB
MemFree:           59292 kB
Buffers:           10492 kB
Cached:           662384 kB
SwapCached:            0 kB
Active:           701844 kB
Inactive:         352700 kB
Active(anon):     384352 kB
Inactive(anon):      664 kB
Active(file):     317492 kB
Inactive(file):   352036 kB
Unevictable:        2596 kB
Mlocked:               0 kB
HighTotal:        885760 kB
HighFree:           4336 kB
LowTotal:         535800 kB
LowFree:           54956 kB
SwapTotal:             0 kB
SwapFree:              0 kB
Dirty:               512 kB
Writeback:             0 kB
AnonPages:        384284 kB
Mapped:           383568 kB
Shmem:               752 kB
Slab:              44224 kB
SReclaimable:      14072 kB
SUnreclaim:        30152 kB
KernelStack:       10936 kB
PageTables:        27348 kB
NFS_Unstable:          0 kB
Bounce:                0 kB
WritebackTmp:          0 kB
CommitLimit:      710780 kB
Committed_AS:   36881336 kB
VmallocTotal:     460800 kB
VmallocUsed:       13664 kB
VmallocChunk:     168988 kB
Time pass: 146 sec

---2015-12-09 10:54:01
MemTotal:        1421560 kB
MemFree:           58504 kB
Buffers:           10492 kB
Cached:           662388 kB
SwapCached:            0 kB
Active:           701964 kB
Inactive:         352700 kB
Active(anon):     384472 kB
Inactive(anon):      664 kB
Active(file):     317492 kB
Inactive(file):   352036 kB
Unevictable:        2596 kB
Mlocked:               0 kB
HighTotal:        885760 kB
HighFree:           4772 kB
LowTotal:         535800 kB
LowFree:           53732 kB
SwapTotal:             0 kB
SwapFree:              0 kB
Dirty:               512 kB
Writeback:             0 kB
AnonPages:        384468 kB
Mapped:           383856 kB
Shmem:               756 kB
Slab:              44208 kB
SReclaimable:      14072 kB
SUnreclaim:        30136 kB
KernelStack:       10928 kB
PageTables:        27356 kB
NFS_Unstable:          0 kB
Bounce:                0 kB
WritebackTmp:          0 kB
CommitLimit:      710780 kB
Committed_AS:   36881784 kB
VmallocTotal:     460800 kB
VmallocUsed:       13664 kB
VmallocChunk:     168988 kB
Time pass: 150 sec

---2015-12-09 10:54:01
MemTotal:        1421560 kB
MemFree:           58848 kB
Buffers:           10500 kB
Cached:           662384 kB
SwapCached:            0 kB
Active:           701888 kB
Inactive:         352700 kB
Active(anon):     384396 kB
Inactive(anon):      664 kB
Active(file):     317492 kB
Inactive(file):   352036 kB
Unevictable:        2596 kB
Mlocked:               0 kB
HighTotal:        885760 kB
HighFree:           5372 kB
LowTotal:         535800 kB
LowFree:           53476 kB
SwapTotal:             0 kB
SwapFree:              0 kB
Dirty:                52 kB
Writeback:             0 kB
AnonPages:        384448 kB
Mapped:           383872 kB
Shmem:               752 kB
Slab:              44220 kB
SReclaimable:      14072 kB
SUnreclaim:        30148 kB
KernelStack:       10936 kB
PageTables:        27360 kB
NFS_Unstable:          0 kB
Bounce:                0 kB
WritebackTmp:          0 kB
CommitLimit:      710780 kB
Committed_AS:   36881864 kB
VmallocTotal:     460800 kB
VmallocUsed:       13664 kB
VmallocChunk:     168988 kB
Time pass: 153 sec

---2015-12-09 10:54:01
MemTotal:        1421560 kB
MemFree:           57920 kB
Buffers:           10508 kB
Cached:           662384 kB
SwapCached:            0 kB
Active:           704164 kB
Inactive:         352712 kB
Active(anon):     386668 kB
Inactive(anon):      664 kB
Active(file):     317496 kB
Inactive(file):   352048 kB
Unevictable:        2596 kB
Mlocked:               0 kB
HighTotal:        885760 kB
HighFree:           7700 kB
LowTotal:         535800 kB
LowFree:           50220 kB
SwapTotal:             0 kB
SwapFree:              0 kB
Dirty:                40 kB
Writeback:             0 kB
AnonPages:        386796 kB
Mapped:           384504 kB
Shmem:               752 kB
Slab:              44320 kB
SReclaimable:      14072 kB
SUnreclaim:        30248 kB
KernelStack:       10968 kB
PageTables:        27364 kB
NFS_Unstable:          0 kB
Bounce:                0 kB
WritebackTmp:          0 kB
CommitLimit:      710780 kB
Committed_AS:   36923420 kB
VmallocTotal:     460800 kB
VmallocUsed:       13664 kB
VmallocChunk:     168988 kB
Time pass: 157 sec

---2015-12-09 10:54:01
MemTotal:        1421560 kB
MemFree:           57260 kB
Buffers:           10508 kB
Cached:           662392 kB
SwapCached:            0 kB
Active:           706368 kB
Inactive:         351604 kB
Active(anon):     387756 kB
Inactive(anon):      664 kB
Active(file):     318612 kB
Inactive(file):   350940 kB
Unevictable:        2596 kB
Mlocked:               0 kB
HighTotal:        885760 kB
HighFree:           7856 kB
LowTotal:         535800 kB
LowFree:           49404 kB
SwapTotal:             0 kB
SwapFree:              0 kB
Dirty:                48 kB
Writeback:             0 kB
AnonPages:        387704 kB
Mapped:           385236 kB
Shmem:               752 kB
Slab:              44348 kB
SReclaimable:      14072 kB
SUnreclaim:        30276 kB
KernelStack:       10944 kB
PageTables:        27396 kB
NFS_Unstable:          0 kB
Bounce:                0 kB
WritebackTmp:          0 kB
CommitLimit:      710780 kB
Committed_AS:   36918224 kB
VmallocTotal:     460800 kB
VmallocUsed:       16072 kB
VmallocChunk:     168988 kB
Time pass: 160 sec

---2015-12-09 10:54:01
MemTotal:        1421560 kB
MemFree:           57520 kB
Buffers:           10516 kB
Cached:           662392 kB
SwapCached:            0 kB
Active:           705936 kB
Inactive:         351608 kB
Active(anon):     387320 kB
Inactive(anon):      664 kB
Active(file):     318616 kB
Inactive(file):   350944 kB
Unevictable:        2596 kB
Mlocked:               0 kB
HighTotal:        885760 kB
HighFree:           4548 kB
LowTotal:         535800 kB
LowFree:           52972 kB
SwapTotal:             0 kB
SwapFree:              0 kB
Dirty:                12 kB
Writeback:             0 kB
AnonPages:        387244 kB
Mapped:           385796 kB
Shmem:               752 kB
Slab:              44252 kB
SReclaimable:      14072 kB
SUnreclaim:        30180 kB
KernelStack:       10952 kB
PageTables:        27392 kB
NFS_Unstable:          0 kB
Bounce:                0 kB
WritebackTmp:          0 kB
CommitLimit:      710780 kB
Committed_AS:   36885288 kB
VmallocTotal:     460800 kB
VmallocUsed:       16072 kB
VmallocChunk:     168988 kB
Time pass: 164 sec

---2015-12-09 10:54:01
MemTotal:        1421560 kB
MemFree:           57056 kB
Buffers:           10524 kB
Cached:           662392 kB
SwapCached:            0 kB
Active:           706004 kB
Inactive:         351608 kB
Active(anon):     387388 kB
Inactive(anon):      664 kB
Active(file):     318616 kB
Inactive(file):   350944 kB
Unevictable:        2596 kB
Mlocked:               0 kB
HighTotal:        885760 kB
HighFree:           4428 kB
LowTotal:         535800 kB
LowFree:           52628 kB
SwapTotal:             0 kB
SwapFree:              0 kB
Dirty:                 4 kB
Writeback:             0 kB
AnonPages:        387312 kB
Mapped:           385524 kB
Shmem:               752 kB
Slab:              44252 kB
SReclaimable:      14072 kB
SUnreclaim:        30180 kB
KernelStack:       10952 kB
PageTables:        27392 kB
NFS_Unstable:          0 kB
Bounce:                0 kB
WritebackTmp:          0 kB
CommitLimit:      710780 kB
Committed_AS:   36885392 kB
VmallocTotal:     460800 kB
VmallocUsed:       16072 kB
VmallocChunk:     168988 kB
Time pass: 168 sec

---2015-12-09 10:54:01
MemTotal:        1421560 kB
MemFree:           56756 kB
Buffers:           10524 kB
Cached:           662392 kB
SwapCached:            0 kB
Active:           706056 kB
Inactive:         351616 kB
Active(anon):     387440 kB
Inactive(anon):      664 kB
Active(file):     318616 kB
Inactive(file):   350952 kB
Unevictable:        2596 kB
Mlocked:               0 kB
HighTotal:        885760 kB
HighFree:           4524 kB
LowTotal:         535800 kB
LowFree:           52232 kB
SwapTotal:             0 kB
SwapFree:              0 kB
Dirty:                 4 kB
Writeback:             0 kB
AnonPages:        387432 kB
Mapped:           385672 kB
Shmem:               752 kB
Slab:              44248 kB
SReclaimable:      14072 kB
SUnreclaim:        30176 kB
KernelStack:       10952 kB
PageTables:        27392 kB
NFS_Unstable:          0 kB
Bounce:                0 kB
WritebackTmp:          0 kB
CommitLimit:      710780 kB
Committed_AS:   36885600 kB
VmallocTotal:     460800 kB
VmallocUsed:       16072 kB
VmallocChunk:     168988 kB
Time pass: 171 sec

---2015-12-09 10:54:01
MemTotal:        1421560 kB
MemFree:           56492 kB
Buffers:           10524 kB
Cached:           662392 kB
SwapCached:            0 kB
Active:           706216 kB
Inactive:         351616 kB
Active(anon):     387600 kB
Inactive(anon):      664 kB
Active(file):     318616 kB
Inactive(file):   350952 kB
Unevictable:        2596 kB
Mlocked:               0 kB
HighTotal:        885760 kB
HighFree:           4428 kB
LowTotal:         535800 kB
LowFree:           52064 kB
SwapTotal:             0 kB
SwapFree:              0 kB
Dirty:                 0 kB
Writeback:             0 kB
AnonPages:        387624 kB
Mapped:           385544 kB
Shmem:               752 kB
Slab:              44244 kB
SReclaimable:      14072 kB
SUnreclaim:        30172 kB
KernelStack:       10952 kB
PageTables:        27392 kB
NFS_Unstable:          0 kB
Bounce:                0 kB
WritebackTmp:          0 kB
CommitLimit:      710780 kB
Committed_AS:   36885672 kB
VmallocTotal:     460800 kB
VmallocUsed:       13664 kB
VmallocChunk:     168988 kB
Time pass: 174 sec

---2015-12-09 10:54:01
MemTotal:        1421560 kB
MemFree:           56152 kB
Buffers:           10524 kB
Cached:           662392 kB
SwapCached:            0 kB
Active:           706404 kB
Inactive:         351616 kB
Active(anon):     387788 kB
Inactive(anon):      664 kB
Active(file):     318616 kB
Inactive(file):   350952 kB
Unevictable:        2596 kB
Mlocked:               0 kB
HighTotal:        885760 kB
HighFree:           4400 kB
LowTotal:         535800 kB
LowFree:           51752 kB
SwapTotal:             0 kB
SwapFree:              0 kB
Dirty:                 0 kB
Writeback:             0 kB
AnonPages:        387824 kB
Mapped:           385692 kB
Shmem:               752 kB
Slab:              44272 kB
SReclaimable:      14072 kB
SUnreclaim:        30200 kB
KernelStack:       10968 kB
PageTables:        27420 kB
NFS_Unstable:          0 kB
Bounce:                0 kB
WritebackTmp:          0 kB
CommitLimit:      710780 kB
Committed_AS:   36885840 kB
VmallocTotal:     460800 kB
VmallocUsed:       13664 kB
VmallocChunk:     168988 kB
Time pass: 178 sec

---2015-12-09 10:54:01
MemTotal:        1421560 kB
MemFree:           56060 kB
Buffers:           10540 kB
Cached:           662392 kB
SwapCached:            0 kB
Active:           706468 kB
Inactive:         351632 kB
Active(anon):     387852 kB
Inactive(anon):      664 kB
Active(file):     318616 kB
Inactive(file):   350968 kB
Unevictable:        2596 kB
Mlocked:               0 kB
HighTotal:        885760 kB
HighFree:           4492 kB
LowTotal:         535800 kB
LowFree:           51568 kB
SwapTotal:             0 kB
SwapFree:              0 kB
Dirty:                40 kB
Writeback:             0 kB
AnonPages:        387884 kB
Mapped:           385544 kB
Shmem:               752 kB
Slab:              44240 kB
SReclaimable:      14072 kB
SUnreclaim:        30168 kB
KernelStack:       10952 kB
PageTables:        27392 kB
NFS_Unstable:          0 kB
Bounce:                0 kB
WritebackTmp:          0 kB
CommitLimit:      710780 kB
Committed_AS:   36885864 kB
VmallocTotal:     460800 kB
VmallocUsed:       13664 kB
VmallocChunk:     168988 kB
Time pass: 181 sec

---2015-12-09 10:54:01
MemTotal:        1421560 kB
MemFree:           55504 kB
Buffers:           10548 kB
Cached:           662384 kB
SwapCached:            0 kB
Active:           706656 kB
Inactive:         351632 kB
Active(anon):     388040 kB
Inactive(anon):      664 kB
Active(file):     318616 kB
Inactive(file):   350968 kB
Unevictable:        2596 kB
Mlocked:               0 kB
HighTotal:        885760 kB
HighFree:           4372 kB
LowTotal:         535800 kB
LowFree:           51132 kB
SwapTotal:             0 kB
SwapFree:              0 kB
Dirty:                28 kB
Writeback:             0 kB
AnonPages:        387984 kB
Mapped:           385576 kB
Shmem:               752 kB
Slab:              44244 kB
SReclaimable:      14072 kB
SUnreclaim:        30172 kB
KernelStack:       10952 kB
PageTables:        27392 kB
NFS_Unstable:          0 kB
Bounce:                0 kB
WritebackTmp:          0 kB
CommitLimit:      710780 kB
Committed_AS:   36886112 kB
VmallocTotal:     460800 kB
VmallocUsed:       13664 kB
VmallocChunk:     168988 kB
Time pass: 185 sec

---2015-12-09 10:54:01
MemTotal:        1421560 kB
MemFree:           56136 kB
Buffers:           10548 kB
Cached:           662392 kB
SwapCached:            0 kB
Active:           706144 kB
Inactive:         351640 kB
Active(anon):     387528 kB
Inactive(anon):      664 kB
Active(file):     318616 kB
Inactive(file):   350976 kB
Unevictable:        2596 kB
Mlocked:               0 kB
HighTotal:        885760 kB
HighFree:           4764 kB
LowTotal:         535800 kB
LowFree:           51372 kB
SwapTotal:             0 kB
SwapFree:              0 kB
Dirty:                28 kB
Writeback:             0 kB
AnonPages:        387580 kB
Mapped:           385600 kB
Shmem:               752 kB
Slab:              44372 kB
SReclaimable:      14072 kB
SUnreclaim:        30300 kB
KernelStack:       10952 kB
PageTables:        27392 kB
NFS_Unstable:          0 kB
Bounce:                0 kB
WritebackTmp:          0 kB
CommitLimit:      710780 kB
Committed_AS:   36886216 kB
VmallocTotal:     460800 kB
VmallocUsed:       13664 kB
VmallocChunk:     168988 kB
Time pass: 188 sec

---2015-12-09 10:54:01
MemTotal:        1421560 kB
MemFree:           56228 kB
Buffers:           10548 kB
Cached:           662392 kB
SwapCached:            0 kB
Active:           706308 kB
Inactive:         351640 kB
Active(anon):     387692 kB
Inactive(anon):      664 kB
Active(file):     318616 kB
Inactive(file):   350976 kB
Unevictable:        2596 kB
Mlocked:               0 kB
HighTotal:        885760 kB
HighFree:           4964 kB
LowTotal:         535800 kB
LowFree:           51264 kB
SwapTotal:             0 kB
SwapFree:              0 kB
Dirty:                 0 kB
Writeback:             0 kB
AnonPages:        387680 kB
Mapped:           385780 kB
Shmem:               752 kB
Slab:              44348 kB
SReclaimable:      14072 kB
SUnreclaim:        30276 kB
KernelStack:       10944 kB
PageTables:        27388 kB
NFS_Unstable:          0 kB
Bounce:                0 kB
WritebackTmp:          0 kB
CommitLimit:      710780 kB
Committed_AS:   36886264 kB
VmallocTotal:     460800 kB
VmallocUsed:       13664 kB
VmallocChunk:     168988 kB
Time pass: 192 sec

---2015-12-09 10:54:01
MemTotal:        1421560 kB
MemFree:           55704 kB
Buffers:           10548 kB
Cached:           662392 kB
SwapCached:            0 kB
Active:           706424 kB
Inactive:         351640 kB
Active(anon):     387808 kB
Inactive(anon):      664 kB
Active(file):     318616 kB
Inactive(file):   350976 kB
Unevictable:        2596 kB
Mlocked:               0 kB
HighTotal:        885760 kB
HighFree:           4368 kB
LowTotal:         535800 kB
LowFree:           51336 kB
SwapTotal:             0 kB
SwapFree:              0 kB
Dirty:                 0 kB
Writeback:             0 kB
AnonPages:        387708 kB
Mapped:           385780 kB
Shmem:               752 kB
Slab:              44344 kB
SReclaimable:      14072 kB
SUnreclaim:        30272 kB
KernelStack:       10944 kB
PageTables:        27388 kB
NFS_Unstable:          0 kB
Bounce:                0 kB
WritebackTmp:          0 kB
CommitLimit:      710780 kB
Committed_AS:   36886480 kB
VmallocTotal:     460800 kB
VmallocUsed:       13664 kB
VmallocChunk:     168988 kB
Time pass: 195 sec

---2015-12-09 10:54:01
MemTotal:        1421560 kB
MemFree:           55696 kB
Buffers:           10548 kB
Cached:           662392 kB
SwapCached:            0 kB
Active:           706552 kB
Inactive:         351640 kB
Active(anon):     387936 kB
Inactive(anon):      664 kB
Active(file):     318616 kB
Inactive(file):   350976 kB
Unevictable:        2596 kB
Mlocked:               0 kB
HighTotal:        885760 kB
HighFree:           4368 kB
LowTotal:         535800 kB
LowFree:           51328 kB
SwapTotal:             0 kB
SwapFree:              0 kB
Dirty:                 0 kB
Writeback:             0 kB
AnonPages:        387848 kB
Mapped:           385780 kB
Shmem:               752 kB
Slab:              44316 kB
SReclaimable:      14072 kB
SUnreclaim:        30244 kB
KernelStack:       10952 kB
PageTables:        27392 kB
NFS_Unstable:          0 kB
Bounce:                0 kB
WritebackTmp:          0 kB
CommitLimit:      710780 kB
Committed_AS:   36886540 kB
VmallocTotal:     460800 kB
VmallocUsed:       13664 kB
VmallocChunk:     168988 kB
Time pass: 199 sec

---2015-12-09 10:54:01
MemTotal:        1421560 kB
MemFree:           55140 kB
Buffers:           10548 kB
Cached:           662392 kB
SwapCached:            0 kB
Active:           706592 kB
Inactive:         351640 kB
Active(anon):     387976 kB
Inactive(anon):      664 kB
Active(file):     318616 kB
Inactive(file):   350976 kB
Unevictable:        2596 kB
Mlocked:               0 kB
HighTotal:        885760 kB
HighFree:           4368 kB
LowTotal:         535800 kB
LowFree:           50772 kB
SwapTotal:             0 kB
SwapFree:              0 kB
Dirty:                 0 kB
Writeback:             0 kB
AnonPages:        387920 kB
Mapped:           385628 kB
Shmem:               752 kB
Slab:              44328 kB
SReclaimable:      14072 kB
SUnreclaim:        30256 kB
KernelStack:       10944 kB
PageTables:        27388 kB
NFS_Unstable:          0 kB
Bounce:                0 kB
WritebackTmp:          0 kB
CommitLimit:      710780 kB
Committed_AS:   36886648 kB
VmallocTotal:     460800 kB
VmallocUsed:       13664 kB
VmallocChunk:     168988 kB
Time pass: 203 sec

---2015-12-09 10:54:01
MemTotal:        1421560 kB
MemFree:           55144 kB
Buffers:           10548 kB
Cached:           662392 kB
SwapCached:            0 kB
Active:           706748 kB
Inactive:         351640 kB
Active(anon):     388132 kB
Inactive(anon):      664 kB
Active(file):     318616 kB
Inactive(file):   350976 kB
Unevictable:        2596 kB
Mlocked:               0 kB
HighTotal:        885760 kB
HighFree:           4368 kB
LowTotal:         535800 kB
LowFree:           50776 kB
SwapTotal:             0 kB
SwapFree:              0 kB
Dirty:                 0 kB
Writeback:             0 kB
AnonPages:        388064 kB
Mapped:           385628 kB
Shmem:               752 kB
Slab:              44248 kB
SReclaimable:      14072 kB
SUnreclaim:        30176 kB
KernelStack:       10944 kB
PageTables:        27388 kB
NFS_Unstable:          0 kB
Bounce:                0 kB
WritebackTmp:          0 kB
CommitLimit:      710780 kB
Committed_AS:   36886856 kB
VmallocTotal:     460800 kB
VmallocUsed:       13664 kB
VmallocChunk:     168988 kB
Time pass: 206 sec

---2015-12-09 10:54:01
MemTotal:        1421560 kB
MemFree:           54664 kB
Buffers:           10548 kB
Cached:           662392 kB
SwapCached:            0 kB
Active:           707672 kB
Inactive:         351640 kB
Active(anon):     389056 kB
Inactive(anon):      664 kB
Active(file):     318616 kB
Inactive(file):   350976 kB
Unevictable:        2596 kB
Mlocked:               0 kB
HighTotal:        885760 kB
HighFree:           8068 kB
LowTotal:         535800 kB
LowFree:           46596 kB
SwapTotal:             0 kB
SwapFree:              0 kB
Dirty:                 0 kB
Writeback:             0 kB
AnonPages:        388872 kB
Mapped:           385628 kB
Shmem:               752 kB
Slab:              44392 kB
SReclaimable:      14072 kB
SUnreclaim:        30320 kB
KernelStack:       10928 kB
PageTables:        27388 kB
NFS_Unstable:          0 kB
Bounce:                0 kB
WritebackTmp:          0 kB
CommitLimit:      710780 kB
Committed_AS:   36924460 kB
VmallocTotal:     460800 kB
VmallocUsed:       13664 kB
VmallocChunk:     168988 kB
Time pass: 209 sec

---2015-12-09 10:54:01
MemTotal:        1421560 kB
MemFree:           49688 kB
Buffers:           10548 kB
Cached:           662864 kB
SwapCached:            0 kB
Active:           715000 kB
Inactive:         352028 kB
Active(anon):     396376 kB
Inactive(anon):      900 kB
Active(file):     318624 kB
Inactive(file):   351128 kB
Unevictable:        2596 kB
Mlocked:               0 kB
HighTotal:        885760 kB
HighFree:           4340 kB
LowTotal:         535800 kB
LowFree:           45348 kB
SwapTotal:             0 kB
SwapFree:              0 kB
Dirty:                12 kB
Writeback:             0 kB
AnonPages:        396244 kB
Mapped:           384628 kB
Shmem:               992 kB
Slab:              44496 kB
SReclaimable:      14072 kB
SUnreclaim:        30424 kB
KernelStack:       11144 kB
PageTables:        27564 kB
NFS_Unstable:          0 kB
Bounce:                0 kB
WritebackTmp:          0 kB
CommitLimit:      710780 kB
Committed_AS:   36945212 kB
VmallocTotal:     460800 kB
VmallocUsed:       16072 kB
VmallocChunk:     168988 kB
Time pass: 214 sec

---2015-12-09 10:54:01
MemTotal:        1421560 kB
MemFree:           38260 kB
Buffers:           10588 kB
Cached:           662996 kB
SwapCached:            0 kB
Active:           722452 kB
Inactive:         352268 kB
Active(anon):     403824 kB
Inactive(anon):      992 kB
Active(file):     318628 kB
Inactive(file):   351276 kB
Unevictable:        2596 kB
Mlocked:               0 kB
HighTotal:        885760 kB
HighFree:           4340 kB
LowTotal:         535800 kB
LowFree:           33920 kB
SwapTotal:             0 kB
SwapFree:              0 kB
Dirty:                56 kB
Writeback:             0 kB
AnonPages:        403948 kB
Mapped:           384844 kB
Shmem:              1084 kB
Slab:              44424 kB
SReclaimable:      14072 kB
SUnreclaim:        30352 kB
KernelStack:       11160 kB
PageTables:        27596 kB
NFS_Unstable:          0 kB
Bounce:                0 kB
WritebackTmp:          0 kB
CommitLimit:      710780 kB
Committed_AS:   36924192 kB
VmallocTotal:     460800 kB
VmallocUsed:       16072 kB
VmallocChunk:     168988 kB
Time pass: 218 sec

---2015-12-09 10:54:01
MemTotal:        1421560 kB
MemFree:           33912 kB
Buffers:           10620 kB
Cached:           663016 kB
SwapCached:            0 kB
Active:           727528 kB
Inactive:         352320 kB
Active(anon):     408900 kB
Inactive(anon):     1012 kB
Active(file):     318628 kB
Inactive(file):   351308 kB
Unevictable:        2596 kB
Mlocked:               0 kB
HighTotal:        885760 kB
HighFree:           4340 kB
LowTotal:         535800 kB
LowFree:           29572 kB
SwapTotal:             0 kB
SwapFree:              0 kB
Dirty:                 0 kB
Writeback:             0 kB
AnonPages:        409052 kB
Mapped:           384872 kB
Shmem:              1104 kB
Slab:              44520 kB
SReclaimable:      14072 kB
SUnreclaim:        30448 kB
KernelStack:       11168 kB
PageTables:        27596 kB
NFS_Unstable:          0 kB
Bounce:                0 kB
WritebackTmp:          0 kB
CommitLimit:      710780 kB
Committed_AS:   36927820 kB
VmallocTotal:     460800 kB
VmallocUsed:       16072 kB
VmallocChunk:     168988 kB
Time pass: 222 sec

---2015-12-09 10:54:01
MemTotal:        1421560 kB
MemFree:           30952 kB
Buffers:           10688 kB
Cached:           663024 kB
SwapCached:            0 kB
Active:           729724 kB
Inactive:         352396 kB
Active(anon):     411096 kB
Inactive(anon):     1016 kB
Active(file):     318628 kB
Inactive(file):   351380 kB
Unevictable:        2596 kB
Mlocked:               0 kB
HighTotal:        885760 kB
HighFree:           4416 kB
LowTotal:         535800 kB
LowFree:           26536 kB
SwapTotal:             0 kB
SwapFree:              0 kB
Dirty:                 4 kB
Writeback:             0 kB
AnonPages:        411192 kB
Mapped:           383716 kB
Shmem:              1108 kB
Slab:              44432 kB
SReclaimable:      14080 kB
SUnreclaim:        30352 kB
KernelStack:       11176 kB
PageTables:        27604 kB
NFS_Unstable:          0 kB
Bounce:                0 kB
WritebackTmp:          0 kB
CommitLimit:      710780 kB
Committed_AS:   36929152 kB
VmallocTotal:     460800 kB
VmallocUsed:       16072 kB
VmallocChunk:     168988 kB
Time pass: 225 sec

---2015-12-09 10:54:01
MemTotal:        1421560 kB
MemFree:           31356 kB
Buffers:           10688 kB
Cached:           663124 kB
SwapCached:            0 kB
Active:           729996 kB
Inactive:         352496 kB
Active(anon):     411368 kB
Inactive(anon):     1100 kB
Active(file):     318628 kB
Inactive(file):   351396 kB
Unevictable:        2596 kB
Mlocked:               0 kB
HighTotal:        885760 kB
HighFree:           4452 kB
LowTotal:         535800 kB
LowFree:           26904 kB
SwapTotal:             0 kB
SwapFree:              0 kB
Dirty:                40 kB
Writeback:             0 kB
AnonPages:        411408 kB
Mapped:           383808 kB
Shmem:              1192 kB
Slab:              44432 kB
SReclaimable:      14080 kB
SUnreclaim:        30352 kB
KernelStack:       11168 kB
PageTables:        27604 kB
NFS_Unstable:          0 kB
Bounce:                0 kB
WritebackTmp:          0 kB
CommitLimit:      710780 kB
Committed_AS:   36928212 kB
VmallocTotal:     460800 kB
VmallocUsed:       16072 kB
VmallocChunk:     168988 kB
Time pass: 229 sec

---2015-12-09 10:54:01
MemTotal:        1421560 kB
MemFree:           30728 kB
Buffers:           10712 kB
Cached:           663132 kB
SwapCached:            0 kB
Active:           729880 kB
Inactive:         352520 kB
Active(anon):     411252 kB
Inactive(anon):     1108 kB
Active(file):     318628 kB
Inactive(file):   351412 kB
Unevictable:        2596 kB
Mlocked:               0 kB
HighTotal:        885760 kB
HighFree:           4408 kB
LowTotal:         535800 kB
LowFree:           26320 kB
SwapTotal:             0 kB
SwapFree:              0 kB
Dirty:                44 kB
Writeback:             0 kB
AnonPages:        411316 kB
Mapped:           383816 kB
Shmem:              1200 kB
Slab:              44556 kB
SReclaimable:      14080 kB
SUnreclaim:        30476 kB
KernelStack:       11176 kB
PageTables:        27604 kB
NFS_Unstable:          0 kB
Bounce:                0 kB
WritebackTmp:          0 kB
CommitLimit:      710780 kB
Committed_AS:   36928056 kB
VmallocTotal:     460800 kB
VmallocUsed:       16072 kB
VmallocChunk:     168988 kB
Time pass: 232 sec

---2015-12-09 10:54:01
MemTotal:        1421560 kB
MemFree:           31300 kB
Buffers:           10712 kB
Cached:           663144 kB
SwapCached:            0 kB
Active:           730080 kB
Inactive:         352540 kB
Active(anon):     411452 kB
Inactive(anon):     1120 kB
Active(file):     318628 kB
Inactive(file):   351420 kB
Unevictable:        2596 kB
Mlocked:               0 kB
HighTotal:        885760 kB
HighFree:           4356 kB
LowTotal:         535800 kB
LowFree:           26944 kB
SwapTotal:             0 kB
SwapFree:              0 kB
Dirty:                44 kB
Writeback:             0 kB
AnonPages:        411592 kB
Mapped:           383828 kB
Shmem:              1212 kB
Slab:              44704 kB
SReclaimable:      14080 kB
SUnreclaim:        30624 kB
KernelStack:       11176 kB
PageTables:        27608 kB
NFS_Unstable:          0 kB
Bounce:                0 kB
WritebackTmp:          0 kB
CommitLimit:      710780 kB
Committed_AS:   36928272 kB
VmallocTotal:     460800 kB
VmallocUsed:       16072 kB
VmallocChunk:     168988 kB
Time pass: 236 sec

---2015-12-09 10:54:01
MemTotal:        1421560 kB
MemFree:           30808 kB
Buffers:           10736 kB
Cached:           663144 kB
SwapCached:            0 kB
Active:           730548 kB
Inactive:         352564 kB
Active(anon):     411920 kB
Inactive(anon):     1120 kB
Active(file):     318628 kB
Inactive(file):   351444 kB
Unevictable:        2596 kB
Mlocked:               0 kB
HighTotal:        885760 kB
HighFree:           4356 kB
LowTotal:         535800 kB
LowFree:           26452 kB
SwapTotal:             0 kB
SwapFree:              0 kB
Dirty:                36 kB
Writeback:            12 kB
AnonPages:        411920 kB
Mapped:           383828 kB
Shmem:              1212 kB
Slab:              44424 kB
SReclaimable:      14080 kB
SUnreclaim:        30344 kB
KernelStack:       11168 kB
PageTables:        27596 kB
NFS_Unstable:          0 kB
Bounce:                0 kB
WritebackTmp:          0 kB
CommitLimit:      710780 kB
Committed_AS:   36928416 kB
VmallocTotal:     460800 kB
VmallocUsed:       16072 kB
VmallocChunk:     168988 kB
Time pass: 240 sec

---2015-12-09 10:54:01
MemTotal:        1421560 kB
MemFree:           30892 kB
Buffers:           10752 kB
Cached:           663128 kB
SwapCached:            0 kB
Active:           730668 kB
Inactive:         352564 kB
Active(anon):     412040 kB
Inactive(anon):     1120 kB
Active(file):     318628 kB
Inactive(file):   351444 kB
Unevictable:        2596 kB
Mlocked:               0 kB
HighTotal:        885760 kB
HighFree:           4356 kB
LowTotal:         535800 kB
LowFree:           26536 kB
SwapTotal:             0 kB
SwapFree:              0 kB
Dirty:                 0 kB
Writeback:             0 kB
AnonPages:        412080 kB
Mapped:           383680 kB
Shmem:              1212 kB
Slab:              44500 kB
SReclaimable:      14080 kB
SUnreclaim:        30420 kB
KernelStack:       11192 kB
PageTables:        27608 kB
NFS_Unstable:          0 kB
Bounce:                0 kB
WritebackTmp:          0 kB
CommitLimit:      710780 kB
Committed_AS:   36928500 kB
VmallocTotal:     460800 kB
VmallocUsed:       16072 kB
VmallocChunk:     168988 kB
Time pass: 243 sec

---2015-12-09 10:54:01
MemTotal:        1421560 kB
MemFree:           31396 kB
Buffers:           10752 kB
Cached:           663144 kB
SwapCached:            0 kB
Active:           730276 kB
Inactive:         352580 kB
Active(anon):     411648 kB
Inactive(anon):     1120 kB
Active(file):     318628 kB
Inactive(file):   351460 kB
Unevictable:        2596 kB
Mlocked:               0 kB
HighTotal:        885760 kB
HighFree:           4356 kB
LowTotal:         535800 kB
LowFree:           27040 kB
SwapTotal:             0 kB
SwapFree:              0 kB
Dirty:                36 kB
Writeback:             0 kB
AnonPages:        411712 kB
Mapped:           383688 kB
Shmem:              1212 kB
Slab:              44528 kB
SReclaimable:      14080 kB
SUnreclaim:        30448 kB
KernelStack:       11192 kB
PageTables:        27608 kB
NFS_Unstable:          0 kB
Bounce:                0 kB
WritebackTmp:          0 kB
CommitLimit:      710780 kB
Committed_AS:   36928788 kB
VmallocTotal:     460800 kB
VmallocUsed:       16072 kB
VmallocChunk:     168988 kB
Time pass: 247 sec

---2015-12-09 10:54:01
MemTotal:        1421560 kB
MemFree:           30564 kB
Buffers:           10776 kB
Cached:           663128 kB
SwapCached:            0 kB
Active:           731336 kB
Inactive:         352588 kB
Active(anon):     412708 kB
Inactive(anon):     1120 kB
Active(file):     318628 kB
Inactive(file):   351468 kB
Unevictable:        2596 kB
Mlocked:               0 kB
HighTotal:        885760 kB
HighFree:           4356 kB
LowTotal:         535800 kB
LowFree:           26208 kB
SwapTotal:             0 kB
SwapFree:              0 kB
Dirty:                 0 kB
Writeback:             0 kB
AnonPages:        412600 kB
Mapped:           383840 kB
Shmem:              1212 kB
Slab:              44400 kB
SReclaimable:      14080 kB
SUnreclaim:        30320 kB
KernelStack:       11200 kB
PageTables:        27608 kB
NFS_Unstable:          0 kB
Bounce:                0 kB
WritebackTmp:          0 kB
CommitLimit:      710780 kB
Committed_AS:   36929152 kB
VmallocTotal:     460800 kB
VmallocUsed:       16072 kB
VmallocChunk:     168988 kB
Time pass: 251 sec

---2015-12-09 10:54:01
MemTotal:        1421560 kB
MemFree:           29800 kB
Buffers:           10776 kB
Cached:           663144 kB
SwapCached:            0 kB
Active:           730876 kB
Inactive:         352604 kB
Active(anon):     412248 kB
Inactive(anon):     1120 kB
Active(file):     318628 kB
Inactive(file):   351484 kB
Unevictable:        2596 kB
Mlocked:               0 kB
HighTotal:        885760 kB
HighFree:           4432 kB
LowTotal:         535800 kB
LowFree:           25368 kB
SwapTotal:             0 kB
SwapFree:              0 kB
Dirty:                56 kB
Writeback:             0 kB
AnonPages:        412444 kB
Mapped:           383844 kB
Shmem:              1212 kB
Slab:              44432 kB
SReclaimable:      14080 kB
SUnreclaim:        30352 kB
KernelStack:       11200 kB
PageTables:        27612 kB
NFS_Unstable:          0 kB
Bounce:                0 kB
WritebackTmp:          0 kB
CommitLimit:      710780 kB
Committed_AS:   36929364 kB
VmallocTotal:     460800 kB
VmallocUsed:       16072 kB
VmallocChunk:     168988 kB
Time pass: 255 sec

---2015-12-09 10:54:01
MemTotal:        1421560 kB
MemFree:           30604 kB
Buffers:           10800 kB
Cached:           663128 kB
SwapCached:            0 kB
Active:           730380 kB
Inactive:         352612 kB
Active(anon):     411752 kB
Inactive(anon):     1120 kB
Active(file):     318628 kB
Inactive(file):   351492 kB
Unevictable:        2596 kB
Mlocked:               0 kB
HighTotal:        885760 kB
HighFree:           4356 kB
LowTotal:         535800 kB
LowFree:           26248 kB
SwapTotal:             0 kB
SwapFree:              0 kB
Dirty:                28 kB
Writeback:             0 kB
AnonPages:        411704 kB
Mapped:           383856 kB
Shmem:              1212 kB
Slab:              44464 kB
SReclaimable:      14080 kB
SUnreclaim:        30384 kB
KernelStack:       11200 kB
PageTables:        27604 kB
NFS_Unstable:          0 kB
Bounce:                0 kB
WritebackTmp:          0 kB
CommitLimit:      710780 kB
Committed_AS:   36929400 kB
VmallocTotal:     460800 kB
VmallocUsed:       16072 kB
VmallocChunk:     168988 kB
Time pass: 259 sec

---2015-12-09 10:54:01
MemTotal:        1421560 kB
MemFree:           30268 kB
Buffers:           10800 kB
Cached:           663172 kB
SwapCached:            0 kB
Active:           731448 kB
Inactive:         352656 kB
Active(anon):     412820 kB
Inactive(anon):     1148 kB
Active(file):     318628 kB
Inactive(file):   351508 kB
Unevictable:        2596 kB
Mlocked:               0 kB
HighTotal:        885760 kB
HighFree:           4364 kB
LowTotal:         535800 kB
LowFree:           25904 kB
SwapTotal:             0 kB
SwapFree:              0 kB
Dirty:                 0 kB
Writeback:             0 kB
AnonPages:        412872 kB
Mapped:           383884 kB
Shmem:              1240 kB
Slab:              44544 kB
SReclaimable:      14080 kB
SUnreclaim:        30464 kB
KernelStack:       11200 kB
PageTables:        27612 kB
NFS_Unstable:          0 kB
Bounce:                0 kB
WritebackTmp:          0 kB
CommitLimit:      710780 kB
Committed_AS:   36930576 kB
VmallocTotal:     460800 kB
VmallocUsed:       16072 kB
VmallocChunk:     168988 kB
Time pass: 263 sec

---2015-12-09 10:54:01
MemTotal:        1421560 kB
MemFree:           29016 kB
Buffers:           10816 kB
Cached:           663288 kB
SwapCached:            0 kB
Active:           732020 kB
Inactive:         352788 kB
Active(anon):     413392 kB
Inactive(anon):     1264 kB
Active(file):     318628 kB
Inactive(file):   351524 kB
Unevictable:        2596 kB
Mlocked:               0 kB
HighTotal:        885760 kB
HighFree:           4384 kB
LowTotal:         535800 kB
LowFree:           24632 kB
SwapTotal:             0 kB
SwapFree:              0 kB
Dirty:                44 kB
Writeback:             0 kB
AnonPages:        413444 kB
Mapped:           383852 kB
Shmem:              1356 kB
Slab:              44564 kB
SReclaimable:      14080 kB
SUnreclaim:        30484 kB
KernelStack:       11192 kB
PageTables:        27600 kB
NFS_Unstable:          0 kB
Bounce:                0 kB
WritebackTmp:          0 kB
CommitLimit:      710780 kB
Committed_AS:   36930884 kB
VmallocTotal:     460800 kB
VmallocUsed:       16072 kB
VmallocChunk:     168988 kB
Time pass: 268 sec

---2015-12-09 10:54:01
MemTotal:        1421560 kB
MemFree:           28292 kB
Buffers:           10840 kB
Cached:           663268 kB
SwapCached:            0 kB
Active:           731800 kB
Inactive:         352792 kB
Active(anon):     413172 kB
Inactive(anon):     1264 kB
Active(file):     318628 kB
Inactive(file):   351528 kB
Unevictable:        2596 kB
Mlocked:               0 kB
HighTotal:        885760 kB
HighFree:           4384 kB
LowTotal:         535800 kB
LowFree:           23908 kB
SwapTotal:             0 kB
SwapFree:              0 kB
Dirty:                32 kB
Writeback:             0 kB
AnonPages:        412992 kB
Mapped:           384020 kB
Shmem:              1356 kB
Slab:              44432 kB
SReclaimable:      14080 kB
SUnreclaim:        30352 kB
KernelStack:       11208 kB
PageTables:        27612 kB
NFS_Unstable:          0 kB
Bounce:                0 kB
WritebackTmp:          0 kB
CommitLimit:      710780 kB
Committed_AS:   36929620 kB
VmallocTotal:     460800 kB
VmallocUsed:       16072 kB
VmallocChunk:     168988 kB
Time pass: 271 sec

---2015-12-09 10:54:01
MemTotal:        1421560 kB
MemFree:           27824 kB
Buffers:           10840 kB
Cached:           663284 kB
SwapCached:            0 kB
Active:           732552 kB
Inactive:         352808 kB
Active(anon):     413924 kB
Inactive(anon):     1264 kB
Active(file):     318628 kB
Inactive(file):   351544 kB
Unevictable:        2596 kB
Mlocked:               0 kB
HighTotal:        885760 kB
HighFree:           4384 kB
LowTotal:         535800 kB
LowFree:           23440 kB
SwapTotal:             0 kB
SwapFree:              0 kB
Dirty:                 0 kB
Writeback:             0 kB
AnonPages:        414108 kB
Mapped:           384040 kB
Shmem:              1356 kB
Slab:              44504 kB
SReclaimable:      14080 kB
SUnreclaim:        30424 kB
KernelStack:       11200 kB
PageTables:        27608 kB
NFS_Unstable:          0 kB
Bounce:                0 kB
WritebackTmp:          0 kB
CommitLimit:      710780 kB
Committed_AS:   36930936 kB
VmallocTotal:     460800 kB
VmallocUsed:       16072 kB
VmallocChunk:     168988 kB
Time pass: 275 sec

---2015-12-09 10:54:01
MemTotal:        1421560 kB
MemFree:           28024 kB
Buffers:           10864 kB
Cached:           663268 kB
SwapCached:            0 kB
Active:           732160 kB
Inactive:         352816 kB
Active(anon):     413532 kB
Inactive(anon):     1264 kB
Active(file):     318628 kB
Inactive(file):   351552 kB
Unevictable:        2596 kB
Mlocked:               0 kB
HighTotal:        885760 kB
HighFree:           4384 kB
LowTotal:         535800 kB
LowFree:           23640 kB
SwapTotal:             0 kB
SwapFree:              0 kB
Dirty:                28 kB
Writeback:             0 kB
AnonPages:        413600 kB
Mapped:           384036 kB
Shmem:              1356 kB
Slab:              44536 kB
SReclaimable:      14080 kB
SUnreclaim:        30456 kB
KernelStack:       11192 kB
PageTables:        27592 kB
NFS_Unstable:          0 kB
Bounce:                0 kB
WritebackTmp:          0 kB
CommitLimit:      710780 kB
Committed_AS:   36930724 kB
VmallocTotal:     460800 kB
VmallocUsed:       16072 kB
VmallocChunk:     168988 kB
Time pass: 279 sec

---2015-12-09 10:54:01
MemTotal:        1421560 kB
MemFree:           27568 kB
Buffers:           10864 kB
Cached:           663284 kB
SwapCached:            0 kB
Active:           732408 kB
Inactive:         352832 kB
Active(anon):     413780 kB
Inactive(anon):     1264 kB
Active(file):     318628 kB
Inactive(file):   351568 kB
Unevictable:        2596 kB
Mlocked:               0 kB
HighTotal:        885760 kB
HighFree:           4384 kB
LowTotal:         535800 kB
LowFree:           23184 kB
SwapTotal:             0 kB
SwapFree:              0 kB
Dirty:                 0 kB
Writeback:             0 kB
AnonPages:        413684 kB
Mapped:           384052 kB
Shmem:              1356 kB
Slab:              44536 kB
SReclaimable:      14080 kB
SUnreclaim:        30456 kB
KernelStack:       11192 kB
PageTables:        27600 kB
NFS_Unstable:          0 kB
Bounce:                0 kB
WritebackTmp:          0 kB
CommitLimit:      710780 kB
Committed_AS:   36930980 kB
VmallocTotal:     460800 kB
VmallocUsed:       16072 kB
VmallocChunk:     168988 kB
Time pass: 283 sec

---2015-12-09 10:54:01
MemTotal:        1421560 kB
MemFree:           27732 kB
Buffers:           10880 kB
Cached:           663284 kB
SwapCached:            0 kB
Active:           732508 kB
Inactive:         352848 kB
Active(anon):     413880 kB
Inactive(anon):     1264 kB
Active(file):     318628 kB
Inactive(file):   351584 kB
Unevictable:        2596 kB
Mlocked:               0 kB
HighTotal:        885760 kB
HighFree:           4384 kB
LowTotal:         535800 kB
LowFree:           23348 kB
SwapTotal:             0 kB
SwapFree:              0 kB
Dirty:                36 kB
Writeback:             0 kB
AnonPages:        413940 kB
Mapped:           384004 kB
Shmem:              1356 kB
Slab:              44504 kB
SReclaimable:      14080 kB
SUnreclaim:        30424 kB
KernelStack:       11192 kB
PageTables:        27580 kB
NFS_Unstable:          0 kB
Bounce:                0 kB
WritebackTmp:          0 kB
CommitLimit:      710780 kB
Committed_AS:   36931088 kB
VmallocTotal:     460800 kB
VmallocUsed:       16072 kB
VmallocChunk:     168988 kB
Time pass: 287 sec

---2015-12-09 10:54:01
MemTotal:        1421560 kB
MemFree:           27872 kB
Buffers:           10888 kB
Cached:           663284 kB
SwapCached:            0 kB
Active:           732720 kB
Inactive:         352856 kB
Active(anon):     414092 kB
Inactive(anon):     1264 kB
Active(file):     318628 kB
Inactive(file):   351592 kB
Unevictable:        2596 kB
Mlocked:               0 kB
HighTotal:        885760 kB
HighFree:           5252 kB
LowTotal:         535800 kB
LowFree:           22620 kB
SwapTotal:             0 kB
SwapFree:              0 kB
Dirty:                28 kB
Writeback:             0 kB
AnonPages:        414184 kB
Mapped:           383924 kB
Shmem:              1356 kB
Slab:              44600 kB
SReclaimable:      14080 kB
SUnreclaim:        30520 kB
KernelStack:       11192 kB
PageTables:        27600 kB
NFS_Unstable:          0 kB
Bounce:                0 kB
WritebackTmp:          0 kB
CommitLimit:      710780 kB
Committed_AS:   36930972 kB
VmallocTotal:     460800 kB
VmallocUsed:       16072 kB
VmallocChunk:     168988 kB
Time pass: 291 sec

---2015-12-09 10:54:01
MemTotal:        1421560 kB
MemFree:           29312 kB
Buffers:           10904 kB
Cached:           663284 kB
SwapCached:            0 kB
Active:           731400 kB
Inactive:         352872 kB
Active(anon):     412772 kB
Inactive(anon):     1264 kB
Active(file):     318628 kB
Inactive(file):   351608 kB
Unevictable:        2596 kB
Mlocked:               0 kB
HighTotal:        885760 kB
HighFree:           4384 kB
LowTotal:         535800 kB
LowFree:           24928 kB
SwapTotal:             0 kB
SwapFree:              0 kB
Dirty:                 0 kB
Writeback:             0 kB
AnonPages:        412924 kB
Mapped:           383936 kB
Shmem:              1356 kB
Slab:              44536 kB
SReclaimable:      14080 kB
SUnreclaim:        30456 kB
KernelStack:       11192 kB
PageTables:        27600 kB
NFS_Unstable:          0 kB
Bounce:                0 kB
WritebackTmp:          0 kB
CommitLimit:      710780 kB
Committed_AS:   36929324 kB
VmallocTotal:     460800 kB
VmallocUsed:       16072 kB
VmallocChunk:     168988 kB
Time pass: 295 sec

---2015-12-09 10:54:01
MemTotal:        1421560 kB
MemFree:           28988 kB
Buffers:           10912 kB
Cached:           663284 kB
SwapCached:            0 kB
Active:           731028 kB
Inactive:         352880 kB
Active(anon):     412400 kB
Inactive(anon):     1264 kB
Active(file):     318628 kB
Inactive(file):   351616 kB
Unevictable:        2596 kB
Mlocked:               0 kB
HighTotal:        885760 kB
HighFree:           4384 kB
LowTotal:         535800 kB
LowFree:           24604 kB
SwapTotal:             0 kB
SwapFree:              0 kB
Dirty:                28 kB
Writeback:             0 kB
AnonPages:        412432 kB
Mapped:           384100 kB
Shmem:              1356 kB
Slab:              44488 kB
SReclaimable:      14080 kB
SUnreclaim:        30408 kB
KernelStack:       11176 kB
PageTables:        27596 kB
NFS_Unstable:          0 kB
Bounce:                0 kB
WritebackTmp:          0 kB
CommitLimit:      710780 kB
Committed_AS:   36928148 kB
VmallocTotal:     460800 kB
VmallocUsed:       16072 kB
VmallocChunk:     168988 kB
Time pass: 298 sec

---2015-12-09 10:54:01
MemTotal:        1421560 kB
MemFree:           28504 kB
Buffers:           10928 kB
Cached:           663344 kB
SwapCached:            0 kB
Active:           731764 kB
Inactive:         352956 kB
Active(anon):     413136 kB
Inactive(anon):     1264 kB
Active(file):     318628 kB
Inactive(file):   351692 kB
Unevictable:        2596 kB
Mlocked:               0 kB
HighTotal:        885760 kB
HighFree:           4384 kB
LowTotal:         535800 kB
LowFree:           24120 kB
SwapTotal:             0 kB
SwapFree:              0 kB
Dirty:                 0 kB
Writeback:             0 kB
AnonPages:        413088 kB
Mapped:           384120 kB
Shmem:              1356 kB
Slab:              44496 kB
SReclaimable:      14080 kB
SUnreclaim:        30416 kB
KernelStack:       11192 kB
PageTables:        27592 kB
NFS_Unstable:          0 kB
Bounce:                0 kB
WritebackTmp:          0 kB
CommitLimit:      710780 kB
Committed_AS:   36929400 kB
VmallocTotal:     460800 kB
VmallocUsed:       16072 kB
VmallocChunk:     168988 kB
Time pass: 303 sec

---2015-12-09 10:54:01
MemTotal:        1421560 kB
MemFree:           28048 kB
Buffers:           10952 kB
Cached:           663344 kB
SwapCached:            0 kB
Active:           732688 kB
Inactive:         352980 kB
Active(anon):     414060 kB
Inactive(anon):     1264 kB
Active(file):     318628 kB
Inactive(file):   351716 kB
Unevictable:        2596 kB
Mlocked:               0 kB
HighTotal:        885760 kB
HighFree:           4384 kB
LowTotal:         535800 kB
LowFree:           23664 kB
SwapTotal:             0 kB
SwapFree:              0 kB
Dirty:                40 kB
Writeback:             0 kB
AnonPages:        414196 kB
Mapped:           384072 kB
Shmem:              1356 kB
Slab:              44544 kB
SReclaimable:      14080 kB
SUnreclaim:        30464 kB
KernelStack:       11168 kB
PageTables:        27584 kB
NFS_Unstable:          0 kB
Bounce:                0 kB
WritebackTmp:          0 kB
CommitLimit:      710780 kB
Committed_AS:   36929916 kB
VmallocTotal:     460800 kB
VmallocUsed:       16072 kB
VmallocChunk:     168988 kB
Time pass: 308 sec

---2015-12-09 10:54:01
MemTotal:        1421560 kB
MemFree:           28596 kB
Buffers:           10968 kB
Cached:           663392 kB
SwapCached:            0 kB
Active:           731748 kB
Inactive:         353036 kB
Active(anon):     413120 kB
Inactive(anon):     1312 kB
Active(file):     318628 kB
Inactive(file):   351724 kB
Unevictable:        2596 kB
Mlocked:               0 kB
HighTotal:        885760 kB
HighFree:           4384 kB
LowTotal:         535800 kB
LowFree:           24212 kB
SwapTotal:             0 kB
SwapFree:              0 kB
Dirty:                40 kB
Writeback:            12 kB
AnonPages:        413212 kB
Mapped:           384172 kB
Shmem:              1404 kB
Slab:              44516 kB
SReclaimable:      14080 kB
SUnreclaim:        30436 kB
KernelStack:       11168 kB
PageTables:        27608 kB
NFS_Unstable:          0 kB
Bounce:                0 kB
WritebackTmp:          0 kB
CommitLimit:      710780 kB
Committed_AS:   36928720 kB
VmallocTotal:     460800 kB
VmallocUsed:       16072 kB
VmallocChunk:     168988 kB
Time pass: 312 sec

---2015-12-09 10:54:01
MemTotal:        1421560 kB
MemFree:           28604 kB
Buffers:           10968 kB
Cached:           663392 kB
SwapCached:            0 kB
Active:           731816 kB
Inactive:         353044 kB
Active(anon):     413188 kB
Inactive(anon):     1312 kB
Active(file):     318628 kB
Inactive(file):   351732 kB
Unevictable:        2596 kB
Mlocked:               0 kB
HighTotal:        885760 kB
HighFree:           4384 kB
LowTotal:         535800 kB
LowFree:           24220 kB
SwapTotal:             0 kB
SwapFree:              0 kB
Dirty:                40 kB
Writeback:             0 kB
AnonPages:        413184 kB
Mapped:           384024 kB
Shmem:              1404 kB
Slab:              44576 kB
SReclaimable:      14080 kB
SUnreclaim:        30496 kB
KernelStack:       11184 kB
PageTables:        27600 kB
NFS_Unstable:          0 kB
Bounce:                0 kB
WritebackTmp:          0 kB
CommitLimit:      710780 kB
Committed_AS:   36928816 kB
VmallocTotal:     460800 kB
VmallocUsed:       16072 kB
VmallocChunk:     168988 kB
Time pass: 315 sec

---2015-12-09 10:54:01
MemTotal:        1421560 kB
MemFree:           27512 kB
Buffers:           10992 kB
Cached:           663376 kB
SwapCached:            0 kB
Active:           732548 kB
Inactive:         353052 kB
Active(anon):     413920 kB
Inactive(anon):     1312 kB
Active(file):     318628 kB
Inactive(file):   351740 kB
Unevictable:        2596 kB
Mlocked:               0 kB
HighTotal:        885760 kB
HighFree:           4384 kB
LowTotal:         535800 kB
LowFree:           23128 kB
SwapTotal:             0 kB
SwapFree:              0 kB
Dirty:                28 kB
Writeback:             0 kB
AnonPages:        414104 kB
Mapped:           384176 kB
Shmem:              1404 kB
Slab:              44576 kB
SReclaimable:      14080 kB
SUnreclaim:        30496 kB
KernelStack:       11184 kB
PageTables:        27600 kB
NFS_Unstable:          0 kB
Bounce:                0 kB
WritebackTmp:          0 kB
CommitLimit:      710780 kB
Committed_AS:   36930084 kB
VmallocTotal:     460800 kB
VmallocUsed:       16072 kB
VmallocChunk:     168988 kB
Time pass: 319 sec

---2015-12-09 10:54:01
MemTotal:        1421560 kB
MemFree:           27572 kB
Buffers:           10992 kB
Cached:           663392 kB
SwapCached:            0 kB
Active:           733376 kB
Inactive:         353068 kB
Active(anon):     414748 kB
Inactive(anon):     1312 kB
Active(file):     318628 kB
Inactive(file):   351756 kB
Unevictable:        2596 kB
Mlocked:               0 kB
HighTotal:        885760 kB
HighFree:           4384 kB
LowTotal:         535800 kB
LowFree:           23188 kB
SwapTotal:             0 kB
SwapFree:              0 kB
Dirty:                 0 kB
Writeback:             0 kB
AnonPages:        414736 kB
Mapped:           384176 kB
Shmem:              1404 kB
Slab:              44512 kB
SReclaimable:      14080 kB
SUnreclaim:        30432 kB
KernelStack:       11184 kB
PageTables:        27604 kB
NFS_Unstable:          0 kB
Bounce:                0 kB
WritebackTmp:          0 kB
CommitLimit:      710780 kB
Committed_AS:   36930320 kB
VmallocTotal:     460800 kB
VmallocUsed:       16072 kB
VmallocChunk:     168988 kB
Time pass: 323 sec

---2015-12-09 10:54:01
MemTotal:        1421560 kB
MemFree:           28468 kB
Buffers:           11016 kB
Cached:           663640 kB
SwapCached:            0 kB
Active:           732168 kB
Inactive:         353340 kB
Active(anon):     413540 kB
Inactive(anon):     1312 kB
Active(file):     318628 kB
Inactive(file):   352028 kB
Unevictable:        2596 kB
Mlocked:               0 kB
HighTotal:        885760 kB
HighFree:           4856 kB
LowTotal:         535800 kB
LowFree:           23612 kB
SwapTotal:             0 kB
SwapFree:              0 kB
Dirty:                28 kB
Writeback:             0 kB
AnonPages:        413672 kB
Mapped:           384196 kB
Shmem:              1404 kB
Slab:              44480 kB
SReclaimable:      14080 kB
SUnreclaim:        30400 kB
KernelStack:       11208 kB
PageTables:        27600 kB
NFS_Unstable:          0 kB
Bounce:                0 kB
WritebackTmp:          0 kB
CommitLimit:      710780 kB
Committed_AS:   36926508 kB
VmallocTotal:     460800 kB
VmallocUsed:       16072 kB
VmallocChunk:     168988 kB
Time pass: 327 sec

---2015-12-09 10:54:01
MemTotal:        1421560 kB
MemFree:           28536 kB
Buffers:           11016 kB
Cached:           663656 kB
SwapCached:            0 kB
Active:           732168 kB
Inactive:         353356 kB
Active(anon):     413540 kB
Inactive(anon):     1312 kB
Active(file):     318628 kB
Inactive(file):   352044 kB
Unevictable:        2596 kB
Mlocked:               0 kB
HighTotal:        885760 kB
HighFree:           4424 kB
LowTotal:         535800 kB
LowFree:           24112 kB
SwapTotal:             0 kB
SwapFree:              0 kB
Dirty:                 0 kB
Writeback:             0 kB
AnonPages:        413476 kB
Mapped:           384048 kB
Shmem:              1404 kB
Slab:              44572 kB
SReclaimable:      14080 kB
SUnreclaim:        30492 kB
KernelStack:       11200 kB
PageTables:        27600 kB
NFS_Unstable:          0 kB
Bounce:                0 kB
WritebackTmp:          0 kB
CommitLimit:      710780 kB
Committed_AS:   36926416 kB
VmallocTotal:     460800 kB
VmallocUsed:       16072 kB
VmallocChunk:     168988 kB
Time pass: 332 sec

---2015-12-09 10:54:01
MemTotal:        1421560 kB
MemFree:           27692 kB
Buffers:           11040 kB
Cached:           663672 kB
SwapCached:            0 kB
Active:           732064 kB
Inactive:         353396 kB
Active(anon):     413436 kB
Inactive(anon):     1328 kB
Active(file):     318628 kB
Inactive(file):   352068 kB
Unevictable:        2596 kB
Mlocked:               0 kB
HighTotal:        885760 kB
HighFree:           4424 kB
LowTotal:         535800 kB
LowFree:           23268 kB
SwapTotal:             0 kB
SwapFree:              0 kB
Dirty:                44 kB
Writeback:             0 kB
AnonPages:        413348 kB
Mapped:           384212 kB
