---2015-12-04 16:31:57
MemTotal:        2905316 kB
MemFree:           71804 kB
Buffers:           26276 kB
Cached:          1383352 kB
SwapCached:            0 kB
Active:          1327648 kB
Inactive:        1010008 kB
Active(anon):     826868 kB
Inactive(anon):   141984 kB
Active(file):     500780 kB
Inactive(file):   868024 kB
Unevictable:        7800 kB
Mlocked:               0 kB
SwapTotal:        720184 kB
SwapFree:         720184 kB
Dirty:               488 kB
Writeback:             8 kB
AnonPages:        936468 kB
Mapped:           523560 kB
Shmem:             32972 kB
Slab:             118384 kB
SReclaimable:      34900 kB
SUnreclaim:        83484 kB
KernelStack:       32736 kB
PageTables:        58492 kB
NFS_Unstable:          0 kB
Bounce:                0 kB
WritebackTmp:          0 kB
CommitLimit:     2172840 kB
Committed_AS:   98806912 kB
VmallocTotal:   251658176 kB
VmallocUsed:      140752 kB
VmallocChunk:   251427512 kB
Time pass: 3 sec

---2015-12-04 16:31:57
MemTotal:        2905316 kB
MemFree:          109324 kB
Buffers:           26312 kB
Cached:          1366924 kB
SwapCached:            0 kB
Active:          1316352 kB
Inactive:         988572 kB
Active(anon):     805160 kB
Inactive(anon):   147512 kB
Active(file):     511192 kB
Inactive(file):   841060 kB
Unevictable:        7800 kB
Mlocked:               0 kB
SwapTotal:        720184 kB
SwapFree:         720184 kB
Dirty:                 0 kB
Writeback:             0 kB
AnonPages:        919716 kB
Mapped:           497264 kB
Shmem:             33124 kB
Slab:             119424 kB
SReclaimable:      35752 kB
SUnreclaim:        83672 kB
KernelStack:       33312 kB
PageTables:        54996 kB
NFS_Unstable:          0 kB
Bounce:                0 kB
WritebackTmp:          0 kB
CommitLimit:     2172840 kB
Committed_AS:   92044624 kB
VmallocTotal:   251658176 kB
VmallocUsed:      135516 kB
VmallocChunk:   251427512 kB
Time pass: 7 sec

---2015-12-04 16:31:57
MemTotal:        2905316 kB
MemFree:          135600 kB
Buffers:           26312 kB
Cached:          1366776 kB
SwapCached:            0 kB
Active:          1290492 kB
Inactive:         988412 kB
Active(anon):     779228 kB
Inactive(anon):   147376 kB
Active(file):     511264 kB
Inactive(file):   841036 kB
Unevictable:        7800 kB
Mlocked:               0 kB
SwapTotal:        720184 kB
SwapFree:         720184 kB
Dirty:                64 kB
Writeback:             0 kB
AnonPages:        893644 kB
Mapped:           497340 kB
Shmem:             32988 kB
Slab:             119208 kB
SReclaimable:      35624 kB
SUnreclaim:        83584 kB
KernelStack:       31552 kB
PageTables:        55124 kB
NFS_Unstable:          0 kB
Bounce:                0 kB
WritebackTmp:          0 kB
CommitLimit:     2172840 kB
Committed_AS:   92040096 kB
VmallocTotal:   251658176 kB
VmallocUsed:      135516 kB
VmallocChunk:   251427512 kB
Time pass: 11 sec

---2015-12-04 16:31:57
MemTotal:        2905316 kB
MemFree:           70576 kB
Buffers:           26508 kB
Cached:          1389540 kB
SwapCached:            0 kB
Active:          1293616 kB
Inactive:        1010012 kB
Active(anon):     776736 kB
Inactive(anon):   151732 kB
Active(file):     516880 kB
Inactive(file):   858280 kB
Unevictable:        7800 kB
Mlocked:               0 kB
SwapTotal:        720184 kB
SwapFree:         720184 kB
Dirty:              1056 kB
Writeback:             0 kB
AnonPages:        895624 kB
Mapped:           511312 kB
Shmem:             32988 kB
Slab:             119444 kB
SReclaimable:      35620 kB
SUnreclaim:        83824 kB
KernelStack:       31616 kB
PageTables:        55364 kB
NFS_Unstable:          0 kB
Bounce:                0 kB
WritebackTmp:          0 kB
CommitLimit:     2172840 kB
Committed_AS:   91569328 kB
VmallocTotal:   251658176 kB
VmallocUsed:      135540 kB
VmallocChunk:   251426348 kB
Time pass: 14 sec

---2015-12-04 16:31:57
MemTotal:        2905316 kB
MemFree:           56312 kB
Buffers:           26576 kB
Cached:          1247176 kB
SwapCached:            0 kB
Active:          1307480 kB
Inactive:         875816 kB
Active(anon):     779552 kB
Inactive(anon):   170936 kB
Active(file):     527928 kB
Inactive(file):   704880 kB
Unevictable:        7800 kB
Mlocked:               0 kB
SwapTotal:        720184 kB
SwapFree:         720184 kB
Dirty:               292 kB
Writeback:             0 kB
AnonPages:        917368 kB
Mapped:           592808 kB
Shmem:             33124 kB
Slab:             119484 kB
SReclaimable:      35700 kB
SUnreclaim:        83784 kB
KernelStack:       32560 kB
PageTables:        55872 kB
NFS_Unstable:          0 kB
Bounce:                0 kB
WritebackTmp:          0 kB
CommitLimit:     2172840 kB
Committed_AS:   91618816 kB
VmallocTotal:   251658176 kB
VmallocUsed:      136308 kB
VmallocChunk:   251426348 kB
Time pass: 18 sec

---2015-12-04 16:31:57
MemTotal:        2905316 kB
MemFree:           74152 kB
Buffers:           26992 kB
Cached:          1210700 kB
SwapCached:            0 kB
Active:          1321216 kB
Inactive:         846028 kB
Active(anon):     792124 kB
Inactive(anon):   178488 kB
Active(file):     529092 kB
Inactive(file):   667540 kB
Unevictable:        7800 kB
Mlocked:               0 kB
SwapTotal:        720184 kB
SwapFree:         720184 kB
Dirty:                20 kB
Writeback:           220 kB
AnonPages:        937500 kB
Mapped:           620568 kB
Shmem:             33252 kB
Slab:             119272 kB
SReclaimable:      35540 kB
SUnreclaim:        83732 kB
KernelStack:       33968 kB
PageTables:        56216 kB
NFS_Unstable:          0 kB
Bounce:                0 kB
WritebackTmp:          0 kB
CommitLimit:     2172840 kB
Committed_AS:   91635776 kB
VmallocTotal:   251658176 kB
VmallocUsed:      136468 kB
VmallocChunk:   251426348 kB
Time pass: 22 sec

---2015-12-04 16:31:57
MemTotal:        2905316 kB
MemFree:           84528 kB
Buffers:           27008 kB
Cached:          1210828 kB
SwapCached:            0 kB
Active:          1311176 kB
Inactive:         846168 kB
Active(anon):     782076 kB
Inactive(anon):   178488 kB
Active(file):     529100 kB
Inactive(file):   667680 kB
Unevictable:        7800 kB
Mlocked:               0 kB
SwapTotal:        720184 kB
SwapFree:         720184 kB
Dirty:               136 kB
Writeback:             0 kB
AnonPages:        927616 kB
Mapped:           620656 kB
Shmem:             33252 kB
Slab:             119444 kB
SReclaimable:      35668 kB
SUnreclaim:        83776 kB
KernelStack:       33952 kB
PageTables:        56272 kB
NFS_Unstable:          0 kB
Bounce:                0 kB
WritebackTmp:          0 kB
CommitLimit:     2172840 kB
Committed_AS:   91632204 kB
VmallocTotal:   251658176 kB
VmallocUsed:      136468 kB
VmallocChunk:   251426348 kB
Time pass: 26 sec

---2015-12-04 16:31:57
MemTotal:        2905316 kB
MemFree:           79532 kB
Buffers:           27008 kB
Cached:          1212552 kB
SwapCached:            0 kB
Active:          1314464 kB
Inactive:         847884 kB
Active(anon):     785356 kB
Inactive(anon):   178524 kB
Active(file):     529108 kB
Inactive(file):   669360 kB
Unevictable:        7800 kB
Mlocked:               0 kB
SwapTotal:        720184 kB
SwapFree:         720184 kB
Dirty:                48 kB
Writeback:             0 kB
AnonPages:        930612 kB
Mapped:           621004 kB
Shmem:             33288 kB
Slab:             119484 kB
SReclaimable:      35700 kB
SUnreclaim:        83784 kB
KernelStack:       34000 kB
PageTables:        56312 kB
NFS_Unstable:          0 kB
Bounce:                0 kB
WritebackTmp:          0 kB
CommitLimit:     2172840 kB
Committed_AS:   91659804 kB
VmallocTotal:   251658176 kB
VmallocUsed:      136468 kB
VmallocChunk:   251426348 kB
Time pass: 29 sec

---2015-12-04 16:31:57
MemTotal:        2905316 kB
MemFree:           78016 kB
Buffers:           27024 kB
Cached:          1213064 kB
SwapCached:            0 kB
Active:          1315028 kB
Inactive:         848352 kB
Active(anon):     785904 kB
Inactive(anon):   178548 kB
Active(file):     529124 kB
Inactive(file):   669804 kB
Unevictable:        7800 kB
Mlocked:               0 kB
SwapTotal:        720184 kB
SwapFree:         720184 kB
Dirty:                80 kB
Writeback:             0 kB
AnonPages:        931136 kB
Mapped:           621396 kB
Shmem:             33312 kB
Slab:             119460 kB
SReclaimable:      35700 kB
SUnreclaim:        83760 kB
KernelStack:       34128 kB
PageTables:        56340 kB
NFS_Unstable:          0 kB
Bounce:                0 kB
WritebackTmp:          0 kB
CommitLimit:     2172840 kB
Committed_AS:   91659864 kB
VmallocTotal:   251658176 kB
VmallocUsed:      136468 kB
VmallocChunk:   251426348 kB
Time pass: 33 sec

---2015-12-04 16:31:57
MemTotal:        2905316 kB
MemFree:           67968 kB
Buffers:           24048 kB
Cached:          1178280 kB
SwapCached:            0 kB
Active:          1319640 kB
Inactive:         819788 kB
Active(anon):     788176 kB
Inactive(anon):   190072 kB
Active(file):     531464 kB
Inactive(file):   629716 kB
Unevictable:        7800 kB
Mlocked:               0 kB
SwapTotal:        720184 kB
SwapFree:         720184 kB
Dirty:               300 kB
Writeback:             0 kB
AnonPages:        944652 kB
Mapped:           633572 kB
Shmem:             33316 kB
Slab:             117284 kB
SReclaimable:      33476 kB
SUnreclaim:        83808 kB
KernelStack:       34320 kB
PageTables:        56568 kB
NFS_Unstable:          0 kB
Bounce:                0 kB
WritebackTmp:          0 kB
CommitLimit:     2172840 kB
Committed_AS:   91680184 kB
VmallocTotal:   251658176 kB
VmallocUsed:      136724 kB
VmallocChunk:   251426348 kB
Time pass: 37 sec

---2015-12-04 16:31:57
MemTotal:        2905316 kB
MemFree:           65984 kB
Buffers:           25584 kB
Cached:          1166204 kB
SwapCached:            0 kB
Active:          1325508 kB
Inactive:         809888 kB
Active(anon):     791900 kB
Inactive(anon):   192888 kB
Active(file):     533608 kB
Inactive(file):   617000 kB
Unevictable:        7800 kB
Mlocked:               0 kB
SwapTotal:        720184 kB
SwapFree:         720184 kB
Dirty:               308 kB
Writeback:             0 kB
AnonPages:        951552 kB
Mapped:           633952 kB
Shmem:             33316 kB
Slab:             119540 kB
SReclaimable:      35768 kB
SUnreclaim:        83772 kB
KernelStack:       34352 kB
PageTables:        56764 kB
NFS_Unstable:          0 kB
Bounce:                0 kB
WritebackTmp:          0 kB
CommitLimit:     2172840 kB
Committed_AS:   91690872 kB
VmallocTotal:   251658176 kB
VmallocUsed:      136724 kB
VmallocChunk:   251426348 kB
Time pass: 41 sec

---2015-12-04 16:31:57
MemTotal:        2905316 kB
MemFree:           81152 kB
Buffers:           25520 kB
Cached:          1153732 kB
SwapCached:            0 kB
Active:          1327264 kB
Inactive:         799512 kB
Active(anon):     793020 kB
Inactive(anon):   195700 kB
Active(file):     534244 kB
Inactive(file):   603812 kB
Unevictable:        7800 kB
Mlocked:               0 kB
SwapTotal:        720184 kB
SwapFree:         720184 kB
Dirty:               336 kB
Writeback:             0 kB
AnonPages:        955648 kB
Mapped:           628904 kB
Shmem:             33316 kB
Slab:             119964 kB
SReclaimable:      35864 kB
SUnreclaim:        84100 kB
KernelStack:       34352 kB
PageTables:        56820 kB
NFS_Unstable:          0 kB
Bounce:                0 kB
WritebackTmp:          0 kB
CommitLimit:     2172840 kB
Committed_AS:   91705448 kB
VmallocTotal:   251658176 kB
VmallocUsed:      136676 kB
VmallocChunk:   251426348 kB
Time pass: 44 sec

---2015-12-04 16:31:57
MemTotal:        2905316 kB
MemFree:           72732 kB
Buffers:           23548 kB
Cached:          1100436 kB
SwapCached:            0 kB
Active:          1344320 kB
Inactive:         742256 kB
Active(anon):     804716 kB
Inactive(anon):   203116 kB
Active(file):     539604 kB
Inactive(file):   539140 kB
Unevictable:       12536 kB
Mlocked:               0 kB
SwapTotal:        720184 kB
SwapFree:         720156 kB
Dirty:              1088 kB
Writeback:             0 kB
AnonPages:        975172 kB
Mapped:           684548 kB
Shmem:             32868 kB
Slab:             120144 kB
SReclaimable:      36040 kB
SUnreclaim:        84104 kB
KernelStack:       34528 kB
PageTables:        56800 kB
NFS_Unstable:          0 kB
Bounce:                0 kB
WritebackTmp:          0 kB
CommitLimit:     2172840 kB
Committed_AS:   91715228 kB
VmallocTotal:   251658176 kB
VmallocUsed:      138116 kB
VmallocChunk:   251426348 kB
Time pass: 48 sec

---2015-12-04 16:31:57
MemTotal:        2905316 kB
MemFree:           76208 kB
Buffers:           23556 kB
Cached:          1101636 kB
SwapCached:            0 kB
Active:          1337756 kB
Inactive:         743292 kB
Active(anon):     798236 kB
Inactive(anon):   203104 kB
Active(file):     539520 kB
Inactive(file):   540188 kB
Unevictable:       12644 kB
Mlocked:               0 kB
SwapTotal:        720184 kB
SwapFree:         720156 kB
Dirty:               100 kB
Writeback:             0 kB
AnonPages:        968620 kB
Mapped:           686300 kB
Shmem:             32840 kB
Slab:             120260 kB
SReclaimable:      36148 kB
SUnreclaim:        84112 kB
KernelStack:       34528 kB
PageTables:        56808 kB
NFS_Unstable:          0 kB
Bounce:                0 kB
WritebackTmp:          0 kB
CommitLimit:     2172840 kB
Committed_AS:   91704024 kB
VmallocTotal:   251658176 kB
VmallocUsed:      138128 kB
VmallocChunk:   251426348 kB
Time pass: 52 sec

---2015-12-04 16:31:57
MemTotal:        2905316 kB
MemFree:           89916 kB
Buffers:           23572 kB
Cached:          1103848 kB
SwapCached:            0 kB
Active:          1322864 kB
Inactive:         745520 kB
Active(anon):     783344 kB
Inactive(anon):   203104 kB
Active(file):     539520 kB
Inactive(file):   542416 kB
Unevictable:       12644 kB
Mlocked:               0 kB
SwapTotal:        720184 kB
SwapFree:         720156 kB
Dirty:               148 kB
Writeback:             0 kB
AnonPages:        953596 kB
Mapped:           686552 kB
Shmem:             32840 kB
Slab:             120212 kB
SReclaimable:      36148 kB
SUnreclaim:        84064 kB
KernelStack:       34592 kB
PageTables:        56812 kB
NFS_Unstable:          0 kB
Bounce:                0 kB
WritebackTmp:          0 kB
CommitLimit:     2172840 kB
Committed_AS:   91704084 kB
VmallocTotal:   251658176 kB
VmallocUsed:      138128 kB
VmallocChunk:   251426348 kB
Time pass: 56 sec

---2015-12-04 16:31:57
MemTotal:        2905316 kB
MemFree:           73412 kB
Buffers:           23520 kB
Cached:          1097776 kB
SwapCached:            0 kB
Active:          1326152 kB
Inactive:         740368 kB
Active(anon):     787852 kB
Inactive(anon):   203004 kB
Active(file):     538300 kB
Inactive(file):   537364 kB
Unevictable:       12752 kB
Mlocked:               0 kB
SwapTotal:        720184 kB
SwapFree:         720156 kB
Dirty:               172 kB
Writeback:             0 kB
AnonPages:        958240 kB
Mapped:           696592 kB
Shmem:             32880 kB
Slab:             120236 kB
SReclaimable:      36148 kB
SUnreclaim:        84088 kB
KernelStack:       34608 kB
PageTables:        56900 kB
NFS_Unstable:          0 kB
Bounce:                0 kB
WritebackTmp:          0 kB
CommitLimit:     2172840 kB
Committed_AS:   91731176 kB
VmallocTotal:   251658176 kB
VmallocUsed:      138264 kB
VmallocChunk:   251426348 kB
Time pass: 60 sec

---2015-12-04 16:31:57
MemTotal:        2905316 kB
MemFree:           72760 kB
Buffers:           23528 kB
Cached:          1097796 kB
SwapCached:            0 kB
Active:          1326332 kB
Inactive:         740320 kB
Active(anon):     787952 kB
Inactive(anon):   203028 kB
Active(file):     538380 kB
Inactive(file):   537292 kB
Unevictable:       12752 kB
Mlocked:               0 kB
SwapTotal:        720184 kB
SwapFree:         720156 kB
Dirty:                 0 kB
Writeback:             0 kB
AnonPages:        958064 kB
Mapped:           696616 kB
Shmem:             32900 kB
Slab:             120452 kB
SReclaimable:      36180 kB
SUnreclaim:        84272 kB
KernelStack:       34528 kB
PageTables:        56916 kB
NFS_Unstable:          0 kB
Bounce:                0 kB
WritebackTmp:          0 kB
CommitLimit:     2172840 kB
Committed_AS:   91731052 kB
VmallocTotal:   251658176 kB
VmallocUsed:      138264 kB
VmallocChunk:   251426348 kB
Time pass: 64 sec

---2015-12-04 16:31:57
MemTotal:        2905316 kB
MemFree:           74024 kB
Buffers:           23436 kB
Cached:          1074356 kB
SwapCached:            0 kB
Active:          1318736 kB
Inactive:         728664 kB
Active(anon):     792692 kB
Inactive(anon):   202596 kB
Active(file):     526044 kB
Inactive(file):   526068 kB
Unevictable:       12768 kB
Mlocked:               0 kB
SwapTotal:        720184 kB
SwapFree:         720156 kB
Dirty:               656 kB
Writeback:             0 kB
AnonPages:        962648 kB
Mapped:           709164 kB
Shmem:             32900 kB
Slab:             120216 kB
SReclaimable:      36004 kB
SUnreclaim:        84212 kB
KernelStack:       34288 kB
PageTables:        56280 kB
NFS_Unstable:          0 kB
Bounce:                0 kB
WritebackTmp:          0 kB
CommitLimit:     2172840 kB
Committed_AS:   91014220 kB
VmallocTotal:   251658176 kB
VmallocUsed:      137428 kB
VmallocChunk:   251426348 kB
Time pass: 68 sec

---2015-12-04 16:31:57
MemTotal:        2905316 kB
MemFree:           63468 kB
Buffers:           24184 kB
Cached:          1073520 kB
SwapCached:            0 kB
Active:          1329688 kB
Inactive:         728876 kB
Active(anon):     803880 kB
Inactive(anon):   202584 kB
Active(file):     525808 kB
Inactive(file):   526292 kB
Unevictable:       12768 kB
Mlocked:               0 kB
SwapTotal:        720184 kB
SwapFree:         720156 kB
Dirty:               860 kB
Writeback:             0 kB
AnonPages:        973716 kB
Mapped:           713152 kB
Shmem:             32900 kB
Slab:             120008 kB
SReclaimable:      35732 kB
SUnreclaim:        84276 kB
KernelStack:       34448 kB
PageTables:        56328 kB
NFS_Unstable:          0 kB
Bounce:                0 kB
WritebackTmp:          0 kB
CommitLimit:     2172840 kB
Committed_AS:   91025688 kB
VmallocTotal:   251658176 kB
VmallocUsed:      137428 kB
VmallocChunk:   251426348 kB
Time pass: 72 sec

---2015-12-04 16:31:57
MemTotal:        2905316 kB
MemFree:           70320 kB
Buffers:           24076 kB
Cached:          1060912 kB
SwapCached:            0 kB
Active:          1332560 kB
Inactive:         723084 kB
Active(anon):     812960 kB
Inactive(anon):   203536 kB
Active(file):     519600 kB
Inactive(file):   519548 kB
Unevictable:       12768 kB
Mlocked:               0 kB
SwapTotal:        720184 kB
SwapFree:         720156 kB
Dirty:               164 kB
Writeback:             0 kB
AnonPages:        983680 kB
Mapped:           708176 kB
Shmem:             32900 kB
Slab:             119908 kB
SReclaimable:      35508 kB
SUnreclaim:        84400 kB
KernelStack:       34464 kB
PageTables:        56340 kB
NFS_Unstable:          0 kB
Bounce:                0 kB
WritebackTmp:          0 kB
CommitLimit:     2172840 kB
Committed_AS:   91032100 kB
VmallocTotal:   251658176 kB
VmallocUsed:      137428 kB
VmallocChunk:   251426348 kB
Time pass: 76 sec

---2015-12-04 16:31:57
MemTotal:        2905316 kB
MemFree:           70344 kB
Buffers:           24076 kB
Cached:          1060852 kB
SwapCached:            0 kB
Active:          1332992 kB
Inactive:         723184 kB
Active(anon):     813380 kB
Inactive(anon):   203536 kB
Active(file):     519612 kB
Inactive(file):   519648 kB
Unevictable:       12768 kB
Mlocked:               0 kB
SwapTotal:        720184 kB
SwapFree:         720156 kB
Dirty:                12 kB
Writeback:             0 kB
AnonPages:        983852 kB
Mapped:           708284 kB
Shmem:             32900 kB
Slab:             119916 kB
SReclaimable:      35684 kB
SUnreclaim:        84232 kB
KernelStack:       34464 kB
PageTables:        56340 kB
NFS_Unstable:          0 kB
Bounce:                0 kB
WritebackTmp:          0 kB
CommitLimit:     2172840 kB
Committed_AS:   91032100 kB
VmallocTotal:   251658176 kB
VmallocUsed:      137428 kB
VmallocChunk:   251426348 kB
Time pass: 79 sec

---2015-12-04 16:31:57
MemTotal:        2905316 kB
MemFree:           72156 kB
Buffers:           24084 kB
Cached:          1060892 kB
SwapCached:            0 kB
Active:          1327172 kB
Inactive:         723216 kB
Active(anon):     807548 kB
Inactive(anon):   203536 kB
Active(file):     519624 kB
Inactive(file):   519680 kB
Unevictable:       12768 kB
Mlocked:               0 kB
SwapTotal:        720184 kB
SwapFree:         720156 kB
Dirty:                48 kB
Writeback:             0 kB
AnonPages:        978348 kB
Mapped:           708624 kB
Shmem:             32900 kB
Slab:             119940 kB
SReclaimable:      35684 kB
SUnreclaim:        84256 kB
KernelStack:       34224 kB
PageTables:        56404 kB
NFS_Unstable:          0 kB
Bounce:                0 kB
WritebackTmp:          0 kB
CommitLimit:     2172840 kB
Committed_AS:   91032136 kB
VmallocTotal:   251658176 kB
VmallocUsed:      137456 kB
VmallocChunk:   251426348 kB
Time pass: 83 sec

---2015-12-04 16:31:57
MemTotal:        2905316 kB
MemFree:           72784 kB
Buffers:           24092 kB
Cached:          1060896 kB
SwapCached:            0 kB
Active:          1327508 kB
Inactive:         723228 kB
Active(anon):     807884 kB
Inactive(anon):   203536 kB
Active(file):     519624 kB
Inactive(file):   519692 kB
Unevictable:       12768 kB
Mlocked:               0 kB
SwapTotal:        720184 kB
SwapFree:         720156 kB
Dirty:                28 kB
Writeback:             0 kB
AnonPages:        978456 kB
Mapped:           708592 kB
Shmem:             32900 kB
Slab:             119920 kB
SReclaimable:      35684 kB
SUnreclaim:        84236 kB
KernelStack:       34208 kB
PageTables:        56400 kB
NFS_Unstable:          0 kB
Bounce:                0 kB
WritebackTmp:          0 kB
CommitLimit:     2172840 kB
Committed_AS:   91032068 kB
VmallocTotal:   251658176 kB
VmallocUsed:      137456 kB
VmallocChunk:   251426348 kB
Time pass: 87 sec

---2015-12-04 16:31:57
MemTotal:        2905316 kB
MemFree:           71560 kB
Buffers:           24104 kB
Cached:          1060960 kB
SwapCached:            0 kB
Active:          1328432 kB
Inactive:         723272 kB
Active(anon):     808772 kB
Inactive(anon):   203596 kB
Active(file):     519660 kB
Inactive(file):   519676 kB
Unevictable:       12768 kB
Mlocked:               0 kB
SwapTotal:        720184 kB
SwapFree:         720156 kB
Dirty:                12 kB
Writeback:             0 kB
AnonPages:        979456 kB
Mapped:           708660 kB
Shmem:             32960 kB
Slab:             120060 kB
SReclaimable:      35716 kB
SUnreclaim:        84344 kB
KernelStack:       34208 kB
PageTables:        56452 kB
NFS_Unstable:          0 kB
Bounce:                0 kB
WritebackTmp:          0 kB
CommitLimit:     2172840 kB
Committed_AS:   91058692 kB
VmallocTotal:   251658176 kB
VmallocUsed:      137456 kB
VmallocChunk:   251426348 kB
Time pass: 91 sec

---2015-12-04 16:31:57
MemTotal:        2905316 kB
MemFree:           70024 kB
Buffers:           24112 kB
Cached:          1061012 kB
SwapCached:            0 kB
Active:          1329640 kB
Inactive:         723316 kB
Active(anon):     809968 kB
Inactive(anon):   203596 kB
Active(file):     519672 kB
Inactive(file):   519720 kB
Unevictable:       12768 kB
Mlocked:               0 kB
SwapTotal:        720184 kB
SwapFree:         720156 kB
Dirty:                68 kB
Writeback:             0 kB
AnonPages:        980796 kB
Mapped:           708676 kB
Shmem:             32960 kB
Slab:             120016 kB
SReclaimable:      35716 kB
SUnreclaim:        84300 kB
KernelStack:       34224 kB
PageTables:        56456 kB
NFS_Unstable:          0 kB
Bounce:                0 kB
WritebackTmp:          0 kB
CommitLimit:     2172840 kB
Committed_AS:   91058656 kB
VmallocTotal:   251658176 kB
VmallocUsed:      137456 kB
VmallocChunk:   251426348 kB
Time pass: 94 sec

---2015-12-04 16:31:57
MemTotal:        2905316 kB
MemFree:          397564 kB
Buffers:           24116 kB
Cached:          1037832 kB
SwapCached:            0 kB
Active:          1239220 kB
Inactive:         712160 kB
Active(anon):     732192 kB
Inactive(anon):   205248 kB
Active(file):     507028 kB
Inactive(file):   506912 kB
Unevictable:       12768 kB
Mlocked:               0 kB
SwapTotal:        720184 kB
SwapFree:         720156 kB
Dirty:               280 kB
Writeback:             0 kB
AnonPages:        902612 kB
Mapped:           507792 kB
Shmem:             35160 kB
Slab:             120040 kB
SReclaimable:      35748 kB
SUnreclaim:        84292 kB
KernelStack:       34240 kB
PageTables:        54132 kB
NFS_Unstable:          0 kB
Bounce:                0 kB
WritebackTmp:          0 kB
CommitLimit:     2172840 kB
Committed_AS:   89468372 kB
VmallocTotal:   251658176 kB
VmallocUsed:      133508 kB
VmallocChunk:   251427512 kB
Time pass: 98 sec

---2015-12-04 16:31:57
MemTotal:        2905316 kB
MemFree:          284300 kB
Buffers:           24156 kB
Cached:          1039272 kB
SwapCached:            0 kB
Active:          1275200 kB
Inactive:         711728 kB
Active(anon):     766204 kB
Inactive(anon):   205380 kB
Active(file):     508996 kB
Inactive(file):   506348 kB
Unevictable:       12768 kB
Mlocked:               0 kB
SwapTotal:        720184 kB
SwapFree:         720156 kB
Dirty:              1736 kB
Writeback:             0 kB
AnonPages:        936644 kB
Mapped:           549028 kB
Shmem:             35260 kB
Slab:             119852 kB
SReclaimable:      35700 kB
SUnreclaim:        84152 kB
KernelStack:       33888 kB
PageTables:        55152 kB
NFS_Unstable:          0 kB
Bounce:                0 kB
WritebackTmp:          0 kB
CommitLimit:     2172840 kB
Committed_AS:   90280912 kB
VmallocTotal:   251658176 kB
VmallocUsed:      135012 kB
VmallocChunk:   251427512 kB
Time pass: 102 sec

---2015-12-04 16:31:57
MemTotal:        2905316 kB
MemFree:          197968 kB
Buffers:           25140 kB
Cached:          1040772 kB
SwapCached:            0 kB
Active:          1290336 kB
Inactive:         713760 kB
Active(anon):     780832 kB
Inactive(anon):   205384 kB
Active(file):     509504 kB
Inactive(file):   508376 kB
Unevictable:       12768 kB
Mlocked:               0 kB
SwapTotal:        720184 kB
SwapFree:         720156 kB
Dirty:              1628 kB
Writeback:             0 kB
AnonPages:        951204 kB
Mapped:           610460 kB
Shmem:             35264 kB
Slab:             119936 kB
SReclaimable:      35700 kB
SUnreclaim:        84236 kB
KernelStack:       33952 kB
PageTables:        55444 kB
NFS_Unstable:          0 kB
Bounce:                0 kB
WritebackTmp:          0 kB
CommitLimit:     2172840 kB
Committed_AS:   90308096 kB
VmallocTotal:   251658176 kB
VmallocUsed:      135592 kB
VmallocChunk:   251427512 kB
Time pass: 106 sec

---2015-12-04 16:31:57
MemTotal:        2905316 kB
MemFree:          140508 kB
Buffers:           25140 kB
Cached:          1041828 kB
SwapCached:            0 kB
Active:          1289724 kB
Inactive:         713364 kB
Active(anon):     778768 kB
Inactive(anon):   205384 kB
Active(file):     510956 kB
Inactive(file):   507980 kB
Unevictable:       12768 kB
Mlocked:               0 kB
SwapTotal:        720184 kB
SwapFree:         720156 kB
Dirty:               752 kB
Writeback:             0 kB
AnonPages:        948848 kB
Mapped:           660260 kB
Shmem:             35264 kB
Slab:             119928 kB
SReclaimable:      35704 kB
SUnreclaim:        84224 kB
KernelStack:       33936 kB
PageTables:        55564 kB
NFS_Unstable:          0 kB
Bounce:                0 kB
WritebackTmp:          0 kB
CommitLimit:     2172840 kB
Committed_AS:   90310836 kB
VmallocTotal:   251658176 kB
VmallocUsed:      136044 kB
VmallocChunk:   251427512 kB
Time pass: 110 sec

---2015-12-04 16:31:57
MemTotal:        2905316 kB
MemFree:          119204 kB
Buffers:           25148 kB
Cached:          1042172 kB
SwapCached:            0 kB
Active:          1292088 kB
Inactive:         713548 kB
Active(anon):     780964 kB
Inactive(anon):   205384 kB
Active(file):     511124 kB
Inactive(file):   508164 kB
Unevictable:       12768 kB
Mlocked:               0 kB
SwapTotal:        720184 kB
SwapFree:         720156 kB
Dirty:               236 kB
Writeback:             0 kB
AnonPages:        951252 kB
Mapped:           670092 kB
Shmem:             35264 kB
Slab:             119924 kB
SReclaimable:      35704 kB
SUnreclaim:        84220 kB
KernelStack:       33936 kB
PageTables:        55596 kB
NFS_Unstable:          0 kB
Bounce:                0 kB
WritebackTmp:          0 kB
CommitLimit:     2172840 kB
Committed_AS:   90312376 kB
VmallocTotal:   251658176 kB
VmallocUsed:      136168 kB
VmallocChunk:   251427512 kB
Time pass: 113 sec

---2015-12-04 16:31:57
MemTotal:        2905316 kB
MemFree:          118880 kB
Buffers:           25164 kB
Cached:          1042176 kB
SwapCached:            0 kB
Active:          1292260 kB
Inactive:         713508 kB
Active(anon):     781080 kB
Inactive(anon):   205384 kB
Active(file):     511180 kB
Inactive(file):   508124 kB
Unevictable:       12768 kB
Mlocked:               0 kB
SwapTotal:        720184 kB
SwapFree:         720156 kB
Dirty:               252 kB
Writeback:             0 kB
AnonPages:        951400 kB
Mapped:           670132 kB
Shmem:             35264 kB
Slab:             119876 kB
SReclaimable:      35704 kB
SUnreclaim:        84172 kB
KernelStack:       33952 kB
PageTables:        55596 kB
NFS_Unstable:          0 kB
Bounce:                0 kB
WritebackTmp:          0 kB
CommitLimit:     2172840 kB
Committed_AS:   90312492 kB
VmallocTotal:   251658176 kB
VmallocUsed:      136168 kB
VmallocChunk:   251427512 kB
Time pass: 117 sec

---2015-12-04 16:31:57
MemTotal:        2905316 kB
MemFree:           92400 kB
Buffers:           25164 kB
Cached:          1042528 kB
SwapCached:            0 kB
Active:          1297996 kB
Inactive:         713816 kB
Active(anon):     786768 kB
Inactive(anon):   204984 kB
Active(file):     511228 kB
Inactive(file):   508832 kB
Unevictable:       12768 kB
Mlocked:               0 kB
SwapTotal:        720184 kB
SwapFree:         720156 kB
Dirty:               608 kB
Writeback:             0 kB
AnonPages:        956896 kB
Mapped:           682848 kB
Shmem:             34864 kB
Slab:             116476 kB
SReclaimable:      35704 kB
SUnreclaim:        80772 kB
KernelStack:       33936 kB
PageTables:        55248 kB
NFS_Unstable:          0 kB
Bounce:                0 kB
WritebackTmp:          0 kB
CommitLimit:     2172840 kB
Committed_AS:   90135760 kB
VmallocTotal:   251658176 kB
VmallocUsed:      136356 kB
VmallocChunk:   251427512 kB
Time pass: 121 sec

---2015-12-04 16:31:57
MemTotal:        2905316 kB
MemFree:           94400 kB
Buffers:           25172 kB
Cached:          1042532 kB
SwapCached:            0 kB
Active:          1295868 kB
Inactive:         713824 kB
Active(anon):     784636 kB
Inactive(anon):   204984 kB
Active(file):     511232 kB
Inactive(file):   508840 kB
Unevictable:       12768 kB
Mlocked:               0 kB
SwapTotal:        720184 kB
SwapFree:         720156 kB
Dirty:                72 kB
Writeback:             0 kB
AnonPages:        954868 kB
Mapped:           682852 kB
Shmem:             34864 kB
Slab:             116412 kB
SReclaimable:      35704 kB
SUnreclaim:        80708 kB
KernelStack:       33920 kB
PageTables:        55256 kB
NFS_Unstable:          0 kB
Bounce:                0 kB
WritebackTmp:          0 kB
CommitLimit:     2172840 kB
Committed_AS:   90135760 kB
VmallocTotal:   251658176 kB
VmallocUsed:      136356 kB
VmallocChunk:   251427512 kB
Time pass: 125 sec

---2015-12-04 16:31:57
MemTotal:        2905316 kB
MemFree:           94888 kB
Buffers:           25180 kB
Cached:          1042536 kB
SwapCached:            0 kB
Active:          1295572 kB
Inactive:         713832 kB
Active(anon):     784336 kB
Inactive(anon):   204984 kB
Active(file):     511236 kB
Inactive(file):   508848 kB
Unevictable:       12768 kB
Mlocked:               0 kB
SwapTotal:        720184 kB
SwapFree:         720156 kB
Dirty:                16 kB
Writeback:             0 kB
AnonPages:        954564 kB
Mapped:           682864 kB
Shmem:             34864 kB
Slab:             116412 kB
SReclaimable:      35704 kB
SUnreclaim:        80708 kB
KernelStack:       33920 kB
PageTables:        55256 kB
NFS_Unstable:          0 kB
Bounce:                0 kB
WritebackTmp:          0 kB
CommitLimit:     2172840 kB
Committed_AS:   90135820 kB
VmallocTotal:   251658176 kB
VmallocUsed:      136356 kB
VmallocChunk:   251427512 kB
Time pass: 129 sec

---2015-12-04 16:31:57
MemTotal:        2905316 kB
MemFree:           69040 kB
Buffers:           25208 kB
Cached:          1046752 kB
SwapCached:            0 kB
Active:          1310008 kB
Inactive:         717944 kB
Active(anon):     798716 kB
Inactive(anon):   204980 kB
Active(file):     511292 kB
Inactive(file):   512964 kB
Unevictable:       12768 kB
Mlocked:               0 kB
SwapTotal:        720184 kB
SwapFree:         720156 kB
Dirty:               116 kB
Writeback:             0 kB
AnonPages:        969152 kB
Mapped:           687760 kB
Shmem:             34864 kB
Slab:             116460 kB
SReclaimable:      35704 kB
SUnreclaim:        80756 kB
KernelStack:       34192 kB
PageTables:        55332 kB
NFS_Unstable:          0 kB
Bounce:                0 kB
WritebackTmp:          0 kB
CommitLimit:     2172840 kB
Committed_AS:   90149740 kB
VmallocTotal:   251658176 kB
VmallocUsed:      136380 kB
VmallocChunk:   251427512 kB
Time pass: 133 sec

---2015-12-04 16:31:57
MemTotal:        2905316 kB
MemFree:           65844 kB
Buffers:           25224 kB
Cached:          1048668 kB
SwapCached:            0 kB
Active:          1315452 kB
Inactive:         719892 kB
Active(anon):     804108 kB
Inactive(anon):   205180 kB
Active(file):     511344 kB
Inactive(file):   514712 kB
Unevictable:       12768 kB
Mlocked:               0 kB
SwapTotal:        720184 kB
SwapFree:         720156 kB
Dirty:               200 kB
Writeback:             0 kB
AnonPages:        974416 kB
Mapped:           688080 kB
Shmem:             35068 kB
Slab:             116588 kB
SReclaimable:      35736 kB
SUnreclaim:        80852 kB
KernelStack:       34336 kB
PageTables:        55488 kB
NFS_Unstable:          0 kB
Bounce:                0 kB
WritebackTmp:          0 kB
CommitLimit:     2172840 kB
Committed_AS:   90180120 kB
VmallocTotal:   251658176 kB
VmallocUsed:      138804 kB
VmallocChunk:   251427512 kB
Time pass: 137 sec

---2015-12-04 16:31:57
MemTotal:        2905316 kB
MemFree:           68808 kB
Buffers:           25236 kB
Cached:          1045284 kB
SwapCached:            0 kB
Active:          1316196 kB
Inactive:         716664 kB
Active(anon):     805000 kB
Inactive(anon):   205312 kB
Active(file):     511196 kB
Inactive(file):   511352 kB
Unevictable:       12768 kB
Mlocked:               0 kB
SwapTotal:        720184 kB
SwapFree:         720156 kB
Dirty:                92 kB
Writeback:             0 kB
AnonPages:        975228 kB
Mapped:           688456 kB
Shmem:             35204 kB
Slab:             116488 kB
SReclaimable:      35640 kB
SUnreclaim:        80848 kB
KernelStack:       34320 kB
PageTables:        55680 kB
NFS_Unstable:          0 kB
Bounce:                0 kB
WritebackTmp:          0 kB
CommitLimit:     2172840 kB
Committed_AS:   90180632 kB
VmallocTotal:   251658176 kB
VmallocUsed:      138804 kB
VmallocChunk:   251427512 kB
Time pass: 141 sec

---2015-12-04 16:31:57
MemTotal:        2905316 kB
MemFree:           67348 kB
Buffers:           25244 kB
Cached:          1045360 kB
SwapCached:            0 kB
Active:          1317200 kB
Inactive:         716724 kB
Active(anon):     806000 kB
Inactive(anon):   205376 kB
Active(file):     511200 kB
Inactive(file):   511348 kB
Unevictable:       12768 kB
Mlocked:               0 kB
SwapTotal:        720184 kB
SwapFree:         720156 kB
Dirty:                 8 kB
Writeback:             0 kB
AnonPages:        976372 kB
Mapped:           688548 kB
Shmem:             35288 kB
Slab:             116488 kB
SReclaimable:      35640 kB
SUnreclaim:        80848 kB
KernelStack:       34352 kB
PageTables:        55680 kB
NFS_Unstable:          0 kB
Bounce:                0 kB
WritebackTmp:          0 kB
CommitLimit:     2172840 kB
Committed_AS:   90181132 kB
VmallocTotal:   251658176 kB
VmallocUsed:      138804 kB
VmallocChunk:   251427512 kB
Time pass: 145 sec

---2015-12-04 16:31:57
MemTotal:        2905316 kB
MemFree:           66628 kB
Buffers:           25232 kB
Cached:          1038852 kB
SwapCached:            0 kB
Active:          1322628 kB
Inactive:         713192 kB
Active(anon):     814544 kB
Inactive(anon):   205040 kB
Active(file):     508084 kB
Inactive(file):   508152 kB
Unevictable:       12768 kB
Mlocked:               0 kB
SwapTotal:        720184 kB
SwapFree:         720156 kB
Dirty:                16 kB
Writeback:             0 kB
AnonPages:        984188 kB
Mapped:           688944 kB
Shmem:             35080 kB
Slab:             116424 kB
SReclaimable:      35608 kB
SUnreclaim:        80816 kB
KernelStack:       34512 kB
PageTables:        55712 kB
NFS_Unstable:          0 kB
Bounce:                0 kB
WritebackTmp:          0 kB
CommitLimit:     2172840 kB
Committed_AS:   90173968 kB
VmallocTotal:   251658176 kB
VmallocUsed:      138804 kB
VmallocChunk:   251427512 kB
Time pass: 148 sec

---2015-12-04 16:31:57
MemTotal:        2905316 kB
MemFree:           66780 kB
Buffers:           25232 kB
Cached:          1038760 kB
SwapCached:            0 kB
Active:          1323408 kB
Inactive:         712936 kB
Active(anon):     815304 kB
Inactive(anon):   204744 kB
Active(file):     508104 kB
Inactive(file):   508192 kB
Unevictable:       12768 kB
Mlocked:               0 kB
SwapTotal:        720184 kB
SwapFree:         720156 kB
Dirty:               136 kB
Writeback:             0 kB
AnonPages:        984980 kB
Mapped:           688788 kB
Shmem:             34924 kB
Slab:             116424 kB
SReclaimable:      35608 kB
SUnreclaim:        80816 kB
KernelStack:       34256 kB
PageTables:        55504 kB
NFS_Unstable:          0 kB
Bounce:                0 kB
WritebackTmp:          0 kB
CommitLimit:     2172840 kB
Committed_AS:   90198312 kB
VmallocTotal:   251658176 kB
VmallocUsed:      138772 kB
VmallocChunk:   251427512 kB
Time pass: 152 sec

---2015-12-04 16:31:57
MemTotal:        2905316 kB
MemFree:           66100 kB
Buffers:           25248 kB
Cached:          1038804 kB
SwapCached:            0 kB
Active:          1324260 kB
Inactive:         712988 kB
Active(anon):     816144 kB
Inactive(anon):   204744 kB
Active(file):     508116 kB
Inactive(file):   508244 kB
Unevictable:       12768 kB
Mlocked:               0 kB
SwapTotal:        720184 kB
SwapFree:         720156 kB
Dirty:                92 kB
Writeback:             0 kB
AnonPages:        986076 kB
Mapped:           688752 kB
Shmem:             34924 kB
Slab:             116360 kB
SReclaimable:      35608 kB
SUnreclaim:        80752 kB
KernelStack:       34208 kB
PageTables:        55476 kB
NFS_Unstable:          0 kB
Bounce:                0 kB
WritebackTmp:          0 kB
CommitLimit:     2172840 kB
Committed_AS:   90198272 kB
VmallocTotal:   251658176 kB
VmallocUsed:      138772 kB
VmallocChunk:   251427512 kB
Time pass: 156 sec

---2015-12-04 16:31:57
MemTotal:        2905316 kB
MemFree:           66788 kB
Buffers:           25248 kB
Cached:          1038820 kB
SwapCached:            0 kB
Active:          1323864 kB
Inactive:         712820 kB
Active(anon):     815568 kB
Inactive(anon):   204740 kB
Active(file):     508296 kB
Inactive(file):   508080 kB
Unevictable:       12768 kB
Mlocked:               0 kB
SwapTotal:        720184 kB
SwapFree:         720156 kB
Dirty:                36 kB
Writeback:             0 kB
AnonPages:        985248 kB
Mapped:           689664 kB
Shmem:             34924 kB
Slab:             116360 kB
SReclaimable:      35608 kB
SUnreclaim:        80752 kB
KernelStack:       34176 kB
PageTables:        55508 kB
NFS_Unstable:          0 kB
Bounce:                0 kB
WritebackTmp:          0 kB
CommitLimit:     2172840 kB
Committed_AS:   90201144 kB
VmallocTotal:   251658176 kB
VmallocUsed:      138804 kB
VmallocChunk:   251427512 kB
Time pass: 159 sec

---2015-12-04 16:31:57
MemTotal:        2905316 kB
MemFree:           66952 kB
Buffers:           25244 kB
Cached:          1031664 kB
SwapCached:            0 kB
Active:          1326776 kB
Inactive:         709576 kB
Active(anon):     822284 kB
Inactive(anon):   204996 kB
Active(file):     504492 kB
Inactive(file):   504580 kB
Unevictable:       12768 kB
Mlocked:               0 kB
SwapTotal:        720184 kB
SwapFree:         720156 kB
Dirty:                84 kB
Writeback:             0 kB
AnonPages:        992624 kB
Mapped:           689084 kB
Shmem:             35068 kB
Slab:             116252 kB
SReclaimable:      35560 kB
SUnreclaim:        80692 kB
KernelStack:       34480 kB
PageTables:        55632 kB
NFS_Unstable:          0 kB
Bounce:                0 kB
WritebackTmp:          0 kB
CommitLimit:     2172840 kB
Committed_AS:   90229624 kB
VmallocTotal:   251658176 kB
VmallocUsed:      138804 kB
VmallocChunk:   251427512 kB
Time pass: 163 sec

---2015-12-04 16:31:57
MemTotal:        2905316 kB
MemFree:           64396 kB
Buffers:           25260 kB
Cached:          1031776 kB
SwapCached:            0 kB
Active:          1329264 kB
Inactive:         709656 kB
Active(anon):     824724 kB
Inactive(anon):   205008 kB
Active(file):     504540 kB
Inactive(file):   504648 kB
Unevictable:       12768 kB
Mlocked:               0 kB
SwapTotal:        720184 kB
SwapFree:         720156 kB
Dirty:               212 kB
Writeback:             0 kB
AnonPages:        994572 kB
Mapped:           689100 kB
Shmem:             35080 kB
Slab:             116284 kB
SReclaimable:      35560 kB
SUnreclaim:        80724 kB
KernelStack:       34400 kB
PageTables:        55632 kB
NFS_Unstable:          0 kB
Bounce:                0 kB
WritebackTmp:          0 kB
CommitLimit:     2172840 kB
Committed_AS:   90229660 kB
VmallocTotal:   251658176 kB
VmallocUsed:      138804 kB
VmallocChunk:   251427512 kB
Time pass: 167 sec

---2015-12-04 16:31:57
MemTotal:        2905316 kB
MemFree:           64140 kB
Buffers:           25268 kB
Cached:          1031824 kB
SwapCached:            0 kB
Active:          1329900 kB
Inactive:         709684 kB
Active(anon):     825332 kB
Inactive(anon):   205008 kB
Active(file):     504568 kB
Inactive(file):   504676 kB
Unevictable:       12768 kB
Mlocked:               0 kB
SwapTotal:        720184 kB
SwapFree:         720156 kB
Dirty:                68 kB
Writeback:             0 kB
AnonPages:        995180 kB
Mapped:           689108 kB
Shmem:             35080 kB
Slab:             116284 kB
SReclaimable:      35560 kB
SUnreclaim:        80724 kB
KernelStack:       34384 kB
PageTables:        55628 kB
NFS_Unstable:          0 kB
Bounce:                0 kB
WritebackTmp:          0 kB
CommitLimit:     2172840 kB
Committed_AS:   90229660 kB
VmallocTotal:   251658176 kB
VmallocUsed:      138804 kB
VmallocChunk:   251427512 kB
Time pass: 171 sec

---2015-12-04 16:31:57
MemTotal:        2905316 kB
MemFree:           63332 kB
Buffers:           25284 kB
Cached:          1031852 kB
SwapCached:            0 kB
Active:          1330332 kB
Inactive:         709708 kB
Active(anon):     825744 kB
Inactive(anon):   205024 kB
Active(file):     504588 kB
Inactive(file):   504684 kB
Unevictable:       12768 kB
Mlocked:               0 kB
SwapTotal:        720184 kB
SwapFree:         720156 kB
Dirty:                20 kB
Writeback:             0 kB
AnonPages:        995452 kB
Mapped:           689128 kB
Shmem:             35096 kB
Slab:             116284 kB
SReclaimable:      35560 kB
SUnreclaim:        80724 kB
KernelStack:       34368 kB
PageTables:        55632 kB
NFS_Unstable:          0 kB
Bounce:                0 kB
WritebackTmp:          0 kB
CommitLimit:     2172840 kB
Committed_AS:   90229672 kB
VmallocTotal:   251658176 kB
VmallocUsed:      138804 kB
VmallocChunk:   251427512 kB
Time pass: 175 sec

---2015-12-04 16:31:57
MemTotal:        2905316 kB
MemFree:           66868 kB
Buffers:           25292 kB
Cached:          1028272 kB
SwapCached:            0 kB
Active:          1327940 kB
Inactive:         709148 kB
Active(anon):     825084 kB
Inactive(anon):   206308 kB
Active(file):     502856 kB
Inactive(file):   502840 kB
Unevictable:       12768 kB
Mlocked:               0 kB
SwapTotal:        720184 kB
SwapFree:         720156 kB
Dirty:               128 kB
Writeback:             0 kB
AnonPages:        996400 kB
Mapped:           688484 kB
Shmem:             35100 kB
Slab:             116216 kB
SReclaimable:      35560 kB
SUnreclaim:        80656 kB
KernelStack:       34368 kB
PageTables:        55632 kB
NFS_Unstable:          0 kB
Bounce:                0 kB
WritebackTmp:          0 kB
CommitLimit:     2172840 kB
Committed_AS:   90229668 kB
VmallocTotal:   251658176 kB
VmallocUsed:      138804 kB
VmallocChunk:   251427512 kB
Time pass: 179 sec

---2015-12-04 16:31:57
MemTotal:        2905316 kB
MemFree:           66128 kB
Buffers:           25300 kB
Cached:          1028360 kB
SwapCached:            0 kB
Active:          1328984 kB
Inactive:         709216 kB
Active(anon):     826100 kB
Inactive(anon):   206368 kB
Active(file):     502884 kB
Inactive(file):   502848 kB
Unevictable:       12768 kB
Mlocked:               0 kB
SwapTotal:        720184 kB
SwapFree:         720156 kB
Dirty:                88 kB
Writeback:             0 kB
AnonPages:        997280 kB
Mapped:           688556 kB
Shmem:             35160 kB
Slab:             116216 kB
SReclaimable:      35560 kB
SUnreclaim:        80656 kB
KernelStack:       34384 kB
PageTables:        55680 kB
NFS_Unstable:          0 kB
Bounce:                0 kB
WritebackTmp:          0 kB
CommitLimit:     2172840 kB
Committed_AS:   90256280 kB
VmallocTotal:   251658176 kB
VmallocUsed:      138804 kB
VmallocChunk:   251427512 kB
Time pass: 183 sec

---2015-12-04 16:31:57
MemTotal:        2905316 kB
MemFree:           65712 kB
Buffers:           25308 kB
Cached:          1028380 kB
SwapCached:            0 kB
Active:          1329284 kB
Inactive:         709220 kB
Active(anon):     826380 kB
Inactive(anon):   206368 kB
Active(file):     502904 kB
Inactive(file):   502852 kB
Unevictable:       12768 kB
Mlocked:               0 kB
SwapTotal:        720184 kB
SwapFree:         720156 kB
Dirty:                36 kB
Writeback:             0 kB
AnonPages:        997728 kB
Mapped:           688560 kB
Shmem:             35160 kB
Slab:             116216 kB
SReclaimable:      35560 kB
SUnreclaim:        80656 kB
KernelStack:       34384 kB
PageTables:        55688 kB
NFS_Unstable:          0 kB
Bounce:                0 kB
WritebackTmp:          0 kB
CommitLimit:     2172840 kB
Committed_AS:   90256336 kB
VmallocTotal:   251658176 kB
VmallocUsed:      138804 kB
VmallocChunk:   251427512 kB
Time pass: 186 sec

---2015-12-04 16:31:57
MemTotal:        2905316 kB
MemFree:           64076 kB
Buffers:           25324 kB
Cached:          1028428 kB
SwapCached:            0 kB
Active:          1330312 kB
Inactive:         709256 kB
Active(anon):     827380 kB
Inactive(anon):   206368 kB
Active(file):     502932 kB
Inactive(file):   502888 kB
Unevictable:       12768 kB
Mlocked:               0 kB
SwapTotal:        720184 kB
SwapFree:         720156 kB
Dirty:                28 kB
Writeback:             0 kB
AnonPages:        998744 kB
Mapped:           688568 kB
Shmem:             35160 kB
Slab:             116216 kB
SReclaimable:      35560 kB
SUnreclaim:        80656 kB
KernelStack:       34384 kB
PageTables:        55684 kB
NFS_Unstable:          0 kB
Bounce:                0 kB
WritebackTmp:          0 kB
CommitLimit:     2172840 kB
Committed_AS:   90257020 kB
VmallocTotal:   251658176 kB
VmallocUsed:      138804 kB
VmallocChunk:   251427512 kB
Time pass: 190 sec

---2015-12-04 16:31:57
MemTotal:        2905316 kB
MemFree:           64948 kB
Buffers:           25332 kB
Cached:          1028444 kB
SwapCached:            0 kB
Active:          1330048 kB
Inactive:         709264 kB
Active(anon):     827096 kB
Inactive(anon):   206368 kB
Active(file):     502952 kB
Inactive(file):   502896 kB
Unevictable:       12768 kB
Mlocked:               0 kB
SwapTotal:        720184 kB
SwapFree:         720156 kB
Dirty:                52 kB
Writeback:             0 kB
AnonPages:        998448 kB
Mapped:           688572 kB
Shmem:             35160 kB
Slab:             116204 kB
SReclaimable:      35560 kB
SUnreclaim:        80644 kB
KernelStack:       34320 kB
PageTables:        55684 kB
NFS_Unstable:          0 kB
Bounce:                0 kB
WritebackTmp:          0 kB
CommitLimit:     2172840 kB
Committed_AS:   90257088 kB
VmallocTotal:   251658176 kB
VmallocUsed:      138804 kB
VmallocChunk:   251427512 kB
Time pass: 194 sec

---2015-12-04 16:31:57
MemTotal:        2905316 kB
MemFree:           63052 kB
Buffers:           25348 kB
Cached:          1028512 kB
SwapCached:            0 kB
Active:          1331660 kB
Inactive:         709308 kB
Active(anon):     828676 kB
Inactive(anon):   206376 kB
Active(file):     502984 kB
Inactive(file):   502932 kB
Unevictable:       12768 kB
Mlocked:               0 kB
SwapTotal:        720184 kB
SwapFree:         720156 kB
Dirty:               140 kB
Writeback:             0 kB
AnonPages:        999880 kB
Mapped:           688668 kB
Shmem:             35168 kB
Slab:             116208 kB
SReclaimable:      35560 kB
SUnreclaim:        80648 kB
KernelStack:       34320 kB
PageTables:        55712 kB
NFS_Unstable:          0 kB
Bounce:                0 kB
WritebackTmp:          0 kB
CommitLimit:     2172840 kB
Committed_AS:   90257084 kB
VmallocTotal:   251658176 kB
VmallocUsed:      138804 kB
VmallocChunk:   251427512 kB
Time pass: 198 sec

---2015-12-04 16:31:57
MemTotal:        2905316 kB
MemFree:           70340 kB
Buffers:           25364 kB
Cached:          1021132 kB
SwapCached:            0 kB
Active:          1328468 kB
Inactive:         706576 kB
Active(anon):     829252 kB
Inactive(anon):   207236 kB
Active(file):     499216 kB
Inactive(file):   499340 kB
Unevictable:       12768 kB
Mlocked:               0 kB
SwapTotal:        720184 kB
SwapFree:         720156 kB
Dirty:               136 kB
Writeback:             0 kB
AnonPages:       1001296 kB
Mapped:           688756 kB
Shmem:             35168 kB
Slab:             116208 kB
SReclaimable:      35560 kB
SUnreclaim:        80648 kB
KernelStack:       34320 kB
PageTables:        55712 kB
NFS_Unstable:          0 kB
Bounce:                0 kB
WritebackTmp:          0 kB
CommitLimit:     2172840 kB
Committed_AS:   90257060 kB
VmallocTotal:   251658176 kB
VmallocUsed:      138804 kB
VmallocChunk:   251427512 kB
Time pass: 202 sec

---2015-12-04 16:31:57
MemTotal:        2905316 kB
MemFree:           68804 kB
Buffers:           25372 kB
Cached:          1021152 kB
SwapCached:            0 kB
Active:          1329500 kB
Inactive:         706592 kB
Active(anon):     830268 kB
Inactive(anon):   207244 kB
Active(file):     499232 kB
Inactive(file):   499348 kB
Unevictable:       12768 kB
Mlocked:               0 kB
SwapTotal:        720184 kB
SwapFree:         720156 kB
Dirty:                64 kB
Writeback:             0 kB
AnonPages:       1002500 kB
Mapped:           688708 kB
Shmem:             35176 kB
Slab:             116208 kB
SReclaimable:      35560 kB
SUnreclaim:        80648 kB
KernelStack:       34336 kB
PageTables:        55692 kB
NFS_Unstable:          0 kB
Bounce:                0 kB
WritebackTmp:          0 kB
CommitLimit:     2172840 kB
Committed_AS:   90257012 kB
VmallocTotal:   251658176 kB
VmallocUsed:      138804 kB
VmallocChunk:   251427512 kB
Time pass: 206 sec

---2015-12-04 16:31:57
MemTotal:        2905316 kB
MemFree:           67856 kB
Buffers:           25388 kB
Cached:          1021236 kB
SwapCached:            0 kB
Active:          1329892 kB
Inactive:         706648 kB
Active(anon):     830616 kB
Inactive(anon):   207248 kB
Active(file):     499276 kB
Inactive(file):   499400 kB
Unevictable:       12768 kB
Mlocked:               0 kB
SwapTotal:        720184 kB
SwapFree:         720156 kB
Dirty:                 8 kB
Writeback:             0 kB
AnonPages:       1002816 kB
Mapped:           688716 kB
Shmem:             35180 kB
Slab:             116208 kB
SReclaimable:      35560 kB
SUnreclaim:        80648 kB
KernelStack:       34336 kB
PageTables:        55696 kB
NFS_Unstable:          0 kB
Bounce:                0 kB
WritebackTmp:          0 kB
CommitLimit:     2172840 kB
Committed_AS:   90283632 kB
VmallocTotal:   251658176 kB
VmallocUsed:      138804 kB
VmallocChunk:   251427512 kB
Time pass: 210 sec

---2015-12-04 16:31:57
MemTotal:        2905316 kB
MemFree:           64924 kB
Buffers:           25408 kB
Cached:          1021344 kB
SwapCached:            0 kB
Active:          1333036 kB
Inactive:         706744 kB
Active(anon):     833728 kB
Inactive(anon):   207308 kB
Active(file):     499308 kB
Inactive(file):   499436 kB
Unevictable:       12768 kB
Mlocked:               0 kB
SwapTotal:        720184 kB
SwapFree:         720156 kB
Dirty:               148 kB
Writeback:             0 kB
AnonPages:       1005948 kB
Mapped:           688804 kB
Shmem:             35240 kB
Slab:             116176 kB
SReclaimable:      35528 kB
SUnreclaim:        80648 kB
KernelStack:       34304 kB
PageTables:        55740 kB
NFS_Unstable:          0 kB
Bounce:                0 kB
WritebackTmp:          0 kB
CommitLimit:     2172840 kB
Committed_AS:   90294420 kB
VmallocTotal:   251658176 kB
VmallocUsed:      139824 kB
VmallocChunk:   251427512 kB
Time pass: 214 sec

---2015-12-04 16:31:57
MemTotal:        2905316 kB
MemFree:           67536 kB
Buffers:           25360 kB
Cached:          1015392 kB
SwapCached:            0 kB
Active:          1329404 kB
Inactive:         704984 kB
Active(anon):     833132 kB
Inactive(anon):   208528 kB
Active(file):     496272 kB
Inactive(file):   496456 kB
Unevictable:       12768 kB
Mlocked:               0 kB
SwapTotal:        720184 kB
SwapFree:         720156 kB
Dirty:               140 kB
Writeback:             0 kB
AnonPages:       1006316 kB
Mapped:           688708 kB
Shmem:             35244 kB
Slab:             120036 kB
SReclaimable:      39072 kB
SUnreclaim:        80964 kB
KernelStack:       34368 kB
PageTables:        55840 kB
NFS_Unstable:          0 kB
Bounce:                0 kB
WritebackTmp:          0 kB
CommitLimit:     2172840 kB
Committed_AS:   90289568 kB
VmallocTotal:   251658176 kB
VmallocUsed:      138804 kB
VmallocChunk:   251427512 kB
Time pass: 217 sec

---2015-12-04 16:31:57
MemTotal:        2905316 kB
MemFree:           68132 kB
Buffers:           25372 kB
Cached:          1015500 kB
SwapCached:            0 kB
Active:          1328296 kB
Inactive:         705080 kB
Active(anon):     831996 kB
Inactive(anon):   208528 kB
Active(file):     496300 kB
Inactive(file):   496552 kB
Unevictable:       12768 kB
Mlocked:               0 kB
SwapTotal:        720184 kB
SwapFree:         720156 kB
Dirty:                92 kB
Writeback:             0 kB
AnonPages:       1005408 kB
Mapped:           688720 kB
Shmem:             35244 kB
Slab:             120292 kB
SReclaimable:      39304 kB
SUnreclaim:        80988 kB
KernelStack:       34256 kB
PageTables:        55744 kB
NFS_Unstable:          0 kB
Bounce:                0 kB
WritebackTmp:          0 kB
CommitLimit:     2172840 kB
Committed_AS:   90283644 kB
VmallocTotal:   251658176 kB
VmallocUsed:      138804 kB
VmallocChunk:   251427512 kB
Time pass: 221 sec

---2015-12-04 16:31:57
MemTotal:        2905316 kB
MemFree:           70984 kB
Buffers:           25388 kB
Cached:          1015560 kB
SwapCached:            0 kB
Active:          1325604 kB
Inactive:         705120 kB
Active(anon):     829296 kB
Inactive(anon):   208528 kB
Active(file):     496308 kB
Inactive(file):   496592 kB
Unevictable:       12768 kB
Mlocked:               0 kB
SwapTotal:        720184 kB
SwapFree:         720156 kB
Dirty:               136 kB
Writeback:             0 kB
AnonPages:       1002772 kB
Mapped:           688736 kB
Shmem:             35244 kB
Slab:             120304 kB
SReclaimable:      39320 kB
SUnreclaim:        80984 kB
KernelStack:       34256 kB
PageTables:        55744 kB
NFS_Unstable:          0 kB
Bounce:                0 kB
WritebackTmp:          0 kB
CommitLimit:     2172840 kB
Committed_AS:   90283620 kB
VmallocTotal:   251658176 kB
VmallocUsed:      138804 kB
VmallocChunk:   251427512 kB
Time pass: 225 sec

---2015-12-04 16:31:57
MemTotal:        2905316 kB
MemFree:           79184 kB
Buffers:           25396 kB
Cached:          1015588 kB
SwapCached:            0 kB
Active:          1317188 kB
Inactive:         705116 kB
Active(anon):     820840 kB
Inactive(anon):   208528 kB
Active(file):     496348 kB
Inactive(file):   496588 kB
Unevictable:       12768 kB
Mlocked:               0 kB
SwapTotal:        720184 kB
SwapFree:         720156 kB
Dirty:                 0 kB
Writeback:             0 kB
AnonPages:        994156 kB
Mapped:           688800 kB
Shmem:             35244 kB
Slab:             120304 kB
SReclaimable:      39320 kB
SUnreclaim:        80984 kB
KernelStack:       34256 kB
PageTables:        55768 kB
NFS_Unstable:          0 kB
Bounce:                0 kB
WritebackTmp:          0 kB
CommitLimit:     2172840 kB
Committed_AS:   90283560 kB
VmallocTotal:   251658176 kB
VmallocUsed:      138804 kB
VmallocChunk:   251427512 kB
Time pass: 229 sec

---2015-12-04 16:31:57
MemTotal:        2905316 kB
MemFree:           79264 kB
Buffers:           25396 kB
Cached:          1015624 kB
SwapCached:            0 kB
Active:          1317360 kB
Inactive:         705160 kB
Active(anon):     820992 kB
Inactive(anon):   208528 kB
Active(file):     496368 kB
Inactive(file):   496632 kB
Unevictable:       12768 kB
Mlocked:               0 kB
SwapTotal:        720184 kB
SwapFree:         720156 kB
Dirty:                84 kB
Writeback:             0 kB
AnonPages:        994260 kB
Mapped:           688748 kB
Shmem:             35244 kB
Slab:             120304 kB
SReclaimable:      39320 kB
SUnreclaim:        80984 kB
KernelStack:       34256 kB
PageTables:        55744 kB
NFS_Unstable:          0 kB
Bounce:                0 kB
WritebackTmp:          0 kB
CommitLimit:     2172840 kB
Committed_AS:   90283644 kB
VmallocTotal:   251658176 kB
VmallocUsed:      138804 kB
VmallocChunk:   251427512 kB
Time pass: 233 sec

---2015-12-04 16:31:57
MemTotal:        2905316 kB
MemFree:           78204 kB
Buffers:           25420 kB
Cached:          1015672 kB
SwapCached:            0 kB
Active:          1318276 kB
Inactive:         705208 kB
Active(anon):     821880 kB
Inactive(anon):   208528 kB
Active(file):     496396 kB
Inactive(file):   496680 kB
Unevictable:       12768 kB
Mlocked:               0 kB
SwapTotal:        720184 kB
SwapFree:         720156 kB
Dirty:               132 kB
Writeback:             0 kB
AnonPages:        995040 kB
Mapped:           688812 kB
Shmem:             35244 kB
Slab:             120304 kB
SReclaimable:      39320 kB
SUnreclaim:        80984 kB
KernelStack:       34256 kB
PageTables:        55768 kB
NFS_Unstable:          0 kB
Bounce:                0 kB
WritebackTmp:          0 kB
CommitLimit:     2172840 kB
Committed_AS:   90283632 kB
VmallocTotal:   251658176 kB
VmallocUsed:      138804 kB
VmallocChunk:   251427512 kB
Time pass: 236 sec

---2015-12-04 16:31:57
MemTotal:        2905316 kB
MemFree:           77440 kB
Buffers:           25428 kB
Cached:          1015748 kB
SwapCached:            0 kB
Active:          1318888 kB
Inactive:         705280 kB
Active(anon):     822476 kB
Inactive(anon):   208588 kB
Active(file):     496412 kB
Inactive(file):   496692 kB
Unevictable:       12768 kB
Mlocked:               0 kB
SwapTotal:        720184 kB
SwapFree:         720156 kB
Dirty:                28 kB
Writeback:             0 kB
AnonPages:        995636 kB
Mapped:           688888 kB
Shmem:             35304 kB
Slab:             120308 kB
SReclaimable:      39324 kB
SUnreclaim:        80984 kB
KernelStack:       34256 kB
PageTables:        55820 kB
NFS_Unstable:          0 kB
Bounce:                0 kB
WritebackTmp:          0 kB
CommitLimit:     2172840 kB
Committed_AS:   90310268 kB
VmallocTotal:   251658176 kB
VmallocUsed:      138804 kB
VmallocChunk:   251427512 kB
Time pass: 240 sec

---2015-12-04 16:31:57
MemTotal:        2905316 kB
MemFree:           76960 kB
Buffers:           25428 kB
Cached:          1015796 kB
SwapCached:            0 kB
Active:          1318964 kB
Inactive:         705304 kB
Active(anon):     822528 kB
Inactive(anon):   208608 kB
Active(file):     496436 kB
Inactive(file):   496696 kB
Unevictable:       12768 kB
Mlocked:               0 kB
SwapTotal:        720184 kB
SwapFree:         720156 kB
Dirty:                16 kB
Writeback:             0 kB
AnonPages:        995808 kB
Mapped:           688912 kB
Shmem:             35324 kB
Slab:             120316 kB
SReclaimable:      39328 kB
SUnreclaim:        80988 kB
KernelStack:       34208 kB
PageTables:        55820 kB
NFS_Unstable:          0 kB
Bounce:                0 kB
WritebackTmp:          0 kB
CommitLimit:     2172840 kB
Committed_AS:   90310160 kB
VmallocTotal:   251658176 kB
VmallocUsed:      138804 kB
VmallocChunk:   251427512 kB
Time pass: 244 sec

---2015-12-04 16:31:57
MemTotal:        2905316 kB
MemFree:           76604 kB
Buffers:           25452 kB
Cached:          1015844 kB
SwapCached:            0 kB
Active:          1319608 kB
Inactive:         705348 kB
Active(anon):     823144 kB
Inactive(anon):   208608 kB
Active(file):     496464 kB
Inactive(file):   496740 kB
Unevictable:       12768 kB
Mlocked:               0 kB
SwapTotal:        720184 kB
SwapFree:         720156 kB
Dirty:               128 kB
Writeback:             0 kB
AnonPages:        996388 kB
Mapped:           688852 kB
Shmem:             35324 kB
Slab:             120320 kB
SReclaimable:      39332 kB
SUnreclaim:        80988 kB
KernelStack:       34208 kB
PageTables:        55800 kB
NFS_Unstable:          0 kB
Bounce:                0 kB
WritebackTmp:          0 kB
CommitLimit:     2172840 kB
Committed_AS:   90310184 kB
VmallocTotal:   251658176 kB
VmallocUsed:      138804 kB
VmallocChunk:   251427512 kB
Time pass: 248 sec

---2015-12-04 16:31:57
MemTotal:        2905316 kB
MemFree:           75600 kB
Buffers:           25452 kB
Cached:          1015908 kB
SwapCached:            0 kB
Active:          1320632 kB
Inactive:         705380 kB
Active(anon):     824136 kB
Inactive(anon):   208608 kB
Active(file):     496496 kB
Inactive(file):   496772 kB
Unevictable:       12768 kB
Mlocked:               0 kB
SwapTotal:        720184 kB
SwapFree:         720156 kB
Dirty:                76 kB
Writeback:             0 kB
AnonPages:        997532 kB
Mapped:           688836 kB
Shmem:             35324 kB
Slab:             120252 kB
SReclaimable:      39332 kB
SUnreclaim:        80920 kB
KernelStack:       34128 kB
PageTables:        55776 kB
NFS_Unstable:          0 kB
Bounce:                0 kB
WritebackTmp:          0 kB
CommitLimit:     2172840 kB
Committed_AS:   90310196 kB
VmallocTotal:   251658176 kB
VmallocUsed:      138804 kB
VmallocChunk:   251427512 kB
Time pass: 252 sec

---2015-12-04 16:31:57
MemTotal:        2905316 kB
MemFree:           74968 kB
Buffers:           25460 kB
Cached:          1015920 kB
SwapCached:            0 kB
Active:          1321080 kB
Inactive:         705384 kB
Active(anon):     824568 kB
Inactive(anon):   208608 kB
Active(file):     496512 kB
Inactive(file):   496776 kB
Unevictable:       12768 kB
Mlocked:               0 kB
SwapTotal:        720184 kB
SwapFree:         720156 kB
Dirty:                68 kB
Writeback:             0 kB
AnonPages:        997880 kB
Mapped:           688904 kB
Shmem:             35324 kB
Slab:             120252 kB
SReclaimable:      39332 kB
SUnreclaim:        80920 kB
KernelStack:       34160 kB
PageTables:        55804 kB
NFS_Unstable:          0 kB
Bounce:                0 kB
WritebackTmp:          0 kB
CommitLimit:     2172840 kB
Committed_AS:   90310220 kB
VmallocTotal:   251658176 kB
VmallocUsed:      138804 kB
VmallocChunk:   251427512 kB
Time pass: 256 sec

---2015-12-04 16:31:57
MemTotal:        2905316 kB
MemFree:           74748 kB
Buffers:           25484 kB
Cached:          1015936 kB
SwapCached:            0 kB
Active:          1322120 kB
Inactive:         705396 kB
Active(anon):     825580 kB
Inactive(anon):   208608 kB
Active(file):     496540 kB
Inactive(file):   496788 kB
Unevictable:       12768 kB
Mlocked:               0 kB
SwapTotal:        720184 kB
SwapFree:         720156 kB
Dirty:                16 kB
Writeback:             0 kB
AnonPages:        998904 kB
Mapped:           688940 kB
Shmem:             35324 kB
Slab:             120152 kB
SReclaimable:      39332 kB
SUnreclaim:        80820 kB
KernelStack:       34240 kB
PageTables:        55796 kB
NFS_Unstable:          0 kB
Bounce:                0 kB
WritebackTmp:          0 kB
CommitLimit:     2172840 kB
Committed_AS:   90310284 kB
VmallocTotal:   251658176 kB
VmallocUsed:      138804 kB
VmallocChunk:   251427512 kB
Time pass: 260 sec

---2015-12-04 16:31:57
MemTotal:        2905316 kB
MemFree:           73988 kB
Buffers:           25484 kB
Cached:          1016008 kB
SwapCached:            0 kB
Active:          1322232 kB
Inactive:         705436 kB
Active(anon):     825660 kB
Inactive(anon):   208608 kB
Active(file):     496572 kB
Inactive(file):   496828 kB
Unevictable:       12768 kB
Mlocked:               0 kB
SwapTotal:        720184 kB
SwapFree:         720156 kB
Dirty:                 0 kB
Writeback:             0 kB
AnonPages:        999252 kB
Mapped:           688948 kB
Shmem:             35324 kB
Slab:             120148 kB
SReclaimable:      39332 kB
SUnreclaim:        80816 kB
KernelStack:       34224 kB
PageTables:        55800 kB
NFS_Unstable:          0 kB
Bounce:                0 kB
WritebackTmp:          0 kB
CommitLimit:     2172840 kB
Committed_AS:   90310304 kB
VmallocTotal:   251658176 kB
VmallocUsed:      138804 kB
VmallocChunk:   251427512 kB
Time pass: 263 sec

---2015-12-04 16:31:57
MemTotal:        2905316 kB
MemFree:           73884 kB
Buffers:           25492 kB
Cached:          1016032 kB
SwapCached:            0 kB
Active:          1322524 kB
Inactive:         705440 kB
Active(anon):     825924 kB
Inactive(anon):   208608 kB
Active(file):     496600 kB
Inactive(file):   496832 kB
Unevictable:       12768 kB
Mlocked:               0 kB
SwapTotal:        720184 kB
SwapFree:         720156 kB
Dirty:                80 kB
Writeback:             0 kB
AnonPages:        999292 kB
Mapped:           688964 kB
Shmem:             35324 kB
Slab:             120116 kB
SReclaimable:      39332 kB
SUnreclaim:        80784 kB
KernelStack:       34176 kB
PageTables:        55800 kB
NFS_Unstable:          0 kB
Bounce:                0 kB
WritebackTmp:          0 kB
CommitLimit:     2172840 kB
Committed_AS:   90310316 kB
VmallocTotal:   251658176 kB
VmallocUsed:      138804 kB
VmallocChunk:   251427512 kB
Time pass: 267 sec

---2015-12-04 16:31:57
MemTotal:        2905316 kB
MemFree:           72948 kB
Buffers:           25500 kB
Cached:          1016112 kB
SwapCached:            0 kB
Active:          1323148 kB
Inactive:         705508 kB
Active(anon):     826528 kB
Inactive(anon):   208668 kB
Active(file):     496620 kB
Inactive(file):   496840 kB
Unevictable:       12768 kB
Mlocked:               0 kB
SwapTotal:        720184 kB
SwapFree:         720156 kB
Dirty:                52 kB
Writeback:             0 kB
AnonPages:        999936 kB
Mapped:           689048 kB
Shmem:             35384 kB
Slab:             120124 kB
SReclaimable:      39340 kB
SUnreclaim:        80784 kB
KernelStack:       34176 kB
PageTables:        55852 kB
NFS_Unstable:          0 kB
Bounce:                0 kB
WritebackTmp:          0 kB
CommitLimit:     2172840 kB
Committed_AS:   90336928 kB
VmallocTotal:   251658176 kB
VmallocUsed:      138804 kB
VmallocChunk:   251427512 kB
Time pass: 271 sec

---2015-12-04 16:31:57
MemTotal:        2905316 kB
MemFree:           72684 kB
Buffers:           25516 kB
Cached:          1016168 kB
SwapCached:            0 kB
Active:          1324408 kB
Inactive:         705548 kB
Active(anon):     827756 kB
Inactive(anon):   208668 kB
Active(file):     496652 kB
Inactive(file):   496880 kB
Unevictable:       12768 kB
Mlocked:               0 kB
SwapTotal:        720184 kB
SwapFree:         720156 kB
Dirty:                 8 kB
Writeback:             0 kB
AnonPages:       1000980 kB
Mapped:           689048 kB
Shmem:             35384 kB
Slab:             120136 kB
SReclaimable:      39352 kB
SUnreclaim:        80784 kB
KernelStack:       34192 kB
PageTables:        55852 kB
NFS_Unstable:          0 kB
Bounce:                0 kB
WritebackTmp:          0 kB
CommitLimit:     2172840 kB
Committed_AS:   90336940 kB
VmallocTotal:   251658176 kB
VmallocUsed:      138804 kB
VmallocChunk:   251427512 kB
Time pass: 275 sec

---2015-12-04 16:31:57
MemTotal:        2905316 kB
MemFree:           71404 kB
Buffers:           25524 kB
Cached:          1016188 kB
SwapCached:            0 kB
Active:          1324660 kB
Inactive:         705560 kB
Active(anon):     827992 kB
Inactive(anon):   208668 kB
Active(file):     496668 kB
Inactive(file):   496892 kB
Unevictable:       12768 kB
Mlocked:               0 kB
SwapTotal:        720184 kB
SwapFree:         720156 kB
Dirty:                84 kB
Writeback:             0 kB
AnonPages:       1001220 kB
Mapped:           689060 kB
Shmem:             35384 kB
Slab:             120136 kB
SReclaimable:      39352 kB
SUnreclaim:        80784 kB
KernelStack:       34192 kB
PageTables:        55852 kB
NFS_Unstable:          0 kB
Bounce:                0 kB
WritebackTmp:          0 kB
CommitLimit:     2172840 kB
Committed_AS:   90336952 kB
VmallocTotal:   251658176 kB
VmallocUsed:      138804 kB
VmallocChunk:   251427512 kB
Time pass: 278 sec

---2015-12-04 16:31:57
MemTotal:        2905316 kB
MemFree:           70852 kB
Buffers:           25532 kB
Cached:          1016244 kB
SwapCached:            0 kB
Active:          1325640 kB
Inactive:         705596 kB
Active(anon):     828944 kB
Inactive(anon):   208668 kB
Active(file):     496696 kB
Inactive(file):   496928 kB
Unevictable:       12768 kB
Mlocked:               0 kB
SwapTotal:        720184 kB
SwapFree:         720156 kB
Dirty:                80 kB
Writeback:             0 kB
AnonPages:       1002324 kB
Mapped:           689072 kB
Shmem:             35384 kB
Slab:             120136 kB
SReclaimable:      39352 kB
SUnreclaim:        80784 kB
KernelStack:       34192 kB
PageTables:        55852 kB
NFS_Unstable:          0 kB
Bounce:                0 kB
WritebackTmp:          0 kB
CommitLimit:     2172840 kB
Committed_AS:   90336916 kB
VmallocTotal:   251658176 kB
VmallocUsed:      138804 kB
VmallocChunk:   251427512 kB
Time pass: 282 sec

---2015-12-04 16:31:57
MemTotal:        2905316 kB
MemFree:           68504 kB
Buffers:           25548 kB
Cached:          1016336 kB
SwapCached:            0 kB
Active:          1327808 kB
Inactive:         705680 kB
Active(anon):     831088 kB
Inactive(anon):   208672 kB
Active(file):     496720 kB
Inactive(file):   497008 kB
Unevictable:       12768 kB
Mlocked:               0 kB
SwapTotal:        720184 kB
SwapFree:         720156 kB
Dirty:                68 kB
Writeback:             0 kB
AnonPages:       1004436 kB
Mapped:           689140 kB
Shmem:             35388 kB
Slab:             120076 kB
SReclaimable:      39368 kB
SUnreclaim:        80708 kB
KernelStack:       34160 kB
PageTables:        55876 kB
NFS_Unstable:          0 kB
Bounce:                0 kB
WritebackTmp:          0 kB
CommitLimit:     2172840 kB
Committed_AS:   90336932 kB
VmallocTotal:   251658176 kB
VmallocUsed:      138804 kB
VmallocChunk:   251427512 kB
Time pass: 286 sec

---2015-12-04 16:31:57
MemTotal:        2905316 kB
MemFree:           68152 kB
Buffers:           25556 kB
Cached:          1016356 kB
SwapCached:            0 kB
Active:          1327900 kB
Inactive:         705684 kB
Active(anon):     831156 kB
Inactive(anon):   208672 kB
Active(file):     496744 kB
Inactive(file):   497012 kB
Unevictable:       12768 kB
Mlocked:               0 kB
SwapTotal:        720184 kB
SwapFree:         720156 kB
Dirty:                60 kB
Writeback:             0 kB
AnonPages:       1004580 kB
Mapped:           689152 kB
Shmem:             35388 kB
Slab:             120076 kB
SReclaimable:      39368 kB
SUnreclaim:        80708 kB
KernelStack:       34192 kB
PageTables:        55880 kB
NFS_Unstable:          0 kB
Bounce:                0 kB
WritebackTmp:          0 kB
CommitLimit:     2172840 kB
Committed_AS:   90336904 kB
VmallocTotal:   251658176 kB
VmallocUsed:      138804 kB
VmallocChunk:   251427512 kB
Time pass: 290 sec

---2015-12-04 16:31:57
MemTotal:        2905316 kB
MemFree:           67556 kB
Buffers:           25564 kB
Cached:          1016364 kB
SwapCached:            0 kB
Active:          1328028 kB
Inactive:         705684 kB
Active(anon):     831268 kB
Inactive(anon):   208672 kB
Active(file):     496760 kB
Inactive(file):   497012 kB
Unevictable:       12768 kB
Mlocked:               0 kB
SwapTotal:        720184 kB
SwapFree:         720156 kB
Dirty:                80 kB
Writeback:             0 kB
AnonPages:       1004680 kB
Mapped:           689156 kB
Shmem:             35388 kB
Slab:             120076 kB
SReclaimable:      39368 kB
SUnreclaim:        80708 kB
KernelStack:       34192 kB
PageTables:        55884 kB
NFS_Unstable:          0 kB
Bounce:                0 kB
WritebackTmp:          0 kB
CommitLimit:     2172840 kB
Committed_AS:   90336928 kB
VmallocTotal:   251658176 kB
VmallocUsed:      138804 kB
VmallocChunk:   251427512 kB
Time pass: 294 sec

---2015-12-04 16:31:57
MemTotal:        2905316 kB
MemFree:           66472 kB
Buffers:           25580 kB
Cached:          1016460 kB
SwapCached:            0 kB
Active:          1330316 kB
Inactive:         705756 kB
Active(anon):     833516 kB
Inactive(anon):   208672 kB
Active(file):     496800 kB
Inactive(file):   497084 kB
Unevictable:       12768 kB
Mlocked:               0 kB
SwapTotal:        720184 kB
SwapFree:         720156 kB
Dirty:               156 kB
Writeback:             0 kB
AnonPages:       1006684 kB
Mapped:           689164 kB
Shmem:             35388 kB
Slab:             120076 kB
SReclaimable:      39368 kB
SUnreclaim:        80708 kB
KernelStack:       34192 kB
PageTables:        55880 kB
NFS_Unstable:          0 kB
Bounce:                0 kB
WritebackTmp:          0 kB
CommitLimit:     2172840 kB
Committed_AS:   90336928 kB
VmallocTotal:   251658176 kB
VmallocUsed:      138804 kB
VmallocChunk:   251427512 kB
Time pass: 297 sec

---2015-12-04 16:31:57
MemTotal:        2905316 kB
MemFree:           65152 kB
Buffers:           25588 kB
Cached:          1016556 kB
SwapCached:            0 kB
Active:          1330640 kB
Inactive:         705828 kB
Active(anon):     833812 kB
Inactive(anon):   208732 kB
Active(file):     496828 kB
Inactive(file):   497096 kB
Unevictable:       12768 kB
Mlocked:               0 kB
SwapTotal:        720184 kB
SwapFree:         720156 kB
Dirty:                80 kB
Writeback:             0 kB
AnonPages:       1007212 kB
Mapped:           689168 kB
Shmem:             35448 kB
Slab:             120076 kB
SReclaimable:      39368 kB
SUnreclaim:        80708 kB
KernelStack:       34192 kB
PageTables:        55908 kB
NFS_Unstable:          0 kB
Bounce:                0 kB
WritebackTmp:          0 kB
CommitLimit:     2172840 kB
Committed_AS:   90363464 kB
VmallocTotal:   251658176 kB
VmallocUsed:      138804 kB
VmallocChunk:   251427512 kB
Time pass: 301 sec

---2015-12-04 16:31:57
MemTotal:        2905316 kB
MemFree:           64676 kB
Buffers:           25588 kB
Cached:          1016576 kB
SwapCached:            0 kB
Active:          1331028 kB
Inactive:         705828 kB
Active(anon):     834176 kB
Inactive(anon):   208732 kB
Active(file):     496852 kB
Inactive(file):   497096 kB
Unevictable:       12768 kB
Mlocked:               0 kB
SwapTotal:        720184 kB
SwapFree:         720156 kB
Dirty:                12 kB
Writeback:             0 kB
AnonPages:       1007468 kB
Mapped:           689240 kB
Shmem:             35448 kB
Slab:             120076 kB
SReclaimable:      39368 kB
SUnreclaim:        80708 kB
KernelStack:       34160 kB
PageTables:        55936 kB
NFS_Unstable:          0 kB
Bounce:                0 kB
WritebackTmp:          0 kB
CommitLimit:     2172840 kB
Committed_AS:   90363576 kB
VmallocTotal:   251658176 kB
VmallocUsed:      138804 kB
VmallocChunk:   251427512 kB
Time pass: 305 sec

---2015-12-04 16:31:57
MemTotal:        2905316 kB
MemFree:           64152 kB
Buffers:           25612 kB
Cached:          1016624 kB
SwapCached:            0 kB
Active:          1332120 kB
Inactive:         705872 kB
Active(anon):     835240 kB
Inactive(anon):   208732 kB
Active(file):     496880 kB
Inactive(file):   497140 kB
Unevictable:       12768 kB
Mlocked:               0 kB
SwapTotal:        720184 kB
SwapFree:         720156 kB
Dirty:               136 kB
Writeback:             0 kB
AnonPages:       1008644 kB
Mapped:           689252 kB
Shmem:             35448 kB
Slab:             120076 kB
SReclaimable:      39368 kB
SUnreclaim:        80708 kB
KernelStack:       34192 kB
PageTables:        55932 kB
NFS_Unstable:          0 kB
Bounce:                0 kB
WritebackTmp:          0 kB
CommitLimit:     2172840 kB
Committed_AS:   90363512 kB
VmallocTotal:   251658176 kB
VmallocUsed:      138804 kB
VmallocChunk:   251427512 kB
Time pass: 309 sec

---2015-12-04 16:31:57
MemTotal:        2905316 kB
MemFree:           67008 kB
Buffers:           25536 kB
Cached:          1013652 kB
SwapCached:            0 kB
Active:          1330220 kB
Inactive:         704752 kB
Active(anon):     834800 kB
Inactive(anon):   209200 kB
Active(file):     495420 kB
Inactive(file):   495552 kB
Unevictable:       12768 kB
Mlocked:               0 kB
SwapTotal:        720184 kB
SwapFree:         720156 kB
Dirty:                36 kB
Writeback:             0 kB
AnonPages:       1008568 kB
Mapped:           687684 kB
Shmem:             35448 kB
Slab:             120100 kB
SReclaimable:      39368 kB
SUnreclaim:        80732 kB
KernelStack:       34160 kB
PageTables:        55928 kB
NFS_Unstable:          0 kB
Bounce:                0 kB
WritebackTmp:          0 kB
CommitLimit:     2172840 kB
Committed_AS:   90363516 kB
VmallocTotal:   251658176 kB
VmallocUsed:      138804 kB
VmallocChunk:   251427512 kB
Time pass: 313 sec

---2015-12-04 16:31:57
MemTotal:        2905316 kB
MemFree:           66408 kB
Buffers:           25536 kB
Cached:          1013728 kB
SwapCached:            0 kB
Active:          1331224 kB
Inactive:         704788 kB
Active(anon):     835764 kB
Inactive(anon):   209200 kB
Active(file):     495460 kB
Inactive(file):   495588 kB
Unevictable:       12768 kB
Mlocked:               0 kB
SwapTotal:        720184 kB
SwapFree:         720156 kB
Dirty:                88 kB
Writeback:             0 kB
AnonPages:       1009628 kB
Mapped:           687664 kB
Shmem:             35448 kB
Slab:             120032 kB
SReclaimable:      39368 kB
SUnreclaim:        80664 kB
KernelStack:       34160 kB
PageTables:        55912 kB
NFS_Unstable:          0 kB
Bounce:                0 kB
WritebackTmp:          0 kB
CommitLimit:     2172840 kB
Committed_AS:   90363508 kB
VmallocTotal:   251658176 kB
VmallocUsed:      138804 kB
VmallocChunk:   251427512 kB
Time pass: 316 sec

---2015-12-04 16:31:57
MemTotal:        2905316 kB
MemFree:           65660 kB
Buffers:           25568 kB
Cached:          1013800 kB
SwapCached:            0 kB
Active:          1332612 kB
Inactive:         704860 kB
Active(anon):     837120 kB
Inactive(anon):   209200 kB
Active(file):     495492 kB
Inactive(file):   495660 kB
Unevictable:       12768 kB
Mlocked:               0 kB
SwapTotal:        720184 kB
SwapFree:         720156 kB
Dirty:               140 kB
Writeback:             0 kB
AnonPages:       1010924 kB
Mapped:           687780 kB
Shmem:             35448 kB
Slab:             120032 kB
SReclaimable:      39368 kB
SUnreclaim:        80664 kB
KernelStack:       34048 kB
PageTables:        55932 kB
NFS_Unstable:          0 kB
Bounce:                0 kB
WritebackTmp:          0 kB
CommitLimit:     2172840 kB
Committed_AS:   90363428 kB
VmallocTotal:   251658176 kB
VmallocUsed:      138804 kB
VmallocChunk:   251427512 kB
Time pass: 320 sec

---2015-12-04 16:31:57
MemTotal:        2905316 kB
MemFree:           64152 kB
Buffers:           25576 kB
Cached:          1013860 kB
SwapCached:            0 kB
Active:          1333884 kB
Inactive:         704876 kB
Active(anon):     838368 kB
Inactive(anon):   209200 kB
Active(file):     495516 kB
Inactive(file):   495676 kB
Unevictable:       12768 kB
Mlocked:               0 kB
SwapTotal:        720184 kB
SwapFree:         720156 kB
Dirty:                52 kB
Writeback:             0 kB
AnonPages:       1012168 kB
Mapped:           687800 kB
Shmem:             35448 kB
Slab:             120032 kB
SReclaimable:      39368 kB
SUnreclaim:        80664 kB
KernelStack:       34048 kB
PageTables:        55936 kB
NFS_Unstable:          0 kB
Bounce:                0 kB
WritebackTmp:          0 kB
CommitLimit:     2172840 kB
Committed_AS:   90363304 kB
VmallocTotal:   251658176 kB
VmallocUsed:      138804 kB
VmallocChunk:   251427512 kB
Time pass: 324 sec

---2015-12-04 16:31:57
MemTotal:        2905316 kB
MemFree:           63692 kB
Buffers:           25584 kB
Cached:          1013904 kB
SwapCached:            0 kB
Active:          1333880 kB
Inactive:         704924 kB
Active(anon):     838340 kB
Inactive(anon):   209200 kB
Active(file):     495540 kB
Inactive(file):   495724 kB
Unevictable:       12768 kB
Mlocked:               0 kB
SwapTotal:        720184 kB
SwapFree:         720156 kB
Dirty:                84 kB
Writeback:             0 kB
AnonPages:       1012280 kB
Mapped:           687812 kB
Shmem:             35448 kB
Slab:             120032 kB
SReclaimable:      39368 kB
SUnreclaim:        80664 kB
KernelStack:       34096 kB
PageTables:        55936 kB
NFS_Unstable:          0 kB
Bounce:                0 kB
WritebackTmp:          0 kB
CommitLimit:     2172840 kB
Committed_AS:   90363304 kB
VmallocTotal:   251658176 kB
VmallocUsed:      138804 kB
VmallocChunk:   251427512 kB
Time pass: 328 sec

---2015-12-04 16:31:57
MemTotal:        2905316 kB
MemFree:           69164 kB
Buffers:           25576 kB
Cached:          1011096 kB
SwapCached:            0 kB
Active:          1333708 kB
Inactive:         704128 kB
Active(anon):     839496 kB
Inactive(anon):   209928 kB
Active(file):     494212 kB
Inactive(file):   494200 kB
Unevictable:       12768 kB
Mlocked:               0 kB
SwapTotal:        720184 kB
SwapFree:         720136 kB
Dirty:                56 kB
Writeback:             0 kB
AnonPages:       1014260 kB
Mapped:           687324 kB
Shmem:             35488 kB
Slab:             116224 kB
SReclaimable:      35808 kB
SUnreclaim:        80416 kB
KernelStack:       34064 kB
PageTables:        55964 kB
NFS_Unstable:          0 kB
Bounce:                0 kB
WritebackTmp:          0 kB
CommitLimit:     2172840 kB
Committed_AS:   90389964 kB
VmallocTotal:   251658176 kB
VmallocUsed:      138804 kB
VmallocChunk:   251427512 kB
Time pass: 332 sec

---2015-12-04 16:31:57
MemTotal:        2905316 kB
MemFree:           69108 kB
Buffers:           25576 kB
Cached:          1011156 kB
SwapCached:            0 kB
Active:          1334164 kB
Inactive:         704168 kB
Active(anon):     839928 kB
Inactive(anon):   209928 kB
Active(file):     494236 kB
Inactive(file):   494240 kB
Unevictable:       12768 kB
Mlocked:               0 kB
SwapTotal:        720184 kB
SwapFree:         720136 kB
Dirty:                 8 kB
Writeback:             0 kB
AnonPages:       1014448 kB
Mapped:           687340 kB
Shmem:             35488 kB
Slab:             116220 kB
SReclaimable:      35804 kB
SUnreclaim:        80416 kB
KernelStack:       34048 kB
PageTables:        55964 kB
NFS_Unstable:          0 kB
Bounce:                0 kB
WritebackTmp:          0 kB
CommitLimit:     2172840 kB
Committed_AS:   90389964 kB
VmallocTotal:   251658176 kB
VmallocUsed:      138804 kB
VmallocChunk:   251427512 kB
Time pass: 335 sec

---2015-12-04 16:31:57
MemTotal:        2905316 kB
MemFree:           68032 kB
Buffers:           25584 kB
Cached:          1011176 kB
SwapCached:            0 kB
Active:          1334516 kB
Inactive:         704176 kB
Active(anon):     840260 kB
Inactive(anon):   209928 kB
Active(file):     494256 kB
Inactive(file):   494248 kB
Unevictable:       12768 kB
Mlocked:               0 kB
SwapTotal:        720184 kB
SwapFree:         720136 kB
Dirty:                 8 kB
Writeback:             0 kB
AnonPages:       1014544 kB
Mapped:           687432 kB
Shmem:             35488 kB
Slab:             116220 kB
SReclaimable:      35804 kB
SUnreclaim:        80416 kB
KernelStack:       34048 kB
PageTables:        55988 kB
NFS_Unstable:          0 kB
Bounce:                0 kB
WritebackTmp:          0 kB
CommitLimit:     2172840 kB
Committed_AS:   90390000 kB
VmallocTotal:   251658176 kB
VmallocUsed:      138804 kB
VmallocChunk:   251427512 kB
Time pass: 339 sec

---2015-12-04 16:31:57
MemTotal:        2905316 kB
MemFree:           68444 kB
Buffers:           25592 kB
Cached:          1011192 kB
SwapCached:            0 kB
Active:          1334676 kB
Inactive:         704184 kB
Active(anon):     840404 kB
Inactive(anon):   209928 kB
Active(file):     494272 kB
Inactive(file):   494256 kB
Unevictable:       12768 kB
Mlocked:               0 kB
SwapTotal:        720184 kB
SwapFree:         720136 kB
Dirty:                40 kB
Writeback:             0 kB
AnonPages:       1014668 kB
Mapped:           687432 kB
Shmem:             35488 kB
Slab:             116220 kB
SReclaimable:      35804 kB
SUnreclaim:        80416 kB
KernelStack:       34032 kB
PageTables:        55988 kB
NFS_Unstable:          0 kB
Bounce:                0 kB
WritebackTmp:          0 kB
CommitLimit:     2172840 kB
Committed_AS:   90389972 kB
VmallocTotal:   251658176 kB
VmallocUsed:      138804 kB
VmallocChunk:   251427512 kB
Time pass: 343 sec

---2015-12-04 16:31:57
MemTotal:        2905316 kB
MemFree:           66448 kB
Buffers:           25608 kB
Cached:          1011240 kB
SwapCached:            0 kB
Active:          1335952 kB
Inactive:         704216 kB
Active(anon):     841648 kB
Inactive(anon):   209928 kB
Active(file):     494304 kB
Inactive(file):   494288 kB
Unevictable:       12768 kB
Mlocked:               0 kB
SwapTotal:        720184 kB
SwapFree:         720136 kB
Dirty:                24 kB
Writeback:             0 kB
AnonPages:       1016280 kB
Mapped:           687440 kB
Shmem:             35488 kB
Slab:             116220 kB
SReclaimable:      35804 kB
SUnreclaim:        80416 kB
KernelStack:       34032 kB
PageTables:        55988 kB
NFS_Unstable:          0 kB
Bounce:                0 kB
WritebackTmp:          0 kB
CommitLimit:     2172840 kB
Committed_AS:   90389996 kB
VmallocTotal:   251658176 kB
VmallocUsed:      138804 kB
VmallocChunk:   251427512 kB
Time pass: 347 sec

---2015-12-04 16:31:57
MemTotal:        2905316 kB
MemFree:           66312 kB
Buffers:           25616 kB
Cached:          1011260 kB
SwapCached:            0 kB
Active:          1336208 kB
Inactive:         704224 kB
Active(anon):     841888 kB
Inactive(anon):   209928 kB
Active(file):     494320 kB
Inactive(file):   494296 kB
Unevictable:       12768 kB
Mlocked:               0 kB
SwapTotal:        720184 kB
SwapFree:         720136 kB
Dirty:                12 kB
Writeback:             0 kB
AnonPages:       1015996 kB
Mapped:           687444 kB
Shmem:             35488 kB
Slab:             115932 kB
SReclaimable:      35516 kB
SUnreclaim:        80416 kB
KernelStack:       34032 kB
PageTables:        55988 kB
NFS_Unstable:          0 kB
Bounce:                0 kB
WritebackTmp:          0 kB
CommitLimit:     2172840 kB
Committed_AS:   90389996 kB
VmallocTotal:   251658176 kB
VmallocUsed:      138804 kB
VmallocChunk:   251427512 kB
Time pass: 350 sec

---2015-12-04 16:31:57
MemTotal:        2905316 kB
MemFree:           66636 kB
Buffers:           25624 kB
Cached:          1011284 kB
SwapCached:            0 kB
Active:          1336468 kB
Inactive:         704232 kB
Active(anon):     842120 kB
Inactive(anon):   209928 kB
Active(file):     494348 kB
Inactive(file):   494304 kB
Unevictable:       12768 kB
Mlocked:               0 kB
SwapTotal:        720184 kB
SwapFree:         720136 kB
Dirty:                28 kB
Writeback:             0 kB
AnonPages:       1016428 kB
Mapped:           687448 kB
Shmem:             35488 kB
Slab:             115940 kB
SReclaimable:      35516 kB
SUnreclaim:        80424 kB
KernelStack:       34080 kB
PageTables:        55988 kB
NFS_Unstable:          0 kB
Bounce:                0 kB
WritebackTmp:          0 kB
CommitLimit:     2172840 kB
Committed_AS:   90389956 kB
VmallocTotal:   251658176 kB
VmallocUsed:      138804 kB
VmallocChunk:   251427512 kB
Time pass: 354 sec

---2015-12-04 16:31:57
MemTotal:        2905316 kB
MemFree:           69336 kB
Buffers:           25640 kB
Cached:          1011404 kB
SwapCached:            0 kB
Active:          1333664 kB
Inactive:         704344 kB
Active(anon):     839292 kB
Inactive(anon):   209928 kB
Active(file):     494372 kB
Inactive(file):   494416 kB
Unevictable:       12768 kB
Mlocked:               0 kB
SwapTotal:        720184 kB
SwapFree:         720136 kB
Dirty:               128 kB
Writeback:             0 kB
AnonPages:       1013548 kB
Mapped:           687468 kB
Shmem:             35488 kB
Slab:             115940 kB
SReclaimable:      35516 kB
SUnreclaim:        80424 kB
KernelStack:       34048 kB
PageTables:        55988 kB
NFS_Unstable:          0 kB
Bounce:                0 kB
WritebackTmp:          0 kB
CommitLimit:     2172840 kB
Committed_AS:   90389908 kB
VmallocTotal:   251658176 kB
VmallocUsed:      138804 kB
VmallocChunk:   251427512 kB
Time pass: 359 sec

---2015-12-04 16:31:57
MemTotal:        2905316 kB
MemFree:           75728 kB
Buffers:           25648 kB
Cached:          1011484 kB
SwapCached:            0 kB
Active:          1326564 kB
Inactive:         704408 kB
Active(anon):     832168 kB
Inactive(anon):   209988 kB
Active(file):     494396 kB
Inactive(file):   494420 kB
Unevictable:       12768 kB
Mlocked:               0 kB
SwapTotal:        720184 kB
SwapFree:         720136 kB
Dirty:                80 kB
Writeback:             0 kB
AnonPages:       1006552 kB
Mapped:           687472 kB
Shmem:             35548 kB
Slab:             115948 kB
SReclaimable:      35516 kB
SUnreclaim:        80432 kB
KernelStack:       34048 kB
PageTables:        56008 kB
NFS_Unstable:          0 kB
Bounce:                0 kB
WritebackTmp:          0 kB
CommitLimit:     2172840 kB
Committed_AS:   90416608 kB
VmallocTotal:   251658176 kB
VmallocUsed:      138804 kB
VmallocChunk:   251427512 kB
Time pass: 362 sec

---2015-12-04 16:31:57
MemTotal:        2905316 kB
MemFree:           75776 kB
Buffers:           25656 kB
Cached:          1011768 kB
SwapCached:            0 kB
Active:          1326756 kB
Inactive:         704668 kB
Active(anon):     832328 kB
Inactive(anon):   209988 kB
Active(file):     494428 kB
Inactive(file):   494680 kB
Unevictable:       12768 kB
Mlocked:               0 kB
SwapTotal:        720184 kB
SwapFree:         720136 kB
Dirty:                76 kB
Writeback:             0 kB
AnonPages:       1006856 kB
Mapped:           687552 kB
Shmem:             35548 kB
Slab:             115948 kB
SReclaimable:      35516 kB
SUnreclaim:        80432 kB
KernelStack:       34048 kB
PageTables:        56004 kB
NFS_Unstable:          0 kB
Bounce:                0 kB
WritebackTmp:          0 kB
CommitLimit:     2172840 kB
Committed_AS:   90416488 kB
VmallocTotal:   251658176 kB
VmallocUsed:      138804 kB
VmallocChunk:   251427512 kB
Time pass: 366 sec

---2015-12-04 16:31:57
MemTotal:        2905316 kB
MemFree:           74620 kB
Buffers:           25672 kB
Cached:          1011816 kB
SwapCached:            0 kB
Active:          1327532 kB
Inactive:         704696 kB
Active(anon):     833068 kB
Inactive(anon):   209988 kB
Active(file):     494464 kB
Inactive(file):   494708 kB
Unevictable:       12768 kB
Mlocked:               0 kB
SwapTotal:        720184 kB
SwapFree:         720136 kB
Dirty:                16 kB
Writeback:             0 kB
AnonPages:       1007620 kB
Mapped:           687556 kB
Shmem:             35548 kB
Slab:             115948 kB
SReclaimable:      35516 kB
SUnreclaim:        80432 kB
KernelStack:       34032 kB
PageTables:        56000 kB
NFS_Unstable:          0 kB
Bounce:                0 kB
WritebackTmp:          0 kB
CommitLimit:     2172840 kB
Committed_AS:   90416596 kB
VmallocTotal:   251658176 kB
VmallocUsed:      138804 kB
VmallocChunk:   251427512 kB
Time pass: 370 sec

---2015-12-04 16:31:57
MemTotal:        2905316 kB
MemFree:           74944 kB
Buffers:           25680 kB
Cached:          1011832 kB
SwapCached:            0 kB
Active:          1327900 kB
Inactive:         704708 kB
Active(anon):     833424 kB
Inactive(anon):   209988 kB
Active(file):     494476 kB
Inactive(file):   494720 kB
Unevictable:       12768 kB
Mlocked:               0 kB
SwapTotal:        720184 kB
SwapFree:         720136 kB
Dirty:                56 kB
Writeback:             0 kB
AnonPages:       1007860 kB
Mapped:           687564 kB
Shmem:             35548 kB
Slab:             115948 kB
SReclaimable:      35516 kB
SUnreclaim:        80432 kB
KernelStack:       34080 kB
PageTables:        56032 kB
NFS_Unstable:          0 kB
Bounce:                0 kB
WritebackTmp:          0 kB
CommitLimit:     2172840 kB
Committed_AS:   90416608 kB
VmallocTotal:   251658176 kB
VmallocUsed:      138804 kB
VmallocChunk:   251427512 kB
Time pass: 374 sec

---2015-12-04 16:31:57
MemTotal:        2905316 kB
MemFree:           73788 kB
Buffers:           25688 kB
Cached:          1011856 kB
SwapCached:            0 kB
Active:          1327940 kB
Inactive:         704712 kB
Active(anon):     833436 kB
Inactive(anon):   209988 kB
Active(file):     494504 kB
Inactive(file):   494724 kB
Unevictable:       12768 kB
Mlocked:               0 kB
SwapTotal:        720184 kB
SwapFree:         720136 kB
Dirty:                88 kB
Writeback:             0 kB
AnonPages:       1007964 kB
Mapped:           687592 kB
Shmem:             35548 kB
Slab:             115948 kB
SReclaimable:      35516 kB
SUnreclaim:        80432 kB
KernelStack:       34016 kB
PageTables:        56004 kB
NFS_Unstable:          0 kB
Bounce:                0 kB
WritebackTmp:          0 kB
CommitLimit:     2172840 kB
Committed_AS:   90416608 kB
VmallocTotal:   251658176 kB
VmallocUsed:      138804 kB
VmallocChunk:   251427512 kB
Time pass: 378 sec

---2015-12-04 16:31:57
MemTotal:        2905316 kB
MemFree:           72968 kB
Buffers:           25704 kB
Cached:          1012120 kB
SwapCached:            0 kB
Active:          1328780 kB
Inactive:         704948 kB
Active(anon):     834232 kB
Inactive(anon):   209988 kB
Active(file):     494548 kB
Inactive(file):   494960 kB
Unevictable:       12768 kB
Mlocked:               0 kB
SwapTotal:        720184 kB
SwapFree:         720136 kB
Dirty:               128 kB
Writeback:             0 kB
AnonPages:       1008768 kB
Mapped:           687684 kB
Shmem:             35548 kB
Slab:             115948 kB
SReclaimable:      35516 kB
SUnreclaim:        80432 kB
KernelStack:       34080 kB
PageTables:        56004 kB
NFS_Unstable:          0 kB
Bounce:                0 kB
WritebackTmp:          0 kB
CommitLimit:     2172840 kB
Committed_AS:   90416664 kB
VmallocTotal:   251658176 kB
VmallocUsed:      138804 kB
VmallocChunk:   251427512 kB
Time pass: 382 sec

---2015-12-04 16:31:57
MemTotal:        2905316 kB
MemFree:           73084 kB
Buffers:           25712 kB
Cached:          1012140 kB
SwapCached:            0 kB
Active:          1329024 kB
Inactive:         704956 kB
Active(anon):     834456 kB
Inactive(anon):   209988 kB
Active(file):     494568 kB
Inactive(file):   494968 kB
Unevictable:       12768 kB
Mlocked:               0 kB
SwapTotal:        720184 kB
SwapFree:         720136 kB
Dirty:                88 kB
Writeback:             0 kB
AnonPages:       1008872 kB
Mapped:           687688 kB
Shmem:             35548 kB
Slab:             115948 kB
SReclaimable:      35516 kB
SUnreclaim:        80432 kB
KernelStack:       34080 kB
PageTables:        56000 kB
NFS_Unstable:          0 kB
Bounce:                0 kB
WritebackTmp:          0 kB
CommitLimit:     2172840 kB
Committed_AS:   90416652 kB
VmallocTotal:   251658176 kB
VmallocUsed:      138804 kB
VmallocChunk:   251427512 kB
Time pass: 386 sec

---2015-12-04 16:31:57
MemTotal:        2905316 kB
MemFree:           72860 kB
Buffers:           25720 kB
Cached:          1012152 kB
SwapCached:            0 kB
Active:          1329264 kB
Inactive:         704956 kB
Active(anon):     834680 kB
Inactive(anon):   209988 kB
Active(file):     494584 kB
Inactive(file):   494968 kB
Unevictable:       12768 kB
Mlocked:               0 kB
SwapTotal:        720184 kB
SwapFree:         720136 kB
Dirty:                 8 kB
Writeback:             0 kB
AnonPages:       1008928 kB
Mapped:           687692 kB
Shmem:             35548 kB
Slab:             115948 kB
SReclaimable:      35516 kB
SUnreclaim:        80432 kB
KernelStack:       34096 kB
PageTables:        56004 kB
NFS_Unstable:          0 kB
Bounce:                0 kB
WritebackTmp:          0 kB
CommitLimit:     2172840 kB
Committed_AS:   90416612 kB
VmallocTotal:   251658176 kB
VmallocUsed:      138804 kB
VmallocChunk:   251427512 kB
Time pass: 389 sec

---2015-12-04 16:31:57
MemTotal:        2905316 kB
MemFree:           71172 kB
Buffers:           25736 kB
Cached:          1012272 kB
SwapCached:            0 kB
Active:          1330824 kB
Inactive:         705068 kB
Active(anon):     836216 kB
Inactive(anon):   210048 kB
Active(file):     494608 kB
Inactive(file):   495020 kB
Unevictable:       12768 kB
Mlocked:               0 kB
SwapTotal:        720184 kB
SwapFree:         720136 kB
Dirty:               136 kB
Writeback:             0 kB
AnonPages:       1010640 kB
Mapped:           687764 kB
Shmem:             35608 kB
Slab:             115948 kB
SReclaimable:      35516 kB
SUnreclaim:        80432 kB
KernelStack:       34064 kB
PageTables:        56056 kB
NFS_Unstable:          0 kB
Bounce:                0 kB
WritebackTmp:          0 kB
CommitLimit:     2172840 kB
Committed_AS:   90443504 kB
VmallocTotal:   251658176 kB
VmallocUsed:      138804 kB
VmallocChunk:   251427512 kB
Time pass: 393 sec

---2015-12-04 16:31:57
MemTotal:        2905316 kB
MemFree:           70964 kB
Buffers:           25744 kB
Cached:          1012292 kB
SwapCached:            0 kB
Active:          1331004 kB
Inactive:         705080 kB
