---2015-10-26 11:04:01
MemTotal:        1745540 kB
MemFree:           47144 kB
Buffers:            8304 kB
Cached:           393396 kB
SwapCached:        47768 kB
Active:           582416 kB
Inactive:         582648 kB
Active(anon):     381340 kB
Inactive(anon):   385928 kB
Active(file):     201076 kB
Inactive(file):   196720 kB
Unevictable:        3816 kB
Mlocked:               0 kB
HighTotal:       1217536 kB
HighFree:          22236 kB
LowTotal:         528004 kB
LowFree:           24908 kB
SwapTotal:       1310716 kB
SwapFree:         745912 kB
Dirty:                 0 kB
Writeback:             0 kB
AnonPages:        744908 kB
Mapped:           184672 kB
Shmem:                88 kB
Slab:              62684 kB
SReclaimable:      16072 kB
SUnreclaim:        46612 kB
KernelStack:       15336 kB
PageTables:        52236 kB
NFS_Unstable:          0 kB
Bounce:                0 kB
WritebackTmp:          0 kB
CommitLimit:     2183484 kB
Committed_AS:   123920592 kB
VmallocTotal:     311296 kB
VmallocUsed:       16476 kB
VmallocChunk:     151564 kB
Time pass: 3 sec

---2015-10-26 11:04:01
MemTotal:        1745540 kB
MemFree:           48744 kB
Buffers:            8304 kB
Cached:           392120 kB
SwapCached:        47768 kB
Active:           582052 kB
Inactive:         581872 kB
Active(anon):     381588 kB
Inactive(anon):   385816 kB
Active(file):     200464 kB
Inactive(file):   196056 kB
Unevictable:        3816 kB
Mlocked:               0 kB
HighTotal:       1217536 kB
HighFree:          22948 kB
LowTotal:         528004 kB
LowFree:           25796 kB
SwapTotal:       1310716 kB
SwapFree:         745912 kB
Dirty:                 0 kB
Writeback:             0 kB
AnonPages:        745048 kB
Mapped:           184672 kB
Shmem:                88 kB
Slab:              62696 kB
SReclaimable:      16072 kB
SUnreclaim:        46624 kB
KernelStack:       15336 kB
PageTables:        52236 kB
NFS_Unstable:          0 kB
Bounce:                0 kB
WritebackTmp:          0 kB
CommitLimit:     2183484 kB
Committed_AS:   123920800 kB
VmallocTotal:     311296 kB
VmallocUsed:       16476 kB
VmallocChunk:     151564 kB
Time pass: 7 sec

---2015-10-26 11:04:01
MemTotal:        1745540 kB
MemFree:           48308 kB
Buffers:            8360 kB
Cached:           392120 kB
SwapCached:        47768 kB
Active:           582232 kB
Inactive:         581880 kB
Active(anon):     381768 kB
Inactive(anon):   385816 kB
Active(file):     200464 kB
Inactive(file):   196064 kB
Unevictable:        3816 kB
Mlocked:               0 kB
HighTotal:       1217536 kB
HighFree:          22636 kB
LowTotal:         528004 kB
LowFree:           25672 kB
SwapTotal:       1310716 kB
SwapFree:         745912 kB
Dirty:                24 kB
Writeback:             0 kB
AnonPages:        745088 kB
Mapped:           184796 kB
Shmem:                88 kB
Slab:              62696 kB
SReclaimable:      16072 kB
SUnreclaim:        46624 kB
KernelStack:       15336 kB
PageTables:        52236 kB
NFS_Unstable:          0 kB
Bounce:                0 kB
WritebackTmp:          0 kB
CommitLimit:     2183484 kB
Committed_AS:   123920872 kB
VmallocTotal:     311296 kB
VmallocUsed:       16476 kB
VmallocChunk:     151564 kB
Time pass: 10 sec

---2015-10-26 11:04:01
MemTotal:        1745540 kB
MemFree:           48164 kB
Buffers:            8360 kB
Cached:           392120 kB
SwapCached:        47768 kB
Active:           582428 kB
Inactive:         581928 kB
Active(anon):     381964 kB
Inactive(anon):   385816 kB
Active(file):     200464 kB
Inactive(file):   196112 kB
Unevictable:        3816 kB
Mlocked:               0 kB
HighTotal:       1217536 kB
HighFree:          22492 kB
LowTotal:         528004 kB
LowFree:           25672 kB
SwapTotal:       1310716 kB
SwapFree:         745912 kB
Dirty:                 0 kB
Writeback:             0 kB
AnonPages:        745392 kB
Mapped:           184672 kB
Shmem:                88 kB
Slab:              62716 kB
SReclaimable:      16072 kB
SUnreclaim:        46644 kB
KernelStack:       15336 kB
PageTables:        52236 kB
NFS_Unstable:          0 kB
Bounce:                0 kB
WritebackTmp:          0 kB
CommitLimit:     2183484 kB
Committed_AS:   123921080 kB
VmallocTotal:     311296 kB
VmallocUsed:       16476 kB
VmallocChunk:     151564 kB
Time pass: 14 sec

---2015-10-26 11:04:01
MemTotal:        1745540 kB
MemFree:           48836 kB
Buffers:            8368 kB
Cached:           391644 kB
SwapCached:        47768 kB
Active:           582584 kB
Inactive:         581364 kB
Active(anon):     382124 kB
Inactive(anon):   385764 kB
Active(file):     200460 kB
Inactive(file):   195600 kB
Unevictable:        3816 kB
Mlocked:               0 kB
HighTotal:       1217536 kB
HighFree:          23164 kB
LowTotal:         528004 kB
LowFree:           25672 kB
SwapTotal:       1310716 kB
SwapFree:         745912 kB
Dirty:                 4 kB
Writeback:             0 kB
AnonPages:        745508 kB
Mapped:           184796 kB
Shmem:                88 kB
Slab:              62704 kB
SReclaimable:      16072 kB
SUnreclaim:        46632 kB
KernelStack:       15336 kB
PageTables:        52236 kB
NFS_Unstable:          0 kB
Bounce:                0 kB
WritebackTmp:          0 kB
CommitLimit:     2183484 kB
Committed_AS:   123921168 kB
VmallocTotal:     311296 kB
VmallocUsed:       16476 kB
VmallocChunk:     151564 kB
Time pass: 18 sec

---2015-10-26 11:04:01
MemTotal:        1745540 kB
MemFree:           48740 kB
Buffers:            8368 kB
Cached:           391240 kB
SwapCached:        47768 kB
Active:           582732 kB
Inactive:         581100 kB
Active(anon):     382360 kB
Inactive(anon):   385768 kB
Active(file):     200372 kB
Inactive(file):   195332 kB
Unevictable:        3816 kB
Mlocked:               0 kB
HighTotal:       1217536 kB
HighFree:          23216 kB
LowTotal:         528004 kB
LowFree:           25524 kB
SwapTotal:       1310716 kB
SwapFree:         745912 kB
Dirty:                 0 kB
Writeback:             0 kB
AnonPages:        745664 kB
Mapped:           184796 kB
Shmem:                88 kB
Slab:              62704 kB
SReclaimable:      16072 kB
SUnreclaim:        46632 kB
KernelStack:       15336 kB
PageTables:        52236 kB
NFS_Unstable:          0 kB
Bounce:                0 kB
WritebackTmp:          0 kB
CommitLimit:     2183484 kB
Committed_AS:   123921248 kB
VmallocTotal:     311296 kB
VmallocUsed:       16476 kB
VmallocChunk:     151564 kB
Time pass: 22 sec

---2015-10-26 11:04:01
MemTotal:        1745540 kB
MemFree:           48936 kB
Buffers:            8368 kB
Cached:           391240 kB
SwapCached:        47768 kB
Active:           582816 kB
Inactive:         581100 kB
Active(anon):     382444 kB
Inactive(anon):   385768 kB
Active(file):     200372 kB
Inactive(file):   195332 kB
Unevictable:        3816 kB
Mlocked:               0 kB
HighTotal:       1217536 kB
HighFree:          23388 kB
LowTotal:         528004 kB
LowFree:           25548 kB
SwapTotal:       1310716 kB
SwapFree:         745912 kB
Dirty:                 0 kB
Writeback:             0 kB
AnonPages:        745840 kB
Mapped:           184672 kB
Shmem:                88 kB
Slab:              62708 kB
SReclaimable:      16072 kB
SUnreclaim:        46636 kB
KernelStack:       15336 kB
PageTables:        52236 kB
NFS_Unstable:          0 kB
Bounce:                0 kB
WritebackTmp:          0 kB
CommitLimit:     2183484 kB
Committed_AS:   123921320 kB
VmallocTotal:     311296 kB
VmallocUsed:       16476 kB
VmallocChunk:     151564 kB
Time pass: 25 sec

---2015-10-26 11:04:01
MemTotal:        1745540 kB
MemFree:           48696 kB
Buffers:            8368 kB
Cached:           391240 kB
SwapCached:        47768 kB
Active:           582932 kB
Inactive:         581100 kB
Active(anon):     382560 kB
Inactive(anon):   385768 kB
Active(file):     200372 kB
Inactive(file):   195332 kB
Unevictable:        3816 kB
Mlocked:               0 kB
HighTotal:       1217536 kB
HighFree:          23140 kB
LowTotal:         528004 kB
LowFree:           25556 kB
SwapTotal:       1310716 kB
SwapFree:         745912 kB
Dirty:                 0 kB
Writeback:             0 kB
AnonPages:        746024 kB
Mapped:           184672 kB
Shmem:                88 kB
Slab:              62708 kB
SReclaimable:      16072 kB
SUnreclaim:        46636 kB
KernelStack:       15328 kB
PageTables:        52236 kB
NFS_Unstable:          0 kB
Bounce:                0 kB
WritebackTmp:          0 kB
CommitLimit:     2183484 kB
Committed_AS:   123921512 kB
VmallocTotal:     311296 kB
VmallocUsed:       16476 kB
VmallocChunk:     151564 kB
Time pass: 29 sec

---2015-10-26 11:04:01
MemTotal:        1745540 kB
MemFree:           48276 kB
Buffers:            8368 kB
Cached:           391240 kB
SwapCached:        47768 kB
Active:           583084 kB
Inactive:         581100 kB
Active(anon):     382712 kB
Inactive(anon):   385768 kB
Active(file):     200372 kB
Inactive(file):   195332 kB
Unevictable:        3816 kB
Mlocked:               0 kB
HighTotal:       1217536 kB
HighFree:          22776 kB
LowTotal:         528004 kB
LowFree:           25500 kB
SwapTotal:       1310716 kB
SwapFree:         745912 kB
Dirty:                 0 kB
Writeback:             0 kB
AnonPages:        746064 kB
Mapped:           184796 kB
Shmem:                88 kB
Slab:              62712 kB
SReclaimable:      16072 kB
SUnreclaim:        46640 kB
KernelStack:       15312 kB
PageTables:        52232 kB
NFS_Unstable:          0 kB
Bounce:                0 kB
WritebackTmp:          0 kB
CommitLimit:     2183484 kB
Committed_AS:   123921520 kB
VmallocTotal:     311296 kB
VmallocUsed:       16544 kB
VmallocChunk:     151564 kB
Time pass: 33 sec

---2015-10-26 11:04:01
MemTotal:        1745540 kB
MemFree:           48908 kB
Buffers:            8368 kB
Cached:           390660 kB
SwapCached:        47768 kB
Active:           582844 kB
Inactive:         580808 kB
Active(anon):     382960 kB
Inactive(anon):   385568 kB
Active(file):     199884 kB
Inactive(file):   195240 kB
Unevictable:        3816 kB
Mlocked:               0 kB
HighTotal:       1217536 kB
HighFree:          23260 kB
LowTotal:         528004 kB
LowFree:           25648 kB
SwapTotal:       1310716 kB
SwapFree:         745912 kB
Dirty:                 0 kB
Writeback:             0 kB
AnonPages:        746188 kB
Mapped:           184744 kB
Shmem:                88 kB
Slab:              62712 kB
SReclaimable:      16072 kB
SUnreclaim:        46640 kB
KernelStack:       15312 kB
PageTables:        52216 kB
NFS_Unstable:          0 kB
Bounce:                0 kB
WritebackTmp:          0 kB
CommitLimit:     2183484 kB
Committed_AS:   123921712 kB
VmallocTotal:     311296 kB
VmallocUsed:       16476 kB
VmallocChunk:     151564 kB
Time pass: 37 sec

---2015-10-26 11:04:01
MemTotal:        1745540 kB
MemFree:           48868 kB
Buffers:            8368 kB
Cached:           390660 kB
SwapCached:        47768 kB
Active:           583024 kB
Inactive:         580808 kB
Active(anon):     383140 kB
Inactive(anon):   385568 kB
Active(file):     199884 kB
Inactive(file):   195240 kB
Unevictable:        3816 kB
Mlocked:               0 kB
HighTotal:       1217536 kB
HighFree:          23236 kB
LowTotal:         528004 kB
LowFree:           25632 kB
SwapTotal:       1310716 kB
SwapFree:         745912 kB
Dirty:                 0 kB
Writeback:             0 kB
AnonPages:        746312 kB
Mapped:           184796 kB
Shmem:                88 kB
Slab:              62712 kB
SReclaimable:      16072 kB
SUnreclaim:        46640 kB
KernelStack:       15312 kB
PageTables:        52232 kB
NFS_Unstable:          0 kB
Bounce:                0 kB
WritebackTmp:          0 kB
CommitLimit:     2183484 kB
Committed_AS:   123921764 kB
VmallocTotal:     311296 kB
VmallocUsed:       16476 kB
VmallocChunk:     151564 kB
Time pass: 41 sec

---2015-10-26 11:04:01
MemTotal:        1745540 kB
MemFree:           48432 kB
Buffers:            8368 kB
Cached:           390660 kB
SwapCached:        47768 kB
Active:           583268 kB
Inactive:         580808 kB
Active(anon):     383384 kB
Inactive(anon):   385568 kB
Active(file):     199884 kB
Inactive(file):   195240 kB
Unevictable:        3816 kB
Mlocked:               0 kB
HighTotal:       1217536 kB
HighFree:          22972 kB
LowTotal:         528004 kB
LowFree:           25460 kB
SwapTotal:       1310716 kB
SwapFree:         745912 kB
Dirty:                 0 kB
Writeback:             0 kB
AnonPages:        746500 kB
Mapped:           184796 kB
Shmem:                88 kB
Slab:              62712 kB
SReclaimable:      16072 kB
SUnreclaim:        46640 kB
KernelStack:       15312 kB
PageTables:        52232 kB
NFS_Unstable:          0 kB
Bounce:                0 kB
WritebackTmp:          0 kB
CommitLimit:     2183484 kB
Committed_AS:   123922008 kB
VmallocTotal:     311296 kB
VmallocUsed:       16476 kB
VmallocChunk:     151564 kB
Time pass: 45 sec

---2015-10-26 11:04:01
MemTotal:        1745540 kB
MemFree:           48872 kB
Buffers:            8368 kB
Cached:           390660 kB
SwapCached:        47768 kB
Active:           582940 kB
Inactive:         580808 kB
Active(anon):     383056 kB
Inactive(anon):   385568 kB
Active(file):     199884 kB
Inactive(file):   195240 kB
Unevictable:        3816 kB
Mlocked:               0 kB
HighTotal:       1217536 kB
HighFree:          23332 kB
LowTotal:         528004 kB
LowFree:           25540 kB
SwapTotal:       1310716 kB
SwapFree:         745912 kB
Dirty:                 0 kB
Writeback:             0 kB
AnonPages:        746224 kB
Mapped:           184660 kB
Shmem:                88 kB
Slab:              62720 kB
SReclaimable:      16072 kB
SUnreclaim:        46648 kB
KernelStack:       15280 kB
PageTables:        52232 kB
NFS_Unstable:          0 kB
Bounce:                0 kB
WritebackTmp:          0 kB
CommitLimit:     2183484 kB
Committed_AS:   123922000 kB
VmallocTotal:     311296 kB
VmallocUsed:       16476 kB
VmallocChunk:     151564 kB
Time pass: 48 sec

---2015-10-26 11:04:01
MemTotal:        1745540 kB
MemFree:           48780 kB
Buffers:            8368 kB
Cached:           390660 kB
SwapCached:        47768 kB
Active:           583176 kB
Inactive:         580808 kB
Active(anon):     383292 kB
Inactive(anon):   385568 kB
Active(file):     199884 kB
Inactive(file):   195240 kB
Unevictable:        3816 kB
Mlocked:               0 kB
HighTotal:       1217536 kB
HighFree:          23116 kB
LowTotal:         528004 kB
LowFree:           25664 kB
SwapTotal:       1310716 kB
SwapFree:         745916 kB
Dirty:                 0 kB
Writeback:             0 kB
AnonPages:        746572 kB
Mapped:           184784 kB
Shmem:                88 kB
Slab:              62732 kB
SReclaimable:      16072 kB
SUnreclaim:        46660 kB
KernelStack:       15280 kB
PageTables:        52232 kB
NFS_Unstable:          0 kB
Bounce:                0 kB
WritebackTmp:          0 kB
CommitLimit:     2183484 kB
Committed_AS:   123922000 kB
VmallocTotal:     311296 kB
VmallocUsed:       16476 kB
VmallocChunk:     151564 kB
Time pass: 52 sec

---2015-10-26 11:04:01
MemTotal:        1745540 kB
MemFree:           48628 kB
Buffers:            8368 kB
Cached:           390660 kB
SwapCached:        47768 kB
Active:           583376 kB
Inactive:         580812 kB
Active(anon):     383492 kB
Inactive(anon):   385572 kB
Active(file):     199884 kB
Inactive(file):   195240 kB
Unevictable:        3816 kB
Mlocked:               0 kB
HighTotal:       1217536 kB
HighFree:          22964 kB
LowTotal:         528004 kB
LowFree:           25664 kB
SwapTotal:       1310716 kB
SwapFree:         745916 kB
Dirty:                 0 kB
Writeback:             0 kB
AnonPages:        746636 kB
Mapped:           184660 kB
Shmem:                88 kB
Slab:              62740 kB
SReclaimable:      16072 kB
SUnreclaim:        46668 kB
KernelStack:       15280 kB
PageTables:        52232 kB
NFS_Unstable:          0 kB
Bounce:                0 kB
WritebackTmp:          0 kB
CommitLimit:     2183484 kB
Committed_AS:   123922192 kB
VmallocTotal:     311296 kB
VmallocUsed:       16476 kB
VmallocChunk:     151564 kB
Time pass: 56 sec

---2015-10-26 11:04:01
MemTotal:        1745540 kB
MemFree:           48308 kB
Buffers:            8368 kB
Cached:           390660 kB
SwapCached:        47768 kB
Active:           583500 kB
Inactive:         580812 kB
Active(anon):     383616 kB
Inactive(anon):   385572 kB
Active(file):     199884 kB
Inactive(file):   195240 kB
Unevictable:        3816 kB
Mlocked:               0 kB
HighTotal:       1217536 kB
HighFree:          22768 kB
LowTotal:         528004 kB
LowFree:           25540 kB
SwapTotal:       1310716 kB
SwapFree:         745916 kB
Dirty:                 0 kB
Writeback:             0 kB
AnonPages:        746812 kB
Mapped:           184660 kB
Shmem:                88 kB
Slab:              62744 kB
SReclaimable:      16072 kB
SUnreclaim:        46672 kB
KernelStack:       15280 kB
PageTables:        52232 kB
NFS_Unstable:          0 kB
Bounce:                0 kB
WritebackTmp:          0 kB
CommitLimit:     2183484 kB
Committed_AS:   123922280 kB
VmallocTotal:     311296 kB
VmallocUsed:       16476 kB
VmallocChunk:     151564 kB
Time pass: 60 sec

---2015-10-26 11:04:01
MemTotal:        1745540 kB
MemFree:           48080 kB
Buffers:            8368 kB
Cached:           390660 kB
SwapCached:        47768 kB
Active:           583520 kB
Inactive:         580812 kB
Active(anon):     383636 kB
Inactive(anon):   385572 kB
Active(file):     199884 kB
Inactive(file):   195240 kB
Unevictable:        3816 kB
Mlocked:               0 kB
HighTotal:       1217536 kB
HighFree:          22540 kB
LowTotal:         528004 kB
LowFree:           25540 kB
SwapTotal:       1310716 kB
SwapFree:         745916 kB
Dirty:                 0 kB
Writeback:             0 kB
AnonPages:        746916 kB
Mapped:           184660 kB
Shmem:                88 kB
Slab:              62748 kB
SReclaimable:      16072 kB
SUnreclaim:        46676 kB
KernelStack:       15280 kB
PageTables:        52232 kB
NFS_Unstable:          0 kB
Bounce:                0 kB
WritebackTmp:          0 kB
CommitLimit:     2183484 kB
Committed_AS:   123922352 kB
VmallocTotal:     311296 kB
VmallocUsed:       16476 kB
VmallocChunk:     151564 kB
Time pass: 63 sec

---2015-10-26 11:04:01
MemTotal:        1745540 kB
MemFree:           48108 kB
Buffers:            8368 kB
Cached:           390660 kB
SwapCached:        47768 kB
Active:           583816 kB
Inactive:         580812 kB
Active(anon):     383932 kB
Inactive(anon):   385572 kB
Active(file):     199884 kB
Inactive(file):   195240 kB
Unevictable:        3816 kB
Mlocked:               0 kB
HighTotal:       1217536 kB
HighFree:          22568 kB
LowTotal:         528004 kB
LowFree:           25540 kB
SwapTotal:       1310716 kB
SwapFree:         745916 kB
Dirty:                 0 kB
Writeback:             0 kB
AnonPages:        747072 kB
Mapped:           184784 kB
Shmem:                88 kB
Slab:              62752 kB
SReclaimable:      16072 kB
SUnreclaim:        46680 kB
KernelStack:       15280 kB
PageTables:        52232 kB
NFS_Unstable:          0 kB
Bounce:                0 kB
WritebackTmp:          0 kB
CommitLimit:     2183484 kB
Committed_AS:   123922568 kB
VmallocTotal:     311296 kB
VmallocUsed:       16476 kB
VmallocChunk:     151564 kB
Time pass: 68 sec

---2015-10-26 11:04:01
MemTotal:        1745540 kB
MemFree:           47936 kB
Buffers:            8368 kB
Cached:           390660 kB
SwapCached:        47768 kB
Active:           583860 kB
Inactive:         580812 kB
Active(anon):     383976 kB
Inactive(anon):   385572 kB
Active(file):     199884 kB
Inactive(file):   195240 kB
Unevictable:        3816 kB
Mlocked:               0 kB
HighTotal:       1217536 kB
HighFree:          22396 kB
LowTotal:         528004 kB
LowFree:           25540 kB
SwapTotal:       1310716 kB
SwapFree:         745916 kB
Dirty:                 0 kB
Writeback:             0 kB
AnonPages:        747168 kB
Mapped:           184660 kB
Shmem:                88 kB
Slab:              62752 kB
SReclaimable:      16072 kB
SUnreclaim:        46680 kB
KernelStack:       15280 kB
PageTables:        52232 kB
NFS_Unstable:          0 kB
Bounce:                0 kB
WritebackTmp:          0 kB
CommitLimit:     2183484 kB
Committed_AS:   123922632 kB
VmallocTotal:     311296 kB
VmallocUsed:       16476 kB
VmallocChunk:     151564 kB
Time pass: 72 sec

---2015-10-26 11:04:01
MemTotal:        1745540 kB
MemFree:           47932 kB
Buffers:            8368 kB
Cached:           390660 kB
SwapCached:        47768 kB
Active:           584076 kB
Inactive:         580812 kB
Active(anon):     384192 kB
Inactive(anon):   385572 kB
Active(file):     199884 kB
Inactive(file):   195240 kB
Unevictable:        3816 kB
Mlocked:               0 kB
HighTotal:       1217536 kB
HighFree:          22392 kB
LowTotal:         528004 kB
LowFree:           25540 kB
SwapTotal:       1310716 kB
SwapFree:         745916 kB
Dirty:                 0 kB
Writeback:             0 kB
AnonPages:        747392 kB
Mapped:           184660 kB
Shmem:                88 kB
Slab:              62752 kB
SReclaimable:      16072 kB
SUnreclaim:        46680 kB
KernelStack:       15280 kB
PageTables:        52232 kB
NFS_Unstable:          0 kB
Bounce:                0 kB
WritebackTmp:          0 kB
CommitLimit:     2183484 kB
Committed_AS:   123922840 kB
VmallocTotal:     311296 kB
VmallocUsed:       16476 kB
VmallocChunk:     151564 kB
Time pass: 76 sec

---2015-10-26 11:04:01
MemTotal:        1745540 kB
MemFree:           47784 kB
Buffers:            8368 kB
Cached:           390660 kB
SwapCached:        47768 kB
Active:           584180 kB
Inactive:         580812 kB
Active(anon):     384296 kB
Inactive(anon):   385572 kB
Active(file):     199884 kB
Inactive(file):   195240 kB
Unevictable:        3816 kB
Mlocked:               0 kB
HighTotal:       1217536 kB
HighFree:          22244 kB
LowTotal:         528004 kB
LowFree:           25540 kB
SwapTotal:       1310716 kB
SwapFree:         745916 kB
Dirty:                 0 kB
Writeback:             0 kB
AnonPages:        747496 kB
Mapped:           184660 kB
Shmem:                88 kB
Slab:              62752 kB
SReclaimable:      16072 kB
SUnreclaim:        46680 kB
KernelStack:       15280 kB
PageTables:        52232 kB
NFS_Unstable:          0 kB
Bounce:                0 kB
WritebackTmp:          0 kB
CommitLimit:     2183484 kB
Committed_AS:   123922920 kB
VmallocTotal:     311296 kB
VmallocUsed:       16476 kB
VmallocChunk:     151564 kB
Time pass: 80 sec

---2015-10-26 11:04:01
MemTotal:        1745540 kB
MemFree:           47496 kB
Buffers:            8368 kB
Cached:           390660 kB
SwapCached:        47768 kB
Active:           584216 kB
Inactive:         580812 kB
Active(anon):     384332 kB
Inactive(anon):   385572 kB
Active(file):     199884 kB
Inactive(file):   195240 kB
Unevictable:        3816 kB
Mlocked:               0 kB
HighTotal:       1217536 kB
HighFree:          21956 kB
LowTotal:         528004 kB
LowFree:           25540 kB
SwapTotal:       1310716 kB
SwapFree:         745916 kB
Dirty:                 0 kB
Writeback:             0 kB
AnonPages:        747616 kB
Mapped:           184784 kB
Shmem:                88 kB
Slab:              62752 kB
SReclaimable:      16072 kB
SUnreclaim:        46680 kB
KernelStack:       15280 kB
PageTables:        52232 kB
NFS_Unstable:          0 kB
Bounce:                0 kB
WritebackTmp:          0 kB
CommitLimit:     2183484 kB
Committed_AS:   123923000 kB
VmallocTotal:     311296 kB
VmallocUsed:       16476 kB
VmallocChunk:     151564 kB
Time pass: 83 sec

---2015-10-26 11:04:01
MemTotal:        1745540 kB
MemFree:           46904 kB
Buffers:            8616 kB
Cached:           385760 kB
SwapCached:        47896 kB
Active:           583400 kB
Inactive:         583496 kB
Active(anon):     387420 kB
Inactive(anon):   389168 kB
Active(file):     195980 kB
Inactive(file):   194328 kB
Unevictable:        3816 kB
Mlocked:               0 kB
HighTotal:       1217536 kB
HighFree:          20820 kB
LowTotal:         528004 kB
LowFree:           26084 kB
SwapTotal:       1310716 kB
SwapFree:         745768 kB
Dirty:                 0 kB
Writeback:             0 kB
AnonPages:        754076 kB
Mapped:           185136 kB
Shmem:                88 kB
Slab:              62752 kB
SReclaimable:      16072 kB
SUnreclaim:        46680 kB
KernelStack:       15296 kB
PageTables:        52740 kB
NFS_Unstable:          0 kB
Bounce:                0 kB
WritebackTmp:          0 kB
CommitLimit:     2183484 kB
Committed_AS:   125427128 kB
VmallocTotal:     311296 kB
VmallocUsed:       16544 kB
VmallocChunk:     151564 kB
Time pass: 87 sec

---2015-10-26 11:04:01
MemTotal:        1745540 kB
MemFree:           45112 kB
Buffers:            8624 kB
Cached:           381704 kB
SwapCached:        48328 kB
Active:           584700 kB
Inactive:         583940 kB
Active(anon):     391356 kB
Inactive(anon):   391348 kB
Active(file):     193344 kB
Inactive(file):   192592 kB
Unevictable:        3816 kB
Mlocked:               0 kB
HighTotal:       1217536 kB
HighFree:          21452 kB
LowTotal:         528004 kB
LowFree:           23660 kB
SwapTotal:       1310716 kB
SwapFree:         743156 kB
Dirty:                 0 kB
Writeback:             0 kB
AnonPages:        759952 kB
Mapped:           190380 kB
Shmem:                88 kB
Slab:              62800 kB
SReclaimable:      16072 kB
SUnreclaim:        46728 kB
KernelStack:       15512 kB
PageTables:        53364 kB
NFS_Unstable:          0 kB
Bounce:                0 kB
WritebackTmp:          0 kB
CommitLimit:     2183484 kB
Committed_AS:   128112380 kB
VmallocTotal:     311296 kB
VmallocUsed:       16612 kB
VmallocChunk:     151564 kB
Time pass: 91 sec

---2015-10-26 11:04:01
MemTotal:        1745540 kB
MemFree:           68900 kB
Buffers:            8712 kB
Cached:           345436 kB
SwapCached:        49920 kB
Active:           554064 kB
Inactive:         552660 kB
Active(anon):     377000 kB
Inactive(anon):   379464 kB
Active(file):     177064 kB
Inactive(file):   173196 kB
Unevictable:        3816 kB
Mlocked:               0 kB
HighTotal:       1217536 kB
HighFree:          42984 kB
LowTotal:         528004 kB
LowFree:           25916 kB
SwapTotal:       1310716 kB
SwapFree:         691744 kB
Dirty:              1072 kB
Writeback:             0 kB
AnonPages:        732332 kB
Mapped:           248904 kB
Shmem:               220 kB
Slab:              62896 kB
SReclaimable:      16072 kB
SUnreclaim:        46824 kB
KernelStack:       15840 kB
PageTables:        53796 kB
NFS_Unstable:          0 kB
Bounce:                0 kB
WritebackTmp:          0 kB
CommitLimit:     2183484 kB
Committed_AS:   127025144 kB
VmallocTotal:     311296 kB
VmallocUsed:       16940 kB
VmallocChunk:     151564 kB
Time pass: 94 sec

---2015-10-26 11:04:01
MemTotal:        1745540 kB
MemFree:           74372 kB
Buffers:            8340 kB
Cached:           318596 kB
SwapCached:        50860 kB
Active:           541672 kB
Inactive:         525612 kB
Active(anon):     372056 kB
Inactive(anon):   372504 kB
Active(file):     169616 kB
Inactive(file):   153108 kB
Unevictable:        3816 kB
Mlocked:               0 kB
HighTotal:       1217536 kB
HighFree:          49400 kB
LowTotal:         528004 kB
LowFree:           24972 kB
SwapTotal:       1310716 kB
SwapFree:         672952 kB
Dirty:              2072 kB
Writeback:             0 kB
AnonPages:        719860 kB
Mapped:           277956 kB
Shmem:               224 kB
Slab:              62960 kB
SReclaimable:      16044 kB
SUnreclaim:        46916 kB
KernelStack:       15920 kB
PageTables:        53964 kB
NFS_Unstable:          0 kB
Bounce:                0 kB
WritebackTmp:          0 kB
CommitLimit:     2183484 kB
Committed_AS:   127026600 kB
VmallocTotal:     311296 kB
VmallocUsed:       17080 kB
VmallocChunk:     151564 kB
Time pass: 99 sec

---2015-10-26 11:04:01
MemTotal:        1745540 kB
MemFree:           82232 kB
Buffers:            7660 kB
Cached:           299716 kB
SwapCached:        50892 kB
Active:           519532 kB
Inactive:         520040 kB
Active(anon):     367544 kB
Inactive(anon):   368688 kB
Active(file):     151988 kB
Inactive(file):   151352 kB
Unevictable:        3816 kB
Mlocked:               0 kB
HighTotal:       1217536 kB
HighFree:          55900 kB
LowTotal:         528004 kB
LowFree:           26332 kB
SwapTotal:       1310716 kB
SwapFree:         668380 kB
Dirty:                 0 kB
Writeback:             0 kB
AnonPages:        711284 kB
Mapped:           295892 kB
Shmem:               224 kB
Slab:              62960 kB
SReclaimable:      16044 kB
SUnreclaim:        46916 kB
KernelStack:       15904 kB
PageTables:        54044 kB
NFS_Unstable:          0 kB
Bounce:                0 kB
WritebackTmp:          0 kB
CommitLimit:     2183484 kB
Committed_AS:   127034880 kB
VmallocTotal:     311296 kB
VmallocUsed:       17032 kB
VmallocChunk:     151564 kB
Time pass: 102 sec

---2015-10-26 11:04:01
MemTotal:        1745540 kB
MemFree:           81876 kB
Buffers:            7668 kB
Cached:           300020 kB
SwapCached:        50892 kB
Active:           519780 kB
Inactive:         520304 kB
Active(anon):     367788 kB
Inactive(anon):   368656 kB
Active(file):     151992 kB
Inactive(file):   151648 kB
Unevictable:        3816 kB
Mlocked:               0 kB
HighTotal:       1217536 kB
HighFree:          55544 kB
LowTotal:         528004 kB
LowFree:           26332 kB
SwapTotal:       1310716 kB
SwapFree:         668388 kB
Dirty:               112 kB
Writeback:             0 kB
AnonPages:        711624 kB
Mapped:           295968 kB
Shmem:               224 kB
Slab:              62960 kB
SReclaimable:      16044 kB
SUnreclaim:        46916 kB
KernelStack:       15904 kB
PageTables:        54044 kB
NFS_Unstable:          0 kB
Bounce:                0 kB
WritebackTmp:          0 kB
CommitLimit:     2183484 kB
Committed_AS:   127035080 kB
VmallocTotal:     311296 kB
VmallocUsed:       17032 kB
VmallocChunk:     151564 kB
Time pass: 106 sec

---2015-10-26 11:04:01
MemTotal:        1745540 kB
MemFree:           81704 kB
Buffers:            7668 kB
Cached:           300020 kB
SwapCached:        50892 kB
Active:           519940 kB
Inactive:         520312 kB
Active(anon):     367948 kB
Inactive(anon):   368656 kB
Active(file):     151992 kB
Inactive(file):   151656 kB
Unevictable:        3816 kB
Mlocked:               0 kB
HighTotal:       1217536 kB
HighFree:          55232 kB
LowTotal:         528004 kB
LowFree:           26472 kB
SwapTotal:       1310716 kB
SwapFree:         668392 kB
Dirty:                12 kB
Writeback:             0 kB
AnonPages:        711700 kB
Mapped:           296160 kB
Shmem:               224 kB
Slab:              62960 kB
SReclaimable:      16044 kB
SUnreclaim:        46916 kB
KernelStack:       15904 kB
PageTables:        54044 kB
NFS_Unstable:          0 kB
Bounce:                0 kB
WritebackTmp:          0 kB
CommitLimit:     2183484 kB
Committed_AS:   127035168 kB
VmallocTotal:     311296 kB
VmallocUsed:       17032 kB
VmallocChunk:     151564 kB
Time pass: 110 sec

---2015-10-26 11:04:01
MemTotal:        1745540 kB
MemFree:           83316 kB
Buffers:            7668 kB
Cached:           289856 kB
SwapCached:        50864 kB
Active:           515784 kB
Inactive:         513352 kB
Active(anon):     367568 kB
Inactive(anon):   368084 kB
Active(file):     148216 kB
Inactive(file):   145268 kB
Unevictable:        3816 kB
Mlocked:               0 kB
HighTotal:       1217536 kB
HighFree:          57268 kB
LowTotal:         528004 kB
LowFree:           26048 kB
SwapTotal:       1310716 kB
SwapFree:         666176 kB
Dirty:               744 kB
Writeback:             0 kB
AnonPages:        710820 kB
Mapped:           303824 kB
Shmem:               224 kB
Slab:              62784 kB
SReclaimable:      16024 kB
SUnreclaim:        46760 kB
KernelStack:       15912 kB
PageTables:        54068 kB
NFS_Unstable:          0 kB
Bounce:                0 kB
WritebackTmp:          0 kB
CommitLimit:     2183484 kB
Committed_AS:   127035388 kB
VmallocTotal:     311296 kB
VmallocUsed:       17048 kB
VmallocChunk:     151564 kB
Time pass: 114 sec

---2015-10-26 11:04:01
MemTotal:        1745540 kB
MemFree:           83144 kB
Buffers:            7676 kB
Cached:           289864 kB
SwapCached:        50864 kB
Active:           515848 kB
Inactive:         513368 kB
Active(anon):     367632 kB
Inactive(anon):   368084 kB
Active(file):     148216 kB
Inactive(file):   145284 kB
Unevictable:        3816 kB
Mlocked:               0 kB
HighTotal:       1217536 kB
HighFree:          56948 kB
LowTotal:         528004 kB
LowFree:           26196 kB
SwapTotal:       1310716 kB
SwapFree:         666176 kB
Dirty:                36 kB
Writeback:             0 kB
AnonPages:        710920 kB
Mapped:           303920 kB
Shmem:               224 kB
Slab:              62784 kB
SReclaimable:      16024 kB
SUnreclaim:        46760 kB
KernelStack:       15904 kB
PageTables:        54052 kB
NFS_Unstable:          0 kB
Bounce:                0 kB
WritebackTmp:          0 kB
CommitLimit:     2183484 kB
Committed_AS:   127035568 kB
VmallocTotal:     311296 kB
VmallocUsed:       17048 kB
VmallocChunk:     151564 kB
Time pass: 118 sec

---2015-10-26 11:04:01
MemTotal:        1745540 kB
MemFree:           82992 kB
Buffers:            7676 kB
Cached:           289864 kB
SwapCached:        50864 kB
Active:           515984 kB
Inactive:         513368 kB
Active(anon):     367768 kB
Inactive(anon):   368084 kB
Active(file):     148216 kB
Inactive(file):   145284 kB
Unevictable:        3816 kB
Mlocked:               0 kB
HighTotal:       1217536 kB
HighFree:          56828 kB
LowTotal:         528004 kB
LowFree:           26164 kB
SwapTotal:       1310716 kB
SwapFree:         666180 kB
Dirty:                36 kB
Writeback:             0 kB
AnonPages:        711048 kB
Mapped:           303848 kB
Shmem:               224 kB
Slab:              62784 kB
SReclaimable:      16024 kB
SUnreclaim:        46760 kB
KernelStack:       15920 kB
PageTables:        54068 kB
NFS_Unstable:          0 kB
Bounce:                0 kB
WritebackTmp:          0 kB
CommitLimit:     2183484 kB
Committed_AS:   127035640 kB
VmallocTotal:     311296 kB
VmallocUsed:       17048 kB
VmallocChunk:     151564 kB
Time pass: 122 sec

---2015-10-26 11:04:01
MemTotal:        1745540 kB
MemFree:           87200 kB
Buffers:            7104 kB
Cached:           279960 kB
SwapCached:        51596 kB
Active:           500948 kB
Inactive:         501400 kB
Active(anon):     359512 kB
Inactive(anon):   359828 kB
Active(file):     141436 kB
Inactive(file):   141572 kB
Unevictable:        3816 kB
Mlocked:               0 kB
HighTotal:       1217536 kB
HighFree:          61164 kB
LowTotal:         528004 kB
LowFree:           26036 kB
SwapTotal:       1310716 kB
SwapFree:         646152 kB
Dirty:               556 kB
Writeback:             0 kB
AnonPages:        693624 kB
Mapped:           317944 kB
Shmem:               224 kB
Slab:              62784 kB
SReclaimable:      16024 kB
SUnreclaim:        46760 kB
KernelStack:       15896 kB
PageTables:        54128 kB
NFS_Unstable:          0 kB
Bounce:                0 kB
WritebackTmp:          0 kB
CommitLimit:     2183484 kB
Committed_AS:   127041128 kB
VmallocTotal:     311296 kB
VmallocUsed:       17148 kB
VmallocChunk:     151564 kB
Time pass: 126 sec

---2015-10-26 11:04:01
MemTotal:        1745540 kB
MemFree:           86524 kB
Buffers:            7112 kB
Cached:           280484 kB
SwapCached:        51596 kB
Active:           501336 kB
Inactive:         501928 kB
Active(anon):     359896 kB
Inactive(anon):   359816 kB
Active(file):     141440 kB
Inactive(file):   142112 kB
Unevictable:        3816 kB
Mlocked:               0 kB
HighTotal:       1217536 kB
HighFree:          60520 kB
LowTotal:         528004 kB
LowFree:           26004 kB
SwapTotal:       1310716 kB
SwapFree:         646160 kB
Dirty:                16 kB
Writeback:             0 kB
AnonPages:        694080 kB
Mapped:           318356 kB
Shmem:               224 kB
Slab:              62852 kB
SReclaimable:      16024 kB
SUnreclaim:        46828 kB
KernelStack:       15888 kB
PageTables:        54132 kB
NFS_Unstable:          0 kB
Bounce:                0 kB
WritebackTmp:          0 kB
CommitLimit:     2183484 kB
Committed_AS:   127044368 kB
VmallocTotal:     311296 kB
VmallocUsed:       17148 kB
VmallocChunk:     151564 kB
Time pass: 129 sec

---2015-10-26 11:04:01
MemTotal:        1745540 kB
MemFree:           86112 kB
Buffers:            7120 kB
Cached:           280476 kB
SwapCached:        51596 kB
Active:           501524 kB
Inactive:         501928 kB
Active(anon):     360084 kB
Inactive(anon):   359812 kB
Active(file):     141440 kB
Inactive(file):   142116 kB
Unevictable:        3816 kB
Mlocked:               0 kB
HighTotal:       1217536 kB
HighFree:          60084 kB
LowTotal:         528004 kB
LowFree:           26028 kB
SwapTotal:       1310716 kB
SwapFree:         646164 kB
Dirty:                 0 kB
Writeback:             0 kB
AnonPages:        694056 kB
Mapped:           318480 kB
Shmem:               224 kB
Slab:              62856 kB
SReclaimable:      16024 kB
SUnreclaim:        46832 kB
KernelStack:       15888 kB
PageTables:        54132 kB
NFS_Unstable:          0 kB
Bounce:                0 kB
WritebackTmp:          0 kB
CommitLimit:     2183484 kB
Committed_AS:   127044448 kB
VmallocTotal:     311296 kB
VmallocUsed:       17148 kB
VmallocChunk:     151564 kB
Time pass: 133 sec

---2015-10-26 11:04:01
MemTotal:        1745540 kB
MemFree:           85900 kB
Buffers:            7120 kB
Cached:           280484 kB
SwapCached:        51596 kB
Active:           501592 kB
Inactive:         501936 kB
Active(anon):     360152 kB
Inactive(anon):   359812 kB
Active(file):     141440 kB
Inactive(file):   142124 kB
Unevictable:        3816 kB
Mlocked:               0 kB
HighTotal:       1217536 kB
HighFree:          59888 kB
LowTotal:         528004 kB
LowFree:           26012 kB
SwapTotal:       1310716 kB
SwapFree:         646164 kB
Dirty:                12 kB
Writeback:             0 kB
AnonPages:        694352 kB
Mapped:           318356 kB
Shmem:               224 kB
Slab:              62860 kB
SReclaimable:      16024 kB
SUnreclaim:        46836 kB
KernelStack:       15888 kB
PageTables:        54132 kB
NFS_Unstable:          0 kB
Bounce:                0 kB
WritebackTmp:          0 kB
CommitLimit:     2183484 kB
Committed_AS:   127044656 kB
VmallocTotal:     311296 kB
VmallocUsed:       17148 kB
VmallocChunk:     151564 kB
Time pass: 137 sec

---2015-10-26 11:04:01
MemTotal:        1745540 kB
MemFree:           86028 kB
Buffers:            7120 kB
Cached:           280484 kB
SwapCached:        51596 kB
Active:           501824 kB
Inactive:         501932 kB
Active(anon):     360384 kB
Inactive(anon):   359808 kB
Active(file):     141440 kB
Inactive(file):   142124 kB
Unevictable:        3816 kB
Mlocked:               0 kB
HighTotal:       1217536 kB
HighFree:          59936 kB
LowTotal:         528004 kB
LowFree:           26092 kB
SwapTotal:       1310716 kB
SwapFree:         646164 kB
Dirty:                 0 kB
Writeback:             0 kB
AnonPages:        694460 kB
Mapped:           318480 kB
Shmem:               224 kB
Slab:              62860 kB
SReclaimable:      16024 kB
SUnreclaim:        46836 kB
KernelStack:       15888 kB
PageTables:        54132 kB
NFS_Unstable:          0 kB
Bounce:                0 kB
WritebackTmp:          0 kB
CommitLimit:     2183484 kB
Committed_AS:   127044744 kB
VmallocTotal:     311296 kB
VmallocUsed:       17148 kB
VmallocChunk:     151564 kB
Time pass: 141 sec

---2015-10-26 11:04:01
MemTotal:        1745540 kB
MemFree:           85932 kB
Buffers:            7120 kB
Cached:           280484 kB
SwapCached:        51596 kB
Active:           501964 kB
Inactive:         501928 kB
Active(anon):     360524 kB
Inactive(anon):   359804 kB
Active(file):     141440 kB
Inactive(file):   142124 kB
Unevictable:        3816 kB
Mlocked:               0 kB
HighTotal:       1217536 kB
HighFree:          59796 kB
LowTotal:         528004 kB
LowFree:           26136 kB
SwapTotal:       1310716 kB
SwapFree:         646164 kB
Dirty:                 0 kB
Writeback:             0 kB
AnonPages:        694712 kB
Mapped:           318356 kB
Shmem:               224 kB
Slab:              62872 kB
SReclaimable:      16024 kB
SUnreclaim:        46848 kB
KernelStack:       15888 kB
PageTables:        54132 kB
NFS_Unstable:          0 kB
Bounce:                0 kB
WritebackTmp:          0 kB
CommitLimit:     2183484 kB
Committed_AS:   127044812 kB
VmallocTotal:     311296 kB
VmallocUsed:       17148 kB
VmallocChunk:     151564 kB
Time pass: 145 sec

---2015-10-26 11:04:01
MemTotal:        1745540 kB
MemFree:           67040 kB
Buffers:            6892 kB
Cached:           296236 kB
SwapCached:        51160 kB
Active:           504300 kB
Inactive:         516688 kB
Active(anon):     361020 kB
Inactive(anon):   361216 kB
Active(file):     143280 kB
Inactive(file):   155472 kB
Unevictable:        3816 kB
Mlocked:               0 kB
HighTotal:       1217536 kB
HighFree:          43200 kB
LowTotal:         528004 kB
LowFree:           23840 kB
SwapTotal:       1310716 kB
SwapFree:         643480 kB
Dirty:                 0 kB
Writeback:             0 kB
AnonPages:        696512 kB
Mapped:           321456 kB
Shmem:               224 kB
Slab:              62872 kB
SReclaimable:      16024 kB
SUnreclaim:        46848 kB
KernelStack:       15888 kB
PageTables:        54432 kB
NFS_Unstable:          0 kB
Bounce:                0 kB
WritebackTmp:          0 kB
CommitLimit:     2183484 kB
Committed_AS:   128486104 kB
VmallocTotal:     311296 kB
VmallocUsed:       18236 kB
VmallocChunk:     151564 kB
Time pass: 148 sec

---2015-10-26 11:04:01
MemTotal:        1745540 kB
MemFree:          263168 kB
Buffers:            6956 kB
Cached:           279584 kB
SwapCached:        49072 kB
Active:           443644 kB
Inactive:         497848 kB
Active(anon):     305220 kB
Inactive(anon):   353696 kB
Active(file):     138424 kB
Inactive(file):   144152 kB
Unevictable:        3816 kB
Mlocked:               0 kB
HighTotal:       1217536 kB
HighFree:         197740 kB
LowTotal:         528004 kB
LowFree:           65428 kB
SwapTotal:       1310716 kB
SwapFree:         623168 kB
Dirty:                52 kB
Writeback:             0 kB
AnonPages:        632660 kB
Mapped:           174796 kB
Shmem:                88 kB
Slab:              62972 kB
SReclaimable:      16056 kB
SUnreclaim:        46916 kB
KernelStack:       15488 kB
PageTables:        53652 kB
NFS_Unstable:          0 kB
Bounce:                0 kB
WritebackTmp:          0 kB
CommitLimit:     2183484 kB
Committed_AS:   129790340 kB
VmallocTotal:     311296 kB
VmallocUsed:       16540 kB
VmallocChunk:     151564 kB
Time pass: 152 sec

---2015-10-26 11:04:01
MemTotal:        1745540 kB
MemFree:          267848 kB
Buffers:            7024 kB
Cached:           280104 kB
SwapCached:        49072 kB
Active:           440140 kB
Inactive:         497252 kB
Active(anon):     301660 kB
Inactive(anon):   352508 kB
Active(file):     138480 kB
Inactive(file):   144744 kB
Unevictable:        3816 kB
Mlocked:               0 kB
HighTotal:       1217536 kB
HighFree:         201772 kB
LowTotal:         528004 kB
LowFree:           66076 kB
SwapTotal:       1310716 kB
SwapFree:         623276 kB
Dirty:                56 kB
Writeback:             0 kB
AnonPages:        627688 kB
Mapped:           171148 kB
Shmem:                88 kB
Slab:              62924 kB
SReclaimable:      16056 kB
SUnreclaim:        46868 kB
KernelStack:       15576 kB
PageTables:        53240 kB
NFS_Unstable:          0 kB
Bounce:                0 kB
WritebackTmp:          0 kB
CommitLimit:     2183484 kB
Committed_AS:   126929676 kB
VmallocTotal:     311296 kB
VmallocUsed:       16404 kB
VmallocChunk:     151564 kB
Time pass: 156 sec

---2015-10-26 11:04:01
MemTotal:        1745540 kB
MemFree:          266152 kB
Buffers:            7032 kB
Cached:           280104 kB
SwapCached:        49072 kB
Active:           442292 kB
Inactive:         497228 kB
Active(anon):     303812 kB
Inactive(anon):   352480 kB
Active(file):     138480 kB
Inactive(file):   144748 kB
Unevictable:        3816 kB
Mlocked:               0 kB
HighTotal:       1217536 kB
HighFree:         200272 kB
LowTotal:         528004 kB
LowFree:           65880 kB
SwapTotal:       1310716 kB
SwapFree:         623284 kB
Dirty:                40 kB
Writeback:             0 kB
AnonPages:        629824 kB
Mapped:           173228 kB
Shmem:                88 kB
Slab:              62908 kB
SReclaimable:      16056 kB
SUnreclaim:        46852 kB
KernelStack:       15472 kB
PageTables:        53336 kB
NFS_Unstable:          0 kB
Bounce:                0 kB
WritebackTmp:          0 kB
CommitLimit:     2183484 kB
Committed_AS:   126934052 kB
VmallocTotal:     311296 kB
VmallocUsed:       16472 kB
VmallocChunk:     151564 kB
Time pass: 160 sec

---2015-10-26 11:04:01
MemTotal:        1745540 kB
MemFree:          266540 kB
Buffers:            7032 kB
Cached:           280400 kB
SwapCached:        49136 kB
Active:           441920 kB
Inactive:         497520 kB
Active(anon):     303396 kB
Inactive(anon):   352516 kB
Active(file):     138524 kB
Inactive(file):   145004 kB
Unevictable:        3816 kB
Mlocked:               0 kB
HighTotal:       1217536 kB
HighFree:         200552 kB
LowTotal:         528004 kB
LowFree:           65988 kB
SwapTotal:       1310716 kB
SwapFree:         623284 kB
Dirty:                48 kB
Writeback:             0 kB
AnonPages:        629268 kB
Mapped:           175720 kB
Shmem:                88 kB
Slab:              62904 kB
SReclaimable:      16056 kB
SUnreclaim:        46848 kB
KernelStack:       15536 kB
PageTables:        53648 kB
NFS_Unstable:          0 kB
Bounce:                0 kB
WritebackTmp:          0 kB
CommitLimit:     2183484 kB
Committed_AS:   128367080 kB
VmallocTotal:     311296 kB
VmallocUsed:       16404 kB
VmallocChunk:     151564 kB
Time pass: 163 sec

---2015-10-26 11:04:01
MemTotal:        1745540 kB
MemFree:          270992 kB
Buffers:            7040 kB
Cached:           280392 kB
SwapCached:        49136 kB
Active:           437144 kB
Inactive:         497520 kB
Active(anon):     298620 kB
Inactive(anon):   352516 kB
Active(file):     138524 kB
Inactive(file):   145004 kB
Unevictable:        3816 kB
Mlocked:               0 kB
HighTotal:       1217536 kB
HighFree:         205064 kB
LowTotal:         528004 kB
LowFree:           65928 kB
SwapTotal:       1310716 kB
SwapFree:         623284 kB
Dirty:                 0 kB
Writeback:             0 kB
AnonPages:        624656 kB
Mapped:           171048 kB
Shmem:                88 kB
Slab:              62904 kB
SReclaimable:      16056 kB
SUnreclaim:        46848 kB
KernelStack:       15472 kB
PageTables:        53276 kB
NFS_Unstable:          0 kB
Bounce:                0 kB
WritebackTmp:          0 kB
CommitLimit:     2183484 kB
Committed_AS:   126926068 kB
VmallocTotal:     311296 kB
VmallocUsed:       16404 kB
VmallocChunk:     151564 kB
Time pass: 167 sec

---2015-10-26 11:04:01
MemTotal:        1745540 kB
MemFree:          270888 kB
Buffers:            7040 kB
Cached:           280400 kB
SwapCached:        49136 kB
Active:           437276 kB
Inactive:         497516 kB
Active(anon):     298752 kB
Inactive(anon):   352504 kB
Active(file):     138524 kB
Inactive(file):   145012 kB
Unevictable:        3816 kB
Mlocked:               0 kB
HighTotal:       1217536 kB
HighFree:         204836 kB
LowTotal:         528004 kB
LowFree:           66052 kB
SwapTotal:       1310716 kB
SwapFree:         623288 kB
Dirty:                32 kB
Writeback:             0 kB
AnonPages:        624740 kB
Mapped:           171172 kB
Shmem:                88 kB
Slab:              62904 kB
SReclaimable:      16056 kB
SUnreclaim:        46848 kB
KernelStack:       15472 kB
PageTables:        53276 kB
NFS_Unstable:          0 kB
Bounce:                0 kB
WritebackTmp:          0 kB
CommitLimit:     2183484 kB
Committed_AS:   126926268 kB
VmallocTotal:     311296 kB
VmallocUsed:       16404 kB
VmallocChunk:     151564 kB
Time pass: 171 sec

---2015-10-26 11:04:01
MemTotal:        1745540 kB
MemFree:          270768 kB
Buffers:            7040 kB
Cached:           280400 kB
SwapCached:        49136 kB
Active:           437464 kB
Inactive:         497520 kB
Active(anon):     298940 kB
Inactive(anon):   352508 kB
Active(file):     138524 kB
Inactive(file):   145012 kB
Unevictable:        3816 kB
Mlocked:               0 kB
HighTotal:       1217536 kB
HighFree:         204716 kB
LowTotal:         528004 kB
LowFree:           66052 kB
SwapTotal:       1310716 kB
SwapFree:         623292 kB
Dirty:                 0 kB
Writeback:             0 kB
AnonPages:        624880 kB
Mapped:           171048 kB
Shmem:                88 kB
Slab:              62904 kB
SReclaimable:      16056 kB
SUnreclaim:        46848 kB
KernelStack:       15472 kB
PageTables:        53276 kB
NFS_Unstable:          0 kB
Bounce:                0 kB
WritebackTmp:          0 kB
CommitLimit:     2183484 kB
Committed_AS:   126926468 kB
VmallocTotal:     311296 kB
VmallocUsed:       16404 kB
VmallocChunk:     151564 kB
Time pass: 174 sec

---2015-10-26 11:04:01
MemTotal:        1745540 kB
MemFree:          270896 kB
Buffers:            7040 kB
Cached:           280400 kB
SwapCached:        49136 kB
Active:           437448 kB
Inactive:         497520 kB
Active(anon):     298924 kB
Inactive(anon):   352508 kB
Active(file):     138524 kB
Inactive(file):   145012 kB
Unevictable:        3816 kB
Mlocked:               0 kB
HighTotal:       1217536 kB
HighFree:         204720 kB
LowTotal:         528004 kB
LowFree:           66176 kB
SwapTotal:       1310716 kB
SwapFree:         623292 kB
Dirty:                 0 kB
Writeback:             0 kB
AnonPages:        625020 kB
Mapped:           171048 kB
Shmem:                88 kB
Slab:              62904 kB
SReclaimable:      16056 kB
SUnreclaim:        46848 kB
KernelStack:       15472 kB
PageTables:        53276 kB
NFS_Unstable:          0 kB
Bounce:                0 kB
WritebackTmp:          0 kB
CommitLimit:     2183484 kB
Committed_AS:   126926540 kB
VmallocTotal:     311296 kB
VmallocUsed:       16404 kB
VmallocChunk:     151564 kB
Time pass: 178 sec

---2015-10-26 11:04:01
MemTotal:        1745540 kB
MemFree:          233792 kB
Buffers:            7860 kB
Cached:           294868 kB
SwapCached:        49312 kB
Active:           456788 kB
Inactive:         511968 kB
Active(anon):     316868 kB
Inactive(anon):   353112 kB
Active(file):     139920 kB
Inactive(file):   158856 kB
Unevictable:        3816 kB
Mlocked:               0 kB
HighTotal:       1217536 kB
HighFree:         168908 kB
LowTotal:         528004 kB
LowFree:           64884 kB
SwapTotal:       1310716 kB
SwapFree:         623864 kB
Dirty:               776 kB
Writeback:             0 kB
AnonPages:        643584 kB
Mapped:           189896 kB
Shmem:                88 kB
Slab:              62904 kB
SReclaimable:      16056 kB
SUnreclaim:        46848 kB
KernelStack:       15808 kB
PageTables:        54000 kB
NFS_Unstable:          0 kB
Bounce:                0 kB
WritebackTmp:          0 kB
CommitLimit:     2183484 kB
Committed_AS:   128236984 kB
VmallocTotal:     311296 kB
VmallocUsed:       16708 kB
VmallocChunk:     151564 kB
Time pass: 182 sec

---2015-10-26 11:04:01
MemTotal:        1745540 kB
MemFree:          183068 kB
Buffers:            7880 kB
Cached:           299108 kB
SwapCached:        49340 kB
Active:           469072 kB
Inactive:         516160 kB
Active(anon):     328840 kB
Inactive(anon):   353440 kB
Active(file):     140232 kB
Inactive(file):   162720 kB
Unevictable:        3816 kB
Mlocked:               0 kB
HighTotal:       1217536 kB
HighFree:         118376 kB
LowTotal:         528004 kB
LowFree:           64692 kB
SwapTotal:       1310716 kB
SwapFree:         624036 kB
Dirty:              1140 kB
Writeback:             0 kB
AnonPages:        655500 kB
Mapped:           227120 kB
Shmem:               220 kB
Slab:              62900 kB
SReclaimable:      16056 kB
SUnreclaim:        46844 kB
KernelStack:       15936 kB
PageTables:        54348 kB
NFS_Unstable:          0 kB
Bounce:                0 kB
WritebackTmp:          0 kB
CommitLimit:     2183484 kB
Committed_AS:   128520388 kB
VmallocTotal:     311296 kB
VmallocUsed:       16776 kB
VmallocChunk:     151564 kB
Time pass: 186 sec

---2015-10-26 11:04:01
MemTotal:        1745540 kB
MemFree:          124576 kB
Buffers:            7880 kB
Cached:           299844 kB
SwapCached:        49296 kB
Active:           482284 kB
Inactive:         515408 kB
Active(anon):     340980 kB
Inactive(anon):   353028 kB
Active(file):     141304 kB
Inactive(file):   162380 kB
Unevictable:        3816 kB
Mlocked:               0 kB
HighTotal:       1217536 kB
HighFree:          60304 kB
LowTotal:         528004 kB
LowFree:           64272 kB
SwapTotal:       1310716 kB
SwapFree:         624708 kB
Dirty:              1856 kB
Writeback:             0 kB
AnonPages:        667060 kB
Mapped:           269416 kB
Shmem:               224 kB
Slab:              62940 kB
SReclaimable:      16040 kB
SUnreclaim:        46900 kB
KernelStack:       16000 kB
PageTables:        54508 kB
NFS_Unstable:          0 kB
Bounce:                0 kB
WritebackTmp:          0 kB
CommitLimit:     2183484 kB
Committed_AS:   128541844 kB
VmallocTotal:     311296 kB
VmallocUsed:       16972 kB
VmallocChunk:     151564 kB
Time pass: 189 sec

---2015-10-26 11:04:01
MemTotal:        1745540 kB
MemFree:          124224 kB
Buffers:            7888 kB
Cached:           299844 kB
SwapCached:        49296 kB
Active:           482272 kB
Inactive:         515392 kB
Active(anon):     340968 kB
Inactive(anon):   353004 kB
Active(file):     141304 kB
Inactive(file):   162388 kB
Unevictable:        3816 kB
Mlocked:               0 kB
HighTotal:       1217536 kB
HighFree:          59976 kB
LowTotal:         528004 kB
LowFree:           64248 kB
SwapTotal:       1310716 kB
SwapFree:         624716 kB
Dirty:               136 kB
Writeback:             0 kB
AnonPages:        667220 kB
Mapped:           269356 kB
Shmem:               224 kB
Slab:              63012 kB
SReclaimable:      16040 kB
SUnreclaim:        46972 kB
KernelStack:       16000 kB
PageTables:        54548 kB
NFS_Unstable:          0 kB
Bounce:                0 kB
WritebackTmp:          0 kB
CommitLimit:     2183484 kB
Committed_AS:   128541916 kB
VmallocTotal:     311296 kB
VmallocUsed:       16972 kB
VmallocChunk:     151564 kB
Time pass: 193 sec

---2015-10-26 11:04:01
MemTotal:        1745540 kB
MemFree:          124240 kB
Buffers:            7888 kB
Cached:           299844 kB
SwapCached:        49296 kB
Active:           482472 kB
Inactive:         515396 kB
Active(anon):     341168 kB
Inactive(anon):   353008 kB
Active(file):     141304 kB
Inactive(file):   162388 kB
Unevictable:        3816 kB
Mlocked:               0 kB
HighTotal:       1217536 kB
HighFree:          59976 kB
LowTotal:         528004 kB
LowFree:           64264 kB
SwapTotal:       1310716 kB
SwapFree:         624720 kB
Dirty:                 0 kB
Writeback:             0 kB
AnonPages:        667424 kB
Mapped:           269284 kB
Shmem:               224 kB
Slab:              63012 kB
SReclaimable:      16040 kB
SUnreclaim:        46972 kB
KernelStack:       16000 kB
PageTables:        54528 kB
NFS_Unstable:          0 kB
Bounce:                0 kB
WritebackTmp:          0 kB
CommitLimit:     2183484 kB
Committed_AS:   128542124 kB
VmallocTotal:     311296 kB
VmallocUsed:       16972 kB
VmallocChunk:     151564 kB
Time pass: 196 sec

---2015-10-26 11:04:01
MemTotal:        1745540 kB
MemFree:          111224 kB
Buffers:            7896 kB
Cached:           300252 kB
SwapCached:        49296 kB
Active:           485180 kB
Inactive:         515816 kB
Active(anon):     343872 kB
Inactive(anon):   353016 kB
Active(file):     141308 kB
Inactive(file):   162800 kB
Unevictable:        3816 kB
Mlocked:               0 kB
HighTotal:       1217536 kB
HighFree:          52432 kB
LowTotal:         528004 kB
LowFree:           58792 kB
SwapTotal:       1310716 kB
SwapFree:         624736 kB
Dirty:               436 kB
Writeback:             0 kB
AnonPages:        670104 kB
Mapped:           276884 kB
Shmem:               224 kB
Slab:              62912 kB
SReclaimable:      16024 kB
SUnreclaim:        46888 kB
KernelStack:       16000 kB
PageTables:        54548 kB
NFS_Unstable:          0 kB
Bounce:                0 kB
WritebackTmp:          0 kB
CommitLimit:     2183484 kB
Committed_AS:   128542348 kB
VmallocTotal:     311296 kB
VmallocUsed:       16988 kB
VmallocChunk:     151564 kB
Time pass: 200 sec

---2015-10-26 11:04:01
MemTotal:        1745540 kB
MemFree:           93728 kB
Buffers:            7904 kB
Cached:           300256 kB
SwapCached:        49296 kB
Active:           496844 kB
Inactive:         515848 kB
Active(anon):     355540 kB
Inactive(anon):   353032 kB
Active(file):     141304 kB
Inactive(file):   162816 kB
Unevictable:        3816 kB
Mlocked:               0 kB
HighTotal:       1217536 kB
HighFree:          40828 kB
LowTotal:         528004 kB
LowFree:           52900 kB
SwapTotal:       1310716 kB
SwapFree:         624748 kB
Dirty:               532 kB
Writeback:             0 kB
AnonPages:        681844 kB
Mapped:           282236 kB
Shmem:               224 kB
Slab:              62908 kB
SReclaimable:      16024 kB
SUnreclaim:        46884 kB
KernelStack:       16064 kB
PageTables:        54572 kB
NFS_Unstable:          0 kB
Bounce:                0 kB
WritebackTmp:          0 kB
CommitLimit:     2183484 kB
Committed_AS:   128550804 kB
VmallocTotal:     311296 kB
VmallocUsed:       17140 kB
VmallocChunk:     151564 kB
Time pass: 204 sec

---2015-10-26 11:04:01
MemTotal:        1745540 kB
MemFree:           87120 kB
Buffers:            7904 kB
Cached:           300256 kB
SwapCached:        49296 kB
Active:           490880 kB
Inactive:         515856 kB
Active(anon):     349576 kB
Inactive(anon):   353040 kB
Active(file):     141304 kB
Inactive(file):   162816 kB
Unevictable:        3816 kB
Mlocked:               0 kB
HighTotal:       1217536 kB
HighFree:          47248 kB
LowTotal:         528004 kB
LowFree:           39872 kB
SwapTotal:       1310716 kB
SwapFree:         624752 kB
Dirty:               568 kB
Writeback:             0 kB
AnonPages:        675728 kB
Mapped:           291372 kB
Shmem:               224 kB
Slab:              62920 kB
SReclaimable:      16024 kB
SUnreclaim:        46896 kB
KernelStack:       16000 kB
PageTables:        54604 kB
NFS_Unstable:          0 kB
Bounce:                0 kB
WritebackTmp:          0 kB
CommitLimit:     2183484 kB
Committed_AS:   128551188 kB
VmallocTotal:     311296 kB
VmallocUsed:       17072 kB
VmallocChunk:     151564 kB
Time pass: 207 sec

---2015-10-26 11:04:01
MemTotal:        1745540 kB
MemFree:           69256 kB
Buffers:            7108 kB
Cached:           277944 kB
SwapCached:        47676 kB
Active:           495880 kB
Inactive:         492812 kB
Active(anon):     355568 kB
Inactive(anon):   352280 kB
Active(file):     140312 kB
Inactive(file):   140532 kB
Unevictable:        3816 kB
Mlocked:               0 kB
HighTotal:       1217536 kB
HighFree:          39464 kB
LowTotal:         528004 kB
LowFree:           29792 kB
SwapTotal:       1310716 kB
SwapFree:         616180 kB
Dirty:                40 kB
Writeback:             0 kB
AnonPages:        680820 kB
Mapped:           275560 kB
Shmem:               392 kB
Slab:              63000 kB
SReclaimable:      16016 kB
SUnreclaim:        46984 kB
KernelStack:       16304 kB
PageTables:        54828 kB
NFS_Unstable:          0 kB
Bounce:                0 kB
WritebackTmp:          0 kB
CommitLimit:     2183484 kB
Committed_AS:   128597592 kB
VmallocTotal:     311296 kB
VmallocUsed:       17208 kB
VmallocChunk:     151564 kB
Time pass: 211 sec

---2015-10-26 11:04:01
MemTotal:        1745540 kB
MemFree:           70340 kB
Buffers:            9252 kB
Cached:           263144 kB
SwapCached:        47612 kB
Active:           490060 kB
Inactive:         490636 kB
Active(anon):     356540 kB
Inactive(anon):   356132 kB
Active(file):     133520 kB
Inactive(file):   134504 kB
Unevictable:        3816 kB
Mlocked:               0 kB
HighTotal:       1217536 kB
HighFree:          37544 kB
LowTotal:         528004 kB
LowFree:           32796 kB
SwapTotal:       1310716 kB
SwapFree:         603992 kB
Dirty:                 8 kB
Writeback:             0 kB
AnonPages:        684472 kB
Mapped:           276140 kB
Shmem:               500 kB
Slab:              63328 kB
SReclaimable:      16012 kB
SUnreclaim:        47316 kB
KernelStack:       16576 kB
PageTables:        55484 kB
NFS_Unstable:          0 kB
Bounce:                0 kB
WritebackTmp:          0 kB
CommitLimit:     2183484 kB
Committed_AS:   130134688 kB
VmallocTotal:     311296 kB
VmallocUsed:       18160 kB
VmallocChunk:     151564 kB
Time pass: 215 sec

---2015-10-26 11:04:01
MemTotal:        1745540 kB
MemFree:           72876 kB
Buffers:            9256 kB
Cached:           262788 kB
SwapCached:        47612 kB
Active:           490956 kB
Inactive:         487760 kB
Active(anon):     357772 kB
Inactive(anon):   353244 kB
Active(file):     133184 kB
Inactive(file):   134516 kB
Unevictable:        3816 kB
Mlocked:               0 kB
HighTotal:       1217536 kB
HighFree:          38172 kB
LowTotal:         528004 kB
LowFree:           34704 kB
SwapTotal:       1310716 kB
SwapFree:         604024 kB
Dirty:                 0 kB
Writeback:             0 kB
AnonPages:        682912 kB
Mapped:           275836 kB
Shmem:               528 kB
Slab:              63304 kB
SReclaimable:      16012 kB
SUnreclaim:        47292 kB
KernelStack:       16576 kB
PageTables:        55472 kB
NFS_Unstable:          0 kB
Bounce:                0 kB
WritebackTmp:          0 kB
CommitLimit:     2183484 kB
Committed_AS:   130136988 kB
VmallocTotal:     311296 kB
VmallocUsed:       18160 kB
VmallocChunk:     151564 kB
Time pass: 220 sec

---2015-10-26 11:04:01
MemTotal:        1745540 kB
MemFree:           70984 kB
Buffers:            8984 kB
Cached:           262016 kB
SwapCached:        47612 kB
Active:           491540 kB
Inactive:         487504 kB
Active(anon):     359128 kB
Inactive(anon):   353264 kB
Active(file):     132412 kB
Inactive(file):   134240 kB
Unevictable:        3816 kB
Mlocked:               0 kB
HighTotal:       1217536 kB
HighFree:          36092 kB
LowTotal:         528004 kB
LowFree:           34892 kB
SwapTotal:       1310716 kB
SwapFree:         604040 kB
Dirty:                36 kB
Writeback:             0 kB
AnonPages:        684372 kB
Mapped:           275012 kB
Shmem:               532 kB
Slab:              63128 kB
SReclaimable:      16012 kB
SUnreclaim:        47116 kB
KernelStack:       16592 kB
PageTables:        55488 kB
NFS_Unstable:          0 kB
Bounce:                0 kB
WritebackTmp:          0 kB
CommitLimit:     2183484 kB
Committed_AS:   130137164 kB
VmallocTotal:     311296 kB
VmallocUsed:       18228 kB
VmallocChunk:     151564 kB
Time pass: 226 sec

---2015-10-26 11:04:01
MemTotal:        1745540 kB
MemFree:           82532 kB
Buffers:            8916 kB
Cached:           261856 kB
SwapCached:        47616 kB
Active:           481944 kB
Inactive:         487556 kB
Active(anon):     349824 kB
Inactive(anon):   353252 kB
Active(file):     132120 kB
Inactive(file):   134304 kB
Unevictable:        3816 kB
Mlocked:               0 kB
HighTotal:       1217536 kB
HighFree:          45724 kB
LowTotal:         528004 kB
LowFree:           36808 kB
SwapTotal:       1310716 kB
SwapFree:         604080 kB
Dirty:                 0 kB
Writeback:             0 kB
AnonPages:        674888 kB
Mapped:           267808 kB
Shmem:               532 kB
Slab:              63072 kB
SReclaimable:      16012 kB
SUnreclaim:        47060 kB
KernelStack:       16248 kB
PageTables:        54864 kB
NFS_Unstable:          0 kB
Bounce:                0 kB
WritebackTmp:          0 kB
CommitLimit:     2183484 kB
Committed_AS:   128600592 kB
VmallocTotal:     311296 kB
VmallocUsed:       17140 kB
VmallocChunk:     151564 kB
Time pass: 231 sec

---2015-10-26 11:04:01
MemTotal:        1745540 kB
MemFree:           64928 kB
Buffers:            8900 kB
Cached:           263916 kB
SwapCached:        47652 kB
Active:           496392 kB
Inactive:         488800 kB
Active(anon):     363232 kB
Inactive(anon):   353500 kB
Active(file):     133160 kB
Inactive(file):   135300 kB
Unevictable:        3816 kB
Mlocked:               0 kB
HighTotal:       1217536 kB
HighFree:          29380 kB
LowTotal:         528004 kB
LowFree:           35548 kB
SwapTotal:       1310716 kB
SwapFree:         604288 kB
Dirty:                92 kB
Writeback:             0 kB
AnonPages:        688668 kB
Mapped:           275056 kB
Shmem:               532 kB
Slab:              63224 kB
SReclaimable:      16012 kB
SUnreclaim:        47212 kB
KernelStack:       16600 kB
PageTables:        55500 kB
NFS_Unstable:          0 kB
Bounce:                0 kB
WritebackTmp:          0 kB
CommitLimit:     2183484 kB
Committed_AS:   130136824 kB
VmallocTotal:     311296 kB
VmallocUsed:       17208 kB
VmallocChunk:     151564 kB
Time pass: 236 sec

---2015-10-26 11:04:01
MemTotal:        1745540 kB
MemFree:           69816 kB
Buffers:            8908 kB
Cached:           263712 kB
SwapCached:        47652 kB
Active:           493344 kB
Inactive:         488736 kB
Active(anon):     360280 kB
Inactive(anon):   353528 kB
Active(file):     133064 kB
Inactive(file):   135208 kB
Unevictable:        3816 kB
Mlocked:               0 kB
HighTotal:       1217536 kB
HighFree:          33016 kB
LowTotal:         528004 kB
LowFree:           36800 kB
SwapTotal:       1310716 kB
SwapFree:         604316 kB
Dirty:                80 kB
Writeback:             0 kB
AnonPages:        685676 kB
Mapped:           274856 kB
Shmem:               532 kB
Slab:              63092 kB
SReclaimable:      16012 kB
SUnreclaim:        47080 kB
KernelStack:       16592 kB
PageTables:        55488 kB
NFS_Unstable:          0 kB
Bounce:                0 kB
WritebackTmp:          0 kB
CommitLimit:     2183484 kB
Committed_AS:   130137964 kB
VmallocTotal:     311296 kB
VmallocUsed:       17140 kB
VmallocChunk:     151564 kB
Time pass: 240 sec

---2015-10-26 11:04:01
MemTotal:        1745540 kB
MemFree:           68212 kB
Buffers:            8880 kB
Cached:           263268 kB
SwapCached:        47652 kB
Active:           495800 kB
Inactive:         487040 kB
Active(anon):     361176 kB
Inactive(anon):   353868 kB
Active(file):     134624 kB
Inactive(file):   133172 kB
Unevictable:        3816 kB
Mlocked:               0 kB
HighTotal:       1217536 kB
HighFree:          31076 kB
LowTotal:         528004 kB
LowFree:           37136 kB
SwapTotal:       1310716 kB
SwapFree:         604660 kB
Dirty:                32 kB
Writeback:             0 kB
AnonPages:        687040 kB
Mapped:           274428 kB
Shmem:               536 kB
Slab:              63116 kB
SReclaimable:      16012 kB
SUnreclaim:        47104 kB
KernelStack:       16640 kB
PageTables:        55508 kB
NFS_Unstable:          0 kB
Bounce:                0 kB
WritebackTmp:          0 kB
CommitLimit:     2183484 kB
Committed_AS:   130139020 kB
VmallocTotal:     311296 kB
VmallocUsed:       17208 kB
VmallocChunk:     151564 kB
Time pass: 244 sec

---2015-10-26 11:04:01
MemTotal:        1745540 kB
MemFree:           79124 kB
Buffers:            8880 kB
Cached:           263292 kB
SwapCached:        47652 kB
Active:           489700 kB
Inactive:         483332 kB
Active(anon):     351388 kB
Inactive(anon):   353848 kB
Active(file):     138312 kB
Inactive(file):   129484 kB
Unevictable:        3816 kB
Mlocked:               0 kB
HighTotal:       1217536 kB
HighFree:          40732 kB
LowTotal:         528004 kB
LowFree:           38392 kB
SwapTotal:       1310716 kB
SwapFree:         604672 kB
Dirty:                 4 kB
Writeback:             0 kB
AnonPages:        677196 kB
Mapped:           267352 kB
Shmem:               560 kB
Slab:              63176 kB
SReclaimable:      16012 kB
SUnreclaim:        47164 kB
KernelStack:       16256 kB
PageTables:        54888 kB
NFS_Unstable:          0 kB
Bounce:                0 kB
WritebackTmp:          0 kB
CommitLimit:     2183484 kB
Committed_AS:   128601536 kB
VmallocTotal:     311296 kB
VmallocUsed:       17140 kB
VmallocChunk:     151564 kB
Time pass: 249 sec

---2015-10-26 11:04:01
MemTotal:        1745540 kB
MemFree:           64804 kB
Buffers:            7992 kB
Cached:           263300 kB
SwapCached:        47652 kB
Active:           503584 kB
Inactive:         483708 kB
Active(anon):     366356 kB
Inactive(anon):   354084 kB
Active(file):     137228 kB
Inactive(file):   129624 kB
Unevictable:        3816 kB
Mlocked:               0 kB
HighTotal:       1217536 kB
HighFree:          26012 kB
LowTotal:         528004 kB
LowFree:           38792 kB
SwapTotal:       1310716 kB
SwapFree:         604856 kB
Dirty:                52 kB
Writeback:             0 kB
AnonPages:        692256 kB
Mapped:           274352 kB
Shmem:               624 kB
Slab:              63180 kB
SReclaimable:      16008 kB
SUnreclaim:        47172 kB
KernelStack:       16568 kB
PageTables:        55480 kB
NFS_Unstable:          0 kB
Bounce:                0 kB
WritebackTmp:          0 kB
CommitLimit:     2183484 kB
Committed_AS:   130139492 kB
VmallocTotal:     311296 kB
VmallocUsed:       17140 kB
VmallocChunk:     151564 kB
Time pass: 255 sec

---2015-10-26 11:04:01
MemTotal:        1745540 kB
MemFree:           63364 kB
Buffers:            8008 kB
Cached:           263300 kB
SwapCached:        47652 kB
Active:           504812 kB
Inactive:         483736 kB
Active(anon):     367584 kB
Inactive(anon):   354096 kB
Active(file):     137228 kB
Inactive(file):   129640 kB
Unevictable:        3816 kB
Mlocked:               0 kB
HighTotal:       1217536 kB
HighFree:          24796 kB
LowTotal:         528004 kB
LowFree:           38568 kB
SwapTotal:       1310716 kB
SwapFree:         604868 kB
Dirty:                 0 kB
Writeback:             0 kB
AnonPages:        693580 kB
Mapped:           274424 kB
Shmem:               624 kB
Slab:              63180 kB
SReclaimable:      16008 kB
SUnreclaim:        47172 kB
KernelStack:       16584 kB
PageTables:        55508 kB
NFS_Unstable:          0 kB
Bounce:                0 kB
WritebackTmp:          0 kB
CommitLimit:     2183484 kB
Committed_AS:   130139564 kB
VmallocTotal:     311296 kB
VmallocUsed:       17208 kB
VmallocChunk:     151564 kB
Time pass: 260 sec

---2015-10-26 11:04:01
MemTotal:        1745540 kB
MemFree:           61872 kB
Buffers:            8024 kB
Cached:           263300 kB
SwapCached:        47652 kB
Active:           505932 kB
Inactive:         483784 kB
Active(anon):     368700 kB
Inactive(anon):   354132 kB
Active(file):     137232 kB
Inactive(file):   129652 kB
Unevictable:        3816 kB
Mlocked:               0 kB
HighTotal:       1217536 kB
HighFree:          23460 kB
LowTotal:         528004 kB
LowFree:           38412 kB
SwapTotal:       1310716 kB
SwapFree:         604924 kB
Dirty:                48 kB
Writeback:             0 kB
AnonPages:        694544 kB
Mapped:           274480 kB
Shmem:               624 kB
Slab:              63156 kB
SReclaimable:      16008 kB
SUnreclaim:        47148 kB
KernelStack:       16632 kB
PageTables:        55496 kB
NFS_Unstable:          0 kB
Bounce:                0 kB
WritebackTmp:          0 kB
CommitLimit:     2183484 kB
Committed_AS:   130140684 kB
VmallocTotal:     311296 kB
VmallocUsed:       17208 kB
VmallocChunk:     151564 kB
Time pass: 264 sec

---2015-10-26 11:04:01
MemTotal:        1745540 kB
MemFree:           72768 kB
Buffers:            7844 kB
Cached:           263848 kB
SwapCached:        47652 kB
Active:           496240 kB
Inactive:         484332 kB
Active(anon):     359212 kB
Inactive(anon):   354108 kB
Active(file):     137028 kB
Inactive(file):   130224 kB
Unevictable:        3816 kB
Mlocked:               0 kB
HighTotal:       1217536 kB
HighFree:          32864 kB
LowTotal:         528004 kB
LowFree:           39904 kB
SwapTotal:       1310716 kB
SwapFree:         604952 kB
Dirty:                44 kB
Writeback:             0 kB
AnonPages:        685164 kB
Mapped:           267452 kB
Shmem:               624 kB
Slab:              63296 kB
SReclaimable:      16008 kB
SUnreclaim:        47288 kB
KernelStack:       16240 kB
PageTables:        54880 kB
NFS_Unstable:          0 kB
Bounce:                0 kB
WritebackTmp:          0 kB
CommitLimit:     2183484 kB
Committed_AS:   128605232 kB
VmallocTotal:     311296 kB
VmallocUsed:       17140 kB
VmallocChunk:     151564 kB
Time pass: 269 sec

---2015-10-26 11:04:01
MemTotal:        1745540 kB
MemFree:           57236 kB
Buffers:            7860 kB
Cached:           263904 kB
SwapCached:        47660 kB
Active:           511092 kB
Inactive:         484644 kB
Active(anon):     374064 kB
Inactive(anon):   354348 kB
Active(file):     137028 kB
Inactive(file):   130296 kB
Unevictable:        3816 kB
Mlocked:               0 kB
HighTotal:       1217536 kB
HighFree:          18820 kB
LowTotal:         528004 kB
LowFree:           38416 kB
SwapTotal:       1310716 kB
SwapFree:         605192 kB
Dirty:               128 kB
Writeback:             0 kB
AnonPages:        700228 kB
Mapped:           274416 kB
Shmem:               624 kB
Slab:              63144 kB
SReclaimable:      16024 kB
SUnreclaim:        47120 kB
KernelStack:       16608 kB
PageTables:        55496 kB
NFS_Unstable:          0 kB
Bounce:                0 kB
WritebackTmp:          0 kB
CommitLimit:     2183484 kB
Committed_AS:   130143852 kB
VmallocTotal:     311296 kB
VmallocUsed:       18092 kB
VmallocChunk:     151564 kB
Time pass: 275 sec

---2015-10-26 11:04:01
MemTotal:        1745540 kB
MemFree:           59484 kB
Buffers:            7868 kB
Cached:           263976 kB
SwapCached:        47660 kB
Active:           507688 kB
Inactive:         484748 kB
Active(anon):     370660 kB
Inactive(anon):   354444 kB
Active(file):     137028 kB
Inactive(file):   130304 kB
Unevictable:        3816 kB
Mlocked:               0 kB
HighTotal:       1217536 kB
HighFree:          22060 kB
LowTotal:         528004 kB
LowFree:           37424 kB
SwapTotal:       1310716 kB
SwapFree:         605224 kB
Dirty:                48 kB
Writeback:             0 kB
AnonPages:        697008 kB
Mapped:           274612 kB
Shmem:               696 kB
Slab:              63236 kB
SReclaimable:      16024 kB
SUnreclaim:        47212 kB
KernelStack:       16576 kB
PageTables:        55512 kB
NFS_Unstable:          0 kB
Bounce:                0 kB
WritebackTmp:          0 kB
CommitLimit:     2183484 kB
Committed_AS:   130144956 kB
VmallocTotal:     311296 kB
VmallocUsed:       18228 kB
VmallocChunk:     151564 kB
Time pass: 280 sec

---2015-10-26 11:04:01
MemTotal:        1745540 kB
MemFree:           59352 kB
Buffers:            7876 kB
Cached:           263976 kB
SwapCached:        47660 kB
Active:           508096 kB
Inactive:         484768 kB
Active(anon):     371068 kB
Inactive(anon):   354456 kB
Active(file):     137028 kB
Inactive(file):   130312 kB
Unevictable:        3816 kB
Mlocked:               0 kB
HighTotal:       1217536 kB
HighFree:          21740 kB
LowTotal:         528004 kB
LowFree:           37612 kB
SwapTotal:       1310716 kB
SwapFree:         605328 kB
Dirty:                 0 kB
Writeback:             0 kB
AnonPages:        697256 kB
Mapped:           274552 kB
Shmem:               696 kB
Slab:              63204 kB
SReclaimable:      16024 kB
SUnreclaim:        47180 kB
KernelStack:       16584 kB
PageTables:        55512 kB
NFS_Unstable:          0 kB
Bounce:                0 kB
WritebackTmp:          0 kB
CommitLimit:     2183484 kB
Committed_AS:   130145036 kB
VmallocTotal:     311296 kB
VmallocUsed:       18160 kB
VmallocChunk:     151564 kB
Time pass: 285 sec

---2015-10-26 11:04:01
MemTotal:        1745540 kB
MemFree:           56848 kB
Buffers:            7884 kB
Cached:           263980 kB
SwapCached:        47648 kB
Active:           510888 kB
Inactive:         484540 kB
Active(anon):     373860 kB
Inactive(anon):   354216 kB
Active(file):     137028 kB
Inactive(file):   130324 kB
Unevictable:        3816 kB
Mlocked:               0 kB
HighTotal:       1217536 kB
HighFree:          18860 kB
LowTotal:         528004 kB
LowFree:           37988 kB
SwapTotal:       1310716 kB
SwapFree:         605468 kB
Dirty:                68 kB
Writeback:             0 kB
AnonPages:        700000 kB
Mapped:           274452 kB
Shmem:               696 kB
Slab:              63356 kB
SReclaimable:      16024 kB
SUnreclaim:        47332 kB
KernelStack:       16608 kB
PageTables:        55492 kB
NFS_Unstable:          0 kB
Bounce:                0 kB
WritebackTmp:          0 kB
CommitLimit:     2183484 kB
Committed_AS:   130145348 kB
VmallocTotal:     311296 kB
VmallocUsed:       18160 kB
VmallocChunk:     151564 kB
Time pass: 292 sec

---2015-10-26 11:04:01
MemTotal:        1745540 kB
MemFree:           55416 kB
Buffers:            7892 kB
Cached:           263968 kB
SwapCached:        47648 kB
Active:           511428 kB
Inactive:         484592 kB
Active(anon):     374400 kB
Inactive(anon):   354272 kB
Active(file):     137028 kB
Inactive(file):   130320 kB
Unevictable:        3816 kB
Mlocked:               0 kB
HighTotal:       1217536 kB
HighFree:          18644 kB
LowTotal:         528004 kB
LowFree:           36772 kB
SwapTotal:       1310716 kB
SwapFree:         605480 kB
Dirty:                 0 kB
Writeback:             0 kB
AnonPages:        700416 kB
Mapped:           274536 kB
Shmem:               696 kB
Slab:              63388 kB
SReclaimable:      16024 kB
SUnreclaim:        47364 kB
KernelStack:       16592 kB
PageTables:        55508 kB
NFS_Unstable:          0 kB
Bounce:                0 kB
WritebackTmp:          0 kB
CommitLimit:     2183484 kB
Committed_AS:   130145516 kB
VmallocTotal:     311296 kB
VmallocUsed:       18160 kB
VmallocChunk:     151564 kB
Time pass: 296 sec

---2015-10-26 11:04:01
MemTotal:        1745540 kB
MemFree:           56048 kB
Buffers:            7892 kB
Cached:           264076 kB
SwapCached:        47648 kB
Active:           510876 kB
Inactive:         484700 kB
Active(anon):     373844 kB
Inactive(anon):   354276 kB
Active(file):     137032 kB
Inactive(file):   130424 kB
Unevictable:        3816 kB
Mlocked:               0 kB
HighTotal:       1217536 kB
HighFree:          19380 kB
LowTotal:         528004 kB
LowFree:           36668 kB
SwapTotal:       1310716 kB
SwapFree:         605484 kB
Dirty:                48 kB
Writeback:             0 kB
AnonPages:        699916 kB
Mapped:           274516 kB
Shmem:               696 kB
Slab:              63388 kB
SReclaimable:      16024 kB
SUnreclaim:        47364 kB
KernelStack:       16568 kB
PageTables:        55492 kB
NFS_Unstable:          0 kB
Bounce:                0 kB
WritebackTmp:          0 kB
CommitLimit:     2183484 kB
Committed_AS:   130145676 kB
VmallocTotal:     311296 kB
VmallocUsed:       18160 kB
VmallocChunk:     151564 kB
Time pass: 301 sec

---2015-10-26 11:04:01
MemTotal:        1745540 kB
MemFree:           66056 kB
Buffers:            7724 kB
Cached:           264076 kB
SwapCached:        47648 kB
Active:           501032 kB
Inactive:         485420 kB
Active(anon):     364216 kB
Inactive(anon):   354948 kB
Active(file):     136816 kB
Inactive(file):   130472 kB
Unevictable:        3816 kB
Mlocked:               0 kB
HighTotal:       1217536 kB
HighFree:          28952 kB
LowTotal:         528004 kB
LowFree:           37104 kB
SwapTotal:       1310716 kB
SwapFree:         605520 kB
Dirty:                48 kB
Writeback:             0 kB
AnonPages:        690816 kB
Mapped:           267708 kB
Shmem:               696 kB
Slab:              63456 kB
SReclaimable:      16024 kB
SUnreclaim:        47432 kB
KernelStack:       16312 kB
PageTables:        54896 kB
NFS_Unstable:          0 kB
Bounce:                0 kB
WritebackTmp:          0 kB
CommitLimit:     2183484 kB
Committed_AS:   128608536 kB
VmallocTotal:     311296 kB
VmallocUsed:       17208 kB
VmallocChunk:     151564 kB
Time pass: 307 sec

---2015-10-26 11:04:01
MemTotal:        1745540 kB
MemFree:           49352 kB
Buffers:            7740 kB
Cached:           264072 kB
SwapCached:        47652 kB
Active:           516692 kB
Inactive:         485572 kB
Active(anon):     379876 kB
Inactive(anon):   355084 kB
Active(file):     136816 kB
Inactive(file):   130488 kB
Unevictable:        3816 kB
Mlocked:               0 kB
HighTotal:       1217536 kB
HighFree:          18508 kB
LowTotal:         528004 kB
LowFree:           30844 kB
SwapTotal:       1310716 kB
SwapFree:         605656 kB
Dirty:                96 kB
Writeback:             0 kB
AnonPages:        706736 kB
Mapped:           274348 kB
Shmem:               696 kB
Slab:              63340 kB
SReclaimable:      16024 kB
SUnreclaim:        47316 kB
KernelStack:       16632 kB
PageTables:        55492 kB
NFS_Unstable:          0 kB
Bounce:                0 kB
WritebackTmp:          0 kB
CommitLimit:     2183484 kB
Committed_AS:   130148308 kB
VmallocTotal:     311296 kB
VmallocUsed:       18228 kB
VmallocChunk:     151564 kB
Time pass: 312 sec

---2015-10-26 11:04:01
MemTotal:        1745540 kB
MemFree:           48796 kB
Buffers:            7748 kB
Cached:           264076 kB
SwapCached:        47652 kB
Active:           517704 kB
Inactive:         485616 kB
Active(anon):     380888 kB
Inactive(anon):   355120 kB
Active(file):     136816 kB
Inactive(file):   130496 kB
Unevictable:        3816 kB
Mlocked:               0 kB
HighTotal:       1217536 kB
HighFree:          18608 kB
LowTotal:         528004 kB
LowFree:           30188 kB
SwapTotal:       1310716 kB
SwapFree:         605688 kB
Dirty:               112 kB
Writeback:             0 kB
AnonPages:        707704 kB
Mapped:           274432 kB
Shmem:               696 kB
Slab:              63260 kB
SReclaimable:      16024 kB
SUnreclaim:        47236 kB
KernelStack:       16584 kB
PageTables:        55512 kB
NFS_Unstable:          0 kB
Bounce:                0 kB
WritebackTmp:          0 kB
CommitLimit:     2183484 kB
Committed_AS:   130149548 kB
VmallocTotal:     311296 kB
VmallocUsed:       18160 kB
VmallocChunk:     151564 kB
Time pass: 316 sec

---2015-10-26 11:04:01
MemTotal:        1745540 kB
MemFree:           47496 kB
Buffers:            7748 kB
Cached:           264076 kB
SwapCached:        47652 kB
Active:           517844 kB
Inactive:         485628 kB
Active(anon):     381028 kB
Inactive(anon):   355132 kB
Active(file):     136816 kB
Inactive(file):   130496 kB
Unevictable:        3816 kB
Mlocked:               0 kB
HighTotal:       1217536 kB
HighFree:          18900 kB
LowTotal:         528004 kB
LowFree:           28596 kB
SwapTotal:       1310716 kB
SwapFree:         605700 kB
Dirty:                 0 kB
Writeback:             0 kB
AnonPages:        707916 kB
Mapped:           274628 kB
Shmem:               696 kB
Slab:              63252 kB
SReclaimable:      16024 kB
SUnreclaim:        47228 kB
KernelStack:       16568 kB
PageTables:        55524 kB
NFS_Unstable:          0 kB
Bounce:                0 kB
WritebackTmp:          0 kB
CommitLimit:     2183484 kB
Committed_AS:   130150676 kB
VmallocTotal:     311296 kB
VmallocUsed:       18228 kB
VmallocChunk:     151564 kB
Time pass: 320 sec

---2015-10-26 11:04:01
MemTotal:        1745540 kB
MemFree:           47120 kB
Buffers:            7772 kB
Cached:           264060 kB
SwapCached:        47652 kB
Active:           518092 kB
Inactive:         485664 kB
Active(anon):     381276 kB
Inactive(anon):   355160 kB
Active(file):     136816 kB
Inactive(file):   130504 kB
Unevictable:        3816 kB
Mlocked:               0 kB
HighTotal:       1217536 kB
HighFree:          18724 kB
LowTotal:         528004 kB
LowFree:           28396 kB
SwapTotal:       1310716 kB
SwapFree:         605756 kB
Dirty:                28 kB
Writeback:             0 kB
AnonPages:        708548 kB
Mapped:           274628 kB
Shmem:               696 kB
Slab:              63184 kB
SReclaimable:      16024 kB
SUnreclaim:        47160 kB
KernelStack:       16584 kB
PageTables:        55524 kB
NFS_Unstable:          0 kB
Bounce:                0 kB
WritebackTmp:          0 kB
CommitLimit:     2183484 kB
Committed_AS:   130150756 kB
VmallocTotal:     311296 kB
VmallocUsed:       18228 kB
VmallocChunk:     151564 kB
Time pass: 324 sec

---2015-10-26 11:04:01
MemTotal:        1745540 kB
MemFree:           57444 kB
Buffers:            7884 kB
Cached:           264376 kB
SwapCached:        47648 kB
Active:           508680 kB
Inactive:         486360 kB
Active(anon):     371860 kB
Inactive(anon):   355440 kB
Active(file):     136820 kB
Inactive(file):   130920 kB
Unevictable:        3816 kB
Mlocked:               0 kB
HighTotal:       1217536 kB
HighFree:          25388 kB
LowTotal:         528004 kB
LowFree:           32056 kB
SwapTotal:       1310716 kB
SwapFree:         606028 kB
Dirty:                52 kB
Writeback:             0 kB
AnonPages:        699112 kB
Mapped:           267732 kB
Shmem:               696 kB
Slab:              63304 kB
SReclaimable:      16040 kB
SUnreclaim:        47264 kB
KernelStack:       16296 kB
PageTables:        54912 kB
NFS_Unstable:          0 kB
Bounce:                0 kB
WritebackTmp:          0 kB
CommitLimit:     2183484 kB
Committed_AS:   128614536 kB
VmallocTotal:     311296 kB
VmallocUsed:       17208 kB
VmallocChunk:     151564 kB
Time pass: 328 sec

---2015-10-26 11:04:01
MemTotal:        1745540 kB
MemFree:           57840 kB
Buffers:            7580 kB
Cached:           258032 kB
SwapCached:        47680 kB
Active:           500804 kB
Inactive:         493212 kB
Active(anon):     365448 kB
Inactive(anon):   367468 kB
Active(file):     135356 kB
Inactive(file):   125744 kB
Unevictable:        3816 kB
Mlocked:               0 kB
HighTotal:       1217536 kB
HighFree:          32208 kB
LowTotal:         528004 kB
LowFree:           25632 kB
SwapTotal:       1310716 kB
SwapFree:         599760 kB
Dirty:                 0 kB
Writeback:             0 kB
AnonPages:        704448 kB
Mapped:           272012 kB
Shmem:               696 kB
Slab:              63300 kB
SReclaimable:      16040 kB
SUnreclaim:        47260 kB
KernelStack:       16632 kB
PageTables:        55516 kB
NFS_Unstable:          0 kB
Bounce:                0 kB
WritebackTmp:          0 kB
CommitLimit:     2183484 kB
Committed_AS:   130151932 kB
VmallocTotal:     311296 kB
VmallocUsed:       18160 kB
VmallocChunk:     151564 kB
Time pass: 332 sec

---2015-10-26 11:04:01
MemTotal:        1745540 kB
MemFree:           63772 kB
Buffers:            7584 kB
Cached:           258104 kB
SwapCached:        47680 kB
Active:           493816 kB
Inactive:         493336 kB
Active(anon):     358460 kB
Inactive(anon):   367516 kB
Active(file):     135356 kB
Inactive(file):   125820 kB
Unevictable:        3816 kB
Mlocked:               0 kB
HighTotal:       1217536 kB
HighFree:          34792 kB
LowTotal:         528004 kB
LowFree:           28980 kB
SwapTotal:       1310716 kB
SwapFree:         599816 kB
Dirty:                52 kB
Writeback:             0 kB
AnonPages:        697752 kB
Mapped:           272072 kB
Shmem:               696 kB
Slab:              63300 kB
SReclaimable:      16040 kB
SUnreclaim:        47260 kB
KernelStack:       16632 kB
PageTables:        55516 kB
NFS_Unstable:          0 kB
Bounce:                0 kB
WritebackTmp:          0 kB
CommitLimit:     2183484 kB
Committed_AS:   130152228 kB
VmallocTotal:     311296 kB
VmallocUsed:       18228 kB
VmallocChunk:     151564 kB
Time pass: 336 sec

---2015-10-26 11:04:01
MemTotal:        1745540 kB
MemFree:           91784 kB
Buffers:            7568 kB
Cached:           267692 kB
SwapCached:        45180 kB
Active:           509632 kB
Inactive:         454956 kB
Active(anon):     375960 kB
Inactive(anon):   318096 kB
Active(file):     133672 kB
Inactive(file):   136860 kB
Unevictable:        3816 kB
Mlocked:               0 kB
HighTotal:       1217536 kB
HighFree:          46688 kB
LowTotal:         528004 kB
LowFree:           45096 kB
SwapTotal:       1310716 kB
SwapFree:         627368 kB
Dirty:                24 kB
Writeback:             0 kB
AnonPages:        668012 kB
Mapped:           270888 kB
Shmem:               696 kB
Slab:              63396 kB
SReclaimable:      16040 kB
SUnreclaim:        47356 kB
KernelStack:       16200 kB
PageTables:        51240 kB
NFS_Unstable:          0 kB
Bounce:                0 kB
WritebackTmp:          0 kB
CommitLimit:     2183484 kB
Committed_AS:   119429180 kB
VmallocTotal:     311296 kB
VmallocUsed:       17208 kB
VmallocChunk:     151564 kB
Time pass: 341 sec

---2015-10-26 11:04:01
MemTotal:        1745540 kB
MemFree:           76816 kB
Buffers:            9536 kB
Cached:           279016 kB
SwapCached:        43168 kB
Active:           481520 kB
Inactive:         496980 kB
Active(anon):     342848 kB
Inactive(anon):   353352 kB
Active(file):     138672 kB
Inactive(file):   143628 kB
Unevictable:        3816 kB
Mlocked:               0 kB
HighTotal:       1217536 kB
HighFree:          41444 kB
LowTotal:         528004 kB
LowFree:           35372 kB
SwapTotal:       1310716 kB
SwapFree:         609404 kB
Dirty:                48 kB
Writeback:             0 kB
AnonPages:        668224 kB
Mapped:           259628 kB
Shmem:              2436 kB
Slab:              63300 kB
SReclaimable:      16032 kB
SUnreclaim:        47268 kB
KernelStack:       16000 kB
PageTables:        52408 kB
NFS_Unstable:          0 kB
Bounce:                0 kB
WritebackTmp:          0 kB
CommitLimit:     2183484 kB
Committed_AS:   122652340 kB
VmallocTotal:     311296 kB
VmallocUsed:       16120 kB
VmallocChunk:     151564 kB
Time pass: 344 sec

---2015-10-26 11:04:01
MemTotal:        1745540 kB
MemFree:           75548 kB
Buffers:            9536 kB
Cached:           281928 kB
SwapCached:        43200 kB
Active:           480784 kB
Inactive:         498988 kB
Active(anon):     342000 kB
Inactive(anon):   352556 kB
Active(file):     138784 kB
Inactive(file):   146432 kB
Unevictable:        3816 kB
Mlocked:               0 kB
HighTotal:       1217536 kB
HighFree:          39208 kB
LowTotal:         528004 kB
LowFree:           36340 kB
SwapTotal:       1310716 kB
SwapFree:         609460 kB
Dirty:                48 kB
Writeback:             0 kB
AnonPages:        666636 kB
Mapped:           265256 kB
Shmem:              2436 kB
Slab:              63316 kB
SReclaimable:      16032 kB
SUnreclaim:        47284 kB
KernelStack:       15840 kB
PageTables:        53008 kB
NFS_Unstable:          0 kB
Bounce:                0 kB
WritebackTmp:          0 kB
CommitLimit:     2183484 kB
Committed_AS:   124185748 kB
VmallocTotal:     311296 kB
VmallocUsed:       16188 kB
VmallocChunk:     151564 kB
Time pass: 348 sec

---2015-10-26 11:04:01
MemTotal:        1745540 kB
MemFree:           67860 kB
Buffers:            9544 kB
Cached:           282316 kB
SwapCached:        43208 kB
Active:           488008 kB
Inactive:         499460 kB
Active(anon):     349216 kB
Inactive(anon):   352644 kB
Active(file):     138792 kB
Inactive(file):   146816 kB
Unevictable:        3816 kB
Mlocked:               0 kB
HighTotal:       1217536 kB
HighFree:          31680 kB
LowTotal:         528004 kB
LowFree:           36180 kB
SwapTotal:       1310716 kB
SwapFree:         609524 kB
Dirty:               104 kB
Writeback:             0 kB
AnonPages:        673816 kB
Mapped:           267132 kB
Shmem:              2436 kB
Slab:              63220 kB
SReclaimable:      16032 kB
SUnreclaim:        47188 kB
KernelStack:       16224 kB
PageTables:        53120 kB
NFS_Unstable:          0 kB
Bounce:                0 kB
WritebackTmp:          0 kB
CommitLimit:     2183484 kB
Committed_AS:   124191616 kB
VmallocTotal:     311296 kB
VmallocUsed:       16120 kB
VmallocChunk:     151564 kB
Time pass: 352 sec

---2015-10-26 11:04:01
MemTotal:        1745540 kB
MemFree:           67600 kB
Buffers:            9628 kB
Cached:           282332 kB
SwapCached:        43208 kB
Active:           488552 kB
Inactive:         499556 kB
Active(anon):     349744 kB
Inactive(anon):   352656 kB
Active(file):     138808 kB
Inactive(file):   146900 kB
Unevictable:        3816 kB
Mlocked:               0 kB
HighTotal:       1217536 kB
HighFree:          31204 kB
LowTotal:         528004 kB
LowFree:           36396 kB
SwapTotal:       1310716 kB
SwapFree:         609528 kB
Dirty:                 0 kB
Writeback:             0 kB
AnonPages:        674328 kB
Mapped:           267140 kB
Shmem:              2436 kB
Slab:              63212 kB
SReclaimable:      16032 kB
SUnreclaim:        47180 kB
KernelStack:       16176 kB
PageTables:        53116 kB
NFS_Unstable:          0 kB
Bounce:                0 kB
WritebackTmp:          0 kB
CommitLimit:     2183484 kB
Committed_AS:   124191864 kB
VmallocTotal:     311296 kB
VmallocUsed:       16052 kB
VmallocChunk:     151564 kB
Time pass: 355 sec

---2015-10-26 11:04:01
MemTotal:        1745540 kB
MemFree:           69536 kB
Buffers:            9636 kB
Cached:           282332 kB
SwapCached:        43208 kB
Active:           486628 kB
Inactive:         499564 kB
Active(anon):     347820 kB
Inactive(anon):   352656 kB
Active(file):     138808 kB
Inactive(file):   146908 kB
Unevictable:        3816 kB
Mlocked:               0 kB
HighTotal:       1217536 kB
HighFree:          33236 kB
LowTotal:         528004 kB
LowFree:           36300 kB
SwapTotal:       1310716 kB
SwapFree:         609528 kB
Dirty:                52 kB
Writeback:             0 kB
AnonPages:        672364 kB
Mapped:           267028 kB
Shmem:              2436 kB
Slab:              63212 kB
SReclaimable:      16032 kB
SUnreclaim:        47180 kB
KernelStack:       16176 kB
PageTables:        53116 kB
NFS_Unstable:          0 kB
Bounce:                0 kB
WritebackTmp:          0 kB
CommitLimit:     2183484 kB
Committed_AS:   124191944 kB
VmallocTotal:     311296 kB
VmallocUsed:       16052 kB
VmallocChunk:     151564 kB
Time pass: 359 sec

---2015-10-26 11:04:01
MemTotal:        1745540 kB
MemFree:           76592 kB
Buffers:            9660 kB
Cached:           284788 kB
SwapCached:        43208 kB
Active:           476116 kB
Inactive:         502068 kB
Active(anon):     337296 kB
Inactive(anon):   352692 kB
Active(file):     138820 kB
Inactive(file):   149376 kB
Unevictable:        3816 kB
Mlocked:               0 kB
HighTotal:       1217536 kB
HighFree:          40360 kB
LowTotal:         528004 kB
LowFree:           36232 kB
SwapTotal:       1310716 kB
SwapFree:         609568 kB
Dirty:                 0 kB
Writeback:             0 kB
AnonPages:        661604 kB
Mapped:           260480 kB
Shmem:              2436 kB
Slab:              63176 kB
SReclaimable:      16032 kB
SUnreclaim:        47144 kB
KernelStack:       16224 kB
PageTables:        52524 kB
NFS_Unstable:          0 kB
Bounce:                0 kB
WritebackTmp:          0 kB
CommitLimit:     2183484 kB
Committed_AS:   122655432 kB
VmallocTotal:     311296 kB
VmallocUsed:       16188 kB
VmallocChunk:     151564 kB
Time pass: 363 sec

---2015-10-26 11:04:01
MemTotal:        1745540 kB
MemFree:           71104 kB
Buffers:            9668 kB
Cached:           284788 kB
SwapCached:        43224 kB
Active:           482152 kB
Inactive:         502084 kB
Active(anon):     343332 kB
Inactive(anon):   352700 kB
Active(file):     138820 kB
Inactive(file):   149384 kB
Unevictable:        3816 kB
Mlocked:               0 kB
HighTotal:       1217536 kB
HighFree:          34852 kB
LowTotal:         528004 kB
LowFree:           36252 kB
SwapTotal:       1310716 kB
SwapFree:         609612 kB
Dirty:                40 kB
Writeback:             0 kB
AnonPages:        668052 kB
Mapped:           264016 kB
Shmem:              2436 kB
Slab:              63172 kB
SReclaimable:      16032 kB
SUnreclaim:        47140 kB
KernelStack:       15880 kB
PageTables:        52908 kB
NFS_Unstable:          0 kB
Bounce:                0 kB
WritebackTmp:          0 kB
CommitLimit:     2183484 kB
Committed_AS:   124176856 kB
VmallocTotal:     311296 kB
VmallocUsed:       16188 kB
VmallocChunk:     151564 kB
Time pass: 367 sec

---2015-10-26 11:04:01
MemTotal:        1745540 kB
MemFree:           61380 kB
Buffers:            9668 kB
Cached:           284788 kB
SwapCached:        43228 kB
Active:           491584 kB
Inactive:         502156 kB
Active(anon):     352764 kB
Inactive(anon):   352772 kB
Active(file):     138820 kB
Inactive(file):   149384 kB
Unevictable:        3816 kB
Mlocked:               0 kB
HighTotal:       1217536 kB
HighFree:          25624 kB
LowTotal:         528004 kB
LowFree:           35756 kB
SwapTotal:       1310716 kB
SwapFree:         609664 kB
Dirty:                40 kB
Writeback:             0 kB
AnonPages:        677464 kB
Mapped:           267344 kB
Shmem:              2436 kB
Slab:              63172 kB
SReclaimable:      16032 kB
SUnreclaim:        47140 kB
KernelStack:       16208 kB
PageTables:        53116 kB
NFS_Unstable:          0 kB
Bounce:                0 kB
WritebackTmp:          0 kB
CommitLimit:     2183484 kB
Committed_AS:   124193376 kB
VmallocTotal:     311296 kB
VmallocUsed:       16120 kB
VmallocChunk:     151564 kB
Time pass: 371 sec

---2015-10-26 11:04:01
MemTotal:        1745540 kB
MemFree:           60720 kB
Buffers:            9676 kB
Cached:           284788 kB
SwapCached:        43228 kB
Active:           492132 kB
Inactive:         502168 kB
Active(anon):     353312 kB
Inactive(anon):   352776 kB
Active(file):     138820 kB
Inactive(file):   149392 kB
Unevictable:        3816 kB
Mlocked:               0 kB
HighTotal:       1217536 kB
HighFree:          24772 kB
LowTotal:         528004 kB
LowFree:           35948 kB
SwapTotal:       1310716 kB
SwapFree:         609664 kB
Dirty:                52 kB
Writeback:             0 kB
AnonPages:        677916 kB
Mapped:           267356 kB
Shmem:              2436 kB
Slab:              63172 kB
SReclaimable:      16032 kB
SUnreclaim:        47140 kB
KernelStack:       16200 kB
PageTables:        53116 kB
NFS_Unstable:          0 kB
Bounce:                0 kB
WritebackTmp:          0 kB
CommitLimit:     2183484 kB
Committed_AS:   124193488 kB
VmallocTotal:     311296 kB
VmallocUsed:       16120 kB
VmallocChunk:     151564 kB
Time pass: 376 sec

---2015-10-26 11:04:01
MemTotal:        1745540 kB
MemFree:           60256 kB
Buffers:            9700 kB
Cached:           284788 kB
SwapCached:        43228 kB
Active:           492664 kB
Inactive:         502252 kB
Active(anon):     353844 kB
Inactive(anon):   352836 kB
Active(file):     138820 kB
Inactive(file):   149416 kB
Unevictable:        3816 kB
Mlocked:               0 kB
HighTotal:       1217536 kB
HighFree:          24540 kB
LowTotal:         528004 kB
LowFree:           35716 kB
SwapTotal:       1310716 kB
SwapFree:         609772 kB
Dirty:                32 kB
Writeback:             0 kB
AnonPages:        678676 kB
Mapped:           267232 kB
