---2015-10-26 11:04:01
MemTotal:        2746844 kB
MemFree:          326820 kB
Buffers:           96756 kB
Cached:           653320 kB
SwapCached:        27672 kB
Active:           770780 kB
Inactive:         665392 kB
Active(anon):     333020 kB
Inactive(anon):   366552 kB
Active(file):     437760 kB
Inactive(file):   298840 kB
Unevictable:       20976 kB
Mlocked:           13004 kB
SwapTotal:       1310716 kB
SwapFree:        1004324 kB
Dirty:                44 kB
Writeback:             0 kB
AnonPages:        700628 kB
Mapped:           279872 kB
Shmem:              1008 kB
Slab:             122352 kB
SReclaimable:      33008 kB
SUnreclaim:        89344 kB
KernelStack:       28976 kB
PageTables:        46956 kB
NFS_Unstable:          0 kB
Bounce:                0 kB
WritebackTmp:          0 kB
CommitLimit:     2684136 kB
Committed_AS:   114627532 kB
VmallocTotal:   251658176 kB
VmallocUsed:      314292 kB
VmallocChunk:   247561408 kB
Time pass: 3 sec

---2015-10-26 11:04:01
MemTotal:        2746844 kB
MemFree:          327536 kB
Buffers:           96756 kB
Cached:           653320 kB
SwapCached:        27672 kB
Active:           771296 kB
Inactive:         665392 kB
Active(anon):     333536 kB
Inactive(anon):   366552 kB
Active(file):     437760 kB
Inactive(file):   298840 kB
Unevictable:       20976 kB
Mlocked:           13004 kB
SwapTotal:       1310716 kB
SwapFree:        1004324 kB
Dirty:                 0 kB
Writeback:             0 kB
AnonPages:        701000 kB
Mapped:           279956 kB
Shmem:              1008 kB
Slab:             122352 kB
SReclaimable:      33008 kB
SUnreclaim:        89344 kB
KernelStack:       28960 kB
PageTables:        46984 kB
NFS_Unstable:          0 kB
Bounce:                0 kB
WritebackTmp:          0 kB
CommitLimit:     2684136 kB
Committed_AS:   114627492 kB
VmallocTotal:   251658176 kB
VmallocUsed:      314292 kB
VmallocChunk:   247561408 kB
Time pass: 7 sec

---2015-10-26 11:04:01
MemTotal:        2746844 kB
MemFree:          327956 kB
Buffers:           96760 kB
Cached:           653320 kB
SwapCached:        27672 kB
Active:           771272 kB
Inactive:         665392 kB
Active(anon):     333512 kB
Inactive(anon):   366552 kB
Active(file):     437760 kB
Inactive(file):   298840 kB
Unevictable:       20976 kB
Mlocked:           13004 kB
SwapTotal:       1310716 kB
SwapFree:        1004324 kB
Dirty:                40 kB
Writeback:             0 kB
AnonPages:        701248 kB
Mapped:           279956 kB
Shmem:              1008 kB
Slab:             122352 kB
SReclaimable:      33008 kB
SUnreclaim:        89344 kB
KernelStack:       28960 kB
PageTables:        46984 kB
NFS_Unstable:          0 kB
Bounce:                0 kB
WritebackTmp:          0 kB
CommitLimit:     2684136 kB
Committed_AS:   114627484 kB
VmallocTotal:   251658176 kB
VmallocUsed:      314292 kB
VmallocChunk:   247561408 kB
Time pass: 10 sec

---2015-10-26 11:04:01
MemTotal:        2746844 kB
MemFree:          327536 kB
Buffers:           96760 kB
Cached:           653320 kB
SwapCached:        27672 kB
Active:           771552 kB
Inactive:         665396 kB
Active(anon):     333792 kB
Inactive(anon):   366552 kB
Active(file):     437760 kB
Inactive(file):   298844 kB
Unevictable:       20976 kB
Mlocked:           13004 kB
SwapTotal:       1310716 kB
SwapFree:        1004324 kB
Dirty:                 0 kB
Writeback:             0 kB
AnonPages:        701340 kB
Mapped:           280040 kB
Shmem:              1008 kB
Slab:             122352 kB
SReclaimable:      33008 kB
SUnreclaim:        89344 kB
KernelStack:       28960 kB
PageTables:        47012 kB
NFS_Unstable:          0 kB
Bounce:                0 kB
WritebackTmp:          0 kB
CommitLimit:     2684136 kB
Committed_AS:   114627404 kB
VmallocTotal:   251658176 kB
VmallocUsed:      314292 kB
VmallocChunk:   247561408 kB
Time pass: 14 sec

---2015-10-26 11:04:01
MemTotal:        2746844 kB
MemFree:          328080 kB
Buffers:           96760 kB
Cached:           653320 kB
SwapCached:        27676 kB
Active:           771256 kB
Inactive:         665400 kB
Active(anon):     333496 kB
Inactive(anon):   366556 kB
Active(file):     437760 kB
Inactive(file):   298844 kB
Unevictable:       20976 kB
Mlocked:           13004 kB
SwapTotal:       1310716 kB
SwapFree:        1004324 kB
Dirty:                 0 kB
Writeback:             0 kB
AnonPages:        700656 kB
Mapped:           280124 kB
Shmem:              1008 kB
Slab:             122352 kB
SReclaimable:      33008 kB
SUnreclaim:        89344 kB
KernelStack:       28912 kB
PageTables:        47040 kB
NFS_Unstable:          0 kB
Bounce:                0 kB
WritebackTmp:          0 kB
CommitLimit:     2684136 kB
Committed_AS:   114627396 kB
VmallocTotal:   251658176 kB
VmallocUsed:      314292 kB
VmallocChunk:   247561408 kB
Time pass: 17 sec

---2015-10-26 11:04:01
MemTotal:        2746844 kB
MemFree:          330780 kB
Buffers:           96760 kB
Cached:           653320 kB
SwapCached:        27676 kB
Active:           768192 kB
Inactive:         665388 kB
Active(anon):     330432 kB
Inactive(anon):   366544 kB
Active(file):     437760 kB
Inactive(file):   298844 kB
Unevictable:       20976 kB
Mlocked:           13004 kB
SwapTotal:       1310716 kB
SwapFree:        1004324 kB
Dirty:                 0 kB
Writeback:             0 kB
AnonPages:        697524 kB
Mapped:           280124 kB
Shmem:              1008 kB
Slab:             122352 kB
SReclaimable:      33008 kB
SUnreclaim:        89344 kB
KernelStack:       28880 kB
PageTables:        47040 kB
NFS_Unstable:          0 kB
Bounce:                0 kB
WritebackTmp:          0 kB
CommitLimit:     2684136 kB
Committed_AS:   114627396 kB
VmallocTotal:   251658176 kB
VmallocUsed:      314292 kB
VmallocChunk:   247561408 kB
Time pass: 21 sec

---2015-10-26 11:04:01
MemTotal:        2746844 kB
MemFree:          330748 kB
Buffers:           96760 kB
Cached:           653320 kB
SwapCached:        27676 kB
Active:           768652 kB
Inactive:         665388 kB
Active(anon):     330892 kB
Inactive(anon):   366544 kB
Active(file):     437760 kB
Inactive(file):   298844 kB
Unevictable:       20976 kB
Mlocked:           13004 kB
SwapTotal:       1310716 kB
SwapFree:        1004324 kB
Dirty:                 0 kB
Writeback:             0 kB
AnonPages:        698132 kB
Mapped:           280124 kB
Shmem:              1008 kB
Slab:             122352 kB
SReclaimable:      33008 kB
SUnreclaim:        89344 kB
KernelStack:       28880 kB
PageTables:        47044 kB
NFS_Unstable:          0 kB
Bounce:                0 kB
WritebackTmp:          0 kB
CommitLimit:     2684136 kB
Committed_AS:   114627396 kB
VmallocTotal:   251658176 kB
VmallocUsed:      314292 kB
VmallocChunk:   247561408 kB
Time pass: 25 sec

---2015-10-26 11:04:01
MemTotal:        2746844 kB
MemFree:          330892 kB
Buffers:           96760 kB
Cached:           653320 kB
SwapCached:        27676 kB
Active:           768836 kB
Inactive:         665388 kB
Active(anon):     331076 kB
Inactive(anon):   366544 kB
Active(file):     437760 kB
Inactive(file):   298844 kB
Unevictable:       20976 kB
Mlocked:           13004 kB
SwapTotal:       1310716 kB
SwapFree:        1004324 kB
Dirty:                 0 kB
Writeback:             0 kB
AnonPages:        698300 kB
Mapped:           280124 kB
Shmem:              1008 kB
Slab:             122352 kB
SReclaimable:      33008 kB
SUnreclaim:        89344 kB
KernelStack:       28880 kB
PageTables:        47044 kB
NFS_Unstable:          0 kB
Bounce:                0 kB
WritebackTmp:          0 kB
CommitLimit:     2684136 kB
Committed_AS:   114627412 kB
VmallocTotal:   251658176 kB
VmallocUsed:      314292 kB
VmallocChunk:   247561408 kB
Time pass: 28 sec

---2015-10-26 11:04:01
MemTotal:        2746844 kB
MemFree:          328868 kB
Buffers:           96760 kB
Cached:           653320 kB
SwapCached:        27676 kB
Active:           770388 kB
Inactive:         665388 kB
Active(anon):     332628 kB
Inactive(anon):   366544 kB
Active(file):     437760 kB
Inactive(file):   298844 kB
Unevictable:       20976 kB
Mlocked:           13004 kB
SwapTotal:       1310716 kB
SwapFree:        1004324 kB
Dirty:                 0 kB
Writeback:             0 kB
AnonPages:        699960 kB
Mapped:           280040 kB
Shmem:              1008 kB
Slab:             122352 kB
SReclaimable:      33008 kB
SUnreclaim:        89344 kB
KernelStack:       28880 kB
PageTables:        47012 kB
NFS_Unstable:          0 kB
Bounce:                0 kB
WritebackTmp:          0 kB
CommitLimit:     2684136 kB
Committed_AS:   114627388 kB
VmallocTotal:   251658176 kB
VmallocUsed:      314292 kB
VmallocChunk:   247561408 kB
Time pass: 32 sec

---2015-10-26 11:04:01
MemTotal:        2746844 kB
MemFree:          328624 kB
Buffers:           96760 kB
Cached:           653320 kB
SwapCached:        27676 kB
Active:           770784 kB
Inactive:         665388 kB
Active(anon):     333024 kB
Inactive(anon):   366544 kB
Active(file):     437760 kB
Inactive(file):   298844 kB
Unevictable:       20976 kB
Mlocked:           13004 kB
SwapTotal:       1310716 kB
SwapFree:        1004324 kB
Dirty:                 0 kB
Writeback:             0 kB
AnonPages:        700344 kB
Mapped:           280040 kB
Shmem:              1008 kB
Slab:             122352 kB
SReclaimable:      33008 kB
SUnreclaim:        89344 kB
KernelStack:       28896 kB
PageTables:        47012 kB
NFS_Unstable:          0 kB
Bounce:                0 kB
WritebackTmp:          0 kB
CommitLimit:     2684136 kB
Committed_AS:   114627404 kB
VmallocTotal:   251658176 kB
VmallocUsed:      314292 kB
VmallocChunk:   247561408 kB
Time pass: 36 sec

---2015-10-26 11:04:01
MemTotal:        2746844 kB
MemFree:          327784 kB
Buffers:           96760 kB
Cached:           653320 kB
SwapCached:        27676 kB
Active:           770960 kB
Inactive:         665388 kB
Active(anon):     333200 kB
Inactive(anon):   366544 kB
Active(file):     437760 kB
Inactive(file):   298844 kB
Unevictable:       20976 kB
Mlocked:           13004 kB
SwapTotal:       1310716 kB
SwapFree:        1004324 kB
Dirty:                 0 kB
Writeback:             0 kB
AnonPages:        700368 kB
Mapped:           280124 kB
Shmem:              1008 kB
Slab:             122352 kB
SReclaimable:      33008 kB
SUnreclaim:        89344 kB
KernelStack:       28896 kB
PageTables:        47040 kB
NFS_Unstable:          0 kB
Bounce:                0 kB
WritebackTmp:          0 kB
CommitLimit:     2684136 kB
Committed_AS:   114627412 kB
VmallocTotal:   251658176 kB
VmallocUsed:      314292 kB
VmallocChunk:   247561408 kB
Time pass: 40 sec

---2015-10-26 11:04:01
MemTotal:        2746844 kB
MemFree:          327556 kB
Buffers:           96760 kB
Cached:           653320 kB
SwapCached:        27676 kB
Active:           771096 kB
Inactive:         665388 kB
Active(anon):     333336 kB
Inactive(anon):   366544 kB
Active(file):     437760 kB
Inactive(file):   298844 kB
Unevictable:       20976 kB
Mlocked:           13004 kB
SwapTotal:       1310716 kB
SwapFree:        1004324 kB
Dirty:                 0 kB
Writeback:             0 kB
AnonPages:        700476 kB
Mapped:           280124 kB
Shmem:              1008 kB
Slab:             122352 kB
SReclaimable:      33008 kB
SUnreclaim:        89344 kB
KernelStack:       28896 kB
PageTables:        47044 kB
NFS_Unstable:          0 kB
Bounce:                0 kB
WritebackTmp:          0 kB
CommitLimit:     2684136 kB
Committed_AS:   114627396 kB
VmallocTotal:   251658176 kB
VmallocUsed:      314292 kB
VmallocChunk:   247561408 kB
Time pass: 43 sec

---2015-10-26 11:04:01
MemTotal:        2746844 kB
MemFree:          327908 kB
Buffers:           96760 kB
Cached:           653320 kB
SwapCached:        27676 kB
Active:           771252 kB
Inactive:         665388 kB
Active(anon):     333492 kB
Inactive(anon):   366544 kB
Active(file):     437760 kB
Inactive(file):   298844 kB
Unevictable:       20976 kB
Mlocked:           13004 kB
SwapTotal:       1310716 kB
SwapFree:        1004324 kB
Dirty:                 0 kB
Writeback:             0 kB
AnonPages:        700720 kB
Mapped:           280124 kB
Shmem:              1008 kB
Slab:             122348 kB
SReclaimable:      33008 kB
SUnreclaim:        89340 kB
KernelStack:       28896 kB
PageTables:        47048 kB
NFS_Unstable:          0 kB
Bounce:                0 kB
WritebackTmp:          0 kB
CommitLimit:     2684136 kB
Committed_AS:   114627404 kB
VmallocTotal:   251658176 kB
VmallocUsed:      314292 kB
VmallocChunk:   247561408 kB
Time pass: 47 sec

---2015-10-26 11:04:01
MemTotal:        2746844 kB
MemFree:          330408 kB
Buffers:           96760 kB
Cached:           653320 kB
SwapCached:        27676 kB
Active:           768736 kB
Inactive:         665388 kB
Active(anon):     330976 kB
Inactive(anon):   366544 kB
Active(file):     437760 kB
Inactive(file):   298844 kB
Unevictable:       20976 kB
Mlocked:           13004 kB
SwapTotal:       1310716 kB
SwapFree:        1004324 kB
Dirty:                 0 kB
Writeback:             0 kB
AnonPages:        698720 kB
Mapped:           279960 kB
Shmem:              1008 kB
Slab:             122348 kB
SReclaimable:      33008 kB
SUnreclaim:        89340 kB
KernelStack:       28896 kB
PageTables:        46988 kB
NFS_Unstable:          0 kB
Bounce:                0 kB
WritebackTmp:          0 kB
CommitLimit:     2684136 kB
Committed_AS:   114627404 kB
VmallocTotal:   251658176 kB
VmallocUsed:      314292 kB
VmallocChunk:   247561408 kB
Time pass: 51 sec

---2015-10-26 11:04:01
MemTotal:        2746844 kB
MemFree:          333628 kB
Buffers:           96760 kB
Cached:           653320 kB
SwapCached:        27676 kB
Active:           765648 kB
Inactive:         665388 kB
Active(anon):     327888 kB
Inactive(anon):   366544 kB
Active(file):     437760 kB
Inactive(file):   298844 kB
Unevictable:       20976 kB
Mlocked:           13004 kB
SwapTotal:       1310716 kB
SwapFree:        1004324 kB
Dirty:                 0 kB
Writeback:             0 kB
AnonPages:        695328 kB
Mapped:           280044 kB
Shmem:              1008 kB
Slab:             122348 kB
SReclaimable:      33008 kB
SUnreclaim:        89340 kB
KernelStack:       28896 kB
PageTables:        47020 kB
NFS_Unstable:          0 kB
Bounce:                0 kB
WritebackTmp:          0 kB
CommitLimit:     2684136 kB
Committed_AS:   114627404 kB
VmallocTotal:   251658176 kB
VmallocUsed:      314292 kB
VmallocChunk:   247561408 kB
Time pass: 54 sec

---2015-10-26 11:04:01
MemTotal:        2746844 kB
MemFree:          332948 kB
Buffers:           96760 kB
Cached:           653320 kB
SwapCached:        27676 kB
Active:           765840 kB
Inactive:         665388 kB
Active(anon):     328080 kB
Inactive(anon):   366544 kB
Active(file):     437760 kB
Inactive(file):   298844 kB
Unevictable:       20976 kB
Mlocked:           13004 kB
SwapTotal:       1310716 kB
SwapFree:        1004324 kB
Dirty:                 0 kB
Writeback:             0 kB
AnonPages:        695512 kB
Mapped:           280044 kB
Shmem:              1008 kB
Slab:             122348 kB
SReclaimable:      33008 kB
SUnreclaim:        89340 kB
KernelStack:       28896 kB
PageTables:        47016 kB
NFS_Unstable:          0 kB
Bounce:                0 kB
WritebackTmp:          0 kB
CommitLimit:     2684136 kB
Committed_AS:   114627396 kB
VmallocTotal:   251658176 kB
VmallocUsed:      314292 kB
VmallocChunk:   247561408 kB
Time pass: 58 sec

---2015-10-26 11:04:01
MemTotal:        2746844 kB
MemFree:          332812 kB
Buffers:           96772 kB
Cached:           653364 kB
SwapCached:        27676 kB
Active:           766428 kB
Inactive:         665428 kB
Active(anon):     328668 kB
Inactive(anon):   366544 kB
Active(file):     437760 kB
Inactive(file):   298884 kB
Unevictable:       20976 kB
Mlocked:           13004 kB
SwapTotal:       1310716 kB
SwapFree:        1004324 kB
Dirty:                96 kB
Writeback:             0 kB
AnonPages:        695804 kB
Mapped:           280076 kB
Shmem:              1008 kB
Slab:             122348 kB
SReclaimable:      33008 kB
SUnreclaim:        89340 kB
KernelStack:       28912 kB
PageTables:        47020 kB
NFS_Unstable:          0 kB
Bounce:                0 kB
WritebackTmp:          0 kB
CommitLimit:     2684136 kB
Committed_AS:   114627404 kB
VmallocTotal:   251658176 kB
VmallocUsed:      314292 kB
VmallocChunk:   247561408 kB
Time pass: 62 sec

---2015-10-26 11:04:01
MemTotal:        2746844 kB
MemFree:          332756 kB
Buffers:           96772 kB
Cached:           653320 kB
SwapCached:        27676 kB
Active:           766228 kB
Inactive:         665392 kB
Active(anon):     328460 kB
Inactive(anon):   366544 kB
Active(file):     437768 kB
Inactive(file):   298848 kB
Unevictable:       20976 kB
Mlocked:           13004 kB
SwapTotal:       1310716 kB
SwapFree:        1004324 kB
Dirty:                44 kB
Writeback:             0 kB
AnonPages:        695844 kB
Mapped:           279960 kB
Shmem:              1008 kB
Slab:             122348 kB
SReclaimable:      33008 kB
SUnreclaim:        89340 kB
KernelStack:       28896 kB
PageTables:        46984 kB
NFS_Unstable:          0 kB
Bounce:                0 kB
WritebackTmp:          0 kB
CommitLimit:     2684136 kB
Committed_AS:   114627420 kB
VmallocTotal:   251658176 kB
VmallocUsed:      314292 kB
VmallocChunk:   247561408 kB
Time pass: 66 sec

---2015-10-26 11:04:01
MemTotal:        2746844 kB
MemFree:          332352 kB
Buffers:           96776 kB
Cached:           653320 kB
SwapCached:        27676 kB
Active:           766536 kB
Inactive:         665392 kB
Active(anon):     328764 kB
Inactive(anon):   366544 kB
Active(file):     437772 kB
Inactive(file):   298848 kB
Unevictable:       20976 kB
Mlocked:           13004 kB
SwapTotal:       1310716 kB
SwapFree:        1004324 kB
Dirty:                40 kB
Writeback:             0 kB
AnonPages:        696232 kB
Mapped:           279960 kB
Shmem:              1008 kB
Slab:             122348 kB
SReclaimable:      33008 kB
SUnreclaim:        89340 kB
KernelStack:       28896 kB
PageTables:        46984 kB
NFS_Unstable:          0 kB
Bounce:                0 kB
WritebackTmp:          0 kB
CommitLimit:     2684136 kB
Committed_AS:   114627396 kB
VmallocTotal:   251658176 kB
VmallocUsed:      314292 kB
VmallocChunk:   247561408 kB
Time pass: 69 sec

---2015-10-26 11:04:01
MemTotal:        2746844 kB
MemFree:          332196 kB
Buffers:           96776 kB
Cached:           653320 kB
SwapCached:        27676 kB
Active:           766460 kB
Inactive:         665392 kB
Active(anon):     328688 kB
Inactive(anon):   366544 kB
Active(file):     437772 kB
Inactive(file):   298848 kB
Unevictable:       20976 kB
Mlocked:           13004 kB
SwapTotal:       1310716 kB
SwapFree:        1004324 kB
Dirty:                 0 kB
Writeback:             0 kB
AnonPages:        696244 kB
Mapped:           280044 kB
Shmem:              1008 kB
Slab:             122348 kB
SReclaimable:      33008 kB
SUnreclaim:        89340 kB
KernelStack:       28896 kB
PageTables:        47012 kB
NFS_Unstable:          0 kB
Bounce:                0 kB
WritebackTmp:          0 kB
CommitLimit:     2684136 kB
Committed_AS:   114627396 kB
VmallocTotal:   251658176 kB
VmallocUsed:      314292 kB
VmallocChunk:   247561408 kB
Time pass: 73 sec

---2015-10-26 11:04:01
MemTotal:        2746844 kB
MemFree:          332644 kB
Buffers:           96776 kB
Cached:           653320 kB
SwapCached:        27676 kB
Active:           766876 kB
Inactive:         665392 kB
Active(anon):     329104 kB
Inactive(anon):   366544 kB
Active(file):     437772 kB
Inactive(file):   298848 kB
Unevictable:       20976 kB
Mlocked:           13004 kB
SwapTotal:       1310716 kB
SwapFree:        1004324 kB
Dirty:                 0 kB
Writeback:             0 kB
AnonPages:        696472 kB
Mapped:           280044 kB
Shmem:              1008 kB
Slab:             122348 kB
SReclaimable:      33008 kB
SUnreclaim:        89340 kB
KernelStack:       28896 kB
PageTables:        47012 kB
NFS_Unstable:          0 kB
Bounce:                0 kB
WritebackTmp:          0 kB
CommitLimit:     2684136 kB
Committed_AS:   114627396 kB
VmallocTotal:   251658176 kB
VmallocUsed:      314292 kB
VmallocChunk:   247561408 kB
Time pass: 77 sec

---2015-10-26 11:04:01
MemTotal:        2746844 kB
MemFree:          331776 kB
Buffers:           96776 kB
Cached:           653320 kB
SwapCached:        27676 kB
Active:           766924 kB
Inactive:         665392 kB
Active(anon):     329152 kB
Inactive(anon):   366544 kB
Active(file):     437772 kB
Inactive(file):   298848 kB
Unevictable:       20976 kB
Mlocked:           13004 kB
SwapTotal:       1310716 kB
SwapFree:        1004324 kB
Dirty:                 0 kB
Writeback:             0 kB
AnonPages:        696576 kB
Mapped:           280128 kB
Shmem:              1008 kB
Slab:             122348 kB
SReclaimable:      33008 kB
SUnreclaim:        89340 kB
KernelStack:       28864 kB
PageTables:        47040 kB
NFS_Unstable:          0 kB
Bounce:                0 kB
WritebackTmp:          0 kB
CommitLimit:     2684136 kB
Committed_AS:   114627404 kB
VmallocTotal:   251658176 kB
VmallocUsed:      314292 kB
VmallocChunk:   247561408 kB
Time pass: 81 sec

---2015-10-26 11:04:01
MemTotal:        2746844 kB
MemFree:          331904 kB
Buffers:           96776 kB
Cached:           653320 kB
SwapCached:        27676 kB
Active:           767292 kB
Inactive:         665392 kB
Active(anon):     329520 kB
Inactive(anon):   366544 kB
Active(file):     437772 kB
Inactive(file):   298848 kB
Unevictable:       20976 kB
Mlocked:           13004 kB
SwapTotal:       1310716 kB
SwapFree:        1004324 kB
Dirty:                 0 kB
Writeback:             0 kB
AnonPages:        696708 kB
Mapped:           280128 kB
Shmem:              1008 kB
Slab:             122348 kB
SReclaimable:      33008 kB
SUnreclaim:        89340 kB
KernelStack:       28880 kB
PageTables:        47040 kB
NFS_Unstable:          0 kB
Bounce:                0 kB
WritebackTmp:          0 kB
CommitLimit:     2684136 kB
Committed_AS:   114627404 kB
VmallocTotal:   251658176 kB
VmallocUsed:      314292 kB
VmallocChunk:   247561408 kB
Time pass: 84 sec

---2015-10-26 11:04:01
MemTotal:        2746844 kB
MemFree:          330100 kB
Buffers:           96776 kB
Cached:           653320 kB
SwapCached:        27676 kB
Active:           768832 kB
Inactive:         665384 kB
Active(anon):     331052 kB
Inactive(anon):   366544 kB
Active(file):     437780 kB
Inactive(file):   298840 kB
Unevictable:       20976 kB
Mlocked:           13004 kB
SwapTotal:       1310716 kB
SwapFree:        1004324 kB
Dirty:                 0 kB
Writeback:             0 kB
AnonPages:        698860 kB
Mapped:           280176 kB
Shmem:              1008 kB
Slab:             122268 kB
SReclaimable:      33008 kB
SUnreclaim:        89260 kB
KernelStack:       28896 kB
PageTables:        47436 kB
NFS_Unstable:          0 kB
Bounce:                0 kB
WritebackTmp:          0 kB
CommitLimit:     2684136 kB
Committed_AS:   116421156 kB
VmallocTotal:   251658176 kB
VmallocUsed:      315312 kB
VmallocChunk:   247561408 kB
Time pass: 88 sec

---2015-10-26 11:04:01
MemTotal:        2746844 kB
MemFree:          265232 kB
Buffers:           96784 kB
Cached:           653216 kB
SwapCached:        27676 kB
Active:           797028 kB
Inactive:         665192 kB
Active(anon):     359180 kB
Inactive(anon):   366408 kB
Active(file):     437848 kB
Inactive(file):   298784 kB
Unevictable:       20976 kB
Mlocked:           13004 kB
SwapTotal:       1310716 kB
SwapFree:        1004332 kB
Dirty:                 0 kB
Writeback:             0 kB
AnonPages:        726768 kB
Mapped:           310020 kB
Shmem:               900 kB
Slab:             122192 kB
SReclaimable:      33008 kB
SUnreclaim:        89184 kB
KernelStack:       30144 kB
PageTables:        48396 kB
NFS_Unstable:          0 kB
Bounce:                0 kB
WritebackTmp:          0 kB
CommitLimit:     2684136 kB
Committed_AS:   117743340 kB
VmallocTotal:   251658176 kB
VmallocUsed:      312636 kB
VmallocChunk:   247561408 kB
Time pass: 93 sec

---2015-10-26 11:04:01
MemTotal:        2746844 kB
MemFree:          231064 kB
Buffers:           96792 kB
Cached:           652856 kB
SwapCached:        27676 kB
Active:           777576 kB
Inactive:         664844 kB
Active(anon):     339780 kB
Inactive(anon):   366364 kB
Active(file):     437796 kB
Inactive(file):   298480 kB
Unevictable:       20976 kB
Mlocked:           13004 kB
SwapTotal:       1310716 kB
SwapFree:        1004332 kB
Dirty:               372 kB
Writeback:             0 kB
AnonPages:        707288 kB
Mapped:           311100 kB
Shmem:               904 kB
Slab:             122188 kB
SReclaimable:      33008 kB
SUnreclaim:        89180 kB
KernelStack:       30304 kB
PageTables:        48592 kB
NFS_Unstable:          0 kB
Bounce:                0 kB
WritebackTmp:          0 kB
CommitLimit:     2684136 kB
Committed_AS:   117763696 kB
VmallocTotal:   251658176 kB
VmallocUsed:      313064 kB
VmallocChunk:   247561408 kB
Time pass: 97 sec

---2015-10-26 11:04:01
MemTotal:        2746844 kB
MemFree:          146612 kB
Buffers:           96808 kB
Cached:           650644 kB
SwapCached:        27676 kB
Active:           794752 kB
Inactive:         664276 kB
Active(anon):     358640 kB
Inactive(anon):   366332 kB
Active(file):     436112 kB
Inactive(file):   297944 kB
Unevictable:       20976 kB
Mlocked:           13004 kB
SwapTotal:       1310716 kB
SwapFree:        1004332 kB
Dirty:              2868 kB
Writeback:             0 kB
AnonPages:        726288 kB
Mapped:           316644 kB
Shmem:               884 kB
Slab:             122188 kB
SReclaimable:      33008 kB
SUnreclaim:        89180 kB
KernelStack:       30608 kB
PageTables:        48712 kB
NFS_Unstable:          0 kB
Bounce:                0 kB
WritebackTmp:          0 kB
CommitLimit:     2684136 kB
Committed_AS:   117762508 kB
VmallocTotal:   251658176 kB
VmallocUsed:      314344 kB
VmallocChunk:   247561408 kB
Time pass: 103 sec

---2015-10-26 11:04:01
MemTotal:        2746844 kB
MemFree:          145688 kB
Buffers:           96808 kB
Cached:           650596 kB
SwapCached:        27676 kB
Active:           792660 kB
Inactive:         664268 kB
Active(anon):     356548 kB
Inactive(anon):   366328 kB
Active(file):     436112 kB
Inactive(file):   297940 kB
Unevictable:       20976 kB
Mlocked:           13004 kB
SwapTotal:       1310716 kB
SwapFree:        1004332 kB
Dirty:              2800 kB
Writeback:             0 kB
AnonPages:        724160 kB
Mapped:           316644 kB
Shmem:               884 kB
Slab:             122188 kB
SReclaimable:      33008 kB
SUnreclaim:        89180 kB
KernelStack:       30592 kB
PageTables:        48536 kB
NFS_Unstable:          0 kB
Bounce:                0 kB
WritebackTmp:          0 kB
CommitLimit:     2684136 kB
Committed_AS:   117762772 kB
VmallocTotal:   251658176 kB
VmallocUsed:      314356 kB
VmallocChunk:   247561408 kB
Time pass: 107 sec

---2015-10-26 11:04:01
MemTotal:        2746844 kB
MemFree:          145236 kB
Buffers:           96816 kB
Cached:           650596 kB
SwapCached:        27676 kB
Active:           793116 kB
Inactive:         664276 kB
Active(anon):     357004 kB
Inactive(anon):   366328 kB
Active(file):     436112 kB
Inactive(file):   297948 kB
Unevictable:       20976 kB
Mlocked:           13004 kB
SwapTotal:       1310716 kB
SwapFree:        1004332 kB
Dirty:                 0 kB
Writeback:             0 kB
AnonPages:        724344 kB
Mapped:           316728 kB
Shmem:               884 kB
Slab:             122196 kB
SReclaimable:      33008 kB
SUnreclaim:        89188 kB
KernelStack:       30624 kB
PageTables:        48604 kB
NFS_Unstable:          0 kB
Bounce:                0 kB
WritebackTmp:          0 kB
CommitLimit:     2684136 kB
Committed_AS:   117762756 kB
VmallocTotal:   251658176 kB
VmallocUsed:      314356 kB
VmallocChunk:   247561408 kB
Time pass: 111 sec

---2015-10-26 11:04:01
MemTotal:        2746844 kB
MemFree:          126188 kB
Buffers:           96816 kB
Cached:           650944 kB
SwapCached:        27676 kB
Active:           795648 kB
Inactive:         664200 kB
Active(anon):     359108 kB
Inactive(anon):   366328 kB
Active(file):     436540 kB
Inactive(file):   297872 kB
Unevictable:       20976 kB
Mlocked:           13004 kB
SwapTotal:       1310716 kB
SwapFree:        1004332 kB
Dirty:               496 kB
Writeback:             0 kB
AnonPages:        726616 kB
Mapped:           316732 kB
Shmem:               884 kB
Slab:             122196 kB
SReclaimable:      33008 kB
SUnreclaim:        89188 kB
KernelStack:       30640 kB
PageTables:        48580 kB
NFS_Unstable:          0 kB
Bounce:                0 kB
WritebackTmp:          0 kB
CommitLimit:     2684136 kB
Committed_AS:   117762932 kB
VmallocTotal:   251658176 kB
VmallocUsed:      314400 kB
VmallocChunk:   247561408 kB
Time pass: 114 sec

---2015-10-26 11:04:01
MemTotal:        2746844 kB
MemFree:          124116 kB
Buffers:           96820 kB
Cached:           650944 kB
SwapCached:        27676 kB
Active:           796212 kB
Inactive:         664176 kB
Active(anon):     359648 kB
Inactive(anon):   366328 kB
Active(file):     436564 kB
Inactive(file):   297848 kB
Unevictable:       20976 kB
Mlocked:           13004 kB
SwapTotal:       1310716 kB
SwapFree:        1004332 kB
Dirty:                 0 kB
Writeback:            84 kB
AnonPages:        726896 kB
Mapped:           316816 kB
Shmem:               884 kB
Slab:             122196 kB
SReclaimable:      33008 kB
SUnreclaim:        89188 kB
KernelStack:       30624 kB
PageTables:        48600 kB
NFS_Unstable:          0 kB
Bounce:                0 kB
WritebackTmp:          0 kB
CommitLimit:     2684136 kB
Committed_AS:   117762924 kB
VmallocTotal:   251658176 kB
VmallocUsed:      314400 kB
VmallocChunk:   247561408 kB
Time pass: 118 sec

---2015-10-26 11:04:01
MemTotal:        2746844 kB
MemFree:          124300 kB
Buffers:           96828 kB
Cached:           651008 kB
SwapCached:        27676 kB
Active:           796196 kB
Inactive:         664484 kB
Active(anon):     359872 kB
Inactive(anon):   366328 kB
Active(file):     436324 kB
Inactive(file):   298156 kB
Unevictable:       20976 kB
Mlocked:           13004 kB
SwapTotal:       1310716 kB
SwapFree:        1004332 kB
Dirty:               192 kB
Writeback:             0 kB
AnonPages:        727428 kB
Mapped:           316764 kB
Shmem:               884 kB
Slab:             122192 kB
SReclaimable:      33004 kB
SUnreclaim:        89188 kB
KernelStack:       30640 kB
PageTables:        48580 kB
NFS_Unstable:          0 kB
Bounce:                0 kB
WritebackTmp:          0 kB
CommitLimit:     2684136 kB
Committed_AS:   117762972 kB
VmallocTotal:   251658176 kB
VmallocUsed:      314400 kB
VmallocChunk:   247561408 kB
Time pass: 122 sec

---2015-10-26 11:04:01
MemTotal:        2746844 kB
MemFree:          100200 kB
Buffers:           96828 kB
Cached:           650976 kB
SwapCached:        27676 kB
Active:           798740 kB
Inactive:         664452 kB
Active(anon):     362412 kB
Inactive(anon):   366328 kB
Active(file):     436328 kB
Inactive(file):   298124 kB
Unevictable:       20976 kB
Mlocked:           13004 kB
SwapTotal:       1310716 kB
SwapFree:        1004332 kB
Dirty:               492 kB
Writeback:             0 kB
AnonPages:        729740 kB
Mapped:           316752 kB
Shmem:               884 kB
Slab:             122192 kB
SReclaimable:      33004 kB
SUnreclaim:        89188 kB
KernelStack:       30576 kB
PageTables:        48592 kB
NFS_Unstable:          0 kB
Bounce:                0 kB
WritebackTmp:          0 kB
CommitLimit:     2684136 kB
Committed_AS:   117763116 kB
VmallocTotal:   251658176 kB
VmallocUsed:      314460 kB
VmallocChunk:   247561408 kB
Time pass: 125 sec

---2015-10-26 11:04:01
MemTotal:        2746844 kB
MemFree:           99228 kB
Buffers:           96828 kB
Cached:           650976 kB
SwapCached:        27676 kB
Active:           798608 kB
Inactive:         664440 kB
Active(anon):     362268 kB
Inactive(anon):   366328 kB
Active(file):     436340 kB
Inactive(file):   298112 kB
Unevictable:       20976 kB
Mlocked:           13004 kB
SwapTotal:       1310716 kB
SwapFree:        1004332 kB
Dirty:                24 kB
Writeback:             0 kB
AnonPages:        729708 kB
Mapped:           317040 kB
Shmem:               884 kB
Slab:             122192 kB
SReclaimable:      33004 kB
SUnreclaim:        89188 kB
KernelStack:       30576 kB
PageTables:        48604 kB
NFS_Unstable:          0 kB
Bounce:                0 kB
WritebackTmp:          0 kB
CommitLimit:     2684136 kB
Committed_AS:   117763228 kB
VmallocTotal:   251658176 kB
VmallocUsed:      314460 kB
VmallocChunk:   247561408 kB
Time pass: 129 sec

---2015-10-26 11:04:01
MemTotal:        2746844 kB
MemFree:           98820 kB
Buffers:           96828 kB
Cached:           650976 kB
SwapCached:        27676 kB
Active:           798612 kB
Inactive:         664440 kB
Active(anon):     362272 kB
Inactive(anon):   366328 kB
Active(file):     436340 kB
Inactive(file):   298112 kB
Unevictable:       20976 kB
Mlocked:           13004 kB
SwapTotal:       1310716 kB
SwapFree:        1004332 kB
Dirty:                28 kB
Writeback:             0 kB
AnonPages:        729828 kB
Mapped:           317420 kB
Shmem:               884 kB
Slab:             122192 kB
SReclaimable:      33004 kB
SUnreclaim:        89188 kB
KernelStack:       30576 kB
PageTables:        48604 kB
NFS_Unstable:          0 kB
Bounce:                0 kB
WritebackTmp:          0 kB
CommitLimit:     2684136 kB
Committed_AS:   117763228 kB
VmallocTotal:   251658176 kB
VmallocUsed:      314460 kB
VmallocChunk:   247561408 kB
Time pass: 133 sec

---2015-10-26 11:04:01
MemTotal:        2746844 kB
MemFree:           98288 kB
Buffers:           96828 kB
Cached:           650976 kB
SwapCached:        27676 kB
Active:           798676 kB
Inactive:         664428 kB
Active(anon):     362324 kB
Inactive(anon):   366328 kB
Active(file):     436352 kB
Inactive(file):   298100 kB
Unevictable:       20976 kB
Mlocked:           13004 kB
SwapTotal:       1310716 kB
SwapFree:        1004332 kB
Dirty:                48 kB
Writeback:             0 kB
AnonPages:        729996 kB
Mapped:           317496 kB
Shmem:               884 kB
Slab:             122192 kB
SReclaimable:      33004 kB
SUnreclaim:        89188 kB
KernelStack:       30592 kB
PageTables:        48608 kB
NFS_Unstable:          0 kB
Bounce:                0 kB
WritebackTmp:          0 kB
CommitLimit:     2684136 kB
Committed_AS:   117763220 kB
VmallocTotal:   251658176 kB
VmallocUsed:      314460 kB
VmallocChunk:   247561408 kB
Time pass: 137 sec

---2015-10-26 11:04:01
MemTotal:        2746844 kB
MemFree:           98044 kB
Buffers:           96828 kB
Cached:           650976 kB
SwapCached:        27676 kB
Active:           799024 kB
Inactive:         664428 kB
Active(anon):     362672 kB
Inactive(anon):   366328 kB
Active(file):     436352 kB
Inactive(file):   298100 kB
Unevictable:       20976 kB
Mlocked:           13004 kB
SwapTotal:       1310716 kB
SwapFree:        1004332 kB
Dirty:                 0 kB
Writeback:             0 kB
AnonPages:        729892 kB
Mapped:           317500 kB
Shmem:               884 kB
Slab:             122192 kB
SReclaimable:      33004 kB
SUnreclaim:        89188 kB
KernelStack:       30560 kB
PageTables:        48608 kB
NFS_Unstable:          0 kB
Bounce:                0 kB
WritebackTmp:          0 kB
CommitLimit:     2684136 kB
Committed_AS:   117763220 kB
VmallocTotal:   251658176 kB
VmallocUsed:      314460 kB
VmallocChunk:   247561408 kB
Time pass: 141 sec

---2015-10-26 11:04:01
MemTotal:        2746844 kB
MemFree:           98000 kB
Buffers:           96828 kB
Cached:           650976 kB
SwapCached:        27676 kB
Active:           799412 kB
Inactive:         664424 kB
Active(anon):     363056 kB
Inactive(anon):   366328 kB
Active(file):     436356 kB
Inactive(file):   298096 kB
Unevictable:       20976 kB
Mlocked:           13004 kB
SwapTotal:       1310716 kB
SwapFree:        1004332 kB
Dirty:                 0 kB
Writeback:             0 kB
AnonPages:        730404 kB
Mapped:           317584 kB
Shmem:               884 kB
Slab:             122192 kB
SReclaimable:      33004 kB
SUnreclaim:        89188 kB
KernelStack:       30592 kB
PageTables:        48636 kB
NFS_Unstable:          0 kB
Bounce:                0 kB
WritebackTmp:          0 kB
CommitLimit:     2684136 kB
Committed_AS:   117763228 kB
VmallocTotal:   251658176 kB
VmallocUsed:      314460 kB
VmallocChunk:   247561408 kB
Time pass: 146 sec

---2015-10-26 11:04:01
MemTotal:        2746844 kB
MemFree:           94864 kB
Buffers:           96828 kB
Cached:           650976 kB
SwapCached:        27676 kB
Active:           803612 kB
Inactive:         664424 kB
Active(anon):     367256 kB
Inactive(anon):   366328 kB
Active(file):     436356 kB
Inactive(file):   298096 kB
Unevictable:       20976 kB
Mlocked:           13004 kB
SwapTotal:       1310716 kB
SwapFree:        1004332 kB
Dirty:                 0 kB
Writeback:             0 kB
AnonPages:        734940 kB
Mapped:           318300 kB
Shmem:               884 kB
Slab:             122192 kB
SReclaimable:      33004 kB
SUnreclaim:        89188 kB
KernelStack:       30592 kB
PageTables:        48740 kB
NFS_Unstable:          0 kB
Bounce:                0 kB
WritebackTmp:          0 kB
CommitLimit:     2684136 kB
Committed_AS:   120372964 kB
VmallocTotal:   251658176 kB
VmallocUsed:      314460 kB
VmallocChunk:   247561408 kB
Time pass: 149 sec

---2015-10-26 11:04:01
MemTotal:        2746844 kB
MemFree:          337436 kB
Buffers:           96840 kB
Cached:           650872 kB
SwapCached:        27684 kB
Active:           775020 kB
Inactive:         665556 kB
Active(anon):     338992 kB
Inactive(anon):   367348 kB
Active(file):     436028 kB
Inactive(file):   298208 kB
Unevictable:       20976 kB
Mlocked:           13004 kB
SwapTotal:       1310716 kB
SwapFree:        1004324 kB
Dirty:                64 kB
Writeback:             0 kB
AnonPages:        708340 kB
Mapped:           283176 kB
Shmem:              1008 kB
Slab:             122208 kB
SReclaimable:      33004 kB
SUnreclaim:        89204 kB
KernelStack:       29568 kB
PageTables:        48452 kB
NFS_Unstable:          0 kB
Bounce:                0 kB
WritebackTmp:          0 kB
CommitLimit:     2684136 kB
Committed_AS:   127750744 kB
VmallocTotal:   251658176 kB
VmallocUsed:      320344 kB
VmallocChunk:   247561408 kB
Time pass: 153 sec

---2015-10-26 11:04:01
MemTotal:        2746844 kB
MemFree:          337680 kB
Buffers:           96840 kB
Cached:           650948 kB
SwapCached:        27684 kB
Active:           774040 kB
Inactive:         665616 kB
Active(anon):     338008 kB
Inactive(anon):   367336 kB
Active(file):     436032 kB
Inactive(file):   298280 kB
Unevictable:       20976 kB
Mlocked:           13004 kB
SwapTotal:       1310716 kB
SwapFree:        1004336 kB
Dirty:               192 kB
Writeback:             0 kB
AnonPages:        706888 kB
Mapped:           282552 kB
Shmem:              1008 kB
Slab:             122204 kB
SReclaimable:      33004 kB
SUnreclaim:        89200 kB
KernelStack:       29744 kB
PageTables:        48448 kB
NFS_Unstable:          0 kB
Bounce:                0 kB
WritebackTmp:          0 kB
CommitLimit:     2684136 kB
Committed_AS:   127750708 kB
VmallocTotal:   251658176 kB
VmallocUsed:      322384 kB
VmallocChunk:   247561408 kB
Time pass: 157 sec

---2015-10-26 11:04:01
MemTotal:        2746844 kB
MemFree:          347732 kB
Buffers:           96844 kB
Cached:           650948 kB
SwapCached:        27684 kB
Active:           764380 kB
Inactive:         665616 kB
Active(anon):     328344 kB
Inactive(anon):   367336 kB
Active(file):     436036 kB
Inactive(file):   298280 kB
Unevictable:       20976 kB
Mlocked:           13004 kB
SwapTotal:       1310716 kB
SwapFree:        1004336 kB
Dirty:                80 kB
Writeback:             0 kB
AnonPages:        696712 kB
Mapped:           283200 kB
Shmem:              1008 kB
Slab:             122204 kB
SReclaimable:      33004 kB
SUnreclaim:        89200 kB
KernelStack:       29680 kB
PageTables:        47900 kB
NFS_Unstable:          0 kB
Bounce:                0 kB
WritebackTmp:          0 kB
CommitLimit:     2684136 kB
Committed_AS:   120202784 kB
VmallocTotal:   251658176 kB
VmallocUsed:      320344 kB
VmallocChunk:   247561408 kB
Time pass: 161 sec

---2015-10-26 11:04:01
MemTotal:        2746844 kB
MemFree:          354260 kB
Buffers:           96848 kB
Cached:           650944 kB
SwapCached:        27684 kB
Active:           757580 kB
Inactive:         665616 kB
Active(anon):     321544 kB
Inactive(anon):   367336 kB
Active(file):     436036 kB
Inactive(file):   298280 kB
Unevictable:       20976 kB
Mlocked:           13004 kB
SwapTotal:       1310716 kB
SwapFree:        1004336 kB
Dirty:                28 kB
Writeback:             0 kB
AnonPages:        689884 kB
Mapped:           280396 kB
Shmem:              1008 kB
Slab:             122204 kB
SReclaimable:      33004 kB
SUnreclaim:        89200 kB
KernelStack:       29616 kB
PageTables:        47500 kB
NFS_Unstable:          0 kB
Bounce:                0 kB
WritebackTmp:          0 kB
CommitLimit:     2684136 kB
Committed_AS:   116422168 kB
VmallocTotal:   251658176 kB
VmallocUsed:      319324 kB
VmallocChunk:   247561408 kB
Time pass: 165 sec

---2015-10-26 11:04:01
MemTotal:        2746844 kB
MemFree:          353844 kB
Buffers:           96848 kB
Cached:           650948 kB
SwapCached:        27684 kB
Active:           758040 kB
Inactive:         665616 kB
Active(anon):     322000 kB
Inactive(anon):   367336 kB
Active(file):     436040 kB
Inactive(file):   298280 kB
Unevictable:       20976 kB
Mlocked:           13004 kB
SwapTotal:       1310716 kB
SwapFree:        1004336 kB
Dirty:                28 kB
Writeback:             0 kB
AnonPages:        690300 kB
Mapped:           280480 kB
Shmem:              1008 kB
Slab:             122204 kB
SReclaimable:      33004 kB
SUnreclaim:        89200 kB
KernelStack:       29536 kB
PageTables:        47528 kB
NFS_Unstable:          0 kB
Bounce:                0 kB
WritebackTmp:          0 kB
CommitLimit:     2684136 kB
Committed_AS:   116422088 kB
VmallocTotal:   251658176 kB
VmallocUsed:      319324 kB
VmallocChunk:   247561408 kB
Time pass: 168 sec

---2015-10-26 11:04:01
MemTotal:        2746844 kB
MemFree:          353812 kB
Buffers:           96848 kB
Cached:           650948 kB
SwapCached:        27684 kB
Active:           758088 kB
Inactive:         665612 kB
Active(anon):     322048 kB
Inactive(anon):   367332 kB
Active(file):     436040 kB
Inactive(file):   298280 kB
Unevictable:       20976 kB
Mlocked:           13004 kB
SwapTotal:       1310716 kB
SwapFree:        1004336 kB
Dirty:                 0 kB
Writeback:             0 kB
AnonPages:        690556 kB
Mapped:           280480 kB
Shmem:              1008 kB
Slab:             122204 kB
SReclaimable:      33004 kB
SUnreclaim:        89200 kB
KernelStack:       29504 kB
PageTables:        47528 kB
NFS_Unstable:          0 kB
Bounce:                0 kB
WritebackTmp:          0 kB
CommitLimit:     2684136 kB
Committed_AS:   116422096 kB
VmallocTotal:   251658176 kB
VmallocUsed:      319324 kB
VmallocChunk:   247561408 kB
Time pass: 172 sec

---2015-10-26 11:04:01
MemTotal:        2746844 kB
MemFree:          353624 kB
Buffers:           96848 kB
Cached:           650948 kB
SwapCached:        27684 kB
Active:           758636 kB
Inactive:         665612 kB
Active(anon):     322596 kB
Inactive(anon):   367332 kB
Active(file):     436040 kB
Inactive(file):   298280 kB
Unevictable:       20976 kB
Mlocked:           13004 kB
SwapTotal:       1310716 kB
SwapFree:        1004336 kB
Dirty:                 0 kB
Writeback:             0 kB
AnonPages:        690720 kB
Mapped:           280360 kB
Shmem:              1008 kB
Slab:             122204 kB
SReclaimable:      33004 kB
SUnreclaim:        89200 kB
KernelStack:       29488 kB
PageTables:        47596 kB
NFS_Unstable:          0 kB
Bounce:                0 kB
WritebackTmp:          0 kB
CommitLimit:     2684136 kB
Committed_AS:   116421972 kB
VmallocTotal:   251658176 kB
VmallocUsed:      319324 kB
VmallocChunk:   247561408 kB
Time pass: 176 sec

---2015-10-26 11:04:01
MemTotal:        2746844 kB
MemFree:          353780 kB
Buffers:           96848 kB
Cached:           650948 kB
SwapCached:        27684 kB
Active:           758916 kB
Inactive:         665612 kB
Active(anon):     322876 kB
Inactive(anon):   367332 kB
Active(file):     436040 kB
Inactive(file):   298280 kB
Unevictable:       20976 kB
Mlocked:           13004 kB
SwapTotal:       1310716 kB
SwapFree:        1004336 kB
Dirty:                 0 kB
Writeback:             0 kB
AnonPages:        690828 kB
Mapped:           280448 kB
Shmem:              1008 kB
Slab:             122204 kB
SReclaimable:      33004 kB
SUnreclaim:        89200 kB
KernelStack:       29488 kB
PageTables:        47616 kB
NFS_Unstable:          0 kB
Bounce:                0 kB
WritebackTmp:          0 kB
CommitLimit:     2684136 kB
Committed_AS:   116421888 kB
VmallocTotal:   251658176 kB
VmallocUsed:      319324 kB
VmallocChunk:   247561408 kB
Time pass: 179 sec

---2015-10-26 11:04:01
MemTotal:        2746844 kB
MemFree:          225140 kB
Buffers:           96864 kB
Cached:           650828 kB
SwapCached:        27684 kB
Active:           787232 kB
Inactive:         665124 kB
Active(anon):     351108 kB
Inactive(anon):   366908 kB
Active(file):     436124 kB
Inactive(file):   298216 kB
Unevictable:       20976 kB
Mlocked:           13004 kB
SwapTotal:       1310716 kB
SwapFree:        1004336 kB
Dirty:              1084 kB
Writeback:             0 kB
AnonPages:        719276 kB
Mapped:           311720 kB
Shmem:               880 kB
Slab:             122196 kB
SReclaimable:      33000 kB
SUnreclaim:        89196 kB
KernelStack:       30656 kB
PageTables:        48568 kB
NFS_Unstable:          0 kB
Bounce:                0 kB
WritebackTmp:          0 kB
CommitLimit:     2684136 kB
Committed_AS:   117756960 kB
VmallocTotal:   251658176 kB
VmallocUsed:      321276 kB
VmallocChunk:   247561408 kB
Time pass: 183 sec

---2015-10-26 11:04:01
MemTotal:        2746844 kB
MemFree:          167428 kB
Buffers:           96864 kB
Cached:           651532 kB
SwapCached:        27684 kB
Active:           785124 kB
Inactive:         664800 kB
Active(anon):     347988 kB
Inactive(anon):   366892 kB
Active(file):     437136 kB
Inactive(file):   297908 kB
Unevictable:       20976 kB
Mlocked:           13004 kB
SwapTotal:       1310716 kB
SwapFree:        1004336 kB
Dirty:              1748 kB
Writeback:             0 kB
AnonPages:        716108 kB
Mapped:           316816 kB
Shmem:               884 kB
Slab:             122236 kB
SReclaimable:      33000 kB
SUnreclaim:        89236 kB
KernelStack:       30880 kB
PageTables:        48736 kB
NFS_Unstable:          0 kB
Bounce:                0 kB
WritebackTmp:          0 kB
CommitLimit:     2684136 kB
Committed_AS:   117759244 kB
VmallocTotal:   251658176 kB
VmallocUsed:      322272 kB
VmallocChunk:   247561408 kB
Time pass: 188 sec

---2015-10-26 11:04:01
MemTotal:        2746844 kB
MemFree:          167432 kB
Buffers:           96868 kB
Cached:           651492 kB
SwapCached:        27684 kB
Active:           784808 kB
Inactive:         664632 kB
Active(anon):     347556 kB
Inactive(anon):   366876 kB
Active(file):     437252 kB
Inactive(file):   297756 kB
Unevictable:       20976 kB
Mlocked:           13004 kB
SwapTotal:       1310716 kB
SwapFree:        1004336 kB
Dirty:                 0 kB
Writeback:             0 kB
AnonPages:        715588 kB
Mapped:           316816 kB
Shmem:               884 kB
Slab:             122252 kB
SReclaimable:      33000 kB
SUnreclaim:        89252 kB
KernelStack:       30880 kB
PageTables:        48608 kB
NFS_Unstable:          0 kB
Bounce:                0 kB
WritebackTmp:          0 kB
CommitLimit:     2684136 kB
Committed_AS:   117759276 kB
VmallocTotal:   251658176 kB
VmallocUsed:      322252 kB
VmallocChunk:   247561408 kB
Time pass: 191 sec

---2015-10-26 11:04:01
MemTotal:        2746844 kB
MemFree:          167680 kB
Buffers:           96868 kB
Cached:           651492 kB
SwapCached:        27684 kB
Active:           784804 kB
Inactive:         664632 kB
Active(anon):     347552 kB
Inactive(anon):   366876 kB
Active(file):     437252 kB
Inactive(file):   297756 kB
Unevictable:       20976 kB
Mlocked:           13004 kB
SwapTotal:       1310716 kB
SwapFree:        1004336 kB
Dirty:                 0 kB
Writeback:             0 kB
AnonPages:        715400 kB
Mapped:           316900 kB
Shmem:               884 kB
Slab:             122252 kB
SReclaimable:      33000 kB
SUnreclaim:        89252 kB
KernelStack:       30880 kB
PageTables:        48636 kB
NFS_Unstable:          0 kB
Bounce:                0 kB
WritebackTmp:          0 kB
CommitLimit:     2684136 kB
Committed_AS:   117759260 kB
VmallocTotal:   251658176 kB
VmallocUsed:      322252 kB
VmallocChunk:   247561408 kB
Time pass: 195 sec

---2015-10-26 11:04:01
MemTotal:        2746844 kB
MemFree:          161096 kB
Buffers:           96876 kB
Cached:           651496 kB
SwapCached:        27684 kB
Active:           788228 kB
Inactive:         664672 kB
Active(anon):     351000 kB
Inactive(anon):   366876 kB
Active(file):     437228 kB
Inactive(file):   297796 kB
Unevictable:       20976 kB
Mlocked:           13004 kB
SwapTotal:       1310716 kB
SwapFree:        1004336 kB
Dirty:               216 kB
Writeback:             0 kB
AnonPages:        718820 kB
Mapped:           316876 kB
Shmem:               884 kB
Slab:             122252 kB
SReclaimable:      33000 kB
SUnreclaim:        89252 kB
KernelStack:       30896 kB
PageTables:        48604 kB
NFS_Unstable:          0 kB
Bounce:                0 kB
WritebackTmp:          0 kB
CommitLimit:     2684136 kB
Committed_AS:   117759340 kB
VmallocTotal:   251658176 kB
VmallocUsed:      322264 kB
VmallocChunk:   247561408 kB
Time pass: 199 sec

---2015-10-26 11:04:01
MemTotal:        2746844 kB
MemFree:          159328 kB
Buffers:           96880 kB
Cached:           651496 kB
SwapCached:        27684 kB
Active:           788352 kB
Inactive:         664692 kB
Active(anon):     351136 kB
Inactive(anon):   366876 kB
Active(file):     437216 kB
Inactive(file):   297816 kB
Unevictable:       20976 kB
Mlocked:           13004 kB
SwapTotal:       1310716 kB
SwapFree:        1004336 kB
Dirty:                 0 kB
Writeback:             0 kB
AnonPages:        719180 kB
Mapped:           316960 kB
Shmem:               884 kB
Slab:             122252 kB
SReclaimable:      33000 kB
SUnreclaim:        89252 kB
KernelStack:       30896 kB
PageTables:        48628 kB
NFS_Unstable:          0 kB
Bounce:                0 kB
WritebackTmp:          0 kB
CommitLimit:     2684136 kB
Committed_AS:   117759420 kB
VmallocTotal:   251658176 kB
VmallocUsed:      322264 kB
VmallocChunk:   247561408 kB
Time pass: 202 sec

---2015-10-26 11:04:01
MemTotal:        2746844 kB
MemFree:          135400 kB
Buffers:           96880 kB
Cached:           651648 kB
SwapCached:        27684 kB
Active:           793588 kB
Inactive:         664792 kB
Active(anon):     356328 kB
Inactive(anon):   366876 kB
Active(file):     437260 kB
Inactive(file):   297916 kB
Unevictable:       20976 kB
Mlocked:           13004 kB
SwapTotal:       1310716 kB
SwapFree:        1004336 kB
Dirty:               548 kB
Writeback:             0 kB
AnonPages:        724244 kB
Mapped:           316796 kB
Shmem:               884 kB
Slab:             122252 kB
SReclaimable:      33000 kB
SUnreclaim:        89252 kB
KernelStack:       30896 kB
PageTables:        48616 kB
NFS_Unstable:          0 kB
Bounce:                0 kB
WritebackTmp:          0 kB
CommitLimit:     2684136 kB
Committed_AS:   117767936 kB
VmallocTotal:   251658176 kB
VmallocUsed:      323104 kB
VmallocChunk:   247561408 kB
Time pass: 206 sec

---2015-10-26 11:04:01
MemTotal:        2746844 kB
MemFree:          124052 kB
Buffers:           96884 kB
Cached:           651784 kB
SwapCached:        27684 kB
Active:           803672 kB
Inactive:         664868 kB
Active(anon):     366404 kB
Inactive(anon):   366952 kB
Active(file):     437268 kB
Inactive(file):   297916 kB
Unevictable:       20976 kB
Mlocked:           13004 kB
SwapTotal:       1310716 kB
SwapFree:        1004336 kB
Dirty:                36 kB
Writeback:             0 kB
AnonPages:        734716 kB
Mapped:           319972 kB
Shmem:              1016 kB
Slab:             122252 kB
SReclaimable:      33000 kB
SUnreclaim:        89252 kB
KernelStack:       31376 kB
PageTables:        48724 kB
NFS_Unstable:          0 kB
Bounce:                0 kB
WritebackTmp:          0 kB
CommitLimit:     2684136 kB
Committed_AS:   117779876 kB
VmallocTotal:   251658176 kB
VmallocUsed:      325184 kB
VmallocChunk:   247561408 kB
Time pass: 210 sec

---2015-10-26 11:04:01
MemTotal:        2746844 kB
MemFree:          105256 kB
Buffers:           96896 kB
Cached:           651984 kB
SwapCached:        27684 kB
Active:           821272 kB
Inactive:         665120 kB
Active(anon):     383988 kB
Inactive(anon):   367156 kB
Active(file):     437284 kB
Inactive(file):   297964 kB
Unevictable:       20976 kB
Mlocked:           13004 kB
SwapTotal:       1310716 kB
SwapFree:        1004336 kB
Dirty:               148 kB
Writeback:             0 kB
AnonPages:        752356 kB
Mapped:           327744 kB
Shmem:              1168 kB
Slab:             122252 kB
SReclaimable:      33000 kB
SUnreclaim:        89252 kB
KernelStack:       32064 kB
PageTables:        49380 kB
NFS_Unstable:          0 kB
Bounce:                0 kB
WritebackTmp:          0 kB
CommitLimit:     2684136 kB
Committed_AS:   119051180 kB
VmallocTotal:   251658176 kB
VmallocUsed:      326204 kB
VmallocChunk:   247561408 kB
Time pass: 216 sec

---2015-10-26 11:04:01
MemTotal:        2746844 kB
MemFree:          102660 kB
Buffers:           96896 kB
Cached:           652020 kB
SwapCached:        27684 kB
Active:           823164 kB
Inactive:         665140 kB
Active(anon):     385872 kB
Inactive(anon):   367188 kB
Active(file):     437292 kB
Inactive(file):   297952 kB
Unevictable:       20976 kB
Mlocked:           13004 kB
SwapTotal:       1310716 kB
SwapFree:        1004336 kB
Dirty:                64 kB
Writeback:             0 kB
AnonPages:        754152 kB
Mapped:           328292 kB
Shmem:              1204 kB
Slab:             122260 kB
SReclaimable:      33000 kB
SUnreclaim:        89260 kB
KernelStack:       32080 kB
PageTables:        49384 kB
NFS_Unstable:          0 kB
Bounce:                0 kB
WritebackTmp:          0 kB
CommitLimit:     2684136 kB
Committed_AS:   119051332 kB
VmallocTotal:   251658176 kB
VmallocUsed:      326204 kB
VmallocChunk:   247561408 kB
Time pass: 224 sec

---2015-10-26 11:04:01
MemTotal:        2746844 kB
MemFree:          109652 kB
Buffers:           96904 kB
Cached:           652020 kB
SwapCached:        27684 kB
Active:           817068 kB
Inactive:         665144 kB
Active(anon):     379772 kB
Inactive(anon):   367188 kB
Active(file):     437296 kB
Inactive(file):   297956 kB
Unevictable:       20976 kB
Mlocked:           13004 kB
SwapTotal:       1310716 kB
SwapFree:        1004336 kB
Dirty:                56 kB
Writeback:             0 kB
AnonPages:        747956 kB
Mapped:           321336 kB
Shmem:              1204 kB
Slab:             122260 kB
SReclaimable:      33000 kB
SUnreclaim:        89260 kB
KernelStack:       31392 kB
PageTables:        48796 kB
NFS_Unstable:          0 kB
Bounce:                0 kB
WritebackTmp:          0 kB
CommitLimit:     2684136 kB
Committed_AS:   117788340 kB
VmallocTotal:   251658176 kB
VmallocUsed:      325184 kB
VmallocChunk:   247561408 kB
Time pass: 232 sec

---2015-10-26 11:04:01
MemTotal:        2746844 kB
MemFree:           96780 kB
Buffers:           96904 kB
Cached:           652020 kB
SwapCached:        27684 kB
Active:           829680 kB
Inactive:         665148 kB
Active(anon):     392384 kB
Inactive(anon):   367188 kB
Active(file):     437296 kB
Inactive(file):   297960 kB
Unevictable:       20976 kB
Mlocked:           13004 kB
SwapTotal:       1310716 kB
SwapFree:        1004336 kB
Dirty:                32 kB
Writeback:             0 kB
AnonPages:        760664 kB
Mapped:           328260 kB
Shmem:              1204 kB
Slab:             122260 kB
SReclaimable:      33000 kB
SUnreclaim:        89260 kB
KernelStack:       32080 kB
PageTables:        49388 kB
NFS_Unstable:          0 kB
Bounce:                0 kB
WritebackTmp:          0 kB
CommitLimit:     2684136 kB
Committed_AS:   119051100 kB
VmallocTotal:   251658176 kB
VmallocUsed:      326204 kB
VmallocChunk:   247561408 kB
Time pass: 238 sec

---2015-10-26 11:04:01
MemTotal:        2746844 kB
MemFree:           95432 kB
Buffers:           96920 kB
Cached:           652040 kB
SwapCached:        27684 kB
Active:           830776 kB
Inactive:         665168 kB
Active(anon):     393468 kB
Inactive(anon):   367204 kB
Active(file):     437308 kB
Inactive(file):   297964 kB
Unevictable:       20976 kB
Mlocked:           13004 kB
SwapTotal:       1310716 kB
SwapFree:        1004336 kB
Dirty:               120 kB
Writeback:             0 kB
AnonPages:        761756 kB
Mapped:           328308 kB
Shmem:              1220 kB
Slab:             122260 kB
SReclaimable:      33000 kB
SUnreclaim:        89260 kB
KernelStack:       32064 kB
PageTables:        49392 kB
NFS_Unstable:          0 kB
Bounce:                0 kB
WritebackTmp:          0 kB
CommitLimit:     2684136 kB
Committed_AS:   119051092 kB
VmallocTotal:   251658176 kB
VmallocUsed:      326204 kB
VmallocChunk:   247561408 kB
Time pass: 243 sec

---2015-10-26 11:04:01
MemTotal:        2746844 kB
MemFree:           64508 kB
Buffers:           90628 kB
Cached:           646368 kB
SwapCached:        27668 kB
Active:           817528 kB
Inactive:         701564 kB
Active(anon):     399784 kB
Inactive(anon):   398864 kB
Active(file):     417744 kB
Inactive(file):   302700 kB
Unevictable:       20976 kB
Mlocked:           13004 kB
SwapTotal:       1310716 kB
SwapFree:         999192 kB
Dirty:                 8 kB
Writeback:             0 kB
AnonPages:        798320 kB
Mapped:           346844 kB
Shmem:              1272 kB
Slab:             122260 kB
SReclaimable:      33000 kB
SUnreclaim:        89260 kB
KernelStack:       32752 kB
PageTables:        56088 kB
NFS_Unstable:          0 kB
Bounce:                0 kB
WritebackTmp:          0 kB
CommitLimit:     2684136 kB
Committed_AS:   143614688 kB
VmallocTotal:   251658176 kB
VmallocUsed:      340484 kB
VmallocChunk:   247561408 kB
Time pass: 247 sec

---2015-10-26 11:04:01
MemTotal:        2746844 kB
MemFree:           86168 kB
Buffers:           86836 kB
Cached:           643272 kB
SwapCached:        27752 kB
Active:           791948 kB
Inactive:         705612 kB
Active(anon):     382188 kB
Inactive(anon):   399024 kB
Active(file):     409760 kB
Inactive(file):   306588 kB
Unevictable:       20976 kB
Mlocked:           13004 kB
SwapTotal:       1310716 kB
SwapFree:         997572 kB
Dirty:               152 kB
Writeback:             0 kB
AnonPages:        782044 kB
Mapped:           332708 kB
Shmem:              1296 kB
Slab:             123796 kB
SReclaimable:      33032 kB
SUnreclaim:        90764 kB
KernelStack:       33520 kB
PageTables:        56664 kB
NFS_Unstable:          0 kB
Bounce:                0 kB
WritebackTmp:          0 kB
CommitLimit:     2684136 kB
Committed_AS:   141661624 kB
VmallocTotal:   251658176 kB
VmallocUsed:      338444 kB
VmallocChunk:   247561408 kB
Time pass: 251 sec

---2015-10-26 11:04:01
MemTotal:        2746844 kB
MemFree:           81096 kB
Buffers:           86840 kB
Cached:           643316 kB
SwapCached:        27752 kB
Active:           795944 kB
Inactive:         705096 kB
Active(anon):     385684 kB
Inactive(anon):   399004 kB
Active(file):     410260 kB
Inactive(file):   306092 kB
Unevictable:       20976 kB
Mlocked:           13004 kB
SwapTotal:       1310716 kB
SwapFree:         997572 kB
Dirty:                20 kB
Writeback:             0 kB
AnonPages:        785640 kB
Mapped:           339328 kB
Shmem:              1336 kB
Slab:             123800 kB
SReclaimable:      33032 kB
SUnreclaim:        90768 kB
KernelStack:       33920 kB
PageTables:        56900 kB
NFS_Unstable:          0 kB
Bounce:                0 kB
WritebackTmp:          0 kB
CommitLimit:     2684136 kB
Committed_AS:   141132484 kB
VmallocTotal:   251658176 kB
VmallocUsed:      338444 kB
VmallocChunk:   247561408 kB
Time pass: 256 sec

---2015-10-26 11:04:01
MemTotal:        2746844 kB
MemFree:           80568 kB
Buffers:           86848 kB
Cached:           643356 kB
SwapCached:        27752 kB
Active:           796212 kB
Inactive:         705172 kB
Active(anon):     385948 kB
Inactive(anon):   399072 kB
Active(file):     410264 kB
Inactive(file):   306100 kB
Unevictable:       20976 kB
Mlocked:           13004 kB
SwapTotal:       1310716 kB
SwapFree:         997572 kB
Dirty:                48 kB
Writeback:             0 kB
AnonPages:        785952 kB
Mapped:           339384 kB
Shmem:              1372 kB
Slab:             123804 kB
SReclaimable:      33032 kB
SUnreclaim:        90772 kB
KernelStack:       33952 kB
PageTables:        56936 kB
NFS_Unstable:          0 kB
Bounce:                0 kB
WritebackTmp:          0 kB
CommitLimit:     2684136 kB
Committed_AS:   141132712 kB
VmallocTotal:   251658176 kB
VmallocUsed:      338444 kB
VmallocChunk:   247561408 kB
Time pass: 262 sec

---2015-10-26 11:04:01
MemTotal:        2746844 kB
MemFree:           78940 kB
Buffers:           86856 kB
Cached:           643356 kB
SwapCached:        27752 kB
Active:           798108 kB
Inactive:         705184 kB
Active(anon):     387856 kB
Inactive(anon):   399072 kB
Active(file):     410252 kB
Inactive(file):   306112 kB
Unevictable:       20976 kB
Mlocked:           13004 kB
SwapTotal:       1310716 kB
SwapFree:         997572 kB
Dirty:                28 kB
Writeback:             0 kB
AnonPages:        787608 kB
Mapped:           339308 kB
Shmem:              1372 kB
Slab:             123804 kB
SReclaimable:      33032 kB
SUnreclaim:        90772 kB
KernelStack:       33984 kB
PageTables:        56964 kB
NFS_Unstable:          0 kB
Bounce:                0 kB
WritebackTmp:          0 kB
CommitLimit:     2684136 kB
Committed_AS:   141137168 kB
VmallocTotal:   251658176 kB
VmallocUsed:      338444 kB
VmallocChunk:   247561408 kB
Time pass: 267 sec

---2015-10-26 11:04:01
MemTotal:        2746844 kB
MemFree:           81088 kB
Buffers:           86856 kB
Cached:           643348 kB
SwapCached:        27752 kB
Active:           796036 kB
Inactive:         705176 kB
Active(anon):     385776 kB
Inactive(anon):   399064 kB
Active(file):     410260 kB
Inactive(file):   306112 kB
Unevictable:       20976 kB
Mlocked:           13004 kB
SwapTotal:       1310716 kB
SwapFree:         997572 kB
Dirty:                16 kB
Writeback:             0 kB
AnonPages:        785444 kB
Mapped:           339152 kB
Shmem:              1364 kB
Slab:             123800 kB
SReclaimable:      33032 kB
SUnreclaim:        90768 kB
KernelStack:       33856 kB
PageTables:        56908 kB
NFS_Unstable:          0 kB
Bounce:                0 kB
WritebackTmp:          0 kB
CommitLimit:     2684136 kB
Committed_AS:   141130432 kB
VmallocTotal:   251658176 kB
VmallocUsed:      338444 kB
VmallocChunk:   247561408 kB
Time pass: 273 sec

---2015-10-26 11:04:01
MemTotal:        2746844 kB
MemFree:           89432 kB
Buffers:           86872 kB
Cached:           643396 kB
SwapCached:        27752 kB
Active:           786720 kB
Inactive:         705212 kB
Active(anon):     376456 kB
Inactive(anon):   399092 kB
Active(file):     410264 kB
Inactive(file):   306120 kB
Unevictable:       20976 kB
Mlocked:           13004 kB
SwapTotal:       1310716 kB
SwapFree:         997572 kB
Dirty:                 0 kB
Writeback:             0 kB
AnonPages:        776180 kB
Mapped:           339616 kB
Shmem:              1412 kB
Slab:             123800 kB
SReclaimable:      33032 kB
SUnreclaim:        90768 kB
KernelStack:       33888 kB
PageTables:        56956 kB
NFS_Unstable:          0 kB
Bounce:                0 kB
WritebackTmp:          0 kB
CommitLimit:     2684136 kB
Committed_AS:   141130976 kB
VmallocTotal:   251658176 kB
VmallocUsed:      338444 kB
VmallocChunk:   247561408 kB
Time pass: 279 sec

---2015-10-26 11:04:01
MemTotal:        2746844 kB
MemFree:           88884 kB
Buffers:           86876 kB
Cached:           643396 kB
SwapCached:        27752 kB
Active:           787252 kB
Inactive:         705212 kB
Active(anon):     376988 kB
Inactive(anon):   399092 kB
Active(file):     410264 kB
Inactive(file):   306120 kB
Unevictable:       20976 kB
Mlocked:           13004 kB
SwapTotal:       1310716 kB
SwapFree:         997572 kB
Dirty:                28 kB
Writeback:             0 kB
AnonPages:        776920 kB
Mapped:           339680 kB
Shmem:              1412 kB
Slab:             123796 kB
SReclaimable:      33032 kB
SUnreclaim:        90764 kB
KernelStack:       33920 kB
PageTables:        56924 kB
NFS_Unstable:          0 kB
Bounce:                0 kB
WritebackTmp:          0 kB
CommitLimit:     2684136 kB
Committed_AS:   141131360 kB
VmallocTotal:   251658176 kB
VmallocUsed:      338444 kB
VmallocChunk:   247561408 kB
Time pass: 283 sec

---2015-10-26 11:04:01
MemTotal:        2746844 kB
MemFree:           96884 kB
Buffers:           86876 kB
Cached:           643396 kB
SwapCached:        27752 kB
Active:           779952 kB
Inactive:         705232 kB
Active(anon):     369700 kB
Inactive(anon):   399092 kB
Active(file):     410252 kB
Inactive(file):   306140 kB
Unevictable:       20976 kB
Mlocked:           13004 kB
SwapTotal:       1310716 kB
SwapFree:         997572 kB
Dirty:                44 kB
Writeback:             0 kB
AnonPages:        769188 kB
Mapped:           332596 kB
Shmem:              1412 kB
Slab:             123804 kB
SReclaimable:      33032 kB
SUnreclaim:        90772 kB
KernelStack:       34000 kB
PageTables:        56384 kB
NFS_Unstable:          0 kB
Bounce:                0 kB
WritebackTmp:          0 kB
CommitLimit:     2684136 kB
Committed_AS:   139868292 kB
VmallocTotal:   251658176 kB
VmallocUsed:      337424 kB
VmallocChunk:   247561408 kB
Time pass: 287 sec

---2015-10-26 11:04:01
MemTotal:        2746844 kB
MemFree:           88912 kB
Buffers:           86876 kB
Cached:           643408 kB
SwapCached:        27752 kB
Active:           787852 kB
Inactive:         705232 kB
Active(anon):     377588 kB
Inactive(anon):   399096 kB
Active(file):     410264 kB
Inactive(file):   306136 kB
Unevictable:       20976 kB
Mlocked:           13004 kB
SwapTotal:       1310716 kB
SwapFree:         997572 kB
Dirty:                32 kB
Writeback:             0 kB
AnonPages:        777696 kB
Mapped:           338708 kB
Shmem:              1416 kB
Slab:             123808 kB
SReclaimable:      33032 kB
SUnreclaim:        90776 kB
KernelStack:       33728 kB
PageTables:        56904 kB
NFS_Unstable:          0 kB
Bounce:                0 kB
WritebackTmp:          0 kB
CommitLimit:     2684136 kB
Committed_AS:   141130464 kB
VmallocTotal:   251658176 kB
VmallocUsed:      338444 kB
VmallocChunk:   247561408 kB
Time pass: 292 sec

---2015-10-26 11:04:01
MemTotal:        2746844 kB
MemFree:           85932 kB
Buffers:           86892 kB
Cached:           643400 kB
SwapCached:        27752 kB
Active:           791060 kB
Inactive:         705240 kB
Active(anon):     380796 kB
Inactive(anon):   399096 kB
Active(file):     410264 kB
Inactive(file):   306144 kB
Unevictable:       20976 kB
Mlocked:           13004 kB
SwapTotal:       1310716 kB
SwapFree:         997572 kB
Dirty:                44 kB
Writeback:             0 kB
AnonPages:        780700 kB
Mapped:           339452 kB
Shmem:              1416 kB
Slab:             123816 kB
SReclaimable:      33032 kB
SUnreclaim:        90784 kB
KernelStack:       33984 kB
PageTables:        56980 kB
NFS_Unstable:          0 kB
Bounce:                0 kB
WritebackTmp:          0 kB
CommitLimit:     2684136 kB
Committed_AS:   141131104 kB
VmallocTotal:   251658176 kB
VmallocUsed:      338444 kB
VmallocChunk:   247561408 kB
Time pass: 298 sec

---2015-10-26 11:04:01
MemTotal:        2746844 kB
MemFree:           85056 kB
Buffers:           86896 kB
Cached:           643400 kB
SwapCached:        27752 kB
Active:           792584 kB
Inactive:         705248 kB
Active(anon):     382320 kB
Inactive(anon):   399096 kB
Active(file):     410264 kB
Inactive(file):   306152 kB
Unevictable:       20976 kB
Mlocked:           13004 kB
SwapTotal:       1310716 kB
SwapFree:         997572 kB
Dirty:                60 kB
Writeback:             0 kB
AnonPages:        782192 kB
Mapped:           339592 kB
Shmem:              1416 kB
Slab:             123816 kB
SReclaimable:      33032 kB
SUnreclaim:        90784 kB
KernelStack:       34032 kB
PageTables:        57012 kB
NFS_Unstable:          0 kB
Bounce:                0 kB
WritebackTmp:          0 kB
CommitLimit:     2684136 kB
Committed_AS:   141131772 kB
VmallocTotal:   251658176 kB
VmallocUsed:      338444 kB
VmallocChunk:   247561408 kB
Time pass: 303 sec

---2015-10-26 11:04:01
MemTotal:        2746844 kB
MemFree:           92416 kB
Buffers:           86900 kB
Cached:           643400 kB
SwapCached:        27752 kB
Active:           785516 kB
Inactive:         705240 kB
Active(anon):     375248 kB
Inactive(anon):   399096 kB
Active(file):     410268 kB
Inactive(file):   306144 kB
Unevictable:       20976 kB
Mlocked:           13004 kB
SwapTotal:       1310716 kB
SwapFree:         997572 kB
Dirty:                28 kB
Writeback:             0 kB
AnonPages:        775052 kB
Mapped:           332616 kB
Shmem:              1416 kB
Slab:             123816 kB
SReclaimable:      33032 kB
SUnreclaim:        90784 kB
KernelStack:       33744 kB
PageTables:        56384 kB
NFS_Unstable:          0 kB
Bounce:                0 kB
WritebackTmp:          0 kB
CommitLimit:     2684136 kB
Committed_AS:   139868860 kB
VmallocTotal:   251658176 kB
VmallocUsed:      337424 kB
VmallocChunk:   247561408 kB
Time pass: 307 sec

---2015-10-26 11:04:01
MemTotal:        2746844 kB
MemFree:           83292 kB
Buffers:           86912 kB
Cached:           643400 kB
SwapCached:        27752 kB
Active:           793840 kB
Inactive:         705248 kB
Active(anon):     383568 kB
Inactive(anon):   399092 kB
Active(file):     410272 kB
Inactive(file):   306156 kB
Unevictable:       20976 kB
Mlocked:           13004 kB
SwapTotal:       1310716 kB
SwapFree:         997572 kB
Dirty:               108 kB
Writeback:             0 kB
AnonPages:        783692 kB
Mapped:           338460 kB
Shmem:              1416 kB
Slab:             123796 kB
SReclaimable:      33032 kB
SUnreclaim:        90764 kB
KernelStack:       33456 kB
PageTables:        56888 kB
NFS_Unstable:          0 kB
Bounce:                0 kB
WritebackTmp:          0 kB
CommitLimit:     2684136 kB
Committed_AS:   141130396 kB
VmallocTotal:   251658176 kB
VmallocUsed:      338444 kB
VmallocChunk:   247561408 kB
Time pass: 311 sec

---2015-10-26 11:04:01
MemTotal:        2746844 kB
MemFree:           81260 kB
Buffers:           86916 kB
Cached:           643400 kB
SwapCached:        27752 kB
Active:           795828 kB
Inactive:         705248 kB
Active(anon):     385556 kB
Inactive(anon):   399092 kB
Active(file):     410272 kB
Inactive(file):   306156 kB
Unevictable:       20976 kB
Mlocked:           13004 kB
SwapTotal:       1310716 kB
SwapFree:         997572 kB
Dirty:               120 kB
Writeback:             0 kB
AnonPages:        785268 kB
Mapped:           339496 kB
Shmem:              1416 kB
Slab:             123796 kB
SReclaimable:      33032 kB
SUnreclaim:        90764 kB
KernelStack:       34000 kB
PageTables:        56972 kB
NFS_Unstable:          0 kB
Bounce:                0 kB
WritebackTmp:          0 kB
CommitLimit:     2684136 kB
Committed_AS:   141130564 kB
VmallocTotal:   251658176 kB
VmallocUsed:      338444 kB
VmallocChunk:   247561408 kB
Time pass: 315 sec

---2015-10-26 11:04:01
MemTotal:        2746844 kB
MemFree:           85480 kB
Buffers:           86916 kB
Cached:           643400 kB
SwapCached:        27752 kB
Active:           791908 kB
Inactive:         705248 kB
Active(anon):     381632 kB
Inactive(anon):   399092 kB
Active(file):     410276 kB
Inactive(file):   306156 kB
Unevictable:       20976 kB
Mlocked:           13004 kB
SwapTotal:       1310716 kB
SwapFree:         997572 kB
Dirty:                 0 kB
Writeback:             0 kB
AnonPages:        781392 kB
Mapped:           339592 kB
Shmem:              1416 kB
Slab:             123796 kB
SReclaimable:      33032 kB
SUnreclaim:        90764 kB
KernelStack:       33968 kB
PageTables:        56980 kB
NFS_Unstable:          0 kB
Bounce:                0 kB
WritebackTmp:          0 kB
CommitLimit:     2684136 kB
Committed_AS:   141130632 kB
VmallocTotal:   251658176 kB
VmallocUsed:      338444 kB
VmallocChunk:   247561408 kB
Time pass: 319 sec

---2015-10-26 11:04:01
MemTotal:        2746844 kB
MemFree:           84160 kB
Buffers:           86916 kB
Cached:           643400 kB
SwapCached:        27752 kB
Active:           793016 kB
Inactive:         705248 kB
Active(anon):     382740 kB
Inactive(anon):   399092 kB
Active(file):     410276 kB
Inactive(file):   306156 kB
Unevictable:       20976 kB
Mlocked:           13004 kB
SwapTotal:       1310716 kB
SwapFree:         997572 kB
Dirty:                 0 kB
Writeback:             0 kB
AnonPages:        782472 kB
Mapped:           339700 kB
Shmem:              1416 kB
Slab:             123796 kB
SReclaimable:      33032 kB
SUnreclaim:        90764 kB
KernelStack:       34000 kB
PageTables:        57040 kB
NFS_Unstable:          0 kB
Bounce:                0 kB
WritebackTmp:          0 kB
CommitLimit:     2684136 kB
Committed_AS:   141130948 kB
VmallocTotal:   251658176 kB
VmallocUsed:      338444 kB
VmallocChunk:   247561408 kB
Time pass: 323 sec

---2015-10-26 11:04:01
MemTotal:        2746844 kB
MemFree:           91696 kB
Buffers:           86916 kB
Cached:           643400 kB
SwapCached:        27752 kB
Active:           785216 kB
Inactive:         705244 kB
Active(anon):     374936 kB
Inactive(anon):   399092 kB
Active(file):     410280 kB
Inactive(file):   306152 kB
Unevictable:       20976 kB
Mlocked:           13004 kB
SwapTotal:       1310716 kB
SwapFree:         997572 kB
Dirty:                40 kB
Writeback:             0 kB
AnonPages:        774560 kB
Mapped:           332592 kB
Shmem:              1416 kB
Slab:             123824 kB
SReclaimable:      33032 kB
SUnreclaim:        90792 kB
KernelStack:       33376 kB
PageTables:        56420 kB
NFS_Unstable:          0 kB
Bounce:                0 kB
WritebackTmp:          0 kB
CommitLimit:     2684136 kB
Committed_AS:   139867900 kB
VmallocTotal:   251658176 kB
VmallocUsed:      337424 kB
VmallocChunk:   247561408 kB
Time pass: 327 sec

---2015-10-26 11:04:01
MemTotal:        2746844 kB
MemFree:           83260 kB
Buffers:           86916 kB
Cached:           643396 kB
SwapCached:        27752 kB
Active:           794996 kB
Inactive:         705244 kB
Active(anon):     384720 kB
Inactive(anon):   399092 kB
Active(file):     410276 kB
Inactive(file):   306152 kB
Unevictable:       20976 kB
Mlocked:           13004 kB
SwapTotal:       1310716 kB
SwapFree:         997572 kB
Dirty:                32 kB
Writeback:             0 kB
AnonPages:        784492 kB
Mapped:           339268 kB
Shmem:              1416 kB
Slab:             123792 kB
SReclaimable:      33032 kB
SUnreclaim:        90760 kB
KernelStack:       34000 kB
PageTables:        56976 kB
NFS_Unstable:          0 kB
Bounce:                0 kB
WritebackTmp:          0 kB
CommitLimit:     2684136 kB
Committed_AS:   141130476 kB
VmallocTotal:   251658176 kB
VmallocUsed:      338444 kB
VmallocChunk:   247561408 kB
Time pass: 331 sec

---2015-10-26 11:04:01
MemTotal:        2746844 kB
MemFree:           81688 kB
Buffers:           86920 kB
Cached:           643400 kB
SwapCached:        27752 kB
Active:           795856 kB
Inactive:         705252 kB
Active(anon):     385576 kB
Inactive(anon):   399096 kB
Active(file):     410280 kB
Inactive(file):   306156 kB
Unevictable:       20976 kB
Mlocked:           13004 kB
SwapTotal:       1310716 kB
SwapFree:         997576 kB
Dirty:                72 kB
Writeback:             0 kB
AnonPages:        785272 kB
Mapped:           339532 kB
Shmem:              1416 kB
Slab:             123792 kB
SReclaimable:      33032 kB
SUnreclaim:        90760 kB
KernelStack:       33952 kB
PageTables:        57008 kB
NFS_Unstable:          0 kB
Bounce:                0 kB
WritebackTmp:          0 kB
CommitLimit:     2684136 kB
Committed_AS:   141130676 kB
VmallocTotal:   251658176 kB
VmallocUsed:      338444 kB
VmallocChunk:   247561408 kB
Time pass: 335 sec

---2015-10-26 11:04:01
MemTotal:        2746844 kB
MemFree:           80040 kB
Buffers:           86924 kB
Cached:           643396 kB
SwapCached:        27752 kB
Active:           796144 kB
Inactive:         705252 kB
Active(anon):     385864 kB
Inactive(anon):   399096 kB
Active(file):     410280 kB
Inactive(file):   306156 kB
Unevictable:       20976 kB
Mlocked:           13004 kB
SwapTotal:       1310716 kB
SwapFree:         997576 kB
Dirty:                24 kB
Writeback:             0 kB
AnonPages:        785568 kB
Mapped:           339536 kB
Shmem:              1416 kB
Slab:             123792 kB
SReclaimable:      33032 kB
SUnreclaim:        90760 kB
KernelStack:       33984 kB
PageTables:        57008 kB
NFS_Unstable:          0 kB
Bounce:                0 kB
WritebackTmp:          0 kB
CommitLimit:     2684136 kB
Committed_AS:   141130652 kB
VmallocTotal:   251658176 kB
VmallocUsed:      338444 kB
VmallocChunk:   247561408 kB
Time pass: 340 sec

---2015-10-26 11:04:01
MemTotal:        2746844 kB
MemFree:           88120 kB
Buffers:           86924 kB
Cached:           643400 kB
SwapCached:        27752 kB
Active:           789620 kB
Inactive:         705236 kB
Active(anon):     379320 kB
Inactive(anon):   399096 kB
Active(file):     410300 kB
Inactive(file):   306140 kB
Unevictable:       20976 kB
Mlocked:           13004 kB
SwapTotal:       1310716 kB
SwapFree:         997576 kB
Dirty:                 0 kB
Writeback:             0 kB
AnonPages:        779204 kB
Mapped:           332620 kB
Shmem:              1416 kB
Slab:             123792 kB
SReclaimable:      33032 kB
SUnreclaim:        90760 kB
KernelStack:       34016 kB
PageTables:        56392 kB
NFS_Unstable:          0 kB
Bounce:                0 kB
WritebackTmp:          0 kB
CommitLimit:     2684136 kB
Committed_AS:   139867888 kB
VmallocTotal:   251658176 kB
VmallocUsed:      337424 kB
VmallocChunk:   247561408 kB
Time pass: 345 sec

---2015-10-26 11:04:01
MemTotal:        2746844 kB
MemFree:           80124 kB
Buffers:           86924 kB
Cached:           643400 kB
SwapCached:        27752 kB
Active:           798668 kB
Inactive:         705224 kB
Active(anon):     388356 kB
Inactive(anon):   399096 kB
Active(file):     410312 kB
Inactive(file):   306128 kB
Unevictable:       20976 kB
Mlocked:           13004 kB
SwapTotal:       1310716 kB
SwapFree:         997576 kB
Dirty:                76 kB
Writeback:             0 kB
AnonPages:        788604 kB
Mapped:           338408 kB
Shmem:              1416 kB
Slab:             123792 kB
SReclaimable:      33032 kB
SUnreclaim:        90760 kB
KernelStack:       33824 kB
PageTables:        56908 kB
NFS_Unstable:          0 kB
Bounce:                0 kB
WritebackTmp:          0 kB
CommitLimit:     2684136 kB
Committed_AS:   141130464 kB
VmallocTotal:   251658176 kB
VmallocUsed:      338444 kB
VmallocChunk:   247561408 kB
Time pass: 350 sec

---2015-10-26 11:04:01
MemTotal:        2746844 kB
MemFree:           84504 kB
Buffers:           86928 kB
Cached:           643424 kB
SwapCached:        27752 kB
Active:           792536 kB
Inactive:         705256 kB
Active(anon):     382228 kB
Inactive(anon):   399124 kB
Active(file):     410308 kB
Inactive(file):   306132 kB
Unevictable:       20976 kB
Mlocked:           13004 kB
SwapTotal:       1310716 kB
SwapFree:         997576 kB
Dirty:                 4 kB
Writeback:             0 kB
AnonPages:        782180 kB
Mapped:           339528 kB
Shmem:              1444 kB
Slab:             123824 kB
SReclaimable:      33032 kB
SUnreclaim:        90792 kB
KernelStack:       33984 kB
PageTables:        56980 kB
NFS_Unstable:          0 kB
Bounce:                0 kB
WritebackTmp:          0 kB
CommitLimit:     2684136 kB
Committed_AS:   141130600 kB
VmallocTotal:   251658176 kB
VmallocUsed:      338444 kB
VmallocChunk:   247561408 kB
Time pass: 354 sec

---2015-10-26 11:04:01
MemTotal:        2746844 kB
MemFree:           83604 kB
Buffers:           86928 kB
Cached:           643428 kB
SwapCached:        27752 kB
Active:           793056 kB
Inactive:         705260 kB
Active(anon):     382748 kB
Inactive(anon):   399124 kB
Active(file):     410308 kB
Inactive(file):   306136 kB
Unevictable:       20976 kB
Mlocked:           13004 kB
SwapTotal:       1310716 kB
SwapFree:         997576 kB
Dirty:                64 kB
Writeback:             0 kB
AnonPages:        782536 kB
Mapped:           339616 kB
Shmem:              1444 kB
Slab:             123824 kB
SReclaimable:      33032 kB
SUnreclaim:        90792 kB
KernelStack:       34016 kB
PageTables:        57008 kB
NFS_Unstable:          0 kB
Bounce:                0 kB
WritebackTmp:          0 kB
CommitLimit:     2684136 kB
Committed_AS:   141130668 kB
VmallocTotal:   251658176 kB
VmallocUsed:      338444 kB
VmallocChunk:   247561408 kB
Time pass: 359 sec

---2015-10-26 11:04:01
MemTotal:        2746844 kB
MemFree:           81056 kB
Buffers:           86940 kB
Cached:           643428 kB
SwapCached:        27752 kB
Active:           795056 kB
Inactive:         705248 kB
Active(anon):     384720 kB
Inactive(anon):   399128 kB
Active(file):     410336 kB
Inactive(file):   306120 kB
Unevictable:       20976 kB
Mlocked:           13004 kB
SwapTotal:       1310716 kB
SwapFree:         997584 kB
Dirty:                 0 kB
Writeback:             0 kB
AnonPages:        784612 kB
Mapped:           339600 kB
Shmem:              1444 kB
Slab:             123820 kB
SReclaimable:      33032 kB
SUnreclaim:        90788 kB
KernelStack:       34016 kB
PageTables:        56976 kB
NFS_Unstable:          0 kB
Bounce:                0 kB
WritebackTmp:          0 kB
CommitLimit:     2684136 kB
Committed_AS:   141130996 kB
VmallocTotal:   251658176 kB
VmallocUsed:      338444 kB
VmallocChunk:   247561408 kB
Time pass: 363 sec

---2015-10-26 11:04:01
MemTotal:        2746844 kB
MemFree:           90736 kB
Buffers:           86940 kB
Cached:           643428 kB
SwapCached:        27752 kB
Active:           786672 kB
Inactive:         705032 kB
Active(anon):     376336 kB
Inactive(anon):   398916 kB
Active(file):     410336 kB
Inactive(file):   306116 kB
Unevictable:       20976 kB
Mlocked:           13004 kB
SwapTotal:       1310716 kB
SwapFree:         997588 kB
Dirty:                56 kB
Writeback:             0 kB
AnonPages:        775808 kB
Mapped:           332536 kB
Shmem:              1444 kB
Slab:             123812 kB
SReclaimable:      33032 kB
SUnreclaim:        90780 kB
KernelStack:       33360 kB
PageTables:        56388 kB
NFS_Unstable:          0 kB
Bounce:                0 kB
WritebackTmp:          0 kB
CommitLimit:     2684136 kB
Committed_AS:   139868092 kB
VmallocTotal:   251658176 kB
VmallocUsed:      337424 kB
VmallocChunk:   247561408 kB
Time pass: 367 sec

---2015-10-26 11:04:01
MemTotal:        2746844 kB
MemFree:           82216 kB
Buffers:           86956 kB
Cached:           643420 kB
SwapCached:        27752 kB
Active:           796696 kB
Inactive:         703248 kB
Active(anon):     386352 kB
Inactive(anon):   397120 kB
Active(file):     410344 kB
Inactive(file):   306128 kB
Unevictable:       20976 kB
Mlocked:           13004 kB
SwapTotal:       1310716 kB
SwapFree:         997600 kB
Dirty:               132 kB
Writeback:             0 kB
AnonPages:        784536 kB
Mapped:           339452 kB
Shmem:              1444 kB
Slab:             123812 kB
SReclaimable:      33032 kB
SUnreclaim:        90780 kB
KernelStack:       33968 kB
PageTables:        56976 kB
NFS_Unstable:          0 kB
Bounce:                0 kB
WritebackTmp:          0 kB
CommitLimit:     2684136 kB
Committed_AS:   141130548 kB
VmallocTotal:   251658176 kB
VmallocUsed:      338444 kB
VmallocChunk:   247561408 kB
Time pass: 371 sec

---2015-10-26 11:04:01
MemTotal:        2746844 kB
MemFree:           81048 kB
Buffers:           86956 kB
Cached:           643428 kB
SwapCached:        27752 kB
Active:           797488 kB
Inactive:         703248 kB
Active(anon):     387144 kB
Inactive(anon):   397120 kB
Active(file):     410344 kB
Inactive(file):   306128 kB
Unevictable:       20976 kB
Mlocked:           13004 kB
SwapTotal:       1310716 kB
SwapFree:         997600 kB
Dirty:                 8 kB
Writeback:             0 kB
AnonPages:        784856 kB
Mapped:           339612 kB
Shmem:              1444 kB
Slab:             123812 kB
SReclaimable:      33032 kB
SUnreclaim:        90780 kB
KernelStack:       34016 kB
PageTables:        57004 kB
NFS_Unstable:          0 kB
Bounce:                0 kB
WritebackTmp:          0 kB
CommitLimit:     2684136 kB
Committed_AS:   141130688 kB
VmallocTotal:   251658176 kB
VmallocUsed:      338444 kB
VmallocChunk:   247561408 kB
Time pass: 375 sec

---2015-10-26 11:04:01
MemTotal:        2746844 kB
MemFree:           83364 kB
Buffers:           86968 kB
Cached:           643428 kB
SwapCached:        27752 kB
Active:           795876 kB
Inactive:         703252 kB
Active(anon):     385524 kB
Inactive(anon):   397120 kB
Active(file):     410352 kB
Inactive(file):   306132 kB
Unevictable:       20976 kB
Mlocked:           13004 kB
SwapTotal:       1310716 kB
SwapFree:         997600 kB
Dirty:                88 kB
Writeback:             0 kB
AnonPages:        783512 kB
Mapped:           339584 kB
Shmem:              1444 kB
Slab:             123812 kB
SReclaimable:      33032 kB
SUnreclaim:        90780 kB
KernelStack:       33968 kB
PageTables:        56984 kB
NFS_Unstable:          0 kB
Bounce:                0 kB
WritebackTmp:          0 kB
CommitLimit:     2684136 kB
Committed_AS:   141130912 kB
VmallocTotal:   251658176 kB
VmallocUsed:      338444 kB
VmallocChunk:   247561408 kB
Time pass: 379 sec

---2015-10-26 11:04:01
MemTotal:        2746844 kB
MemFree:           94120 kB
Buffers:           86968 kB
Cached:           643428 kB
SwapCached:        27752 kB
Active:           785572 kB
Inactive:         703244 kB
Active(anon):     375212 kB
Inactive(anon):   397120 kB
Active(file):     410360 kB
Inactive(file):   306124 kB
Unevictable:       20976 kB
Mlocked:           13004 kB
SwapTotal:       1310716 kB
SwapFree:         997600 kB
Dirty:                40 kB
Writeback:             0 kB
AnonPages:        773120 kB
Mapped:           332536 kB
Shmem:              1444 kB
Slab:             123812 kB
SReclaimable:      33032 kB
SUnreclaim:        90780 kB
KernelStack:       33344 kB
PageTables:        56348 kB
NFS_Unstable:          0 kB
Bounce:                0 kB
WritebackTmp:          0 kB
CommitLimit:     2684136 kB
Committed_AS:   139868044 kB
VmallocTotal:   251658176 kB
VmallocUsed:      337424 kB
VmallocChunk:   247561408 kB
Time pass: 385 sec

---2015-10-26 11:04:01
MemTotal:        2746844 kB
MemFree:           82040 kB
Buffers:           86968 kB
Cached:           643432 kB
SwapCached:        27752 kB
Active:           796892 kB
Inactive:         703236 kB
Active(anon):     386512 kB
Inactive(anon):   397124 kB
Active(file):     410380 kB
Inactive(file):   306112 kB
Unevictable:       20976 kB
Mlocked:           13004 kB
SwapTotal:       1310716 kB
SwapFree:         997604 kB
Dirty:                72 kB
Writeback:             0 kB
AnonPages:        784360 kB
Mapped:           339388 kB
Shmem:              1444 kB
Slab:             123780 kB
SReclaimable:      33032 kB
SUnreclaim:        90748 kB
KernelStack:       33696 kB
PageTables:        56924 kB
NFS_Unstable:          0 kB
Bounce:                0 kB
WritebackTmp:          0 kB
CommitLimit:     2684136 kB
Committed_AS:   141130636 kB
VmallocTotal:   251658176 kB
VmallocUsed:      338444 kB
VmallocChunk:   247561408 kB
Time pass: 390 sec

---2015-10-26 11:04:01
MemTotal:        2746844 kB
MemFree:           81624 kB
Buffers:           86972 kB
Cached:           643424 kB
SwapCached:        27752 kB
Active:           797268 kB
Inactive:         703240 kB
Active(anon):     386900 kB
Inactive(anon):   397124 kB
Active(file):     410368 kB
Inactive(file):   306116 kB
Unevictable:       20976 kB
Mlocked:           13004 kB
SwapTotal:       1310716 kB
SwapFree:         997604 kB
Dirty:                 0 kB
Writeback:             0 kB
AnonPages:        784608 kB
Mapped:           339600 kB
Shmem:              1444 kB
Slab:             123780 kB
SReclaimable:      33032 kB
SUnreclaim:        90748 kB
KernelStack:       33984 kB
PageTables:        57012 kB
NFS_Unstable:          0 kB
Bounce:                0 kB
WritebackTmp:          0 kB
CommitLimit:     2684136 kB
Committed_AS:   141130780 kB
VmallocTotal:   251658176 kB
VmallocUsed:      338444 kB
VmallocChunk:   247561408 kB
Time pass: 395 sec

---2015-10-26 11:04:01
MemTotal:        2746844 kB
MemFree:           80504 kB
Buffers:           86984 kB
Cached:           643428 kB
SwapCached:        27752 kB
Active:           798340 kB
Inactive:         703272 kB
Active(anon):     387964 kB
Inactive(anon):   397148 kB
Active(file):     410376 kB
Inactive(file):   306124 kB
Unevictable:       20976 kB
Mlocked:           13004 kB
SwapTotal:       1310716 kB
SwapFree:         997628 kB
Dirty:                52 kB
Writeback:             0 kB
AnonPages:        785992 kB
Mapped:           339588 kB
Shmem:              1444 kB
Slab:             123804 kB
SReclaimable:      33032 kB
SUnreclaim:        90772 kB
KernelStack:       33904 kB
PageTables:        56988 kB
NFS_Unstable:          0 kB
Bounce:                0 kB
WritebackTmp:          0 kB
CommitLimit:     2684136 kB
Committed_AS:   141131052 kB
VmallocTotal:   251658176 kB
VmallocUsed:      338444 kB
VmallocChunk:   247561408 kB
Time pass: 400 sec

---2015-10-26 11:04:01
MemTotal:        2746844 kB
MemFree:           88376 kB
Buffers:           86988 kB
Cached:           643428 kB
SwapCached:        27752 kB
Active:           791172 kB
Inactive:         703276 kB
Active(anon):     380796 kB
Inactive(anon):   397148 kB
Active(file):     410376 kB
Inactive(file):   306128 kB
Unevictable:       20976 kB
Mlocked:           13004 kB
SwapTotal:       1310716 kB
SwapFree:         997628 kB
Dirty:                40 kB
Writeback:             0 kB
AnonPages:        778740 kB
Mapped:           332536 kB
Shmem:              1444 kB
Slab:             123812 kB
SReclaimable:      33032 kB
SUnreclaim:        90780 kB
KernelStack:       33200 kB
PageTables:        56392 kB
NFS_Unstable:          0 kB
Bounce:                0 kB
WritebackTmp:          0 kB
CommitLimit:     2684136 kB
Committed_AS:   139868040 kB
VmallocTotal:   251658176 kB
VmallocUsed:      337424 kB
VmallocChunk:   247561408 kB
Time pass: 406 sec

---2015-10-26 11:04:01
MemTotal:        2746844 kB
MemFree:           88304 kB
Buffers:           86992 kB
Cached:           643428 kB
SwapCached:        27752 kB
Active:           789948 kB
Inactive:         703280 kB
Active(anon):     379548 kB
Inactive(anon):   397172 kB
Active(file):     410400 kB
Inactive(file):   306108 kB
Unevictable:       20976 kB
Mlocked:           13004 kB
SwapTotal:       1310716 kB
SwapFree:         997660 kB
Dirty:                 0 kB
Writeback:             0 kB
AnonPages:        777416 kB
Mapped:           339676 kB
Shmem:              1444 kB
Slab:             123844 kB
SReclaimable:      33032 kB
SUnreclaim:        90812 kB
KernelStack:       33856 kB
PageTables:        56972 kB
NFS_Unstable:          0 kB
Bounce:                0 kB
WritebackTmp:          0 kB
CommitLimit:     2684136 kB
Committed_AS:   141130772 kB
VmallocTotal:   251658176 kB
VmallocUsed:      338444 kB
VmallocChunk:   247561408 kB
Time pass: 415 sec

---2015-10-26 11:04:01
MemTotal:        2746844 kB
MemFree:           87504 kB
Buffers:           87000 kB
Cached:           643428 kB
SwapCached:        27752 kB
Active:           790396 kB
Inactive:         703288 kB
Active(anon):     379996 kB
Inactive(anon):   397172 kB
Active(file):     410400 kB
Inactive(file):   306116 kB
Unevictable:       20976 kB
Mlocked:           13004 kB
SwapTotal:       1310716 kB
SwapFree:         997660 kB
Dirty:                28 kB
Writeback:             0 kB
AnonPages:        777600 kB
Mapped:           339864 kB
Shmem:              1444 kB
Slab:             123820 kB
SReclaimable:      33032 kB
SUnreclaim:        90788 kB
KernelStack:       33904 kB
PageTables:        57012 kB
NFS_Unstable:          0 kB
Bounce:                0 kB
WritebackTmp:          0 kB
CommitLimit:     2684136 kB
Committed_AS:   141135284 kB
VmallocTotal:   251658176 kB
VmallocUsed:      338444 kB
VmallocChunk:   247561408 kB
Time pass: 420 sec

---2015-10-26 11:04:01
MemTotal:        2746844 kB
MemFree:           99312 kB
Buffers:           87000 kB
Cached:           643428 kB
SwapCached:        27752 kB
Active:           778840 kB
Inactive:         703296 kB
Active(anon):     368452 kB
Inactive(anon):   397172 kB
Active(file):     410388 kB
Inactive(file):   306124 kB
Unevictable:       20976 kB
Mlocked:           13004 kB
SwapTotal:       1310716 kB
SwapFree:         997660 kB
Dirty:                12 kB
Writeback:             0 kB
AnonPages:        766072 kB
Mapped:           332628 kB
Shmem:              1444 kB
Slab:             123820 kB
SReclaimable:      33032 kB
SUnreclaim:        90788 kB
KernelStack:       33232 kB
PageTables:        56436 kB
NFS_Unstable:          0 kB
Bounce:                0 kB
WritebackTmp:          0 kB
CommitLimit:     2684136 kB
Committed_AS:   139872232 kB
VmallocTotal:   251658176 kB
VmallocUsed:      337424 kB
VmallocChunk:   247561408 kB
Time pass: 426 sec

---2015-10-26 11:04:01
MemTotal:        2746844 kB
MemFree:           90252 kB
Buffers:           87012 kB
Cached:           643420 kB
SwapCached:        27752 kB
Active:           788360 kB
Inactive:         703280 kB
Active(anon):     377960 kB
Inactive(anon):   397172 kB
Active(file):     410400 kB
Inactive(file):   306108 kB
Unevictable:       20976 kB
Mlocked:           13004 kB
SwapTotal:       1310716 kB
SwapFree:         997660 kB
Dirty:               120 kB
Writeback:             0 kB
AnonPages:        776076 kB
Mapped:           339520 kB
Shmem:              1456 kB
Slab:             123812 kB
SReclaimable:      33032 kB
SUnreclaim:        90780 kB
KernelStack:       33888 kB
PageTables:        57008 kB
NFS_Unstable:          0 kB
Bounce:                0 kB
WritebackTmp:          0 kB
CommitLimit:     2684136 kB
Committed_AS:   141134876 kB
VmallocTotal:   251658176 kB
VmallocUsed:      338444 kB
VmallocChunk:   247561408 kB
Time pass: 431 sec

---2015-10-26 11:04:01
MemTotal:        2746844 kB
MemFree:           88860 kB
Buffers:           87016 kB
Cached:           643424 kB
SwapCached:        27752 kB
Active:           788928 kB
Inactive:         703292 kB
Active(anon):     378520 kB
Inactive(anon):   397172 kB
Active(file):     410408 kB
Inactive(file):   306120 kB
Unevictable:       20976 kB
Mlocked:           13004 kB
SwapTotal:       1310716 kB
SwapFree:         997660 kB
Dirty:                56 kB
Writeback:             0 kB
AnonPages:        776456 kB
Mapped:           339540 kB
Shmem:              1444 kB
Slab:             123812 kB
SReclaimable:      33032 kB
SUnreclaim:        90780 kB
KernelStack:       33920 kB
PageTables:        57004 kB
NFS_Unstable:          0 kB
Bounce:                0 kB
WritebackTmp:          0 kB
CommitLimit:     2684136 kB
Committed_AS:   141134860 kB
VmallocTotal:   251658176 kB
VmallocUsed:      338444 kB
VmallocChunk:   247561408 kB
Time pass: 436 sec

---2015-10-26 11:04:01
MemTotal:        2746844 kB
MemFree:           87972 kB
Buffers:           87016 kB
Cached:           643428 kB
SwapCached:        27752 kB
Active:           790012 kB
Inactive:         703296 kB
Active(anon):     379604 kB
Inactive(anon):   397172 kB
Active(file):     410408 kB
Inactive(file):   306124 kB
Unevictable:       20976 kB
Mlocked:           13004 kB
SwapTotal:       1310716 kB
SwapFree:         997660 kB
Dirty:                56 kB
Writeback:             0 kB
AnonPages:        777392 kB
Mapped:           339680 kB
Shmem:              1444 kB
Slab:             123812 kB
SReclaimable:      33032 kB
SUnreclaim:        90780 kB
KernelStack:       33904 kB
PageTables:        57032 kB
NFS_Unstable:          0 kB
Bounce:                0 kB
WritebackTmp:          0 kB
CommitLimit:     2684136 kB
Committed_AS:   141135188 kB
VmallocTotal:   251658176 kB
VmallocUsed:      338444 kB
VmallocChunk:   247561408 kB
Time pass: 440 sec

---2015-10-26 11:04:01
MemTotal:        2746844 kB
MemFree:           97004 kB
Buffers:           87016 kB
Cached:           643428 kB
SwapCached:        27752 kB
Active:           781792 kB
Inactive:         703296 kB
Active(anon):     371384 kB
Inactive(anon):   397172 kB
Active(file):     410408 kB
Inactive(file):   306124 kB
Unevictable:       20976 kB
Mlocked:           13004 kB
SwapTotal:       1310716 kB
SwapFree:         997660 kB
Dirty:                12 kB
Writeback:             0 kB
AnonPages:        769396 kB
Mapped:           332544 kB
Shmem:              1444 kB
Slab:             123820 kB
SReclaimable:      33032 kB
SUnreclaim:        90788 kB
KernelStack:       33232 kB
PageTables:        56416 kB
NFS_Unstable:          0 kB
Bounce:                0 kB
WritebackTmp:          0 kB
CommitLimit:     2684136 kB
Committed_AS:   139872128 kB
VmallocTotal:   251658176 kB
VmallocUsed:      337424 kB
VmallocChunk:   247561408 kB
Time pass: 444 sec

---2015-10-26 11:04:01
MemTotal:        2746844 kB
MemFree:           93272 kB
Buffers:           87024 kB
Cached:           643428 kB
SwapCached:        27752 kB
Active:           785736 kB
Inactive:         703296 kB
Active(anon):     375316 kB
Inactive(anon):   397172 kB
Active(file):     410420 kB
Inactive(file):   306124 kB
Unevictable:       20976 kB
Mlocked:           13004 kB
SwapTotal:       1310716 kB
SwapFree:         997660 kB
Dirty:                20 kB
Writeback:             0 kB
AnonPages:        773224 kB
Mapped:           339620 kB
Shmem:              1444 kB
Slab:             123820 kB
SReclaimable:      33032 kB
SUnreclaim:        90788 kB
KernelStack:       33856 kB
PageTables:        56980 kB
NFS_Unstable:          0 kB
Bounce:                0 kB
WritebackTmp:          0 kB
CommitLimit:     2684136 kB
Committed_AS:   141134772 kB
VmallocTotal:   251658176 kB
VmallocUsed:      338444 kB
VmallocChunk:   247561408 kB
Time pass: 449 sec

---2015-10-26 11:04:01
MemTotal:        2746844 kB
MemFree:           91996 kB
Buffers:           87024 kB
