---2015-12-16 17:19:16
MemTotal:        2582696 kB
MemFree:          130020 kB
Buffers:           10648 kB
Cached:          1205516 kB
SwapCached:            0 kB
Active:          1133940 kB
Inactive:         854368 kB
Active(anon):     616800 kB
Inactive(anon):   161132 kB
Active(file):     517140 kB
Inactive(file):   693236 kB
Unevictable:        3916 kB
Mlocked:               0 kB
SwapTotal:        524284 kB
SwapFree:         524036 kB
Dirty:               340 kB
Writeback:             0 kB
AnonPages:        776016 kB
Mapped:           443388 kB
Shmem:              1868 kB
Slab:             102184 kB
SReclaimable:      31656 kB
SUnreclaim:        70528 kB
KernelStack:       38336 kB
PageTables:        39760 kB
NFS_Unstable:          0 kB
Bounce:                0 kB
WritebackTmp:          0 kB
CommitLimit:     1815632 kB
Committed_AS:   113108716 kB
VmallocTotal:   251658176 kB
VmallocUsed:      119304 kB
VmallocChunk:   251449252 kB
Time pass: 3 sec

---2015-12-16 17:19:16
MemTotal:        2582696 kB
MemFree:          133528 kB
Buffers:           10648 kB
Cached:          1205532 kB
SwapCached:            0 kB
Active:          1129908 kB
Inactive:         854376 kB
Active(anon):     612756 kB
Inactive(anon):   161132 kB
Active(file):     517152 kB
Inactive(file):   693244 kB
Unevictable:        3916 kB
Mlocked:               0 kB
SwapTotal:        524284 kB
SwapFree:         524036 kB
Dirty:               320 kB
Writeback:             0 kB
AnonPages:        772012 kB
Mapped:           443480 kB
Shmem:              1868 kB
Slab:             102200 kB
SReclaimable:      31672 kB
SUnreclaim:        70528 kB
KernelStack:       38336 kB
PageTables:        39792 kB
NFS_Unstable:          0 kB
Bounce:                0 kB
WritebackTmp:          0 kB
CommitLimit:     1815632 kB
Committed_AS:   113108676 kB
VmallocTotal:   251658176 kB
VmallocUsed:      119304 kB
VmallocChunk:   251449252 kB
Time pass: 7 sec

---2015-12-16 17:19:16
MemTotal:        2582696 kB
MemFree:          133100 kB
Buffers:           10648 kB
Cached:          1205532 kB
SwapCached:            0 kB
Active:          1131236 kB
Inactive:         854376 kB
Active(anon):     614084 kB
Inactive(anon):   161132 kB
Active(file):     517152 kB
Inactive(file):   693244 kB
Unevictable:        3916 kB
Mlocked:               0 kB
SwapTotal:        524284 kB
SwapFree:         524036 kB
Dirty:               320 kB
Writeback:             0 kB
AnonPages:        773240 kB
Mapped:           443484 kB
Shmem:              1868 kB
Slab:             102200 kB
SReclaimable:      31672 kB
SUnreclaim:        70528 kB
KernelStack:       38336 kB
PageTables:        39792 kB
NFS_Unstable:          0 kB
Bounce:                0 kB
WritebackTmp:          0 kB
CommitLimit:     1815632 kB
Committed_AS:   113108684 kB
VmallocTotal:   251658176 kB
VmallocUsed:      119304 kB
VmallocChunk:   251449252 kB
Time pass: 11 sec

---2015-12-16 17:19:16
MemTotal:        2582696 kB
MemFree:          133160 kB
Buffers:           10648 kB
Cached:          1205532 kB
SwapCached:            0 kB
Active:          1131340 kB
Inactive:         854356 kB
Active(anon):     614168 kB
Inactive(anon):   161132 kB
Active(file):     517172 kB
Inactive(file):   693224 kB
Unevictable:        3916 kB
Mlocked:               0 kB
SwapTotal:        524284 kB
SwapFree:         524036 kB
Dirty:               320 kB
Writeback:             0 kB
AnonPages:        773368 kB
Mapped:           443400 kB
Shmem:              1868 kB
Slab:             102080 kB
SReclaimable:      31672 kB
SUnreclaim:        70408 kB
KernelStack:       38336 kB
PageTables:        39760 kB
NFS_Unstable:          0 kB
Bounce:                0 kB
WritebackTmp:          0 kB
CommitLimit:     1815632 kB
Committed_AS:   113108668 kB
VmallocTotal:   251658176 kB
VmallocUsed:      119304 kB
VmallocChunk:   251449252 kB
Time pass: 15 sec

---2015-12-16 17:19:16
MemTotal:        2582696 kB
MemFree:          133544 kB
Buffers:           10648 kB
Cached:          1205532 kB
SwapCached:            0 kB
Active:          1131496 kB
Inactive:         854356 kB
Active(anon):     614324 kB
Inactive(anon):   161132 kB
Active(file):     517172 kB
Inactive(file):   693224 kB
Unevictable:        3916 kB
Mlocked:               0 kB
SwapTotal:        524284 kB
SwapFree:         524036 kB
Dirty:               320 kB
Writeback:             0 kB
AnonPages:        773596 kB
Mapped:           443400 kB
Shmem:              1868 kB
Slab:             102184 kB
SReclaimable:      31672 kB
SUnreclaim:        70512 kB
KernelStack:       38336 kB
PageTables:        39760 kB
NFS_Unstable:          0 kB
Bounce:                0 kB
WritebackTmp:          0 kB
CommitLimit:     1815632 kB
Committed_AS:   113108644 kB
VmallocTotal:   251658176 kB
VmallocUsed:      119304 kB
VmallocChunk:   251449252 kB
Time pass: 18 sec

---2015-12-16 17:19:16
MemTotal:        2582696 kB
MemFree:          103992 kB
Buffers:            4880 kB
Cached:          1099928 kB
SwapCached:            0 kB
Active:          1187092 kB
Inactive:         737436 kB
Active(anon):     660356 kB
Inactive(anon):   165356 kB
Active(file):     526736 kB
Inactive(file):   572080 kB
Unevictable:        3916 kB
Mlocked:               0 kB
SwapTotal:        524284 kB
SwapFree:         524036 kB
Dirty:               972 kB
Writeback:             0 kB
AnonPages:        824308 kB
Mapped:           477948 kB
Shmem:              1740 kB
Slab:              98988 kB
SReclaimable:      28560 kB
SUnreclaim:        70428 kB
KernelStack:       39456 kB
PageTables:        40712 kB
NFS_Unstable:          0 kB
Bounce:                0 kB
WritebackTmp:          0 kB
CommitLimit:     1815632 kB
Committed_AS:   114426140 kB
VmallocTotal:   251658176 kB
VmallocUsed:      121004 kB
VmallocChunk:   251449252 kB
Time pass: 23 sec

---2015-12-16 17:19:16
MemTotal:        2582696 kB
MemFree:          129336 kB
Buffers:            4880 kB
Cached:          1071876 kB
SwapCached:            0 kB
Active:          1163252 kB
Inactive:         707072 kB
Active(anon):     633364 kB
Inactive(anon):   165860 kB
Active(file):     529888 kB
Inactive(file):   541212 kB
Unevictable:        3916 kB
Mlocked:               0 kB
SwapTotal:        524284 kB
SwapFree:         524036 kB
Dirty:               284 kB
Writeback:             0 kB
AnonPages:        797672 kB
Mapped:           495132 kB
Shmem:              1740 kB
Slab:             102500 kB
SReclaimable:      31652 kB
SUnreclaim:        70848 kB
KernelStack:       39472 kB
PageTables:        40852 kB
NFS_Unstable:          0 kB
Bounce:                0 kB
WritebackTmp:          0 kB
CommitLimit:     1815632 kB
Committed_AS:   114426372 kB
VmallocTotal:   251658176 kB
VmallocUsed:      121292 kB
VmallocChunk:   251449252 kB
Time pass: 27 sec

---2015-12-16 17:19:16
MemTotal:        2582696 kB
MemFree:          118904 kB
Buffers:            4880 kB
Cached:          1075972 kB
SwapCached:            0 kB
Active:          1170076 kB
Inactive:         711076 kB
Active(anon):     640132 kB
Inactive(anon):   165860 kB
Active(file):     529944 kB
Inactive(file):   545216 kB
Unevictable:        3916 kB
Mlocked:               0 kB
SwapTotal:        524284 kB
SwapFree:         524036 kB
Dirty:               304 kB
Writeback:           108 kB
AnonPages:        804560 kB
Mapped:           496084 kB
Shmem:              1740 kB
Slab:             102268 kB
SReclaimable:      31656 kB
SUnreclaim:        70612 kB
KernelStack:       39536 kB
PageTables:        40864 kB
NFS_Unstable:          0 kB
Bounce:                0 kB
WritebackTmp:          0 kB
CommitLimit:     1815632 kB
Committed_AS:   114432708 kB
VmallocTotal:   251658176 kB
VmallocUsed:      121292 kB
VmallocChunk:   251449252 kB
Time pass: 30 sec

---2015-12-16 17:19:16
MemTotal:        2582696 kB
MemFree:          118276 kB
Buffers:            4880 kB
Cached:          1076040 kB
SwapCached:            0 kB
Active:          1170440 kB
Inactive:         711204 kB
Active(anon):     640524 kB
Inactive(anon):   165860 kB
Active(file):     529916 kB
Inactive(file):   545344 kB
Unevictable:        3916 kB
Mlocked:               0 kB
SwapTotal:        524284 kB
SwapFree:         524036 kB
Dirty:               320 kB
Writeback:             0 kB
AnonPages:        804552 kB
Mapped:           496320 kB
Shmem:              1740 kB
Slab:             102256 kB
SReclaimable:      31660 kB
SUnreclaim:        70596 kB
KernelStack:       39536 kB
PageTables:        40864 kB
NFS_Unstable:          0 kB
Bounce:                0 kB
WritebackTmp:          0 kB
CommitLimit:     1815632 kB
Committed_AS:   114432692 kB
VmallocTotal:   251658176 kB
VmallocUsed:      121292 kB
VmallocChunk:   251449252 kB
Time pass: 34 sec

---2015-12-16 17:19:16
MemTotal:        2582696 kB
MemFree:          118036 kB
Buffers:            4880 kB
Cached:          1076040 kB
SwapCached:            0 kB
Active:          1170572 kB
Inactive:         711208 kB
Active(anon):     640656 kB
Inactive(anon):   165860 kB
Active(file):     529916 kB
Inactive(file):   545348 kB
Unevictable:        3916 kB
Mlocked:               0 kB
SwapTotal:        524284 kB
SwapFree:         524036 kB
Dirty:               332 kB
Writeback:             0 kB
AnonPages:        804740 kB
Mapped:           496320 kB
Shmem:              1740 kB
Slab:             102388 kB
SReclaimable:      31660 kB
SUnreclaim:        70728 kB
KernelStack:       39536 kB
PageTables:        40864 kB
NFS_Unstable:          0 kB
Bounce:                0 kB
WritebackTmp:          0 kB
CommitLimit:     1815632 kB
Committed_AS:   114432692 kB
VmallocTotal:   251658176 kB
VmallocUsed:      121292 kB
VmallocChunk:   251449252 kB
Time pass: 38 sec

---2015-12-16 17:19:16
MemTotal:        2582696 kB
MemFree:          109336 kB
Buffers:            4416 kB
Cached:           985648 kB
SwapCached:            0 kB
Active:          1144536 kB
Inactive:         657596 kB
Active(anon):     652216 kB
Inactive(anon):   165264 kB
Active(file):     492320 kB
Inactive(file):   492332 kB
Unevictable:        3916 kB
Mlocked:               0 kB
SwapTotal:        524284 kB
SwapFree:         523584 kB
Dirty:               336 kB
Writeback:             4 kB
AnonPages:        816060 kB
Mapped:           492804 kB
Shmem:              1496 kB
Slab:             102608 kB
SReclaimable:      31876 kB
SUnreclaim:        70732 kB
KernelStack:       39616 kB
PageTables:        41176 kB
NFS_Unstable:          0 kB
Bounce:                0 kB
WritebackTmp:          0 kB
CommitLimit:     1815632 kB
Committed_AS:   114433548 kB
VmallocTotal:   251658176 kB
VmallocUsed:      121388 kB
VmallocChunk:   251449252 kB
Time pass: 41 sec

---2015-12-16 17:19:16
MemTotal:        2582696 kB
MemFree:          111268 kB
Buffers:            4416 kB
Cached:           983852 kB
SwapCached:            0 kB
Active:          1143468 kB
Inactive:         656568 kB
Active(anon):     651956 kB
Inactive(anon):   165244 kB
Active(file):     491512 kB
Inactive(file):   491324 kB
Unevictable:        3916 kB
Mlocked:               0 kB
SwapTotal:        524284 kB
SwapFree:         523576 kB
Dirty:               392 kB
Writeback:             0 kB
AnonPages:        815796 kB
Mapped:           492884 kB
Shmem:              1496 kB
Slab:             102204 kB
SReclaimable:      31652 kB
SUnreclaim:        70552 kB
KernelStack:       39584 kB
PageTables:        41208 kB
NFS_Unstable:          0 kB
Bounce:                0 kB
WritebackTmp:          0 kB
CommitLimit:     1815632 kB
Committed_AS:   114433588 kB
VmallocTotal:   251658176 kB
VmallocUsed:      121388 kB
VmallocChunk:   251449252 kB
Time pass: 45 sec

---2015-12-16 17:19:16
MemTotal:        2582696 kB
MemFree:          106028 kB
Buffers:            4416 kB
Cached:           948952 kB
SwapCached:            0 kB
Active:          1144200 kB
Inactive:         643400 kB
Active(anon):     670112 kB
Inactive(anon):   169292 kB
Active(file):     474088 kB
Inactive(file):   474108 kB
Unevictable:        3916 kB
Mlocked:               0 kB
SwapTotal:        524284 kB
SwapFree:         523500 kB
Dirty:              1972 kB
Writeback:             0 kB
AnonPages:        838172 kB
Mapped:           518572 kB
Shmem:              1500 kB
Slab:             102244 kB
SReclaimable:      31520 kB
SUnreclaim:        70724 kB
KernelStack:       39680 kB
PageTables:        41132 kB
NFS_Unstable:          0 kB
Bounce:                0 kB
WritebackTmp:          0 kB
CommitLimit:     1815632 kB
Committed_AS:   114464716 kB
VmallocTotal:   251658176 kB
VmallocUsed:      121616 kB
VmallocChunk:   251449252 kB
Time pass: 49 sec

---2015-12-16 17:19:16
MemTotal:        2582696 kB
MemFree:          115692 kB
Buffers:            4068 kB
Cached:           934304 kB
SwapCached:            0 kB
Active:          1131544 kB
Inactive:         636452 kB
Active(anon):     665272 kB
Inactive(anon):   169776 kB
Active(file):     466272 kB
Inactive(file):   466676 kB
Unevictable:        3916 kB
Mlocked:               0 kB
SwapTotal:        524284 kB
SwapFree:         523324 kB
Dirty:              6944 kB
Writeback:             0 kB
AnonPages:        833500 kB
Mapped:           524320 kB
Shmem:              1500 kB
Slab:             102216 kB
SReclaimable:      31488 kB
SUnreclaim:        70728 kB
KernelStack:       39680 kB
PageTables:        41200 kB
NFS_Unstable:          0 kB
Bounce:                0 kB
WritebackTmp:          0 kB
CommitLimit:     1815632 kB
Committed_AS:   114476996 kB
VmallocTotal:   251658176 kB
VmallocUsed:      121708 kB
VmallocChunk:   251449252 kB
Time pass: 54 sec

---2015-12-16 17:19:16
MemTotal:        2582696 kB
MemFree:          114728 kB
Buffers:            4068 kB
Cached:           934320 kB
SwapCached:            0 kB
Active:          1131832 kB
Inactive:         636468 kB
Active(anon):     665556 kB
Inactive(anon):   169776 kB
Active(file):     466276 kB
Inactive(file):   466692 kB
Unevictable:        3916 kB
Mlocked:               0 kB
SwapTotal:        524284 kB
SwapFree:         523324 kB
Dirty:               572 kB
Writeback:             0 kB
AnonPages:        833876 kB
Mapped:           524116 kB
Shmem:              1500 kB
Slab:             102156 kB
SReclaimable:      31492 kB
SUnreclaim:        70664 kB
KernelStack:       39680 kB
PageTables:        41228 kB
NFS_Unstable:          0 kB
Bounce:                0 kB
WritebackTmp:          0 kB
CommitLimit:     1815632 kB
Committed_AS:   114476988 kB
VmallocTotal:   251658176 kB
VmallocUsed:      121708 kB
VmallocChunk:   251449252 kB
Time pass: 58 sec

---2015-12-16 17:19:16
MemTotal:        2582696 kB
MemFree:          120876 kB
Buffers:            4076 kB
Cached:           913484 kB
SwapCached:            0 kB
Active:          1124296 kB
Inactive:         625680 kB
Active(anon):     668260 kB
Inactive(anon):   169496 kB
Active(file):     456036 kB
Inactive(file):   456184 kB
Unevictable:        3916 kB
Mlocked:               0 kB
SwapTotal:        524284 kB
SwapFree:         522996 kB
Dirty:               592 kB
Writeback:             0 kB
AnonPages:        836264 kB
Mapped:           532448 kB
Shmem:              1500 kB
Slab:             102292 kB
SReclaimable:      31548 kB
SUnreclaim:        70744 kB
KernelStack:       39680 kB
PageTables:        41248 kB
NFS_Unstable:          0 kB
Bounce:                0 kB
WritebackTmp:          0 kB
CommitLimit:     1815632 kB
Committed_AS:   114477164 kB
VmallocTotal:   251658176 kB
VmallocUsed:      121804 kB
VmallocChunk:   251449252 kB
Time pass: 62 sec

---2015-12-16 17:19:16
MemTotal:        2582696 kB
MemFree:          120752 kB
Buffers:            4076 kB
Cached:           912748 kB
SwapCached:            0 kB
Active:          1124156 kB
Inactive:         625140 kB
Active(anon):     668400 kB
Inactive(anon):   169488 kB
Active(file):     455756 kB
Inactive(file):   455652 kB
Unevictable:        3916 kB
Mlocked:               0 kB
SwapTotal:        524284 kB
SwapFree:         522988 kB
Dirty:               612 kB
Writeback:             0 kB
AnonPages:        836400 kB
Mapped:           532444 kB
Shmem:              1500 kB
Slab:             102196 kB
SReclaimable:      31480 kB
SUnreclaim:        70716 kB
KernelStack:       39680 kB
PageTables:        41248 kB
NFS_Unstable:          0 kB
Bounce:                0 kB
WritebackTmp:          0 kB
CommitLimit:     1815632 kB
Committed_AS:   114477100 kB
VmallocTotal:   251658176 kB
VmallocUsed:      121804 kB
VmallocChunk:   251449252 kB
Time pass: 66 sec

---2015-12-16 17:19:16
MemTotal:        2582696 kB
MemFree:          109756 kB
Buffers:            4076 kB
Cached:           898672 kB
SwapCached:            0 kB
Active:          1122228 kB
Inactive:         619300 kB
Active(anon):     673400 kB
Inactive(anon):   170736 kB
Active(file):     448828 kB
Inactive(file):   448564 kB
Unevictable:        3916 kB
Mlocked:               0 kB
SwapTotal:        524284 kB
SwapFree:         522784 kB
Dirty:              1204 kB
Writeback:             0 kB
AnonPages:        842588 kB
Mapped:           542052 kB
Shmem:              1500 kB
Slab:             100056 kB
SReclaimable:      29164 kB
SUnreclaim:        70892 kB
KernelStack:       39680 kB
PageTables:        41252 kB
NFS_Unstable:          0 kB
Bounce:                0 kB
WritebackTmp:          0 kB
CommitLimit:     1815632 kB
Committed_AS:   114477584 kB
VmallocTotal:   251658176 kB
VmallocUsed:      121920 kB
VmallocChunk:   251449252 kB
Time pass: 70 sec

---2015-12-16 17:19:16
MemTotal:        2582696 kB
MemFree:          107636 kB
Buffers:            4076 kB
Cached:           903460 kB
SwapCached:            0 kB
Active:          1128932 kB
Inactive:         623704 kB
Active(anon):     679952 kB
Inactive(anon):   170732 kB
Active(file):     448980 kB
Inactive(file):   452972 kB
Unevictable:        3916 kB
Mlocked:               0 kB
SwapTotal:        524284 kB
SwapFree:         522780 kB
Dirty:               740 kB
Writeback:             0 kB
AnonPages:        849224 kB
Mapped:           545352 kB
Shmem:              1500 kB
Slab:             102308 kB
SReclaimable:      31456 kB
SUnreclaim:        70852 kB
KernelStack:       39792 kB
PageTables:        41216 kB
NFS_Unstable:          0 kB
Bounce:                0 kB
WritebackTmp:          0 kB
CommitLimit:     1815632 kB
Committed_AS:   114478004 kB
VmallocTotal:   251658176 kB
VmallocUsed:      121968 kB
VmallocChunk:   251449252 kB
Time pass: 74 sec

---2015-12-16 17:19:16
MemTotal:        2582696 kB
MemFree:          111152 kB
Buffers:            4076 kB
Cached:           882812 kB
SwapCached:            8 kB
Active:          1132388 kB
Inactive:         613756 kB
Active(anon):     691748 kB
Inactive(anon):   173160 kB
Active(file):     440640 kB
Inactive(file):   440596 kB
Unevictable:        3916 kB
Mlocked:               0 kB
SwapTotal:        524284 kB
SwapFree:         522768 kB
Dirty:               748 kB
Writeback:             0 kB
AnonPages:        863176 kB
Mapped:           546684 kB
Shmem:              1632 kB
Slab:              99608 kB
SReclaimable:      28532 kB
SUnreclaim:        71076 kB
KernelStack:       40000 kB
PageTables:        41428 kB
NFS_Unstable:          0 kB
Bounce:                0 kB
WritebackTmp:          0 kB
CommitLimit:     1815632 kB
Committed_AS:   114505588 kB
VmallocTotal:   251658176 kB
VmallocUsed:      124500 kB
VmallocChunk:   251449252 kB
Time pass: 78 sec

---2015-12-16 17:19:16
MemTotal:        2582696 kB
MemFree:          108304 kB
Buffers:            3952 kB
Cached:           851596 kB
SwapCached:            8 kB
Active:          1117820 kB
Inactive:         598020 kB
Active(anon):     692708 kB
Inactive(anon):   173200 kB
Active(file):     425112 kB
Inactive(file):   424820 kB
Unevictable:        3920 kB
Mlocked:               0 kB
SwapTotal:        524284 kB
SwapFree:         522000 kB
Dirty:               756 kB
Writeback:             0 kB
AnonPages:        864256 kB
Mapped:           545468 kB
Shmem:              1688 kB
Slab:             102552 kB
SReclaimable:      31556 kB
SUnreclaim:        70996 kB
KernelStack:       40032 kB
PageTables:        41584 kB
NFS_Unstable:          0 kB
Bounce:                0 kB
WritebackTmp:          0 kB
CommitLimit:     1815632 kB
Committed_AS:   114505584 kB
VmallocTotal:   251658176 kB
VmallocUsed:      124500 kB
VmallocChunk:   251449252 kB
Time pass: 82 sec

---2015-12-16 17:19:16
MemTotal:        2582696 kB
MemFree:          109868 kB
Buffers:            3952 kB
Cached:           847548 kB
SwapCached:            8 kB
Active:          1118536 kB
Inactive:         595624 kB
Active(anon):     694616 kB
Inactive(anon):   173804 kB
Active(file):     423920 kB
Inactive(file):   421820 kB
Unevictable:        3920 kB
Mlocked:               0 kB
SwapTotal:        524284 kB
SwapFree:         521796 kB
Dirty:               748 kB
Writeback:             0 kB
AnonPages:        866552 kB
Mapped:           545048 kB
Shmem:              1840 kB
Slab:             102460 kB
SReclaimable:      31452 kB
SUnreclaim:        71008 kB
KernelStack:       40048 kB
PageTables:        41596 kB
NFS_Unstable:          0 kB
Bounce:                0 kB
WritebackTmp:          0 kB
CommitLimit:     1815632 kB
Committed_AS:   114509692 kB
VmallocTotal:   251658176 kB
VmallocUsed:      124500 kB
VmallocChunk:   251449252 kB
Time pass: 87 sec

---2015-12-16 17:19:16
MemTotal:        2582696 kB
MemFree:          111312 kB
Buffers:            3952 kB
Cached:           846424 kB
SwapCached:            8 kB
Active:          1118068 kB
Inactive:         594908 kB
Active(anon):     694620 kB
Inactive(anon):   173792 kB
Active(file):     423448 kB
Inactive(file):   421116 kB
Unevictable:        3920 kB
Mlocked:               0 kB
SwapTotal:        524284 kB
SwapFree:         521744 kB
Dirty:               748 kB
Writeback:             0 kB
AnonPages:        866492 kB
Mapped:           545100 kB
Shmem:              1892 kB
Slab:             102184 kB
SReclaimable:      31352 kB
SUnreclaim:        70832 kB
KernelStack:       40000 kB
PageTables:        41588 kB
NFS_Unstable:          0 kB
Bounce:                0 kB
WritebackTmp:          0 kB
CommitLimit:     1815632 kB
Committed_AS:   114509660 kB
VmallocTotal:   251658176 kB
VmallocUsed:      124500 kB
VmallocChunk:   251449252 kB
Time pass: 92 sec

---2015-12-16 17:19:16
MemTotal:        2582696 kB
MemFree:          112516 kB
Buffers:            3952 kB
Cached:           843736 kB
SwapCached:            8 kB
Active:          1118448 kB
Inactive:         592732 kB
Active(anon):     695704 kB
Inactive(anon):   173600 kB
Active(file):     422744 kB
Inactive(file):   419132 kB
Unevictable:        3920 kB
Mlocked:               0 kB
SwapTotal:        524284 kB
SwapFree:         521656 kB
Dirty:               748 kB
Writeback:             0 kB
AnonPages:        867552 kB
Mapped:           545092 kB
Shmem:              1892 kB
Slab:             102796 kB
SReclaimable:      31828 kB
SUnreclaim:        70968 kB
KernelStack:       40000 kB
PageTables:        41600 kB
NFS_Unstable:          0 kB
Bounce:                0 kB
WritebackTmp:          0 kB
CommitLimit:     1815632 kB
Committed_AS:   114517828 kB
VmallocTotal:   251658176 kB
VmallocUsed:      124500 kB
VmallocChunk:   251449252 kB
Time pass: 97 sec

---2015-12-16 17:19:16
MemTotal:        2582696 kB
MemFree:          113724 kB
Buffers:            3952 kB
Cached:           843408 kB
SwapCached:            8 kB
Active:          1118140 kB
Inactive:         592980 kB
Active(anon):     695556 kB
Inactive(anon):   174024 kB
Active(file):     422584 kB
Inactive(file):   418956 kB
Unevictable:        3920 kB
Mlocked:               0 kB
SwapTotal:        524284 kB
SwapFree:         521644 kB
Dirty:               748 kB
Writeback:             0 kB
AnonPages:        867696 kB
Mapped:           545104 kB
Shmem:              1900 kB
Slab:             102268 kB
SReclaimable:      31340 kB
SUnreclaim:        70928 kB
KernelStack:       40000 kB
PageTables:        41600 kB
NFS_Unstable:          0 kB
Bounce:                0 kB
WritebackTmp:          0 kB
CommitLimit:     1815632 kB
Committed_AS:   114517804 kB
VmallocTotal:   251658176 kB
VmallocUsed:      124500 kB
VmallocChunk:   251449252 kB
Time pass: 101 sec

---2015-12-16 17:19:16
MemTotal:        2582696 kB
MemFree:          113640 kB
Buffers:            3952 kB
Cached:           843428 kB
SwapCached:            8 kB
Active:          1118292 kB
Inactive:         593000 kB
Active(anon):     695708 kB
Inactive(anon):   174044 kB
Active(file):     422584 kB
Inactive(file):   418956 kB
Unevictable:        3920 kB
Mlocked:               0 kB
SwapTotal:        524284 kB
SwapFree:         521644 kB
Dirty:               748 kB
Writeback:             0 kB
AnonPages:        867872 kB
Mapped:           545140 kB
Shmem:              1920 kB
Slab:             102284 kB
SReclaimable:      31484 kB
SUnreclaim:        70800 kB
KernelStack:       40000 kB
PageTables:        41600 kB
NFS_Unstable:          0 kB
Bounce:                0 kB
WritebackTmp:          0 kB
CommitLimit:     1815632 kB
Committed_AS:   114517836 kB
VmallocTotal:   251658176 kB
VmallocUsed:      124500 kB
VmallocChunk:   251449252 kB
Time pass: 105 sec

---2015-12-16 17:19:16
MemTotal:        2582696 kB
MemFree:          113420 kB
Buffers:            3952 kB
Cached:           843560 kB
SwapCached:            8 kB
Active:          1118500 kB
Inactive:         593156 kB
Active(anon):     695948 kB
Inactive(anon):   174064 kB
Active(file):     422552 kB
Inactive(file):   419092 kB
Unevictable:        3920 kB
Mlocked:               0 kB
SwapTotal:        524284 kB
SwapFree:         521636 kB
Dirty:               788 kB
Writeback:             0 kB
AnonPages:        868104 kB
Mapped:           545148 kB
Shmem:              1948 kB
Slab:             102144 kB
SReclaimable:      31368 kB
SUnreclaim:        70776 kB
KernelStack:       39952 kB
PageTables:        41600 kB
NFS_Unstable:          0 kB
Bounce:                0 kB
WritebackTmp:          0 kB
CommitLimit:     1815632 kB
Committed_AS:   114517828 kB
VmallocTotal:   251658176 kB
VmallocUsed:      124500 kB
VmallocChunk:   251449252 kB
Time pass: 109 sec

---2015-12-16 17:19:16
MemTotal:        2582696 kB
MemFree:          114360 kB
Buffers:            3952 kB
Cached:           843564 kB
SwapCached:            8 kB
Active:          1117060 kB
Inactive:         593160 kB
Active(anon):     694508 kB
Inactive(anon):   174068 kB
Active(file):     422552 kB
Inactive(file):   419092 kB
Unevictable:        3920 kB
Mlocked:               0 kB
SwapTotal:        524284 kB
SwapFree:         521636 kB
Dirty:               788 kB
Writeback:             0 kB
AnonPages:        866520 kB
Mapped:           545160 kB
Shmem:              1952 kB
Slab:             102224 kB
SReclaimable:      31424 kB
SUnreclaim:        70800 kB
KernelStack:       39936 kB
PageTables:        41600 kB
NFS_Unstable:          0 kB
Bounce:                0 kB
WritebackTmp:          0 kB
CommitLimit:     1815632 kB
Committed_AS:   114517772 kB
VmallocTotal:   251658176 kB
VmallocUsed:      124500 kB
VmallocChunk:   251449252 kB
Time pass: 113 sec

---2015-12-16 17:19:16
MemTotal:        2582696 kB
MemFree:          124148 kB
Buffers:            5488 kB
Cached:           845376 kB
SwapCached:            8 kB
Active:          1114260 kB
Inactive:         594684 kB
Active(anon):     689964 kB
Inactive(anon):   173756 kB
Active(file):     424296 kB
Inactive(file):   420928 kB
Unevictable:        3920 kB
Mlocked:               0 kB
SwapTotal:        524284 kB
SwapFree:         521632 kB
Dirty:                 0 kB
Writeback:             0 kB
AnonPages:        862204 kB
Mapped:           543484 kB
Shmem:              1720 kB
Slab:             102392 kB
SReclaimable:      31448 kB
SUnreclaim:        70944 kB
KernelStack:       39744 kB
PageTables:        41408 kB
NFS_Unstable:          0 kB
Bounce:                0 kB
WritebackTmp:          0 kB
CommitLimit:     1815632 kB
Committed_AS:   114492084 kB
VmallocTotal:   251658176 kB
VmallocUsed:      124292 kB
VmallocChunk:   251449252 kB
Time pass: 118 sec

---2015-12-16 17:19:16
MemTotal:        2582696 kB
MemFree:          385256 kB
Buffers:            5488 kB
Cached:           846732 kB
SwapCached:            8 kB
Active:          1042552 kB
Inactive:         594720 kB
Active(anon):     616948 kB
Inactive(anon):   173716 kB
Active(file):     425604 kB
Inactive(file):   421004 kB
Unevictable:        3920 kB
Mlocked:               0 kB
SwapTotal:        524284 kB
SwapFree:         521632 kB
Dirty:               520 kB
Writeback:             0 kB
AnonPages:        789084 kB
Mapped:           433068 kB
Shmem:              1624 kB
Slab:             102236 kB
SReclaimable:      31464 kB
SUnreclaim:        70772 kB
KernelStack:       38288 kB
PageTables:        39392 kB
NFS_Unstable:          0 kB
Bounce:                0 kB
WritebackTmp:          0 kB
CommitLimit:     1815632 kB
Committed_AS:   111335052 kB
VmallocTotal:   251658176 kB
VmallocUsed:      120676 kB
VmallocChunk:   251449252 kB
Time pass: 122 sec

---2015-12-16 17:19:16
MemTotal:        2582696 kB
MemFree:          395360 kB
Buffers:            5496 kB
Cached:           846740 kB
SwapCached:            8 kB
Active:          1032160 kB
Inactive:         594796 kB
Active(anon):     606552 kB
Inactive(anon):   173716 kB
Active(file):     425608 kB
Inactive(file):   421080 kB
Unevictable:        3920 kB
Mlocked:               0 kB
SwapTotal:        524284 kB
SwapFree:         521632 kB
Dirty:               544 kB
Writeback:             0 kB
AnonPages:        778688 kB
Mapped:           433284 kB
Shmem:              1624 kB
Slab:             102240 kB
SReclaimable:      31464 kB
SUnreclaim:        70776 kB
KernelStack:       38320 kB
PageTables:        39400 kB
NFS_Unstable:          0 kB
Bounce:                0 kB
WritebackTmp:          0 kB
CommitLimit:     1815632 kB
Committed_AS:   111335100 kB
VmallocTotal:   251658176 kB
VmallocUsed:      120676 kB
VmallocChunk:   251449252 kB
Time pass: 126 sec

---2015-12-16 17:19:16
MemTotal:        2582696 kB
MemFree:          394608 kB
Buffers:            5496 kB
Cached:           846752 kB
SwapCached:            8 kB
Active:          1032568 kB
Inactive:         594808 kB
Active(anon):     606956 kB
Inactive(anon):   173716 kB
Active(file):     425612 kB
Inactive(file):   421092 kB
Unevictable:        3920 kB
Mlocked:               0 kB
SwapTotal:        524284 kB
SwapFree:         521632 kB
Dirty:               120 kB
Writeback:             0 kB
AnonPages:        778932 kB
Mapped:           433332 kB
Shmem:              1624 kB
Slab:             102348 kB
SReclaimable:      31464 kB
SUnreclaim:        70884 kB
KernelStack:       38288 kB
PageTables:        39392 kB
NFS_Unstable:          0 kB
Bounce:                0 kB
WritebackTmp:          0 kB
CommitLimit:     1815632 kB
Committed_AS:   111335076 kB
VmallocTotal:   251658176 kB
VmallocUsed:      120676 kB
VmallocChunk:   251449252 kB
Time pass: 129 sec

---2015-12-16 17:19:16
MemTotal:        2582696 kB
MemFree:          394608 kB
Buffers:            5496 kB
Cached:           846752 kB
SwapCached:            8 kB
Active:          1032844 kB
Inactive:         594808 kB
Active(anon):     607232 kB
Inactive(anon):   173716 kB
Active(file):     425612 kB
Inactive(file):   421092 kB
Unevictable:        3920 kB
Mlocked:               0 kB
SwapTotal:        524284 kB
SwapFree:         521632 kB
Dirty:               120 kB
Writeback:             0 kB
AnonPages:        779232 kB
Mapped:           433340 kB
Shmem:              1624 kB
Slab:             102196 kB
SReclaimable:      31476 kB
SUnreclaim:        70720 kB
KernelStack:       38304 kB
PageTables:        39396 kB
NFS_Unstable:          0 kB
Bounce:                0 kB
WritebackTmp:          0 kB
CommitLimit:     1815632 kB
Committed_AS:   111335068 kB
VmallocTotal:   251658176 kB
VmallocUsed:      118260 kB
VmallocChunk:   251449252 kB
Time pass: 133 sec

---2015-12-16 17:19:16
MemTotal:        2582696 kB
MemFree:          394636 kB
Buffers:            5496 kB
Cached:           846764 kB
SwapCached:            8 kB
Active:          1032924 kB
Inactive:         594804 kB
Active(anon):     607312 kB
Inactive(anon):   173716 kB
Active(file):     425612 kB
Inactive(file):   421088 kB
Unevictable:        3920 kB
Mlocked:               0 kB
SwapTotal:        524284 kB
SwapFree:         521632 kB
Dirty:               120 kB
Writeback:             0 kB
AnonPages:        779460 kB
Mapped:           433352 kB
Shmem:              1624 kB
Slab:             102196 kB
SReclaimable:      31476 kB
SUnreclaim:        70720 kB
KernelStack:       38272 kB
PageTables:        39392 kB
NFS_Unstable:          0 kB
Bounce:                0 kB
WritebackTmp:          0 kB
CommitLimit:     1815632 kB
Committed_AS:   111335060 kB
VmallocTotal:   251658176 kB
VmallocUsed:      118260 kB
VmallocChunk:   251449252 kB
Time pass: 137 sec

---2015-12-16 17:19:16
MemTotal:        2582696 kB
MemFree:          392576 kB
Buffers:            5496 kB
Cached:           846772 kB
SwapCached:            8 kB
Active:          1033976 kB
Inactive:         594828 kB
Active(anon):     608364 kB
Inactive(anon):   173716 kB
Active(file):     425612 kB
Inactive(file):   421112 kB
Unevictable:        3920 kB
Mlocked:               0 kB
SwapTotal:        524284 kB
SwapFree:         521632 kB
Dirty:               128 kB
Writeback:             0 kB
AnonPages:        780352 kB
Mapped:           433356 kB
Shmem:              1624 kB
Slab:             102188 kB
SReclaimable:      31476 kB
SUnreclaim:        70712 kB
KernelStack:       38336 kB
PageTables:        39396 kB
NFS_Unstable:          0 kB
Bounce:                0 kB
WritebackTmp:          0 kB
CommitLimit:     1815632 kB
Committed_AS:   111335092 kB
VmallocTotal:   251658176 kB
VmallocUsed:      118260 kB
VmallocChunk:   251449252 kB
Time pass: 140 sec

---2015-12-16 17:19:16
MemTotal:        2582696 kB
MemFree:          392412 kB
Buffers:            5496 kB
Cached:           846888 kB
SwapCached:            8 kB
Active:          1033748 kB
Inactive:         594944 kB
Active(anon):     608136 kB
Inactive(anon):   173716 kB
Active(file):     425612 kB
Inactive(file):   421228 kB
Unevictable:        3920 kB
Mlocked:               0 kB
SwapTotal:        524284 kB
SwapFree:         521632 kB
Dirty:               132 kB
Writeback:             0 kB
AnonPages:        780168 kB
Mapped:           433452 kB
Shmem:              1624 kB
Slab:             102188 kB
SReclaimable:      31476 kB
SUnreclaim:        70712 kB
KernelStack:       38240 kB
PageTables:        39424 kB
NFS_Unstable:          0 kB
Bounce:                0 kB
WritebackTmp:          0 kB
CommitLimit:     1815632 kB
Committed_AS:   111334828 kB
VmallocTotal:   251658176 kB
VmallocUsed:      118260 kB
VmallocChunk:   251449252 kB
Time pass: 144 sec

---2015-12-16 17:19:16
MemTotal:        2582696 kB
MemFree:          381680 kB
Buffers:            5496 kB
Cached:           847328 kB
SwapCached:            8 kB
Active:          1036652 kB
Inactive:         595388 kB
Active(anon):     611040 kB
Inactive(anon):   173568 kB
Active(file):     425612 kB
Inactive(file):   421820 kB
Unevictable:        3920 kB
Mlocked:               0 kB
SwapTotal:        524284 kB
SwapFree:         521632 kB
Dirty:               144 kB
Writeback:             0 kB
AnonPages:        783552 kB
Mapped:           441436 kB
Shmem:              1404 kB
Slab:             102208 kB
SReclaimable:      31348 kB
SUnreclaim:        70860 kB
KernelStack:       38160 kB
PageTables:        39692 kB
NFS_Unstable:          0 kB
Bounce:                0 kB
WritebackTmp:          0 kB
CommitLimit:     1815632 kB
Committed_AS:   112606472 kB
VmallocTotal:   251658176 kB
VmallocUsed:      119272 kB
VmallocChunk:   251449252 kB
Time pass: 148 sec

---2015-12-16 17:19:16
MemTotal:        2582696 kB
MemFree:          171232 kB
Buffers:            5496 kB
Cached:           850356 kB
SwapCached:            8 kB
Active:          1071464 kB
Inactive:         596000 kB
Active(anon):     643740 kB
Inactive(anon):   173584 kB
Active(file):     427724 kB
Inactive(file):   422416 kB
Unevictable:        3920 kB
Mlocked:               0 kB
SwapTotal:        524284 kB
SwapFree:         521632 kB
Dirty:               992 kB
Writeback:            28 kB
AnonPages:        815664 kB
Mapped:           521376 kB
Shmem:              1500 kB
Slab:             102172 kB
SReclaimable:      31428 kB
SUnreclaim:        70744 kB
KernelStack:       39232 kB
PageTables:        40388 kB
NFS_Unstable:          0 kB
Bounce:                0 kB
WritebackTmp:          0 kB
CommitLimit:     1815632 kB
Committed_AS:   112666596 kB
VmallocTotal:   251658176 kB
VmallocUsed:      120032 kB
VmallocChunk:   251449252 kB
Time pass: 152 sec

---2015-12-16 17:19:16
MemTotal:        2582696 kB
MemFree:          135404 kB
Buffers:            5496 kB
Cached:           858124 kB
SwapCached:            8 kB
Active:          1087596 kB
Inactive:         589748 kB
Active(anon):     645596 kB
Inactive(anon):   173576 kB
Active(file):     442000 kB
Inactive(file):   416172 kB
Unevictable:        3920 kB
Mlocked:               0 kB
SwapTotal:        524284 kB
SwapFree:         521628 kB
Dirty:              8984 kB
Writeback:             0 kB
AnonPages:        817676 kB
Mapped:           559312 kB
Shmem:              1500 kB
Slab:             102552 kB
SReclaimable:      31524 kB
SUnreclaim:        71028 kB
KernelStack:       39328 kB
PageTables:        40676 kB
NFS_Unstable:          0 kB
Bounce:                0 kB
WritebackTmp:          0 kB
CommitLimit:     1815632 kB
Committed_AS:   112688188 kB
VmallocTotal:   251658176 kB
VmallocUsed:      120536 kB
VmallocChunk:   251449252 kB
Time pass: 156 sec

---2015-12-16 17:19:16
MemTotal:        2582696 kB
MemFree:          134176 kB
Buffers:            5496 kB
Cached:           858084 kB
SwapCached:            8 kB
Active:          1088312 kB
Inactive:         589740 kB
Active(anon):     646316 kB
Inactive(anon):   173576 kB
Active(file):     441996 kB
Inactive(file):   416164 kB
Unevictable:        3920 kB
Mlocked:               0 kB
SwapTotal:        524284 kB
SwapFree:         521628 kB
Dirty:               604 kB
Writeback:            36 kB
AnonPages:        818304 kB
Mapped:           559304 kB
Shmem:              1500 kB
Slab:             102548 kB
SReclaimable:      31524 kB
SUnreclaim:        71024 kB
KernelStack:       39200 kB
PageTables:        40660 kB
NFS_Unstable:          0 kB
Bounce:                0 kB
WritebackTmp:          0 kB
CommitLimit:     1815632 kB
Committed_AS:   112687996 kB
VmallocTotal:   251658176 kB
VmallocUsed:      120536 kB
VmallocChunk:   251449252 kB
Time pass: 160 sec

---2015-12-16 17:19:16
MemTotal:        2582696 kB
MemFree:          119564 kB
Buffers:            5496 kB
Cached:           858376 kB
SwapCached:            8 kB
Active:          1090348 kB
Inactive:         589764 kB
Active(anon):     648092 kB
Inactive(anon):   173568 kB
Active(file):     442256 kB
Inactive(file):   416196 kB
Unevictable:        3920 kB
Mlocked:               0 kB
SwapTotal:        524284 kB
SwapFree:         521620 kB
Dirty:               756 kB
Writeback:             0 kB
AnonPages:        820208 kB
Mapped:           562372 kB
Shmem:              1500 kB
Slab:             102484 kB
SReclaimable:      31524 kB
SUnreclaim:        70960 kB
KernelStack:       39136 kB
PageTables:        40684 kB
NFS_Unstable:          0 kB
Bounce:                0 kB
WritebackTmp:          0 kB
CommitLimit:     1815632 kB
Committed_AS:   112687964 kB
VmallocTotal:   251658176 kB
VmallocUsed:      120632 kB
VmallocChunk:   251449252 kB
Time pass: 164 sec

---2015-12-16 17:19:16
MemTotal:        2582696 kB
MemFree:          118756 kB
Buffers:            5496 kB
Cached:           858872 kB
SwapCached:            8 kB
Active:          1090596 kB
Inactive:         590080 kB
Active(anon):     648208 kB
Inactive(anon):   173568 kB
Active(file):     442388 kB
Inactive(file):   416512 kB
Unevictable:        3920 kB
Mlocked:               0 kB
SwapTotal:        524284 kB
SwapFree:         521620 kB
Dirty:              1104 kB
Writeback:             0 kB
AnonPages:        820312 kB
Mapped:           562388 kB
Shmem:              1500 kB
Slab:             102408 kB
SReclaimable:      31524 kB
SUnreclaim:        70884 kB
KernelStack:       39104 kB
PageTables:        40672 kB
NFS_Unstable:          0 kB
Bounce:                0 kB
WritebackTmp:          0 kB
CommitLimit:     1815632 kB
Committed_AS:   112687828 kB
VmallocTotal:   251658176 kB
VmallocUsed:      120632 kB
VmallocChunk:   251449252 kB
Time pass: 167 sec

---2015-12-16 17:19:16
MemTotal:        2582696 kB
MemFree:          106372 kB
Buffers:            5496 kB
Cached:           857884 kB
SwapCached:            8 kB
Active:          1096848 kB
Inactive:         588716 kB
Active(anon):     654424 kB
Inactive(anon):   173232 kB
Active(file):     442424 kB
Inactive(file):   415484 kB
Unevictable:        3920 kB
Mlocked:               0 kB
SwapTotal:        524284 kB
SwapFree:         521332 kB
Dirty:              1584 kB
Writeback:             0 kB
AnonPages:        826116 kB
Mapped:           568484 kB
Shmem:              1500 kB
Slab:             102816 kB
SReclaimable:      31824 kB
SUnreclaim:        70992 kB
KernelStack:       39104 kB
PageTables:        40528 kB
NFS_Unstable:          0 kB
Bounce:                0 kB
WritebackTmp:          0 kB
CommitLimit:     1815632 kB
Committed_AS:   112688148 kB
VmallocTotal:   251658176 kB
VmallocUsed:      120784 kB
VmallocChunk:   251449252 kB
Time pass: 171 sec

---2015-12-16 17:19:16
MemTotal:        2582696 kB
MemFree:          111408 kB
Buffers:            5496 kB
Cached:           857776 kB
SwapCached:            8 kB
Active:          1091672 kB
Inactive:         588764 kB
Active(anon):     649384 kB
Inactive(anon):   173200 kB
Active(file):     442288 kB
Inactive(file):   415564 kB
Unevictable:        3920 kB
Mlocked:               0 kB
SwapTotal:        524284 kB
SwapFree:         521332 kB
Dirty:              1156 kB
Writeback:             0 kB
AnonPages:        821116 kB
Mapped:           568740 kB
Shmem:              1500 kB
Slab:             102936 kB
SReclaimable:      31860 kB
SUnreclaim:        71076 kB
KernelStack:       39072 kB
PageTables:        40656 kB
NFS_Unstable:          0 kB
Bounce:                0 kB
WritebackTmp:          0 kB
CommitLimit:     1815632 kB
Committed_AS:   112688236 kB
VmallocTotal:   251658176 kB
VmallocUsed:      120784 kB
VmallocChunk:   251449252 kB
Time pass: 175 sec

---2015-12-16 17:19:16
MemTotal:        2582696 kB
MemFree:          111304 kB
Buffers:            5496 kB
Cached:           857780 kB
SwapCached:            8 kB
Active:          1091612 kB
Inactive:         588756 kB
Active(anon):     649316 kB
Inactive(anon):   173196 kB
Active(file):     442296 kB
Inactive(file):   415560 kB
Unevictable:        3920 kB
Mlocked:               0 kB
SwapTotal:        524284 kB
SwapFree:         521332 kB
Dirty:               700 kB
Writeback:             0 kB
AnonPages:        821212 kB
Mapped:           568532 kB
Shmem:              1500 kB
Slab:             102936 kB
SReclaimable:      31860 kB
SUnreclaim:        71076 kB
KernelStack:       39072 kB
PageTables:        40656 kB
NFS_Unstable:          0 kB
Bounce:                0 kB
WritebackTmp:          0 kB
CommitLimit:     1815632 kB
Committed_AS:   112688340 kB
VmallocTotal:   251658176 kB
VmallocUsed:      120784 kB
VmallocChunk:   251449252 kB
Time pass: 179 sec

---2015-12-16 17:19:16
MemTotal:        2582696 kB
MemFree:          113732 kB
Buffers:            5496 kB
Cached:           848768 kB
SwapCached:            8 kB
Active:          1098736 kB
Inactive:         584784 kB
Active(anon):     661776 kB
Inactive(anon):   172696 kB
Active(file):     436960 kB
Inactive(file):   412088 kB
Unevictable:        3920 kB
Mlocked:               0 kB
SwapTotal:        524284 kB
SwapFree:         520628 kB
Dirty:               700 kB
Writeback:             0 kB
AnonPages:        832952 kB
Mapped:           572052 kB
Shmem:              1500 kB
Slab:             103532 kB
SReclaimable:      31952 kB
SUnreclaim:        71580 kB
KernelStack:       39200 kB
PageTables:        40668 kB
NFS_Unstable:          0 kB
Bounce:                0 kB
WritebackTmp:          0 kB
CommitLimit:     1815632 kB
Committed_AS:   112715812 kB
VmallocTotal:   251658176 kB
VmallocUsed:      123316 kB
VmallocChunk:   251449252 kB
Time pass: 182 sec

---2015-12-16 17:19:16
MemTotal:        2582696 kB
MemFree:          108692 kB
Buffers:            5856 kB
Cached:           838720 kB
SwapCached:            8 kB
Active:          1107928 kB
Inactive:         591632 kB
Active(anon):     689000 kB
Inactive(anon):   172108 kB
Active(file):     418928 kB
Inactive(file):   419524 kB
Unevictable:        3920 kB
Mlocked:               0 kB
SwapTotal:        524284 kB
SwapFree:         517736 kB
Dirty:               728 kB
Writeback:            16 kB
AnonPages:        859740 kB
Mapped:           581412 kB
Shmem:              1732 kB
Slab:             102836 kB
SReclaimable:      31244 kB
SUnreclaim:        71592 kB
KernelStack:       40080 kB
PageTables:        41836 kB
NFS_Unstable:          0 kB
Bounce:                0 kB
WritebackTmp:          0 kB
CommitLimit:     1815632 kB
Committed_AS:   115751564 kB
VmallocTotal:   251658176 kB
VmallocUsed:      125396 kB
VmallocChunk:   251449252 kB
Time pass: 187 sec

---2015-12-16 17:19:16
MemTotal:        2582696 kB
MemFree:          111160 kB
Buffers:            5984 kB
Cached:           841948 kB
SwapCached:            8 kB
Active:          1117164 kB
Inactive:         600284 kB
Active(anon):     699508 kB
Inactive(anon):   175968 kB
Active(file):     417656 kB
Inactive(file):   424316 kB
Unevictable:        3920 kB
Mlocked:               0 kB
SwapTotal:        524284 kB
SwapFree:         517020 kB
Dirty:               836 kB
Writeback:             0 kB
AnonPages:        873896 kB
Mapped:           586160 kB
Shmem:              1744 kB
Slab:             100408 kB
SReclaimable:      28848 kB
SUnreclaim:        71560 kB
KernelStack:       40928 kB
PageTables:        41096 kB
NFS_Unstable:          0 kB
Bounce:                0 kB
WritebackTmp:          0 kB
CommitLimit:     1815632 kB
Committed_AS:   112376752 kB
VmallocTotal:   251658176 kB
VmallocUsed:      124336 kB
VmallocChunk:   251449252 kB
Time pass: 191 sec

---2015-12-16 17:19:16
MemTotal:        2582696 kB
MemFree:          118312 kB
Buffers:            5984 kB
Cached:           839844 kB
SwapCached:            8 kB
Active:          1112484 kB
Inactive:         596348 kB
Active(anon):     692584 kB
Inactive(anon):   176172 kB
Active(file):     419900 kB
Inactive(file):   420176 kB
Unevictable:        3920 kB
Mlocked:               0 kB
SwapTotal:        524284 kB
SwapFree:         517020 kB
Dirty:               900 kB
Writeback:             0 kB
AnonPages:        866788 kB
Mapped:           587508 kB
Shmem:              1708 kB
Slab:             103204 kB
SReclaimable:      31564 kB
SUnreclaim:        71640 kB
KernelStack:       41072 kB
PageTables:        41168 kB
NFS_Unstable:          0 kB
Bounce:                0 kB
WritebackTmp:          0 kB
CommitLimit:     1815632 kB
Committed_AS:   112340008 kB
VmallocTotal:   251658176 kB
VmallocUsed:      124336 kB
VmallocChunk:   251449252 kB
Time pass: 195 sec

---2015-12-16 17:19:16
MemTotal:        2582696 kB
MemFree:          116552 kB
Buffers:            5984 kB
Cached:           840104 kB
SwapCached:            8 kB
Active:          1113748 kB
Inactive:         596724 kB
Active(anon):     693840 kB
Inactive(anon):   176172 kB
Active(file):     419908 kB
Inactive(file):   420552 kB
Unevictable:        3920 kB
Mlocked:               0 kB
SwapTotal:        524284 kB
SwapFree:         517020 kB
Dirty:               908 kB
Writeback:             0 kB
AnonPages:        868276 kB
Mapped:           587680 kB
Shmem:              1708 kB
Slab:             103524 kB
SReclaimable:      31732 kB
SUnreclaim:        71792 kB
KernelStack:       41136 kB
PageTables:        41196 kB
NFS_Unstable:          0 kB
Bounce:                0 kB
WritebackTmp:          0 kB
CommitLimit:     1815632 kB
Committed_AS:   112339960 kB
VmallocTotal:   251658176 kB
VmallocUsed:      124336 kB
VmallocChunk:   251449252 kB
Time pass: 199 sec

---2015-12-16 17:19:16
MemTotal:        2582696 kB
MemFree:          123196 kB
Buffers:            5984 kB
Cached:           841252 kB
SwapCached:            8 kB
Active:          1112436 kB
Inactive:         593092 kB
Active(anon):     687768 kB
Inactive(anon):   176172 kB
Active(file):     424668 kB
Inactive(file):   416920 kB
Unevictable:        3920 kB
Mlocked:               0 kB
SwapTotal:        524284 kB
SwapFree:         517020 kB
Dirty:               908 kB
Writeback:             0 kB
AnonPages:        862276 kB
Mapped:           581468 kB
Shmem:              1708 kB
Slab:             103488 kB
SReclaimable:      31728 kB
SUnreclaim:        71760 kB
KernelStack:       40240 kB
PageTables:        40724 kB
NFS_Unstable:          0 kB
Bounce:                0 kB
WritebackTmp:          0 kB
CommitLimit:     1815632 kB
Committed_AS:   111088128 kB
VmallocTotal:   251658176 kB
VmallocUsed:      123316 kB
VmallocChunk:   251449252 kB
Time pass: 203 sec

---2015-12-16 17:19:16
MemTotal:        2582696 kB
MemFree:          109056 kB
Buffers:            5984 kB
Cached:           836656 kB
SwapCached:            8 kB
Active:          1128600 kB
Inactive:         591676 kB
Active(anon):     706588 kB
Inactive(anon):   176708 kB
Active(file):     422012 kB
Inactive(file):   414968 kB
Unevictable:        3920 kB
Mlocked:               0 kB
SwapTotal:        524284 kB
SwapFree:         516612 kB
Dirty:               944 kB
Writeback:             0 kB
AnonPages:        881756 kB
Mapped:           588108 kB
Shmem:              1720 kB
Slab:             103812 kB
SReclaimable:      32048 kB
SUnreclaim:        71764 kB
KernelStack:       41328 kB
PageTables:        41264 kB
NFS_Unstable:          0 kB
Bounce:                0 kB
WritebackTmp:          0 kB
CommitLimit:     1815632 kB
Committed_AS:   112352688 kB
VmallocTotal:   251658176 kB
VmallocUsed:      124376 kB
VmallocChunk:   251449252 kB
Time pass: 207 sec

---2015-12-16 17:19:16
MemTotal:        2582696 kB
MemFree:          106012 kB
Buffers:            5984 kB
Cached:           836848 kB
SwapCached:            8 kB
Active:          1129104 kB
Inactive:         591892 kB
Active(anon):     707092 kB
Inactive(anon):   176744 kB
Active(file):     422012 kB
Inactive(file):   415148 kB
Unevictable:        3920 kB
Mlocked:               0 kB
SwapTotal:        524284 kB
SwapFree:         516612 kB
Dirty:               956 kB
Writeback:             0 kB
AnonPages:        882152 kB
Mapped:           588280 kB
Shmem:              1752 kB
Slab:             103876 kB
SReclaimable:      31952 kB
SUnreclaim:        71924 kB
KernelStack:       41200 kB
PageTables:        41292 kB
NFS_Unstable:          0 kB
Bounce:                0 kB
WritebackTmp:          0 kB
CommitLimit:     1815632 kB
Committed_AS:   112354592 kB
VmallocTotal:   251658176 kB
VmallocUsed:      124376 kB
VmallocChunk:   251449252 kB
Time pass: 211 sec

---2015-12-16 17:19:16
MemTotal:        2582696 kB
MemFree:          107028 kB
Buffers:            5984 kB
Cached:           834612 kB
SwapCached:            8 kB
Active:          1129244 kB
Inactive:         591116 kB
Active(anon):     708636 kB
Inactive(anon):   176800 kB
Active(file):     420608 kB
Inactive(file):   414316 kB
Unevictable:        3920 kB
Mlocked:               0 kB
SwapTotal:        524284 kB
SwapFree:         516456 kB
Dirty:               956 kB
Writeback:             0 kB
AnonPages:        883736 kB
Mapped:           588352 kB
Shmem:              1752 kB
Slab:             103836 kB
SReclaimable:      31936 kB
SUnreclaim:        71900 kB
KernelStack:       41232 kB
PageTables:        41296 kB
NFS_Unstable:          0 kB
Bounce:                0 kB
WritebackTmp:          0 kB
CommitLimit:     1815632 kB
Committed_AS:   112354672 kB
VmallocTotal:   251658176 kB
VmallocUsed:      124376 kB
VmallocChunk:   251449252 kB
Time pass: 215 sec

---2015-12-16 17:19:16
MemTotal:        2582696 kB
MemFree:          107092 kB
Buffers:            5984 kB
Cached:           834612 kB
SwapCached:            8 kB
Active:          1129656 kB
Inactive:         591112 kB
Active(anon):     709044 kB
Inactive(anon):   176800 kB
Active(file):     420612 kB
Inactive(file):   414312 kB
Unevictable:        3920 kB
Mlocked:               0 kB
SwapTotal:        524284 kB
SwapFree:         516456 kB
Dirty:               952 kB
Writeback:             0 kB
AnonPages:        884144 kB
Mapped:           588376 kB
Shmem:              1752 kB
Slab:             103828 kB
SReclaimable:      31936 kB
SUnreclaim:        71892 kB
KernelStack:       41232 kB
PageTables:        41296 kB
NFS_Unstable:          0 kB
Bounce:                0 kB
WritebackTmp:          0 kB
CommitLimit:     1815632 kB
Committed_AS:   112354616 kB
VmallocTotal:   251658176 kB
VmallocUsed:      124376 kB
VmallocChunk:   251449252 kB
Time pass: 219 sec

---2015-12-16 17:19:16
MemTotal:        2582696 kB
MemFree:          112300 kB
Buffers:            5984 kB
Cached:           834628 kB
SwapCached:            8 kB
Active:          1134488 kB
Inactive:         582788 kB
Active(anon):     705536 kB
Inactive(anon):   176816 kB
Active(file):     428952 kB
Inactive(file):   405972 kB
Unevictable:        3920 kB
Mlocked:               0 kB
SwapTotal:        524284 kB
SwapFree:         516456 kB
Dirty:               952 kB
Writeback:             0 kB
AnonPages:        880672 kB
Mapped:           581756 kB
Shmem:              1768 kB
Slab:             103856 kB
SReclaimable:      31936 kB
SUnreclaim:        71920 kB
KernelStack:       40416 kB
PageTables:        40896 kB
NFS_Unstable:          0 kB
Bounce:                0 kB
WritebackTmp:          0 kB
CommitLimit:     1815632 kB
Committed_AS:   111111012 kB
VmallocTotal:   251658176 kB
VmallocUsed:      123316 kB
VmallocChunk:   251449252 kB
Time pass: 222 sec

---2015-12-16 17:19:16
MemTotal:        2582696 kB
MemFree:          118284 kB
Buffers:            5984 kB
Cached:           826508 kB
SwapCached:           40 kB
Active:          1129532 kB
Inactive:         583344 kB
Active(anon):     707420 kB
Inactive(anon):   178944 kB
Active(file):     422112 kB
Inactive(file):   404400 kB
Unevictable:        3920 kB
Mlocked:               0 kB
SwapTotal:        524284 kB
SwapFree:         515592 kB
Dirty:              1412 kB
Writeback:             8 kB
AnonPages:        884664 kB
Mapped:           588540 kB
Shmem:              1756 kB
Slab:             103540 kB
SReclaimable:      31576 kB
SUnreclaim:        71964 kB
KernelStack:       41616 kB
PageTables:        41168 kB
NFS_Unstable:          0 kB
Bounce:                0 kB
WritebackTmp:          0 kB
CommitLimit:     1815632 kB
Committed_AS:   112361280 kB
VmallocTotal:   251658176 kB
VmallocUsed:      124376 kB
VmallocChunk:   251449252 kB
Time pass: 226 sec

---2015-12-16 17:19:16
MemTotal:        2582696 kB
MemFree:          118488 kB
Buffers:            5984 kB
Cached:           826432 kB
SwapCached:           40 kB
Active:          1128176 kB
Inactive:         583516 kB
Active(anon):     706044 kB
Inactive(anon):   178916 kB
Active(file):     422132 kB
Inactive(file):   404600 kB
Unevictable:        3920 kB
Mlocked:               0 kB
SwapTotal:        524284 kB
SwapFree:         515592 kB
Dirty:              1520 kB
Writeback:             0 kB
AnonPages:        883064 kB
Mapped:           588632 kB
Shmem:              1764 kB
Slab:             103572 kB
SReclaimable:      31616 kB
SUnreclaim:        71956 kB
KernelStack:       41312 kB
PageTables:        41344 kB
NFS_Unstable:          0 kB
Bounce:                0 kB
WritebackTmp:          0 kB
CommitLimit:     1815632 kB
Committed_AS:   112361280 kB
VmallocTotal:   251658176 kB
VmallocUsed:      124376 kB
VmallocChunk:   251449252 kB
Time pass: 231 sec

---2015-12-16 17:19:16
MemTotal:        2582696 kB
MemFree:          126628 kB
Buffers:            5984 kB
Cached:           826448 kB
SwapCached:           40 kB
Active:          1119844 kB
Inactive:         583520 kB
Active(anon):     697700 kB
Inactive(anon):   178916 kB
Active(file):     422144 kB
Inactive(file):   404604 kB
Unevictable:        3920 kB
Mlocked:               0 kB
SwapTotal:        524284 kB
SwapFree:         515592 kB
Dirty:               968 kB
Writeback:             0 kB
AnonPages:        874596 kB
Mapped:           588692 kB
Shmem:              1764 kB
Slab:             103612 kB
SReclaimable:      31624 kB
SUnreclaim:        71988 kB
KernelStack:       41344 kB
PageTables:        41340 kB
NFS_Unstable:          0 kB
Bounce:                0 kB
WritebackTmp:          0 kB
CommitLimit:     1815632 kB
Committed_AS:   112361360 kB
VmallocTotal:   251658176 kB
VmallocUsed:      124376 kB
VmallocChunk:   251449252 kB
Time pass: 235 sec

---2015-12-16 17:19:16
MemTotal:        2582696 kB
MemFree:          125800 kB
Buffers:            5984 kB
Cached:           826452 kB
SwapCached:           40 kB
Active:          1120624 kB
Inactive:         583520 kB
Active(anon):     698476 kB
Inactive(anon):   178916 kB
Active(file):     422148 kB
Inactive(file):   404604 kB
Unevictable:        3920 kB
Mlocked:               0 kB
SwapTotal:        524284 kB
SwapFree:         515592 kB
Dirty:               972 kB
Writeback:             0 kB
AnonPages:        875460 kB
Mapped:           588756 kB
Shmem:              1764 kB
Slab:             103564 kB
SReclaimable:      31632 kB
SUnreclaim:        71932 kB
KernelStack:       41344 kB
PageTables:        41344 kB
NFS_Unstable:          0 kB
Bounce:                0 kB
WritebackTmp:          0 kB
CommitLimit:     1815632 kB
Committed_AS:   112361336 kB
VmallocTotal:   251658176 kB
VmallocUsed:      124376 kB
VmallocChunk:   251449252 kB
Time pass: 239 sec

---2015-12-16 17:19:16
MemTotal:        2582696 kB
MemFree:          132376 kB
Buffers:            5984 kB
Cached:           826476 kB
SwapCached:           40 kB
Active:          1116780 kB
Inactive:         582844 kB
Active(anon):     693976 kB
Inactive(anon):   178884 kB
Active(file):     422804 kB
Inactive(file):   403960 kB
Unevictable:        3920 kB
Mlocked:               0 kB
SwapTotal:        524284 kB
SwapFree:         515592 kB
Dirty:               976 kB
Writeback:             0 kB
AnonPages:        871096 kB
Mapped:           582140 kB
Shmem:              1776 kB
Slab:             103524 kB
SReclaimable:      31648 kB
SUnreclaim:        71876 kB
KernelStack:       40544 kB
PageTables:        40892 kB
NFS_Unstable:          0 kB
Bounce:                0 kB
WritebackTmp:          0 kB
CommitLimit:     1815632 kB
Committed_AS:   111113848 kB
VmallocTotal:   251658176 kB
VmallocUsed:      123316 kB
VmallocChunk:   251449252 kB
Time pass: 242 sec

---2015-12-16 17:19:16
MemTotal:        2582696 kB
MemFree:          113800 kB
Buffers:            5992 kB
Cached:           826484 kB
SwapCached:           40 kB
Active:          1133768 kB
Inactive:         582848 kB
Active(anon):     710964 kB
Inactive(anon):   178888 kB
Active(file):     422804 kB
Inactive(file):   403960 kB
Unevictable:        3920 kB
Mlocked:               0 kB
SwapTotal:        524284 kB
SwapFree:         515592 kB
Dirty:              1000 kB
Writeback:             0 kB
AnonPages:        888200 kB
Mapped:           589104 kB
Shmem:              1792 kB
Slab:             103672 kB
SReclaimable:      31664 kB
SUnreclaim:        72008 kB
KernelStack:       41760 kB
PageTables:        41360 kB
NFS_Unstable:          0 kB
Bounce:                0 kB
WritebackTmp:          0 kB
CommitLimit:     1815632 kB
Committed_AS:   112391304 kB
VmallocTotal:   251658176 kB
VmallocUsed:      124344 kB
VmallocChunk:   251449252 kB
Time pass: 246 sec

---2015-12-16 17:19:16
MemTotal:        2582696 kB
MemFree:          116340 kB
Buffers:            5992 kB
Cached:           826488 kB
SwapCached:           40 kB
Active:          1131376 kB
Inactive:         582848 kB
Active(anon):     708564 kB
Inactive(anon):   178888 kB
Active(file):     422812 kB
Inactive(file):   403960 kB
Unevictable:        3920 kB
Mlocked:               0 kB
SwapTotal:        524284 kB
SwapFree:         515592 kB
Dirty:               980 kB
Writeback:             0 kB
AnonPages:        885560 kB
Mapped:           588920 kB
Shmem:              1788 kB
Slab:             103696 kB
SReclaimable:      31696 kB
SUnreclaim:        72000 kB
KernelStack:       41344 kB
PageTables:        41376 kB
NFS_Unstable:          0 kB
Bounce:                0 kB
WritebackTmp:          0 kB
CommitLimit:     1815632 kB
Committed_AS:   112374112 kB
VmallocTotal:   251658176 kB
VmallocUsed:      124336 kB
VmallocChunk:   251449252 kB
Time pass: 250 sec

---2015-12-16 17:19:16
MemTotal:        2582696 kB
MemFree:          116468 kB
Buffers:            5992 kB
Cached:           826512 kB
SwapCached:           40 kB
Active:          1130888 kB
Inactive:         582884 kB
Active(anon):     708088 kB
Inactive(anon):   178888 kB
Active(file):     422800 kB
Inactive(file):   403996 kB
Unevictable:        3920 kB
Mlocked:               0 kB
SwapTotal:        524284 kB
SwapFree:         515592 kB
Dirty:               960 kB
Writeback:             0 kB
AnonPages:        884996 kB
Mapped:           588936 kB
Shmem:              1788 kB
Slab:             103696 kB
SReclaimable:      31696 kB
SUnreclaim:        72000 kB
KernelStack:       41264 kB
PageTables:        41376 kB
NFS_Unstable:          0 kB
Bounce:                0 kB
WritebackTmp:          0 kB
CommitLimit:     1815632 kB
Committed_AS:   112373936 kB
VmallocTotal:   251658176 kB
VmallocUsed:      124336 kB
VmallocChunk:   251449252 kB
Time pass: 254 sec

---2015-12-16 17:19:16
MemTotal:        2582696 kB
MemFree:          115876 kB
Buffers:            5992 kB
Cached:           826532 kB
SwapCached:           40 kB
Active:          1130524 kB
Inactive:         582892 kB
Active(anon):     707712 kB
Inactive(anon):   178896 kB
Active(file):     422812 kB
Inactive(file):   403996 kB
Unevictable:        3920 kB
Mlocked:               0 kB
SwapTotal:        524284 kB
SwapFree:         515592 kB
Dirty:               968 kB
Writeback:             0 kB
AnonPages:        884868 kB
Mapped:           588956 kB
Shmem:              1796 kB
Slab:             103700 kB
SReclaimable:      31700 kB
SUnreclaim:        72000 kB
KernelStack:       41264 kB
PageTables:        41380 kB
NFS_Unstable:          0 kB
Bounce:                0 kB
WritebackTmp:          0 kB
CommitLimit:     1815632 kB
Committed_AS:   112373900 kB
VmallocTotal:   251658176 kB
VmallocUsed:      124336 kB
VmallocChunk:   251449252 kB
Time pass: 258 sec

---2015-12-16 17:19:16
MemTotal:        2582696 kB
MemFree:          125872 kB
Buffers:            5992 kB
Cached:           826536 kB
SwapCached:           40 kB
Active:          1123608 kB
Inactive:         582748 kB
Active(anon):     700648 kB
Inactive(anon):   178900 kB
Active(file):     422960 kB
Inactive(file):   403848 kB
Unevictable:        3920 kB
Mlocked:               0 kB
SwapTotal:        524284 kB
SwapFree:         515592 kB
Dirty:               968 kB
Writeback:             0 kB
AnonPages:        877744 kB
Mapped:           582256 kB
Shmem:              1800 kB
Slab:             103660 kB
SReclaimable:      31700 kB
SUnreclaim:        71960 kB
KernelStack:       40448 kB
PageTables:        40888 kB
NFS_Unstable:          0 kB
Bounce:                0 kB
WritebackTmp:          0 kB
CommitLimit:     1815632 kB
Committed_AS:   111121968 kB
VmallocTotal:   251658176 kB
VmallocUsed:      123316 kB
VmallocChunk:   251449252 kB
Time pass: 262 sec

---2015-12-16 17:19:16
MemTotal:        2582696 kB
MemFree:          117896 kB
Buffers:            5992 kB
Cached:           827468 kB
SwapCached:           40 kB
Active:          1128144 kB
Inactive:         582452 kB
Active(anon):     703976 kB
Inactive(anon):   178944 kB
Active(file):     424168 kB
Inactive(file):   403508 kB
Unevictable:        3920 kB
Mlocked:               0 kB
SwapTotal:        524284 kB
SwapFree:         515592 kB
Dirty:               996 kB
Writeback:             0 kB
AnonPages:        881016 kB
Mapped:           589100 kB
Shmem:              1864 kB
Slab:             103668 kB
SReclaimable:      31708 kB
SUnreclaim:        71960 kB
KernelStack:       41280 kB
PageTables:        41372 kB
NFS_Unstable:          0 kB
Bounce:                0 kB
WritebackTmp:          0 kB
CommitLimit:     1815632 kB
Committed_AS:   112386348 kB
VmallocTotal:   251658176 kB
VmallocUsed:      124348 kB
VmallocChunk:   251449252 kB
Time pass: 267 sec

---2015-12-16 17:19:16
MemTotal:        2582696 kB
MemFree:          124416 kB
Buffers:            5992 kB
Cached:           827468 kB
SwapCached:           40 kB
Active:          1120500 kB
Inactive:         582436 kB
Active(anon):     696328 kB
Inactive(anon):   178932 kB
Active(file):     424172 kB
Inactive(file):   403504 kB
Unevictable:        3920 kB
Mlocked:               0 kB
SwapTotal:        524284 kB
SwapFree:         515592 kB
Dirty:               980 kB
Writeback:             0 kB
AnonPages:        873476 kB
Mapped:           589140 kB
Shmem:              1864 kB
Slab:             103712 kB
SReclaimable:      31744 kB
SUnreclaim:        71968 kB
KernelStack:       41312 kB
PageTables:        41384 kB
NFS_Unstable:          0 kB
Bounce:                0 kB
WritebackTmp:          0 kB
CommitLimit:     1815632 kB
Committed_AS:   112386352 kB
VmallocTotal:   251658176 kB
VmallocUsed:      124348 kB
VmallocChunk:   251449252 kB
Time pass: 270 sec

---2015-12-16 17:19:16
MemTotal:        2582696 kB
MemFree:          127108 kB
Buffers:            5992 kB
Cached:           827468 kB
SwapCached:           40 kB
Active:          1118904 kB
Inactive:         582428 kB
Active(anon):     694724 kB
Inactive(anon):   178932 kB
Active(file):     424180 kB
Inactive(file):   403496 kB
Unevictable:        3920 kB
Mlocked:               0 kB
SwapTotal:        524284 kB
SwapFree:         515592 kB
Dirty:               992 kB
Writeback:             0 kB
AnonPages:        871628 kB
Mapped:           589140 kB
Shmem:              1864 kB
Slab:             103716 kB
SReclaimable:      31748 kB
SUnreclaim:        71968 kB
KernelStack:       41312 kB
PageTables:        41376 kB
NFS_Unstable:          0 kB
Bounce:                0 kB
WritebackTmp:          0 kB
CommitLimit:     1815632 kB
Committed_AS:   112386392 kB
VmallocTotal:   251658176 kB
VmallocUsed:      124348 kB
VmallocChunk:   251449252 kB
Time pass: 274 sec

---2015-12-16 17:19:16
MemTotal:        2582696 kB
MemFree:          126556 kB
Buffers:            5992 kB
Cached:           827468 kB
SwapCached:           40 kB
Active:          1119124 kB
Inactive:         582428 kB
Active(anon):     694944 kB
Inactive(anon):   178932 kB
Active(file):     424180 kB
Inactive(file):   403496 kB
Unevictable:        3920 kB
Mlocked:               0 kB
SwapTotal:        524284 kB
SwapFree:         515592 kB
Dirty:               992 kB
Writeback:             0 kB
AnonPages:        871880 kB
Mapped:           589144 kB
Shmem:              1864 kB
Slab:             103720 kB
SReclaimable:      31748 kB
SUnreclaim:        71972 kB
KernelStack:       41296 kB
PageTables:        41376 kB
NFS_Unstable:          0 kB
Bounce:                0 kB
WritebackTmp:          0 kB
CommitLimit:     1815632 kB
Committed_AS:   112386320 kB
VmallocTotal:   251658176 kB
VmallocUsed:      124348 kB
VmallocChunk:   251449252 kB
Time pass: 278 sec

---2015-12-16 17:19:16
MemTotal:        2582696 kB
MemFree:          134416 kB
Buffers:            5992 kB
Cached:           828432 kB
SwapCached:           40 kB
Active:          1113476 kB
Inactive:         581852 kB
Active(anon):     687756 kB
Inactive(anon):   178932 kB
Active(file):     425720 kB
Inactive(file):   402920 kB
Unevictable:        3920 kB
Mlocked:               0 kB
SwapTotal:        524284 kB
SwapFree:         515592 kB
Dirty:              1016 kB
Writeback:             0 kB
AnonPages:        864816 kB
Mapped:           582504 kB
Shmem:              1864 kB
Slab:             103764 kB
SReclaimable:      31764 kB
SUnreclaim:        72000 kB
KernelStack:       40496 kB
PageTables:        40880 kB
NFS_Unstable:          0 kB
Bounce:                0 kB
WritebackTmp:          0 kB
CommitLimit:     1815632 kB
Committed_AS:   111130280 kB
VmallocTotal:   251658176 kB
VmallocUsed:      123328 kB
VmallocChunk:   251449252 kB
Time pass: 282 sec

---2015-12-16 17:19:16
MemTotal:        2582696 kB
MemFree:          116444 kB
Buffers:            5992 kB
Cached:           829468 kB
SwapCached:           40 kB
Active:          1128156 kB
Inactive:         582892 kB
Active(anon):     702436 kB
Inactive(anon):   178948 kB
Active(file):     425720 kB
Inactive(file):   403944 kB
Unevictable:        3920 kB
Mlocked:               0 kB
SwapTotal:        524284 kB
SwapFree:         515592 kB
Dirty:              1484 kB
Writeback:             0 kB
AnonPages:        879400 kB
Mapped:           589320 kB
Shmem:              1880 kB
Slab:             103844 kB
SReclaimable:      31796 kB
SUnreclaim:        72048 kB
KernelStack:       41392 kB
PageTables:        41384 kB
NFS_Unstable:          0 kB
Bounce:                0 kB
WritebackTmp:          0 kB
CommitLimit:     1815632 kB
Committed_AS:   112390200 kB
VmallocTotal:   251658176 kB
VmallocUsed:      124348 kB
VmallocChunk:   251449252 kB
Time pass: 286 sec

---2015-12-16 17:19:16
MemTotal:        2582696 kB
MemFree:          113080 kB
Buffers:            5992 kB
Cached:           834276 kB
SwapCached:           40 kB
Active:          1126428 kB
Inactive:         587552 kB
Active(anon):     700580 kB
Inactive(anon):   178944 kB
Active(file):     425848 kB
Inactive(file):   408608 kB
Unevictable:        3920 kB
Mlocked:               0 kB
SwapTotal:        524284 kB
SwapFree:         515592 kB
Dirty:              1608 kB
Writeback:             0 kB
AnonPages:        877580 kB
Mapped:           590612 kB
Shmem:              1880 kB
Slab:             103884 kB
SReclaimable:      31792 kB
SUnreclaim:        72092 kB
KernelStack:       41648 kB
PageTables:        41864 kB
NFS_Unstable:          0 kB
Bounce:                0 kB
WritebackTmp:          0 kB
CommitLimit:     1815632 kB
Committed_AS:   114170800 kB
VmallocTotal:   251658176 kB
VmallocUsed:      125368 kB
VmallocChunk:   251449252 kB
Time pass: 290 sec

---2015-12-16 17:19:16
MemTotal:        2582696 kB
MemFree:          112024 kB
Buffers:            5992 kB
Cached:           834544 kB
SwapCached:           40 kB
Active:          1126428 kB
Inactive:         587832 kB
Active(anon):     700580 kB
Inactive(anon):   178944 kB
Active(file):     425848 kB
Inactive(file):   408888 kB
Unevictable:        3920 kB
Mlocked:               0 kB
SwapTotal:        524284 kB
SwapFree:         515592 kB
Dirty:              1064 kB
Writeback:             0 kB
AnonPages:        877588 kB
Mapped:           590664 kB
Shmem:              1880 kB
Slab:             103944 kB
SReclaimable:      31808 kB
SUnreclaim:        72136 kB
KernelStack:       41664 kB
PageTables:        41880 kB
NFS_Unstable:          0 kB
Bounce:                0 kB
WritebackTmp:          0 kB
CommitLimit:     1815632 kB
Committed_AS:   114170884 kB
VmallocTotal:   251658176 kB
VmallocUsed:      125368 kB
VmallocChunk:   251449252 kB
Time pass: 294 sec

---2015-12-16 17:19:16
MemTotal:        2582696 kB
MemFree:          120600 kB
Buffers:            5992 kB
Cached:           834648 kB
SwapCached:          192 kB
Active:          1119124 kB
Inactive:         588016 kB
Active(anon):     693276 kB
Inactive(anon):   179136 kB
Active(file):     425848 kB
Inactive(file):   408880 kB
Unevictable:        3920 kB
Mlocked:               0 kB
SwapTotal:        524284 kB
SwapFree:         515608 kB
Dirty:              1056 kB
Writeback:             0 kB
AnonPages:        870368 kB
Mapped:           583940 kB
Shmem:              1924 kB
Slab:             103924 kB
SReclaimable:      31816 kB
SUnreclaim:        72108 kB
KernelStack:       41472 kB
PageTables:        41448 kB
NFS_Unstable:          0 kB
Bounce:                0 kB
WritebackTmp:          0 kB
CommitLimit:     1815632 kB
Committed_AS:   112919152 kB
VmallocTotal:   251658176 kB
VmallocUsed:      124348 kB
VmallocChunk:   251449252 kB
Time pass: 298 sec

---2015-12-16 17:19:16
MemTotal:        2582696 kB
MemFree:          118968 kB
Buffers:            5992 kB
Cached:           834640 kB
SwapCached:          192 kB
Active:          1121236 kB
Inactive:         588080 kB
Active(anon):     695384 kB
Inactive(anon):   179188 kB
Active(file):     425852 kB
Inactive(file):   408892 kB
Unevictable:        3920 kB
Mlocked:               0 kB
SwapTotal:        524284 kB
SwapFree:         515608 kB
Dirty:              1056 kB
Writeback:             0 kB
AnonPages:        872668 kB
Mapped:           587812 kB
Shmem:              1968 kB
Slab:             103916 kB
SReclaimable:      31816 kB
SUnreclaim:        72100 kB
KernelStack:       40848 kB
PageTables:        41624 kB
NFS_Unstable:          0 kB
Bounce:                0 kB
WritebackTmp:          0 kB
CommitLimit:     1815632 kB
Committed_AS:   114160788 kB
VmallocTotal:   251658176 kB
VmallocUsed:      125368 kB
VmallocChunk:   251449252 kB
Time pass: 302 sec

---2015-12-16 17:19:16
MemTotal:        2582696 kB
MemFree:          109344 kB
Buffers:            5992 kB
Cached:           829936 kB
SwapCached:          192 kB
Active:          1131748 kB
Inactive:         585924 kB
Active(anon):     708900 kB
Inactive(anon):   178632 kB
Active(file):     422848 kB
Inactive(file):   407292 kB
Unevictable:        3920 kB
Mlocked:               0 kB
SwapTotal:        524284 kB
SwapFree:         515072 kB
Dirty:              1084 kB
Writeback:             0 kB
AnonPages:        885508 kB
Mapped:           590752 kB
Shmem:              1868 kB
Slab:             104116 kB
SReclaimable:      31832 kB
SUnreclaim:        72284 kB
KernelStack:       41680 kB
PageTables:        41928 kB
NFS_Unstable:          0 kB
Bounce:                0 kB
WritebackTmp:          0 kB
CommitLimit:     1815632 kB
Committed_AS:   114179476 kB
VmallocTotal:   251658176 kB
VmallocUsed:      125368 kB
VmallocChunk:   251449252 kB
Time pass: 306 sec

---2015-12-16 17:19:16
MemTotal:        2582696 kB
MemFree:          109240 kB
Buffers:            6000 kB
Cached:           829716 kB
SwapCached:          192 kB
Active:          1131412 kB
Inactive:         585776 kB
Active(anon):     708652 kB
Inactive(anon):   178608 kB
Active(file):     422760 kB
Inactive(file):   407168 kB
Unevictable:        3920 kB
Mlocked:               0 kB
SwapTotal:        524284 kB
SwapFree:         515052 kB
Dirty:              1072 kB
Writeback:             0 kB
AnonPages:        885384 kB
Mapped:           590752 kB
Shmem:              1868 kB
Slab:             104416 kB
SReclaimable:      32136 kB
SUnreclaim:        72280 kB
KernelStack:       41664 kB
PageTables:        41912 kB
NFS_Unstable:          0 kB
Bounce:                0 kB
WritebackTmp:          0 kB
CommitLimit:     1815632 kB
Committed_AS:   114179428 kB
VmallocTotal:   251658176 kB
VmallocUsed:      125368 kB
VmallocChunk:   251449252 kB
Time pass: 310 sec

---2015-12-16 17:19:16
MemTotal:        2582696 kB
MemFree:          109824 kB
Buffers:            6000 kB
Cached:           829716 kB
SwapCached:          192 kB
Active:          1131464 kB
Inactive:         585776 kB
Active(anon):     708704 kB
Inactive(anon):   178608 kB
Active(file):     422760 kB
Inactive(file):   407168 kB
Unevictable:        3920 kB
Mlocked:               0 kB
SwapTotal:        524284 kB
SwapFree:         515052 kB
Dirty:              1052 kB
Writeback:             0 kB
AnonPages:        885496 kB
Mapped:           590756 kB
Shmem:              1868 kB
Slab:             104580 kB
SReclaimable:      32156 kB
SUnreclaim:        72424 kB
KernelStack:       41632 kB
PageTables:        41916 kB
NFS_Unstable:          0 kB
Bounce:                0 kB
WritebackTmp:          0 kB
CommitLimit:     1815632 kB
Committed_AS:   114179340 kB
VmallocTotal:   251658176 kB
VmallocUsed:      125368 kB
VmallocChunk:   251449252 kB
Time pass: 314 sec

---2015-12-16 17:19:16
MemTotal:        2582696 kB
MemFree:          118736 kB
Buffers:            6000 kB
Cached:           829732 kB
SwapCached:          192 kB
Active:          1124208 kB
Inactive:         585792 kB
Active(anon):     701448 kB
Inactive(anon):   178624 kB
Active(file):     422760 kB
Inactive(file):   407168 kB
Unevictable:        3920 kB
Mlocked:               0 kB
SwapTotal:        524284 kB
SwapFree:         515052 kB
Dirty:              1052 kB
Writeback:             0 kB
AnonPages:        878212 kB
Mapped:           583996 kB
Shmem:              1884 kB
Slab:             104488 kB
SReclaimable:      32160 kB
SUnreclaim:        72328 kB
KernelStack:       41184 kB
PageTables:        41444 kB
NFS_Unstable:          0 kB
Bounce:                0 kB
WritebackTmp:          0 kB
CommitLimit:     1815632 kB
Committed_AS:   112927380 kB
VmallocTotal:   251658176 kB
VmallocUsed:      124348 kB
VmallocChunk:   251449252 kB
Time pass: 318 sec

---2015-12-16 17:19:16
MemTotal:        2582696 kB
MemFree:          105544 kB
Buffers:            6000 kB
Cached:           827492 kB
SwapCached:          192 kB
Active:          1138048 kB
Inactive:         584728 kB
Active(anon):     716760 kB
Inactive(anon):   178332 kB
Active(file):     421288 kB
Inactive(file):   406396 kB
Unevictable:        3920 kB
Mlocked:               0 kB
SwapTotal:        524284 kB
SwapFree:         514820 kB
Dirty:              1060 kB
Writeback:             0 kB
AnonPages:        893412 kB
Mapped:           590476 kB
Shmem:              1884 kB
Slab:             104420 kB
SReclaimable:      32052 kB
SUnreclaim:        72368 kB
KernelStack:       41856 kB
PageTables:        41888 kB
NFS_Unstable:          0 kB
Bounce:                0 kB
WritebackTmp:          0 kB
CommitLimit:     1815632 kB
Committed_AS:   114183276 kB
VmallocTotal:   251658176 kB
VmallocUsed:      125408 kB
VmallocChunk:   251447556 kB
Time pass: 323 sec

---2015-12-16 17:19:16
MemTotal:        2582696 kB
MemFree:          107524 kB
Buffers:            6000 kB
Cached:           823084 kB
SwapCached:          192 kB
Active:          1136860 kB
Inactive:         583812 kB
Active(anon):     717864 kB
Inactive(anon):   179544 kB
Active(file):     418996 kB
Inactive(file):   404268 kB
Unevictable:        3920 kB
Mlocked:               0 kB
SwapTotal:        524284 kB
SwapFree:         514344 kB
Dirty:              1056 kB
Writeback:             0 kB
AnonPages:        895492 kB
Mapped:           590768 kB
Shmem:              1900 kB
Slab:             104456 kB
SReclaimable:      32012 kB
SUnreclaim:        72444 kB
KernelStack:       41616 kB
PageTables:        41944 kB
NFS_Unstable:          0 kB
Bounce:                0 kB
WritebackTmp:          0 kB
CommitLimit:     1815632 kB
Committed_AS:   114187628 kB
VmallocTotal:   251658176 kB
VmallocUsed:      125368 kB
VmallocChunk:   251443132 kB
Time pass: 326 sec

---2015-12-16 17:19:16
MemTotal:        2582696 kB
MemFree:          108208 kB
Buffers:            6000 kB
Cached:           823084 kB
SwapCached:          192 kB
Active:          1136328 kB
Inactive:         583808 kB
Active(anon):     717328 kB
Inactive(anon):   179544 kB
Active(file):     419000 kB
Inactive(file):   404264 kB
Unevictable:        3920 kB
Mlocked:               0 kB
SwapTotal:        524284 kB
SwapFree:         514344 kB
Dirty:              1052 kB
Writeback:             0 kB
AnonPages:        895028 kB
Mapped:           590688 kB
Shmem:              1900 kB
Slab:             104492 kB
SReclaimable:      32012 kB
SUnreclaim:        72480 kB
KernelStack:       41568 kB
PageTables:        41904 kB
NFS_Unstable:          0 kB
Bounce:                0 kB
WritebackTmp:          0 kB
CommitLimit:     1815632 kB
Committed_AS:   114187564 kB
VmallocTotal:   251658176 kB
VmallocUsed:      125368 kB
VmallocChunk:   251443132 kB
Time pass: 330 sec

---2015-12-16 17:19:16
MemTotal:        2582696 kB
MemFree:          107808 kB
Buffers:            6000 kB
Cached:           823084 kB
SwapCached:          192 kB
Active:          1136744 kB
Inactive:         583808 kB
Active(anon):     717744 kB
Inactive(anon):   179544 kB
Active(file):     419000 kB
Inactive(file):   404264 kB
Unevictable:        3920 kB
Mlocked:               0 kB
SwapTotal:        524284 kB
SwapFree:         514344 kB
Dirty:              1052 kB
Writeback:             0 kB
AnonPages:        895400 kB
Mapped:           590772 kB
Shmem:              1900 kB
Slab:             104468 kB
SReclaimable:      32012 kB
SUnreclaim:        72456 kB
KernelStack:       41600 kB
PageTables:        41940 kB
NFS_Unstable:          0 kB
Bounce:                0 kB
WritebackTmp:          0 kB
CommitLimit:     1815632 kB
Committed_AS:   114187580 kB
VmallocTotal:   251658176 kB
VmallocUsed:      125368 kB
VmallocChunk:   251443132 kB
Time pass: 334 sec

---2015-12-16 17:19:16
MemTotal:        2582696 kB
MemFree:          115752 kB
Buffers:            6000 kB
Cached:           823084 kB
SwapCached:          192 kB
Active:          1130124 kB
Inactive:         583696 kB
Active(anon):     711012 kB
Inactive(anon):   179544 kB
Active(file):     419112 kB
Inactive(file):   404152 kB
Unevictable:        3920 kB
Mlocked:               0 kB
SwapTotal:        524284 kB
SwapFree:         514344 kB
Dirty:              1052 kB
Writeback:             0 kB
AnonPages:        888480 kB
Mapped:           584052 kB
Shmem:              1900 kB
Slab:             104432 kB
SReclaimable:      32012 kB
SUnreclaim:        72420 kB
KernelStack:       40784 kB
PageTables:        41456 kB
NFS_Unstable:          0 kB
Bounce:                0 kB
WritebackTmp:          0 kB
CommitLimit:     1815632 kB
Committed_AS:   112935620 kB
VmallocTotal:   251658176 kB
VmallocUsed:      124348 kB
VmallocChunk:   251436892 kB
Time pass: 338 sec

---2015-12-16 17:19:16
MemTotal:        2582696 kB
MemFree:          122292 kB
Buffers:            6000 kB
Cached:           822152 kB
SwapCached:          200 kB
Active:          1123728 kB
Inactive:         583796 kB
Active(anon):     705308 kB
Inactive(anon):   179932 kB
Active(file):     418420 kB
Inactive(file):   403864 kB
Unevictable:        3920 kB
Mlocked:               0 kB
SwapTotal:        524284 kB
SwapFree:         514140 kB
Dirty:              1080 kB
Writeback:             0 kB
AnonPages:        883420 kB
Mapped:           590572 kB
Shmem:              1888 kB
Slab:             104432 kB
SReclaimable:      32012 kB
SUnreclaim:        72420 kB
KernelStack:       41984 kB
PageTables:        42012 kB
NFS_Unstable:          0 kB
Bounce:                0 kB
WritebackTmp:          0 kB
CommitLimit:     1815632 kB
Committed_AS:   114191800 kB
VmallocTotal:   251658176 kB
VmallocUsed:      125432 kB
VmallocChunk:   251433380 kB
Time pass: 342 sec

---2015-12-16 17:19:16
MemTotal:        2582696 kB
MemFree:          121096 kB
Buffers:            6000 kB
Cached:           822624 kB
SwapCached:          200 kB
Active:          1123928 kB
Inactive:         584252 kB
Active(anon):     705576 kB
Inactive(anon):   179940 kB
Active(file):     418352 kB
Inactive(file):   404312 kB
Unevictable:        3920 kB
Mlocked:               0 kB
SwapTotal:        524284 kB
SwapFree:         514140 kB
Dirty:              1492 kB
Writeback:             0 kB
AnonPages:        883668 kB
Mapped:           590920 kB
Shmem:              1896 kB
Slab:             104592 kB
SReclaimable:      32024 kB
SUnreclaim:        72568 kB
KernelStack:       41632 kB
PageTables:        41968 kB
NFS_Unstable:          0 kB
Bounce:                0 kB
WritebackTmp:          0 kB
CommitLimit:     1815632 kB
Committed_AS:   114191600 kB
VmallocTotal:   251658176 kB
VmallocUsed:      125408 kB
VmallocChunk:   251433380 kB
Time pass: 346 sec

---2015-12-16 17:19:16
MemTotal:        2582696 kB
MemFree:          124904 kB
Buffers:            6000 kB
Cached:           822660 kB
SwapCached:          200 kB
Active:          1119176 kB
Inactive:         584432 kB
Active(anon):     700824 kB
Inactive(anon):   179968 kB
Active(file):     418352 kB
Inactive(file):   404464 kB
Unevictable:        3920 kB
Mlocked:               0 kB
SwapTotal:        524284 kB
SwapFree:         514140 kB
Dirty:              1632 kB
Writeback:             0 kB
AnonPages:        878868 kB
Mapped:           590980 kB
Shmem:              1924 kB
Slab:             104452 kB
SReclaimable:      32024 kB
SUnreclaim:        72428 kB
KernelStack:       41632 kB
PageTables:        42008 kB
NFS_Unstable:          0 kB
Bounce:                0 kB
WritebackTmp:          0 kB
CommitLimit:     1815632 kB
Committed_AS:   114191664 kB
VmallocTotal:   251658176 kB
VmallocUsed:      125408 kB
VmallocChunk:   251433380 kB
Time pass: 350 sec

---2015-12-16 17:19:16
MemTotal:        2582696 kB
MemFree:          124384 kB
Buffers:            6000 kB
Cached:           822660 kB
SwapCached:          200 kB
Active:          1119772 kB
Inactive:         584432 kB
Active(anon):     701420 kB
Inactive(anon):   179968 kB
Active(file):     418352 kB
Inactive(file):   404464 kB
Unevictable:        3920 kB
Mlocked:               0 kB
SwapTotal:        524284 kB
SwapFree:         514140 kB
Dirty:              1068 kB
Writeback:             0 kB
AnonPages:        879452 kB
Mapped:           590984 kB
Shmem:              1924 kB
Slab:             104492 kB
SReclaimable:      32032 kB
SUnreclaim:        72460 kB
KernelStack:       41600 kB
PageTables:        41968 kB
NFS_Unstable:          0 kB
Bounce:                0 kB
WritebackTmp:          0 kB
CommitLimit:     1815632 kB
Committed_AS:   114191688 kB
VmallocTotal:   251658176 kB
VmallocUsed:      125408 kB
VmallocChunk:   251433380 kB
Time pass: 355 sec

---2015-12-16 17:19:16
MemTotal:        2582696 kB
MemFree:          131880 kB
Buffers:            6000 kB
Cached:           822668 kB
SwapCached:          200 kB
Active:          1114280 kB
Inactive:         584340 kB
Active(anon):     695828 kB
Inactive(anon):   179976 kB
Active(file):     418452 kB
Inactive(file):   404364 kB
Unevictable:        3920 kB
Mlocked:               0 kB
SwapTotal:        524284 kB
SwapFree:         514140 kB
Dirty:              1052 kB
Writeback:             0 kB
AnonPages:        873724 kB
Mapped:           584288 kB
Shmem:              1932 kB
Slab:             104420 kB
SReclaimable:      32032 kB
SUnreclaim:        72388 kB
KernelStack:       40880 kB
PageTables:        41512 kB
NFS_Unstable:          0 kB
Bounce:                0 kB
WritebackTmp:          0 kB
CommitLimit:     1815632 kB
Committed_AS:   112944040 kB
VmallocTotal:   251658176 kB
VmallocUsed:      124348 kB
VmallocChunk:   251449252 kB
Time pass: 359 sec

---2015-12-16 17:19:16
MemTotal:        2582696 kB
MemFree:          114720 kB
Buffers:            6000 kB
Cached:           822672 kB
SwapCached:          200 kB
Active:          1131408 kB
Inactive:         584344 kB
Active(anon):     712964 kB
Inactive(anon):   179972 kB
Active(file):     418444 kB
Inactive(file):   404372 kB
Unevictable:        3920 kB
Mlocked:               0 kB
SwapTotal:        524284 kB
SwapFree:         514140 kB
Dirty:              1080 kB
Writeback:             0 kB
AnonPages:        890916 kB
Mapped:           590776 kB
Shmem:              1936 kB
Slab:             104472 kB
SReclaimable:      31884 kB
SUnreclaim:        72588 kB
KernelStack:       41872 kB
PageTables:        41984 kB
NFS_Unstable:          0 kB
Bounce:                0 kB
WritebackTmp:          0 kB
CommitLimit:     1815632 kB
Committed_AS:   114212616 kB
VmallocTotal:   251658176 kB
VmallocUsed:      125392 kB
VmallocChunk:   251449252 kB
Time pass: 362 sec

---2015-12-16 17:19:16
MemTotal:        2582696 kB
MemFree:          112412 kB
Buffers:            6000 kB
Cached:           822704 kB
SwapCached:          200 kB
Active:          1131164 kB
Inactive:         584372 kB
Active(anon):     712720 kB
Inactive(anon):   179980 kB
Active(file):     418444 kB
Inactive(file):   404392 kB
Unevictable:        3920 kB
Mlocked:               0 kB
SwapTotal:        524284 kB
SwapFree:         514140 kB
Dirty:              1072 kB
Writeback:             0 kB
AnonPages:        890836 kB
Mapped:           591072 kB
Shmem:              1948 kB
Slab:             104392 kB
SReclaimable:      31884 kB
SUnreclaim:        72508 kB
KernelStack:       41616 kB
PageTables:        42012 kB
NFS_Unstable:          0 kB
Bounce:                0 kB
WritebackTmp:          0 kB
CommitLimit:     1815632 kB
Committed_AS:   114204316 kB
VmallocTotal:   251658176 kB
VmallocUsed:      125368 kB
VmallocChunk:   251449252 kB
Time pass: 366 sec

---2015-12-16 17:19:16
MemTotal:        2582696 kB
MemFree:          113016 kB
Buffers:            6008 kB
Cached:           822704 kB
SwapCached:          200 kB
Active:          1132616 kB
Inactive:         582836 kB
Active(anon):     712628 kB
Inactive(anon):   179980 kB
Active(file):     419988 kB
Inactive(file):   402856 kB
Unevictable:        3920 kB
Mlocked:               0 kB
SwapTotal:        524284 kB
SwapFree:         514140 kB
Dirty:              1080 kB
Writeback:             0 kB
AnonPages:        890472 kB
Mapped:           591072 kB
Shmem:              1948 kB
Slab:             104376 kB
SReclaimable:      31884 kB
SUnreclaim:        72492 kB
KernelStack:       41616 kB
PageTables:        42008 kB
NFS_Unstable:          0 kB
Bounce:                0 kB
WritebackTmp:          0 kB
CommitLimit:     1815632 kB
Committed_AS:   114204252 kB
VmallocTotal:   251658176 kB
VmallocUsed:      125368 kB
VmallocChunk:   251449252 kB
Time pass: 370 sec

---2015-12-16 17:19:16
MemTotal:        2582696 kB
MemFree:          113172 kB
Buffers:            6008 kB
Cached:           822704 kB
SwapCached:          200 kB
Active:          1133064 kB
Inactive:         582836 kB
Active(anon):     713076 kB
Inactive(anon):   179980 kB
Active(file):     419988 kB
Inactive(file):   402856 kB
Unevictable:        3920 kB
Mlocked:               0 kB
SwapTotal:        524284 kB
SwapFree:         514140 kB
Dirty:              1060 kB
Writeback:             0 kB
AnonPages:        890948 kB
Mapped:           591076 kB
Shmem:              1948 kB
Slab:             104352 kB
SReclaimable:      31892 kB
SUnreclaim:        72460 kB
KernelStack:       41616 kB
PageTables:        42012 kB
NFS_Unstable:          0 kB
Bounce:                0 kB
WritebackTmp:          0 kB
CommitLimit:     1815632 kB
Committed_AS:   114204312 kB
VmallocTotal:   251658176 kB
VmallocUsed:      125368 kB
VmallocChunk:   251449252 kB
Time pass: 374 sec

---2015-12-16 17:19:16
MemTotal:        2582696 kB
MemFree:          121312 kB
Buffers:            6008 kB
Cached:           822704 kB
SwapCached:          200 kB
Active:          1125616 kB
Inactive:         582832 kB
Active(anon):     705624 kB
Inactive(anon):   179980 kB
Active(file):     419992 kB
Inactive(file):   402852 kB
Unevictable:        3920 kB
Mlocked:               0 kB
SwapTotal:        524284 kB
SwapFree:         514140 kB
Dirty:              1056 kB
Writeback:             0 kB
AnonPages:        883652 kB
Mapped:           584356 kB
Shmem:              1948 kB
Slab:             104308 kB
SReclaimable:      31892 kB
SUnreclaim:        72416 kB
KernelStack:       40912 kB
PageTables:        41520 kB
NFS_Unstable:          0 kB
Bounce:                0 kB
WritebackTmp:          0 kB
CommitLimit:     1815632 kB
Committed_AS:   112952416 kB
VmallocTotal:   251658176 kB
VmallocUsed:      124348 kB
VmallocChunk:   251449252 kB
Time pass: 378 sec

---2015-12-16 17:19:16
MemTotal:        2582696 kB
MemFree:          113260 kB
Buffers:            6008 kB
Cached:           822876 kB
SwapCached:          200 kB
Active:          1133556 kB
Inactive:         583008 kB
Active(anon):     713572 kB
Inactive(anon):   179992 kB
Active(file):     419984 kB
Inactive(file):   403016 kB
Unevictable:        3920 kB
Mlocked:               0 kB
SwapTotal:        524284 kB
SwapFree:         514140 kB
Dirty:              1088 kB
Writeback:             0 kB
AnonPages:        891464 kB
Mapped:           591188 kB
Shmem:              1964 kB
Slab:             104340 kB
SReclaimable:      31904 kB
SUnreclaim:        72436 kB
KernelStack:       41936 kB
PageTables:        42072 kB
NFS_Unstable:          0 kB
Bounce:                0 kB
WritebackTmp:          0 kB
CommitLimit:     1815632 kB
Committed_AS:   114212636 kB
VmallocTotal:   251658176 kB
VmallocUsed:      125368 kB
VmallocChunk:   251449252 kB
Time pass: 382 sec

---2015-12-16 17:19:16
MemTotal:        2582696 kB
MemFree:          124716 kB
Buffers:            6008 kB
Cached:           822876 kB
SwapCached:          200 kB
Active:          1121148 kB
Inactive:         583000 kB
Active(anon):     701156 kB
Inactive(anon):   179992 kB
Active(file):     419992 kB
Inactive(file):   403008 kB
Unevictable:        3920 kB
Mlocked:               0 kB
SwapTotal:        524284 kB
SwapFree:         514140 kB
Dirty:              1052 kB
Writeback:             0 kB
AnonPages:        879152 kB
Mapped:           591152 kB
Shmem:              1964 kB
Slab:             104328 kB
SReclaimable:      31904 kB
SUnreclaim:        72424 kB
KernelStack:       41584 kB
PageTables:        42028 kB
NFS_Unstable:          0 kB
Bounce:                0 kB
WritebackTmp:          0 kB
CommitLimit:     1815632 kB
Committed_AS:   114212512 kB
VmallocTotal:   251658176 kB
VmallocUsed:      125368 kB
VmallocChunk:   251449252 kB
Time pass: 387 sec

---2015-12-16 17:19:16
MemTotal:        2582696 kB
MemFree:          124392 kB
Buffers:            6008 kB
Cached:           822876 kB
SwapCached:          200 kB
Active:          1121444 kB
Inactive:         583000 kB
Active(anon):     701452 kB
Inactive(anon):   179992 kB
Active(file):     419992 kB
Inactive(file):   403008 kB
Unevictable:        3920 kB
Mlocked:               0 kB
SwapTotal:        524284 kB
SwapFree:         514140 kB
Dirty:              1060 kB
Writeback:             0 kB
AnonPages:        879472 kB
Mapped:           591152 kB
Shmem:              1964 kB
Slab:             104332 kB
SReclaimable:      31904 kB
SUnreclaim:        72428 kB
KernelStack:       41616 kB
PageTables:        42024 kB
NFS_Unstable:          0 kB
Bounce:                0 kB
WritebackTmp:          0 kB
CommitLimit:     1815632 kB
Committed_AS:   114212520 kB
VmallocTotal:   251658176 kB
VmallocUsed:      125368 kB
VmallocChunk:   251449252 kB
Time pass: 390 sec

---2015-12-16 17:19:16
MemTotal:        2582696 kB
MemFree:          123664 kB
Buffers:            6008 kB
Cached:           822876 kB
SwapCached:          200 kB
Active:          1122044 kB
Inactive:         583000 kB
Active(anon):     702052 kB
Inactive(anon):   179992 kB
Active(file):     419992 kB
Inactive(file):   403008 kB
Unevictable:        3920 kB
Mlocked:               0 kB
SwapTotal:        524284 kB
SwapFree:         514140 kB
Dirty:              1060 kB
Writeback:             0 kB
AnonPages:        879992 kB
Mapped:           591152 kB
Shmem:              1964 kB
Slab:             104324 kB
SReclaimable:      31904 kB
SUnreclaim:        72420 kB
KernelStack:       41600 kB
PageTables:        42028 kB
NFS_Unstable:          0 kB
Bounce:                0 kB
WritebackTmp:          0 kB
CommitLimit:     1815632 kB
Committed_AS:   114212476 kB
VmallocTotal:   251658176 kB
VmallocUsed:      125368 kB
VmallocChunk:   251449252 kB
Time pass: 394 sec

---2015-12-16 17:19:16
MemTotal:        2582696 kB
MemFree:          132920 kB
Buffers:            6008 kB
Cached:           822876 kB
SwapCached:          200 kB
Active:          1114324 kB
Inactive:         583000 kB
Active(anon):     694332 kB
Inactive(anon):   179992 kB
Active(file):     419992 kB
Inactive(file):   403008 kB
Unevictable:        3920 kB
Mlocked:               0 kB
SwapTotal:        524284 kB
SwapFree:         514140 kB
Dirty:              1060 kB
Writeback:             0 kB
AnonPages:        872328 kB
Mapped:           584424 kB
Shmem:              1964 kB
Slab:             104304 kB
SReclaimable:      31900 kB
SUnreclaim:        72404 kB
KernelStack:       40784 kB
