---2015-12-05 02:13:17
MemTotal:        2905316 kB
MemFree:           62116 kB
Buffers:           26736 kB
Cached:          1409312 kB
SwapCached:            0 kB
Active:          1300752 kB
Inactive:        1046160 kB
Active(anon):     799932 kB
Inactive(anon):   151656 kB
Active(file):     500820 kB
Inactive(file):   894504 kB
Unevictable:        7800 kB
Mlocked:               0 kB
SwapTotal:        720184 kB
SwapFree:         720184 kB
Dirty:               388 kB
Writeback:             0 kB
AnonPages:        919456 kB
Mapped:           537148 kB
Shmem:             32712 kB
Slab:             118856 kB
SReclaimable:      36076 kB
SUnreclaim:        82780 kB
KernelStack:       32976 kB
PageTables:        59496 kB
NFS_Unstable:          0 kB
Bounce:                0 kB
WritebackTmp:          0 kB
CommitLimit:     2172840 kB
Committed_AS:   100479280 kB
VmallocTotal:   251658176 kB
VmallocUsed:      139732 kB
VmallocChunk:   251419692 kB
Time pass: 3 sec

---2015-12-05 02:13:17
MemTotal:        2905316 kB
MemFree:           82004 kB
Buffers:           26780 kB
Cached:          1397524 kB
SwapCached:            0 kB
Active:          1309040 kB
Inactive:        1022424 kB
Active(anon):     793640 kB
Inactive(anon):   153960 kB
Active(file):     515400 kB
Inactive(file):   868464 kB
Unevictable:        7800 kB
Mlocked:               0 kB
SwapTotal:        720184 kB
SwapFree:         720184 kB
Dirty:                20 kB
Writeback:            92 kB
AnonPages:        915076 kB
Mapped:           515680 kB
Shmem:             32640 kB
Slab:             118996 kB
SReclaimable:      36044 kB
SUnreclaim:        82952 kB
KernelStack:       32160 kB
PageTables:        57512 kB
NFS_Unstable:          0 kB
Bounce:                0 kB
WritebackTmp:          0 kB
CommitLimit:     2172840 kB
Committed_AS:   97352436 kB
VmallocTotal:   251658176 kB
VmallocUsed:      138712 kB
VmallocChunk:   251419692 kB
Time pass: 7 sec

---2015-12-05 02:13:17
MemTotal:        2905316 kB
MemFree:           75944 kB
Buffers:           26924 kB
Cached:          1393040 kB
SwapCached:            0 kB
Active:          1320800 kB
Inactive:        1016776 kB
Active(anon):     802812 kB
Inactive(anon):   155240 kB
Active(file):     517988 kB
Inactive(file):   861536 kB
Unevictable:        7800 kB
Mlocked:               0 kB
SwapTotal:        720184 kB
SwapFree:         720184 kB
Dirty:               908 kB
Writeback:             0 kB
AnonPages:        925368 kB
Mapped:           536176 kB
Shmem:             32640 kB
Slab:             119196 kB
SReclaimable:      35904 kB
SUnreclaim:        83292 kB
KernelStack:       33152 kB
PageTables:        57288 kB
NFS_Unstable:          0 kB
Bounce:                0 kB
WritebackTmp:          0 kB
CommitLimit:     2172840 kB
Committed_AS:   94549804 kB
VmallocTotal:   251658176 kB
VmallocUsed:      137692 kB
VmallocChunk:   251419692 kB
Time pass: 11 sec

---2015-12-05 02:13:17
MemTotal:        2905316 kB
MemFree:          110740 kB
Buffers:           26924 kB
Cached:          1394424 kB
SwapCached:            0 kB
Active:          1286552 kB
Inactive:        1017884 kB
Active(anon):     768312 kB
Inactive(anon):   155212 kB
Active(file):     518240 kB
Inactive(file):   862672 kB
Unevictable:        7800 kB
Mlocked:               0 kB
SwapTotal:        720184 kB
SwapFree:         720184 kB
Dirty:                84 kB
Writeback:             0 kB
AnonPages:        890796 kB
Mapped:           516700 kB
Shmem:             32636 kB
Slab:             119120 kB
SReclaimable:      35904 kB
SUnreclaim:        83216 kB
KernelStack:       32576 kB
PageTables:        56316 kB
NFS_Unstable:          0 kB
Bounce:                0 kB
WritebackTmp:          0 kB
CommitLimit:     2172840 kB
Committed_AS:   92039612 kB
VmallocTotal:   251658176 kB
VmallocUsed:      135652 kB
VmallocChunk:   251419692 kB
Time pass: 15 sec

---2015-12-05 02:13:17
MemTotal:        2905316 kB
MemFree:           66328 kB
Buffers:           27036 kB
Cached:          1421720 kB
SwapCached:            0 kB
Active:          1280660 kB
Inactive:        1044352 kB
Active(anon):     759600 kB
Inactive(anon):   157132 kB
Active(file):     521060 kB
Inactive(file):   887220 kB
Unevictable:        7800 kB
Mlocked:               0 kB
SwapTotal:        720184 kB
SwapFree:         720184 kB
Dirty:               132 kB
Writeback:             0 kB
AnonPages:        884204 kB
Mapped:           501812 kB
Shmem:             32508 kB
Slab:             119184 kB
SReclaimable:      36064 kB
SUnreclaim:        83120 kB
KernelStack:       31104 kB
PageTables:        55880 kB
NFS_Unstable:          0 kB
Bounce:                0 kB
WritebackTmp:          0 kB
CommitLimit:     2172840 kB
Committed_AS:   91553068 kB
VmallocTotal:   251658176 kB
VmallocUsed:      135376 kB
VmallocChunk:   251419692 kB
Time pass: 19 sec

---2015-12-05 02:13:17
MemTotal:        2905316 kB
MemFree:           63208 kB
Buffers:           27240 kB
Cached:          1297892 kB
SwapCached:            0 kB
Active:          1303632 kB
Inactive:         929148 kB
Active(anon):     768164 kB
Inactive(anon):   180052 kB
Active(file):     535468 kB
Inactive(file):   749096 kB
Unevictable:        7800 kB
Mlocked:               0 kB
SwapTotal:        720184 kB
SwapFree:         720184 kB
Dirty:               264 kB
Writeback:            20 kB
AnonPages:        915612 kB
Mapped:           575896 kB
Shmem:             32644 kB
Slab:             119044 kB
SReclaimable:      35856 kB
SUnreclaim:        83188 kB
KernelStack:       32208 kB
PageTables:        56592 kB
NFS_Unstable:          0 kB
Bounce:                0 kB
WritebackTmp:          0 kB
CommitLimit:     2172840 kB
Committed_AS:   91604404 kB
VmallocTotal:   251658176 kB
VmallocUsed:      136144 kB
VmallocChunk:   251419692 kB
Time pass: 22 sec

---2015-12-05 02:13:17
MemTotal:        2905316 kB
MemFree:           88948 kB
Buffers:           27176 kB
Cached:          1278984 kB
SwapCached:            0 kB
Active:          1276108 kB
Inactive:         912840 kB
Active(anon):     740764 kB
Inactive(anon):   178652 kB
Active(file):     535344 kB
Inactive(file):   734188 kB
Unevictable:        7800 kB
Mlocked:               0 kB
SwapTotal:        720184 kB
SwapFree:         720184 kB
Dirty:               332 kB
Writeback:             0 kB
AnonPages:        890772 kB
Mapped:           584024 kB
Shmem:             28820 kB
Slab:             118892 kB
SReclaimable:      35912 kB
SUnreclaim:        82980 kB
KernelStack:       31968 kB
PageTables:        56072 kB
NFS_Unstable:          0 kB
Bounce:                0 kB
WritebackTmp:          0 kB
CommitLimit:     2172840 kB
Committed_AS:   90862404 kB
VmallocTotal:   251658176 kB
VmallocUsed:      135296 kB
VmallocChunk:   251419692 kB
Time pass: 26 sec

---2015-12-05 02:13:17
MemTotal:        2905316 kB
MemFree:           91488 kB
Buffers:           27192 kB
Cached:          1278984 kB
SwapCached:            0 kB
Active:          1274064 kB
Inactive:         912840 kB
Active(anon):     738712 kB
Inactive(anon):   178644 kB
Active(file):     535352 kB
Inactive(file):   734196 kB
Unevictable:        7800 kB
Mlocked:               0 kB
SwapTotal:        720184 kB
SwapFree:         720184 kB
Dirty:               152 kB
Writeback:             0 kB
AnonPages:        888696 kB
Mapped:           583968 kB
Shmem:             28812 kB
Slab:             118856 kB
SReclaimable:      35992 kB
SUnreclaim:        82864 kB
KernelStack:       31952 kB
PageTables:        56048 kB
NFS_Unstable:          0 kB
Bounce:                0 kB
WritebackTmp:          0 kB
CommitLimit:     2172840 kB
Committed_AS:   90862388 kB
VmallocTotal:   251658176 kB
VmallocUsed:      135296 kB
VmallocChunk:   251419692 kB
Time pass: 30 sec

---2015-12-05 02:13:17
MemTotal:        2905316 kB
MemFree:           89700 kB
Buffers:           27200 kB
Cached:          1279500 kB
SwapCached:            0 kB
Active:          1275508 kB
Inactive:         913324 kB
Active(anon):     740140 kB
Inactive(anon):   178692 kB
Active(file):     535368 kB
Inactive(file):   734632 kB
Unevictable:        7800 kB
Mlocked:               0 kB
SwapTotal:        720184 kB
SwapFree:         720184 kB
Dirty:                28 kB
Writeback:             0 kB
AnonPages:        889988 kB
Mapped:           584252 kB
Shmem:             28864 kB
Slab:             118848 kB
SReclaimable:      35992 kB
SUnreclaim:        82856 kB
KernelStack:       31952 kB
PageTables:        56120 kB
NFS_Unstable:          0 kB
Bounce:                0 kB
WritebackTmp:          0 kB
CommitLimit:     2172840 kB
Committed_AS:   90889268 kB
VmallocTotal:   251658176 kB
VmallocUsed:      135296 kB
VmallocChunk:   251419692 kB
Time pass: 34 sec

---2015-12-05 02:13:17
MemTotal:        2905316 kB
MemFree:           89236 kB
Buffers:           27208 kB
Cached:          1279532 kB
SwapCached:            0 kB
Active:          1275716 kB
Inactive:         913392 kB
Active(anon):     740340 kB
Inactive(anon):   178704 kB
Active(file):     535376 kB
Inactive(file):   734688 kB
Unevictable:        7800 kB
Mlocked:               0 kB
SwapTotal:        720184 kB
SwapFree:         720184 kB
Dirty:                48 kB
Writeback:             0 kB
AnonPages:        890252 kB
Mapped:           584424 kB
Shmem:             28872 kB
Slab:             118800 kB
SReclaimable:      35992 kB
SUnreclaim:        82808 kB
KernelStack:       31984 kB
PageTables:        56152 kB
NFS_Unstable:          0 kB
Bounce:                0 kB
WritebackTmp:          0 kB
CommitLimit:     2172840 kB
Committed_AS:   90889268 kB
VmallocTotal:   251658176 kB
VmallocUsed:      135296 kB
VmallocChunk:   251419692 kB
Time pass: 37 sec

---2015-12-05 02:13:17
MemTotal:        2905316 kB
MemFree:           87576 kB
Buffers:           28752 kB
Cached:          1279532 kB
SwapCached:            0 kB
Active:          1275748 kB
Inactive:         914936 kB
Active(anon):     740368 kB
Inactive(anon):   178704 kB
Active(file):     535380 kB
Inactive(file):   736232 kB
Unevictable:        7800 kB
Mlocked:               0 kB
SwapTotal:        720184 kB
SwapFree:         720184 kB
Dirty:                52 kB
Writeback:             0 kB
AnonPages:        890420 kB
Mapped:           584532 kB
Shmem:             28872 kB
Slab:             118848 kB
SReclaimable:      35992 kB
SUnreclaim:        82856 kB
KernelStack:       31984 kB
PageTables:        56176 kB
NFS_Unstable:          0 kB
Bounce:                0 kB
WritebackTmp:          0 kB
CommitLimit:     2172840 kB
Committed_AS:   90889256 kB
VmallocTotal:   251658176 kB
VmallocUsed:      136316 kB
VmallocChunk:   251419692 kB
Time pass: 41 sec

---2015-12-05 02:13:17
MemTotal:        2905316 kB
MemFree:           69208 kB
Buffers:           25788 kB
Cached:          1218804 kB
SwapCached:            0 kB
Active:          1286900 kB
Inactive:         857400 kB
Active(anon):     749028 kB
Inactive(anon):   187408 kB
Active(file):     537872 kB
Inactive(file):   669992 kB
Unevictable:        7800 kB
Mlocked:               0 kB
SwapTotal:        720184 kB
SwapFree:         720184 kB
Dirty:               392 kB
Writeback:             0 kB
AnonPages:        907800 kB
Mapped:           596136 kB
Shmem:             28876 kB
Slab:             116040 kB
SReclaimable:      33180 kB
SUnreclaim:        82860 kB
KernelStack:       32016 kB
PageTables:        56464 kB
NFS_Unstable:          0 kB
Bounce:                0 kB
WritebackTmp:          0 kB
CommitLimit:     2172840 kB
Committed_AS:   90918400 kB
VmallocTotal:   251658176 kB
VmallocUsed:      136572 kB
VmallocChunk:   251419692 kB
Time pass: 45 sec

---2015-12-05 02:13:17
MemTotal:        2905316 kB
MemFree:           69996 kB
Buffers:           25788 kB
Cached:          1206376 kB
SwapCached:            0 kB
Active:          1289028 kB
Inactive:         846020 kB
Active(anon):     750872 kB
Inactive(anon):   188688 kB
Active(file):     538156 kB
Inactive(file):   657332 kB
Unevictable:        7800 kB
Mlocked:               0 kB
SwapTotal:        720184 kB
SwapFree:         720184 kB
Dirty:                12 kB
Writeback:             0 kB
AnonPages:        910856 kB
Mapped:           601672 kB
Shmem:             28876 kB
Slab:             118668 kB
SReclaimable:      35820 kB
SUnreclaim:        82848 kB
KernelStack:       32016 kB
PageTables:        56560 kB
NFS_Unstable:          0 kB
Bounce:                0 kB
WritebackTmp:          0 kB
CommitLimit:     2172840 kB
Committed_AS:   90930184 kB
VmallocTotal:   251658176 kB
VmallocUsed:      136620 kB
VmallocChunk:   251419692 kB
Time pass: 48 sec

---2015-12-05 02:13:17
MemTotal:        2905316 kB
MemFree:           67752 kB
Buffers:           25788 kB
Cached:          1206476 kB
SwapCached:            0 kB
Active:          1291132 kB
Inactive:         846104 kB
Active(anon):     752956 kB
Inactive(anon):   188688 kB
Active(file):     538176 kB
Inactive(file):   657416 kB
Unevictable:        7800 kB
Mlocked:               0 kB
SwapTotal:        720184 kB
SwapFree:         720184 kB
Dirty:                12 kB
Writeback:             0 kB
AnonPages:        912684 kB
Mapped:           604804 kB
Shmem:             28876 kB
Slab:             118752 kB
SReclaimable:      35900 kB
SUnreclaim:        82852 kB
KernelStack:       32048 kB
PageTables:        56416 kB
NFS_Unstable:          0 kB
Bounce:                0 kB
WritebackTmp:          0 kB
CommitLimit:     2172840 kB
Committed_AS:   90930440 kB
VmallocTotal:   251658176 kB
VmallocUsed:      136644 kB
VmallocChunk:   251419692 kB
Time pass: 52 sec

---2015-12-05 02:13:17
MemTotal:        2905316 kB
MemFree:           76184 kB
Buffers:           25804 kB
Cached:          1201676 kB
SwapCached:            0 kB
Active:          1292952 kB
Inactive:         842632 kB
Active(anon):     754772 kB
Inactive(anon):   189968 kB
Active(file):     538180 kB
Inactive(file):   652664 kB
Unevictable:        7800 kB
Mlocked:               0 kB
SwapTotal:        720184 kB
SwapFree:         720184 kB
Dirty:               112 kB
Writeback:             0 kB
AnonPages:        916016 kB
Mapped:           608672 kB
Shmem:             28880 kB
Slab:             118844 kB
SReclaimable:      35900 kB
SUnreclaim:        82944 kB
KernelStack:       32016 kB
PageTables:        56416 kB
NFS_Unstable:          0 kB
Bounce:                0 kB
WritebackTmp:          0 kB
CommitLimit:     2172840 kB
Committed_AS:   90930684 kB
VmallocTotal:   251658176 kB
VmallocUsed:      136572 kB
VmallocChunk:   251419692 kB
Time pass: 56 sec

---2015-12-05 02:13:17
MemTotal:        2905316 kB
MemFree:           70924 kB
Buffers:           25564 kB
Cached:          1147124 kB
SwapCached:            0 kB
Active:          1304212 kB
Inactive:         784524 kB
Active(anon):     760104 kB
Inactive(anon):   192660 kB
Active(file):     544108 kB
Inactive(file):   591864 kB
Unevictable:        7800 kB
Mlocked:               0 kB
SwapTotal:        720184 kB
SwapFree:         720184 kB
Dirty:               992 kB
Writeback:             0 kB
AnonPages:        924084 kB
Mapped:           658984 kB
Shmem:             28880 kB
Slab:             118624 kB
SReclaimable:      35804 kB
SUnreclaim:        82820 kB
KernelStack:       32176 kB
PageTables:        56596 kB
NFS_Unstable:          0 kB
Bounce:                0 kB
WritebackTmp:          0 kB
CommitLimit:     2172840 kB
Committed_AS:   90941376 kB
VmallocTotal:   251658176 kB
VmallocUsed:      137044 kB
VmallocChunk:   251419692 kB
Time pass: 59 sec

---2015-12-05 02:13:17
MemTotal:        2905316 kB
MemFree:           66500 kB
Buffers:           25500 kB
Cached:          1143056 kB
SwapCached:            0 kB
Active:          1312800 kB
Inactive:         775908 kB
Active(anon):     763676 kB
Inactive(anon):   193228 kB
Active(file):     549124 kB
Inactive(file):   582680 kB
Unevictable:        7800 kB
Mlocked:               0 kB
SwapTotal:        720184 kB
SwapFree:         720184 kB
Dirty:               176 kB
Writeback:             4 kB
AnonPages:        928060 kB
Mapped:           658112 kB
Shmem:             28940 kB
Slab:             118652 kB
SReclaimable:      35724 kB
SUnreclaim:        82928 kB
KernelStack:       32224 kB
PageTables:        56664 kB
NFS_Unstable:          0 kB
Bounce:                0 kB
WritebackTmp:          0 kB
CommitLimit:     2172840 kB
Committed_AS:   90968020 kB
VmallocTotal:   251658176 kB
VmallocUsed:      137072 kB
VmallocChunk:   251419692 kB
Time pass: 63 sec

---2015-12-05 02:13:17
MemTotal:        2905316 kB
MemFree:           66516 kB
Buffers:           25500 kB
Cached:          1143424 kB
SwapCached:            0 kB
Active:          1313016 kB
Inactive:         776276 kB
Active(anon):     763880 kB
Inactive(anon):   193228 kB
Active(file):     549136 kB
Inactive(file):   583048 kB
Unevictable:        7800 kB
Mlocked:               0 kB
SwapTotal:        720184 kB
SwapFree:         720184 kB
Dirty:                12 kB
Writeback:             0 kB
AnonPages:        928176 kB
Mapped:           658216 kB
Shmem:             28940 kB
Slab:             118796 kB
SReclaimable:      35852 kB
SUnreclaim:        82944 kB
KernelStack:       32112 kB
PageTables:        56664 kB
NFS_Unstable:          0 kB
Bounce:                0 kB
WritebackTmp:          0 kB
CommitLimit:     2172840 kB
Committed_AS:   90968060 kB
VmallocTotal:   251658176 kB
VmallocUsed:      137072 kB
VmallocChunk:   251419692 kB
Time pass: 67 sec

---2015-12-05 02:13:17
MemTotal:        2905316 kB
MemFree:           73632 kB
Buffers:           23596 kB
Cached:          1110844 kB
SwapCached:            0 kB
Active:          1315452 kB
Inactive:         741080 kB
Active(anon):     768928 kB
Inactive(anon):   194504 kB
Active(file):     546524 kB
Inactive(file):   546576 kB
Unevictable:       12388 kB
Mlocked:               0 kB
SwapTotal:        720184 kB
SwapFree:         720184 kB
Dirty:               576 kB
Writeback:             0 kB
AnonPages:        934532 kB
Mapped:           671568 kB
Shmem:             28940 kB
Slab:             119128 kB
SReclaimable:      36024 kB
SUnreclaim:        83104 kB
KernelStack:       32096 kB
PageTables:        56628 kB
NFS_Unstable:          0 kB
Bounce:                0 kB
WritebackTmp:          0 kB
CommitLimit:     2172840 kB
Committed_AS:   90969724 kB
VmallocTotal:   251658176 kB
VmallocUsed:      137260 kB
VmallocChunk:   251419692 kB
Time pass: 71 sec

---2015-12-05 02:13:17
MemTotal:        2905316 kB
MemFree:           68164 kB
Buffers:           24312 kB
Cached:          1106864 kB
SwapCached:            0 kB
Active:          1323460 kB
Inactive:         738860 kB
Active(anon):     778368 kB
Inactive(anon):   194488 kB
Active(file):     545092 kB
Inactive(file):   544372 kB
Unevictable:       12744 kB
Mlocked:               0 kB
SwapTotal:        720184 kB
SwapFree:         720156 kB
Dirty:               328 kB
Writeback:             0 kB
AnonPages:        943736 kB
Mapped:           676248 kB
Shmem:             28940 kB
Slab:             119096 kB
SReclaimable:      36072 kB
SUnreclaim:        83024 kB
KernelStack:       32208 kB
PageTables:        56588 kB
NFS_Unstable:          0 kB
Bounce:                0 kB
WritebackTmp:          0 kB
CommitLimit:     2172840 kB
Committed_AS:   90980236 kB
VmallocTotal:   251658176 kB
VmallocUsed:      137272 kB
VmallocChunk:   251419692 kB
Time pass: 74 sec

---2015-12-05 02:13:17
MemTotal:        2905316 kB
MemFree:           65264 kB
Buffers:           24336 kB
Cached:          1094572 kB
SwapCached:            0 kB
Active:          1327964 kB
Inactive:         736396 kB
Active(anon):     789756 kB
Inactive(anon):   197616 kB
Active(file):     538208 kB
Inactive(file):   538780 kB
Unevictable:       12768 kB
Mlocked:               0 kB
SwapTotal:        720184 kB
SwapFree:         720156 kB
Dirty:                 8 kB
Writeback:             0 kB
AnonPages:        958140 kB
Mapped:           677780 kB
Shmem:             29044 kB
Slab:             119476 kB
SReclaimable:      36184 kB
SUnreclaim:        83292 kB
KernelStack:       32480 kB
PageTables:        56864 kB
NFS_Unstable:          0 kB
Bounce:                0 kB
WritebackTmp:          0 kB
CommitLimit:     2172840 kB
Committed_AS:   91024244 kB
VmallocTotal:   251658176 kB
VmallocUsed:      139720 kB
VmallocChunk:   251419692 kB
Time pass: 78 sec

---2015-12-05 02:13:17
MemTotal:        2905316 kB
MemFree:           73772 kB
Buffers:           24044 kB
Cached:          1053468 kB
SwapCached:            0 kB
Active:          1309384 kB
Inactive:         715900 kB
Active(anon):     791600 kB
Inactive(anon):   198092 kB
Active(file):     517784 kB
Inactive(file):   517808 kB
Unevictable:       12768 kB
Mlocked:               0 kB
SwapTotal:        720184 kB
SwapFree:         720156 kB
Dirty:               156 kB
Writeback:             0 kB
AnonPages:        960672 kB
Mapped:           673048 kB
Shmem:             29168 kB
Slab:             119280 kB
SReclaimable:      36072 kB
SUnreclaim:        83208 kB
KernelStack:       32464 kB
PageTables:        57008 kB
NFS_Unstable:          0 kB
Bounce:                0 kB
WritebackTmp:          0 kB
CommitLimit:     2172840 kB
Committed_AS:   91026576 kB
VmallocTotal:   251658176 kB
VmallocUsed:      139720 kB
VmallocChunk:   251419692 kB
Time pass: 82 sec

---2015-12-05 02:13:17
MemTotal:        2905316 kB
MemFree:           72344 kB
Buffers:           24052 kB
Cached:          1053636 kB
SwapCached:            0 kB
Active:          1311264 kB
Inactive:         716036 kB
Active(anon):     793460 kB
Inactive(anon):   198168 kB
Active(file):     517804 kB
Inactive(file):   517868 kB
Unevictable:       12768 kB
Mlocked:               0 kB
SwapTotal:        720184 kB
SwapFree:         720156 kB
Dirty:                80 kB
Writeback:             0 kB
AnonPages:        962340 kB
Mapped:           673316 kB
Shmem:             29244 kB
Slab:             119340 kB
SReclaimable:      36152 kB
SUnreclaim:        83188 kB
KernelStack:       32464 kB
PageTables:        57024 kB
NFS_Unstable:          0 kB
Bounce:                0 kB
WritebackTmp:          0 kB
CommitLimit:     2172840 kB
Committed_AS:   91029392 kB
VmallocTotal:   251658176 kB
VmallocUsed:      139720 kB
VmallocChunk:   251419692 kB
Time pass: 85 sec

---2015-12-05 02:13:17
MemTotal:        2905316 kB
MemFree:           71284 kB
Buffers:           24068 kB
Cached:          1053848 kB
SwapCached:            0 kB
Active:          1312048 kB
Inactive:         716252 kB
Active(anon):     794228 kB
Inactive(anon):   198336 kB
Active(file):     517820 kB
Inactive(file):   517916 kB
Unevictable:       12768 kB
Mlocked:               0 kB
SwapTotal:        720184 kB
SwapFree:         720156 kB
Dirty:               100 kB
Writeback:             0 kB
AnonPages:        963128 kB
Mapped:           673508 kB
Shmem:             29412 kB
Slab:             119380 kB
SReclaimable:      36168 kB
SUnreclaim:        83212 kB
KernelStack:       32432 kB
PageTables:        57028 kB
NFS_Unstable:          0 kB
Bounce:                0 kB
WritebackTmp:          0 kB
CommitLimit:     2172840 kB
Committed_AS:   91029868 kB
VmallocTotal:   251658176 kB
VmallocUsed:      139720 kB
VmallocChunk:   251419692 kB
Time pass: 89 sec

---2015-12-05 02:13:17
MemTotal:        2905316 kB
MemFree:           69388 kB
Buffers:           24076 kB
Cached:          1053984 kB
SwapCached:            0 kB
Active:          1312960 kB
Inactive:         716368 kB
Active(anon):     795112 kB
Inactive(anon):   198464 kB
Active(file):     517848 kB
Inactive(file):   517904 kB
Unevictable:       12768 kB
Mlocked:               0 kB
SwapTotal:        720184 kB
SwapFree:         720156 kB
Dirty:               116 kB
Writeback:             0 kB
AnonPages:        964124 kB
Mapped:           673644 kB
Shmem:             29540 kB
Slab:             119384 kB
SReclaimable:      36168 kB
SUnreclaim:        83216 kB
KernelStack:       32464 kB
PageTables:        57084 kB
NFS_Unstable:          0 kB
Bounce:                0 kB
WritebackTmp:          0 kB
CommitLimit:     2172840 kB
Committed_AS:   91056492 kB
VmallocTotal:   251658176 kB
VmallocUsed:      139720 kB
VmallocChunk:   251419692 kB
Time pass: 93 sec

---2015-12-05 02:13:17
MemTotal:        2905316 kB
MemFree:           67816 kB
Buffers:           24092 kB
Cached:          1054080 kB
SwapCached:            0 kB
Active:          1314868 kB
Inactive:         716444 kB
Active(anon):     796988 kB
Inactive(anon):   198460 kB
Active(file):     517880 kB
Inactive(file):   517984 kB
Unevictable:       12768 kB
Mlocked:               0 kB
SwapTotal:        720184 kB
SwapFree:         720156 kB
Dirty:               164 kB
Writeback:             0 kB
AnonPages:        966012 kB
Mapped:           673652 kB
Shmem:             29540 kB
Slab:             119720 kB
SReclaimable:      36168 kB
SUnreclaim:        83552 kB
KernelStack:       32464 kB
PageTables:        57072 kB
NFS_Unstable:          0 kB
Bounce:                0 kB
WritebackTmp:          0 kB
CommitLimit:     2172840 kB
Committed_AS:   91056504 kB
VmallocTotal:   251658176 kB
VmallocUsed:      139720 kB
VmallocChunk:   251419692 kB
Time pass: 96 sec

---2015-12-05 02:13:17
MemTotal:        2905316 kB
MemFree:           63616 kB
Buffers:           24092 kB
Cached:          1054132 kB
SwapCached:            0 kB
Active:          1319324 kB
Inactive:         716468 kB
Active(anon):     801416 kB
Inactive(anon):   198472 kB
Active(file):     517908 kB
Inactive(file):   517996 kB
Unevictable:       12768 kB
Mlocked:               0 kB
SwapTotal:        720184 kB
SwapFree:         720156 kB
Dirty:                20 kB
Writeback:             0 kB
AnonPages:        970520 kB
Mapped:           673668 kB
Shmem:             29552 kB
Slab:             119608 kB
SReclaimable:      36168 kB
SUnreclaim:        83440 kB
KernelStack:       32464 kB
PageTables:        57084 kB
NFS_Unstable:          0 kB
Bounce:                0 kB
WritebackTmp:          0 kB
CommitLimit:     2172840 kB
Committed_AS:   91063384 kB
VmallocTotal:   251658176 kB
VmallocUsed:      139720 kB
VmallocChunk:   251419692 kB
Time pass: 100 sec

---2015-12-05 02:13:17
MemTotal:        2905316 kB
MemFree:          359552 kB
Buffers:           24136 kB
Cached:          1050696 kB
SwapCached:            0 kB
Active:          1216792 kB
Inactive:         715992 kB
Active(anon):     701872 kB
Inactive(anon):   199956 kB
Active(file):     514920 kB
Inactive(file):   516036 kB
Unevictable:       12768 kB
Mlocked:               0 kB
SwapTotal:        720184 kB
SwapFree:         720156 kB
Dirty:               464 kB
Writeback:            76 kB
AnonPages:        870564 kB
Mapped:           473572 kB
Shmem:             31036 kB
Slab:             119160 kB
SReclaimable:      36040 kB
SUnreclaim:        83120 kB
KernelStack:       30544 kB
PageTables:        54252 kB
NFS_Unstable:          0 kB
Bounce:                0 kB
WritebackTmp:          0 kB
CommitLimit:     2172840 kB
Committed_AS:   89425260 kB
VmallocTotal:   251658176 kB
VmallocUsed:      136028 kB
VmallocChunk:   251419692 kB
Time pass: 104 sec

---2015-12-05 02:13:17
MemTotal:        2905316 kB
MemFree:          230176 kB
Buffers:           24496 kB
Cached:          1054704 kB
SwapCached:            0 kB
Active:          1309696 kB
Inactive:         716464 kB
Active(anon):     791128 kB
Inactive(anon):   200240 kB
Active(file):     518568 kB
Inactive(file):   516224 kB
Unevictable:       12768 kB
Mlocked:               0 kB
SwapTotal:        720184 kB
SwapFree:         720156 kB
Dirty:               316 kB
Writeback:             0 kB
AnonPages:        960368 kB
Mapped:           570024 kB
Shmem:             31492 kB
Slab:             119656 kB
SReclaimable:      36040 kB
SUnreclaim:        83616 kB
KernelStack:       33792 kB
PageTables:        57216 kB
NFS_Unstable:          0 kB
Bounce:                0 kB
WritebackTmp:          0 kB
CommitLimit:     2172840 kB
Committed_AS:   92777584 kB
VmallocTotal:   251658176 kB
VmallocUsed:      155160 kB
VmallocChunk:   251404136 kB
Time pass: 107 sec

---2015-12-05 02:13:17
MemTotal:        2905316 kB
MemFree:          206316 kB
Buffers:           25840 kB
Cached:          1056944 kB
SwapCached:            0 kB
Active:          1289172 kB
Inactive:         719636 kB
Active(anon):     770052 kB
Inactive(anon):   200148 kB
Active(file):     519120 kB
Inactive(file):   519488 kB
Unevictable:       12768 kB
Mlocked:               0 kB
SwapTotal:        720184 kB
SwapFree:         720156 kB
Dirty:              1652 kB
Writeback:             0 kB
AnonPages:        938780 kB
Mapped:           608820 kB
Shmem:             31404 kB
Slab:             119788 kB
SReclaimable:      36136 kB
SUnreclaim:        83652 kB
KernelStack:       33584 kB
PageTables:        56724 kB
NFS_Unstable:          0 kB
Bounce:                0 kB
WritebackTmp:          0 kB
CommitLimit:     2172840 kB
Committed_AS:   92049612 kB
VmallocTotal:   251658176 kB
VmallocUsed:      138956 kB
VmallocChunk:   251419692 kB
Time pass: 111 sec

---2015-12-05 02:13:17
MemTotal:        2905316 kB
MemFree:          127796 kB
Buffers:           25852 kB
Cached:          1057980 kB
SwapCached:            0 kB
Active:          1298956 kB
Inactive:         719368 kB
Active(anon):     778516 kB
Inactive(anon):   200148 kB
Active(file):     520440 kB
Inactive(file):   519220 kB
Unevictable:       12768 kB
Mlocked:               0 kB
SwapTotal:        720184 kB
SwapFree:         720156 kB
Dirty:              1452 kB
Writeback:             0 kB
AnonPages:        947208 kB
Mapped:           659368 kB
Shmem:             31404 kB
Slab:             119832 kB
SReclaimable:      36136 kB
SUnreclaim:        83696 kB
KernelStack:       33664 kB
PageTables:        56956 kB
NFS_Unstable:          0 kB
Bounce:                0 kB
WritebackTmp:          0 kB
CommitLimit:     2172840 kB
Committed_AS:   92061000 kB
VmallocTotal:   251658176 kB
VmallocUsed:      139492 kB
VmallocChunk:   251419692 kB
Time pass: 115 sec

---2015-12-05 02:13:17
MemTotal:        2905316 kB
MemFree:          106444 kB
Buffers:           25860 kB
Cached:          1058164 kB
SwapCached:            0 kB
Active:          1303320 kB
Inactive:         719292 kB
Active(anon):     782628 kB
Inactive(anon):   200148 kB
Active(file):     520692 kB
Inactive(file):   519144 kB
Unevictable:       12768 kB
Mlocked:               0 kB
SwapTotal:        720184 kB
SwapFree:         720156 kB
Dirty:               248 kB
Writeback:           112 kB
AnonPages:        951332 kB
Mapped:           670440 kB
Shmem:             31404 kB
Slab:             119744 kB
SReclaimable:      36104 kB
SUnreclaim:        83640 kB
KernelStack:       33712 kB
PageTables:        57036 kB
NFS_Unstable:          0 kB
Bounce:                0 kB
WritebackTmp:          0 kB
CommitLimit:     2172840 kB
Committed_AS:   92063320 kB
VmallocTotal:   251658176 kB
VmallocUsed:      137200 kB
VmallocChunk:   251419692 kB
Time pass: 119 sec

---2015-12-05 02:13:17
MemTotal:        2905316 kB
MemFree:           79604 kB
Buffers:           25904 kB
Cached:          1062184 kB
SwapCached:            0 kB
Active:          1322464 kB
Inactive:         723268 kB
Active(anon):     801724 kB
Inactive(anon):   200208 kB
Active(file):     520740 kB
Inactive(file):   523060 kB
Unevictable:       12768 kB
Mlocked:               0 kB
SwapTotal:        720184 kB
SwapFree:         720156 kB
Dirty:               260 kB
Writeback:           204 kB
AnonPages:        970996 kB
Mapped:           674200 kB
Shmem:             31460 kB
Slab:             119704 kB
SReclaimable:      36104 kB
SUnreclaim:        83600 kB
KernelStack:       33776 kB
PageTables:        57104 kB
NFS_Unstable:          0 kB
Bounce:                0 kB
WritebackTmp:          0 kB
CommitLimit:     2172840 kB
Committed_AS:   92095372 kB
VmallocTotal:   251658176 kB
VmallocUsed:      137460 kB
VmallocChunk:   251419692 kB
Time pass: 122 sec

---2015-12-05 02:13:17
MemTotal:        2905316 kB
MemFree:           75964 kB
Buffers:           25876 kB
Cached:          1055768 kB
SwapCached:            0 kB
Active:          1312500 kB
Inactive:         718904 kB
Active(anon):     793940 kB
Inactive(anon):   200052 kB
Active(file):     518560 kB
Inactive(file):   518852 kB
Unevictable:       12768 kB
Mlocked:               0 kB
SwapTotal:        720184 kB
SwapFree:         720156 kB
Dirty:               588 kB
Writeback:             0 kB
AnonPages:        962684 kB
Mapped:           684400 kB
Shmem:             31464 kB
Slab:             119744 kB
SReclaimable:      36072 kB
SUnreclaim:        83672 kB
KernelStack:       33904 kB
PageTables:        57076 kB
NFS_Unstable:          0 kB
Bounce:                0 kB
WritebackTmp:          0 kB
CommitLimit:     2172840 kB
Committed_AS:   92096076 kB
VmallocTotal:   251658176 kB
VmallocUsed:      137372 kB
VmallocChunk:   251419692 kB
Time pass: 126 sec

---2015-12-05 02:13:17
MemTotal:        2905316 kB
MemFree:           75624 kB
Buffers:           25892 kB
Cached:          1055776 kB
SwapCached:            0 kB
Active:          1312596 kB
Inactive:         718920 kB
Active(anon):     794036 kB
Inactive(anon):   200052 kB
Active(file):     518560 kB
Inactive(file):   518868 kB
Unevictable:       12768 kB
Mlocked:               0 kB
SwapTotal:        720184 kB
SwapFree:         720156 kB
Dirty:               112 kB
Writeback:             0 kB
AnonPages:        962728 kB
Mapped:           684404 kB
Shmem:             31464 kB
Slab:             119744 kB
SReclaimable:      36072 kB
SUnreclaim:        83672 kB
KernelStack:       33904 kB
PageTables:        57088 kB
NFS_Unstable:          0 kB
Bounce:                0 kB
WritebackTmp:          0 kB
CommitLimit:     2172840 kB
Committed_AS:   92096212 kB
VmallocTotal:   251658176 kB
VmallocUsed:      137372 kB
VmallocChunk:   251419692 kB
Time pass: 130 sec

---2015-12-05 02:13:17
MemTotal:        2905316 kB
MemFree:           73356 kB
Buffers:           25892 kB
Cached:          1055776 kB
SwapCached:            0 kB
Active:          1312880 kB
Inactive:         718924 kB
Active(anon):     794316 kB
Inactive(anon):   200052 kB
Active(file):     518564 kB
Inactive(file):   518872 kB
Unevictable:       12768 kB
Mlocked:               0 kB
SwapTotal:        720184 kB
SwapFree:         720156 kB
Dirty:                 4 kB
Writeback:             0 kB
AnonPages:        962940 kB
Mapped:           684412 kB
Shmem:             31464 kB
Slab:             119820 kB
SReclaimable:      36072 kB
SUnreclaim:        83748 kB
KernelStack:       33888 kB
PageTables:        57084 kB
NFS_Unstable:          0 kB
Bounce:                0 kB
WritebackTmp:          0 kB
CommitLimit:     2172840 kB
Committed_AS:   92096540 kB
VmallocTotal:   251658176 kB
VmallocUsed:      137384 kB
VmallocChunk:   251419692 kB
Time pass: 133 sec

---2015-12-05 02:13:17
MemTotal:        2905316 kB
MemFree:           66964 kB
Buffers:           25828 kB
Cached:          1048436 kB
SwapCached:            0 kB
Active:          1323128 kB
Inactive:         714296 kB
Active(anon):     807344 kB
Inactive(anon):   200168 kB
Active(file):     515784 kB
Inactive(file):   514128 kB
Unevictable:       12768 kB
Mlocked:               0 kB
SwapTotal:        720184 kB
SwapFree:         720156 kB
Dirty:               184 kB
Writeback:             0 kB
AnonPages:        976088 kB
Mapped:           688780 kB
Shmem:             31584 kB
Slab:             120000 kB
SReclaimable:      36072 kB
SUnreclaim:        83928 kB
KernelStack:       34272 kB
PageTables:        57332 kB
NFS_Unstable:          0 kB
Bounce:                0 kB
WritebackTmp:          0 kB
CommitLimit:     2172840 kB
Committed_AS:   92137748 kB
VmallocTotal:   251658176 kB
VmallocUsed:      139832 kB
VmallocChunk:   251419692 kB
Time pass: 137 sec

---2015-12-05 02:13:17
MemTotal:        2905316 kB
MemFree:           66032 kB
Buffers:           25828 kB
Cached:          1048288 kB
SwapCached:            0 kB
Active:          1324428 kB
Inactive:         715024 kB
Active(anon):     808964 kB
Inactive(anon):   200832 kB
Active(file):     515464 kB
Inactive(file):   514192 kB
Unevictable:       12768 kB
Mlocked:               0 kB
SwapTotal:        720184 kB
SwapFree:         720156 kB
Dirty:                32 kB
Writeback:             0 kB
AnonPages:        978108 kB
Mapped:           689368 kB
Shmem:             31688 kB
Slab:             119792 kB
SReclaimable:      35944 kB
SUnreclaim:        83848 kB
KernelStack:       34256 kB
PageTables:        57384 kB
NFS_Unstable:          0 kB
Bounce:                0 kB
WritebackTmp:          0 kB
CommitLimit:     2172840 kB
Committed_AS:   92141332 kB
VmallocTotal:   251658176 kB
VmallocUsed:      139832 kB
VmallocChunk:   251419692 kB
Time pass: 141 sec

---2015-12-05 02:13:17
MemTotal:        2905316 kB
MemFree:           63960 kB
Buffers:           25844 kB
Cached:          1048496 kB
SwapCached:            0 kB
Active:          1325276 kB
Inactive:         715248 kB
Active(anon):     809808 kB
Inactive(anon):   201032 kB
Active(file):     515468 kB
Inactive(file):   514216 kB
Unevictable:       12768 kB
Mlocked:               0 kB
SwapTotal:        720184 kB
SwapFree:         720156 kB
Dirty:                88 kB
Writeback:             0 kB
AnonPages:        978916 kB
Mapped:           689880 kB
Shmem:             31888 kB
Slab:             119788 kB
SReclaimable:      35944 kB
SUnreclaim:        83844 kB
KernelStack:       34288 kB
PageTables:        57408 kB
NFS_Unstable:          0 kB
Bounce:                0 kB
WritebackTmp:          0 kB
CommitLimit:     2172840 kB
Committed_AS:   92142272 kB
VmallocTotal:   251658176 kB
VmallocUsed:      139832 kB
VmallocChunk:   251419692 kB
Time pass: 145 sec

---2015-12-05 02:13:17
MemTotal:        2905316 kB
MemFree:           70756 kB
Buffers:           25844 kB
Cached:          1041352 kB
SwapCached:            0 kB
Active:          1321416 kB
Inactive:         713984 kB
Active(anon):     810376 kB
Inactive(anon):   202788 kB
Active(file):     511040 kB
Inactive(file):   511196 kB
Unevictable:       12768 kB
Mlocked:               0 kB
SwapTotal:        720184 kB
SwapFree:         720156 kB
Dirty:                 8 kB
Writeback:             0 kB
AnonPages:        981036 kB
Mapped:           688660 kB
Shmem:             32204 kB
Slab:             119820 kB
SReclaimable:      35944 kB
SUnreclaim:        83876 kB
KernelStack:       34304 kB
PageTables:        57436 kB
NFS_Unstable:          0 kB
Bounce:                0 kB
WritebackTmp:          0 kB
CommitLimit:     2172840 kB
Committed_AS:   92143592 kB
VmallocTotal:   251658176 kB
VmallocUsed:      139832 kB
VmallocChunk:   251419692 kB
Time pass: 149 sec

---2015-12-05 02:13:17
MemTotal:        2905316 kB
MemFree:           73780 kB
Buffers:           25852 kB
Cached:          1041324 kB
SwapCached:            0 kB
Active:          1320804 kB
Inactive:         714028 kB
Active(anon):     809804 kB
Inactive(anon):   202480 kB
Active(file):     511000 kB
Inactive(file):   511548 kB
Unevictable:       12768 kB
Mlocked:               0 kB
SwapTotal:        720184 kB
SwapFree:         720156 kB
Dirty:                64 kB
Writeback:             0 kB
AnonPages:        980328 kB
Mapped:           688452 kB
Shmem:             31824 kB
Slab:             116596 kB
SReclaimable:      35880 kB
SUnreclaim:        80716 kB
KernelStack:       34272 kB
PageTables:        57088 kB
NFS_Unstable:          0 kB
Bounce:                0 kB
WritebackTmp:          0 kB
CommitLimit:     2172840 kB
Committed_AS:   91953140 kB
VmallocTotal:   251658176 kB
VmallocUsed:      139832 kB
VmallocChunk:   251419692 kB
Time pass: 152 sec

---2015-12-05 02:13:17
MemTotal:        2905316 kB
MemFree:           64792 kB
Buffers:           25892 kB
Cached:          1040644 kB
SwapCached:            0 kB
Active:          1326676 kB
Inactive:         713204 kB
Active(anon):     815452 kB
Inactive(anon):   201704 kB
Active(file):     511224 kB
Inactive(file):   511500 kB
Unevictable:       12768 kB
Mlocked:               0 kB
SwapTotal:        720184 kB
SwapFree:         720156 kB
Dirty:               240 kB
Writeback:             4 kB
AnonPages:        986336 kB
Mapped:           689104 kB
Shmem:             31044 kB
Slab:             116548 kB
SReclaimable:      35880 kB
SUnreclaim:        80668 kB
KernelStack:       34208 kB
PageTables:        56892 kB
NFS_Unstable:          0 kB
Bounce:                0 kB
WritebackTmp:          0 kB
CommitLimit:     2172840 kB
Committed_AS:   91958020 kB
VmallocTotal:   251658176 kB
VmallocUsed:      139832 kB
VmallocChunk:   251419692 kB
Time pass: 156 sec

---2015-12-05 02:13:17
MemTotal:        2905316 kB
MemFree:           68720 kB
Buffers:           25804 kB
Cached:          1033160 kB
SwapCached:            0 kB
Active:          1324616 kB
Inactive:         711000 kB
Active(anon):     817244 kB
Inactive(anon):   203412 kB
Active(file):     507372 kB
Inactive(file):   507588 kB
Unevictable:       12768 kB
Mlocked:               0 kB
SwapTotal:        720184 kB
SwapFree:         720156 kB
Dirty:               136 kB
Writeback:             0 kB
AnonPages:        989588 kB
Mapped:           689508 kB
Shmem:             31236 kB
Slab:             116524 kB
SReclaimable:      35864 kB
SUnreclaim:        80660 kB
KernelStack:       34256 kB
PageTables:        57092 kB
NFS_Unstable:          0 kB
Bounce:                0 kB
WritebackTmp:          0 kB
CommitLimit:     2172840 kB
Committed_AS:   91964308 kB
VmallocTotal:   251658176 kB
VmallocUsed:      139832 kB
VmallocChunk:   251419692 kB
Time pass: 160 sec

---2015-12-05 02:13:17
MemTotal:        2905316 kB
MemFree:           66516 kB
Buffers:           25812 kB
Cached:          1033280 kB
SwapCached:            0 kB
Active:          1326936 kB
Inactive:         711128 kB
Active(anon):     819548 kB
Inactive(anon):   203496 kB
Active(file):     507388 kB
Inactive(file):   507632 kB
Unevictable:       12768 kB
Mlocked:               0 kB
SwapTotal:        720184 kB
SwapFree:         720156 kB
Dirty:               112 kB
Writeback:             0 kB
AnonPages:        991620 kB
Mapped:           689592 kB
Shmem:             31304 kB
Slab:             116560 kB
SReclaimable:      35864 kB
SUnreclaim:        80696 kB
KernelStack:       34288 kB
PageTables:        57096 kB
NFS_Unstable:          0 kB
Bounce:                0 kB
WritebackTmp:          0 kB
CommitLimit:     2172840 kB
Committed_AS:   91964252 kB
VmallocTotal:   251658176 kB
VmallocUsed:      139832 kB
VmallocChunk:   251419692 kB
Time pass: 164 sec

---2015-12-05 02:13:17
MemTotal:        2905316 kB
MemFree:           66112 kB
Buffers:           25828 kB
Cached:          1033348 kB
SwapCached:            0 kB
Active:          1326668 kB
Inactive:         711184 kB
Active(anon):     819252 kB
Inactive(anon):   203540 kB
Active(file):     507416 kB
Inactive(file):   507644 kB
Unevictable:       12768 kB
Mlocked:               0 kB
SwapTotal:        720184 kB
SwapFree:         720156 kB
Dirty:               144 kB
Writeback:             0 kB
AnonPages:        991616 kB
Mapped:           689636 kB
Shmem:             31348 kB
Slab:             116560 kB
SReclaimable:      35864 kB
SUnreclaim:        80696 kB
KernelStack:       34112 kB
PageTables:        57088 kB
NFS_Unstable:          0 kB
Bounce:                0 kB
WritebackTmp:          0 kB
CommitLimit:     2172840 kB
Committed_AS:   91964020 kB
VmallocTotal:   251658176 kB
VmallocUsed:      139832 kB
VmallocChunk:   251419692 kB
Time pass: 167 sec

---2015-12-05 02:13:17
MemTotal:        2905316 kB
MemFree:           67388 kB
Buffers:           25836 kB
Cached:          1033348 kB
SwapCached:            0 kB
Active:          1325836 kB
Inactive:         711184 kB
Active(anon):     818412 kB
Inactive(anon):   203540 kB
Active(file):     507424 kB
Inactive(file):   507644 kB
Unevictable:       12768 kB
Mlocked:               0 kB
SwapTotal:        720184 kB
SwapFree:         720156 kB
Dirty:                16 kB
Writeback:             0 kB
AnonPages:        990540 kB
Mapped:           689652 kB
Shmem:             31348 kB
Slab:             116560 kB
SReclaimable:      35864 kB
SUnreclaim:        80696 kB
KernelStack:       34032 kB
PageTables:        57080 kB
NFS_Unstable:          0 kB
Bounce:                0 kB
WritebackTmp:          0 kB
CommitLimit:     2172840 kB
Committed_AS:   91963876 kB
VmallocTotal:   251658176 kB
VmallocUsed:      139832 kB
VmallocChunk:   251419692 kB
Time pass: 171 sec

---2015-12-05 02:13:17
MemTotal:        2905316 kB
MemFree:           77200 kB
Buffers:           25836 kB
Cached:          1033068 kB
SwapCached:            0 kB
Active:          1316656 kB
Inactive:         710892 kB
Active(anon):     809216 kB
Inactive(anon):   203240 kB
Active(file):     507440 kB
Inactive(file):   507652 kB
Unevictable:       12768 kB
Mlocked:               0 kB
SwapTotal:        720184 kB
SwapFree:         720156 kB
Dirty:                56 kB
Writeback:             0 kB
AnonPages:        981456 kB
Mapped:           689260 kB
Shmem:             31044 kB
Slab:             116532 kB
SReclaimable:      35864 kB
SUnreclaim:        80668 kB
KernelStack:       33712 kB
PageTables:        56940 kB
NFS_Unstable:          0 kB
Bounce:                0 kB
WritebackTmp:          0 kB
CommitLimit:     2172840 kB
Committed_AS:   91935300 kB
VmallocTotal:   251658176 kB
VmallocUsed:      139832 kB
VmallocChunk:   251419692 kB
Time pass: 175 sec

---2015-12-05 02:13:17
MemTotal:        2905316 kB
MemFree:           77436 kB
Buffers:           25844 kB
Cached:          1033076 kB
SwapCached:            0 kB
Active:          1316888 kB
Inactive:         710892 kB
Active(anon):     809436 kB
Inactive(anon):   203240 kB
Active(file):     507452 kB
Inactive(file):   507652 kB
Unevictable:       12768 kB
Mlocked:               0 kB
SwapTotal:        720184 kB
SwapFree:         720156 kB
Dirty:                 8 kB
Writeback:             0 kB
AnonPages:        981616 kB
Mapped:           689324 kB
Shmem:             31044 kB
Slab:             116532 kB
SReclaimable:      35864 kB
SUnreclaim:        80668 kB
KernelStack:       33680 kB
PageTables:        56932 kB
NFS_Unstable:          0 kB
Bounce:                0 kB
WritebackTmp:          0 kB
CommitLimit:     2172840 kB
Committed_AS:   91935248 kB
VmallocTotal:   251658176 kB
VmallocUsed:      139800 kB
VmallocChunk:   251419692 kB
Time pass: 179 sec

---2015-12-05 02:13:17
MemTotal:        2905316 kB
MemFree:           77176 kB
Buffers:           25852 kB
Cached:          1033128 kB
SwapCached:            0 kB
Active:          1317124 kB
Inactive:         710952 kB
Active(anon):     809668 kB
Inactive(anon):   203300 kB
Active(file):     507456 kB
Inactive(file):   507652 kB
Unevictable:       12768 kB
Mlocked:               0 kB
SwapTotal:        720184 kB
SwapFree:         720156 kB
Dirty:                12 kB
Writeback:             0 kB
AnonPages:        981872 kB
Mapped:           689456 kB
Shmem:             31104 kB
Slab:             116544 kB
SReclaimable:      35864 kB
SUnreclaim:        80680 kB
KernelStack:       33680 kB
PageTables:        56976 kB
NFS_Unstable:          0 kB
Bounce:                0 kB
WritebackTmp:          0 kB
CommitLimit:     2172840 kB
Committed_AS:   91961864 kB
VmallocTotal:   251658176 kB
VmallocUsed:      139800 kB
VmallocChunk:   251419692 kB
Time pass: 183 sec

---2015-12-05 02:13:17
MemTotal:        2905316 kB
MemFree:           76916 kB
Buffers:           25852 kB
Cached:          1033144 kB
SwapCached:            0 kB
Active:          1317372 kB
Inactive:         710960 kB
Active(anon):     809916 kB
Inactive(anon):   203300 kB
Active(file):     507456 kB
Inactive(file):   507660 kB
Unevictable:       12768 kB
Mlocked:               0 kB
SwapTotal:        720184 kB
SwapFree:         720156 kB
Dirty:                32 kB
Writeback:             0 kB
AnonPages:        982008 kB
Mapped:           689468 kB
Shmem:             31104 kB
Slab:             116544 kB
SReclaimable:      35864 kB
SUnreclaim:        80680 kB
KernelStack:       33648 kB
PageTables:        56968 kB
NFS_Unstable:          0 kB
Bounce:                0 kB
WritebackTmp:          0 kB
CommitLimit:     2172840 kB
Committed_AS:   91961812 kB
VmallocTotal:   251658176 kB
VmallocUsed:      139800 kB
VmallocChunk:   251419692 kB
Time pass: 186 sec

---2015-12-05 02:13:17
MemTotal:        2905316 kB
MemFree:           72816 kB
Buffers:           25888 kB
Cached:          1027308 kB
SwapCached:            0 kB
Active:          1324080 kB
Inactive:         710148 kB
Active(anon):     819676 kB
Inactive(anon):   205412 kB
Active(file):     504404 kB
Inactive(file):   504736 kB
Unevictable:       12768 kB
Mlocked:               0 kB
SwapTotal:        720184 kB
SwapFree:         720156 kB
Dirty:               124 kB
Writeback:             0 kB
AnonPages:        993864 kB
Mapped:           688460 kB
Shmem:             31288 kB
Slab:             116656 kB
SReclaimable:      35960 kB
SUnreclaim:        80696 kB
KernelStack:       34000 kB
PageTables:        57092 kB
NFS_Unstable:          0 kB
Bounce:                0 kB
WritebackTmp:          0 kB
CommitLimit:     2172840 kB
Committed_AS:   91993484 kB
VmallocTotal:   251658176 kB
VmallocUsed:      139832 kB
VmallocChunk:   251419692 kB
Time pass: 190 sec

---2015-12-05 02:13:17
MemTotal:        2905316 kB
MemFree:           72028 kB
Buffers:           25888 kB
Cached:          1027308 kB
SwapCached:            0 kB
Active:          1324656 kB
Inactive:         710144 kB
Active(anon):     820244 kB
Inactive(anon):   205412 kB
Active(file):     504412 kB
Inactive(file):   504732 kB
Unevictable:       12768 kB
Mlocked:               0 kB
SwapTotal:        720184 kB
SwapFree:         720156 kB
Dirty:                 4 kB
Writeback:             0 kB
AnonPages:        994168 kB
Mapped:           688464 kB
Shmem:             31288 kB
Slab:             116704 kB
SReclaimable:      36008 kB
SUnreclaim:        80696 kB
KernelStack:       34032 kB
PageTables:        57092 kB
NFS_Unstable:          0 kB
Bounce:                0 kB
WritebackTmp:          0 kB
CommitLimit:     2172840 kB
Committed_AS:   91993572 kB
VmallocTotal:   251658176 kB
VmallocUsed:      139832 kB
VmallocChunk:   251419692 kB
Time pass: 194 sec

---2015-12-05 02:13:17
MemTotal:        2905316 kB
MemFree:           71336 kB
Buffers:           25896 kB
Cached:          1027560 kB
SwapCached:            0 kB
Active:          1325124 kB
Inactive:         710380 kB
Active(anon):     820688 kB
Inactive(anon):   205380 kB
Active(file):     504436 kB
Inactive(file):   505000 kB
Unevictable:       12768 kB
Mlocked:               0 kB
SwapTotal:        720184 kB
SwapFree:         720156 kB
Dirty:               128 kB
Writeback:             0 kB
AnonPages:        994584 kB
Mapped:           688548 kB
Shmem:             31256 kB
Slab:             116640 kB
SReclaimable:      36008 kB
SUnreclaim:        80632 kB
KernelStack:       34064 kB
PageTables:        57080 kB
NFS_Unstable:          0 kB
Bounce:                0 kB
WritebackTmp:          0 kB
CommitLimit:     2172840 kB
Committed_AS:   91993604 kB
VmallocTotal:   251658176 kB
VmallocUsed:      139832 kB
VmallocChunk:   251419692 kB
Time pass: 198 sec

---2015-12-05 02:13:17
MemTotal:        2905316 kB
MemFree:           81992 kB
Buffers:           25904 kB
Cached:          1027564 kB
SwapCached:            0 kB
Active:          1314480 kB
Inactive:         710380 kB
Active(anon):     810032 kB
Inactive(anon):   205380 kB
Active(file):     504448 kB
Inactive(file):   505000 kB
Unevictable:       12768 kB
Mlocked:               0 kB
SwapTotal:        720184 kB
SwapFree:         720156 kB
Dirty:                36 kB
Writeback:             0 kB
AnonPages:        984080 kB
Mapped:           688672 kB
Shmem:             31256 kB
Slab:             116640 kB
SReclaimable:      36008 kB
SUnreclaim:        80632 kB
KernelStack:       34000 kB
PageTables:        57080 kB
NFS_Unstable:          0 kB
Bounce:                0 kB
WritebackTmp:          0 kB
CommitLimit:     2172840 kB
Committed_AS:   91993500 kB
VmallocTotal:   251658176 kB
VmallocUsed:      139832 kB
VmallocChunk:   251419692 kB
Time pass: 203 sec

---2015-12-05 02:13:17
MemTotal:        2905316 kB
MemFree:           80604 kB
Buffers:           25912 kB
Cached:          1027612 kB
SwapCached:            0 kB
Active:          1315324 kB
Inactive:         710420 kB
Active(anon):     810860 kB
Inactive(anon):   205380 kB
Active(file):     504464 kB
Inactive(file):   505040 kB
Unevictable:       12768 kB
Mlocked:               0 kB
SwapTotal:        720184 kB
SwapFree:         720156 kB
Dirty:                64 kB
Writeback:             0 kB
AnonPages:        984792 kB
Mapped:           688688 kB
Shmem:             31256 kB
Slab:             116728 kB
SReclaimable:      36008 kB
SUnreclaim:        80720 kB
KernelStack:       33984 kB
PageTables:        57084 kB
NFS_Unstable:          0 kB
Bounce:                0 kB
WritebackTmp:          0 kB
CommitLimit:     2172840 kB
Committed_AS:   91993556 kB
VmallocTotal:   251658176 kB
VmallocUsed:      139844 kB
VmallocChunk:   251419692 kB
Time pass: 208 sec

---2015-12-05 02:13:17
MemTotal:        2905316 kB
MemFree:           80256 kB
Buffers:           25928 kB
Cached:          1027724 kB
SwapCached:            0 kB
Active:          1315744 kB
Inactive:         710508 kB
Active(anon):     811252 kB
Inactive(anon):   205440 kB
Active(file):     504492 kB
Inactive(file):   505068 kB
Unevictable:       12768 kB
Mlocked:               0 kB
SwapTotal:        720184 kB
SwapFree:         720156 kB
Dirty:                84 kB
Writeback:             0 kB
AnonPages:        985464 kB
Mapped:           688796 kB
Shmem:             31320 kB
Slab:             116644 kB
SReclaimable:      35992 kB
SUnreclaim:        80652 kB
KernelStack:       33984 kB
PageTables:        57136 kB
NFS_Unstable:          0 kB
Bounce:                0 kB
WritebackTmp:          0 kB
CommitLimit:     2172840 kB
Committed_AS:   92020120 kB
VmallocTotal:   251658176 kB
VmallocUsed:      139844 kB
VmallocChunk:   251419692 kB
Time pass: 212 sec

---2015-12-05 02:13:17
MemTotal:        2905316 kB
MemFree:           73560 kB
Buffers:           25944 kB
Cached:          1027992 kB
SwapCached:            0 kB
Active:          1318024 kB
Inactive:         710664 kB
Active(anon):     813452 kB
Inactive(anon):   205440 kB
Active(file):     504572 kB
Inactive(file):   505224 kB
Unevictable:       12768 kB
Mlocked:               0 kB
SwapTotal:        720184 kB
SwapFree:         720156 kB
Dirty:                80 kB
Writeback:             0 kB
AnonPages:        987616 kB
Mapped:           688884 kB
Shmem:             31320 kB
Slab:             120260 kB
SReclaimable:      39316 kB
SUnreclaim:        80944 kB
KernelStack:       34048 kB
PageTables:        57256 kB
NFS_Unstable:          0 kB
Bounce:                0 kB
WritebackTmp:          0 kB
CommitLimit:     2172840 kB
Committed_AS:   92031676 kB
VmallocTotal:   251658176 kB
VmallocUsed:      140864 kB
VmallocChunk:   251419692 kB
Time pass: 216 sec

---2015-12-05 02:13:17
MemTotal:        2905316 kB
MemFree:           65180 kB
Buffers:           25948 kB
Cached:          1032384 kB
SwapCached:            0 kB
Active:          1321912 kB
Inactive:         715076 kB
Active(anon):     817304 kB
Inactive(anon):   205440 kB
Active(file):     504608 kB
Inactive(file):   509636 kB
Unevictable:       12768 kB
Mlocked:               0 kB
SwapTotal:        720184 kB
SwapFree:         720156 kB
Dirty:                20 kB
Writeback:             0 kB
AnonPages:        991360 kB
Mapped:           689868 kB
Shmem:             31320 kB
Slab:             120760 kB
SReclaimable:      39680 kB
SUnreclaim:        81080 kB
KernelStack:       34000 kB
PageTables:        57168 kB
NFS_Unstable:          0 kB
Bounce:                0 kB
WritebackTmp:          0 kB
CommitLimit:     2172840 kB
Committed_AS:   92027080 kB
VmallocTotal:   251658176 kB
VmallocUsed:      139844 kB
VmallocChunk:   251419692 kB
Time pass: 220 sec

---2015-12-05 02:13:17
MemTotal:        2905316 kB
MemFree:           72308 kB
Buffers:           25936 kB
Cached:          1025824 kB
SwapCached:            0 kB
Active:          1322776 kB
Inactive:         709268 kB
Active(anon):     818868 kB
Inactive(anon):   205292 kB
Active(file):     503908 kB
Inactive(file):   503976 kB
Unevictable:       12768 kB
Mlocked:               0 kB
SwapTotal:        720184 kB
SwapFree:         720156 kB
Dirty:               136 kB
Writeback:             0 kB
AnonPages:        993076 kB
Mapped:           687408 kB
Shmem:             31108 kB
Slab:             120504 kB
SReclaimable:      39572 kB
SUnreclaim:        80932 kB
KernelStack:       34000 kB
PageTables:        57164 kB
NFS_Unstable:          0 kB
Bounce:                0 kB
WritebackTmp:          0 kB
CommitLimit:     2172840 kB
Committed_AS:   92036272 kB
VmallocTotal:   251658176 kB
VmallocUsed:      139844 kB
VmallocChunk:   251419692 kB
Time pass: 224 sec

---2015-12-05 02:13:17
MemTotal:        2905316 kB
MemFree:           67880 kB
Buffers:           25960 kB
Cached:          1026220 kB
SwapCached:            0 kB
Active:          1326128 kB
Inactive:         709552 kB
Active(anon):     822148 kB
Inactive(anon):   205484 kB
Active(file):     503980 kB
Inactive(file):   504068 kB
Unevictable:       12768 kB
Mlocked:               0 kB
SwapTotal:        720184 kB
SwapFree:         720156 kB
Dirty:               248 kB
Writeback:             0 kB
AnonPages:        996364 kB
Mapped:           687920 kB
Shmem:             31364 kB
Slab:             120500 kB
SReclaimable:      39572 kB
SUnreclaim:        80928 kB
KernelStack:       33968 kB
PageTables:        57224 kB
NFS_Unstable:          0 kB
Bounce:                0 kB
WritebackTmp:          0 kB
CommitLimit:     2172840 kB
Committed_AS:   92038672 kB
VmallocTotal:   251658176 kB
VmallocUsed:      139844 kB
VmallocChunk:   251419692 kB
Time pass: 228 sec

---2015-12-05 02:13:17
MemTotal:        2905316 kB
MemFree:           65612 kB
Buffers:           25968 kB
Cached:          1026248 kB
SwapCached:            0 kB
Active:          1327216 kB
Inactive:         709592 kB
Active(anon):     823240 kB
Inactive(anon):   205516 kB
Active(file):     503976 kB
Inactive(file):   504076 kB
Unevictable:       12768 kB
Mlocked:               0 kB
SwapTotal:        720184 kB
SwapFree:         720156 kB
Dirty:                76 kB
Writeback:             0 kB
AnonPages:        997192 kB
Mapped:           687992 kB
Shmem:             31396 kB
Slab:             120500 kB
SReclaimable:      39572 kB
SUnreclaim:        80928 kB
KernelStack:       33984 kB
PageTables:        57256 kB
NFS_Unstable:          0 kB
Bounce:                0 kB
WritebackTmp:          0 kB
CommitLimit:     2172840 kB
Committed_AS:   92038696 kB
VmallocTotal:   251658176 kB
VmallocUsed:      139844 kB
VmallocChunk:   251419692 kB
Time pass: 232 sec

---2015-12-05 02:13:17
MemTotal:        2905316 kB
MemFree:           64876 kB
Buffers:           25968 kB
Cached:          1026268 kB
SwapCached:            0 kB
Active:          1327640 kB
Inactive:         709596 kB
Active(anon):     823648 kB
Inactive(anon):   205520 kB
Active(file):     503992 kB
Inactive(file):   504076 kB
Unevictable:       12768 kB
Mlocked:               0 kB
SwapTotal:        720184 kB
SwapFree:         720156 kB
Dirty:                28 kB
Writeback:             0 kB
AnonPages:        997876 kB
Mapped:           687936 kB
Shmem:             31400 kB
Slab:             120500 kB
SReclaimable:      39572 kB
SUnreclaim:        80928 kB
KernelStack:       34000 kB
PageTables:        57232 kB
NFS_Unstable:          0 kB
Bounce:                0 kB
WritebackTmp:          0 kB
CommitLimit:     2172840 kB
Committed_AS:   92038688 kB
VmallocTotal:   251658176 kB
VmallocUsed:      139844 kB
VmallocChunk:   251419692 kB
Time pass: 236 sec

---2015-12-05 02:13:17
MemTotal:        2905316 kB
MemFree:           76980 kB
Buffers:           25976 kB
Cached:          1019604 kB
SwapCached:            0 kB
Active:          1322136 kB
Inactive:         705984 kB
Active(anon):     821244 kB
Inactive(anon):   205164 kB
Active(file):     500892 kB
Inactive(file):   500820 kB
Unevictable:       12768 kB
Mlocked:               0 kB
SwapTotal:        720184 kB
SwapFree:         720156 kB
Dirty:                56 kB
Writeback:             0 kB
AnonPages:        995240 kB
Mapped:           687264 kB
Shmem:             31100 kB
Slab:             113920 kB
SReclaimable:      33276 kB
SUnreclaim:        80644 kB
KernelStack:       33728 kB
PageTables:        57012 kB
NFS_Unstable:          0 kB
Bounce:                0 kB
WritebackTmp:          0 kB
CommitLimit:     2172840 kB
Committed_AS:   92065448 kB
VmallocTotal:   251658176 kB
VmallocUsed:      139844 kB
VmallocChunk:   251419692 kB
Time pass: 242 sec

---2015-12-05 02:13:17
MemTotal:        2905316 kB
MemFree:           71772 kB
Buffers:           26016 kB
Cached:          1019904 kB
SwapCached:            0 kB
Active:          1324640 kB
Inactive:         706284 kB
Active(anon):     823712 kB
Inactive(anon):   205380 kB
Active(file):     500928 kB
Inactive(file):   500904 kB
Unevictable:       12768 kB
Mlocked:               0 kB
SwapTotal:        720184 kB
SwapFree:         720156 kB
Dirty:                76 kB
Writeback:             0 kB
AnonPages:        997724 kB
Mapped:           687772 kB
Shmem:             31320 kB
Slab:             116744 kB
SReclaimable:      36084 kB
SUnreclaim:        80660 kB
KernelStack:       33936 kB
PageTables:        57216 kB
NFS_Unstable:          0 kB
Bounce:                0 kB
WritebackTmp:          0 kB
CommitLimit:     2172840 kB
Committed_AS:   92065324 kB
VmallocTotal:   251658176 kB
VmallocUsed:      139844 kB
VmallocChunk:   251419692 kB
Time pass: 246 sec

---2015-12-05 02:13:17
MemTotal:        2905316 kB
MemFree:           71316 kB
Buffers:           26032 kB
Cached:          1020000 kB
SwapCached:            0 kB
Active:          1324988 kB
Inactive:         706360 kB
Active(anon):     824044 kB
Inactive(anon):   205412 kB
Active(file):     500944 kB
Inactive(file):   500948 kB
Unevictable:       12768 kB
Mlocked:               0 kB
SwapTotal:        720184 kB
SwapFree:         720156 kB
Dirty:                32 kB
Writeback:             0 kB
AnonPages:        998088 kB
Mapped:           687876 kB
Shmem:             31356 kB
Slab:             116616 kB
SReclaimable:      35956 kB
SUnreclaim:        80660 kB
KernelStack:       33968 kB
PageTables:        57240 kB
NFS_Unstable:          0 kB
Bounce:                0 kB
WritebackTmp:          0 kB
CommitLimit:     2172840 kB
Committed_AS:   92065408 kB
VmallocTotal:   251658176 kB
VmallocUsed:      139844 kB
VmallocChunk:   251419692 kB
Time pass: 250 sec

---2015-12-05 02:13:17
MemTotal:        2905316 kB
MemFree:           69516 kB
Buffers:           26040 kB
Cached:          1020044 kB
SwapCached:            0 kB
Active:          1327180 kB
Inactive:         706408 kB
Active(anon):     826212 kB
Inactive(anon):   205416 kB
Active(file):     500968 kB
Inactive(file):   500992 kB
Unevictable:       12768 kB
Mlocked:               0 kB
SwapTotal:        720184 kB
SwapFree:         720156 kB
Dirty:                52 kB
Writeback:             0 kB
AnonPages:       1000304 kB
Mapped:           687924 kB
Shmem:             31356 kB
Slab:             116356 kB
SReclaimable:      35796 kB
SUnreclaim:        80560 kB
KernelStack:       33888 kB
PageTables:        57240 kB
NFS_Unstable:          0 kB
Bounce:                0 kB
WritebackTmp:          0 kB
CommitLimit:     2172840 kB
Committed_AS:   92065420 kB
VmallocTotal:   251658176 kB
VmallocUsed:      139844 kB
VmallocChunk:   251419692 kB
Time pass: 254 sec

---2015-12-05 02:13:17
MemTotal:        2905316 kB
MemFree:           67752 kB
Buffers:           26048 kB
Cached:          1020060 kB
SwapCached:            0 kB
Active:          1328732 kB
Inactive:         706416 kB
Active(anon):     827748 kB
Inactive(anon):   205416 kB
Active(file):     500984 kB
Inactive(file):   501000 kB
Unevictable:       12768 kB
Mlocked:               0 kB
SwapTotal:        720184 kB
SwapFree:         720156 kB
Dirty:                24 kB
Writeback:             0 kB
AnonPages:       1002032 kB
Mapped:           687932 kB
Shmem:             31356 kB
Slab:             116356 kB
SReclaimable:      35796 kB
SUnreclaim:        80560 kB
KernelStack:       33856 kB
PageTables:        57244 kB
NFS_Unstable:          0 kB
Bounce:                0 kB
WritebackTmp:          0 kB
CommitLimit:     2172840 kB
Committed_AS:   92065380 kB
VmallocTotal:   251658176 kB
VmallocUsed:      139844 kB
VmallocChunk:   251419692 kB
Time pass: 260 sec

---2015-12-05 02:13:17
MemTotal:        2905316 kB
MemFree:           66876 kB
Buffers:           26064 kB
Cached:          1020128 kB
SwapCached:            0 kB
Active:          1329980 kB
Inactive:         706464 kB
Active(anon):     828988 kB
Inactive(anon):   205416 kB
Active(file):     500992 kB
Inactive(file):   501048 kB
Unevictable:       12768 kB
Mlocked:               0 kB
SwapTotal:        720184 kB
SwapFree:         720156 kB
Dirty:               140 kB
Writeback:             0 kB
AnonPages:       1003084 kB
Mapped:           687944 kB
Shmem:             31356 kB
Slab:             116356 kB
SReclaimable:      35796 kB
SUnreclaim:        80560 kB
KernelStack:       33920 kB
PageTables:        57244 kB
NFS_Unstable:          0 kB
Bounce:                0 kB
WritebackTmp:          0 kB
CommitLimit:     2172840 kB
Committed_AS:   92065408 kB
VmallocTotal:   251658176 kB
VmallocUsed:      139844 kB
VmallocChunk:   251419692 kB
Time pass: 264 sec

---2015-12-05 02:13:17
MemTotal:        2905316 kB
MemFree:           65988 kB
Buffers:           26072 kB
Cached:          1020132 kB
SwapCached:            0 kB
Active:          1330268 kB
Inactive:         706492 kB
Active(anon):     829264 kB
Inactive(anon):   205416 kB
Active(file):     501004 kB
Inactive(file):   501076 kB
Unevictable:       12768 kB
Mlocked:               0 kB
SwapTotal:        720184 kB
SwapFree:         720156 kB
Dirty:                64 kB
Writeback:             0 kB
AnonPages:       1003152 kB
Mapped:           687952 kB
Shmem:             31356 kB
Slab:             116356 kB
SReclaimable:      35796 kB
SUnreclaim:        80560 kB
KernelStack:       33904 kB
PageTables:        57244 kB
NFS_Unstable:          0 kB
Bounce:                0 kB
WritebackTmp:          0 kB
CommitLimit:     2172840 kB
Committed_AS:   92065416 kB
VmallocTotal:   251658176 kB
VmallocUsed:      139844 kB
VmallocChunk:   251419692 kB
Time pass: 268 sec

---2015-12-05 02:13:17
MemTotal:        2905316 kB
MemFree:           65128 kB
Buffers:           26080 kB
Cached:          1020128 kB
SwapCached:            0 kB
Active:          1331164 kB
Inactive:         706492 kB
Active(anon):     830156 kB
Inactive(anon):   205416 kB
Active(file):     501008 kB
Inactive(file):   501076 kB
Unevictable:       12768 kB
Mlocked:               0 kB
SwapTotal:        720184 kB
SwapFree:         720156 kB
Dirty:                 8 kB
Writeback:             0 kB
AnonPages:       1004004 kB
Mapped:           687912 kB
Shmem:             31356 kB
Slab:             116356 kB
SReclaimable:      35796 kB
SUnreclaim:        80560 kB
KernelStack:       33904 kB
PageTables:        57244 kB
NFS_Unstable:          0 kB
Bounce:                0 kB
WritebackTmp:          0 kB
CommitLimit:     2172840 kB
Committed_AS:   92092016 kB
VmallocTotal:   251658176 kB
VmallocUsed:      139844 kB
VmallocChunk:   251419692 kB
Time pass: 271 sec

---2015-12-05 02:13:17
MemTotal:        2905316 kB
MemFree:           63644 kB
Buffers:           26096 kB
Cached:          1020260 kB
SwapCached:            0 kB
Active:          1332292 kB
Inactive:         706628 kB
Active(anon):     831272 kB
Inactive(anon):   205500 kB
Active(file):     501020 kB
Inactive(file):   501128 kB
Unevictable:       12768 kB
Mlocked:               0 kB
SwapTotal:        720184 kB
SwapFree:         720156 kB
Dirty:                 8 kB
Writeback:             0 kB
AnonPages:       1005564 kB
Mapped:           688004 kB
Shmem:             31440 kB
Slab:             116356 kB
SReclaimable:      35796 kB
SUnreclaim:        80560 kB
KernelStack:       33904 kB
PageTables:        57296 kB
NFS_Unstable:          0 kB
Bounce:                0 kB
WritebackTmp:          0 kB
CommitLimit:     2172840 kB
Committed_AS:   92092004 kB
VmallocTotal:   251658176 kB
VmallocUsed:      139844 kB
VmallocChunk:   251419692 kB
Time pass: 276 sec

---2015-12-05 02:13:17
MemTotal:        2905316 kB
MemFree:           69476 kB
Buffers:           26104 kB
Cached:          1020292 kB
SwapCached:            0 kB
Active:          1326388 kB
Inactive:         706668 kB
Active(anon):     825368 kB
Inactive(anon):   205500 kB
Active(file):     501020 kB
Inactive(file):   501168 kB
Unevictable:       12768 kB
Mlocked:               0 kB
SwapTotal:        720184 kB
SwapFree:         720156 kB
Dirty:                 0 kB
Writeback:            20 kB
AnonPages:        999684 kB
Mapped:           688016 kB
Shmem:             31440 kB
Slab:             116356 kB
SReclaimable:      35796 kB
SUnreclaim:        80560 kB
KernelStack:       33872 kB
PageTables:        57292 kB
NFS_Unstable:          0 kB
Bounce:                0 kB
WritebackTmp:          0 kB
CommitLimit:     2172840 kB
Committed_AS:   92091960 kB
VmallocTotal:   251658176 kB
VmallocUsed:      139844 kB
VmallocChunk:   251419692 kB
Time pass: 280 sec

---2015-12-05 02:13:17
MemTotal:        2905316 kB
MemFree:           75808 kB
Buffers:           26112 kB
Cached:          1020308 kB
SwapCached:            0 kB
Active:          1320568 kB
Inactive:         706680 kB
Active(anon):     819536 kB
Inactive(anon):   205504 kB
Active(file):     501032 kB
Inactive(file):   501176 kB
Unevictable:       12768 kB
Mlocked:               0 kB
SwapTotal:        720184 kB
SwapFree:         720156 kB
Dirty:                28 kB
Writeback:             0 kB
AnonPages:        993676 kB
Mapped:           688036 kB
Shmem:             31444 kB
Slab:             116356 kB
SReclaimable:      35796 kB
SUnreclaim:        80560 kB
KernelStack:       33904 kB
PageTables:        57296 kB
NFS_Unstable:          0 kB
Bounce:                0 kB
WritebackTmp:          0 kB
CommitLimit:     2172840 kB
Committed_AS:   92091960 kB
VmallocTotal:   251658176 kB
VmallocUsed:      139844 kB
VmallocChunk:   251419692 kB
Time pass: 284 sec

---2015-12-05 02:13:17
MemTotal:        2905316 kB
MemFree:           75268 kB
Buffers:           26128 kB
Cached:          1020348 kB
SwapCached:            0 kB
Active:          1320712 kB
Inactive:         706716 kB
Active(anon):     819660 kB
Inactive(anon):   205508 kB
Active(file):     501052 kB
Inactive(file):   501208 kB
Unevictable:       12768 kB
Mlocked:               0 kB
SwapTotal:        720184 kB
SwapFree:         720156 kB
Dirty:                12 kB
Writeback:             0 kB
AnonPages:        993484 kB
Mapped:           688048 kB
Shmem:             31448 kB
Slab:             116356 kB
SReclaimable:      35796 kB
SUnreclaim:        80560 kB
KernelStack:       33872 kB
PageTables:        57292 kB
NFS_Unstable:          0 kB
Bounce:                0 kB
WritebackTmp:          0 kB
CommitLimit:     2172840 kB
Committed_AS:   92091948 kB
VmallocTotal:   251658176 kB
VmallocUsed:      139844 kB
VmallocChunk:   251419692 kB
Time pass: 287 sec

---2015-12-05 02:13:17
MemTotal:        2905316 kB
MemFree:           75160 kB
Buffers:           26136 kB
Cached:          1020348 kB
SwapCached:            0 kB
Active:          1320688 kB
Inactive:         706724 kB
Active(anon):     819636 kB
Inactive(anon):   205508 kB
Active(file):     501052 kB
Inactive(file):   501216 kB
Unevictable:       12768 kB
Mlocked:               0 kB
SwapTotal:        720184 kB
SwapFree:         720156 kB
Dirty:                52 kB
Writeback:             0 kB
AnonPages:        993608 kB
Mapped:           688052 kB
Shmem:             31448 kB
Slab:             116352 kB
SReclaimable:      35796 kB
SUnreclaim:        80556 kB
KernelStack:       33888 kB
PageTables:        57296 kB
NFS_Unstable:          0 kB
Bounce:                0 kB
WritebackTmp:          0 kB
CommitLimit:     2172840 kB
Committed_AS:   92091912 kB
VmallocTotal:   251658176 kB
VmallocUsed:      139844 kB
VmallocChunk:   251419692 kB
Time pass: 291 sec

---2015-12-05 02:13:17
MemTotal:        2905316 kB
MemFree:           75616 kB
Buffers:           26144 kB
Cached:          1020340 kB
SwapCached:            0 kB
Active:          1320712 kB
Inactive:         706724 kB
Active(anon):     819660 kB
Inactive(anon):   205508 kB
Active(file):     501052 kB
Inactive(file):   501216 kB
Unevictable:       12768 kB
Mlocked:               0 kB
SwapTotal:        720184 kB
SwapFree:         720156 kB
Dirty:                 0 kB
Writeback:             0 kB
AnonPages:        993760 kB
Mapped:           688052 kB
Shmem:             31448 kB
Slab:             116352 kB
SReclaimable:      35796 kB
SUnreclaim:        80556 kB
KernelStack:       33808 kB
PageTables:        57296 kB
NFS_Unstable:          0 kB
Bounce:                0 kB
WritebackTmp:          0 kB
CommitLimit:     2172840 kB
Committed_AS:   92091916 kB
VmallocTotal:   251658176 kB
VmallocUsed:      139844 kB
VmallocChunk:   251419692 kB
Time pass: 295 sec

---2015-12-05 02:13:17
MemTotal:        2905316 kB
MemFree:           74436 kB
Buffers:           26160 kB
Cached:          1020384 kB
SwapCached:            0 kB
Active:          1321448 kB
Inactive:         706776 kB
Active(anon):     820388 kB
Inactive(anon):   205512 kB
Active(file):     501060 kB
Inactive(file):   501264 kB
Unevictable:       12768 kB
Mlocked:               0 kB
SwapTotal:        720184 kB
SwapFree:         720156 kB
Dirty:                96 kB
Writeback:             0 kB
AnonPages:        994488 kB
Mapped:           688060 kB
Shmem:             31452 kB
Slab:             116352 kB
SReclaimable:      35796 kB
SUnreclaim:        80556 kB
KernelStack:       33840 kB
PageTables:        57292 kB
NFS_Unstable:          0 kB
Bounce:                0 kB
WritebackTmp:          0 kB
CommitLimit:     2172840 kB
Committed_AS:   92091876 kB
VmallocTotal:   251658176 kB
VmallocUsed:      139844 kB
VmallocChunk:   251419692 kB
Time pass: 299 sec

---2015-12-05 02:13:17
MemTotal:        2905316 kB
MemFree:           74152 kB
Buffers:           26168 kB
Cached:          1020452 kB
SwapCached:            0 kB
Active:          1321996 kB
Inactive:         706852 kB
Active(anon):     820936 kB
Inactive(anon):   205576 kB
Active(file):     501060 kB
Inactive(file):   501276 kB
Unevictable:       12768 kB
Mlocked:               0 kB
SwapTotal:        720184 kB
SwapFree:         720156 kB
Dirty:                 8 kB
Writeback:             0 kB
AnonPages:        995068 kB
Mapped:           688148 kB
Shmem:             31516 kB
Slab:             116352 kB
SReclaimable:      35796 kB
SUnreclaim:        80556 kB
KernelStack:       33840 kB
PageTables:        57348 kB
NFS_Unstable:          0 kB
Bounce:                0 kB
WritebackTmp:          0 kB
CommitLimit:     2172840 kB
Committed_AS:   92118488 kB
VmallocTotal:   251658176 kB
VmallocUsed:      139844 kB
VmallocChunk:   251419692 kB
Time pass: 302 sec

---2015-12-05 02:13:17
MemTotal:        2905316 kB
MemFree:           73024 kB
Buffers:           26176 kB
Cached:          1020488 kB
SwapCached:            0 kB
Active:          1322532 kB
Inactive:         706892 kB
Active(anon):     821468 kB
Inactive(anon):   205604 kB
Active(file):     501064 kB
Inactive(file):   501288 kB
Unevictable:       12768 kB
Mlocked:               0 kB
SwapTotal:        720184 kB
SwapFree:         720156 kB
Dirty:                32 kB
Writeback:             0 kB
AnonPages:        995580 kB
Mapped:           688200 kB
Shmem:             31544 kB
Slab:             116328 kB
SReclaimable:      35796 kB
SUnreclaim:        80532 kB
KernelStack:       33840 kB
PageTables:        57348 kB
NFS_Unstable:          0 kB
Bounce:                0 kB
WritebackTmp:          0 kB
CommitLimit:     2172840 kB
Committed_AS:   92118512 kB
VmallocTotal:   251658176 kB
VmallocUsed:      139844 kB
VmallocChunk:   251419692 kB
Time pass: 306 sec

---2015-12-05 02:13:17
MemTotal:        2905316 kB
MemFree:           72584 kB
Buffers:           26192 kB
Cached:          1020524 kB
SwapCached:            0 kB
Active:          1323388 kB
Inactive:         706932 kB
Active(anon):     822312 kB
Inactive(anon):   205604 kB
Active(file):     501076 kB
Inactive(file):   501328 kB
Unevictable:       12768 kB
Mlocked:               0 kB
SwapTotal:        720184 kB
SwapFree:         720156 kB
Dirty:               112 kB
Writeback:             0 kB
AnonPages:        996160 kB
Mapped:           688204 kB
Shmem:             31544 kB
Slab:             116328 kB
SReclaimable:      35796 kB
SUnreclaim:        80532 kB
KernelStack:       33840 kB
PageTables:        57348 kB
NFS_Unstable:          0 kB
Bounce:                0 kB
WritebackTmp:          0 kB
CommitLimit:     2172840 kB
Committed_AS:   92118524 kB
VmallocTotal:   251658176 kB
VmallocUsed:      139844 kB
VmallocChunk:   251419692 kB
Time pass: 310 sec

---2015-12-05 02:13:17
MemTotal:        2905316 kB
MemFree:           72628 kB
Buffers:           26200 kB
Cached:          1020536 kB
SwapCached:            0 kB
Active:          1323416 kB
Inactive:         706940 kB
Active(anon):     822328 kB
Inactive(anon):   205604 kB
Active(file):     501088 kB
Inactive(file):   501336 kB
Unevictable:       12768 kB
Mlocked:               0 kB
SwapTotal:        720184 kB
SwapFree:         720156 kB
Dirty:                76 kB
Writeback:             0 kB
AnonPages:        996476 kB
Mapped:           688236 kB
Shmem:             31544 kB
Slab:             116324 kB
SReclaimable:      35796 kB
SUnreclaim:        80528 kB
KernelStack:       33904 kB
PageTables:        57344 kB
NFS_Unstable:          0 kB
Bounce:                0 kB
WritebackTmp:          0 kB
CommitLimit:     2172840 kB
Committed_AS:   92118548 kB
VmallocTotal:   251658176 kB
VmallocUsed:      139844 kB
VmallocChunk:   251419692 kB
Time pass: 314 sec

---2015-12-05 02:13:17
MemTotal:        2905316 kB
MemFree:           72136 kB
Buffers:           26200 kB
Cached:          1020536 kB
SwapCached:            0 kB
Active:          1323908 kB
Inactive:         706940 kB
Active(anon):     822820 kB
Inactive(anon):   205604 kB
Active(file):     501088 kB
Inactive(file):   501336 kB
Unevictable:       12768 kB
Mlocked:               0 kB
SwapTotal:        720184 kB
SwapFree:         720156 kB
Dirty:                 8 kB
Writeback:             0 kB
AnonPages:        996736 kB
Mapped:           688268 kB
Shmem:             31544 kB
Slab:             116320 kB
SReclaimable:      35796 kB
SUnreclaim:        80524 kB
KernelStack:       33872 kB
PageTables:        57344 kB
NFS_Unstable:          0 kB
Bounce:                0 kB
WritebackTmp:          0 kB
CommitLimit:     2172840 kB
Committed_AS:   92118556 kB
VmallocTotal:   251658176 kB
VmallocUsed:      139844 kB
VmallocChunk:   251419692 kB
Time pass: 317 sec

---2015-12-05 02:13:17
MemTotal:        2905316 kB
MemFree:           71512 kB
Buffers:           26224 kB
Cached:          1020572 kB
SwapCached:            0 kB
Active:          1324396 kB
Inactive:         706988 kB
Active(anon):     823296 kB
Inactive(anon):   205604 kB
Active(file):     501100 kB
Inactive(file):   501384 kB
Unevictable:       12768 kB
Mlocked:               0 kB
SwapTotal:        720184 kB
SwapFree:         720156 kB
Dirty:                20 kB
Writeback:             0 kB
AnonPages:        997244 kB
Mapped:           688272 kB
Shmem:             31544 kB
Slab:             116316 kB
SReclaimable:      35796 kB
SUnreclaim:        80520 kB
KernelStack:       33808 kB
PageTables:        57348 kB
NFS_Unstable:          0 kB
Bounce:                0 kB
WritebackTmp:          0 kB
CommitLimit:     2172840 kB
Committed_AS:   92118504 kB
VmallocTotal:   251658176 kB
VmallocUsed:      139844 kB
VmallocChunk:   251419692 kB
Time pass: 321 sec

---2015-12-05 02:13:17
MemTotal:        2905316 kB
MemFree:           71644 kB
Buffers:           26224 kB
Cached:          1020576 kB
SwapCached:            0 kB
Active:          1324040 kB
Inactive:         706992 kB
Active(anon):     822940 kB
Inactive(anon):   205608 kB
Active(file):     501100 kB
Inactive(file):   501384 kB
Unevictable:       12768 kB
Mlocked:               0 kB
SwapTotal:        720184 kB
SwapFree:         720156 kB
Dirty:                20 kB
Writeback:             0 kB
AnonPages:        996824 kB
Mapped:           688288 kB
Shmem:             31548 kB
Slab:             116316 kB
SReclaimable:      35796 kB
SUnreclaim:        80520 kB
KernelStack:       33840 kB
PageTables:        57348 kB
NFS_Unstable:          0 kB
Bounce:                0 kB
WritebackTmp:          0 kB
CommitLimit:     2172840 kB
Committed_AS:   92118500 kB
VmallocTotal:   251658176 kB
VmallocUsed:      139844 kB
VmallocChunk:   251419692 kB
Time pass: 325 sec

---2015-12-05 02:13:17
MemTotal:        2905316 kB
MemFree:           71448 kB
Buffers:           26232 kB
Cached:          1020580 kB
SwapCached:            0 kB
Active:          1324168 kB
Inactive:         706996 kB
Active(anon):     823060 kB
Inactive(anon):   205608 kB
Active(file):     501108 kB
Inactive(file):   501388 kB
Unevictable:       12768 kB
Mlocked:               0 kB
SwapTotal:        720184 kB
SwapFree:         720156 kB
Dirty:                56 kB
Writeback:             0 kB
AnonPages:        996984 kB
Mapped:           688292 kB
Shmem:             31548 kB
Slab:             116316 kB
SReclaimable:      35796 kB
SUnreclaim:        80520 kB
KernelStack:       33840 kB
PageTables:        57348 kB
NFS_Unstable:          0 kB
Bounce:                0 kB
WritebackTmp:          0 kB
CommitLimit:     2172840 kB
Committed_AS:   92118488 kB
VmallocTotal:   251658176 kB
VmallocUsed:      139844 kB
VmallocChunk:   251419692 kB
Time pass: 329 sec

---2015-12-05 02:13:17
MemTotal:        2905316 kB
MemFree:           70568 kB
Buffers:           26256 kB
Cached:          1020684 kB
SwapCached:            0 kB
Active:          1325236 kB
Inactive:         707088 kB
Active(anon):     824124 kB
Inactive(anon):   205668 kB
Active(file):     501112 kB
Inactive(file):   501420 kB
Unevictable:       12768 kB
Mlocked:               0 kB
SwapTotal:        720184 kB
SwapFree:         720156 kB
Dirty:               104 kB
Writeback:             0 kB
AnonPages:        997932 kB
Mapped:           688364 kB
Shmem:             31608 kB
Slab:             116316 kB
SReclaimable:      35796 kB
SUnreclaim:        80520 kB
KernelStack:       33856 kB
PageTables:        57400 kB
NFS_Unstable:          0 kB
Bounce:                0 kB
WritebackTmp:          0 kB
CommitLimit:     2172840 kB
Committed_AS:   92145124 kB
VmallocTotal:   251658176 kB
VmallocUsed:      139844 kB
VmallocChunk:   251419692 kB
Time pass: 332 sec

---2015-12-05 02:13:17
MemTotal:        2905316 kB
MemFree:           70516 kB
Buffers:           26256 kB
Cached:          1020692 kB
SwapCached:            0 kB
Active:          1325200 kB
Inactive:         707116 kB
Active(anon):     824076 kB
Inactive(anon):   205672 kB
Active(file):     501124 kB
Inactive(file):   501444 kB
Unevictable:       12768 kB
Mlocked:               0 kB
SwapTotal:        720184 kB
SwapFree:         720156 kB
Dirty:                 0 kB
Writeback:             0 kB
AnonPages:        997972 kB
Mapped:           688376 kB
Shmem:             31612 kB
Slab:             116316 kB
SReclaimable:      35796 kB
SUnreclaim:        80520 kB
KernelStack:       33856 kB
PageTables:        57404 kB
NFS_Unstable:          0 kB
Bounce:                0 kB
WritebackTmp:          0 kB
CommitLimit:     2172840 kB
Committed_AS:   92145088 kB
VmallocTotal:   251658176 kB
VmallocUsed:      139844 kB
VmallocChunk:   251419692 kB
Time pass: 336 sec

---2015-12-05 02:13:17
MemTotal:        2905316 kB
MemFree:           70248 kB
Buffers:           26264 kB
Cached:          1020696 kB
SwapCached:            0 kB
Active:          1325216 kB
Inactive:         707124 kB
Active(anon):     824088 kB
Inactive(anon):   205672 kB
Active(file):     501128 kB
Inactive(file):   501452 kB
Unevictable:       12768 kB
Mlocked:               0 kB
SwapTotal:        720184 kB
SwapFree:         720156 kB
Dirty:                72 kB
Writeback:             0 kB
AnonPages:        998196 kB
Mapped:           688396 kB
Shmem:             31612 kB
Slab:             116356 kB
SReclaimable:      35796 kB
SUnreclaim:        80560 kB
KernelStack:       33840 kB
PageTables:        57400 kB
NFS_Unstable:          0 kB
Bounce:                0 kB
WritebackTmp:          0 kB
CommitLimit:     2172840 kB
Committed_AS:   92145116 kB
VmallocTotal:   251658176 kB
VmallocUsed:      139844 kB
VmallocChunk:   251419692 kB
Time pass: 340 sec

---2015-12-05 02:13:17
MemTotal:        2905316 kB
MemFree:           69836 kB
Buffers:           26280 kB
Cached:          1020720 kB
SwapCached:            0 kB
Active:          1325436 kB
Inactive:         707152 kB
Active(anon):     824308 kB
Inactive(anon):   205700 kB
Active(file):     501128 kB
Inactive(file):   501452 kB
Unevictable:       12768 kB
Mlocked:               0 kB
SwapTotal:        720184 kB
SwapFree:         720156 kB
Dirty:                20 kB
Writeback:             0 kB
AnonPages:        998208 kB
Mapped:           688432 kB
Shmem:             31640 kB
Slab:             116356 kB
SReclaimable:      35796 kB
SUnreclaim:        80560 kB
KernelStack:       33840 kB
PageTables:        57404 kB
NFS_Unstable:          0 kB
Bounce:                0 kB
WritebackTmp:          0 kB
CommitLimit:     2172840 kB
Committed_AS:   92145136 kB
VmallocTotal:   251658176 kB
VmallocUsed:      139844 kB
VmallocChunk:   251419692 kB
Time pass: 343 sec

---2015-12-05 02:13:17
MemTotal:        2905316 kB
MemFree:           69604 kB
Buffers:           26296 kB
Cached:          1020760 kB
SwapCached:            0 kB
Active:          1325972 kB
Inactive:         707216 kB
Active(anon):     824840 kB
Inactive(anon):   205704 kB
Active(file):     501132 kB
Inactive(file):   501512 kB
Unevictable:       12768 kB
Mlocked:               0 kB
SwapTotal:        720184 kB
SwapFree:         720156 kB
Dirty:                 0 kB
Writeback:             0 kB
AnonPages:        998872 kB
Mapped:           688440 kB
Shmem:             31644 kB
Slab:             116356 kB
SReclaimable:      35796 kB
SUnreclaim:        80560 kB
KernelStack:       33824 kB
PageTables:        57400 kB
NFS_Unstable:          0 kB
Bounce:                0 kB
WritebackTmp:          0 kB
CommitLimit:     2172840 kB
Committed_AS:   92145072 kB
VmallocTotal:   251658176 kB
VmallocUsed:      139844 kB
VmallocChunk:   251419692 kB
Time pass: 347 sec

---2015-12-05 02:13:17
MemTotal:        2905316 kB
MemFree:           69204 kB
Buffers:           26304 kB
Cached:          1020760 kB
SwapCached:            0 kB
Active:          1326256 kB
Inactive:         707224 kB
Active(anon):     825124 kB
Inactive(anon):   205704 kB
Active(file):     501132 kB
Inactive(file):   501520 kB
Unevictable:       12768 kB
Mlocked:               0 kB
SwapTotal:        720184 kB
SwapFree:         720156 kB
Dirty:                52 kB
Writeback:             0 kB
AnonPages:        999076 kB
Mapped:           688448 kB
Shmem:             31644 kB
Slab:             116356 kB
SReclaimable:      35796 kB
SUnreclaim:        80560 kB
KernelStack:       33824 kB
PageTables:        57400 kB
NFS_Unstable:          0 kB
Bounce:                0 kB
WritebackTmp:          0 kB
CommitLimit:     2172840 kB
Committed_AS:   92145068 kB
VmallocTotal:   251658176 kB
VmallocUsed:      139844 kB
VmallocChunk:   251419692 kB
Time pass: 351 sec

---2015-12-05 02:13:17
MemTotal:        2905316 kB
MemFree:           69460 kB
Buffers:           26312 kB
Cached:          1020764 kB
SwapCached:            0 kB
Active:          1326112 kB
Inactive:         707236 kB
Active(anon):     824980 kB
Inactive(anon):   205704 kB
Active(file):     501132 kB
Inactive(file):   501532 kB
Unevictable:       12768 kB
Mlocked:               0 kB
SwapTotal:        720184 kB
SwapFree:         720156 kB
Dirty:                28 kB
Writeback:             0 kB
AnonPages:        999148 kB
Mapped:           688400 kB
Shmem:             31644 kB
Slab:             116356 kB
SReclaimable:      35796 kB
SUnreclaim:        80560 kB
KernelStack:       33824 kB
PageTables:        57372 kB
NFS_Unstable:          0 kB
Bounce:                0 kB
WritebackTmp:          0 kB
CommitLimit:     2172840 kB
Committed_AS:   92145056 kB
VmallocTotal:   251658176 kB
VmallocUsed:      139844 kB
VmallocChunk:   251419692 kB
Time pass: 355 sec

---2015-12-05 02:13:17
MemTotal:        2905316 kB
MemFree:           68412 kB
Buffers:           26328 kB
Cached:          1020812 kB
SwapCached:            0 kB
Active:          1326908 kB
Inactive:         707288 kB
Active(anon):     825764 kB
Inactive(anon):   205704 kB
Active(file):     501144 kB
Inactive(file):   501584 kB
Unevictable:       12768 kB
Mlocked:               0 kB
SwapTotal:        720184 kB
SwapFree:         720156 kB
Dirty:               124 kB
Writeback:             0 kB
AnonPages:        999908 kB
Mapped:           688400 kB
Shmem:             31644 kB
Slab:             116356 kB
SReclaimable:      35796 kB
SUnreclaim:        80560 kB
KernelStack:       33808 kB
PageTables:        57376 kB
NFS_Unstable:          0 kB
Bounce:                0 kB
WritebackTmp:          0 kB
CommitLimit:     2172840 kB
Committed_AS:   92145052 kB
VmallocTotal:   251658176 kB
VmallocUsed:      139844 kB
VmallocChunk:   251419692 kB
Time pass: 358 sec

---2015-12-05 02:13:17
MemTotal:        2905316 kB
MemFree:           67500 kB
Buffers:           26336 kB
Cached:          1020880 kB
SwapCached:            0 kB
Active:          1327484 kB
Inactive:         707356 kB
Active(anon):     826332 kB
Inactive(anon):   205764 kB
Active(file):     501152 kB
Inactive(file):   501592 kB
Unevictable:       12768 kB
Mlocked:               0 kB
SwapTotal:        720184 kB
SwapFree:         720156 kB
Dirty:                88 kB
Writeback:             0 kB
AnonPages:       1000476 kB
Mapped:           688544 kB
Shmem:             31704 kB
Slab:             116372 kB
SReclaimable:      35796 kB
SUnreclaim:        80576 kB
KernelStack:       33792 kB
PageTables:        57428 kB
NFS_Unstable:          0 kB
Bounce:                0 kB
WritebackTmp:          0 kB
CommitLimit:     2172840 kB
Committed_AS:   92171636 kB
VmallocTotal:   251658176 kB
VmallocUsed:      139844 kB
VmallocChunk:   251419692 kB
Time pass: 362 sec

---2015-12-05 02:13:17
MemTotal:        2905316 kB
MemFree:           67948 kB
Buffers:           26336 kB
Cached:          1020884 kB
SwapCached:            0 kB
Active:          1327700 kB
Inactive:         707352 kB
Active(anon):     826540 kB
Inactive(anon):   205764 kB
Active(file):     501160 kB
Inactive(file):   501588 kB
Unevictable:       12768 kB
Mlocked:               0 kB
SwapTotal:        720184 kB
SwapFree:         720156 kB
Dirty:                20 kB
Writeback:             0 kB
AnonPages:       1000684 kB
Mapped:           688568 kB
Shmem:             31704 kB
Slab:             116372 kB
SReclaimable:      35796 kB
SUnreclaim:        80576 kB
KernelStack:       33760 kB
PageTables:        57424 kB
NFS_Unstable:          0 kB
Bounce:                0 kB
WritebackTmp:          0 kB
CommitLimit:     2172840 kB
Committed_AS:   92171624 kB
VmallocTotal:   251658176 kB
VmallocUsed:      139844 kB
VmallocChunk:   251419692 kB
Time pass: 366 sec

---2015-12-05 02:13:17
MemTotal:        2905316 kB
MemFree:           66844 kB
Buffers:           26360 kB
Cached:          1020916 kB
SwapCached:            0 kB
Active:          1328456 kB
Inactive:         707392 kB
Active(anon):     827280 kB
Inactive(anon):   205764 kB
Active(file):     501176 kB
Inactive(file):   501628 kB
Unevictable:       12768 kB
Mlocked:               0 kB
SwapTotal:        720184 kB
SwapFree:         720156 kB
Dirty:                84 kB
Writeback:             0 kB
AnonPages:       1001428 kB
Mapped:           688576 kB
Shmem:             31704 kB
Slab:             116372 kB
SReclaimable:      35796 kB
SUnreclaim:        80576 kB
KernelStack:       33792 kB
PageTables:        57428 kB
NFS_Unstable:          0 kB
Bounce:                0 kB
WritebackTmp:          0 kB
CommitLimit:     2172840 kB
Committed_AS:   92171476 kB
VmallocTotal:   251658176 kB
VmallocUsed:      139844 kB
VmallocChunk:   251419692 kB
Time pass: 370 sec

---2015-12-05 02:13:17
MemTotal:        2905316 kB
MemFree:           66828 kB
Buffers:           26368 kB
Cached:          1020920 kB
SwapCached:            0 kB
Active:          1328532 kB
Inactive:         707400 kB
Active(anon):     827352 kB
Inactive(anon):   205768 kB
Active(file):     501180 kB
Inactive(file):   501632 kB
Unevictable:       12768 kB
Mlocked:               0 kB
SwapTotal:        720184 kB
SwapFree:         720156 kB
Dirty:                92 kB
Writeback:             0 kB
AnonPages:       1001500 kB
Mapped:           688588 kB
Shmem:             31708 kB
Slab:             116372 kB
SReclaimable:      35796 kB
SUnreclaim:        80576 kB
KernelStack:       33712 kB
PageTables:        57432 kB
NFS_Unstable:          0 kB
Bounce:                0 kB
WritebackTmp:          0 kB
CommitLimit:     2172840 kB
Committed_AS:   92171524 kB
VmallocTotal:   251658176 kB
VmallocUsed:      139844 kB
VmallocChunk:   251419692 kB
Time pass: 373 sec

---2015-12-05 02:13:17
MemTotal:        2905316 kB
MemFree:           66756 kB
Buffers:           26368 kB
Cached:          1020936 kB
SwapCached:            0 kB
Active:          1328716 kB
Inactive:         707408 kB
Active(anon):     827528 kB
Inactive(anon):   205768 kB
Active(file):     501188 kB
Inactive(file):   501640 kB
Unevictable:       12768 kB
Mlocked:               0 kB
SwapTotal:        720184 kB
SwapFree:         720156 kB
Dirty:                16 kB
Writeback:             0 kB
AnonPages:       1001576 kB
Mapped:           688596 kB
Shmem:             31708 kB
Slab:             116372 kB
SReclaimable:      35796 kB
SUnreclaim:        80576 kB
KernelStack:       33712 kB
PageTables:        57432 kB
NFS_Unstable:          0 kB
Bounce:                0 kB
WritebackTmp:          0 kB
CommitLimit:     2172840 kB
Committed_AS:   92171472 kB
VmallocTotal:   251658176 kB
VmallocUsed:      139844 kB
VmallocChunk:   251419692 kB
Time pass: 377 sec

---2015-12-05 02:13:17
MemTotal:        2905316 kB
MemFree:           66108 kB
Buffers:           26392 kB
Cached:          1020976 kB
SwapCached:            0 kB
Active:          1329156 kB
Inactive:         707460 kB
Active(anon):     827956 kB
Inactive(anon):   205768 kB
Active(file):     501200 kB
Inactive(file):   501692 kB
Unevictable:       12768 kB
Mlocked:               0 kB
SwapTotal:        720184 kB
SwapFree:         720156 kB
Dirty:               112 kB
Writeback:             0 kB
AnonPages:       1002200 kB
Mapped:           688600 kB
Shmem:             31708 kB
Slab:             116372 kB
SReclaimable:      35796 kB
SUnreclaim:        80576 kB
KernelStack:       33680 kB
PageTables:        57420 kB
NFS_Unstable:          0 kB
Bounce:                0 kB
WritebackTmp:          0 kB
CommitLimit:     2172840 kB
Committed_AS:   92171508 kB
VmallocTotal:   251658176 kB
VmallocUsed:      139844 kB
VmallocChunk:   251419692 kB
Time pass: 381 sec

---2015-12-05 02:13:17
MemTotal:        2905316 kB
MemFree:           65208 kB
Buffers:           26392 kB
Cached:          1020980 kB
SwapCached:            0 kB
Active:          1329896 kB
Inactive:         707456 kB
Active(anon):     828688 kB
Inactive(anon):   205768 kB
Active(file):     501208 kB
Inactive(file):   501688 kB
Unevictable:       12768 kB
Mlocked:               0 kB
SwapTotal:        720184 kB
SwapFree:         720156 kB
Dirty:                 8 kB
Writeback:             0 kB
AnonPages:       1003032 kB
Mapped:           688604 kB
Shmem:             31708 kB
Slab:             116372 kB
SReclaimable:      35796 kB
SUnreclaim:        80576 kB
KernelStack:       33712 kB
PageTables:        57420 kB
NFS_Unstable:          0 kB
Bounce:                0 kB
WritebackTmp:          0 kB
CommitLimit:     2172840 kB
Committed_AS:   92171448 kB
VmallocTotal:   251658176 kB
VmallocUsed:      139844 kB
VmallocChunk:   251419692 kB
Time pass: 385 sec

---2015-12-05 02:13:17
MemTotal:        2905316 kB
MemFree:           65196 kB
Buffers:           26400 kB
Cached:          1020980 kB
SwapCached:            0 kB
Active:          1329976 kB
Inactive:         707460 kB
Active(anon):     828764 kB
Inactive(anon):   205768 kB
Active(file):     501212 kB
Inactive(file):   501692 kB
Unevictable:       12768 kB
Mlocked:               0 kB
SwapTotal:        720184 kB
SwapFree:         720156 kB
Dirty:                68 kB
Writeback:             0 kB
AnonPages:       1002932 kB
Mapped:           688612 kB
Shmem:             31708 kB
Slab:             116372 kB
SReclaimable:      35796 kB
SUnreclaim:        80576 kB
KernelStack:       33728 kB
PageTables:        57432 kB
NFS_Unstable:          0 kB
Bounce:                0 kB
WritebackTmp:          0 kB
CommitLimit:     2172840 kB
Committed_AS:   92171496 kB
VmallocTotal:   251658176 kB
VmallocUsed:      139844 kB
VmallocChunk:   251419692 kB
Time pass: 389 sec

---2015-12-05 02:13:17
MemTotal:        2905316 kB
MemFree:           64236 kB
Buffers:           26424 kB
Cached:          1021076 kB
SwapCached:            0 kB
Active:          1331048 kB
Inactive:         707572 kB
Active(anon):     829832 kB
Inactive(anon):   205824 kB
Active(file):     501216 kB
Inactive(file):   501748 kB
Unevictable:       12768 kB
Mlocked:               0 kB
SwapTotal:        720184 kB
SwapFree:         720156 kB
Dirty:               116 kB
Writeback:             0 kB
AnonPages:       1003884 kB
Mapped:           688752 kB
Shmem:             31768 kB
Slab:             116372 kB
SReclaimable:      35796 kB
SUnreclaim:        80576 kB
KernelStack:       33728 kB
PageTables:        57504 kB
NFS_Unstable:          0 kB
Bounce:                0 kB
WritebackTmp:          0 kB
CommitLimit:     2172840 kB
Committed_AS:   92198120 kB
VmallocTotal:   251658176 kB
VmallocUsed:      139844 kB
VmallocChunk:   251419692 kB
Time pass: 392 sec

---2015-12-05 02:13:17
MemTotal:        2905316 kB
MemFree:           62892 kB
Buffers:           26424 kB
Cached:          1021080 kB
SwapCached:            0 kB
Active:          1331592 kB
Inactive:         707568 kB
Active(anon):     830368 kB
Inactive(anon):   205824 kB
Active(file):     501224 kB
Inactive(file):   501744 kB
Unevictable:       12768 kB
Mlocked:               0 kB
SwapTotal:        720184 kB
SwapFree:         720156 kB
Dirty:                12 kB
Writeback:             0 kB
AnonPages:       1004592 kB
Mapped:           688760 kB
Shmem:             31768 kB
Slab:             116372 kB
SReclaimable:      35796 kB
SUnreclaim:        80576 kB
KernelStack:       33712 kB
PageTables:        57504 kB
NFS_Unstable:          0 kB
Bounce:                0 kB
WritebackTmp:          0 kB
CommitLimit:     2172840 kB
Committed_AS:   92198096 kB
VmallocTotal:   251658176 kB
VmallocUsed:      139844 kB
VmallocChunk:   251419692 kB
Time pass: 396 sec

---2015-12-05 02:13:17
MemTotal:        2905316 kB
MemFree:           62768 kB
Buffers:           26432 kB
Cached:          1021092 kB
SwapCached:            0 kB
Active:          1332056 kB
Inactive:         707584 kB
