---2015-12-05 14:07:44
MemTotal:        2905316 kB
MemFree:          123632 kB
Buffers:           27064 kB
Cached:          1329796 kB
SwapCached:            0 kB
Active:          1291300 kB
Inactive:         977764 kB
Active(anon):     769144 kB
Inactive(anon):   189436 kB
Active(file):     522156 kB
Inactive(file):   788328 kB
Unevictable:        7800 kB
Mlocked:               0 kB
SwapTotal:        720184 kB
SwapFree:         720184 kB
Dirty:                88 kB
Writeback:             0 kB
AnonPages:        919844 kB
Mapped:           568928 kB
Shmem:             38568 kB
Slab:             119024 kB
SReclaimable:      35936 kB
SUnreclaim:        83088 kB
KernelStack:       33024 kB
PageTables:        56116 kB
NFS_Unstable:          0 kB
Bounce:                0 kB
WritebackTmp:          0 kB
CommitLimit:     2172840 kB
Committed_AS:   92614608 kB
VmallocTotal:   251658176 kB
VmallocUsed:      135752 kB
VmallocChunk:   251409964 kB
Time pass: 3 sec

---2015-12-05 14:07:44
MemTotal:        2905316 kB
MemFree:          117144 kB
Buffers:           27464 kB
Cached:          1330872 kB
SwapCached:            0 kB
Active:          1296736 kB
Inactive:         979052 kB
Active(anon):     774400 kB
Inactive(anon):   189436 kB
Active(file):     522336 kB
Inactive(file):   789616 kB
Unevictable:        7800 kB
Mlocked:               0 kB
SwapTotal:        720184 kB
SwapFree:         720184 kB
Dirty:               208 kB
Writeback:             0 kB
AnonPages:        925180 kB
Mapped:           570304 kB
Shmem:             38568 kB
Slab:             119104 kB
SReclaimable:      35952 kB
SUnreclaim:        83152 kB
KernelStack:       32656 kB
PageTables:        56180 kB
NFS_Unstable:          0 kB
Bounce:                0 kB
WritebackTmp:          0 kB
CommitLimit:     2172840 kB
Committed_AS:   92621160 kB
VmallocTotal:   251658176 kB
VmallocUsed:      136772 kB
VmallocChunk:   251409964 kB
Time pass: 7 sec

---2015-12-05 14:07:44
MemTotal:        2905316 kB
MemFree:          115992 kB
Buffers:           27480 kB
Cached:          1330916 kB
SwapCached:            0 kB
Active:          1297596 kB
Inactive:         979100 kB
Active(anon):     775232 kB
Inactive(anon):   189436 kB
Active(file):     522364 kB
Inactive(file):   789664 kB
Unevictable:        7800 kB
Mlocked:               0 kB
SwapTotal:        720184 kB
SwapFree:         720184 kB
Dirty:               288 kB
Writeback:             0 kB
AnonPages:        925984 kB
Mapped:           570308 kB
Shmem:             38568 kB
Slab:             119120 kB
SReclaimable:      35952 kB
SUnreclaim:        83168 kB
KernelStack:       32672 kB
PageTables:        56184 kB
NFS_Unstable:          0 kB
Bounce:                0 kB
WritebackTmp:          0 kB
CommitLimit:     2172840 kB
Committed_AS:   92619004 kB
VmallocTotal:   251658176 kB
VmallocUsed:      136772 kB
VmallocChunk:   251409964 kB
Time pass: 11 sec

---2015-12-05 14:07:44
MemTotal:        2905316 kB
MemFree:          115184 kB
Buffers:           27488 kB
Cached:          1330928 kB
SwapCached:            0 kB
Active:          1297872 kB
Inactive:         979100 kB
Active(anon):     775500 kB
Inactive(anon):   189436 kB
Active(file):     522372 kB
Inactive(file):   789664 kB
Unevictable:        7800 kB
Mlocked:               0 kB
SwapTotal:        720184 kB
SwapFree:         720184 kB
Dirty:                96 kB
Writeback:             0 kB
AnonPages:        926352 kB
Mapped:           570312 kB
Shmem:             38568 kB
Slab:             119204 kB
SReclaimable:      35952 kB
SUnreclaim:        83252 kB
KernelStack:       32656 kB
PageTables:        56176 kB
NFS_Unstable:          0 kB
Bounce:                0 kB
WritebackTmp:          0 kB
CommitLimit:     2172840 kB
Committed_AS:   92618996 kB
VmallocTotal:   251658176 kB
VmallocUsed:      136772 kB
VmallocChunk:   251409964 kB
Time pass: 15 sec

---2015-12-05 14:07:44
MemTotal:        2905316 kB
MemFree:           64072 kB
Buffers:           27512 kB
Cached:          1333572 kB
SwapCached:            0 kB
Active:          1306716 kB
Inactive:         981244 kB
Active(anon):     784244 kB
Inactive(anon):   189436 kB
Active(file):     522472 kB
Inactive(file):   791808 kB
Unevictable:        7800 kB
Mlocked:               0 kB
SwapTotal:        720184 kB
SwapFree:         720184 kB
Dirty:                56 kB
Writeback:             0 kB
AnonPages:        935316 kB
Mapped:           571244 kB
Shmem:             38568 kB
Slab:             119116 kB
SReclaimable:      35952 kB
SUnreclaim:        83164 kB
KernelStack:       32608 kB
PageTables:        57088 kB
NFS_Unstable:          0 kB
Bounce:                0 kB
WritebackTmp:          0 kB
CommitLimit:     2172840 kB
Committed_AS:   96791112 kB
VmallocTotal:   251658176 kB
VmallocUsed:      138688 kB
VmallocChunk:   251409964 kB
Time pass: 18 sec

---2015-12-05 14:07:44
MemTotal:        2905316 kB
MemFree:           67296 kB
Buffers:           24296 kB
Cached:          1230404 kB
SwapCached:            0 kB
Active:          1334032 kB
Inactive:         880336 kB
Active(anon):     803676 kB
Inactive(anon):   202560 kB
Active(file):     530356 kB
Inactive(file):   677776 kB
Unevictable:        7800 kB
Mlocked:               0 kB
SwapTotal:        720184 kB
SwapFree:         720184 kB
Dirty:               440 kB
Writeback:           220 kB
AnonPages:        967636 kB
Mapped:           628952 kB
Shmem:             38764 kB
Slab:             119608 kB
SReclaimable:      36120 kB
SUnreclaim:        83488 kB
KernelStack:       33824 kB
PageTables:        57392 kB
NFS_Unstable:          0 kB
Bounce:                0 kB
WritebackTmp:          0 kB
CommitLimit:     2172840 kB
Committed_AS:   93471748 kB
VmallocTotal:   251658176 kB
VmallocUsed:      138184 kB
VmallocChunk:   251409964 kB
Time pass: 22 sec

---2015-12-05 14:07:44
MemTotal:        2905316 kB
MemFree:           98628 kB
Buffers:           24232 kB
Cached:          1195332 kB
SwapCached:            0 kB
Active:          1308628 kB
Inactive:         835316 kB
Active(anon):     776860 kB
Inactive(anon):   186424 kB
Active(file):     531768 kB
Inactive(file):   648892 kB
Unevictable:        7800 kB
Mlocked:               0 kB
SwapTotal:        720184 kB
SwapFree:         720184 kB
Dirty:               764 kB
Writeback:             0 kB
AnonPages:        932016 kB
Mapped:           627008 kB
Shmem:             31100 kB
Slab:             119232 kB
SReclaimable:      36032 kB
SUnreclaim:        83200 kB
KernelStack:       33440 kB
PageTables:        56668 kB
NFS_Unstable:          0 kB
Bounce:                0 kB
WritebackTmp:          0 kB
CommitLimit:     2172840 kB
Committed_AS:   92696844 kB
VmallocTotal:   251658176 kB
VmallocUsed:      137548 kB
VmallocChunk:   251409964 kB
Time pass: 25 sec

---2015-12-05 14:07:44
MemTotal:        2905316 kB
MemFree:           97400 kB
Buffers:           24240 kB
Cached:          1195368 kB
SwapCached:            0 kB
Active:          1310012 kB
Inactive:         835336 kB
Active(anon):     778240 kB
Inactive(anon):   186424 kB
Active(file):     531772 kB
Inactive(file):   648912 kB
Unevictable:        7800 kB
Mlocked:               0 kB
SwapTotal:        720184 kB
SwapFree:         720184 kB
Dirty:               148 kB
Writeback:             0 kB
AnonPages:        933624 kB
Mapped:           627024 kB
Shmem:             31100 kB
Slab:             119412 kB
SReclaimable:      36112 kB
SUnreclaim:        83300 kB
KernelStack:       33440 kB
PageTables:        56676 kB
NFS_Unstable:          0 kB
Bounce:                0 kB
WritebackTmp:          0 kB
CommitLimit:     2172840 kB
Committed_AS:   92696832 kB
VmallocTotal:   251658176 kB
VmallocUsed:      137548 kB
VmallocChunk:   251409964 kB
Time pass: 29 sec

---2015-12-05 14:07:44
MemTotal:        2905316 kB
MemFree:           95324 kB
Buffers:           25776 kB
Cached:          1195376 kB
SwapCached:            0 kB
Active:          1310516 kB
Inactive:         836892 kB
Active(anon):     778732 kB
Inactive(anon):   186424 kB
Active(file):     531784 kB
Inactive(file):   650468 kB
Unevictable:        7800 kB
Mlocked:               0 kB
SwapTotal:        720184 kB
SwapFree:         720184 kB
Dirty:                 4 kB
Writeback:             0 kB
AnonPages:        934048 kB
Mapped:           627084 kB
Shmem:             31100 kB
Slab:             119420 kB
SReclaimable:      36112 kB
SUnreclaim:        83308 kB
KernelStack:       33456 kB
PageTables:        56700 kB
NFS_Unstable:          0 kB
Bounce:                0 kB
WritebackTmp:          0 kB
CommitLimit:     2172840 kB
Committed_AS:   92696780 kB
VmallocTotal:   251658176 kB
VmallocUsed:      137548 kB
VmallocChunk:   251409964 kB
Time pass: 33 sec

---2015-12-05 14:07:44
MemTotal:        2905316 kB
MemFree:          102872 kB
Buffers:           25784 kB
Cached:          1195376 kB
SwapCached:            0 kB
Active:          1306800 kB
Inactive:         833628 kB
Active(anon):     771756 kB
Inactive(anon):   186424 kB
Active(file):     535044 kB
Inactive(file):   647204 kB
Unevictable:        7800 kB
Mlocked:               0 kB
SwapTotal:        720184 kB
SwapFree:         720184 kB
Dirty:                64 kB
Writeback:             0 kB
AnonPages:        927172 kB
Mapped:           622924 kB
Shmem:             31100 kB
Slab:             119288 kB
SReclaimable:      36112 kB
SUnreclaim:        83176 kB
KernelStack:       33472 kB
PageTables:        56016 kB
NFS_Unstable:          0 kB
Bounce:                0 kB
WritebackTmp:          0 kB
CommitLimit:     2172840 kB
Committed_AS:   91446420 kB
VmallocTotal:   251658176 kB
VmallocUsed:      136528 kB
VmallocChunk:   251409964 kB
Time pass: 37 sec

---2015-12-05 14:07:44
MemTotal:        2905316 kB
MemFree:          101764 kB
Buffers:           25792 kB
Cached:          1195416 kB
SwapCached:            0 kB
Active:          1308520 kB
Inactive:         833604 kB
Active(anon):     773424 kB
Inactive(anon):   186424 kB
Active(file):     535096 kB
Inactive(file):   647180 kB
Unevictable:        7800 kB
Mlocked:               0 kB
SwapTotal:        720184 kB
SwapFree:         720184 kB
Dirty:                88 kB
Writeback:             0 kB
AnonPages:        928780 kB
Mapped:           622996 kB
Shmem:             31100 kB
Slab:             119280 kB
SReclaimable:      36112 kB
SUnreclaim:        83168 kB
KernelStack:       33264 kB
PageTables:        55936 kB
NFS_Unstable:          0 kB
Bounce:                0 kB
WritebackTmp:          0 kB
CommitLimit:     2172840 kB
Committed_AS:   91446336 kB
VmallocTotal:   251658176 kB
VmallocUsed:      136528 kB
VmallocChunk:   251409964 kB
Time pass: 40 sec

---2015-12-05 14:07:44
MemTotal:        2905316 kB
MemFree:           62340 kB
Buffers:           25716 kB
Cached:          1171324 kB
SwapCached:            0 kB
Active:          1325472 kB
Inactive:         808612 kB
Active(anon):     787016 kB
Inactive(anon):   188988 kB
Active(file):     538456 kB
Inactive(file):   619624 kB
Unevictable:        7800 kB
Mlocked:               0 kB
SwapTotal:        720184 kB
SwapFree:         720184 kB
Dirty:               304 kB
Writeback:             0 kB
AnonPages:        944848 kB
Mapped:           634464 kB
Shmem:             31104 kB
Slab:             119336 kB
SReclaimable:      36144 kB
SUnreclaim:        83192 kB
KernelStack:       33296 kB
PageTables:        56236 kB
NFS_Unstable:          0 kB
Bounce:                0 kB
WritebackTmp:          0 kB
CommitLimit:     2172840 kB
Committed_AS:   91475108 kB
VmallocTotal:   251658176 kB
VmallocUsed:      136784 kB
VmallocChunk:   251409964 kB
Time pass: 44 sec

---2015-12-05 14:07:44
MemTotal:        2905316 kB
MemFree:           70936 kB
Buffers:           25552 kB
Cached:          1151924 kB
SwapCached:            0 kB
Active:          1331156 kB
Inactive:         785968 kB
Active(anon):     785504 kB
Inactive(anon):   193080 kB
Active(file):     545652 kB
Inactive(file):   592888 kB
Unevictable:        7800 kB
Mlocked:               0 kB
SwapTotal:        720184 kB
SwapFree:         720184 kB
Dirty:                24 kB
Writeback:             0 kB
AnonPages:        947460 kB
Mapped:           639996 kB
Shmem:             31104 kB
Slab:             119240 kB
SReclaimable:      36048 kB
SUnreclaim:        83192 kB
KernelStack:       33296 kB
PageTables:        56344 kB
NFS_Unstable:          0 kB
Bounce:                0 kB
WritebackTmp:          0 kB
CommitLimit:     2172840 kB
Committed_AS:   91486804 kB
VmallocTotal:   251658176 kB
VmallocUsed:      136832 kB
VmallocChunk:   251409964 kB
Time pass: 48 sec

---2015-12-05 14:07:44
MemTotal:        2905316 kB
MemFree:           67860 kB
Buffers:           24360 kB
Cached:          1107204 kB
SwapCached:            0 kB
Active:          1344964 kB
Inactive:         745360 kB
Active(anon):     800564 kB
Inactive(anon):   202148 kB
Active(file):     544400 kB
Inactive(file):   543212 kB
Unevictable:       12536 kB
Mlocked:               0 kB
SwapTotal:        720184 kB
SwapFree:         720156 kB
Dirty:               712 kB
Writeback:           220 kB
AnonPages:        971452 kB
Mapped:           676560 kB
Shmem:             31296 kB
Slab:             119460 kB
SReclaimable:      36072 kB
SUnreclaim:        83388 kB
KernelStack:       33520 kB
PageTables:        56368 kB
NFS_Unstable:          0 kB
Bounce:                0 kB
WritebackTmp:          0 kB
CommitLimit:     2172840 kB
Committed_AS:   91534744 kB
VmallocTotal:   251658176 kB
VmallocUsed:      137068 kB
VmallocChunk:   251409964 kB
Time pass: 52 sec

---2015-12-05 14:07:44
MemTotal:        2905316 kB
MemFree:           74576 kB
Buffers:           24372 kB
Cached:          1098864 kB
SwapCached:            0 kB
Active:          1334544 kB
Inactive:         741060 kB
Active(anon):     794332 kB
Inactive(anon):   201940 kB
Active(file):     540212 kB
Inactive(file):   539120 kB
Unevictable:       12764 kB
Mlocked:               0 kB
SwapTotal:        720184 kB
SwapFree:         720156 kB
Dirty:               916 kB
Writeback:             0 kB
AnonPages:        964988 kB
Mapped:           682652 kB
Shmem:             31140 kB
Slab:             119256 kB
SReclaimable:      35816 kB
SUnreclaim:        83440 kB
KernelStack:       33424 kB
PageTables:        56408 kB
NFS_Unstable:          0 kB
Bounce:                0 kB
WritebackTmp:          0 kB
CommitLimit:     2172840 kB
Committed_AS:   91519504 kB
VmallocTotal:   251658176 kB
VmallocUsed:      137140 kB
VmallocChunk:   251409964 kB
Time pass: 55 sec

---2015-12-05 14:07:44
MemTotal:        2905316 kB
MemFree:           75988 kB
Buffers:           24380 kB
Cached:          1098644 kB
SwapCached:            0 kB
Active:          1333884 kB
Inactive:         740712 kB
Active(anon):     793612 kB
Inactive(anon):   201644 kB
Active(file):     540272 kB
Inactive(file):   539068 kB
Unevictable:       12764 kB
Mlocked:               0 kB
SwapTotal:        720184 kB
SwapFree:         720156 kB
Dirty:                52 kB
Writeback:             0 kB
AnonPages:        964480 kB
Mapped:           682436 kB
Shmem:             30920 kB
Slab:             119244 kB
SReclaimable:      35816 kB
SUnreclaim:        83428 kB
KernelStack:       33408 kB
PageTables:        56408 kB
NFS_Unstable:          0 kB
Bounce:                0 kB
WritebackTmp:          0 kB
CommitLimit:     2172840 kB
Committed_AS:   91517212 kB
VmallocTotal:   251658176 kB
VmallocUsed:      137140 kB
VmallocChunk:   251409964 kB
Time pass: 59 sec

---2015-12-05 14:07:44
MemTotal:        2905316 kB
MemFree:           78280 kB
Buffers:           24156 kB
Cached:          1081268 kB
SwapCached:            0 kB
Active:          1326380 kB
Inactive:         732636 kB
Active(anon):     796232 kB
Inactive(anon):   200976 kB
Active(file):     530148 kB
Inactive(file):   531660 kB
Unevictable:       12768 kB
Mlocked:               0 kB
SwapTotal:        720184 kB
SwapFree:         720156 kB
Dirty:               196 kB
Writeback:             0 kB
AnonPages:        966496 kB
Mapped:           689680 kB
Shmem:             30784 kB
Slab:             119100 kB
SReclaimable:      35732 kB
SUnreclaim:        83368 kB
KernelStack:       33376 kB
PageTables:        56432 kB
NFS_Unstable:          0 kB
Bounce:                0 kB
WritebackTmp:          0 kB
CommitLimit:     2172840 kB
Committed_AS:   91518332 kB
VmallocTotal:   251658176 kB
VmallocUsed:      137260 kB
VmallocChunk:   251409964 kB
Time pass: 63 sec

---2015-12-05 14:07:44
MemTotal:        2905316 kB
MemFree:           92564 kB
Buffers:           24164 kB
Cached:          1081268 kB
SwapCached:            0 kB
Active:          1311548 kB
Inactive:         732704 kB
Active(anon):     781396 kB
Inactive(anon):   200976 kB
Active(file):     530152 kB
Inactive(file):   531728 kB
Unevictable:       12768 kB
Mlocked:               0 kB
SwapTotal:        720184 kB
SwapFree:         720156 kB
Dirty:                 0 kB
Writeback:             0 kB
AnonPages:        951516 kB
Mapped:           689700 kB
Shmem:             30784 kB
Slab:             119204 kB
SReclaimable:      35780 kB
SUnreclaim:        83424 kB
KernelStack:       33376 kB
PageTables:        56428 kB
NFS_Unstable:          0 kB
Bounce:                0 kB
WritebackTmp:          0 kB
CommitLimit:     2172840 kB
Committed_AS:   91518312 kB
VmallocTotal:   251658176 kB
VmallocUsed:      137260 kB
VmallocChunk:   251409964 kB
Time pass: 67 sec

---2015-12-05 14:07:44
MemTotal:        2905316 kB
MemFree:           72440 kB
Buffers:           24176 kB
Cached:          1073868 kB
SwapCached:            0 kB
Active:          1315200 kB
Inactive:         728060 kB
Active(anon):     787956 kB
Inactive(anon):   200816 kB
Active(file):     527244 kB
Inactive(file):   527244 kB
Unevictable:       12768 kB
Mlocked:               0 kB
SwapTotal:        720184 kB
SwapFree:         720156 kB
Dirty:               620 kB
Writeback:             0 kB
AnonPages:        958116 kB
Mapped:           700960 kB
Shmem:             30784 kB
Slab:             119304 kB
SReclaimable:      35732 kB
SUnreclaim:        83572 kB
KernelStack:       33360 kB
PageTables:        56392 kB
NFS_Unstable:          0 kB
Bounce:                0 kB
WritebackTmp:          0 kB
CommitLimit:     2172840 kB
Committed_AS:   91529912 kB
VmallocTotal:   251658176 kB
VmallocUsed:      137436 kB
VmallocChunk:   251409964 kB
Time pass: 70 sec

---2015-12-05 14:07:44
MemTotal:        2905316 kB
MemFree:           65608 kB
Buffers:           24180 kB
Cached:          1071536 kB
SwapCached:            0 kB
Active:          1322824 kB
Inactive:         726928 kB
Active(anon):     796752 kB
Inactive(anon):   200808 kB
Active(file):     526072 kB
Inactive(file):   526120 kB
Unevictable:       12768 kB
Mlocked:               0 kB
SwapTotal:        720184 kB
SwapFree:         720156 kB
Dirty:               236 kB
Writeback:             0 kB
AnonPages:        966528 kB
Mapped:           705248 kB
Shmem:             30784 kB
Slab:             119804 kB
SReclaimable:      36068 kB
SUnreclaim:        83736 kB
KernelStack:       33472 kB
PageTables:        56368 kB
NFS_Unstable:          0 kB
Bounce:                0 kB
WritebackTmp:          0 kB
CommitLimit:     2172840 kB
Committed_AS:   91535608 kB
VmallocTotal:   251658176 kB
VmallocUsed:      137436 kB
VmallocChunk:   251409964 kB
Time pass: 74 sec

---2015-12-05 14:07:44
MemTotal:        2905316 kB
MemFree:           70836 kB
Buffers:           24200 kB
Cached:          1052756 kB
SwapCached:            0 kB
Active:          1328416 kB
Inactive:         720460 kB
Active(anon):     812016 kB
Inactive(anon):   203404 kB
Active(file):     516400 kB
Inactive(file):   517056 kB
Unevictable:       12768 kB
Mlocked:               0 kB
SwapTotal:        720184 kB
SwapFree:         720156 kB
Dirty:               216 kB
Writeback:             0 kB
AnonPages:        984708 kB
Mapped:           704476 kB
Shmem:             30896 kB
Slab:             117956 kB
SReclaimable:      34388 kB
SUnreclaim:        83568 kB
KernelStack:       33696 kB
PageTables:        56592 kB
NFS_Unstable:          0 kB
Bounce:                0 kB
WritebackTmp:          0 kB
CommitLimit:     2172840 kB
Committed_AS:   91581360 kB
VmallocTotal:   251658176 kB
VmallocUsed:      139884 kB
VmallocChunk:   251409964 kB
Time pass: 78 sec

---2015-12-05 14:07:44
MemTotal:        2905316 kB
MemFree:           82272 kB
Buffers:           24004 kB
Cached:          1017320 kB
SwapCached:            0 kB
Active:          1313096 kB
Inactive:         702256 kB
Active(anon):     814452 kB
Inactive(anon):   203660 kB
Active(file):     498644 kB
Inactive(file):   498596 kB
Unevictable:       12768 kB
Mlocked:               0 kB
SwapTotal:        720184 kB
SwapFree:         720156 kB
Dirty:                96 kB
Writeback:             0 kB
AnonPages:        987004 kB
Mapped:           699616 kB
Shmem:             31020 kB
Slab:             117128 kB
SReclaimable:      33348 kB
SUnreclaim:        83780 kB
KernelStack:       33776 kB
PageTables:        56712 kB
NFS_Unstable:          0 kB
Bounce:                0 kB
WritebackTmp:          0 kB
CommitLimit:     2172840 kB
Committed_AS:   91609096 kB
VmallocTotal:   251658176 kB
VmallocUsed:      139884 kB
VmallocChunk:   251409964 kB
Time pass: 82 sec

---2015-12-05 14:07:44
MemTotal:        2905316 kB
MemFree:           80096 kB
Buffers:           24012 kB
Cached:          1017316 kB
SwapCached:            0 kB
Active:          1313732 kB
Inactive:         702492 kB
Active(anon):     815080 kB
Inactive(anon):   203788 kB
Active(file):     498652 kB
Inactive(file):   498704 kB
Unevictable:       12768 kB
Mlocked:               0 kB
SwapTotal:        720184 kB
SwapFree:         720156 kB
Dirty:                92 kB
Writeback:             0 kB
AnonPages:        987780 kB
Mapped:           699668 kB
Shmem:             31176 kB
Slab:             119280 kB
SReclaimable:      35636 kB
SUnreclaim:        83644 kB
KernelStack:       33760 kB
PageTables:        56872 kB
NFS_Unstable:          0 kB
Bounce:                0 kB
WritebackTmp:          0 kB
CommitLimit:     2172840 kB
Committed_AS:   91609588 kB
VmallocTotal:   251658176 kB
VmallocUsed:      139884 kB
VmallocChunk:   251409964 kB
Time pass: 86 sec

---2015-12-05 14:07:44
MemTotal:        2905316 kB
MemFree:           77080 kB
Buffers:           24028 kB
Cached:          1017532 kB
SwapCached:            0 kB
Active:          1315904 kB
Inactive:         702648 kB
Active(anon):     817208 kB
Inactive(anon):   203916 kB
Active(file):     498696 kB
Inactive(file):   498732 kB
Unevictable:       12768 kB
Mlocked:               0 kB
SwapTotal:        720184 kB
SwapFree:         720156 kB
Dirty:               116 kB
Writeback:             0 kB
AnonPages:        989716 kB
Mapped:           699840 kB
Shmem:             31344 kB
Slab:             119304 kB
SReclaimable:      35636 kB
SUnreclaim:        83668 kB
KernelStack:       33760 kB
PageTables:        56868 kB
NFS_Unstable:          0 kB
Bounce:                0 kB
WritebackTmp:          0 kB
CommitLimit:     2172840 kB
Committed_AS:   91611644 kB
VmallocTotal:   251658176 kB
VmallocUsed:      139884 kB
VmallocChunk:   251409964 kB
Time pass: 89 sec

---2015-12-05 14:07:44
MemTotal:        2905316 kB
MemFree:           77200 kB
Buffers:           24036 kB
Cached:          1017616 kB
SwapCached:            0 kB
Active:          1316000 kB
Inactive:         702756 kB
Active(anon):     817284 kB
Inactive(anon):   204024 kB
Active(file):     498716 kB
Inactive(file):   498732 kB
Unevictable:       12768 kB
Mlocked:               0 kB
SwapTotal:        720184 kB
SwapFree:         720156 kB
Dirty:                16 kB
Writeback:             0 kB
AnonPages:        989932 kB
Mapped:           699852 kB
Shmem:             31412 kB
Slab:             119312 kB
SReclaimable:      35636 kB
SUnreclaim:        83676 kB
KernelStack:       33712 kB
PageTables:        56856 kB
NFS_Unstable:          0 kB
Bounce:                0 kB
WritebackTmp:          0 kB
CommitLimit:     2172840 kB
Committed_AS:   91611640 kB
VmallocTotal:   251658176 kB
VmallocUsed:      139884 kB
VmallocChunk:   251409964 kB
Time pass: 93 sec

---2015-12-05 14:07:44
MemTotal:        2905316 kB
MemFree:           75720 kB
Buffers:           24052 kB
Cached:          1018344 kB
SwapCached:            0 kB
Active:          1317040 kB
Inactive:         703476 kB
Active(anon):     818296 kB
Inactive(anon):   204024 kB
Active(file):     498744 kB
Inactive(file):   499452 kB
Unevictable:       12768 kB
Mlocked:               0 kB
SwapTotal:        720184 kB
SwapFree:         720156 kB
Dirty:                 0 kB
Writeback:             0 kB
AnonPages:        990884 kB
Mapped:           699968 kB
Shmem:             31412 kB
Slab:             119276 kB
SReclaimable:      35636 kB
SUnreclaim:        83640 kB
KernelStack:       33744 kB
PageTables:        56876 kB
NFS_Unstable:          0 kB
Bounce:                0 kB
WritebackTmp:          0 kB
CommitLimit:     2172840 kB
Committed_AS:   91611616 kB
VmallocTotal:   251658176 kB
VmallocUsed:      139884 kB
VmallocChunk:   251409964 kB
Time pass: 97 sec

---2015-12-05 14:07:44
MemTotal:        2905316 kB
MemFree:           92316 kB
Buffers:           24052 kB
Cached:          1020156 kB
SwapCached:            0 kB
Active:          1303780 kB
Inactive:         705008 kB
Active(anon):     804808 kB
Inactive(anon):   203460 kB
Active(file):     498972 kB
Inactive(file):   501548 kB
Unevictable:       12768 kB
Mlocked:               0 kB
SwapTotal:        720184 kB
SwapFree:         720156 kB
Dirty:                96 kB
Writeback:             0 kB
AnonPages:        977852 kB
Mapped:           697780 kB
Shmem:             30844 kB
Slab:             119552 kB
SReclaimable:      35748 kB
SUnreclaim:        83804 kB
KernelStack:       33296 kB
PageTables:        56564 kB
NFS_Unstable:          0 kB
Bounce:                0 kB
WritebackTmp:          0 kB
CommitLimit:     2172840 kB
Committed_AS:   91583316 kB
VmallocTotal:   251658176 kB
VmallocUsed:      139848 kB
VmallocChunk:   251409964 kB
Time pass: 100 sec

---2015-12-05 14:07:44
MemTotal:        2905316 kB
MemFree:          364908 kB
Buffers:           24112 kB
Cached:          1023572 kB
SwapCached:            0 kB
Active:          1222240 kB
Inactive:         707116 kB
Active(anon):     721744 kB
Inactive(anon):   205616 kB
Active(file):     500496 kB
Inactive(file):   501500 kB
Unevictable:       12768 kB
Mlocked:               0 kB
SwapTotal:        720184 kB
SwapFree:         720156 kB
Dirty:               460 kB
Writeback:             0 kB
AnonPages:        894828 kB
Mapped:           507812 kB
Shmem:             33008 kB
Slab:             119504 kB
SReclaimable:      35748 kB
SUnreclaim:        83756 kB
KernelStack:       31392 kB
PageTables:        54652 kB
NFS_Unstable:          0 kB
Bounce:                0 kB
WritebackTmp:          0 kB
CommitLimit:     2172840 kB
Committed_AS:   90221900 kB
VmallocTotal:   251658176 kB
VmallocUsed:      137188 kB
VmallocChunk:   251409964 kB
Time pass: 104 sec

---2015-12-05 14:07:44
MemTotal:        2905316 kB
MemFree:          267896 kB
Buffers:           25032 kB
Cached:          1024868 kB
SwapCached:            0 kB
Active:          1245180 kB
Inactive:         708476 kB
Active(anon):     743980 kB
Inactive(anon):   205756 kB
Active(file):     501200 kB
Inactive(file):   502720 kB
Unevictable:       12768 kB
Mlocked:               0 kB
SwapTotal:        720184 kB
SwapFree:         720156 kB
Dirty:              1056 kB
Writeback:             0 kB
AnonPages:        916864 kB
Mapped:           572892 kB
Shmem:             33148 kB
Slab:             119492 kB
SReclaimable:      35764 kB
SUnreclaim:        83728 kB
KernelStack:       32528 kB
PageTables:        55196 kB
NFS_Unstable:          0 kB
Bounce:                0 kB
WritebackTmp:          0 kB
CommitLimit:     2172840 kB
Committed_AS:   90281444 kB
VmallocTotal:   251658176 kB
VmallocUsed:      137912 kB
VmallocChunk:   251409964 kB
Time pass: 107 sec

---2015-12-05 14:07:44
MemTotal:        2905316 kB
MemFree:          227464 kB
Buffers:           25120 kB
Cached:          1025916 kB
SwapCached:            0 kB
Active:          1259728 kB
Inactive:         709364 kB
Active(anon):     758220 kB
Inactive(anon):   205348 kB
Active(file):     501508 kB
Inactive(file):   504016 kB
Unevictable:       12768 kB
Mlocked:               0 kB
SwapTotal:        720184 kB
SwapFree:         720156 kB
Dirty:              1732 kB
Writeback:             0 kB
AnonPages:        930904 kB
Mapped:           589376 kB
Shmem:             32740 kB
Slab:             116604 kB
SReclaimable:      35796 kB
SUnreclaim:        80808 kB
KernelStack:       32544 kB
PageTables:        54968 kB
NFS_Unstable:          0 kB
Bounce:                0 kB
WritebackTmp:          0 kB
CommitLimit:     2172840 kB
Committed_AS:   90106212 kB
VmallocTotal:   251658176 kB
VmallocUsed:      138092 kB
VmallocChunk:   251409964 kB
Time pass: 111 sec

---2015-12-05 14:07:44
MemTotal:        2905316 kB
MemFree:          187168 kB
Buffers:           25136 kB
Cached:          1026572 kB
SwapCached:            0 kB
Active:          1259516 kB
Inactive:         708764 kB
Active(anon):     756736 kB
Inactive(anon):   205348 kB
Active(file):     502780 kB
Inactive(file):   503416 kB
Unevictable:       12768 kB
Mlocked:               0 kB
SwapTotal:        720184 kB
SwapFree:         720156 kB
Dirty:               904 kB
Writeback:             0 kB
AnonPages:        929512 kB
Mapped:           627068 kB
Shmem:             32740 kB
Slab:             116472 kB
SReclaimable:      35668 kB
SUnreclaim:        80804 kB
KernelStack:       32480 kB
PageTables:        55080 kB
NFS_Unstable:          0 kB
Bounce:                0 kB
WritebackTmp:          0 kB
CommitLimit:     2172840 kB
Committed_AS:   90107112 kB
VmallocTotal:   251658176 kB
VmallocUsed:      136008 kB
VmallocChunk:   251409964 kB
Time pass: 115 sec

---2015-12-05 14:07:44
MemTotal:        2905316 kB
MemFree:          167972 kB
Buffers:           25136 kB
Cached:          1026724 kB
SwapCached:            0 kB
Active:          1261900 kB
Inactive:         708704 kB
Active(anon):     758908 kB
Inactive(anon):   205348 kB
Active(file):     502992 kB
Inactive(file):   503356 kB
Unevictable:       12768 kB
Mlocked:               0 kB
SwapTotal:        720184 kB
SwapFree:         720156 kB
Dirty:               152 kB
Writeback:             0 kB
AnonPages:        931836 kB
Mapped:           637672 kB
Shmem:             32740 kB
Slab:             116440 kB
SReclaimable:      35668 kB
SUnreclaim:        80772 kB
KernelStack:       32512 kB
PageTables:        55096 kB
NFS_Unstable:          0 kB
Bounce:                0 kB
WritebackTmp:          0 kB
CommitLimit:     2172840 kB
Committed_AS:   90108188 kB
VmallocTotal:   251658176 kB
VmallocUsed:      136144 kB
VmallocChunk:   251409964 kB
Time pass: 119 sec

---2015-12-05 14:07:44
MemTotal:        2905316 kB
MemFree:          139188 kB
Buffers:           25144 kB
Cached:          1026776 kB
SwapCached:            0 kB
Active:          1268656 kB
Inactive:         708708 kB
Active(anon):     765612 kB
Inactive(anon):   205348 kB
Active(file):     503044 kB
Inactive(file):   503360 kB
Unevictable:       12768 kB
Mlocked:               0 kB
SwapTotal:        720184 kB
SwapFree:         720156 kB
Dirty:               544 kB
Writeback:            20 kB
AnonPages:        938236 kB
Mapped:           649892 kB
Shmem:             32740 kB
Slab:             116444 kB
SReclaimable:      35668 kB
SUnreclaim:        80776 kB
KernelStack:       32496 kB
PageTables:        55120 kB
NFS_Unstable:          0 kB
Bounce:                0 kB
WritebackTmp:          0 kB
CommitLimit:     2172840 kB
Committed_AS:   90111188 kB
VmallocTotal:   251658176 kB
VmallocUsed:      136300 kB
VmallocChunk:   251409964 kB
Time pass: 122 sec

---2015-12-05 14:07:44
MemTotal:        2905316 kB
MemFree:          137308 kB
Buffers:           25152 kB
Cached:          1026816 kB
SwapCached:            0 kB
Active:          1268272 kB
Inactive:         708760 kB
Active(anon):     765232 kB
Inactive(anon):   205348 kB
Active(file):     503040 kB
Inactive(file):   503412 kB
Unevictable:       12768 kB
Mlocked:               0 kB
SwapTotal:        720184 kB
SwapFree:         720156 kB
Dirty:               652 kB
Writeback:             0 kB
AnonPages:        937940 kB
Mapped:           650588 kB
Shmem:             32740 kB
Slab:             116444 kB
SReclaimable:      35668 kB
SUnreclaim:        80776 kB
KernelStack:       32496 kB
PageTables:        55072 kB
NFS_Unstable:          0 kB
Bounce:                0 kB
WritebackTmp:          0 kB
CommitLimit:     2172840 kB
Committed_AS:   90111336 kB
VmallocTotal:   251658176 kB
VmallocUsed:      136324 kB
VmallocChunk:   251409964 kB
Time pass: 126 sec

---2015-12-05 14:07:44
MemTotal:        2905316 kB
MemFree:          137244 kB
Buffers:           25152 kB
Cached:          1026816 kB
SwapCached:            0 kB
Active:          1268332 kB
Inactive:         708764 kB
Active(anon):     765288 kB
Inactive(anon):   205348 kB
Active(file):     503044 kB
Inactive(file):   503416 kB
Unevictable:       12768 kB
Mlocked:               0 kB
SwapTotal:        720184 kB
SwapFree:         720156 kB
Dirty:                 4 kB
Writeback:             0 kB
AnonPages:        937576 kB
Mapped:           650596 kB
Shmem:             32740 kB
Slab:             116444 kB
SReclaimable:      35668 kB
SUnreclaim:        80776 kB
KernelStack:       32496 kB
PageTables:        55068 kB
NFS_Unstable:          0 kB
Bounce:                0 kB
WritebackTmp:          0 kB
CommitLimit:     2172840 kB
Committed_AS:   90111348 kB
VmallocTotal:   251658176 kB
VmallocUsed:      136324 kB
VmallocChunk:   251409964 kB
Time pass: 130 sec

---2015-12-05 14:07:44
MemTotal:        2905316 kB
MemFree:          135200 kB
Buffers:           25160 kB
Cached:          1026840 kB
SwapCached:            0 kB
Active:          1268352 kB
Inactive:         708780 kB
Active(anon):     765300 kB
Inactive(anon):   205348 kB
Active(file):     503052 kB
Inactive(file):   503432 kB
Unevictable:       12768 kB
Mlocked:               0 kB
SwapTotal:        720184 kB
SwapFree:         720156 kB
Dirty:                72 kB
Writeback:             0 kB
AnonPages:        938048 kB
Mapped:           651628 kB
Shmem:             32740 kB
Slab:             116444 kB
SReclaimable:      35668 kB
SUnreclaim:        80776 kB
KernelStack:       32496 kB
PageTables:        55068 kB
NFS_Unstable:          0 kB
Bounce:                0 kB
WritebackTmp:          0 kB
CommitLimit:     2172840 kB
Committed_AS:   90111336 kB
VmallocTotal:   251658176 kB
VmallocUsed:      136324 kB
VmallocChunk:   251409964 kB
Time pass: 134 sec

---2015-12-05 14:07:44
MemTotal:        2905316 kB
MemFree:          121064 kB
Buffers:           25200 kB
Cached:          1027052 kB
SwapCached:            0 kB
Active:          1282612 kB
Inactive:         707976 kB
Active(anon):     778504 kB
Inactive(anon):   205464 kB
Active(file):     504108 kB
Inactive(file):   502512 kB
Unevictable:       12768 kB
Mlocked:               0 kB
SwapTotal:        720184 kB
SwapFree:         720156 kB
Dirty:                24 kB
Writeback:             0 kB
AnonPages:        951108 kB
Mapped:           655176 kB
Shmem:             32860 kB
Slab:             116484 kB
SReclaimable:      35684 kB
SUnreclaim:        80800 kB
KernelStack:       32896 kB
PageTables:        55332 kB
NFS_Unstable:          0 kB
Bounce:                0 kB
WritebackTmp:          0 kB
CommitLimit:     2172840 kB
Committed_AS:   90147740 kB
VmallocTotal:   251658176 kB
VmallocUsed:      138772 kB
VmallocChunk:   251409964 kB
Time pass: 138 sec

---2015-12-05 14:07:44
MemTotal:        2905316 kB
MemFree:          115840 kB
Buffers:           25200 kB
Cached:          1027216 kB
SwapCached:            0 kB
Active:          1283456 kB
Inactive:         708128 kB
Active(anon):     779332 kB
Inactive(anon):   205584 kB
Active(file):     504124 kB
Inactive(file):   502544 kB
Unevictable:       12768 kB
Mlocked:               0 kB
SwapTotal:        720184 kB
SwapFree:         720156 kB
Dirty:               136 kB
Writeback:             0 kB
AnonPages:        951904 kB
Mapped:           655388 kB
Shmem:             32980 kB
Slab:             116484 kB
SReclaimable:      35684 kB
SUnreclaim:        80800 kB
KernelStack:       32864 kB
PageTables:        55528 kB
NFS_Unstable:          0 kB
Bounce:                0 kB
WritebackTmp:          0 kB
CommitLimit:     2172840 kB
Committed_AS:   90174376 kB
VmallocTotal:   251658176 kB
VmallocUsed:      138772 kB
VmallocChunk:   251409964 kB
Time pass: 141 sec

---2015-12-05 14:07:44
MemTotal:        2905316 kB
MemFree:          114468 kB
Buffers:           25208 kB
Cached:          1027364 kB
SwapCached:            0 kB
Active:          1284384 kB
Inactive:         708272 kB
Active(anon):     780252 kB
Inactive(anon):   205692 kB
Active(file):     504132 kB
Inactive(file):   502580 kB
Unevictable:       12768 kB
Mlocked:               0 kB
SwapTotal:        720184 kB
SwapFree:         720156 kB
Dirty:               120 kB
Writeback:             0 kB
AnonPages:        952788 kB
Mapped:           655500 kB
Shmem:             33088 kB
Slab:             116484 kB
SReclaimable:      35684 kB
SUnreclaim:        80800 kB
KernelStack:       32848 kB
PageTables:        55540 kB
NFS_Unstable:          0 kB
Bounce:                0 kB
WritebackTmp:          0 kB
CommitLimit:     2172840 kB
Committed_AS:   90174356 kB
VmallocTotal:   251658176 kB
VmallocUsed:      138772 kB
VmallocChunk:   251409964 kB
Time pass: 145 sec

---2015-12-05 14:07:44
MemTotal:        2905316 kB
MemFree:          113136 kB
Buffers:           25224 kB
Cached:          1027532 kB
SwapCached:            0 kB
Active:          1284972 kB
Inactive:         708356 kB
Active(anon):     780816 kB
Inactive(anon):   205776 kB
Active(file):     504156 kB
Inactive(file):   502580 kB
Unevictable:       12768 kB
Mlocked:               0 kB
SwapTotal:        720184 kB
SwapFree:         720156 kB
Dirty:                84 kB
Writeback:             0 kB
AnonPages:        953280 kB
Mapped:           655668 kB
Shmem:             33244 kB
Slab:             116484 kB
SReclaimable:      35684 kB
SUnreclaim:        80800 kB
KernelStack:       32816 kB
PageTables:        55540 kB
NFS_Unstable:          0 kB
Bounce:                0 kB
WritebackTmp:          0 kB
CommitLimit:     2172840 kB
Committed_AS:   90174864 kB
VmallocTotal:   251658176 kB
VmallocUsed:      138772 kB
VmallocChunk:   251409964 kB
Time pass: 149 sec

---2015-12-05 14:07:44
MemTotal:        2905316 kB
MemFree:          106796 kB
Buffers:           25240 kB
Cached:          1027332 kB
SwapCached:            0 kB
Active:          1293240 kB
Inactive:         708012 kB
Active(anon):     788864 kB
Inactive(anon):   205540 kB
Active(file):     504376 kB
Inactive(file):   502472 kB
Unevictable:       12768 kB
Mlocked:               0 kB
SwapTotal:        720184 kB
SwapFree:         720156 kB
Dirty:                48 kB
Writeback:             0 kB
AnonPages:        961328 kB
Mapped:           657072 kB
Shmem:             32952 kB
Slab:             116516 kB
SReclaimable:      35684 kB
SUnreclaim:        80832 kB
KernelStack:       32848 kB
PageTables:        55432 kB
NFS_Unstable:          0 kB
Bounce:                0 kB
WritebackTmp:          0 kB
CommitLimit:     2172840 kB
Committed_AS:   90194556 kB
VmallocTotal:   251658176 kB
VmallocUsed:      138772 kB
VmallocChunk:   251409964 kB
Time pass: 153 sec

---2015-12-05 14:07:44
MemTotal:        2905316 kB
MemFree:          102904 kB
Buffers:           25280 kB
Cached:          1027416 kB
SwapCached:            0 kB
Active:          1296288 kB
Inactive:         708092 kB
Active(anon):     791860 kB
Inactive(anon):   205544 kB
Active(file):     504428 kB
Inactive(file):   502548 kB
Unevictable:       12768 kB
Mlocked:               0 kB
SwapTotal:        720184 kB
SwapFree:         720156 kB
Dirty:               248 kB
Writeback:             0 kB
AnonPages:        964392 kB
Mapped:           656936 kB
Shmem:             32940 kB
Slab:             116476 kB
SReclaimable:      35684 kB
SUnreclaim:        80792 kB
KernelStack:       32816 kB
PageTables:        55484 kB
NFS_Unstable:          0 kB
Bounce:                0 kB
WritebackTmp:          0 kB
CommitLimit:     2172840 kB
Committed_AS:   90194692 kB
VmallocTotal:   251658176 kB
VmallocUsed:      138772 kB
VmallocChunk:   251409964 kB
Time pass: 156 sec

---2015-12-05 14:07:44
MemTotal:        2905316 kB
MemFree:          101376 kB
Buffers:           25280 kB
Cached:          1027572 kB
SwapCached:            0 kB
Active:          1296924 kB
Inactive:         708232 kB
Active(anon):     792472 kB
Inactive(anon):   205640 kB
Active(file):     504452 kB
Inactive(file):   502592 kB
Unevictable:       12768 kB
Mlocked:               0 kB
SwapTotal:        720184 kB
SwapFree:         720156 kB
Dirty:                96 kB
Writeback:             0 kB
AnonPages:        965180 kB
Mapped:           657120 kB
Shmem:             33040 kB
Slab:             116476 kB
SReclaimable:      35684 kB
SUnreclaim:        80792 kB
KernelStack:       32848 kB
PageTables:        55484 kB
NFS_Unstable:          0 kB
Bounce:                0 kB
WritebackTmp:          0 kB
CommitLimit:     2172840 kB
Committed_AS:   90194680 kB
VmallocTotal:   251658176 kB
VmallocUsed:      138772 kB
VmallocChunk:   251409964 kB
Time pass: 160 sec

---2015-12-05 14:07:44
MemTotal:        2905316 kB
MemFree:           99944 kB
Buffers:           25288 kB
Cached:          1027632 kB
SwapCached:            0 kB
Active:          1297580 kB
Inactive:         708288 kB
Active(anon):     793120 kB
Inactive(anon):   205688 kB
Active(file):     504460 kB
Inactive(file):   502600 kB
Unevictable:       12768 kB
Mlocked:               0 kB
SwapTotal:        720184 kB
SwapFree:         720156 kB
Dirty:                24 kB
Writeback:             0 kB
AnonPages:        965696 kB
Mapped:           657232 kB
Shmem:             33088 kB
Slab:             116476 kB
SReclaimable:      35684 kB
SUnreclaim:        80792 kB
KernelStack:       32816 kB
PageTables:        55504 kB
NFS_Unstable:          0 kB
Bounce:                0 kB
WritebackTmp:          0 kB
CommitLimit:     2172840 kB
Committed_AS:   90194688 kB
VmallocTotal:   251658176 kB
VmallocUsed:      138772 kB
VmallocChunk:   251409964 kB
Time pass: 164 sec

---2015-12-05 14:07:44
MemTotal:        2905316 kB
MemFree:           99680 kB
Buffers:           25296 kB
Cached:          1027676 kB
SwapCached:            0 kB
Active:          1298024 kB
Inactive:         708332 kB
Active(anon):     793552 kB
Inactive(anon):   205724 kB
Active(file):     504472 kB
Inactive(file):   502608 kB
Unevictable:       12768 kB
Mlocked:               0 kB
SwapTotal:        720184 kB
SwapFree:         720156 kB
Dirty:                44 kB
Writeback:             0 kB
AnonPages:        966148 kB
Mapped:           657220 kB
Shmem:             33124 kB
Slab:             116472 kB
SReclaimable:      35684 kB
SUnreclaim:        80788 kB
KernelStack:       32816 kB
PageTables:        55480 kB
NFS_Unstable:          0 kB
Bounce:                0 kB
WritebackTmp:          0 kB
CommitLimit:     2172840 kB
Committed_AS:   90194700 kB
VmallocTotal:   251658176 kB
VmallocUsed:      138772 kB
VmallocChunk:   251409964 kB
Time pass: 168 sec

---2015-12-05 14:07:44
MemTotal:        2905316 kB
MemFree:          109840 kB
Buffers:           25296 kB
Cached:          1027480 kB
SwapCached:            0 kB
Active:          1288912 kB
Inactive:         708184 kB
Active(anon):     784428 kB
Inactive(anon):   205584 kB
Active(file):     504484 kB
Inactive(file):   502600 kB
Unevictable:       12768 kB
Mlocked:               0 kB
SwapTotal:        720184 kB
SwapFree:         720156 kB
Dirty:                48 kB
Writeback:             0 kB
AnonPages:        956824 kB
Mapped:           656804 kB
Shmem:             32924 kB
Slab:             116472 kB
SReclaimable:      35684 kB
SUnreclaim:        80788 kB
KernelStack:       32816 kB
PageTables:        55496 kB
NFS_Unstable:          0 kB
Bounce:                0 kB
WritebackTmp:          0 kB
CommitLimit:     2172840 kB
Committed_AS:   90192760 kB
VmallocTotal:   251658176 kB
VmallocUsed:      138772 kB
VmallocChunk:   251409964 kB
Time pass: 172 sec

---2015-12-05 14:07:44
MemTotal:        2905316 kB
MemFree:          110200 kB
Buffers:           25312 kB
Cached:          1027444 kB
SwapCached:            0 kB
Active:          1288900 kB
Inactive:         708088 kB
Active(anon):     784404 kB
Inactive(anon):   205464 kB
Active(file):     504496 kB
Inactive(file):   502624 kB
Unevictable:       12768 kB
Mlocked:               0 kB
SwapTotal:        720184 kB
SwapFree:         720156 kB
Dirty:                56 kB
Writeback:             0 kB
AnonPages:        957028 kB
Mapped:           656928 kB
Shmem:             32860 kB
Slab:             116468 kB
SReclaimable:      35684 kB
SUnreclaim:        80784 kB
KernelStack:       32480 kB
PageTables:        55372 kB
NFS_Unstable:          0 kB
Bounce:                0 kB
WritebackTmp:          0 kB
CommitLimit:     2172840 kB
Committed_AS:   90192696 kB
VmallocTotal:   251658176 kB
VmallocUsed:      138740 kB
VmallocChunk:   251409964 kB
Time pass: 175 sec

---2015-12-05 14:07:44
MemTotal:        2905316 kB
MemFree:          110272 kB
Buffers:           25320 kB
Cached:          1027448 kB
SwapCached:            0 kB
Active:          1289020 kB
Inactive:         708100 kB
Active(anon):     784520 kB
Inactive(anon):   205464 kB
Active(file):     504500 kB
Inactive(file):   502636 kB
Unevictable:       12768 kB
Mlocked:               0 kB
SwapTotal:        720184 kB
SwapFree:         720156 kB
Dirty:                20 kB
Writeback:             0 kB
AnonPages:        957148 kB
Mapped:           656936 kB
Shmem:             32860 kB
Slab:             116468 kB
SReclaimable:      35684 kB
SUnreclaim:        80784 kB
KernelStack:       32464 kB
PageTables:        55372 kB
NFS_Unstable:          0 kB
Bounce:                0 kB
WritebackTmp:          0 kB
CommitLimit:     2172840 kB
Committed_AS:   90192680 kB
VmallocTotal:   251658176 kB
VmallocUsed:      138740 kB
VmallocChunk:   251409964 kB
Time pass: 179 sec

---2015-12-05 14:07:44
MemTotal:        2905316 kB
MemFree:          109704 kB
Buffers:           25320 kB
Cached:          1027496 kB
SwapCached:            0 kB
Active:          1290272 kB
Inactive:         708128 kB
Active(anon):     785752 kB
Inactive(anon):   205464 kB
Active(file):     504520 kB
Inactive(file):   502664 kB
Unevictable:       12768 kB
Mlocked:               0 kB
SwapTotal:        720184 kB
SwapFree:         720156 kB
Dirty:                20 kB
Writeback:             0 kB
AnonPages:        958244 kB
Mapped:           656988 kB
Shmem:             32860 kB
Slab:             116404 kB
SReclaimable:      35684 kB
SUnreclaim:        80720 kB
KernelStack:       32432 kB
PageTables:        55372 kB
NFS_Unstable:          0 kB
Bounce:                0 kB
WritebackTmp:          0 kB
CommitLimit:     2172840 kB
Committed_AS:   90192636 kB
VmallocTotal:   251658176 kB
VmallocUsed:      138740 kB
VmallocChunk:   251409964 kB
Time pass: 183 sec

---2015-12-05 14:07:44
MemTotal:        2905316 kB
MemFree:           94676 kB
Buffers:           25344 kB
Cached:          1027608 kB
SwapCached:            0 kB
Active:          1302196 kB
Inactive:         708240 kB
Active(anon):     797648 kB
Inactive(anon):   205536 kB
Active(file):     504548 kB
Inactive(file):   502704 kB
Unevictable:       12768 kB
Mlocked:               0 kB
SwapTotal:        720184 kB
SwapFree:         720156 kB
Dirty:                88 kB
Writeback:             0 kB
AnonPages:        970340 kB
Mapped:           660112 kB
Shmem:             32932 kB
Slab:             116404 kB
SReclaimable:      35684 kB
SUnreclaim:        80720 kB
KernelStack:       32528 kB
PageTables:        55416 kB
NFS_Unstable:          0 kB
Bounce:                0 kB
WritebackTmp:          0 kB
CommitLimit:     2172840 kB
Committed_AS:   90195856 kB
VmallocTotal:   251658176 kB
VmallocUsed:      138772 kB
VmallocChunk:   251409964 kB
Time pass: 187 sec

---2015-12-05 14:07:44
MemTotal:        2905316 kB
MemFree:           95820 kB
Buffers:           25376 kB
Cached:          1027816 kB
SwapCached:            0 kB
Active:          1302996 kB
Inactive:         708416 kB
Active(anon):     798420 kB
Inactive(anon):   205616 kB
Active(file):     504576 kB
Inactive(file):   502800 kB
Unevictable:       12768 kB
Mlocked:               0 kB
SwapTotal:        720184 kB
SwapFree:         720156 kB
Dirty:               216 kB
Writeback:             0 kB
AnonPages:        970684 kB
Mapped:           657312 kB
Shmem:             33048 kB
Slab:             116404 kB
SReclaimable:      35684 kB
SUnreclaim:        80720 kB
KernelStack:       32832 kB
PageTables:        55532 kB
NFS_Unstable:          0 kB
Bounce:                0 kB
WritebackTmp:          0 kB
CommitLimit:     2172840 kB
Committed_AS:   90222920 kB
VmallocTotal:   251658176 kB
VmallocUsed:      138772 kB
VmallocChunk:   251409964 kB
Time pass: 191 sec

---2015-12-05 14:07:44
MemTotal:        2905316 kB
MemFree:           93032 kB
Buffers:           25376 kB
Cached:          1027856 kB
SwapCached:            0 kB
Active:          1304844 kB
Inactive:         708448 kB
Active(anon):     800260 kB
Inactive(anon):   205616 kB
Active(file):     504584 kB
Inactive(file):   502832 kB
Unevictable:       12768 kB
Mlocked:               0 kB
SwapTotal:        720184 kB
SwapFree:         720156 kB
Dirty:                 8 kB
Writeback:             0 kB
AnonPages:        972968 kB
Mapped:           657332 kB
Shmem:             33048 kB
Slab:             116404 kB
SReclaimable:      35684 kB
SUnreclaim:        80720 kB
KernelStack:       32816 kB
PageTables:        55504 kB
NFS_Unstable:          0 kB
Bounce:                0 kB
WritebackTmp:          0 kB
CommitLimit:     2172840 kB
Committed_AS:   90222896 kB
VmallocTotal:   251658176 kB
VmallocUsed:      138772 kB
VmallocChunk:   251409964 kB
Time pass: 194 sec

---2015-12-05 14:07:44
MemTotal:        2905316 kB
MemFree:           92596 kB
Buffers:           25392 kB
Cached:          1027896 kB
SwapCached:            0 kB
Active:          1304868 kB
Inactive:         708496 kB
Active(anon):     800276 kB
Inactive(anon):   205648 kB
Active(file):     504592 kB
Inactive(file):   502848 kB
Unevictable:       12768 kB
Mlocked:               0 kB
SwapTotal:        720184 kB
SwapFree:         720156 kB
Dirty:                76 kB
Writeback:             0 kB
AnonPages:        972948 kB
Mapped:           657476 kB
Shmem:             33080 kB
Slab:             116404 kB
SReclaimable:      35684 kB
SUnreclaim:        80720 kB
KernelStack:       32848 kB
PageTables:        55508 kB
NFS_Unstable:          0 kB
Bounce:                0 kB
WritebackTmp:          0 kB
CommitLimit:     2172840 kB
Committed_AS:   90222864 kB
VmallocTotal:   251658176 kB
VmallocUsed:      138772 kB
VmallocChunk:   251409964 kB
Time pass: 198 sec

---2015-12-05 14:07:44
MemTotal:        2905316 kB
MemFree:           92448 kB
Buffers:           25392 kB
Cached:          1027964 kB
SwapCached:            0 kB
Active:          1305364 kB
Inactive:         708556 kB
Active(anon):     800764 kB
Inactive(anon):   205708 kB
Active(file):     504600 kB
Inactive(file):   502848 kB
Unevictable:       12768 kB
Mlocked:               0 kB
SwapTotal:        720184 kB
SwapFree:         720156 kB
Dirty:                12 kB
Writeback:             0 kB
AnonPages:        973256 kB
Mapped:           657556 kB
Shmem:             33140 kB
Slab:             116404 kB
SReclaimable:      35684 kB
SUnreclaim:        80720 kB
KernelStack:       32864 kB
PageTables:        55552 kB
NFS_Unstable:          0 kB
Bounce:                0 kB
WritebackTmp:          0 kB
CommitLimit:     2172840 kB
Committed_AS:   90249368 kB
VmallocTotal:   251658176 kB
VmallocUsed:      138772 kB
VmallocChunk:   251409964 kB
Time pass: 202 sec

---2015-12-05 14:07:44
MemTotal:        2905316 kB
MemFree:           85852 kB
Buffers:           25408 kB
Cached:          1028404 kB
SwapCached:            0 kB
Active:          1307696 kB
Inactive:         708824 kB
Active(anon):     802932 kB
Inactive(anon):   205708 kB
Active(file):     504764 kB
Inactive(file):   503116 kB
Unevictable:       12768 kB
Mlocked:               0 kB
SwapTotal:        720184 kB
SwapFree:         720156 kB
Dirty:                64 kB
Writeback:             0 kB
AnonPages:        975896 kB
Mapped:           657716 kB
Shmem:             33140 kB
Slab:             120008 kB
SReclaimable:      39000 kB
SUnreclaim:        81008 kB
KernelStack:       32896 kB
PageTables:        55648 kB
NFS_Unstable:          0 kB
Bounce:                0 kB
WritebackTmp:          0 kB
CommitLimit:     2172840 kB
Committed_AS:   90261428 kB
VmallocTotal:   251658176 kB
VmallocUsed:      138772 kB
VmallocChunk:   251409964 kB
Time pass: 206 sec

---2015-12-05 14:07:44
MemTotal:        2905316 kB
MemFree:           86836 kB
Buffers:           25420 kB
Cached:          1028668 kB
SwapCached:            0 kB
Active:          1306260 kB
Inactive:         709100 kB
Active(anon):     801472 kB
Inactive(anon):   205708 kB
Active(file):     504788 kB
Inactive(file):   503392 kB
Unevictable:       12768 kB
Mlocked:               0 kB
SwapTotal:        720184 kB
SwapFree:         720156 kB
Dirty:                56 kB
Writeback:             0 kB
AnonPages:        973556 kB
Mapped:           657804 kB
Shmem:             33140 kB
Slab:             120416 kB
SReclaimable:      39384 kB
SUnreclaim:        81032 kB
KernelStack:       32832 kB
PageTables:        55616 kB
NFS_Unstable:          0 kB
Bounce:                0 kB
WritebackTmp:          0 kB
CommitLimit:     2172840 kB
Committed_AS:   90249556 kB
VmallocTotal:   251658176 kB
VmallocUsed:      138772 kB
VmallocChunk:   251409964 kB
Time pass: 210 sec

---2015-12-05 14:07:44
MemTotal:        2905316 kB
MemFree:           86816 kB
Buffers:           25428 kB
Cached:          1028672 kB
SwapCached:            0 kB
Active:          1306092 kB
Inactive:         709088 kB
Active(anon):     801284 kB
Inactive(anon):   205708 kB
Active(file):     504808 kB
Inactive(file):   503380 kB
Unevictable:       12768 kB
Mlocked:               0 kB
SwapTotal:        720184 kB
SwapFree:         720156 kB
Dirty:                12 kB
Writeback:             0 kB
AnonPages:        973832 kB
Mapped:           657872 kB
Shmem:             33140 kB
Slab:             120424 kB
SReclaimable:      39384 kB
SUnreclaim:        81040 kB
KernelStack:       32768 kB
PageTables:        55596 kB
NFS_Unstable:          0 kB
Bounce:                0 kB
WritebackTmp:          0 kB
CommitLimit:     2172840 kB
Committed_AS:   90249604 kB
VmallocTotal:   251658176 kB
VmallocUsed:      138772 kB
VmallocChunk:   251409964 kB
Time pass: 213 sec

---2015-12-05 14:07:44
MemTotal:        2905316 kB
MemFree:           87060 kB
Buffers:           25428 kB
Cached:          1028680 kB
SwapCached:            0 kB
Active:          1306316 kB
Inactive:         709100 kB
Active(anon):     801508 kB
Inactive(anon):   205708 kB
Active(file):     504808 kB
Inactive(file):   503392 kB
Unevictable:       12768 kB
Mlocked:               0 kB
SwapTotal:        720184 kB
SwapFree:         720156 kB
Dirty:                 0 kB
Writeback:             0 kB
AnonPages:        974016 kB
Mapped:           657880 kB
Shmem:             33140 kB
Slab:             120428 kB
SReclaimable:      39388 kB
SUnreclaim:        81040 kB
KernelStack:       32752 kB
PageTables:        55600 kB
NFS_Unstable:          0 kB
Bounce:                0 kB
WritebackTmp:          0 kB
CommitLimit:     2172840 kB
Committed_AS:   90249556 kB
VmallocTotal:   251658176 kB
VmallocUsed:      138772 kB
VmallocChunk:   251409964 kB
Time pass: 217 sec

---2015-12-05 14:07:44
MemTotal:        2905316 kB
MemFree:           86568 kB
Buffers:           25436 kB
Cached:          1028684 kB
SwapCached:            0 kB
Active:          1306668 kB
Inactive:         709104 kB
Active(anon):     801852 kB
Inactive(anon):   205708 kB
Active(file):     504816 kB
Inactive(file):   503396 kB
Unevictable:       12768 kB
Mlocked:               0 kB
SwapTotal:        720184 kB
SwapFree:         720156 kB
Dirty:                28 kB
Writeback:             0 kB
AnonPages:        974596 kB
Mapped:           657896 kB
Shmem:             33140 kB
Slab:             120432 kB
SReclaimable:      39392 kB
SUnreclaim:        81040 kB
KernelStack:       32768 kB
PageTables:        55584 kB
NFS_Unstable:          0 kB
Bounce:                0 kB
WritebackTmp:          0 kB
CommitLimit:     2172840 kB
Committed_AS:   90249580 kB
VmallocTotal:   251658176 kB
VmallocUsed:      138772 kB
VmallocChunk:   251409964 kB
Time pass: 221 sec

---2015-12-05 14:07:44
MemTotal:        2905316 kB
MemFree:           82700 kB
Buffers:           25484 kB
Cached:          1028812 kB
SwapCached:            0 kB
Active:          1310584 kB
Inactive:         709220 kB
Active(anon):     805716 kB
Inactive(anon):   205748 kB
Active(file):     504868 kB
Inactive(file):   503472 kB
Unevictable:       12768 kB
Mlocked:               0 kB
SwapTotal:        720184 kB
SwapFree:         720156 kB
Dirty:               200 kB
Writeback:             0 kB
AnonPages:        978692 kB
Mapped:           657876 kB
Shmem:             33184 kB
Slab:             120436 kB
SReclaimable:      39396 kB
SUnreclaim:        81040 kB
KernelStack:       32864 kB
PageTables:        55628 kB
NFS_Unstable:          0 kB
Bounce:                0 kB
WritebackTmp:          0 kB
CommitLimit:     2172840 kB
Committed_AS:   90254856 kB
VmallocTotal:   251658176 kB
VmallocUsed:      138772 kB
VmallocChunk:   251409964 kB
Time pass: 225 sec

---2015-12-05 14:07:44
MemTotal:        2905316 kB
MemFree:           80544 kB
Buffers:           25508 kB
Cached:          1029132 kB
SwapCached:            0 kB
Active:          1311724 kB
Inactive:         709524 kB
Active(anon):     806812 kB
Inactive(anon):   205952 kB
Active(file):     504912 kB
Inactive(file):   503572 kB
Unevictable:       12768 kB
Mlocked:               0 kB
SwapTotal:        720184 kB
SwapFree:         720156 kB
Dirty:                 4 kB
Writeback:             0 kB
AnonPages:        979112 kB
Mapped:           658080 kB
Shmem:             33388 kB
Slab:             120448 kB
SReclaimable:      39396 kB
SUnreclaim:        81052 kB
KernelStack:       32832 kB
PageTables:        55632 kB
NFS_Unstable:          0 kB
Bounce:                0 kB
WritebackTmp:          0 kB
CommitLimit:     2172840 kB
Committed_AS:   90254720 kB
VmallocTotal:   251658176 kB
VmallocUsed:      138772 kB
VmallocChunk:   251409964 kB
Time pass: 228 sec

---2015-12-05 14:07:44
MemTotal:        2905316 kB
MemFree:           79776 kB
Buffers:           25516 kB
Cached:          1029296 kB
SwapCached:            0 kB
Active:          1312464 kB
Inactive:         709676 kB
Active(anon):     807544 kB
Inactive(anon):   206092 kB
Active(file):     504920 kB
Inactive(file):   503584 kB
Unevictable:       12768 kB
Mlocked:               0 kB
SwapTotal:        720184 kB
SwapFree:         720156 kB
Dirty:               108 kB
Writeback:             0 kB
AnonPages:        980104 kB
Mapped:           658240 kB
Shmem:             33540 kB
Slab:             120444 kB
SReclaimable:      39396 kB
SUnreclaim:        81048 kB
KernelStack:       32832 kB
PageTables:        55672 kB
NFS_Unstable:          0 kB
Bounce:                0 kB
WritebackTmp:          0 kB
CommitLimit:     2172840 kB
Committed_AS:   90281456 kB
VmallocTotal:   251658176 kB
VmallocUsed:      138772 kB
VmallocChunk:   251409964 kB
Time pass: 232 sec

---2015-12-05 14:07:44
MemTotal:        2905316 kB
MemFree:           78124 kB
Buffers:           25516 kB
Cached:          1029324 kB
SwapCached:            0 kB
Active:          1313320 kB
Inactive:         709708 kB
Active(anon):     808392 kB
Inactive(anon):   206116 kB
Active(file):     504928 kB
Inactive(file):   503592 kB
Unevictable:       12768 kB
Mlocked:               0 kB
SwapTotal:        720184 kB
SwapFree:         720156 kB
Dirty:               116 kB
Writeback:             0 kB
AnonPages:        980920 kB
Mapped:           658348 kB
Shmem:             33552 kB
Slab:             120444 kB
SReclaimable:      39396 kB
SUnreclaim:        81048 kB
KernelStack:       32784 kB
PageTables:        55708 kB
NFS_Unstable:          0 kB
Bounce:                0 kB
WritebackTmp:          0 kB
CommitLimit:     2172840 kB
Committed_AS:   90281784 kB
VmallocTotal:   251658176 kB
VmallocUsed:      138772 kB
VmallocChunk:   251409964 kB
Time pass: 236 sec

---2015-12-05 14:07:44
MemTotal:        2905316 kB
MemFree:           77316 kB
Buffers:           25532 kB
Cached:          1029452 kB
SwapCached:            0 kB
Active:          1314428 kB
Inactive:         709832 kB
Active(anon):     809480 kB
Inactive(anon):   206188 kB
Active(file):     504948 kB
Inactive(file):   503644 kB
Unevictable:       12768 kB
Mlocked:               0 kB
SwapTotal:        720184 kB
SwapFree:         720156 kB
Dirty:               104 kB
Writeback:             0 kB
AnonPages:        982124 kB
Mapped:           658436 kB
Shmem:             33624 kB
Slab:             120260 kB
SReclaimable:      39404 kB
SUnreclaim:        80856 kB
KernelStack:       32816 kB
PageTables:        55732 kB
NFS_Unstable:          0 kB
Bounce:                0 kB
WritebackTmp:          0 kB
CommitLimit:     2172840 kB
Committed_AS:   90281944 kB
VmallocTotal:   251658176 kB
VmallocUsed:      138772 kB
VmallocChunk:   251409964 kB
Time pass: 240 sec

---2015-12-05 14:07:44
MemTotal:        2905316 kB
MemFree:           77720 kB
Buffers:           25532 kB
Cached:          1029480 kB
SwapCached:            0 kB
Active:          1314976 kB
Inactive:         709832 kB
Active(anon):     810000 kB
Inactive(anon):   206192 kB
Active(file):     504976 kB
Inactive(file):   503640 kB
Unevictable:       12768 kB
Mlocked:               0 kB
SwapTotal:        720184 kB
SwapFree:         720156 kB
Dirty:                12 kB
Writeback:             0 kB
AnonPages:        982616 kB
Mapped:           658464 kB
Shmem:             33628 kB
Slab:             120124 kB
SReclaimable:      39400 kB
SUnreclaim:        80724 kB
KernelStack:       32736 kB
PageTables:        55688 kB
NFS_Unstable:          0 kB
Bounce:                0 kB
WritebackTmp:          0 kB
CommitLimit:     2172840 kB
Committed_AS:   90282456 kB
VmallocTotal:   251658176 kB
VmallocUsed:      138772 kB
VmallocChunk:   251409964 kB
Time pass: 244 sec

---2015-12-05 14:07:44
MemTotal:        2905316 kB
MemFree:           77052 kB
Buffers:           25540 kB
Cached:          1029488 kB
SwapCached:            0 kB
Active:          1314896 kB
Inactive:         709840 kB
Active(anon):     809912 kB
Inactive(anon):   206192 kB
Active(file):     504984 kB
Inactive(file):   503648 kB
Unevictable:       12768 kB
Mlocked:               0 kB
SwapTotal:        720184 kB
SwapFree:         720156 kB
Dirty:                60 kB
Writeback:             0 kB
AnonPages:        982648 kB
Mapped:           658476 kB
Shmem:             33628 kB
Slab:             120124 kB
SReclaimable:      39400 kB
SUnreclaim:        80724 kB
KernelStack:       32736 kB
PageTables:        55688 kB
NFS_Unstable:          0 kB
Bounce:                0 kB
WritebackTmp:          0 kB
CommitLimit:     2172840 kB
Committed_AS:   90282456 kB
VmallocTotal:   251658176 kB
VmallocUsed:      138772 kB
VmallocChunk:   251409964 kB
Time pass: 247 sec

---2015-12-05 14:07:44
MemTotal:        2905316 kB
MemFree:           76952 kB
Buffers:           25548 kB
Cached:          1029520 kB
SwapCached:            0 kB
Active:          1315976 kB
Inactive:         709872 kB
Active(anon):     810984 kB
Inactive(anon):   206192 kB
Active(file):     504992 kB
Inactive(file):   503680 kB
Unevictable:       12768 kB
Mlocked:               0 kB
SwapTotal:        720184 kB
SwapFree:         720156 kB
Dirty:                68 kB
Writeback:             0 kB
AnonPages:        983532 kB
Mapped:           658480 kB
Shmem:             33628 kB
Slab:             120120 kB
SReclaimable:      39396 kB
SUnreclaim:        80724 kB
KernelStack:       32736 kB
PageTables:        55688 kB
NFS_Unstable:          0 kB
Bounce:                0 kB
WritebackTmp:          0 kB
CommitLimit:     2172840 kB
Committed_AS:   90282456 kB
VmallocTotal:   251658176 kB
VmallocUsed:      138772 kB
VmallocChunk:   251409964 kB
Time pass: 251 sec

---2015-12-05 14:07:44
MemTotal:        2905316 kB
MemFree:           72284 kB
Buffers:           25580 kB
Cached:          1029128 kB
SwapCached:            0 kB
Active:          1321412 kB
Inactive:         709476 kB
Active(anon):     816384 kB
Inactive(anon):   205700 kB
Active(file):     505028 kB
Inactive(file):   503776 kB
Unevictable:       12768 kB
Mlocked:               0 kB
SwapTotal:        720184 kB
SwapFree:         720156 kB
Dirty:               184 kB
Writeback:             0 kB
AnonPages:        989060 kB
Mapped:           657944 kB
Shmem:             33136 kB
Slab:             120128 kB
SReclaimable:      39404 kB
SUnreclaim:        80724 kB
KernelStack:       32720 kB
PageTables:        55640 kB
NFS_Unstable:          0 kB
Bounce:                0 kB
WritebackTmp:          0 kB
CommitLimit:     2172840 kB
Committed_AS:   90294048 kB
VmallocTotal:   251658176 kB
VmallocUsed:      138772 kB
VmallocChunk:   251409964 kB
Time pass: 255 sec

---2015-12-05 14:07:44
MemTotal:        2905316 kB
MemFree:           72372 kB
Buffers:           25580 kB
Cached:          1029132 kB
SwapCached:            0 kB
Active:          1321092 kB
Inactive:         709480 kB
Active(anon):     816064 kB
Inactive(anon):   205704 kB
Active(file):     505028 kB
Inactive(file):   503776 kB
Unevictable:       12768 kB
Mlocked:               0 kB
SwapTotal:        720184 kB
SwapFree:         720156 kB
Dirty:                 4 kB
Writeback:             0 kB
AnonPages:        988740 kB
Mapped:           658012 kB
Shmem:             33140 kB
Slab:             120128 kB
SReclaimable:      39404 kB
SUnreclaim:        80724 kB
KernelStack:       32704 kB
PageTables:        55664 kB
NFS_Unstable:          0 kB
Bounce:                0 kB
WritebackTmp:          0 kB
CommitLimit:     2172840 kB
Committed_AS:   90294028 kB
VmallocTotal:   251658176 kB
VmallocUsed:      138772 kB
VmallocChunk:   251409964 kB
Time pass: 259 sec

---2015-12-05 14:07:44
MemTotal:        2905316 kB
MemFree:           76892 kB
Buffers:           25588 kB
Cached:          1029208 kB
SwapCached:            0 kB
Active:          1316300 kB
Inactive:         709556 kB
Active(anon):     811268 kB
Inactive(anon):   205772 kB
Active(file):     505032 kB
Inactive(file):   503784 kB
Unevictable:       12768 kB
Mlocked:               0 kB
SwapTotal:        720184 kB
SwapFree:         720156 kB
Dirty:                72 kB
Writeback:             0 kB
AnonPages:        983828 kB
Mapped:           658096 kB
Shmem:             33212 kB
Slab:             120128 kB
SReclaimable:      39404 kB
SUnreclaim:        80724 kB
KernelStack:       32704 kB
PageTables:        55716 kB
NFS_Unstable:          0 kB
Bounce:                0 kB
WritebackTmp:          0 kB
CommitLimit:     2172840 kB
Committed_AS:   90320588 kB
VmallocTotal:   251658176 kB
VmallocUsed:      138772 kB
VmallocChunk:   251409964 kB
Time pass: 263 sec

---2015-12-05 14:07:44
MemTotal:        2905316 kB
MemFree:           81428 kB
Buffers:           25612 kB
Cached:          1029240 kB
SwapCached:            0 kB
Active:          1312192 kB
Inactive:         709608 kB
Active(anon):     807156 kB
Inactive(anon):   205776 kB
Active(file):     505036 kB
Inactive(file):   503832 kB
Unevictable:       12768 kB
Mlocked:               0 kB
SwapTotal:        720184 kB
SwapFree:         720156 kB
Dirty:               100 kB
Writeback:             0 kB
AnonPages:        979676 kB
Mapped:           658104 kB
Shmem:             33216 kB
Slab:             120124 kB
SReclaimable:      39400 kB
SUnreclaim:        80724 kB
KernelStack:       32704 kB
PageTables:        55716 kB
NFS_Unstable:          0 kB
Bounce:                0 kB
WritebackTmp:          0 kB
CommitLimit:     2172840 kB
Committed_AS:   90320588 kB
VmallocTotal:   251658176 kB
VmallocUsed:      138772 kB
VmallocChunk:   251409964 kB
Time pass: 266 sec

---2015-12-05 14:07:44
MemTotal:        2905316 kB
MemFree:           81224 kB
Buffers:           25620 kB
Cached:          1029252 kB
SwapCached:            0 kB
Active:          1311940 kB
Inactive:         709616 kB
Active(anon):     806896 kB
Inactive(anon):   205776 kB
Active(file):     505044 kB
Inactive(file):   503840 kB
Unevictable:       12768 kB
Mlocked:               0 kB
SwapTotal:        720184 kB
SwapFree:         720156 kB
Dirty:                68 kB
Writeback:             0 kB
AnonPages:        979488 kB
Mapped:           658112 kB
Shmem:             33216 kB
Slab:             120124 kB
SReclaimable:      39400 kB
SUnreclaim:        80724 kB
KernelStack:       32704 kB
PageTables:        55712 kB
NFS_Unstable:          0 kB
Bounce:                0 kB
WritebackTmp:          0 kB
CommitLimit:     2172840 kB
Committed_AS:   90320600 kB
VmallocTotal:   251658176 kB
VmallocUsed:      138772 kB
VmallocChunk:   251409964 kB
Time pass: 270 sec

---2015-12-05 14:07:44
MemTotal:        2905316 kB
MemFree:           80308 kB
Buffers:           25620 kB
Cached:          1029256 kB
SwapCached:            0 kB
Active:          1313048 kB
Inactive:         709616 kB
Active(anon):     807996 kB
Inactive(anon):   205776 kB
Active(file):     505052 kB
Inactive(file):   503840 kB
Unevictable:       12768 kB
Mlocked:               0 kB
SwapTotal:        720184 kB
SwapFree:         720156 kB
Dirty:                12 kB
Writeback:             0 kB
AnonPages:        980448 kB
Mapped:           658112 kB
Shmem:             33216 kB
Slab:             120124 kB
SReclaimable:      39400 kB
SUnreclaim:        80724 kB
KernelStack:       32704 kB
PageTables:        55712 kB
NFS_Unstable:          0 kB
Bounce:                0 kB
WritebackTmp:          0 kB
CommitLimit:     2172840 kB
Committed_AS:   90320576 kB
VmallocTotal:   251658176 kB
VmallocUsed:      138772 kB
VmallocChunk:   251409964 kB
Time pass: 274 sec

---2015-12-05 14:07:44
MemTotal:        2905316 kB
MemFree:           79692 kB
Buffers:           25644 kB
Cached:          1029288 kB
SwapCached:            0 kB
Active:          1313300 kB
Inactive:         709664 kB
Active(anon):     808240 kB
Inactive(anon):   205776 kB
Active(file):     505060 kB
Inactive(file):   503888 kB
Unevictable:       12768 kB
Mlocked:               0 kB
SwapTotal:        720184 kB
SwapFree:         720156 kB
Dirty:               108 kB
Writeback:             0 kB
AnonPages:        980760 kB
Mapped:           658212 kB
Shmem:             33216 kB
Slab:             120120 kB
SReclaimable:      39400 kB
SUnreclaim:        80720 kB
KernelStack:       32704 kB
PageTables:        55760 kB
NFS_Unstable:          0 kB
Bounce:                0 kB
WritebackTmp:          0 kB
CommitLimit:     2172840 kB
Committed_AS:   90320588 kB
VmallocTotal:   251658176 kB
VmallocUsed:      138772 kB
VmallocChunk:   251409964 kB
Time pass: 277 sec

---2015-12-05 14:07:44
MemTotal:        2905316 kB
MemFree:           79016 kB
Buffers:           25644 kB
Cached:          1029292 kB
SwapCached:            0 kB
Active:          1314372 kB
Inactive:         709660 kB
Active(anon):     809304 kB
Inactive(anon):   205776 kB
Active(file):     505068 kB
Inactive(file):   503884 kB
Unevictable:       12768 kB
Mlocked:               0 kB
SwapTotal:        720184 kB
SwapFree:         720156 kB
Dirty:                76 kB
Writeback:             0 kB
AnonPages:        981864 kB
Mapped:           658188 kB
Shmem:             33216 kB
Slab:             120120 kB
SReclaimable:      39400 kB
SUnreclaim:        80720 kB
KernelStack:       32704 kB
PageTables:        55736 kB
NFS_Unstable:          0 kB
Bounce:                0 kB
WritebackTmp:          0 kB
CommitLimit:     2172840 kB
Committed_AS:   90320540 kB
VmallocTotal:   251658176 kB
VmallocUsed:      138772 kB
VmallocChunk:   251409964 kB
Time pass: 281 sec

---2015-12-05 14:07:44
MemTotal:        2905316 kB
MemFree:           77612 kB
Buffers:           25652 kB
Cached:          1029300 kB
SwapCached:            0 kB
Active:          1314916 kB
Inactive:         709668 kB
Active(anon):     809840 kB
Inactive(anon):   205776 kB
Active(file):     505076 kB
Inactive(file):   503892 kB
Unevictable:       12768 kB
Mlocked:               0 kB
SwapTotal:        720184 kB
SwapFree:         720156 kB
Dirty:                12 kB
Writeback:             0 kB
AnonPages:        982092 kB
Mapped:           658192 kB
Shmem:             33216 kB
Slab:             120120 kB
SReclaimable:      39400 kB
SUnreclaim:        80720 kB
KernelStack:       32704 kB
PageTables:        55736 kB
NFS_Unstable:          0 kB
Bounce:                0 kB
WritebackTmp:          0 kB
CommitLimit:     2172840 kB
Committed_AS:   90320600 kB
VmallocTotal:   251658176 kB
VmallocUsed:      138772 kB
VmallocChunk:   251409964 kB
Time pass: 285 sec

---2015-12-05 14:07:44
MemTotal:        2905316 kB
MemFree:           77152 kB
Buffers:           25676 kB
Cached:          1029324 kB
SwapCached:            0 kB
Active:          1316036 kB
Inactive:         709712 kB
Active(anon):     810956 kB
Inactive(anon):   205804 kB
Active(file):     505080 kB
Inactive(file):   503908 kB
Unevictable:       12768 kB
Mlocked:               0 kB
SwapTotal:        720184 kB
SwapFree:         720156 kB
Dirty:                32 kB
Writeback:             0 kB
AnonPages:        983388 kB
Mapped:           658228 kB
Shmem:             33244 kB
Slab:             120120 kB
SReclaimable:      39400 kB
SUnreclaim:        80720 kB
KernelStack:       32704 kB
PageTables:        55736 kB
NFS_Unstable:          0 kB
Bounce:                0 kB
WritebackTmp:          0 kB
CommitLimit:     2172840 kB
Committed_AS:   90320588 kB
VmallocTotal:   251658176 kB
VmallocUsed:      138772 kB
VmallocChunk:   251409964 kB
Time pass: 289 sec

---2015-12-05 14:07:44
MemTotal:        2905316 kB
MemFree:           75332 kB
Buffers:           25676 kB
Cached:          1029460 kB
SwapCached:            0 kB
Active:          1317216 kB
Inactive:         709832 kB
Active(anon):     812120 kB
Inactive(anon):   205864 kB
Active(file):     505096 kB
Inactive(file):   503968 kB
Unevictable:       12768 kB
Mlocked:               0 kB
SwapTotal:        720184 kB
SwapFree:         720156 kB
Dirty:               124 kB
Writeback:             0 kB
AnonPages:        984520 kB
Mapped:           658296 kB
Shmem:             33304 kB
Slab:             120120 kB
SReclaimable:      39400 kB
SUnreclaim:        80720 kB
KernelStack:       32752 kB
PageTables:        55788 kB
NFS_Unstable:          0 kB
Bounce:                0 kB
WritebackTmp:          0 kB
CommitLimit:     2172840 kB
Committed_AS:   90347280 kB
VmallocTotal:   251658176 kB
VmallocUsed:      138772 kB
VmallocChunk:   251409964 kB
Time pass: 292 sec

---2015-12-05 14:07:44
MemTotal:        2905316 kB
MemFree:           75296 kB
Buffers:           25684 kB
Cached:          1029472 kB
SwapCached:            0 kB
Active:          1317280 kB
Inactive:         709848 kB
Active(anon):     812180 kB
Inactive(anon):   205868 kB
Active(file):     505100 kB
Inactive(file):   503980 kB
Unevictable:       12768 kB
Mlocked:               0 kB
SwapTotal:        720184 kB
SwapFree:         720156 kB
Dirty:                84 kB
Writeback:             0 kB
AnonPages:        984720 kB
Mapped:           658312 kB
Shmem:             33308 kB
Slab:             120120 kB
SReclaimable:      39400 kB
SUnreclaim:        80720 kB
KernelStack:       32752 kB
PageTables:        55788 kB
NFS_Unstable:          0 kB
Bounce:                0 kB
WritebackTmp:          0 kB
CommitLimit:     2172840 kB
Committed_AS:   90347296 kB
VmallocTotal:   251658176 kB
VmallocUsed:      138772 kB
VmallocChunk:   251409964 kB
Time pass: 296 sec

---2015-12-05 14:07:44
MemTotal:        2905316 kB
MemFree:           75204 kB
Buffers:           25692 kB
Cached:          1029476 kB
SwapCached:            0 kB
Active:          1317100 kB
Inactive:         709856 kB
Active(anon):     811996 kB
Inactive(anon):   205872 kB
Active(file):     505104 kB
Inactive(file):   503984 kB
Unevictable:       12768 kB
Mlocked:               0 kB
SwapTotal:        720184 kB
SwapFree:         720156 kB
Dirty:                28 kB
Writeback:             0 kB
AnonPages:        984544 kB
Mapped:           658320 kB
Shmem:             33312 kB
Slab:             120120 kB
SReclaimable:      39400 kB
SUnreclaim:        80720 kB
KernelStack:       32720 kB
PageTables:        55788 kB
NFS_Unstable:          0 kB
Bounce:                0 kB
WritebackTmp:          0 kB
CommitLimit:     2172840 kB
Committed_AS:   90347236 kB
VmallocTotal:   251658176 kB
VmallocUsed:      138772 kB
VmallocChunk:   251409964 kB
Time pass: 300 sec

---2015-12-05 14:07:44
MemTotal:        2905316 kB
MemFree:           71608 kB
Buffers:           25724 kB
Cached:          1030008 kB
SwapCached:            0 kB
Active:          1321164 kB
Inactive:         709976 kB
Active(anon):     815620 kB
Inactive(anon):   205876 kB
Active(file):     505544 kB
Inactive(file):   504100 kB
Unevictable:       12768 kB
Mlocked:               0 kB
SwapTotal:        720184 kB
SwapFree:         720156 kB
Dirty:                 8 kB
Writeback:             0 kB
AnonPages:        988160 kB
Mapped:           661664 kB
Shmem:             33320 kB
Slab:             120120 kB
SReclaimable:      39400 kB
SUnreclaim:        80720 kB
KernelStack:       32704 kB
PageTables:        55908 kB
NFS_Unstable:          0 kB
Bounce:                0 kB
WritebackTmp:          0 kB
CommitLimit:     2172840 kB
Committed_AS:   90353056 kB
VmallocTotal:   251658176 kB
VmallocUsed:      138772 kB
VmallocChunk:   251409964 kB
Time pass: 304 sec

---2015-12-05 14:07:44
MemTotal:        2905316 kB
MemFree:           70936 kB
Buffers:           25732 kB
Cached:          1030012 kB
SwapCached:            0 kB
Active:          1321284 kB
Inactive:         709988 kB
Active(anon):     815740 kB
Inactive(anon):   205876 kB
Active(file):     505544 kB
Inactive(file):   504112 kB
Unevictable:       12768 kB
Mlocked:               0 kB
SwapTotal:        720184 kB
SwapFree:         720156 kB
Dirty:                64 kB
Writeback:             0 kB
AnonPages:        988496 kB
Mapped:           661672 kB
Shmem:             33320 kB
Slab:             120120 kB
SReclaimable:      39400 kB
SUnreclaim:        80720 kB
KernelStack:       32704 kB
PageTables:        55908 kB
NFS_Unstable:          0 kB
Bounce:                0 kB
WritebackTmp:          0 kB
CommitLimit:     2172840 kB
Committed_AS:   90353124 kB
VmallocTotal:   251658176 kB
VmallocUsed:      138772 kB
VmallocChunk:   251409964 kB
Time pass: 308 sec

---2015-12-05 14:07:44
MemTotal:        2905316 kB
MemFree:           70592 kB
Buffers:           25740 kB
Cached:          1030016 kB
SwapCached:            0 kB
Active:          1321824 kB
Inactive:         709996 kB
Active(anon):     816276 kB
Inactive(anon):   205884 kB
Active(file):     505548 kB
Inactive(file):   504112 kB
Unevictable:       12768 kB
Mlocked:               0 kB
SwapTotal:        720184 kB
SwapFree:         720156 kB
Dirty:                60 kB
Writeback:             0 kB
AnonPages:        988832 kB
Mapped:           661684 kB
Shmem:             33328 kB
Slab:             120120 kB
SReclaimable:      39400 kB
SUnreclaim:        80720 kB
KernelStack:       32672 kB
PageTables:        55900 kB
NFS_Unstable:          0 kB
Bounce:                0 kB
WritebackTmp:          0 kB
CommitLimit:     2172840 kB
Committed_AS:   90353132 kB
VmallocTotal:   251658176 kB
VmallocUsed:      138772 kB
VmallocChunk:   251409964 kB
Time pass: 311 sec

---2015-12-05 14:07:44
MemTotal:        2905316 kB
MemFree:           69832 kB
Buffers:           25764 kB
Cached:          1030064 kB
SwapCached:            0 kB
Active:          1322904 kB
Inactive:         710056 kB
Active(anon):     817344 kB
Inactive(anon):   205888 kB
Active(file):     505560 kB
Inactive(file):   504168 kB
Unevictable:       12768 kB
Mlocked:               0 kB
SwapTotal:        720184 kB
SwapFree:         720156 kB
Dirty:               116 kB
Writeback:             0 kB
AnonPages:        989764 kB
Mapped:           661700 kB
Shmem:             33332 kB
Slab:             120120 kB
SReclaimable:      39400 kB
SUnreclaim:        80720 kB
KernelStack:       32672 kB
PageTables:        55900 kB
NFS_Unstable:          0 kB
Bounce:                0 kB
WritebackTmp:          0 kB
CommitLimit:     2172840 kB
Committed_AS:   90353016 kB
VmallocTotal:   251658176 kB
VmallocUsed:      138772 kB
VmallocChunk:   251409964 kB
Time pass: 315 sec

---2015-12-05 14:07:44
MemTotal:        2905316 kB
MemFree:           69696 kB
Buffers:           25764 kB
Cached:          1030104 kB
SwapCached:            0 kB
Active:          1323040 kB
Inactive:         710088 kB
Active(anon):     817472 kB
Inactive(anon):   205916 kB
Active(file):     505568 kB
Inactive(file):   504172 kB
Unevictable:       12768 kB
Mlocked:               0 kB
SwapTotal:        720184 kB
SwapFree:         720156 kB
Dirty:                12 kB
Writeback:             0 kB
AnonPages:        989848 kB
Mapped:           661744 kB
Shmem:             33360 kB
Slab:             120120 kB
SReclaimable:      39400 kB
SUnreclaim:        80720 kB
KernelStack:       32672 kB
PageTables:        55908 kB
NFS_Unstable:          0 kB
Bounce:                0 kB
WritebackTmp:          0 kB
CommitLimit:     2172840 kB
Committed_AS:   90352984 kB
VmallocTotal:   251658176 kB
VmallocUsed:      138772 kB
VmallocChunk:   251409964 kB
Time pass: 319 sec

---2015-12-05 14:07:44
MemTotal:        2905316 kB
MemFree:           68760 kB
Buffers:           25772 kB
Cached:          1030164 kB
SwapCached:            0 kB
Active:          1323728 kB
Inactive:         710152 kB
Active(anon):     818156 kB
Inactive(anon):   205976 kB
Active(file):     505572 kB
Inactive(file):   504176 kB
Unevictable:       12768 kB
Mlocked:               0 kB
SwapTotal:        720184 kB
SwapFree:         720156 kB
Dirty:                32 kB
Writeback:             0 kB
AnonPages:        990560 kB
Mapped:           661824 kB
Shmem:             33420 kB
Slab:             120120 kB
SReclaimable:      39400 kB
SUnreclaim:        80720 kB
KernelStack:       32672 kB
PageTables:        55956 kB
NFS_Unstable:          0 kB
Bounce:                0 kB
WritebackTmp:          0 kB
CommitLimit:     2172840 kB
Committed_AS:   90379728 kB
VmallocTotal:   251658176 kB
VmallocUsed:      138772 kB
VmallocChunk:   251409964 kB
Time pass: 323 sec

---2015-12-05 14:07:44
MemTotal:        2905316 kB
MemFree:           67908 kB
Buffers:           25788 kB
Cached:          1030208 kB
SwapCached:            0 kB
Active:          1324424 kB
Inactive:         710196 kB
Active(anon):     818836 kB
Inactive(anon):   205976 kB
Active(file):     505588 kB
Inactive(file):   504220 kB
Unevictable:       12768 kB
Mlocked:               0 kB
SwapTotal:        720184 kB
SwapFree:         720156 kB
Dirty:               116 kB
Writeback:             0 kB
AnonPages:        991316 kB
Mapped:           661832 kB
Shmem:             33420 kB
Slab:             120120 kB
SReclaimable:      39400 kB
SUnreclaim:        80720 kB
KernelStack:       32656 kB
PageTables:        55956 kB
NFS_Unstable:          0 kB
Bounce:                0 kB
WritebackTmp:          0 kB
CommitLimit:     2172840 kB
Committed_AS:   90379688 kB
VmallocTotal:   251658176 kB
VmallocUsed:      138772 kB
VmallocChunk:   251409964 kB
Time pass: 327 sec

---2015-12-05 14:07:44
MemTotal:        2905316 kB
MemFree:           67752 kB
Buffers:           25796 kB
Cached:          1030208 kB
SwapCached:            0 kB
Active:          1324648 kB
Inactive:         710196 kB
Active(anon):     819052 kB
Inactive(anon):   205976 kB
Active(file):     505596 kB
Inactive(file):   504220 kB
Unevictable:       12768 kB
Mlocked:               0 kB
SwapTotal:        720184 kB
SwapFree:         720156 kB
Dirty:                64 kB
Writeback:             0 kB
AnonPages:        991456 kB
Mapped:           661844 kB
Shmem:             33420 kB
Slab:             120120 kB
SReclaimable:      39400 kB
SUnreclaim:        80720 kB
KernelStack:       32656 kB
PageTables:        55956 kB
NFS_Unstable:          0 kB
Bounce:                0 kB
WritebackTmp:          0 kB
CommitLimit:     2172840 kB
Committed_AS:   90379700 kB
VmallocTotal:   251658176 kB
VmallocUsed:      138772 kB
VmallocChunk:   251409964 kB
Time pass: 330 sec

---2015-12-05 14:07:44
MemTotal:        2905316 kB
MemFree:           67976 kB
Buffers:           25796 kB
Cached:          1030220 kB
SwapCached:            0 kB
Active:          1324908 kB
Inactive:         710208 kB
Active(anon):     819312 kB
Inactive(anon):   205980 kB
Active(file):     505596 kB
Inactive(file):   504228 kB
Unevictable:       12768 kB
Mlocked:               0 kB
SwapTotal:        720184 kB
SwapFree:         720156 kB
Dirty:                 4 kB
Writeback:             0 kB
AnonPages:        991756 kB
Mapped:           661856 kB
Shmem:             33424 kB
Slab:             120120 kB
SReclaimable:      39400 kB
SUnreclaim:        80720 kB
KernelStack:       32624 kB
PageTables:        55952 kB
NFS_Unstable:          0 kB
Bounce:                0 kB
WritebackTmp:          0 kB
CommitLimit:     2172840 kB
Committed_AS:   90379688 kB
VmallocTotal:   251658176 kB
VmallocUsed:      138772 kB
VmallocChunk:   251409964 kB
Time pass: 334 sec

---2015-12-05 14:07:44
MemTotal:        2905316 kB
MemFree:           67404 kB
Buffers:           25812 kB
Cached:          1030236 kB
SwapCached:            0 kB
Active:          1324988 kB
Inactive:         710232 kB
Active(anon):     819384 kB
Inactive(anon):   205980 kB
Active(file):     505604 kB
Inactive(file):   504252 kB
Unevictable:       12768 kB
Mlocked:               0 kB
SwapTotal:        720184 kB
SwapFree:         720156 kB
Dirty:                76 kB
Writeback:             0 kB
AnonPages:        991800 kB
Mapped:           661856 kB
Shmem:             33424 kB
Slab:             120120 kB
SReclaimable:      39400 kB
SUnreclaim:        80720 kB
KernelStack:       32656 kB
PageTables:        55956 kB
NFS_Unstable:          0 kB
Bounce:                0 kB
WritebackTmp:          0 kB
CommitLimit:     2172840 kB
Committed_AS:   90379636 kB
VmallocTotal:   251658176 kB
VmallocUsed:      138772 kB
VmallocChunk:   251409964 kB
Time pass: 338 sec

---2015-12-05 14:07:44
MemTotal:        2905316 kB
MemFree:           66928 kB
Buffers:           25812 kB
Cached:          1030256 kB
SwapCached:            0 kB
Active:          1325184 kB
Inactive:         710244 kB
Active(anon):     819572 kB
Inactive(anon):   205980 kB
Active(file):     505612 kB
Inactive(file):   504264 kB
Unevictable:       12768 kB
Mlocked:               0 kB
SwapTotal:        720184 kB
SwapFree:         720156 kB
Dirty:                64 kB
Writeback:             0 kB
AnonPages:        992120 kB
Mapped:           661856 kB
Shmem:             33424 kB
Slab:             120120 kB
SReclaimable:      39400 kB
SUnreclaim:        80720 kB
KernelStack:       32624 kB
PageTables:        55960 kB
NFS_Unstable:          0 kB
Bounce:                0 kB
WritebackTmp:          0 kB
CommitLimit:     2172840 kB
Committed_AS:   90379660 kB
VmallocTotal:   251658176 kB
VmallocUsed:      138772 kB
VmallocChunk:   251409964 kB
Time pass: 341 sec

---2015-12-05 14:07:44
MemTotal:        2905316 kB
MemFree:           66476 kB
Buffers:           25820 kB
Cached:          1030256 kB
SwapCached:            0 kB
Active:          1325632 kB
Inactive:         710248 kB
Active(anon):     820016 kB
Inactive(anon):   205980 kB
Active(file):     505616 kB
Inactive(file):   504268 kB
Unevictable:       12768 kB
Mlocked:               0 kB
SwapTotal:        720184 kB
SwapFree:         720156 kB
Dirty:                12 kB
Writeback:             0 kB
AnonPages:        992484 kB
Mapped:           661864 kB
Shmem:             33424 kB
Slab:             120120 kB
SReclaimable:      39400 kB
SUnreclaim:        80720 kB
KernelStack:       32608 kB
PageTables:        55960 kB
NFS_Unstable:          0 kB
Bounce:                0 kB
WritebackTmp:          0 kB
CommitLimit:     2172840 kB
Committed_AS:   90379616 kB
VmallocTotal:   251658176 kB
VmallocUsed:      138772 kB
VmallocChunk:   251409964 kB
Time pass: 345 sec

---2015-12-05 14:07:44
MemTotal:        2905316 kB
MemFree:           65644 kB
Buffers:           25844 kB
Cached:          1030300 kB
SwapCached:            0 kB
Active:          1326304 kB
Inactive:         710276 kB
Active(anon):     820680 kB
Inactive(anon):   205984 kB
Active(file):     505624 kB
Inactive(file):   504292 kB
Unevictable:       12768 kB
Mlocked:               0 kB
SwapTotal:        720184 kB
SwapFree:         720156 kB
Dirty:               132 kB
Writeback:             0 kB
AnonPages:        993260 kB
Mapped:           661876 kB
Shmem:             33428 kB
Slab:             120120 kB
SReclaimable:      39400 kB
SUnreclaim:        80720 kB
KernelStack:       32576 kB
PageTables:        55960 kB
NFS_Unstable:          0 kB
Bounce:                0 kB
WritebackTmp:          0 kB
CommitLimit:     2172840 kB
Committed_AS:   90379592 kB
VmallocTotal:   251658176 kB
VmallocUsed:      138772 kB
VmallocChunk:   251409964 kB
Time pass: 349 sec

---2015-12-05 14:07:44
MemTotal:        2905316 kB
MemFree:           64520 kB
Buffers:           25844 kB
Cached:          1030468 kB
SwapCached:            0 kB
Active:          1327196 kB
Inactive:         710456 kB
Active(anon):     821552 kB
Inactive(anon):   206044 kB
Active(file):     505644 kB
Inactive(file):   504412 kB
Unevictable:       12768 kB
Mlocked:               0 kB
SwapTotal:        720184 kB
SwapFree:         720156 kB
Dirty:               148 kB
Writeback:             0 kB
AnonPages:        994308 kB
Mapped:           661916 kB
Shmem:             33488 kB
Slab:             120128 kB
SReclaimable:      39400 kB
SUnreclaim:        80728 kB
KernelStack:       32592 kB
PageTables:        55980 kB
NFS_Unstable:          0 kB
Bounce:                0 kB
WritebackTmp:          0 kB
CommitLimit:     2172840 kB
Committed_AS:   90406164 kB
VmallocTotal:   251658176 kB
VmallocUsed:      138772 kB
VmallocChunk:   251409964 kB
Time pass: 353 sec

---2015-12-05 14:07:44
MemTotal:        2905316 kB
MemFree:           65204 kB
Buffers:           25852 kB
Cached:          1030496 kB
SwapCached:            0 kB
Active:          1327264 kB
Inactive:         710492 kB
Active(anon):     821620 kB
Inactive(anon):   206072 kB
Active(file):     505644 kB
Inactive(file):   504420 kB
Unevictable:       12768 kB
Mlocked:               0 kB
SwapTotal:        720184 kB
SwapFree:         720156 kB
Dirty:                76 kB
Writeback:             0 kB
AnonPages:        994156 kB
Mapped:           661948 kB
Shmem:             33516 kB
Slab:             120128 kB
SReclaimable:      39400 kB
SUnreclaim:        80728 kB
KernelStack:       32560 kB
PageTables:        55980 kB
NFS_Unstable:          0 kB
Bounce:                0 kB
WritebackTmp:          0 kB
CommitLimit:     2172840 kB
Committed_AS:   90406120 kB
VmallocTotal:   251658176 kB
VmallocUsed:      138772 kB
VmallocChunk:   251409964 kB
Time pass: 356 sec

---2015-12-05 14:07:44
MemTotal:        2905316 kB
MemFree:           63964 kB
Buffers:           25860 kB
Cached:          1030512 kB
SwapCached:            0 kB
Active:          1327480 kB
Inactive:         710512 kB
Active(anon):     821832 kB
Inactive(anon):   206076 kB
Active(file):     505648 kB
Inactive(file):   504436 kB
Unevictable:       12768 kB
Mlocked:               0 kB
SwapTotal:        720184 kB
SwapFree:         720156 kB
Dirty:                16 kB
Writeback:             0 kB
AnonPages:        994584 kB
Mapped:           662024 kB
Shmem:             33520 kB
Slab:             120128 kB
SReclaimable:      39400 kB
SUnreclaim:        80728 kB
KernelStack:       32560 kB
PageTables:        56004 kB
NFS_Unstable:          0 kB
Bounce:                0 kB
WritebackTmp:          0 kB
CommitLimit:     2172840 kB
Committed_AS:   90406144 kB
VmallocTotal:   251658176 kB
VmallocUsed:      138772 kB
VmallocChunk:   251409964 kB
Time pass: 360 sec

---2015-12-05 14:07:44
MemTotal:        2905316 kB
MemFree:           67516 kB
Buffers:           25752 kB
Cached:          1025696 kB
SwapCached:            0 kB
Active:          1326624 kB
Inactive:         708980 kB
Active(anon):     824092 kB
Inactive(anon):   206352 kB
Active(file):     502532 kB
Inactive(file):   502628 kB
Unevictable:       12768 kB
Mlocked:               0 kB
SwapTotal:        720184 kB
SwapFree:         720156 kB
Dirty:                12 kB
Writeback:             0 kB
AnonPages:        997052 kB
Mapped:           660984 kB
Shmem:             33520 kB
Slab:             120112 kB
SReclaimable:      39384 kB
SUnreclaim:        80728 kB
KernelStack:       32544 kB
PageTables:        55980 kB
NFS_Unstable:          0 kB
Bounce:                0 kB
WritebackTmp:          0 kB
CommitLimit:     2172840 kB
Committed_AS:   90410808 kB
VmallocTotal:   251658176 kB
VmallocUsed:      138772 kB
VmallocChunk:   251409964 kB
Time pass: 364 sec

---2015-12-05 14:07:44
MemTotal:        2905316 kB
MemFree:           67936 kB
Buffers:           25760 kB
Cached:          1025708 kB
SwapCached:            0 kB
Active:          1327072 kB
Inactive:         708992 kB
Active(anon):     824532 kB
Inactive(anon):   206352 kB
Active(file):     502540 kB
Inactive(file):   502640 kB
Unevictable:       12768 kB
Mlocked:               0 kB
SwapTotal:        720184 kB
SwapFree:         720156 kB
Dirty:                84 kB
Writeback:             0 kB
AnonPages:        997332 kB
Mapped:           660992 kB
Shmem:             33520 kB
Slab:             120112 kB
SReclaimable:      39384 kB
SUnreclaim:        80728 kB
KernelStack:       32576 kB
PageTables:        55984 kB
NFS_Unstable:          0 kB
Bounce:                0 kB
WritebackTmp:          0 kB
CommitLimit:     2172840 kB
Committed_AS:   90410820 kB
VmallocTotal:   251658176 kB
VmallocUsed:      138772 kB
VmallocChunk:   251409964 kB
Time pass: 368 sec

---2015-12-05 14:07:44
MemTotal:        2905316 kB
MemFree:           67436 kB
Buffers:           25768 kB
Cached:          1025708 kB
SwapCached:            0 kB
Active:          1327148 kB
Inactive:         708992 kB
Active(anon):     824600 kB
Inactive(anon):   206352 kB
Active(file):     502548 kB
Inactive(file):   502640 kB
Unevictable:       12768 kB
Mlocked:               0 kB
SwapTotal:        720184 kB
SwapFree:         720156 kB
Dirty:                16 kB
Writeback:             0 kB
AnonPages:        997416 kB
Mapped:           660996 kB
Shmem:             33520 kB
Slab:             120112 kB
SReclaimable:      39384 kB
SUnreclaim:        80728 kB
KernelStack:       32576 kB
PageTables:        55980 kB
NFS_Unstable:          0 kB
Bounce:                0 kB
WritebackTmp:          0 kB
CommitLimit:     2172840 kB
Committed_AS:   90410796 kB
VmallocTotal:   251658176 kB
VmallocUsed:      138772 kB
VmallocChunk:   251409964 kB
Time pass: 372 sec

---2015-12-05 14:07:44
MemTotal:        2905316 kB
MemFree:           66728 kB
Buffers:           25784 kB
Cached:          1025760 kB
SwapCached:            0 kB
Active:          1327864 kB
Inactive:         709040 kB
Active(anon):     825296 kB
Inactive(anon):   206352 kB
Active(file):     502568 kB
Inactive(file):   502688 kB
Unevictable:       12768 kB
Mlocked:               0 kB
SwapTotal:        720184 kB
SwapFree:         720156 kB
Dirty:                20 kB
Writeback:             0 kB
AnonPages:        998156 kB
Mapped:           661040 kB
Shmem:             33520 kB
Slab:             120112 kB
SReclaimable:      39384 kB
SUnreclaim:        80728 kB
KernelStack:       32544 kB
PageTables:        56004 kB
NFS_Unstable:          0 kB
Bounce:                0 kB
WritebackTmp:          0 kB
CommitLimit:     2172840 kB
Committed_AS:   90410804 kB
VmallocTotal:   251658176 kB
VmallocUsed:      138772 kB
VmallocChunk:   251409964 kB
Time pass: 375 sec

---2015-12-05 14:07:44
MemTotal:        2905316 kB
MemFree:           66676 kB
Buffers:           25792 kB
Cached:          1025760 kB
SwapCached:            0 kB
Active:          1327916 kB
Inactive:         709048 kB
Active(anon):     825348 kB
Inactive(anon):   206352 kB
Active(file):     502568 kB
Inactive(file):   502696 kB
Unevictable:       12768 kB
Mlocked:               0 kB
SwapTotal:        720184 kB
SwapFree:         720156 kB
Dirty:                56 kB
Writeback:             0 kB
AnonPages:        998152 kB
Mapped:           661072 kB
Shmem:             33520 kB
Slab:             120112 kB
SReclaimable:      39384 kB
SUnreclaim:        80728 kB
KernelStack:       32544 kB
PageTables:        56008 kB
NFS_Unstable:          0 kB
Bounce:                0 kB
WritebackTmp:          0 kB
CommitLimit:     2172840 kB
Committed_AS:   90410792 kB
VmallocTotal:   251658176 kB
VmallocUsed:      138772 kB
VmallocChunk:   251409964 kB
Time pass: 379 sec

---2015-12-05 14:07:44
MemTotal:        2905316 kB
MemFree:           66096 kB
Buffers:           25800 kB
Cached:          1025808 kB
SwapCached:            0 kB
Active:          1328924 kB
Inactive:         709084 kB
Active(anon):     826348 kB
Inactive(anon):   206392 kB
Active(file):     502576 kB
Inactive(file):   502692 kB
Unevictable:       12768 kB
Mlocked:               0 kB
SwapTotal:        720184 kB
SwapFree:         720156 kB
Dirty:                68 kB
Writeback:             0 kB
AnonPages:        999332 kB
Mapped:           661080 kB
Shmem:             33572 kB
Slab:             120112 kB
SReclaimable:      39384 kB
SUnreclaim:        80728 kB
KernelStack:       32544 kB
PageTables:        56024 kB
NFS_Unstable:          0 kB
Bounce:                0 kB
WritebackTmp:          0 kB
CommitLimit:     2172840 kB
Committed_AS:   90437684 kB
VmallocTotal:   251658176 kB
VmallocUsed:      138772 kB
VmallocChunk:   251409964 kB
Time pass: 383 sec

---2015-12-05 14:07:44
MemTotal:        2905316 kB
MemFree:           65252 kB
Buffers:           25816 kB
Cached:          1025872 kB
SwapCached:            0 kB
Active:          1329532 kB
Inactive:         709172 kB
Active(anon):     826952 kB
Inactive(anon):   206428 kB
Active(file):     502580 kB
Inactive(file):   502744 kB
Unevictable:       12768 kB
Mlocked:               0 kB
SwapTotal:        720184 kB
SwapFree:         720156 kB
Dirty:               104 kB
Writeback:             0 kB
AnonPages:        999784 kB
Mapped:           661172 kB
Shmem:             33596 kB
Slab:             120120 kB
SReclaimable:      39384 kB
SUnreclaim:        80736 kB
KernelStack:       32544 kB
PageTables:        56056 kB
NFS_Unstable:          0 kB
Bounce:                0 kB
WritebackTmp:          0 kB
CommitLimit:     2172840 kB
Committed_AS:   90437648 kB
VmallocTotal:   251658176 kB
VmallocUsed:      138772 kB
VmallocChunk:   251409964 kB
Time pass: 386 sec

---2015-12-05 14:07:44
MemTotal:        2905316 kB
MemFree:           64304 kB
Buffers:           25824 kB
Cached:          1025864 kB
SwapCached:            0 kB
Active:          1329944 kB
Inactive:         709168 kB
