---2015-12-17 17:07:46
MemTotal:        2895588 kB
MemFree:          188108 kB
Buffers:           15324 kB
Cached:          1602700 kB
SwapCached:            0 kB
Active:           657036 kB
Inactive:        1543712 kB
Active(anon):     231212 kB
Inactive(anon):   355556 kB
Active(file):     425824 kB
Inactive(file):  1188156 kB
Unevictable:        2968 kB
Mlocked:               0 kB
HighTotal:       2306432 kB
HighFree:         121264 kB
LowTotal:         589156 kB
LowFree:           66844 kB
SwapTotal:       1048572 kB
SwapFree:        1048572 kB
Dirty:                16 kB
Writeback:             0 kB
AnonPages:        585996 kB
Mapped:           365812 kB
Shmem:              1068 kB
Slab:              54652 kB
SReclaimable:      20052 kB
SUnreclaim:        34600 kB
KernelStack:       12032 kB
PageTables:        37572 kB
NFS_Unstable:          0 kB
Bounce:                0 kB
WritebackTmp:          0 kB
CommitLimit:     2496364 kB
Committed_AS:   82563856 kB
VmallocTotal:     385024 kB
VmallocUsed:      151412 kB
VmallocChunk:      69700 kB
Time pass: 3 sec

---2015-12-17 17:07:46
MemTotal:        2895588 kB
MemFree:          187288 kB
Buffers:           15324 kB
Cached:          1602736 kB
SwapCached:            0 kB
Active:           657096 kB
Inactive:        1543748 kB
Active(anon):     231272 kB
Inactive(anon):   355556 kB
Active(file):     425824 kB
Inactive(file):  1188192 kB
Unevictable:        2968 kB
Mlocked:               0 kB
HighTotal:       2306432 kB
HighFree:         120520 kB
LowTotal:         589156 kB
LowFree:           66768 kB
SwapTotal:       1048572 kB
SwapFree:        1048572 kB
Dirty:                 0 kB
Writeback:             0 kB
AnonPages:        586164 kB
Mapped:           365872 kB
Shmem:              1068 kB
Slab:              54648 kB
SReclaimable:      20052 kB
SUnreclaim:        34596 kB
KernelStack:       12032 kB
PageTables:        37592 kB
NFS_Unstable:          0 kB
Bounce:                0 kB
WritebackTmp:          0 kB
CommitLimit:     2496364 kB
Committed_AS:   82563916 kB
VmallocTotal:     385024 kB
VmallocUsed:      151412 kB
VmallocChunk:      69700 kB
Time pass: 7 sec

---2015-12-17 17:07:46
MemTotal:        2895588 kB
MemFree:          186720 kB
Buffers:           15324 kB
Cached:          1602736 kB
SwapCached:            0 kB
Active:           657144 kB
Inactive:        1543748 kB
Active(anon):     231320 kB
Inactive(anon):   355556 kB
Active(file):     425824 kB
Inactive(file):  1188192 kB
Unevictable:        2968 kB
Mlocked:               0 kB
HighTotal:       2306432 kB
HighFree:         119900 kB
LowTotal:         589156 kB
LowFree:           66820 kB
SwapTotal:       1048572 kB
SwapFree:        1048572 kB
Dirty:                 0 kB
Writeback:             0 kB
AnonPages:        586652 kB
Mapped:           365924 kB
Shmem:              1068 kB
Slab:              54648 kB
SReclaimable:      20052 kB
SUnreclaim:        34596 kB
KernelStack:       12032 kB
PageTables:        37612 kB
NFS_Unstable:          0 kB
Bounce:                0 kB
WritebackTmp:          0 kB
CommitLimit:     2496364 kB
Committed_AS:   82563996 kB
VmallocTotal:     385024 kB
VmallocUsed:      151412 kB
VmallocChunk:      69700 kB
Time pass: 10 sec

---2015-12-17 17:07:46
MemTotal:        2895588 kB
MemFree:          186568 kB
Buffers:           15324 kB
Cached:          1602736 kB
SwapCached:            0 kB
Active:           657252 kB
Inactive:        1543728 kB
Active(anon):     231420 kB
Inactive(anon):   355536 kB
Active(file):     425832 kB
Inactive(file):  1188192 kB
Unevictable:        2968 kB
Mlocked:               0 kB
HighTotal:       2306432 kB
HighFree:         119652 kB
LowTotal:         589156 kB
LowFree:           66916 kB
SwapTotal:       1048572 kB
SwapFree:        1048572 kB
Dirty:                 0 kB
Writeback:             0 kB
AnonPages:        586256 kB
Mapped:           365820 kB
Shmem:              1068 kB
Slab:              54648 kB
SReclaimable:      20052 kB
SUnreclaim:        34596 kB
KernelStack:       12032 kB
PageTables:        37572 kB
NFS_Unstable:          0 kB
Bounce:                0 kB
WritebackTmp:          0 kB
CommitLimit:     2496364 kB
Committed_AS:   82564196 kB
VmallocTotal:     385024 kB
VmallocUsed:      151412 kB
VmallocChunk:      69700 kB
Time pass: 14 sec

---2015-12-17 17:07:46
MemTotal:        2895588 kB
MemFree:          185896 kB
Buffers:           15324 kB
Cached:          1602736 kB
SwapCached:            0 kB
Active:           657392 kB
Inactive:        1543728 kB
Active(anon):     231560 kB
Inactive(anon):   355536 kB
Active(file):     425832 kB
Inactive(file):  1188192 kB
Unevictable:        2968 kB
Mlocked:               0 kB
HighTotal:       2306432 kB
HighFree:         118980 kB
LowTotal:         589156 kB
LowFree:           66916 kB
SwapTotal:       1048572 kB
SwapFree:        1048572 kB
Dirty:                 0 kB
Writeback:             0 kB
AnonPages:        586328 kB
Mapped:           365820 kB
Shmem:              1068 kB
Slab:              54648 kB
SReclaimable:      20052 kB
SUnreclaim:        34596 kB
KernelStack:       12032 kB
PageTables:        37572 kB
NFS_Unstable:          0 kB
Bounce:                0 kB
WritebackTmp:          0 kB
CommitLimit:     2496364 kB
Committed_AS:   82564348 kB
VmallocTotal:     385024 kB
VmallocUsed:      151412 kB
VmallocChunk:      69700 kB
Time pass: 17 sec

---2015-12-17 17:07:46
MemTotal:        2895588 kB
MemFree:          183260 kB
Buffers:           15324 kB
Cached:          1602736 kB
SwapCached:            0 kB
Active:           661232 kB
Inactive:        1543728 kB
Active(anon):     235400 kB
Inactive(anon):   355536 kB
Active(file):     425832 kB
Inactive(file):  1188192 kB
Unevictable:        2968 kB
Mlocked:               0 kB
HighTotal:       2306432 kB
HighFree:         116748 kB
LowTotal:         589156 kB
LowFree:           66512 kB
SwapTotal:       1048572 kB
SwapFree:        1048572 kB
Dirty:                 0 kB
Writeback:             0 kB
AnonPages:        590080 kB
Mapped:           366348 kB
Shmem:              1068 kB
Slab:              54648 kB
SReclaimable:      20052 kB
SUnreclaim:        34596 kB
KernelStack:       12032 kB
PageTables:        37760 kB
NFS_Unstable:          0 kB
Bounce:                0 kB
WritebackTmp:          0 kB
CommitLimit:     2496364 kB
Committed_AS:   85249960 kB
VmallocTotal:     385024 kB
VmallocUsed:      151412 kB
VmallocChunk:      69700 kB
Time pass: 21 sec

---2015-12-17 17:07:46
MemTotal:        2895588 kB
MemFree:           82032 kB
Buffers:           15276 kB
Cached:          1459788 kB
SwapCached:            0 kB
Active:           713264 kB
Inactive:        1376276 kB
Active(anon):     264096 kB
Inactive(anon):   355284 kB
Active(file):     449168 kB
Inactive(file):  1020992 kB
Unevictable:        2968 kB
Mlocked:               0 kB
HighTotal:       2306432 kB
HighFree:          48192 kB
LowTotal:         589156 kB
LowFree:           33840 kB
SwapTotal:       1048572 kB
SwapFree:        1048572 kB
Dirty:              1852 kB
Writeback:             0 kB
AnonPages:        617768 kB
Mapped:           398292 kB
Shmem:              1200 kB
Slab:              54860 kB
SReclaimable:      20188 kB
SUnreclaim:        34672 kB
KernelStack:       12720 kB
PageTables:        38784 kB
NFS_Unstable:          0 kB
Bounce:                0 kB
WritebackTmp:          0 kB
CommitLimit:     2496364 kB
Committed_AS:   83888288 kB
VmallocTotal:     385024 kB
VmallocUsed:      153412 kB
VmallocChunk:      69700 kB
Time pass: 26 sec

---2015-12-17 17:07:46
MemTotal:        2895588 kB
MemFree:          102292 kB
Buffers:           15288 kB
Cached:          1459180 kB
SwapCached:            0 kB
Active:           701916 kB
Inactive:        1367600 kB
Active(anon):     252484 kB
Inactive(anon):   346732 kB
Active(file):     449432 kB
Inactive(file):  1020868 kB
Unevictable:        2968 kB
Mlocked:               0 kB
HighTotal:       2306432 kB
HighFree:          64468 kB
LowTotal:         589156 kB
LowFree:           37824 kB
SwapTotal:       1048572 kB
SwapFree:        1048572 kB
Dirty:               812 kB
Writeback:             0 kB
AnonPages:        598224 kB
Mapped:           393048 kB
Shmem:              1200 kB
Slab:              54840 kB
SReclaimable:      20188 kB
SUnreclaim:        34652 kB
KernelStack:       12712 kB
PageTables:        38564 kB
NFS_Unstable:          0 kB
Bounce:                0 kB
WritebackTmp:          0 kB
CommitLimit:     2496364 kB
Committed_AS:   83889008 kB
VmallocTotal:     385024 kB
VmallocUsed:      153380 kB
VmallocChunk:      69700 kB
Time pass: 30 sec

---2015-12-17 17:07:46
MemTotal:        2895588 kB
MemFree:          102676 kB
Buffers:           15296 kB
Cached:          1459188 kB
SwapCached:            0 kB
Active:           701188 kB
Inactive:        1367608 kB
Active(anon):     251756 kB
Inactive(anon):   346724 kB
Active(file):     449432 kB
Inactive(file):  1020884 kB
Unevictable:        2968 kB
Mlocked:               0 kB
HighTotal:       2306432 kB
HighFree:          64964 kB
LowTotal:         589156 kB
LowFree:           37712 kB
SwapTotal:       1048572 kB
SwapFree:        1048572 kB
Dirty:               140 kB
Writeback:             0 kB
AnonPages:        597588 kB
Mapped:           393116 kB
Shmem:              1200 kB
Slab:              54844 kB
SReclaimable:      20188 kB
SUnreclaim:        34656 kB
KernelStack:       12712 kB
PageTables:        38564 kB
NFS_Unstable:          0 kB
Bounce:                0 kB
WritebackTmp:          0 kB
CommitLimit:     2496364 kB
Committed_AS:   83889216 kB
VmallocTotal:     385024 kB
VmallocUsed:      153380 kB
VmallocChunk:      69700 kB
Time pass: 33 sec

---2015-12-17 17:07:46
MemTotal:        2895588 kB
MemFree:          102968 kB
Buffers:           15304 kB
Cached:          1459180 kB
SwapCached:            0 kB
Active:           701100 kB
Inactive:        1367604 kB
Active(anon):     251668 kB
Inactive(anon):   346724 kB
Active(file):     449432 kB
Inactive(file):  1020880 kB
Unevictable:        2968 kB
Mlocked:               0 kB
HighTotal:       2306432 kB
HighFree:          65220 kB
LowTotal:         589156 kB
LowFree:           37748 kB
SwapTotal:       1048572 kB
SwapFree:        1048572 kB
Dirty:                 0 kB
Writeback:             0 kB
AnonPages:        597368 kB
Mapped:           393120 kB
Shmem:              1200 kB
Slab:              54844 kB
SReclaimable:      20188 kB
SUnreclaim:        34656 kB
KernelStack:       12712 kB
PageTables:        38564 kB
NFS_Unstable:          0 kB
Bounce:                0 kB
WritebackTmp:          0 kB
CommitLimit:     2496364 kB
Committed_AS:   83889392 kB
VmallocTotal:     385024 kB
VmallocUsed:      153380 kB
VmallocChunk:      69700 kB
Time pass: 37 sec

---2015-12-17 17:07:46
MemTotal:        2895588 kB
MemFree:           99912 kB
Buffers:           15304 kB
Cached:          1459592 kB
SwapCached:            0 kB
Active:           706164 kB
Inactive:        1367476 kB
Active(anon):     256092 kB
Inactive(anon):   346724 kB
Active(file):     450072 kB
Inactive(file):  1020752 kB
Unevictable:        2968 kB
Mlocked:               0 kB
HighTotal:       2306432 kB
HighFree:          61996 kB
LowTotal:         589156 kB
LowFree:           37916 kB
SwapTotal:       1048572 kB
SwapFree:        1048572 kB
Dirty:               796 kB
Writeback:             0 kB
AnonPages:        602424 kB
Mapped:           393264 kB
Shmem:              1200 kB
Slab:              54848 kB
SReclaimable:      20188 kB
SUnreclaim:        34660 kB
KernelStack:       12720 kB
PageTables:        38536 kB
NFS_Unstable:          0 kB
Bounce:                0 kB
WritebackTmp:          0 kB
CommitLimit:     2496364 kB
Committed_AS:   83889960 kB
VmallocTotal:     385024 kB
VmallocUsed:      153404 kB
VmallocChunk:      69700 kB
Time pass: 40 sec

---2015-12-17 17:07:46
MemTotal:        2895588 kB
MemFree:           74944 kB
Buffers:           15312 kB
Cached:          1411104 kB
SwapCached:            0 kB
Active:           744724 kB
Inactive:        1309072 kB
Active(anon):     286388 kB
Inactive(anon):   346608 kB
Active(file):     458336 kB
Inactive(file):   962464 kB
Unevictable:        2968 kB
Mlocked:               0 kB
HighTotal:       2306432 kB
HighFree:          41524 kB
LowTotal:         589156 kB
LowFree:           33420 kB
SwapTotal:       1048572 kB
SwapFree:        1048572 kB
Dirty:                 8 kB
Writeback:             0 kB
AnonPages:        631424 kB
Mapped:           394376 kB
Shmem:              1204 kB
Slab:              54852 kB
SReclaimable:      20188 kB
SUnreclaim:        34664 kB
KernelStack:       12760 kB
PageTables:        38616 kB
NFS_Unstable:          0 kB
Bounce:                0 kB
WritebackTmp:          0 kB
CommitLimit:     2496364 kB
Committed_AS:   83929432 kB
VmallocTotal:     385024 kB
VmallocUsed:      153956 kB
VmallocChunk:      69700 kB
Time pass: 44 sec

---2015-12-17 17:07:46
MemTotal:        2895588 kB
MemFree:           88152 kB
Buffers:           15320 kB
Cached:          1409668 kB
SwapCached:            0 kB
Active:           734524 kB
Inactive:        1308276 kB
Active(anon):     275764 kB
Inactive(anon):   346216 kB
Active(file):     458760 kB
Inactive(file):   962060 kB
Unevictable:        2968 kB
Mlocked:               0 kB
HighTotal:       2306432 kB
HighFree:          55536 kB
LowTotal:         589156 kB
LowFree:           32616 kB
SwapTotal:       1048572 kB
SwapFree:        1048572 kB
Dirty:                92 kB
Writeback:             0 kB
AnonPages:        620500 kB
Mapped:           394476 kB
Shmem:              1200 kB
Slab:              54852 kB
SReclaimable:      20188 kB
SUnreclaim:        34664 kB
KernelStack:       12824 kB
PageTables:        38728 kB
NFS_Unstable:          0 kB
Bounce:                0 kB
WritebackTmp:          0 kB
CommitLimit:     2496364 kB
Committed_AS:   83905504 kB
VmallocTotal:     385024 kB
VmallocUsed:      153944 kB
VmallocChunk:      69700 kB
Time pass: 47 sec

---2015-12-17 17:07:46
MemTotal:        2895588 kB
MemFree:           74560 kB
Buffers:           15328 kB
Cached:          1372944 kB
SwapCached:            0 kB
Active:           763688 kB
Inactive:        1266656 kB
Active(anon):     300648 kB
Inactive(anon):   346188 kB
Active(file):     463040 kB
Inactive(file):   920468 kB
Unevictable:        2968 kB
Mlocked:               0 kB
HighTotal:       2306432 kB
HighFree:          41872 kB
LowTotal:         589156 kB
LowFree:           32688 kB
SwapTotal:       1048572 kB
SwapFree:        1048572 kB
Dirty:              1400 kB
Writeback:             0 kB
AnonPages:        645652 kB
Mapped:           398004 kB
Shmem:              1200 kB
Slab:              54864 kB
SReclaimable:      20204 kB
SUnreclaim:        34660 kB
KernelStack:       12912 kB
PageTables:        38792 kB
NFS_Unstable:          0 kB
Bounce:                0 kB
WritebackTmp:          0 kB
CommitLimit:     2496364 kB
Committed_AS:   83930980 kB
VmallocTotal:     385024 kB
VmallocUsed:      155616 kB
VmallocChunk:      69700 kB
Time pass: 51 sec

---2015-12-17 17:07:46
MemTotal:        2895588 kB
MemFree:           90888 kB
Buffers:           15328 kB
Cached:          1365264 kB
SwapCached:            0 kB
Active:           749052 kB
Inactive:        1257960 kB
Active(anon):     284540 kB
Inactive(anon):   346084 kB
Active(file):     464512 kB
Inactive(file):   911876 kB
Unevictable:        2968 kB
Mlocked:               0 kB
HighTotal:       2306432 kB
HighFree:          53656 kB
LowTotal:         589156 kB
LowFree:           37232 kB
SwapTotal:       1048572 kB
SwapFree:        1048572 kB
Dirty:                44 kB
Writeback:             0 kB
AnonPages:        629628 kB
Mapped:           398284 kB
Shmem:              1200 kB
Slab:              54960 kB
SReclaimable:      20228 kB
SUnreclaim:        34732 kB
KernelStack:       12920 kB
PageTables:        38752 kB
NFS_Unstable:          0 kB
Bounce:                0 kB
WritebackTmp:          0 kB
CommitLimit:     2496364 kB
Committed_AS:   83919360 kB
VmallocTotal:     385024 kB
VmallocUsed:      155632 kB
VmallocChunk:      69700 kB
Time pass: 54 sec

---2015-12-17 17:07:46
MemTotal:        2895588 kB
MemFree:           90408 kB
Buffers:           15336 kB
Cached:          1365560 kB
SwapCached:            0 kB
Active:           749100 kB
Inactive:        1258268 kB
Active(anon):     284584 kB
Inactive(anon):   346084 kB
Active(file):     464516 kB
Inactive(file):   912184 kB
Unevictable:        2968 kB
Mlocked:               0 kB
HighTotal:       2306432 kB
HighFree:          52912 kB
LowTotal:         589156 kB
LowFree:           37496 kB
SwapTotal:       1048572 kB
SwapFree:        1048572 kB
Dirty:                84 kB
Writeback:             0 kB
AnonPages:        629648 kB
Mapped:           398668 kB
Shmem:              1200 kB
Slab:              54952 kB
SReclaimable:      20228 kB
SUnreclaim:        34724 kB
KernelStack:       12936 kB
PageTables:        38752 kB
NFS_Unstable:          0 kB
Bounce:                0 kB
WritebackTmp:          0 kB
CommitLimit:     2496364 kB
Committed_AS:   83919608 kB
VmallocTotal:     385024 kB
VmallocUsed:      155632 kB
VmallocChunk:      69700 kB
Time pass: 58 sec

---2015-12-17 17:07:46
MemTotal:        2895588 kB
MemFree:           89220 kB
Buffers:           15344 kB
Cached:          1365576 kB
SwapCached:            0 kB
Active:           750364 kB
Inactive:        1258288 kB
Active(anon):     285844 kB
Inactive(anon):   346084 kB
Active(file):     464520 kB
Inactive(file):   912204 kB
Unevictable:        2968 kB
Mlocked:               0 kB
HighTotal:       2306432 kB
HighFree:          51992 kB
LowTotal:         589156 kB
LowFree:           37228 kB
SwapTotal:       1048572 kB
SwapFree:        1048572 kB
Dirty:               104 kB
Writeback:             0 kB
AnonPages:        631232 kB
Mapped:           398668 kB
Shmem:              1200 kB
Slab:              54956 kB
SReclaimable:      20228 kB
SUnreclaim:        34728 kB
KernelStack:       12936 kB
PageTables:        38752 kB
NFS_Unstable:          0 kB
Bounce:                0 kB
WritebackTmp:          0 kB
CommitLimit:     2496364 kB
Committed_AS:   83919728 kB
VmallocTotal:     385024 kB
VmallocUsed:      155632 kB
VmallocChunk:      69700 kB
Time pass: 61 sec

---2015-12-17 17:07:46
MemTotal:        2895588 kB
MemFree:           88736 kB
Buffers:           15344 kB
Cached:          1365576 kB
SwapCached:            0 kB
Active:           750556 kB
Inactive:        1258304 kB
Active(anon):     286036 kB
Inactive(anon):   346084 kB
Active(file):     464520 kB
Inactive(file):   912220 kB
Unevictable:        2968 kB
Mlocked:               0 kB
HighTotal:       2306432 kB
HighFree:          51320 kB
LowTotal:         589156 kB
LowFree:           37416 kB
SwapTotal:       1048572 kB
SwapFree:        1048572 kB
Dirty:                20 kB
Writeback:             0 kB
AnonPages:        631524 kB
Mapped:           398720 kB
Shmem:              1200 kB
Slab:              54956 kB
SReclaimable:      20228 kB
SUnreclaim:        34728 kB
KernelStack:       12936 kB
PageTables:        38776 kB
NFS_Unstable:          0 kB
Bounce:                0 kB
WritebackTmp:          0 kB
CommitLimit:     2496364 kB
Committed_AS:   83920100 kB
VmallocTotal:     385024 kB
VmallocUsed:      155632 kB
VmallocChunk:      69700 kB
Time pass: 65 sec

---2015-12-17 17:07:46
MemTotal:        2895588 kB
MemFree:           71364 kB
Buffers:           15352 kB
Cached:          1346412 kB
SwapCached:            0 kB
Active:           771520 kB
Inactive:        1234432 kB
Active(anon):     302172 kB
Inactive(anon):   346084 kB
Active(file):     469348 kB
Inactive(file):   888348 kB
Unevictable:        2968 kB
Mlocked:               0 kB
HighTotal:       2306432 kB
HighFree:          38240 kB
LowTotal:         589156 kB
LowFree:           33124 kB
SwapTotal:       1048572 kB
SwapFree:        1048572 kB
Dirty:               552 kB
Writeback:             0 kB
AnonPages:        647268 kB
Mapped:           398692 kB
Shmem:              1200 kB
Slab:              55020 kB
SReclaimable:      20260 kB
SUnreclaim:        34760 kB
KernelStack:       12952 kB
PageTables:        38760 kB
NFS_Unstable:          0 kB
Bounce:                0 kB
WritebackTmp:          0 kB
CommitLimit:     2496364 kB
Committed_AS:   83920680 kB
VmallocTotal:     385024 kB
VmallocUsed:      155560 kB
VmallocChunk:      69700 kB
Time pass: 68 sec

---2015-12-17 17:07:46
MemTotal:        2895588 kB
MemFree:           78068 kB
Buffers:           15328 kB
Cached:          1331132 kB
SwapCached:            0 kB
Active:           767096 kB
Inactive:        1217324 kB
Active(anon):     296036 kB
Inactive(anon):   346084 kB
Active(file):     471060 kB
Inactive(file):   871240 kB
Unevictable:        2968 kB
Mlocked:               0 kB
HighTotal:       2306432 kB
HighFree:          45016 kB
LowTotal:         589156 kB
LowFree:           33052 kB
SwapTotal:       1048572 kB
SwapFree:        1048572 kB
Dirty:                 0 kB
Writeback:             0 kB
AnonPages:        641104 kB
Mapped:           399308 kB
Shmem:              1200 kB
Slab:              55032 kB
SReclaimable:      20252 kB
SUnreclaim:        34780 kB
KernelStack:       12952 kB
PageTables:        38780 kB
NFS_Unstable:          0 kB
Bounce:                0 kB
WritebackTmp:          0 kB
CommitLimit:     2496364 kB
Committed_AS:   83918884 kB
VmallocTotal:     385024 kB
VmallocUsed:      155604 kB
VmallocChunk:      69700 kB
Time pass: 72 sec

---2015-12-17 17:07:46
MemTotal:        2895588 kB
MemFree:           64096 kB
Buffers:           15012 kB
Cached:          1296268 kB
SwapCached:            0 kB
Active:           788788 kB
Inactive:        1181136 kB
Active(anon):     316936 kB
Inactive(anon):   345952 kB
Active(file):     471852 kB
Inactive(file):   835184 kB
Unevictable:        2968 kB
Mlocked:               0 kB
HighTotal:       2306432 kB
HighFree:          40804 kB
LowTotal:         589156 kB
LowFree:           23292 kB
SwapTotal:       1048572 kB
SwapFree:        1048572 kB
Dirty:               432 kB
Writeback:             0 kB
AnonPages:        661636 kB
Mapped:           403428 kB
Shmem:              1340 kB
Slab:              55164 kB
SReclaimable:      20260 kB
SUnreclaim:        34904 kB
KernelStack:       13192 kB
PageTables:        38980 kB
NFS_Unstable:          0 kB
Bounce:                0 kB
WritebackTmp:          0 kB
CommitLimit:     2496364 kB
Committed_AS:   83951512 kB
VmallocTotal:     385024 kB
VmallocUsed:      157836 kB
VmallocChunk:      69700 kB
Time pass: 75 sec

---2015-12-17 17:07:46
MemTotal:        2895588 kB
MemFree:           67064 kB
Buffers:           14860 kB
Cached:          1253608 kB
SwapCached:            0 kB
Active:           791024 kB
Inactive:        1137616 kB
Active(anon):     318380 kB
Inactive(anon):   345952 kB
Active(file):     472644 kB
Inactive(file):   791664 kB
Unevictable:        2968 kB
Mlocked:               0 kB
HighTotal:       2306432 kB
HighFree:          41076 kB
LowTotal:         589156 kB
LowFree:           25988 kB
SwapTotal:       1048572 kB
SwapFree:        1048572 kB
Dirty:               128 kB
Writeback:             0 kB
AnonPages:        663292 kB
Mapped:           403460 kB
Shmem:              1376 kB
Slab:              55196 kB
SReclaimable:      20260 kB
SUnreclaim:        34936 kB
KernelStack:       13184 kB
PageTables:        39044 kB
NFS_Unstable:          0 kB
Bounce:                0 kB
WritebackTmp:          0 kB
CommitLimit:     2496364 kB
Committed_AS:   83951564 kB
VmallocTotal:     385024 kB
VmallocUsed:      157816 kB
VmallocChunk:      69700 kB
Time pass: 79 sec

---2015-12-17 17:07:46
MemTotal:        2895588 kB
MemFree:           65276 kB
Buffers:           14868 kB
Cached:          1253724 kB
SwapCached:            0 kB
Active:           793924 kB
Inactive:        1137188 kB
Active(anon):     320940 kB
Inactive(anon):   346128 kB
Active(file):     472984 kB
Inactive(file):   791060 kB
Unevictable:        2968 kB
Mlocked:               0 kB
HighTotal:       2306432 kB
HighFree:          39340 kB
LowTotal:         589156 kB
LowFree:           25936 kB
SwapTotal:       1048572 kB
SwapFree:        1048572 kB
Dirty:                36 kB
Writeback:             0 kB
AnonPages:        666272 kB
Mapped:           403712 kB
Shmem:              1572 kB
Slab:              55320 kB
SReclaimable:      20260 kB
SUnreclaim:        35060 kB
KernelStack:       13184 kB
PageTables:        39156 kB
NFS_Unstable:          0 kB
Bounce:                0 kB
WritebackTmp:          0 kB
CommitLimit:     2496364 kB
Committed_AS:   83956028 kB
VmallocTotal:     385024 kB
VmallocUsed:      157816 kB
VmallocChunk:      69700 kB
Time pass: 82 sec

---2015-12-17 17:07:46
MemTotal:        2895588 kB
MemFree:           64096 kB
Buffers:           14884 kB
Cached:          1253724 kB
SwapCached:            0 kB
Active:           794260 kB
Inactive:        1137236 kB
Active(anon):     321276 kB
Inactive(anon):   346160 kB
Active(file):     472984 kB
Inactive(file):   791076 kB
Unevictable:        2968 kB
Mlocked:               0 kB
HighTotal:       2306432 kB
HighFree:          38524 kB
LowTotal:         589156 kB
LowFree:           25572 kB
SwapTotal:       1048572 kB
SwapFree:        1048572 kB
Dirty:                60 kB
Writeback:             0 kB
AnonPages:        666432 kB
Mapped:           403756 kB
Shmem:              1572 kB
Slab:              55380 kB
SReclaimable:      20276 kB
SUnreclaim:        35104 kB
KernelStack:       13168 kB
PageTables:        39160 kB
NFS_Unstable:          0 kB
Bounce:                0 kB
WritebackTmp:          0 kB
CommitLimit:     2496364 kB
Committed_AS:   83956148 kB
VmallocTotal:     385024 kB
VmallocUsed:      157816 kB
VmallocChunk:      69700 kB
Time pass: 86 sec

---2015-12-17 17:07:46
MemTotal:        2895588 kB
MemFree:           68768 kB
Buffers:           14884 kB
Cached:          1248704 kB
SwapCached:            0 kB
Active:           794228 kB
Inactive:        1132236 kB
Active(anon):     321236 kB
Inactive(anon):   346228 kB
Active(file):     472992 kB
Inactive(file):   786008 kB
Unevictable:        2968 kB
Mlocked:               0 kB
HighTotal:       2306432 kB
HighFree:          42440 kB
LowTotal:         589156 kB
LowFree:           26328 kB
SwapTotal:       1048572 kB
SwapFree:        1048572 kB
Dirty:                 0 kB
Writeback:             0 kB
AnonPages:        666348 kB
Mapped:           403752 kB
Shmem:              1620 kB
Slab:              55408 kB
SReclaimable:      20276 kB
SUnreclaim:        35132 kB
KernelStack:       13160 kB
PageTables:        39140 kB
NFS_Unstable:          0 kB
Bounce:                0 kB
WritebackTmp:          0 kB
CommitLimit:     2496364 kB
Committed_AS:   83956212 kB
VmallocTotal:     385024 kB
VmallocUsed:      157816 kB
VmallocChunk:      69700 kB
Time pass: 90 sec

---2015-12-17 17:07:46
MemTotal:        2895588 kB
MemFree:           67280 kB
Buffers:           14908 kB
Cached:          1249248 kB
SwapCached:            0 kB
Active:           795784 kB
Inactive:        1132792 kB
Active(anon):     322792 kB
Inactive(anon):   346744 kB
Active(file):     472992 kB
Inactive(file):   786048 kB
Unevictable:        2968 kB
Mlocked:               0 kB
HighTotal:       2306432 kB
HighFree:          40744 kB
LowTotal:         589156 kB
LowFree:           26536 kB
SwapTotal:       1048572 kB
SwapFree:        1048572 kB
Dirty:                32 kB
Writeback:             0 kB
AnonPages:        667716 kB
Mapped:           404328 kB
Shmem:              2136 kB
Slab:              55408 kB
SReclaimable:      20276 kB
SUnreclaim:        35132 kB
KernelStack:       13160 kB
PageTables:        39160 kB
NFS_Unstable:          0 kB
Bounce:                0 kB
WritebackTmp:          0 kB
CommitLimit:     2496364 kB
Committed_AS:   83961060 kB
VmallocTotal:     385024 kB
VmallocUsed:      157816 kB
VmallocChunk:      69700 kB
Time pass: 93 sec

---2015-12-17 17:07:46
MemTotal:        2895588 kB
MemFree:           67376 kB
Buffers:           14908 kB
Cached:          1249312 kB
SwapCached:            0 kB
Active:           795196 kB
Inactive:        1132828 kB
Active(anon):     322204 kB
Inactive(anon):   346704 kB
Active(file):     472992 kB
Inactive(file):   786124 kB
Unevictable:        2968 kB
Mlocked:               0 kB
HighTotal:       2306432 kB
HighFree:          39608 kB
LowTotal:         589156 kB
LowFree:           27768 kB
SwapTotal:       1048572 kB
SwapFree:        1048572 kB
Dirty:                44 kB
Writeback:             0 kB
AnonPages:        666976 kB
Mapped:           404328 kB
Shmem:              2136 kB
Slab:              55400 kB
SReclaimable:      20276 kB
SUnreclaim:        35124 kB
KernelStack:       13144 kB
PageTables:        39164 kB
NFS_Unstable:          0 kB
Bounce:                0 kB
WritebackTmp:          0 kB
CommitLimit:     2496364 kB
Committed_AS:   83961136 kB
VmallocTotal:     385024 kB
VmallocUsed:      157816 kB
VmallocChunk:      69700 kB
Time pass: 97 sec

---2015-12-17 17:07:46
MemTotal:        2895588 kB
MemFree:           66384 kB
Buffers:           14924 kB
Cached:          1249312 kB
SwapCached:            0 kB
Active:           796432 kB
Inactive:        1132860 kB
Active(anon):     323456 kB
Inactive(anon):   346704 kB
Active(file):     472976 kB
Inactive(file):   786156 kB
Unevictable:        2968 kB
Mlocked:               0 kB
HighTotal:       2306432 kB
HighFree:          38524 kB
LowTotal:         589156 kB
LowFree:           27860 kB
SwapTotal:       1048572 kB
SwapFree:        1048572 kB
Dirty:                60 kB
Writeback:             0 kB
AnonPages:        668320 kB
Mapped:           404276 kB
Shmem:              2136 kB
Slab:              55400 kB
SReclaimable:      20276 kB
SUnreclaim:        35124 kB
KernelStack:       13128 kB
PageTables:        39144 kB
NFS_Unstable:          0 kB
Bounce:                0 kB
WritebackTmp:          0 kB
CommitLimit:     2496364 kB
Committed_AS:   83961200 kB
VmallocTotal:     385024 kB
VmallocUsed:      157816 kB
VmallocChunk:      69700 kB
Time pass: 100 sec

---2015-12-17 17:07:46
MemTotal:        2895588 kB
MemFree:           70848 kB
Buffers:           14928 kB
Cached:          1244364 kB
SwapCached:            0 kB
Active:           796224 kB
Inactive:        1127908 kB
Active(anon):     323248 kB
Inactive(anon):   346736 kB
Active(file):     472976 kB
Inactive(file):   781172 kB
Unevictable:        2968 kB
Mlocked:               0 kB
HighTotal:       2306432 kB
HighFree:          42192 kB
LowTotal:         589156 kB
LowFree:           28656 kB
SwapTotal:       1048572 kB
SwapFree:        1048572 kB
Dirty:                40 kB
Writeback:             0 kB
AnonPages:        668324 kB
Mapped:           404316 kB
Shmem:              2176 kB
Slab:              55400 kB
SReclaimable:      20276 kB
SUnreclaim:        35124 kB
KernelStack:       13120 kB
PageTables:        39144 kB
NFS_Unstable:          0 kB
Bounce:                0 kB
WritebackTmp:          0 kB
CommitLimit:     2496364 kB
Committed_AS:   83961368 kB
VmallocTotal:     385024 kB
VmallocUsed:      157816 kB
VmallocChunk:      69700 kB
Time pass: 104 sec

---2015-12-17 17:07:46
MemTotal:        2895588 kB
MemFree:           70824 kB
Buffers:           14944 kB
Cached:          1244428 kB
SwapCached:            0 kB
Active:           796252 kB
Inactive:        1127984 kB
Active(anon):     323276 kB
Inactive(anon):   346796 kB
Active(file):     472976 kB
Inactive(file):   781188 kB
Unevictable:        2968 kB
Mlocked:               0 kB
HighTotal:       2306432 kB
HighFree:          42140 kB
LowTotal:         589156 kB
LowFree:           28684 kB
SwapTotal:       1048572 kB
SwapFree:        1048572 kB
Dirty:                52 kB
Writeback:             0 kB
AnonPages:        668632 kB
Mapped:           404436 kB
Shmem:              2240 kB
Slab:              55400 kB
SReclaimable:      20276 kB
SUnreclaim:        35124 kB
KernelStack:       13120 kB
PageTables:        39164 kB
NFS_Unstable:          0 kB
Bounce:                0 kB
WritebackTmp:          0 kB
CommitLimit:     2496364 kB
Committed_AS:   83961552 kB
VmallocTotal:     385024 kB
VmallocUsed:      157816 kB
VmallocChunk:      69700 kB
Time pass: 107 sec

---2015-12-17 17:07:46
MemTotal:        2895588 kB
MemFree:           71668 kB
Buffers:           14952 kB
Cached:          1244420 kB
SwapCached:            0 kB
Active:           794668 kB
Inactive:        1127988 kB
Active(anon):     321692 kB
Inactive(anon):   346800 kB
Active(file):     472976 kB
Inactive(file):   781188 kB
Unevictable:        2968 kB
Mlocked:               0 kB
HighTotal:       2306432 kB
HighFree:          42936 kB
LowTotal:         589156 kB
LowFree:           28732 kB
SwapTotal:       1048572 kB
SwapFree:        1048572 kB
Dirty:                28 kB
Writeback:             0 kB
AnonPages:        666628 kB
Mapped:           404384 kB
Shmem:              2240 kB
Slab:              55396 kB
SReclaimable:      20276 kB
SUnreclaim:        35120 kB
KernelStack:       13104 kB
PageTables:        39144 kB
NFS_Unstable:          0 kB
Bounce:                0 kB
WritebackTmp:          0 kB
CommitLimit:     2496364 kB
Committed_AS:   83961600 kB
VmallocTotal:     385024 kB
VmallocUsed:      157816 kB
VmallocChunk:      69700 kB
Time pass: 111 sec

---2015-12-17 17:07:46
MemTotal:        2895588 kB
MemFree:           68592 kB
Buffers:           14952 kB
Cached:          1244476 kB
SwapCached:            0 kB
Active:           798520 kB
Inactive:        1127976 kB
Active(anon):     325544 kB
Inactive(anon):   346744 kB
Active(file):     472976 kB
Inactive(file):   781232 kB
Unevictable:        2968 kB
Mlocked:               0 kB
HighTotal:       2306432 kB
HighFree:          40084 kB
LowTotal:         589156 kB
LowFree:           28508 kB
SwapTotal:       1048572 kB
SwapFree:        1048572 kB
Dirty:                28 kB
Writeback:             0 kB
AnonPages:        670440 kB
Mapped:           404744 kB
Shmem:              2252 kB
Slab:              55400 kB
SReclaimable:      20276 kB
SUnreclaim:        35124 kB
KernelStack:       13096 kB
PageTables:        39368 kB
NFS_Unstable:          0 kB
Bounce:                0 kB
WritebackTmp:          0 kB
CommitLimit:     2496364 kB
Committed_AS:   86647512 kB
VmallocTotal:     385024 kB
VmallocUsed:      158836 kB
VmallocChunk:      69700 kB
Time pass: 114 sec

---2015-12-17 17:07:46
MemTotal:        2895588 kB
MemFree:           79824 kB
Buffers:           14952 kB
Cached:          1244528 kB
SwapCached:            0 kB
Active:           787352 kB
Inactive:        1127832 kB
Active(anon):     314372 kB
Inactive(anon):   346016 kB
Active(file):     472980 kB
Inactive(file):   781816 kB
Unevictable:        2968 kB
Mlocked:               0 kB
HighTotal:       2306432 kB
HighFree:          50248 kB
LowTotal:         589156 kB
LowFree:           29576 kB
SwapTotal:       1048572 kB
SwapFree:        1048572 kB
Dirty:                 8 kB
Writeback:             0 kB
AnonPages:        658792 kB
Mapped:           404168 kB
Shmem:              1716 kB
Slab:              55400 kB
SReclaimable:      20276 kB
SUnreclaim:        35124 kB
KernelStack:       12976 kB
PageTables:        39280 kB
NFS_Unstable:          0 kB
Bounce:                0 kB
WritebackTmp:          0 kB
CommitLimit:     2496364 kB
Committed_AS:   86635812 kB
VmallocTotal:     385024 kB
VmallocUsed:      156552 kB
VmallocChunk:      69700 kB
Time pass: 118 sec

---2015-12-17 17:07:46
MemTotal:        2895588 kB
MemFree:          384212 kB
Buffers:           15012 kB
Cached:          1234752 kB
SwapCached:            0 kB
Active:           707032 kB
Inactive:        1117576 kB
Active(anon):     233672 kB
Inactive(anon):   345724 kB
Active(file):     473360 kB
Inactive(file):   771852 kB
Unevictable:        2968 kB
Mlocked:               0 kB
HighTotal:       2306432 kB
HighFree:         282936 kB
LowTotal:         589156 kB
LowFree:          101276 kB
SwapTotal:       1048572 kB
SwapFree:        1048572 kB
Dirty:                 4 kB
Writeback:             0 kB
AnonPages:        577744 kB
Mapped:           357148 kB
Shmem:              1584 kB
Slab:              55428 kB
SReclaimable:      20276 kB
SUnreclaim:        35152 kB
KernelStack:       12008 kB
PageTables:        37092 kB
NFS_Unstable:          0 kB
Bounce:                0 kB
WritebackTmp:          0 kB
CommitLimit:     2496364 kB
Committed_AS:   81314416 kB
VmallocTotal:     385024 kB
VmallocUsed:      150824 kB
VmallocChunk:      69700 kB
Time pass: 121 sec

---2015-12-17 17:07:46
MemTotal:        2895588 kB
MemFree:          384720 kB
Buffers:           15020 kB
Cached:          1234752 kB
SwapCached:            0 kB
Active:           707284 kB
Inactive:        1117524 kB
Active(anon):     233924 kB
Inactive(anon):   345664 kB
Active(file):     473360 kB
Inactive(file):   771860 kB
Unevictable:        2968 kB
Mlocked:               0 kB
HighTotal:       2306432 kB
HighFree:         283216 kB
LowTotal:         589156 kB
LowFree:          101504 kB
SwapTotal:       1048572 kB
SwapFree:        1048572 kB
Dirty:                96 kB
Writeback:             0 kB
AnonPages:        578352 kB
Mapped:           357200 kB
Shmem:              1584 kB
Slab:              55428 kB
SReclaimable:      20276 kB
SUnreclaim:        35152 kB
KernelStack:       11976 kB
PageTables:        37112 kB
NFS_Unstable:          0 kB
Bounce:                0 kB
WritebackTmp:          0 kB
CommitLimit:     2496364 kB
Committed_AS:   81314624 kB
VmallocTotal:     385024 kB
VmallocUsed:      150824 kB
VmallocChunk:      69700 kB
Time pass: 125 sec

---2015-12-17 17:07:46
MemTotal:        2895588 kB
MemFree:          385628 kB
Buffers:           15028 kB
Cached:          1234752 kB
SwapCached:            0 kB
Active:           705900 kB
Inactive:        1117508 kB
Active(anon):     232540 kB
Inactive(anon):   345648 kB
Active(file):     473360 kB
Inactive(file):   771860 kB
Unevictable:        2968 kB
Mlocked:               0 kB
HighTotal:       2306432 kB
HighFree:         284116 kB
LowTotal:         589156 kB
LowFree:          101512 kB
SwapTotal:       1048572 kB
SwapFree:        1048572 kB
Dirty:                 0 kB
Writeback:             0 kB
AnonPages:        577088 kB
Mapped:           357148 kB
Shmem:              1584 kB
Slab:              55428 kB
SReclaimable:      20276 kB
SUnreclaim:        35152 kB
KernelStack:       11968 kB
PageTables:        37092 kB
NFS_Unstable:          0 kB
Bounce:                0 kB
WritebackTmp:          0 kB
CommitLimit:     2496364 kB
Committed_AS:   81314856 kB
VmallocTotal:     385024 kB
VmallocUsed:      150824 kB
VmallocChunk:      69700 kB
Time pass: 128 sec

---2015-12-17 17:07:46
MemTotal:        2895588 kB
MemFree:          385468 kB
Buffers:           15028 kB
Cached:          1234752 kB
SwapCached:            0 kB
Active:           706228 kB
Inactive:        1117504 kB
Active(anon):     232868 kB
Inactive(anon):   345636 kB
Active(file):     473360 kB
Inactive(file):   771868 kB
Unevictable:        2968 kB
Mlocked:               0 kB
HighTotal:       2306432 kB
HighFree:         283816 kB
LowTotal:         589156 kB
LowFree:          101652 kB
SwapTotal:       1048572 kB
SwapFree:        1048572 kB
Dirty:                60 kB
Writeback:             0 kB
AnonPages:        577328 kB
Mapped:           357200 kB
Shmem:              1584 kB
Slab:              55428 kB
SReclaimable:      20276 kB
SUnreclaim:        35152 kB
KernelStack:       11968 kB
PageTables:        37112 kB
NFS_Unstable:          0 kB
Bounce:                0 kB
WritebackTmp:          0 kB
CommitLimit:     2496364 kB
Committed_AS:   81314960 kB
VmallocTotal:     385024 kB
VmallocUsed:      150824 kB
VmallocChunk:      69700 kB
Time pass: 132 sec

---2015-12-17 17:07:46
MemTotal:        2895588 kB
MemFree:          385212 kB
Buffers:           15028 kB
Cached:          1234752 kB
SwapCached:            0 kB
Active:           706280 kB
Inactive:        1117504 kB
Active(anon):     232920 kB
Inactive(anon):   345636 kB
Active(file):     473360 kB
Inactive(file):   771868 kB
Unevictable:        2968 kB
Mlocked:               0 kB
HighTotal:       2306432 kB
HighFree:         283764 kB
LowTotal:         589156 kB
LowFree:          101448 kB
SwapTotal:       1048572 kB
SwapFree:        1048572 kB
Dirty:                 0 kB
Writeback:             0 kB
AnonPages:        577412 kB
Mapped:           357252 kB
Shmem:              1584 kB
Slab:              55424 kB
SReclaimable:      20276 kB
SUnreclaim:        35148 kB
KernelStack:       11968 kB
PageTables:        37132 kB
NFS_Unstable:          0 kB
Bounce:                0 kB
WritebackTmp:          0 kB
CommitLimit:     2496364 kB
Committed_AS:   81315092 kB
VmallocTotal:     385024 kB
VmallocUsed:      150824 kB
VmallocChunk:      69700 kB
Time pass: 135 sec

---2015-12-17 17:07:46
MemTotal:        2895588 kB
MemFree:          377556 kB
Buffers:           15040 kB
Cached:          1234844 kB
SwapCached:            0 kB
Active:           715020 kB
Inactive:        1117596 kB
Active(anon):     241652 kB
Inactive(anon):   345636 kB
Active(file):     473368 kB
Inactive(file):   771960 kB
Unevictable:        2968 kB
Mlocked:               0 kB
HighTotal:       2306432 kB
HighFree:         276428 kB
LowTotal:         589156 kB
LowFree:          101128 kB
SwapTotal:       1048572 kB
SwapFree:        1048572 kB
Dirty:                 0 kB
Writeback:             0 kB
AnonPages:        586080 kB
Mapped:           362428 kB
Shmem:              1584 kB
Slab:              55396 kB
SReclaimable:      20252 kB
SUnreclaim:        35144 kB
KernelStack:       12040 kB
PageTables:        37616 kB
NFS_Unstable:          0 kB
Bounce:                0 kB
WritebackTmp:          0 kB
CommitLimit:     2496364 kB
Committed_AS:   82560008 kB
VmallocTotal:     385024 kB
VmallocUsed:      151844 kB
VmallocChunk:      69700 kB
Time pass: 139 sec

---2015-12-17 17:07:46
MemTotal:        2895588 kB
MemFree:          362316 kB
Buffers:           15116 kB
Cached:          1235772 kB
SwapCached:            0 kB
Active:           729936 kB
Inactive:        1118572 kB
Active(anon):     256568 kB
Inactive(anon):   345636 kB
Active(file):     473368 kB
Inactive(file):   772936 kB
Unevictable:        2968 kB
Mlocked:               0 kB
HighTotal:       2306432 kB
HighFree:         261288 kB
LowTotal:         589156 kB
LowFree:          101028 kB
SwapTotal:       1048572 kB
SwapFree:        1048572 kB
Dirty:                40 kB
Writeback:             0 kB
AnonPages:        601236 kB
Mapped:           374776 kB
Shmem:              1584 kB
Slab:              55396 kB
SReclaimable:      20252 kB
SUnreclaim:        35144 kB
KernelStack:       12064 kB
PageTables:        37848 kB
NFS_Unstable:          0 kB
Bounce:                0 kB
WritebackTmp:          0 kB
CommitLimit:     2496364 kB
Committed_AS:   82569608 kB
VmallocTotal:     385024 kB
VmallocUsed:      151844 kB
VmallocChunk:      69700 kB
Time pass: 142 sec

---2015-12-17 17:07:46
MemTotal:        2895588 kB
MemFree:          361200 kB
Buffers:           15116 kB
Cached:          1235776 kB
SwapCached:            0 kB
Active:           730508 kB
Inactive:        1118604 kB
Active(anon):     257136 kB
Inactive(anon):   345636 kB
Active(file):     473372 kB
Inactive(file):   772968 kB
Unevictable:        2968 kB
Mlocked:               0 kB
HighTotal:       2306432 kB
HighFree:         260060 kB
LowTotal:         589156 kB
LowFree:          101140 kB
SwapTotal:       1048572 kB
SwapFree:        1048572 kB
Dirty:                44 kB
Writeback:             0 kB
AnonPages:        601416 kB
Mapped:           375012 kB
Shmem:              1584 kB
Slab:              55380 kB
SReclaimable:      20252 kB
SUnreclaim:        35128 kB
KernelStack:       12176 kB
PageTables:        37864 kB
NFS_Unstable:          0 kB
Bounce:                0 kB
WritebackTmp:          0 kB
CommitLimit:     2496364 kB
Committed_AS:   82569656 kB
VmallocTotal:     385024 kB
VmallocUsed:      151844 kB
VmallocChunk:      69700 kB
Time pass: 146 sec

---2015-12-17 17:07:46
MemTotal:        2895588 kB
MemFree:          347284 kB
Buffers:           15164 kB
Cached:          1240456 kB
SwapCached:            0 kB
Active:           739796 kB
Inactive:        1123004 kB
Active(anon):     266288 kB
Inactive(anon):   345636 kB
Active(file):     473508 kB
Inactive(file):   777368 kB
Unevictable:        2968 kB
Mlocked:               0 kB
HighTotal:       2306432 kB
HighFree:         246224 kB
LowTotal:         589156 kB
LowFree:          101060 kB
SwapTotal:       1048572 kB
SwapFree:        1048572 kB
Dirty:               172 kB
Writeback:             0 kB
AnonPages:        610516 kB
Mapped:           389708 kB
Shmem:              1584 kB
Slab:              55368 kB
SReclaimable:      20252 kB
SUnreclaim:        35116 kB
KernelStack:       12496 kB
PageTables:        38004 kB
NFS_Unstable:          0 kB
Bounce:                0 kB
WritebackTmp:          0 kB
CommitLimit:     2496364 kB
Committed_AS:   82574824 kB
VmallocTotal:     385024 kB
VmallocUsed:      151844 kB
VmallocChunk:      69700 kB
Time pass: 150 sec

---2015-12-17 17:07:46
MemTotal:        2895588 kB
MemFree:          346492 kB
Buffers:           15196 kB
Cached:          1240564 kB
SwapCached:            0 kB
Active:           739668 kB
Inactive:        1123196 kB
Active(anon):     266100 kB
Inactive(anon):   345636 kB
Active(file):     473568 kB
Inactive(file):   777560 kB
Unevictable:        2968 kB
Mlocked:               0 kB
HighTotal:       2306432 kB
HighFree:         245656 kB
LowTotal:         589156 kB
LowFree:          100836 kB
SwapTotal:       1048572 kB
SwapFree:        1048572 kB
Dirty:                60 kB
Writeback:             0 kB
AnonPages:        610388 kB
Mapped:           390820 kB
Shmem:              1584 kB
Slab:              55360 kB
SReclaimable:      20252 kB
SUnreclaim:        35108 kB
KernelStack:       12488 kB
PageTables:        38052 kB
NFS_Unstable:          0 kB
Bounce:                0 kB
WritebackTmp:          0 kB
CommitLimit:     2496364 kB
Committed_AS:   82575468 kB
VmallocTotal:     385024 kB
VmallocUsed:      151844 kB
VmallocChunk:      69700 kB
Time pass: 153 sec

---2015-12-17 17:07:46
MemTotal:        2895588 kB
MemFree:          346084 kB
Buffers:           15196 kB
Cached:          1240564 kB
SwapCached:            0 kB
Active:           739900 kB
Inactive:        1123264 kB
Active(anon):     266320 kB
Inactive(anon):   345636 kB
Active(file):     473580 kB
Inactive(file):   777628 kB
Unevictable:        2968 kB
Mlocked:               0 kB
HighTotal:       2306432 kB
HighFree:         245304 kB
LowTotal:         589156 kB
LowFree:          100780 kB
SwapTotal:       1048572 kB
SwapFree:        1048572 kB
Dirty:                60 kB
Writeback:             0 kB
AnonPages:        610556 kB
Mapped:           390820 kB
Shmem:              1584 kB
Slab:              55360 kB
SReclaimable:      20252 kB
SUnreclaim:        35108 kB
KernelStack:       12488 kB
PageTables:        38084 kB
NFS_Unstable:          0 kB
Bounce:                0 kB
WritebackTmp:          0 kB
CommitLimit:     2496364 kB
Committed_AS:   82575652 kB
VmallocTotal:     385024 kB
VmallocUsed:      151844 kB
VmallocChunk:      69700 kB
Time pass: 157 sec

---2015-12-17 17:07:46
MemTotal:        2895588 kB
MemFree:          345364 kB
Buffers:           15204 kB
Cached:          1240564 kB
SwapCached:            0 kB
Active:           739988 kB
Inactive:        1123272 kB
Active(anon):     266408 kB
Inactive(anon):   345636 kB
Active(file):     473580 kB
Inactive(file):   777636 kB
Unevictable:        2968 kB
Mlocked:               0 kB
HighTotal:       2306432 kB
HighFree:         244560 kB
LowTotal:         589156 kB
LowFree:          100804 kB
SwapTotal:       1048572 kB
SwapFree:        1048572 kB
Dirty:                16 kB
Writeback:             0 kB
AnonPages:        610796 kB
Mapped:           390872 kB
Shmem:              1584 kB
Slab:              55360 kB
SReclaimable:      20252 kB
SUnreclaim:        35108 kB
KernelStack:       12480 kB
PageTables:        38104 kB
NFS_Unstable:          0 kB
Bounce:                0 kB
WritebackTmp:          0 kB
CommitLimit:     2496364 kB
Committed_AS:   82575732 kB
VmallocTotal:     385024 kB
VmallocUsed:      151844 kB
VmallocChunk:      69700 kB
Time pass: 160 sec

---2015-12-17 17:07:46
MemTotal:        2895588 kB
MemFree:          285548 kB
Buffers:           15244 kB
Cached:          1242492 kB
SwapCached:            0 kB
Active:           761744 kB
Inactive:        1123748 kB
Active(anon):     287004 kB
Inactive(anon):   345600 kB
Active(file):     474740 kB
Inactive(file):   778148 kB
Unevictable:        2968 kB
Mlocked:               0 kB
HighTotal:       2306432 kB
HighFree:         185800 kB
LowTotal:         589156 kB
LowFree:           99748 kB
SwapTotal:       1048572 kB
SwapFree:        1048572 kB
Dirty:               844 kB
Writeback:             0 kB
AnonPages:        631372 kB
Mapped:           420876 kB
Shmem:              1588 kB
Slab:              55376 kB
SReclaimable:      20268 kB
SUnreclaim:        35108 kB
KernelStack:       13016 kB
PageTables:        38972 kB
NFS_Unstable:          0 kB
Bounce:                0 kB
WritebackTmp:          0 kB
CommitLimit:     2496364 kB
Committed_AS:   83882316 kB
VmallocTotal:     385024 kB
VmallocUsed:      153228 kB
VmallocChunk:      69700 kB
Time pass: 164 sec

---2015-12-17 17:07:46
MemTotal:        2895588 kB
MemFree:          158204 kB
Buffers:           15252 kB
Cached:          1243192 kB
SwapCached:            0 kB
Active:           783844 kB
Inactive:        1123908 kB
Active(anon):     308284 kB
Inactive(anon):   345720 kB
Active(file):     475560 kB
Inactive(file):   778188 kB
Unevictable:        2968 kB
Mlocked:               0 kB
HighTotal:       2306432 kB
HighFree:          58764 kB
LowTotal:         589156 kB
LowFree:           99440 kB
SwapTotal:       1048572 kB
SwapFree:        1048572 kB
Dirty:              1828 kB
Writeback:             0 kB
AnonPages:        652560 kB
Mapped:           423996 kB
Shmem:              1716 kB
Slab:              55412 kB
SReclaimable:      20276 kB
SUnreclaim:        35136 kB
KernelStack:       13200 kB
PageTables:        39316 kB
NFS_Unstable:          0 kB
Bounce:                0 kB
WritebackTmp:          0 kB
CommitLimit:     2496364 kB
Committed_AS:   83910184 kB
VmallocTotal:     385024 kB
VmallocUsed:      154136 kB
VmallocChunk:      69700 kB
Time pass: 167 sec

---2015-12-17 17:07:46
MemTotal:        2895588 kB
MemFree:          114988 kB
Buffers:           15260 kB
Cached:          1244484 kB
SwapCached:            0 kB
Active:           789172 kB
Inactive:        1122908 kB
Active(anon):     311732 kB
Inactive(anon):   345316 kB
Active(file):     477440 kB
Inactive(file):   777592 kB
Unevictable:        2968 kB
Mlocked:               0 kB
HighTotal:       2306432 kB
HighFree:          38128 kB
LowTotal:         589156 kB
LowFree:           76860 kB
SwapTotal:       1048572 kB
SwapFree:        1048572 kB
Dirty:              1776 kB
Writeback:             0 kB
AnonPages:        655256 kB
Mapped:           424792 kB
Shmem:              1716 kB
Slab:              55444 kB
SReclaimable:      20296 kB
SUnreclaim:        35148 kB
KernelStack:       13224 kB
PageTables:        39348 kB
NFS_Unstable:          0 kB
Bounce:                0 kB
WritebackTmp:          0 kB
CommitLimit:     2496364 kB
Committed_AS:   83916600 kB
VmallocTotal:     385024 kB
VmallocUsed:      154408 kB
VmallocChunk:      69700 kB
Time pass: 171 sec

---2015-12-17 17:07:46
MemTotal:        2895588 kB
MemFree:          115152 kB
Buffers:           15260 kB
Cached:          1244492 kB
SwapCached:            0 kB
Active:           788440 kB
Inactive:        1122884 kB
Active(anon):     311000 kB
Inactive(anon):   345284 kB
Active(file):     477440 kB
Inactive(file):   777600 kB
Unevictable:        2968 kB
Mlocked:               0 kB
HighTotal:       2306432 kB
HighFree:          38676 kB
LowTotal:         589156 kB
LowFree:           76476 kB
SwapTotal:       1048572 kB
SwapFree:        1048572 kB
Dirty:                 0 kB
Writeback:             0 kB
AnonPages:        654636 kB
Mapped:           424792 kB
Shmem:              1716 kB
Slab:              55348 kB
SReclaimable:      20296 kB
SUnreclaim:        35052 kB
KernelStack:       13224 kB
PageTables:        39184 kB
NFS_Unstable:          0 kB
Bounce:                0 kB
WritebackTmp:          0 kB
CommitLimit:     2496364 kB
Committed_AS:   83916816 kB
VmallocTotal:     385024 kB
VmallocUsed:      154408 kB
VmallocChunk:      69700 kB
Time pass: 174 sec

---2015-12-17 17:07:46
MemTotal:        2895588 kB
MemFree:          113116 kB
Buffers:           15268 kB
Cached:          1244604 kB
SwapCached:            0 kB
Active:           791108 kB
Inactive:        1122976 kB
Active(anon):     313644 kB
Inactive(anon):   345284 kB
Active(file):     477464 kB
Inactive(file):   777692 kB
Unevictable:        2968 kB
Mlocked:               0 kB
HighTotal:       2306432 kB
HighFree:          38376 kB
LowTotal:         589156 kB
LowFree:           74740 kB
SwapTotal:       1048572 kB
SwapFree:        1048572 kB
Dirty:               192 kB
Writeback:             0 kB
AnonPages:        657296 kB
Mapped:           425084 kB
Shmem:              1716 kB
Slab:              55356 kB
SReclaimable:      20304 kB
SUnreclaim:        35052 kB
KernelStack:       13224 kB
PageTables:        39204 kB
NFS_Unstable:          0 kB
Bounce:                0 kB
WritebackTmp:          0 kB
CommitLimit:     2496364 kB
Committed_AS:   83917108 kB
VmallocTotal:     385024 kB
VmallocUsed:      154424 kB
VmallocChunk:      69700 kB
Time pass: 178 sec

---2015-12-17 17:07:46
MemTotal:        2895588 kB
MemFree:          112508 kB
Buffers:           15276 kB
Cached:          1244604 kB
SwapCached:            0 kB
Active:           791304 kB
Inactive:        1123004 kB
Active(anon):     313840 kB
Inactive(anon):   345280 kB
Active(file):     477464 kB
Inactive(file):   777724 kB
Unevictable:        2968 kB
Mlocked:               0 kB
HighTotal:       2306432 kB
HighFree:          38376 kB
LowTotal:         589156 kB
LowFree:           74132 kB
SwapTotal:       1048572 kB
SwapFree:        1048572 kB
Dirty:               148 kB
Writeback:             0 kB
AnonPages:        657652 kB
Mapped:           425140 kB
Shmem:              1716 kB
Slab:              55360 kB
SReclaimable:      20308 kB
SUnreclaim:        35052 kB
KernelStack:       13224 kB
PageTables:        39208 kB
NFS_Unstable:          0 kB
Bounce:                0 kB
WritebackTmp:          0 kB
CommitLimit:     2496364 kB
Committed_AS:   83917180 kB
VmallocTotal:     385024 kB
VmallocUsed:      154424 kB
VmallocChunk:      69700 kB
Time pass: 181 sec

---2015-12-17 17:07:46
MemTotal:        2895588 kB
MemFree:           81972 kB
Buffers:           15276 kB
Cached:          1244624 kB
SwapCached:            0 kB
Active:           794164 kB
Inactive:        1123016 kB
Active(anon):     316684 kB
Inactive(anon):   345280 kB
Active(file):     477480 kB
Inactive(file):   777736 kB
Unevictable:        2968 kB
Mlocked:               0 kB
HighTotal:       2306432 kB
HighFree:          38520 kB
LowTotal:         589156 kB
LowFree:           43452 kB
SwapTotal:       1048572 kB
SwapFree:        1048572 kB
Dirty:               588 kB
Writeback:             0 kB
AnonPages:        660020 kB
Mapped:           425756 kB
Shmem:              1716 kB
Slab:              55364 kB
SReclaimable:      20308 kB
SUnreclaim:        35056 kB
KernelStack:       13216 kB
PageTables:        39268 kB
NFS_Unstable:          0 kB
Bounce:                0 kB
WritebackTmp:          0 kB
CommitLimit:     2496364 kB
Committed_AS:   83932484 kB
VmallocTotal:     385024 kB
VmallocUsed:      154648 kB
VmallocChunk:      69700 kB
Time pass: 185 sec

---2015-12-17 17:07:46
MemTotal:        2895588 kB
MemFree:           81484 kB
Buffers:           15284 kB
Cached:          1244624 kB
SwapCached:            0 kB
Active:           793508 kB
Inactive:        1123012 kB
Active(anon):     316028 kB
Inactive(anon):   345268 kB
Active(file):     477480 kB
Inactive(file):   777744 kB
Unevictable:        2968 kB
Mlocked:               0 kB
HighTotal:       2306432 kB
HighFree:          38428 kB
LowTotal:         589156 kB
LowFree:           43056 kB
SwapTotal:       1048572 kB
SwapFree:        1048572 kB
Dirty:                 0 kB
Writeback:             0 kB
AnonPages:        659752 kB
Mapped:           425756 kB
Shmem:              1716 kB
Slab:              55360 kB
SReclaimable:      20308 kB
SUnreclaim:        35052 kB
KernelStack:       13216 kB
PageTables:        39224 kB
NFS_Unstable:          0 kB
Bounce:                0 kB
WritebackTmp:          0 kB
CommitLimit:     2496364 kB
Committed_AS:   83932604 kB
VmallocTotal:     385024 kB
VmallocUsed:      154648 kB
VmallocChunk:      69700 kB
Time pass: 189 sec

---2015-12-17 17:07:46
MemTotal:        2895588 kB
MemFree:           81112 kB
Buffers:           15292 kB
Cached:          1244624 kB
SwapCached:            0 kB
Active:           793252 kB
Inactive:        1123020 kB
Active(anon):     315772 kB
Inactive(anon):   345268 kB
Active(file):     477480 kB
Inactive(file):   777752 kB
Unevictable:        2968 kB
Mlocked:               0 kB
HighTotal:       2306432 kB
HighFree:          38304 kB
LowTotal:         589156 kB
LowFree:           42808 kB
SwapTotal:       1048572 kB
SwapFree:        1048572 kB
Dirty:                36 kB
Writeback:             0 kB
AnonPages:        659532 kB
Mapped:           425808 kB
Shmem:              1716 kB
Slab:              55360 kB
SReclaimable:      20308 kB
SUnreclaim:        35052 kB
KernelStack:       13216 kB
PageTables:        39244 kB
NFS_Unstable:          0 kB
Bounce:                0 kB
WritebackTmp:          0 kB
CommitLimit:     2496364 kB
Committed_AS:   83932708 kB
VmallocTotal:     385024 kB
VmallocUsed:      154648 kB
VmallocChunk:      69700 kB
Time pass: 192 sec

---2015-12-17 17:07:46
MemTotal:        2895588 kB
MemFree:           75732 kB
Buffers:           15308 kB
Cached:          1244996 kB
SwapCached:            0 kB
Active:           798884 kB
Inactive:        1123384 kB
Active(anon):     321392 kB
Inactive(anon):   345336 kB
Active(file):     477492 kB
Inactive(file):   778048 kB
Unevictable:        2968 kB
Mlocked:               0 kB
HighTotal:       2306432 kB
HighFree:          38128 kB
LowTotal:         589156 kB
LowFree:           37604 kB
SwapTotal:       1048572 kB
SwapFree:        1048572 kB
Dirty:               104 kB
Writeback:             0 kB
AnonPages:        665464 kB
Mapped:           427376 kB
Shmem:              1788 kB
Slab:              55376 kB
SReclaimable:      20324 kB
SUnreclaim:        35052 kB
KernelStack:       13352 kB
PageTables:        39340 kB
NFS_Unstable:          0 kB
Bounce:                0 kB
WritebackTmp:          0 kB
CommitLimit:     2496364 kB
Committed_AS:   83943048 kB
VmallocTotal:     385024 kB
VmallocUsed:      156860 kB
VmallocChunk:      69700 kB
Time pass: 196 sec

---2015-12-17 17:07:46
MemTotal:        2895588 kB
MemFree:           74292 kB
Buffers:           15308 kB
Cached:          1244996 kB
SwapCached:            0 kB
Active:           800476 kB
Inactive:        1123392 kB
Active(anon):     322984 kB
Inactive(anon):   345336 kB
Active(file):     477492 kB
Inactive(file):   778056 kB
Unevictable:        2968 kB
Mlocked:               0 kB
HighTotal:       2306432 kB
HighFree:          42016 kB
LowTotal:         589156 kB
LowFree:           32276 kB
SwapTotal:       1048572 kB
SwapFree:        1048572 kB
Dirty:                 0 kB
Writeback:             0 kB
AnonPages:        666536 kB
Mapped:           427464 kB
Shmem:              1788 kB
Slab:              55376 kB
SReclaimable:      20324 kB
SUnreclaim:        35052 kB
KernelStack:       13368 kB
PageTables:        39344 kB
NFS_Unstable:          0 kB
Bounce:                0 kB
WritebackTmp:          0 kB
CommitLimit:     2496364 kB
Committed_AS:   83943280 kB
VmallocTotal:     385024 kB
VmallocUsed:      156880 kB
VmallocChunk:      69700 kB
Time pass: 199 sec

---2015-12-17 17:07:46
MemTotal:        2895588 kB
MemFree:           72904 kB
Buffers:           15316 kB
Cached:          1245024 kB
SwapCached:            0 kB
Active:           801068 kB
Inactive:        1123412 kB
Active(anon):     323576 kB
Inactive(anon):   345348 kB
Active(file):     477492 kB
Inactive(file):   778064 kB
Unevictable:        2968 kB
Mlocked:               0 kB
HighTotal:       2306432 kB
HighFree:          40280 kB
LowTotal:         589156 kB
LowFree:           32624 kB
SwapTotal:       1048572 kB
SwapFree:        1048572 kB
Dirty:                52 kB
Writeback:             0 kB
AnonPages:        667112 kB
Mapped:           427492 kB
Shmem:              1816 kB
Slab:              55408 kB
SReclaimable:      20324 kB
SUnreclaim:        35084 kB
KernelStack:       13368 kB
PageTables:        39328 kB
NFS_Unstable:          0 kB
Bounce:                0 kB
WritebackTmp:          0 kB
CommitLimit:     2496364 kB
Committed_AS:   83943484 kB
VmallocTotal:     385024 kB
VmallocUsed:      156880 kB
VmallocChunk:      69700 kB
Time pass: 203 sec

---2015-12-17 17:07:46
MemTotal:        2895588 kB
MemFree:           71636 kB
Buffers:           15332 kB
Cached:          1245024 kB
SwapCached:            0 kB
Active:           801628 kB
Inactive:        1123420 kB
Active(anon):     324136 kB
Inactive(anon):   345340 kB
Active(file):     477492 kB
Inactive(file):   778080 kB
Unevictable:        2968 kB
Mlocked:               0 kB
HighTotal:       2306432 kB
HighFree:          38688 kB
LowTotal:         589156 kB
LowFree:           32948 kB
SwapTotal:       1048572 kB
SwapFree:        1048572 kB
Dirty:                44 kB
Writeback:             0 kB
AnonPages:        667836 kB
Mapped:           427544 kB
Shmem:              1816 kB
Slab:              55408 kB
SReclaimable:      20324 kB
SUnreclaim:        35084 kB
KernelStack:       13368 kB
PageTables:        39376 kB
NFS_Unstable:          0 kB
Bounce:                0 kB
WritebackTmp:          0 kB
CommitLimit:     2496364 kB
Committed_AS:   83943700 kB
VmallocTotal:     385024 kB
VmallocUsed:      156880 kB
VmallocChunk:      69700 kB
Time pass: 206 sec

---2015-12-17 17:07:46
MemTotal:        2895588 kB
MemFree:           71252 kB
Buffers:           15340 kB
Cached:          1245024 kB
SwapCached:            0 kB
Active:           802616 kB
Inactive:        1123388 kB
Active(anon):     325124 kB
Inactive(anon):   345308 kB
Active(file):     477492 kB
Inactive(file):   778080 kB
Unevictable:        2968 kB
Mlocked:               0 kB
HighTotal:       2306432 kB
HighFree:          38492 kB
LowTotal:         589156 kB
LowFree:           32760 kB
SwapTotal:       1048572 kB
SwapFree:        1048572 kB
Dirty:                32 kB
Writeback:             0 kB
AnonPages:        668700 kB
Mapped:           427492 kB
Shmem:              1816 kB
Slab:              55416 kB
SReclaimable:      20324 kB
SUnreclaim:        35092 kB
KernelStack:       13360 kB
PageTables:        39356 kB
NFS_Unstable:          0 kB
Bounce:                0 kB
WritebackTmp:          0 kB
CommitLimit:     2496364 kB
Committed_AS:   83943776 kB
VmallocTotal:     385024 kB
VmallocUsed:      156880 kB
VmallocChunk:      69700 kB
Time pass: 210 sec

---2015-12-17 17:07:46
MemTotal:        2895588 kB
MemFree:           69716 kB
Buffers:           15340 kB
Cached:          1245044 kB
SwapCached:            0 kB
Active:           803068 kB
Inactive:        1123408 kB
Active(anon):     325576 kB
Inactive(anon):   345320 kB
Active(file):     477492 kB
Inactive(file):   778088 kB
Unevictable:        2968 kB
Mlocked:               0 kB
HighTotal:       2306432 kB
HighFree:          38128 kB
LowTotal:         589156 kB
LowFree:           31588 kB
SwapTotal:       1048572 kB
SwapFree:        1048572 kB
Dirty:                36 kB
Writeback:             0 kB
AnonPages:        669356 kB
Mapped:           427564 kB
Shmem:              1836 kB
Slab:              55416 kB
SReclaimable:      20324 kB
SUnreclaim:        35092 kB
KernelStack:       13352 kB
PageTables:        39400 kB
NFS_Unstable:          0 kB
Bounce:                0 kB
WritebackTmp:          0 kB
CommitLimit:     2496364 kB
Committed_AS:   83944008 kB
VmallocTotal:     385024 kB
VmallocUsed:      156840 kB
VmallocChunk:      69700 kB
Time pass: 214 sec

---2015-12-17 17:07:46
MemTotal:        2895588 kB
MemFree:           73836 kB
Buffers:           15348 kB
Cached:          1241232 kB
SwapCached:            0 kB
Active:           800600 kB
Inactive:        1122164 kB
Active(anon):     323108 kB
Inactive(anon):   347880 kB
Active(file):     477492 kB
Inactive(file):   774284 kB
Unevictable:        2968 kB
Mlocked:               0 kB
HighTotal:       2306432 kB
HighFree:          41176 kB
LowTotal:         589156 kB
LowFree:           32660 kB
SwapTotal:       1048572 kB
SwapFree:        1048572 kB
Dirty:                20 kB
Writeback:             0 kB
AnonPages:        669644 kB
Mapped:           427616 kB
Shmem:              1836 kB
Slab:              55416 kB
SReclaimable:      20324 kB
SUnreclaim:        35092 kB
KernelStack:       13352 kB
PageTables:        39420 kB
NFS_Unstable:          0 kB
Bounce:                0 kB
WritebackTmp:          0 kB
CommitLimit:     2496364 kB
Committed_AS:   83944136 kB
VmallocTotal:     385024 kB
VmallocUsed:      156840 kB
VmallocChunk:      69700 kB
Time pass: 217 sec

---2015-12-17 17:07:46
MemTotal:        2895588 kB
MemFree:           73640 kB
Buffers:           15364 kB
Cached:          1241256 kB
SwapCached:            0 kB
Active:           800684 kB
Inactive:        1122100 kB
Active(anon):     323192 kB
Inactive(anon):   347800 kB
Active(file):     477492 kB
Inactive(file):   774300 kB
Unevictable:        2968 kB
Mlocked:               0 kB
HighTotal:       2306432 kB
HighFree:          40556 kB
LowTotal:         589156 kB
LowFree:           33084 kB
SwapTotal:       1048572 kB
SwapFree:        1048572 kB
Dirty:                 4 kB
Writeback:             0 kB
AnonPages:        669836 kB
Mapped:           427640 kB
Shmem:              1860 kB
Slab:              55416 kB
SReclaimable:      20324 kB
SUnreclaim:        35092 kB
KernelStack:       13352 kB
PageTables:        39420 kB
NFS_Unstable:          0 kB
Bounce:                0 kB
WritebackTmp:          0 kB
CommitLimit:     2496364 kB
Committed_AS:   83944128 kB
VmallocTotal:     385024 kB
VmallocUsed:      156840 kB
VmallocChunk:      69700 kB
Time pass: 221 sec

---2015-12-17 17:07:46
MemTotal:        2895588 kB
MemFree:           72612 kB
Buffers:           15372 kB
Cached:          1241264 kB
SwapCached:            0 kB
Active:           801296 kB
Inactive:        1122116 kB
Active(anon):     323804 kB
Inactive(anon):   347808 kB
Active(file):     477492 kB
Inactive(file):   774308 kB
Unevictable:        2968 kB
Mlocked:               0 kB
HighTotal:       2306432 kB
HighFree:          38944 kB
LowTotal:         589156 kB
LowFree:           33668 kB
SwapTotal:       1048572 kB
SwapFree:        1048572 kB
Dirty:                40 kB
Writeback:             0 kB
AnonPages:        670492 kB
Mapped:           427648 kB
Shmem:              1868 kB
Slab:              55428 kB
SReclaimable:      20324 kB
SUnreclaim:        35104 kB
KernelStack:       13344 kB
PageTables:        39420 kB
NFS_Unstable:          0 kB
Bounce:                0 kB
WritebackTmp:          0 kB
CommitLimit:     2496364 kB
Committed_AS:   83944416 kB
VmallocTotal:     385024 kB
VmallocUsed:      156840 kB
VmallocChunk:      69700 kB
Time pass: 224 sec

---2015-12-17 17:07:46
MemTotal:        2895588 kB
MemFree:           72436 kB
Buffers:           15380 kB
Cached:          1241344 kB
SwapCached:            0 kB
Active:           801456 kB
Inactive:        1122200 kB
Active(anon):     323964 kB
Inactive(anon):   347884 kB
Active(file):     477492 kB
Inactive(file):   774316 kB
Unevictable:        2968 kB
Mlocked:               0 kB
HighTotal:       2306432 kB
HighFree:          38768 kB
LowTotal:         589156 kB
LowFree:           33668 kB
SwapTotal:       1048572 kB
SwapFree:        1048572 kB
Dirty:                40 kB
Writeback:             0 kB
AnonPages:        670700 kB
Mapped:           427728 kB
Shmem:              1948 kB
Slab:              55432 kB
SReclaimable:      20324 kB
SUnreclaim:        35108 kB
KernelStack:       13336 kB
PageTables:        39420 kB
NFS_Unstable:          0 kB
Bounce:                0 kB
WritebackTmp:          0 kB
CommitLimit:     2496364 kB
Committed_AS:   83944504 kB
VmallocTotal:     385024 kB
VmallocUsed:      156840 kB
VmallocChunk:      69700 kB
Time pass: 228 sec

---2015-12-17 17:07:46
MemTotal:        2895588 kB
MemFree:           72716 kB
Buffers:           15380 kB
Cached:          1241344 kB
SwapCached:            0 kB
Active:           801016 kB
Inactive:        1122200 kB
Active(anon):     323524 kB
Inactive(anon):   347884 kB
Active(file):     477492 kB
Inactive(file):   774316 kB
Unevictable:        2968 kB
Mlocked:               0 kB
HighTotal:       2306432 kB
HighFree:          38964 kB
LowTotal:         589156 kB
LowFree:           33752 kB
SwapTotal:       1048572 kB
SwapFree:        1048572 kB
Dirty:                 0 kB
Writeback:             0 kB
AnonPages:        670144 kB
Mapped:           427780 kB
Shmem:              1948 kB
Slab:              55452 kB
SReclaimable:      20324 kB
SUnreclaim:        35128 kB
KernelStack:       13328 kB
PageTables:        39440 kB
NFS_Unstable:          0 kB
Bounce:                0 kB
WritebackTmp:          0 kB
CommitLimit:     2496364 kB
Committed_AS:   83944568 kB
VmallocTotal:     385024 kB
VmallocUsed:      156840 kB
VmallocChunk:      69700 kB
Time pass: 231 sec

---2015-12-17 17:07:46
MemTotal:        2895588 kB
MemFree:           72864 kB
Buffers:           15396 kB
Cached:          1241344 kB
SwapCached:            0 kB
Active:           801252 kB
Inactive:        1122216 kB
Active(anon):     323760 kB
Inactive(anon):   347884 kB
Active(file):     477492 kB
Inactive(file):   774332 kB
Unevictable:        2968 kB
Mlocked:               0 kB
HighTotal:       2306432 kB
HighFree:          38820 kB
LowTotal:         589156 kB
LowFree:           34044 kB
SwapTotal:       1048572 kB
SwapFree:        1048572 kB
Dirty:                 0 kB
Writeback:             0 kB
AnonPages:        670212 kB
Mapped:           427728 kB
Shmem:              1948 kB
Slab:              55476 kB
SReclaimable:      20324 kB
SUnreclaim:        35152 kB
KernelStack:       13328 kB
PageTables:        39420 kB
NFS_Unstable:          0 kB
Bounce:                0 kB
WritebackTmp:          0 kB
CommitLimit:     2496364 kB
Committed_AS:   83944748 kB
VmallocTotal:     385024 kB
VmallocUsed:      156840 kB
VmallocChunk:      69700 kB
Time pass: 235 sec

---2015-12-17 17:07:46
MemTotal:        2895588 kB
MemFree:           73020 kB
Buffers:           15404 kB
Cached:          1241344 kB
SwapCached:            0 kB
Active:           800972 kB
Inactive:        1122224 kB
Active(anon):     323480 kB
Inactive(anon):   347884 kB
Active(file):     477492 kB
Inactive(file):   774340 kB
Unevictable:        2968 kB
Mlocked:               0 kB
HighTotal:       2306432 kB
HighFree:          39068 kB
LowTotal:         589156 kB
LowFree:           33952 kB
SwapTotal:       1048572 kB
SwapFree:        1048572 kB
Dirty:                44 kB
Writeback:             0 kB
AnonPages:        670084 kB
Mapped:           427728 kB
Shmem:              1948 kB
Slab:              55468 kB
SReclaimable:      20324 kB
SUnreclaim:        35144 kB
KernelStack:       13328 kB
PageTables:        39420 kB
NFS_Unstable:          0 kB
Bounce:                0 kB
WritebackTmp:          0 kB
CommitLimit:     2496364 kB
Committed_AS:   83944920 kB
VmallocTotal:     385024 kB
VmallocUsed:      156840 kB
VmallocChunk:      69700 kB
Time pass: 238 sec

---2015-12-17 17:07:46
MemTotal:        2895588 kB
MemFree:           73040 kB
Buffers:           15404 kB
Cached:          1241392 kB
SwapCached:            0 kB
Active:           801472 kB
Inactive:        1122288 kB
Active(anon):     323996 kB
Inactive(anon):   347932 kB
Active(file):     477476 kB
Inactive(file):   774356 kB
Unevictable:        2968 kB
Mlocked:               0 kB
HighTotal:       2306432 kB
HighFree:          39088 kB
LowTotal:         589156 kB
LowFree:           33952 kB
SwapTotal:       1048572 kB
SwapFree:        1048572 kB
Dirty:                60 kB
Writeback:             0 kB
AnonPages:        670416 kB
Mapped:           427828 kB
Shmem:              1996 kB
Slab:              55456 kB
SReclaimable:      20324 kB
SUnreclaim:        35132 kB
KernelStack:       13328 kB
PageTables:        39440 kB
NFS_Unstable:          0 kB
Bounce:                0 kB
WritebackTmp:          0 kB
CommitLimit:     2496364 kB
Committed_AS:   83944984 kB
VmallocTotal:     385024 kB
VmallocUsed:      156840 kB
VmallocChunk:      69700 kB
Time pass: 242 sec

---2015-12-17 17:07:46
MemTotal:        2895588 kB
MemFree:           72704 kB
Buffers:           15428 kB
Cached:          1241392 kB
SwapCached:            0 kB
Active:           801692 kB
Inactive:        1122260 kB
Active(anon):     324216 kB
Inactive(anon):   347880 kB
Active(file):     477476 kB
Inactive(file):   774380 kB
Unevictable:        2968 kB
Mlocked:               0 kB
HighTotal:       2306432 kB
HighFree:          38768 kB
LowTotal:         589156 kB
LowFree:           33936 kB
SwapTotal:       1048572 kB
SwapFree:        1048572 kB
Dirty:                 4 kB
Writeback:             0 kB
AnonPages:        670404 kB
Mapped:           427724 kB
Shmem:              1996 kB
Slab:              55460 kB
SReclaimable:      20324 kB
SUnreclaim:        35136 kB
KernelStack:       13328 kB
PageTables:        39404 kB
NFS_Unstable:          0 kB
Bounce:                0 kB
WritebackTmp:          0 kB
CommitLimit:     2496364 kB
Committed_AS:   83945208 kB
VmallocTotal:     385024 kB
VmallocUsed:      156840 kB
VmallocChunk:      69700 kB
Time pass: 246 sec

---2015-12-17 17:07:46
MemTotal:        2895588 kB
MemFree:           72040 kB
Buffers:           15436 kB
Cached:          1241384 kB
SwapCached:            0 kB
Active:           802012 kB
Inactive:        1122260 kB
Active(anon):     324536 kB
Inactive(anon):   347880 kB
Active(file):     477476 kB
Inactive(file):   774380 kB
Unevictable:        2968 kB
Mlocked:               0 kB
HighTotal:       2306432 kB
HighFree:          38664 kB
LowTotal:         589156 kB
LowFree:           33376 kB
SwapTotal:       1048572 kB
SwapFree:        1048572 kB
Dirty:                 8 kB
Writeback:             0 kB
AnonPages:        670836 kB
Mapped:           427776 kB
Shmem:              1996 kB
Slab:              55456 kB
SReclaimable:      20324 kB
SUnreclaim:        35132 kB
KernelStack:       13328 kB
PageTables:        39420 kB
NFS_Unstable:          0 kB
Bounce:                0 kB
WritebackTmp:          0 kB
CommitLimit:     2496364 kB
Committed_AS:   83945264 kB
VmallocTotal:     385024 kB
VmallocUsed:      156840 kB
VmallocChunk:      69700 kB
Time pass: 249 sec

---2015-12-17 17:07:46
MemTotal:        2895588 kB
MemFree:           72540 kB
Buffers:           15436 kB
Cached:          1241392 kB
SwapCached:            0 kB
Active:           802032 kB
Inactive:        1122268 kB
Active(anon):     324556 kB
Inactive(anon):   347880 kB
Active(file):     477476 kB
Inactive(file):   774388 kB
Unevictable:        2968 kB
Mlocked:               0 kB
HighTotal:       2306432 kB
HighFree:          39140 kB
LowTotal:         589156 kB
LowFree:           33400 kB
SwapTotal:       1048572 kB
SwapFree:        1048572 kB
Dirty:                56 kB
Writeback:             0 kB
AnonPages:        670816 kB
Mapped:           427724 kB
Shmem:              1996 kB
Slab:              55468 kB
SReclaimable:      20324 kB
SUnreclaim:        35144 kB
KernelStack:       13328 kB
PageTables:        39400 kB
NFS_Unstable:          0 kB
Bounce:                0 kB
WritebackTmp:          0 kB
CommitLimit:     2496364 kB
Committed_AS:   83945432 kB
VmallocTotal:     385024 kB
VmallocUsed:      156840 kB
VmallocChunk:      69700 kB
Time pass: 253 sec

---2015-12-17 17:07:46
MemTotal:        2895588 kB
MemFree:           72340 kB
Buffers:           15456 kB
Cached:          1241376 kB
SwapCached:            0 kB
Active:           802888 kB
Inactive:        1122100 kB
Active(anon):     325412 kB
Inactive(anon):   347708 kB
Active(file):     477476 kB
Inactive(file):   774392 kB
Unevictable:        2968 kB
Mlocked:               0 kB
HighTotal:       2306432 kB
HighFree:          38840 kB
LowTotal:         589156 kB
LowFree:           33500 kB
SwapTotal:       1048572 kB
SwapFree:        1048572 kB
Dirty:                 4 kB
Writeback:             0 kB
AnonPages:        671304 kB
Mapped:           427672 kB
Shmem:              1996 kB
Slab:              55588 kB
SReclaimable:      20340 kB
SUnreclaim:        35248 kB
KernelStack:       13328 kB
PageTables:        39400 kB
NFS_Unstable:          0 kB
Bounce:                0 kB
WritebackTmp:          0 kB
CommitLimit:     2496364 kB
Committed_AS:   83945816 kB
VmallocTotal:     385024 kB
VmallocUsed:      156840 kB
VmallocChunk:      69700 kB
Time pass: 256 sec

---2015-12-17 17:07:46
MemTotal:        2895588 kB
MemFree:           71816 kB
Buffers:           15456 kB
Cached:          1241396 kB
SwapCached:            0 kB
Active:           803276 kB
Inactive:        1122104 kB
Active(anon):     325800 kB
Inactive(anon):   347692 kB
Active(file):     477476 kB
Inactive(file):   774412 kB
Unevictable:        2968 kB
Mlocked:               0 kB
HighTotal:       2306432 kB
HighFree:          38572 kB
LowTotal:         589156 kB
LowFree:           33244 kB
SwapTotal:       1048572 kB
SwapFree:        1048572 kB
Dirty:                52 kB
Writeback:             0 kB
AnonPages:        672044 kB
Mapped:           427724 kB
Shmem:              1996 kB
Slab:              55580 kB
SReclaimable:      20332 kB
SUnreclaim:        35248 kB
KernelStack:       13328 kB
PageTables:        39424 kB
NFS_Unstable:          0 kB
Bounce:                0 kB
WritebackTmp:          0 kB
CommitLimit:     2496364 kB
Committed_AS:   83945880 kB
VmallocTotal:     385024 kB
VmallocUsed:      156840 kB
VmallocChunk:      69700 kB
Time pass: 260 sec

---2015-12-17 17:07:46
MemTotal:        2895588 kB
MemFree:           71704 kB
Buffers:           15464 kB
Cached:          1241400 kB
SwapCached:            0 kB
Active:           802468 kB
Inactive:        1122116 kB
Active(anon):     324992 kB
Inactive(anon):   347692 kB
Active(file):     477476 kB
Inactive(file):   774424 kB
Unevictable:        2968 kB
Mlocked:               0 kB
HighTotal:       2306432 kB
HighFree:          38872 kB
LowTotal:         589156 kB
LowFree:           32832 kB
SwapTotal:       1048572 kB
SwapFree:        1048572 kB
Dirty:                52 kB
Writeback:             0 kB
AnonPages:        670768 kB
Mapped:           427776 kB
Shmem:              1996 kB
Slab:              55580 kB
SReclaimable:      20332 kB
SUnreclaim:        35248 kB
KernelStack:       13328 kB
PageTables:        39420 kB
NFS_Unstable:          0 kB
Bounce:                0 kB
WritebackTmp:          0 kB
CommitLimit:     2496364 kB
Committed_AS:   83946148 kB
VmallocTotal:     385024 kB
VmallocUsed:      156840 kB
VmallocChunk:      69700 kB
Time pass: 263 sec

---2015-12-17 17:07:46
MemTotal:        2895588 kB
MemFree:           71632 kB
Buffers:           15464 kB
Cached:          1241396 kB
SwapCached:            0 kB
Active:           802728 kB
Inactive:        1121908 kB
Active(anon):     325252 kB
Inactive(anon):   347488 kB
Active(file):     477476 kB
Inactive(file):   774420 kB
Unevictable:        2968 kB
Mlocked:               0 kB
HighTotal:       2306432 kB
HighFree:          38924 kB
LowTotal:         589156 kB
LowFree:           32708 kB
SwapTotal:       1048572 kB
SwapFree:        1048572 kB
Dirty:                 0 kB
Writeback:             0 kB
AnonPages:        670876 kB
Mapped:           427720 kB
Shmem:              1996 kB
Slab:              55564 kB
SReclaimable:      20332 kB
SUnreclaim:        35232 kB
KernelStack:       13320 kB
PageTables:        39384 kB
NFS_Unstable:          0 kB
Bounce:                0 kB
WritebackTmp:          0 kB
CommitLimit:     2496364 kB
Committed_AS:   83937664 kB
VmallocTotal:     385024 kB
VmallocUsed:      156840 kB
VmallocChunk:      69700 kB
Time pass: 267 sec

---2015-12-17 17:07:46
MemTotal:        2895588 kB
MemFree:           71756 kB
Buffers:           15472 kB
Cached:          1241388 kB
SwapCached:            0 kB
Active:           802716 kB
Inactive:        1121908 kB
Active(anon):     325240 kB
Inactive(anon):   347488 kB
Active(file):     477476 kB
Inactive(file):   774420 kB
Unevictable:        2968 kB
Mlocked:               0 kB
HighTotal:       2306432 kB
HighFree:          38872 kB
LowTotal:         589156 kB
LowFree:           32884 kB
SwapTotal:       1048572 kB
SwapFree:        1048572 kB
Dirty:                 0 kB
Writeback:             0 kB
AnonPages:        670872 kB
Mapped:           427720 kB
Shmem:              1996 kB
Slab:              55596 kB
SReclaimable:      20332 kB
SUnreclaim:        35264 kB
KernelStack:       13320 kB
PageTables:        39384 kB
NFS_Unstable:          0 kB
Bounce:                0 kB
WritebackTmp:          0 kB
CommitLimit:     2496364 kB
Committed_AS:   83937844 kB
VmallocTotal:     385024 kB
VmallocUsed:      156840 kB
VmallocChunk:      69700 kB
Time pass: 270 sec

---2015-12-17 17:07:46
MemTotal:        2895588 kB
MemFree:           70836 kB
Buffers:           15488 kB
Cached:          1241396 kB
SwapCached:            0 kB
Active:           803368 kB
Inactive:        1121928 kB
Active(anon):     325892 kB
Inactive(anon):   347484 kB
Active(file):     477476 kB
Inactive(file):   774444 kB
Unevictable:        2968 kB
Mlocked:               0 kB
HighTotal:       2306432 kB
HighFree:          38696 kB
LowTotal:         589156 kB
LowFree:           32140 kB
SwapTotal:       1048572 kB
SwapFree:        1048572 kB
Dirty:                48 kB
Writeback:             0 kB
AnonPages:        671748 kB
Mapped:           427772 kB
Shmem:              1996 kB
Slab:              55596 kB
SReclaimable:      20332 kB
SUnreclaim:        35264 kB
KernelStack:       13320 kB
PageTables:        39404 kB
NFS_Unstable:          0 kB
Bounce:                0 kB
WritebackTmp:          0 kB
CommitLimit:     2496364 kB
Committed_AS:   83938140 kB
VmallocTotal:     385024 kB
VmallocUsed:      156840 kB
VmallocChunk:      69700 kB
Time pass: 274 sec

---2015-12-17 17:07:46
MemTotal:        2895588 kB
MemFree:           71248 kB
Buffers:           15496 kB
Cached:          1241388 kB
SwapCached:            0 kB
Active:           803024 kB
Inactive:        1121928 kB
Active(anon):     325548 kB
Inactive(anon):   347484 kB
Active(file):     477476 kB
Inactive(file):   774444 kB
Unevictable:        2968 kB
Mlocked:               0 kB
HighTotal:       2306432 kB
HighFree:          38944 kB
LowTotal:         589156 kB
LowFree:           32304 kB
SwapTotal:       1048572 kB
SwapFree:        1048572 kB
Dirty:                 4 kB
Writeback:             0 kB
AnonPages:        671468 kB
Mapped:           427668 kB
Shmem:              1996 kB
Slab:              55604 kB
SReclaimable:      20332 kB
SUnreclaim:        35272 kB
KernelStack:       13320 kB
PageTables:        39364 kB
NFS_Unstable:          0 kB
Bounce:                0 kB
WritebackTmp:          0 kB
CommitLimit:     2496364 kB
Committed_AS:   83938140 kB
VmallocTotal:     385024 kB
VmallocUsed:      156840 kB
VmallocChunk:      69700 kB
Time pass: 278 sec

---2015-12-17 17:07:46
MemTotal:        2895588 kB
MemFree:           70684 kB
Buffers:           15496 kB
Cached:          1241396 kB
SwapCached:            0 kB
Active:           803536 kB
Inactive:        1121932 kB
Active(anon):     326056 kB
Inactive(anon):   347484 kB
Active(file):     477480 kB
Inactive(file):   774448 kB
Unevictable:        2968 kB
Mlocked:               0 kB
HighTotal:       2306432 kB
HighFree:          38148 kB
LowTotal:         589156 kB
LowFree:           32536 kB
SwapTotal:       1048572 kB
SwapFree:        1048572 kB
Dirty:                48 kB
Writeback:             0 kB
AnonPages:        671768 kB
Mapped:           427736 kB
Shmem:              1996 kB
Slab:              55544 kB
SReclaimable:      20332 kB
SUnreclaim:        35212 kB
KernelStack:       13320 kB
PageTables:        39384 kB
NFS_Unstable:          0 kB
Bounce:                0 kB
WritebackTmp:          0 kB
CommitLimit:     2496364 kB
Committed_AS:   83938284 kB
VmallocTotal:     385024 kB
VmallocUsed:      156840 kB
VmallocChunk:      69700 kB
Time pass: 281 sec

---2015-12-17 17:07:46
MemTotal:        2895588 kB
MemFree:           70124 kB
Buffers:           15520 kB
Cached:          1241404 kB
SwapCached:            0 kB
Active:           803840 kB
Inactive:        1121960 kB
Active(anon):     326360 kB
Inactive(anon):   347488 kB
Active(file):     477480 kB
Inactive(file):   774472 kB
Unevictable:        2968 kB
Mlocked:               0 kB
HighTotal:       2306432 kB
HighFree:          38500 kB
LowTotal:         589156 kB
LowFree:           31624 kB
SwapTotal:       1048572 kB
SwapFree:        1048572 kB
Dirty:                88 kB
Writeback:             0 kB
AnonPages:        672188 kB
Mapped:           427748 kB
Shmem:              2004 kB
Slab:              55544 kB
SReclaimable:      20332 kB
SUnreclaim:        35212 kB
KernelStack:       13328 kB
PageTables:        39388 kB
NFS_Unstable:          0 kB
Bounce:                0 kB
WritebackTmp:          0 kB
CommitLimit:     2496364 kB
Committed_AS:   83938916 kB
VmallocTotal:     385024 kB
VmallocUsed:      156840 kB
VmallocChunk:      69700 kB
Time pass: 285 sec

---2015-12-17 17:07:46
MemTotal:        2895588 kB
MemFree:           74220 kB
Buffers:           15520 kB
Cached:          1237440 kB
SwapCached:            0 kB
Active:           804136 kB
Inactive:        1118228 kB
Active(anon):     326656 kB
Inactive(anon):   347488 kB
Active(file):     477480 kB
Inactive(file):   770740 kB
Unevictable:        2968 kB
Mlocked:               0 kB
HighTotal:       2306432 kB
HighFree:          41904 kB
LowTotal:         589156 kB
LowFree:           32316 kB
SwapTotal:       1048572 kB
SwapFree:        1048572 kB
Dirty:                88 kB
Writeback:             0 kB
AnonPages:        672292 kB
Mapped:           427696 kB
Shmem:              2004 kB
Slab:              55604 kB
SReclaimable:      20332 kB
SUnreclaim:        35272 kB
KernelStack:       13328 kB
PageTables:        39368 kB
NFS_Unstable:          0 kB
Bounce:                0 kB
WritebackTmp:          0 kB
CommitLimit:     2496364 kB
Committed_AS:   83939068 kB
VmallocTotal:     385024 kB
VmallocUsed:      156840 kB
VmallocChunk:      69700 kB
Time pass: 288 sec

---2015-12-17 17:07:46
MemTotal:        2895588 kB
MemFree:           73512 kB
Buffers:           15528 kB
Cached:          1237176 kB
SwapCached:            0 kB
Active:           803984 kB
Inactive:        1117740 kB
Active(anon):     326504 kB
Inactive(anon):   347488 kB
Active(file):     477480 kB
Inactive(file):   770252 kB
Unevictable:        2968 kB
Mlocked:               0 kB
HighTotal:       2306432 kB
HighFree:          41196 kB
LowTotal:         589156 kB
LowFree:           32316 kB
SwapTotal:       1048572 kB
SwapFree:        1048572 kB
Dirty:                28 kB
Writeback:             0 kB
AnonPages:        672220 kB
Mapped:           427748 kB
Shmem:              2004 kB
Slab:              55596 kB
SReclaimable:      20332 kB
SUnreclaim:        35264 kB
KernelStack:       13328 kB
PageTables:        39388 kB
NFS_Unstable:          0 kB
Bounce:                0 kB
WritebackTmp:          0 kB
CommitLimit:     2496364 kB
Committed_AS:   83939148 kB
VmallocTotal:     385024 kB
VmallocUsed:      156840 kB
VmallocChunk:      69700 kB
Time pass: 292 sec

---2015-12-17 17:07:46
MemTotal:        2895588 kB
MemFree:           74772 kB
Buffers:           15528 kB
Cached:          1237180 kB
SwapCached:            0 kB
Active:           804172 kB
Inactive:        1117740 kB
Active(anon):     326692 kB
Inactive(anon):   347484 kB
Active(file):     477480 kB
Inactive(file):   770256 kB
Unevictable:        2968 kB
Mlocked:               0 kB
HighTotal:       2306432 kB
HighFree:          41816 kB
LowTotal:         589156 kB
LowFree:           32956 kB
SwapTotal:       1048572 kB
SwapFree:        1048572 kB
Dirty:                 0 kB
Writeback:             0 kB
AnonPages:        672528 kB
Mapped:           427748 kB
Shmem:              2004 kB
Slab:              55596 kB
SReclaimable:      20332 kB
SUnreclaim:        35264 kB
KernelStack:       13328 kB
PageTables:        39388 kB
NFS_Unstable:          0 kB
Bounce:                0 kB
WritebackTmp:          0 kB
CommitLimit:     2496364 kB
Committed_AS:   83939348 kB
VmallocTotal:     385024 kB
VmallocUsed:      156840 kB
VmallocChunk:      69700 kB
Time pass: 295 sec

---2015-12-17 17:07:46
MemTotal:        2895588 kB
MemFree:           73812 kB
Buffers:           15536 kB
Cached:          1237180 kB
SwapCached:            0 kB
Active:           804096 kB
Inactive:        1117748 kB
Active(anon):     326616 kB
Inactive(anon):   347484 kB
Active(file):     477480 kB
Inactive(file):   770264 kB
Unevictable:        2968 kB
Mlocked:               0 kB
HighTotal:       2306432 kB
HighFree:          40556 kB
LowTotal:         589156 kB
LowFree:           33256 kB
SwapTotal:       1048572 kB
SwapFree:        1048572 kB
Dirty:                20 kB
Writeback:             0 kB
AnonPages:        672196 kB
Mapped:           427748 kB
Shmem:              2004 kB
Slab:              55596 kB
SReclaimable:      20332 kB
SUnreclaim:        35264 kB
KernelStack:       13328 kB
PageTables:        39388 kB
NFS_Unstable:          0 kB
Bounce:                0 kB
WritebackTmp:          0 kB
CommitLimit:     2496364 kB
Committed_AS:   83939540 kB
VmallocTotal:     385024 kB
VmallocUsed:      156840 kB
VmallocChunk:      69700 kB
Time pass: 299 sec

---2015-12-17 17:07:46
MemTotal:        2895588 kB
MemFree:           73288 kB
Buffers:           15552 kB
Cached:          1237180 kB
SwapCached:            0 kB
Active:           804444 kB
Inactive:        1117764 kB
Active(anon):     326964 kB
Inactive(anon):   347484 kB
Active(file):     477480 kB
Inactive(file):   770280 kB
Unevictable:        2968 kB
Mlocked:               0 kB
HighTotal:       2306432 kB
HighFree:          39512 kB
LowTotal:         589156 kB
LowFree:           33776 kB
SwapTotal:       1048572 kB
SwapFree:        1048572 kB
Dirty:                 0 kB
Writeback:             0 kB
AnonPages:        672712 kB
Mapped:           427800 kB
Shmem:              2004 kB
Slab:              55596 kB
SReclaimable:      20332 kB
SUnreclaim:        35264 kB
KernelStack:       13328 kB
PageTables:        39408 kB
NFS_Unstable:          0 kB
Bounce:                0 kB
WritebackTmp:          0 kB
CommitLimit:     2496364 kB
Committed_AS:   83939556 kB
VmallocTotal:     385024 kB
VmallocUsed:      156840 kB
VmallocChunk:      69700 kB
Time pass: 302 sec

---2015-12-17 17:07:46
MemTotal:        2895588 kB
MemFree:           72532 kB
Buffers:           15560 kB
Cached:          1237176 kB
SwapCached:            0 kB
Active:           804992 kB
Inactive:        1117768 kB
Active(anon):     327512 kB
Inactive(anon):   347488 kB
Active(file):     477480 kB
Inactive(file):   770280 kB
Unevictable:        2968 kB
Mlocked:               0 kB
HighTotal:       2306432 kB
HighFree:          38716 kB
LowTotal:         589156 kB
LowFree:           33816 kB
SwapTotal:       1048572 kB
SwapFree:        1048572 kB
Dirty:                36 kB
Writeback:             0 kB
AnonPages:        673704 kB
Mapped:           427856 kB
Shmem:              2008 kB
Slab:              55552 kB
SReclaimable:      20332 kB
SUnreclaim:        35220 kB
KernelStack:       13328 kB
PageTables:        39428 kB
NFS_Unstable:          0 kB
Bounce:                0 kB
WritebackTmp:          0 kB
CommitLimit:     2496364 kB
Committed_AS:   83939816 kB
VmallocTotal:     385024 kB
VmallocUsed:      156840 kB
VmallocChunk:      69700 kB
Time pass: 306 sec

---2015-12-17 17:07:46
MemTotal:        2895588 kB
MemFree:           73256 kB
Buffers:           15560 kB
Cached:          1237192 kB
SwapCached:            0 kB
Active:           804992 kB
Inactive:        1117784 kB
Active(anon):     327512 kB
Inactive(anon):   347496 kB
Active(file):     477480 kB
Inactive(file):   770288 kB
Unevictable:        2968 kB
Mlocked:               0 kB
HighTotal:       2306432 kB
HighFree:          39192 kB
LowTotal:         589156 kB
LowFree:           34064 kB
SwapTotal:       1048572 kB
SwapFree:        1048572 kB
Dirty:                 4 kB
Writeback:             0 kB
AnonPages:        673620 kB
Mapped:           427760 kB
Shmem:              2016 kB
Slab:              55556 kB
SReclaimable:      20332 kB
SUnreclaim:        35224 kB
KernelStack:       13328 kB
PageTables:        39388 kB
NFS_Unstable:          0 kB
Bounce:                0 kB
WritebackTmp:          0 kB
CommitLimit:     2496364 kB
Committed_AS:   83939964 kB
VmallocTotal:     385024 kB
VmallocUsed:      156840 kB
VmallocChunk:      69700 kB
Time pass: 310 sec

---2015-12-17 17:07:46
MemTotal:        2895588 kB
MemFree:           73272 kB
Buffers:           15576 kB
Cached:          1237192 kB
SwapCached:            0 kB
Active:           805508 kB
Inactive:        1117800 kB
Active(anon):     328028 kB
Inactive(anon):   347496 kB
Active(file):     477480 kB
Inactive(file):   770304 kB
Unevictable:        2968 kB
Mlocked:               0 kB
HighTotal:       2306432 kB
HighFree:          39440 kB
LowTotal:         589156 kB
LowFree:           33832 kB
SwapTotal:       1048572 kB
SwapFree:        1048572 kB
Dirty:                56 kB
Writeback:             0 kB
AnonPages:        673880 kB
Mapped:           427760 kB
Shmem:              2016 kB
Slab:              55540 kB
SReclaimable:      20332 kB
SUnreclaim:        35208 kB
KernelStack:       13328 kB
PageTables:        39388 kB
NFS_Unstable:          0 kB
Bounce:                0 kB
WritebackTmp:          0 kB
CommitLimit:     2496364 kB
Committed_AS:   83940192 kB
VmallocTotal:     385024 kB
VmallocUsed:      156840 kB
VmallocChunk:      69700 kB
Time pass: 313 sec

---2015-12-17 17:07:46
MemTotal:        2895588 kB
MemFree:           71824 kB
Buffers:           15576 kB
Cached:          1237192 kB
SwapCached:            0 kB
Active:           806000 kB
Inactive:        1117800 kB
Active(anon):     328520 kB
Inactive(anon):   347496 kB
Active(file):     477480 kB
Inactive(file):   770304 kB
Unevictable:        2968 kB
Mlocked:               0 kB
HighTotal:       2306432 kB
HighFree:          38644 kB
LowTotal:         589156 kB
LowFree:           33180 kB
SwapTotal:       1048572 kB
SwapFree:        1048572 kB
Dirty:                52 kB
Writeback:             0 kB
AnonPages:        674556 kB
Mapped:           427812 kB
Shmem:              2016 kB
Slab:              55540 kB
SReclaimable:      20332 kB
SUnreclaim:        35208 kB
KernelStack:       13328 kB
PageTables:        39408 kB
NFS_Unstable:          0 kB
Bounce:                0 kB
WritebackTmp:          0 kB
CommitLimit:     2496364 kB
Committed_AS:   83940324 kB
VmallocTotal:     385024 kB
VmallocUsed:      156840 kB
VmallocChunk:      69700 kB
Time pass: 317 sec

---2015-12-17 17:07:46
MemTotal:        2895588 kB
MemFree:           71924 kB
Buffers:           15584 kB
Cached:          1237192 kB
SwapCached:            0 kB
Active:           806320 kB
Inactive:        1117808 kB
Active(anon):     328840 kB
Inactive(anon):   347496 kB
Active(file):     477480 kB
Inactive(file):   770312 kB
Unevictable:        2968 kB
Mlocked:               0 kB
HighTotal:       2306432 kB
HighFree:          38500 kB
LowTotal:         589156 kB
LowFree:           33424 kB
SwapTotal:       1048572 kB
SwapFree:        1048572 kB
Dirty:                 4 kB
Writeback:             0 kB
AnonPages:        674696 kB
Mapped:           427760 kB
