---2015-12-03 22:35:15
MemTotal:        2873608 kB
MemFree:           63060 kB
Buffers:           21420 kB
Cached:          1326836 kB
SwapCached:            0 kB
Active:          1284364 kB
Inactive:         986412 kB
Active(anon):     742896 kB
Inactive(anon):   189608 kB
Active(file):     541468 kB
Inactive(file):   796804 kB
Unevictable:        8104 kB
Mlocked:               0 kB
SwapTotal:        715328 kB
SwapFree:         715328 kB
Dirty:                 4 kB
Writeback:             0 kB
AnonPages:        931208 kB
Mapped:           502996 kB
Shmem:              1720 kB
Slab:              96296 kB
SReclaimable:      31420 kB
SUnreclaim:        64876 kB
KernelStack:       36960 kB
PageTables:        49024 kB
NFS_Unstable:          0 kB
Bounce:                0 kB
WritebackTmp:          0 kB
CommitLimit:     2152132 kB
Committed_AS:   122531636 kB
VmallocTotal:   251658176 kB
VmallocUsed:      135236 kB
VmallocChunk:   251419180 kB
Time pass: 3 sec

---2015-12-03 22:35:15
MemTotal:        2873608 kB
MemFree:           88748 kB
Buffers:           21532 kB
Cached:          1306372 kB
SwapCached:            0 kB
Active:          1290036 kB
Inactive:         954812 kB
Active(anon):     737560 kB
Inactive(anon):   189536 kB
Active(file):     552476 kB
Inactive(file):   765276 kB
Unevictable:        8104 kB
Mlocked:               0 kB
SwapTotal:        715328 kB
SwapFree:         715328 kB
Dirty:              6176 kB
Writeback:             0 kB
AnonPages:        925340 kB
Mapped:           492412 kB
Shmem:              1672 kB
Slab:              96396 kB
SReclaimable:      31032 kB
SUnreclaim:        65364 kB
KernelStack:       38416 kB
PageTables:        49604 kB
NFS_Unstable:          0 kB
Bounce:                0 kB
WritebackTmp:          0 kB
CommitLimit:     2152132 kB
Committed_AS:   124268840 kB
VmallocTotal:   251658176 kB
VmallocUsed:      136256 kB
VmallocChunk:   251419180 kB
Time pass: 7 sec

---2015-12-03 22:35:15
MemTotal:        2873608 kB
MemFree:          131608 kB
Buffers:           21724 kB
Cached:          1308616 kB
SwapCached:            0 kB
Active:          1262152 kB
Inactive:         945520 kB
Active(anon):     697604 kB
Inactive(anon):   189568 kB
Active(file):     564548 kB
Inactive(file):   755952 kB
Unevictable:        8104 kB
Mlocked:               0 kB
SwapTotal:        715328 kB
SwapFree:         715328 kB
Dirty:              6540 kB
Writeback:             0 kB
AnonPages:        885708 kB
Mapped:           436048 kB
Shmem:              1736 kB
Slab:              96524 kB
SReclaimable:      31432 kB
SUnreclaim:        65092 kB
KernelStack:       36208 kB
PageTables:        48112 kB
NFS_Unstable:          0 kB
Bounce:                0 kB
WritebackTmp:          0 kB
CommitLimit:     2152132 kB
Committed_AS:   120067100 kB
VmallocTotal:   251658176 kB
VmallocUsed:      134080 kB
VmallocChunk:   251428396 kB
Time pass: 11 sec

---2015-12-03 22:35:15
MemTotal:        2873608 kB
MemFree:          110780 kB
Buffers:           21776 kB
Cached:          1322752 kB
SwapCached:            0 kB
Active:          1312380 kB
Inactive:         948820 kB
Active(anon):     737008 kB
Inactive(anon):   189564 kB
Active(file):     575372 kB
Inactive(file):   759256 kB
Unevictable:        8104 kB
Mlocked:               0 kB
SwapTotal:        715328 kB
SwapFree:         715328 kB
Dirty:               280 kB
Writeback:             0 kB
AnonPages:        925224 kB
Mapped:           425656 kB
Shmem:              1740 kB
Slab:              96776 kB
SReclaimable:      31548 kB
SUnreclaim:        65228 kB
KernelStack:       36880 kB
PageTables:        48992 kB
NFS_Unstable:          0 kB
Bounce:                0 kB
WritebackTmp:          0 kB
CommitLimit:     2152132 kB
Committed_AS:   120974676 kB
VmallocTotal:   251658176 kB
VmallocUsed:      135228 kB
VmallocChunk:   251428396 kB
Time pass: 15 sec

---2015-12-03 22:35:15
MemTotal:        2873608 kB
MemFree:           88956 kB
Buffers:           23972 kB
Cached:          1173460 kB
SwapCached:            0 kB
Active:          1375232 kB
Inactive:         773248 kB
Active(anon):     768520 kB
Inactive(anon):   198028 kB
Active(file):     606712 kB
Inactive(file):   575220 kB
Unevictable:       13396 kB
Mlocked:               0 kB
SwapTotal:        715328 kB
SwapFree:         715064 kB
Dirty:              6672 kB
Writeback:             0 kB
AnonPages:        964648 kB
Mapped:           497968 kB
Shmem:              1872 kB
Slab:              98388 kB
SReclaimable:      31916 kB
SUnreclaim:        66472 kB
KernelStack:       38912 kB
PageTables:        50452 kB
NFS_Unstable:          0 kB
Bounce:                0 kB
WritebackTmp:          0 kB
CommitLimit:     2152132 kB
Committed_AS:   121787540 kB
VmallocTotal:   251658176 kB
VmallocUsed:      138204 kB
VmallocChunk:   251428396 kB
Time pass: 18 sec

---2015-12-03 22:35:15
MemTotal:        2873608 kB
MemFree:           93076 kB
Buffers:           24012 kB
Cached:          1151092 kB
SwapCached:            0 kB
Active:          1368072 kB
Inactive:         751776 kB
Active(anon):     762816 kB
Inactive(anon):   196840 kB
Active(file):     605256 kB
Inactive(file):   554936 kB
Unevictable:       13568 kB
Mlocked:               0 kB
SwapTotal:        715328 kB
SwapFree:         714220 kB
Dirty:              6888 kB
Writeback:             0 kB
AnonPages:        958596 kB
Mapped:           519620 kB
Shmem:              1344 kB
Slab:              97876 kB
SReclaimable:      31688 kB
SUnreclaim:        66188 kB
KernelStack:       38384 kB
PageTables:        49896 kB
NFS_Unstable:          0 kB
Bounce:                0 kB
WritebackTmp:          0 kB
CommitLimit:     2152132 kB
Committed_AS:   120473944 kB
VmallocTotal:   251658176 kB
VmallocUsed:      136272 kB
VmallocChunk:   251428396 kB
Time pass: 22 sec

---2015-12-03 22:35:15
MemTotal:        2873608 kB
MemFree:          118528 kB
Buffers:           24076 kB
Cached:          1151076 kB
SwapCached:            0 kB
Active:          1356016 kB
Inactive:         740220 kB
Active(anon):     739080 kB
Inactive(anon):   196868 kB
Active(file):     616936 kB
Inactive(file):   543352 kB
Unevictable:       13568 kB
Mlocked:               0 kB
SwapTotal:        715328 kB
SwapFree:         714220 kB
Dirty:              1012 kB
Writeback:             0 kB
AnonPages:        934652 kB
Mapped:           522432 kB
Shmem:              1296 kB
Slab:              98004 kB
SReclaimable:      31836 kB
SUnreclaim:        66168 kB
KernelStack:       38016 kB
PageTables:        50244 kB
NFS_Unstable:          0 kB
Bounce:                0 kB
WritebackTmp:          0 kB
CommitLimit:     2152132 kB
Committed_AS:   121569896 kB
VmallocTotal:   251658176 kB
VmallocUsed:      136248 kB
VmallocChunk:   251428396 kB
Time pass: 26 sec

---2015-12-03 22:35:15
MemTotal:        2873608 kB
MemFree:           69904 kB
Buffers:           24408 kB
Cached:          1140432 kB
SwapCached:            0 kB
Active:          1393644 kB
Inactive:         746468 kB
Active(anon):     792312 kB
Inactive(anon):   197956 kB
Active(file):     601332 kB
Inactive(file):   548512 kB
Unevictable:       13568 kB
Mlocked:               0 kB
SwapTotal:        715328 kB
SwapFree:         713484 kB
Dirty:               176 kB
Writeback:             0 kB
AnonPages:        989348 kB
Mapped:           560120 kB
Shmem:              1380 kB
Slab:              98404 kB
SReclaimable:      31924 kB
SUnreclaim:        66480 kB
KernelStack:       38816 kB
PageTables:        51392 kB
NFS_Unstable:          0 kB
Bounce:                0 kB
WritebackTmp:          0 kB
CommitLimit:     2152132 kB
Committed_AS:   123368076 kB
VmallocTotal:   251658176 kB
VmallocUsed:      137428 kB
VmallocChunk:   251428396 kB
Time pass: 30 sec

---2015-12-03 22:35:15
MemTotal:        2873608 kB
MemFree:           92728 kB
Buffers:           24912 kB
Cached:          1155268 kB
SwapCached:            0 kB
Active:          1358152 kB
Inactive:         760252 kB
Active(anon):     754168 kB
Inactive(anon):   199104 kB
Active(file):     603984 kB
Inactive(file):   561148 kB
Unevictable:       13568 kB
Mlocked:               0 kB
SwapTotal:        715328 kB
SwapFree:         713276 kB
Dirty:                 0 kB
Writeback:             0 kB
AnonPages:        952272 kB
Mapped:           558392 kB
Shmem:              1256 kB
Slab:              98560 kB
SReclaimable:      31892 kB
SUnreclaim:        66668 kB
KernelStack:       39312 kB
PageTables:        50236 kB
NFS_Unstable:          0 kB
Bounce:                0 kB
WritebackTmp:          0 kB
CommitLimit:     2152132 kB
Committed_AS:   119799764 kB
VmallocTotal:   251658176 kB
VmallocUsed:      135388 kB
VmallocChunk:   251417644 kB
Time pass: 34 sec

---2015-12-03 22:35:15
MemTotal:        2873608 kB
MemFree:           65408 kB
Buffers:           23672 kB
Cached:          1151020 kB
SwapCached:            0 kB
Active:          1354860 kB
Inactive:         778192 kB
Active(anon):     775396 kB
Inactive(anon):   197444 kB
Active(file):     579464 kB
Inactive(file):   580748 kB
Unevictable:       13568 kB
Mlocked:               0 kB
SwapTotal:        715328 kB
SwapFree:         711844 kB
Dirty:               564 kB
Writeback:             0 kB
AnonPages:        972536 kB
Mapped:           536664 kB
Shmem:               740 kB
Slab:              98548 kB
SReclaimable:      31636 kB
SUnreclaim:        66912 kB
KernelStack:       38496 kB
PageTables:        51840 kB
NFS_Unstable:          0 kB
Bounce:                0 kB
WritebackTmp:          0 kB
CommitLimit:     2152132 kB
Committed_AS:   124580720 kB
VmallocTotal:   251658176 kB
VmallocUsed:      138360 kB
VmallocChunk:   251408428 kB
Time pass: 37 sec

---2015-12-03 22:35:15
MemTotal:        2873608 kB
MemFree:           83872 kB
Buffers:           16116 kB
Cached:          1059020 kB
SwapCached:            0 kB
Active:          1345948 kB
Inactive:         736380 kB
Active(anon):     813636 kB
Inactive(anon):   207552 kB
Active(file):     532312 kB
Inactive(file):   528828 kB
Unevictable:       13568 kB
Mlocked:               0 kB
SwapTotal:        715328 kB
SwapFree:         709208 kB
Dirty:               672 kB
Writeback:             0 kB
AnonPages:       1020832 kB
Mapped:           552852 kB
Shmem:               424 kB
Slab:              99332 kB
SReclaimable:      31720 kB
SUnreclaim:        67612 kB
KernelStack:       40208 kB
PageTables:        52420 kB
NFS_Unstable:          0 kB
Bounce:                0 kB
WritebackTmp:          0 kB
CommitLimit:     2152132 kB
Committed_AS:   126264588 kB
VmallocTotal:   251658176 kB
VmallocUsed:      138524 kB
VmallocChunk:   251408428 kB
Time pass: 41 sec

---2015-12-03 22:35:15
MemTotal:        2873608 kB
MemFree:           91956 kB
Buffers:           17520 kB
Cached:          1068380 kB
SwapCached:            0 kB
Active:          1369792 kB
Inactive:         715940 kB
Active(anon):     806420 kB
Inactive(anon):   207528 kB
Active(file):     563372 kB
Inactive(file):   508412 kB
Unevictable:       13568 kB
Mlocked:               0 kB
SwapTotal:        715328 kB
SwapFree:         709208 kB
Dirty:               656 kB
Writeback:             0 kB
AnonPages:       1013960 kB
Mapped:           564532 kB
Shmem:               444 kB
Slab:              99168 kB
SReclaimable:      31808 kB
SUnreclaim:        67360 kB
KernelStack:       39424 kB
PageTables:        51892 kB
NFS_Unstable:          0 kB
Bounce:                0 kB
WritebackTmp:          0 kB
CommitLimit:     2152132 kB
Committed_AS:   124496928 kB
VmallocTotal:   251658176 kB
VmallocUsed:      137424 kB
VmallocChunk:   251408428 kB
Time pass: 45 sec

---2015-12-03 22:35:15
MemTotal:        2873608 kB
MemFree:           95056 kB
Buffers:           16896 kB
Cached:          1027648 kB
SwapCached:            0 kB
Active:          1309348 kB
Inactive:         721260 kB
Active(anon):     794808 kB
Inactive(anon):   205320 kB
Active(file):     514540 kB
Inactive(file):   515940 kB
Unevictable:       13568 kB
Mlocked:               0 kB
SwapTotal:        715328 kB
SwapFree:         707280 kB
Dirty:              1988 kB
Writeback:             0 kB
AnonPages:        999896 kB
Mapped:           619644 kB
Shmem:               432 kB
Slab:              99532 kB
SReclaimable:      32128 kB
SUnreclaim:        67404 kB
KernelStack:       39776 kB
PageTables:        52244 kB
NFS_Unstable:          0 kB
Bounce:                0 kB
WritebackTmp:          0 kB
CommitLimit:     2152132 kB
Committed_AS:   124522432 kB
VmallocTotal:   251658176 kB
VmallocUsed:      137888 kB
VmallocChunk:   251408428 kB
Time pass: 48 sec

---2015-12-03 22:35:15
MemTotal:        2873608 kB
MemFree:          103628 kB
Buffers:           16912 kB
Cached:          1028780 kB
SwapCached:            0 kB
Active:          1301532 kB
Inactive:         722380 kB
Active(anon):     786988 kB
Inactive(anon):   205300 kB
Active(file):     514544 kB
Inactive(file):   517080 kB
Unevictable:       13568 kB
Mlocked:               0 kB
SwapTotal:        715328 kB
SwapFree:         707280 kB
Dirty:              2032 kB
Writeback:             0 kB
AnonPages:        991872 kB
Mapped:           618900 kB
Shmem:               432 kB
Slab:              99356 kB
SReclaimable:      32144 kB
SUnreclaim:        67212 kB
KernelStack:       39216 kB
PageTables:        51124 kB
NFS_Unstable:          0 kB
Bounce:                0 kB
WritebackTmp:          0 kB
CommitLimit:     2152132 kB
Committed_AS:   121503500 kB
VmallocTotal:   251658176 kB
VmallocUsed:      135848 kB
VmallocChunk:   251408428 kB
Time pass: 52 sec

---2015-12-03 22:35:15
MemTotal:        2873608 kB
MemFree:          101128 kB
Buffers:           16956 kB
Cached:          1029056 kB
SwapCached:            0 kB
Active:          1301548 kB
Inactive:         722360 kB
Active(anon):     786600 kB
Inactive(anon):   205300 kB
Active(file):     514948 kB
Inactive(file):   517060 kB
Unevictable:       13568 kB
Mlocked:               0 kB
SwapTotal:        715328 kB
SwapFree:         707280 kB
Dirty:               156 kB
Writeback:             0 kB
AnonPages:        991700 kB
Mapped:           619492 kB
Shmem:               432 kB
Slab:              99524 kB
SReclaimable:      32144 kB
SUnreclaim:        67380 kB
KernelStack:       39552 kB
PageTables:        51220 kB
NFS_Unstable:          0 kB
Bounce:                0 kB
WritebackTmp:          0 kB
CommitLimit:     2152132 kB
Committed_AS:   121504740 kB
VmallocTotal:   251658176 kB
VmallocUsed:      135848 kB
VmallocChunk:   251408428 kB
Time pass: 56 sec

---2015-12-03 22:35:15
MemTotal:        2873608 kB
MemFree:           87664 kB
Buffers:           16972 kB
Cached:          1029236 kB
SwapCached:            0 kB
Active:          1302976 kB
Inactive:         722524 kB
Active(anon):     787992 kB
Inactive(anon):   205300 kB
Active(file):     514984 kB
Inactive(file):   517224 kB
Unevictable:       13568 kB
Mlocked:               0 kB
SwapTotal:        715328 kB
SwapFree:         707280 kB
Dirty:               208 kB
Writeback:             0 kB
AnonPages:        992916 kB
Mapped:           629236 kB
Shmem:               432 kB
Slab:              99464 kB
SReclaimable:      32144 kB
SUnreclaim:        67320 kB
KernelStack:       39584 kB
PageTables:        51248 kB
NFS_Unstable:          0 kB
Bounce:                0 kB
WritebackTmp:          0 kB
CommitLimit:     2152132 kB
Committed_AS:   121504876 kB
VmallocTotal:   251658176 kB
VmallocUsed:      135944 kB
VmallocChunk:   251408428 kB
Time pass: 60 sec

---2015-12-03 22:35:15
MemTotal:        2873608 kB
MemFree:           80116 kB
Buffers:           16980 kB
Cached:          1030116 kB
SwapCached:            0 kB
Active:          1308980 kB
Inactive:         723268 kB
Active(anon):     793996 kB
Inactive(anon):   205296 kB
Active(file):     514984 kB
Inactive(file):   517972 kB
Unevictable:       13568 kB
Mlocked:               0 kB
SwapTotal:        715328 kB
SwapFree:         707280 kB
Dirty:                 4 kB
Writeback:            32 kB
AnonPages:        999348 kB
Mapped:           629820 kB
Shmem:               432 kB
Slab:              99284 kB
SReclaimable:      32144 kB
SUnreclaim:        67140 kB
KernelStack:       39552 kB
PageTables:        51688 kB
NFS_Unstable:          0 kB
Bounce:                0 kB
WritebackTmp:          0 kB
CommitLimit:     2152132 kB
Committed_AS:   122742256 kB
VmallocTotal:   251658176 kB
VmallocUsed:      136964 kB
VmallocChunk:   251408428 kB
Time pass: 63 sec

---2015-12-03 22:35:15
MemTotal:        2873608 kB
MemFree:           66288 kB
Buffers:           16296 kB
Cached:           990220 kB
SwapCached:            0 kB
Active:          1300376 kB
Inactive:         699824 kB
Active(anon):     803172 kB
Inactive(anon):   204584 kB
Active(file):     497204 kB
Inactive(file):   495240 kB
Unevictable:       13568 kB
Mlocked:               0 kB
SwapTotal:        715328 kB
SwapFree:         706704 kB
Dirty:               748 kB
Writeback:             0 kB
AnonPages:       1007172 kB
Mapped:           645900 kB
Shmem:               432 kB
Slab:              99200 kB
SReclaimable:      31992 kB
SUnreclaim:        67208 kB
KernelStack:       39808 kB
PageTables:        51856 kB
NFS_Unstable:          0 kB
Bounce:                0 kB
WritebackTmp:          0 kB
CommitLimit:     2152132 kB
Committed_AS:   122751196 kB
VmallocTotal:   251658176 kB
VmallocUsed:      137116 kB
VmallocChunk:   251408428 kB
Time pass: 67 sec

---2015-12-03 22:35:15
MemTotal:        2873608 kB
MemFree:           64064 kB
Buffers:           15252 kB
Cached:           980468 kB
SwapCached:            0 kB
Active:          1309444 kB
Inactive:         695432 kB
Active(anon):     818836 kB
Inactive(anon):   204340 kB
Active(file):     490608 kB
Inactive(file):   491092 kB
Unevictable:       13568 kB
Mlocked:               0 kB
SwapTotal:        715328 kB
SwapFree:         706516 kB
Dirty:               548 kB
Writeback:             0 kB
AnonPages:       1022696 kB
Mapped:           649796 kB
Shmem:               432 kB
Slab:              99588 kB
SReclaimable:      32168 kB
SUnreclaim:        67420 kB
KernelStack:       39904 kB
PageTables:        51876 kB
NFS_Unstable:          0 kB
Bounce:                0 kB
WritebackTmp:          0 kB
CommitLimit:     2152132 kB
Committed_AS:   122763896 kB
VmallocTotal:   251658176 kB
VmallocUsed:      137116 kB
VmallocChunk:   251408428 kB
Time pass: 71 sec

---2015-12-03 22:35:15
MemTotal:        2873608 kB
MemFree:           68340 kB
Buffers:           15248 kB
Cached:           967264 kB
SwapCached:           12 kB
Active:          1308700 kB
Inactive:         689340 kB
Active(anon):     823716 kB
Inactive(anon):   205948 kB
Active(file):     484984 kB
Inactive(file):   483392 kB
Unevictable:       13568 kB
Mlocked:               0 kB
SwapTotal:        715328 kB
SwapFree:         706256 kB
Dirty:               112 kB
Writeback:             0 kB
AnonPages:       1029132 kB
Mapped:           650504 kB
Shmem:               568 kB
Slab:              99300 kB
SReclaimable:      31928 kB
SUnreclaim:        67372 kB
KernelStack:       40144 kB
PageTables:        52140 kB
NFS_Unstable:          0 kB
Bounce:                0 kB
WritebackTmp:          0 kB
CommitLimit:     2152132 kB
Committed_AS:   122799424 kB
VmallocTotal:   251658176 kB
VmallocUsed:      139548 kB
VmallocChunk:   251408428 kB
Time pass: 75 sec

---2015-12-03 22:35:15
MemTotal:        2873608 kB
MemFree:           72188 kB
Buffers:           15368 kB
Cached:           962524 kB
SwapCached:           12 kB
Active:          1308692 kB
Inactive:         685764 kB
Active(anon):     825016 kB
Inactive(anon):   206736 kB
Active(file):     483676 kB
Inactive(file):   479028 kB
Unevictable:       13568 kB
Mlocked:               0 kB
SwapTotal:        715328 kB
SwapFree:         706068 kB
Dirty:                36 kB
Writeback:             0 kB
AnonPages:       1030084 kB
Mapped:           651244 kB
Shmem:              1620 kB
Slab:              99704 kB
SReclaimable:      32088 kB
SUnreclaim:        67616 kB
KernelStack:       39872 kB
PageTables:        51524 kB
NFS_Unstable:          0 kB
Bounce:                0 kB
WritebackTmp:          0 kB
CommitLimit:     2152132 kB
Committed_AS:   121012560 kB
VmallocTotal:   251658176 kB
VmallocUsed:      138528 kB
VmallocChunk:   251408428 kB
Time pass: 79 sec

---2015-12-03 22:35:15
MemTotal:        2873608 kB
MemFree:           68604 kB
Buffers:           15376 kB
Cached:           961692 kB
SwapCached:           12 kB
Active:          1312364 kB
Inactive:         684912 kB
Active(anon):     828676 kB
Inactive(anon):   205872 kB
Active(file):     483688 kB
Inactive(file):   479040 kB
Unevictable:       13568 kB
Mlocked:               0 kB
SwapTotal:        715328 kB
SwapFree:         706068 kB
Dirty:               272 kB
Writeback:             0 kB
AnonPages:       1033704 kB
Mapped:           650452 kB
Shmem:               772 kB
Slab:              99492 kB
SReclaimable:      31960 kB
SUnreclaim:        67532 kB
KernelStack:       39872 kB
PageTables:        51596 kB
NFS_Unstable:          0 kB
Bounce:                0 kB
WritebackTmp:          0 kB
CommitLimit:     2152132 kB
Committed_AS:   121008440 kB
VmallocTotal:   251658176 kB
VmallocUsed:      138528 kB
VmallocChunk:   251408428 kB
Time pass: 82 sec

---2015-12-03 22:35:15
MemTotal:        2873608 kB
MemFree:           71356 kB
Buffers:           15376 kB
Cached:           961756 kB
SwapCached:           12 kB
Active:          1310188 kB
Inactive:         684820 kB
Active(anon):     826344 kB
Inactive(anon):   205924 kB
Active(file):     483844 kB
Inactive(file):   478896 kB
Unevictable:       13568 kB
Mlocked:               0 kB
SwapTotal:        715328 kB
SwapFree:         706068 kB
Dirty:                 0 kB
Writeback:             0 kB
AnonPages:       1031568 kB
Mapped:           649456 kB
Shmem:               824 kB
Slab:              99472 kB
SReclaimable:      31960 kB
SUnreclaim:        67512 kB
KernelStack:       39584 kB
PageTables:        51156 kB
NFS_Unstable:          0 kB
Bounce:                0 kB
WritebackTmp:          0 kB
CommitLimit:     2152132 kB
Committed_AS:   119772184 kB
VmallocTotal:   251658176 kB
VmallocUsed:      137508 kB
VmallocChunk:   251408428 kB
Time pass: 86 sec

---2015-12-03 22:35:15
MemTotal:        2873608 kB
MemFree:           65956 kB
Buffers:           15392 kB
Cached:           963208 kB
SwapCached:           12 kB
Active:          1314804 kB
Inactive:         686004 kB
Active(anon):     830812 kB
Inactive(anon):   205924 kB
Active(file):     483992 kB
Inactive(file):   480080 kB
Unevictable:       13568 kB
Mlocked:               0 kB
SwapTotal:        715328 kB
SwapFree:         706068 kB
Dirty:                72 kB
Writeback:             0 kB
AnonPages:       1036084 kB
Mapped:           649404 kB
Shmem:               824 kB
Slab:              99588 kB
SReclaimable:      31960 kB
SUnreclaim:        67628 kB
KernelStack:       39584 kB
PageTables:        51068 kB
NFS_Unstable:          0 kB
Bounce:                0 kB
WritebackTmp:          0 kB
CommitLimit:     2152132 kB
Committed_AS:   119775860 kB
VmallocTotal:   251658176 kB
VmallocUsed:      137508 kB
VmallocChunk:   251408428 kB
Time pass: 90 sec

---2015-12-03 22:35:15
MemTotal:        2873608 kB
MemFree:          106828 kB
Buffers:           15424 kB
Cached:           960604 kB
SwapCached:           12 kB
Active:          1205176 kB
Inactive:         685796 kB
Active(anon):     721336 kB
Inactive(anon):   207340 kB
Active(file):     483840 kB
Inactive(file):   478456 kB
Unevictable:       13568 kB
Mlocked:               0 kB
SwapTotal:        715328 kB
SwapFree:         705888 kB
Dirty:               192 kB
Writeback:             4 kB
AnonPages:        928384 kB
Mapped:           472100 kB
Shmem:               436 kB
Slab:              99244 kB
SReclaimable:      31816 kB
SUnreclaim:        67428 kB
KernelStack:       39360 kB
PageTables:        48188 kB
NFS_Unstable:          0 kB
Bounce:                0 kB
WritebackTmp:          0 kB
CommitLimit:     2152132 kB
Committed_AS:   116589268 kB
VmallocTotal:   251658176 kB
VmallocUsed:      137008 kB
VmallocChunk:   251408428 kB
Time pass: 93 sec

---2015-12-03 22:35:15
MemTotal:        2873608 kB
MemFree:          310112 kB
Buffers:           15432 kB
Cached:           961452 kB
SwapCached:           12 kB
Active:          1190868 kB
Inactive:         684584 kB
Active(anon):     705496 kB
Inactive(anon):   207040 kB
Active(file):     485372 kB
Inactive(file):   477544 kB
Unevictable:       13568 kB
Mlocked:               0 kB
SwapTotal:        715328 kB
SwapFree:         705888 kB
Dirty:               852 kB
Writeback:             0 kB
AnonPages:        912148 kB
Mapped:           470172 kB
Shmem:               296 kB
Slab:              99012 kB
SReclaimable:      31832 kB
SUnreclaim:        67180 kB
KernelStack:       37072 kB
PageTables:        48288 kB
NFS_Unstable:          0 kB
Bounce:                0 kB
WritebackTmp:          0 kB
CommitLimit:     2152132 kB
Committed_AS:   116538708 kB
VmallocTotal:   251658176 kB
VmallocUsed:      134372 kB
VmallocChunk:   251408428 kB
Time pass: 97 sec

---2015-12-03 22:35:15
MemTotal:        2873608 kB
MemFree:          321200 kB
Buffers:           15464 kB
Cached:           963236 kB
SwapCached:           12 kB
Active:          1237780 kB
Inactive:         681452 kB
Active(anon):     747372 kB
Inactive(anon):   207156 kB
Active(file):     490408 kB
Inactive(file):   474296 kB
Unevictable:       13568 kB
Mlocked:               0 kB
SwapTotal:        715328 kB
SwapFree:         705888 kB
Dirty:              1276 kB
Writeback:             0 kB
AnonPages:        954212 kB
Mapped:           465308 kB
Shmem:               428 kB
Slab:              98948 kB
SReclaimable:      31832 kB
SUnreclaim:        67116 kB
KernelStack:       38064 kB
PageTables:        49156 kB
NFS_Unstable:          0 kB
Bounce:                0 kB
WritebackTmp:          0 kB
CommitLimit:     2152132 kB
Committed_AS:   117856340 kB
VmallocTotal:   251658176 kB
VmallocUsed:      134880 kB
VmallocChunk:   251408428 kB
Time pass: 101 sec

---2015-12-03 22:35:15
MemTotal:        2873608 kB
MemFree:          224664 kB
Buffers:           15604 kB
Cached:           966348 kB
SwapCached:           36 kB
Active:          1245048 kB
Inactive:         684120 kB
Active(anon):     754188 kB
Inactive(anon):   207180 kB
Active(file):     490860 kB
Inactive(file):   476940 kB
Unevictable:       13568 kB
Mlocked:               0 kB
SwapTotal:        715328 kB
SwapFree:         705888 kB
Dirty:              1252 kB
Writeback:             8 kB
AnonPages:        960552 kB
Mapped:           548200 kB
Shmem:               432 kB
Slab:              99036 kB
SReclaimable:      31892 kB
SUnreclaim:        67144 kB
KernelStack:       38208 kB
PageTables:        49544 kB
NFS_Unstable:          0 kB
Bounce:                0 kB
WritebackTmp:          0 kB
CommitLimit:     2152132 kB
Committed_AS:   117875708 kB
VmallocTotal:   251658176 kB
VmallocUsed:      135576 kB
VmallocChunk:   251408428 kB
Time pass: 105 sec

---2015-12-03 22:35:15
MemTotal:        2873608 kB
MemFree:          179160 kB
Buffers:           15604 kB
Cached:           968384 kB
SwapCached:           36 kB
Active:          1251892 kB
Inactive:         682600 kB
Active(anon):     757324 kB
Inactive(anon):   207180 kB
Active(file):     494568 kB
Inactive(file):   475420 kB
Unevictable:       13568 kB
Mlocked:               0 kB
SwapTotal:        715328 kB
SwapFree:         705888 kB
Dirty:               128 kB
Writeback:             0 kB
AnonPages:        963876 kB
Mapped:           587440 kB
Shmem:               432 kB
Slab:              98940 kB
SReclaimable:      31780 kB
SUnreclaim:        67160 kB
KernelStack:       38256 kB
PageTables:        49652 kB
NFS_Unstable:          0 kB
Bounce:                0 kB
WritebackTmp:          0 kB
CommitLimit:     2152132 kB
Committed_AS:   117884092 kB
VmallocTotal:   251658176 kB
VmallocUsed:      133480 kB
VmallocChunk:   251408428 kB
Time pass: 108 sec

---2015-12-03 22:35:15
MemTotal:        2873608 kB
MemFree:          163024 kB
Buffers:           15612 kB
Cached:           968432 kB
SwapCached:           36 kB
Active:          1254244 kB
Inactive:         682568 kB
Active(anon):     759460 kB
Inactive(anon):   207180 kB
Active(file):     494784 kB
Inactive(file):   475388 kB
Unevictable:       13568 kB
Mlocked:               0 kB
SwapTotal:        715328 kB
SwapFree:         705888 kB
Dirty:               148 kB
Writeback:             0 kB
AnonPages:        966004 kB
Mapped:           597116 kB
Shmem:               432 kB
Slab:              98932 kB
SReclaimable:      31780 kB
SUnreclaim:        67152 kB
KernelStack:       38256 kB
PageTables:        49680 kB
NFS_Unstable:          0 kB
Bounce:                0 kB
WritebackTmp:          0 kB
CommitLimit:     2152132 kB
Committed_AS:   117884180 kB
VmallocTotal:   251658176 kB
VmallocUsed:      133576 kB
VmallocChunk:   251408428 kB
Time pass: 112 sec

---2015-12-03 22:35:15
MemTotal:        2873608 kB
MemFree:          162736 kB
Buffers:           15620 kB
Cached:           968424 kB
SwapCached:           36 kB
Active:          1254444 kB
Inactive:         682536 kB
Active(anon):     759608 kB
Inactive(anon):   207180 kB
Active(file):     494836 kB
Inactive(file):   475356 kB
Unevictable:       13568 kB
Mlocked:               0 kB
SwapTotal:        715328 kB
SwapFree:         705888 kB
Dirty:                 0 kB
Writeback:             0 kB
AnonPages:        966368 kB
Mapped:           597144 kB
Shmem:               432 kB
Slab:              98936 kB
SReclaimable:      31780 kB
SUnreclaim:        67156 kB
KernelStack:       38256 kB
PageTables:        49680 kB
NFS_Unstable:          0 kB
Bounce:                0 kB
WritebackTmp:          0 kB
CommitLimit:     2152132 kB
Committed_AS:   117884108 kB
VmallocTotal:   251658176 kB
VmallocUsed:      133576 kB
VmallocChunk:   251408428 kB
Time pass: 116 sec

---2015-12-03 22:35:15
MemTotal:        2873608 kB
MemFree:          128220 kB
Buffers:           15620 kB
Cached:           969340 kB
SwapCached:           36 kB
Active:          1264872 kB
Inactive:         683144 kB
Active(anon):     769876 kB
Inactive(anon):   207180 kB
Active(file):     494996 kB
Inactive(file):   475964 kB
Unevictable:       13568 kB
Mlocked:               0 kB
SwapTotal:        715328 kB
SwapFree:         705888 kB
Dirty:               572 kB
Writeback:             0 kB
AnonPages:        976936 kB
Mapped:           612256 kB
Shmem:               432 kB
Slab:              98960 kB
SReclaimable:      31780 kB
SUnreclaim:        67180 kB
KernelStack:       38512 kB
PageTables:        50204 kB
NFS_Unstable:          0 kB
Bounce:                0 kB
WritebackTmp:          0 kB
CommitLimit:     2152132 kB
Committed_AS:   119667292 kB
VmallocTotal:   251658176 kB
VmallocUsed:      134748 kB
VmallocChunk:   251408428 kB
Time pass: 120 sec

---2015-12-03 22:35:15
MemTotal:        2873608 kB
MemFree:          132236 kB
Buffers:           15628 kB
Cached:           969340 kB
SwapCached:           36 kB
Active:          1261444 kB
Inactive:         683144 kB
Active(anon):     766448 kB
Inactive(anon):   207180 kB
Active(file):     494996 kB
Inactive(file):   475964 kB
Unevictable:       13568 kB
Mlocked:               0 kB
SwapTotal:        715328 kB
SwapFree:         705888 kB
Dirty:                52 kB
Writeback:             0 kB
AnonPages:        973380 kB
Mapped:           612440 kB
Shmem:               432 kB
Slab:              98992 kB
SReclaimable:      31780 kB
SUnreclaim:        67212 kB
KernelStack:       38496 kB
PageTables:        50232 kB
NFS_Unstable:          0 kB
Bounce:                0 kB
WritebackTmp:          0 kB
CommitLimit:     2152132 kB
Committed_AS:   119667460 kB
VmallocTotal:   251658176 kB
VmallocUsed:      134748 kB
VmallocChunk:   251408428 kB
Time pass: 123 sec

---2015-12-03 22:35:15
MemTotal:        2873608 kB
MemFree:          131900 kB
Buffers:           15628 kB
Cached:           969340 kB
SwapCached:           36 kB
Active:          1261136 kB
Inactive:         683152 kB
Active(anon):     766140 kB
Inactive(anon):   207180 kB
Active(file):     494996 kB
Inactive(file):   475972 kB
Unevictable:       13568 kB
Mlocked:               0 kB
SwapTotal:        715328 kB
SwapFree:         705888 kB
Dirty:                52 kB
Writeback:             0 kB
AnonPages:        973080 kB
Mapped:           612340 kB
Shmem:               432 kB
Slab:              99020 kB
SReclaimable:      31780 kB
SUnreclaim:        67240 kB
KernelStack:       38512 kB
PageTables:        50224 kB
NFS_Unstable:          0 kB
Bounce:                0 kB
WritebackTmp:          0 kB
CommitLimit:     2152132 kB
Committed_AS:   119667484 kB
VmallocTotal:   251658176 kB
VmallocUsed:      134748 kB
VmallocChunk:   251408428 kB
Time pass: 127 sec

---2015-12-03 22:35:15
MemTotal:        2873608 kB
MemFree:          112664 kB
Buffers:           17196 kB
Cached:           969364 kB
SwapCached:           36 kB
Active:          1277512 kB
Inactive:         683752 kB
Active(anon):     781532 kB
Inactive(anon):   207316 kB
Active(file):     495980 kB
Inactive(file):   476436 kB
Unevictable:       13568 kB
Mlocked:               0 kB
SwapTotal:        715328 kB
SwapFree:         705888 kB
Dirty:               136 kB
Writeback:             4 kB
AnonPages:        988148 kB
Mapped:           615156 kB
Shmem:               580 kB
Slab:              99076 kB
SReclaimable:      31780 kB
SUnreclaim:        67296 kB
KernelStack:       38896 kB
PageTables:        50476 kB
NFS_Unstable:          0 kB
Bounce:                0 kB
WritebackTmp:          0 kB
CommitLimit:     2152132 kB
Committed_AS:   119707344 kB
VmallocTotal:   251658176 kB
VmallocUsed:      137180 kB
VmallocChunk:   251408428 kB
Time pass: 131 sec

---2015-12-03 22:35:15
MemTotal:        2873608 kB
MemFree:           73964 kB
Buffers:           17632 kB
Cached:           983996 kB
SwapCached:           36 kB
Active:          1301288 kB
Inactive:         698584 kB
Active(anon):     805076 kB
Inactive(anon):   207472 kB
Active(file):     496212 kB
Inactive(file):   491112 kB
Unevictable:       13568 kB
Mlocked:               0 kB
SwapTotal:        715328 kB
SwapFree:         705888 kB
Dirty:               188 kB
Writeback:             0 kB
AnonPages:       1012104 kB
Mapped:           629100 kB
Shmem:               736 kB
Slab:              99144 kB
SReclaimable:      31780 kB
SUnreclaim:        67364 kB
KernelStack:       39712 kB
PageTables:        51196 kB
NFS_Unstable:          0 kB
Bounce:                0 kB
WritebackTmp:          0 kB
CommitLimit:     2152132 kB
Committed_AS:   121518740 kB
VmallocTotal:   251658176 kB
VmallocUsed:      138232 kB
VmallocChunk:   251409452 kB
Time pass: 135 sec

---2015-12-03 22:35:15
MemTotal:        2873608 kB
MemFree:           77168 kB
Buffers:           19360 kB
Cached:           967368 kB
SwapCached:           60 kB
Active:          1318396 kB
Inactive:         679024 kB
Active(anon):     818164 kB
Inactive(anon):   206952 kB
Active(file):     500232 kB
Inactive(file):   472072 kB
Unevictable:       13568 kB
Mlocked:               0 kB
SwapTotal:        715328 kB
SwapFree:         704888 kB
Dirty:                 0 kB
Writeback:           220 kB
AnonPages:       1024240 kB
Mapped:           625132 kB
Shmem:               804 kB
Slab:              99628 kB
SReclaimable:      31736 kB
SUnreclaim:        67892 kB
KernelStack:       40128 kB
PageTables:        51456 kB
NFS_Unstable:          0 kB
Bounce:                0 kB
WritebackTmp:          0 kB
CommitLimit:     2152132 kB
Committed_AS:   123293772 kB
VmallocTotal:   251658176 kB
VmallocUsed:      139220 kB
VmallocChunk:   251428396 kB
Time pass: 139 sec

---2015-12-03 22:35:15
MemTotal:        2873608 kB
MemFree:           72516 kB
Buffers:           20976 kB
Cached:           937712 kB
SwapCached:           60 kB
Active:          1327096 kB
Inactive:         671048 kB
Active(anon):     842352 kB
Inactive(anon):   211676 kB
Active(file):     484744 kB
Inactive(file):   459372 kB
Unevictable:       13568 kB
Mlocked:               0 kB
SwapTotal:        715328 kB
SwapFree:         702632 kB
Dirty:              1068 kB
Writeback:             0 kB
AnonPages:       1053504 kB
Mapped:           640756 kB
Shmem:              1052 kB
Slab:              99652 kB
SReclaimable:      31812 kB
SUnreclaim:        67840 kB
KernelStack:       40736 kB
PageTables:        51360 kB
NFS_Unstable:          0 kB
Bounce:                0 kB
WritebackTmp:          0 kB
CommitLimit:     2152132 kB
Committed_AS:   121179624 kB
VmallocTotal:   251658176 kB
VmallocUsed:      139516 kB
VmallocChunk:   251415596 kB
Time pass: 142 sec

---2015-12-03 22:35:15
MemTotal:        2873608 kB
MemFree:           84240 kB
Buffers:           21140 kB
Cached:           927148 kB
SwapCached:           60 kB
Active:          1316228 kB
Inactive:         667192 kB
Active(anon):     835148 kB
Inactive(anon):   214536 kB
Active(file):     481080 kB
Inactive(file):   452656 kB
Unevictable:       13568 kB
Mlocked:               0 kB
SwapTotal:        715328 kB
SwapFree:         701860 kB
Dirty:               164 kB
Writeback:             0 kB
AnonPages:       1048836 kB
Mapped:           641816 kB
Shmem:               984 kB
Slab:             100284 kB
SReclaimable:      32216 kB
SUnreclaim:        68068 kB
KernelStack:       41120 kB
PageTables:        52704 kB
NFS_Unstable:          0 kB
Bounce:                0 kB
WritebackTmp:          0 kB
CommitLimit:     2152132 kB
Committed_AS:   123474808 kB
VmallocTotal:   251658176 kB
VmallocUsed:      140536 kB
VmallocChunk:   251410476 kB
Time pass: 146 sec

---2015-12-03 22:35:15
MemTotal:        2873608 kB
MemFree:          127612 kB
Buffers:           21352 kB
Cached:           927236 kB
SwapCached:           60 kB
Active:          1285460 kB
Inactive:         657892 kB
Active(anon):     794792 kB
Inactive(anon):   214572 kB
Active(file):     490668 kB
Inactive(file):   443320 kB
Unevictable:       13568 kB
Mlocked:               0 kB
SwapTotal:        715328 kB
SwapFree:         701860 kB
Dirty:               128 kB
Writeback:             0 kB
AnonPages:       1008536 kB
Mapped:           610904 kB
Shmem:              1032 kB
Slab:             100496 kB
SReclaimable:      32168 kB
SUnreclaim:        68328 kB
KernelStack:       39248 kB
PageTables:        51752 kB
NFS_Unstable:          0 kB
Bounce:                0 kB
WritebackTmp:          0 kB
CommitLimit:     2152132 kB
Committed_AS:   123293712 kB
VmallocTotal:   251658176 kB
VmallocUsed:      139516 kB
VmallocChunk:   251403308 kB
Time pass: 150 sec

---2015-12-03 22:35:15
MemTotal:        2873608 kB
MemFree:          119684 kB
Buffers:           21368 kB
Cached:           927320 kB
SwapCached:           60 kB
Active:          1294312 kB
Inactive:         657704 kB
Active(anon):     803356 kB
Inactive(anon):   214628 kB
Active(file):     490956 kB
Inactive(file):   443076 kB
Unevictable:       13568 kB
Mlocked:               0 kB
SwapTotal:        715328 kB
SwapFree:         701860 kB
Dirty:               164 kB
Writeback:             0 kB
AnonPages:       1016808 kB
Mapped:           610184 kB
Shmem:              1088 kB
Slab:             100340 kB
SReclaimable:      32152 kB
SUnreclaim:        68188 kB
KernelStack:       39056 kB
PageTables:        51320 kB
NFS_Unstable:          0 kB
Bounce:                0 kB
WritebackTmp:          0 kB
CommitLimit:     2152132 kB
Committed_AS:   122078008 kB
VmallocTotal:   251658176 kB
VmallocUsed:      138496 kB
VmallocChunk:   251403308 kB
Time pass: 154 sec

---2015-12-03 22:35:15
MemTotal:        2873608 kB
MemFree:          124632 kB
Buffers:           21384 kB
Cached:           927320 kB
SwapCached:           60 kB
Active:          1290080 kB
Inactive:         657716 kB
Active(anon):     799120 kB
Inactive(anon):   214628 kB
Active(file):     490960 kB
Inactive(file):   443088 kB
Unevictable:       13568 kB
Mlocked:               0 kB
SwapTotal:        715328 kB
SwapFree:         701860 kB
Dirty:               192 kB
Writeback:             0 kB
AnonPages:       1012600 kB
Mapped:           610776 kB
Shmem:              1088 kB
Slab:             100352 kB
SReclaimable:      32168 kB
SUnreclaim:        68184 kB
KernelStack:       39136 kB
PageTables:        51364 kB
NFS_Unstable:          0 kB
Bounce:                0 kB
WritebackTmp:          0 kB
CommitLimit:     2152132 kB
Committed_AS:   122079280 kB
VmallocTotal:   251658176 kB
VmallocUsed:      138496 kB
VmallocChunk:   251403308 kB
Time pass: 158 sec

---2015-12-03 22:35:15
MemTotal:        2873608 kB
MemFree:          121316 kB
Buffers:           21400 kB
Cached:           927312 kB
SwapCached:           60 kB
Active:          1292368 kB
Inactive:         657724 kB
Active(anon):     801408 kB
Inactive(anon):   214628 kB
Active(file):     490960 kB
Inactive(file):   443096 kB
Unevictable:       13568 kB
Mlocked:               0 kB
SwapTotal:        715328 kB
SwapFree:         701860 kB
Dirty:                12 kB
Writeback:             0 kB
AnonPages:       1015000 kB
Mapped:           610796 kB
Shmem:              1088 kB
Slab:             100352 kB
SReclaimable:      32168 kB
SUnreclaim:        68184 kB
KernelStack:       39136 kB
PageTables:        51364 kB
NFS_Unstable:          0 kB
Bounce:                0 kB
WritebackTmp:          0 kB
CommitLimit:     2152132 kB
Committed_AS:   122079296 kB
VmallocTotal:   251658176 kB
VmallocUsed:      138496 kB
VmallocChunk:   251403308 kB
Time pass: 161 sec

---2015-12-03 22:35:15
MemTotal:        2873608 kB
MemFree:          120972 kB
Buffers:           21416 kB
Cached:           927320 kB
SwapCached:           60 kB
Active:          1292196 kB
Inactive:         657748 kB
Active(anon):     801236 kB
Inactive(anon):   214628 kB
Active(file):     490960 kB
Inactive(file):   443120 kB
Unevictable:       13568 kB
Mlocked:               0 kB
SwapTotal:        715328 kB
SwapFree:         701860 kB
Dirty:                 0 kB
Writeback:             0 kB
AnonPages:       1014904 kB
Mapped:           611000 kB
Shmem:              1088 kB
Slab:             100352 kB
SReclaimable:      32168 kB
SUnreclaim:        68184 kB
KernelStack:       39136 kB
PageTables:        51424 kB
NFS_Unstable:          0 kB
Bounce:                0 kB
WritebackTmp:          0 kB
CommitLimit:     2152132 kB
Committed_AS:   122079280 kB
VmallocTotal:   251658176 kB
VmallocUsed:      138496 kB
VmallocChunk:   251403308 kB
Time pass: 165 sec

---2015-12-03 22:35:15
MemTotal:        2873608 kB
MemFree:          128336 kB
Buffers:           21440 kB
Cached:           927320 kB
SwapCached:           60 kB
Active:          1296640 kB
Inactive:         647992 kB
Active(anon):     795900 kB
Inactive(anon):   214628 kB
Active(file):     500740 kB
Inactive(file):   433364 kB
Unevictable:       13568 kB
Mlocked:               0 kB
SwapTotal:        715328 kB
SwapFree:         701860 kB
Dirty:                72 kB
Writeback:             0 kB
AnonPages:       1009184 kB
Mapped:           603940 kB
Shmem:              1088 kB
Slab:             100356 kB
SReclaimable:      32172 kB
SUnreclaim:        68184 kB
KernelStack:       38816 kB
PageTables:        50900 kB
NFS_Unstable:          0 kB
Bounce:                0 kB
WritebackTmp:          0 kB
CommitLimit:     2152132 kB
Committed_AS:   120828612 kB
VmallocTotal:   251658176 kB
VmallocUsed:      138496 kB
VmallocChunk:   251403308 kB
Time pass: 169 sec

---2015-12-03 22:35:15
MemTotal:        2873608 kB
MemFree:          124864 kB
Buffers:           21440 kB
Cached:           927320 kB
SwapCached:           60 kB
Active:          1299652 kB
Inactive:         647864 kB
Active(anon):     798784 kB
Inactive(anon):   214628 kB
Active(file):     500868 kB
Inactive(file):   433236 kB
Unevictable:       13568 kB
Mlocked:               0 kB
SwapTotal:        715328 kB
SwapFree:         701860 kB
Dirty:                72 kB
Writeback:             0 kB
AnonPages:       1012308 kB
Mapped:           607624 kB
Shmem:              1088 kB
Slab:             100356 kB
SReclaimable:      32172 kB
SUnreclaim:        68184 kB
KernelStack:       38416 kB
PageTables:        51232 kB
NFS_Unstable:          0 kB
Bounce:                0 kB
WritebackTmp:          0 kB
CommitLimit:     2152132 kB
Committed_AS:   122067584 kB
VmallocTotal:   251658176 kB
VmallocUsed:      138496 kB
VmallocChunk:   251403308 kB
Time pass: 173 sec

---2015-12-03 22:35:15
MemTotal:        2873608 kB
MemFree:          113232 kB
Buffers:           21448 kB
Cached:           927540 kB
SwapCached:           60 kB
Active:          1310980 kB
Inactive:         648084 kB
Active(anon):     810104 kB
Inactive(anon):   214840 kB
Active(file):     500876 kB
Inactive(file):   433244 kB
Unevictable:       13568 kB
Mlocked:               0 kB
SwapTotal:        715328 kB
SwapFree:         701860 kB
Dirty:                92 kB
Writeback:             0 kB
AnonPages:       1023496 kB
Mapped:           611132 kB
Shmem:              1300 kB
Slab:             100356 kB
SReclaimable:      32172 kB
SUnreclaim:        68184 kB
KernelStack:       39120 kB
PageTables:        51376 kB
NFS_Unstable:          0 kB
Bounce:                0 kB
WritebackTmp:          0 kB
CommitLimit:     2152132 kB
Committed_AS:   122079192 kB
VmallocTotal:   251658176 kB
VmallocUsed:      138496 kB
VmallocChunk:   251403308 kB
Time pass: 176 sec

---2015-12-03 22:35:15
MemTotal:        2873608 kB
MemFree:          111536 kB
Buffers:           21464 kB
Cached:           927540 kB
SwapCached:           60 kB
Active:          1311416 kB
Inactive:         648100 kB
Active(anon):     810540 kB
Inactive(anon):   214840 kB
Active(file):     500876 kB
Inactive(file):   433260 kB
Unevictable:       13568 kB
Mlocked:               0 kB
SwapTotal:        715328 kB
SwapFree:         701860 kB
Dirty:                 0 kB
Writeback:             0 kB
AnonPages:       1024112 kB
Mapped:           611140 kB
Shmem:              1300 kB
Slab:             100356 kB
SReclaimable:      32172 kB
SUnreclaim:        68184 kB
KernelStack:       39120 kB
PageTables:        51384 kB
NFS_Unstable:          0 kB
Bounce:                0 kB
WritebackTmp:          0 kB
CommitLimit:     2152132 kB
Committed_AS:   122079256 kB
VmallocTotal:   251658176 kB
VmallocUsed:      138496 kB
VmallocChunk:   251403308 kB
Time pass: 180 sec

---2015-12-03 22:35:15
MemTotal:        2873608 kB
MemFree:          109916 kB
Buffers:           21480 kB
Cached:           927540 kB
SwapCached:           60 kB
Active:          1312404 kB
Inactive:         648124 kB
Active(anon):     811536 kB
Inactive(anon):   214840 kB
Active(file):     500868 kB
Inactive(file):   433284 kB
Unevictable:       13568 kB
Mlocked:               0 kB
SwapTotal:        715328 kB
SwapFree:         701860 kB
Dirty:                68 kB
Writeback:             0 kB
AnonPages:       1025108 kB
Mapped:           611208 kB
Shmem:              1300 kB
Slab:             100360 kB
SReclaimable:      32172 kB
SUnreclaim:        68188 kB
KernelStack:       39168 kB
PageTables:        51384 kB
NFS_Unstable:          0 kB
Bounce:                0 kB
WritebackTmp:          0 kB
CommitLimit:     2152132 kB
Committed_AS:   122079368 kB
VmallocTotal:   251658176 kB
VmallocUsed:      138496 kB
VmallocChunk:   251403308 kB
Time pass: 184 sec

---2015-12-03 22:35:15
MemTotal:        2873608 kB
MemFree:          110460 kB
Buffers:           21496 kB
Cached:           927540 kB
SwapCached:           60 kB
Active:          1312344 kB
Inactive:         648140 kB
Active(anon):     811476 kB
Inactive(anon):   214840 kB
Active(file):     500868 kB
Inactive(file):   433300 kB
Unevictable:       13568 kB
Mlocked:               0 kB
SwapTotal:        715328 kB
SwapFree:         701860 kB
Dirty:                84 kB
Writeback:             0 kB
AnonPages:       1024960 kB
Mapped:           611300 kB
Shmem:              1300 kB
Slab:             100360 kB
SReclaimable:      32172 kB
SUnreclaim:        68188 kB
KernelStack:       39168 kB
PageTables:        51416 kB
NFS_Unstable:          0 kB
Bounce:                0 kB
WritebackTmp:          0 kB
CommitLimit:     2152132 kB
Committed_AS:   122079432 kB
VmallocTotal:   251658176 kB
VmallocUsed:      138496 kB
VmallocChunk:   251403308 kB
Time pass: 187 sec

---2015-12-03 22:35:15
MemTotal:        2873608 kB
MemFree:          118260 kB
Buffers:           21504 kB
Cached:           927540 kB
SwapCached:           60 kB
Active:          1306032 kB
Inactive:         648148 kB
Active(anon):     805164 kB
Inactive(anon):   214840 kB
Active(file):     500868 kB
Inactive(file):   433308 kB
Unevictable:       13568 kB
Mlocked:               0 kB
SwapTotal:        715328 kB
SwapFree:         701860 kB
Dirty:                60 kB
Writeback:             0 kB
AnonPages:       1018732 kB
Mapped:           604264 kB
Shmem:              1300 kB
Slab:             100392 kB
SReclaimable:      32172 kB
SUnreclaim:        68220 kB
KernelStack:       38432 kB
PageTables:        50824 kB
NFS_Unstable:          0 kB
Bounce:                0 kB
WritebackTmp:          0 kB
CommitLimit:     2152132 kB
Committed_AS:   120821704 kB
VmallocTotal:   251658176 kB
VmallocUsed:      137476 kB
VmallocChunk:   251403308 kB
Time pass: 191 sec

---2015-12-03 22:35:15
MemTotal:        2873608 kB
MemFree:          119240 kB
Buffers:           21520 kB
Cached:           927628 kB
SwapCached:           60 kB
Active:          1304716 kB
Inactive:         648252 kB
Active(anon):     803848 kB
Inactive(anon):   214840 kB
Active(file):     500868 kB
Inactive(file):   433412 kB
Unevictable:       13568 kB
Mlocked:               0 kB
SwapTotal:        715328 kB
SwapFree:         701860 kB
Dirty:                88 kB
Writeback:             0 kB
AnonPages:       1017224 kB
Mapped:           611272 kB
Shmem:              1300 kB
Slab:             100392 kB
SReclaimable:      32172 kB
SUnreclaim:        68220 kB
KernelStack:       39152 kB
PageTables:        51396 kB
NFS_Unstable:          0 kB
Bounce:                0 kB
WritebackTmp:          0 kB
CommitLimit:     2152132 kB
Committed_AS:   122079372 kB
VmallocTotal:   251658176 kB
VmallocUsed:      138496 kB
VmallocChunk:   251403308 kB
Time pass: 195 sec

---2015-12-03 22:35:15
MemTotal:        2873608 kB
MemFree:          117900 kB
Buffers:           21552 kB
Cached:           927628 kB
SwapCached:           60 kB
Active:          1304412 kB
Inactive:         648284 kB
Active(anon):     803544 kB
Inactive(anon):   214840 kB
Active(file):     500868 kB
Inactive(file):   433444 kB
Unevictable:       13568 kB
Mlocked:               0 kB
SwapTotal:        715328 kB
SwapFree:         701860 kB
Dirty:               108 kB
Writeback:             0 kB
AnonPages:       1017004 kB
Mapped:           611416 kB
Shmem:              1300 kB
Slab:             100392 kB
SReclaimable:      32172 kB
SUnreclaim:        68220 kB
KernelStack:       39152 kB
PageTables:        51460 kB
NFS_Unstable:          0 kB
Bounce:                0 kB
WritebackTmp:          0 kB
CommitLimit:     2152132 kB
Committed_AS:   122079480 kB
VmallocTotal:   251658176 kB
VmallocUsed:      138496 kB
VmallocChunk:   251403308 kB
Time pass: 199 sec

---2015-12-03 22:35:15
MemTotal:        2873608 kB
MemFree:          117672 kB
Buffers:           21552 kB
Cached:           927628 kB
SwapCached:           60 kB
Active:          1304612 kB
Inactive:         648284 kB
Active(anon):     803744 kB
Inactive(anon):   214840 kB
Active(file):     500868 kB
Inactive(file):   433444 kB
Unevictable:       13568 kB
Mlocked:               0 kB
SwapTotal:        715328 kB
SwapFree:         701860 kB
Dirty:                 0 kB
Writeback:             0 kB
AnonPages:       1016980 kB
Mapped:           611444 kB
Shmem:              1300 kB
Slab:             100392 kB
SReclaimable:      32172 kB
SUnreclaim:        68220 kB
KernelStack:       39120 kB
PageTables:        51456 kB
NFS_Unstable:          0 kB
Bounce:                0 kB
WritebackTmp:          0 kB
CommitLimit:     2152132 kB
Committed_AS:   122079448 kB
VmallocTotal:   251658176 kB
VmallocUsed:      138496 kB
VmallocChunk:   251403308 kB
Time pass: 203 sec

---2015-12-03 22:35:15
MemTotal:        2873608 kB
MemFree:          118152 kB
Buffers:           21584 kB
Cached:           927636 kB
SwapCached:           60 kB
Active:          1304976 kB
Inactive:         648324 kB
Active(anon):     804108 kB
Inactive(anon):   214840 kB
Active(file):     500868 kB
Inactive(file):   433484 kB
Unevictable:       13568 kB
Mlocked:               0 kB
SwapTotal:        715328 kB
SwapFree:         701860 kB
Dirty:               140 kB
Writeback:             0 kB
AnonPages:       1017704 kB
Mapped:           611272 kB
Shmem:              1300 kB
Slab:             100324 kB
SReclaimable:      32176 kB
SUnreclaim:        68148 kB
KernelStack:       38864 kB
PageTables:        50952 kB
NFS_Unstable:          0 kB
Bounce:                0 kB
WritebackTmp:          0 kB
CommitLimit:     2152132 kB
Committed_AS:   120843264 kB
VmallocTotal:   251658176 kB
VmallocUsed:      137476 kB
VmallocChunk:   251403308 kB
Time pass: 206 sec

---2015-12-03 22:35:15
MemTotal:        2873608 kB
MemFree:          125648 kB
Buffers:           21600 kB
Cached:           927636 kB
SwapCached:           60 kB
Active:          1299584 kB
Inactive:         648340 kB
Active(anon):     798716 kB
Inactive(anon):   214840 kB
Active(file):     500868 kB
Inactive(file):   433500 kB
Unevictable:       13568 kB
Mlocked:               0 kB
SwapTotal:        715328 kB
SwapFree:         701860 kB
Dirty:                76 kB
Writeback:             0 kB
AnonPages:       1012244 kB
Mapped:           604280 kB
Shmem:              1300 kB
Slab:             100264 kB
SReclaimable:      32176 kB
SUnreclaim:        68088 kB
KernelStack:       38144 kB
PageTables:        50372 kB
NFS_Unstable:          0 kB
Bounce:                0 kB
WritebackTmp:          0 kB
CommitLimit:     2152132 kB
Committed_AS:   119585476 kB
VmallocTotal:   251658176 kB
VmallocUsed:      136456 kB
VmallocChunk:   251403308 kB
Time pass: 210 sec

---2015-12-03 22:35:15
MemTotal:        2873608 kB
MemFree:          111112 kB
Buffers:           21616 kB
Cached:           927696 kB
SwapCached:           60 kB
Active:          1313668 kB
Inactive:         648416 kB
Active(anon):     812800 kB
Inactive(anon):   214900 kB
Active(file):     500868 kB
Inactive(file):   433516 kB
Unevictable:       13568 kB
Mlocked:               0 kB
SwapTotal:        715328 kB
SwapFree:         701860 kB
Dirty:                32 kB
Writeback:             0 kB
AnonPages:       1026200 kB
Mapped:           611312 kB
Shmem:              1360 kB
Slab:             100180 kB
SReclaimable:      32048 kB
SUnreclaim:        68132 kB
KernelStack:       38848 kB
PageTables:        50928 kB
NFS_Unstable:          0 kB
Bounce:                0 kB
WritebackTmp:          0 kB
CommitLimit:     2152132 kB
Committed_AS:   120842996 kB
VmallocTotal:   251658176 kB
VmallocUsed:      137476 kB
VmallocChunk:   251403308 kB
Time pass: 214 sec

---2015-12-03 22:35:15
MemTotal:        2873608 kB
MemFree:          109772 kB
Buffers:           21616 kB
Cached:           927696 kB
SwapCached:           60 kB
Active:          1313608 kB
Inactive:         648416 kB
Active(anon):     812740 kB
Inactive(anon):   214900 kB
Active(file):     500868 kB
Inactive(file):   433516 kB
Unevictable:       13568 kB
Mlocked:               0 kB
SwapTotal:        715328 kB
SwapFree:         701860 kB
Dirty:                32 kB
Writeback:             0 kB
AnonPages:       1026108 kB
Mapped:           611400 kB
Shmem:              1360 kB
Slab:             100180 kB
SReclaimable:      32048 kB
SUnreclaim:        68132 kB
KernelStack:       38848 kB
PageTables:        50960 kB
NFS_Unstable:          0 kB
Bounce:                0 kB
WritebackTmp:          0 kB
CommitLimit:     2152132 kB
Committed_AS:   120843208 kB
VmallocTotal:   251658176 kB
VmallocUsed:      137476 kB
VmallocChunk:   251403308 kB
Time pass: 218 sec

---2015-12-03 22:35:15
MemTotal:        2873608 kB
MemFree:          108996 kB
Buffers:           21648 kB
Cached:           927696 kB
SwapCached:           60 kB
Active:          1314204 kB
Inactive:         648444 kB
Active(anon):     813336 kB
Inactive(anon):   214900 kB
Active(file):     500868 kB
Inactive(file):   433544 kB
Unevictable:       13568 kB
Mlocked:               0 kB
SwapTotal:        715328 kB
SwapFree:         701860 kB
Dirty:                88 kB
Writeback:             0 kB
AnonPages:       1026872 kB
Mapped:           611328 kB
Shmem:              1360 kB
Slab:             100140 kB
SReclaimable:      32048 kB
SUnreclaim:        68092 kB
KernelStack:       38864 kB
PageTables:        50928 kB
NFS_Unstable:          0 kB
Bounce:                0 kB
WritebackTmp:          0 kB
CommitLimit:     2152132 kB
Committed_AS:   120843208 kB
VmallocTotal:   251658176 kB
VmallocUsed:      137476 kB
VmallocChunk:   251403308 kB
Time pass: 221 sec

---2015-12-03 22:35:15
MemTotal:        2873608 kB
MemFree:          106820 kB
Buffers:           21656 kB
Cached:           927692 kB
SwapCached:           60 kB
Active:          1315992 kB
Inactive:         648452 kB
Active(anon):     815124 kB
Inactive(anon):   214904 kB
Active(file):     500868 kB
Inactive(file):   433548 kB
Unevictable:       13568 kB
Mlocked:               0 kB
SwapTotal:        715328 kB
SwapFree:         701860 kB
Dirty:                56 kB
Writeback:             0 kB
AnonPages:       1028724 kB
Mapped:           611352 kB
Shmem:              1364 kB
Slab:             100140 kB
SReclaimable:      32048 kB
SUnreclaim:        68092 kB
KernelStack:       38848 kB
PageTables:        50936 kB
NFS_Unstable:          0 kB
Bounce:                0 kB
WritebackTmp:          0 kB
CommitLimit:     2152132 kB
Committed_AS:   120847320 kB
VmallocTotal:   251658176 kB
VmallocUsed:      137476 kB
VmallocChunk:   251403308 kB
Time pass: 225 sec

---2015-12-03 22:35:15
MemTotal:        2873608 kB
MemFree:          114196 kB
Buffers:           21680 kB
Cached:           927688 kB
SwapCached:           60 kB
Active:          1311852 kB
Inactive:         646920 kB
Active(anon):     809444 kB
Inactive(anon):   214892 kB
Active(file):     502408 kB
Inactive(file):   432028 kB
Unevictable:       13568 kB
Mlocked:               0 kB
SwapTotal:        715328 kB
SwapFree:         701860 kB
Dirty:               136 kB
Writeback:             0 kB
AnonPages:       1023004 kB
Mapped:           604352 kB
Shmem:              1364 kB
Slab:             100148 kB
SReclaimable:      32048 kB
SUnreclaim:        68100 kB
KernelStack:       38224 kB
PageTables:        50504 kB
NFS_Unstable:          0 kB
Bounce:                0 kB
WritebackTmp:          0 kB
CommitLimit:     2152132 kB
Committed_AS:   119589860 kB
VmallocTotal:   251658176 kB
VmallocUsed:      136456 kB
VmallocChunk:   251403308 kB
Time pass: 229 sec

---2015-12-03 22:35:15
MemTotal:        2873608 kB
MemFree:           99308 kB
Buffers:           21696 kB
Cached:           927716 kB
SwapCached:           60 kB
Active:          1326828 kB
Inactive:         646964 kB
Active(anon):     824420 kB
Inactive(anon):   214892 kB
Active(file):     502408 kB
Inactive(file):   432072 kB
Unevictable:       13568 kB
Mlocked:               0 kB
SwapTotal:        715328 kB
SwapFree:         701860 kB
Dirty:                32 kB
Writeback:             0 kB
AnonPages:       1038120 kB
Mapped:           611300 kB
Shmem:              1364 kB
Slab:             100148 kB
SReclaimable:      32048 kB
SUnreclaim:        68100 kB
KernelStack:       38848 kB
PageTables:        50964 kB
NFS_Unstable:          0 kB
Bounce:                0 kB
WritebackTmp:          0 kB
CommitLimit:     2152132 kB
Committed_AS:   120847308 kB
VmallocTotal:   251658176 kB
VmallocUsed:      137476 kB
VmallocChunk:   251403308 kB
Time pass: 233 sec

---2015-12-03 22:35:15
MemTotal:        2873608 kB
MemFree:          100984 kB
Buffers:           21696 kB
Cached:           927732 kB
SwapCached:           60 kB
Active:          1324428 kB
Inactive:         646980 kB
Active(anon):     822020 kB
Inactive(anon):   214892 kB
Active(file):     502408 kB
Inactive(file):   432088 kB
Unevictable:       13568 kB
Mlocked:               0 kB
SwapTotal:        715328 kB
SwapFree:         701860 kB
Dirty:                 0 kB
Writeback:             0 kB
AnonPages:       1035512 kB
Mapped:           611388 kB
Shmem:              1364 kB
Slab:             100136 kB
SReclaimable:      32048 kB
SUnreclaim:        68088 kB
KernelStack:       38848 kB
PageTables:        50960 kB
NFS_Unstable:          0 kB
Bounce:                0 kB
WritebackTmp:          0 kB
CommitLimit:     2152132 kB
Committed_AS:   120847328 kB
VmallocTotal:   251658176 kB
VmallocUsed:      137476 kB
VmallocChunk:   251403308 kB
Time pass: 236 sec

---2015-12-03 22:35:15
MemTotal:        2873608 kB
MemFree:          100064 kB
Buffers:           21704 kB
Cached:           927732 kB
SwapCached:           60 kB
Active:          1324588 kB
Inactive:         646988 kB
Active(anon):     822180 kB
Inactive(anon):   214892 kB
Active(file):     502408 kB
Inactive(file):   432096 kB
Unevictable:       13568 kB
Mlocked:               0 kB
SwapTotal:        715328 kB
SwapFree:         701860 kB
Dirty:                56 kB
Writeback:             0 kB
AnonPages:       1035612 kB
Mapped:           611396 kB
Shmem:              1364 kB
Slab:             100120 kB
SReclaimable:      32048 kB
SUnreclaim:        68072 kB
KernelStack:       38848 kB
PageTables:        50964 kB
NFS_Unstable:          0 kB
Bounce:                0 kB
WritebackTmp:          0 kB
CommitLimit:     2152132 kB
Committed_AS:   120851464 kB
VmallocTotal:   251658176 kB
VmallocUsed:      137476 kB
VmallocChunk:   251403308 kB
Time pass: 240 sec

---2015-12-03 22:35:15
MemTotal:        2873608 kB
MemFree:           99808 kB
Buffers:           21720 kB
Cached:           927732 kB
SwapCached:           60 kB
Active:          1324588 kB
Inactive:         647004 kB
Active(anon):     822180 kB
Inactive(anon):   214892 kB
Active(file):     502408 kB
Inactive(file):   432112 kB
Unevictable:       13568 kB
Mlocked:               0 kB
SwapTotal:        715328 kB
SwapFree:         701860 kB
Dirty:                 0 kB
Writeback:             0 kB
AnonPages:       1035912 kB
Mapped:           611360 kB
Shmem:              1364 kB
Slab:             100136 kB
SReclaimable:      32048 kB
SUnreclaim:        68088 kB
KernelStack:       38848 kB
PageTables:        50972 kB
NFS_Unstable:          0 kB
Bounce:                0 kB
WritebackTmp:          0 kB
CommitLimit:     2152132 kB
Committed_AS:   120851456 kB
VmallocTotal:   251658176 kB
VmallocUsed:      137476 kB
VmallocChunk:   251403308 kB
Time pass: 244 sec

---2015-12-03 22:35:15
MemTotal:        2873608 kB
MemFree:          106560 kB
Buffers:           21728 kB
Cached:           927732 kB
SwapCached:           60 kB
Active:          1320812 kB
Inactive:         647012 kB
Active(anon):     818404 kB
Inactive(anon):   214892 kB
Active(file):     502408 kB
Inactive(file):   432120 kB
Unevictable:       13568 kB
Mlocked:               0 kB
SwapTotal:        715328 kB
SwapFree:         701860 kB
Dirty:                56 kB
Writeback:             0 kB
AnonPages:       1031832 kB
Mapped:           604448 kB
Shmem:              1364 kB
Slab:             100120 kB
SReclaimable:      32048 kB
SUnreclaim:        68072 kB
KernelStack:       38176 kB
PageTables:        50432 kB
NFS_Unstable:          0 kB
Bounce:                0 kB
WritebackTmp:          0 kB
CommitLimit:     2152132 kB
Committed_AS:   119593868 kB
VmallocTotal:   251658176 kB
VmallocUsed:      136456 kB
VmallocChunk:   251403308 kB
Time pass: 248 sec

---2015-12-03 22:35:15
MemTotal:        2873608 kB
MemFree:           93468 kB
Buffers:           21744 kB
Cached:           928308 kB
SwapCached:           60 kB
Active:          1331568 kB
Inactive:         647556 kB
Active(anon):     829160 kB
Inactive(anon):   214908 kB
Active(file):     502408 kB
Inactive(file):   432648 kB
Unevictable:       13568 kB
Mlocked:               0 kB
SwapTotal:        715328 kB
SwapFree:         701860 kB
Dirty:               124 kB
Writeback:             0 kB
AnonPages:       1042664 kB
Mapped:           611336 kB
Shmem:              1380 kB
Slab:             100120 kB
SReclaimable:      32048 kB
SUnreclaim:        68072 kB
KernelStack:       38800 kB
PageTables:        50992 kB
NFS_Unstable:          0 kB
Bounce:                0 kB
WritebackTmp:          0 kB
CommitLimit:     2152132 kB
Committed_AS:   120853420 kB
VmallocTotal:   251658176 kB
VmallocUsed:      137476 kB
VmallocChunk:   251403308 kB
Time pass: 251 sec

---2015-12-03 22:35:15
MemTotal:        2873608 kB
MemFree:           92532 kB
Buffers:           21760 kB
Cached:           928308 kB
SwapCached:           60 kB
Active:          1331624 kB
Inactive:         647616 kB
Active(anon):     829216 kB
Inactive(anon):   214904 kB
Active(file):     502408 kB
Inactive(file):   432712 kB
Unevictable:       13568 kB
Mlocked:               0 kB
SwapTotal:        715328 kB
SwapFree:         701860 kB
Dirty:                 0 kB
Writeback:             0 kB
AnonPages:       1042624 kB
Mapped:           611592 kB
Shmem:              1380 kB
Slab:             100120 kB
SReclaimable:      32048 kB
SUnreclaim:        68072 kB
KernelStack:       38800 kB
PageTables:        50996 kB
NFS_Unstable:          0 kB
Bounce:                0 kB
WritebackTmp:          0 kB
CommitLimit:     2152132 kB
Committed_AS:   120853424 kB
VmallocTotal:   251658176 kB
VmallocUsed:      137476 kB
VmallocChunk:   251403308 kB
Time pass: 255 sec

---2015-12-03 22:35:15
MemTotal:        2873608 kB
MemFree:          113936 kB
Buffers:           21776 kB
Cached:           928308 kB
SwapCached:           60 kB
Active:          1310104 kB
Inactive:         647628 kB
Active(anon):     807696 kB
Inactive(anon):   214900 kB
Active(file):     502408 kB
Inactive(file):   432728 kB
Unevictable:       13568 kB
Mlocked:               0 kB
SwapTotal:        715328 kB
SwapFree:         701860 kB
Dirty:                68 kB
Writeback:             0 kB
AnonPages:       1021324 kB
Mapped:           611596 kB
Shmem:              1380 kB
Slab:             100128 kB
SReclaimable:      32052 kB
SUnreclaim:        68076 kB
KernelStack:       38800 kB
PageTables:        50996 kB
NFS_Unstable:          0 kB
Bounce:                0 kB
WritebackTmp:          0 kB
CommitLimit:     2152132 kB
Committed_AS:   120853456 kB
VmallocTotal:   251658176 kB
VmallocUsed:      137476 kB
VmallocChunk:   251403308 kB
Time pass: 259 sec

---2015-12-03 22:35:15
MemTotal:        2873608 kB
MemFree:          114304 kB
Buffers:           21792 kB
Cached:           928308 kB
SwapCached:           60 kB
Active:          1310044 kB
Inactive:         647644 kB
Active(anon):     807636 kB
Inactive(anon):   214900 kB
Active(file):     502408 kB
Inactive(file):   432744 kB
Unevictable:       13568 kB
Mlocked:               0 kB
SwapTotal:        715328 kB
SwapFree:         701860 kB
Dirty:                76 kB
Writeback:             0 kB
AnonPages:       1021132 kB
Mapped:           611600 kB
Shmem:              1380 kB
Slab:             100140 kB
SReclaimable:      32052 kB
SUnreclaim:        68088 kB
KernelStack:       38784 kB
PageTables:        50996 kB
NFS_Unstable:          0 kB
Bounce:                0 kB
WritebackTmp:          0 kB
CommitLimit:     2152132 kB
Committed_AS:   120853496 kB
VmallocTotal:   251658176 kB
VmallocUsed:      137476 kB
VmallocChunk:   251403308 kB
Time pass: 263 sec

---2015-12-03 22:35:15
MemTotal:        2873608 kB
MemFree:          120444 kB
Buffers:           21808 kB
Cached:           928292 kB
SwapCached:           60 kB
Active:          1305968 kB
Inactive:         647644 kB
Active(anon):     803560 kB
Inactive(anon):   214900 kB
Active(file):     502408 kB
Inactive(file):   432744 kB
Unevictable:       13568 kB
Mlocked:               0 kB
SwapTotal:        715328 kB
SwapFree:         701860 kB
Dirty:                44 kB
Writeback:             0 kB
AnonPages:       1017212 kB
Mapped:           604640 kB
Shmem:              1380 kB
Slab:             100124 kB
SReclaimable:      32052 kB
SUnreclaim:        68072 kB
KernelStack:       38192 kB
PageTables:        50524 kB
NFS_Unstable:          0 kB
Bounce:                0 kB
WritebackTmp:          0 kB
CommitLimit:     2152132 kB
Committed_AS:   119596076 kB
VmallocTotal:   251658176 kB
VmallocUsed:      136456 kB
VmallocChunk:   251403308 kB
Time pass: 267 sec

---2015-12-03 22:35:15
MemTotal:        2873608 kB
MemFree:          123576 kB
Buffers:           21824 kB
Cached:           928336 kB
SwapCached:           60 kB
Active:          1300704 kB
Inactive:         647700 kB
Active(anon):     798300 kB
Inactive(anon):   214924 kB
Active(file):     502404 kB
Inactive(file):   432776 kB
Unevictable:       13568 kB
Mlocked:               0 kB
SwapTotal:        715328 kB
SwapFree:         701860 kB
Dirty:                 0 kB
Writeback:             0 kB
AnonPages:       1012004 kB
Mapped:           611328 kB
Shmem:              1408 kB
Slab:             100124 kB
SReclaimable:      32052 kB
SUnreclaim:        68072 kB
KernelStack:       38720 kB
PageTables:        50988 kB
NFS_Unstable:          0 kB
Bounce:                0 kB
WritebackTmp:          0 kB
CommitLimit:     2152132 kB
Committed_AS:   120853516 kB
VmallocTotal:   251658176 kB
VmallocUsed:      137476 kB
VmallocChunk:   251403308 kB
Time pass: 270 sec

---2015-12-03 22:35:15
MemTotal:        2873608 kB
MemFree:          123696 kB
Buffers:           21832 kB
Cached:           928328 kB
SwapCached:           60 kB
Active:          1301200 kB
Inactive:         647700 kB
Active(anon):     798792 kB
Inactive(anon):   214924 kB
Active(file):     502408 kB
Inactive(file):   432776 kB
Unevictable:       13568 kB
Mlocked:               0 kB
SwapTotal:        715328 kB
SwapFree:         701860 kB
Dirty:                 4 kB
Writeback:             0 kB
AnonPages:       1012176 kB
Mapped:           611656 kB
Shmem:              1408 kB
Slab:             100124 kB
SReclaimable:      32052 kB
SUnreclaim:        68072 kB
KernelStack:       38816 kB
PageTables:        51004 kB
NFS_Unstable:          0 kB
Bounce:                0 kB
WritebackTmp:          0 kB
CommitLimit:     2152132 kB
Committed_AS:   120853744 kB
VmallocTotal:   251658176 kB
VmallocUsed:      137476 kB
VmallocChunk:   251403308 kB
Time pass: 274 sec

---2015-12-03 22:35:15
MemTotal:        2873608 kB
MemFree:          122872 kB
Buffers:           21848 kB
Cached:           928336 kB
SwapCached:           60 kB
Active:          1300988 kB
Inactive:         647724 kB
Active(anon):     798580 kB
Inactive(anon):   214924 kB
Active(file):     502408 kB
Inactive(file):   432800 kB
Unevictable:       13568 kB
Mlocked:               0 kB
SwapTotal:        715328 kB
SwapFree:         701860 kB
Dirty:                88 kB
Writeback:             0 kB
AnonPages:       1012268 kB
Mapped:           611660 kB
Shmem:              1408 kB
Slab:             100124 kB
SReclaimable:      32052 kB
SUnreclaim:        68072 kB
KernelStack:       38816 kB
PageTables:        51004 kB
NFS_Unstable:          0 kB
Bounce:                0 kB
WritebackTmp:          0 kB
CommitLimit:     2152132 kB
Committed_AS:   120853752 kB
VmallocTotal:   251658176 kB
VmallocUsed:      137476 kB
VmallocChunk:   251403308 kB
Time pass: 278 sec

---2015-12-03 22:35:15
MemTotal:        2873608 kB
MemFree:          122208 kB
Buffers:           21856 kB
Cached:           928348 kB
SwapCached:           60 kB
Active:          1302124 kB
Inactive:         647744 kB
Active(anon):     799716 kB
Inactive(anon):   214924 kB
Active(file):     502408 kB
Inactive(file):   432820 kB
Unevictable:       13568 kB
Mlocked:               0 kB
SwapTotal:        715328 kB
SwapFree:         701860 kB
Dirty:               148 kB
Writeback:             0 kB
AnonPages:       1013284 kB
Mapped:           611668 kB
Shmem:              1408 kB
Slab:             100128 kB
SReclaimable:      32052 kB
SUnreclaim:        68076 kB
KernelStack:       38800 kB
PageTables:        51004 kB
NFS_Unstable:          0 kB
Bounce:                0 kB
WritebackTmp:          0 kB
CommitLimit:     2152132 kB
Committed_AS:   120853744 kB
VmallocTotal:   251658176 kB
VmallocUsed:      137476 kB
VmallocChunk:   251403308 kB
Time pass: 282 sec

---2015-12-03 22:35:15
MemTotal:        2873608 kB
MemFree:          129284 kB
Buffers:           21880 kB
Cached:           928348 kB
SwapCached:           60 kB
Active:          1295980 kB
Inactive:         647768 kB
Active(anon):     793572 kB
Inactive(anon):   214924 kB
Active(file):     502408 kB
Inactive(file):   432844 kB
Unevictable:       13568 kB
Mlocked:               0 kB
SwapTotal:        715328 kB
SwapFree:         701860 kB
Dirty:               144 kB
Writeback:             0 kB
AnonPages:       1007144 kB
Mapped:           604744 kB
Shmem:              1408 kB
Slab:             100220 kB
SReclaimable:      32052 kB
SUnreclaim:        68168 kB
KernelStack:       38496 kB
PageTables:        50548 kB
NFS_Unstable:          0 kB
Bounce:                0 kB
WritebackTmp:          0 kB
CommitLimit:     2152132 kB
Committed_AS:   119596092 kB
VmallocTotal:   251658176 kB
VmallocUsed:      136456 kB
VmallocChunk:   251403308 kB
Time pass: 285 sec

---2015-12-03 22:35:15
MemTotal:        2873608 kB
MemFree:          111540 kB
Buffers:           21920 kB
Cached:           928364 kB
SwapCached:           60 kB
Active:          1311748 kB
Inactive:         647812 kB
Active(anon):     809332 kB
Inactive(anon):   214924 kB
Active(file):     502416 kB
Inactive(file):   432888 kB
Unevictable:       13568 kB
Mlocked:               0 kB
SwapTotal:        715328 kB
SwapFree:         701860 kB
Dirty:               260 kB
Writeback:             0 kB
AnonPages:       1023184 kB
Mapped:           617528 kB
Shmem:              1408 kB
Slab:             100196 kB
SReclaimable:      32060 kB
SUnreclaim:        68136 kB
KernelStack:       38976 kB
PageTables:        51616 kB
NFS_Unstable:          0 kB
Bounce:                0 kB
WritebackTmp:          0 kB
CommitLimit:     2152132 kB
Committed_AS:   122635372 kB
VmallocTotal:   251658176 kB
VmallocUsed:      138496 kB
VmallocChunk:   251403308 kB
Time pass: 289 sec

---2015-12-03 22:35:15
MemTotal:        2873608 kB
MemFree:          107972 kB
Buffers:           21936 kB
Cached:           928348 kB
SwapCached:           60 kB
Active:          1315128 kB
Inactive:         647824 kB
Active(anon):     812720 kB
Inactive(anon):   214924 kB
Active(file):     502408 kB
Inactive(file):   432900 kB
Unevictable:       13568 kB
Mlocked:               0 kB
SwapTotal:        715328 kB
SwapFree:         701860 kB
Dirty:                 0 kB
Writeback:             0 kB
AnonPages:       1026296 kB
Mapped:           618584 kB
Shmem:              1408 kB
Slab:             100200 kB
SReclaimable:      32060 kB
SUnreclaim:        68140 kB
KernelStack:       39168 kB
PageTables:        51640 kB
NFS_Unstable:          0 kB
Bounce:                0 kB
WritebackTmp:          0 kB
CommitLimit:     2152132 kB
Committed_AS:   122636748 kB
VmallocTotal:   251658176 kB
VmallocUsed:      138496 kB
VmallocChunk:   251403308 kB
Time pass: 293 sec

---2015-12-03 22:35:15
MemTotal:        2873608 kB
MemFree:          108040 kB
Buffers:           21936 kB
Cached:           928364 kB
SwapCached:           60 kB
Active:          1314672 kB
Inactive:         647840 kB
Active(anon):     812264 kB
Inactive(anon):   214924 kB
Active(file):     502408 kB
Inactive(file):   432916 kB
Unevictable:       13568 kB
Mlocked:               0 kB
SwapTotal:        715328 kB
SwapFree:         701860 kB
Dirty:                92 kB
Writeback:             0 kB
AnonPages:       1025816 kB
Mapped:           618760 kB
Shmem:              1408 kB
Slab:             100220 kB
SReclaimable:      32060 kB
SUnreclaim:        68160 kB
KernelStack:       39168 kB
PageTables:        51692 kB
NFS_Unstable:          0 kB
Bounce:                0 kB
WritebackTmp:          0 kB
CommitLimit:     2152132 kB
Committed_AS:   122636796 kB
VmallocTotal:   251658176 kB
VmallocUsed:      138496 kB
VmallocChunk:   251403308 kB
Time pass: 296 sec

---2015-12-03 22:35:15
MemTotal:        2873608 kB
MemFree:          107192 kB
Buffers:           21952 kB
Cached:           928364 kB
SwapCached:           60 kB
Active:          1314900 kB
Inactive:         647856 kB
Active(anon):     812492 kB
Inactive(anon):   214924 kB
Active(file):     502408 kB
Inactive(file):   432932 kB
Unevictable:       13568 kB
Mlocked:               0 kB
SwapTotal:        715328 kB
SwapFree:         701860 kB
Dirty:                 0 kB
Writeback:             0 kB
AnonPages:       1026088 kB
Mapped:           618720 kB
Shmem:              1408 kB
Slab:             100200 kB
SReclaimable:      32060 kB
SUnreclaim:        68140 kB
KernelStack:       39200 kB
PageTables:        51668 kB
NFS_Unstable:          0 kB
Bounce:                0 kB
WritebackTmp:          0 kB
CommitLimit:     2152132 kB
Committed_AS:   122636884 kB
VmallocTotal:   251658176 kB
VmallocUsed:      138496 kB
VmallocChunk:   251403308 kB
Time pass: 300 sec

---2015-12-03 22:35:15
MemTotal:        2873608 kB
MemFree:          109388 kB
Buffers:           21960 kB
Cached:           928364 kB
SwapCached:           60 kB
Active:          1315204 kB
Inactive:         647864 kB
Active(anon):     812796 kB
Inactive(anon):   214924 kB
Active(file):     502408 kB
Inactive(file):   432940 kB
Unevictable:       13568 kB
Mlocked:               0 kB
SwapTotal:        715328 kB
SwapFree:         701860 kB
Dirty:                36 kB
Writeback:             0 kB
AnonPages:       1026280 kB
Mapped:           618788 kB
Shmem:              1408 kB
Slab:             100272 kB
SReclaimable:      32060 kB
SUnreclaim:        68212 kB
KernelStack:       39008 kB
PageTables:        51636 kB
NFS_Unstable:          0 kB
Bounce:                0 kB
WritebackTmp:          0 kB
CommitLimit:     2152132 kB
Committed_AS:   122636940 kB
VmallocTotal:   251658176 kB
VmallocUsed:      138496 kB
VmallocChunk:   251403308 kB
Time pass: 304 sec

---2015-12-03 22:35:15
MemTotal:        2873608 kB
MemFree:          114608 kB
Buffers:           21976 kB
Cached:           928364 kB
SwapCached:           60 kB
Active:          1309448 kB
Inactive:         647880 kB
Active(anon):     807040 kB
Inactive(anon):   214924 kB
Active(file):     502408 kB
Inactive(file):   432956 kB
Unevictable:       13568 kB
Mlocked:               0 kB
SwapTotal:        715328 kB
SwapFree:         701860 kB
Dirty:                68 kB
Writeback:             0 kB
AnonPages:       1020548 kB
Mapped:           611816 kB
Shmem:              1408 kB
Slab:             100236 kB
SReclaimable:      32060 kB
SUnreclaim:        68176 kB
KernelStack:       38544 kB
PageTables:        51360 kB
NFS_Unstable:          0 kB
Bounce:                0 kB
WritebackTmp:          0 kB
CommitLimit:     2152132 kB
Committed_AS:   122615068 kB
VmallocTotal:   251658176 kB
VmallocUsed:      137476 kB
VmallocChunk:   251403308 kB
Time pass: 308 sec

---2015-12-03 22:35:15
MemTotal:        2873608 kB
MemFree:          100684 kB
Buffers:           21984 kB
Cached:           928364 kB
SwapCached:           60 kB
Active:          1323020 kB
Inactive:         647888 kB
Active(anon):     820612 kB
Inactive(anon):   214924 kB
Active(file):     502408 kB
Inactive(file):   432964 kB
Unevictable:       13568 kB
Mlocked:               0 kB
SwapTotal:        715328 kB
SwapFree:         701860 kB
Dirty:               104 kB
Writeback:             0 kB
AnonPages:       1034108 kB
Mapped:           618748 kB
Shmem:              1408 kB
Slab:             100236 kB
SReclaimable:      32060 kB
SUnreclaim:        68176 kB
KernelStack:       39184 kB
PageTables:        51660 kB
NFS_Unstable:          0 kB
Bounce:                0 kB
WritebackTmp:          0 kB
CommitLimit:     2152132 kB
Committed_AS:   122636892 kB
VmallocTotal:   251658176 kB
VmallocUsed:      138496 kB
VmallocChunk:   251403308 kB
Time pass: 311 sec

---2015-12-03 22:35:15
MemTotal:        2873608 kB
MemFree:           99112 kB
Buffers:           22000 kB
Cached:           928364 kB
SwapCached:           60 kB
Active:          1323396 kB
Inactive:         647884 kB
Active(anon):     820988 kB
Inactive(anon):   214904 kB
Active(file):     502408 kB
Inactive(file):   432980 kB
Unevictable:       13568 kB
Mlocked:               0 kB
SwapTotal:        715328 kB
SwapFree:         701860 kB
Dirty:                 0 kB
Writeback:             0 kB
AnonPages:       1034408 kB
Mapped:           618616 kB
Shmem:              1408 kB
Slab:             100232 kB
SReclaimable:      32060 kB
SUnreclaim:        68172 kB
KernelStack:       39184 kB
PageTables:        51688 kB
NFS_Unstable:          0 kB
Bounce:                0 kB
WritebackTmp:          0 kB
CommitLimit:     2152132 kB
Committed_AS:   122636964 kB
VmallocTotal:   251658176 kB
VmallocUsed:      138496 kB
VmallocChunk:   251403308 kB
Time pass: 315 sec

---2015-12-03 22:35:15
MemTotal:        2873608 kB
MemFree:           98704 kB
Buffers:           22024 kB
Cached:           928364 kB
SwapCached:           60 kB
Active:          1325252 kB
Inactive:         646372 kB
Active(anon):     821308 kB
Inactive(anon):   214904 kB
Active(file):     503944 kB
Inactive(file):   431468 kB
Unevictable:       13568 kB
Mlocked:               0 kB
SwapTotal:        715328 kB
SwapFree:         701860 kB
Dirty:                72 kB
Writeback:             0 kB
AnonPages:       1034644 kB
Mapped:           618848 kB
Shmem:              1408 kB
Slab:             100268 kB
SReclaimable:      32060 kB
SUnreclaim:        68208 kB
KernelStack:       39184 kB
PageTables:        51688 kB
NFS_Unstable:          0 kB
Bounce:                0 kB
WritebackTmp:          0 kB
CommitLimit:     2152132 kB
Committed_AS:   122636972 kB
VmallocTotal:   251658176 kB
VmallocUsed:      138496 kB
VmallocChunk:   251403308 kB
Time pass: 319 sec

---2015-12-03 22:35:15
MemTotal:        2873608 kB
MemFree:           98968 kB
Buffers:           22040 kB
Cached:           928364 kB
SwapCached:           60 kB
Active:          1325480 kB
Inactive:         646388 kB
Active(anon):     821536 kB
Inactive(anon):   214904 kB
Active(file):     503944 kB
Inactive(file):   431484 kB
Unevictable:       13568 kB
Mlocked:               0 kB
SwapTotal:        715328 kB
SwapFree:         701860 kB
Dirty:                76 kB
Writeback:             0 kB
AnonPages:       1034828 kB
Mapped:           618808 kB
Shmem:              1408 kB
Slab:             100232 kB
SReclaimable:      32060 kB
SUnreclaim:        68172 kB
KernelStack:       39168 kB
PageTables:        51688 kB
NFS_Unstable:          0 kB
Bounce:                0 kB
WritebackTmp:          0 kB
CommitLimit:     2152132 kB
Committed_AS:   122637028 kB
VmallocTotal:   251658176 kB
VmallocUsed:      138496 kB
VmallocChunk:   251403308 kB
Time pass: 323 sec

---2015-12-03 22:35:15
MemTotal:        2873608 kB
MemFree:          110236 kB
Buffers:           22056 kB
Cached:           928364 kB
SwapCached:           60 kB
Active:          1315612 kB
Inactive:         646280 kB
Active(anon):     811560 kB
Inactive(anon):   214888 kB
Active(file):     504052 kB
Inactive(file):   431392 kB
Unevictable:       13568 kB
Mlocked:               0 kB
SwapTotal:        715328 kB
SwapFree:         701860 kB
Dirty:               108 kB
Writeback:             0 kB
AnonPages:       1025088 kB
Mapped:           610948 kB
Shmem:              1408 kB
Slab:             100228 kB
SReclaimable:      32060 kB
SUnreclaim:        68168 kB
KernelStack:       38288 kB
PageTables:        50620 kB
NFS_Unstable:          0 kB
Bounce:                0 kB
WritebackTmp:          0 kB
CommitLimit:     2152132 kB
Committed_AS:   120141924 kB
VmallocTotal:   251658176 kB
VmallocUsed:      136456 kB
VmallocChunk:   251403308 kB
Time pass: 326 sec

---2015-12-03 22:35:15
MemTotal:        2873608 kB
MemFree:           95636 kB
Buffers:           22064 kB
Cached:           928376 kB
SwapCached:           60 kB
Active:          1329368 kB
Inactive:         646292 kB
Active(anon):     825308 kB
Inactive(anon):   214908 kB
Active(file):     504060 kB
Inactive(file):   431384 kB
Unevictable:       13568 kB
Mlocked:               0 kB
SwapTotal:        715328 kB
SwapFree:         701860 kB
Dirty:                20 kB
Writeback:             0 kB
AnonPages:       1038792 kB
Mapped:           617952 kB
Shmem:              1428 kB
Slab:             100220 kB
SReclaimable:      32060 kB
SUnreclaim:        68160 kB
KernelStack:       38928 kB
PageTables:        51152 kB
NFS_Unstable:          0 kB
Bounce:                0 kB
WritebackTmp:          0 kB
CommitLimit:     2152132 kB
Committed_AS:   121399420 kB
VmallocTotal:   251658176 kB
VmallocUsed:      137476 kB
VmallocChunk:   251403308 kB
Time pass: 330 sec

---2015-12-03 22:35:15
MemTotal:        2873608 kB
MemFree:           95752 kB
Buffers:           22080 kB
Cached:           928384 kB
SwapCached:           60 kB
Active:          1329884 kB
Inactive:         646320 kB
Active(anon):     825832 kB
Inactive(anon):   214904 kB
Active(file):     504052 kB
Inactive(file):   431416 kB
Unevictable:       13568 kB
Mlocked:               0 kB
SwapTotal:        715328 kB
SwapFree:         701860 kB
Dirty:               120 kB
Writeback:             0 kB
AnonPages:       1039340 kB
Mapped:           617980 kB
Shmem:              1428 kB
Slab:             100220 kB
SReclaimable:      32060 kB
SUnreclaim:        68160 kB
KernelStack:       38944 kB
PageTables:        51140 kB
NFS_Unstable:          0 kB
Bounce:                0 kB
WritebackTmp:          0 kB
CommitLimit:     2152132 kB
Committed_AS:   121399528 kB
VmallocTotal:   251658176 kB
VmallocUsed:      137476 kB
VmallocChunk:   251403308 kB
Time pass: 334 sec

---2015-12-03 22:35:15
MemTotal:        2873608 kB
MemFree:           95728 kB
Buffers:           22080 kB
Cached:           928384 kB
SwapCached:           60 kB
Active:          1328920 kB
Inactive:         646316 kB
Active(anon):     824864 kB
Inactive(anon):   214904 kB
Active(file):     504056 kB
Inactive(file):   431412 kB
Unevictable:       13568 kB
Mlocked:               0 kB
SwapTotal:        715328 kB
SwapFree:         701860 kB
Dirty:                 0 kB
Writeback:             0 kB
AnonPages:       1038344 kB
Mapped:           618032 kB
Shmem:              1428 kB
Slab:             100188 kB
SReclaimable:      32060 kB
SUnreclaim:        68128 kB
KernelStack:       38944 kB
PageTables:        51184 kB
NFS_Unstable:          0 kB
Bounce:                0 kB
WritebackTmp:          0 kB
CommitLimit:     2152132 kB
Committed_AS:   121399632 kB
VmallocTotal:   251658176 kB
VmallocUsed:      137476 kB
VmallocChunk:   251403308 kB
Time pass: 338 sec

---2015-12-03 22:35:15
MemTotal:        2873608 kB
MemFree:           94844 kB
Buffers:           22104 kB
Cached:           928384 kB
SwapCached:           60 kB
Active:          1329048 kB
Inactive:         646340 kB
Active(anon):     824992 kB
Inactive(anon):   214904 kB
Active(file):     504056 kB
Inactive(file):   431436 kB
Unevictable:       13568 kB
Mlocked:               0 kB
SwapTotal:        715328 kB
SwapFree:         701860 kB
Dirty:                56 kB
Writeback:             0 kB
AnonPages:       1038508 kB
Mapped:           617952 kB
Shmem:              1428 kB
Slab:             100216 kB
SReclaimable:      32060 kB
SUnreclaim:        68156 kB
KernelStack:       38944 kB
PageTables:        51156 kB
NFS_Unstable:          0 kB
Bounce:                0 kB
WritebackTmp:          0 kB
CommitLimit:     2152132 kB
Committed_AS:   121399624 kB
VmallocTotal:   251658176 kB
VmallocUsed:      137476 kB
VmallocChunk:   251403308 kB
Time pass: 341 sec

---2015-12-03 22:35:15
MemTotal:        2873608 kB
MemFree:          102316 kB
Buffers:           22120 kB
Cached:           928384 kB
SwapCached:           60 kB
Active:          1323360 kB
Inactive:         646348 kB
Active(anon):     819304 kB
Inactive(anon):   214904 kB
Active(file):     504056 kB
Inactive(file):   431444 kB
Unevictable:       13568 kB
Mlocked:               0 kB
SwapTotal:        715328 kB
SwapFree:         701860 kB
Dirty:                68 kB
Writeback:             0 kB
AnonPages:       1032616 kB
Mapped:           611004 kB
Shmem:              1428 kB
Slab:             100188 kB
SReclaimable:      32060 kB
SUnreclaim:        68128 kB
KernelStack:       38272 kB
PageTables:        50608 kB
NFS_Unstable:          0 kB
Bounce:                0 kB
WritebackTmp:          0 kB
CommitLimit:     2152132 kB
Committed_AS:   120142028 kB
VmallocTotal:   251658176 kB
VmallocUsed:      136456 kB
VmallocChunk:   251403308 kB
Time pass: 345 sec

---2015-12-03 22:35:15
MemTotal:        2873608 kB
MemFree:           86780 kB
Buffers:           22120 kB
Cached:           928384 kB
SwapCached:           60 kB
Active:          1338404 kB
Inactive:         646356 kB
Active(anon):     834348 kB
Inactive(anon):   214904 kB
Active(file):     504056 kB
Inactive(file):   431452 kB
Unevictable:       13568 kB
Mlocked:               0 kB
SwapTotal:        715328 kB
SwapFree:         701860 kB
Dirty:                32 kB
Writeback:             0 kB
AnonPages:       1047844 kB
Mapped:           617984 kB
Shmem:              1428 kB
Slab:             100196 kB
SReclaimable:      32060 kB
SUnreclaim:        68136 kB
KernelStack:       38944 kB
PageTables:        51160 kB
NFS_Unstable:          0 kB
Bounce:                0 kB
WritebackTmp:          0 kB
CommitLimit:     2152132 kB
Committed_AS:   121399600 kB
VmallocTotal:   251658176 kB
VmallocUsed:      137476 kB
VmallocChunk:   251403308 kB
Time pass: 349 sec

---2015-12-03 22:35:15
MemTotal:        2873608 kB
MemFree:           86228 kB
Buffers:           22136 kB
Cached:           928376 kB
SwapCached:           60 kB
Active:          1338456 kB
Inactive:         646364 kB
Active(anon):     834400 kB
Inactive(anon):   214904 kB
Active(file):     504056 kB
Inactive(file):   431460 kB
Unevictable:       13568 kB
Mlocked:               0 kB
SwapTotal:        715328 kB
SwapFree:         701860 kB
Dirty:               104 kB
Writeback:             0 kB
AnonPages:       1047996 kB
Mapped:           618116 kB
Shmem:              1428 kB
Slab:             100192 kB
SReclaimable:      32060 kB
SUnreclaim:        68132 kB
KernelStack:       38944 kB
PageTables:        51216 kB
NFS_Unstable:          0 kB
Bounce:                0 kB
WritebackTmp:          0 kB
CommitLimit:     2152132 kB
Committed_AS:   121399648 kB
VmallocTotal:   251658176 kB
VmallocUsed:      137476 kB
VmallocChunk:   251403308 kB
Time pass: 353 sec

---2015-12-03 22:35:15
MemTotal:        2873608 kB
MemFree:           86440 kB
Buffers:           22136 kB
Cached:           928384 kB
SwapCached:           60 kB
Active:          1337548 kB
Inactive:         646372 kB
Active(anon):     833492 kB
Inactive(anon):   214904 kB
Active(file):     504056 kB
Inactive(file):   431468 kB
Unevictable:       13568 kB
Mlocked:               0 kB
SwapTotal:        715328 kB
SwapFree:         701860 kB
Dirty:                 0 kB
Writeback:             0 kB
AnonPages:       1046884 kB
Mapped:           617988 kB
Shmem:              1428 kB
Slab:             100192 kB
SReclaimable:      32060 kB
SUnreclaim:        68132 kB
KernelStack:       38944 kB
PageTables:        51248 kB
NFS_Unstable:          0 kB
Bounce:                0 kB
WritebackTmp:          0 kB
CommitLimit:     2152132 kB
Committed_AS:   121399648 kB
VmallocTotal:   251658176 kB
VmallocUsed:      137476 kB
VmallocChunk:   251403308 kB
Time pass: 356 sec

---2015-12-03 22:35:15
MemTotal:        2873608 kB
MemFree:           86788 kB
Buffers:           22144 kB
Cached:           928388 kB
SwapCached:           60 kB
Active:          1337572 kB
Inactive:         646384 kB
Active(anon):     833516 kB
Inactive(anon):   214904 kB
Active(file):     504056 kB
Inactive(file):   431480 kB
Unevictable:       13568 kB
Mlocked:               0 kB
SwapTotal:        715328 kB
SwapFree:         701860 kB
Dirty:                60 kB
Writeback:             0 kB
AnonPages:       1046916 kB
Mapped:           618004 kB
Shmem:              1428 kB
Slab:             100192 kB
SReclaimable:      32060 kB
SUnreclaim:        68132 kB
KernelStack:       38944 kB
PageTables:        51156 kB
NFS_Unstable:          0 kB
Bounce:                0 kB
WritebackTmp:          0 kB
CommitLimit:     2152132 kB
Committed_AS:   121399640 kB
VmallocTotal:   251658176 kB
VmallocUsed:      137476 kB
VmallocChunk:   251403308 kB
Time pass: 360 sec

---2015-12-03 22:35:15
MemTotal:        2873608 kB
MemFree:           93944 kB
Buffers:           22160 kB
Cached:           928388 kB
SwapCached:           60 kB
Active:          1332216 kB
Inactive:         646396 kB
Active(anon):     828156 kB
Inactive(anon):   214904 kB
Active(file):     504060 kB
Inactive(file):   431492 kB
Unevictable:       13568 kB
Mlocked:               0 kB
SwapTotal:        715328 kB
SwapFree:         701860 kB
Dirty:                 4 kB
Writeback:             0 kB
AnonPages:       1041616 kB
Mapped:           611040 kB
Shmem:              1428 kB
Slab:             100188 kB
SReclaimable:      32060 kB
SUnreclaim:        68128 kB
KernelStack:       38224 kB
PageTables:        50608 kB
NFS_Unstable:          0 kB
Bounce:                0 kB
WritebackTmp:          0 kB
CommitLimit:     2152132 kB
Committed_AS:   120142044 kB
VmallocTotal:   251658176 kB
VmallocUsed:      136456 kB
VmallocChunk:   251403308 kB
Time pass: 364 sec

---2015-12-03 22:35:15
MemTotal:        2873608 kB
MemFree:           78956 kB
Buffers:           22168 kB
Cached:           928388 kB
SwapCached:           60 kB
Active:          1346992 kB
Inactive:         646404 kB
Active(anon):     842932 kB
Inactive(anon):   214904 kB
Active(file):     504060 kB
Inactive(file):   431500 kB
Unevictable:       13568 kB
Mlocked:               0 kB
SwapTotal:        715328 kB
SwapFree:         701860 kB
Dirty:                96 kB
Writeback:             0 kB
AnonPages:       1056528 kB
Mapped:           617828 kB
Shmem:              1428 kB
Slab:             100188 kB
SReclaimable:      32060 kB
SUnreclaim:        68128 kB
KernelStack:       38944 kB
PageTables:        51168 kB
NFS_Unstable:          0 kB
Bounce:                0 kB
WritebackTmp:          0 kB
CommitLimit:     2152132 kB
Committed_AS:   121399648 kB
VmallocTotal:   251658176 kB
VmallocUsed:      137476 kB
VmallocChunk:   251403308 kB
Time pass: 368 sec

---2015-12-03 22:35:15
MemTotal:        2873608 kB
MemFree:           74844 kB
Buffers:           22184 kB
Cached:           928388 kB
SwapCached:           60 kB
Active:          1349996 kB
Inactive:         646416 kB
Active(anon):     845932 kB
Inactive(anon):   214904 kB
Active(file):     504064 kB
Inactive(file):   431512 kB
Unevictable:       13568 kB
Mlocked:               0 kB
SwapTotal:        715328 kB
SwapFree:         701860 kB
Dirty:                96 kB
Writeback:             0 kB
AnonPages:       1059296 kB
Mapped:           619364 kB
Shmem:              1428 kB
Slab:             100188 kB
SReclaimable:      32060 kB
SUnreclaim:        68128 kB
KernelStack:       39168 kB
PageTables:        51676 kB
NFS_Unstable:          0 kB
Bounce:                0 kB
WritebackTmp:          0 kB
CommitLimit:     2152132 kB
Committed_AS:   122635772 kB
VmallocTotal:   251658176 kB
VmallocUsed:      138496 kB
VmallocChunk:   251403308 kB
Time pass: 371 sec

---2015-12-03 22:35:15
MemTotal:        2873608 kB
MemFree:           74388 kB
Buffers:           22200 kB
Cached:           928388 kB
SwapCached:           60 kB
Active:          1349532 kB
Inactive:         646428 kB
Active(anon):     845468 kB
Inactive(anon):   214900 kB
Active(file):     504064 kB
Inactive(file):   431528 kB
Unevictable:       13568 kB
Mlocked:               0 kB
SwapTotal:        715328 kB
SwapFree:         701860 kB
Dirty:                 0 kB
Writeback:             0 kB
AnonPages:       1059080 kB
Mapped:           619292 kB
Shmem:              1428 kB
Slab:             100188 kB
SReclaimable:      32060 kB
SUnreclaim:        68128 kB
KernelStack:       39168 kB
PageTables:        51696 kB
NFS_Unstable:          0 kB
Bounce:                0 kB
WritebackTmp:          0 kB
CommitLimit:     2152132 kB
Committed_AS:   122635896 kB
VmallocTotal:   251658176 kB
VmallocUsed:      138496 kB
VmallocChunk:   251403308 kB
Time pass: 375 sec

---2015-12-03 22:35:15
MemTotal:        2873608 kB
MemFree:           73068 kB
Buffers:           22216 kB
Cached:           928388 kB
SwapCached:           60 kB
Active:          1349540 kB
Inactive:         646444 kB
Active(anon):     845476 kB
Inactive(anon):   214900 kB
Active(file):     504064 kB
Inactive(file):   431544 kB
Unevictable:       13568 kB
Mlocked:               0 kB
SwapTotal:        715328 kB
SwapFree:         701860 kB
Dirty:                64 kB
Writeback:             0 kB
AnonPages:       1058984 kB
Mapped:           619380 kB
Shmem:              1428 kB
Slab:             100188 kB
SReclaimable:      32060 kB
SUnreclaim:        68128 kB
KernelStack:       39168 kB
PageTables:        51696 kB
NFS_Unstable:          0 kB
Bounce:                0 kB
WritebackTmp:          0 kB
CommitLimit:     2152132 kB
Committed_AS:   122635896 kB
VmallocTotal:   251658176 kB
VmallocUsed:      138508 kB
VmallocChunk:   251403308 kB
Time pass: 379 sec

---2015-12-03 22:35:15
MemTotal:        2873608 kB
MemFree:           81304 kB
Buffers:           22232 kB
Cached:           928388 kB
SwapCached:           60 kB
Active:          1343084 kB
Inactive:         646460 kB
Active(anon):     839020 kB
Inactive(anon):   214900 kB
Active(file):     504064 kB
Inactive(file):   431560 kB
Unevictable:       13568 kB
Mlocked:               0 kB
SwapTotal:        715328 kB
SwapFree:         701860 kB
Dirty:                76 kB
Writeback:             0 kB
AnonPages:       1052460 kB
Mapped:           612336 kB
Shmem:              1428 kB
Slab:             100140 kB
SReclaimable:      32060 kB
SUnreclaim:        68080 kB
KernelStack:       38576 kB
PageTables:        51188 kB
NFS_Unstable:          0 kB
Bounce:                0 kB
WritebackTmp:          0 kB
CommitLimit:     2152132 kB
Committed_AS:   121378340 kB
VmallocTotal:   251658176 kB
VmallocUsed:      137488 kB
VmallocChunk:   251403308 kB
Time pass: 382 sec

---2015-12-03 22:35:15
MemTotal:        2873608 kB
MemFree:           69156 kB
Buffers:           23340 kB
Cached:           912596 kB
SwapCached:           80 kB
Active:          1359016 kB
Inactive:         642020 kB
Active(anon):     864260 kB
Inactive(anon):   215888 kB
Active(file):     494756 kB
Inactive(file):   426132 kB
Unevictable:       13568 kB
Mlocked:               0 kB
SwapTotal:        715328 kB
SwapFree:         700512 kB
Dirty:               168 kB
Writeback:             0 kB
AnonPages:       1078820 kB
Mapped:           629180 kB
Shmem:              1428 kB
Slab:              98392 kB
SReclaimable:      30312 kB
SUnreclaim:        68080 kB
KernelStack:       39264 kB
PageTables:        52552 kB
NFS_Unstable:          0 kB
Bounce:                0 kB
WritebackTmp:          0 kB
CommitLimit:     2152132 kB
Committed_AS:   125655564 kB
VmallocTotal:   251658176 kB
VmallocUsed:      140548 kB
VmallocChunk:   251403308 kB
Time pass: 386 sec

---2015-12-03 22:35:15
MemTotal:        2873608 kB
MemFree:           68068 kB
Buffers:           22944 kB
