---2015-11-23 23:33:11
MemTotal:        1386568 kB
MemFree:           35436 kB
Buffers:           10668 kB
Cached:           636624 kB
SwapCached:         4000 kB
Active:           554584 kB
Inactive:         582348 kB
Active(anon):     242728 kB
Inactive(anon):   250560 kB
Active(file):     311856 kB
Inactive(file):   331788 kB
Unevictable:        3132 kB
Mlocked:               0 kB
HighTotal:        849920 kB
HighFree:          12484 kB
LowTotal:         536648 kB
LowFree:           22952 kB
SwapTotal:        786428 kB
SwapFree:         740148 kB
Dirty:                 4 kB
Writeback:             0 kB
AnonPages:        491456 kB
Mapped:           318128 kB
Shmem:               516 kB
Slab:              52976 kB
SReclaimable:      17136 kB
SUnreclaim:        35840 kB
KernelStack:       14176 kB
PageTables:        44704 kB
NFS_Unstable:          0 kB
Bounce:                0 kB
WritebackTmp:          0 kB
CommitLimit:     1479712 kB
Committed_AS:   103196056 kB
VmallocTotal:     319488 kB
VmallocUsed:       21260 kB
VmallocChunk:     157708 kB
Time pass: 3 sec

---2015-11-23 23:33:11
MemTotal:        1386568 kB
MemFree:           35672 kB
Buffers:           10676 kB
Cached:           636652 kB
SwapCached:         4000 kB
Active:           554724 kB
Inactive:         582384 kB
Active(anon):     242868 kB
Inactive(anon):   250560 kB
Active(file):     311856 kB
Inactive(file):   331824 kB
Unevictable:        3132 kB
Mlocked:               0 kB
HighTotal:        849920 kB
HighFree:          12580 kB
LowTotal:         536648 kB
LowFree:           23092 kB
SwapTotal:        786428 kB
SwapFree:         740148 kB
Dirty:                20 kB
Writeback:             0 kB
AnonPages:        491520 kB
Mapped:           318148 kB
Shmem:               516 kB
Slab:              52924 kB
SReclaimable:      17136 kB
SUnreclaim:        35788 kB
KernelStack:       14176 kB
PageTables:        44704 kB
NFS_Unstable:          0 kB
Bounce:                0 kB
WritebackTmp:          0 kB
CommitLimit:     1479712 kB
Committed_AS:   103196280 kB
VmallocTotal:     319488 kB
VmallocUsed:       21260 kB
VmallocChunk:     157708 kB
Time pass: 7 sec

---2015-11-23 23:33:11
MemTotal:        1386568 kB
MemFree:           32340 kB
Buffers:           10788 kB
Cached:           627860 kB
SwapCached:         4092 kB
Active:           559368 kB
Inactive:         576452 kB
Active(anon):     249444 kB
Inactive(anon):   251344 kB
Active(file):     309924 kB
Inactive(file):   325108 kB
Unevictable:        3132 kB
Mlocked:               0 kB
HighTotal:        849920 kB
HighFree:           9152 kB
LowTotal:         536648 kB
LowFree:           23188 kB
SwapTotal:        786428 kB
SwapFree:         736992 kB
Dirty:               792 kB
Writeback:             0 kB
AnonPages:        498932 kB
Mapped:           331108 kB
Shmem:               516 kB
Slab:              53016 kB
SReclaimable:      17192 kB
SUnreclaim:        35824 kB
KernelStack:       14496 kB
PageTables:        45228 kB
NFS_Unstable:          0 kB
Bounce:                0 kB
WritebackTmp:          0 kB
CommitLimit:     1479712 kB
Committed_AS:   104488092 kB
VmallocTotal:     319488 kB
VmallocUsed:       21564 kB
VmallocChunk:     157708 kB
Time pass: 11 sec

---2015-11-23 23:33:11
MemTotal:        1386568 kB
MemFree:           29056 kB
Buffers:           10852 kB
Cached:           597308 kB
SwapCached:         4696 kB
Active:           557488 kB
Inactive:         560520 kB
Active(anon):     255324 kB
Inactive(anon):   258304 kB
Active(file):     302164 kB
Inactive(file):   302216 kB
Unevictable:        3132 kB
Mlocked:               0 kB
HighTotal:        849920 kB
HighFree:          10284 kB
LowTotal:         536648 kB
LowFree:           18772 kB
SwapTotal:        786428 kB
SwapFree:         733184 kB
Dirty:              1180 kB
Writeback:             0 kB
AnonPages:        511556 kB
Mapped:           344424 kB
Shmem:               648 kB
Slab:              53344 kB
SReclaimable:      17256 kB
SUnreclaim:        36088 kB
KernelStack:       14768 kB
PageTables:        45552 kB
NFS_Unstable:          0 kB
Bounce:                0 kB
WritebackTmp:          0 kB
CommitLimit:     1479712 kB
Committed_AS:   104508176 kB
VmallocTotal:     319488 kB
VmallocUsed:       21492 kB
VmallocChunk:     157708 kB
Time pass: 14 sec

---2015-11-23 23:33:11
MemTotal:        1386568 kB
MemFree:           38244 kB
Buffers:           10824 kB
Cached:           594372 kB
SwapCached:         4620 kB
Active:           549884 kB
Inactive:         547152 kB
Active(anon):     249532 kB
Inactive(anon):   246088 kB
Active(file):     300352 kB
Inactive(file):   301064 kB
Unevictable:        3132 kB
Mlocked:               0 kB
HighTotal:        849920 kB
HighFree:          12660 kB
LowTotal:         536648 kB
LowFree:           25584 kB
SwapTotal:        786428 kB
SwapFree:         732920 kB
Dirty:               344 kB
Writeback:             0 kB
AnonPages:        493472 kB
Mapped:           348456 kB
Shmem:               648 kB
Slab:              52968 kB
SReclaimable:      17224 kB
SUnreclaim:        35744 kB
KernelStack:       14360 kB
PageTables:        44508 kB
NFS_Unstable:          0 kB
Bounce:                0 kB
WritebackTmp:          0 kB
CommitLimit:     1479712 kB
Committed_AS:   102023256 kB
VmallocTotal:     319488 kB
VmallocUsed:       20520 kB
VmallocChunk:     157708 kB
Time pass: 19 sec

---2015-11-23 23:33:11
MemTotal:        1386568 kB
MemFree:           26708 kB
Buffers:           10700 kB
Cached:           589132 kB
SwapCached:         4680 kB
Active:           544576 kB
Inactive:         549116 kB
Active(anon):     246940 kB
Inactive(anon):   250724 kB
Active(file):     297636 kB
Inactive(file):   298392 kB
Unevictable:        3132 kB
Mlocked:               0 kB
HighTotal:        849920 kB
HighFree:           8716 kB
LowTotal:         536648 kB
LowFree:           17992 kB
SwapTotal:        786428 kB
SwapFree:         731696 kB
Dirty:                72 kB
Writeback:             0 kB
AnonPages:        495504 kB
Mapped:           358356 kB
Shmem:               648 kB
Slab:              52800 kB
SReclaimable:      17224 kB
SUnreclaim:        35576 kB
KernelStack:       14512 kB
PageTables:        44660 kB
NFS_Unstable:          0 kB
Bounce:                0 kB
WritebackTmp:          0 kB
CommitLimit:     1479712 kB
Committed_AS:   102034136 kB
VmallocTotal:     319488 kB
VmallocUsed:       20712 kB
VmallocChunk:     157708 kB
Time pass: 22 sec

---2015-11-23 23:33:11
MemTotal:        1386568 kB
MemFree:           28784 kB
Buffers:           10704 kB
Cached:           584848 kB
SwapCached:         4680 kB
Active:           544076 kB
Inactive:         547424 kB
Active(anon):     248372 kB
Inactive(anon):   251356 kB
Active(file):     295704 kB
Inactive(file):   296068 kB
Unevictable:        3132 kB
Mlocked:               0 kB
HighTotal:        849920 kB
HighFree:          10292 kB
LowTotal:         536648 kB
LowFree:           18492 kB
SwapTotal:        786428 kB
SwapFree:         731324 kB
Dirty:                60 kB
Writeback:             0 kB
AnonPages:        497664 kB
Mapped:           358916 kB
Shmem:               648 kB
Slab:              53460 kB
SReclaimable:      17224 kB
SUnreclaim:        36236 kB
KernelStack:       14368 kB
PageTables:        44624 kB
NFS_Unstable:          0 kB
Bounce:                0 kB
WritebackTmp:          0 kB
CommitLimit:     1479712 kB
Committed_AS:   102038028 kB
VmallocTotal:     319488 kB
VmallocUsed:       20712 kB
VmallocChunk:     157708 kB
Time pass: 26 sec

---2015-11-23 23:33:11
MemTotal:        1386568 kB
MemFree:           79332 kB
Buffers:           10704 kB
Cached:           580764 kB
SwapCached:         4704 kB
Active:           507936 kB
Inactive:         540848 kB
Active(anon):     214772 kB
Inactive(anon):   246232 kB
Active(file):     293164 kB
Inactive(file):   294616 kB
Unevictable:        3132 kB
Mlocked:               0 kB
HighTotal:        849920 kB
HighFree:          35124 kB
LowTotal:         536648 kB
LowFree:           44208 kB
SwapTotal:        786428 kB
SwapFree:         730760 kB
Dirty:               116 kB
Writeback:             0 kB
AnonPages:        458880 kB
Mapped:           342320 kB
Shmem:               524 kB
Slab:              52992 kB
SReclaimable:      17216 kB
SUnreclaim:        35776 kB
KernelStack:       12968 kB
PageTables:        37536 kB
NFS_Unstable:          0 kB
Bounce:                0 kB
WritebackTmp:          0 kB
CommitLimit:     1479712 kB
Committed_AS:   84631560 kB
VmallocTotal:     319488 kB
VmallocUsed:       20376 kB
VmallocChunk:     157708 kB
Time pass: 29 sec

---2015-11-23 23:33:11
MemTotal:        1386568 kB
MemFree:           60956 kB
Buffers:           10716 kB
Cached:           582736 kB
SwapCached:         4716 kB
Active:           523384 kB
Inactive:         540704 kB
Active(anon):     230008 kB
Inactive(anon):   244292 kB
Active(file):     293376 kB
Inactive(file):   296412 kB
Unevictable:        3132 kB
Mlocked:               0 kB
HighTotal:        849920 kB
HighFree:           9328 kB
LowTotal:         536648 kB
LowFree:           51628 kB
SwapTotal:        786428 kB
SwapFree:         730784 kB
Dirty:               636 kB
Writeback:             0 kB
AnonPages:        472148 kB
Mapped:           345932 kB
Shmem:               520 kB
Slab:              53132 kB
SReclaimable:      17256 kB
SUnreclaim:        35876 kB
KernelStack:       12992 kB
PageTables:        37600 kB
NFS_Unstable:          0 kB
Bounce:                0 kB
WritebackTmp:          0 kB
CommitLimit:     1479712 kB
Committed_AS:   84641792 kB
VmallocTotal:     319488 kB
VmallocUsed:       20352 kB
VmallocChunk:     157708 kB
Time pass: 33 sec

---2015-11-23 23:33:11
MemTotal:        1386568 kB
MemFree:           55524 kB
Buffers:           10728 kB
Cached:           582924 kB
SwapCached:         4852 kB
Active:           522428 kB
Inactive:         540824 kB
Active(anon):     229032 kB
Inactive(anon):   244220 kB
Active(file):     293396 kB
Inactive(file):   296604 kB
Unevictable:        3132 kB
Mlocked:               0 kB
HighTotal:        849920 kB
HighFree:           9600 kB
LowTotal:         536648 kB
LowFree:           45924 kB
SwapTotal:        786428 kB
SwapFree:         731156 kB
Dirty:               272 kB
Writeback:             0 kB
AnonPages:        471244 kB
Mapped:           352420 kB
Shmem:               520 kB
Slab:              53084 kB
SReclaimable:      17248 kB
SUnreclaim:        35836 kB
KernelStack:       12944 kB
PageTables:        37608 kB
NFS_Unstable:          0 kB
Bounce:                0 kB
WritebackTmp:          0 kB
CommitLimit:     1479712 kB
Committed_AS:   84630232 kB
VmallocTotal:     319488 kB
VmallocUsed:       20500 kB
VmallocChunk:     157708 kB
Time pass: 37 sec

---2015-11-23 23:33:11
MemTotal:        1386568 kB
MemFree:           56636 kB
Buffers:           10736 kB
Cached:           582916 kB
SwapCached:         4852 kB
Active:           522684 kB
Inactive:         540824 kB
Active(anon):     229288 kB
Inactive(anon):   244220 kB
Active(file):     293396 kB
Inactive(file):   296604 kB
Unevictable:        3132 kB
Mlocked:               0 kB
HighTotal:        849920 kB
HighFree:          10064 kB
LowTotal:         536648 kB
LowFree:           46572 kB
SwapTotal:        786428 kB
SwapFree:         731156 kB
Dirty:                12 kB
Writeback:             0 kB
AnonPages:        471460 kB
Mapped:           352324 kB
Shmem:               520 kB
Slab:              52924 kB
SReclaimable:      17248 kB
SUnreclaim:        35676 kB
KernelStack:       12944 kB
PageTables:        37612 kB
NFS_Unstable:          0 kB
Bounce:                0 kB
WritebackTmp:          0 kB
CommitLimit:     1479712 kB
Committed_AS:   84630472 kB
VmallocTotal:     319488 kB
VmallocUsed:       20296 kB
VmallocChunk:     157708 kB
Time pass: 40 sec

---2015-11-23 23:33:11
MemTotal:        1386568 kB
MemFree:           40536 kB
Buffers:           10744 kB
Cached:           584712 kB
SwapCached:         4852 kB
Active:           525500 kB
Inactive:         542528 kB
Active(anon):     232056 kB
Inactive(anon):   244216 kB
Active(file):     293444 kB
Inactive(file):   298312 kB
Unevictable:        3132 kB
Mlocked:               0 kB
HighTotal:        849920 kB
HighFree:           8704 kB
LowTotal:         536648 kB
LowFree:           31832 kB
SwapTotal:        786428 kB
SwapFree:         731156 kB
Dirty:               320 kB
Writeback:             0 kB
AnonPages:        474144 kB
Mapped:           360524 kB
Shmem:               520 kB
Slab:              52820 kB
SReclaimable:      17256 kB
SUnreclaim:        35564 kB
KernelStack:       12944 kB
PageTables:        37636 kB
NFS_Unstable:          0 kB
Bounce:                0 kB
WritebackTmp:          0 kB
CommitLimit:     1479712 kB
Committed_AS:   84635224 kB
VmallocTotal:     319488 kB
VmallocUsed:       20512 kB
VmallocChunk:     157708 kB
Time pass: 44 sec

---2015-11-23 23:33:11
MemTotal:        1386568 kB
MemFree:           30872 kB
Buffers:           10824 kB
Cached:           578240 kB
SwapCached:         4860 kB
Active:           532492 kB
Inactive:         536260 kB
Active(anon):     239928 kB
Inactive(anon):   243484 kB
Active(file):     292564 kB
Inactive(file):   292776 kB
Unevictable:        3132 kB
Mlocked:               0 kB
HighTotal:        849920 kB
HighFree:          10332 kB
LowTotal:         536648 kB
LowFree:           20540 kB
SwapTotal:        786428 kB
SwapFree:         730296 kB
Dirty:               696 kB
Writeback:             0 kB
AnonPages:        481332 kB
Mapped:           366928 kB
Shmem:               520 kB
Slab:              53304 kB
SReclaimable:      17296 kB
SUnreclaim:        36008 kB
KernelStack:       12984 kB
PageTables:        37684 kB
NFS_Unstable:          0 kB
Bounce:                0 kB
WritebackTmp:          0 kB
CommitLimit:     1479712 kB
Committed_AS:   84640040 kB
VmallocTotal:     319488 kB
VmallocUsed:       20400 kB
VmallocChunk:     157708 kB
Time pass: 47 sec

---2015-11-23 23:33:11
MemTotal:        1386568 kB
MemFree:           26208 kB
Buffers:           10812 kB
Cached:           580252 kB
SwapCached:         4864 kB
Active:           534652 kB
Inactive:         538632 kB
Active(anon):     241948 kB
Inactive(anon):   244076 kB
Active(file):     292704 kB
Inactive(file):   294556 kB
Unevictable:        3132 kB
Mlocked:               0 kB
HighTotal:        849920 kB
HighFree:           8880 kB
LowTotal:         536648 kB
LowFree:           17328 kB
SwapTotal:        786428 kB
SwapFree:         730148 kB
Dirty:                 4 kB
Writeback:             0 kB
AnonPages:        483920 kB
Mapped:           368888 kB
Shmem:               520 kB
Slab:              52780 kB
SReclaimable:      17280 kB
SUnreclaim:        35500 kB
KernelStack:       12992 kB
PageTables:        37684 kB
NFS_Unstable:          0 kB
Bounce:                0 kB
WritebackTmp:          0 kB
CommitLimit:     1479712 kB
Committed_AS:   84648392 kB
VmallocTotal:     319488 kB
VmallocUsed:       20468 kB
VmallocChunk:     157708 kB
Time pass: 51 sec

---2015-11-23 23:33:11
MemTotal:        1386568 kB
MemFree:           24088 kB
Buffers:           10556 kB
Cached:           550280 kB
SwapCached:         5124 kB
Active:           526816 kB
Inactive:         527808 kB
Active(anon):     248404 kB
Inactive(anon):   249304 kB
Active(file):     278412 kB
Inactive(file):   278504 kB
Unevictable:        3132 kB
Mlocked:               0 kB
HighTotal:        849920 kB
HighFree:           6636 kB
LowTotal:         536648 kB
LowFree:           17452 kB
SwapTotal:        786428 kB
SwapFree:         726096 kB
Dirty:               388 kB
Writeback:             0 kB
AnonPages:        495532 kB
Mapped:           369416 kB
Shmem:               520 kB
Slab:              53552 kB
SReclaimable:      17304 kB
SUnreclaim:        36248 kB
KernelStack:       13208 kB
PageTables:        37920 kB
NFS_Unstable:          0 kB
Bounce:                0 kB
WritebackTmp:          0 kB
CommitLimit:     1479712 kB
Committed_AS:   84675200 kB
VmallocTotal:     319488 kB
VmallocUsed:       22944 kB
VmallocChunk:     157708 kB
Time pass: 55 sec

---2015-11-23 23:33:11
MemTotal:        1386568 kB
MemFree:           27940 kB
Buffers:           10504 kB
Cached:           540424 kB
SwapCached:         5180 kB
Active:           527584 kB
Inactive:         521940 kB
Active(anon):     254160 kB
Inactive(anon):   248248 kB
Active(file):     273424 kB
Inactive(file):   273692 kB
Unevictable:        3132 kB
Mlocked:               0 kB
HighTotal:        849920 kB
HighFree:           8700 kB
LowTotal:         536648 kB
LowFree:           19240 kB
SwapTotal:        786428 kB
SwapFree:         724068 kB
Dirty:                76 kB
Writeback:             0 kB
AnonPages:        500104 kB
Mapped:           367460 kB
Shmem:               680 kB
Slab:              53756 kB
SReclaimable:      17304 kB
SUnreclaim:        36452 kB
KernelStack:       13280 kB
PageTables:        37896 kB
NFS_Unstable:          0 kB
Bounce:                0 kB
WritebackTmp:          0 kB
CommitLimit:     1479712 kB
Committed_AS:   84679500 kB
VmallocTotal:     319488 kB
VmallocUsed:       22944 kB
VmallocChunk:     157708 kB
Time pass: 59 sec

---2015-11-23 23:33:11
MemTotal:        1386568 kB
MemFree:           28372 kB
Buffers:           10220 kB
Cached:           513616 kB
SwapCached:         5284 kB
Active:           510580 kB
Inactive:         509612 kB
Active(anon):     250752 kB
Inactive(anon):   249620 kB
Active(file):     259828 kB
Inactive(file):   259992 kB
Unevictable:        3132 kB
Mlocked:               0 kB
HighTotal:        849920 kB
HighFree:          11188 kB
LowTotal:         536648 kB
LowFree:           17184 kB
SwapTotal:        786428 kB
SwapFree:         719888 kB
Dirty:                40 kB
Writeback:             0 kB
AnonPages:        497908 kB
Mapped:           365784 kB
Shmem:               884 kB
Slab:              53808 kB
SReclaimable:      17336 kB
SUnreclaim:        36472 kB
KernelStack:       13264 kB
PageTables:        38028 kB
NFS_Unstable:          0 kB
Bounce:                0 kB
WritebackTmp:          0 kB
CommitLimit:     1479712 kB
Committed_AS:   84683628 kB
VmallocTotal:     319488 kB
VmallocUsed:       22944 kB
VmallocChunk:     157708 kB
Time pass: 63 sec

---2015-11-23 23:33:11
MemTotal:        1386568 kB
MemFree:           27316 kB
Buffers:           10220 kB
Cached:           513616 kB
SwapCached:         5284 kB
Active:           510880 kB
Inactive:         509668 kB
Active(anon):     251052 kB
Inactive(anon):   249676 kB
Active(file):     259828 kB
Inactive(file):   259992 kB
Unevictable:        3132 kB
Mlocked:               0 kB
HighTotal:        849920 kB
HighFree:           9388 kB
LowTotal:         536648 kB
LowFree:           17928 kB
SwapTotal:        786428 kB
SwapFree:         719892 kB
Dirty:                40 kB
Writeback:             0 kB
AnonPages:        498416 kB
Mapped:           365692 kB
Shmem:               884 kB
Slab:              53872 kB
SReclaimable:      17336 kB
SUnreclaim:        36536 kB
KernelStack:       13280 kB
PageTables:        38052 kB
NFS_Unstable:          0 kB
Bounce:                0 kB
WritebackTmp:          0 kB
CommitLimit:     1479712 kB
Committed_AS:   84683812 kB
VmallocTotal:     319488 kB
VmallocUsed:       22944 kB
VmallocChunk:     157708 kB
Time pass: 66 sec

---2015-11-23 23:33:11
MemTotal:        1386568 kB
MemFree:           27420 kB
Buffers:           10244 kB
Cached:           513648 kB
SwapCached:         5320 kB
Active:           511644 kB
Inactive:         509764 kB
Active(anon):     251816 kB
Inactive(anon):   249764 kB
Active(file):     259828 kB
Inactive(file):   260000 kB
Unevictable:        3132 kB
Mlocked:               0 kB
HighTotal:        849920 kB
HighFree:           8700 kB
LowTotal:         536648 kB
LowFree:           18720 kB
SwapTotal:        786428 kB
SwapFree:         719928 kB
Dirty:                28 kB
Writeback:             0 kB
AnonPages:        499032 kB
Mapped:           365892 kB
Shmem:               936 kB
Slab:              53944 kB
SReclaimable:      17336 kB
SUnreclaim:        36608 kB
KernelStack:       13280 kB
PageTables:        38076 kB
NFS_Unstable:          0 kB
Bounce:                0 kB
WritebackTmp:          0 kB
CommitLimit:     1479712 kB
Committed_AS:   84688052 kB
VmallocTotal:     319488 kB
VmallocUsed:       22944 kB
VmallocChunk:     157708 kB
Time pass: 70 sec

---2015-11-23 23:33:11
MemTotal:        1386568 kB
MemFree:           90184 kB
Buffers:           10252 kB
Cached:           514456 kB
SwapCached:         5320 kB
Active:           481088 kB
Inactive:         486780 kB
Active(anon):     221220 kB
Inactive(anon):   225996 kB
Active(file):     259868 kB
Inactive(file):   260784 kB
Unevictable:        3132 kB
Mlocked:               0 kB
HighTotal:        849920 kB
HighFree:          47004 kB
LowTotal:         536648 kB
LowFree:           43180 kB
SwapTotal:        786428 kB
SwapFree:         719928 kB
Dirty:                 4 kB
Writeback:             0 kB
AnonPages:        444652 kB
Mapped:           336780 kB
Shmem:               924 kB
Slab:              53036 kB
SReclaimable:      17324 kB
SUnreclaim:        35712 kB
KernelStack:       11864 kB
PageTables:        30940 kB
NFS_Unstable:          0 kB
Bounce:                0 kB
WritebackTmp:          0 kB
CommitLimit:     1479712 kB
Committed_AS:   67275384 kB
VmallocTotal:     319488 kB
VmallocUsed:       20904 kB
VmallocChunk:     157708 kB
Time pass: 74 sec

---2015-11-23 23:33:11
MemTotal:        1386568 kB
MemFree:           89648 kB
Buffers:           10268 kB
Cached:           514456 kB
SwapCached:         5320 kB
Active:           481696 kB
Inactive:         486796 kB
Active(anon):     221828 kB
Inactive(anon):   225996 kB
Active(file):     259868 kB
Inactive(file):   260800 kB
Unevictable:        3132 kB
Mlocked:               0 kB
HighTotal:        849920 kB
HighFree:          45176 kB
LowTotal:         536648 kB
LowFree:           44472 kB
SwapTotal:        786428 kB
SwapFree:         719928 kB
Dirty:                48 kB
Writeback:             0 kB
AnonPages:        445164 kB
Mapped:           336632 kB
Shmem:               924 kB
Slab:              52964 kB
SReclaimable:      17324 kB
SUnreclaim:        35640 kB
KernelStack:       11856 kB
PageTables:        30940 kB
NFS_Unstable:          0 kB
Bounce:                0 kB
WritebackTmp:          0 kB
CommitLimit:     1479712 kB
Committed_AS:   67279696 kB
VmallocTotal:     319488 kB
VmallocUsed:       20904 kB
VmallocChunk:     157708 kB
Time pass: 77 sec

---2015-11-23 23:33:11
MemTotal:        1386568 kB
MemFree:           90348 kB
Buffers:           10276 kB
Cached:           514484 kB
SwapCached:         5320 kB
Active:           481568 kB
Inactive:         486832 kB
Active(anon):     221700 kB
Inactive(anon):   226024 kB
Active(file):     259868 kB
Inactive(file):   260808 kB
Unevictable:        3132 kB
Mlocked:               0 kB
HighTotal:        849920 kB
HighFree:          45916 kB
LowTotal:         536648 kB
LowFree:           44432 kB
SwapTotal:        786428 kB
SwapFree:         719968 kB
Dirty:                28 kB
Writeback:             0 kB
AnonPages:        444988 kB
Mapped:           336760 kB
Shmem:               952 kB
Slab:              53188 kB
SReclaimable:      17324 kB
SUnreclaim:        35864 kB
KernelStack:       11880 kB
PageTables:        30948 kB
NFS_Unstable:          0 kB
Bounce:                0 kB
WritebackTmp:          0 kB
CommitLimit:     1479712 kB
Committed_AS:   67279784 kB
VmallocTotal:     319488 kB
VmallocUsed:       20836 kB
VmallocChunk:     157708 kB
Time pass: 81 sec

---2015-11-23 23:33:11
MemTotal:        1386568 kB
MemFree:           89264 kB
Buffers:           10308 kB
Cached:           520124 kB
SwapCached:         5356 kB
Active:           477876 kB
Inactive:         490840 kB
Active(anon):     216300 kB
Inactive(anon):   225604 kB
Active(file):     261576 kB
Inactive(file):   265236 kB
Unevictable:        3132 kB
Mlocked:               0 kB
HighTotal:        849920 kB
HighFree:          37196 kB
LowTotal:         536648 kB
LowFree:           52068 kB
SwapTotal:        786428 kB
SwapFree:         720012 kB
Dirty:                48 kB
Writeback:             0 kB
AnonPages:        439872 kB
Mapped:           339924 kB
Shmem:               508 kB
Slab:              53620 kB
SReclaimable:      17324 kB
SUnreclaim:        36296 kB
KernelStack:       11632 kB
PageTables:        31488 kB
NFS_Unstable:          0 kB
Bounce:                0 kB
WritebackTmp:          0 kB
CommitLimit:     1479712 kB
Committed_AS:   69756360 kB
VmallocTotal:     319488 kB
VmallocUsed:       20880 kB
VmallocChunk:     157708 kB
Time pass: 85 sec

---2015-11-23 23:33:11
MemTotal:        1386568 kB
MemFree:          206544 kB
Buffers:           10332 kB
Cached:           521568 kB
SwapCached:         5452 kB
Active:           419260 kB
Inactive:         490916 kB
Active(anon):     156152 kB
Inactive(anon):   225632 kB
Active(file):     263108 kB
Inactive(file):   265284 kB
Unevictable:        3132 kB
Mlocked:               0 kB
HighTotal:        849920 kB
HighFree:         112004 kB
LowTotal:         536648 kB
LowFree:           94540 kB
SwapTotal:        786428 kB
SwapFree:         720088 kB
Dirty:               204 kB
Writeback:             0 kB
AnonPages:        379664 kB
Mapped:           259900 kB
Shmem:               376 kB
Slab:              53444 kB
SReclaimable:      17324 kB
SUnreclaim:        36120 kB
KernelStack:       11200 kB
PageTables:        30920 kB
NFS_Unstable:          0 kB
Bounce:                0 kB
WritebackTmp:          0 kB
CommitLimit:     1479712 kB
Committed_AS:   69620036 kB
VmallocTotal:     319488 kB
VmallocUsed:       20452 kB
VmallocChunk:     157708 kB
Time pass: 89 sec

---2015-11-23 23:33:11
MemTotal:        1386568 kB
MemFree:          208224 kB
Buffers:           10332 kB
Cached:           521628 kB
SwapCached:         5452 kB
Active:           418492 kB
Inactive:         490320 kB
Active(anon):     154832 kB
Inactive(anon):   225528 kB
Active(file):     263660 kB
Inactive(file):   264792 kB
Unevictable:        3132 kB
Mlocked:               0 kB
HighTotal:        849920 kB
HighFree:         113448 kB
LowTotal:         536648 kB
LowFree:           94776 kB
SwapTotal:        786428 kB
SwapFree:         720088 kB
Dirty:                 0 kB
Writeback:             0 kB
AnonPages:        378144 kB
Mapped:           260024 kB
Shmem:               376 kB
Slab:              53432 kB
SReclaimable:      17324 kB
SUnreclaim:        36108 kB
KernelStack:       11208 kB
PageTables:        31004 kB
NFS_Unstable:          0 kB
Bounce:                0 kB
WritebackTmp:          0 kB
CommitLimit:     1479712 kB
Committed_AS:   69617284 kB
VmallocTotal:     319488 kB
VmallocUsed:       20384 kB
VmallocChunk:     157708 kB
Time pass: 92 sec

---2015-11-23 23:33:11
MemTotal:        1386568 kB
MemFree:          170844 kB
Buffers:           10396 kB
Cached:           523452 kB
SwapCached:         5464 kB
Active:           444708 kB
Inactive:         486520 kB
Active(anon):     175436 kB
Inactive(anon):   225556 kB
Active(file):     269272 kB
Inactive(file):   260964 kB
Unevictable:        3132 kB
Mlocked:               0 kB
HighTotal:        849920 kB
HighFree:          81432 kB
LowTotal:         536648 kB
LowFree:           89412 kB
SwapTotal:        786428 kB
SwapFree:         720108 kB
Dirty:               968 kB
Writeback:             0 kB
AnonPages:        398656 kB
Mapped:           296172 kB
Shmem:               508 kB
Slab:              52888 kB
SReclaimable:      17324 kB
SUnreclaim:        35564 kB
KernelStack:       11704 kB
PageTables:        31820 kB
NFS_Unstable:          0 kB
Bounce:                0 kB
WritebackTmp:          0 kB
CommitLimit:     1479712 kB
Committed_AS:   70929092 kB
VmallocTotal:     319488 kB
VmallocUsed:       20652 kB
VmallocChunk:     157708 kB
Time pass: 97 sec

---2015-11-23 23:33:11
MemTotal:        1386568 kB
MemFree:          150372 kB
Buffers:           10396 kB
Cached:           524836 kB
SwapCached:         5444 kB
Active:           455680 kB
Inactive:         484708 kB
Active(anon):     186360 kB
Inactive(anon):   222448 kB
Active(file):     269320 kB
Inactive(file):   262260 kB
Unevictable:        3132 kB
Mlocked:               0 kB
HighTotal:        849920 kB
HighFree:          54156 kB
LowTotal:         536648 kB
LowFree:           96216 kB
SwapTotal:        786428 kB
SwapFree:         720348 kB
Dirty:               100 kB
Writeback:             0 kB
AnonPages:        406592 kB
Mapped:           306892 kB
Shmem:               512 kB
Slab:              53336 kB
SReclaimable:      17300 kB
SUnreclaim:        36036 kB
KernelStack:       11824 kB
PageTables:        31836 kB
NFS_Unstable:          0 kB
Bounce:                0 kB
WritebackTmp:          0 kB
CommitLimit:     1479712 kB
Committed_AS:   70939852 kB
VmallocTotal:     319488 kB
VmallocUsed:       18408 kB
VmallocChunk:     157708 kB
Time pass: 101 sec

---2015-11-23 23:33:11
MemTotal:        1386568 kB
MemFree:          138368 kB
Buffers:           10444 kB
Cached:           525112 kB
SwapCached:         5444 kB
Active:           459104 kB
Inactive:         484764 kB
Active(anon):     189512 kB
Inactive(anon):   222448 kB
Active(file):     269592 kB
Inactive(file):   262316 kB
Unevictable:        3132 kB
Mlocked:               0 kB
HighTotal:        849920 kB
HighFree:          41696 kB
LowTotal:         536648 kB
LowFree:           96672 kB
SwapTotal:        786428 kB
SwapFree:         720348 kB
Dirty:               564 kB
Writeback:             0 kB
AnonPages:        409660 kB
Mapped:           316152 kB
Shmem:               512 kB
Slab:              53544 kB
SReclaimable:      17300 kB
SUnreclaim:        36244 kB
KernelStack:       11784 kB
PageTables:        31848 kB
NFS_Unstable:          0 kB
Bounce:                0 kB
WritebackTmp:          0 kB
CommitLimit:     1479712 kB
Committed_AS:   70940044 kB
VmallocTotal:     319488 kB
VmallocUsed:       18300 kB
VmallocChunk:     157708 kB
Time pass: 104 sec

---2015-11-23 23:33:11
MemTotal:        1386568 kB
MemFree:          123936 kB
Buffers:           10452 kB
Cached:           525332 kB
SwapCached:         5440 kB
Active:           464560 kB
Inactive:         484680 kB
Active(anon):     194656 kB
Inactive(anon):   222444 kB
Active(file):     269904 kB
Inactive(file):   262236 kB
Unevictable:        3132 kB
Mlocked:               0 kB
HighTotal:        849920 kB
HighFree:          27048 kB
LowTotal:         536648 kB
LowFree:           96888 kB
SwapTotal:        786428 kB
SwapFree:         720352 kB
Dirty:               520 kB
Writeback:             0 kB
AnonPages:        414840 kB
Mapped:           324620 kB
Shmem:               512 kB
Slab:              52944 kB
SReclaimable:      17316 kB
SUnreclaim:        35628 kB
KernelStack:       11792 kB
PageTables:        31872 kB
NFS_Unstable:          0 kB
Bounce:                0 kB
WritebackTmp:          0 kB
CommitLimit:     1479712 kB
Committed_AS:   70940764 kB
VmallocTotal:     319488 kB
VmallocUsed:       18300 kB
VmallocChunk:     157708 kB
Time pass: 108 sec

---2015-11-23 23:33:11
MemTotal:        1386568 kB
MemFree:          108200 kB
Buffers:           10452 kB
Cached:           525536 kB
SwapCached:         5440 kB
Active:           468944 kB
Inactive:         484464 kB
Active(anon):     198676 kB
Inactive(anon):   222388 kB
Active(file):     270268 kB
Inactive(file):   262076 kB
Unevictable:        3132 kB
Mlocked:               0 kB
HighTotal:        849920 kB
HighFree:          11624 kB
LowTotal:         536648 kB
LowFree:           96576 kB
SwapTotal:        786428 kB
SwapFree:         720352 kB
Dirty:               612 kB
Writeback:             0 kB
AnonPages:        418804 kB
Mapped:           334144 kB
Shmem:               512 kB
Slab:              53552 kB
SReclaimable:      17316 kB
SUnreclaim:        36236 kB
KernelStack:       11792 kB
PageTables:        31896 kB
NFS_Unstable:          0 kB
Bounce:                0 kB
WritebackTmp:          0 kB
CommitLimit:     1479712 kB
Committed_AS:   70944948 kB
VmallocTotal:     319488 kB
VmallocUsed:       18324 kB
VmallocChunk:     157708 kB
Time pass: 111 sec

---2015-11-23 23:33:11
MemTotal:        1386568 kB
MemFree:           98140 kB
Buffers:           10460 kB
Cached:           525548 kB
SwapCached:         5440 kB
Active:           471472 kB
Inactive:         484480 kB
Active(anon):     201200 kB
Inactive(anon):   222388 kB
Active(file):     270272 kB
Inactive(file):   262092 kB
Unevictable:        3132 kB
Mlocked:               0 kB
HighTotal:        849920 kB
HighFree:           9184 kB
LowTotal:         536648 kB
LowFree:           88956 kB
SwapTotal:        786428 kB
SwapFree:         720352 kB
Dirty:                20 kB
Writeback:             0 kB
AnonPages:        421276 kB
Mapped:           340040 kB
Shmem:               512 kB
Slab:              53456 kB
SReclaimable:      17316 kB
SUnreclaim:        36140 kB
KernelStack:       11744 kB
PageTables:        31932 kB
NFS_Unstable:          0 kB
Bounce:                0 kB
WritebackTmp:          0 kB
CommitLimit:     1479712 kB
Committed_AS:   70949484 kB
VmallocTotal:     319488 kB
VmallocUsed:       18280 kB
VmallocChunk:     157708 kB
Time pass: 115 sec

---2015-11-23 23:33:11
MemTotal:        1386568 kB
MemFree:           98204 kB
Buffers:           10468 kB
Cached:           525548 kB
SwapCached:         5440 kB
Active:           471744 kB
Inactive:         484488 kB
Active(anon):     201472 kB
Inactive(anon):   222388 kB
Active(file):     270272 kB
Inactive(file):   262100 kB
Unevictable:        3132 kB
Mlocked:               0 kB
HighTotal:        849920 kB
HighFree:           8916 kB
LowTotal:         536648 kB
LowFree:           89288 kB
SwapTotal:        786428 kB
SwapFree:         720352 kB
Dirty:                40 kB
Writeback:             0 kB
AnonPages:        421512 kB
Mapped:           340040 kB
Shmem:               512 kB
Slab:              53144 kB
SReclaimable:      17300 kB
SUnreclaim:        35844 kB
KernelStack:       11744 kB
PageTables:        31932 kB
NFS_Unstable:          0 kB
Bounce:                0 kB
WritebackTmp:          0 kB
CommitLimit:     1479712 kB
Committed_AS:   70949724 kB
VmallocTotal:     319488 kB
VmallocUsed:       18280 kB
VmallocChunk:     157708 kB
Time pass: 118 sec

---2015-11-23 23:33:11
MemTotal:        1386568 kB
MemFree:           97232 kB
Buffers:           10468 kB
Cached:           525548 kB
SwapCached:         5440 kB
Active:           471764 kB
Inactive:         484488 kB
Active(anon):     201492 kB
Inactive(anon):   222388 kB
Active(file):     270272 kB
Inactive(file):   262100 kB
Unevictable:        3132 kB
Mlocked:               0 kB
HighTotal:        849920 kB
HighFree:           8792 kB
LowTotal:         536648 kB
LowFree:           88440 kB
SwapTotal:        786428 kB
SwapFree:         720352 kB
Dirty:                 0 kB
Writeback:             0 kB
AnonPages:        421504 kB
Mapped:           339992 kB
Shmem:               512 kB
Slab:              53464 kB
SReclaimable:      17300 kB
SUnreclaim:        36164 kB
KernelStack:       11744 kB
PageTables:        31932 kB
NFS_Unstable:          0 kB
Bounce:                0 kB
WritebackTmp:          0 kB
CommitLimit:     1479712 kB
Committed_AS:   70949796 kB
VmallocTotal:     319488 kB
VmallocUsed:       18348 kB
VmallocChunk:     157708 kB
Time pass: 122 sec

---2015-11-23 23:33:11
MemTotal:        1386568 kB
MemFree:           82532 kB
Buffers:           10500 kB
Cached:           526096 kB
SwapCached:         5440 kB
Active:           484820 kB
Inactive:         484104 kB
Active(anon):     213576 kB
Inactive(anon):   222572 kB
Active(file):     271244 kB
Inactive(file):   261532 kB
Unevictable:        3132 kB
Mlocked:               0 kB
HighTotal:        849920 kB
HighFree:           8716 kB
LowTotal:         536648 kB
LowFree:           73816 kB
SwapTotal:        786428 kB
SwapFree:         720364 kB
Dirty:                48 kB
Writeback:             0 kB
AnonPages:        433688 kB
Mapped:           343140 kB
Shmem:               688 kB
Slab:              53460 kB
SReclaimable:      17316 kB
SUnreclaim:        36144 kB
KernelStack:       12072 kB
PageTables:        32112 kB
NFS_Unstable:          0 kB
Bounce:                0 kB
WritebackTmp:          0 kB
CommitLimit:     1479712 kB
Committed_AS:   70971444 kB
VmallocTotal:     319488 kB
VmallocUsed:       18484 kB
VmallocChunk:     157708 kB
Time pass: 126 sec

---2015-11-23 23:33:11
MemTotal:        1386568 kB
MemFree:           79096 kB
Buffers:           10532 kB
Cached:           526344 kB
SwapCached:         5440 kB
Active:           490716 kB
Inactive:         484348 kB
Active(anon):     219472 kB
Inactive(anon):   222784 kB
Active(file):     271244 kB
Inactive(file):   261564 kB
Unevictable:        3132 kB
Mlocked:               0 kB
HighTotal:        849920 kB
HighFree:          15824 kB
LowTotal:         536648 kB
LowFree:           63272 kB
SwapTotal:        786428 kB
SwapFree:         720364 kB
Dirty:                52 kB
Writeback:             0 kB
AnonPages:        439580 kB
Mapped:           341128 kB
Shmem:               936 kB
Slab:              53532 kB
SReclaimable:      17316 kB
SUnreclaim:        36216 kB
KernelStack:       12064 kB
PageTables:        32168 kB
NFS_Unstable:          0 kB
Bounce:                0 kB
WritebackTmp:          0 kB
CommitLimit:     1479712 kB
Committed_AS:   70983892 kB
VmallocTotal:     319488 kB
VmallocUsed:       18484 kB
VmallocChunk:     157708 kB
Time pass: 130 sec

---2015-11-23 23:33:11
MemTotal:        1386568 kB
MemFree:           78944 kB
Buffers:           10548 kB
Cached:           526344 kB
SwapCached:         5424 kB
Active:           491032 kB
Inactive:         484348 kB
Active(anon):     219788 kB
Inactive(anon):   222768 kB
Active(file):     271244 kB
Inactive(file):   261580 kB
Unevictable:        3132 kB
Mlocked:               0 kB
HighTotal:        849920 kB
HighFree:          14256 kB
LowTotal:         536648 kB
LowFree:           64688 kB
SwapTotal:        786428 kB
SwapFree:         720416 kB
Dirty:                 0 kB
Writeback:             0 kB
AnonPages:        439824 kB
Mapped:           341128 kB
Shmem:               936 kB
Slab:              53404 kB
SReclaimable:      17316 kB
SUnreclaim:        36088 kB
KernelStack:       12064 kB
PageTables:        32172 kB
NFS_Unstable:          0 kB
Bounce:                0 kB
WritebackTmp:          0 kB
CommitLimit:     1479712 kB
Committed_AS:   70983920 kB
VmallocTotal:     319488 kB
VmallocUsed:       18484 kB
VmallocChunk:     157708 kB
Time pass: 134 sec

---2015-11-23 23:33:11
MemTotal:        1386568 kB
MemFree:           76940 kB
Buffers:           10564 kB
Cached:           526348 kB
SwapCached:         5424 kB
Active:           492632 kB
Inactive:         484296 kB
Active(anon):     221368 kB
Inactive(anon):   222720 kB
Active(file):     271264 kB
Inactive(file):   261576 kB
Unevictable:        3132 kB
Mlocked:               0 kB
HighTotal:        849920 kB
HighFree:          11012 kB
LowTotal:         536648 kB
LowFree:           65928 kB
SwapTotal:        786428 kB
SwapFree:         720456 kB
Dirty:                72 kB
Writeback:             0 kB
AnonPages:        441400 kB
Mapped:           341132 kB
Shmem:               940 kB
Slab:              53520 kB
SReclaimable:      17332 kB
SUnreclaim:        36188 kB
KernelStack:       12048 kB
PageTables:        32172 kB
NFS_Unstable:          0 kB
Bounce:                0 kB
WritebackTmp:          0 kB
CommitLimit:     1479712 kB
Committed_AS:   70984268 kB
VmallocTotal:     319488 kB
VmallocUsed:       18484 kB
VmallocChunk:     157708 kB
Time pass: 138 sec

---2015-11-23 23:33:11
MemTotal:        1386568 kB
MemFree:           76504 kB
Buffers:           10580 kB
Cached:           526356 kB
SwapCached:         5424 kB
Active:           493184 kB
Inactive:         484324 kB
Active(anon):     221920 kB
Inactive(anon):   222732 kB
Active(file):     271264 kB
Inactive(file):   261592 kB
Unevictable:        3132 kB
Mlocked:               0 kB
HighTotal:        849920 kB
HighFree:           9140 kB
LowTotal:         536648 kB
LowFree:           67364 kB
SwapTotal:        786428 kB
SwapFree:         720484 kB
Dirty:                84 kB
Writeback:             0 kB
AnonPages:        441956 kB
Mapped:           341092 kB
Shmem:               948 kB
Slab:              53456 kB
SReclaimable:      17332 kB
SUnreclaim:        36124 kB
KernelStack:       12048 kB
PageTables:        32172 kB
NFS_Unstable:          0 kB
Bounce:                0 kB
WritebackTmp:          0 kB
CommitLimit:     1479712 kB
Committed_AS:   70984280 kB
VmallocTotal:     319488 kB
VmallocUsed:       18416 kB
VmallocChunk:     157708 kB
Time pass: 142 sec

---2015-11-23 23:33:11
MemTotal:        1386568 kB
MemFree:           76276 kB
Buffers:           10596 kB
Cached:           526356 kB
SwapCached:         5424 kB
Active:           493816 kB
Inactive:         484308 kB
Active(anon):     222552 kB
Inactive(anon):   222700 kB
Active(file):     271264 kB
Inactive(file):   261608 kB
Unevictable:        3132 kB
Mlocked:               0 kB
HighTotal:        849920 kB
HighFree:           9148 kB
LowTotal:         536648 kB
LowFree:           67128 kB
SwapTotal:        786428 kB
SwapFree:         720488 kB
Dirty:                40 kB
Writeback:             0 kB
AnonPages:        442660 kB
Mapped:           341140 kB
Shmem:               948 kB
Slab:              53104 kB
SReclaimable:      17332 kB
SUnreclaim:        35772 kB
KernelStack:       12080 kB
PageTables:        32180 kB
NFS_Unstable:          0 kB
Bounce:                0 kB
WritebackTmp:          0 kB
CommitLimit:     1479712 kB
Committed_AS:   70988932 kB
VmallocTotal:     319488 kB
VmallocUsed:       18484 kB
VmallocChunk:     157708 kB
Time pass: 146 sec

---2015-11-23 23:33:11
MemTotal:        1386568 kB
MemFree:           75600 kB
Buffers:           10604 kB
Cached:           526356 kB
SwapCached:         5424 kB
Active:           494084 kB
Inactive:         484272 kB
Active(anon):     222820 kB
Inactive(anon):   222656 kB
Active(file):     271264 kB
Inactive(file):   261616 kB
Unevictable:        3132 kB
Mlocked:               0 kB
HighTotal:        849920 kB
HighFree:           9240 kB
LowTotal:         536648 kB
LowFree:           66360 kB
SwapTotal:        786428 kB
SwapFree:         720488 kB
Dirty:                28 kB
Writeback:             0 kB
AnonPages:        442780 kB
Mapped:           341144 kB
Shmem:               948 kB
Slab:              53464 kB
SReclaimable:      17332 kB
SUnreclaim:        36132 kB
KernelStack:       12096 kB
PageTables:        32180 kB
NFS_Unstable:          0 kB
Bounce:                0 kB
WritebackTmp:          0 kB
CommitLimit:     1479712 kB
Committed_AS:   70989164 kB
VmallocTotal:     319488 kB
VmallocUsed:       18484 kB
VmallocChunk:     157708 kB
Time pass: 150 sec

---2015-11-23 23:33:11
MemTotal:        1386568 kB
MemFree:           74988 kB
Buffers:           10620 kB
Cached:           526356 kB
SwapCached:         5424 kB
Active:           494392 kB
Inactive:         484288 kB
Active(anon):     223128 kB
Inactive(anon):   222656 kB
Active(file):     271264 kB
Inactive(file):   261632 kB
Unevictable:        3132 kB
Mlocked:               0 kB
HighTotal:        849920 kB
HighFree:           9044 kB
LowTotal:         536648 kB
LowFree:           65944 kB
SwapTotal:        786428 kB
SwapFree:         720540 kB
Dirty:                40 kB
Writeback:             0 kB
AnonPages:        443088 kB
Mapped:           341152 kB
Shmem:               948 kB
Slab:              53368 kB
SReclaimable:      17332 kB
SUnreclaim:        36036 kB
KernelStack:       12064 kB
PageTables:        32184 kB
NFS_Unstable:          0 kB
Bounce:                0 kB
WritebackTmp:          0 kB
CommitLimit:     1479712 kB
Committed_AS:   70993348 kB
VmallocTotal:     319488 kB
VmallocUsed:       18484 kB
VmallocChunk:     157708 kB
Time pass: 153 sec

---2015-11-23 23:33:11
MemTotal:        1386568 kB
MemFree:           75500 kB
Buffers:           10628 kB
Cached:           526348 kB
SwapCached:         5424 kB
Active:           494668 kB
Inactive:         484288 kB
Active(anon):     223404 kB
Inactive(anon):   222656 kB
Active(file):     271264 kB
Inactive(file):   261632 kB
Unevictable:        3132 kB
Mlocked:               0 kB
HighTotal:        849920 kB
HighFree:           9768 kB
LowTotal:         536648 kB
LowFree:           65732 kB
SwapTotal:        786428 kB
SwapFree:         720540 kB
Dirty:                28 kB
Writeback:             0 kB
AnonPages:        443320 kB
Mapped:           341124 kB
Shmem:               948 kB
Slab:              53048 kB
SReclaimable:      17332 kB
SUnreclaim:        35716 kB
KernelStack:       12048 kB
PageTables:        32184 kB
NFS_Unstable:          0 kB
Bounce:                0 kB
WritebackTmp:          0 kB
CommitLimit:     1479712 kB
Committed_AS:   70993588 kB
VmallocTotal:     319488 kB
VmallocUsed:       18416 kB
VmallocChunk:     157708 kB
Time pass: 157 sec

---2015-11-23 23:33:11
MemTotal:        1386568 kB
MemFree:           74292 kB
Buffers:           10644 kB
Cached:           526360 kB
SwapCached:         5424 kB
Active:           494960 kB
Inactive:         484316 kB
Active(anon):     223696 kB
Inactive(anon):   222660 kB
Active(file):     271264 kB
Inactive(file):   261656 kB
Unevictable:        3132 kB
Mlocked:               0 kB
HighTotal:        849920 kB
HighFree:           9488 kB
LowTotal:         536648 kB
LowFree:           64804 kB
SwapTotal:        786428 kB
SwapFree:         720540 kB
Dirty:                36 kB
Writeback:             0 kB
AnonPages:        443756 kB
Mapped:           341176 kB
Shmem:               952 kB
Slab:              53512 kB
SReclaimable:      17348 kB
SUnreclaim:        36164 kB
KernelStack:       12048 kB
PageTables:        32188 kB
NFS_Unstable:          0 kB
Bounce:                0 kB
WritebackTmp:          0 kB
CommitLimit:     1479712 kB
Committed_AS:   70993620 kB
VmallocTotal:     319488 kB
VmallocUsed:       18484 kB
VmallocChunk:     157708 kB
Time pass: 161 sec

---2015-11-23 23:33:11
MemTotal:        1386568 kB
MemFree:           74304 kB
Buffers:           10652 kB
Cached:           526360 kB
SwapCached:         5436 kB
Active:           495068 kB
Inactive:         484348 kB
Active(anon):     223804 kB
Inactive(anon):   222692 kB
Active(file):     271264 kB
Inactive(file):   261656 kB
Unevictable:        3132 kB
Mlocked:               0 kB
HighTotal:        849920 kB
HighFree:           9608 kB
LowTotal:         536648 kB
LowFree:           64696 kB
SwapTotal:        786428 kB
SwapFree:         720560 kB
Dirty:                 0 kB
Writeback:             0 kB
AnonPages:        443760 kB
Mapped:           341188 kB
Shmem:               960 kB
Slab:              53416 kB
SReclaimable:      17348 kB
SUnreclaim:        36068 kB
KernelStack:       12080 kB
PageTables:        32184 kB
NFS_Unstable:          0 kB
Bounce:                0 kB
WritebackTmp:          0 kB
CommitLimit:     1479712 kB
Committed_AS:   70993708 kB
VmallocTotal:     319488 kB
VmallocUsed:       18484 kB
VmallocChunk:     157708 kB
Time pass: 165 sec

---2015-11-23 23:33:11
MemTotal:        1386568 kB
MemFree:           73724 kB
Buffers:           10668 kB
Cached:           526372 kB
SwapCached:         5428 kB
Active:           495664 kB
Inactive:         484364 kB
Active(anon):     224400 kB
Inactive(anon):   222684 kB
Active(file):     271264 kB
Inactive(file):   261680 kB
Unevictable:        3132 kB
Mlocked:               0 kB
HighTotal:        849920 kB
HighFree:           9560 kB
LowTotal:         536648 kB
LowFree:           64164 kB
SwapTotal:        786428 kB
SwapFree:         720588 kB
Dirty:                36 kB
Writeback:             0 kB
AnonPages:        444372 kB
Mapped:           341192 kB
Shmem:               964 kB
Slab:              53576 kB
SReclaimable:      17348 kB
SUnreclaim:        36228 kB
KernelStack:       12080 kB
PageTables:        32180 kB
NFS_Unstable:          0 kB
Bounce:                0 kB
WritebackTmp:          0 kB
CommitLimit:     1479712 kB
Committed_AS:   70993932 kB
VmallocTotal:     319488 kB
VmallocUsed:       18484 kB
VmallocChunk:     157708 kB
Time pass: 168 sec

---2015-11-23 23:33:11
MemTotal:        1386568 kB
MemFree:           71792 kB
Buffers:           10668 kB
Cached:           526372 kB
SwapCached:         5428 kB
Active:           497296 kB
Inactive:         484348 kB
Active(anon):     226032 kB
Inactive(anon):   222668 kB
Active(file):     271264 kB
Inactive(file):   261680 kB
Unevictable:        3132 kB
Mlocked:               0 kB
HighTotal:        849920 kB
HighFree:           9300 kB
LowTotal:         536648 kB
LowFree:           62492 kB
SwapTotal:        786428 kB
SwapFree:         720592 kB
Dirty:                 0 kB
Writeback:             0 kB
AnonPages:        446004 kB
Mapped:           341192 kB
Shmem:               964 kB
Slab:              53516 kB
SReclaimable:      17348 kB
SUnreclaim:        36168 kB
KernelStack:       12072 kB
PageTables:        32188 kB
NFS_Unstable:          0 kB
Bounce:                0 kB
WritebackTmp:          0 kB
CommitLimit:     1479712 kB
Committed_AS:   70994028 kB
VmallocTotal:     319488 kB
VmallocUsed:       18484 kB
VmallocChunk:     157708 kB
Time pass: 172 sec

---2015-11-23 23:33:11
MemTotal:        1386568 kB
MemFree:           71128 kB
Buffers:           10692 kB
Cached:           526528 kB
SwapCached:         5432 kB
Active:           498064 kB
Inactive:         484440 kB
Active(anon):     226772 kB
Inactive(anon):   222616 kB
Active(file):     271292 kB
Inactive(file):   261824 kB
Unevictable:        3132 kB
Mlocked:               0 kB
HighTotal:        849920 kB
HighFree:           8784 kB
LowTotal:         536648 kB
LowFree:           62344 kB
SwapTotal:        786428 kB
SwapFree:         720604 kB
Dirty:                36 kB
Writeback:             0 kB
AnonPages:        446572 kB
Mapped:           341208 kB
Shmem:               964 kB
Slab:              53516 kB
SReclaimable:      17348 kB
SUnreclaim:        36168 kB
KernelStack:       12088 kB
PageTables:        32188 kB
NFS_Unstable:          0 kB
Bounce:                0 kB
WritebackTmp:          0 kB
CommitLimit:     1479712 kB
Committed_AS:   70994268 kB
VmallocTotal:     319488 kB
VmallocUsed:       18484 kB
VmallocChunk:     157708 kB
Time pass: 176 sec

---2015-11-23 23:33:11
MemTotal:        1386568 kB
MemFree:           71128 kB
Buffers:           10692 kB
Cached:           526556 kB
SwapCached:         5432 kB
Active:           498024 kB
Inactive:         484476 kB
Active(anon):     226732 kB
Inactive(anon):   222620 kB
Active(file):     271292 kB
Inactive(file):   261856 kB
Unevictable:        3132 kB
Mlocked:               0 kB
HighTotal:        849920 kB
HighFree:           8668 kB
LowTotal:         536648 kB
LowFree:           62460 kB
SwapTotal:        786428 kB
SwapFree:         720604 kB
Dirty:                 0 kB
Writeback:             0 kB
AnonPages:        446544 kB
Mapped:           341216 kB
Shmem:               968 kB
Slab:              53552 kB
SReclaimable:      17348 kB
SUnreclaim:        36204 kB
KernelStack:       12072 kB
PageTables:        32188 kB
NFS_Unstable:          0 kB
Bounce:                0 kB
WritebackTmp:          0 kB
CommitLimit:     1479712 kB
Committed_AS:   70994340 kB
VmallocTotal:     319488 kB
VmallocUsed:       18484 kB
VmallocChunk:     157708 kB
Time pass: 180 sec

---2015-11-23 23:33:11
MemTotal:        1386568 kB
MemFree:           70744 kB
Buffers:           10716 kB
Cached:           526540 kB
SwapCached:         5432 kB
Active:           498636 kB
Inactive:         484076 kB
Active(anon):     227344 kB
Inactive(anon):   222220 kB
Active(file):     271292 kB
Inactive(file):   261856 kB
Unevictable:        3132 kB
Mlocked:               0 kB
HighTotal:        849920 kB
HighFree:           8720 kB
LowTotal:         536648 kB
LowFree:           62024 kB
SwapTotal:        786428 kB
SwapFree:         720672 kB
Dirty:                28 kB
Writeback:             0 kB
AnonPages:        446932 kB
Mapped:           341216 kB
Shmem:               968 kB
Slab:              53620 kB
SReclaimable:      17348 kB
SUnreclaim:        36272 kB
KernelStack:       11864 kB
PageTables:        32160 kB
NFS_Unstable:          0 kB
Bounce:                0 kB
WritebackTmp:          0 kB
CommitLimit:     1479712 kB
Committed_AS:   70993892 kB
VmallocTotal:     319488 kB
VmallocUsed:       18484 kB
VmallocChunk:     157708 kB
Time pass: 183 sec

---2015-11-23 23:33:11
MemTotal:        1386568 kB
MemFree:           70900 kB
Buffers:           10716 kB
Cached:           526556 kB
SwapCached:         5432 kB
Active:           499340 kB
Inactive:         484100 kB
Active(anon):     228048 kB
Inactive(anon):   222220 kB
Active(file):     271292 kB
Inactive(file):   261880 kB
Unevictable:        3132 kB
Mlocked:               0 kB
HighTotal:        849920 kB
HighFree:           8704 kB
LowTotal:         536648 kB
LowFree:           62196 kB
SwapTotal:        786428 kB
SwapFree:         720724 kB
Dirty:                 0 kB
Writeback:             0 kB
AnonPages:        447768 kB
Mapped:           341216 kB
Shmem:               968 kB
Slab:              53620 kB
SReclaimable:      17348 kB
SUnreclaim:        36272 kB
KernelStack:       11864 kB
PageTables:        32164 kB
NFS_Unstable:          0 kB
Bounce:                0 kB
WritebackTmp:          0 kB
CommitLimit:     1479712 kB
Committed_AS:   70994016 kB
VmallocTotal:     319488 kB
VmallocUsed:       18484 kB
VmallocChunk:     157708 kB
Time pass: 187 sec

---2015-11-23 23:33:11
MemTotal:        1386568 kB
MemFree:           70276 kB
Buffers:           10740 kB
Cached:           526540 kB
SwapCached:         5432 kB
Active:           499524 kB
Inactive:         484108 kB
Active(anon):     228232 kB
Inactive(anon):   222220 kB
Active(file):     271292 kB
Inactive(file):   261888 kB
Unevictable:        3132 kB
Mlocked:               0 kB
HighTotal:        849920 kB
HighFree:           8784 kB
LowTotal:         536648 kB
LowFree:           61492 kB
SwapTotal:        786428 kB
SwapFree:         720724 kB
Dirty:                28 kB
Writeback:             0 kB
AnonPages:        447860 kB
Mapped:           341216 kB
Shmem:               968 kB
Slab:              53556 kB
SReclaimable:      17348 kB
SUnreclaim:        36208 kB
KernelStack:       11832 kB
PageTables:        32164 kB
NFS_Unstable:          0 kB
Bounce:                0 kB
WritebackTmp:          0 kB
CommitLimit:     1479712 kB
Committed_AS:   70994132 kB
VmallocTotal:     319488 kB
VmallocUsed:       18484 kB
VmallocChunk:     157708 kB
Time pass: 191 sec

---2015-11-23 23:33:11
MemTotal:        1386568 kB
MemFree:           69024 kB
Buffers:           10748 kB
Cached:           526576 kB
SwapCached:         5432 kB
Active:           500232 kB
Inactive:         484100 kB
Active(anon):     228940 kB
Inactive(anon):   222168 kB
Active(file):     271292 kB
Inactive(file):   261932 kB
Unevictable:        3132 kB
Mlocked:               0 kB
HighTotal:        849920 kB
HighFree:           8716 kB
LowTotal:         536648 kB
LowFree:           60308 kB
SwapTotal:        786428 kB
SwapFree:         720736 kB
Dirty:                 0 kB
Writeback:             0 kB
AnonPages:        448300 kB
Mapped:           341080 kB
Shmem:               968 kB
Slab:              53364 kB
SReclaimable:      17348 kB
SUnreclaim:        36016 kB
KernelStack:       11872 kB
PageTables:        32160 kB
NFS_Unstable:          0 kB
Bounce:                0 kB
WritebackTmp:          0 kB
CommitLimit:     1479712 kB
Committed_AS:   70994220 kB
VmallocTotal:     319488 kB
VmallocUsed:       18484 kB
VmallocChunk:     157708 kB
Time pass: 195 sec

---2015-11-23 23:33:11
MemTotal:        1386568 kB
MemFree:           63688 kB
Buffers:           10828 kB
Cached:           528332 kB
SwapCached:         5428 kB
Active:           503776 kB
Inactive:         485592 kB
Active(anon):     232272 kB
Inactive(anon):   222040 kB
Active(file):     271504 kB
Inactive(file):   263552 kB
Unevictable:        3132 kB
Mlocked:               0 kB
HighTotal:        849920 kB
HighFree:           8736 kB
LowTotal:         536648 kB
LowFree:           54952 kB
SwapTotal:        786428 kB
SwapFree:         720776 kB
Dirty:                 0 kB
Writeback:             0 kB
AnonPages:        451572 kB
Mapped:           341672 kB
Shmem:               972 kB
Slab:              53520 kB
SReclaimable:      17348 kB
SUnreclaim:        36172 kB
KernelStack:       11968 kB
PageTables:        32620 kB
NFS_Unstable:          0 kB
Bounce:                0 kB
WritebackTmp:          0 kB
CommitLimit:     1479712 kB
Committed_AS:   72232708 kB
VmallocTotal:     319488 kB
VmallocUsed:       18484 kB
VmallocChunk:     157708 kB
Time pass: 198 sec

---2015-11-23 23:33:11
MemTotal:        1386568 kB
MemFree:           71924 kB
Buffers:           10828 kB
Cached:           528456 kB
SwapCached:         5428 kB
Active:           495572 kB
Inactive:         484424 kB
Active(anon):     222968 kB
Inactive(anon):   221972 kB
Active(file):     272604 kB
Inactive(file):   262452 kB
Unevictable:        3132 kB
Mlocked:               0 kB
HighTotal:        849920 kB
HighFree:          13776 kB
LowTotal:         536648 kB
LowFree:           58148 kB
SwapTotal:        786428 kB
SwapFree:         720780 kB
Dirty:                 0 kB
Writeback:             0 kB
AnonPages:        441960 kB
Mapped:           341500 kB
Shmem:              1096 kB
Slab:              53520 kB
SReclaimable:      17348 kB
SUnreclaim:        36172 kB
KernelStack:       11904 kB
PageTables:        32632 kB
NFS_Unstable:          0 kB
Bounce:                0 kB
WritebackTmp:          0 kB
CommitLimit:     1479712 kB
Committed_AS:   72232708 kB
VmallocTotal:     319488 kB
VmallocUsed:       18484 kB
VmallocChunk:     157708 kB
Time pass: 202 sec

---2015-11-23 23:33:11
MemTotal:        1386568 kB
MemFree:           73684 kB
Buffers:           10836 kB
Cached:           528480 kB
SwapCached:         5428 kB
Active:           494572 kB
Inactive:         484332 kB
Active(anon):     221876 kB
Inactive(anon):   221940 kB
Active(file):     272696 kB
Inactive(file):   262392 kB
Unevictable:        3132 kB
Mlocked:               0 kB
HighTotal:        849920 kB
HighFree:          14416 kB
LowTotal:         536648 kB
LowFree:           59268 kB
SwapTotal:        786428 kB
SwapFree:         720804 kB
Dirty:                 4 kB
Writeback:             0 kB
AnonPages:        441084 kB
Mapped:           341520 kB
Shmem:              1096 kB
Slab:              53608 kB
SReclaimable:      17348 kB
SUnreclaim:        36260 kB
KernelStack:       11896 kB
PageTables:        32612 kB
NFS_Unstable:          0 kB
Bounce:                0 kB
WritebackTmp:          0 kB
CommitLimit:     1479712 kB
Committed_AS:   72232756 kB
VmallocTotal:     319488 kB
VmallocUsed:       18484 kB
VmallocChunk:     157708 kB
Time pass: 206 sec

---2015-11-23 23:33:11
MemTotal:        1386568 kB
MemFree:           73708 kB
Buffers:           10836 kB
Cached:           528512 kB
SwapCached:         5428 kB
Active:           495128 kB
Inactive:         484360 kB
Active(anon):     222432 kB
Inactive(anon):   221968 kB
Active(file):     272696 kB
Inactive(file):   262392 kB
Unevictable:        3132 kB
Mlocked:               0 kB
HighTotal:        849920 kB
HighFree:          13752 kB
LowTotal:         536648 kB
LowFree:           59956 kB
SwapTotal:        786428 kB
SwapFree:         720808 kB
Dirty:                 0 kB
Writeback:             0 kB
AnonPages:        441460 kB
Mapped:           341504 kB
Shmem:              1128 kB
Slab:              53224 kB
SReclaimable:      17348 kB
SUnreclaim:        35876 kB
KernelStack:       11856 kB
PageTables:        32612 kB
NFS_Unstable:          0 kB
Bounce:                0 kB
WritebackTmp:          0 kB
CommitLimit:     1479712 kB
Committed_AS:   72232988 kB
VmallocTotal:     319488 kB
VmallocUsed:       18416 kB
VmallocChunk:     157708 kB
Time pass: 210 sec

---2015-11-23 23:33:11
MemTotal:        1386568 kB
MemFree:           72956 kB
Buffers:           10852 kB
Cached:           528512 kB
SwapCached:         5428 kB
Active:           495412 kB
Inactive:         484360 kB
Active(anon):     222716 kB
Inactive(anon):   221952 kB
Active(file):     272696 kB
Inactive(file):   262408 kB
Unevictable:        3132 kB
Mlocked:               0 kB
HighTotal:        849920 kB
HighFree:          12508 kB
LowTotal:         536648 kB
LowFree:           60448 kB
SwapTotal:        786428 kB
SwapFree:         720808 kB
Dirty:                44 kB
Writeback:             0 kB
AnonPages:        441756 kB
Mapped:           341552 kB
Shmem:              1128 kB
Slab:              53512 kB
SReclaimable:      17348 kB
SUnreclaim:        36164 kB
KernelStack:       11856 kB
PageTables:        32616 kB
NFS_Unstable:          0 kB
Bounce:                0 kB
WritebackTmp:          0 kB
CommitLimit:     1479712 kB
Committed_AS:   72233060 kB
VmallocTotal:     319488 kB
VmallocUsed:       18484 kB
VmallocChunk:     157708 kB
Time pass: 214 sec

---2015-11-23 23:33:11
MemTotal:        1386568 kB
MemFree:           72548 kB
Buffers:           10860 kB
Cached:           528512 kB
SwapCached:         5428 kB
Active:           495832 kB
Inactive:         484368 kB
Active(anon):     223136 kB
Inactive(anon):   221952 kB
Active(file):     272696 kB
Inactive(file):   262416 kB
Unevictable:        3132 kB
Mlocked:               0 kB
HighTotal:        849920 kB
HighFree:          11452 kB
LowTotal:         536648 kB
LowFree:           61096 kB
SwapTotal:        786428 kB
SwapFree:         720808 kB
Dirty:                 0 kB
Writeback:             0 kB
AnonPages:        442088 kB
Mapped:           341556 kB
Shmem:              1128 kB
Slab:              53540 kB
SReclaimable:      17348 kB
SUnreclaim:        36192 kB
KernelStack:       11904 kB
PageTables:        32612 kB
NFS_Unstable:          0 kB
Bounce:                0 kB
WritebackTmp:          0 kB
CommitLimit:     1479712 kB
Committed_AS:   72233700 kB
VmallocTotal:     319488 kB
VmallocUsed:       18484 kB
VmallocChunk:     157708 kB
Time pass: 218 sec

---2015-11-23 23:33:11
MemTotal:        1386568 kB
MemFree:           70692 kB
Buffers:           10884 kB
Cached:           528816 kB
SwapCached:         5428 kB
Active:           497316 kB
Inactive:         484632 kB
Active(anon):     224620 kB
Inactive(anon):   221936 kB
Active(file):     272696 kB
Inactive(file):   262696 kB
Unevictable:        3132 kB
Mlocked:               0 kB
HighTotal:        849920 kB
HighFree:           8776 kB
LowTotal:         536648 kB
LowFree:           61916 kB
SwapTotal:        786428 kB
SwapFree:         720808 kB
Dirty:                60 kB
Writeback:             0 kB
AnonPages:        443744 kB
Mapped:           341456 kB
Shmem:              1128 kB
Slab:              53412 kB
SReclaimable:      17348 kB
SUnreclaim:        36064 kB
KernelStack:       11904 kB
PageTables:        32624 kB
NFS_Unstable:          0 kB
Bounce:                0 kB
WritebackTmp:          0 kB
CommitLimit:     1479712 kB
Committed_AS:   72239428 kB
VmallocTotal:     319488 kB
VmallocUsed:       18484 kB
VmallocChunk:     157708 kB
Time pass: 222 sec

---2015-11-23 23:33:11
MemTotal:        1386568 kB
MemFree:           70676 kB
Buffers:           10892 kB
Cached:           528848 kB
SwapCached:         5428 kB
Active:           497520 kB
Inactive:         484720 kB
Active(anon):     224824 kB
Inactive(anon):   221940 kB
Active(file):     272696 kB
Inactive(file):   262780 kB
Unevictable:        3132 kB
Mlocked:               0 kB
HighTotal:        849920 kB
HighFree:           8780 kB
LowTotal:         536648 kB
LowFree:           61896 kB
SwapTotal:        786428 kB
SwapFree:         720808 kB
Dirty:                 0 kB
Writeback:             0 kB
AnonPages:        443960 kB
Mapped:           341468 kB
Shmem:              1132 kB
Slab:              53668 kB
SReclaimable:      17348 kB
SUnreclaim:        36320 kB
KernelStack:       11888 kB
PageTables:        32612 kB
NFS_Unstable:          0 kB
Bounce:                0 kB
WritebackTmp:          0 kB
CommitLimit:     1479712 kB
Committed_AS:   72239572 kB
VmallocTotal:     319488 kB
VmallocUsed:       18484 kB
VmallocChunk:     157708 kB
Time pass: 225 sec

---2015-11-23 23:33:11
MemTotal:        1386568 kB
MemFree:           71592 kB
Buffers:           10908 kB
Cached:           528856 kB
SwapCached:         5428 kB
Active:           496672 kB
Inactive:         484744 kB
Active(anon):     223976 kB
Inactive(anon):   221940 kB
Active(file):     272696 kB
Inactive(file):   262804 kB
Unevictable:        3132 kB
Mlocked:               0 kB
HighTotal:        849920 kB
HighFree:          11088 kB
LowTotal:         536648 kB
LowFree:           60504 kB
SwapTotal:        786428 kB
SwapFree:         720808 kB
Dirty:                60 kB
Writeback:             0 kB
AnonPages:        443052 kB
Mapped:           341616 kB
Shmem:              1132 kB
Slab:              53600 kB
SReclaimable:      17348 kB
SUnreclaim:        36252 kB
KernelStack:       11896 kB
PageTables:        32624 kB
NFS_Unstable:          0 kB
Bounce:                0 kB
WritebackTmp:          0 kB
CommitLimit:     1479712 kB
Committed_AS:   72243888 kB
VmallocTotal:     319488 kB
VmallocUsed:       18484 kB
VmallocChunk:     157708 kB
Time pass: 229 sec

---2015-11-23 23:33:11
MemTotal:        1386568 kB
MemFree:           72512 kB
Buffers:           10916 kB
Cached:           528876 kB
SwapCached:         5428 kB
Active:           496448 kB
Inactive:         484772 kB
Active(anon):     223752 kB
Inactive(anon):   221968 kB
Active(file):     272696 kB
Inactive(file):   262804 kB
Unevictable:        3132 kB
Mlocked:               0 kB
HighTotal:        849920 kB
HighFree:           9776 kB
LowTotal:         536648 kB
LowFree:           62736 kB
SwapTotal:        786428 kB
SwapFree:         720808 kB
Dirty:                 4 kB
Writeback:             0 kB
AnonPages:        442856 kB
Mapped:           341596 kB
Shmem:              1160 kB
Slab:              53376 kB
SReclaimable:      17348 kB
SUnreclaim:        36028 kB
KernelStack:       11856 kB
PageTables:        32628 kB
NFS_Unstable:          0 kB
Bounce:                0 kB
WritebackTmp:          0 kB
CommitLimit:     1479712 kB
Committed_AS:   72243872 kB
VmallocTotal:     319488 kB
VmallocUsed:       18416 kB
VmallocChunk:     157708 kB
Time pass: 233 sec

---2015-11-23 23:33:11
MemTotal:        1386568 kB
MemFree:           71528 kB
Buffers:           10932 kB
Cached:           528884 kB
SwapCached:         5428 kB
Active:           496692 kB
Inactive:         484792 kB
Active(anon):     223996 kB
Inactive(anon):   221964 kB
Active(file):     272696 kB
Inactive(file):   262828 kB
Unevictable:        3132 kB
Mlocked:               0 kB
HighTotal:        849920 kB
HighFree:           8736 kB
LowTotal:         536648 kB
LowFree:           62792 kB
SwapTotal:        786428 kB
SwapFree:         720808 kB
Dirty:                 0 kB
Writeback:             0 kB
AnonPages:        443036 kB
Mapped:           341596 kB
Shmem:              1160 kB
Slab:              53600 kB
SReclaimable:      17348 kB
SUnreclaim:        36252 kB
KernelStack:       11856 kB
PageTables:        32624 kB
NFS_Unstable:          0 kB
Bounce:                0 kB
WritebackTmp:          0 kB
CommitLimit:     1479712 kB
Committed_AS:   72244228 kB
VmallocTotal:     319488 kB
VmallocUsed:       18416 kB
VmallocChunk:     157708 kB
Time pass: 237 sec

---2015-11-23 23:33:11
MemTotal:        1386568 kB
MemFree:           70104 kB
Buffers:           10948 kB
Cached:           528884 kB
SwapCached:         5428 kB
Active:           497952 kB
Inactive:         484804 kB
Active(anon):     225256 kB
Inactive(anon):   221960 kB
Active(file):     272696 kB
Inactive(file):   262844 kB
Unevictable:        3132 kB
Mlocked:               0 kB
HighTotal:        849920 kB
HighFree:           8740 kB
LowTotal:         536648 kB
LowFree:           61364 kB
SwapTotal:        786428 kB
SwapFree:         720812 kB
Dirty:                40 kB
Writeback:             0 kB
AnonPages:        444296 kB
Mapped:           341644 kB
Shmem:              1160 kB
Slab:              53472 kB
SReclaimable:      17348 kB
SUnreclaim:        36124 kB
KernelStack:       11888 kB
PageTables:        32636 kB
NFS_Unstable:          0 kB
Bounce:                0 kB
WritebackTmp:          0 kB
CommitLimit:     1479712 kB
Committed_AS:   72248420 kB
VmallocTotal:     319488 kB
VmallocUsed:       18484 kB
VmallocChunk:     157708 kB
Time pass: 240 sec

---2015-11-23 23:33:11
MemTotal:        1386568 kB
MemFree:           70392 kB
Buffers:           10948 kB
Cached:           528948 kB
SwapCached:         5428 kB
Active:           497912 kB
Inactive:         484868 kB
Active(anon):     225216 kB
Inactive(anon):   222024 kB
Active(file):     272696 kB
Inactive(file):   262844 kB
Unevictable:        3132 kB
Mlocked:               0 kB
HighTotal:        849920 kB
HighFree:          10000 kB
LowTotal:         536648 kB
LowFree:           60392 kB
SwapTotal:        786428 kB
SwapFree:         720812 kB
Dirty:                 0 kB
Writeback:             0 kB
AnonPages:        444372 kB
Mapped:           341708 kB
Shmem:              1224 kB
Slab:              53696 kB
SReclaimable:      17348 kB
SUnreclaim:        36348 kB
KernelStack:       11888 kB
PageTables:        32632 kB
NFS_Unstable:          0 kB
Bounce:                0 kB
WritebackTmp:          0 kB
CommitLimit:     1479712 kB
Committed_AS:   72248468 kB
VmallocTotal:     319488 kB
VmallocUsed:       18484 kB
VmallocChunk:     157708 kB
Time pass: 244 sec

---2015-11-23 23:33:11
MemTotal:        1386568 kB
MemFree:           70196 kB
Buffers:           10972 kB
Cached:           528948 kB
SwapCached:         5428 kB
Active:           498256 kB
Inactive:         484892 kB
Active(anon):     225560 kB
Inactive(anon):   222024 kB
Active(file):     272696 kB
Inactive(file):   262868 kB
Unevictable:        3132 kB
Mlocked:               0 kB
HighTotal:        849920 kB
HighFree:           9420 kB
LowTotal:         536648 kB
LowFree:           60776 kB
SwapTotal:        786428 kB
SwapFree:         720812 kB
Dirty:                40 kB
Writeback:             0 kB
AnonPages:        444652 kB
Mapped:           341660 kB
Shmem:              1224 kB
Slab:              53472 kB
SReclaimable:      17348 kB
SUnreclaim:        36124 kB
KernelStack:       11880 kB
PageTables:        32636 kB
NFS_Unstable:          0 kB
Bounce:                0 kB
WritebackTmp:          0 kB
CommitLimit:     1479712 kB
Committed_AS:   72248604 kB
VmallocTotal:     319488 kB
VmallocUsed:       18416 kB
VmallocChunk:     157708 kB
Time pass: 248 sec

---2015-11-23 23:33:11
MemTotal:        1386568 kB
MemFree:           69560 kB
Buffers:           10972 kB
Cached:           528948 kB
SwapCached:         5428 kB
Active:           498152 kB
Inactive:         484892 kB
Active(anon):     225456 kB
Inactive(anon):   222024 kB
Active(file):     272696 kB
Inactive(file):   262868 kB
Unevictable:        3132 kB
Mlocked:               0 kB
HighTotal:        849920 kB
HighFree:           9232 kB
LowTotal:         536648 kB
LowFree:           60328 kB
SwapTotal:        786428 kB
SwapFree:         720812 kB
Dirty:                 0 kB
Writeback:             0 kB
AnonPages:        444700 kB
Mapped:           341560 kB
Shmem:              1224 kB
Slab:              53440 kB
SReclaimable:      17348 kB
SUnreclaim:        36092 kB
KernelStack:       11888 kB
PageTables:        32636 kB
NFS_Unstable:          0 kB
Bounce:                0 kB
WritebackTmp:          0 kB
CommitLimit:     1479712 kB
Committed_AS:   72248796 kB
VmallocTotal:     319488 kB
VmallocUsed:       18484 kB
VmallocChunk:     157708 kB
Time pass: 251 sec

---2015-11-23 23:33:11
MemTotal:        1386568 kB
MemFree:           69124 kB
Buffers:           10980 kB
Cached:           528948 kB
SwapCached:         5428 kB
Active:           499152 kB
Inactive:         484880 kB
Active(anon):     226456 kB
Inactive(anon):   222004 kB
Active(file):     272696 kB
Inactive(file):   262876 kB
Unevictable:        3132 kB
Mlocked:               0 kB
HighTotal:        849920 kB
HighFree:           8956 kB
LowTotal:         536648 kB
LowFree:           60168 kB
SwapTotal:        786428 kB
SwapFree:         720812 kB
Dirty:                28 kB
Writeback:             0 kB
AnonPages:        445552 kB
Mapped:           341560 kB
Shmem:              1224 kB
Slab:              53760 kB
SReclaimable:      17348 kB
SUnreclaim:        36412 kB
KernelStack:       11856 kB
PageTables:        32632 kB
NFS_Unstable:          0 kB
Bounce:                0 kB
WritebackTmp:          0 kB
CommitLimit:     1479712 kB
Committed_AS:   72248836 kB
VmallocTotal:     319488 kB
VmallocUsed:       18484 kB
VmallocChunk:     157708 kB
Time pass: 255 sec

---2015-11-23 23:33:11
MemTotal:        1386568 kB
MemFree:           69176 kB
Buffers:           10996 kB
Cached:           528948 kB
SwapCached:         5428 kB
Active:           498912 kB
Inactive:         484892 kB
Active(anon):     226216 kB
Inactive(anon):   222000 kB
Active(file):     272696 kB
Inactive(file):   262892 kB
Unevictable:        3132 kB
Mlocked:               0 kB
HighTotal:        849920 kB
HighFree:           8812 kB
LowTotal:         536648 kB
LowFree:           60364 kB
SwapTotal:        786428 kB
SwapFree:         720816 kB
Dirty:                 0 kB
Writeback:             0 kB
AnonPages:        445256 kB
Mapped:           341708 kB
Shmem:              1224 kB
Slab:              53664 kB
SReclaimable:      17348 kB
SUnreclaim:        36316 kB
KernelStack:       11856 kB
PageTables:        32636 kB
NFS_Unstable:          0 kB
Bounce:                0 kB
WritebackTmp:          0 kB
CommitLimit:     1479712 kB
Committed_AS:   72249116 kB
VmallocTotal:     319488 kB
VmallocUsed:       18484 kB
VmallocChunk:     157708 kB
Time pass: 259 sec

---2015-11-23 23:33:11
MemTotal:        1386568 kB
MemFree:           69044 kB
Buffers:           11004 kB
Cached:           528960 kB
SwapCached:         5428 kB
Active:           498876 kB
Inactive:         484912 kB
Active(anon):     226180 kB
Inactive(anon):   222000 kB
Active(file):     272696 kB
Inactive(file):   262912 kB
Unevictable:        3132 kB
Mlocked:               0 kB
HighTotal:        849920 kB
HighFree:           8988 kB
LowTotal:         536648 kB
LowFree:           60056 kB
SwapTotal:        786428 kB
SwapFree:         720816 kB
Dirty:                28 kB
Writeback:             0 kB
AnonPages:        445288 kB
Mapped:           341712 kB
Shmem:              1224 kB
Slab:              53472 kB
SReclaimable:      17348 kB
SUnreclaim:        36124 kB
KernelStack:       11880 kB
PageTables:        32632 kB
NFS_Unstable:          0 kB
Bounce:                0 kB
WritebackTmp:          0 kB
CommitLimit:     1479712 kB
Committed_AS:   72249172 kB
VmallocTotal:     319488 kB
VmallocUsed:       18484 kB
VmallocChunk:     157708 kB
Time pass: 263 sec

---2015-11-23 23:33:11
MemTotal:        1386568 kB
MemFree:           69064 kB
Buffers:           11020 kB
Cached:           528960 kB
SwapCached:         5428 kB
Active:           499348 kB
Inactive:         484900 kB
Active(anon):     226632 kB
Inactive(anon):   221992 kB
Active(file):     272716 kB
Inactive(file):   262908 kB
Unevictable:        3132 kB
Mlocked:               0 kB
HighTotal:        849920 kB
HighFree:          10316 kB
LowTotal:         536648 kB
LowFree:           58748 kB
SwapTotal:        786428 kB
SwapFree:         720820 kB
Dirty:                 0 kB
Writeback:            12 kB
AnonPages:        445716 kB
Mapped:           341664 kB
Shmem:              1224 kB
Slab:              53728 kB
SReclaimable:      17348 kB
SUnreclaim:        36380 kB
KernelStack:       11896 kB
PageTables:        32676 kB
NFS_Unstable:          0 kB
Bounce:                0 kB
WritebackTmp:          0 kB
CommitLimit:     1479712 kB
Committed_AS:   72280964 kB
VmallocTotal:     319488 kB
VmallocUsed:       18416 kB
VmallocChunk:     157708 kB
Time pass: 266 sec

---2015-11-23 23:33:11
MemTotal:        1386568 kB
MemFree:           68488 kB
Buffers:           11028 kB
Cached:           528960 kB
SwapCached:         5428 kB
Active:           499652 kB
Inactive:         484856 kB
Active(anon):     226936 kB
Inactive(anon):   221940 kB
Active(file):     272716 kB
Inactive(file):   262916 kB
Unevictable:        3132 kB
Mlocked:               0 kB
HighTotal:        849920 kB
HighFree:           9012 kB
LowTotal:         536648 kB
LowFree:           59476 kB
SwapTotal:        786428 kB
SwapFree:         720820 kB
Dirty:                32 kB
Writeback:             0 kB
AnonPages:        446008 kB
Mapped:           341664 kB
Shmem:              1224 kB
Slab:              53568 kB
SReclaimable:      17348 kB
SUnreclaim:        36220 kB
KernelStack:       11848 kB
PageTables:        32632 kB
NFS_Unstable:          0 kB
Bounce:                0 kB
WritebackTmp:          0 kB
CommitLimit:     1479712 kB
Committed_AS:   72249588 kB
VmallocTotal:     319488 kB
VmallocUsed:       18416 kB
VmallocChunk:     157708 kB
Time pass: 270 sec

---2015-11-23 23:33:11
MemTotal:        1386568 kB
MemFree:           67980 kB
Buffers:           11044 kB
Cached:           528960 kB
SwapCached:         5428 kB
Active:           500208 kB
Inactive:         484860 kB
Active(anon):     227492 kB
Inactive(anon):   221928 kB
Active(file):     272716 kB
Inactive(file):   262932 kB
Unevictable:        3132 kB
Mlocked:               0 kB
HighTotal:        849920 kB
HighFree:           9388 kB
LowTotal:         536648 kB
LowFree:           58592 kB
SwapTotal:        786428 kB
SwapFree:         720820 kB
Dirty:                40 kB
Writeback:             0 kB
AnonPages:        446460 kB
Mapped:           341712 kB
Shmem:              1224 kB
Slab:              53468 kB
SReclaimable:      17348 kB
SUnreclaim:        36120 kB
KernelStack:       11848 kB
PageTables:        32632 kB
NFS_Unstable:          0 kB
Bounce:                0 kB
WritebackTmp:          0 kB
CommitLimit:     1479712 kB
Committed_AS:   72249668 kB
VmallocTotal:     319488 kB
VmallocUsed:       18484 kB
VmallocChunk:     157708 kB
Time pass: 274 sec

---2015-11-23 23:33:11
MemTotal:        1386568 kB
MemFree:           67452 kB
Buffers:           11052 kB
Cached:           528960 kB
SwapCached:         5428 kB
Active:           500456 kB
Inactive:         484868 kB
Active(anon):     227740 kB
Inactive(anon):   221928 kB
Active(file):     272716 kB
Inactive(file):   262940 kB
Unevictable:        3132 kB
Mlocked:               0 kB
HighTotal:        849920 kB
HighFree:           8812 kB
LowTotal:         536648 kB
LowFree:           58640 kB
SwapTotal:        786428 kB
SwapFree:         720820 kB
Dirty:                28 kB
Writeback:             0 kB
AnonPages:        446624 kB
Mapped:           341664 kB
Shmem:              1224 kB
Slab:              53628 kB
SReclaimable:      17348 kB
SUnreclaim:        36280 kB
KernelStack:       11840 kB
PageTables:        32636 kB
NFS_Unstable:          0 kB
Bounce:                0 kB
WritebackTmp:          0 kB
CommitLimit:     1479712 kB
Committed_AS:   72249856 kB
VmallocTotal:     319488 kB
VmallocUsed:       18416 kB
VmallocChunk:     157708 kB
Time pass: 278 sec

---2015-11-23 23:33:11
MemTotal:        1386568 kB
MemFree:           67128 kB
Buffers:           11068 kB
Cached:           529616 kB
SwapCached:         5424 kB
Active:           499932 kB
Inactive:         485524 kB
Active(anon):     227216 kB
Inactive(anon):   221912 kB
Active(file):     272716 kB
Inactive(file):   263612 kB
Unevictable:        3132 kB
Mlocked:               0 kB
HighTotal:        849920 kB
HighFree:          10172 kB
LowTotal:         536648 kB
LowFree:           56956 kB
SwapTotal:        786428 kB
SwapFree:         720824 kB
Dirty:                44 kB
Writeback:             0 kB
AnonPages:        446232 kB
Mapped:           341700 kB
Shmem:              1224 kB
Slab:              53560 kB
SReclaimable:      17348 kB
SUnreclaim:        36212 kB
KernelStack:       11832 kB
PageTables:        32632 kB
NFS_Unstable:          0 kB
Bounce:                0 kB
WritebackTmp:          0 kB
CommitLimit:     1479712 kB
Committed_AS:   72246740 kB
VmallocTotal:     319488 kB
VmallocUsed:       18416 kB
VmallocChunk:     157708 kB
Time pass: 282 sec

---2015-11-23 23:33:11
MemTotal:        1386568 kB
MemFree:           69308 kB
Buffers:           11076 kB
Cached:           529616 kB
SwapCached:         5424 kB
Active:           497632 kB
Inactive:         485532 kB
Active(anon):     224916 kB
Inactive(anon):   221912 kB
Active(file):     272716 kB
Inactive(file):   263620 kB
Unevictable:        3132 kB
Mlocked:               0 kB
HighTotal:        849920 kB
HighFree:          11344 kB
LowTotal:         536648 kB
LowFree:           57964 kB
SwapTotal:        786428 kB
SwapFree:         720824 kB
Dirty:                28 kB
Writeback:             0 kB
AnonPages:        443864 kB
Mapped:           341600 kB
Shmem:              1224 kB
Slab:              53656 kB
SReclaimable:      17348 kB
SUnreclaim:        36308 kB
KernelStack:       11856 kB
PageTables:        32632 kB
NFS_Unstable:          0 kB
Bounce:                0 kB
WritebackTmp:          0 kB
CommitLimit:     1479712 kB
Committed_AS:   72246804 kB
VmallocTotal:     319488 kB
VmallocUsed:       18484 kB
VmallocChunk:     157708 kB
Time pass: 286 sec

---2015-11-23 23:33:11
MemTotal:        1386568 kB
MemFree:           68400 kB
Buffers:           11092 kB
Cached:           529616 kB
SwapCached:         5424 kB
Active:           498640 kB
Inactive:         485528 kB
Active(anon):     225924 kB
Inactive(anon):   221892 kB
Active(file):     272716 kB
Inactive(file):   263636 kB
Unevictable:        3132 kB
Mlocked:               0 kB
HighTotal:        849920 kB
HighFree:           9664 kB
LowTotal:         536648 kB
LowFree:           58736 kB
SwapTotal:        786428 kB
SwapFree:         720832 kB
Dirty:                40 kB
Writeback:             0 kB
AnonPages:        444912 kB
Mapped:           341748 kB
Shmem:              1224 kB
Slab:              53540 kB
SReclaimable:      17348 kB
SUnreclaim:        36192 kB
KernelStack:       11832 kB
PageTables:        32632 kB
NFS_Unstable:          0 kB
Bounce:                0 kB
WritebackTmp:          0 kB
CommitLimit:     1479712 kB
Committed_AS:   72247012 kB
VmallocTotal:     319488 kB
VmallocUsed:       18484 kB
VmallocChunk:     157708 kB
Time pass: 289 sec

---2015-11-23 23:33:11
MemTotal:        1386568 kB
MemFree:           68340 kB
Buffers:           11100 kB
Cached:           529616 kB
SwapCached:         5424 kB
Active:           498224 kB
Inactive:         485536 kB
Active(anon):     225508 kB
Inactive(anon):   221892 kB
Active(file):     272716 kB
Inactive(file):   263644 kB
Unevictable:        3132 kB
Mlocked:               0 kB
HighTotal:        849920 kB
HighFree:           8720 kB
LowTotal:         536648 kB
LowFree:           59620 kB
SwapTotal:        786428 kB
SwapFree:         720832 kB
Dirty:                28 kB
Writeback:             0 kB
AnonPages:        444396 kB
Mapped:           341748 kB
Shmem:              1224 kB
Slab:              53580 kB
SReclaimable:      17356 kB
SUnreclaim:        36224 kB
KernelStack:       11832 kB
PageTables:        32632 kB
NFS_Unstable:          0 kB
Bounce:                0 kB
WritebackTmp:          0 kB
CommitLimit:     1479712 kB
Committed_AS:   72247116 kB
VmallocTotal:     319488 kB
VmallocUsed:       18484 kB
VmallocChunk:     157708 kB
Time pass: 293 sec

---2015-11-23 23:33:11
MemTotal:        1386568 kB
MemFree:           68852 kB
Buffers:           11116 kB
Cached:           529616 kB
SwapCached:         5424 kB
Active:           498720 kB
Inactive:         485552 kB
Active(anon):     226004 kB
Inactive(anon):   221892 kB
Active(file):     272716 kB
Inactive(file):   263660 kB
Unevictable:        3132 kB
Mlocked:               0 kB
HighTotal:        849920 kB
HighFree:           8760 kB
LowTotal:         536648 kB
LowFree:           60092 kB
SwapTotal:        786428 kB
SwapFree:         720832 kB
Dirty:                44 kB
Writeback:             0 kB
AnonPages:        444844 kB
Mapped:           341600 kB
Shmem:              1224 kB
Slab:              53516 kB
SReclaimable:      17356 kB
SUnreclaim:        36160 kB
KernelStack:       11872 kB
PageTables:        32632 kB
NFS_Unstable:          0 kB
Bounce:                0 kB
WritebackTmp:          0 kB
CommitLimit:     1479712 kB
Committed_AS:   72247224 kB
VmallocTotal:     319488 kB
VmallocUsed:       18484 kB
VmallocChunk:     157708 kB
Time pass: 297 sec

---2015-11-23 23:33:11
MemTotal:        1386568 kB
MemFree:           67984 kB
Buffers:           11124 kB
Cached:           529608 kB
SwapCached:         5424 kB
Active:           499012 kB
Inactive:         485552 kB
Active(anon):     226296 kB
Inactive(anon):   221892 kB
Active(file):     272716 kB
Inactive(file):   263660 kB
Unevictable:        3132 kB
Mlocked:               0 kB
HighTotal:        849920 kB
HighFree:           9256 kB
LowTotal:         536648 kB
LowFree:           58728 kB
SwapTotal:        786428 kB
SwapFree:         720832 kB
Dirty:                 0 kB
Writeback:             0 kB
AnonPages:        445324 kB
Mapped:           341748 kB
Shmem:              1224 kB
Slab:              53708 kB
SReclaimable:      17356 kB
SUnreclaim:        36352 kB
KernelStack:       11872 kB
PageTables:        32632 kB
NFS_Unstable:          0 kB
Bounce:                0 kB
WritebackTmp:          0 kB
CommitLimit:     1479712 kB
Committed_AS:   72247420 kB
VmallocTotal:     319488 kB
VmallocUsed:       18484 kB
VmallocChunk:     157708 kB
Time pass: 301 sec

---2015-11-23 23:33:11
MemTotal:        1386568 kB
MemFree:           68532 kB
Buffers:           11140 kB
Cached:           529616 kB
SwapCached:         5424 kB
Active:           499380 kB
Inactive:         485576 kB
Active(anon):     226664 kB
Inactive(anon):   221892 kB
Active(file):     272716 kB
Inactive(file):   263684 kB
Unevictable:        3132 kB
Mlocked:               0 kB
HighTotal:        849920 kB
HighFree:           9060 kB
LowTotal:         536648 kB
LowFree:           59472 kB
SwapTotal:        786428 kB
SwapFree:         720832 kB
Dirty:                40 kB
Writeback:             0 kB
AnonPages:        445536 kB
Mapped:           341700 kB
Shmem:              1224 kB
Slab:              53644 kB
SReclaimable:      17356 kB
SUnreclaim:        36288 kB
KernelStack:       11880 kB
PageTables:        32632 kB
NFS_Unstable:          0 kB
Bounce:                0 kB
WritebackTmp:          0 kB
CommitLimit:     1479712 kB
Committed_AS:   72247540 kB
VmallocTotal:     319488 kB
VmallocUsed:       18416 kB
VmallocChunk:     157708 kB
Time pass: 304 sec

---2015-11-23 23:33:11
MemTotal:        1386568 kB
MemFree:           67132 kB
Buffers:           11140 kB
Cached:           529616 kB
SwapCached:         5424 kB
Active:           499672 kB
Inactive:         485576 kB
Active(anon):     226956 kB
Inactive(anon):   221892 kB
Active(file):     272716 kB
Inactive(file):   263684 kB
Unevictable:        3132 kB
Mlocked:               0 kB
HighTotal:        849920 kB
HighFree:           8896 kB
LowTotal:         536648 kB
LowFree:           58236 kB
SwapTotal:        786428 kB
SwapFree:         720832 kB
Dirty:                 0 kB
Writeback:             0 kB
AnonPages:        445892 kB
Mapped:           341748 kB
Shmem:              1224 kB
Slab:              53644 kB
SReclaimable:      17356 kB
SUnreclaim:        36288 kB
KernelStack:       11832 kB
PageTables:        32632 kB
NFS_Unstable:          0 kB
Bounce:                0 kB
WritebackTmp:          0 kB
CommitLimit:     1479712 kB
Committed_AS:   72247704 kB
VmallocTotal:     319488 kB
VmallocUsed:       18484 kB
VmallocChunk:     157708 kB
Time pass: 308 sec

---2015-11-23 23:33:11
MemTotal:        1386568 kB
MemFree:           66928 kB
Buffers:           11164 kB
Cached:           529616 kB
SwapCached:         5424 kB
Active:           499920 kB
Inactive:         485600 kB
Active(anon):     227204 kB
Inactive(anon):   221892 kB
Active(file):     272716 kB
Inactive(file):   263708 kB
Unevictable:        3132 kB
Mlocked:               0 kB
HighTotal:        849920 kB
HighFree:           8688 kB
LowTotal:         536648 kB
LowFree:           58240 kB
SwapTotal:        786428 kB
SwapFree:         720832 kB
Dirty:                36 kB
Writeback:             0 kB
AnonPages:        446080 kB
Mapped:           341748 kB
Shmem:              1224 kB
Slab:              53744 kB
SReclaimable:      17356 kB
SUnreclaim:        36388 kB
KernelStack:       11872 kB
PageTables:        32636 kB
NFS_Unstable:          0 kB
Bounce:                0 kB
WritebackTmp:          0 kB
CommitLimit:     1479712 kB
Committed_AS:   72247828 kB
VmallocTotal:     319488 kB
VmallocUsed:       18484 kB
VmallocChunk:     157708 kB
Time pass: 312 sec

---2015-11-23 23:33:11
MemTotal:        1386568 kB
MemFree:           68068 kB
Buffers:           11164 kB
Cached:           529616 kB
SwapCached:         5424 kB
Active:           499984 kB
Inactive:         485600 kB
Active(anon):     227268 kB
Inactive(anon):   221892 kB
Active(file):     272716 kB
Inactive(file):   263708 kB
Unevictable:        3132 kB
Mlocked:               0 kB
HighTotal:        849920 kB
HighFree:           9368 kB
LowTotal:         536648 kB
LowFree:           58700 kB
SwapTotal:        786428 kB
SwapFree:         720832 kB
Dirty:                 0 kB
Writeback:             0 kB
AnonPages:        446340 kB
Mapped:           341748 kB
Shmem:              1224 kB
Slab:              53680 kB
SReclaimable:      17356 kB
SUnreclaim:        36324 kB
KernelStack:       11832 kB
PageTables:        32632 kB
NFS_Unstable:          0 kB
Bounce:                0 kB
WritebackTmp:          0 kB
CommitLimit:     1479712 kB
Committed_AS:   72247940 kB
VmallocTotal:     319488 kB
VmallocUsed:       18484 kB
VmallocChunk:     157708 kB
Time pass: 315 sec

---2015-11-23 23:33:11
MemTotal:        1386568 kB
MemFree:           66320 kB
Buffers:           11188 kB
Cached:           529720 kB
SwapCached:         5424 kB
Active:           500356 kB
Inactive:         485728 kB
Active(anon):     227640 kB
Inactive(anon):   222012 kB
Active(file):     272716 kB
Inactive(file):   263716 kB
Unevictable:        3132 kB
Mlocked:               0 kB
HighTotal:        849920 kB
HighFree:           8892 kB
LowTotal:         536648 kB
LowFree:           57428 kB
SwapTotal:        786428 kB
SwapFree:         720836 kB
Dirty:                28 kB
Writeback:             0 kB
AnonPages:        446508 kB
Mapped:           341868 kB
Shmem:              1344 kB
Slab:              53904 kB
SReclaimable:      17356 kB
SUnreclaim:        36548 kB
KernelStack:       11832 kB
PageTables:        32636 kB
NFS_Unstable:          0 kB
Bounce:                0 kB
WritebackTmp:          0 kB
CommitLimit:     1479712 kB
Committed_AS:   72248152 kB
VmallocTotal:     319488 kB
VmallocUsed:       18484 kB
VmallocChunk:     157708 kB
Time pass: 319 sec

---2015-11-23 23:33:11
MemTotal:        1386568 kB
MemFree:           67944 kB
Buffers:           11188 kB
Cached:           529796 kB
SwapCached:         5424 kB
Active:           499088 kB
Inactive:         485808 kB
Active(anon):     226372 kB
Inactive(anon):   222076 kB
Active(file):     272716 kB
Inactive(file):   263732 kB
Unevictable:        3132 kB
Mlocked:               0 kB
HighTotal:        849920 kB
HighFree:          10164 kB
LowTotal:         536648 kB
LowFree:           57780 kB
SwapTotal:        786428 kB
SwapFree:         720836 kB
Dirty:                 0 kB
Writeback:             0 kB
AnonPages:        445376 kB
Mapped:           341928 kB
Shmem:              1404 kB
Slab:              53680 kB
SReclaimable:      17356 kB
SUnreclaim:        36324 kB
KernelStack:       11824 kB
PageTables:        32632 kB
NFS_Unstable:          0 kB
Bounce:                0 kB
WritebackTmp:          0 kB
CommitLimit:     1479712 kB
Committed_AS:   72248244 kB
VmallocTotal:     319488 kB
VmallocUsed:       18484 kB
VmallocChunk:     157708 kB
Time pass: 323 sec

---2015-11-23 23:33:11
MemTotal:        1386568 kB
MemFree:           67632 kB
Buffers:           11196 kB
Cached:           529796 kB
SwapCached:         5424 kB
Active:           500072 kB
Inactive:         485808 kB
Active(anon):     227356 kB
Inactive(anon):   222068 kB
Active(file):     272716 kB
Inactive(file):   263740 kB
Unevictable:        3132 kB
Mlocked:               0 kB
HighTotal:        849920 kB
HighFree:           9728 kB
LowTotal:         536648 kB
LowFree:           57904 kB
SwapTotal:        786428 kB
SwapFree:         720840 kB
Dirty:                28 kB
Writeback:             0 kB
AnonPages:        446416 kB
Mapped:           341880 kB
Shmem:              1404 kB
Slab:              53644 kB
SReclaimable:      17356 kB
SUnreclaim:        36288 kB
KernelStack:       11824 kB
PageTables:        32636 kB
NFS_Unstable:          0 kB
Bounce:                0 kB
WritebackTmp:          0 kB
CommitLimit:     1479712 kB
Committed_AS:   72248340 kB
VmallocTotal:     319488 kB
VmallocUsed:       18416 kB
VmallocChunk:     157708 kB
Time pass: 327 sec

---2015-11-23 23:33:11
MemTotal:        1386568 kB
MemFree:           68036 kB
Buffers:           11212 kB
Cached:           529796 kB
SwapCached:         5424 kB
Active:           500556 kB
Inactive:         485824 kB
Active(anon):     227840 kB
Inactive(anon):   222068 kB
Active(file):     272716 kB
Inactive(file):   263756 kB
Unevictable:        3132 kB
Mlocked:               0 kB
HighTotal:        849920 kB
HighFree:          10180 kB
LowTotal:         536648 kB
LowFree:           57856 kB
SwapTotal:        786428 kB
SwapFree:         720848 kB
Dirty:                 0 kB
Writeback:             0 kB
AnonPages:        446732 kB
Mapped:           341880 kB
Shmem:              1404 kB
Slab:              53644 kB
SReclaimable:      17356 kB
SUnreclaim:        36288 kB
KernelStack:       11880 kB
PageTables:        32624 kB
NFS_Unstable:          0 kB
Bounce:                0 kB
WritebackTmp:          0 kB
CommitLimit:     1479712 kB
Committed_AS:   72248572 kB
VmallocTotal:     319488 kB
VmallocUsed:       18416 kB
VmallocChunk:     157708 kB
Time pass: 330 sec

---2015-11-23 23:33:11
MemTotal:        1386568 kB
MemFree:           66652 kB
Buffers:           11228 kB
Cached:           529796 kB
SwapCached:         5424 kB
Active:           500820 kB
Inactive:         485840 kB
Active(anon):     228104 kB
Inactive(anon):   222068 kB
Active(file):     272716 kB
Inactive(file):   263772 kB
Unevictable:        3132 kB
Mlocked:               0 kB
HighTotal:        849920 kB
HighFree:           8852 kB
LowTotal:         536648 kB
LowFree:           57800 kB
SwapTotal:        786428 kB
SwapFree:         720852 kB
Dirty:                40 kB
Writeback:             0 kB
AnonPages:        446988 kB
Mapped:           341928 kB
Shmem:              1404 kB
Slab:              53452 kB
SReclaimable:      17356 kB
SUnreclaim:        36096 kB
KernelStack:       11808 kB
PageTables:        32628 kB
NFS_Unstable:          0 kB
Bounce:                0 kB
WritebackTmp:          0 kB
CommitLimit:     1479712 kB
Committed_AS:   72248652 kB
VmallocTotal:     319488 kB
VmallocUsed:       18484 kB
VmallocChunk:     157708 kB
Time pass: 334 sec

---2015-11-23 23:33:11
MemTotal:        1386568 kB
MemFree:           65996 kB
Buffers:           11236 kB
Cached:           529796 kB
SwapCached:         5424 kB
Active:           501168 kB
Inactive:         485848 kB
Active(anon):     228452 kB
Inactive(anon):   222068 kB
Active(file):     272716 kB
Inactive(file):   263780 kB
Unevictable:        3132 kB
Mlocked:               0 kB
HighTotal:        849920 kB
HighFree:           8888 kB
LowTotal:         536648 kB
LowFree:           57108 kB
SwapTotal:        786428 kB
SwapFree:         720852 kB
Dirty:                28 kB
Writeback:             0 kB
AnonPages:        447284 kB
Mapped:           341928 kB
