---2015-11-24 11:46:30
MemTotal:        1745540 kB
MemFree:           80524 kB
Buffers:            6876 kB
Cached:           507128 kB
SwapCached:        48260 kB
Active:           581952 kB
Inactive:         661620 kB
Active(anon):     366716 kB
Inactive(anon):   367768 kB
Active(file):     215236 kB
Inactive(file):   293852 kB
Unevictable:        3816 kB
Mlocked:               0 kB
HighTotal:       1217536 kB
HighFree:          38184 kB
LowTotal:         528004 kB
LowFree:           42340 kB
SwapTotal:       1310716 kB
SwapFree:         884532 kB
Dirty:                32 kB
Writeback:             0 kB
AnonPages:        716432 kB
Mapped:           240816 kB
Shmem:              1092 kB
Slab:              57384 kB
SReclaimable:      15628 kB
SUnreclaim:        41756 kB
KernelStack:       15520 kB
PageTables:        53008 kB
NFS_Unstable:          0 kB
Bounce:                0 kB
WritebackTmp:          0 kB
CommitLimit:     2183484 kB
Committed_AS:   129459256 kB
VmallocTotal:     311296 kB
VmallocUsed:       15424 kB
VmallocChunk:     164876 kB
Time pass: 3 sec

---2015-11-24 11:46:30
MemTotal:        1745540 kB
MemFree:           80160 kB
Buffers:            6876 kB
Cached:           507124 kB
SwapCached:        48264 kB
Active:           582076 kB
Inactive:         661604 kB
Active(anon):     366812 kB
Inactive(anon):   367772 kB
Active(file):     215264 kB
Inactive(file):   293832 kB
Unevictable:        3816 kB
Mlocked:               0 kB
HighTotal:       1217536 kB
HighFree:          37820 kB
LowTotal:         528004 kB
LowFree:           42340 kB
SwapTotal:       1310716 kB
SwapFree:         884536 kB
Dirty:                32 kB
Writeback:             0 kB
AnonPages:        716544 kB
Mapped:           240828 kB
Shmem:              1092 kB
Slab:              57384 kB
SReclaimable:      15628 kB
SUnreclaim:        41756 kB
KernelStack:       15520 kB
PageTables:        53008 kB
NFS_Unstable:          0 kB
Bounce:                0 kB
WritebackTmp:          0 kB
CommitLimit:     2183484 kB
Committed_AS:   129459376 kB
VmallocTotal:     311296 kB
VmallocUsed:       15424 kB
VmallocChunk:     164876 kB
Time pass: 7 sec

---2015-11-24 11:46:30
MemTotal:        1745540 kB
MemFree:           80092 kB
Buffers:            6876 kB
Cached:           507128 kB
SwapCached:        48264 kB
Active:           582124 kB
Inactive:         661624 kB
Active(anon):     366860 kB
Inactive(anon):   367792 kB
Active(file):     215264 kB
Inactive(file):   293832 kB
Unevictable:        3816 kB
Mlocked:               0 kB
HighTotal:       1217536 kB
HighFree:          37744 kB
LowTotal:         528004 kB
LowFree:           42348 kB
SwapTotal:       1310716 kB
SwapFree:         884564 kB
Dirty:                 0 kB
Writeback:             0 kB
AnonPages:        716568 kB
Mapped:           240828 kB
Shmem:              1092 kB
Slab:              57384 kB
SReclaimable:      15628 kB
SUnreclaim:        41756 kB
KernelStack:       15504 kB
PageTables:        53008 kB
NFS_Unstable:          0 kB
Bounce:                0 kB
WritebackTmp:          0 kB
CommitLimit:     2183484 kB
Committed_AS:   129459416 kB
VmallocTotal:     311296 kB
VmallocUsed:       15424 kB
VmallocChunk:     164876 kB
Time pass: 11 sec

---2015-11-24 11:46:30
MemTotal:        1745540 kB
MemFree:           79976 kB
Buffers:            6876 kB
Cached:           507128 kB
SwapCached:        48264 kB
Active:           582340 kB
Inactive:         661632 kB
Active(anon):     367076 kB
Inactive(anon):   367800 kB
Active(file):     215264 kB
Inactive(file):   293832 kB
Unevictable:        3816 kB
Mlocked:               0 kB
HighTotal:       1217536 kB
HighFree:          37612 kB
LowTotal:         528004 kB
LowFree:           42364 kB
SwapTotal:       1310716 kB
SwapFree:         884568 kB
Dirty:                 0 kB
Writeback:             0 kB
AnonPages:        716816 kB
Mapped:           240828 kB
Shmem:              1092 kB
Slab:              57384 kB
SReclaimable:      15628 kB
SUnreclaim:        41756 kB
KernelStack:       15496 kB
PageTables:        53008 kB
NFS_Unstable:          0 kB
Bounce:                0 kB
WritebackTmp:          0 kB
CommitLimit:     2183484 kB
Committed_AS:   129459616 kB
VmallocTotal:     311296 kB
VmallocUsed:       15424 kB
VmallocChunk:     164876 kB
Time pass: 15 sec

---2015-11-24 11:46:30
MemTotal:        1745540 kB
MemFree:           44972 kB
Buffers:            8728 kB
Cached:           470868 kB
SwapCached:        48344 kB
Active:           604028 kB
Inactive:         630004 kB
Active(anon):     379700 kB
Inactive(anon):   379988 kB
Active(file):     224328 kB
Inactive(file):   250016 kB
Unevictable:        3816 kB
Mlocked:               0 kB
HighTotal:       1217536 kB
HighFree:          20372 kB
LowTotal:         528004 kB
LowFree:           24600 kB
SwapTotal:       1310716 kB
SwapFree:         882416 kB
Dirty:               888 kB
Writeback:             0 kB
AnonPages:        741588 kB
Mapped:           252652 kB
Shmem:              1224 kB
Slab:              57208 kB
SReclaimable:      15628 kB
SUnreclaim:        41580 kB
KernelStack:       16008 kB
PageTables:        53316 kB
NFS_Unstable:          0 kB
Bounce:                0 kB
WritebackTmp:          0 kB
CommitLimit:     2183484 kB
Committed_AS:   129570332 kB
VmallocTotal:     311296 kB
VmallocUsed:       15900 kB
VmallocChunk:     164876 kB
Time pass: 19 sec

---2015-11-24 11:46:30
MemTotal:        1745540 kB
MemFree:           61628 kB
Buffers:            8292 kB
Cached:           403424 kB
SwapCached:        49204 kB
Active:           560940 kB
Inactive:         572228 kB
Active(anon):     357684 kB
Inactive(anon):   368812 kB
Active(file):     203256 kB
Inactive(file):   203416 kB
Unevictable:        3816 kB
Mlocked:               0 kB
HighTotal:       1217536 kB
HighFree:          34860 kB
LowTotal:         528004 kB
LowFree:           26768 kB
SwapTotal:       1310716 kB
SwapFree:         858556 kB
Dirty:               120 kB
Writeback:             0 kB
AnonPages:        707256 kB
Mapped:           305648 kB
Shmem:              1220 kB
Slab:              57308 kB
SReclaimable:      15596 kB
SUnreclaim:        41712 kB
KernelStack:       15880 kB
PageTables:        53560 kB
NFS_Unstable:          0 kB
Bounce:                0 kB
WritebackTmp:          0 kB
CommitLimit:     2183484 kB
Committed_AS:   129572484 kB
VmallocTotal:     311296 kB
VmallocUsed:       16232 kB
VmallocChunk:     164876 kB
Time pass: 27 sec

---2015-11-24 11:46:30
MemTotal:        1745540 kB
MemFree:           59524 kB
Buffers:            6172 kB
Cached:           385624 kB
SwapCached:        49508 kB
Active:           553984 kB
Inactive:         555996 kB
Active(anon):     360784 kB
Inactive(anon):   362436 kB
Active(file):     193200 kB
Inactive(file):   193560 kB
Unevictable:        3816 kB
Mlocked:               0 kB
HighTotal:       1217536 kB
HighFree:          31760 kB
LowTotal:         528004 kB
LowFree:           27764 kB
SwapTotal:       1310716 kB
SwapFree:         844868 kB
Dirty:               128 kB
Writeback:             0 kB
AnonPages:        703488 kB
Mapped:           313976 kB
Shmem:              1220 kB
Slab:              57432 kB
SReclaimable:      15596 kB
SUnreclaim:        41836 kB
KernelStack:       15944 kB
PageTables:        53708 kB
NFS_Unstable:          0 kB
Bounce:                0 kB
WritebackTmp:          0 kB
CommitLimit:     2183484 kB
Committed_AS:   129588028 kB
VmallocTotal:     311296 kB
VmallocUsed:       16132 kB
VmallocChunk:     164876 kB
Time pass: 31 sec

---2015-11-24 11:46:30
MemTotal:        1745540 kB
MemFree:           52064 kB
Buffers:            6188 kB
Cached:           386436 kB
SwapCached:        49564 kB
Active:           557264 kB
Inactive:         556960 kB
Active(anon):     364076 kB
Inactive(anon):   362512 kB
Active(file):     193188 kB
Inactive(file):   194448 kB
Unevictable:        3816 kB
Mlocked:               0 kB
HighTotal:       1217536 kB
HighFree:          24580 kB
LowTotal:         528004 kB
LowFree:           27484 kB
SwapTotal:       1310716 kB
SwapFree:         844908 kB
Dirty:                44 kB
Writeback:             0 kB
AnonPages:        706864 kB
Mapped:           317752 kB
Shmem:              1220 kB
Slab:              57432 kB
SReclaimable:      15596 kB
SUnreclaim:        41836 kB
KernelStack:       15896 kB
PageTables:        53716 kB
NFS_Unstable:          0 kB
Bounce:                0 kB
WritebackTmp:          0 kB
CommitLimit:     2183484 kB
Committed_AS:   129593564 kB
VmallocTotal:     311296 kB
VmallocUsed:       16356 kB
VmallocChunk:     164876 kB
Time pass: 34 sec

---2015-11-24 11:46:30
MemTotal:        1745540 kB
MemFree:           51148 kB
Buffers:            6252 kB
Cached:           378796 kB
SwapCached:        49468 kB
Active:           565244 kB
Inactive:         557840 kB
Active(anon):     375176 kB
Inactive(anon):   367900 kB
Active(file):     190068 kB
Inactive(file):   189940 kB
Unevictable:        3816 kB
Mlocked:               0 kB
HighTotal:       1217536 kB
HighFree:          19692 kB
LowTotal:         528004 kB
LowFree:           31456 kB
SwapTotal:       1310716 kB
SwapFree:         842276 kB
Dirty:               120 kB
Writeback:             0 kB
AnonPages:        723296 kB
Mapped:           314900 kB
Shmem:              1220 kB
Slab:              57664 kB
SReclaimable:      15604 kB
SUnreclaim:        42060 kB
KernelStack:       16032 kB
PageTables:        53684 kB
NFS_Unstable:          0 kB
Bounce:                0 kB
WritebackTmp:          0 kB
CommitLimit:     2183484 kB
Committed_AS:   129615432 kB
VmallocTotal:     311296 kB
VmallocUsed:       16308 kB
VmallocChunk:     164876 kB
Time pass: 38 sec

---2015-11-24 11:46:30
MemTotal:        1745540 kB
MemFree:           58212 kB
Buffers:            6288 kB
Cached:           340660 kB
SwapCached:        49508 kB
Active:           534980 kB
Inactive:         531216 kB
Active(anon):     363072 kB
Inactive(anon):   361236 kB
Active(file):     171908 kB
Inactive(file):   169980 kB
Unevictable:        3816 kB
Mlocked:               0 kB
HighTotal:       1217536 kB
HighFree:          31776 kB
LowTotal:         528004 kB
LowFree:           26436 kB
SwapTotal:       1310716 kB
SwapFree:         824680 kB
Dirty:               204 kB
Writeback:             0 kB
AnonPages:        704144 kB
Mapped:           354996 kB
Shmem:              1220 kB
Slab:              57704 kB
SReclaimable:      15612 kB
SUnreclaim:        42092 kB
KernelStack:       15984 kB
PageTables:        53780 kB
NFS_Unstable:          0 kB
Bounce:                0 kB
WritebackTmp:          0 kB
CommitLimit:     2183484 kB
Committed_AS:   129616200 kB
VmallocTotal:     311296 kB
VmallocUsed:       16424 kB
VmallocChunk:     164876 kB
Time pass: 48 sec

---2015-11-24 11:46:30
MemTotal:        1745540 kB
MemFree:           56424 kB
Buffers:            6360 kB
Cached:           338652 kB
SwapCached:        49544 kB
Active:           533148 kB
Inactive:         531196 kB
Active(anon):     362144 kB
Inactive(anon):   362224 kB
Active(file):     171004 kB
Inactive(file):   168972 kB
Unevictable:        3816 kB
Mlocked:               0 kB
HighTotal:       1217536 kB
HighFree:          32096 kB
LowTotal:         528004 kB
LowFree:           24328 kB
SwapTotal:       1310716 kB
SwapFree:         822492 kB
Dirty:                20 kB
Writeback:             0 kB
AnonPages:        703924 kB
Mapped:           358252 kB
Shmem:              1220 kB
Slab:              57716 kB
SReclaimable:      15612 kB
SUnreclaim:        42104 kB
KernelStack:       16056 kB
PageTables:        53804 kB
NFS_Unstable:          0 kB
Bounce:                0 kB
WritebackTmp:          0 kB
CommitLimit:     2183484 kB
Committed_AS:   129616336 kB
VmallocTotal:     311296 kB
VmallocUsed:       16424 kB
VmallocChunk:     164876 kB
Time pass: 53 sec

---2015-11-24 11:46:30
MemTotal:        1745540 kB
MemFree:           56376 kB
Buffers:            6376 kB
Cached:           338392 kB
SwapCached:        49568 kB
Active:           533420 kB
Inactive:         531116 kB
Active(anon):     362396 kB
Inactive(anon):   362396 kB
Active(file):     171024 kB
Inactive(file):   168720 kB
Unevictable:        3816 kB
Mlocked:               0 kB
HighTotal:       1217536 kB
HighFree:          31692 kB
LowTotal:         528004 kB
LowFree:           24684 kB
SwapTotal:       1310716 kB
SwapFree:         822224 kB
Dirty:                24 kB
Writeback:             0 kB
AnonPages:        704404 kB
Mapped:           358620 kB
Shmem:              1220 kB
Slab:              57692 kB
SReclaimable:      15612 kB
SUnreclaim:        42080 kB
KernelStack:       16000 kB
PageTables:        53804 kB
NFS_Unstable:          0 kB
Bounce:                0 kB
WritebackTmp:          0 kB
CommitLimit:     2183484 kB
Committed_AS:   129616536 kB
VmallocTotal:     311296 kB
VmallocUsed:       16356 kB
VmallocChunk:     164876 kB
Time pass: 60 sec

---2015-11-24 11:46:30
MemTotal:        1745540 kB
MemFree:           56272 kB
Buffers:            6376 kB
Cached:           338404 kB
SwapCached:        49568 kB
Active:           533608 kB
Inactive:         531136 kB
Active(anon):     362584 kB
Inactive(anon):   362416 kB
Active(file):     171024 kB
Inactive(file):   168720 kB
Unevictable:        3816 kB
Mlocked:               0 kB
HighTotal:       1217536 kB
HighFree:          31536 kB
LowTotal:         528004 kB
LowFree:           24736 kB
SwapTotal:       1310716 kB
SwapFree:         822232 kB
Dirty:                 0 kB
Writeback:             0 kB
AnonPages:        704564 kB
Mapped:           358600 kB
Shmem:              1220 kB
Slab:              57692 kB
SReclaimable:      15612 kB
SUnreclaim:        42080 kB
KernelStack:       15968 kB
PageTables:        53804 kB
NFS_Unstable:          0 kB
Bounce:                0 kB
WritebackTmp:          0 kB
CommitLimit:     2183484 kB
Committed_AS:   129616736 kB
VmallocTotal:     311296 kB
VmallocUsed:       16356 kB
VmallocChunk:     164876 kB
Time pass: 68 sec

---2015-11-24 11:46:30
MemTotal:        1745540 kB
MemFree:           56224 kB
Buffers:            6376 kB
Cached:           338404 kB
SwapCached:        49568 kB
Active:           533696 kB
Inactive:         531140 kB
Active(anon):     362672 kB
Inactive(anon):   362420 kB
Active(file):     171024 kB
Inactive(file):   168720 kB
Unevictable:        3816 kB
Mlocked:               0 kB
HighTotal:       1217536 kB
HighFree:          31488 kB
LowTotal:         528004 kB
LowFree:           24736 kB
SwapTotal:       1310716 kB
SwapFree:         822232 kB
Dirty:                 0 kB
Writeback:             0 kB
AnonPages:        704704 kB
Mapped:           358612 kB
Shmem:              1220 kB
Slab:              57692 kB
SReclaimable:      15612 kB
SUnreclaim:        42080 kB
KernelStack:       15952 kB
PageTables:        53784 kB
NFS_Unstable:          0 kB
Bounce:                0 kB
WritebackTmp:          0 kB
CommitLimit:     2183484 kB
Committed_AS:   129616816 kB
VmallocTotal:     311296 kB
VmallocUsed:       16356 kB
VmallocChunk:     164876 kB
Time pass: 72 sec

---2015-11-24 11:46:30
MemTotal:        1745540 kB
MemFree:           57436 kB
Buffers:            6392 kB
Cached:           334444 kB
SwapCached:        49420 kB
Active:           529672 kB
Inactive:         528476 kB
Active(anon):     360488 kB
Inactive(anon):   361900 kB
Active(file):     169184 kB
Inactive(file):   166576 kB
Unevictable:        3816 kB
Mlocked:               0 kB
HighTotal:       1217536 kB
HighFree:          32456 kB
LowTotal:         528004 kB
LowFree:           24980 kB
SwapTotal:       1310716 kB
SwapFree:         819616 kB
Dirty:               252 kB
Writeback:             0 kB
AnonPages:        701860 kB
Mapped:           360940 kB
Shmem:              1220 kB
Slab:              57776 kB
SReclaimable:      15628 kB
SUnreclaim:        42148 kB
KernelStack:       15936 kB
PageTables:        53792 kB
NFS_Unstable:          0 kB
Bounce:                0 kB
WritebackTmp:          0 kB
CommitLimit:     2183484 kB
Committed_AS:   129617056 kB
VmallocTotal:     311296 kB
VmallocUsed:       16356 kB
VmallocChunk:     164876 kB
Time pass: 78 sec

---2015-11-24 11:46:30
MemTotal:        1745540 kB
MemFree:           58364 kB
Buffers:            6400 kB
Cached:           332964 kB
SwapCached:        49344 kB
Active:           529032 kB
Inactive:         526960 kB
Active(anon):     360812 kB
Inactive(anon):   360840 kB
Active(file):     168220 kB
Inactive(file):   166120 kB
Unevictable:        3816 kB
Mlocked:               0 kB
HighTotal:       1217536 kB
HighFree:          33508 kB
LowTotal:         528004 kB
LowFree:           24856 kB
SwapTotal:       1310716 kB
SwapFree:         818732 kB
Dirty:                60 kB
Writeback:             0 kB
AnonPages:        701196 kB
Mapped:           361500 kB
Shmem:              1220 kB
Slab:              57884 kB
SReclaimable:      15628 kB
SUnreclaim:        42256 kB
KernelStack:       15928 kB
PageTables:        53832 kB
NFS_Unstable:          0 kB
Bounce:                0 kB
WritebackTmp:          0 kB
CommitLimit:     2183484 kB
Committed_AS:   129619900 kB
VmallocTotal:     311296 kB
VmallocUsed:       16424 kB
VmallocChunk:     164876 kB
Time pass: 86 sec

---2015-11-24 11:46:30
MemTotal:        1745540 kB
MemFree:           58696 kB
Buffers:            6408 kB
Cached:           332984 kB
SwapCached:        49344 kB
Active:           528972 kB
Inactive:         526920 kB
Active(anon):     360724 kB
Inactive(anon):   360820 kB
Active(file):     168248 kB
Inactive(file):   166100 kB
Unevictable:        3816 kB
Mlocked:               0 kB
HighTotal:       1217536 kB
HighFree:          33464 kB
LowTotal:         528004 kB
LowFree:           25232 kB
SwapTotal:       1310716 kB
SwapFree:         818732 kB
Dirty:                 4 kB
Writeback:             0 kB
AnonPages:        701008 kB
Mapped:           361492 kB
Shmem:              1220 kB
Slab:              57816 kB
SReclaimable:      15628 kB
SUnreclaim:        42188 kB
KernelStack:       15944 kB
PageTables:        53812 kB
NFS_Unstable:          0 kB
Bounce:                0 kB
WritebackTmp:          0 kB
CommitLimit:     2183484 kB
Committed_AS:   129617376 kB
VmallocTotal:     311296 kB
VmallocUsed:       16356 kB
VmallocChunk:     164876 kB
Time pass: 90 sec

---2015-11-24 11:46:30
MemTotal:        1745540 kB
MemFree:           60136 kB
Buffers:            6436 kB
Cached:           317204 kB
SwapCached:        50112 kB
Active:           517848 kB
Inactive:         516812 kB
Active(anon):     358152 kB
Inactive(anon):   357904 kB
Active(file):     159696 kB
Inactive(file):   158908 kB
Unevictable:        3816 kB
Mlocked:               0 kB
HighTotal:       1217536 kB
HighFree:          34116 kB
LowTotal:         528004 kB
LowFree:           26020 kB
SwapTotal:       1310716 kB
SwapFree:         801532 kB
Dirty:               524 kB
Writeback:             0 kB
AnonPages:        694792 kB
Mapped:           375180 kB
Shmem:              1220 kB
Slab:              58192 kB
SReclaimable:      15636 kB
SUnreclaim:        42556 kB
KernelStack:       15984 kB
PageTables:        53832 kB
NFS_Unstable:          0 kB
Bounce:                0 kB
WritebackTmp:          0 kB
CommitLimit:     2183484 kB
Committed_AS:   129626976 kB
VmallocTotal:     311296 kB
VmallocUsed:       16440 kB
VmallocChunk:     164876 kB
Time pass: 98 sec

---2015-11-24 11:46:30
MemTotal:        1745540 kB
MemFree:           59236 kB
Buffers:            6444 kB
Cached:           317536 kB
SwapCached:        50116 kB
Active:           517188 kB
Inactive:         517068 kB
Active(anon):     357492 kB
Inactive(anon):   357828 kB
Active(file):     159696 kB
Inactive(file):   159240 kB
Unevictable:        3816 kB
Mlocked:               0 kB
HighTotal:       1217536 kB
HighFree:          33792 kB
LowTotal:         528004 kB
LowFree:           25444 kB
SwapTotal:       1310716 kB
SwapFree:         801544 kB
Dirty:                 0 kB
Writeback:             0 kB
AnonPages:        694208 kB
Mapped:           375116 kB
Shmem:              1220 kB
Slab:              58208 kB
SReclaimable:      15620 kB
SUnreclaim:        42588 kB
KernelStack:       16000 kB
PageTables:        53848 kB
NFS_Unstable:          0 kB
Bounce:                0 kB
WritebackTmp:          0 kB
CommitLimit:     2183484 kB
Committed_AS:   129627088 kB
VmallocTotal:     311296 kB
VmallocUsed:       16576 kB
VmallocChunk:     164876 kB
Time pass: 104 sec

---2015-11-24 11:46:30
MemTotal:        1745540 kB
MemFree:           60012 kB
Buffers:            6460 kB
Cached:           317536 kB
SwapCached:        50112 kB
Active:           517536 kB
Inactive:         517096 kB
Active(anon):     357832 kB
Inactive(anon):   357840 kB
Active(file):     159704 kB
Inactive(file):   159256 kB
Unevictable:        3816 kB
Mlocked:               0 kB
HighTotal:       1217536 kB
HighFree:          33852 kB
LowTotal:         528004 kB
LowFree:           26160 kB
SwapTotal:       1310716 kB
SwapFree:         801560 kB
Dirty:                32 kB
Writeback:             0 kB
AnonPages:        694408 kB
Mapped:           375180 kB
Shmem:              1220 kB
Slab:              58056 kB
SReclaimable:      15604 kB
SUnreclaim:        42452 kB
KernelStack:       16000 kB
PageTables:        53848 kB
NFS_Unstable:          0 kB
Bounce:                0 kB
WritebackTmp:          0 kB
CommitLimit:     2183484 kB
Committed_AS:   129627296 kB
VmallocTotal:     311296 kB
VmallocUsed:       16440 kB
VmallocChunk:     164876 kB
Time pass: 107 sec

---2015-11-24 11:46:30
MemTotal:        1745540 kB
MemFree:           62516 kB
Buffers:            6460 kB
Cached:           319596 kB
SwapCached:        49872 kB
Active:           517796 kB
Inactive:         516148 kB
Active(anon):     357604 kB
Inactive(anon):   355348 kB
Active(file):     160192 kB
Inactive(file):   160800 kB
Unevictable:        3816 kB
Mlocked:               0 kB
HighTotal:       1217536 kB
HighFree:          33988 kB
LowTotal:         528004 kB
LowFree:           28528 kB
SwapTotal:       1310716 kB
SwapFree:         810988 kB
Dirty:                 0 kB
Writeback:             0 kB
AnonPages:        691932 kB
Mapped:           374236 kB
Shmem:              1220 kB
Slab:              58032 kB
SReclaimable:      15604 kB
SUnreclaim:        42428 kB
KernelStack:       15880 kB
PageTables:        53264 kB
NFS_Unstable:          0 kB
Bounce:                0 kB
WritebackTmp:          0 kB
CommitLimit:     2183484 kB
Committed_AS:   128129276 kB
VmallocTotal:     311296 kB
VmallocUsed:       16440 kB
VmallocChunk:     164876 kB
Time pass: 111 sec

---2015-11-24 11:46:30
MemTotal:        1745540 kB
MemFree:           61396 kB
Buffers:            6460 kB
Cached:           320620 kB
SwapCached:        49872 kB
Active:           518156 kB
Inactive:         517184 kB
Active(anon):     357960 kB
Inactive(anon):   355348 kB
Active(file):     160196 kB
Inactive(file):   161836 kB
Unevictable:        3816 kB
Mlocked:               0 kB
HighTotal:       1217536 kB
HighFree:          32720 kB
LowTotal:         528004 kB
LowFree:           28676 kB
SwapTotal:       1310716 kB
SwapFree:         810988 kB
Dirty:                 4 kB
Writeback:             0 kB
AnonPages:        692264 kB
Mapped:           374240 kB
Shmem:              1220 kB
Slab:              58028 kB
SReclaimable:      15604 kB
SUnreclaim:        42424 kB
KernelStack:       15880 kB
PageTables:        53264 kB
NFS_Unstable:          0 kB
Bounce:                0 kB
WritebackTmp:          0 kB
CommitLimit:     2183484 kB
Committed_AS:   128129436 kB
VmallocTotal:     311296 kB
VmallocUsed:       16440 kB
VmallocChunk:     164876 kB
Time pass: 116 sec

---2015-11-24 11:46:30
MemTotal:        1745540 kB
MemFree:           48624 kB
Buffers:            6480 kB
Cached:           330108 kB
SwapCached:        49896 kB
Active:           520068 kB
Inactive:         526520 kB
Active(anon):     359864 kB
Inactive(anon):   355300 kB
Active(file):     160204 kB
Inactive(file):   171220 kB
Unevictable:        3816 kB
Mlocked:               0 kB
HighTotal:       1217536 kB
HighFree:          21056 kB
LowTotal:         528004 kB
LowFree:           27568 kB
SwapTotal:       1310716 kB
SwapFree:         810992 kB
Dirty:                28 kB
Writeback:             0 kB
AnonPages:        694312 kB
Mapped:           374924 kB
Shmem:              1220 kB
Slab:              58028 kB
SReclaimable:      15604 kB
SUnreclaim:        42424 kB
KernelStack:       15888 kB
PageTables:        53260 kB
NFS_Unstable:          0 kB
Bounce:                0 kB
WritebackTmp:          0 kB
CommitLimit:     2183484 kB
Committed_AS:   128132680 kB
VmallocTotal:     311296 kB
VmallocUsed:       16644 kB
VmallocChunk:     164876 kB
Time pass: 120 sec

---2015-11-24 11:46:30
MemTotal:        1745540 kB
MemFree:           53992 kB
Buffers:            6468 kB
Cached:           321860 kB
SwapCached:        50124 kB
Active:           521156 kB
Inactive:         520456 kB
Active(anon):     360084 kB
Inactive(anon):   358220 kB
Active(file):     161072 kB
Inactive(file):   162236 kB
Unevictable:        3816 kB
Mlocked:               0 kB
HighTotal:       1217536 kB
HighFree:          26904 kB
LowTotal:         528004 kB
LowFree:           27088 kB
SwapTotal:       1310716 kB
SwapFree:         804760 kB
Dirty:               240 kB
Writeback:             0 kB
AnonPages:        697076 kB
Mapped:           378216 kB
Shmem:              1208 kB
Slab:              58028 kB
SReclaimable:      15604 kB
SUnreclaim:        42424 kB
KernelStack:       16008 kB
PageTables:        53344 kB
NFS_Unstable:          0 kB
Bounce:                0 kB
WritebackTmp:          0 kB
CommitLimit:     2183484 kB
Committed_AS:   128145212 kB
VmallocTotal:     311296 kB
VmallocUsed:       16508 kB
VmallocChunk:     164876 kB
Time pass: 125 sec

---2015-11-24 11:46:30
MemTotal:        1745540 kB
MemFree:           47024 kB
Buffers:            6352 kB
Cached:           292996 kB
SwapCached:        50816 kB
Active:           502464 kB
Inactive:         503392 kB
Active(anon):     355524 kB
Inactive(anon):   356164 kB
Active(file):     146940 kB
Inactive(file):   147228 kB
Unevictable:        3816 kB
Mlocked:               0 kB
HighTotal:       1217536 kB
HighFree:          25672 kB
LowTotal:         528004 kB
LowFree:           21352 kB
SwapTotal:       1310716 kB
SwapFree:         789924 kB
Dirty:                 0 kB
Writeback:             0 kB
AnonPages:        690028 kB
Mapped:           360592 kB
Shmem:              1364 kB
Slab:              58128 kB
SReclaimable:      15596 kB
SUnreclaim:        42532 kB
KernelStack:       16160 kB
PageTables:        53512 kB
NFS_Unstable:          0 kB
Bounce:                0 kB
WritebackTmp:          0 kB
CommitLimit:     2183484 kB
Committed_AS:   128183432 kB
VmallocTotal:     311296 kB
VmallocUsed:       16576 kB
VmallocChunk:     164876 kB
Time pass: 130 sec

---2015-11-24 11:46:30
MemTotal:        1745540 kB
MemFree:           44948 kB
Buffers:            6008 kB
Cached:           287204 kB
SwapCached:        50704 kB
Active:           501492 kB
Inactive:         500356 kB
Active(anon):     357636 kB
Inactive(anon):   356204 kB
Active(file):     143856 kB
Inactive(file):   144152 kB
Unevictable:        3816 kB
Mlocked:               0 kB
HighTotal:       1217536 kB
HighFree:          23372 kB
LowTotal:         528004 kB
LowFree:           21576 kB
SwapTotal:       1310716 kB
SwapFree:         787904 kB
Dirty:                48 kB
Writeback:             0 kB
AnonPages:        692300 kB
Mapped:           356752 kB
Shmem:              1388 kB
Slab:              58188 kB
SReclaimable:      15596 kB
SUnreclaim:        42592 kB
KernelStack:       16192 kB
PageTables:        53568 kB
NFS_Unstable:          0 kB
Bounce:                0 kB
WritebackTmp:          0 kB
CommitLimit:     2183484 kB
Committed_AS:   128190836 kB
VmallocTotal:     311296 kB
VmallocUsed:       16576 kB
VmallocChunk:     164876 kB
Time pass: 137 sec

---2015-11-24 11:46:30
MemTotal:        1745540 kB
MemFree:           43636 kB
Buffers:            5288 kB
Cached:           288952 kB
SwapCached:        51012 kB
Active:           497664 kB
Inactive:         501420 kB
Active(anon):     355072 kB
Inactive(anon):   355280 kB
Active(file):     142592 kB
Inactive(file):   146140 kB
Unevictable:        3816 kB
Mlocked:               0 kB
HighTotal:       1217536 kB
HighFree:          20692 kB
LowTotal:         528004 kB
LowFree:           22944 kB
SwapTotal:       1310716 kB
SwapFree:         778792 kB
Dirty:                 4 kB
Writeback:             0 kB
AnonPages:        688544 kB
Mapped:           355564 kB
Shmem:              1456 kB
Slab:              58252 kB
SReclaimable:      15596 kB
SUnreclaim:        42656 kB
KernelStack:       16248 kB
PageTables:        53784 kB
NFS_Unstable:          0 kB
Bounce:                0 kB
WritebackTmp:          0 kB
CommitLimit:     2183484 kB
Committed_AS:   129624980 kB
VmallocTotal:     311296 kB
VmallocUsed:       16644 kB
VmallocChunk:     164876 kB
Time pass: 143 sec

---2015-11-24 11:46:30
MemTotal:        1745540 kB
MemFree:          189384 kB
Buffers:            5688 kB
Cached:           320080 kB
SwapCached:        51608 kB
Active:           461564 kB
Inactive:         510488 kB
Active(anon):     307856 kB
Inactive(anon):   342892 kB
Active(file):     153708 kB
Inactive(file):   167596 kB
Unevictable:        3816 kB
Mlocked:               0 kB
HighTotal:       1217536 kB
HighFree:         126876 kB
LowTotal:         528004 kB
LowFree:           62508 kB
SwapTotal:       1310716 kB
SwapFree:         769136 kB
Dirty:              1056 kB
Writeback:             0 kB
AnonPages:        629144 kB
Mapped:           237464 kB
Shmem:               656 kB
Slab:              59132 kB
SReclaimable:      15628 kB
SUnreclaim:        43504 kB
KernelStack:       15896 kB
PageTables:        52968 kB
NFS_Unstable:          0 kB
Bounce:                0 kB
WritebackTmp:          0 kB
CommitLimit:     2183484 kB
Committed_AS:   128107760 kB
VmallocTotal:     311296 kB
VmallocUsed:       16032 kB
VmallocChunk:     164876 kB
Time pass: 150 sec

---2015-11-24 11:46:30
MemTotal:        1745540 kB
MemFree:          100892 kB
Buffers:            5724 kB
Cached:           324176 kB
SwapCached:        51596 kB
Active:           468488 kB
Inactive:         514216 kB
Active(anon):     314260 kB
Inactive(anon):   343024 kB
Active(file):     154228 kB
Inactive(file):   171192 kB
Unevictable:        3816 kB
Mlocked:               0 kB
HighTotal:       1217536 kB
HighFree:          38144 kB
LowTotal:         528004 kB
LowFree:           62748 kB
SwapTotal:       1310716 kB
SwapFree:         769456 kB
Dirty:               376 kB
Writeback:             0 kB
AnonPages:        635504 kB
Mapped:           314836 kB
Shmem:               656 kB
Slab:              59216 kB
SReclaimable:      15636 kB
SUnreclaim:        43580 kB
KernelStack:       15928 kB
PageTables:        53092 kB
NFS_Unstable:          0 kB
Bounce:                0 kB
WritebackTmp:          0 kB
CommitLimit:     2183484 kB
Committed_AS:   128106568 kB
VmallocTotal:     311296 kB
VmallocUsed:       16384 kB
VmallocChunk:     164876 kB
Time pass: 157 sec

---2015-11-24 11:46:30
MemTotal:        1745540 kB
MemFree:           76524 kB
Buffers:            5724 kB
Cached:           326104 kB
SwapCached:        51596 kB
Active:           473880 kB
Inactive:         512868 kB
Active(anon):     316368 kB
Inactive(anon):   343024 kB
Active(file):     157512 kB
Inactive(file):   169844 kB
Unevictable:        3816 kB
Mlocked:               0 kB
HighTotal:       1217536 kB
HighFree:          30452 kB
LowTotal:         528004 kB
LowFree:           46072 kB
SwapTotal:       1310716 kB
SwapFree:         769456 kB
Dirty:              2340 kB
Writeback:             0 kB
AnonPages:        637708 kB
Mapped:           333620 kB
Shmem:               656 kB
Slab:              59180 kB
SReclaimable:      15636 kB
SUnreclaim:        43544 kB
KernelStack:       15880 kB
PageTables:        53164 kB
NFS_Unstable:          0 kB
Bounce:                0 kB
WritebackTmp:          0 kB
CommitLimit:     2183484 kB
Committed_AS:   128124024 kB
VmallocTotal:     311296 kB
VmallocUsed:       16320 kB
VmallocChunk:     164876 kB
Time pass: 161 sec

---2015-11-24 11:46:30
MemTotal:        1745540 kB
MemFree:           76644 kB
Buffers:            5740 kB
Cached:           326104 kB
SwapCached:        51616 kB
Active:           473592 kB
Inactive:         512864 kB
Active(anon):     316080 kB
Inactive(anon):   343004 kB
Active(file):     157512 kB
Inactive(file):   169860 kB
Unevictable:        3816 kB
Mlocked:               0 kB
HighTotal:       1217536 kB
HighFree:          30528 kB
LowTotal:         528004 kB
LowFree:           46116 kB
SwapTotal:       1310716 kB
SwapFree:         769468 kB
Dirty:                60 kB
Writeback:             0 kB
AnonPages:        637400 kB
Mapped:           333620 kB
Shmem:               656 kB
Slab:              59108 kB
SReclaimable:      15604 kB
SUnreclaim:        43504 kB
KernelStack:       15880 kB
PageTables:        53164 kB
NFS_Unstable:          0 kB
Bounce:                0 kB
WritebackTmp:          0 kB
CommitLimit:     2183484 kB
Committed_AS:   128122864 kB
VmallocTotal:     311296 kB
VmallocUsed:       16320 kB
VmallocChunk:     164876 kB
Time pass: 167 sec

---2015-11-24 11:46:30
MemTotal:        1745540 kB
MemFree:           76604 kB
Buffers:            5740 kB
Cached:           326104 kB
SwapCached:        51616 kB
Active:           473732 kB
Inactive:         512868 kB
Active(anon):     316220 kB
Inactive(anon):   343008 kB
Active(file):     157512 kB
Inactive(file):   169860 kB
Unevictable:        3816 kB
Mlocked:               0 kB
HighTotal:       1217536 kB
HighFree:          30496 kB
LowTotal:         528004 kB
LowFree:           46108 kB
SwapTotal:       1310716 kB
SwapFree:         769476 kB
Dirty:                 0 kB
Writeback:             0 kB
AnonPages:        637540 kB
Mapped:           333624 kB
Shmem:               656 kB
Slab:              59108 kB
SReclaimable:      15604 kB
SUnreclaim:        43504 kB
KernelStack:       15880 kB
PageTables:        53164 kB
NFS_Unstable:          0 kB
Bounce:                0 kB
WritebackTmp:          0 kB
CommitLimit:     2183484 kB
Committed_AS:   128122944 kB
VmallocTotal:     311296 kB
VmallocUsed:       16320 kB
VmallocChunk:     164876 kB
Time pass: 172 sec

---2015-11-24 11:46:30
MemTotal:        1745540 kB
MemFree:           75540 kB
Buffers:            5740 kB
Cached:           326104 kB
SwapCached:        51616 kB
Active:           473952 kB
Inactive:         512876 kB
Active(anon):     316440 kB
Inactive(anon):   343016 kB
Active(file):     157512 kB
Inactive(file):   169860 kB
Unevictable:        3816 kB
Mlocked:               0 kB
HighTotal:       1217536 kB
HighFree:          30032 kB
LowTotal:         528004 kB
LowFree:           45508 kB
SwapTotal:       1310716 kB
SwapFree:         769476 kB
Dirty:                 0 kB
Writeback:             0 kB
AnonPages:        637816 kB
Mapped:           333564 kB
Shmem:               656 kB
Slab:              59108 kB
SReclaimable:      15604 kB
SUnreclaim:        43504 kB
KernelStack:       15984 kB
PageTables:        53168 kB
NFS_Unstable:          0 kB
Bounce:                0 kB
WritebackTmp:          0 kB
CommitLimit:     2183484 kB
Committed_AS:   128123016 kB
VmallocTotal:     311296 kB
VmallocUsed:       16524 kB
VmallocChunk:     164876 kB
Time pass: 176 sec

---2015-11-24 11:46:30
MemTotal:        1745540 kB
MemFree:           76188 kB
Buffers:            5740 kB
Cached:           326108 kB
SwapCached:        51616 kB
Active:           474264 kB
Inactive:         512876 kB
Active(anon):     316752 kB
Inactive(anon):   343016 kB
Active(file):     157512 kB
Inactive(file):   169860 kB
Unevictable:        3816 kB
Mlocked:               0 kB
HighTotal:       1217536 kB
HighFree:          30128 kB
LowTotal:         528004 kB
LowFree:           46060 kB
SwapTotal:       1310716 kB
SwapFree:         769480 kB
Dirty:                 8 kB
Writeback:             0 kB
AnonPages:        638080 kB
Mapped:           333644 kB
Shmem:               656 kB
Slab:              59104 kB
SReclaimable:      15604 kB
SUnreclaim:        43500 kB
KernelStack:       15896 kB
PageTables:        53172 kB
NFS_Unstable:          0 kB
Bounce:                0 kB
WritebackTmp:          0 kB
CommitLimit:     2183484 kB
Committed_AS:   128123240 kB
VmallocTotal:     311296 kB
VmallocUsed:       16320 kB
VmallocChunk:     164876 kB
Time pass: 180 sec

---2015-11-24 11:46:30
MemTotal:        1745540 kB
MemFree:           75964 kB
Buffers:            5748 kB
Cached:           326108 kB
SwapCached:        51616 kB
Active:           474592 kB
Inactive:         512884 kB
Active(anon):     317072 kB
Inactive(anon):   343024 kB
Active(file):     157520 kB
Inactive(file):   169860 kB
Unevictable:        3816 kB
Mlocked:               0 kB
HighTotal:       1217536 kB
HighFree:          29868 kB
LowTotal:         528004 kB
LowFree:           46096 kB
SwapTotal:       1310716 kB
SwapFree:         769484 kB
Dirty:                12 kB
Writeback:             0 kB
AnonPages:        638384 kB
Mapped:           334016 kB
Shmem:               656 kB
Slab:              59104 kB
SReclaimable:      15604 kB
SUnreclaim:        43500 kB
KernelStack:       15896 kB
PageTables:        53192 kB
NFS_Unstable:          0 kB
Bounce:                0 kB
WritebackTmp:          0 kB
CommitLimit:     2183484 kB
Committed_AS:   128123320 kB
VmallocTotal:     311296 kB
VmallocUsed:       16320 kB
VmallocChunk:     164876 kB
Time pass: 185 sec

---2015-11-24 11:46:30
MemTotal:        1745540 kB
MemFree:           69516 kB
Buffers:            5748 kB
Cached:           331872 kB
SwapCached:        51744 kB
Active:           474932 kB
Inactive:         518876 kB
Active(anon):     317408 kB
Inactive(anon):   343252 kB
Active(file):     157524 kB
Inactive(file):   175624 kB
Unevictable:        3816 kB
Mlocked:               0 kB
HighTotal:       1217536 kB
HighFree:          23552 kB
LowTotal:         528004 kB
LowFree:           45964 kB
SwapTotal:       1310716 kB
SwapFree:         769600 kB
Dirty:                12 kB
Writeback:             0 kB
AnonPages:        638996 kB
Mapped:           334296 kB
Shmem:               656 kB
Slab:              59104 kB
SReclaimable:      15604 kB
SUnreclaim:        43500 kB
KernelStack:       15904 kB
PageTables:        53172 kB
NFS_Unstable:          0 kB
Bounce:                0 kB
WritebackTmp:          0 kB
CommitLimit:     2183484 kB
Committed_AS:   128123640 kB
VmallocTotal:     311296 kB
VmallocUsed:       16320 kB
VmallocChunk:     164876 kB
Time pass: 189 sec

---2015-11-24 11:46:30
MemTotal:        1745540 kB
MemFree:           68716 kB
Buffers:            5748 kB
Cached:           331872 kB
SwapCached:        51744 kB
Active:           475128 kB
Inactive:         518876 kB
Active(anon):     317604 kB
Inactive(anon):   343252 kB
Active(file):     157524 kB
Inactive(file):   175624 kB
Unevictable:        3816 kB
Mlocked:               0 kB
HighTotal:       1217536 kB
HighFree:          23000 kB
LowTotal:         528004 kB
LowFree:           45716 kB
SwapTotal:       1310716 kB
SwapFree:         769600 kB
Dirty:                 0 kB
Writeback:             0 kB
AnonPages:        639180 kB
Mapped:           334356 kB
Shmem:               656 kB
Slab:              59104 kB
SReclaimable:      15604 kB
SUnreclaim:        43500 kB
KernelStack:       15904 kB
PageTables:        53172 kB
NFS_Unstable:          0 kB
Bounce:                0 kB
WritebackTmp:          0 kB
CommitLimit:     2183484 kB
Committed_AS:   128123760 kB
VmallocTotal:     311296 kB
VmallocUsed:       16388 kB
VmallocChunk:     164876 kB
Time pass: 193 sec

---2015-11-24 11:46:30
MemTotal:        1745540 kB
MemFree:           61768 kB
Buffers:            5748 kB
Cached:           332152 kB
SwapCached:        51744 kB
Active:           477148 kB
Inactive:         518676 kB
Active(anon):     319140 kB
Inactive(anon):   343256 kB
Active(file):     158008 kB
Inactive(file):   175420 kB
Unevictable:        3816 kB
Mlocked:               0 kB
HighTotal:       1217536 kB
HighFree:          21700 kB
LowTotal:         528004 kB
LowFree:           40068 kB
SwapTotal:       1310716 kB
SwapFree:         769604 kB
Dirty:               300 kB
Writeback:             0 kB
AnonPages:        640744 kB
Mapped:           337352 kB
Shmem:               656 kB
Slab:              59112 kB
SReclaimable:      15604 kB
SUnreclaim:        43508 kB
KernelStack:       15952 kB
PageTables:        53184 kB
NFS_Unstable:          0 kB
Bounce:                0 kB
WritebackTmp:          0 kB
CommitLimit:     2183484 kB
Committed_AS:   128124120 kB
VmallocTotal:     311296 kB
VmallocUsed:       16320 kB
VmallocChunk:     164876 kB
Time pass: 196 sec

---2015-11-24 11:46:30
MemTotal:        1745540 kB
MemFree:           59180 kB
Buffers:            5888 kB
Cached:           333984 kB
SwapCached:        51932 kB
Active:           477492 kB
Inactive:         520956 kB
Active(anon):     319360 kB
Inactive(anon):   343688 kB
Active(file):     158132 kB
Inactive(file):   177268 kB
Unevictable:        3816 kB
Mlocked:               0 kB
HighTotal:       1217536 kB
HighFree:          19220 kB
LowTotal:         528004 kB
LowFree:           39960 kB
SwapTotal:       1310716 kB
SwapFree:         769852 kB
Dirty:                40 kB
Writeback:             0 kB
AnonPages:        641384 kB
Mapped:           337540 kB
Shmem:               656 kB
Slab:              59116 kB
SReclaimable:      15604 kB
SUnreclaim:        43512 kB
KernelStack:       15888 kB
PageTables:        53164 kB
NFS_Unstable:          0 kB
Bounce:                0 kB
WritebackTmp:          0 kB
CommitLimit:     2183484 kB
Committed_AS:   128124200 kB
VmallocTotal:     311296 kB
VmallocUsed:       16320 kB
VmallocChunk:     164876 kB
Time pass: 200 sec

---2015-11-24 11:46:30
MemTotal:        1745540 kB
MemFree:           71896 kB
Buffers:            5752 kB
Cached:           331368 kB
SwapCached:        52600 kB
Active:           484428 kB
Inactive:         498644 kB
Active(anon):     322332 kB
Inactive(anon):   327956 kB
Active(file):     162096 kB
Inactive(file):   170688 kB
Unevictable:        3816 kB
Mlocked:               0 kB
HighTotal:       1217536 kB
HighFree:          38472 kB
LowTotal:         528004 kB
LowFree:           33424 kB
SwapTotal:       1310716 kB
SwapFree:         753376 kB
Dirty:               568 kB
Writeback:             0 kB
AnonPages:        627924 kB
Mapped:           334584 kB
Shmem:               520 kB
Slab:              59280 kB
SReclaimable:      15604 kB
SUnreclaim:        43676 kB
KernelStack:       15952 kB
PageTables:        52796 kB
NFS_Unstable:          0 kB
Bounce:                0 kB
WritebackTmp:          0 kB
CommitLimit:     2183484 kB
Committed_AS:   126623768 kB
VmallocTotal:     311296 kB
VmallocUsed:       16472 kB
VmallocChunk:     164876 kB
Time pass: 204 sec

---2015-11-24 11:46:30
MemTotal:        1745540 kB
MemFree:           71288 kB
Buffers:            5760 kB
Cached:           331612 kB
SwapCached:        52608 kB
Active:           485272 kB
Inactive:         498712 kB
Active(anon):     323048 kB
Inactive(anon):   327900 kB
Active(file):     162224 kB
Inactive(file):   170812 kB
Unevictable:        3816 kB
Mlocked:               0 kB
HighTotal:       1217536 kB
HighFree:          37696 kB
LowTotal:         528004 kB
LowFree:           33592 kB
SwapTotal:       1310716 kB
SwapFree:         753384 kB
Dirty:                52 kB
Writeback:             0 kB
AnonPages:        628388 kB
Mapped:           334724 kB
Shmem:               520 kB
Slab:              59348 kB
SReclaimable:      15620 kB
SUnreclaim:        43728 kB
KernelStack:       15832 kB
PageTables:        52728 kB
NFS_Unstable:          0 kB
Bounce:                0 kB
WritebackTmp:          0 kB
CommitLimit:     2183484 kB
Committed_AS:   126622248 kB
VmallocTotal:     311296 kB
VmallocUsed:       16540 kB
VmallocChunk:     164876 kB
Time pass: 207 sec

---2015-11-24 11:46:30
MemTotal:        1745540 kB
MemFree:           72904 kB
Buffers:            5760 kB
Cached:           331620 kB
SwapCached:        52616 kB
Active:           484760 kB
Inactive:         498700 kB
Active(anon):     322536 kB
Inactive(anon):   327880 kB
Active(file):     162224 kB
Inactive(file):   170820 kB
Unevictable:        3816 kB
Mlocked:               0 kB
HighTotal:       1217536 kB
HighFree:          38608 kB
LowTotal:         528004 kB
LowFree:           34296 kB
SwapTotal:       1310716 kB
SwapFree:         753388 kB
Dirty:                48 kB
Writeback:             0 kB
AnonPages:        627904 kB
Mapped:           334696 kB
Shmem:               520 kB
Slab:              59256 kB
SReclaimable:      15604 kB
SUnreclaim:        43652 kB
KernelStack:       15800 kB
PageTables:        52704 kB
NFS_Unstable:          0 kB
Bounce:                0 kB
WritebackTmp:          0 kB
CommitLimit:     2183484 kB
Committed_AS:   126622248 kB
VmallocTotal:     311296 kB
VmallocUsed:       16404 kB
VmallocChunk:     164876 kB
Time pass: 211 sec

---2015-11-24 11:46:30
MemTotal:        1745540 kB
MemFree:           73080 kB
Buffers:            5300 kB
Cached:           318148 kB
SwapCached:        55504 kB
Active:           488236 kB
Inactive:         488372 kB
Active(anon):     331664 kB
Inactive(anon):   327548 kB
Active(file):     156572 kB
Inactive(file):   160824 kB
Unevictable:        3816 kB
Mlocked:               0 kB
HighTotal:       1217536 kB
HighFree:          38312 kB
LowTotal:         528004 kB
LowFree:           34768 kB
SwapTotal:       1310716 kB
SwapFree:         743164 kB
Dirty:               216 kB
Writeback:             0 kB
AnonPages:        634552 kB
Mapped:           322392 kB
Shmem:              2112 kB
Slab:              59628 kB
SReclaimable:      15628 kB
SUnreclaim:        44000 kB
KernelStack:       16288 kB
PageTables:        53328 kB
NFS_Unstable:          0 kB
Bounce:                0 kB
WritebackTmp:          0 kB
CommitLimit:     2183484 kB
Committed_AS:   129386864 kB
VmallocTotal:     311296 kB
VmallocUsed:       19500 kB
VmallocChunk:     164876 kB
Time pass: 216 sec

---2015-11-24 11:46:30
MemTotal:        1745540 kB
MemFree:           61172 kB
Buffers:            7348 kB
Cached:           329304 kB
SwapCached:        53860 kB
Active:           493748 kB
Inactive:         498688 kB
Active(anon):     337136 kB
Inactive(anon):   324868 kB
Active(file):     156612 kB
Inactive(file):   173820 kB
Unevictable:        3816 kB
Mlocked:               0 kB
HighTotal:       1217536 kB
HighFree:          28232 kB
LowTotal:         528004 kB
LowFree:           32940 kB
SwapTotal:       1310716 kB
SwapFree:         785104 kB
Dirty:                40 kB
Writeback:             0 kB
AnonPages:        639184 kB
Mapped:           324708 kB
Shmem:              2404 kB
Slab:              59376 kB
SReclaimable:      15612 kB
SUnreclaim:        43764 kB
KernelStack:       15568 kB
PageTables:        52260 kB
NFS_Unstable:          0 kB
Bounce:                0 kB
WritebackTmp:          0 kB
CommitLimit:     2183484 kB
Committed_AS:   126677224 kB
VmallocTotal:     311296 kB
VmallocUsed:       24364 kB
VmallocChunk:     164876 kB
Time pass: 221 sec

---2015-11-24 11:46:30
MemTotal:        1745540 kB
MemFree:           65712 kB
Buffers:            7380 kB
Cached:           326536 kB
SwapCached:        54324 kB
Active:           491472 kB
Inactive:         497892 kB
Active(anon):     334768 kB
Inactive(anon):   326908 kB
Active(file):     156704 kB
Inactive(file):   170984 kB
Unevictable:        3816 kB
Mlocked:               0 kB
HighTotal:       1217536 kB
HighFree:          32020 kB
LowTotal:         528004 kB
LowFree:           33692 kB
SwapTotal:       1310716 kB
SwapFree:         785352 kB
Dirty:                 0 kB
Writeback:             0 kB
AnonPages:        638808 kB
Mapped:           324708 kB
Shmem:              2412 kB
Slab:              59280 kB
SReclaimable:      15612 kB
SUnreclaim:        43668 kB
KernelStack:       15472 kB
PageTables:        52448 kB
NFS_Unstable:          0 kB
Bounce:                0 kB
WritebackTmp:          0 kB
CommitLimit:     2183484 kB
Committed_AS:   126682232 kB
VmallocTotal:     311296 kB
VmallocUsed:       24228 kB
VmallocChunk:     164876 kB
Time pass: 235 sec

---2015-11-24 11:46:30
MemTotal:        1745540 kB
MemFree:           63256 kB
Buffers:            7380 kB
Cached:           326556 kB
SwapCached:        54316 kB
Active:           500552 kB
Inactive:         491404 kB
Active(anon):     337308 kB
Inactive(anon):   326940 kB
Active(file):     163244 kB
Inactive(file):   164464 kB
Unevictable:        3816 kB
Mlocked:               0 kB
HighTotal:       1217536 kB
HighFree:          29804 kB
LowTotal:         528004 kB
LowFree:           33452 kB
SwapTotal:       1310716 kB
SwapFree:         785428 kB
Dirty:                36 kB
Writeback:             0 kB
AnonPages:        641340 kB
Mapped:           324584 kB
Shmem:              2412 kB
Slab:              59208 kB
SReclaimable:      15612 kB
SUnreclaim:        43596 kB
KernelStack:       15504 kB
PageTables:        52452 kB
NFS_Unstable:          0 kB
Bounce:                0 kB
WritebackTmp:          0 kB
CommitLimit:     2183484 kB
Committed_AS:   126682344 kB
VmallocTotal:     311296 kB
VmallocUsed:       24228 kB
VmallocChunk:     164876 kB
Time pass: 242 sec

---2015-11-24 11:46:30
MemTotal:        1745540 kB
MemFree:           66944 kB
Buffers:            7404 kB
Cached:           322504 kB
SwapCached:        54320 kB
Active:           495684 kB
Inactive:         491324 kB
Active(anon):     335320 kB
Inactive(anon):   328008 kB
Active(file):     160364 kB
Inactive(file):   163316 kB
Unevictable:        3816 kB
Mlocked:               0 kB
HighTotal:       1217536 kB
HighFree:          34332 kB
LowTotal:         528004 kB
LowFree:           32612 kB
SwapTotal:       1310716 kB
SwapFree:         784744 kB
Dirty:                 0 kB
Writeback:             0 kB
AnonPages:        640456 kB
Mapped:           324344 kB
Shmem:              2412 kB
Slab:              59196 kB
SReclaimable:      15612 kB
SUnreclaim:        43584 kB
KernelStack:       15552 kB
PageTables:        52376 kB
NFS_Unstable:          0 kB
Bounce:                0 kB
WritebackTmp:          0 kB
CommitLimit:     2183484 kB
Committed_AS:   126682472 kB
VmallocTotal:     311296 kB
VmallocUsed:       24364 kB
VmallocChunk:     164876 kB
Time pass: 251 sec

---2015-11-24 11:46:30
MemTotal:        1745540 kB
MemFree:           62816 kB
Buffers:            7412 kB
Cached:           322504 kB
SwapCached:        54312 kB
Active:           498860 kB
Inactive:         491304 kB
Active(anon):     338496 kB
Inactive(anon):   327980 kB
Active(file):     160364 kB
Inactive(file):   163324 kB
Unevictable:        3816 kB
Mlocked:               0 kB
HighTotal:       1217536 kB
HighFree:          30564 kB
LowTotal:         528004 kB
LowFree:           32252 kB
SwapTotal:       1310716 kB
SwapFree:         784828 kB
Dirty:                36 kB
Writeback:             0 kB
AnonPages:        643648 kB
Mapped:           324348 kB
Shmem:              2412 kB
Slab:              59196 kB
SReclaimable:      15612 kB
SUnreclaim:        43584 kB
KernelStack:       15592 kB
PageTables:        52376 kB
NFS_Unstable:          0 kB
Bounce:                0 kB
WritebackTmp:          0 kB
CommitLimit:     2183484 kB
Committed_AS:   126682768 kB
VmallocTotal:     311296 kB
VmallocUsed:       24364 kB
VmallocChunk:     164876 kB
Time pass: 258 sec

---2015-11-24 11:46:30
MemTotal:        1745540 kB
MemFree:           64256 kB
Buffers:            7420 kB
Cached:           321544 kB
SwapCached:        54300 kB
Active:           496844 kB
Inactive:         492760 kB
Active(anon):     336924 kB
Inactive(anon):   329944 kB
Active(file):     159920 kB
Inactive(file):   162816 kB
Unevictable:        3816 kB
Mlocked:               0 kB
HighTotal:       1217536 kB
HighFree:          31632 kB
LowTotal:         528004 kB
LowFree:           32624 kB
SwapTotal:       1310716 kB
SwapFree:         784816 kB
Dirty:                28 kB
Writeback:             0 kB
AnonPages:        644004 kB
Mapped:           324348 kB
Shmem:              2412 kB
Slab:              59212 kB
SReclaimable:      15612 kB
SUnreclaim:        43600 kB
KernelStack:       15544 kB
PageTables:        52376 kB
NFS_Unstable:          0 kB
Bounce:                0 kB
WritebackTmp:          0 kB
CommitLimit:     2183484 kB
Committed_AS:   126683944 kB
VmallocTotal:     311296 kB
VmallocUsed:       24364 kB
VmallocChunk:     164876 kB
Time pass: 266 sec

---2015-11-24 11:46:30
MemTotal:        1745540 kB
MemFree:           63060 kB
Buffers:            7452 kB
Cached:           320840 kB
SwapCached:        54296 kB
Active:           498100 kB
Inactive:         492772 kB
Active(anon):     338456 kB
Inactive(anon):   330352 kB
Active(file):     159644 kB
Inactive(file):   162420 kB
Unevictable:        3816 kB
Mlocked:               0 kB
HighTotal:       1217536 kB
HighFree:          30672 kB
LowTotal:         528004 kB
LowFree:           32388 kB
SwapTotal:       1310716 kB
SwapFree:         784720 kB
Dirty:                 0 kB
Writeback:             0 kB
AnonPages:        645856 kB
Mapped:           324348 kB
Shmem:              2412 kB
Slab:              59216 kB
SReclaimable:      15612 kB
SUnreclaim:        43604 kB
KernelStack:       15552 kB
PageTables:        52384 kB
NFS_Unstable:          0 kB
Bounce:                0 kB
WritebackTmp:          0 kB
CommitLimit:     2183484 kB
Committed_AS:   126686512 kB
VmallocTotal:     311296 kB
VmallocUsed:       24364 kB
VmallocChunk:     164876 kB
Time pass: 272 sec

---2015-11-24 11:46:30
MemTotal:        1745540 kB
MemFree:           55180 kB
Buffers:            7476 kB
Cached:           325260 kB
SwapCached:        54284 kB
Active:           499868 kB
Inactive:         498760 kB
Active(anon):     340648 kB
Inactive(anon):   331472 kB
Active(file):     159220 kB
Inactive(file):   167288 kB
Unevictable:        3816 kB
Mlocked:               0 kB
HighTotal:       1217536 kB
HighFree:          23984 kB
LowTotal:         528004 kB
LowFree:           31196 kB
SwapTotal:       1310716 kB
SwapFree:         784496 kB
Dirty:                 0 kB
Writeback:             0 kB
AnonPages:        649336 kB
Mapped:           324684 kB
Shmem:              2412 kB
Slab:              59220 kB
SReclaimable:      15612 kB
SUnreclaim:        43608 kB
KernelStack:       15592 kB
PageTables:        52392 kB
NFS_Unstable:          0 kB
Bounce:                0 kB
WritebackTmp:          0 kB
CommitLimit:     2183484 kB
Committed_AS:   126685544 kB
VmallocTotal:     311296 kB
VmallocUsed:       24432 kB
VmallocChunk:     164876 kB
Time pass: 283 sec

---2015-11-24 11:46:30
MemTotal:        1745540 kB
MemFree:           60656 kB
Buffers:            7504 kB
Cached:           322568 kB
SwapCached:        54404 kB
Active:           495896 kB
Inactive:         497772 kB
Active(anon):     336500 kB
Inactive(anon):   333384 kB
Active(file):     159396 kB
Inactive(file):   164388 kB
Unevictable:        3816 kB
Mlocked:               0 kB
HighTotal:       1217536 kB
HighFree:          29252 kB
LowTotal:         528004 kB
LowFree:           31404 kB
SwapTotal:       1310716 kB
SwapFree:         783796 kB
Dirty:                40 kB
Writeback:             0 kB
AnonPages:        646960 kB
Mapped:           324592 kB
Shmem:              2456 kB
Slab:              59188 kB
SReclaimable:      15628 kB
SUnreclaim:        43560 kB
KernelStack:       15568 kB
PageTables:        52472 kB
NFS_Unstable:          0 kB
Bounce:                0 kB
WritebackTmp:          0 kB
CommitLimit:     2183484 kB
Committed_AS:   126687008 kB
VmallocTotal:     311296 kB
VmallocUsed:       24364 kB
VmallocChunk:     164876 kB
Time pass: 309 sec

---2015-11-24 11:46:30
MemTotal:        1745540 kB
MemFree:           57328 kB
Buffers:            7500 kB
Cached:           322356 kB
SwapCached:        54396 kB
Active:           497460 kB
Inactive:         497560 kB
Active(anon):     338056 kB
Inactive(anon):   333380 kB
Active(file):     159404 kB
Inactive(file):   164180 kB
Unevictable:        3816 kB
Mlocked:               0 kB
HighTotal:       1217536 kB
HighFree:          26760 kB
LowTotal:         528004 kB
LowFree:           30568 kB
SwapTotal:       1310716 kB
SwapFree:         783940 kB
Dirty:                64 kB
Writeback:             0 kB
AnonPages:        648388 kB
Mapped:           324588 kB
Shmem:              2456 kB
Slab:              59176 kB
SReclaimable:      15628 kB
SUnreclaim:        43548 kB
KernelStack:       15536 kB
PageTables:        52396 kB
NFS_Unstable:          0 kB
Bounce:                0 kB
WritebackTmp:          0 kB
CommitLimit:     2183484 kB
Committed_AS:   126687192 kB
VmallocTotal:     311296 kB
VmallocUsed:       24364 kB
VmallocChunk:     164876 kB
Time pass: 316 sec

---2015-11-24 11:46:30
MemTotal:        1745540 kB
MemFree:           59868 kB
Buffers:            7492 kB
Cached:           322156 kB
SwapCached:        54396 kB
Active:           496240 kB
Inactive:         497304 kB
Active(anon):     336836 kB
Inactive(anon):   333332 kB
Active(file):     159404 kB
Inactive(file):   163972 kB
Unevictable:        3816 kB
Mlocked:               0 kB
HighTotal:       1217536 kB
HighFree:          28812 kB
LowTotal:         528004 kB
LowFree:           31056 kB
SwapTotal:       1310716 kB
SwapFree:         783956 kB
Dirty:                48 kB
Writeback:             0 kB
AnonPages:        647240 kB
Mapped:           324424 kB
Shmem:              2456 kB
Slab:              59176 kB
SReclaimable:      15628 kB
SUnreclaim:        43548 kB
KernelStack:       15544 kB
PageTables:        52424 kB
NFS_Unstable:          0 kB
Bounce:                0 kB
WritebackTmp:          0 kB
CommitLimit:     2183484 kB
Committed_AS:   126687264 kB
VmallocTotal:     311296 kB
VmallocUsed:       24364 kB
VmallocChunk:     164876 kB
Time pass: 325 sec

---2015-11-24 11:46:30
MemTotal:        1745540 kB
MemFree:           53164 kB
Buffers:            7472 kB
Cached:           320652 kB
SwapCached:        54404 kB
Active:           502696 kB
Inactive:         497472 kB
Active(anon):     343292 kB
Inactive(anon):   335084 kB
Active(file):     159404 kB
Inactive(file):   162388 kB
Unevictable:        3816 kB
Mlocked:               0 kB
HighTotal:       1217536 kB
HighFree:          21552 kB
LowTotal:         528004 kB
LowFree:           31612 kB
SwapTotal:       1310716 kB
SwapFree:         783660 kB
Dirty:                24 kB
Writeback:             0 kB
AnonPages:        655636 kB
Mapped:           329688 kB
Shmem:              2456 kB
Slab:              59216 kB
SReclaimable:      15628 kB
SUnreclaim:        43588 kB
KernelStack:       15752 kB
PageTables:        52992 kB
NFS_Unstable:          0 kB
Bounce:                0 kB
WritebackTmp:          0 kB
CommitLimit:     2183484 kB
Committed_AS:   128220292 kB
VmallocTotal:     311296 kB
VmallocUsed:       24432 kB
VmallocChunk:     164876 kB
Time pass: 337 sec

---2015-11-24 11:46:30
MemTotal:        1745540 kB
MemFree:           58028 kB
Buffers:            7504 kB
Cached:           320584 kB
SwapCached:        54404 kB
Active:           496304 kB
Inactive:         497548 kB
Active(anon):     336884 kB
Inactive(anon):   335152 kB
Active(file):     159420 kB
Inactive(file):   162396 kB
Unevictable:        3816 kB
Mlocked:               0 kB
HighTotal:       1217536 kB
HighFree:          26780 kB
LowTotal:         528004 kB
LowFree:           31248 kB
SwapTotal:       1310716 kB
SwapFree:         783692 kB
Dirty:                 0 kB
Writeback:             0 kB
AnonPages:        648972 kB
Mapped:           324292 kB
Shmem:              2456 kB
Slab:              59216 kB
SReclaimable:      15628 kB
SUnreclaim:        43588 kB
KernelStack:       15584 kB
PageTables:        52392 kB
NFS_Unstable:          0 kB
Bounce:                0 kB
WritebackTmp:          0 kB
CommitLimit:     2183484 kB
Committed_AS:   126687792 kB
VmallocTotal:     311296 kB
VmallocUsed:       24432 kB
VmallocChunk:     164876 kB
Time pass: 346 sec

---2015-11-24 11:46:30
MemTotal:        1745540 kB
MemFree:           57272 kB
Buffers:            7520 kB
Cached:           320592 kB
SwapCached:        54400 kB
Active:           497800 kB
Inactive:         497568 kB
Active(anon):     338380 kB
Inactive(anon):   335148 kB
Active(file):     159420 kB
Inactive(file):   162420 kB
Unevictable:        3816 kB
Mlocked:               0 kB
HighTotal:       1217536 kB
HighFree:          25720 kB
LowTotal:         528004 kB
LowFree:           31552 kB
SwapTotal:       1310716 kB
SwapFree:         783708 kB
Dirty:                28 kB
Writeback:             0 kB
AnonPages:        650784 kB
Mapped:           324344 kB
Shmem:              2456 kB
Slab:              59220 kB
SReclaimable:      15628 kB
SUnreclaim:        43592 kB
KernelStack:       15576 kB
PageTables:        52420 kB
NFS_Unstable:          0 kB
Bounce:                0 kB
WritebackTmp:          0 kB
CommitLimit:     2183484 kB
Committed_AS:   126687904 kB
VmallocTotal:     311296 kB
VmallocUsed:       24432 kB
VmallocChunk:     164876 kB
Time pass: 352 sec

---2015-11-24 11:46:30
MemTotal:        1745540 kB
MemFree:           57288 kB
Buffers:            7480 kB
Cached:           319488 kB
SwapCached:        54432 kB
Active:           496796 kB
Inactive:         499048 kB
Active(anon):     337560 kB
Inactive(anon):   337588 kB
Active(file):     159236 kB
Inactive(file):   161460 kB
Unevictable:        3816 kB
Mlocked:               0 kB
HighTotal:       1217536 kB
HighFree:          25176 kB
LowTotal:         528004 kB
LowFree:           32112 kB
SwapTotal:       1310716 kB
SwapFree:         782988 kB
Dirty:                 0 kB
Writeback:             0 kB
AnonPages:        652264 kB
Mapped:           324184 kB
Shmem:              2456 kB
Slab:              59252 kB
SReclaimable:      15628 kB
SUnreclaim:        43624 kB
KernelStack:       15536 kB
PageTables:        52428 kB
NFS_Unstable:          0 kB
Bounce:                0 kB
WritebackTmp:          0 kB
CommitLimit:     2183484 kB
Committed_AS:   126688224 kB
VmallocTotal:     311296 kB
VmallocUsed:       24364 kB
VmallocChunk:     164876 kB
Time pass: 366 sec

---2015-11-24 11:46:30
MemTotal:        1745540 kB
MemFree:           54804 kB
Buffers:            7496 kB
Cached:           319488 kB
SwapCached:        54432 kB
Active:           498272 kB
Inactive:         499072 kB
Active(anon):     339036 kB
Inactive(anon):   337596 kB
Active(file):     159236 kB
Inactive(file):   161476 kB
Unevictable:        3816 kB
Mlocked:               0 kB
HighTotal:       1217536 kB
HighFree:          23296 kB
LowTotal:         528004 kB
LowFree:           31508 kB
SwapTotal:       1310716 kB
SwapFree:         783012 kB
Dirty:                40 kB
Writeback:             0 kB
AnonPages:        653780 kB
Mapped:           324296 kB
Shmem:              2456 kB
Slab:              59280 kB
SReclaimable:      15628 kB
SUnreclaim:        43652 kB
KernelStack:       15568 kB
PageTables:        52500 kB
NFS_Unstable:          0 kB
Bounce:                0 kB
WritebackTmp:          0 kB
CommitLimit:     2183484 kB
Committed_AS:   126688272 kB
VmallocTotal:     311296 kB
VmallocUsed:       24432 kB
VmallocChunk:     164876 kB
Time pass: 370 sec

---2015-11-24 11:46:30
MemTotal:        1745540 kB
MemFree:           52304 kB
Buffers:            7496 kB
Cached:           319488 kB
SwapCached:        54432 kB
Active:           499772 kB
Inactive:         499112 kB
Active(anon):     340536 kB
Inactive(anon):   337636 kB
Active(file):     159236 kB
Inactive(file):   161476 kB
Unevictable:        3816 kB
Mlocked:               0 kB
HighTotal:       1217536 kB
HighFree:          22624 kB
LowTotal:         528004 kB
LowFree:           29680 kB
SwapTotal:       1310716 kB
SwapFree:         783068 kB
Dirty:                76 kB
Writeback:             0 kB
AnonPages:        655192 kB
Mapped:           324296 kB
Shmem:              2456 kB
Slab:              59284 kB
SReclaimable:      15628 kB
SUnreclaim:        43656 kB
KernelStack:       15608 kB
PageTables:        52448 kB
NFS_Unstable:          0 kB
Bounce:                0 kB
WritebackTmp:          0 kB
CommitLimit:     2183484 kB
Committed_AS:   126688480 kB
VmallocTotal:     311296 kB
VmallocUsed:       24432 kB
VmallocChunk:     164876 kB
Time pass: 374 sec

---2015-11-24 11:46:30
MemTotal:        1745540 kB
MemFree:           54588 kB
Buffers:            7504 kB
Cached:           319492 kB
SwapCached:        54428 kB
Active:           499228 kB
Inactive:         499124 kB
Active(anon):     339992 kB
Inactive(anon):   337640 kB
Active(file):     159236 kB
Inactive(file):   161484 kB
Unevictable:        3816 kB
Mlocked:               0 kB
HighTotal:       1217536 kB
HighFree:          23376 kB
LowTotal:         528004 kB
LowFree:           31212 kB
SwapTotal:       1310716 kB
SwapFree:         783076 kB
Dirty:                76 kB
Writeback:             0 kB
AnonPages:        654636 kB
Mapped:           324220 kB
Shmem:              2456 kB
Slab:              59260 kB
SReclaimable:      15628 kB
SUnreclaim:        43632 kB
KernelStack:       15568 kB
PageTables:        52452 kB
NFS_Unstable:          0 kB
Bounce:                0 kB
WritebackTmp:          0 kB
CommitLimit:     2183484 kB
Committed_AS:   126689568 kB
VmallocTotal:     311296 kB
VmallocUsed:       24364 kB
VmallocChunk:     164876 kB
Time pass: 378 sec

---2015-11-24 11:46:30
MemTotal:        1745540 kB
MemFree:           54644 kB
Buffers:            7504 kB
Cached:           319500 kB
SwapCached:        54424 kB
Active:           499216 kB
Inactive:         499144 kB
Active(anon):     339976 kB
Inactive(anon):   337652 kB
Active(file):     159240 kB
Inactive(file):   161492 kB
Unevictable:        3816 kB
Mlocked:               0 kB
HighTotal:       1217536 kB
HighFree:          23600 kB
LowTotal:         528004 kB
LowFree:           31044 kB
SwapTotal:       1310716 kB
SwapFree:         783092 kB
Dirty:                 0 kB
Writeback:             0 kB
AnonPages:        654668 kB
Mapped:           324168 kB
Shmem:              2456 kB
Slab:              59256 kB
SReclaimable:      15628 kB
SUnreclaim:        43628 kB
KernelStack:       15584 kB
PageTables:        52468 kB
NFS_Unstable:          0 kB
Bounce:                0 kB
WritebackTmp:          0 kB
CommitLimit:     2183484 kB
Committed_AS:   126690712 kB
VmallocTotal:     311296 kB
VmallocUsed:       24364 kB
VmallocChunk:     164876 kB
Time pass: 383 sec

---2015-11-24 11:46:30
MemTotal:        1745540 kB
MemFree:           51700 kB
Buffers:            7528 kB
Cached:           319544 kB
SwapCached:        54440 kB
Active:           501436 kB
Inactive:         499256 kB
Active(anon):     342196 kB
Inactive(anon):   337740 kB
Active(file):     159240 kB
Inactive(file):   161516 kB
Unevictable:        3816 kB
Mlocked:               0 kB
HighTotal:       1217536 kB
HighFree:          21300 kB
LowTotal:         528004 kB
LowFree:           30400 kB
SwapTotal:       1310716 kB
SwapFree:         783152 kB
Dirty:                44 kB
Writeback:             0 kB
AnonPages:        656844 kB
Mapped:           324212 kB
Shmem:              2500 kB
Slab:              59252 kB
SReclaimable:      15628 kB
SUnreclaim:        43624 kB
KernelStack:       15544 kB
PageTables:        52416 kB
NFS_Unstable:          0 kB
Bounce:                0 kB
WritebackTmp:          0 kB
CommitLimit:     2183484 kB
Committed_AS:   126692968 kB
VmallocTotal:     311296 kB
VmallocUsed:       24364 kB
VmallocChunk:     164876 kB
Time pass: 387 sec

---2015-11-24 11:46:30
MemTotal:        1745540 kB
MemFree:           49380 kB
Buffers:            7368 kB
Cached:           316676 kB
SwapCached:        54548 kB
Active:           501944 kB
Inactive:         502996 kB
Active(anon):     343568 kB
Inactive(anon):   343616 kB
Active(file):     158376 kB
Inactive(file):   159380 kB
Unevictable:        3816 kB
Mlocked:               0 kB
HighTotal:       1217536 kB
HighFree:          22336 kB
LowTotal:         528004 kB
LowFree:           27044 kB
SwapTotal:       1310716 kB
SwapFree:         781812 kB
Dirty:                28 kB
Writeback:             0 kB
AnonPages:        664052 kB
Mapped:           329480 kB
Shmem:              2500 kB
Slab:              59248 kB
SReclaimable:      15628 kB
SUnreclaim:        43620 kB
KernelStack:       15632 kB
PageTables:        52916 kB
NFS_Unstable:          0 kB
Bounce:                0 kB
WritebackTmp:          0 kB
CommitLimit:     2183484 kB
Committed_AS:   128228916 kB
VmallocTotal:     311296 kB
VmallocUsed:       24432 kB
VmallocChunk:     164876 kB
Time pass: 391 sec

---2015-11-24 11:46:30
MemTotal:        1745540 kB
MemFree:           54068 kB
Buffers:            7384 kB
Cached:           316628 kB
SwapCached:        54548 kB
Active:           496420 kB
Inactive:         502936 kB
Active(anon):     338040 kB
Inactive(anon):   343620 kB
Active(file):     158380 kB
Inactive(file):   159316 kB
Unevictable:        3816 kB
Mlocked:               0 kB
HighTotal:       1217536 kB
HighFree:          23412 kB
LowTotal:         528004 kB
LowFree:           30656 kB
SwapTotal:       1310716 kB
SwapFree:         781824 kB
Dirty:                 0 kB
Writeback:             0 kB
AnonPages:        658552 kB
Mapped:           323840 kB
Shmem:              2500 kB
Slab:              59288 kB
SReclaimable:      15628 kB
SUnreclaim:        43660 kB
KernelStack:       15584 kB
PageTables:        52456 kB
NFS_Unstable:          0 kB
Bounce:                0 kB
WritebackTmp:          0 kB
CommitLimit:     2183484 kB
Committed_AS:   126697216 kB
VmallocTotal:     311296 kB
VmallocUsed:       24364 kB
VmallocChunk:     164876 kB
Time pass: 395 sec

---2015-11-24 11:46:30
MemTotal:        1745540 kB
MemFree:           54092 kB
Buffers:            7408 kB
Cached:           316628 kB
SwapCached:        54544 kB
Active:           495384 kB
Inactive:         502900 kB
Active(anon):     337004 kB
Inactive(anon):   343560 kB
Active(file):     158380 kB
Inactive(file):   159340 kB
Unevictable:        3816 kB
Mlocked:               0 kB
HighTotal:       1217536 kB
HighFree:          23532 kB
LowTotal:         528004 kB
LowFree:           30560 kB
SwapTotal:       1310716 kB
SwapFree:         781900 kB
Dirty:                52 kB
Writeback:             0 kB
AnonPages:        657376 kB
Mapped:           323892 kB
Shmem:              2500 kB
Slab:              59344 kB
SReclaimable:      15628 kB
SUnreclaim:        43716 kB
KernelStack:       15568 kB
PageTables:        52480 kB
NFS_Unstable:          0 kB
Bounce:                0 kB
WritebackTmp:          0 kB
CommitLimit:     2183484 kB
Committed_AS:   126699480 kB
VmallocTotal:     311296 kB
VmallocUsed:       24364 kB
VmallocChunk:     164876 kB
Time pass: 400 sec

---2015-11-24 11:46:30
MemTotal:        1745540 kB
MemFree:           53008 kB
Buffers:            7408 kB
Cached:           316628 kB
SwapCached:        54540 kB
Active:           496452 kB
Inactive:         502820 kB
Active(anon):     338072 kB
Inactive(anon):   343480 kB
Active(file):     158380 kB
Inactive(file):   159340 kB
Unevictable:        3816 kB
Mlocked:               0 kB
HighTotal:       1217536 kB
HighFree:          22136 kB
LowTotal:         528004 kB
LowFree:           30872 kB
SwapTotal:       1310716 kB
SwapFree:         781960 kB
Dirty:                52 kB
Writeback:             0 kB
AnonPages:        658292 kB
Mapped:           323768 kB
Shmem:              2500 kB
Slab:              59324 kB
SReclaimable:      15628 kB
SUnreclaim:        43696 kB
KernelStack:       15560 kB
PageTables:        52524 kB
NFS_Unstable:          0 kB
Bounce:                0 kB
WritebackTmp:          0 kB
CommitLimit:     2183484 kB
Committed_AS:   126701584 kB
VmallocTotal:     311296 kB
VmallocUsed:       24364 kB
VmallocChunk:     164876 kB
Time pass: 403 sec

---2015-11-24 11:46:30
MemTotal:        1745540 kB
MemFree:           52248 kB
Buffers:            7432 kB
Cached:           316628 kB
SwapCached:        54540 kB
Active:           497356 kB
Inactive:         502844 kB
Active(anon):     338976 kB
Inactive(anon):   343480 kB
Active(file):     158380 kB
Inactive(file):   159364 kB
Unevictable:        3816 kB
Mlocked:               0 kB
HighTotal:       1217536 kB
HighFree:          21136 kB
LowTotal:         528004 kB
LowFree:           31112 kB
SwapTotal:       1310716 kB
SwapFree:         781960 kB
Dirty:                44 kB
Writeback:             0 kB
AnonPages:        659244 kB
Mapped:           323892 kB
Shmem:              2500 kB
Slab:              59356 kB
SReclaimable:      15628 kB
SUnreclaim:        43728 kB
KernelStack:       15560 kB
PageTables:        52524 kB
NFS_Unstable:          0 kB
Bounce:                0 kB
WritebackTmp:          0 kB
CommitLimit:     2183484 kB
Committed_AS:   126703800 kB
VmallocTotal:     311296 kB
VmallocUsed:       24364 kB
VmallocChunk:     164876 kB
Time pass: 407 sec

---2015-11-24 11:46:30
MemTotal:        1745540 kB
MemFree:           44248 kB
Buffers:            7416 kB
Cached:           315232 kB
SwapCached:        54552 kB
Active:           501556 kB
Inactive:         504456 kB
Active(anon):     344092 kB
Inactive(anon):   345632 kB
Active(file):     157464 kB
Inactive(file):   158824 kB
Unevictable:        3816 kB
Mlocked:               0 kB
HighTotal:       1217536 kB
HighFree:          20156 kB
LowTotal:         528004 kB
LowFree:           24092 kB
SwapTotal:       1310716 kB
SwapFree:         780592 kB
Dirty:                68 kB
Writeback:             0 kB
AnonPages:        666588 kB
Mapped:           329488 kB
Shmem:              2500 kB
Slab:              59348 kB
SReclaimable:      15628 kB
SUnreclaim:        43720 kB
KernelStack:       15856 kB
PageTables:        53096 kB
NFS_Unstable:          0 kB
Bounce:                0 kB
WritebackTmp:          0 kB
CommitLimit:     2183484 kB
Committed_AS:   128239848 kB
VmallocTotal:     311296 kB
VmallocUsed:       24432 kB
VmallocChunk:     164876 kB
Time pass: 411 sec

---2015-11-24 11:46:30
MemTotal:        1745540 kB
MemFree:           51196 kB
Buffers:            7432 kB
Cached:           315160 kB
SwapCached:        54564 kB
Active:           496888 kB
Inactive:         504272 kB
Active(anon):     339376 kB
Inactive(anon):   345532 kB
Active(file):     157512 kB
Inactive(file):   158740 kB
Unevictable:        3816 kB
Mlocked:               0 kB
HighTotal:       1217536 kB
HighFree:          20812 kB
LowTotal:         528004 kB
LowFree:           30384 kB
SwapTotal:       1310716 kB
SwapFree:         780596 kB
Dirty:                 0 kB
Writeback:             0 kB
AnonPages:        661660 kB
Mapped:           323616 kB
Shmem:              2524 kB
Slab:              59348 kB
SReclaimable:      15628 kB
SUnreclaim:        43720 kB
KernelStack:       15552 kB
PageTables:        52520 kB
NFS_Unstable:          0 kB
Bounce:                0 kB
WritebackTmp:          0 kB
CommitLimit:     2183484 kB
Committed_AS:   126708224 kB
VmallocTotal:     311296 kB
VmallocUsed:       24364 kB
VmallocChunk:     164876 kB
Time pass: 416 sec

---2015-11-24 11:46:30
MemTotal:        1745540 kB
MemFree:           49680 kB
Buffers:            7456 kB
Cached:           316324 kB
SwapCached:        54600 kB
Active:           496868 kB
Inactive:         505532 kB
Active(anon):     339356 kB
Inactive(anon):   345604 kB
Active(file):     157512 kB
Inactive(file):   159928 kB
Unevictable:        3816 kB
Mlocked:               0 kB
HighTotal:       1217536 kB
HighFree:          19256 kB
LowTotal:         528004 kB
LowFree:           30424 kB
SwapTotal:       1310716 kB
SwapFree:         780664 kB
Dirty:                56 kB
Writeback:             0 kB
AnonPages:        661788 kB
Mapped:           323572 kB
Shmem:              2524 kB
Slab:              59380 kB
SReclaimable:      15628 kB
SUnreclaim:        43752 kB
KernelStack:       15552 kB
PageTables:        52544 kB
NFS_Unstable:          0 kB
Bounce:                0 kB
WritebackTmp:          0 kB
CommitLimit:     2183484 kB
Committed_AS:   126712336 kB
VmallocTotal:     311296 kB
VmallocUsed:       24364 kB
VmallocChunk:     164876 kB
Time pass: 421 sec

---2015-11-24 11:46:30
MemTotal:        1745540 kB
MemFree:           49308 kB
Buffers:            7480 kB
Cached:           316924 kB
SwapCached:        54604 kB
Active:           496760 kB
Inactive:         506164 kB
Active(anon):     339248 kB
Inactive(anon):   345612 kB
Active(file):     157512 kB
Inactive(file):   160552 kB
Unevictable:        3816 kB
Mlocked:               0 kB
HighTotal:       1217536 kB
HighFree:          19116 kB
LowTotal:         528004 kB
LowFree:           30192 kB
SwapTotal:       1310716 kB
SwapFree:         780668 kB
Dirty:                44 kB
Writeback:             0 kB
AnonPages:        661680 kB
Mapped:           323680 kB
Shmem:              2524 kB
Slab:              59320 kB
SReclaimable:      15628 kB
SUnreclaim:        43692 kB
KernelStack:       15584 kB
PageTables:        52528 kB
NFS_Unstable:          0 kB
Bounce:                0 kB
WritebackTmp:          0 kB
CommitLimit:     2183484 kB
Committed_AS:   126712520 kB
VmallocTotal:     311296 kB
VmallocUsed:       24364 kB
VmallocChunk:     164876 kB
Time pass: 427 sec

---2015-11-24 11:46:30
MemTotal:        1745540 kB
MemFree:           52184 kB
Buffers:            7420 kB
Cached:           313608 kB
SwapCached:        54900 kB
Active:           496152 kB
Inactive:         504844 kB
Active(anon):     339720 kB
Inactive(anon):   346596 kB
Active(file):     156432 kB
Inactive(file):   158248 kB
Unevictable:        3816 kB
Mlocked:               0 kB
HighTotal:       1217536 kB
HighFree:          23740 kB
LowTotal:         528004 kB
LowFree:           28444 kB
SwapTotal:       1310716 kB
SwapFree:         778104 kB
Dirty:               100 kB
Writeback:             0 kB
AnonPages:        663000 kB
Mapped:           322512 kB
Shmem:              2524 kB
Slab:              59328 kB
SReclaimable:      15628 kB
SUnreclaim:        43700 kB
KernelStack:       15560 kB
PageTables:        52544 kB
NFS_Unstable:          0 kB
Bounce:                0 kB
WritebackTmp:          0 kB
CommitLimit:     2183484 kB
Committed_AS:   126707904 kB
VmallocTotal:     311296 kB
VmallocUsed:       24364 kB
VmallocChunk:     164876 kB
Time pass: 432 sec

---2015-11-24 11:46:30
MemTotal:        1745540 kB
MemFree:           57480 kB
Buffers:            7444 kB
Cached:           314196 kB
SwapCached:        54900 kB
Active:           489960 kB
Inactive:         505440 kB
Active(anon):     333528 kB
Inactive(anon):   346572 kB
Active(file):     156432 kB
Inactive(file):   158868 kB
Unevictable:        3816 kB
Mlocked:               0 kB
HighTotal:       1217536 kB
HighFree:          28812 kB
LowTotal:         528004 kB
LowFree:           28668 kB
SwapTotal:       1310716 kB
SwapFree:         778108 kB
Dirty:                72 kB
Writeback:             0 kB
AnonPages:        656736 kB
Mapped:           322640 kB
Shmem:              2524 kB
Slab:              59332 kB
SReclaimable:      15628 kB
SUnreclaim:        43704 kB
KernelStack:       15536 kB
PageTables:        52524 kB
NFS_Unstable:          0 kB
Bounce:                0 kB
WritebackTmp:          0 kB
CommitLimit:     2183484 kB
Committed_AS:   126708048 kB
VmallocTotal:     311296 kB
VmallocUsed:       24364 kB
VmallocChunk:     164876 kB
Time pass: 439 sec

---2015-11-24 11:46:30
MemTotal:        1745540 kB
MemFree:           58272 kB
Buffers:            7468 kB
Cached:           314660 kB
SwapCached:        54900 kB
Active:           488760 kB
Inactive:         505888 kB
Active(anon):     332328 kB
Inactive(anon):   346660 kB
Active(file):     156432 kB
Inactive(file):   159228 kB
Unevictable:        3816 kB
Mlocked:               0 kB
HighTotal:       1217536 kB
HighFree:          29684 kB
LowTotal:         528004 kB
LowFree:           28588 kB
SwapTotal:       1310716 kB
SwapFree:         778116 kB
Dirty:                44 kB
Writeback:             0 kB
AnonPages:        655660 kB
Mapped:           322732 kB
Shmem:              2616 kB
Slab:              59364 kB
SReclaimable:      15628 kB
SUnreclaim:        43736 kB
KernelStack:       15592 kB
PageTables:        52528 kB
NFS_Unstable:          0 kB
Bounce:                0 kB
WritebackTmp:          0 kB
CommitLimit:     2183484 kB
Committed_AS:   126708248 kB
VmallocTotal:     311296 kB
VmallocUsed:       24364 kB
VmallocChunk:     164876 kB
Time pass: 444 sec

---2015-11-24 11:46:30
MemTotal:        1745540 kB
MemFree:           58776 kB
Buffers:            7492 kB
Cached:           317632 kB
SwapCached:        54888 kB
Active:           484880 kB
Inactive:         508952 kB
Active(anon):     328412 kB
Inactive(anon):   346728 kB
Active(file):     156468 kB
Inactive(file):   162224 kB
Unevictable:        3816 kB
Mlocked:               0 kB
HighTotal:       1217536 kB
HighFree:          28216 kB
LowTotal:         528004 kB
LowFree:           30560 kB
SwapTotal:       1310716 kB
SwapFree:         778340 kB
Dirty:                76 kB
Writeback:             0 kB
AnonPages:        651724 kB
Mapped:           323064 kB
Shmem:              2616 kB
Slab:              59432 kB
SReclaimable:      15628 kB
SUnreclaim:        43804 kB
KernelStack:       15552 kB
PageTables:        52532 kB
NFS_Unstable:          0 kB
Bounce:                0 kB
WritebackTmp:          0 kB
CommitLimit:     2183484 kB
Committed_AS:   126708500 kB
VmallocTotal:     311296 kB
VmallocUsed:       24364 kB
VmallocChunk:     164876 kB
Time pass: 457 sec

---2015-11-24 11:46:30
MemTotal:        1745540 kB
MemFree:           58096 kB
Buffers:            7508 kB
Cached:           317632 kB
SwapCached:        54884 kB
Active:           484488 kB
Inactive:         508972 kB
Active(anon):     328020 kB
Inactive(anon):   346732 kB
Active(file):     156468 kB
Inactive(file):   162240 kB
Unevictable:        3816 kB
Mlocked:               0 kB
HighTotal:       1217536 kB
HighFree:          27924 kB
LowTotal:         528004 kB
LowFree:           30172 kB
SwapTotal:       1310716 kB
SwapFree:         778352 kB
Dirty:                48 kB
Writeback:             0 kB
AnonPages:        651320 kB
Mapped:           322996 kB
Shmem:              2616 kB
Slab:              59464 kB
SReclaimable:      15628 kB
SUnreclaim:        43836 kB
KernelStack:       15560 kB
PageTables:        52560 kB
NFS_Unstable:          0 kB
Bounce:                0 kB
WritebackTmp:          0 kB
CommitLimit:     2183484 kB
Committed_AS:   126708808 kB
VmallocTotal:     311296 kB
VmallocUsed:       24432 kB
VmallocChunk:     164876 kB
Time pass: 466 sec

---2015-11-24 11:46:30
MemTotal:        1745540 kB
MemFree:           52084 kB
Buffers:            7516 kB
Cached:           320264 kB
SwapCached:        55392 kB
Active:           486824 kB
Inactive:         513204 kB
Active(anon):     330356 kB
Inactive(anon):   348324 kB
Active(file):     156468 kB
Inactive(file):   164880 kB
Unevictable:        3816 kB
Mlocked:               0 kB
HighTotal:       1217536 kB
HighFree:          23556 kB
LowTotal:         528004 kB
LowFree:           28528 kB
SwapTotal:       1310716 kB
SwapFree:         779896 kB
Dirty:                64 kB
Writeback:             0 kB
AnonPages:        655608 kB
Mapped:           323408 kB
Shmem:              2616 kB
Slab:              59444 kB
SReclaimable:      15628 kB
SUnreclaim:        43816 kB
KernelStack:       15608 kB
PageTables:        52540 kB
NFS_Unstable:          0 kB
Bounce:                0 kB
WritebackTmp:          0 kB
CommitLimit:     2183484 kB
Committed_AS:   126708588 kB
VmallocTotal:     311296 kB
VmallocUsed:       24432 kB
VmallocChunk:     164876 kB
Time pass: 470 sec

---2015-11-24 11:46:30
MemTotal:        1745540 kB
MemFree:           60364 kB
Buffers:            7540 kB
Cached:           320268 kB
SwapCached:        55392 kB
Active:           479148 kB
Inactive:         512500 kB
Active(anon):     322680 kB
Inactive(anon):   347592 kB
Active(file):     156468 kB
Inactive(file):   164908 kB
Unevictable:        3816 kB
Mlocked:               0 kB
HighTotal:       1217536 kB
HighFree:          29460 kB
LowTotal:         528004 kB
LowFree:           30904 kB
SwapTotal:       1310716 kB
SwapFree:         779904 kB
Dirty:                80 kB
Writeback:             0 kB
AnonPages:        647096 kB
Mapped:           323356 kB
Shmem:              2616 kB
Slab:              59440 kB
SReclaimable:      15628 kB
SUnreclaim:        43812 kB
KernelStack:       15600 kB
PageTables:        52472 kB
NFS_Unstable:          0 kB
Bounce:                0 kB
WritebackTmp:          0 kB
CommitLimit:     2183484 kB
Committed_AS:   126708560 kB
VmallocTotal:     311296 kB
VmallocUsed:       24432 kB
VmallocChunk:     164876 kB
Time pass: 475 sec

---2015-11-24 11:46:30
MemTotal:        1745540 kB
MemFree:           59100 kB
Buffers:            7548 kB
Cached:           321044 kB
SwapCached:        55396 kB
Active:           480052 kB
Inactive:         513288 kB
Active(anon):     323584 kB
Inactive(anon):   347596 kB
Active(file):     156468 kB
Inactive(file):   165692 kB
Unevictable:        3816 kB
Mlocked:               0 kB
HighTotal:       1217536 kB
HighFree:          28168 kB
LowTotal:         528004 kB
LowFree:           30932 kB
SwapTotal:       1310716 kB
SwapFree:         779908 kB
Dirty:                 0 kB
Writeback:             0 kB
AnonPages:        647844 kB
Mapped:           323432 kB
Shmem:              2616 kB
Slab:              59372 kB
SReclaimable:      15628 kB
SUnreclaim:        43744 kB
KernelStack:       15632 kB
PageTables:        52444 kB
NFS_Unstable:          0 kB
Bounce:                0 kB
WritebackTmp:          0 kB
CommitLimit:     2183484 kB
Committed_AS:   126708744 kB
VmallocTotal:     311296 kB
VmallocUsed:       24432 kB
VmallocChunk:     164876 kB
Time pass: 479 sec

---2015-11-24 11:46:30
MemTotal:        1745540 kB
MemFree:           60188 kB
Buffers:            7548 kB
Cached:           321052 kB
SwapCached:        55396 kB
Active:           478624 kB
Inactive:         513296 kB
Active(anon):     322156 kB
Inactive(anon):   347596 kB
Active(file):     156468 kB
Inactive(file):   165700 kB
Unevictable:        3816 kB
Mlocked:               0 kB
HighTotal:       1217536 kB
HighFree:          29204 kB
LowTotal:         528004 kB
LowFree:           30984 kB
SwapTotal:       1310716 kB
SwapFree:         779908 kB
Dirty:                36 kB
Writeback:             0 kB
AnonPages:        646400 kB
Mapped:           323372 kB
Shmem:              2616 kB
Slab:              59372 kB
SReclaimable:      15628 kB
SUnreclaim:        43744 kB
KernelStack:       15536 kB
PageTables:        52444 kB
NFS_Unstable:          0 kB
Bounce:                0 kB
WritebackTmp:          0 kB
CommitLimit:     2183484 kB
Committed_AS:   126708808 kB
VmallocTotal:     311296 kB
VmallocUsed:       24364 kB
VmallocChunk:     164876 kB
Time pass: 484 sec

---2015-11-24 11:46:30
MemTotal:        1745540 kB
MemFree:           58512 kB
Buffers:            7564 kB
Cached:           321052 kB
SwapCached:        55396 kB
Active:           481192 kB
Inactive:         513308 kB
Active(anon):     324724 kB
Inactive(anon):   347592 kB
Active(file):     156468 kB
Inactive(file):   165716 kB
Unevictable:        3816 kB
Mlocked:               0 kB
HighTotal:       1217536 kB
HighFree:          27444 kB
LowTotal:         528004 kB
LowFree:           31068 kB
SwapTotal:       1310716 kB
SwapFree:         779912 kB
Dirty:                36 kB
Writeback:             0 kB
AnonPages:        649080 kB
Mapped:           323372 kB
Shmem:              2616 kB
Slab:              59376 kB
SReclaimable:      15628 kB
SUnreclaim:        43748 kB
KernelStack:       15528 kB
PageTables:        52452 kB
NFS_Unstable:          0 kB
Bounce:                0 kB
WritebackTmp:          0 kB
CommitLimit:     2183484 kB
Committed_AS:   126709088 kB
VmallocTotal:     311296 kB
VmallocUsed:       24364 kB
VmallocChunk:     164876 kB
Time pass: 489 sec

---2015-11-24 11:46:30
MemTotal:        1745540 kB
MemFree:           58792 kB
Buffers:            7588 kB
Cached:           321044 kB
SwapCached:        55388 kB
Active:           481072 kB
Inactive:         513308 kB
Active(anon):     324604 kB
Inactive(anon):   347584 kB
Active(file):     156468 kB
Inactive(file):   165724 kB
Unevictable:        3816 kB
Mlocked:               0 kB
HighTotal:       1217536 kB
HighFree:          27576 kB
LowTotal:         528004 kB
LowFree:           31216 kB
SwapTotal:       1310716 kB
SwapFree:         779920 kB
Dirty:                60 kB
Writeback:             0 kB
AnonPages:        649044 kB
Mapped:           323424 kB
Shmem:              2616 kB
Slab:              59376 kB
SReclaimable:      15628 kB
SUnreclaim:        43748 kB
KernelStack:       15536 kB
PageTables:        52492 kB
NFS_Unstable:          0 kB
Bounce:                0 kB
WritebackTmp:          0 kB
CommitLimit:     2183484 kB
Committed_AS:   126709108 kB
VmallocTotal:     311296 kB
VmallocUsed:       24364 kB
VmallocChunk:     164876 kB
Time pass: 493 sec

---2015-11-24 11:46:30
MemTotal:        1745540 kB
MemFree:           57656 kB
Buffers:            7596 kB
Cached:           321052 kB
SwapCached:        55388 kB
Active:           480992 kB
Inactive:         513328 kB
Active(anon):     324524 kB
Inactive(anon):   347588 kB
Active(file):     156468 kB
Inactive(file):   165740 kB
Unevictable:        3816 kB
Mlocked:               0 kB
HighTotal:       1217536 kB
HighFree:          27340 kB
LowTotal:         528004 kB
LowFree:           30316 kB
SwapTotal:       1310716 kB
SwapFree:         779924 kB
Dirty:                28 kB
Writeback:             0 kB
AnonPages:        649048 kB
Mapped:           323432 kB
Shmem:              2616 kB
Slab:              59352 kB
SReclaimable:      15628 kB
SUnreclaim:        43724 kB
KernelStack:       15584 kB
PageTables:        52520 kB
NFS_Unstable:          0 kB
Bounce:                0 kB
WritebackTmp:          0 kB
CommitLimit:     2183484 kB
Committed_AS:   126709296 kB
VmallocTotal:     311296 kB
VmallocUsed:       24432 kB
VmallocChunk:     164876 kB
Time pass: 499 sec

---2015-11-24 11:46:30
MemTotal:        1745540 kB
MemFree:           56828 kB
Buffers:            7612 kB
Cached:           321052 kB
SwapCached:        55388 kB
Active:           482292 kB
Inactive:         513360 kB
Active(anon):     325824 kB
Inactive(anon):   347596 kB
Active(file):     156468 kB
Inactive(file):   165764 kB
Unevictable:        3816 kB
Mlocked:               0 kB
HighTotal:       1217536 kB
HighFree:          26152 kB
LowTotal:         528004 kB
LowFree:           30676 kB
SwapTotal:       1310716 kB
SwapFree:         779932 kB
Dirty:                40 kB
Writeback:             0 kB
AnonPages:        650152 kB
Mapped:           323424 kB
Shmem:              2616 kB
Slab:              59416 kB
SReclaimable:      15628 kB
SUnreclaim:        43788 kB
KernelStack:       15544 kB
PageTables:        52548 kB
NFS_Unstable:          0 kB
Bounce:                0 kB
WritebackTmp:          0 kB
CommitLimit:     2183484 kB
Committed_AS:   126709336 kB
VmallocTotal:     311296 kB
VmallocUsed:       24364 kB
VmallocChunk:     164876 kB
Time pass: 503 sec

---2015-11-24 11:46:30
MemTotal:        1745540 kB
MemFree:           54760 kB
Buffers:            7636 kB
Cached:           321052 kB
SwapCached:        55384 kB
Active:           483624 kB
Inactive:         513400 kB
Active(anon):     327156 kB
Inactive(anon):   347612 kB
Active(file):     156468 kB
Inactive(file):   165788 kB
Unevictable:        3816 kB
Mlocked:               0 kB
HighTotal:       1217536 kB
HighFree:          25088 kB
LowTotal:         528004 kB
LowFree:           29672 kB
SwapTotal:       1310716 kB
SwapFree:         779956 kB
Dirty:               112 kB
Writeback:            12 kB
AnonPages:        651404 kB
Mapped:           323340 kB
Shmem:              2616 kB
Slab:              59448 kB
SReclaimable:      15628 kB
SUnreclaim:        43820 kB
KernelStack:       15608 kB
PageTables:        52548 kB
NFS_Unstable:          0 kB
Bounce:                0 kB
WritebackTmp:          0 kB
CommitLimit:     2183484 kB
Committed_AS:   126709632 kB
VmallocTotal:     311296 kB
VmallocUsed:       24364 kB
VmallocChunk:     164876 kB
Time pass: 507 sec

---2015-11-24 11:46:30
MemTotal:        1745540 kB
MemFree:           58824 kB
Buffers:            7636 kB
Cached:           317140 kB
SwapCached:        55396 kB
Active:           486216 kB
Inactive:         506876 kB
Active(anon):     329212 kB
Inactive(anon):   345536 kB
Active(file):     157004 kB
Inactive(file):   161340 kB
Unevictable:        3816 kB
Mlocked:               0 kB
HighTotal:       1217536 kB
HighFree:          28220 kB
LowTotal:         528004 kB
LowFree:           30604 kB
SwapTotal:       1310716 kB
SwapFree:         779460 kB
Dirty:                 4 kB
Writeback:             0 kB
AnonPages:        651564 kB
Mapped:           322232 kB
Shmem:              2616 kB
Slab:              59484 kB
SReclaimable:      15628 kB
SUnreclaim:        43856 kB
KernelStack:       15544 kB
PageTables:        52528 kB
NFS_Unstable:          0 kB
Bounce:                0 kB
WritebackTmp:          0 kB
CommitLimit:     2183484 kB
Committed_AS:   126709648 kB
VmallocTotal:     311296 kB
VmallocUsed:       24364 kB
VmallocChunk:     164876 kB
Time pass: 512 sec

---2015-11-24 11:46:30
MemTotal:        1745540 kB
MemFree:           57656 kB
Buffers:            7660 kB
Cached:           317208 kB
SwapCached:        55396 kB
Active:           487644 kB
Inactive:         506964 kB
Active(anon):     330640 kB
Inactive(anon):   345532 kB
Active(file):     157004 kB
Inactive(file):   161432 kB
Unevictable:        3816 kB
Mlocked:               0 kB
HighTotal:       1217536 kB
HighFree:          27128 kB
LowTotal:         528004 kB
LowFree:           30528 kB
SwapTotal:       1310716 kB
SwapFree:         779472 kB
Dirty:                 0 kB
Writeback:             0 kB
AnonPages:        652844 kB
Mapped:           322316 kB
Shmem:              2616 kB
Slab:              59480 kB
SReclaimable:      15628 kB
SUnreclaim:        43852 kB
KernelStack:       15600 kB
PageTables:        52532 kB
NFS_Unstable:          0 kB
Bounce:                0 kB
WritebackTmp:          0 kB
CommitLimit:     2183484 kB
Committed_AS:   126709928 kB
VmallocTotal:     311296 kB
VmallocUsed:       24432 kB
VmallocChunk:     164876 kB
Time pass: 518 sec

---2015-11-24 11:46:30
MemTotal:        1745540 kB
MemFree:           58096 kB
Buffers:            7660 kB
Cached:           317224 kB
SwapCached:        55396 kB
Active:           486880 kB
Inactive:         506988 kB
Active(anon):     329876 kB
Inactive(anon):   345540 kB
Active(file):     157004 kB
Inactive(file):   161448 kB
Unevictable:        3816 kB
Mlocked:               0 kB
HighTotal:       1217536 kB
HighFree:          27376 kB
LowTotal:         528004 kB
LowFree:           30720 kB
SwapTotal:       1310716 kB
SwapFree:         779476 kB
Dirty:                40 kB
Writeback:             0 kB
AnonPages:        652420 kB
Mapped:           322184 kB
Shmem:              2616 kB
Slab:              59480 kB
SReclaimable:      15628 kB
SUnreclaim:        43852 kB
KernelStack:       15568 kB
PageTables:        52548 kB
NFS_Unstable:          0 kB
Bounce:                0 kB
WritebackTmp:          0 kB
CommitLimit:     2183484 kB
Committed_AS:   126710016 kB
VmallocTotal:     311296 kB
VmallocUsed:       24432 kB
VmallocChunk:     164876 kB
Time pass: 522 sec

---2015-11-24 11:46:30
MemTotal:        1745540 kB
MemFree:           65976 kB
Buffers:            6752 kB
Cached:           319408 kB
SwapCached:        54704 kB
Active:           492916 kB
Inactive:         494256 kB
Active(anon):     333112 kB
Inactive(anon):   334328 kB
Active(file):     159804 kB
Inactive(file):   159928 kB
Unevictable:        3816 kB
Mlocked:               0 kB
HighTotal:       1217536 kB
HighFree:          31996 kB
LowTotal:         528004 kB
LowFree:           33980 kB
SwapTotal:       1310716 kB
SwapFree:         790276 kB
Dirty:               116 kB
