---2015-12-04 23:55:29
MemTotal:        1386568 kB
MemFree:           38928 kB
Buffers:            9752 kB
Cached:           652452 kB
SwapCached:         3924 kB
Active:           536860 kB
Inactive:         595900 kB
Active(anon):     232576 kB
Inactive(anon):   242428 kB
Active(file):     304284 kB
Inactive(file):   353472 kB
Unevictable:        3128 kB
Mlocked:               0 kB
HighTotal:        849920 kB
HighFree:          14004 kB
LowTotal:         536648 kB
LowFree:           24924 kB
SwapTotal:        786428 kB
SwapFree:         737320 kB
Dirty:                 4 kB
Writeback:             0 kB
AnonPages:        471892 kB
Mapped:           304732 kB
Shmem:              1320 kB
Slab:              51952 kB
SReclaimable:      16936 kB
SUnreclaim:        35016 kB
KernelStack:       13600 kB
PageTables:        45212 kB
NFS_Unstable:          0 kB
Bounce:                0 kB
WritebackTmp:          0 kB
CommitLimit:     1479712 kB
Committed_AS:   103200452 kB
VmallocTotal:     319488 kB
VmallocUsed:       20240 kB
VmallocChunk:     175116 kB
Time pass: 3 sec

---2015-12-04 23:55:29
MemTotal:        1386568 kB
MemFree:           38744 kB
Buffers:            9752 kB
Cached:           652488 kB
SwapCached:         3924 kB
Active:           536996 kB
Inactive:         595936 kB
Active(anon):     232712 kB
Inactive(anon):   242428 kB
Active(file):     304284 kB
Inactive(file):   353508 kB
Unevictable:        3128 kB
Mlocked:               0 kB
HighTotal:        849920 kB
HighFree:          13764 kB
LowTotal:         536648 kB
LowFree:           24980 kB
SwapTotal:        786428 kB
SwapFree:         737320 kB
Dirty:                32 kB
Writeback:             0 kB
AnonPages:        471988 kB
Mapped:           304756 kB
Shmem:              1320 kB
Slab:              51868 kB
SReclaimable:      16952 kB
SUnreclaim:        34916 kB
KernelStack:       13584 kB
PageTables:        45232 kB
NFS_Unstable:          0 kB
Bounce:                0 kB
WritebackTmp:          0 kB
CommitLimit:     1479712 kB
Committed_AS:   103200548 kB
VmallocTotal:     319488 kB
VmallocUsed:       20240 kB
VmallocChunk:     175116 kB
Time pass: 7 sec

---2015-12-04 23:55:29
MemTotal:        1386568 kB
MemFree:           38980 kB
Buffers:            9752 kB
Cached:           652488 kB
SwapCached:         3924 kB
Active:           537088 kB
Inactive:         595932 kB
Active(anon):     232800 kB
Inactive(anon):   242428 kB
Active(file):     304288 kB
Inactive(file):   353504 kB
Unevictable:        3128 kB
Mlocked:               0 kB
HighTotal:        849920 kB
HighFree:          13928 kB
LowTotal:         536648 kB
LowFree:           25052 kB
SwapTotal:        786428 kB
SwapFree:         737320 kB
Dirty:                 4 kB
Writeback:             0 kB
AnonPages:        472140 kB
Mapped:           304756 kB
Shmem:              1320 kB
Slab:              51728 kB
SReclaimable:      16944 kB
SUnreclaim:        34784 kB
KernelStack:       13584 kB
PageTables:        45232 kB
NFS_Unstable:          0 kB
Bounce:                0 kB
WritebackTmp:          0 kB
CommitLimit:     1479712 kB
Committed_AS:   103200780 kB
VmallocTotal:     319488 kB
VmallocUsed:       20240 kB
VmallocChunk:     175116 kB
Time pass: 11 sec

---2015-12-04 23:55:29
MemTotal:        1386568 kB
MemFree:           37940 kB
Buffers:            9760 kB
Cached:           652488 kB
SwapCached:         3924 kB
Active:           537180 kB
Inactive:         595936 kB
Active(anon):     232892 kB
Inactive(anon):   242424 kB
Active(file):     304288 kB
Inactive(file):   353512 kB
Unevictable:        3128 kB
Mlocked:               0 kB
HighTotal:        849920 kB
HighFree:          13792 kB
LowTotal:         536648 kB
LowFree:           24148 kB
SwapTotal:        786428 kB
SwapFree:         737320 kB
Dirty:                 8 kB
Writeback:             0 kB
AnonPages:        472232 kB
Mapped:           304756 kB
Shmem:              1320 kB
Slab:              52440 kB
SReclaimable:      16960 kB
SUnreclaim:        35480 kB
KernelStack:       13584 kB
PageTables:        45232 kB
NFS_Unstable:          0 kB
Bounce:                0 kB
WritebackTmp:          0 kB
CommitLimit:     1479712 kB
Committed_AS:   103200852 kB
VmallocTotal:     319488 kB
VmallocUsed:       20240 kB
VmallocChunk:     175116 kB
Time pass: 15 sec

---2015-12-04 23:55:29
MemTotal:        1386568 kB
MemFree:           31556 kB
Buffers:            9556 kB
Cached:           648640 kB
SwapCached:         4032 kB
Active:           547904 kB
Inactive:         590476 kB
Active(anon):     241608 kB
Inactive(anon):   242984 kB
Active(file):     306296 kB
Inactive(file):   347492 kB
Unevictable:        3128 kB
Mlocked:               0 kB
HighTotal:        849920 kB
HighFree:          10140 kB
LowTotal:         536648 kB
LowFree:           21416 kB
SwapTotal:        786428 kB
SwapFree:         737248 kB
Dirty:               772 kB
Writeback:             0 kB
AnonPages:        481552 kB
Mapped:           316924 kB
Shmem:              1320 kB
Slab:              52512 kB
SReclaimable:      16976 kB
SUnreclaim:        35536 kB
KernelStack:       13848 kB
PageTables:        45720 kB
NFS_Unstable:          0 kB
Bounce:                0 kB
WritebackTmp:          0 kB
CommitLimit:     1479712 kB
Committed_AS:   104491812 kB
VmallocTotal:     319488 kB
VmallocUsed:       19524 kB
VmallocChunk:     176140 kB
Time pass: 18 sec

---2015-12-04 23:55:29
MemTotal:        1386568 kB
MemFree:           27280 kB
Buffers:            9640 kB
Cached:           613708 kB
SwapCached:         4060 kB
Active:           545280 kB
Inactive:         576036 kB
Active(anon):     249692 kB
Inactive(anon):   252936 kB
Active(file):     295588 kB
Inactive(file):   323100 kB
Unevictable:        3128 kB
Mlocked:               0 kB
HighTotal:        849920 kB
HighFree:           8908 kB
LowTotal:         536648 kB
LowFree:           18372 kB
SwapTotal:        786428 kB
SwapFree:         736792 kB
Dirty:              1184 kB
Writeback:             0 kB
AnonPages:        499520 kB
Mapped:           331456 kB
Shmem:              1452 kB
Slab:              52920 kB
SReclaimable:      17056 kB
SUnreclaim:        35864 kB
KernelStack:       14208 kB
PageTables:        46056 kB
NFS_Unstable:          0 kB
Bounce:                0 kB
WritebackTmp:          0 kB
CommitLimit:     1479712 kB
Committed_AS:   104513036 kB
VmallocTotal:     319488 kB
VmallocUsed:       19520 kB
VmallocChunk:     176140 kB
Time pass: 22 sec

---2015-12-04 23:55:29
MemTotal:        1386568 kB
MemFree:           37652 kB
Buffers:            9632 kB
Cached:           602724 kB
SwapCached:         4044 kB
Active:           535608 kB
Inactive:         564924 kB
Active(anon):     243840 kB
Inactive(anon):   248912 kB
Active(file):     291768 kB
Inactive(file):   316012 kB
Unevictable:        3128 kB
Mlocked:               0 kB
HighTotal:        849920 kB
HighFree:          15208 kB
LowTotal:         536648 kB
LowFree:           22444 kB
SwapTotal:        786428 kB
SwapFree:         736448 kB
Dirty:               180 kB
Writeback:             0 kB
AnonPages:        489640 kB
Mapped:           341600 kB
Shmem:              1452 kB
Slab:              52692 kB
SReclaimable:      17024 kB
SUnreclaim:        35668 kB
KernelStack:       14128 kB
PageTables:        46104 kB
NFS_Unstable:          0 kB
Bounce:                0 kB
WritebackTmp:          0 kB
CommitLimit:     1479712 kB
Committed_AS:   104516316 kB
VmallocTotal:     319488 kB
VmallocUsed:       19556 kB
VmallocChunk:     176140 kB
Time pass: 26 sec

---2015-12-04 23:55:29
MemTotal:        1386568 kB
MemFree:           37452 kB
Buffers:            9648 kB
Cached:           602756 kB
SwapCached:         4044 kB
Active:           530960 kB
Inactive:         564908 kB
Active(anon):     239188 kB
Inactive(anon):   248856 kB
Active(file):     291772 kB
Inactive(file):   316052 kB
Unevictable:        3128 kB
Mlocked:               0 kB
HighTotal:        849920 kB
HighFree:          12164 kB
LowTotal:         536648 kB
LowFree:           25288 kB
SwapTotal:        786428 kB
SwapFree:         736456 kB
Dirty:               144 kB
Writeback:             0 kB
AnonPages:        484732 kB
Mapped:           346708 kB
Shmem:              1452 kB
Slab:              52564 kB
SReclaimable:      17016 kB
SUnreclaim:        35548 kB
KernelStack:       14160 kB
PageTables:        46112 kB
NFS_Unstable:          0 kB
Bounce:                0 kB
WritebackTmp:          0 kB
CommitLimit:     1479712 kB
Committed_AS:   104513612 kB
VmallocTotal:     319488 kB
VmallocUsed:       19512 kB
VmallocChunk:     176140 kB
Time pass: 29 sec

---2015-12-04 23:55:29
MemTotal:        1386568 kB
MemFree:           38188 kB
Buffers:            9656 kB
Cached:           602768 kB
SwapCached:         4048 kB
Active:           530908 kB
Inactive:         564932 kB
Active(anon):     239136 kB
Inactive(anon):   248864 kB
Active(file):     291772 kB
Inactive(file):   316068 kB
Unevictable:        3128 kB
Mlocked:               0 kB
HighTotal:        849920 kB
HighFree:          12504 kB
LowTotal:         536648 kB
LowFree:           25684 kB
SwapTotal:        786428 kB
SwapFree:         736460 kB
Dirty:                44 kB
Writeback:             0 kB
AnonPages:        484660 kB
Mapped:           346748 kB
Shmem:              1452 kB
Slab:              52180 kB
SReclaimable:      17016 kB
SUnreclaim:        35164 kB
KernelStack:       14088 kB
PageTables:        46112 kB
NFS_Unstable:          0 kB
Bounce:                0 kB
WritebackTmp:          0 kB
CommitLimit:     1479712 kB
Committed_AS:   104513676 kB
VmallocTotal:     319488 kB
VmallocUsed:       19512 kB
VmallocChunk:     176140 kB
Time pass: 33 sec

---2015-12-04 23:55:29
MemTotal:        1386568 kB
MemFree:           88240 kB
Buffers:            9560 kB
Cached:           588652 kB
SwapCached:         4572 kB
Active:           489492 kB
Inactive:         554264 kB
Active(anon):     201892 kB
Inactive(anon):   248116 kB
Active(file):     287600 kB
Inactive(file):   306148 kB
Unevictable:        3128 kB
Mlocked:               0 kB
HighTotal:        849920 kB
HighFree:          43372 kB
LowTotal:         536648 kB
LowFree:           44868 kB
SwapTotal:        786428 kB
SwapFree:         735508 kB
Dirty:               104 kB
Writeback:             8 kB
AnonPages:        447020 kB
Mapped:           325900 kB
Shmem:              1324 kB
Slab:              52456 kB
SReclaimable:      16992 kB
SUnreclaim:        35464 kB
KernelStack:       12560 kB
PageTables:        38476 kB
NFS_Unstable:          0 kB
Bounce:                0 kB
WritebackTmp:          0 kB
CommitLimit:     1479712 kB
Committed_AS:   85872056 kB
VmallocTotal:     319488 kB
VmallocUsed:       14256 kB
VmallocChunk:     202764 kB
Time pass: 37 sec

---2015-12-04 23:55:29
MemTotal:        1386568 kB
MemFree:           82804 kB
Buffers:            9564 kB
Cached:           590112 kB
SwapCached:         4576 kB
Active:           492148 kB
Inactive:         555520 kB
Active(anon):     204532 kB
Inactive(anon):   247912 kB
Active(file):     287616 kB
Inactive(file):   307608 kB
Unevictable:        3128 kB
Mlocked:               0 kB
HighTotal:        849920 kB
HighFree:          35680 kB
LowTotal:         536648 kB
LowFree:           47124 kB
SwapTotal:        786428 kB
SwapFree:         735508 kB
Dirty:                52 kB
Writeback:             0 kB
AnonPages:        449360 kB
Mapped:           326656 kB
Shmem:              1324 kB
Slab:              52364 kB
SReclaimable:      16992 kB
SUnreclaim:        35372 kB
KernelStack:       12416 kB
PageTables:        38492 kB
NFS_Unstable:          0 kB
Bounce:                0 kB
WritebackTmp:          0 kB
CommitLimit:     1479712 kB
Committed_AS:   85877020 kB
VmallocTotal:     319488 kB
VmallocUsed:       14256 kB
VmallocChunk:     202764 kB
Time pass: 41 sec

---2015-12-04 23:55:29
MemTotal:        1386568 kB
MemFree:           71432 kB
Buffers:            9600 kB
Cached:           592272 kB
SwapCached:         4588 kB
Active:           505664 kB
Inactive:         557588 kB
Active(anon):     217952 kB
Inactive(anon):   247928 kB
Active(file):     287712 kB
Inactive(file):   309660 kB
Unevictable:        3128 kB
Mlocked:               0 kB
HighTotal:        849920 kB
HighFree:          20344 kB
LowTotal:         536648 kB
LowFree:           51088 kB
SwapTotal:        786428 kB
SwapFree:         735544 kB
Dirty:               232 kB
Writeback:             0 kB
AnonPages:        462800 kB
Mapped:           326736 kB
Shmem:              1324 kB
Slab:              52552 kB
SReclaimable:      17016 kB
SUnreclaim:        35536 kB
KernelStack:       12480 kB
PageTables:        38492 kB
NFS_Unstable:          0 kB
Bounce:                0 kB
WritebackTmp:          0 kB
CommitLimit:     1479712 kB
Committed_AS:   85881320 kB
VmallocTotal:     319488 kB
VmallocUsed:       14272 kB
VmallocChunk:     202764 kB
Time pass: 45 sec

---2015-12-04 23:55:29
MemTotal:        1386568 kB
MemFree:           57072 kB
Buffers:            9608 kB
Cached:           593424 kB
SwapCached:         4592 kB
Active:           511316 kB
Inactive:         556304 kB
Active(anon):     223452 kB
Inactive(anon):   245588 kB
Active(file):     287864 kB
Inactive(file):   310716 kB
Unevictable:        3128 kB
Mlocked:               0 kB
HighTotal:        849920 kB
HighFree:           8800 kB
LowTotal:         536648 kB
LowFree:           48272 kB
SwapTotal:        786428 kB
SwapFree:         735584 kB
Dirty:               296 kB
Writeback:             0 kB
AnonPages:        465944 kB
Mapped:           336592 kB
Shmem:              1324 kB
Slab:              52308 kB
SReclaimable:      17028 kB
SUnreclaim:        35280 kB
KernelStack:       12552 kB
PageTables:        38544 kB
NFS_Unstable:          0 kB
Bounce:                0 kB
WritebackTmp:          0 kB
CommitLimit:     1479712 kB
Committed_AS:   85887104 kB
VmallocTotal:     319488 kB
VmallocUsed:       14288 kB
VmallocChunk:     202764 kB
Time pass: 48 sec

---2015-12-04 23:55:29
MemTotal:        1386568 kB
MemFree:           56656 kB
Buffers:            9612 kB
Cached:           593688 kB
SwapCached:         4592 kB
Active:           510156 kB
Inactive:         556564 kB
Active(anon):     222292 kB
Inactive(anon):   245588 kB
Active(file):     287864 kB
Inactive(file):   310976 kB
Unevictable:        3128 kB
Mlocked:               0 kB
HighTotal:        849920 kB
HighFree:           9956 kB
LowTotal:         536648 kB
LowFree:           46700 kB
SwapTotal:        786428 kB
SwapFree:         735584 kB
Dirty:               304 kB
Writeback:             0 kB
AnonPages:        464732 kB
Mapped:           339504 kB
Shmem:              1324 kB
Slab:              52172 kB
SReclaimable:      17028 kB
SUnreclaim:        35144 kB
KernelStack:       12472 kB
PageTables:        38552 kB
NFS_Unstable:          0 kB
Bounce:                0 kB
WritebackTmp:          0 kB
CommitLimit:     1479712 kB
Committed_AS:   85887184 kB
VmallocTotal:     319488 kB
VmallocUsed:       14164 kB
VmallocChunk:     202764 kB
Time pass: 52 sec

---2015-12-04 23:55:29
MemTotal:        1386568 kB
MemFree:           42488 kB
Buffers:            9624 kB
Cached:           594996 kB
SwapCached:         4592 kB
Active:           512604 kB
Inactive:         557752 kB
Active(anon):     224700 kB
Inactive(anon):   245588 kB
Active(file):     287904 kB
Inactive(file):   312164 kB
Unevictable:        3128 kB
Mlocked:               0 kB
HighTotal:        849920 kB
HighFree:           8776 kB
LowTotal:         536648 kB
LowFree:           33712 kB
SwapTotal:        786428 kB
SwapFree:         735588 kB
Dirty:               292 kB
Writeback:             0 kB
AnonPages:        467168 kB
Mapped:           346872 kB
Shmem:              1324 kB
Slab:              52124 kB
SReclaimable:      17044 kB
SUnreclaim:        35080 kB
KernelStack:       12568 kB
PageTables:        38572 kB
NFS_Unstable:          0 kB
Bounce:                0 kB
WritebackTmp:          0 kB
CommitLimit:     1479712 kB
Committed_AS:   85887432 kB
VmallocTotal:     319488 kB
VmallocUsed:       14244 kB
VmallocChunk:     202764 kB
Time pass: 56 sec

---2015-12-04 23:55:29
MemTotal:        1386568 kB
MemFree:           43096 kB
Buffers:            9632 kB
Cached:           594980 kB
SwapCached:         4592 kB
Active:           512624 kB
Inactive:         557840 kB
Active(anon):     224716 kB
Inactive(anon):   245588 kB
Active(file):     287908 kB
Inactive(file):   312252 kB
Unevictable:        3128 kB
Mlocked:               0 kB
HighTotal:        849920 kB
HighFree:           8972 kB
LowTotal:         536648 kB
LowFree:           34124 kB
SwapTotal:        786428 kB
SwapFree:         735588 kB
Dirty:                64 kB
Writeback:             0 kB
AnonPages:        467296 kB
Mapped:           346768 kB
Shmem:              1324 kB
Slab:              51988 kB
SReclaimable:      17036 kB
SUnreclaim:        34952 kB
KernelStack:       12472 kB
PageTables:        38580 kB
NFS_Unstable:          0 kB
Bounce:                0 kB
WritebackTmp:          0 kB
CommitLimit:     1479712 kB
Committed_AS:   85887664 kB
VmallocTotal:     319488 kB
VmallocUsed:       14244 kB
VmallocChunk:     202764 kB
Time pass: 60 sec

---2015-12-04 23:55:29
MemTotal:        1386568 kB
MemFree:           28048 kB
Buffers:            9648 kB
Cached:           595704 kB
SwapCached:         4592 kB
Active:           517148 kB
Inactive:         558132 kB
Active(anon):     228792 kB
Inactive(anon):   245588 kB
Active(file):     288356 kB
Inactive(file):   312544 kB
Unevictable:        3128 kB
Mlocked:               0 kB
HighTotal:        849920 kB
HighFree:           8708 kB
LowTotal:         536648 kB
LowFree:           19340 kB
SwapTotal:        786428 kB
SwapFree:         735588 kB
Dirty:               512 kB
Writeback:             0 kB
AnonPages:        471340 kB
Mapped:           353592 kB
Shmem:              1324 kB
Slab:              52616 kB
SReclaimable:      17084 kB
SUnreclaim:        35532 kB
KernelStack:       12512 kB
PageTables:        38588 kB
NFS_Unstable:          0 kB
Bounce:                0 kB
WritebackTmp:          0 kB
CommitLimit:     1479712 kB
Committed_AS:   85892088 kB
VmallocTotal:     319488 kB
VmallocUsed:       14268 kB
VmallocChunk:     202764 kB
Time pass: 63 sec

---2015-12-04 23:55:29
MemTotal:        1386568 kB
MemFree:           28444 kB
Buffers:            9696 kB
Cached:           590296 kB
SwapCached:         4600 kB
Active:           522816 kB
Inactive:         550644 kB
Active(anon):     233472 kB
Inactive(anon):   244852 kB
Active(file):     289344 kB
Inactive(file):   305792 kB
Unevictable:        3128 kB
Mlocked:               0 kB
HighTotal:        849920 kB
HighFree:          10128 kB
LowTotal:         536648 kB
LowFree:           18316 kB
SwapTotal:        786428 kB
SwapFree:         735232 kB
Dirty:               612 kB
Writeback:             0 kB
AnonPages:        474896 kB
Mapped:           354172 kB
Shmem:              1324 kB
Slab:              52584 kB
SReclaimable:      17084 kB
SUnreclaim:        35500 kB
KernelStack:       12480 kB
PageTables:        38608 kB
NFS_Unstable:          0 kB
Bounce:                0 kB
WritebackTmp:          0 kB
CommitLimit:     1479712 kB
Committed_AS:   85898584 kB
VmallocTotal:     319488 kB
VmallocUsed:       14404 kB
VmallocChunk:     202764 kB
Time pass: 67 sec

---2015-12-04 23:55:29
MemTotal:        1386568 kB
MemFree:           36844 kB
Buffers:            9736 kB
Cached:           594716 kB
SwapCached:         4608 kB
Active:           517212 kB
Inactive:         553320 kB
Active(anon):     227440 kB
Inactive(anon):   243128 kB
Active(file):     289772 kB
Inactive(file):   310192 kB
Unevictable:        3128 kB
Mlocked:               0 kB
HighTotal:        849920 kB
HighFree:           8812 kB
LowTotal:         536648 kB
LowFree:           28032 kB
SwapTotal:        786428 kB
SwapFree:         735244 kB
Dirty:               420 kB
Writeback:             0 kB
AnonPages:        467504 kB
Mapped:           341492 kB
Shmem:              1312 kB
Slab:              52460 kB
SReclaimable:      17092 kB
SUnreclaim:        35368 kB
KernelStack:       12000 kB
PageTables:        35572 kB
NFS_Unstable:          0 kB
Bounce:                0 kB
WritebackTmp:          0 kB
CommitLimit:     1479712 kB
Committed_AS:   78447512 kB
VmallocTotal:     319488 kB
VmallocUsed:       13316 kB
VmallocChunk:     202764 kB
Time pass: 72 sec

---2015-12-04 23:55:29
MemTotal:        1386568 kB
MemFree:           29224 kB
Buffers:            9740 kB
Cached:           568608 kB
SwapCached:         4952 kB
Active:           515196 kB
Inactive:         535228 kB
Active(anon):     232256 kB
Inactive(anon):   244492 kB
Active(file):     282940 kB
Inactive(file):   290736 kB
Unevictable:        3128 kB
Mlocked:               0 kB
HighTotal:        849920 kB
HighFree:          10524 kB
LowTotal:         536648 kB
LowFree:           18700 kB
SwapTotal:        786428 kB
SwapFree:         733540 kB
Dirty:                 8 kB
Writeback:             0 kB
AnonPages:        473612 kB
Mapped:           339788 kB
Shmem:              1472 kB
Slab:              52384 kB
SReclaimable:      17092 kB
SUnreclaim:        35292 kB
KernelStack:       12096 kB
PageTables:        35732 kB
NFS_Unstable:          0 kB
Bounce:                0 kB
WritebackTmp:          0 kB
CommitLimit:     1479712 kB
Committed_AS:   78462128 kB
VmallocTotal:     319488 kB
VmallocUsed:       15792 kB
VmallocChunk:     202764 kB
Time pass: 76 sec

---2015-12-04 23:55:29
MemTotal:        1386568 kB
MemFree:           25624 kB
Buffers:            9752 kB
Cached:           544336 kB
SwapCached:         4968 kB
Active:           509040 kB
Inactive:         519452 kB
Active(anon):     234564 kB
Inactive(anon):   244964 kB
Active(file):     274476 kB
Inactive(file):   274488 kB
Unevictable:        3128 kB
Mlocked:               0 kB
HighTotal:        849920 kB
HighFree:           8024 kB
LowTotal:         536648 kB
LowFree:           17600 kB
SwapTotal:        786428 kB
SwapFree:         731624 kB
Dirty:                60 kB
Writeback:             0 kB
AnonPages:        475756 kB
Mapped:           338616 kB
Shmem:              1660 kB
Slab:              52708 kB
SReclaimable:      17092 kB
SUnreclaim:        35616 kB
KernelStack:       12144 kB
PageTables:        35780 kB
NFS_Unstable:          0 kB
Bounce:                0 kB
WritebackTmp:          0 kB
CommitLimit:     1479712 kB
Committed_AS:   78466400 kB
VmallocTotal:     319488 kB
VmallocUsed:       15792 kB
VmallocChunk:     202764 kB
Time pass: 80 sec

---2015-12-04 23:55:29
MemTotal:        1386568 kB
MemFree:           58404 kB
Buffers:           11356 kB
Cached:           540552 kB
SwapCached:         5008 kB
Active:           486680 kB
Inactive:         512496 kB
Active(anon):     215120 kB
Inactive(anon):   237512 kB
Active(file):     271560 kB
Inactive(file):   274984 kB
Unevictable:        3128 kB
Mlocked:               0 kB
HighTotal:        849920 kB
HighFree:          26540 kB
LowTotal:         536648 kB
LowFree:           31864 kB
SwapTotal:        786428 kB
SwapFree:         730268 kB
Dirty:               204 kB
Writeback:             0 kB
AnonPages:        448472 kB
Mapped:           326068 kB
Shmem:              2236 kB
Slab:              52772 kB
SReclaimable:      17100 kB
SUnreclaim:        35672 kB
KernelStack:       11520 kB
PageTables:        32756 kB
NFS_Unstable:          0 kB
Bounce:                0 kB
WritebackTmp:          0 kB
CommitLimit:     1479712 kB
Committed_AS:   71016552 kB
VmallocTotal:     319488 kB
VmallocUsed:       15792 kB
VmallocChunk:     202764 kB
Time pass: 87 sec

---2015-12-04 23:55:29
MemTotal:        1386568 kB
MemFree:           52840 kB
Buffers:           11356 kB
Cached:           540724 kB
SwapCached:         5008 kB
Active:           489928 kB
Inactive:         511180 kB
Active(anon):     218340 kB
Inactive(anon):   236204 kB
Active(file):     271588 kB
Inactive(file):   274976 kB
Unevictable:        3128 kB
Mlocked:               0 kB
HighTotal:        849920 kB
HighFree:          23424 kB
LowTotal:         536648 kB
LowFree:           29416 kB
SwapTotal:        786428 kB
SwapFree:         730272 kB
Dirty:                56 kB
Writeback:             0 kB
AnonPages:        450508 kB
Mapped:           325976 kB
Shmem:              2240 kB
Slab:              52932 kB
SReclaimable:      17100 kB
SUnreclaim:        35832 kB
KernelStack:       11608 kB
PageTables:        32720 kB
NFS_Unstable:          0 kB
Bounce:                0 kB
WritebackTmp:          0 kB
CommitLimit:     1479712 kB
Committed_AS:   71019936 kB
VmallocTotal:     319488 kB
VmallocUsed:       15792 kB
VmallocChunk:     202764 kB
Time pass: 91 sec

---2015-12-04 23:55:29
MemTotal:        1386568 kB
MemFree:           50748 kB
Buffers:           11380 kB
Cached:           540208 kB
SwapCached:         5008 kB
Active:           491596 kB
Inactive:         510744 kB
Active(anon):     219980 kB
Inactive(anon):   235628 kB
Active(file):     271616 kB
Inactive(file):   275116 kB
Unevictable:        3128 kB
Mlocked:               0 kB
HighTotal:        849920 kB
HighFree:          21768 kB
LowTotal:         536648 kB
LowFree:           28980 kB
SwapTotal:        786428 kB
SwapFree:         730276 kB
Dirty:               124 kB
Writeback:             0 kB
AnonPages:        451904 kB
Mapped:           325676 kB
Shmem:              1728 kB
Slab:              52704 kB
SReclaimable:      17100 kB
SUnreclaim:        35604 kB
KernelStack:       11640 kB
PageTables:        32844 kB
NFS_Unstable:          0 kB
Bounce:                0 kB
WritebackTmp:          0 kB
CommitLimit:     1479712 kB
Committed_AS:   71020592 kB
VmallocTotal:     319488 kB
VmallocUsed:       15792 kB
VmallocChunk:     202764 kB
Time pass: 95 sec

---2015-12-04 23:55:29
MemTotal:        1386568 kB
MemFree:           52928 kB
Buffers:           11396 kB
Cached:           540220 kB
SwapCached:         5032 kB
Active:           489460 kB
Inactive:         510796 kB
Active(anon):     217844 kB
Inactive(anon):   235680 kB
Active(file):     271616 kB
Inactive(file):   275116 kB
Unevictable:        3128 kB
Mlocked:               0 kB
HighTotal:        849920 kB
HighFree:          23944 kB
LowTotal:         536648 kB
LowFree:           28984 kB
SwapTotal:        786428 kB
SwapFree:         730276 kB
Dirty:                 0 kB
Writeback:             0 kB
AnonPages:        449916 kB
Mapped:           325560 kB
Shmem:              1756 kB
Slab:              52788 kB
SReclaimable:      17100 kB
SUnreclaim:        35688 kB
KernelStack:       11576 kB
PageTables:        32848 kB
NFS_Unstable:          0 kB
Bounce:                0 kB
WritebackTmp:          0 kB
CommitLimit:     1479712 kB
Committed_AS:   71019872 kB
VmallocTotal:     319488 kB
VmallocUsed:       15792 kB
VmallocChunk:     202764 kB
Time pass: 99 sec

---2015-12-04 23:55:29
MemTotal:        1386568 kB
MemFree:           63304 kB
Buffers:           11496 kB
Cached:           542540 kB
SwapCached:         5068 kB
Active:           477520 kB
Inactive:         512644 kB
Active(anon):     205380 kB
Inactive(anon):   235288 kB
Active(file):     272140 kB
Inactive(file):   277356 kB
Unevictable:        3128 kB
Mlocked:               0 kB
HighTotal:        849920 kB
HighFree:          26224 kB
LowTotal:         536648 kB
LowFree:           37080 kB
SwapTotal:        786428 kB
SwapFree:         730312 kB
Dirty:                56 kB
Writeback:             0 kB
AnonPages:        437512 kB
Mapped:           326036 kB
Shmem:              1312 kB
Slab:              53144 kB
SReclaimable:      17100 kB
SUnreclaim:        36044 kB
KernelStack:       11408 kB
PageTables:        33488 kB
NFS_Unstable:          0 kB
Bounce:                0 kB
WritebackTmp:          0 kB
CommitLimit:     1479712 kB
Committed_AS:   73496184 kB
VmallocTotal:     319488 kB
VmallocUsed:       15768 kB
VmallocChunk:     202764 kB
Time pass: 103 sec

---2015-12-04 23:55:29
MemTotal:        1386568 kB
MemFree:          154984 kB
Buffers:           11528 kB
Cached:           543956 kB
SwapCached:         5112 kB
Active:           442648 kB
Inactive:         512800 kB
Active(anon):     169056 kB
Inactive(anon):   235364 kB
Active(file):     273592 kB
Inactive(file):   277436 kB
Unevictable:        3128 kB
Mlocked:               0 kB
HighTotal:        849920 kB
HighFree:          71752 kB
LowTotal:         536648 kB
LowFree:           83232 kB
SwapTotal:        786428 kB
SwapFree:         730412 kB
Dirty:              1004 kB
Writeback:             0 kB
AnonPages:        401120 kB
Mapped:           272352 kB
Shmem:              1312 kB
Slab:              52916 kB
SReclaimable:      17108 kB
SUnreclaim:        35808 kB
KernelStack:       11360 kB
PageTables:        33172 kB
NFS_Unstable:          0 kB
Bounce:                0 kB
WritebackTmp:          0 kB
CommitLimit:     1479712 kB
Committed_AS:   73424616 kB
VmallocTotal:     319488 kB
VmallocUsed:       15520 kB
VmallocChunk:     202764 kB
Time pass: 106 sec

---2015-12-04 23:55:29
MemTotal:        1386568 kB
MemFree:          129364 kB
Buffers:           11640 kB
Cached:           544720 kB
SwapCached:         5112 kB
Active:           463596 kB
Inactive:         510328 kB
Active(anon):     189912 kB
Inactive(anon):   232100 kB
Active(file):     273684 kB
Inactive(file):   278228 kB
Unevictable:        3128 kB
Mlocked:               0 kB
HighTotal:        849920 kB
HighFree:          45776 kB
LowTotal:         536648 kB
LowFree:           83588 kB
SwapTotal:        786428 kB
SwapFree:         730436 kB
Dirty:               132 kB
Writeback:             0 kB
AnonPages:        418728 kB
Mapped:           280076 kB
Shmem:              1316 kB
Slab:              52904 kB
SReclaimable:      17108 kB
SUnreclaim:        35796 kB
KernelStack:       11488 kB
PageTables:        33168 kB
NFS_Unstable:          0 kB
Bounce:                0 kB
WritebackTmp:          0 kB
CommitLimit:     1479712 kB
Committed_AS:   73446256 kB
VmallocTotal:     319488 kB
VmallocUsed:       15656 kB
VmallocChunk:     202764 kB
Time pass: 110 sec

---2015-12-04 23:55:29
MemTotal:        1386568 kB
MemFree:          118872 kB
Buffers:           11648 kB
Cached:           545020 kB
SwapCached:         5116 kB
Active:           459060 kB
Inactive:         510584 kB
Active(anon):     185316 kB
Inactive(anon):   232104 kB
Active(file):     273744 kB
Inactive(file):   278480 kB
Unevictable:        3128 kB
Mlocked:               0 kB
HighTotal:        849920 kB
HighFree:          38180 kB
LowTotal:         536648 kB
LowFree:           80692 kB
SwapTotal:        786428 kB
SwapFree:         730436 kB
Dirty:               632 kB
Writeback:             0 kB
AnonPages:        414076 kB
Mapped:           290652 kB
Shmem:              1316 kB
Slab:              52872 kB
SReclaimable:      17108 kB
SUnreclaim:        35764 kB
KernelStack:       11432 kB
PageTables:        33236 kB
NFS_Unstable:          0 kB
Bounce:                0 kB
WritebackTmp:          0 kB
CommitLimit:     1479712 kB
Committed_AS:   73444936 kB
VmallocTotal:     319488 kB
VmallocUsed:       15580 kB
VmallocChunk:     202764 kB
Time pass: 113 sec

---2015-12-04 23:55:29
MemTotal:        1386568 kB
MemFree:          105892 kB
Buffers:           11656 kB
Cached:           545044 kB
SwapCached:         5116 kB
Active:           464044 kB
Inactive:         510596 kB
Active(anon):     190280 kB
Inactive(anon):   232104 kB
Active(file):     273764 kB
Inactive(file):   278492 kB
Unevictable:        3128 kB
Mlocked:               0 kB
HighTotal:        849920 kB
HighFree:          25196 kB
LowTotal:         536648 kB
LowFree:           80696 kB
SwapTotal:        786428 kB
SwapFree:         730436 kB
Dirty:               252 kB
Writeback:             0 kB
AnonPages:        419024 kB
Mapped:           296364 kB
Shmem:              1316 kB
Slab:              52748 kB
SReclaimable:      17108 kB
SUnreclaim:        35640 kB
KernelStack:       11480 kB
PageTables:        33256 kB
NFS_Unstable:          0 kB
Bounce:                0 kB
WritebackTmp:          0 kB
CommitLimit:     1479712 kB
Committed_AS:   73445424 kB
VmallocTotal:     319488 kB
VmallocUsed:       13240 kB
VmallocChunk:     202764 kB
Time pass: 117 sec

---2015-12-04 23:55:29
MemTotal:        1386568 kB
MemFree:           86068 kB
Buffers:           11696 kB
Cached:           545504 kB
SwapCached:         5116 kB
Active:           469752 kB
Inactive:         510248 kB
Active(anon):     195208 kB
Inactive(anon):   232036 kB
Active(file):     274544 kB
Inactive(file):   278212 kB
Unevictable:        3128 kB
Mlocked:               0 kB
HighTotal:        849920 kB
HighFree:           8796 kB
LowTotal:         536648 kB
LowFree:           77272 kB
SwapTotal:        786428 kB
SwapFree:         730436 kB
Dirty:               488 kB
Writeback:             0 kB
AnonPages:        423880 kB
Mapped:           311760 kB
Shmem:              1316 kB
Slab:              53056 kB
SReclaimable:      17124 kB
SUnreclaim:        35932 kB
KernelStack:       11440 kB
PageTables:        33300 kB
NFS_Unstable:          0 kB
Bounce:                0 kB
WritebackTmp:          0 kB
CommitLimit:     1479712 kB
Committed_AS:   73453936 kB
VmallocTotal:     319488 kB
VmallocUsed:       13200 kB
VmallocChunk:     202764 kB
Time pass: 121 sec

---2015-12-04 23:55:29
MemTotal:        1386568 kB
MemFree:           71920 kB
Buffers:           11704 kB
Cached:           545644 kB
SwapCached:         5116 kB
Active:           473368 kB
Inactive:         510396 kB
Active(anon):     198820 kB
Inactive(anon):   232040 kB
Active(file):     274548 kB
Inactive(file):   278356 kB
Unevictable:        3128 kB
Mlocked:               0 kB
HighTotal:        849920 kB
HighFree:           8728 kB
LowTotal:         536648 kB
LowFree:           63192 kB
SwapTotal:        786428 kB
SwapFree:         730444 kB
Dirty:               644 kB
Writeback:             0 kB
AnonPages:        427476 kB
Mapped:           319936 kB
Shmem:              1316 kB
Slab:              52920 kB
SReclaimable:      17124 kB
SUnreclaim:        35796 kB
KernelStack:       11432 kB
PageTables:        33304 kB
NFS_Unstable:          0 kB
Bounce:                0 kB
WritebackTmp:          0 kB
CommitLimit:     1479712 kB
Committed_AS:   73454800 kB
VmallocTotal:     319488 kB
VmallocUsed:       13236 kB
VmallocChunk:     202764 kB
Time pass: 124 sec

---2015-12-04 23:55:29
MemTotal:        1386568 kB
MemFree:           71908 kB
Buffers:           11712 kB
Cached:           545636 kB
SwapCached:         5116 kB
Active:           473592 kB
Inactive:         510396 kB
Active(anon):     199044 kB
Inactive(anon):   232040 kB
Active(file):     274548 kB
Inactive(file):   278356 kB
Unevictable:        3128 kB
Mlocked:               0 kB
HighTotal:        849920 kB
HighFree:           8744 kB
LowTotal:         536648 kB
LowFree:           63164 kB
SwapTotal:        786428 kB
SwapFree:         730444 kB
Dirty:               644 kB
Writeback:             0 kB
AnonPages:        427808 kB
Mapped:           319992 kB
Shmem:              1316 kB
Slab:              52920 kB
SReclaimable:      17124 kB
SUnreclaim:        35796 kB
KernelStack:       11384 kB
PageTables:        33324 kB
NFS_Unstable:          0 kB
Bounce:                0 kB
WritebackTmp:          0 kB
CommitLimit:     1479712 kB
Committed_AS:   73454864 kB
VmallocTotal:     319488 kB
VmallocUsed:       13236 kB
VmallocChunk:     202764 kB
Time pass: 128 sec

---2015-12-04 23:55:29
MemTotal:        1386568 kB
MemFree:           71624 kB
Buffers:           11712 kB
Cached:           545644 kB
SwapCached:         5116 kB
Active:           473812 kB
Inactive:         510404 kB
Active(anon):     199264 kB
Inactive(anon):   232040 kB
Active(file):     274548 kB
Inactive(file):   278364 kB
Unevictable:        3128 kB
Mlocked:               0 kB
HighTotal:        849920 kB
HighFree:           8744 kB
LowTotal:         536648 kB
LowFree:           62880 kB
SwapTotal:        786428 kB
SwapFree:         730444 kB
Dirty:                 0 kB
Writeback:             0 kB
AnonPages:        427916 kB
Mapped:           319996 kB
Shmem:              1316 kB
Slab:              52908 kB
SReclaimable:      17108 kB
SUnreclaim:        35800 kB
KernelStack:       11384 kB
PageTables:        33324 kB
NFS_Unstable:          0 kB
Bounce:                0 kB
WritebackTmp:          0 kB
CommitLimit:     1479712 kB
Committed_AS:   73455112 kB
VmallocTotal:     319488 kB
VmallocUsed:       13236 kB
VmallocChunk:     202764 kB
Time pass: 132 sec

---2015-12-04 23:55:29
MemTotal:        1386568 kB
MemFree:           59920 kB
Buffers:           11736 kB
Cached:           546028 kB
SwapCached:         5112 kB
Active:           483936 kB
Inactive:         509336 kB
Active(anon):     207888 kB
Inactive(anon):   232244 kB
Active(file):     276048 kB
Inactive(file):   277092 kB
Unevictable:        3128 kB
Mlocked:               0 kB
HighTotal:        849920 kB
HighFree:           8772 kB
LowTotal:         536648 kB
LowFree:           51148 kB
SwapTotal:        786428 kB
SwapFree:         730500 kB
Dirty:                64 kB
Writeback:             0 kB
AnonPages:        436840 kB
Mapped:           323024 kB
Shmem:              1496 kB
Slab:              53052 kB
SReclaimable:      17108 kB
SUnreclaim:        35944 kB
KernelStack:       11736 kB
PageTables:        33496 kB
NFS_Unstable:          0 kB
Bounce:                0 kB
WritebackTmp:          0 kB
CommitLimit:     1479712 kB
Committed_AS:   73478912 kB
VmallocTotal:     319488 kB
VmallocUsed:       13372 kB
VmallocChunk:     202764 kB
Time pass: 136 sec

---2015-12-04 23:55:29
MemTotal:        1386568 kB
MemFree:           58652 kB
Buffers:           11784 kB
Cached:           546184 kB
SwapCached:         5108 kB
Active:           487896 kB
Inactive:         509520 kB
Active(anon):     211848 kB
Inactive(anon):   232396 kB
Active(file):     276048 kB
Inactive(file):   277124 kB
Unevictable:        3128 kB
Mlocked:               0 kB
HighTotal:        849920 kB
HighFree:          11428 kB
LowTotal:         536648 kB
LowFree:           47224 kB
SwapTotal:        786428 kB
SwapFree:         730532 kB
Dirty:                48 kB
Writeback:             0 kB
AnonPages:        440580 kB
Mapped:           321008 kB
Shmem:              1668 kB
Slab:              52860 kB
SReclaimable:      17108 kB
SUnreclaim:        35752 kB
KernelStack:       11744 kB
PageTables:        33552 kB
NFS_Unstable:          0 kB
Bounce:                0 kB
WritebackTmp:          0 kB
CommitLimit:     1479712 kB
Committed_AS:   73483216 kB
VmallocTotal:     319488 kB
VmallocUsed:       13372 kB
VmallocChunk:     202764 kB
Time pass: 141 sec

---2015-12-04 23:55:29
MemTotal:        1386568 kB
MemFree:           56488 kB
Buffers:           11800 kB
Cached:           546220 kB
SwapCached:         5108 kB
Active:           489748 kB
Inactive:         509572 kB
Active(anon):     213700 kB
Inactive(anon):   232416 kB
Active(file):     276048 kB
Inactive(file):   277156 kB
Unevictable:        3128 kB
Mlocked:               0 kB
HighTotal:        849920 kB
HighFree:           8760 kB
LowTotal:         536648 kB
LowFree:           47728 kB
SwapTotal:        786428 kB
SwapFree:         730544 kB
Dirty:                 0 kB
Writeback:             0 kB
AnonPages:        442568 kB
Mapped:           321028 kB
Shmem:              1688 kB
Slab:              52860 kB
SReclaimable:      17108 kB
SUnreclaim:        35752 kB
KernelStack:       11712 kB
PageTables:        33564 kB
NFS_Unstable:          0 kB
Bounce:                0 kB
WritebackTmp:          0 kB
CommitLimit:     1479712 kB
Committed_AS:   73487408 kB
VmallocTotal:     319488 kB
VmallocUsed:       13372 kB
VmallocChunk:     202764 kB
Time pass: 145 sec

---2015-12-04 23:55:29
MemTotal:        1386568 kB
MemFree:           56008 kB
Buffers:           11816 kB
Cached:           546248 kB
SwapCached:         5108 kB
Active:           490404 kB
Inactive:         509592 kB
Active(anon):     214356 kB
Inactive(anon):   232420 kB
Active(file):     276048 kB
Inactive(file):   277172 kB
Unevictable:        3128 kB
Mlocked:               0 kB
HighTotal:        849920 kB
HighFree:           9332 kB
LowTotal:         536648 kB
LowFree:           46676 kB
SwapTotal:        786428 kB
SwapFree:         730568 kB
Dirty:                40 kB
Writeback:             0 kB
AnonPages:        443004 kB
Mapped:           321056 kB
Shmem:              1716 kB
Slab:              52724 kB
SReclaimable:      17108 kB
SUnreclaim:        35616 kB
KernelStack:       11640 kB
PageTables:        33552 kB
NFS_Unstable:          0 kB
Bounce:                0 kB
WritebackTmp:          0 kB
CommitLimit:     1479712 kB
Committed_AS:   73487328 kB
VmallocTotal:     319488 kB
VmallocUsed:       13372 kB
VmallocChunk:     202764 kB
Time pass: 149 sec

---2015-12-04 23:55:29
MemTotal:        1386568 kB
MemFree:           56168 kB
Buffers:           11824 kB
Cached:           546252 kB
SwapCached:         5108 kB
Active:           490560 kB
Inactive:         509604 kB
Active(anon):     214512 kB
Inactive(anon):   232424 kB
Active(file):     276048 kB
Inactive(file):   277180 kB
Unevictable:        3128 kB
Mlocked:               0 kB
HighTotal:        849920 kB
HighFree:           9832 kB
LowTotal:         536648 kB
LowFree:           46336 kB
SwapTotal:        786428 kB
SwapFree:         730568 kB
Dirty:                40 kB
Writeback:             0 kB
AnonPages:        443208 kB
Mapped:           321060 kB
Shmem:              1720 kB
Slab:              52820 kB
SReclaimable:      17108 kB
SUnreclaim:        35712 kB
KernelStack:       11656 kB
PageTables:        33548 kB
NFS_Unstable:          0 kB
Bounce:                0 kB
WritebackTmp:          0 kB
CommitLimit:     1479712 kB
Committed_AS:   73487512 kB
VmallocTotal:     319488 kB
VmallocUsed:       13372 kB
VmallocChunk:     202764 kB
Time pass: 152 sec

---2015-12-04 23:55:29
MemTotal:        1386568 kB
MemFree:           55984 kB
Buffers:           11840 kB
Cached:           546268 kB
SwapCached:         5104 kB
Active:           490836 kB
Inactive:         509544 kB
Active(anon):     214788 kB
Inactive(anon):   232348 kB
Active(file):     276048 kB
Inactive(file):   277196 kB
Unevictable:        3128 kB
Mlocked:               0 kB
HighTotal:        849920 kB
HighFree:           9996 kB
LowTotal:         536648 kB
LowFree:           45988 kB
SwapTotal:        786428 kB
SwapFree:         730632 kB
Dirty:                40 kB
Writeback:             0 kB
AnonPages:        443576 kB
Mapped:           321024 kB
Shmem:              1732 kB
Slab:              52816 kB
SReclaimable:      17108 kB
SUnreclaim:        35708 kB
KernelStack:       11640 kB
PageTables:        33540 kB
NFS_Unstable:          0 kB
Bounce:                0 kB
WritebackTmp:          0 kB
CommitLimit:     1479712 kB
Committed_AS:   73487560 kB
VmallocTotal:     319488 kB
VmallocUsed:       13304 kB
VmallocChunk:     202764 kB
Time pass: 157 sec

---2015-12-04 23:55:29
MemTotal:        1386568 kB
MemFree:           54136 kB
Buffers:           11864 kB
Cached:           546276 kB
SwapCached:         5104 kB
Active:           492484 kB
Inactive:         509460 kB
Active(anon):     216432 kB
Inactive(anon):   232240 kB
Active(file):     276052 kB
Inactive(file):   277220 kB
Unevictable:        3128 kB
Mlocked:               0 kB
HighTotal:        849920 kB
HighFree:           9384 kB
LowTotal:         536648 kB
LowFree:           44752 kB
SwapTotal:        786428 kB
SwapFree:         730644 kB
Dirty:                24 kB
Writeback:             0 kB
AnonPages:        444976 kB
Mapped:           321080 kB
Shmem:              1740 kB
Slab:              52752 kB
SReclaimable:      17108 kB
SUnreclaim:        35644 kB
KernelStack:       11640 kB
PageTables:        33540 kB
NFS_Unstable:          0 kB
Bounce:                0 kB
WritebackTmp:          0 kB
CommitLimit:     1479712 kB
Committed_AS:   73487784 kB
VmallocTotal:     319488 kB
VmallocUsed:       13372 kB
VmallocChunk:     202764 kB
Time pass: 160 sec

---2015-12-04 23:55:29
MemTotal:        1386568 kB
MemFree:           54904 kB
Buffers:           11872 kB
Cached:           546276 kB
SwapCached:         5104 kB
Active:           492648 kB
Inactive:         509424 kB
Active(anon):     216596 kB
Inactive(anon):   232196 kB
Active(file):     276052 kB
Inactive(file):   277228 kB
Unevictable:        3128 kB
Mlocked:               0 kB
HighTotal:        849920 kB
HighFree:          10140 kB
LowTotal:         536648 kB
LowFree:           44764 kB
SwapTotal:        786428 kB
SwapFree:         730696 kB
Dirty:                28 kB
Writeback:             0 kB
AnonPages:        445128 kB
Mapped:           321036 kB
Shmem:              1740 kB
Slab:              52880 kB
SReclaimable:      17108 kB
SUnreclaim:        35772 kB
KernelStack:       11560 kB
PageTables:        33544 kB
NFS_Unstable:          0 kB
Bounce:                0 kB
WritebackTmp:          0 kB
CommitLimit:     1479712 kB
Committed_AS:   73492016 kB
VmallocTotal:     319488 kB
VmallocUsed:       13236 kB
VmallocChunk:     202764 kB
Time pass: 164 sec

---2015-12-04 23:55:29
MemTotal:        1386568 kB
MemFree:           53972 kB
Buffers:           11888 kB
Cached:           546288 kB
SwapCached:         5104 kB
Active:           493052 kB
Inactive:         509444 kB
Active(anon):     217000 kB
Inactive(anon):   232200 kB
Active(file):     276052 kB
Inactive(file):   277244 kB
Unevictable:        3128 kB
Mlocked:               0 kB
HighTotal:        849920 kB
HighFree:           9932 kB
LowTotal:         536648 kB
LowFree:           44040 kB
SwapTotal:        786428 kB
SwapFree:         730696 kB
Dirty:                40 kB
Writeback:             0 kB
AnonPages:        445440 kB
Mapped:           320948 kB
Shmem:              1752 kB
Slab:              52808 kB
SReclaimable:      17100 kB
SUnreclaim:        35708 kB
KernelStack:       11632 kB
PageTables:        33540 kB
NFS_Unstable:          0 kB
Bounce:                0 kB
WritebackTmp:          0 kB
CommitLimit:     1479712 kB
Committed_AS:   73492040 kB
VmallocTotal:     319488 kB
VmallocUsed:       13372 kB
VmallocChunk:     202764 kB
Time pass: 168 sec

---2015-12-04 23:55:29
MemTotal:        1386568 kB
MemFree:           54324 kB
Buffers:           11896 kB
Cached:           546288 kB
SwapCached:         5104 kB
Active:           493304 kB
Inactive:         509408 kB
Active(anon):     217252 kB
Inactive(anon):   232164 kB
Active(file):     276052 kB
Inactive(file):   277244 kB
Unevictable:        3128 kB
Mlocked:               0 kB
HighTotal:        849920 kB
HighFree:           9984 kB
LowTotal:         536648 kB
LowFree:           44340 kB
SwapTotal:        786428 kB
SwapFree:         730696 kB
Dirty:                28 kB
Writeback:             0 kB
AnonPages:        445700 kB
Mapped:           321048 kB
Shmem:              1752 kB
Slab:              52808 kB
SReclaimable:      17100 kB
SUnreclaim:        35708 kB
KernelStack:       11592 kB
PageTables:        33544 kB
NFS_Unstable:          0 kB
Bounce:                0 kB
WritebackTmp:          0 kB
CommitLimit:     1479712 kB
Committed_AS:   73492248 kB
VmallocTotal:     319488 kB
VmallocUsed:       13304 kB
VmallocChunk:     202764 kB
Time pass: 172 sec

---2015-12-04 23:55:29
MemTotal:        1386568 kB
MemFree:           53720 kB
Buffers:           11912 kB
Cached:           546320 kB
SwapCached:         5104 kB
Active:           493448 kB
Inactive:         509420 kB
Active(anon):     217396 kB
Inactive(anon):   232152 kB
Active(file):     276052 kB
Inactive(file):   277268 kB
Unevictable:        3128 kB
Mlocked:               0 kB
HighTotal:        849920 kB
HighFree:           8928 kB
LowTotal:         536648 kB
LowFree:           44792 kB
SwapTotal:        786428 kB
SwapFree:         730696 kB
Dirty:                40 kB
Writeback:             0 kB
AnonPages:        445820 kB
Mapped:           321080 kB
Shmem:              1784 kB
Slab:              52808 kB
SReclaimable:      17100 kB
SUnreclaim:        35708 kB
KernelStack:       11592 kB
PageTables:        33544 kB
NFS_Unstable:          0 kB
Bounce:                0 kB
WritebackTmp:          0 kB
CommitLimit:     1479712 kB
Committed_AS:   73492352 kB
VmallocTotal:     319488 kB
VmallocUsed:       13304 kB
VmallocChunk:     202764 kB
Time pass: 176 sec

---2015-12-04 23:55:29
MemTotal:        1386568 kB
MemFree:           53536 kB
Buffers:           11920 kB
Cached:           546392 kB
SwapCached:         5104 kB
Active:           493072 kB
Inactive:         509500 kB
Active(anon):     217020 kB
Inactive(anon):   232224 kB
Active(file):     276052 kB
Inactive(file):   277276 kB
Unevictable:        3128 kB
Mlocked:               0 kB
HighTotal:        849920 kB
HighFree:           8712 kB
LowTotal:         536648 kB
LowFree:           44824 kB
SwapTotal:        786428 kB
SwapFree:         730696 kB
Dirty:                28 kB
Writeback:             0 kB
AnonPages:        445384 kB
Mapped:           321200 kB
Shmem:              1856 kB
Slab:              52840 kB
SReclaimable:      17100 kB
SUnreclaim:        35740 kB
KernelStack:       11632 kB
PageTables:        33544 kB
NFS_Unstable:          0 kB
Bounce:                0 kB
WritebackTmp:          0 kB
CommitLimit:     1479712 kB
Committed_AS:   73492616 kB
VmallocTotal:     319488 kB
VmallocUsed:       13372 kB
VmallocChunk:     202764 kB
Time pass: 180 sec

---2015-12-04 23:55:29
MemTotal:        1386568 kB
MemFree:           53704 kB
Buffers:           11936 kB
Cached:           546488 kB
SwapCached:         5116 kB
Active:           493248 kB
Inactive:         509644 kB
Active(anon):     217196 kB
Inactive(anon):   232352 kB
Active(file):     276052 kB
Inactive(file):   277292 kB
Unevictable:        3128 kB
Mlocked:               0 kB
HighTotal:        849920 kB
HighFree:           8712 kB
LowTotal:         536648 kB
LowFree:           44992 kB
SwapTotal:        786428 kB
SwapFree:         730720 kB
Dirty:                40 kB
Writeback:             0 kB
AnonPages:        445592 kB
Mapped:           321248 kB
Shmem:              1952 kB
Slab:              52812 kB
SReclaimable:      17100 kB
SUnreclaim:        35712 kB
KernelStack:       11584 kB
PageTables:        33544 kB
NFS_Unstable:          0 kB
Bounce:                0 kB
WritebackTmp:          0 kB
CommitLimit:     1479712 kB
Committed_AS:   73492680 kB
VmallocTotal:     319488 kB
VmallocUsed:       13304 kB
VmallocChunk:     202764 kB
Time pass: 184 sec

---2015-12-04 23:55:29
MemTotal:        1386568 kB
MemFree:           52648 kB
Buffers:           11952 kB
Cached:           546488 kB
SwapCached:         5116 kB
Active:           493316 kB
Inactive:         509660 kB
Active(anon):     217264 kB
Inactive(anon):   232352 kB
Active(file):     276052 kB
Inactive(file):   277308 kB
Unevictable:        3128 kB
Mlocked:               0 kB
HighTotal:        849920 kB
HighFree:           8808 kB
LowTotal:         536648 kB
LowFree:           43840 kB
SwapTotal:        786428 kB
SwapFree:         730720 kB
Dirty:                40 kB
Writeback:             0 kB
AnonPages:        445824 kB
Mapped:           321296 kB
Shmem:              1952 kB
Slab:              52876 kB
SReclaimable:      17100 kB
SUnreclaim:        35776 kB
KernelStack:       11624 kB
PageTables:        33544 kB
NFS_Unstable:          0 kB
Bounce:                0 kB
WritebackTmp:          0 kB
CommitLimit:     1479712 kB
Committed_AS:   73492752 kB
VmallocTotal:     319488 kB
VmallocUsed:       13372 kB
VmallocChunk:     202764 kB
Time pass: 188 sec

---2015-12-04 23:55:29
MemTotal:        1386568 kB
MemFree:           52632 kB
Buffers:           11960 kB
Cached:           546644 kB
SwapCached:         5120 kB
Active:           493784 kB
Inactive:         509788 kB
Active(anon):     217688 kB
Inactive(anon):   232368 kB
Active(file):     276096 kB
Inactive(file):   277420 kB
Unevictable:        3128 kB
Mlocked:               0 kB
HighTotal:        849920 kB
HighFree:           8784 kB
LowTotal:         536648 kB
LowFree:           43848 kB
SwapTotal:        786428 kB
SwapFree:         730796 kB
Dirty:                32 kB
Writeback:             0 kB
AnonPages:        446092 kB
Mapped:           321308 kB
Shmem:              1952 kB
Slab:              52688 kB
SReclaimable:      17100 kB
SUnreclaim:        35588 kB
KernelStack:       11576 kB
PageTables:        33544 kB
NFS_Unstable:          0 kB
Bounce:                0 kB
WritebackTmp:          0 kB
CommitLimit:     1479712 kB
Committed_AS:   73492936 kB
VmallocTotal:     319488 kB
VmallocUsed:       13372 kB
VmallocChunk:     202764 kB
Time pass: 192 sec

---2015-12-04 23:55:29
MemTotal:        1386568 kB
MemFree:           51972 kB
Buffers:           11976 kB
Cached:           546660 kB
SwapCached:         5120 kB
Active:           494252 kB
Inactive:         509828 kB
Active(anon):     218156 kB
Inactive(anon):   232384 kB
Active(file):     276096 kB
Inactive(file):   277444 kB
Unevictable:        3128 kB
Mlocked:               0 kB
HighTotal:        849920 kB
HighFree:           9148 kB
LowTotal:         536648 kB
LowFree:           42824 kB
SwapTotal:        786428 kB
SwapFree:         730796 kB
Dirty:                44 kB
Writeback:             0 kB
AnonPages:        446564 kB
Mapped:           321292 kB
Shmem:              1968 kB
Slab:              52976 kB
SReclaimable:      17100 kB
SUnreclaim:        35876 kB
KernelStack:       11576 kB
PageTables:        33544 kB
NFS_Unstable:          0 kB
Bounce:                0 kB
WritebackTmp:          0 kB
CommitLimit:     1479712 kB
Committed_AS:   73493056 kB
VmallocTotal:     319488 kB
VmallocUsed:       13304 kB
VmallocChunk:     202764 kB
Time pass: 195 sec

---2015-12-04 23:55:29
MemTotal:        1386568 kB
MemFree:           51344 kB
Buffers:           11984 kB
Cached:           546652 kB
SwapCached:         5120 kB
Active:           494368 kB
Inactive:         509560 kB
Active(anon):     218272 kB
Inactive(anon):   232116 kB
Active(file):     276096 kB
Inactive(file):   277444 kB
Unevictable:        3128 kB
Mlocked:               0 kB
HighTotal:        849920 kB
HighFree:           8736 kB
LowTotal:         536648 kB
LowFree:           42608 kB
SwapTotal:        786428 kB
SwapFree:         730812 kB
Dirty:                 4 kB
Writeback:             0 kB
AnonPages:        446356 kB
Mapped:           321340 kB
Shmem:              1968 kB
Slab:              52944 kB
SReclaimable:      17100 kB
SUnreclaim:        35844 kB
KernelStack:       11408 kB
PageTables:        33512 kB
NFS_Unstable:          0 kB
Bounce:                0 kB
WritebackTmp:          0 kB
CommitLimit:     1479712 kB
Committed_AS:   73492744 kB
VmallocTotal:     319488 kB
VmallocUsed:       13372 kB
VmallocChunk:     202764 kB
Time pass: 199 sec

---2015-12-04 23:55:29
MemTotal:        1386568 kB
MemFree:           50624 kB
Buffers:           12000 kB
Cached:           546660 kB
SwapCached:         5120 kB
Active:           494588 kB
Inactive:         509584 kB
Active(anon):     218492 kB
Inactive(anon):   232116 kB
Active(file):     276096 kB
Inactive(file):   277468 kB
Unevictable:        3128 kB
Mlocked:               0 kB
HighTotal:        849920 kB
HighFree:           9212 kB
LowTotal:         536648 kB
LowFree:           41412 kB
SwapTotal:        786428 kB
SwapFree:         730812 kB
Dirty:                 0 kB
Writeback:            12 kB
AnonPages:        446720 kB
Mapped:           321340 kB
Shmem:              1968 kB
Slab:              52944 kB
SReclaimable:      17100 kB
SUnreclaim:        35844 kB
KernelStack:       11416 kB
PageTables:        33512 kB
NFS_Unstable:          0 kB
Bounce:                0 kB
WritebackTmp:          0 kB
CommitLimit:     1479712 kB
Committed_AS:   73492784 kB
VmallocTotal:     319488 kB
VmallocUsed:       13372 kB
VmallocChunk:     202764 kB
Time pass: 203 sec

---2015-12-04 23:55:29
MemTotal:        1386568 kB
MemFree:           51264 kB
Buffers:           12000 kB
Cached:           546660 kB
SwapCached:         5120 kB
Active:           494916 kB
Inactive:         509568 kB
Active(anon):     218820 kB
Inactive(anon):   232100 kB
Active(file):     276096 kB
Inactive(file):   277468 kB
Unevictable:        3128 kB
Mlocked:               0 kB
HighTotal:        849920 kB
HighFree:           9424 kB
LowTotal:         536648 kB
LowFree:           41840 kB
SwapTotal:        786428 kB
SwapFree:         730824 kB
Dirty:                 0 kB
Writeback:             0 kB
AnonPages:        447104 kB
Mapped:           321340 kB
Shmem:              1968 kB
Slab:              52880 kB
SReclaimable:      17100 kB
SUnreclaim:        35780 kB
KernelStack:       11384 kB
PageTables:        33512 kB
NFS_Unstable:          0 kB
Bounce:                0 kB
WritebackTmp:          0 kB
CommitLimit:     1479712 kB
Committed_AS:   73492856 kB
VmallocTotal:     319488 kB
VmallocUsed:       13372 kB
VmallocChunk:     202764 kB
Time pass: 207 sec

---2015-12-04 23:55:29
MemTotal:        1386568 kB
MemFree:           50448 kB
Buffers:           12024 kB
Cached:           546660 kB
SwapCached:         5120 kB
Active:           495532 kB
Inactive:         509576 kB
Active(anon):     219436 kB
Inactive(anon):   232084 kB
Active(file):     276096 kB
Inactive(file):   277492 kB
Unevictable:        3128 kB
Mlocked:               0 kB
HighTotal:        849920 kB
HighFree:           9060 kB
LowTotal:         536648 kB
LowFree:           41388 kB
SwapTotal:        786428 kB
SwapFree:         730828 kB
Dirty:                36 kB
Writeback:             0 kB
AnonPages:        447448 kB
Mapped:           321192 kB
Shmem:              1968 kB
Slab:              53040 kB
SReclaimable:      17100 kB
SUnreclaim:        35940 kB
KernelStack:       11432 kB
PageTables:        33512 kB
NFS_Unstable:          0 kB
Bounce:                0 kB
WritebackTmp:          0 kB
CommitLimit:     1479712 kB
Committed_AS:   73492968 kB
VmallocTotal:     319488 kB
VmallocUsed:       13372 kB
VmallocChunk:     202764 kB
Time pass: 211 sec

---2015-12-04 23:55:29
MemTotal:        1386568 kB
MemFree:           50364 kB
Buffers:           12040 kB
Cached:           546660 kB
SwapCached:         5116 kB
Active:           495832 kB
Inactive:         509572 kB
Active(anon):     219732 kB
Inactive(anon):   232072 kB
Active(file):     276100 kB
Inactive(file):   277500 kB
Unevictable:        3128 kB
Mlocked:               0 kB
HighTotal:        849920 kB
HighFree:           8772 kB
LowTotal:         536648 kB
LowFree:           41592 kB
SwapTotal:        786428 kB
SwapFree:         730836 kB
Dirty:                32 kB
Writeback:             0 kB
AnonPages:        447788 kB
Mapped:           321340 kB
Shmem:              1968 kB
Slab:              52944 kB
SReclaimable:      17100 kB
SUnreclaim:        35844 kB
KernelStack:       11432 kB
PageTables:        33512 kB
NFS_Unstable:          0 kB
Bounce:                0 kB
WritebackTmp:          0 kB
CommitLimit:     1479712 kB
Committed_AS:   73493168 kB
VmallocTotal:     319488 kB
VmallocUsed:       13372 kB
VmallocChunk:     202764 kB
Time pass: 215 sec

---2015-12-04 23:55:29
MemTotal:        1386568 kB
MemFree:           44756 kB
Buffers:           12104 kB
Cached:           548120 kB
SwapCached:         5112 kB
Active:           499776 kB
Inactive:         510648 kB
Active(anon):     223396 kB
Inactive(anon):   231996 kB
Active(file):     276380 kB
Inactive(file):   278652 kB
Unevictable:        3128 kB
Mlocked:               0 kB
HighTotal:        849920 kB
HighFree:           8704 kB
LowTotal:         536648 kB
LowFree:           36052 kB
SwapTotal:        786428 kB
SwapFree:         730848 kB
Dirty:               120 kB
Writeback:             4 kB
AnonPages:        451412 kB
Mapped:           321628 kB
Shmem:              1968 kB
Slab:              53060 kB
SReclaimable:      17116 kB
SUnreclaim:        35944 kB
KernelStack:       11512 kB
PageTables:        33944 kB
NFS_Unstable:          0 kB
Bounce:                0 kB
WritebackTmp:          0 kB
CommitLimit:     1479712 kB
Committed_AS:   74732680 kB
VmallocTotal:     319488 kB
VmallocUsed:       13372 kB
VmallocChunk:     202764 kB
Time pass: 218 sec

---2015-12-04 23:55:29
MemTotal:        1386568 kB
MemFree:           43600 kB
Buffers:           12120 kB
Cached:           548096 kB
SwapCached:         5112 kB
Active:           499924 kB
Inactive:         510628 kB
Active(anon):     223528 kB
Inactive(anon):   231904 kB
Active(file):     276396 kB
Inactive(file):   278724 kB
Unevictable:        3128 kB
Mlocked:               0 kB
HighTotal:        849920 kB
HighFree:           8824 kB
LowTotal:         536648 kB
LowFree:           34776 kB
SwapTotal:        786428 kB
SwapFree:         730848 kB
Dirty:               104 kB
Writeback:             0 kB
AnonPages:        451600 kB
Mapped:           321644 kB
Shmem:              1968 kB
Slab:              53136 kB
SReclaimable:      17116 kB
SUnreclaim:        36020 kB
KernelStack:       11464 kB
PageTables:        33936 kB
NFS_Unstable:          0 kB
Bounce:                0 kB
WritebackTmp:          0 kB
CommitLimit:     1479712 kB
Committed_AS:   74732808 kB
VmallocTotal:     319488 kB
VmallocUsed:       13372 kB
VmallocChunk:     202764 kB
Time pass: 222 sec

---2015-12-04 23:55:29
MemTotal:        1386568 kB
MemFree:           49824 kB
Buffers:           12128 kB
Cached:           548148 kB
SwapCached:         5112 kB
Active:           495184 kB
Inactive:         510216 kB
Active(anon):     218504 kB
Inactive(anon):   231736 kB
Active(file):     276680 kB
Inactive(file):   278480 kB
Unevictable:        3128 kB
Mlocked:               0 kB
HighTotal:        849920 kB
HighFree:          11372 kB
LowTotal:         536648 kB
LowFree:           38452 kB
SwapTotal:        786428 kB
SwapFree:         730848 kB
Dirty:                60 kB
Writeback:             0 kB
AnonPages:        446260 kB
Mapped:           321300 kB
Shmem:              1988 kB
Slab:              52976 kB
SReclaimable:      17116 kB
SUnreclaim:        35860 kB
KernelStack:       11400 kB
PageTables:        33952 kB
NFS_Unstable:          0 kB
Bounce:                0 kB
WritebackTmp:          0 kB
CommitLimit:     1479712 kB
Committed_AS:   74733296 kB
VmallocTotal:     319488 kB
VmallocUsed:       13372 kB
VmallocChunk:     202764 kB
Time pass: 226 sec

---2015-12-04 23:55:29
MemTotal:        1386568 kB
MemFree:           48768 kB
Buffers:           12152 kB
Cached:           548144 kB
SwapCached:         5112 kB
Active:           495980 kB
Inactive:         510232 kB
Active(anon):     219300 kB
Inactive(anon):   231732 kB
Active(file):     276680 kB
Inactive(file):   278500 kB
Unevictable:        3128 kB
Mlocked:               0 kB
HighTotal:        849920 kB
HighFree:          10064 kB
LowTotal:         536648 kB
LowFree:           38704 kB
SwapTotal:        786428 kB
SwapFree:         730848 kB
Dirty:                60 kB
Writeback:             0 kB
AnonPages:        447128 kB
Mapped:           321452 kB
Shmem:              1988 kB
Slab:              52944 kB
SReclaimable:      17116 kB
SUnreclaim:        35828 kB
KernelStack:       11432 kB
PageTables:        33952 kB
NFS_Unstable:          0 kB
Bounce:                0 kB
WritebackTmp:          0 kB
CommitLimit:     1479712 kB
Committed_AS:   74733552 kB
VmallocTotal:     319488 kB
VmallocUsed:       13372 kB
VmallocChunk:     202764 kB
Time pass: 230 sec

---2015-12-04 23:55:29
MemTotal:        1386568 kB
MemFree:           48452 kB
Buffers:           12152 kB
Cached:           548168 kB
SwapCached:         5112 kB
Active:           496416 kB
Inactive:         510256 kB
Active(anon):     219736 kB
Inactive(anon):   231732 kB
Active(file):     276680 kB
Inactive(file):   278524 kB
Unevictable:        3128 kB
Mlocked:               0 kB
HighTotal:        849920 kB
HighFree:           8940 kB
LowTotal:         536648 kB
LowFree:           39512 kB
SwapTotal:        786428 kB
SwapFree:         730848 kB
Dirty:                68 kB
Writeback:             0 kB
AnonPages:        447664 kB
Mapped:           321452 kB
Shmem:              1988 kB
Slab:              53072 kB
SReclaimable:      17116 kB
SUnreclaim:        35956 kB
KernelStack:       11400 kB
PageTables:        33952 kB
NFS_Unstable:          0 kB
Bounce:                0 kB
WritebackTmp:          0 kB
CommitLimit:     1479712 kB
Committed_AS:   74733516 kB
VmallocTotal:     319488 kB
VmallocUsed:       13372 kB
VmallocChunk:     202764 kB
Time pass: 234 sec

---2015-12-04 23:55:29
MemTotal:        1386568 kB
MemFree:           47728 kB
Buffers:           12168 kB
Cached:           548356 kB
SwapCached:         5112 kB
Active:           497148 kB
Inactive:         510344 kB
Active(anon):     220468 kB
Inactive(anon):   231616 kB
Active(file):     276680 kB
Inactive(file):   278728 kB
Unevictable:        3128 kB
Mlocked:               0 kB
HighTotal:        849920 kB
HighFree:           8932 kB
LowTotal:         536648 kB
LowFree:           38796 kB
SwapTotal:        786428 kB
SwapFree:         730848 kB
Dirty:                 0 kB
Writeback:             0 kB
AnonPages:        448140 kB
Mapped:           321352 kB
Shmem:              1988 kB
Slab:              53060 kB
SReclaimable:      17132 kB
SUnreclaim:        35928 kB
KernelStack:       11424 kB
PageTables:        33968 kB
NFS_Unstable:          0 kB
Bounce:                0 kB
WritebackTmp:          0 kB
CommitLimit:     1479712 kB
Committed_AS:   74739316 kB
VmallocTotal:     319488 kB
VmallocUsed:       13372 kB
VmallocChunk:     202764 kB
Time pass: 238 sec

---2015-12-04 23:55:29
MemTotal:        1386568 kB
MemFree:           48368 kB
Buffers:           12192 kB
Cached:           548340 kB
SwapCached:         5112 kB
Active:           496376 kB
Inactive:         510352 kB
Active(anon):     219696 kB
Inactive(anon):   231616 kB
Active(file):     276680 kB
Inactive(file):   278736 kB
Unevictable:        3128 kB
Mlocked:               0 kB
HighTotal:        849920 kB
HighFree:          12516 kB
LowTotal:         536648 kB
LowFree:           35852 kB
SwapTotal:        786428 kB
SwapFree:         730848 kB
Dirty:                44 kB
Writeback:             0 kB
AnonPages:        447436 kB
Mapped:           321500 kB
Shmem:              1988 kB
Slab:              52932 kB
SReclaimable:      17132 kB
SUnreclaim:        35800 kB
KernelStack:       11424 kB
PageTables:        33968 kB
NFS_Unstable:          0 kB
Bounce:                0 kB
WritebackTmp:          0 kB
CommitLimit:     1479712 kB
Committed_AS:   74739636 kB
VmallocTotal:     319488 kB
VmallocUsed:       13372 kB
VmallocChunk:     202764 kB
Time pass: 242 sec

---2015-12-04 23:55:29
MemTotal:        1386568 kB
MemFree:           48732 kB
Buffers:           12192 kB
Cached:           548356 kB
SwapCached:         5112 kB
Active:           496340 kB
Inactive:         510368 kB
Active(anon):     219660 kB
Inactive(anon):   231616 kB
Active(file):     276680 kB
Inactive(file):   278752 kB
Unevictable:        3128 kB
Mlocked:               0 kB
HighTotal:        849920 kB
HighFree:          11180 kB
LowTotal:         536648 kB
LowFree:           37552 kB
SwapTotal:        786428 kB
SwapFree:         730848 kB
Dirty:                 0 kB
Writeback:             0 kB
AnonPages:        447216 kB
Mapped:           321452 kB
Shmem:              1988 kB
Slab:              53092 kB
SReclaimable:      17132 kB
SUnreclaim:        35960 kB
KernelStack:       11368 kB
PageTables:        33968 kB
NFS_Unstable:          0 kB
Bounce:                0 kB
WritebackTmp:          0 kB
CommitLimit:     1479712 kB
Committed_AS:   74739728 kB
VmallocTotal:     319488 kB
VmallocUsed:       13304 kB
VmallocChunk:     202764 kB
Time pass: 246 sec

---2015-12-04 23:55:29
MemTotal:        1386568 kB
MemFree:           47760 kB
Buffers:           12216 kB
Cached:           548340 kB
SwapCached:         5112 kB
Active:           497108 kB
Inactive:         510376 kB
Active(anon):     220428 kB
Inactive(anon):   231616 kB
Active(file):     276680 kB
Inactive(file):   278760 kB
Unevictable:        3128 kB
Mlocked:               0 kB
HighTotal:        849920 kB
HighFree:          10344 kB
LowTotal:         536648 kB
LowFree:           37416 kB
SwapTotal:        786428 kB
SwapFree:         730848 kB
Dirty:                32 kB
Writeback:             0 kB
AnonPages:        448352 kB
Mapped:           321352 kB
Shmem:              1988 kB
Slab:              52932 kB
SReclaimable:      17132 kB
SUnreclaim:        35800 kB
KernelStack:       11376 kB
PageTables:        33968 kB
NFS_Unstable:          0 kB
Bounce:                0 kB
WritebackTmp:          0 kB
CommitLimit:     1479712 kB
Committed_AS:   74739932 kB
VmallocTotal:     319488 kB
VmallocUsed:       13372 kB
VmallocChunk:     202764 kB
Time pass: 250 sec

---2015-12-04 23:55:29
MemTotal:        1386568 kB
MemFree:           46788 kB
Buffers:           12216 kB
Cached:           548356 kB
SwapCached:         5112 kB
Active:           497432 kB
Inactive:         510392 kB
Active(anon):     220752 kB
Inactive(anon):   231616 kB
Active(file):     276680 kB
Inactive(file):   278776 kB
Unevictable:        3128 kB
Mlocked:               0 kB
HighTotal:        849920 kB
HighFree:           8776 kB
LowTotal:         536648 kB
LowFree:           38012 kB
SwapTotal:        786428 kB
SwapFree:         730848 kB
Dirty:                 0 kB
Writeback:             0 kB
AnonPages:        448816 kB
Mapped:           321500 kB
Shmem:              1988 kB
Slab:              53108 kB
SReclaimable:      17132 kB
SUnreclaim:        35976 kB
KernelStack:       11384 kB
PageTables:        33968 kB
NFS_Unstable:          0 kB
Bounce:                0 kB
WritebackTmp:          0 kB
CommitLimit:     1479712 kB
Committed_AS:   74740048 kB
VmallocTotal:     319488 kB
VmallocUsed:       13372 kB
VmallocChunk:     202764 kB
Time pass: 254 sec

---2015-12-04 23:55:29
MemTotal:        1386568 kB
MemFree:           47440 kB
Buffers:           12240 kB
Cached:           548340 kB
SwapCached:         5112 kB
Active:           497268 kB
Inactive:         510400 kB
Active(anon):     220588 kB
Inactive(anon):   231616 kB
Active(file):     276680 kB
Inactive(file):   278784 kB
Unevictable:        3128 kB
Mlocked:               0 kB
HighTotal:        849920 kB
HighFree:           8760 kB
LowTotal:         536648 kB
LowFree:           38680 kB
SwapTotal:        786428 kB
SwapFree:         730848 kB
Dirty:                28 kB
Writeback:             0 kB
AnonPages:        448500 kB
Mapped:           321500 kB
Shmem:              1988 kB
Slab:              52948 kB
SReclaimable:      17132 kB
SUnreclaim:        35816 kB
KernelStack:       11384 kB
PageTables:        33968 kB
NFS_Unstable:          0 kB
Bounce:                0 kB
WritebackTmp:          0 kB
CommitLimit:     1479712 kB
Committed_AS:   74740068 kB
VmallocTotal:     319488 kB
VmallocUsed:       13372 kB
VmallocChunk:     202764 kB
Time pass: 258 sec

---2015-12-04 23:55:29
MemTotal:        1386568 kB
MemFree:           47424 kB
Buffers:           12248 kB
Cached:           548348 kB
SwapCached:         5112 kB
Active:           497412 kB
Inactive:         510416 kB
Active(anon):     220732 kB
Inactive(anon):   231616 kB
Active(file):     276680 kB
Inactive(file):   278800 kB
Unevictable:        3128 kB
Mlocked:               0 kB
HighTotal:        849920 kB
HighFree:           8900 kB
LowTotal:         536648 kB
LowFree:           38524 kB
SwapTotal:        786428 kB
SwapFree:         730848 kB
Dirty:                 0 kB
Writeback:             0 kB
AnonPages:        448412 kB
Mapped:           321500 kB
Shmem:              1988 kB
Slab:              53144 kB
SReclaimable:      17132 kB
SUnreclaim:        36012 kB
KernelStack:       11384 kB
PageTables:        33968 kB
NFS_Unstable:          0 kB
Bounce:                0 kB
WritebackTmp:          0 kB
CommitLimit:     1479712 kB
Committed_AS:   74740288 kB
VmallocTotal:     319488 kB
VmallocUsed:       13372 kB
VmallocChunk:     202764 kB
Time pass: 262 sec

---2015-12-04 23:55:29
MemTotal:        1386568 kB
MemFree:           47516 kB
Buffers:           12256 kB
Cached:           548356 kB
SwapCached:         5112 kB
Active:           497424 kB
Inactive:         510420 kB
Active(anon):     220744 kB
Inactive(anon):   231604 kB
Active(file):     276680 kB
Inactive(file):   278816 kB
Unevictable:        3128 kB
Mlocked:               0 kB
HighTotal:        849920 kB
HighFree:           8804 kB
LowTotal:         536648 kB
LowFree:           38712 kB
SwapTotal:        786428 kB
SwapFree:         730852 kB
Dirty:                40 kB
Writeback:             0 kB
AnonPages:        448560 kB
Mapped:           321500 kB
Shmem:              1988 kB
Slab:              53080 kB
SReclaimable:      17132 kB
SUnreclaim:        35948 kB
KernelStack:       11384 kB
PageTables:        33968 kB
NFS_Unstable:          0 kB
Bounce:                0 kB
WritebackTmp:          0 kB
CommitLimit:     1479712 kB
Committed_AS:   74740456 kB
VmallocTotal:     319488 kB
VmallocUsed:       13372 kB
VmallocChunk:     202764 kB
Time pass: 266 sec

---2015-12-04 23:55:29
MemTotal:        1386568 kB
MemFree:           46628 kB
Buffers:           12280 kB
Cached:           548340 kB
SwapCached:         5112 kB
Active:           498648 kB
Inactive:         510408 kB
Active(anon):     221968 kB
Inactive(anon):   231584 kB
Active(file):     276680 kB
Inactive(file):   278824 kB
Unevictable:        3128 kB
Mlocked:               0 kB
HighTotal:        849920 kB
HighFree:           8784 kB
LowTotal:         536648 kB
LowFree:           37844 kB
SwapTotal:        786428 kB
SwapFree:         730852 kB
Dirty:                28 kB
Writeback:             0 kB
AnonPages:        449536 kB
Mapped:           321452 kB
Shmem:              1988 kB
Slab:              53048 kB
SReclaimable:      17132 kB
SUnreclaim:        35916 kB
KernelStack:       11448 kB
PageTables:        33968 kB
NFS_Unstable:          0 kB
Bounce:                0 kB
WritebackTmp:          0 kB
CommitLimit:     1479712 kB
Committed_AS:   74740668 kB
VmallocTotal:     319488 kB
VmallocUsed:       13304 kB
VmallocChunk:     202764 kB
Time pass: 270 sec

---2015-12-04 23:55:29
MemTotal:        1386568 kB
MemFree:           46592 kB
Buffers:           12280 kB
Cached:           548356 kB
SwapCached:         5112 kB
Active:           498408 kB
Inactive:         510416 kB
Active(anon):     221728 kB
Inactive(anon):   231576 kB
Active(file):     276680 kB
Inactive(file):   278840 kB
Unevictable:        3128 kB
Mlocked:               0 kB
HighTotal:        849920 kB
HighFree:           8784 kB
LowTotal:         536648 kB
LowFree:           37808 kB
SwapTotal:        786428 kB
SwapFree:         730864 kB
Dirty:                 0 kB
Writeback:             0 kB
AnonPages:        449340 kB
Mapped:           321500 kB
Shmem:              1988 kB
Slab:              52856 kB
SReclaimable:      17132 kB
SUnreclaim:        35724 kB
KernelStack:       11384 kB
PageTables:        33968 kB
NFS_Unstable:          0 kB
Bounce:                0 kB
WritebackTmp:          0 kB
CommitLimit:     1479712 kB
Committed_AS:   74740776 kB
VmallocTotal:     319488 kB
VmallocUsed:       13372 kB
VmallocChunk:     202764 kB
Time pass: 274 sec

---2015-12-04 23:55:29
MemTotal:        1386568 kB
MemFree:           47136 kB
Buffers:           12304 kB
Cached:           548340 kB
SwapCached:         5112 kB
Active:           498132 kB
Inactive:         510424 kB
Active(anon):     221452 kB
Inactive(anon):   231576 kB
Active(file):     276680 kB
Inactive(file):   278848 kB
Unevictable:        3128 kB
Mlocked:               0 kB
HighTotal:        849920 kB
HighFree:           9192 kB
LowTotal:         536648 kB
LowFree:           37944 kB
SwapTotal:        786428 kB
SwapFree:         730864 kB
Dirty:                28 kB
Writeback:             0 kB
AnonPages:        448956 kB
Mapped:           321500 kB
Shmem:              1988 kB
Slab:              52984 kB
SReclaimable:      17132 kB
SUnreclaim:        35852 kB
KernelStack:       11392 kB
PageTables:        33968 kB
NFS_Unstable:          0 kB
Bounce:                0 kB
WritebackTmp:          0 kB
CommitLimit:     1479712 kB
Committed_AS:   74740816 kB
VmallocTotal:     319488 kB
VmallocUsed:       13372 kB
VmallocChunk:     202764 kB
Time pass: 278 sec

---2015-12-04 23:55:29
MemTotal:        1386568 kB
MemFree:           47188 kB
Buffers:           12304 kB
Cached:           548356 kB
SwapCached:         5112 kB
Active:           498296 kB
Inactive:         510440 kB
Active(anon):     221616 kB
Inactive(anon):   231576 kB
Active(file):     276680 kB
Inactive(file):   278864 kB
Unevictable:        3128 kB
Mlocked:               0 kB
HighTotal:        849920 kB
HighFree:           9340 kB
LowTotal:         536648 kB
LowFree:           37848 kB
SwapTotal:        786428 kB
SwapFree:         730864 kB
Dirty:                 0 kB
Writeback:             0 kB
AnonPages:        449268 kB
Mapped:           321452 kB
Shmem:              1988 kB
Slab:              53128 kB
SReclaimable:      17148 kB
SUnreclaim:        35980 kB
KernelStack:       11392 kB
PageTables:        33972 kB
NFS_Unstable:          0 kB
Bounce:                0 kB
WritebackTmp:          0 kB
CommitLimit:     1479712 kB
Committed_AS:   74740988 kB
VmallocTotal:     319488 kB
VmallocUsed:       13304 kB
VmallocChunk:     202764 kB
Time pass: 282 sec

---2015-12-04 23:55:29
MemTotal:        1386568 kB
MemFree:           47260 kB
Buffers:           12320 kB
Cached:           548356 kB
SwapCached:         5112 kB
Active:           498336 kB
Inactive:         510456 kB
Active(anon):     221656 kB
Inactive(anon):   231576 kB
Active(file):     276680 kB
Inactive(file):   278880 kB
Unevictable:        3128 kB
Mlocked:               0 kB
HighTotal:        849920 kB
HighFree:           9264 kB
LowTotal:         536648 kB
LowFree:           37996 kB
SwapTotal:        786428 kB
SwapFree:         730864 kB
Dirty:                40 kB
Writeback:             0 kB
AnonPages:        449268 kB
Mapped:           321504 kB
Shmem:              1988 kB
Slab:              52996 kB
SReclaimable:      17148 kB
SUnreclaim:        35848 kB
KernelStack:       11376 kB
PageTables:        33968 kB
NFS_Unstable:          0 kB
Bounce:                0 kB
WritebackTmp:          0 kB
CommitLimit:     1479712 kB
Committed_AS:   74741120 kB
VmallocTotal:     319488 kB
VmallocUsed:       13372 kB
VmallocChunk:     202764 kB
Time pass: 286 sec

---2015-12-04 23:55:29
MemTotal:        1386568 kB
MemFree:           45284 kB
Buffers:           12344 kB
Cached:           548340 kB
SwapCached:         5112 kB
Active:           499096 kB
Inactive:         510456 kB
Active(anon):     222416 kB
Inactive(anon):   231568 kB
Active(file):     276680 kB
Inactive(file):   278888 kB
Unevictable:        3128 kB
Mlocked:               0 kB
HighTotal:        849920 kB
HighFree:           8764 kB
LowTotal:         536648 kB
LowFree:           36520 kB
SwapTotal:        786428 kB
SwapFree:         730864 kB
Dirty:                28 kB
Writeback:             0 kB
AnonPages:        450040 kB
Mapped:           321504 kB
Shmem:              1988 kB
Slab:              53060 kB
SReclaimable:      17148 kB
SUnreclaim:        35912 kB
KernelStack:       11376 kB
PageTables:        33968 kB
NFS_Unstable:          0 kB
Bounce:                0 kB
WritebackTmp:          0 kB
CommitLimit:     1479712 kB
Committed_AS:   74741224 kB
VmallocTotal:     319488 kB
VmallocUsed:       13372 kB
VmallocChunk:     202764 kB
Time pass: 290 sec

---2015-12-04 23:55:29
MemTotal:        1386568 kB
MemFree:           46384 kB
Buffers:           12344 kB
Cached:           548356 kB
SwapCached:         5112 kB
Active:           499256 kB
Inactive:         510472 kB
Active(anon):     222576 kB
Inactive(anon):   231568 kB
Active(file):     276680 kB
Inactive(file):   278904 kB
Unevictable:        3128 kB
Mlocked:               0 kB
HighTotal:        849920 kB
HighFree:           8748 kB
LowTotal:         536648 kB
LowFree:           37636 kB
SwapTotal:        786428 kB
SwapFree:         730864 kB
Dirty:                 0 kB
Writeback:             0 kB
AnonPages:        450112 kB
Mapped:           321456 kB
Shmem:              1988 kB
Slab:              53036 kB
SReclaimable:      17148 kB
SUnreclaim:        35888 kB
KernelStack:       11368 kB
PageTables:        33968 kB
NFS_Unstable:          0 kB
Bounce:                0 kB
WritebackTmp:          0 kB
CommitLimit:     1479712 kB
Committed_AS:   74741424 kB
VmallocTotal:     319488 kB
VmallocUsed:       13304 kB
VmallocChunk:     202764 kB
Time pass: 294 sec

---2015-12-04 23:55:29
MemTotal:        1386568 kB
MemFree:           45640 kB
Buffers:           12368 kB
Cached:           548340 kB
SwapCached:         5112 kB
Active:           499416 kB
Inactive:         510476 kB
Active(anon):     222736 kB
Inactive(anon):   231564 kB
Active(file):     276680 kB
Inactive(file):   278912 kB
Unevictable:        3128 kB
Mlocked:               0 kB
HighTotal:        849920 kB
HighFree:           8776 kB
LowTotal:         536648 kB
LowFree:           36864 kB
SwapTotal:        786428 kB
SwapFree:         730864 kB
Dirty:                28 kB
Writeback:             0 kB
AnonPages:        450444 kB
Mapped:           321356 kB
Shmem:              1988 kB
Slab:              53196 kB
SReclaimable:      17148 kB
SUnreclaim:        36048 kB
KernelStack:       11360 kB
PageTables:        33964 kB
NFS_Unstable:          0 kB
Bounce:                0 kB
WritebackTmp:          0 kB
CommitLimit:     1479712 kB
Committed_AS:   74741488 kB
VmallocTotal:     319488 kB
VmallocUsed:       13372 kB
VmallocChunk:     202764 kB
Time pass: 298 sec

---2015-12-04 23:55:29
MemTotal:        1386568 kB
MemFree:           45492 kB
Buffers:           12368 kB
Cached:           548356 kB
SwapCached:         5112 kB
Active:           499116 kB
Inactive:         510492 kB
Active(anon):     222436 kB
Inactive(anon):   231564 kB
Active(file):     276680 kB
Inactive(file):   278928 kB
Unevictable:        3128 kB
Mlocked:               0 kB
HighTotal:        849920 kB
HighFree:           8768 kB
LowTotal:         536648 kB
LowFree:           36724 kB
SwapTotal:        786428 kB
SwapFree:         730864 kB
Dirty:                 0 kB
Writeback:             0 kB
AnonPages:        450196 kB
Mapped:           321504 kB
Shmem:              1988 kB
Slab:              53292 kB
SReclaimable:      17148 kB
SUnreclaim:        36144 kB
KernelStack:       11360 kB
PageTables:        33964 kB
NFS_Unstable:          0 kB
Bounce:                0 kB
WritebackTmp:          0 kB
CommitLimit:     1479712 kB
Committed_AS:   74741744 kB
VmallocTotal:     319488 kB
VmallocUsed:       13372 kB
VmallocChunk:     202764 kB
Time pass: 302 sec

---2015-12-04 23:55:29
MemTotal:        1386568 kB
MemFree:           44920 kB
Buffers:           12392 kB
Cached:           548340 kB
SwapCached:         5112 kB
Active:           498992 kB
Inactive:         510504 kB
Active(anon):     222312 kB
Inactive(anon):   231568 kB
Active(file):     276680 kB
Inactive(file):   278936 kB
Unevictable:        3128 kB
Mlocked:               0 kB
HighTotal:        849920 kB
HighFree:           8812 kB
LowTotal:         536648 kB
LowFree:           36108 kB
SwapTotal:        786428 kB
SwapFree:         730868 kB
Dirty:                28 kB
Writeback:             0 kB
AnonPages:        449884 kB
Mapped:           321504 kB
Shmem:              1988 kB
Slab:              53164 kB
SReclaimable:      17148 kB
SUnreclaim:        36016 kB
KernelStack:       11368 kB
PageTables:        33964 kB
NFS_Unstable:          0 kB
Bounce:                0 kB
WritebackTmp:          0 kB
CommitLimit:     1479712 kB
Committed_AS:   74741792 kB
VmallocTotal:     319488 kB
VmallocUsed:       13372 kB
VmallocChunk:     202764 kB
Time pass: 306 sec

---2015-12-04 23:55:29
MemTotal:        1386568 kB
MemFree:           45896 kB
Buffers:           12392 kB
Cached:           548356 kB
SwapCached:         5112 kB
Active:           498132 kB
Inactive:         510520 kB
Active(anon):     221452 kB
Inactive(anon):   231568 kB
Active(file):     276680 kB
Inactive(file):   278952 kB
Unevictable:        3128 kB
Mlocked:               0 kB
HighTotal:        849920 kB
HighFree:           9404 kB
LowTotal:         536648 kB
LowFree:           36492 kB
SwapTotal:        786428 kB
SwapFree:         730868 kB
Dirty:                 0 kB
Writeback:             0 kB
AnonPages:        449184 kB
Mapped:           321504 kB
Shmem:              1988 kB
Slab:              53196 kB
SReclaimable:      17148 kB
SUnreclaim:        36048 kB
KernelStack:       11408 kB
PageTables:        33964 kB
NFS_Unstable:          0 kB
Bounce:                0 kB
WritebackTmp:          0 kB
CommitLimit:     1479712 kB
Committed_AS:   74738664 kB
VmallocTotal:     319488 kB
VmallocUsed:       13372 kB
VmallocChunk:     202764 kB
Time pass: 309 sec

---2015-12-04 23:55:29
MemTotal:        1386568 kB
MemFree:           47392 kB
Buffers:           12408 kB
Cached:           548356 kB
SwapCached:         5112 kB
Active:           496812 kB
Inactive:         510536 kB
Active(anon):     220132 kB
Inactive(anon):   231568 kB
Active(file):     276680 kB
Inactive(file):   278968 kB
Unevictable:        3128 kB
Mlocked:               0 kB
HighTotal:        849920 kB
HighFree:          10816 kB
LowTotal:         536648 kB
LowFree:           36576 kB
SwapTotal:        786428 kB
SwapFree:         730868 kB
Dirty:                36 kB
Writeback:             0 kB
AnonPages:        447868 kB
Mapped:           321504 kB
Shmem:              1988 kB
Slab:              53164 kB
SReclaimable:      17148 kB
SUnreclaim:        36016 kB
KernelStack:       11368 kB
PageTables:        33964 kB
NFS_Unstable:          0 kB
Bounce:                0 kB
WritebackTmp:          0 kB
CommitLimit:     1479712 kB
Committed_AS:   74738808 kB
VmallocTotal:     319488 kB
VmallocUsed:       13372 kB
VmallocChunk:     202764 kB
Time pass: 314 sec

---2015-12-04 23:55:29
MemTotal:        1386568 kB
MemFree:           47140 kB
Buffers:           12416 kB
Cached:           548436 kB
SwapCached:         5112 kB
Active:           497344 kB
Inactive:         510624 kB
Active(anon):     220664 kB
Inactive(anon):   231616 kB
Active(file):     276680 kB
Inactive(file):   279008 kB
Unevictable:        3128 kB
Mlocked:               0 kB
HighTotal:        849920 kB
HighFree:          10512 kB
LowTotal:         536648 kB
LowFree:           36628 kB
SwapTotal:        786428 kB
SwapFree:         730868 kB
Dirty:                28 kB
Writeback:             0 kB
AnonPages:        448396 kB
Mapped:           321556 kB
Shmem:              2036 kB
Slab:              53132 kB
SReclaimable:      17148 kB
SUnreclaim:        35984 kB
KernelStack:       11376 kB
PageTables:        33964 kB
NFS_Unstable:          0 kB
Bounce:                0 kB
WritebackTmp:          0 kB
CommitLimit:     1479712 kB
Committed_AS:   74738832 kB
VmallocTotal:     319488 kB
VmallocUsed:       13372 kB
VmallocChunk:     202764 kB
Time pass: 318 sec

---2015-12-04 23:55:29
MemTotal:        1386568 kB
MemFree:           47832 kB
Buffers:           12432 kB
Cached:           548436 kB
SwapCached:         5112 kB
Active:           497016 kB
Inactive:         510644 kB
Active(anon):     220336 kB
Inactive(anon):   231620 kB
Active(file):     276680 kB
Inactive(file):   279024 kB
Unevictable:        3128 kB
Mlocked:               0 kB
HighTotal:        849920 kB
HighFree:          10212 kB
LowTotal:         536648 kB
LowFree:           37620 kB
SwapTotal:        786428 kB
SwapFree:         730872 kB
Dirty:                 0 kB
Writeback:             0 kB
AnonPages:        448048 kB
Mapped:           321556 kB
Shmem:              2036 kB
Slab:              53036 kB
SReclaimable:      17148 kB
SUnreclaim:        35888 kB
KernelStack:       11344 kB
PageTables:        33964 kB
NFS_Unstable:          0 kB
Bounce:                0 kB
WritebackTmp:          0 kB
CommitLimit:     1479712 kB
Committed_AS:   74739144 kB
VmallocTotal:     319488 kB
VmallocUsed:       13372 kB
VmallocChunk:     202764 kB
Time pass: 322 sec

---2015-12-04 23:55:29
MemTotal:        1386568 kB
MemFree:           46036 kB
Buffers:           12440 kB
Cached:           549284 kB
SwapCached:         5116 kB
Active:           498432 kB
Inactive:         511480 kB
Active(anon):     221752 kB
Inactive(anon):   231600 kB
Active(file):     276680 kB
Inactive(file):   279880 kB
Unevictable:        3128 kB
Mlocked:               0 kB
HighTotal:        849920 kB
HighFree:           8788 kB
LowTotal:         536648 kB
LowFree:           37248 kB
SwapTotal:        786428 kB
SwapFree:         730876 kB
Dirty:                28 kB
Writeback:             0 kB
AnonPages:        449568 kB
Mapped:           321636 kB
Shmem:              2036 kB
Slab:              53196 kB
SReclaimable:      17148 kB
SUnreclaim:        36048 kB
KernelStack:       11376 kB
PageTables:        33964 kB
NFS_Unstable:          0 kB
Bounce:                0 kB
WritebackTmp:          0 kB
CommitLimit:     1479712 kB
Committed_AS:   74739248 kB
VmallocTotal:     319488 kB
VmallocUsed:       13372 kB
VmallocChunk:     202764 kB
Time pass: 326 sec

---2015-12-04 23:55:29
MemTotal:        1386568 kB
MemFree:           43272 kB
Buffers:           12456 kB
Cached:           549828 kB
SwapCached:         5160 kB
Active:           499196 kB
Inactive:         512064 kB
Active(anon):     222500 kB
Inactive(anon):   231640 kB
Active(file):     276696 kB
Inactive(file):   280424 kB
Unevictable:        3128 kB
Mlocked:               0 kB
HighTotal:        849920 kB
HighFree:           9516 kB
LowTotal:         536648 kB
LowFree:           33756 kB
SwapTotal:        786428 kB
SwapFree:         730908 kB
Dirty:                 0 kB
Writeback:             0 kB
AnonPages:        450164 kB
Mapped:           321664 kB
Shmem:              2036 kB
Slab:              53412 kB
SReclaimable:      17148 kB
SUnreclaim:        36264 kB
KernelStack:       11440 kB
PageTables:        33972 kB
NFS_Unstable:          0 kB
Bounce:                0 kB
WritebackTmp:          0 kB
CommitLimit:     1479712 kB
Committed_AS:   74740128 kB
VmallocTotal:     319488 kB
VmallocUsed:       13372 kB
VmallocChunk:     202764 kB
Time pass: 331 sec

---2015-12-04 23:55:29
MemTotal:        1386568 kB
MemFree:           43188 kB
Buffers:           12480 kB
Cached:           549828 kB
SwapCached:         5160 kB
Active:           499264 kB
Inactive:         512084 kB
Active(anon):     222568 kB
Inactive(anon):   231636 kB
Active(file):     276696 kB
Inactive(file):   280448 kB
Unevictable:        3128 kB
Mlocked:               0 kB
HighTotal:        849920 kB
HighFree:           9024 kB
LowTotal:         536648 kB
LowFree:           34164 kB
SwapTotal:        786428 kB
SwapFree:         730908 kB
Dirty:                44 kB
Writeback:             0 kB
AnonPages:        450164 kB
Mapped:           321720 kB
Shmem:              2036 kB
Slab:              53308 kB
SReclaimable:      17148 kB
SUnreclaim:        36160 kB
KernelStack:       11416 kB
PageTables:        33968 kB
NFS_Unstable:          0 kB
Bounce:                0 kB
WritebackTmp:          0 kB
CommitLimit:     1479712 kB
Committed_AS:   74740208 kB
VmallocTotal:     319488 kB
VmallocUsed:       13372 kB
VmallocChunk:     202764 kB
Time pass: 335 sec

---2015-12-04 23:55:29
MemTotal:        1386568 kB
MemFree:           42756 kB
Buffers:           12496 kB
Cached:           549828 kB
SwapCached:         5160 kB
Active:           499440 kB
Inactive:         512100 kB
Active(anon):     222744 kB
Inactive(anon):   231636 kB
Active(file):     276696 kB
Inactive(file):   280464 kB
Unevictable:        3128 kB
Mlocked:               0 kB
HighTotal:        849920 kB
HighFree:           9040 kB
LowTotal:         536648 kB
LowFree:           33716 kB
SwapTotal:        786428 kB
SwapFree:         730908 kB
Dirty:                44 kB
Writeback:             0 kB
AnonPages:        450592 kB
Mapped:           321720 kB
Shmem:              2036 kB
Slab:              53576 kB
SReclaimable:      17132 kB
SUnreclaim:        36444 kB
KernelStack:       11424 kB
PageTables:        33968 kB
NFS_Unstable:          0 kB
Bounce:                0 kB
WritebackTmp:          0 kB
CommitLimit:     1479712 kB
Committed_AS:   74740156 kB
VmallocTotal:     319488 kB
VmallocUsed:       13372 kB
VmallocChunk:     202764 kB
Time pass: 339 sec

---2015-12-04 23:55:29
MemTotal:        1386568 kB
MemFree:           42792 kB
Buffers:           12496 kB
Cached:           549828 kB
SwapCached:         5160 kB
Active:           499880 kB
Inactive:         512100 kB
Active(anon):     223184 kB
Inactive(anon):   231636 kB
Active(file):     276696 kB
Inactive(file):   280464 kB
Unevictable:        3128 kB
Mlocked:               0 kB
HighTotal:        849920 kB
HighFree:           9196 kB
LowTotal:         536648 kB
LowFree:           33596 kB
SwapTotal:        786428 kB
SwapFree:         730908 kB
Dirty:                 0 kB
Writeback:             0 kB
AnonPages:        450800 kB
Mapped:           321720 kB
Shmem:              2036 kB
Slab:              53200 kB
SReclaimable:      17132 kB
SUnreclaim:        36068 kB
KernelStack:       11432 kB
PageTables:        33968 kB
NFS_Unstable:          0 kB
Bounce:                0 kB
WritebackTmp:          0 kB
CommitLimit:     1479712 kB
Committed_AS:   74740536 kB
VmallocTotal:     319488 kB
VmallocUsed:       13372 kB
VmallocChunk:     202764 kB
Time pass: 343 sec

---2015-12-04 23:55:29
MemTotal:        1386568 kB
MemFree:           42732 kB
Buffers:           12520 kB
Cached:           549832 kB
SwapCached:         5156 kB
Active:           500060 kB
Inactive:         512124 kB
Active(anon):     223364 kB
Inactive(anon):   231636 kB
Active(file):     276696 kB
Inactive(file):   280488 kB
Unevictable:        3128 kB
Mlocked:               0 kB
HighTotal:        849920 kB
HighFree:           9720 kB
LowTotal:         536648 kB
LowFree:           33012 kB
SwapTotal:        786428 kB
SwapFree:         730912 kB
Dirty:                40 kB
Writeback:             0 kB
AnonPages:        450996 kB
Mapped:           321572 kB
Shmem:              2036 kB
Slab:              53488 kB
SReclaimable:      17132 kB
SUnreclaim:        36356 kB
KernelStack:       11432 kB
PageTables:        33968 kB
NFS_Unstable:          0 kB
Bounce:                0 kB
WritebackTmp:          0 kB
CommitLimit:     1479712 kB
Committed_AS:   74740540 kB
VmallocTotal:     319488 kB
VmallocUsed:       13372 kB
VmallocChunk:     202764 kB
Time pass: 347 sec

---2015-12-04 23:55:29
MemTotal:        1386568 kB
MemFree:           43176 kB
Buffers:           12520 kB
Cached:           549828 kB
SwapCached:         5156 kB
Active:           500328 kB
Inactive:         512124 kB
Active(anon):     223632 kB
Inactive(anon):   231636 kB
Active(file):     276696 kB
Inactive(file):   280488 kB
Unevictable:        3128 kB
Mlocked:               0 kB
HighTotal:        849920 kB
HighFree:          10172 kB
LowTotal:         536648 kB
LowFree:           33004 kB
SwapTotal:        786428 kB
SwapFree:         730912 kB
Dirty:                 0 kB
Writeback:             0 kB
AnonPages:        451328 kB
Mapped:           321672 kB
Shmem:              2036 kB
Slab:              53516 kB
SReclaimable:      17132 kB
SUnreclaim:        36384 kB
KernelStack:       11424 kB
PageTables:        33968 kB
NFS_Unstable:          0 kB
Bounce:                0 kB
WritebackTmp:          0 kB
CommitLimit:     1479712 kB
Committed_AS:   74740848 kB
VmallocTotal:     319488 kB
VmallocUsed:       13304 kB
VmallocChunk:     202764 kB
Time pass: 351 sec

---2015-12-04 23:55:29
MemTotal:        1386568 kB
MemFree:           42836 kB
Buffers:           12544 kB
Cached:           549824 kB
SwapCached:         5156 kB
Active:           500316 kB
Inactive:         512140 kB
Active(anon):     223620 kB
Inactive(anon):   231632 kB
Active(file):     276696 kB
Inactive(file):   280508 kB
Unevictable:        3128 kB
Mlocked:               0 kB
HighTotal:        849920 kB
HighFree:           9488 kB
LowTotal:         536648 kB
LowFree:           33348 kB
SwapTotal:        786428 kB
SwapFree:         730912 kB
Dirty:                40 kB
Writeback:             0 kB
AnonPages:        451284 kB
Mapped:           321572 kB
