---2015-11-23 23:33:11
MemTotal:        1959952 kB
MemFree:           90428 kB
Buffers:            4664 kB
Cached:          1207576 kB
SwapCached:          636 kB
Active:           849904 kB
Inactive:         777796 kB
Active(anon):     251724 kB
Inactive(anon):   165440 kB
Active(file):     598180 kB
Inactive(file):   612356 kB
Unevictable:        1580 kB
Mlocked:               0 kB
HighTotal:       1372556 kB
HighFree:          24220 kB
LowTotal:         587396 kB
LowFree:           66208 kB
SwapTotal:        262140 kB
SwapFree:         239820 kB
Dirty:               484 kB
Writeback:             0 kB
AnonPages:        417164 kB
Mapped:           287184 kB
Shmem:               120 kB
Slab:              55676 kB
SReclaimable:      16780 kB
SUnreclaim:        38896 kB
KernelStack:       15528 kB
PageTables:        27268 kB
NFS_Unstable:          0 kB
Bounce:                0 kB
WritebackTmp:          0 kB
CommitLimit:     1242116 kB
Committed_AS:   56713208 kB
VmallocTotal:     409600 kB
VmallocUsed:       34880 kB
VmallocChunk:     101404 kB
Time pass: 3 sec

---2015-11-23 23:33:11
MemTotal:        1959952 kB
MemFree:           90084 kB
Buffers:            4664 kB
Cached:          1207576 kB
SwapCached:          636 kB
Active:           850156 kB
Inactive:         777792 kB
Active(anon):     251972 kB
Inactive(anon):   165440 kB
Active(file):     598184 kB
Inactive(file):   612352 kB
Unevictable:        1580 kB
Mlocked:               0 kB
HighTotal:       1372556 kB
HighFree:          23900 kB
LowTotal:         587396 kB
LowFree:           66184 kB
SwapTotal:        262140 kB
SwapFree:         239820 kB
Dirty:               504 kB
Writeback:             0 kB
AnonPages:        417396 kB
Mapped:           287252 kB
Shmem:               120 kB
Slab:              55604 kB
SReclaimable:      16780 kB
SUnreclaim:        38824 kB
KernelStack:       15552 kB
PageTables:        27284 kB
NFS_Unstable:          0 kB
Bounce:                0 kB
WritebackTmp:          0 kB
CommitLimit:     1242116 kB
Committed_AS:   56713556 kB
VmallocTotal:     409600 kB
VmallocUsed:       34880 kB
VmallocChunk:     101404 kB
Time pass: 6 sec

---2015-11-23 23:33:11
MemTotal:        1959952 kB
MemFree:           89632 kB
Buffers:            4664 kB
Cached:          1207576 kB
SwapCached:          636 kB
Active:           850308 kB
Inactive:         777792 kB
Active(anon):     252124 kB
Inactive(anon):   165440 kB
Active(file):     598184 kB
Inactive(file):   612352 kB
Unevictable:        1580 kB
Mlocked:               0 kB
HighTotal:       1372556 kB
HighFree:          23900 kB
LowTotal:         587396 kB
LowFree:           65732 kB
SwapTotal:        262140 kB
SwapFree:         239820 kB
Dirty:               504 kB
Writeback:             0 kB
AnonPages:        417540 kB
Mapped:           287252 kB
Shmem:               120 kB
Slab:              55660 kB
SReclaimable:      16780 kB
SUnreclaim:        38880 kB
KernelStack:       15544 kB
PageTables:        27284 kB
NFS_Unstable:          0 kB
Bounce:                0 kB
WritebackTmp:          0 kB
CommitLimit:     1242116 kB
Committed_AS:   56713668 kB
VmallocTotal:     409600 kB
VmallocUsed:       34880 kB
VmallocChunk:     101404 kB
Time pass: 10 sec

---2015-11-23 23:33:11
MemTotal:        1959952 kB
MemFree:           90152 kB
Buffers:            2916 kB
Cached:          1132788 kB
SwapCached:         1000 kB
Active:           829432 kB
Inactive:         737152 kB
Active(anon):     263088 kB
Inactive(anon):   169732 kB
Active(file):     566344 kB
Inactive(file):   567420 kB
Unevictable:        1580 kB
Mlocked:               0 kB
HighTotal:       1372556 kB
HighFree:          39652 kB
LowTotal:         587396 kB
LowFree:           50500 kB
SwapTotal:        262140 kB
SwapFree:         234444 kB
Dirty:               704 kB
Writeback:           196 kB
AnonPages:        432868 kB
Mapped:           305724 kB
Shmem:               120 kB
Slab:              55856 kB
SReclaimable:      16848 kB
SUnreclaim:        39008 kB
KernelStack:       15944 kB
PageTables:        27876 kB
NFS_Unstable:          0 kB
Bounce:                0 kB
WritebackTmp:          0 kB
CommitLimit:     1242116 kB
Committed_AS:   57719628 kB
VmallocTotal:     409600 kB
VmallocUsed:       36052 kB
VmallocChunk:      92188 kB
Time pass: 14 sec

---2015-11-23 23:33:11
MemTotal:        1959952 kB
MemFree:           94856 kB
Buffers:            2908 kB
Cached:          1079712 kB
SwapCached:         1088 kB
Active:           799636 kB
Inactive:         711284 kB
Active(anon):     259748 kB
Inactive(anon):   170344 kB
Active(file):     539888 kB
Inactive(file):   540940 kB
Unevictable:        1580 kB
Mlocked:               0 kB
HighTotal:       1372556 kB
HighFree:          29944 kB
LowTotal:         587396 kB
LowFree:           64912 kB
SwapTotal:        262140 kB
SwapFree:         232360 kB
Dirty:              1328 kB
Writeback:             0 kB
AnonPages:        429500 kB
Mapped:           319428 kB
Shmem:               252 kB
Slab:              56400 kB
SReclaimable:      16920 kB
SUnreclaim:        39480 kB
KernelStack:       16224 kB
PageTables:        27920 kB
NFS_Unstable:          0 kB
Bounce:                0 kB
WritebackTmp:          0 kB
CommitLimit:     1242116 kB
Committed_AS:   57726456 kB
VmallocTotal:     409600 kB
VmallocUsed:       35348 kB
VmallocChunk:      92188 kB
Time pass: 20 sec

---2015-11-23 23:33:11
MemTotal:        1959952 kB
MemFree:           93704 kB
Buffers:            2908 kB
Cached:          1080016 kB
SwapCached:         1088 kB
Active:           799208 kB
Inactive:         711368 kB
Active(anon):     259116 kB
Inactive(anon):   170348 kB
Active(file):     540092 kB
Inactive(file):   541020 kB
Unevictable:        1580 kB
Mlocked:               0 kB
HighTotal:       1372556 kB
HighFree:          29284 kB
LowTotal:         587396 kB
LowFree:           64420 kB
SwapTotal:        262140 kB
SwapFree:         232360 kB
Dirty:               416 kB
Writeback:             0 kB
AnonPages:        429152 kB
Mapped:           319612 kB
Shmem:               252 kB
Slab:              56516 kB
SReclaimable:      17016 kB
SUnreclaim:        39500 kB
KernelStack:       16232 kB
PageTables:        27932 kB
NFS_Unstable:          0 kB
Bounce:                0 kB
WritebackTmp:          0 kB
CommitLimit:     1242116 kB
Committed_AS:   57726556 kB
VmallocTotal:     409600 kB
VmallocUsed:       35348 kB
VmallocChunk:      92188 kB
Time pass: 23 sec

---2015-11-23 23:33:11
MemTotal:        1959952 kB
MemFree:           94332 kB
Buffers:            2896 kB
Cached:          1015680 kB
SwapCached:         1132 kB
Active:           776948 kB
Inactive:         679352 kB
Active(anon):     268892 kB
Inactive(anon):   170748 kB
Active(file):     508056 kB
Inactive(file):   508604 kB
Unevictable:        1580 kB
Mlocked:               0 kB
HighTotal:       1372556 kB
HighFree:          35968 kB
LowTotal:         587396 kB
LowFree:           58364 kB
SwapTotal:        262140 kB
SwapFree:         230552 kB
Dirty:               432 kB
Writeback:             0 kB
AnonPages:        439128 kB
Mapped:           324908 kB
Shmem:               252 kB
Slab:              56444 kB
SReclaimable:      17008 kB
SUnreclaim:        39436 kB
KernelStack:       16248 kB
PageTables:        28152 kB
NFS_Unstable:          0 kB
Bounce:                0 kB
WritebackTmp:          0 kB
CommitLimit:     1242116 kB
Committed_AS:   57734924 kB
VmallocTotal:     409600 kB
VmallocUsed:       35512 kB
VmallocChunk:      92188 kB
Time pass: 27 sec

---2015-11-23 23:33:11
MemTotal:        1959952 kB
MemFree:           97792 kB
Buffers:            2896 kB
Cached:          1015648 kB
SwapCached:         1132 kB
Active:           773380 kB
Inactive:         679292 kB
Active(anon):     265300 kB
Inactive(anon):   170660 kB
Active(file):     508080 kB
Inactive(file):   508632 kB
Unevictable:        1580 kB
Mlocked:               0 kB
HighTotal:       1372556 kB
HighFree:          38452 kB
LowTotal:         587396 kB
LowFree:           59340 kB
SwapTotal:        262140 kB
SwapFree:         230560 kB
Dirty:               508 kB
Writeback:             0 kB
AnonPages:        435672 kB
Mapped:           325040 kB
Shmem:               252 kB
Slab:              56304 kB
SReclaimable:      17032 kB
SUnreclaim:        39272 kB
KernelStack:       16032 kB
PageTables:        27824 kB
NFS_Unstable:          0 kB
Bounce:                0 kB
WritebackTmp:          0 kB
CommitLimit:     1242116 kB
Committed_AS:   56785140 kB
VmallocTotal:     409600 kB
VmallocUsed:       34492 kB
VmallocChunk:      92188 kB
Time pass: 30 sec

---2015-11-23 23:33:11
MemTotal:        1959952 kB
MemFree:           89512 kB
Buffers:            2896 kB
Cached:          1017156 kB
SwapCached:         1132 kB
Active:           787744 kB
Inactive:         680388 kB
Active(anon):     279420 kB
Inactive(anon):   170660 kB
Active(file):     508324 kB
Inactive(file):   509728 kB
Unevictable:        1580 kB
Mlocked:               0 kB
HighTotal:       1372556 kB
HighFree:          30588 kB
LowTotal:         587396 kB
LowFree:           58924 kB
SwapTotal:        262140 kB
SwapFree:         230560 kB
Dirty:               892 kB
Writeback:             0 kB
AnonPages:        449904 kB
Mapped:           324296 kB
Shmem:               256 kB
Slab:              56540 kB
SReclaimable:      17040 kB
SUnreclaim:        39500 kB
KernelStack:       16096 kB
PageTables:        27764 kB
NFS_Unstable:          0 kB
Bounce:                0 kB
WritebackTmp:          0 kB
CommitLimit:     1242116 kB
Committed_AS:   56800584 kB
VmallocTotal:     409600 kB
VmallocUsed:       34460 kB
VmallocChunk:      92188 kB
Time pass: 34 sec

---2015-11-23 23:33:11
MemTotal:        1959952 kB
MemFree:          103692 kB
Buffers:            2896 kB
Cached:           974112 kB
SwapCached:         1132 kB
Active:           751824 kB
Inactive:         675788 kB
Active(anon):     278200 kB
Inactive(anon):   174276 kB
Active(file):     473624 kB
Inactive(file):   501512 kB
Unevictable:        1580 kB
Mlocked:               0 kB
HighTotal:       1372556 kB
HighFree:          30748 kB
LowTotal:         587396 kB
LowFree:           72944 kB
SwapTotal:        262140 kB
SwapFree:         229788 kB
Dirty:              1000 kB
Writeback:             0 kB
AnonPages:        452356 kB
Mapped:           337412 kB
Shmem:               256 kB
Slab:              56420 kB
SReclaimable:      16952 kB
SUnreclaim:        39468 kB
KernelStack:       16072 kB
PageTables:        27888 kB
NFS_Unstable:          0 kB
Bounce:                0 kB
WritebackTmp:          0 kB
CommitLimit:     1242116 kB
Committed_AS:   56803660 kB
VmallocTotal:     409600 kB
VmallocUsed:       34632 kB
VmallocChunk:      92188 kB
Time pass: 38 sec

---2015-11-23 23:33:11
MemTotal:        1959952 kB
MemFree:          102976 kB
Buffers:            2896 kB
Cached:           974124 kB
SwapCached:         1132 kB
Active:           751976 kB
Inactive:         675816 kB
Active(anon):     278352 kB
Inactive(anon):   174264 kB
Active(file):     473624 kB
Inactive(file):   501552 kB
Unevictable:        1580 kB
Mlocked:               0 kB
HighTotal:       1372556 kB
HighFree:          30580 kB
LowTotal:         587396 kB
LowFree:           72396 kB
SwapTotal:        262140 kB
SwapFree:         229788 kB
Dirty:               524 kB
Writeback:             0 kB
AnonPages:        452348 kB
Mapped:           337668 kB
Shmem:               256 kB
Slab:              56296 kB
SReclaimable:      17056 kB
SUnreclaim:        39240 kB
KernelStack:       16072 kB
PageTables:        27888 kB
NFS_Unstable:          0 kB
Bounce:                0 kB
WritebackTmp:          0 kB
CommitLimit:     1242116 kB
Committed_AS:   56803608 kB
VmallocTotal:     409600 kB
VmallocUsed:       34632 kB
VmallocChunk:      92188 kB
Time pass: 41 sec

---2015-11-23 23:33:11
MemTotal:        1959952 kB
MemFree:           90064 kB
Buffers:            2896 kB
Cached:           974588 kB
SwapCached:         1132 kB
Active:           753428 kB
Inactive:         676184 kB
Active(anon):     279744 kB
Inactive(anon):   174256 kB
Active(file):     473684 kB
Inactive(file):   501928 kB
Unevictable:        1580 kB
Mlocked:               0 kB
HighTotal:       1372556 kB
HighFree:          28672 kB
LowTotal:         587396 kB
LowFree:           61392 kB
SwapTotal:        262140 kB
SwapFree:         229788 kB
Dirty:               864 kB
Writeback:             0 kB
AnonPages:        453924 kB
Mapped:           339504 kB
Shmem:               256 kB
Slab:              56524 kB
SReclaimable:      17056 kB
SUnreclaim:        39468 kB
KernelStack:       16064 kB
PageTables:        27892 kB
NFS_Unstable:          0 kB
Bounce:                0 kB
WritebackTmp:          0 kB
CommitLimit:     1242116 kB
Committed_AS:   56805072 kB
VmallocTotal:     409600 kB
VmallocUsed:       34668 kB
VmallocChunk:      92188 kB
Time pass: 45 sec

---2015-11-23 23:33:11
MemTotal:        1959952 kB
MemFree:          153472 kB
Buffers:            2896 kB
Cached:           886700 kB
SwapCached:         1132 kB
Active:           730052 kB
Inactive:         622744 kB
Active(anon):     288448 kB
Inactive(anon):   176496 kB
Active(file):     441604 kB
Inactive(file):   446248 kB
Unevictable:        1580 kB
Mlocked:               0 kB
HighTotal:       1372556 kB
HighFree:          41944 kB
LowTotal:         587396 kB
LowFree:          111528 kB
SwapTotal:        262140 kB
SwapFree:         227368 kB
Dirty:              1184 kB
Writeback:             0 kB
AnonPages:        464836 kB
Mapped:           340728 kB
Shmem:               260 kB
Slab:              56512 kB
SReclaimable:      16860 kB
SUnreclaim:        39652 kB
KernelStack:       16072 kB
PageTables:        27968 kB
NFS_Unstable:          0 kB
Bounce:                0 kB
WritebackTmp:          0 kB
CommitLimit:     1242116 kB
Committed_AS:   56817868 kB
VmallocTotal:     409600 kB
VmallocUsed:       34680 kB
VmallocChunk:      92188 kB
Time pass: 49 sec

---2015-11-23 23:33:11
MemTotal:        1959952 kB
MemFree:          143336 kB
Buffers:            2896 kB
Cached:           889900 kB
SwapCached:         1132 kB
Active:           725252 kB
Inactive:         625032 kB
Active(anon):     283496 kB
Inactive(anon):   176232 kB
Active(file):     441756 kB
Inactive(file):   448800 kB
Unevictable:        1580 kB
Mlocked:               0 kB
HighTotal:       1372556 kB
HighFree:          37560 kB
LowTotal:         587396 kB
LowFree:          105776 kB
SwapTotal:        262140 kB
SwapFree:         227368 kB
Dirty:               808 kB
Writeback:             0 kB
AnonPages:        459440 kB
Mapped:           343592 kB
Shmem:               256 kB
Slab:              56464 kB
SReclaimable:      16964 kB
SUnreclaim:        39500 kB
KernelStack:       16072 kB
PageTables:        27956 kB
NFS_Unstable:          0 kB
Bounce:                0 kB
WritebackTmp:          0 kB
CommitLimit:     1242116 kB
Committed_AS:   56818968 kB
VmallocTotal:     409600 kB
VmallocUsed:       34744 kB
VmallocChunk:      92188 kB
Time pass: 53 sec

---2015-11-23 23:33:11
MemTotal:        1959952 kB
MemFree:          132156 kB
Buffers:            2896 kB
Cached:           892904 kB
SwapCached:         1132 kB
Active:           732892 kB
Inactive:         628388 kB
Active(anon):     291104 kB
Inactive(anon):   176228 kB
Active(file):     441788 kB
Inactive(file):   452160 kB
Unevictable:        1580 kB
Mlocked:               0 kB
HighTotal:       1372556 kB
HighFree:          26520 kB
LowTotal:         587396 kB
LowFree:          105636 kB
SwapTotal:        262140 kB
SwapFree:         227368 kB
Dirty:               824 kB
Writeback:             0 kB
AnonPages:        467040 kB
Mapped:           344676 kB
Shmem:               256 kB
Slab:              56428 kB
SReclaimable:      16964 kB
SUnreclaim:        39464 kB
KernelStack:       16152 kB
PageTables:        27988 kB
NFS_Unstable:          0 kB
Bounce:                0 kB
WritebackTmp:          0 kB
CommitLimit:     1242116 kB
Committed_AS:   56827436 kB
VmallocTotal:     409600 kB
VmallocUsed:       34744 kB
VmallocChunk:      92188 kB
Time pass: 57 sec

---2015-11-23 23:33:11
MemTotal:        1959952 kB
MemFree:          105380 kB
Buffers:            2900 kB
Cached:           894692 kB
SwapCached:         1712 kB
Active:           740068 kB
Inactive:         630780 kB
Active(anon):     298248 kB
Inactive(anon):   176980 kB
Active(file):     441820 kB
Inactive(file):   453800 kB
Unevictable:        1580 kB
Mlocked:               0 kB
HighTotal:       1372556 kB
HighFree:          24148 kB
LowTotal:         587396 kB
LowFree:           81232 kB
SwapTotal:        262140 kB
SwapFree:         227408 kB
Dirty:               824 kB
Writeback:             0 kB
AnonPages:        474716 kB
Mapped:           343352 kB
Shmem:               392 kB
Slab:              55900 kB
SReclaimable:      16864 kB
SUnreclaim:        39036 kB
KernelStack:       16288 kB
PageTables:        28140 kB
NFS_Unstable:          0 kB
Bounce:                0 kB
WritebackTmp:          0 kB
CommitLimit:     1242116 kB
Committed_AS:   56844912 kB
VmallocTotal:     409600 kB
VmallocUsed:       37152 kB
VmallocChunk:      92188 kB
Time pass: 62 sec

---2015-11-23 23:33:11
MemTotal:        1959952 kB
MemFree:          126724 kB
Buffers:            2900 kB
Cached:           846608 kB
SwapCached:         1712 kB
Active:           731316 kB
Inactive:         593888 kB
Active(anon):     296876 kB
Inactive(anon):   180888 kB
Active(file):     434440 kB
Inactive(file):   413000 kB
Unevictable:        1580 kB
Mlocked:               0 kB
HighTotal:       1372556 kB
HighFree:          36800 kB
LowTotal:         587396 kB
LowFree:           89924 kB
SwapTotal:        262140 kB
SwapFree:         226332 kB
Dirty:               824 kB
Writeback:             0 kB
AnonPages:        477260 kB
Mapped:           343608 kB
Shmem:               488 kB
Slab:              55520 kB
SReclaimable:      16700 kB
SUnreclaim:        38820 kB
KernelStack:       16288 kB
PageTables:        28284 kB
NFS_Unstable:          0 kB
Bounce:                0 kB
WritebackTmp:          0 kB
CommitLimit:     1242116 kB
Committed_AS:   56846744 kB
VmallocTotal:     409600 kB
VmallocUsed:       37152 kB
VmallocChunk:      92188 kB
Time pass: 66 sec

---2015-11-23 23:33:11
MemTotal:        1959952 kB
MemFree:          125408 kB
Buffers:            2900 kB
Cached:           846716 kB
SwapCached:         1712 kB
Active:           732636 kB
Inactive:         593996 kB
Active(anon):     298196 kB
Inactive(anon):   180996 kB
Active(file):     434440 kB
Inactive(file):   413000 kB
Unevictable:        1580 kB
Mlocked:               0 kB
HighTotal:       1372556 kB
HighFree:          35812 kB
LowTotal:         587396 kB
LowFree:           89596 kB
SwapTotal:        262140 kB
SwapFree:         226332 kB
Dirty:               824 kB
Writeback:             0 kB
AnonPages:        478324 kB
Mapped:           343556 kB
Shmem:               596 kB
Slab:              55708 kB
SReclaimable:      16700 kB
SUnreclaim:        39008 kB
KernelStack:       16272 kB
PageTables:        28260 kB
NFS_Unstable:          0 kB
Bounce:                0 kB
WritebackTmp:          0 kB
CommitLimit:     1242116 kB
Committed_AS:   56848084 kB
VmallocTotal:     409600 kB
VmallocUsed:       37152 kB
VmallocChunk:      92188 kB
Time pass: 71 sec

---2015-11-23 23:33:11
MemTotal:        1959952 kB
MemFree:          127568 kB
Buffers:            3020 kB
Cached:           849976 kB
SwapCached:         1704 kB
Active:           721568 kB
Inactive:         594224 kB
Active(anon):     287116 kB
Inactive(anon):   177544 kB
Active(file):     434452 kB
Inactive(file):   416680 kB
Unevictable:        1580 kB
Mlocked:               0 kB
HighTotal:       1372556 kB
HighFree:          41636 kB
LowTotal:         587396 kB
LowFree:           85932 kB
SwapTotal:        262140 kB
SwapFree:         226344 kB
Dirty:               864 kB
Writeback:             0 kB
AnonPages:        463776 kB
Mapped:           343096 kB
Shmem:               284 kB
Slab:              55788 kB
SReclaimable:      16700 kB
SUnreclaim:        39088 kB
KernelStack:       16240 kB
PageTables:        28164 kB
NFS_Unstable:          0 kB
Bounce:                0 kB
WritebackTmp:          0 kB
CommitLimit:     1242116 kB
Committed_AS:   56823800 kB
VmallocTotal:     409600 kB
VmallocUsed:       45212 kB
VmallocChunk:      81444 kB
Time pass: 75 sec

---2015-11-23 23:33:11
MemTotal:        1959952 kB
MemFree:          335764 kB
Buffers:            3020 kB
Cached:           851532 kB
SwapCached:         1732 kB
Active:           656284 kB
Inactive:         594764 kB
Active(anon):     221052 kB
Inactive(anon):   177232 kB
Active(file):     435232 kB
Inactive(file):   417532 kB
Unevictable:        1580 kB
Mlocked:               0 kB
HighTotal:       1372556 kB
HighFree:         168492 kB
LowTotal:         587396 kB
LowFree:          167272 kB
SwapTotal:        262140 kB
SwapFree:         226352 kB
Dirty:                16 kB
Writeback:             0 kB
AnonPages:        398036 kB
Mapped:           265488 kB
Shmem:               120 kB
Slab:              55780 kB
SReclaimable:      16732 kB
SUnreclaim:        39048 kB
KernelStack:       15472 kB
PageTables:        26536 kB
NFS_Unstable:          0 kB
Bounce:                0 kB
WritebackTmp:          0 kB
CommitLimit:     1242116 kB
Committed_AS:   55773252 kB
VmallocTotal:     409600 kB
VmallocUsed:       34364 kB
VmallocChunk:     101404 kB
Time pass: 78 sec

---2015-11-23 23:33:11
MemTotal:        1959952 kB
MemFree:          337612 kB
Buffers:            3020 kB
Cached:           852340 kB
SwapCached:         1704 kB
Active:           654816 kB
Inactive:         594664 kB
Active(anon):     219440 kB
Inactive(anon):   176444 kB
Active(file):     435376 kB
Inactive(file):   418220 kB
Unevictable:        1580 kB
Mlocked:               0 kB
HighTotal:       1372556 kB
HighFree:         169088 kB
LowTotal:         587396 kB
LowFree:          168524 kB
SwapTotal:        262140 kB
SwapFree:         226396 kB
Dirty:                52 kB
Writeback:             0 kB
AnonPages:        395352 kB
Mapped:           265796 kB
Shmem:               120 kB
Slab:              55860 kB
SReclaimable:      16732 kB
SUnreclaim:        39128 kB
KernelStack:       15344 kB
PageTables:        26660 kB
NFS_Unstable:          0 kB
Bounce:                0 kB
WritebackTmp:          0 kB
CommitLimit:     1242116 kB
Committed_AS:   55773524 kB
VmallocTotal:     409600 kB
VmallocUsed:       34364 kB
VmallocChunk:     101404 kB
Time pass: 82 sec

---2015-11-23 23:33:11
MemTotal:        1959952 kB
MemFree:          337040 kB
Buffers:            3020 kB
Cached:           852312 kB
SwapCached:         1704 kB
Active:           655160 kB
Inactive:         594488 kB
Active(anon):     219776 kB
Inactive(anon):   176240 kB
Active(file):     435384 kB
Inactive(file):   418248 kB
Unevictable:        1580 kB
Mlocked:               0 kB
HighTotal:       1372556 kB
HighFree:         168448 kB
LowTotal:         587396 kB
LowFree:          168592 kB
SwapTotal:        262140 kB
SwapFree:         226396 kB
Dirty:                76 kB
Writeback:             0 kB
AnonPages:        395896 kB
Mapped:           265816 kB
Shmem:               120 kB
Slab:              55860 kB
SReclaimable:      16732 kB
SUnreclaim:        39128 kB
KernelStack:       15344 kB
PageTables:        26680 kB
NFS_Unstable:          0 kB
Bounce:                0 kB
WritebackTmp:          0 kB
CommitLimit:     1242116 kB
Committed_AS:   55773748 kB
VmallocTotal:     409600 kB
VmallocUsed:       34364 kB
VmallocChunk:     101404 kB
Time pass: 86 sec

---2015-11-23 23:33:11
MemTotal:        1959952 kB
MemFree:          342088 kB
Buffers:            3020 kB
Cached:           852312 kB
SwapCached:         1704 kB
Active:           655316 kB
Inactive:         594488 kB
Active(anon):     219932 kB
Inactive(anon):   176240 kB
Active(file):     435384 kB
Inactive(file):   418248 kB
Unevictable:        1580 kB
Mlocked:               0 kB
HighTotal:       1372556 kB
HighFree:         168328 kB
LowTotal:         587396 kB
LowFree:          173760 kB
SwapTotal:        262140 kB
SwapFree:         226396 kB
Dirty:                76 kB
Writeback:             0 kB
AnonPages:        395916 kB
Mapped:           265868 kB
Shmem:               120 kB
Slab:              55828 kB
SReclaimable:      16732 kB
SUnreclaim:        39096 kB
KernelStack:       15344 kB
PageTables:        26676 kB
NFS_Unstable:          0 kB
Bounce:                0 kB
WritebackTmp:          0 kB
CommitLimit:     1242116 kB
Committed_AS:   55773824 kB
VmallocTotal:     409600 kB
VmallocUsed:       31956 kB
VmallocChunk:     101404 kB
Time pass: 89 sec

---2015-11-23 23:33:11
MemTotal:        1959952 kB
MemFree:          341596 kB
Buffers:            3020 kB
Cached:           852312 kB
SwapCached:         1704 kB
Active:           655692 kB
Inactive:         594488 kB
Active(anon):     220308 kB
Inactive(anon):   176240 kB
Active(file):     435384 kB
Inactive(file):   418248 kB
Unevictable:        1580 kB
Mlocked:               0 kB
HighTotal:       1372556 kB
HighFree:         167984 kB
LowTotal:         587396 kB
LowFree:          173612 kB
SwapTotal:        262140 kB
SwapFree:         226396 kB
Dirty:                76 kB
Writeback:             0 kB
AnonPages:        396360 kB
Mapped:           265936 kB
Shmem:               120 kB
Slab:              55832 kB
SReclaimable:      16732 kB
SUnreclaim:        39100 kB
KernelStack:       15336 kB
PageTables:        26680 kB
NFS_Unstable:          0 kB
Bounce:                0 kB
WritebackTmp:          0 kB
CommitLimit:     1242116 kB
Committed_AS:   55774020 kB
VmallocTotal:     409600 kB
VmallocUsed:       31956 kB
VmallocChunk:     101404 kB
Time pass: 93 sec

---2015-11-23 23:33:11
MemTotal:        1959952 kB
MemFree:          338372 kB
Buffers:            3020 kB
Cached:           852308 kB
SwapCached:         1708 kB
Active:           658480 kB
Inactive:         594476 kB
Active(anon):     223084 kB
Inactive(anon):   176240 kB
Active(file):     435396 kB
Inactive(file):   418236 kB
Unevictable:        1580 kB
Mlocked:               0 kB
HighTotal:       1372556 kB
HighFree:         165336 kB
LowTotal:         587396 kB
LowFree:          173036 kB
SwapTotal:        262140 kB
SwapFree:         226396 kB
Dirty:                64 kB
Writeback:             0 kB
AnonPages:        399056 kB
Mapped:           273364 kB
Shmem:               120 kB
Slab:              55904 kB
SReclaimable:      16740 kB
SUnreclaim:        39164 kB
KernelStack:       15392 kB
PageTables:        26784 kB
NFS_Unstable:          0 kB
Bounce:                0 kB
WritebackTmp:          0 kB
CommitLimit:     1242116 kB
Committed_AS:   56768980 kB
VmallocTotal:     409600 kB
VmallocUsed:       31956 kB
VmallocChunk:     101404 kB
Time pass: 96 sec

---2015-11-23 23:33:11
MemTotal:        1959952 kB
MemFree:          264812 kB
Buffers:            3020 kB
Cached:           853316 kB
SwapCached:         1708 kB
Active:           688628 kB
Inactive:         593020 kB
Active(anon):     250572 kB
Inactive(anon):   176352 kB
Active(file):     438056 kB
Inactive(file):   416668 kB
Unevictable:        1580 kB
Mlocked:               0 kB
HighTotal:       1372556 kB
HighFree:         109104 kB
LowTotal:         587396 kB
LowFree:          155708 kB
SwapTotal:        262140 kB
SwapFree:         226400 kB
Dirty:              1580 kB
Writeback:             0 kB
AnonPages:        426528 kB
Mapped:           294636 kB
Shmem:               248 kB
Slab:              56220 kB
SReclaimable:      16756 kB
SUnreclaim:        39464 kB
KernelStack:       15976 kB
PageTables:        27564 kB
NFS_Unstable:          0 kB
Bounce:                0 kB
WritebackTmp:          0 kB
CommitLimit:     1242116 kB
Committed_AS:   56790964 kB
VmallocTotal:     409600 kB
VmallocUsed:       32208 kB
VmallocChunk:     101404 kB
Time pass: 100 sec

---2015-11-23 23:33:11
MemTotal:        1959952 kB
MemFree:          234444 kB
Buffers:            3020 kB
Cached:           854372 kB
SwapCached:         1708 kB
Active:           697928 kB
Inactive:         592088 kB
Active(anon):     259104 kB
Inactive(anon):   175220 kB
Active(file):     438824 kB
Inactive(file):   416868 kB
Unevictable:        1580 kB
Mlocked:               0 kB
HighTotal:       1372556 kB
HighFree:          95004 kB
LowTotal:         587396 kB
LowFree:          139440 kB
SwapTotal:        262140 kB
SwapFree:         226400 kB
Dirty:               668 kB
Writeback:             0 kB
AnonPages:        433860 kB
Mapped:           301380 kB
Shmem:               252 kB
Slab:              56080 kB
SReclaimable:      16772 kB
SUnreclaim:        39308 kB
KernelStack:       16080 kB
PageTables:        27676 kB
NFS_Unstable:          0 kB
Bounce:                0 kB
WritebackTmp:          0 kB
CommitLimit:     1242116 kB
Committed_AS:   56794784 kB
VmallocTotal:     409600 kB
VmallocUsed:       34368 kB
VmallocChunk:     101404 kB
Time pass: 103 sec

---2015-11-23 23:33:11
MemTotal:        1959952 kB
MemFree:          189572 kB
Buffers:            3020 kB
Cached:           855148 kB
SwapCached:         1708 kB
Active:           702712 kB
Inactive:         591984 kB
Active(anon):     263152 kB
Inactive(anon):   175212 kB
Active(file):     439560 kB
Inactive(file):   416772 kB
Unevictable:        1580 kB
Mlocked:               0 kB
HighTotal:       1372556 kB
HighFree:          81712 kB
LowTotal:         587396 kB
LowFree:          107860 kB
SwapTotal:        262140 kB
SwapFree:         226400 kB
Dirty:               924 kB
Writeback:             0 kB
AnonPages:        437704 kB
Mapped:           307880 kB
Shmem:               252 kB
Slab:              56252 kB
SReclaimable:      16780 kB
SUnreclaim:        39472 kB
KernelStack:       16056 kB
PageTables:        27764 kB
NFS_Unstable:          0 kB
Bounce:                0 kB
WritebackTmp:          0 kB
CommitLimit:     1242116 kB
Committed_AS:   56800260 kB
VmallocTotal:     409600 kB
VmallocUsed:       32472 kB
VmallocChunk:     101404 kB
Time pass: 107 sec

---2015-11-23 23:33:11
MemTotal:        1959952 kB
MemFree:          166472 kB
Buffers:            3020 kB
Cached:           855256 kB
SwapCached:         1708 kB
Active:           702340 kB
Inactive:         591872 kB
Active(anon):     262616 kB
Inactive(anon):   175212 kB
Active(file):     439724 kB
Inactive(file):   416660 kB
Unevictable:        1580 kB
Mlocked:               0 kB
HighTotal:       1372556 kB
HighFree:          80336 kB
LowTotal:         587396 kB
LowFree:           86136 kB
SwapTotal:        262140 kB
SwapFree:         226400 kB
Dirty:              1064 kB
Writeback:             0 kB
AnonPages:        437784 kB
Mapped:           310520 kB
Shmem:               252 kB
Slab:              55960 kB
SReclaimable:      16796 kB
SUnreclaim:        39164 kB
KernelStack:       16056 kB
PageTables:        27788 kB
NFS_Unstable:          0 kB
Bounce:                0 kB
WritebackTmp:          0 kB
CommitLimit:     1242116 kB
Committed_AS:   56800240 kB
VmallocTotal:     409600 kB
VmallocUsed:       32556 kB
VmallocChunk:     101404 kB
Time pass: 110 sec

---2015-11-23 23:33:11
MemTotal:        1959952 kB
MemFree:          165752 kB
Buffers:            3020 kB
Cached:           855340 kB
SwapCached:         1708 kB
Active:           703228 kB
Inactive:         591732 kB
Active(anon):     263384 kB
Inactive(anon):   175212 kB
Active(file):     439844 kB
Inactive(file):   416520 kB
Unevictable:        1580 kB
Mlocked:               0 kB
HighTotal:       1372556 kB
HighFree:          79628 kB
LowTotal:         587396 kB
LowFree:           86124 kB
SwapTotal:        262140 kB
SwapFree:         226400 kB
Dirty:               716 kB
Writeback:             0 kB
AnonPages:        438412 kB
Mapped:           310472 kB
Shmem:               252 kB
Slab:              56096 kB
SReclaimable:      16796 kB
SUnreclaim:        39300 kB
KernelStack:       16056 kB
PageTables:        27816 kB
NFS_Unstable:          0 kB
Bounce:                0 kB
WritebackTmp:          0 kB
CommitLimit:     1242116 kB
Committed_AS:   56801888 kB
VmallocTotal:     409600 kB
VmallocUsed:       32556 kB
VmallocChunk:     101404 kB
Time pass: 114 sec

---2015-11-23 23:33:11
MemTotal:        1959952 kB
MemFree:          142152 kB
Buffers:            3020 kB
Cached:           855360 kB
SwapCached:         1708 kB
Active:           707928 kB
Inactive:         591876 kB
Active(anon):     268052 kB
Inactive(anon):   175204 kB
Active(file):     439876 kB
Inactive(file):   416672 kB
Unevictable:        1580 kB
Mlocked:               0 kB
HighTotal:       1372556 kB
HighFree:          62604 kB
LowTotal:         587396 kB
LowFree:           79548 kB
SwapTotal:        262140 kB
SwapFree:         226400 kB
Dirty:               576 kB
Writeback:             0 kB
AnonPages:        442924 kB
Mapped:           319316 kB
Shmem:               252 kB
Slab:              56248 kB
SReclaimable:      16796 kB
SUnreclaim:        39452 kB
KernelStack:       16064 kB
PageTables:        27884 kB
NFS_Unstable:          0 kB
Bounce:                0 kB
WritebackTmp:          0 kB
CommitLimit:     1242116 kB
Committed_AS:   56804340 kB
VmallocTotal:     409600 kB
VmallocUsed:       32632 kB
VmallocChunk:     101404 kB
Time pass: 117 sec

---2015-11-23 23:33:11
MemTotal:        1959952 kB
MemFree:          141964 kB
Buffers:            3020 kB
Cached:           855360 kB
SwapCached:         1708 kB
Active:           708024 kB
Inactive:         591876 kB
Active(anon):     268148 kB
Inactive(anon):   175204 kB
Active(file):     439876 kB
Inactive(file):   416672 kB
Unevictable:        1580 kB
Mlocked:               0 kB
HighTotal:       1372556 kB
HighFree:          62400 kB
LowTotal:         587396 kB
LowFree:           79564 kB
SwapTotal:        262140 kB
SwapFree:         226400 kB
Dirty:               576 kB
Writeback:             0 kB
AnonPages:        443032 kB
Mapped:           319216 kB
Shmem:               252 kB
Slab:              56256 kB
SReclaimable:      16804 kB
SUnreclaim:        39452 kB
KernelStack:       16064 kB
PageTables:        27884 kB
NFS_Unstable:          0 kB
Bounce:                0 kB
WritebackTmp:          0 kB
CommitLimit:     1242116 kB
Committed_AS:   56812480 kB
VmallocTotal:     409600 kB
VmallocUsed:       32632 kB
VmallocChunk:     101404 kB
Time pass: 121 sec

---2015-11-23 23:33:11
MemTotal:        1959952 kB
MemFree:          142128 kB
Buffers:            3020 kB
Cached:           855360 kB
SwapCached:         1708 kB
Active:           708020 kB
Inactive:         591876 kB
Active(anon):     268144 kB
Inactive(anon):   175204 kB
Active(file):     439876 kB
Inactive(file):   416672 kB
Unevictable:        1580 kB
Mlocked:               0 kB
HighTotal:       1372556 kB
HighFree:          62436 kB
LowTotal:         587396 kB
LowFree:           79692 kB
SwapTotal:        262140 kB
SwapFree:         226400 kB
Dirty:               576 kB
Writeback:             0 kB
AnonPages:        443100 kB
Mapped:           319316 kB
Shmem:               252 kB
Slab:              56256 kB
SReclaimable:      16804 kB
SUnreclaim:        39452 kB
KernelStack:       16064 kB
PageTables:        27884 kB
NFS_Unstable:          0 kB
Bounce:                0 kB
WritebackTmp:          0 kB
CommitLimit:     1242116 kB
Committed_AS:   56804252 kB
VmallocTotal:     409600 kB
VmallocUsed:       32632 kB
VmallocChunk:     101404 kB
Time pass: 124 sec

---2015-11-23 23:33:11
MemTotal:        1959952 kB
MemFree:          133184 kB
Buffers:            3020 kB
Cached:           855524 kB
SwapCached:         1708 kB
Active:           717736 kB
Inactive:         591032 kB
Active(anon):     276856 kB
Inactive(anon):   175360 kB
Active(file):     440880 kB
Inactive(file):   415672 kB
Unevictable:        1580 kB
Mlocked:               0 kB
HighTotal:       1372556 kB
HighFree:          55052 kB
LowTotal:         587396 kB
LowFree:           78132 kB
SwapTotal:        262140 kB
SwapFree:         226400 kB
Dirty:               616 kB
Writeback:             0 kB
AnonPages:        451792 kB
Mapped:           322216 kB
Shmem:               412 kB
Slab:              55884 kB
SReclaimable:      16804 kB
SUnreclaim:        39080 kB
KernelStack:       16312 kB
PageTables:        28024 kB
NFS_Unstable:          0 kB
Bounce:                0 kB
WritebackTmp:          0 kB
CommitLimit:     1242116 kB
Committed_AS:   56831852 kB
VmallocTotal:     409600 kB
VmallocUsed:       35040 kB
VmallocChunk:     101404 kB
Time pass: 128 sec

---2015-11-23 23:33:11
MemTotal:        1959952 kB
MemFree:          119584 kB
Buffers:            3072 kB
Cached:           858000 kB
SwapCached:         1708 kB
Active:           730384 kB
Inactive:         593412 kB
Active(anon):     289368 kB
Inactive(anon):   175476 kB
Active(file):     441016 kB
Inactive(file):   417936 kB
Unevictable:        1580 kB
Mlocked:               0 kB
HighTotal:       1372556 kB
HighFree:          42232 kB
LowTotal:         587396 kB
LowFree:           77352 kB
SwapTotal:        262140 kB
SwapFree:         226400 kB
Dirty:               676 kB
Writeback:             0 kB
AnonPages:        464620 kB
Mapped:           320672 kB
Shmem:               540 kB
Slab:              55980 kB
SReclaimable:      16804 kB
SUnreclaim:        39176 kB
KernelStack:       16328 kB
PageTables:        28108 kB
NFS_Unstable:          0 kB
Bounce:                0 kB
WritebackTmp:          0 kB
CommitLimit:     1242116 kB
Committed_AS:   56838300 kB
VmallocTotal:     409600 kB
VmallocUsed:       35040 kB
VmallocChunk:     101404 kB
Time pass: 133 sec

---2015-11-23 23:33:11
MemTotal:        1959952 kB
MemFree:          120440 kB
Buffers:            3072 kB
Cached:           858020 kB
SwapCached:         1708 kB
Active:           729976 kB
Inactive:         593424 kB
Active(anon):     288952 kB
Inactive(anon):   175496 kB
Active(file):     441024 kB
Inactive(file):   417928 kB
Unevictable:        1580 kB
Mlocked:               0 kB
HighTotal:       1372556 kB
HighFree:          43008 kB
LowTotal:         587396 kB
LowFree:           77432 kB
SwapTotal:        262140 kB
SwapFree:         226400 kB
Dirty:               680 kB
Writeback:             0 kB
AnonPages:        463688 kB
Mapped:           320576 kB
Shmem:               560 kB
Slab:              56068 kB
SReclaimable:      16804 kB
SUnreclaim:        39264 kB
KernelStack:       16320 kB
PageTables:        28116 kB
NFS_Unstable:          0 kB
Bounce:                0 kB
WritebackTmp:          0 kB
CommitLimit:     1242116 kB
Committed_AS:   56841116 kB
VmallocTotal:     409600 kB
VmallocUsed:       35040 kB
VmallocChunk:     101404 kB
Time pass: 137 sec

---2015-11-23 23:33:11
MemTotal:        1959952 kB
MemFree:          119240 kB
Buffers:            3072 kB
Cached:           858124 kB
SwapCached:         1708 kB
Active:           730920 kB
Inactive:         593520 kB
Active(anon):     289896 kB
Inactive(anon):   175592 kB
Active(file):     441024 kB
Inactive(file):   417928 kB
Unevictable:        1580 kB
Mlocked:               0 kB
HighTotal:       1372556 kB
HighFree:          41796 kB
LowTotal:         587396 kB
LowFree:           77444 kB
SwapTotal:        262140 kB
SwapFree:         226400 kB
Dirty:               680 kB
Writeback:             0 kB
AnonPages:        464720 kB
Mapped:           320796 kB
Shmem:               664 kB
Slab:              55876 kB
SReclaimable:      16804 kB
SUnreclaim:        39072 kB
KernelStack:       16312 kB
PageTables:        28116 kB
NFS_Unstable:          0 kB
Bounce:                0 kB
WritebackTmp:          0 kB
CommitLimit:     1242116 kB
Committed_AS:   56841984 kB
VmallocTotal:     409600 kB
VmallocUsed:       35040 kB
VmallocChunk:     101404 kB
Time pass: 141 sec

---2015-11-23 23:33:11
MemTotal:        1959952 kB
MemFree:          118920 kB
Buffers:            3072 kB
Cached:           858132 kB
SwapCached:         1708 kB
Active:           731768 kB
Inactive:         593536 kB
Active(anon):     290744 kB
Inactive(anon):   175608 kB
Active(file):     441024 kB
Inactive(file):   417928 kB
Unevictable:        1580 kB
Mlocked:               0 kB
HighTotal:       1372556 kB
HighFree:          41300 kB
LowTotal:         587396 kB
LowFree:           77620 kB
SwapTotal:        262140 kB
SwapFree:         226408 kB
Dirty:               740 kB
Writeback:             0 kB
AnonPages:        465576 kB
Mapped:           320804 kB
Shmem:               672 kB
Slab:              55844 kB
SReclaimable:      16804 kB
SUnreclaim:        39040 kB
KernelStack:       16312 kB
PageTables:        28116 kB
NFS_Unstable:          0 kB
Bounce:                0 kB
WritebackTmp:          0 kB
CommitLimit:     1242116 kB
Committed_AS:   56842332 kB
VmallocTotal:     409600 kB
VmallocUsed:       35040 kB
VmallocChunk:     101404 kB
Time pass: 145 sec

---2015-11-23 23:33:11
MemTotal:        1959952 kB
MemFree:          113412 kB
Buffers:            3072 kB
Cached:           858136 kB
SwapCached:         1708 kB
Active:           736128 kB
Inactive:         593524 kB
Active(anon):     295092 kB
Inactive(anon):   175608 kB
Active(file):     441036 kB
Inactive(file):   417916 kB
Unevictable:        1580 kB
Mlocked:               0 kB
HighTotal:       1372556 kB
HighFree:          36216 kB
LowTotal:         587396 kB
LowFree:           77196 kB
SwapTotal:        262140 kB
SwapFree:         226408 kB
Dirty:               720 kB
Writeback:             0 kB
AnonPages:        470136 kB
Mapped:           325040 kB
Shmem:               672 kB
Slab:              55872 kB
SReclaimable:      16804 kB
SUnreclaim:        39068 kB
KernelStack:       16440 kB
PageTables:        28488 kB
NFS_Unstable:          0 kB
Bounce:                0 kB
WritebackTmp:          0 kB
CommitLimit:     1242116 kB
Committed_AS:   57804204 kB
VmallocTotal:     409600 kB
VmallocUsed:       35040 kB
VmallocChunk:     101404 kB
Time pass: 149 sec

---2015-11-23 23:33:11
MemTotal:        1959952 kB
MemFree:          111228 kB
Buffers:            3072 kB
Cached:           858248 kB
SwapCached:         1708 kB
Active:           738840 kB
Inactive:         592952 kB
Active(anon):     297116 kB
Inactive(anon):   175608 kB
Active(file):     441724 kB
Inactive(file):   417344 kB
Unevictable:        1580 kB
Mlocked:               0 kB
HighTotal:       1372556 kB
HighFree:          34232 kB
LowTotal:         587396 kB
LowFree:           76996 kB
SwapTotal:        262140 kB
SwapFree:         226408 kB
Dirty:               708 kB
Writeback:             0 kB
AnonPages:        471948 kB
Mapped:           320824 kB
Shmem:               672 kB
Slab:              55968 kB
SReclaimable:      16804 kB
SUnreclaim:        39164 kB
KernelStack:       16312 kB
PageTables:        28132 kB
NFS_Unstable:          0 kB
Bounce:                0 kB
WritebackTmp:          0 kB
CommitLimit:     1242116 kB
Committed_AS:   56842784 kB
VmallocTotal:     409600 kB
VmallocUsed:       35040 kB
VmallocChunk:     101404 kB
Time pass: 153 sec

---2015-11-23 23:33:11
MemTotal:        1959952 kB
MemFree:          115196 kB
Buffers:            3072 kB
Cached:           858248 kB
SwapCached:         1708 kB
Active:           734764 kB
Inactive:         592952 kB
Active(anon):     293040 kB
Inactive(anon):   175608 kB
Active(file):     441724 kB
Inactive(file):   417344 kB
Unevictable:        1580 kB
Mlocked:               0 kB
HighTotal:       1372556 kB
HighFree:          38228 kB
LowTotal:         587396 kB
LowFree:           76968 kB
SwapTotal:        262140 kB
SwapFree:         226408 kB
Dirty:               708 kB
Writeback:             0 kB
AnonPages:        467880 kB
Mapped:           320824 kB
Shmem:               672 kB
Slab:              55872 kB
SReclaimable:      16804 kB
SUnreclaim:        39068 kB
KernelStack:       16312 kB
PageTables:        28128 kB
NFS_Unstable:          0 kB
Bounce:                0 kB
WritebackTmp:          0 kB
CommitLimit:     1242116 kB
Committed_AS:   56842852 kB
VmallocTotal:     409600 kB
VmallocUsed:       35040 kB
VmallocChunk:     101404 kB
Time pass: 157 sec

---2015-11-23 23:33:11
MemTotal:        1959952 kB
MemFree:          114808 kB
Buffers:            3072 kB
Cached:           858268 kB
SwapCached:         1708 kB
Active:           735224 kB
Inactive:         592984 kB
Active(anon):     293512 kB
Inactive(anon):   175628 kB
Active(file):     441712 kB
Inactive(file):   417356 kB
Unevictable:        1580 kB
Mlocked:               0 kB
HighTotal:       1372556 kB
HighFree:          37856 kB
LowTotal:         587396 kB
LowFree:           76952 kB
SwapTotal:        262140 kB
SwapFree:         226408 kB
Dirty:               752 kB
Writeback:             0 kB
AnonPages:        468352 kB
Mapped:           320844 kB
Shmem:               692 kB
Slab:              55904 kB
SReclaimable:      16804 kB
SUnreclaim:        39100 kB
KernelStack:       16296 kB
PageTables:        28148 kB
NFS_Unstable:          0 kB
Bounce:                0 kB
WritebackTmp:          0 kB
CommitLimit:     1242116 kB
Committed_AS:   56853184 kB
VmallocTotal:     409600 kB
VmallocUsed:       35040 kB
VmallocChunk:     101404 kB
Time pass: 161 sec

---2015-11-23 23:33:11
MemTotal:        1959952 kB
MemFree:          114740 kB
Buffers:            3072 kB
Cached:           858272 kB
SwapCached:         1708 kB
Active:           735524 kB
Inactive:         592976 kB
Active(anon):     293800 kB
Inactive(anon):   175632 kB
Active(file):     441724 kB
Inactive(file):   417344 kB
Unevictable:        1580 kB
Mlocked:               0 kB
HighTotal:       1372556 kB
HighFree:          37732 kB
LowTotal:         587396 kB
LowFree:           77008 kB
SwapTotal:        262140 kB
SwapFree:         226408 kB
Dirty:               732 kB
Writeback:             0 kB
AnonPages:        468756 kB
Mapped:           320728 kB
Shmem:               696 kB
Slab:              55872 kB
SReclaimable:      16772 kB
SUnreclaim:        39100 kB
KernelStack:       16272 kB
PageTables:        28148 kB
NFS_Unstable:          0 kB
Bounce:                0 kB
WritebackTmp:          0 kB
CommitLimit:     1242116 kB
Committed_AS:   56853240 kB
VmallocTotal:     409600 kB
VmallocUsed:       35040 kB
VmallocChunk:     101404 kB
Time pass: 165 sec

---2015-11-23 23:33:11
MemTotal:        1959952 kB
MemFree:          107808 kB
Buffers:            3072 kB
Cached:           858280 kB
SwapCached:         1708 kB
Active:           742848 kB
Inactive:         592980 kB
Active(anon):     301124 kB
Inactive(anon):   175636 kB
Active(file):     441724 kB
Inactive(file):   417344 kB
Unevictable:        1580 kB
Mlocked:               0 kB
HighTotal:       1372556 kB
HighFree:          31308 kB
LowTotal:         587396 kB
LowFree:           76500 kB
SwapTotal:        262140 kB
SwapFree:         226408 kB
Dirty:               732 kB
Writeback:             0 kB
AnonPages:        476172 kB
Mapped:           326252 kB
Shmem:               704 kB
Slab:              55776 kB
SReclaimable:      16772 kB
SUnreclaim:        39004 kB
KernelStack:       16312 kB
PageTables:        28392 kB
NFS_Unstable:          0 kB
Bounce:                0 kB
WritebackTmp:          0 kB
CommitLimit:     1242116 kB
Committed_AS:   57822144 kB
VmallocTotal:     409600 kB
VmallocUsed:       36060 kB
VmallocChunk:     101404 kB
Time pass: 169 sec

---2015-11-23 23:33:11
MemTotal:        1959952 kB
MemFree:          108352 kB
Buffers:            3072 kB
Cached:           858284 kB
SwapCached:         1708 kB
Active:           741840 kB
Inactive:         592980 kB
Active(anon):     300116 kB
Inactive(anon):   175636 kB
Active(file):     441724 kB
Inactive(file):   417344 kB
Unevictable:        1580 kB
Mlocked:               0 kB
HighTotal:       1372556 kB
HighFree:          31556 kB
LowTotal:         587396 kB
LowFree:           76796 kB
SwapTotal:        262140 kB
SwapFree:         226408 kB
Dirty:               732 kB
Writeback:             0 kB
AnonPages:        474940 kB
Mapped:           320924 kB
Shmem:               708 kB
Slab:              55964 kB
SReclaimable:      16772 kB
SUnreclaim:        39192 kB
KernelStack:       16264 kB
PageTables:        28152 kB
NFS_Unstable:          0 kB
Bounce:                0 kB
WritebackTmp:          0 kB
CommitLimit:     1242116 kB
Committed_AS:   56853612 kB
VmallocTotal:     409600 kB
VmallocUsed:       35040 kB
VmallocChunk:     101404 kB
Time pass: 173 sec

---2015-11-23 23:33:11
MemTotal:        1959952 kB
MemFree:          111616 kB
Buffers:            3072 kB
Cached:           858284 kB
SwapCached:         1708 kB
Active:           738000 kB
Inactive:         592980 kB
Active(anon):     296276 kB
Inactive(anon):   175636 kB
Active(file):     441724 kB
Inactive(file):   417344 kB
Unevictable:        1580 kB
Mlocked:               0 kB
HighTotal:       1372556 kB
HighFree:          34904 kB
LowTotal:         587396 kB
LowFree:           76712 kB
SwapTotal:        262140 kB
SwapFree:         226408 kB
Dirty:               732 kB
Writeback:             0 kB
AnonPages:        471100 kB
Mapped:           320924 kB
Shmem:               708 kB
Slab:              55932 kB
SReclaimable:      16772 kB
SUnreclaim:        39160 kB
KernelStack:       16256 kB
PageTables:        28152 kB
NFS_Unstable:          0 kB
Bounce:                0 kB
WritebackTmp:          0 kB
CommitLimit:     1242116 kB
Committed_AS:   56853780 kB
VmallocTotal:     409600 kB
VmallocUsed:       35040 kB
VmallocChunk:     101404 kB
Time pass: 177 sec

---2015-11-23 23:33:11
MemTotal:        1959952 kB
MemFree:          111368 kB
Buffers:            3072 kB
Cached:           858288 kB
SwapCached:         1708 kB
Active:           738380 kB
Inactive:         592984 kB
Active(anon):     296656 kB
Inactive(anon):   175640 kB
Active(file):     441724 kB
Inactive(file):   417344 kB
Unevictable:        1580 kB
Mlocked:               0 kB
HighTotal:       1372556 kB
HighFree:          34656 kB
LowTotal:         587396 kB
LowFree:           76712 kB
SwapTotal:        262140 kB
SwapFree:         226408 kB
Dirty:               732 kB
Writeback:             0 kB
AnonPages:        471664 kB
Mapped:           320928 kB
Shmem:               712 kB
Slab:              55932 kB
SReclaimable:      16772 kB
SUnreclaim:        39160 kB
KernelStack:       16256 kB
PageTables:        28148 kB
NFS_Unstable:          0 kB
Bounce:                0 kB
WritebackTmp:          0 kB
CommitLimit:     1242116 kB
Committed_AS:   56853936 kB
VmallocTotal:     409600 kB
VmallocUsed:       35040 kB
VmallocChunk:     101404 kB
Time pass: 181 sec

---2015-11-23 23:33:11
MemTotal:        1959952 kB
MemFree:          111528 kB
Buffers:            3072 kB
Cached:           858288 kB
SwapCached:         1708 kB
Active:           738880 kB
Inactive:         592984 kB
Active(anon):     297156 kB
Inactive(anon):   175640 kB
Active(file):     441724 kB
Inactive(file):   417344 kB
Unevictable:        1580 kB
Mlocked:               0 kB
HighTotal:       1372556 kB
HighFree:          34784 kB
LowTotal:         587396 kB
LowFree:           76744 kB
SwapTotal:        262140 kB
SwapFree:         226408 kB
Dirty:               732 kB
Writeback:             0 kB
AnonPages:        471984 kB
Mapped:           320928 kB
Shmem:               712 kB
Slab:              55904 kB
SReclaimable:      16772 kB
SUnreclaim:        39132 kB
KernelStack:       16256 kB
PageTables:        28156 kB
NFS_Unstable:          0 kB
Bounce:                0 kB
WritebackTmp:          0 kB
CommitLimit:     1242116 kB
Committed_AS:   56854200 kB
VmallocTotal:     409600 kB
VmallocUsed:       35040 kB
VmallocChunk:     101404 kB
Time pass: 185 sec

---2015-11-23 23:33:11
MemTotal:        1959952 kB
MemFree:          102388 kB
Buffers:            3072 kB
Cached:           858864 kB
SwapCached:         1708 kB
Active:           747084 kB
Inactive:         593544 kB
Active(anon):     305360 kB
Inactive(anon):   175636 kB
Active(file):     441724 kB
Inactive(file):   417908 kB
Unevictable:        1580 kB
Mlocked:               0 kB
HighTotal:       1372556 kB
HighFree:          25984 kB
LowTotal:         587396 kB
LowFree:           76404 kB
SwapTotal:        262140 kB
SwapFree:         226408 kB
Dirty:               772 kB
Writeback:             0 kB
AnonPages:        480100 kB
Mapped:           326928 kB
Shmem:               712 kB
Slab:              55904 kB
SReclaimable:      16772 kB
SUnreclaim:        39132 kB
KernelStack:       16560 kB
PageTables:        28584 kB
NFS_Unstable:          0 kB
Bounce:                0 kB
WritebackTmp:          0 kB
CommitLimit:     1242116 kB
Committed_AS:   57819612 kB
VmallocTotal:     409600 kB
VmallocUsed:       36060 kB
VmallocChunk:     101404 kB
Time pass: 189 sec

---2015-11-23 23:33:11
MemTotal:        1959952 kB
MemFree:          106924 kB
Buffers:            3072 kB
Cached:           858856 kB
SwapCached:         1708 kB
Active:           742624 kB
Inactive:         593544 kB
Active(anon):     300900 kB
Inactive(anon):   175632 kB
Active(file):     441724 kB
Inactive(file):   417912 kB
Unevictable:        1580 kB
Mlocked:               0 kB
HighTotal:       1372556 kB
HighFree:          30076 kB
LowTotal:         587396 kB
LowFree:           76848 kB
SwapTotal:        262140 kB
SwapFree:         226408 kB
Dirty:               732 kB
Writeback:             0 kB
AnonPages:        475532 kB
Mapped:           321108 kB
Shmem:               712 kB
Slab:              55808 kB
SReclaimable:      16772 kB
SUnreclaim:        39036 kB
KernelStack:       16248 kB
PageTables:        28172 kB
NFS_Unstable:          0 kB
Bounce:                0 kB
WritebackTmp:          0 kB
CommitLimit:     1242116 kB
Committed_AS:   56850752 kB
VmallocTotal:     409600 kB
VmallocUsed:       35040 kB
VmallocChunk:     101404 kB
Time pass: 193 sec

---2015-11-23 23:33:11
MemTotal:        1959952 kB
MemFree:          116892 kB
Buffers:            3072 kB
Cached:           858864 kB
SwapCached:         1708 kB
Active:           732436 kB
Inactive:         593304 kB
Active(anon):     290712 kB
Inactive(anon):   175384 kB
Active(file):     441724 kB
Inactive(file):   417920 kB
Unevictable:        1580 kB
Mlocked:               0 kB
HighTotal:       1372556 kB
HighFree:          40116 kB
LowTotal:         587396 kB
LowFree:           76776 kB
SwapTotal:        262140 kB
SwapFree:         226408 kB
Dirty:               736 kB
Writeback:             0 kB
AnonPages:        465348 kB
Mapped:           320924 kB
Shmem:               712 kB
Slab:              55868 kB
SReclaimable:      16772 kB
SUnreclaim:        39096 kB
KernelStack:       16256 kB
PageTables:        28172 kB
NFS_Unstable:          0 kB
Bounce:                0 kB
WritebackTmp:          0 kB
CommitLimit:     1242116 kB
Committed_AS:   56850892 kB
VmallocTotal:     409600 kB
VmallocUsed:       35040 kB
VmallocChunk:     101404 kB
Time pass: 197 sec

---2015-11-23 23:33:11
MemTotal:        1959952 kB
MemFree:          116912 kB
Buffers:            3072 kB
Cached:           858868 kB
SwapCached:         1708 kB
Active:           732788 kB
Inactive:         593308 kB
Active(anon):     291064 kB
Inactive(anon):   175388 kB
Active(file):     441724 kB
Inactive(file):   417920 kB
Unevictable:        1580 kB
Mlocked:               0 kB
HighTotal:       1372556 kB
HighFree:          40108 kB
LowTotal:         587396 kB
LowFree:           76804 kB
SwapTotal:        262140 kB
SwapFree:         226408 kB
Dirty:               736 kB
Writeback:             0 kB
AnonPages:        465600 kB
Mapped:           321112 kB
Shmem:               716 kB
Slab:              55964 kB
SReclaimable:      16772 kB
SUnreclaim:        39192 kB
KernelStack:       16256 kB
PageTables:        28172 kB
NFS_Unstable:          0 kB
Bounce:                0 kB
WritebackTmp:          0 kB
CommitLimit:     1242116 kB
Committed_AS:   56851044 kB
VmallocTotal:     409600 kB
VmallocUsed:       35040 kB
VmallocChunk:     101404 kB
Time pass: 201 sec

---2015-11-23 23:33:11
MemTotal:        1959952 kB
MemFree:          116356 kB
Buffers:            3072 kB
Cached:           858992 kB
SwapCached:         1708 kB
Active:           733680 kB
Inactive:         593428 kB
Active(anon):     291956 kB
Inactive(anon):   175508 kB
Active(file):     441724 kB
Inactive(file):   417920 kB
Unevictable:        1580 kB
Mlocked:               0 kB
HighTotal:       1372556 kB
HighFree:          39736 kB
LowTotal:         587396 kB
LowFree:           76620 kB
SwapTotal:        262140 kB
SwapFree:         226408 kB
Dirty:               784 kB
Writeback:             0 kB
AnonPages:        466588 kB
Mapped:           321136 kB
Shmem:               840 kB
Slab:              55900 kB
SReclaimable:      16772 kB
SUnreclaim:        39128 kB
KernelStack:       16256 kB
PageTables:        28176 kB
NFS_Unstable:          0 kB
Bounce:                0 kB
WritebackTmp:          0 kB
CommitLimit:     1242116 kB
Committed_AS:   56851528 kB
VmallocTotal:     409600 kB
VmallocUsed:       35040 kB
VmallocChunk:     101404 kB
Time pass: 205 sec

---2015-11-23 23:33:11
MemTotal:        1959952 kB
MemFree:          111868 kB
Buffers:            3072 kB
Cached:           858992 kB
SwapCached:         1708 kB
Active:           737768 kB
Inactive:         593432 kB
Active(anon):     296052 kB
Inactive(anon):   175504 kB
Active(file):     441716 kB
Inactive(file):   417928 kB
Unevictable:        1580 kB
Mlocked:               0 kB
HighTotal:       1372556 kB
HighFree:          35136 kB
LowTotal:         587396 kB
LowFree:           76732 kB
SwapTotal:        262140 kB
SwapFree:         226408 kB
Dirty:               764 kB
Writeback:             0 kB
AnonPages:        470648 kB
Mapped:           321316 kB
Shmem:               840 kB
Slab:              55880 kB
SReclaimable:      16768 kB
SUnreclaim:        39112 kB
KernelStack:       16424 kB
PageTables:        28120 kB
NFS_Unstable:          0 kB
Bounce:                0 kB
WritebackTmp:          0 kB
CommitLimit:     1242116 kB
Committed_AS:   56850360 kB
VmallocTotal:     409600 kB
VmallocUsed:       35040 kB
VmallocChunk:     101404 kB
Time pass: 208 sec

---2015-11-23 23:33:11
MemTotal:        1959952 kB
MemFree:          112236 kB
Buffers:            3072 kB
Cached:           859024 kB
SwapCached:         1708 kB
Active:           738252 kB
Inactive:         593456 kB
Active(anon):     296528 kB
Inactive(anon):   175536 kB
Active(file):     441724 kB
Inactive(file):   417920 kB
Unevictable:        1580 kB
Mlocked:               0 kB
HighTotal:       1372556 kB
HighFree:          35320 kB
LowTotal:         587396 kB
LowFree:           76916 kB
SwapTotal:        262140 kB
SwapFree:         226408 kB
Dirty:               736 kB
Writeback:             0 kB
AnonPages:        471140 kB
Mapped:           321268 kB
Shmem:               872 kB
Slab:              55856 kB
SReclaimable:      16768 kB
SUnreclaim:        39088 kB
KernelStack:       16256 kB
PageTables:        28176 kB
NFS_Unstable:          0 kB
Bounce:                0 kB
WritebackTmp:          0 kB
CommitLimit:     1242116 kB
Committed_AS:   56850572 kB
VmallocTotal:     409600 kB
VmallocUsed:       35040 kB
VmallocChunk:     101404 kB
Time pass: 212 sec

---2015-11-23 23:33:11
MemTotal:        1959952 kB
MemFree:          114928 kB
Buffers:            3072 kB
Cached:           859024 kB
SwapCached:         1708 kB
Active:           734872 kB
Inactive:         593456 kB
Active(anon):     293148 kB
Inactive(anon):   175536 kB
Active(file):     441724 kB
Inactive(file):   417920 kB
Unevictable:        1580 kB
Mlocked:               0 kB
HighTotal:       1372556 kB
HighFree:          38044 kB
LowTotal:         587396 kB
LowFree:           76884 kB
SwapTotal:        262140 kB
SwapFree:         226408 kB
Dirty:               736 kB
Writeback:             0 kB
AnonPages:        467708 kB
Mapped:           321268 kB
Shmem:               872 kB
Slab:              55884 kB
SReclaimable:      16768 kB
SUnreclaim:        39116 kB
KernelStack:       16256 kB
PageTables:        28172 kB
NFS_Unstable:          0 kB
Bounce:                0 kB
WritebackTmp:          0 kB
CommitLimit:     1242116 kB
Committed_AS:   56850864 kB
VmallocTotal:     409600 kB
VmallocUsed:       35040 kB
VmallocChunk:     101404 kB
Time pass: 217 sec

---2015-11-23 23:33:11
MemTotal:        1959952 kB
MemFree:          114864 kB
Buffers:            3072 kB
Cached:           859044 kB
SwapCached:         1708 kB
Active:           735352 kB
Inactive:         593464 kB
Active(anon):     293624 kB
Inactive(anon):   175528 kB
Active(file):     441728 kB
Inactive(file):   417936 kB
Unevictable:        1580 kB
Mlocked:               0 kB
HighTotal:       1372556 kB
HighFree:          38044 kB
LowTotal:         587396 kB
LowFree:           76820 kB
SwapTotal:        262140 kB
SwapFree:         226408 kB
Dirty:               752 kB
Writeback:             0 kB
AnonPages:        468212 kB
Mapped:           321260 kB
Shmem:               872 kB
Slab:              55916 kB
SReclaimable:      16768 kB
SUnreclaim:        39148 kB
KernelStack:       16264 kB
PageTables:        28172 kB
NFS_Unstable:          0 kB
Bounce:                0 kB
WritebackTmp:          0 kB
CommitLimit:     1242116 kB
Committed_AS:   56850960 kB
VmallocTotal:     409600 kB
VmallocUsed:       35040 kB
VmallocChunk:     101404 kB
Time pass: 221 sec

---2015-11-23 23:33:11
MemTotal:        1959952 kB
MemFree:          114212 kB
Buffers:            3072 kB
Cached:           859044 kB
SwapCached:         1708 kB
Active:           735612 kB
Inactive:         593464 kB
Active(anon):     293884 kB
Inactive(anon):   175528 kB
Active(file):     441728 kB
Inactive(file):   417936 kB
Unevictable:        1580 kB
Mlocked:               0 kB
HighTotal:       1372556 kB
HighFree:          37400 kB
LowTotal:         587396 kB
LowFree:           76812 kB
SwapTotal:        262140 kB
SwapFree:         226408 kB
Dirty:               768 kB
Writeback:             0 kB
AnonPages:        468620 kB
Mapped:           321260 kB
Shmem:               872 kB
Slab:              55948 kB
SReclaimable:      16768 kB
SUnreclaim:        39180 kB
KernelStack:       16264 kB
PageTables:        28168 kB
NFS_Unstable:          0 kB
Bounce:                0 kB
WritebackTmp:          0 kB
CommitLimit:     1242116 kB
Committed_AS:   56851008 kB
VmallocTotal:     409600 kB
VmallocUsed:       35040 kB
VmallocChunk:     101404 kB
Time pass: 225 sec

---2015-11-23 23:33:11
MemTotal:        1959952 kB
MemFree:          108320 kB
Buffers:            3072 kB
Cached:           859052 kB
SwapCached:         1708 kB
Active:           740880 kB
Inactive:         593480 kB
Active(anon):     299160 kB
Inactive(anon):   175532 kB
Active(file):     441720 kB
Inactive(file):   417948 kB
Unevictable:        1580 kB
Mlocked:               0 kB
HighTotal:       1372556 kB
HighFree:          31556 kB
LowTotal:         587396 kB
LowFree:           76764 kB
SwapTotal:        262140 kB
SwapFree:         226408 kB
Dirty:               800 kB
Writeback:             0 kB
AnonPages:        473552 kB
Mapped:           321264 kB
Shmem:               876 kB
Slab:              55900 kB
SReclaimable:      16768 kB
SUnreclaim:        39132 kB
KernelStack:       16264 kB
PageTables:        28172 kB
NFS_Unstable:          0 kB
Bounce:                0 kB
WritebackTmp:          0 kB
CommitLimit:     1242116 kB
Committed_AS:   56851120 kB
VmallocTotal:     409600 kB
VmallocUsed:       35040 kB
VmallocChunk:     101404 kB
Time pass: 229 sec

---2015-11-23 23:33:11
MemTotal:        1959952 kB
MemFree:          112244 kB
Buffers:            3072 kB
Cached:           859080 kB
SwapCached:         1708 kB
Active:           737228 kB
Inactive:         593500 kB
Active(anon):     295500 kB
Inactive(anon):   175560 kB
Active(file):     441728 kB
Inactive(file):   417940 kB
Unevictable:        1580 kB
Mlocked:               0 kB
HighTotal:       1372556 kB
HighFree:          35540 kB
LowTotal:         587396 kB
LowFree:           76704 kB
SwapTotal:        262140 kB
SwapFree:         226408 kB
Dirty:               768 kB
Writeback:             0 kB
AnonPages:        470040 kB
Mapped:           321292 kB
Shmem:               904 kB
Slab:              55932 kB
SReclaimable:      16768 kB
SUnreclaim:        39164 kB
KernelStack:       16264 kB
PageTables:        28176 kB
NFS_Unstable:          0 kB
Bounce:                0 kB
WritebackTmp:          0 kB
CommitLimit:     1242116 kB
Committed_AS:   56851324 kB
VmallocTotal:     409600 kB
VmallocUsed:       35040 kB
VmallocChunk:     101404 kB
Time pass: 233 sec

---2015-11-23 23:33:11
MemTotal:        1959952 kB
MemFree:          111884 kB
Buffers:            3072 kB
Cached:           859080 kB
SwapCached:         1708 kB
Active:           737456 kB
Inactive:         593496 kB
Active(anon):     295728 kB
Inactive(anon):   175556 kB
Active(file):     441728 kB
Inactive(file):   417940 kB
Unevictable:        1580 kB
Mlocked:               0 kB
HighTotal:       1372556 kB
HighFree:          35272 kB
LowTotal:         587396 kB
LowFree:           76612 kB
SwapTotal:        262140 kB
SwapFree:         226408 kB
Dirty:               772 kB
Writeback:             0 kB
AnonPages:        470100 kB
Mapped:           321292 kB
Shmem:               904 kB
Slab:              55900 kB
SReclaimable:      16768 kB
SUnreclaim:        39132 kB
KernelStack:       16264 kB
PageTables:        28180 kB
NFS_Unstable:          0 kB
Bounce:                0 kB
WritebackTmp:          0 kB
CommitLimit:     1242116 kB
Committed_AS:   56851352 kB
VmallocTotal:     409600 kB
VmallocUsed:       35040 kB
VmallocChunk:     101404 kB
Time pass: 237 sec

---2015-11-23 23:33:11
MemTotal:        1959952 kB
MemFree:          111660 kB
Buffers:            3072 kB
Cached:           859080 kB
SwapCached:         1708 kB
Active:           737716 kB
Inactive:         593496 kB
Active(anon):     295988 kB
Inactive(anon):   175556 kB
Active(file):     441728 kB
Inactive(file):   417940 kB
Unevictable:        1580 kB
Mlocked:               0 kB
HighTotal:       1372556 kB
HighFree:          35192 kB
LowTotal:         587396 kB
LowFree:           76468 kB
SwapTotal:        262140 kB
SwapFree:         226408 kB
Dirty:               772 kB
Writeback:             0 kB
AnonPages:        470720 kB
Mapped:           321292 kB
Shmem:               904 kB
Slab:              55996 kB
SReclaimable:      16768 kB
SUnreclaim:        39228 kB
KernelStack:       16264 kB
PageTables:        28180 kB
NFS_Unstable:          0 kB
Bounce:                0 kB
WritebackTmp:          0 kB
CommitLimit:     1242116 kB
Committed_AS:   56851464 kB
VmallocTotal:     409600 kB
VmallocUsed:       35040 kB
VmallocChunk:     101404 kB
Time pass: 241 sec

---2015-11-23 23:33:11
MemTotal:        1959952 kB
MemFree:          109980 kB
Buffers:            3072 kB
Cached:           859080 kB
SwapCached:         1708 kB
Active:           740248 kB
Inactive:         593496 kB
Active(anon):     298520 kB
Inactive(anon):   175556 kB
Active(file):     441728 kB
Inactive(file):   417940 kB
Unevictable:        1580 kB
Mlocked:               0 kB
HighTotal:       1372556 kB
HighFree:          33580 kB
LowTotal:         587396 kB
LowFree:           76400 kB
SwapTotal:        262140 kB
SwapFree:         226408 kB
Dirty:               768 kB
Writeback:             0 kB
AnonPages:        473120 kB
Mapped:           321292 kB
Shmem:               904 kB
Slab:              55948 kB
SReclaimable:      16752 kB
SUnreclaim:        39196 kB
KernelStack:       16264 kB
PageTables:        28332 kB
NFS_Unstable:          0 kB
Bounce:                0 kB
WritebackTmp:          0 kB
CommitLimit:     1242116 kB
Committed_AS:   57802208 kB
VmallocTotal:     409600 kB
VmallocUsed:       36060 kB
VmallocChunk:     101404 kB
Time pass: 245 sec

---2015-11-23 23:33:11
MemTotal:        1959952 kB
MemFree:          107132 kB
Buffers:            3072 kB
Cached:           859384 kB
SwapCached:         1708 kB
Active:           742488 kB
Inactive:         593760 kB
Active(anon):     300724 kB
Inactive(anon):   175616 kB
Active(file):     441764 kB
Inactive(file):   418144 kB
Unevictable:        1580 kB
Mlocked:               0 kB
HighTotal:       1372556 kB
HighFree:          29480 kB
LowTotal:         587396 kB
LowFree:           77652 kB
SwapTotal:        262140 kB
SwapFree:         226408 kB
Dirty:               772 kB
Writeback:             0 kB
AnonPages:        475300 kB
Mapped:           321304 kB
Shmem:               968 kB
Slab:              55888 kB
SReclaimable:      16752 kB
SUnreclaim:        39136 kB
KernelStack:       16128 kB
PageTables:        27784 kB
NFS_Unstable:          0 kB
Bounce:                0 kB
WritebackTmp:          0 kB
CommitLimit:     1242116 kB
Committed_AS:   55902800 kB
VmallocTotal:     409600 kB
VmallocUsed:       34020 kB
VmallocChunk:     101404 kB
Time pass: 249 sec

---2015-11-23 23:33:11
MemTotal:        1959952 kB
MemFree:          112644 kB
Buffers:            3072 kB
Cached:           859384 kB
SwapCached:         1708 kB
Active:           737664 kB
Inactive:         593748 kB
Active(anon):     295888 kB
Inactive(anon):   175616 kB
Active(file):     441776 kB
Inactive(file):   418132 kB
Unevictable:        1580 kB
Mlocked:               0 kB
HighTotal:       1372556 kB
HighFree:          34756 kB
LowTotal:         587396 kB
LowFree:           77888 kB
SwapTotal:        262140 kB
SwapFree:         226408 kB
Dirty:               768 kB
Writeback:             0 kB
AnonPages:        470376 kB
Mapped:           321304 kB
Shmem:               968 kB
Slab:              55756 kB
SReclaimable:      16752 kB
SUnreclaim:        39004 kB
KernelStack:       16152 kB
PageTables:        27784 kB
NFS_Unstable:          0 kB
Bounce:                0 kB
WritebackTmp:          0 kB
CommitLimit:     1242116 kB
Committed_AS:   55903100 kB
VmallocTotal:     409600 kB
VmallocUsed:       34020 kB
VmallocChunk:     101404 kB
Time pass: 253 sec

---2015-11-23 23:33:11
MemTotal:        1959952 kB
MemFree:          112116 kB
Buffers:            3072 kB
Cached:           859388 kB
SwapCached:         1708 kB
Active:           738184 kB
Inactive:         593752 kB
Active(anon):     296408 kB
Inactive(anon):   175616 kB
Active(file):     441776 kB
Inactive(file):   418136 kB
Unevictable:        1580 kB
Mlocked:               0 kB
HighTotal:       1372556 kB
HighFree:          34508 kB
LowTotal:         587396 kB
LowFree:           77608 kB
SwapTotal:        262140 kB
SwapFree:         226408 kB
Dirty:               776 kB
Writeback:             0 kB
AnonPages:        470828 kB
Mapped:           321304 kB
Shmem:               968 kB
Slab:              55980 kB
SReclaimable:      16752 kB
SUnreclaim:        39228 kB
KernelStack:       16144 kB
PageTables:        27784 kB
NFS_Unstable:          0 kB
Bounce:                0 kB
WritebackTmp:          0 kB
CommitLimit:     1242116 kB
Committed_AS:   55903172 kB
VmallocTotal:     409600 kB
VmallocUsed:       34020 kB
VmallocChunk:     101404 kB
Time pass: 257 sec

---2015-11-23 23:33:11
MemTotal:        1959952 kB
MemFree:          112220 kB
Buffers:            3072 kB
Cached:           859388 kB
SwapCached:         1708 kB
Active:           738608 kB
Inactive:         593752 kB
Active(anon):     296832 kB
Inactive(anon):   175616 kB
Active(file):     441776 kB
Inactive(file):   418136 kB
Unevictable:        1580 kB
Mlocked:               0 kB
HighTotal:       1372556 kB
HighFree:          34508 kB
LowTotal:         587396 kB
LowFree:           77712 kB
SwapTotal:        262140 kB
SwapFree:         226408 kB
Dirty:               776 kB
Writeback:             0 kB
AnonPages:        471216 kB
Mapped:           321152 kB
Shmem:               968 kB
Slab:              55912 kB
SReclaimable:      16752 kB
SUnreclaim:        39160 kB
KernelStack:       16136 kB
PageTables:        27796 kB
NFS_Unstable:          0 kB
Bounce:                0 kB
WritebackTmp:          0 kB
CommitLimit:     1242116 kB
Committed_AS:   55903128 kB
VmallocTotal:     409600 kB
VmallocUsed:       34020 kB
VmallocChunk:     101404 kB
Time pass: 261 sec

---2015-11-23 23:33:11
MemTotal:        1959952 kB
MemFree:          102492 kB
Buffers:            3072 kB
Cached:           859388 kB
SwapCached:         1708 kB
Active:           748400 kB
Inactive:         593752 kB
Active(anon):     306624 kB
Inactive(anon):   175616 kB
Active(file):     441776 kB
Inactive(file):   418136 kB
Unevictable:        1580 kB
Mlocked:               0 kB
HighTotal:       1372556 kB
HighFree:          24836 kB
LowTotal:         587396 kB
LowFree:           77656 kB
SwapTotal:        262140 kB
SwapFree:         226408 kB
Dirty:               776 kB
Writeback:             0 kB
AnonPages:        481484 kB
Mapped:           327016 kB
Shmem:               968 kB
Slab:              55880 kB
SReclaimable:      16752 kB
SUnreclaim:        39128 kB
KernelStack:       16240 kB
PageTables:        28096 kB
NFS_Unstable:          0 kB
Bounce:                0 kB
WritebackTmp:          0 kB
CommitLimit:     1242116 kB
Committed_AS:   56872228 kB
VmallocTotal:     409600 kB
VmallocUsed:       34020 kB
VmallocChunk:     101404 kB
Time pass: 265 sec

---2015-11-23 23:33:11
MemTotal:        1959952 kB
MemFree:          104872 kB
Buffers:            3072 kB
Cached:           859388 kB
SwapCached:         1708 kB
Active:           744804 kB
Inactive:         593760 kB
Active(anon):     303036 kB
Inactive(anon):   175616 kB
Active(file):     441768 kB
Inactive(file):   418144 kB
Unevictable:        1580 kB
Mlocked:               0 kB
HighTotal:       1372556 kB
HighFree:          27564 kB
LowTotal:         587396 kB
LowFree:           77308 kB
SwapTotal:        262140 kB
SwapFree:         226408 kB
Dirty:               784 kB
Writeback:             0 kB
AnonPages:        477580 kB
Mapped:           321304 kB
Shmem:               968 kB
Slab:              55816 kB
SReclaimable:      16752 kB
SUnreclaim:        39064 kB
KernelStack:       16128 kB
PageTables:        27784 kB
NFS_Unstable:          0 kB
Bounce:                0 kB
WritebackTmp:          0 kB
CommitLimit:     1242116 kB
Committed_AS:   55903436 kB
VmallocTotal:     409600 kB
VmallocUsed:       34020 kB
VmallocChunk:     101404 kB
Time pass: 269 sec

---2015-11-23 23:33:11
MemTotal:        1959952 kB
MemFree:          108864 kB
Buffers:            3072 kB
Cached:           859388 kB
SwapCached:         1708 kB
Active:           740896 kB
Inactive:         593752 kB
Active(anon):     299120 kB
Inactive(anon):   175616 kB
Active(file):     441776 kB
Inactive(file):   418136 kB
Unevictable:        1580 kB
Mlocked:               0 kB
HighTotal:       1372556 kB
HighFree:          31620 kB
LowTotal:         587396 kB
LowFree:           77244 kB
SwapTotal:        262140 kB
SwapFree:         226408 kB
Dirty:               776 kB
Writeback:             0 kB
AnonPages:        473664 kB
Mapped:           321304 kB
Shmem:               968 kB
Slab:              55880 kB
SReclaimable:      16752 kB
SUnreclaim:        39128 kB
KernelStack:       16128 kB
PageTables:        27784 kB
NFS_Unstable:          0 kB
Bounce:                0 kB
WritebackTmp:          0 kB
CommitLimit:     1242116 kB
Committed_AS:   55903516 kB
VmallocTotal:     409600 kB
VmallocUsed:       34020 kB
VmallocChunk:     101404 kB
Time pass: 273 sec

---2015-11-23 23:33:11
MemTotal:        1959952 kB
MemFree:          108584 kB
Buffers:            3072 kB
Cached:           859388 kB
SwapCached:         1708 kB
Active:           741292 kB
Inactive:         593752 kB
Active(anon):     299516 kB
Inactive(anon):   175616 kB
Active(file):     441776 kB
Inactive(file):   418136 kB
Unevictable:        1580 kB
Mlocked:               0 kB
HighTotal:       1372556 kB
HighFree:          31496 kB
LowTotal:         587396 kB
LowFree:           77088 kB
SwapTotal:        262140 kB
SwapFree:         226408 kB
Dirty:               776 kB
Writeback:             0 kB
AnonPages:        474060 kB
Mapped:           321304 kB
Shmem:               968 kB
Slab:              55912 kB
SReclaimable:      16752 kB
SUnreclaim:        39160 kB
KernelStack:       16128 kB
PageTables:        27788 kB
NFS_Unstable:          0 kB
Bounce:                0 kB
WritebackTmp:          0 kB
CommitLimit:     1242116 kB
Committed_AS:   55903636 kB
VmallocTotal:     409600 kB
VmallocUsed:       34020 kB
VmallocChunk:     101404 kB
Time pass: 277 sec

---2015-11-23 23:33:11
MemTotal:        1959952 kB
MemFree:          107644 kB
Buffers:            3072 kB
Cached:           859388 kB
SwapCached:         1708 kB
Active:           741772 kB
Inactive:         593752 kB
Active(anon):     299996 kB
Inactive(anon):   175616 kB
Active(file):     441776 kB
Inactive(file):   418136 kB
Unevictable:        1580 kB
Mlocked:               0 kB
HighTotal:       1372556 kB
HighFree:          29888 kB
LowTotal:         587396 kB
LowFree:           77756 kB
SwapTotal:        262140 kB
SwapFree:         226408 kB
Dirty:               776 kB
Writeback:             0 kB
AnonPages:        474552 kB
Mapped:           321304 kB
Shmem:               968 kB
Slab:              55912 kB
SReclaimable:      16752 kB
SUnreclaim:        39160 kB
KernelStack:       16120 kB
PageTables:        27792 kB
NFS_Unstable:          0 kB
Bounce:                0 kB
WritebackTmp:          0 kB
CommitLimit:     1242116 kB
Committed_AS:   55903668 kB
VmallocTotal:     409600 kB
VmallocUsed:       34020 kB
VmallocChunk:     101404 kB
Time pass: 281 sec

---2015-11-23 23:33:11
MemTotal:        1959952 kB
MemFree:          101324 kB
Buffers:            3072 kB
Cached:           859388 kB
SwapCached:         1708 kB
Active:           748548 kB
Inactive:         593760 kB
Active(anon):     306780 kB
Inactive(anon):   175616 kB
Active(file):     441768 kB
Inactive(file):   418144 kB
Unevictable:        1580 kB
Mlocked:               0 kB
HighTotal:       1372556 kB
HighFree:          27284 kB
LowTotal:         587396 kB
LowFree:           74040 kB
SwapTotal:        262140 kB
SwapFree:         226408 kB
Dirty:               864 kB
Writeback:             0 kB
AnonPages:        481308 kB
Mapped:           321304 kB
Shmem:               968 kB
Slab:              55984 kB
SReclaimable:      16744 kB
SUnreclaim:        39240 kB
KernelStack:       16120 kB
PageTables:        27800 kB
NFS_Unstable:          0 kB
Bounce:                0 kB
WritebackTmp:          0 kB
CommitLimit:     1242116 kB
Committed_AS:   55904380 kB
VmallocTotal:     409600 kB
VmallocUsed:       34020 kB
VmallocChunk:     101404 kB
Time pass: 285 sec

---2015-11-23 23:33:11
MemTotal:        1959952 kB
MemFree:          101400 kB
Buffers:            3072 kB
Cached:           859388 kB
SwapCached:         1708 kB
Active:           748940 kB
Inactive:         593756 kB
Active(anon):     307168 kB
Inactive(anon):   175616 kB
Active(file):     441772 kB
Inactive(file):   418140 kB
Unevictable:        1580 kB
Mlocked:               0 kB
HighTotal:       1372556 kB
HighFree:          27160 kB
LowTotal:         587396 kB
LowFree:           74240 kB
SwapTotal:        262140 kB
SwapFree:         226408 kB
Dirty:               784 kB
Writeback:             0 kB
AnonPages:        481648 kB
Mapped:           321328 kB
Shmem:               968 kB
Slab:              55880 kB
SReclaimable:      16744 kB
SUnreclaim:        39136 kB
KernelStack:       16120 kB
PageTables:        27784 kB
NFS_Unstable:          0 kB
Bounce:                0 kB
WritebackTmp:          0 kB
CommitLimit:     1242116 kB
Committed_AS:   55904488 kB
VmallocTotal:     409600 kB
VmallocUsed:       34020 kB
VmallocChunk:     101404 kB
Time pass: 289 sec

---2015-11-23 23:33:11
MemTotal:        1959952 kB
MemFree:          104104 kB
Buffers:            3072 kB
Cached:           859388 kB
SwapCached:         1708 kB
Active:           745716 kB
Inactive:         593748 kB
Active(anon):     303940 kB
Inactive(anon):   175612 kB
Active(file):     441776 kB
Inactive(file):   418136 kB
Unevictable:        1580 kB
Mlocked:               0 kB
HighTotal:       1372556 kB
HighFree:          26416 kB
LowTotal:         587396 kB
LowFree:           77688 kB
SwapTotal:        262140 kB
SwapFree:         226408 kB
Dirty:               784 kB
Writeback:             0 kB
AnonPages:        478652 kB
Mapped:           321304 kB
Shmem:               968 kB
Slab:              55908 kB
SReclaimable:      16744 kB
SUnreclaim:        39164 kB
KernelStack:       16120 kB
PageTables:        27812 kB
NFS_Unstable:          0 kB
Bounce:                0 kB
WritebackTmp:          0 kB
CommitLimit:     1242116 kB
Committed_AS:   55906496 kB
VmallocTotal:     409600 kB
VmallocUsed:       34020 kB
VmallocChunk:     101404 kB
Time pass: 293 sec

---2015-11-23 23:33:11
MemTotal:        1959952 kB
MemFree:          104608 kB
Buffers:            3072 kB
Cached:           859388 kB
SwapCached:         1708 kB
Active:           745408 kB
Inactive:         593748 kB
Active(anon):     303632 kB
Inactive(anon):   175612 kB
Active(file):     441776 kB
Inactive(file):   418136 kB
Unevictable:        1580 kB
Mlocked:               0 kB
HighTotal:       1372556 kB
HighFree:          26912 kB
LowTotal:         587396 kB
LowFree:           77696 kB
SwapTotal:        262140 kB
SwapFree:         226408 kB
Dirty:               784 kB
Writeback:             0 kB
AnonPages:        478176 kB
Mapped:           321304 kB
Shmem:               968 kB
Slab:              55880 kB
SReclaimable:      16744 kB
SUnreclaim:        39136 kB
KernelStack:       16120 kB
PageTables:        27808 kB
NFS_Unstable:          0 kB
Bounce:                0 kB
WritebackTmp:          0 kB
CommitLimit:     1242116 kB
Committed_AS:   55905896 kB
VmallocTotal:     409600 kB
VmallocUsed:       34020 kB
VmallocChunk:     101404 kB
Time pass: 297 sec

---2015-11-23 23:33:11
MemTotal:        1959952 kB
MemFree:          104516 kB
Buffers:            3072 kB
Cached:           859388 kB
SwapCached:         1708 kB
Active:           746056 kB
Inactive:         593748 kB
Active(anon):     304280 kB
Inactive(anon):   175612 kB
Active(file):     441776 kB
Inactive(file):   418136 kB
Unevictable:        1580 kB
Mlocked:               0 kB
HighTotal:       1372556 kB
HighFree:          26788 kB
LowTotal:         587396 kB
LowFree:           77728 kB
SwapTotal:        262140 kB
SwapFree:         226408 kB
Dirty:               784 kB
Writeback:             0 kB
AnonPages:        478636 kB
Mapped:           321304 kB
Shmem:               968 kB
Slab:              55844 kB
SReclaimable:      16744 kB
SUnreclaim:        39100 kB
KernelStack:       16128 kB
PageTables:        27816 kB
NFS_Unstable:          0 kB
Bounce:                0 kB
WritebackTmp:          0 kB
CommitLimit:     1242116 kB
Committed_AS:   55906052 kB
VmallocTotal:     409600 kB
VmallocUsed:       34020 kB
VmallocChunk:     101404 kB
Time pass: 301 sec

---2015-11-23 23:33:11
MemTotal:        1959952 kB
MemFree:           98600 kB
Buffers:            3072 kB
Cached:           859388 kB
SwapCached:         1708 kB
Active:           751820 kB
Inactive:         593756 kB
Active(anon):     310052 kB
Inactive(anon):   175612 kB
Active(file):     441768 kB
Inactive(file):   418144 kB
Unevictable:        1580 kB
Mlocked:               0 kB
HighTotal:       1372556 kB
HighFree:          26044 kB
LowTotal:         587396 kB
LowFree:           72556 kB
SwapTotal:        262140 kB
SwapFree:         226408 kB
Dirty:               816 kB
Writeback:             0 kB
AnonPages:        484752 kB
Mapped:           321328 kB
Shmem:               968 kB
Slab:              55844 kB
SReclaimable:      16744 kB
SUnreclaim:        39100 kB
KernelStack:       16120 kB
PageTables:        27792 kB
NFS_Unstable:          0 kB
Bounce:                0 kB
WritebackTmp:          0 kB
CommitLimit:     1242116 kB
Committed_AS:   55906160 kB
VmallocTotal:     409600 kB
VmallocUsed:       34020 kB
VmallocChunk:     101404 kB
Time pass: 305 sec

---2015-11-23 23:33:11
MemTotal:        1959952 kB
MemFree:           97820 kB
Buffers:            3072 kB
Cached:           859388 kB
SwapCached:         1708 kB
Active:           752092 kB
Inactive:         593748 kB
Active(anon):     310316 kB
Inactive(anon):   175612 kB
Active(file):     441776 kB
Inactive(file):   418136 kB
Unevictable:        1580 kB
Mlocked:               0 kB
HighTotal:       1372556 kB
HighFree:          25424 kB
LowTotal:         587396 kB
LowFree:           72396 kB
SwapTotal:        262140 kB
SwapFree:         226408 kB
Dirty:               784 kB
Writeback:             0 kB
AnonPages:        484832 kB
Mapped:           321304 kB
Shmem:               968 kB
Slab:              56004 kB
SReclaimable:      16744 kB
SUnreclaim:        39260 kB
KernelStack:       16120 kB
PageTables:        27804 kB
NFS_Unstable:          0 kB
Bounce:                0 kB
WritebackTmp:          0 kB
CommitLimit:     1242116 kB
Committed_AS:   55906232 kB
VmallocTotal:     409600 kB
VmallocUsed:       34020 kB
VmallocChunk:     101404 kB
Time pass: 309 sec

---2015-11-23 23:33:11
MemTotal:        1959952 kB
MemFree:          101292 kB
Buffers:            3072 kB
Cached:           859388 kB
SwapCached:         1708 kB
Active:           748464 kB
Inactive:         593748 kB
Active(anon):     306688 kB
Inactive(anon):   175612 kB
Active(file):     441776 kB
Inactive(file):   418136 kB
Unevictable:        1580 kB
Mlocked:               0 kB
HighTotal:       1372556 kB
HighFree:          24928 kB
LowTotal:         587396 kB
LowFree:           76364 kB
SwapTotal:        262140 kB
SwapFree:         226408 kB
Dirty:               784 kB
Writeback:             0 kB
AnonPages:        481176 kB
Mapped:           321348 kB
Shmem:               968 kB
Slab:              55908 kB
SReclaimable:      16744 kB
SUnreclaim:        39164 kB
KernelStack:       16104 kB
PageTables:        27776 kB
NFS_Unstable:          0 kB
Bounce:                0 kB
WritebackTmp:          0 kB
CommitLimit:     1242116 kB
Committed_AS:   55906472 kB
VmallocTotal:     409600 kB
VmallocUsed:       34020 kB
VmallocChunk:     101404 kB
Time pass: 313 sec

---2015-11-23 23:33:11
MemTotal:        1959952 kB
MemFree:          101324 kB
Buffers:            3072 kB
Cached:           859392 kB
SwapCached:         1708 kB
Active:           748776 kB
Inactive:         593752 kB
Active(anon):     307000 kB
Inactive(anon):   175612 kB
Active(file):     441776 kB
Inactive(file):   418140 kB
Unevictable:        1580 kB
Mlocked:               0 kB
HighTotal:       1372556 kB
HighFree:          24928 kB
LowTotal:         587396 kB
LowFree:           76396 kB
SwapTotal:        262140 kB
SwapFree:         226408 kB
Dirty:               788 kB
Writeback:             0 kB
AnonPages:        481524 kB
Mapped:           321336 kB
Shmem:               968 kB
Slab:              55940 kB
SReclaimable:      16744 kB
SUnreclaim:        39196 kB
KernelStack:       16104 kB
PageTables:        27796 kB
NFS_Unstable:          0 kB
Bounce:                0 kB
WritebackTmp:          0 kB
CommitLimit:     1242116 kB
Committed_AS:   55906544 kB
VmallocTotal:     409600 kB
VmallocUsed:       34020 kB
VmallocChunk:     101404 kB
Time pass: 317 sec

---2015-11-23 23:33:11
MemTotal:        1959952 kB
MemFree:          100592 kB
Buffers:            3072 kB
Cached:           859512 kB
SwapCached:         1708 kB
Active:           749640 kB
Inactive:         593872 kB
Active(anon):     307864 kB
Inactive(anon):   175732 kB
Active(file):     441776 kB
Inactive(file):   418140 kB
Unevictable:        1580 kB
Mlocked:               0 kB
HighTotal:       1372556 kB
HighFree:          24236 kB
LowTotal:         587396 kB
LowFree:           76356 kB
SwapTotal:        262140 kB
SwapFree:         226408 kB
Dirty:               784 kB
Writeback:             0 kB
AnonPages:        482440 kB
Mapped:           321432 kB
Shmem:              1088 kB
Slab:              55816 kB
SReclaimable:      16744 kB
SUnreclaim:        39072 kB
KernelStack:       16120 kB
PageTables:        27812 kB
NFS_Unstable:          0 kB
Bounce:                0 kB
WritebackTmp:          0 kB
CommitLimit:     1242116 kB
Committed_AS:   55906860 kB
VmallocTotal:     409600 kB
VmallocUsed:       34020 kB
VmallocChunk:     101404 kB
Time pass: 321 sec

---2015-11-23 23:33:11
MemTotal:        1959952 kB
MemFree:           94604 kB
Buffers:            3072 kB
Cached:           859576 kB
SwapCached:         1708 kB
Active:           755112 kB
Inactive:         593944 kB
Active(anon):     313344 kB
Inactive(anon):   175792 kB
Active(file):     441768 kB
Inactive(file):   418152 kB
Unevictable:        1580 kB
Mlocked:               0 kB
HighTotal:       1372556 kB
HighFree:          24368 kB
LowTotal:         587396 kB
LowFree:           70236 kB
SwapTotal:        262140 kB
SwapFree:         226408 kB
Dirty:               812 kB
Writeback:             0 kB
AnonPages:        487856 kB
Mapped:           321484 kB
Shmem:              1148 kB
Slab:              55976 kB
SReclaimable:      16744 kB
SUnreclaim:        39232 kB
KernelStack:       16104 kB
PageTables:        27804 kB
NFS_Unstable:          0 kB
Bounce:                0 kB
WritebackTmp:          0 kB
CommitLimit:     1242116 kB
Committed_AS:   55906660 kB
VmallocTotal:     409600 kB
VmallocUsed:       34020 kB
VmallocChunk:     101404 kB
Time pass: 325 sec

---2015-11-23 23:33:11
MemTotal:        1959952 kB
MemFree:           97496 kB
Buffers:            3072 kB
Cached:           859664 kB
SwapCached:         1708 kB
Active:           751996 kB
Inactive:         594020 kB
Active(anon):     310220 kB
Inactive(anon):   175788 kB
Active(file):     441776 kB
Inactive(file):   418232 kB
Unevictable:        1580 kB
Mlocked:               0 kB
HighTotal:       1372556 kB
HighFree:          25732 kB
LowTotal:         587396 kB
LowFree:           71764 kB
SwapTotal:        262140 kB
SwapFree:         226408 kB
Dirty:               796 kB
Writeback:             0 kB
AnonPages:        484884 kB
Mapped:           321488 kB
Shmem:              1148 kB
Slab:              55880 kB
SReclaimable:      16744 kB
SUnreclaim:        39136 kB
KernelStack:       16136 kB
PageTables:        27816 kB
NFS_Unstable:          0 kB
Bounce:                0 kB
WritebackTmp:          0 kB
CommitLimit:     1242116 kB
Committed_AS:   55907496 kB
VmallocTotal:     409600 kB
VmallocUsed:       34020 kB
VmallocChunk:     101404 kB
Time pass: 329 sec

---2015-11-23 23:33:11
MemTotal:        1959952 kB
MemFree:           97108 kB
Buffers:            3072 kB
Cached:           859664 kB
SwapCached:         1708 kB
Active:           752444 kB
Inactive:         594012 kB
Active(anon):     310660 kB
Inactive(anon):   175788 kB
Active(file):     441784 kB
Inactive(file):   418224 kB
Unevictable:        1580 kB
Mlocked:               0 kB
HighTotal:       1372556 kB
HighFree:          25484 kB
LowTotal:         587396 kB
LowFree:           71624 kB
SwapTotal:        262140 kB
SwapFree:         226408 kB
Dirty:               796 kB
Writeback:             0 kB
AnonPages:        485196 kB
Mapped:           321520 kB
Shmem:              1148 kB
Slab:              55848 kB
SReclaimable:      16744 kB
SUnreclaim:        39104 kB
KernelStack:       16136 kB
PageTables:        27816 kB
NFS_Unstable:          0 kB
Bounce:                0 kB
WritebackTmp:          0 kB
CommitLimit:     1242116 kB
Committed_AS:   55907544 kB
VmallocTotal:     409600 kB
VmallocUsed:       34020 kB
VmallocChunk:     101404 kB
Time pass: 333 sec

---2015-11-23 23:33:11
MemTotal:        1959952 kB
MemFree:           96820 kB
Buffers:            3072 kB
Cached:           859664 kB
SwapCached:         1708 kB
Active:           752924 kB
Inactive:         594012 kB
Active(anon):     311140 kB
Inactive(anon):   175788 kB
Active(file):     441784 kB
Inactive(file):   418224 kB
Unevictable:        1580 kB
Mlocked:               0 kB
HighTotal:       1372556 kB
HighFree:          25236 kB
LowTotal:         587396 kB
LowFree:           71584 kB
SwapTotal:        262140 kB
SwapFree:         226408 kB
Dirty:               796 kB
Writeback:             0 kB
AnonPages:        485848 kB
Mapped:           321544 kB
Shmem:              1148 kB
Slab:              55912 kB
SReclaimable:      16744 kB
SUnreclaim:        39168 kB
KernelStack:       16152 kB
PageTables:        27828 kB
NFS_Unstable:          0 kB
Bounce:                0 kB
WritebackTmp:          0 kB
CommitLimit:     1242116 kB
Committed_AS:   55907664 kB
VmallocTotal:     409600 kB
VmallocUsed:       34020 kB
VmallocChunk:     101404 kB
Time pass: 337 sec

---2015-11-23 23:33:11
MemTotal:        1959952 kB
MemFree:           94724 kB
Buffers:            3072 kB
Cached:           859664 kB
SwapCached:         1708 kB
Active:           755176 kB
Inactive:         594012 kB
Active(anon):     313392 kB
Inactive(anon):   175788 kB
Active(file):     441784 kB
Inactive(file):   418224 kB
Unevictable:        1580 kB
Mlocked:               0 kB
HighTotal:       1372556 kB
HighFree:          24120 kB
LowTotal:         587396 kB
LowFree:           70604 kB
SwapTotal:        262140 kB
SwapFree:         226408 kB
Dirty:               796 kB
Writeback:             0 kB
AnonPages:        488056 kB
Mapped:           324464 kB
Shmem:              1148 kB
Slab:              56008 kB
SReclaimable:      16744 kB
SUnreclaim:        39264 kB
KernelStack:       16136 kB
PageTables:        28116 kB
NFS_Unstable:          0 kB
Bounce:                0 kB
WritebackTmp:          0 kB
CommitLimit:     1242116 kB
Committed_AS:   56867368 kB
VmallocTotal:     409600 kB
VmallocUsed:       35040 kB
VmallocChunk:     101404 kB
Time pass: 341 sec

---2015-11-23 23:33:11
MemTotal:        1959952 kB
MemFree:           92224 kB
Buffers:            3072 kB
Cached:           859700 kB
SwapCached:         1708 kB
Active:           757468 kB
Inactive:         594048 kB
Active(anon):     315692 kB
Inactive(anon):   175780 kB
Active(file):     441776 kB
Inactive(file):   418268 kB
Unevictable:        1580 kB
Mlocked:               0 kB
HighTotal:       1372556 kB
HighFree:          26744 kB
LowTotal:         587396 kB
LowFree:           65480 kB
SwapTotal:        262140 kB
SwapFree:         226408 kB
Dirty:               876 kB
Writeback:             0 kB
AnonPages:        490188 kB
Mapped:           321548 kB
Shmem:              1148 kB
Slab:              55944 kB
SReclaimable:      16744 kB
SUnreclaim:        39200 kB
KernelStack:       16136 kB
PageTables:        27820 kB
NFS_Unstable:          0 kB
Bounce:                0 kB
WritebackTmp:          0 kB
CommitLimit:     1242116 kB
Committed_AS:   55903320 kB
VmallocTotal:     409600 kB
VmallocUsed:       34020 kB
VmallocChunk:     101404 kB
Time pass: 345 sec

---2015-11-23 23:33:11
MemTotal:        1959952 kB
MemFree:          100712 kB
Buffers:            3072 kB
Cached:           859700 kB
SwapCached:         1708 kB
Active:           748236 kB
Inactive:         594040 kB
Active(anon):     306452 kB
Inactive(anon):   175780 kB
Active(file):     441784 kB
Inactive(file):   418260 kB
Unevictable:        1580 kB
Mlocked:               0 kB
HighTotal:       1372556 kB
HighFree:          29084 kB
LowTotal:         587396 kB
LowFree:           71628 kB
SwapTotal:        262140 kB
SwapFree:         226408 kB
Dirty:               796 kB
Writeback:             0 kB
AnonPages:        481008 kB
Mapped:           321548 kB
Shmem:              1148 kB
Slab:              56012 kB
SReclaimable:      16744 kB
SUnreclaim:        39268 kB
KernelStack:       16136 kB
PageTables:        27820 kB
NFS_Unstable:          0 kB
Bounce:                0 kB
WritebackTmp:          0 kB
CommitLimit:     1242116 kB
Committed_AS:   55903160 kB
VmallocTotal:     409600 kB
VmallocUsed:       34020 kB
VmallocChunk:     101404 kB
Time pass: 349 sec

---2015-11-23 23:33:11
MemTotal:        1959952 kB
MemFree:          105784 kB
Buffers:            3072 kB
Cached:           859700 kB
SwapCached:         1708 kB
Active:           743528 kB
Inactive:         594040 kB
Active(anon):     301744 kB
Inactive(anon):   175780 kB
Active(file):     441784 kB
Inactive(file):   418260 kB
Unevictable:        1580 kB
Mlocked:               0 kB
HighTotal:       1372556 kB
HighFree:          33808 kB
LowTotal:         587396 kB
LowFree:           71976 kB
SwapTotal:        262140 kB
SwapFree:         226408 kB
Dirty:               796 kB
Writeback:             0 kB
AnonPages:        476256 kB
Mapped:           321572 kB
