---2015-12-09 10:41:11
MemTotal:        2873608 kB
MemFree:           89416 kB
Buffers:           22084 kB
Cached:          1298404 kB
SwapCached:            0 kB
Active:          1302204 kB
Inactive:         938408 kB
Active(anon):     739012 kB
Inactive(anon):   191312 kB
Active(file):     563192 kB
Inactive(file):   747096 kB
Unevictable:        8104 kB
Mlocked:               0 kB
SwapTotal:        715328 kB
SwapFree:         715328 kB
Dirty:              6364 kB
Writeback:             0 kB
AnonPages:        928884 kB
Mapped:           473692 kB
Shmem:              1712 kB
Slab:              97352 kB
SReclaimable:      31716 kB
SUnreclaim:        65636 kB
KernelStack:       36976 kB
PageTables:        50452 kB
NFS_Unstable:          0 kB
Bounce:                0 kB
WritebackTmp:          0 kB
CommitLimit:     2152132 kB
Committed_AS:   123871664 kB
VmallocTotal:   251658176 kB
VmallocUsed:      137296 kB
VmallocChunk:   251421228 kB
Time pass: 3 sec

---2015-12-09 10:41:11
MemTotal:        2873608 kB
MemFree:           88172 kB
Buffers:           22320 kB
Cached:          1303684 kB
SwapCached:            0 kB
Active:          1319744 kB
Inactive:         929500 kB
Active(anon):     741788 kB
Inactive(anon):   191348 kB
Active(file):     577956 kB
Inactive(file):   738152 kB
Unevictable:        8104 kB
Mlocked:               0 kB
SwapTotal:        715328 kB
SwapFree:         715328 kB
Dirty:                72 kB
Writeback:             0 kB
AnonPages:        931768 kB
Mapped:           463192 kB
Shmem:              1792 kB
Slab:              96496 kB
SReclaimable:      31500 kB
SUnreclaim:        64996 kB
KernelStack:       36432 kB
PageTables:        47412 kB
NFS_Unstable:          0 kB
Bounce:                0 kB
WritebackTmp:          0 kB
CommitLimit:     2152132 kB
Committed_AS:   116580036 kB
VmallocTotal:   251658176 kB
VmallocUsed:      132060 kB
VmallocChunk:   251421228 kB
Time pass: 7 sec

---2015-12-09 10:41:11
MemTotal:        2873608 kB
MemFree:          130136 kB
Buffers:           22408 kB
Cached:          1303832 kB
SwapCached:            0 kB
Active:          1293964 kB
Inactive:         913948 kB
Active(anon):     700220 kB
Inactive(anon):   191276 kB
Active(file):     593744 kB
Inactive(file):   722672 kB
Unevictable:        8104 kB
Mlocked:               0 kB
SwapTotal:        715328 kB
SwapFree:         715328 kB
Dirty:              1076 kB
Writeback:             0 kB
AnonPages:        889888 kB
Mapped:           476456 kB
Shmem:              1720 kB
Slab:              96440 kB
SReclaimable:      31488 kB
SUnreclaim:        64952 kB
KernelStack:       35888 kB
PageTables:        47724 kB
NFS_Unstable:          0 kB
Bounce:                0 kB
WritebackTmp:          0 kB
CommitLimit:     2152132 kB
Committed_AS:   117279888 kB
VmallocTotal:   251658176 kB
VmallocUsed:      134076 kB
VmallocChunk:   251426348 kB
Time pass: 11 sec

---2015-12-09 10:41:11
MemTotal:        2873608 kB
MemFree:           66756 kB
Buffers:           24016 kB
Cached:          1306332 kB
SwapCached:            0 kB
Active:          1350572 kB
Inactive:         916752 kB
Active(anon):     755536 kB
Inactive(anon):   191204 kB
Active(file):     595036 kB
Inactive(file):   725548 kB
Unevictable:        8104 kB
Mlocked:               0 kB
SwapTotal:        715328 kB
SwapFree:         715328 kB
Dirty:              1152 kB
Writeback:             0 kB
AnonPages:        944912 kB
Mapped:           497932 kB
Shmem:              1652 kB
Slab:              96688 kB
SReclaimable:      31508 kB
SUnreclaim:        65180 kB
KernelStack:       37072 kB
PageTables:        48912 kB
NFS_Unstable:          0 kB
Bounce:                0 kB
WritebackTmp:          0 kB
CommitLimit:     2152132 kB
Committed_AS:   119202716 kB
VmallocTotal:   251658176 kB
VmallocUsed:      135256 kB
VmallocChunk:   251416620 kB
Time pass: 14 sec

---2015-12-09 10:41:11
MemTotal:        2873608 kB
MemFree:          105328 kB
Buffers:           24048 kB
Cached:          1299524 kB
SwapCached:            0 kB
Active:          1335816 kB
Inactive:         894960 kB
Active(anon):     725772 kB
Inactive(anon):   191284 kB
Active(file):     610044 kB
Inactive(file):   703676 kB
Unevictable:        8104 kB
Mlocked:               0 kB
SwapTotal:        715328 kB
SwapFree:         715328 kB
Dirty:              6216 kB
Writeback:             0 kB
AnonPages:        913936 kB
Mapped:           480708 kB
Shmem:              1732 kB
Slab:              96572 kB
SReclaimable:      31408 kB
SUnreclaim:        65164 kB
KernelStack:       36576 kB
PageTables:        48524 kB
NFS_Unstable:          0 kB
Bounce:                0 kB
WritebackTmp:          0 kB
CommitLimit:     2152132 kB
Committed_AS:   119190620 kB
VmallocTotal:   251658176 kB
VmallocUsed:      135120 kB
VmallocChunk:   251416620 kB
Time pass: 18 sec

---2015-12-09 10:41:11
MemTotal:        2873608 kB
MemFree:           59276 kB
Buffers:           23520 kB
Cached:          1214288 kB
SwapCached:            0 kB
Active:          1400788 kB
Inactive:         809040 kB
Active(anon):     789472 kB
Inactive(anon):   197672 kB
Active(file):     611316 kB
Inactive(file):   611368 kB
Unevictable:       13284 kB
Mlocked:               0 kB
SwapTotal:        715328 kB
SwapFree:         714632 kB
Dirty:              1472 kB
Writeback:           208 kB
AnonPages:        986052 kB
Mapped:           470604 kB
Shmem:              1280 kB
Slab:              96224 kB
SReclaimable:      30380 kB
SUnreclaim:        65844 kB
KernelStack:       37504 kB
PageTables:        49688 kB
NFS_Unstable:          0 kB
Bounce:                0 kB
WritebackTmp:          0 kB
CommitLimit:     2152132 kB
Committed_AS:   119873412 kB
VmallocTotal:   251658176 kB
VmallocUsed:      135732 kB
VmallocChunk:   251426348 kB
Time pass: 22 sec

---2015-12-09 10:41:11
MemTotal:        2873608 kB
MemFree:           86820 kB
Buffers:           23612 kB
Cached:          1148832 kB
SwapCached:            0 kB
Active:          1327372 kB
Inactive:         781404 kB
Active(anon):     750188 kB
Inactive(anon):   201272 kB
Active(file):     577184 kB
Inactive(file):   580132 kB
Unevictable:       13568 kB
Mlocked:               0 kB
SwapTotal:        715328 kB
SwapFree:         713544 kB
Dirty:              7624 kB
Writeback:             0 kB
AnonPages:        949840 kB
Mapped:           520672 kB
Shmem:              1448 kB
Slab:              97768 kB
SReclaimable:      31416 kB
SUnreclaim:        66352 kB
KernelStack:       38288 kB
PageTables:        49972 kB
NFS_Unstable:          0 kB
Bounce:                0 kB
WritebackTmp:          0 kB
CommitLimit:     2152132 kB
Committed_AS:   120528144 kB
VmallocTotal:   251658176 kB
VmallocUsed:      136408 kB
VmallocChunk:   251426348 kB
Time pass: 26 sec

---2015-12-09 10:41:11
MemTotal:        2873608 kB
MemFree:           76924 kB
Buffers:           23964 kB
Cached:          1150548 kB
SwapCached:            0 kB
Active:          1341208 kB
Inactive:         782412 kB
Active(anon):     763180 kB
Inactive(anon):   201056 kB
Active(file):     578028 kB
Inactive(file):   581356 kB
Unevictable:       13568 kB
Mlocked:               0 kB
SwapTotal:        715328 kB
SwapFree:         713460 kB
Dirty:               384 kB
Writeback:             0 kB
AnonPages:        962812 kB
Mapped:           519356 kB
Shmem:              1320 kB
Slab:              98020 kB
SReclaimable:      31752 kB
SUnreclaim:        66268 kB
KernelStack:       38400 kB
PageTables:        49156 kB
NFS_Unstable:          0 kB
Bounce:                0 kB
WritebackTmp:          0 kB
CommitLimit:     2152132 kB
Committed_AS:   117475864 kB
VmallocTotal:   251658176 kB
VmallocUsed:      134232 kB
VmallocChunk:   251426348 kB
Time pass: 30 sec

---2015-12-09 10:41:11
MemTotal:        2873608 kB
MemFree:          106744 kB
Buffers:           25064 kB
Cached:          1151448 kB
SwapCached:            0 kB
Active:          1316200 kB
Inactive:         778936 kB
Active(anon):     732468 kB
Inactive(anon):   201048 kB
Active(file):     583732 kB
Inactive(file):   577888 kB
Unevictable:       13568 kB
Mlocked:               0 kB
SwapTotal:        715328 kB
SwapFree:         713460 kB
Dirty:               188 kB
Writeback:             0 kB
AnonPages:        932408 kB
Mapped:           513760 kB
Shmem:              1324 kB
Slab:              97924 kB
SReclaimable:      31764 kB
SUnreclaim:        66160 kB
KernelStack:       37392 kB
PageTables:        49412 kB
NFS_Unstable:          0 kB
Bounce:                0 kB
WritebackTmp:          0 kB
CommitLimit:     2152132 kB
Committed_AS:   119804248 kB
VmallocTotal:   251658176 kB
VmallocUsed:      135252 kB
VmallocChunk:   251426348 kB
Time pass: 33 sec

---2015-12-09 10:41:11
MemTotal:        2873608 kB
MemFree:           70132 kB
Buffers:           24952 kB
Cached:          1136532 kB
SwapCached:            0 kB
Active:          1357340 kB
Inactive:         773524 kB
Active(anon):     784196 kB
Inactive(anon):   200208 kB
Active(file):     573144 kB
Inactive(file):   573316 kB
Unevictable:       13568 kB
Mlocked:               0 kB
SwapTotal:        715328 kB
SwapFree:         712752 kB
Dirty:              1048 kB
Writeback:             0 kB
AnonPages:        983180 kB
Mapped:           542836 kB
Shmem:              1368 kB
Slab:              95580 kB
SReclaimable:      29320 kB
SUnreclaim:        66260 kB
KernelStack:       38496 kB
PageTables:        51008 kB
NFS_Unstable:          0 kB
Bounce:                0 kB
WritebackTmp:          0 kB
CommitLimit:     2152132 kB
Committed_AS:   122390508 kB
VmallocTotal:   251658176 kB
VmallocUsed:      137428 kB
VmallocChunk:   251412524 kB
Time pass: 37 sec

---2015-12-09 10:41:11
MemTotal:        2873608 kB
MemFree:           80560 kB
Buffers:           24744 kB
Cached:          1134472 kB
SwapCached:            0 kB
Active:          1350456 kB
Inactive:         772060 kB
Active(anon):     778372 kB
Inactive(anon):   199700 kB
Active(file):     572084 kB
Inactive(file):   572360 kB
Unevictable:       13568 kB
Mlocked:               0 kB
SwapTotal:        715328 kB
SwapFree:         712396 kB
Dirty:              1180 kB
Writeback:             0 kB
AnonPages:        976884 kB
Mapped:           527616 kB
Shmem:              1256 kB
Slab:              98112 kB
SReclaimable:      31808 kB
SUnreclaim:        66304 kB
KernelStack:       38736 kB
PageTables:        50140 kB
NFS_Unstable:          0 kB
Bounce:                0 kB
WritebackTmp:          0 kB
CommitLimit:     2152132 kB
Committed_AS:   121632296 kB
VmallocTotal:   251658176 kB
VmallocUsed:      136408 kB
VmallocChunk:   251412524 kB
Time pass: 41 sec

---2015-12-09 10:41:11
MemTotal:        2873608 kB
MemFree:           68568 kB
Buffers:           17176 kB
Cached:          1050336 kB
SwapCached:            0 kB
Active:          1363696 kB
Inactive:         712792 kB
Active(anon):     817448 kB
Inactive(anon):   205800 kB
Active(file):     546248 kB
Inactive(file):   506992 kB
Unevictable:       13568 kB
Mlocked:               0 kB
SwapTotal:        715328 kB
SwapFree:         710944 kB
Dirty:               832 kB
Writeback:             0 kB
AnonPages:       1021620 kB
Mapped:           536328 kB
Shmem:               200 kB
Slab:              99576 kB
SReclaimable:      32132 kB
SUnreclaim:        67444 kB
KernelStack:       39536 kB
PageTables:        52492 kB
NFS_Unstable:          0 kB
Bounce:                0 kB
WritebackTmp:          0 kB
CommitLimit:     2152132 kB
Committed_AS:   127573608 kB
VmallocTotal:   251658176 kB
VmallocUsed:      139544 kB
VmallocChunk:   251412524 kB
Time pass: 45 sec

---2015-12-09 10:41:11
MemTotal:        2873608 kB
MemFree:           85392 kB
Buffers:           17224 kB
Cached:          1031712 kB
SwapCached:            0 kB
Active:          1345084 kB
Inactive:         721192 kB
Active(anon):     821304 kB
Inactive(anon):   210016 kB
Active(file):     523780 kB
Inactive(file):   511176 kB
Unevictable:       13568 kB
Mlocked:               0 kB
SwapTotal:        715328 kB
SwapFree:         709900 kB
Dirty:               316 kB
Writeback:             0 kB
AnonPages:       1030732 kB
Mapped:           559308 kB
Shmem:               412 kB
Slab:              98948 kB
SReclaimable:      31652 kB
SUnreclaim:        67296 kB
KernelStack:       39952 kB
PageTables:        52012 kB
NFS_Unstable:          0 kB
Bounce:                0 kB
WritebackTmp:          0 kB
CommitLimit:     2152132 kB
Committed_AS:   123429136 kB
VmallocTotal:   251658176 kB
VmallocUsed:      138524 kB
VmallocChunk:   251412524 kB
Time pass: 48 sec

---2015-12-09 10:41:11
MemTotal:        2873608 kB
MemFree:           69292 kB
Buffers:           16676 kB
Cached:          1021240 kB
SwapCached:            0 kB
Active:          1332808 kB
Inactive:         717820 kB
Active(anon):     817940 kB
Inactive(anon):   208692 kB
Active(file):     514868 kB
Inactive(file):   509128 kB
Unevictable:       13568 kB
Mlocked:               0 kB
SwapTotal:        715328 kB
SwapFree:         709448 kB
Dirty:               772 kB
Writeback:             0 kB
AnonPages:       1026124 kB
Mapped:           599524 kB
Shmem:               428 kB
Slab:              99060 kB
SReclaimable:      32028 kB
SUnreclaim:        67032 kB
KernelStack:       39776 kB
PageTables:        52128 kB
NFS_Unstable:          0 kB
Bounce:                0 kB
WritebackTmp:          0 kB
CommitLimit:     2152132 kB
Committed_AS:   123984328 kB
VmallocTotal:   251658176 kB
VmallocUsed:      137752 kB
VmallocChunk:   251412524 kB
Time pass: 52 sec

---2015-12-09 10:41:11
MemTotal:        2873608 kB
MemFree:           82488 kB
Buffers:           16340 kB
Cached:          1016716 kB
SwapCached:            0 kB
Active:          1313540 kB
Inactive:         718436 kB
Active(anon):     804600 kB
Inactive(anon):   208352 kB
Active(file):     508940 kB
Inactive(file):   510084 kB
Unevictable:       13568 kB
Mlocked:               0 kB
SwapTotal:        715328 kB
SwapFree:         709196 kB
Dirty:              1060 kB
Writeback:             0 kB
AnonPages:       1012420 kB
Mapped:           603464 kB
Shmem:               428 kB
Slab:              98892 kB
SReclaimable:      31836 kB
SUnreclaim:        67056 kB
KernelStack:       39264 kB
PageTables:        51192 kB
NFS_Unstable:          0 kB
Bounce:                0 kB
WritebackTmp:          0 kB
CommitLimit:     2152132 kB
Committed_AS:   120974108 kB
VmallocTotal:   251658176 kB
VmallocUsed:      135780 kB
VmallocChunk:   251412524 kB
Time pass: 56 sec

---2015-12-09 10:41:11
MemTotal:        2873608 kB
MemFree:           81932 kB
Buffers:           16340 kB
Cached:          1017176 kB
SwapCached:            0 kB
Active:          1312808 kB
Inactive:         718888 kB
Active(anon):     803840 kB
Inactive(anon):   208352 kB
Active(file):     508968 kB
Inactive(file):   510536 kB
Unevictable:       13568 kB
Mlocked:               0 kB
SwapTotal:        715328 kB
SwapFree:         709196 kB
Dirty:               148 kB
Writeback:             0 kB
AnonPages:       1011668 kB
Mapped:           603580 kB
Shmem:               428 kB
Slab:              98756 kB
SReclaimable:      31856 kB
SUnreclaim:        66900 kB
KernelStack:       39408 kB
PageTables:        51156 kB
NFS_Unstable:          0 kB
Bounce:                0 kB
WritebackTmp:          0 kB
CommitLimit:     2152132 kB
Committed_AS:   120974396 kB
VmallocTotal:   251658176 kB
VmallocUsed:      135780 kB
VmallocChunk:   251412524 kB
Time pass: 59 sec

---2015-12-09 10:41:11
MemTotal:        2873608 kB
MemFree:           71416 kB
Buffers:           16348 kB
Cached:          1017288 kB
SwapCached:            0 kB
Active:          1310460 kB
Inactive:         718940 kB
Active(anon):     801460 kB
Inactive(anon):   208352 kB
Active(file):     509000 kB
Inactive(file):   510588 kB
Unevictable:       13568 kB
Mlocked:               0 kB
SwapTotal:        715328 kB
SwapFree:         709196 kB
Dirty:                88 kB
Writeback:             0 kB
AnonPages:       1009420 kB
Mapped:           612664 kB
Shmem:               428 kB
Slab:              98756 kB
SReclaimable:      31856 kB
SUnreclaim:        66900 kB
KernelStack:       39520 kB
PageTables:        51212 kB
NFS_Unstable:          0 kB
Bounce:                0 kB
WritebackTmp:          0 kB
CommitLimit:     2152132 kB
Committed_AS:   120974864 kB
VmallocTotal:   251658176 kB
VmallocUsed:      135864 kB
VmallocChunk:   251412524 kB
Time pass: 63 sec

---2015-12-09 10:41:11
MemTotal:        2873608 kB
MemFree:           70204 kB
Buffers:           16356 kB
Cached:          1017280 kB
SwapCached:            0 kB
Active:          1311548 kB
Inactive:         718940 kB
Active(anon):     802548 kB
Inactive(anon):   208352 kB
Active(file):     509000 kB
Inactive(file):   510588 kB
Unevictable:       13568 kB
Mlocked:               0 kB
SwapTotal:        715328 kB
SwapFree:         709196 kB
Dirty:                88 kB
Writeback:             0 kB
AnonPages:       1010532 kB
Mapped:           612672 kB
Shmem:               428 kB
Slab:              98756 kB
SReclaimable:      31856 kB
SUnreclaim:        66900 kB
KernelStack:       39520 kB
PageTables:        51220 kB
NFS_Unstable:          0 kB
Bounce:                0 kB
WritebackTmp:          0 kB
CommitLimit:     2152132 kB
Committed_AS:   120974948 kB
VmallocTotal:   251658176 kB
VmallocUsed:      135864 kB
VmallocChunk:   251412524 kB
Time pass: 67 sec

---2015-12-09 10:41:11
MemTotal:        2873608 kB
MemFree:           69832 kB
Buffers:           15768 kB
Cached:           969748 kB
SwapCached:            0 kB
Active:          1300688 kB
Inactive:         689508 kB
Active(anon):     811904 kB
Inactive(anon):   206664 kB
Active(file):     488784 kB
Inactive(file):   482844 kB
Unevictable:       13568 kB
Mlocked:               0 kB
SwapTotal:        715328 kB
SwapFree:         707760 kB
Dirty:               488 kB
Writeback:             0 kB
AnonPages:       1017716 kB
Mapped:           624064 kB
Shmem:               424 kB
Slab:              98756 kB
SReclaimable:      31856 kB
SUnreclaim:        66900 kB
KernelStack:       39504 kB
PageTables:        51060 kB
NFS_Unstable:          0 kB
Bounce:                0 kB
WritebackTmp:          0 kB
CommitLimit:     2152132 kB
Committed_AS:   120976004 kB
VmallocTotal:   251658176 kB
VmallocUsed:      136016 kB
VmallocChunk:   251412524 kB
Time pass: 71 sec

---2015-12-09 10:41:11
MemTotal:        2873608 kB
MemFree:           67680 kB
Buffers:           15744 kB
Cached:           966240 kB
SwapCached:            0 kB
Active:          1305544 kB
Inactive:         689468 kB
Active(anon):     821120 kB
Inactive(anon):   206172 kB
Active(file):     484424 kB
Inactive(file):   483296 kB
Unevictable:       13568 kB
Mlocked:               0 kB
SwapTotal:        715328 kB
SwapFree:         707416 kB
Dirty:               812 kB
Writeback:             0 kB
AnonPages:       1026672 kB
Mapped:           627764 kB
Shmem:               428 kB
Slab:              99124 kB
SReclaimable:      32000 kB
SUnreclaim:        67124 kB
KernelStack:       39568 kB
PageTables:        51260 kB
NFS_Unstable:          0 kB
Bounce:                0 kB
WritebackTmp:          0 kB
CommitLimit:     2152132 kB
Committed_AS:   120980236 kB
VmallocTotal:   251658176 kB
VmallocUsed:      136016 kB
VmallocChunk:   251412524 kB
Time pass: 74 sec

---2015-12-09 10:41:11
MemTotal:        2873608 kB
MemFree:           65180 kB
Buffers:           15804 kB
Cached:           959692 kB
SwapCached:            0 kB
Active:          1311376 kB
Inactive:         687288 kB
Active(anon):     830644 kB
Inactive(anon):   206520 kB
Active(file):     480732 kB
Inactive(file):   480768 kB
Unevictable:       13568 kB
Mlocked:               0 kB
SwapTotal:        715328 kB
SwapFree:         707108 kB
Dirty:               136 kB
Writeback:             0 kB
AnonPages:       1036940 kB
Mapped:           627296 kB
Shmem:               428 kB
Slab:              98576 kB
SReclaimable:      31536 kB
SUnreclaim:        67040 kB
KernelStack:       39552 kB
PageTables:        51308 kB
NFS_Unstable:          0 kB
Bounce:                0 kB
WritebackTmp:          0 kB
CommitLimit:     2152132 kB
Committed_AS:   120992540 kB
VmallocTotal:   251658176 kB
VmallocUsed:      136016 kB
VmallocChunk:   251412524 kB
Time pass: 78 sec

---2015-12-09 10:41:11
MemTotal:        2873608 kB
MemFree:           66620 kB
Buffers:           15784 kB
Cached:           954488 kB
SwapCached:           16 kB
Active:          1310980 kB
Inactive:         686384 kB
Active(anon):     833072 kB
Inactive(anon):   208152 kB
Active(file):     477908 kB
Inactive(file):   478232 kB
Unevictable:       13568 kB
Mlocked:               0 kB
SwapTotal:        715328 kB
SwapFree:         706928 kB
Dirty:                 0 kB
Writeback:             0 kB
AnonPages:       1040528 kB
Mapped:           627828 kB
Shmem:               564 kB
Slab:              99088 kB
SReclaimable:      31792 kB
SUnreclaim:        67296 kB
KernelStack:       39792 kB
PageTables:        51492 kB
NFS_Unstable:          0 kB
Bounce:                0 kB
WritebackTmp:          0 kB
CommitLimit:     2152132 kB
Committed_AS:   121024028 kB
VmallocTotal:   251658176 kB
VmallocUsed:      138448 kB
VmallocChunk:   251412524 kB
Time pass: 82 sec

---2015-12-09 10:41:11
MemTotal:        2873608 kB
MemFree:           62996 kB
Buffers:           15936 kB
Cached:           944236 kB
SwapCached:           16 kB
Active:          1316592 kB
Inactive:         682676 kB
Active(anon):     844264 kB
Inactive(anon):   210288 kB
Active(file):     472328 kB
Inactive(file):   472388 kB
Unevictable:       13568 kB
Mlocked:               0 kB
SwapTotal:        715328 kB
SwapFree:         706616 kB
Dirty:               156 kB
Writeback:             0 kB
AnonPages:       1053168 kB
Mapped:           628836 kB
Shmem:              1888 kB
Slab:              99148 kB
SReclaimable:      31744 kB
SUnreclaim:        67404 kB
KernelStack:       39872 kB
PageTables:        51704 kB
NFS_Unstable:          0 kB
Bounce:                0 kB
WritebackTmp:          0 kB
CommitLimit:     2152132 kB
Committed_AS:   121032608 kB
VmallocTotal:   251658176 kB
VmallocUsed:      138448 kB
VmallocChunk:   251412524 kB
Time pass: 86 sec

---2015-12-09 10:41:11
MemTotal:        2873608 kB
MemFree:           63628 kB
Buffers:           15780 kB
Cached:           936748 kB
SwapCached:           16 kB
Active:          1319232 kB
Inactive:         678968 kB
Active(anon):     850076 kB
Inactive(anon):   209924 kB
Active(file):     469156 kB
Inactive(file):   469044 kB
Unevictable:       13568 kB
Mlocked:               0 kB
SwapTotal:        715328 kB
SwapFree:         706416 kB
Dirty:                76 kB
Writeback:             0 kB
AnonPages:       1059084 kB
Mapped:           627156 kB
Shmem:               760 kB
Slab:              99160 kB
SReclaimable:      31872 kB
SUnreclaim:        67288 kB
KernelStack:       39824 kB
PageTables:        51704 kB
NFS_Unstable:          0 kB
Bounce:                0 kB
WritebackTmp:          0 kB
CommitLimit:     2152132 kB
Committed_AS:   121032640 kB
VmallocTotal:   251658176 kB
VmallocUsed:      138448 kB
VmallocChunk:   251412524 kB
Time pass: 89 sec

---2015-12-09 10:41:11
MemTotal:        2873608 kB
MemFree:           69472 kB
Buffers:           15796 kB
Cached:           936968 kB
SwapCached:           16 kB
Active:          1314472 kB
Inactive:         679204 kB
Active(anon):     845316 kB
Inactive(anon):   210160 kB
Active(file):     469156 kB
Inactive(file):   469044 kB
Unevictable:       13568 kB
Mlocked:               0 kB
SwapTotal:        715328 kB
SwapFree:         706416 kB
Dirty:                 0 kB
Writeback:             0 kB
AnonPages:       1054688 kB
Mapped:           627364 kB
Shmem:               996 kB
Slab:              99160 kB
SReclaimable:      31872 kB
SUnreclaim:        67288 kB
KernelStack:       39504 kB
PageTables:        51088 kB
NFS_Unstable:          0 kB
Bounce:                0 kB
WritebackTmp:          0 kB
CommitLimit:     2152132 kB
Committed_AS:   119249732 kB
VmallocTotal:   251658176 kB
VmallocUsed:      137428 kB
VmallocChunk:   251412524 kB
Time pass: 93 sec

---2015-12-09 10:41:11
MemTotal:        2873608 kB
MemFree:           81068 kB
Buffers:           15796 kB
Cached:           939188 kB
SwapCached:           16 kB
Active:          1309632 kB
Inactive:         673580 kB
Active(anon):     832760 kB
Inactive(anon):   209720 kB
Active(file):     476872 kB
Inactive(file):   463860 kB
Unevictable:       13568 kB
Mlocked:               0 kB
SwapTotal:        715328 kB
SwapFree:         706420 kB
Dirty:                64 kB
Writeback:             0 kB
AnonPages:       1041604 kB
Mapped:           626780 kB
Shmem:               556 kB
Slab:              99152 kB
SReclaimable:      31872 kB
SUnreclaim:        67280 kB
KernelStack:       39680 kB
PageTables:        50912 kB
NFS_Unstable:          0 kB
Bounce:                0 kB
WritebackTmp:          0 kB
CommitLimit:     2152132 kB
Committed_AS:   119222224 kB
VmallocTotal:   251658176 kB
VmallocUsed:      137428 kB
VmallocChunk:   251412524 kB
Time pass: 97 sec

---2015-12-09 10:41:11
MemTotal:        2873608 kB
MemFree:          284920 kB
Buffers:           13880 kB
Cached:           922308 kB
SwapCached:           16 kB
Active:          1234628 kB
Inactive:         658680 kB
Active(anon):     762820 kB
Inactive(anon):   208168 kB
Active(file):     471808 kB
Inactive(file):   450512 kB
Unevictable:       13568 kB
Mlocked:               0 kB
SwapTotal:        715328 kB
SwapFree:         705184 kB
Dirty:               380 kB
Writeback:             0 kB
AnonPages:        970756 kB
Mapped:           467324 kB
Shmem:               292 kB
Slab:              99248 kB
SReclaimable:      32044 kB
SUnreclaim:        67204 kB
KernelStack:       37920 kB
PageTables:        48696 kB
NFS_Unstable:          0 kB
Bounce:                0 kB
WritebackTmp:          0 kB
CommitLimit:     2152132 kB
Committed_AS:   116618672 kB
VmallocTotal:   251658176 kB
VmallocUsed:      134484 kB
VmallocChunk:   251412524 kB
Time pass: 101 sec

---2015-12-09 10:41:11
MemTotal:        2873608 kB
MemFree:          284888 kB
Buffers:           13888 kB
Cached:           922500 kB
SwapCached:           16 kB
Active:          1235284 kB
Inactive:         658764 kB
Active(anon):     763352 kB
Inactive(anon):   208168 kB
Active(file):     471932 kB
Inactive(file):   450596 kB
Unevictable:       13568 kB
Mlocked:               0 kB
SwapTotal:        715328 kB
SwapFree:         705184 kB
Dirty:                 0 kB
Writeback:             0 kB
AnonPages:        971172 kB
Mapped:           467188 kB
Shmem:               292 kB
Slab:              99320 kB
SReclaimable:      32140 kB
SUnreclaim:        67180 kB
KernelStack:       37600 kB
PageTables:        48752 kB
NFS_Unstable:          0 kB
Bounce:                0 kB
WritebackTmp:          0 kB
CommitLimit:     2152132 kB
Committed_AS:   116627276 kB
VmallocTotal:   251658176 kB
VmallocUsed:      134484 kB
VmallocChunk:   251412524 kB
Time pass: 104 sec

---2015-12-09 10:41:11
MemTotal:        2873608 kB
MemFree:          242824 kB
Buffers:           14036 kB
Cached:           927440 kB
SwapCached:           16 kB
Active:          1271592 kB
Inactive:         658260 kB
Active(anon):     794072 kB
Inactive(anon):   208300 kB
Active(file):     477520 kB
Inactive(file):   449960 kB
Unevictable:       13568 kB
Mlocked:               0 kB
SwapTotal:        715328 kB
SwapFree:         705184 kB
Dirty:              2072 kB
Writeback:             0 kB
AnonPages:       1001636 kB
Mapped:           517792 kB
Shmem:               428 kB
Slab:              99208 kB
SReclaimable:      32060 kB
SUnreclaim:        67148 kB
KernelStack:       38704 kB
PageTables:        49792 kB
NFS_Unstable:          0 kB
Bounce:                0 kB
WritebackTmp:          0 kB
CommitLimit:     2152132 kB
Committed_AS:   117945336 kB
VmallocTotal:   251658176 kB
VmallocUsed:      135492 kB
VmallocChunk:   251412524 kB
Time pass: 108 sec

---2015-12-09 10:41:11
MemTotal:        2873608 kB
MemFree:          160484 kB
Buffers:           14048 kB
Cached:           929572 kB
SwapCached:           16 kB
Active:          1295816 kB
Inactive:         658744 kB
Active(anon):     816748 kB
Inactive(anon):   208300 kB
Active(file):     479068 kB
Inactive(file):   450444 kB
Unevictable:       13568 kB
Mlocked:               0 kB
SwapTotal:        715328 kB
SwapFree:         705184 kB
Dirty:              1156 kB
Writeback:             0 kB
AnonPages:       1024600 kB
Mapped:           572856 kB
Shmem:               428 kB
Slab:              99360 kB
SReclaimable:      32036 kB
SUnreclaim:        67324 kB
KernelStack:       38944 kB
PageTables:        50592 kB
NFS_Unstable:          0 kB
Bounce:                0 kB
WritebackTmp:          0 kB
CommitLimit:     2152132 kB
Committed_AS:   119740376 kB
VmallocTotal:   251658176 kB
VmallocUsed:      134524 kB
VmallocChunk:   251412524 kB
Time pass: 112 sec

---2015-12-09 10:41:11
MemTotal:        2873608 kB
MemFree:          159196 kB
Buffers:           14056 kB
Cached:           929572 kB
SwapCached:           16 kB
Active:          1287740 kB
Inactive:         658856 kB
Active(anon):     808672 kB
Inactive(anon):   208300 kB
Active(file):     479068 kB
Inactive(file):   450556 kB
Unevictable:       13568 kB
Mlocked:               0 kB
SwapTotal:        715328 kB
SwapFree:         705184 kB
Dirty:               116 kB
Writeback:            56 kB
AnonPages:       1016644 kB
Mapped:           580984 kB
Shmem:               428 kB
Slab:              99432 kB
SReclaimable:      32036 kB
SUnreclaim:        67396 kB
KernelStack:       38960 kB
PageTables:        50632 kB
NFS_Unstable:          0 kB
Bounce:                0 kB
WritebackTmp:          0 kB
CommitLimit:     2152132 kB
Committed_AS:   119740600 kB
VmallocTotal:   251658176 kB
VmallocUsed:      134596 kB
VmallocChunk:   251412524 kB
Time pass: 115 sec

---2015-12-09 10:41:11
MemTotal:        2873608 kB
MemFree:          144744 kB
Buffers:           14056 kB
Cached:           929636 kB
SwapCached:           16 kB
Active:          1289780 kB
Inactive:         658820 kB
Active(anon):     810656 kB
Inactive(anon):   208300 kB
Active(file):     479124 kB
Inactive(file):   450520 kB
Unevictable:       13568 kB
Mlocked:               0 kB
SwapTotal:        715328 kB
SwapFree:         705184 kB
Dirty:               188 kB
Writeback:             0 kB
AnonPages:       1018448 kB
Mapped:           589956 kB
Shmem:               428 kB
Slab:              99252 kB
SReclaimable:      32036 kB
SUnreclaim:        67216 kB
KernelStack:       38976 kB
PageTables:        50660 kB
NFS_Unstable:          0 kB
Bounce:                0 kB
WritebackTmp:          0 kB
CommitLimit:     2152132 kB
Committed_AS:   119740784 kB
VmallocTotal:   251658176 kB
VmallocUsed:      134680 kB
VmallocChunk:   251412524 kB
Time pass: 120 sec

---2015-12-09 10:41:11
MemTotal:        2873608 kB
MemFree:          118084 kB
Buffers:           14064 kB
Cached:           929656 kB
SwapCached:           16 kB
Active:          1295360 kB
Inactive:         658896 kB
Active(anon):     816236 kB
Inactive(anon):   208300 kB
Active(file):     479124 kB
Inactive(file):   450596 kB
Unevictable:       13568 kB
Mlocked:               0 kB
SwapTotal:        715328 kB
SwapFree:         705184 kB
Dirty:               524 kB
Writeback:             0 kB
AnonPages:       1024380 kB
Mapped:           602100 kB
Shmem:               428 kB
Slab:              99244 kB
SReclaimable:      32036 kB
SUnreclaim:        67208 kB
KernelStack:       38960 kB
PageTables:        50680 kB
NFS_Unstable:          0 kB
Bounce:                0 kB
WritebackTmp:          0 kB
CommitLimit:     2152132 kB
Committed_AS:   119749176 kB
VmallocTotal:   251658176 kB
VmallocUsed:      134820 kB
VmallocChunk:   251412524 kB
Time pass: 123 sec

---2015-12-09 10:41:11
MemTotal:        2873608 kB
MemFree:          118028 kB
Buffers:           14072 kB
Cached:           929660 kB
SwapCached:           16 kB
Active:          1293952 kB
Inactive:         658900 kB
Active(anon):     814816 kB
Inactive(anon):   208300 kB
Active(file):     479136 kB
Inactive(file):   450600 kB
Unevictable:       13568 kB
Mlocked:               0 kB
SwapTotal:        715328 kB
SwapFree:         705184 kB
Dirty:                36 kB
Writeback:             0 kB
AnonPages:       1022572 kB
Mapped:           603752 kB
Shmem:               428 kB
Slab:              99232 kB
SReclaimable:      32036 kB
SUnreclaim:        67196 kB
KernelStack:       38976 kB
PageTables:        50664 kB
NFS_Unstable:          0 kB
Bounce:                0 kB
WritebackTmp:          0 kB
CommitLimit:     2152132 kB
Committed_AS:   119749616 kB
VmallocTotal:   251658176 kB
VmallocUsed:      134832 kB
VmallocChunk:   251412524 kB
Time pass: 127 sec

---2015-12-09 10:41:11
MemTotal:        2873608 kB
MemFree:          116076 kB
Buffers:           14080 kB
Cached:           929660 kB
SwapCached:           16 kB
Active:          1295732 kB
Inactive:         658908 kB
Active(anon):     816596 kB
Inactive(anon):   208300 kB
Active(file):     479136 kB
Inactive(file):   450608 kB
Unevictable:       13568 kB
Mlocked:               0 kB
SwapTotal:        715328 kB
SwapFree:         705184 kB
Dirty:                 0 kB
Writeback:             0 kB
AnonPages:       1024508 kB
Mapped:           603756 kB
Shmem:               428 kB
Slab:              99204 kB
SReclaimable:      32036 kB
SUnreclaim:        67168 kB
KernelStack:       38960 kB
PageTables:        50664 kB
NFS_Unstable:          0 kB
Bounce:                0 kB
WritebackTmp:          0 kB
CommitLimit:     2152132 kB
Committed_AS:   119749600 kB
VmallocTotal:   251658176 kB
VmallocUsed:      134832 kB
VmallocChunk:   251412524 kB
Time pass: 131 sec

---2015-12-09 10:41:11
MemTotal:        2873608 kB
MemFree:          113928 kB
Buffers:           14716 kB
Cached:           929688 kB
SwapCached:           16 kB
Active:          1296084 kB
Inactive:         659500 kB
Active(anon):     816948 kB
Inactive(anon):   208300 kB
Active(file):     479136 kB
Inactive(file):   451200 kB
Unevictable:       13568 kB
Mlocked:               0 kB
SwapTotal:        715328 kB
SwapFree:         705184 kB
Dirty:               668 kB
Writeback:             0 kB
AnonPages:       1024872 kB
Mapped:           603616 kB
Shmem:               428 kB
Slab:              99248 kB
SReclaimable:      32036 kB
SUnreclaim:        67212 kB
KernelStack:       38960 kB
PageTables:        50672 kB
NFS_Unstable:          0 kB
Bounce:                0 kB
WritebackTmp:          0 kB
CommitLimit:     2152132 kB
Committed_AS:   119749600 kB
VmallocTotal:   251658176 kB
VmallocUsed:      134832 kB
VmallocChunk:   251412524 kB
Time pass: 135 sec

---2015-12-09 10:41:11
MemTotal:        2873608 kB
MemFree:           91452 kB
Buffers:           15708 kB
Cached:           929808 kB
SwapCached:           16 kB
Active:          1315568 kB
Inactive:         659044 kB
Active(anon):     834844 kB
Inactive(anon):   208376 kB
Active(file):     480724 kB
Inactive(file):   450668 kB
Unevictable:       13568 kB
Mlocked:               0 kB
SwapTotal:        715328 kB
SwapFree:         705184 kB
Dirty:               236 kB
Writeback:             0 kB
AnonPages:       1042436 kB
Mapped:           612308 kB
Shmem:               556 kB
Slab:              99340 kB
SReclaimable:      32036 kB
SUnreclaim:        67304 kB
KernelStack:       39472 kB
PageTables:        50948 kB
NFS_Unstable:          0 kB
Bounce:                0 kB
WritebackTmp:          0 kB
CommitLimit:     2152132 kB
Committed_AS:   119785664 kB
VmallocTotal:   251658176 kB
VmallocUsed:      137264 kB
VmallocChunk:   251412524 kB
Time pass: 138 sec

---2015-12-09 10:41:11
MemTotal:        2873608 kB
MemFree:           93280 kB
Buffers:           15708 kB
Cached:           929872 kB
SwapCached:           16 kB
Active:          1315244 kB
Inactive:         659092 kB
Active(anon):     834500 kB
Inactive(anon):   208444 kB
Active(file):     480744 kB
Inactive(file):   450648 kB
Unevictable:       13568 kB
Mlocked:               0 kB
SwapTotal:        715328 kB
SwapFree:         705184 kB
Dirty:                 4 kB
Writeback:             0 kB
AnonPages:       1042348 kB
Mapped:           612508 kB
Shmem:               620 kB
Slab:              99404 kB
SReclaimable:      32036 kB
SUnreclaim:        67368 kB
KernelStack:       39440 kB
PageTables:        51052 kB
NFS_Unstable:          0 kB
Bounce:                0 kB
WritebackTmp:          0 kB
CommitLimit:     2152132 kB
Committed_AS:   119785752 kB
VmallocTotal:   251658176 kB
VmallocUsed:      137264 kB
VmallocChunk:   251412524 kB
Time pass: 142 sec

---2015-12-09 10:41:11
MemTotal:        2873608 kB
MemFree:          115564 kB
Buffers:           15724 kB
Cached:           929964 kB
SwapCached:           16 kB
Active:          1297624 kB
Inactive:         658792 kB
Active(anon):     816472 kB
Inactive(anon):   208536 kB
Active(file):     481152 kB
Inactive(file):   450256 kB
Unevictable:       13568 kB
Mlocked:               0 kB
SwapTotal:        715328 kB
SwapFree:         705184 kB
Dirty:                76 kB
Writeback:             0 kB
AnonPages:       1024320 kB
Mapped:           603360 kB
Shmem:               712 kB
Slab:              99352 kB
SReclaimable:      32020 kB
SUnreclaim:        67332 kB
KernelStack:       38880 kB
PageTables:        50384 kB
NFS_Unstable:          0 kB
Bounce:                0 kB
WritebackTmp:          0 kB
CommitLimit:     2152132 kB
Committed_AS:   118534056 kB
VmallocTotal:   251658176 kB
VmallocUsed:      136084 kB
VmallocChunk:   251412524 kB
Time pass: 146 sec

---2015-12-09 10:41:11
MemTotal:        2873608 kB
MemFree:          115020 kB
Buffers:           15732 kB
Cached:           930044 kB
SwapCached:           16 kB
Active:          1298336 kB
Inactive:         658796 kB
Active(anon):     817100 kB
Inactive(anon):   208616 kB
Active(file):     481236 kB
Inactive(file):   450180 kB
Unevictable:       13568 kB
Mlocked:               0 kB
SwapTotal:        715328 kB
SwapFree:         705184 kB
Dirty:                36 kB
Writeback:             0 kB
AnonPages:       1024968 kB
Mapped:           603520 kB
Shmem:               792 kB
Slab:              99324 kB
SReclaimable:      32020 kB
SUnreclaim:        67304 kB
KernelStack:       38656 kB
PageTables:        50308 kB
NFS_Unstable:          0 kB
Bounce:                0 kB
WritebackTmp:          0 kB
CommitLimit:     2152132 kB
Committed_AS:   118534184 kB
VmallocTotal:   251658176 kB
VmallocUsed:      136084 kB
VmallocChunk:   251412524 kB
Time pass: 150 sec

---2015-12-09 10:41:11
MemTotal:        2873608 kB
MemFree:          114904 kB
Buffers:           15732 kB
Cached:           930144 kB
SwapCached:           16 kB
Active:          1298168 kB
Inactive:         658892 kB
Active(anon):     816928 kB
Inactive(anon):   208712 kB
Active(file):     481240 kB
Inactive(file):   450180 kB
Unevictable:       13568 kB
Mlocked:               0 kB
SwapTotal:        715328 kB
SwapFree:         705184 kB
Dirty:                 0 kB
Writeback:            40 kB
AnonPages:       1024836 kB
Mapped:           603724 kB
Shmem:               888 kB
Slab:              99320 kB
SReclaimable:      32020 kB
SUnreclaim:        67300 kB
KernelStack:       38656 kB
PageTables:        50308 kB
NFS_Unstable:          0 kB
Bounce:                0 kB
WritebackTmp:          0 kB
CommitLimit:     2152132 kB
Committed_AS:   118534120 kB
VmallocTotal:   251658176 kB
VmallocUsed:      136084 kB
VmallocChunk:   251412524 kB
Time pass: 154 sec

---2015-12-09 10:41:11
MemTotal:        2873608 kB
MemFree:          107604 kB
Buffers:           15772 kB
Cached:           929860 kB
SwapCached:           16 kB
Active:          1307048 kB
Inactive:         658460 kB
Active(anon):     825620 kB
Inactive(anon):   208428 kB
Active(file):     481428 kB
Inactive(file):   450032 kB
Unevictable:       13568 kB
Mlocked:               0 kB
SwapTotal:        715328 kB
SwapFree:         705184 kB
Dirty:                72 kB
Writeback:             0 kB
AnonPages:       1033588 kB
Mapped:           605124 kB
Shmem:               604 kB
Slab:              99292 kB
SReclaimable:      32020 kB
SUnreclaim:        67272 kB
KernelStack:       38656 kB
PageTables:        50256 kB
NFS_Unstable:          0 kB
Bounce:                0 kB
WritebackTmp:          0 kB
CommitLimit:     2152132 kB
Committed_AS:   118542388 kB
VmallocTotal:   251658176 kB
VmallocUsed:      136084 kB
VmallocChunk:   251412524 kB
Time pass: 157 sec

---2015-12-09 10:41:11
MemTotal:        2873608 kB
MemFree:          108372 kB
Buffers:           15788 kB
Cached:           929672 kB
SwapCached:           16 kB
Active:          1306660 kB
Inactive:         658280 kB
Active(anon):     825224 kB
Inactive(anon):   208252 kB
Active(file):     481436 kB
Inactive(file):   450028 kB
Unevictable:       13568 kB
Mlocked:               0 kB
SwapTotal:        715328 kB
SwapFree:         705184 kB
Dirty:                 8 kB
Writeback:             0 kB
AnonPages:       1033528 kB
Mapped:           604752 kB
Shmem:               428 kB
Slab:              99228 kB
SReclaimable:      31924 kB
SUnreclaim:        67304 kB
KernelStack:       38448 kB
PageTables:        50124 kB
NFS_Unstable:          0 kB
Bounce:                0 kB
WritebackTmp:          0 kB
CommitLimit:     2152132 kB
Committed_AS:   118542360 kB
VmallocTotal:   251658176 kB
VmallocUsed:      136084 kB
VmallocChunk:   251412524 kB
Time pass: 161 sec

---2015-12-09 10:41:11
MemTotal:        2873608 kB
MemFree:          107284 kB
Buffers:           15804 kB
Cached:           929892 kB
SwapCached:           16 kB
Active:          1307056 kB
Inactive:         658512 kB
Active(anon):     825620 kB
Inactive(anon):   208452 kB
Active(file):     481436 kB
Inactive(file):   450060 kB
Unevictable:       13568 kB
Mlocked:               0 kB
SwapTotal:        715328 kB
SwapFree:         705184 kB
Dirty:                64 kB
Writeback:             0 kB
AnonPages:       1033484 kB
Mapped:           605160 kB
Shmem:               632 kB
Slab:              99272 kB
SReclaimable:      31924 kB
SUnreclaim:        67348 kB
KernelStack:       38656 kB
PageTables:        50312 kB
NFS_Unstable:          0 kB
Bounce:                0 kB
WritebackTmp:          0 kB
CommitLimit:     2152132 kB
Committed_AS:   118546488 kB
VmallocTotal:   251658176 kB
VmallocUsed:      136084 kB
VmallocChunk:   251412524 kB
Time pass: 165 sec

---2015-12-09 10:41:11
MemTotal:        2873608 kB
MemFree:          106068 kB
Buffers:           15812 kB
Cached:           929992 kB
SwapCached:           16 kB
Active:          1307640 kB
Inactive:         658620 kB
Active(anon):     826204 kB
Inactive(anon):   208544 kB
Active(file):     481436 kB
Inactive(file):   450076 kB
Unevictable:       13568 kB
Mlocked:               0 kB
SwapTotal:        715328 kB
SwapFree:         705184 kB
Dirty:                40 kB
Writeback:             0 kB
AnonPages:       1034120 kB
Mapped:           605260 kB
Shmem:               724 kB
Slab:              99216 kB
SReclaimable:      31924 kB
SUnreclaim:        67292 kB
KernelStack:       38608 kB
PageTables:        50312 kB
NFS_Unstable:          0 kB
Bounce:                0 kB
WritebackTmp:          0 kB
CommitLimit:     2152132 kB
Committed_AS:   118546488 kB
VmallocTotal:   251658176 kB
VmallocUsed:      136084 kB
VmallocChunk:   251412524 kB
Time pass: 168 sec

---2015-12-09 10:41:11
MemTotal:        2873608 kB
MemFree:          105024 kB
Buffers:           15828 kB
Cached:           930012 kB
SwapCached:           16 kB
Active:          1308500 kB
Inactive:         658644 kB
Active(anon):     827052 kB
Inactive(anon):   208560 kB
Active(file):     481448 kB
Inactive(file):   450084 kB
Unevictable:       13568 kB
Mlocked:               0 kB
SwapTotal:        715328 kB
SwapFree:         705184 kB
Dirty:               104 kB
Writeback:             0 kB
AnonPages:       1034984 kB
Mapped:           605288 kB
Shmem:               740 kB
Slab:              99240 kB
SReclaimable:      31924 kB
SUnreclaim:        67316 kB
KernelStack:       38608 kB
PageTables:        50308 kB
NFS_Unstable:          0 kB
Bounce:                0 kB
WritebackTmp:          0 kB
CommitLimit:     2152132 kB
Committed_AS:   118546536 kB
VmallocTotal:   251658176 kB
VmallocUsed:      136084 kB
VmallocChunk:   251412524 kB
Time pass: 172 sec

---2015-12-09 10:41:11
MemTotal:        2873608 kB
MemFree:          107884 kB
Buffers:           15828 kB
Cached:           930012 kB
SwapCached:           16 kB
Active:          1306152 kB
Inactive:         658644 kB
Active(anon):     824704 kB
Inactive(anon):   208560 kB
Active(file):     481448 kB
Inactive(file):   450084 kB
Unevictable:       13568 kB
Mlocked:               0 kB
SwapTotal:        715328 kB
SwapFree:         705184 kB
Dirty:                 4 kB
Writeback:             0 kB
AnonPages:       1032428 kB
Mapped:           605084 kB
Shmem:               740 kB
Slab:              99236 kB
SReclaimable:      31924 kB
SUnreclaim:        67312 kB
KernelStack:       38576 kB
PageTables:        50312 kB
NFS_Unstable:          0 kB
Bounce:                0 kB
WritebackTmp:          0 kB
CommitLimit:     2152132 kB
Committed_AS:   118520116 kB
VmallocTotal:   251658176 kB
VmallocUsed:      136084 kB
VmallocChunk:   251412524 kB
Time pass: 176 sec

---2015-12-09 10:41:11
MemTotal:        2873608 kB
MemFree:          115852 kB
Buffers:           15836 kB
Cached:           929704 kB
SwapCached:           16 kB
Active:          1298924 kB
Inactive:         658348 kB
Active(anon):     817476 kB
Inactive(anon):   208252 kB
Active(file):     481448 kB
Inactive(file):   450096 kB
Unevictable:       13568 kB
Mlocked:               0 kB
SwapTotal:        715328 kB
SwapFree:         705184 kB
Dirty:                12 kB
Writeback:             0 kB
AnonPages:       1025360 kB
Mapped:           604964 kB
Shmem:               428 kB
Slab:              99216 kB
SReclaimable:      31924 kB
SUnreclaim:        67292 kB
KernelStack:       38240 kB
PageTables:        50136 kB
NFS_Unstable:          0 kB
Bounce:                0 kB
WritebackTmp:          0 kB
CommitLimit:     2152132 kB
Committed_AS:   118518940 kB
VmallocTotal:   251658176 kB
VmallocUsed:      136068 kB
VmallocChunk:   251412524 kB
Time pass: 180 sec

---2015-12-09 10:41:11
MemTotal:        2873608 kB
MemFree:          116296 kB
Buffers:           15836 kB
Cached:           929704 kB
SwapCached:           16 kB
Active:          1298676 kB
Inactive:         658348 kB
Active(anon):     817228 kB
Inactive(anon):   208252 kB
Active(file):     481448 kB
Inactive(file):   450096 kB
Unevictable:       13568 kB
Mlocked:               0 kB
SwapTotal:        715328 kB
SwapFree:         705184 kB
Dirty:                 0 kB
Writeback:             0 kB
AnonPages:       1025076 kB
Mapped:           604668 kB
Shmem:               428 kB
Slab:              99196 kB
SReclaimable:      31924 kB
SUnreclaim:        67272 kB
KernelStack:       38224 kB
PageTables:        50104 kB
NFS_Unstable:          0 kB
Bounce:                0 kB
WritebackTmp:          0 kB
CommitLimit:     2152132 kB
Committed_AS:   118518932 kB
VmallocTotal:   251658176 kB
VmallocUsed:      136068 kB
VmallocChunk:   251412524 kB
Time pass: 184 sec

---2015-12-09 10:41:11
MemTotal:        2873608 kB
MemFree:          115040 kB
Buffers:           15836 kB
Cached:           929704 kB
SwapCached:           16 kB
Active:          1300216 kB
Inactive:         658344 kB
Active(anon):     818764 kB
Inactive(anon):   208252 kB
Active(file):     481452 kB
Inactive(file):   450092 kB
Unevictable:       13568 kB
Mlocked:               0 kB
SwapTotal:        715328 kB
SwapFree:         705184 kB
Dirty:                 4 kB
Writeback:             0 kB
AnonPages:       1026672 kB
Mapped:           604892 kB
Shmem:               428 kB
Slab:              99196 kB
SReclaimable:      31924 kB
SUnreclaim:        67272 kB
KernelStack:       38304 kB
PageTables:        50116 kB
NFS_Unstable:          0 kB
Bounce:                0 kB
WritebackTmp:          0 kB
CommitLimit:     2152132 kB
Committed_AS:   118518956 kB
VmallocTotal:   251658176 kB
VmallocUsed:      136068 kB
VmallocChunk:   251412524 kB
Time pass: 187 sec

---2015-12-09 10:41:11
MemTotal:        2873608 kB
MemFree:          104836 kB
Buffers:           15852 kB
Cached:           929872 kB
SwapCached:           16 kB
Active:          1309444 kB
Inactive:         658516 kB
Active(anon):     827988 kB
Inactive(anon):   208408 kB
Active(file):     481456 kB
Inactive(file):   450108 kB
Unevictable:       13568 kB
Mlocked:               0 kB
SwapTotal:        715328 kB
SwapFree:         705184 kB
Dirty:                56 kB
Writeback:             0 kB
AnonPages:       1035764 kB
Mapped:           605248 kB
Shmem:               592 kB
Slab:              99220 kB
SReclaimable:      31924 kB
SUnreclaim:        67296 kB
KernelStack:       38608 kB
PageTables:        50320 kB
NFS_Unstable:          0 kB
Bounce:                0 kB
WritebackTmp:          0 kB
CommitLimit:     2152132 kB
Committed_AS:   118550544 kB
VmallocTotal:   251658176 kB
VmallocUsed:      136084 kB
VmallocChunk:   251412524 kB
Time pass: 191 sec

---2015-12-09 10:41:11
MemTotal:        2873608 kB
MemFree:          102948 kB
Buffers:           15860 kB
Cached:           929928 kB
SwapCached:           16 kB
Active:          1309888 kB
Inactive:         658584 kB
Active(anon):     828432 kB
Inactive(anon):   208468 kB
Active(file):     481456 kB
Inactive(file):   450116 kB
Unevictable:       13568 kB
Mlocked:               0 kB
SwapTotal:        715328 kB
SwapFree:         705184 kB
Dirty:                40 kB
Writeback:             0 kB
AnonPages:       1036140 kB
Mapped:           605360 kB
Shmem:               648 kB
Slab:              99180 kB
SReclaimable:      31924 kB
SUnreclaim:        67256 kB
KernelStack:       38608 kB
PageTables:        50460 kB
NFS_Unstable:          0 kB
Bounce:                0 kB
WritebackTmp:          0 kB
CommitLimit:     2152132 kB
Committed_AS:   118550624 kB
VmallocTotal:   251658176 kB
VmallocUsed:      136084 kB
VmallocChunk:   251412524 kB
Time pass: 195 sec

---2015-12-09 10:41:11
MemTotal:        2873608 kB
MemFree:          101676 kB
Buffers:           15860 kB
Cached:           929960 kB
SwapCached:           16 kB
Active:          1310396 kB
Inactive:         658612 kB
Active(anon):     828936 kB
Inactive(anon):   208496 kB
Active(file):     481460 kB
Inactive(file):   450116 kB
Unevictable:       13568 kB
Mlocked:               0 kB
SwapTotal:        715328 kB
SwapFree:         705184 kB
Dirty:                 8 kB
Writeback:            28 kB
AnonPages:       1036792 kB
Mapped:           605504 kB
Shmem:               676 kB
Slab:              99196 kB
SReclaimable:      31924 kB
SUnreclaim:        67272 kB
KernelStack:       38608 kB
PageTables:        50436 kB
NFS_Unstable:          0 kB
Bounce:                0 kB
WritebackTmp:          0 kB
CommitLimit:     2152132 kB
Committed_AS:   118550664 kB
VmallocTotal:   251658176 kB
VmallocUsed:      136084 kB
VmallocChunk:   251412524 kB
Time pass: 198 sec

---2015-12-09 10:41:11
MemTotal:        2873608 kB
MemFree:           97320 kB
Buffers:           15900 kB
Cached:           930044 kB
SwapCached:           16 kB
Active:          1315348 kB
Inactive:         658724 kB
Active(anon):     833888 kB
Inactive(anon):   208568 kB
Active(file):     481460 kB
Inactive(file):   450156 kB
Unevictable:       13568 kB
Mlocked:               0 kB
SwapTotal:        715328 kB
SwapFree:         705184 kB
Dirty:                60 kB
Writeback:             0 kB
AnonPages:       1041680 kB
Mapped:           605608 kB
Shmem:               760 kB
Slab:              99188 kB
SReclaimable:      31924 kB
SUnreclaim:        67264 kB
KernelStack:       38640 kB
PageTables:        50440 kB
NFS_Unstable:          0 kB
Bounce:                0 kB
WritebackTmp:          0 kB
CommitLimit:     2152132 kB
Committed_AS:   118554784 kB
VmallocTotal:   251658176 kB
VmallocUsed:      136084 kB
VmallocChunk:   251412524 kB
Time pass: 202 sec

---2015-12-09 10:41:11
MemTotal:        2873608 kB
MemFree:           97432 kB
Buffers:           15932 kB
Cached:           929860 kB
SwapCached:           16 kB
Active:          1316168 kB
Inactive:         658568 kB
Active(anon):     834708 kB
Inactive(anon):   208380 kB
Active(file):     481460 kB
Inactive(file):   450188 kB
Unevictable:       13568 kB
Mlocked:               0 kB
SwapTotal:        715328 kB
SwapFree:         705184 kB
Dirty:                 0 kB
Writeback:             0 kB
AnonPages:       1042408 kB
Mapped:           605444 kB
Shmem:               576 kB
Slab:              99184 kB
SReclaimable:      31924 kB
SUnreclaim:        67260 kB
KernelStack:       38640 kB
PageTables:        50304 kB
NFS_Unstable:          0 kB
Bounce:                0 kB
WritebackTmp:          0 kB
CommitLimit:     2152132 kB
Committed_AS:   118558892 kB
VmallocTotal:   251658176 kB
VmallocUsed:      136084 kB
VmallocChunk:   251412524 kB
Time pass: 206 sec

---2015-12-09 10:41:11
MemTotal:        2873608 kB
MemFree:           97208 kB
Buffers:           15940 kB
Cached:           929868 kB
SwapCached:           16 kB
Active:          1315976 kB
Inactive:         658588 kB
Active(anon):     834516 kB
Inactive(anon):   208400 kB
Active(file):     481460 kB
Inactive(file):   450188 kB
Unevictable:       13568 kB
Mlocked:               0 kB
SwapTotal:        715328 kB
SwapFree:         705184 kB
Dirty:                 0 kB
Writeback:             0 kB
AnonPages:       1042260 kB
Mapped:           605520 kB
Shmem:               592 kB
Slab:              99220 kB
SReclaimable:      31924 kB
SUnreclaim:        67296 kB
KernelStack:       38656 kB
PageTables:        50340 kB
NFS_Unstable:          0 kB
Bounce:                0 kB
WritebackTmp:          0 kB
CommitLimit:     2152132 kB
Committed_AS:   118559056 kB
VmallocTotal:   251658176 kB
VmallocUsed:      136084 kB
VmallocChunk:   251412524 kB
Time pass: 210 sec

---2015-12-09 10:41:11
MemTotal:        2873608 kB
MemFree:           95740 kB
Buffers:           15940 kB
Cached:           929896 kB
SwapCached:           16 kB
Active:          1316908 kB
Inactive:         658616 kB
Active(anon):     835448 kB
Inactive(anon):   208420 kB
Active(file):     481460 kB
Inactive(file):   450196 kB
Unevictable:       13568 kB
Mlocked:               0 kB
SwapTotal:        715328 kB
SwapFree:         705184 kB
Dirty:                36 kB
Writeback:             0 kB
AnonPages:       1043264 kB
Mapped:           605612 kB
Shmem:               612 kB
Slab:              99176 kB
SReclaimable:      31924 kB
SUnreclaim:        67252 kB
KernelStack:       38656 kB
PageTables:        50368 kB
NFS_Unstable:          0 kB
Bounce:                0 kB
WritebackTmp:          0 kB
CommitLimit:     2152132 kB
Committed_AS:   118563160 kB
VmallocTotal:   251658176 kB
VmallocUsed:      136084 kB
VmallocChunk:   251412524 kB
Time pass: 213 sec

---2015-12-09 10:41:11
MemTotal:        2873608 kB
MemFree:           96004 kB
Buffers:           15940 kB
Cached:           929896 kB
SwapCached:           16 kB
Active:          1316644 kB
Inactive:         658616 kB
Active(anon):     835184 kB
Inactive(anon):   208420 kB
Active(file):     481460 kB
Inactive(file):   450196 kB
Unevictable:       13568 kB
Mlocked:               0 kB
SwapTotal:        715328 kB
SwapFree:         705184 kB
Dirty:                 0 kB
Writeback:             0 kB
AnonPages:       1043200 kB
Mapped:           605688 kB
Shmem:               612 kB
Slab:              99228 kB
SReclaimable:      31924 kB
SUnreclaim:        67304 kB
KernelStack:       38640 kB
PageTables:        50368 kB
NFS_Unstable:          0 kB
Bounce:                0 kB
WritebackTmp:          0 kB
CommitLimit:     2152132 kB
Committed_AS:   118563168 kB
VmallocTotal:   251658176 kB
VmallocUsed:      136084 kB
VmallocChunk:   251412524 kB
Time pass: 217 sec

---2015-12-09 10:41:11
MemTotal:        2873608 kB
MemFree:           96404 kB
Buffers:           15940 kB
Cached:           929896 kB
SwapCached:           16 kB
Active:          1317064 kB
Inactive:         658616 kB
Active(anon):     835604 kB
Inactive(anon):   208420 kB
Active(file):     481460 kB
Inactive(file):   450196 kB
Unevictable:       13568 kB
Mlocked:               0 kB
SwapTotal:        715328 kB
SwapFree:         705184 kB
Dirty:                 0 kB
Writeback:             0 kB
AnonPages:       1043404 kB
Mapped:           605656 kB
Shmem:               612 kB
Slab:              99220 kB
SReclaimable:      31924 kB
SUnreclaim:        67296 kB
KernelStack:       38640 kB
PageTables:        50340 kB
NFS_Unstable:          0 kB
Bounce:                0 kB
WritebackTmp:          0 kB
CommitLimit:     2152132 kB
Committed_AS:   118563160 kB
VmallocTotal:   251658176 kB
VmallocUsed:      136084 kB
VmallocChunk:   251412524 kB
Time pass: 221 sec

---2015-12-09 10:41:11
MemTotal:        2873608 kB
MemFree:           95292 kB
Buffers:           15940 kB
Cached:           929900 kB
SwapCached:           16 kB
Active:          1317172 kB
Inactive:         658620 kB
Active(anon):     835712 kB
Inactive(anon):   208424 kB
Active(file):     481460 kB
Inactive(file):   450196 kB
Unevictable:       13568 kB
Mlocked:               0 kB
SwapTotal:        715328 kB
SwapFree:         705184 kB
Dirty:                 0 kB
Writeback:             0 kB
AnonPages:       1043388 kB
Mapped:           605584 kB
Shmem:               616 kB
Slab:              99212 kB
SReclaimable:      31924 kB
SUnreclaim:        67288 kB
KernelStack:       38640 kB
PageTables:        50312 kB
NFS_Unstable:          0 kB
Bounce:                0 kB
WritebackTmp:          0 kB
CommitLimit:     2152132 kB
Committed_AS:   118563152 kB
VmallocTotal:   251658176 kB
VmallocUsed:      136084 kB
VmallocChunk:   251412524 kB
Time pass: 224 sec

---2015-12-09 10:41:11
MemTotal:        2873608 kB
MemFree:           93800 kB
Buffers:           15948 kB
Cached:           929900 kB
SwapCached:           16 kB
Active:          1319224 kB
Inactive:         658628 kB
Active(anon):     837764 kB
Inactive(anon):   208424 kB
Active(file):     481460 kB
Inactive(file):   450204 kB
Unevictable:       13568 kB
Mlocked:               0 kB
SwapTotal:        715328 kB
SwapFree:         705184 kB
Dirty:                68 kB
Writeback:             0 kB
AnonPages:       1045736 kB
Mapped:           605596 kB
Shmem:               616 kB
Slab:              99200 kB
SReclaimable:      31924 kB
SUnreclaim:        67276 kB
KernelStack:       38704 kB
PageTables:        50316 kB
NFS_Unstable:          0 kB
Bounce:                0 kB
WritebackTmp:          0 kB
CommitLimit:     2152132 kB
Committed_AS:   118563264 kB
VmallocTotal:   251658176 kB
VmallocUsed:      136084 kB
VmallocChunk:   251412524 kB
Time pass: 228 sec

---2015-12-09 10:41:11
MemTotal:        2873608 kB
MemFree:           95952 kB
Buffers:           15956 kB
Cached:           930240 kB
SwapCached:           16 kB
Active:          1316108 kB
Inactive:         658976 kB
Active(anon):     834648 kB
Inactive(anon):   208424 kB
Active(file):     481460 kB
Inactive(file):   450552 kB
Unevictable:       13568 kB
Mlocked:               0 kB
SwapTotal:        715328 kB
SwapFree:         705184 kB
Dirty:                 0 kB
Writeback:             0 kB
AnonPages:       1042500 kB
Mapped:           605628 kB
Shmem:               616 kB
Slab:              99212 kB
SReclaimable:      31924 kB
SUnreclaim:        67288 kB
KernelStack:       38672 kB
PageTables:        50320 kB
NFS_Unstable:          0 kB
Bounce:                0 kB
WritebackTmp:          0 kB
CommitLimit:     2152132 kB
Committed_AS:   118563216 kB
VmallocTotal:   251658176 kB
VmallocUsed:      136084 kB
VmallocChunk:   251412524 kB
Time pass: 232 sec

---2015-12-09 10:41:11
MemTotal:        2873608 kB
MemFree:          105908 kB
Buffers:           15964 kB
Cached:           930248 kB
SwapCached:           16 kB
Active:          1306288 kB
Inactive:         658984 kB
Active(anon):     824828 kB
Inactive(anon):   208424 kB
Active(file):     481460 kB
Inactive(file):   450560 kB
Unevictable:       13568 kB
Mlocked:               0 kB
SwapTotal:        715328 kB
SwapFree:         705184 kB
Dirty:                 8 kB
Writeback:             0 kB
AnonPages:       1032752 kB
Mapped:           605640 kB
Shmem:               624 kB
Slab:              99192 kB
SReclaimable:      31924 kB
SUnreclaim:        67268 kB
KernelStack:       38672 kB
PageTables:        50316 kB
NFS_Unstable:          0 kB
Bounce:                0 kB
WritebackTmp:          0 kB
CommitLimit:     2152132 kB
Committed_AS:   118563168 kB
VmallocTotal:   251658176 kB
VmallocUsed:      136084 kB
VmallocChunk:   251412524 kB
Time pass: 236 sec

---2015-12-09 10:41:11
MemTotal:        2873608 kB
MemFree:          113964 kB
Buffers:           15980 kB
Cached:           930252 kB
SwapCached:           16 kB
Active:          1299220 kB
Inactive:         659008 kB
Active(anon):     817756 kB
Inactive(anon):   208444 kB
Active(file):     481464 kB
Inactive(file):   450564 kB
Unevictable:       13568 kB
Mlocked:               0 kB
SwapTotal:        715328 kB
SwapFree:         705184 kB
Dirty:                40 kB
Writeback:            12 kB
AnonPages:       1025800 kB
Mapped:           605444 kB
Shmem:               636 kB
Slab:              99176 kB
SReclaimable:      31924 kB
SUnreclaim:        67252 kB
KernelStack:       38736 kB
PageTables:        50332 kB
NFS_Unstable:          0 kB
Bounce:                0 kB
WritebackTmp:          0 kB
CommitLimit:     2152132 kB
Committed_AS:   118543968 kB
VmallocTotal:   251658176 kB
VmallocUsed:      136084 kB
VmallocChunk:   251412524 kB
Time pass: 240 sec

---2015-12-09 10:41:11
MemTotal:        2873608 kB
MemFree:          110504 kB
Buffers:           15980 kB
Cached:           930316 kB
SwapCached:           16 kB
Active:          1301720 kB
Inactive:         659068 kB
Active(anon):     820252 kB
Inactive(anon):   208492 kB
Active(file):     481468 kB
Inactive(file):   450576 kB
Unevictable:       13568 kB
Mlocked:               0 kB
SwapTotal:        715328 kB
SwapFree:         705184 kB
Dirty:                12 kB
Writeback:             0 kB
AnonPages:       1028104 kB
Mapped:           605736 kB
Shmem:               684 kB
Slab:              99244 kB
SReclaimable:      31940 kB
SUnreclaim:        67304 kB
KernelStack:       38672 kB
PageTables:        50372 kB
NFS_Unstable:          0 kB
Bounce:                0 kB
WritebackTmp:          0 kB
CommitLimit:     2152132 kB
Committed_AS:   118571432 kB
VmallocTotal:   251658176 kB
VmallocUsed:      136084 kB
VmallocChunk:   251412524 kB
Time pass: 243 sec

---2015-12-09 10:41:11
MemTotal:        2873608 kB
MemFree:          110096 kB
Buffers:           15988 kB
Cached:           930320 kB
SwapCached:           16 kB
Active:          1301716 kB
Inactive:         659076 kB
Active(anon):     820244 kB
Inactive(anon):   208492 kB
Active(file):     481472 kB
Inactive(file):   450584 kB
Unevictable:       13568 kB
Mlocked:               0 kB
SwapTotal:        715328 kB
SwapFree:         705184 kB
Dirty:                36 kB
Writeback:             0 kB
AnonPages:       1028112 kB
Mapped:           605740 kB
Shmem:               684 kB
Slab:              99140 kB
SReclaimable:      31860 kB
SUnreclaim:        67280 kB
KernelStack:       38672 kB
PageTables:        50376 kB
NFS_Unstable:          0 kB
Bounce:                0 kB
WritebackTmp:          0 kB
CommitLimit:     2152132 kB
Committed_AS:   118571440 kB
VmallocTotal:   251658176 kB
VmallocUsed:      136084 kB
VmallocChunk:   251412524 kB
Time pass: 247 sec

---2015-12-09 10:41:11
MemTotal:        2873608 kB
MemFree:          109572 kB
Buffers:           15996 kB
Cached:           930416 kB
SwapCached:           16 kB
Active:          1302492 kB
Inactive:         659176 kB
Active(anon):     821020 kB
Inactive(anon):   208584 kB
Active(file):     481472 kB
Inactive(file):   450592 kB
Unevictable:       13568 kB
Mlocked:               0 kB
SwapTotal:        715328 kB
SwapFree:         705184 kB
Dirty:                20 kB
Writeback:             0 kB
AnonPages:       1028824 kB
Mapped:           605840 kB
Shmem:               776 kB
Slab:              99144 kB
SReclaimable:      31860 kB
SUnreclaim:        67284 kB
KernelStack:       38672 kB
PageTables:        50408 kB
NFS_Unstable:          0 kB
Bounce:                0 kB
WritebackTmp:          0 kB
CommitLimit:     2152132 kB
Committed_AS:   118571440 kB
VmallocTotal:   251658176 kB
VmallocUsed:      136084 kB
VmallocChunk:   251412524 kB
Time pass: 251 sec

---2015-12-09 10:41:11
MemTotal:        2873608 kB
MemFree:          107944 kB
Buffers:           16028 kB
Cached:           930364 kB
SwapCached:           16 kB
Active:          1304644 kB
Inactive:         659076 kB
Active(anon):     823168 kB
Inactive(anon):   208456 kB
Active(file):     481476 kB
Inactive(file):   450620 kB
Unevictable:       13568 kB
Mlocked:               0 kB
SwapTotal:        715328 kB
SwapFree:         705184 kB
Dirty:                72 kB
Writeback:             0 kB
AnonPages:       1030864 kB
Mapped:           605580 kB
Shmem:               724 kB
Slab:              99136 kB
SReclaimable:      31860 kB
SUnreclaim:        67276 kB
KernelStack:       38672 kB
PageTables:        50376 kB
NFS_Unstable:          0 kB
Bounce:                0 kB
WritebackTmp:          0 kB
CommitLimit:     2152132 kB
Committed_AS:   118544076 kB
VmallocTotal:   251658176 kB
VmallocUsed:      136084 kB
VmallocChunk:   251412524 kB
Time pass: 255 sec

---2015-12-09 10:41:11
MemTotal:        2873608 kB
MemFree:          105092 kB
Buffers:           16044 kB
Cached:           930224 kB
SwapCached:           16 kB
Active:          1307132 kB
Inactive:         659032 kB
Active(anon):     825656 kB
Inactive(anon):   208392 kB
Active(file):     481476 kB
Inactive(file):   450640 kB
Unevictable:       13568 kB
Mlocked:               0 kB
SwapTotal:        715328 kB
SwapFree:         705184 kB
Dirty:                 8 kB
Writeback:             0 kB
AnonPages:       1033508 kB
Mapped:           605672 kB
Shmem:               584 kB
Slab:              99168 kB
SReclaimable:      31860 kB
SUnreclaim:        67308 kB
KernelStack:       38688 kB
PageTables:        50336 kB
NFS_Unstable:          0 kB
Bounce:                0 kB
WritebackTmp:          0 kB
CommitLimit:     2152132 kB
Committed_AS:   118571528 kB
VmallocTotal:   251658176 kB
VmallocUsed:      136084 kB
VmallocChunk:   251412524 kB
Time pass: 259 sec

---2015-12-09 10:41:11
MemTotal:        2873608 kB
MemFree:          105136 kB
Buffers:           16060 kB
Cached:           930232 kB
SwapCached:           16 kB
Active:          1306704 kB
Inactive:         659056 kB
Active(anon):     825228 kB
Inactive(anon):   208400 kB
Active(file):     481476 kB
Inactive(file):   450656 kB
Unevictable:       13568 kB
Mlocked:               0 kB
SwapTotal:        715328 kB
SwapFree:         705184 kB
Dirty:                68 kB
Writeback:             0 kB
AnonPages:       1033272 kB
Mapped:           605648 kB
Shmem:               592 kB
Slab:              99120 kB
SReclaimable:      31812 kB
SUnreclaim:        67308 kB
KernelStack:       38624 kB
PageTables:        50336 kB
NFS_Unstable:          0 kB
Bounce:                0 kB
WritebackTmp:          0 kB
CommitLimit:     2152132 kB
Committed_AS:   118571520 kB
VmallocTotal:   251658176 kB
VmallocUsed:      136084 kB
VmallocChunk:   251412524 kB
Time pass: 262 sec

---2015-12-09 10:41:11
MemTotal:        2873608 kB
MemFree:          105252 kB
Buffers:           16084 kB
Cached:           930232 kB
SwapCached:           16 kB
Active:          1307260 kB
Inactive:         659080 kB
Active(anon):     825784 kB
Inactive(anon):   208408 kB
Active(file):     481476 kB
Inactive(file):   450672 kB
Unevictable:       13568 kB
Mlocked:               0 kB
SwapTotal:        715328 kB
SwapFree:         705184 kB
Dirty:                 0 kB
Writeback:             0 kB
AnonPages:       1033472 kB
Mapped:           605776 kB
Shmem:               600 kB
Slab:              99124 kB
SReclaimable:      31812 kB
SUnreclaim:        67312 kB
KernelStack:       38624 kB
PageTables:        50368 kB
NFS_Unstable:          0 kB
Bounce:                0 kB
WritebackTmp:          0 kB
CommitLimit:     2152132 kB
Committed_AS:   118571600 kB
VmallocTotal:   251658176 kB
VmallocUsed:      136084 kB
VmallocChunk:   251412524 kB
Time pass: 266 sec

---2015-12-09 10:41:11
MemTotal:        2873608 kB
MemFree:          104292 kB
Buffers:           16108 kB
Cached:           930228 kB
SwapCached:           16 kB
Active:          1308080 kB
Inactive:         659100 kB
Active(anon):     826604 kB
Inactive(anon):   208412 kB
Active(file):     481476 kB
Inactive(file):   450688 kB
Unevictable:       13568 kB
Mlocked:               0 kB
SwapTotal:        715328 kB
SwapFree:         705184 kB
Dirty:                44 kB
Writeback:             0 kB
AnonPages:       1034604 kB
Mapped:           605788 kB
Shmem:               604 kB
Slab:              99152 kB
SReclaimable:      31812 kB
SUnreclaim:        67340 kB
KernelStack:       38640 kB
PageTables:        50372 kB
NFS_Unstable:          0 kB
Bounce:                0 kB
WritebackTmp:          0 kB
CommitLimit:     2152132 kB
Committed_AS:   118571616 kB
VmallocTotal:   251658176 kB
VmallocUsed:      136084 kB
VmallocChunk:   251412524 kB
Time pass: 270 sec

---2015-12-09 10:41:11
MemTotal:        2873608 kB
MemFree:          103940 kB
Buffers:           16108 kB
Cached:           930244 kB
SwapCached:           16 kB
Active:          1308248 kB
Inactive:         659116 kB
Active(anon):     826772 kB
Inactive(anon):   208412 kB
Active(file):     481476 kB
Inactive(file):   450704 kB
Unevictable:       13568 kB
Mlocked:               0 kB
SwapTotal:        715328 kB
SwapFree:         705184 kB
Dirty:                 0 kB
Writeback:             0 kB
AnonPages:       1034620 kB
Mapped:           605708 kB
Shmem:               604 kB
Slab:              99156 kB
SReclaimable:      31812 kB
SUnreclaim:        67344 kB
KernelStack:       38640 kB
PageTables:        50336 kB
NFS_Unstable:          0 kB
Bounce:                0 kB
WritebackTmp:          0 kB
CommitLimit:     2152132 kB
Committed_AS:   118571648 kB
VmallocTotal:   251658176 kB
VmallocUsed:      136084 kB
VmallocChunk:   251412524 kB
Time pass: 274 sec

---2015-12-09 10:41:11
MemTotal:        2873608 kB
MemFree:          102732 kB
Buffers:           16124 kB
Cached:           930260 kB
SwapCached:           16 kB
Active:          1309520 kB
Inactive:         659144 kB
Active(anon):     828040 kB
Inactive(anon):   208412 kB
Active(file):     481480 kB
Inactive(file):   450732 kB
Unevictable:       13568 kB
Mlocked:               0 kB
SwapTotal:        715328 kB
SwapFree:         705184 kB
Dirty:                72 kB
Writeback:             0 kB
AnonPages:       1035800 kB
Mapped:           605844 kB
Shmem:               604 kB
Slab:              99176 kB
SReclaimable:      31812 kB
SUnreclaim:        67364 kB
KernelStack:       38640 kB
PageTables:        50372 kB
NFS_Unstable:          0 kB
Bounce:                0 kB
WritebackTmp:          0 kB
CommitLimit:     2152132 kB
Committed_AS:   118571664 kB
VmallocTotal:   251658176 kB
VmallocUsed:      136084 kB
VmallocChunk:   251412524 kB
Time pass: 278 sec

---2015-12-09 10:41:11
MemTotal:        2873608 kB
MemFree:          101824 kB
Buffers:           16132 kB
Cached:           930256 kB
SwapCached:           16 kB
Active:          1309844 kB
Inactive:         659144 kB
Active(anon):     828364 kB
Inactive(anon):   208412 kB
Active(file):     481480 kB
Inactive(file):   450732 kB
Unevictable:       13568 kB
Mlocked:               0 kB
SwapTotal:        715328 kB
SwapFree:         705184 kB
Dirty:                 0 kB
Writeback:            84 kB
AnonPages:       1036032 kB
Mapped:           605848 kB
Shmem:               604 kB
Slab:              99176 kB
SReclaimable:      31812 kB
SUnreclaim:        67364 kB
KernelStack:       38640 kB
PageTables:        50372 kB
NFS_Unstable:          0 kB
Bounce:                0 kB
WritebackTmp:          0 kB
CommitLimit:     2152132 kB
Committed_AS:   118571632 kB
VmallocTotal:   251658176 kB
VmallocUsed:      136084 kB
VmallocChunk:   251412524 kB
Time pass: 281 sec

---2015-12-09 10:41:11
MemTotal:        2873608 kB
MemFree:          101244 kB
Buffers:           16148 kB
Cached:           930260 kB
SwapCached:           16 kB
Active:          1310144 kB
Inactive:         659168 kB
Active(anon):     828664 kB
Inactive(anon):   208412 kB
Active(file):     481480 kB
Inactive(file):   450756 kB
Unevictable:       13568 kB
Mlocked:               0 kB
SwapTotal:        715328 kB
SwapFree:         705184 kB
Dirty:                40 kB
Writeback:             0 kB
AnonPages:       1036644 kB
Mapped:           605852 kB
Shmem:               604 kB
Slab:              99176 kB
SReclaimable:      31812 kB
SUnreclaim:        67364 kB
KernelStack:       38640 kB
PageTables:        50372 kB
NFS_Unstable:          0 kB
Bounce:                0 kB
WritebackTmp:          0 kB
CommitLimit:     2152132 kB
Committed_AS:   118571640 kB
VmallocTotal:   251658176 kB
VmallocUsed:      136084 kB
VmallocChunk:   251412524 kB
Time pass: 286 sec

---2015-12-09 10:41:11
MemTotal:        2873608 kB
MemFree:           99548 kB
Buffers:           16180 kB
Cached:           930288 kB
SwapCached:           16 kB
Active:          1311976 kB
Inactive:         659228 kB
Active(anon):     830496 kB
Inactive(anon):   208440 kB
Active(file):     481480 kB
Inactive(file):   450788 kB
Unevictable:       13568 kB
Mlocked:               0 kB
SwapTotal:        715328 kB
SwapFree:         705184 kB
Dirty:                88 kB
Writeback:             0 kB
AnonPages:       1038360 kB
Mapped:           605804 kB
Shmem:               632 kB
Slab:              99148 kB
SReclaimable:      31812 kB
SUnreclaim:        67336 kB
KernelStack:       38640 kB
PageTables:        50340 kB
NFS_Unstable:          0 kB
Bounce:                0 kB
WritebackTmp:          0 kB
CommitLimit:     2152132 kB
Committed_AS:   118571672 kB
VmallocTotal:   251658176 kB
VmallocUsed:      136084 kB
VmallocChunk:   251412524 kB
Time pass: 289 sec

---2015-12-09 10:41:11
MemTotal:        2873608 kB
MemFree:           98764 kB
Buffers:           16180 kB
Cached:           930288 kB
SwapCached:           16 kB
Active:          1312552 kB
Inactive:         659228 kB
Active(anon):     831072 kB
Inactive(anon):   208440 kB
Active(file):     481480 kB
Inactive(file):   450788 kB
Unevictable:       13568 kB
Mlocked:               0 kB
SwapTotal:        715328 kB
SwapFree:         705184 kB
Dirty:               112 kB
Writeback:             0 kB
AnonPages:       1039132 kB
Mapped:           605740 kB
Shmem:               632 kB
Slab:              99296 kB
SReclaimable:      31812 kB
SUnreclaim:        67484 kB
KernelStack:       38640 kB
PageTables:        50340 kB
NFS_Unstable:          0 kB
Bounce:                0 kB
WritebackTmp:          0 kB
CommitLimit:     2152132 kB
Committed_AS:   118571648 kB
VmallocTotal:   251658176 kB
VmallocUsed:      136084 kB
VmallocChunk:   251412524 kB
Time pass: 293 sec

---2015-12-09 10:41:11
MemTotal:        2873608 kB
MemFree:           99216 kB
Buffers:           16196 kB
Cached:           930292 kB
SwapCached:           16 kB
Active:          1312764 kB
Inactive:         659248 kB
Active(anon):     831284 kB
Inactive(anon):   208444 kB
Active(file):     481480 kB
Inactive(file):   450804 kB
Unevictable:       13568 kB
Mlocked:               0 kB
SwapTotal:        715328 kB
SwapFree:         705184 kB
Dirty:                48 kB
Writeback:             0 kB
AnonPages:       1039172 kB
Mapped:           605780 kB
Shmem:               636 kB
Slab:              99148 kB
SReclaimable:      31812 kB
SUnreclaim:        67336 kB
KernelStack:       38624 kB
PageTables:        50336 kB
NFS_Unstable:          0 kB
Bounce:                0 kB
WritebackTmp:          0 kB
CommitLimit:     2152132 kB
Committed_AS:   118571624 kB
VmallocTotal:   251658176 kB
VmallocUsed:      136084 kB
VmallocChunk:   251412524 kB
Time pass: 297 sec

---2015-12-09 10:41:11
MemTotal:        2873608 kB
MemFree:           99660 kB
Buffers:           16204 kB
Cached:           930296 kB
SwapCached:           16 kB
Active:          1312244 kB
Inactive:         659260 kB
Active(anon):     830764 kB
Inactive(anon):   208448 kB
Active(file):     481480 kB
Inactive(file):   450812 kB
Unevictable:       13568 kB
Mlocked:               0 kB
SwapTotal:        715328 kB
SwapFree:         705184 kB
Dirty:                32 kB
Writeback:             0 kB
AnonPages:       1038392 kB
Mapped:           605832 kB
Shmem:               640 kB
Slab:              99148 kB
SReclaimable:      31812 kB
SUnreclaim:        67336 kB
KernelStack:       38624 kB
PageTables:        50336 kB
NFS_Unstable:          0 kB
Bounce:                0 kB
WritebackTmp:          0 kB
CommitLimit:     2152132 kB
Committed_AS:   118571600 kB
VmallocTotal:   251658176 kB
VmallocUsed:      136084 kB
VmallocChunk:   251412524 kB
Time pass: 301 sec

---2015-12-09 10:41:11
MemTotal:        2873608 kB
MemFree:           99356 kB
Buffers:           16204 kB
Cached:           930296 kB
SwapCached:           16 kB
Active:          1312512 kB
Inactive:         659260 kB
Active(anon):     831032 kB
Inactive(anon):   208448 kB
Active(file):     481480 kB
Inactive(file):   450812 kB
Unevictable:       13568 kB
Mlocked:               0 kB
SwapTotal:        715328 kB
SwapFree:         705184 kB
Dirty:                 0 kB
Writeback:             0 kB
AnonPages:       1038848 kB
Mapped:           605924 kB
Shmem:               640 kB
Slab:              99180 kB
SReclaimable:      31812 kB
SUnreclaim:        67368 kB
KernelStack:       38624 kB
PageTables:        50364 kB
NFS_Unstable:          0 kB
Bounce:                0 kB
WritebackTmp:          0 kB
CommitLimit:     2152132 kB
Committed_AS:   118571600 kB
VmallocTotal:   251658176 kB
VmallocUsed:      136084 kB
VmallocChunk:   251412524 kB
Time pass: 305 sec

---2015-12-09 10:41:11
MemTotal:        2873608 kB
MemFree:           99400 kB
Buffers:           16220 kB
Cached:           930296 kB
SwapCached:           16 kB
Active:          1312820 kB
Inactive:         659276 kB
Active(anon):     831340 kB
Inactive(anon):   208448 kB
Active(file):     481480 kB
Inactive(file):   450828 kB
Unevictable:       13568 kB
Mlocked:               0 kB
SwapTotal:        715328 kB
SwapFree:         705184 kB
Dirty:                44 kB
Writeback:             0 kB
AnonPages:       1038852 kB
Mapped:           605844 kB
Shmem:               640 kB
Slab:              99204 kB
SReclaimable:      31812 kB
SUnreclaim:        67392 kB
KernelStack:       38624 kB
PageTables:        50340 kB
NFS_Unstable:          0 kB
Bounce:                0 kB
WritebackTmp:          0 kB
CommitLimit:     2152132 kB
Committed_AS:   118571584 kB
VmallocTotal:   251658176 kB
VmallocUsed:      136084 kB
VmallocChunk:   251412524 kB
Time pass: 308 sec

---2015-12-09 10:41:11
MemTotal:        2873608 kB
MemFree:           98116 kB
Buffers:           16228 kB
Cached:           930304 kB
SwapCached:           16 kB
Active:          1313240 kB
Inactive:         659292 kB
Active(anon):     831760 kB
Inactive(anon):   208456 kB
Active(file):     481480 kB
Inactive(file):   450836 kB
Unevictable:       13568 kB
Mlocked:               0 kB
SwapTotal:        715328 kB
SwapFree:         705184 kB
Dirty:                32 kB
Writeback:             0 kB
AnonPages:       1039416 kB
Mapped:           605944 kB
Shmem:               648 kB
Slab:              99220 kB
SReclaimable:      31812 kB
SUnreclaim:        67408 kB
KernelStack:       38624 kB
PageTables:        50372 kB
NFS_Unstable:          0 kB
Bounce:                0 kB
WritebackTmp:          0 kB
CommitLimit:     2152132 kB
Committed_AS:   118571584 kB
VmallocTotal:   251658176 kB
VmallocUsed:      136084 kB
VmallocChunk:   251412524 kB
Time pass: 312 sec

---2015-12-09 10:41:11
MemTotal:        2873608 kB
MemFree:           97976 kB
Buffers:           16228 kB
Cached:           930308 kB
SwapCached:           16 kB
Active:          1313488 kB
Inactive:         659296 kB
Active(anon):     832008 kB
Inactive(anon):   208460 kB
Active(file):     481480 kB
Inactive(file):   450836 kB
Unevictable:       13568 kB
Mlocked:               0 kB
SwapTotal:        715328 kB
SwapFree:         705184 kB
Dirty:                32 kB
Writeback:             0 kB
AnonPages:       1039784 kB
Mapped:           605956 kB
Shmem:               652 kB
Slab:              99208 kB
SReclaimable:      31812 kB
SUnreclaim:        67396 kB
KernelStack:       38592 kB
PageTables:        50368 kB
NFS_Unstable:          0 kB
Bounce:                0 kB
WritebackTmp:          0 kB
CommitLimit:     2152132 kB
Committed_AS:   118571608 kB
VmallocTotal:   251658176 kB
VmallocUsed:      136084 kB
VmallocChunk:   251412524 kB
Time pass: 316 sec

---2015-12-09 10:41:11
MemTotal:        2873608 kB
MemFree:           97676 kB
Buffers:           16244 kB
Cached:           930336 kB
SwapCached:           16 kB
Active:          1313876 kB
Inactive:         659312 kB
Active(anon):     832396 kB
Inactive(anon):   208460 kB
Active(file):     481480 kB
Inactive(file):   450852 kB
Unevictable:       13568 kB
Mlocked:               0 kB
SwapTotal:        715328 kB
SwapFree:         705184 kB
Dirty:                44 kB
Writeback:             0 kB
AnonPages:       1040228 kB
Mapped:           605904 kB
Shmem:               680 kB
Slab:              99192 kB
SReclaimable:      31812 kB
SUnreclaim:        67380 kB
KernelStack:       38624 kB
PageTables:        50340 kB
NFS_Unstable:          0 kB
Bounce:                0 kB
WritebackTmp:          0 kB
CommitLimit:     2152132 kB
Committed_AS:   118571584 kB
VmallocTotal:   251658176 kB
VmallocUsed:      136084 kB
VmallocChunk:   251412524 kB
Time pass: 320 sec

---2015-12-09 10:41:11
MemTotal:        2873608 kB
MemFree:           97452 kB
Buffers:           16260 kB
Cached:           930336 kB
SwapCached:           16 kB
Active:          1314148 kB
Inactive:         659356 kB
Active(anon):     832668 kB
Inactive(anon):   208488 kB
Active(file):     481480 kB
Inactive(file):   450868 kB
Unevictable:       13568 kB
Mlocked:               0 kB
SwapTotal:        715328 kB
SwapFree:         705184 kB
Dirty:                 0 kB
Writeback:             0 kB
AnonPages:       1040412 kB
Mapped:           605828 kB
Shmem:               680 kB
Slab:              99220 kB
SReclaimable:      31812 kB
SUnreclaim:        67408 kB
KernelStack:       38624 kB
PageTables:        50312 kB
NFS_Unstable:          0 kB
Bounce:                0 kB
WritebackTmp:          0 kB
CommitLimit:     2152132 kB
Committed_AS:   118571640 kB
VmallocTotal:   251658176 kB
VmallocUsed:      136084 kB
VmallocChunk:   251412524 kB
Time pass: 324 sec

---2015-12-09 10:41:11
MemTotal:        2873608 kB
MemFree:           97236 kB
Buffers:           16260 kB
Cached:           930336 kB
SwapCached:           16 kB
Active:          1314228 kB
Inactive:         659356 kB
Active(anon):     832748 kB
Inactive(anon):   208488 kB
Active(file):     481480 kB
Inactive(file):   450868 kB
Unevictable:       13568 kB
Mlocked:               0 kB
SwapTotal:        715328 kB
SwapFree:         705184 kB
Dirty:                 0 kB
Writeback:             0 kB
AnonPages:       1040612 kB
Mapped:           605968 kB
Shmem:               680 kB
Slab:              99216 kB
SReclaimable:      31812 kB
SUnreclaim:        67404 kB
KernelStack:       38624 kB
PageTables:        50372 kB
NFS_Unstable:          0 kB
Bounce:                0 kB
WritebackTmp:          0 kB
CommitLimit:     2152132 kB
Committed_AS:   118571668 kB
VmallocTotal:   251658176 kB
VmallocUsed:      136084 kB
VmallocChunk:   251412524 kB
Time pass: 327 sec

---2015-12-09 10:41:11
MemTotal:        2873608 kB
MemFree:           96244 kB
Buffers:           16284 kB
Cached:           930336 kB
SwapCached:           16 kB
Active:          1314752 kB
Inactive:         659376 kB
Active(anon):     833272 kB
Inactive(anon):   208484 kB
Active(file):     481480 kB
Inactive(file):   450892 kB
Unevictable:       13568 kB
Mlocked:               0 kB
SwapTotal:        715328 kB
SwapFree:         705184 kB
Dirty:                64 kB
Writeback:             0 kB
AnonPages:       1041100 kB
Mapped:           605936 kB
Shmem:               680 kB
Slab:              99232 kB
SReclaimable:      31812 kB
SUnreclaim:        67420 kB
KernelStack:       38640 kB
PageTables:        50344 kB
NFS_Unstable:          0 kB
Bounce:                0 kB
WritebackTmp:          0 kB
CommitLimit:     2152132 kB
Committed_AS:   118571680 kB
VmallocTotal:   251658176 kB
VmallocUsed:      136084 kB
VmallocChunk:   251412524 kB
Time pass: 331 sec

---2015-12-09 10:41:11
MemTotal:        2873608 kB
MemFree:           96900 kB
Buffers:           16284 kB
Cached:           930336 kB
SwapCached:           16 kB
Active:          1314912 kB
Inactive:         659376 kB
Active(anon):     833432 kB
Inactive(anon):   208484 kB
Active(file):     481480 kB
Inactive(file):   450892 kB
Unevictable:       13568 kB
Mlocked:               0 kB
SwapTotal:        715328 kB
SwapFree:         705184 kB
Dirty:                 0 kB
Writeback:             0 kB
AnonPages:       1041268 kB
Mapped:           605816 kB
Shmem:               680 kB
Slab:              99224 kB
SReclaimable:      31812 kB
SUnreclaim:        67412 kB
KernelStack:       38640 kB
PageTables:        50376 kB
NFS_Unstable:          0 kB
Bounce:                0 kB
WritebackTmp:          0 kB
CommitLimit:     2152132 kB
Committed_AS:   118571704 kB
VmallocTotal:   251658176 kB
VmallocUsed:      136084 kB
VmallocChunk:   251412524 kB
Time pass: 335 sec

---2015-12-09 10:41:11
MemTotal:        2873608 kB
MemFree:           96884 kB
Buffers:           16292 kB
Cached:           930340 kB
SwapCached:           16 kB
Active:          1314080 kB
Inactive:         659388 kB
Active(anon):     832600 kB
Inactive(anon):   208488 kB
Active(file):     481480 kB
Inactive(file):   450900 kB
Unevictable:       13568 kB
Mlocked:               0 kB
SwapTotal:        715328 kB
SwapFree:         705184 kB
Dirty:                32 kB
Writeback:             0 kB
AnonPages:       1040416 kB
Mapped:           605972 kB
Shmem:               684 kB
Slab:              99328 kB
SReclaimable:      31812 kB
SUnreclaim:        67516 kB
KernelStack:       38640 kB
PageTables:        50344 kB
NFS_Unstable:          0 kB
Bounce:                0 kB
WritebackTmp:          0 kB
CommitLimit:     2152132 kB
Committed_AS:   118571712 kB
VmallocTotal:   251658176 kB
VmallocUsed:      136084 kB
VmallocChunk:   251412524 kB
Time pass: 339 sec

---2015-12-09 10:41:11
MemTotal:        2873608 kB
MemFree:           96588 kB
Buffers:           16308 kB
Cached:           930340 kB
SwapCached:           16 kB
Active:          1314940 kB
Inactive:         659404 kB
Active(anon):     833460 kB
Inactive(anon):   208488 kB
Active(file):     481480 kB
Inactive(file):   450916 kB
Unevictable:       13568 kB
Mlocked:               0 kB
SwapTotal:        715328 kB
SwapFree:         705184 kB
Dirty:                48 kB
Writeback:             0 kB
AnonPages:       1041040 kB
Mapped:           606108 kB
Shmem:               684 kB
Slab:              99328 kB
SReclaimable:      31812 kB
SUnreclaim:        67516 kB
KernelStack:       38640 kB
PageTables:        50400 kB
NFS_Unstable:          0 kB
Bounce:                0 kB
WritebackTmp:          0 kB
CommitLimit:     2152132 kB
Committed_AS:   118571664 kB
VmallocTotal:   251658176 kB
VmallocUsed:      136084 kB
VmallocChunk:   251412524 kB
Time pass: 343 sec

---2015-12-09 10:41:11
MemTotal:        2873608 kB
MemFree:           95120 kB
Buffers:           16308 kB
Cached:           930452 kB
SwapCached:           16 kB
Active:          1316568 kB
Inactive:         659520 kB
Active(anon):     835092 kB
Inactive(anon):   208488 kB
Active(file):     481476 kB
Inactive(file):   451032 kB
Unevictable:       13568 kB
Mlocked:               0 kB
SwapTotal:        715328 kB
SwapFree:         705184 kB
Dirty:                48 kB
Writeback:             0 kB
AnonPages:       1042708 kB
Mapped:           606208 kB
Shmem:               684 kB
Slab:              99356 kB
SReclaimable:      31812 kB
SUnreclaim:        67544 kB
KernelStack:       38608 kB
PageTables:        50408 kB
NFS_Unstable:          0 kB
Bounce:                0 kB
WritebackTmp:          0 kB
CommitLimit:     2152132 kB
Committed_AS:   118571664 kB
VmallocTotal:   251658176 kB
VmallocUsed:      136084 kB
VmallocChunk:   251412524 kB
Time pass: 346 sec

---2015-12-09 10:41:11
MemTotal:        2873608 kB
MemFree:           94728 kB
Buffers:           16316 kB
Cached:           930456 kB
SwapCached:           16 kB
Active:          1316688 kB
Inactive:         659532 kB
Active(anon):     835212 kB
Inactive(anon):   208492 kB
Active(file):     481476 kB
Inactive(file):   451040 kB
Unevictable:       13568 kB
Mlocked:               0 kB
SwapTotal:        715328 kB
SwapFree:         705184 kB
Dirty:                60 kB
Writeback:             0 kB
AnonPages:       1042956 kB
Mapped:           606088 kB
Shmem:               688 kB
Slab:              99264 kB
SReclaimable:      31812 kB
SUnreclaim:        67452 kB
KernelStack:       38608 kB
PageTables:        50348 kB
NFS_Unstable:          0 kB
Bounce:                0 kB
WritebackTmp:          0 kB
CommitLimit:     2152132 kB
Committed_AS:   118571624 kB
VmallocTotal:   251658176 kB
VmallocUsed:      136084 kB
VmallocChunk:   251412524 kB
Time pass: 350 sec

---2015-12-09 10:41:11
MemTotal:        2873608 kB
MemFree:           94320 kB
Buffers:           16332 kB
Cached:           930516 kB
SwapCached:           16 kB
Active:          1317052 kB
Inactive:         659608 kB
Active(anon):     835576 kB
Inactive(anon):   208492 kB
Active(file):     481476 kB
Inactive(file):   451116 kB
Unevictable:       13568 kB
Mlocked:               0 kB
SwapTotal:        715328 kB
SwapFree:         705184 kB
Dirty:                44 kB
Writeback:             0 kB
AnonPages:       1043424 kB
Mapped:           606104 kB
Shmem:               688 kB
Slab:              99232 kB
SReclaimable:      31812 kB
SUnreclaim:        67420 kB
KernelStack:       38576 kB
PageTables:        50348 kB
NFS_Unstable:          0 kB
Bounce:                0 kB
WritebackTmp:          0 kB
CommitLimit:     2152132 kB
Committed_AS:   118571632 kB
VmallocTotal:   251658176 kB
VmallocUsed:      136084 kB
VmallocChunk:   251412524 kB
Time pass: 354 sec

---2015-12-09 10:41:11
MemTotal:        2873608 kB
MemFree:           94128 kB
Buffers:           16332 kB
Cached:           930544 kB
SwapCached:           16 kB
Active:          1317336 kB
Inactive:         659636 kB
Active(anon):     835860 kB
Inactive(anon):   208520 kB
Active(file):     481476 kB
Inactive(file):   451116 kB
Unevictable:       13568 kB
Mlocked:               0 kB
SwapTotal:        715328 kB
SwapFree:         705184 kB
Dirty:                44 kB
Writeback:             0 kB
AnonPages:       1043636 kB
Mapped:           606136 kB
Shmem:               716 kB
Slab:              99208 kB
SReclaimable:      31812 kB
SUnreclaim:        67396 kB
KernelStack:       38608 kB
PageTables:        50348 kB
NFS_Unstable:          0 kB
Bounce:                0 kB
WritebackTmp:          0 kB
CommitLimit:     2152132 kB
Committed_AS:   118571640 kB
VmallocTotal:   251658176 kB
VmallocUsed:      136084 kB
VmallocChunk:   251412524 kB
Time pass: 358 sec

---2015-12-09 10:41:11
MemTotal:        2873608 kB
MemFree:           92100 kB
Buffers:           16340 kB
Cached:           930732 kB
SwapCached:           16 kB
Active:          1318588 kB
Inactive:         659832 kB
Active(anon):     837112 kB
Inactive(anon):   208512 kB
Active(file):     481476 kB
Inactive(file):   451320 kB
Unevictable:       13568 kB
Mlocked:               0 kB
SwapTotal:        715328 kB
SwapFree:         705184 kB
Dirty:                92 kB
Writeback:             0 kB
AnonPages:       1045124 kB
Mapped:           606100 kB
Shmem:               708 kB
Slab:              99180 kB
SReclaimable:      31812 kB
SUnreclaim:        67368 kB
KernelStack:       38656 kB
PageTables:        50312 kB
NFS_Unstable:          0 kB
Bounce:                0 kB
WritebackTmp:          0 kB
CommitLimit:     2152132 kB
Committed_AS:   118565512 kB
VmallocTotal:   251658176 kB
VmallocUsed:      136084 kB
VmallocChunk:   251412524 kB
Time pass: 362 sec

---2015-12-09 10:41:11
MemTotal:        2873608 kB
MemFree:           90072 kB
Buffers:           16356 kB
Cached:           930752 kB
SwapCached:           16 kB
Active:          1320200 kB
Inactive:         659864 kB
Active(anon):     838724 kB
Inactive(anon):   208508 kB
Active(file):     481476 kB
Inactive(file):   451356 kB
Unevictable:       13568 kB
Mlocked:               0 kB
SwapTotal:        715328 kB
SwapFree:         705184 kB
Dirty:                12 kB
Writeback:             0 kB
AnonPages:       1046476 kB
Mapped:           606216 kB
Shmem:               708 kB
Slab:              99180 kB
SReclaimable:      31812 kB
SUnreclaim:        67368 kB
KernelStack:       38624 kB
PageTables:        50344 kB
NFS_Unstable:          0 kB
Bounce:                0 kB
WritebackTmp:          0 kB
CommitLimit:     2152132 kB
Committed_AS:   118565576 kB
VmallocTotal:   251658176 kB
VmallocUsed:      136084 kB
VmallocChunk:   251412524 kB
Time pass: 366 sec

---2015-12-09 10:41:11
MemTotal:        2873608 kB
MemFree:           90704 kB
Buffers:           16356 kB
Cached:           930768 kB
SwapCached:           16 kB
Active:          1319960 kB
Inactive:         659880 kB
Active(anon):     838484 kB
Inactive(anon):   208508 kB
Active(file):     481476 kB
Inactive(file):   451372 kB
Unevictable:       13568 kB
Mlocked:               0 kB
SwapTotal:        715328 kB
SwapFree:         705184 kB
Dirty:                76 kB
Writeback:             0 kB
AnonPages:       1046340 kB
Mapped:           606220 kB
Shmem:               708 kB
Slab:              99328 kB
SReclaimable:      31812 kB
SUnreclaim:        67516 kB
KernelStack:       38624 kB
PageTables:        50340 kB
NFS_Unstable:          0 kB
Bounce:                0 kB
WritebackTmp:          0 kB
CommitLimit:     2152132 kB
Committed_AS:   118565500 kB
VmallocTotal:   251658176 kB
VmallocUsed:      136084 kB
VmallocChunk:   251412524 kB
Time pass: 369 sec

---2015-12-09 10:41:11
MemTotal:        2873608 kB
MemFree:           90704 kB
Buffers:           16364 kB
Cached:           930768 kB
SwapCached:           16 kB
Active:          1320036 kB
Inactive:         659888 kB
Active(anon):     838560 kB
Inactive(anon):   208508 kB
Active(file):     481476 kB
Inactive(file):   451380 kB
Unevictable:       13568 kB
Mlocked:               0 kB
SwapTotal:        715328 kB
SwapFree:         705184 kB
Dirty:                40 kB
Writeback:             0 kB
AnonPages:       1046228 kB
Mapped:           606228 kB
Shmem:               708 kB
Slab:              99180 kB
SReclaimable:      31812 kB
SUnreclaim:        67368 kB
KernelStack:       38624 kB
PageTables:        50336 kB
NFS_Unstable:          0 kB
Bounce:                0 kB
WritebackTmp:          0 kB
CommitLimit:     2152132 kB
Committed_AS:   118565504 kB
VmallocTotal:   251658176 kB
VmallocUsed:      136084 kB
VmallocChunk:   251412524 kB
Time pass: 373 sec

---2015-12-09 10:41:11
MemTotal:        2873608 kB
MemFree:           91180 kB
Buffers:           16364 kB
Cached:           930768 kB
SwapCached:           16 kB
Active:          1320068 kB
Inactive:         659888 kB
Active(anon):     838592 kB
Inactive(anon):   208508 kB
Active(file):     481476 kB
Inactive(file):   451380 kB
Unevictable:       13568 kB
Mlocked:               0 kB
SwapTotal:        715328 kB
SwapFree:         705184 kB
Dirty:                40 kB
Writeback:             0 kB
AnonPages:       1046308 kB
Mapped:           606236 kB
Shmem:               708 kB
Slab:              99180 kB
SReclaimable:      31812 kB
SUnreclaim:        67368 kB
KernelStack:       38624 kB
PageTables:        50336 kB
NFS_Unstable:          0 kB
Bounce:                0 kB
WritebackTmp:          0 kB
CommitLimit:     2152132 kB
Committed_AS:   118565552 kB
VmallocTotal:   251658176 kB
VmallocUsed:      136084 kB
VmallocChunk:   251412524 kB
Time pass: 377 sec

---2015-12-09 10:41:11
MemTotal:        2873608 kB
MemFree:           90488 kB
Buffers:           16380 kB
Cached:           930768 kB
SwapCached:           16 kB
Active:          1320488 kB
Inactive:         659904 kB
Active(anon):     839012 kB
Inactive(anon):   208508 kB
Active(file):     481476 kB
Inactive(file):   451396 kB
Unevictable:       13568 kB
Mlocked:               0 kB
SwapTotal:        715328 kB
SwapFree:         705184 kB
Dirty:                44 kB
Writeback:             0 kB
AnonPages:       1046952 kB
Mapped:           606240 kB
Shmem:               708 kB
Slab:              99328 kB
SReclaimable:      31812 kB
SUnreclaim:        67516 kB
KernelStack:       38624 kB
PageTables:        50340 kB
NFS_Unstable:          0 kB
Bounce:                0 kB
WritebackTmp:          0 kB
CommitLimit:     2152132 kB
Committed_AS:   118565536 kB
VmallocTotal:   251658176 kB
VmallocUsed:      136084 kB
VmallocChunk:   251412524 kB
Time pass: 381 sec

---2015-12-09 10:41:11
MemTotal:        2873608 kB
MemFree:           89932 kB
Buffers:           16396 kB
Cached:           930776 kB
SwapCached:           16 kB
Active:          1320772 kB
Inactive:         659928 kB
Active(anon):     839296 kB
Inactive(anon):   208512 kB
Active(file):     481476 kB
Inactive(file):   451416 kB
Unevictable:       13568 kB
Mlocked:               0 kB
SwapTotal:        715328 kB
SwapFree:         705184 kB
Dirty:                 8 kB
Writeback:             0 kB
AnonPages:       1047008 kB
Mapped:           606256 kB
Shmem:               712 kB
Slab:              99180 kB
SReclaimable:      31812 kB
SUnreclaim:        67368 kB
KernelStack:       38656 kB
PageTables:        50344 kB
NFS_Unstable:          0 kB
Bounce:                0 kB
WritebackTmp:          0 kB
CommitLimit:     2152132 kB
Committed_AS:   118565536 kB
VmallocTotal:   251658176 kB
VmallocUsed:      136084 kB
VmallocChunk:   251412524 kB
Time pass: 385 sec

---2015-12-09 10:41:11
MemTotal:        2873608 kB
MemFree:           90208 kB
Buffers:           16404 kB
Cached:           930788 kB
SwapCached:           16 kB
Active:          1321052 kB
Inactive:         659944 kB
Active(anon):     839572 kB
Inactive(anon):   208524 kB
Active(file):     481480 kB
Inactive(file):   451420 kB
Unevictable:       13568 kB
Mlocked:               0 kB
SwapTotal:        715328 kB
SwapFree:         705184 kB
Dirty:                44 kB
Writeback:             0 kB
AnonPages:       1047292 kB
Mapped:           606276 kB
Shmem:               724 kB
Slab:              99332 kB
SReclaimable:      31812 kB
SUnreclaim:        67520 kB
KernelStack:       38624 kB
PageTables:        50340 kB
NFS_Unstable:          0 kB
Bounce:                0 kB
WritebackTmp:          0 kB
CommitLimit:     2152132 kB
Committed_AS:   118565592 kB
VmallocTotal:   251658176 kB
VmallocUsed:      136084 kB
VmallocChunk:   251412524 kB
Time pass: 388 sec

---2015-12-09 10:41:11
MemTotal:        2873608 kB
MemFree:           89500 kB
Buffers:           16420 kB
