---2015-12-03 10:32:03
MemTotal:        2746844 kB
MemFree:          101020 kB
Buffers:           14052 kB
Cached:          1014592 kB
SwapCached:           40 kB
Active:           924236 kB
Inactive:         975744 kB
Active(anon):     423848 kB
Inactive(anon):   466744 kB
Active(file):     500388 kB
Inactive(file):   509000 kB
Unevictable:       35692 kB
Mlocked:           27724 kB
SwapTotal:       1310716 kB
SwapFree:        1307852 kB
Dirty:                 0 kB
Writeback:             0 kB
AnonPages:        907204 kB
Mapped:           427444 kB
Shmem:               232 kB
Slab:             106860 kB
SReclaimable:      31632 kB
SUnreclaim:        75228 kB
KernelStack:       31216 kB
PageTables:        58280 kB
NFS_Unstable:          0 kB
Bounce:                0 kB
WritebackTmp:          0 kB
CommitLimit:     2684136 kB
Committed_AS:   150602512 kB
VmallocTotal:   251658176 kB
VmallocUsed:      295436 kB
VmallocChunk:   247561408 kB
Time pass: 3 sec

---2015-12-03 10:32:03
MemTotal:        2746844 kB
MemFree:          100436 kB
Buffers:           14052 kB
Cached:          1014608 kB
SwapCached:           40 kB
Active:           924480 kB
Inactive:         975756 kB
Active(anon):     424088 kB
Inactive(anon):   466744 kB
Active(file):     500392 kB
Inactive(file):   509012 kB
Unevictable:       35692 kB
Mlocked:           27724 kB
SwapTotal:       1310716 kB
SwapFree:        1307852 kB
Dirty:                 0 kB
Writeback:             0 kB
AnonPages:        907352 kB
Mapped:           427544 kB
Shmem:               232 kB
Slab:             106844 kB
SReclaimable:      31632 kB
SUnreclaim:        75212 kB
KernelStack:       31184 kB
PageTables:        58304 kB
NFS_Unstable:          0 kB
Bounce:                0 kB
WritebackTmp:          0 kB
CommitLimit:     2684136 kB
Committed_AS:   150602536 kB
VmallocTotal:   251658176 kB
VmallocUsed:      295436 kB
VmallocChunk:   247561408 kB
Time pass: 7 sec

---2015-12-03 10:32:03
MemTotal:        2746844 kB
MemFree:          100528 kB
Buffers:           14052 kB
Cached:          1014608 kB
SwapCached:           40 kB
Active:           924984 kB
Inactive:         975756 kB
Active(anon):     424592 kB
Inactive(anon):   466744 kB
Active(file):     500392 kB
Inactive(file):   509012 kB
Unevictable:       35692 kB
Mlocked:           27724 kB
SwapTotal:       1310716 kB
SwapFree:        1307852 kB
Dirty:                 0 kB
Writeback:             0 kB
AnonPages:        907524 kB
Mapped:           427628 kB
Shmem:               232 kB
Slab:             106908 kB
SReclaimable:      31632 kB
SUnreclaim:        75276 kB
KernelStack:       31184 kB
PageTables:        58332 kB
NFS_Unstable:          0 kB
Bounce:                0 kB
WritebackTmp:          0 kB
CommitLimit:     2684136 kB
Committed_AS:   150602512 kB
VmallocTotal:   251658176 kB
VmallocUsed:      295436 kB
VmallocChunk:   247561408 kB
Time pass: 10 sec

---2015-12-03 10:32:03
MemTotal:        2746844 kB
MemFree:          100976 kB
Buffers:           14052 kB
Cached:          1014608 kB
SwapCached:           40 kB
Active:           925084 kB
Inactive:         975756 kB
Active(anon):     424692 kB
Inactive(anon):   466744 kB
Active(file):     500392 kB
Inactive(file):   509012 kB
Unevictable:       35692 kB
Mlocked:           27724 kB
SwapTotal:       1310716 kB
SwapFree:        1307852 kB
Dirty:                 0 kB
Writeback:             0 kB
AnonPages:        907644 kB
Mapped:           427712 kB
Shmem:               232 kB
Slab:             106772 kB
SReclaimable:      31632 kB
SUnreclaim:        75140 kB
KernelStack:       31184 kB
PageTables:        58360 kB
NFS_Unstable:          0 kB
Bounce:                0 kB
WritebackTmp:          0 kB
CommitLimit:     2684136 kB
Committed_AS:   150602520 kB
VmallocTotal:   251658176 kB
VmallocUsed:      295436 kB
VmallocChunk:   247561408 kB
Time pass: 14 sec

---2015-12-03 10:32:03
MemTotal:        2746844 kB
MemFree:          101040 kB
Buffers:           14068 kB
Cached:          1014596 kB
SwapCached:           40 kB
Active:           924940 kB
Inactive:         975792 kB
Active(anon):     424540 kB
Inactive(anon):   466744 kB
Active(file):     500400 kB
Inactive(file):   509048 kB
Unevictable:       35692 kB
Mlocked:           27724 kB
SwapTotal:       1310716 kB
SwapFree:        1307852 kB
Dirty:                44 kB
Writeback:             0 kB
AnonPages:        907644 kB
Mapped:           427460 kB
Shmem:               232 kB
Slab:             106792 kB
SReclaimable:      31632 kB
SUnreclaim:        75160 kB
KernelStack:       31200 kB
PageTables:        58272 kB
NFS_Unstable:          0 kB
Bounce:                0 kB
WritebackTmp:          0 kB
CommitLimit:     2684136 kB
Committed_AS:   150602448 kB
VmallocTotal:   251658176 kB
VmallocUsed:      295436 kB
VmallocChunk:   247561408 kB
Time pass: 17 sec

---2015-12-03 10:32:03
MemTotal:        2746844 kB
MemFree:           64668 kB
Buffers:           12956 kB
Cached:          1000400 kB
SwapCached:           64 kB
Active:           926428 kB
Inactive:         965248 kB
Active(anon):     431432 kB
Inactive(anon):   466240 kB
Active(file):     494996 kB
Inactive(file):   499008 kB
Unevictable:       35692 kB
Mlocked:           27724 kB
SwapTotal:       1310716 kB
SwapFree:        1306968 kB
Dirty:                84 kB
Writeback:             0 kB
AnonPages:        912928 kB
Mapped:           436956 kB
Shmem:               232 kB
Slab:             106776 kB
SReclaimable:      31632 kB
SUnreclaim:        75144 kB
KernelStack:       31200 kB
PageTables:        59000 kB
NFS_Unstable:          0 kB
Bounce:                0 kB
WritebackTmp:          0 kB
CommitLimit:     2684136 kB
Committed_AS:   151886256 kB
VmallocTotal:   251658176 kB
VmallocUsed:      300212 kB
VmallocChunk:   247561408 kB
Time pass: 21 sec

---2015-12-03 10:32:03
MemTotal:        2746844 kB
MemFree:           73600 kB
Buffers:            9488 kB
Cached:           831348 kB
SwapCached:          244 kB
Active:           861684 kB
Inactive:         869188 kB
Active(anon):     450640 kB
Inactive(anon):   458548 kB
Active(file):     411044 kB
Inactive(file):   410640 kB
Unevictable:       35696 kB
Mlocked:           27724 kB
SwapTotal:       1310716 kB
SwapFree:        1282908 kB
Dirty:              1212 kB
Writeback:             0 kB
AnonPages:        924324 kB
Mapped:           456320 kB
Shmem:               516 kB
Slab:             107520 kB
SReclaimable:      32016 kB
SUnreclaim:        75504 kB
KernelStack:       32640 kB
PageTables:        59464 kB
NFS_Unstable:          0 kB
Bounce:                0 kB
WritebackTmp:          0 kB
CommitLimit:     2684136 kB
Committed_AS:   151951248 kB
VmallocTotal:   251658176 kB
VmallocUsed:      310192 kB
VmallocChunk:   247561408 kB
Time pass: 24 sec

---2015-12-03 10:32:03
MemTotal:        2746844 kB
MemFree:          107364 kB
Buffers:            9548 kB
Cached:           833768 kB
SwapCached:          244 kB
Active:           838664 kB
Inactive:         855664 kB
Active(anon):     427792 kB
Inactive(anon):   442528 kB
Active(file):     410872 kB
Inactive(file):   413136 kB
Unevictable:       35696 kB
Mlocked:           27724 kB
SwapTotal:       1310716 kB
SwapFree:        1282908 kB
Dirty:               104 kB
Writeback:             0 kB
AnonPages:        886232 kB
Mapped:           451468 kB
Shmem:               324 kB
Slab:             107564 kB
SReclaimable:      32064 kB
SUnreclaim:        75500 kB
KernelStack:       32576 kB
PageTables:        58148 kB
NFS_Unstable:          0 kB
Bounce:                0 kB
WritebackTmp:          0 kB
CommitLimit:     2684136 kB
Committed_AS:   148329812 kB
VmallocTotal:   251658176 kB
VmallocUsed:      308152 kB
VmallocChunk:   247561408 kB
Time pass: 28 sec

---2015-12-03 10:32:03
MemTotal:        2746844 kB
MemFree:          108816 kB
Buffers:            9564 kB
Cached:           834072 kB
SwapCached:          244 kB
Active:           837972 kB
Inactive:         855824 kB
Active(anon):     426964 kB
Inactive(anon):   442524 kB
Active(file):     411008 kB
Inactive(file):   413300 kB
Unevictable:       35696 kB
Mlocked:           27724 kB
SwapTotal:       1310716 kB
SwapFree:        1282908 kB
Dirty:               236 kB
Writeback:             0 kB
AnonPages:        885620 kB
Mapped:           451468 kB
Shmem:               324 kB
Slab:             107416 kB
SReclaimable:      32064 kB
SUnreclaim:        75352 kB
KernelStack:       32240 kB
PageTables:        58180 kB
NFS_Unstable:          0 kB
Bounce:                0 kB
WritebackTmp:          0 kB
CommitLimit:     2684136 kB
Committed_AS:   148329828 kB
VmallocTotal:   251658176 kB
VmallocUsed:      308152 kB
VmallocChunk:   247561408 kB
Time pass: 32 sec

---2015-12-03 10:32:03
MemTotal:        2746844 kB
MemFree:          108580 kB
Buffers:            9564 kB
Cached:           834072 kB
SwapCached:          244 kB
Active:           838176 kB
Inactive:         855828 kB
Active(anon):     427160 kB
Inactive(anon):   442524 kB
Active(file):     411016 kB
Inactive(file):   413304 kB
Unevictable:       35696 kB
Mlocked:           27724 kB
SwapTotal:       1310716 kB
SwapFree:        1282908 kB
Dirty:               128 kB
Writeback:             0 kB
AnonPages:        885820 kB
Mapped:           451536 kB
Shmem:               324 kB
Slab:             107412 kB
SReclaimable:      32064 kB
SUnreclaim:        75348 kB
KernelStack:       32240 kB
PageTables:        58180 kB
NFS_Unstable:          0 kB
Bounce:                0 kB
WritebackTmp:          0 kB
CommitLimit:     2684136 kB
Committed_AS:   148329748 kB
VmallocTotal:   251658176 kB
VmallocUsed:      308152 kB
VmallocChunk:   247561408 kB
Time pass: 35 sec

---2015-12-03 10:32:03
MemTotal:        2746844 kB
MemFree:           65888 kB
Buffers:            9176 kB
Cached:           822492 kB
SwapCached:          296 kB
Active:           846136 kB
Inactive:         849016 kB
Active(anon):     438688 kB
Inactive(anon):   443624 kB
Active(file):     407448 kB
Inactive(file):   405392 kB
Unevictable:       35696 kB
Mlocked:           27724 kB
SwapTotal:       1310716 kB
SwapFree:        1281092 kB
Dirty:                64 kB
Writeback:             0 kB
AnonPages:        898136 kB
Mapped:           453236 kB
Shmem:               324 kB
Slab:             107468 kB
SReclaimable:      32064 kB
SUnreclaim:        75404 kB
KernelStack:       32656 kB
PageTables:        58008 kB
NFS_Unstable:          0 kB
Bounce:                0 kB
WritebackTmp:          0 kB
CommitLimit:     2684136 kB
Committed_AS:   147780276 kB
VmallocTotal:   251658176 kB
VmallocUsed:      308928 kB
VmallocChunk:   247561408 kB
Time pass: 39 sec

---2015-12-03 10:32:03
MemTotal:        2746844 kB
MemFree:           66128 kB
Buffers:            9144 kB
Cached:           811768 kB
SwapCached:          340 kB
Active:           844204 kB
Inactive:         844832 kB
Active(anon):     442980 kB
Inactive(anon):   443512 kB
Active(file):     401224 kB
Inactive(file):   401320 kB
Unevictable:       35696 kB
Mlocked:           27724 kB
SwapTotal:       1310716 kB
SwapFree:        1278236 kB
Dirty:                92 kB
Writeback:             4 kB
AnonPages:        902480 kB
Mapped:           454036 kB
Shmem:               324 kB
Slab:             107512 kB
SReclaimable:      32064 kB
SUnreclaim:        75448 kB
KernelStack:       32640 kB
PageTables:        58228 kB
NFS_Unstable:          0 kB
Bounce:                0 kB
WritebackTmp:          0 kB
CommitLimit:     2684136 kB
Committed_AS:   147780300 kB
VmallocTotal:   251658176 kB
VmallocUsed:      308928 kB
VmallocChunk:   247561408 kB
Time pass: 42 sec

---2015-12-03 10:32:03
MemTotal:        2746844 kB
MemFree:           67440 kB
Buffers:            9108 kB
Cached:           804044 kB
SwapCached:          388 kB
Active:           844912 kB
Inactive:         842928 kB
Active(anon):     447776 kB
Inactive(anon):   446232 kB
Active(file):     397136 kB
Inactive(file):   396696 kB
Unevictable:       35696 kB
Mlocked:           27724 kB
SwapTotal:       1310716 kB
SwapFree:        1276904 kB
Dirty:               148 kB
Writeback:             0 kB
AnonPages:        910264 kB
Mapped:           454264 kB
Shmem:               328 kB
Slab:             107496 kB
SReclaimable:      31936 kB
SUnreclaim:        75560 kB
KernelStack:       32656 kB
PageTables:        58296 kB
NFS_Unstable:          0 kB
Bounce:                0 kB
WritebackTmp:          0 kB
CommitLimit:     2684136 kB
Committed_AS:   147782668 kB
VmallocTotal:   251658176 kB
VmallocUsed:      308744 kB
VmallocChunk:   247561408 kB
Time pass: 46 sec

---2015-12-03 10:32:03
MemTotal:        2746844 kB
MemFree:           72696 kB
Buffers:            8380 kB
Cached:           746392 kB
SwapCached:          824 kB
Active:           814492 kB
Inactive:         823916 kB
Active(anon):     446496 kB
Inactive(anon):   456456 kB
Active(file):     367996 kB
Inactive(file):   367460 kB
Unevictable:       35696 kB
Mlocked:           27724 kB
SwapTotal:       1310716 kB
SwapFree:        1267876 kB
Dirty:              2208 kB
Writeback:             0 kB
AnonPages:        918212 kB
Mapped:           456936 kB
Shmem:               328 kB
Slab:             107684 kB
SReclaimable:      31984 kB
SUnreclaim:        75700 kB
KernelStack:       32720 kB
PageTables:        58384 kB
NFS_Unstable:          0 kB
Bounce:                0 kB
WritebackTmp:          0 kB
CommitLimit:     2684136 kB
Committed_AS:   147791208 kB
VmallocTotal:   251658176 kB
VmallocUsed:      309708 kB
VmallocChunk:   247561408 kB
Time pass: 49 sec

---2015-12-03 10:32:03
MemTotal:        2746844 kB
MemFree:           72128 kB
Buffers:            8380 kB
Cached:           747164 kB
SwapCached:          824 kB
Active:           814704 kB
Inactive:         824536 kB
Active(anon):     446696 kB
Inactive(anon):   456456 kB
Active(file):     368008 kB
Inactive(file):   368080 kB
Unevictable:       35696 kB
Mlocked:           27724 kB
SwapTotal:       1310716 kB
SwapFree:        1267876 kB
Dirty:                 0 kB
Writeback:             0 kB
AnonPages:        918700 kB
Mapped:           457544 kB
Shmem:               328 kB
Slab:             107668 kB
SReclaimable:      32032 kB
SUnreclaim:        75636 kB
KernelStack:       32720 kB
PageTables:        58324 kB
NFS_Unstable:          0 kB
Bounce:                0 kB
WritebackTmp:          0 kB
CommitLimit:     2684136 kB
Committed_AS:   147791216 kB
VmallocTotal:   251658176 kB
VmallocUsed:      309708 kB
VmallocChunk:   247561408 kB
Time pass: 53 sec

---2015-12-03 10:32:03
MemTotal:        2746844 kB
MemFree:           71512 kB
Buffers:            8388 kB
Cached:           747396 kB
SwapCached:          824 kB
Active:           814752 kB
Inactive:         824900 kB
Active(anon):     446740 kB
Inactive(anon):   456448 kB
Active(file):     368012 kB
Inactive(file):   368452 kB
Unevictable:       35696 kB
Mlocked:           27724 kB
SwapTotal:       1310716 kB
SwapFree:        1267876 kB
Dirty:                76 kB
Writeback:             0 kB
AnonPages:        918920 kB
Mapped:           457636 kB
Shmem:               328 kB
Slab:             107680 kB
SReclaimable:      32032 kB
SUnreclaim:        75648 kB
KernelStack:       32720 kB
PageTables:        58324 kB
NFS_Unstable:          0 kB
Bounce:                0 kB
WritebackTmp:          0 kB
CommitLimit:     2684136 kB
Committed_AS:   147791216 kB
VmallocTotal:   251658176 kB
VmallocUsed:      309708 kB
VmallocChunk:   247561408 kB
Time pass: 56 sec

---2015-12-03 10:32:03
MemTotal:        2746844 kB
MemFree:           65656 kB
Buffers:            8396 kB
Cached:           745512 kB
SwapCached:          824 kB
Active:           812108 kB
Inactive:         822272 kB
Active(anon):     444632 kB
Inactive(anon):   455212 kB
Active(file):     367476 kB
Inactive(file):   367060 kB
Unevictable:       35696 kB
Mlocked:           27724 kB
SwapTotal:       1310716 kB
SwapFree:        1267740 kB
Dirty:               220 kB
Writeback:             0 kB
AnonPages:        915448 kB
Mapped:           457636 kB
Shmem:               328 kB
Slab:             107740 kB
SReclaimable:      32032 kB
SUnreclaim:        75708 kB
KernelStack:       32720 kB
PageTables:        58328 kB
NFS_Unstable:          0 kB
Bounce:                0 kB
WritebackTmp:          0 kB
CommitLimit:     2684136 kB
Committed_AS:   147791488 kB
VmallocTotal:   251658176 kB
VmallocUsed:      310260 kB
VmallocChunk:   247561408 kB
Time pass: 60 sec

---2015-12-03 10:32:03
MemTotal:        2746844 kB
MemFree:           64560 kB
Buffers:            8396 kB
Cached:           745512 kB
SwapCached:          824 kB
Active:           812080 kB
Inactive:         822280 kB
Active(anon):     444604 kB
Inactive(anon):   455212 kB
Active(file):     367476 kB
Inactive(file):   367068 kB
Unevictable:       35696 kB
Mlocked:           27724 kB
SwapTotal:       1310716 kB
SwapFree:        1267740 kB
Dirty:                 0 kB
Writeback:             0 kB
AnonPages:        915380 kB
Mapped:           457636 kB
Shmem:               328 kB
Slab:             107668 kB
SReclaimable:      32032 kB
SUnreclaim:        75636 kB
KernelStack:       32720 kB
PageTables:        58332 kB
NFS_Unstable:          0 kB
Bounce:                0 kB
WritebackTmp:          0 kB
CommitLimit:     2684136 kB
Committed_AS:   147791600 kB
VmallocTotal:   251658176 kB
VmallocUsed:      310260 kB
VmallocChunk:   247561408 kB
Time pass: 64 sec

---2015-12-03 10:32:03
MemTotal:        2746844 kB
MemFree:           65016 kB
Buffers:            7536 kB
Cached:           709612 kB
SwapCached:          892 kB
Active:           797728 kB
Inactive:         796100 kB
Active(anon):     448612 kB
Inactive(anon):   447384 kB
Active(file):     349116 kB
Inactive(file):   348716 kB
Unevictable:       35696 kB
Mlocked:           27724 kB
SwapTotal:       1310716 kB
SwapFree:        1253892 kB
Dirty:               524 kB
Writeback:             0 kB
AnonPages:        911528 kB
Mapped:           456180 kB
Shmem:               328 kB
Slab:             107916 kB
SReclaimable:      32080 kB
SUnreclaim:        75836 kB
KernelStack:       32736 kB
PageTables:        58364 kB
NFS_Unstable:          0 kB
Bounce:                0 kB
WritebackTmp:          0 kB
CommitLimit:     2684136 kB
Committed_AS:   147792044 kB
VmallocTotal:   251658176 kB
VmallocUsed:      314372 kB
VmallocChunk:   247561408 kB
Time pass: 67 sec

---2015-12-03 10:32:03
MemTotal:        2746844 kB
MemFree:           65948 kB
Buffers:            7464 kB
Cached:           703104 kB
SwapCached:          896 kB
Active:           797448 kB
Inactive:         796152 kB
Active(anon):     451644 kB
Inactive(anon):   450704 kB
Active(file):     345804 kB
Inactive(file):   345448 kB
Unevictable:       35696 kB
Mlocked:           27724 kB
SwapTotal:       1310716 kB
SwapFree:        1250808 kB
Dirty:                 4 kB
Writeback:             0 kB
AnonPages:        917600 kB
Mapped:           455804 kB
Shmem:               328 kB
Slab:             108092 kB
SReclaimable:      32096 kB
SUnreclaim:        75996 kB
KernelStack:       32896 kB
PageTables:        58368 kB
NFS_Unstable:          0 kB
Bounce:                0 kB
WritebackTmp:          0 kB
CommitLimit:     2684136 kB
Committed_AS:   147800404 kB
VmallocTotal:   251658176 kB
VmallocUsed:      314372 kB
VmallocChunk:   247561408 kB
Time pass: 71 sec

---2015-12-03 10:32:03
MemTotal:        2746844 kB
MemFree:           64256 kB
Buffers:            7252 kB
Cached:           696128 kB
SwapCached:         1024 kB
Active:           796700 kB
Inactive:         794268 kB
Active(anon):     453640 kB
Inactive(anon):   453180 kB
Active(file):     343060 kB
Inactive(file):   341088 kB
Unevictable:       35696 kB
Mlocked:           27724 kB
SwapTotal:       1310716 kB
SwapFree:        1244980 kB
Dirty:               156 kB
Writeback:             0 kB
AnonPages:        922720 kB
Mapped:           454068 kB
Shmem:               492 kB
Slab:             108396 kB
SReclaimable:      32096 kB
SUnreclaim:        76300 kB
KernelStack:       33216 kB
PageTables:        58480 kB
NFS_Unstable:          0 kB
Bounce:                0 kB
WritebackTmp:          0 kB
CommitLimit:     2684136 kB
Committed_AS:   147824600 kB
VmallocTotal:   251658176 kB
VmallocUsed:      316488 kB
VmallocChunk:   247561408 kB
Time pass: 74 sec

---2015-12-03 10:32:03
MemTotal:        2746844 kB
MemFree:           65840 kB
Buffers:            7280 kB
Cached:           691100 kB
SwapCached:         1036 kB
Active:           793052 kB
Inactive:         792684 kB
Active(anon):     453724 kB
Inactive(anon):   453676 kB
Active(file):     339328 kB
Inactive(file):   339008 kB
Unevictable:       35696 kB
Mlocked:           27724 kB
SwapTotal:       1310716 kB
SwapFree:        1237816 kB
Dirty:               132 kB
Writeback:             0 kB
AnonPages:        922276 kB
Mapped:           453648 kB
Shmem:               532 kB
Slab:             108476 kB
SReclaimable:      32096 kB
SUnreclaim:        76380 kB
KernelStack:       33232 kB
PageTables:        58644 kB
NFS_Unstable:          0 kB
Bounce:                0 kB
WritebackTmp:          0 kB
CommitLimit:     2684136 kB
Committed_AS:   147828724 kB
VmallocTotal:   251658176 kB
VmallocUsed:      316644 kB
VmallocChunk:   247561408 kB
Time pass: 78 sec

---2015-12-03 10:32:03
MemTotal:        2746844 kB
MemFree:           66332 kB
Buffers:            7296 kB
Cached:           690096 kB
SwapCached:         1036 kB
Active:           794688 kB
Inactive:         790968 kB
Active(anon):     455420 kB
Inactive(anon):   452532 kB
Active(file):     339268 kB
Inactive(file):   338436 kB
Unevictable:       35696 kB
Mlocked:           27724 kB
SwapTotal:       1310716 kB
SwapFree:        1237816 kB
Dirty:                 0 kB
Writeback:             0 kB
AnonPages:        923100 kB
Mapped:           453708 kB
Shmem:               700 kB
Slab:             108580 kB
SReclaimable:      32096 kB
SUnreclaim:        76484 kB
KernelStack:       33216 kB
PageTables:        58656 kB
NFS_Unstable:          0 kB
Bounce:                0 kB
WritebackTmp:          0 kB
CommitLimit:     2684136 kB
Committed_AS:   147828716 kB
VmallocTotal:   251658176 kB
VmallocUsed:      316644 kB
VmallocChunk:   247561408 kB
Time pass: 82 sec

---2015-12-03 10:32:03
MemTotal:        2746844 kB
MemFree:           66036 kB
Buffers:            7312 kB
Cached:           690100 kB
SwapCached:         1036 kB
Active:           795468 kB
Inactive:         791000 kB
Active(anon):     456200 kB
Inactive(anon):   452544 kB
Active(file):     339268 kB
Inactive(file):   338456 kB
Unevictable:       35696 kB
Mlocked:           27724 kB
SwapTotal:       1310716 kB
SwapFree:        1237816 kB
Dirty:                48 kB
Writeback:             0 kB
AnonPages:        924008 kB
Mapped:           453824 kB
Shmem:               700 kB
Slab:             108568 kB
SReclaimable:      32096 kB
SUnreclaim:        76472 kB
KernelStack:       33120 kB
PageTables:        58668 kB
NFS_Unstable:          0 kB
Bounce:                0 kB
WritebackTmp:          0 kB
CommitLimit:     2684136 kB
Committed_AS:   147828604 kB
VmallocTotal:   251658176 kB
VmallocUsed:      316644 kB
VmallocChunk:   247561408 kB
Time pass: 85 sec

---2015-12-03 10:32:03
MemTotal:        2746844 kB
MemFree:           65768 kB
Buffers:            7312 kB
Cached:           690148 kB
SwapCached:         1540 kB
Active:           795704 kB
Inactive:         791552 kB
Active(anon):     456436 kB
Inactive(anon):   453096 kB
Active(file):     339268 kB
Inactive(file):   338456 kB
Unevictable:       35696 kB
Mlocked:           27724 kB
SwapTotal:       1310716 kB
SwapFree:        1237880 kB
Dirty:                48 kB
Writeback:             0 kB
AnonPages:        924544 kB
Mapped:           453788 kB
Shmem:               748 kB
Slab:             108640 kB
SReclaimable:      32096 kB
SUnreclaim:        76544 kB
KernelStack:       33120 kB
PageTables:        58640 kB
NFS_Unstable:          0 kB
Bounce:                0 kB
WritebackTmp:          0 kB
CommitLimit:     2684136 kB
Committed_AS:   147828500 kB
VmallocTotal:   251658176 kB
VmallocUsed:      316644 kB
VmallocChunk:   247561408 kB
Time pass: 89 sec

---2015-12-03 10:32:03
MemTotal:        2746844 kB
MemFree:           68588 kB
Buffers:            7336 kB
Cached:           690148 kB
SwapCached:         1540 kB
Active:           797112 kB
Inactive:         791576 kB
Active(anon):     457844 kB
Inactive(anon):   453096 kB
Active(file):     339268 kB
Inactive(file):   338480 kB
Unevictable:       35696 kB
Mlocked:           27724 kB
SwapTotal:       1310716 kB
SwapFree:        1237880 kB
Dirty:                44 kB
Writeback:             0 kB
AnonPages:        926132 kB
Mapped:           453788 kB
Shmem:               748 kB
Slab:             108620 kB
SReclaimable:      32112 kB
SUnreclaim:        76508 kB
KernelStack:       33120 kB
PageTables:        58648 kB
NFS_Unstable:          0 kB
Bounce:                0 kB
WritebackTmp:          0 kB
CommitLimit:     2684136 kB
Committed_AS:   147836684 kB
VmallocTotal:   251658176 kB
VmallocUsed:      316644 kB
VmallocChunk:   247561408 kB
Time pass: 93 sec

---2015-12-03 10:32:03
MemTotal:        2746844 kB
MemFree:           67804 kB
Buffers:            7352 kB
Cached:           690148 kB
SwapCached:         1540 kB
Active:           797568 kB
Inactive:         791584 kB
Active(anon):     458296 kB
Inactive(anon):   453092 kB
Active(file):     339272 kB
Inactive(file):   338492 kB
Unevictable:       35696 kB
Mlocked:           27724 kB
SwapTotal:       1310716 kB
SwapFree:        1237880 kB
Dirty:                44 kB
Writeback:             0 kB
AnonPages:        926260 kB
Mapped:           453872 kB
Shmem:               748 kB
Slab:             108560 kB
SReclaimable:      32112 kB
SUnreclaim:        76448 kB
KernelStack:       33120 kB
PageTables:        58680 kB
NFS_Unstable:          0 kB
Bounce:                0 kB
WritebackTmp:          0 kB
CommitLimit:     2684136 kB
Committed_AS:   147836648 kB
VmallocTotal:   251658176 kB
VmallocUsed:      316644 kB
VmallocChunk:   247561408 kB
Time pass: 97 sec

---2015-12-03 10:32:03
MemTotal:        2746844 kB
MemFree:           67116 kB
Buffers:            7352 kB
Cached:           690156 kB
SwapCached:         1540 kB
Active:           798184 kB
Inactive:         791592 kB
Active(anon):     458912 kB
Inactive(anon):   453100 kB
Active(file):     339272 kB
Inactive(file):   338492 kB
Unevictable:       35696 kB
Mlocked:           27724 kB
SwapTotal:       1310716 kB
SwapFree:        1237880 kB
Dirty:                 0 kB
Writeback:             0 kB
AnonPages:        926820 kB
Mapped:           453884 kB
Shmem:               756 kB
Slab:             108612 kB
SReclaimable:      32112 kB
SUnreclaim:        76500 kB
KernelStack:       33104 kB
PageTables:        58680 kB
NFS_Unstable:          0 kB
Bounce:                0 kB
WritebackTmp:          0 kB
CommitLimit:     2684136 kB
Committed_AS:   147836628 kB
VmallocTotal:   251658176 kB
VmallocUsed:      316644 kB
VmallocChunk:   247561408 kB
Time pass: 101 sec

---2015-12-03 10:32:03
MemTotal:        2746844 kB
MemFree:           67020 kB
Buffers:            7308 kB
Cached:           697096 kB
SwapCached:         1612 kB
Active:           804276 kB
Inactive:         778868 kB
Active(anon):     445632 kB
Inactive(anon):   452936 kB
Active(file):     358644 kB
Inactive(file):   325932 kB
Unevictable:       35696 kB
Mlocked:           27724 kB
SwapTotal:       1310716 kB
SwapFree:        1228180 kB
Dirty:                36 kB
Writeback:             0 kB
AnonPages:        914680 kB
Mapped:           453656 kB
Shmem:               328 kB
Slab:             108844 kB
SReclaimable:      32224 kB
SUnreclaim:        76620 kB
KernelStack:       32656 kB
PageTables:        58960 kB
NFS_Unstable:          0 kB
Bounce:                0 kB
WritebackTmp:          0 kB
CommitLimit:     2684136 kB
Committed_AS:   153395128 kB
VmallocTotal:   251658176 kB
VmallocUsed:      324416 kB
VmallocChunk:   247561408 kB
Time pass: 104 sec

---2015-12-03 10:32:03
MemTotal:        2746844 kB
MemFree:          371440 kB
Buffers:            7300 kB
Cached:           701360 kB
SwapCached:         1880 kB
Active:           730600 kB
Inactive:         772332 kB
Active(anon):     368388 kB
Inactive(anon):   445572 kB
Active(file):     362212 kB
Inactive(file):   326760 kB
Unevictable:       35696 kB
Mlocked:           27724 kB
SwapTotal:       1310716 kB
SwapFree:        1219764 kB
Dirty:               280 kB
Writeback:             0 kB
AnonPages:        829024 kB
Mapped:           412448 kB
Shmem:               372 kB
Slab:             109176 kB
SReclaimable:      32224 kB
SUnreclaim:        76952 kB
KernelStack:       31152 kB
PageTables:        56508 kB
NFS_Unstable:          0 kB
Bounce:                0 kB
WritebackTmp:          0 kB
CommitLimit:     2684136 kB
Committed_AS:   145745744 kB
VmallocTotal:   251658176 kB
VmallocUsed:      313536 kB
VmallocChunk:   247561408 kB
Time pass: 108 sec

---2015-12-03 10:32:03
MemTotal:        2746844 kB
MemFree:          397056 kB
Buffers:            7312 kB
Cached:           701448 kB
SwapCached:         1888 kB
Active:           706812 kB
Inactive:         769604 kB
Active(anon):     343264 kB
Inactive(anon):   443532 kB
Active(file):     363548 kB
Inactive(file):   326072 kB
Unevictable:       35696 kB
Mlocked:           27724 kB
SwapTotal:       1310716 kB
SwapFree:        1219764 kB
Dirty:               452 kB
Writeback:             0 kB
AnonPages:        802044 kB
Mapped:           411772 kB
Shmem:               192 kB
Slab:             109072 kB
SReclaimable:      32224 kB
SUnreclaim:        76848 kB
KernelStack:       30592 kB
PageTables:        56836 kB
NFS_Unstable:          0 kB
Bounce:                0 kB
WritebackTmp:          0 kB
CommitLimit:     2684136 kB
Committed_AS:   145746520 kB
VmallocTotal:   251658176 kB
VmallocUsed:      313536 kB
VmallocChunk:   247561408 kB
Time pass: 111 sec

---2015-12-03 10:32:03
MemTotal:        2746844 kB
MemFree:          397788 kB
Buffers:            7320 kB
Cached:           701572 kB
SwapCached:         1888 kB
Active:           706880 kB
Inactive:         769680 kB
Active(anon):     343332 kB
Inactive(anon):   443520 kB
Active(file):     363548 kB
Inactive(file):   326160 kB
Unevictable:       35696 kB
Mlocked:           27724 kB
SwapTotal:       1310716 kB
SwapFree:        1219764 kB
Dirty:                68 kB
Writeback:             0 kB
AnonPages:        801880 kB
Mapped:           411772 kB
Shmem:               192 kB
Slab:             109072 kB
SReclaimable:      32224 kB
SUnreclaim:        76848 kB
KernelStack:       30576 kB
PageTables:        56832 kB
NFS_Unstable:          0 kB
Bounce:                0 kB
WritebackTmp:          0 kB
CommitLimit:     2684136 kB
Committed_AS:   145746512 kB
VmallocTotal:   251658176 kB
VmallocUsed:      313536 kB
VmallocChunk:   247561408 kB
Time pass: 115 sec

---2015-12-03 10:32:03
MemTotal:        2746844 kB
MemFree:          396580 kB
Buffers:            7320 kB
Cached:           701792 kB
SwapCached:         1888 kB
Active:           708388 kB
Inactive:         769884 kB
Active(anon):     344816 kB
Inactive(anon):   443524 kB
Active(file):     363572 kB
Inactive(file):   326360 kB
Unevictable:       35696 kB
Mlocked:           27724 kB
SwapTotal:       1310716 kB
SwapFree:        1219764 kB
Dirty:                68 kB
Writeback:             0 kB
AnonPages:        803732 kB
Mapped:           412208 kB
Shmem:               192 kB
Slab:             109000 kB
SReclaimable:      32224 kB
SUnreclaim:        76776 kB
KernelStack:       30576 kB
PageTables:        56804 kB
NFS_Unstable:          0 kB
Bounce:                0 kB
WritebackTmp:          0 kB
CommitLimit:     2684136 kB
Committed_AS:   145750792 kB
VmallocTotal:   251658176 kB
VmallocUsed:      313536 kB
VmallocChunk:   247561408 kB
Time pass: 118 sec

---2015-12-03 10:32:03
MemTotal:        2746844 kB
MemFree:          166680 kB
Buffers:            7732 kB
Cached:           753104 kB
SwapCached:         2452 kB
Active:           764736 kB
Inactive:         812992 kB
Active(anon):     392816 kB
Inactive(anon):   443388 kB
Active(file):     371920 kB
Inactive(file):   369604 kB
Unevictable:       35696 kB
Mlocked:           27724 kB
SwapTotal:       1310716 kB
SwapFree:        1219780 kB
Dirty:              1684 kB
Writeback:             0 kB
AnonPages:        850780 kB
Mapped:           453464 kB
Shmem:               328 kB
Slab:             109124 kB
SReclaimable:      32224 kB
SUnreclaim:        76900 kB
KernelStack:       32960 kB
PageTables:        58744 kB
NFS_Unstable:          0 kB
Bounce:                0 kB
WritebackTmp:          0 kB
CommitLimit:     2684136 kB
Committed_AS:   148872872 kB
VmallocTotal:   251658176 kB
VmallocUsed:      312460 kB
VmallocChunk:   247561408 kB
Time pass: 122 sec

---2015-12-03 10:32:03
MemTotal:        2746844 kB
MemFree:          112712 kB
Buffers:            7740 kB
Cached:           755808 kB
SwapCached:         2488 kB
Active:           767512 kB
Inactive:         805128 kB
Active(anon):     389248 kB
Inactive(anon):   438952 kB
Active(file):     378264 kB
Inactive(file):   366176 kB
Unevictable:       35696 kB
Mlocked:           27724 kB
SwapTotal:       1310716 kB
SwapFree:        1219780 kB
Dirty:                 4 kB
Writeback:             0 kB
AnonPages:        842984 kB
Mapped:           455908 kB
Shmem:               328 kB
Slab:             109216 kB
SReclaimable:      32228 kB
SUnreclaim:        76988 kB
KernelStack:       33072 kB
PageTables:        58940 kB
NFS_Unstable:          0 kB
Bounce:                0 kB
WritebackTmp:          0 kB
CommitLimit:     2684136 kB
Committed_AS:   148856672 kB
VmallocTotal:   251658176 kB
VmallocUsed:      313816 kB
VmallocChunk:   247561408 kB
Time pass: 125 sec

---2015-12-03 10:32:03
MemTotal:        2746844 kB
MemFree:          112712 kB
Buffers:            7748 kB
Cached:           755880 kB
SwapCached:         2488 kB
Active:           766812 kB
Inactive:         804980 kB
Active(anon):     388500 kB
Inactive(anon):   438888 kB
Active(file):     378312 kB
Inactive(file):   366092 kB
Unevictable:       35696 kB
Mlocked:           27724 kB
SwapTotal:       1310716 kB
SwapFree:        1219780 kB
Dirty:               176 kB
Writeback:             0 kB
AnonPages:        842148 kB
Mapped:           456020 kB
Shmem:               328 kB
Slab:             109264 kB
SReclaimable:      32228 kB
SUnreclaim:        77036 kB
KernelStack:       33072 kB
PageTables:        58760 kB
NFS_Unstable:          0 kB
Bounce:                0 kB
WritebackTmp:          0 kB
CommitLimit:     2684136 kB
Committed_AS:   148856656 kB
VmallocTotal:   251658176 kB
VmallocUsed:      313796 kB
VmallocChunk:   247561408 kB
Time pass: 129 sec

---2015-12-03 10:32:03
MemTotal:        2746844 kB
MemFree:          100068 kB
Buffers:            7748 kB
Cached:           756356 kB
SwapCached:         2488 kB
Active:           768088 kB
Inactive:         804932 kB
Active(anon):     389464 kB
Inactive(anon):   438884 kB
Active(file):     378624 kB
Inactive(file):   366048 kB
Unevictable:       35696 kB
Mlocked:           27724 kB
SwapTotal:       1310716 kB
SwapFree:        1219780 kB
Dirty:               448 kB
Writeback:             0 kB
AnonPages:        842912 kB
Mapped:           456064 kB
Shmem:               328 kB
Slab:             109264 kB
SReclaimable:      32228 kB
SUnreclaim:        77036 kB
KernelStack:       33088 kB
PageTables:        58744 kB
NFS_Unstable:          0 kB
Bounce:                0 kB
WritebackTmp:          0 kB
CommitLimit:     2684136 kB
Committed_AS:   148856696 kB
VmallocTotal:   251658176 kB
VmallocUsed:      315140 kB
VmallocChunk:   247561408 kB
Time pass: 132 sec

---2015-12-03 10:32:03
MemTotal:        2746844 kB
MemFree:           99536 kB
Buffers:            7756 kB
Cached:           756328 kB
SwapCached:         2488 kB
Active:           768592 kB
Inactive:         804884 kB
Active(anon):     389824 kB
Inactive(anon):   438884 kB
Active(file):     378768 kB
Inactive(file):   366000 kB
Unevictable:       35696 kB
Mlocked:           27724 kB
SwapTotal:       1310716 kB
SwapFree:        1219780 kB
Dirty:                28 kB
Writeback:             0 kB
AnonPages:        843008 kB
Mapped:           456184 kB
Shmem:               328 kB
Slab:             109248 kB
SReclaimable:      32228 kB
SUnreclaim:        77020 kB
KernelStack:       33088 kB
PageTables:        58744 kB
NFS_Unstable:          0 kB
Bounce:                0 kB
WritebackTmp:          0 kB
CommitLimit:     2684136 kB
Committed_AS:   148856832 kB
VmallocTotal:   251658176 kB
VmallocUsed:      315140 kB
VmallocChunk:   247561408 kB
Time pass: 136 sec

---2015-12-03 10:32:03
MemTotal:        2746844 kB
MemFree:           72920 kB
Buffers:            7692 kB
Cached:           753112 kB
SwapCached:         2488 kB
Active:           775512 kB
Inactive:         800476 kB
Active(anon):     398996 kB
Inactive(anon):   435504 kB
Active(file):     376516 kB
Inactive(file):   364972 kB
Unevictable:       35696 kB
Mlocked:           27724 kB
SwapTotal:       1310716 kB
SwapFree:        1216736 kB
Dirty:               656 kB
Writeback:             0 kB
AnonPages:        848764 kB
Mapped:           455772 kB
Shmem:               328 kB
Slab:             109268 kB
SReclaimable:      32244 kB
SUnreclaim:        77024 kB
KernelStack:       33088 kB
PageTables:        58752 kB
NFS_Unstable:          0 kB
Bounce:                0 kB
WritebackTmp:          0 kB
CommitLimit:     2684136 kB
Committed_AS:   148861300 kB
VmallocTotal:   251658176 kB
VmallocUsed:      319176 kB
VmallocChunk:   247561408 kB
Time pass: 139 sec

---2015-12-03 10:32:03
MemTotal:        2746844 kB
MemFree:           75936 kB
Buffers:            7700 kB
Cached:           753168 kB
SwapCached:         2488 kB
Active:           772856 kB
Inactive:         800528 kB
Active(anon):     396340 kB
Inactive(anon):   435500 kB
Active(file):     376516 kB
Inactive(file):   365028 kB
Unevictable:       35696 kB
Mlocked:           27724 kB
SwapTotal:       1310716 kB
SwapFree:        1216736 kB
Dirty:               596 kB
Writeback:             0 kB
AnonPages:        846480 kB
Mapped:           455780 kB
Shmem:               328 kB
Slab:             109268 kB
SReclaimable:      32244 kB
SUnreclaim:        77024 kB
KernelStack:       33088 kB
PageTables:        58744 kB
NFS_Unstable:          0 kB
Bounce:                0 kB
WritebackTmp:          0 kB
CommitLimit:     2684136 kB
Committed_AS:   148861372 kB
VmallocTotal:   251658176 kB
VmallocUsed:      319176 kB
VmallocChunk:   247561408 kB
Time pass: 143 sec

---2015-12-03 10:32:03
MemTotal:        2746844 kB
MemFree:           75428 kB
Buffers:            7700 kB
Cached:           753176 kB
SwapCached:         2488 kB
Active:           772832 kB
Inactive:         800544 kB
Active(anon):     396316 kB
Inactive(anon):   435500 kB
Active(file):     376516 kB
Inactive(file):   365044 kB
Unevictable:       35696 kB
Mlocked:           27724 kB
SwapTotal:       1310716 kB
SwapFree:        1216736 kB
Dirty:                68 kB
Writeback:             0 kB
AnonPages:        846332 kB
Mapped:           455864 kB
Shmem:               328 kB
Slab:             109284 kB
SReclaimable:      32244 kB
SUnreclaim:        77040 kB
KernelStack:       33088 kB
PageTables:        58772 kB
NFS_Unstable:          0 kB
Bounce:                0 kB
WritebackTmp:          0 kB
CommitLimit:     2684136 kB
Committed_AS:   148861364 kB
VmallocTotal:   251658176 kB
VmallocUsed:      319176 kB
VmallocChunk:   247561408 kB
Time pass: 146 sec

---2015-12-03 10:32:03
MemTotal:        2746844 kB
MemFree:           69312 kB
Buffers:            7708 kB
Cached:           753628 kB
SwapCached:         2488 kB
Active:           778780 kB
Inactive:         800864 kB
Active(anon):     402264 kB
Inactive(anon):   435500 kB
Active(file):     376516 kB
Inactive(file):   365364 kB
Unevictable:       35696 kB
Mlocked:           27724 kB
SwapTotal:       1310716 kB
SwapFree:        1216736 kB
Dirty:                36 kB
Writeback:             0 kB
AnonPages:        852132 kB
Mapped:           457828 kB
Shmem:               328 kB
Slab:             109272 kB
SReclaimable:      32244 kB
SUnreclaim:        77028 kB
KernelStack:       33168 kB
PageTables:        58748 kB
NFS_Unstable:          0 kB
Bounce:                0 kB
WritebackTmp:          0 kB
CommitLimit:     2684136 kB
Committed_AS:   148873364 kB
VmallocTotal:   251658176 kB
VmallocUsed:      319284 kB
VmallocChunk:   247561408 kB
Time pass: 150 sec

---2015-12-03 10:32:03
MemTotal:        2746844 kB
MemFree:           64716 kB
Buffers:            7708 kB
Cached:           753836 kB
SwapCached:         2488 kB
Active:           785460 kB
Inactive:         800552 kB
Active(anon):     408928 kB
Inactive(anon):   435060 kB
Active(file):     376532 kB
Inactive(file):   365492 kB
Unevictable:       35696 kB
Mlocked:           27724 kB
SwapTotal:       1310716 kB
SwapFree:        1216132 kB
Dirty:                44 kB
Writeback:             0 kB
AnonPages:        858544 kB
Mapped:           459364 kB
Shmem:               532 kB
Slab:             109472 kB
SReclaimable:      32244 kB
SUnreclaim:        77228 kB
KernelStack:       33552 kB
PageTables:        58900 kB
NFS_Unstable:          0 kB
Bounce:                0 kB
WritebackTmp:          0 kB
CommitLimit:     2684136 kB
Committed_AS:   148877484 kB
VmallocTotal:   251658176 kB
VmallocUsed:      321364 kB
VmallocChunk:   247561408 kB
Time pass: 154 sec

---2015-12-03 10:32:03
MemTotal:        2746844 kB
MemFree:           71048 kB
Buffers:            7676 kB
Cached:           749884 kB
SwapCached:         2488 kB
Active:           782908 kB
Inactive:         796184 kB
Active(anon):     409252 kB
Inactive(anon):   431820 kB
Active(file):     373656 kB
Inactive(file):   364364 kB
Unevictable:       35696 kB
Mlocked:           27724 kB
SwapTotal:       1310716 kB
SwapFree:        1213252 kB
Dirty:                20 kB
Writeback:             0 kB
AnonPages:        855512 kB
Mapped:           459240 kB
Shmem:               544 kB
Slab:             109456 kB
SReclaimable:      32244 kB
SUnreclaim:        77212 kB
KernelStack:       33552 kB
PageTables:        58900 kB
NFS_Unstable:          0 kB
Bounce:                0 kB
WritebackTmp:          0 kB
CommitLimit:     2684136 kB
Committed_AS:   148877524 kB
VmallocTotal:   251658176 kB
VmallocUsed:      325460 kB
VmallocChunk:   247561408 kB
Time pass: 157 sec

---2015-12-03 10:32:03
MemTotal:        2746844 kB
MemFree:           70532 kB
Buffers:            7684 kB
Cached:           750056 kB
SwapCached:         2488 kB
Active:           783668 kB
Inactive:         796364 kB
Active(anon):     410012 kB
Inactive(anon):   431980 kB
Active(file):     373656 kB
Inactive(file):   364384 kB
Unevictable:       35696 kB
Mlocked:           27724 kB
SwapTotal:       1310716 kB
SwapFree:        1213252 kB
Dirty:                12 kB
Writeback:             0 kB
AnonPages:        856244 kB
Mapped:           459408 kB
Shmem:               712 kB
Slab:             109392 kB
SReclaimable:      32244 kB
SUnreclaim:        77148 kB
KernelStack:       33552 kB
PageTables:        58932 kB
NFS_Unstable:          0 kB
Bounce:                0 kB
WritebackTmp:          0 kB
CommitLimit:     2684136 kB
Committed_AS:   148877512 kB
VmallocTotal:   251658176 kB
VmallocUsed:      325460 kB
VmallocChunk:   247561408 kB
Time pass: 161 sec

---2015-12-03 10:32:03
MemTotal:        2746844 kB
MemFree:           74156 kB
Buffers:            7684 kB
Cached:           750056 kB
SwapCached:         2488 kB
Active:           784184 kB
Inactive:         796364 kB
Active(anon):     410528 kB
Inactive(anon):   431980 kB
Active(file):     373656 kB
Inactive(file):   364384 kB
Unevictable:       35696 kB
Mlocked:           27724 kB
SwapTotal:       1310716 kB
SwapFree:        1213252 kB
Dirty:                16 kB
Writeback:             0 kB
AnonPages:        856928 kB
Mapped:           459408 kB
Shmem:               712 kB
Slab:             109344 kB
SReclaimable:      32244 kB
SUnreclaim:        77100 kB
KernelStack:       33552 kB
PageTables:        58956 kB
NFS_Unstable:          0 kB
Bounce:                0 kB
WritebackTmp:          0 kB
CommitLimit:     2684136 kB
Committed_AS:   148877520 kB
VmallocTotal:   251658176 kB
VmallocUsed:      325460 kB
VmallocChunk:   247561408 kB
Time pass: 164 sec

---2015-12-03 10:32:03
MemTotal:        2746844 kB
MemFree:           69536 kB
Buffers:            7692 kB
Cached:           749792 kB
SwapCached:         2492 kB
Active:           787732 kB
Inactive:         795840 kB
Active(anon):     413804 kB
Inactive(anon):   431596 kB
Active(file):     373928 kB
Inactive(file):   364244 kB
Unevictable:       35696 kB
Mlocked:           27724 kB
SwapTotal:       1310716 kB
SwapFree:        1213252 kB
Dirty:                 8 kB
Writeback:             0 kB
AnonPages:        860116 kB
Mapped:           458872 kB
Shmem:               328 kB
Slab:             109280 kB
SReclaimable:      32244 kB
SUnreclaim:        77036 kB
KernelStack:       33232 kB
PageTables:        58844 kB
NFS_Unstable:          0 kB
Bounce:                0 kB
WritebackTmp:          0 kB
CommitLimit:     2684136 kB
Committed_AS:   148881636 kB
VmallocTotal:   251658176 kB
VmallocUsed:      329584 kB
VmallocChunk:   247561408 kB
Time pass: 168 sec

---2015-12-03 10:32:03
MemTotal:        2746844 kB
MemFree:           64540 kB
Buffers:            7636 kB
Cached:           749424 kB
SwapCached:         2508 kB
Active:           793060 kB
Inactive:         795420 kB
Active(anon):     421800 kB
Inactive(anon):   428724 kB
Active(file):     371260 kB
Inactive(file):   366696 kB
Unevictable:       35696 kB
Mlocked:           27724 kB
SwapTotal:       1310716 kB
SwapFree:        1208948 kB
Dirty:                 0 kB
Writeback:             0 kB
AnonPages:        864140 kB
Mapped:           459520 kB
Shmem:               620 kB
Slab:             109376 kB
SReclaimable:      32244 kB
SUnreclaim:        77132 kB
KernelStack:       33632 kB
PageTables:        58992 kB
NFS_Unstable:          0 kB
Bounce:                0 kB
WritebackTmp:          0 kB
CommitLimit:     2684136 kB
Committed_AS:   150140716 kB
VmallocTotal:   251658176 kB
VmallocUsed:      330604 kB
VmallocChunk:   247561408 kB
Time pass: 172 sec

---2015-12-03 10:32:03
MemTotal:        2746844 kB
MemFree:           73184 kB
Buffers:            7108 kB
Cached:           744460 kB
SwapCached:         2544 kB
Active:           789040 kB
Inactive:         790052 kB
Active(anon):     418556 kB
Inactive(anon):   428620 kB
Active(file):     370484 kB
Inactive(file):   361432 kB
Unevictable:       35696 kB
Mlocked:           27724 kB
SwapTotal:       1310716 kB
SwapFree:        1204560 kB
Dirty:                96 kB
Writeback:             0 kB
AnonPages:        861628 kB
Mapped:           456416 kB
Shmem:               664 kB
Slab:             109504 kB
SReclaimable:      32244 kB
SUnreclaim:        77260 kB
KernelStack:       33632 kB
PageTables:        59028 kB
NFS_Unstable:          0 kB
Bounce:                0 kB
WritebackTmp:          0 kB
CommitLimit:     2684136 kB
Committed_AS:   148894020 kB
VmallocTotal:   251658176 kB
VmallocUsed:      329584 kB
VmallocChunk:   247561408 kB
Time pass: 176 sec

---2015-12-03 10:32:03
MemTotal:        2746844 kB
MemFree:           71836 kB
Buffers:            7108 kB
Cached:           744580 kB
SwapCached:         2544 kB
Active:           789892 kB
Inactive:         790168 kB
Active(anon):     419408 kB
Inactive(anon):   428728 kB
Active(file):     370484 kB
Inactive(file):   361440 kB
Unevictable:       35696 kB
Mlocked:           27724 kB
SwapTotal:       1310716 kB
SwapFree:        1204560 kB
Dirty:                 0 kB
Writeback:             0 kB
AnonPages:        861784 kB
Mapped:           456544 kB
Shmem:               776 kB
Slab:             109492 kB
SReclaimable:      32244 kB
SUnreclaim:        77248 kB
KernelStack:       33600 kB
PageTables:        59004 kB
NFS_Unstable:          0 kB
Bounce:                0 kB
WritebackTmp:          0 kB
CommitLimit:     2684136 kB
Committed_AS:   148898260 kB
VmallocTotal:   251658176 kB
VmallocUsed:      329584 kB
VmallocChunk:   247561408 kB
Time pass: 179 sec

---2015-12-03 10:32:03
MemTotal:        2746844 kB
MemFree:           78748 kB
Buffers:            7296 kB
Cached:           745212 kB
SwapCached:         2544 kB
Active:           790448 kB
Inactive:         790840 kB
Active(anon):     419876 kB
Inactive(anon):   429204 kB
Active(file):     370572 kB
Inactive(file):   361636 kB
Unevictable:       35696 kB
Mlocked:           27724 kB
SwapTotal:       1310716 kB
SwapFree:        1204560 kB
Dirty:                28 kB
Writeback:             0 kB
AnonPages:        862924 kB
Mapped:           457096 kB
Shmem:              1292 kB
Slab:             109432 kB
SReclaimable:      32244 kB
SUnreclaim:        77188 kB
KernelStack:       33520 kB
PageTables:        59016 kB
NFS_Unstable:          0 kB
Bounce:                0 kB
WritebackTmp:          0 kB
CommitLimit:     2684136 kB
Committed_AS:   148898680 kB
VmallocTotal:   251658176 kB
VmallocUsed:      329584 kB
VmallocChunk:   247561408 kB
Time pass: 183 sec

---2015-12-03 10:32:03
MemTotal:        2746844 kB
MemFree:           78480 kB
Buffers:            7296 kB
Cached:           745220 kB
SwapCached:         2548 kB
Active:           790700 kB
Inactive:         790868 kB
Active(anon):     420128 kB
Inactive(anon):   429212 kB
Active(file):     370572 kB
Inactive(file):   361656 kB
Unevictable:       35696 kB
Mlocked:           27724 kB
SwapTotal:       1310716 kB
SwapFree:        1204560 kB
Dirty:                32 kB
Writeback:             0 kB
AnonPages:        862952 kB
Mapped:           457188 kB
Shmem:              1300 kB
Slab:             109444 kB
SReclaimable:      32244 kB
SUnreclaim:        77200 kB
KernelStack:       33504 kB
PageTables:        59044 kB
NFS_Unstable:          0 kB
Bounce:                0 kB
WritebackTmp:          0 kB
CommitLimit:     2684136 kB
Committed_AS:   148898648 kB
VmallocTotal:   251658176 kB
VmallocUsed:      329584 kB
VmallocChunk:   247561408 kB
Time pass: 186 sec

---2015-12-03 10:32:03
MemTotal:        2746844 kB
MemFree:           78620 kB
Buffers:            7296 kB
Cached:           745336 kB
SwapCached:         2548 kB
Active:           791132 kB
Inactive:         790540 kB
Active(anon):     420560 kB
Inactive(anon):   428812 kB
Active(file):     370572 kB
Inactive(file):   361728 kB
Unevictable:       35696 kB
Mlocked:           27724 kB
SwapTotal:       1310716 kB
SwapFree:        1204676 kB
Dirty:                 0 kB
Writeback:             0 kB
AnonPages:        862780 kB
Mapped:           457252 kB
Shmem:              1344 kB
Slab:             109436 kB
SReclaimable:      32244 kB
SUnreclaim:        77192 kB
KernelStack:       32976 kB
PageTables:        59024 kB
NFS_Unstable:          0 kB
Bounce:                0 kB
WritebackTmp:          0 kB
CommitLimit:     2684136 kB
Committed_AS:   148897712 kB
VmallocTotal:   251658176 kB
VmallocUsed:      329584 kB
VmallocChunk:   247561408 kB
Time pass: 190 sec

---2015-12-03 10:32:03
MemTotal:        2746844 kB
MemFree:           77968 kB
Buffers:            7308 kB
Cached:           745768 kB
SwapCached:         2568 kB
Active:           800128 kB
Inactive:         784544 kB
Active(anon):     423144 kB
Inactive(anon):   428784 kB
Active(file):     376984 kB
Inactive(file):   355760 kB
Unevictable:       35696 kB
Mlocked:           27724 kB
SwapTotal:       1310716 kB
SwapFree:        1204676 kB
Dirty:                40 kB
Writeback:             0 kB
AnonPages:        865392 kB
Mapped:           457156 kB
Shmem:              1344 kB
Slab:             109436 kB
SReclaimable:      32244 kB
SUnreclaim:        77192 kB
KernelStack:       32928 kB
PageTables:        58988 kB
NFS_Unstable:          0 kB
Bounce:                0 kB
WritebackTmp:          0 kB
CommitLimit:     2684136 kB
Committed_AS:   148897404 kB
VmallocTotal:   251658176 kB
VmallocUsed:      329584 kB
VmallocChunk:   247561408 kB
Time pass: 193 sec

---2015-12-03 10:32:03
MemTotal:        2746844 kB
MemFree:           77140 kB
Buffers:            7316 kB
Cached:           745772 kB
SwapCached:         2568 kB
Active:           800472 kB
Inactive:         784376 kB
Active(anon):     423488 kB
Inactive(anon):   428616 kB
Active(file):     376984 kB
Inactive(file):   355760 kB
Unevictable:       35696 kB
Mlocked:           27724 kB
SwapTotal:       1310716 kB
SwapFree:        1204680 kB
Dirty:                52 kB
Writeback:             0 kB
AnonPages:        865444 kB
Mapped:           457256 kB
Shmem:              1348 kB
Slab:             109432 kB
SReclaimable:      32244 kB
SUnreclaim:        77188 kB
KernelStack:       32800 kB
PageTables:        59012 kB
NFS_Unstable:          0 kB
Bounce:                0 kB
WritebackTmp:          0 kB
CommitLimit:     2684136 kB
Committed_AS:   148897116 kB
VmallocTotal:   251658176 kB
VmallocUsed:      329584 kB
VmallocChunk:   247561408 kB
Time pass: 197 sec

---2015-12-03 10:32:03
MemTotal:        2746844 kB
MemFree:           78316 kB
Buffers:            7316 kB
Cached:           745772 kB
SwapCached:         2568 kB
Active:           799648 kB
Inactive:         784316 kB
Active(anon):     422664 kB
Inactive(anon):   428548 kB
Active(file):     376984 kB
Inactive(file):   355768 kB
Unevictable:       35696 kB
Mlocked:           27724 kB
SwapTotal:       1310716 kB
SwapFree:        1204680 kB
Dirty:                52 kB
Writeback:             0 kB
AnonPages:        865072 kB
Mapped:           457172 kB
Shmem:              1348 kB
Slab:             109412 kB
SReclaimable:      32244 kB
SUnreclaim:        77168 kB
KernelStack:       32736 kB
PageTables:        58984 kB
NFS_Unstable:          0 kB
Bounce:                0 kB
WritebackTmp:          0 kB
CommitLimit:     2684136 kB
Committed_AS:   148897084 kB
VmallocTotal:   251658176 kB
VmallocUsed:      329584 kB
VmallocChunk:   247561408 kB
Time pass: 201 sec

---2015-12-03 10:32:03
MemTotal:        2746844 kB
MemFree:           77356 kB
Buffers:            7316 kB
Cached:           745780 kB
SwapCached:         2568 kB
Active:           800124 kB
Inactive:         784308 kB
Active(anon):     423140 kB
Inactive(anon):   428540 kB
Active(file):     376984 kB
Inactive(file):   355768 kB
Unevictable:       35696 kB
Mlocked:           27724 kB
SwapTotal:       1310716 kB
SwapFree:        1204680 kB
Dirty:                 0 kB
Writeback:             0 kB
AnonPages:        865108 kB
Mapped:           457264 kB
Shmem:              1356 kB
Slab:             109404 kB
SReclaimable:      32244 kB
SUnreclaim:        77160 kB
KernelStack:       32736 kB
PageTables:        59016 kB
NFS_Unstable:          0 kB
Bounce:                0 kB
WritebackTmp:          0 kB
CommitLimit:     2684136 kB
Committed_AS:   148897068 kB
VmallocTotal:   251658176 kB
VmallocUsed:      329584 kB
VmallocChunk:   247561408 kB
Time pass: 204 sec

---2015-12-03 10:32:03
MemTotal:        2746844 kB
MemFree:           76184 kB
Buffers:            7316 kB
Cached:           745840 kB
SwapCached:         2568 kB
Active:           800744 kB
Inactive:         784348 kB
Active(anon):     423760 kB
Inactive(anon):   428520 kB
Active(file):     376984 kB
Inactive(file):   355828 kB
Unevictable:       35696 kB
Mlocked:           27724 kB
SwapTotal:       1310716 kB
SwapFree:        1204680 kB
Dirty:                 0 kB
Writeback:             0 kB
AnonPages:        865428 kB
Mapped:           457272 kB
Shmem:              1356 kB
Slab:             109400 kB
SReclaimable:      32244 kB
SUnreclaim:        77156 kB
KernelStack:       32752 kB
PageTables:        59020 kB
NFS_Unstable:          0 kB
Bounce:                0 kB
WritebackTmp:          0 kB
CommitLimit:     2684136 kB
Committed_AS:   148897060 kB
VmallocTotal:   251658176 kB
VmallocUsed:      329584 kB
VmallocChunk:   247561408 kB
Time pass: 208 sec

---2015-12-03 10:32:03
MemTotal:        2746844 kB
MemFree:           74016 kB
Buffers:            7016 kB
Cached:           742732 kB
SwapCached:         3324 kB
Active:           794288 kB
Inactive:         793520 kB
Active(anon):     424184 kB
Inactive(anon):   434060 kB
Active(file):     370104 kB
Inactive(file):   359460 kB
Unevictable:       35696 kB
Mlocked:           27724 kB
SwapTotal:       1310716 kB
SwapFree:        1198636 kB
Dirty:               212 kB
Writeback:             0 kB
AnonPages:        871528 kB
Mapped:           459688 kB
Shmem:              1356 kB
Slab:             109416 kB
SReclaimable:      32224 kB
SUnreclaim:        77192 kB
KernelStack:       33008 kB
PageTables:        58956 kB
NFS_Unstable:          0 kB
Bounce:                0 kB
WritebackTmp:          0 kB
CommitLimit:     2684136 kB
Committed_AS:   148345064 kB
VmallocTotal:   251658176 kB
VmallocUsed:      329584 kB
VmallocChunk:   247561408 kB
Time pass: 212 sec

---2015-12-03 10:32:03
MemTotal:        2746844 kB
MemFree:           75648 kB
Buffers:            7024 kB
Cached:           742612 kB
SwapCached:         3324 kB
Active:           792948 kB
Inactive:         793596 kB
Active(anon):     423068 kB
Inactive(anon):   434192 kB
Active(file):     369880 kB
Inactive(file):   359404 kB
Unevictable:       35696 kB
Mlocked:           27724 kB
SwapTotal:       1310716 kB
SwapFree:        1198636 kB
Dirty:                88 kB
Writeback:             0 kB
AnonPages:        869872 kB
Mapped:           459564 kB
Shmem:              1356 kB
Slab:             109504 kB
SReclaimable:      32224 kB
SUnreclaim:        77280 kB
KernelStack:       32848 kB
PageTables:        58964 kB
NFS_Unstable:          0 kB
Bounce:                0 kB
WritebackTmp:          0 kB
CommitLimit:     2684136 kB
Committed_AS:   148344656 kB
VmallocTotal:   251658176 kB
VmallocUsed:      329584 kB
VmallocChunk:   247561408 kB
Time pass: 216 sec

---2015-12-03 10:32:03
MemTotal:        2746844 kB
MemFree:           76304 kB
Buffers:            7024 kB
Cached:           742612 kB
SwapCached:         3324 kB
Active:           792172 kB
Inactive:         793564 kB
Active(anon):     422292 kB
Inactive(anon):   434152 kB
Active(file):     369880 kB
Inactive(file):   359412 kB
Unevictable:       35696 kB
Mlocked:           27724 kB
SwapTotal:       1310716 kB
SwapFree:        1198636 kB
Dirty:                88 kB
Writeback:             0 kB
AnonPages:        869704 kB
Mapped:           459564 kB
Shmem:              1356 kB
Slab:             109456 kB
SReclaimable:      32224 kB
SUnreclaim:        77232 kB
KernelStack:       32832 kB
PageTables:        58972 kB
NFS_Unstable:          0 kB
Bounce:                0 kB
WritebackTmp:          0 kB
CommitLimit:     2684136 kB
Committed_AS:   148344568 kB
VmallocTotal:   251658176 kB
VmallocUsed:      329584 kB
VmallocChunk:   247561408 kB
Time pass: 219 sec

---2015-12-03 10:32:03
MemTotal:        2746844 kB
MemFree:           75404 kB
Buffers:            7024 kB
Cached:           742612 kB
SwapCached:         3324 kB
Active:           792568 kB
Inactive:         793560 kB
Active(anon):     422688 kB
Inactive(anon):   434148 kB
Active(file):     369880 kB
Inactive(file):   359412 kB
Unevictable:       35696 kB
Mlocked:           27724 kB
SwapTotal:       1310716 kB
SwapFree:        1198636 kB
Dirty:                 0 kB
Writeback:             0 kB
AnonPages:        870000 kB
Mapped:           459572 kB
Shmem:              1356 kB
Slab:             109456 kB
SReclaimable:      32224 kB
SUnreclaim:        77232 kB
KernelStack:       32848 kB
PageTables:        58964 kB
NFS_Unstable:          0 kB
Bounce:                0 kB
WritebackTmp:          0 kB
CommitLimit:     2684136 kB
Committed_AS:   148344640 kB
VmallocTotal:   251658176 kB
VmallocUsed:      329584 kB
VmallocChunk:   247561408 kB
Time pass: 223 sec

---2015-12-03 10:32:03
MemTotal:        2746844 kB
MemFree:           70924 kB
Buffers:            7068 kB
Cached:           744320 kB
SwapCached:         3328 kB
Active:           796192 kB
Inactive:         795188 kB
Active(anon):     426304 kB
Inactive(anon):   434064 kB
Active(file):     369888 kB
Inactive(file):   361124 kB
Unevictable:       35696 kB
Mlocked:           27724 kB
SwapTotal:       1310716 kB
SwapFree:        1198636 kB
Dirty:                52 kB
Writeback:             0 kB
AnonPages:        873244 kB
Mapped:           460076 kB
Shmem:              1356 kB
Slab:             109484 kB
SReclaimable:      32224 kB
SUnreclaim:        77260 kB
KernelStack:       32992 kB
PageTables:        58976 kB
NFS_Unstable:          0 kB
Bounce:                0 kB
WritebackTmp:          0 kB
CommitLimit:     2684136 kB
Committed_AS:   148345748 kB
VmallocTotal:   251658176 kB
VmallocUsed:      329584 kB
VmallocChunk:   247561408 kB
Time pass: 226 sec

---2015-12-03 10:32:03
MemTotal:        2746844 kB
MemFree:           64692 kB
Buffers:            7068 kB
Cached:           744452 kB
SwapCached:         3328 kB
Active:           802468 kB
Inactive:         795320 kB
Active(anon):     432548 kB
Inactive(anon):   434064 kB
Active(file):     369920 kB
Inactive(file):   361256 kB
Unevictable:       35696 kB
Mlocked:           27724 kB
SwapTotal:       1310716 kB
SwapFree:        1198636 kB
Dirty:                60 kB
Writeback:             0 kB
AnonPages:        879604 kB
Mapped:           466044 kB
Shmem:              1356 kB
Slab:             109480 kB
SReclaimable:      32224 kB
SUnreclaim:        77256 kB
KernelStack:       33360 kB
PageTables:        59512 kB
NFS_Unstable:          0 kB
Bounce:                0 kB
WritebackTmp:          0 kB
CommitLimit:     2684136 kB
Committed_AS:   149607100 kB
VmallocTotal:   251658176 kB
VmallocUsed:      330604 kB
VmallocChunk:   247561408 kB
Time pass: 229 sec

---2015-12-03 10:32:03
MemTotal:        2746844 kB
MemFree:           71532 kB
Buffers:            6920 kB
Cached:           742100 kB
SwapCached:         3328 kB
Active:           795692 kB
Inactive:         795796 kB
Active(anon):     427372 kB
Inactive(anon):   435440 kB
Active(file):     368320 kB
Inactive(file):   360356 kB
Unevictable:       35696 kB
Mlocked:           27724 kB
SwapTotal:       1310716 kB
SwapFree:        1198524 kB
Dirty:               116 kB
Writeback:             0 kB
AnonPages:        875272 kB
Mapped:           460228 kB
Shmem:              1356 kB
Slab:             109484 kB
SReclaimable:      32224 kB
SUnreclaim:        77260 kB
KernelStack:       33120 kB
PageTables:        59048 kB
NFS_Unstable:          0 kB
Bounce:                0 kB
WritebackTmp:          0 kB
CommitLimit:     2684136 kB
Committed_AS:   148345868 kB
VmallocTotal:   251658176 kB
VmallocUsed:      329584 kB
VmallocChunk:   247561408 kB
Time pass: 233 sec

---2015-12-03 10:32:03
MemTotal:        2746844 kB
MemFree:           72180 kB
Buffers:            6920 kB
Cached:           742104 kB
SwapCached:         3328 kB
Active:           795836 kB
Inactive:         795668 kB
Active(anon):     427516 kB
Inactive(anon):   435312 kB
Active(file):     368320 kB
Inactive(file):   360356 kB
Unevictable:       35696 kB
Mlocked:           27724 kB
SwapTotal:       1310716 kB
SwapFree:        1198524 kB
Dirty:                 0 kB
Writeback:             0 kB
AnonPages:        875508 kB
Mapped:           460248 kB
Shmem:              1360 kB
Slab:             109492 kB
SReclaimable:      32224 kB
SUnreclaim:        77268 kB
KernelStack:       33104 kB
PageTables:        59040 kB
NFS_Unstable:          0 kB
Bounce:                0 kB
WritebackTmp:          0 kB
CommitLimit:     2684136 kB
Committed_AS:   148349956 kB
VmallocTotal:   251658176 kB
VmallocUsed:      329584 kB
VmallocChunk:   247561408 kB
Time pass: 237 sec

---2015-12-03 10:32:03
MemTotal:        2746844 kB
MemFree:           70716 kB
Buffers:            6932 kB
Cached:           742588 kB
SwapCached:         3328 kB
Active:           796520 kB
Inactive:         796160 kB
Active(anon):     428204 kB
Inactive(anon):   435312 kB
Active(file):     368316 kB
Inactive(file):   360848 kB
Unevictable:       35696 kB
Mlocked:           27724 kB
SwapTotal:       1310716 kB
SwapFree:        1198524 kB
Dirty:                60 kB
Writeback:             0 kB
AnonPages:        876308 kB
Mapped:           460172 kB
Shmem:              1360 kB
Slab:             109488 kB
SReclaimable:      32224 kB
SUnreclaim:        77264 kB
KernelStack:       33104 kB
PageTables:        59012 kB
NFS_Unstable:          0 kB
Bounce:                0 kB
WritebackTmp:          0 kB
CommitLimit:     2684136 kB
Committed_AS:   148350356 kB
VmallocTotal:   251658176 kB
VmallocUsed:      329584 kB
VmallocChunk:   247561408 kB
Time pass: 240 sec

---2015-12-03 10:32:03
MemTotal:        2746844 kB
MemFree:           72208 kB
Buffers:            6940 kB
Cached:           742580 kB
SwapCached:         3328 kB
Active:           797000 kB
Inactive:         796112 kB
Active(anon):     428676 kB
Inactive(anon):   435260 kB
Active(file):     368324 kB
Inactive(file):   360852 kB
Unevictable:       35696 kB
Mlocked:           27724 kB
SwapTotal:       1310716 kB
SwapFree:        1198536 kB
Dirty:                 0 kB
Writeback:             0 kB
AnonPages:        877088 kB
Mapped:           460176 kB
Shmem:              1360 kB
Slab:             109512 kB
SReclaimable:      32224 kB
SUnreclaim:        77288 kB
KernelStack:       33104 kB
PageTables:        59012 kB
NFS_Unstable:          0 kB
Bounce:                0 kB
WritebackTmp:          0 kB
CommitLimit:     2684136 kB
Committed_AS:   148350332 kB
VmallocTotal:   251658176 kB
VmallocUsed:      329584 kB
VmallocChunk:   247561408 kB
Time pass: 245 sec

---2015-12-03 10:32:03
MemTotal:        2746844 kB
MemFree:           69680 kB
Buffers:            6940 kB
Cached:           742592 kB
SwapCached:         3328 kB
Active:           799800 kB
Inactive:         796096 kB
Active(anon):     431476 kB
Inactive(anon):   435236 kB
Active(file):     368324 kB
Inactive(file):   360860 kB
Unevictable:       35696 kB
Mlocked:           27724 kB
SwapTotal:       1310716 kB
SwapFree:        1198536 kB
Dirty:                28 kB
Writeback:             0 kB
AnonPages:        879592 kB
Mapped:           463380 kB
Shmem:              1364 kB
Slab:             109472 kB
SReclaimable:      32224 kB
SUnreclaim:        77248 kB
KernelStack:       33168 kB
PageTables:        59348 kB
NFS_Unstable:          0 kB
Bounce:                0 kB
WritebackTmp:          0 kB
CommitLimit:     2684136 kB
Committed_AS:   149601100 kB
VmallocTotal:   251658176 kB
VmallocUsed:      330604 kB
VmallocChunk:   247561408 kB
Time pass: 248 sec

---2015-12-03 10:32:03
MemTotal:        2746844 kB
MemFree:           71696 kB
Buffers:            6940 kB
Cached:           740084 kB
SwapCached:         3328 kB
Active:           796516 kB
Inactive:         797140 kB
Active(anon):     429932 kB
Inactive(anon):   437052 kB
Active(file):     366584 kB
Inactive(file):   360088 kB
Unevictable:       35696 kB
Mlocked:           27724 kB
SwapTotal:       1310716 kB
SwapFree:        1198356 kB
Dirty:                32 kB
Writeback:             0 kB
AnonPages:        879848 kB
Mapped:           460000 kB
Shmem:              1364 kB
Slab:             109492 kB
SReclaimable:      32224 kB
SUnreclaim:        77268 kB
KernelStack:       33104 kB
PageTables:        59016 kB
NFS_Unstable:          0 kB
Bounce:                0 kB
WritebackTmp:          0 kB
CommitLimit:     2684136 kB
Committed_AS:   148350200 kB
VmallocTotal:   251658176 kB
VmallocUsed:      329584 kB
VmallocChunk:   247561408 kB
Time pass: 252 sec

---2015-12-03 10:32:03
MemTotal:        2746844 kB
MemFree:           71952 kB
Buffers:            6948 kB
Cached:           740084 kB
SwapCached:         3328 kB
Active:           796104 kB
Inactive:         797136 kB
Active(anon):     429516 kB
Inactive(anon):   437044 kB
Active(file):     366588 kB
Inactive(file):   360092 kB
Unevictable:       35696 kB
Mlocked:           27724 kB
SwapTotal:       1310716 kB
SwapFree:        1198364 kB
Dirty:                52 kB
Writeback:             0 kB
AnonPages:        879336 kB
Mapped:           460176 kB
Shmem:              1364 kB
Slab:             109524 kB
SReclaimable:      32224 kB
SUnreclaim:        77300 kB
KernelStack:       33072 kB
PageTables:        59024 kB
NFS_Unstable:          0 kB
Bounce:                0 kB
WritebackTmp:          0 kB
CommitLimit:     2684136 kB
Committed_AS:   148350248 kB
VmallocTotal:   251658176 kB
VmallocUsed:      329584 kB
VmallocChunk:   247561408 kB
Time pass: 256 sec

---2015-12-03 10:32:03
MemTotal:        2746844 kB
MemFree:           72800 kB
Buffers:            6948 kB
Cached:           740084 kB
SwapCached:         3328 kB
Active:           796676 kB
Inactive:         797124 kB
Active(anon):     430088 kB
Inactive(anon):   437032 kB
Active(file):     366588 kB
Inactive(file):   360092 kB
Unevictable:       35696 kB
Mlocked:           27724 kB
SwapTotal:       1310716 kB
SwapFree:        1198372 kB
Dirty:                56 kB
Writeback:             0 kB
AnonPages:        879824 kB
Mapped:           460260 kB
Shmem:              1364 kB
Slab:             109520 kB
SReclaimable:      32224 kB
SUnreclaim:        77296 kB
KernelStack:       33072 kB
PageTables:        59052 kB
NFS_Unstable:          0 kB
Bounce:                0 kB
WritebackTmp:          0 kB
CommitLimit:     2684136 kB
Committed_AS:   148350216 kB
VmallocTotal:   251658176 kB
VmallocUsed:      329584 kB
VmallocChunk:   247561408 kB
Time pass: 259 sec

---2015-12-03 10:32:03
MemTotal:        2746844 kB
MemFree:           72864 kB
Buffers:            6956 kB
Cached:           740084 kB
SwapCached:         3328 kB
Active:           796632 kB
Inactive:         797132 kB
Active(anon):     430044 kB
Inactive(anon):   437032 kB
Active(file):     366588 kB
Inactive(file):   360100 kB
Unevictable:       35696 kB
Mlocked:           27724 kB
SwapTotal:       1310716 kB
SwapFree:        1198372 kB
Dirty:                32 kB
Writeback:             0 kB
AnonPages:        879916 kB
Mapped:           460176 kB
Shmem:              1364 kB
Slab:             109560 kB
SReclaimable:      32224 kB
SUnreclaim:        77336 kB
KernelStack:       33104 kB
PageTables:        59024 kB
NFS_Unstable:          0 kB
Bounce:                0 kB
WritebackTmp:          0 kB
CommitLimit:     2684136 kB
Committed_AS:   148350192 kB
VmallocTotal:   251658176 kB
VmallocUsed:      329584 kB
VmallocChunk:   247561408 kB
Time pass: 263 sec

---2015-12-03 10:32:03
MemTotal:        2746844 kB
MemFree:           71884 kB
Buffers:            6956 kB
Cached:           740084 kB
SwapCached:         3328 kB
Active:           798048 kB
Inactive:         797052 kB
Active(anon):     431460 kB
Inactive(anon):   436952 kB
Active(file):     366588 kB
Inactive(file):   360100 kB
Unevictable:       35696 kB
Mlocked:           27724 kB
SwapTotal:       1310716 kB
SwapFree:        1198372 kB
Dirty:                 0 kB
Writeback:             0 kB
AnonPages:        880984 kB
Mapped:           460260 kB
Shmem:              1364 kB
Slab:             109560 kB
SReclaimable:      32224 kB
SUnreclaim:        77336 kB
KernelStack:       33072 kB
PageTables:        59052 kB
NFS_Unstable:          0 kB
Bounce:                0 kB
WritebackTmp:          0 kB
CommitLimit:     2684136 kB
Committed_AS:   148350196 kB
VmallocTotal:   251658176 kB
VmallocUsed:      329584 kB
VmallocChunk:   247561408 kB
Time pass: 266 sec

---2015-12-03 10:32:03
MemTotal:        2746844 kB
MemFree:           70592 kB
Buffers:            6956 kB
Cached:           740084 kB
SwapCached:         3328 kB
Active:           799484 kB
Inactive:         796964 kB
Active(anon):     432888 kB
Inactive(anon):   436868 kB
Active(file):     366596 kB
Inactive(file):   360096 kB
Unevictable:       35696 kB
Mlocked:           27724 kB
SwapTotal:       1310716 kB
SwapFree:        1198372 kB
Dirty:                16 kB
Writeback:             0 kB
AnonPages:        882560 kB
Mapped:           459860 kB
Shmem:              1364 kB
Slab:             109504 kB
SReclaimable:      32224 kB
SUnreclaim:        77280 kB
KernelStack:       33040 kB
PageTables:        59000 kB
NFS_Unstable:          0 kB
Bounce:                0 kB
WritebackTmp:          0 kB
CommitLimit:     2684136 kB
Committed_AS:   148350148 kB
VmallocTotal:   251658176 kB
VmallocUsed:      329584 kB
VmallocChunk:   247561408 kB
Time pass: 270 sec

---2015-12-03 10:32:03
MemTotal:        2746844 kB
MemFree:           73616 kB
Buffers:            6964 kB
Cached:           740084 kB
SwapCached:         3328 kB
Active:           799988 kB
Inactive:         796964 kB
Active(anon):     433400 kB
Inactive(anon):   436856 kB
Active(file):     366588 kB
Inactive(file):   360108 kB
Unevictable:       35696 kB
Mlocked:           27724 kB
SwapTotal:       1310716 kB
SwapFree:        1198372 kB
Dirty:                 0 kB
Writeback:             0 kB
AnonPages:        882932 kB
Mapped:           460176 kB
Shmem:              1364 kB
Slab:             109488 kB
SReclaimable:      32224 kB
SUnreclaim:        77264 kB
KernelStack:       33056 kB
PageTables:        59024 kB
NFS_Unstable:          0 kB
Bounce:                0 kB
WritebackTmp:          0 kB
CommitLimit:     2684136 kB
Committed_AS:   148350124 kB
VmallocTotal:   251658176 kB
VmallocUsed:      329584 kB
VmallocChunk:   247561408 kB
Time pass: 273 sec

---2015-12-03 10:32:03
MemTotal:        2746844 kB
MemFree:           73852 kB
Buffers:            6964 kB
Cached:           740096 kB
SwapCached:         3328 kB
Active:           799460 kB
Inactive:         796976 kB
Active(anon):     432872 kB
Inactive(anon):   436868 kB
Active(file):     366588 kB
Inactive(file):   360108 kB
Unevictable:       35696 kB
Mlocked:           27724 kB
SwapTotal:       1310716 kB
SwapFree:        1198372 kB
Dirty:                 0 kB
Writeback:             0 kB
AnonPages:        882380 kB
Mapped:           460188 kB
Shmem:              1376 kB
Slab:             109544 kB
SReclaimable:      32224 kB
SUnreclaim:        77320 kB
KernelStack:       33040 kB
PageTables:        59020 kB
NFS_Unstable:          0 kB
Bounce:                0 kB
WritebackTmp:          0 kB
CommitLimit:     2684136 kB
Committed_AS:   148350140 kB
VmallocTotal:   251658176 kB
VmallocUsed:      329584 kB
VmallocChunk:   247561408 kB
Time pass: 277 sec

---2015-12-03 10:32:03
MemTotal:        2746844 kB
MemFree:           74068 kB
Buffers:            6972 kB
Cached:           740096 kB
SwapCached:         3328 kB
Active:           799860 kB
Inactive:         796984 kB
Active(anon):     433272 kB
Inactive(anon):   436868 kB
Active(file):     366588 kB
Inactive(file):   360116 kB
Unevictable:       35696 kB
Mlocked:           27724 kB
SwapTotal:       1310716 kB
SwapFree:        1198372 kB
Dirty:                24 kB
Writeback:             0 kB
AnonPages:        883020 kB
Mapped:           460188 kB
Shmem:              1376 kB
Slab:             109496 kB
SReclaimable:      32224 kB
SUnreclaim:        77272 kB
KernelStack:       33040 kB
PageTables:        59024 kB
NFS_Unstable:          0 kB
Bounce:                0 kB
WritebackTmp:          0 kB
CommitLimit:     2684136 kB
Committed_AS:   148350124 kB
VmallocTotal:   251658176 kB
VmallocUsed:      329584 kB
VmallocChunk:   247561408 kB
Time pass: 281 sec

---2015-12-03 10:32:03
MemTotal:        2746844 kB
MemFree:           73908 kB
Buffers:            6972 kB
Cached:           740124 kB
SwapCached:         3328 kB
Active:           800472 kB
Inactive:         796940 kB
Active(anon):     433884 kB
Inactive(anon):   436824 kB
Active(file):     366588 kB
Inactive(file):   360116 kB
Unevictable:       35696 kB
Mlocked:           27724 kB
SwapTotal:       1310716 kB
SwapFree:        1198372 kB
Dirty:                 0 kB
Writeback:             0 kB
AnonPages:        883740 kB
Mapped:           460216 kB
Shmem:              1404 kB
Slab:             109508 kB
SReclaimable:      32224 kB
SUnreclaim:        77284 kB
KernelStack:       33040 kB
PageTables:        59020 kB
NFS_Unstable:          0 kB
Bounce:                0 kB
WritebackTmp:          0 kB
CommitLimit:     2684136 kB
Committed_AS:   148350076 kB
VmallocTotal:   251658176 kB
VmallocUsed:      329584 kB
VmallocChunk:   247561408 kB
Time pass: 285 sec

---2015-12-03 10:32:03
MemTotal:        2746844 kB
MemFree:           73156 kB
Buffers:            6972 kB
Cached:           740164 kB
SwapCached:         3336 kB
Active:           802628 kB
Inactive:         796560 kB
Active(anon):     436032 kB
Inactive(anon):   436448 kB
Active(file):     366596 kB
Inactive(file):   360112 kB
Unevictable:       35696 kB
Mlocked:           27724 kB
SwapTotal:       1310716 kB
SwapFree:        1198372 kB
Dirty:                16 kB
Writeback:             0 kB
AnonPages:        885336 kB
Mapped:           460316 kB
Shmem:              1444 kB
Slab:             109508 kB
SReclaimable:      32224 kB
SUnreclaim:        77284 kB
KernelStack:       33120 kB
PageTables:        58888 kB
NFS_Unstable:          0 kB
Bounce:                0 kB
WritebackTmp:          0 kB
CommitLimit:     2684136 kB
Committed_AS:   148350136 kB
VmallocTotal:   251658176 kB
VmallocUsed:      329584 kB
VmallocChunk:   247561408 kB
Time pass: 288 sec

---2015-12-03 10:32:03
MemTotal:        2746844 kB
MemFree:           71828 kB
Buffers:            6980 kB
Cached:           740156 kB
SwapCached:         3336 kB
Active:           803024 kB
Inactive:         796564 kB
Active(anon):     436436 kB
Inactive(anon):   436448 kB
Active(file):     366588 kB
Inactive(file):   360116 kB
Unevictable:       35696 kB
Mlocked:           27724 kB
SwapTotal:       1310716 kB
SwapFree:        1198372 kB
Dirty:                36 kB
Writeback:             0 kB
AnonPages:        885564 kB
Mapped:           460256 kB
Shmem:              1444 kB
Slab:             109524 kB
SReclaimable:      32224 kB
SUnreclaim:        77300 kB
KernelStack:       33040 kB
PageTables:        59024 kB
NFS_Unstable:          0 kB
Bounce:                0 kB
WritebackTmp:          0 kB
CommitLimit:     2684136 kB
Committed_AS:   148350128 kB
VmallocTotal:   251658176 kB
VmallocUsed:      329584 kB
VmallocChunk:   247561408 kB
Time pass: 292 sec

---2015-12-03 10:32:03
MemTotal:        2746844 kB
MemFree:           71800 kB
Buffers:            6980 kB
Cached:           740164 kB
SwapCached:         3336 kB
Active:           803068 kB
Inactive:         796572 kB
Active(anon):     436480 kB
Inactive(anon):   436448 kB
Active(file):     366588 kB
Inactive(file):   360124 kB
Unevictable:       35696 kB
Mlocked:           27724 kB
SwapTotal:       1310716 kB
SwapFree:        1198372 kB
Dirty:                28 kB
Writeback:             0 kB
AnonPages:        885700 kB
Mapped:           460272 kB
Shmem:              1444 kB
Slab:             109548 kB
SReclaimable:      32224 kB
SUnreclaim:        77324 kB
KernelStack:       33056 kB
PageTables:        59028 kB
NFS_Unstable:          0 kB
Bounce:                0 kB
WritebackTmp:          0 kB
CommitLimit:     2684136 kB
Committed_AS:   148350144 kB
VmallocTotal:   251658176 kB
VmallocUsed:      329584 kB
VmallocChunk:   247561408 kB
Time pass: 295 sec

---2015-12-03 10:32:03
MemTotal:        2746844 kB
MemFree:           71124 kB
Buffers:            6988 kB
Cached:           740968 kB
SwapCached:         3336 kB
Active:           803412 kB
Inactive:         797380 kB
Active(anon):     436824 kB
Inactive(anon):   436444 kB
Active(file):     366588 kB
Inactive(file):   360936 kB
Unevictable:       35696 kB
Mlocked:           27724 kB
SwapTotal:       1310716 kB
SwapFree:        1198372 kB
Dirty:                24 kB
Writeback:             0 kB
AnonPages:        886216 kB
Mapped:           460276 kB
Shmem:              1444 kB
Slab:             109492 kB
SReclaimable:      32224 kB
SUnreclaim:        77268 kB
KernelStack:       33104 kB
PageTables:        59028 kB
NFS_Unstable:          0 kB
Bounce:                0 kB
WritebackTmp:          0 kB
CommitLimit:     2684136 kB
Committed_AS:   148350136 kB
VmallocTotal:   251658176 kB
VmallocUsed:      329584 kB
VmallocChunk:   247561408 kB
Time pass: 299 sec

---2015-12-03 10:32:03
MemTotal:        2746844 kB
MemFree:           71528 kB
Buffers:            6988 kB
Cached:           740968 kB
SwapCached:         3336 kB
Active:           802996 kB
Inactive:         797376 kB
Active(anon):     436408 kB
Inactive(anon):   436440 kB
Active(file):     366588 kB
Inactive(file):   360936 kB
Unevictable:       35696 kB
Mlocked:           27724 kB
SwapTotal:       1310716 kB
SwapFree:        1198376 kB
Dirty:                 0 kB
Writeback:            24 kB
AnonPages:        885560 kB
Mapped:           460276 kB
Shmem:              1444 kB
Slab:             109492 kB
SReclaimable:      32224 kB
SUnreclaim:        77268 kB
KernelStack:       33056 kB
PageTables:        59024 kB
NFS_Unstable:          0 kB
Bounce:                0 kB
WritebackTmp:          0 kB
CommitLimit:     2684136 kB
Committed_AS:   148350176 kB
VmallocTotal:   251658176 kB
VmallocUsed:      329584 kB
VmallocChunk:   247561408 kB
Time pass: 302 sec

---2015-12-03 10:32:03
MemTotal:        2746844 kB
MemFree:           65564 kB
Buffers:            6988 kB
Cached:           740968 kB
SwapCached:         3336 kB
Active:           809072 kB
Inactive:         797368 kB
Active(anon):     442484 kB
Inactive(anon):   436432 kB
Active(file):     366588 kB
Inactive(file):   360936 kB
Unevictable:       35696 kB
Mlocked:           27724 kB
SwapTotal:       1310716 kB
SwapFree:        1198376 kB
Dirty:                 0 kB
Writeback:             0 kB
AnonPages:        891764 kB
Mapped:           465616 kB
Shmem:              1444 kB
Slab:             109492 kB
SReclaimable:      32224 kB
SUnreclaim:        77268 kB
KernelStack:       33056 kB
PageTables:        59328 kB
NFS_Unstable:          0 kB
Bounce:                0 kB
WritebackTmp:          0 kB
CommitLimit:     2684136 kB
Committed_AS:   149611356 kB
VmallocTotal:   251658176 kB
VmallocUsed:      330604 kB
VmallocChunk:   247561408 kB
Time pass: 306 sec

---2015-12-03 10:32:03
MemTotal:        2746844 kB
MemFree:           71344 kB
Buffers:            6988 kB
Cached:           738576 kB
SwapCached:         3336 kB
Active:           800168 kB
Inactive:         800128 kB
Active(anon):     435804 kB
Inactive(anon):   439352 kB
Active(file):     364364 kB
Inactive(file):   360776 kB
Unevictable:       35696 kB
Mlocked:           27724 kB
SwapTotal:       1310716 kB
SwapFree:        1197964 kB
Dirty:                32 kB
Writeback:             0 kB
AnonPages:        887944 kB
Mapped:           460112 kB
Shmem:              1440 kB
Slab:             109508 kB
SReclaimable:      32224 kB
SUnreclaim:        77284 kB
KernelStack:       33104 kB
PageTables:        59064 kB
NFS_Unstable:          0 kB
Bounce:                0 kB
WritebackTmp:          0 kB
CommitLimit:     2684136 kB
Committed_AS:   148350280 kB
VmallocTotal:   251658176 kB
VmallocUsed:      329584 kB
VmallocChunk:   247561408 kB
Time pass: 309 sec

---2015-12-03 10:32:03
MemTotal:        2746844 kB
MemFree:           72352 kB
Buffers:            7312 kB
Cached:           738576 kB
SwapCached:         3336 kB
Active:           798964 kB
Inactive:         800312 kB
Active(anon):     434580 kB
Inactive(anon):   439236 kB
Active(file):     364384 kB
Inactive(file):   361076 kB
Unevictable:       35696 kB
Mlocked:           27724 kB
SwapTotal:       1310716 kB
SwapFree:        1197964 kB
Dirty:               140 kB
Writeback:             0 kB
AnonPages:        886588 kB
Mapped:           460212 kB
Shmem:              1440 kB
Slab:             109512 kB
SReclaimable:      32224 kB
SUnreclaim:        77288 kB
KernelStack:       33056 kB
PageTables:        59036 kB
NFS_Unstable:          0 kB
Bounce:                0 kB
WritebackTmp:          0 kB
CommitLimit:     2684136 kB
Committed_AS:   148350136 kB
VmallocTotal:   251658176 kB
VmallocUsed:      329584 kB
VmallocChunk:   247561408 kB
Time pass: 313 sec

---2015-12-03 10:32:03
MemTotal:        2746844 kB
MemFree:           75104 kB
Buffers:            7320 kB
Cached:           738576 kB
SwapCached:         3336 kB
Active:           796244 kB
Inactive:         800320 kB
Active(anon):     431860 kB
Inactive(anon):   439236 kB
Active(file):     364384 kB
Inactive(file):   361084 kB
Unevictable:       35696 kB
Mlocked:           27724 kB
SwapTotal:       1310716 kB
SwapFree:        1197964 kB
Dirty:                 0 kB
Writeback:             0 kB
AnonPages:        883896 kB
Mapped:           460212 kB
Shmem:              1440 kB
Slab:             109508 kB
SReclaimable:      32224 kB
SUnreclaim:        77284 kB
KernelStack:       33056 kB
PageTables:        59036 kB
NFS_Unstable:          0 kB
Bounce:                0 kB
WritebackTmp:          0 kB
CommitLimit:     2684136 kB
Committed_AS:   148350128 kB
VmallocTotal:   251658176 kB
VmallocUsed:      329584 kB
VmallocChunk:   247561408 kB
Time pass: 317 sec

---2015-12-03 10:32:03
MemTotal:        2746844 kB
MemFree:           75044 kB
Buffers:            7320 kB
Cached:           738576 kB
SwapCached:         3336 kB
Active:           796848 kB
Inactive:         800256 kB
Active(anon):     432464 kB
Inactive(anon):   439172 kB
Active(file):     364384 kB
Inactive(file):   361084 kB
Unevictable:       35696 kB
Mlocked:           27724 kB
SwapTotal:       1310716 kB
SwapFree:        1197964 kB
Dirty:                 0 kB
Writeback:             0 kB
AnonPages:        884056 kB
Mapped:           460296 kB
Shmem:              1440 kB
Slab:             109476 kB
SReclaimable:      32224 kB
SUnreclaim:        77252 kB
KernelStack:       33056 kB
PageTables:        59064 kB
NFS_Unstable:          0 kB
Bounce:                0 kB
WritebackTmp:          0 kB
CommitLimit:     2684136 kB
Committed_AS:   148350128 kB
VmallocTotal:   251658176 kB
VmallocUsed:      329584 kB
VmallocChunk:   247561408 kB
Time pass: 321 sec

---2015-12-03 10:32:03
MemTotal:        2746844 kB
MemFree:           75264 kB
Buffers:            7324 kB
Cached:           738608 kB
SwapCached:         3336 kB
Active:           797108 kB
Inactive:         800276 kB
Active(anon):     432724 kB
Inactive(anon):   439188 kB
Active(file):     364384 kB
Inactive(file):   361088 kB
Unevictable:       35696 kB
Mlocked:           27724 kB
SwapTotal:       1310716 kB
SwapFree:        1197964 kB
Dirty:                 0 kB
Writeback:             0 kB
AnonPages:        884400 kB
Mapped:           460328 kB
Shmem:              1472 kB
Slab:             109476 kB
SReclaimable:      32224 kB
SUnreclaim:        77252 kB
KernelStack:       33072 kB
PageTables:        59064 kB
NFS_Unstable:          0 kB
Bounce:                0 kB
WritebackTmp:          0 kB
CommitLimit:     2684136 kB
Committed_AS:   148350144 kB
VmallocTotal:   251658176 kB
VmallocUsed:      329584 kB
VmallocChunk:   247561408 kB
Time pass: 324 sec

---2015-12-03 10:32:03
MemTotal:        2746844 kB
MemFree:           73096 kB
Buffers:            7324 kB
Cached:           738608 kB
SwapCached:         3336 kB
Active:           800072 kB
Inactive:         799960 kB
Active(anon):     435400 kB
Inactive(anon):   439156 kB
Active(file):     364672 kB
Inactive(file):   360804 kB
Unevictable:       35696 kB
Mlocked:           27724 kB
SwapTotal:       1310716 kB
SwapFree:        1197964 kB
Dirty:                32 kB
Writeback:             0 kB
AnonPages:        887208 kB
Mapped:           460184 kB
Shmem:              1472 kB
Slab:             109480 kB
SReclaimable:      32224 kB
SUnreclaim:        77256 kB
KernelStack:       33120 kB
PageTables:        59040 kB
NFS_Unstable:          0 kB
Bounce:                0 kB
WritebackTmp:          0 kB
CommitLimit:     2684136 kB
Committed_AS:   148350312 kB
VmallocTotal:   251658176 kB
VmallocUsed:      329584 kB
VmallocChunk:   247561408 kB
Time pass: 329 sec

---2015-12-03 10:32:03
MemTotal:        2746844 kB
MemFree:           73404 kB
Buffers:            7332 kB
Cached:           738608 kB
SwapCached:         3336 kB
Active:           800060 kB
Inactive:         799504 kB
Active(anon):     435384 kB
Inactive(anon):   438700 kB
Active(file):     364676 kB
Inactive(file):   360804 kB
Unevictable:       35696 kB
Mlocked:           27724 kB
SwapTotal:       1310716 kB
SwapFree:        1197964 kB
Dirty:                32 kB
Writeback:             0 kB
AnonPages:        886592 kB
Mapped:           460248 kB
Shmem:              1472 kB
Slab:             109604 kB
SReclaimable:      32224 kB
SUnreclaim:        77380 kB
KernelStack:       33104 kB
PageTables:        59064 kB
NFS_Unstable:          0 kB
Bounce:                0 kB
WritebackTmp:          0 kB
CommitLimit:     2684136 kB
Committed_AS:   148350236 kB
VmallocTotal:   251658176 kB
VmallocUsed:      329584 kB
VmallocChunk:   247561408 kB
Time pass: 332 sec

---2015-12-03 10:32:03
MemTotal:        2746844 kB
MemFree:           73648 kB
Buffers:            7340 kB
Cached:           738600 kB
SwapCached:         3336 kB
Active:           799320 kB
Inactive:         799500 kB
Active(anon):     434644 kB
Inactive(anon):   438696 kB
Active(file):     364676 kB
Inactive(file):   360804 kB
Unevictable:       35696 kB
Mlocked:           27724 kB
SwapTotal:       1310716 kB
SwapFree:        1197964 kB
Dirty:                24 kB
Writeback:             0 kB
AnonPages:        885832 kB
Mapped:           460248 kB
Shmem:              1472 kB
Slab:             109576 kB
SReclaimable:      32224 kB
SUnreclaim:        77352 kB
KernelStack:       33088 kB
PageTables:        59036 kB
NFS_Unstable:          0 kB
Bounce:                0 kB
WritebackTmp:          0 kB
CommitLimit:     2684136 kB
Committed_AS:   148350156 kB
VmallocTotal:   251658176 kB
VmallocUsed:      329584 kB
VmallocChunk:   247561408 kB
Time pass: 336 sec

---2015-12-03 10:32:03
MemTotal:        2746844 kB
MemFree:           73272 kB
Buffers:            7340 kB
Cached:           738612 kB
SwapCached:         3336 kB
Active:           799448 kB
Inactive:         799492 kB
Active(anon):     434772 kB
Inactive(anon):   438680 kB
Active(file):     364676 kB
Inactive(file):   360812 kB
Unevictable:       35696 kB
Mlocked:           27724 kB
SwapTotal:       1310716 kB
SwapFree:        1197964 kB
Dirty:                24 kB
Writeback:             0 kB
AnonPages:        886272 kB
Mapped:           460252 kB
Shmem:              1476 kB
Slab:             109576 kB
SReclaimable:      32224 kB
SUnreclaim:        77352 kB
KernelStack:       33024 kB
PageTables:        59036 kB
NFS_Unstable:          0 kB
Bounce:                0 kB
WritebackTmp:          0 kB
CommitLimit:     2684136 kB
Committed_AS:   148350196 kB
VmallocTotal:   251658176 kB
VmallocUsed:      329584 kB
VmallocChunk:   247561408 kB
Time pass: 340 sec

---2015-12-03 10:32:03
MemTotal:        2746844 kB
MemFree:           73040 kB
Buffers:            7340 kB
Cached:           740924 kB
SwapCached:         3336 kB
Active:           796828 kB
Inactive:         801804 kB
Active(anon):     432152 kB
Inactive(anon):   438672 kB
Active(file):     364676 kB
Inactive(file):   363132 kB
Unevictable:       35696 kB
Mlocked:           27724 kB
SwapTotal:       1310716 kB
SwapFree:        1197964 kB
Dirty:                 0 kB
Writeback:             0 kB
AnonPages:        883632 kB
Mapped:           460400 kB
Shmem:              1468 kB
Slab:             109536 kB
SReclaimable:      32224 kB
SUnreclaim:        77312 kB
KernelStack:       33056 kB
PageTables:        59036 kB
NFS_Unstable:          0 kB
Bounce:                0 kB
WritebackTmp:          0 kB
CommitLimit:     2684136 kB
Committed_AS:   148343540 kB
VmallocTotal:   251658176 kB
VmallocUsed:      329584 kB
VmallocChunk:   247561408 kB
Time pass: 343 sec

---2015-12-03 10:32:03
MemTotal:        2746844 kB
MemFree:           81068 kB
Buffers:            7340 kB
Cached:           740924 kB
SwapCached:         3336 kB
Active:           789164 kB
Inactive:         801764 kB
Active(anon):     424476 kB
Inactive(anon):   438644 kB
Active(file):     364688 kB
Inactive(file):   363120 kB
Unevictable:       35696 kB
Mlocked:           27724 kB
SwapTotal:       1310716 kB
SwapFree:        1197968 kB
Dirty:                20 kB
Writeback:             0 kB
AnonPages:        875468 kB
Mapped:           460356 kB
Shmem:              1468 kB
Slab:             109500 kB
SReclaimable:      32224 kB
SUnreclaim:        77276 kB
KernelStack:       33040 kB
PageTables:        59028 kB
NFS_Unstable:          0 kB
Bounce:                0 kB
WritebackTmp:          0 kB
CommitLimit:     2684136 kB
Committed_AS:   148343740 kB
VmallocTotal:   251658176 kB
VmallocUsed:      329584 kB
VmallocChunk:   247561408 kB
Time pass: 347 sec

---2015-12-03 10:32:03
MemTotal:        2746844 kB
MemFree:           80928 kB
Buffers:            7348 kB
Cached:           740924 kB
SwapCached:         3336 kB
Active:           788828 kB
Inactive:         801772 kB
Active(anon):     424140 kB
Inactive(anon):   438644 kB
Active(file):     364688 kB
Inactive(file):   363128 kB
Unevictable:       35696 kB
Mlocked:           27724 kB
SwapTotal:       1310716 kB
SwapFree:        1197968 kB
Dirty:                36 kB
Writeback:             0 kB
AnonPages:        875140 kB
Mapped:           460440 kB
Shmem:              1468 kB
Slab:             109500 kB
SReclaimable:      32224 kB
SUnreclaim:        77276 kB
KernelStack:       32992 kB
PageTables:        59056 kB
NFS_Unstable:          0 kB
Bounce:                0 kB
WritebackTmp:          0 kB
CommitLimit:     2684136 kB
Committed_AS:   148343536 kB
VmallocTotal:   251658176 kB
VmallocUsed:      329584 kB
VmallocChunk:   247561408 kB
Time pass: 350 sec

---2015-12-03 10:32:03
MemTotal:        2746844 kB
MemFree:           80548 kB
Buffers:            7348 kB
Cached:           740924 kB
SwapCached:         3336 kB
Active:           788984 kB
Inactive:         801784 kB
Active(anon):     424308 kB
Inactive(anon):   438644 kB
Active(file):     364676 kB
Inactive(file):   363140 kB
Unevictable:       35696 kB
Mlocked:           27724 kB
SwapTotal:       1310716 kB
SwapFree:        1197968 kB
Dirty:                52 kB
Writeback:             0 kB
AnonPages:        875816 kB
Mapped:           460484 kB
Shmem:              1468 kB
Slab:             109492 kB
SReclaimable:      32224 kB
SUnreclaim:        77268 kB
KernelStack:       33024 kB
PageTables:        59068 kB
NFS_Unstable:          0 kB
Bounce:                0 kB
WritebackTmp:          0 kB
CommitLimit:     2684136 kB
Committed_AS:   148343536 kB
VmallocTotal:   251658176 kB
VmallocUsed:      329584 kB
VmallocChunk:   247561408 kB
Time pass: 354 sec

---2015-12-03 10:32:03
MemTotal:        2746844 kB
MemFree:           81560 kB
Buffers:            7348 kB
Cached:           741336 kB
SwapCached:         3336 kB
Active:           786764 kB
Inactive:         801784 kB
Active(anon):     422088 kB
Inactive(anon):   438384 kB
Active(file):     364676 kB
Inactive(file):   363400 kB
Unevictable:       35696 kB
Mlocked:           27724 kB
SwapTotal:       1310716 kB
SwapFree:        1198200 kB
Dirty:                 0 kB
Writeback:             0 kB
AnonPages:        873408 kB
Mapped:           460480 kB
Shmem:              1468 kB
Slab:             109512 kB
SReclaimable:      32224 kB
SUnreclaim:        77288 kB
KernelStack:       33008 kB
PageTables:        59044 kB
NFS_Unstable:          0 kB
Bounce:                0 kB
WritebackTmp:          0 kB
CommitLimit:     2684136 kB
Committed_AS:   148335024 kB
VmallocTotal:   251658176 kB
VmallocUsed:      329584 kB
VmallocChunk:   247561408 kB
Time pass: 357 sec

---2015-12-03 10:32:03
MemTotal:        2746844 kB
MemFree:           81504 kB
Buffers:            7348 kB
Cached:           741360 kB
SwapCached:         3336 kB
Active:           787184 kB
Inactive:         801804 kB
Active(anon):     422468 kB
Inactive(anon):   438324 kB
Active(file):     364716 kB
Inactive(file):   363480 kB
Unevictable:       35696 kB
Mlocked:           27724 kB
SwapTotal:       1310716 kB
SwapFree:        1198200 kB
Dirty:                 0 kB
Writeback:             0 kB
AnonPages:        873524 kB
Mapped:           460532 kB
Shmem:              1468 kB
Slab:             109512 kB
SReclaimable:      32224 kB
SUnreclaim:        77288 kB
KernelStack:       33024 kB
