---2015-12-08 16:16:17
MemTotal:        1862952 kB
MemFree:          282208 kB
Buffers:            8988 kB
Cached:           691628 kB
SwapCached:         3000 kB
Active:           567944 kB
Inactive:         770080 kB
Active(anon):     333456 kB
Inactive(anon):   305808 kB
Active(file):     234488 kB
Inactive(file):   464272 kB
Unevictable:        1272 kB
Mlocked:               0 kB
HighTotal:       1436668 kB
HighFree:         118252 kB
LowTotal:         426284 kB
LowFree:          163956 kB
SwapTotal:       1048572 kB
SwapFree:        1024744 kB
Dirty:                12 kB
Writeback:             0 kB
AnonPages:        637100 kB
Mapped:           346836 kB
Shmem:               584 kB
Slab:              41232 kB
SReclaimable:      14156 kB
SUnreclaim:        27076 kB
KernelStack:       11424 kB
PageTables:        42440 kB
NFS_Unstable:          0 kB
Bounce:                0 kB
WritebackTmp:          0 kB
CommitLimit:     1980048 kB
Committed_AS:   85763496 kB
VmallocTotal:     458752 kB
VmallocUsed:      112744 kB
VmallocChunk:     167940 kB
Time pass: 3 sec

---2015-12-08 16:16:17
MemTotal:        1862952 kB
MemFree:          282104 kB
Buffers:            8988 kB
Cached:           691628 kB
SwapCached:         3000 kB
Active:           568156 kB
Inactive:         770032 kB
Active(anon):     333620 kB
Inactive(anon):   305808 kB
Active(file):     234536 kB
Inactive(file):   464224 kB
Unevictable:        1272 kB
Mlocked:               0 kB
HighTotal:       1436668 kB
HighFree:         118204 kB
LowTotal:         426284 kB
LowFree:          163900 kB
SwapTotal:       1048572 kB
SwapFree:        1024744 kB
Dirty:                 4 kB
Writeback:             0 kB
AnonPages:        637264 kB
Mapped:           346836 kB
Shmem:               584 kB
Slab:              41292 kB
SReclaimable:      14156 kB
SUnreclaim:        27136 kB
KernelStack:       11416 kB
PageTables:        42440 kB
NFS_Unstable:          0 kB
Bounce:                0 kB
WritebackTmp:          0 kB
CommitLimit:     1980048 kB
Committed_AS:   85763688 kB
VmallocTotal:     458752 kB
VmallocUsed:      112744 kB
VmallocChunk:     167940 kB
Time pass: 7 sec

---2015-12-08 16:16:17
MemTotal:        1862952 kB
MemFree:          281964 kB
Buffers:            8996 kB
Cached:           691628 kB
SwapCached:         3000 kB
Active:           568276 kB
Inactive:         770032 kB
Active(anon):     333736 kB
Inactive(anon):   305808 kB
Active(file):     234540 kB
Inactive(file):   464224 kB
Unevictable:        1272 kB
Mlocked:               0 kB
HighTotal:       1436668 kB
HighFree:         118080 kB
LowTotal:         426284 kB
LowFree:          163884 kB
SwapTotal:       1048572 kB
SwapFree:        1024744 kB
Dirty:                 4 kB
Writeback:             0 kB
AnonPages:        637356 kB
Mapped:           346836 kB
Shmem:               584 kB
Slab:              41292 kB
SReclaimable:      14156 kB
SUnreclaim:        27136 kB
KernelStack:       11424 kB
PageTables:        42440 kB
NFS_Unstable:          0 kB
Bounce:                0 kB
WritebackTmp:          0 kB
CommitLimit:     1980048 kB
Committed_AS:   85763768 kB
VmallocTotal:     458752 kB
VmallocUsed:      112744 kB
VmallocChunk:     167940 kB
Time pass: 10 sec

---2015-12-08 16:16:17
MemTotal:        1862952 kB
MemFree:          281840 kB
Buffers:            8996 kB
Cached:           691628 kB
SwapCached:         3000 kB
Active:           568372 kB
Inactive:         770036 kB
Active(anon):     333832 kB
Inactive(anon):   305808 kB
Active(file):     234540 kB
Inactive(file):   464228 kB
Unevictable:        1272 kB
Mlocked:               0 kB
HighTotal:       1436668 kB
HighFree:         117956 kB
LowTotal:         426284 kB
LowFree:          163884 kB
SwapTotal:       1048572 kB
SwapFree:        1024744 kB
Dirty:                 4 kB
Writeback:             0 kB
AnonPages:        637452 kB
Mapped:           346868 kB
Shmem:               584 kB
Slab:              41292 kB
SReclaimable:      14156 kB
SUnreclaim:        27136 kB
KernelStack:       11440 kB
PageTables:        42436 kB
NFS_Unstable:          0 kB
Bounce:                0 kB
WritebackTmp:          0 kB
CommitLimit:     1980048 kB
Committed_AS:   85763848 kB
VmallocTotal:     458752 kB
VmallocUsed:      112744 kB
VmallocChunk:     167940 kB
Time pass: 14 sec

---2015-12-08 16:16:17
MemTotal:        1862952 kB
MemFree:          281716 kB
Buffers:            8996 kB
Cached:           691628 kB
SwapCached:         3000 kB
Active:           568500 kB
Inactive:         770036 kB
Active(anon):     333960 kB
Inactive(anon):   305808 kB
Active(file):     234540 kB
Inactive(file):   464228 kB
Unevictable:        1272 kB
Mlocked:               0 kB
HighTotal:       1436668 kB
HighFree:         117832 kB
LowTotal:         426284 kB
LowFree:          163884 kB
SwapTotal:       1048572 kB
SwapFree:        1024744 kB
Dirty:                 4 kB
Writeback:             0 kB
AnonPages:        637588 kB
Mapped:           346836 kB
Shmem:               584 kB
Slab:              41292 kB
SReclaimable:      14156 kB
SUnreclaim:        27136 kB
KernelStack:       11424 kB
PageTables:        42440 kB
NFS_Unstable:          0 kB
Bounce:                0 kB
WritebackTmp:          0 kB
CommitLimit:     1980048 kB
Committed_AS:   85764048 kB
VmallocTotal:     458752 kB
VmallocUsed:      112744 kB
VmallocChunk:     167940 kB
Time pass: 18 sec

---2015-12-08 16:16:17
MemTotal:        1862952 kB
MemFree:          282624 kB
Buffers:            9004 kB
Cached:           691628 kB
SwapCached:         3000 kB
Active:           567588 kB
Inactive:         770044 kB
Active(anon):     333048 kB
Inactive(anon):   305808 kB
Active(file):     234540 kB
Inactive(file):   464236 kB
Unevictable:        1272 kB
Mlocked:               0 kB
HighTotal:       1436668 kB
HighFree:         118700 kB
LowTotal:         426284 kB
LowFree:          163924 kB
SwapTotal:       1048572 kB
SwapFree:        1024744 kB
Dirty:                 0 kB
Writeback:             0 kB
AnonPages:        636680 kB
Mapped:           346848 kB
Shmem:               584 kB
Slab:              41292 kB
SReclaimable:      14156 kB
SUnreclaim:        27136 kB
KernelStack:       11376 kB
PageTables:        42420 kB
NFS_Unstable:          0 kB
Bounce:                0 kB
WritebackTmp:          0 kB
CommitLimit:     1980048 kB
Committed_AS:   85764008 kB
VmallocTotal:     458752 kB
VmallocUsed:      112744 kB
VmallocChunk:     167940 kB
Time pass: 21 sec

---2015-12-08 16:16:17
MemTotal:        1862952 kB
MemFree:          253152 kB
Buffers:            9012 kB
Cached:           692412 kB
SwapCached:         3020 kB
Active:           575948 kB
Inactive:         770676 kB
Active(anon):     341408 kB
Inactive(anon):   305804 kB
Active(file):     234540 kB
Inactive(file):   464872 kB
Unevictable:        1272 kB
Mlocked:               0 kB
HighTotal:       1436668 kB
HighFree:          91004 kB
LowTotal:         426284 kB
LowFree:          162148 kB
SwapTotal:       1048572 kB
SwapFree:        1024760 kB
Dirty:                 8 kB
Writeback:             0 kB
AnonPages:        645292 kB
Mapped:           347576 kB
Shmem:               584 kB
Slab:              41276 kB
SReclaimable:      14156 kB
SUnreclaim:        27120 kB
KernelStack:       11512 kB
PageTables:        43684 kB
NFS_Unstable:          0 kB
Bounce:                0 kB
WritebackTmp:          0 kB
CommitLimit:     1980048 kB
Committed_AS:   89692732 kB
VmallocTotal:     458752 kB
VmallocUsed:      116044 kB
VmallocChunk:     167940 kB
Time pass: 25 sec

---2015-12-08 16:16:17
MemTotal:        1862952 kB
MemFree:          126032 kB
Buffers:            9364 kB
Cached:           744916 kB
SwapCached:         3048 kB
Active:           616168 kB
Inactive:         817768 kB
Active(anon):     375772 kB
Inactive(anon):   305872 kB
Active(file):     240396 kB
Inactive(file):   511896 kB
Unevictable:        1272 kB
Mlocked:               0 kB
HighTotal:       1436668 kB
HighFree:           2916 kB
LowTotal:         426284 kB
LowFree:          123116 kB
SwapTotal:       1048572 kB
SwapFree:        1024764 kB
Dirty:               884 kB
Writeback:             0 kB
AnonPages:        679444 kB
Mapped:           369452 kB
Shmem:               716 kB
Slab:              41320 kB
SReclaimable:      14180 kB
SUnreclaim:        27140 kB
KernelStack:       11944 kB
PageTables:        43556 kB
NFS_Unstable:          0 kB
Bounce:                0 kB
WritebackTmp:          0 kB
CommitLimit:     1980048 kB
Committed_AS:   87107044 kB
VmallocTotal:     458752 kB
VmallocUsed:      113988 kB
VmallocChunk:     167940 kB
Time pass: 29 sec

---2015-12-08 16:16:17
MemTotal:        1862952 kB
MemFree:           65448 kB
Buffers:            9364 kB
Cached:           746404 kB
SwapCached:         3064 kB
Active:           629048 kB
Inactive:         810184 kB
Active(anon):     388512 kB
Inactive(anon):   296940 kB
Active(file):     240536 kB
Inactive(file):   513244 kB
Unevictable:        1272 kB
Mlocked:               0 kB
HighTotal:       1436668 kB
HighFree:           2488 kB
LowTotal:         426284 kB
LowFree:           62960 kB
SwapTotal:       1048572 kB
SwapFree:        1024768 kB
Dirty:              1660 kB
Writeback:             0 kB
AnonPages:        683188 kB
Mapped:           390028 kB
Shmem:               716 kB
Slab:              41316 kB
SReclaimable:      14180 kB
SUnreclaim:        27136 kB
KernelStack:       11976 kB
PageTables:        43456 kB
NFS_Unstable:          0 kB
Bounce:                0 kB
WritebackTmp:          0 kB
CommitLimit:     1980048 kB
Committed_AS:   87137028 kB
VmallocTotal:     458752 kB
VmallocUsed:      114420 kB
VmallocChunk:     167940 kB
Time pass: 32 sec

---2015-12-08 16:16:17
MemTotal:        1862952 kB
MemFree:           70076 kB
Buffers:            9384 kB
Cached:           746440 kB
SwapCached:         3064 kB
Active:           612524 kB
Inactive:         810196 kB
Active(anon):     371964 kB
Inactive(anon):   296928 kB
Active(file):     240560 kB
Inactive(file):   513268 kB
Unevictable:        1272 kB
Mlocked:               0 kB
HighTotal:       1436668 kB
HighFree:           5632 kB
LowTotal:         426284 kB
LowFree:           64444 kB
SwapTotal:       1048572 kB
SwapFree:        1024768 kB
Dirty:               812 kB
Writeback:             0 kB
AnonPages:        666536 kB
Mapped:           401896 kB
Shmem:               716 kB
Slab:              41196 kB
SReclaimable:      14148 kB
SUnreclaim:        27048 kB
KernelStack:       11928 kB
PageTables:        43476 kB
NFS_Unstable:          0 kB
Bounce:                0 kB
WritebackTmp:          0 kB
CommitLimit:     1980048 kB
Committed_AS:   87137276 kB
VmallocTotal:     458752 kB
VmallocUsed:      114228 kB
VmallocChunk:     167940 kB
Time pass: 36 sec

---2015-12-08 16:16:17
MemTotal:        1862952 kB
MemFree:           69904 kB
Buffers:            9384 kB
Cached:           746440 kB
SwapCached:         3064 kB
Active:           612496 kB
Inactive:         810200 kB
Active(anon):     371936 kB
Inactive(anon):   296928 kB
Active(file):     240560 kB
Inactive(file):   513272 kB
Unevictable:        1272 kB
Mlocked:               0 kB
HighTotal:       1436668 kB
HighFree:           5464 kB
LowTotal:         426284 kB
LowFree:           64440 kB
SwapTotal:       1048572 kB
SwapFree:        1024768 kB
Dirty:                 4 kB
Writeback:             0 kB
AnonPages:        666560 kB
Mapped:           401968 kB
Shmem:               716 kB
Slab:              41228 kB
SReclaimable:      14148 kB
SUnreclaim:        27080 kB
KernelStack:       11928 kB
PageTables:        43476 kB
NFS_Unstable:          0 kB
Bounce:                0 kB
WritebackTmp:          0 kB
CommitLimit:     1980048 kB
Committed_AS:   87137396 kB
VmallocTotal:     458752 kB
VmallocUsed:      114228 kB
VmallocChunk:     167940 kB
Time pass: 40 sec

---2015-12-08 16:16:17
MemTotal:        1862952 kB
MemFree:           25992 kB
Buffers:            9412 kB
Cached:           737548 kB
SwapCached:         3236 kB
Active:           628824 kB
Inactive:         794036 kB
Active(anon):     338684 kB
Inactive(anon):   339604 kB
Active(file):     290140 kB
Inactive(file):   454432 kB
Unevictable:        1272 kB
Mlocked:               0 kB
HighTotal:       1436668 kB
HighFree:           1256 kB
LowTotal:         426284 kB
LowFree:           24736 kB
SwapTotal:       1048572 kB
SwapFree:        1019952 kB
Dirty:                48 kB
Writeback:             0 kB
AnonPages:        676012 kB
Mapped:           396524 kB
Shmem:               712 kB
Slab:              41364 kB
SReclaimable:      14148 kB
SUnreclaim:        27216 kB
KernelStack:       11992 kB
PageTables:        43628 kB
NFS_Unstable:          0 kB
Bounce:                0 kB
WritebackTmp:          0 kB
CommitLimit:     1980048 kB
Committed_AS:   87150164 kB
VmallocTotal:     458752 kB
VmallocUsed:      114616 kB
VmallocChunk:     167940 kB
Time pass: 43 sec

---2015-12-08 16:16:17
MemTotal:        1862952 kB
MemFree:           30952 kB
Buffers:            9412 kB
Cached:           730308 kB
SwapCached:         3292 kB
Active:           630820 kB
Inactive:         785056 kB
Active(anon):     338984 kB
Inactive(anon):   339156 kB
Active(file):     291836 kB
Inactive(file):   445900 kB
Unevictable:        1272 kB
Mlocked:               0 kB
HighTotal:       1436668 kB
HighFree:           5608 kB
LowTotal:         426284 kB
LowFree:           25344 kB
SwapTotal:       1048572 kB
SwapFree:        1016144 kB
Dirty:                12 kB
Writeback:             0 kB
AnonPages:        675572 kB
Mapped:           399904 kB
Shmem:               712 kB
Slab:              41368 kB
SReclaimable:      14148 kB
SUnreclaim:        27220 kB
KernelStack:       11968 kB
PageTables:        43712 kB
NFS_Unstable:          0 kB
Bounce:                0 kB
WritebackTmp:          0 kB
CommitLimit:     1980048 kB
Committed_AS:   87156836 kB
VmallocTotal:     458752 kB
VmallocUsed:      114396 kB
VmallocChunk:     167940 kB
Time pass: 47 sec

---2015-12-08 16:16:17
MemTotal:        1862952 kB
MemFree:           38700 kB
Buffers:            9420 kB
Cached:           725432 kB
SwapCached:         3292 kB
Active:           638648 kB
Inactive:         778808 kB
Active(anon):     345908 kB
Inactive(anon):   339552 kB
Active(file):     292740 kB
Inactive(file):   439256 kB
Unevictable:        2140 kB
Mlocked:               0 kB
HighTotal:       1436668 kB
HighFree:           6024 kB
LowTotal:         426284 kB
LowFree:           32676 kB
SwapTotal:       1048572 kB
SwapFree:        1013528 kB
Dirty:               176 kB
Writeback:             0 kB
AnonPages:        683016 kB
Mapped:           404004 kB
Shmem:               716 kB
Slab:              41452 kB
SReclaimable:      14148 kB
SUnreclaim:        27304 kB
KernelStack:       12040 kB
PageTables:        43668 kB
NFS_Unstable:          0 kB
Bounce:                0 kB
WritebackTmp:          0 kB
CommitLimit:     1980048 kB
Committed_AS:   87166140 kB
VmallocTotal:     458752 kB
VmallocUsed:      114656 kB
VmallocChunk:     167940 kB
Time pass: 51 sec

---2015-12-08 16:16:17
MemTotal:        1862952 kB
MemFree:           30084 kB
Buffers:            9448 kB
Cached:           698788 kB
SwapCached:         3296 kB
Active:           644336 kB
Inactive:         758204 kB
Active(anon):     348476 kB
Inactive(anon):   349052 kB
Active(file):     295860 kB
Inactive(file):   409152 kB
Unevictable:        2140 kB
Mlocked:               0 kB
HighTotal:       1436668 kB
HighFree:           4752 kB
LowTotal:         426284 kB
LowFree:           25332 kB
SwapTotal:       1048572 kB
SwapFree:        1003668 kB
Dirty:              1316 kB
Writeback:             0 kB
AnonPages:        695024 kB
Mapped:           429044 kB
Shmem:               716 kB
Slab:              41748 kB
SReclaimable:      14180 kB
SUnreclaim:        27568 kB
KernelStack:       12096 kB
PageTables:        43740 kB
NFS_Unstable:          0 kB
Bounce:                0 kB
WritebackTmp:          0 kB
CommitLimit:     1980048 kB
Committed_AS:   87184928 kB
VmallocTotal:     458752 kB
VmallocUsed:      114760 kB
VmallocChunk:     167940 kB
Time pass: 54 sec

---2015-12-08 16:16:17
MemTotal:        1862952 kB
MemFree:           39836 kB
Buffers:            9452 kB
Cached:           685512 kB
SwapCached:         3596 kB
Active:           635728 kB
Inactive:         736884 kB
Active(anon):     336000 kB
Inactive(anon):   344508 kB
Active(file):     299728 kB
Inactive(file):   392376 kB
Unevictable:        2140 kB
Mlocked:               0 kB
HighTotal:       1436668 kB
HighFree:          13948 kB
LowTotal:         426284 kB
LowFree:           25888 kB
SwapTotal:       1048572 kB
SwapFree:        1001100 kB
Dirty:               804 kB
Writeback:             0 kB
AnonPages:        677616 kB
Mapped:           447700 kB
Shmem:               716 kB
Slab:              41816 kB
SReclaimable:      14180 kB
SUnreclaim:        27636 kB
KernelStack:       12016 kB
PageTables:        43808 kB
NFS_Unstable:          0 kB
Bounce:                0 kB
WritebackTmp:          0 kB
CommitLimit:     1980048 kB
Committed_AS:   87171732 kB
VmallocTotal:     458752 kB
VmallocUsed:      114776 kB
VmallocChunk:     167940 kB
Time pass: 58 sec

---2015-12-08 16:16:17
MemTotal:        1862952 kB
MemFree:           37048 kB
Buffers:            9460 kB
Cached:           685776 kB
SwapCached:         3596 kB
Active:           636888 kB
Inactive:         737136 kB
Active(anon):     337160 kB
Inactive(anon):   344488 kB
Active(file):     299728 kB
Inactive(file):   392648 kB
Unevictable:        2140 kB
Mlocked:               0 kB
HighTotal:       1436668 kB
HighFree:          10968 kB
LowTotal:         426284 kB
LowFree:           26080 kB
SwapTotal:       1048572 kB
SwapFree:        1001100 kB
Dirty:                 8 kB
Writeback:             0 kB
AnonPages:        678848 kB
Mapped:           448284 kB
Shmem:               716 kB
Slab:              41780 kB
SReclaimable:      14180 kB
SUnreclaim:        27600 kB
KernelStack:       12104 kB
PageTables:        43808 kB
NFS_Unstable:          0 kB
Bounce:                0 kB
WritebackTmp:          0 kB
CommitLimit:     1980048 kB
Committed_AS:   87171932 kB
VmallocTotal:     458752 kB
VmallocUsed:      114856 kB
VmallocChunk:     167940 kB
Time pass: 62 sec

---2015-12-08 16:16:17
MemTotal:        1862952 kB
MemFree:           38820 kB
Buffers:            9460 kB
Cached:           670156 kB
SwapCached:         4044 kB
Active:           638832 kB
Inactive:         720704 kB
Active(anon):     337212 kB
Inactive(anon):   345564 kB
Active(file):     301620 kB
Inactive(file):   375140 kB
Unevictable:        2140 kB
Mlocked:               0 kB
HighTotal:       1436668 kB
HighFree:          12952 kB
LowTotal:         426284 kB
LowFree:           25868 kB
SwapTotal:       1048572 kB
SwapFree:         999660 kB
Dirty:                 4 kB
Writeback:             0 kB
AnonPages:        679520 kB
Mapped:           459396 kB
Shmem:               716 kB
Slab:              41788 kB
SReclaimable:      14188 kB
SUnreclaim:        27600 kB
KernelStack:       12016 kB
PageTables:        43840 kB
NFS_Unstable:          0 kB
Bounce:                0 kB
WritebackTmp:          0 kB
CommitLimit:     1980048 kB
Committed_AS:   87172052 kB
VmallocTotal:     458752 kB
VmallocUsed:      114816 kB
VmallocChunk:     167940 kB
Time pass: 65 sec

---2015-12-08 16:16:17
MemTotal:        1862952 kB
MemFree:           38568 kB
Buffers:            9468 kB
Cached:           670160 kB
SwapCached:         4044 kB
Active:           638960 kB
Inactive:         720708 kB
Active(anon):     337340 kB
Inactive(anon):   345556 kB
Active(file):     301620 kB
Inactive(file):   375152 kB
Unevictable:        2140 kB
Mlocked:               0 kB
HighTotal:       1436668 kB
HighFree:          12888 kB
LowTotal:         426284 kB
LowFree:           25680 kB
SwapTotal:       1048572 kB
SwapFree:         999660 kB
Dirty:                 8 kB
Writeback:             0 kB
AnonPages:        679624 kB
Mapped:           459556 kB
Shmem:               716 kB
Slab:              41756 kB
SReclaimable:      14188 kB
SUnreclaim:        27568 kB
KernelStack:       12056 kB
PageTables:        43840 kB
NFS_Unstable:          0 kB
Bounce:                0 kB
WritebackTmp:          0 kB
CommitLimit:     1980048 kB
Committed_AS:   87172260 kB
VmallocTotal:     458752 kB
VmallocUsed:      114736 kB
VmallocChunk:     167940 kB
Time pass: 69 sec

---2015-12-08 16:16:17
MemTotal:        1862952 kB
MemFree:           29388 kB
Buffers:            9468 kB
Cached:           651620 kB
SwapCached:         4120 kB
Active:           648176 kB
Inactive:         700148 kB
Active(anon):     344288 kB
Inactive(anon):   345676 kB
Active(file):     303888 kB
Inactive(file):   354472 kB
Unevictable:        2140 kB
Mlocked:               0 kB
HighTotal:       1436668 kB
HighFree:           4788 kB
LowTotal:         426284 kB
LowFree:           24600 kB
SwapTotal:       1048572 kB
SwapFree:         998536 kB
Dirty:               532 kB
Writeback:             0 kB
AnonPages:        686696 kB
Mapped:           468284 kB
Shmem:               588 kB
Slab:              41868 kB
SReclaimable:      14196 kB
SUnreclaim:        27672 kB
KernelStack:       12056 kB
PageTables:        43884 kB
NFS_Unstable:          0 kB
Bounce:                0 kB
WritebackTmp:          0 kB
CommitLimit:     1980048 kB
Committed_AS:   87181100 kB
VmallocTotal:     458752 kB
VmallocUsed:      114820 kB
VmallocChunk:     167940 kB
Time pass: 72 sec

---2015-12-08 16:16:17
MemTotal:        1862952 kB
MemFree:           28108 kB
Buffers:            9508 kB
Cached:           640772 kB
SwapCached:         4172 kB
Active:           658928 kB
Inactive:         690580 kB
Active(anon):     352212 kB
Inactive(anon):   349748 kB
Active(file):     306716 kB
Inactive(file):   340832 kB
Unevictable:        2140 kB
Mlocked:               0 kB
HighTotal:       1436668 kB
HighFree:           2816 kB
LowTotal:         426284 kB
LowFree:           25292 kB
SwapTotal:       1048572 kB
SwapFree:         997584 kB
Dirty:               352 kB
Writeback:             0 kB
AnonPages:        698680 kB
Mapped:           471928 kB
Shmem:               588 kB
Slab:              41988 kB
SReclaimable:      14204 kB
SUnreclaim:        27784 kB
KernelStack:       12224 kB
PageTables:        43940 kB
NFS_Unstable:          0 kB
Bounce:                0 kB
WritebackTmp:          0 kB
CommitLimit:     1980048 kB
Committed_AS:   87199100 kB
VmallocTotal:     458752 kB
VmallocUsed:      114900 kB
VmallocChunk:     167940 kB
Time pass: 76 sec

---2015-12-08 16:16:17
MemTotal:        1862952 kB
MemFree:           45656 kB
Buffers:            9524 kB
Cached:           608728 kB
SwapCached:         4336 kB
Active:           660448 kB
Inactive:         661840 kB
Active(anon):     354740 kB
Inactive(anon):   352172 kB
Active(file):     305708 kB
Inactive(file):   309668 kB
Unevictable:        2140 kB
Mlocked:               0 kB
HighTotal:       1436668 kB
HighFree:          17064 kB
LowTotal:         426284 kB
LowFree:           28592 kB
SwapTotal:       1048572 kB
SwapFree:         993680 kB
Dirty:                96 kB
Writeback:             0 kB
AnonPages:        703588 kB
Mapped:           471664 kB
Shmem:               736 kB
Slab:              42128 kB
SReclaimable:      14204 kB
SUnreclaim:        27924 kB
KernelStack:       12304 kB
PageTables:        44096 kB
NFS_Unstable:          0 kB
Bounce:                0 kB
WritebackTmp:          0 kB
CommitLimit:     1980048 kB
Committed_AS:   87218868 kB
VmallocTotal:     458752 kB
VmallocUsed:      118784 kB
VmallocChunk:     167940 kB
Time pass: 81 sec

---2015-12-08 16:16:17
MemTotal:        1862952 kB
MemFree:           30820 kB
Buffers:            9556 kB
Cached:           589908 kB
SwapCached:         4356 kB
Active:           654204 kB
Inactive:         651804 kB
Active(anon):     355964 kB
Inactive(anon):   353716 kB
Active(file):     298240 kB
Inactive(file):   298088 kB
Unevictable:        2368 kB
Mlocked:               0 kB
HighTotal:       1436668 kB
HighFree:           5776 kB
LowTotal:         426284 kB
LowFree:           25044 kB
SwapTotal:       1048572 kB
SwapFree:         991812 kB
Dirty:                40 kB
Writeback:             0 kB
AnonPages:        706260 kB
Mapped:           471172 kB
Shmem:               768 kB
Slab:              42368 kB
SReclaimable:      14220 kB
SUnreclaim:        28148 kB
KernelStack:       12288 kB
PageTables:        44312 kB
NFS_Unstable:          0 kB
Bounce:                0 kB
WritebackTmp:          0 kB
CommitLimit:     1980048 kB
Committed_AS:   87222972 kB
VmallocTotal:     458752 kB
VmallocUsed:      122624 kB
VmallocChunk:     167940 kB
Time pass: 85 sec

---2015-12-08 16:16:17
MemTotal:        1862952 kB
MemFree:           28500 kB
Buffers:            9572 kB
Cached:           590020 kB
SwapCached:         4356 kB
Active:           655776 kB
Inactive:         651920 kB
Active(anon):     357520 kB
Inactive(anon):   353832 kB
Active(file):     298256 kB
Inactive(file):   298088 kB
Unevictable:        2368 kB
Mlocked:               0 kB
HighTotal:       1436668 kB
HighFree:           3404 kB
LowTotal:         426284 kB
LowFree:           25096 kB
SwapTotal:       1048572 kB
SwapFree:         991824 kB
Dirty:                 4 kB
Writeback:             0 kB
AnonPages:        707664 kB
Mapped:           471288 kB
Shmem:               880 kB
Slab:              42360 kB
SReclaimable:      14220 kB
SUnreclaim:        28140 kB
KernelStack:       12336 kB
PageTables:        44320 kB
NFS_Unstable:          0 kB
Bounce:                0 kB
WritebackTmp:          0 kB
CommitLimit:     1980048 kB
Committed_AS:   87225284 kB
VmallocTotal:     458752 kB
VmallocUsed:      122624 kB
VmallocChunk:     167940 kB
Time pass: 89 sec

---2015-12-08 16:16:17
MemTotal:        1862952 kB
MemFree:           28440 kB
Buffers:            9580 kB
Cached:           590024 kB
SwapCached:         4356 kB
Active:           655848 kB
Inactive:         651924 kB
Active(anon):     357580 kB
Inactive(anon):   353836 kB
Active(file):     298268 kB
Inactive(file):   298088 kB
Unevictable:        2368 kB
Mlocked:               0 kB
HighTotal:       1436668 kB
HighFree:           3432 kB
LowTotal:         426284 kB
LowFree:           25008 kB
SwapTotal:       1048572 kB
SwapFree:         991824 kB
Dirty:                36 kB
Writeback:             0 kB
AnonPages:        707924 kB
Mapped:           471136 kB
Shmem:               880 kB
Slab:              42504 kB
SReclaimable:      14220 kB
SUnreclaim:        28284 kB
KernelStack:       12296 kB
PageTables:        44316 kB
NFS_Unstable:          0 kB
Bounce:                0 kB
WritebackTmp:          0 kB
CommitLimit:     1980048 kB
Committed_AS:   87225300 kB
VmallocTotal:     458752 kB
VmallocUsed:      122624 kB
VmallocChunk:     167940 kB
Time pass: 92 sec

---2015-12-08 16:16:17
MemTotal:        1862952 kB
MemFree:           31188 kB
Buffers:            9616 kB
Cached:           586848 kB
SwapCached:         4364 kB
Active:           647424 kB
Inactive:         657912 kB
Active(anon):     352432 kB
Inactive(anon):   359688 kB
Active(file):     294992 kB
Inactive(file):   298224 kB
Unevictable:        2368 kB
Mlocked:               0 kB
HighTotal:       1436668 kB
HighFree:           5952 kB
LowTotal:         426284 kB
LowFree:           25236 kB
SwapTotal:       1048572 kB
SwapFree:         991120 kB
Dirty:                96 kB
Writeback:             0 kB
AnonPages:        708492 kB
Mapped:           471320 kB
Shmem:               880 kB
Slab:              42440 kB
SReclaimable:      14204 kB
SUnreclaim:        28236 kB
KernelStack:       12296 kB
PageTables:        44316 kB
NFS_Unstable:          0 kB
Bounce:                0 kB
WritebackTmp:          0 kB
CommitLimit:     1980048 kB
Committed_AS:   87225516 kB
VmallocTotal:     458752 kB
VmallocUsed:      122624 kB
VmallocChunk:     167940 kB
Time pass: 96 sec

---2015-12-08 16:16:17
MemTotal:        1862952 kB
MemFree:          111992 kB
Buffers:            9704 kB
Cached:           586728 kB
SwapCached:         4772 kB
Active:           646168 kB
Inactive:         646188 kB
Active(anon):     346816 kB
Inactive(anon):   352240 kB
Active(file):     299352 kB
Inactive(file):   293948 kB
Unevictable:        2368 kB
Mlocked:               0 kB
HighTotal:       1436668 kB
HighFree:          77012 kB
LowTotal:         426284 kB
LowFree:           34980 kB
SwapTotal:       1048572 kB
SwapFree:         989836 kB
Dirty:                64 kB
Writeback:             0 kB
AnonPages:        695160 kB
Mapped:           468752 kB
Shmem:               588 kB
Slab:              42664 kB
SReclaimable:      14204 kB
SUnreclaim:        28460 kB
KernelStack:       12280 kB
PageTables:        44688 kB
NFS_Unstable:          0 kB
Bounce:                0 kB
WritebackTmp:          0 kB
CommitLimit:     1980048 kB
Committed_AS:   89696712 kB
VmallocTotal:     458752 kB
VmallocUsed:      116000 kB
VmallocChunk:     167940 kB
Time pass: 100 sec

---2015-12-08 16:16:17
MemTotal:        1862952 kB
MemFree:          369288 kB
Buffers:            9724 kB
Cached:           587752 kB
SwapCached:         4876 kB
Active:           565380 kB
Inactive:         644516 kB
Active(anon):     265500 kB
Inactive(anon):   349736 kB
Active(file):     299880 kB
Inactive(file):   294780 kB
Unevictable:        2368 kB
Mlocked:               0 kB
HighTotal:       1436668 kB
HighFree:         240232 kB
LowTotal:         426284 kB
LowFree:          129056 kB
SwapTotal:       1048572 kB
SwapFree:         989848 kB
Dirty:               264 kB
Writeback:             0 kB
AnonPages:        611760 kB
Mapped:           330976 kB
Shmem:               440 kB
Slab:              42640 kB
SReclaimable:      14204 kB
SUnreclaim:        28436 kB
KernelStack:       11232 kB
PageTables:        41764 kB
NFS_Unstable:          0 kB
Bounce:                0 kB
WritebackTmp:          0 kB
CommitLimit:     1980048 kB
Committed_AS:   84548076 kB
VmallocTotal:     458752 kB
VmallocUsed:      112068 kB
VmallocChunk:     167940 kB
Time pass: 103 sec

---2015-12-08 16:16:17
MemTotal:        1862952 kB
MemFree:          374084 kB
Buffers:            9724 kB
Cached:           587984 kB
SwapCached:         4976 kB
Active:           562864 kB
Inactive:         643884 kB
Active(anon):     262984 kB
Inactive(anon):   348864 kB
Active(file):     299880 kB
Inactive(file):   295020 kB
Unevictable:        2368 kB
Mlocked:               0 kB
HighTotal:       1436668 kB
HighFree:         244304 kB
LowTotal:         426284 kB
LowFree:          129780 kB
SwapTotal:       1048572 kB
SwapFree:         989848 kB
Dirty:               260 kB
Writeback:             0 kB
AnonPages:        608068 kB
Mapped:           330868 kB
Shmem:               440 kB
Slab:              42628 kB
SReclaimable:      14204 kB
SUnreclaim:        28424 kB
KernelStack:       11200 kB
PageTables:        41856 kB
NFS_Unstable:          0 kB
Bounce:                0 kB
WritebackTmp:          0 kB
CommitLimit:     1980048 kB
Committed_AS:   84548716 kB
VmallocTotal:     458752 kB
VmallocUsed:      111828 kB
VmallocChunk:     167940 kB
Time pass: 107 sec

---2015-12-08 16:16:17
MemTotal:        1862952 kB
MemFree:          373976 kB
Buffers:            9732 kB
Cached:           587984 kB
SwapCached:         4976 kB
Active:           562964 kB
Inactive:         643892 kB
Active(anon):     263084 kB
Inactive(anon):   348864 kB
Active(file):     299880 kB
Inactive(file):   295028 kB
Unevictable:        2368 kB
Mlocked:               0 kB
HighTotal:       1436668 kB
HighFree:         244180 kB
LowTotal:         426284 kB
LowFree:          129796 kB
SwapTotal:       1048572 kB
SwapFree:         989848 kB
Dirty:                48 kB
Writeback:             0 kB
AnonPages:        608192 kB
Mapped:           330868 kB
Shmem:               440 kB
Slab:              42628 kB
SReclaimable:      14204 kB
SUnreclaim:        28424 kB
KernelStack:       11184 kB
PageTables:        41856 kB
NFS_Unstable:          0 kB
Bounce:                0 kB
WritebackTmp:          0 kB
CommitLimit:     1980048 kB
Committed_AS:   84548748 kB
VmallocTotal:     458752 kB
VmallocUsed:      111828 kB
VmallocChunk:     167940 kB
Time pass: 111 sec

---2015-12-08 16:16:17
MemTotal:        1862952 kB
MemFree:          373424 kB
Buffers:            9732 kB
Cached:           587984 kB
SwapCached:         4976 kB
Active:           563076 kB
Inactive:         643892 kB
Active(anon):     263196 kB
Inactive(anon):   348864 kB
Active(file):     299880 kB
Inactive(file):   295028 kB
Unevictable:        2368 kB
Mlocked:               0 kB
HighTotal:       1436668 kB
HighFree:         243808 kB
LowTotal:         426284 kB
LowFree:          129616 kB
SwapTotal:       1048572 kB
SwapFree:         989848 kB
Dirty:                 0 kB
Writeback:             0 kB
AnonPages:        608276 kB
Mapped:           330864 kB
Shmem:               440 kB
Slab:              42628 kB
SReclaimable:      14204 kB
SUnreclaim:        28424 kB
KernelStack:       11192 kB
PageTables:        41856 kB
NFS_Unstable:          0 kB
Bounce:                0 kB
WritebackTmp:          0 kB
CommitLimit:     1980048 kB
Committed_AS:   84548836 kB
VmallocTotal:     458752 kB
VmallocUsed:      111988 kB
VmallocChunk:     167940 kB
Time pass: 114 sec

---2015-12-08 16:16:17
MemTotal:        1862952 kB
MemFree:          373616 kB
Buffers:            9732 kB
Cached:           587984 kB
SwapCached:         4976 kB
Active:           563312 kB
Inactive:         643892 kB
Active(anon):     263432 kB
Inactive(anon):   348864 kB
Active(file):     299880 kB
Inactive(file):   295028 kB
Unevictable:        2368 kB
Mlocked:               0 kB
HighTotal:       1436668 kB
HighFree:         243836 kB
LowTotal:         426284 kB
LowFree:          129780 kB
SwapTotal:       1048572 kB
SwapFree:         989848 kB
Dirty:                 0 kB
Writeback:             0 kB
AnonPages:        608476 kB
Mapped:           330868 kB
Shmem:               440 kB
Slab:              42628 kB
SReclaimable:      14204 kB
SUnreclaim:        28424 kB
KernelStack:       11192 kB
PageTables:        41856 kB
NFS_Unstable:          0 kB
Bounce:                0 kB
WritebackTmp:          0 kB
CommitLimit:     1980048 kB
Committed_AS:   84549036 kB
VmallocTotal:     458752 kB
VmallocUsed:      111828 kB
VmallocChunk:     167940 kB
Time pass: 118 sec

---2015-12-08 16:16:17
MemTotal:        1862952 kB
MemFree:          373640 kB
Buffers:            9740 kB
Cached:           587988 kB
SwapCached:         4976 kB
Active:           563416 kB
Inactive:         643904 kB
Active(anon):     263536 kB
Inactive(anon):   348864 kB
Active(file):     299880 kB
Inactive(file):   295040 kB
Unevictable:        2368 kB
Mlocked:               0 kB
HighTotal:       1436668 kB
HighFree:         243836 kB
LowTotal:         426284 kB
LowFree:          129804 kB
SwapTotal:       1048572 kB
SwapFree:         989848 kB
Dirty:                 8 kB
Writeback:             0 kB
AnonPages:        608616 kB
Mapped:           330872 kB
Shmem:               440 kB
Slab:              42628 kB
SReclaimable:      14204 kB
SUnreclaim:        28424 kB
KernelStack:       11184 kB
PageTables:        41856 kB
NFS_Unstable:          0 kB
Bounce:                0 kB
WritebackTmp:          0 kB
CommitLimit:     1980048 kB
Committed_AS:   84549108 kB
VmallocTotal:     458752 kB
VmallocUsed:      111828 kB
VmallocChunk:     167940 kB
Time pass: 122 sec

---2015-12-08 16:16:17
MemTotal:        1862952 kB
MemFree:          373376 kB
Buffers:            9740 kB
Cached:           587988 kB
SwapCached:         4976 kB
Active:           563584 kB
Inactive:         643900 kB
Active(anon):     263700 kB
Inactive(anon):   348864 kB
Active(file):     299884 kB
Inactive(file):   295036 kB
Unevictable:        2368 kB
Mlocked:               0 kB
HighTotal:       1436668 kB
HighFree:         243588 kB
LowTotal:         426284 kB
LowFree:          129788 kB
SwapTotal:       1048572 kB
SwapFree:         989848 kB
Dirty:                 4 kB
Writeback:             0 kB
AnonPages:        608724 kB
Mapped:           330872 kB
Shmem:               440 kB
Slab:              42628 kB
SReclaimable:      14204 kB
SUnreclaim:        28424 kB
KernelStack:       11192 kB
PageTables:        41856 kB
NFS_Unstable:          0 kB
Bounce:                0 kB
WritebackTmp:          0 kB
CommitLimit:     1980048 kB
Committed_AS:   84549188 kB
VmallocTotal:     458752 kB
VmallocUsed:      111828 kB
VmallocChunk:     167940 kB
Time pass: 125 sec

---2015-12-08 16:16:17
MemTotal:        1862952 kB
MemFree:          373268 kB
Buffers:            9748 kB
Cached:           587988 kB
SwapCached:         4976 kB
Active:           563712 kB
Inactive:         643904 kB
Active(anon):     263828 kB
Inactive(anon):   348860 kB
Active(file):     299884 kB
Inactive(file):   295044 kB
Unevictable:        2368 kB
Mlocked:               0 kB
HighTotal:       1436668 kB
HighFree:         243464 kB
LowTotal:         426284 kB
LowFree:          129804 kB
SwapTotal:       1048572 kB
SwapFree:         989856 kB
Dirty:                 8 kB
Writeback:             0 kB
AnonPages:        608904 kB
Mapped:           330872 kB
Shmem:               440 kB
Slab:              42628 kB
SReclaimable:      14204 kB
SUnreclaim:        28424 kB
KernelStack:       11184 kB
PageTables:        41856 kB
NFS_Unstable:          0 kB
Bounce:                0 kB
WritebackTmp:          0 kB
CommitLimit:     1980048 kB
Committed_AS:   84549388 kB
VmallocTotal:     458752 kB
VmallocUsed:      111828 kB
VmallocChunk:     167940 kB
Time pass: 129 sec

---2015-12-08 16:16:17
MemTotal:        1862952 kB
MemFree:          341716 kB
Buffers:            9756 kB
Cached:           589120 kB
SwapCached:         5052 kB
Active:           577284 kB
Inactive:         644192 kB
Active(anon):     276632 kB
Inactive(anon):   348768 kB
Active(file):     300652 kB
Inactive(file):   295424 kB
Unevictable:        2368 kB
Mlocked:               0 kB
HighTotal:       1436668 kB
HighFree:         213488 kB
LowTotal:         426284 kB
LowFree:          128228 kB
SwapTotal:       1048572 kB
SwapFree:         989856 kB
Dirty:               744 kB
Writeback:             0 kB
AnonPages:        621616 kB
Mapped:           344840 kB
Shmem:               444 kB
Slab:              42628 kB
SReclaimable:      14204 kB
SUnreclaim:        28424 kB
KernelStack:       11408 kB
PageTables:        42440 kB
NFS_Unstable:          0 kB
Bounce:                0 kB
WritebackTmp:          0 kB
CommitLimit:     1980048 kB
Committed_AS:   85849580 kB
VmallocTotal:     458752 kB
VmallocUsed:      113088 kB
VmallocChunk:     167940 kB
Time pass: 133 sec

---2015-12-08 16:16:17
MemTotal:        1862952 kB
MemFree:          235932 kB
Buffers:            9780 kB
Cached:           592296 kB
SwapCached:         5316 kB
Active:           621812 kB
Inactive:         645836 kB
Active(anon):     319560 kB
Inactive(anon):   349092 kB
Active(file):     302252 kB
Inactive(file):   296744 kB
Unevictable:        2368 kB
Mlocked:               0 kB
HighTotal:       1436668 kB
HighFree:         135916 kB
LowTotal:         426284 kB
LowFree:          100016 kB
SwapTotal:       1048572 kB
SwapFree:         989876 kB
Dirty:              1744 kB
Writeback:             0 kB
AnonPages:        664420 kB
Mapped:           358756 kB
Shmem:               576 kB
Slab:              42540 kB
SReclaimable:      14204 kB
SUnreclaim:        28336 kB
KernelStack:       11808 kB
PageTables:        42948 kB
NFS_Unstable:          0 kB
Bounce:                0 kB
WritebackTmp:          0 kB
CommitLimit:     1980048 kB
Committed_AS:   85912272 kB
VmallocTotal:     458752 kB
VmallocUsed:      113328 kB
VmallocChunk:     167940 kB
Time pass: 136 sec

---2015-12-08 16:16:17
MemTotal:        1862952 kB
MemFree:          206000 kB
Buffers:            9780 kB
Cached:           592840 kB
SwapCached:         5328 kB
Active:           619076 kB
Inactive:         646080 kB
Active(anon):     316368 kB
Inactive(anon):   349112 kB
Active(file):     302708 kB
Inactive(file):   296968 kB
Unevictable:        2368 kB
Mlocked:               0 kB
HighTotal:       1436668 kB
HighFree:         115560 kB
LowTotal:         426284 kB
LowFree:           90440 kB
SwapTotal:       1048572 kB
SwapFree:         989916 kB
Dirty:               340 kB
Writeback:             0 kB
AnonPages:        661340 kB
Mapped:           370900 kB
Shmem:               576 kB
Slab:              42500 kB
SReclaimable:      14196 kB
SUnreclaim:        28304 kB
KernelStack:       11816 kB
PageTables:        43124 kB
NFS_Unstable:          0 kB
Bounce:                0 kB
WritebackTmp:          0 kB
CommitLimit:     1980048 kB
Committed_AS:   85911408 kB
VmallocTotal:     458752 kB
VmallocUsed:      113344 kB
VmallocChunk:     167940 kB
Time pass: 140 sec

---2015-12-08 16:16:17
MemTotal:        1862952 kB
MemFree:          158532 kB
Buffers:            9788 kB
Cached:           593464 kB
SwapCached:         5328 kB
Active:           622368 kB
Inactive:         645700 kB
Active(anon):     318648 kB
Inactive(anon):   349112 kB
Active(file):     303720 kB
Inactive(file):   296588 kB
Unevictable:        2368 kB
Mlocked:               0 kB
HighTotal:       1436668 kB
HighFree:          68304 kB
LowTotal:         426284 kB
LowFree:           90228 kB
SwapTotal:       1048572 kB
SwapFree:         989916 kB
Dirty:               644 kB
Writeback:             0 kB
AnonPages:        663528 kB
Mapped:           413096 kB
Shmem:               576 kB
Slab:              42564 kB
SReclaimable:      14196 kB
SUnreclaim:        28368 kB
KernelStack:       11816 kB
PageTables:        43292 kB
NFS_Unstable:          0 kB
Bounce:                0 kB
WritebackTmp:          0 kB
CommitLimit:     1980048 kB
Committed_AS:   85923000 kB
VmallocTotal:     458752 kB
VmallocUsed:      113552 kB
VmallocChunk:     167940 kB
Time pass: 143 sec

---2015-12-08 16:16:17
MemTotal:        1862952 kB
MemFree:          142812 kB
Buffers:            9796 kB
Cached:           593672 kB
SwapCached:         5328 kB
Active:           625452 kB
Inactive:         645544 kB
Active(anon):     321392 kB
Inactive(anon):   349080 kB
Active(file):     304060 kB
Inactive(file):   296464 kB
Unevictable:        2368 kB
Mlocked:               0 kB
HighTotal:       1436668 kB
HighFree:          51780 kB
LowTotal:         426284 kB
LowFree:           91032 kB
SwapTotal:       1048572 kB
SwapFree:         989916 kB
Dirty:               952 kB
Writeback:             0 kB
AnonPages:        666220 kB
Mapped:           424368 kB
Shmem:               576 kB
Slab:              42452 kB
SReclaimable:      14180 kB
SUnreclaim:        28272 kB
KernelStack:       11776 kB
PageTables:        43268 kB
NFS_Unstable:          0 kB
Bounce:                0 kB
WritebackTmp:          0 kB
CommitLimit:     1980048 kB
Committed_AS:   85923352 kB
VmallocTotal:     458752 kB
VmallocUsed:      113512 kB
VmallocChunk:     167940 kB
Time pass: 147 sec

---2015-12-08 16:16:17
MemTotal:        1862952 kB
MemFree:          113852 kB
Buffers:            9804 kB
Cached:           593932 kB
SwapCached:         5336 kB
Active:           633204 kB
Inactive:         645700 kB
Active(anon):     329132 kB
Inactive(anon):   349008 kB
Active(file):     304072 kB
Inactive(file):   296692 kB
Unevictable:        2368 kB
Mlocked:               0 kB
HighTotal:       1436668 kB
HighFree:          22916 kB
LowTotal:         426284 kB
LowFree:           90936 kB
SwapTotal:       1048572 kB
SwapFree:         989948 kB
Dirty:                36 kB
Writeback:             0 kB
AnonPages:        673904 kB
Mapped:           431000 kB
Shmem:               576 kB
Slab:              42416 kB
SReclaimable:      14164 kB
SUnreclaim:        28252 kB
KernelStack:       11808 kB
PageTables:        43332 kB
NFS_Unstable:          0 kB
Bounce:                0 kB
WritebackTmp:          0 kB
CommitLimit:     1980048 kB
Committed_AS:   85931824 kB
VmallocTotal:     458752 kB
VmallocUsed:      113620 kB
VmallocChunk:     167940 kB
Time pass: 154 sec

---2015-12-08 16:16:17
MemTotal:        1862952 kB
MemFree:          113676 kB
Buffers:            9804 kB
Cached:           593912 kB
SwapCached:         5336 kB
Active:           633320 kB
Inactive:         645744 kB
Active(anon):     329248 kB
Inactive(anon):   349044 kB
Active(file):     304072 kB
Inactive(file):   296700 kB
Unevictable:        2368 kB
Mlocked:               0 kB
HighTotal:       1436668 kB
HighFree:          22740 kB
LowTotal:         426284 kB
LowFree:           90936 kB
SwapTotal:       1048572 kB
SwapFree:         989952 kB
Dirty:                36 kB
Writeback:             0 kB
AnonPages:        674004 kB
Mapped:           431036 kB
Shmem:               576 kB
Slab:              42416 kB
SReclaimable:      14164 kB
SUnreclaim:        28252 kB
KernelStack:       11776 kB
PageTables:        43332 kB
NFS_Unstable:          0 kB
Bounce:                0 kB
WritebackTmp:          0 kB
CommitLimit:     1980048 kB
Committed_AS:   85932024 kB
VmallocTotal:     458752 kB
VmallocUsed:      113620 kB
VmallocChunk:     167940 kB
Time pass: 158 sec

---2015-12-08 16:16:17
MemTotal:        1862952 kB
MemFree:          113648 kB
Buffers:            9812 kB
Cached:           593912 kB
SwapCached:         5336 kB
Active:           633352 kB
Inactive:         645752 kB
Active(anon):     329280 kB
Inactive(anon):   349044 kB
Active(file):     304072 kB
Inactive(file):   296708 kB
Unevictable:        2368 kB
Mlocked:               0 kB
HighTotal:       1436668 kB
HighFree:          22672 kB
LowTotal:         426284 kB
LowFree:           90976 kB
SwapTotal:       1048572 kB
SwapFree:         989952 kB
Dirty:                 0 kB
Writeback:             0 kB
AnonPages:        674072 kB
Mapped:           431036 kB
Shmem:               576 kB
Slab:              42424 kB
SReclaimable:      14164 kB
SUnreclaim:        28260 kB
KernelStack:       11776 kB
PageTables:        43332 kB
NFS_Unstable:          0 kB
Bounce:                0 kB
WritebackTmp:          0 kB
CommitLimit:     1980048 kB
Committed_AS:   85932104 kB
VmallocTotal:     458752 kB
VmallocUsed:      113620 kB
VmallocChunk:     167940 kB
Time pass: 161 sec

---2015-12-08 16:16:17
MemTotal:        1862952 kB
MemFree:           86984 kB
Buffers:            9856 kB
Cached:           594152 kB
SwapCached:         5340 kB
Active:           649512 kB
Inactive:         646000 kB
Active(anon):     345432 kB
Inactive(anon):   349200 kB
Active(file):     304080 kB
Inactive(file):   296800 kB
Unevictable:        2368 kB
Mlocked:               0 kB
HighTotal:       1436668 kB
HighFree:           6516 kB
LowTotal:         426284 kB
LowFree:           80468 kB
SwapTotal:       1048572 kB
SwapFree:         989964 kB
Dirty:                60 kB
Writeback:             0 kB
AnonPages:        690084 kB
Mapped:           434324 kB
Shmem:               760 kB
Slab:              42580 kB
SReclaimable:      14196 kB
SUnreclaim:        28384 kB
KernelStack:       12096 kB
PageTables:        43516 kB
NFS_Unstable:          0 kB
Bounce:                0 kB
WritebackTmp:          0 kB
CommitLimit:     1980048 kB
Committed_AS:   85960024 kB
VmallocTotal:     458752 kB
VmallocUsed:      117664 kB
VmallocChunk:     167940 kB
Time pass: 165 sec

---2015-12-08 16:16:17
MemTotal:        1862952 kB
MemFree:           72628 kB
Buffers:            9888 kB
Cached:           594348 kB
SwapCached:         5340 kB
Active:           657384 kB
Inactive:         646088 kB
Active(anon):     353300 kB
Inactive(anon):   349244 kB
Active(file):     304084 kB
Inactive(file):   296844 kB
Unevictable:        2368 kB
Mlocked:               0 kB
HighTotal:       1436668 kB
HighFree:           3268 kB
LowTotal:         426284 kB
LowFree:           69360 kB
SwapTotal:       1048572 kB
SwapFree:         989992 kB
Dirty:                52 kB
Writeback:             0 kB
AnonPages:        697872 kB
Mapped:           432112 kB
Shmem:               940 kB
Slab:              42584 kB
SReclaimable:      14196 kB
SUnreclaim:        28388 kB
KernelStack:       12096 kB
PageTables:        43596 kB
NFS_Unstable:          0 kB
Bounce:                0 kB
WritebackTmp:          0 kB
CommitLimit:     1980048 kB
Committed_AS:   85968336 kB
VmallocTotal:     458752 kB
VmallocUsed:      118464 kB
VmallocChunk:     167940 kB
Time pass: 169 sec

---2015-12-08 16:16:17
MemTotal:        1862952 kB
MemFree:           71648 kB
Buffers:            9904 kB
Cached:           594348 kB
SwapCached:         5340 kB
Active:           659508 kB
Inactive:         646108 kB
Active(anon):     355424 kB
Inactive(anon):   349248 kB
Active(file):     304084 kB
Inactive(file):   296860 kB
Unevictable:        2368 kB
Mlocked:               0 kB
HighTotal:       1436668 kB
HighFree:           2464 kB
LowTotal:         426284 kB
LowFree:           69184 kB
SwapTotal:       1048572 kB
SwapFree:         990012 kB
Dirty:                 0 kB
Writeback:             0 kB
AnonPages:        699964 kB
Mapped:           432004 kB
Shmem:               940 kB
Slab:              42616 kB
SReclaimable:      14196 kB
SUnreclaim:        28420 kB
KernelStack:       12048 kB
PageTables:        43604 kB
NFS_Unstable:          0 kB
Bounce:                0 kB
WritebackTmp:          0 kB
CommitLimit:     1980048 kB
Committed_AS:   85973456 kB
VmallocTotal:     458752 kB
VmallocUsed:      118384 kB
VmallocChunk:     167940 kB
Time pass: 173 sec

---2015-12-08 16:16:17
MemTotal:        1862952 kB
MemFree:           71696 kB
Buffers:            9920 kB
Cached:           594404 kB
SwapCached:         5340 kB
Active:           659956 kB
Inactive:         646160 kB
Active(anon):     355872 kB
Inactive(anon):   349232 kB
Active(file):     304084 kB
Inactive(file):   296928 kB
Unevictable:        2368 kB
Mlocked:               0 kB
HighTotal:       1436668 kB
HighFree:           2584 kB
LowTotal:         426284 kB
LowFree:           69112 kB
SwapTotal:       1048572 kB
SwapFree:         990024 kB
Dirty:                40 kB
Writeback:             0 kB
AnonPages:        700688 kB
Mapped:           431892 kB
Shmem:               944 kB
Slab:              42652 kB
SReclaimable:      14196 kB
SUnreclaim:        28456 kB
KernelStack:       12040 kB
PageTables:        43604 kB
NFS_Unstable:          0 kB
Bounce:                0 kB
WritebackTmp:          0 kB
CommitLimit:     1980048 kB
Committed_AS:   85973616 kB
VmallocTotal:     458752 kB
VmallocUsed:      118384 kB
VmallocChunk:     167940 kB
Time pass: 176 sec

---2015-12-08 16:16:17
MemTotal:        1862952 kB
MemFree:           70676 kB
Buffers:            9936 kB
Cached:           594404 kB
SwapCached:         5340 kB
Active:           659720 kB
Inactive:         646092 kB
Active(anon):     355636 kB
Inactive(anon):   349148 kB
Active(file):     304084 kB
Inactive(file):   296944 kB
Unevictable:        2368 kB
Mlocked:               0 kB
HighTotal:       1436668 kB
HighFree:           2452 kB
LowTotal:         426284 kB
LowFree:           68224 kB
SwapTotal:       1048572 kB
SwapFree:         990028 kB
Dirty:                40 kB
Writeback:             0 kB
AnonPages:        700220 kB
Mapped:           432076 kB
Shmem:               944 kB
Slab:              42648 kB
SReclaimable:      14196 kB
SUnreclaim:        28452 kB
KernelStack:       12048 kB
PageTables:        43604 kB
NFS_Unstable:          0 kB
Bounce:                0 kB
WritebackTmp:          0 kB
CommitLimit:     1980048 kB
Committed_AS:   85973736 kB
VmallocTotal:     458752 kB
VmallocUsed:      118464 kB
VmallocChunk:     167940 kB
Time pass: 180 sec

---2015-12-08 16:16:17
MemTotal:        1862952 kB
MemFree:           66388 kB
Buffers:            9952 kB
Cached:           594876 kB
SwapCached:         5340 kB
Active:           663264 kB
Inactive:         646392 kB
Active(anon):     359076 kB
Inactive(anon):   349064 kB
Active(file):     304188 kB
Inactive(file):   297328 kB
Unevictable:        2368 kB
Mlocked:               0 kB
HighTotal:       1436668 kB
HighFree:           2540 kB
LowTotal:         426284 kB
LowFree:           63848 kB
SwapTotal:       1048572 kB
SwapFree:         990032 kB
Dirty:                 4 kB
Writeback:             0 kB
AnonPages:        703532 kB
Mapped:           432300 kB
Shmem:               944 kB
Slab:              42756 kB
SReclaimable:      14260 kB
SUnreclaim:        28496 kB
KernelStack:       12128 kB
PageTables:        44124 kB
NFS_Unstable:          0 kB
Bounce:                0 kB
WritebackTmp:          0 kB
CommitLimit:     1980048 kB
Committed_AS:   87218096 kB
VmallocTotal:     458752 kB
VmallocUsed:      119404 kB
VmallocChunk:     167940 kB
Time pass: 184 sec

---2015-12-08 16:16:17
MemTotal:        1862952 kB
MemFree:           66324 kB
Buffers:            9976 kB
Cached:           594888 kB
SwapCached:         5340 kB
Active:           664176 kB
Inactive:         645800 kB
Active(anon):     359988 kB
Inactive(anon):   348436 kB
Active(file):     304188 kB
Inactive(file):   297364 kB
Unevictable:        2368 kB
Mlocked:               0 kB
HighTotal:       1436668 kB
HighFree:           2528 kB
LowTotal:         426284 kB
LowFree:           63796 kB
SwapTotal:       1048572 kB
SwapFree:         990068 kB
Dirty:                48 kB
Writeback:             0 kB
AnonPages:        703908 kB
Mapped:           432180 kB
Shmem:               944 kB
Slab:              42900 kB
SReclaimable:      14324 kB
SUnreclaim:        28576 kB
KernelStack:       12104 kB
PageTables:        44156 kB
NFS_Unstable:          0 kB
Bounce:                0 kB
WritebackTmp:          0 kB
CommitLimit:     1980048 kB
Committed_AS:   87218264 kB
VmallocTotal:     458752 kB
VmallocUsed:      119484 kB
VmallocChunk:     167940 kB
Time pass: 188 sec

---2015-12-08 16:16:17
MemTotal:        1862952 kB
MemFree:           66472 kB
Buffers:            9976 kB
Cached:           594892 kB
SwapCached:         5380 kB
Active:           664352 kB
Inactive:         645844 kB
Active(anon):     360164 kB
Inactive(anon):   348476 kB
Active(file):     304188 kB
Inactive(file):   297368 kB
Unevictable:        2368 kB
Mlocked:               0 kB
HighTotal:       1436668 kB
HighFree:           2592 kB
LowTotal:         426284 kB
LowFree:           63880 kB
SwapTotal:       1048572 kB
SwapFree:         990100 kB
Dirty:                 8 kB
Writeback:             0 kB
AnonPages:        704092 kB
Mapped:           432308 kB
Shmem:               944 kB
Slab:              42884 kB
SReclaimable:      14236 kB
SUnreclaim:        28648 kB
KernelStack:       12128 kB
PageTables:        44140 kB
NFS_Unstable:          0 kB
Bounce:                0 kB
WritebackTmp:          0 kB
CommitLimit:     1980048 kB
Committed_AS:   87218352 kB
VmallocTotal:     458752 kB
VmallocUsed:      119404 kB
VmallocChunk:     167940 kB
Time pass: 191 sec

---2015-12-08 16:16:17
MemTotal:        1862952 kB
MemFree:           66128 kB
Buffers:           10000 kB
Cached:           594892 kB
SwapCached:         5380 kB
Active:           664824 kB
Inactive:         645856 kB
Active(anon):     360632 kB
Inactive(anon):   348468 kB
Active(file):     304192 kB
Inactive(file):   297388 kB
Unevictable:        2368 kB
Mlocked:               0 kB
HighTotal:       1436668 kB
HighFree:           2528 kB
LowTotal:         426284 kB
LowFree:           63600 kB
SwapTotal:       1048572 kB
SwapFree:         990100 kB
Dirty:                48 kB
Writeback:             0 kB
AnonPages:        704528 kB
Mapped:           432308 kB
Shmem:               944 kB
Slab:              42900 kB
SReclaimable:      14240 kB
SUnreclaim:        28660 kB
KernelStack:       12096 kB
PageTables:        44140 kB
NFS_Unstable:          0 kB
Bounce:                0 kB
WritebackTmp:          0 kB
CommitLimit:     1980048 kB
Committed_AS:   87218376 kB
VmallocTotal:     458752 kB
VmallocUsed:      119404 kB
VmallocChunk:     167940 kB
Time pass: 195 sec

---2015-12-08 16:16:17
MemTotal:        1862952 kB
MemFree:           64824 kB
Buffers:           10016 kB
Cached:           594892 kB
SwapCached:         5380 kB
Active:           665536 kB
Inactive:         645864 kB
Active(anon):     361344 kB
Inactive(anon):   348460 kB
Active(file):     304192 kB
Inactive(file):   297404 kB
Unevictable:        2368 kB
Mlocked:               0 kB
HighTotal:       1436668 kB
HighFree:           2472 kB
LowTotal:         426284 kB
LowFree:           62352 kB
SwapTotal:       1048572 kB
SwapFree:         990100 kB
Dirty:                 4 kB
Writeback:            12 kB
AnonPages:        705336 kB
Mapped:           432184 kB
Shmem:               944 kB
Slab:              42908 kB
SReclaimable:      14232 kB
SUnreclaim:        28676 kB
KernelStack:       12064 kB
PageTables:        44180 kB
NFS_Unstable:          0 kB
Bounce:                0 kB
WritebackTmp:          0 kB
CommitLimit:     1980048 kB
Committed_AS:   87218536 kB
VmallocTotal:     458752 kB
VmallocUsed:      119484 kB
VmallocChunk:     167940 kB
Time pass: 199 sec

---2015-12-08 16:16:17
MemTotal:        1862952 kB
MemFree:           66316 kB
Buffers:           10016 kB
Cached:           594892 kB
SwapCached:         5380 kB
Active:           665040 kB
Inactive:         645504 kB
Active(anon):     360848 kB
Inactive(anon):   348100 kB
Active(file):     304192 kB
Inactive(file):   297404 kB
Unevictable:        2368 kB
Mlocked:               0 kB
HighTotal:       1436668 kB
HighFree:           2988 kB
LowTotal:         426284 kB
LowFree:           63328 kB
SwapTotal:       1048572 kB
SwapFree:         990100 kB
Dirty:                 4 kB
Writeback:             0 kB
AnonPages:        704340 kB
Mapped:           432368 kB
Shmem:               944 kB
Slab:              42836 kB
SReclaimable:      14224 kB
SUnreclaim:        28612 kB
KernelStack:       12048 kB
PageTables:        44140 kB
NFS_Unstable:          0 kB
Bounce:                0 kB
WritebackTmp:          0 kB
CommitLimit:     1980048 kB
Committed_AS:   87218616 kB
VmallocTotal:     458752 kB
VmallocUsed:      119484 kB
VmallocChunk:     167940 kB
Time pass: 202 sec

---2015-12-08 16:16:17
MemTotal:        1862952 kB
MemFree:           65748 kB
Buffers:           10024 kB
Cached:           594892 kB
SwapCached:         5380 kB
Active:           664928 kB
Inactive:         645508 kB
Active(anon):     360736 kB
Inactive(anon):   348100 kB
Active(file):     304192 kB
Inactive(file):   297408 kB
Unevictable:        2368 kB
Mlocked:               0 kB
HighTotal:       1436668 kB
HighFree:           3108 kB
LowTotal:         426284 kB
LowFree:           62640 kB
SwapTotal:       1048572 kB
SwapFree:         990104 kB
Dirty:                32 kB
Writeback:             0 kB
AnonPages:        704248 kB
Mapped:           432184 kB
Shmem:               944 kB
Slab:              42820 kB
SReclaimable:      14224 kB
SUnreclaim:        28596 kB
KernelStack:       12072 kB
PageTables:        44140 kB
NFS_Unstable:          0 kB
Bounce:                0 kB
WritebackTmp:          0 kB
CommitLimit:     1980048 kB
Committed_AS:   87220840 kB
VmallocTotal:     458752 kB
VmallocUsed:      119484 kB
VmallocChunk:     167940 kB
Time pass: 206 sec

---2015-12-08 16:16:17
MemTotal:        1862952 kB
MemFree:           63940 kB
Buffers:           10040 kB
Cached:           594908 kB
SwapCached:         5380 kB
Active:           666728 kB
Inactive:         645520 kB
Active(anon):     362536 kB
Inactive(anon):   348088 kB
Active(file):     304192 kB
Inactive(file):   297432 kB
Unevictable:        2368 kB
Mlocked:               0 kB
HighTotal:       1436668 kB
HighFree:           2464 kB
LowTotal:         426284 kB
LowFree:           61476 kB
SwapTotal:       1048572 kB
SwapFree:         990104 kB
Dirty:                 4 kB
Writeback:             0 kB
AnonPages:        705996 kB
Mapped:           432412 kB
Shmem:               956 kB
Slab:              42756 kB
SReclaimable:      14224 kB
SUnreclaim:        28532 kB
KernelStack:       12088 kB
PageTables:        44148 kB
NFS_Unstable:          0 kB
Bounce:                0 kB
WritebackTmp:          0 kB
CommitLimit:     1980048 kB
Committed_AS:   87224304 kB
VmallocTotal:     458752 kB
VmallocUsed:      119484 kB
VmallocChunk:     167940 kB
Time pass: 210 sec

---2015-12-08 16:16:17
MemTotal:        1862952 kB
MemFree:           62288 kB
Buffers:           10048 kB
Cached:           595336 kB
SwapCached:         5380 kB
Active:           665124 kB
Inactive:         636144 kB
Active(anon):     363188 kB
Inactive(anon):   340312 kB
Active(file):     301936 kB
Inactive(file):   295832 kB
Unevictable:       14420 kB
Mlocked:           12048 kB
HighTotal:       1436668 kB
HighFree:           2476 kB
LowTotal:         426284 kB
LowFree:           59812 kB
SwapTotal:       1048572 kB
SwapFree:         990108 kB
Dirty:                60 kB
Writeback:             0 kB
AnonPages:        706840 kB
Mapped:           432680 kB
Shmem:              1404 kB
Slab:              42724 kB
SReclaimable:      14224 kB
SUnreclaim:        28500 kB
KernelStack:       12112 kB
PageTables:        44156 kB
NFS_Unstable:          0 kB
Bounce:                0 kB
WritebackTmp:          0 kB
CommitLimit:     1980048 kB
Committed_AS:   87224736 kB
VmallocTotal:     458752 kB
VmallocUsed:      119484 kB
VmallocChunk:     167940 kB
Time pass: 214 sec

---2015-12-08 16:16:17
MemTotal:        1862952 kB
MemFree:           62908 kB
Buffers:           10080 kB
Cached:           595000 kB
SwapCached:         5380 kB
Active:           665740 kB
Inactive:         647860 kB
Active(anon):     363852 kB
Inactive(anon):   348100 kB
Active(file):     301888 kB
Inactive(file):   299760 kB
Unevictable:        2368 kB
Mlocked:               0 kB
HighTotal:       1436668 kB
HighFree:           4248 kB
LowTotal:         426284 kB
LowFree:           58660 kB
SwapTotal:       1048572 kB
SwapFree:         990132 kB
Dirty:               108 kB
Writeback:             0 kB
AnonPages:        707252 kB
Mapped:           432468 kB
Shmem:              1064 kB
Slab:              42696 kB
SReclaimable:      14224 kB
SUnreclaim:        28472 kB
KernelStack:       12072 kB
PageTables:        44160 kB
NFS_Unstable:          0 kB
Bounce:                0 kB
WritebackTmp:          0 kB
CommitLimit:     1980048 kB
Committed_AS:   87227636 kB
VmallocTotal:     458752 kB
VmallocUsed:      119404 kB
VmallocChunk:     167940 kB
Time pass: 217 sec

---2015-12-08 16:16:17
MemTotal:        1862952 kB
MemFree:           61976 kB
Buffers:           10088 kB
Cached:           594992 kB
SwapCached:         5380 kB
Active:           666108 kB
Inactive:         647608 kB
Active(anon):     363976 kB
Inactive(anon):   348092 kB
Active(file):     302132 kB
Inactive(file):   299516 kB
Unevictable:        2368 kB
Mlocked:               0 kB
HighTotal:       1436668 kB
HighFree:           3348 kB
LowTotal:         426284 kB
LowFree:           58628 kB
SwapTotal:       1048572 kB
SwapFree:         990140 kB
Dirty:                80 kB
Writeback:             0 kB
AnonPages:        707348 kB
Mapped:           432528 kB
Shmem:              1064 kB
Slab:              42660 kB
SReclaimable:      14224 kB
SUnreclaim:        28436 kB
KernelStack:       12064 kB
PageTables:        44160 kB
NFS_Unstable:          0 kB
Bounce:                0 kB
WritebackTmp:          0 kB
CommitLimit:     1980048 kB
Committed_AS:   87227776 kB
VmallocTotal:     458752 kB
VmallocUsed:      119484 kB
VmallocChunk:     167940 kB
Time pass: 221 sec

---2015-12-08 16:16:17
MemTotal:        1862952 kB
MemFree:           61420 kB
Buffers:           10104 kB
Cached:           595000 kB
SwapCached:         5380 kB
Active:           667180 kB
Inactive:         647540 kB
Active(anon):     365024 kB
Inactive(anon):   348024 kB
Active(file):     302156 kB
Inactive(file):   299516 kB
Unevictable:        2368 kB
Mlocked:               0 kB
HighTotal:       1436668 kB
HighFree:           3476 kB
LowTotal:         426284 kB
LowFree:           57944 kB
SwapTotal:       1048572 kB
SwapFree:         990140 kB
Dirty:                 4 kB
Writeback:             0 kB
AnonPages:        708412 kB
Mapped:           432432 kB
Shmem:              1064 kB
Slab:              42664 kB
SReclaimable:      14224 kB
SUnreclaim:        28440 kB
KernelStack:       12064 kB
PageTables:        44144 kB
NFS_Unstable:          0 kB
Bounce:                0 kB
WritebackTmp:          0 kB
CommitLimit:     1980048 kB
Committed_AS:   87227840 kB
VmallocTotal:     458752 kB
VmallocUsed:      119404 kB
VmallocChunk:     167940 kB
Time pass: 224 sec

---2015-12-08 16:16:17
MemTotal:        1862952 kB
MemFree:           61200 kB
Buffers:           10120 kB
Cached:           595000 kB
SwapCached:         5380 kB
Active:           666984 kB
Inactive:         647540 kB
Active(anon):     364828 kB
Inactive(anon):   348008 kB
Active(file):     302156 kB
Inactive(file):   299532 kB
Unevictable:        2368 kB
Mlocked:               0 kB
HighTotal:       1436668 kB
HighFree:           4696 kB
LowTotal:         426284 kB
LowFree:           56504 kB
SwapTotal:       1048572 kB
SwapFree:         990144 kB
Dirty:                48 kB
Writeback:             0 kB
AnonPages:        708288 kB
Mapped:           432360 kB
Shmem:              1064 kB
Slab:              42664 kB
SReclaimable:      14224 kB
SUnreclaim:        28440 kB
KernelStack:       12064 kB
PageTables:        44272 kB
NFS_Unstable:          0 kB
Bounce:                0 kB
WritebackTmp:          0 kB
CommitLimit:     1980048 kB
Committed_AS:   87234592 kB
VmallocTotal:     458752 kB
VmallocUsed:      119484 kB
VmallocChunk:     167940 kB
Time pass: 228 sec

---2015-12-08 16:16:17
MemTotal:        1862952 kB
MemFree:           60760 kB
Buffers:           10128 kB
Cached:           594992 kB
SwapCached:         5380 kB
Active:           667940 kB
Inactive:         647540 kB
Active(anon):     365784 kB
Inactive(anon):   348008 kB
Active(file):     302156 kB
Inactive(file):   299532 kB
Unevictable:        2368 kB
Mlocked:               0 kB
HighTotal:       1436668 kB
HighFree:           3116 kB
LowTotal:         426284 kB
LowFree:           57644 kB
SwapTotal:       1048572 kB
SwapFree:         990144 kB
Dirty:                 4 kB
Writeback:             0 kB
AnonPages:        709212 kB
Mapped:           432548 kB
Shmem:              1064 kB
Slab:              42696 kB
SReclaimable:      14224 kB
SUnreclaim:        28472 kB
KernelStack:       12064 kB
PageTables:        44160 kB
NFS_Unstable:          0 kB
Bounce:                0 kB
WritebackTmp:          0 kB
CommitLimit:     1980048 kB
Committed_AS:   87228080 kB
VmallocTotal:     458752 kB
VmallocUsed:      119484 kB
VmallocChunk:     167940 kB
Time pass: 232 sec

---2015-12-08 16:16:17
MemTotal:        1862952 kB
MemFree:           60196 kB
Buffers:           10144 kB
Cached:           595000 kB
SwapCached:         5424 kB
Active:           668288 kB
Inactive:         647572 kB
Active(anon):     366132 kB
Inactive(anon):   348032 kB
Active(file):     302156 kB
Inactive(file):   299540 kB
Unevictable:        2368 kB
Mlocked:               0 kB
HighTotal:       1436668 kB
HighFree:           3080 kB
LowTotal:         426284 kB
LowFree:           57116 kB
SwapTotal:       1048572 kB
SwapFree:         990192 kB
Dirty:                44 kB
Writeback:             0 kB
AnonPages:        709552 kB
Mapped:           432548 kB
Shmem:              1064 kB
Slab:              42740 kB
SReclaimable:      14224 kB
SUnreclaim:        28516 kB
KernelStack:       12088 kB
PageTables:        44164 kB
NFS_Unstable:          0 kB
Bounce:                0 kB
WritebackTmp:          0 kB
CommitLimit:     1980048 kB
Committed_AS:   87228208 kB
VmallocTotal:     458752 kB
VmallocUsed:      119484 kB
VmallocChunk:     167940 kB
Time pass: 235 sec

---2015-12-08 16:16:17
MemTotal:        1862952 kB
MemFree:           59484 kB
Buffers:           10144 kB
Cached:           595004 kB
SwapCached:         5424 kB
Active:           668440 kB
Inactive:         647548 kB
Active(anon):     366284 kB
Inactive(anon):   347988 kB
Active(file):     302156 kB
Inactive(file):   299560 kB
Unevictable:        2368 kB
Mlocked:               0 kB
HighTotal:       1436668 kB
HighFree:           3668 kB
LowTotal:         426284 kB
LowFree:           55816 kB
SwapTotal:       1048572 kB
SwapFree:         990204 kB
Dirty:                 8 kB
Writeback:             0 kB
AnonPages:        709552 kB
Mapped:           432364 kB
Shmem:              1064 kB
Slab:              42788 kB
SReclaimable:      14224 kB
SUnreclaim:        28564 kB
KernelStack:       12112 kB
PageTables:        44164 kB
NFS_Unstable:          0 kB
Bounce:                0 kB
WritebackTmp:          0 kB
CommitLimit:     1980048 kB
Committed_AS:   87228408 kB
VmallocTotal:     458752 kB
VmallocUsed:      119484 kB
VmallocChunk:     167940 kB
Time pass: 239 sec

---2015-12-08 16:16:17
MemTotal:        1862952 kB
MemFree:           59180 kB
Buffers:           10168 kB
Cached:           595004 kB
SwapCached:         5424 kB
Active:           668780 kB
Inactive:         647580 kB
Active(anon):     366624 kB
Inactive(anon):   347996 kB
Active(file):     302156 kB
Inactive(file):   299584 kB
Unevictable:        2368 kB
Mlocked:               0 kB
HighTotal:       1436668 kB
HighFree:           2552 kB
LowTotal:         426284 kB
LowFree:           56628 kB
SwapTotal:       1048572 kB
SwapFree:         990212 kB
Dirty:                48 kB
Writeback:             0 kB
AnonPages:        709916 kB
Mapped:           432364 kB
Shmem:              1064 kB
Slab:              42808 kB
SReclaimable:      14224 kB
SUnreclaim:        28584 kB
KernelStack:       12112 kB
PageTables:        44168 kB
NFS_Unstable:          0 kB
Bounce:                0 kB
WritebackTmp:          0 kB
CommitLimit:     1980048 kB
Committed_AS:   87230520 kB
VmallocTotal:     458752 kB
VmallocUsed:      119484 kB
VmallocChunk:     167940 kB
Time pass: 243 sec

---2015-12-08 16:16:17
MemTotal:        1862952 kB
MemFree:           59664 kB
Buffers:           10168 kB
Cached:           595004 kB
SwapCached:         5424 kB
Active:           668536 kB
Inactive:         647576 kB
Active(anon):     366376 kB
Inactive(anon):   347996 kB
Active(file):     302160 kB
Inactive(file):   299580 kB
Unevictable:        2368 kB
Mlocked:               0 kB
HighTotal:       1436668 kB
HighFree:           2552 kB
LowTotal:         426284 kB
LowFree:           57112 kB
SwapTotal:       1048572 kB
SwapFree:         990212 kB
Dirty:                 4 kB
Writeback:             0 kB
AnonPages:        709640 kB
Mapped:           432364 kB
Shmem:              1064 kB
Slab:              42900 kB
SReclaimable:      14224 kB
SUnreclaim:        28676 kB
KernelStack:       12112 kB
PageTables:        44168 kB
NFS_Unstable:          0 kB
Bounce:                0 kB
WritebackTmp:          0 kB
CommitLimit:     1980048 kB
Committed_AS:   87230608 kB
VmallocTotal:     458752 kB
VmallocUsed:      119484 kB
VmallocChunk:     167940 kB
Time pass: 246 sec

---2015-12-08 16:16:17
MemTotal:        1862952 kB
MemFree:           58896 kB
Buffers:           10176 kB
Cached:           595004 kB
SwapCached:         5428 kB
Active:           668760 kB
Inactive:         647552 kB
Active(anon):     366600 kB
Inactive(anon):   347964 kB
Active(file):     302160 kB
Inactive(file):   299588 kB
Unevictable:        2368 kB
Mlocked:               0 kB
HighTotal:       1436668 kB
HighFree:           2552 kB
LowTotal:         426284 kB
LowFree:           56344 kB
SwapTotal:       1048572 kB
SwapFree:         990216 kB
Dirty:                40 kB
Writeback:             0 kB
AnonPages:        709908 kB
Mapped:           432548 kB
Shmem:              1064 kB
Slab:              42928 kB
SReclaimable:      14224 kB
SUnreclaim:        28704 kB
KernelStack:       12112 kB
PageTables:        44168 kB
NFS_Unstable:          0 kB
Bounce:                0 kB
WritebackTmp:          0 kB
CommitLimit:     1980048 kB
Committed_AS:   87230824 kB
VmallocTotal:     458752 kB
VmallocUsed:      119484 kB
VmallocChunk:     167940 kB
Time pass: 250 sec

---2015-12-08 16:16:17
MemTotal:        1862952 kB
MemFree:           58280 kB
Buffers:           10200 kB
Cached:           595040 kB
SwapCached:         5428 kB
Active:           670284 kB
Inactive:         647616 kB
Active(anon):     368124 kB
Inactive(anon):   347968 kB
Active(file):     302160 kB
Inactive(file):   299648 kB
Unevictable:        2368 kB
Mlocked:               0 kB
HighTotal:       1436668 kB
HighFree:           2552 kB
LowTotal:         426284 kB
LowFree:           55728 kB
SwapTotal:       1048572 kB
SwapFree:         990224 kB
Dirty:                 4 kB
Writeback:             0 kB
AnonPages:        711248 kB
Mapped:           432552 kB
Shmem:              1064 kB
Slab:              42796 kB
SReclaimable:      14224 kB
SUnreclaim:        28572 kB
KernelStack:       12120 kB
PageTables:        44168 kB
NFS_Unstable:          0 kB
Bounce:                0 kB
WritebackTmp:          0 kB
CommitLimit:     1980048 kB
Committed_AS:   87231332 kB
VmallocTotal:     458752 kB
VmallocUsed:      119484 kB
VmallocChunk:     167940 kB
Time pass: 254 sec

---2015-12-08 16:16:17
MemTotal:        1862952 kB
MemFree:           59068 kB
Buffers:           10200 kB
Cached:           595040 kB
SwapCached:         5428 kB
Active:           670248 kB
Inactive:         647616 kB
Active(anon):     368088 kB
Inactive(anon):   347968 kB
Active(file):     302160 kB
Inactive(file):   299648 kB
Unevictable:        2368 kB
Mlocked:               0 kB
HighTotal:       1436668 kB
HighFree:           2460 kB
LowTotal:         426284 kB
LowFree:           56608 kB
SwapTotal:       1048572 kB
SwapFree:         990224 kB
Dirty:                 4 kB
Writeback:             0 kB
AnonPages:        711548 kB
Mapped:           432492 kB
Shmem:              1064 kB
Slab:              42732 kB
SReclaimable:      14224 kB
SUnreclaim:        28508 kB
KernelStack:       12096 kB
PageTables:        44168 kB
NFS_Unstable:          0 kB
Bounce:                0 kB
WritebackTmp:          0 kB
CommitLimit:     1980048 kB
Committed_AS:   87231552 kB
VmallocTotal:     458752 kB
VmallocUsed:      119404 kB
VmallocChunk:     167940 kB
Time pass: 258 sec

---2015-12-08 16:16:17
MemTotal:        1862952 kB
MemFree:           57924 kB
Buffers:           10224 kB
Cached:           595040 kB
SwapCached:         5428 kB
Active:           670820 kB
Inactive:         647648 kB
Active(anon):     368660 kB
Inactive(anon):   347976 kB
Active(file):     302160 kB
Inactive(file):   299672 kB
Unevictable:        2368 kB
Mlocked:               0 kB
HighTotal:       1436668 kB
HighFree:           2532 kB
LowTotal:         426284 kB
LowFree:           55392 kB
SwapTotal:       1048572 kB
SwapFree:         990232 kB
Dirty:                56 kB
Writeback:             0 kB
AnonPages:        711984 kB
Mapped:           432552 kB
Shmem:              1064 kB
Slab:              42724 kB
SReclaimable:      14216 kB
SUnreclaim:        28508 kB
KernelStack:       12064 kB
PageTables:        44168 kB
NFS_Unstable:          0 kB
Bounce:                0 kB
WritebackTmp:          0 kB
CommitLimit:     1980048 kB
Committed_AS:   87231632 kB
VmallocTotal:     458752 kB
VmallocUsed:      119484 kB
VmallocChunk:     167940 kB
Time pass: 262 sec

---2015-12-08 16:16:17
MemTotal:        1862952 kB
MemFree:           56932 kB
Buffers:           10240 kB
Cached:           595044 kB
SwapCached:         5428 kB
Active:           671240 kB
Inactive:         647668 kB
Active(anon):     369080 kB
Inactive(anon):   347980 kB
Active(file):     302160 kB
Inactive(file):   299688 kB
Unevictable:        2368 kB
Mlocked:               0 kB
HighTotal:       1436668 kB
HighFree:           2572 kB
LowTotal:         426284 kB
LowFree:           54360 kB
SwapTotal:       1048572 kB
SwapFree:         990248 kB
Dirty:                 0 kB
Writeback:             0 kB
AnonPages:        712340 kB
Mapped:           432552 kB
Shmem:              1064 kB
Slab:              42692 kB
SReclaimable:      14216 kB
SUnreclaim:        28476 kB
KernelStack:       12072 kB
PageTables:        44168 kB
NFS_Unstable:          0 kB
Bounce:                0 kB
WritebackTmp:          0 kB
CommitLimit:     1980048 kB
Committed_AS:   87231712 kB
VmallocTotal:     458752 kB
VmallocUsed:      119484 kB
VmallocChunk:     167940 kB
Time pass: 265 sec

---2015-12-08 16:16:17
MemTotal:        1862952 kB
MemFree:           56628 kB
Buffers:           10248 kB
Cached:           595044 kB
SwapCached:         5428 kB
Active:           671528 kB
Inactive:         647612 kB
Active(anon):     369364 kB
Inactive(anon):   347916 kB
Active(file):     302164 kB
Inactive(file):   299696 kB
Unevictable:        2368 kB
Mlocked:               0 kB
HighTotal:       1436668 kB
HighFree:           2460 kB
LowTotal:         426284 kB
LowFree:           54168 kB
SwapTotal:       1048572 kB
SwapFree:         990284 kB
Dirty:                36 kB
Writeback:             0 kB
AnonPages:        712608 kB
Mapped:           432580 kB
Shmem:              1064 kB
Slab:              42692 kB
SReclaimable:      14216 kB
SUnreclaim:        28476 kB
KernelStack:       12120 kB
PageTables:        44188 kB
NFS_Unstable:          0 kB
Bounce:                0 kB
WritebackTmp:          0 kB
CommitLimit:     1980048 kB
Committed_AS:   87231904 kB
VmallocTotal:     458752 kB
VmallocUsed:      119484 kB
VmallocChunk:     167940 kB
Time pass: 269 sec

---2015-12-08 16:16:17
MemTotal:        1862952 kB
MemFree:           58116 kB
Buffers:           10264 kB
Cached:           595044 kB
SwapCached:         5428 kB
Active:           671308 kB
Inactive:         647444 kB
Active(anon):     369144 kB
Inactive(anon):   347732 kB
Active(file):     302164 kB
Inactive(file):   299712 kB
Unevictable:        2368 kB
Mlocked:               0 kB
HighTotal:       1436668 kB
HighFree:           3096 kB
LowTotal:         426284 kB
LowFree:           55020 kB
SwapTotal:       1048572 kB
SwapFree:         990292 kB
Dirty:                48 kB
Writeback:             0 kB
AnonPages:        712116 kB
Mapped:           432448 kB
Shmem:              1064 kB
Slab:              42852 kB
SReclaimable:      14216 kB
SUnreclaim:        28636 kB
KernelStack:       12056 kB
PageTables:        44164 kB
NFS_Unstable:          0 kB
Bounce:                0 kB
WritebackTmp:          0 kB
CommitLimit:     1980048 kB
Committed_AS:   87231944 kB
VmallocTotal:     458752 kB
VmallocUsed:      119404 kB
VmallocChunk:     167940 kB
Time pass: 273 sec

---2015-12-08 16:16:17
MemTotal:        1862952 kB
MemFree:           56792 kB
Buffers:           10272 kB
Cached:           595044 kB
SwapCached:         5428 kB
Active:           671540 kB
Inactive:         647436 kB
Active(anon):     369376 kB
Inactive(anon):   347716 kB
Active(file):     302164 kB
Inactive(file):   299720 kB
Unevictable:        2368 kB
Mlocked:               0 kB
HighTotal:       1436668 kB
HighFree:           3556 kB
LowTotal:         426284 kB
LowFree:           53236 kB
SwapTotal:       1048572 kB
SwapFree:         990312 kB
Dirty:                36 kB
Writeback:             0 kB
AnonPages:        712388 kB
Mapped:           432448 kB
Shmem:              1064 kB
Slab:              42788 kB
SReclaimable:      14216 kB
SUnreclaim:        28572 kB
KernelStack:       12056 kB
PageTables:        44168 kB
NFS_Unstable:          0 kB
Bounce:                0 kB
WritebackTmp:          0 kB
CommitLimit:     1980048 kB
Committed_AS:   87232056 kB
VmallocTotal:     458752 kB
VmallocUsed:      119484 kB
VmallocChunk:     167940 kB
Time pass: 277 sec

---2015-12-08 16:16:17
MemTotal:        1862952 kB
MemFree:           55964 kB
Buffers:           10288 kB
Cached:           595044 kB
SwapCached:         5428 kB
Active:           672676 kB
Inactive:         647368 kB
Active(anon):     370512 kB
Inactive(anon):   347632 kB
Active(file):     302164 kB
Inactive(file):   299736 kB
Unevictable:        2368 kB
Mlocked:               0 kB
HighTotal:       1436668 kB
HighFree:           2836 kB
LowTotal:         426284 kB
LowFree:           53128 kB
SwapTotal:       1048572 kB
SwapFree:         990312 kB
Dirty:                 0 kB
Writeback:             0 kB
AnonPages:        713496 kB
Mapped:           432448 kB
Shmem:              1064 kB
Slab:              42792 kB
SReclaimable:      14216 kB
SUnreclaim:        28576 kB
KernelStack:       12064 kB
PageTables:        44168 kB
NFS_Unstable:          0 kB
Bounce:                0 kB
WritebackTmp:          0 kB
CommitLimit:     1980048 kB
Committed_AS:   87232216 kB
VmallocTotal:     458752 kB
VmallocUsed:      119404 kB
VmallocChunk:     167940 kB
Time pass: 280 sec

---2015-12-08 16:16:17
MemTotal:        1862952 kB
MemFree:           55424 kB
Buffers:           10296 kB
Cached:           595036 kB
SwapCached:         5428 kB
Active:           672620 kB
Inactive:         647332 kB
Active(anon):     370456 kB
Inactive(anon):   347596 kB
Active(file):     302164 kB
Inactive(file):   299736 kB
Unevictable:        2368 kB
Mlocked:               0 kB
HighTotal:       1436668 kB
HighFree:           2808 kB
LowTotal:         426284 kB
LowFree:           52616 kB
SwapTotal:       1048572 kB
SwapFree:         990316 kB
Dirty:                 0 kB
Writeback:             0 kB
AnonPages:        713484 kB
Mapped:           432636 kB
Shmem:              1064 kB
Slab:              42764 kB
SReclaimable:      14216 kB
SUnreclaim:        28548 kB
KernelStack:       12096 kB
PageTables:        44140 kB
NFS_Unstable:          0 kB
Bounce:                0 kB
WritebackTmp:          0 kB
CommitLimit:     1980048 kB
Committed_AS:   87232312 kB
VmallocTotal:     458752 kB
VmallocUsed:      119484 kB
VmallocChunk:     167940 kB
Time pass: 284 sec

---2015-12-08 16:16:17
MemTotal:        1862952 kB
MemFree:           55904 kB
Buffers:           10312 kB
Cached:           595048 kB
SwapCached:         5428 kB
Active:           674064 kB
Inactive:         647276 kB
Active(anon):     371900 kB
Inactive(anon):   347512 kB
Active(file):     302164 kB
Inactive(file):   299764 kB
Unevictable:        2368 kB
Mlocked:               0 kB
HighTotal:       1436668 kB
HighFree:           2540 kB
LowTotal:         426284 kB
LowFree:           53364 kB
SwapTotal:       1048572 kB
SwapFree:         990328 kB
Dirty:                48 kB
Writeback:             0 kB
AnonPages:        714708 kB
Mapped:           432572 kB
Shmem:              1064 kB
Slab:              42760 kB
SReclaimable:      14216 kB
SUnreclaim:        28544 kB
KernelStack:       12064 kB
PageTables:        44168 kB
NFS_Unstable:          0 kB
Bounce:                0 kB
WritebackTmp:          0 kB
CommitLimit:     1980048 kB
Committed_AS:   87232440 kB
VmallocTotal:     458752 kB
VmallocUsed:      119404 kB
VmallocChunk:     167940 kB
Time pass: 287 sec

---2015-12-08 16:16:17
MemTotal:        1862952 kB
MemFree:           53848 kB
Buffers:           10312 kB
Cached:           595048 kB
SwapCached:         5428 kB
Active:           674860 kB
Inactive:         647132 kB
Active(anon):     372692 kB
Inactive(anon):   347372 kB
Active(file):     302168 kB
Inactive(file):   299760 kB
Unevictable:        2368 kB
Mlocked:               0 kB
HighTotal:       1436668 kB
HighFree:           2540 kB
LowTotal:         426284 kB
LowFree:           51308 kB
SwapTotal:       1048572 kB
SwapFree:         990340 kB
Dirty:                 4 kB
Writeback:             0 kB
AnonPages:        715188 kB
Mapped:           432632 kB
Shmem:              1064 kB
Slab:              42728 kB
SReclaimable:      14216 kB
SUnreclaim:        28512 kB
KernelStack:       12080 kB
PageTables:        44168 kB
NFS_Unstable:          0 kB
Bounce:                0 kB
WritebackTmp:          0 kB
CommitLimit:     1980048 kB
Committed_AS:   87232584 kB
VmallocTotal:     458752 kB
VmallocUsed:      119484 kB
VmallocChunk:     167940 kB
Time pass: 291 sec

---2015-12-08 16:16:17
MemTotal:        1862952 kB
MemFree:           53600 kB
Buffers:           10336 kB
Cached:           595048 kB
SwapCached:         5428 kB
Active:           675420 kB
Inactive:         647168 kB
Active(anon):     373252 kB
Inactive(anon):   347380 kB
Active(file):     302168 kB
Inactive(file):   299788 kB
Unevictable:        2368 kB
Mlocked:               0 kB
HighTotal:       1436668 kB
HighFree:           2572 kB
LowTotal:         426284 kB
LowFree:           51028 kB
SwapTotal:       1048572 kB
SwapFree:         990344 kB
Dirty:                44 kB
Writeback:             0 kB
AnonPages:        716000 kB
Mapped:           432632 kB
Shmem:              1064 kB
Slab:              42732 kB
SReclaimable:      14216 kB
SUnreclaim:        28516 kB
KernelStack:       12096 kB
PageTables:        44172 kB
NFS_Unstable:          0 kB
Bounce:                0 kB
WritebackTmp:          0 kB
CommitLimit:     1980048 kB
Committed_AS:   87232664 kB
VmallocTotal:     458752 kB
VmallocUsed:      119484 kB
VmallocChunk:     167940 kB
Time pass: 295 sec

---2015-12-08 16:16:17
MemTotal:        1862952 kB
MemFree:           53324 kB
Buffers:           10336 kB
Cached:           595048 kB
SwapCached:         5428 kB
Active:           676136 kB
Inactive:         647164 kB
Active(anon):     373968 kB
Inactive(anon):   347380 kB
Active(file):     302168 kB
Inactive(file):   299784 kB
Unevictable:        2368 kB
Mlocked:               0 kB
HighTotal:       1436668 kB
HighFree:           2572 kB
LowTotal:         426284 kB
LowFree:           50752 kB
SwapTotal:       1048572 kB
SwapFree:         990344 kB
Dirty:                44 kB
Writeback:             0 kB
AnonPages:        716844 kB
Mapped:           432632 kB
Shmem:              1064 kB
Slab:              42724 kB
SReclaimable:      14216 kB
SUnreclaim:        28508 kB
KernelStack:       12080 kB
PageTables:        44212 kB
NFS_Unstable:          0 kB
Bounce:                0 kB
WritebackTmp:          0 kB
CommitLimit:     1980048 kB
Committed_AS:   87232880 kB
VmallocTotal:     458752 kB
VmallocUsed:      119484 kB
VmallocChunk:     167940 kB
Time pass: 298 sec

---2015-12-08 16:16:17
MemTotal:        1862952 kB
MemFree:           52828 kB
Buffers:           10360 kB
Cached:           595048 kB
SwapCached:         5428 kB
Active:           676212 kB
Inactive:         647196 kB
Active(anon):     374044 kB
Inactive(anon):   347388 kB
Active(file):     302168 kB
Inactive(file):   299808 kB
Unevictable:        2368 kB
Mlocked:               0 kB
HighTotal:       1436668 kB
HighFree:           2540 kB
LowTotal:         426284 kB
LowFree:           50288 kB
SwapTotal:       1048572 kB
SwapFree:         990356 kB
Dirty:                44 kB
Writeback:             0 kB
AnonPages:        716732 kB
Mapped:           432456 kB
Shmem:              1064 kB
Slab:              42732 kB
SReclaimable:      14216 kB
SUnreclaim:        28516 kB
KernelStack:       12064 kB
PageTables:        44172 kB
NFS_Unstable:          0 kB
Bounce:                0 kB
WritebackTmp:          0 kB
CommitLimit:     1980048 kB
Committed_AS:   87232952 kB
VmallocTotal:     458752 kB
VmallocUsed:      119484 kB
VmallocChunk:     167940 kB
Time pass: 302 sec

---2015-12-08 16:16:17
MemTotal:        1862952 kB
MemFree:           53608 kB
Buffers:           10368 kB
Cached:           595040 kB
SwapCached:         5428 kB
Active:           675872 kB
Inactive:         647204 kB
Active(anon):     373704 kB
Inactive(anon):   347396 kB
Active(file):     302168 kB
Inactive(file):   299808 kB
Unevictable:        2368 kB
Mlocked:               0 kB
HighTotal:       1436668 kB
HighFree:           2544 kB
LowTotal:         426284 kB
LowFree:           51064 kB
SwapTotal:       1048572 kB
SwapFree:         990360 kB
Dirty:                 0 kB
Writeback:             0 kB
AnonPages:        716464 kB
Mapped:           432456 kB
Shmem:              1064 kB
Slab:              42780 kB
SReclaimable:      14216 kB
SUnreclaim:        28564 kB
KernelStack:       12064 kB
PageTables:        44172 kB
NFS_Unstable:          0 kB
Bounce:                0 kB
WritebackTmp:          0 kB
CommitLimit:     1980048 kB
Committed_AS:   87233040 kB
VmallocTotal:     458752 kB
VmallocUsed:      119404 kB
VmallocChunk:     167940 kB
Time pass: 306 sec

---2015-12-08 16:16:17
MemTotal:        1862952 kB
MemFree:           53220 kB
Buffers:           10384 kB
Cached:           595052 kB
SwapCached:         5428 kB
Active:           675856 kB
Inactive:         647228 kB
Active(anon):     373688 kB
Inactive(anon):   347392 kB
Active(file):     302168 kB
Inactive(file):   299836 kB
Unevictable:        2368 kB
Mlocked:               0 kB
HighTotal:       1436668 kB
HighFree:           2548 kB
LowTotal:         426284 kB
LowFree:           50672 kB
SwapTotal:       1048572 kB
SwapFree:         990364 kB
Dirty:                48 kB
Writeback:             0 kB
AnonPages:        716572 kB
Mapped:           432640 kB
Shmem:              1064 kB
Slab:              42752 kB
SReclaimable:      14216 kB
SUnreclaim:        28536 kB
KernelStack:       12064 kB
PageTables:        44172 kB
NFS_Unstable:          0 kB
Bounce:                0 kB
WritebackTmp:          0 kB
CommitLimit:     1980048 kB
Committed_AS:   87233232 kB
VmallocTotal:     458752 kB
VmallocUsed:      119484 kB
VmallocChunk:     167940 kB
Time pass: 310 sec

---2015-12-08 16:16:17
MemTotal:        1862952 kB
MemFree:           53320 kB
Buffers:           10392 kB
Cached:           595052 kB
SwapCached:         5428 kB
Active:           675480 kB
Inactive:         647228 kB
Active(anon):     373312 kB
Inactive(anon):   347392 kB
Active(file):     302168 kB
Inactive(file):   299836 kB
Unevictable:        2368 kB
Mlocked:               0 kB
HighTotal:       1436668 kB
HighFree:           3380 kB
LowTotal:         426284 kB
LowFree:           49940 kB
SwapTotal:       1048572 kB
SwapFree:         990364 kB
Dirty:                36 kB
Writeback:             0 kB
AnonPages:        716056 kB
Mapped:           432456 kB
Shmem:              1064 kB
Slab:              42760 kB
SReclaimable:      14216 kB
SUnreclaim:        28544 kB
KernelStack:       12064 kB
PageTables:        44248 kB
NFS_Unstable:          0 kB
Bounce:                0 kB
WritebackTmp:          0 kB
CommitLimit:     1980048 kB
Committed_AS:   87233296 kB
VmallocTotal:     458752 kB
VmallocUsed:      119484 kB
VmallocChunk:     167940 kB
Time pass: 313 sec

---2015-12-08 16:16:17
MemTotal:        1862952 kB
MemFree:           52716 kB
Buffers:           10408 kB
Cached:           595052 kB
SwapCached:         5428 kB
Active:           675844 kB
Inactive:         647228 kB
Active(anon):     373672 kB
Inactive(anon):   347372 kB
Active(file):     302172 kB
Inactive(file):   299856 kB
Unevictable:        2368 kB
Mlocked:               0 kB
HighTotal:       1436668 kB
HighFree:           3260 kB
LowTotal:         426284 kB
LowFree:           49456 kB
SwapTotal:       1048572 kB
SwapFree:         990372 kB
Dirty:                 0 kB
Writeback:             0 kB
AnonPages:        716292 kB
Mapped:           432640 kB
Shmem:              1064 kB
Slab:              42760 kB
SReclaimable:      14216 kB
SUnreclaim:        28544 kB
KernelStack:       12056 kB
PageTables:        44172 kB
NFS_Unstable:          0 kB
Bounce:                0 kB
WritebackTmp:          0 kB
CommitLimit:     1980048 kB
Committed_AS:   87233472 kB
VmallocTotal:     458752 kB
VmallocUsed:      119484 kB
VmallocChunk:     167940 kB
Time pass: 317 sec

---2015-12-08 16:16:17
MemTotal:        1862952 kB
MemFree:           53316 kB
Buffers:           10416 kB
Cached:           595052 kB
SwapCached:         5428 kB
Active:           675976 kB
Inactive:         647228 kB
Active(anon):     373804 kB
Inactive(anon):   347368 kB
Active(file):     302172 kB
Inactive(file):   299860 kB
Unevictable:        2368 kB
Mlocked:               0 kB
HighTotal:       1436668 kB
HighFree:           3624 kB
LowTotal:         426284 kB
LowFree:           49692 kB
SwapTotal:       1048572 kB
SwapFree:         990372 kB
Dirty:                32 kB
Writeback:             0 kB
AnonPages:        716428 kB
Mapped:           432640 kB
Shmem:              1064 kB
Slab:              42732 kB
SReclaimable:      14216 kB
SUnreclaim:        28516 kB
KernelStack:       12008 kB
PageTables:        44172 kB
NFS_Unstable:          0 kB
Bounce:                0 kB
WritebackTmp:          0 kB
CommitLimit:     1980048 kB
Committed_AS:   87233544 kB
VmallocTotal:     458752 kB
VmallocUsed:      119484 kB
VmallocChunk:     167940 kB
Time pass: 321 sec

---2015-12-08 16:16:17
MemTotal:        1862952 kB
MemFree:           52140 kB
Buffers:           10432 kB
Cached:           595052 kB
SwapCached:         5428 kB
Active:           676244 kB
Inactive:         647256 kB
Active(anon):     374072 kB
Inactive(anon):   347376 kB
Active(file):     302172 kB
Inactive(file):   299880 kB
Unevictable:        2368 kB
Mlocked:               0 kB
HighTotal:       1436668 kB
HighFree:           3244 kB
LowTotal:         426284 kB
LowFree:           48896 kB
SwapTotal:       1048572 kB
SwapFree:         990380 kB
Dirty:                 4 kB
Writeback:             0 kB
AnonPages:        716752 kB
Mapped:           432640 kB
Shmem:              1064 kB
Slab:              42728 kB
SReclaimable:      14216 kB
SUnreclaim:        28512 kB
KernelStack:       12048 kB
PageTables:        44172 kB
NFS_Unstable:          0 kB
Bounce:                0 kB
WritebackTmp:          0 kB
CommitLimit:     1980048 kB
Committed_AS:   87233616 kB
VmallocTotal:     458752 kB
VmallocUsed:      119484 kB
VmallocChunk:     167940 kB
Time pass: 324 sec

---2015-12-08 16:16:17
MemTotal:        1862952 kB
MemFree:           51464 kB
Buffers:           10440 kB
Cached:           595044 kB
SwapCached:         5428 kB
Active:           677292 kB
Inactive:         647256 kB
Active(anon):     375120 kB
Inactive(anon):   347376 kB
Active(file):     302172 kB
Inactive(file):   299880 kB
Unevictable:        2368 kB
Mlocked:               0 kB
HighTotal:       1436668 kB
HighFree:           2660 kB
LowTotal:         426284 kB
LowFree:           48804 kB
SwapTotal:       1048572 kB
SwapFree:         990388 kB
Dirty:                 4 kB
Writeback:             0 kB
AnonPages:        717772 kB
Mapped:           432660 kB
Shmem:              1064 kB
Slab:              42764 kB
SReclaimable:      14216 kB
SUnreclaim:        28548 kB
KernelStack:       12120 kB
PageTables:        44176 kB
NFS_Unstable:          0 kB
Bounce:                0 kB
WritebackTmp:          0 kB
CommitLimit:     1980048 kB
Committed_AS:   87233864 kB
VmallocTotal:     458752 kB
VmallocUsed:      119404 kB
VmallocChunk:     167940 kB
Time pass: 328 sec

---2015-12-08 16:16:17
MemTotal:        1862952 kB
MemFree:           50360 kB
Buffers:           10456 kB
Cached:           595052 kB
SwapCached:         5424 kB
Active:           678128 kB
Inactive:         647256 kB
Active(anon):     375956 kB
Inactive(anon):   347368 kB
Active(file):     302172 kB
Inactive(file):   299888 kB
Unevictable:        2368 kB
Mlocked:               0 kB
HighTotal:       1436668 kB
HighFree:           2532 kB
LowTotal:         426284 kB
LowFree:           47828 kB
SwapTotal:       1048572 kB
SwapFree:         990456 kB
Dirty:                44 kB
Writeback:             0 kB
AnonPages:        718696 kB
Mapped:           432720 kB
Shmem:              1064 kB
Slab:              42736 kB
SReclaimable:      14216 kB
SUnreclaim:        28520 kB
KernelStack:       12080 kB
PageTables:        44176 kB
NFS_Unstable:          0 kB
Bounce:                0 kB
WritebackTmp:          0 kB
CommitLimit:     1980048 kB
Committed_AS:   87228348 kB
VmallocTotal:     458752 kB
VmallocUsed:      119484 kB
VmallocChunk:     167940 kB
Time pass: 332 sec

---2015-12-08 16:16:17
MemTotal:        1862952 kB
MemFree:           50784 kB
Buffers:           10488 kB
Cached:           595148 kB
SwapCached:         5424 kB
Active:           677964 kB
Inactive:         647700 kB
Active(anon):     376076 kB
Inactive(anon):   347384 kB
Active(file):     301888 kB
Inactive(file):   300316 kB
Unevictable:        2368 kB
Mlocked:               0 kB
HighTotal:       1436668 kB
HighFree:           3152 kB
LowTotal:         426284 kB
LowFree:           47632 kB
SwapTotal:       1048572 kB
SwapFree:         990460 kB
Dirty:                92 kB
Writeback:             0 kB
AnonPages:        718796 kB
Mapped:           432552 kB
