---2015-12-05 14:07:44
MemTotal:        2905316 kB
MemFree:           97668 kB
Buffers:           27220 kB
Cached:          1415180 kB
SwapCached:            0 kB
Active:          1263204 kB
Inactive:        1042316 kB
Active(anon):     757580 kB
Inactive(anon):   145996 kB
Active(file):     505624 kB
Inactive(file):   896320 kB
Unevictable:        7488 kB
Mlocked:               0 kB
SwapTotal:        720184 kB
SwapFree:         720184 kB
Dirty:                12 kB
Writeback:             0 kB
AnonPages:        870472 kB
Mapped:           531676 kB
Shmem:             32964 kB
Slab:             118956 kB
SReclaimable:      35940 kB
SUnreclaim:        83016 kB
KernelStack:       33040 kB
PageTables:        56216 kB
NFS_Unstable:          0 kB
Bounce:                0 kB
WritebackTmp:          0 kB
CommitLimit:     2172840 kB
Committed_AS:   94699952 kB
VmallocTotal:   251658176 kB
VmallocUsed:      136652 kB
VmallocChunk:   251431980 kB
Time pass: 3 sec

---2015-12-05 14:07:44
MemTotal:        2905316 kB
MemFree:           96464 kB
Buffers:           27220 kB
Cached:          1415580 kB
SwapCached:            0 kB
Active:          1264052 kB
Inactive:        1042704 kB
Active(anon):     758412 kB
Inactive(anon):   145996 kB
Active(file):     505640 kB
Inactive(file):   896708 kB
Unevictable:        7488 kB
Mlocked:               0 kB
SwapTotal:        720184 kB
SwapFree:         720184 kB
Dirty:               124 kB
Writeback:             0 kB
AnonPages:        871424 kB
Mapped:           531896 kB
Shmem:             32964 kB
Slab:             119136 kB
SReclaimable:      35956 kB
SUnreclaim:        83180 kB
KernelStack:       33072 kB
PageTables:        56224 kB
NFS_Unstable:          0 kB
Bounce:                0 kB
WritebackTmp:          0 kB
CommitLimit:     2172840 kB
Committed_AS:   94699844 kB
VmallocTotal:   251658176 kB
VmallocUsed:      136652 kB
VmallocChunk:   251431980 kB
Time pass: 7 sec

---2015-12-05 14:07:44
MemTotal:        2905316 kB
MemFree:           95212 kB
Buffers:           27236 kB
Cached:          1415588 kB
SwapCached:            0 kB
Active:          1264772 kB
Inactive:        1042696 kB
Active(anon):     759108 kB
Inactive(anon):   145996 kB
Active(file):     505664 kB
Inactive(file):   896700 kB
Unevictable:        7488 kB
Mlocked:               0 kB
SwapTotal:        720184 kB
SwapFree:         720184 kB
Dirty:                60 kB
Writeback:             0 kB
AnonPages:        871952 kB
Mapped:           532084 kB
Shmem:             32964 kB
Slab:             118956 kB
SReclaimable:      35956 kB
SUnreclaim:        83000 kB
KernelStack:       33024 kB
PageTables:        56244 kB
NFS_Unstable:          0 kB
Bounce:                0 kB
WritebackTmp:          0 kB
CommitLimit:     2172840 kB
Committed_AS:   94699816 kB
VmallocTotal:   251658176 kB
VmallocUsed:      136652 kB
VmallocChunk:   251431980 kB
Time pass: 11 sec

---2015-12-05 14:07:44
MemTotal:        2905316 kB
MemFree:           90292 kB
Buffers:           27276 kB
Cached:          1416820 kB
SwapCached:            0 kB
Active:          1268548 kB
Inactive:        1043736 kB
Active(anon):     762864 kB
Inactive(anon):   145996 kB
Active(file):     505684 kB
Inactive(file):   897740 kB
Unevictable:        7488 kB
Mlocked:               0 kB
SwapTotal:        720184 kB
SwapFree:         720184 kB
Dirty:                92 kB
Writeback:             0 kB
AnonPages:        876068 kB
Mapped:           533008 kB
Shmem:             32964 kB
Slab:             119212 kB
SReclaimable:      35972 kB
SUnreclaim:        83240 kB
KernelStack:       33280 kB
PageTables:        56240 kB
NFS_Unstable:          0 kB
Bounce:                0 kB
WritebackTmp:          0 kB
CommitLimit:     2172840 kB
Committed_AS:   94702600 kB
VmallocTotal:   251658176 kB
VmallocUsed:      136652 kB
VmallocChunk:   251431980 kB
Time pass: 15 sec

---2015-12-05 14:07:44
MemTotal:        2905316 kB
MemFree:           66476 kB
Buffers:           27300 kB
Cached:          1410420 kB
SwapCached:            0 kB
Active:          1275156 kB
Inactive:        1035384 kB
Active(anon):     766076 kB
Inactive(anon):   147592 kB
Active(file):     509080 kB
Inactive(file):   887792 kB
Unevictable:        7488 kB
Mlocked:               0 kB
SwapTotal:        720184 kB
SwapFree:         720184 kB
Dirty:                92 kB
Writeback:             0 kB
AnonPages:        881052 kB
Mapped:           532084 kB
Shmem:             33024 kB
Slab:             119076 kB
SReclaimable:      35972 kB
SUnreclaim:        83104 kB
KernelStack:       33200 kB
PageTables:        56600 kB
NFS_Unstable:          0 kB
Bounce:                0 kB
WritebackTmp:          0 kB
CommitLimit:     2172840 kB
Committed_AS:   97651412 kB
VmallocTotal:   251658176 kB
VmallocUsed:      137536 kB
VmallocChunk:   251431980 kB
Time pass: 18 sec

---2015-12-05 14:07:44
MemTotal:        2905316 kB
MemFree:           66756 kB
Buffers:           27864 kB
Cached:          1302412 kB
SwapCached:            0 kB
Active:          1305996 kB
Inactive:         929580 kB
Active(anon):     780812 kB
Inactive(anon):   165132 kB
Active(file):     525184 kB
Inactive(file):   764448 kB
Unevictable:        7488 kB
Mlocked:               0 kB
SwapTotal:        720184 kB
SwapFree:         720184 kB
Dirty:              1620 kB
Writeback:             0 kB
AnonPages:        913116 kB
Mapped:           596792 kB
Shmem:             33160 kB
Slab:             119644 kB
SReclaimable:      36212 kB
SUnreclaim:        83432 kB
KernelStack:       34144 kB
PageTables:        56960 kB
NFS_Unstable:          0 kB
Bounce:                0 kB
WritebackTmp:          0 kB
CommitLimit:     2172840 kB
Committed_AS:   94304664 kB
VmallocTotal:   251658176 kB
VmallocUsed:      137172 kB
VmallocChunk:   251431980 kB
Time pass: 22 sec

---2015-12-05 14:07:44
MemTotal:        2905316 kB
MemFree:           72708 kB
Buffers:           27784 kB
Cached:          1274820 kB
SwapCached:            0 kB
Active:          1286780 kB
Inactive:         907312 kB
Active(anon):     761112 kB
Inactive(anon):   169108 kB
Active(file):     525668 kB
Inactive(file):   738204 kB
Unevictable:        7488 kB
Mlocked:               0 kB
SwapTotal:        720184 kB
SwapFree:         720184 kB
Dirty:               140 kB
Writeback:             0 kB
AnonPages:        898968 kB
Mapped:           624444 kB
Shmem:             31244 kB
Slab:             119588 kB
SReclaimable:      36276 kB
SUnreclaim:        83312 kB
KernelStack:       34272 kB
PageTables:        56896 kB
NFS_Unstable:          0 kB
Bounce:                0 kB
WritebackTmp:          0 kB
CommitLimit:     2172840 kB
Committed_AS:   94295852 kB
VmallocTotal:   251658176 kB
VmallocUsed:      137488 kB
VmallocChunk:   251431980 kB
Time pass: 25 sec

---2015-12-05 14:07:44
MemTotal:        2905316 kB
MemFree:           72236 kB
Buffers:           27800 kB
Cached:          1274856 kB
SwapCached:            0 kB
Active:          1288168 kB
Inactive:         907356 kB
Active(anon):     762500 kB
Inactive(anon):   169108 kB
Active(file):     525668 kB
Inactive(file):   738248 kB
Unevictable:        7488 kB
Mlocked:               0 kB
SwapTotal:        720184 kB
SwapFree:         720184 kB
Dirty:               144 kB
Writeback:             0 kB
AnonPages:        900372 kB
Mapped:           624460 kB
Shmem:             31244 kB
Slab:             119752 kB
SReclaimable:      36420 kB
SUnreclaim:        83332 kB
KernelStack:       34272 kB
PageTables:        56908 kB
NFS_Unstable:          0 kB
Bounce:                0 kB
WritebackTmp:          0 kB
CommitLimit:     2172840 kB
Committed_AS:   94295744 kB
VmallocTotal:   251658176 kB
VmallocUsed:      137488 kB
VmallocChunk:   251431980 kB
Time pass: 29 sec

---2015-12-05 14:07:44
MemTotal:        2905316 kB
MemFree:           72016 kB
Buffers:           27808 kB
Cached:          1274868 kB
SwapCached:            0 kB
Active:          1288216 kB
Inactive:         907368 kB
Active(anon):     762536 kB
Inactive(anon):   169108 kB
Active(file):     525680 kB
Inactive(file):   738260 kB
Unevictable:        7488 kB
Mlocked:               0 kB
SwapTotal:        720184 kB
SwapFree:         720184 kB
Dirty:                 0 kB
Writeback:             0 kB
AnonPages:        900516 kB
Mapped:           624476 kB
Shmem:             31244 kB
Slab:             119948 kB
SReclaimable:      36420 kB
SUnreclaim:        83528 kB
KernelStack:       34272 kB
PageTables:        56904 kB
NFS_Unstable:          0 kB
Bounce:                0 kB
WritebackTmp:          0 kB
CommitLimit:     2172840 kB
Committed_AS:   94295744 kB
VmallocTotal:   251658176 kB
VmallocUsed:      137488 kB
VmallocChunk:   251431980 kB
Time pass: 33 sec

---2015-12-05 14:07:44
MemTotal:        2905316 kB
MemFree:           72904 kB
Buffers:           27816 kB
Cached:          1274656 kB
SwapCached:            0 kB
Active:          1287420 kB
Inactive:         907080 kB
Active(anon):     761732 kB
Inactive(anon):   168812 kB
Active(file):     525688 kB
Inactive(file):   738268 kB
Unevictable:        7488 kB
Mlocked:               0 kB
SwapTotal:        720184 kB
SwapFree:         720184 kB
Dirty:                56 kB
Writeback:             0 kB
AnonPages:        899896 kB
Mapped:           624348 kB
Shmem:             31024 kB
Slab:             119936 kB
SReclaimable:      36420 kB
SUnreclaim:        83516 kB
KernelStack:       34272 kB
PageTables:        56908 kB
NFS_Unstable:          0 kB
Bounce:                0 kB
WritebackTmp:          0 kB
CommitLimit:     2172840 kB
Committed_AS:   94293588 kB
VmallocTotal:   251658176 kB
VmallocUsed:      137488 kB
VmallocChunk:   251431980 kB
Time pass: 36 sec

---2015-12-05 14:07:44
MemTotal:        2905316 kB
MemFree:           71040 kB
Buffers:           29352 kB
Cached:          1274720 kB
SwapCached:            0 kB
Active:          1288444 kB
Inactive:         908688 kB
Active(anon):     762740 kB
Inactive(anon):   168752 kB
Active(file):     525704 kB
Inactive(file):   739936 kB
Unevictable:        7488 kB
Mlocked:               0 kB
SwapTotal:        720184 kB
SwapFree:         720184 kB
Dirty:                 0 kB
Writeback:             4 kB
AnonPages:        900716 kB
Mapped:           624276 kB
Shmem:             30888 kB
Slab:             120044 kB
SReclaimable:      36420 kB
SUnreclaim:        83624 kB
KernelStack:       34288 kB
PageTables:        56900 kB
NFS_Unstable:          0 kB
Bounce:                0 kB
WritebackTmp:          0 kB
CommitLimit:     2172840 kB
Committed_AS:   94293568 kB
VmallocTotal:   251658176 kB
VmallocUsed:      137488 kB
VmallocChunk:   251431980 kB
Time pass: 40 sec

---2015-12-05 14:07:44
MemTotal:        2905316 kB
MemFree:           73488 kB
Buffers:           27452 kB
Cached:          1226852 kB
SwapCached:            0 kB
Active:          1276916 kB
Inactive:         862100 kB
Active(anon):     748708 kB
Inactive(anon):   174384 kB
Active(file):     528208 kB
Inactive(file):   687716 kB
Unevictable:        7488 kB
Mlocked:               0 kB
SwapTotal:        720184 kB
SwapFree:         720184 kB
Dirty:               228 kB
Writeback:            72 kB
AnonPages:        892392 kB
Mapped:           635032 kB
Shmem:             30892 kB
Slab:             119776 kB
SReclaimable:      36384 kB
SUnreclaim:        83392 kB
KernelStack:       34144 kB
PageTables:        56724 kB
NFS_Unstable:          0 kB
Bounce:                0 kB
WritebackTmp:          0 kB
CommitLimit:     2172840 kB
Committed_AS:   93585720 kB
VmallocTotal:   251658176 kB
VmallocUsed:      136724 kB
VmallocChunk:   251431980 kB
Time pass: 44 sec

---2015-12-05 14:07:44
MemTotal:        2905316 kB
MemFree:           79424 kB
Buffers:           25820 kB
Cached:          1203952 kB
SwapCached:            0 kB
Active:          1283916 kB
Inactive:         839928 kB
Active(anon):     755236 kB
Inactive(anon):   177328 kB
Active(file):     528680 kB
Inactive(file):   662600 kB
Unevictable:        7488 kB
Mlocked:               0 kB
SwapTotal:        720184 kB
SwapFree:         720184 kB
Dirty:               356 kB
Writeback:             0 kB
AnonPages:        901880 kB
Mapped:           640860 kB
Shmem:             30892 kB
Slab:             119896 kB
SReclaimable:      36368 kB
SUnreclaim:        83528 kB
KernelStack:       34144 kB
PageTables:        56812 kB
NFS_Unstable:          0 kB
Bounce:                0 kB
WritebackTmp:          0 kB
CommitLimit:     2172840 kB
Committed_AS:   93634704 kB
VmallocTotal:   251658176 kB
VmallocUsed:      136772 kB
VmallocChunk:   251431980 kB
Time pass: 48 sec

---2015-12-05 14:07:44
MemTotal:        2905316 kB
MemFree:           70988 kB
Buffers:           26396 kB
Cached:          1164852 kB
SwapCached:            0 kB
Active:          1303964 kB
Inactive:         804436 kB
Active(anon):     770524 kB
Inactive(anon):   185328 kB
Active(file):     533440 kB
Inactive(file):   619108 kB
Unevictable:        7488 kB
Mlocked:               0 kB
SwapTotal:        720184 kB
SwapFree:         720184 kB
Dirty:              1648 kB
Writeback:             0 kB
AnonPages:        924984 kB
Mapped:           675600 kB
Shmem:             30956 kB
Slab:             120072 kB
SReclaimable:      36224 kB
SUnreclaim:        83848 kB
KernelStack:       34368 kB
PageTables:        56828 kB
NFS_Unstable:          0 kB
Bounce:                0 kB
WritebackTmp:          0 kB
CommitLimit:     2172840 kB
Committed_AS:   93651624 kB
VmallocTotal:   251658176 kB
VmallocUsed:      136996 kB
VmallocChunk:   251431980 kB
Time pass: 51 sec

---2015-12-05 14:07:44
MemTotal:        2905316 kB
MemFree:           72696 kB
Buffers:           26264 kB
Cached:          1148952 kB
SwapCached:            0 kB
Active:          1299996 kB
Inactive:         786044 kB
Active(anon):     759592 kB
Inactive(anon):   189680 kB
Active(file):     540404 kB
Inactive(file):   596364 kB
Unevictable:        7488 kB
Mlocked:               0 kB
SwapTotal:        720184 kB
SwapFree:         720184 kB
Dirty:               488 kB
Writeback:             0 kB
AnonPages:        918304 kB
Mapped:           696612 kB
Shmem:             30956 kB
Slab:             120196 kB
SReclaimable:      36208 kB
SUnreclaim:        83988 kB
KernelStack:       34352 kB
PageTables:        56896 kB
NFS_Unstable:          0 kB
Bounce:                0 kB
WritebackTmp:          0 kB
CommitLimit:     2172840 kB
Committed_AS:   93640464 kB
VmallocTotal:   251658176 kB
VmallocUsed:      137188 kB
VmallocChunk:   251431980 kB
Time pass: 55 sec

---2015-12-05 14:07:44
MemTotal:        2905316 kB
MemFree:           72240 kB
Buffers:           26272 kB
Cached:          1149420 kB
SwapCached:            0 kB
Active:          1300832 kB
Inactive:         786352 kB
Active(anon):     760424 kB
Inactive(anon):   189680 kB
Active(file):     540408 kB
Inactive(file):   596672 kB
Unevictable:        7488 kB
Mlocked:               0 kB
SwapTotal:        720184 kB
SwapFree:         720184 kB
Dirty:               152 kB
Writeback:           220 kB
AnonPages:        919332 kB
Mapped:           696676 kB
Shmem:             30956 kB
Slab:             120076 kB
SReclaimable:      36208 kB
SUnreclaim:        83868 kB
KernelStack:       34272 kB
PageTables:        56920 kB
NFS_Unstable:          0 kB
Bounce:                0 kB
WritebackTmp:          0 kB
CommitLimit:     2172840 kB
Committed_AS:   93640828 kB
VmallocTotal:   251658176 kB
VmallocUsed:      137188 kB
VmallocChunk:   251431980 kB
Time pass: 59 sec

---2015-12-05 14:07:44
MemTotal:        2905316 kB
MemFree:           71996 kB
Buffers:           24520 kB
Cached:          1134692 kB
SwapCached:            0 kB
Active:          1301444 kB
Inactive:         771080 kB
Active(anon):     759728 kB
Inactive(anon):   192112 kB
Active(file):     541716 kB
Inactive(file):   578968 kB
Unevictable:        7488 kB
Mlocked:               0 kB
SwapTotal:        720184 kB
SwapFree:         720184 kB
Dirty:               320 kB
Writeback:             0 kB
AnonPages:        920956 kB
Mapped:           706928 kB
Shmem:             30956 kB
Slab:             120172 kB
SReclaimable:      36192 kB
SUnreclaim:        83980 kB
KernelStack:       34144 kB
PageTables:        56928 kB
NFS_Unstable:          0 kB
Bounce:                0 kB
WritebackTmp:          0 kB
CommitLimit:     2172840 kB
Committed_AS:   93642192 kB
VmallocTotal:   251658176 kB
VmallocUsed:      137324 kB
VmallocChunk:   251431980 kB
Time pass: 63 sec

---2015-12-05 14:07:44
MemTotal:        2905316 kB
MemFree:           70500 kB
Buffers:           24520 kB
Cached:          1135880 kB
SwapCached:            0 kB
Active:          1301900 kB
Inactive:         772328 kB
Active(anon):     760164 kB
Inactive(anon):   192112 kB
Active(file):     541736 kB
Inactive(file):   580216 kB
Unevictable:        7488 kB
Mlocked:               0 kB
SwapTotal:        720184 kB
SwapFree:         720184 kB
Dirty:               164 kB
Writeback:             0 kB
AnonPages:        921224 kB
Mapped:           707744 kB
Shmem:             30956 kB
Slab:             120104 kB
SReclaimable:      36208 kB
SUnreclaim:        83896 kB
KernelStack:       34128 kB
PageTables:        56928 kB
NFS_Unstable:          0 kB
Bounce:                0 kB
WritebackTmp:          0 kB
CommitLimit:     2172840 kB
Committed_AS:   93642220 kB
VmallocTotal:   251658176 kB
VmallocUsed:      137324 kB
VmallocChunk:   251431980 kB
Time pass: 66 sec

---2015-12-05 14:07:44
MemTotal:        2905316 kB
MemFree:           80592 kB
Buffers:           24296 kB
Cached:          1104812 kB
SwapCached:            0 kB
Active:          1308504 kB
Inactive:         739932 kB
Active(anon):     764688 kB
Inactive(anon):   193392 kB
Active(file):     543816 kB
Inactive(file):   546540 kB
Unevictable:        7488 kB
Mlocked:               0 kB
SwapTotal:        720184 kB
SwapFree:         720184 kB
Dirty:               512 kB
Writeback:             0 kB
AnonPages:        927288 kB
Mapped:           718896 kB
Shmem:             30956 kB
Slab:             118024 kB
SReclaimable:      33968 kB
SUnreclaim:        84056 kB
KernelStack:       34128 kB
PageTables:        56940 kB
NFS_Unstable:          0 kB
Bounce:                0 kB
WritebackTmp:          0 kB
CommitLimit:     2172840 kB
Committed_AS:   93653136 kB
VmallocTotal:   251658176 kB
VmallocUsed:      137484 kB
VmallocChunk:   251431980 kB
Time pass: 70 sec

---2015-12-05 14:07:44
MemTotal:        2905316 kB
MemFree:           75500 kB
Buffers:           24304 kB
Cached:          1104628 kB
SwapCached:            0 kB
Active:          1309364 kB
Inactive:         740008 kB
Active(anon):     765368 kB
Inactive(anon):   193520 kB
Active(file):     543996 kB
Inactive(file):   546488 kB
Unevictable:        7488 kB
Mlocked:               0 kB
SwapTotal:        720184 kB
SwapFree:         720184 kB
Dirty:                76 kB
Writeback:             0 kB
AnonPages:        927900 kB
Mapped:           721116 kB
Shmem:             30956 kB
Slab:             120216 kB
SReclaimable:      36272 kB
SUnreclaim:        83944 kB
KernelStack:       34112 kB
PageTables:        56868 kB
NFS_Unstable:          0 kB
Bounce:                0 kB
WritebackTmp:          0 kB
CommitLimit:     2172840 kB
Committed_AS:   93653452 kB
VmallocTotal:   251658176 kB
VmallocUsed:      137508 kB
VmallocChunk:   251431980 kB
Time pass: 74 sec

---2015-12-05 14:07:44
MemTotal:        2905316 kB
MemFree:           68488 kB
Buffers:           25000 kB
Cached:          1088620 kB
SwapCached:            0 kB
Active:          1322004 kB
Inactive:         732212 kB
Active(anon):     787016 kB
Inactive(anon):   197136 kB
Active(file):     534988 kB
Inactive(file):   535076 kB
Unevictable:       12452 kB
Mlocked:               0 kB
SwapTotal:        720184 kB
SwapFree:         720156 kB
Dirty:               576 kB
Writeback:            12 kB
AnonPages:        953156 kB
Mapped:           726132 kB
Shmem:             31104 kB
Slab:             117928 kB
SReclaimable:      33856 kB
SUnreclaim:        84072 kB
KernelStack:       34496 kB
PageTables:        57140 kB
NFS_Unstable:          0 kB
Bounce:                0 kB
WritebackTmp:          0 kB
CommitLimit:     2172840 kB
Committed_AS:   93728096 kB
VmallocTotal:   251658176 kB
VmallocUsed:      139956 kB
VmallocChunk:   251431980 kB
Time pass: 78 sec

---2015-12-05 14:07:44
MemTotal:        2905316 kB
MemFree:           70552 kB
Buffers:           24564 kB
Cached:          1048268 kB
SwapCached:            0 kB
Active:          1303388 kB
Inactive:         712044 kB
Active(anon):     788960 kB
Inactive(anon):   197308 kB
Active(file):     514428 kB
Inactive(file):   514736 kB
Unevictable:       12452 kB
Mlocked:               0 kB
SwapTotal:        720184 kB
SwapFree:         720156 kB
Dirty:                20 kB
Writeback:             0 kB
AnonPages:        955180 kB
Mapped:           719608 kB
Shmem:             31228 kB
Slab:             120368 kB
SReclaimable:      36144 kB
SUnreclaim:        84224 kB
KernelStack:       34512 kB
PageTables:        57188 kB
NFS_Unstable:          0 kB
Bounce:                0 kB
WritebackTmp:          0 kB
CommitLimit:     2172840 kB
Committed_AS:   93729396 kB
VmallocTotal:   251658176 kB
VmallocUsed:      139956 kB
VmallocChunk:   251431980 kB
Time pass: 82 sec

---2015-12-05 14:07:44
MemTotal:        2905316 kB
MemFree:           66200 kB
Buffers:           24604 kB
Cached:          1050252 kB
SwapCached:            0 kB
Active:          1306496 kB
Inactive:         713992 kB
Active(anon):     792092 kB
Inactive(anon):   197316 kB
Active(file):     514404 kB
Inactive(file):   516676 kB
Unevictable:       12456 kB
Mlocked:               0 kB
SwapTotal:        720184 kB
SwapFree:         720156 kB
Dirty:               204 kB
Writeback:             0 kB
AnonPages:        958064 kB
Mapped:           720032 kB
Shmem:             31320 kB
Slab:             120332 kB
SReclaimable:      36176 kB
SUnreclaim:        84156 kB
KernelStack:       34544 kB
PageTables:        57364 kB
NFS_Unstable:          0 kB
Bounce:                0 kB
WritebackTmp:          0 kB
CommitLimit:     2172840 kB
Committed_AS:   93732360 kB
VmallocTotal:   251658176 kB
VmallocUsed:      139956 kB
VmallocChunk:   251431980 kB
Time pass: 85 sec

---2015-12-05 14:07:44
MemTotal:        2905316 kB
MemFree:           65236 kB
Buffers:           24612 kB
Cached:          1050512 kB
SwapCached:            0 kB
Active:          1306884 kB
Inactive:         714224 kB
Active(anon):     792444 kB
Inactive(anon):   197540 kB
Active(file):     514440 kB
Inactive(file):   516684 kB
Unevictable:       12456 kB
Mlocked:               0 kB
SwapTotal:        720184 kB
SwapFree:         720156 kB
Dirty:                 8 kB
Writeback:             0 kB
AnonPages:        958536 kB
Mapped:           720264 kB
Shmem:             31544 kB
Slab:             120452 kB
SReclaimable:      36176 kB
SUnreclaim:        84276 kB
KernelStack:       34544 kB
PageTables:        57360 kB
NFS_Unstable:          0 kB
Bounce:                0 kB
WritebackTmp:          0 kB
CommitLimit:     2172840 kB
Committed_AS:   93733240 kB
VmallocTotal:   251658176 kB
VmallocUsed:      139956 kB
VmallocChunk:   251431980 kB
Time pass: 89 sec

---2015-12-05 14:07:44
MemTotal:        2905316 kB
MemFree:           63872 kB
Buffers:           24636 kB
Cached:          1050616 kB
SwapCached:            0 kB
Active:          1308088 kB
Inactive:         714292 kB
Active(anon):     793612 kB
Inactive(anon):   197548 kB
Active(file):     514476 kB
Inactive(file):   516744 kB
Unevictable:       12456 kB
Mlocked:               0 kB
SwapTotal:        720184 kB
SwapFree:         720156 kB
Dirty:               184 kB
Writeback:             0 kB
AnonPages:        959776 kB
Mapped:           720348 kB
Shmem:             31556 kB
Slab:             120496 kB
SReclaimable:      36176 kB
SUnreclaim:        84320 kB
KernelStack:       34544 kB
PageTables:        57384 kB
NFS_Unstable:          0 kB
Bounce:                0 kB
WritebackTmp:          0 kB
CommitLimit:     2172840 kB
Committed_AS:   93733256 kB
VmallocTotal:   251658176 kB
VmallocUsed:      139956 kB
VmallocChunk:   251431980 kB
Time pass: 93 sec

---2015-12-05 14:07:44
MemTotal:        2905316 kB
MemFree:           62872 kB
Buffers:           24652 kB
Cached:          1050656 kB
SwapCached:            0 kB
Active:          1308636 kB
Inactive:         714328 kB
Active(anon):     794120 kB
Inactive(anon):   197548 kB
Active(file):     514516 kB
Inactive(file):   516780 kB
Unevictable:       12456 kB
Mlocked:               0 kB
SwapTotal:        720184 kB
SwapFree:         720156 kB
Dirty:               116 kB
Writeback:             0 kB
AnonPages:        960216 kB
Mapped:           720364 kB
Shmem:             31556 kB
Slab:             120528 kB
SReclaimable:      36176 kB
SUnreclaim:        84352 kB
KernelStack:       34512 kB
PageTables:        57384 kB
NFS_Unstable:          0 kB
Bounce:                0 kB
WritebackTmp:          0 kB
CommitLimit:     2172840 kB
Committed_AS:   93733256 kB
VmallocTotal:   251658176 kB
VmallocUsed:      139956 kB
VmallocChunk:   251431980 kB
Time pass: 97 sec

---2015-12-05 14:07:44
MemTotal:        2905316 kB
MemFree:           88228 kB
Buffers:           24660 kB
Cached:          1043464 kB
SwapCached:            0 kB
Active:          1293840 kB
Inactive:         710640 kB
Active(anon):     781768 kB
Inactive(anon):   198416 kB
Active(file):     512072 kB
Inactive(file):   512224 kB
Unevictable:       12456 kB
Mlocked:               0 kB
SwapTotal:        720184 kB
SwapFree:         720156 kB
Dirty:                64 kB
Writeback:             0 kB
AnonPages:        949016 kB
Mapped:           717212 kB
Shmem:             31128 kB
Slab:             120640 kB
SReclaimable:      36192 kB
SUnreclaim:        84448 kB
KernelStack:       34608 kB
PageTables:        57476 kB
NFS_Unstable:          0 kB
Bounce:                0 kB
WritebackTmp:          0 kB
CommitLimit:     2172840 kB
Committed_AS:   93704888 kB
VmallocTotal:   251658176 kB
VmallocUsed:      139908 kB
VmallocChunk:   251431980 kB
Time pass: 100 sec

---2015-12-05 14:07:44
MemTotal:        2905316 kB
MemFree:          350628 kB
Buffers:           24700 kB
Cached:          1044652 kB
SwapCached:            0 kB
Active:          1215472 kB
Inactive:         711496 kB
Active(anon):     702932 kB
Inactive(anon):   198376 kB
Active(file):     512540 kB
Inactive(file):   513120 kB
Unevictable:       12456 kB
Mlocked:               0 kB
SwapTotal:        720184 kB
SwapFree:         720156 kB
Dirty:               300 kB
Writeback:             0 kB
AnonPages:        870044 kB
Mapped:           534964 kB
Shmem:             31236 kB
Slab:             120260 kB
SReclaimable:      36080 kB
SUnreclaim:        84180 kB
KernelStack:       32640 kB
PageTables:        54588 kB
NFS_Unstable:          0 kB
Bounce:                0 kB
WritebackTmp:          0 kB
CommitLimit:     2172840 kB
Committed_AS:   91584068 kB
VmallocTotal:   251658176 kB
VmallocUsed:      136264 kB
VmallocChunk:   251431980 kB
Time pass: 104 sec

---2015-12-05 14:07:44
MemTotal:        2905316 kB
MemFree:          246112 kB
Buffers:           25076 kB
Cached:          1046548 kB
SwapCached:            0 kB
Active:          1245040 kB
Inactive:         711664 kB
Active(anon):     730464 kB
Inactive(anon):   198516 kB
Active(file):     514576 kB
Inactive(file):   513148 kB
Unevictable:       12456 kB
Mlocked:               0 kB
SwapTotal:        720184 kB
SwapFree:         720156 kB
Dirty:              2180 kB
Writeback:             0 kB
AnonPages:        897796 kB
Mapped:           617084 kB
Shmem:             31376 kB
Slab:             119948 kB
SReclaimable:      36080 kB
SUnreclaim:        83868 kB
KernelStack:       33744 kB
PageTables:        55672 kB
NFS_Unstable:          0 kB
Bounce:                0 kB
WritebackTmp:          0 kB
CommitLimit:     2172840 kB
Committed_AS:   92431508 kB
VmallocTotal:   251658176 kB
VmallocUsed:      138008 kB
VmallocChunk:   251431980 kB
Time pass: 108 sec

---2015-12-05 14:07:44
MemTotal:        2905316 kB
MemFree:          149272 kB
Buffers:           25088 kB
Cached:          1052800 kB
SwapCached:            0 kB
Active:          1277316 kB
Inactive:         716280 kB
Active(anon):     761220 kB
Inactive(anon):   198576 kB
Active(file):     516096 kB
Inactive(file):   517704 kB
Unevictable:       12456 kB
Mlocked:               0 kB
SwapTotal:        720184 kB
SwapFree:         720156 kB
Dirty:              2360 kB
Writeback:             0 kB
AnonPages:        928280 kB
Mapped:           661828 kB
Shmem:             31436 kB
Slab:             120164 kB
SReclaimable:      36088 kB
SUnreclaim:        84076 kB
KernelStack:       33824 kB
PageTables:        55996 kB
NFS_Unstable:          0 kB
Bounce:                0 kB
WritebackTmp:          0 kB
CommitLimit:     2172840 kB
Committed_AS:   92447156 kB
VmallocTotal:   251658176 kB
VmallocUsed:      138460 kB
VmallocChunk:   251431980 kB
Time pass: 112 sec

---2015-12-05 14:07:44
MemTotal:        2905316 kB
MemFree:          146420 kB
Buffers:           25096 kB
Cached:          1052608 kB
SwapCached:            0 kB
Active:          1269348 kB
Inactive:         716288 kB
Active(anon):     753256 kB
Inactive(anon):   198576 kB
Active(file):     516092 kB
Inactive(file):   517712 kB
Unevictable:       12456 kB
Mlocked:               0 kB
SwapTotal:        720184 kB
SwapFree:         720156 kB
Dirty:                80 kB
Writeback:             0 kB
AnonPages:        920296 kB
Mapped:           670392 kB
Shmem:             31436 kB
Slab:             120072 kB
SReclaimable:      36088 kB
SUnreclaim:        83984 kB
KernelStack:       33808 kB
PageTables:        56048 kB
NFS_Unstable:          0 kB
Bounce:                0 kB
WritebackTmp:          0 kB
CommitLimit:     2172840 kB
Committed_AS:   92447436 kB
VmallocTotal:   251658176 kB
VmallocUsed:      136128 kB
VmallocChunk:   251431980 kB
Time pass: 115 sec

---2015-12-05 14:07:44
MemTotal:        2905316 kB
MemFree:          126640 kB
Buffers:           25096 kB
Cached:          1052760 kB
SwapCached:            0 kB
Active:          1271380 kB
Inactive:         716252 kB
Active(anon):     755096 kB
Inactive(anon):   198576 kB
Active(file):     516284 kB
Inactive(file):   517676 kB
Unevictable:       12456 kB
Mlocked:               0 kB
SwapTotal:        720184 kB
SwapFree:         720156 kB
Dirty:                40 kB
Writeback:             0 kB
AnonPages:        922336 kB
Mapped:           680736 kB
Shmem:             31436 kB
Slab:             120112 kB
SReclaimable:      36088 kB
SUnreclaim:        84024 kB
KernelStack:       33808 kB
PageTables:        56088 kB
NFS_Unstable:          0 kB
Bounce:                0 kB
WritebackTmp:          0 kB
CommitLimit:     2172840 kB
Committed_AS:   92448824 kB
VmallocTotal:   251658176 kB
VmallocUsed:      136264 kB
VmallocChunk:   251431980 kB
Time pass: 119 sec

---2015-12-05 14:07:44
MemTotal:        2905316 kB
MemFree:           97340 kB
Buffers:           25104 kB
Cached:          1052804 kB
SwapCached:            0 kB
Active:          1278160 kB
Inactive:         716256 kB
Active(anon):     761836 kB
Inactive(anon):   198576 kB
Active(file):     516324 kB
Inactive(file):   517680 kB
Unevictable:       12456 kB
Mlocked:               0 kB
SwapTotal:        720184 kB
SwapFree:         720156 kB
Dirty:               616 kB
Writeback:             0 kB
AnonPages:        929040 kB
Mapped:           691964 kB
Shmem:             31436 kB
Slab:             120216 kB
SReclaimable:      36088 kB
SUnreclaim:        84128 kB
KernelStack:       33888 kB
PageTables:        56028 kB
NFS_Unstable:          0 kB
Bounce:                0 kB
WritebackTmp:          0 kB
CommitLimit:     2172840 kB
Committed_AS:   92452332 kB
VmallocTotal:   251658176 kB
VmallocUsed:      136420 kB
VmallocChunk:   251431980 kB
Time pass: 123 sec

---2015-12-05 14:07:44
MemTotal:        2905316 kB
MemFree:           97436 kB
Buffers:           25112 kB
Cached:          1052816 kB
SwapCached:            0 kB
Active:          1277312 kB
Inactive:         716260 kB
Active(anon):     760968 kB
Inactive(anon):   198576 kB
Active(file):     516344 kB
Inactive(file):   517684 kB
Unevictable:       12456 kB
Mlocked:               0 kB
SwapTotal:        720184 kB
SwapFree:         720156 kB
Dirty:                72 kB
Writeback:             0 kB
AnonPages:        928376 kB
Mapped:           693304 kB
Shmem:             31436 kB
Slab:             120304 kB
SReclaimable:      36088 kB
SUnreclaim:        84216 kB
KernelStack:       33872 kB
PageTables:        56036 kB
NFS_Unstable:          0 kB
Bounce:                0 kB
WritebackTmp:          0 kB
CommitLimit:     2172840 kB
Committed_AS:   92452492 kB
VmallocTotal:   251658176 kB
VmallocUsed:      136432 kB
VmallocChunk:   251431980 kB
Time pass: 127 sec

---2015-12-05 14:07:44
MemTotal:        2905316 kB
MemFree:           97836 kB
Buffers:           25128 kB
Cached:          1052812 kB
SwapCached:            0 kB
Active:          1277056 kB
Inactive:         716268 kB
Active(anon):     760708 kB
Inactive(anon):   198576 kB
Active(file):     516348 kB
Inactive(file):   517692 kB
Unevictable:       12456 kB
Mlocked:               0 kB
SwapTotal:        720184 kB
SwapFree:         720156 kB
Dirty:                20 kB
Writeback:             0 kB
AnonPages:        927728 kB
Mapped:           693368 kB
Shmem:             31436 kB
Slab:             120172 kB
SReclaimable:      36088 kB
SUnreclaim:        84084 kB
KernelStack:       33840 kB
PageTables:        56060 kB
NFS_Unstable:          0 kB
Bounce:                0 kB
WritebackTmp:          0 kB
CommitLimit:     2172840 kB
Committed_AS:   92452524 kB
VmallocTotal:   251658176 kB
VmallocUsed:      136432 kB
VmallocChunk:   251431980 kB
Time pass: 131 sec

---2015-12-05 14:07:44
MemTotal:        2905316 kB
MemFree:           96112 kB
Buffers:           25128 kB
Cached:          1052848 kB
SwapCached:            0 kB
Active:          1277420 kB
Inactive:         716292 kB
Active(anon):     761056 kB
Inactive(anon):   198576 kB
Active(file):     516364 kB
Inactive(file):   517716 kB
Unevictable:       12456 kB
Mlocked:               0 kB
SwapTotal:        720184 kB
SwapFree:         720156 kB
Dirty:                60 kB
Writeback:             0 kB
AnonPages:        928224 kB
Mapped:           693884 kB
Shmem:             31436 kB
Slab:             120184 kB
SReclaimable:      36088 kB
SUnreclaim:        84096 kB
KernelStack:       33824 kB
PageTables:        56064 kB
NFS_Unstable:          0 kB
Bounce:                0 kB
WritebackTmp:          0 kB
CommitLimit:     2172840 kB
Committed_AS:   92452460 kB
VmallocTotal:   251658176 kB
VmallocUsed:      136432 kB
VmallocChunk:   251431980 kB
Time pass: 134 sec

---2015-12-05 14:07:44
MemTotal:        2905316 kB
MemFree:           78600 kB
Buffers:           25168 kB
Cached:          1053160 kB
SwapCached:            0 kB
Active:          1293448 kB
Inactive:         715600 kB
Active(anon):     776040 kB
Inactive(anon):   198752 kB
Active(file):     517408 kB
Inactive(file):   516848 kB
Unevictable:       12456 kB
Mlocked:               0 kB
SwapTotal:        720184 kB
SwapFree:         720156 kB
Dirty:               208 kB
Writeback:             0 kB
AnonPages:        942988 kB
Mapped:           697320 kB
Shmem:             31616 kB
Slab:             120404 kB
SReclaimable:      36104 kB
SUnreclaim:        84300 kB
KernelStack:       34208 kB
PageTables:        56344 kB
NFS_Unstable:          0 kB
Bounce:                0 kB
WritebackTmp:          0 kB
CommitLimit:     2172840 kB
Committed_AS:   92525540 kB
VmallocTotal:   251658176 kB
VmallocUsed:      138880 kB
VmallocChunk:   251431980 kB
Time pass: 138 sec

---2015-12-05 14:07:44
MemTotal:        2905316 kB
MemFree:           78244 kB
Buffers:           25168 kB
Cached:          1053464 kB
SwapCached:            0 kB
Active:          1293952 kB
Inactive:         715896 kB
Active(anon):     776536 kB
Inactive(anon):   199048 kB
Active(file):     517416 kB
Inactive(file):   516848 kB
Unevictable:       12456 kB
Mlocked:               0 kB
SwapTotal:        720184 kB
SwapFree:         720156 kB
Dirty:                16 kB
Writeback:             0 kB
AnonPages:        943836 kB
Mapped:           697736 kB
Shmem:             31912 kB
Slab:             120328 kB
SReclaimable:      36120 kB
SUnreclaim:        84208 kB
KernelStack:       34208 kB
PageTables:        56456 kB
NFS_Unstable:          0 kB
Bounce:                0 kB
WritebackTmp:          0 kB
CommitLimit:     2172840 kB
Committed_AS:   92526028 kB
VmallocTotal:   251658176 kB
VmallocUsed:      138880 kB
VmallocChunk:   251431980 kB
Time pass: 142 sec

---2015-12-05 14:07:44
MemTotal:        2905316 kB
MemFree:           77256 kB
Buffers:           25176 kB
Cached:          1053716 kB
SwapCached:            0 kB
Active:          1294304 kB
Inactive:         716156 kB
Active(anon):     776888 kB
Inactive(anon):   199300 kB
Active(file):     517416 kB
Inactive(file):   516856 kB
Unevictable:       12456 kB
Mlocked:               0 kB
SwapTotal:        720184 kB
SwapFree:         720156 kB
Dirty:                 8 kB
Writeback:             0 kB
AnonPages:        944128 kB
Mapped:           697940 kB
Shmem:             32164 kB
Slab:             120448 kB
SReclaimable:      36120 kB
SUnreclaim:        84328 kB
KernelStack:       34160 kB
PageTables:        56436 kB
NFS_Unstable:          0 kB
Bounce:                0 kB
WritebackTmp:          0 kB
CommitLimit:     2172840 kB
Committed_AS:   92526528 kB
VmallocTotal:   251658176 kB
VmallocUsed:      138880 kB
VmallocChunk:   251431980 kB
Time pass: 146 sec

---2015-12-05 14:07:44
MemTotal:        2905316 kB
MemFree:           75948 kB
Buffers:           25184 kB
Cached:          1053984 kB
SwapCached:            0 kB
Active:          1295172 kB
Inactive:         716416 kB
Active(anon):     777752 kB
Inactive(anon):   199560 kB
Active(file):     517420 kB
Inactive(file):   516856 kB
Unevictable:       12456 kB
Mlocked:               0 kB
SwapTotal:        720184 kB
SwapFree:         720156 kB
Dirty:                32 kB
Writeback:             0 kB
AnonPages:        944928 kB
Mapped:           698276 kB
Shmem:             32436 kB
Slab:             120324 kB
SReclaimable:      36120 kB
SUnreclaim:        84204 kB
KernelStack:       34192 kB
PageTables:        56464 kB
NFS_Unstable:          0 kB
Bounce:                0 kB
WritebackTmp:          0 kB
CommitLimit:     2172840 kB
Committed_AS:   92527040 kB
VmallocTotal:   251658176 kB
VmallocUsed:      138880 kB
VmallocChunk:   251431980 kB
Time pass: 150 sec

---2015-12-05 14:07:44
MemTotal:        2905316 kB
MemFree:           73132 kB
Buffers:           25184 kB
Cached:          1054040 kB
SwapCached:            0 kB
Active:          1295120 kB
Inactive:         716472 kB
Active(anon):     777692 kB
Inactive(anon):   199572 kB
Active(file):     517428 kB
Inactive(file):   516900 kB
Unevictable:       12456 kB
Mlocked:               0 kB
SwapTotal:        720184 kB
SwapFree:         720156 kB
Dirty:                64 kB
Writeback:             0 kB
AnonPages:        944920 kB
Mapped:           698396 kB
Shmem:             32436 kB
Slab:             120328 kB
SReclaimable:      36120 kB
SUnreclaim:        84208 kB
KernelStack:       34192 kB
PageTables:        56460 kB
NFS_Unstable:          0 kB
Bounce:                0 kB
WritebackTmp:          0 kB
CommitLimit:     2172840 kB
Committed_AS:   92527052 kB
VmallocTotal:   251658176 kB
VmallocUsed:      138880 kB
VmallocChunk:   251431980 kB
Time pass: 153 sec

---2015-12-05 14:07:44
MemTotal:        2905316 kB
MemFree:           65612 kB
Buffers:           25240 kB
Cached:          1053172 kB
SwapCached:            0 kB
Active:          1305920 kB
Inactive:         715424 kB
Active(anon):     788248 kB
Inactive(anon):   198636 kB
Active(file):     517672 kB
Inactive(file):   516788 kB
Unevictable:       12456 kB
Mlocked:               0 kB
SwapTotal:        720184 kB
SwapFree:         720156 kB
Dirty:               168 kB
Writeback:             0 kB
AnonPages:        955424 kB
Mapped:           699144 kB
Shmem:             31496 kB
Slab:             120456 kB
SReclaimable:      36136 kB
SUnreclaim:        84320 kB
KernelStack:       33984 kB
PageTables:        56256 kB
NFS_Unstable:          0 kB
Bounce:                0 kB
WritebackTmp:          0 kB
CommitLimit:     2172840 kB
Committed_AS:   92537388 kB
VmallocTotal:   251658176 kB
VmallocUsed:      138880 kB
VmallocChunk:   251431980 kB
Time pass: 157 sec

---2015-12-05 14:07:44
MemTotal:        2905316 kB
MemFree:           62924 kB
Buffers:           25280 kB
Cached:          1053544 kB
SwapCached:            0 kB
Active:          1306744 kB
Inactive:         715748 kB
Active(anon):     788992 kB
Inactive(anon):   198824 kB
Active(file):     517752 kB
Inactive(file):   516924 kB
Unevictable:       12456 kB
Mlocked:               0 kB
SwapTotal:        720184 kB
SwapFree:         720156 kB
Dirty:                12 kB
Writeback:             0 kB
AnonPages:        956156 kB
Mapped:           699252 kB
Shmem:             31688 kB
Slab:             120460 kB
SReclaimable:      36136 kB
SUnreclaim:        84324 kB
KernelStack:       34192 kB
PageTables:        56464 kB
NFS_Unstable:          0 kB
Bounce:                0 kB
WritebackTmp:          0 kB
CommitLimit:     2172840 kB
Committed_AS:   92538884 kB
VmallocTotal:   251658176 kB
VmallocUsed:      138880 kB
VmallocChunk:   251431980 kB
Time pass: 161 sec

---2015-12-05 14:07:44
MemTotal:        2905316 kB
MemFree:           68176 kB
Buffers:           25256 kB
Cached:          1048612 kB
SwapCached:            0 kB
Active:          1305460 kB
Inactive:         713696 kB
Active(anon):     790772 kB
Inactive(anon):   198748 kB
Active(file):     514688 kB
Inactive(file):   514948 kB
Unevictable:       12456 kB
Mlocked:               0 kB
SwapTotal:        720184 kB
SwapFree:         720156 kB
Dirty:                64 kB
Writeback:             0 kB
AnonPages:        957872 kB
Mapped:           699292 kB
Shmem:             31768 kB
Slab:             120344 kB
SReclaimable:      36152 kB
SUnreclaim:        84192 kB
KernelStack:       34160 kB
PageTables:        56440 kB
NFS_Unstable:          0 kB
Bounce:                0 kB
WritebackTmp:          0 kB
CommitLimit:     2172840 kB
Committed_AS:   92538924 kB
VmallocTotal:   251658176 kB
VmallocUsed:      138880 kB
VmallocChunk:   251431980 kB
Time pass: 165 sec

---2015-12-05 14:07:44
MemTotal:        2905316 kB
MemFree:           66964 kB
Buffers:           25264 kB
Cached:          1048240 kB
SwapCached:            0 kB
Active:          1309300 kB
Inactive:         713376 kB
Active(anon):     794576 kB
Inactive(anon):   198260 kB
Active(file):     514724 kB
Inactive(file):   515116 kB
Unevictable:       12456 kB
Mlocked:               0 kB
SwapTotal:        720184 kB
SwapFree:         720156 kB
Dirty:               160 kB
Writeback:             0 kB
AnonPages:        961400 kB
Mapped:           699512 kB
Shmem:             31208 kB
Slab:             117960 kB
SReclaimable:      36168 kB
SUnreclaim:        81792 kB
KernelStack:       34304 kB
PageTables:        56412 kB
NFS_Unstable:          0 kB
Bounce:                0 kB
WritebackTmp:          0 kB
CommitLimit:     2172840 kB
Committed_AS:   92992996 kB
VmallocTotal:   251658176 kB
VmallocUsed:      139900 kB
VmallocChunk:   251431980 kB
Time pass: 169 sec

---2015-12-05 14:07:44
MemTotal:        2905316 kB
MemFree:           67352 kB
Buffers:           25272 kB
Cached:          1048252 kB
SwapCached:            0 kB
Active:          1308368 kB
Inactive:         713308 kB
Active(anon):     793628 kB
Inactive(anon):   198196 kB
Active(file):     514740 kB
Inactive(file):   515112 kB
Unevictable:       12456 kB
Mlocked:               0 kB
SwapTotal:        720184 kB
SwapFree:         720156 kB
Dirty:                20 kB
Writeback:             0 kB
AnonPages:        960536 kB
Mapped:           699528 kB
Shmem:             31216 kB
Slab:             117884 kB
SReclaimable:      36168 kB
SUnreclaim:        81716 kB
KernelStack:       34240 kB
PageTables:        56468 kB
NFS_Unstable:          0 kB
Bounce:                0 kB
WritebackTmp:          0 kB
CommitLimit:     2172840 kB
Committed_AS:   92992920 kB
VmallocTotal:   251658176 kB
VmallocUsed:      139900 kB
VmallocChunk:   251431980 kB
Time pass: 172 sec

---2015-12-05 14:07:44
MemTotal:        2905316 kB
MemFree:           80048 kB
Buffers:           25272 kB
Cached:          1047964 kB
SwapCached:            0 kB
Active:          1296916 kB
Inactive:         713012 kB
Active(anon):     782168 kB
Inactive(anon):   197884 kB
Active(file):     514748 kB
Inactive(file):   515128 kB
Unevictable:       12456 kB
Mlocked:               0 kB
SwapTotal:        720184 kB
SwapFree:         720156 kB
Dirty:                20 kB
Writeback:             0 kB
AnonPages:        949284 kB
Mapped:           699128 kB
Shmem:             30900 kB
Slab:             117892 kB
SReclaimable:      36168 kB
SUnreclaim:        81724 kB
KernelStack:       33904 kB
PageTables:        56288 kB
NFS_Unstable:          0 kB
Bounce:                0 kB
WritebackTmp:          0 kB
CommitLimit:     2172840 kB
Committed_AS:   92964388 kB
VmallocTotal:   251658176 kB
VmallocUsed:      139900 kB
VmallocChunk:   251431980 kB
Time pass: 176 sec

---2015-12-05 14:07:44
MemTotal:        2905316 kB
MemFree:           79780 kB
Buffers:           25280 kB
Cached:          1048000 kB
SwapCached:            0 kB
Active:          1297964 kB
Inactive:         713052 kB
Active(anon):     783208 kB
Inactive(anon):   197884 kB
Active(file):     514756 kB
Inactive(file):   515168 kB
Unevictable:       12456 kB
Mlocked:               0 kB
SwapTotal:        720184 kB
SwapFree:         720156 kB
Dirty:                96 kB
Writeback:             0 kB
AnonPages:        950308 kB
Mapped:           699136 kB
Shmem:             30900 kB
Slab:             117880 kB
SReclaimable:      36168 kB
SUnreclaim:        81712 kB
KernelStack:       33904 kB
PageTables:        56288 kB
NFS_Unstable:          0 kB
Bounce:                0 kB
WritebackTmp:          0 kB
CommitLimit:     2172840 kB
Committed_AS:   92964328 kB
VmallocTotal:   251658176 kB
VmallocUsed:      139868 kB
VmallocChunk:   251431980 kB
Time pass: 180 sec

---2015-12-05 14:07:44
MemTotal:        2905316 kB
MemFree:           78840 kB
Buffers:           25288 kB
Cached:          1048008 kB
SwapCached:            0 kB
Active:          1298156 kB
Inactive:         713060 kB
Active(anon):     783392 kB
Inactive(anon):   197884 kB
Active(file):     514764 kB
Inactive(file):   515176 kB
Unevictable:       12456 kB
Mlocked:               0 kB
SwapTotal:        720184 kB
SwapFree:         720156 kB
Dirty:                48 kB
Writeback:             0 kB
AnonPages:        950576 kB
Mapped:           699140 kB
Shmem:             30900 kB
Slab:             117880 kB
SReclaimable:      36168 kB
SUnreclaim:        81712 kB
KernelStack:       33936 kB
PageTables:        56288 kB
NFS_Unstable:          0 kB
Bounce:                0 kB
WritebackTmp:          0 kB
CommitLimit:     2172840 kB
Committed_AS:   92964232 kB
VmallocTotal:   251658176 kB
VmallocUsed:      139868 kB
VmallocChunk:   251431980 kB
Time pass: 184 sec

---2015-12-05 14:07:44
MemTotal:        2905316 kB
MemFree:           75048 kB
Buffers:           25272 kB
Cached:          1041652 kB
SwapCached:            0 kB
Active:          1305792 kB
Inactive:         710716 kB
Active(anon):     794116 kB
Inactive(anon):   198916 kB
Active(file):     511676 kB
Inactive(file):   511800 kB
Unevictable:       12456 kB
Mlocked:               0 kB
SwapTotal:        720184 kB
SwapFree:         720156 kB
Dirty:                20 kB
Writeback:             0 kB
AnonPages:        962068 kB
Mapped:           698700 kB
Shmem:             30900 kB
Slab:             117876 kB
SReclaimable:      36168 kB
SUnreclaim:        81708 kB
KernelStack:       33968 kB
PageTables:        56288 kB
NFS_Unstable:          0 kB
Bounce:                0 kB
WritebackTmp:          0 kB
CommitLimit:     2172840 kB
Committed_AS:   92995928 kB
VmallocTotal:   251658176 kB
VmallocUsed:      139900 kB
VmallocChunk:   251431980 kB
Time pass: 188 sec

---2015-12-05 14:07:44
MemTotal:        2905316 kB
MemFree:           71504 kB
Buffers:           25304 kB
Cached:          1041888 kB
SwapCached:            0 kB
Active:          1308536 kB
Inactive:         710928 kB
Active(anon):     796808 kB
Inactive(anon):   199008 kB
Active(file):     511728 kB
Inactive(file):   511920 kB
Unevictable:       12456 kB
Mlocked:               0 kB
SwapTotal:        720184 kB
SwapFree:         720156 kB
Dirty:                 0 kB
Writeback:            52 kB
AnonPages:        964788 kB
Mapped:           699056 kB
Shmem:             31088 kB
Slab:             117796 kB
SReclaimable:      36168 kB
SUnreclaim:        81628 kB
KernelStack:       34288 kB
PageTables:        56424 kB
NFS_Unstable:          0 kB
Bounce:                0 kB
WritebackTmp:          0 kB
CommitLimit:     2172840 kB
Committed_AS:   92996132 kB
VmallocTotal:   251658176 kB
VmallocUsed:      139900 kB
VmallocChunk:   251431980 kB
Time pass: 191 sec

---2015-12-05 14:07:44
MemTotal:        2905316 kB
MemFree:           71520 kB
Buffers:           25304 kB
Cached:          1041928 kB
SwapCached:            0 kB
Active:          1308204 kB
Inactive:         710940 kB
Active(anon):     796464 kB
Inactive(anon):   199024 kB
Active(file):     511740 kB
Inactive(file):   511916 kB
Unevictable:       12456 kB
Mlocked:               0 kB
SwapTotal:        720184 kB
SwapFree:         720156 kB
Dirty:                20 kB
Writeback:             0 kB
AnonPages:        964532 kB
Mapped:           699112 kB
Shmem:             31120 kB
Slab:             117796 kB
SReclaimable:      36168 kB
SUnreclaim:        81628 kB
KernelStack:       34288 kB
PageTables:        56428 kB
NFS_Unstable:          0 kB
Bounce:                0 kB
WritebackTmp:          0 kB
CommitLimit:     2172840 kB
Committed_AS:   92996120 kB
VmallocTotal:   251658176 kB
VmallocUsed:      139900 kB
VmallocChunk:   251431980 kB
Time pass: 195 sec

---2015-12-05 14:07:44
MemTotal:        2905316 kB
MemFree:           71596 kB
Buffers:           25312 kB
Cached:          1041996 kB
SwapCached:            0 kB
Active:          1307836 kB
Inactive:         711024 kB
Active(anon):     796088 kB
Inactive(anon):   199100 kB
Active(file):     511748 kB
Inactive(file):   511924 kB
Unevictable:       12456 kB
Mlocked:               0 kB
SwapTotal:        720184 kB
SwapFree:         720156 kB
Dirty:                20 kB
Writeback:             0 kB
AnonPages:        964148 kB
Mapped:           699280 kB
Shmem:             31180 kB
Slab:             117796 kB
SReclaimable:      36168 kB
SUnreclaim:        81628 kB
KernelStack:       34240 kB
PageTables:        56476 kB
NFS_Unstable:          0 kB
Bounce:                0 kB
WritebackTmp:          0 kB
CommitLimit:     2172840 kB
Committed_AS:   93022708 kB
VmallocTotal:   251658176 kB
VmallocUsed:      139900 kB
VmallocChunk:   251431980 kB
Time pass: 199 sec

---2015-12-05 14:07:44
MemTotal:        2905316 kB
MemFree:           71268 kB
Buffers:           25320 kB
Cached:          1042000 kB
SwapCached:            0 kB
Active:          1307872 kB
Inactive:         711032 kB
Active(anon):     796120 kB
Inactive(anon):   199100 kB
Active(file):     511752 kB
Inactive(file):   511932 kB
Unevictable:       12456 kB
Mlocked:               0 kB
SwapTotal:        720184 kB
SwapFree:         720156 kB
Dirty:                 4 kB
Writeback:             0 kB
AnonPages:        964136 kB
Mapped:           699288 kB
Shmem:             31180 kB
Slab:             117796 kB
SReclaimable:      36168 kB
SUnreclaim:        81628 kB
KernelStack:       34272 kB
PageTables:        56480 kB
NFS_Unstable:          0 kB
Bounce:                0 kB
WritebackTmp:          0 kB
CommitLimit:     2172840 kB
Committed_AS:   93022720 kB
VmallocTotal:   251658176 kB
VmallocUsed:      139900 kB
VmallocChunk:   251431980 kB
Time pass: 203 sec

---2015-12-05 14:07:44
MemTotal:        2905316 kB
MemFree:           70320 kB
Buffers:           25328 kB
Cached:          1042048 kB
SwapCached:            0 kB
Active:          1309104 kB
Inactive:         711072 kB
Active(anon):     797336 kB
Inactive(anon):   199100 kB
Active(file):     511768 kB
Inactive(file):   511972 kB
Unevictable:       12456 kB
Mlocked:               0 kB
SwapTotal:        720184 kB
SwapFree:         720156 kB
Dirty:               100 kB
Writeback:             0 kB
AnonPages:        965208 kB
Mapped:           699364 kB
Shmem:             31180 kB
Slab:             117796 kB
SReclaimable:      36168 kB
SUnreclaim:        81628 kB
KernelStack:       34272 kB
PageTables:        56504 kB
NFS_Unstable:          0 kB
Bounce:                0 kB
WritebackTmp:          0 kB
CommitLimit:     2172840 kB
Committed_AS:   93022708 kB
VmallocTotal:   251658176 kB
VmallocUsed:      139900 kB
VmallocChunk:   251431980 kB
Time pass: 206 sec

---2015-12-05 14:07:44
MemTotal:        2905316 kB
MemFree:           70344 kB
Buffers:           25336 kB
Cached:          1042056 kB
SwapCached:            0 kB
Active:          1309200 kB
Inactive:         711080 kB
Active(anon):     797424 kB
Inactive(anon):   199100 kB
Active(file):     511776 kB
Inactive(file):   511980 kB
Unevictable:       12456 kB
Mlocked:               0 kB
SwapTotal:        720184 kB
SwapFree:         720156 kB
Dirty:                56 kB
Writeback:             0 kB
AnonPages:        965424 kB
Mapped:           699308 kB
Shmem:             31180 kB
Slab:             117788 kB
SReclaimable:      36168 kB
SUnreclaim:        81620 kB
KernelStack:       34272 kB
PageTables:        56476 kB
NFS_Unstable:          0 kB
Bounce:                0 kB
WritebackTmp:          0 kB
CommitLimit:     2172840 kB
Committed_AS:   93022616 kB
VmallocTotal:   251658176 kB
VmallocUsed:      139900 kB
VmallocChunk:   251431980 kB
Time pass: 210 sec

---2015-12-05 14:07:44
MemTotal:        2905316 kB
MemFree:           64464 kB
Buffers:           25344 kB
Cached:          1042244 kB
SwapCached:            0 kB
Active:          1311420 kB
Inactive:         711100 kB
Active(anon):     799468 kB
Inactive(anon):   199100 kB
Active(file):     511952 kB
Inactive(file):   512000 kB
Unevictable:       12456 kB
Mlocked:               0 kB
SwapTotal:        720184 kB
SwapFree:         720156 kB
Dirty:                48 kB
Writeback:             0 kB
AnonPages:        967632 kB
Mapped:           699388 kB
Shmem:             31180 kB
Slab:             121300 kB
SReclaimable:      39384 kB
SUnreclaim:        81916 kB
KernelStack:       34288 kB
PageTables:        56572 kB
NFS_Unstable:          0 kB
Bounce:                0 kB
WritebackTmp:          0 kB
CommitLimit:     2172840 kB
Committed_AS:   93034264 kB
VmallocTotal:   251658176 kB
VmallocUsed:      140920 kB
VmallocChunk:   251431980 kB
Time pass: 214 sec

---2015-12-05 14:07:44
MemTotal:        2905316 kB
MemFree:           63424 kB
Buffers:           25352 kB
Cached:          1042356 kB
SwapCached:            0 kB
Active:          1311644 kB
Inactive:         711212 kB
Active(anon):     799684 kB
Inactive(anon):   199100 kB
Active(file):     511960 kB
Inactive(file):   512112 kB
Unevictable:       12456 kB
Mlocked:               0 kB
SwapTotal:        720184 kB
SwapFree:         720156 kB
Dirty:                72 kB
Writeback:             0 kB
AnonPages:        967092 kB
Mapped:           699408 kB
Shmem:             31180 kB
Slab:             121928 kB
SReclaimable:      39868 kB
SUnreclaim:        82060 kB
KernelStack:       34288 kB
PageTables:        56564 kB
NFS_Unstable:          0 kB
Bounce:                0 kB
WritebackTmp:          0 kB
CommitLimit:     2172840 kB
Committed_AS:   93028632 kB
VmallocTotal:   251658176 kB
VmallocUsed:      139900 kB
VmallocChunk:   251431980 kB
Time pass: 218 sec

---2015-12-05 14:07:44
MemTotal:        2905316 kB
MemFree:           64712 kB
Buffers:           25360 kB
Cached:          1042460 kB
SwapCached:            0 kB
Active:          1310040 kB
Inactive:         711284 kB
Active(anon):     798040 kB
Inactive(anon):   199100 kB
Active(file):     512000 kB
Inactive(file):   512184 kB
Unevictable:       12456 kB
Mlocked:               0 kB
SwapTotal:        720184 kB
SwapFree:         720156 kB
Dirty:               132 kB
Writeback:             0 kB
AnonPages:        965984 kB
Mapped:           699428 kB
Shmem:             31180 kB
Slab:             121896 kB
SReclaimable:      39896 kB
SUnreclaim:        82000 kB
KernelStack:       34160 kB
PageTables:        56504 kB
NFS_Unstable:          0 kB
Bounce:                0 kB
WritebackTmp:          0 kB
CommitLimit:     2172840 kB
Committed_AS:   93022684 kB
VmallocTotal:   251658176 kB
VmallocUsed:      139900 kB
VmallocChunk:   251431980 kB
Time pass: 221 sec

---2015-12-05 14:07:44
MemTotal:        2905316 kB
MemFree:           69880 kB
Buffers:           25376 kB
Cached:          1035172 kB
SwapCached:            0 kB
Active:          1309312 kB
Inactive:         708620 kB
Active(anon):     800944 kB
Inactive(anon):   200016 kB
Active(file):     508368 kB
Inactive(file):   508604 kB
Unevictable:       12456 kB
Mlocked:               0 kB
SwapTotal:        720184 kB
SwapFree:         720156 kB
Dirty:               164 kB
Writeback:             0 kB
AnonPages:        969636 kB
Mapped:           698888 kB
Shmem:             31116 kB
Slab:             121896 kB
SReclaimable:      39868 kB
SUnreclaim:        82028 kB
KernelStack:       34208 kB
PageTables:        56488 kB
NFS_Unstable:          0 kB
Bounce:                0 kB
WritebackTmp:          0 kB
CommitLimit:     2172840 kB
Committed_AS:   93030140 kB
VmallocTotal:   251658176 kB
VmallocUsed:      139900 kB
VmallocChunk:   251431980 kB
Time pass: 225 sec

---2015-12-05 14:07:44
MemTotal:        2905316 kB
MemFree:           69272 kB
Buffers:           25376 kB
Cached:          1035244 kB
SwapCached:            0 kB
Active:          1309756 kB
Inactive:         708676 kB
Active(anon):     801380 kB
Inactive(anon):   200072 kB
Active(file):     508376 kB
Inactive(file):   508604 kB
Unevictable:       12456 kB
Mlocked:               0 kB
SwapTotal:        720184 kB
SwapFree:         720156 kB
Dirty:                 8 kB
Writeback:             0 kB
AnonPages:        970356 kB
Mapped:           698988 kB
Shmem:             31184 kB
Slab:             121848 kB
SReclaimable:      39868 kB
SUnreclaim:        81980 kB
KernelStack:       34160 kB
PageTables:        56536 kB
NFS_Unstable:          0 kB
Bounce:                0 kB
WritebackTmp:          0 kB
CommitLimit:     2172840 kB
Committed_AS:   93056840 kB
VmallocTotal:   251658176 kB
VmallocUsed:      139900 kB
VmallocChunk:   251431980 kB
Time pass: 229 sec

---2015-12-05 14:07:44
MemTotal:        2905316 kB
MemFree:           69268 kB
Buffers:           25384 kB
Cached:          1035252 kB
SwapCached:            0 kB
Active:          1310152 kB
Inactive:         708696 kB
Active(anon):     801776 kB
Inactive(anon):   200084 kB
Active(file):     508376 kB
Inactive(file):   508612 kB
Unevictable:       12456 kB
Mlocked:               0 kB
SwapTotal:        720184 kB
SwapFree:         720156 kB
Dirty:                64 kB
Writeback:             0 kB
AnonPages:        970624 kB
Mapped:           698996 kB
Shmem:             31192 kB
Slab:             121848 kB
SReclaimable:      39868 kB
SUnreclaim:        81980 kB
KernelStack:       34192 kB
PageTables:        56540 kB
NFS_Unstable:          0 kB
Bounce:                0 kB
WritebackTmp:          0 kB
CommitLimit:     2172840 kB
Committed_AS:   93056828 kB
VmallocTotal:   251658176 kB
VmallocUsed:      139900 kB
VmallocChunk:   251431980 kB
Time pass: 233 sec

---2015-12-05 14:07:44
MemTotal:        2905316 kB
MemFree:           68728 kB
Buffers:           25384 kB
Cached:          1035256 kB
SwapCached:            0 kB
Active:          1310488 kB
Inactive:         708700 kB
Active(anon):     802112 kB
Inactive(anon):   200088 kB
Active(file):     508376 kB
Inactive(file):   508612 kB
Unevictable:       12456 kB
Mlocked:               0 kB
SwapTotal:        720184 kB
SwapFree:         720156 kB
Dirty:                 4 kB
Writeback:             0 kB
AnonPages:        970848 kB
Mapped:           699068 kB
Shmem:             31196 kB
Slab:             121848 kB
SReclaimable:      39868 kB
SUnreclaim:        81980 kB
KernelStack:       34192 kB
PageTables:        56564 kB
NFS_Unstable:          0 kB
Bounce:                0 kB
WritebackTmp:          0 kB
CommitLimit:     2172840 kB
Committed_AS:   93056816 kB
VmallocTotal:   251658176 kB
VmallocUsed:      139900 kB
VmallocChunk:   251431980 kB
Time pass: 236 sec

---2015-12-05 14:07:44
MemTotal:        2905316 kB
MemFree:           67256 kB
Buffers:           25392 kB
Cached:          1035280 kB
SwapCached:            0 kB
Active:          1311592 kB
Inactive:         708720 kB
Active(anon):     803208 kB
Inactive(anon):   200100 kB
Active(file):     508384 kB
Inactive(file):   508620 kB
Unevictable:       12456 kB
Mlocked:               0 kB
SwapTotal:        720184 kB
SwapFree:         720156 kB
Dirty:                24 kB
Writeback:             0 kB
AnonPages:        972060 kB
Mapped:           699028 kB
Shmem:             31212 kB
Slab:             121848 kB
SReclaimable:      39868 kB
SUnreclaim:        81980 kB
KernelStack:       34208 kB
PageTables:        56540 kB
NFS_Unstable:          0 kB
Bounce:                0 kB
WritebackTmp:          0 kB
CommitLimit:     2172840 kB
Committed_AS:   93056908 kB
VmallocTotal:   251658176 kB
VmallocUsed:      139900 kB
VmallocChunk:   251431980 kB
Time pass: 240 sec

---2015-12-05 14:07:44
MemTotal:        2905316 kB
MemFree:           66560 kB
Buffers:           25400 kB
Cached:          1035284 kB
SwapCached:            0 kB
Active:          1312116 kB
Inactive:         708732 kB
Active(anon):     803728 kB
Inactive(anon):   200104 kB
Active(file):     508388 kB
Inactive(file):   508628 kB
Unevictable:       12456 kB
Mlocked:               0 kB
SwapTotal:        720184 kB
SwapFree:         720156 kB
Dirty:                12 kB
Writeback:             0 kB
AnonPages:        972648 kB
Mapped:           699096 kB
Shmem:             31212 kB
Slab:             121848 kB
SReclaimable:      39868 kB
SUnreclaim:        81980 kB
KernelStack:       34160 kB
PageTables:        56564 kB
NFS_Unstable:          0 kB
Bounce:                0 kB
WritebackTmp:          0 kB
CommitLimit:     2172840 kB
Committed_AS:   93056828 kB
VmallocTotal:   251658176 kB
VmallocUsed:      139900 kB
VmallocChunk:   251431980 kB
Time pass: 244 sec

---2015-12-05 14:07:44
MemTotal:        2905316 kB
MemFree:           65924 kB
Buffers:           25416 kB
Cached:          1035312 kB
SwapCached:            0 kB
Active:          1313144 kB
Inactive:         708752 kB
Active(anon):     804732 kB
Inactive(anon):   200104 kB
Active(file):     508412 kB
Inactive(file):   508648 kB
Unevictable:       12456 kB
Mlocked:               0 kB
SwapTotal:        720184 kB
SwapFree:         720156 kB
Dirty:                24 kB
Writeback:            12 kB
AnonPages:        973616 kB
Mapped:           699064 kB
Shmem:             31212 kB
Slab:             121812 kB
SReclaimable:      39872 kB
SUnreclaim:        81940 kB
KernelStack:       34208 kB
PageTables:        56576 kB
NFS_Unstable:          0 kB
Bounce:                0 kB
WritebackTmp:          0 kB
CommitLimit:     2172840 kB
Committed_AS:   93056780 kB
VmallocTotal:   251658176 kB
VmallocUsed:      139900 kB
VmallocChunk:   251431980 kB
Time pass: 248 sec

---2015-12-05 14:07:44
MemTotal:        2905316 kB
MemFree:           65032 kB
Buffers:           25428 kB
Cached:          1035352 kB
SwapCached:            0 kB
Active:          1313716 kB
Inactive:         708776 kB
Active(anon):     805276 kB
Inactive(anon):   200104 kB
Active(file):     508440 kB
Inactive(file):   508672 kB
Unevictable:       12456 kB
Mlocked:               0 kB
SwapTotal:        720184 kB
SwapFree:         720156 kB
Dirty:               120 kB
Writeback:             0 kB
AnonPages:        974048 kB
Mapped:           699164 kB
Shmem:             31212 kB
Slab:             121808 kB
SReclaimable:      39868 kB
SUnreclaim:        81940 kB
KernelStack:       34192 kB
PageTables:        56556 kB
NFS_Unstable:          0 kB
Bounce:                0 kB
WritebackTmp:          0 kB
CommitLimit:     2172840 kB
Committed_AS:   93056840 kB
VmallocTotal:   251658176 kB
VmallocUsed:      139900 kB
VmallocChunk:   251431980 kB
Time pass: 252 sec

---2015-12-05 14:07:44
MemTotal:        2905316 kB
MemFree:           64792 kB
Buffers:           25436 kB
Cached:          1035364 kB
SwapCached:            0 kB
Active:          1313476 kB
Inactive:         708784 kB
Active(anon):     805024 kB
Inactive(anon):   200104 kB
Active(file):     508452 kB
Inactive(file):   508680 kB
Unevictable:       12456 kB
Mlocked:               0 kB
SwapTotal:        720184 kB
SwapFree:         720156 kB
Dirty:                20 kB
Writeback:             0 kB
AnonPages:        974024 kB
Mapped:           699156 kB
Shmem:             31212 kB
Slab:             121776 kB
SReclaimable:      39868 kB
SUnreclaim:        81908 kB
KernelStack:       34128 kB
PageTables:        56540 kB
NFS_Unstable:          0 kB
Bounce:                0 kB
WritebackTmp:          0 kB
CommitLimit:     2172840 kB
Committed_AS:   93056888 kB
VmallocTotal:   251658176 kB
VmallocUsed:      139900 kB
VmallocChunk:   251431980 kB
Time pass: 255 sec

---2015-12-05 14:07:44
MemTotal:        2905316 kB
MemFree:           64020 kB
Buffers:           25436 kB
Cached:          1035460 kB
SwapCached:            0 kB
Active:          1314212 kB
Inactive:         708876 kB
Active(anon):     805756 kB
Inactive(anon):   200188 kB
Active(file):     508456 kB
Inactive(file):   508688 kB
Unevictable:       12456 kB
Mlocked:               0 kB
SwapTotal:        720184 kB
SwapFree:         720156 kB
Dirty:                 8 kB
Writeback:             0 kB
AnonPages:        974744 kB
Mapped:           699248 kB
Shmem:             31296 kB
Slab:             121776 kB
SReclaimable:      39868 kB
SUnreclaim:        81908 kB
KernelStack:       34128 kB
PageTables:        56588 kB
NFS_Unstable:          0 kB
Bounce:                0 kB
WritebackTmp:          0 kB
CommitLimit:     2172840 kB
Committed_AS:   93083572 kB
VmallocTotal:   251658176 kB
VmallocUsed:      139900 kB
VmallocChunk:   251431980 kB
Time pass: 259 sec

---2015-12-05 14:07:44
MemTotal:        2905316 kB
MemFree:           63756 kB
Buffers:           25444 kB
Cached:          1035472 kB
SwapCached:            0 kB
Active:          1314664 kB
Inactive:         708884 kB
Active(anon):     806196 kB
Inactive(anon):   200188 kB
Active(file):     508468 kB
Inactive(file):   508696 kB
Unevictable:       12456 kB
Mlocked:               0 kB
SwapTotal:        720184 kB
SwapFree:         720156 kB
Dirty:                28 kB
Writeback:             0 kB
AnonPages:        975172 kB
Mapped:           699256 kB
Shmem:             31296 kB
Slab:             121776 kB
SReclaimable:      39868 kB
SUnreclaim:        81908 kB
KernelStack:       34144 kB
PageTables:        56588 kB
NFS_Unstable:          0 kB
Bounce:                0 kB
WritebackTmp:          0 kB
CommitLimit:     2172840 kB
Committed_AS:   93083524 kB
VmallocTotal:   251658176 kB
VmallocUsed:      139900 kB
VmallocChunk:   251431980 kB
Time pass: 263 sec

---2015-12-05 14:07:44
MemTotal:        2905316 kB
MemFree:           70432 kB
Buffers:           25452 kB
Cached:          1031988 kB
SwapCached:            0 kB
Active:          1313012 kB
Inactive:         708180 kB
Active(anon):     806240 kB
Inactive(anon):   201472 kB
Active(file):     506772 kB
Inactive(file):   506708 kB
Unevictable:       12456 kB
Mlocked:               0 kB
SwapTotal:        720184 kB
SwapFree:         720156 kB
Dirty:                72 kB
Writeback:             0 kB
AnonPages:        976780 kB
Mapped:           698824 kB
Shmem:             31300 kB
Slab:             118120 kB
SReclaimable:      36508 kB
SUnreclaim:        81612 kB
KernelStack:       34144 kB
PageTables:        56588 kB
NFS_Unstable:          0 kB
Bounce:                0 kB
WritebackTmp:          0 kB
CommitLimit:     2172840 kB
Committed_AS:   93083548 kB
VmallocTotal:   251658176 kB
VmallocUsed:      139900 kB
VmallocChunk:   251431980 kB
Time pass: 267 sec

---2015-12-05 14:07:44
MemTotal:        2905316 kB
MemFree:           70324 kB
Buffers:           25452 kB
Cached:          1032004 kB
SwapCached:            0 kB
Active:          1313384 kB
Inactive:         708452 kB
Active(anon):     806664 kB
Inactive(anon):   201476 kB
Active(file):     506720 kB
Inactive(file):   506976 kB
Unevictable:       12456 kB
Mlocked:               0 kB
SwapTotal:        720184 kB
SwapFree:         720156 kB
Dirty:                 8 kB
Writeback:             0 kB
AnonPages:        976708 kB
Mapped:           698924 kB
Shmem:             31304 kB
Slab:             118044 kB
SReclaimable:      36444 kB
SUnreclaim:        81600 kB
KernelStack:       34144 kB
PageTables:        56588 kB
NFS_Unstable:          0 kB
Bounce:                0 kB
WritebackTmp:          0 kB
CommitLimit:     2172840 kB
Committed_AS:   93083580 kB
VmallocTotal:   251658176 kB
VmallocUsed:      139900 kB
VmallocChunk:   251431980 kB
Time pass: 270 sec

---2015-12-05 14:07:44
MemTotal:        2905316 kB
MemFree:           69724 kB
Buffers:           25460 kB
Cached:          1032012 kB
SwapCached:            0 kB
Active:          1313376 kB
Inactive:         708452 kB
Active(anon):     806640 kB
Inactive(anon):   201476 kB
Active(file):     506736 kB
Inactive(file):   506976 kB
Unevictable:       12456 kB
Mlocked:               0 kB
SwapTotal:        720184 kB
SwapFree:         720156 kB
Dirty:                32 kB
Writeback:             0 kB
AnonPages:        976608 kB
Mapped:           698876 kB
Shmem:             31304 kB
Slab:             118076 kB
SReclaimable:      36440 kB
SUnreclaim:        81636 kB
KernelStack:       34096 kB
PageTables:        56564 kB
NFS_Unstable:          0 kB
Bounce:                0 kB
WritebackTmp:          0 kB
CommitLimit:     2172840 kB
Committed_AS:   93083548 kB
VmallocTotal:   251658176 kB
VmallocUsed:      139900 kB
VmallocChunk:   251431980 kB
Time pass: 274 sec

---2015-12-05 14:07:44
MemTotal:        2905316 kB
MemFree:           69736 kB
Buffers:           25476 kB
Cached:          1032016 kB
SwapCached:            0 kB
Active:          1313536 kB
Inactive:         708468 kB
Active(anon):     806796 kB
Inactive(anon):   201476 kB
Active(file):     506740 kB
Inactive(file):   506992 kB
Unevictable:       12456 kB
Mlocked:               0 kB
SwapTotal:        720184 kB
SwapFree:         720156 kB
Dirty:                20 kB
Writeback:             0 kB
AnonPages:        977060 kB
Mapped:           698948 kB
Shmem:             31304 kB
Slab:             118076 kB
SReclaimable:      36440 kB
SUnreclaim:        81636 kB
KernelStack:       34096 kB
PageTables:        56588 kB
NFS_Unstable:          0 kB
Bounce:                0 kB
WritebackTmp:          0 kB
CommitLimit:     2172840 kB
Committed_AS:   93083548 kB
VmallocTotal:   251658176 kB
VmallocUsed:      139900 kB
VmallocChunk:   251431980 kB
Time pass: 278 sec

---2015-12-05 14:07:44
MemTotal:        2905316 kB
MemFree:           69340 kB
Buffers:           25476 kB
Cached:          1032020 kB
SwapCached:            0 kB
Active:          1313916 kB
Inactive:         708472 kB
Active(anon):     807176 kB
Inactive(anon):   201480 kB
Active(file):     506740 kB
Inactive(file):   506992 kB
Unevictable:       12456 kB
Mlocked:               0 kB
SwapTotal:        720184 kB
SwapFree:         720156 kB
Dirty:                20 kB
Writeback:             0 kB
AnonPages:        977316 kB
Mapped:           698952 kB
Shmem:             31308 kB
Slab:             118076 kB
SReclaimable:      36440 kB
SUnreclaim:        81636 kB
KernelStack:       34096 kB
PageTables:        56588 kB
NFS_Unstable:          0 kB
Bounce:                0 kB
WritebackTmp:          0 kB
CommitLimit:     2172840 kB
Committed_AS:   93083548 kB
VmallocTotal:   251658176 kB
VmallocUsed:      139900 kB
VmallocChunk:   251431980 kB
Time pass: 282 sec

---2015-12-05 14:07:44
MemTotal:        2905316 kB
MemFree:           69156 kB
Buffers:           25484 kB
Cached:          1032056 kB
SwapCached:            0 kB
Active:          1313956 kB
Inactive:         708516 kB
Active(anon):     807216 kB
Inactive(anon):   201484 kB
Active(file):     506740 kB
Inactive(file):   507032 kB
Unevictable:       12456 kB
Mlocked:               0 kB
SwapTotal:        720184 kB
SwapFree:         720156 kB
Dirty:                36 kB
Writeback:             0 kB
AnonPages:        977508 kB
Mapped:           698968 kB
Shmem:             31312 kB
Slab:             118076 kB
SReclaimable:      36440 kB
SUnreclaim:        81636 kB
KernelStack:       34096 kB
PageTables:        56584 kB
NFS_Unstable:          0 kB
Bounce:                0 kB
WritebackTmp:          0 kB
CommitLimit:     2172840 kB
Committed_AS:   93083524 kB
VmallocTotal:   251658176 kB
VmallocUsed:      139900 kB
VmallocChunk:   251431980 kB
Time pass: 285 sec

---2015-12-05 14:07:44
MemTotal:        2905316 kB
MemFree:           69060 kB
Buffers:           25492 kB
Cached:          1032144 kB
SwapCached:            0 kB
Active:          1314732 kB
Inactive:         708608 kB
Active(anon):     807988 kB
Inactive(anon):   201572 kB
Active(file):     506744 kB
Inactive(file):   507036 kB
Unevictable:       12456 kB
Mlocked:               0 kB
SwapTotal:        720184 kB
SwapFree:         720156 kB
Dirty:                32 kB
Writeback:             0 kB
AnonPages:        978032 kB
Mapped:           699092 kB
Shmem:             31400 kB
Slab:             118080 kB
SReclaimable:      36440 kB
SUnreclaim:        81640 kB
KernelStack:       34080 kB
PageTables:        56640 kB
NFS_Unstable:          0 kB
Bounce:                0 kB
WritebackTmp:          0 kB
CommitLimit:     2172840 kB
Committed_AS:   93110132 kB
VmallocTotal:   251658176 kB
VmallocUsed:      139900 kB
VmallocChunk:   251431980 kB
Time pass: 289 sec

---2015-12-05 14:07:44
MemTotal:        2905316 kB
MemFree:           68192 kB
Buffers:           25500 kB
Cached:          1032148 kB
SwapCached:            0 kB
Active:          1314780 kB
Inactive:         708620 kB
Active(anon):     808036 kB
Inactive(anon):   201572 kB
Active(file):     506744 kB
Inactive(file):   507048 kB
Unevictable:       12456 kB
Mlocked:               0 kB
SwapTotal:        720184 kB
SwapFree:         720156 kB
Dirty:                12 kB
Writeback:             0 kB
AnonPages:        978164 kB
Mapped:           699096 kB
Shmem:             31400 kB
Slab:             118080 kB
SReclaimable:      36440 kB
SUnreclaim:        81640 kB
KernelStack:       34080 kB
PageTables:        56640 kB
NFS_Unstable:          0 kB
Bounce:                0 kB
WritebackTmp:          0 kB
CommitLimit:     2172840 kB
Committed_AS:   93110132 kB
VmallocTotal:   251658176 kB
VmallocUsed:      139900 kB
VmallocChunk:   251431980 kB
Time pass: 293 sec

---2015-12-05 14:07:44
MemTotal:        2905316 kB
MemFree:           68180 kB
Buffers:           25500 kB
Cached:          1032148 kB
SwapCached:            0 kB
Active:          1314756 kB
Inactive:         708616 kB
Active(anon):     808008 kB
Inactive(anon):   201572 kB
Active(file):     506748 kB
Inactive(file):   507044 kB
Unevictable:       12456 kB
Mlocked:               0 kB
SwapTotal:        720184 kB
SwapFree:         720156 kB
Dirty:                12 kB
Writeback:             0 kB
AnonPages:        978328 kB
Mapped:           699100 kB
Shmem:             31400 kB
Slab:             118080 kB
SReclaimable:      36440 kB
SUnreclaim:        81640 kB
KernelStack:       34080 kB
PageTables:        56672 kB
NFS_Unstable:          0 kB
Bounce:                0 kB
WritebackTmp:          0 kB
CommitLimit:     2172840 kB
Committed_AS:   93110144 kB
VmallocTotal:   251658176 kB
VmallocUsed:      139900 kB
VmallocChunk:   251431980 kB
Time pass: 297 sec

---2015-12-05 14:07:44
MemTotal:        2905316 kB
MemFree:           68336 kB
Buffers:           25508 kB
Cached:          1032168 kB
SwapCached:            0 kB
Active:          1315016 kB
Inactive:         708640 kB
Active(anon):     808264 kB
Inactive(anon):   201572 kB
Active(file):     506752 kB
Inactive(file):   507068 kB
Unevictable:       12456 kB
Mlocked:               0 kB
SwapTotal:        720184 kB
SwapFree:         720156 kB
Dirty:                20 kB
Writeback:             0 kB
AnonPages:        978404 kB
Mapped:           699108 kB
Shmem:             31400 kB
Slab:             118080 kB
SReclaimable:      36440 kB
SUnreclaim:        81640 kB
KernelStack:       34032 kB
PageTables:        56640 kB
NFS_Unstable:          0 kB
Bounce:                0 kB
WritebackTmp:          0 kB
CommitLimit:     2172840 kB
Committed_AS:   93110088 kB
VmallocTotal:   251658176 kB
VmallocUsed:      139900 kB
VmallocChunk:   251431980 kB
Time pass: 301 sec

---2015-12-05 14:07:44
MemTotal:        2905316 kB
MemFree:           68612 kB
Buffers:           25516 kB
Cached:          1032176 kB
SwapCached:            0 kB
Active:          1314488 kB
Inactive:         708652 kB
Active(anon):     807732 kB
Inactive(anon):   201576 kB
Active(file):     506756 kB
Inactive(file):   507076 kB
Unevictable:       12456 kB
Mlocked:               0 kB
SwapTotal:        720184 kB
SwapFree:         720156 kB
Dirty:                20 kB
Writeback:             0 kB
AnonPages:        977812 kB
Mapped:           699124 kB
Shmem:             31404 kB
Slab:             118080 kB
SReclaimable:      36440 kB
SUnreclaim:        81640 kB
KernelStack:       34048 kB
PageTables:        56640 kB
NFS_Unstable:          0 kB
Bounce:                0 kB
WritebackTmp:          0 kB
CommitLimit:     2172840 kB
Committed_AS:   93110048 kB
VmallocTotal:   251658176 kB
VmallocUsed:      139900 kB
VmallocChunk:   251431980 kB
Time pass: 304 sec

---2015-12-05 14:07:44
MemTotal:        2905316 kB
MemFree:           69056 kB
Buffers:           25524 kB
Cached:          1032176 kB
SwapCached:            0 kB
Active:          1314516 kB
Inactive:         708660 kB
Active(anon):     807760 kB
Inactive(anon):   201576 kB
Active(file):     506756 kB
Inactive(file):   507084 kB
Unevictable:       12456 kB
Mlocked:               0 kB
SwapTotal:        720184 kB
SwapFree:         720156 kB
Dirty:                 8 kB
Writeback:             0 kB
AnonPages:        978080 kB
Mapped:           699128 kB
Shmem:             31404 kB
Slab:             118096 kB
SReclaimable:      36456 kB
SUnreclaim:        81640 kB
KernelStack:       34032 kB
PageTables:        56640 kB
NFS_Unstable:          0 kB
Bounce:                0 kB
WritebackTmp:          0 kB
CommitLimit:     2172840 kB
Committed_AS:   93110020 kB
VmallocTotal:   251658176 kB
VmallocUsed:      139900 kB
VmallocChunk:   251431980 kB
Time pass: 308 sec

---2015-12-05 14:07:44
MemTotal:        2905316 kB
MemFree:           68632 kB
Buffers:           25524 kB
Cached:          1032180 kB
SwapCached:            0 kB
Active:          1314768 kB
Inactive:         708660 kB
Active(anon):     808008 kB
Inactive(anon):   201576 kB
Active(file):     506760 kB
Inactive(file):   507084 kB
Unevictable:       12456 kB
Mlocked:               0 kB
SwapTotal:        720184 kB
SwapFree:         720156 kB
Dirty:                12 kB
Writeback:             0 kB
AnonPages:        978144 kB
Mapped:           699136 kB
Shmem:             31404 kB
Slab:             118096 kB
SReclaimable:      36456 kB
SUnreclaim:        81640 kB
KernelStack:       34000 kB
PageTables:        56640 kB
NFS_Unstable:          0 kB
Bounce:                0 kB
WritebackTmp:          0 kB
CommitLimit:     2172840 kB
Committed_AS:   93110028 kB
VmallocTotal:   251658176 kB
VmallocUsed:      139900 kB
VmallocChunk:   251431980 kB
Time pass: 312 sec

---2015-12-05 14:07:44
MemTotal:        2905316 kB
MemFree:           67812 kB
Buffers:           25532 kB
Cached:          1032180 kB
SwapCached:            0 kB
Active:          1314996 kB
Inactive:         708668 kB
Active(anon):     808236 kB
Inactive(anon):   201576 kB
Active(file):     506760 kB
Inactive(file):   507092 kB
Unevictable:       12456 kB
Mlocked:               0 kB
SwapTotal:        720184 kB
SwapFree:         720156 kB
Dirty:                16 kB
Writeback:             0 kB
AnonPages:        978176 kB
Mapped:           699200 kB
Shmem:             31404 kB
Slab:             118096 kB
SReclaimable:      36456 kB
SUnreclaim:        81640 kB
KernelStack:       34016 kB
PageTables:        56664 kB
NFS_Unstable:          0 kB
Bounce:                0 kB
WritebackTmp:          0 kB
CommitLimit:     2172840 kB
Committed_AS:   93109968 kB
VmallocTotal:   251658176 kB
VmallocUsed:      139900 kB
VmallocChunk:   251431980 kB
Time pass: 316 sec

---2015-12-05 14:07:44
MemTotal:        2905316 kB
MemFree:           67356 kB
Buffers:           25540 kB
Cached:          1032248 kB
SwapCached:            0 kB
Active:          1315648 kB
Inactive:         708740 kB
Active(anon):     808884 kB
Inactive(anon):   201640 kB
Active(file):     506764 kB
Inactive(file):   507100 kB
Unevictable:       12456 kB
Mlocked:               0 kB
SwapTotal:        720184 kB
SwapFree:         720156 kB
Dirty:                12 kB
Writeback:             0 kB
AnonPages:        978920 kB
Mapped:           699268 kB
Shmem:             31468 kB
Slab:             118096 kB
SReclaimable:      36456 kB
SUnreclaim:        81640 kB
KernelStack:       33984 kB
PageTables:        56712 kB
NFS_Unstable:          0 kB
Bounce:                0 kB
WritebackTmp:          0 kB
CommitLimit:     2172840 kB
Committed_AS:   93136596 kB
VmallocTotal:   251658176 kB
VmallocUsed:      139900 kB
VmallocChunk:   251431980 kB
Time pass: 319 sec

---2015-12-05 14:07:44
MemTotal:        2905316 kB
MemFree:           67408 kB
Buffers:           25548 kB
Cached:          1032248 kB
SwapCached:            0 kB
Active:          1315844 kB
Inactive:         708748 kB
Active(anon):     809080 kB
Inactive(anon):   201640 kB
Active(file):     506764 kB
Inactive(file):   507108 kB
Unevictable:       12456 kB
Mlocked:               0 kB
SwapTotal:        720184 kB
SwapFree:         720156 kB
Dirty:                20 kB
Writeback:             0 kB
AnonPages:        979072 kB
Mapped:           699276 kB
Shmem:             31468 kB
Slab:             118096 kB
SReclaimable:      36456 kB
SUnreclaim:        81640 kB
KernelStack:       33968 kB
PageTables:        56712 kB
NFS_Unstable:          0 kB
Bounce:                0 kB
WritebackTmp:          0 kB
CommitLimit:     2172840 kB
Committed_AS:   93136544 kB
VmallocTotal:   251658176 kB
VmallocUsed:      139900 kB
VmallocChunk:   251431980 kB
Time pass: 323 sec

---2015-12-05 14:07:44
MemTotal:        2905316 kB
MemFree:           67440 kB
Buffers:           25548 kB
Cached:          1032276 kB
SwapCached:            0 kB
Active:          1315780 kB
Inactive:         708776 kB
Active(anon):     809016 kB
Inactive(anon):   201668 kB
Active(file):     506764 kB
Inactive(file):   507108 kB
Unevictable:       12456 kB
Mlocked:               0 kB
SwapTotal:        720184 kB
SwapFree:         720156 kB
Dirty:                20 kB
Writeback:             0 kB
AnonPages:        979280 kB
Mapped:           699248 kB
Shmem:             31496 kB
Slab:             118096 kB
SReclaimable:      36456 kB
SUnreclaim:        81640 kB
KernelStack:       33968 kB
PageTables:        56692 kB
NFS_Unstable:          0 kB
Bounce:                0 kB
WritebackTmp:          0 kB
CommitLimit:     2172840 kB
Committed_AS:   93136544 kB
VmallocTotal:   251658176 kB
VmallocUsed:      139900 kB
VmallocChunk:   251431980 kB
Time pass: 327 sec

---2015-12-05 14:07:44
MemTotal:        2905316 kB
MemFree:           71656 kB
Buffers:           25564 kB
Cached:          1032288 kB
SwapCached:            0 kB
Active:          1311568 kB
Inactive:         708796 kB
Active(anon):     804800 kB
Inactive(anon):   201668 kB
Active(file):     506768 kB
Inactive(file):   507128 kB
Unevictable:       12456 kB
Mlocked:               0 kB
SwapTotal:        720184 kB
SwapFree:         720156 kB
Dirty:                32 kB
Writeback:             0 kB
AnonPages:        974936 kB
Mapped:           699336 kB
Shmem:             31500 kB
Slab:             118096 kB
SReclaimable:      36456 kB
SUnreclaim:        81640 kB
KernelStack:       33968 kB
PageTables:        56720 kB
NFS_Unstable:          0 kB
Bounce:                0 kB
WritebackTmp:          0 kB
CommitLimit:     2172840 kB
Committed_AS:   93136544 kB
VmallocTotal:   251658176 kB
VmallocUsed:      139900 kB
VmallocChunk:   251431980 kB
Time pass: 331 sec

---2015-12-05 14:07:44
MemTotal:        2905316 kB
MemFree:           76100 kB
Buffers:           25572 kB
Cached:          1032288 kB
SwapCached:            0 kB
Active:          1306688 kB
Inactive:         708800 kB
Active(anon):     799920 kB
Inactive(anon):   201664 kB
Active(file):     506768 kB
Inactive(file):   507136 kB
Unevictable:       12456 kB
Mlocked:               0 kB
SwapTotal:        720184 kB
SwapFree:         720156 kB
Dirty:                16 kB
Writeback:             0 kB
AnonPages:        970216 kB
Mapped:           699340 kB
Shmem:             31500 kB
Slab:             118096 kB
SReclaimable:      36456 kB
SUnreclaim:        81640 kB
KernelStack:       33936 kB
PageTables:        56720 kB
NFS_Unstable:          0 kB
Bounce:                0 kB
WritebackTmp:          0 kB
CommitLimit:     2172840 kB
Committed_AS:   93136556 kB
VmallocTotal:   251658176 kB
VmallocUsed:      139900 kB
VmallocChunk:   251431980 kB
Time pass: 335 sec

---2015-12-05 14:07:44
MemTotal:        2905316 kB
MemFree:           75448 kB
Buffers:           25580 kB
Cached:          1032284 kB
SwapCached:            0 kB
Active:          1306904 kB
Inactive:         708800 kB
Active(anon):     800132 kB
Inactive(anon):   201664 kB
Active(file):     506772 kB
Inactive(file):   507136 kB
Unevictable:       12456 kB
Mlocked:               0 kB
SwapTotal:        720184 kB
SwapFree:         720156 kB
Dirty:                 4 kB
Writeback:             0 kB
AnonPages:        970480 kB
Mapped:           699340 kB
Shmem:             31500 kB
Slab:             118092 kB
SReclaimable:      36456 kB
SUnreclaim:        81636 kB
KernelStack:       33968 kB
PageTables:        56716 kB
NFS_Unstable:          0 kB
Bounce:                0 kB
WritebackTmp:          0 kB
CommitLimit:     2172840 kB
Committed_AS:   93136544 kB
VmallocTotal:   251658176 kB
VmallocUsed:      139900 kB
VmallocChunk:   251431980 kB
Time pass: 339 sec

---2015-12-05 14:07:44
MemTotal:        2905316 kB
MemFree:           75608 kB
Buffers:           25580 kB
Cached:          1032292 kB
SwapCached:            0 kB
Active:          1307040 kB
Inactive:         708808 kB
Active(anon):     800268 kB
Inactive(anon):   201664 kB
Active(file):     506772 kB
Inactive(file):   507144 kB
Unevictable:       12456 kB
Mlocked:               0 kB
SwapTotal:        720184 kB
SwapFree:         720156 kB
Dirty:                16 kB
Writeback:             0 kB
AnonPages:        970620 kB
Mapped:           699348 kB
Shmem:             31500 kB
Slab:             118092 kB
SReclaimable:      36456 kB
SUnreclaim:        81636 kB
KernelStack:       33952 kB
PageTables:        56720 kB
NFS_Unstable:          0 kB
Bounce:                0 kB
WritebackTmp:          0 kB
CommitLimit:     2172840 kB
Committed_AS:   93136504 kB
VmallocTotal:   251658176 kB
VmallocUsed:      139900 kB
VmallocChunk:   251431980 kB
Time pass: 342 sec

---2015-12-05 14:07:44
MemTotal:        2905316 kB
MemFree:           75600 kB
Buffers:           25588 kB
Cached:          1032292 kB
SwapCached:            0 kB
Active:          1306948 kB
Inactive:         708816 kB
Active(anon):     800176 kB
Inactive(anon):   201664 kB
Active(file):     506772 kB
Inactive(file):   507152 kB
Unevictable:       12456 kB
Mlocked:               0 kB
SwapTotal:        720184 kB
SwapFree:         720156 kB
Dirty:                 8 kB
Writeback:             0 kB
AnonPages:        970324 kB
Mapped:           699352 kB
Shmem:             31500 kB
Slab:             118092 kB
SReclaimable:      36456 kB
SUnreclaim:        81636 kB
KernelStack:       33952 kB
PageTables:        56720 kB
NFS_Unstable:          0 kB
Bounce:                0 kB
WritebackTmp:          0 kB
CommitLimit:     2172840 kB
Committed_AS:   93136500 kB
VmallocTotal:   251658176 kB
VmallocUsed:      139900 kB
VmallocChunk:   251431980 kB
Time pass: 346 sec

---2015-12-05 14:07:44
MemTotal:        2905316 kB
MemFree:           75076 kB
Buffers:           25596 kB
Cached:          1032356 kB
SwapCached:            0 kB
Active:          1307796 kB
Inactive:         708876 kB
Active(anon):     801020 kB
Inactive(anon):   201724 kB
Active(file):     506776 kB
Inactive(file):   507152 kB
Unevictable:       12456 kB
Mlocked:               0 kB
SwapTotal:        720184 kB
SwapFree:         720156 kB
Dirty:                24 kB
Writeback:             0 kB
AnonPages:        971172 kB
Mapped:           699496 kB
Shmem:             31560 kB
Slab:             118092 kB
SReclaimable:      36456 kB
SUnreclaim:        81636 kB
KernelStack:       33920 kB
PageTables:        56772 kB
NFS_Unstable:          0 kB
Bounce:                0 kB
WritebackTmp:          0 kB
CommitLimit:     2172840 kB
Committed_AS:   93163112 kB
VmallocTotal:   251658176 kB
VmallocUsed:      139900 kB
VmallocChunk:   251431980 kB
Time pass: 350 sec

---2015-12-05 14:07:44
MemTotal:        2905316 kB
MemFree:           74832 kB
Buffers:           25596 kB
Cached:          1032368 kB
SwapCached:            0 kB
Active:          1308128 kB
Inactive:         708892 kB
Active(anon):     801348 kB
Inactive(anon):   201728 kB
Active(file):     506780 kB
Inactive(file):   507164 kB
Unevictable:       12456 kB
Mlocked:               0 kB
SwapTotal:        720184 kB
SwapFree:         720156 kB
Dirty:                36 kB
Writeback:             0 kB
AnonPages:        971548 kB
Mapped:           699512 kB
Shmem:             31564 kB
Slab:             118092 kB
SReclaimable:      36456 kB
SUnreclaim:        81636 kB
KernelStack:       33936 kB
PageTables:        56760 kB
NFS_Unstable:          0 kB
Bounce:                0 kB
WritebackTmp:          0 kB
CommitLimit:     2172840 kB
Committed_AS:   93163124 kB
VmallocTotal:   251658176 kB
VmallocUsed:      139900 kB
VmallocChunk:   251431980 kB
Time pass: 354 sec

---2015-12-05 14:07:44
MemTotal:        2905316 kB
MemFree:           74272 kB
Buffers:           25604 kB
Cached:          1032480 kB
SwapCached:            0 kB
Active:          1308248 kB
Inactive:         708996 kB
Active(anon):     801452 kB
Inactive(anon):   201732 kB
Active(file):     506796 kB
Inactive(file):   507264 kB
Unevictable:       12456 kB
Mlocked:               0 kB
SwapTotal:        720184 kB
SwapFree:         720156 kB
Dirty:                36 kB
Writeback:             0 kB
AnonPages:        971608 kB
Mapped:           699492 kB
Shmem:             31568 kB
Slab:             118060 kB
SReclaimable:      36456 kB
SUnreclaim:        81604 kB
KernelStack:       34000 kB
PageTables:        56744 kB
NFS_Unstable:          0 kB
Bounce:                0 kB
WritebackTmp:          0 kB
CommitLimit:     2172840 kB
Committed_AS:   93163196 kB
VmallocTotal:   251658176 kB
VmallocUsed:      139900 kB
VmallocChunk:   251431980 kB
Time pass: 358 sec

---2015-12-05 14:07:44
MemTotal:        2905316 kB
MemFree:           73648 kB
Buffers:           25612 kB
Cached:          1032848 kB
SwapCached:            0 kB
Active:          1308812 kB
Inactive:         709340 kB
Active(anon):     801984 kB
Inactive(anon):   201732 kB
Active(file):     506828 kB
Inactive(file):   507608 kB
Unevictable:       12456 kB
Mlocked:               0 kB
SwapTotal:        720184 kB
SwapFree:         720156 kB
Dirty:                24 kB
Writeback:             0 kB
AnonPages:        971868 kB
Mapped:           699676 kB
Shmem:             31568 kB
Slab:             118060 kB
SReclaimable:      36456 kB
SUnreclaim:        81604 kB
KernelStack:       34032 kB
PageTables:        56772 kB
NFS_Unstable:          0 kB
Bounce:                0 kB
WritebackTmp:          0 kB
CommitLimit:     2172840 kB
Committed_AS:   93163268 kB
VmallocTotal:   251658176 kB
VmallocUsed:      139900 kB
VmallocChunk:   251431980 kB
Time pass: 361 sec

---2015-12-05 14:07:44
MemTotal:        2905316 kB
MemFree:           73224 kB
Buffers:           25612 kB
Cached:          1032860 kB
SwapCached:            0 kB
Active:          1309448 kB
Inactive:         709352 kB
Active(anon):     802620 kB
Inactive(anon):   201732 kB
Active(file):     506828 kB
Inactive(file):   507620 kB
Unevictable:       12456 kB
Mlocked:               0 kB
SwapTotal:        720184 kB
SwapFree:         720156 kB
Dirty:                12 kB
Writeback:             0 kB
AnonPages:        972676 kB
Mapped:           699680 kB
Shmem:             31568 kB
Slab:             118060 kB
SReclaimable:      36456 kB
SUnreclaim:        81604 kB
KernelStack:       34032 kB
PageTables:        56768 kB
NFS_Unstable:          0 kB
Bounce:                0 kB
WritebackTmp:          0 kB
CommitLimit:     2172840 kB
Committed_AS:   93163280 kB
VmallocTotal:   251658176 kB
VmallocUsed:      139900 kB
VmallocChunk:   251431980 kB
Time pass: 365 sec

---2015-12-05 14:07:44
MemTotal:        2905316 kB
MemFree:           73024 kB
Buffers:           25620 kB
Cached:          1032864 kB
SwapCached:            0 kB
Active:          1309512 kB
Inactive:         709356 kB
Active(anon):     802676 kB
Inactive(anon):   201732 kB
Active(file):     506836 kB
Inactive(file):   507624 kB
Unevictable:       12456 kB
Mlocked:               0 kB
SwapTotal:        720184 kB
SwapFree:         720156 kB
Dirty:                52 kB
Writeback:             0 kB
AnonPages:        972836 kB
Mapped:           699688 kB
Shmem:             31568 kB
Slab:             118060 kB
SReclaimable:      36456 kB
SUnreclaim:        81604 kB
KernelStack:       34032 kB
PageTables:        56772 kB
NFS_Unstable:          0 kB
Bounce:                0 kB
WritebackTmp:          0 kB
CommitLimit:     2172840 kB
Committed_AS:   93163292 kB
VmallocTotal:   251658176 kB
VmallocUsed:      139900 kB
VmallocChunk:   251431980 kB
Time pass: 369 sec

---2015-12-05 14:07:44
MemTotal:        2905316 kB
MemFree:           73504 kB
Buffers:           25628 kB
Cached:          1032876 kB
SwapCached:            0 kB
Active:          1308960 kB
Inactive:         709372 kB
Active(anon):     802124 kB
Inactive(anon):   201732 kB
Active(file):     506836 kB
Inactive(file):   507640 kB
Unevictable:       12456 kB
Mlocked:               0 kB
SwapTotal:        720184 kB
SwapFree:         720156 kB
Dirty:                48 kB
Writeback:             0 kB
AnonPages:        972244 kB
Mapped:           699644 kB
Shmem:             31568 kB
Slab:             118060 kB
SReclaimable:      36456 kB
SUnreclaim:        81604 kB
KernelStack:       34032 kB
PageTables:        56748 kB
NFS_Unstable:          0 kB
Bounce:                0 kB
WritebackTmp:          0 kB
CommitLimit:     2172840 kB
Committed_AS:   93163268 kB
VmallocTotal:   251658176 kB
VmallocUsed:      139900 kB
VmallocChunk:   251431980 kB
Time pass: 373 sec

---2015-12-05 14:07:44
MemTotal:        2905316 kB
MemFree:           72904 kB
Buffers:           25636 kB
Cached:          1032876 kB
SwapCached:            0 kB
Active:          1309612 kB
Inactive:         709380 kB
Active(anon):     802772 kB
Inactive(anon):   201732 kB
Active(file):     506840 kB
Inactive(file):   507648 kB
Unevictable:       12456 kB
Mlocked:               0 kB
SwapTotal:        720184 kB
SwapFree:         720156 kB
Dirty:                28 kB
Writeback:             0 kB
AnonPages:        972920 kB
Mapped:           699644 kB
Shmem:             31568 kB
Slab:             118060 kB
SReclaimable:      36456 kB
SUnreclaim:        81604 kB
KernelStack:       34032 kB
PageTables:        56748 kB
NFS_Unstable:          0 kB
Bounce:                0 kB
WritebackTmp:          0 kB
CommitLimit:     2172840 kB
Committed_AS:   93163276 kB
VmallocTotal:   251658176 kB
VmallocUsed:      139900 kB
VmallocChunk:   251431980 kB
Time pass: 377 sec

---2015-12-05 14:07:44
MemTotal:        2905316 kB
MemFree:           72432 kB
Buffers:           25636 kB
Cached:          1032936 kB
SwapCached:            0 kB
Active:          1309700 kB
Inactive:         709440 kB
Active(anon):     802860 kB
Inactive(anon):   201792 kB
Active(file):     506840 kB
Inactive(file):   507648 kB
Unevictable:       12456 kB
Mlocked:               0 kB
SwapTotal:        720184 kB
SwapFree:         720156 kB
Dirty:                 0 kB
Writeback:             0 kB
AnonPages:        973104 kB
Mapped:           699708 kB
Shmem:             31628 kB
Slab:             118068 kB
SReclaimable:      36456 kB
SUnreclaim:        81612 kB
KernelStack:       34032 kB
PageTables:        56800 kB
NFS_Unstable:          0 kB
Bounce:                0 kB
WritebackTmp:          0 kB
CommitLimit:     2172840 kB
Committed_AS:   93189928 kB
VmallocTotal:   251658176 kB
VmallocUsed:      139900 kB
VmallocChunk:   251431980 kB
Time pass: 380 sec

---2015-12-05 14:07:44
MemTotal:        2905316 kB
MemFree:           72184 kB
Buffers:           25644 kB
Cached:          1032940 kB
SwapCached:            0 kB
Active:          1309800 kB
Inactive:         709448 kB
Active(anon):     802956 kB
Inactive(anon):   201792 kB
Active(file):     506844 kB
Inactive(file):   507656 kB
Unevictable:       12456 kB
Mlocked:               0 kB
SwapTotal:        720184 kB
SwapFree:         720156 kB
Dirty:                20 kB
Writeback:             0 kB
AnonPages:        973072 kB
Mapped:           699708 kB
Shmem:             31628 kB
Slab:             118068 kB
SReclaimable:      36456 kB
SUnreclaim:        81612 kB
KernelStack:       34032 kB
PageTables:        56800 kB
NFS_Unstable:          0 kB
Bounce:                0 kB
WritebackTmp:          0 kB
CommitLimit:     2172840 kB
Committed_AS:   93189928 kB
VmallocTotal:   251658176 kB
VmallocUsed:      139900 kB
VmallocChunk:   251431980 kB
Time pass: 384 sec

---2015-12-05 14:07:44
MemTotal:        2905316 kB
MemFree:           72440 kB
Buffers:           25652 kB
Cached:          1032940 kB
SwapCached:            0 kB
Active:          1309892 kB
Inactive:         709456 kB
Active(anon):     803048 kB
Inactive(anon):   201792 kB
Active(file):     506844 kB
Inactive(file):   507664 kB
Unevictable:       12456 kB
Mlocked:               0 kB
SwapTotal:        720184 kB
SwapFree:         720156 kB
Dirty:                20 kB
Writeback:             0 kB
AnonPages:        973096 kB
Mapped:           699768 kB
Shmem:             31628 kB
Slab:             118068 kB
SReclaimable:      36456 kB
SUnreclaim:        81612 kB
KernelStack:       34032 kB
PageTables:        56824 kB
NFS_Unstable:          0 kB
Bounce:                0 kB
WritebackTmp:          0 kB
CommitLimit:     2172840 kB
Committed_AS:   93189892 kB
VmallocTotal:   251658176 kB
VmallocUsed:      139900 kB
VmallocChunk:   251431980 kB
Time pass: 388 sec

---2015-12-05 14:07:44
MemTotal:        2905316 kB
MemFree:           71908 kB
Buffers:           25652 kB
Cached:          1032948 kB
SwapCached:            0 kB
Active:          1310184 kB
Inactive:         709456 kB
