---2015-12-05 00:15:17
MemTotal:        2873608 kB
MemFree:          101032 kB
Buffers:           22736 kB
Cached:          1301504 kB
SwapCached:            0 kB
Active:          1275756 kB
Inactive:         956896 kB
Active(anon):     727428 kB
Inactive(anon):   190984 kB
Active(file):     548328 kB
Inactive(file):   765912 kB
Unevictable:        8104 kB
Mlocked:               0 kB
SwapTotal:        718400 kB
SwapFree:         718400 kB
Dirty:               156 kB
Writeback:           220 kB
AnonPages:        913500 kB
Mapped:           438048 kB
Shmem:              1792 kB
Slab:              97264 kB
SReclaimable:      31904 kB
SUnreclaim:        65360 kB
KernelStack:       36736 kB
PageTables:        49940 kB
NFS_Unstable:          0 kB
Bounce:                0 kB
WritebackTmp:          0 kB
CommitLimit:     2155204 kB
Committed_AS:   126122004 kB
VmallocTotal:   251658176 kB
VmallocUsed:      138172 kB
VmallocChunk:   251423788 kB
Time pass: 3 sec

---2015-12-05 00:15:17
MemTotal:        2873608 kB
MemFree:          101068 kB
Buffers:           22972 kB
Cached:          1302956 kB
SwapCached:            0 kB
Active:          1296220 kB
Inactive:         941564 kB
Active(anon):     730816 kB
Inactive(anon):   190908 kB
Active(file):     565404 kB
Inactive(file):   750656 kB
Unevictable:        8104 kB
Mlocked:               0 kB
SwapTotal:        718400 kB
SwapFree:         718400 kB
Dirty:               412 kB
Writeback:             0 kB
AnonPages:        920188 kB
Mapped:           457508 kB
Shmem:              1736 kB
Slab:              96992 kB
SReclaimable:      31892 kB
SUnreclaim:        65100 kB
KernelStack:       35824 kB
PageTables:        48292 kB
NFS_Unstable:          0 kB
Bounce:                0 kB
WritebackTmp:          0 kB
CommitLimit:     2155204 kB
Committed_AS:   120052140 kB
VmallocTotal:   251658176 kB
VmallocUsed:      133932 kB
VmallocChunk:   251416620 kB
Time pass: 7 sec

---2015-12-05 00:15:17
MemTotal:        2873608 kB
MemFree:          113564 kB
Buffers:           23016 kB
Cached:          1302944 kB
SwapCached:            0 kB
Active:          1288140 kB
Inactive:         935756 kB
Active(anon):     716872 kB
Inactive(anon):   190892 kB
Active(file):     571268 kB
Inactive(file):   744864 kB
Unevictable:        8104 kB
Mlocked:               0 kB
SwapTotal:        718400 kB
SwapFree:         718400 kB
Dirty:               892 kB
Writeback:             0 kB
AnonPages:        906384 kB
Mapped:           480992 kB
Shmem:              1724 kB
Slab:              96584 kB
SReclaimable:      31900 kB
SUnreclaim:        64684 kB
KernelStack:       36192 kB
PageTables:        48724 kB
NFS_Unstable:          0 kB
Bounce:                0 kB
WritebackTmp:          0 kB
CommitLimit:     2155204 kB
Committed_AS:   120254504 kB
VmallocTotal:   251658176 kB
VmallocUsed:      135088 kB
VmallocChunk:   251416620 kB
Time pass: 11 sec

---2015-12-05 00:15:17
MemTotal:        2873608 kB
MemFree:           82560 kB
Buffers:           24632 kB
Cached:          1304472 kB
SwapCached:            0 kB
Active:          1314100 kB
Inactive:         938720 kB
Active(anon):     742656 kB
Inactive(anon):   191028 kB
Active(file):     571444 kB
Inactive(file):   747692 kB
Unevictable:        8104 kB
Mlocked:               0 kB
SwapTotal:        718400 kB
SwapFree:         718400 kB
Dirty:              6460 kB
Writeback:             0 kB
AnonPages:        931712 kB
Mapped:           496036 kB
Shmem:              1864 kB
Slab:              96664 kB
SReclaimable:      31800 kB
SUnreclaim:        64864 kB
KernelStack:       36720 kB
PageTables:        47676 kB
NFS_Unstable:          0 kB
Bounce:                0 kB
WritebackTmp:          0 kB
CommitLimit:     2155204 kB
Committed_AS:   116682900 kB
VmallocTotal:   251658176 kB
VmallocUsed:      134228 kB
VmallocChunk:   251416620 kB
Time pass: 15 sec

---2015-12-05 00:15:17
MemTotal:        2873608 kB
MemFree:          107868 kB
Buffers:           24664 kB
Cached:          1313760 kB
SwapCached:            0 kB
Active:          1322272 kB
Inactive:         905552 kB
Active(anon):     708628 kB
Inactive(anon):   191092 kB
Active(file):     613644 kB
Inactive(file):   714460 kB
Unevictable:        8104 kB
Mlocked:               0 kB
SwapTotal:        718400 kB
SwapFree:         718400 kB
Dirty:               204 kB
Writeback:             0 kB
AnonPages:        897736 kB
Mapped:           470492 kB
Shmem:              1928 kB
Slab:              96520 kB
SReclaimable:      31704 kB
SUnreclaim:        64816 kB
KernelStack:       36768 kB
PageTables:        48832 kB
NFS_Unstable:          0 kB
Bounce:                0 kB
WritebackTmp:          0 kB
CommitLimit:     2155204 kB
Committed_AS:   120964256 kB
VmallocTotal:   251658176 kB
VmallocUsed:      136268 kB
VmallocChunk:   251416620 kB
Time pass: 18 sec

---2015-12-05 00:15:17
MemTotal:        2873608 kB
MemFree:           69220 kB
Buffers:           24012 kB
Cached:          1209656 kB
SwapCached:            0 kB
Active:          1387516 kB
Inactive:         807436 kB
Active(anon):     778064 kB
Inactive(anon):   198296 kB
Active(file):     609452 kB
Inactive(file):   609140 kB
Unevictable:       13568 kB
Mlocked:               0 kB
SwapTotal:        718400 kB
SwapFree:         717548 kB
Dirty:              1636 kB
Writeback:             8 kB
AnonPages:        972752 kB
Mapped:           468876 kB
Shmem:              1320 kB
Slab:              97428 kB
SReclaimable:      31848 kB
SUnreclaim:        65580 kB
KernelStack:       38208 kB
PageTables:        48668 kB
NFS_Unstable:          0 kB
Bounce:                0 kB
WritebackTmp:          0 kB
CommitLimit:     2155204 kB
Committed_AS:   118651792 kB
VmallocTotal:   251658176 kB
VmallocUsed:      134772 kB
VmallocChunk:   251435052 kB
Time pass: 22 sec

---2015-12-05 00:15:17
MemTotal:        2873608 kB
MemFree:          134772 kB
Buffers:           24988 kB
Cached:          1155964 kB
SwapCached:            0 kB
Active:          1302904 kB
Inactive:         777484 kB
Active(anon):     717292 kB
Inactive(anon):   196752 kB
Active(file):     585612 kB
Inactive(file):   580732 kB
Unevictable:       13568 kB
Mlocked:               0 kB
SwapTotal:        718400 kB
SwapFree:         716720 kB
Dirty:              1188 kB
Writeback:             0 kB
AnonPages:        912808 kB
Mapped:           521252 kB
Shmem:              1188 kB
Slab:              97620 kB
SReclaimable:      31732 kB
SUnreclaim:        65888 kB
KernelStack:       37424 kB
PageTables:        48756 kB
NFS_Unstable:          0 kB
Bounce:                0 kB
WritebackTmp:          0 kB
CommitLimit:     2155204 kB
Committed_AS:   119771584 kB
VmallocTotal:   251658176 kB
VmallocUsed:      135240 kB
VmallocChunk:   251435052 kB
Time pass: 26 sec

---2015-12-05 00:15:17
MemTotal:        2873608 kB
MemFree:           78224 kB
Buffers:           25332 kB
Cached:          1157844 kB
SwapCached:            0 kB
Active:          1354076 kB
Inactive:         778796 kB
Active(anon):     767696 kB
Inactive(anon):   196936 kB
Active(file):     586380 kB
Inactive(file):   581860 kB
Unevictable:       13568 kB
Mlocked:               0 kB
SwapTotal:        718400 kB
SwapFree:         716720 kB
Dirty:              1068 kB
Writeback:             0 kB
AnonPages:        963644 kB
Mapped:           539492 kB
Shmem:              1372 kB
Slab:              97436 kB
SReclaimable:      31700 kB
SUnreclaim:        65736 kB
KernelStack:       38032 kB
PageTables:        49728 kB
NFS_Unstable:          0 kB
Bounce:                0 kB
WritebackTmp:          0 kB
CommitLimit:     2155204 kB
Committed_AS:   120558876 kB
VmallocTotal:   251658176 kB
VmallocUsed:      137440 kB
VmallocChunk:   251435052 kB
Time pass: 30 sec

---2015-12-05 00:15:17
MemTotal:        2873608 kB
MemFree:           98048 kB
Buffers:           25228 kB
Cached:          1159324 kB
SwapCached:            0 kB
Active:          1334712 kB
Inactive:         778592 kB
Active(anon):     747224 kB
Inactive(anon):   196444 kB
Active(file):     587488 kB
Inactive(file):   582148 kB
Unevictable:       13568 kB
Mlocked:               0 kB
SwapTotal:        718400 kB
SwapFree:         716404 kB
Dirty:                12 kB
Writeback:             0 kB
AnonPages:        942764 kB
Mapped:           527460 kB
Shmem:              1260 kB
Slab:              97784 kB
SReclaimable:      31784 kB
SUnreclaim:        66000 kB
KernelStack:       38192 kB
PageTables:        50144 kB
NFS_Unstable:          0 kB
Bounce:                0 kB
WritebackTmp:          0 kB
CommitLimit:     2155204 kB
Committed_AS:   122809496 kB
VmallocTotal:   251658176 kB
VmallocUsed:      137440 kB
VmallocChunk:   251435052 kB
Time pass: 34 sec

---2015-12-05 00:15:17
MemTotal:        2873608 kB
MemFree:           69876 kB
Buffers:           23652 kB
Cached:          1166504 kB
SwapCached:            0 kB
Active:          1356836 kB
Inactive:         787952 kB
Active(anon):     773644 kB
Inactive(anon):   196092 kB
Active(file):     583192 kB
Inactive(file):   591860 kB
Unevictable:       13568 kB
Mlocked:               0 kB
SwapTotal:        718400 kB
SwapFree:         716328 kB
Dirty:               516 kB
Writeback:            12 kB
AnonPages:        968960 kB
Mapped:           529620 kB
Shmem:              1252 kB
Slab:              98824 kB
SReclaimable:      31872 kB
SUnreclaim:        66952 kB
KernelStack:       38992 kB
PageTables:        51444 kB
NFS_Unstable:          0 kB
Bounce:                0 kB
WritebackTmp:          0 kB
CommitLimit:     2155204 kB
Committed_AS:   125714748 kB
VmallocTotal:   251658176 kB
VmallocUsed:      138292 kB
VmallocChunk:   251435052 kB
Time pass: 38 sec

---2015-12-05 00:15:17
MemTotal:        2873608 kB
MemFree:           69264 kB
Buffers:           19368 kB
Cached:          1171136 kB
SwapCached:            0 kB
Active:          1365852 kB
Inactive:         782432 kB
Active(anon):     776520 kB
Inactive(anon):   196216 kB
Active(file):     589332 kB
Inactive(file):   586216 kB
Unevictable:       13568 kB
Mlocked:               0 kB
SwapTotal:        718400 kB
SwapFree:         716328 kB
Dirty:               488 kB
Writeback:             0 kB
AnonPages:        971564 kB
Mapped:           529044 kB
Shmem:              1124 kB
Slab:              98528 kB
SReclaimable:      31724 kB
SUnreclaim:        66804 kB
KernelStack:       38128 kB
PageTables:        50588 kB
NFS_Unstable:          0 kB
Bounce:                0 kB
WritebackTmp:          0 kB
CommitLimit:     2155204 kB
Committed_AS:   122696064 kB
VmallocTotal:   251658176 kB
VmallocUsed:      136252 kB
VmallocChunk:   251411500 kB
Time pass: 41 sec

---2015-12-05 00:15:17
MemTotal:        2873608 kB
MemFree:           70424 kB
Buffers:           17664 kB
Cached:          1088048 kB
SwapCached:            0 kB
Active:          1332368 kB
Inactive:         741640 kB
Active(anon):     785460 kB
Inactive(anon):   197756 kB
Active(file):     546908 kB
Inactive(file):   543884 kB
Unevictable:       13568 kB
Mlocked:               0 kB
SwapTotal:        718400 kB
SwapFree:         715272 kB
Dirty:               472 kB
Writeback:             0 kB
AnonPages:        981952 kB
Mapped:           538452 kB
Shmem:              1132 kB
Slab:              98400 kB
SReclaimable:      31748 kB
SUnreclaim:        66652 kB
KernelStack:       38128 kB
PageTables:        51008 kB
NFS_Unstable:          0 kB
Bounce:                0 kB
WritebackTmp:          0 kB
CommitLimit:     2155204 kB
Committed_AS:   123225328 kB
VmallocTotal:   251658176 kB
VmallocUsed:      136496 kB
VmallocChunk:   251411500 kB
Time pass: 45 sec

---2015-12-05 00:15:17
MemTotal:        2873608 kB
MemFree:           79608 kB
Buffers:           17664 kB
Cached:          1089152 kB
SwapCached:            0 kB
Active:          1323240 kB
Inactive:         742808 kB
Active(anon):     776180 kB
Inactive(anon):   197756 kB
Active(file):     547060 kB
Inactive(file):   545052 kB
Unevictable:       13568 kB
Mlocked:               0 kB
SwapTotal:        718400 kB
SwapFree:         715272 kB
Dirty:                 0 kB
Writeback:             0 kB
AnonPages:        972928 kB
Mapped:           531708 kB
Shmem:              1136 kB
Slab:              98248 kB
SReclaimable:      31764 kB
SUnreclaim:        66484 kB
KernelStack:       37632 kB
PageTables:        50000 kB
NFS_Unstable:          0 kB
Bounce:                0 kB
WritebackTmp:          0 kB
CommitLimit:     2155204 kB
Committed_AS:   120753240 kB
VmallocTotal:   251658176 kB
VmallocUsed:      134456 kB
VmallocChunk:   251411500 kB
Time pass: 49 sec

---2015-12-05 00:15:17
MemTotal:        2873608 kB
MemFree:           77956 kB
Buffers:           17816 kB
Cached:          1041704 kB
SwapCached:            0 kB
Active:          1328296 kB
Inactive:         725064 kB
Active(anon):     806340 kB
Inactive(anon):   203056 kB
Active(file):     521956 kB
Inactive(file):   522008 kB
Unevictable:       13568 kB
Mlocked:               0 kB
SwapTotal:        718400 kB
SwapFree:         714352 kB
Dirty:              1600 kB
Writeback:             0 kB
AnonPages:       1007424 kB
Mapped:           584188 kB
Shmem:              2148 kB
Slab:              98336 kB
SReclaimable:      31780 kB
SUnreclaim:        66556 kB
KernelStack:       37872 kB
PageTables:        50232 kB
NFS_Unstable:          0 kB
Bounce:                0 kB
WritebackTmp:          0 kB
CommitLimit:     2155204 kB
Committed_AS:   120769272 kB
VmallocTotal:   251658176 kB
VmallocUsed:      134656 kB
VmallocChunk:   251411500 kB
Time pass: 53 sec

---2015-12-05 00:15:17
MemTotal:        2873608 kB
MemFree:           77180 kB
Buffers:           17800 kB
Cached:          1028124 kB
SwapCached:            0 kB
Active:          1313700 kB
Inactive:         717916 kB
Active(anon):     798212 kB
Inactive(anon):   202192 kB
Active(file):     515488 kB
Inactive(file):   515724 kB
Unevictable:       13568 kB
Mlocked:               0 kB
SwapTotal:        718400 kB
SwapFree:         714256 kB
Dirty:               540 kB
Writeback:             0 kB
AnonPages:        999156 kB
Mapped:           605592 kB
Shmem:              1124 kB
Slab:              98416 kB
SReclaimable:      31780 kB
SUnreclaim:        66636 kB
KernelStack:       37664 kB
PageTables:        50392 kB
NFS_Unstable:          0 kB
Bounce:                0 kB
WritebackTmp:          0 kB
CommitLimit:     2155204 kB
Committed_AS:   120763708 kB
VmallocTotal:   251658176 kB
VmallocUsed:      134844 kB
VmallocChunk:   251411500 kB
Time pass: 56 sec

---2015-12-05 00:15:17
MemTotal:        2873608 kB
MemFree:           69520 kB
Buffers:           16128 kB
Cached:          1007092 kB
SwapCached:            0 kB
Active:          1333684 kB
Inactive:         709796 kB
Active(anon):     827720 kB
Inactive(anon):   207052 kB
Active(file):     505964 kB
Inactive(file):   502744 kB
Unevictable:       13568 kB
Mlocked:               0 kB
SwapTotal:        718400 kB
SwapFree:         713984 kB
Dirty:               208 kB
Writeback:             0 kB
AnonPages:       1033780 kB
Mapped:           626884 kB
Shmem:              1124 kB
Slab:              98184 kB
SReclaimable:      31700 kB
SUnreclaim:        66484 kB
KernelStack:       38336 kB
PageTables:        50508 kB
NFS_Unstable:          0 kB
Bounce:                0 kB
WritebackTmp:          0 kB
CommitLimit:     2155204 kB
Committed_AS:   120227304 kB
VmallocTotal:   251658176 kB
VmallocUsed:      134844 kB
VmallocChunk:   251411500 kB
Time pass: 60 sec

---2015-12-05 00:15:17
MemTotal:        2873608 kB
MemFree:          105860 kB
Buffers:           15712 kB
Cached:           986920 kB
SwapCached:            0 kB
Active:          1292980 kB
Inactive:         702588 kB
Active(anon):     799120 kB
Inactive(anon):   208508 kB
Active(file):     493860 kB
Inactive(file):   494080 kB
Unevictable:       13568 kB
Mlocked:               0 kB
SwapTotal:        718400 kB
SwapFree:         713804 kB
Dirty:               300 kB
Writeback:             0 kB
AnonPages:       1006548 kB
Mapped:           636728 kB
Shmem:              1124 kB
Slab:              98112 kB
SReclaimable:      31636 kB
SUnreclaim:        66476 kB
KernelStack:       38336 kB
PageTables:        50548 kB
NFS_Unstable:          0 kB
Bounce:                0 kB
WritebackTmp:          0 kB
CommitLimit:     2155204 kB
Committed_AS:   120227408 kB
VmallocTotal:   251658176 kB
VmallocUsed:      134956 kB
VmallocChunk:   251411500 kB
Time pass: 64 sec

---2015-12-05 00:15:17
MemTotal:        2873608 kB
MemFree:          106620 kB
Buffers:           15728 kB
Cached:           986980 kB
SwapCached:            0 kB
Active:          1293372 kB
Inactive:         702596 kB
Active(anon):     799504 kB
Inactive(anon):   208500 kB
Active(file):     493868 kB
Inactive(file):   494096 kB
Unevictable:       13568 kB
Mlocked:               0 kB
SwapTotal:        718400 kB
SwapFree:         713804 kB
Dirty:               196 kB
Writeback:             0 kB
AnonPages:       1006848 kB
Mapped:           636784 kB
Shmem:              1124 kB
Slab:              98096 kB
SReclaimable:      31652 kB
SUnreclaim:        66444 kB
KernelStack:       38336 kB
PageTables:        50576 kB
NFS_Unstable:          0 kB
Bounce:                0 kB
WritebackTmp:          0 kB
CommitLimit:     2155204 kB
Committed_AS:   120227500 kB
VmallocTotal:   251658176 kB
VmallocUsed:      134956 kB
VmallocChunk:   251411500 kB
Time pass: 67 sec

---2015-12-05 00:15:17
MemTotal:        2873608 kB
MemFree:           63596 kB
Buffers:           15736 kB
Cached:           982952 kB
SwapCached:            4 kB
Active:          1317904 kB
Inactive:         676004 kB
Active(anon):     802072 kB
Inactive(anon):   207812 kB
Active(file):     515832 kB
Inactive(file):   468192 kB
Unevictable:       13568 kB
Mlocked:               0 kB
SwapTotal:        718400 kB
SwapFree:         713336 kB
Dirty:               436 kB
Writeback:             0 kB
AnonPages:       1008696 kB
Mapped:           633696 kB
Shmem:              1124 kB
Slab:              98116 kB
SReclaimable:      31684 kB
SUnreclaim:        66432 kB
KernelStack:       38336 kB
PageTables:        50208 kB
NFS_Unstable:          0 kB
Bounce:                0 kB
WritebackTmp:          0 kB
CommitLimit:     2155204 kB
Committed_AS:   120228300 kB
VmallocTotal:   251658176 kB
VmallocUsed:      135068 kB
VmallocChunk:   251411500 kB
Time pass: 71 sec

---2015-12-05 00:15:17
MemTotal:        2873608 kB
MemFree:           66040 kB
Buffers:           15232 kB
Cached:           967372 kB
SwapCached:            0 kB
Active:          1311804 kB
Inactive:         677020 kB
Active(anon):     813916 kB
Inactive(anon):   206732 kB
Active(file):     497888 kB
Inactive(file):   470288 kB
Unevictable:       13568 kB
Mlocked:               0 kB
SwapTotal:        718400 kB
SwapFree:         712504 kB
Dirty:               656 kB
Writeback:             0 kB
AnonPages:       1020064 kB
Mapped:           642380 kB
Shmem:               692 kB
Slab:              98208 kB
SReclaimable:      31684 kB
SUnreclaim:        66524 kB
KernelStack:       38896 kB
PageTables:        50908 kB
NFS_Unstable:          0 kB
Bounce:                0 kB
WritebackTmp:          0 kB
CommitLimit:     2155204 kB
Committed_AS:   121466248 kB
VmallocTotal:   251658176 kB
VmallocUsed:      136136 kB
VmallocChunk:   251411500 kB
Time pass: 75 sec

---2015-12-05 00:15:17
MemTotal:        2873608 kB
MemFree:           67284 kB
Buffers:           15180 kB
Cached:           958160 kB
SwapCached:           12 kB
Active:          1317832 kB
Inactive:         671596 kB
Active(anon):     824348 kB
Inactive(anon):   205980 kB
Active(file):     493484 kB
Inactive(file):   465616 kB
Unevictable:       13568 kB
Mlocked:               0 kB
SwapTotal:        718400 kB
SwapFree:         711884 kB
Dirty:               396 kB
Writeback:             4 kB
AnonPages:       1029532 kB
Mapped:           639092 kB
Shmem:               692 kB
Slab:              98408 kB
SReclaimable:      31860 kB
SUnreclaim:        66548 kB
KernelStack:       38912 kB
PageTables:        50292 kB
NFS_Unstable:          0 kB
Bounce:                0 kB
WritebackTmp:          0 kB
CommitLimit:     2155204 kB
Committed_AS:   119729964 kB
VmallocTotal:   251658176 kB
VmallocUsed:      137532 kB
VmallocChunk:   251411500 kB
Time pass: 78 sec

---2015-12-05 00:15:17
MemTotal:        2873608 kB
MemFree:           64572 kB
Buffers:           15188 kB
Cached:           953380 kB
SwapCached:           12 kB
Active:          1320268 kB
Inactive:         671316 kB
Active(anon):     830096 kB
Inactive(anon):   207316 kB
Active(file):     490172 kB
Inactive(file):   464000 kB
Unevictable:       13568 kB
Mlocked:               0 kB
SwapTotal:        718400 kB
SwapFree:         711548 kB
Dirty:                 8 kB
Writeback:             0 kB
AnonPages:       1036628 kB
Mapped:           639104 kB
Shmem:               828 kB
Slab:              98860 kB
SReclaimable:      32212 kB
SUnreclaim:        66648 kB
KernelStack:       38848 kB
PageTables:        50564 kB
NFS_Unstable:          0 kB
Bounce:                0 kB
WritebackTmp:          0 kB
CommitLimit:     2155204 kB
Committed_AS:   119739284 kB
VmallocTotal:   251658176 kB
VmallocUsed:      137548 kB
VmallocChunk:   251411500 kB
Time pass: 82 sec

---2015-12-05 00:15:17
MemTotal:        2873608 kB
MemFree:           67624 kB
Buffers:           15204 kB
Cached:           947376 kB
SwapCached:           12 kB
Active:          1319064 kB
Inactive:         668188 kB
Active(anon):     831340 kB
Inactive(anon):   207772 kB
Active(file):     487724 kB
Inactive(file):   460416 kB
Unevictable:       13568 kB
Mlocked:               0 kB
SwapTotal:        718400 kB
SwapFree:         711188 kB
Dirty:                60 kB
Writeback:             0 kB
AnonPages:       1038448 kB
Mapped:           639208 kB
Shmem:               872 kB
Slab:              98716 kB
SReclaimable:      32212 kB
SUnreclaim:        66504 kB
KernelStack:       38832 kB
PageTables:        50716 kB
NFS_Unstable:          0 kB
Bounce:                0 kB
WritebackTmp:          0 kB
CommitLimit:     2155204 kB
Committed_AS:   119743324 kB
VmallocTotal:   251658176 kB
VmallocUsed:      137548 kB
VmallocChunk:   251411500 kB
Time pass: 86 sec

---2015-12-05 00:15:17
MemTotal:        2873608 kB
MemFree:           64232 kB
Buffers:           15268 kB
Cached:           947312 kB
SwapCached:           12 kB
Active:          1322900 kB
Inactive:         668188 kB
Active(anon):     835176 kB
Inactive(anon):   207772 kB
Active(file):     487724 kB
Inactive(file):   460416 kB
Unevictable:       13568 kB
Mlocked:               0 kB
SwapTotal:        718400 kB
SwapFree:         711188 kB
Dirty:                60 kB
Writeback:             0 kB
AnonPages:       1042060 kB
Mapped:           639432 kB
Shmem:               872 kB
Slab:              98712 kB
SReclaimable:      32212 kB
SUnreclaim:        66500 kB
KernelStack:       38832 kB
PageTables:        50716 kB
NFS_Unstable:          0 kB
Bounce:                0 kB
WritebackTmp:          0 kB
CommitLimit:     2155204 kB
Committed_AS:   119744336 kB
VmallocTotal:   251658176 kB
VmallocUsed:      137548 kB
VmallocChunk:   251411500 kB
Time pass: 89 sec

---2015-12-05 00:15:17
MemTotal:        2873608 kB
MemFree:           64584 kB
Buffers:           15268 kB
Cached:           947720 kB
SwapCached:           12 kB
Active:          1321236 kB
Inactive:         668548 kB
Active(anon):     833464 kB
Inactive(anon):   208008 kB
Active(file):     487772 kB
Inactive(file):   460540 kB
Unevictable:       13568 kB
Mlocked:               0 kB
SwapTotal:        718400 kB
SwapFree:         711188 kB
Dirty:                 0 kB
Writeback:             0 kB
AnonPages:       1040524 kB
Mapped:           640036 kB
Shmem:              1108 kB
Slab:              98752 kB
SReclaimable:      32228 kB
SUnreclaim:        66524 kB
KernelStack:       39088 kB
PageTables:        50756 kB
NFS_Unstable:          0 kB
Bounce:                0 kB
WritebackTmp:          0 kB
CommitLimit:     2155204 kB
Committed_AS:   119744324 kB
VmallocTotal:   251658176 kB
VmallocUsed:      137548 kB
VmallocChunk:   251411500 kB
Time pass: 93 sec

---2015-12-05 00:15:17
MemTotal:        2873608 kB
MemFree:           67664 kB
Buffers:           15248 kB
Cached:           944616 kB
SwapCached:           12 kB
Active:          1319168 kB
Inactive:         668864 kB
Active(anon):     833748 kB
Inactive(anon):   208796 kB
Active(file):     485420 kB
Inactive(file):   460068 kB
Unevictable:       13568 kB
Mlocked:               0 kB
SwapTotal:        718400 kB
SwapFree:         710848 kB
Dirty:                 4 kB
Writeback:             0 kB
AnonPages:       1041680 kB
Mapped:           639548 kB
Shmem:               664 kB
Slab:              98632 kB
SReclaimable:      32100 kB
SUnreclaim:        66532 kB
KernelStack:       39136 kB
PageTables:        51148 kB
NFS_Unstable:          0 kB
Bounce:                0 kB
WritebackTmp:          0 kB
CommitLimit:     2155204 kB
Committed_AS:   123203696 kB
VmallocTotal:   251658176 kB
VmallocUsed:      138568 kB
VmallocChunk:   251411500 kB
Time pass: 97 sec

---2015-12-05 00:15:17
MemTotal:        2873608 kB
MemFree:          266484 kB
Buffers:           15320 kB
Cached:           933176 kB
SwapCached:           12 kB
Active:          1240896 kB
Inactive:         657956 kB
Active(anon):     756768 kB
Inactive(anon):   207556 kB
Active(file):     484128 kB
Inactive(file):   450400 kB
Unevictable:       13568 kB
Mlocked:               0 kB
SwapTotal:        718400 kB
SwapFree:         710192 kB
Dirty:               648 kB
Writeback:             0 kB
AnonPages:        963908 kB
Mapped:           480456 kB
Shmem:               384 kB
Slab:              98620 kB
SReclaimable:      31988 kB
SUnreclaim:        66632 kB
KernelStack:       38064 kB
PageTables:        49404 kB
NFS_Unstable:          0 kB
Bounce:                0 kB
WritebackTmp:          0 kB
CommitLimit:     2155204 kB
Committed_AS:   119585836 kB
VmallocTotal:   251658176 kB
VmallocUsed:      136572 kB
VmallocChunk:   251411500 kB
Time pass: 100 sec

---2015-12-05 00:15:17
MemTotal:        2873608 kB
MemFree:          265088 kB
Buffers:           15352 kB
Cached:           933448 kB
SwapCached:           12 kB
Active:          1241884 kB
Inactive:         658216 kB
Active(anon):     757696 kB
Inactive(anon):   207556 kB
Active(file):     484188 kB
Inactive(file):   450660 kB
Unevictable:       13568 kB
Mlocked:               0 kB
SwapTotal:        718400 kB
SwapFree:         710192 kB
Dirty:               388 kB
Writeback:             0 kB
AnonPages:        964724 kB
Mapped:           480592 kB
Shmem:               384 kB
Slab:              98764 kB
SReclaimable:      32124 kB
SUnreclaim:        66640 kB
KernelStack:       37728 kB
PageTables:        49392 kB
NFS_Unstable:          0 kB
Bounce:                0 kB
WritebackTmp:          0 kB
CommitLimit:     2155204 kB
Committed_AS:   119585852 kB
VmallocTotal:   251658176 kB
VmallocUsed:      136584 kB
VmallocChunk:   251411500 kB
Time pass: 104 sec

---2015-12-05 00:15:17
MemTotal:        2873608 kB
MemFree:          243332 kB
Buffers:           15452 kB
Cached:           935200 kB
SwapCached:           12 kB
Active:          1284116 kB
Inactive:         655144 kB
Active(anon):     795028 kB
Inactive(anon):   207684 kB
Active(file):     489088 kB
Inactive(file):   447460 kB
Unevictable:       13568 kB
Mlocked:               0 kB
SwapTotal:        718400 kB
SwapFree:         710192 kB
Dirty:              1036 kB
Writeback:           176 kB
AnonPages:       1002160 kB
Mapped:           503312 kB
Shmem:               516 kB
Slab:              98596 kB
SReclaimable:      31996 kB
SUnreclaim:        66600 kB
KernelStack:       38832 kB
PageTables:        50404 kB
NFS_Unstable:          0 kB
Bounce:                0 kB
WritebackTmp:          0 kB
CommitLimit:     2155204 kB
Committed_AS:   120902356 kB
VmallocTotal:   251658176 kB
VmallocUsed:      137364 kB
VmallocChunk:   251411500 kB
Time pass: 107 sec

---2015-12-05 00:15:17
MemTotal:        2873608 kB
MemFree:          156676 kB
Buffers:           15484 kB
Cached:           937404 kB
SwapCached:           12 kB
Active:          1297384 kB
Inactive:         655788 kB
Active(anon):     806828 kB
Inactive(anon):   207680 kB
Active(file):     490556 kB
Inactive(file):   448108 kB
Unevictable:       13568 kB
Mlocked:               0 kB
SwapTotal:        718400 kB
SwapFree:         710192 kB
Dirty:              3192 kB
Writeback:             0 kB
AnonPages:       1013528 kB
Mapped:           572444 kB
Shmem:               520 kB
Slab:              98728 kB
SReclaimable:      31996 kB
SUnreclaim:        66732 kB
KernelStack:       38784 kB
PageTables:        51088 kB
NFS_Unstable:          0 kB
Bounce:                0 kB
WritebackTmp:          0 kB
CommitLimit:     2155204 kB
Committed_AS:   122711236 kB
VmallocTotal:   251658176 kB
VmallocUsed:      138956 kB
VmallocChunk:   251411500 kB
Time pass: 111 sec

---2015-12-05 00:15:17
MemTotal:        2873608 kB
MemFree:          137068 kB
Buffers:           15496 kB
Cached:           937584 kB
SwapCached:           12 kB
Active:          1294480 kB
Inactive:         655740 kB
Active(anon):     803548 kB
Inactive(anon):   207680 kB
Active(file):     490932 kB
Inactive(file):   448060 kB
Unevictable:       13568 kB
Mlocked:               0 kB
SwapTotal:        718400 kB
SwapFree:         710192 kB
Dirty:               844 kB
Writeback:             0 kB
AnonPages:       1010596 kB
Mapped:           592412 kB
Shmem:               520 kB
Slab:              98704 kB
SReclaimable:      31996 kB
SUnreclaim:        66708 kB
KernelStack:       38736 kB
PageTables:        50780 kB
NFS_Unstable:          0 kB
Bounce:                0 kB
WritebackTmp:          0 kB
CommitLimit:     2155204 kB
Committed_AS:   121475140 kB
VmallocTotal:   251658176 kB
VmallocUsed:      135712 kB
VmallocChunk:   251411500 kB
Time pass: 115 sec

---2015-12-05 00:15:17
MemTotal:        2873608 kB
MemFree:          120292 kB
Buffers:           15496 kB
Cached:           937720 kB
SwapCached:           12 kB
Active:          1296484 kB
Inactive:         655708 kB
Active(anon):     805384 kB
Inactive(anon):   207680 kB
Active(file):     491100 kB
Inactive(file):   448028 kB
Unevictable:       13568 kB
Mlocked:               0 kB
SwapTotal:        718400 kB
SwapFree:         710192 kB
Dirty:               156 kB
Writeback:             0 kB
AnonPages:       1012632 kB
Mapped:           602236 kB
Shmem:               520 kB
Slab:              98676 kB
SReclaimable:      31996 kB
SUnreclaim:        66680 kB
KernelStack:       38720 kB
PageTables:        50860 kB
NFS_Unstable:          0 kB
Bounce:                0 kB
WritebackTmp:          0 kB
CommitLimit:     2155204 kB
Committed_AS:   121475148 kB
VmallocTotal:   251658176 kB
VmallocUsed:      135820 kB
VmallocChunk:   251411500 kB
Time pass: 119 sec

---2015-12-05 00:15:17
MemTotal:        2873608 kB
MemFree:          141016 kB
Buffers:           15504 kB
Cached:           937720 kB
SwapCached:           12 kB
Active:          1281112 kB
Inactive:         654648 kB
Active(anon):     788944 kB
Inactive(anon):   207680 kB
Active(file):     492168 kB
Inactive(file):   446968 kB
Unevictable:       13568 kB
Mlocked:               0 kB
SwapTotal:        718400 kB
SwapFree:         710192 kB
Dirty:                68 kB
Writeback:             0 kB
AnonPages:        996068 kB
Mapped:           593284 kB
Shmem:               520 kB
Slab:              98524 kB
SReclaimable:      31852 kB
SUnreclaim:        66672 kB
KernelStack:       37904 kB
PageTables:        50112 kB
NFS_Unstable:          0 kB
Bounce:                0 kB
WritebackTmp:          0 kB
CommitLimit:     2155204 kB
Committed_AS:   120223572 kB
VmallocTotal:   251658176 kB
VmallocUsed:      134640 kB
VmallocChunk:   251411500 kB
Time pass: 122 sec

---2015-12-05 00:15:17
MemTotal:        2873608 kB
MemFree:          114044 kB
Buffers:           16028 kB
Cached:           937656 kB
SwapCached:           12 kB
Active:          1285656 kB
Inactive:         654912 kB
Active(anon):     793436 kB
Inactive(anon):   207680 kB
Active(file):     492220 kB
Inactive(file):   447232 kB
Unevictable:       13568 kB
Mlocked:               0 kB
SwapTotal:        718400 kB
SwapFree:         710192 kB
Dirty:              1040 kB
Writeback:             0 kB
AnonPages:       1000496 kB
Mapped:           607264 kB
Shmem:               520 kB
Slab:              98524 kB
SReclaimable:      31852 kB
SUnreclaim:        66672 kB
KernelStack:       37904 kB
PageTables:        50060 kB
NFS_Unstable:          0 kB
Bounce:                0 kB
WritebackTmp:          0 kB
CommitLimit:     2155204 kB
Committed_AS:   120224092 kB
VmallocTotal:   251658176 kB
VmallocUsed:      134800 kB
VmallocChunk:   251411500 kB
Time pass: 126 sec

---2015-12-05 00:15:17
MemTotal:        2873608 kB
MemFree:          108688 kB
Buffers:           17080 kB
Cached:           937780 kB
SwapCached:           12 kB
Active:          1289460 kB
Inactive:         656112 kB
Active(anon):     797128 kB
Inactive(anon):   207680 kB
Active(file):     492332 kB
Inactive(file):   448432 kB
Unevictable:       13568 kB
Mlocked:               0 kB
SwapTotal:        718400 kB
SwapFree:         710192 kB
Dirty:               220 kB
Writeback:             0 kB
AnonPages:       1004396 kB
Mapped:           613848 kB
Shmem:               520 kB
Slab:              98540 kB
SReclaimable:      31852 kB
SUnreclaim:        66688 kB
KernelStack:       38048 kB
PageTables:        50220 kB
NFS_Unstable:          0 kB
Bounce:                0 kB
WritebackTmp:          0 kB
CommitLimit:     2155204 kB
Committed_AS:   120770896 kB
VmallocTotal:   251658176 kB
VmallocUsed:      134800 kB
VmallocChunk:   251411500 kB
Time pass: 130 sec

---2015-12-05 00:15:17
MemTotal:        2873608 kB
MemFree:          108320 kB
Buffers:           17080 kB
Cached:           937780 kB
SwapCached:           12 kB
Active:          1289512 kB
Inactive:         656108 kB
Active(anon):     797168 kB
Inactive(anon):   207680 kB
Active(file):     492344 kB
Inactive(file):   448428 kB
Unevictable:       13568 kB
Mlocked:               0 kB
SwapTotal:        718400 kB
SwapFree:         710192 kB
Dirty:                 0 kB
Writeback:             0 kB
AnonPages:       1004268 kB
Mapped:           614012 kB
Shmem:               520 kB
Slab:              98548 kB
SReclaimable:      31852 kB
SUnreclaim:        66696 kB
KernelStack:       38032 kB
PageTables:        50212 kB
NFS_Unstable:          0 kB
Bounce:                0 kB
WritebackTmp:          0 kB
CommitLimit:     2155204 kB
Committed_AS:   120770880 kB
VmallocTotal:   251658176 kB
VmallocUsed:      134800 kB
VmallocChunk:   251411500 kB
Time pass: 134 sec

---2015-12-05 00:15:17
MemTotal:        2873608 kB
MemFree:           93436 kB
Buffers:           17112 kB
Cached:           937772 kB
SwapCached:           12 kB
Active:          1297584 kB
Inactive:         655236 kB
Active(anon):     804344 kB
Inactive(anon):   207680 kB
Active(file):     493240 kB
Inactive(file):   447556 kB
Unevictable:       13568 kB
Mlocked:               0 kB
SwapTotal:        718400 kB
SwapFree:         710192 kB
Dirty:                72 kB
Writeback:             8 kB
AnonPages:       1011988 kB
Mapped:           617188 kB
Shmem:               520 kB
Slab:              98564 kB
SReclaimable:      31852 kB
SUnreclaim:        66712 kB
KernelStack:       38096 kB
PageTables:        50244 kB
NFS_Unstable:          0 kB
Bounce:                0 kB
WritebackTmp:          0 kB
CommitLimit:     2155204 kB
Committed_AS:   120806784 kB
VmallocTotal:   251658176 kB
VmallocUsed:      137232 kB
VmallocChunk:   251411500 kB
Time pass: 137 sec

---2015-12-05 00:15:17
MemTotal:        2873608 kB
MemFree:           92316 kB
Buffers:           17316 kB
Cached:           938240 kB
SwapCached:           12 kB
Active:          1302644 kB
Inactive:         655708 kB
Active(anon):     809252 kB
Inactive(anon):   207812 kB
Active(file):     493392 kB
Inactive(file):   447896 kB
Unevictable:       13568 kB
Mlocked:               0 kB
SwapTotal:        718400 kB
SwapFree:         710192 kB
Dirty:                76 kB
Writeback:             0 kB
AnonPages:       1016396 kB
Mapped:           617824 kB
Shmem:               656 kB
Slab:              98772 kB
SReclaimable:      31852 kB
SUnreclaim:        66920 kB
KernelStack:       38480 kB
PageTables:        50492 kB
NFS_Unstable:          0 kB
Bounce:                0 kB
WritebackTmp:          0 kB
CommitLimit:     2155204 kB
Committed_AS:   120811448 kB
VmallocTotal:   251658176 kB
VmallocUsed:      137232 kB
VmallocChunk:   251411500 kB
Time pass: 141 sec

---2015-12-05 00:15:17
MemTotal:        2873608 kB
MemFree:           90304 kB
Buffers:           17316 kB
Cached:           938504 kB
SwapCached:           12 kB
Active:          1303296 kB
Inactive:         655956 kB
Active(anon):     809888 kB
Inactive(anon):   208068 kB
Active(file):     493408 kB
Inactive(file):   447888 kB
Unevictable:       13568 kB
Mlocked:               0 kB
SwapTotal:        718400 kB
SwapFree:         710192 kB
Dirty:                 0 kB
Writeback:             0 kB
AnonPages:       1017024 kB
Mapped:           618128 kB
Shmem:               912 kB
Slab:              98712 kB
SReclaimable:      31852 kB
SUnreclaim:        66860 kB
KernelStack:       38480 kB
PageTables:        50672 kB
NFS_Unstable:          0 kB
Bounce:                0 kB
WritebackTmp:          0 kB
CommitLimit:     2155204 kB
Committed_AS:   120811616 kB
VmallocTotal:   251658176 kB
VmallocUsed:      137232 kB
VmallocChunk:   251411500 kB
Time pass: 145 sec

---2015-12-05 00:15:17
MemTotal:        2873608 kB
MemFree:           89492 kB
Buffers:           17324 kB
Cached:           939192 kB
SwapCached:           12 kB
Active:          1303696 kB
Inactive:         656636 kB
Active(anon):     810284 kB
Inactive(anon):   208696 kB
Active(file):     493412 kB
Inactive(file):   447940 kB
Unevictable:       13568 kB
Mlocked:               0 kB
SwapTotal:        718400 kB
SwapFree:         710192 kB
Dirty:                44 kB
Writeback:             0 kB
AnonPages:       1017232 kB
Mapped:           618740 kB
Shmem:              1596 kB
Slab:              98692 kB
SReclaimable:      31852 kB
SUnreclaim:        66840 kB
KernelStack:       38480 kB
PageTables:        50636 kB
NFS_Unstable:          0 kB
Bounce:                0 kB
WritebackTmp:          0 kB
CommitLimit:     2155204 kB
Committed_AS:   120811608 kB
VmallocTotal:   251658176 kB
VmallocUsed:      137232 kB
VmallocChunk:   251411500 kB
Time pass: 149 sec

---2015-12-05 00:15:17
MemTotal:        2873608 kB
MemFree:           82520 kB
Buffers:           17592 kB
Cached:           938396 kB
SwapCached:           12 kB
Active:          1313024 kB
Inactive:         655924 kB
Active(anon):     819376 kB
Inactive(anon):   207824 kB
Active(file):     493648 kB
Inactive(file):   448100 kB
Unevictable:       13568 kB
Mlocked:               0 kB
SwapTotal:        718400 kB
SwapFree:         710192 kB
Dirty:               132 kB
Writeback:             0 kB
AnonPages:       1026576 kB
Mapped:           619516 kB
Shmem:               672 kB
Slab:              98704 kB
SReclaimable:      31852 kB
SUnreclaim:        66852 kB
KernelStack:       38560 kB
PageTables:        50512 kB
NFS_Unstable:          0 kB
Bounce:                0 kB
WritebackTmp:          0 kB
CommitLimit:     2155204 kB
Committed_AS:   120828684 kB
VmallocTotal:   251658176 kB
VmallocUsed:      137232 kB
VmallocChunk:   251411500 kB
Time pass: 153 sec

---2015-12-05 00:15:17
MemTotal:        2873608 kB
MemFree:           81696 kB
Buffers:           17608 kB
Cached:           938296 kB
SwapCached:           12 kB
Active:          1313428 kB
Inactive:         655832 kB
Active(anon):     819780 kB
Inactive(anon):   207732 kB
Active(file):     493648 kB
Inactive(file):   448100 kB
Unevictable:       13568 kB
Mlocked:               0 kB
SwapTotal:        718400 kB
SwapFree:         710192 kB
Dirty:                 4 kB
Writeback:             0 kB
AnonPages:       1027204 kB
Mapped:           619504 kB
Shmem:               588 kB
Slab:              98720 kB
SReclaimable:      31852 kB
SUnreclaim:        66868 kB
KernelStack:       38480 kB
PageTables:        50428 kB
NFS_Unstable:          0 kB
Bounce:                0 kB
WritebackTmp:          0 kB
CommitLimit:     2155204 kB
Committed_AS:   120828732 kB
VmallocTotal:   251658176 kB
VmallocUsed:      137232 kB
VmallocChunk:   251411500 kB
Time pass: 157 sec

---2015-12-05 00:15:17
MemTotal:        2873608 kB
MemFree:           79608 kB
Buffers:           17624 kB
Cached:           938472 kB
SwapCached:           12 kB
Active:          1313980 kB
Inactive:         656020 kB
Active(anon):     820328 kB
Inactive(anon):   207888 kB
Active(file):     493652 kB
Inactive(file):   448132 kB
Unevictable:       13568 kB
Mlocked:               0 kB
SwapTotal:        718400 kB
SwapFree:         710192 kB
Dirty:                68 kB
Writeback:             0 kB
AnonPages:       1027484 kB
Mapped:           619632 kB
Shmem:               744 kB
Slab:              98688 kB
SReclaimable:      31852 kB
SUnreclaim:        66836 kB
KernelStack:       38560 kB
PageTables:        50576 kB
NFS_Unstable:          0 kB
Bounce:                0 kB
WritebackTmp:          0 kB
CommitLimit:     2155204 kB
Committed_AS:   120828732 kB
VmallocTotal:   251658176 kB
VmallocUsed:      137232 kB
VmallocChunk:   251411500 kB
Time pass: 160 sec

---2015-12-05 00:15:17
MemTotal:        2873608 kB
MemFree:           78912 kB
Buffers:           17632 kB
Cached:           938516 kB
SwapCached:           12 kB
Active:          1315148 kB
Inactive:         656072 kB
Active(anon):     821496 kB
Inactive(anon):   207932 kB
Active(file):     493652 kB
Inactive(file):   448140 kB
Unevictable:       13568 kB
Mlocked:               0 kB
SwapTotal:        718400 kB
SwapFree:         710192 kB
Dirty:                84 kB
Writeback:             0 kB
AnonPages:       1028596 kB
Mapped:           619696 kB
Shmem:               788 kB
Slab:              98716 kB
SReclaimable:      31852 kB
SUnreclaim:        66864 kB
KernelStack:       38560 kB
PageTables:        50584 kB
NFS_Unstable:          0 kB
Bounce:                0 kB
WritebackTmp:          0 kB
CommitLimit:     2155204 kB
Committed_AS:   120828696 kB
VmallocTotal:   251658176 kB
VmallocUsed:      137232 kB
VmallocChunk:   251411500 kB
Time pass: 164 sec

---2015-12-05 00:15:17
MemTotal:        2873608 kB
MemFree:           78056 kB
Buffers:           17640 kB
Cached:           938580 kB
SwapCached:           12 kB
Active:          1315244 kB
Inactive:         656140 kB
Active(anon):     821592 kB
Inactive(anon):   207988 kB
Active(file):     493652 kB
Inactive(file):   448152 kB
Unevictable:       13568 kB
Mlocked:               0 kB
SwapTotal:        718400 kB
SwapFree:         710192 kB
Dirty:                12 kB
Writeback:             0 kB
AnonPages:       1028732 kB
Mapped:           619852 kB
Shmem:               844 kB
Slab:              98724 kB
SReclaimable:      31852 kB
SUnreclaim:        66872 kB
KernelStack:       38528 kB
PageTables:        50612 kB
NFS_Unstable:          0 kB
Bounce:                0 kB
WritebackTmp:          0 kB
CommitLimit:     2155204 kB
Committed_AS:   120828664 kB
VmallocTotal:   251658176 kB
VmallocUsed:      137232 kB
VmallocChunk:   251411500 kB
Time pass: 168 sec

---2015-12-05 00:15:17
MemTotal:        2873608 kB
MemFree:           81280 kB
Buffers:           17640 kB
Cached:           938440 kB
SwapCached:           12 kB
Active:          1312972 kB
Inactive:         656000 kB
Active(anon):     819316 kB
Inactive(anon):   207844 kB
Active(file):     493656 kB
Inactive(file):   448156 kB
Unevictable:       13568 kB
Mlocked:               0 kB
SwapTotal:        718400 kB
SwapFree:         710192 kB
Dirty:                20 kB
Writeback:             0 kB
AnonPages:       1026532 kB
Mapped:           619496 kB
Shmem:               700 kB
Slab:              98704 kB
SReclaimable:      31852 kB
SUnreclaim:        66852 kB
KernelStack:       38304 kB
PageTables:        50460 kB
NFS_Unstable:          0 kB
Bounce:                0 kB
WritebackTmp:          0 kB
CommitLimit:     2155204 kB
Committed_AS:   120801256 kB
VmallocTotal:   251658176 kB
VmallocUsed:      137232 kB
VmallocChunk:   251411500 kB
Time pass: 172 sec

---2015-12-05 00:15:17
MemTotal:        2873608 kB
MemFree:           89732 kB
Buffers:           17648 kB
Cached:           938260 kB
SwapCached:           12 kB
Active:          1305656 kB
Inactive:         655832 kB
Active(anon):     812000 kB
Inactive(anon):   207668 kB
Active(file):     493656 kB
Inactive(file):   448164 kB
Unevictable:       13568 kB
Mlocked:               0 kB
SwapTotal:        718400 kB
SwapFree:         710192 kB
Dirty:                12 kB
Writeback:             0 kB
AnonPages:       1019200 kB
Mapped:           619340 kB
Shmem:               520 kB
Slab:              98700 kB
SReclaimable:      31852 kB
SUnreclaim:        66848 kB
KernelStack:       38112 kB
PageTables:        50368 kB
NFS_Unstable:          0 kB
Bounce:                0 kB
WritebackTmp:          0 kB
CommitLimit:     2155204 kB
Committed_AS:   120801076 kB
VmallocTotal:   251658176 kB
VmallocUsed:      137216 kB
VmallocChunk:   251411500 kB
Time pass: 176 sec

---2015-12-05 00:15:17
MemTotal:        2873608 kB
MemFree:           89368 kB
Buffers:           17648 kB
Cached:           938260 kB
SwapCached:           12 kB
Active:          1305712 kB
Inactive:         655832 kB
Active(anon):     812056 kB
Inactive(anon):   207668 kB
Active(file):     493656 kB
Inactive(file):   448164 kB
Unevictable:       13568 kB
Mlocked:               0 kB
SwapTotal:        718400 kB
SwapFree:         710192 kB
Dirty:                 0 kB
Writeback:             0 kB
AnonPages:       1019268 kB
Mapped:           619348 kB
Shmem:               520 kB
Slab:              98700 kB
SReclaimable:      31852 kB
SUnreclaim:        66848 kB
KernelStack:       38128 kB
PageTables:        50368 kB
NFS_Unstable:          0 kB
Bounce:                0 kB
WritebackTmp:          0 kB
CommitLimit:     2155204 kB
Committed_AS:   120801076 kB
VmallocTotal:   251658176 kB
VmallocUsed:      137216 kB
VmallocChunk:   251411500 kB
Time pass: 179 sec

---2015-12-05 00:15:17
MemTotal:        2873608 kB
MemFree:           90136 kB
Buffers:           17648 kB
Cached:           938260 kB
SwapCached:           12 kB
Active:          1305796 kB
Inactive:         655832 kB
Active(anon):     812140 kB
Inactive(anon):   207668 kB
Active(file):     493656 kB
Inactive(file):   448164 kB
Unevictable:       13568 kB
Mlocked:               0 kB
SwapTotal:        718400 kB
SwapFree:         710192 kB
Dirty:                 0 kB
Writeback:             0 kB
AnonPages:       1019296 kB
Mapped:           619392 kB
Shmem:               520 kB
Slab:              98696 kB
SReclaimable:      31852 kB
SUnreclaim:        66844 kB
KernelStack:       38080 kB
PageTables:        50396 kB
NFS_Unstable:          0 kB
Bounce:                0 kB
WritebackTmp:          0 kB
CommitLimit:     2155204 kB
Committed_AS:   120801036 kB
VmallocTotal:   251658176 kB
VmallocUsed:      137216 kB
VmallocChunk:   251411500 kB
Time pass: 183 sec

---2015-12-05 00:15:17
MemTotal:        2873608 kB
MemFree:           89544 kB
Buffers:           17648 kB
Cached:           938260 kB
SwapCached:           12 kB
Active:          1305860 kB
Inactive:         655832 kB
Active(anon):     812204 kB
Inactive(anon):   207668 kB
Active(file):     493656 kB
Inactive(file):   448164 kB
Unevictable:       13568 kB
Mlocked:               0 kB
SwapTotal:        718400 kB
SwapFree:         710192 kB
Dirty:                 0 kB
Writeback:             0 kB
AnonPages:       1019396 kB
Mapped:           619236 kB
Shmem:               520 kB
Slab:              98696 kB
SReclaimable:      31852 kB
SUnreclaim:        66844 kB
KernelStack:       38080 kB
PageTables:        50408 kB
NFS_Unstable:          0 kB
Bounce:                0 kB
WritebackTmp:          0 kB
CommitLimit:     2155204 kB
Committed_AS:   120801012 kB
VmallocTotal:   251658176 kB
VmallocUsed:      134800 kB
VmallocChunk:   251411500 kB
Time pass: 187 sec

---2015-12-05 00:15:17
MemTotal:        2873608 kB
MemFree:           77648 kB
Buffers:           17680 kB
Cached:           938460 kB
SwapCached:           12 kB
Active:          1316420 kB
Inactive:         656044 kB
Active(anon):     822752 kB
Inactive(anon):   207844 kB
Active(file):     493668 kB
Inactive(file):   448200 kB
Unevictable:       13568 kB
Mlocked:               0 kB
SwapTotal:        718400 kB
SwapFree:         710192 kB
Dirty:                72 kB
Writeback:             0 kB
AnonPages:       1029968 kB
Mapped:           619748 kB
Shmem:               700 kB
Slab:              98752 kB
SReclaimable:      31852 kB
SUnreclaim:        66900 kB
KernelStack:       38496 kB
PageTables:        50584 kB
NFS_Unstable:          0 kB
Bounce:                0 kB
WritebackTmp:          0 kB
CommitLimit:     2155204 kB
Committed_AS:   120828636 kB
VmallocTotal:   251658176 kB
VmallocUsed:      137232 kB
VmallocChunk:   251411500 kB
Time pass: 191 sec

---2015-12-05 00:15:17
MemTotal:        2873608 kB
MemFree:           76936 kB
Buffers:           17680 kB
Cached:           938496 kB
SwapCached:           12 kB
Active:          1317052 kB
Inactive:         656072 kB
Active(anon):     823376 kB
Inactive(anon):   207876 kB
Active(file):     493676 kB
Inactive(file):   448196 kB
Unevictable:       13568 kB
Mlocked:               0 kB
SwapTotal:        718400 kB
SwapFree:         710192 kB
Dirty:                 4 kB
Writeback:             0 kB
AnonPages:       1030460 kB
Mapped:           619792 kB
Shmem:               732 kB
Slab:              98712 kB
SReclaimable:      31852 kB
SUnreclaim:        66860 kB
KernelStack:       38496 kB
PageTables:        50612 kB
NFS_Unstable:          0 kB
Bounce:                0 kB
WritebackTmp:          0 kB
CommitLimit:     2155204 kB
Committed_AS:   120828632 kB
VmallocTotal:   251658176 kB
VmallocUsed:      137232 kB
VmallocChunk:   251411500 kB
Time pass: 194 sec

---2015-12-05 00:15:17
MemTotal:        2873608 kB
MemFree:           76404 kB
Buffers:           17704 kB
Cached:           938612 kB
SwapCached:           12 kB
Active:          1317448 kB
Inactive:         656216 kB
Active(anon):     823772 kB
Inactive(anon):   208008 kB
Active(file):     493676 kB
Inactive(file):   448208 kB
Unevictable:       13568 kB
Mlocked:               0 kB
SwapTotal:        718400 kB
SwapFree:         710192 kB
Dirty:                 4 kB
Writeback:             0 kB
AnonPages:       1030820 kB
Mapped:           620056 kB
Shmem:               864 kB
Slab:              98704 kB
SReclaimable:      31852 kB
SUnreclaim:        66852 kB
KernelStack:       38496 kB
PageTables:        50580 kB
NFS_Unstable:          0 kB
Bounce:                0 kB
WritebackTmp:          0 kB
CommitLimit:     2155204 kB
Committed_AS:   120828680 kB
VmallocTotal:   251658176 kB
VmallocUsed:      137232 kB
VmallocChunk:   251411500 kB
Time pass: 198 sec

---2015-12-05 00:15:17
MemTotal:        2873608 kB
MemFree:           78308 kB
Buffers:           17704 kB
Cached:           938700 kB
SwapCached:           12 kB
Active:          1317300 kB
Inactive:         656244 kB
Active(anon):     823564 kB
Inactive(anon):   208076 kB
Active(file):     493736 kB
Inactive(file):   448168 kB
Unevictable:       13568 kB
Mlocked:               0 kB
SwapTotal:        718400 kB
SwapFree:         710192 kB
Dirty:                48 kB
Writeback:             0 kB
AnonPages:       1030812 kB
Mapped:           619228 kB
Shmem:               932 kB
Slab:              98680 kB
SReclaimable:      31852 kB
SUnreclaim:        66828 kB
KernelStack:       38384 kB
PageTables:        50020 kB
NFS_Unstable:          0 kB
Bounce:                0 kB
WritebackTmp:          0 kB
CommitLimit:     2155204 kB
Committed_AS:   119046172 kB
VmallocTotal:   251658176 kB
VmallocUsed:      136212 kB
VmallocChunk:   251411500 kB
Time pass: 202 sec

---2015-12-05 00:15:17
MemTotal:        2873608 kB
MemFree:           75388 kB
Buffers:           17736 kB
Cached:           938408 kB
SwapCached:           12 kB
Active:          1319708 kB
Inactive:         655980 kB
Active(anon):     825972 kB
Inactive(anon):   207780 kB
Active(file):     493736 kB
Inactive(file):   448200 kB
Unevictable:       13568 kB
Mlocked:               0 kB
SwapTotal:        718400 kB
SwapFree:         710192 kB
Dirty:                56 kB
Writeback:             0 kB
AnonPages:       1032972 kB
Mapped:           619028 kB
Shmem:               640 kB
Slab:              98608 kB
SReclaimable:      31852 kB
SUnreclaim:        66756 kB
KernelStack:       38304 kB
PageTables:        50060 kB
NFS_Unstable:          0 kB
Bounce:                0 kB
WritebackTmp:          0 kB
CommitLimit:     2155204 kB
Committed_AS:   119054292 kB
VmallocTotal:   251658176 kB
VmallocUsed:      136212 kB
VmallocChunk:   251411500 kB
Time pass: 205 sec

---2015-12-05 00:15:17
MemTotal:        2873608 kB
MemFree:           75300 kB
Buffers:           17744 kB
Cached:           938444 kB
SwapCached:           12 kB
Active:          1319432 kB
Inactive:         656024 kB
Active(anon):     825696 kB
Inactive(anon):   207824 kB
Active(file):     493736 kB
Inactive(file):   448200 kB
Unevictable:       13568 kB
Mlocked:               0 kB
SwapTotal:        718400 kB
SwapFree:         710192 kB
Dirty:                 0 kB
Writeback:             0 kB
AnonPages:       1032752 kB
Mapped:           619088 kB
Shmem:               684 kB
Slab:              98608 kB
SReclaimable:      31852 kB
SUnreclaim:        66756 kB
KernelStack:       38304 kB
PageTables:        50060 kB
NFS_Unstable:          0 kB
Bounce:                0 kB
WritebackTmp:          0 kB
CommitLimit:     2155204 kB
Committed_AS:   119054364 kB
VmallocTotal:   251658176 kB
VmallocUsed:      136212 kB
VmallocChunk:   251411500 kB
Time pass: 209 sec

---2015-12-05 00:15:17
MemTotal:        2873608 kB
MemFree:           73824 kB
Buffers:           17744 kB
Cached:           938472 kB
SwapCached:           12 kB
Active:          1320948 kB
Inactive:         656052 kB
Active(anon):     827212 kB
Inactive(anon):   207844 kB
Active(file):     493736 kB
Inactive(file):   448208 kB
Unevictable:       13568 kB
Mlocked:               0 kB
SwapTotal:        718400 kB
SwapFree:         710192 kB
Dirty:                36 kB
Writeback:             0 kB
AnonPages:       1034336 kB
Mapped:           618880 kB
Shmem:               704 kB
Slab:              98608 kB
SReclaimable:      31852 kB
SUnreclaim:        66756 kB
KernelStack:       38304 kB
PageTables:        50024 kB
NFS_Unstable:          0 kB
Bounce:                0 kB
WritebackTmp:          0 kB
CommitLimit:     2155204 kB
Committed_AS:   119054372 kB
VmallocTotal:   251658176 kB
VmallocUsed:      136212 kB
VmallocChunk:   251411500 kB
Time pass: 213 sec

---2015-12-05 00:15:17
MemTotal:        2873608 kB
MemFree:           73696 kB
Buffers:           17744 kB
Cached:           938472 kB
SwapCached:           12 kB
Active:          1320648 kB
Inactive:         656052 kB
Active(anon):     826912 kB
Inactive(anon):   207844 kB
Active(file):     493736 kB
Inactive(file):   448208 kB
Unevictable:       13568 kB
Mlocked:               0 kB
SwapTotal:        718400 kB
SwapFree:         710192 kB
Dirty:                 0 kB
Writeback:             0 kB
AnonPages:       1034048 kB
Mapped:           619124 kB
Shmem:               704 kB
Slab:              98616 kB
SReclaimable:      31852 kB
SUnreclaim:        66764 kB
KernelStack:       38288 kB
PageTables:        50020 kB
NFS_Unstable:          0 kB
Bounce:                0 kB
WritebackTmp:          0 kB
CommitLimit:     2155204 kB
Committed_AS:   119054356 kB
VmallocTotal:   251658176 kB
VmallocUsed:      136212 kB
VmallocChunk:   251411500 kB
Time pass: 217 sec

---2015-12-05 00:15:17
MemTotal:        2873608 kB
MemFree:           74556 kB
Buffers:           17744 kB
Cached:           938472 kB
SwapCached:           12 kB
Active:          1320812 kB
Inactive:         656052 kB
Active(anon):     827076 kB
Inactive(anon):   207844 kB
Active(file):     493736 kB
Inactive(file):   448208 kB
Unevictable:       13568 kB
Mlocked:               0 kB
SwapTotal:        718400 kB
SwapFree:         710192 kB
Dirty:                 0 kB
Writeback:             0 kB
AnonPages:       1034220 kB
Mapped:           619044 kB
Shmem:               704 kB
Slab:              98608 kB
SReclaimable:      31852 kB
SUnreclaim:        66756 kB
KernelStack:       38288 kB
PageTables:        49992 kB
NFS_Unstable:          0 kB
Bounce:                0 kB
WritebackTmp:          0 kB
CommitLimit:     2155204 kB
Committed_AS:   119054340 kB
VmallocTotal:   251658176 kB
VmallocUsed:      136212 kB
VmallocChunk:   251411500 kB
Time pass: 220 sec

---2015-12-05 00:15:17
MemTotal:        2873608 kB
MemFree:           73000 kB
Buffers:           17760 kB
Cached:           938460 kB
SwapCached:           12 kB
Active:          1321772 kB
Inactive:         656056 kB
Active(anon):     828036 kB
Inactive(anon):   207848 kB
Active(file):     493736 kB
Inactive(file):   448208 kB
Unevictable:       13568 kB
Mlocked:               0 kB
SwapTotal:        718400 kB
SwapFree:         710192 kB
Dirty:                40 kB
Writeback:             0 kB
AnonPages:       1035216 kB
Mapped:           619056 kB
Shmem:               708 kB
Slab:              98604 kB
SReclaimable:      31852 kB
SUnreclaim:        66752 kB
KernelStack:       38288 kB
PageTables:        49992 kB
NFS_Unstable:          0 kB
Bounce:                0 kB
WritebackTmp:          0 kB
CommitLimit:     2155204 kB
Committed_AS:   119054356 kB
VmallocTotal:   251658176 kB
VmallocUsed:      136212 kB
VmallocChunk:   251411500 kB
Time pass: 224 sec

---2015-12-05 00:15:17
MemTotal:        2873608 kB
MemFree:           72788 kB
Buffers:           17768 kB
Cached:           938476 kB
SwapCached:           12 kB
Active:          1322112 kB
Inactive:         656080 kB
Active(anon):     828376 kB
Inactive(anon):   207848 kB
Active(file):     493736 kB
Inactive(file):   448232 kB
Unevictable:       13568 kB
Mlocked:               0 kB
SwapTotal:        718400 kB
SwapFree:         710192 kB
Dirty:                 0 kB
Writeback:             0 kB
AnonPages:       1035608 kB
Mapped:           619064 kB
Shmem:               708 kB
Slab:              98604 kB
SReclaimable:      31852 kB
SUnreclaim:        66752 kB
KernelStack:       38304 kB
PageTables:        49996 kB
NFS_Unstable:          0 kB
Bounce:                0 kB
WritebackTmp:          0 kB
CommitLimit:     2155204 kB
Committed_AS:   119054320 kB
VmallocTotal:   251658176 kB
VmallocUsed:      136212 kB
VmallocChunk:   251411500 kB
Time pass: 228 sec

---2015-12-05 00:15:17
MemTotal:        2873608 kB
MemFree:           72416 kB
Buffers:           17776 kB
Cached:           938468 kB
SwapCached:           12 kB
Active:          1322132 kB
Inactive:         656080 kB
Active(anon):     828396 kB
Inactive(anon):   207848 kB
Active(file):     493736 kB
Inactive(file):   448232 kB
Unevictable:       13568 kB
Mlocked:               0 kB
SwapTotal:        718400 kB
SwapFree:         710192 kB
Dirty:                 0 kB
Writeback:             0 kB
AnonPages:       1035576 kB
Mapped:           619068 kB
Shmem:               708 kB
Slab:              98604 kB
SReclaimable:      31852 kB
SUnreclaim:        66752 kB
KernelStack:       38304 kB
PageTables:        50004 kB
NFS_Unstable:          0 kB
Bounce:                0 kB
WritebackTmp:          0 kB
CommitLimit:     2155204 kB
Committed_AS:   119054364 kB
VmallocTotal:   251658176 kB
VmallocUsed:      136212 kB
VmallocChunk:   251411500 kB
Time pass: 232 sec

---2015-12-05 00:15:17
MemTotal:        2873608 kB
MemFree:           72060 kB
Buffers:           17776 kB
Cached:           938476 kB
SwapCached:           12 kB
Active:          1322808 kB
Inactive:         656088 kB
Active(anon):     829072 kB
Inactive(anon):   207848 kB
Active(file):     493736 kB
Inactive(file):   448240 kB
Unevictable:       13568 kB
Mlocked:               0 kB
SwapTotal:        718400 kB
SwapFree:         710192 kB
Dirty:                32 kB
Writeback:             0 kB
AnonPages:       1036292 kB
Mapped:           619076 kB
Shmem:               708 kB
Slab:              98604 kB
SReclaimable:      31852 kB
SUnreclaim:        66752 kB
KernelStack:       38304 kB
PageTables:        49996 kB
NFS_Unstable:          0 kB
Bounce:                0 kB
WritebackTmp:          0 kB
CommitLimit:     2155204 kB
Committed_AS:   119054372 kB
VmallocTotal:   251658176 kB
VmallocUsed:      136212 kB
VmallocChunk:   251411500 kB
Time pass: 235 sec

---2015-12-05 00:15:17
MemTotal:        2873608 kB
MemFree:           69980 kB
Buffers:           17792 kB
Cached:           938468 kB
SwapCached:           12 kB
Active:          1324976 kB
Inactive:         656096 kB
Active(anon):     831240 kB
Inactive(anon):   207856 kB
Active(file):     493736 kB
Inactive(file):   448240 kB
Unevictable:       13568 kB
Mlocked:               0 kB
SwapTotal:        718400 kB
SwapFree:         710192 kB
Dirty:                 0 kB
Writeback:             0 kB
AnonPages:       1038008 kB
Mapped:           619096 kB
Shmem:               716 kB
Slab:              98612 kB
SReclaimable:      31852 kB
SUnreclaim:        66760 kB
KernelStack:       38352 kB
PageTables:        50008 kB
NFS_Unstable:          0 kB
Bounce:                0 kB
WritebackTmp:          0 kB
CommitLimit:     2155204 kB
Committed_AS:   119062564 kB
VmallocTotal:   251658176 kB
VmallocUsed:      136212 kB
VmallocChunk:   251411500 kB
Time pass: 239 sec

---2015-12-05 00:15:17
MemTotal:        2873608 kB
MemFree:           75256 kB
Buffers:           17808 kB
Cached:           938504 kB
SwapCached:           12 kB
Active:          1318684 kB
Inactive:         656144 kB
Active(anon):     824944 kB
Inactive(anon):   207872 kB
Active(file):     493740 kB
Inactive(file):   448272 kB
Unevictable:       13568 kB
Mlocked:               0 kB
SwapTotal:        718400 kB
SwapFree:         710192 kB
Dirty:                48 kB
Writeback:             0 kB
AnonPages:       1032140 kB
Mapped:           619192 kB
Shmem:               732 kB
Slab:              98624 kB
SReclaimable:      31868 kB
SUnreclaim:        66756 kB
KernelStack:       38304 kB
PageTables:        50072 kB
NFS_Unstable:          0 kB
Bounce:                0 kB
WritebackTmp:          0 kB
CommitLimit:     2155204 kB
Committed_AS:   119062604 kB
VmallocTotal:   251658176 kB
VmallocUsed:      136212 kB
VmallocChunk:   251411500 kB
Time pass: 243 sec

---2015-12-05 00:15:17
MemTotal:        2873608 kB
MemFree:           74976 kB
Buffers:           17816 kB
Cached:           938632 kB
SwapCached:           12 kB
Active:          1319020 kB
Inactive:         656280 kB
Active(anon):     825280 kB
Inactive(anon):   208000 kB
Active(file):     493740 kB
Inactive(file):   448280 kB
Unevictable:       13568 kB
Mlocked:               0 kB
SwapTotal:        718400 kB
SwapFree:         710192 kB
Dirty:                44 kB
Writeback:             0 kB
AnonPages:       1032536 kB
Mapped:           619328 kB
Shmem:               860 kB
Slab:              98540 kB
SReclaimable:      31788 kB
SUnreclaim:        66752 kB
KernelStack:       38304 kB
PageTables:        50072 kB
NFS_Unstable:          0 kB
Bounce:                0 kB
WritebackTmp:          0 kB
CommitLimit:     2155204 kB
Committed_AS:   119062644 kB
VmallocTotal:   251658176 kB
VmallocUsed:      136212 kB
VmallocChunk:   251411500 kB
Time pass: 247 sec

---2015-12-05 00:15:17
MemTotal:        2873608 kB
MemFree:           73752 kB
Buffers:           17816 kB
Cached:           938644 kB
SwapCached:           12 kB
Active:          1320132 kB
Inactive:         656292 kB
Active(anon):     826392 kB
Inactive(anon):   208008 kB
Active(file):     493740 kB
Inactive(file):   448284 kB
Unevictable:       13568 kB
Mlocked:               0 kB
SwapTotal:        718400 kB
SwapFree:         710192 kB
Dirty:                 0 kB
Writeback:             0 kB
AnonPages:       1033356 kB
Mapped:           619340 kB
Shmem:               868 kB
Slab:              98540 kB
SReclaimable:      31788 kB
SUnreclaim:        66752 kB
KernelStack:       38304 kB
PageTables:        50072 kB
NFS_Unstable:          0 kB
Bounce:                0 kB
WritebackTmp:          0 kB
CommitLimit:     2155204 kB
Committed_AS:   119062644 kB
VmallocTotal:   251658176 kB
VmallocUsed:      136212 kB
VmallocChunk:   251411500 kB
Time pass: 251 sec

---2015-12-05 00:15:17
MemTotal:        2873608 kB
MemFree:           68088 kB
Buffers:           17856 kB
Cached:           939424 kB
SwapCached:           12 kB
Active:          1325140 kB
Inactive:         657108 kB
Active(anon):     831396 kB
Inactive(anon):   208804 kB
Active(file):     493744 kB
Inactive(file):   448304 kB
Unevictable:       13568 kB
Mlocked:               0 kB
SwapTotal:        718400 kB
SwapFree:         710192 kB
Dirty:                52 kB
Writeback:             0 kB
AnonPages:       1038660 kB
Mapped:           620144 kB
Shmem:              1664 kB
Slab:              98540 kB
SReclaimable:      31788 kB
SUnreclaim:        66752 kB
KernelStack:       38400 kB
PageTables:        50180 kB
NFS_Unstable:          0 kB
Bounce:                0 kB
WritebackTmp:          0 kB
CommitLimit:     2155204 kB
Committed_AS:   119066736 kB
VmallocTotal:   251658176 kB
VmallocUsed:      136212 kB
VmallocChunk:   251411500 kB
Time pass: 254 sec

---2015-12-05 00:15:17
MemTotal:        2873608 kB
MemFree:           72280 kB
Buffers:           17872 kB
Cached:           938436 kB
SwapCached:           12 kB
Active:          1322216 kB
Inactive:         656136 kB
Active(anon):     828472 kB
Inactive(anon):   207816 kB
Active(file):     493744 kB
Inactive(file):   448320 kB
Unevictable:       13568 kB
Mlocked:               0 kB
SwapTotal:        718400 kB
SwapFree:         710192 kB
Dirty:                 0 kB
Writeback:             0 kB
AnonPages:       1035684 kB
Mapped:           619168 kB
Shmem:               676 kB
Slab:              98540 kB
SReclaimable:      31788 kB
SUnreclaim:        66752 kB
KernelStack:       38352 kB
PageTables:        50032 kB
NFS_Unstable:          0 kB
Bounce:                0 kB
WritebackTmp:          0 kB
CommitLimit:     2155204 kB
Committed_AS:   119070940 kB
VmallocTotal:   251658176 kB
VmallocUsed:      136212 kB
VmallocChunk:   251411500 kB
Time pass: 258 sec

---2015-12-05 00:15:17
MemTotal:        2873608 kB
MemFree:           71444 kB
Buffers:           17872 kB
Cached:           938460 kB
SwapCached:           12 kB
Active:          1322432 kB
Inactive:         656160 kB
Active(anon):     828688 kB
Inactive(anon):   207824 kB
Active(file):     493744 kB
Inactive(file):   448336 kB
Unevictable:       13568 kB
Mlocked:               0 kB
SwapTotal:        718400 kB
SwapFree:         710192 kB
Dirty:                60 kB
Writeback:             0 kB
AnonPages:       1035912 kB
Mapped:           619180 kB
Shmem:               684 kB
Slab:              98540 kB
SReclaimable:      31788 kB
SUnreclaim:        66752 kB
KernelStack:       38368 kB
PageTables:        50024 kB
NFS_Unstable:          0 kB
Bounce:                0 kB
WritebackTmp:          0 kB
CommitLimit:     2155204 kB
Committed_AS:   119071004 kB
VmallocTotal:   251658176 kB
VmallocUsed:      136212 kB
VmallocChunk:   251411500 kB
Time pass: 262 sec

---2015-12-05 00:15:17
MemTotal:        2873608 kB
MemFree:           71116 kB
Buffers:           17888 kB
Cached:           938468 kB
SwapCached:           12 kB
Active:          1323116 kB
Inactive:         656184 kB
Active(anon):     829372 kB
Inactive(anon):   207832 kB
Active(file):     493744 kB
Inactive(file):   448352 kB
Unevictable:       13568 kB
Mlocked:               0 kB
SwapTotal:        718400 kB
SwapFree:         710192 kB
Dirty:                 0 kB
Writeback:             0 kB
AnonPages:       1036412 kB
Mapped:           619184 kB
Shmem:               692 kB
Slab:              98540 kB
SReclaimable:      31788 kB
SUnreclaim:        66752 kB
KernelStack:       38352 kB
PageTables:        50028 kB
NFS_Unstable:          0 kB
Bounce:                0 kB
WritebackTmp:          0 kB
CommitLimit:     2155204 kB
Committed_AS:   119071036 kB
VmallocTotal:   251658176 kB
VmallocUsed:      136212 kB
VmallocChunk:   251411500 kB
Time pass: 266 sec

---2015-12-05 00:15:17
MemTotal:        2873608 kB
MemFree:           70472 kB
Buffers:           17896 kB
Cached:           938472 kB
SwapCached:           12 kB
Active:          1324292 kB
Inactive:         656196 kB
Active(anon):     830548 kB
Inactive(anon):   207836 kB
Active(file):     493744 kB
Inactive(file):   448360 kB
Unevictable:       13568 kB
Mlocked:               0 kB
SwapTotal:        718400 kB
SwapFree:         710192 kB
Dirty:                32 kB
Writeback:             0 kB
AnonPages:       1037428 kB
Mapped:           619200 kB
Shmem:               696 kB
Slab:              98584 kB
SReclaimable:      31788 kB
SUnreclaim:        66796 kB
KernelStack:       38352 kB
PageTables:        50032 kB
NFS_Unstable:          0 kB
Bounce:                0 kB
WritebackTmp:          0 kB
CommitLimit:     2155204 kB
Committed_AS:   119071028 kB
VmallocTotal:   251658176 kB
VmallocUsed:      136212 kB
VmallocChunk:   251411500 kB
Time pass: 269 sec

---2015-12-05 00:15:17
MemTotal:        2873608 kB
MemFree:           69568 kB
Buffers:           17896 kB
Cached:           938472 kB
SwapCached:           12 kB
Active:          1324120 kB
Inactive:         656196 kB
Active(anon):     830376 kB
Inactive(anon):   207836 kB
Active(file):     493744 kB
Inactive(file):   448360 kB
Unevictable:       13568 kB
Mlocked:               0 kB
SwapTotal:        718400 kB
SwapFree:         710192 kB
Dirty:                32 kB
Writeback:             0 kB
AnonPages:       1037488 kB
Mapped:           619288 kB
Shmem:               696 kB
Slab:              98584 kB
SReclaimable:      31788 kB
SUnreclaim:        66796 kB
KernelStack:       38352 kB
PageTables:        50060 kB
NFS_Unstable:          0 kB
Bounce:                0 kB
WritebackTmp:          0 kB
CommitLimit:     2155204 kB
Committed_AS:   119071028 kB
VmallocTotal:   251658176 kB
VmallocUsed:      136212 kB
VmallocChunk:   251411500 kB
Time pass: 273 sec

---2015-12-05 00:15:17
MemTotal:        2873608 kB
MemFree:           69892 kB
Buffers:           17912 kB
Cached:           938472 kB
SwapCached:           12 kB
Active:          1324572 kB
Inactive:         656212 kB
Active(anon):     830828 kB
Inactive(anon):   207836 kB
Active(file):     493744 kB
Inactive(file):   448376 kB
Unevictable:       13568 kB
Mlocked:               0 kB
SwapTotal:        718400 kB
SwapFree:         710192 kB
Dirty:                40 kB
Writeback:             0 kB
AnonPages:       1037852 kB
Mapped:           619228 kB
Shmem:               696 kB
Slab:              98596 kB
SReclaimable:      31788 kB
SUnreclaim:        66808 kB
KernelStack:       38352 kB
PageTables:        50028 kB
NFS_Unstable:          0 kB
Bounce:                0 kB
WritebackTmp:          0 kB
CommitLimit:     2155204 kB
Committed_AS:   119071044 kB
VmallocTotal:   251658176 kB
VmallocUsed:      136212 kB
VmallocChunk:   251411500 kB
Time pass: 277 sec

---2015-12-05 00:15:17
MemTotal:        2873608 kB
MemFree:           70412 kB
Buffers:           17920 kB
Cached:           938468 kB
SwapCached:           12 kB
Active:          1323832 kB
Inactive:         656216 kB
Active(anon):     830088 kB
Inactive(anon):   207836 kB
Active(file):     493744 kB
Inactive(file):   448380 kB
Unevictable:       13568 kB
Mlocked:               0 kB
SwapTotal:        718400 kB
SwapFree:         710192 kB
Dirty:                 0 kB
Writeback:             0 kB
AnonPages:       1037004 kB
Mapped:           619360 kB
Shmem:               696 kB
Slab:              98596 kB
SReclaimable:      31788 kB
SUnreclaim:        66808 kB
KernelStack:       38352 kB
PageTables:        50088 kB
NFS_Unstable:          0 kB
Bounce:                0 kB
WritebackTmp:          0 kB
CommitLimit:     2155204 kB
Committed_AS:   119071028 kB
VmallocTotal:   251658176 kB
VmallocUsed:      136212 kB
VmallocChunk:   251411500 kB
Time pass: 281 sec

---2015-12-05 00:15:17
MemTotal:        2873608 kB
MemFree:           67080 kB
Buffers:           17944 kB
Cached:           938464 kB
SwapCached:           12 kB
Active:          1327428 kB
Inactive:         656232 kB
Active(anon):     833680 kB
Inactive(anon):   207836 kB
Active(file):     493748 kB
Inactive(file):   448396 kB
Unevictable:       13568 kB
Mlocked:               0 kB
SwapTotal:        718400 kB
SwapFree:         710192 kB
Dirty:               120 kB
Writeback:             0 kB
AnonPages:       1040988 kB
Mapped:           619244 kB
Shmem:               696 kB
Slab:              98540 kB
SReclaimable:      31788 kB
SUnreclaim:        66752 kB
KernelStack:       38352 kB
PageTables:        50032 kB
NFS_Unstable:          0 kB
Bounce:                0 kB
WritebackTmp:          0 kB
CommitLimit:     2155204 kB
Committed_AS:   119071108 kB
VmallocTotal:   251658176 kB
VmallocUsed:      136212 kB
VmallocChunk:   251411500 kB
Time pass: 284 sec

---2015-12-05 00:15:17
MemTotal:        2873608 kB
MemFree:           65000 kB
Buffers:           17960 kB
Cached:           938508 kB
SwapCached:           12 kB
Active:          1329308 kB
Inactive:         656292 kB
Active(anon):     835560 kB
Inactive(anon):   207864 kB
Active(file):     493748 kB
Inactive(file):   448428 kB
Unevictable:       13568 kB
Mlocked:               0 kB
SwapTotal:        718400 kB
SwapFree:         710192 kB
Dirty:                44 kB
Writeback:             0 kB
AnonPages:       1042900 kB
Mapped:           619368 kB
Shmem:               724 kB
Slab:              98540 kB
SReclaimable:      31788 kB
SUnreclaim:        66752 kB
KernelStack:       38352 kB
PageTables:        50060 kB
NFS_Unstable:          0 kB
Bounce:                0 kB
WritebackTmp:          0 kB
CommitLimit:     2155204 kB
Committed_AS:   119071028 kB
VmallocTotal:   251658176 kB
VmallocUsed:      136212 kB
VmallocChunk:   251411500 kB
Time pass: 288 sec

---2015-12-05 00:15:17
MemTotal:        2873608 kB
MemFree:           63968 kB
Buffers:           17968 kB
Cached:           938508 kB
SwapCached:           12 kB
Active:          1329748 kB
Inactive:         656300 kB
Active(anon):     836000 kB
Inactive(anon):   207864 kB
Active(file):     493748 kB
Inactive(file):   448436 kB
Unevictable:       13568 kB
Mlocked:               0 kB
SwapTotal:        718400 kB
SwapFree:         710192 kB
Dirty:                32 kB
Writeback:             0 kB
AnonPages:       1043008 kB
Mapped:           619292 kB
Shmem:               724 kB
Slab:              98540 kB
SReclaimable:      31788 kB
SUnreclaim:        66752 kB
KernelStack:       38336 kB
PageTables:        50028 kB
NFS_Unstable:          0 kB
Bounce:                0 kB
WritebackTmp:          0 kB
CommitLimit:     2155204 kB
Committed_AS:   119071012 kB
VmallocTotal:   251658176 kB
VmallocUsed:      136212 kB
VmallocChunk:   251411500 kB
Time pass: 292 sec

---2015-12-05 00:15:17
MemTotal:        2873608 kB
MemFree:           72288 kB
Buffers:           17904 kB
Cached:           932812 kB
SwapCached:           12 kB
Active:          1321068 kB
Inactive:         657852 kB
Active(anon):     832780 kB
Inactive(anon):   209640 kB
Active(file):     488288 kB
Inactive(file):   448212 kB
Unevictable:       13568 kB
Mlocked:               0 kB
SwapTotal:        718400 kB
SwapFree:         709816 kB
Dirty:                32 kB
Writeback:             0 kB
AnonPages:       1041580 kB
Mapped:           618628 kB
Shmem:               648 kB
Slab:              98540 kB
SReclaimable:      31788 kB
SUnreclaim:        66752 kB
KernelStack:       38336 kB
PageTables:        50056 kB
NFS_Unstable:          0 kB
Bounce:                0 kB
WritebackTmp:          0 kB
CommitLimit:     2155204 kB
Committed_AS:   119071004 kB
VmallocTotal:   251658176 kB
VmallocUsed:      136212 kB
VmallocChunk:   251411500 kB
Time pass: 295 sec

---2015-12-05 00:15:17
MemTotal:        2873608 kB
MemFree:           72216 kB
Buffers:           17920 kB
Cached:           932816 kB
SwapCached:           12 kB
Active:          1321652 kB
Inactive:         657868 kB
Active(anon):     833364 kB
Inactive(anon):   209640 kB
Active(file):     488288 kB
Inactive(file):   448228 kB
Unevictable:       13568 kB
Mlocked:               0 kB
SwapTotal:        718400 kB
SwapFree:         709816 kB
Dirty:                36 kB
Writeback:             0 kB
AnonPages:       1042216 kB
Mapped:           618556 kB
Shmem:               652 kB
Slab:              98480 kB
SReclaimable:      31724 kB
SUnreclaim:        66756 kB
KernelStack:       38336 kB
PageTables:        50032 kB
NFS_Unstable:          0 kB
Bounce:                0 kB
WritebackTmp:          0 kB
CommitLimit:     2155204 kB
Committed_AS:   119070996 kB
VmallocTotal:   251658176 kB
VmallocUsed:      136212 kB
VmallocChunk:   251411500 kB
Time pass: 299 sec

---2015-12-05 00:15:17
MemTotal:        2873608 kB
MemFree:           72008 kB
Buffers:           17920 kB
Cached:           932820 kB
SwapCached:           12 kB
Active:          1322012 kB
Inactive:         657872 kB
Active(anon):     833724 kB
Inactive(anon):   209644 kB
Active(file):     488288 kB
Inactive(file):   448228 kB
Unevictable:       13568 kB
Mlocked:               0 kB
SwapTotal:        718400 kB
SwapFree:         709816 kB
Dirty:                36 kB
Writeback:             0 kB
AnonPages:       1042704 kB
Mapped:           618576 kB
Shmem:               656 kB
Slab:              98484 kB
SReclaimable:      31724 kB
SUnreclaim:        66760 kB
KernelStack:       38336 kB
PageTables:        50028 kB
NFS_Unstable:          0 kB
Bounce:                0 kB
WritebackTmp:          0 kB
CommitLimit:     2155204 kB
Committed_AS:   119071004 kB
VmallocTotal:   251658176 kB
VmallocUsed:      136212 kB
VmallocChunk:   251411500 kB
Time pass: 303 sec

---2015-12-05 00:15:17
MemTotal:        2873608 kB
MemFree:           70980 kB
Buffers:           17928 kB
Cached:           932820 kB
SwapCached:           12 kB
Active:          1322388 kB
Inactive:         657880 kB
Active(anon):     834100 kB
Inactive(anon):   209644 kB
Active(file):     488288 kB
Inactive(file):   448236 kB
Unevictable:       13568 kB
Mlocked:               0 kB
SwapTotal:        718400 kB
SwapFree:         709816 kB
Dirty:                32 kB
Writeback:             0 kB
AnonPages:       1043008 kB
Mapped:           618584 kB
Shmem:               656 kB
Slab:              98512 kB
SReclaimable:      31724 kB
SUnreclaim:        66788 kB
KernelStack:       38336 kB
PageTables:        50028 kB
NFS_Unstable:          0 kB
Bounce:                0 kB
WritebackTmp:          0 kB
CommitLimit:     2155204 kB
Committed_AS:   119071004 kB
VmallocTotal:   251658176 kB
VmallocUsed:      136212 kB
VmallocChunk:   251411500 kB
Time pass: 307 sec

---2015-12-05 00:15:17
MemTotal:        2873608 kB
MemFree:           70388 kB
Buffers:           17944 kB
Cached:           932804 kB
SwapCached:           12 kB
Active:          1323032 kB
Inactive:         657876 kB
Active(anon):     834740 kB
Inactive(anon):   209644 kB
Active(file):     488292 kB
Inactive(file):   448232 kB
Unevictable:       13568 kB
Mlocked:               0 kB
SwapTotal:        718400 kB
SwapFree:         709816 kB
Dirty:                 8 kB
Writeback:             0 kB
AnonPages:       1043840 kB
Mapped:           618588 kB
Shmem:               656 kB
Slab:              98532 kB
SReclaimable:      31724 kB
SUnreclaim:        66808 kB
KernelStack:       38336 kB
PageTables:        50032 kB
NFS_Unstable:          0 kB
Bounce:                0 kB
WritebackTmp:          0 kB
CommitLimit:     2155204 kB
Committed_AS:   119071012 kB
VmallocTotal:   251658176 kB
VmallocUsed:      136212 kB
VmallocChunk:   251411500 kB
Time pass: 310 sec

---2015-12-05 00:15:17
MemTotal:        2873608 kB
MemFree:           70272 kB
Buffers:           17952 kB
Cached:           932828 kB
SwapCached:           12 kB
Active:          1323308 kB
Inactive:         657908 kB
Active(anon):     835016 kB
Inactive(anon):   209652 kB
Active(file):     488292 kB
Inactive(file):   448256 kB
Unevictable:       13568 kB
Mlocked:               0 kB
SwapTotal:        718400 kB
SwapFree:         709816 kB
Dirty:                76 kB
Writeback:             0 kB
AnonPages:       1043992 kB
Mapped:           618600 kB
Shmem:               664 kB
Slab:              98532 kB
SReclaimable:      31724 kB
SUnreclaim:        66808 kB
KernelStack:       38336 kB
PageTables:        50032 kB
NFS_Unstable:          0 kB
Bounce:                0 kB
WritebackTmp:          0 kB
CommitLimit:     2155204 kB
Committed_AS:   119071012 kB
VmallocTotal:   251658176 kB
VmallocUsed:      136212 kB
VmallocChunk:   251411500 kB
Time pass: 314 sec

---2015-12-05 00:15:17
MemTotal:        2873608 kB
MemFree:           70284 kB
Buffers:           17976 kB
Cached:           932816 kB
SwapCached:           12 kB
Active:          1323404 kB
Inactive:         657920 kB
Active(anon):     835112 kB
Inactive(anon):   209656 kB
Active(file):     488292 kB
Inactive(file):   448264 kB
Unevictable:       13568 kB
Mlocked:               0 kB
SwapTotal:        718400 kB
SwapFree:         709816 kB
Dirty:                60 kB
Writeback:             0 kB
AnonPages:       1044240 kB
Mapped:           618700 kB
Shmem:               668 kB
Slab:              98532 kB
SReclaimable:      31724 kB
SUnreclaim:        66808 kB
KernelStack:       38320 kB
PageTables:        50064 kB
NFS_Unstable:          0 kB
Bounce:                0 kB
WritebackTmp:          0 kB
CommitLimit:     2155204 kB
Committed_AS:   119071012 kB
VmallocTotal:   251658176 kB
VmallocUsed:      136212 kB
VmallocChunk:   251411500 kB
Time pass: 318 sec

---2015-12-05 00:15:17
MemTotal:        2873608 kB
MemFree:           69688 kB
Buffers:           17984 kB
Cached:           932860 kB
SwapCached:           12 kB
Active:          1323940 kB
Inactive:         657972 kB
Active(anon):     835648 kB
Inactive(anon):   209684 kB
Active(file):     488292 kB
Inactive(file):   448288 kB
Unevictable:       13568 kB
Mlocked:               0 kB
SwapTotal:        718400 kB
SwapFree:         709816 kB
Dirty:                12 kB
Writeback:             0 kB
AnonPages:       1044508 kB
Mapped:           618648 kB
Shmem:               696 kB
Slab:              98536 kB
SReclaimable:      31724 kB
SUnreclaim:        66812 kB
KernelStack:       38320 kB
PageTables:        50032 kB
NFS_Unstable:          0 kB
Bounce:                0 kB
WritebackTmp:          0 kB
CommitLimit:     2155204 kB
Committed_AS:   119071060 kB
VmallocTotal:   251658176 kB
VmallocUsed:      136212 kB
VmallocChunk:   251411500 kB
Time pass: 322 sec

---2015-12-05 00:15:17
MemTotal:        2873608 kB
MemFree:           69288 kB
Buffers:           18000 kB
Cached:           932860 kB
SwapCached:           12 kB
Active:          1324036 kB
Inactive:         657988 kB
Active(anon):     835744 kB
Inactive(anon):   209684 kB
Active(file):     488292 kB
Inactive(file):   448304 kB
Unevictable:       13568 kB
Mlocked:               0 kB
SwapTotal:        718400 kB
SwapFree:         709816 kB
Dirty:                 0 kB
Writeback:             0 kB
AnonPages:       1045080 kB
Mapped:           618660 kB
Shmem:               696 kB
Slab:              98532 kB
SReclaimable:      31724 kB
SUnreclaim:        66808 kB
KernelStack:       38336 kB
PageTables:        50032 kB
NFS_Unstable:          0 kB
Bounce:                0 kB
WritebackTmp:          0 kB
CommitLimit:     2155204 kB
Committed_AS:   119071092 kB
VmallocTotal:   251658176 kB
VmallocUsed:      136212 kB
VmallocChunk:   251411500 kB
Time pass: 325 sec

---2015-12-05 00:15:17
MemTotal:        2873608 kB
MemFree:           69128 kB
Buffers:           18008 kB
Cached:           932860 kB
SwapCached:           12 kB
Active:          1324420 kB
Inactive:         657996 kB
Active(anon):     836128 kB
Inactive(anon):   209684 kB
Active(file):     488292 kB
Inactive(file):   448312 kB
Unevictable:       13568 kB
Mlocked:               0 kB
SwapTotal:        718400 kB
SwapFree:         709816 kB
Dirty:                32 kB
Writeback:             0 kB
AnonPages:       1045144 kB
Mapped:           618748 kB
Shmem:               696 kB
Slab:              98548 kB
SReclaimable:      31724 kB
SUnreclaim:        66824 kB
KernelStack:       38336 kB
PageTables:        50060 kB
NFS_Unstable:          0 kB
Bounce:                0 kB
WritebackTmp:          0 kB
CommitLimit:     2155204 kB
Committed_AS:   119071092 kB
VmallocTotal:   251658176 kB
VmallocUsed:      136212 kB
VmallocChunk:   251411500 kB
Time pass: 329 sec

---2015-12-05 00:15:17
MemTotal:        2873608 kB
MemFree:           69744 kB
Buffers:           18008 kB
Cached:           932860 kB
SwapCached:           12 kB
Active:          1323916 kB
Inactive:         657996 kB
Active(anon):     835624 kB
Inactive(anon):   209684 kB
Active(file):     488292 kB
Inactive(file):   448312 kB
Unevictable:       13568 kB
Mlocked:               0 kB
SwapTotal:        718400 kB
SwapFree:         709816 kB
Dirty:                32 kB
Writeback:             0 kB
AnonPages:       1044784 kB
Mapped:           618760 kB
Shmem:               696 kB
Slab:              98552 kB
SReclaimable:      31724 kB
SUnreclaim:        66828 kB
KernelStack:       38336 kB
PageTables:        50060 kB
NFS_Unstable:          0 kB
Bounce:                0 kB
WritebackTmp:          0 kB
CommitLimit:     2155204 kB
Committed_AS:   119071068 kB
VmallocTotal:   251658176 kB
VmallocUsed:      136212 kB
VmallocChunk:   251411500 kB
Time pass: 333 sec

---2015-12-05 00:15:17
MemTotal:        2873608 kB
MemFree:           67904 kB
Buffers:           18024 kB
Cached:           932944 kB
SwapCached:           12 kB
Active:          1325756 kB
Inactive:         658100 kB
Active(anon):     837468 kB
Inactive(anon):   209688 kB
Active(file):     488288 kB
Inactive(file):   448412 kB
Unevictable:       13568 kB
Mlocked:               0 kB
SwapTotal:        718400 kB
SwapFree:         709816 kB
Dirty:                40 kB
Writeback:             0 kB
AnonPages:       1046348 kB
Mapped:           618848 kB
Shmem:               700 kB
Slab:              98548 kB
SReclaimable:      31724 kB
SUnreclaim:        66824 kB
KernelStack:       38304 kB
PageTables:        50040 kB
NFS_Unstable:          0 kB
Bounce:                0 kB
WritebackTmp:          0 kB
CommitLimit:     2155204 kB
Committed_AS:   119070988 kB
VmallocTotal:   251658176 kB
VmallocUsed:      136212 kB
VmallocChunk:   251411500 kB
Time pass: 337 sec

---2015-12-05 00:15:17
MemTotal:        2873608 kB
MemFree:           74204 kB
Buffers:           18032 kB
Cached:           932944 kB
SwapCached:           12 kB
Active:          1318712 kB
Inactive:         658100 kB
Active(anon):     830424 kB
Inactive(anon):   209688 kB
Active(file):     488288 kB
Inactive(file):   448412 kB
Unevictable:       13568 kB
Mlocked:               0 kB
SwapTotal:        718400 kB
SwapFree:         709816 kB
Dirty:                 0 kB
Writeback:             0 kB
AnonPages:       1039456 kB
Mapped:           618932 kB
Shmem:               700 kB
Slab:              98548 kB
SReclaimable:      31724 kB
SUnreclaim:        66824 kB
KernelStack:       38304 kB
PageTables:        50068 kB
NFS_Unstable:          0 kB
Bounce:                0 kB
WritebackTmp:          0 kB
CommitLimit:     2155204 kB
Committed_AS:   119071012 kB
VmallocTotal:   251658176 kB
VmallocUsed:      136212 kB
VmallocChunk:   251411500 kB
Time pass: 340 sec

---2015-12-05 00:15:17
MemTotal:        2873608 kB
MemFree:           74644 kB
Buffers:           18032 kB
Cached:           932944 kB
SwapCached:           12 kB
Active:          1318952 kB
Inactive:         658104 kB
Active(anon):     830664 kB
Inactive(anon):   209684 kB
Active(file):     488288 kB
Inactive(file):   448420 kB
Unevictable:       13568 kB
Mlocked:               0 kB
SwapTotal:        718400 kB
SwapFree:         709816 kB
Dirty:                60 kB
Writeback:             0 kB
AnonPages:       1039672 kB
Mapped:           618940 kB
Shmem:               700 kB
Slab:              98544 kB
SReclaimable:      31724 kB
SUnreclaim:        66820 kB
KernelStack:       38304 kB
PageTables:        50068 kB
NFS_Unstable:          0 kB
Bounce:                0 kB
WritebackTmp:          0 kB
CommitLimit:     2155204 kB
Committed_AS:   119071012 kB
VmallocTotal:   251658176 kB
VmallocUsed:      136212 kB
VmallocChunk:   251411500 kB
Time pass: 344 sec

---2015-12-05 00:15:17
MemTotal:        2873608 kB
MemFree:           73208 kB
Buffers:           18048 kB
Cached:           933008 kB
SwapCached:           12 kB
Active:          1319484 kB
Inactive:         658184 kB
Active(anon):     831196 kB
Inactive(anon):   209688 kB
Active(file):     488288 kB
Inactive(file):   448496 kB
Unevictable:       13568 kB
Mlocked:               0 kB
SwapTotal:        718400 kB
SwapFree:         709816 kB
Dirty:                36 kB
Writeback:             0 kB
AnonPages:       1039956 kB
Mapped:           618996 kB
Shmem:               704 kB
Slab:              98544 kB
SReclaimable:      31724 kB
SUnreclaim:        66820 kB
KernelStack:       38304 kB
PageTables:        50100 kB
NFS_Unstable:          0 kB
Bounce:                0 kB
WritebackTmp:          0 kB
CommitLimit:     2155204 kB
Committed_AS:   119071028 kB
VmallocTotal:   251658176 kB
VmallocUsed:      136212 kB
VmallocChunk:   251411500 kB
Time pass: 348 sec

---2015-12-05 00:15:17
MemTotal:        2873608 kB
MemFree:           73024 kB
Buffers:           18048 kB
Cached:           933008 kB
SwapCached:           12 kB
Active:          1319620 kB
Inactive:         658184 kB
Active(anon):     831332 kB
Inactive(anon):   209688 kB
Active(file):     488288 kB
Inactive(file):   448496 kB
Unevictable:       13568 kB
Mlocked:               0 kB
SwapTotal:        718400 kB
SwapFree:         709816 kB
Dirty:                 0 kB
Writeback:             0 kB
AnonPages:       1040284 kB
Mapped:           618960 kB
Shmem:               704 kB
Slab:              98548 kB
SReclaimable:      31724 kB
SUnreclaim:        66824 kB
KernelStack:       38336 kB
PageTables:        50108 kB
NFS_Unstable:          0 kB
Bounce:                0 kB
WritebackTmp:          0 kB
CommitLimit:     2155204 kB
Committed_AS:   119070988 kB
VmallocTotal:   251658176 kB
VmallocUsed:      136212 kB
VmallocChunk:   251411500 kB
Time pass: 352 sec

---2015-12-05 00:15:17
MemTotal:        2873608 kB
MemFree:           72680 kB
Buffers:           18056 kB
Cached:           933008 kB
SwapCached:           12 kB
Active:          1320752 kB
Inactive:         658192 kB
Active(anon):     832464 kB
Inactive(anon):   209688 kB
Active(file):     488288 kB
Inactive(file):   448504 kB
Unevictable:       13568 kB
Mlocked:               0 kB
SwapTotal:        718400 kB
SwapFree:         709816 kB
Dirty:                92 kB
Writeback:             0 kB
AnonPages:       1041512 kB
Mapped:           618968 kB
Shmem:               704 kB
Slab:              98508 kB
SReclaimable:      31724 kB
SUnreclaim:        66784 kB
KernelStack:       38304 kB
PageTables:        50068 kB
NFS_Unstable:          0 kB
Bounce:                0 kB
WritebackTmp:          0 kB
CommitLimit:     2155204 kB
Committed_AS:   119071036 kB
VmallocTotal:   251658176 kB
VmallocUsed:      136212 kB
VmallocChunk:   251411500 kB
Time pass: 356 sec

---2015-12-05 00:15:17
MemTotal:        2873608 kB
MemFree:           72100 kB
Buffers:           18080 kB
Cached:           933068 kB
SwapCached:           12 kB
Active:          1321284 kB
Inactive:         658276 kB
Active(anon):     832996 kB
Inactive(anon):   209716 kB
Active(file):     488288 kB
Inactive(file):   448560 kB
Unevictable:       13568 kB
Mlocked:               0 kB
SwapTotal:        718400 kB
SwapFree:         709816 kB
Dirty:                52 kB
Writeback:             0 kB
AnonPages:       1041884 kB
Mapped:           619016 kB
Shmem:               732 kB
Slab:              98564 kB
SReclaimable:      31724 kB
SUnreclaim:        66840 kB
KernelStack:       38320 kB
PageTables:        50068 kB
NFS_Unstable:          0 kB
Bounce:                0 kB
WritebackTmp:          0 kB
CommitLimit:     2155204 kB
Committed_AS:   119071060 kB
VmallocTotal:   251658176 kB
VmallocUsed:      136212 kB
VmallocChunk:   251411500 kB
Time pass: 359 sec

---2015-12-05 00:15:17
MemTotal:        2873608 kB
MemFree:           71392 kB
Buffers:           18080 kB
Cached:           933072 kB
SwapCached:           12 kB
Active:          1321244 kB
Inactive:         658280 kB
Active(anon):     832956 kB
Inactive(anon):   209720 kB
Active(file):     488288 kB
Inactive(file):   448560 kB
Unevictable:       13568 kB
Mlocked:               0 kB
SwapTotal:        718400 kB
SwapFree:         709816 kB
Dirty:                 0 kB
Writeback:            20 kB
AnonPages:       1041972 kB
Mapped:           619096 kB
Shmem:               736 kB
Slab:              98844 kB
SReclaimable:      31724 kB
SUnreclaim:        67120 kB
KernelStack:       38336 kB
PageTables:        50072 kB
NFS_Unstable:          0 kB
Bounce:                0 kB
WritebackTmp:          0 kB
CommitLimit:     2155204 kB
Committed_AS:   119071084 kB
VmallocTotal:   251658176 kB
VmallocUsed:      136212 kB
VmallocChunk:   251411500 kB
Time pass: 363 sec

---2015-12-05 00:15:17
MemTotal:        2873608 kB
MemFree:           71480 kB
Buffers:           18088 kB
Cached:           933072 kB
SwapCached:           12 kB
Active:          1321520 kB
Inactive:         658288 kB
Active(anon):     833232 kB
Inactive(anon):   209720 kB
Active(file):     488288 kB
Inactive(file):   448568 kB
Unevictable:       13568 kB
Mlocked:               0 kB
SwapTotal:        718400 kB
SwapFree:         709816 kB
Dirty:                36 kB
Writeback:             0 kB
AnonPages:       1042264 kB
Mapped:           619104 kB
Shmem:               736 kB
Slab:              98696 kB
SReclaimable:      31724 kB
SUnreclaim:        66972 kB
KernelStack:       38336 kB
PageTables:        50068 kB
NFS_Unstable:          0 kB
Bounce:                0 kB
WritebackTmp:          0 kB
CommitLimit:     2155204 kB
Committed_AS:   119071092 kB
VmallocTotal:   251658176 kB
VmallocUsed:      136212 kB
VmallocChunk:   251411500 kB
Time pass: 370 sec

---2015-12-05 00:15:17
MemTotal:        2873608 kB
MemFree:           70752 kB
Buffers:           18112 kB
Cached:           933072 kB
SwapCached:           12 kB
Active:          1322148 kB
Inactive:         658312 kB
Active(anon):     833860 kB
Inactive(anon):   209720 kB
Active(file):     488288 kB
Inactive(file):   448592 kB
Unevictable:       13568 kB
Mlocked:               0 kB
SwapTotal:        718400 kB
SwapFree:         709816 kB
Dirty:                 0 kB
Writeback:             0 kB
AnonPages:       1042612 kB
Mapped:           619116 kB
Shmem:               736 kB
Slab:              98548 kB
SReclaimable:      31724 kB
SUnreclaim:        66824 kB
KernelStack:       38336 kB
PageTables:        50068 kB
NFS_Unstable:          0 kB
Bounce:                0 kB
WritebackTmp:          0 kB
CommitLimit:     2155204 kB
Committed_AS:   119071084 kB
VmallocTotal:   251658176 kB
VmallocUsed:      136212 kB
VmallocChunk:   251411500 kB
Time pass: 374 sec

---2015-12-05 00:15:17
MemTotal:        2873608 kB
MemFree:           70024 kB
Buffers:           18128 kB
Cached:           933064 kB
SwapCached:           12 kB
Active:          1322512 kB
Inactive:         658320 kB
Active(anon):     834224 kB
Inactive(anon):   209720 kB
Active(file):     488288 kB
Inactive(file):   448600 kB
Unevictable:       13568 kB
Mlocked:               0 kB
SwapTotal:        718400 kB
SwapFree:         709816 kB
Dirty:                32 kB
Writeback:             0 kB
AnonPages:       1043452 kB
Mapped:           619124 kB
Shmem:               736 kB
Slab:              98492 kB
SReclaimable:      31724 kB
SUnreclaim:        66768 kB
KernelStack:       38336 kB
PageTables:        50064 kB
NFS_Unstable:          0 kB
Bounce:                0 kB
WritebackTmp:          0 kB
CommitLimit:     2155204 kB
Committed_AS:   119071092 kB
VmallocTotal:   251658176 kB
VmallocUsed:      136212 kB
VmallocChunk:   251411500 kB
Time pass: 378 sec

---2015-12-05 00:15:17
MemTotal:        2873608 kB
MemFree:           70484 kB
Buffers:           18136 kB
Cached:           933072 kB
SwapCached:           12 kB
Active:          1322596 kB
Inactive:         658336 kB
Active(anon):     834308 kB
Inactive(anon):   209720 kB
Active(file):     488288 kB
Inactive(file):   448616 kB
Unevictable:       13568 kB
Mlocked:               0 kB
SwapTotal:        718400 kB
SwapFree:         709816 kB
Dirty:                 0 kB
Writeback:             0 kB
AnonPages:       1043180 kB
Mapped:           619128 kB
Shmem:               736 kB
Slab:              98492 kB
SReclaimable:      31724 kB
SUnreclaim:        66768 kB
KernelStack:       38336 kB
PageTables:        50064 kB
NFS_Unstable:          0 kB
Bounce:                0 kB
WritebackTmp:          0 kB
CommitLimit:     2155204 kB
Committed_AS:   119071172 kB
VmallocTotal:   251658176 kB
VmallocUsed:      136212 kB
VmallocChunk:   251411500 kB
Time pass: 382 sec

---2015-12-05 00:15:17
MemTotal:        2873608 kB
MemFree:           69772 kB
Buffers:           18152 kB
Cached:           933076 kB
SwapCached:           12 kB
Active:          1323212 kB
Inactive:         658356 kB
Active(anon):     834924 kB
Inactive(anon):   209724 kB
Active(file):     488288 kB
Inactive(file):   448632 kB
Unevictable:       13568 kB
Mlocked:               0 kB
SwapTotal:        718400 kB
SwapFree:         709816 kB
Dirty:                60 kB
Writeback:             0 kB
AnonPages:       1043736 kB
Mapped:           619140 kB
Shmem:               740 kB
Slab:              98504 kB
SReclaimable:      31724 kB
SUnreclaim:        66780 kB
KernelStack:       38336 kB
PageTables:        50064 kB
NFS_Unstable:          0 kB
Bounce:                0 kB
WritebackTmp:          0 kB
CommitLimit:     2155204 kB
Committed_AS:   119071156 kB
VmallocTotal:   251658176 kB
VmallocUsed:      136212 kB
VmallocChunk:   251411500 kB
Time pass: 385 sec

---2015-12-05 00:15:17
MemTotal:        2873608 kB
MemFree:           69640 kB
Buffers:           18160 kB
Cached:           933088 kB
SwapCached:           12 kB
Active:          1323340 kB
Inactive:         658348 kB
Active(anon):     835052 kB
Inactive(anon):   209708 kB
Active(file):     488288 kB
Inactive(file):   448640 kB
Unevictable:       13568 kB
Mlocked:               0 kB
SwapTotal:        718400 kB
SwapFree:         709816 kB
Dirty:                32 kB
Writeback:             0 kB
AnonPages:       1043840 kB
Mapped:           619208 kB
Shmem:               752 kB
Slab:              98528 kB
SReclaimable:      31724 kB
SUnreclaim:        66804 kB
KernelStack:       38336 kB
PageTables:        50092 kB
NFS_Unstable:          0 kB
Bounce:                0 kB
WritebackTmp:          0 kB
CommitLimit:     2155204 kB
Committed_AS:   119071148 kB
VmallocTotal:   251658176 kB
VmallocUsed:      136212 kB
VmallocChunk:   251411500 kB
Time pass: 389 sec

---2015-12-05 00:15:17
MemTotal:        2873608 kB
MemFree:           69372 kB
Buffers:           18160 kB
