---2015-10-25 15:24:01
MemTotal:        1420824 kB
MemFree:          167476 kB
Buffers:           57860 kB
Cached:           541996 kB
SwapCached:          520 kB
Active:           529264 kB
Inactive:         483840 kB
Active(anon):     173840 kB
Inactive(anon):   240596 kB
Active(file):     355424 kB
Inactive(file):   243244 kB
Unevictable:         888 kB
Mlocked:               0 kB
HighTotal:       1001472 kB
HighFree:          67088 kB
LowTotal:         419352 kB
LowFree:          100388 kB
SwapTotal:        786428 kB
SwapFree:         768552 kB
Dirty:                 0 kB
Writeback:             0 kB
AnonPages:        413680 kB
Mapped:           164872 kB
Shmem:               300 kB
Slab:              47036 kB
SReclaimable:      17328 kB
SUnreclaim:        29708 kB
KernelStack:        9320 kB
PageTables:        13796 kB
NFS_Unstable:          0 kB
Bounce:                0 kB
WritebackTmp:          0 kB
CommitLimit:     1496840 kB
Committed_AS:   18545772 kB
VmallocTotal:     458752 kB
VmallocUsed:       76924 kB
VmallocChunk:     225308 kB
Time pass: 3 sec

---2015-10-25 15:24:01
MemTotal:        1420824 kB
MemFree:          167476 kB
Buffers:           57860 kB
Cached:           541996 kB
SwapCached:          520 kB
Active:           529280 kB
Inactive:         483840 kB
Active(anon):     173856 kB
Inactive(anon):   240596 kB
Active(file):     355424 kB
Inactive(file):   243244 kB
Unevictable:         888 kB
Mlocked:               0 kB
HighTotal:       1001472 kB
HighFree:          67088 kB
LowTotal:         419352 kB
LowFree:          100388 kB
SwapTotal:        786428 kB
SwapFree:         768552 kB
Dirty:                 0 kB
Writeback:             0 kB
AnonPages:        413708 kB
Mapped:           164872 kB
Shmem:               300 kB
Slab:              47036 kB
SReclaimable:      17328 kB
SUnreclaim:        29708 kB
KernelStack:        9320 kB
PageTables:        13796 kB
NFS_Unstable:          0 kB
Bounce:                0 kB
WritebackTmp:          0 kB
CommitLimit:     1496840 kB
Committed_AS:   18545772 kB
VmallocTotal:     458752 kB
VmallocUsed:       76924 kB
VmallocChunk:     225308 kB
Time pass: 6 sec

---2015-10-25 15:24:01
MemTotal:        1420824 kB
MemFree:          167324 kB
Buffers:           57860 kB
Cached:           541996 kB
SwapCached:          520 kB
Active:           529352 kB
Inactive:         483840 kB
Active(anon):     173928 kB
Inactive(anon):   240596 kB
Active(file):     355424 kB
Inactive(file):   243244 kB
Unevictable:         888 kB
Mlocked:               0 kB
HighTotal:       1001472 kB
HighFree:          66920 kB
LowTotal:         419352 kB
LowFree:          100404 kB
SwapTotal:        786428 kB
SwapFree:         768552 kB
Dirty:                 0 kB
Writeback:             0 kB
AnonPages:        413780 kB
Mapped:           164872 kB
Shmem:               300 kB
Slab:              47036 kB
SReclaimable:      17328 kB
SUnreclaim:        29708 kB
KernelStack:        9320 kB
PageTables:        13796 kB
NFS_Unstable:          0 kB
Bounce:                0 kB
WritebackTmp:          0 kB
CommitLimit:     1496840 kB
Committed_AS:   18545772 kB
VmallocTotal:     458752 kB
VmallocUsed:       76924 kB
VmallocChunk:     225308 kB
Time pass: 10 sec

---2015-10-25 15:24:01
MemTotal:        1420824 kB
MemFree:          167348 kB
Buffers:           57860 kB
Cached:           541996 kB
SwapCached:          520 kB
Active:           529364 kB
Inactive:         483840 kB
Active(anon):     173940 kB
Inactive(anon):   240596 kB
Active(file):     355424 kB
Inactive(file):   243244 kB
Unevictable:         888 kB
Mlocked:               0 kB
HighTotal:       1001472 kB
HighFree:          66936 kB
LowTotal:         419352 kB
LowFree:          100412 kB
SwapTotal:        786428 kB
SwapFree:         768552 kB
Dirty:                 0 kB
Writeback:             0 kB
AnonPages:        413796 kB
Mapped:           164832 kB
Shmem:               300 kB
Slab:              47036 kB
SReclaimable:      17328 kB
SUnreclaim:        29708 kB
KernelStack:        9312 kB
PageTables:        13808 kB
NFS_Unstable:          0 kB
Bounce:                0 kB
WritebackTmp:          0 kB
CommitLimit:     1496840 kB
Committed_AS:   18545772 kB
VmallocTotal:     458752 kB
VmallocUsed:       76924 kB
VmallocChunk:     225308 kB
Time pass: 13 sec

---2015-10-25 15:24:01
MemTotal:        1420824 kB
MemFree:          167164 kB
Buffers:           57860 kB
Cached:           541996 kB
SwapCached:          520 kB
Active:           529404 kB
Inactive:         483840 kB
Active(anon):     173980 kB
Inactive(anon):   240596 kB
Active(file):     355424 kB
Inactive(file):   243244 kB
Unevictable:         888 kB
Mlocked:               0 kB
HighTotal:       1001472 kB
HighFree:          66792 kB
LowTotal:         419352 kB
LowFree:          100372 kB
SwapTotal:        786428 kB
SwapFree:         768552 kB
Dirty:                 0 kB
Writeback:             0 kB
AnonPages:        413824 kB
Mapped:           164884 kB
Shmem:               300 kB
Slab:              47068 kB
SReclaimable:      17328 kB
SUnreclaim:        29740 kB
KernelStack:        9320 kB
PageTables:        13796 kB
NFS_Unstable:          0 kB
Bounce:                0 kB
WritebackTmp:          0 kB
CommitLimit:     1496840 kB
Committed_AS:   18545772 kB
VmallocTotal:     458752 kB
VmallocUsed:       76924 kB
VmallocChunk:     225308 kB
Time pass: 17 sec

---2015-10-25 15:24:01
MemTotal:        1420824 kB
MemFree:          167164 kB
Buffers:           57864 kB
Cached:           541996 kB
SwapCached:          520 kB
Active:           529412 kB
Inactive:         483840 kB
Active(anon):     173988 kB
Inactive(anon):   240596 kB
Active(file):     355424 kB
Inactive(file):   243244 kB
Unevictable:         888 kB
Mlocked:               0 kB
HighTotal:       1001472 kB
HighFree:          66792 kB
LowTotal:         419352 kB
LowFree:          100372 kB
SwapTotal:        786428 kB
SwapFree:         768552 kB
Dirty:                 4 kB
Writeback:             0 kB
AnonPages:        413840 kB
Mapped:           164884 kB
Shmem:               300 kB
Slab:              47068 kB
SReclaimable:      17328 kB
SUnreclaim:        29740 kB
KernelStack:        9320 kB
PageTables:        13796 kB
NFS_Unstable:          0 kB
Bounce:                0 kB
WritebackTmp:          0 kB
CommitLimit:     1496840 kB
Committed_AS:   18545772 kB
VmallocTotal:     458752 kB
VmallocUsed:       76924 kB
VmallocChunk:     225308 kB
Time pass: 20 sec

---2015-10-25 15:24:01
MemTotal:        1420824 kB
MemFree:          167164 kB
Buffers:           57864 kB
Cached:           541996 kB
SwapCached:          520 kB
Active:           529424 kB
Inactive:         483844 kB
Active(anon):     174000 kB
Inactive(anon):   240596 kB
Active(file):     355424 kB
Inactive(file):   243248 kB
Unevictable:         888 kB
Mlocked:               0 kB
HighTotal:       1001472 kB
HighFree:          66792 kB
LowTotal:         419352 kB
LowFree:          100372 kB
SwapTotal:        786428 kB
SwapFree:         768552 kB
Dirty:                 4 kB
Writeback:             0 kB
AnonPages:        413852 kB
Mapped:           164884 kB
Shmem:               300 kB
Slab:              47068 kB
SReclaimable:      17328 kB
SUnreclaim:        29740 kB
KernelStack:        9320 kB
PageTables:        13796 kB
NFS_Unstable:          0 kB
Bounce:                0 kB
WritebackTmp:          0 kB
CommitLimit:     1496840 kB
Committed_AS:   18545772 kB
VmallocTotal:     458752 kB
VmallocUsed:       76924 kB
VmallocChunk:     225308 kB
Time pass: 24 sec

---2015-10-25 15:24:01
MemTotal:        1420824 kB
MemFree:          167164 kB
Buffers:           57864 kB
Cached:           541996 kB
SwapCached:          520 kB
Active:           529452 kB
Inactive:         483844 kB
Active(anon):     174028 kB
Inactive(anon):   240596 kB
Active(file):     355424 kB
Inactive(file):   243248 kB
Unevictable:         888 kB
Mlocked:               0 kB
HighTotal:       1001472 kB
HighFree:          66792 kB
LowTotal:         419352 kB
LowFree:          100372 kB
SwapTotal:        786428 kB
SwapFree:         768552 kB
Dirty:                 0 kB
Writeback:             0 kB
AnonPages:        413876 kB
Mapped:           164844 kB
Shmem:               300 kB
Slab:              47068 kB
SReclaimable:      17328 kB
SUnreclaim:        29740 kB
KernelStack:        9304 kB
PageTables:        13780 kB
NFS_Unstable:          0 kB
Bounce:                0 kB
WritebackTmp:          0 kB
CommitLimit:     1496840 kB
Committed_AS:   18545772 kB
VmallocTotal:     458752 kB
VmallocUsed:       76924 kB
VmallocChunk:     225308 kB
Time pass: 28 sec

---2015-10-25 15:24:01
MemTotal:        1420824 kB
MemFree:          167148 kB
Buffers:           57864 kB
Cached:           541996 kB
SwapCached:          520 kB
Active:           529464 kB
Inactive:         483844 kB
Active(anon):     174040 kB
Inactive(anon):   240596 kB
Active(file):     355424 kB
Inactive(file):   243248 kB
Unevictable:         888 kB
Mlocked:               0 kB
HighTotal:       1001472 kB
HighFree:          66776 kB
LowTotal:         419352 kB
LowFree:          100372 kB
SwapTotal:        786428 kB
SwapFree:         768552 kB
Dirty:                 0 kB
Writeback:             0 kB
AnonPages:        413892 kB
Mapped:           164884 kB
Shmem:               300 kB
Slab:              47068 kB
SReclaimable:      17328 kB
SUnreclaim:        29740 kB
KernelStack:        9320 kB
PageTables:        13796 kB
NFS_Unstable:          0 kB
Bounce:                0 kB
WritebackTmp:          0 kB
CommitLimit:     1496840 kB
Committed_AS:   18545772 kB
VmallocTotal:     458752 kB
VmallocUsed:       76924 kB
VmallocChunk:     225308 kB
Time pass: 31 sec

---2015-10-25 15:24:01
MemTotal:        1420824 kB
MemFree:          167164 kB
Buffers:           57864 kB
Cached:           541996 kB
SwapCached:          520 kB
Active:           529496 kB
Inactive:         483844 kB
Active(anon):     174072 kB
Inactive(anon):   240596 kB
Active(file):     355424 kB
Inactive(file):   243248 kB
Unevictable:         888 kB
Mlocked:               0 kB
HighTotal:       1001472 kB
HighFree:          66792 kB
LowTotal:         419352 kB
LowFree:          100372 kB
SwapTotal:        786428 kB
SwapFree:         768552 kB
Dirty:                 0 kB
Writeback:             0 kB
AnonPages:        413936 kB
Mapped:           164884 kB
Shmem:               300 kB
Slab:              47068 kB
SReclaimable:      17328 kB
SUnreclaim:        29740 kB
KernelStack:        9320 kB
PageTables:        13796 kB
NFS_Unstable:          0 kB
Bounce:                0 kB
WritebackTmp:          0 kB
CommitLimit:     1496840 kB
Committed_AS:   18545772 kB
VmallocTotal:     458752 kB
VmallocUsed:       76924 kB
VmallocChunk:     225308 kB
Time pass: 34 sec

---2015-10-25 15:24:01
MemTotal:        1420824 kB
MemFree:          167164 kB
Buffers:           57864 kB
Cached:           541996 kB
SwapCached:          520 kB
Active:           529516 kB
Inactive:         483844 kB
Active(anon):     174092 kB
Inactive(anon):   240596 kB
Active(file):     355424 kB
Inactive(file):   243248 kB
Unevictable:         888 kB
Mlocked:               0 kB
HighTotal:       1001472 kB
HighFree:          66792 kB
LowTotal:         419352 kB
LowFree:          100372 kB
SwapTotal:        786428 kB
SwapFree:         768552 kB
Dirty:                 0 kB
Writeback:             0 kB
AnonPages:        413932 kB
Mapped:           164884 kB
Shmem:               300 kB
Slab:              47068 kB
SReclaimable:      17328 kB
SUnreclaim:        29740 kB
KernelStack:        9320 kB
PageTables:        13796 kB
NFS_Unstable:          0 kB
Bounce:                0 kB
WritebackTmp:          0 kB
CommitLimit:     1496840 kB
Committed_AS:   18545772 kB
VmallocTotal:     458752 kB
VmallocUsed:       76924 kB
VmallocChunk:     225308 kB
Time pass: 38 sec

---2015-10-25 15:24:01
MemTotal:        1420824 kB
MemFree:          165848 kB
Buffers:           57872 kB
Cached:           541996 kB
SwapCached:          520 kB
Active:           530404 kB
Inactive:         483820 kB
Active(anon):     174948 kB
Inactive(anon):   240596 kB
Active(file):     355456 kB
Inactive(file):   243224 kB
Unevictable:         888 kB
Mlocked:               0 kB
HighTotal:       1001472 kB
HighFree:          65772 kB
LowTotal:         419352 kB
LowFree:          100076 kB
SwapTotal:        786428 kB
SwapFree:         768552 kB
Dirty:                84 kB
Writeback:             0 kB
AnonPages:        414824 kB
Mapped:           165028 kB
Shmem:               300 kB
Slab:              47068 kB
SReclaimable:      17328 kB
SUnreclaim:        29740 kB
KernelStack:        9352 kB
PageTables:        13792 kB
NFS_Unstable:          0 kB
Bounce:                0 kB
WritebackTmp:          0 kB
CommitLimit:     1496840 kB
Committed_AS:   18548216 kB
VmallocTotal:     458752 kB
VmallocUsed:       77020 kB
VmallocChunk:     225308 kB
Time pass: 41 sec

---2015-10-25 15:24:01
MemTotal:        1420824 kB
MemFree:          165696 kB
Buffers:           57880 kB
Cached:           541996 kB
SwapCached:          520 kB
Active:           530844 kB
Inactive:         483804 kB
Active(anon):     175364 kB
Inactive(anon):   240596 kB
Active(file):     355480 kB
Inactive(file):   243208 kB
Unevictable:         888 kB
Mlocked:               0 kB
HighTotal:       1001472 kB
HighFree:          65432 kB
LowTotal:         419352 kB
LowFree:          100264 kB
SwapTotal:        786428 kB
SwapFree:         768552 kB
Dirty:                24 kB
Writeback:             0 kB
AnonPages:        415208 kB
Mapped:           165008 kB
Shmem:               300 kB
Slab:              47132 kB
SReclaimable:      17328 kB
SUnreclaim:        29804 kB
KernelStack:        9336 kB
PageTables:        13796 kB
NFS_Unstable:          0 kB
Bounce:                0 kB
WritebackTmp:          0 kB
CommitLimit:     1496840 kB
Committed_AS:   18546416 kB
VmallocTotal:     458752 kB
VmallocUsed:       76924 kB
VmallocChunk:     225308 kB
Time pass: 45 sec

---2015-10-25 15:24:01
MemTotal:        1420824 kB
MemFree:          165924 kB
Buffers:           57884 kB
Cached:           541992 kB
SwapCached:          520 kB
Active:           530636 kB
Inactive:         483800 kB
Active(anon):     175156 kB
Inactive(anon):   240592 kB
Active(file):     355480 kB
Inactive(file):   243208 kB
Unevictable:         888 kB
Mlocked:               0 kB
HighTotal:       1001472 kB
HighFree:          65660 kB
LowTotal:         419352 kB
LowFree:          100264 kB
SwapTotal:        786428 kB
SwapFree:         768552 kB
Dirty:                40 kB
Writeback:             0 kB
AnonPages:        415000 kB
Mapped:           165008 kB
Shmem:               300 kB
Slab:              47132 kB
SReclaimable:      17328 kB
SUnreclaim:        29804 kB
KernelStack:        9336 kB
PageTables:        13796 kB
NFS_Unstable:          0 kB
Bounce:                0 kB
WritebackTmp:          0 kB
CommitLimit:     1496840 kB
Committed_AS:   18546352 kB
VmallocTotal:     458752 kB
VmallocUsed:       76924 kB
VmallocChunk:     225308 kB
Time pass: 48 sec

---2015-10-25 15:24:01
MemTotal:        1420824 kB
MemFree:          165956 kB
Buffers:           57884 kB
Cached:           541996 kB
SwapCached:          520 kB
Active:           530656 kB
Inactive:         483800 kB
Active(anon):     175172 kB
Inactive(anon):   240592 kB
Active(file):     355484 kB
Inactive(file):   243208 kB
Unevictable:         888 kB
Mlocked:               0 kB
HighTotal:       1001472 kB
HighFree:          65692 kB
LowTotal:         419352 kB
LowFree:          100264 kB
SwapTotal:        786428 kB
SwapFree:         768552 kB
Dirty:                40 kB
Writeback:             0 kB
AnonPages:        415060 kB
Mapped:           165008 kB
Shmem:               300 kB
Slab:              47132 kB
SReclaimable:      17328 kB
SUnreclaim:        29804 kB
KernelStack:        9336 kB
PageTables:        13796 kB
NFS_Unstable:          0 kB
Bounce:                0 kB
WritebackTmp:          0 kB
CommitLimit:     1496840 kB
Committed_AS:   18546352 kB
VmallocTotal:     458752 kB
VmallocUsed:       76924 kB
VmallocChunk:     225308 kB
Time pass: 52 sec

---2015-10-25 15:24:01
MemTotal:        1420824 kB
MemFree:          165956 kB
Buffers:           57884 kB
Cached:           541996 kB
SwapCached:          520 kB
Active:           530672 kB
Inactive:         483800 kB
Active(anon):     175188 kB
Inactive(anon):   240592 kB
Active(file):     355484 kB
Inactive(file):   243208 kB
Unevictable:         888 kB
Mlocked:               0 kB
HighTotal:       1001472 kB
HighFree:          65692 kB
LowTotal:         419352 kB
LowFree:          100264 kB
SwapTotal:        786428 kB
SwapFree:         768552 kB
Dirty:                 0 kB
Writeback:             0 kB
AnonPages:        415080 kB
Mapped:           165012 kB
Shmem:               300 kB
Slab:              47132 kB
SReclaimable:      17328 kB
SUnreclaim:        29804 kB
KernelStack:        9336 kB
PageTables:        13796 kB
NFS_Unstable:          0 kB
Bounce:                0 kB
WritebackTmp:          0 kB
CommitLimit:     1496840 kB
Committed_AS:   18546352 kB
VmallocTotal:     458752 kB
VmallocUsed:       76924 kB
VmallocChunk:     225308 kB
Time pass: 55 sec

---2015-10-25 15:24:01
MemTotal:        1420824 kB
MemFree:          165860 kB
Buffers:           57884 kB
Cached:           541996 kB
SwapCached:          520 kB
Active:           530692 kB
Inactive:         483800 kB
Active(anon):     175208 kB
Inactive(anon):   240592 kB
Active(file):     355484 kB
Inactive(file):   243208 kB
Unevictable:         888 kB
Mlocked:               0 kB
HighTotal:       1001472 kB
HighFree:          65604 kB
LowTotal:         419352 kB
LowFree:          100256 kB
SwapTotal:        786428 kB
SwapFree:         768552 kB
Dirty:                 0 kB
Writeback:             0 kB
AnonPages:        415048 kB
Mapped:           165012 kB
Shmem:               300 kB
Slab:              47132 kB
SReclaimable:      17328 kB
SUnreclaim:        29804 kB
KernelStack:        9336 kB
PageTables:        13796 kB
NFS_Unstable:          0 kB
Bounce:                0 kB
WritebackTmp:          0 kB
CommitLimit:     1496840 kB
Committed_AS:   18546352 kB
VmallocTotal:     458752 kB
VmallocUsed:       76924 kB
VmallocChunk:     225308 kB
Time pass: 59 sec

---2015-10-25 15:24:01
MemTotal:        1420824 kB
MemFree:          165844 kB
Buffers:           57884 kB
Cached:           541996 kB
SwapCached:          520 kB
Active:           530696 kB
Inactive:         483800 kB
Active(anon):     175212 kB
Inactive(anon):   240592 kB
Active(file):     355484 kB
Inactive(file):   243208 kB
Unevictable:         888 kB
Mlocked:               0 kB
HighTotal:       1001472 kB
HighFree:          65588 kB
LowTotal:         419352 kB
LowFree:          100256 kB
SwapTotal:        786428 kB
SwapFree:         768552 kB
Dirty:                 0 kB
Writeback:             0 kB
AnonPages:        415080 kB
Mapped:           165012 kB
Shmem:               300 kB
Slab:              47132 kB
SReclaimable:      17328 kB
SUnreclaim:        29804 kB
KernelStack:        9336 kB
PageTables:        13796 kB
NFS_Unstable:          0 kB
Bounce:                0 kB
WritebackTmp:          0 kB
CommitLimit:     1496840 kB
Committed_AS:   18546352 kB
VmallocTotal:     458752 kB
VmallocUsed:       76924 kB
VmallocChunk:     225308 kB
Time pass: 62 sec

---2015-10-25 15:24:01
MemTotal:        1420824 kB
MemFree:          165860 kB
Buffers:           57884 kB
Cached:           541996 kB
SwapCached:          520 kB
Active:           530720 kB
Inactive:         483800 kB
Active(anon):     175236 kB
Inactive(anon):   240592 kB
Active(file):     355484 kB
Inactive(file):   243208 kB
Unevictable:         888 kB
Mlocked:               0 kB
HighTotal:       1001472 kB
HighFree:          65604 kB
LowTotal:         419352 kB
LowFree:          100256 kB
SwapTotal:        786428 kB
SwapFree:         768552 kB
Dirty:                 8 kB
Writeback:             0 kB
AnonPages:        415132 kB
Mapped:           165012 kB
Shmem:               300 kB
Slab:              47132 kB
SReclaimable:      17328 kB
SUnreclaim:        29804 kB
KernelStack:        9336 kB
PageTables:        13796 kB
NFS_Unstable:          0 kB
Bounce:                0 kB
WritebackTmp:          0 kB
CommitLimit:     1496840 kB
Committed_AS:   18546352 kB
VmallocTotal:     458752 kB
VmallocUsed:       76924 kB
VmallocChunk:     225308 kB
Time pass: 66 sec

---2015-10-25 15:24:01
MemTotal:        1420824 kB
MemFree:          165860 kB
Buffers:           57892 kB
Cached:           541996 kB
SwapCached:          520 kB
Active:           530752 kB
Inactive:         483800 kB
Active(anon):     175268 kB
Inactive(anon):   240592 kB
Active(file):     355484 kB
Inactive(file):   243208 kB
Unevictable:         888 kB
Mlocked:               0 kB
HighTotal:       1001472 kB
HighFree:          65604 kB
LowTotal:         419352 kB
LowFree:          100256 kB
SwapTotal:        786428 kB
SwapFree:         768552 kB
Dirty:                32 kB
Writeback:             0 kB
AnonPages:        415104 kB
Mapped:           165012 kB
Shmem:               300 kB
Slab:              47132 kB
SReclaimable:      17328 kB
SUnreclaim:        29804 kB
KernelStack:        9336 kB
PageTables:        13796 kB
NFS_Unstable:          0 kB
Bounce:                0 kB
WritebackTmp:          0 kB
CommitLimit:     1496840 kB
Committed_AS:   18546352 kB
VmallocTotal:     458752 kB
VmallocUsed:       76924 kB
VmallocChunk:     225308 kB
Time pass: 70 sec

---2015-10-25 15:24:01
MemTotal:        1420824 kB
MemFree:          165796 kB
Buffers:           57892 kB
Cached:           541996 kB
SwapCached:          520 kB
Active:           530764 kB
Inactive:         483808 kB
Active(anon):     175280 kB
Inactive(anon):   240592 kB
Active(file):     355484 kB
Inactive(file):   243216 kB
Unevictable:         888 kB
Mlocked:               0 kB
HighTotal:       1001472 kB
HighFree:          65528 kB
LowTotal:         419352 kB
LowFree:          100268 kB
SwapTotal:        786428 kB
SwapFree:         768552 kB
Dirty:                 0 kB
Writeback:             0 kB
AnonPages:        415116 kB
Mapped:           165012 kB
Shmem:               300 kB
Slab:              47132 kB
SReclaimable:      17328 kB
SUnreclaim:        29804 kB
KernelStack:        9336 kB
PageTables:        13796 kB
NFS_Unstable:          0 kB
Bounce:                0 kB
WritebackTmp:          0 kB
CommitLimit:     1496840 kB
Committed_AS:   18546352 kB
VmallocTotal:     458752 kB
VmallocUsed:       76924 kB
VmallocChunk:     225308 kB
Time pass: 73 sec

---2015-10-25 15:24:01
MemTotal:        1420824 kB
MemFree:          165820 kB
Buffers:           57892 kB
Cached:           541996 kB
SwapCached:          520 kB
Active:           530792 kB
Inactive:         483808 kB
Active(anon):     175308 kB
Inactive(anon):   240592 kB
Active(file):     355484 kB
Inactive(file):   243216 kB
Unevictable:         888 kB
Mlocked:               0 kB
HighTotal:       1001472 kB
HighFree:          65520 kB
LowTotal:         419352 kB
LowFree:          100300 kB
SwapTotal:        786428 kB
SwapFree:         768552 kB
Dirty:                 0 kB
Writeback:             0 kB
AnonPages:        415144 kB
Mapped:           165024 kB
Shmem:               300 kB
Slab:              47100 kB
SReclaimable:      17328 kB
SUnreclaim:        29772 kB
KernelStack:        9336 kB
PageTables:        13796 kB
NFS_Unstable:          0 kB
Bounce:                0 kB
WritebackTmp:          0 kB
CommitLimit:     1496840 kB
Committed_AS:   18546352 kB
VmallocTotal:     458752 kB
VmallocUsed:       76924 kB
VmallocChunk:     225308 kB
Time pass: 77 sec

---2015-10-25 15:24:01
MemTotal:        1420824 kB
MemFree:          165960 kB
Buffers:           57896 kB
Cached:           541992 kB
SwapCached:          520 kB
Active:           530580 kB
Inactive:         483808 kB
Active(anon):     175096 kB
Inactive(anon):   240592 kB
Active(file):     355484 kB
Inactive(file):   243216 kB
Unevictable:         888 kB
Mlocked:               0 kB
HighTotal:       1001472 kB
HighFree:          65660 kB
LowTotal:         419352 kB
LowFree:          100300 kB
SwapTotal:        786428 kB
SwapFree:         768552 kB
Dirty:                 0 kB
Writeback:             0 kB
AnonPages:        414932 kB
Mapped:           165020 kB
Shmem:               300 kB
Slab:              47100 kB
SReclaimable:      17328 kB
SUnreclaim:        29772 kB
KernelStack:        9336 kB
PageTables:        13796 kB
NFS_Unstable:          0 kB
Bounce:                0 kB
WritebackTmp:          0 kB
CommitLimit:     1496840 kB
Committed_AS:   18546352 kB
VmallocTotal:     458752 kB
VmallocUsed:       76924 kB
VmallocChunk:     225308 kB
Time pass: 80 sec

---2015-10-25 15:24:01
MemTotal:        1420824 kB
MemFree:          165960 kB
Buffers:           57896 kB
Cached:           541996 kB
SwapCached:          520 kB
Active:           530588 kB
Inactive:         483808 kB
Active(anon):     175100 kB
Inactive(anon):   240592 kB
Active(file):     355488 kB
Inactive(file):   243216 kB
Unevictable:         888 kB
Mlocked:               0 kB
HighTotal:       1001472 kB
HighFree:          65660 kB
LowTotal:         419352 kB
LowFree:          100300 kB
SwapTotal:        786428 kB
SwapFree:         768552 kB
Dirty:                 4 kB
Writeback:             0 kB
AnonPages:        414936 kB
Mapped:           165020 kB
Shmem:               300 kB
Slab:              47100 kB
SReclaimable:      17328 kB
SUnreclaim:        29772 kB
KernelStack:        9336 kB
PageTables:        13792 kB
NFS_Unstable:          0 kB
Bounce:                0 kB
WritebackTmp:          0 kB
CommitLimit:     1496840 kB
Committed_AS:   18546352 kB
VmallocTotal:     458752 kB
VmallocUsed:       76924 kB
VmallocChunk:     225308 kB
Time pass: 84 sec

---2015-10-25 15:24:01
MemTotal:        1420824 kB
MemFree:          161136 kB
Buffers:           57896 kB
Cached:           541996 kB
SwapCached:          520 kB
Active:           535584 kB
Inactive:         483808 kB
Active(anon):     180096 kB
Inactive(anon):   240592 kB
Active(file):     355488 kB
Inactive(file):   243216 kB
Unevictable:         888 kB
Mlocked:               0 kB
HighTotal:       1001472 kB
HighFree:          60656 kB
LowTotal:         419352 kB
LowFree:          100480 kB
SwapTotal:        786428 kB
SwapFree:         768552 kB
Dirty:                 0 kB
Writeback:             0 kB
AnonPages:        419928 kB
Mapped:           165676 kB
Shmem:               300 kB
Slab:              47100 kB
SReclaimable:      17328 kB
SUnreclaim:        29772 kB
KernelStack:        9328 kB
PageTables:        13800 kB
NFS_Unstable:          0 kB
Bounce:                0 kB
WritebackTmp:          0 kB
CommitLimit:     1496840 kB
Committed_AS:   18544932 kB
VmallocTotal:     458752 kB
VmallocUsed:       76924 kB
VmallocChunk:     225308 kB
Time pass: 87 sec

---2015-10-25 15:24:01
MemTotal:        1420824 kB
MemFree:          150460 kB
Buffers:           57896 kB
Cached:           541988 kB
SwapCached:          528 kB
Active:           542900 kB
Inactive:         484008 kB
Active(anon):     187612 kB
Inactive(anon):   240592 kB
Active(file):     355288 kB
Inactive(file):   243416 kB
Unevictable:         888 kB
Mlocked:               0 kB
HighTotal:       1001472 kB
HighFree:          51204 kB
LowTotal:         419352 kB
LowFree:           99256 kB
SwapTotal:        786428 kB
SwapFree:         768552 kB
Dirty:               592 kB
Writeback:             0 kB
AnonPages:        427596 kB
Mapped:           178824 kB
Shmem:               300 kB
Slab:              47096 kB
SReclaimable:      17328 kB
SUnreclaim:        29768 kB
KernelStack:        9464 kB
PageTables:        14140 kB
NFS_Unstable:          0 kB
Bounce:                0 kB
WritebackTmp:          0 kB
CommitLimit:     1496840 kB
Committed_AS:   19024132 kB
VmallocTotal:     458752 kB
VmallocUsed:       78208 kB
VmallocChunk:     225308 kB
Time pass: 91 sec

---2015-10-25 15:24:01
MemTotal:        1420824 kB
MemFree:          118440 kB
Buffers:           57908 kB
Cached:           541544 kB
SwapCached:          528 kB
Active:           558936 kB
Inactive:         483664 kB
Active(anon):     203748 kB
Inactive(anon):   240736 kB
Active(file):     355188 kB
Inactive(file):   242928 kB
Unevictable:         888 kB
Mlocked:               0 kB
HighTotal:       1001472 kB
HighFree:          19608 kB
LowTotal:         419352 kB
LowFree:           98832 kB
SwapTotal:        786428 kB
SwapFree:         768552 kB
Dirty:              1172 kB
Writeback:             0 kB
AnonPages:        443544 kB
Mapped:           190340 kB
Shmem:               436 kB
Slab:              47184 kB
SReclaimable:      17344 kB
SUnreclaim:        29840 kB
KernelStack:        9776 kB
PageTables:        14376 kB
NFS_Unstable:          0 kB
Bounce:                0 kB
WritebackTmp:          0 kB
CommitLimit:     1496840 kB
Committed_AS:   19046476 kB
VmallocTotal:     458752 kB
VmallocUsed:       78240 kB
VmallocChunk:     225308 kB
Time pass: 94 sec

---2015-10-25 15:24:01
MemTotal:        1420824 kB
MemFree:          102044 kB
Buffers:           57916 kB
Cached:           541656 kB
SwapCached:          528 kB
Active:           566708 kB
Inactive:         483776 kB
Active(anon):     211500 kB
Inactive(anon):   240736 kB
Active(file):     355208 kB
Inactive(file):   243040 kB
Unevictable:         888 kB
Mlocked:               0 kB
HighTotal:       1001472 kB
HighFree:           8528 kB
LowTotal:         419352 kB
LowFree:           93516 kB
SwapTotal:        786428 kB
SwapFree:         768552 kB
Dirty:               380 kB
Writeback:             0 kB
AnonPages:        451392 kB
Mapped:           195272 kB
Shmem:               436 kB
Slab:              47216 kB
SReclaimable:      17344 kB
SUnreclaim:        29872 kB
KernelStack:        9832 kB
PageTables:        14444 kB
NFS_Unstable:          0 kB
Bounce:                0 kB
WritebackTmp:          0 kB
CommitLimit:     1496840 kB
Committed_AS:   19054388 kB
VmallocTotal:     458752 kB
VmallocUsed:       78216 kB
VmallocChunk:     225308 kB
Time pass: 98 sec

---2015-10-25 15:24:01
MemTotal:        1420824 kB
MemFree:           80740 kB
Buffers:           57916 kB
Cached:           541688 kB
SwapCached:          528 kB
Active:           568900 kB
Inactive:         483808 kB
Active(anon):     213692 kB
Inactive(anon):   240736 kB
Active(file):     355208 kB
Inactive(file):   243072 kB
Unevictable:         888 kB
Mlocked:               0 kB
HighTotal:       1001472 kB
HighFree:           5116 kB
LowTotal:         419352 kB
LowFree:           75624 kB
SwapTotal:        786428 kB
SwapFree:         768552 kB
Dirty:              1076 kB
Writeback:             0 kB
AnonPages:        453624 kB
Mapped:           198252 kB
Shmem:               436 kB
Slab:              47220 kB
SReclaimable:      17348 kB
SUnreclaim:        29872 kB
KernelStack:        9832 kB
PageTables:        14476 kB
NFS_Unstable:          0 kB
Bounce:                0 kB
WritebackTmp:          0 kB
CommitLimit:     1496840 kB
Committed_AS:   19056644 kB
VmallocTotal:     458752 kB
VmallocUsed:       78276 kB
VmallocChunk:     225308 kB
Time pass: 101 sec

---2015-10-25 15:24:01
MemTotal:        1420824 kB
MemFree:           82404 kB
Buffers:           57916 kB
Cached:           541688 kB
SwapCached:          528 kB
Active:           568668 kB
Inactive:         483800 kB
Active(anon):     213452 kB
Inactive(anon):   240736 kB
Active(file):     355216 kB
Inactive(file):   243064 kB
Unevictable:         888 kB
Mlocked:               0 kB
HighTotal:       1001472 kB
HighFree:           6512 kB
LowTotal:         419352 kB
LowFree:           75892 kB
SwapTotal:        786428 kB
SwapFree:         768552 kB
Dirty:              1160 kB
Writeback:             0 kB
AnonPages:        453340 kB
Mapped:           198184 kB
Shmem:               436 kB
Slab:              47188 kB
SReclaimable:      17348 kB
SUnreclaim:        29840 kB
KernelStack:        9832 kB
PageTables:        14488 kB
NFS_Unstable:          0 kB
Bounce:                0 kB
WritebackTmp:          0 kB
CommitLimit:     1496840 kB
Committed_AS:   19056344 kB
VmallocTotal:     458752 kB
VmallocUsed:       78212 kB
VmallocChunk:     225308 kB
Time pass: 105 sec

---2015-10-25 15:24:01
MemTotal:        1420824 kB
MemFree:           82404 kB
Buffers:           57916 kB
Cached:           541688 kB
SwapCached:          528 kB
Active:           568668 kB
Inactive:         483800 kB
Active(anon):     213452 kB
Inactive(anon):   240736 kB
Active(file):     355216 kB
Inactive(file):   243064 kB
Unevictable:         888 kB
Mlocked:               0 kB
HighTotal:       1001472 kB
HighFree:           6512 kB
LowTotal:         419352 kB
LowFree:           75892 kB
SwapTotal:        786428 kB
SwapFree:         768552 kB
Dirty:                 0 kB
Writeback:             0 kB
AnonPages:        453292 kB
Mapped:           198248 kB
Shmem:               436 kB
Slab:              47188 kB
SReclaimable:      17348 kB
SUnreclaim:        29840 kB
KernelStack:        9832 kB
PageTables:        14488 kB
NFS_Unstable:          0 kB
Bounce:                0 kB
WritebackTmp:          0 kB
CommitLimit:     1496840 kB
Committed_AS:   19056344 kB
VmallocTotal:     458752 kB
VmallocUsed:       78212 kB
VmallocChunk:     225308 kB
Time pass: 108 sec

---2015-10-25 15:24:01
MemTotal:        1420824 kB
MemFree:           80700 kB
Buffers:           57920 kB
Cached:           541692 kB
SwapCached:          528 kB
Active:           568756 kB
Inactive:         483800 kB
Active(anon):     213536 kB
Inactive(anon):   240736 kB
Active(file):     355220 kB
Inactive(file):   243064 kB
Unevictable:         888 kB
Mlocked:               0 kB
HighTotal:       1001472 kB
HighFree:           5768 kB
LowTotal:         419352 kB
LowFree:           74932 kB
SwapTotal:        786428 kB
SwapFree:         768552 kB
Dirty:                40 kB
Writeback:             0 kB
AnonPages:        453268 kB
Mapped:           198628 kB
Shmem:               436 kB
Slab:              47188 kB
SReclaimable:      17348 kB
SUnreclaim:        29840 kB
KernelStack:        9832 kB
PageTables:        14488 kB
NFS_Unstable:          0 kB
Bounce:                0 kB
WritebackTmp:          0 kB
CommitLimit:     1496840 kB
Committed_AS:   19056140 kB
VmallocTotal:     458752 kB
VmallocUsed:       78244 kB
VmallocChunk:     225308 kB
Time pass: 112 sec

---2015-10-25 15:24:01
MemTotal:        1420824 kB
MemFree:           75452 kB
Buffers:           57924 kB
Cached:           542196 kB
SwapCached:          528 kB
Active:           569984 kB
Inactive:         484160 kB
Active(anon):     214612 kB
Inactive(anon):   240736 kB
Active(file):     355372 kB
Inactive(file):   243424 kB
Unevictable:         888 kB
Mlocked:               0 kB
HighTotal:       1001472 kB
HighFree:           5496 kB
LowTotal:         419352 kB
LowFree:           69956 kB
SwapTotal:        786428 kB
SwapFree:         768552 kB
Dirty:               712 kB
Writeback:             0 kB
AnonPages:        454476 kB
Mapped:           199508 kB
Shmem:               436 kB
Slab:              47412 kB
SReclaimable:      17348 kB
SUnreclaim:        30064 kB
KernelStack:        9832 kB
PageTables:        14500 kB
NFS_Unstable:          0 kB
Bounce:                0 kB
WritebackTmp:          0 kB
CommitLimit:     1496840 kB
Committed_AS:   19057212 kB
VmallocTotal:     458752 kB
VmallocUsed:       78212 kB
VmallocChunk:     225308 kB
Time pass: 115 sec

---2015-10-25 15:24:01
MemTotal:        1420824 kB
MemFree:           75136 kB
Buffers:           57924 kB
Cached:           542196 kB
SwapCached:          528 kB
Active:           569960 kB
Inactive:         484160 kB
Active(anon):     214588 kB
Inactive(anon):   240736 kB
Active(file):     355372 kB
Inactive(file):   243424 kB
Unevictable:         888 kB
Mlocked:               0 kB
HighTotal:       1001472 kB
HighFree:           5232 kB
LowTotal:         419352 kB
LowFree:           69904 kB
SwapTotal:        786428 kB
SwapFree:         768552 kB
Dirty:                56 kB
Writeback:             0 kB
AnonPages:        454424 kB
Mapped:           199596 kB
Shmem:               436 kB
Slab:              47380 kB
SReclaimable:      17348 kB
SUnreclaim:        30032 kB
KernelStack:        9832 kB
PageTables:        14500 kB
NFS_Unstable:          0 kB
Bounce:                0 kB
WritebackTmp:          0 kB
CommitLimit:     1496840 kB
Committed_AS:   19057212 kB
VmallocTotal:     458752 kB
VmallocUsed:       78212 kB
VmallocChunk:     225308 kB
Time pass: 119 sec

---2015-10-25 15:24:01
MemTotal:        1420824 kB
MemFree:           75136 kB
Buffers:           57924 kB
Cached:           542196 kB
SwapCached:          528 kB
Active:           569968 kB
Inactive:         484156 kB
Active(anon):     214592 kB
Inactive(anon):   240736 kB
Active(file):     355376 kB
Inactive(file):   243420 kB
Unevictable:         888 kB
Mlocked:               0 kB
HighTotal:       1001472 kB
HighFree:           5232 kB
LowTotal:         419352 kB
LowFree:           69904 kB
SwapTotal:        786428 kB
SwapFree:         768552 kB
Dirty:                20 kB
Writeback:             0 kB
AnonPages:        454428 kB
Mapped:           199612 kB
Shmem:               436 kB
Slab:              47380 kB
SReclaimable:      17348 kB
SUnreclaim:        30032 kB
KernelStack:        9832 kB
PageTables:        14500 kB
NFS_Unstable:          0 kB
Bounce:                0 kB
WritebackTmp:          0 kB
CommitLimit:     1496840 kB
Committed_AS:   19057212 kB
VmallocTotal:     458752 kB
VmallocUsed:       78212 kB
VmallocChunk:     225308 kB
Time pass: 122 sec

---2015-10-25 15:24:01
MemTotal:        1420824 kB
MemFree:           64004 kB
Buffers:           57924 kB
Cached:           542204 kB
SwapCached:          528 kB
Active:           574548 kB
Inactive:         484152 kB
Active(anon):     219160 kB
Inactive(anon):   240736 kB
Active(file):     355388 kB
Inactive(file):   243416 kB
Unevictable:         888 kB
Mlocked:               0 kB
HighTotal:       1001472 kB
HighFree:           5232 kB
LowTotal:         419352 kB
LowFree:           58772 kB
SwapTotal:        786428 kB
SwapFree:         768552 kB
Dirty:               508 kB
Writeback:             0 kB
AnonPages:        459024 kB
Mapped:           201052 kB
Shmem:               436 kB
Slab:              47380 kB
SReclaimable:      17348 kB
SUnreclaim:        30032 kB
KernelStack:        9832 kB
PageTables:        14524 kB
NFS_Unstable:          0 kB
Bounce:                0 kB
WritebackTmp:          0 kB
CommitLimit:     1496840 kB
Committed_AS:   19061596 kB
VmallocTotal:     458752 kB
VmallocUsed:       78224 kB
VmallocChunk:     225308 kB
Time pass: 126 sec

---2015-10-25 15:24:01
MemTotal:        1420824 kB
MemFree:           63772 kB
Buffers:           57924 kB
Cached:           542204 kB
SwapCached:          528 kB
Active:           574532 kB
Inactive:         484148 kB
Active(anon):     219140 kB
Inactive(anon):   240736 kB
Active(file):     355392 kB
Inactive(file):   243412 kB
Unevictable:         888 kB
Mlocked:               0 kB
HighTotal:       1001472 kB
HighFree:           5108 kB
LowTotal:         419352 kB
LowFree:           58664 kB
SwapTotal:        786428 kB
SwapFree:         768552 kB
Dirty:                28 kB
Writeback:             0 kB
AnonPages:        459008 kB
Mapped:           201052 kB
Shmem:               436 kB
Slab:              47380 kB
SReclaimable:      17348 kB
SUnreclaim:        30032 kB
KernelStack:        9832 kB
PageTables:        14524 kB
NFS_Unstable:          0 kB
Bounce:                0 kB
WritebackTmp:          0 kB
CommitLimit:     1496840 kB
Committed_AS:   19061596 kB
VmallocTotal:     458752 kB
VmallocUsed:       78224 kB
VmallocChunk:     225308 kB
Time pass: 130 sec

---2015-10-25 15:24:01
MemTotal:        1420824 kB
MemFree:           63664 kB
Buffers:           57928 kB
Cached:           542200 kB
SwapCached:          528 kB
Active:           574532 kB
Inactive:         484148 kB
Active(anon):     219140 kB
Inactive(anon):   240736 kB
Active(file):     355392 kB
Inactive(file):   243412 kB
Unevictable:         888 kB
Mlocked:               0 kB
HighTotal:       1001472 kB
HighFree:           5108 kB
LowTotal:         419352 kB
LowFree:           58556 kB
SwapTotal:        786428 kB
SwapFree:         768552 kB
Dirty:                40 kB
Writeback:             0 kB
AnonPages:        459008 kB
Mapped:           201052 kB
Shmem:               436 kB
Slab:              47348 kB
SReclaimable:      17348 kB
SUnreclaim:        30000 kB
KernelStack:        9832 kB
PageTables:        14520 kB
NFS_Unstable:          0 kB
Bounce:                0 kB
WritebackTmp:          0 kB
CommitLimit:     1496840 kB
Committed_AS:   19061596 kB
VmallocTotal:     458752 kB
VmallocUsed:       78224 kB
VmallocChunk:     225308 kB
Time pass: 133 sec

---2015-10-25 15:24:01
MemTotal:        1420824 kB
MemFree:           57200 kB
Buffers:           57928 kB
Cached:           542352 kB
SwapCached:          536 kB
Active:           579288 kB
Inactive:         484288 kB
Active(anon):     223880 kB
Inactive(anon):   240872 kB
Active(file):     355408 kB
Inactive(file):   243416 kB
Unevictable:         888 kB
Mlocked:               0 kB
HighTotal:       1001472 kB
HighFree:           5060 kB
LowTotal:         419352 kB
LowFree:           52140 kB
SwapTotal:        786428 kB
SwapFree:         768552 kB
Dirty:                48 kB
Writeback:             0 kB
AnonPages:        463616 kB
Mapped:           204116 kB
Shmem:               568 kB
Slab:              47496 kB
SReclaimable:      17356 kB
SUnreclaim:        30140 kB
KernelStack:       10072 kB
PageTables:        14704 kB
NFS_Unstable:          0 kB
Bounce:                0 kB
WritebackTmp:          0 kB
CommitLimit:     1496840 kB
Committed_AS:   19083760 kB
VmallocTotal:     458752 kB
VmallocUsed:       80756 kB
VmallocChunk:     225308 kB
Time pass: 137 sec

---2015-10-25 15:24:01
MemTotal:        1420824 kB
MemFree:           57300 kB
Buffers:           57928 kB
Cached:           542424 kB
SwapCached:          536 kB
Active:           579416 kB
Inactive:         484352 kB
Active(anon):     224000 kB
Inactive(anon):   240940 kB
Active(file):     355416 kB
Inactive(file):   243412 kB
Unevictable:         888 kB
Mlocked:               0 kB
HighTotal:       1001472 kB
HighFree:           5064 kB
LowTotal:         419352 kB
LowFree:           52236 kB
SwapTotal:        786428 kB
SwapFree:         768552 kB
Dirty:                20 kB
Writeback:             0 kB
AnonPages:        463864 kB
Mapped:           204336 kB
Shmem:               636 kB
Slab:              47452 kB
SReclaimable:      17360 kB
SUnreclaim:        30092 kB
KernelStack:       10056 kB
PageTables:        14720 kB
NFS_Unstable:          0 kB
Bounce:                0 kB
WritebackTmp:          0 kB
CommitLimit:     1496840 kB
Committed_AS:   19083752 kB
VmallocTotal:     458752 kB
VmallocUsed:       80756 kB
VmallocChunk:     225308 kB
Time pass: 140 sec

---2015-10-25 15:24:01
MemTotal:        1420824 kB
MemFree:           56452 kB
Buffers:           57932 kB
Cached:           542488 kB
SwapCached:          536 kB
Active:           579588 kB
Inactive:         484412 kB
Active(anon):     224168 kB
Inactive(anon):   241004 kB
Active(file):     355420 kB
Inactive(file):   243408 kB
Unevictable:         888 kB
Mlocked:               0 kB
HighTotal:       1001472 kB
HighFree:           5064 kB
LowTotal:         419352 kB
LowFree:           51388 kB
SwapTotal:        786428 kB
SwapFree:         768552 kB
Dirty:                20 kB
Writeback:             0 kB
AnonPages:        464028 kB
Mapped:           204444 kB
Shmem:               704 kB
Slab:              47460 kB
SReclaimable:      17360 kB
SUnreclaim:        30100 kB
KernelStack:       10056 kB
PageTables:        14708 kB
NFS_Unstable:          0 kB
Bounce:                0 kB
WritebackTmp:          0 kB
CommitLimit:     1496840 kB
Committed_AS:   19083896 kB
VmallocTotal:     458752 kB
VmallocUsed:       80756 kB
VmallocChunk:     225308 kB
Time pass: 144 sec

---2015-10-25 15:24:01
MemTotal:        1420824 kB
MemFree:           56292 kB
Buffers:           57932 kB
Cached:           542516 kB
SwapCached:          536 kB
Active:           579832 kB
Inactive:         484440 kB
Active(anon):     224408 kB
Inactive(anon):   241028 kB
Active(file):     355424 kB
Inactive(file):   243412 kB
Unevictable:         888 kB
Mlocked:               0 kB
HighTotal:       1001472 kB
HighFree:           5064 kB
LowTotal:         419352 kB
LowFree:           51228 kB
SwapTotal:        786428 kB
SwapFree:         768552 kB
Dirty:                20 kB
Writeback:             0 kB
AnonPages:        464364 kB
Mapped:           204464 kB
Shmem:               724 kB
Slab:              47424 kB
SReclaimable:      17360 kB
SUnreclaim:        30064 kB
KernelStack:       10056 kB
PageTables:        14708 kB
NFS_Unstable:          0 kB
Bounce:                0 kB
WritebackTmp:          0 kB
CommitLimit:     1496840 kB
Committed_AS:   19090096 kB
VmallocTotal:     458752 kB
VmallocUsed:       80756 kB
VmallocChunk:     225308 kB
Time pass: 148 sec

---2015-10-25 15:24:01
MemTotal:        1420824 kB
MemFree:           61496 kB
Buffers:           57948 kB
Cached:           535004 kB
SwapCached:          596 kB
Active:           585812 kB
Inactive:         489304 kB
Active(anon):     238168 kB
Inactive(anon):   245316 kB
Active(file):     347644 kB
Inactive(file):   243988 kB
Unevictable:         888 kB
Mlocked:               0 kB
HighTotal:       1001472 kB
HighFree:          17000 kB
LowTotal:         419352 kB
LowFree:           44496 kB
SwapTotal:        786428 kB
SwapFree:         764824 kB
Dirty:                76 kB
Writeback:             0 kB
AnonPages:        482560 kB
Mapped:           205376 kB
Shmem:               432 kB
Slab:              47640 kB
SReclaimable:      17400 kB
SUnreclaim:        30240 kB
KernelStack:       10480 kB
PageTables:        15460 kB
NFS_Unstable:          0 kB
Bounce:                0 kB
WritebackTmp:          0 kB
CommitLimit:     1496840 kB
Committed_AS:   21776192 kB
VmallocTotal:     458752 kB
VmallocUsed:       83440 kB
VmallocChunk:     225308 kB
Time pass: 152 sec

---2015-10-25 15:24:01
MemTotal:        1420824 kB
MemFree:          100552 kB
Buffers:           57956 kB
Cached:           534992 kB
SwapCached:          600 kB
Active:           555436 kB
Inactive:         485428 kB
Active(anon):     203916 kB
Inactive(anon):   245316 kB
Active(file):     351520 kB
Inactive(file):   240112 kB
Unevictable:         888 kB
Mlocked:               0 kB
HighTotal:       1001472 kB
HighFree:          41840 kB
LowTotal:         419352 kB
LowFree:           58712 kB
SwapTotal:        786428 kB
SwapFree:         764824 kB
Dirty:                80 kB
Writeback:             0 kB
AnonPages:        448452 kB
Mapped:           196116 kB
Shmem:               432 kB
Slab:              47472 kB
SReclaimable:      17392 kB
SUnreclaim:        30080 kB
KernelStack:        9608 kB
PageTables:        15148 kB
NFS_Unstable:          0 kB
Bounce:                0 kB
WritebackTmp:          0 kB
CommitLimit:     1496840 kB
Committed_AS:   19983968 kB
VmallocTotal:     458752 kB
VmallocUsed:       79276 kB
VmallocChunk:     225308 kB
Time pass: 155 sec

---2015-10-25 15:24:01
MemTotal:        1420824 kB
MemFree:           85844 kB
Buffers:           57964 kB
Cached:           536952 kB
SwapCached:          604 kB
Active:           568352 kB
Inactive:         487180 kB
Active(anon):     216612 kB
Inactive(anon):   245324 kB
Active(file):     351740 kB
Inactive(file):   241856 kB
Unevictable:         888 kB
Mlocked:               0 kB
HighTotal:       1001472 kB
HighFree:          27164 kB
LowTotal:         419352 kB
LowFree:           58680 kB
SwapTotal:        786428 kB
SwapFree:         764824 kB
Dirty:               116 kB
Writeback:             0 kB
AnonPages:        460948 kB
Mapped:           196344 kB
Shmem:               432 kB
Slab:              47456 kB
SReclaimable:      17392 kB
SUnreclaim:        30064 kB
KernelStack:        9608 kB
PageTables:        15160 kB
NFS_Unstable:          0 kB
Bounce:                0 kB
WritebackTmp:          0 kB
CommitLimit:     1496840 kB
Committed_AS:   19998068 kB
VmallocTotal:     458752 kB
VmallocUsed:       79276 kB
VmallocChunk:     225308 kB
Time pass: 158 sec

---2015-10-25 15:24:01
MemTotal:        1420824 kB
MemFree:           64224 kB
Buffers:           57968 kB
Cached:           537152 kB
SwapCached:          644 kB
Active:           587344 kB
Inactive:         486712 kB
Active(anon):     234848 kB
Inactive(anon):   245408 kB
Active(file):     352496 kB
Inactive(file):   241304 kB
Unevictable:         888 kB
Mlocked:               0 kB
HighTotal:       1001472 kB
HighFree:           8588 kB
LowTotal:         419352 kB
LowFree:           55636 kB
SwapTotal:        786428 kB
SwapFree:         764868 kB
Dirty:               256 kB
Writeback:             0 kB
AnonPages:        478948 kB
Mapped:           196676 kB
Shmem:               432 kB
Slab:              49428 kB
SReclaimable:      18900 kB
SUnreclaim:        30528 kB
KernelStack:        9624 kB
PageTables:        15744 kB
NFS_Unstable:          0 kB
Bounce:                0 kB
WritebackTmp:          0 kB
CommitLimit:     1496840 kB
Committed_AS:   21616920 kB
VmallocTotal:     458752 kB
VmallocUsed:       80360 kB
VmallocChunk:     225308 kB
Time pass: 162 sec

---2015-10-25 15:24:01
MemTotal:        1420824 kB
MemFree:           91208 kB
Buffers:           57972 kB
Cached:           537524 kB
SwapCached:          644 kB
Active:           559400 kB
Inactive:         487016 kB
Active(anon):     206888 kB
Inactive(anon):   245408 kB
Active(file):     352512 kB
Inactive(file):   241608 kB
Unevictable:         888 kB
Mlocked:               0 kB
HighTotal:       1001472 kB
HighFree:          35400 kB
LowTotal:         419352 kB
LowFree:           55808 kB
SwapTotal:        786428 kB
SwapFree:         764868 kB
Dirty:                52 kB
Writeback:             0 kB
AnonPages:        451388 kB
Mapped:           196492 kB
Shmem:               432 kB
Slab:              51328 kB
SReclaimable:      20896 kB
SUnreclaim:        30432 kB
KernelStack:        9584 kB
PageTables:        14652 kB
NFS_Unstable:          0 kB
Bounce:                0 kB
WritebackTmp:          0 kB
CommitLimit:     1496840 kB
Committed_AS:   19478168 kB
VmallocTotal:     458752 kB
VmallocUsed:       79276 kB
VmallocChunk:     225308 kB
Time pass: 165 sec

---2015-10-25 15:24:01
MemTotal:        1420824 kB
MemFree:           92220 kB
Buffers:           57972 kB
Cached:           537648 kB
SwapCached:          644 kB
Active:           559452 kB
Inactive:         487172 kB
Active(anon):     206916 kB
Inactive(anon):   245408 kB
Active(file):     352536 kB
Inactive(file):   241764 kB
Unevictable:         888 kB
Mlocked:               0 kB
HighTotal:       1001472 kB
HighFree:          36112 kB
LowTotal:         419352 kB
LowFree:           56108 kB
SwapTotal:        786428 kB
SwapFree:         764868 kB
Dirty:                 0 kB
Writeback:             0 kB
AnonPages:        451400 kB
Mapped:           196464 kB
Shmem:               432 kB
Slab:              51364 kB
SReclaimable:      20976 kB
SUnreclaim:        30388 kB
KernelStack:        9584 kB
PageTables:        14648 kB
NFS_Unstable:          0 kB
Bounce:                0 kB
WritebackTmp:          0 kB
CommitLimit:     1496840 kB
Committed_AS:   19478176 kB
VmallocTotal:     458752 kB
VmallocUsed:       79244 kB
VmallocChunk:     225308 kB
Time pass: 169 sec

---2015-10-25 15:24:01
MemTotal:        1420824 kB
MemFree:          194860 kB
Buffers:           58124 kB
Cached:           537648 kB
SwapCached:          652 kB
Active:           513048 kB
Inactive:         487284 kB
Active(anon):     160448 kB
Inactive(anon):   245296 kB
Active(file):     352600 kB
Inactive(file):   241988 kB
Unevictable:         888 kB
Mlocked:               0 kB
HighTotal:       1001472 kB
HighFree:          89220 kB
LowTotal:         419352 kB
LowFree:          105640 kB
SwapTotal:        786428 kB
SwapFree:         764884 kB
Dirty:               124 kB
Writeback:             0 kB
AnonPages:        404944 kB
Mapped:           156488 kB
Shmem:               296 kB
Slab:              51208 kB
SReclaimable:      20884 kB
SUnreclaim:        30324 kB
KernelStack:        9080 kB
PageTables:        13804 kB
NFS_Unstable:          0 kB
Bounce:                0 kB
WritebackTmp:          0 kB
CommitLimit:     1496840 kB
Committed_AS:   18956692 kB
VmallocTotal:     458752 kB
VmallocUsed:       77976 kB
VmallocChunk:     225308 kB
Time pass: 172 sec

---2015-10-25 15:24:01
MemTotal:        1420824 kB
MemFree:          194964 kB
Buffers:           58128 kB
Cached:           537648 kB
SwapCached:          652 kB
Active:           513088 kB
Inactive:         487284 kB
Active(anon):     160488 kB
Inactive(anon):   245296 kB
Active(file):     352600 kB
Inactive(file):   241988 kB
Unevictable:         888 kB
Mlocked:               0 kB
HighTotal:       1001472 kB
HighFree:          89404 kB
LowTotal:         419352 kB
LowFree:          105560 kB
SwapTotal:        786428 kB
SwapFree:         764884 kB
Dirty:                36 kB
Writeback:             0 kB
AnonPages:        404948 kB
Mapped:           156548 kB
Shmem:               296 kB
Slab:              51192 kB
SReclaimable:      20880 kB
SUnreclaim:        30312 kB
KernelStack:        9080 kB
PageTables:        13804 kB
NFS_Unstable:          0 kB
Bounce:                0 kB
WritebackTmp:          0 kB
CommitLimit:     1496840 kB
Committed_AS:   18956692 kB
VmallocTotal:     458752 kB
VmallocUsed:       77944 kB
VmallocChunk:     225308 kB
Time pass: 176 sec

---2015-10-25 15:24:01
MemTotal:        1420824 kB
MemFree:          195012 kB
Buffers:           58128 kB
Cached:           537648 kB
SwapCached:          652 kB
Active:           513088 kB
Inactive:         487280 kB
Active(anon):     160480 kB
Inactive(anon):   245296 kB
Active(file):     352608 kB
Inactive(file):   241984 kB
Unevictable:         888 kB
Mlocked:               0 kB
HighTotal:       1001472 kB
HighFree:          89436 kB
LowTotal:         419352 kB
LowFree:          105576 kB
SwapTotal:        786428 kB
SwapFree:         764884 kB
Dirty:                36 kB
Writeback:             0 kB
AnonPages:        404940 kB
Mapped:           156552 kB
Shmem:               296 kB
Slab:              51188 kB
SReclaimable:      20876 kB
SUnreclaim:        30312 kB
KernelStack:        9080 kB
PageTables:        13804 kB
NFS_Unstable:          0 kB
Bounce:                0 kB
WritebackTmp:          0 kB
CommitLimit:     1496840 kB
Committed_AS:   18956692 kB
VmallocTotal:     458752 kB
VmallocUsed:       77944 kB
VmallocChunk:     225308 kB
Time pass: 179 sec

---2015-10-25 15:24:01
MemTotal:        1420824 kB
MemFree:          192636 kB
Buffers:           58128 kB
Cached:           537648 kB
SwapCached:          652 kB
Active:           515048 kB
Inactive:         487280 kB
Active(anon):     162440 kB
Inactive(anon):   245296 kB
Active(file):     352608 kB
Inactive(file):   241984 kB
Unevictable:         888 kB
Mlocked:               0 kB
HighTotal:       1001472 kB
HighFree:          87168 kB
LowTotal:         419352 kB
LowFree:          105468 kB
SwapTotal:        786428 kB
SwapFree:         764884 kB
Dirty:                 0 kB
Writeback:             0 kB
AnonPages:        406928 kB
Mapped:           163692 kB
Shmem:               296 kB
Slab:              51184 kB
SReclaimable:      20876 kB
SUnreclaim:        30308 kB
KernelStack:        9160 kB
PageTables:        14068 kB
NFS_Unstable:          0 kB
Bounce:                0 kB
WritebackTmp:          0 kB
CommitLimit:     1496840 kB
Committed_AS:   19428924 kB
VmallocTotal:     458752 kB
VmallocUsed:       79060 kB
VmallocChunk:     225308 kB
Time pass: 183 sec

---2015-10-25 15:24:01
MemTotal:        1420824 kB
MemFree:          120660 kB
Buffers:           58136 kB
Cached:           566104 kB
SwapCached:          656 kB
Active:           544856 kB
Inactive:         512688 kB
Active(anon):     189188 kB
Inactive(anon):   245432 kB
Active(file):     355668 kB
Inactive(file):   267256 kB
Unevictable:         888 kB
Mlocked:               0 kB
HighTotal:       1001472 kB
HighFree:          15300 kB
LowTotal:         419352 kB
LowFree:          105360 kB
SwapTotal:        786428 kB
SwapFree:         764884 kB
Dirty:              1208 kB
Writeback:             0 kB
AnonPages:        433736 kB
Mapped:           180508 kB
Shmem:               428 kB
Slab:              51196 kB
SReclaimable:      20892 kB
SUnreclaim:        30304 kB
KernelStack:        9512 kB
PageTables:        14352 kB
NFS_Unstable:          0 kB
Bounce:                0 kB
WritebackTmp:          0 kB
CommitLimit:     1496840 kB
Committed_AS:   19456916 kB
VmallocTotal:     458752 kB
VmallocUsed:       79240 kB
VmallocChunk:     225308 kB
Time pass: 186 sec

---2015-10-25 15:24:01
MemTotal:        1420824 kB
MemFree:          118480 kB
Buffers:           58136 kB
Cached:           565964 kB
SwapCached:          656 kB
Active:           545804 kB
Inactive:         512544 kB
Active(anon):     190132 kB
Inactive(anon):   245428 kB
Active(file):     355672 kB
Inactive(file):   267116 kB
Unevictable:         888 kB
Mlocked:               0 kB
HighTotal:       1001472 kB
HighFree:          16192 kB
LowTotal:         419352 kB
LowFree:          102288 kB
SwapTotal:        786428 kB
SwapFree:         764884 kB
Dirty:                92 kB
Writeback:             0 kB
AnonPages:        434664 kB
Mapped:           180764 kB
Shmem:               424 kB
Slab:              51288 kB
SReclaimable:      20892 kB
SUnreclaim:        30396 kB
KernelStack:        9512 kB
PageTables:        14384 kB
NFS_Unstable:          0 kB
Bounce:                0 kB
WritebackTmp:          0 kB
CommitLimit:     1496840 kB
Committed_AS:   19452760 kB
VmallocTotal:     458752 kB
VmallocUsed:       79240 kB
VmallocChunk:     225308 kB
Time pass: 190 sec

---2015-10-25 15:24:01
MemTotal:        1420824 kB
MemFree:          117128 kB
Buffers:           58136 kB
Cached:           566080 kB
SwapCached:          656 kB
Active:           546232 kB
Inactive:         512592 kB
Active(anon):     190524 kB
Inactive(anon):   245432 kB
Active(file):     355708 kB
Inactive(file):   267160 kB
Unevictable:         888 kB
Mlocked:               0 kB
HighTotal:       1001472 kB
HighFree:          12172 kB
LowTotal:         419352 kB
LowFree:          104956 kB
SwapTotal:        786428 kB
SwapFree:         764884 kB
Dirty:               244 kB
Writeback:            44 kB
AnonPages:        435092 kB
Mapped:           183272 kB
Shmem:               428 kB
Slab:              51256 kB
SReclaimable:      20892 kB
SUnreclaim:        30364 kB
KernelStack:        9552 kB
PageTables:        14396 kB
NFS_Unstable:          0 kB
Bounce:                0 kB
WritebackTmp:          0 kB
CommitLimit:     1496840 kB
Committed_AS:   19458428 kB
VmallocTotal:     458752 kB
VmallocUsed:       79200 kB
VmallocChunk:     225308 kB
Time pass: 193 sec

---2015-10-25 15:24:01
MemTotal:        1420824 kB
MemFree:          102120 kB
Buffers:           58136 kB
Cached:           566160 kB
SwapCached:          656 kB
Active:           548432 kB
Inactive:         512652 kB
Active(anon):     192672 kB
Inactive(anon):   245432 kB
Active(file):     355760 kB
Inactive(file):   267220 kB
Unevictable:         888 kB
Mlocked:               0 kB
HighTotal:       1001472 kB
HighFree:           7916 kB
LowTotal:         419352 kB
LowFree:           94204 kB
SwapTotal:        786428 kB
SwapFree:         764884 kB
Dirty:              1324 kB
Writeback:             0 kB
AnonPages:        437188 kB
Mapped:           185688 kB
Shmem:               428 kB
Slab:              51256 kB
SReclaimable:      20892 kB
SUnreclaim:        30364 kB
KernelStack:        9552 kB
PageTables:        14440 kB
NFS_Unstable:          0 kB
Bounce:                0 kB
WritebackTmp:          0 kB
CommitLimit:     1496840 kB
Committed_AS:   19460444 kB
VmallocTotal:     458752 kB
VmallocUsed:       79216 kB
VmallocChunk:     225308 kB
Time pass: 196 sec

---2015-10-25 15:24:01
MemTotal:        1420824 kB
MemFree:           87192 kB
Buffers:           58136 kB
Cached:           566316 kB
SwapCached:          656 kB
Active:           551184 kB
Inactive:         512580 kB
Active(anon):     195196 kB
Inactive(anon):   245432 kB
Active(file):     355988 kB
Inactive(file):   267148 kB
Unevictable:         888 kB
Mlocked:               0 kB
HighTotal:       1001472 kB
HighFree:           5100 kB
LowTotal:         419352 kB
LowFree:           82092 kB
SwapTotal:        786428 kB
SwapFree:         764884 kB
Dirty:               912 kB
Writeback:             0 kB
AnonPages:        439700 kB
Mapped:           188376 kB
Shmem:               428 kB
Slab:              51264 kB
SReclaimable:      20892 kB
SUnreclaim:        30372 kB
KernelStack:        9592 kB
PageTables:        14460 kB
NFS_Unstable:          0 kB
Bounce:                0 kB
WritebackTmp:          0 kB
CommitLimit:     1496840 kB
Committed_AS:   19463176 kB
VmallocTotal:     458752 kB
VmallocUsed:       79260 kB
VmallocChunk:     225308 kB
Time pass: 200 sec

---2015-10-25 15:24:01
MemTotal:        1420824 kB
MemFree:           89144 kB
Buffers:           58140 kB
Cached:           566284 kB
SwapCached:          656 kB
Active:           551028 kB
Inactive:         512636 kB
Active(anon):     195124 kB
Inactive(anon):   245432 kB
Active(file):     355904 kB
Inactive(file):   267204 kB
Unevictable:         888 kB
Mlocked:               0 kB
HighTotal:       1001472 kB
HighFree:           6176 kB
LowTotal:         419352 kB
LowFree:           82968 kB
SwapTotal:        786428 kB
SwapFree:         764884 kB
Dirty:                 0 kB
Writeback:             0 kB
AnonPages:        439592 kB
Mapped:           188284 kB
Shmem:               428 kB
Slab:              51272 kB
SReclaimable:      20892 kB
SUnreclaim:        30380 kB
KernelStack:        9544 kB
PageTables:        14456 kB
NFS_Unstable:          0 kB
Bounce:                0 kB
WritebackTmp:          0 kB
CommitLimit:     1496840 kB
Committed_AS:   19463072 kB
VmallocTotal:     458752 kB
VmallocUsed:       79196 kB
VmallocChunk:     225308 kB
Time pass: 203 sec

---2015-10-25 15:24:01
MemTotal:        1420824 kB
MemFree:           76500 kB
Buffers:           58140 kB
Cached:           566288 kB
SwapCached:          656 kB
Active:           555296 kB
Inactive:         512644 kB
Active(anon):     199396 kB
Inactive(anon):   245432 kB
Active(file):     355900 kB
Inactive(file):   267212 kB
Unevictable:         888 kB
Mlocked:               0 kB
HighTotal:       1001472 kB
HighFree:           5364 kB
LowTotal:         419352 kB
LowFree:           71136 kB
SwapTotal:        786428 kB
SwapFree:         764884 kB
Dirty:               504 kB
Writeback:             0 kB
AnonPages:        443840 kB
Mapped:           191108 kB
Shmem:               428 kB
Slab:              51272 kB
SReclaimable:      20892 kB
SUnreclaim:        30380 kB
KernelStack:        9560 kB
PageTables:        14496 kB
NFS_Unstable:          0 kB
Bounce:                0 kB
WritebackTmp:          0 kB
CommitLimit:     1496840 kB
Committed_AS:   19467260 kB
VmallocTotal:     458752 kB
VmallocUsed:       79208 kB
VmallocChunk:     225308 kB
Time pass: 207 sec

---2015-10-25 15:24:01
MemTotal:        1420824 kB
MemFree:           56880 kB
Buffers:           58144 kB
Cached:           566416 kB
SwapCached:          656 kB
Active:           559700 kB
Inactive:         512660 kB
Active(anon):     203788 kB
Inactive(anon):   245448 kB
Active(file):     355912 kB
Inactive(file):   267212 kB
Unevictable:         888 kB
Mlocked:               0 kB
HighTotal:       1001472 kB
HighFree:           5036 kB
LowTotal:         419352 kB
LowFree:           51844 kB
SwapTotal:        786428 kB
SwapFree:         764884 kB
Dirty:                60 kB
Writeback:             0 kB
AnonPages:        448132 kB
Mapped:           193572 kB
Shmem:               548 kB
Slab:              51436 kB
SReclaimable:      20892 kB
SUnreclaim:        30544 kB
KernelStack:        9728 kB
PageTables:        14680 kB
NFS_Unstable:          0 kB
Bounce:                0 kB
WritebackTmp:          0 kB
CommitLimit:     1496840 kB
Committed_AS:   19489168 kB
VmallocTotal:     458752 kB
VmallocUsed:       81740 kB
VmallocChunk:     225308 kB
Time pass: 211 sec

---2015-10-25 15:24:01
MemTotal:        1420824 kB
MemFree:           46736 kB
Buffers:           58152 kB
Cached:           566588 kB
SwapCached:          656 kB
Active:           562156 kB
Inactive:         512932 kB
Active(anon):     206236 kB
Inactive(anon):   245708 kB
Active(file):     355920 kB
Inactive(file):   267224 kB
Unevictable:         888 kB
Mlocked:               0 kB
HighTotal:       1001472 kB
HighFree:           5128 kB
LowTotal:         419352 kB
LowFree:           41608 kB
SwapTotal:        786428 kB
SwapFree:         764884 kB
Dirty:               104 kB
Writeback:             0 kB
AnonPages:        450708 kB
Mapped:           193840 kB
Shmem:               708 kB
Slab:              51448 kB
SReclaimable:      20908 kB
SUnreclaim:        30540 kB
KernelStack:        9800 kB
PageTables:        14724 kB
NFS_Unstable:          0 kB
Bounce:                0 kB
WritebackTmp:          0 kB
CommitLimit:     1496840 kB
Committed_AS:   19491532 kB
VmallocTotal:     458752 kB
VmallocUsed:       81740 kB
VmallocChunk:     225308 kB
Time pass: 215 sec

---2015-10-25 15:24:01
MemTotal:        1420824 kB
MemFree:           46492 kB
Buffers:           58152 kB
Cached:           566676 kB
SwapCached:          656 kB
Active:           562336 kB
Inactive:         513008 kB
Active(anon):     206404 kB
Inactive(anon):   245796 kB
Active(file):     355932 kB
Inactive(file):   267212 kB
Unevictable:         888 kB
Mlocked:               0 kB
HighTotal:       1001472 kB
HighFree:           5132 kB
LowTotal:         419352 kB
LowFree:           41360 kB
SwapTotal:        786428 kB
SwapFree:         764884 kB
Dirty:                52 kB
Writeback:             0 kB
AnonPages:        450880 kB
Mapped:           193936 kB
Shmem:               796 kB
Slab:              51476 kB
SReclaimable:      20908 kB
SUnreclaim:        30568 kB
KernelStack:        9800 kB
PageTables:        14720 kB
NFS_Unstable:          0 kB
Bounce:                0 kB
WritebackTmp:          0 kB
CommitLimit:     1496840 kB
Committed_AS:   19491652 kB
VmallocTotal:     458752 kB
VmallocUsed:       81740 kB
VmallocChunk:     225308 kB
Time pass: 219 sec

---2015-10-25 15:24:01
MemTotal:        1420824 kB
MemFree:           46204 kB
Buffers:           58152 kB
Cached:           566676 kB
SwapCached:          656 kB
Active:           562740 kB
Inactive:         513000 kB
Active(anon):     206800 kB
Inactive(anon):   245796 kB
Active(file):     355940 kB
Inactive(file):   267204 kB
Unevictable:         888 kB
Mlocked:               0 kB
HighTotal:       1001472 kB
HighFree:           5132 kB
LowTotal:         419352 kB
LowFree:           41072 kB
SwapTotal:        786428 kB
SwapFree:         764884 kB
Dirty:                32 kB
Writeback:             0 kB
AnonPages:        451328 kB
Mapped:           194436 kB
Shmem:               796 kB
Slab:              51452 kB
SReclaimable:      20908 kB
SUnreclaim:        30544 kB
KernelStack:        9800 kB
PageTables:        14724 kB
NFS_Unstable:          0 kB
Bounce:                0 kB
WritebackTmp:          0 kB
CommitLimit:     1496840 kB
Committed_AS:   19491756 kB
VmallocTotal:     458752 kB
VmallocUsed:       81740 kB
VmallocChunk:     225308 kB
Time pass: 222 sec

---2015-10-25 15:24:01
MemTotal:        1420824 kB
MemFree:           46040 kB
Buffers:           58152 kB
Cached:           566704 kB
SwapCached:          656 kB
Active:           562892 kB
Inactive:         513028 kB
Active(anon):     206952 kB
Inactive(anon):   245820 kB
Active(file):     355940 kB
Inactive(file):   267208 kB
Unevictable:         888 kB
Mlocked:               0 kB
HighTotal:       1001472 kB
HighFree:           5132 kB
LowTotal:         419352 kB
LowFree:           40908 kB
SwapTotal:        786428 kB
SwapFree:         764884 kB
Dirty:                 8 kB
Writeback:             0 kB
AnonPages:        451460 kB
Mapped:           194540 kB
Shmem:               820 kB
Slab:              51448 kB
SReclaimable:      20908 kB
SUnreclaim:        30540 kB
KernelStack:        9800 kB
PageTables:        14728 kB
NFS_Unstable:          0 kB
Bounce:                0 kB
WritebackTmp:          0 kB
CommitLimit:     1496840 kB
Committed_AS:   19491836 kB
VmallocTotal:     458752 kB
VmallocUsed:       81740 kB
VmallocChunk:     225308 kB
Time pass: 226 sec

---2015-10-25 15:24:01
MemTotal:        1420824 kB
MemFree:           46196 kB
Buffers:           58156 kB
Cached:           566728 kB
SwapCached:          656 kB
Active:           562864 kB
Inactive:         513048 kB
Active(anon):     206916 kB
Inactive(anon):   245844 kB
Active(file):     355948 kB
Inactive(file):   267204 kB
Unevictable:         888 kB
Mlocked:               0 kB
HighTotal:       1001472 kB
HighFree:           5132 kB
LowTotal:         419352 kB
LowFree:           41064 kB
SwapTotal:        786428 kB
SwapFree:         764884 kB
Dirty:                12 kB
Writeback:             0 kB
AnonPages:        451540 kB
Mapped:           194556 kB
Shmem:               844 kB
Slab:              51436 kB
SReclaimable:      20908 kB
SUnreclaim:        30528 kB
KernelStack:        9800 kB
PageTables:        14692 kB
NFS_Unstable:          0 kB
Bounce:                0 kB
WritebackTmp:          0 kB
CommitLimit:     1496840 kB
Committed_AS:   19491836 kB
VmallocTotal:     458752 kB
VmallocUsed:       81740 kB
VmallocChunk:     225308 kB
Time pass: 229 sec

---2015-10-25 15:24:01
MemTotal:        1420824 kB
MemFree:           46244 kB
Buffers:           58156 kB
Cached:           566728 kB
SwapCached:          656 kB
Active:           562936 kB
Inactive:         513048 kB
Active(anon):     206988 kB
Inactive(anon):   245844 kB
Active(file):     355948 kB
Inactive(file):   267204 kB
Unevictable:         888 kB
Mlocked:               0 kB
HighTotal:       1001472 kB
HighFree:           5132 kB
LowTotal:         419352 kB
LowFree:           41112 kB
SwapTotal:        786428 kB
SwapFree:         764884 kB
Dirty:                12 kB
Writeback:             0 kB
AnonPages:        451464 kB
Mapped:           194524 kB
Shmem:               844 kB
Slab:              51388 kB
SReclaimable:      20908 kB
SUnreclaim:        30480 kB
KernelStack:        9800 kB
PageTables:        14724 kB
NFS_Unstable:          0 kB
Bounce:                0 kB
WritebackTmp:          0 kB
CommitLimit:     1496840 kB
Committed_AS:   19491836 kB
VmallocTotal:     458752 kB
VmallocUsed:       81708 kB
VmallocChunk:     225308 kB
Time pass: 233 sec

---2015-10-25 15:24:01
MemTotal:        1420824 kB
MemFree:           45752 kB
Buffers:           58156 kB
Cached:           566732 kB
SwapCached:          656 kB
Active:           562952 kB
Inactive:         513052 kB
Active(anon):     207004 kB
Inactive(anon):   245844 kB
Active(file):     355948 kB
Inactive(file):   267208 kB
Unevictable:         888 kB
Mlocked:               0 kB
HighTotal:       1001472 kB
HighFree:           5132 kB
LowTotal:         419352 kB
LowFree:           40620 kB
SwapTotal:        786428 kB
SwapFree:         764884 kB
Dirty:                 8 kB
Writeback:             0 kB
AnonPages:        451572 kB
Mapped:           194572 kB
Shmem:               844 kB
Slab:              51388 kB
SReclaimable:      20908 kB
SUnreclaim:        30480 kB
KernelStack:        9808 kB
PageTables:        14736 kB
NFS_Unstable:          0 kB
Bounce:                0 kB
WritebackTmp:          0 kB
CommitLimit:     1496840 kB
Committed_AS:   19491912 kB
VmallocTotal:     458752 kB
VmallocUsed:       81740 kB
VmallocChunk:     225308 kB
Time pass: 236 sec

---2015-10-25 15:24:01
MemTotal:        1420824 kB
MemFree:           42148 kB
Buffers:           58152 kB
Cached:           564060 kB
SwapCached:          672 kB
Active:           570168 kB
Inactive:         511928 kB
Active(anon):     216980 kB
Inactive(anon):   244332 kB
Active(file):     353188 kB
Inactive(file):   267596 kB
Unevictable:         888 kB
Mlocked:               0 kB
HighTotal:       1001472 kB
HighFree:           6152 kB
LowTotal:         419352 kB
LowFree:           35996 kB
SwapTotal:        786428 kB
SwapFree:         764328 kB
Dirty:                12 kB
Writeback:             0 kB
AnonPages:        460228 kB
Mapped:           194296 kB
Shmem:               540 kB
Slab:              51440 kB
SReclaimable:      20908 kB
SUnreclaim:        30532 kB
KernelStack:        9824 kB
PageTables:        14596 kB
NFS_Unstable:          0 kB
Bounce:                0 kB
WritebackTmp:          0 kB
CommitLimit:     1496840 kB
Committed_AS:   19495308 kB
VmallocTotal:     458752 kB
VmallocUsed:       79336 kB
VmallocChunk:     225308 kB
Time pass: 240 sec

---2015-10-25 15:24:01
MemTotal:        1420824 kB
MemFree:           42164 kB
Buffers:           58152 kB
Cached:           561748 kB
SwapCached:          680 kB
Active:           570792 kB
Inactive:         511360 kB
Active(anon):     220668 kB
Inactive(anon):   243148 kB
Active(file):     350124 kB
Inactive(file):   268212 kB
Unevictable:         888 kB
Mlocked:               0 kB
HighTotal:       1001472 kB
HighFree:           5060 kB
LowTotal:         419352 kB
LowFree:           37104 kB
SwapTotal:        786428 kB
SwapFree:         764088 kB
Dirty:                 0 kB
Writeback:             0 kB
AnonPages:        462680 kB
Mapped:           194560 kB
Shmem:               676 kB
Slab:              51496 kB
SReclaimable:      20916 kB
SUnreclaim:        30580 kB
KernelStack:        9808 kB
PageTables:        14748 kB
NFS_Unstable:          0 kB
Bounce:                0 kB
WritebackTmp:          0 kB
CommitLimit:     1496840 kB
Committed_AS:   19506600 kB
VmallocTotal:     458752 kB
VmallocUsed:       81708 kB
VmallocChunk:     225308 kB
Time pass: 244 sec

---2015-10-25 15:24:01
MemTotal:        1420824 kB
MemFree:           43832 kB
Buffers:           58152 kB
Cached:           561884 kB
SwapCached:          680 kB
Active:           571616 kB
Inactive:         511520 kB
Active(anon):     221492 kB
Inactive(anon):   243308 kB
Active(file):     350124 kB
Inactive(file):   268212 kB
Unevictable:         888 kB
Mlocked:               0 kB
HighTotal:       1001472 kB
HighFree:           6108 kB
LowTotal:         419352 kB
LowFree:           37724 kB
SwapTotal:        786428 kB
SwapFree:         764088 kB
Dirty:                 0 kB
Writeback:             0 kB
AnonPages:        463524 kB
Mapped:           192820 kB
Shmem:               812 kB
Slab:              51432 kB
SReclaimable:      20916 kB
SUnreclaim:        30516 kB
KernelStack:        9816 kB
PageTables:        14740 kB
NFS_Unstable:          0 kB
Bounce:                0 kB
WritebackTmp:          0 kB
CommitLimit:     1496840 kB
Committed_AS:   19507212 kB
VmallocTotal:     458752 kB
VmallocUsed:       81676 kB
VmallocChunk:     225308 kB
Time pass: 247 sec

---2015-10-25 15:24:01
MemTotal:        1420824 kB
MemFree:           42888 kB
Buffers:           58152 kB
Cached:           561884 kB
SwapCached:          680 kB
Active:           572296 kB
Inactive:         511516 kB
Active(anon):     222168 kB
Inactive(anon):   243308 kB
Active(file):     350128 kB
Inactive(file):   268208 kB
Unevictable:         888 kB
Mlocked:               0 kB
HighTotal:       1001472 kB
HighFree:           5360 kB
LowTotal:         419352 kB
LowFree:           37528 kB
SwapTotal:        786428 kB
SwapFree:         764088 kB
Dirty:                28 kB
Writeback:             0 kB
AnonPages:        464348 kB
Mapped:           192840 kB
Shmem:               812 kB
Slab:              51400 kB
SReclaimable:      20916 kB
SUnreclaim:        30484 kB
KernelStack:        9792 kB
PageTables:        14748 kB
NFS_Unstable:          0 kB
Bounce:                0 kB
WritebackTmp:          0 kB
CommitLimit:     1496840 kB
Committed_AS:   19507640 kB
VmallocTotal:     458752 kB
VmallocUsed:       81740 kB
VmallocChunk:     225308 kB
Time pass: 251 sec

---2015-10-25 15:24:01
MemTotal:        1420824 kB
MemFree:           42464 kB
Buffers:           58152 kB
Cached:           561904 kB
SwapCached:          680 kB
Active:           571552 kB
Inactive:         511536 kB
Active(anon):     221424 kB
Inactive(anon):   243328 kB
Active(file):     350128 kB
Inactive(file):   268208 kB
Unevictable:         888 kB
Mlocked:               0 kB
HighTotal:       1001472 kB
HighFree:           5512 kB
LowTotal:         419352 kB
LowFree:           36952 kB
SwapTotal:        786428 kB
SwapFree:         764088 kB
Dirty:                 0 kB
Writeback:             0 kB
AnonPages:        463416 kB
Mapped:           192868 kB
Shmem:               832 kB
Slab:              51428 kB
SReclaimable:      20916 kB
SUnreclaim:        30512 kB
KernelStack:        9792 kB
PageTables:        14748 kB
NFS_Unstable:          0 kB
Bounce:                0 kB
WritebackTmp:          0 kB
CommitLimit:     1496840 kB
Committed_AS:   19507532 kB
VmallocTotal:     458752 kB
VmallocUsed:       81740 kB
VmallocChunk:     225308 kB
Time pass: 255 sec

---2015-10-25 15:24:01
MemTotal:        1420824 kB
MemFree:           42860 kB
Buffers:           58152 kB
Cached:           561904 kB
SwapCached:          680 kB
Active:           572156 kB
Inactive:         511536 kB
Active(anon):     222028 kB
Inactive(anon):   243328 kB
Active(file):     350128 kB
Inactive(file):   268208 kB
Unevictable:         888 kB
Mlocked:               0 kB
HighTotal:       1001472 kB
HighFree:           5304 kB
LowTotal:         419352 kB
LowFree:           37556 kB
SwapTotal:        786428 kB
SwapFree:         764088 kB
Dirty:                 0 kB
Writeback:             0 kB
AnonPages:        464108 kB
Mapped:           192820 kB
Shmem:               832 kB
Slab:              51428 kB
SReclaimable:      20916 kB
SUnreclaim:        30512 kB
KernelStack:        9792 kB
PageTables:        14748 kB
NFS_Unstable:          0 kB
Bounce:                0 kB
WritebackTmp:          0 kB
CommitLimit:     1496840 kB
Committed_AS:   19508144 kB
VmallocTotal:     458752 kB
VmallocUsed:       81708 kB
VmallocChunk:     225308 kB
Time pass: 258 sec

---2015-10-25 15:24:01
MemTotal:        1420824 kB
MemFree:           42892 kB
Buffers:           58156 kB
Cached:           561904 kB
SwapCached:          680 kB
Active:           572780 kB
Inactive:         511540 kB
Active(anon):     222652 kB
Inactive(anon):   243328 kB
Active(file):     350128 kB
Inactive(file):   268212 kB
Unevictable:         888 kB
Mlocked:               0 kB
HighTotal:       1001472 kB
HighFree:           5768 kB
LowTotal:         419352 kB
LowFree:           37124 kB
SwapTotal:        786428 kB
SwapFree:         764088 kB
Dirty:                32 kB
Writeback:             0 kB
AnonPages:        464596 kB
Mapped:           192824 kB
Shmem:               832 kB
Slab:              51400 kB
SReclaimable:      20916 kB
SUnreclaim:        30484 kB
KernelStack:        9800 kB
PageTables:        14752 kB
NFS_Unstable:          0 kB
Bounce:                0 kB
WritebackTmp:          0 kB
CommitLimit:     1496840 kB
Committed_AS:   19508552 kB
VmallocTotal:     458752 kB
VmallocUsed:       81676 kB
VmallocChunk:     225308 kB
Time pass: 262 sec

---2015-10-25 15:24:01
MemTotal:        1420824 kB
MemFree:           41376 kB
Buffers:           58156 kB
Cached:           561904 kB
SwapCached:          680 kB
Active:           573376 kB
Inactive:         511540 kB
Active(anon):     223248 kB
Inactive(anon):   243328 kB
Active(file):     350128 kB
Inactive(file):   268212 kB
Unevictable:         888 kB
Mlocked:               0 kB
HighTotal:       1001472 kB
HighFree:           5172 kB
LowTotal:         419352 kB
LowFree:           36204 kB
SwapTotal:        786428 kB
SwapFree:         764088 kB
Dirty:                28 kB
Writeback:             0 kB
AnonPages:        465116 kB
Mapped:           192824 kB
Shmem:               832 kB
Slab:              51428 kB
SReclaimable:      20916 kB
SUnreclaim:        30512 kB
KernelStack:        9800 kB
PageTables:        14748 kB
NFS_Unstable:          0 kB
Bounce:                0 kB
WritebackTmp:          0 kB
CommitLimit:     1496840 kB
Committed_AS:   19509008 kB
VmallocTotal:     458752 kB
VmallocUsed:       81708 kB
VmallocChunk:     225308 kB
Time pass: 266 sec

---2015-10-25 15:24:01
MemTotal:        1420824 kB
MemFree:           41268 kB
Buffers:           58156 kB
Cached:           561904 kB
SwapCached:          680 kB
Active:           573384 kB
Inactive:         511540 kB
Active(anon):     223256 kB
Inactive(anon):   243328 kB
Active(file):     350128 kB
Inactive(file):   268212 kB
Unevictable:         888 kB
Mlocked:               0 kB
HighTotal:       1001472 kB
HighFree:           5076 kB
LowTotal:         419352 kB
LowFree:           36192 kB
SwapTotal:        786428 kB
SwapFree:         764088 kB
Dirty:                28 kB
Writeback:             0 kB
AnonPages:        465204 kB
Mapped:           192876 kB
Shmem:               832 kB
Slab:              51408 kB
SReclaimable:      20916 kB
SUnreclaim:        30492 kB
KernelStack:        9792 kB
PageTables:        14748 kB
NFS_Unstable:          0 kB
Bounce:                0 kB
WritebackTmp:          0 kB
CommitLimit:     1496840 kB
Committed_AS:   19508980 kB
VmallocTotal:     458752 kB
VmallocUsed:       81740 kB
VmallocChunk:     225308 kB
Time pass: 270 sec

---2015-10-25 15:24:01
MemTotal:        1420824 kB
MemFree:           41176 kB
Buffers:           58156 kB
Cached:           561904 kB
SwapCached:          680 kB
Active:           573416 kB
Inactive:         511540 kB
Active(anon):     223288 kB
Inactive(anon):   243328 kB
Active(file):     350128 kB
Inactive(file):   268212 kB
Unevictable:         888 kB
Mlocked:               0 kB
HighTotal:       1001472 kB
HighFree:           5212 kB
LowTotal:         419352 kB
LowFree:           35964 kB
SwapTotal:        786428 kB
SwapFree:         764088 kB
Dirty:                 0 kB
Writeback:             0 kB
AnonPages:        465236 kB
Mapped:           192828 kB
Shmem:               832 kB
Slab:              51428 kB
SReclaimable:      20916 kB
SUnreclaim:        30512 kB
KernelStack:        9792 kB
PageTables:        14748 kB
NFS_Unstable:          0 kB
Bounce:                0 kB
WritebackTmp:          0 kB
CommitLimit:     1496840 kB
Committed_AS:   19508884 kB
VmallocTotal:     458752 kB
VmallocUsed:       81708 kB
VmallocChunk:     225308 kB
Time pass: 274 sec

---2015-10-25 15:24:01
MemTotal:        1420824 kB
MemFree:           40832 kB
Buffers:           58156 kB
Cached:           561904 kB
SwapCached:          680 kB
Active:           573584 kB
Inactive:         511540 kB
Active(anon):     223456 kB
Inactive(anon):   243328 kB
Active(file):     350128 kB
Inactive(file):   268212 kB
Unevictable:         888 kB
Mlocked:               0 kB
HighTotal:       1001472 kB
HighFree:           5080 kB
LowTotal:         419352 kB
LowFree:           35752 kB
SwapTotal:        786428 kB
SwapFree:         764088 kB
Dirty:                 0 kB
Writeback:             0 kB
AnonPages:        465368 kB
Mapped:           192832 kB
Shmem:               832 kB
Slab:              51492 kB
SReclaimable:      20916 kB
SUnreclaim:        30576 kB
KernelStack:        9792 kB
PageTables:        14744 kB
NFS_Unstable:          0 kB
Bounce:                0 kB
WritebackTmp:          0 kB
CommitLimit:     1496840 kB
Committed_AS:   19508992 kB
VmallocTotal:     458752 kB
VmallocUsed:       81708 kB
VmallocChunk:     225308 kB
Time pass: 277 sec

---2015-10-25 15:24:01
MemTotal:        1420824 kB
MemFree:           40068 kB
Buffers:           58160 kB
Cached:           561904 kB
SwapCached:          680 kB
Active:           573952 kB
Inactive:         511540 kB
Active(anon):     223820 kB
Inactive(anon):   243328 kB
Active(file):     350132 kB
Inactive(file):   268212 kB
Unevictable:         888 kB
Mlocked:               0 kB
HighTotal:       1001472 kB
HighFree:           5028 kB
LowTotal:         419352 kB
LowFree:           35040 kB
SwapTotal:        786428 kB
SwapFree:         764088 kB
Dirty:                36 kB
Writeback:             0 kB
AnonPages:        465792 kB
Mapped:           192880 kB
Shmem:               832 kB
Slab:              51564 kB
SReclaimable:      20916 kB
SUnreclaim:        30648 kB
KernelStack:        9792 kB
PageTables:        14748 kB
NFS_Unstable:          0 kB
Bounce:                0 kB
WritebackTmp:          0 kB
CommitLimit:     1496840 kB
Committed_AS:   19509312 kB
VmallocTotal:     458752 kB
VmallocUsed:       81740 kB
VmallocChunk:     225308 kB
Time pass: 281 sec

---2015-10-25 15:24:01
MemTotal:        1420824 kB
MemFree:           40364 kB
Buffers:           58160 kB
Cached:           562152 kB
SwapCached:          680 kB
Active:           574036 kB
Inactive:         511788 kB
Active(anon):     223904 kB
Inactive(anon):   243576 kB
Active(file):     350132 kB
Inactive(file):   268212 kB
Unevictable:         888 kB
Mlocked:               0 kB
HighTotal:       1001472 kB
HighFree:           5164 kB
LowTotal:         419352 kB
LowFree:           35200 kB
SwapTotal:        786428 kB
SwapFree:         764088 kB
Dirty:                36 kB
Writeback:             0 kB
AnonPages:        465884 kB
Mapped:           193080 kB
Shmem:              1080 kB
Slab:              51564 kB
SReclaimable:      20916 kB
SUnreclaim:        30648 kB
KernelStack:        9792 kB
PageTables:        14748 kB
NFS_Unstable:          0 kB
Bounce:                0 kB
WritebackTmp:          0 kB
CommitLimit:     1496840 kB
Committed_AS:   19509420 kB
VmallocTotal:     458752 kB
VmallocUsed:       81708 kB
VmallocChunk:     225308 kB
Time pass: 284 sec

---2015-10-25 15:24:01
MemTotal:        1420824 kB
MemFree:           39832 kB
Buffers:           58164 kB
Cached:           562152 kB
SwapCached:          680 kB
Active:           573416 kB
Inactive:         511792 kB
Active(anon):     223284 kB
Inactive(anon):   243576 kB
Active(file):     350132 kB
Inactive(file):   268216 kB
Unevictable:         888 kB
Mlocked:               0 kB
HighTotal:       1001472 kB
HighFree:           5092 kB
LowTotal:         419352 kB
LowFree:           34740 kB
SwapTotal:        786428 kB
SwapFree:         764088 kB
Dirty:                28 kB
Writeback:             0 kB
AnonPages:        465228 kB
Mapped:           193128 kB
Shmem:              1080 kB
Slab:              51440 kB
SReclaimable:      20916 kB
SUnreclaim:        30524 kB
KernelStack:        9792 kB
PageTables:        14748 kB
NFS_Unstable:          0 kB
Bounce:                0 kB
WritebackTmp:          0 kB
CommitLimit:     1496840 kB
Committed_AS:   19508920 kB
VmallocTotal:     458752 kB
VmallocUsed:       81740 kB
VmallocChunk:     225308 kB
Time pass: 288 sec

---2015-10-25 15:24:01
MemTotal:        1420824 kB
MemFree:           40388 kB
Buffers:           58164 kB
Cached:           562152 kB
SwapCached:          680 kB
Active:           573648 kB
Inactive:         511792 kB
Active(anon):     223516 kB
Inactive(anon):   243576 kB
Active(file):     350132 kB
Inactive(file):   268216 kB
Unevictable:         888 kB
Mlocked:               0 kB
HighTotal:       1001472 kB
HighFree:           5092 kB
LowTotal:         419352 kB
LowFree:           35296 kB
SwapTotal:        786428 kB
SwapFree:         764088 kB
Dirty:                 0 kB
Writeback:             0 kB
AnonPages:        465564 kB
Mapped:           193128 kB
Shmem:              1080 kB
Slab:              51540 kB
SReclaimable:      20916 kB
SUnreclaim:        30624 kB
KernelStack:        9792 kB
PageTables:        14748 kB
NFS_Unstable:          0 kB
Bounce:                0 kB
WritebackTmp:          0 kB
CommitLimit:     1496840 kB
Committed_AS:   19508992 kB
VmallocTotal:     458752 kB
VmallocUsed:       81740 kB
VmallocChunk:     225308 kB
Time pass: 292 sec

---2015-10-25 15:24:01
MemTotal:        1420824 kB
MemFree:           39912 kB
Buffers:           58164 kB
Cached:           562152 kB
SwapCached:          680 kB
Active:           574160 kB
Inactive:         511792 kB
Active(anon):     224028 kB
Inactive(anon):   243576 kB
Active(file):     350132 kB
Inactive(file):   268216 kB
Unevictable:         888 kB
Mlocked:               0 kB
HighTotal:       1001472 kB
HighFree:           5092 kB
LowTotal:         419352 kB
LowFree:           34820 kB
SwapTotal:        786428 kB
SwapFree:         764088 kB
Dirty:                 0 kB
Writeback:             0 kB
AnonPages:        465940 kB
Mapped:           193128 kB
Shmem:              1080 kB
Slab:              51444 kB
SReclaimable:      20916 kB
SUnreclaim:        30528 kB
KernelStack:        9792 kB
PageTables:        14748 kB
NFS_Unstable:          0 kB
Bounce:                0 kB
WritebackTmp:          0 kB
CommitLimit:     1496840 kB
Committed_AS:   19509340 kB
VmallocTotal:     458752 kB
VmallocUsed:       81740 kB
VmallocChunk:     225308 kB
Time pass: 295 sec

---2015-10-25 15:24:01
MemTotal:        1420824 kB
MemFree:           39856 kB
Buffers:           58164 kB
Cached:           562152 kB
SwapCached:          680 kB
Active:           574304 kB
Inactive:         511788 kB
Active(anon):     224168 kB
Inactive(anon):   243576 kB
Active(file):     350136 kB
Inactive(file):   268212 kB
Unevictable:         888 kB
Mlocked:               0 kB
HighTotal:       1001472 kB
HighFree:           5092 kB
LowTotal:         419352 kB
LowFree:           34764 kB
SwapTotal:        786428 kB
SwapFree:         764088 kB
Dirty:                40 kB
Writeback:             0 kB
AnonPages:        466112 kB
Mapped:           193080 kB
Shmem:              1080 kB
Slab:              51472 kB
SReclaimable:      20916 kB
SUnreclaim:        30556 kB
KernelStack:        9792 kB
PageTables:        14744 kB
NFS_Unstable:          0 kB
Bounce:                0 kB
WritebackTmp:          0 kB
CommitLimit:     1496840 kB
Committed_AS:   19509460 kB
VmallocTotal:     458752 kB
VmallocUsed:       81708 kB
VmallocChunk:     225308 kB
Time pass: 299 sec

---2015-10-25 15:24:01
MemTotal:        1420824 kB
MemFree:           39956 kB
Buffers:           58164 kB
Cached:           562152 kB
SwapCached:          680 kB
Active:           574308 kB
Inactive:         511788 kB
Active(anon):     224172 kB
Inactive(anon):   243576 kB
Active(file):     350136 kB
Inactive(file):   268212 kB
Unevictable:         888 kB
Mlocked:               0 kB
HighTotal:       1001472 kB
HighFree:           5108 kB
LowTotal:         419352 kB
LowFree:           34848 kB
SwapTotal:        786428 kB
SwapFree:         764088 kB
Dirty:                28 kB
Writeback:             0 kB
AnonPages:        466164 kB
Mapped:           193080 kB
Shmem:              1080 kB
Slab:              51544 kB
SReclaimable:      20916 kB
SUnreclaim:        30628 kB
KernelStack:        9792 kB
PageTables:        14748 kB
NFS_Unstable:          0 kB
Bounce:                0 kB
WritebackTmp:          0 kB
CommitLimit:     1496840 kB
Committed_AS:   19509468 kB
VmallocTotal:     458752 kB
VmallocUsed:       81708 kB
VmallocChunk:     225308 kB
Time pass: 302 sec

---2015-10-25 15:24:01
MemTotal:        1420824 kB
MemFree:           41008 kB
Buffers:           58168 kB
Cached:           562148 kB
SwapCached:          680 kB
Active:           573688 kB
Inactive:         511784 kB
Active(anon):     223548 kB
Inactive(anon):   243572 kB
Active(file):     350140 kB
Inactive(file):   268212 kB
Unevictable:         888 kB
Mlocked:               0 kB
HighTotal:       1001472 kB
HighFree:           6324 kB
LowTotal:         419352 kB
LowFree:           34684 kB
SwapTotal:        786428 kB
SwapFree:         764088 kB
Dirty:                 0 kB
Writeback:             0 kB
AnonPages:        465516 kB
Mapped:           193076 kB
Shmem:              1076 kB
Slab:              51492 kB
SReclaimable:      20916 kB
SUnreclaim:        30576 kB
KernelStack:        9800 kB
PageTables:        14748 kB
NFS_Unstable:          0 kB
Bounce:                0 kB
WritebackTmp:          0 kB
CommitLimit:     1496840 kB
Committed_AS:   19506700 kB
VmallocTotal:     458752 kB
VmallocUsed:       81708 kB
VmallocChunk:     225308 kB
Time pass: 306 sec

---2015-10-25 15:24:01
MemTotal:        1420824 kB
MemFree:           42320 kB
Buffers:           58168 kB
Cached:           562148 kB
SwapCached:          680 kB
Active:           572284 kB
Inactive:         511776 kB
Active(anon):     222136 kB
Inactive(anon):   243572 kB
Active(file):     350148 kB
Inactive(file):   268204 kB
Unevictable:         888 kB
Mlocked:               0 kB
HighTotal:       1001472 kB
HighFree:           7264 kB
LowTotal:         419352 kB
LowFree:           35056 kB
SwapTotal:        786428 kB
SwapFree:         764088 kB
Dirty:                36 kB
Writeback:             0 kB
AnonPages:        464112 kB
Mapped:           193072 kB
Shmem:              1076 kB
Slab:              51460 kB
SReclaimable:      20916 kB
SUnreclaim:        30544 kB
KernelStack:        9800 kB
PageTables:        14752 kB
NFS_Unstable:          0 kB
Bounce:                0 kB
WritebackTmp:          0 kB
CommitLimit:     1496840 kB
Committed_AS:   19506516 kB
VmallocTotal:     458752 kB
VmallocUsed:       81708 kB
VmallocChunk:     225308 kB
Time pass: 310 sec

---2015-10-25 15:24:01
MemTotal:        1420824 kB
MemFree:           42164 kB
Buffers:           58168 kB
Cached:           562148 kB
SwapCached:          680 kB
Active:           572652 kB
Inactive:         511776 kB
Active(anon):     222504 kB
Inactive(anon):   243572 kB
Active(file):     350148 kB
Inactive(file):   268204 kB
Unevictable:         888 kB
Mlocked:               0 kB
HighTotal:       1001472 kB
HighFree:           7040 kB
LowTotal:         419352 kB
LowFree:           35124 kB
SwapTotal:        786428 kB
SwapFree:         764088 kB
Dirty:                36 kB
Writeback:             0 kB
AnonPages:        464412 kB
Mapped:           193068 kB
Shmem:              1076 kB
Slab:              51472 kB
SReclaimable:      20916 kB
SUnreclaim:        30556 kB
KernelStack:        9800 kB
PageTables:        14748 kB
NFS_Unstable:          0 kB
Bounce:                0 kB
WritebackTmp:          0 kB
CommitLimit:     1496840 kB
Committed_AS:   19506708 kB
VmallocTotal:     458752 kB
VmallocUsed:       81708 kB
VmallocChunk:     225308 kB
Time pass: 313 sec

---2015-10-25 15:24:01
MemTotal:        1420824 kB
MemFree:           42416 kB
Buffers:           58168 kB
Cached:           562148 kB
SwapCached:          680 kB
Active:           572432 kB
Inactive:         511776 kB
Active(anon):     222284 kB
Inactive(anon):   243572 kB
Active(file):     350148 kB
Inactive(file):   268204 kB
Unevictable:         888 kB
Mlocked:               0 kB
HighTotal:       1001472 kB
HighFree:           6816 kB
LowTotal:         419352 kB
LowFree:           35600 kB
SwapTotal:        786428 kB
SwapFree:         764088 kB
Dirty:                 0 kB
Writeback:             0 kB
AnonPages:        464328 kB
Mapped:           193068 kB
Shmem:              1076 kB
Slab:              51464 kB
SReclaimable:      20916 kB
SUnreclaim:        30548 kB
KernelStack:        9800 kB
PageTables:        14752 kB
NFS_Unstable:          0 kB
Bounce:                0 kB
WritebackTmp:          0 kB
CommitLimit:     1496840 kB
Committed_AS:   19506484 kB
VmallocTotal:     458752 kB
VmallocUsed:       81708 kB
VmallocChunk:     225308 kB
Time pass: 317 sec

---2015-10-25 15:24:01
MemTotal:        1420824 kB
MemFree:           42320 kB
Buffers:           58176 kB
Cached:           562140 kB
SwapCached:          680 kB
Active:           572508 kB
Inactive:         511776 kB
Active(anon):     222360 kB
Inactive(anon):   243572 kB
Active(file):     350148 kB
Inactive(file):   268204 kB
Unevictable:         888 kB
Mlocked:               0 kB
HighTotal:       1001472 kB
HighFree:           6504 kB
LowTotal:         419352 kB
LowFree:           35816 kB
SwapTotal:        786428 kB
SwapFree:         764088 kB
Dirty:                 0 kB
Writeback:             0 kB
AnonPages:        464388 kB
Mapped:           193068 kB
Shmem:              1076 kB
Slab:              51460 kB
SReclaimable:      20916 kB
SUnreclaim:        30544 kB
KernelStack:        9800 kB
PageTables:        14752 kB
NFS_Unstable:          0 kB
Bounce:                0 kB
WritebackTmp:          0 kB
CommitLimit:     1496840 kB
Committed_AS:   19506484 kB
VmallocTotal:     458752 kB
VmallocUsed:       81708 kB
VmallocChunk:     225308 kB
Time pass: 320 sec

---2015-10-25 15:24:01
MemTotal:        1420824 kB
MemFree:           41340 kB
Buffers:           58176 kB
Cached:           562148 kB
SwapCached:          680 kB
Active:           572676 kB
Inactive:         511780 kB
Active(anon):     222524 kB
Inactive(anon):   243572 kB
Active(file):     350152 kB
Inactive(file):   268208 kB
Unevictable:         888 kB
Mlocked:               0 kB
HighTotal:       1001472 kB
HighFree:           5900 kB
LowTotal:         419352 kB
LowFree:           35440 kB
SwapTotal:        786428 kB
SwapFree:         764088 kB
Dirty:                44 kB
Writeback:             0 kB
AnonPages:        464404 kB
Mapped:           193116 kB
Shmem:              1076 kB
Slab:              51524 kB
SReclaimable:      20916 kB
SUnreclaim:        30608 kB
KernelStack:        9800 kB
PageTables:        14752 kB
NFS_Unstable:          0 kB
Bounce:                0 kB
WritebackTmp:          0 kB
CommitLimit:     1496840 kB
Committed_AS:   19506576 kB
VmallocTotal:     458752 kB
VmallocUsed:       81740 kB
VmallocChunk:     225308 kB
Time pass: 324 sec

---2015-10-25 15:24:01
MemTotal:        1420824 kB
MemFree:           41640 kB
Buffers:           58176 kB
Cached:           562148 kB
SwapCached:          680 kB
Active:           572452 kB
Inactive:         511776 kB
Active(anon):     222296 kB
Inactive(anon):   243572 kB
Active(file):     350156 kB
Inactive(file):   268204 kB
Unevictable:         888 kB
Mlocked:               0 kB
HighTotal:       1001472 kB
HighFree:           5904 kB
LowTotal:         419352 kB
LowFree:           35736 kB
SwapTotal:        786428 kB
SwapFree:         764088 kB
Dirty:                32 kB
Writeback:             0 kB
AnonPages:        464188 kB
Mapped:           193068 kB
Shmem:              1076 kB
Slab:              51552 kB
SReclaimable:      20916 kB
SUnreclaim:        30636 kB
KernelStack:        9800 kB
PageTables:        14756 kB
NFS_Unstable:          0 kB
Bounce:                0 kB
WritebackTmp:          0 kB
CommitLimit:     1496840 kB
Committed_AS:   19506720 kB
VmallocTotal:     458752 kB
VmallocUsed:       81708 kB
VmallocChunk:     225308 kB
Time pass: 327 sec

---2015-10-25 15:24:01
MemTotal:        1420824 kB
MemFree:           42084 kB
Buffers:           58180 kB
Cached:           562148 kB
SwapCached:          680 kB
Active:           572648 kB
Inactive:         511776 kB
Active(anon):     222488 kB
Inactive(anon):   243572 kB
Active(file):     350160 kB
Inactive(file):   268204 kB
Unevictable:         888 kB
Mlocked:               0 kB
HighTotal:       1001472 kB
HighFree:           6252 kB
LowTotal:         419352 kB
LowFree:           35832 kB
SwapTotal:        786428 kB
SwapFree:         764088 kB
Dirty:                 4 kB
Writeback:             0 kB
AnonPages:        464380 kB
Mapped:           193116 kB
Shmem:              1076 kB
Slab:              51472 kB
SReclaimable:      20916 kB
