---2015-12-05 01:40:17
MemTotal:        2746844 kB
MemFree:          106108 kB
Buffers:           11492 kB
Cached:           985892 kB
SwapCached:          108 kB
Active:           923200 kB
Inactive:         958792 kB
Active(anon):     438448 kB
Inactive(anon):   465388 kB
Active(file):     484752 kB
Inactive(file):   493404 kB
Unevictable:       35688 kB
Mlocked:           27720 kB
SwapTotal:       1310716 kB
SwapFree:        1305204 kB
Dirty:                 0 kB
Writeback:             0 kB
AnonPages:        920332 kB
Mapped:           433460 kB
Shmem:               192 kB
Slab:             107240 kB
SReclaimable:      31656 kB
SUnreclaim:        75584 kB
KernelStack:       31360 kB
PageTables:        60128 kB
NFS_Unstable:          0 kB
Bounce:                0 kB
WritebackTmp:          0 kB
CommitLimit:     2684136 kB
Committed_AS:   150603076 kB
VmallocTotal:   251658176 kB
VmallocUsed:      282884 kB
VmallocChunk:   247561408 kB
Time pass: 3 sec

---2015-12-05 01:40:17
MemTotal:        2746844 kB
MemFree:          105916 kB
Buffers:           11492 kB
Cached:           985908 kB
SwapCached:          108 kB
Active:           923664 kB
Inactive:         958800 kB
Active(anon):     438904 kB
Inactive(anon):   465388 kB
Active(file):     484760 kB
Inactive(file):   493412 kB
Unevictable:       35688 kB
Mlocked:           27720 kB
SwapTotal:       1310716 kB
SwapFree:        1305204 kB
Dirty:                 0 kB
Writeback:             0 kB
AnonPages:        920580 kB
Mapped:           433560 kB
Shmem:               192 kB
Slab:             107380 kB
SReclaimable:      31656 kB
SUnreclaim:        75724 kB
KernelStack:       31360 kB
PageTables:        60160 kB
NFS_Unstable:          0 kB
Bounce:                0 kB
WritebackTmp:          0 kB
CommitLimit:     2684136 kB
Committed_AS:   150603036 kB
VmallocTotal:   251658176 kB
VmallocUsed:      282884 kB
VmallocChunk:   247561408 kB
Time pass: 7 sec

---2015-12-05 01:40:17
MemTotal:        2746844 kB
MemFree:          108724 kB
Buffers:           11492 kB
Cached:           985908 kB
SwapCached:          108 kB
Active:           923784 kB
Inactive:         958716 kB
Active(anon):     439024 kB
Inactive(anon):   465304 kB
Active(file):     484760 kB
Inactive(file):   493412 kB
Unevictable:       35688 kB
Mlocked:           27720 kB
SwapTotal:       1310716 kB
SwapFree:        1305204 kB
Dirty:                 0 kB
Writeback:             0 kB
AnonPages:        920636 kB
Mapped:           433644 kB
Shmem:               192 kB
Slab:             107280 kB
SReclaimable:      31656 kB
SUnreclaim:        75624 kB
KernelStack:       31248 kB
PageTables:        60184 kB
NFS_Unstable:          0 kB
Bounce:                0 kB
WritebackTmp:          0 kB
CommitLimit:     2684136 kB
Committed_AS:   150602908 kB
VmallocTotal:   251658176 kB
VmallocUsed:      282884 kB
VmallocChunk:   247561408 kB
Time pass: 10 sec

---2015-12-05 01:40:17
MemTotal:        2746844 kB
MemFree:          109256 kB
Buffers:           11492 kB
Cached:           985908 kB
SwapCached:          108 kB
Active:           923696 kB
Inactive:         958716 kB
Active(anon):     438936 kB
Inactive(anon):   465304 kB
Active(file):     484760 kB
Inactive(file):   493412 kB
Unevictable:       35688 kB
Mlocked:           27720 kB
SwapTotal:       1310716 kB
SwapFree:        1305204 kB
Dirty:                 0 kB
Writeback:             0 kB
AnonPages:        920676 kB
Mapped:           433544 kB
Shmem:               192 kB
Slab:             106996 kB
SReclaimable:      31656 kB
SUnreclaim:        75340 kB
KernelStack:       31184 kB
PageTables:        60160 kB
NFS_Unstable:          0 kB
Bounce:                0 kB
WritebackTmp:          0 kB
CommitLimit:     2684136 kB
Committed_AS:   150602772 kB
VmallocTotal:   251658176 kB
VmallocUsed:      282884 kB
VmallocChunk:   247561408 kB
Time pass: 14 sec

---2015-12-05 01:40:17
MemTotal:        2746844 kB
MemFree:          108644 kB
Buffers:           11492 kB
Cached:           985908 kB
SwapCached:          108 kB
Active:           923972 kB
Inactive:         958756 kB
Active(anon):     439200 kB
Inactive(anon):   465304 kB
Active(file):     484772 kB
Inactive(file):   493452 kB
Unevictable:       35688 kB
Mlocked:           27720 kB
SwapTotal:       1310716 kB
SwapFree:        1305204 kB
Dirty:                 0 kB
Writeback:             0 kB
AnonPages:        920788 kB
Mapped:           433544 kB
Shmem:               192 kB
Slab:             106852 kB
SReclaimable:      31656 kB
SUnreclaim:        75196 kB
KernelStack:       31152 kB
PageTables:        60156 kB
NFS_Unstable:          0 kB
Bounce:                0 kB
WritebackTmp:          0 kB
CommitLimit:     2684136 kB
Committed_AS:   150602692 kB
VmallocTotal:   251658176 kB
VmallocUsed:      282884 kB
VmallocChunk:   247561408 kB
Time pass: 17 sec

---2015-12-05 01:40:17
MemTotal:        2746844 kB
MemFree:           62824 kB
Buffers:            9892 kB
Cached:           938024 kB
SwapCached:          116 kB
Active:           926052 kB
Inactive:         930184 kB
Active(anon):     462088 kB
Inactive(anon):   465476 kB
Active(file):     463964 kB
Inactive(file):   464708 kB
Unevictable:       35688 kB
Mlocked:           27720 kB
SwapTotal:       1310716 kB
SwapFree:        1301508 kB
Dirty:              1036 kB
Writeback:             0 kB
AnonPages:        944528 kB
Mapped:           460716 kB
Shmem:               424 kB
Slab:             107196 kB
SReclaimable:      31812 kB
SUnreclaim:        75384 kB
KernelStack:       32048 kB
PageTables:        60972 kB
NFS_Unstable:          0 kB
Bounce:                0 kB
WritebackTmp:          0 kB
CommitLimit:     2684136 kB
Committed_AS:   151911644 kB
VmallocTotal:   251658176 kB
VmallocUsed:      304856 kB
VmallocChunk:   247561408 kB
Time pass: 21 sec

---2015-12-05 01:40:17
MemTotal:        2746844 kB
MemFree:           73872 kB
Buffers:            9400 kB
Cached:           819488 kB
SwapCached:          476 kB
Active:           857604 kB
Inactive:         868492 kB
Active(anon):     453220 kB
Inactive(anon):   462556 kB
Active(file):     404384 kB
Inactive(file):   405936 kB
Unevictable:       35692 kB
Mlocked:           27720 kB
SwapTotal:       1310716 kB
SwapFree:        1272456 kB
Dirty:              2296 kB
Writeback:             0 kB
AnonPages:        931200 kB
Mapped:           462136 kB
Shmem:               324 kB
Slab:             107584 kB
SReclaimable:      31940 kB
SUnreclaim:        75644 kB
KernelStack:       32608 kB
PageTables:        61276 kB
NFS_Unstable:          0 kB
Bounce:                0 kB
WritebackTmp:          0 kB
CommitLimit:     2684136 kB
Committed_AS:   151943228 kB
VmallocTotal:   251658176 kB
VmallocUsed:      309672 kB
VmallocChunk:   247561408 kB
Time pass: 24 sec

---2015-12-05 01:40:17
MemTotal:        2746844 kB
MemFree:           98120 kB
Buffers:            9408 kB
Cached:           819504 kB
SwapCached:          480 kB
Active:           844428 kB
Inactive:         853220 kB
Active(anon):     440280 kB
Inactive(anon):   447804 kB
Active(file):     404148 kB
Inactive(file):   405416 kB
Unevictable:       35692 kB
Mlocked:           27720 kB
SwapTotal:       1310716 kB
SwapFree:        1272548 kB
Dirty:               108 kB
Writeback:             0 kB
AnonPages:        903284 kB
Mapped:           458316 kB
Shmem:               324 kB
Slab:             107704 kB
SReclaimable:      31940 kB
SUnreclaim:        75764 kB
KernelStack:       32560 kB
PageTables:        61224 kB
NFS_Unstable:          0 kB
Bounce:                0 kB
WritebackTmp:          0 kB
CommitLimit:     2684136 kB
Committed_AS:   151913252 kB
VmallocTotal:   251658176 kB
VmallocUsed:      309672 kB
VmallocChunk:   247561408 kB
Time pass: 28 sec

---2015-12-05 01:40:17
MemTotal:        2746844 kB
MemFree:          100848 kB
Buffers:            9416 kB
Cached:           819552 kB
SwapCached:          480 kB
Active:           842724 kB
Inactive:         853260 kB
Active(anon):     438572 kB
Inactive(anon):   447792 kB
Active(file):     404152 kB
Inactive(file):   405468 kB
Unevictable:       35692 kB
Mlocked:           27720 kB
SwapTotal:       1310716 kB
SwapFree:        1272548 kB
Dirty:               136 kB
Writeback:             0 kB
AnonPages:        901412 kB
Mapped:           458384 kB
Shmem:               324 kB
Slab:             107956 kB
SReclaimable:      31956 kB
SUnreclaim:        76000 kB
KernelStack:       32560 kB
PageTables:        61220 kB
NFS_Unstable:          0 kB
Bounce:                0 kB
WritebackTmp:          0 kB
CommitLimit:     2684136 kB
Committed_AS:   151913316 kB
VmallocTotal:   251658176 kB
VmallocUsed:      309672 kB
VmallocChunk:   247561408 kB
Time pass: 31 sec

---2015-12-05 01:40:17
MemTotal:        2746844 kB
MemFree:          100820 kB
Buffers:            9424 kB
Cached:           819536 kB
SwapCached:          480 kB
Active:           842272 kB
Inactive:         852656 kB
Active(anon):     438076 kB
Inactive(anon):   447208 kB
Active(file):     404196 kB
Inactive(file):   405448 kB
Unevictable:       35692 kB
Mlocked:           27720 kB
SwapTotal:       1310716 kB
SwapFree:        1272548 kB
Dirty:               140 kB
Writeback:             0 kB
AnonPages:        901176 kB
Mapped:           458384 kB
Shmem:               324 kB
Slab:             107788 kB
SReclaimable:      31956 kB
SUnreclaim:        75832 kB
KernelStack:       32592 kB
PageTables:        61228 kB
NFS_Unstable:          0 kB
Bounce:                0 kB
WritebackTmp:          0 kB
CommitLimit:     2684136 kB
Committed_AS:   151913204 kB
VmallocTotal:   251658176 kB
VmallocUsed:      309672 kB
VmallocChunk:   247561408 kB
Time pass: 35 sec

---2015-12-05 01:40:17
MemTotal:        2746844 kB
MemFree:           66436 kB
Buffers:            9044 kB
Cached:           808036 kB
SwapCached:          728 kB
Active:           847340 kB
Inactive:         847832 kB
Active(anon):     447736 kB
Inactive(anon):   448512 kB
Active(file):     399604 kB
Inactive(file):   399320 kB
Unevictable:       35692 kB
Mlocked:           27720 kB
SwapTotal:       1310716 kB
SwapFree:        1270092 kB
Dirty:                80 kB
Writeback:             0 kB
AnonPages:        911344 kB
Mapped:           458448 kB
Shmem:               324 kB
Slab:             107828 kB
SReclaimable:      31972 kB
SUnreclaim:        75856 kB
KernelStack:       32160 kB
PageTables:        59996 kB
NFS_Unstable:          0 kB
Bounce:                0 kB
WritebackTmp:          0 kB
CommitLimit:     2684136 kB
Committed_AS:   147775796 kB
VmallocTotal:   251658176 kB
VmallocUsed:      308656 kB
VmallocChunk:   247561408 kB
Time pass: 38 sec

---2015-12-05 01:40:17
MemTotal:        2746844 kB
MemFree:           66820 kB
Buffers:            8640 kB
Cached:           792200 kB
SwapCached:          908 kB
Active:           843596 kB
Inactive:         845392 kB
Active(anon):     452864 kB
Inactive(anon):   454596 kB
Active(file):     390732 kB
Inactive(file):   390796 kB
Unevictable:       35692 kB
Mlocked:           27720 kB
SwapTotal:       1310716 kB
SwapFree:        1268000 kB
Dirty:               100 kB
Writeback:             0 kB
AnonPages:        923132 kB
Mapped:           459336 kB
Shmem:               324 kB
Slab:             107588 kB
SReclaimable:      31892 kB
SUnreclaim:        75696 kB
KernelStack:       32496 kB
PageTables:        60164 kB
NFS_Unstable:          0 kB
Bounce:                0 kB
WritebackTmp:          0 kB
CommitLimit:     2684136 kB
Committed_AS:   147776028 kB
VmallocTotal:   251658176 kB
VmallocUsed:      308656 kB
VmallocChunk:   247561408 kB
Time pass: 42 sec

---2015-12-05 01:40:17
MemTotal:        2746844 kB
MemFree:           61392 kB
Buffers:            8284 kB
Cached:           782416 kB
SwapCached:          964 kB
Active:           848064 kB
Inactive:         848244 kB
Active(anon):     461632 kB
Inactive(anon):   461804 kB
Active(file):     386432 kB
Inactive(file):   386440 kB
Unevictable:       35692 kB
Mlocked:           27720 kB
SwapTotal:       1310716 kB
SwapFree:        1266116 kB
Dirty:               116 kB
Writeback:             0 kB
AnonPages:        937400 kB
Mapped:           459676 kB
Shmem:               328 kB
Slab:             107580 kB
SReclaimable:      31896 kB
SUnreclaim:        75684 kB
KernelStack:       32544 kB
PageTables:        60084 kB
NFS_Unstable:          0 kB
Bounce:                0 kB
WritebackTmp:          0 kB
CommitLimit:     2684136 kB
Committed_AS:   147778312 kB
VmallocTotal:   251658176 kB
VmallocUsed:      308748 kB
VmallocChunk:   247561408 kB
Time pass: 45 sec

---2015-12-05 01:40:17
MemTotal:        2746844 kB
MemFree:           69504 kB
Buffers:            8308 kB
Cached:           738144 kB
SwapCached:         1016 kB
Active:           815776 kB
Inactive:         822788 kB
Active(anon):     451900 kB
Inactive(anon):   459632 kB
Active(file):     363876 kB
Inactive(file):   363156 kB
Unevictable:       35692 kB
Mlocked:           27720 kB
SwapTotal:       1310716 kB
SwapFree:        1252992 kB
Dirty:              1076 kB
Writeback:             0 kB
AnonPages:        926908 kB
Mapped:           460596 kB
Shmem:               328 kB
Slab:             107772 kB
SReclaimable:      31896 kB
SUnreclaim:        75876 kB
KernelStack:       32688 kB
PageTables:        60188 kB
NFS_Unstable:          0 kB
Bounce:                0 kB
WritebackTmp:          0 kB
CommitLimit:     2684136 kB
Committed_AS:   147786772 kB
VmallocTotal:   251658176 kB
VmallocUsed:      311284 kB
VmallocChunk:   247561408 kB
Time pass: 49 sec

---2015-12-05 01:40:17
MemTotal:        2746844 kB
MemFree:           69656 kB
Buffers:            8316 kB
Cached:           738440 kB
SwapCached:         1016 kB
Active:           815980 kB
Inactive:         823248 kB
Active(anon):     452096 kB
Inactive(anon):   459620 kB
Active(file):     363884 kB
Inactive(file):   363628 kB
Unevictable:       35692 kB
Mlocked:           27720 kB
SwapTotal:       1310716 kB
SwapFree:        1252992 kB
Dirty:                72 kB
Writeback:             0 kB
AnonPages:        927368 kB
Mapped:           461084 kB
Shmem:               328 kB
Slab:             107780 kB
SReclaimable:      31896 kB
SUnreclaim:        75884 kB
KernelStack:       32688 kB
PageTables:        60112 kB
NFS_Unstable:          0 kB
Bounce:                0 kB
WritebackTmp:          0 kB
CommitLimit:     2684136 kB
Committed_AS:   147786820 kB
VmallocTotal:   251658176 kB
VmallocUsed:      311284 kB
VmallocChunk:   247561408 kB
Time pass: 52 sec

---2015-12-05 01:40:17
MemTotal:        2746844 kB
MemFree:           67328 kB
Buffers:            8316 kB
Cached:           738680 kB
SwapCached:         1016 kB
Active:           817652 kB
Inactive:         823384 kB
Active(anon):     453764 kB
Inactive(anon):   459620 kB
Active(file):     363888 kB
Inactive(file):   363764 kB
Unevictable:       35692 kB
Mlocked:           27720 kB
SwapTotal:       1310716 kB
SwapFree:        1252992 kB
Dirty:                80 kB
Writeback:             0 kB
AnonPages:        928764 kB
Mapped:           461272 kB
Shmem:               328 kB
Slab:             107780 kB
SReclaimable:      31896 kB
SUnreclaim:        75884 kB
KernelStack:       32688 kB
PageTables:        60144 kB
NFS_Unstable:          0 kB
Bounce:                0 kB
WritebackTmp:          0 kB
CommitLimit:     2684136 kB
Committed_AS:   147786892 kB
VmallocTotal:   251658176 kB
VmallocUsed:      311284 kB
VmallocChunk:   247561408 kB
Time pass: 56 sec

---2015-12-05 01:40:17
MemTotal:        2746844 kB
MemFree:           68612 kB
Buffers:            8116 kB
Cached:           729820 kB
SwapCached:         1032 kB
Active:           811820 kB
Inactive:         818000 kB
Active(anon):     451976 kB
Inactive(anon):   459244 kB
Active(file):     359844 kB
Inactive(file):   358756 kB
Unevictable:       35692 kB
Mlocked:           27720 kB
SwapTotal:       1310716 kB
SwapFree:        1248800 kB
Dirty:               228 kB
Writeback:             0 kB
AnonPages:        926552 kB
Mapped:           460808 kB
Shmem:               328 kB
Slab:             107944 kB
SReclaimable:      31896 kB
SUnreclaim:        76048 kB
KernelStack:       32688 kB
PageTables:        60116 kB
NFS_Unstable:          0 kB
Bounce:                0 kB
WritebackTmp:          0 kB
CommitLimit:     2684136 kB
Committed_AS:   147786948 kB
VmallocTotal:   251658176 kB
VmallocUsed:      311308 kB
VmallocChunk:   247561408 kB
Time pass: 59 sec

---2015-12-05 01:40:17
MemTotal:        2746844 kB
MemFree:           69484 kB
Buffers:            8116 kB
Cached:           729680 kB
SwapCached:         1032 kB
Active:           812352 kB
Inactive:         817400 kB
Active(anon):     452428 kB
Inactive(anon):   458852 kB
Active(file):     359924 kB
Inactive(file):   358548 kB
Unevictable:       35692 kB
Mlocked:           27720 kB
SwapTotal:       1310716 kB
SwapFree:        1248800 kB
Dirty:                 0 kB
Writeback:             0 kB
AnonPages:        926980 kB
Mapped:           460812 kB
Shmem:               328 kB
Slab:             107820 kB
SReclaimable:      31896 kB
SUnreclaim:        75924 kB
KernelStack:       32688 kB
PageTables:        60116 kB
NFS_Unstable:          0 kB
Bounce:                0 kB
WritebackTmp:          0 kB
CommitLimit:     2684136 kB
Committed_AS:   147786956 kB
VmallocTotal:   251658176 kB
VmallocUsed:      311308 kB
VmallocChunk:   247561408 kB
Time pass: 63 sec

---2015-12-05 01:40:17
MemTotal:        2746844 kB
MemFree:           71792 kB
Buffers:            7328 kB
Cached:           694904 kB
SwapCached:         1040 kB
Active:           789568 kB
Inactive:         791024 kB
Active(anon):     447992 kB
Inactive(anon):   449780 kB
Active(file):     341576 kB
Inactive(file):   341244 kB
Unevictable:       35692 kB
Mlocked:           27720 kB
SwapTotal:       1310716 kB
SwapFree:        1230192 kB
Dirty:               524 kB
Writeback:             0 kB
AnonPages:        912836 kB
Mapped:           458088 kB
Shmem:               328 kB
Slab:             108184 kB
SReclaimable:      31964 kB
SUnreclaim:        76220 kB
KernelStack:       32704 kB
PageTables:        60160 kB
NFS_Unstable:          0 kB
Bounce:                0 kB
WritebackTmp:          0 kB
CommitLimit:     2684136 kB
Committed_AS:   147795604 kB
VmallocTotal:   251658176 kB
VmallocUsed:      315696 kB
VmallocChunk:   247561408 kB
Time pass: 66 sec

---2015-12-05 01:40:17
MemTotal:        2746844 kB
MemFree:           66784 kB
Buffers:            7276 kB
Cached:           693304 kB
SwapCached:         1048 kB
Active:           792632 kB
Inactive:         792932 kB
Active(anon):     451984 kB
Inactive(anon):   452372 kB
Active(file):     340648 kB
Inactive(file):   340560 kB
Unevictable:       35692 kB
Mlocked:           27720 kB
SwapTotal:       1310716 kB
SwapFree:        1229340 kB
Dirty:               324 kB
Writeback:             0 kB
AnonPages:        919916 kB
Mapped:           461644 kB
Shmem:               328 kB
Slab:             108536 kB
SReclaimable:      32028 kB
SUnreclaim:        76508 kB
KernelStack:       32848 kB
PageTables:        60136 kB
NFS_Unstable:          0 kB
Bounce:                0 kB
WritebackTmp:          0 kB
CommitLimit:     2684136 kB
Committed_AS:   147799964 kB
VmallocTotal:   251658176 kB
VmallocUsed:      315696 kB
VmallocChunk:   247561408 kB
Time pass: 70 sec

---2015-12-05 01:40:17
MemTotal:        2746844 kB
MemFree:           64032 kB
Buffers:            7336 kB
Cached:           684668 kB
SwapCached:         1168 kB
Active:           793496 kB
Inactive:         792104 kB
Active(anon):     456244 kB
Inactive(anon):   456616 kB
Active(file):     337252 kB
Inactive(file):   335488 kB
Unevictable:       35692 kB
Mlocked:           27720 kB
SwapTotal:       1310716 kB
SwapFree:        1224140 kB
Dirty:               360 kB
Writeback:             0 kB
AnonPages:        927528 kB
Mapped:           462428 kB
Shmem:               492 kB
Slab:             108712 kB
SReclaimable:      32012 kB
SUnreclaim:        76700 kB
KernelStack:       33184 kB
PageTables:        60288 kB
NFS_Unstable:          0 kB
Bounce:                0 kB
WritebackTmp:          0 kB
CommitLimit:     2684136 kB
Committed_AS:   147820048 kB
VmallocTotal:   251658176 kB
VmallocUsed:      317812 kB
VmallocChunk:   247561408 kB
Time pass: 73 sec

---2015-12-05 01:40:17
MemTotal:        2746844 kB
MemFree:           65168 kB
Buffers:            7348 kB
Cached:           681316 kB
SwapCached:         1172 kB
Active:           791308 kB
Inactive:         790324 kB
Active(anon):     455920 kB
Inactive(anon):   456576 kB
Active(file):     335388 kB
Inactive(file):   333748 kB
Unevictable:       35692 kB
Mlocked:           27720 kB
SwapTotal:       1310716 kB
SwapFree:        1221744 kB
Dirty:                64 kB
Writeback:             0 kB
AnonPages:        927676 kB
Mapped:           462480 kB
Shmem:               540 kB
Slab:             108812 kB
SReclaimable:      32012 kB
SUnreclaim:        76800 kB
KernelStack:       33168 kB
PageTables:        60420 kB
NFS_Unstable:          0 kB
Bounce:                0 kB
WritebackTmp:          0 kB
CommitLimit:     2684136 kB
Committed_AS:   147820060 kB
VmallocTotal:   251658176 kB
VmallocUsed:      317968 kB
VmallocChunk:   247561408 kB
Time pass: 77 sec

---2015-12-05 01:40:17
MemTotal:        2746844 kB
MemFree:           64196 kB
Buffers:            7356 kB
Cached:           681476 kB
SwapCached:         1172 kB
Active:           792808 kB
Inactive:         790472 kB
Active(anon):     457420 kB
Inactive(anon):   456716 kB
Active(file):     335388 kB
Inactive(file):   333756 kB
Unevictable:       35692 kB
Mlocked:           27720 kB
SwapTotal:       1310716 kB
SwapFree:        1221744 kB
Dirty:                32 kB
Writeback:             0 kB
AnonPages:        928956 kB
Mapped:           462724 kB
Shmem:               700 kB
Slab:             108864 kB
SReclaimable:      32012 kB
SUnreclaim:        76852 kB
KernelStack:       33152 kB
PageTables:        60452 kB
NFS_Unstable:          0 kB
Bounce:                0 kB
WritebackTmp:          0 kB
CommitLimit:     2684136 kB
Committed_AS:   147824184 kB
VmallocTotal:   251658176 kB
VmallocUsed:      317968 kB
VmallocChunk:   247561408 kB
Time pass: 81 sec

---2015-12-05 01:40:17
MemTotal:        2746844 kB
MemFree:           65340 kB
Buffers:            7364 kB
Cached:           680444 kB
SwapCached:         1172 kB
Active:           791624 kB
Inactive:         789184 kB
Active(anon):     455988 kB
Inactive(anon):   456832 kB
Active(file):     335636 kB
Inactive(file):   332352 kB
Unevictable:       35692 kB
Mlocked:           27720 kB
SwapTotal:       1310716 kB
SwapFree:        1218824 kB
Dirty:                52 kB
Writeback:             0 kB
AnonPages:        927652 kB
Mapped:           462640 kB
Shmem:               700 kB
Slab:             108964 kB
SReclaimable:      32012 kB
SUnreclaim:        76952 kB
KernelStack:       33072 kB
PageTables:        60416 kB
NFS_Unstable:          0 kB
Bounce:                0 kB
WritebackTmp:          0 kB
CommitLimit:     2684136 kB
Committed_AS:   147828052 kB
VmallocTotal:   251658176 kB
VmallocUsed:      317968 kB
VmallocChunk:   247561408 kB
Time pass: 84 sec

---2015-12-05 01:40:17
MemTotal:        2746844 kB
MemFree:           70204 kB
Buffers:            7364 kB
Cached:           684240 kB
SwapCached:         1372 kB
Active:           787240 kB
Inactive:         790800 kB
Active(anon):     451300 kB
Inactive(anon):   454900 kB
Active(file):     335940 kB
Inactive(file):   335900 kB
Unevictable:       35692 kB
Mlocked:           27720 kB
SwapTotal:       1310716 kB
SwapFree:        1206336 kB
Dirty:               144 kB
Writeback:             0 kB
AnonPages:        920624 kB
Mapped:           459140 kB
Shmem:               756 kB
Slab:             108996 kB
SReclaimable:      32012 kB
SUnreclaim:        76984 kB
KernelStack:       33280 kB
PageTables:        60140 kB
NFS_Unstable:          0 kB
Bounce:                0 kB
WritebackTmp:          0 kB
CommitLimit:     2684136 kB
Committed_AS:   147280416 kB
VmallocTotal:   251658176 kB
VmallocUsed:      318988 kB
VmallocChunk:   247561408 kB
Time pass: 88 sec

---2015-12-05 01:40:17
MemTotal:        2746844 kB
MemFree:           68364 kB
Buffers:            7440 kB
Cached:           685092 kB
SwapCached:         1376 kB
Active:           789004 kB
Inactive:         791444 kB
Active(anon):     453388 kB
Inactive(anon):   454320 kB
Active(file):     335616 kB
Inactive(file):   337124 kB
Unevictable:       35692 kB
Mlocked:           27720 kB
SwapTotal:       1310716 kB
SwapFree:        1206336 kB
Dirty:               184 kB
Writeback:             0 kB
AnonPages:        922676 kB
Mapped:           460380 kB
Shmem:               748 kB
Slab:             109112 kB
SReclaimable:      32044 kB
SUnreclaim:        77068 kB
KernelStack:       33216 kB
PageTables:        60292 kB
NFS_Unstable:          0 kB
Bounce:                0 kB
WritebackTmp:          0 kB
CommitLimit:     2684136 kB
Committed_AS:   147280156 kB
VmallocTotal:   251658176 kB
VmallocUsed:      317968 kB
VmallocChunk:   247561408 kB
Time pass: 91 sec

---2015-12-05 01:40:17
MemTotal:        2746844 kB
MemFree:           70464 kB
Buffers:            7440 kB
Cached:           685352 kB
SwapCached:         1392 kB
Active:           787752 kB
Inactive:         791776 kB
Active(anon):     452136 kB
Inactive(anon):   454336 kB
Active(file):     335616 kB
Inactive(file):   337440 kB
Unevictable:       35692 kB
Mlocked:           27720 kB
SwapTotal:       1310716 kB
SwapFree:        1206336 kB
Dirty:                 0 kB
Writeback:             0 kB
AnonPages:        921364 kB
Mapped:           460400 kB
Shmem:               748 kB
Slab:             109116 kB
SReclaimable:      32044 kB
SUnreclaim:        77072 kB
KernelStack:       33216 kB
PageTables:        60312 kB
NFS_Unstable:          0 kB
Bounce:                0 kB
WritebackTmp:          0 kB
CommitLimit:     2684136 kB
Committed_AS:   147279876 kB
VmallocTotal:   251658176 kB
VmallocUsed:      317968 kB
VmallocChunk:   247561408 kB
Time pass: 95 sec

---2015-12-05 01:40:17
MemTotal:        2746844 kB
MemFree:           65280 kB
Buffers:            7464 kB
Cached:           685732 kB
SwapCached:         1392 kB
Active:           789580 kB
Inactive:         792732 kB
Active(anon):     453964 kB
Inactive(anon):   454848 kB
Active(file):     335616 kB
Inactive(file):   337884 kB
Unevictable:       35692 kB
Mlocked:           27720 kB
SwapTotal:       1310716 kB
SwapFree:        1206208 kB
Dirty:                60 kB
Writeback:             0 kB
AnonPages:        923344 kB
Mapped:           460372 kB
Shmem:               756 kB
Slab:             109112 kB
SReclaimable:      32044 kB
SUnreclaim:        77068 kB
KernelStack:       33232 kB
PageTables:        60308 kB
NFS_Unstable:          0 kB
Bounce:                0 kB
WritebackTmp:          0 kB
CommitLimit:     2684136 kB
Committed_AS:   147288164 kB
VmallocTotal:   251658176 kB
VmallocUsed:      317968 kB
VmallocChunk:   247561408 kB
Time pass: 98 sec

---2015-12-05 01:40:17
MemTotal:        2746844 kB
MemFree:          381444 kB
Buffers:            7312 kB
Cached:           687588 kB
SwapCached:         1604 kB
Active:           717312 kB
Inactive:         769116 kB
Active(anon):     360608 kB
Inactive(anon):   450244 kB
Active(file):     356704 kB
Inactive(file):   318872 kB
Unevictable:       35692 kB
Mlocked:           27720 kB
SwapTotal:       1310716 kB
SwapFree:        1201500 kB
Dirty:               264 kB
Writeback:             0 kB
AnonPages:        825936 kB
Mapped:           409136 kB
Shmem:               328 kB
Slab:             109212 kB
SReclaimable:      32044 kB
SUnreclaim:        77168 kB
KernelStack:       32672 kB
PageTables:        58224 kB
NFS_Unstable:          0 kB
Bounce:                0 kB
WritebackTmp:          0 kB
CommitLimit:     2684136 kB
Committed_AS:   144649456 kB
VmallocTotal:   251658176 kB
VmallocUsed:      317368 kB
VmallocChunk:   247561408 kB
Time pass: 102 sec

---2015-12-05 01:40:17
MemTotal:        2746844 kB
MemFree:          378052 kB
Buffers:            7364 kB
Cached:           689820 kB
SwapCached:         1652 kB
Active:           720584 kB
Inactive:         770772 kB
Active(anon):     363464 kB
Inactive(anon):   449916 kB
Active(file):     357120 kB
Inactive(file):   320856 kB
Unevictable:       35692 kB
Mlocked:           27720 kB
SwapTotal:       1310716 kB
SwapFree:        1201500 kB
Dirty:               816 kB
Writeback:             0 kB
AnonPages:        828612 kB
Mapped:           409912 kB
Shmem:               192 kB
Slab:             108884 kB
SReclaimable:      32044 kB
SUnreclaim:        76840 kB
KernelStack:       31200 kB
PageTables:        58260 kB
NFS_Unstable:          0 kB
Bounce:                0 kB
WritebackTmp:          0 kB
CommitLimit:     2684136 kB
Committed_AS:   144650300 kB
VmallocTotal:   251658176 kB
VmallocUsed:      317368 kB
VmallocChunk:   247561408 kB
Time pass: 105 sec

---2015-12-05 01:40:17
MemTotal:        2746844 kB
MemFree:          405632 kB
Buffers:            7364 kB
Cached:           689820 kB
SwapCached:         1664 kB
Active:           693596 kB
Inactive:         769184 kB
Active(anon):     336472 kB
Inactive(anon):   448304 kB
Active(file):     357124 kB
Inactive(file):   320880 kB
Unevictable:       35692 kB
Mlocked:           27720 kB
SwapTotal:       1310716 kB
SwapFree:        1201500 kB
Dirty:                64 kB
Writeback:             0 kB
AnonPages:        799980 kB
Mapped:           409912 kB
Shmem:               192 kB
Slab:             108876 kB
SReclaimable:      32044 kB
SUnreclaim:        76832 kB
KernelStack:       31200 kB
PageTables:        58328 kB
NFS_Unstable:          0 kB
Bounce:                0 kB
WritebackTmp:          0 kB
CommitLimit:     2684136 kB
Committed_AS:   144651064 kB
VmallocTotal:   251658176 kB
VmallocUsed:      317368 kB
VmallocChunk:   247561408 kB
Time pass: 109 sec

---2015-12-05 01:40:17
MemTotal:        2746844 kB
MemFree:          248824 kB
Buffers:            7588 kB
Cached:           697536 kB
SwapCached:         1904 kB
Active:           744272 kB
Inactive:         770516 kB
Active(anon):     380840 kB
Inactive(anon):   448112 kB
Active(file):     363432 kB
Inactive(file):   322404 kB
Unevictable:       35692 kB
Mlocked:           27720 kB
SwapTotal:       1310716 kB
SwapFree:        1201504 kB
Dirty:               736 kB
Writeback:             0 kB
AnonPages:        843984 kB
Mapped:           441140 kB
Shmem:               324 kB
Slab:             108892 kB
SReclaimable:      32044 kB
SUnreclaim:        76848 kB
KernelStack:       32592 kB
PageTables:        59384 kB
NFS_Unstable:          0 kB
Bounce:                0 kB
WritebackTmp:          0 kB
CommitLimit:     2684136 kB
Committed_AS:   145993488 kB
VmallocTotal:   251658176 kB
VmallocUsed:      323400 kB
VmallocChunk:   247561408 kB
Time pass: 112 sec

---2015-12-05 01:40:17
MemTotal:        2746844 kB
MemFree:          178724 kB
Buffers:            7596 kB
Cached:           699064 kB
SwapCached:         1932 kB
Active:           757128 kB
Inactive:         752588 kB
Active(anon):     392132 kB
Inactive(anon):   430240 kB
Active(file):     364996 kB
Inactive(file):   322348 kB
Unevictable:       35692 kB
Mlocked:           27720 kB
SwapTotal:       1310716 kB
SwapFree:        1201504 kB
Dirty:              2312 kB
Writeback:             0 kB
AnonPages:        837640 kB
Mapped:           443948 kB
Shmem:               328 kB
Slab:             108948 kB
SReclaimable:      32060 kB
SUnreclaim:        76888 kB
KernelStack:       32832 kB
PageTables:        59572 kB
NFS_Unstable:          0 kB
Bounce:                0 kB
WritebackTmp:          0 kB
CommitLimit:     2684136 kB
Committed_AS:   145960804 kB
VmallocTotal:   251658176 kB
VmallocUsed:      325568 kB
VmallocChunk:   247561408 kB
Time pass: 116 sec

---2015-12-05 01:40:17
MemTotal:        2746844 kB
MemFree:          175644 kB
Buffers:            7604 kB
Cached:           699152 kB
SwapCached:         1932 kB
Active:           749568 kB
Inactive:         752168 kB
Active(anon):     384272 kB
Inactive(anon):   430032 kB
Active(file):     365296 kB
Inactive(file):   322136 kB
Unevictable:       35692 kB
Mlocked:           27720 kB
SwapTotal:       1310716 kB
SwapFree:        1201504 kB
Dirty:              1124 kB
Writeback:             0 kB
AnonPages:        829024 kB
Mapped:           444012 kB
Shmem:               328 kB
Slab:             108968 kB
SReclaimable:      32060 kB
SUnreclaim:        76908 kB
KernelStack:       32848 kB
PageTables:        59456 kB
NFS_Unstable:          0 kB
Bounce:                0 kB
WritebackTmp:          0 kB
CommitLimit:     2684136 kB
Committed_AS:   145960956 kB
VmallocTotal:   251658176 kB
VmallocUsed:      325584 kB
VmallocChunk:   247561408 kB
Time pass: 119 sec

---2015-12-05 01:40:17
MemTotal:        2746844 kB
MemFree:          165140 kB
Buffers:            7604 kB
Cached:           699460 kB
SwapCached:         1932 kB
Active:           750908 kB
Inactive:         752072 kB
Active(anon):     385204 kB
Inactive(anon):   430028 kB
Active(file):     365704 kB
Inactive(file):   322044 kB
Unevictable:       35692 kB
Mlocked:           27720 kB
SwapTotal:       1310716 kB
SwapFree:        1201504 kB
Dirty:               324 kB
Writeback:             0 kB
AnonPages:        829616 kB
Mapped:           444240 kB
Shmem:               328 kB
Slab:             109008 kB
SReclaimable:      32064 kB
SUnreclaim:        76944 kB
KernelStack:       32848 kB
PageTables:        59444 kB
NFS_Unstable:          0 kB
Bounce:                0 kB
WritebackTmp:          0 kB
CommitLimit:     2684136 kB
Committed_AS:   145961136 kB
VmallocTotal:   251658176 kB
VmallocUsed:      325608 kB
VmallocChunk:   247561408 kB
Time pass: 122 sec

---2015-12-05 01:40:17
MemTotal:        2746844 kB
MemFree:          163600 kB
Buffers:            7604 kB
Cached:           699832 kB
SwapCached:         1932 kB
Active:           750756 kB
Inactive:         752336 kB
Active(anon):     384988 kB
Inactive(anon):   430020 kB
Active(file):     365768 kB
Inactive(file):   322316 kB
Unevictable:       35692 kB
Mlocked:           27720 kB
SwapTotal:       1310716 kB
SwapFree:        1201504 kB
Dirty:               324 kB
Writeback:             0 kB
AnonPages:        829776 kB
Mapped:           444268 kB
Shmem:               328 kB
Slab:             109044 kB
SReclaimable:      32064 kB
SUnreclaim:        76980 kB
KernelStack:       32832 kB
PageTables:        59444 kB
NFS_Unstable:          0 kB
Bounce:                0 kB
WritebackTmp:          0 kB
CommitLimit:     2684136 kB
Committed_AS:   145961152 kB
VmallocTotal:   251658176 kB
VmallocUsed:      325608 kB
VmallocChunk:   247561408 kB
Time pass: 126 sec

---2015-12-05 01:40:17
MemTotal:        2746844 kB
MemFree:          126692 kB
Buffers:            7612 kB
Cached:           699868 kB
SwapCached:         1932 kB
Active:           759224 kB
Inactive:         752240 kB
Active(anon):     393352 kB
Inactive(anon):   429948 kB
Active(file):     365872 kB
Inactive(file):   322292 kB
Unevictable:       35692 kB
Mlocked:           27720 kB
SwapTotal:       1310716 kB
SwapFree:        1201504 kB
Dirty:               584 kB
Writeback:             0 kB
AnonPages:        838124 kB
Mapped:           444612 kB
Shmem:               328 kB
Slab:             109012 kB
SReclaimable:      32064 kB
SUnreclaim:        76948 kB
KernelStack:       32832 kB
PageTables:        59444 kB
NFS_Unstable:          0 kB
Bounce:                0 kB
WritebackTmp:          0 kB
CommitLimit:     2684136 kB
Committed_AS:   145961512 kB
VmallocTotal:   251658176 kB
VmallocUsed:      325812 kB
VmallocChunk:   247561408 kB
Time pass: 130 sec

---2015-12-05 01:40:17
MemTotal:        2746844 kB
MemFree:          130108 kB
Buffers:            7620 kB
Cached:           699868 kB
SwapCached:         1932 kB
Active:           756692 kB
Inactive:         752192 kB
Active(anon):     390820 kB
Inactive(anon):   429900 kB
Active(file):     365872 kB
Inactive(file):   322292 kB
Unevictable:       35692 kB
Mlocked:           27720 kB
SwapTotal:       1310716 kB
SwapFree:        1201504 kB
Dirty:                40 kB
Writeback:             0 kB
AnonPages:        835260 kB
Mapped:           444612 kB
Shmem:               328 kB
Slab:             109068 kB
SReclaimable:      32064 kB
SUnreclaim:        77004 kB
KernelStack:       32832 kB
PageTables:        59424 kB
NFS_Unstable:          0 kB
Bounce:                0 kB
WritebackTmp:          0 kB
CommitLimit:     2684136 kB
Committed_AS:   145961488 kB
VmallocTotal:   251658176 kB
VmallocUsed:      325812 kB
VmallocChunk:   247561408 kB
Time pass: 133 sec

---2015-12-05 01:40:17
MemTotal:        2746844 kB
MemFree:          130540 kB
Buffers:            7620 kB
Cached:           699868 kB
SwapCached:         1932 kB
Active:           756536 kB
Inactive:         752180 kB
Active(anon):     390664 kB
Inactive(anon):   429880 kB
Active(file):     365872 kB
Inactive(file):   322300 kB
Unevictable:       35692 kB
Mlocked:           27720 kB
SwapTotal:       1310716 kB
SwapFree:        1201504 kB
Dirty:                40 kB
Writeback:             0 kB
AnonPages:        834952 kB
Mapped:           444696 kB
Shmem:               328 kB
Slab:             109012 kB
SReclaimable:      32064 kB
SUnreclaim:        76948 kB
KernelStack:       32800 kB
PageTables:        59452 kB
NFS_Unstable:          0 kB
Bounce:                0 kB
WritebackTmp:          0 kB
CommitLimit:     2684136 kB
Committed_AS:   145961472 kB
VmallocTotal:   251658176 kB
VmallocUsed:      325812 kB
VmallocChunk:   247561408 kB
Time pass: 137 sec

---2015-12-05 01:40:17
MemTotal:        2746844 kB
MemFree:          115712 kB
Buffers:            7644 kB
Cached:           700116 kB
SwapCached:         2468 kB
Active:           770380 kB
Inactive:         752828 kB
Active(anon):     404432 kB
Inactive(anon):   430520 kB
Active(file):     365948 kB
Inactive(file):   322308 kB
Unevictable:       35692 kB
Mlocked:           27720 kB
SwapTotal:       1310716 kB
SwapFree:        1201568 kB
Dirty:                68 kB
Writeback:             0 kB
AnonPages:        850060 kB
Mapped:           447700 kB
Shmem:               516 kB
Slab:             109104 kB
SReclaimable:      32064 kB
SUnreclaim:        77040 kB
KernelStack:       33296 kB
PageTables:        59592 kB
NFS_Unstable:          0 kB
Bounce:                0 kB
WritebackTmp:          0 kB
CommitLimit:     2684136 kB
Committed_AS:   145985780 kB
VmallocTotal:   251658176 kB
VmallocUsed:      328000 kB
VmallocChunk:   247561408 kB
Time pass: 140 sec

---2015-12-05 01:40:17
MemTotal:        2746844 kB
MemFree:           84108 kB
Buffers:            7808 kB
Cached:           712484 kB
SwapCached:         2472 kB
Active:           789660 kB
Inactive:         764688 kB
Active(anon):     423336 kB
Inactive(anon):   430544 kB
Active(file):     366324 kB
Inactive(file):   334144 kB
Unevictable:       35692 kB
Mlocked:           27720 kB
SwapTotal:       1310716 kB
SwapFree:        1201568 kB
Dirty:                92 kB
Writeback:             0 kB
AnonPages:        868272 kB
Mapped:           454312 kB
Shmem:               544 kB
Slab:             109144 kB
SReclaimable:      32064 kB
SUnreclaim:        77080 kB
KernelStack:       33776 kB
PageTables:        60140 kB
NFS_Unstable:          0 kB
Bounce:                0 kB
WritebackTmp:          0 kB
CommitLimit:     2684136 kB
Committed_AS:   147255716 kB
VmallocTotal:   251658176 kB
VmallocUsed:      333116 kB
VmallocChunk:   247561408 kB
Time pass: 144 sec

---2015-12-05 01:40:17
MemTotal:        2746844 kB
MemFree:           89452 kB
Buffers:            7808 kB
Cached:           712540 kB
SwapCached:         2472 kB
Active:           789060 kB
Inactive:         760924 kB
Active(anon):     418588 kB
Inactive(anon):   430728 kB
Active(file):     370472 kB
Inactive(file):   330196 kB
Unevictable:       35692 kB
Mlocked:           27720 kB
SwapTotal:       1310716 kB
SwapFree:        1201568 kB
Dirty:               132 kB
Writeback:             0 kB
AnonPages:        863580 kB
Mapped:           448824 kB
Shmem:               692 kB
Slab:             109240 kB
SReclaimable:      32064 kB
SUnreclaim:        77176 kB
KernelStack:       33296 kB
PageTables:        59620 kB
NFS_Unstable:          0 kB
Bounce:                0 kB
WritebackTmp:          0 kB
CommitLimit:     2684136 kB
Committed_AS:   145994260 kB
VmallocTotal:   251658176 kB
VmallocUsed:      332096 kB
VmallocChunk:   247561408 kB
Time pass: 148 sec

---2015-12-05 01:40:17
MemTotal:        2746844 kB
MemFree:           90240 kB
Buffers:            7832 kB
Cached:           712608 kB
SwapCached:         2472 kB
Active:           790516 kB
Inactive:         761012 kB
Active(anon):     420044 kB
Inactive(anon):   430792 kB
Active(file):     370472 kB
Inactive(file):   330220 kB
Unevictable:       35692 kB
Mlocked:           27720 kB
SwapTotal:       1310716 kB
SwapFree:        1201568 kB
Dirty:                68 kB
Writeback:             0 kB
AnonPages:        865168 kB
Mapped:           448892 kB
Shmem:               760 kB
Slab:             109176 kB
SReclaimable:      32064 kB
SUnreclaim:        77112 kB
KernelStack:       33264 kB
PageTables:        59652 kB
NFS_Unstable:          0 kB
Bounce:                0 kB
WritebackTmp:          0 kB
CommitLimit:     2684136 kB
Committed_AS:   145998452 kB
VmallocTotal:   251658176 kB
VmallocUsed:      332096 kB
VmallocChunk:   247561408 kB
Time pass: 151 sec

---2015-12-05 01:40:17
MemTotal:        2746844 kB
MemFree:           90808 kB
Buffers:            7832 kB
Cached:           712744 kB
SwapCached:         2472 kB
Active:           790556 kB
Inactive:         761112 kB
Active(anon):     420064 kB
Inactive(anon):   430820 kB
Active(file):     370492 kB
Inactive(file):   330292 kB
Unevictable:       35692 kB
Mlocked:           27720 kB
SwapTotal:       1310716 kB
SwapFree:        1201568 kB
Dirty:                68 kB
Writeback:             0 kB
AnonPages:        865324 kB
Mapped:           448856 kB
Shmem:               804 kB
Slab:             109224 kB
SReclaimable:      32064 kB
SUnreclaim:        77160 kB
KernelStack:       33264 kB
PageTables:        59624 kB
NFS_Unstable:          0 kB
Bounce:                0 kB
WritebackTmp:          0 kB
CommitLimit:     2684136 kB
Committed_AS:   145998460 kB
VmallocTotal:   251658176 kB
VmallocUsed:      332096 kB
VmallocChunk:   247561408 kB
Time pass: 155 sec

---2015-12-05 01:40:17
MemTotal:        2746844 kB
MemFree:           90124 kB
Buffers:            7848 kB
Cached:           712768 kB
SwapCached:         2472 kB
Active:           790372 kB
Inactive:         761144 kB
Active(anon):     419880 kB
Inactive(anon):   430844 kB
Active(file):     370492 kB
Inactive(file):   330300 kB
Unevictable:       35692 kB
Mlocked:           27720 kB
SwapTotal:       1310716 kB
SwapFree:        1201568 kB
Dirty:                52 kB
Writeback:             0 kB
AnonPages:        864920 kB
Mapped:           448972 kB
Shmem:               836 kB
Slab:             109224 kB
SReclaimable:      32064 kB
SUnreclaim:        77160 kB
KernelStack:       33264 kB
PageTables:        59652 kB
NFS_Unstable:          0 kB
Bounce:                0 kB
WritebackTmp:          0 kB
CommitLimit:     2684136 kB
Committed_AS:   146002484 kB
VmallocTotal:   251658176 kB
VmallocUsed:      332096 kB
VmallocChunk:   247561408 kB
Time pass: 158 sec

---2015-12-05 01:40:17
MemTotal:        2746844 kB
MemFree:           93996 kB
Buffers:            7856 kB
Cached:           712776 kB
SwapCached:         2472 kB
Active:           791724 kB
Inactive:         760544 kB
Active(anon):     421232 kB
Inactive(anon):   430228 kB
Active(file):     370492 kB
Inactive(file):   330316 kB
Unevictable:       35692 kB
Mlocked:           27720 kB
SwapTotal:       1310716 kB
SwapFree:        1201568 kB
Dirty:                 0 kB
Writeback:             0 kB
AnonPages:        865392 kB
Mapped:           448992 kB
Shmem:               836 kB
Slab:             109236 kB
SReclaimable:      32064 kB
SUnreclaim:        77172 kB
KernelStack:       33264 kB
PageTables:        59688 kB
NFS_Unstable:          0 kB
Bounce:                0 kB
WritebackTmp:          0 kB
CommitLimit:     2684136 kB
Committed_AS:   146002492 kB
VmallocTotal:   251658176 kB
VmallocUsed:      332096 kB
VmallocChunk:   247561408 kB
Time pass: 162 sec

---2015-12-05 01:40:17
MemTotal:        2746844 kB
MemFree:           90240 kB
Buffers:            7896 kB
Cached:           712776 kB
SwapCached:         2472 kB
Active:           800728 kB
Inactive:         754452 kB
Active(anon):     424160 kB
Inactive(anon):   430172 kB
Active(file):     376568 kB
Inactive(file):   324280 kB
Unevictable:       35692 kB
Mlocked:           27720 kB
SwapTotal:       1310716 kB
SwapFree:        1201568 kB
Dirty:               200 kB
Writeback:             0 kB
AnonPages:        868368 kB
Mapped:           448772 kB
Shmem:               836 kB
Slab:             109220 kB
SReclaimable:      32064 kB
SUnreclaim:        77156 kB
KernelStack:       33296 kB
PageTables:        59664 kB
NFS_Unstable:          0 kB
Bounce:                0 kB
WritebackTmp:          0 kB
CommitLimit:     2684136 kB
Committed_AS:   146002452 kB
VmallocTotal:   251658176 kB
VmallocUsed:      332096 kB
VmallocChunk:   247561408 kB
Time pass: 166 sec

---2015-12-05 01:40:17
MemTotal:        2746844 kB
MemFree:           90008 kB
Buffers:            7904 kB
Cached:           712768 kB
SwapCached:         2472 kB
Active:           801556 kB
Inactive:         754440 kB
Active(anon):     424984 kB
Inactive(anon):   430164 kB
Active(file):     376572 kB
Inactive(file):   324276 kB
Unevictable:       35692 kB
Mlocked:           27720 kB
SwapTotal:       1310716 kB
SwapFree:        1201568 kB
Dirty:                56 kB
Writeback:             0 kB
AnonPages:        869396 kB
Mapped:           448996 kB
Shmem:               836 kB
Slab:             109248 kB
SReclaimable:      32064 kB
SUnreclaim:        77184 kB
KernelStack:       33280 kB
PageTables:        59664 kB
NFS_Unstable:          0 kB
Bounce:                0 kB
WritebackTmp:          0 kB
CommitLimit:     2684136 kB
Committed_AS:   146002444 kB
VmallocTotal:   251658176 kB
VmallocUsed:      332096 kB
VmallocChunk:   247561408 kB
Time pass: 170 sec

---2015-12-05 01:40:17
MemTotal:        2746844 kB
MemFree:           95080 kB
Buffers:            7920 kB
Cached:           712900 kB
SwapCached:         2472 kB
Active:           802148 kB
Inactive:         754588 kB
Active(anon):     425576 kB
Inactive(anon):   430288 kB
Active(file):     376572 kB
Inactive(file):   324300 kB
Unevictable:       35692 kB
Mlocked:           27720 kB
SwapTotal:       1310716 kB
SwapFree:        1201568 kB
Dirty:                84 kB
Writeback:             0 kB
AnonPages:        869960 kB
Mapped:           449204 kB
Shmem:               960 kB
Slab:             109252 kB
SReclaimable:      32064 kB
SUnreclaim:        77188 kB
KernelStack:       33232 kB
PageTables:        59696 kB
NFS_Unstable:          0 kB
Bounce:                0 kB
WritebackTmp:          0 kB
CommitLimit:     2684136 kB
Committed_AS:   146002412 kB
VmallocTotal:   251658176 kB
VmallocUsed:      332096 kB
VmallocChunk:   247561408 kB
Time pass: 173 sec

---2015-12-05 01:40:17
MemTotal:        2746844 kB
MemFree:           95368 kB
Buffers:            7928 kB
Cached:           712892 kB
SwapCached:         2472 kB
Active:           802440 kB
Inactive:         754548 kB
Active(anon):     425868 kB
Inactive(anon):   430248 kB
Active(file):     376572 kB
Inactive(file):   324300 kB
Unevictable:       35692 kB
Mlocked:           27720 kB
SwapTotal:       1310716 kB
SwapFree:        1201568 kB
Dirty:                 0 kB
Writeback:             0 kB
AnonPages:        870200 kB
Mapped:           449120 kB
Shmem:               960 kB
Slab:             109248 kB
SReclaimable:      32064 kB
SUnreclaim:        77184 kB
KernelStack:       33232 kB
PageTables:        59672 kB
NFS_Unstable:          0 kB
Bounce:                0 kB
WritebackTmp:          0 kB
CommitLimit:     2684136 kB
Committed_AS:   146002340 kB
VmallocTotal:   251658176 kB
VmallocUsed:      332096 kB
VmallocChunk:   247561408 kB
Time pass: 177 sec

---2015-12-05 01:40:17
MemTotal:        2746844 kB
MemFree:           93592 kB
Buffers:            7944 kB
Cached:           712900 kB
SwapCached:         2472 kB
Active:           803372 kB
Inactive:         754560 kB
Active(anon):     426800 kB
Inactive(anon):   430244 kB
Active(file):     376572 kB
Inactive(file):   324316 kB
Unevictable:       35692 kB
Mlocked:           27720 kB
SwapTotal:       1310716 kB
SwapFree:        1201568 kB
Dirty:                44 kB
Writeback:             0 kB
AnonPages:        870940 kB
Mapped:           449120 kB
Shmem:               960 kB
Slab:             109224 kB
SReclaimable:      32064 kB
SUnreclaim:        77160 kB
KernelStack:       33232 kB
PageTables:        59668 kB
NFS_Unstable:          0 kB
Bounce:                0 kB
WritebackTmp:          0 kB
CommitLimit:     2684136 kB
Committed_AS:   146002340 kB
VmallocTotal:   251658176 kB
VmallocUsed:      332096 kB
VmallocChunk:   247561408 kB
Time pass: 180 sec

---2015-12-05 01:40:17
MemTotal:        2746844 kB
MemFree:           92580 kB
Buffers:            7952 kB
Cached:           712900 kB
SwapCached:         2488 kB
Active:           805688 kB
Inactive:         754604 kB
Active(anon):     429116 kB
Inactive(anon):   430272 kB
Active(file):     376572 kB
Inactive(file):   324332 kB
Unevictable:       35692 kB
Mlocked:           27720 kB
SwapTotal:       1310716 kB
SwapFree:        1201588 kB
Dirty:               108 kB
Writeback:             0 kB
AnonPages:        873520 kB
Mapped:           449120 kB
Shmem:               960 kB
Slab:             109200 kB
SReclaimable:      32064 kB
SUnreclaim:        77136 kB
KernelStack:       33184 kB
PageTables:        59668 kB
NFS_Unstable:          0 kB
Bounce:                0 kB
WritebackTmp:          0 kB
CommitLimit:     2684136 kB
Committed_AS:   146002236 kB
VmallocTotal:   251658176 kB
VmallocUsed:      332096 kB
VmallocChunk:   247561408 kB
Time pass: 184 sec

---2015-12-05 01:40:17
MemTotal:        2746844 kB
MemFree:           92076 kB
Buffers:            7968 kB
Cached:           712900 kB
SwapCached:         2488 kB
Active:           806480 kB
Inactive:         754604 kB
Active(anon):     429908 kB
Inactive(anon):   430256 kB
Active(file):     376572 kB
Inactive(file):   324348 kB
Unevictable:       35692 kB
Mlocked:           27720 kB
SwapTotal:       1310716 kB
SwapFree:        1201588 kB
Dirty:                 0 kB
Writeback:             0 kB
AnonPages:        874200 kB
Mapped:           449120 kB
Shmem:               960 kB
Slab:             109200 kB
SReclaimable:      32064 kB
SUnreclaim:        77136 kB
KernelStack:       33152 kB
PageTables:        59676 kB
NFS_Unstable:          0 kB
Bounce:                0 kB
WritebackTmp:          0 kB
CommitLimit:     2684136 kB
Committed_AS:   146006316 kB
VmallocTotal:   251658176 kB
VmallocUsed:      332096 kB
VmallocChunk:   247561408 kB
Time pass: 187 sec

---2015-12-05 01:40:17
MemTotal:        2746844 kB
MemFree:           89360 kB
Buffers:            8132 kB
Cached:           713536 kB
SwapCached:         2488 kB
Active:           806372 kB
Inactive:         755272 kB
Active(anon):     429708 kB
Inactive(anon):   430764 kB
Active(file):     376664 kB
Inactive(file):   324508 kB
Unevictable:       35692 kB
Mlocked:           27720 kB
SwapTotal:       1310716 kB
SwapFree:        1201588 kB
Dirty:                 0 kB
Writeback:             0 kB
AnonPages:        874152 kB
Mapped:           449652 kB
Shmem:              1476 kB
Slab:             109200 kB
SReclaimable:      32064 kB
SUnreclaim:        77136 kB
KernelStack:       33088 kB
PageTables:        59680 kB
NFS_Unstable:          0 kB
Bounce:                0 kB
WritebackTmp:          0 kB
CommitLimit:     2684136 kB
Committed_AS:   146006900 kB
VmallocTotal:   251658176 kB
VmallocUsed:      332096 kB
VmallocChunk:   247561408 kB
Time pass: 191 sec

---2015-12-05 01:40:17
MemTotal:        2746844 kB
MemFree:           89060 kB
Buffers:            8156 kB
Cached:           713520 kB
SwapCached:         2488 kB
Active:           806896 kB
Inactive:         755312 kB
Active(anon):     430232 kB
Inactive(anon):   430764 kB
Active(file):     376664 kB
Inactive(file):   324548 kB
Unevictable:       35692 kB
Mlocked:           27720 kB
SwapTotal:       1310716 kB
SwapFree:        1201588 kB
Dirty:                56 kB
Writeback:             0 kB
AnonPages:        874756 kB
Mapped:           449652 kB
Shmem:              1476 kB
Slab:             109216 kB
SReclaimable:      32064 kB
SUnreclaim:        77152 kB
KernelStack:       33088 kB
PageTables:        59680 kB
NFS_Unstable:          0 kB
Bounce:                0 kB
WritebackTmp:          0 kB
CommitLimit:     2684136 kB
Committed_AS:   146006912 kB
VmallocTotal:   251658176 kB
VmallocUsed:      332096 kB
VmallocChunk:   247561408 kB
Time pass: 194 sec

---2015-12-05 01:40:17
MemTotal:        2746844 kB
MemFree:           89304 kB
Buffers:            8156 kB
Cached:           713536 kB
SwapCached:         2492 kB
Active:           807412 kB
Inactive:         754796 kB
Active(anon):     430748 kB
Inactive(anon):   430232 kB
Active(file):     376664 kB
Inactive(file):   324564 kB
Unevictable:       35692 kB
Mlocked:           27720 kB
SwapTotal:       1310716 kB
SwapFree:        1201668 kB
Dirty:                 0 kB
Writeback:             0 kB
AnonPages:        874440 kB
Mapped:           449736 kB
Shmem:              1476 kB
Slab:             109216 kB
SReclaimable:      32064 kB
SUnreclaim:        77152 kB
KernelStack:       32672 kB
PageTables:        59688 kB
NFS_Unstable:          0 kB
Bounce:                0 kB
WritebackTmp:          0 kB
CommitLimit:     2684136 kB
Committed_AS:   146005992 kB
VmallocTotal:   251658176 kB
VmallocUsed:      332096 kB
VmallocChunk:   247561408 kB
Time pass: 198 sec

---2015-12-05 01:40:17
MemTotal:        2746844 kB
MemFree:           83088 kB
Buffers:            8164 kB
Cached:           713536 kB
SwapCached:         2492 kB
Active:           814652 kB
Inactive:         754768 kB
Active(anon):     437988 kB
Inactive(anon):   430196 kB
Active(file):     376664 kB
Inactive(file):   324572 kB
Unevictable:       35692 kB
Mlocked:           27720 kB
SwapTotal:       1310716 kB
SwapFree:        1201668 kB
Dirty:                32 kB
Writeback:             0 kB
AnonPages:        881992 kB
Mapped:           454872 kB
Shmem:              1476 kB
Slab:             109224 kB
SReclaimable:      32080 kB
SUnreclaim:        77144 kB
KernelStack:       32768 kB
PageTables:        60140 kB
NFS_Unstable:          0 kB
Bounce:                0 kB
WritebackTmp:          0 kB
CommitLimit:     2684136 kB
Committed_AS:   147267008 kB
VmallocTotal:   251658176 kB
VmallocUsed:      333116 kB
VmallocChunk:   247561408 kB
Time pass: 201 sec

---2015-12-05 01:40:17
MemTotal:        2746844 kB
MemFree:           86916 kB
Buffers:            8180 kB
Cached:           713536 kB
SwapCached:         2492 kB
Active:           810256 kB
Inactive:         754684 kB
Active(anon):     433596 kB
Inactive(anon):   430088 kB
Active(file):     376660 kB
Inactive(file):   324596 kB
Unevictable:       35692 kB
Mlocked:           27720 kB
SwapTotal:       1310716 kB
SwapFree:        1201668 kB
Dirty:               128 kB
Writeback:             0 kB
AnonPages:        877276 kB
Mapped:           449528 kB
Shmem:              1476 kB
Slab:             109256 kB
SReclaimable:      32112 kB
SUnreclaim:        77144 kB
KernelStack:       32512 kB
PageTables:        59644 kB
NFS_Unstable:          0 kB
Bounce:                0 kB
WritebackTmp:          0 kB
CommitLimit:     2684136 kB
Committed_AS:   146005568 kB
VmallocTotal:   251658176 kB
VmallocUsed:      332096 kB
VmallocChunk:   247561408 kB
Time pass: 205 sec

---2015-12-05 01:40:17
MemTotal:        2746844 kB
MemFree:           84836 kB
Buffers:            8188 kB
Cached:           714228 kB
SwapCached:         2496 kB
Active:           808872 kB
Inactive:         755336 kB
Active(anon):     432208 kB
Inactive(anon):   430076 kB
Active(file):     376664 kB
Inactive(file):   325260 kB
Unevictable:       35692 kB
Mlocked:           27720 kB
SwapTotal:       1310716 kB
SwapFree:        1201668 kB
Dirty:                 0 kB
Writeback:             0 kB
AnonPages:        875716 kB
Mapped:           449740 kB
Shmem:              1476 kB
Slab:             109232 kB
SReclaimable:      32112 kB
SUnreclaim:        77120 kB
KernelStack:       32512 kB
PageTables:        59640 kB
NFS_Unstable:          0 kB
Bounce:                0 kB
WritebackTmp:          0 kB
CommitLimit:     2684136 kB
Committed_AS:   146005544 kB
VmallocTotal:   251658176 kB
VmallocUsed:      332096 kB
VmallocChunk:   247561408 kB
Time pass: 208 sec

---2015-12-05 01:40:17
MemTotal:        2746844 kB
MemFree:           85364 kB
Buffers:            8204 kB
Cached:           714360 kB
SwapCached:         2496 kB
Active:           809792 kB
Inactive:         755456 kB
Active(anon):     433128 kB
Inactive(anon):   430032 kB
Active(file):     376664 kB
Inactive(file):   325424 kB
Unevictable:       35692 kB
Mlocked:           27720 kB
SwapTotal:       1310716 kB
SwapFree:        1201668 kB
Dirty:                68 kB
Writeback:             0 kB
AnonPages:        876776 kB
Mapped:           449760 kB
Shmem:              1476 kB
Slab:             109176 kB
SReclaimable:      32112 kB
SUnreclaim:        77064 kB
KernelStack:       32512 kB
PageTables:        59640 kB
NFS_Unstable:          0 kB
Bounce:                0 kB
WritebackTmp:          0 kB
CommitLimit:     2684136 kB
Committed_AS:   146005560 kB
VmallocTotal:   251658176 kB
VmallocUsed:      332096 kB
VmallocChunk:   247561408 kB
Time pass: 212 sec

---2015-12-05 01:40:17
MemTotal:        2746844 kB
MemFree:           86772 kB
Buffers:            8204 kB
Cached:           714424 kB
SwapCached:         2496 kB
Active:           808868 kB
Inactive:         755532 kB
Active(anon):     432204 kB
Inactive(anon):   430032 kB
Active(file):     376664 kB
Inactive(file):   325500 kB
Unevictable:       35692 kB
Mlocked:           27720 kB
SwapTotal:       1310716 kB
SwapFree:        1201668 kB
Dirty:                 0 kB
Writeback:             0 kB
AnonPages:        875964 kB
Mapped:           449768 kB
Shmem:              1476 kB
Slab:             109176 kB
SReclaimable:      32112 kB
SUnreclaim:        77064 kB
KernelStack:       32496 kB
PageTables:        59644 kB
NFS_Unstable:          0 kB
Bounce:                0 kB
WritebackTmp:          0 kB
CommitLimit:     2684136 kB
Committed_AS:   146005536 kB
VmallocTotal:   251658176 kB
VmallocUsed:      332096 kB
VmallocChunk:   247561408 kB
Time pass: 215 sec

---2015-12-05 01:40:17
MemTotal:        2746844 kB
MemFree:           85084 kB
Buffers:            8228 kB
Cached:           714492 kB
SwapCached:         2496 kB
Active:           810012 kB
Inactive:         755588 kB
Active(anon):     433348 kB
Inactive(anon):   430032 kB
Active(file):     376664 kB
Inactive(file):   325556 kB
Unevictable:       35692 kB
Mlocked:           27720 kB
SwapTotal:       1310716 kB
SwapFree:        1201668 kB
Dirty:                32 kB
Writeback:            32 kB
AnonPages:        877200 kB
Mapped:           449776 kB
Shmem:              1476 kB
Slab:             109172 kB
SReclaimable:      32112 kB
SUnreclaim:        77060 kB
KernelStack:       32496 kB
PageTables:        59648 kB
NFS_Unstable:          0 kB
Bounce:                0 kB
WritebackTmp:          0 kB
CommitLimit:     2684136 kB
Committed_AS:   146005560 kB
VmallocTotal:   251658176 kB
VmallocUsed:      332096 kB
VmallocChunk:   247561408 kB
Time pass: 219 sec

---2015-12-05 01:40:17
MemTotal:        2746844 kB
MemFree:           82996 kB
Buffers:            8228 kB
Cached:           714508 kB
SwapCached:         2500 kB
Active:           812272 kB
Inactive:         755624 kB
Active(anon):     435592 kB
Inactive(anon):   430032 kB
Active(file):     376680 kB
Inactive(file):   325592 kB
Unevictable:       35692 kB
Mlocked:           27720 kB
SwapTotal:       1310716 kB
SwapFree:        1201672 kB
Dirty:                20 kB
Writeback:             0 kB
AnonPages:        879344 kB
Mapped:           449724 kB
Shmem:              1476 kB
Slab:             109212 kB
SReclaimable:      32112 kB
SUnreclaim:        77100 kB
KernelStack:       32480 kB
PageTables:        59620 kB
NFS_Unstable:          0 kB
Bounce:                0 kB
WritebackTmp:          0 kB
CommitLimit:     2684136 kB
Committed_AS:   146005676 kB
VmallocTotal:   251658176 kB
VmallocUsed:      332096 kB
VmallocChunk:   247561408 kB
Time pass: 222 sec

---2015-12-05 01:40:17
MemTotal:        2746844 kB
MemFree:           81752 kB
Buffers:            8268 kB
Cached:           714924 kB
SwapCached:         2500 kB
Active:           812872 kB
Inactive:         755780 kB
Active(anon):     436204 kB
Inactive(anon):   429816 kB
Active(file):     376668 kB
Inactive(file):   325964 kB
Unevictable:       35692 kB
Mlocked:           27720 kB
SwapTotal:       1310716 kB
SwapFree:        1201676 kB
Dirty:               224 kB
Writeback:             0 kB
AnonPages:        879112 kB
Mapped:           449860 kB
Shmem:              1476 kB
Slab:             109172 kB
SReclaimable:      32112 kB
SUnreclaim:        77060 kB
KernelStack:       32464 kB
PageTables:        59660 kB
NFS_Unstable:          0 kB
Bounce:                0 kB
WritebackTmp:          0 kB
CommitLimit:     2684136 kB
Committed_AS:   146005608 kB
VmallocTotal:   251658176 kB
VmallocUsed:      332096 kB
VmallocChunk:   247561408 kB
Time pass: 226 sec

---2015-12-05 01:40:17
MemTotal:        2746844 kB
MemFree:           89524 kB
Buffers:            8284 kB
Cached:           714872 kB
SwapCached:         2500 kB
Active:           804220 kB
Inactive:         755824 kB
Active(anon):     427548 kB
Inactive(anon):   429804 kB
Active(file):     376672 kB
Inactive(file):   326020 kB
Unevictable:       35692 kB
Mlocked:           27720 kB
SwapTotal:       1310716 kB
SwapFree:        1201676 kB
Dirty:                84 kB
Writeback:             0 kB
AnonPages:        870640 kB
Mapped:           449868 kB
Shmem:              1476 kB
Slab:             109164 kB
SReclaimable:      32112 kB
SUnreclaim:        77052 kB
KernelStack:       32432 kB
PageTables:        59660 kB
NFS_Unstable:          0 kB
Bounce:                0 kB
WritebackTmp:          0 kB
CommitLimit:     2684136 kB
Committed_AS:   146005536 kB
VmallocTotal:   251658176 kB
VmallocUsed:      332096 kB
VmallocChunk:   247561408 kB
Time pass: 229 sec

---2015-12-05 01:40:17
MemTotal:        2746844 kB
MemFree:           90536 kB
Buffers:            8292 kB
Cached:           714872 kB
SwapCached:         2500 kB
Active:           804764 kB
Inactive:         755836 kB
Active(anon):     428092 kB
Inactive(anon):   429804 kB
Active(file):     376672 kB
Inactive(file):   326032 kB
Unevictable:       35692 kB
Mlocked:           27720 kB
SwapTotal:       1310716 kB
SwapFree:        1201676 kB
Dirty:                 0 kB
Writeback:             0 kB
AnonPages:        871612 kB
Mapped:           449704 kB
Shmem:              1476 kB
Slab:             109180 kB
SReclaimable:      32112 kB
SUnreclaim:        77068 kB
KernelStack:       32448 kB
PageTables:        59604 kB
NFS_Unstable:          0 kB
Bounce:                0 kB
WritebackTmp:          0 kB
CommitLimit:     2684136 kB
Committed_AS:   146005920 kB
VmallocTotal:   251658176 kB
VmallocUsed:      332096 kB
VmallocChunk:   247561408 kB
Time pass: 233 sec

---2015-12-05 01:40:17
MemTotal:        2746844 kB
MemFree:           90056 kB
Buffers:            8308 kB
Cached:           714872 kB
SwapCached:         2500 kB
Active:           805408 kB
Inactive:         755724 kB
Active(anon):     428736 kB
Inactive(anon):   429692 kB
Active(file):     376672 kB
Inactive(file):   326032 kB
Unevictable:       35692 kB
Mlocked:           27720 kB
SwapTotal:       1310716 kB
SwapFree:        1201676 kB
Dirty:                56 kB
Writeback:             0 kB
AnonPages:        872088 kB
Mapped:           449788 kB
Shmem:              1476 kB
Slab:             109164 kB
SReclaimable:      32112 kB
SUnreclaim:        77052 kB
KernelStack:       32448 kB
PageTables:        59632 kB
NFS_Unstable:          0 kB
Bounce:                0 kB
WritebackTmp:          0 kB
CommitLimit:     2684136 kB
Committed_AS:   146005880 kB
VmallocTotal:   251658176 kB
VmallocUsed:      332096 kB
VmallocChunk:   247561408 kB
Time pass: 236 sec

---2015-12-05 01:40:17
MemTotal:        2746844 kB
MemFree:           81956 kB
Buffers:            8316 kB
Cached:           714864 kB
SwapCached:         2500 kB
Active:           812908 kB
Inactive:         755736 kB
Active(anon):     436236 kB
Inactive(anon):   429692 kB
Active(file):     376672 kB
Inactive(file):   326044 kB
Unevictable:       35692 kB
Mlocked:           27720 kB
SwapTotal:       1310716 kB
SwapFree:        1201676 kB
Dirty:                56 kB
Writeback:             0 kB
AnonPages:        879552 kB
Mapped:           455060 kB
Shmem:              1476 kB
Slab:             109164 kB
SReclaimable:      32112 kB
SUnreclaim:        77052 kB
KernelStack:       32448 kB
PageTables:        59928 kB
NFS_Unstable:          0 kB
Bounce:                0 kB
WritebackTmp:          0 kB
CommitLimit:     2684136 kB
Committed_AS:   147267160 kB
VmallocTotal:   251658176 kB
VmallocUsed:      333116 kB
VmallocChunk:   247561408 kB
Time pass: 240 sec

---2015-12-05 01:40:17
MemTotal:        2746844 kB
MemFree:           87168 kB
Buffers:            8332 kB
Cached:           714872 kB
SwapCached:         2500 kB
Active:           808404 kB
Inactive:         755724 kB
Active(anon):     431732 kB
Inactive(anon):   429656 kB
Active(file):     376672 kB
Inactive(file):   326068 kB
Unevictable:       35692 kB
Mlocked:           27720 kB
SwapTotal:       1310716 kB
SwapFree:        1201676 kB
Dirty:               108 kB
Writeback:             0 kB
AnonPages:        875040 kB
Mapped:           449788 kB
Shmem:              1476 kB
Slab:             109184 kB
SReclaimable:      32108 kB
SUnreclaim:        77076 kB
KernelStack:       32448 kB
PageTables:        59632 kB
NFS_Unstable:          0 kB
Bounce:                0 kB
WritebackTmp:          0 kB
CommitLimit:     2684136 kB
Committed_AS:   146005840 kB
VmallocTotal:   251658176 kB
VmallocUsed:      332096 kB
VmallocChunk:   247561408 kB
Time pass: 243 sec

---2015-12-05 01:40:17
MemTotal:        2746844 kB
MemFree:           87188 kB
Buffers:            8332 kB
Cached:           714872 kB
SwapCached:         2500 kB
Active:           807776 kB
Inactive:         755724 kB
Active(anon):     431104 kB
Inactive(anon):   429656 kB
Active(file):     376672 kB
Inactive(file):   326068 kB
Unevictable:       35692 kB
Mlocked:           27720 kB
SwapTotal:       1310716 kB
SwapFree:        1201676 kB
Dirty:                 0 kB
Writeback:             0 kB
AnonPages:        874384 kB
Mapped:           449788 kB
Shmem:              1476 kB
Slab:             109160 kB
SReclaimable:      32108 kB
SUnreclaim:        77052 kB
KernelStack:       32448 kB
PageTables:        59632 kB
NFS_Unstable:          0 kB
Bounce:                0 kB
WritebackTmp:          0 kB
CommitLimit:     2684136 kB
Committed_AS:   146005816 kB
VmallocTotal:   251658176 kB
VmallocUsed:      332096 kB
VmallocChunk:   247561408 kB
Time pass: 247 sec

---2015-12-05 01:40:17
MemTotal:        2746844 kB
MemFree:           85544 kB
Buffers:            8356 kB
Cached:           714856 kB
SwapCached:         2500 kB
Active:           809480 kB
Inactive:         755692 kB
Active(anon):     432808 kB
Inactive(anon):   429616 kB
Active(file):     376672 kB
Inactive(file):   326076 kB
Unevictable:       35692 kB
Mlocked:           27720 kB
SwapTotal:       1310716 kB
SwapFree:        1201676 kB
Dirty:                56 kB
Writeback:             0 kB
AnonPages:        875536 kB
Mapped:           449872 kB
Shmem:              1476 kB
Slab:             109156 kB
SReclaimable:      32108 kB
SUnreclaim:        77048 kB
KernelStack:       32448 kB
PageTables:        59660 kB
NFS_Unstable:          0 kB
Bounce:                0 kB
WritebackTmp:          0 kB
CommitLimit:     2684136 kB
Committed_AS:   146005816 kB
VmallocTotal:   251658176 kB
VmallocUsed:      332096 kB
VmallocChunk:   247561408 kB
Time pass: 250 sec

---2015-12-05 01:40:17
MemTotal:        2746844 kB
MemFree:           87816 kB
Buffers:            8356 kB
Cached:           715356 kB
SwapCached:         2500 kB
Active:           808708 kB
Inactive:         756180 kB
Active(anon):     432036 kB
Inactive(anon):   429604 kB
Active(file):     376672 kB
Inactive(file):   326576 kB
Unevictable:       35692 kB
Mlocked:           27720 kB
SwapTotal:       1310716 kB
SwapFree:        1201676 kB
Dirty:                 0 kB
Writeback:             0 kB
AnonPages:        874968 kB
Mapped:           449880 kB
Shmem:              1476 kB
Slab:             109140 kB
SReclaimable:      32108 kB
SUnreclaim:        77032 kB
KernelStack:       32432 kB
PageTables:        59660 kB
NFS_Unstable:          0 kB
Bounce:                0 kB
WritebackTmp:          0 kB
CommitLimit:     2684136 kB
Committed_AS:   146005808 kB
VmallocTotal:   251658176 kB
VmallocUsed:      332096 kB
VmallocChunk:   247561408 kB
Time pass: 254 sec

---2015-12-05 01:40:17
MemTotal:        2746844 kB
MemFree:           87156 kB
Buffers:            8364 kB
Cached:           715356 kB
SwapCached:         2500 kB
Active:           808792 kB
Inactive:         756156 kB
Active(anon):     432120 kB
Inactive(anon):   429580 kB
Active(file):     376672 kB
Inactive(file):   326576 kB
Unevictable:       35692 kB
Mlocked:           27720 kB
SwapTotal:       1310716 kB
SwapFree:        1201676 kB
Dirty:                32 kB
Writeback:             0 kB
AnonPages:        875032 kB
Mapped:           449880 kB
Shmem:              1476 kB
Slab:             109140 kB
SReclaimable:      32108 kB
SUnreclaim:        77032 kB
KernelStack:       32432 kB
PageTables:        59664 kB
NFS_Unstable:          0 kB
Bounce:                0 kB
WritebackTmp:          0 kB
CommitLimit:     2684136 kB
Committed_AS:   146005736 kB
VmallocTotal:   251658176 kB
VmallocUsed:      332096 kB
VmallocChunk:   247561408 kB
Time pass: 257 sec

---2015-12-05 01:40:17
MemTotal:        2746844 kB
MemFree:           85184 kB
Buffers:            8380 kB
Cached:           715356 kB
SwapCached:         2500 kB
Active:           811556 kB
Inactive:         756100 kB
Active(anon):     434872 kB
Inactive(anon):   429512 kB
Active(file):     376684 kB
Inactive(file):   326588 kB
Unevictable:       35692 kB
Mlocked:           27720 kB
SwapTotal:       1310716 kB
SwapFree:        1201676 kB
Dirty:                68 kB
Writeback:             0 kB
AnonPages:        877772 kB
Mapped:           449640 kB
Shmem:              1476 kB
Slab:             109164 kB
SReclaimable:      32108 kB
SUnreclaim:        77056 kB
KernelStack:       32448 kB
PageTables:        59580 kB
NFS_Unstable:          0 kB
Bounce:                0 kB
WritebackTmp:          0 kB
CommitLimit:     2684136 kB
Committed_AS:   146009884 kB
VmallocTotal:   251658176 kB
VmallocUsed:      332096 kB
VmallocChunk:   247561408 kB
Time pass: 260 sec

---2015-12-05 01:40:17
MemTotal:        2746844 kB
MemFree:           85024 kB
Buffers:            8388 kB
Cached:           715348 kB
SwapCached:         2500 kB
Active:           811932 kB
Inactive:         756064 kB
Active(anon):     435260 kB
Inactive(anon):   429464 kB
Active(file):     376672 kB
Inactive(file):   326600 kB
Unevictable:       35692 kB
Mlocked:           27720 kB
SwapTotal:       1310716 kB
SwapFree:        1201676 kB
Dirty:                 0 kB
Writeback:             0 kB
AnonPages:        878316 kB
Mapped:           449796 kB
Shmem:              1476 kB
Slab:             109148 kB
SReclaimable:      32108 kB
SUnreclaim:        77040 kB
KernelStack:       32432 kB
PageTables:        59640 kB
NFS_Unstable:          0 kB
Bounce:                0 kB
WritebackTmp:          0 kB
CommitLimit:     2684136 kB
Committed_AS:   146009800 kB
VmallocTotal:   251658176 kB
VmallocUsed:      332096 kB
VmallocChunk:   247561408 kB
Time pass: 264 sec

---2015-12-05 01:40:17
MemTotal:        2746844 kB
MemFree:           85428 kB
Buffers:            8404 kB
Cached:           715356 kB
SwapCached:         2500 kB
Active:           811956 kB
Inactive:         756076 kB
Active(anon):     435284 kB
Inactive(anon):   429452 kB
Active(file):     376672 kB
Inactive(file):   326624 kB
Unevictable:       35692 kB
Mlocked:           27720 kB
SwapTotal:       1310716 kB
SwapFree:        1201676 kB
Dirty:                84 kB
Writeback:             0 kB
AnonPages:        878232 kB
Mapped:           449796 kB
Shmem:              1476 kB
Slab:             109148 kB
SReclaimable:      32108 kB
SUnreclaim:        77040 kB
KernelStack:       32432 kB
PageTables:        59612 kB
NFS_Unstable:          0 kB
Bounce:                0 kB
WritebackTmp:          0 kB
CommitLimit:     2684136 kB
Committed_AS:   146009784 kB
VmallocTotal:   251658176 kB
VmallocUsed:      332096 kB
VmallocChunk:   247561408 kB
Time pass: 268 sec

---2015-12-05 01:40:17
MemTotal:        2746844 kB
MemFree:           86704 kB
Buffers:            8404 kB
Cached:           715356 kB
SwapCached:         2500 kB
Active:           812396 kB
Inactive:         756072 kB
Active(anon):     435724 kB
Inactive(anon):   429448 kB
Active(file):     376672 kB
Inactive(file):   326624 kB
Unevictable:       35692 kB
Mlocked:           27720 kB
SwapTotal:       1310716 kB
SwapFree:        1201676 kB
Dirty:                 0 kB
Writeback:             0 kB
AnonPages:        878264 kB
Mapped:           449880 kB
Shmem:              1476 kB
Slab:             109144 kB
SReclaimable:      32108 kB
SUnreclaim:        77036 kB
KernelStack:       32432 kB
PageTables:        59668 kB
NFS_Unstable:          0 kB
Bounce:                0 kB
WritebackTmp:          0 kB
CommitLimit:     2684136 kB
Committed_AS:   146009868 kB
VmallocTotal:   251658176 kB
VmallocUsed:      332096 kB
VmallocChunk:   247561408 kB
Time pass: 271 sec

---2015-12-05 01:40:17
MemTotal:        2746844 kB
MemFree:           84256 kB
Buffers:            8428 kB
Cached:           715980 kB
SwapCached:         2500 kB
Active:           812524 kB
Inactive:         756684 kB
Active(anon):     435852 kB
Inactive(anon):   429416 kB
Active(file):     376672 kB
Inactive(file):   327268 kB
Unevictable:       35692 kB
Mlocked:           27720 kB
SwapTotal:       1310716 kB
SwapFree:        1201676 kB
Dirty:                44 kB
Writeback:             0 kB
AnonPages:        878924 kB
Mapped:           449856 kB
Shmem:              1476 kB
Slab:             109160 kB
SReclaimable:      32108 kB
SUnreclaim:        77052 kB
KernelStack:       32416 kB
PageTables:        59648 kB
NFS_Unstable:          0 kB
Bounce:                0 kB
WritebackTmp:          0 kB
CommitLimit:     2684136 kB
Committed_AS:   146013928 kB
VmallocTotal:   251658176 kB
VmallocUsed:      332096 kB
VmallocChunk:   247561408 kB
Time pass: 275 sec

---2015-12-05 01:40:17
MemTotal:        2746844 kB
MemFree:           76444 kB
Buffers:            8428 kB
Cached:           715976 kB
SwapCached:         2500 kB
Active:           819816 kB
Inactive:         756636 kB
Active(anon):     443136 kB
Inactive(anon):   429376 kB
Active(file):     376680 kB
Inactive(file):   327260 kB
Unevictable:       35692 kB
Mlocked:           27720 kB
SwapTotal:       1310716 kB
SwapFree:        1201676 kB
Dirty:                16 kB
Writeback:             0 kB
AnonPages:        886332 kB
Mapped:           455336 kB
Shmem:              1476 kB
Slab:             109160 kB
SReclaimable:      32108 kB
SUnreclaim:        77052 kB
KernelStack:       32752 kB
PageTables:        60168 kB
NFS_Unstable:          0 kB
Bounce:                0 kB
WritebackTmp:          0 kB
CommitLimit:     2684136 kB
Committed_AS:   147275432 kB
VmallocTotal:   251658176 kB
VmallocUsed:      333116 kB
VmallocChunk:   247561408 kB
Time pass: 278 sec

---2015-12-05 01:40:17
MemTotal:        2746844 kB
MemFree:           85180 kB
Buffers:            8436 kB
Cached:           715976 kB
SwapCached:         2500 kB
Active:           811564 kB
Inactive:         756632 kB
Active(anon):     434884 kB
Inactive(anon):   429360 kB
Active(file):     376680 kB
Inactive(file):   327272 kB
Unevictable:       35692 kB
Mlocked:           27720 kB
SwapTotal:       1310716 kB
SwapFree:        1201676 kB
Dirty:                88 kB
Writeback:             0 kB
AnonPages:        877620 kB
Mapped:           449596 kB
Shmem:              1476 kB
Slab:             109136 kB
SReclaimable:      32108 kB
SUnreclaim:        77028 kB
KernelStack:       32432 kB
PageTables:        59672 kB
NFS_Unstable:          0 kB
Bounce:                0 kB
WritebackTmp:          0 kB
CommitLimit:     2684136 kB
Committed_AS:   146013924 kB
VmallocTotal:   251658176 kB
VmallocUsed:      332096 kB
VmallocChunk:   247561408 kB
Time pass: 282 sec

---2015-12-05 01:40:17
MemTotal:        2746844 kB
MemFree:           85552 kB
Buffers:            8452 kB
Cached:           715980 kB
SwapCached:         2500 kB
Active:           811244 kB
Inactive:         756644 kB
Active(anon):     434572 kB
Inactive(anon):   429348 kB
Active(file):     376672 kB
Inactive(file):   327296 kB
Unevictable:       35692 kB
Mlocked:           27720 kB
SwapTotal:       1310716 kB
SwapFree:        1201676 kB
Dirty:                 0 kB
Writeback:             0 kB
AnonPages:        877140 kB
Mapped:           449940 kB
Shmem:              1476 kB
Slab:             109128 kB
SReclaimable:      32108 kB
SUnreclaim:        77020 kB
KernelStack:       32416 kB
PageTables:        59676 kB
NFS_Unstable:          0 kB
Bounce:                0 kB
WritebackTmp:          0 kB
CommitLimit:     2684136 kB
Committed_AS:   146013920 kB
VmallocTotal:   251658176 kB
VmallocUsed:      332096 kB
VmallocChunk:   247561408 kB
Time pass: 285 sec

---2015-12-05 01:40:17
MemTotal:        2746844 kB
MemFree:           85412 kB
Buffers:            8460 kB
Cached:           715972 kB
SwapCached:         2500 kB
Active:           811412 kB
Inactive:         756644 kB
Active(anon):     434740 kB
Inactive(anon):   429348 kB
Active(file):     376672 kB
Inactive(file):   327296 kB
Unevictable:       35692 kB
Mlocked:           27720 kB
SwapTotal:       1310716 kB
SwapFree:        1201676 kB
Dirty:                 0 kB
Writeback:             0 kB
AnonPages:        877552 kB
Mapped:           449940 kB
Shmem:              1476 kB
Slab:             109144 kB
SReclaimable:      32108 kB
SUnreclaim:        77036 kB
KernelStack:       32416 kB
PageTables:        59676 kB
NFS_Unstable:          0 kB
Bounce:                0 kB
WritebackTmp:          0 kB
CommitLimit:     2684136 kB
Committed_AS:   146013928 kB
VmallocTotal:   251658176 kB
VmallocUsed:      332096 kB
VmallocChunk:   247561408 kB
Time pass: 289 sec

---2015-12-05 01:40:17
MemTotal:        2746844 kB
MemFree:           84548 kB
Buffers:            8476 kB
Cached:           715980 kB
SwapCached:         2500 kB
Active:           811808 kB
Inactive:         756668 kB
Active(anon):     435136 kB
Inactive(anon):   429348 kB
Active(file):     376672 kB
Inactive(file):   327320 kB
Unevictable:       35692 kB
Mlocked:           27720 kB
SwapTotal:       1310716 kB
SwapFree:        1201676 kB
Dirty:                68 kB
Writeback:             0 kB
AnonPages:        878052 kB
Mapped:           449856 kB
Shmem:              1476 kB
Slab:             109168 kB
SReclaimable:      32108 kB
SUnreclaim:        77060 kB
KernelStack:       32400 kB
PageTables:        59648 kB
NFS_Unstable:          0 kB
Bounce:                0 kB
WritebackTmp:          0 kB
CommitLimit:     2684136 kB
Committed_AS:   146013896 kB
VmallocTotal:   251658176 kB
VmallocUsed:      332096 kB
VmallocChunk:   247561408 kB
Time pass: 292 sec

---2015-12-05 01:40:17
MemTotal:        2746844 kB
MemFree:           84624 kB
Buffers:            8476 kB
Cached:           715980 kB
SwapCached:         2500 kB
Active:           812340 kB
Inactive:         756668 kB
Active(anon):     435668 kB
Inactive(anon):   429348 kB
Active(file):     376672 kB
Inactive(file):   327320 kB
Unevictable:       35692 kB
Mlocked:           27720 kB
SwapTotal:       1310716 kB
SwapFree:        1201676 kB
Dirty:                 0 kB
Writeback:             0 kB
AnonPages:        878432 kB
Mapped:           449856 kB
Shmem:              1476 kB
Slab:             109136 kB
SReclaimable:      32108 kB
SUnreclaim:        77028 kB
KernelStack:       32400 kB
PageTables:        59648 kB
NFS_Unstable:          0 kB
Bounce:                0 kB
WritebackTmp:          0 kB
CommitLimit:     2684136 kB
Committed_AS:   146013896 kB
VmallocTotal:   251658176 kB
VmallocUsed:      332096 kB
VmallocChunk:   247561408 kB
Time pass: 296 sec

---2015-12-05 01:40:17
MemTotal:        2746844 kB
MemFree:           82460 kB
Buffers:            8500 kB
Cached:           715980 kB
SwapCached:         2500 kB
Active:           814372 kB
Inactive:         756692 kB
Active(anon):     437704 kB
Inactive(anon):   429340 kB
Active(file):     376668 kB
Inactive(file):   327352 kB
Unevictable:       35692 kB
Mlocked:           27720 kB
SwapTotal:       1310716 kB
SwapFree:        1201676 kB
Dirty:               120 kB
Writeback:             0 kB
AnonPages:        880536 kB
Mapped:           449724 kB
Shmem:              1476 kB
Slab:             109160 kB
SReclaimable:      32108 kB
SUnreclaim:        77052 kB
KernelStack:       32400 kB
PageTables:        59652 kB
NFS_Unstable:          0 kB
Bounce:                0 kB
WritebackTmp:          0 kB
CommitLimit:     2684136 kB
Committed_AS:   146013872 kB
VmallocTotal:   251658176 kB
VmallocUsed:      332096 kB
VmallocChunk:   247561408 kB
Time pass: 299 sec

---2015-12-05 01:40:17
MemTotal:        2746844 kB
MemFree:           83600 kB
Buffers:            8500 kB
Cached:           715980 kB
SwapCached:         2500 kB
Active:           813788 kB
Inactive:         756684 kB
Active(anon):     437116 kB
Inactive(anon):   429340 kB
Active(file):     376672 kB
Inactive(file):   327344 kB
Unevictable:       35692 kB
Mlocked:           27720 kB
SwapTotal:       1310716 kB
SwapFree:        1201676 kB
Dirty:                 0 kB
Writeback:             0 kB
AnonPages:        880516 kB
Mapped:           449856 kB
Shmem:              1476 kB
Slab:             109120 kB
SReclaimable:      32108 kB
SUnreclaim:        77012 kB
KernelStack:       32416 kB
PageTables:        59656 kB
NFS_Unstable:          0 kB
Bounce:                0 kB
WritebackTmp:          0 kB
CommitLimit:     2684136 kB
Committed_AS:   146013844 kB
VmallocTotal:   251658176 kB
VmallocUsed:      332096 kB
VmallocChunk:   247561408 kB
Time pass: 303 sec

---2015-12-05 01:40:17
MemTotal:        2746844 kB
MemFree:           83364 kB
Buffers:            8524 kB
Cached:           715964 kB
SwapCached:         2500 kB
Active:           814324 kB
Inactive:         756676 kB
Active(anon):     437652 kB
Inactive(anon):   429324 kB
Active(file):     376672 kB
Inactive(file):   327352 kB
Unevictable:       35692 kB
Mlocked:           27720 kB
SwapTotal:       1310716 kB
SwapFree:        1201676 kB
Dirty:                52 kB
Writeback:             0 kB
AnonPages:        880508 kB
Mapped:           449856 kB
Shmem:              1476 kB
Slab:             109184 kB
SReclaimable:      32108 kB
SUnreclaim:        77076 kB
KernelStack:       32400 kB
PageTables:        59652 kB
NFS_Unstable:          0 kB
Bounce:                0 kB
WritebackTmp:          0 kB
CommitLimit:     2684136 kB
Committed_AS:   146013864 kB
VmallocTotal:   251658176 kB
VmallocUsed:      332096 kB
VmallocChunk:   247561408 kB
Time pass: 306 sec

---2015-12-05 01:40:17
MemTotal:        2746844 kB
MemFree:           82892 kB
Buffers:            8524 kB
Cached:           716564 kB
SwapCached:         2500 kB
Active:           814532 kB
Inactive:         757076 kB
Active(anon):     437860 kB
Inactive(anon):   429316 kB
Active(file):     376672 kB
Inactive(file):   327760 kB
Unevictable:       35692 kB
Mlocked:           27720 kB
SwapTotal:       1310716 kB
SwapFree:        1201676 kB
Dirty:                 0 kB
Writeback:             0 kB
AnonPages:        880616 kB
Mapped:           449856 kB
Shmem:              1476 kB
Slab:             109128 kB
SReclaimable:      32108 kB
SUnreclaim:        77020 kB
KernelStack:       32400 kB
PageTables:        59652 kB
NFS_Unstable:          0 kB
Bounce:                0 kB
WritebackTmp:          0 kB
CommitLimit:     2684136 kB
Committed_AS:   146013888 kB
VmallocTotal:   251658176 kB
VmallocUsed:      332096 kB
VmallocChunk:   247561408 kB
Time pass: 309 sec

---2015-12-05 01:40:17
MemTotal:        2746844 kB
MemFree:           81460 kB
Buffers:            8532 kB
Cached:           718072 kB
SwapCached:         2500 kB
Active:           812208 kB
Inactive:         758784 kB
Active(anon):     435536 kB
Inactive(anon):   429308 kB
Active(file):     376672 kB
Inactive(file):   329476 kB
Unevictable:       35692 kB
Mlocked:           27720 kB
SwapTotal:       1310716 kB
SwapFree:        1201676 kB
Dirty:                32 kB
Writeback:             0 kB
AnonPages:        878292 kB
Mapped:           450100 kB
Shmem:              1468 kB
Slab:             109120 kB
SReclaimable:      32108 kB
SUnreclaim:        77012 kB
KernelStack:       32432 kB
PageTables:        59684 kB
NFS_Unstable:          0 kB
Bounce:                0 kB
WritebackTmp:          0 kB
CommitLimit:     2684136 kB
Committed_AS:   146007396 kB
VmallocTotal:   251658176 kB
VmallocUsed:      332096 kB
VmallocChunk:   247561408 kB
Time pass: 313 sec

---2015-12-05 01:40:17
MemTotal:        2746844 kB
MemFree:           84212 kB
Buffers:            8548 kB
Cached:           718080 kB
SwapCached:         2500 kB
Active:           809936 kB
Inactive:         758784 kB
Active(anon):     433244 kB
Inactive(anon):   429308 kB
Active(file):     376692 kB
Inactive(file):   329476 kB
Unevictable:       35692 kB
Mlocked:           27720 kB
SwapTotal:       1310716 kB
SwapFree:        1201676 kB
Dirty:                72 kB
Writeback:             0 kB
AnonPages:        875628 kB
Mapped:           455436 kB
Shmem:              1468 kB
Slab:             109128 kB
SReclaimable:      32108 kB
SUnreclaim:        77020 kB
KernelStack:       32864 kB
PageTables:        60172 kB
NFS_Unstable:          0 kB
Bounce:                0 kB
WritebackTmp:          0 kB
CommitLimit:     2684136 kB
Committed_AS:   147268756 kB
VmallocTotal:   251658176 kB
VmallocUsed:      333116 kB
VmallocChunk:   247561408 kB
Time pass: 316 sec

---2015-12-05 01:40:17
MemTotal:        2746844 kB
MemFree:           89208 kB
Buffers:            8556 kB
Cached:           718064 kB
SwapCached:         2500 kB
Active:           805008 kB
Inactive:         758796 kB
Active(anon):     428336 kB
Inactive(anon):   429304 kB
Active(file):     376672 kB
Inactive(file):   329492 kB
Unevictable:       35692 kB
Mlocked:           27720 kB
SwapTotal:       1310716 kB
SwapFree:        1201676 kB
Dirty:                36 kB
Writeback:             0 kB
AnonPages:        871100 kB
Mapped:           450020 kB
Shmem:              1468 kB
Slab:             109104 kB
SReclaimable:      32108 kB
SUnreclaim:        76996 kB
KernelStack:       32432 kB
PageTables:        59656 kB
NFS_Unstable:          0 kB
Bounce:                0 kB
WritebackTmp:          0 kB
CommitLimit:     2684136 kB
Committed_AS:   146007320 kB
VmallocTotal:   251658176 kB
VmallocUsed:      332096 kB
VmallocChunk:   247561408 kB
Time pass: 320 sec

---2015-12-05 01:40:17
MemTotal:        2746844 kB
MemFree:           88148 kB
Buffers:            8596 kB
Cached:           718072 kB
SwapCached:         2500 kB
Active:           805812 kB
Inactive:         758800 kB
Active(anon):     429116 kB
Inactive(anon):   429300 kB
Active(file):     376696 kB
Inactive(file):   329500 kB
Unevictable:       35692 kB
Mlocked:           27720 kB
SwapTotal:       1310716 kB
SwapFree:        1201676 kB
Dirty:               132 kB
Writeback:             0 kB
AnonPages:        871776 kB
Mapped:           450020 kB
Shmem:              1468 kB
Slab:             109104 kB
SReclaimable:      32108 kB
SUnreclaim:        76996 kB
KernelStack:       32448 kB
PageTables:        59696 kB
NFS_Unstable:          0 kB
Bounce:                0 kB
WritebackTmp:          0 kB
CommitLimit:     2684136 kB
Committed_AS:   146011544 kB
VmallocTotal:   251658176 kB
VmallocUsed:      332096 kB
VmallocChunk:   247561408 kB
Time pass: 324 sec

---2015-12-05 01:40:17
MemTotal:        2746844 kB
MemFree:           86252 kB
Buffers:            8596 kB
Cached:           718720 kB
SwapCached:         2500 kB
Active:           805480 kB
Inactive:         759380 kB
Active(anon):     428784 kB
Inactive(anon):   429244 kB
Active(file):     376696 kB
Inactive(file):   330136 kB
Unevictable:       35692 kB
Mlocked:           27720 kB
SwapTotal:       1310716 kB
SwapFree:        1201680 kB
Dirty:               132 kB
Writeback:             0 kB
AnonPages:        871516 kB
Mapped:           450104 kB
Shmem:              1468 kB
Slab:             109136 kB
SReclaimable:      32108 kB
SUnreclaim:        77028 kB
KernelStack:       32480 kB
PageTables:        59660 kB
NFS_Unstable:          0 kB
Bounce:                0 kB
WritebackTmp:          0 kB
CommitLimit:     2684136 kB
Committed_AS:   146011576 kB
VmallocTotal:   251658176 kB
VmallocUsed:      332096 kB
VmallocChunk:   247561408 kB
Time pass: 328 sec

---2015-12-05 01:40:17
MemTotal:        2746844 kB
MemFree:           89092 kB
Buffers:            8620 kB
Cached:           718724 kB
SwapCached:         2500 kB
Active:           802824 kB
Inactive:         759400 kB
Active(anon):     426128 kB
Inactive(anon):   429248 kB
Active(file):     376696 kB
Inactive(file):   330152 kB
Unevictable:       35692 kB
Mlocked:           27720 kB
SwapTotal:       1310716 kB
SwapFree:        1201680 kB
Dirty:                48 kB
Writeback:             0 kB
AnonPages:        869052 kB
Mapped:           450108 kB
Shmem:              1472 kB
Slab:             109104 kB
SReclaimable:      32108 kB
SUnreclaim:        76996 kB
KernelStack:       32480 kB
PageTables:        59660 kB
NFS_Unstable:          0 kB
Bounce:                0 kB
WritebackTmp:          0 kB
CommitLimit:     2684136 kB
Committed_AS:   146011528 kB
VmallocTotal:   251658176 kB
VmallocUsed:      332096 kB
VmallocChunk:   247561408 kB
Time pass: 331 sec

---2015-12-05 01:40:17
MemTotal:        2746844 kB
MemFree:           84156 kB
Buffers:            8620 kB
Cached:           718728 kB
SwapCached:         2496 kB
Active:           806092 kB
Inactive:         759408 kB
Active(anon):     429396 kB
Inactive(anon):   429248 kB
Active(file):     376696 kB
Inactive(file):   330160 kB
Unevictable:       35692 kB
Mlocked:           27720 kB
SwapTotal:       1310716 kB
SwapFree:        1201684 kB
Dirty:                 0 kB
Writeback:             0 kB
AnonPages:        871816 kB
Mapped:           453768 kB
Shmem:              1472 kB
Slab:             109160 kB
SReclaimable:      32108 kB
SUnreclaim:        77052 kB
KernelStack:       32464 kB
PageTables:        59952 kB
NFS_Unstable:          0 kB
Bounce:                0 kB
WritebackTmp:          0 kB
CommitLimit:     2684136 kB
Committed_AS:   147264320 kB
VmallocTotal:   251658176 kB
VmallocUsed:      333116 kB
VmallocChunk:   247561408 kB
Time pass: 335 sec

---2015-12-05 01:40:17
MemTotal:        2746844 kB
MemFree:           87304 kB
Buffers:            8644 kB
Cached:           718864 kB
SwapCached:         2496 kB
Active:           803532 kB
Inactive:         759588 kB
Active(anon):     426836 kB
Inactive(anon):   429236 kB
Active(file):     376696 kB
Inactive(file):   330352 kB
Unevictable:       35692 kB
Mlocked:           27720 kB
SwapTotal:       1310716 kB
SwapFree:        1201684 kB
Dirty:               108 kB
Writeback:             0 kB
AnonPages:        869652 kB
Mapped:           450120 kB
Shmem:              1472 kB
Slab:             109128 kB
SReclaimable:      32108 kB
SUnreclaim:        77020 kB
KernelStack:       32496 kB
PageTables:        59660 kB
NFS_Unstable:          0 kB
Bounce:                0 kB
WritebackTmp:          0 kB
CommitLimit:     2684136 kB
Committed_AS:   146011588 kB
VmallocTotal:   251658176 kB
VmallocUsed:      332096 kB
VmallocChunk:   247561408 kB
Time pass: 338 sec

---2015-12-05 01:40:17
MemTotal:        2746844 kB
MemFree:           90744 kB
Buffers:            8644 kB
Cached:           718880 kB
SwapCached:         2496 kB
Active:           801512 kB
Inactive:         759604 kB
Active(anon):     424816 kB
Inactive(anon):   429236 kB
Active(file):     376696 kB
Inactive(file):   330368 kB
Unevictable:       35692 kB
Mlocked:           27720 kB
SwapTotal:       1310716 kB
SwapFree:        1201684 kB
Dirty:                 0 kB
Writeback:             0 kB
AnonPages:        867232 kB
Mapped:           450204 kB
Shmem:              1472 kB
Slab:             109160 kB
SReclaimable:      32108 kB
SUnreclaim:        77052 kB
KernelStack:       32464 kB
PageTables:        59692 kB
NFS_Unstable:          0 kB
Bounce:                0 kB
WritebackTmp:          0 kB
CommitLimit:     2684136 kB
Committed_AS:   146011460 kB
VmallocTotal:   251658176 kB
VmallocUsed:      332096 kB
VmallocChunk:   247561408 kB
Time pass: 342 sec

---2015-12-05 01:40:17
MemTotal:        2746844 kB
MemFree:           91036 kB
Buffers:            8652 kB
Cached:           718880 kB
SwapCached:         2496 kB
Active:           801528 kB
Inactive:         759612 kB
Active(anon):     424832 kB
Inactive(anon):   429236 kB
Active(file):     376696 kB
Inactive(file):   330376 kB
Unevictable:       35692 kB
Mlocked:           27720 kB
SwapTotal:       1310716 kB
SwapFree:        1201684 kB
Dirty:                52 kB
Writeback:             0 kB
AnonPages:        867404 kB
Mapped:           450204 kB
Shmem:              1472 kB
Slab:             109140 kB
SReclaimable:      32108 kB
SUnreclaim:        77032 kB
KernelStack:       32464 kB
PageTables:        59696 kB
NFS_Unstable:          0 kB
Bounce:                0 kB
WritebackTmp:          0 kB
CommitLimit:     2684136 kB
Committed_AS:   146011468 kB
VmallocTotal:   251658176 kB
VmallocUsed:      332096 kB
VmallocChunk:   247561408 kB
Time pass: 345 sec

---2015-12-05 01:40:17
MemTotal:        2746844 kB
MemFree:           90376 kB
Buffers:            8668 kB
Cached:           718880 kB
SwapCached:         2496 kB
Active:           801864 kB
Inactive:         759620 kB
Active(anon):     425168 kB
Inactive(anon):   429228 kB
Active(file):     376696 kB
Inactive(file):   330392 kB
Unevictable:       35692 kB
Mlocked:           27720 kB
SwapTotal:       1310716 kB
SwapFree:        1201684 kB
Dirty:                64 kB
Writeback:             0 kB
AnonPages:        867964 kB
Mapped:           450204 kB
Shmem:              1472 kB
Slab:             109212 kB
SReclaimable:      32108 kB
SUnreclaim:        77104 kB
KernelStack:       32464 kB
PageTables:        59696 kB
NFS_Unstable:          0 kB
Bounce:                0 kB
WritebackTmp:          0 kB
CommitLimit:     2684136 kB
Committed_AS:   146011488 kB
VmallocTotal:   251658176 kB
VmallocUsed:      332096 kB
VmallocChunk:   247561408 kB
Time pass: 349 sec

---2015-12-05 01:40:17
MemTotal:        2746844 kB
MemFree:           91124 kB
Buffers:            8676 kB
Cached:           718880 kB
SwapCached:         2496 kB
Active:           801884 kB
Inactive:         759620 kB
Active(anon):     425188 kB
Inactive(anon):   429228 kB
Active(file):     376696 kB
Inactive(file):   330392 kB
Unevictable:       35692 kB
Mlocked:           27720 kB
SwapTotal:       1310716 kB
SwapFree:        1201684 kB
Dirty:                 0 kB
Writeback:             0 kB
AnonPages:        868088 kB
Mapped:           450204 kB
Shmem:              1472 kB
Slab:             109204 kB
SReclaimable:      32108 kB
SUnreclaim:        77096 kB
KernelStack:       32464 kB
