---2015-12-10 12:23:27
MemTotal:        1350964 kB
MemFree:           42216 kB
Buffers:            8384 kB
Cached:           685492 kB
SwapCached:            0 kB
Active:           601436 kB
Inactive:         520064 kB
Active(anon):     429680 kB
Inactive(anon):     1152 kB
Active(file):     171756 kB
Inactive(file):   518912 kB
Unevictable:        1988 kB
Mlocked:               0 kB
HighTotal:        802816 kB
HighFree:           1528 kB
LowTotal:         548148 kB
LowFree:           40688 kB
SwapTotal:             0 kB
SwapFree:              0 kB
Dirty:                 0 kB
Writeback:             0 kB
AnonPages:        429776 kB
Mapped:           194428 kB
Shmem:              1196 kB
Slab:              32204 kB
SReclaimable:      11476 kB
SUnreclaim:        20728 kB
KernelStack:        9056 kB
PageTables:        19248 kB
NFS_Unstable:          0 kB
Bounce:                0 kB
WritebackTmp:          0 kB
CommitLimit:      675480 kB
Committed_AS:   45763128 kB
VmallocTotal:     253952 kB
VmallocUsed:       90324 kB
VmallocChunk:      48132 kB
Time pass: 3 sec

---2015-12-10 12:23:27
MemTotal:        1350964 kB
MemFree:           42216 kB
Buffers:            8384 kB
Cached:           685492 kB
SwapCached:            0 kB
Active:           601492 kB
Inactive:         520088 kB
Active(anon):     429736 kB
Inactive(anon):     1152 kB
Active(file):     171756 kB
Inactive(file):   518936 kB
Unevictable:        1988 kB
Mlocked:               0 kB
HighTotal:        802816 kB
HighFree:           1528 kB
LowTotal:         548148 kB
LowFree:           40688 kB
SwapTotal:             0 kB
SwapFree:              0 kB
Dirty:                 0 kB
Writeback:             0 kB
AnonPages:        429744 kB
Mapped:           194432 kB
Shmem:              1196 kB
Slab:              32220 kB
SReclaimable:      11476 kB
SUnreclaim:        20744 kB
KernelStack:        9040 kB
PageTables:        19240 kB
NFS_Unstable:          0 kB
Bounce:                0 kB
WritebackTmp:          0 kB
CommitLimit:      675480 kB
Committed_AS:   45763080 kB
VmallocTotal:     253952 kB
VmallocUsed:       90324 kB
VmallocChunk:      48132 kB
Time pass: 7 sec

---2015-12-10 12:23:27
MemTotal:        1350964 kB
MemFree:           42440 kB
Buffers:            8384 kB
Cached:           685492 kB
SwapCached:            0 kB
Active:           601456 kB
Inactive:         520076 kB
Active(anon):     429688 kB
Inactive(anon):     1152 kB
Active(file):     171768 kB
Inactive(file):   518924 kB
Unevictable:        1988 kB
Mlocked:               0 kB
HighTotal:        802816 kB
HighFree:           1528 kB
LowTotal:         548148 kB
LowFree:           40912 kB
SwapTotal:             0 kB
SwapFree:              0 kB
Dirty:                 0 kB
Writeback:             0 kB
AnonPages:        429596 kB
Mapped:           194284 kB
Shmem:              1196 kB
Slab:              32316 kB
SReclaimable:      11476 kB
SUnreclaim:        20840 kB
KernelStack:        9032 kB
PageTables:        19240 kB
NFS_Unstable:          0 kB
Bounce:                0 kB
WritebackTmp:          0 kB
CommitLimit:      675480 kB
Committed_AS:   45763016 kB
VmallocTotal:     253952 kB
VmallocUsed:       90324 kB
VmallocChunk:      48132 kB
Time pass: 10 sec

---2015-12-10 12:23:27
MemTotal:        1350964 kB
MemFree:           42084 kB
Buffers:            8384 kB
Cached:           685492 kB
SwapCached:            0 kB
Active:           601500 kB
Inactive:         520076 kB
Active(anon):     429732 kB
Inactive(anon):     1152 kB
Active(file):     171768 kB
Inactive(file):   518924 kB
Unevictable:        1988 kB
Mlocked:               0 kB
HighTotal:        802816 kB
HighFree:           1528 kB
LowTotal:         548148 kB
LowFree:           40556 kB
SwapTotal:             0 kB
SwapFree:              0 kB
Dirty:                 0 kB
Writeback:             0 kB
AnonPages:        429680 kB
Mapped:           194412 kB
Shmem:              1196 kB
Slab:              32408 kB
SReclaimable:      11476 kB
SUnreclaim:        20932 kB
KernelStack:        9096 kB
PageTables:        19296 kB
NFS_Unstable:          0 kB
Bounce:                0 kB
WritebackTmp:          0 kB
CommitLimit:      675480 kB
Committed_AS:   45763020 kB
VmallocTotal:     253952 kB
VmallocUsed:       90324 kB
VmallocChunk:      48132 kB
Time pass: 14 sec

---2015-12-10 12:23:27
MemTotal:        1350964 kB
MemFree:           41920 kB
Buffers:            8384 kB
Cached:           685492 kB
SwapCached:            0 kB
Active:           601988 kB
Inactive:         520076 kB
Active(anon):     430220 kB
Inactive(anon):     1152 kB
Active(file):     171768 kB
Inactive(file):   518924 kB
Unevictable:        1988 kB
Mlocked:               0 kB
HighTotal:        802816 kB
HighFree:           1528 kB
LowTotal:         548148 kB
LowFree:           40392 kB
SwapTotal:             0 kB
SwapFree:              0 kB
Dirty:                 0 kB
Writeback:             0 kB
AnonPages:        430412 kB
Mapped:           194284 kB
Shmem:              1196 kB
Slab:              32396 kB
SReclaimable:      11476 kB
SUnreclaim:        20920 kB
KernelStack:        9032 kB
PageTables:        19240 kB
NFS_Unstable:          0 kB
Bounce:                0 kB
WritebackTmp:          0 kB
CommitLimit:      675480 kB
Committed_AS:   45763816 kB
VmallocTotal:     253952 kB
VmallocUsed:       90324 kB
VmallocChunk:      48132 kB
Time pass: 18 sec

---2015-12-10 12:23:27
MemTotal:        1350964 kB
MemFree:           28644 kB
Buffers:            7636 kB
Cached:           678556 kB
SwapCached:            0 kB
Active:           621552 kB
Inactive:         509716 kB
Active(anon):     447440 kB
Inactive(anon):     1152 kB
Active(file):     174112 kB
Inactive(file):   508564 kB
Unevictable:        1988 kB
Mlocked:               0 kB
HighTotal:        802816 kB
HighFree:           2672 kB
LowTotal:         548148 kB
LowFree:           25972 kB
SwapTotal:             0 kB
SwapFree:              0 kB
Dirty:               804 kB
Writeback:             0 kB
AnonPages:        447516 kB
Mapped:           209048 kB
Shmem:              1196 kB
Slab:              32496 kB
SReclaimable:      11536 kB
SUnreclaim:        20960 kB
KernelStack:        9184 kB
PageTables:        19756 kB
NFS_Unstable:          0 kB
Bounce:                0 kB
WritebackTmp:          0 kB
CommitLimit:      675480 kB
Committed_AS:   46670032 kB
VmallocTotal:     253952 kB
VmallocUsed:       92260 kB
VmallocChunk:      48132 kB
Time pass: 21 sec

---2015-12-10 12:23:27
MemTotal:        1350964 kB
MemFree:           32556 kB
Buffers:            7564 kB
Cached:           631872 kB
SwapCached:            0 kB
Active:           637796 kB
Inactive:         456996 kB
Active(anon):     457388 kB
Inactive(anon):     1152 kB
Active(file):     180408 kB
Inactive(file):   455844 kB
Unevictable:        1988 kB
Mlocked:               0 kB
HighTotal:        802816 kB
HighFree:           2768 kB
LowTotal:         548148 kB
LowFree:           29788 kB
SwapTotal:             0 kB
SwapFree:              0 kB
Dirty:               340 kB
Writeback:             0 kB
AnonPages:        457404 kB
Mapped:           212232 kB
Shmem:              1196 kB
Slab:              32700 kB
SReclaimable:      11652 kB
SUnreclaim:        21048 kB
KernelStack:        9248 kB
PageTables:        19700 kB
NFS_Unstable:          0 kB
Bounce:                0 kB
WritebackTmp:          0 kB
CommitLimit:      675480 kB
Committed_AS:   46647512 kB
VmallocTotal:     253952 kB
VmallocUsed:       92260 kB
VmallocChunk:      48132 kB
Time pass: 25 sec

---2015-12-10 12:23:27
MemTotal:        1350964 kB
MemFree:           36584 kB
Buffers:            7572 kB
Cached:           614232 kB
SwapCached:            0 kB
Active:           640660 kB
Inactive:         439108 kB
Active(anon):     459996 kB
Inactive(anon):     1152 kB
Active(file):     180664 kB
Inactive(file):   437956 kB
Unevictable:        1988 kB
Mlocked:               0 kB
HighTotal:        802816 kB
HighFree:           2108 kB
LowTotal:         548148 kB
LowFree:           34476 kB
SwapTotal:             0 kB
SwapFree:              0 kB
Dirty:               188 kB
Writeback:             0 kB
AnonPages:        460140 kB
Mapped:           212340 kB
Shmem:              1196 kB
Slab:              32688 kB
SReclaimable:      11652 kB
SUnreclaim:        21036 kB
KernelStack:        9248 kB
PageTables:        19748 kB
NFS_Unstable:          0 kB
Bounce:                0 kB
WritebackTmp:          0 kB
CommitLimit:      675480 kB
Committed_AS:   46664392 kB
VmallocTotal:     253952 kB
VmallocUsed:       92260 kB
VmallocChunk:      48132 kB
Time pass: 28 sec

---2015-12-10 12:23:27
MemTotal:        1350964 kB
MemFree:           31392 kB
Buffers:            7572 kB
Cached:           614400 kB
SwapCached:            0 kB
Active:           640100 kB
Inactive:         439260 kB
Active(anon):     459424 kB
Inactive(anon):     1152 kB
Active(file):     180676 kB
Inactive(file):   438108 kB
Unevictable:        1988 kB
Mlocked:               0 kB
HighTotal:        802816 kB
HighFree:           1788 kB
LowTotal:         548148 kB
LowFree:           29604 kB
SwapTotal:             0 kB
SwapFree:              0 kB
Dirty:               192 kB
Writeback:             0 kB
AnonPages:        459452 kB
Mapped:           212408 kB
Shmem:              1196 kB
Slab:              32724 kB
SReclaimable:      11656 kB
SUnreclaim:        21068 kB
KernelStack:        9248 kB
PageTables:        19760 kB
NFS_Unstable:          0 kB
Bounce:                0 kB
WritebackTmp:          0 kB
CommitLimit:      675480 kB
Committed_AS:   46669932 kB
VmallocTotal:     253952 kB
VmallocUsed:       92260 kB
VmallocChunk:      48132 kB
Time pass: 32 sec

---2015-12-10 12:23:27
MemTotal:        1350964 kB
MemFree:           30952 kB
Buffers:            7580 kB
Cached:           614400 kB
SwapCached:            0 kB
Active:           640032 kB
Inactive:         439260 kB
Active(anon):     459356 kB
Inactive(anon):     1152 kB
Active(file):     180676 kB
Inactive(file):   438108 kB
Unevictable:        1988 kB
Mlocked:               0 kB
HighTotal:        802816 kB
HighFree:           1612 kB
LowTotal:         548148 kB
LowFree:           29340 kB
SwapTotal:             0 kB
SwapFree:              0 kB
Dirty:                68 kB
Writeback:             0 kB
AnonPages:        459376 kB
Mapped:           212408 kB
Shmem:              1196 kB
Slab:              32740 kB
SReclaimable:      11656 kB
SUnreclaim:        21084 kB
KernelStack:        9248 kB
PageTables:        19764 kB
NFS_Unstable:          0 kB
Bounce:                0 kB
WritebackTmp:          0 kB
CommitLimit:      675480 kB
Committed_AS:   46669604 kB
VmallocTotal:     253952 kB
VmallocUsed:       92260 kB
VmallocChunk:      48132 kB
Time pass: 35 sec

---2015-12-10 12:23:27
MemTotal:        1350964 kB
MemFree:           32376 kB
Buffers:            7564 kB
Cached:           569060 kB
SwapCached:            0 kB
Active:           655732 kB
Inactive:         393444 kB
Active(anon):     474584 kB
Inactive(anon):     1152 kB
Active(file):     181148 kB
Inactive(file):   392292 kB
Unevictable:        1988 kB
Mlocked:               0 kB
HighTotal:        802816 kB
HighFree:           2804 kB
LowTotal:         548148 kB
LowFree:           29572 kB
SwapTotal:             0 kB
SwapFree:              0 kB
Dirty:                 8 kB
Writeback:             0 kB
AnonPages:        474644 kB
Mapped:           212872 kB
Shmem:              1196 kB
Slab:              32732 kB
SReclaimable:      11660 kB
SUnreclaim:        21072 kB
KernelStack:        9264 kB
PageTables:        20000 kB
NFS_Unstable:          0 kB
Bounce:                0 kB
WritebackTmp:          0 kB
CommitLimit:      675480 kB
Committed_AS:   46788676 kB
VmallocTotal:     253952 kB
VmallocUsed:       92692 kB
VmallocChunk:      48132 kB
Time pass: 39 sec

---2015-12-10 12:23:27
MemTotal:        1350964 kB
MemFree:           32524 kB
Buffers:            7564 kB
Cached:           561100 kB
SwapCached:            0 kB
Active:           659952 kB
Inactive:         385444 kB
Active(anon):     478780 kB
Inactive(anon):     1152 kB
Active(file):     181172 kB
Inactive(file):   384292 kB
Unevictable:        1988 kB
Mlocked:               0 kB
HighTotal:        802816 kB
HighFree:           2476 kB
LowTotal:         548148 kB
LowFree:           30048 kB
SwapTotal:             0 kB
SwapFree:              0 kB
Dirty:                 8 kB
Writeback:             0 kB
AnonPages:        478736 kB
Mapped:           212988 kB
Shmem:              1196 kB
Slab:              32752 kB
SReclaimable:      11660 kB
SUnreclaim:        21092 kB
KernelStack:        9264 kB
PageTables:        20004 kB
NFS_Unstable:          0 kB
Bounce:                0 kB
WritebackTmp:          0 kB
CommitLimit:      675480 kB
Committed_AS:   46792432 kB
VmallocTotal:     253952 kB
VmallocUsed:       92692 kB
VmallocChunk:      48132 kB
Time pass: 43 sec

---2015-12-10 12:23:27
MemTotal:        1350964 kB
MemFree:           45260 kB
Buffers:            7572 kB
Cached:           561816 kB
SwapCached:            0 kB
Active:           669504 kB
Inactive:         385992 kB
Active(anon):     488148 kB
Inactive(anon):     1156 kB
Active(file):     181356 kB
Inactive(file):   384836 kB
Unevictable:        1988 kB
Mlocked:               0 kB
HighTotal:        802816 kB
HighFree:           6964 kB
LowTotal:         548148 kB
LowFree:           38296 kB
SwapTotal:             0 kB
SwapFree:              0 kB
Dirty:               204 kB
Writeback:             0 kB
AnonPages:        488080 kB
Mapped:           213960 kB
Shmem:              1200 kB
Slab:              32800 kB
SReclaimable:      11688 kB
SUnreclaim:        21112 kB
KernelStack:        9280 kB
PageTables:        19992 kB
NFS_Unstable:          0 kB
Bounce:                0 kB
WritebackTmp:          0 kB
CommitLimit:      675480 kB
Committed_AS:   46771936 kB
VmallocTotal:     253952 kB
VmallocUsed:       92692 kB
VmallocChunk:      48132 kB
Time pass: 46 sec

---2015-12-10 12:23:27
MemTotal:        1350964 kB
MemFree:           31776 kB
Buffers:            7580 kB
Cached:           563040 kB
SwapCached:            0 kB
Active:           673192 kB
Inactive:         387084 kB
Active(anon):     491700 kB
Inactive(anon):     1156 kB
Active(file):     181492 kB
Inactive(file):   385928 kB
Unevictable:        1988 kB
Mlocked:               0 kB
HighTotal:        802816 kB
HighFree:           1564 kB
LowTotal:         548148 kB
LowFree:           30212 kB
SwapTotal:             0 kB
SwapFree:              0 kB
Dirty:               300 kB
Writeback:             0 kB
AnonPages:        491716 kB
Mapped:           214224 kB
Shmem:              1200 kB
Slab:              32952 kB
SReclaimable:      11708 kB
SUnreclaim:        21244 kB
KernelStack:        9304 kB
PageTables:        20008 kB
NFS_Unstable:          0 kB
Bounce:                0 kB
WritebackTmp:          0 kB
CommitLimit:      675480 kB
Committed_AS:   46783704 kB
VmallocTotal:     253952 kB
VmallocUsed:       92692 kB
VmallocChunk:      48132 kB
Time pass: 50 sec

---2015-12-10 12:23:27
MemTotal:        1350964 kB
MemFree:           32652 kB
Buffers:            7588 kB
Cached:           556872 kB
SwapCached:            0 kB
Active:           673772 kB
Inactive:         380928 kB
Active(anon):     492272 kB
Inactive(anon):     1156 kB
Active(file):     181500 kB
Inactive(file):   379772 kB
Unevictable:        1988 kB
Mlocked:               0 kB
HighTotal:        802816 kB
HighFree:           2184 kB
LowTotal:         548148 kB
LowFree:           30468 kB
SwapTotal:             0 kB
SwapFree:              0 kB
Dirty:                 0 kB
Writeback:             0 kB
AnonPages:        492360 kB
Mapped:           214280 kB
Shmem:              1200 kB
Slab:              32980 kB
SReclaimable:      11708 kB
SUnreclaim:        21272 kB
KernelStack:        9320 kB
PageTables:        20036 kB
NFS_Unstable:          0 kB
Bounce:                0 kB
WritebackTmp:          0 kB
CommitLimit:      675480 kB
Committed_AS:   46788696 kB
VmallocTotal:     253952 kB
VmallocUsed:       92692 kB
VmallocChunk:      48132 kB
Time pass: 53 sec

---2015-12-10 12:23:27
MemTotal:        1350964 kB
MemFree:           30604 kB
Buffers:            7588 kB
Cached:           557260 kB
SwapCached:            0 kB
Active:           675516 kB
Inactive:         380880 kB
Active(anon):     494000 kB
Inactive(anon):     1156 kB
Active(file):     181516 kB
Inactive(file):   379724 kB
Unevictable:        1988 kB
Mlocked:               0 kB
HighTotal:        802816 kB
HighFree:           1864 kB
LowTotal:         548148 kB
LowFree:           28740 kB
SwapTotal:             0 kB
SwapFree:              0 kB
Dirty:                48 kB
Writeback:             0 kB
AnonPages:        493992 kB
Mapped:           214564 kB
Shmem:              1200 kB
Slab:              32992 kB
SReclaimable:      11712 kB
SUnreclaim:        21280 kB
KernelStack:        9320 kB
PageTables:        20036 kB
NFS_Unstable:          0 kB
Bounce:                0 kB
WritebackTmp:          0 kB
CommitLimit:      675480 kB
Committed_AS:   46790528 kB
VmallocTotal:     253952 kB
VmallocUsed:       92692 kB
VmallocChunk:      48132 kB
Time pass: 57 sec

---2015-12-10 12:23:27
MemTotal:        1350964 kB
MemFree:           30472 kB
Buffers:            7596 kB
Cached:           551168 kB
SwapCached:            0 kB
Active:           676584 kB
Inactive:         375068 kB
Active(anon):     494968 kB
Inactive(anon):     1156 kB
Active(file):     181616 kB
Inactive(file):   373912 kB
Unevictable:        1988 kB
Mlocked:               0 kB
HighTotal:        802816 kB
HighFree:           1564 kB
LowTotal:         548148 kB
LowFree:           28908 kB
SwapTotal:             0 kB
SwapFree:              0 kB
Dirty:               232 kB
Writeback:             0 kB
AnonPages:        494924 kB
Mapped:           215148 kB
Shmem:              1200 kB
Slab:              32956 kB
SReclaimable:      11668 kB
SUnreclaim:        21288 kB
KernelStack:        9312 kB
PageTables:        20040 kB
NFS_Unstable:          0 kB
Bounce:                0 kB
WritebackTmp:          0 kB
CommitLimit:      675480 kB
Committed_AS:   46797056 kB
VmallocTotal:     253952 kB
VmallocUsed:       92692 kB
VmallocChunk:      48132 kB
Time pass: 61 sec

---2015-12-10 12:23:27
MemTotal:        1350964 kB
MemFree:           31540 kB
Buffers:            7604 kB
Cached:           549264 kB
SwapCached:            0 kB
Active:           676836 kB
Inactive:         373208 kB
Active(anon):     495216 kB
Inactive(anon):     1156 kB
Active(file):     181620 kB
Inactive(file):   372052 kB
Unevictable:        1988 kB
Mlocked:               0 kB
HighTotal:        802816 kB
HighFree:           2432 kB
LowTotal:         548148 kB
LowFree:           29108 kB
SwapTotal:             0 kB
SwapFree:              0 kB
Dirty:                40 kB
Writeback:             0 kB
AnonPages:        495344 kB
Mapped:           215200 kB
Shmem:              1200 kB
Slab:              32988 kB
SReclaimable:      11676 kB
SUnreclaim:        21312 kB
KernelStack:        9328 kB
PageTables:        20056 kB
NFS_Unstable:          0 kB
Bounce:                0 kB
WritebackTmp:          0 kB
CommitLimit:      675480 kB
Committed_AS:   46797280 kB
VmallocTotal:     253952 kB
VmallocUsed:       92692 kB
VmallocChunk:      48132 kB
Time pass: 64 sec

---2015-12-10 12:23:27
MemTotal:        1350964 kB
MemFree:           33020 kB
Buffers:            7604 kB
Cached:           537268 kB
SwapCached:            0 kB
Active:           683284 kB
Inactive:         358828 kB
Active(anon):     499272 kB
Inactive(anon):     1156 kB
Active(file):     184012 kB
Inactive(file):   357672 kB
Unevictable:        1988 kB
Mlocked:               0 kB
HighTotal:        802816 kB
HighFree:           3548 kB
LowTotal:         548148 kB
LowFree:           29472 kB
SwapTotal:             0 kB
SwapFree:              0 kB
Dirty:               552 kB
Writeback:             0 kB
AnonPages:        499132 kB
Mapped:           215376 kB
Shmem:              1200 kB
Slab:              33152 kB
SReclaimable:      11736 kB
SUnreclaim:        21416 kB
KernelStack:        9328 kB
PageTables:        20076 kB
NFS_Unstable:          0 kB
Bounce:                0 kB
WritebackTmp:          0 kB
CommitLimit:      675480 kB
Committed_AS:   46807368 kB
VmallocTotal:     253952 kB
VmallocUsed:       92692 kB
VmallocChunk:      48132 kB
Time pass: 68 sec

---2015-12-10 12:23:27
MemTotal:        1350964 kB
MemFree:           32856 kB
Buffers:            7604 kB
Cached:           529040 kB
SwapCached:            0 kB
Active:           695068 kB
Inactive:         347388 kB
Active(anon):     507924 kB
Inactive(anon):     1156 kB
Active(file):     187144 kB
Inactive(file):   346232 kB
Unevictable:        1988 kB
Mlocked:               0 kB
HighTotal:        802816 kB
HighFree:           2748 kB
LowTotal:         548148 kB
LowFree:           30108 kB
SwapTotal:             0 kB
SwapFree:              0 kB
Dirty:               348 kB
Writeback:             0 kB
AnonPages:        508020 kB
Mapped:           218768 kB
Shmem:              1200 kB
Slab:              33288 kB
SReclaimable:      11752 kB
SUnreclaim:        21536 kB
KernelStack:        9408 kB
PageTables:        20116 kB
NFS_Unstable:          0 kB
Bounce:                0 kB
WritebackTmp:          0 kB
CommitLimit:      675480 kB
Committed_AS:   46822212 kB
VmallocTotal:     253952 kB
VmallocUsed:       92692 kB
VmallocChunk:      48132 kB
Time pass: 71 sec

---2015-12-10 12:23:27
MemTotal:        1350964 kB
MemFree:           35500 kB
Buffers:            7564 kB
Cached:           512804 kB
SwapCached:            0 kB
Active:           705908 kB
Inactive:         330388 kB
Active(anon):     517960 kB
Inactive(anon):     1264 kB
Active(file):     187948 kB
Inactive(file):   329124 kB
Unevictable:        1988 kB
Mlocked:               0 kB
HighTotal:        802816 kB
HighFree:           2236 kB
LowTotal:         548148 kB
LowFree:           33264 kB
SwapTotal:             0 kB
SwapFree:              0 kB
Dirty:                 0 kB
Writeback:            52 kB
AnonPages:        518004 kB
Mapped:           220156 kB
Shmem:              1312 kB
Slab:              33264 kB
SReclaimable:      11768 kB
SUnreclaim:        21496 kB
KernelStack:        9512 kB
PageTables:        20236 kB
NFS_Unstable:          0 kB
Bounce:                0 kB
WritebackTmp:          0 kB
CommitLimit:      675480 kB
Committed_AS:   46841888 kB
VmallocTotal:     253952 kB
VmallocUsed:       93352 kB
VmallocChunk:      48132 kB
Time pass: 76 sec

---2015-12-10 12:23:27
MemTotal:        1350964 kB
MemFree:           31008 kB
Buffers:            7580 kB
Cached:           512800 kB
SwapCached:            0 kB
Active:           709104 kB
Inactive:         330396 kB
Active(anon):     521156 kB
Inactive(anon):     1252 kB
Active(file):     187948 kB
Inactive(file):   329144 kB
Unevictable:        1988 kB
Mlocked:               0 kB
HighTotal:        802816 kB
HighFree:           1564 kB
LowTotal:         548148 kB
LowFree:           29444 kB
SwapTotal:             0 kB
SwapFree:              0 kB
Dirty:                60 kB
Writeback:             0 kB
AnonPages:        521360 kB
Mapped:           220296 kB
Shmem:              1300 kB
Slab:              33452 kB
SReclaimable:      11772 kB
SUnreclaim:        21680 kB
KernelStack:        9504 kB
PageTables:        20208 kB
NFS_Unstable:          0 kB
Bounce:                0 kB
WritebackTmp:          0 kB
CommitLimit:      675480 kB
Committed_AS:   46845564 kB
VmallocTotal:     253952 kB
VmallocUsed:       93664 kB
VmallocChunk:      48132 kB
Time pass: 79 sec

---2015-12-10 12:23:27
MemTotal:        1350964 kB
MemFree:           34256 kB
Buffers:            7596 kB
Cached:           507772 kB
SwapCached:            0 kB
Active:           707888 kB
Inactive:         325028 kB
Active(anon):     519624 kB
Inactive(anon):     1384 kB
Active(file):     188264 kB
Inactive(file):   323644 kB
Unevictable:        1988 kB
Mlocked:               0 kB
HighTotal:        802816 kB
HighFree:           2904 kB
LowTotal:         548148 kB
LowFree:           31352 kB
SwapTotal:             0 kB
SwapFree:              0 kB
Dirty:                36 kB
Writeback:             0 kB
AnonPages:        519512 kB
Mapped:           220460 kB
Shmem:              1464 kB
Slab:              33412 kB
SReclaimable:      11784 kB
SUnreclaim:        21628 kB
KernelStack:        9520 kB
PageTables:        20420 kB
NFS_Unstable:          0 kB
Bounce:                0 kB
WritebackTmp:          0 kB
CommitLimit:      675480 kB
Committed_AS:   46849048 kB
VmallocTotal:     253952 kB
VmallocUsed:       93688 kB
VmallocChunk:      48132 kB
Time pass: 83 sec

---2015-12-10 12:23:27
MemTotal:        1350964 kB
MemFree:           33852 kB
Buffers:            7596 kB
Cached:           507772 kB
SwapCached:            0 kB
Active:           708004 kB
Inactive:         325068 kB
Active(anon):     519740 kB
Inactive(anon):     1416 kB
Active(file):     188264 kB
Inactive(file):   323652 kB
Unevictable:        1988 kB
Mlocked:               0 kB
HighTotal:        802816 kB
HighFree:           2680 kB
LowTotal:         548148 kB
LowFree:           31172 kB
SwapTotal:             0 kB
SwapFree:              0 kB
Dirty:                40 kB
Writeback:             0 kB
AnonPages:        519628 kB
Mapped:           220496 kB
Shmem:              1464 kB
Slab:              33552 kB
SReclaimable:      11784 kB
SUnreclaim:        21768 kB
KernelStack:        9520 kB
PageTables:        20420 kB
NFS_Unstable:          0 kB
Bounce:                0 kB
WritebackTmp:          0 kB
CommitLimit:      675480 kB
Committed_AS:   46848896 kB
VmallocTotal:     253952 kB
VmallocUsed:       93688 kB
VmallocChunk:      48132 kB
Time pass: 87 sec

---2015-12-10 12:23:27
MemTotal:        1350964 kB
MemFree:           33424 kB
Buffers:            7620 kB
Cached:           507772 kB
SwapCached:            0 kB
Active:           708328 kB
Inactive:         325096 kB
Active(anon):     520064 kB
Inactive(anon):     1416 kB
Active(file):     188264 kB
Inactive(file):   323680 kB
Unevictable:        1988 kB
Mlocked:               0 kB
HighTotal:        802816 kB
HighFree:           1564 kB
LowTotal:         548148 kB
LowFree:           31860 kB
SwapTotal:             0 kB
SwapFree:              0 kB
Dirty:                44 kB
Writeback:             0 kB
AnonPages:        520132 kB
Mapped:           220496 kB
Shmem:              1464 kB
Slab:              33528 kB
SReclaimable:      11784 kB
SUnreclaim:        21744 kB
KernelStack:        9520 kB
PageTables:        20420 kB
NFS_Unstable:          0 kB
Bounce:                0 kB
WritebackTmp:          0 kB
CommitLimit:      675480 kB
Committed_AS:   46848964 kB
VmallocTotal:     253952 kB
VmallocUsed:       93688 kB
VmallocChunk:      48132 kB
Time pass: 91 sec

---2015-12-10 12:23:27
MemTotal:        1350964 kB
MemFree:           32056 kB
Buffers:            7636 kB
Cached:           507876 kB
SwapCached:            0 kB
Active:           709320 kB
Inactive:         325208 kB
Active(anon):     521056 kB
Inactive(anon):     1416 kB
Active(file):     188264 kB
Inactive(file):   323792 kB
Unevictable:        1988 kB
Mlocked:               0 kB
HighTotal:        802816 kB
HighFree:           1688 kB
LowTotal:         548148 kB
LowFree:           30368 kB
SwapTotal:             0 kB
SwapFree:              0 kB
Dirty:                48 kB
Writeback:             0 kB
AnonPages:        521060 kB
Mapped:           220496 kB
Shmem:              1464 kB
Slab:              33656 kB
SReclaimable:      11784 kB
SUnreclaim:        21872 kB
KernelStack:        9520 kB
PageTables:        20424 kB
NFS_Unstable:          0 kB
Bounce:                0 kB
WritebackTmp:          0 kB
CommitLimit:      675480 kB
Committed_AS:   46850924 kB
VmallocTotal:     253952 kB
VmallocUsed:       93688 kB
VmallocChunk:      48132 kB
Time pass: 94 sec

---2015-12-10 12:23:27
MemTotal:        1350964 kB
MemFree:           32576 kB
Buffers:            7636 kB
Cached:           507876 kB
SwapCached:            0 kB
Active:           709220 kB
Inactive:         325212 kB
Active(anon):     520956 kB
Inactive(anon):     1416 kB
Active(file):     188264 kB
Inactive(file):   323796 kB
Unevictable:        1988 kB
Mlocked:               0 kB
HighTotal:        802816 kB
HighFree:           1564 kB
LowTotal:         548148 kB
LowFree:           31012 kB
SwapTotal:             0 kB
SwapFree:              0 kB
Dirty:                48 kB
Writeback:             0 kB
AnonPages:        520996 kB
Mapped:           220496 kB
Shmem:              1464 kB
Slab:              33528 kB
SReclaimable:      11784 kB
SUnreclaim:        21744 kB
KernelStack:        9520 kB
PageTables:        20424 kB
NFS_Unstable:          0 kB
Bounce:                0 kB
WritebackTmp:          0 kB
CommitLimit:      675480 kB
Committed_AS:   46850836 kB
VmallocTotal:     253952 kB
VmallocUsed:       93688 kB
VmallocChunk:      48132 kB
Time pass: 98 sec

---2015-12-10 12:23:27
MemTotal:        1350964 kB
MemFree:           32976 kB
Buffers:            7660 kB
Cached:           507880 kB
SwapCached:            0 kB
Active:           709344 kB
Inactive:         325232 kB
Active(anon):     521080 kB
Inactive(anon):     1436 kB
Active(file):     188264 kB
Inactive(file):   323796 kB
Unevictable:        1988 kB
Mlocked:               0 kB
HighTotal:        802816 kB
HighFree:           1936 kB
LowTotal:         548148 kB
LowFree:           31040 kB
SwapTotal:             0 kB
SwapFree:              0 kB
Dirty:                28 kB
Writeback:             0 kB
AnonPages:        521144 kB
Mapped:           220520 kB
Shmem:              1484 kB
Slab:              33404 kB
SReclaimable:      11784 kB
SUnreclaim:        21620 kB
KernelStack:        9520 kB
PageTables:        20424 kB
NFS_Unstable:          0 kB
Bounce:                0 kB
WritebackTmp:          0 kB
CommitLimit:      675480 kB
Committed_AS:   46850760 kB
VmallocTotal:     253952 kB
VmallocUsed:       93688 kB
VmallocChunk:      48132 kB
Time pass: 101 sec

---2015-12-10 12:23:27
MemTotal:        1350964 kB
MemFree:           33796 kB
Buffers:            7660 kB
Cached:           507896 kB
SwapCached:            0 kB
Active:           708392 kB
Inactive:         325256 kB
Active(anon):     520128 kB
Inactive(anon):     1436 kB
Active(file):     188264 kB
Inactive(file):   323820 kB
Unevictable:        1988 kB
Mlocked:               0 kB
HighTotal:        802816 kB
HighFree:           3004 kB
LowTotal:         548148 kB
LowFree:           30792 kB
SwapTotal:             0 kB
SwapFree:              0 kB
Dirty:                 0 kB
Writeback:             0 kB
AnonPages:        520108 kB
Mapped:           220520 kB
Shmem:              1484 kB
Slab:              33464 kB
SReclaimable:      11784 kB
SUnreclaim:        21680 kB
KernelStack:        9512 kB
PageTables:        20424 kB
NFS_Unstable:          0 kB
Bounce:                0 kB
WritebackTmp:          0 kB
CommitLimit:      675480 kB
Committed_AS:   46850644 kB
VmallocTotal:     253952 kB
VmallocUsed:       93688 kB
VmallocChunk:      48132 kB
Time pass: 105 sec

---2015-12-10 12:23:27
MemTotal:        1350964 kB
MemFree:           32968 kB
Buffers:            7668 kB
Cached:           507924 kB
SwapCached:            0 kB
Active:           708316 kB
Inactive:         325256 kB
Active(anon):     520052 kB
Inactive(anon):     1436 kB
Active(file):     188264 kB
Inactive(file):   323820 kB
Unevictable:        1988 kB
Mlocked:               0 kB
HighTotal:        802816 kB
HighFree:           1564 kB
LowTotal:         548148 kB
LowFree:           31404 kB
SwapTotal:             0 kB
SwapFree:              0 kB
Dirty:                28 kB
Writeback:             0 kB
AnonPages:        519912 kB
Mapped:           220564 kB
Shmem:              1512 kB
Slab:              33512 kB
SReclaimable:      11784 kB
SUnreclaim:        21728 kB
KernelStack:        9512 kB
PageTables:        20424 kB
NFS_Unstable:          0 kB
Bounce:                0 kB
WritebackTmp:          0 kB
CommitLimit:      675480 kB
Committed_AS:   46849480 kB
VmallocTotal:     253952 kB
VmallocUsed:       93688 kB
VmallocChunk:      48132 kB
Time pass: 109 sec

---2015-12-10 12:23:27
MemTotal:        1350964 kB
MemFree:           33168 kB
Buffers:            7668 kB
Cached:           507924 kB
SwapCached:            0 kB
Active:           708164 kB
Inactive:         325292 kB
Active(anon):     519900 kB
Inactive(anon):     1464 kB
Active(file):     188264 kB
Inactive(file):   323828 kB
Unevictable:        1988 kB
Mlocked:               0 kB
HighTotal:        802816 kB
HighFree:           1564 kB
LowTotal:         548148 kB
LowFree:           31604 kB
SwapTotal:             0 kB
SwapFree:              0 kB
Dirty:                28 kB
Writeback:             0 kB
AnonPages:        520000 kB
Mapped:           220564 kB
Shmem:              1512 kB
Slab:              33584 kB
SReclaimable:      11784 kB
SUnreclaim:        21800 kB
KernelStack:        9504 kB
PageTables:        20420 kB
NFS_Unstable:          0 kB
Bounce:                0 kB
WritebackTmp:          0 kB
CommitLimit:      675480 kB
Committed_AS:   46849464 kB
VmallocTotal:     253952 kB
VmallocUsed:       93688 kB
VmallocChunk:      48132 kB
Time pass: 112 sec

---2015-12-10 12:23:27
MemTotal:        1350964 kB
MemFree:           33020 kB
Buffers:            7668 kB
Cached:           507924 kB
SwapCached:            0 kB
Active:           708244 kB
Inactive:         325292 kB
Active(anon):     519980 kB
Inactive(anon):     1464 kB
Active(file):     188264 kB
Inactive(file):   323828 kB
Unevictable:        1988 kB
Mlocked:               0 kB
HighTotal:        802816 kB
HighFree:           1564 kB
LowTotal:         548148 kB
LowFree:           31456 kB
SwapTotal:             0 kB
SwapFree:              0 kB
Dirty:                 0 kB
Writeback:             0 kB
AnonPages:        520068 kB
Mapped:           220564 kB
Shmem:              1512 kB
Slab:              33576 kB
SReclaimable:      11784 kB
SUnreclaim:        21792 kB
KernelStack:        9504 kB
PageTables:        20420 kB
NFS_Unstable:          0 kB
Bounce:                0 kB
WritebackTmp:          0 kB
CommitLimit:      675480 kB
Committed_AS:   46849468 kB
VmallocTotal:     253952 kB
VmallocUsed:       93688 kB
VmallocChunk:      48132 kB
Time pass: 116 sec

---2015-12-10 12:23:27
MemTotal:        1350964 kB
MemFree:           32772 kB
Buffers:            7668 kB
Cached:           508016 kB
SwapCached:            0 kB
Active:           708596 kB
Inactive:         325348 kB
Active(anon):     520332 kB
Inactive(anon):     1520 kB
Active(file):     188264 kB
Inactive(file):   323828 kB
Unevictable:        1988 kB
Mlocked:               0 kB
HighTotal:        802816 kB
HighFree:           1564 kB
LowTotal:         548148 kB
LowFree:           31208 kB
SwapTotal:             0 kB
SwapFree:              0 kB
Dirty:                 0 kB
Writeback:             0 kB
AnonPages:        520424 kB
Mapped:           220656 kB
Shmem:              1604 kB
Slab:              33564 kB
SReclaimable:      11784 kB
SUnreclaim:        21780 kB
KernelStack:        9504 kB
PageTables:        20420 kB
NFS_Unstable:          0 kB
Bounce:                0 kB
WritebackTmp:          0 kB
CommitLimit:      675480 kB
Committed_AS:   46849540 kB
VmallocTotal:     253952 kB
VmallocUsed:       93688 kB
VmallocChunk:      48132 kB
Time pass: 120 sec

---2015-12-10 12:23:27
MemTotal:        1350964 kB
MemFree:           51320 kB
Buffers:            7640 kB
Cached:           499332 kB
SwapCached:            0 kB
Active:           709424 kB
Inactive:         309592 kB
Active(anon):     514172 kB
Inactive(anon):     1156 kB
Active(file):     195252 kB
Inactive(file):   308436 kB
Unevictable:        1988 kB
Mlocked:               0 kB
HighTotal:        802816 kB
HighFree:          11412 kB
LowTotal:         548148 kB
LowFree:           39908 kB
SwapTotal:             0 kB
SwapFree:              0 kB
Dirty:                 4 kB
Writeback:             0 kB
AnonPages:        514008 kB
Mapped:           219988 kB
Shmem:              1200 kB
Slab:              33604 kB
SReclaimable:      11788 kB
SUnreclaim:        21816 kB
KernelStack:        9448 kB
PageTables:        20160 kB
NFS_Unstable:          0 kB
Bounce:                0 kB
WritebackTmp:          0 kB
CommitLimit:      675480 kB
Committed_AS:   46824548 kB
VmallocTotal:     253952 kB
VmallocUsed:       93492 kB
VmallocChunk:      48132 kB
Time pass: 123 sec

---2015-12-10 12:23:27
MemTotal:        1350964 kB
MemFree:          203948 kB
Buffers:            7692 kB
Cached:           499808 kB
SwapCached:            0 kB
Active:           645028 kB
Inactive:         308324 kB
Active(anon):     447912 kB
Inactive(anon):     1024 kB
Active(file):     197116 kB
Inactive(file):   307300 kB
Unevictable:        1988 kB
Mlocked:               0 kB
HighTotal:        802816 kB
HighFree:          96500 kB
LowTotal:         548148 kB
LowFree:          107448 kB
SwapTotal:             0 kB
SwapFree:              0 kB
Dirty:               188 kB
Writeback:             0 kB
AnonPages:        447924 kB
Mapped:           191160 kB
Shmem:              1068 kB
Slab:              33312 kB
SReclaimable:      11780 kB
SUnreclaim:        21532 kB
KernelStack:        8712 kB
PageTables:        18916 kB
NFS_Unstable:          0 kB
Bounce:                0 kB
WritebackTmp:          0 kB
CommitLimit:      675480 kB
Committed_AS:   44964500 kB
VmallocTotal:     253952 kB
VmallocUsed:       90352 kB
VmallocChunk:      37892 kB
Time pass: 127 sec

---2015-12-10 12:23:27
MemTotal:        1350964 kB
MemFree:          199064 kB
Buffers:            7700 kB
Cached:           499800 kB
SwapCached:            0 kB
Active:           650844 kB
Inactive:         308352 kB
Active(anon):     453728 kB
Inactive(anon):     1024 kB
Active(file):     197116 kB
Inactive(file):   307328 kB
Unevictable:        1988 kB
Mlocked:               0 kB
HighTotal:        802816 kB
HighFree:          91748 kB
LowTotal:         548148 kB
LowFree:          107316 kB
SwapTotal:             0 kB
SwapFree:              0 kB
Dirty:                 4 kB
Writeback:             0 kB
AnonPages:        454020 kB
Mapped:           191320 kB
Shmem:              1068 kB
Slab:              33312 kB
SReclaimable:      11780 kB
SUnreclaim:        21532 kB
KernelStack:        8728 kB
PageTables:        19232 kB
NFS_Unstable:          0 kB
Bounce:                0 kB
WritebackTmp:          0 kB
CommitLimit:      675480 kB
Committed_AS:   46756452 kB
VmallocTotal:     253952 kB
VmallocUsed:       92392 kB
VmallocChunk:      37892 kB
Time pass: 130 sec

---2015-12-10 12:23:27
MemTotal:        1350964 kB
MemFree:          159804 kB
Buffers:            7732 kB
Cached:           499920 kB
SwapCached:            0 kB
Active:           664748 kB
Inactive:         308064 kB
Active(anon):     467192 kB
Inactive(anon):     1028 kB
Active(file):     197556 kB
Inactive(file):   307036 kB
Unevictable:        1988 kB
Mlocked:               0 kB
HighTotal:        802816 kB
HighFree:          72492 kB
LowTotal:         548148 kB
LowFree:           87312 kB
SwapTotal:             0 kB
SwapFree:              0 kB
Dirty:               804 kB
Writeback:             0 kB
AnonPages:        467224 kB
Mapped:           211308 kB
Shmem:              1072 kB
Slab:              33292 kB
SReclaimable:      11804 kB
SUnreclaim:        21488 kB
KernelStack:        9032 kB
PageTables:        19564 kB
NFS_Unstable:          0 kB
Bounce:                0 kB
WritebackTmp:          0 kB
CommitLimit:      675480 kB
Committed_AS:   45920100 kB
VmallocTotal:     253952 kB
VmallocUsed:       92352 kB
VmallocChunk:      37892 kB
Time pass: 134 sec

---2015-12-10 12:23:27
MemTotal:        1350964 kB
MemFree:          129856 kB
Buffers:            7744 kB
Cached:           500628 kB
SwapCached:            0 kB
Active:           675460 kB
Inactive:         308500 kB
Active(anon):     477776 kB
Inactive(anon):     1156 kB
Active(file):     197684 kB
Inactive(file):   307344 kB
Unevictable:        1988 kB
Mlocked:               0 kB
HighTotal:        802816 kB
HighFree:          43072 kB
LowTotal:         548148 kB
LowFree:           86784 kB
SwapTotal:             0 kB
SwapFree:              0 kB
Dirty:                92 kB
Writeback:           148 kB
AnonPages:        477820 kB
Mapped:           217248 kB
Shmem:              1200 kB
Slab:              33288 kB
SReclaimable:      11804 kB
SUnreclaim:        21484 kB
KernelStack:        9232 kB
PageTables:        19704 kB
NFS_Unstable:          0 kB
Bounce:                0 kB
WritebackTmp:          0 kB
CommitLimit:      675480 kB
Committed_AS:   45959724 kB
VmallocTotal:     253952 kB
VmallocUsed:       92252 kB
VmallocChunk:      37892 kB
Time pass: 137 sec

---2015-12-10 12:23:27
MemTotal:        1350964 kB
MemFree:          113544 kB
Buffers:            7744 kB
Cached:           501148 kB
SwapCached:            0 kB
Active:           683428 kB
Inactive:         309160 kB
Active(anon):     485728 kB
Inactive(anon):     1156 kB
Active(file):     197700 kB
Inactive(file):   308004 kB
Unevictable:        1988 kB
Mlocked:               0 kB
HighTotal:        802816 kB
HighFree:          27944 kB
LowTotal:         548148 kB
LowFree:           85600 kB
SwapTotal:             0 kB
SwapFree:              0 kB
Dirty:               460 kB
Writeback:             0 kB
AnonPages:        485956 kB
Mapped:           217864 kB
Shmem:              1200 kB
Slab:              33320 kB
SReclaimable:      11804 kB
SUnreclaim:        21516 kB
KernelStack:        9248 kB
PageTables:        19740 kB
NFS_Unstable:          0 kB
Bounce:                0 kB
WritebackTmp:          0 kB
CommitLimit:      675480 kB
Committed_AS:   45974584 kB
VmallocTotal:     253952 kB
VmallocUsed:       92252 kB
VmallocChunk:      37892 kB
Time pass: 141 sec

---2015-12-10 12:23:27
MemTotal:        1350964 kB
MemFree:          100740 kB
Buffers:            7776 kB
Cached:           501324 kB
SwapCached:            0 kB
Active:           686164 kB
Inactive:         309072 kB
Active(anon):     488172 kB
Inactive(anon):     1156 kB
Active(file):     197992 kB
Inactive(file):   307916 kB
Unevictable:        1988 kB
Mlocked:               0 kB
HighTotal:        802816 kB
HighFree:          16884 kB
LowTotal:         548148 kB
LowFree:           83856 kB
SwapTotal:             0 kB
SwapFree:              0 kB
Dirty:               360 kB
Writeback:             0 kB
AnonPages:        488080 kB
Mapped:           218424 kB
Shmem:              1200 kB
Slab:              33476 kB
SReclaimable:      11812 kB
SUnreclaim:        21664 kB
KernelStack:        9248 kB
PageTables:        19760 kB
NFS_Unstable:          0 kB
Bounce:                0 kB
WritebackTmp:          0 kB
CommitLimit:      675480 kB
Committed_AS:   45986356 kB
VmallocTotal:     253952 kB
VmallocUsed:       92252 kB
VmallocChunk:      37892 kB
Time pass: 144 sec

---2015-12-10 12:23:27
MemTotal:        1350964 kB
MemFree:           93120 kB
Buffers:            7784 kB
Cached:           501472 kB
SwapCached:            0 kB
Active:           689140 kB
Inactive:         308952 kB
Active(anon):     490868 kB
Inactive(anon):     1156 kB
Active(file):     198272 kB
Inactive(file):   307796 kB
Unevictable:        1988 kB
Mlocked:               0 kB
HighTotal:        802816 kB
HighFree:          10832 kB
LowTotal:         548148 kB
LowFree:           82288 kB
SwapTotal:             0 kB
SwapFree:              0 kB
Dirty:               424 kB
Writeback:             0 kB
AnonPages:        490920 kB
Mapped:           218424 kB
Shmem:              1200 kB
Slab:              33464 kB
SReclaimable:      11812 kB
SUnreclaim:        21652 kB
KernelStack:        9248 kB
PageTables:        19780 kB
NFS_Unstable:          0 kB
Bounce:                0 kB
WritebackTmp:          0 kB
CommitLimit:      675480 kB
Committed_AS:   45993976 kB
VmallocTotal:     253952 kB
VmallocUsed:       92252 kB
VmallocChunk:      37892 kB
Time pass: 148 sec

---2015-12-10 12:23:27
MemTotal:        1350964 kB
MemFree:           73332 kB
Buffers:            7784 kB
Cached:           501736 kB
SwapCached:            0 kB
Active:           694500 kB
Inactive:         308804 kB
Active(anon):     495816 kB
Inactive(anon):     1156 kB
Active(file):     198684 kB
Inactive(file):   307648 kB
Unevictable:        1988 kB
Mlocked:               0 kB
HighTotal:        802816 kB
HighFree:           1532 kB
LowTotal:         548148 kB
LowFree:           71800 kB
SwapTotal:             0 kB
SwapFree:              0 kB
Dirty:              1052 kB
Writeback:             0 kB
AnonPages:        495584 kB
Mapped:           218484 kB
Shmem:              1200 kB
Slab:              33396 kB
SReclaimable:      11820 kB
SUnreclaim:        21576 kB
KernelStack:        9248 kB
PageTables:        19828 kB
NFS_Unstable:          0 kB
Bounce:                0 kB
WritebackTmp:          0 kB
CommitLimit:      675480 kB
Committed_AS:   46013236 kB
VmallocTotal:     253952 kB
VmallocUsed:       92252 kB
VmallocChunk:      37892 kB
Time pass: 151 sec

---2015-12-10 12:23:27
MemTotal:        1350964 kB
MemFree:           72992 kB
Buffers:            7792 kB
Cached:           501736 kB
SwapCached:            0 kB
Active:           694356 kB
Inactive:         308804 kB
Active(anon):     495672 kB
Inactive(anon):     1156 kB
Active(file):     198684 kB
Inactive(file):   307648 kB
Unevictable:        1988 kB
Mlocked:               0 kB
HighTotal:        802816 kB
HighFree:           1532 kB
LowTotal:         548148 kB
LowFree:           71460 kB
SwapTotal:             0 kB
SwapFree:              0 kB
Dirty:                76 kB
Writeback:             0 kB
AnonPages:        495748 kB
Mapped:           218484 kB
Shmem:              1200 kB
Slab:              33456 kB
SReclaimable:      11820 kB
SUnreclaim:        21636 kB
KernelStack:        9248 kB
PageTables:        19828 kB
NFS_Unstable:          0 kB
Bounce:                0 kB
WritebackTmp:          0 kB
CommitLimit:      675480 kB
Committed_AS:   46012988 kB
VmallocTotal:     253952 kB
VmallocUsed:       92252 kB
VmallocChunk:      37892 kB
Time pass: 154 sec

---2015-12-10 12:23:27
MemTotal:        1350964 kB
MemFree:           72776 kB
Buffers:            7792 kB
Cached:           501736 kB
SwapCached:            0 kB
Active:           694428 kB
Inactive:         308812 kB
Active(anon):     495744 kB
Inactive(anon):     1156 kB
Active(file):     198684 kB
Inactive(file):   307656 kB
Unevictable:        1988 kB
Mlocked:               0 kB
HighTotal:        802816 kB
HighFree:           1532 kB
LowTotal:         548148 kB
LowFree:           71244 kB
SwapTotal:             0 kB
SwapFree:              0 kB
Dirty:                76 kB
Writeback:             0 kB
AnonPages:        495796 kB
Mapped:           218632 kB
Shmem:              1200 kB
Slab:              33432 kB
SReclaimable:      11820 kB
SUnreclaim:        21612 kB
KernelStack:        9248 kB
PageTables:        19828 kB
NFS_Unstable:          0 kB
Bounce:                0 kB
WritebackTmp:          0 kB
CommitLimit:      675480 kB
Committed_AS:   46013028 kB
VmallocTotal:     253952 kB
VmallocUsed:       92252 kB
VmallocChunk:      37892 kB
Time pass: 158 sec

---2015-12-10 12:23:27
MemTotal:        1350964 kB
MemFree:           56968 kB
Buffers:            7840 kB
Cached:           502224 kB
SwapCached:            0 kB
Active:           708508 kB
Inactive:         309260 kB
Active(anon):     509740 kB
Inactive(anon):     1304 kB
Active(file):     198768 kB
Inactive(file):   307956 kB
Unevictable:        1988 kB
Mlocked:               0 kB
HighTotal:        802816 kB
HighFree:           1532 kB
LowTotal:         548148 kB
LowFree:           55436 kB
SwapTotal:             0 kB
SwapFree:              0 kB
Dirty:               108 kB
Writeback:             4 kB
AnonPages:        509656 kB
Mapped:           221540 kB
Shmem:              1352 kB
Slab:              33532 kB
SReclaimable:      11820 kB
SUnreclaim:        21712 kB
KernelStack:        9544 kB
PageTables:        20216 kB
NFS_Unstable:          0 kB
Bounce:                0 kB
WritebackTmp:          0 kB
CommitLimit:      675480 kB
Committed_AS:   46830584 kB
VmallocTotal:     253952 kB
VmallocUsed:       93468 kB
VmallocChunk:      37892 kB
Time pass: 162 sec

---2015-12-10 12:23:27
MemTotal:        1350964 kB
MemFree:           48024 kB
Buffers:            7872 kB
Cached:           502320 kB
SwapCached:            0 kB
Active:           715936 kB
Inactive:         309432 kB
Active(anon):     517168 kB
Inactive(anon):     1452 kB
Active(file):     198768 kB
Inactive(file):   307980 kB
Unevictable:        1988 kB
Mlocked:               0 kB
HighTotal:        802816 kB
HighFree:           1532 kB
LowTotal:         548148 kB
LowFree:           46492 kB
SwapTotal:             0 kB
SwapFree:              0 kB
Dirty:                52 kB
Writeback:             0 kB
AnonPages:        517300 kB
Mapped:           221668 kB
Shmem:              1448 kB
Slab:              33496 kB
SReclaimable:      11820 kB
SUnreclaim:        21676 kB
KernelStack:        9544 kB
PageTables:        20224 kB
NFS_Unstable:          0 kB
Bounce:                0 kB
WritebackTmp:          0 kB
CommitLimit:      675480 kB
Committed_AS:   46838588 kB
VmallocTotal:     253952 kB
VmallocUsed:       93880 kB
VmallocChunk:      37892 kB
Time pass: 165 sec

---2015-12-10 12:23:27
MemTotal:        1350964 kB
MemFree:           42768 kB
Buffers:            7904 kB
Cached:           502400 kB
SwapCached:            0 kB
Active:           719784 kB
Inactive:         309500 kB
Active(anon):     521016 kB
Inactive(anon):     1496 kB
Active(file):     198768 kB
Inactive(file):   308004 kB
Unevictable:        1988 kB
Mlocked:               0 kB
HighTotal:        802816 kB
HighFree:           1532 kB
LowTotal:         548148 kB
LowFree:           41236 kB
SwapTotal:             0 kB
SwapFree:              0 kB
Dirty:                 0 kB
Writeback:             0 kB
AnonPages:        520964 kB
Mapped:           222168 kB
Shmem:              1544 kB
Slab:              33572 kB
SReclaimable:      11820 kB
SUnreclaim:        21752 kB
KernelStack:        9560 kB
PageTables:        20324 kB
NFS_Unstable:          0 kB
Bounce:                0 kB
WritebackTmp:          0 kB
CommitLimit:      675480 kB
Committed_AS:   46842524 kB
VmallocTotal:     253952 kB
VmallocUsed:       93904 kB
VmallocChunk:      37892 kB
Time pass: 169 sec

---2015-12-10 12:23:27
MemTotal:        1350964 kB
MemFree:           43076 kB
Buffers:            7904 kB
Cached:           502416 kB
SwapCached:            0 kB
Active:           718784 kB
Inactive:         309516 kB
Active(anon):     520016 kB
Inactive(anon):     1496 kB
Active(file):     198768 kB
Inactive(file):   308020 kB
Unevictable:        1988 kB
Mlocked:               0 kB
HighTotal:        802816 kB
HighFree:           1532 kB
LowTotal:         548148 kB
LowFree:           41544 kB
SwapTotal:             0 kB
SwapFree:              0 kB
Dirty:                40 kB
Writeback:             0 kB
AnonPages:        520020 kB
Mapped:           222120 kB
Shmem:              1544 kB
Slab:              33672 kB
SReclaimable:      11820 kB
SUnreclaim:        21852 kB
KernelStack:        9544 kB
PageTables:        20308 kB
NFS_Unstable:          0 kB
Bounce:                0 kB
WritebackTmp:          0 kB
CommitLimit:      675480 kB
Committed_AS:   46841400 kB
VmallocTotal:     253952 kB
VmallocUsed:       93904 kB
VmallocChunk:      37892 kB
Time pass: 173 sec

---2015-12-10 12:23:27
MemTotal:        1350964 kB
MemFree:           43324 kB
Buffers:            7928 kB
Cached:           502416 kB
SwapCached:            0 kB
Active:           718968 kB
Inactive:         309540 kB
Active(anon):     520200 kB
Inactive(anon):     1496 kB
Active(file):     198768 kB
Inactive(file):   308044 kB
Unevictable:        1988 kB
Mlocked:               0 kB
HighTotal:        802816 kB
HighFree:           1532 kB
LowTotal:         548148 kB
LowFree:           41792 kB
SwapTotal:             0 kB
SwapFree:              0 kB
Dirty:                40 kB
Writeback:             0 kB
AnonPages:        520260 kB
Mapped:           222020 kB
Shmem:              1544 kB
Slab:              33676 kB
SReclaimable:      11820 kB
SUnreclaim:        21856 kB
KernelStack:        9552 kB
PageTables:        20324 kB
NFS_Unstable:          0 kB
Bounce:                0 kB
WritebackTmp:          0 kB
CommitLimit:      675480 kB
Committed_AS:   46841272 kB
VmallocTotal:     253952 kB
VmallocUsed:       93904 kB
VmallocChunk:      37892 kB
Time pass: 177 sec

---2015-12-10 12:23:27
MemTotal:        1350964 kB
MemFree:           42312 kB
Buffers:            7936 kB
Cached:           502416 kB
SwapCached:            0 kB
Active:           719992 kB
Inactive:         309544 kB
Active(anon):     521220 kB
Inactive(anon):     1496 kB
Active(file):     198772 kB
Inactive(file):   308048 kB
Unevictable:        1988 kB
Mlocked:               0 kB
HighTotal:        802816 kB
HighFree:           1532 kB
LowTotal:         548148 kB
LowFree:           40780 kB
SwapTotal:             0 kB
SwapFree:              0 kB
Dirty:                44 kB
Writeback:             0 kB
AnonPages:        521180 kB
Mapped:           222176 kB
Shmem:              1544 kB
Slab:              33676 kB
SReclaimable:      11820 kB
SUnreclaim:        21856 kB
KernelStack:        9544 kB
PageTables:        20324 kB
NFS_Unstable:          0 kB
Bounce:                0 kB
WritebackTmp:          0 kB
CommitLimit:      675480 kB
Committed_AS:   46841636 kB
VmallocTotal:     253952 kB
VmallocUsed:       93904 kB
VmallocChunk:      37892 kB
Time pass: 180 sec

---2015-12-10 12:23:27
MemTotal:        1350964 kB
MemFree:           41752 kB
Buffers:            7960 kB
Cached:           502416 kB
SwapCached:            0 kB
Active:           720400 kB
Inactive:         309572 kB
Active(anon):     521628 kB
Inactive(anon):     1496 kB
Active(file):     198772 kB
Inactive(file):   308076 kB
Unevictable:        1988 kB
Mlocked:               0 kB
HighTotal:        802816 kB
HighFree:           1532 kB
LowTotal:         548148 kB
LowFree:           40220 kB
SwapTotal:             0 kB
SwapFree:              0 kB
Dirty:                88 kB
Writeback:             0 kB
AnonPages:        521652 kB
Mapped:           222172 kB
Shmem:              1544 kB
Slab:              33632 kB
SReclaimable:      11820 kB
SUnreclaim:        21812 kB
KernelStack:        9528 kB
PageTables:        20324 kB
NFS_Unstable:          0 kB
Bounce:                0 kB
WritebackTmp:          0 kB
CommitLimit:      675480 kB
Committed_AS:   46841800 kB
VmallocTotal:     253952 kB
VmallocUsed:       93904 kB
VmallocChunk:      37892 kB
Time pass: 184 sec

---2015-12-10 12:23:27
MemTotal:        1350964 kB
MemFree:           41540 kB
Buffers:            7976 kB
Cached:           502400 kB
SwapCached:            0 kB
Active:           720820 kB
Inactive:         309568 kB
Active(anon):     522048 kB
Inactive(anon):     1496 kB
Active(file):     198772 kB
Inactive(file):   308072 kB
Unevictable:        1988 kB
Mlocked:               0 kB
HighTotal:        802816 kB
HighFree:           1532 kB
LowTotal:         548148 kB
LowFree:           40008 kB
SwapTotal:             0 kB
SwapFree:              0 kB
Dirty:                88 kB
Writeback:             0 kB
AnonPages:        521852 kB
Mapped:           222024 kB
Shmem:              1544 kB
Slab:              33612 kB
SReclaimable:      11820 kB
SUnreclaim:        21792 kB
KernelStack:        9528 kB
PageTables:        20324 kB
NFS_Unstable:          0 kB
Bounce:                0 kB
WritebackTmp:          0 kB
CommitLimit:      675480 kB
Committed_AS:   46841832 kB
VmallocTotal:     253952 kB
VmallocUsed:       93904 kB
VmallocChunk:      37892 kB
Time pass: 188 sec

---2015-12-10 12:23:27
MemTotal:        1350964 kB
MemFree:           41240 kB
Buffers:            7976 kB
Cached:           502416 kB
SwapCached:            0 kB
Active:           721584 kB
Inactive:         309584 kB
Active(anon):     522812 kB
Inactive(anon):     1496 kB
Active(file):     198772 kB
Inactive(file):   308088 kB
Unevictable:        1988 kB
Mlocked:               0 kB
HighTotal:        802816 kB
HighFree:           1532 kB
LowTotal:         548148 kB
LowFree:           39708 kB
SwapTotal:             0 kB
SwapFree:              0 kB
Dirty:                 0 kB
Writeback:             0 kB
AnonPages:        523036 kB
Mapped:           222024 kB
Shmem:              1544 kB
Slab:              33592 kB
SReclaimable:      11820 kB
SUnreclaim:        21772 kB
KernelStack:        9528 kB
PageTables:        20328 kB
NFS_Unstable:          0 kB
Bounce:                0 kB
WritebackTmp:          0 kB
CommitLimit:      675480 kB
Committed_AS:   46842900 kB
VmallocTotal:     253952 kB
VmallocUsed:       93904 kB
VmallocChunk:      37892 kB
Time pass: 191 sec

---2015-12-10 12:23:27
MemTotal:        1350964 kB
MemFree:           41040 kB
Buffers:            7984 kB
Cached:           502416 kB
SwapCached:            0 kB
Active:           720900 kB
Inactive:         309592 kB
Active(anon):     522128 kB
Inactive(anon):     1496 kB
Active(file):     198772 kB
Inactive(file):   308096 kB
Unevictable:        1988 kB
Mlocked:               0 kB
HighTotal:        802816 kB
HighFree:           1532 kB
LowTotal:         548148 kB
LowFree:           39508 kB
SwapTotal:             0 kB
SwapFree:              0 kB
Dirty:                28 kB
Writeback:             0 kB
AnonPages:        522164 kB
Mapped:           222172 kB
Shmem:              1544 kB
Slab:              33664 kB
SReclaimable:      11820 kB
SUnreclaim:        21844 kB
KernelStack:        9512 kB
PageTables:        20328 kB
NFS_Unstable:          0 kB
Bounce:                0 kB
WritebackTmp:          0 kB
CommitLimit:      675480 kB
Committed_AS:   46841868 kB
VmallocTotal:     253952 kB
VmallocUsed:       93904 kB
VmallocChunk:      37892 kB
Time pass: 195 sec

---2015-12-10 12:23:27
MemTotal:        1350964 kB
MemFree:           41392 kB
Buffers:            8000 kB
Cached:           502416 kB
SwapCached:            0 kB
Active:           721152 kB
Inactive:         309608 kB
Active(anon):     522380 kB
Inactive(anon):     1496 kB
Active(file):     198772 kB
Inactive(file):   308112 kB
Unevictable:        1988 kB
Mlocked:               0 kB
HighTotal:        802816 kB
HighFree:           1532 kB
LowTotal:         548148 kB
LowFree:           39860 kB
SwapTotal:             0 kB
SwapFree:              0 kB
Dirty:                 0 kB
Writeback:            12 kB
AnonPages:        522380 kB
Mapped:           222124 kB
Shmem:              1544 kB
Slab:              33616 kB
SReclaimable:      11820 kB
SUnreclaim:        21796 kB
KernelStack:        9480 kB
PageTables:        20308 kB
NFS_Unstable:          0 kB
Bounce:                0 kB
WritebackTmp:          0 kB
CommitLimit:      675480 kB
Committed_AS:   46841980 kB
VmallocTotal:     253952 kB
VmallocUsed:       93904 kB
VmallocChunk:      37892 kB
Time pass: 199 sec

---2015-12-10 12:23:27
MemTotal:        1350964 kB
MemFree:           40628 kB
Buffers:            8008 kB
Cached:           502416 kB
SwapCached:            0 kB
Active:           721172 kB
Inactive:         309608 kB
Active(anon):     522400 kB
Inactive(anon):     1496 kB
Active(file):     198772 kB
Inactive(file):   308112 kB
Unevictable:        1988 kB
Mlocked:               0 kB
HighTotal:        802816 kB
HighFree:           1532 kB
LowTotal:         548148 kB
LowFree:           39096 kB
SwapTotal:             0 kB
SwapFree:              0 kB
Dirty:                28 kB
Writeback:             0 kB
AnonPages:        522412 kB
Mapped:           222172 kB
Shmem:              1544 kB
Slab:              33644 kB
SReclaimable:      11820 kB
SUnreclaim:        21824 kB
KernelStack:        9504 kB
PageTables:        20328 kB
NFS_Unstable:          0 kB
Bounce:                0 kB
WritebackTmp:          0 kB
CommitLimit:      675480 kB
Committed_AS:   46841804 kB
VmallocTotal:     253952 kB
VmallocUsed:       93904 kB
VmallocChunk:      37892 kB
Time pass: 202 sec

---2015-12-10 12:23:27
MemTotal:        1350964 kB
MemFree:           39956 kB
Buffers:            8024 kB
Cached:           502416 kB
SwapCached:            0 kB
Active:           721224 kB
Inactive:         309632 kB
Active(anon):     522452 kB
Inactive(anon):     1496 kB
Active(file):     198772 kB
Inactive(file):   308136 kB
Unevictable:        1988 kB
Mlocked:               0 kB
HighTotal:        802816 kB
HighFree:           1532 kB
LowTotal:         548148 kB
LowFree:           38424 kB
SwapTotal:             0 kB
SwapFree:              0 kB
Dirty:                40 kB
Writeback:             0 kB
AnonPages:        522516 kB
Mapped:           222172 kB
Shmem:              1544 kB
Slab:              33620 kB
SReclaimable:      11820 kB
SUnreclaim:        21800 kB
KernelStack:        9488 kB
PageTables:        20324 kB
NFS_Unstable:          0 kB
Bounce:                0 kB
WritebackTmp:          0 kB
CommitLimit:      675480 kB
Committed_AS:   46841808 kB
VmallocTotal:     253952 kB
VmallocUsed:       93904 kB
VmallocChunk:      37892 kB
Time pass: 206 sec

---2015-12-10 12:23:27
MemTotal:        1350964 kB
MemFree:           42832 kB
Buffers:            8032 kB
Cached:           502412 kB
SwapCached:            0 kB
Active:           718644 kB
Inactive:         309632 kB
Active(anon):     519872 kB
Inactive(anon):     1496 kB
Active(file):     198772 kB
Inactive(file):   308136 kB
Unevictable:        1988 kB
Mlocked:               0 kB
HighTotal:        802816 kB
HighFree:           2648 kB
LowTotal:         548148 kB
LowFree:           40184 kB
SwapTotal:             0 kB
SwapFree:              0 kB
Dirty:                 0 kB
Writeback:             0 kB
AnonPages:        519780 kB
Mapped:           222028 kB
Shmem:              1548 kB
Slab:              33608 kB
SReclaimable:      11820 kB
SUnreclaim:        21788 kB
KernelStack:        9480 kB
PageTables:        20324 kB
NFS_Unstable:          0 kB
Bounce:                0 kB
WritebackTmp:          0 kB
CommitLimit:      675480 kB
Committed_AS:   46841824 kB
VmallocTotal:     253952 kB
VmallocUsed:       93904 kB
VmallocChunk:      37892 kB
Time pass: 209 sec

---2015-12-10 12:23:27
MemTotal:        1350964 kB
MemFree:           42624 kB
Buffers:            8048 kB
Cached:           502440 kB
SwapCached:            0 kB
Active:           718828 kB
Inactive:         309652 kB
Active(anon):     520056 kB
Inactive(anon):     1500 kB
Active(file):     198772 kB
Inactive(file):   308152 kB
Unevictable:        1988 kB
Mlocked:               0 kB
HighTotal:        802816 kB
HighFree:           1632 kB
LowTotal:         548148 kB
LowFree:           40992 kB
SwapTotal:             0 kB
SwapFree:              0 kB
Dirty:                40 kB
Writeback:             0 kB
AnonPages:        520084 kB
Mapped:           222196 kB
Shmem:              1568 kB
Slab:              33696 kB
SReclaimable:      11820 kB
SUnreclaim:        21876 kB
KernelStack:        9480 kB
PageTables:        20328 kB
NFS_Unstable:          0 kB
Bounce:                0 kB
WritebackTmp:          0 kB
CommitLimit:      675480 kB
Committed_AS:   46841976 kB
VmallocTotal:     253952 kB
VmallocUsed:       93904 kB
VmallocChunk:      37892 kB
Time pass: 213 sec

---2015-12-10 12:23:27
MemTotal:        1350964 kB
MemFree:           42956 kB
Buffers:            8048 kB
Cached:           502444 kB
SwapCached:            0 kB
Active:           718868 kB
Inactive:         309684 kB
Active(anon):     520096 kB
Inactive(anon):     1524 kB
Active(file):     198772 kB
Inactive(file):   308160 kB
Unevictable:        1988 kB
Mlocked:               0 kB
HighTotal:        802816 kB
HighFree:           1532 kB
LowTotal:         548148 kB
LowFree:           41424 kB
SwapTotal:             0 kB
SwapFree:              0 kB
Dirty:                 4 kB
Writeback:             0 kB
AnonPages:        520116 kB
Mapped:           222200 kB
Shmem:              1572 kB
Slab:              33720 kB
SReclaimable:      11820 kB
SUnreclaim:        21900 kB
KernelStack:        9480 kB
PageTables:        20324 kB
NFS_Unstable:          0 kB
Bounce:                0 kB
WritebackTmp:          0 kB
CommitLimit:      675480 kB
Committed_AS:   46841824 kB
VmallocTotal:     253952 kB
VmallocUsed:       93904 kB
VmallocChunk:      37892 kB
Time pass: 216 sec

---2015-12-10 12:23:27
MemTotal:        1350964 kB
MemFree:           42576 kB
Buffers:            8072 kB
Cached:           502444 kB
SwapCached:            0 kB
Active:           718968 kB
Inactive:         309708 kB
Active(anon):     520196 kB
Inactive(anon):     1524 kB
Active(file):     198772 kB
Inactive(file):   308184 kB
Unevictable:        1988 kB
Mlocked:               0 kB
HighTotal:        802816 kB
HighFree:           1532 kB
LowTotal:         548148 kB
LowFree:           41044 kB
SwapTotal:             0 kB
SwapFree:              0 kB
Dirty:                 0 kB
Writeback:             0 kB
AnonPages:        520296 kB
Mapped:           222212 kB
Shmem:              1572 kB
Slab:              33688 kB
SReclaimable:      11820 kB
SUnreclaim:        21868 kB
KernelStack:        9480 kB
PageTables:        20328 kB
NFS_Unstable:          0 kB
Bounce:                0 kB
WritebackTmp:          0 kB
CommitLimit:      675480 kB
Committed_AS:   46841984 kB
VmallocTotal:     253952 kB
VmallocUsed:       93904 kB
VmallocChunk:      37892 kB
Time pass: 220 sec

---2015-12-10 12:23:27
MemTotal:        1350964 kB
MemFree:           42196 kB
Buffers:            8096 kB
Cached:           502428 kB
SwapCached:            0 kB
Active:           719968 kB
Inactive:         309708 kB
Active(anon):     521196 kB
Inactive(anon):     1524 kB
Active(file):     198772 kB
Inactive(file):   308184 kB
Unevictable:        1988 kB
Mlocked:               0 kB
HighTotal:        802816 kB
HighFree:           1532 kB
LowTotal:         548148 kB
LowFree:           40664 kB
SwapTotal:             0 kB
SwapFree:              0 kB
Dirty:                28 kB
Writeback:             0 kB
AnonPages:        521384 kB
Mapped:           222212 kB
Shmem:              1572 kB
Slab:              33612 kB
SReclaimable:      11820 kB
SUnreclaim:        21792 kB
KernelStack:        9480 kB
PageTables:        20328 kB
NFS_Unstable:          0 kB
Bounce:                0 kB
WritebackTmp:          0 kB
CommitLimit:      675480 kB
Committed_AS:   46843264 kB
VmallocTotal:     253952 kB
VmallocUsed:       93904 kB
VmallocChunk:      37892 kB
Time pass: 224 sec

---2015-12-10 12:23:27
MemTotal:        1350964 kB
MemFree:           43344 kB
Buffers:            8096 kB
Cached:           502444 kB
SwapCached:            0 kB
Active:           719016 kB
Inactive:         309732 kB
Active(anon):     520244 kB
Inactive(anon):     1524 kB
Active(file):     198772 kB
Inactive(file):   308208 kB
Unevictable:        1988 kB
Mlocked:               0 kB
HighTotal:        802816 kB
HighFree:           1532 kB
LowTotal:         548148 kB
LowFree:           41812 kB
SwapTotal:             0 kB
SwapFree:              0 kB
Dirty:                 4 kB
Writeback:             8 kB
AnonPages:        519964 kB
Mapped:           222212 kB
Shmem:              1572 kB
Slab:              33640 kB
SReclaimable:      11820 kB
SUnreclaim:        21820 kB
KernelStack:        9480 kB
PageTables:        20328 kB
NFS_Unstable:          0 kB
Bounce:                0 kB
WritebackTmp:          0 kB
CommitLimit:      675480 kB
Committed_AS:   46842164 kB
VmallocTotal:     253952 kB
VmallocUsed:       93904 kB
VmallocChunk:      37892 kB
Time pass: 227 sec

---2015-12-10 12:23:27
MemTotal:        1350964 kB
MemFree:           43468 kB
Buffers:            8120 kB
Cached:           502428 kB
SwapCached:            0 kB
Active:           718820 kB
Inactive:         309732 kB
Active(anon):     520048 kB
Inactive(anon):     1524 kB
Active(file):     198772 kB
Inactive(file):   308208 kB
Unevictable:        1988 kB
Mlocked:               0 kB
HighTotal:        802816 kB
HighFree:           1532 kB
LowTotal:         548148 kB
LowFree:           41936 kB
SwapTotal:             0 kB
SwapFree:              0 kB
Dirty:                36 kB
Writeback:             0 kB
AnonPages:        520176 kB
Mapped:           222212 kB
Shmem:              1572 kB
Slab:              33608 kB
SReclaimable:      11820 kB
SUnreclaim:        21788 kB
KernelStack:        9480 kB
PageTables:        20328 kB
NFS_Unstable:          0 kB
Bounce:                0 kB
WritebackTmp:          0 kB
CommitLimit:      675480 kB
Committed_AS:   46842340 kB
VmallocTotal:     253952 kB
VmallocUsed:       93904 kB
VmallocChunk:      37892 kB
Time pass: 231 sec

---2015-12-10 12:23:27
MemTotal:        1350964 kB
MemFree:           43148 kB
Buffers:            8120 kB
Cached:           502444 kB
SwapCached:            0 kB
Active:           718956 kB
Inactive:         309756 kB
Active(anon):     520184 kB
Inactive(anon):     1524 kB
Active(file):     198772 kB
Inactive(file):   308232 kB
Unevictable:        1988 kB
Mlocked:               0 kB
HighTotal:        802816 kB
HighFree:           1532 kB
LowTotal:         548148 kB
LowFree:           41616 kB
SwapTotal:             0 kB
SwapFree:              0 kB
Dirty:                 0 kB
Writeback:             0 kB
AnonPages:        520244 kB
Mapped:           222212 kB
Shmem:              1572 kB
Slab:              33712 kB
SReclaimable:      11820 kB
SUnreclaim:        21892 kB
KernelStack:        9480 kB
PageTables:        20324 kB
NFS_Unstable:          0 kB
Bounce:                0 kB
WritebackTmp:          0 kB
CommitLimit:      675480 kB
Committed_AS:   46842276 kB
VmallocTotal:     253952 kB
VmallocUsed:       93904 kB
VmallocChunk:      37892 kB
Time pass: 235 sec

---2015-12-10 12:23:27
MemTotal:        1350964 kB
MemFree:           42244 kB
Buffers:            8136 kB
Cached:           502444 kB
SwapCached:            0 kB
Active:           719660 kB
Inactive:         309772 kB
Active(anon):     520888 kB
Inactive(anon):     1524 kB
Active(file):     198772 kB
Inactive(file):   308248 kB
Unevictable:        1988 kB
Mlocked:               0 kB
HighTotal:        802816 kB
HighFree:           1532 kB
LowTotal:         548148 kB
LowFree:           40712 kB
SwapTotal:             0 kB
SwapFree:              0 kB
Dirty:                40 kB
Writeback:             0 kB
AnonPages:        520932 kB
Mapped:           222064 kB
Shmem:              1572 kB
Slab:              33680 kB
SReclaimable:      11820 kB
SUnreclaim:        21860 kB
KernelStack:        9480 kB
PageTables:        20328 kB
NFS_Unstable:          0 kB
Bounce:                0 kB
WritebackTmp:          0 kB
CommitLimit:      675480 kB
Committed_AS:   46842204 kB
VmallocTotal:     253952 kB
VmallocUsed:       93904 kB
VmallocChunk:      37892 kB
Time pass: 239 sec

---2015-12-10 12:23:27
MemTotal:        1350964 kB
MemFree:           41620 kB
Buffers:            8144 kB
Cached:           502444 kB
SwapCached:            0 kB
Active:           719844 kB
Inactive:         309772 kB
Active(anon):     521072 kB
Inactive(anon):     1524 kB
Active(file):     198772 kB
Inactive(file):   308248 kB
Unevictable:        1988 kB
Mlocked:               0 kB
HighTotal:        802816 kB
HighFree:           1532 kB
LowTotal:         548148 kB
LowFree:           40088 kB
SwapTotal:             0 kB
SwapFree:              0 kB
Dirty:                 0 kB
Writeback:             0 kB
AnonPages:        521160 kB
Mapped:           222212 kB
Shmem:              1572 kB
Slab:              33796 kB
SReclaimable:      11820 kB
SUnreclaim:        21976 kB
KernelStack:        9472 kB
PageTables:        20320 kB
NFS_Unstable:          0 kB
Bounce:                0 kB
WritebackTmp:          0 kB
CommitLimit:      675480 kB
Committed_AS:   46842468 kB
VmallocTotal:     253952 kB
VmallocUsed:       93904 kB
VmallocChunk:      37892 kB
Time pass: 243 sec

---2015-12-10 12:23:27
MemTotal:        1350964 kB
MemFree:           39964 kB
Buffers:            8200 kB
Cached:           502548 kB
SwapCached:            0 kB
Active:           721648 kB
Inactive:         309936 kB
Active(anon):     522872 kB
Inactive(anon):     1524 kB
Active(file):     198776 kB
Inactive(file):   308412 kB
Unevictable:        1988 kB
Mlocked:               0 kB
HighTotal:        802816 kB
HighFree:           2128 kB
LowTotal:         548148 kB
LowFree:           37836 kB
SwapTotal:             0 kB
SwapFree:              0 kB
Dirty:                84 kB
Writeback:             0 kB
AnonPages:        522888 kB
Mapped:           222200 kB
Shmem:              1572 kB
Slab:              33668 kB
SReclaimable:      11820 kB
SUnreclaim:        21848 kB
KernelStack:        9488 kB
PageTables:        20328 kB
NFS_Unstable:          0 kB
Bounce:                0 kB
WritebackTmp:          0 kB
CommitLimit:      675480 kB
Committed_AS:   46842524 kB
VmallocTotal:     253952 kB
VmallocUsed:       93904 kB
VmallocChunk:      37892 kB
Time pass: 246 sec

---2015-12-10 12:23:27
MemTotal:        1350964 kB
MemFree:           40088 kB
Buffers:            8208 kB
Cached:           502584 kB
SwapCached:            0 kB
Active:           721776 kB
Inactive:         309976 kB
Active(anon):     523000 kB
Inactive(anon):     1564 kB
Active(file):     198776 kB
Inactive(file):   308412 kB
Unevictable:        1988 kB
Mlocked:               0 kB
HighTotal:        802816 kB
HighFree:           1632 kB
LowTotal:         548148 kB
LowFree:           38456 kB
SwapTotal:             0 kB
SwapFree:              0 kB
Dirty:                 0 kB
Writeback:             0 kB
AnonPages:        523008 kB
Mapped:           222244 kB
Shmem:              1616 kB
Slab:              33656 kB
SReclaimable:      11820 kB
SUnreclaim:        21836 kB
KernelStack:        9496 kB
PageTables:        20332 kB
NFS_Unstable:          0 kB
Bounce:                0 kB
WritebackTmp:          0 kB
CommitLimit:      675480 kB
Committed_AS:   46842644 kB
VmallocTotal:     253952 kB
VmallocUsed:       93904 kB
VmallocChunk:      37892 kB
Time pass: 250 sec

---2015-12-10 12:23:27
MemTotal:        1350964 kB
MemFree:           39692 kB
Buffers:            8232 kB
Cached:           502592 kB
SwapCached:            0 kB
Active:           721880 kB
Inactive:         310016 kB
Active(anon):     523104 kB
Inactive(anon):     1568 kB
Active(file):     198776 kB
Inactive(file):   308448 kB
Unevictable:        1988 kB
Mlocked:               0 kB
HighTotal:        802816 kB
HighFree:           1532 kB
LowTotal:         548148 kB
LowFree:           38160 kB
SwapTotal:             0 kB
SwapFree:              0 kB
Dirty:               240 kB
Writeback:             0 kB
AnonPages:        523080 kB
Mapped:           222196 kB
Shmem:              1616 kB
Slab:              33776 kB
SReclaimable:      11820 kB
SUnreclaim:        21956 kB
KernelStack:        9488 kB
PageTables:        20316 kB
NFS_Unstable:          0 kB
Bounce:                0 kB
WritebackTmp:          0 kB
CommitLimit:      675480 kB
Committed_AS:   46842560 kB
VmallocTotal:     253952 kB
VmallocUsed:       93904 kB
VmallocChunk:      37892 kB
Time pass: 254 sec

---2015-12-10 12:23:27
MemTotal:        1350964 kB
MemFree:           39768 kB
Buffers:            8240 kB
Cached:           502592 kB
SwapCached:            0 kB
Active:           721960 kB
Inactive:         310012 kB
Active(anon):     523184 kB
Inactive(anon):     1568 kB
Active(file):     198776 kB
Inactive(file):   308444 kB
Unevictable:        1988 kB
Mlocked:               0 kB
HighTotal:        802816 kB
HighFree:           1532 kB
LowTotal:         548148 kB
LowFree:           38236 kB
SwapTotal:             0 kB
SwapFree:              0 kB
Dirty:               188 kB
Writeback:             0 kB
AnonPages:        523188 kB
Mapped:           222244 kB
Shmem:              1616 kB
Slab:              33768 kB
SReclaimable:      11820 kB
SUnreclaim:        21948 kB
KernelStack:        9504 kB
PageTables:        20332 kB
NFS_Unstable:          0 kB
Bounce:                0 kB
WritebackTmp:          0 kB
CommitLimit:      675480 kB
Committed_AS:   46842412 kB
VmallocTotal:     253952 kB
VmallocUsed:       93904 kB
VmallocChunk:      37892 kB
Time pass: 257 sec

---2015-12-10 12:23:27
MemTotal:        1350964 kB
MemFree:           39564 kB
Buffers:            8256 kB
Cached:           502592 kB
SwapCached:            0 kB
Active:           721992 kB
Inactive:         310036 kB
Active(anon):     523216 kB
Inactive(anon):     1568 kB
Active(file):     198776 kB
Inactive(file):   308468 kB
Unevictable:        1988 kB
Mlocked:               0 kB
HighTotal:        802816 kB
HighFree:           1532 kB
LowTotal:         548148 kB
LowFree:           38032 kB
SwapTotal:             0 kB
SwapFree:              0 kB
Dirty:                 0 kB
Writeback:             0 kB
AnonPages:        523220 kB
Mapped:           222244 kB
Shmem:              1616 kB
Slab:              33912 kB
SReclaimable:      11820 kB
SUnreclaim:        22092 kB
KernelStack:        9504 kB
PageTables:        20328 kB
NFS_Unstable:          0 kB
Bounce:                0 kB
WritebackTmp:          0 kB
CommitLimit:      675480 kB
Committed_AS:   46842472 kB
VmallocTotal:     253952 kB
VmallocUsed:       93904 kB
VmallocChunk:      37892 kB
Time pass: 261 sec

---2015-12-10 12:23:27
MemTotal:        1350964 kB
MemFree:           38660 kB
Buffers:            8256 kB
Cached:           502592 kB
SwapCached:            0 kB
Active:           722332 kB
Inactive:         310036 kB
Active(anon):     523556 kB
Inactive(anon):     1568 kB
Active(file):     198776 kB
Inactive(file):   308468 kB
Unevictable:        1988 kB
Mlocked:               0 kB
HighTotal:        802816 kB
HighFree:           1532 kB
LowTotal:         548148 kB
LowFree:           37128 kB
SwapTotal:             0 kB
SwapFree:              0 kB
Dirty:                 0 kB
Writeback:             0 kB
AnonPages:        523464 kB
Mapped:           222096 kB
Shmem:              1616 kB
Slab:              33784 kB
SReclaimable:      11820 kB
SUnreclaim:        21964 kB
KernelStack:        9496 kB
PageTables:        20324 kB
NFS_Unstable:          0 kB
Bounce:                0 kB
WritebackTmp:          0 kB
CommitLimit:      675480 kB
Committed_AS:   46842796 kB
VmallocTotal:     253952 kB
VmallocUsed:       93904 kB
VmallocChunk:      37892 kB
Time pass: 264 sec

---2015-12-10 12:23:27
MemTotal:        1350964 kB
MemFree:           39040 kB
Buffers:            8280 kB
Cached:           502592 kB
SwapCached:            0 kB
Active:           722044 kB
Inactive:         310052 kB
Active(anon):     523268 kB
Inactive(anon):     1568 kB
Active(file):     198776 kB
Inactive(file):   308484 kB
Unevictable:        1988 kB
Mlocked:               0 kB
HighTotal:        802816 kB
HighFree:           1532 kB
LowTotal:         548148 kB
LowFree:           37508 kB
SwapTotal:             0 kB
SwapFree:              0 kB
Dirty:                40 kB
Writeback:             0 kB
AnonPages:        523128 kB
Mapped:           222244 kB
Shmem:              1616 kB
Slab:              33792 kB
SReclaimable:      11820 kB
SUnreclaim:        21972 kB
KernelStack:        9496 kB
PageTables:        20328 kB
NFS_Unstable:          0 kB
Bounce:                0 kB
WritebackTmp:          0 kB
CommitLimit:      675480 kB
Committed_AS:   46842400 kB
VmallocTotal:     253952 kB
VmallocUsed:       93904 kB
VmallocChunk:      37892 kB
Time pass: 268 sec

---2015-12-10 12:23:27
MemTotal:        1350964 kB
MemFree:           39780 kB
Buffers:            8296 kB
Cached:           502576 kB
SwapCached:            0 kB
Active:           721236 kB
Inactive:         310060 kB
Active(anon):     522460 kB
Inactive(anon):     1568 kB
Active(file):     198776 kB
Inactive(file):   308492 kB
Unevictable:        1988 kB
Mlocked:               0 kB
HighTotal:        802816 kB
HighFree:           1532 kB
LowTotal:         548148 kB
LowFree:           38248 kB
SwapTotal:             0 kB
SwapFree:              0 kB
Dirty:                 4 kB
Writeback:             0 kB
AnonPages:        522476 kB
Mapped:           222244 kB
Shmem:              1616 kB
Slab:              33772 kB
SReclaimable:      11820 kB
SUnreclaim:        21952 kB
KernelStack:        9504 kB
PageTables:        20328 kB
NFS_Unstable:          0 kB
Bounce:                0 kB
WritebackTmp:          0 kB
CommitLimit:      675480 kB
Committed_AS:   46842424 kB
VmallocTotal:     253952 kB
VmallocUsed:       93904 kB
VmallocChunk:      37892 kB
Time pass: 272 sec

---2015-12-10 12:23:27
MemTotal:        1350964 kB
MemFree:           39672 kB
Buffers:            8296 kB
Cached:           502592 kB
SwapCached:            0 kB
Active:           722240 kB
Inactive:         310076 kB
Active(anon):     523464 kB
Inactive(anon):     1568 kB
Active(file):     198776 kB
Inactive(file):   308508 kB
Unevictable:        1988 kB
Mlocked:               0 kB
HighTotal:        802816 kB
HighFree:           1532 kB
LowTotal:         548148 kB
LowFree:           38140 kB
SwapTotal:             0 kB
SwapFree:              0 kB
Dirty:                48 kB
Writeback:             0 kB
AnonPages:        523520 kB
Mapped:           222244 kB
Shmem:              1616 kB
Slab:              33704 kB
SReclaimable:      11820 kB
SUnreclaim:        21884 kB
KernelStack:        9496 kB
PageTables:        20328 kB
NFS_Unstable:          0 kB
Bounce:                0 kB
WritebackTmp:          0 kB
CommitLimit:      675480 kB
Committed_AS:   46843504 kB
VmallocTotal:     253952 kB
VmallocUsed:       93904 kB
VmallocChunk:      37892 kB
Time pass: 275 sec

---2015-12-10 12:23:27
MemTotal:        1350964 kB
MemFree:           39484 kB
Buffers:            8304 kB
Cached:           502592 kB
SwapCached:            0 kB
Active:           722432 kB
Inactive:         310076 kB
Active(anon):     523656 kB
Inactive(anon):     1568 kB
Active(file):     198776 kB
Inactive(file):   308508 kB
Unevictable:        1988 kB
Mlocked:               0 kB
HighTotal:        802816 kB
HighFree:           2400 kB
LowTotal:         548148 kB
LowFree:           37084 kB
SwapTotal:             0 kB
SwapFree:              0 kB
Dirty:                28 kB
Writeback:             0 kB
AnonPages:        523568 kB
Mapped:           222244 kB
Shmem:              1616 kB
Slab:              33656 kB
SReclaimable:      11820 kB
SUnreclaim:        21836 kB
KernelStack:        9496 kB
PageTables:        20332 kB
NFS_Unstable:          0 kB
Bounce:                0 kB
WritebackTmp:          0 kB
CommitLimit:      675480 kB
Committed_AS:   46843656 kB
VmallocTotal:     253952 kB
VmallocUsed:       93904 kB
VmallocChunk:      37892 kB
Time pass: 279 sec

---2015-12-10 12:23:27
MemTotal:        1350964 kB
MemFree:           39112 kB
Buffers:            8320 kB
Cached:           502592 kB
SwapCached:            0 kB
Active:           722700 kB
Inactive:         310100 kB
Active(anon):     523924 kB
Inactive(anon):     1568 kB
Active(file):     198776 kB
Inactive(file):   308532 kB
Unevictable:        1988 kB
Mlocked:               0 kB
HighTotal:        802816 kB
HighFree:           2524 kB
LowTotal:         548148 kB
LowFree:           36588 kB
SwapTotal:             0 kB
SwapFree:              0 kB
Dirty:                 0 kB
Writeback:             0 kB
AnonPages:        523936 kB
Mapped:           222244 kB
Shmem:              1616 kB
Slab:              33696 kB
SReclaimable:      11820 kB
SUnreclaim:        21876 kB
KernelStack:        9496 kB
PageTables:        20332 kB
NFS_Unstable:          0 kB
Bounce:                0 kB
WritebackTmp:          0 kB
CommitLimit:      675480 kB
Committed_AS:   46843712 kB
VmallocTotal:     253952 kB
VmallocUsed:       93904 kB
VmallocChunk:      37892 kB
Time pass: 283 sec

---2015-12-10 12:23:27
MemTotal:        1350964 kB
MemFree:           38452 kB
Buffers:            8328 kB
Cached:           502592 kB
SwapCached:            0 kB
Active:           722728 kB
Inactive:         310100 kB
Active(anon):     523952 kB
Inactive(anon):     1568 kB
Active(file):     198776 kB
Inactive(file):   308532 kB
Unevictable:        1988 kB
Mlocked:               0 kB
HighTotal:        802816 kB
HighFree:           1532 kB
LowTotal:         548148 kB
LowFree:           36920 kB
SwapTotal:             0 kB
SwapFree:              0 kB
Dirty:               176 kB
Writeback:             0 kB
AnonPages:        523864 kB
Mapped:           222244 kB
Shmem:              1616 kB
Slab:              33652 kB
SReclaimable:      11820 kB
SUnreclaim:        21832 kB
KernelStack:        9496 kB
PageTables:        20332 kB
NFS_Unstable:          0 kB
Bounce:                0 kB
WritebackTmp:          0 kB
CommitLimit:      675480 kB
Committed_AS:   46843592 kB
VmallocTotal:     253952 kB
VmallocUsed:       93904 kB
VmallocChunk:      37892 kB
Time pass: 287 sec

---2015-12-10 12:23:27
MemTotal:        1350964 kB
MemFree:           38360 kB
Buffers:            8344 kB
Cached:           502592 kB
SwapCached:            0 kB
Active:           722776 kB
Inactive:         310124 kB
Active(anon):     524000 kB
Inactive(anon):     1568 kB
Active(file):     198776 kB
Inactive(file):   308556 kB
Unevictable:        1988 kB
Mlocked:               0 kB
HighTotal:        802816 kB
HighFree:           1532 kB
LowTotal:         548148 kB
LowFree:           36828 kB
SwapTotal:             0 kB
SwapFree:              0 kB
Dirty:                 0 kB
Writeback:             0 kB
AnonPages:        523980 kB
Mapped:           222116 kB
Shmem:              1616 kB
Slab:              33668 kB
SReclaimable:      11820 kB
SUnreclaim:        21848 kB
KernelStack:        9488 kB
PageTables:        20344 kB
NFS_Unstable:          0 kB
Bounce:                0 kB
WritebackTmp:          0 kB
CommitLimit:      675480 kB
Committed_AS:   46843580 kB
VmallocTotal:     253952 kB
VmallocUsed:       93904 kB
VmallocChunk:      37892 kB
Time pass: 290 sec

---2015-12-10 12:23:27
MemTotal:        1350964 kB
MemFree:           38824 kB
Buffers:            8360 kB
Cached:           502592 kB
SwapCached:            0 kB
Active:           723068 kB
Inactive:         310140 kB
Active(anon):     524292 kB
Inactive(anon):     1568 kB
Active(file):     198776 kB
Inactive(file):   308572 kB
Unevictable:        1988 kB
Mlocked:               0 kB
HighTotal:        802816 kB
HighFree:           1532 kB
LowTotal:         548148 kB
LowFree:           37292 kB
SwapTotal:             0 kB
SwapFree:              0 kB
Dirty:                40 kB
Writeback:             0 kB
AnonPages:        524356 kB
Mapped:           222244 kB
Shmem:              1616 kB
Slab:              33704 kB
SReclaimable:      11820 kB
SUnreclaim:        21884 kB
KernelStack:        9496 kB
PageTables:        20332 kB
NFS_Unstable:          0 kB
Bounce:                0 kB
WritebackTmp:          0 kB
CommitLimit:      675480 kB
Committed_AS:   46843952 kB
VmallocTotal:     253952 kB
VmallocUsed:       93904 kB
VmallocChunk:      37892 kB
Time pass: 293 sec

---2015-12-10 12:23:27
MemTotal:        1350964 kB
MemFree:           38016 kB
Buffers:            8368 kB
Cached:           502704 kB
SwapCached:            0 kB
Active:           723112 kB
Inactive:         310252 kB
Active(anon):     524336 kB
Inactive(anon):     1680 kB
Active(file):     198776 kB
Inactive(file):   308572 kB
Unevictable:        1988 kB
Mlocked:               0 kB
HighTotal:        802816 kB
HighFree:           1532 kB
LowTotal:         548148 kB
LowFree:           36484 kB
SwapTotal:             0 kB
SwapFree:              0 kB
Dirty:               184 kB
Writeback:             0 kB
AnonPages:        524344 kB
Mapped:           222220 kB
Shmem:              1736 kB
Slab:              33644 kB
SReclaimable:      11820 kB
SUnreclaim:        21824 kB
KernelStack:        9504 kB
PageTables:        20328 kB
NFS_Unstable:          0 kB
Bounce:                0 kB
WritebackTmp:          0 kB
CommitLimit:      675480 kB
Committed_AS:   46843864 kB
VmallocTotal:     253952 kB
VmallocUsed:       93904 kB
VmallocChunk:      37892 kB
Time pass: 297 sec

---2015-12-10 12:23:27
MemTotal:        1350964 kB
MemFree:           37280 kB
Buffers:            8392 kB
Cached:           502712 kB
SwapCached:            0 kB
Active:           723528 kB
Inactive:         310292 kB
Active(anon):     524752 kB
Inactive(anon):     1688 kB
Active(file):     198776 kB
Inactive(file):   308604 kB
Unevictable:        1988 kB
Mlocked:               0 kB
HighTotal:        802816 kB
HighFree:           1532 kB
LowTotal:         548148 kB
LowFree:           35748 kB
SwapTotal:             0 kB
SwapFree:              0 kB
Dirty:                40 kB
Writeback:             0 kB
AnonPages:        524752 kB
Mapped:           222372 kB
Shmem:              1736 kB
Slab:              33788 kB
SReclaimable:      11820 kB
SUnreclaim:        21968 kB
KernelStack:        9496 kB
PageTables:        20336 kB
NFS_Unstable:          0 kB
Bounce:                0 kB
WritebackTmp:          0 kB
CommitLimit:      675480 kB
Committed_AS:   46844016 kB
VmallocTotal:     253952 kB
VmallocUsed:       93904 kB
VmallocChunk:      37892 kB
Time pass: 300 sec

---2015-12-10 12:23:27
MemTotal:        1350964 kB
MemFree:           37240 kB
Buffers:            8392 kB
Cached:           502712 kB
SwapCached:            0 kB
Active:           723424 kB
Inactive:         310292 kB
Active(anon):     524648 kB
Inactive(anon):     1688 kB
Active(file):     198776 kB
Inactive(file):   308604 kB
Unevictable:        1988 kB
Mlocked:               0 kB
HighTotal:        802816 kB
HighFree:           1532 kB
LowTotal:         548148 kB
LowFree:           35708 kB
SwapTotal:             0 kB
SwapFree:              0 kB
Dirty:                 0 kB
Writeback:             0 kB
AnonPages:        524540 kB
Mapped:           222372 kB
Shmem:              1736 kB
Slab:              33716 kB
SReclaimable:      11820 kB
SUnreclaim:        21896 kB
KernelStack:        9496 kB
PageTables:        20336 kB
NFS_Unstable:          0 kB
Bounce:                0 kB
WritebackTmp:          0 kB
CommitLimit:      675480 kB
Committed_AS:   46843848 kB
VmallocTotal:     253952 kB
VmallocUsed:       93904 kB
VmallocChunk:      37892 kB
Time pass: 304 sec

---2015-12-10 12:23:27
MemTotal:        1350964 kB
MemFree:           37272 kB
Buffers:            8416 kB
Cached:           502696 kB
SwapCached:            0 kB
Active:           723972 kB
Inactive:         310300 kB
Active(anon):     525196 kB
Inactive(anon):     1688 kB
Active(file):     198776 kB
Inactive(file):   308612 kB
Unevictable:        1988 kB
Mlocked:               0 kB
HighTotal:        802816 kB
HighFree:           1532 kB
LowTotal:         548148 kB
LowFree:           35740 kB
SwapTotal:             0 kB
SwapFree:              0 kB
Dirty:                28 kB
Writeback:             0 kB
AnonPages:        525436 kB
Mapped:           222224 kB
Shmem:              1736 kB
Slab:              33748 kB
SReclaimable:      11820 kB
SUnreclaim:        21928 kB
KernelStack:        9496 kB
PageTables:        20332 kB
NFS_Unstable:          0 kB
Bounce:                0 kB
WritebackTmp:          0 kB
CommitLimit:      675480 kB
Committed_AS:   46844800 kB
VmallocTotal:     253952 kB
VmallocUsed:       93904 kB
VmallocChunk:      37892 kB
Time pass: 308 sec

---2015-12-10 12:23:27
MemTotal:        1350964 kB
MemFree:           37344 kB
Buffers:            8416 kB
Cached:           502712 kB
SwapCached:            0 kB
Active:           723672 kB
Inactive:         310316 kB
Active(anon):     524896 kB
Inactive(anon):     1688 kB
Active(file):     198776 kB
Inactive(file):   308628 kB
Unevictable:        1988 kB
Mlocked:               0 kB
HighTotal:        802816 kB
HighFree:           2236 kB
LowTotal:         548148 kB
LowFree:           35108 kB
SwapTotal:             0 kB
SwapFree:              0 kB
Dirty:                 0 kB
Writeback:             0 kB
AnonPages:        524964 kB
Mapped:           222372 kB
Shmem:              1736 kB
Slab:              33788 kB
SReclaimable:      11820 kB
SUnreclaim:        21968 kB
KernelStack:        9496 kB
PageTables:        20336 kB
NFS_Unstable:          0 kB
Bounce:                0 kB
WritebackTmp:          0 kB
CommitLimit:      675480 kB
Committed_AS:   46844144 kB
VmallocTotal:     253952 kB
VmallocUsed:       93904 kB
VmallocChunk:      37892 kB
Time pass: 311 sec

---2015-12-10 12:23:27
MemTotal:        1350964 kB
MemFree:           37444 kB
Buffers:            8424 kB
Cached:           502712 kB
SwapCached:            0 kB
Active:           723684 kB
Inactive:         310316 kB
Active(anon):     524908 kB
Inactive(anon):     1688 kB
Active(file):     198776 kB
Inactive(file):   308628 kB
Unevictable:        1988 kB
Mlocked:               0 kB
HighTotal:        802816 kB
HighFree:           2276 kB
LowTotal:         548148 kB
LowFree:           35168 kB
SwapTotal:             0 kB
SwapFree:              0 kB
Dirty:                28 kB
Writeback:             0 kB
AnonPages:        524960 kB
Mapped:           222224 kB
Shmem:              1736 kB
Slab:              33756 kB
SReclaimable:      11820 kB
SUnreclaim:        21936 kB
KernelStack:        9488 kB
PageTables:        20336 kB
NFS_Unstable:          0 kB
Bounce:                0 kB
WritebackTmp:          0 kB
CommitLimit:      675480 kB
Committed_AS:   46843936 kB
VmallocTotal:     253952 kB
VmallocUsed:       93904 kB
VmallocChunk:      37892 kB
Time pass: 315 sec

---2015-12-10 12:23:27
MemTotal:        1350964 kB
MemFree:           37152 kB
Buffers:            8440 kB
Cached:           502712 kB
SwapCached:            0 kB
Active:           723672 kB
Inactive:         310340 kB
Active(anon):     524896 kB
Inactive(anon):     1688 kB
Active(file):     198776 kB
Inactive(file):   308652 kB
Unevictable:        1988 kB
Mlocked:               0 kB
HighTotal:        802816 kB
HighFree:           1780 kB
LowTotal:         548148 kB
LowFree:           35372 kB
SwapTotal:             0 kB
SwapFree:              0 kB
Dirty:                40 kB
Writeback:             0 kB
AnonPages:        524824 kB
Mapped:           222324 kB
Shmem:              1736 kB
Slab:              33660 kB
SReclaimable:      11820 kB
SUnreclaim:        21840 kB
KernelStack:        9488 kB
PageTables:        20320 kB
NFS_Unstable:          0 kB
Bounce:                0 kB
WritebackTmp:          0 kB
CommitLimit:      675480 kB
Committed_AS:   46843840 kB
VmallocTotal:     253952 kB
VmallocUsed:       93904 kB
VmallocChunk:      37892 kB
Time pass: 319 sec

---2015-12-10 12:23:27
MemTotal:        1350964 kB
MemFree:           37024 kB
Buffers:            8448 kB
Cached:           502712 kB
SwapCached:            0 kB
Active:           723608 kB
Inactive:         310340 kB
Active(anon):     524832 kB
Inactive(anon):     1688 kB
Active(file):     198776 kB
Inactive(file):   308652 kB
Unevictable:        1988 kB
Mlocked:               0 kB
HighTotal:        802816 kB
HighFree:           1956 kB
LowTotal:         548148 kB
LowFree:           35068 kB
SwapTotal:             0 kB
SwapFree:              0 kB
Dirty:                28 kB
Writeback:             0 kB
AnonPages:        524836 kB
Mapped:           222372 kB
Shmem:              1736 kB
Slab:              33644 kB
SReclaimable:      11820 kB
SUnreclaim:        21824 kB
KernelStack:        9488 kB
PageTables:        20332 kB
NFS_Unstable:          0 kB
Bounce:                0 kB
WritebackTmp:          0 kB
CommitLimit:      675480 kB
Committed_AS:   46843784 kB
VmallocTotal:     253952 kB
VmallocUsed:       93904 kB
VmallocChunk:      37892 kB
Time pass: 322 sec

---2015-12-10 12:23:27
MemTotal:        1350964 kB
MemFree:           36808 kB
Buffers:            8464 kB
Cached:           502716 kB
SwapCached:            0 kB
Active:           723676 kB
Inactive:         310364 kB
Active(anon):     524900 kB
Inactive(anon):     1688 kB
Active(file):     198776 kB
Inactive(file):   308676 kB
Unevictable:        1988 kB
Mlocked:               0 kB
HighTotal:        802816 kB
HighFree:           1532 kB
LowTotal:         548148 kB
LowFree:           35276 kB
SwapTotal:             0 kB
SwapFree:              0 kB
Dirty:                40 kB
Writeback:             0 kB
AnonPages:        524908 kB
Mapped:           222376 kB
