---2015-11-23 17:34:54
MemTotal:        2902232 kB
MemFree:          556484 kB
Buffers:           15800 kB
Cached:          1040344 kB
SwapCached:            0 kB
Active:           871664 kB
Inactive:         863012 kB
Active(anon):     677472 kB
Inactive(anon):     4628 kB
Active(file):     194192 kB
Inactive(file):   858384 kB
Unevictable:           0 kB
Mlocked:               0 kB
HighTotal:       2311552 kB
HighFree:         133712 kB
LowTotal:         590680 kB
LowFree:          422772 kB
SwapTotal:       1048572 kB
SwapFree:        1048572 kB
Dirty:                 0 kB
Writeback:             0 kB
AnonPages:        678464 kB
Mapped:           271228 kB
Shmem:              3588 kB
Slab:              51252 kB
SReclaimable:      15448 kB
SUnreclaim:        35804 kB
KernelStack:       12864 kB
PageTables:        27500 kB
NFS_Unstable:          0 kB
Bounce:                0 kB
WritebackTmp:          0 kB
CommitLimit:     2499688 kB
Committed_AS:   62767144 kB
VmallocTotal:     385024 kB
VmallocUsed:      161532 kB
VmallocChunk:      68676 kB
Time pass: 3 sec

---2015-11-23 17:34:54
MemTotal:        2902232 kB
MemFree:          555264 kB
Buffers:           15800 kB
Cached:          1040344 kB
SwapCached:            0 kB
Active:           873856 kB
Inactive:         862852 kB
Active(anon):     679504 kB
Inactive(anon):     4628 kB
Active(file):     194352 kB
Inactive(file):   858224 kB
Unevictable:           0 kB
Mlocked:               0 kB
HighTotal:       2311552 kB
HighFree:         132276 kB
LowTotal:         590680 kB
LowFree:          422988 kB
SwapTotal:       1048572 kB
SwapFree:        1048572 kB
Dirty:                 0 kB
Writeback:             0 kB
AnonPages:        680348 kB
Mapped:           271116 kB
Shmem:              3588 kB
Slab:              51208 kB
SReclaimable:      15448 kB
SUnreclaim:        35760 kB
KernelStack:       12880 kB
PageTables:        27504 kB
NFS_Unstable:          0 kB
Bounce:                0 kB
WritebackTmp:          0 kB
CommitLimit:     2499688 kB
Committed_AS:   62766104 kB
VmallocTotal:     385024 kB
VmallocUsed:      161532 kB
VmallocChunk:      68676 kB
Time pass: 6 sec

---2015-11-23 17:34:54
MemTotal:        2902232 kB
MemFree:          555260 kB
Buffers:           15808 kB
Cached:          1040344 kB
SwapCached:            0 kB
Active:           874232 kB
Inactive:         862852 kB
Active(anon):     679880 kB
Inactive(anon):     4628 kB
Active(file):     194352 kB
Inactive(file):   858224 kB
Unevictable:           0 kB
Mlocked:               0 kB
HighTotal:       2311552 kB
HighFree:         131904 kB
LowTotal:         590680 kB
LowFree:          423356 kB
SwapTotal:       1048572 kB
SwapFree:        1048572 kB
Dirty:                36 kB
Writeback:             0 kB
AnonPages:        680700 kB
Mapped:           271132 kB
Shmem:              3588 kB
Slab:              51212 kB
SReclaimable:      15448 kB
SUnreclaim:        35764 kB
KernelStack:       12872 kB
PageTables:        27528 kB
NFS_Unstable:          0 kB
Bounce:                0 kB
WritebackTmp:          0 kB
CommitLimit:     2499688 kB
Committed_AS:   62769136 kB
VmallocTotal:     385024 kB
VmallocUsed:      161532 kB
VmallocChunk:      68676 kB
Time pass: 10 sec

---2015-11-23 17:34:54
MemTotal:        2902232 kB
MemFree:          555272 kB
Buffers:           15816 kB
Cached:          1040336 kB
SwapCached:            0 kB
Active:           874348 kB
Inactive:         862860 kB
Active(anon):     679996 kB
Inactive(anon):     4628 kB
Active(file):     194352 kB
Inactive(file):   858232 kB
Unevictable:           0 kB
Mlocked:               0 kB
HighTotal:       2311552 kB
HighFree:         131728 kB
LowTotal:         590680 kB
LowFree:          423544 kB
SwapTotal:       1048572 kB
SwapFree:        1048572 kB
Dirty:                 0 kB
Writeback:             0 kB
AnonPages:        680736 kB
Mapped:           271176 kB
Shmem:              3588 kB
Slab:              51224 kB
SReclaimable:      15448 kB
SUnreclaim:        35776 kB
KernelStack:       12856 kB
PageTables:        27544 kB
NFS_Unstable:          0 kB
Bounce:                0 kB
WritebackTmp:          0 kB
CommitLimit:     2499688 kB
Committed_AS:   62769132 kB
VmallocTotal:     385024 kB
VmallocUsed:      161532 kB
VmallocChunk:      68676 kB
Time pass: 13 sec

---2015-11-23 17:34:54
MemTotal:        2902232 kB
MemFree:          553092 kB
Buffers:           15816 kB
Cached:          1040380 kB
SwapCached:            0 kB
Active:           876096 kB
Inactive:         862868 kB
Active(anon):     681744 kB
Inactive(anon):     4628 kB
Active(file):     194352 kB
Inactive(file):   858240 kB
Unevictable:           0 kB
Mlocked:               0 kB
HighTotal:       2311552 kB
HighFree:         130860 kB
LowTotal:         590680 kB
LowFree:          422232 kB
SwapTotal:       1048572 kB
SwapFree:        1048572 kB
Dirty:                44 kB
Writeback:             0 kB
AnonPages:        682700 kB
Mapped:           271180 kB
Shmem:              3588 kB
Slab:              51224 kB
SReclaimable:      15448 kB
SUnreclaim:        35776 kB
KernelStack:       12848 kB
PageTables:        27560 kB
NFS_Unstable:          0 kB
Bounce:                0 kB
WritebackTmp:          0 kB
CommitLimit:     2499688 kB
Committed_AS:   63767396 kB
VmallocTotal:     385024 kB
VmallocUsed:      161532 kB
VmallocChunk:      68676 kB
Time pass: 17 sec

---2015-11-23 17:34:54
MemTotal:        2902232 kB
MemFree:          386056 kB
Buffers:           15864 kB
Cached:          1041140 kB
SwapCached:            0 kB
Active:           901004 kB
Inactive:         861928 kB
Active(anon):     704872 kB
Inactive(anon):     4756 kB
Active(file):     196132 kB
Inactive(file):   857172 kB
Unevictable:           0 kB
Mlocked:               0 kB
HighTotal:       2311552 kB
HighFree:          38200 kB
LowTotal:         590680 kB
LowFree:          347856 kB
SwapTotal:       1048572 kB
SwapFree:        1048572 kB
Dirty:              1652 kB
Writeback:             0 kB
AnonPages:        706236 kB
Mapped:           294984 kB
Shmem:              3720 kB
Slab:              51292 kB
SReclaimable:      15480 kB
SUnreclaim:        35812 kB
KernelStack:       13464 kB
PageTables:        28336 kB
NFS_Unstable:          0 kB
Bounce:                0 kB
WritebackTmp:          0 kB
CommitLimit:     2499688 kB
Committed_AS:   63638456 kB
VmallocTotal:     385024 kB
VmallocUsed:      163252 kB
VmallocChunk:      68676 kB
Time pass: 20 sec

---2015-11-23 17:34:54
MemTotal:        2902232 kB
MemFree:          352796 kB
Buffers:           15872 kB
Cached:          1041196 kB
SwapCached:            0 kB
Active:           898496 kB
Inactive:         861844 kB
Active(anon):     702212 kB
Inactive(anon):     4760 kB
Active(file):     196284 kB
Inactive(file):   857084 kB
Unevictable:           0 kB
Mlocked:               0 kB
HighTotal:       2311552 kB
HighFree:          40516 kB
LowTotal:         590680 kB
LowFree:          312280 kB
SwapTotal:       1048572 kB
SwapFree:        1048572 kB
Dirty:                36 kB
Writeback:             0 kB
AnonPages:        703144 kB
Mapped:           294896 kB
Shmem:              3720 kB
Slab:              51380 kB
SReclaimable:      15512 kB
SUnreclaim:        35868 kB
KernelStack:       13496 kB
PageTables:        28272 kB
NFS_Unstable:          0 kB
Bounce:                0 kB
WritebackTmp:          0 kB
CommitLimit:     2499688 kB
Committed_AS:   63631020 kB
VmallocTotal:     385024 kB
VmallocUsed:      163556 kB
VmallocChunk:      68676 kB
Time pass: 24 sec

---2015-11-23 17:34:54
MemTotal:        2902232 kB
MemFree:          351440 kB
Buffers:           15888 kB
Cached:          1041208 kB
SwapCached:            0 kB
Active:           898872 kB
Inactive:         861768 kB
Active(anon):     702484 kB
Inactive(anon):     4760 kB
Active(file):     196388 kB
Inactive(file):   857008 kB
Unevictable:           0 kB
Mlocked:               0 kB
HighTotal:       2311552 kB
HighFree:          39372 kB
LowTotal:         590680 kB
LowFree:          312068 kB
SwapTotal:       1048572 kB
SwapFree:        1048572 kB
Dirty:               232 kB
Writeback:             0 kB
AnonPages:        703468 kB
Mapped:           294984 kB
Shmem:              3720 kB
Slab:              51460 kB
SReclaimable:      15504 kB
SUnreclaim:        35956 kB
KernelStack:       13504 kB
PageTables:        28300 kB
NFS_Unstable:          0 kB
Bounce:                0 kB
WritebackTmp:          0 kB
CommitLimit:     2499688 kB
Committed_AS:   63630144 kB
VmallocTotal:     385024 kB
VmallocUsed:      163556 kB
VmallocChunk:      68676 kB
Time pass: 27 sec

---2015-11-23 17:34:54
MemTotal:        2902232 kB
MemFree:          307832 kB
Buffers:           15900 kB
Cached:          1043972 kB
SwapCached:            0 kB
Active:           916156 kB
Inactive:         864148 kB
Active(anon):     719484 kB
Inactive(anon):     4760 kB
Active(file):     196672 kB
Inactive(file):   859388 kB
Unevictable:           0 kB
Mlocked:               0 kB
HighTotal:       2311552 kB
HighFree:          38256 kB
LowTotal:         590680 kB
LowFree:          269576 kB
SwapTotal:       1048572 kB
SwapFree:        1048572 kB
Dirty:               168 kB
Writeback:             0 kB
AnonPages:        720408 kB
Mapped:           295752 kB
Shmem:              3720 kB
Slab:              51468 kB
SReclaimable:      15508 kB
SUnreclaim:        35960 kB
KernelStack:       13624 kB
PageTables:        28404 kB
NFS_Unstable:          0 kB
Bounce:                0 kB
WritebackTmp:          0 kB
CommitLimit:     2499688 kB
Committed_AS:   63634708 kB
VmallocTotal:     385024 kB
VmallocUsed:      164032 kB
VmallocChunk:      68676 kB
Time pass: 31 sec

---2015-11-23 17:34:54
MemTotal:        2902232 kB
MemFree:          300388 kB
Buffers:           15908 kB
Cached:          1043992 kB
SwapCached:            0 kB
Active:           921912 kB
Inactive:         864224 kB
Active(anon):     725176 kB
Inactive(anon):     4760 kB
Active(file):     196736 kB
Inactive(file):   859464 kB
Unevictable:           0 kB
Mlocked:               0 kB
HighTotal:       2311552 kB
HighFree:          38184 kB
LowTotal:         590680 kB
LowFree:          262204 kB
SwapTotal:       1048572 kB
SwapFree:        1048572 kB
Dirty:                44 kB
Writeback:             0 kB
AnonPages:        726300 kB
Mapped:           296176 kB
Shmem:              3720 kB
Slab:              51484 kB
SReclaimable:      15508 kB
SUnreclaim:        35976 kB
KernelStack:       13632 kB
PageTables:        28476 kB
NFS_Unstable:          0 kB
Bounce:                0 kB
WritebackTmp:          0 kB
CommitLimit:     2499688 kB
Committed_AS:   63637096 kB
VmallocTotal:     385024 kB
VmallocUsed:      164168 kB
VmallocChunk:      68676 kB
Time pass: 34 sec

---2015-11-23 17:34:54
MemTotal:        2902232 kB
MemFree:          292808 kB
Buffers:           15916 kB
Cached:          1045404 kB
SwapCached:            0 kB
Active:           927968 kB
Inactive:         860900 kB
Active(anon):     726880 kB
Inactive(anon):     4600 kB
Active(file):     201088 kB
Inactive(file):   856300 kB
Unevictable:           0 kB
Mlocked:               0 kB
HighTotal:       2311552 kB
HighFree:          38060 kB
LowTotal:         590680 kB
LowFree:          254748 kB
SwapTotal:       1048572 kB
SwapFree:        1048572 kB
Dirty:               244 kB
Writeback:             0 kB
AnonPages:        727976 kB
Mapped:           297808 kB
Shmem:              3724 kB
Slab:              51456 kB
SReclaimable:      15536 kB
SUnreclaim:        35920 kB
KernelStack:       13544 kB
PageTables:        28172 kB
NFS_Unstable:          0 kB
Bounce:                0 kB
WritebackTmp:          0 kB
CommitLimit:     2499688 kB
Committed_AS:   62850372 kB
VmallocTotal:     385024 kB
VmallocUsed:      163048 kB
VmallocChunk:      68676 kB
Time pass: 38 sec

---2015-11-23 17:34:54
MemTotal:        2902232 kB
MemFree:          234172 kB
Buffers:           15932 kB
Cached:          1047320 kB
SwapCached:            0 kB
Active:           945216 kB
Inactive:         862780 kB
Active(anon):     743860 kB
Inactive(anon):     4600 kB
Active(file):     201356 kB
Inactive(file):   858180 kB
Unevictable:           0 kB
Mlocked:               0 kB
HighTotal:       2311552 kB
HighFree:          38060 kB
LowTotal:         590680 kB
LowFree:          196112 kB
SwapTotal:       1048572 kB
SwapFree:        1048572 kB
Dirty:              1368 kB
Writeback:             0 kB
AnonPages:        744524 kB
Mapped:           298104 kB
Shmem:              3724 kB
Slab:              51604 kB
SReclaimable:      15604 kB
SUnreclaim:        36000 kB
KernelStack:       13576 kB
PageTables:        28284 kB
NFS_Unstable:          0 kB
Bounce:                0 kB
WritebackTmp:          0 kB
CommitLimit:     2499688 kB
Committed_AS:   62867580 kB
VmallocTotal:     385024 kB
VmallocUsed:      163352 kB
VmallocChunk:      68676 kB
Time pass: 41 sec

---2015-11-23 17:34:54
MemTotal:        2902232 kB
MemFree:          230080 kB
Buffers:           15940 kB
Cached:          1047776 kB
SwapCached:            0 kB
Active:           937916 kB
Inactive:         863236 kB
Active(anon):     736548 kB
Inactive(anon):     4600 kB
Active(file):     201368 kB
Inactive(file):   858636 kB
Unevictable:           0 kB
Mlocked:               0 kB
HighTotal:       2311552 kB
HighFree:          38060 kB
LowTotal:         590680 kB
LowFree:          192020 kB
SwapTotal:       1048572 kB
SwapFree:        1048572 kB
Dirty:               104 kB
Writeback:             0 kB
AnonPages:        737384 kB
Mapped:           298336 kB
Shmem:              3724 kB
Slab:              51604 kB
SReclaimable:      15604 kB
SUnreclaim:        36000 kB
KernelStack:       13568 kB
PageTables:        28220 kB
NFS_Unstable:          0 kB
Bounce:                0 kB
WritebackTmp:          0 kB
CommitLimit:     2499688 kB
Committed_AS:   62860064 kB
VmallocTotal:     385024 kB
VmallocUsed:      163356 kB
VmallocChunk:      68676 kB
Time pass: 44 sec

---2015-11-23 17:34:54
MemTotal:        2902232 kB
MemFree:          229444 kB
Buffers:           15940 kB
Cached:          1047788 kB
SwapCached:            0 kB
Active:           937980 kB
Inactive:         863236 kB
Active(anon):     736612 kB
Inactive(anon):     4600 kB
Active(file):     201368 kB
Inactive(file):   858636 kB
Unevictable:           0 kB
Mlocked:               0 kB
HighTotal:       2311552 kB
HighFree:          38184 kB
LowTotal:         590680 kB
LowFree:          191260 kB
SwapTotal:       1048572 kB
SwapFree:        1048572 kB
Dirty:               116 kB
Writeback:             0 kB
AnonPages:        737264 kB
Mapped:           298380 kB
Shmem:              3724 kB
Slab:              51612 kB
SReclaimable:      15612 kB
SUnreclaim:        36000 kB
KernelStack:       13560 kB
PageTables:        28236 kB
NFS_Unstable:          0 kB
Bounce:                0 kB
WritebackTmp:          0 kB
CommitLimit:     2499688 kB
Committed_AS:   62859908 kB
VmallocTotal:     385024 kB
VmallocUsed:      163356 kB
VmallocChunk:      68676 kB
Time pass: 48 sec

---2015-11-23 17:34:54
MemTotal:        2902232 kB
MemFree:          212100 kB
Buffers:           15948 kB
Cached:          1048040 kB
SwapCached:            0 kB
Active:           940448 kB
Inactive:         863432 kB
Active(anon):     739048 kB
Inactive(anon):     4600 kB
Active(file):     201400 kB
Inactive(file):   858832 kB
Unevictable:           0 kB
Mlocked:               0 kB
HighTotal:       2311552 kB
HighFree:          38184 kB
LowTotal:         590680 kB
LowFree:          173916 kB
SwapTotal:       1048572 kB
SwapFree:        1048572 kB
Dirty:               316 kB
Writeback:             0 kB
AnonPages:        739948 kB
Mapped:           298780 kB
Shmem:              3724 kB
Slab:              51616 kB
SReclaimable:      15612 kB
SUnreclaim:        36004 kB
KernelStack:       13552 kB
PageTables:        28224 kB
NFS_Unstable:          0 kB
Bounce:                0 kB
WritebackTmp:          0 kB
CommitLimit:     2499688 kB
Committed_AS:   62863024 kB
VmallocTotal:     385024 kB
VmallocUsed:      163780 kB
VmallocChunk:      68676 kB
Time pass: 51 sec

---2015-11-23 17:34:54
MemTotal:        2902232 kB
MemFree:          177920 kB
Buffers:           15964 kB
Cached:          1048912 kB
SwapCached:            0 kB
Active:           946032 kB
Inactive:         863804 kB
Active(anon):     744064 kB
Inactive(anon):     4592 kB
Active(file):     201968 kB
Inactive(file):   859212 kB
Unevictable:           0 kB
Mlocked:               0 kB
HighTotal:       2311552 kB
HighFree:          38184 kB
LowTotal:         590680 kB
LowFree:          139736 kB
SwapTotal:       1048572 kB
SwapFree:        1048572 kB
Dirty:               624 kB
Writeback:             0 kB
AnonPages:        745040 kB
Mapped:           298916 kB
Shmem:              3716 kB
Slab:              51680 kB
SReclaimable:      15644 kB
SUnreclaim:        36036 kB
KernelStack:       13552 kB
PageTables:        28240 kB
NFS_Unstable:          0 kB
Bounce:                0 kB
WritebackTmp:          0 kB
CommitLimit:     2499688 kB
Committed_AS:   62862976 kB
VmallocTotal:     385024 kB
VmallocUsed:      164700 kB
VmallocChunk:      68676 kB
Time pass: 55 sec

---2015-11-23 17:34:54
MemTotal:        2902232 kB
MemFree:          165540 kB
Buffers:           15980 kB
Cached:          1053184 kB
SwapCached:            0 kB
Active:           952648 kB
Inactive:         867996 kB
Active(anon):     750656 kB
Inactive(anon):     4592 kB
Active(file):     201992 kB
Inactive(file):   863404 kB
Unevictable:           0 kB
Mlocked:               0 kB
HighTotal:       2311552 kB
HighFree:          38184 kB
LowTotal:         590680 kB
LowFree:          127356 kB
SwapTotal:       1048572 kB
SwapFree:        1048572 kB
Dirty:               248 kB
Writeback:           196 kB
AnonPages:        751808 kB
Mapped:           302000 kB
Shmem:              3716 kB
Slab:              51704 kB
SReclaimable:      15652 kB
SUnreclaim:        36052 kB
KernelStack:       13544 kB
PageTables:        28220 kB
NFS_Unstable:          0 kB
Bounce:                0 kB
WritebackTmp:          0 kB
CommitLimit:     2499688 kB
Committed_AS:   62875844 kB
VmallocTotal:     385024 kB
VmallocUsed:      164688 kB
VmallocChunk:      68676 kB
Time pass: 58 sec

---2015-11-23 17:34:54
MemTotal:        2902232 kB
MemFree:          148624 kB
Buffers:           15996 kB
Cached:          1053568 kB
SwapCached:            0 kB
Active:           959272 kB
Inactive:         867956 kB
Active(anon):     756832 kB
Inactive(anon):     4592 kB
Active(file):     202440 kB
Inactive(file):   863364 kB
Unevictable:           0 kB
Mlocked:               0 kB
HighTotal:       2311552 kB
HighFree:          38060 kB
LowTotal:         590680 kB
LowFree:          110564 kB
SwapTotal:       1048572 kB
SwapFree:        1048572 kB
Dirty:               380 kB
Writeback:             0 kB
AnonPages:        757860 kB
Mapped:           302712 kB
Shmem:              3716 kB
Slab:              51704 kB
SReclaimable:      15684 kB
SUnreclaim:        36020 kB
KernelStack:       13616 kB
PageTables:        28276 kB
NFS_Unstable:          0 kB
Bounce:                0 kB
WritebackTmp:          0 kB
CommitLimit:     2499688 kB
Committed_AS:   62891964 kB
VmallocTotal:     385024 kB
VmallocUsed:      167928 kB
VmallocChunk:      68676 kB
Time pass: 62 sec

---2015-11-23 17:34:54
MemTotal:        2902232 kB
MemFree:          144064 kB
Buffers:           16028 kB
Cached:          1053760 kB
SwapCached:            0 kB
Active:           964220 kB
Inactive:         867852 kB
Active(anon):     761436 kB
Inactive(anon):     4712 kB
Active(file):     202784 kB
Inactive(file):   863140 kB
Unevictable:           0 kB
Mlocked:               0 kB
HighTotal:       2311552 kB
HighFree:          38060 kB
LowTotal:         590680 kB
LowFree:          106004 kB
SwapTotal:       1048572 kB
SwapFree:        1048572 kB
Dirty:                76 kB
Writeback:             0 kB
AnonPages:        762344 kB
Mapped:           303436 kB
Shmem:              3884 kB
Slab:              51816 kB
SReclaimable:      15724 kB
SUnreclaim:        36092 kB
KernelStack:       13776 kB
PageTables:        28404 kB
NFS_Unstable:          0 kB
Bounce:                0 kB
WritebackTmp:          0 kB
CommitLimit:     2499688 kB
Committed_AS:   62896256 kB
VmallocTotal:     385024 kB
VmallocUsed:      167928 kB
VmallocChunk:      68676 kB
Time pass: 66 sec

---2015-11-23 17:34:54
MemTotal:        2902232 kB
MemFree:          133004 kB
Buffers:           16044 kB
Cached:          1053944 kB
SwapCached:            0 kB
Active:           966352 kB
Inactive:         868036 kB
Active(anon):     763568 kB
Inactive(anon):     4864 kB
Active(file):     202784 kB
Inactive(file):   863172 kB
Unevictable:           0 kB
Mlocked:               0 kB
HighTotal:       2311552 kB
HighFree:          38060 kB
LowTotal:         590680 kB
LowFree:           94944 kB
SwapTotal:       1048572 kB
SwapFree:        1048572 kB
Dirty:                40 kB
Writeback:             0 kB
AnonPages:        764452 kB
Mapped:           303560 kB
Shmem:              4052 kB
Slab:              51832 kB
SReclaimable:      15728 kB
SUnreclaim:        36104 kB
KernelStack:       13744 kB
PageTables:        28520 kB
NFS_Unstable:          0 kB
Bounce:                0 kB
WritebackTmp:          0 kB
CommitLimit:     2499688 kB
Committed_AS:   62899104 kB
VmallocTotal:     385024 kB
VmallocUsed:      167928 kB
VmallocChunk:      68676 kB
Time pass: 70 sec

---2015-11-23 17:34:54
MemTotal:        2902232 kB
MemFree:          131652 kB
Buffers:           16068 kB
Cached:          1053932 kB
SwapCached:            0 kB
Active:           967256 kB
Inactive:         868092 kB
Active(anon):     764472 kB
Inactive(anon):     4920 kB
Active(file):     202784 kB
Inactive(file):   863172 kB
Unevictable:           0 kB
Mlocked:               0 kB
HighTotal:       2311552 kB
HighFree:          38060 kB
LowTotal:         590680 kB
LowFree:           93592 kB
SwapTotal:       1048572 kB
SwapFree:        1048572 kB
Dirty:                40 kB
Writeback:             0 kB
AnonPages:        765096 kB
Mapped:           303616 kB
Shmem:              4064 kB
Slab:              51784 kB
SReclaimable:      15728 kB
SUnreclaim:        36056 kB
KernelStack:       13760 kB
PageTables:        28536 kB
NFS_Unstable:          0 kB
Bounce:                0 kB
WritebackTmp:          0 kB
CommitLimit:     2499688 kB
Committed_AS:   62899084 kB
VmallocTotal:     385024 kB
VmallocUsed:      167928 kB
VmallocChunk:      68676 kB
Time pass: 73 sec

---2015-11-23 17:34:54
MemTotal:        2902232 kB
MemFree:          131460 kB
Buffers:           16068 kB
Cached:          1054004 kB
SwapCached:            0 kB
Active:           967428 kB
Inactive:         868164 kB
Active(anon):     764644 kB
Inactive(anon):     4968 kB
Active(file):     202784 kB
Inactive(file):   863196 kB
Unevictable:           0 kB
Mlocked:               0 kB
HighTotal:       2311552 kB
HighFree:          38060 kB
LowTotal:         590680 kB
LowFree:           93400 kB
SwapTotal:       1048572 kB
SwapFree:        1048572 kB
Dirty:                36 kB
Writeback:             0 kB
AnonPages:        765456 kB
Mapped:           303708 kB
Shmem:              4112 kB
Slab:              51776 kB
SReclaimable:      15732 kB
SUnreclaim:        36044 kB
KernelStack:       13760 kB
PageTables:        28560 kB
NFS_Unstable:          0 kB
Bounce:                0 kB
WritebackTmp:          0 kB
CommitLimit:     2499688 kB
Committed_AS:   62899092 kB
VmallocTotal:     385024 kB
VmallocUsed:      167928 kB
VmallocChunk:      68676 kB
Time pass: 77 sec

---2015-11-23 17:34:54
MemTotal:        2902232 kB
MemFree:          128704 kB
Buffers:           16084 kB
Cached:          1054004 kB
SwapCached:            0 kB
Active:           970036 kB
Inactive:         868196 kB
Active(anon):     767252 kB
Inactive(anon):     4984 kB
Active(file):     202784 kB
Inactive(file):   863212 kB
Unevictable:           0 kB
Mlocked:               0 kB
HighTotal:       2311552 kB
HighFree:          38184 kB
LowTotal:         590680 kB
LowFree:           90520 kB
SwapTotal:       1048572 kB
SwapFree:        1048572 kB
Dirty:                 4 kB
Writeback:             0 kB
AnonPages:        768204 kB
Mapped:           303704 kB
Shmem:              4112 kB
Slab:              51984 kB
SReclaimable:      15800 kB
SUnreclaim:        36184 kB
KernelStack:       13752 kB
PageTables:        28568 kB
NFS_Unstable:          0 kB
Bounce:                0 kB
WritebackTmp:          0 kB
CommitLimit:     2499688 kB
Committed_AS:   62902260 kB
VmallocTotal:     385024 kB
VmallocUsed:      167928 kB
VmallocChunk:      68676 kB
Time pass: 81 sec

---2015-11-23 17:34:54
MemTotal:        2902232 kB
MemFree:          128780 kB
Buffers:           16108 kB
Cached:          1054004 kB
SwapCached:            0 kB
Active:           969932 kB
Inactive:         868220 kB
Active(anon):     767148 kB
Inactive(anon):     4984 kB
Active(file):     202784 kB
Inactive(file):   863236 kB
Unevictable:           0 kB
Mlocked:               0 kB
HighTotal:       2311552 kB
HighFree:          38184 kB
LowTotal:         590680 kB
LowFree:           90596 kB
SwapTotal:       1048572 kB
SwapFree:        1048572 kB
Dirty:                40 kB
Writeback:             0 kB
AnonPages:        768112 kB
Mapped:           303748 kB
Shmem:              4112 kB
Slab:              51880 kB
SReclaimable:      15800 kB
SUnreclaim:        36080 kB
KernelStack:       13744 kB
PageTables:        28568 kB
NFS_Unstable:          0 kB
Bounce:                0 kB
WritebackTmp:          0 kB
CommitLimit:     2499688 kB
Committed_AS:   62902152 kB
VmallocTotal:     385024 kB
VmallocUsed:      167928 kB
VmallocChunk:      68676 kB
Time pass: 85 sec

---2015-11-23 17:34:54
MemTotal:        2902232 kB
MemFree:          128196 kB
Buffers:           16108 kB
Cached:          1054008 kB
SwapCached:            0 kB
Active:           969564 kB
Inactive:         868220 kB
Active(anon):     766780 kB
Inactive(anon):     4984 kB
Active(file):     202784 kB
Inactive(file):   863236 kB
Unevictable:           0 kB
Mlocked:               0 kB
HighTotal:       2311552 kB
HighFree:          38060 kB
LowTotal:         590680 kB
LowFree:           90136 kB
SwapTotal:       1048572 kB
SwapFree:        1048572 kB
Dirty:                40 kB
Writeback:             0 kB
AnonPages:        767576 kB
Mapped:           303708 kB
Shmem:              4116 kB
Slab:              52164 kB
SReclaimable:      15856 kB
SUnreclaim:        36308 kB
KernelStack:       13760 kB
PageTables:        28568 kB
NFS_Unstable:          0 kB
Bounce:                0 kB
WritebackTmp:          0 kB
CommitLimit:     2499688 kB
Committed_AS:   62902160 kB
VmallocTotal:     385024 kB
VmallocUsed:      167928 kB
VmallocChunk:      68676 kB
Time pass: 88 sec

---2015-11-23 17:34:54
MemTotal:        2902232 kB
MemFree:          127696 kB
Buffers:           16116 kB
Cached:          1054044 kB
SwapCached:            0 kB
Active:           970336 kB
Inactive:         868228 kB
Active(anon):     767552 kB
Inactive(anon):     4992 kB
Active(file):     202784 kB
Inactive(file):   863236 kB
Unevictable:           0 kB
Mlocked:               0 kB
HighTotal:       2311552 kB
HighFree:          38060 kB
LowTotal:         590680 kB
LowFree:           89636 kB
SwapTotal:       1048572 kB
SwapFree:        1048572 kB
Dirty:                28 kB
Writeback:             0 kB
AnonPages:        768148 kB
Mapped:           303792 kB
Shmem:              4152 kB
Slab:              52128 kB
SReclaimable:      15800 kB
SUnreclaim:        36328 kB
KernelStack:       13728 kB
PageTables:        28568 kB
NFS_Unstable:          0 kB
Bounce:                0 kB
WritebackTmp:          0 kB
CommitLimit:     2499688 kB
Committed_AS:   62902140 kB
VmallocTotal:     385024 kB
VmallocUsed:      167928 kB
VmallocChunk:      68676 kB
Time pass: 92 sec

---2015-11-23 17:34:54
MemTotal:        2902232 kB
MemFree:          127868 kB
Buffers:           16132 kB
Cached:          1054108 kB
SwapCached:            0 kB
Active:           970400 kB
Inactive:         868348 kB
Active(anon):     767616 kB
Inactive(anon):     5080 kB
Active(file):     202784 kB
Inactive(file):   863268 kB
Unevictable:           0 kB
Mlocked:               0 kB
HighTotal:       2311552 kB
HighFree:          38060 kB
LowTotal:         590680 kB
LowFree:           89808 kB
SwapTotal:       1048572 kB
SwapFree:        1048572 kB
Dirty:                 0 kB
Writeback:             0 kB
AnonPages:        768244 kB
Mapped:           303900 kB
Shmem:              4216 kB
Slab:              52100 kB
SReclaimable:      15800 kB
SUnreclaim:        36300 kB
KernelStack:       13728 kB
PageTables:        28584 kB
NFS_Unstable:          0 kB
Bounce:                0 kB
WritebackTmp:          0 kB
CommitLimit:     2499688 kB
Committed_AS:   62902068 kB
VmallocTotal:     385024 kB
VmallocUsed:      167928 kB
VmallocChunk:      68676 kB
Time pass: 95 sec

---2015-11-23 17:34:54
MemTotal:        2902232 kB
MemFree:          128172 kB
Buffers:           16140 kB
Cached:          1054108 kB
SwapCached:            0 kB
Active:           970240 kB
Inactive:         868348 kB
Active(anon):     767456 kB
Inactive(anon):     5088 kB
Active(file):     202784 kB
Inactive(file):   863260 kB
Unevictable:           0 kB
Mlocked:               0 kB
HighTotal:       2311552 kB
HighFree:          38060 kB
LowTotal:         590680 kB
LowFree:           90112 kB
SwapTotal:       1048572 kB
SwapFree:        1048572 kB
Dirty:                28 kB
Writeback:             0 kB
AnonPages:        768136 kB
Mapped:           303896 kB
Shmem:              4216 kB
Slab:              51916 kB
SReclaimable:      15800 kB
SUnreclaim:        36116 kB
KernelStack:       13720 kB
PageTables:        28584 kB
NFS_Unstable:          0 kB
Bounce:                0 kB
WritebackTmp:          0 kB
CommitLimit:     2499688 kB
Committed_AS:   62902228 kB
VmallocTotal:     385024 kB
VmallocUsed:      167928 kB
VmallocChunk:      68676 kB
Time pass: 99 sec

---2015-11-23 17:34:54
MemTotal:        2902232 kB
MemFree:          428320 kB
Buffers:           16208 kB
Cached:          1053764 kB
SwapCached:            0 kB
Active:           926480 kB
Inactive:         842332 kB
Active(anon):     697948 kB
Inactive(anon):     4592 kB
Active(file):     228532 kB
Inactive(file):   837740 kB
Unevictable:           0 kB
Mlocked:               0 kB
HighTotal:       2311552 kB
HighFree:         102556 kB
LowTotal:         590680 kB
LowFree:          325764 kB
SwapTotal:       1048572 kB
SwapFree:        1048572 kB
Dirty:                96 kB
Writeback:             0 kB
AnonPages:        698460 kB
Mapped:           269204 kB
Shmem:              3716 kB
Slab:              51932 kB
SReclaimable:      15800 kB
SUnreclaim:        36132 kB
KernelStack:       13528 kB
PageTables:        27232 kB
NFS_Unstable:          0 kB
Bounce:                0 kB
WritebackTmp:          0 kB
CommitLimit:     2499688 kB
Committed_AS:   61175380 kB
VmallocTotal:     385024 kB
VmallocUsed:      161152 kB
VmallocChunk:      68676 kB
Time pass: 102 sec

---2015-11-23 17:34:54
MemTotal:        2902232 kB
MemFree:          295636 kB
Buffers:           16256 kB
Cached:          1053816 kB
SwapCached:            0 kB
Active:           964544 kB
Inactive:         841868 kB
Active(anon):     735444 kB
Inactive(anon):     4600 kB
Active(file):     229100 kB
Inactive(file):   837268 kB
Unevictable:           0 kB
Mlocked:               0 kB
HighTotal:       2311552 kB
HighFree:          38120 kB
LowTotal:         590680 kB
LowFree:          257516 kB
SwapTotal:       1048572 kB
SwapFree:        1048572 kB
Dirty:              1692 kB
Writeback:             0 kB
AnonPages:        736068 kB
Mapped:           293200 kB
Shmem:              3724 kB
Slab:              51920 kB
SReclaimable:      15816 kB
SUnreclaim:        36104 kB
KernelStack:       13416 kB
PageTables:        27932 kB
NFS_Unstable:          0 kB
Bounce:                0 kB
WritebackTmp:          0 kB
CommitLimit:     2499688 kB
Committed_AS:   62052320 kB
VmallocTotal:     385024 kB
VmallocUsed:      162836 kB
VmallocChunk:      68676 kB
Time pass: 106 sec

---2015-11-23 17:34:54
MemTotal:        2902232 kB
MemFree:          226376 kB
Buffers:           16264 kB
Cached:          1055388 kB
SwapCached:            0 kB
Active:           966092 kB
Inactive:         841972 kB
Active(anon):     735520 kB
Inactive(anon):     4596 kB
Active(file):     230572 kB
Inactive(file):   837376 kB
Unevictable:           0 kB
Mlocked:               0 kB
HighTotal:       2311552 kB
HighFree:          38068 kB
LowTotal:         590680 kB
LowFree:          188308 kB
SwapTotal:       1048572 kB
SwapFree:        1048572 kB
Dirty:               760 kB
Writeback:             0 kB
AnonPages:        736272 kB
Mapped:           296804 kB
Shmem:              3720 kB
Slab:              51920 kB
SReclaimable:      15852 kB
SUnreclaim:        36068 kB
KernelStack:       13440 kB
PageTables:        28088 kB
NFS_Unstable:          0 kB
Bounce:                0 kB
WritebackTmp:          0 kB
CommitLimit:     2499688 kB
Committed_AS:   62054580 kB
VmallocTotal:     385024 kB
VmallocUsed:      163648 kB
VmallocChunk:      68676 kB
Time pass: 109 sec

---2015-11-23 17:34:54
MemTotal:        2902232 kB
MemFree:          216496 kB
Buffers:           16272 kB
Cached:          1055428 kB
SwapCached:            0 kB
Active:           964048 kB
Inactive:         841984 kB
Active(anon):     733436 kB
Inactive(anon):     4596 kB
Active(file):     230612 kB
Inactive(file):   837388 kB
Unevictable:           0 kB
Mlocked:               0 kB
HighTotal:       2311552 kB
HighFree:          38804 kB
LowTotal:         590680 kB
LowFree:          177692 kB
SwapTotal:       1048572 kB
SwapFree:        1048572 kB
Dirty:               928 kB
Writeback:             0 kB
AnonPages:        734264 kB
Mapped:           296744 kB
Shmem:              3720 kB
Slab:              51816 kB
SReclaimable:      15816 kB
SUnreclaim:        36000 kB
KernelStack:       13440 kB
PageTables:        27940 kB
NFS_Unstable:          0 kB
Bounce:                0 kB
WritebackTmp:          0 kB
CommitLimit:     2499688 kB
Committed_AS:   62053552 kB
VmallocTotal:     385024 kB
VmallocUsed:      163644 kB
VmallocChunk:      68676 kB
Time pass: 112 sec

---2015-11-23 17:34:54
MemTotal:        2902232 kB
MemFree:          207552 kB
Buffers:           16280 kB
Cached:          1055644 kB
SwapCached:            0 kB
Active:           974084 kB
Inactive:         841992 kB
Active(anon):     743208 kB
Inactive(anon):     4596 kB
Active(file):     230876 kB
Inactive(file):   837396 kB
Unevictable:           0 kB
Mlocked:               0 kB
HighTotal:       2311552 kB
HighFree:          38060 kB
LowTotal:         590680 kB
LowFree:          169492 kB
SwapTotal:       1048572 kB
SwapFree:        1048572 kB
Dirty:               356 kB
Writeback:             0 kB
AnonPages:        744180 kB
Mapped:           296800 kB
Shmem:              3720 kB
Slab:              51768 kB
SReclaimable:      15816 kB
SUnreclaim:        35952 kB
KernelStack:       13440 kB
PageTables:        27940 kB
NFS_Unstable:          0 kB
Bounce:                0 kB
WritebackTmp:          0 kB
CommitLimit:     2499688 kB
Committed_AS:   62064148 kB
VmallocTotal:     385024 kB
VmallocUsed:      163644 kB
VmallocChunk:      68676 kB
Time pass: 116 sec

---2015-11-23 17:34:54
MemTotal:        2902232 kB
MemFree:          205464 kB
Buffers:           16280 kB
Cached:          1055648 kB
SwapCached:            0 kB
Active:           966708 kB
Inactive:         841932 kB
Active(anon):     735816 kB
Inactive(anon):     4596 kB
Active(file):     230892 kB
Inactive(file):   837336 kB
Unevictable:           0 kB
Mlocked:               0 kB
HighTotal:       2311552 kB
HighFree:          37936 kB
LowTotal:         590680 kB
LowFree:          167528 kB
SwapTotal:       1048572 kB
SwapFree:        1048572 kB
Dirty:               220 kB
Writeback:             0 kB
AnonPages:        736684 kB
Mapped:           296864 kB
Shmem:              3720 kB
Slab:              51772 kB
SReclaimable:      15820 kB
SUnreclaim:        35952 kB
KernelStack:       13440 kB
PageTables:        27932 kB
NFS_Unstable:          0 kB
Bounce:                0 kB
WritebackTmp:          0 kB
CommitLimit:     2499688 kB
Committed_AS:   62056420 kB
VmallocTotal:     385024 kB
VmallocUsed:      163660 kB
VmallocChunk:      68676 kB
Time pass: 119 sec

---2015-11-23 17:34:54
MemTotal:        2902232 kB
MemFree:          169716 kB
Buffers:           16296 kB
Cached:          1055664 kB
SwapCached:            0 kB
Active:           972116 kB
Inactive:         841872 kB
Active(anon):     741140 kB
Inactive(anon):     4596 kB
Active(file):     230976 kB
Inactive(file):   837276 kB
Unevictable:           0 kB
Mlocked:               0 kB
HighTotal:       2311552 kB
HighFree:          38060 kB
LowTotal:         590680 kB
LowFree:          131656 kB
SwapTotal:       1048572 kB
SwapFree:        1048572 kB
Dirty:               648 kB
Writeback:             0 kB
AnonPages:        742116 kB
Mapped:           296912 kB
Shmem:              3720 kB
Slab:              51836 kB
SReclaimable:      15828 kB
SUnreclaim:        36008 kB
KernelStack:       13568 kB
PageTables:        28004 kB
NFS_Unstable:          0 kB
Bounce:                0 kB
WritebackTmp:          0 kB
CommitLimit:     2499688 kB
Committed_AS:   62061364 kB
VmallocTotal:     385024 kB
VmallocUsed:      165668 kB
VmallocChunk:      68676 kB
Time pass: 123 sec

---2015-11-23 17:34:54
MemTotal:        2902232 kB
MemFree:          168608 kB
Buffers:           16296 kB
Cached:          1055664 kB
SwapCached:            0 kB
Active:           972944 kB
Inactive:         841880 kB
Active(anon):     741968 kB
Inactive(anon):     4596 kB
Active(file):     230976 kB
Inactive(file):   837284 kB
Unevictable:           0 kB
Mlocked:               0 kB
HighTotal:       2311552 kB
HighFree:          38060 kB
LowTotal:         590680 kB
LowFree:          130548 kB
SwapTotal:       1048572 kB
SwapFree:        1048572 kB
Dirty:               528 kB
Writeback:             0 kB
AnonPages:        742624 kB
Mapped:           296912 kB
Shmem:              3720 kB
Slab:              51856 kB
SReclaimable:      15828 kB
SUnreclaim:        36028 kB
KernelStack:       13568 kB
PageTables:        27992 kB
NFS_Unstable:          0 kB
Bounce:                0 kB
WritebackTmp:          0 kB
CommitLimit:     2499688 kB
Committed_AS:   62061860 kB
VmallocTotal:     385024 kB
VmallocUsed:      165656 kB
VmallocChunk:      68676 kB
Time pass: 126 sec

---2015-11-23 17:34:54
MemTotal:        2902232 kB
MemFree:          167840 kB
Buffers:           16304 kB
Cached:          1055668 kB
SwapCached:            0 kB
Active:           973008 kB
Inactive:         841888 kB
Active(anon):     742032 kB
Inactive(anon):     4596 kB
Active(file):     230976 kB
Inactive(file):   837292 kB
Unevictable:           0 kB
Mlocked:               0 kB
HighTotal:       2311552 kB
HighFree:          38060 kB
LowTotal:         590680 kB
LowFree:          129780 kB
SwapTotal:       1048572 kB
SwapFree:        1048572 kB
Dirty:                64 kB
Writeback:             0 kB
AnonPages:        742676 kB
Mapped:           296912 kB
Shmem:              3720 kB
Slab:              51784 kB
SReclaimable:      15828 kB
SUnreclaim:        35956 kB
KernelStack:       13568 kB
PageTables:        27992 kB
NFS_Unstable:          0 kB
Bounce:                0 kB
WritebackTmp:          0 kB
CommitLimit:     2499688 kB
Committed_AS:   62061940 kB
VmallocTotal:     385024 kB
VmallocUsed:      165656 kB
VmallocChunk:      68676 kB
Time pass: 129 sec

---2015-11-23 17:34:54
MemTotal:        2902232 kB
MemFree:          166820 kB
Buffers:           16312 kB
Cached:          1055664 kB
SwapCached:            0 kB
Active:           974512 kB
Inactive:         841900 kB
Active(anon):     743540 kB
Inactive(anon):     4596 kB
Active(file):     230972 kB
Inactive(file):   837304 kB
Unevictable:           0 kB
Mlocked:               0 kB
HighTotal:       2311552 kB
HighFree:          38060 kB
LowTotal:         590680 kB
LowFree:          128760 kB
SwapTotal:       1048572 kB
SwapFree:        1048572 kB
Dirty:                88 kB
Writeback:             0 kB
AnonPages:        744320 kB
Mapped:           297980 kB
Shmem:              3720 kB
Slab:              51796 kB
SReclaimable:      15828 kB
SUnreclaim:        35968 kB
KernelStack:       13568 kB
PageTables:        27992 kB
NFS_Unstable:          0 kB
Bounce:                0 kB
WritebackTmp:          0 kB
CommitLimit:     2499688 kB
Committed_AS:   62070312 kB
VmallocTotal:     385024 kB
VmallocUsed:      165656 kB
VmallocChunk:      68676 kB
Time pass: 133 sec

---2015-11-23 17:34:54
MemTotal:        2902232 kB
MemFree:          155644 kB
Buffers:           16344 kB
Cached:          1055840 kB
SwapCached:            0 kB
Active:           985240 kB
Inactive:         842068 kB
Active(anon):     754256 kB
Inactive(anon):     4744 kB
Active(file):     230984 kB
Inactive(file):   837324 kB
Unevictable:           0 kB
Mlocked:               0 kB
HighTotal:       2311552 kB
HighFree:          38060 kB
LowTotal:         590680 kB
LowFree:          117584 kB
SwapTotal:       1048572 kB
SwapFree:        1048572 kB
Dirty:                64 kB
Writeback:             0 kB
AnonPages:        755388 kB
Mapped:           300076 kB
Shmem:              3888 kB
Slab:              51836 kB
SReclaimable:      15828 kB
SUnreclaim:        36008 kB
KernelStack:       13792 kB
PageTables:        28152 kB
NFS_Unstable:          0 kB
Bounce:                0 kB
WritebackTmp:          0 kB
CommitLimit:     2499688 kB
Committed_AS:   62090852 kB
VmallocTotal:     385024 kB
VmallocUsed:      167868 kB
VmallocChunk:      68676 kB
Time pass: 136 sec

---2015-11-23 17:34:54
MemTotal:        2902232 kB
MemFree:          147184 kB
Buffers:           16360 kB
Cached:          1056060 kB
SwapCached:            0 kB
Active:           989444 kB
Inactive:         842316 kB
Active(anon):     758464 kB
Inactive(anon):     4964 kB
Active(file):     230980 kB
Inactive(file):   837352 kB
Unevictable:           0 kB
Mlocked:               0 kB
HighTotal:       2311552 kB
HighFree:          38060 kB
LowTotal:         590680 kB
LowFree:          109124 kB
SwapTotal:       1048572 kB
SwapFree:        1048572 kB
Dirty:                52 kB
Writeback:             0 kB
AnonPages:        759364 kB
Mapped:           300332 kB
Shmem:              4108 kB
Slab:              51824 kB
SReclaimable:      15836 kB
SUnreclaim:        35988 kB
KernelStack:       13792 kB
PageTables:        28192 kB
NFS_Unstable:          0 kB
Bounce:                0 kB
WritebackTmp:          0 kB
CommitLimit:     2499688 kB
Committed_AS:   62094940 kB
VmallocTotal:     385024 kB
VmallocUsed:      167868 kB
VmallocChunk:      68676 kB
Time pass: 140 sec

---2015-11-23 17:34:54
MemTotal:        2902232 kB
MemFree:          144648 kB
Buffers:           16408 kB
Cached:          1056120 kB
SwapCached:            0 kB
Active:           992164 kB
Inactive:         842440 kB
Active(anon):     761184 kB
Inactive(anon):     5056 kB
Active(file):     230980 kB
Inactive(file):   837384 kB
Unevictable:           0 kB
Mlocked:               0 kB
HighTotal:       2311552 kB
HighFree:          38060 kB
LowTotal:         590680 kB
LowFree:          106588 kB
SwapTotal:       1048572 kB
SwapFree:        1048572 kB
Dirty:                 0 kB
Writeback:             0 kB
AnonPages:        762196 kB
Mapped:           300408 kB
Shmem:              4184 kB
Slab:              51880 kB
SReclaimable:      15836 kB
SUnreclaim:        36044 kB
KernelStack:       13792 kB
PageTables:        28200 kB
NFS_Unstable:          0 kB
Bounce:                0 kB
WritebackTmp:          0 kB
CommitLimit:     2499688 kB
Committed_AS:   62097084 kB
VmallocTotal:     385024 kB
VmallocUsed:      167868 kB
VmallocChunk:      68676 kB
Time pass: 144 sec

---2015-11-23 17:34:54
MemTotal:        2902232 kB
MemFree:          142996 kB
Buffers:           16408 kB
Cached:          1056180 kB
SwapCached:            0 kB
Active:           992724 kB
Inactive:         842468 kB
Active(anon):     761764 kB
Inactive(anon):     5068 kB
Active(file):     230960 kB
Inactive(file):   837400 kB
Unevictable:           0 kB
Mlocked:               0 kB
HighTotal:       2311552 kB
HighFree:          38060 kB
LowTotal:         590680 kB
LowFree:          104936 kB
SwapTotal:       1048572 kB
SwapFree:        1048572 kB
Dirty:                60 kB
Writeback:             0 kB
AnonPages:        762572 kB
Mapped:           300496 kB
Shmem:              4228 kB
Slab:              51936 kB
SReclaimable:      15836 kB
SUnreclaim:        36100 kB
KernelStack:       13784 kB
PageTables:        28216 kB
NFS_Unstable:          0 kB
Bounce:                0 kB
WritebackTmp:          0 kB
CommitLimit:     2499688 kB
Committed_AS:   62097472 kB
VmallocTotal:     385024 kB
VmallocUsed:      167868 kB
VmallocChunk:      68676 kB
Time pass: 148 sec

---2015-11-23 17:34:54
MemTotal:        2902232 kB
MemFree:          142088 kB
Buffers:           16416 kB
Cached:          1056276 kB
SwapCached:            0 kB
Active:           992804 kB
Inactive:         842616 kB
Active(anon):     761844 kB
Inactive(anon):     5196 kB
Active(file):     230960 kB
Inactive(file):   837420 kB
Unevictable:           0 kB
Mlocked:               0 kB
HighTotal:       2311552 kB
HighFree:          38060 kB
LowTotal:         590680 kB
LowFree:          104028 kB
SwapTotal:       1048572 kB
SwapFree:        1048572 kB
Dirty:                40 kB
Writeback:             0 kB
AnonPages:        762536 kB
Mapped:           300640 kB
Shmem:              4324 kB
Slab:              51924 kB
SReclaimable:      15836 kB
SUnreclaim:        36088 kB
KernelStack:       13784 kB
PageTables:        28232 kB
NFS_Unstable:          0 kB
Bounce:                0 kB
WritebackTmp:          0 kB
CommitLimit:     2499688 kB
Committed_AS:   62097368 kB
VmallocTotal:     385024 kB
VmallocUsed:      167868 kB
VmallocChunk:      68676 kB
Time pass: 151 sec

---2015-11-23 17:34:54
MemTotal:        2902232 kB
MemFree:          142100 kB
Buffers:           16432 kB
Cached:          1056296 kB
SwapCached:            0 kB
Active:           992916 kB
Inactive:         842640 kB
Active(anon):     761956 kB
Inactive(anon):     5196 kB
Active(file):     230960 kB
Inactive(file):   837444 kB
Unevictable:           0 kB
Mlocked:               0 kB
HighTotal:       2311552 kB
HighFree:          38060 kB
LowTotal:         590680 kB
LowFree:          104040 kB
SwapTotal:       1048572 kB
SwapFree:        1048572 kB
Dirty:                 0 kB
Writeback:             0 kB
AnonPages:        762684 kB
Mapped:           300660 kB
Shmem:              4344 kB
Slab:              51960 kB
SReclaimable:      15836 kB
SUnreclaim:        36124 kB
KernelStack:       13784 kB
PageTables:        28232 kB
NFS_Unstable:          0 kB
Bounce:                0 kB
WritebackTmp:          0 kB
CommitLimit:     2499688 kB
Committed_AS:   62097328 kB
VmallocTotal:     385024 kB
VmallocUsed:      167868 kB
VmallocChunk:      68676 kB
Time pass: 154 sec

---2015-11-23 17:34:54
MemTotal:        2902232 kB
MemFree:          140644 kB
Buffers:           16440 kB
Cached:          1056296 kB
SwapCached:            0 kB
Active:           993904 kB
Inactive:         842660 kB
Active(anon):     762944 kB
Inactive(anon):     5216 kB
Active(file):     230960 kB
Inactive(file):   837444 kB
Unevictable:           0 kB
Mlocked:               0 kB
HighTotal:       2311552 kB
HighFree:          38060 kB
LowTotal:         590680 kB
LowFree:          102584 kB
SwapTotal:       1048572 kB
SwapFree:        1048572 kB
Dirty:                36 kB
Writeback:             0 kB
AnonPages:        763792 kB
Mapped:           300616 kB
Shmem:              4344 kB
Slab:              51936 kB
SReclaimable:      15836 kB
SUnreclaim:        36100 kB
KernelStack:       13784 kB
PageTables:        28220 kB
NFS_Unstable:          0 kB
Bounce:                0 kB
WritebackTmp:          0 kB
CommitLimit:     2499688 kB
Committed_AS:   62098480 kB
VmallocTotal:     385024 kB
VmallocUsed:      167868 kB
VmallocChunk:      68676 kB
Time pass: 158 sec

---2015-11-23 17:34:54
MemTotal:        2902232 kB
MemFree:          140528 kB
Buffers:           16456 kB
Cached:          1056296 kB
SwapCached:            0 kB
Active:           994040 kB
Inactive:         842684 kB
Active(anon):     763080 kB
Inactive(anon):     5216 kB
Active(file):     230960 kB
Inactive(file):   837468 kB
Unevictable:           0 kB
Mlocked:               0 kB
HighTotal:       2311552 kB
HighFree:          38060 kB
LowTotal:         590680 kB
LowFree:          102468 kB
SwapTotal:       1048572 kB
SwapFree:        1048572 kB
Dirty:                 0 kB
Writeback:             0 kB
AnonPages:        763992 kB
Mapped:           300660 kB
Shmem:              4344 kB
Slab:              51944 kB
SReclaimable:      15836 kB
SUnreclaim:        36108 kB
KernelStack:       13784 kB
PageTables:        28236 kB
NFS_Unstable:          0 kB
Bounce:                0 kB
WritebackTmp:          0 kB
CommitLimit:     2499688 kB
Committed_AS:   62098436 kB
VmallocTotal:     385024 kB
VmallocUsed:      167868 kB
VmallocChunk:      68676 kB
Time pass: 161 sec

---2015-11-23 17:34:54
MemTotal:        2902232 kB
MemFree:          140024 kB
Buffers:           16480 kB
Cached:          1056296 kB
SwapCached:            0 kB
Active:           994184 kB
Inactive:         842692 kB
Active(anon):     763224 kB
Inactive(anon):     5216 kB
Active(file):     230960 kB
Inactive(file):   837476 kB
Unevictable:           0 kB
Mlocked:               0 kB
HighTotal:       2311552 kB
HighFree:          38060 kB
LowTotal:         590680 kB
LowFree:          101964 kB
SwapTotal:       1048572 kB
SwapFree:        1048572 kB
Dirty:                32 kB
Writeback:             0 kB
AnonPages:        764228 kB
Mapped:           300716 kB
Shmem:              4344 kB
Slab:              51916 kB
SReclaimable:      15836 kB
SUnreclaim:        36080 kB
KernelStack:       13768 kB
PageTables:        28252 kB
NFS_Unstable:          0 kB
Bounce:                0 kB
WritebackTmp:          0 kB
CommitLimit:     2499688 kB
Committed_AS:   62098488 kB
VmallocTotal:     385024 kB
VmallocUsed:      167868 kB
VmallocChunk:      68676 kB
Time pass: 165 sec

---2015-11-23 17:34:54
MemTotal:        2902232 kB
MemFree:          140608 kB
Buffers:           16480 kB
Cached:          1056296 kB
SwapCached:            0 kB
Active:           994212 kB
Inactive:         842708 kB
Active(anon):     763252 kB
Inactive(anon):     5216 kB
Active(file):     230960 kB
Inactive(file):   837492 kB
Unevictable:           0 kB
Mlocked:               0 kB
HighTotal:       2311552 kB
HighFree:          38060 kB
LowTotal:         590680 kB
LowFree:          102548 kB
SwapTotal:       1048572 kB
SwapFree:        1048572 kB
Dirty:                36 kB
Writeback:             0 kB
AnonPages:        764312 kB
Mapped:           300672 kB
Shmem:              4344 kB
Slab:              51956 kB
SReclaimable:      15836 kB
SUnreclaim:        36120 kB
KernelStack:       13768 kB
PageTables:        28236 kB
NFS_Unstable:          0 kB
Bounce:                0 kB
WritebackTmp:          0 kB
CommitLimit:     2499688 kB
Committed_AS:   62098512 kB
VmallocTotal:     385024 kB
VmallocUsed:      167868 kB
VmallocChunk:      68676 kB
Time pass: 168 sec

---2015-11-23 17:34:54
MemTotal:        2902232 kB
MemFree:          140284 kB
Buffers:           16488 kB
Cached:          1056296 kB
SwapCached:            0 kB
Active:           994460 kB
Inactive:         842708 kB
Active(anon):     763500 kB
Inactive(anon):     5216 kB
Active(file):     230960 kB
Inactive(file):   837492 kB
Unevictable:           0 kB
Mlocked:               0 kB
HighTotal:       2311552 kB
HighFree:          38060 kB
LowTotal:         590680 kB
LowFree:          102224 kB
SwapTotal:       1048572 kB
SwapFree:        1048572 kB
Dirty:                32 kB
Writeback:             0 kB
AnonPages:        764360 kB
Mapped:           300628 kB
Shmem:              4344 kB
Slab:              51936 kB
SReclaimable:      15836 kB
SUnreclaim:        36100 kB
KernelStack:       13768 kB
PageTables:        28220 kB
NFS_Unstable:          0 kB
Bounce:                0 kB
WritebackTmp:          0 kB
CommitLimit:     2499688 kB
Committed_AS:   62098480 kB
VmallocTotal:     385024 kB
VmallocUsed:      167868 kB
VmallocChunk:      68676 kB
Time pass: 172 sec

---2015-11-23 17:34:54
MemTotal:        2902232 kB
MemFree:          140124 kB
Buffers:           16504 kB
Cached:          1056296 kB
SwapCached:            0 kB
Active:           994628 kB
Inactive:         842724 kB
Active(anon):     763668 kB
Inactive(anon):     5216 kB
Active(file):     230960 kB
Inactive(file):   837508 kB
Unevictable:           0 kB
Mlocked:               0 kB
HighTotal:       2311552 kB
HighFree:          38060 kB
LowTotal:         590680 kB
LowFree:          102064 kB
SwapTotal:       1048572 kB
SwapFree:        1048572 kB
Dirty:                40 kB
Writeback:             0 kB
AnonPages:        764380 kB
Mapped:           300628 kB
Shmem:              4344 kB
Slab:              51928 kB
SReclaimable:      15836 kB
SUnreclaim:        36092 kB
KernelStack:       13768 kB
PageTables:        28220 kB
NFS_Unstable:          0 kB
Bounce:                0 kB
WritebackTmp:          0 kB
CommitLimit:     2499688 kB
Committed_AS:   62098544 kB
VmallocTotal:     385024 kB
VmallocUsed:      167868 kB
VmallocChunk:      68676 kB
Time pass: 175 sec

---2015-11-23 17:34:54
MemTotal:        2902232 kB
MemFree:          141216 kB
Buffers:           16512 kB
Cached:          1056296 kB
SwapCached:            0 kB
Active:           993788 kB
Inactive:         842732 kB
Active(anon):     762828 kB
Inactive(anon):     5216 kB
Active(file):     230960 kB
Inactive(file):   837516 kB
Unevictable:           0 kB
Mlocked:               0 kB
HighTotal:       2311552 kB
HighFree:          38060 kB
LowTotal:         590680 kB
LowFree:          103156 kB
SwapTotal:       1048572 kB
SwapFree:        1048572 kB
Dirty:                28 kB
Writeback:             0 kB
AnonPages:        763436 kB
Mapped:           300584 kB
Shmem:              4344 kB
Slab:              51984 kB
SReclaimable:      15836 kB
SUnreclaim:        36148 kB
KernelStack:       13768 kB
PageTables:        28204 kB
NFS_Unstable:          0 kB
Bounce:                0 kB
WritebackTmp:          0 kB
CommitLimit:     2499688 kB
Committed_AS:   62098592 kB
VmallocTotal:     385024 kB
VmallocUsed:      167868 kB
VmallocChunk:      68676 kB
Time pass: 179 sec

---2015-11-23 17:34:54
MemTotal:        2902232 kB
MemFree:          140848 kB
Buffers:           16528 kB
Cached:          1056296 kB
SwapCached:            0 kB
Active:           993876 kB
Inactive:         842740 kB
Active(anon):     762916 kB
Inactive(anon):     5216 kB
Active(file):     230960 kB
Inactive(file):   837524 kB
Unevictable:           0 kB
Mlocked:               0 kB
HighTotal:       2311552 kB
HighFree:          38060 kB
LowTotal:         590680 kB
LowFree:          102788 kB
SwapTotal:       1048572 kB
SwapFree:        1048572 kB
Dirty:                32 kB
Writeback:             0 kB
AnonPages:        763588 kB
Mapped:           300628 kB
Shmem:              4344 kB
Slab:              52004 kB
SReclaimable:      15844 kB
SUnreclaim:        36160 kB
KernelStack:       13768 kB
PageTables:        28220 kB
NFS_Unstable:          0 kB
Bounce:                0 kB
WritebackTmp:          0 kB
CommitLimit:     2499688 kB
Committed_AS:   62098492 kB
VmallocTotal:     385024 kB
VmallocUsed:      167868 kB
VmallocChunk:      68676 kB
Time pass: 182 sec

---2015-11-23 17:34:54
MemTotal:        2902232 kB
MemFree:          140624 kB
Buffers:           16536 kB
Cached:          1056288 kB
SwapCached:            0 kB
Active:           993824 kB
Inactive:         842756 kB
Active(anon):     762864 kB
Inactive(anon):     5216 kB
Active(file):     230960 kB
Inactive(file):   837540 kB
Unevictable:           0 kB
Mlocked:               0 kB
HighTotal:       2311552 kB
HighFree:          38060 kB
LowTotal:         590680 kB
LowFree:          102564 kB
SwapTotal:       1048572 kB
SwapFree:        1048572 kB
Dirty:                 0 kB
Writeback:             0 kB
AnonPages:        763672 kB
Mapped:           300628 kB
Shmem:              4344 kB
Slab:              51972 kB
SReclaimable:      15844 kB
SUnreclaim:        36128 kB
KernelStack:       13768 kB
PageTables:        28220 kB
NFS_Unstable:          0 kB
Bounce:                0 kB
WritebackTmp:          0 kB
CommitLimit:     2499688 kB
Committed_AS:   62098392 kB
VmallocTotal:     385024 kB
VmallocUsed:      167868 kB
VmallocChunk:      68676 kB
Time pass: 185 sec

---2015-11-23 17:34:54
MemTotal:        2902232 kB
MemFree:          139900 kB
Buffers:           16552 kB
Cached:          1056296 kB
SwapCached:            0 kB
Active:           994136 kB
Inactive:         842780 kB
Active(anon):     763176 kB
Inactive(anon):     5216 kB
Active(file):     230960 kB
Inactive(file):   837564 kB
Unevictable:           0 kB
Mlocked:               0 kB
HighTotal:       2311552 kB
HighFree:          38060 kB
LowTotal:         590680 kB
LowFree:          101840 kB
SwapTotal:       1048572 kB
SwapFree:        1048572 kB
Dirty:                36 kB
Writeback:             0 kB
AnonPages:        764080 kB
Mapped:           300672 kB
Shmem:              4344 kB
Slab:              51968 kB
SReclaimable:      15844 kB
SUnreclaim:        36124 kB
KernelStack:       13768 kB
PageTables:        28236 kB
NFS_Unstable:          0 kB
Bounce:                0 kB
WritebackTmp:          0 kB
CommitLimit:     2499688 kB
Committed_AS:   62098512 kB
VmallocTotal:     385024 kB
VmallocUsed:      167868 kB
VmallocChunk:      68676 kB
Time pass: 189 sec

---2015-11-23 17:34:54
MemTotal:        2902232 kB
MemFree:          140064 kB
Buffers:           16568 kB
Cached:          1056280 kB
SwapCached:            0 kB
Active:           994260 kB
Inactive:         842780 kB
Active(anon):     763300 kB
Inactive(anon):     5216 kB
Active(file):     230960 kB
Inactive(file):   837564 kB
Unevictable:           0 kB
Mlocked:               0 kB
HighTotal:       2311552 kB
HighFree:          38060 kB
LowTotal:         590680 kB
LowFree:          102004 kB
SwapTotal:       1048572 kB
SwapFree:        1048572 kB
Dirty:                 0 kB
Writeback:             0 kB
AnonPages:        764104 kB
Mapped:           300628 kB
Shmem:              4344 kB
Slab:              51936 kB
SReclaimable:      15844 kB
SUnreclaim:        36092 kB
KernelStack:       13776 kB
PageTables:        28228 kB
NFS_Unstable:          0 kB
Bounce:                0 kB
WritebackTmp:          0 kB
CommitLimit:     2499688 kB
Committed_AS:   62098580 kB
VmallocTotal:     385024 kB
VmallocUsed:      167868 kB
VmallocChunk:      68676 kB
Time pass: 192 sec

---2015-11-23 17:34:54
MemTotal:        2902232 kB
MemFree:          139816 kB
Buffers:           16568 kB
Cached:          1056296 kB
SwapCached:            0 kB
Active:           994152 kB
Inactive:         842796 kB
Active(anon):     763192 kB
Inactive(anon):     5216 kB
Active(file):     230960 kB
Inactive(file):   837580 kB
Unevictable:           0 kB
Mlocked:               0 kB
HighTotal:       2311552 kB
HighFree:          38060 kB
LowTotal:         590680 kB
LowFree:          101756 kB
SwapTotal:       1048572 kB
SwapFree:        1048572 kB
Dirty:                32 kB
Writeback:             0 kB
AnonPages:        764332 kB
Mapped:           300672 kB
Shmem:              4344 kB
Slab:              51932 kB
SReclaimable:      15844 kB
SUnreclaim:        36088 kB
KernelStack:       13760 kB
PageTables:        28236 kB
NFS_Unstable:          0 kB
Bounce:                0 kB
WritebackTmp:          0 kB
CommitLimit:     2499688 kB
Committed_AS:   62098700 kB
VmallocTotal:     385024 kB
VmallocUsed:      167868 kB
VmallocChunk:      68676 kB
Time pass: 196 sec

---2015-11-23 17:34:54
MemTotal:        2902232 kB
MemFree:          140288 kB
Buffers:           16576 kB
Cached:          1056296 kB
SwapCached:            0 kB
Active:           994280 kB
Inactive:         842792 kB
Active(anon):     763316 kB
Inactive(anon):     5216 kB
Active(file):     230964 kB
Inactive(file):   837576 kB
Unevictable:           0 kB
Mlocked:               0 kB
HighTotal:       2311552 kB
HighFree:          38060 kB
LowTotal:         590680 kB
LowFree:          102228 kB
SwapTotal:       1048572 kB
SwapFree:        1048572 kB
Dirty:                28 kB
Writeback:             0 kB
AnonPages:        764312 kB
Mapped:           300672 kB
Shmem:              4344 kB
Slab:              51920 kB
SReclaimable:      15844 kB
SUnreclaim:        36076 kB
KernelStack:       13752 kB
PageTables:        28236 kB
NFS_Unstable:          0 kB
Bounce:                0 kB
WritebackTmp:          0 kB
CommitLimit:     2499688 kB
Committed_AS:   62098580 kB
VmallocTotal:     385024 kB
VmallocUsed:      167868 kB
VmallocChunk:      68676 kB
Time pass: 199 sec

---2015-11-23 17:34:54
MemTotal:        2902232 kB
MemFree:          140372 kB
Buffers:           16592 kB
Cached:          1056296 kB
SwapCached:            0 kB
Active:           994548 kB
Inactive:         842808 kB
Active(anon):     763584 kB
Inactive(anon):     5216 kB
Active(file):     230964 kB
Inactive(file):   837592 kB
Unevictable:           0 kB
Mlocked:               0 kB
HighTotal:       2311552 kB
HighFree:          38060 kB
LowTotal:         590680 kB
LowFree:          102312 kB
SwapTotal:       1048572 kB
SwapFree:        1048572 kB
Dirty:                36 kB
Writeback:             0 kB
AnonPages:        764364 kB
Mapped:           300628 kB
Shmem:              4344 kB
Slab:              51936 kB
SReclaimable:      15844 kB
SUnreclaim:        36092 kB
KernelStack:       13760 kB
PageTables:        28216 kB
NFS_Unstable:          0 kB
Bounce:                0 kB
WritebackTmp:          0 kB
CommitLimit:     2499688 kB
Committed_AS:   62098620 kB
VmallocTotal:     385024 kB
VmallocUsed:      167868 kB
VmallocChunk:      68676 kB
Time pass: 203 sec

---2015-11-23 17:34:54
MemTotal:        2902232 kB
MemFree:          139904 kB
Buffers:           16600 kB
Cached:          1056288 kB
SwapCached:            0 kB
Active:           994852 kB
Inactive:         842816 kB
Active(anon):     763888 kB
Inactive(anon):     5216 kB
Active(file):     230964 kB
Inactive(file):   837600 kB
Unevictable:           0 kB
Mlocked:               0 kB
HighTotal:       2311552 kB
HighFree:          38060 kB
LowTotal:         590680 kB
LowFree:          101844 kB
SwapTotal:       1048572 kB
SwapFree:        1048572 kB
Dirty:                 0 kB
Writeback:             0 kB
AnonPages:        764620 kB
Mapped:           300672 kB
Shmem:              4344 kB
Slab:              51936 kB
SReclaimable:      15844 kB
SUnreclaim:        36092 kB
KernelStack:       13768 kB
PageTables:        28232 kB
NFS_Unstable:          0 kB
Bounce:                0 kB
WritebackTmp:          0 kB
CommitLimit:     2499688 kB
Committed_AS:   62098556 kB
VmallocTotal:     385024 kB
VmallocUsed:      167868 kB
VmallocChunk:      68676 kB
Time pass: 206 sec

---2015-11-23 17:34:54
MemTotal:        2902232 kB
MemFree:          139488 kB
Buffers:           16616 kB
Cached:          1056304 kB
SwapCached:            0 kB
Active:           995028 kB
Inactive:         842848 kB
Active(anon):     764064 kB
Inactive(anon):     5224 kB
Active(file):     230964 kB
Inactive(file):   837624 kB
Unevictable:           0 kB
Mlocked:               0 kB
HighTotal:       2311552 kB
HighFree:          38060 kB
LowTotal:         590680 kB
LowFree:          101428 kB
SwapTotal:       1048572 kB
SwapFree:        1048572 kB
Dirty:                36 kB
Writeback:             0 kB
AnonPages:        764764 kB
Mapped:           300680 kB
Shmem:              4352 kB
Slab:              51960 kB
SReclaimable:      15844 kB
SUnreclaim:        36116 kB
KernelStack:       13760 kB
PageTables:        28236 kB
NFS_Unstable:          0 kB
Bounce:                0 kB
WritebackTmp:          0 kB
CommitLimit:     2499688 kB
Committed_AS:   62098712 kB
VmallocTotal:     385024 kB
VmallocUsed:      167868 kB
VmallocChunk:      68676 kB
Time pass: 210 sec

---2015-11-23 17:34:54
MemTotal:        2902232 kB
MemFree:          139668 kB
Buffers:           16616 kB
Cached:          1056328 kB
SwapCached:            0 kB
Active:           995272 kB
Inactive:         842872 kB
Active(anon):     764308 kB
Inactive(anon):     5248 kB
Active(file):     230964 kB
Inactive(file):   837624 kB
Unevictable:           0 kB
Mlocked:               0 kB
HighTotal:       2311552 kB
HighFree:          38060 kB
LowTotal:         590680 kB
LowFree:          101608 kB
SwapTotal:       1048572 kB
SwapFree:        1048572 kB
Dirty:                 0 kB
Writeback:             0 kB
AnonPages:        764956 kB
Mapped:           300704 kB
Shmem:              4376 kB
Slab:              51952 kB
SReclaimable:      15844 kB
SUnreclaim:        36108 kB
KernelStack:       13760 kB
PageTables:        28236 kB
NFS_Unstable:          0 kB
Bounce:                0 kB
WritebackTmp:          0 kB
CommitLimit:     2499688 kB
Committed_AS:   62098864 kB
VmallocTotal:     385024 kB
VmallocUsed:      167868 kB
VmallocChunk:      68676 kB
Time pass: 213 sec

---2015-11-23 17:34:54
MemTotal:        2902232 kB
MemFree:          139084 kB
Buffers:           16640 kB
Cached:          1056328 kB
SwapCached:            0 kB
Active:           995268 kB
Inactive:         842896 kB
Active(anon):     764304 kB
Inactive(anon):     5248 kB
Active(file):     230964 kB
Inactive(file):   837648 kB
Unevictable:           0 kB
Mlocked:               0 kB
HighTotal:       2311552 kB
HighFree:          38060 kB
LowTotal:         590680 kB
LowFree:          101024 kB
SwapTotal:       1048572 kB
SwapFree:        1048572 kB
Dirty:                32 kB
Writeback:             0 kB
AnonPages:        765080 kB
Mapped:           300704 kB
Shmem:              4376 kB
Slab:              51956 kB
SReclaimable:      15844 kB
SUnreclaim:        36112 kB
KernelStack:       13760 kB
PageTables:        28236 kB
NFS_Unstable:          0 kB
Bounce:                0 kB
WritebackTmp:          0 kB
CommitLimit:     2499688 kB
Committed_AS:   62098788 kB
VmallocTotal:     385024 kB
VmallocUsed:      167868 kB
VmallocChunk:      68676 kB
Time pass: 217 sec

---2015-11-23 17:34:54
MemTotal:        2902232 kB
MemFree:          139296 kB
Buffers:           16640 kB
Cached:          1056340 kB
SwapCached:            0 kB
Active:           995620 kB
Inactive:         842908 kB
Active(anon):     764656 kB
Inactive(anon):     5260 kB
Active(file):     230964 kB
Inactive(file):   837648 kB
Unevictable:           0 kB
Mlocked:               0 kB
HighTotal:       2311552 kB
HighFree:          38060 kB
LowTotal:         590680 kB
LowFree:          101236 kB
SwapTotal:       1048572 kB
SwapFree:        1048572 kB
Dirty:                 0 kB
Writeback:             0 kB
AnonPages:        765268 kB
Mapped:           300760 kB
Shmem:              4388 kB
Slab:              51936 kB
SReclaimable:      15844 kB
SUnreclaim:        36092 kB
KernelStack:       13760 kB
PageTables:        28256 kB
NFS_Unstable:          0 kB
Bounce:                0 kB
WritebackTmp:          0 kB
CommitLimit:     2499688 kB
Committed_AS:   62099836 kB
VmallocTotal:     385024 kB
VmallocUsed:      167868 kB
VmallocChunk:      68676 kB
Time pass: 220 sec

---2015-11-23 17:34:54
MemTotal:        2902232 kB
MemFree:          138932 kB
Buffers:           16656 kB
Cached:          1056344 kB
SwapCached:            0 kB
Active:           995452 kB
Inactive:         842924 kB
Active(anon):     764492 kB
Inactive(anon):     5260 kB
Active(file):     230960 kB
Inactive(file):   837664 kB
Unevictable:           0 kB
Mlocked:               0 kB
HighTotal:       2311552 kB
HighFree:          38060 kB
LowTotal:         590680 kB
LowFree:          100872 kB
SwapTotal:       1048572 kB
SwapFree:        1048572 kB
Dirty:                68 kB
Writeback:             0 kB
AnonPages:        765224 kB
Mapped:           300716 kB
Shmem:              4388 kB
Slab:              51992 kB
SReclaimable:      15844 kB
SUnreclaim:        36148 kB
KernelStack:       13768 kB
PageTables:        28240 kB
NFS_Unstable:          0 kB
Bounce:                0 kB
WritebackTmp:          0 kB
CommitLimit:     2499688 kB
Committed_AS:   62098792 kB
VmallocTotal:     385024 kB
VmallocUsed:      167868 kB
VmallocChunk:      68676 kB
Time pass: 224 sec

---2015-11-23 17:34:54
MemTotal:        2902232 kB
MemFree:          138924 kB
Buffers:           16672 kB
Cached:          1056340 kB
SwapCached:            0 kB
Active:           995616 kB
Inactive:         842932 kB
Active(anon):     764652 kB
Inactive(anon):     5260 kB
Active(file):     230964 kB
Inactive(file):   837672 kB
Unevictable:           0 kB
Mlocked:               0 kB
HighTotal:       2311552 kB
HighFree:          38060 kB
LowTotal:         590680 kB
LowFree:          100864 kB
SwapTotal:       1048572 kB
SwapFree:        1048572 kB
Dirty:                68 kB
Writeback:             0 kB
AnonPages:        765328 kB
Mapped:           300716 kB
Shmem:              4388 kB
Slab:              51960 kB
SReclaimable:      15844 kB
SUnreclaim:        36116 kB
KernelStack:       13768 kB
PageTables:        28240 kB
NFS_Unstable:          0 kB
Bounce:                0 kB
WritebackTmp:          0 kB
CommitLimit:     2499688 kB
Committed_AS:   62098820 kB
VmallocTotal:     385024 kB
VmallocUsed:      167868 kB
VmallocChunk:      68676 kB
Time pass: 227 sec

---2015-11-23 17:34:54
MemTotal:        2902232 kB
MemFree:          138628 kB
Buffers:           16680 kB
Cached:          1056340 kB
SwapCached:            0 kB
Active:           995740 kB
Inactive:         842948 kB
Active(anon):     764776 kB
Inactive(anon):     5260 kB
Active(file):     230964 kB
Inactive(file):   837688 kB
Unevictable:           0 kB
Mlocked:               0 kB
HighTotal:       2311552 kB
HighFree:          38060 kB
LowTotal:         590680 kB
LowFree:          100568 kB
SwapTotal:       1048572 kB
SwapFree:        1048572 kB
Dirty:                28 kB
Writeback:             0 kB
AnonPages:        765396 kB
Mapped:           300760 kB
Shmem:              4388 kB
Slab:              51960 kB
SReclaimable:      15844 kB
SUnreclaim:        36116 kB
KernelStack:       13768 kB
PageTables:        28256 kB
NFS_Unstable:          0 kB
Bounce:                0 kB
WritebackTmp:          0 kB
CommitLimit:     2499688 kB
Committed_AS:   62098808 kB
VmallocTotal:     385024 kB
VmallocUsed:      167868 kB
VmallocChunk:      68676 kB
Time pass: 230 sec

---2015-11-23 17:34:54
MemTotal:        2902232 kB
MemFree:          138820 kB
Buffers:           16696 kB
Cached:          1056340 kB
SwapCached:            0 kB
Active:           995756 kB
Inactive:         842964 kB
Active(anon):     764792 kB
Inactive(anon):     5260 kB
Active(file):     230964 kB
Inactive(file):   837704 kB
Unevictable:           0 kB
Mlocked:               0 kB
HighTotal:       2311552 kB
HighFree:          38060 kB
LowTotal:         590680 kB
LowFree:          100760 kB
SwapTotal:       1048572 kB
SwapFree:        1048572 kB
Dirty:                36 kB
Writeback:             0 kB
AnonPages:        765456 kB
Mapped:           300716 kB
Shmem:              4388 kB
Slab:              51960 kB
SReclaimable:      15844 kB
SUnreclaim:        36116 kB
KernelStack:       13768 kB
PageTables:        28236 kB
NFS_Unstable:          0 kB
Bounce:                0 kB
WritebackTmp:          0 kB
CommitLimit:     2499688 kB
Committed_AS:   62098780 kB
VmallocTotal:     385024 kB
VmallocUsed:      167868 kB
VmallocChunk:      68676 kB
Time pass: 234 sec

---2015-11-23 17:34:54
MemTotal:        2902232 kB
MemFree:          139108 kB
Buffers:           16696 kB
Cached:          1056340 kB
SwapCached:            0 kB
Active:           995608 kB
Inactive:         842964 kB
Active(anon):     764644 kB
Inactive(anon):     5260 kB
Active(file):     230964 kB
Inactive(file):   837704 kB
Unevictable:           0 kB
Mlocked:               0 kB
HighTotal:       2311552 kB
HighFree:          38060 kB
LowTotal:         590680 kB
LowFree:          101048 kB
SwapTotal:       1048572 kB
SwapFree:        1048572 kB
Dirty:                 0 kB
Writeback:             0 kB
AnonPages:        765596 kB
Mapped:           300672 kB
Shmem:              4388 kB
Slab:              51964 kB
SReclaimable:      15844 kB
SUnreclaim:        36120 kB
KernelStack:       13768 kB
PageTables:        28220 kB
NFS_Unstable:          0 kB
Bounce:                0 kB
WritebackTmp:          0 kB
CommitLimit:     2499688 kB
Committed_AS:   62098792 kB
VmallocTotal:     385024 kB
VmallocUsed:      167868 kB
VmallocChunk:      68676 kB
Time pass: 237 sec

---2015-11-23 17:34:54
MemTotal:        2902232 kB
MemFree:          137604 kB
Buffers:           16720 kB
Cached:          1056340 kB
SwapCached:            0 kB
Active:           996004 kB
Inactive:         842988 kB
Active(anon):     765040 kB
Inactive(anon):     5260 kB
Active(file):     230964 kB
Inactive(file):   837728 kB
Unevictable:           0 kB
Mlocked:               0 kB
HighTotal:       2311552 kB
HighFree:          38060 kB
LowTotal:         590680 kB
LowFree:           99544 kB
SwapTotal:       1048572 kB
SwapFree:        1048572 kB
Dirty:                36 kB
Writeback:             0 kB
AnonPages:        765764 kB
Mapped:           300716 kB
Shmem:              4388 kB
Slab:              51964 kB
SReclaimable:      15844 kB
SUnreclaim:        36120 kB
KernelStack:       13768 kB
PageTables:        28236 kB
NFS_Unstable:          0 kB
Bounce:                0 kB
WritebackTmp:          0 kB
CommitLimit:     2499688 kB
Committed_AS:   62098928 kB
VmallocTotal:     385024 kB
VmallocUsed:      167868 kB
VmallocChunk:      68676 kB
Time pass: 241 sec

---2015-11-23 17:34:54
MemTotal:        2902232 kB
MemFree:          139764 kB
Buffers:           16720 kB
Cached:          1056340 kB
SwapCached:            0 kB
Active:           995096 kB
Inactive:         842988 kB
Active(anon):     764132 kB
Inactive(anon):     5260 kB
Active(file):     230964 kB
Inactive(file):   837728 kB
Unevictable:           0 kB
Mlocked:               0 kB
HighTotal:       2311552 kB
HighFree:          38060 kB
LowTotal:         590680 kB
LowFree:          101704 kB
SwapTotal:       1048572 kB
SwapFree:        1048572 kB
Dirty:                 4 kB
Writeback:             0 kB
AnonPages:        764924 kB
Mapped:           300672 kB
Shmem:              4388 kB
Slab:              51980 kB
SReclaimable:      15844 kB
SUnreclaim:        36136 kB
KernelStack:       13768 kB
PageTables:        28220 kB
NFS_Unstable:          0 kB
Bounce:                0 kB
WritebackTmp:          0 kB
CommitLimit:     2499688 kB
Committed_AS:   62098988 kB
VmallocTotal:     385024 kB
VmallocUsed:      167868 kB
VmallocChunk:      68676 kB
Time pass: 244 sec

---2015-11-23 17:34:54
MemTotal:        2902232 kB
MemFree:          138804 kB
Buffers:           16728 kB
Cached:          1056340 kB
SwapCached:            0 kB
Active:           995104 kB
Inactive:         842988 kB
Active(anon):     764140 kB
Inactive(anon):     5260 kB
Active(file):     230964 kB
Inactive(file):   837728 kB
Unevictable:           0 kB
Mlocked:               0 kB
HighTotal:       2311552 kB
HighFree:          38060 kB
LowTotal:         590680 kB
LowFree:          100744 kB
SwapTotal:       1048572 kB
SwapFree:        1048572 kB
Dirty:                40 kB
Writeback:             0 kB
AnonPages:        765060 kB
Mapped:           300672 kB
Shmem:              4388 kB
Slab:              52060 kB
SReclaimable:      15844 kB
SUnreclaim:        36216 kB
KernelStack:       13768 kB
PageTables:        28220 kB
NFS_Unstable:          0 kB
Bounce:                0 kB
WritebackTmp:          0 kB
CommitLimit:     2499688 kB
Committed_AS:   62099092 kB
VmallocTotal:     385024 kB
VmallocUsed:      167868 kB
VmallocChunk:      68676 kB
Time pass: 248 sec

---2015-11-23 17:34:54
MemTotal:        2902232 kB
MemFree:          138976 kB
Buffers:           16744 kB
Cached:          1056340 kB
SwapCached:            0 kB
Active:           994924 kB
Inactive:         843004 kB
Active(anon):     763960 kB
Inactive(anon):     5260 kB
Active(file):     230964 kB
Inactive(file):   837744 kB
Unevictable:           0 kB
Mlocked:               0 kB
HighTotal:       2311552 kB
HighFree:          38060 kB
LowTotal:         590680 kB
LowFree:          100916 kB
SwapTotal:       1048572 kB
SwapFree:        1048572 kB
Dirty:                36 kB
Writeback:             0 kB
AnonPages:        764912 kB
Mapped:           300672 kB
Shmem:              4388 kB
Slab:              52008 kB
SReclaimable:      15844 kB
SUnreclaim:        36164 kB
KernelStack:       13768 kB
PageTables:        28216 kB
NFS_Unstable:          0 kB
Bounce:                0 kB
WritebackTmp:          0 kB
CommitLimit:     2499688 kB
Committed_AS:   62098840 kB
VmallocTotal:     385024 kB
VmallocUsed:      167868 kB
VmallocChunk:      68676 kB
Time pass: 251 sec

---2015-11-23 17:34:54
MemTotal:        2902232 kB
MemFree:          138364 kB
Buffers:           16760 kB
Cached:          1056340 kB
SwapCached:            0 kB
Active:           995216 kB
Inactive:         843020 kB
Active(anon):     764252 kB
Inactive(anon):     5260 kB
Active(file):     230964 kB
Inactive(file):   837760 kB
Unevictable:           0 kB
Mlocked:               0 kB
HighTotal:       2311552 kB
HighFree:          38060 kB
LowTotal:         590680 kB
LowFree:          100304 kB
SwapTotal:       1048572 kB
SwapFree:        1048572 kB
Dirty:                 0 kB
Writeback:             0 kB
AnonPages:        765176 kB
Mapped:           300716 kB
Shmem:              4388 kB
Slab:              52000 kB
SReclaimable:      15844 kB
SUnreclaim:        36156 kB
KernelStack:       13768 kB
PageTables:        28236 kB
NFS_Unstable:          0 kB
Bounce:                0 kB
WritebackTmp:          0 kB
CommitLimit:     2499688 kB
Committed_AS:   62098940 kB
VmallocTotal:     385024 kB
VmallocUsed:      167868 kB
VmallocChunk:      68676 kB
Time pass: 255 sec

---2015-11-23 17:34:54
MemTotal:        2902232 kB
MemFree:          138324 kB
Buffers:           16768 kB
Cached:          1056340 kB
SwapCached:            0 kB
Active:           995480 kB
Inactive:         843028 kB
Active(anon):     764516 kB
Inactive(anon):     5260 kB
Active(file):     230964 kB
Inactive(file):   837768 kB
Unevictable:           0 kB
Mlocked:               0 kB
HighTotal:       2311552 kB
HighFree:          38060 kB
LowTotal:         590680 kB
LowFree:          100264 kB
SwapTotal:       1048572 kB
SwapFree:        1048572 kB
Dirty:                28 kB
Writeback:             0 kB
AnonPages:        765444 kB
Mapped:           300716 kB
Shmem:              4388 kB
Slab:              51972 kB
SReclaimable:      15844 kB
SUnreclaim:        36128 kB
KernelStack:       13768 kB
PageTables:        28236 kB
NFS_Unstable:          0 kB
Bounce:                0 kB
WritebackTmp:          0 kB
CommitLimit:     2499688 kB
Committed_AS:   62099084 kB
VmallocTotal:     385024 kB
VmallocUsed:      167868 kB
VmallocChunk:      68676 kB
Time pass: 258 sec

---2015-11-23 17:34:54
MemTotal:        2902232 kB
MemFree:          138696 kB
Buffers:           16784 kB
Cached:          1056340 kB
SwapCached:            0 kB
Active:           995804 kB
Inactive:         843052 kB
Active(anon):     764840 kB
Inactive(anon):     5260 kB
Active(file):     230964 kB
Inactive(file):   837792 kB
Unevictable:           0 kB
Mlocked:               0 kB
HighTotal:       2311552 kB
HighFree:          38060 kB
LowTotal:         590680 kB
LowFree:          100636 kB
SwapTotal:       1048572 kB
SwapFree:        1048572 kB
Dirty:                36 kB
Writeback:             0 kB
AnonPages:        765792 kB
Mapped:           300716 kB
Shmem:              4388 kB
Slab:              51972 kB
SReclaimable:      15844 kB
SUnreclaim:        36128 kB
KernelStack:       13768 kB
PageTables:        28236 kB
NFS_Unstable:          0 kB
Bounce:                0 kB
WritebackTmp:          0 kB
CommitLimit:     2499688 kB
Committed_AS:   62099264 kB
VmallocTotal:     385024 kB
VmallocUsed:      167868 kB
VmallocChunk:      68676 kB
Time pass: 261 sec

---2015-11-23 17:34:54
MemTotal:        2902232 kB
MemFree:          138036 kB
Buffers:           16784 kB
Cached:          1056340 kB
SwapCached:            0 kB
Active:           996180 kB
Inactive:         843052 kB
Active(anon):     765216 kB
Inactive(anon):     5260 kB
Active(file):     230964 kB
Inactive(file):   837792 kB
Unevictable:           0 kB
Mlocked:               0 kB
HighTotal:       2311552 kB
HighFree:          38060 kB
LowTotal:         590680 kB
LowFree:           99976 kB
SwapTotal:       1048572 kB
SwapFree:        1048572 kB
Dirty:                 0 kB
Writeback:             0 kB
AnonPages:        766124 kB
Mapped:           300716 kB
Shmem:              4388 kB
Slab:              51964 kB
SReclaimable:      15844 kB
SUnreclaim:        36120 kB
KernelStack:       13768 kB
PageTables:        28236 kB
NFS_Unstable:          0 kB
Bounce:                0 kB
WritebackTmp:          0 kB
CommitLimit:     2499688 kB
Committed_AS:   62099600 kB
VmallocTotal:     385024 kB
VmallocUsed:      167868 kB
VmallocChunk:      68676 kB
Time pass: 265 sec

---2015-11-23 17:34:54
MemTotal:        2902232 kB
MemFree:          138416 kB
Buffers:           16808 kB
Cached:          1056324 kB
SwapCached:            0 kB
Active:           995848 kB
Inactive:         843052 kB
Active(anon):     764884 kB
Inactive(anon):     5260 kB
Active(file):     230964 kB
Inactive(file):   837792 kB
Unevictable:           0 kB
Mlocked:               0 kB
HighTotal:       2311552 kB
HighFree:          38060 kB
LowTotal:         590680 kB
LowFree:          100356 kB
SwapTotal:       1048572 kB
SwapFree:        1048572 kB
Dirty:                28 kB
Writeback:             0 kB
AnonPages:        766000 kB
Mapped:           300716 kB
Shmem:              4388 kB
Slab:              52044 kB
SReclaimable:      15844 kB
SUnreclaim:        36200 kB
KernelStack:       13768 kB
PageTables:        28236 kB
NFS_Unstable:          0 kB
Bounce:                0 kB
WritebackTmp:          0 kB
CommitLimit:     2499688 kB
Committed_AS:   62099400 kB
VmallocTotal:     385024 kB
VmallocUsed:      167868 kB
VmallocChunk:      68676 kB
Time pass: 268 sec

---2015-11-23 17:34:54
MemTotal:        2902232 kB
MemFree:          139208 kB
Buffers:           16808 kB
Cached:          1056340 kB
SwapCached:            0 kB
Active:           994892 kB
Inactive:         843076 kB
Active(anon):     763928 kB
Inactive(anon):     5260 kB
Active(file):     230964 kB
Inactive(file):   837816 kB
Unevictable:           0 kB
Mlocked:               0 kB
HighTotal:       2311552 kB
HighFree:          38060 kB
LowTotal:         590680 kB
LowFree:          101148 kB
SwapTotal:       1048572 kB
SwapFree:        1048572 kB
Dirty:                 0 kB
Writeback:             0 kB
AnonPages:        765108 kB
Mapped:           300716 kB
Shmem:              4388 kB
Slab:              52012 kB
SReclaimable:      15844 kB
SUnreclaim:        36168 kB
KernelStack:       13768 kB
PageTables:        28236 kB
NFS_Unstable:          0 kB
Bounce:                0 kB
WritebackTmp:          0 kB
CommitLimit:     2499688 kB
Committed_AS:   62098272 kB
VmallocTotal:     385024 kB
VmallocUsed:      167868 kB
VmallocChunk:      68676 kB
Time pass: 272 sec

---2015-11-23 17:34:54
MemTotal:        2902232 kB
MemFree:          137928 kB
Buffers:           16816 kB
Cached:          1056340 kB
SwapCached:            0 kB
Active:           996348 kB
Inactive:         843076 kB
Active(anon):     765384 kB
Inactive(anon):     5260 kB
Active(file):     230964 kB
Inactive(file):   837816 kB
Unevictable:           0 kB
Mlocked:               0 kB
HighTotal:       2311552 kB
HighFree:          38060 kB
LowTotal:         590680 kB
LowFree:           99868 kB
SwapTotal:       1048572 kB
SwapFree:        1048572 kB
Dirty:                28 kB
Writeback:             0 kB
AnonPages:        766496 kB
Mapped:           300716 kB
Shmem:              4388 kB
Slab:              52016 kB
SReclaimable:      15844 kB
SUnreclaim:        36172 kB
KernelStack:       13768 kB
PageTables:        28236 kB
NFS_Unstable:          0 kB
Bounce:                0 kB
WritebackTmp:          0 kB
CommitLimit:     2499688 kB
Committed_AS:   62099552 kB
VmallocTotal:     385024 kB
VmallocUsed:      167868 kB
VmallocChunk:      68676 kB
Time pass: 275 sec

---2015-11-23 17:34:54
MemTotal:        2902232 kB
MemFree:          137760 kB
Buffers:           16832 kB
Cached:          1056340 kB
SwapCached:            0 kB
Active:           996576 kB
Inactive:         843100 kB
Active(anon):     765612 kB
Inactive(anon):     5260 kB
Active(file):     230964 kB
Inactive(file):   837840 kB
Unevictable:           0 kB
Mlocked:               0 kB
HighTotal:       2311552 kB
HighFree:          38060 kB
LowTotal:         590680 kB
LowFree:           99700 kB
SwapTotal:       1048572 kB
SwapFree:        1048572 kB
Dirty:                36 kB
Writeback:             0 kB
AnonPages:        766488 kB
Mapped:           300760 kB
Shmem:              4388 kB
Slab:              52036 kB
SReclaimable:      15844 kB
SUnreclaim:        36192 kB
KernelStack:       13768 kB
PageTables:        28252 kB
NFS_Unstable:          0 kB
Bounce:                0 kB
WritebackTmp:          0 kB
CommitLimit:     2499688 kB
Committed_AS:   62099500 kB
VmallocTotal:     385024 kB
VmallocUsed:      167868 kB
VmallocChunk:      68676 kB
Time pass: 279 sec

---2015-11-23 17:34:54
MemTotal:        2902232 kB
MemFree:          137440 kB
Buffers:           16848 kB
Cached:          1056340 kB
SwapCached:            0 kB
Active:           996808 kB
Inactive:         843108 kB
Active(anon):     765844 kB
Inactive(anon):     5260 kB
Active(file):     230964 kB
Inactive(file):   837848 kB
Unevictable:           0 kB
Mlocked:               0 kB
HighTotal:       2311552 kB
HighFree:          38060 kB
LowTotal:         590680 kB
LowFree:           99380 kB
SwapTotal:       1048572 kB
SwapFree:        1048572 kB
Dirty:                36 kB
Writeback:             0 kB
AnonPages:        766776 kB
Mapped:           300760 kB
Shmem:              4388 kB
Slab:              51972 kB
SReclaimable:      15844 kB
SUnreclaim:        36128 kB
KernelStack:       13768 kB
PageTables:        28252 kB
NFS_Unstable:          0 kB
Bounce:                0 kB
WritebackTmp:          0 kB
CommitLimit:     2499688 kB
Committed_AS:   62099796 kB
VmallocTotal:     385024 kB
VmallocUsed:      167868 kB
VmallocChunk:      68676 kB
Time pass: 282 sec

---2015-11-23 17:34:54
MemTotal:        2902232 kB
MemFree:          137548 kB
Buffers:           16856 kB
Cached:          1056384 kB
SwapCached:            0 kB
Active:           996848 kB
Inactive:         843144 kB
Active(anon):     765884 kB
Inactive(anon):     5288 kB
Active(file):     230964 kB
Inactive(file):   837856 kB
Unevictable:           0 kB
Mlocked:               0 kB
HighTotal:       2311552 kB
HighFree:          38060 kB
LowTotal:         590680 kB
LowFree:           99488 kB
SwapTotal:       1048572 kB
SwapFree:        1048572 kB
Dirty:                 0 kB
Writeback:             0 kB
AnonPages:        766648 kB
Mapped:           300812 kB
Shmem:              4440 kB
Slab:              51972 kB
SReclaimable:      15844 kB
SUnreclaim:        36128 kB
KernelStack:       13760 kB
PageTables:        28252 kB
NFS_Unstable:          0 kB
Bounce:                0 kB
WritebackTmp:          0 kB
CommitLimit:     2499688 kB
Committed_AS:   62099544 kB
VmallocTotal:     385024 kB
VmallocUsed:      167868 kB
VmallocChunk:      68676 kB
Time pass: 286 sec

---2015-11-23 17:34:54
MemTotal:        2902232 kB
MemFree:          137556 kB
Buffers:           16872 kB
Cached:          1056392 kB
SwapCached:            0 kB
Active:           996880 kB
Inactive:         843192 kB
Active(anon):     765916 kB
Inactive(anon):     5312 kB
Active(file):     230964 kB
Inactive(file):   837880 kB
Unevictable:           0 kB
Mlocked:               0 kB
HighTotal:       2311552 kB
HighFree:          38060 kB
LowTotal:         590680 kB
LowFree:           99496 kB
SwapTotal:       1048572 kB
SwapFree:        1048572 kB
Dirty:                36 kB
Writeback:             0 kB
AnonPages:        766764 kB
Mapped:           300768 kB
Shmem:              4440 kB
Slab:              51968 kB
SReclaimable:      15844 kB
SUnreclaim:        36124 kB
KernelStack:       13760 kB
PageTables:        28232 kB
NFS_Unstable:          0 kB
Bounce:                0 kB
WritebackTmp:          0 kB
CommitLimit:     2499688 kB
Committed_AS:   62099600 kB
VmallocTotal:     385024 kB
VmallocUsed:      167868 kB
VmallocChunk:      68676 kB
Time pass: 289 sec

---2015-11-23 17:34:54
MemTotal:        2902232 kB
MemFree:          137052 kB
Buffers:           16872 kB
Cached:          1056404 kB
SwapCached:            0 kB
Active:           997608 kB
Inactive:         843204 kB
Active(anon):     766644 kB
Inactive(anon):     5324 kB
Active(file):     230964 kB
Inactive(file):   837880 kB
Unevictable:           0 kB
Mlocked:               0 kB
HighTotal:       2311552 kB
HighFree:          38060 kB
LowTotal:         590680 kB
LowFree:           98992 kB
SwapTotal:       1048572 kB
SwapFree:        1048572 kB
Dirty:                 0 kB
Writeback:             0 kB
AnonPages:        767516 kB
Mapped:           300824 kB
Shmem:              4452 kB
Slab:              51976 kB
SReclaimable:      15844 kB
SUnreclaim:        36132 kB
KernelStack:       13760 kB
PageTables:        28248 kB
NFS_Unstable:          0 kB
Bounce:                0 kB
WritebackTmp:          0 kB
CommitLimit:     2499688 kB
Committed_AS:   62100124 kB
VmallocTotal:     385024 kB
VmallocUsed:      167868 kB
VmallocChunk:      68676 kB
Time pass: 292 sec

---2015-11-23 17:34:54
MemTotal:        2902232 kB
MemFree:          136588 kB
Buffers:           16880 kB
Cached:          1056428 kB
SwapCached:            0 kB
Active:           997328 kB
Inactive:         843228 kB
Active(anon):     766364 kB
Inactive(anon):     5348 kB
Active(file):     230964 kB
Inactive(file):   837880 kB
Unevictable:           0 kB
Mlocked:               0 kB
HighTotal:       2311552 kB
HighFree:          38060 kB
LowTotal:         590680 kB
LowFree:           98528 kB
SwapTotal:       1048572 kB
SwapFree:        1048572 kB
Dirty:                28 kB
Writeback:             0 kB
AnonPages:        767224 kB
Mapped:           300848 kB
Shmem:              4476 kB
Slab:              52024 kB
SReclaimable:      15844 kB
SUnreclaim:        36180 kB
KernelStack:       13760 kB
PageTables:        28248 kB
NFS_Unstable:          0 kB
Bounce:                0 kB
WritebackTmp:          0 kB
CommitLimit:     2499688 kB
Committed_AS:   62099880 kB
VmallocTotal:     385024 kB
VmallocUsed:      167868 kB
VmallocChunk:      68676 kB
Time pass: 296 sec

---2015-11-23 17:34:54
MemTotal:        2902232 kB
MemFree:          136808 kB
Buffers:           16896 kB
Cached:          1056488 kB
SwapCached:            0 kB
Active:           996740 kB
Inactive:         843312 kB
Active(anon):     765776 kB
Inactive(anon):     5408 kB
Active(file):     230964 kB
Inactive(file):   837904 kB
Unevictable:           0 kB
Mlocked:               0 kB
HighTotal:       2311552 kB
HighFree:          38060 kB
LowTotal:         590680 kB
LowFree:           98748 kB
SwapTotal:       1048572 kB
SwapFree:        1048572 kB
Dirty:                 0 kB
Writeback:             0 kB
AnonPages:        766568 kB
Mapped:           300776 kB
Shmem:              4536 kB
Slab:              52016 kB
SReclaimable:      15844 kB
SUnreclaim:        36172 kB
KernelStack:       13760 kB
PageTables:        28204 kB
NFS_Unstable:          0 kB
Bounce:                0 kB
WritebackTmp:          0 kB
CommitLimit:     2499688 kB
Committed_AS:   62099928 kB
VmallocTotal:     385024 kB
VmallocUsed:      167868 kB
VmallocChunk:      68676 kB
Time pass: 299 sec

---2015-11-23 17:34:54
MemTotal:        2902232 kB
MemFree:          137272 kB
Buffers:           16904 kB
Cached:          1056496 kB
SwapCached:            0 kB
Active:           996052 kB
Inactive:         843312 kB
Active(anon):     765088 kB
Inactive(anon):     5408 kB
Active(file):     230964 kB
Inactive(file):   837904 kB
Unevictable:           0 kB
Mlocked:               0 kB
HighTotal:       2311552 kB
HighFree:          38060 kB
LowTotal:         590680 kB
LowFree:           99212 kB
SwapTotal:       1048572 kB
SwapFree:        1048572 kB
Dirty:                28 kB
Writeback:             0 kB
AnonPages:        765800 kB
Mapped:           300828 kB
Shmem:              4544 kB
Slab:              52016 kB
SReclaimable:      15844 kB
SUnreclaim:        36172 kB
KernelStack:       13760 kB
PageTables:        28220 kB
NFS_Unstable:          0 kB
Bounce:                0 kB
WritebackTmp:          0 kB
CommitLimit:     2499688 kB
Committed_AS:   62099420 kB
VmallocTotal:     385024 kB
VmallocUsed:      167868 kB
VmallocChunk:      68676 kB
Time pass: 303 sec

---2015-11-23 17:34:54
MemTotal:        2902232 kB
MemFree:          137408 kB
Buffers:           16920 kB
Cached:          1056496 kB
SwapCached:            0 kB
Active:           996008 kB
Inactive:         843336 kB
Active(anon):     765044 kB
Inactive(anon):     5416 kB
Active(file):     230964 kB
Inactive(file):   837920 kB
Unevictable:           0 kB
Mlocked:               0 kB
HighTotal:       2311552 kB
HighFree:          38060 kB
LowTotal:         590680 kB
LowFree:           99348 kB
SwapTotal:       1048572 kB
SwapFree:        1048572 kB
Dirty:                36 kB
Writeback:             0 kB
AnonPages:        765916 kB
Mapped:           300872 kB
Shmem:              4544 kB
Slab:              52028 kB
SReclaimable:      15848 kB
SUnreclaim:        36180 kB
KernelStack:       13760 kB
PageTables:        28236 kB
NFS_Unstable:          0 kB
Bounce:                0 kB
WritebackTmp:          0 kB
CommitLimit:     2499688 kB
Committed_AS:   62099320 kB
VmallocTotal:     385024 kB
VmallocUsed:      167868 kB
VmallocChunk:      68676 kB
Time pass: 306 sec

---2015-11-23 17:34:54
MemTotal:        2902232 kB
MemFree:          137120 kB
Buffers:           16928 kB
Cached:          1056488 kB
SwapCached:            0 kB
Active:           995948 kB
Inactive:         843344 kB
Active(anon):     764984 kB
Inactive(anon):     5416 kB
Active(file):     230964 kB
Inactive(file):   837928 kB
Unevictable:           0 kB
Mlocked:               0 kB
HighTotal:       2311552 kB
HighFree:          38060 kB
LowTotal:         590680 kB
LowFree:           99060 kB
SwapTotal:       1048572 kB
SwapFree:        1048572 kB
Dirty:                 0 kB
Writeback:             0 kB
AnonPages:        765892 kB
Mapped:           300872 kB
Shmem:              4544 kB
Slab:              52024 kB
SReclaimable:      15848 kB
SUnreclaim:        36176 kB
KernelStack:       13760 kB
PageTables:        28236 kB
NFS_Unstable:          0 kB
Bounce:                0 kB
WritebackTmp:          0 kB
CommitLimit:     2499688 kB
Committed_AS:   62099296 kB
VmallocTotal:     385024 kB
VmallocUsed:      167868 kB
VmallocChunk:      68676 kB
Time pass: 310 sec

---2015-11-23 17:34:54
MemTotal:        2902232 kB
MemFree:          137196 kB
Buffers:           16944 kB
Cached:          1056496 kB
SwapCached:            0 kB
Active:           995972 kB
Inactive:         843360 kB
Active(anon):     765008 kB
Inactive(anon):     5416 kB
Active(file):     230964 kB
Inactive(file):   837944 kB
Unevictable:           0 kB
Mlocked:               0 kB
HighTotal:       2311552 kB
HighFree:          38060 kB
LowTotal:         590680 kB
LowFree:           99136 kB
SwapTotal:       1048572 kB
SwapFree:        1048572 kB
Dirty:                36 kB
Writeback:             0 kB
AnonPages:        765996 kB
Mapped:           300916 kB
