---2015-11-18 16:52:34
MemTotal:        1745540 kB
MemFree:           54684 kB
Buffers:            6704 kB
Cached:           481184 kB
SwapCached:        20624 kB
Active:           654476 kB
Inactive:         667560 kB
Active(anon):     419380 kB
Inactive(anon):   420412 kB
Active(file):     235096 kB
Inactive(file):   247148 kB
Unevictable:        3816 kB
Mlocked:               0 kB
HighTotal:       1217536 kB
HighFree:          24548 kB
LowTotal:         528004 kB
LowFree:           30136 kB
SwapTotal:       1310716 kB
SwapFree:         910072 kB
Dirty:                32 kB
Writeback:             0 kB
AnonPages:        823644 kB
Mapped:           263224 kB
Shmem:              1828 kB
Slab:              55564 kB
SReclaimable:      15280 kB
SUnreclaim:        40284 kB
KernelStack:       14976 kB
PageTables:        53800 kB
NFS_Unstable:          0 kB
Bounce:                0 kB
WritebackTmp:          0 kB
CommitLimit:     2183484 kB
Committed_AS:   131284164 kB
VmallocTotal:     311296 kB
VmallocUsed:       28280 kB
VmallocChunk:     147468 kB
Time pass: 3 sec

---2015-11-18 16:52:34
MemTotal:        1745540 kB
MemFree:           53568 kB
Buffers:            6704 kB
Cached:           481704 kB
SwapCached:        20864 kB
Active:           654784 kB
Inactive:         668532 kB
Active(anon):     419660 kB
Inactive(anon):   420892 kB
Active(file):     235124 kB
Inactive(file):   247640 kB
Unevictable:        3816 kB
Mlocked:               0 kB
HighTotal:       1217536 kB
HighFree:          23444 kB
LowTotal:         528004 kB
LowFree:           30124 kB
SwapTotal:       1310716 kB
SwapFree:         910312 kB
Dirty:                 0 kB
Writeback:             0 kB
AnonPages:        824416 kB
Mapped:           263320 kB
Shmem:              1828 kB
Slab:              55568 kB
SReclaimable:      15280 kB
SUnreclaim:        40288 kB
KernelStack:       14976 kB
PageTables:        53800 kB
NFS_Unstable:          0 kB
Bounce:                0 kB
WritebackTmp:          0 kB
CommitLimit:     2183484 kB
Committed_AS:   131285308 kB
VmallocTotal:     311296 kB
VmallocUsed:       28280 kB
VmallocChunk:     147468 kB
Time pass: 7 sec

---2015-11-18 16:52:34
MemTotal:        1745540 kB
MemFree:           52720 kB
Buffers:            6712 kB
Cached:           482268 kB
SwapCached:        20864 kB
Active:           654908 kB
Inactive:         669108 kB
Active(anon):     419784 kB
Inactive(anon):   420896 kB
Active(file):     235124 kB
Inactive(file):   248212 kB
Unevictable:        3816 kB
Mlocked:               0 kB
HighTotal:       1217536 kB
HighFree:          22596 kB
LowTotal:         528004 kB
LowFree:           30124 kB
SwapTotal:       1310716 kB
SwapFree:         910332 kB
Dirty:                32 kB
Writeback:             0 kB
AnonPages:        824552 kB
Mapped:           263372 kB
Shmem:              1828 kB
Slab:              55564 kB
SReclaimable:      15280 kB
SUnreclaim:        40284 kB
KernelStack:       14976 kB
PageTables:        53800 kB
NFS_Unstable:          0 kB
Bounce:                0 kB
WritebackTmp:          0 kB
CommitLimit:     2183484 kB
Committed_AS:   131285388 kB
VmallocTotal:     311296 kB
VmallocUsed:       28280 kB
VmallocChunk:     147468 kB
Time pass: 10 sec

---2015-11-18 16:52:34
MemTotal:        1745540 kB
MemFree:           49796 kB
Buffers:            6464 kB
Cached:           420556 kB
SwapCached:        40252 kB
Active:           634820 kB
Inactive:         638580 kB
Active(anon):     424196 kB
Inactive(anon):   427876 kB
Active(file):     210624 kB
Inactive(file):   210704 kB
Unevictable:        3816 kB
Mlocked:               0 kB
HighTotal:       1217536 kB
HighFree:          24728 kB
LowTotal:         528004 kB
LowFree:           25068 kB
SwapTotal:       1310716 kB
SwapFree:         878820 kB
Dirty:               984 kB
Writeback:             0 kB
AnonPages:        834096 kB
Mapped:           261740 kB
Shmem:              2012 kB
Slab:              56120 kB
SReclaimable:      15340 kB
SUnreclaim:        40780 kB
KernelStack:       15488 kB
PageTables:        54664 kB
NFS_Unstable:          0 kB
Bounce:                0 kB
WritebackTmp:          0 kB
CommitLimit:     2183484 kB
Committed_AS:   132869344 kB
VmallocTotal:     311296 kB
VmallocUsed:       28572 kB
VmallocChunk:     147468 kB
Time pass: 14 sec

---2015-11-18 16:52:34
MemTotal:        1745540 kB
MemFree:           56276 kB
Buffers:            6500 kB
Cached:           358688 kB
SwapCached:        44872 kB
Active:           594200 kB
Inactive:         596776 kB
Active(anon):     415400 kB
Inactive(anon):   416552 kB
Active(file):     178800 kB
Inactive(file):   180224 kB
Unevictable:        3816 kB
Mlocked:               0 kB
HighTotal:       1217536 kB
HighFree:          32392 kB
LowTotal:         528004 kB
LowFree:           23884 kB
SwapTotal:       1310716 kB
SwapFree:         842224 kB
Dirty:                92 kB
Writeback:             0 kB
AnonPages:        812408 kB
Mapped:           293996 kB
Shmem:              1960 kB
Slab:              56680 kB
SReclaimable:      15404 kB
SUnreclaim:        41276 kB
KernelStack:       15640 kB
PageTables:        55000 kB
NFS_Unstable:          0 kB
Bounce:                0 kB
WritebackTmp:          0 kB
CommitLimit:     2183484 kB
Committed_AS:   132895536 kB
VmallocTotal:     311296 kB
VmallocUsed:       28884 kB
VmallocChunk:     147468 kB
Time pass: 18 sec

---2015-11-18 16:52:34
MemTotal:        1745540 kB
MemFree:           66272 kB
Buffers:            6508 kB
Cached:           355456 kB
SwapCached:        44984 kB
Active:           586544 kB
Inactive:         587904 kB
Active(anon):     409388 kB
Inactive(anon):   408872 kB
Active(file):     177156 kB
Inactive(file):   179032 kB
Unevictable:        3816 kB
Mlocked:               0 kB
HighTotal:       1217536 kB
HighFree:          37296 kB
LowTotal:         528004 kB
LowFree:           28976 kB
SwapTotal:       1310716 kB
SwapFree:         837416 kB
Dirty:               204 kB
Writeback:             0 kB
AnonPages:        798516 kB
Mapped:           292112 kB
Shmem:              1960 kB
Slab:              56720 kB
SReclaimable:      15412 kB
SUnreclaim:        41308 kB
KernelStack:       15512 kB
PageTables:        54988 kB
NFS_Unstable:          0 kB
Bounce:                0 kB
WritebackTmp:          0 kB
CommitLimit:     2183484 kB
Committed_AS:   132895296 kB
VmallocTotal:     311296 kB
VmallocUsed:       28720 kB
VmallocChunk:     147468 kB
Time pass: 22 sec

---2015-11-18 16:52:34
MemTotal:        1745540 kB
MemFree:           41112 kB
Buffers:            6564 kB
Cached:           353324 kB
SwapCached:        46248 kB
Active:           579920 kB
Inactive:         574844 kB
Active(anon):     400432 kB
Inactive(anon):   400516 kB
Active(file):     179488 kB
Inactive(file):   174328 kB
Unevictable:        3816 kB
Mlocked:               0 kB
HighTotal:       1217536 kB
HighFree:          19856 kB
LowTotal:         528004 kB
LowFree:           21256 kB
SwapTotal:       1310716 kB
SwapFree:         805436 kB
Dirty:               108 kB
Writeback:             0 kB
AnonPages:        780892 kB
Mapped:           298992 kB
Shmem:              1960 kB
Slab:              56848 kB
SReclaimable:      15412 kB
SUnreclaim:        41436 kB
KernelStack:       15640 kB
PageTables:        55064 kB
NFS_Unstable:          0 kB
Bounce:                0 kB
WritebackTmp:          0 kB
CommitLimit:     2183484 kB
Committed_AS:   132908324 kB
VmallocTotal:     311296 kB
VmallocUsed:       29128 kB
VmallocChunk:     147468 kB
Time pass: 25 sec

---2015-11-18 16:52:34
MemTotal:        1745540 kB
MemFree:           83212 kB
Buffers:            5028 kB
Cached:           342184 kB
SwapCached:        48608 kB
Active:           549556 kB
Inactive:         550972 kB
Active(anon):     378876 kB
Inactive(anon):   380212 kB
Active(file):     170680 kB
Inactive(file):   170760 kB
Unevictable:        3816 kB
Mlocked:               0 kB
HighTotal:       1217536 kB
HighFree:          57740 kB
LowTotal:         528004 kB
LowFree:           25472 kB
SwapTotal:       1310716 kB
SwapFree:         758472 kB
Dirty:                 0 kB
Writeback:             0 kB
AnonPages:        737480 kB
Mapped:           300352 kB
Shmem:              1956 kB
Slab:              57528 kB
SReclaimable:      15492 kB
SUnreclaim:        42036 kB
KernelStack:       15576 kB
PageTables:        55220 kB
NFS_Unstable:          0 kB
Bounce:                0 kB
WritebackTmp:          0 kB
CommitLimit:     2183484 kB
Committed_AS:   132921072 kB
VmallocTotal:     311296 kB
VmallocUsed:       28944 kB
VmallocChunk:     147468 kB
Time pass: 29 sec

---2015-11-18 16:52:34
MemTotal:        1745540 kB
MemFree:           73012 kB
Buffers:            4988 kB
Cached:           339520 kB
SwapCached:        49720 kB
Active:           551036 kB
Inactive:         552980 kB
Active(anon):     381672 kB
Inactive(anon):   382124 kB
Active(file):     169364 kB
Inactive(file):   170856 kB
Unevictable:        3816 kB
Mlocked:               0 kB
HighTotal:       1217536 kB
HighFree:          48288 kB
LowTotal:         528004 kB
LowFree:           24724 kB
SwapTotal:       1310716 kB
SwapFree:         754544 kB
Dirty:                68 kB
Writeback:             0 kB
AnonPages:        742640 kB
Mapped:           303880 kB
Shmem:               488 kB
Slab:              57700 kB
SReclaimable:      15492 kB
SUnreclaim:        42208 kB
KernelStack:       15600 kB
PageTables:        55180 kB
NFS_Unstable:          0 kB
Bounce:                0 kB
WritebackTmp:          0 kB
CommitLimit:     2183484 kB
Committed_AS:   132937936 kB
VmallocTotal:     311296 kB
VmallocUsed:       29168 kB
VmallocChunk:     147468 kB
Time pass: 32 sec

---2015-11-18 16:52:34
MemTotal:        1745540 kB
MemFree:           88524 kB
Buffers:            5024 kB
Cached:           311404 kB
SwapCached:        48676 kB
Active:           519172 kB
Inactive:         522808 kB
Active(anon):     362228 kB
Inactive(anon):   367360 kB
Active(file):     156944 kB
Inactive(file):   155448 kB
Unevictable:        3816 kB
Mlocked:               0 kB
HighTotal:       1217536 kB
HighFree:          61452 kB
LowTotal:         528004 kB
LowFree:           27072 kB
SwapTotal:       1310716 kB
SwapFree:         712656 kB
Dirty:               680 kB
Writeback:             0 kB
AnonPages:        707688 kB
Mapped:           335644 kB
Shmem:               220 kB
Slab:              58308 kB
SReclaimable:      15516 kB
SUnreclaim:        42792 kB
KernelStack:       15600 kB
PageTables:        55304 kB
NFS_Unstable:          0 kB
Bounce:                0 kB
WritebackTmp:          0 kB
CommitLimit:     2183484 kB
Committed_AS:   132947400 kB
VmallocTotal:     311296 kB
VmallocUsed:       29164 kB
VmallocChunk:     147468 kB
Time pass: 39 sec

---2015-11-18 16:52:34
MemTotal:        1745540 kB
MemFree:           93084 kB
Buffers:            5052 kB
Cached:           307876 kB
SwapCached:        49148 kB
Active:           513476 kB
Inactive:         515460 kB
Active(anon):     359944 kB
Inactive(anon):   360120 kB
Active(file):     153532 kB
Inactive(file):   155340 kB
Unevictable:        3816 kB
Mlocked:               0 kB
HighTotal:       1217536 kB
HighFree:          65556 kB
LowTotal:         528004 kB
LowFree:           27528 kB
SwapTotal:       1310716 kB
SwapFree:         701188 kB
Dirty:                60 kB
Writeback:           320 kB
AnonPages:        697736 kB
Mapped:           337812 kB
Shmem:               220 kB
Slab:              58388 kB
SReclaimable:      15516 kB
SUnreclaim:        42872 kB
KernelStack:       15640 kB
PageTables:        55308 kB
NFS_Unstable:          0 kB
Bounce:                0 kB
WritebackTmp:          0 kB
CommitLimit:     2183484 kB
Committed_AS:   132947600 kB
VmallocTotal:     311296 kB
VmallocUsed:       29164 kB
VmallocChunk:     147468 kB
Time pass: 44 sec

---2015-11-18 16:52:34
MemTotal:        1745540 kB
MemFree:          100416 kB
Buffers:            5048 kB
Cached:           296464 kB
SwapCached:        49480 kB
Active:           502060 kB
Inactive:         501292 kB
Active(anon):     353096 kB
Inactive(anon):   352824 kB
Active(file):     148964 kB
Inactive(file):   148468 kB
Unevictable:        3816 kB
Mlocked:               0 kB
HighTotal:       1217536 kB
HighFree:          74972 kB
LowTotal:         528004 kB
LowFree:           25444 kB
SwapTotal:       1310716 kB
SwapFree:         683804 kB
Dirty:               300 kB
Writeback:             0 kB
AnonPages:        683240 kB
Mapped:           345900 kB
Shmem:               220 kB
Slab:              58616 kB
SReclaimable:      15524 kB
SUnreclaim:        43092 kB
KernelStack:       15672 kB
PageTables:        55356 kB
NFS_Unstable:          0 kB
Bounce:                0 kB
WritebackTmp:          0 kB
CommitLimit:     2183484 kB
Committed_AS:   132950524 kB
VmallocTotal:     311296 kB
VmallocUsed:       29204 kB
VmallocChunk:     147468 kB
Time pass: 49 sec

---2015-11-18 16:52:34
MemTotal:        1745540 kB
MemFree:          103296 kB
Buffers:            5080 kB
Cached:           292544 kB
SwapCached:        51996 kB
Active:           497148 kB
Inactive:         503376 kB
Active(anon):     349904 kB
Inactive(anon):   357364 kB
Active(file):     147244 kB
Inactive(file):   146012 kB
Unevictable:        3816 kB
Mlocked:               0 kB
HighTotal:       1217536 kB
HighFree:          73676 kB
LowTotal:         528004 kB
LowFree:           29620 kB
SwapTotal:       1310716 kB
SwapFree:         706808 kB
Dirty:               524 kB
Writeback:             0 kB
AnonPages:        684096 kB
Mapped:           345384 kB
Shmem:               220 kB
Slab:              58736 kB
SReclaimable:      15528 kB
SUnreclaim:        43208 kB
KernelStack:       15752 kB
PageTables:        55340 kB
NFS_Unstable:          0 kB
Bounce:                0 kB
WritebackTmp:          0 kB
CommitLimit:     2183484 kB
Committed_AS:   132898256 kB
VmallocTotal:     311296 kB
VmallocUsed:       29456 kB
VmallocChunk:     147468 kB
Time pass: 54 sec

---2015-11-18 16:52:34
MemTotal:        1745540 kB
MemFree:           84456 kB
Buffers:            5088 kB
Cached:           295588 kB
SwapCached:        52080 kB
Active:           504164 kB
Inactive:         506348 kB
Active(anon):     358208 kB
Inactive(anon):   355840 kB
Active(file):     145956 kB
Inactive(file):   150508 kB
Unevictable:        3816 kB
Mlocked:               0 kB
HighTotal:       1217536 kB
HighFree:          57648 kB
LowTotal:         528004 kB
LowFree:           26808 kB
SwapTotal:       1310716 kB
SwapFree:         701804 kB
Dirty:               528 kB
Writeback:             0 kB
AnonPages:        690808 kB
Mapped:           349208 kB
Shmem:               220 kB
Slab:              58684 kB
SReclaimable:      15536 kB
SUnreclaim:        43148 kB
KernelStack:       15720 kB
PageTables:        55436 kB
NFS_Unstable:          0 kB
Bounce:                0 kB
WritebackTmp:          0 kB
CommitLimit:     2183484 kB
Committed_AS:   132905928 kB
VmallocTotal:     311296 kB
VmallocUsed:       29504 kB
VmallocChunk:     147468 kB
Time pass: 58 sec

---2015-11-18 16:52:34
MemTotal:        1745540 kB
MemFree:           84464 kB
Buffers:            5076 kB
Cached:           266804 kB
SwapCached:        53672 kB
Active:           483108 kB
Inactive:         480044 kB
Active(anon):     347688 kB
Inactive(anon):   347840 kB
Active(file):     135420 kB
Inactive(file):   132204 kB
Unevictable:        3816 kB
Mlocked:               0 kB
HighTotal:       1217536 kB
HighFree:          63352 kB
LowTotal:         528004 kB
LowFree:           21112 kB
SwapTotal:       1310716 kB
SwapFree:         671784 kB
Dirty:                32 kB
Writeback:             0 kB
AnonPages:        671108 kB
Mapped:           336692 kB
Shmem:               344 kB
Slab:              58896 kB
SReclaimable:      15528 kB
SUnreclaim:        43368 kB
KernelStack:       15864 kB
PageTables:        55592 kB
NFS_Unstable:          0 kB
Bounce:                0 kB
WritebackTmp:          0 kB
CommitLimit:     2183484 kB
Committed_AS:   132950324 kB
VmallocTotal:     311296 kB
VmallocUsed:       31912 kB
VmallocChunk:     147468 kB
Time pass: 63 sec

---2015-11-18 16:52:34
MemTotal:        1745540 kB
MemFree:           95688 kB
Buffers:            5092 kB
Cached:           255852 kB
SwapCached:        54720 kB
Active:           472272 kB
Inactive:         466576 kB
Active(anon):     341068 kB
Inactive(anon):   341060 kB
Active(file):     131204 kB
Inactive(file):   125516 kB
Unevictable:        3816 kB
Mlocked:               0 kB
HighTotal:       1217536 kB
HighFree:          71608 kB
LowTotal:         528004 kB
LowFree:           24080 kB
SwapTotal:       1310716 kB
SwapFree:         653204 kB
Dirty:                56 kB
Writeback:             0 kB
AnonPages:        656504 kB
Mapped:           327576 kB
Shmem:               408 kB
Slab:              59456 kB
SReclaimable:      15544 kB
SUnreclaim:        43912 kB
KernelStack:       15976 kB
PageTables:        55672 kB
NFS_Unstable:          0 kB
Bounce:                0 kB
WritebackTmp:          0 kB
CommitLimit:     2183484 kB
Committed_AS:   132955444 kB
VmallocTotal:     311296 kB
VmallocUsed:       31844 kB
VmallocChunk:     147468 kB
Time pass: 68 sec

---2015-11-18 16:52:34
MemTotal:        1745540 kB
MemFree:           98400 kB
Buffers:            5076 kB
Cached:           244016 kB
SwapCached:        52272 kB
Active:           456040 kB
Inactive:         450332 kB
Active(anon):     332212 kB
Inactive(anon):   329632 kB
Active(file):     123828 kB
Inactive(file):   120700 kB
Unevictable:        3816 kB
Mlocked:               0 kB
HighTotal:       1217536 kB
HighFree:          70628 kB
LowTotal:         528004 kB
LowFree:           27772 kB
SwapTotal:       1310716 kB
SwapFree:         630704 kB
Dirty:                 0 kB
Writeback:             0 kB
AnonPages:        635024 kB
Mapped:           317120 kB
Shmem:               584 kB
Slab:              59476 kB
SReclaimable:      15544 kB
SUnreclaim:        43932 kB
KernelStack:       15944 kB
PageTables:        55816 kB
NFS_Unstable:          0 kB
Bounce:                0 kB
WritebackTmp:          0 kB
CommitLimit:     2183484 kB
Committed_AS:   132962844 kB
VmallocTotal:     311296 kB
VmallocUsed:       31912 kB
VmallocChunk:     147468 kB
Time pass: 74 sec

---2015-11-18 16:52:34
MemTotal:        1745540 kB
MemFree:           92848 kB
Buffers:            5108 kB
Cached:           245772 kB
SwapCached:        52272 kB
Active:           458252 kB
Inactive:         452340 kB
Active(anon):     334404 kB
Inactive(anon):   329936 kB
Active(file):     123848 kB
Inactive(file):   122404 kB
Unevictable:        3816 kB
Mlocked:               0 kB
HighTotal:       1217536 kB
HighFree:          66360 kB
LowTotal:         528004 kB
LowFree:           26488 kB
SwapTotal:       1310716 kB
SwapFree:         631236 kB
Dirty:                36 kB
Writeback:             0 kB
AnonPages:        638244 kB
Mapped:           317356 kB
Shmem:               636 kB
Slab:              59748 kB
SReclaimable:      15544 kB
SUnreclaim:        44204 kB
KernelStack:       15928 kB
PageTables:        55828 kB
NFS_Unstable:          0 kB
Bounce:                0 kB
WritebackTmp:          0 kB
CommitLimit:     2183484 kB
Committed_AS:   132968080 kB
VmallocTotal:     311296 kB
VmallocUsed:       31912 kB
VmallocChunk:     147468 kB
Time pass: 78 sec

---2015-11-18 16:52:34
MemTotal:        1745540 kB
MemFree:           90440 kB
Buffers:            5124 kB
Cached:           246444 kB
SwapCached:        52272 kB
Active:           459236 kB
Inactive:         453740 kB
Active(anon):     335572 kB
Inactive(anon):   330288 kB
Active(file):     123664 kB
Inactive(file):   123452 kB
Unevictable:        3816 kB
Mlocked:               0 kB
HighTotal:       1217536 kB
HighFree:          64108 kB
LowTotal:         528004 kB
LowFree:           26332 kB
SwapTotal:       1310716 kB
SwapFree:         631388 kB
Dirty:                 0 kB
Writeback:             0 kB
AnonPages:        639228 kB
Mapped:           317432 kB
Shmem:               636 kB
Slab:              59700 kB
SReclaimable:      15544 kB
SUnreclaim:        44156 kB
KernelStack:       15968 kB
PageTables:        55828 kB
NFS_Unstable:          0 kB
Bounce:                0 kB
WritebackTmp:          0 kB
CommitLimit:     2183484 kB
Committed_AS:   132971240 kB
VmallocTotal:     311296 kB
VmallocUsed:       31912 kB
VmallocChunk:     147468 kB
Time pass: 81 sec

---2015-11-18 16:52:34
MemTotal:        1745540 kB
MemFree:          103564 kB
Buffers:            5176 kB
Cached:           264016 kB
SwapCached:        51924 kB
Active:           451200 kB
Inactive:         458056 kB
Active(anon):     317320 kB
Inactive(anon):   327248 kB
Active(file):     133880 kB
Inactive(file):   130808 kB
Unevictable:        3816 kB
Mlocked:               0 kB
HighTotal:       1217536 kB
HighFree:          75512 kB
LowTotal:         528004 kB
LowFree:           28052 kB
SwapTotal:       1310716 kB
SwapFree:         614064 kB
Dirty:                52 kB
Writeback:             0 kB
AnonPages:        617628 kB
Mapped:           302384 kB
Shmem:               220 kB
Slab:              60908 kB
SReclaimable:      15544 kB
SUnreclaim:        45364 kB
KernelStack:       15760 kB
PageTables:        55524 kB
NFS_Unstable:          0 kB
Bounce:                0 kB
WritebackTmp:          0 kB
CommitLimit:     2183484 kB
Committed_AS:   132955132 kB
VmallocTotal:     311296 kB
VmallocUsed:       31856 kB
VmallocChunk:     147468 kB
Time pass: 85 sec

---2015-11-18 16:52:34
MemTotal:        1745540 kB
MemFree:          343036 kB
Buffers:            5264 kB
Cached:           283248 kB
SwapCached:        52348 kB
Active:           397404 kB
Inactive:         449008 kB
Active(anon):     256708 kB
Inactive(anon):   305092 kB
Active(file):     140696 kB
Inactive(file):   143916 kB
Unevictable:        3816 kB
Mlocked:               0 kB
HighTotal:       1217536 kB
HighFree:         256016 kB
LowTotal:         528004 kB
LowFree:           87020 kB
SwapTotal:       1310716 kB
SwapFree:         629004 kB
Dirty:               316 kB
Writeback:             0 kB
AnonPages:        534356 kB
Mapped:           165284 kB
Shmem:                84 kB
Slab:              60580 kB
SReclaimable:      15552 kB
SUnreclaim:        45028 kB
KernelStack:       15000 kB
PageTables:        53756 kB
NFS_Unstable:          0 kB
Bounce:                0 kB
WritebackTmp:          0 kB
CommitLimit:     2183484 kB
Committed_AS:   131257428 kB
VmallocTotal:     311296 kB
VmallocUsed:       29784 kB
VmallocChunk:     147468 kB
Time pass: 89 sec

---2015-11-18 16:52:34
MemTotal:        1745540 kB
MemFree:          342128 kB
Buffers:            5264 kB
Cached:           283588 kB
SwapCached:        52320 kB
Active:           396772 kB
Inactive:         449856 kB
Active(anon):     256076 kB
Inactive(anon):   305604 kB
Active(file):     140696 kB
Inactive(file):   144252 kB
Unevictable:        3816 kB
Mlocked:               0 kB
HighTotal:       1217536 kB
HighFree:         255396 kB
LowTotal:         528004 kB
LowFree:           86732 kB
SwapTotal:       1310716 kB
SwapFree:         631264 kB
Dirty:               316 kB
Writeback:             0 kB
AnonPages:        534308 kB
Mapped:           165396 kB
Shmem:                84 kB
Slab:              60572 kB
SReclaimable:      15552 kB
SUnreclaim:        45020 kB
KernelStack:       15008 kB
PageTables:        54232 kB
NFS_Unstable:          0 kB
Bounce:                0 kB
WritebackTmp:          0 kB
CommitLimit:     2183484 kB
Committed_AS:   132440324 kB
VmallocTotal:     311296 kB
VmallocUsed:       29852 kB
VmallocChunk:     147468 kB
Time pass: 93 sec

---2015-11-18 16:52:34
MemTotal:        1745540 kB
MemFree:          345292 kB
Buffers:            5272 kB
Cached:           283608 kB
SwapCached:        52376 kB
Active:           394508 kB
Inactive:         449628 kB
Active(anon):     253804 kB
Inactive(anon):   305376 kB
Active(file):     140704 kB
Inactive(file):   144252 kB
Unevictable:        3816 kB
Mlocked:               0 kB
HighTotal:       1217536 kB
HighFree:         258164 kB
LowTotal:         528004 kB
LowFree:           87128 kB
SwapTotal:       1310716 kB
SwapFree:         631276 kB
Dirty:                32 kB
Writeback:             0 kB
AnonPages:        531668 kB
Mapped:           165468 kB
Shmem:                84 kB
Slab:              60572 kB
SReclaimable:      15552 kB
SUnreclaim:        45020 kB
KernelStack:       15008 kB
PageTables:        53852 kB
NFS_Unstable:          0 kB
Bounce:                0 kB
WritebackTmp:          0 kB
CommitLimit:     2183484 kB
Committed_AS:   131254340 kB
VmallocTotal:     311296 kB
VmallocUsed:       29784 kB
VmallocChunk:     147468 kB
Time pass: 96 sec

---2015-11-18 16:52:34
MemTotal:        1745540 kB
MemFree:          345020 kB
Buffers:            5272 kB
Cached:           283604 kB
SwapCached:        52376 kB
Active:           394684 kB
Inactive:         449660 kB
Active(anon):     253980 kB
Inactive(anon):   305388 kB
Active(file):     140704 kB
Inactive(file):   144272 kB
Unevictable:        3816 kB
Mlocked:               0 kB
HighTotal:       1217536 kB
HighFree:         257956 kB
LowTotal:         528004 kB
LowFree:           87064 kB
SwapTotal:       1310716 kB
SwapFree:         631300 kB
Dirty:                 0 kB
Writeback:            32 kB
AnonPages:        531872 kB
Mapped:           165444 kB
Shmem:                84 kB
Slab:              60624 kB
SReclaimable:      15552 kB
SUnreclaim:        45072 kB
KernelStack:       15008 kB
PageTables:        53856 kB
NFS_Unstable:          0 kB
Bounce:                0 kB
WritebackTmp:          0 kB
CommitLimit:     2183484 kB
Committed_AS:   131254420 kB
VmallocTotal:     311296 kB
VmallocUsed:       27376 kB
VmallocChunk:     147468 kB
Time pass: 100 sec

---2015-11-18 16:52:34
MemTotal:        1745540 kB
MemFree:          344972 kB
Buffers:            5272 kB
Cached:           283604 kB
SwapCached:        52376 kB
Active:           394832 kB
Inactive:         449660 kB
Active(anon):     254128 kB
Inactive(anon):   305388 kB
Active(file):     140704 kB
Inactive(file):   144272 kB
Unevictable:        3816 kB
Mlocked:               0 kB
HighTotal:       1217536 kB
HighFree:         257908 kB
LowTotal:         528004 kB
LowFree:           87064 kB
SwapTotal:       1310716 kB
SwapFree:         631300 kB
Dirty:                 0 kB
Writeback:             0 kB
AnonPages:        531992 kB
Mapped:           165444 kB
Shmem:                84 kB
Slab:              60624 kB
SReclaimable:      15552 kB
SUnreclaim:        45072 kB
KernelStack:       15008 kB
PageTables:        53856 kB
NFS_Unstable:          0 kB
Bounce:                0 kB
WritebackTmp:          0 kB
CommitLimit:     2183484 kB
Committed_AS:   131254620 kB
VmallocTotal:     311296 kB
VmallocUsed:       27376 kB
VmallocChunk:     147468 kB
Time pass: 103 sec

---2015-11-18 16:52:34
MemTotal:        1745540 kB
MemFree:          344876 kB
Buffers:            5272 kB
Cached:           283604 kB
SwapCached:        52376 kB
Active:           394920 kB
Inactive:         449664 kB
Active(anon):     254216 kB
Inactive(anon):   305392 kB
Active(file):     140704 kB
Inactive(file):   144272 kB
Unevictable:        3816 kB
Mlocked:               0 kB
HighTotal:       1217536 kB
HighFree:         257812 kB
LowTotal:         528004 kB
LowFree:           87064 kB
SwapTotal:       1310716 kB
SwapFree:         631312 kB
Dirty:                 0 kB
Writeback:             0 kB
AnonPages:        532088 kB
Mapped:           165444 kB
Shmem:                84 kB
Slab:              60624 kB
SReclaimable:      15552 kB
SUnreclaim:        45072 kB
KernelStack:       15008 kB
PageTables:        53856 kB
NFS_Unstable:          0 kB
Bounce:                0 kB
WritebackTmp:          0 kB
CommitLimit:     2183484 kB
Committed_AS:   131254700 kB
VmallocTotal:     311296 kB
VmallocUsed:       27376 kB
VmallocChunk:     147468 kB
Time pass: 107 sec

---2015-11-18 16:52:34
MemTotal:        1745540 kB
MemFree:          237076 kB
Buffers:            5680 kB
Cached:           307072 kB
SwapCached:        52600 kB
Active:           434968 kB
Inactive:         470812 kB
Active(anon):     290960 kB
Inactive(anon):   306332 kB
Active(file):     144008 kB
Inactive(file):   164480 kB
Unevictable:        3816 kB
Mlocked:               0 kB
HighTotal:       1217536 kB
HighFree:         171976 kB
LowTotal:         528004 kB
LowFree:           65100 kB
SwapTotal:       1310716 kB
SwapFree:         632264 kB
Dirty:               832 kB
Writeback:             0 kB
AnonPages:        569872 kB
Mapped:           194544 kB
Shmem:               272 kB
Slab:              60780 kB
SReclaimable:      15552 kB
SUnreclaim:        45228 kB
KernelStack:       15560 kB
PageTables:        54708 kB
NFS_Unstable:          0 kB
Bounce:                0 kB
WritebackTmp:          0 kB
CommitLimit:     2183484 kB
Committed_AS:   132846152 kB
VmallocTotal:     311296 kB
VmallocUsed:       36424 kB
VmallocChunk:      98308 kB
Time pass: 111 sec

---2015-11-18 16:52:34
MemTotal:        1745540 kB
MemFree:          196980 kB
Buffers:            5728 kB
Cached:           308100 kB
SwapCached:        52588 kB
Active:           429004 kB
Inactive:         471992 kB
Active(anon):     284276 kB
Inactive(anon):   306924 kB
Active(file):     144728 kB
Inactive(file):   165068 kB
Unevictable:        3816 kB
Mlocked:               0 kB
HighTotal:       1217536 kB
HighFree:         131420 kB
LowTotal:         528004 kB
LowFree:           65560 kB
SwapTotal:       1310716 kB
SwapFree:         633584 kB
Dirty:                 0 kB
Writeback:             0 kB
AnonPages:        563452 kB
Mapped:           240856 kB
Shmem:               216 kB
Slab:              60480 kB
SReclaimable:      15520 kB
SUnreclaim:        44960 kB
KernelStack:       15520 kB
PageTables:        54932 kB
NFS_Unstable:          0 kB
Bounce:                0 kB
WritebackTmp:          0 kB
CommitLimit:     2183484 kB
Committed_AS:   132852208 kB
VmallocTotal:     311296 kB
VmallocUsed:       27912 kB
VmallocChunk:     147468 kB
Time pass: 114 sec

---2015-11-18 16:52:34
MemTotal:        1745540 kB
MemFree:          184584 kB
Buffers:            5736 kB
Cached:           309616 kB
SwapCached:        52612 kB
Active:           439168 kB
Inactive:         473464 kB
Active(anon):     294372 kB
Inactive(anon):   306992 kB
Active(file):     144796 kB
Inactive(file):   166472 kB
Unevictable:        3816 kB
Mlocked:               0 kB
HighTotal:       1217536 kB
HighFree:         119480 kB
LowTotal:         528004 kB
LowFree:           65104 kB
SwapTotal:       1310716 kB
SwapFree:         633652 kB
Dirty:               240 kB
Writeback:             0 kB
AnonPages:        573600 kB
Mapped:           244724 kB
Shmem:               220 kB
Slab:              60468 kB
SReclaimable:      15520 kB
SUnreclaim:        44948 kB
KernelStack:       15632 kB
PageTables:        54960 kB
NFS_Unstable:          0 kB
Bounce:                0 kB
WritebackTmp:          0 kB
CommitLimit:     2183484 kB
Committed_AS:   132856224 kB
VmallocTotal:     311296 kB
VmallocUsed:       28048 kB
VmallocChunk:     147468 kB
Time pass: 118 sec

---2015-11-18 16:52:34
MemTotal:        1745540 kB
MemFree:          110332 kB
Buffers:            5744 kB
Cached:           311708 kB
SwapCached:        52612 kB
Active:           461428 kB
Inactive:         474860 kB
Active(anon):     315856 kB
Inactive(anon):   307004 kB
Active(file):     145572 kB
Inactive(file):   167856 kB
Unevictable:        3816 kB
Mlocked:               0 kB
HighTotal:       1217536 kB
HighFree:          75652 kB
LowTotal:         528004 kB
LowFree:           34680 kB
SwapTotal:       1310716 kB
SwapFree:         633676 kB
Dirty:              1492 kB
Writeback:             0 kB
AnonPages:        594932 kB
Mapped:           286544 kB
Shmem:               220 kB
Slab:              60492 kB
SReclaimable:      15528 kB
SUnreclaim:        44964 kB
KernelStack:       15648 kB
PageTables:        55104 kB
NFS_Unstable:          0 kB
Bounce:                0 kB
WritebackTmp:          0 kB
CommitLimit:     2183484 kB
Committed_AS:   132885624 kB
VmallocTotal:     311296 kB
VmallocUsed:       28200 kB
VmallocChunk:     147468 kB
Time pass: 122 sec

---2015-11-18 16:52:34
MemTotal:        1745540 kB
MemFree:          124532 kB
Buffers:            5744 kB
Cached:           309752 kB
SwapCached:        52656 kB
Active:           448704 kB
Inactive:         476068 kB
Active(anon):     302528 kB
Inactive(anon):   310784 kB
Active(file):     146176 kB
Inactive(file):   165284 kB
Unevictable:        3816 kB
Mlocked:               0 kB
HighTotal:       1217536 kB
HighFree:          91656 kB
LowTotal:         528004 kB
LowFree:           32876 kB
SwapTotal:       1310716 kB
SwapFree:         631784 kB
Dirty:                12 kB
Writeback:             0 kB
AnonPages:        585356 kB
Mapped:           294904 kB
Shmem:               220 kB
Slab:              60648 kB
SReclaimable:      15528 kB
SUnreclaim:        45120 kB
KernelStack:       15560 kB
PageTables:        55164 kB
NFS_Unstable:          0 kB
Bounce:                0 kB
WritebackTmp:          0 kB
CommitLimit:     2183484 kB
Committed_AS:   132885824 kB
VmallocTotal:     311296 kB
VmallocUsed:       28104 kB
VmallocChunk:     147468 kB
Time pass: 125 sec

---2015-11-18 16:52:34
MemTotal:        1745540 kB
MemFree:          115240 kB
Buffers:            5740 kB
Cached:           299496 kB
SwapCached:        53164 kB
Active:           453944 kB
Inactive:         458776 kB
Active(anon):     305604 kB
Inactive(anon):   306088 kB
Active(file):     148340 kB
Inactive(file):   152688 kB
Unevictable:        3816 kB
Mlocked:               0 kB
HighTotal:       1217536 kB
HighFree:          85336 kB
LowTotal:         528004 kB
LowFree:           29904 kB
SwapTotal:       1310716 kB
SwapFree:         622636 kB
Dirty:               528 kB
Writeback:             0 kB
AnonPages:        583148 kB
Mapped:           304052 kB
Shmem:               220 kB
Slab:              60572 kB
SReclaimable:      15532 kB
SUnreclaim:        45040 kB
KernelStack:       15648 kB
PageTables:        55188 kB
NFS_Unstable:          0 kB
Bounce:                0 kB
WritebackTmp:          0 kB
CommitLimit:     2183484 kB
Committed_AS:   132886352 kB
VmallocTotal:     311296 kB
VmallocUsed:       28336 kB
VmallocChunk:     147468 kB
Time pass: 129 sec

---2015-11-18 16:52:34
MemTotal:        1745540 kB
MemFree:          116656 kB
Buffers:            5740 kB
Cached:           299436 kB
SwapCached:        53164 kB
Active:           454600 kB
Inactive:         458844 kB
Active(anon):     306196 kB
Inactive(anon):   306108 kB
Active(file):     148404 kB
Inactive(file):   152736 kB
Unevictable:        3816 kB
Mlocked:               0 kB
HighTotal:       1217536 kB
HighFree:          85788 kB
LowTotal:         528004 kB
LowFree:           30868 kB
SwapTotal:       1310716 kB
SwapFree:         622648 kB
Dirty:               580 kB
Writeback:             0 kB
AnonPages:        583848 kB
Mapped:           303940 kB
Shmem:               220 kB
Slab:              60436 kB
SReclaimable:      15516 kB
SUnreclaim:        44920 kB
KernelStack:       15560 kB
PageTables:        55228 kB
NFS_Unstable:          0 kB
Bounce:                0 kB
WritebackTmp:          0 kB
CommitLimit:     2183484 kB
Committed_AS:   132885880 kB
VmallocTotal:     311296 kB
VmallocUsed:       28200 kB
VmallocChunk:     147468 kB
Time pass: 133 sec

---2015-11-18 16:52:34
MemTotal:        1745540 kB
MemFree:          116636 kB
Buffers:            5748 kB
Cached:           299436 kB
SwapCached:        53164 kB
Active:           454572 kB
Inactive:         458828 kB
Active(anon):     306168 kB
Inactive(anon):   306084 kB
Active(file):     148404 kB
Inactive(file):   152744 kB
Unevictable:        3816 kB
Mlocked:               0 kB
HighTotal:       1217536 kB
HighFree:          85848 kB
LowTotal:         528004 kB
LowFree:           30788 kB
SwapTotal:       1310716 kB
SwapFree:         622664 kB
Dirty:                 0 kB
Writeback:             0 kB
AnonPages:        583824 kB
Mapped:           303944 kB
Shmem:               220 kB
Slab:              60516 kB
SReclaimable:      15532 kB
SUnreclaim:        44984 kB
KernelStack:       15560 kB
PageTables:        55228 kB
NFS_Unstable:          0 kB
Bounce:                0 kB
WritebackTmp:          0 kB
CommitLimit:     2183484 kB
Committed_AS:   132886040 kB
VmallocTotal:     311296 kB
VmallocUsed:       28200 kB
VmallocChunk:     147468 kB
Time pass: 136 sec

---2015-11-18 16:52:34
MemTotal:        1745540 kB
MemFree:          112288 kB
Buffers:            5768 kB
Cached:           298712 kB
SwapCached:        53176 kB
Active:           458744 kB
Inactive:         462072 kB
Active(anon):     310256 kB
Inactive(anon):   310636 kB
Active(file):     148488 kB
Inactive(file):   151436 kB
Unevictable:        3816 kB
Mlocked:               0 kB
HighTotal:       1217536 kB
HighFree:          78452 kB
LowTotal:         528004 kB
LowFree:           33836 kB
SwapTotal:       1310716 kB
SwapFree:         618988 kB
Dirty:                 0 kB
Writeback:             0 kB
AnonPages:        592584 kB
Mapped:           304996 kB
Shmem:               220 kB
Slab:              60456 kB
SReclaimable:      15516 kB
SUnreclaim:        44940 kB
KernelStack:       15656 kB
PageTables:        55324 kB
NFS_Unstable:          0 kB
Bounce:                0 kB
WritebackTmp:          0 kB
CommitLimit:     2183484 kB
Committed_AS:   132933480 kB
VmallocTotal:     311296 kB
VmallocUsed:       28404 kB
VmallocChunk:     147468 kB
Time pass: 140 sec

---2015-11-18 16:52:34
MemTotal:        1745540 kB
MemFree:           96996 kB
Buffers:            5784 kB
Cached:           296032 kB
SwapCached:        53080 kB
Active:           459956 kB
Inactive:         460184 kB
Active(anon):     311152 kB
Inactive(anon):   311348 kB
Active(file):     148804 kB
Inactive(file):   148836 kB
Unevictable:        3816 kB
Mlocked:               0 kB
HighTotal:       1217536 kB
HighFree:          66988 kB
LowTotal:         528004 kB
LowFree:           30008 kB
SwapTotal:       1310716 kB
SwapFree:         615820 kB
Dirty:                72 kB
Writeback:             0 kB
AnonPages:        594140 kB
Mapped:           302504 kB
Shmem:               416 kB
Slab:              60380 kB
SReclaimable:      15516 kB
SUnreclaim:        44864 kB
KernelStack:       15856 kB
PageTables:        55432 kB
NFS_Unstable:          0 kB
Bounce:                0 kB
WritebackTmp:          0 kB
CommitLimit:     2183484 kB
Committed_AS:   132935724 kB
VmallocTotal:     311296 kB
VmallocUsed:       28404 kB
VmallocChunk:     147468 kB
Time pass: 144 sec

---2015-11-18 16:52:34
MemTotal:        1745540 kB
MemFree:          113356 kB
Buffers:            5552 kB
Cached:           287376 kB
SwapCached:        53252 kB
Active:           452376 kB
Inactive:         450212 kB
Active(anon):     307728 kB
Inactive(anon):   306240 kB
Active(file):     144648 kB
Inactive(file):   143972 kB
Unevictable:        3816 kB
Mlocked:               0 kB
HighTotal:       1217536 kB
HighFree:          81224 kB
LowTotal:         528004 kB
LowFree:           32132 kB
SwapTotal:       1310716 kB
SwapFree:         605548 kB
Dirty:                40 kB
Writeback:             0 kB
AnonPages:        584840 kB
Mapped:           293928 kB
Shmem:               492 kB
Slab:              60344 kB
SReclaimable:      15516 kB
SUnreclaim:        44828 kB
KernelStack:       15896 kB
PageTables:        55528 kB
NFS_Unstable:          0 kB
Bounce:                0 kB
WritebackTmp:          0 kB
CommitLimit:     2183484 kB
Committed_AS:   132936828 kB
VmallocTotal:     311296 kB
VmallocUsed:       28404 kB
VmallocChunk:     147468 kB
Time pass: 148 sec

---2015-11-18 16:52:34
MemTotal:        1745540 kB
MemFree:          112812 kB
Buffers:            5560 kB
Cached:           287964 kB
SwapCached:        53244 kB
Active:           452348 kB
Inactive:         450832 kB
Active(anon):     307684 kB
Inactive(anon):   306468 kB
Active(file):     144664 kB
Inactive(file):   144364 kB
Unevictable:        3816 kB
Mlocked:               0 kB
HighTotal:       1217536 kB
HighFree:          80564 kB
LowTotal:         528004 kB
LowFree:           32248 kB
SwapTotal:       1310716 kB
SwapFree:         605616 kB
Dirty:                12 kB
Writeback:             0 kB
AnonPages:        584972 kB
Mapped:           294280 kB
Shmem:               680 kB
Slab:              60352 kB
SReclaimable:      15516 kB
SUnreclaim:        44836 kB
KernelStack:       15848 kB
PageTables:        55512 kB
NFS_Unstable:          0 kB
Bounce:                0 kB
WritebackTmp:          0 kB
CommitLimit:     2183484 kB
Committed_AS:   132937972 kB
VmallocTotal:     311296 kB
VmallocUsed:       28404 kB
VmallocChunk:     147468 kB
Time pass: 154 sec

---2015-11-18 16:52:34
MemTotal:        1745540 kB
MemFree:          122956 kB
Buffers:            5568 kB
Cached:           275704 kB
SwapCached:        53628 kB
Active:           433212 kB
Inactive:         439988 kB
Active(anon):     295360 kB
Inactive(anon):   300604 kB
Active(file):     137852 kB
Inactive(file):   139384 kB
Unevictable:        3816 kB
Mlocked:               0 kB
HighTotal:       1217536 kB
HighFree:          89612 kB
LowTotal:         528004 kB
LowFree:           33344 kB
SwapTotal:       1310716 kB
SwapFree:         592716 kB
Dirty:                12 kB
Writeback:             0 kB
AnonPages:        566700 kB
Mapped:           292420 kB
Shmem:               220 kB
Slab:              61152 kB
SReclaimable:      15516 kB
SUnreclaim:        45636 kB
KernelStack:       15600 kB
PageTables:        55316 kB
NFS_Unstable:          0 kB
Bounce:                0 kB
WritebackTmp:          0 kB
CommitLimit:     2183484 kB
Committed_AS:   132906696 kB
VmallocTotal:     311296 kB
VmallocUsed:       28200 kB
VmallocChunk:     147468 kB
Time pass: 159 sec

---2015-11-18 16:52:34
MemTotal:        1745540 kB
MemFree:          103792 kB
Buffers:            6772 kB
Cached:           276324 kB
SwapCached:        54296 kB
Active:           443312 kB
Inactive:         445552 kB
Active(anon):     305064 kB
Inactive(anon):   305192 kB
Active(file):     138248 kB
Inactive(file):   140360 kB
Unevictable:        3816 kB
Mlocked:               0 kB
HighTotal:       1217536 kB
HighFree:          73608 kB
LowTotal:         528004 kB
LowFree:           30184 kB
SwapTotal:       1310716 kB
SwapFree:         579220 kB
Dirty:                 0 kB
Writeback:             0 kB
AnonPages:        580144 kB
Mapped:           297512 kB
Shmem:               436 kB
Slab:              61332 kB
SReclaimable:      15516 kB
SUnreclaim:        45816 kB
KernelStack:       16200 kB
PageTables:        56128 kB
NFS_Unstable:          0 kB
Bounce:                0 kB
WritebackTmp:          0 kB
CommitLimit:     2183484 kB
Committed_AS:   134487324 kB
VmallocTotal:     311296 kB
VmallocUsed:       28404 kB
VmallocChunk:     147468 kB
Time pass: 164 sec

---2015-11-18 16:52:34
MemTotal:        1745540 kB
MemFree:          106048 kB
Buffers:            6808 kB
Cached:           273800 kB
SwapCached:        54360 kB
Active:           444684 kB
Inactive:         444324 kB
Active(anon):     307128 kB
Inactive(anon):   305556 kB
Active(file):     137556 kB
Inactive(file):   138768 kB
Unevictable:        3816 kB
Mlocked:               0 kB
HighTotal:       1217536 kB
HighFree:          73144 kB
LowTotal:         528004 kB
LowFree:           32904 kB
SwapTotal:       1310716 kB
SwapFree:         576984 kB
Dirty:                80 kB
Writeback:             0 kB
AnonPages:        582572 kB
Mapped:           294364 kB
Shmem:               460 kB
Slab:              61300 kB
SReclaimable:      15532 kB
SUnreclaim:        45768 kB
KernelStack:       16232 kB
PageTables:        56164 kB
NFS_Unstable:          0 kB
Bounce:                0 kB
WritebackTmp:          0 kB
CommitLimit:     2183484 kB
Committed_AS:   134493424 kB
VmallocTotal:     311296 kB
VmallocUsed:       28404 kB
VmallocChunk:     147468 kB
Time pass: 168 sec

---2015-11-18 16:52:34
MemTotal:        1745540 kB
MemFree:          105972 kB
Buffers:            6828 kB
Cached:           273872 kB
SwapCached:        54348 kB
Active:           447908 kB
Inactive:         444616 kB
Active(anon):     310500 kB
Inactive(anon):   305688 kB
Active(file):     137408 kB
Inactive(file):   138928 kB
Unevictable:        3816 kB
Mlocked:               0 kB
HighTotal:       1217536 kB
HighFree:          71148 kB
LowTotal:         528004 kB
LowFree:           34824 kB
SwapTotal:       1310716 kB
SwapFree:         577188 kB
Dirty:                 0 kB
Writeback:             0 kB
AnonPages:        586004 kB
Mapped:           293028 kB
Shmem:               548 kB
Slab:              61404 kB
SReclaimable:      15548 kB
SUnreclaim:        45856 kB
KernelStack:       16160 kB
PageTables:        56176 kB
NFS_Unstable:          0 kB
Bounce:                0 kB
WritebackTmp:          0 kB
CommitLimit:     2183484 kB
Committed_AS:   134499600 kB
VmallocTotal:     311296 kB
VmallocUsed:       28336 kB
VmallocChunk:     147468 kB
Time pass: 171 sec

---2015-11-18 16:52:34
MemTotal:        1745540 kB
MemFree:          103340 kB
Buffers:            6852 kB
Cached:           274232 kB
SwapCached:        54340 kB
Active:           449524 kB
Inactive:         445120 kB
Active(anon):     312112 kB
Inactive(anon):   305896 kB
Active(file):     137412 kB
Inactive(file):   139224 kB
Unevictable:        3816 kB
Mlocked:               0 kB
HighTotal:       1217536 kB
HighFree:          68888 kB
LowTotal:         528004 kB
LowFree:           34452 kB
SwapTotal:       1310716 kB
SwapFree:         577328 kB
Dirty:                60 kB
Writeback:             0 kB
AnonPages:        587700 kB
Mapped:           293216 kB
Shmem:               624 kB
Slab:              61396 kB
SReclaimable:      15548 kB
SUnreclaim:        45848 kB
KernelStack:       16200 kB
PageTables:        56160 kB
NFS_Unstable:          0 kB
Bounce:                0 kB
WritebackTmp:          0 kB
CommitLimit:     2183484 kB
Committed_AS:   134501136 kB
VmallocTotal:     311296 kB
VmallocUsed:       28336 kB
VmallocChunk:     147468 kB
Time pass: 175 sec

---2015-11-18 16:52:34
MemTotal:        1745540 kB
MemFree:          109704 kB
Buffers:            6856 kB
Cached:           279784 kB
SwapCached:        54336 kB
Active:           437740 kB
Inactive:         450608 kB
Active(anon):     299920 kB
Inactive(anon):   306268 kB
Active(file):     137820 kB
Inactive(file):   144340 kB
Unevictable:        3816 kB
Mlocked:               0 kB
HighTotal:       1217536 kB
HighFree:          75396 kB
LowTotal:         528004 kB
LowFree:           34308 kB
SwapTotal:       1310716 kB
SwapFree:         577724 kB
Dirty:                68 kB
Writeback:             0 kB
AnonPages:        575764 kB
Mapped:           286768 kB
Shmem:               664 kB
Slab:              61428 kB
SReclaimable:      15548 kB
SUnreclaim:        45880 kB
KernelStack:       15848 kB
PageTables:        55576 kB
NFS_Unstable:          0 kB
Bounce:                0 kB
WritebackTmp:          0 kB
CommitLimit:     2183484 kB
Committed_AS:   132961876 kB
VmallocTotal:     311296 kB
VmallocUsed:       28336 kB
VmallocChunk:     147468 kB
Time pass: 179 sec

---2015-11-18 16:52:34
MemTotal:        1745540 kB
MemFree:          100388 kB
Buffers:            6860 kB
Cached:           280172 kB
SwapCached:        54308 kB
Active:           447244 kB
Inactive:         449888 kB
Active(anon):     308216 kB
Inactive(anon):   306492 kB
Active(file):     139028 kB
Inactive(file):   143396 kB
Unevictable:        3816 kB
Mlocked:               0 kB
HighTotal:       1217536 kB
HighFree:          66440 kB
LowTotal:         528004 kB
LowFree:           33948 kB
SwapTotal:       1310716 kB
SwapFree:         578152 kB
Dirty:                 4 kB
Writeback:             0 kB
AnonPages:        584236 kB
Mapped:           293784 kB
Shmem:               676 kB
Slab:              61444 kB
SReclaimable:      15556 kB
SUnreclaim:        45888 kB
KernelStack:       16160 kB
PageTables:        56164 kB
NFS_Unstable:          0 kB
Bounce:                0 kB
WritebackTmp:          0 kB
CommitLimit:     2183484 kB
Committed_AS:   134500280 kB
VmallocTotal:     311296 kB
VmallocUsed:       28336 kB
VmallocChunk:     147468 kB
Time pass: 183 sec

---2015-11-18 16:52:34
MemTotal:        1745540 kB
MemFree:          100076 kB
Buffers:            6868 kB
Cached:           279920 kB
SwapCached:        54304 kB
Active:           447648 kB
Inactive:         449908 kB
Active(anon):     308768 kB
Inactive(anon):   306500 kB
Active(file):     138880 kB
Inactive(file):   143408 kB
Unevictable:        3816 kB
Mlocked:               0 kB
HighTotal:       1217536 kB
HighFree:          65856 kB
LowTotal:         528004 kB
LowFree:           34220 kB
SwapTotal:       1310716 kB
SwapFree:         578188 kB
Dirty:                80 kB
Writeback:             0 kB
AnonPages:        584952 kB
Mapped:           293728 kB
Shmem:               680 kB
Slab:              61272 kB
SReclaimable:      15556 kB
SUnreclaim:        45716 kB
KernelStack:       16160 kB
PageTables:        56192 kB
NFS_Unstable:          0 kB
Bounce:                0 kB
WritebackTmp:          0 kB
CommitLimit:     2183484 kB
Committed_AS:   134500416 kB
VmallocTotal:     311296 kB
VmallocUsed:       28336 kB
VmallocChunk:     147468 kB
Time pass: 187 sec

---2015-11-18 16:52:34
MemTotal:        1745540 kB
MemFree:           99960 kB
Buffers:            6876 kB
Cached:           279628 kB
SwapCached:        54304 kB
Active:           447464 kB
Inactive:         449976 kB
Active(anon):     308896 kB
Inactive(anon):   306540 kB
Active(file):     138568 kB
Inactive(file):   143436 kB
Unevictable:        3816 kB
Mlocked:               0 kB
HighTotal:       1217536 kB
HighFree:          65564 kB
LowTotal:         528004 kB
LowFree:           34396 kB
SwapTotal:       1310716 kB
SwapFree:         578200 kB
Dirty:                80 kB
Writeback:             0 kB
AnonPages:        585208 kB
Mapped:           293724 kB
Shmem:               684 kB
Slab:              61240 kB
SReclaimable:      15556 kB
SUnreclaim:        45684 kB
KernelStack:       16208 kB
PageTables:        56188 kB
NFS_Unstable:          0 kB
Bounce:                0 kB
WritebackTmp:          0 kB
CommitLimit:     2183484 kB
Committed_AS:   134500448 kB
VmallocTotal:     311296 kB
VmallocUsed:       28404 kB
VmallocChunk:     147468 kB
Time pass: 190 sec

---2015-11-18 16:52:34
MemTotal:        1745540 kB
MemFree:          100420 kB
Buffers:            6832 kB
Cached:           279180 kB
SwapCached:        54304 kB
Active:           449024 kB
Inactive:         449972 kB
Active(anon):     310932 kB
Inactive(anon):   306552 kB
Active(file):     138092 kB
Inactive(file):   143420 kB
Unevictable:        3816 kB
Mlocked:               0 kB
HighTotal:       1217536 kB
HighFree:          64276 kB
LowTotal:         528004 kB
LowFree:           36144 kB
SwapTotal:       1310716 kB
SwapFree:         578220 kB
Dirty:                44 kB
Writeback:             0 kB
AnonPages:        587084 kB
Mapped:           293316 kB
Shmem:               684 kB
Slab:              61300 kB
SReclaimable:      15572 kB
SUnreclaim:        45728 kB
KernelStack:       16264 kB
PageTables:        56184 kB
NFS_Unstable:          0 kB
Bounce:                0 kB
WritebackTmp:          0 kB
CommitLimit:     2183484 kB
Committed_AS:   134500872 kB
VmallocTotal:     311296 kB
VmallocUsed:       28404 kB
VmallocChunk:     147468 kB
Time pass: 194 sec

---2015-11-18 16:52:34
MemTotal:        1745540 kB
MemFree:          109004 kB
Buffers:            6760 kB
Cached:           280104 kB
SwapCached:        54124 kB
Active:           448712 kB
Inactive:         442364 kB
Active(anon):     303068 kB
Inactive(anon):   305648 kB
Active(file):     145644 kB
Inactive(file):   136716 kB
Unevictable:        3816 kB
Mlocked:               0 kB
HighTotal:       1217536 kB
HighFree:          71148 kB
LowTotal:         528004 kB
LowFree:           37856 kB
SwapTotal:       1310716 kB
SwapFree:         582280 kB
Dirty:                48 kB
Writeback:             0 kB
AnonPages:        578308 kB
Mapped:           286220 kB
Shmem:               688 kB
Slab:              61456 kB
SReclaimable:      15572 kB
SUnreclaim:        45884 kB
KernelStack:       15896 kB
PageTables:        55544 kB
NFS_Unstable:          0 kB
Bounce:                0 kB
WritebackTmp:          0 kB
CommitLimit:     2183484 kB
Committed_AS:   132970972 kB
VmallocTotal:     311296 kB
VmallocUsed:       28404 kB
VmallocChunk:     147468 kB
Time pass: 198 sec

---2015-11-18 16:52:34
MemTotal:        1745540 kB
MemFree:           99952 kB
Buffers:            6768 kB
Cached:           280676 kB
SwapCached:        54120 kB
Active:           455884 kB
Inactive:         443028 kB
Active(anon):     310236 kB
Inactive(anon):   306308 kB
Active(file):     145648 kB
Inactive(file):   136720 kB
Unevictable:        3816 kB
Mlocked:               0 kB
HighTotal:       1217536 kB
HighFree:          63528 kB
LowTotal:         528004 kB
LowFree:           36424 kB
SwapTotal:       1310716 kB
SwapFree:         582432 kB
Dirty:                68 kB
Writeback:             0 kB
AnonPages:        585940 kB
Mapped:           292260 kB
Shmem:              1248 kB
Slab:              61316 kB
SReclaimable:      15572 kB
SUnreclaim:        45744 kB
KernelStack:       16048 kB
PageTables:        56112 kB
NFS_Unstable:          0 kB
Bounce:                0 kB
WritebackTmp:          0 kB
CommitLimit:     2183484 kB
Committed_AS:   134505124 kB
VmallocTotal:     311296 kB
VmallocUsed:       28404 kB
VmallocChunk:     147468 kB
Time pass: 201 sec

---2015-11-18 16:52:34
MemTotal:        1745540 kB
MemFree:           94492 kB
Buffers:            6776 kB
Cached:           279900 kB
SwapCached:        54100 kB
Active:           461388 kB
Inactive:         443352 kB
Active(anon):     316416 kB
Inactive(anon):   306712 kB
Active(file):     144972 kB
Inactive(file):   136640 kB
Unevictable:        3816 kB
Mlocked:               0 kB
HighTotal:       1217536 kB
HighFree:          56808 kB
LowTotal:         528004 kB
LowFree:           37684 kB
SwapTotal:       1310716 kB
SwapFree:         583008 kB
Dirty:                92 kB
Writeback:             0 kB
AnonPages:        592428 kB
Mapped:           293512 kB
Shmem:              1248 kB
Slab:              61288 kB
SReclaimable:      15572 kB
SUnreclaim:        45716 kB
KernelStack:       16200 kB
PageTables:        56180 kB
NFS_Unstable:          0 kB
Bounce:                0 kB
WritebackTmp:          0 kB
CommitLimit:     2183484 kB
Committed_AS:   134508768 kB
VmallocTotal:     311296 kB
VmallocUsed:       28336 kB
VmallocChunk:     147468 kB
Time pass: 205 sec

---2015-11-18 16:52:34
MemTotal:        1745540 kB
MemFree:           94140 kB
Buffers:            6776 kB
Cached:           279724 kB
SwapCached:        54100 kB
Active:           462112 kB
Inactive:         443280 kB
Active(anon):     317244 kB
Inactive(anon):   306712 kB
Active(file):     144868 kB
Inactive(file):   136568 kB
Unevictable:        3816 kB
Mlocked:               0 kB
HighTotal:       1217536 kB
HighFree:          56028 kB
LowTotal:         528004 kB
LowFree:           38112 kB
SwapTotal:       1310716 kB
SwapFree:         583008 kB
Dirty:                 0 kB
Writeback:             0 kB
AnonPages:        593244 kB
Mapped:           293520 kB
Shmem:              1248 kB
Slab:              61348 kB
SReclaimable:      15572 kB
SUnreclaim:        45776 kB
KernelStack:       16176 kB
PageTables:        56180 kB
NFS_Unstable:          0 kB
Bounce:                0 kB
WritebackTmp:          0 kB
CommitLimit:     2183484 kB
Committed_AS:   134508856 kB
VmallocTotal:     311296 kB
VmallocUsed:       28336 kB
VmallocChunk:     147468 kB
Time pass: 209 sec

---2015-11-18 16:52:34
MemTotal:        1745540 kB
MemFree:           94156 kB
Buffers:            6800 kB
Cached:           280528 kB
SwapCached:        53980 kB
Active:           462440 kB
Inactive:         442784 kB
Active(anon):     317624 kB
Inactive(anon):   305340 kB
Active(file):     144816 kB
Inactive(file):   137444 kB
Unevictable:        3816 kB
Mlocked:               0 kB
HighTotal:       1217536 kB
HighFree:          55644 kB
LowTotal:         528004 kB
LowFree:           38512 kB
SwapTotal:       1310716 kB
SwapFree:         586292 kB
Dirty:                48 kB
Writeback:             0 kB
AnonPages:        592192 kB
Mapped:           293392 kB
Shmem:              1248 kB
Slab:              61572 kB
SReclaimable:      15572 kB
SUnreclaim:        46000 kB
KernelStack:       16072 kB
PageTables:        55640 kB
NFS_Unstable:          0 kB
Bounce:                0 kB
WritebackTmp:          0 kB
CommitLimit:     2183484 kB
Committed_AS:   133000928 kB
VmallocTotal:     311296 kB
VmallocUsed:       27384 kB
VmallocChunk:     159756 kB
Time pass: 213 sec

---2015-11-18 16:52:34
MemTotal:        1745540 kB
MemFree:          105720 kB
Buffers:            6816 kB
Cached:           280300 kB
SwapCached:        53980 kB
Active:           452736 kB
Inactive:         442628 kB
Active(anon):     307920 kB
Inactive(anon):   305444 kB
Active(file):     144816 kB
Inactive(file):   137184 kB
Unevictable:        3816 kB
Mlocked:               0 kB
HighTotal:       1217536 kB
HighFree:          65128 kB
LowTotal:         528004 kB
LowFree:           40592 kB
SwapTotal:       1310716 kB
SwapFree:         586444 kB
Dirty:                 4 kB
Writeback:             0 kB
AnonPages:        582924 kB
Mapped:           286044 kB
Shmem:              1248 kB
Slab:              61464 kB
SReclaimable:      15572 kB
SUnreclaim:        45892 kB
KernelStack:       15968 kB
PageTables:        55020 kB
NFS_Unstable:          0 kB
Bounce:                0 kB
WritebackTmp:          0 kB
CommitLimit:     2183484 kB
Committed_AS:   131464572 kB
VmallocTotal:     311296 kB
VmallocUsed:       27384 kB
VmallocChunk:     159756 kB
Time pass: 217 sec

---2015-11-18 16:52:34
MemTotal:        1745540 kB
MemFree:           95948 kB
Buffers:            6816 kB
Cached:           280304 kB
SwapCached:        53968 kB
Active:           462824 kB
Inactive:         442828 kB
Active(anon):     318192 kB
Inactive(anon):   305456 kB
Active(file):     144632 kB
Inactive(file):   137372 kB
Unevictable:        3816 kB
Mlocked:               0 kB
HighTotal:       1217536 kB
HighFree:          55100 kB
LowTotal:         528004 kB
LowFree:           40848 kB
SwapTotal:       1310716 kB
SwapFree:         586536 kB
Dirty:                 0 kB
Writeback:             0 kB
AnonPages:        593316 kB
Mapped:           291916 kB
Shmem:              1248 kB
Slab:              61500 kB
SReclaimable:      15572 kB
SUnreclaim:        45928 kB
KernelStack:       15992 kB
PageTables:        55536 kB
NFS_Unstable:          0 kB
Bounce:                0 kB
WritebackTmp:          0 kB
CommitLimit:     2183484 kB
Committed_AS:   132997512 kB
VmallocTotal:     311296 kB
VmallocUsed:       27384 kB
VmallocChunk:     159756 kB
Time pass: 221 sec

---2015-11-18 16:52:34
MemTotal:        1745540 kB
MemFree:           90408 kB
Buffers:            6824 kB
Cached:           280268 kB
SwapCached:        53968 kB
Active:           466432 kB
Inactive:         442936 kB
Active(anon):     321800 kB
Inactive(anon):   305540 kB
Active(file):     144632 kB
Inactive(file):   137396 kB
Unevictable:        3816 kB
Mlocked:               0 kB
HighTotal:       1217536 kB
HighFree:          51112 kB
LowTotal:         528004 kB
LowFree:           39296 kB
SwapTotal:       1310716 kB
SwapFree:         586620 kB
Dirty:               104 kB
Writeback:             0 kB
AnonPages:        596624 kB
Mapped:           293340 kB
Shmem:              1248 kB
Slab:              61464 kB
SReclaimable:      15572 kB
SUnreclaim:        45892 kB
KernelStack:       16064 kB
PageTables:        55640 kB
NFS_Unstable:          0 kB
Bounce:                0 kB
WritebackTmp:          0 kB
CommitLimit:     2183484 kB
Committed_AS:   133000480 kB
VmallocTotal:     311296 kB
VmallocUsed:       27316 kB
VmallocChunk:     159756 kB
Time pass: 225 sec

---2015-11-18 16:52:34
MemTotal:        1745540 kB
MemFree:           93116 kB
Buffers:            6832 kB
Cached:           280096 kB
SwapCached:        53968 kB
Active:           462508 kB
Inactive:         442760 kB
Active(anon):     317980 kB
Inactive(anon):   305448 kB
Active(file):     144528 kB
Inactive(file):   137312 kB
Unevictable:        3816 kB
Mlocked:               0 kB
HighTotal:       1217536 kB
HighFree:          54524 kB
LowTotal:         528004 kB
LowFree:           38592 kB
SwapTotal:       1310716 kB
SwapFree:         586692 kB
Dirty:                28 kB
Writeback:             0 kB
AnonPages:        592844 kB
Mapped:           293428 kB
Shmem:              1272 kB
Slab:              61556 kB
SReclaimable:      15572 kB
SUnreclaim:        45984 kB
KernelStack:       16064 kB
PageTables:        55592 kB
NFS_Unstable:          0 kB
Bounce:                0 kB
WritebackTmp:          0 kB
CommitLimit:     2183484 kB
Committed_AS:   133003196 kB
VmallocTotal:     311296 kB
VmallocUsed:       27384 kB
VmallocChunk:     159756 kB
Time pass: 228 sec

---2015-11-18 16:52:34
MemTotal:        1745540 kB
MemFree:           95216 kB
Buffers:            6976 kB
Cached:           279704 kB
SwapCached:        53968 kB
Active:           462864 kB
Inactive:         442504 kB
Active(anon):     318440 kB
Inactive(anon):   305336 kB
Active(file):     144424 kB
Inactive(file):   137168 kB
Unevictable:        3816 kB
Mlocked:               0 kB
HighTotal:       1217536 kB
HighFree:          54516 kB
LowTotal:         528004 kB
LowFree:           40700 kB
SwapTotal:       1310716 kB
SwapFree:         586728 kB
Dirty:                80 kB
Writeback:             0 kB
AnonPages:        593084 kB
Mapped:           293480 kB
Shmem:              1272 kB
Slab:              61392 kB
SReclaimable:      15572 kB
SUnreclaim:        45820 kB
KernelStack:       16120 kB
PageTables:        55648 kB
NFS_Unstable:          0 kB
Bounce:                0 kB
WritebackTmp:          0 kB
CommitLimit:     2183484 kB
Committed_AS:   133004568 kB
VmallocTotal:     311296 kB
VmallocUsed:       27384 kB
VmallocChunk:     159756 kB
Time pass: 232 sec

---2015-11-18 16:52:34
MemTotal:        1745540 kB
MemFree:          106496 kB
Buffers:            6976 kB
Cached:           279704 kB
SwapCached:        53968 kB
Active:           452472 kB
Inactive:         442412 kB
Active(anon):     308048 kB
Inactive(anon):   305244 kB
Active(file):     144424 kB
Inactive(file):   137168 kB
Unevictable:        3816 kB
Mlocked:               0 kB
HighTotal:       1217536 kB
HighFree:          64824 kB
LowTotal:         528004 kB
LowFree:           41672 kB
SwapTotal:       1310716 kB
SwapFree:         586852 kB
Dirty:                 4 kB
Writeback:             0 kB
AnonPages:        582664 kB
Mapped:           286112 kB
Shmem:              1272 kB
Slab:              61516 kB
SReclaimable:      15572 kB
SUnreclaim:        45944 kB
KernelStack:       15736 kB
PageTables:        55020 kB
NFS_Unstable:          0 kB
Bounce:                0 kB
WritebackTmp:          0 kB
CommitLimit:     2183484 kB
Committed_AS:   131467204 kB
VmallocTotal:     311296 kB
VmallocUsed:       27316 kB
VmallocChunk:     159756 kB
Time pass: 236 sec

---2015-11-18 16:52:34
MemTotal:        1745540 kB
MemFree:           98268 kB
Buffers:            6992 kB
Cached:           279888 kB
SwapCached:        53956 kB
Active:           460112 kB
Inactive:         442644 kB
Active(anon):     315688 kB
Inactive(anon):   305460 kB
Active(file):     144424 kB
Inactive(file):   137184 kB
Unevictable:        3816 kB
Mlocked:               0 kB
HighTotal:       1217536 kB
HighFree:          57712 kB
LowTotal:         528004 kB
LowFree:           40556 kB
SwapTotal:       1310716 kB
SwapFree:         586948 kB
Dirty:                44 kB
Writeback:             0 kB
AnonPages:        590256 kB
Mapped:           291788 kB
Shmem:              1452 kB
Slab:              61396 kB
SReclaimable:      15572 kB
SUnreclaim:        45824 kB
KernelStack:       15784 kB
PageTables:        55572 kB
NFS_Unstable:          0 kB
Bounce:                0 kB
WritebackTmp:          0 kB
CommitLimit:     2183484 kB
Committed_AS:   133002032 kB
VmallocTotal:     311296 kB
VmallocUsed:       28404 kB
VmallocChunk:     159756 kB
Time pass: 240 sec

---2015-11-18 16:52:34
MemTotal:        1745540 kB
MemFree:           92128 kB
Buffers:            7000 kB
Cached:           279688 kB
SwapCached:        53940 kB
Active:           465188 kB
Inactive:         442912 kB
Active(anon):     320864 kB
Inactive(anon):   305816 kB
Active(file):     144324 kB
Inactive(file):   137096 kB
Unevictable:        3816 kB
Mlocked:               0 kB
HighTotal:       1217536 kB
HighFree:          51580 kB
LowTotal:         528004 kB
LowFree:           40548 kB
SwapTotal:       1310716 kB
SwapFree:         587292 kB
Dirty:                 4 kB
Writeback:             0 kB
AnonPages:        595844 kB
Mapped:           293420 kB
Shmem:              1452 kB
Slab:              61452 kB
SReclaimable:      15572 kB
SUnreclaim:        45880 kB
KernelStack:       16064 kB
PageTables:        55656 kB
NFS_Unstable:          0 kB
Bounce:                0 kB
WritebackTmp:          0 kB
CommitLimit:     2183484 kB
Committed_AS:   133006800 kB
VmallocTotal:     311296 kB
VmallocUsed:       28336 kB
VmallocChunk:     159756 kB
Time pass: 243 sec

---2015-11-18 16:52:34
MemTotal:        1745540 kB
MemFree:           91900 kB
Buffers:            7016 kB
Cached:           279360 kB
SwapCached:        53940 kB
Active:           466296 kB
Inactive:         442772 kB
Active(anon):     322124 kB
Inactive(anon):   305836 kB
Active(file):     144172 kB
Inactive(file):   136936 kB
Unevictable:        3816 kB
Mlocked:               0 kB
HighTotal:       1217536 kB
HighFree:          50712 kB
LowTotal:         528004 kB
LowFree:           41188 kB
SwapTotal:       1310716 kB
SwapFree:         587332 kB
Dirty:                56 kB
Writeback:             0 kB
AnonPages:        597124 kB
Mapped:           293220 kB
Shmem:              1452 kB
Slab:              61520 kB
SReclaimable:      15572 kB
SUnreclaim:        45948 kB
KernelStack:       16112 kB
PageTables:        55648 kB
NFS_Unstable:          0 kB
Bounce:                0 kB
WritebackTmp:          0 kB
CommitLimit:     2183484 kB
Committed_AS:   133006888 kB
VmallocTotal:     311296 kB
VmallocUsed:       28336 kB
VmallocChunk:     159756 kB
Time pass: 247 sec

---2015-11-18 16:52:34
MemTotal:        1745540 kB
MemFree:           92424 kB
Buffers:            7024 kB
Cached:           279024 kB
SwapCached:        53940 kB
Active:           467544 kB
Inactive:         442496 kB
Active(anon):     323440 kB
Inactive(anon):   305860 kB
Active(file):     144104 kB
Inactive(file):   136636 kB
Unevictable:        3816 kB
Mlocked:               0 kB
HighTotal:       1217536 kB
HighFree:          49424 kB
LowTotal:         528004 kB
LowFree:           43000 kB
SwapTotal:       1310716 kB
SwapFree:         587376 kB
Dirty:                 4 kB
Writeback:             0 kB
AnonPages:        598628 kB
Mapped:           292968 kB
Shmem:              1452 kB
Slab:              61460 kB
SReclaimable:      15572 kB
SUnreclaim:        45888 kB
KernelStack:       16064 kB
PageTables:        55656 kB
NFS_Unstable:          0 kB
Bounce:                0 kB
WritebackTmp:          0 kB
CommitLimit:     2183484 kB
Committed_AS:   133007328 kB
VmallocTotal:     311296 kB
VmallocUsed:       28404 kB
VmallocChunk:     159756 kB
Time pass: 250 sec

---2015-11-18 16:52:34
MemTotal:        1745540 kB
MemFree:           89888 kB
Buffers:            7048 kB
Cached:           279452 kB
SwapCached:        53940 kB
Active:           467188 kB
Inactive:         443208 kB
Active(anon):     323144 kB
Inactive(anon):   306020 kB
Active(file):     144044 kB
Inactive(file):   137188 kB
Unevictable:        3816 kB
Mlocked:               0 kB
HighTotal:       1217536 kB
HighFree:          49144 kB
LowTotal:         528004 kB
LowFree:           40744 kB
SwapTotal:       1310716 kB
SwapFree:         587540 kB
Dirty:                36 kB
Writeback:             0 kB
AnonPages:        598296 kB
Mapped:           292820 kB
Shmem:              1452 kB
Slab:              61372 kB
SReclaimable:      15572 kB
SUnreclaim:        45800 kB
KernelStack:       16120 kB
PageTables:        55656 kB
NFS_Unstable:          0 kB
Bounce:                0 kB
WritebackTmp:          0 kB
CommitLimit:     2183484 kB
Committed_AS:   133007672 kB
VmallocTotal:     311296 kB
VmallocUsed:       28404 kB
VmallocChunk:     159756 kB
Time pass: 254 sec

---2015-11-18 16:52:34
MemTotal:        1745540 kB
MemFree:           99152 kB
Buffers:            7048 kB
Cached:           280444 kB
SwapCached:        53924 kB
Active:           457784 kB
Inactive:         444388 kB
Active(anon):     313740 kB
Inactive(anon):   306208 kB
Active(file):     144044 kB
Inactive(file):   138180 kB
Unevictable:        3816 kB
Mlocked:               0 kB
HighTotal:       1217536 kB
HighFree:          56916 kB
LowTotal:         528004 kB
LowFree:           42236 kB
SwapTotal:       1310716 kB
SwapFree:         587756 kB
Dirty:                40 kB
Writeback:             0 kB
AnonPages:        589176 kB
Mapped:           285588 kB
Shmem:              1452 kB
Slab:              61392 kB
SReclaimable:      15572 kB
SUnreclaim:        45820 kB
KernelStack:       15744 kB
PageTables:        55040 kB
NFS_Unstable:          0 kB
Bounce:                0 kB
WritebackTmp:          0 kB
CommitLimit:     2183484 kB
Committed_AS:   131470000 kB
VmallocTotal:     311296 kB
VmallocUsed:       27384 kB
VmallocChunk:     159756 kB
Time pass: 258 sec

---2015-11-18 16:52:34
MemTotal:        1745540 kB
MemFree:           82392 kB
Buffers:            7056 kB
Cached:           280280 kB
SwapCached:        53916 kB
Active:           472884 kB
Inactive:         444428 kB
Active(anon):     328936 kB
Inactive(anon):   306328 kB
Active(file):     143948 kB
Inactive(file):   138100 kB
Unevictable:        3816 kB
Mlocked:               0 kB
HighTotal:       1217536 kB
HighFree:          41276 kB
LowTotal:         528004 kB
LowFree:           41116 kB
SwapTotal:       1310716 kB
SwapFree:         587864 kB
Dirty:                76 kB
Writeback:             0 kB
AnonPages:        604508 kB
Mapped:           292804 kB
Shmem:              1472 kB
Slab:              61456 kB
SReclaimable:      15572 kB
SUnreclaim:        45884 kB
KernelStack:       16112 kB
PageTables:        55660 kB
NFS_Unstable:          0 kB
Bounce:                0 kB
WritebackTmp:          0 kB
CommitLimit:     2183484 kB
Committed_AS:   133009368 kB
VmallocTotal:     311296 kB
VmallocUsed:       28404 kB
VmallocChunk:     159756 kB
Time pass: 261 sec

---2015-11-18 16:52:34
MemTotal:        1745540 kB
MemFree:           82304 kB
Buffers:            7080 kB
Cached:           280280 kB
SwapCached:        53916 kB
Active:           473572 kB
Inactive:         444460 kB
Active(anon):     329624 kB
Inactive(anon):   306336 kB
Active(file):     143948 kB
Inactive(file):   138124 kB
Unevictable:        3816 kB
Mlocked:               0 kB
HighTotal:       1217536 kB
HighFree:          40736 kB
LowTotal:         528004 kB
LowFree:           41568 kB
SwapTotal:       1310716 kB
SwapFree:         587872 kB
Dirty:                80 kB
Writeback:             0 kB
AnonPages:        605012 kB
Mapped:           292804 kB
Shmem:              1472 kB
Slab:              61444 kB
SReclaimable:      15572 kB
SUnreclaim:        45872 kB
KernelStack:       16104 kB
PageTables:        55660 kB
NFS_Unstable:          0 kB
Bounce:                0 kB
WritebackTmp:          0 kB
CommitLimit:     2183484 kB
Committed_AS:   133009472 kB
VmallocTotal:     311296 kB
VmallocUsed:       28404 kB
VmallocChunk:     159756 kB
Time pass: 265 sec

---2015-11-18 16:52:34
MemTotal:        1745540 kB
MemFree:           82368 kB
Buffers:            8584 kB
Cached:           279112 kB
SwapCached:        53916 kB
Active:           474756 kB
Inactive:         444712 kB
Active(anon):     330640 kB
Inactive(anon):   306356 kB
Active(file):     144116 kB
Inactive(file):   138356 kB
Unevictable:        3816 kB
Mlocked:               0 kB
HighTotal:       1217536 kB
HighFree:          39828 kB
LowTotal:         528004 kB
LowFree:           42540 kB
SwapTotal:       1310716 kB
SwapFree:         587892 kB
Dirty:                 0 kB
Writeback:            52 kB
AnonPages:        606164 kB
Mapped:           291852 kB
Shmem:              1472 kB
Slab:              61400 kB
SReclaimable:      15596 kB
SUnreclaim:        45804 kB
KernelStack:       16112 kB
PageTables:        55644 kB
NFS_Unstable:          0 kB
Bounce:                0 kB
WritebackTmp:          0 kB
CommitLimit:     2183484 kB
Committed_AS:   133009648 kB
VmallocTotal:     311296 kB
VmallocUsed:       28404 kB
VmallocChunk:     159756 kB
Time pass: 269 sec

---2015-11-18 16:52:34
MemTotal:        1745540 kB
MemFree:           80924 kB
Buffers:            8124 kB
Cached:           279092 kB
SwapCached:        53920 kB
Active:           475848 kB
Inactive:         444360 kB
Active(anon):     331920 kB
Inactive(anon):   306360 kB
Active(file):     143928 kB
Inactive(file):   138000 kB
Unevictable:        3816 kB
Mlocked:               0 kB
HighTotal:       1217536 kB
HighFree:          38940 kB
LowTotal:         528004 kB
LowFree:           41984 kB
SwapTotal:       1310716 kB
SwapFree:         587908 kB
Dirty:                44 kB
Writeback:             0 kB
AnonPages:        607528 kB
Mapped:           291736 kB
Shmem:              1472 kB
Slab:              61384 kB
SReclaimable:      15596 kB
SUnreclaim:        45788 kB
KernelStack:       16064 kB
PageTables:        55664 kB
NFS_Unstable:          0 kB
Bounce:                0 kB
WritebackTmp:          0 kB
CommitLimit:     2183484 kB
Committed_AS:   133011144 kB
VmallocTotal:     311296 kB
VmallocUsed:       28404 kB
VmallocChunk:     159756 kB
Time pass: 273 sec

---2015-11-18 16:52:34
MemTotal:        1745540 kB
MemFree:           91692 kB
Buffers:            8028 kB
Cached:           279020 kB
SwapCached:        53920 kB
Active:           466008 kB
Inactive:         444316 kB
Active(anon):     322180 kB
Inactive(anon):   306380 kB
Active(file):     143828 kB
Inactive(file):   137936 kB
Unevictable:        3816 kB
Mlocked:               0 kB
HighTotal:       1217536 kB
HighFree:          48584 kB
LowTotal:         528004 kB
LowFree:           43108 kB
SwapTotal:       1310716 kB
SwapFree:         587948 kB
Dirty:                 4 kB
Writeback:             0 kB
AnonPages:        598012 kB
Mapped:           284468 kB
Shmem:              1472 kB
Slab:              61384 kB
SReclaimable:      15596 kB
SUnreclaim:        45788 kB
KernelStack:       15744 kB
PageTables:        55052 kB
NFS_Unstable:          0 kB
Bounce:                0 kB
WritebackTmp:          0 kB
CommitLimit:     2183484 kB
Committed_AS:   131472636 kB
VmallocTotal:     311296 kB
VmallocUsed:       27384 kB
VmallocChunk:     159756 kB
Time pass: 277 sec

---2015-11-18 16:52:34
MemTotal:        1745540 kB
MemFree:           78400 kB
Buffers:            7800 kB
Cached:           278880 kB
SwapCached:        53912 kB
Active:           479228 kB
Inactive:         444124 kB
Active(anon):     335644 kB
Inactive(anon):   306348 kB
Active(file):     143584 kB
Inactive(file):   137776 kB
Unevictable:        3816 kB
Mlocked:               0 kB
HighTotal:       1217536 kB
HighFree:          35328 kB
LowTotal:         528004 kB
LowFree:           43072 kB
SwapTotal:       1310716 kB
SwapFree:         588048 kB
Dirty:                40 kB
Writeback:             0 kB
AnonPages:        611248 kB
Mapped:           291660 kB
Shmem:              1472 kB
Slab:              61436 kB
SReclaimable:      15596 kB
SUnreclaim:        45840 kB
KernelStack:       16064 kB
PageTables:        55676 kB
NFS_Unstable:          0 kB
Bounce:                0 kB
WritebackTmp:          0 kB
CommitLimit:     2183484 kB
Committed_AS:   133010096 kB
VmallocTotal:     311296 kB
VmallocUsed:       27316 kB
VmallocChunk:     159756 kB
Time pass: 280 sec

---2015-11-18 16:52:34
MemTotal:        1745540 kB
MemFree:           79948 kB
Buffers:            7740 kB
Cached:           278680 kB
SwapCached:        53912 kB
Active:           479176 kB
Inactive:         443996 kB
Active(anon):     335756 kB
Inactive(anon):   306348 kB
Active(file):     143420 kB
Inactive(file):   137648 kB
Unevictable:        3816 kB
Mlocked:               0 kB
HighTotal:       1217536 kB
HighFree:          35060 kB
LowTotal:         528004 kB
LowFree:           44888 kB
SwapTotal:       1310716 kB
SwapFree:         588048 kB
Dirty:                 8 kB
Writeback:             0 kB
AnonPages:        611228 kB
Mapped:           291672 kB
Shmem:              1472 kB
Slab:              61448 kB
SReclaimable:      15596 kB
SUnreclaim:        45852 kB
KernelStack:       16064 kB
PageTables:        55676 kB
NFS_Unstable:          0 kB
Bounce:                0 kB
WritebackTmp:          0 kB
CommitLimit:     2183484 kB
Committed_AS:   133010288 kB
VmallocTotal:     311296 kB
VmallocUsed:       27316 kB
VmallocChunk:     159756 kB
Time pass: 284 sec

---2015-11-18 16:52:34
MemTotal:        1745540 kB
MemFree:           81140 kB
Buffers:            7748 kB
Cached:           278252 kB
SwapCached:        53900 kB
Active:           478644 kB
Inactive:         443656 kB
Active(anon):     335360 kB
Inactive(anon):   306228 kB
Active(file):     143284 kB
Inactive(file):   137428 kB
Unevictable:        3816 kB
Mlocked:               0 kB
HighTotal:       1217536 kB
HighFree:          35740 kB
LowTotal:         528004 kB
LowFree:           45400 kB
SwapTotal:       1310716 kB
SwapFree:         588160 kB
Dirty:                56 kB
Writeback:             0 kB
AnonPages:        610776 kB
Mapped:           291248 kB
Shmem:              1472 kB
Slab:              61456 kB
SReclaimable:      15596 kB
SUnreclaim:        45860 kB
KernelStack:       16048 kB
PageTables:        55672 kB
NFS_Unstable:          0 kB
Bounce:                0 kB
WritebackTmp:          0 kB
CommitLimit:     2183484 kB
Committed_AS:   133010352 kB
VmallocTotal:     311296 kB
VmallocUsed:       27316 kB
VmallocChunk:     159756 kB
Time pass: 288 sec

---2015-11-18 16:52:34
MemTotal:        1745540 kB
MemFree:           78604 kB
Buffers:            7732 kB
Cached:           277916 kB
SwapCached:        53904 kB
Active:           480560 kB
Inactive:         443544 kB
Active(anon):     337488 kB
Inactive(anon):   306256 kB
Active(file):     143072 kB
Inactive(file):   137288 kB
Unevictable:        3816 kB
Mlocked:               0 kB
HighTotal:       1217536 kB
HighFree:          33576 kB
LowTotal:         528004 kB
LowFree:           45028 kB
SwapTotal:       1310716 kB
SwapFree:         588184 kB
Dirty:                 0 kB
Writeback:             0 kB
AnonPages:        612964 kB
Mapped:           290940 kB
Shmem:              1472 kB
Slab:              61424 kB
SReclaimable:      15596 kB
SUnreclaim:        45828 kB
KernelStack:       16056 kB
PageTables:        55676 kB
NFS_Unstable:          0 kB
Bounce:                0 kB
WritebackTmp:          0 kB
CommitLimit:     2183484 kB
Committed_AS:   133010760 kB
VmallocTotal:     311296 kB
VmallocUsed:       27316 kB
VmallocChunk:     159756 kB
Time pass: 292 sec

---2015-11-18 16:52:34
MemTotal:        1745540 kB
MemFree:           89300 kB
Buffers:            7748 kB
Cached:           277916 kB
SwapCached:        53896 kB
Active:           469308 kB
Inactive:         443740 kB
Active(anon):     326236 kB
Inactive(anon):   306436 kB
Active(file):     143072 kB
Inactive(file):   137304 kB
Unevictable:        3816 kB
Mlocked:               0 kB
HighTotal:       1217536 kB
HighFree:          43880 kB
LowTotal:         528004 kB
LowFree:           45420 kB
SwapTotal:       1310716 kB
SwapFree:         588404 kB
Dirty:                 4 kB
Writeback:             0 kB
AnonPages:        601848 kB
Mapped:           283820 kB
Shmem:              1472 kB
Slab:              61504 kB
SReclaimable:      15596 kB
SUnreclaim:        45908 kB
KernelStack:       15728 kB
PageTables:        55068 kB
NFS_Unstable:          0 kB
Bounce:                0 kB
WritebackTmp:          0 kB
CommitLimit:     2183484 kB
Committed_AS:   131469836 kB
VmallocTotal:     311296 kB
VmallocUsed:       27316 kB
VmallocChunk:     159756 kB
Time pass: 295 sec

---2015-11-18 16:52:34
MemTotal:        1745540 kB
MemFree:           77828 kB
Buffers:            7756 kB
Cached:           277996 kB
SwapCached:        53892 kB
Active:           480692 kB
Inactive:         443820 kB
Active(anon):     337620 kB
Inactive(anon):   306464 kB
Active(file):     143072 kB
Inactive(file):   137356 kB
Unevictable:        3816 kB
Mlocked:               0 kB
HighTotal:       1217536 kB
HighFree:          32392 kB
LowTotal:         528004 kB
LowFree:           45436 kB
SwapTotal:       1310716 kB
SwapFree:         588440 kB
Dirty:                92 kB
Writeback:             0 kB
AnonPages:        613272 kB
Mapped:           290696 kB
Shmem:              1472 kB
Slab:              61440 kB
SReclaimable:      15596 kB
SUnreclaim:        45844 kB
KernelStack:       16032 kB
PageTables:        55668 kB
NFS_Unstable:          0 kB
Bounce:                0 kB
WritebackTmp:          0 kB
CommitLimit:     2183484 kB
Committed_AS:   133006936 kB
VmallocTotal:     311296 kB
VmallocUsed:       27384 kB
VmallocChunk:     159756 kB
Time pass: 299 sec

---2015-11-18 16:52:34
MemTotal:        1745540 kB
MemFree:           77416 kB
Buffers:            7764 kB
Cached:           282088 kB
SwapCached:        53872 kB
Active:           476032 kB
Inactive:         448320 kB
Active(anon):     333028 kB
Inactive(anon):   306760 kB
Active(file):     143004 kB
Inactive(file):   141560 kB
Unevictable:        3816 kB
Mlocked:               0 kB
HighTotal:       1217536 kB
HighFree:          32752 kB
LowTotal:         528004 kB
LowFree:           44664 kB
SwapTotal:       1310716 kB
SwapFree:         588764 kB
Dirty:                16 kB
Writeback:             0 kB
AnonPages:        609196 kB
Mapped:           290952 kB
Shmem:              1472 kB
Slab:              61404 kB
SReclaimable:      15596 kB
SUnreclaim:        45808 kB
KernelStack:       16104 kB
PageTables:        55696 kB
NFS_Unstable:          0 kB
Bounce:                0 kB
WritebackTmp:          0 kB
CommitLimit:     2183484 kB
Committed_AS:   133007096 kB
VmallocTotal:     311296 kB
VmallocUsed:       27384 kB
VmallocChunk:     159756 kB
Time pass: 303 sec

---2015-11-18 16:52:34
MemTotal:        1745540 kB
MemFree:           86980 kB
Buffers:            7788 kB
Cached:           281776 kB
SwapCached:        53872 kB
Active:           467044 kB
Inactive:         448120 kB
Active(anon):     324136 kB
Inactive(anon):   306752 kB
Active(file):     142908 kB
Inactive(file):   141368 kB
Unevictable:        3816 kB
Mlocked:               0 kB
HighTotal:       1217536 kB
HighFree:          41272 kB
LowTotal:         528004 kB
LowFree:           45708 kB
SwapTotal:       1310716 kB
SwapFree:         588804 kB
Dirty:                76 kB
Writeback:             0 kB
AnonPages:        600036 kB
Mapped:           290584 kB
Shmem:              1472 kB
Slab:              61392 kB
SReclaimable:      15596 kB
SUnreclaim:        45796 kB
KernelStack:       16056 kB
PageTables:        55688 kB
NFS_Unstable:          0 kB
Bounce:                0 kB
WritebackTmp:          0 kB
CommitLimit:     2183484 kB
Committed_AS:   133007264 kB
VmallocTotal:     311296 kB
VmallocUsed:       27316 kB
VmallocChunk:     159756 kB
Time pass: 306 sec

---2015-11-18 16:52:34
MemTotal:        1745540 kB
MemFree:           86512 kB
Buffers:            7784 kB
Cached:           281636 kB
SwapCached:        53872 kB
Active:           468384 kB
Inactive:         448100 kB
Active(anon):     325580 kB
Inactive(anon):   306772 kB
Active(file):     142804 kB
Inactive(file):   141328 kB
Unevictable:        3816 kB
Mlocked:               0 kB
HighTotal:       1217536 kB
HighFree:          40452 kB
LowTotal:         528004 kB
LowFree:           46060 kB
SwapTotal:       1310716 kB
SwapFree:         588824 kB
Dirty:                 0 kB
Writeback:             0 kB
AnonPages:        601512 kB
Mapped:           290376 kB
Shmem:              1472 kB
Slab:              61428 kB
SReclaimable:      15596 kB
SUnreclaim:        45832 kB
KernelStack:       16104 kB
PageTables:        55692 kB
NFS_Unstable:          0 kB
Bounce:                0 kB
WritebackTmp:          0 kB
CommitLimit:     2183484 kB
Committed_AS:   133007664 kB
VmallocTotal:     311296 kB
VmallocUsed:       27316 kB
VmallocChunk:     159756 kB
Time pass: 310 sec

---2015-11-18 16:52:34
MemTotal:        1745540 kB
MemFree:           96700 kB
Buffers:            7800 kB
Cached:           281636 kB
SwapCached:        53872 kB
Active:           457556 kB
Inactive:         448164 kB
Active(anon):     314752 kB
Inactive(anon):   306820 kB
Active(file):     142804 kB
Inactive(file):   141344 kB
Unevictable:        3816 kB
Mlocked:               0 kB
HighTotal:       1217536 kB
HighFree:          50656 kB
LowTotal:         528004 kB
LowFree:           46044 kB
SwapTotal:       1310716 kB
SwapFree:         588880 kB
Dirty:                48 kB
Writeback:             0 kB
AnonPages:        590644 kB
Mapped:           283316 kB
Shmem:              1472 kB
Slab:              61436 kB
SReclaimable:      15596 kB
SUnreclaim:        45840 kB
KernelStack:       15784 kB
PageTables:        55072 kB
NFS_Unstable:          0 kB
Bounce:                0 kB
WritebackTmp:          0 kB
CommitLimit:     2183484 kB
Committed_AS:   131470124 kB
VmallocTotal:     311296 kB
VmallocUsed:       27384 kB
VmallocChunk:     159756 kB
Time pass: 313 sec

---2015-11-18 16:52:34
MemTotal:        1745540 kB
MemFree:           89216 kB
Buffers:            7800 kB
Cached:           281644 kB
SwapCached:        53868 kB
Active:           464820 kB
Inactive:         448176 kB
Active(anon):     322012 kB
Inactive(anon):   306836 kB
Active(file):     142808 kB
Inactive(file):   141340 kB
Unevictable:        3816 kB
Mlocked:               0 kB
HighTotal:       1217536 kB
HighFree:          44044 kB
LowTotal:         528004 kB
LowFree:           45172 kB
SwapTotal:       1310716 kB
SwapFree:         588908 kB
Dirty:                24 kB
Writeback:             0 kB
AnonPages:        598096 kB
Mapped:           288760 kB
Shmem:              1472 kB
Slab:              61404 kB
SReclaimable:      15596 kB
SUnreclaim:        45808 kB
KernelStack:       16008 kB
PageTables:        55628 kB
NFS_Unstable:          0 kB
Bounce:                0 kB
WritebackTmp:          0 kB
CommitLimit:     2183484 kB
Committed_AS:   133002044 kB
VmallocTotal:     311296 kB
VmallocUsed:       27384 kB
VmallocChunk:     159756 kB
Time pass: 317 sec

---2015-11-18 16:52:34
MemTotal:        1745540 kB
MemFree:           84584 kB
Buffers:            7780 kB
Cached:           281124 kB
SwapCached:        53872 kB
Active:           470144 kB
Inactive:         447916 kB
Active(anon):     327580 kB
Inactive(anon):   306864 kB
Active(file):     142564 kB
Inactive(file):   141052 kB
Unevictable:        3816 kB
Mlocked:               0 kB
HighTotal:       1217536 kB
HighFree:          38028 kB
LowTotal:         528004 kB
LowFree:           46556 kB
SwapTotal:       1310716 kB
SwapFree:         588928 kB
Dirty:                92 kB
Writeback:             0 kB
AnonPages:        603800 kB
Mapped:           290060 kB
Shmem:              1472 kB
Slab:              61320 kB
SReclaimable:      15596 kB
SUnreclaim:        45724 kB
KernelStack:       16056 kB
PageTables:        55668 kB
NFS_Unstable:          0 kB
Bounce:                0 kB
WritebackTmp:          0 kB
CommitLimit:     2183484 kB
Committed_AS:   133006760 kB
VmallocTotal:     311296 kB
VmallocUsed:       27384 kB
VmallocChunk:     159756 kB
Time pass: 321 sec

---2015-11-18 16:52:34
MemTotal:        1745540 kB
MemFree:           84080 kB
Buffers:            7780 kB
Cached:           281136 kB
SwapCached:        53872 kB
Active:           471148 kB
Inactive:         447940 kB
Active(anon):     328588 kB
Inactive(anon):   306872 kB
Active(file):     142560 kB
Inactive(file):   141068 kB
Unevictable:        3816 kB
Mlocked:               0 kB
HighTotal:       1217536 kB
HighFree:          37360 kB
LowTotal:         528004 kB
LowFree:           46720 kB
SwapTotal:       1310716 kB
SwapFree:         588932 kB
Dirty:                 0 kB
Writeback:             0 kB
AnonPages:        604684 kB
Mapped:           290116 kB
Shmem:              1472 kB
Slab:              61348 kB
SReclaimable:      15596 kB
SUnreclaim:        45752 kB
KernelStack:       16056 kB
PageTables:        55688 kB
NFS_Unstable:          0 kB
Bounce:                0 kB
WritebackTmp:          0 kB
CommitLimit:     2183484 kB
Committed_AS:   133006928 kB
VmallocTotal:     311296 kB
VmallocUsed:       27384 kB
VmallocChunk:     159756 kB
Time pass: 325 sec

---2015-11-18 16:52:34
MemTotal:        1745540 kB
MemFree:           83540 kB
Buffers:            7788 kB
Cached:           280984 kB
SwapCached:        53872 kB
Active:           471616 kB
Inactive:         447932 kB
Active(anon):     329184 kB
Inactive(anon):   306880 kB
Active(file):     142432 kB
Inactive(file):   141052 kB
Unevictable:        3816 kB
Mlocked:               0 kB
HighTotal:       1217536 kB
HighFree:          36480 kB
LowTotal:         528004 kB
LowFree:           47060 kB
SwapTotal:       1310716 kB
SwapFree:         588940 kB
Dirty:                56 kB
Writeback:             0 kB
AnonPages:        605308 kB
Mapped:           290052 kB
Shmem:              1472 kB
Slab:              61472 kB
SReclaimable:      15596 kB
SUnreclaim:        45876 kB
KernelStack:       16056 kB
PageTables:        55688 kB
NFS_Unstable:          0 kB
Bounce:                0 kB
WritebackTmp:          0 kB
CommitLimit:     2183484 kB
Committed_AS:   133007280 kB
VmallocTotal:     311296 kB
VmallocUsed:       27384 kB
VmallocChunk:     159756 kB
Time pass: 329 sec

---2015-11-18 16:52:34
MemTotal:        1745540 kB
MemFree:           96984 kB
Buffers:            7504 kB
Cached:           280228 kB
SwapCached:        53868 kB
Active:           461892 kB
Inactive:         447312 kB
Active(anon):     319848 kB
Inactive(anon):   306904 kB
Active(file):     142044 kB
Inactive(file):   140408 kB
Unevictable:        3816 kB
Mlocked:               0 kB
HighTotal:       1217536 kB
HighFree:          46324 kB
LowTotal:         528004 kB
LowFree:           50660 kB
SwapTotal:       1310716 kB
SwapFree:         589156 kB
Dirty:                 4 kB
Writeback:             0 kB
AnonPages:        595836 kB
Mapped:           282296 kB
Shmem:              1472 kB
Slab:              61492 kB
SReclaimable:      15596 kB
SUnreclaim:        45896 kB
KernelStack:       15936 kB
PageTables:        55068 kB
NFS_Unstable:          0 kB
Bounce:                0 kB
WritebackTmp:          0 kB
CommitLimit:     2183484 kB
Committed_AS:   131468440 kB
VmallocTotal:     311296 kB
VmallocUsed:       27384 kB
VmallocChunk:     159756 kB
Time pass: 333 sec

---2015-11-18 16:52:34
MemTotal:        1745540 kB
MemFree:           80744 kB
Buffers:            7316 kB
Cached:           283260 kB
SwapCached:        53824 kB
Active:           471192 kB
Inactive:         452408 kB
Active(anon):     329204 kB
Inactive(anon):   309152 kB
Active(file):     141988 kB
Inactive(file):   143256 kB
Unevictable:        3816 kB
Mlocked:               0 kB
HighTotal:       1217536 kB
HighFree:          32040 kB
LowTotal:         528004 kB
LowFree:           48704 kB
SwapTotal:       1310716 kB
SwapFree:         591812 kB
Dirty:               104 kB
Writeback:             0 kB
AnonPages:        607724 kB
Mapped:           289560 kB
Shmem:              1472 kB
Slab:              61532 kB
SReclaimable:      15596 kB
SUnreclaim:        45936 kB
KernelStack:       16104 kB
PageTables:        55680 kB
NFS_Unstable:          0 kB
Bounce:                0 kB
WritebackTmp:          0 kB
CommitLimit:     2183484 kB
Committed_AS:   133004688 kB
VmallocTotal:     311296 kB
VmallocUsed:       28336 kB
VmallocChunk:     159756 kB
Time pass: 337 sec

---2015-11-18 16:52:34
MemTotal:        1745540 kB
MemFree:           81128 kB
Buffers:            7332 kB
Cached:           283216 kB
SwapCached:        53824 kB
Active:           470228 kB
Inactive:         452532 kB
Active(anon):     328240 kB
Inactive(anon):   309260 kB
Active(file):     141988 kB
Inactive(file):   143272 kB
Unevictable:        3816 kB
Mlocked:               0 kB
HighTotal:       1217536 kB
HighFree:          33140 kB
LowTotal:         528004 kB
LowFree:           47988 kB
SwapTotal:       1310716 kB
SwapFree:         591824 kB
Dirty:               120 kB
Writeback:             0 kB
AnonPages:        606608 kB
Mapped:           289592 kB
Shmem:              1472 kB
Slab:              61384 kB
SReclaimable:      15596 kB
SUnreclaim:        45788 kB
KernelStack:       16104 kB
PageTables:        55692 kB
NFS_Unstable:          0 kB
Bounce:                0 kB
WritebackTmp:          0 kB
CommitLimit:     2183484 kB
Committed_AS:   133004776 kB
VmallocTotal:     311296 kB
VmallocUsed:       28404 kB
VmallocChunk:     159756 kB
Time pass: 341 sec

---2015-11-18 16:52:34
MemTotal:        1745540 kB
MemFree:           86004 kB
Buffers:            7288 kB
Cached:           283080 kB
SwapCached:        53824 kB
Active:           464256 kB
Inactive:         451812 kB
Active(anon):     322264 kB
Inactive(anon):   308724 kB
Active(file):     141992 kB
Inactive(file):   143088 kB
Unevictable:        3816 kB
Mlocked:               0 kB
HighTotal:       1217536 kB
HighFree:          38652 kB
LowTotal:         528004 kB
LowFree:           47352 kB
SwapTotal:       1310716 kB
SwapFree:         591824 kB
Dirty:                 0 kB
Writeback:             0 kB
AnonPages:        600168 kB
Mapped:           289576 kB
Shmem:              1472 kB
Slab:              61352 kB
SReclaimable:      15596 kB
SUnreclaim:        45756 kB
KernelStack:       16096 kB
PageTables:        55684 kB
NFS_Unstable:          0 kB
Bounce:                0 kB
WritebackTmp:          0 kB
CommitLimit:     2183484 kB
Committed_AS:   133004936 kB
VmallocTotal:     311296 kB
VmallocUsed:       28404 kB
VmallocChunk:     159756 kB
Time pass: 345 sec

---2015-11-18 16:52:34
MemTotal:        1745540 kB
MemFree:           87164 kB
Buffers:            7316 kB
Cached:           282920 kB
SwapCached:        53828 kB
Active:           465056 kB
Inactive:         451720 kB
Active(anon):     323060 kB
Inactive(anon):   308768 kB
Active(file):     141996 kB
Inactive(file):   142952 kB
Unevictable:        3816 kB
Mlocked:               0 kB
HighTotal:       1217536 kB
HighFree:          38572 kB
LowTotal:         528004 kB
LowFree:           48592 kB
SwapTotal:       1310716 kB
SwapFree:         591864 kB
Dirty:                56 kB
Writeback:             0 kB
AnonPages:        601132 kB
Mapped:           289672 kB
Shmem:              1472 kB
Slab:              61356 kB
SReclaimable:      15596 kB
SUnreclaim:        45760 kB
KernelStack:       16096 kB
PageTables:        55692 kB
NFS_Unstable:          0 kB
Bounce:                0 kB
WritebackTmp:          0 kB
CommitLimit:     2183484 kB
Committed_AS:   133005296 kB
VmallocTotal:     311296 kB
VmallocUsed:       28404 kB
VmallocChunk:     159756 kB
Time pass: 349 sec

---2015-11-18 16:52:34
MemTotal:        1745540 kB
MemFree:          101948 kB
Buffers:            7308 kB
Cached:           282600 kB
SwapCached:        53828 kB
Active:           451712 kB
Inactive:         451404 kB
Active(anon):     309728 kB
Inactive(anon):   308768 kB
Active(file):     141984 kB
Inactive(file):   142636 kB
Unevictable:        3816 kB
Mlocked:               0 kB
HighTotal:       1217536 kB
HighFree:          51832 kB
LowTotal:         528004 kB
LowFree:           50116 kB
SwapTotal:       1310716 kB
SwapFree:         591872 kB
Dirty:                 4 kB
