---2015-12-05 14:07:44
MemTotal:        2905316 kB
MemFree:           69620 kB
Buffers:           29020 kB
Cached:          1362320 kB
SwapCached:            0 kB
Active:          1302516 kB
Inactive:        1018184 kB
Active(anon):     782380 kB
Inactive(anon):   191600 kB
Active(file):     520136 kB
Inactive(file):   826584 kB
Unevictable:        7800 kB
Mlocked:               0 kB
SwapTotal:        720184 kB
SwapFree:         720184 kB
Dirty:               728 kB
Writeback:            40 kB
AnonPages:        937612 kB
Mapped:           570380 kB
Shmem:             36600 kB
Slab:             120928 kB
SReclaimable:      35968 kB
SUnreclaim:        84960 kB
KernelStack:       34112 kB
PageTables:        58592 kB
NFS_Unstable:          0 kB
Bounce:                0 kB
WritebackTmp:          0 kB
CommitLimit:     2172840 kB
Committed_AS:   98686552 kB
VmallocTotal:   251658176 kB
VmallocUsed:      140840 kB
VmallocChunk:   251405868 kB
Time pass: 3 sec

---2015-12-05 14:07:44
MemTotal:        2905316 kB
MemFree:           92100 kB
Buffers:           29028 kB
Cached:          1362788 kB
SwapCached:            0 kB
Active:          1279440 kB
Inactive:        1018840 kB
Active(anon):     759264 kB
Inactive(anon):   191604 kB
Active(file):     520176 kB
Inactive(file):   827236 kB
Unevictable:        7800 kB
Mlocked:               0 kB
SwapTotal:        720184 kB
SwapFree:         720184 kB
Dirty:                 0 kB
Writeback:           660 kB
AnonPages:        914236 kB
Mapped:           569636 kB
Shmem:             36604 kB
Slab:             121176 kB
SReclaimable:      36144 kB
SUnreclaim:        85032 kB
KernelStack:       33552 kB
PageTables:        58416 kB
NFS_Unstable:          0 kB
Bounce:                0 kB
WritebackTmp:          0 kB
CommitLimit:     2172840 kB
Committed_AS:   96908588 kB
VmallocTotal:   251658176 kB
VmallocUsed:      139820 kB
VmallocChunk:   251405868 kB
Time pass: 7 sec

---2015-12-05 14:07:44
MemTotal:        2905316 kB
MemFree:          100708 kB
Buffers:           29036 kB
Cached:          1363260 kB
SwapCached:            0 kB
Active:          1274932 kB
Inactive:        1016768 kB
Active(anon):     752216 kB
Inactive(anon):   191604 kB
Active(file):     522716 kB
Inactive(file):   825164 kB
Unevictable:        7800 kB
Mlocked:               0 kB
SwapTotal:        720184 kB
SwapFree:         720184 kB
Dirty:               120 kB
Writeback:             0 kB
AnonPages:        907000 kB
Mapped:           567188 kB
Shmem:             36604 kB
Slab:             121004 kB
SReclaimable:      36128 kB
SUnreclaim:        84876 kB
KernelStack:       33216 kB
PageTables:        57264 kB
NFS_Unstable:          0 kB
Bounce:                0 kB
WritebackTmp:          0 kB
CommitLimit:     2172840 kB
Committed_AS:   94411612 kB
VmallocTotal:   251658176 kB
VmallocUsed:      137780 kB
VmallocChunk:   251405868 kB
Time pass: 10 sec

---2015-12-05 14:07:44
MemTotal:        2905316 kB
MemFree:          110028 kB
Buffers:           29044 kB
Cached:          1364688 kB
SwapCached:            0 kB
Active:          1265056 kB
Inactive:        1018148 kB
Active(anon):     742272 kB
Inactive(anon):   191604 kB
Active(file):     522784 kB
Inactive(file):   826544 kB
Unevictable:        7800 kB
Mlocked:               0 kB
SwapTotal:        720184 kB
SwapFree:         720184 kB
Dirty:                32 kB
Writeback:             0 kB
AnonPages:        897224 kB
Mapped:           564424 kB
Shmem:             36604 kB
Slab:             120908 kB
SReclaimable:      36128 kB
SUnreclaim:        84780 kB
KernelStack:       32960 kB
PageTables:        56720 kB
NFS_Unstable:          0 kB
Bounce:                0 kB
WritebackTmp:          0 kB
CommitLimit:     2172840 kB
Committed_AS:   93684804 kB
VmallocTotal:   251658176 kB
VmallocUsed:      136760 kB
VmallocChunk:   251405868 kB
Time pass: 14 sec

---2015-12-05 14:07:44
MemTotal:        2905316 kB
MemFree:          105312 kB
Buffers:           29060 kB
Cached:          1364852 kB
SwapCached:            0 kB
Active:          1269164 kB
Inactive:        1018280 kB
Active(anon):     746332 kB
Inactive(anon):   191664 kB
Active(file):     522832 kB
Inactive(file):   826616 kB
Unevictable:        7800 kB
Mlocked:               0 kB
SwapTotal:        720184 kB
SwapFree:         720184 kB
Dirty:                28 kB
Writeback:            76 kB
AnonPages:        901320 kB
Mapped:           564516 kB
Shmem:             36664 kB
Slab:             120852 kB
SReclaimable:      36128 kB
SUnreclaim:        84724 kB
KernelStack:       33232 kB
PageTables:        56796 kB
NFS_Unstable:          0 kB
Bounce:                0 kB
WritebackTmp:          0 kB
CommitLimit:     2172840 kB
Committed_AS:   93712476 kB
VmallocTotal:   251658176 kB
VmallocUsed:      136760 kB
VmallocChunk:   251405868 kB
Time pass: 17 sec

---2015-12-05 14:07:44
MemTotal:        2905316 kB
MemFree:           72332 kB
Buffers:           26844 kB
Cached:          1251384 kB
SwapCached:            0 kB
Active:          1304572 kB
Inactive:         900152 kB
Active(anon):     774664 kB
Inactive(anon):   196532 kB
Active(file):     529908 kB
Inactive(file):   703620 kB
Unevictable:        7800 kB
Mlocked:               0 kB
SwapTotal:        720184 kB
SwapFree:         720184 kB
Dirty:              1584 kB
Writeback:             0 kB
AnonPages:        934720 kB
Mapped:           612484 kB
Shmem:             36796 kB
Slab:             118352 kB
SReclaimable:      33676 kB
SUnreclaim:        84676 kB
KernelStack:       34384 kB
PageTables:        57904 kB
NFS_Unstable:          0 kB
Bounce:                0 kB
WritebackTmp:          0 kB
CommitLimit:     2172840 kB
Committed_AS:   94528072 kB
VmallocTotal:   251658176 kB
VmallocUsed:      138088 kB
VmallocChunk:   251405868 kB
Time pass: 21 sec

---2015-12-05 14:07:44
MemTotal:        2905316 kB
MemFree:           97012 kB
Buffers:           26740 kB
Cached:          1204516 kB
SwapCached:            0 kB
Active:          1292944 kB
Inactive:         837944 kB
Active(anon):     758116 kB
Inactive(anon):   180396 kB
Active(file):     534828 kB
Inactive(file):   657548 kB
Unevictable:        7800 kB
Mlocked:               0 kB
SwapTotal:        720184 kB
SwapFree:         720184 kB
Dirty:                84 kB
Writeback:             0 kB
AnonPages:        907640 kB
Mapped:           634368 kB
Shmem:             31080 kB
Slab:             120948 kB
SReclaimable:      36316 kB
SUnreclaim:        84632 kB
KernelStack:       34480 kB
PageTables:        57660 kB
NFS_Unstable:          0 kB
Bounce:                0 kB
WritebackTmp:          0 kB
CommitLimit:     2172840 kB
Committed_AS:   94483004 kB
VmallocTotal:   251658176 kB
VmallocUsed:      138572 kB
VmallocChunk:   251405868 kB
Time pass: 25 sec

---2015-12-05 14:07:44
MemTotal:        2905316 kB
MemFree:           97552 kB
Buffers:           26756 kB
Cached:          1204488 kB
SwapCached:            0 kB
Active:          1291972 kB
Inactive:         837828 kB
Active(anon):     757140 kB
Inactive(anon):   180272 kB
Active(file):     534832 kB
Inactive(file):   657556 kB
Unevictable:        7800 kB
Mlocked:               0 kB
SwapTotal:        720184 kB
SwapFree:         720184 kB
Dirty:               156 kB
Writeback:             0 kB
AnonPages:        906468 kB
Mapped:           634336 kB
Shmem:             31052 kB
Slab:             121160 kB
SReclaimable:      36456 kB
SUnreclaim:        84704 kB
KernelStack:       34448 kB
PageTables:        57596 kB
NFS_Unstable:          0 kB
Bounce:                0 kB
WritebackTmp:          0 kB
CommitLimit:     2172840 kB
Committed_AS:   94482964 kB
VmallocTotal:   251658176 kB
VmallocUsed:      138572 kB
VmallocChunk:   251405868 kB
Time pass: 29 sec

---2015-12-05 14:07:44
MemTotal:        2905316 kB
MemFree:           96824 kB
Buffers:           26980 kB
Cached:          1204548 kB
SwapCached:            0 kB
Active:          1292748 kB
Inactive:         838096 kB
Active(anon):     757900 kB
Inactive(anon):   180272 kB
Active(file):     534848 kB
Inactive(file):   657824 kB
Unevictable:        7800 kB
Mlocked:               0 kB
SwapTotal:        720184 kB
SwapFree:         720184 kB
Dirty:                 8 kB
Writeback:             0 kB
AnonPages:        907240 kB
Mapped:           634676 kB
Shmem:             31052 kB
Slab:             121076 kB
SReclaimable:      36472 kB
SUnreclaim:        84604 kB
KernelStack:       34384 kB
PageTables:        57604 kB
NFS_Unstable:          0 kB
Bounce:                0 kB
WritebackTmp:          0 kB
CommitLimit:     2172840 kB
Committed_AS:   94482892 kB
VmallocTotal:   251658176 kB
VmallocUsed:      138572 kB
VmallocChunk:   251405868 kB
Time pass: 32 sec

---2015-12-05 14:07:44
MemTotal:        2905316 kB
MemFree:           94376 kB
Buffers:           26996 kB
Cached:          1206980 kB
SwapCached:            0 kB
Active:          1293556 kB
Inactive:         840548 kB
Active(anon):     758700 kB
Inactive(anon):   180272 kB
Active(file):     534856 kB
Inactive(file):   660276 kB
Unevictable:        7800 kB
Mlocked:               0 kB
SwapTotal:        720184 kB
SwapFree:         720184 kB
Dirty:                92 kB
Writeback:             0 kB
AnonPages:        908020 kB
Mapped:           635004 kB
Shmem:             31052 kB
Slab:             121088 kB
SReclaimable:      36472 kB
SUnreclaim:        84616 kB
KernelStack:       34384 kB
PageTables:        57608 kB
NFS_Unstable:          0 kB
Bounce:                0 kB
WritebackTmp:          0 kB
CommitLimit:     2172840 kB
Committed_AS:   94482952 kB
VmallocTotal:   251658176 kB
VmallocUsed:      138572 kB
VmallocChunk:   251405868 kB
Time pass: 36 sec

---2015-12-05 14:07:44
MemTotal:        2905316 kB
MemFree:           93468 kB
Buffers:           27004 kB
Cached:          1206996 kB
SwapCached:            0 kB
Active:          1293804 kB
Inactive:         840560 kB
Active(anon):     758948 kB
Inactive(anon):   180272 kB
Active(file):     534856 kB
Inactive(file):   660288 kB
Unevictable:        7800 kB
Mlocked:               0 kB
SwapTotal:        720184 kB
SwapFree:         720184 kB
Dirty:                72 kB
Writeback:             0 kB
AnonPages:        908208 kB
Mapped:           635024 kB
Shmem:             31052 kB
Slab:             121092 kB
SReclaimable:      36472 kB
SUnreclaim:        84620 kB
KernelStack:       34432 kB
PageTables:        57636 kB
NFS_Unstable:          0 kB
Bounce:                0 kB
WritebackTmp:          0 kB
CommitLimit:     2172840 kB
Committed_AS:   94483144 kB
VmallocTotal:   251658176 kB
VmallocUsed:      138572 kB
VmallocChunk:   251405868 kB
Time pass: 40 sec

---2015-12-05 14:07:44
MemTotal:        2905316 kB
MemFree:           68008 kB
Buffers:           26576 kB
Cached:          1188272 kB
SwapCached:            0 kB
Active:          1304880 kB
Inactive:         820236 kB
Active(anon):     762776 kB
Inactive(anon):   186676 kB
Active(file):     542104 kB
Inactive(file):   633560 kB
Unevictable:        7800 kB
Mlocked:               0 kB
SwapTotal:        720184 kB
SwapFree:         720184 kB
Dirty:               300 kB
Writeback:             0 kB
AnonPages:        918476 kB
Mapped:           646328 kB
Shmem:             31056 kB
Slab:             121256 kB
SReclaimable:      36500 kB
SUnreclaim:        84756 kB
KernelStack:       34432 kB
PageTables:        57944 kB
NFS_Unstable:          0 kB
Bounce:                0 kB
WritebackTmp:          0 kB
CommitLimit:     2172840 kB
Committed_AS:   94501056 kB
VmallocTotal:   251658176 kB
VmallocUsed:      138828 kB
VmallocChunk:   251405868 kB
Time pass: 44 sec

---2015-12-05 14:07:44
MemTotal:        2905316 kB
MemFree:           71652 kB
Buffers:           26488 kB
Cached:          1169868 kB
SwapCached:            0 kB
Active:          1309656 kB
Inactive:         804404 kB
Active(anon):     766356 kB
Inactive(anon):   190320 kB
Active(file):     543300 kB
Inactive(file):   614084 kB
Unevictable:        7800 kB
Mlocked:               0 kB
SwapTotal:        720184 kB
SwapFree:         720184 kB
Dirty:                 0 kB
Writeback:             0 kB
AnonPages:        925868 kB
Mapped:           650364 kB
Shmem:             31116 kB
Slab:             120496 kB
SReclaimable:      36020 kB
SUnreclaim:        84476 kB
KernelStack:       34256 kB
PageTables:        57516 kB
NFS_Unstable:          0 kB
Bounce:                0 kB
WritebackTmp:          0 kB
CommitLimit:     2172840 kB
Committed_AS:   93822968 kB
VmallocTotal:   251658176 kB
VmallocUsed:      137856 kB
VmallocChunk:   251405868 kB
Time pass: 47 sec

---2015-12-05 14:07:44
MemTotal:        2905316 kB
MemFree:           84320 kB
Buffers:           26516 kB
Cached:          1172608 kB
SwapCached:            0 kB
Active:          1321272 kB
Inactive:         806916 kB
Active(anon):     777552 kB
Inactive(anon):   190548 kB
Active(file):     543720 kB
Inactive(file):   616368 kB
Unevictable:        7800 kB
Mlocked:               0 kB
SwapTotal:        720184 kB
SwapFree:         720184 kB
Dirty:               628 kB
Writeback:             0 kB
AnonPages:        937088 kB
Mapped:           637552 kB
Shmem:             31228 kB
Slab:             120816 kB
SReclaimable:      36164 kB
SUnreclaim:        84652 kB
KernelStack:       34416 kB
PageTables:        57400 kB
NFS_Unstable:          0 kB
Bounce:                0 kB
WritebackTmp:          0 kB
CommitLimit:     2172840 kB
Committed_AS:   93833312 kB
VmallocTotal:   251658176 kB
VmallocUsed:      137628 kB
VmallocChunk:   251405868 kB
Time pass: 51 sec

---2015-12-05 14:07:44
MemTotal:        2905316 kB
MemFree:           73588 kB
Buffers:           26820 kB
Cached:          1117980 kB
SwapCached:            0 kB
Active:          1323740 kB
Inactive:         756844 kB
Active(anon):     776456 kB
Inactive(anon):   198356 kB
Active(file):     547284 kB
Inactive(file):   558488 kB
Unevictable:        7800 kB
Mlocked:               0 kB
SwapTotal:        720184 kB
SwapFree:         720184 kB
Dirty:              1256 kB
Writeback:             0 kB
AnonPages:        943616 kB
Mapped:           687800 kB
Shmem:             31228 kB
Slab:             120616 kB
SReclaimable:      36116 kB
SUnreclaim:        84500 kB
KernelStack:       34592 kB
PageTables:        57612 kB
NFS_Unstable:          0 kB
Bounce:                0 kB
WritebackTmp:          0 kB
CommitLimit:     2172840 kB
Committed_AS:   93847236 kB
VmallocTotal:   251658176 kB
VmallocUsed:      138148 kB
VmallocChunk:   251405868 kB
Time pass: 55 sec

---2015-12-05 14:07:44
MemTotal:        2905316 kB
MemFree:           72960 kB
Buffers:           26820 kB
Cached:          1117944 kB
SwapCached:            0 kB
Active:          1323512 kB
Inactive:         756792 kB
Active(anon):     776216 kB
Inactive(anon):   198248 kB
Active(file):     547296 kB
Inactive(file):   558544 kB
Unevictable:        7800 kB
Mlocked:               0 kB
SwapTotal:        720184 kB
SwapFree:         720184 kB
Dirty:                 4 kB
Writeback:             0 kB
AnonPages:        943684 kB
Mapped:           687700 kB
Shmem:             31120 kB
Slab:             120880 kB
SReclaimable:      36276 kB
SUnreclaim:        84604 kB
KernelStack:       34576 kB
PageTables:        57608 kB
NFS_Unstable:          0 kB
Bounce:                0 kB
WritebackTmp:          0 kB
CommitLimit:     2172840 kB
Committed_AS:   93847172 kB
VmallocTotal:   251658176 kB
VmallocUsed:      138148 kB
VmallocChunk:   251405868 kB
Time pass: 59 sec

---2015-12-05 14:07:44
MemTotal:        2905316 kB
MemFree:           68124 kB
Buffers:           27580 kB
Cached:          1117988 kB
SwapCached:            0 kB
Active:          1324356 kB
Inactive:         757572 kB
Active(anon):     777040 kB
Inactive(anon):   198248 kB
Active(file):     547316 kB
Inactive(file):   559324 kB
Unevictable:        7800 kB
Mlocked:               0 kB
SwapTotal:        720184 kB
SwapFree:         720184 kB
Dirty:                 0 kB
Writeback:             0 kB
AnonPages:        944304 kB
Mapped:           688000 kB
Shmem:             31120 kB
Slab:             121000 kB
SReclaimable:      36296 kB
SUnreclaim:        84704 kB
KernelStack:       34368 kB
PageTables:        57608 kB
NFS_Unstable:          0 kB
Bounce:                0 kB
WritebackTmp:          0 kB
CommitLimit:     2172840 kB
Committed_AS:   93846892 kB
VmallocTotal:   251658176 kB
VmallocUsed:      138160 kB
VmallocChunk:   251405868 kB
Time pass: 62 sec

---2015-12-05 14:07:44
MemTotal:        2905316 kB
MemFree:           72264 kB
Buffers:           27548 kB
Cached:          1102608 kB
SwapCached:            0 kB
Active:          1321632 kB
Inactive:         741048 kB
Active(anon):     778256 kB
Inactive(anon):   198052 kB
Active(file):     543376 kB
Inactive(file):   542996 kB
Unevictable:       12692 kB
Mlocked:               0 kB
SwapTotal:        720184 kB
SwapFree:         720156 kB
Dirty:               276 kB
Writeback:             0 kB
AnonPages:        945328 kB
Mapped:           695380 kB
Shmem:             31092 kB
Slab:             121004 kB
SReclaimable:      36424 kB
SUnreclaim:        84580 kB
KernelStack:       34320 kB
PageTables:        57644 kB
NFS_Unstable:          0 kB
Bounce:                0 kB
WritebackTmp:          0 kB
CommitLimit:     2172840 kB
Committed_AS:   93846944 kB
VmallocTotal:   251658176 kB
VmallocUsed:      138272 kB
VmallocChunk:   251405868 kB
Time pass: 66 sec

---2015-12-05 14:07:44
MemTotal:        2905316 kB
MemFree:           71820 kB
Buffers:           27556 kB
Cached:          1102600 kB
SwapCached:            0 kB
Active:          1321796 kB
Inactive:         740992 kB
Active(anon):     778364 kB
Inactive(anon):   198052 kB
Active(file):     543432 kB
Inactive(file):   542940 kB
Unevictable:       12692 kB
Mlocked:               0 kB
SwapTotal:        720184 kB
SwapFree:         720156 kB
Dirty:                 4 kB
Writeback:             0 kB
AnonPages:        945408 kB
Mapped:           695384 kB
Shmem:             31092 kB
Slab:             121040 kB
SReclaimable:      36424 kB
SUnreclaim:        84616 kB
KernelStack:       34336 kB
PageTables:        57644 kB
NFS_Unstable:          0 kB
Bounce:                0 kB
WritebackTmp:          0 kB
CommitLimit:     2172840 kB
Committed_AS:   93846880 kB
VmallocTotal:   251658176 kB
VmallocUsed:      138272 kB
VmallocChunk:   251405868 kB
Time pass: 70 sec

---2015-12-05 14:07:44
MemTotal:        2905316 kB
MemFree:           70516 kB
Buffers:           27492 kB
Cached:          1078280 kB
SwapCached:            0 kB
Active:          1316048 kB
Inactive:         729532 kB
Active(anon):     785196 kB
Inactive(anon):   198472 kB
Active(file):     530852 kB
Inactive(file):   531060 kB
Unevictable:       12768 kB
Mlocked:               0 kB
SwapTotal:        720184 kB
SwapFree:         720156 kB
Dirty:               212 kB
Writeback:             0 kB
AnonPages:        952868 kB
Mapped:           703332 kB
Shmem:             31092 kB
Slab:             120936 kB
SReclaimable:      36264 kB
SUnreclaim:        84672 kB
KernelStack:       34336 kB
PageTables:        57544 kB
NFS_Unstable:          0 kB
Bounce:                0 kB
WritebackTmp:          0 kB
CommitLimit:     2172840 kB
Committed_AS:   93848472 kB
VmallocTotal:   251658176 kB
VmallocUsed:      138456 kB
VmallocChunk:   251405868 kB
Time pass: 74 sec

---2015-12-05 14:07:44
MemTotal:        2905316 kB
MemFree:           63944 kB
Buffers:           27128 kB
Cached:          1070652 kB
SwapCached:            0 kB
Active:          1326824 kB
Inactive:         726540 kB
Active(anon):     800012 kB
Inactive(anon):   199548 kB
Active(file):     526812 kB
Inactive(file):   526992 kB
Unevictable:       12768 kB
Mlocked:               0 kB
SwapTotal:        720184 kB
SwapFree:         720156 kB
Dirty:               448 kB
Writeback:             0 kB
AnonPages:        968380 kB
Mapped:           707736 kB
Shmem:             31152 kB
Slab:             121108 kB
SReclaimable:      36392 kB
SUnreclaim:        84716 kB
KernelStack:       34512 kB
PageTables:        57624 kB
NFS_Unstable:          0 kB
Bounce:                0 kB
WritebackTmp:          0 kB
CommitLimit:     2172840 kB
Committed_AS:   93888804 kB
VmallocTotal:   251658176 kB
VmallocUsed:      138456 kB
VmallocChunk:   251405868 kB
Time pass: 77 sec

---2015-12-05 14:07:44
MemTotal:        2905316 kB
MemFree:           69236 kB
Buffers:           27128 kB
Cached:          1064684 kB
SwapCached:            0 kB
Active:          1325092 kB
Inactive:         724164 kB
Active(anon):     801232 kB
Inactive(anon):   200148 kB
Active(file):     523860 kB
Inactive(file):   524016 kB
Unevictable:       12768 kB
Mlocked:               0 kB
SwapTotal:        720184 kB
SwapFree:         720156 kB
Dirty:                12 kB
Writeback:             0 kB
AnonPages:        970332 kB
Mapped:           707668 kB
Shmem:             31152 kB
Slab:             121096 kB
SReclaimable:      36296 kB
SUnreclaim:        84800 kB
KernelStack:       34480 kB
PageTables:        57596 kB
NFS_Unstable:          0 kB
Bounce:                0 kB
WritebackTmp:          0 kB
CommitLimit:     2172840 kB
Committed_AS:   93892632 kB
VmallocTotal:   251658176 kB
VmallocUsed:      138456 kB
VmallocChunk:   251405868 kB
Time pass: 81 sec

---2015-12-05 14:07:44
MemTotal:        2905316 kB
MemFree:           68196 kB
Buffers:           27136 kB
Cached:          1064724 kB
SwapCached:            0 kB
Active:          1326244 kB
Inactive:         724192 kB
Active(anon):     802372 kB
Inactive(anon):   200148 kB
Active(file):     523872 kB
Inactive(file):   524044 kB
Unevictable:       12768 kB
Mlocked:               0 kB
SwapTotal:        720184 kB
SwapFree:         720156 kB
Dirty:               132 kB
Writeback:             0 kB
AnonPages:        971428 kB
Mapped:           707756 kB
Shmem:             31152 kB
Slab:             121152 kB
SReclaimable:      36296 kB
SUnreclaim:        84856 kB
KernelStack:       34496 kB
PageTables:        57636 kB
NFS_Unstable:          0 kB
Bounce:                0 kB
WritebackTmp:          0 kB
CommitLimit:     2172840 kB
Committed_AS:   93892596 kB
VmallocTotal:   251658176 kB
VmallocUsed:      138456 kB
VmallocChunk:   251405868 kB
Time pass: 85 sec

---2015-12-05 14:07:44
MemTotal:        2905316 kB
MemFree:           65684 kB
Buffers:           27144 kB
Cached:          1064948 kB
SwapCached:            0 kB
Active:          1327616 kB
Inactive:         724264 kB
Active(anon):     803712 kB
Inactive(anon):   199996 kB
Active(file):     523904 kB
Inactive(file):   524268 kB
Unevictable:       12768 kB
Mlocked:               0 kB
SwapTotal:        720184 kB
SwapFree:         720156 kB
Dirty:               248 kB
Writeback:             0 kB
AnonPages:        972668 kB
Mapped:           707776 kB
Shmem:             31152 kB
Slab:             121264 kB
SReclaimable:      36392 kB
SUnreclaim:        84872 kB
KernelStack:       34464 kB
PageTables:        58548 kB
NFS_Unstable:          0 kB
Bounce:                0 kB
WritebackTmp:          0 kB
CommitLimit:     2172840 kB
Committed_AS:   94752908 kB
VmallocTotal:   251658176 kB
VmallocUsed:      138456 kB
VmallocChunk:   251405868 kB
Time pass: 88 sec

---2015-12-05 14:07:44
MemTotal:        2905316 kB
MemFree:           62440 kB
Buffers:           27148 kB
Cached:          1068444 kB
SwapCached:            0 kB
Active:          1328356 kB
Inactive:         727164 kB
Active(anon):     803648 kB
Inactive(anon):   200500 kB
Active(file):     524708 kB
Inactive(file):   526664 kB
Unevictable:       12768 kB
Mlocked:               0 kB
SwapTotal:        720184 kB
SwapFree:         720156 kB
Dirty:               540 kB
Writeback:             0 kB
AnonPages:        973256 kB
Mapped:           712280 kB
Shmem:             31152 kB
Slab:             121292 kB
SReclaimable:      36392 kB
SUnreclaim:        84900 kB
KernelStack:       34480 kB
PageTables:        57776 kB
NFS_Unstable:          0 kB
Bounce:                0 kB
WritebackTmp:          0 kB
CommitLimit:     2172840 kB
Committed_AS:   93893880 kB
VmallocTotal:   251658176 kB
VmallocUsed:      138456 kB
VmallocChunk:   251405868 kB
Time pass: 92 sec

---2015-12-05 14:07:44
MemTotal:        2905316 kB
MemFree:          334388 kB
Buffers:           27012 kB
Cached:          1070168 kB
SwapCached:            0 kB
Active:          1244012 kB
Inactive:         727792 kB
Active(anon):     717556 kB
Inactive(anon):   203152 kB
Active(file):     526456 kB
Inactive(file):   524640 kB
Unevictable:       12768 kB
Mlocked:               0 kB
SwapTotal:        720184 kB
SwapFree:         720156 kB
Dirty:                56 kB
Writeback:             0 kB
AnonPages:        887364 kB
Mapped:           505172 kB
Shmem:             33316 kB
Slab:             120844 kB
SReclaimable:      36132 kB
SUnreclaim:        84712 kB
KernelStack:       32544 kB
PageTables:        55832 kB
NFS_Unstable:          0 kB
Bounce:                0 kB
WritebackTmp:          0 kB
CommitLimit:     2172840 kB
Committed_AS:   93021668 kB
VmallocTotal:   251658176 kB
VmallocUsed:      135976 kB
VmallocChunk:   251405868 kB
Time pass: 96 sec

---2015-12-05 14:07:44
MemTotal:        2905316 kB
MemFree:          335872 kB
Buffers:           27020 kB
Cached:          1070184 kB
SwapCached:            0 kB
Active:          1242028 kB
Inactive:         727800 kB
Active(anon):     715556 kB
Inactive(anon):   203152 kB
Active(file):     526472 kB
Inactive(file):   524648 kB
Unevictable:       12768 kB
Mlocked:               0 kB
SwapTotal:        720184 kB
SwapFree:         720156 kB
Dirty:                 8 kB
Writeback:             0 kB
AnonPages:        885484 kB
Mapped:           505252 kB
Shmem:             33316 kB
Slab:             120832 kB
SReclaimable:      36132 kB
SUnreclaim:        84700 kB
KernelStack:       32496 kB
PageTables:        55856 kB
NFS_Unstable:          0 kB
Bounce:                0 kB
WritebackTmp:          0 kB
CommitLimit:     2172840 kB
Committed_AS:   93022076 kB
VmallocTotal:   251658176 kB
VmallocUsed:      135976 kB
VmallocChunk:   251405868 kB
Time pass: 100 sec

---2015-12-05 14:07:44
MemTotal:        2905316 kB
MemFree:          331876 kB
Buffers:           27028 kB
Cached:          1072572 kB
SwapCached:            0 kB
Active:          1244480 kB
Inactive:         729984 kB
Active(anon):     717804 kB
Inactive(anon):   203152 kB
Active(file):     526676 kB
Inactive(file):   526832 kB
Unevictable:       12768 kB
Mlocked:               0 kB
SwapTotal:        720184 kB
SwapFree:         720156 kB
Dirty:               116 kB
Writeback:             0 kB
AnonPages:        887572 kB
Mapped:           506052 kB
Shmem:             33316 kB
Slab:             120848 kB
SReclaimable:      36132 kB
SUnreclaim:        84716 kB
KernelStack:       32512 kB
PageTables:        55868 kB
NFS_Unstable:          0 kB
Bounce:                0 kB
WritebackTmp:          0 kB
CommitLimit:     2172840 kB
Committed_AS:   93025804 kB
VmallocTotal:   251658176 kB
VmallocUsed:      135976 kB
VmallocChunk:   251405868 kB
Time pass: 103 sec

---2015-12-05 14:07:44
MemTotal:        2905316 kB
MemFree:          245664 kB
Buffers:           27100 kB
Cached:          1114596 kB
SwapCached:            0 kB
Active:          1294164 kB
Inactive:         749284 kB
Active(anon):     745164 kB
Inactive(anon):   203212 kB
Active(file):     549000 kB
Inactive(file):   546072 kB
Unevictable:       12768 kB
Mlocked:               0 kB
SwapTotal:        720184 kB
SwapFree:         720156 kB
Dirty:               904 kB
Writeback:             8 kB
AnonPages:        915444 kB
Mapped:           519808 kB
Shmem:             33376 kB
Slab:             120884 kB
SReclaimable:      36132 kB
SUnreclaim:        84752 kB
KernelStack:       32784 kB
PageTables:        56692 kB
NFS_Unstable:          0 kB
Bounce:                0 kB
WritebackTmp:          0 kB
CommitLimit:     2172840 kB
Committed_AS:   93852308 kB
VmallocTotal:   251658176 kB
VmallocUsed:      137100 kB
VmallocChunk:   251405868 kB
Time pass: 107 sec

---2015-12-05 14:07:44
MemTotal:        2905316 kB
MemFree:           67160 kB
Buffers:           27068 kB
Cached:          1192688 kB
SwapCached:            0 kB
Active:          1347008 kB
Inactive:         812456 kB
Active(anon):     782972 kB
Inactive(anon):   201048 kB
Active(file):     564036 kB
Inactive(file):   611408 kB
Unevictable:       12768 kB
Mlocked:               0 kB
SwapTotal:        720184 kB
SwapFree:         720156 kB
Dirty:              1344 kB
Writeback:             0 kB
AnonPages:        953128 kB
Mapped:           588504 kB
Shmem:             31212 kB
Slab:             121344 kB
SReclaimable:      36388 kB
SUnreclaim:        84956 kB
KernelStack:       33648 kB
PageTables:        57232 kB
NFS_Unstable:          0 kB
Bounce:                0 kB
WritebackTmp:          0 kB
CommitLimit:     2172840 kB
Committed_AS:   93899832 kB
VmallocTotal:   251658176 kB
VmallocUsed:      137712 kB
VmallocChunk:   251405868 kB
Time pass: 111 sec

---2015-12-05 14:07:44
MemTotal:        2905316 kB
MemFree:           73604 kB
Buffers:           26808 kB
Cached:          1121512 kB
SwapCached:            0 kB
Active:          1337140 kB
Inactive:         754300 kB
Active(anon):     786164 kB
Inactive(anon):   200940 kB
Active(file):     550976 kB
Inactive(file):   553360 kB
Unevictable:       12768 kB
Mlocked:               0 kB
SwapTotal:        720184 kB
SwapFree:         720156 kB
Dirty:              1096 kB
Writeback:             0 kB
AnonPages:        956064 kB
Mapped:           641648 kB
Shmem:             31212 kB
Slab:             121296 kB
SReclaimable:      36324 kB
SUnreclaim:        84972 kB
KernelStack:       33616 kB
PageTables:        57380 kB
NFS_Unstable:          0 kB
Bounce:                0 kB
WritebackTmp:          0 kB
CommitLimit:     2172840 kB
Committed_AS:   93906056 kB
VmallocTotal:   251658176 kB
VmallocUsed:      138228 kB
VmallocChunk:   251405868 kB
Time pass: 115 sec

---2015-12-05 14:07:44
MemTotal:        2905316 kB
MemFree:           73748 kB
Buffers:           26748 kB
Cached:          1105252 kB
SwapCached:            0 kB
Active:          1332100 kB
Inactive:         744988 kB
Active(anon):     788304 kB
Inactive(anon):   200764 kB
Active(file):     543796 kB
Inactive(file):   544224 kB
Unevictable:       12768 kB
Mlocked:               0 kB
SwapTotal:        720184 kB
SwapFree:         720156 kB
Dirty:              1140 kB
Writeback:             0 kB
AnonPages:        957536 kB
Mapped:           651380 kB
Shmem:             31212 kB
Slab:             120580 kB
SReclaimable:      35444 kB
SUnreclaim:        85136 kB
KernelStack:       33584 kB
PageTables:        57408 kB
NFS_Unstable:          0 kB
Bounce:                0 kB
WritebackTmp:          0 kB
CommitLimit:     2172840 kB
Committed_AS:   93906096 kB
VmallocTotal:   251658176 kB
VmallocUsed:      138364 kB
VmallocChunk:   251405868 kB
Time pass: 118 sec

---2015-12-05 14:07:44
MemTotal:        2905316 kB
MemFree:           73684 kB
Buffers:           26748 kB
Cached:          1105360 kB
SwapCached:            0 kB
Active:          1332124 kB
Inactive:         744980 kB
Active(anon):     788240 kB
Inactive(anon):   200764 kB
Active(file):     543884 kB
Inactive(file):   544216 kB
Unevictable:       12768 kB
Mlocked:               0 kB
SwapTotal:        720184 kB
SwapFree:         720156 kB
Dirty:               176 kB
Writeback:             0 kB
AnonPages:        957776 kB
Mapped:           651480 kB
Shmem:             31212 kB
Slab:             121228 kB
SReclaimable:      36116 kB
SUnreclaim:        85112 kB
KernelStack:       33568 kB
PageTables:        57420 kB
NFS_Unstable:          0 kB
Bounce:                0 kB
WritebackTmp:          0 kB
CommitLimit:     2172840 kB
Committed_AS:   93906144 kB
VmallocTotal:   251658176 kB
VmallocUsed:      138364 kB
VmallocChunk:   251405868 kB
Time pass: 122 sec

---2015-12-05 14:07:44
MemTotal:        2905316 kB
MemFree:           73704 kB
Buffers:           25496 kB
Cached:          1080148 kB
SwapCached:            0 kB
Active:          1325504 kB
Inactive:         731716 kB
Active(anon):     794740 kB
Inactive(anon):   200816 kB
Active(file):     530764 kB
Inactive(file):   530900 kB
Unevictable:       12768 kB
Mlocked:               0 kB
SwapTotal:        720184 kB
SwapFree:         720156 kB
Dirty:               580 kB
Writeback:             0 kB
AnonPages:        964676 kB
Mapped:           661248 kB
Shmem:             31212 kB
Slab:             120756 kB
SReclaimable:      35684 kB
SUnreclaim:        85072 kB
KernelStack:       33616 kB
PageTables:        57396 kB
NFS_Unstable:          0 kB
Bounce:                0 kB
WritebackTmp:          0 kB
CommitLimit:     2172840 kB
Committed_AS:   93907288 kB
VmallocTotal:   251658176 kB
VmallocUsed:      138544 kB
VmallocChunk:   251405868 kB
Time pass: 126 sec

---2015-12-05 14:07:44
MemTotal:        2905316 kB
MemFree:           73896 kB
Buffers:           25504 kB
Cached:          1080156 kB
SwapCached:            0 kB
Active:          1325132 kB
Inactive:         731720 kB
Active(anon):     794364 kB
Inactive(anon):   200816 kB
Active(file):     530768 kB
Inactive(file):   530904 kB
Unevictable:       12768 kB
Mlocked:               0 kB
SwapTotal:        720184 kB
SwapFree:         720156 kB
Dirty:                 4 kB
Writeback:            72 kB
AnonPages:        963872 kB
Mapped:           661252 kB
Shmem:             31212 kB
Slab:             121192 kB
SReclaimable:      35972 kB
SUnreclaim:        85220 kB
KernelStack:       33648 kB
PageTables:        57404 kB
NFS_Unstable:          0 kB
Bounce:                0 kB
WritebackTmp:          0 kB
CommitLimit:     2172840 kB
Committed_AS:   93907472 kB
VmallocTotal:   251658176 kB
VmallocUsed:      138544 kB
VmallocChunk:   251405868 kB
Time pass: 130 sec

---2015-12-05 14:07:44
MemTotal:        2905316 kB
MemFree:           73500 kB
Buffers:           25512 kB
Cached:          1080156 kB
SwapCached:            0 kB
Active:          1324972 kB
Inactive:         731732 kB
Active(anon):     794204 kB
Inactive(anon):   200816 kB
Active(file):     530768 kB
Inactive(file):   530916 kB
Unevictable:       12768 kB
Mlocked:               0 kB
SwapTotal:        720184 kB
SwapFree:         720156 kB
Dirty:                40 kB
Writeback:             0 kB
AnonPages:        963584 kB
Mapped:           661316 kB
Shmem:             31212 kB
Slab:             121192 kB
SReclaimable:      35972 kB
SUnreclaim:        85220 kB
KernelStack:       33616 kB
PageTables:        57416 kB
NFS_Unstable:          0 kB
Bounce:                0 kB
WritebackTmp:          0 kB
CommitLimit:     2172840 kB
Committed_AS:   93907472 kB
VmallocTotal:   251658176 kB
VmallocUsed:      138544 kB
VmallocChunk:   251405868 kB
Time pass: 134 sec

---2015-12-05 14:07:44
MemTotal:        2905316 kB
MemFree:           64824 kB
Buffers:           25520 kB
Cached:          1075212 kB
SwapCached:            0 kB
Active:          1325936 kB
Inactive:         729372 kB
Active(anon):     797796 kB
Inactive(anon):   200876 kB
Active(file):     528140 kB
Inactive(file):   528496 kB
Unevictable:       12768 kB
Mlocked:               0 kB
SwapTotal:        720184 kB
SwapFree:         720156 kB
Dirty:               104 kB
Writeback:             0 kB
AnonPages:        967428 kB
Mapped:           663608 kB
Shmem:             31272 kB
Slab:             120944 kB
SReclaimable:      35812 kB
SUnreclaim:        85132 kB
KernelStack:       33680 kB
PageTables:        57452 kB
NFS_Unstable:          0 kB
Bounce:                0 kB
WritebackTmp:          0 kB
CommitLimit:     2172840 kB
Committed_AS:   93938516 kB
VmallocTotal:   251658176 kB
VmallocUsed:      138544 kB
VmallocChunk:   251405868 kB
Time pass: 137 sec

---2015-12-05 14:07:44
MemTotal:        2905316 kB
MemFree:           68468 kB
Buffers:           25220 kB
Cached:          1069592 kB
SwapCached:            0 kB
Active:          1334020 kB
Inactive:         727168 kB
Active(anon):     809092 kB
Inactive(anon):   201468 kB
Active(file):     524928 kB
Inactive(file):   525700 kB
Unevictable:       12768 kB
Mlocked:               0 kB
SwapTotal:        720184 kB
SwapFree:         720156 kB
Dirty:                12 kB
Writeback:             0 kB
AnonPages:        979224 kB
Mapped:           662920 kB
Shmem:             31416 kB
Slab:             121220 kB
SReclaimable:      35984 kB
SUnreclaim:        85236 kB
KernelStack:       33936 kB
PageTables:        57696 kB
NFS_Unstable:          0 kB
Bounce:                0 kB
WritebackTmp:          0 kB
CommitLimit:     2172840 kB
Committed_AS:   93980568 kB
VmallocTotal:   251658176 kB
VmallocUsed:      140992 kB
VmallocChunk:   251405868 kB
Time pass: 141 sec

---2015-12-05 14:07:44
MemTotal:        2905316 kB
MemFree:           63648 kB
Buffers:           25228 kB
Cached:          1069740 kB
SwapCached:            0 kB
Active:          1335048 kB
Inactive:         727312 kB
Active(anon):     810112 kB
Inactive(anon):   201604 kB
Active(file):     524936 kB
Inactive(file):   525708 kB
Unevictable:       12768 kB
Mlocked:               0 kB
SwapTotal:        720184 kB
SwapFree:         720156 kB
Dirty:                68 kB
Writeback:             0 kB
AnonPages:        980248 kB
Mapped:           663168 kB
Shmem:             31556 kB
Slab:             121224 kB
SReclaimable:      35984 kB
SUnreclaim:        85240 kB
KernelStack:       33968 kB
PageTables:        57784 kB
NFS_Unstable:          0 kB
Bounce:                0 kB
WritebackTmp:          0 kB
CommitLimit:     2172840 kB
Committed_AS:   93982024 kB
VmallocTotal:   251658176 kB
VmallocUsed:      141004 kB
VmallocChunk:   251405868 kB
Time pass: 145 sec

---2015-12-05 14:07:44
MemTotal:        2905316 kB
MemFree:           70300 kB
Buffers:           24956 kB
Cached:          1062792 kB
SwapCached:            0 kB
Active:          1331044 kB
Inactive:         724392 kB
Active(anon):     809384 kB
Inactive(anon):   202640 kB
Active(file):     521660 kB
Inactive(file):   521752 kB
Unevictable:       12768 kB
Mlocked:               0 kB
SwapTotal:        720184 kB
SwapFree:         720156 kB
Dirty:                80 kB
Writeback:             0 kB
AnonPages:        980860 kB
Mapped:           658656 kB
Shmem:             31568 kB
Slab:             121232 kB
SReclaimable:      35984 kB
SUnreclaim:        85248 kB
KernelStack:       33968 kB
PageTables:        57808 kB
NFS_Unstable:          0 kB
Bounce:                0 kB
WritebackTmp:          0 kB
CommitLimit:     2172840 kB
Committed_AS:   93982804 kB
VmallocTotal:   251658176 kB
VmallocUsed:      141004 kB
VmallocChunk:   251405868 kB
Time pass: 149 sec

---2015-12-05 14:07:44
MemTotal:        2905316 kB
MemFree:           69352 kB
Buffers:           24964 kB
Cached:          1063016 kB
SwapCached:            0 kB
Active:          1332552 kB
Inactive:         724604 kB
Active(anon):     810872 kB
Inactive(anon):   202804 kB
Active(file):     521680 kB
Inactive(file):   521800 kB
Unevictable:       12768 kB
Mlocked:               0 kB
SwapTotal:        720184 kB
SwapFree:         720156 kB
Dirty:                96 kB
Writeback:             0 kB
AnonPages:        982080 kB
Mapped:           659088 kB
Shmem:             31732 kB
Slab:             121272 kB
SReclaimable:      35984 kB
SUnreclaim:        85288 kB
KernelStack:       33936 kB
PageTables:        57812 kB
NFS_Unstable:          0 kB
Bounce:                0 kB
WritebackTmp:          0 kB
CommitLimit:     2172840 kB
Committed_AS:   93983016 kB
VmallocTotal:   251658176 kB
VmallocUsed:      141004 kB
VmallocChunk:   251405868 kB
Time pass: 153 sec

---2015-12-05 14:07:44
MemTotal:        2905316 kB
MemFree:           64192 kB
Buffers:           24264 kB
Cached:          1041076 kB
SwapCached:            0 kB
Active:          1325484 kB
Inactive:         712928 kB
Active(anon):     814864 kB
Inactive(anon):   202256 kB
Active(file):     510620 kB
Inactive(file):   510672 kB
Unevictable:       12768 kB
Mlocked:               0 kB
SwapTotal:        720184 kB
SwapFree:         720156 kB
Dirty:               140 kB
Writeback:             4 kB
AnonPages:        986044 kB
Mapped:           658208 kB
Shmem:             31272 kB
Slab:             121064 kB
SReclaimable:      35776 kB
SUnreclaim:        85288 kB
KernelStack:       33728 kB
PageTables:        57584 kB
NFS_Unstable:          0 kB
Bounce:                0 kB
WritebackTmp:          0 kB
CommitLimit:     2172840 kB
Committed_AS:   93957664 kB
VmallocTotal:   251658176 kB
VmallocUsed:      141004 kB
VmallocChunk:   251405868 kB
Time pass: 156 sec

---2015-12-05 14:07:44
MemTotal:        2905316 kB
MemFree:           65048 kB
Buffers:           24312 kB
Cached:          1033876 kB
SwapCached:            0 kB
Active:          1326020 kB
Inactive:         711648 kB
Active(anon):     819040 kB
Inactive(anon):   204680 kB
Active(file):     506980 kB
Inactive(file):   506968 kB
Unevictable:       12772 kB
Mlocked:               0 kB
SwapTotal:        720184 kB
SwapFree:         720156 kB
Dirty:               132 kB
Writeback:             0 kB
AnonPages:        992548 kB
Mapped:           659276 kB
Shmem:             31436 kB
Slab:             121340 kB
SReclaimable:      35952 kB
SUnreclaim:        85388 kB
KernelStack:       33904 kB
PageTables:        57796 kB
NFS_Unstable:          0 kB
Bounce:                0 kB
WritebackTmp:          0 kB
CommitLimit:     2172840 kB
Committed_AS:   93991568 kB
VmallocTotal:   251658176 kB
VmallocUsed:      141004 kB
VmallocChunk:   251405868 kB
Time pass: 160 sec

---2015-12-05 14:07:44
MemTotal:        2905316 kB
MemFree:           64732 kB
Buffers:           24320 kB
Cached:          1033956 kB
SwapCached:            0 kB
Active:          1326472 kB
Inactive:         711728 kB
Active(anon):     819484 kB
Inactive(anon):   204752 kB
Active(file):     506988 kB
Inactive(file):   506976 kB
Unevictable:       12772 kB
Mlocked:               0 kB
SwapTotal:        720184 kB
SwapFree:         720156 kB
Dirty:               148 kB
Writeback:             0 kB
AnonPages:        992960 kB
Mapped:           659456 kB
Shmem:             31508 kB
Slab:             121244 kB
SReclaimable:      36016 kB
SUnreclaim:        85228 kB
KernelStack:       33936 kB
PageTables:        57788 kB
NFS_Unstable:          0 kB
Bounce:                0 kB
WritebackTmp:          0 kB
CommitLimit:     2172840 kB
Committed_AS:   93991836 kB
VmallocTotal:   251658176 kB
VmallocUsed:      141004 kB
VmallocChunk:   251405868 kB
Time pass: 164 sec

---2015-12-05 14:07:44
MemTotal:        2905316 kB
MemFree:           62840 kB
Buffers:           24328 kB
Cached:          1034092 kB
SwapCached:            0 kB
Active:          1327888 kB
Inactive:         711900 kB
Active(anon):     820896 kB
Inactive(anon):   204884 kB
Active(file):     506992 kB
Inactive(file):   507016 kB
Unevictable:       12772 kB
Mlocked:               0 kB
SwapTotal:        720184 kB
SwapFree:         720156 kB
Dirty:                48 kB
Writeback:             0 kB
AnonPages:        994016 kB
Mapped:           659772 kB
Shmem:             31640 kB
Slab:             121268 kB
SReclaimable:      36016 kB
SUnreclaim:        85252 kB
KernelStack:       33936 kB
PageTables:        57876 kB
NFS_Unstable:          0 kB
Bounce:                0 kB
WritebackTmp:          0 kB
CommitLimit:     2172840 kB
Committed_AS:   94018988 kB
VmallocTotal:   251658176 kB
VmallocUsed:      141004 kB
VmallocChunk:   251405868 kB
Time pass: 168 sec

---2015-12-05 14:07:44
MemTotal:        2905316 kB
MemFree:           68912 kB
Buffers:           24336 kB
Cached:          1026512 kB
SwapCached:            0 kB
Active:          1324936 kB
Inactive:         708512 kB
Active(anon):     821784 kB
Inactive(anon):   205232 kB
Active(file):     503152 kB
Inactive(file):   503280 kB
Unevictable:       12772 kB
Mlocked:               0 kB
SwapTotal:        720184 kB
SwapFree:         720156 kB
Dirty:                36 kB
Writeback:             0 kB
AnonPages:        995212 kB
Mapped:           659964 kB
Shmem:             31644 kB
Slab:             121284 kB
SReclaimable:      36016 kB
SUnreclaim:        85268 kB
KernelStack:       33920 kB
PageTables:        57872 kB
NFS_Unstable:          0 kB
Bounce:                0 kB
WritebackTmp:          0 kB
CommitLimit:     2172840 kB
Committed_AS:   94018936 kB
VmallocTotal:   251658176 kB
VmallocUsed:      141004 kB
VmallocChunk:   251405868 kB
Time pass: 172 sec

---2015-12-05 14:07:44
MemTotal:        2905316 kB
MemFree:           79984 kB
Buffers:           24336 kB
Cached:          1026236 kB
SwapCached:            0 kB
Active:          1314784 kB
Inactive:         708216 kB
Active(anon):     811608 kB
Inactive(anon):   204924 kB
Active(file):     503176 kB
Inactive(file):   503292 kB
Unevictable:       12772 kB
Mlocked:               0 kB
SwapTotal:        720184 kB
SwapFree:         720156 kB
Dirty:                 4 kB
Writeback:             0 kB
AnonPages:        985316 kB
Mapped:           659580 kB
Shmem:             31332 kB
Slab:             121292 kB
SReclaimable:      36016 kB
SUnreclaim:        85276 kB
KernelStack:       33552 kB
PageTables:        57668 kB
NFS_Unstable:          0 kB
Bounce:                0 kB
WritebackTmp:          0 kB
CommitLimit:     2172840 kB
Committed_AS:   93990380 kB
VmallocTotal:   251658176 kB
VmallocUsed:      141004 kB
VmallocChunk:   251405868 kB
Time pass: 175 sec

---2015-12-05 14:07:44
MemTotal:        2905316 kB
MemFree:           91032 kB
Buffers:           24344 kB
Cached:          1026244 kB
SwapCached:            0 kB
Active:          1306416 kB
Inactive:         707784 kB
Active(anon):     802792 kB
Inactive(anon):   204924 kB
Active(file):     503624 kB
Inactive(file):   502860 kB
Unevictable:       12772 kB
Mlocked:               0 kB
SwapTotal:        720184 kB
SwapFree:         720156 kB
Dirty:                52 kB
Writeback:             0 kB
AnonPages:        976360 kB
Mapped:           650708 kB
Shmem:             31332 kB
Slab:             121180 kB
SReclaimable:      36016 kB
SUnreclaim:        85164 kB
KernelStack:       32912 kB
PageTables:        57504 kB
NFS_Unstable:          0 kB
Bounce:                0 kB
WritebackTmp:          0 kB
CommitLimit:     2172840 kB
Committed_AS:   93983700 kB
VmallocTotal:   251658176 kB
VmallocUsed:      140972 kB
VmallocChunk:   251405868 kB
Time pass: 179 sec

---2015-12-05 14:07:44
MemTotal:        2905316 kB
MemFree:           90472 kB
Buffers:           24352 kB
Cached:          1026236 kB
SwapCached:            0 kB
Active:          1306504 kB
Inactive:         707780 kB
Active(anon):     802876 kB
Inactive(anon):   204924 kB
Active(file):     503628 kB
Inactive(file):   502856 kB
Unevictable:       12772 kB
Mlocked:               0 kB
SwapTotal:        720184 kB
SwapFree:         720156 kB
Dirty:                 4 kB
Writeback:             0 kB
AnonPages:        976332 kB
Mapped:           650716 kB
Shmem:             31332 kB
Slab:             121164 kB
SReclaimable:      36016 kB
SUnreclaim:        85148 kB
KernelStack:       32912 kB
PageTables:        57524 kB
NFS_Unstable:          0 kB
Bounce:                0 kB
WritebackTmp:          0 kB
CommitLimit:     2172840 kB
Committed_AS:   93983952 kB
VmallocTotal:   251658176 kB
VmallocUsed:      140972 kB
VmallocChunk:   251405868 kB
Time pass: 183 sec

---2015-12-05 14:07:44
MemTotal:        2905316 kB
MemFree:           90688 kB
Buffers:           24352 kB
Cached:          1026248 kB
SwapCached:            0 kB
Active:          1306532 kB
Inactive:         707792 kB
Active(anon):     802904 kB
Inactive(anon):   204924 kB
Active(file):     503628 kB
Inactive(file):   502868 kB
Unevictable:       12772 kB
Mlocked:               0 kB
SwapTotal:        720184 kB
SwapFree:         720156 kB
Dirty:                 4 kB
Writeback:             0 kB
AnonPages:        976472 kB
Mapped:           650720 kB
Shmem:             31332 kB
Slab:             121172 kB
SReclaimable:      36016 kB
SUnreclaim:        85156 kB
KernelStack:       32912 kB
PageTables:        57524 kB
NFS_Unstable:          0 kB
Bounce:                0 kB
WritebackTmp:          0 kB
CommitLimit:     2172840 kB
Committed_AS:   93983940 kB
VmallocTotal:   251658176 kB
VmallocUsed:      140972 kB
VmallocChunk:   251405868 kB
Time pass: 187 sec

---2015-12-05 14:07:44
MemTotal:        2905316 kB
MemFree:           78840 kB
Buffers:           24360 kB
Cached:          1026428 kB
SwapCached:            0 kB
Active:          1318096 kB
Inactive:         707916 kB
Active(anon):     814440 kB
Inactive(anon):   205036 kB
Active(file):     503656 kB
Inactive(file):   502880 kB
Unevictable:       12772 kB
Mlocked:               0 kB
SwapTotal:        720184 kB
SwapFree:         720156 kB
Dirty:                52 kB
Writeback:             0 kB
AnonPages:        988060 kB
Mapped:           651052 kB
Shmem:             31480 kB
Slab:             121172 kB
SReclaimable:      36016 kB
SUnreclaim:        85156 kB
KernelStack:       33296 kB
PageTables:        57668 kB
NFS_Unstable:          0 kB
Bounce:                0 kB
WritebackTmp:          0 kB
CommitLimit:     2172840 kB
Committed_AS:   94018028 kB
VmallocTotal:   251658176 kB
VmallocUsed:      141004 kB
VmallocChunk:   251405868 kB
Time pass: 191 sec

---2015-12-05 14:07:44
MemTotal:        2905316 kB
MemFree:           78428 kB
Buffers:           24368 kB
Cached:          1026468 kB
SwapCached:            0 kB
Active:          1317764 kB
Inactive:         707992 kB
Active(anon):     814104 kB
Inactive(anon):   205104 kB
Active(file):     503660 kB
Inactive(file):   502888 kB
Unevictable:       12772 kB
Mlocked:               0 kB
SwapTotal:        720184 kB
SwapFree:         720156 kB
Dirty:                20 kB
Writeback:             0 kB
AnonPages:        987620 kB
Mapped:           651088 kB
Shmem:             31516 kB
Slab:             121204 kB
SReclaimable:      36032 kB
SUnreclaim:        85172 kB
KernelStack:       33312 kB
PageTables:        57668 kB
NFS_Unstable:          0 kB
Bounce:                0 kB
WritebackTmp:          0 kB
CommitLimit:     2172840 kB
Committed_AS:   94017972 kB
VmallocTotal:   251658176 kB
VmallocUsed:      141004 kB
VmallocChunk:   251405868 kB
Time pass: 194 sec

---2015-12-05 14:07:44
MemTotal:        2905316 kB
MemFree:           80964 kB
Buffers:           24392 kB
Cached:          1026040 kB
SwapCached:            0 kB
Active:          1318564 kB
Inactive:         707632 kB
Active(anon):     814876 kB
Inactive(anon):   204532 kB
Active(file):     503688 kB
Inactive(file):   503100 kB
Unevictable:       12772 kB
Mlocked:               0 kB
SwapTotal:        720184 kB
SwapFree:         720156 kB
Dirty:               108 kB
Writeback:             0 kB
AnonPages:        988508 kB
Mapped:           650496 kB
Shmem:             30872 kB
Slab:             118632 kB
SReclaimable:      36032 kB
SUnreclaim:        82600 kB
KernelStack:       33280 kB
PageTables:        57296 kB
NFS_Unstable:          0 kB
Bounce:                0 kB
WritebackTmp:          0 kB
CommitLimit:     2172840 kB
Committed_AS:   93739504 kB
VmallocTotal:   251658176 kB
VmallocUsed:      141004 kB
VmallocChunk:   251405868 kB
Time pass: 198 sec

---2015-12-05 14:07:44
MemTotal:        2905316 kB
MemFree:           83108 kB
Buffers:           24392 kB
Cached:          1026116 kB
SwapCached:            0 kB
Active:          1316132 kB
Inactive:         707632 kB
Active(anon):     812440 kB
Inactive(anon):   204532 kB
Active(file):     503692 kB
Inactive(file):   503100 kB
Unevictable:       12772 kB
Mlocked:               0 kB
SwapTotal:        720184 kB
SwapFree:         720156 kB
Dirty:               116 kB
Writeback:             0 kB
AnonPages:        985848 kB
Mapped:           650680 kB
Shmem:             30944 kB
Slab:             118488 kB
SReclaimable:      35936 kB
SUnreclaim:        82552 kB
KernelStack:       33264 kB
PageTables:        57132 kB
NFS_Unstable:          0 kB
Bounce:                0 kB
WritebackTmp:          0 kB
CommitLimit:     2172840 kB
Committed_AS:   93739468 kB
VmallocTotal:   251658176 kB
VmallocUsed:      141004 kB
VmallocChunk:   251405868 kB
Time pass: 202 sec

---2015-12-05 14:07:44
MemTotal:        2905316 kB
MemFree:           83336 kB
Buffers:           24400 kB
Cached:          1026120 kB
SwapCached:            0 kB
Active:          1316396 kB
Inactive:         707644 kB
Active(anon):     812704 kB
Inactive(anon):   204532 kB
Active(file):     503692 kB
Inactive(file):   503112 kB
Unevictable:       12772 kB
Mlocked:               0 kB
SwapTotal:        720184 kB
SwapFree:         720156 kB
Dirty:                44 kB
Writeback:             0 kB
AnonPages:        986028 kB
Mapped:           650752 kB
Shmem:             30944 kB
Slab:             118484 kB
SReclaimable:      35936 kB
SUnreclaim:        82548 kB
KernelStack:       33328 kB
PageTables:        57160 kB
NFS_Unstable:          0 kB
Bounce:                0 kB
WritebackTmp:          0 kB
CommitLimit:     2172840 kB
Committed_AS:   93739468 kB
VmallocTotal:   251658176 kB
VmallocUsed:      141004 kB
VmallocChunk:   251405868 kB
Time pass: 206 sec

---2015-12-05 14:07:44
MemTotal:        2905316 kB
MemFree:           82164 kB
Buffers:           24424 kB
Cached:          1026176 kB
SwapCached:            0 kB
Active:          1317248 kB
Inactive:         707688 kB
Active(anon):     813520 kB
Inactive(anon):   204532 kB
Active(file):     503728 kB
Inactive(file):   503156 kB
Unevictable:       12772 kB
Mlocked:               0 kB
SwapTotal:        720184 kB
SwapFree:         720156 kB
Dirty:                48 kB
Writeback:             0 kB
AnonPages:        987236 kB
Mapped:           650696 kB
Shmem:             30944 kB
Slab:             118484 kB
SReclaimable:      35936 kB
SUnreclaim:        82548 kB
KernelStack:       33312 kB
PageTables:        57136 kB
NFS_Unstable:          0 kB
Bounce:                0 kB
WritebackTmp:          0 kB
CommitLimit:     2172840 kB
Committed_AS:   93739588 kB
VmallocTotal:   251658176 kB
VmallocUsed:      141004 kB
VmallocChunk:   251405868 kB
Time pass: 209 sec

---2015-12-05 14:07:44
MemTotal:        2905316 kB
MemFree:           80768 kB
Buffers:           24424 kB
Cached:          1026184 kB
SwapCached:            0 kB
Active:          1317548 kB
Inactive:         707684 kB
Active(anon):     813808 kB
Inactive(anon):   204532 kB
Active(file):     503740 kB
Inactive(file):   503152 kB
Unevictable:       12772 kB
Mlocked:               0 kB
SwapTotal:        720184 kB
SwapFree:         720156 kB
Dirty:                 4 kB
Writeback:             0 kB
AnonPages:        987480 kB
Mapped:           650708 kB
Shmem:             30944 kB
Slab:             118484 kB
SReclaimable:      35936 kB
SUnreclaim:        82548 kB
KernelStack:       33264 kB
PageTables:        57140 kB
NFS_Unstable:          0 kB
Bounce:                0 kB
WritebackTmp:          0 kB
CommitLimit:     2172840 kB
Committed_AS:   93739588 kB
VmallocTotal:   251658176 kB
VmallocUsed:      141016 kB
VmallocChunk:   251405868 kB
Time pass: 213 sec

---2015-12-05 14:07:44
MemTotal:        2905316 kB
MemFree:           74320 kB
Buffers:           24440 kB
Cached:          1026584 kB
SwapCached:            0 kB
Active:          1320488 kB
Inactive:         707900 kB
Active(anon):     816588 kB
Inactive(anon):   204532 kB
Active(file):     503900 kB
Inactive(file):   503368 kB
Unevictable:       12772 kB
Mlocked:               0 kB
SwapTotal:        720184 kB
SwapFree:         720156 kB
Dirty:                56 kB
Writeback:             0 kB
AnonPages:        990036 kB
Mapped:           650868 kB
Shmem:             30944 kB
Slab:             122004 kB
SReclaimable:      39248 kB
SUnreclaim:        82756 kB
KernelStack:       33360 kB
PageTables:        57232 kB
NFS_Unstable:          0 kB
Bounce:                0 kB
WritebackTmp:          0 kB
CommitLimit:     2172840 kB
Committed_AS:   93751340 kB
VmallocTotal:   251658176 kB
VmallocUsed:      141016 kB
VmallocChunk:   251405868 kB
Time pass: 217 sec

---2015-12-05 14:07:44
MemTotal:        2905316 kB
MemFree:           75800 kB
Buffers:           24448 kB
Cached:          1026872 kB
SwapCached:            0 kB
Active:          1318168 kB
Inactive:         708228 kB
Active(anon):     814260 kB
Inactive(anon):   204532 kB
Active(file):     503908 kB
Inactive(file):   503696 kB
Unevictable:       12772 kB
Mlocked:               0 kB
SwapTotal:        720184 kB
SwapFree:         720156 kB
Dirty:               120 kB
Writeback:             0 kB
AnonPages:        987972 kB
Mapped:           650980 kB
Shmem:             30944 kB
Slab:             122308 kB
SReclaimable:      39468 kB
SUnreclaim:        82840 kB
KernelStack:       33280 kB
PageTables:        57160 kB
NFS_Unstable:          0 kB
Bounce:                0 kB
WritebackTmp:          0 kB
CommitLimit:     2172840 kB
Committed_AS:   93739600 kB
VmallocTotal:   251658176 kB
VmallocUsed:      141016 kB
VmallocChunk:   251405868 kB
Time pass: 221 sec

---2015-12-05 14:07:44
MemTotal:        2905316 kB
MemFree:           74104 kB
Buffers:           24448 kB
Cached:          1026876 kB
SwapCached:            0 kB
Active:          1320260 kB
Inactive:         708220 kB
Active(anon):     816340 kB
Inactive(anon):   204532 kB
Active(file):     503920 kB
Inactive(file):   503688 kB
Unevictable:       12772 kB
Mlocked:               0 kB
SwapTotal:        720184 kB
SwapFree:         720156 kB
Dirty:                 4 kB
Writeback:             0 kB
AnonPages:        989904 kB
Mapped:           650992 kB
Shmem:             30944 kB
Slab:             122272 kB
SReclaimable:      39476 kB
SUnreclaim:        82796 kB
KernelStack:       33280 kB
PageTables:        57140 kB
NFS_Unstable:          0 kB
Bounce:                0 kB
WritebackTmp:          0 kB
CommitLimit:     2172840 kB
Committed_AS:   93750884 kB
VmallocTotal:   251658176 kB
VmallocUsed:      141016 kB
VmallocChunk:   251405868 kB
Time pass: 224 sec

---2015-12-05 14:07:44
MemTotal:        2905316 kB
MemFree:           70352 kB
Buffers:           24496 kB
Cached:          1027164 kB
SwapCached:            0 kB
Active:          1323164 kB
Inactive:         708508 kB
Active(anon):     819196 kB
Inactive(anon):   204724 kB
Active(file):     503968 kB
Inactive(file):   503784 kB
Unevictable:       12772 kB
Mlocked:               0 kB
SwapTotal:        720184 kB
SwapFree:         720156 kB
Dirty:                 0 kB
Writeback:           164 kB
AnonPages:        992816 kB
Mapped:           651204 kB
Shmem:             31136 kB
Slab:             122236 kB
SReclaimable:      39492 kB
SUnreclaim:        82744 kB
KernelStack:       33248 kB
PageTables:        57296 kB
NFS_Unstable:          0 kB
Bounce:                0 kB
WritebackTmp:          0 kB
CommitLimit:     2172840 kB
Committed_AS:   93781124 kB
VmallocTotal:   251658176 kB
VmallocUsed:      141016 kB
VmallocChunk:   251405868 kB
Time pass: 228 sec

---2015-12-05 14:07:44
MemTotal:        2905316 kB
MemFree:           69104 kB
Buffers:           24504 kB
Cached:          1027172 kB
SwapCached:            0 kB
Active:          1324048 kB
Inactive:         708520 kB
Active(anon):     820076 kB
Inactive(anon):   204736 kB
Active(file):     503972 kB
Inactive(file):   503784 kB
Unevictable:       12772 kB
Mlocked:               0 kB
SwapTotal:        720184 kB
SwapFree:         720156 kB
Dirty:                12 kB
Writeback:             0 kB
AnonPages:        993536 kB
Mapped:           651220 kB
Shmem:             31148 kB
Slab:             122236 kB
SReclaimable:      39492 kB
SUnreclaim:        82744 kB
KernelStack:       33248 kB
PageTables:        57292 kB
NFS_Unstable:          0 kB
Bounce:                0 kB
WritebackTmp:          0 kB
CommitLimit:     2172840 kB
Committed_AS:   93782132 kB
VmallocTotal:   251658176 kB
VmallocUsed:      141016 kB
VmallocChunk:   251405868 kB
Time pass: 232 sec

---2015-12-05 14:07:44
MemTotal:        2905316 kB
MemFree:           69244 kB
Buffers:           24504 kB
Cached:          1027284 kB
SwapCached:            0 kB
Active:          1323768 kB
Inactive:         708628 kB
Active(anon):     819792 kB
Inactive(anon):   204840 kB
Active(file):     503976 kB
Inactive(file):   503788 kB
Unevictable:       12772 kB
Mlocked:               0 kB
SwapTotal:        720184 kB
SwapFree:         720156 kB
Dirty:                 8 kB
Writeback:             0 kB
AnonPages:        993340 kB
Mapped:           651328 kB
Shmem:             31252 kB
Slab:             122224 kB
SReclaimable:      39492 kB
SUnreclaim:        82732 kB
KernelStack:       33248 kB
PageTables:        57296 kB
NFS_Unstable:          0 kB
Bounce:                0 kB
WritebackTmp:          0 kB
CommitLimit:     2172840 kB
Committed_AS:   93782912 kB
VmallocTotal:   251658176 kB
VmallocUsed:      141016 kB
VmallocChunk:   251405868 kB
Time pass: 236 sec

---2015-12-05 14:07:44
MemTotal:        2905316 kB
MemFree:           69000 kB
Buffers:           24520 kB
Cached:          1027280 kB
SwapCached:            0 kB
Active:          1323864 kB
Inactive:         708636 kB
Active(anon):     819884 kB
Inactive(anon):   204840 kB
Active(file):     503980 kB
Inactive(file):   503796 kB
Unevictable:       12772 kB
Mlocked:               0 kB
SwapTotal:        720184 kB
SwapFree:         720156 kB
Dirty:                 8 kB
Writeback:             0 kB
AnonPages:        993460 kB
Mapped:           651396 kB
Shmem:             31252 kB
Slab:             122224 kB
SReclaimable:      39492 kB
SUnreclaim:        82732 kB
KernelStack:       33248 kB
PageTables:        57312 kB
NFS_Unstable:          0 kB
Bounce:                0 kB
WritebackTmp:          0 kB
CommitLimit:     2172840 kB
Committed_AS:   93782900 kB
VmallocTotal:   251658176 kB
VmallocUsed:      141016 kB
VmallocChunk:   251405868 kB
Time pass: 239 sec

---2015-12-05 14:07:44
MemTotal:        2905316 kB
MemFree:           69488 kB
Buffers:           24536 kB
Cached:          1026876 kB
SwapCached:            0 kB
Active:          1321512 kB
Inactive:         708224 kB
Active(anon):     817508 kB
Inactive(anon):   204376 kB
Active(file):     504004 kB
Inactive(file):   503848 kB
Unevictable:       12772 kB
Mlocked:               0 kB
SwapTotal:        720184 kB
SwapFree:         720156 kB
Dirty:                48 kB
Writeback:             0 kB
AnonPages:        991196 kB
Mapped:           650936 kB
Shmem:             30784 kB
Slab:             122180 kB
SReclaimable:      39480 kB
SUnreclaim:        82700 kB
KernelStack:       33040 kB
PageTables:        57100 kB
NFS_Unstable:          0 kB
Bounce:                0 kB
WritebackTmp:          0 kB
CommitLimit:     2172840 kB
Committed_AS:   93782928 kB
VmallocTotal:   251658176 kB
VmallocUsed:      141016 kB
VmallocChunk:   251405868 kB
Time pass: 243 sec

---2015-12-05 14:07:44
MemTotal:        2905316 kB
MemFree:           66400 kB
Buffers:           24568 kB
Cached:          1027116 kB
SwapCached:            0 kB
Active:          1324440 kB
Inactive:         708460 kB
Active(anon):     820404 kB
Inactive(anon):   204528 kB
Active(file):     504036 kB
Inactive(file):   503932 kB
Unevictable:       12772 kB
Mlocked:               0 kB
SwapTotal:        720184 kB
SwapFree:         720156 kB
Dirty:               192 kB
Writeback:             0 kB
AnonPages:        994108 kB
Mapped:           650988 kB
Shmem:             30944 kB
Slab:             122180 kB
SReclaimable:      39480 kB
SUnreclaim:        82700 kB
KernelStack:       33248 kB
PageTables:        57188 kB
NFS_Unstable:          0 kB
Bounce:                0 kB
WritebackTmp:          0 kB
CommitLimit:     2172840 kB
Committed_AS:   93782960 kB
VmallocTotal:   251658176 kB
VmallocUsed:      141016 kB
VmallocChunk:   251405868 kB
Time pass: 247 sec

---2015-12-05 14:07:44
MemTotal:        2905316 kB
MemFree:           66556 kB
Buffers:           24576 kB
Cached:          1027120 kB
SwapCached:            0 kB
Active:          1323816 kB
Inactive:         708468 kB
Active(anon):     819776 kB
Inactive(anon):   204536 kB
Active(file):     504040 kB
Inactive(file):   503932 kB
Unevictable:       12772 kB
Mlocked:               0 kB
SwapTotal:        720184 kB
SwapFree:         720156 kB
Dirty:                 8 kB
Writeback:             0 kB
AnonPages:        993436 kB
Mapped:           651048 kB
Shmem:             30948 kB
Slab:             122180 kB
SReclaimable:      39480 kB
SUnreclaim:        82700 kB
KernelStack:       33264 kB
PageTables:        57228 kB
NFS_Unstable:          0 kB
Bounce:                0 kB
WritebackTmp:          0 kB
CommitLimit:     2172840 kB
Committed_AS:   93783008 kB
VmallocTotal:   251658176 kB
VmallocUsed:      141016 kB
VmallocChunk:   251405868 kB
Time pass: 251 sec

---2015-12-05 14:07:44
MemTotal:        2905316 kB
MemFree:           64620 kB
Buffers:           24592 kB
Cached:          1027188 kB
SwapCached:            0 kB
Active:          1326380 kB
Inactive:         708524 kB
Active(anon):     822336 kB
Inactive(anon):   204568 kB
Active(file):     504044 kB
Inactive(file):   503956 kB
Unevictable:       12772 kB
Mlocked:               0 kB
SwapTotal:        720184 kB
SwapFree:         720156 kB
Dirty:                20 kB
Writeback:             0 kB
AnonPages:        995948 kB
Mapped:           651088 kB
Shmem:             30980 kB
Slab:             122180 kB
SReclaimable:      39480 kB
SUnreclaim:        82700 kB
KernelStack:       33280 kB
PageTables:        57228 kB
NFS_Unstable:          0 kB
Bounce:                0 kB
WritebackTmp:          0 kB
CommitLimit:     2172840 kB
Committed_AS:   93782984 kB
VmallocTotal:   251658176 kB
VmallocUsed:      141016 kB
VmallocChunk:   251405868 kB
Time pass: 255 sec

---2015-12-05 14:07:44
MemTotal:        2905316 kB
MemFree:           62868 kB
Buffers:           24592 kB
Cached:          1027252 kB
SwapCached:            0 kB
Active:          1327652 kB
Inactive:         708604 kB
Active(anon):     823596 kB
Inactive(anon):   204628 kB
Active(file):     504056 kB
Inactive(file):   503976 kB
Unevictable:       12772 kB
Mlocked:               0 kB
SwapTotal:        720184 kB
SwapFree:         720156 kB
Dirty:                24 kB
Writeback:             0 kB
AnonPages:        997164 kB
Mapped:           651152 kB
Shmem:             31040 kB
Slab:             122180 kB
SReclaimable:      39480 kB
SUnreclaim:        82700 kB
KernelStack:       33280 kB
PageTables:        57276 kB
NFS_Unstable:          0 kB
Bounce:                0 kB
WritebackTmp:          0 kB
CommitLimit:     2172840 kB
Committed_AS:   93809644 kB
VmallocTotal:   251658176 kB
VmallocUsed:      141016 kB
VmallocChunk:   251405868 kB
Time pass: 258 sec

---2015-12-05 14:07:44
MemTotal:        2905316 kB
MemFree:           67588 kB
Buffers:           24576 kB
Cached:          1023184 kB
SwapCached:            0 kB
Active:          1323704 kB
Inactive:         707848 kB
Active(anon):     821856 kB
Inactive(anon):   205748 kB
Active(file):     501848 kB
Inactive(file):   502100 kB
Unevictable:       12772 kB
Mlocked:               0 kB
SwapTotal:        720184 kB
SwapFree:         720156 kB
Dirty:                48 kB
Writeback:             0 kB
AnonPages:        996564 kB
Mapped:           651156 kB
Shmem:             31040 kB
Slab:             122180 kB
SReclaimable:      39480 kB
SUnreclaim:        82700 kB
KernelStack:       33248 kB
PageTables:        57280 kB
NFS_Unstable:          0 kB
Bounce:                0 kB
WritebackTmp:          0 kB
CommitLimit:     2172840 kB
Committed_AS:   93809632 kB
VmallocTotal:   251658176 kB
VmallocUsed:      141016 kB
VmallocChunk:   251405868 kB
Time pass: 262 sec

---2015-12-05 14:07:44
MemTotal:        2905316 kB
MemFree:           66992 kB
Buffers:           24600 kB
Cached:          1023200 kB
SwapCached:            0 kB
Active:          1325168 kB
Inactive:         707880 kB
Active(anon):     823312 kB
Inactive(anon):   205748 kB
Active(file):     501856 kB
Inactive(file):   502132 kB
Unevictable:       12772 kB
Mlocked:               0 kB
SwapTotal:        720184 kB
SwapFree:         720156 kB
Dirty:                80 kB
Writeback:             8 kB
AnonPages:        998112 kB
Mapped:           651164 kB
Shmem:             31040 kB
Slab:             122180 kB
SReclaimable:      39480 kB
SUnreclaim:        82700 kB
KernelStack:       33232 kB
PageTables:        57268 kB
NFS_Unstable:          0 kB
Bounce:                0 kB
WritebackTmp:          0 kB
CommitLimit:     2172840 kB
Committed_AS:   93809540 kB
VmallocTotal:   251658176 kB
VmallocUsed:      141016 kB
VmallocChunk:   251405868 kB
Time pass: 266 sec

---2015-12-05 14:07:44
MemTotal:        2905316 kB
MemFree:           65544 kB
Buffers:           24608 kB
Cached:          1023208 kB
SwapCached:            0 kB
Active:          1325520 kB
Inactive:         707892 kB
Active(anon):     823660 kB
Inactive(anon):   205748 kB
Active(file):     501860 kB
Inactive(file):   502144 kB
Unevictable:       12772 kB
Mlocked:               0 kB
SwapTotal:        720184 kB
SwapFree:         720156 kB
Dirty:                48 kB
Writeback:             0 kB
AnonPages:        998656 kB
Mapped:           651168 kB
Shmem:             31040 kB
Slab:             122172 kB
SReclaimable:      39480 kB
SUnreclaim:        82692 kB
KernelStack:       33200 kB
PageTables:        57280 kB
NFS_Unstable:          0 kB
Bounce:                0 kB
WritebackTmp:          0 kB
CommitLimit:     2172840 kB
Committed_AS:   93809560 kB
VmallocTotal:   251658176 kB
VmallocUsed:      141016 kB
VmallocChunk:   251405868 kB
Time pass: 270 sec

---2015-12-05 14:07:44
MemTotal:        2905316 kB
MemFree:           65704 kB
Buffers:           24608 kB
Cached:          1023220 kB
SwapCached:            0 kB
Active:          1325812 kB
Inactive:         707904 kB
Active(anon):     823952 kB
Inactive(anon):   205748 kB
Active(file):     501860 kB
Inactive(file):   502156 kB
Unevictable:       12772 kB
Mlocked:               0 kB
SwapTotal:        720184 kB
SwapFree:         720156 kB
Dirty:                64 kB
Writeback:             0 kB
AnonPages:        998464 kB
Mapped:           651180 kB
Shmem:             31040 kB
Slab:             122168 kB
SReclaimable:      39480 kB
SUnreclaim:        82688 kB
KernelStack:       33200 kB
PageTables:        57284 kB
NFS_Unstable:          0 kB
Bounce:                0 kB
WritebackTmp:          0 kB
CommitLimit:     2172840 kB
Committed_AS:   93809428 kB
VmallocTotal:   251658176 kB
VmallocUsed:      141016 kB
VmallocChunk:   251405868 kB
Time pass: 273 sec

---2015-12-05 14:07:44
MemTotal:        2905316 kB
MemFree:           65076 kB
Buffers:           24616 kB
Cached:          1023248 kB
SwapCached:            0 kB
Active:          1326156 kB
Inactive:         707936 kB
Active(anon):     824292 kB
Inactive(anon):   205772 kB
Active(file):     501864 kB
Inactive(file):   502164 kB
Unevictable:       12772 kB
Mlocked:               0 kB
SwapTotal:        720184 kB
SwapFree:         720156 kB
Dirty:                20 kB
Writeback:             0 kB
AnonPages:        998864 kB
Mapped:           651272 kB
Shmem:             31064 kB
Slab:             122168 kB
SReclaimable:      39480 kB
SUnreclaim:        82688 kB
KernelStack:       33184 kB
PageTables:        57308 kB
NFS_Unstable:          0 kB
Bounce:                0 kB
WritebackTmp:          0 kB
CommitLimit:     2172840 kB
Committed_AS:   93809548 kB
VmallocTotal:   251658176 kB
VmallocUsed:      141016 kB
VmallocChunk:   251405868 kB
Time pass: 277 sec

---2015-12-05 14:07:44
MemTotal:        2905316 kB
MemFree:           67828 kB
Buffers:           24632 kB
Cached:          1023728 kB
SwapCached:            0 kB
Active:          1323536 kB
Inactive:         708424 kB
Active(anon):     821664 kB
Inactive(anon):   205772 kB
Active(file):     501872 kB
Inactive(file):   502652 kB
Unevictable:       12772 kB
Mlocked:               0 kB
SwapTotal:        720184 kB
SwapFree:         720156 kB
Dirty:                24 kB
Writeback:             0 kB
AnonPages:        996504 kB
Mapped:           651320 kB
Shmem:             31064 kB
Slab:             122168 kB
SReclaimable:      39480 kB
SUnreclaim:        82688 kB
KernelStack:       33200 kB
PageTables:        57280 kB
NFS_Unstable:          0 kB
Bounce:                0 kB
WritebackTmp:          0 kB
CommitLimit:     2172840 kB
Committed_AS:   93809572 kB
VmallocTotal:   251658176 kB
VmallocUsed:      141016 kB
VmallocChunk:   251405868 kB
Time pass: 281 sec

---2015-12-05 14:07:44
MemTotal:        2905316 kB
MemFree:           75572 kB
Buffers:           24640 kB
Cached:          1023732 kB
SwapCached:            0 kB
Active:          1315468 kB
Inactive:         708436 kB
Active(anon):     813596 kB
Inactive(anon):   205776 kB
Active(file):     501872 kB
Inactive(file):   502660 kB
Unevictable:       12772 kB
Mlocked:               0 kB
SwapTotal:        720184 kB
SwapFree:         720156 kB
Dirty:                64 kB
Writeback:             0 kB
AnonPages:        988412 kB
Mapped:           651344 kB
Shmem:             31068 kB
Slab:             122168 kB
SReclaimable:      39480 kB
SUnreclaim:        82688 kB
KernelStack:       33200 kB
PageTables:        57280 kB
NFS_Unstable:          0 kB
Bounce:                0 kB
WritebackTmp:          0 kB
CommitLimit:     2172840 kB
Committed_AS:   93809524 kB
VmallocTotal:   251658176 kB
VmallocUsed:      141016 kB
VmallocChunk:   251405868 kB
Time pass: 285 sec

---2015-12-05 14:07:44
MemTotal:        2905316 kB
MemFree:           75068 kB
Buffers:           24648 kB
Cached:          1023776 kB
SwapCached:            0 kB
Active:          1315920 kB
Inactive:         708480 kB
Active(anon):     814048 kB
Inactive(anon):   205816 kB
Active(file):     501872 kB
Inactive(file):   502664 kB
Unevictable:       12772 kB
Mlocked:               0 kB
SwapTotal:        720184 kB
SwapFree:         720156 kB
Dirty:                 8 kB
Writeback:             0 kB
AnonPages:        988856 kB
Mapped:           651392 kB
Shmem:             31116 kB
Slab:             122156 kB
SReclaimable:      39480 kB
SUnreclaim:        82676 kB
KernelStack:       33200 kB
PageTables:        57308 kB
NFS_Unstable:          0 kB
Bounce:                0 kB
WritebackTmp:          0 kB
CommitLimit:     2172840 kB
Committed_AS:   93836156 kB
VmallocTotal:   251658176 kB
VmallocUsed:      141016 kB
VmallocChunk:   251405868 kB
Time pass: 288 sec

---2015-12-05 14:07:44
MemTotal:        2905316 kB
MemFree:           73976 kB
Buffers:           24664 kB
Cached:          1023828 kB
SwapCached:            0 kB
Active:          1316488 kB
Inactive:         708540 kB
Active(anon):     814600 kB
Inactive(anon):   205840 kB
Active(file):     501888 kB
Inactive(file):   502700 kB
Unevictable:       12772 kB
Mlocked:               0 kB
SwapTotal:        720184 kB
SwapFree:         720156 kB
Dirty:               104 kB
Writeback:             0 kB
AnonPages:        989412 kB
Mapped:           651468 kB
Shmem:             31132 kB
Slab:             122156 kB
SReclaimable:      39480 kB
SUnreclaim:        82676 kB
KernelStack:       33200 kB
PageTables:        57348 kB
NFS_Unstable:          0 kB
Bounce:                0 kB
WritebackTmp:          0 kB
CommitLimit:     2172840 kB
Committed_AS:   93836404 kB
VmallocTotal:   251658176 kB
VmallocUsed:      141016 kB
VmallocChunk:   251405868 kB
Time pass: 292 sec

---2015-12-05 14:07:44
MemTotal:        2905316 kB
MemFree:           73820 kB
Buffers:           24672 kB
Cached:          1023820 kB
SwapCached:            0 kB
Active:          1316656 kB
Inactive:         708540 kB
Active(anon):     814768 kB
Inactive(anon):   205840 kB
Active(file):     501888 kB
Inactive(file):   502700 kB
Unevictable:       12772 kB
Mlocked:               0 kB
SwapTotal:        720184 kB
SwapFree:         720156 kB
Dirty:                 4 kB
Writeback:             0 kB
AnonPages:        989580 kB
Mapped:           651468 kB
Shmem:             31132 kB
Slab:             122156 kB
SReclaimable:      39480 kB
SUnreclaim:        82676 kB
KernelStack:       33200 kB
PageTables:        57348 kB
NFS_Unstable:          0 kB
Bounce:                0 kB
WritebackTmp:          0 kB
CommitLimit:     2172840 kB
Committed_AS:   93836404 kB
VmallocTotal:   251658176 kB
VmallocUsed:      141016 kB
VmallocChunk:   251405868 kB
Time pass: 296 sec

---2015-12-05 14:07:44
MemTotal:        2905316 kB
MemFree:           73720 kB
Buffers:           24672 kB
Cached:          1023832 kB
SwapCached:            0 kB
Active:          1316636 kB
Inactive:         708552 kB
Active(anon):     814748 kB
Inactive(anon):   205844 kB
Active(file):     501888 kB
Inactive(file):   502708 kB
Unevictable:       12772 kB
Mlocked:               0 kB
SwapTotal:        720184 kB
SwapFree:         720156 kB
Dirty:                48 kB
Writeback:             0 kB
AnonPages:        989544 kB
Mapped:           651412 kB
Shmem:             31136 kB
Slab:             122156 kB
SReclaimable:      39480 kB
SUnreclaim:        82676 kB
KernelStack:       33184 kB
PageTables:        57328 kB
NFS_Unstable:          0 kB
Bounce:                0 kB
WritebackTmp:          0 kB
CommitLimit:     2172840 kB
Committed_AS:   93836424 kB
VmallocTotal:   251658176 kB
VmallocUsed:      141016 kB
VmallocChunk:   251405868 kB
Time pass: 300 sec

---2015-12-05 14:07:44
MemTotal:        2905316 kB
MemFree:           73200 kB
Buffers:           24696 kB
Cached:          1023872 kB
SwapCached:            0 kB
Active:          1317456 kB
Inactive:         708604 kB
Active(anon):     815556 kB
Inactive(anon):   205848 kB
Active(file):     501900 kB
Inactive(file):   502756 kB
Unevictable:       12772 kB
Mlocked:               0 kB
SwapTotal:        720184 kB
SwapFree:         720156 kB
Dirty:               100 kB
Writeback:             0 kB
AnonPages:        990244 kB
Mapped:           651424 kB
Shmem:             31140 kB
Slab:             122156 kB
SReclaimable:      39480 kB
SUnreclaim:        82676 kB
KernelStack:       33184 kB
PageTables:        57332 kB
NFS_Unstable:          0 kB
Bounce:                0 kB
WritebackTmp:          0 kB
CommitLimit:     2172840 kB
Committed_AS:   93836400 kB
VmallocTotal:   251658176 kB
VmallocUsed:      141016 kB
VmallocChunk:   251405868 kB
Time pass: 303 sec

---2015-12-05 14:07:44
MemTotal:        2905316 kB
MemFree:           72760 kB
Buffers:           24704 kB
Cached:          1023904 kB
SwapCached:            0 kB
Active:          1317904 kB
Inactive:         708636 kB
Active(anon):     815996 kB
Inactive(anon):   205876 kB
Active(file):     501908 kB
Inactive(file):   502760 kB
Unevictable:       12772 kB
Mlocked:               0 kB
SwapTotal:        720184 kB
SwapFree:         720156 kB
Dirty:                60 kB
Writeback:             0 kB
AnonPages:        990660 kB
Mapped:           651472 kB
Shmem:             31168 kB
Slab:             122156 kB
SReclaimable:      39480 kB
SUnreclaim:        82676 kB
KernelStack:       33184 kB
PageTables:        57320 kB
NFS_Unstable:          0 kB
Bounce:                0 kB
WritebackTmp:          0 kB
CommitLimit:     2172840 kB
Committed_AS:   93836388 kB
VmallocTotal:   251658176 kB
VmallocUsed:      141016 kB
VmallocChunk:   251405868 kB
Time pass: 307 sec

---2015-12-05 14:07:44
MemTotal:        2905316 kB
MemFree:           72280 kB
Buffers:           24704 kB
Cached:          1023968 kB
SwapCached:            0 kB
Active:          1317936 kB
Inactive:         708700 kB
Active(anon):     816028 kB
Inactive(anon):   205876 kB
Active(file):     501908 kB
Inactive(file):   502824 kB
Unevictable:       12772 kB
Mlocked:               0 kB
SwapTotal:        720184 kB
SwapFree:         720156 kB
Dirty:                 8 kB
Writeback:             0 kB
AnonPages:        990828 kB
Mapped:           651476 kB
Shmem:             31168 kB
Slab:             122156 kB
SReclaimable:      39480 kB
SUnreclaim:        82676 kB
KernelStack:       33168 kB
PageTables:        57328 kB
NFS_Unstable:          0 kB
Bounce:                0 kB
WritebackTmp:          0 kB
CommitLimit:     2172840 kB
Committed_AS:   93836372 kB
VmallocTotal:   251658176 kB
VmallocUsed:      141016 kB
VmallocChunk:   251405868 kB
Time pass: 311 sec

---2015-12-05 14:07:44
MemTotal:        2905316 kB
MemFree:           71840 kB
Buffers:           24728 kB
Cached:          1023996 kB
SwapCached:            0 kB
Active:          1318636 kB
Inactive:         708740 kB
Active(anon):     816716 kB
Inactive(anon):   205876 kB
Active(file):     501920 kB
Inactive(file):   502864 kB
Unevictable:       12772 kB
Mlocked:               0 kB
SwapTotal:        720184 kB
SwapFree:         720156 kB
Dirty:                96 kB
Writeback:             0 kB
AnonPages:        991276 kB
Mapped:           651476 kB
Shmem:             31168 kB
Slab:             122156 kB
SReclaimable:      39480 kB
SUnreclaim:        82676 kB
KernelStack:       33168 kB
PageTables:        57328 kB
NFS_Unstable:          0 kB
Bounce:                0 kB
WritebackTmp:          0 kB
CommitLimit:     2172840 kB
Committed_AS:   93836348 kB
VmallocTotal:   251658176 kB
VmallocUsed:      141016 kB
VmallocChunk:   251405868 kB
Time pass: 315 sec

---2015-12-05 14:07:44
MemTotal:        2905316 kB
MemFree:           70004 kB
Buffers:           24728 kB
Cached:          1024104 kB
SwapCached:            0 kB
Active:          1320092 kB
Inactive:         708828 kB
Active(anon):     818152 kB
Inactive(anon):   205936 kB
Active(file):     501940 kB
Inactive(file):   502892 kB
Unevictable:       12772 kB
Mlocked:               0 kB
SwapTotal:        720184 kB
SwapFree:         720156 kB
Dirty:                56 kB
Writeback:             0 kB
AnonPages:        992940 kB
Mapped:           651556 kB
Shmem:             31228 kB
Slab:             122132 kB
SReclaimable:      39480 kB
SUnreclaim:        82652 kB
KernelStack:       33120 kB
PageTables:        57376 kB
NFS_Unstable:          0 kB
Bounce:                0 kB
WritebackTmp:          0 kB
CommitLimit:     2172840 kB
Committed_AS:   93862888 kB
VmallocTotal:   251658176 kB
VmallocUsed:      141016 kB
VmallocChunk:   251405868 kB
Time pass: 318 sec

---2015-12-05 14:07:44
MemTotal:        2905316 kB
MemFree:           69976 kB
Buffers:           24736 kB
Cached:          1024104 kB
SwapCached:            0 kB
Active:          1320228 kB
Inactive:         708832 kB
Active(anon):     818284 kB
Inactive(anon):   205936 kB
Active(file):     501944 kB
Inactive(file):   502896 kB
Unevictable:       12772 kB
Mlocked:               0 kB
SwapTotal:        720184 kB
SwapFree:         720156 kB
Dirty:                64 kB
Writeback:             0 kB
AnonPages:        993080 kB
Mapped:           651560 kB
Shmem:             31228 kB
Slab:             122132 kB
SReclaimable:      39480 kB
SUnreclaim:        82652 kB
KernelStack:       33088 kB
PageTables:        57372 kB
NFS_Unstable:          0 kB
Bounce:                0 kB
WritebackTmp:          0 kB
CommitLimit:     2172840 kB
Committed_AS:   93862900 kB
VmallocTotal:   251658176 kB
VmallocUsed:      141016 kB
VmallocChunk:   251405868 kB
Time pass: 322 sec

---2015-12-05 14:07:44
MemTotal:        2905316 kB
MemFree:           69448 kB
Buffers:           24760 kB
Cached:          1024100 kB
SwapCached:            0 kB
Active:          1320332 kB
Inactive:         708852 kB
Active(anon):     818388 kB
Inactive(anon):   205940 kB
Active(file):     501944 kB
Inactive(file):   502912 kB
Unevictable:       12772 kB
Mlocked:               0 kB
SwapTotal:        720184 kB
SwapFree:         720156 kB
Dirty:                16 kB
Writeback:             0 kB
AnonPages:        993008 kB
Mapped:           651640 kB
Shmem:             31232 kB
Slab:             122132 kB
SReclaimable:      39480 kB
SUnreclaim:        82652 kB
KernelStack:       33120 kB
PageTables:        57392 kB
NFS_Unstable:          0 kB
Bounce:                0 kB
WritebackTmp:          0 kB
CommitLimit:     2172840 kB
Committed_AS:   93862924 kB
VmallocTotal:   251658176 kB
VmallocUsed:      141016 kB
VmallocChunk:   251405868 kB
Time pass: 326 sec

---2015-12-05 14:07:44
MemTotal:        2905316 kB
MemFree:           69032 kB
Buffers:           24760 kB
Cached:          1024248 kB
SwapCached:            0 kB
Active:          1320852 kB
Inactive:         708980 kB
Active(anon):     818888 kB
Inactive(anon):   205940 kB
Active(file):     501964 kB
Inactive(file):   503040 kB
Unevictable:       12772 kB
Mlocked:               0 kB
SwapTotal:        720184 kB
SwapFree:         720156 kB
Dirty:               140 kB
Writeback:             0 kB
AnonPages:        993620 kB
Mapped:           651660 kB
Shmem:             31232 kB
Slab:             122132 kB
SReclaimable:      39480 kB
SUnreclaim:        82652 kB
KernelStack:       33120 kB
PageTables:        57384 kB
NFS_Unstable:          0 kB
Bounce:                0 kB
WritebackTmp:          0 kB
CommitLimit:     2172840 kB
Committed_AS:   93862924 kB
VmallocTotal:   251658176 kB
VmallocUsed:      141016 kB
VmallocChunk:   251405868 kB
Time pass: 330 sec

---2015-12-05 14:07:44
MemTotal:        2905316 kB
MemFree:           77832 kB
Buffers:           24768 kB
Cached:          1024252 kB
SwapCached:            0 kB
Active:          1312464 kB
Inactive:         708984 kB
Active(anon):     810492 kB
Inactive(anon):   205940 kB
Active(file):     501972 kB
Inactive(file):   503044 kB
Unevictable:       12772 kB
Mlocked:               0 kB
SwapTotal:        720184 kB
SwapFree:         720156 kB
Dirty:                64 kB
Writeback:             0 kB
AnonPages:        984932 kB
Mapped:           651672 kB
Shmem:             31232 kB
Slab:             122132 kB
SReclaimable:      39480 kB
SUnreclaim:        82652 kB
KernelStack:       33120 kB
PageTables:        57384 kB
NFS_Unstable:          0 kB
Bounce:                0 kB
WritebackTmp:          0 kB
CommitLimit:     2172840 kB
Committed_AS:   93862912 kB
VmallocTotal:   251658176 kB
VmallocUsed:      141016 kB
VmallocChunk:   251405868 kB
Time pass: 333 sec

---2015-12-05 14:07:44
MemTotal:        2905316 kB
MemFree:           77368 kB
Buffers:           24768 kB
Cached:          1024396 kB
SwapCached:            0 kB
Active:          1313260 kB
Inactive:         709092 kB
Active(anon):     811252 kB
Inactive(anon):   205944 kB
Active(file):     502008 kB
Inactive(file):   503148 kB
Unevictable:       12772 kB
Mlocked:               0 kB
SwapTotal:        720184 kB
SwapFree:         720156 kB
Dirty:                 8 kB
Writeback:             0 kB
AnonPages:        985888 kB
Mapped:           651744 kB
Shmem:             31236 kB
Slab:             122132 kB
SReclaimable:      39480 kB
SUnreclaim:        82652 kB
KernelStack:       33072 kB
PageTables:        57384 kB
NFS_Unstable:          0 kB
Bounce:                0 kB
WritebackTmp:          0 kB
CommitLimit:     2172840 kB
Committed_AS:   93862920 kB
VmallocTotal:   251658176 kB
VmallocUsed:      141016 kB
VmallocChunk:   251405868 kB
Time pass: 337 sec

---2015-12-05 14:07:44
MemTotal:        2905316 kB
MemFree:           76524 kB
Buffers:           24792 kB
Cached:          1024448 kB
SwapCached:            0 kB
Active:          1313608 kB
Inactive:         709156 kB
Active(anon):     811588 kB
Inactive(anon):   205944 kB
Active(file):     502020 kB
Inactive(file):   503212 kB
Unevictable:       12772 kB
Mlocked:               0 kB
SwapTotal:        720184 kB
SwapFree:         720156 kB
Dirty:                 4 kB
Writeback:             0 kB
AnonPages:        986312 kB
Mapped:           651800 kB
Shmem:             31236 kB
Slab:             122132 kB
SReclaimable:      39480 kB
SUnreclaim:        82652 kB
KernelStack:       33120 kB
PageTables:        57384 kB
NFS_Unstable:          0 kB
Bounce:                0 kB
WritebackTmp:          0 kB
CommitLimit:     2172840 kB
Committed_AS:   93862864 kB
VmallocTotal:   251658176 kB
VmallocUsed:      141016 kB
VmallocChunk:   251405868 kB
Time pass: 341 sec

---2015-12-05 14:07:44
MemTotal:        2905316 kB
MemFree:           76324 kB
Buffers:           24800 kB
Cached:          1024476 kB
SwapCached:            0 kB
Active:          1313900 kB
Inactive:         709192 kB
Active(anon):     811880 kB
Inactive(anon):   205972 kB
Active(file):     502020 kB
Inactive(file):   503220 kB
Unevictable:       12772 kB
Mlocked:               0 kB
SwapTotal:        720184 kB
SwapFree:         720156 kB
Dirty:                56 kB
Writeback:             0 kB
AnonPages:        986576 kB
Mapped:           651772 kB
Shmem:             31264 kB
Slab:             122132 kB
SReclaimable:      39480 kB
SUnreclaim:        82652 kB
KernelStack:       33120 kB
PageTables:        57356 kB
NFS_Unstable:          0 kB
Bounce:                0 kB
WritebackTmp:          0 kB
CommitLimit:     2172840 kB
Committed_AS:   93862924 kB
VmallocTotal:   251658176 kB
VmallocUsed:      141016 kB
VmallocChunk:   251405868 kB
Time pass: 345 sec

---2015-12-05 14:07:44
MemTotal:        2905316 kB
MemFree:           75336 kB
Buffers:           24800 kB
Cached:          1024540 kB
SwapCached:            0 kB
Active:          1314648 kB
Inactive:         709256 kB
Active(anon):     812628 kB
Inactive(anon):   206036 kB
Active(file):     502020 kB
Inactive(file):   503220 kB
Unevictable:       12772 kB
Mlocked:               0 kB
SwapTotal:        720184 kB
SwapFree:         720156 kB
Dirty:                 4 kB
Writeback:             0 kB
AnonPages:        987168 kB
Mapped:           651844 kB
Shmem:             31328 kB
Slab:             122128 kB
SReclaimable:      39480 kB
SUnreclaim:        82648 kB
KernelStack:       33120 kB
PageTables:        57408 kB
NFS_Unstable:          0 kB
Bounce:                0 kB
WritebackTmp:          0 kB
CommitLimit:     2172840 kB
Committed_AS:   93889524 kB
VmallocTotal:   251658176 kB
VmallocUsed:      141016 kB
VmallocChunk:   251405868 kB
Time pass: 349 sec

---2015-12-05 14:07:44
MemTotal:        2905316 kB
MemFree:           74372 kB
Buffers:           24832 kB
Cached:          1024576 kB
SwapCached:            0 kB
Active:          1314936 kB
Inactive:         709316 kB
Active(anon):     812908 kB
Inactive(anon):   206036 kB
Active(file):     502028 kB
Inactive(file):   503280 kB
Unevictable:       12772 kB
Mlocked:               0 kB
SwapTotal:        720184 kB
SwapFree:         720156 kB
Dirty:               112 kB
Writeback:             0 kB
AnonPages:        987744 kB
Mapped:           651844 kB
Shmem:             31328 kB
Slab:             122128 kB
SReclaimable:      39480 kB
SUnreclaim:        82648 kB
KernelStack:       33088 kB
PageTables:        57412 kB
NFS_Unstable:          0 kB
Bounce:                0 kB
WritebackTmp:          0 kB
CommitLimit:     2172840 kB
Committed_AS:   93889496 kB
VmallocTotal:   251658176 kB
VmallocUsed:      141016 kB
VmallocChunk:   251405868 kB
Time pass: 352 sec

---2015-12-05 14:07:44
MemTotal:        2905316 kB
MemFree:           64972 kB
Buffers:           23540 kB
Cached:          1027840 kB
SwapCached:            0 kB
Active:          1330544 kB
Inactive:         712432 kB
Active(anon):     828588 kB
Inactive(anon):   207316 kB
Active(file):     501956 kB
Inactive(file):   505116 kB
Unevictable:       12772 kB
Mlocked:               0 kB
SwapTotal:        720184 kB
SwapFree:         720156 kB
Dirty:                96 kB
Writeback:             8 kB
AnonPages:       1004740 kB
Mapped:           652236 kB
Shmem:             31328 kB
Slab:             118272 kB
SReclaimable:      35848 kB
SUnreclaim:        82424 kB
KernelStack:       33936 kB
PageTables:        57704 kB
NFS_Unstable:          0 kB
Bounce:                0 kB
WritebackTmp:          0 kB
CommitLimit:     2172840 kB
Committed_AS:   94943516 kB
VmallocTotal:   251658176 kB
VmallocUsed:      141016 kB
VmallocChunk:   251405868 kB
Time pass: 356 sec

---2015-12-05 14:07:44
MemTotal:        2905316 kB
MemFree:           75792 kB
Buffers:           23540 kB
Cached:          1020488 kB
SwapCached:            0 kB
Active:          1327720 kB
Inactive:         704600 kB
Active(anon):     824712 kB
Inactive(anon):   207716 kB
Active(file):     503008 kB
Inactive(file):   496884 kB
Unevictable:       12776 kB
Mlocked:               0 kB
SwapTotal:        720184 kB
SwapFree:         720156 kB
Dirty:               116 kB
Writeback:             0 kB
AnonPages:       1001192 kB
Mapped:           651196 kB
Shmem:             31328 kB
Slab:             118272 kB
SReclaimable:      35848 kB
SUnreclaim:        82424 kB
KernelStack:       33968 kB
PageTables:        57836 kB
NFS_Unstable:          0 kB
Bounce:                0 kB
WritebackTmp:          0 kB
CommitLimit:     2172840 kB
Committed_AS:   94944128 kB
VmallocTotal:   251658176 kB
VmallocUsed:      141016 kB
VmallocChunk:   251405868 kB
Time pass: 360 sec

---2015-12-05 14:07:44
MemTotal:        2905316 kB
MemFree:           75360 kB
Buffers:           23564 kB
Cached:          1020632 kB
SwapCached:            0 kB
Active:          1328240 kB
Inactive:         704752 kB
Active(anon):     825216 kB
Inactive(anon):   207716 kB
Active(file):     503024 kB
Inactive(file):   497036 kB
Unevictable:       12776 kB
Mlocked:               0 kB
SwapTotal:        720184 kB
SwapFree:         720156 kB
Dirty:               192 kB
Writeback:             0 kB
AnonPages:       1001880 kB
Mapped:           651252 kB
Shmem:             31328 kB
Slab:             118304 kB
SReclaimable:      35880 kB
SUnreclaim:        82424 kB
KernelStack:       34000 kB
PageTables:        57836 kB
NFS_Unstable:          0 kB
Bounce:                0 kB
WritebackTmp:          0 kB
CommitLimit:     2172840 kB
Committed_AS:   94944184 kB
VmallocTotal:   251658176 kB
VmallocUsed:      141016 kB
VmallocChunk:   251405868 kB
Time pass: 364 sec

---2015-12-05 14:07:44
MemTotal:        2905316 kB
MemFree:           75092 kB
Buffers:           23572 kB
Cached:          1020628 kB
SwapCached:            0 kB
Active:          1328452 kB
Inactive:         704780 kB
Active(anon):     825420 kB
Inactive(anon):   207716 kB
Active(file):     503032 kB
Inactive(file):   497064 kB
Unevictable:       12776 kB
Mlocked:               0 kB
SwapTotal:        720184 kB
SwapFree:         720156 kB
Dirty:                16 kB
Writeback:             0 kB
AnonPages:       1001924 kB
Mapped:           651332 kB
Shmem:             31328 kB
Slab:             118176 kB
SReclaimable:      35752 kB
SUnreclaim:        82424 kB
KernelStack:       34000 kB
PageTables:        57864 kB
NFS_Unstable:          0 kB
Bounce:                0 kB
WritebackTmp:          0 kB
CommitLimit:     2172840 kB
Committed_AS:   94944184 kB
VmallocTotal:   251658176 kB
VmallocUsed:      141016 kB
VmallocChunk:   251405868 kB
Time pass: 367 sec

---2015-12-05 14:07:44
MemTotal:        2905316 kB
MemFree:           75360 kB
Buffers:           23572 kB
Cached:          1020640 kB
SwapCached:            0 kB
Active:          1328636 kB
Inactive:         704792 kB
Active(anon):     825604 kB
Inactive(anon):   207720 kB
Active(file):     503032 kB
Inactive(file):   497072 kB
Unevictable:       12776 kB
Mlocked:               0 kB
SwapTotal:        720184 kB
SwapFree:         720156 kB
Dirty:                 4 kB
Writeback:             0 kB
AnonPages:       1002004 kB
Mapped:           651284 kB
Shmem:             31332 kB
Slab:             118148 kB
SReclaimable:      35752 kB
SUnreclaim:        82396 kB
KernelStack:       33968 kB
PageTables:        57832 kB
NFS_Unstable:          0 kB
Bounce:                0 kB
WritebackTmp:          0 kB
CommitLimit:     2172840 kB
Committed_AS:   94944208 kB
VmallocTotal:   251658176 kB
VmallocUsed:      141016 kB
VmallocChunk:   251405868 kB
Time pass: 371 sec

---2015-12-05 14:07:44
MemTotal:        2905316 kB
MemFree:           74388 kB
Buffers:           23588 kB
Cached:          1020672 kB
SwapCached:            0 kB
Active:          1329288 kB
Inactive:         704832 kB
Active(anon):     826252 kB
Inactive(anon):   207720 kB
Active(file):     503036 kB
Inactive(file):   497112 kB
Unevictable:       12776 kB
Mlocked:               0 kB
SwapTotal:        720184 kB
SwapFree:         720156 kB
Dirty:                96 kB
Writeback:             0 kB
AnonPages:       1002520 kB
Mapped:           651348 kB
Shmem:             31332 kB
Slab:             118088 kB
SReclaimable:      35752 kB
SUnreclaim:        82336 kB
KernelStack:       34000 kB
PageTables:        57868 kB
NFS_Unstable:          0 kB
Bounce:                0 kB
WritebackTmp:          0 kB
CommitLimit:     2172840 kB
Committed_AS:   94944196 kB
VmallocTotal:   251658176 kB
VmallocUsed:      141016 kB
VmallocChunk:   251405868 kB
Time pass: 375 sec

---2015-12-05 14:07:44
MemTotal:        2905316 kB
MemFree:           74044 kB
Buffers:           23588 kB
Cached:          1020736 kB
SwapCached:            0 kB
Active:          1329760 kB
Inactive:         704892 kB
Active(anon):     826716 kB
Inactive(anon):   207780 kB
Active(file):     503044 kB
Inactive(file):   497112 kB
Unevictable:       12776 kB
Mlocked:               0 kB
SwapTotal:        720184 kB
SwapFree:         720156 kB
Dirty:                68 kB
Writeback:             0 kB
AnonPages:       1003080 kB
Mapped:           651348 kB
Shmem:             31392 kB
Slab:             118088 kB
SReclaimable:      35752 kB
SUnreclaim:        82336 kB
KernelStack:       34016 kB
PageTables:        57892 kB
NFS_Unstable:          0 kB
Bounce:                0 kB
WritebackTmp:          0 kB
CommitLimit:     2172840 kB
Committed_AS:   94971080 kB
VmallocTotal:   251658176 kB
VmallocUsed:      141016 kB
VmallocChunk:   251405868 kB
Time pass: 378 sec

---2015-12-05 14:07:44
MemTotal:        2905316 kB
MemFree:           73472 kB
Buffers:           23596 kB
Cached:          1020740 kB
SwapCached:            0 kB
Active:          1329844 kB
Inactive:         704896 kB
Active(anon):     826796 kB
Inactive(anon):   207776 kB
Active(file):     503048 kB
Inactive(file):   497120 kB
Unevictable:       12776 kB
Mlocked:               0 kB
SwapTotal:        720184 kB
SwapFree:         720156 kB
Dirty:                 4 kB
Writeback:             0 kB
AnonPages:       1003260 kB
Mapped:           651352 kB
Shmem:             31392 kB
Slab:             118088 kB
SReclaimable:      35752 kB
SUnreclaim:        82336 kB
KernelStack:       33984 kB
PageTables:        57892 kB
NFS_Unstable:          0 kB
Bounce:                0 kB
WritebackTmp:          0 kB
CommitLimit:     2172840 kB
Committed_AS:   94971104 kB
VmallocTotal:   251658176 kB
VmallocUsed:      141016 kB
VmallocChunk:   251405868 kB
Time pass: 382 sec

---2015-12-05 14:07:44
MemTotal:        2905316 kB
MemFree:           72996 kB
Buffers:           23620 kB
Cached:          1020724 kB
SwapCached:            0 kB
Active:          1330944 kB
Inactive:         704900 kB
Active(anon):     827896 kB
Inactive(anon):   207772 kB
Active(file):     503048 kB
Inactive(file):   497128 kB
Unevictable:       12776 kB
Mlocked:               0 kB
SwapTotal:        720184 kB
SwapFree:         720156 kB
Dirty:                20 kB
Writeback:             0 kB
AnonPages:       1004620 kB
Mapped:           651368 kB
Shmem:             31392 kB
Slab:             118088 kB
SReclaimable:      35752 kB
SUnreclaim:        82336 kB
KernelStack:       34016 kB
PageTables:        57892 kB
NFS_Unstable:          0 kB
Bounce:                0 kB
WritebackTmp:          0 kB
CommitLimit:     2172840 kB
Committed_AS:   94971412 kB
VmallocTotal:   251658176 kB
VmallocUsed:      141016 kB
VmallocChunk:   251405868 kB
Time pass: 386 sec

---2015-12-05 14:07:44
MemTotal:        2905316 kB
MemFree:           72612 kB
Buffers:           23628 kB
Cached:          1020768 kB
SwapCached:            0 kB
Active:          1330912 kB
Inactive:         704940 kB
