---2015-12-10 00:29:21
MemTotal:        1421560 kB
MemFree:           85620 kB
Buffers:           11900 kB
Cached:           801200 kB
SwapCached:            0 kB
Active:           709764 kB
Inactive:         452484 kB
Active(anon):     350752 kB
Inactive(anon):      528 kB
Active(file):     359012 kB
Inactive(file):   451956 kB
Unevictable:        1516 kB
Mlocked:               0 kB
HighTotal:        885760 kB
HighFree:          32604 kB
LowTotal:         535800 kB
LowFree:           53016 kB
SwapTotal:             0 kB
SwapFree:              0 kB
Dirty:                 0 kB
Writeback:             0 kB
AnonPages:        350792 kB
Mapped:           331676 kB
Shmem:               616 kB
Slab:              44500 kB
SReclaimable:      14512 kB
SUnreclaim:        29988 kB
KernelStack:       10640 kB
PageTables:        26752 kB
NFS_Unstable:          0 kB
Bounce:                0 kB
WritebackTmp:          0 kB
CommitLimit:      710780 kB
Committed_AS:   36703632 kB
VmallocTotal:     460800 kB
VmallocUsed:       28556 kB
VmallocChunk:     174108 kB
Time pass: 3 sec

---2015-12-10 00:29:21
MemTotal:        1421560 kB
MemFree:           85652 kB
Buffers:           11900 kB
Cached:           801208 kB
SwapCached:            0 kB
Active:           709876 kB
Inactive:         452484 kB
Active(anon):     350864 kB
Inactive(anon):      528 kB
Active(file):     359012 kB
Inactive(file):   451956 kB
Unevictable:        1516 kB
Mlocked:               0 kB
HighTotal:        885760 kB
HighFree:          32604 kB
LowTotal:         535800 kB
LowFree:           53048 kB
SwapTotal:             0 kB
SwapFree:              0 kB
Dirty:                 0 kB
Writeback:             0 kB
AnonPages:        350980 kB
Mapped:           331680 kB
Shmem:               616 kB
Slab:              44472 kB
SReclaimable:      14512 kB
SUnreclaim:        29960 kB
KernelStack:       10640 kB
PageTables:        26752 kB
NFS_Unstable:          0 kB
Bounce:                0 kB
WritebackTmp:          0 kB
CommitLimit:      710780 kB
Committed_AS:   36703540 kB
VmallocTotal:     460800 kB
VmallocUsed:       28556 kB
VmallocChunk:     174108 kB
Time pass: 6 sec

---2015-12-10 00:29:21
MemTotal:        1421560 kB
MemFree:           86908 kB
Buffers:           11900 kB
Cached:           801208 kB
SwapCached:            0 kB
Active:           708456 kB
Inactive:         452484 kB
Active(anon):     349444 kB
Inactive(anon):      528 kB
Active(file):     359012 kB
Inactive(file):   451956 kB
Unevictable:        1516 kB
Mlocked:               0 kB
HighTotal:        885760 kB
HighFree:          33828 kB
LowTotal:         535800 kB
LowFree:           53080 kB
SwapTotal:             0 kB
SwapFree:              0 kB
Dirty:                 0 kB
Writeback:             0 kB
AnonPages:        349540 kB
Mapped:           331828 kB
Shmem:               616 kB
Slab:              44452 kB
SReclaimable:      14512 kB
SUnreclaim:        29940 kB
KernelStack:       10640 kB
PageTables:        26752 kB
NFS_Unstable:          0 kB
Bounce:                0 kB
WritebackTmp:          0 kB
CommitLimit:      710780 kB
Committed_AS:   36703740 kB
VmallocTotal:     460800 kB
VmallocUsed:       28556 kB
VmallocChunk:     174108 kB
Time pass: 10 sec

---2015-12-10 00:29:21
MemTotal:        1421560 kB
MemFree:           86528 kB
Buffers:           11900 kB
Cached:           801208 kB
SwapCached:            0 kB
Active:           708608 kB
Inactive:         452492 kB
Active(anon):     349596 kB
Inactive(anon):      528 kB
Active(file):     359012 kB
Inactive(file):   451964 kB
Unevictable:        1516 kB
Mlocked:               0 kB
HighTotal:        885760 kB
HighFree:          33608 kB
LowTotal:         535800 kB
LowFree:           52920 kB
SwapTotal:             0 kB
SwapFree:              0 kB
Dirty:                 0 kB
Writeback:             0 kB
AnonPages:        349660 kB
Mapped:           331676 kB
Shmem:               616 kB
Slab:              44620 kB
SReclaimable:      14512 kB
SUnreclaim:        30108 kB
KernelStack:       10640 kB
PageTables:        26752 kB
NFS_Unstable:          0 kB
Bounce:                0 kB
WritebackTmp:          0 kB
CommitLimit:      710780 kB
Committed_AS:   36703904 kB
VmallocTotal:     460800 kB
VmallocUsed:       28556 kB
VmallocChunk:     174108 kB
Time pass: 13 sec

---2015-12-10 00:29:21
MemTotal:        1421560 kB
MemFree:           86520 kB
Buffers:           11900 kB
Cached:           801208 kB
SwapCached:            0 kB
Active:           708764 kB
Inactive:         452492 kB
Active(anon):     349752 kB
Inactive(anon):      528 kB
Active(file):     359012 kB
Inactive(file):   451964 kB
Unevictable:        1516 kB
Mlocked:               0 kB
HighTotal:        885760 kB
HighFree:          33552 kB
LowTotal:         535800 kB
LowFree:           52968 kB
SwapTotal:             0 kB
SwapFree:              0 kB
Dirty:                 0 kB
Writeback:             0 kB
AnonPages:        349756 kB
Mapped:           331772 kB
Shmem:               616 kB
Slab:              44600 kB
SReclaimable:      14512 kB
SUnreclaim:        30088 kB
KernelStack:       10640 kB
PageTables:        26736 kB
NFS_Unstable:          0 kB
Bounce:                0 kB
WritebackTmp:          0 kB
CommitLimit:      710780 kB
Committed_AS:   36704056 kB
VmallocTotal:     460800 kB
VmallocUsed:       28556 kB
VmallocChunk:     174108 kB
Time pass: 17 sec

---2015-12-10 00:29:21
MemTotal:        1421560 kB
MemFree:           85884 kB
Buffers:           11900 kB
Cached:           801536 kB
SwapCached:            0 kB
Active:           709080 kB
Inactive:         452816 kB
Active(anon):     350068 kB
Inactive(anon):      528 kB
Active(file):     359012 kB
Inactive(file):   452288 kB
Unevictable:        1516 kB
Mlocked:               0 kB
HighTotal:        885760 kB
HighFree:          32932 kB
LowTotal:         535800 kB
LowFree:           52952 kB
SwapTotal:             0 kB
SwapFree:              0 kB
Dirty:                 0 kB
Writeback:             0 kB
AnonPages:        350136 kB
Mapped:           331872 kB
Shmem:               616 kB
Slab:              44604 kB
SReclaimable:      14512 kB
SUnreclaim:        30092 kB
KernelStack:       10640 kB
PageTables:        26752 kB
NFS_Unstable:          0 kB
Bounce:                0 kB
WritebackTmp:          0 kB
CommitLimit:      710780 kB
Committed_AS:   36704184 kB
VmallocTotal:     460800 kB
VmallocUsed:       28556 kB
VmallocChunk:     174108 kB
Time pass: 21 sec

---2015-12-10 00:29:21
MemTotal:        1421560 kB
MemFree:           23836 kB
Buffers:           11672 kB
Cached:           828960 kB
SwapCached:            0 kB
Active:           731952 kB
Inactive:         477260 kB
Active(anon):     370260 kB
Inactive(anon):      688 kB
Active(file):     361692 kB
Inactive(file):   476572 kB
Unevictable:        1516 kB
Mlocked:               0 kB
HighTotal:        885760 kB
HighFree:           6248 kB
LowTotal:         535800 kB
LowFree:           17588 kB
SwapTotal:             0 kB
SwapFree:              0 kB
Dirty:               980 kB
Writeback:             0 kB
AnonPages:        370236 kB
Mapped:           358416 kB
Shmem:               788 kB
Slab:              44460 kB
SReclaimable:      14396 kB
SUnreclaim:        30064 kB
KernelStack:       11120 kB
PageTables:        27536 kB
NFS_Unstable:          0 kB
Bounce:                0 kB
WritebackTmp:          0 kB
CommitLimit:      710780 kB
Committed_AS:   37581224 kB
VmallocTotal:     460800 kB
VmallocUsed:       28704 kB
VmallocChunk:     174108 kB
Time pass: 24 sec

---2015-12-10 00:29:21
MemTotal:        1421560 kB
MemFree:           27068 kB
Buffers:           11052 kB
Cached:           812980 kB
SwapCached:            0 kB
Active:           732556 kB
Inactive:         456888 kB
Active(anon):     367016 kB
Inactive(anon):      660 kB
Active(file):     365540 kB
Inactive(file):   456228 kB
Unevictable:        1516 kB
Mlocked:               0 kB
HighTotal:        885760 kB
HighFree:           9964 kB
LowTotal:         535800 kB
LowFree:           17104 kB
SwapTotal:             0 kB
SwapFree:              0 kB
Dirty:               132 kB
Writeback:             0 kB
AnonPages:        367180 kB
Mapped:           373924 kB
Shmem:               748 kB
Slab:              44512 kB
SReclaimable:      14492 kB
SUnreclaim:        30020 kB
KernelStack:       11152 kB
PageTables:        27636 kB
NFS_Unstable:          0 kB
Bounce:                0 kB
WritebackTmp:          0 kB
CommitLimit:      710780 kB
Committed_AS:   37548336 kB
VmallocTotal:     460800 kB
VmallocUsed:       28760 kB
VmallocChunk:     174108 kB
Time pass: 28 sec

---2015-12-10 00:29:21
MemTotal:        1421560 kB
MemFree:           23988 kB
Buffers:           11020 kB
Cached:           802664 kB
SwapCached:            0 kB
Active:           734728 kB
Inactive:         444424 kB
Active(anon):     367264 kB
Inactive(anon):      660 kB
Active(file):     367464 kB
Inactive(file):   443764 kB
Unevictable:        1516 kB
Mlocked:               0 kB
HighTotal:        885760 kB
HighFree:           5940 kB
LowTotal:         535800 kB
LowFree:           18048 kB
SwapTotal:             0 kB
SwapFree:              0 kB
Dirty:               300 kB
Writeback:             0 kB
AnonPages:        367172 kB
Mapped:           383220 kB
Shmem:               748 kB
Slab:              44412 kB
SReclaimable:      14460 kB
SUnreclaim:        29952 kB
KernelStack:       11152 kB
PageTables:        27648 kB
NFS_Unstable:          0 kB
Bounce:                0 kB
WritebackTmp:          0 kB
CommitLimit:      710780 kB
Committed_AS:   37450848 kB
VmallocTotal:     460800 kB
VmallocUsed:       28820 kB
VmallocChunk:     174108 kB
Time pass: 32 sec

---2015-12-10 00:29:21
MemTotal:        1421560 kB
MemFree:           24340 kB
Buffers:           11028 kB
Cached:           802600 kB
SwapCached:            0 kB
Active:           734620 kB
Inactive:         444380 kB
Active(anon):     366980 kB
Inactive(anon):      660 kB
Active(file):     367640 kB
Inactive(file):   443720 kB
Unevictable:        1516 kB
Mlocked:               0 kB
HighTotal:        885760 kB
HighFree:           6316 kB
LowTotal:         535800 kB
LowFree:           18024 kB
SwapTotal:             0 kB
SwapFree:              0 kB
Dirty:               116 kB
Writeback:             0 kB
AnonPages:        366964 kB
Mapped:           383444 kB
Shmem:               748 kB
Slab:              44492 kB
SReclaimable:      14444 kB
SUnreclaim:        30048 kB
KernelStack:       11152 kB
PageTables:        27648 kB
NFS_Unstable:          0 kB
Bounce:                0 kB
WritebackTmp:          0 kB
CommitLimit:      710780 kB
Committed_AS:   37447432 kB
VmallocTotal:     460800 kB
VmallocUsed:       28820 kB
VmallocChunk:     174108 kB
Time pass: 35 sec

---2015-12-10 00:29:21
MemTotal:        1421560 kB
MemFree:           24300 kB
Buffers:           11036 kB
Cached:           802600 kB
SwapCached:            0 kB
Active:           734708 kB
Inactive:         444384 kB
Active(anon):     367068 kB
Inactive(anon):      660 kB
Active(file):     367640 kB
Inactive(file):   443724 kB
Unevictable:        1516 kB
Mlocked:               0 kB
HighTotal:        885760 kB
HighFree:           6072 kB
LowTotal:         535800 kB
LowFree:           18228 kB
SwapTotal:             0 kB
SwapFree:              0 kB
Dirty:                24 kB
Writeback:             0 kB
AnonPages:        366924 kB
Mapped:           383324 kB
Shmem:               748 kB
Slab:              44408 kB
SReclaimable:      14444 kB
SUnreclaim:        29964 kB
KernelStack:       11152 kB
PageTables:        27648 kB
NFS_Unstable:          0 kB
Bounce:                0 kB
WritebackTmp:          0 kB
CommitLimit:      710780 kB
Committed_AS:   37447624 kB
VmallocTotal:     460800 kB
VmallocUsed:       28820 kB
VmallocChunk:     174108 kB
Time pass: 39 sec

---2015-12-10 00:29:21
MemTotal:        1421560 kB
MemFree:           22696 kB
Buffers:           11012 kB
Cached:           789860 kB
SwapCached:            0 kB
Active:           739844 kB
Inactive:         430336 kB
Active(anon):     370976 kB
Inactive(anon):      660 kB
Active(file):     368868 kB
Inactive(file):   429676 kB
Unevictable:        1516 kB
Mlocked:               0 kB
HighTotal:        885760 kB
HighFree:           6556 kB
LowTotal:         535800 kB
LowFree:           16140 kB
SwapTotal:             0 kB
SwapFree:              0 kB
Dirty:                32 kB
Writeback:             0 kB
AnonPages:        370976 kB
Mapped:           385436 kB
Shmem:               748 kB
Slab:              44644 kB
SReclaimable:      14572 kB
SUnreclaim:        30072 kB
KernelStack:       11176 kB
PageTables:        27700 kB
NFS_Unstable:          0 kB
Bounce:                0 kB
WritebackTmp:          0 kB
CommitLimit:      710780 kB
Committed_AS:   37484324 kB
VmallocTotal:     460800 kB
VmallocUsed:       28956 kB
VmallocChunk:     174108 kB
Time pass: 42 sec

---2015-12-10 00:29:21
MemTotal:        1421560 kB
MemFree:           21508 kB
Buffers:           11020 kB
Cached:           790092 kB
SwapCached:            0 kB
Active:           740516 kB
Inactive:         430532 kB
Active(anon):     371640 kB
Inactive(anon):      660 kB
Active(file):     368876 kB
Inactive(file):   429872 kB
Unevictable:        1516 kB
Mlocked:               0 kB
HighTotal:        885760 kB
HighFree:           5516 kB
LowTotal:         535800 kB
LowFree:           15992 kB
SwapTotal:             0 kB
SwapFree:              0 kB
Dirty:                 0 kB
Writeback:             0 kB
AnonPages:        371672 kB
Mapped:           385832 kB
Shmem:               748 kB
Slab:              44672 kB
SReclaimable:      14596 kB
SUnreclaim:        30076 kB
KernelStack:       11176 kB
PageTables:        27704 kB
NFS_Unstable:          0 kB
Bounce:                0 kB
WritebackTmp:          0 kB
CommitLimit:      710780 kB
Committed_AS:   37484812 kB
VmallocTotal:     460800 kB
VmallocUsed:       28956 kB
VmallocChunk:     174108 kB
Time pass: 46 sec

---2015-12-10 00:29:21
MemTotal:        1421560 kB
MemFree:           22592 kB
Buffers:           11012 kB
Cached:           780796 kB
SwapCached:            0 kB
Active:           751088 kB
Inactive:         420524 kB
Active(anon):     381412 kB
Inactive(anon):      664 kB
Active(file):     369676 kB
Inactive(file):   419860 kB
Unevictable:        1516 kB
Mlocked:               0 kB
HighTotal:        885760 kB
HighFree:           6740 kB
LowTotal:         535800 kB
LowFree:           15852 kB
SwapTotal:             0 kB
SwapFree:              0 kB
Dirty:               276 kB
Writeback:             0 kB
AnonPages:        381344 kB
Mapped:           383948 kB
Shmem:               752 kB
Slab:              44584 kB
SReclaimable:      14492 kB
SUnreclaim:        30092 kB
KernelStack:       11216 kB
PageTables:        27740 kB
NFS_Unstable:          0 kB
Bounce:                0 kB
WritebackTmp:          0 kB
CommitLimit:      710780 kB
Committed_AS:   37529404 kB
VmallocTotal:     460800 kB
VmallocUsed:       28924 kB
VmallocChunk:     174108 kB
Time pass: 49 sec

---2015-12-10 00:29:21
MemTotal:        1421560 kB
MemFree:           18896 kB
Buffers:           10972 kB
Cached:           761908 kB
SwapCached:            0 kB
Active:           760588 kB
Inactive:         400128 kB
Active(anon):     389464 kB
Inactive(anon):      664 kB
Active(file):     371124 kB
Inactive(file):   399464 kB
Unevictable:        1516 kB
Mlocked:               0 kB
HighTotal:        885760 kB
HighFree:           4348 kB
LowTotal:         535800 kB
LowFree:           14548 kB
SwapTotal:             0 kB
SwapFree:              0 kB
Dirty:               812 kB
Writeback:             0 kB
AnonPages:        389544 kB
Mapped:           397240 kB
Shmem:               752 kB
Slab:              44624 kB
SReclaimable:      14448 kB
SUnreclaim:        30176 kB
KernelStack:       11224 kB
PageTables:        27776 kB
NFS_Unstable:          0 kB
Bounce:                0 kB
WritebackTmp:          0 kB
CommitLimit:      710780 kB
Committed_AS:   37537936 kB
VmallocTotal:     460800 kB
VmallocUsed:       28940 kB
VmallocChunk:     174108 kB
Time pass: 53 sec

---2015-12-10 00:29:21
MemTotal:        1421560 kB
MemFree:           22252 kB
Buffers:           10964 kB
Cached:           754352 kB
SwapCached:            0 kB
Active:           757620 kB
Inactive:         393288 kB
Active(anon):     388364 kB
Inactive(anon):      664 kB
Active(file):     369256 kB
Inactive(file):   392624 kB
Unevictable:        2588 kB
Mlocked:               0 kB
HighTotal:        885760 kB
HighFree:           6300 kB
LowTotal:         535800 kB
LowFree:           15952 kB
SwapTotal:             0 kB
SwapFree:              0 kB
Dirty:                84 kB
Writeback:             0 kB
AnonPages:        388360 kB
Mapped:           401464 kB
Shmem:               752 kB
Slab:              44708 kB
SReclaimable:      14544 kB
SUnreclaim:        30164 kB
KernelStack:       11224 kB
PageTables:        27796 kB
NFS_Unstable:          0 kB
Bounce:                0 kB
WritebackTmp:          0 kB
CommitLimit:      710780 kB
Committed_AS:   37503660 kB
VmallocTotal:     460800 kB
VmallocUsed:       28964 kB
VmallocChunk:     174108 kB
Time pass: 56 sec

---2015-12-10 00:29:21
MemTotal:        1421560 kB
MemFree:           20216 kB
Buffers:           10932 kB
Cached:           751668 kB
SwapCached:            0 kB
Active:           759384 kB
Inactive:         391868 kB
Active(anon):     391316 kB
Inactive(anon):      664 kB
Active(file):     368068 kB
Inactive(file):   391204 kB
Unevictable:        2588 kB
Mlocked:               0 kB
HighTotal:        885760 kB
HighFree:           5380 kB
LowTotal:         535800 kB
LowFree:           14836 kB
SwapTotal:             0 kB
SwapFree:              0 kB
Dirty:                88 kB
Writeback:             0 kB
AnonPages:        391188 kB
Mapped:           402324 kB
Shmem:               752 kB
Slab:              44708 kB
SReclaimable:      14544 kB
SUnreclaim:        30164 kB
KernelStack:       11224 kB
PageTables:        27796 kB
NFS_Unstable:          0 kB
Bounce:                0 kB
WritebackTmp:          0 kB
CommitLimit:      710780 kB
Committed_AS:   37506544 kB
VmallocTotal:     460800 kB
VmallocUsed:       28964 kB
VmallocChunk:     174108 kB
Time pass: 60 sec

---2015-12-10 00:29:21
MemTotal:        1421560 kB
MemFree:           20748 kB
Buffers:           10936 kB
Cached:           749596 kB
SwapCached:            0 kB
Active:           756348 kB
Inactive:         391080 kB
Active(anon):     389580 kB
Inactive(anon):      664 kB
Active(file):     366768 kB
Inactive(file):   390416 kB
Unevictable:        2596 kB
Mlocked:               0 kB
HighTotal:        885760 kB
HighFree:           4528 kB
LowTotal:         535800 kB
LowFree:           16220 kB
SwapTotal:             0 kB
SwapFree:              0 kB
Dirty:               208 kB
Writeback:             0 kB
AnonPages:        389580 kB
Mapped:           405224 kB
Shmem:               752 kB
Slab:              44672 kB
SReclaimable:      14568 kB
SUnreclaim:        30104 kB
KernelStack:       11224 kB
PageTables:        27804 kB
NFS_Unstable:          0 kB
Bounce:                0 kB
WritebackTmp:          0 kB
CommitLimit:      710780 kB
Committed_AS:   37504768 kB
VmallocTotal:     460800 kB
VmallocUsed:       28976 kB
VmallocChunk:     174108 kB
Time pass: 63 sec

---2015-12-10 00:29:21
MemTotal:        1421560 kB
MemFree:           23572 kB
Buffers:           10700 kB
Cached:           746620 kB
SwapCached:            0 kB
Active:           755708 kB
Inactive:         388580 kB
Active(anon):     389652 kB
Inactive(anon):      664 kB
Active(file):     366056 kB
Inactive(file):   387916 kB
Unevictable:        2596 kB
Mlocked:               0 kB
HighTotal:        885760 kB
HighFree:           6264 kB
LowTotal:         535800 kB
LowFree:           17308 kB
SwapTotal:             0 kB
SwapFree:              0 kB
Dirty:                16 kB
Writeback:             0 kB
AnonPages:        389636 kB
Mapped:           404848 kB
Shmem:               752 kB
Slab:              44748 kB
SReclaimable:      14592 kB
SUnreclaim:        30156 kB
KernelStack:       11224 kB
PageTables:        27788 kB
NFS_Unstable:          0 kB
Bounce:                0 kB
WritebackTmp:          0 kB
CommitLimit:      710780 kB
Committed_AS:   37504888 kB
VmallocTotal:     460800 kB
VmallocUsed:       28976 kB
VmallocChunk:     174108 kB
Time pass: 67 sec

---2015-12-10 00:29:21
MemTotal:        1421560 kB
MemFree:           23056 kB
Buffers:           10704 kB
Cached:           738100 kB
SwapCached:            0 kB
Active:           759412 kB
Inactive:         380796 kB
Active(anon):     394088 kB
Inactive(anon):      664 kB
Active(file):     365324 kB
Inactive(file):   380132 kB
Unevictable:        2596 kB
Mlocked:               0 kB
HighTotal:        885760 kB
HighFree:           4940 kB
LowTotal:         535800 kB
LowFree:           18116 kB
SwapTotal:             0 kB
SwapFree:              0 kB
Dirty:                 0 kB
Writeback:           248 kB
AnonPages:        394028 kB
Mapped:           406460 kB
Shmem:               752 kB
Slab:              44656 kB
SReclaimable:      14524 kB
SUnreclaim:        30132 kB
KernelStack:       11224 kB
PageTables:        27824 kB
NFS_Unstable:          0 kB
Bounce:                0 kB
WritebackTmp:          0 kB
CommitLimit:      710780 kB
Committed_AS:   37508292 kB
VmallocTotal:     460800 kB
VmallocUsed:       28988 kB
VmallocChunk:     174108 kB
Time pass: 71 sec

---2015-12-10 00:29:21
MemTotal:        1421560 kB
MemFree:           21728 kB
Buffers:           10712 kB
Cached:           735260 kB
SwapCached:            0 kB
Active:           765608 kB
Inactive:         377412 kB
Active(anon):     399748 kB
Inactive(anon):      664 kB
Active(file):     365860 kB
Inactive(file):   376748 kB
Unevictable:        2596 kB
Mlocked:               0 kB
HighTotal:        885760 kB
HighFree:           5748 kB
LowTotal:         535800 kB
LowFree:           15980 kB
SwapTotal:             0 kB
SwapFree:              0 kB
Dirty:               236 kB
Writeback:             0 kB
AnonPages:        399692 kB
Mapped:           407368 kB
Shmem:               752 kB
Slab:              43628 kB
SReclaimable:      13408 kB
SUnreclaim:        30220 kB
KernelStack:       11312 kB
PageTables:        27852 kB
NFS_Unstable:          0 kB
Bounce:                0 kB
WritebackTmp:          0 kB
CommitLimit:      710780 kB
Committed_AS:   37520276 kB
VmallocTotal:     460800 kB
VmallocUsed:       28988 kB
VmallocChunk:     174108 kB
Time pass: 76 sec

---2015-12-10 00:29:21
MemTotal:        1421560 kB
MemFree:           20552 kB
Buffers:           10736 kB
Cached:           734596 kB
SwapCached:            0 kB
Active:           765980 kB
Inactive:         376840 kB
Active(anon):     400172 kB
Inactive(anon):      664 kB
Active(file):     365808 kB
Inactive(file):   376176 kB
Unevictable:        2596 kB
Mlocked:               0 kB
HighTotal:        885760 kB
HighFree:           5644 kB
LowTotal:         535800 kB
LowFree:           14908 kB
SwapTotal:             0 kB
SwapFree:              0 kB
Dirty:                40 kB
Writeback:             0 kB
AnonPages:        400264 kB
Mapped:           407560 kB
Shmem:               752 kB
Slab:              44760 kB
SReclaimable:      14456 kB
SUnreclaim:        30304 kB
KernelStack:       11296 kB
PageTables:        27864 kB
NFS_Unstable:          0 kB
Bounce:                0 kB
WritebackTmp:          0 kB
CommitLimit:      710780 kB
Committed_AS:   37520120 kB
VmallocTotal:     460800 kB
VmallocUsed:       28988 kB
VmallocChunk:     174108 kB
Time pass: 83 sec

---2015-12-10 00:29:21
MemTotal:        1421560 kB
MemFree:           21740 kB
Buffers:           10364 kB
Cached:           679288 kB
SwapCached:            0 kB
Active:           747820 kB
Inactive:         343956 kB
Active(anon):     404824 kB
Inactive(anon):      820 kB
Active(file):     342996 kB
Inactive(file):   343136 kB
Unevictable:        2600 kB
Mlocked:               0 kB
HighTotal:        885760 kB
HighFree:           5972 kB
LowTotal:         535800 kB
LowFree:           15768 kB
SwapTotal:             0 kB
SwapFree:              0 kB
Dirty:                44 kB
Writeback:             0 kB
AnonPages:        404944 kB
Mapped:           397732 kB
Shmem:               912 kB
Slab:              44068 kB
SReclaimable:      13540 kB
SUnreclaim:        30528 kB
KernelStack:       11432 kB
PageTables:        28152 kB
NFS_Unstable:          0 kB
Bounce:                0 kB
WritebackTmp:          0 kB
CommitLimit:      710780 kB
Committed_AS:   37538992 kB
VmallocTotal:     460800 kB
VmallocUsed:       31396 kB
VmallocChunk:     174108 kB
Time pass: 89 sec

---2015-12-10 00:29:21
MemTotal:        1421560 kB
MemFree:           19412 kB
Buffers:           10380 kB
Cached:           679288 kB
SwapCached:            0 kB
Active:           749880 kB
Inactive:         343916 kB
Active(anon):     406820 kB
Inactive(anon):      820 kB
Active(file):     343060 kB
Inactive(file):   343096 kB
Unevictable:        2600 kB
Mlocked:               0 kB
HighTotal:        885760 kB
HighFree:           4608 kB
LowTotal:         535800 kB
LowFree:           14804 kB
SwapTotal:             0 kB
SwapFree:              0 kB
Dirty:                44 kB
Writeback:             0 kB
AnonPages:        406736 kB
Mapped:           397784 kB
Shmem:               912 kB
Slab:              45036 kB
SReclaimable:      14588 kB
SUnreclaim:        30448 kB
KernelStack:       11440 kB
PageTables:        28164 kB
NFS_Unstable:          0 kB
Bounce:                0 kB
WritebackTmp:          0 kB
CommitLimit:      710780 kB
Committed_AS:   37540320 kB
VmallocTotal:     460800 kB
VmallocUsed:       31396 kB
VmallocChunk:     174108 kB
Time pass: 93 sec

---2015-12-10 00:29:21
MemTotal:        1421560 kB
MemFree:           24580 kB
Buffers:           10284 kB
Cached:           670884 kB
SwapCached:            0 kB
Active:           747476 kB
Inactive:         339332 kB
Active(anon):     408344 kB
Inactive(anon):      844 kB
Active(file):     339132 kB
Inactive(file):   338488 kB
Unevictable:        2612 kB
Mlocked:               0 kB
HighTotal:        885760 kB
HighFree:           6464 kB
LowTotal:         535800 kB
LowFree:           18116 kB
SwapTotal:             0 kB
SwapFree:              0 kB
Dirty:                28 kB
Writeback:             0 kB
AnonPages:        408424 kB
Mapped:           397204 kB
Shmem:               936 kB
Slab:              45076 kB
SReclaimable:      14548 kB
SUnreclaim:        30528 kB
KernelStack:       11424 kB
PageTables:        28004 kB
NFS_Unstable:          0 kB
Bounce:                0 kB
WritebackTmp:          0 kB
CommitLimit:      710780 kB
Committed_AS:   37541824 kB
VmallocTotal:     460800 kB
VmallocUsed:       31396 kB
VmallocChunk:     174108 kB
Time pass: 100 sec

---2015-12-10 00:29:21
MemTotal:        1421560 kB
MemFree:           25252 kB
Buffers:           10176 kB
Cached:           669860 kB
SwapCached:            0 kB
Active:           743180 kB
Inactive:         339324 kB
Active(anon):     405168 kB
Inactive(anon):      664 kB
Active(file):     338012 kB
Inactive(file):   338660 kB
Unevictable:        2612 kB
Mlocked:               0 kB
HighTotal:        885760 kB
HighFree:           4364 kB
LowTotal:         535800 kB
LowFree:           20888 kB
SwapTotal:             0 kB
SwapFree:              0 kB
Dirty:                 4 kB
Writeback:             0 kB
AnonPages:        405156 kB
Mapped:           399748 kB
Shmem:               752 kB
Slab:              45088 kB
SReclaimable:      14548 kB
SUnreclaim:        30540 kB
KernelStack:       11216 kB
PageTables:        28216 kB
NFS_Unstable:          0 kB
Bounce:                0 kB
WritebackTmp:          0 kB
CommitLimit:      710780 kB
Committed_AS:   38837168 kB
VmallocTotal:     460800 kB
VmallocUsed:       31396 kB
VmallocChunk:     174108 kB
Time pass: 104 sec

---2015-12-10 00:29:21
MemTotal:        1421560 kB
MemFree:          152648 kB
Buffers:           10216 kB
Cached:           671692 kB
SwapCached:            0 kB
Active:           692100 kB
Inactive:         335248 kB
Active(anon):     348168 kB
Inactive(anon):      528 kB
Active(file):     343932 kB
Inactive(file):   334720 kB
Unevictable:        2612 kB
Mlocked:               0 kB
HighTotal:        885760 kB
HighFree:          77304 kB
LowTotal:         535800 kB
LowFree:           75344 kB
SwapTotal:             0 kB
SwapFree:              0 kB
Dirty:               168 kB
Writeback:             0 kB
AnonPages:        348164 kB
Mapped:           309192 kB
Shmem:               616 kB
Slab:              44720 kB
SReclaimable:      14540 kB
SUnreclaim:        30180 kB
KernelStack:       10600 kB
PageTables:        26296 kB
NFS_Unstable:          0 kB
Bounce:                0 kB
WritebackTmp:          0 kB
CommitLimit:      710780 kB
Committed_AS:   36179148 kB
VmallocTotal:     460800 kB
VmallocUsed:       28040 kB
VmallocChunk:     174108 kB
Time pass: 107 sec

---2015-12-10 00:29:21
MemTotal:        1421560 kB
MemFree:          157912 kB
Buffers:           10224 kB
Cached:           672128 kB
SwapCached:            0 kB
Active:           687700 kB
Inactive:         335688 kB
Active(anon):     343736 kB
Inactive(anon):      528 kB
Active(file):     343964 kB
Inactive(file):   335160 kB
Unevictable:        2612 kB
Mlocked:               0 kB
HighTotal:        885760 kB
HighFree:          80080 kB
LowTotal:         535800 kB
LowFree:           77832 kB
SwapTotal:             0 kB
SwapFree:              0 kB
Dirty:               148 kB
Writeback:             0 kB
AnonPages:        343828 kB
Mapped:           309208 kB
Shmem:               616 kB
Slab:              44644 kB
SReclaimable:      14468 kB
SUnreclaim:        30176 kB
KernelStack:       10584 kB
PageTables:        26352 kB
NFS_Unstable:          0 kB
Bounce:                0 kB
WritebackTmp:          0 kB
CommitLimit:      710780 kB
Committed_AS:   36060756 kB
VmallocTotal:     460800 kB
VmallocUsed:       28040 kB
VmallocChunk:     174108 kB
Time pass: 111 sec

---2015-12-10 00:29:21
MemTotal:        1421560 kB
MemFree:          157448 kB
Buffers:           10232 kB
Cached:           672128 kB
SwapCached:            0 kB
Active:           687824 kB
Inactive:         335676 kB
Active(anon):     343848 kB
Inactive(anon):      528 kB
Active(file):     343976 kB
Inactive(file):   335148 kB
Unevictable:        2612 kB
Mlocked:               0 kB
HighTotal:        885760 kB
HighFree:          79824 kB
LowTotal:         535800 kB
LowFree:           77624 kB
SwapTotal:             0 kB
SwapFree:              0 kB
Dirty:                36 kB
Writeback:             0 kB
AnonPages:        344000 kB
Mapped:           309096 kB
Shmem:               616 kB
Slab:              44608 kB
SReclaimable:      14468 kB
SUnreclaim:        30140 kB
KernelStack:       10576 kB
PageTables:        26352 kB
NFS_Unstable:          0 kB
Bounce:                0 kB
WritebackTmp:          0 kB
CommitLimit:      710780 kB
Committed_AS:   36060820 kB
VmallocTotal:     460800 kB
VmallocUsed:       28040 kB
VmallocChunk:     174108 kB
Time pass: 114 sec

---2015-12-10 00:29:21
MemTotal:        1421560 kB
MemFree:          156792 kB
Buffers:           10232 kB
Cached:           672128 kB
SwapCached:            0 kB
Active:           688068 kB
Inactive:         335684 kB
Active(anon):     344092 kB
Inactive(anon):      528 kB
Active(file):     343976 kB
Inactive(file):   335156 kB
Unevictable:        2612 kB
Mlocked:               0 kB
HighTotal:        885760 kB
HighFree:          79372 kB
LowTotal:         535800 kB
LowFree:           77420 kB
SwapTotal:             0 kB
SwapFree:              0 kB
Dirty:                36 kB
Writeback:             0 kB
AnonPages:        344092 kB
Mapped:           309072 kB
Shmem:               616 kB
Slab:              44704 kB
SReclaimable:      14468 kB
SUnreclaim:        30236 kB
KernelStack:       10576 kB
PageTables:        26336 kB
NFS_Unstable:          0 kB
Bounce:                0 kB
WritebackTmp:          0 kB
CommitLimit:      710780 kB
Committed_AS:   36060924 kB
VmallocTotal:     460800 kB
VmallocUsed:       25632 kB
VmallocChunk:     174108 kB
Time pass: 118 sec

---2015-12-10 00:29:21
MemTotal:        1421560 kB
MemFree:          156484 kB
Buffers:           10232 kB
Cached:           672128 kB
SwapCached:            0 kB
Active:           688204 kB
Inactive:         335684 kB
Active(anon):     344228 kB
Inactive(anon):      528 kB
Active(file):     343976 kB
Inactive(file):   335156 kB
Unevictable:        2612 kB
Mlocked:               0 kB
HighTotal:        885760 kB
HighFree:          79104 kB
LowTotal:         535800 kB
LowFree:           77380 kB
SwapTotal:             0 kB
SwapFree:              0 kB
Dirty:                 0 kB
Writeback:             0 kB
AnonPages:        344172 kB
Mapped:           309028 kB
Shmem:               616 kB
Slab:              44736 kB
SReclaimable:      14468 kB
SUnreclaim:        30268 kB
KernelStack:       10568 kB
PageTables:        26352 kB
NFS_Unstable:          0 kB
Bounce:                0 kB
WritebackTmp:          0 kB
CommitLimit:      710780 kB
Committed_AS:   36061108 kB
VmallocTotal:     460800 kB
VmallocUsed:       25632 kB
VmallocChunk:     174108 kB
Time pass: 121 sec

---2015-12-10 00:29:21
MemTotal:        1421560 kB
MemFree:          151520 kB
Buffers:           10232 kB
Cached:           672156 kB
SwapCached:            0 kB
Active:           691796 kB
Inactive:         335588 kB
Active(anon):     347700 kB
Inactive(anon):      528 kB
Active(file):     344096 kB
Inactive(file):   335060 kB
Unevictable:        2612 kB
Mlocked:               0 kB
HighTotal:        885760 kB
HighFree:          74904 kB
LowTotal:         535800 kB
LowFree:           76616 kB
SwapTotal:             0 kB
SwapFree:              0 kB
Dirty:                 0 kB
Writeback:             0 kB
AnonPages:        347752 kB
Mapped:           309700 kB
Shmem:               620 kB
Slab:              44684 kB
SReclaimable:      14468 kB
SUnreclaim:        30216 kB
KernelStack:       10680 kB
PageTables:        27056 kB
NFS_Unstable:          0 kB
Bounce:                0 kB
WritebackTmp:          0 kB
CommitLimit:      710780 kB
Committed_AS:   38068800 kB
VmallocTotal:     460800 kB
VmallocUsed:       27672 kB
VmallocChunk:     174108 kB
Time pass: 125 sec

---2015-12-10 00:29:21
MemTotal:        1421560 kB
MemFree:          113484 kB
Buffers:           10500 kB
Cached:           672804 kB
SwapCached:            0 kB
Active:           713072 kB
Inactive:         333676 kB
Active(anon):     366244 kB
Inactive(anon):      660 kB
Active(file):     346828 kB
Inactive(file):   333016 kB
Unevictable:        2612 kB
Mlocked:               0 kB
HighTotal:        885760 kB
HighFree:          42700 kB
LowTotal:         535800 kB
LowFree:           70784 kB
SwapTotal:             0 kB
SwapFree:              0 kB
Dirty:              1000 kB
Writeback:             0 kB
AnonPages:        366224 kB
Mapped:           336872 kB
Shmem:               748 kB
Slab:              44612 kB
SReclaimable:      14468 kB
SUnreclaim:        30144 kB
KernelStack:       11056 kB
PageTables:        27172 kB
NFS_Unstable:          0 kB
Bounce:                0 kB
WritebackTmp:          0 kB
CommitLimit:      710780 kB
Committed_AS:   36910196 kB
VmallocTotal:     460800 kB
VmallocUsed:       26820 kB
VmallocChunk:     174108 kB
Time pass: 128 sec

---2015-12-10 00:29:21
MemTotal:        1421560 kB
MemFree:           88256 kB
Buffers:           10500 kB
Cached:           673688 kB
SwapCached:            0 kB
Active:           724956 kB
Inactive:         334368 kB
Active(anon):     377912 kB
Inactive(anon):      664 kB
Active(file):     347044 kB
Inactive(file):   333704 kB
Unevictable:        2612 kB
Mlocked:               0 kB
HighTotal:        885760 kB
HighFree:          17564 kB
LowTotal:         535800 kB
LowFree:           70692 kB
SwapTotal:             0 kB
SwapFree:              0 kB
Dirty:               284 kB
Writeback:             0 kB
AnonPages:        377996 kB
Mapped:           351132 kB
Shmem:               752 kB
Slab:              44760 kB
SReclaimable:      14468 kB
SUnreclaim:        30292 kB
KernelStack:       11120 kB
PageTables:        27224 kB
NFS_Unstable:          0 kB
Bounce:                0 kB
WritebackTmp:          0 kB
CommitLimit:      710780 kB
Committed_AS:   36855680 kB
VmallocTotal:     460800 kB
VmallocUsed:       26860 kB
VmallocChunk:     174108 kB
Time pass: 132 sec

---2015-12-10 00:29:21
MemTotal:        1421560 kB
MemFree:           68880 kB
Buffers:           10508 kB
Cached:           673920 kB
SwapCached:            0 kB
Active:           730628 kB
Inactive:         334372 kB
Active(anon):     383276 kB
Inactive(anon):      664 kB
Active(file):     347352 kB
Inactive(file):   333708 kB
Unevictable:        2612 kB
Mlocked:               0 kB
HighTotal:        885760 kB
HighFree:           4356 kB
LowTotal:         535800 kB
LowFree:           64524 kB
SwapTotal:             0 kB
SwapFree:              0 kB
Dirty:               164 kB
Writeback:             0 kB
AnonPages:        383420 kB
Mapped:           362844 kB
Shmem:               752 kB
Slab:              44732 kB
SReclaimable:      14468 kB
SUnreclaim:        30264 kB
KernelStack:       11120 kB
PageTables:        27272 kB
NFS_Unstable:          0 kB
Bounce:                0 kB
WritebackTmp:          0 kB
CommitLimit:      710780 kB
Committed_AS:   36861148 kB
VmallocTotal:     460800 kB
VmallocUsed:       26876 kB
VmallocChunk:     174108 kB
Time pass: 136 sec

---2015-12-10 00:29:21
MemTotal:        1421560 kB
MemFree:           48220 kB
Buffers:           10516 kB
Cached:           674748 kB
SwapCached:            0 kB
Active:           734980 kB
Inactive:         333680 kB
Active(anon):     386104 kB
Inactive(anon):      664 kB
Active(file):     348876 kB
Inactive(file):   333016 kB
Unevictable:        2612 kB
Mlocked:               0 kB
HighTotal:        885760 kB
HighFree:           4356 kB
LowTotal:         535800 kB
LowFree:           43864 kB
SwapTotal:             0 kB
SwapFree:              0 kB
Dirty:              1184 kB
Writeback:             0 kB
AnonPages:        386044 kB
Mapped:           378652 kB
Shmem:               752 kB
Slab:              44872 kB
SReclaimable:      14484 kB
SUnreclaim:        30388 kB
KernelStack:       11120 kB
PageTables:        27312 kB
NFS_Unstable:          0 kB
Bounce:                0 kB
WritebackTmp:          0 kB
CommitLimit:      710780 kB
Committed_AS:   36864192 kB
VmallocTotal:     460800 kB
VmallocUsed:       26912 kB
VmallocChunk:     174108 kB
Time pass: 140 sec

---2015-12-10 00:29:21
MemTotal:        1421560 kB
MemFree:           40820 kB
Buffers:           10516 kB
Cached:           674760 kB
SwapCached:            0 kB
Active:           740500 kB
Inactive:         333676 kB
Active(anon):     391600 kB
Inactive(anon):      664 kB
Active(file):     348900 kB
Inactive(file):   333012 kB
Unevictable:        2612 kB
Mlocked:               0 kB
HighTotal:        885760 kB
HighFree:           4480 kB
LowTotal:         535800 kB
LowFree:           36340 kB
SwapTotal:             0 kB
SwapFree:              0 kB
Dirty:               512 kB
Writeback:             0 kB
AnonPages:        391460 kB
Mapped:           381716 kB
Shmem:               752 kB
Slab:              44708 kB
SReclaimable:      14496 kB
SUnreclaim:        30212 kB
KernelStack:       11112 kB
PageTables:        27336 kB
NFS_Unstable:          0 kB
Bounce:                0 kB
WritebackTmp:          0 kB
CommitLimit:      710780 kB
Committed_AS:   36869584 kB
VmallocTotal:     460800 kB
VmallocUsed:       26912 kB
VmallocChunk:     174108 kB
Time pass: 143 sec

---2015-12-10 00:29:21
MemTotal:        1421560 kB
MemFree:           36876 kB
Buffers:           10524 kB
Cached:           674752 kB
SwapCached:            0 kB
Active:           740924 kB
Inactive:         333676 kB
Active(anon):     392024 kB
Inactive(anon):      664 kB
Active(file):     348900 kB
Inactive(file):   333012 kB
Unevictable:        2612 kB
Mlocked:               0 kB
HighTotal:        885760 kB
HighFree:           4744 kB
LowTotal:         535800 kB
LowFree:           32132 kB
SwapTotal:             0 kB
SwapFree:              0 kB
Dirty:               604 kB
Writeback:             0 kB
AnonPages:        391976 kB
Mapped:           384132 kB
Shmem:               752 kB
Slab:              44840 kB
SReclaimable:      14496 kB
SUnreclaim:        30344 kB
KernelStack:       11120 kB
PageTables:        27356 kB
NFS_Unstable:          0 kB
Bounce:                0 kB
WritebackTmp:          0 kB
CommitLimit:      710780 kB
Committed_AS:   36869728 kB
VmallocTotal:     460800 kB
VmallocUsed:       26924 kB
VmallocChunk:     174108 kB
Time pass: 147 sec

---2015-12-10 00:29:21
MemTotal:        1421560 kB
MemFree:           36204 kB
Buffers:           10560 kB
Cached:           674760 kB
SwapCached:            0 kB
Active:           741348 kB
Inactive:         333716 kB
Active(anon):     392444 kB
Inactive(anon):      664 kB
Active(file):     348904 kB
Inactive(file):   333052 kB
Unevictable:        2612 kB
Mlocked:               0 kB
HighTotal:        885760 kB
HighFree:           4388 kB
LowTotal:         535800 kB
LowFree:           31816 kB
SwapTotal:             0 kB
SwapFree:              0 kB
Dirty:                92 kB
Writeback:             0 kB
AnonPages:        392308 kB
Mapped:           383984 kB
Shmem:               752 kB
Slab:              44780 kB
SReclaimable:      14496 kB
SUnreclaim:        30284 kB
KernelStack:       11120 kB
PageTables:        27356 kB
NFS_Unstable:          0 kB
Bounce:                0 kB
WritebackTmp:          0 kB
CommitLimit:      710780 kB
Committed_AS:   36869932 kB
VmallocTotal:     460800 kB
VmallocUsed:       26924 kB
VmallocChunk:     174108 kB
Time pass: 150 sec

---2015-12-10 00:29:21
MemTotal:        1421560 kB
MemFree:           35924 kB
Buffers:           10568 kB
Cached:           674752 kB
SwapCached:            0 kB
Active:           741396 kB
Inactive:         333716 kB
Active(anon):     392492 kB
Inactive(anon):      664 kB
Active(file):     348904 kB
Inactive(file):   333052 kB
Unevictable:        2612 kB
Mlocked:               0 kB
HighTotal:        885760 kB
HighFree:           4388 kB
LowTotal:         535800 kB
LowFree:           31536 kB
SwapTotal:             0 kB
SwapFree:              0 kB
Dirty:                 0 kB
Writeback:             0 kB
AnonPages:        392452 kB
Mapped:           384132 kB
Shmem:               752 kB
Slab:              44812 kB
SReclaimable:      14496 kB
SUnreclaim:        30316 kB
KernelStack:       11120 kB
PageTables:        27356 kB
NFS_Unstable:          0 kB
Bounce:                0 kB
WritebackTmp:          0 kB
CommitLimit:      710780 kB
Committed_AS:   36870532 kB
VmallocTotal:     460800 kB
VmallocUsed:       26924 kB
VmallocChunk:     174108 kB
Time pass: 153 sec

---2015-12-10 00:29:21
MemTotal:        1421560 kB
MemFree:           30524 kB
Buffers:           10640 kB
Cached:           675024 kB
SwapCached:            0 kB
Active:           748968 kB
Inactive:         332968 kB
Active(anon):     398976 kB
Inactive(anon):      840 kB
Active(file):     349992 kB
Inactive(file):   332128 kB
Unevictable:        2612 kB
Mlocked:               0 kB
HighTotal:        885760 kB
HighFree:           4768 kB
LowTotal:         535800 kB
LowFree:           25756 kB
SwapTotal:             0 kB
SwapFree:              0 kB
Dirty:               128 kB
Writeback:             0 kB
AnonPages:        399152 kB
Mapped:           386908 kB
Shmem:               932 kB
Slab:              44928 kB
SReclaimable:      14500 kB
SUnreclaim:        30428 kB
KernelStack:       11352 kB
PageTables:        27508 kB
NFS_Unstable:          0 kB
Bounce:                0 kB
WritebackTmp:          0 kB
CommitLimit:      710780 kB
Committed_AS:   36928992 kB
VmallocTotal:     460800 kB
VmallocUsed:       26924 kB
VmallocChunk:     174108 kB
Time pass: 157 sec

---2015-12-10 00:29:21
MemTotal:        1421560 kB
MemFree:           26824 kB
Buffers:           10664 kB
Cached:           675116 kB
SwapCached:            0 kB
Active:           750920 kB
Inactive:         333084 kB
Active(anon):     400928 kB
Inactive(anon):      932 kB
Active(file):     349992 kB
Inactive(file):   332152 kB
Unevictable:        2612 kB
Mlocked:               0 kB
HighTotal:        885760 kB
HighFree:           4400 kB
LowTotal:         535800 kB
LowFree:           22424 kB
SwapTotal:             0 kB
SwapFree:              0 kB
Dirty:                48 kB
Writeback:             0 kB
AnonPages:        400820 kB
Mapped:           387420 kB
Shmem:              1024 kB
Slab:              45044 kB
SReclaimable:      14636 kB
SUnreclaim:        30408 kB
KernelStack:       11344 kB
PageTables:        27516 kB
NFS_Unstable:          0 kB
Bounce:                0 kB
WritebackTmp:          0 kB
CommitLimit:      710780 kB
Committed_AS:   36898344 kB
VmallocTotal:     460800 kB
VmallocUsed:       26924 kB
VmallocChunk:     174108 kB
Time pass: 162 sec

---2015-12-10 00:29:21
MemTotal:        1421560 kB
MemFree:           25904 kB
Buffers:           10672 kB
Cached:           675588 kB
SwapCached:            0 kB
Active:           751240 kB
Inactive:         333560 kB
Active(anon):     401244 kB
Inactive(anon):     1000 kB
Active(file):     349996 kB
Inactive(file):   332560 kB
Unevictable:        2612 kB
Mlocked:               0 kB
HighTotal:        885760 kB
HighFree:           4916 kB
LowTotal:         535800 kB
LowFree:           20988 kB
SwapTotal:             0 kB
SwapFree:              0 kB
Dirty:                52 kB
Writeback:             0 kB
AnonPages:        401328 kB
Mapped:           387576 kB
Shmem:              1092 kB
Slab:              45044 kB
SReclaimable:      14636 kB
SUnreclaim:        30408 kB
KernelStack:       11344 kB
PageTables:        27528 kB
NFS_Unstable:          0 kB
Bounce:                0 kB
WritebackTmp:          0 kB
CommitLimit:      710780 kB
Committed_AS:   36899872 kB
VmallocTotal:     460800 kB
VmallocUsed:       26924 kB
VmallocChunk:     174108 kB
Time pass: 168 sec

---2015-12-10 00:29:21
MemTotal:        1421560 kB
MemFree:           25588 kB
Buffers:           10672 kB
Cached:           675628 kB
SwapCached:            0 kB
Active:           751064 kB
Inactive:         333600 kB
Active(anon):     401068 kB
Inactive(anon):     1012 kB
Active(file):     349996 kB
Inactive(file):   332588 kB
Unevictable:        2612 kB
Mlocked:               0 kB
HighTotal:        885760 kB
HighFree:           4616 kB
LowTotal:         535800 kB
LowFree:           20972 kB
SwapTotal:             0 kB
SwapFree:              0 kB
Dirty:                 4 kB
Writeback:             0 kB
AnonPages:        400996 kB
Mapped:           387592 kB
Shmem:              1104 kB
Slab:              45120 kB
SReclaimable:      14644 kB
SUnreclaim:        30476 kB
KernelStack:       11344 kB
PageTables:        27524 kB
NFS_Unstable:          0 kB
Bounce:                0 kB
WritebackTmp:          0 kB
CommitLimit:      710780 kB
Committed_AS:   36899412 kB
VmallocTotal:     460800 kB
VmallocUsed:       26924 kB
VmallocChunk:     174108 kB
Time pass: 172 sec

---2015-12-10 00:29:21
MemTotal:        1421560 kB
MemFree:           25448 kB
Buffers:           10680 kB
Cached:           675652 kB
SwapCached:            0 kB
Active:           751260 kB
Inactive:         333624 kB
Active(anon):     401264 kB
Inactive(anon):     1036 kB
Active(file):     349996 kB
Inactive(file):   332588 kB
Unevictable:        2612 kB
Mlocked:               0 kB
HighTotal:        885760 kB
HighFree:           4368 kB
LowTotal:         535800 kB
LowFree:           21080 kB
SwapTotal:             0 kB
SwapFree:              0 kB
Dirty:                16 kB
Writeback:             0 kB
AnonPages:        401280 kB
Mapped:           387472 kB
Shmem:              1128 kB
Slab:              45052 kB
SReclaimable:      14644 kB
SUnreclaim:        30408 kB
KernelStack:       11344 kB
PageTables:        27564 kB
NFS_Unstable:          0 kB
Bounce:                0 kB
WritebackTmp:          0 kB
CommitLimit:      710780 kB
Committed_AS:   36899556 kB
VmallocTotal:     460800 kB
VmallocUsed:       26924 kB
VmallocChunk:     174108 kB
Time pass: 175 sec

---2015-12-10 00:29:21
MemTotal:        1421560 kB
MemFree:           25180 kB
Buffers:           10680 kB
Cached:           675656 kB
SwapCached:            0 kB
Active:           751488 kB
Inactive:         333636 kB
Active(anon):     401492 kB
Inactive(anon):     1040 kB
Active(file):     349996 kB
Inactive(file):   332596 kB
Unevictable:        2612 kB
Mlocked:               0 kB
HighTotal:        885760 kB
HighFree:           4368 kB
LowTotal:         535800 kB
LowFree:           20812 kB
SwapTotal:             0 kB
SwapFree:              0 kB
Dirty:                12 kB
Writeback:             0 kB
AnonPages:        401524 kB
Mapped:           387624 kB
Shmem:              1132 kB
Slab:              45116 kB
SReclaimable:      14644 kB
SUnreclaim:        30472 kB
KernelStack:       11344 kB
PageTables:        27564 kB
NFS_Unstable:          0 kB
Bounce:                0 kB
WritebackTmp:          0 kB
CommitLimit:      710780 kB
Committed_AS:   36899708 kB
VmallocTotal:     460800 kB
VmallocUsed:       26924 kB
VmallocChunk:     174108 kB
Time pass: 179 sec

---2015-12-10 00:29:21
MemTotal:        1421560 kB
MemFree:           25064 kB
Buffers:           10688 kB
Cached:           675664 kB
SwapCached:            0 kB
Active:           751696 kB
Inactive:         333652 kB
Active(anon):     401700 kB
Inactive(anon):     1044 kB
Active(file):     349996 kB
Inactive(file):   332608 kB
Unevictable:        2612 kB
Mlocked:               0 kB
HighTotal:        885760 kB
HighFree:           4368 kB
LowTotal:         535800 kB
LowFree:           20696 kB
SwapTotal:             0 kB
SwapFree:              0 kB
Dirty:                12 kB
Writeback:             0 kB
AnonPages:        401716 kB
Mapped:           387628 kB
Shmem:              1136 kB
Slab:              45116 kB
SReclaimable:      14644 kB
SUnreclaim:        30472 kB
KernelStack:       11352 kB
PageTables:        27564 kB
NFS_Unstable:          0 kB
Bounce:                0 kB
WritebackTmp:          0 kB
CommitLimit:      710780 kB
Committed_AS:   36899884 kB
VmallocTotal:     460800 kB
VmallocUsed:       26924 kB
VmallocChunk:     174108 kB
Time pass: 182 sec

---2015-12-10 00:29:21
MemTotal:        1421560 kB
MemFree:           21572 kB
Buffers:           10688 kB
Cached:           675532 kB
SwapCached:            0 kB
Active:           756212 kB
Inactive:         333420 kB
Active(anon):     406116 kB
Inactive(anon):      912 kB
Active(file):     350096 kB
Inactive(file):   332508 kB
Unevictable:        2612 kB
Mlocked:               0 kB
HighTotal:        885760 kB
HighFree:           4368 kB
LowTotal:         535800 kB
LowFree:           17204 kB
SwapTotal:             0 kB
SwapFree:              0 kB
Dirty:                12 kB
Writeback:             0 kB
AnonPages:        406184 kB
Mapped:           387248 kB
Shmem:              1004 kB
Slab:              45188 kB
SReclaimable:      14644 kB
SUnreclaim:        30544 kB
KernelStack:       11368 kB
PageTables:        27464 kB
NFS_Unstable:          0 kB
Bounce:                0 kB
WritebackTmp:          0 kB
CommitLimit:      710780 kB
Committed_AS:   36898084 kB
VmallocTotal:     460800 kB
VmallocUsed:       26924 kB
VmallocChunk:     174108 kB
Time pass: 186 sec

---2015-12-10 00:29:21
MemTotal:        1421560 kB
MemFree:           19460 kB
Buffers:           10704 kB
Cached:           675564 kB
SwapCached:            0 kB
Active:           757692 kB
Inactive:         333456 kB
Active(anon):     407584 kB
Inactive(anon):      944 kB
Active(file):     350108 kB
Inactive(file):   332512 kB
Unevictable:        2612 kB
Mlocked:               0 kB
HighTotal:        885760 kB
HighFree:           4368 kB
LowTotal:         535800 kB
LowFree:           15092 kB
SwapTotal:             0 kB
SwapFree:              0 kB
Dirty:                44 kB
Writeback:             0 kB
AnonPages:        407652 kB
Mapped:           387688 kB
Shmem:              1036 kB
Slab:              45092 kB
SReclaimable:      14644 kB
SUnreclaim:        30448 kB
KernelStack:       11376 kB
PageTables:        27596 kB
NFS_Unstable:          0 kB
Bounce:                0 kB
WritebackTmp:          0 kB
CommitLimit:      710780 kB
Committed_AS:   36906952 kB
VmallocTotal:     460800 kB
VmallocUsed:       26924 kB
VmallocChunk:     174108 kB
Time pass: 190 sec

---2015-12-10 00:29:21
MemTotal:        1421560 kB
MemFree:           21412 kB
Buffers:           10620 kB
Cached:           673528 kB
SwapCached:            0 kB
Active:           760188 kB
Inactive:         332684 kB
Active(anon):     411428 kB
Inactive(anon):      980 kB
Active(file):     348760 kB
Inactive(file):   331704 kB
Unevictable:        2612 kB
Mlocked:               0 kB
HighTotal:        885760 kB
HighFree:           4740 kB
LowTotal:         535800 kB
LowFree:           16672 kB
SwapTotal:             0 kB
SwapFree:              0 kB
Dirty:                44 kB
Writeback:             0 kB
AnonPages:        411528 kB
Mapped:           385524 kB
Shmem:              1072 kB
Slab:              45132 kB
SReclaimable:      14644 kB
SUnreclaim:        30488 kB
KernelStack:       11368 kB
PageTables:        27588 kB
NFS_Unstable:          0 kB
Bounce:                0 kB
WritebackTmp:          0 kB
CommitLimit:      710780 kB
Committed_AS:   36909916 kB
VmallocTotal:     460800 kB
VmallocUsed:       26924 kB
VmallocChunk:     174108 kB
Time pass: 193 sec

---2015-12-10 00:29:21
MemTotal:        1421560 kB
MemFree:           23708 kB
Buffers:           10540 kB
Cached:           670620 kB
SwapCached:            0 kB
Active:           760592 kB
Inactive:         332220 kB
Active(anon):     414392 kB
Inactive(anon):     1080 kB
Active(file):     346200 kB
Inactive(file):   331140 kB
Unevictable:        2612 kB
Mlocked:               0 kB
HighTotal:        885760 kB
HighFree:           5724 kB
LowTotal:         535800 kB
LowFree:           17984 kB
SwapTotal:             0 kB
SwapFree:              0 kB
Dirty:                 0 kB
Writeback:             0 kB
AnonPages:        414384 kB
Mapped:           385200 kB
Shmem:              1172 kB
Slab:              44052 kB
SReclaimable:      13444 kB
SUnreclaim:        30608 kB
KernelStack:       11352 kB
PageTables:        27580 kB
NFS_Unstable:          0 kB
Bounce:                0 kB
WritebackTmp:          0 kB
CommitLimit:      710780 kB
Committed_AS:   36912380 kB
VmallocTotal:     460800 kB
VmallocUsed:       26924 kB
VmallocChunk:     174108 kB
Time pass: 198 sec

---2015-12-10 00:29:21
MemTotal:        1421560 kB
MemFree:           20604 kB
Buffers:           10572 kB
Cached:           670628 kB
SwapCached:            0 kB
Active:           761704 kB
Inactive:         332304 kB
Active(anon):     415512 kB
Inactive(anon):     1080 kB
Active(file):     346192 kB
Inactive(file):   331224 kB
Unevictable:        2612 kB
Mlocked:               0 kB
HighTotal:        885760 kB
HighFree:           4428 kB
LowTotal:         535800 kB
LowFree:           16176 kB
SwapTotal:             0 kB
SwapFree:              0 kB
Dirty:                40 kB
Writeback:             0 kB
AnonPages:        415652 kB
Mapped:           385016 kB
Shmem:              1172 kB
Slab:              45076 kB
SReclaimable:      14532 kB
SUnreclaim:        30544 kB
KernelStack:       11376 kB
PageTables:        27576 kB
NFS_Unstable:          0 kB
Bounce:                0 kB
WritebackTmp:          0 kB
CommitLimit:      710780 kB
Committed_AS:   36913600 kB
VmallocTotal:     460800 kB
VmallocUsed:       26924 kB
VmallocChunk:     174108 kB
Time pass: 203 sec

---2015-12-10 00:29:21
MemTotal:        1421560 kB
MemFree:           20244 kB
Buffers:           10572 kB
Cached:           670680 kB
SwapCached:            0 kB
Active:           761864 kB
Inactive:         332356 kB
Active(anon):     415672 kB
Inactive(anon):     1116 kB
Active(file):     346192 kB
Inactive(file):   331240 kB
Unevictable:        2612 kB
Mlocked:               0 kB
HighTotal:        885760 kB
HighFree:           4428 kB
LowTotal:         535800 kB
LowFree:           15816 kB
SwapTotal:             0 kB
SwapFree:              0 kB
Dirty:                44 kB
Writeback:             0 kB
AnonPages:        415904 kB
Mapped:           385052 kB
Shmem:              1208 kB
Slab:              44984 kB
SReclaimable:      14532 kB
SUnreclaim:        30452 kB
KernelStack:       11376 kB
PageTables:        27620 kB
NFS_Unstable:          0 kB
Bounce:                0 kB
WritebackTmp:          0 kB
CommitLimit:      710780 kB
Committed_AS:   36913768 kB
VmallocTotal:     460800 kB
VmallocUsed:       26924 kB
VmallocChunk:     174108 kB
Time pass: 207 sec

---2015-12-10 00:29:21
MemTotal:        1421560 kB
MemFree:           21012 kB
Buffers:           10596 kB
Cached:           670916 kB
SwapCached:            0 kB
Active:           760500 kB
Inactive:         332588 kB
Active(anon):     414308 kB
Inactive(anon):     1116 kB
Active(file):     346192 kB
Inactive(file):   331472 kB
Unevictable:        2612 kB
Mlocked:               0 kB
HighTotal:        885760 kB
HighFree:           4812 kB
LowTotal:         535800 kB
LowFree:           16200 kB
SwapTotal:             0 kB
SwapFree:              0 kB
Dirty:                48 kB
Writeback:             0 kB
AnonPages:        414408 kB
Mapped:           385200 kB
Shmem:              1236 kB
Slab:              45084 kB
SReclaimable:      14532 kB
SUnreclaim:        30552 kB
KernelStack:       11320 kB
PageTables:        27584 kB
NFS_Unstable:          0 kB
Bounce:                0 kB
WritebackTmp:          0 kB
CommitLimit:      710780 kB
Committed_AS:   36911872 kB
VmallocTotal:     460800 kB
VmallocUsed:       26924 kB
VmallocChunk:     174108 kB
Time pass: 212 sec

---2015-12-10 00:29:21
MemTotal:        1421560 kB
MemFree:           21268 kB
Buffers:           10612 kB
Cached:           670916 kB
SwapCached:            0 kB
Active:           760500 kB
Inactive:         332632 kB
Active(anon):     414308 kB
Inactive(anon):     1144 kB
Active(file):     346192 kB
Inactive(file):   331488 kB
Unevictable:        2612 kB
Mlocked:               0 kB
HighTotal:        885760 kB
HighFree:           4448 kB
LowTotal:         535800 kB
LowFree:           16820 kB
SwapTotal:             0 kB
SwapFree:              0 kB
Dirty:                40 kB
Writeback:             0 kB
AnonPages:        414244 kB
Mapped:           385116 kB
Shmem:              1236 kB
Slab:              45072 kB
SReclaimable:      14532 kB
SUnreclaim:        30540 kB
KernelStack:       11328 kB
PageTables:        27604 kB
NFS_Unstable:          0 kB
Bounce:                0 kB
WritebackTmp:          0 kB
CommitLimit:      710780 kB
Committed_AS:   36911072 kB
VmallocTotal:     460800 kB
VmallocUsed:       26924 kB
VmallocChunk:     174108 kB
Time pass: 215 sec

---2015-12-10 00:29:21
MemTotal:        1421560 kB
MemFree:           21608 kB
Buffers:           10612 kB
Cached:           670952 kB
SwapCached:            0 kB
Active:           760456 kB
Inactive:         332668 kB
Active(anon):     414264 kB
Inactive(anon):     1180 kB
Active(file):     346192 kB
Inactive(file):   331488 kB
Unevictable:        2612 kB
Mlocked:               0 kB
HighTotal:        885760 kB
HighFree:           4448 kB
LowTotal:         535800 kB
LowFree:           17160 kB
SwapTotal:             0 kB
SwapFree:              0 kB
Dirty:                40 kB
Writeback:             0 kB
AnonPages:        414172 kB
Mapped:           385300 kB
Shmem:              1272 kB
Slab:              45084 kB
SReclaimable:      14540 kB
SUnreclaim:        30544 kB
KernelStack:       11344 kB
PageTables:        27608 kB
NFS_Unstable:          0 kB
Bounce:                0 kB
WritebackTmp:          0 kB
CommitLimit:      710780 kB
Committed_AS:   36911292 kB
VmallocTotal:     460800 kB
VmallocUsed:       26924 kB
VmallocChunk:     174108 kB
Time pass: 219 sec

---2015-12-10 00:29:21
MemTotal:        1421560 kB
MemFree:           20440 kB
Buffers:           10636 kB
Cached:           671248 kB
SwapCached:            0 kB
Active:           761856 kB
Inactive:         332964 kB
Active(anon):     415648 kB
Inactive(anon):     1196 kB
Active(file):     346208 kB
Inactive(file):   331768 kB
Unevictable:        2612 kB
Mlocked:               0 kB
HighTotal:        885760 kB
HighFree:           4448 kB
LowTotal:         535800 kB
LowFree:           15992 kB
SwapTotal:             0 kB
SwapFree:              0 kB
Dirty:                36 kB
Writeback:             0 kB
AnonPages:        415656 kB
Mapped:           385356 kB
Shmem:              1288 kB
Slab:              45120 kB
SReclaimable:      14540 kB
SUnreclaim:        30580 kB
KernelStack:       11344 kB
PageTables:        27612 kB
NFS_Unstable:          0 kB
Bounce:                0 kB
WritebackTmp:          0 kB
CommitLimit:      710780 kB
Committed_AS:   36913952 kB
VmallocTotal:     460800 kB
VmallocUsed:       26924 kB
VmallocChunk:     174108 kB
Time pass: 222 sec

---2015-12-10 00:29:21
MemTotal:        1421560 kB
MemFree:           19472 kB
Buffers:           10636 kB
Cached:           671248 kB
SwapCached:            0 kB
Active:           761908 kB
Inactive:         332980 kB
Active(anon):     415708 kB
Inactive(anon):     1196 kB
Active(file):     346200 kB
Inactive(file):   331784 kB
Unevictable:        2612 kB
Mlocked:               0 kB
HighTotal:        885760 kB
HighFree:           4324 kB
LowTotal:         535800 kB
LowFree:           15148 kB
SwapTotal:             0 kB
SwapFree:              0 kB
Dirty:                 0 kB
Writeback:             0 kB
AnonPages:        415552 kB
Mapped:           385356 kB
Shmem:              1288 kB
Slab:              45172 kB
SReclaimable:      14540 kB
SUnreclaim:        30632 kB
KernelStack:       11328 kB
PageTables:        27612 kB
NFS_Unstable:          0 kB
Bounce:                0 kB
WritebackTmp:          0 kB
CommitLimit:      710780 kB
Committed_AS:   36912780 kB
VmallocTotal:     460800 kB
VmallocUsed:       26924 kB
VmallocChunk:     174108 kB
Time pass: 226 sec

---2015-12-10 00:29:21
MemTotal:        1421560 kB
MemFree:           22948 kB
Buffers:           10676 kB
Cached:           668100 kB
SwapCached:            0 kB
Active:           759100 kB
Inactive:         332932 kB
Active(anon):     415960 kB
Inactive(anon):     1196 kB
Active(file):     343140 kB
Inactive(file):   331736 kB
Unevictable:        2612 kB
Mlocked:               0 kB
HighTotal:        885760 kB
HighFree:           6708 kB
LowTotal:         535800 kB
LowFree:           16240 kB
SwapTotal:             0 kB
SwapFree:              0 kB
Dirty:                40 kB
Writeback:             0 kB
AnonPages:        415904 kB
Mapped:           384220 kB
Shmem:              1288 kB
Slab:              45192 kB
SReclaimable:      14612 kB
SUnreclaim:        30580 kB
KernelStack:       11360 kB
PageTables:        27608 kB
NFS_Unstable:          0 kB
Bounce:                0 kB
WritebackTmp:          0 kB
CommitLimit:      710780 kB
Committed_AS:   36913196 kB
VmallocTotal:     460800 kB
VmallocUsed:       26924 kB
VmallocChunk:     174108 kB
Time pass: 230 sec

---2015-12-10 00:29:21
MemTotal:        1421560 kB
MemFree:           23040 kB
Buffers:           10692 kB
Cached:           668100 kB
SwapCached:            0 kB
Active:           759268 kB
Inactive:         332948 kB
Active(anon):     416128 kB
Inactive(anon):     1196 kB
Active(file):     343140 kB
Inactive(file):   331752 kB
Unevictable:        2612 kB
Mlocked:               0 kB
HighTotal:        885760 kB
HighFree:           5564 kB
LowTotal:         535800 kB
LowFree:           17476 kB
SwapTotal:             0 kB
SwapFree:              0 kB
Dirty:                 0 kB
Writeback:             0 kB
AnonPages:        416008 kB
Mapped:           384316 kB
Shmem:              1288 kB
Slab:              45200 kB
SReclaimable:      14660 kB
SUnreclaim:        30540 kB
KernelStack:       11344 kB
PageTables:        27592 kB
NFS_Unstable:          0 kB
Bounce:                0 kB
WritebackTmp:          0 kB
CommitLimit:      710780 kB
Committed_AS:   36914380 kB
VmallocTotal:     460800 kB
VmallocUsed:       26924 kB
VmallocChunk:     174108 kB
Time pass: 235 sec

---2015-12-10 00:29:21
MemTotal:        1421560 kB
MemFree:           23036 kB
Buffers:           10716 kB
Cached:           668104 kB
SwapCached:            0 kB
Active:           759392 kB
Inactive:         332976 kB
Active(anon):     416252 kB
Inactive(anon):     1200 kB
Active(file):     343140 kB
Inactive(file):   331776 kB
Unevictable:        2612 kB
Mlocked:               0 kB
HighTotal:        885760 kB
HighFree:           4524 kB
LowTotal:         535800 kB
LowFree:           18512 kB
SwapTotal:             0 kB
SwapFree:              0 kB
Dirty:                48 kB
Writeback:             0 kB
AnonPages:        416220 kB
Mapped:           384372 kB
Shmem:              1292 kB
Slab:              45168 kB
SReclaimable:      14660 kB
SUnreclaim:        30508 kB
KernelStack:       11352 kB
PageTables:        27608 kB
NFS_Unstable:          0 kB
Bounce:                0 kB
WritebackTmp:          0 kB
CommitLimit:      710780 kB
Committed_AS:   36913312 kB
VmallocTotal:     460800 kB
VmallocUsed:       26924 kB
VmallocChunk:     174108 kB
Time pass: 240 sec

---2015-12-10 00:29:21
MemTotal:        1421560 kB
MemFree:           24632 kB
Buffers:           10740 kB
Cached:           668112 kB
SwapCached:            0 kB
Active:           759132 kB
Inactive:         333000 kB
Active(anon):     415992 kB
Inactive(anon):     1200 kB
Active(file):     343140 kB
Inactive(file):   331800 kB
Unevictable:        2612 kB
Mlocked:               0 kB
HighTotal:        885760 kB
HighFree:           5296 kB
LowTotal:         535800 kB
LowFree:           19336 kB
SwapTotal:             0 kB
SwapFree:              0 kB
Dirty:                40 kB
Writeback:             0 kB
AnonPages:        415888 kB
Mapped:           384328 kB
Shmem:              1300 kB
Slab:              45080 kB
SReclaimable:      14660 kB
SUnreclaim:        30420 kB
KernelStack:       11360 kB
PageTables:        27584 kB
NFS_Unstable:          0 kB
Bounce:                0 kB
WritebackTmp:          0 kB
CommitLimit:      710780 kB
Committed_AS:   36913568 kB
VmallocTotal:     460800 kB
VmallocUsed:       26924 kB
VmallocChunk:     174108 kB
Time pass: 244 sec

---2015-12-10 00:29:21
MemTotal:        1421560 kB
MemFree:           22916 kB
Buffers:           10780 kB
Cached:           668100 kB
SwapCached:            0 kB
Active:           761036 kB
Inactive:         333036 kB
Active(anon):     417896 kB
Inactive(anon):     1212 kB
Active(file):     343140 kB
Inactive(file):   331824 kB
Unevictable:        2612 kB
Mlocked:               0 kB
HighTotal:        885760 kB
HighFree:           4340 kB
LowTotal:         535800 kB
LowFree:           18576 kB
SwapTotal:             0 kB
SwapFree:              0 kB
Dirty:                 0 kB
Writeback:             0 kB
AnonPages:        417988 kB
Mapped:           384328 kB
Shmem:              1304 kB
Slab:              45272 kB
SReclaimable:      14660 kB
SUnreclaim:        30612 kB
KernelStack:       11352 kB
PageTables:        27596 kB
NFS_Unstable:          0 kB
Bounce:                0 kB
WritebackTmp:          0 kB
CommitLimit:      710780 kB
Committed_AS:   36916056 kB
VmallocTotal:     460800 kB
VmallocUsed:       26924 kB
VmallocChunk:     174108 kB
Time pass: 249 sec

---2015-12-10 00:29:21
MemTotal:        1421560 kB
MemFree:           21692 kB
Buffers:           10780 kB
Cached:           668116 kB
SwapCached:            0 kB
Active:           761076 kB
Inactive:         333052 kB
Active(anon):     417936 kB
Inactive(anon):     1212 kB
Active(file):     343140 kB
Inactive(file):   331840 kB
Unevictable:        2612 kB
Mlocked:               0 kB
HighTotal:        885760 kB
HighFree:           4496 kB
LowTotal:         535800 kB
LowFree:           17196 kB
SwapTotal:             0 kB
SwapFree:              0 kB
Dirty:                56 kB
Writeback:             0 kB
AnonPages:        418004 kB
Mapped:           384380 kB
Shmem:              1304 kB
Slab:              45144 kB
SReclaimable:      14660 kB
SUnreclaim:        30484 kB
KernelStack:       11360 kB
PageTables:        27620 kB
NFS_Unstable:          0 kB
Bounce:                0 kB
WritebackTmp:          0 kB
CommitLimit:      710780 kB
Committed_AS:   36916652 kB
VmallocTotal:     460800 kB
VmallocUsed:       26924 kB
VmallocChunk:     174108 kB
Time pass: 252 sec

---2015-12-10 00:29:21
MemTotal:        1421560 kB
MemFree:           21516 kB
Buffers:           10804 kB
Cached:           668116 kB
SwapCached:            0 kB
Active:           761428 kB
Inactive:         333076 kB
Active(anon):     418288 kB
Inactive(anon):     1212 kB
Active(file):     343140 kB
Inactive(file):   331864 kB
Unevictable:        2612 kB
Mlocked:               0 kB
HighTotal:        885760 kB
HighFree:           4396 kB
LowTotal:         535800 kB
LowFree:           17120 kB
SwapTotal:             0 kB
SwapFree:              0 kB
Dirty:                40 kB
Writeback:             0 kB
AnonPages:        418336 kB
Mapped:           384384 kB
Shmem:              1304 kB
Slab:              45272 kB
SReclaimable:      14660 kB
SUnreclaim:        30612 kB
KernelStack:       11368 kB
PageTables:        27620 kB
NFS_Unstable:          0 kB
Bounce:                0 kB
WritebackTmp:          0 kB
CommitLimit:      710780 kB
Committed_AS:   36916796 kB
VmallocTotal:     460800 kB
VmallocUsed:       26924 kB
VmallocChunk:     174108 kB
Time pass: 256 sec

---2015-12-10 00:29:21
MemTotal:        1421560 kB
MemFree:           22140 kB
Buffers:           10820 kB
Cached:           668116 kB
SwapCached:            0 kB
Active:           761692 kB
Inactive:         333092 kB
Active(anon):     418552 kB
Inactive(anon):     1212 kB
Active(file):     343140 kB
Inactive(file):   331880 kB
Unevictable:        2612 kB
Mlocked:               0 kB
HighTotal:        885760 kB
HighFree:           5016 kB
LowTotal:         535800 kB
LowFree:           17124 kB
SwapTotal:             0 kB
SwapFree:              0 kB
Dirty:                 0 kB
Writeback:             4 kB
AnonPages:        418532 kB
Mapped:           384384 kB
Shmem:              1304 kB
Slab:              45232 kB
SReclaimable:      14660 kB
SUnreclaim:        30572 kB
KernelStack:       11360 kB
PageTables:        27624 kB
NFS_Unstable:          0 kB
Bounce:                0 kB
WritebackTmp:          0 kB
CommitLimit:      710780 kB
Committed_AS:   36916960 kB
VmallocTotal:     460800 kB
VmallocUsed:       26924 kB
VmallocChunk:     174108 kB
Time pass: 259 sec

---2015-12-10 00:29:21
MemTotal:        1421560 kB
MemFree:           21984 kB
Buffers:           10820 kB
Cached:           668116 kB
SwapCached:            0 kB
Active:           761508 kB
Inactive:         333092 kB
Active(anon):     418368 kB
Inactive(anon):     1212 kB
Active(file):     343140 kB
Inactive(file):   331880 kB
Unevictable:        2612 kB
Mlocked:               0 kB
HighTotal:        885760 kB
HighFree:           5016 kB
LowTotal:         535800 kB
LowFree:           16968 kB
SwapTotal:             0 kB
SwapFree:              0 kB
Dirty:                 0 kB
Writeback:             0 kB
AnonPages:        418392 kB
Mapped:           384236 kB
Shmem:              1304 kB
Slab:              45232 kB
SReclaimable:      14660 kB
SUnreclaim:        30572 kB
KernelStack:       11376 kB
PageTables:        27612 kB
NFS_Unstable:          0 kB
Bounce:                0 kB
WritebackTmp:          0 kB
CommitLimit:      710780 kB
Committed_AS:   36917292 kB
VmallocTotal:     460800 kB
VmallocUsed:       26924 kB
VmallocChunk:     174108 kB
Time pass: 263 sec

---2015-12-10 00:29:21
MemTotal:        1421560 kB
MemFree:           21224 kB
Buffers:           10844 kB
Cached:           668104 kB
SwapCached:            0 kB
Active:           761884 kB
Inactive:         333104 kB
Active(anon):     418744 kB
Inactive(anon):     1212 kB
Active(file):     343140 kB
Inactive(file):   331892 kB
Unevictable:        2612 kB
Mlocked:               0 kB
HighTotal:        885760 kB
HighFree:           4892 kB
LowTotal:         535800 kB
LowFree:           16332 kB
SwapTotal:             0 kB
SwapFree:              0 kB
Dirty:                36 kB
Writeback:             0 kB
AnonPages:        418832 kB
Mapped:           384384 kB
Shmem:              1304 kB
Slab:              45272 kB
SReclaimable:      14668 kB
SUnreclaim:        30604 kB
KernelStack:       11368 kB
PageTables:        27620 kB
NFS_Unstable:          0 kB
Bounce:                0 kB
WritebackTmp:          0 kB
CommitLimit:      710780 kB
Committed_AS:   36917308 kB
VmallocTotal:     460800 kB
VmallocUsed:       26924 kB
VmallocChunk:     174108 kB
Time pass: 267 sec

---2015-12-10 00:29:21
MemTotal:        1421560 kB
MemFree:           19800 kB
Buffers:           10844 kB
Cached:           668120 kB
SwapCached:            0 kB
Active:           762652 kB
Inactive:         333120 kB
Active(anon):     419512 kB
Inactive(anon):     1212 kB
Active(file):     343140 kB
Inactive(file):   331908 kB
Unevictable:        2612 kB
Mlocked:               0 kB
HighTotal:        885760 kB
HighFree:           4396 kB
LowTotal:         535800 kB
LowFree:           15404 kB
SwapTotal:             0 kB
SwapFree:              0 kB
Dirty:                 0 kB
Writeback:             0 kB
AnonPages:        419432 kB
Mapped:           384384 kB
Shmem:              1304 kB
Slab:              45184 kB
SReclaimable:      14668 kB
SUnreclaim:        30516 kB
KernelStack:       11368 kB
PageTables:        27620 kB
NFS_Unstable:          0 kB
Bounce:                0 kB
WritebackTmp:          0 kB
CommitLimit:      710780 kB
Committed_AS:   36917800 kB
VmallocTotal:     460800 kB
VmallocUsed:       26924 kB
VmallocChunk:     174108 kB
Time pass: 270 sec

---2015-12-10 00:29:21
MemTotal:        1421560 kB
MemFree:           20592 kB
Buffers:           10852 kB
Cached:           668152 kB
SwapCached:            0 kB
Active:           761648 kB
Inactive:         333160 kB
Active(anon):     418508 kB
Inactive(anon):     1244 kB
Active(file):     343140 kB
Inactive(file):   331916 kB
Unevictable:        2612 kB
Mlocked:               0 kB
HighTotal:        885760 kB
HighFree:           5264 kB
LowTotal:         535800 kB
LowFree:           15328 kB
SwapTotal:             0 kB
SwapFree:              0 kB
Dirty:                36 kB
Writeback:             0 kB
AnonPages:        418388 kB
Mapped:           384416 kB
Shmem:              1336 kB
Slab:              45252 kB
SReclaimable:      14668 kB
SUnreclaim:        30584 kB
KernelStack:       11368 kB
PageTables:        27620 kB
NFS_Unstable:          0 kB
Bounce:                0 kB
WritebackTmp:          0 kB
CommitLimit:      710780 kB
Committed_AS:   36916840 kB
VmallocTotal:     460800 kB
VmallocUsed:       26924 kB
VmallocChunk:     174108 kB
Time pass: 274 sec

---2015-12-10 00:29:21
MemTotal:        1421560 kB
MemFree:           20656 kB
Buffers:           10868 kB
Cached:           669056 kB
SwapCached:            0 kB
Active:           759740 kB
Inactive:         334080 kB
Active(anon):     416600 kB
Inactive(anon):     1792 kB
Active(file):     343140 kB
Inactive(file):   332288 kB
Unevictable:        2612 kB
Mlocked:               0 kB
HighTotal:        885760 kB
HighFree:           5020 kB
LowTotal:         535800 kB
LowFree:           15636 kB
SwapTotal:             0 kB
SwapFree:              0 kB
Dirty:                 0 kB
Writeback:             0 kB
AnonPages:        416436 kB
Mapped:           384940 kB
Shmem:              1884 kB
Slab:              45380 kB
SReclaimable:      14668 kB
SUnreclaim:        30712 kB
KernelStack:       11352 kB
PageTables:        27604 kB
NFS_Unstable:          0 kB
Bounce:                0 kB
WritebackTmp:          0 kB
CommitLimit:      710780 kB
Committed_AS:   36914568 kB
VmallocTotal:     460800 kB
VmallocUsed:       26924 kB
VmallocChunk:     174108 kB
Time pass: 279 sec

---2015-12-10 00:29:21
MemTotal:        1421560 kB
MemFree:           20324 kB
Buffers:           10892 kB
Cached:           669056 kB
SwapCached:            0 kB
Active:           761352 kB
Inactive:         334104 kB
Active(anon):     418212 kB
Inactive(anon):     1792 kB
Active(file):     343140 kB
Inactive(file):   332312 kB
Unevictable:        2612 kB
Mlocked:               0 kB
HighTotal:        885760 kB
HighFree:           4416 kB
LowTotal:         535800 kB
LowFree:           15908 kB
SwapTotal:             0 kB
SwapFree:              0 kB
Dirty:                36 kB
Writeback:             0 kB
AnonPages:        418268 kB
Mapped:           384936 kB
Shmem:              1884 kB
Slab:              45376 kB
SReclaimable:      14668 kB
SUnreclaim:        30708 kB
KernelStack:       11336 kB
PageTables:        27592 kB
NFS_Unstable:          0 kB
Bounce:                0 kB
WritebackTmp:          0 kB
CommitLimit:      710780 kB
Committed_AS:   36916332 kB
VmallocTotal:     460800 kB
VmallocUsed:       26924 kB
VmallocChunk:     174108 kB
Time pass: 285 sec

---2015-12-10 00:29:21
MemTotal:        1421560 kB
MemFree:           20828 kB
Buffers:           10916 kB
Cached:           669056 kB
SwapCached:            0 kB
Active:           760384 kB
Inactive:         334128 kB
Active(anon):     417244 kB
Inactive(anon):     1792 kB
Active(file):     343140 kB
Inactive(file):   332336 kB
Unevictable:        2612 kB
Mlocked:               0 kB
HighTotal:        885760 kB
HighFree:           4364 kB
LowTotal:         535800 kB
LowFree:           16464 kB
SwapTotal:             0 kB
SwapFree:              0 kB
Dirty:                40 kB
Writeback:             0 kB
AnonPages:        417280 kB
Mapped:           384840 kB
Shmem:              1884 kB
Slab:              45252 kB
SReclaimable:      14672 kB
SUnreclaim:        30580 kB
KernelStack:       11344 kB
PageTables:        27608 kB
NFS_Unstable:          0 kB
Bounce:                0 kB
WritebackTmp:          0 kB
CommitLimit:      710780 kB
Committed_AS:   36914956 kB
VmallocTotal:     460800 kB
VmallocUsed:       26924 kB
VmallocChunk:     174108 kB
Time pass: 288 sec

---2015-12-10 00:29:21
MemTotal:        1421560 kB
MemFree:           21020 kB
Buffers:           10916 kB
Cached:           669056 kB
SwapCached:            0 kB
Active:           760480 kB
Inactive:         334128 kB
Active(anon):     417340 kB
Inactive(anon):     1792 kB
Active(file):     343140 kB
Inactive(file):   332336 kB
Unevictable:        2612 kB
Mlocked:               0 kB
HighTotal:        885760 kB
HighFree:           4364 kB
LowTotal:         535800 kB
LowFree:           16656 kB
SwapTotal:             0 kB
SwapFree:              0 kB
Dirty:                40 kB
Writeback:             0 kB
AnonPages:        417328 kB
Mapped:           384988 kB
Shmem:              1884 kB
Slab:              45284 kB
SReclaimable:      14672 kB
SUnreclaim:        30612 kB
KernelStack:       11352 kB
PageTables:        27608 kB
NFS_Unstable:          0 kB
Bounce:                0 kB
WritebackTmp:          0 kB
CommitLimit:      710780 kB
Committed_AS:   36915988 kB
VmallocTotal:     460800 kB
VmallocUsed:       26924 kB
VmallocChunk:     174108 kB
Time pass: 292 sec

---2015-12-10 00:29:21
MemTotal:        1421560 kB
MemFree:           20496 kB
Buffers:           10940 kB
Cached:           669056 kB
SwapCached:            0 kB
Active:           761752 kB
Inactive:         334160 kB
Active(anon):     418612 kB
Inactive(anon):     1792 kB
Active(file):     343140 kB
Inactive(file):   332368 kB
Unevictable:        2612 kB
Mlocked:               0 kB
HighTotal:        885760 kB
HighFree:           4804 kB
LowTotal:         535800 kB
LowFree:           15692 kB
SwapTotal:             0 kB
SwapFree:              0 kB
Dirty:                44 kB
Writeback:             0 kB
AnonPages:        418656 kB
Mapped:           384988 kB
Shmem:              1884 kB
Slab:              45220 kB
SReclaimable:      14672 kB
SUnreclaim:        30548 kB
KernelStack:       11352 kB
PageTables:        27612 kB
NFS_Unstable:          0 kB
Bounce:                0 kB
WritebackTmp:          0 kB
CommitLimit:      710780 kB
Committed_AS:   36916408 kB
VmallocTotal:     460800 kB
VmallocUsed:       26924 kB
VmallocChunk:     174108 kB
Time pass: 296 sec

---2015-12-10 00:29:21
MemTotal:        1421560 kB
MemFree:           20080 kB
Buffers:           10940 kB
Cached:           669056 kB
SwapCached:            0 kB
Active:           760900 kB
Inactive:         334152 kB
Active(anon):     417760 kB
Inactive(anon):     1792 kB
Active(file):     343140 kB
Inactive(file):   332360 kB
Unevictable:        2612 kB
Mlocked:               0 kB
HighTotal:        885760 kB
HighFree:           4952 kB
LowTotal:         535800 kB
LowFree:           15128 kB
SwapTotal:             0 kB
SwapFree:              0 kB
Dirty:                 0 kB
Writeback:             0 kB
AnonPages:        417652 kB
Mapped:           384840 kB
Shmem:              1884 kB
Slab:              45220 kB
SReclaimable:      14672 kB
SUnreclaim:        30548 kB
KernelStack:       11352 kB
PageTables:        27616 kB
NFS_Unstable:          0 kB
Bounce:                0 kB
WritebackTmp:          0 kB
CommitLimit:      710780 kB
Committed_AS:   36915356 kB
VmallocTotal:     460800 kB
VmallocUsed:       26924 kB
VmallocChunk:     174108 kB
Time pass: 299 sec

---2015-12-10 00:29:21
MemTotal:        1421560 kB
MemFree:           20340 kB
Buffers:           10964 kB
Cached:           669056 kB
SwapCached:            0 kB
Active:           761884 kB
Inactive:         334176 kB
Active(anon):     418744 kB
Inactive(anon):     1792 kB
Active(file):     343140 kB
Inactive(file):   332384 kB
Unevictable:        2612 kB
Mlocked:               0 kB
HighTotal:        885760 kB
HighFree:           5120 kB
LowTotal:         535800 kB
LowFree:           15220 kB
SwapTotal:             0 kB
SwapFree:              0 kB
Dirty:                44 kB
Writeback:             0 kB
AnonPages:        418788 kB
Mapped:           384936 kB
Shmem:              1884 kB
Slab:              45256 kB
SReclaimable:      14676 kB
SUnreclaim:        30580 kB
KernelStack:       11336 kB
PageTables:        27596 kB
NFS_Unstable:          0 kB
Bounce:                0 kB
WritebackTmp:          0 kB
CommitLimit:      710780 kB
Committed_AS:   36916668 kB
VmallocTotal:     460800 kB
VmallocUsed:       26924 kB
VmallocChunk:     174108 kB
Time pass: 305 sec

---2015-12-10 00:29:21
MemTotal:        1421560 kB
MemFree:           19780 kB
Buffers:           10972 kB
Cached:           669056 kB
SwapCached:            0 kB
Active:           761932 kB
Inactive:         334184 kB
Active(anon):     418792 kB
Inactive(anon):     1792 kB
Active(file):     343140 kB
Inactive(file):   332392 kB
Unevictable:        2612 kB
Mlocked:               0 kB
HighTotal:        885760 kB
HighFree:           4376 kB
LowTotal:         535800 kB
LowFree:           15404 kB
SwapTotal:             0 kB
SwapFree:              0 kB
Dirty:                32 kB
Writeback:             0 kB
AnonPages:        418688 kB
Mapped:           384936 kB
Shmem:              1884 kB
Slab:              45316 kB
SReclaimable:      14700 kB
SUnreclaim:        30616 kB
KernelStack:       11344 kB
PageTables:        27596 kB
NFS_Unstable:          0 kB
Bounce:                0 kB
WritebackTmp:          0 kB
CommitLimit:      710780 kB
Committed_AS:   36916800 kB
VmallocTotal:     460800 kB
VmallocUsed:       26924 kB
VmallocChunk:     174108 kB
Time pass: 310 sec

---2015-12-10 00:29:21
MemTotal:        1421560 kB
MemFree:           19148 kB
Buffers:           10988 kB
Cached:           669056 kB
SwapCached:            0 kB
Active:           761900 kB
Inactive:         334200 kB
Active(anon):     418760 kB
Inactive(anon):     1792 kB
Active(file):     343140 kB
Inactive(file):   332408 kB
Unevictable:        2612 kB
Mlocked:               0 kB
HighTotal:        885760 kB
HighFree:           4396 kB
LowTotal:         535800 kB
LowFree:           14752 kB
SwapTotal:             0 kB
SwapFree:              0 kB
Dirty:                 0 kB
Writeback:             0 kB
AnonPages:        419028 kB
Mapped:           384936 kB
Shmem:              1884 kB
Slab:              45348 kB
SReclaimable:      14668 kB
SUnreclaim:        30680 kB
KernelStack:       11344 kB
PageTables:        27592 kB
NFS_Unstable:          0 kB
Bounce:                0 kB
WritebackTmp:          0 kB
CommitLimit:      710780 kB
Committed_AS:   36916640 kB
VmallocTotal:     460800 kB
VmallocUsed:       26924 kB
VmallocChunk:     174108 kB
Time pass: 314 sec

---2015-12-10 00:29:21
MemTotal:        1421560 kB
MemFree:           20104 kB
Buffers:           11012 kB
Cached:           669040 kB
SwapCached:            0 kB
Active:           761764 kB
Inactive:         334208 kB
Active(anon):     418624 kB
Inactive(anon):     1792 kB
Active(file):     343140 kB
Inactive(file):   332416 kB
Unevictable:        2612 kB
Mlocked:               0 kB
HighTotal:        885760 kB
HighFree:           5444 kB
LowTotal:         535800 kB
LowFree:           14660 kB
SwapTotal:             0 kB
SwapFree:              0 kB
Dirty:                28 kB
Writeback:             0 kB
AnonPages:        418888 kB
Mapped:           384988 kB
Shmem:              1884 kB
Slab:              45220 kB
SReclaimable:      14668 kB
SUnreclaim:        30552 kB
KernelStack:       11344 kB
PageTables:        27612 kB
NFS_Unstable:          0 kB
Bounce:                0 kB
WritebackTmp:          0 kB
CommitLimit:      710780 kB
Committed_AS:   36916472 kB
VmallocTotal:     460800 kB
VmallocUsed:       26924 kB
VmallocChunk:     174108 kB
Time pass: 319 sec

---2015-12-10 00:29:21
MemTotal:        1421560 kB
MemFree:           19408 kB
Buffers:           11012 kB
Cached:           669056 kB
SwapCached:            0 kB
Active:           762672 kB
Inactive:         334224 kB
Active(anon):     419532 kB
Inactive(anon):     1792 kB
Active(file):     343140 kB
Inactive(file):   332432 kB
Unevictable:        2612 kB
Mlocked:               0 kB
HighTotal:        885760 kB
HighFree:           4872 kB
LowTotal:         535800 kB
LowFree:           14536 kB
SwapTotal:             0 kB
SwapFree:              0 kB
Dirty:                 0 kB
Writeback:             0 kB
AnonPages:        419584 kB
Mapped:           384988 kB
Shmem:              1884 kB
Slab:              45296 kB
SReclaimable:      14668 kB
SUnreclaim:        30628 kB
KernelStack:       11344 kB
PageTables:        27608 kB
NFS_Unstable:          0 kB
Bounce:                0 kB
WritebackTmp:          0 kB
CommitLimit:      710780 kB
Committed_AS:   36917188 kB
VmallocTotal:     460800 kB
VmallocUsed:       26924 kB
VmallocChunk:     174108 kB
Time pass: 324 sec

---2015-12-10 00:29:21
MemTotal:        1421560 kB
MemFree:           19628 kB
Buffers:           11036 kB
Cached:           669056 kB
SwapCached:            0 kB
Active:           761508 kB
Inactive:         334248 kB
Active(anon):     418368 kB
Inactive(anon):     1792 kB
Active(file):     343140 kB
Inactive(file):   332456 kB
Unevictable:        2612 kB
Mlocked:               0 kB
HighTotal:        885760 kB
HighFree:           4376 kB
LowTotal:         535800 kB
LowFree:           15252 kB
SwapTotal:             0 kB
SwapFree:              0 kB
Dirty:                40 kB
Writeback:             0 kB
AnonPages:        418472 kB
Mapped:           384936 kB
Shmem:              1884 kB
Slab:              45252 kB
SReclaimable:      14668 kB
SUnreclaim:        30584 kB
KernelStack:       11328 kB
PageTables:        27596 kB
NFS_Unstable:          0 kB
Bounce:                0 kB
WritebackTmp:          0 kB
CommitLimit:      710780 kB
Committed_AS:   36916308 kB
VmallocTotal:     460800 kB
VmallocUsed:       26924 kB
VmallocChunk:     174108 kB
Time pass: 330 sec

---2015-12-10 00:29:21
MemTotal:        1421560 kB
MemFree:           19132 kB
Buffers:           11044 kB
Cached:           669104 kB
SwapCached:            0 kB
Active:           761980 kB
Inactive:         334304 kB
Active(anon):     418840 kB
Inactive(anon):     1792 kB
Active(file):     343140 kB
Inactive(file):   332512 kB
Unevictable:        2612 kB
Mlocked:               0 kB
HighTotal:        885760 kB
HighFree:           4376 kB
LowTotal:         535800 kB
LowFree:           14756 kB
SwapTotal:             0 kB
SwapFree:              0 kB
Dirty:                28 kB
Writeback:             0 kB
AnonPages:        418904 kB
Mapped:           384940 kB
Shmem:              1884 kB
Slab:              45352 kB
SReclaimable:      14668 kB
SUnreclaim:        30684 kB
KernelStack:       11360 kB
PageTables:        27592 kB
NFS_Unstable:          0 kB
Bounce:                0 kB
WritebackTmp:          0 kB
CommitLimit:      710780 kB
Committed_AS:   36916968 kB
VmallocTotal:     460800 kB
VmallocUsed:       26924 kB
VmallocChunk:     174108 kB
Time pass: 335 sec

---2015-12-10 00:29:21
MemTotal:        1421560 kB
MemFree:           23928 kB
Buffers:           10896 kB
Cached:           665668 kB
SwapCached:            0 kB
Active:           760192 kB
Inactive:         332356 kB
Active(anon):     418688 kB
Inactive(anon):     1792 kB
Active(file):     341504 kB
Inactive(file):   330564 kB
Unevictable:        2612 kB
Mlocked:               0 kB
HighTotal:        885760 kB
HighFree:           8116 kB
LowTotal:         535800 kB
LowFree:           15812 kB
SwapTotal:             0 kB
SwapFree:              0 kB
Dirty:                 0 kB
Writeback:             0 kB
AnonPages:        418556 kB
Mapped:           384656 kB
Shmem:              1884 kB
Slab:              45260 kB
SReclaimable:      14668 kB
SUnreclaim:        30592 kB
KernelStack:       11376 kB
PageTables:        27636 kB
NFS_Unstable:          0 kB
Bounce:                0 kB
WritebackTmp:          0 kB
CommitLimit:      710780 kB
Committed_AS:   36916176 kB
VmallocTotal:     460800 kB
VmallocUsed:       26924 kB
VmallocChunk:     174108 kB
Time pass: 340 sec

---2015-12-10 00:29:21
MemTotal:        1421560 kB
MemFree:           23288 kB
Buffers:           10904 kB
Cached:           665668 kB
SwapCached:            0 kB
Active:           760964 kB
Inactive:         332364 kB
Active(anon):     419460 kB
Inactive(anon):     1792 kB
Active(file):     341504 kB
Inactive(file):   330572 kB
Unevictable:        2612 kB
Mlocked:               0 kB
HighTotal:        885760 kB
HighFree:           7516 kB
LowTotal:         535800 kB
LowFree:           15772 kB
SwapTotal:             0 kB
SwapFree:              0 kB
Dirty:                28 kB
Writeback:             0 kB
AnonPages:        419364 kB
Mapped:           384752 kB
Shmem:              1884 kB
Slab:              45248 kB
SReclaimable:      14668 kB
SUnreclaim:        30580 kB
KernelStack:       11352 kB
PageTables:        27592 kB
NFS_Unstable:          0 kB
Bounce:                0 kB
WritebackTmp:          0 kB
CommitLimit:      710780 kB
Committed_AS:   36916976 kB
VmallocTotal:     460800 kB
VmallocUsed:       26924 kB
VmallocChunk:     174108 kB
Time pass: 344 sec

---2015-12-10 00:29:21
MemTotal:        1421560 kB
MemFree:           24368 kB
Buffers:           10904 kB
Cached:           665668 kB
SwapCached:            0 kB
Active:           759960 kB
Inactive:         332364 kB
Active(anon):     418456 kB
Inactive(anon):     1792 kB
Active(file):     341504 kB
Inactive(file):   330572 kB
Unevictable:        2612 kB
Mlocked:               0 kB
HighTotal:        885760 kB
HighFree:           7928 kB
LowTotal:         535800 kB
LowFree:           16440 kB
SwapTotal:             0 kB
SwapFree:              0 kB
Dirty:                 0 kB
Writeback:             0 kB
AnonPages:        418460 kB
Mapped:           384760 kB
Shmem:              1884 kB
Slab:              45356 kB
SReclaimable:      14668 kB
SUnreclaim:        30688 kB
KernelStack:       11336 kB
PageTables:        27592 kB
NFS_Unstable:          0 kB
Bounce:                0 kB
WritebackTmp:          0 kB
CommitLimit:      710780 kB
Committed_AS:   36915752 kB
VmallocTotal:     460800 kB
VmallocUsed:       26924 kB
VmallocChunk:     174108 kB
Time pass: 350 sec

---2015-12-10 00:29:21
MemTotal:        1421560 kB
MemFree:           24824 kB
Buffers:           10920 kB
Cached:           665668 kB
SwapCached:            0 kB
Active:           759680 kB
Inactive:         332380 kB
Active(anon):     418176 kB
Inactive(anon):     1792 kB
Active(file):     341504 kB
Inactive(file):   330588 kB
Unevictable:        2612 kB
Mlocked:               0 kB
HighTotal:        885760 kB
HighFree:           7564 kB
LowTotal:         535800 kB
LowFree:           17260 kB
SwapTotal:             0 kB
SwapFree:              0 kB
Dirty:                36 kB
Writeback:             0 kB
AnonPages:        418096 kB
Mapped:           384664 kB
Shmem:              1884 kB
Slab:              45248 kB
SReclaimable:      14668 kB
SUnreclaim:        30580 kB
KernelStack:       11344 kB
PageTables:        27604 kB
NFS_Unstable:          0 kB
Bounce:                0 kB
WritebackTmp:          0 kB
CommitLimit:      710780 kB
Committed_AS:   36915308 kB
VmallocTotal:     460800 kB
VmallocUsed:       26924 kB
VmallocChunk:     174108 kB
Time pass: 353 sec

---2015-12-10 00:29:21
MemTotal:        1421560 kB
MemFree:           25172 kB
Buffers:           10928 kB
Cached:           665668 kB
SwapCached:            0 kB
Active:           759256 kB
Inactive:         332380 kB
Active(anon):     417752 kB
Inactive(anon):     1792 kB
Active(file):     341504 kB
Inactive(file):   330588 kB
Unevictable:        2612 kB
Mlocked:               0 kB
HighTotal:        885760 kB
HighFree:           7768 kB
LowTotal:         535800 kB
LowFree:           17404 kB
SwapTotal:             0 kB
SwapFree:              0 kB
Dirty:                 0 kB
Writeback:             0 kB
AnonPages:        417660 kB
Mapped:           384812 kB
Shmem:              1884 kB
Slab:              45392 kB
SReclaimable:      14668 kB
SUnreclaim:        30724 kB
KernelStack:       11352 kB
PageTables:        27604 kB
NFS_Unstable:          0 kB
Bounce:                0 kB
WritebackTmp:          0 kB
CommitLimit:      710780 kB
Committed_AS:   36914776 kB
VmallocTotal:     460800 kB
VmallocUsed:       26924 kB
VmallocChunk:     174108 kB
Time pass: 357 sec

---2015-12-10 00:29:21
MemTotal:        1421560 kB
MemFree:           25336 kB
Buffers:           10944 kB
Cached:           665668 kB
SwapCached:            0 kB
Active:           759468 kB
Inactive:         332404 kB
Active(anon):     417964 kB
Inactive(anon):     1792 kB
Active(file):     341504 kB
Inactive(file):   330612 kB
Unevictable:        2612 kB
Mlocked:               0 kB
HighTotal:        885760 kB
HighFree:           7836 kB
LowTotal:         535800 kB
LowFree:           17500 kB
SwapTotal:             0 kB
SwapFree:              0 kB
Dirty:                40 kB
Writeback:             0 kB
AnonPages:        417940 kB
Mapped:           384760 kB
Shmem:              1884 kB
Slab:              45284 kB
SReclaimable:      14672 kB
SUnreclaim:        30612 kB
KernelStack:       11336 kB
PageTables:        27592 kB
NFS_Unstable:          0 kB
Bounce:                0 kB
WritebackTmp:          0 kB
CommitLimit:      710780 kB
Committed_AS:   36915692 kB
VmallocTotal:     460800 kB
VmallocUsed:       26924 kB
VmallocChunk:     174108 kB
Time pass: 362 sec

---2015-12-10 00:29:21
MemTotal:        1421560 kB
MemFree:           25000 kB
Buffers:           10944 kB
Cached:           665668 kB
SwapCached:            0 kB
Active:           759116 kB
Inactive:         332404 kB
Active(anon):     417612 kB
Inactive(anon):     1792 kB
Active(file):     341504 kB
Inactive(file):   330612 kB
Unevictable:        2612 kB
Mlocked:               0 kB
HighTotal:        885760 kB
HighFree:           6856 kB
LowTotal:         535800 kB
LowFree:           18144 kB
SwapTotal:             0 kB
SwapFree:              0 kB
Dirty:                 0 kB
Writeback:             0 kB
AnonPages:        417672 kB
Mapped:           384812 kB
