---2015-12-17 16:44:23
MemTotal:        2905316 kB
MemFree:           77224 kB
Buffers:           31832 kB
Cached:          1501144 kB
SwapCached:            0 kB
Active:          1247180 kB
Inactive:        1114360 kB
Active(anon):     726340 kB
Inactive(anon):   143236 kB
Active(file):     520840 kB
Inactive(file):   971124 kB
Unevictable:        7800 kB
Mlocked:               0 kB
SwapTotal:        720184 kB
SwapFree:         720184 kB
Dirty:                 4 kB
Writeback:             0 kB
AnonPages:        836404 kB
Mapped:           490084 kB
Shmem:             33212 kB
Slab:             111524 kB
SReclaimable:      36404 kB
SUnreclaim:        75120 kB
KernelStack:       30432 kB
PageTables:        53040 kB
NFS_Unstable:          0 kB
Bounce:                0 kB
WritebackTmp:          0 kB
CommitLimit:     2172840 kB
Committed_AS:   89748560 kB
VmallocTotal:   251658176 kB
VmallocUsed:      132400 kB
VmallocChunk:   251428908 kB
Time pass: 3 sec

---2015-12-17 16:44:23
MemTotal:        2905316 kB
MemFree:           67632 kB
Buffers:           30968 kB
Cached:          1488884 kB
SwapCached:            0 kB
Active:          1269060 kB
Inactive:        1102036 kB
Active(anon):     746392 kB
Inactive(anon):   146048 kB
Active(file):     522668 kB
Inactive(file):   955988 kB
Unevictable:        7800 kB
Mlocked:               0 kB
SwapTotal:        720184 kB
SwapFree:         720184 kB
Dirty:               292 kB
Writeback:             0 kB
AnonPages:        859656 kB
Mapped:           518152 kB
Shmem:             33212 kB
Slab:             109260 kB
SReclaimable:      34020 kB
SUnreclaim:        75240 kB
KernelStack:       31248 kB
PageTables:        55180 kB
NFS_Unstable:          0 kB
Bounce:                0 kB
WritebackTmp:          0 kB
CommitLimit:     2172840 kB
Committed_AS:   93513632 kB
VmallocTotal:   251658176 kB
VmallocUsed:      135596 kB
VmallocChunk:   251428908 kB
Time pass: 7 sec

---2015-12-17 16:44:23
MemTotal:        2905316 kB
MemFree:           78884 kB
Buffers:           31080 kB
Cached:          1450120 kB
SwapCached:            0 kB
Active:          1285624 kB
Inactive:        1071320 kB
Active(anon):     759164 kB
Inactive(anon):   157824 kB
Active(file):     526460 kB
Inactive(file):   913496 kB
Unevictable:        7800 kB
Mlocked:               0 kB
SwapTotal:        720184 kB
SwapFree:         720184 kB
Dirty:               708 kB
Writeback:             0 kB
AnonPages:        883720 kB
Mapped:           540384 kB
Shmem:             33340 kB
Slab:             112156 kB
SReclaimable:      36368 kB
SUnreclaim:        75788 kB
KernelStack:       32400 kB
PageTables:        54332 kB
NFS_Unstable:          0 kB
Bounce:                0 kB
WritebackTmp:          0 kB
CommitLimit:     2172840 kB
Committed_AS:   90508472 kB
VmallocTotal:   251658176 kB
VmallocUsed:      133556 kB
VmallocChunk:   251428908 kB
Time pass: 11 sec

---2015-12-17 16:44:23
MemTotal:        2905316 kB
MemFree:          105068 kB
Buffers:           31088 kB
Cached:          1451120 kB
SwapCached:            0 kB
Active:          1260176 kB
Inactive:        1072396 kB
Active(anon):     733680 kB
Inactive(anon):   157824 kB
Active(file):     526496 kB
Inactive(file):   914572 kB
Unevictable:        7800 kB
Mlocked:               0 kB
SwapTotal:        720184 kB
SwapFree:         720184 kB
Dirty:                12 kB
Writeback:             0 kB
AnonPages:        858204 kB
Mapped:           534768 kB
Shmem:             33340 kB
Slab:             112048 kB
SReclaimable:      36416 kB
SUnreclaim:        75632 kB
KernelStack:       32432 kB
PageTables:        53288 kB
NFS_Unstable:          0 kB
Bounce:                0 kB
WritebackTmp:          0 kB
CommitLimit:     2172840 kB
Committed_AS:   87970416 kB
VmallocTotal:   251658176 kB
VmallocUsed:      132536 kB
VmallocChunk:   251428908 kB
Time pass: 15 sec

---2015-12-17 16:44:23
MemTotal:        2905316 kB
MemFree:           97512 kB
Buffers:           31060 kB
Cached:          1429272 kB
SwapCached:            0 kB
Active:          1269240 kB
Inactive:        1047392 kB
Active(anon):     736812 kB
Inactive(anon):   161156 kB
Active(file):     532428 kB
Inactive(file):   886236 kB
Unevictable:        7800 kB
Mlocked:               0 kB
SwapTotal:        720184 kB
SwapFree:         720184 kB
Dirty:                76 kB
Writeback:             8 kB
AnonPages:        864652 kB
Mapped:           536856 kB
Shmem:             33340 kB
Slab:             112720 kB
SReclaimable:      36928 kB
SUnreclaim:        75792 kB
KernelStack:       32640 kB
PageTables:        53672 kB
NFS_Unstable:          0 kB
Bounce:                0 kB
WritebackTmp:          0 kB
CommitLimit:     2172840 kB
Committed_AS:   88744212 kB
VmallocTotal:   251658176 kB
VmallocUsed:      133432 kB
VmallocChunk:   251428908 kB
Time pass: 18 sec

---2015-12-17 16:44:23
MemTotal:        2905316 kB
MemFree:           69036 kB
Buffers:           27636 kB
Cached:          1219228 kB
SwapCached:            0 kB
Active:          1303088 kB
Inactive:         842944 kB
Active(anon):     749664 kB
Inactive(anon):   190340 kB
Active(file):     553424 kB
Inactive(file):   652604 kB
Unevictable:        7800 kB
Mlocked:               0 kB
SwapTotal:        720184 kB
SwapFree:         720184 kB
Dirty:              1688 kB
Writeback:             0 kB
AnonPages:        906568 kB
Mapped:           610176 kB
Shmem:             33476 kB
Slab:             112796 kB
SReclaimable:      36760 kB
SUnreclaim:        76036 kB
KernelStack:       33936 kB
PageTables:        55440 kB
NFS_Unstable:          0 kB
Bounce:                0 kB
WritebackTmp:          0 kB
CommitLimit:     2172840 kB
Committed_AS:   90043336 kB
VmallocTotal:   251658176 kB
VmallocUsed:      135256 kB
VmallocChunk:   251428908 kB
Time pass: 22 sec

---2015-12-17 16:44:23
MemTotal:        2905316 kB
MemFree:           75500 kB
Buffers:           25936 kB
Cached:          1177100 kB
SwapCached:            0 kB
Active:          1312080 kB
Inactive:         789048 kB
Active(anon):     748876 kB
Inactive(anon):   188656 kB
Active(file):     563204 kB
Inactive(file):   600392 kB
Unevictable:        7800 kB
Mlocked:               0 kB
SwapTotal:        720184 kB
SwapFree:         720184 kB
Dirty:               116 kB
Writeback:             0 kB
AnonPages:        906044 kB
Mapped:           640524 kB
Shmem:             31560 kB
Slab:             112740 kB
SReclaimable:      36668 kB
SUnreclaim:        76072 kB
KernelStack:       34112 kB
PageTables:        55584 kB
NFS_Unstable:          0 kB
Bounce:                0 kB
WritebackTmp:          0 kB
CommitLimit:     2172840 kB
Committed_AS:   90036712 kB
VmallocTotal:   251658176 kB
VmallocUsed:      135664 kB
VmallocChunk:   251428908 kB
Time pass: 26 sec

---2015-12-17 16:44:23
MemTotal:        2905316 kB
MemFree:           72624 kB
Buffers:           25952 kB
Cached:          1177128 kB
SwapCached:            0 kB
Active:          1315232 kB
Inactive:         789168 kB
Active(anon):     752024 kB
Inactive(anon):   188656 kB
Active(file):     563208 kB
Inactive(file):   600512 kB
Unevictable:        7800 kB
Mlocked:               0 kB
SwapTotal:        720184 kB
SwapFree:         720184 kB
Dirty:               164 kB
Writeback:             0 kB
AnonPages:        909088 kB
Mapped:           640584 kB
Shmem:             31560 kB
Slab:             112944 kB
SReclaimable:      36732 kB
SUnreclaim:        76212 kB
KernelStack:       34112 kB
PageTables:        55592 kB
NFS_Unstable:          0 kB
Bounce:                0 kB
WritebackTmp:          0 kB
CommitLimit:     2172840 kB
Committed_AS:   90036688 kB
VmallocTotal:   251658176 kB
VmallocUsed:      135664 kB
VmallocChunk:   251428908 kB
Time pass: 29 sec

---2015-12-17 16:44:23
MemTotal:        2905316 kB
MemFree:           66600 kB
Buffers:           25960 kB
Cached:          1177164 kB
SwapCached:            0 kB
Active:          1320684 kB
Inactive:         789180 kB
Active(anon):     757464 kB
Inactive(anon):   188636 kB
Active(file):     563220 kB
Inactive(file):   600544 kB
Unevictable:        7800 kB
Mlocked:               0 kB
SwapTotal:        720184 kB
SwapFree:         720184 kB
Dirty:                 0 kB
Writeback:            36 kB
AnonPages:        914980 kB
Mapped:           640608 kB
Shmem:             31560 kB
Slab:             113024 kB
SReclaimable:      36732 kB
SUnreclaim:        76292 kB
KernelStack:       34096 kB
PageTables:        55632 kB
NFS_Unstable:          0 kB
Bounce:                0 kB
WritebackTmp:          0 kB
CommitLimit:     2172840 kB
Committed_AS:   90036732 kB
VmallocTotal:   251658176 kB
VmallocUsed:      135664 kB
VmallocChunk:   251428908 kB
Time pass: 33 sec

---2015-12-17 16:44:23
MemTotal:        2905316 kB
MemFree:           66608 kB
Buffers:           25960 kB
Cached:          1171236 kB
SwapCached:            0 kB
Active:          1324516 kB
Inactive:         785412 kB
Active(anon):     761184 kB
Inactive(anon):   190940 kB
Active(file):     563332 kB
Inactive(file):   594472 kB
Unevictable:        7800 kB
Mlocked:               0 kB
SwapTotal:        720184 kB
SwapFree:         720184 kB
Dirty:               468 kB
Writeback:             0 kB
AnonPages:        920472 kB
Mapped:           640984 kB
Shmem:             31560 kB
Slab:             112960 kB
SReclaimable:      36908 kB
SUnreclaim:        76052 kB
KernelStack:       34208 kB
PageTables:        55412 kB
NFS_Unstable:          0 kB
Bounce:                0 kB
WritebackTmp:          0 kB
CommitLimit:     2172840 kB
Committed_AS:   90037248 kB
VmallocTotal:   251658176 kB
VmallocUsed:      135680 kB
VmallocChunk:   251428908 kB
Time pass: 37 sec

---2015-12-17 16:44:23
MemTotal:        2905316 kB
MemFree:           82864 kB
Buffers:           27540 kB
Cached:          1158412 kB
SwapCached:            0 kB
Active:          1323216 kB
Inactive:         774892 kB
Active(anon):     758280 kB
Inactive(anon):   193244 kB
Active(file):     564936 kB
Inactive(file):   581648 kB
Unevictable:        7800 kB
Mlocked:               0 kB
SwapTotal:        720184 kB
SwapFree:         720184 kB
Dirty:               732 kB
Writeback:             0 kB
AnonPages:        920072 kB
Mapped:           642420 kB
Shmem:             31560 kB
Slab:             113092 kB
SReclaimable:      36828 kB
SUnreclaim:        76264 kB
KernelStack:       34208 kB
PageTables:        55516 kB
NFS_Unstable:          0 kB
Bounce:                0 kB
WritebackTmp:          0 kB
CommitLimit:     2172840 kB
Committed_AS:   90040408 kB
VmallocTotal:   251658176 kB
VmallocUsed:      135680 kB
VmallocChunk:   251428908 kB
Time pass: 40 sec

---2015-12-17 16:44:23
MemTotal:        2905316 kB
MemFree:          105172 kB
Buffers:           27580 kB
Cached:          1160940 kB
SwapCached:            0 kB
Active:          1298376 kB
Inactive:         777484 kB
Active(anon):     733492 kB
Inactive(anon):   193240 kB
Active(file):     564884 kB
Inactive(file):   584244 kB
Unevictable:        7800 kB
Mlocked:               0 kB
SwapTotal:        720184 kB
SwapFree:         720184 kB
Dirty:                12 kB
Writeback:             0 kB
AnonPages:        895228 kB
Mapped:           643020 kB
Shmem:             31560 kB
Slab:             113288 kB
SReclaimable:      36956 kB
SUnreclaim:        76332 kB
KernelStack:       34192 kB
PageTables:        55512 kB
NFS_Unstable:          0 kB
Bounce:                0 kB
WritebackTmp:          0 kB
CommitLimit:     2172840 kB
Committed_AS:   90041232 kB
VmallocTotal:   251658176 kB
VmallocUsed:      135664 kB
VmallocChunk:   251428908 kB
Time pass: 44 sec

---2015-12-17 16:44:23
MemTotal:        2905316 kB
MemFree:          109924 kB
Buffers:           27596 kB
Cached:          1161676 kB
SwapCached:            0 kB
Active:          1292460 kB
Inactive:         778236 kB
Active(anon):     727564 kB
Inactive(anon):   193240 kB
Active(file):     564896 kB
Inactive(file):   584996 kB
Unevictable:        7800 kB
Mlocked:               0 kB
SwapTotal:        720184 kB
SwapFree:         720184 kB
Dirty:                40 kB
Writeback:             0 kB
AnonPages:        889360 kB
Mapped:           643832 kB
Shmem:             31560 kB
Slab:             113228 kB
SReclaimable:      36956 kB
SUnreclaim:        76272 kB
KernelStack:       34224 kB
PageTables:        55552 kB
NFS_Unstable:          0 kB
Bounce:                0 kB
WritebackTmp:          0 kB
CommitLimit:     2172840 kB
Committed_AS:   90048976 kB
VmallocTotal:   251658176 kB
VmallocUsed:      135664 kB
VmallocChunk:   251428908 kB
Time pass: 48 sec

---2015-12-17 16:44:23
MemTotal:        2905316 kB
MemFree:           73744 kB
Buffers:           27612 kB
Cached:          1173124 kB
SwapCached:            0 kB
Active:          1301440 kB
Inactive:         789500 kB
Active(anon):     736324 kB
Inactive(anon):   193244 kB
Active(file):     565116 kB
Inactive(file):   596256 kB
Unevictable:        7800 kB
Mlocked:               0 kB
SwapTotal:        720184 kB
SwapFree:         720184 kB
Dirty:               400 kB
Writeback:             0 kB
AnonPages:        898128 kB
Mapped:           655324 kB
Shmem:             31564 kB
Slab:             113304 kB
SReclaimable:      36988 kB
SUnreclaim:        76316 kB
KernelStack:       34256 kB
PageTables:        55832 kB
NFS_Unstable:          0 kB
Bounce:                0 kB
WritebackTmp:          0 kB
CommitLimit:     2172840 kB
Committed_AS:   90067064 kB
VmallocTotal:   251658176 kB
VmallocUsed:      135920 kB
VmallocChunk:   251428908 kB
Time pass: 51 sec

---2015-12-17 16:44:23
MemTotal:        2905316 kB
MemFree:           71380 kB
Buffers:           27452 kB
Cached:          1166292 kB
SwapCached:            0 kB
Active:          1308140 kB
Inactive:         781340 kB
Active(anon):     741856 kB
Inactive(anon):   193244 kB
Active(file):     566284 kB
Inactive(file):   588096 kB
Unevictable:        7800 kB
Mlocked:               0 kB
SwapTotal:        720184 kB
SwapFree:         720184 kB
Dirty:               344 kB
Writeback:             0 kB
AnonPages:        903684 kB
Mapped:           658500 kB
Shmem:             31564 kB
Slab:             113252 kB
SReclaimable:      36940 kB
SUnreclaim:        76312 kB
KernelStack:       34032 kB
PageTables:        55368 kB
NFS_Unstable:          0 kB
Bounce:                0 kB
WritebackTmp:          0 kB
CommitLimit:     2172840 kB
Committed_AS:   89362272 kB
VmallocTotal:   251658176 kB
VmallocUsed:      134948 kB
VmallocChunk:   251428908 kB
Time pass: 55 sec

---2015-12-17 16:44:23
MemTotal:        2905316 kB
MemFree:           68180 kB
Buffers:           28148 kB
Cached:          1136760 kB
SwapCached:            0 kB
Active:          1323928 kB
Inactive:         752456 kB
Active(anon):     762868 kB
Inactive(anon):   193116 kB
Active(file):     561060 kB
Inactive(file):   559340 kB
Unevictable:       12764 kB
Mlocked:               0 kB
SwapTotal:        720184 kB
SwapFree:         720156 kB
Dirty:              1328 kB
Writeback:             0 kB
AnonPages:        924648 kB
Mapped:           679752 kB
Shmem:             31536 kB
Slab:             113396 kB
SReclaimable:      37036 kB
SUnreclaim:        76360 kB
KernelStack:       34288 kB
PageTables:        55308 kB
NFS_Unstable:          0 kB
Bounce:                0 kB
WritebackTmp:          0 kB
CommitLimit:     2172840 kB
Committed_AS:   89381648 kB
VmallocTotal:   251658176 kB
VmallocUsed:      135092 kB
VmallocChunk:   251428908 kB
Time pass: 59 sec

---2015-12-17 16:44:23
MemTotal:        2905316 kB
MemFree:           74160 kB
Buffers:           27948 kB
Cached:          1094064 kB
SwapCached:            0 kB
Active:          1300432 kB
Inactive:         733400 kB
Active(anon):     761744 kB
Inactive(anon):   194576 kB
Active(file):     538688 kB
Inactive(file):   538824 kB
Unevictable:       12768 kB
Mlocked:               0 kB
SwapTotal:        720184 kB
SwapFree:         720156 kB
Dirty:              2656 kB
Writeback:             0 kB
AnonPages:        925152 kB
Mapped:           712692 kB
Shmem:             31536 kB
Slab:             113436 kB
SReclaimable:      36796 kB
SUnreclaim:        76640 kB
KernelStack:       34272 kB
PageTables:        55304 kB
NFS_Unstable:          0 kB
Bounce:                0 kB
WritebackTmp:          0 kB
CommitLimit:     2172840 kB
Committed_AS:   89383208 kB
VmallocTotal:   251658176 kB
VmallocUsed:      135460 kB
VmallocChunk:   251428908 kB
Time pass: 62 sec

---2015-12-17 16:44:23
MemTotal:        2905316 kB
MemFree:           74724 kB
Buffers:           27952 kB
Cached:          1094552 kB
SwapCached:            0 kB
Active:          1300296 kB
Inactive:         734020 kB
Active(anon):     761688 kB
Inactive(anon):   194436 kB
Active(file):     538608 kB
Inactive(file):   539584 kB
Unevictable:       12768 kB
Mlocked:               0 kB
SwapTotal:        720184 kB
SwapFree:         720156 kB
Dirty:              1116 kB
Writeback:             0 kB
AnonPages:        924564 kB
Mapped:           712964 kB
Shmem:             31536 kB
Slab:             113492 kB
SReclaimable:      36780 kB
SUnreclaim:        76712 kB
KernelStack:       34192 kB
PageTables:        55372 kB
NFS_Unstable:          0 kB
Bounce:                0 kB
WritebackTmp:          0 kB
CommitLimit:     2172840 kB
Committed_AS:   89383332 kB
VmallocTotal:   251658176 kB
VmallocUsed:      135444 kB
VmallocChunk:   251428908 kB
Time pass: 66 sec

---2015-12-17 16:44:23
MemTotal:        2905316 kB
MemFree:           79920 kB
Buffers:           27960 kB
Cached:          1094552 kB
SwapCached:            0 kB
Active:          1294888 kB
Inactive:         734012 kB
Active(anon):     756256 kB
Inactive(anon):   194436 kB
Active(file):     538632 kB
Inactive(file):   539576 kB
Unevictable:       12768 kB
Mlocked:               0 kB
SwapTotal:        720184 kB
SwapFree:         720156 kB
Dirty:               144 kB
Writeback:             0 kB
AnonPages:        919296 kB
Mapped:           713024 kB
Shmem:             31536 kB
Slab:             113500 kB
SReclaimable:      36784 kB
SUnreclaim:        76716 kB
KernelStack:       34048 kB
PageTables:        55376 kB
NFS_Unstable:          0 kB
Bounce:                0 kB
WritebackTmp:          0 kB
CommitLimit:     2172840 kB
Committed_AS:   89383144 kB
VmallocTotal:   251658176 kB
VmallocUsed:      135444 kB
VmallocChunk:   251428908 kB
Time pass: 70 sec

---2015-12-17 16:44:23
MemTotal:        2905316 kB
MemFree:           79760 kB
Buffers:           27976 kB
Cached:          1094564 kB
SwapCached:            0 kB
Active:          1295220 kB
Inactive:         734028 kB
Active(anon):     756576 kB
Inactive(anon):   194436 kB
Active(file):     538644 kB
Inactive(file):   539592 kB
Unevictable:       12768 kB
Mlocked:               0 kB
SwapTotal:        720184 kB
SwapFree:         720156 kB
Dirty:                12 kB
Writeback:             0 kB
AnonPages:        919544 kB
Mapped:           713052 kB
Shmem:             31536 kB
Slab:             113432 kB
SReclaimable:      36784 kB
SUnreclaim:        76648 kB
KernelStack:       34048 kB
PageTables:        55384 kB
NFS_Unstable:          0 kB
Bounce:                0 kB
WritebackTmp:          0 kB
CommitLimit:     2172840 kB
Committed_AS:   89383004 kB
VmallocTotal:   251658176 kB
VmallocUsed:      135444 kB
VmallocChunk:   251428908 kB
Time pass: 74 sec

---2015-12-17 16:44:23
MemTotal:        2905316 kB
MemFree:           78008 kB
Buffers:           27992 kB
Cached:          1094608 kB
SwapCached:            0 kB
Active:          1296340 kB
Inactive:         734044 kB
Active(anon):     757664 kB
Inactive(anon):   194436 kB
Active(file):     538676 kB
Inactive(file):   539608 kB
Unevictable:       12768 kB
Mlocked:               0 kB
SwapTotal:        720184 kB
SwapFree:         720156 kB
Dirty:               104 kB
Writeback:             0 kB
AnonPages:        920480 kB
Mapped:           713320 kB
Shmem:             31536 kB
Slab:             113564 kB
SReclaimable:      36784 kB
SUnreclaim:        76780 kB
KernelStack:       34032 kB
PageTables:        55416 kB
NFS_Unstable:          0 kB
Bounce:                0 kB
WritebackTmp:          0 kB
CommitLimit:     2172840 kB
Committed_AS:   89382960 kB
VmallocTotal:   251658176 kB
VmallocUsed:      135456 kB
VmallocChunk:   251428908 kB
Time pass: 77 sec

---2015-12-17 16:44:23
MemTotal:        2905316 kB
MemFree:           77744 kB
Buffers:           27992 kB
Cached:          1094620 kB
SwapCached:            0 kB
Active:          1296616 kB
Inactive:         734052 kB
Active(anon):     757928 kB
Inactive(anon):   194436 kB
Active(file):     538688 kB
Inactive(file):   539616 kB
Unevictable:       12768 kB
Mlocked:               0 kB
SwapTotal:        720184 kB
SwapFree:         720156 kB
Dirty:                56 kB
Writeback:             0 kB
AnonPages:        920776 kB
Mapped:           713364 kB
Shmem:             31536 kB
Slab:             113452 kB
SReclaimable:      36784 kB
SUnreclaim:        76668 kB
KernelStack:       34000 kB
PageTables:        55416 kB
NFS_Unstable:          0 kB
Bounce:                0 kB
WritebackTmp:          0 kB
CommitLimit:     2172840 kB
Committed_AS:   89382940 kB
VmallocTotal:   251658176 kB
VmallocUsed:      135456 kB
VmallocChunk:   251428908 kB
Time pass: 81 sec

---2015-12-17 16:44:23
MemTotal:        2905316 kB
MemFree:           62916 kB
Buffers:           28032 kB
Cached:          1092336 kB
SwapCached:            0 kB
Active:          1310640 kB
Inactive:         733212 kB
Active(anon):     773380 kB
Inactive(anon):   194436 kB
Active(file):     537260 kB
Inactive(file):   538776 kB
Unevictable:       12768 kB
Mlocked:               0 kB
SwapTotal:        720184 kB
SwapFree:         720156 kB
Dirty:               404 kB
Writeback:             0 kB
AnonPages:        936288 kB
Mapped:           718744 kB
Shmem:             31536 kB
Slab:             113400 kB
SReclaimable:      36688 kB
SUnreclaim:        76712 kB
KernelStack:       34112 kB
PageTables:        55380 kB
NFS_Unstable:          0 kB
Bounce:                0 kB
WritebackTmp:          0 kB
CommitLimit:     2172840 kB
Committed_AS:   89384920 kB
VmallocTotal:   251658176 kB
VmallocUsed:      135468 kB
VmallocChunk:   251428908 kB
Time pass: 85 sec

---2015-12-17 16:44:23
MemTotal:        2905316 kB
MemFree:           68424 kB
Buffers:           28064 kB
Cached:          1077800 kB
SwapCached:            0 kB
Active:          1314588 kB
Inactive:         726704 kB
Active(anon):     784084 kB
Inactive(anon):   195872 kB
Active(file):     530504 kB
Inactive(file):   530832 kB
Unevictable:       12768 kB
Mlocked:               0 kB
SwapTotal:        720184 kB
SwapFree:         720156 kB
Dirty:                16 kB
Writeback:             0 kB
AnonPages:        948476 kB
Mapped:           714456 kB
Shmem:             31760 kB
Slab:             113500 kB
SReclaimable:      36768 kB
SUnreclaim:        76732 kB
KernelStack:       34400 kB
PageTables:        55580 kB
NFS_Unstable:          0 kB
Bounce:                0 kB
WritebackTmp:          0 kB
CommitLimit:     2172840 kB
Committed_AS:   89425080 kB
VmallocTotal:   251658176 kB
VmallocUsed:      137912 kB
VmallocChunk:   251428908 kB
Time pass: 89 sec

---2015-12-17 16:44:23
MemTotal:        2905316 kB
MemFree:           77520 kB
Buffers:           28064 kB
Cached:          1049872 kB
SwapCached:            0 kB
Active:          1301176 kB
Inactive:         713524 kB
Active(anon):     784932 kB
Inactive(anon):   196536 kB
Active(file):     516244 kB
Inactive(file):   516988 kB
Unevictable:       12768 kB
Mlocked:               0 kB
SwapTotal:        720184 kB
SwapFree:         720156 kB
Dirty:                40 kB
Writeback:             0 kB
AnonPages:        949540 kB
Mapped:           708688 kB
Shmem:             31936 kB
Slab:             113320 kB
SReclaimable:      36448 kB
SUnreclaim:        76872 kB
KernelStack:       34400 kB
PageTables:        55768 kB
NFS_Unstable:          0 kB
Bounce:                0 kB
WritebackTmp:          0 kB
CommitLimit:     2172840 kB
Committed_AS:   89426120 kB
VmallocTotal:   251658176 kB
VmallocUsed:      137912 kB
VmallocChunk:   251428908 kB
Time pass: 93 sec

---2015-12-17 16:44:23
MemTotal:        2905316 kB
MemFree:           76920 kB
Buffers:           28080 kB
Cached:          1049952 kB
SwapCached:            0 kB
Active:          1302232 kB
Inactive:         713592 kB
Active(anon):     785968 kB
Inactive(anon):   196572 kB
Active(file):     516264 kB
Inactive(file):   517020 kB
Unevictable:       12768 kB
Mlocked:               0 kB
SwapTotal:        720184 kB
SwapFree:         720156 kB
Dirty:               116 kB
Writeback:             0 kB
AnonPages:        950344 kB
Mapped:           708740 kB
Shmem:             31980 kB
Slab:             113180 kB
SReclaimable:      36448 kB
SUnreclaim:        76732 kB
KernelStack:       34416 kB
PageTables:        55768 kB
NFS_Unstable:          0 kB
Bounce:                0 kB
WritebackTmp:          0 kB
CommitLimit:     2172840 kB
Committed_AS:   89426348 kB
VmallocTotal:   251658176 kB
VmallocUsed:      137912 kB
VmallocChunk:   251428908 kB
Time pass: 97 sec

---2015-12-17 16:44:23
MemTotal:        2905316 kB
MemFree:           73216 kB
Buffers:           28088 kB
Cached:          1050000 kB
SwapCached:            0 kB
Active:          1304764 kB
Inactive:         713620 kB
Active(anon):     788476 kB
Inactive(anon):   196572 kB
Active(file):     516288 kB
Inactive(file):   517048 kB
Unevictable:       12768 kB
Mlocked:               0 kB
SwapTotal:        720184 kB
SwapFree:         720156 kB
Dirty:                84 kB
Writeback:             0 kB
AnonPages:        953208 kB
Mapped:           708756 kB
Shmem:             31980 kB
Slab:             113188 kB
SReclaimable:      36448 kB
SUnreclaim:        76740 kB
KernelStack:       34400 kB
PageTables:        55776 kB
NFS_Unstable:          0 kB
Bounce:                0 kB
WritebackTmp:          0 kB
CommitLimit:     2172840 kB
Committed_AS:   89429004 kB
VmallocTotal:   251658176 kB
VmallocUsed:      137912 kB
VmallocChunk:   251428908 kB
Time pass: 100 sec

---2015-12-17 16:44:23
MemTotal:        2905316 kB
MemFree:           69680 kB
Buffers:           28144 kB
Cached:          1051008 kB
SwapCached:            0 kB
Active:          1307764 kB
Inactive:         714604 kB
Active(anon):     791396 kB
Inactive(anon):   196572 kB
Active(file):     516368 kB
Inactive(file):   518032 kB
Unevictable:       12768 kB
Mlocked:               0 kB
SwapTotal:        720184 kB
SwapFree:         720156 kB
Dirty:               100 kB
Writeback:             0 kB
AnonPages:        956072 kB
Mapped:           708912 kB
Shmem:             31980 kB
Slab:             113224 kB
SReclaimable:      36448 kB
SUnreclaim:        76776 kB
KernelStack:       34400 kB
PageTables:        55780 kB
NFS_Unstable:          0 kB
Bounce:                0 kB
WritebackTmp:          0 kB
CommitLimit:     2172840 kB
Committed_AS:   89429924 kB
VmallocTotal:   251658176 kB
VmallocUsed:      137912 kB
VmallocChunk:   251428908 kB
Time pass: 104 sec

---2015-12-17 16:44:23
MemTotal:        2905316 kB
MemFree:           69584 kB
Buffers:           28144 kB
Cached:          1051012 kB
SwapCached:            0 kB
Active:          1308048 kB
Inactive:         714600 kB
Active(anon):     791676 kB
Inactive(anon):   196568 kB
Active(file):     516372 kB
Inactive(file):   518032 kB
Unevictable:       12768 kB
Mlocked:               0 kB
SwapTotal:        720184 kB
SwapFree:         720156 kB
Dirty:               104 kB
Writeback:             0 kB
AnonPages:        955892 kB
Mapped:           708964 kB
Shmem:             31984 kB
Slab:             113196 kB
SReclaimable:      36448 kB
SUnreclaim:        76748 kB
KernelStack:       34416 kB
PageTables:        55780 kB
NFS_Unstable:          0 kB
Bounce:                0 kB
WritebackTmp:          0 kB
CommitLimit:     2172840 kB
Committed_AS:   89429944 kB
VmallocTotal:   251658176 kB
VmallocUsed:      137912 kB
VmallocChunk:   251428908 kB
Time pass: 108 sec

---2015-12-17 16:44:23
MemTotal:        2905316 kB
MemFree:           78196 kB
Buffers:           28096 kB
Cached:          1044908 kB
SwapCached:            0 kB
Active:          1301812 kB
Inactive:         713132 kB
Active(anon):     788624 kB
Inactive(anon):   197660 kB
Active(file):     513188 kB
Inactive(file):   515472 kB
Unevictable:       12768 kB
Mlocked:               0 kB
SwapTotal:        720184 kB
SwapFree:         720156 kB
Dirty:               196 kB
Writeback:             0 kB
AnonPages:        955092 kB
Mapped:           708904 kB
Shmem:             31536 kB
Slab:             113328 kB
SReclaimable:      36432 kB
SUnreclaim:        76896 kB
KernelStack:       34208 kB
PageTables:        55532 kB
NFS_Unstable:          0 kB
Bounce:                0 kB
WritebackTmp:          0 kB
CommitLimit:     2172840 kB
Committed_AS:   89405084 kB
VmallocTotal:   251658176 kB
VmallocUsed:      137912 kB
VmallocChunk:   251428908 kB
Time pass: 111 sec

---2015-12-17 16:44:23
MemTotal:        2905316 kB
MemFree:           86924 kB
Buffers:           28036 kB
Cached:          1028128 kB
SwapCached:            0 kB
Active:          1282948 kB
Inactive:         702236 kB
Active(anon):     775828 kB
Inactive(anon):   195588 kB
Active(file):     507120 kB
Inactive(file):   506648 kB
Unevictable:       12768 kB
Mlocked:               0 kB
SwapTotal:        720184 kB
SwapFree:         720156 kB
Dirty:               412 kB
Writeback:             0 kB
AnonPages:        942012 kB
Mapped:           720056 kB
Shmem:             29620 kB
Slab:             113224 kB
SReclaimable:      36304 kB
SUnreclaim:        76920 kB
KernelStack:       33840 kB
PageTables:        55828 kB
NFS_Unstable:          0 kB
Bounce:                0 kB
WritebackTmp:          0 kB
CommitLimit:     2172840 kB
Committed_AS:   90074324 kB
VmallocTotal:   251658176 kB
VmallocUsed:      137028 kB
VmallocChunk:   251428908 kB
Time pass: 115 sec

---2015-12-17 16:44:23
MemTotal:        2905316 kB
MemFree:          101400 kB
Buffers:           28068 kB
Cached:          1016248 kB
SwapCached:            0 kB
Active:          1260816 kB
Inactive:         697916 kB
Active(anon):     761224 kB
Inactive(anon):   195588 kB
Active(file):     499592 kB
Inactive(file):   502328 kB
Unevictable:       12768 kB
Mlocked:               0 kB
SwapTotal:        720184 kB
SwapFree:         720156 kB
Dirty:                 0 kB
Writeback:             0 kB
AnonPages:        927088 kB
Mapped:           719316 kB
Shmem:             29620 kB
Slab:             113244 kB
SReclaimable:      36368 kB
SUnreclaim:        76876 kB
KernelStack:       33808 kB
PageTables:        54972 kB
NFS_Unstable:          0 kB
Bounce:                0 kB
WritebackTmp:          0 kB
CommitLimit:     2172840 kB
Committed_AS:   89202140 kB
VmallocTotal:   251658176 kB
VmallocUsed:      137028 kB
VmallocChunk:   251428908 kB
Time pass: 118 sec

---2015-12-17 16:44:23
MemTotal:        2905316 kB
MemFree:          341280 kB
Buffers:           28104 kB
Cached:          1021336 kB
SwapCached:            0 kB
Active:          1211988 kB
Inactive:         699600 kB
Active(anon):     708968 kB
Inactive(anon):   195432 kB
Active(file):     503020 kB
Inactive(file):   504168 kB
Unevictable:       12768 kB
Mlocked:               0 kB
SwapTotal:        720184 kB
SwapFree:         720156 kB
Dirty:               844 kB
Writeback:             0 kB
AnonPages:        874852 kB
Mapped:           525640 kB
Shmem:             29484 kB
Slab:             112740 kB
SReclaimable:      36224 kB
SUnreclaim:        76516 kB
KernelStack:       32720 kB
PageTables:        53196 kB
NFS_Unstable:          0 kB
Bounce:                0 kB
WritebackTmp:          0 kB
CommitLimit:     2172840 kB
Committed_AS:   88327596 kB
VmallocTotal:   251658176 kB
VmallocUsed:      134472 kB
VmallocChunk:   251428908 kB
Time pass: 122 sec

---2015-12-17 16:44:23
MemTotal:        2905316 kB
MemFree:          342796 kB
Buffers:           28112 kB
Cached:          1021384 kB
SwapCached:            0 kB
Active:          1210496 kB
Inactive:         699640 kB
Active(anon):     707464 kB
Inactive(anon):   195432 kB
Active(file):     503032 kB
Inactive(file):   504208 kB
Unevictable:       12768 kB
Mlocked:               0 kB
SwapTotal:        720184 kB
SwapFree:         720156 kB
Dirty:                 8 kB
Writeback:             0 kB
AnonPages:        873376 kB
Mapped:           525728 kB
Shmem:             29484 kB
Slab:             112640 kB
SReclaimable:      36224 kB
SUnreclaim:        76416 kB
KernelStack:       32624 kB
PageTables:        53236 kB
NFS_Unstable:          0 kB
Bounce:                0 kB
WritebackTmp:          0 kB
CommitLimit:     2172840 kB
Committed_AS:   88327564 kB
VmallocTotal:   251658176 kB
VmallocUsed:      132056 kB
VmallocChunk:   251428908 kB
Time pass: 126 sec

---2015-12-17 16:44:23
MemTotal:        2905316 kB
MemFree:          342680 kB
Buffers:           28112 kB
Cached:          1021408 kB
SwapCached:            0 kB
Active:          1210560 kB
Inactive:         699628 kB
Active(anon):     707512 kB
Inactive(anon):   195428 kB
Active(file):     503048 kB
Inactive(file):   504200 kB
Unevictable:       12768 kB
Mlocked:               0 kB
SwapTotal:        720184 kB
SwapFree:         720156 kB
Dirty:               128 kB
Writeback:             0 kB
AnonPages:        873576 kB
Mapped:           525940 kB
Shmem:             29484 kB
Slab:             112600 kB
SReclaimable:      36224 kB
SUnreclaim:        76376 kB
KernelStack:       32592 kB
PageTables:        53196 kB
NFS_Unstable:          0 kB
Bounce:                0 kB
WritebackTmp:          0 kB
CommitLimit:     2172840 kB
Committed_AS:   88327520 kB
VmallocTotal:   251658176 kB
VmallocUsed:      132056 kB
VmallocChunk:   251428908 kB
Time pass: 130 sec

---2015-12-17 16:44:23
MemTotal:        2905316 kB
MemFree:          342532 kB
Buffers:           28120 kB
Cached:          1021460 kB
SwapCached:            0 kB
Active:          1210656 kB
Inactive:         699616 kB
Active(anon):     707524 kB
Inactive(anon):   195428 kB
Active(file):     503132 kB
Inactive(file):   504188 kB
Unevictable:       12768 kB
Mlocked:               0 kB
SwapTotal:        720184 kB
SwapFree:         720156 kB
Dirty:                40 kB
Writeback:             0 kB
AnonPages:        873500 kB
Mapped:           526028 kB
Shmem:             29484 kB
Slab:             112596 kB
SReclaimable:      36224 kB
SUnreclaim:        76372 kB
KernelStack:       32608 kB
PageTables:        53260 kB
NFS_Unstable:          0 kB
Bounce:                0 kB
WritebackTmp:          0 kB
CommitLimit:     2172840 kB
Committed_AS:   88327508 kB
VmallocTotal:   251658176 kB
VmallocUsed:      132056 kB
VmallocChunk:   251428908 kB
Time pass: 133 sec

---2015-12-17 16:44:23
MemTotal:        2905316 kB
MemFree:          342200 kB
Buffers:           28128 kB
Cached:          1021472 kB
SwapCached:            0 kB
Active:          1211220 kB
Inactive:         699624 kB
Active(anon):     708076 kB
Inactive(anon):   195428 kB
Active(file):     503144 kB
Inactive(file):   504196 kB
Unevictable:       12768 kB
Mlocked:               0 kB
SwapTotal:        720184 kB
SwapFree:         720156 kB
Dirty:                44 kB
Writeback:             0 kB
AnonPages:        873988 kB
Mapped:           526036 kB
Shmem:             29484 kB
Slab:             112596 kB
SReclaimable:      36224 kB
SUnreclaim:        76372 kB
KernelStack:       32624 kB
PageTables:        53260 kB
NFS_Unstable:          0 kB
Bounce:                0 kB
WritebackTmp:          0 kB
CommitLimit:     2172840 kB
Committed_AS:   88327536 kB
VmallocTotal:   251658176 kB
VmallocUsed:      132056 kB
VmallocChunk:   251428908 kB
Time pass: 137 sec

---2015-12-17 16:44:23
MemTotal:        2905316 kB
MemFree:          342104 kB
Buffers:           28136 kB
Cached:          1021464 kB
SwapCached:            0 kB
Active:          1211540 kB
Inactive:         699624 kB
Active(anon):     708388 kB
Inactive(anon):   195428 kB
Active(file):     503152 kB
Inactive(file):   504196 kB
Unevictable:       12768 kB
Mlocked:               0 kB
SwapTotal:        720184 kB
SwapFree:         720156 kB
Dirty:                 0 kB
Writeback:             0 kB
AnonPages:        874092 kB
Mapped:           526044 kB
Shmem:             29484 kB
Slab:             112596 kB
SReclaimable:      36224 kB
SUnreclaim:        76372 kB
KernelStack:       32640 kB
PageTables:        53264 kB
NFS_Unstable:          0 kB
Bounce:                0 kB
WritebackTmp:          0 kB
CommitLimit:     2172840 kB
Committed_AS:   88327548 kB
VmallocTotal:   251658176 kB
VmallocUsed:      132056 kB
VmallocChunk:   251428908 kB
Time pass: 141 sec

---2015-12-17 16:44:23
MemTotal:        2905316 kB
MemFree:          341652 kB
Buffers:           28136 kB
Cached:          1021476 kB
SwapCached:            0 kB
Active:          1211476 kB
Inactive:         699636 kB
Active(anon):     708324 kB
Inactive(anon):   195428 kB
Active(file):     503152 kB
Inactive(file):   504208 kB
Unevictable:       12768 kB
Mlocked:               0 kB
SwapTotal:        720184 kB
SwapFree:         720156 kB
Dirty:                28 kB
Writeback:             0 kB
AnonPages:        874216 kB
Mapped:           526064 kB
Shmem:             29484 kB
Slab:             112596 kB
SReclaimable:      36224 kB
SUnreclaim:        76372 kB
KernelStack:       32592 kB
PageTables:        53248 kB
NFS_Unstable:          0 kB
Bounce:                0 kB
WritebackTmp:          0 kB
CommitLimit:     2172840 kB
Committed_AS:   88327536 kB
VmallocTotal:   251658176 kB
VmallocUsed:      132056 kB
VmallocChunk:   251428908 kB
Time pass: 145 sec

---2015-12-17 16:44:23
MemTotal:        2905316 kB
MemFree:          341448 kB
Buffers:           28144 kB
Cached:          1021484 kB
SwapCached:            0 kB
Active:          1211680 kB
Inactive:         699640 kB
Active(anon):     708524 kB
Inactive(anon):   195428 kB
Active(file):     503156 kB
Inactive(file):   504212 kB
Unevictable:       12768 kB
Mlocked:               0 kB
SwapTotal:        720184 kB
SwapFree:         720156 kB
Dirty:                28 kB
Writeback:             0 kB
AnonPages:        874392 kB
Mapped:           526060 kB
Shmem:             29484 kB
Slab:             112660 kB
SReclaimable:      36224 kB
SUnreclaim:        76436 kB
KernelStack:       32624 kB
PageTables:        53260 kB
NFS_Unstable:          0 kB
Bounce:                0 kB
WritebackTmp:          0 kB
CommitLimit:     2172840 kB
Committed_AS:   88327572 kB
VmallocTotal:   251658176 kB
VmallocUsed:      132056 kB
VmallocChunk:   251428908 kB
Time pass: 149 sec

---2015-12-17 16:44:23
MemTotal:        2905316 kB
MemFree:          340912 kB
Buffers:           28152 kB
Cached:          1021492 kB
SwapCached:            0 kB
Active:          1212380 kB
Inactive:         699656 kB
Active(anon):     709220 kB
Inactive(anon):   195428 kB
Active(file):     503160 kB
Inactive(file):   504228 kB
Unevictable:       12768 kB
Mlocked:               0 kB
SwapTotal:        720184 kB
SwapFree:         720156 kB
Dirty:                16 kB
Writeback:             0 kB
AnonPages:        875232 kB
Mapped:           526020 kB
Shmem:             29484 kB
Slab:             112600 kB
SReclaimable:      36224 kB
SUnreclaim:        76376 kB
KernelStack:       32608 kB
PageTables:        53236 kB
NFS_Unstable:          0 kB
Bounce:                0 kB
WritebackTmp:          0 kB
CommitLimit:     2172840 kB
Committed_AS:   88327584 kB
VmallocTotal:   251658176 kB
VmallocUsed:      132056 kB
VmallocChunk:   251428908 kB
Time pass: 153 sec

---2015-12-17 16:44:23
MemTotal:        2905316 kB
MemFree:          340600 kB
Buffers:           28160 kB
Cached:          1021520 kB
SwapCached:            0 kB
Active:          1212844 kB
Inactive:         699676 kB
Active(anon):     709664 kB
Inactive(anon):   195428 kB
Active(file):     503180 kB
Inactive(file):   504248 kB
Unevictable:       12768 kB
Mlocked:               0 kB
SwapTotal:        720184 kB
SwapFree:         720156 kB
Dirty:                52 kB
Writeback:             0 kB
AnonPages:        875504 kB
Mapped:           526104 kB
Shmem:             29484 kB
Slab:             112596 kB
SReclaimable:      36224 kB
SUnreclaim:        76372 kB
KernelStack:       32624 kB
PageTables:        53256 kB
NFS_Unstable:          0 kB
Bounce:                0 kB
WritebackTmp:          0 kB
CommitLimit:     2172840 kB
Committed_AS:   88327596 kB
VmallocTotal:   251658176 kB
VmallocUsed:      132056 kB
VmallocChunk:   251428908 kB
Time pass: 156 sec

---2015-12-17 16:44:23
MemTotal:        2905316 kB
MemFree:          340668 kB
Buffers:           28160 kB
Cached:          1021536 kB
SwapCached:            0 kB
Active:          1212916 kB
Inactive:         699680 kB
Active(anon):     709724 kB
Inactive(anon):   195428 kB
Active(file):     503192 kB
Inactive(file):   504252 kB
Unevictable:       12768 kB
Mlocked:               0 kB
SwapTotal:        720184 kB
SwapFree:         720156 kB
Dirty:                48 kB
Writeback:             0 kB
AnonPages:        875664 kB
Mapped:           526076 kB
Shmem:             29484 kB
Slab:             112592 kB
SReclaimable:      36224 kB
SUnreclaim:        76368 kB
KernelStack:       32576 kB
PageTables:        53228 kB
NFS_Unstable:          0 kB
Bounce:                0 kB
WritebackTmp:          0 kB
CommitLimit:     2172840 kB
Committed_AS:   88327572 kB
VmallocTotal:   251658176 kB
VmallocUsed:      132056 kB
VmallocChunk:   251428908 kB
Time pass: 160 sec

---2015-12-17 16:44:23
MemTotal:        2905316 kB
MemFree:          339872 kB
Buffers:           28168 kB
Cached:          1021544 kB
SwapCached:            0 kB
Active:          1213700 kB
Inactive:         699680 kB
Active(anon):     710500 kB
Inactive(anon):   195428 kB
Active(file):     503200 kB
Inactive(file):   504252 kB
Unevictable:       12768 kB
Mlocked:               0 kB
SwapTotal:        720184 kB
SwapFree:         720156 kB
Dirty:                12 kB
Writeback:             0 kB
AnonPages:        876316 kB
Mapped:           526132 kB
Shmem:             29484 kB
Slab:             112744 kB
SReclaimable:      36224 kB
SUnreclaim:        76520 kB
KernelStack:       32624 kB
PageTables:        53264 kB
NFS_Unstable:          0 kB
Bounce:                0 kB
WritebackTmp:          0 kB
CommitLimit:     2172840 kB
Committed_AS:   88327544 kB
VmallocTotal:   251658176 kB
VmallocUsed:      132056 kB
VmallocChunk:   251428908 kB
Time pass: 164 sec

---2015-12-17 16:44:23
MemTotal:        2905316 kB
MemFree:          348368 kB
Buffers:           28176 kB
Cached:          1021616 kB
SwapCached:            0 kB
Active:          1213224 kB
Inactive:         699736 kB
Active(anon):     710012 kB
Inactive(anon):   195428 kB
Active(file):     503212 kB
Inactive(file):   504308 kB
Unevictable:       12768 kB
Mlocked:               0 kB
SwapTotal:        720184 kB
SwapFree:         720156 kB
Dirty:                40 kB
Writeback:             0 kB
AnonPages:        876000 kB
Mapped:           525208 kB
Shmem:             29484 kB
Slab:             112584 kB
SReclaimable:      36224 kB
SUnreclaim:        76360 kB
KernelStack:       32608 kB
PageTables:        53232 kB
NFS_Unstable:          0 kB
Bounce:                0 kB
WritebackTmp:          0 kB
CommitLimit:     2172840 kB
Committed_AS:   88327500 kB
VmallocTotal:   251658176 kB
VmallocUsed:      131888 kB
VmallocChunk:   251428908 kB
Time pass: 168 sec

---2015-12-17 16:44:23
MemTotal:        2905316 kB
MemFree:          347672 kB
Buffers:           28184 kB
Cached:          1021632 kB
SwapCached:            0 kB
Active:          1213364 kB
Inactive:         699764 kB
Active(anon):     710144 kB
Inactive(anon):   195428 kB
Active(file):     503220 kB
Inactive(file):   504336 kB
Unevictable:       12768 kB
Mlocked:               0 kB
SwapTotal:        720184 kB
SwapFree:         720156 kB
Dirty:                64 kB
Writeback:             0 kB
AnonPages:        876244 kB
Mapped:           525288 kB
Shmem:             29484 kB
Slab:             112556 kB
SReclaimable:      36224 kB
SUnreclaim:        76332 kB
KernelStack:       32608 kB
PageTables:        53152 kB
NFS_Unstable:          0 kB
Bounce:                0 kB
WritebackTmp:          0 kB
CommitLimit:     2172840 kB
Committed_AS:   88327524 kB
VmallocTotal:   251658176 kB
VmallocUsed:      131872 kB
VmallocChunk:   251428908 kB
Time pass: 171 sec

---2015-12-17 16:44:23
MemTotal:        2905316 kB
MemFree:          297812 kB
Buffers:           28192 kB
Cached:          1024540 kB
SwapCached:            0 kB
Active:          1221644 kB
Inactive:         702512 kB
Active(anon):     718300 kB
Inactive(anon):   195428 kB
Active(file):     503344 kB
Inactive(file):   507084 kB
Unevictable:       12768 kB
Mlocked:               0 kB
SwapTotal:        720184 kB
SwapFree:         720156 kB
Dirty:               100 kB
Writeback:             0 kB
AnonPages:        884536 kB
Mapped:           534468 kB
Shmem:             29484 kB
Slab:             112540 kB
SReclaimable:      36224 kB
SUnreclaim:        76316 kB
KernelStack:       32736 kB
PageTables:        53704 kB
NFS_Unstable:          0 kB
Bounce:                0 kB
WritebackTmp:          0 kB
CommitLimit:     2172840 kB
Committed_AS:   89059604 kB
VmallocTotal:   251658176 kB
VmallocUsed:      133124 kB
VmallocChunk:   251428908 kB
Time pass: 175 sec

---2015-12-17 16:44:23
MemTotal:        2905316 kB
MemFree:          122744 kB
Buffers:           28216 kB
Cached:          1164104 kB
SwapCached:            0 kB
Active:          1297400 kB
Inactive:         806792 kB
Active(anon):     759032 kB
Inactive(anon):   195176 kB
Active(file):     538368 kB
Inactive(file):   611616 kB
Unevictable:       12768 kB
Mlocked:               0 kB
SwapTotal:        720184 kB
SwapFree:         720156 kB
Dirty:              1368 kB
Writeback:             0 kB
AnonPages:        925028 kB
Mapped:           581052 kB
Shmem:             29236 kB
Slab:             112664 kB
SReclaimable:      36224 kB
SUnreclaim:        76440 kB
KernelStack:       33952 kB
PageTables:        54932 kB
NFS_Unstable:          0 kB
Bounce:                0 kB
WritebackTmp:          0 kB
CommitLimit:     2172840 kB
Committed_AS:   89881820 kB
VmallocTotal:   251658176 kB
VmallocUsed:      134208 kB
VmallocChunk:   251428908 kB
Time pass: 179 sec

---2015-12-17 16:44:23
MemTotal:        2905316 kB
MemFree:           72028 kB
Buffers:           27320 kB
Cached:          1164848 kB
SwapCached:            0 kB
Active:          1320776 kB
Inactive:         801400 kB
Active(anon):     776796 kB
Inactive(anon):   195172 kB
Active(file):     543980 kB
Inactive(file):   606228 kB
Unevictable:       12768 kB
Mlocked:               0 kB
SwapTotal:        720184 kB
SwapFree:         720156 kB
Dirty:               748 kB
Writeback:             0 kB
AnonPages:        943060 kB
Mapped:           624944 kB
Shmem:             29236 kB
Slab:             112812 kB
SReclaimable:      36280 kB
SUnreclaim:        76532 kB
KernelStack:       33904 kB
PageTables:        55056 kB
NFS_Unstable:          0 kB
Bounce:                0 kB
WritebackTmp:          0 kB
CommitLimit:     2172840 kB
Committed_AS:   89900468 kB
VmallocTotal:   251658176 kB
VmallocUsed:      134552 kB
VmallocChunk:   251428908 kB
Time pass: 183 sec

---2015-12-17 16:44:23
MemTotal:        2905316 kB
MemFree:           70148 kB
Buffers:           23704 kB
Cached:          1109192 kB
SwapCached:            0 kB
Active:          1336436 kB
Inactive:         744904 kB
Active(anon):     791252 kB
Inactive(anon):   198884 kB
Active(file):     545184 kB
Inactive(file):   546020 kB
Unevictable:       12768 kB
Mlocked:               0 kB
SwapTotal:        720184 kB
SwapFree:         720156 kB
Dirty:               988 kB
Writeback:           220 kB
AnonPages:        961752 kB
Mapped:           662788 kB
Shmem:             29236 kB
Slab:             110748 kB
SReclaimable:      34172 kB
SUnreclaim:        76576 kB
KernelStack:       33936 kB
PageTables:        55208 kB
NFS_Unstable:          0 kB
Bounce:                0 kB
WritebackTmp:          0 kB
CommitLimit:     2172840 kB
Committed_AS:   89925772 kB
VmallocTotal:   251658176 kB
VmallocUsed:      134992 kB
VmallocChunk:   251428908 kB
Time pass: 187 sec

---2015-12-17 16:44:23
MemTotal:        2905316 kB
MemFree:           68360 kB
Buffers:           22888 kB
Cached:          1079044 kB
SwapCached:            0 kB
Active:          1323852 kB
Inactive:         730492 kB
Active(anon):     793940 kB
Inactive(anon):   200476 kB
Active(file):     529912 kB
Inactive(file):   530016 kB
Unevictable:       12768 kB
Mlocked:               0 kB
SwapTotal:        720184 kB
SwapFree:         720156 kB
Dirty:              1508 kB
Writeback:             0 kB
AnonPages:        965488 kB
Mapped:           692612 kB
Shmem:             29236 kB
Slab:             113060 kB
SReclaimable:      36444 kB
SUnreclaim:        76616 kB
KernelStack:       33984 kB
PageTables:        55276 kB
NFS_Unstable:          0 kB
Bounce:                0 kB
WritebackTmp:          0 kB
CommitLimit:     2172840 kB
Committed_AS:   89932816 kB
VmallocTotal:   251658176 kB
VmallocUsed:      135268 kB
VmallocChunk:   251428908 kB
Time pass: 190 sec

---2015-12-17 16:44:23
MemTotal:        2905316 kB
MemFree:           63060 kB
Buffers:           21596 kB
Cached:          1073012 kB
SwapCached:            0 kB
Active:          1334576 kB
Inactive:         725728 kB
Active(anon):     807256 kB
Inactive(anon):   200516 kB
Active(file):     527320 kB
Inactive(file):   525212 kB
Unevictable:       12768 kB
Mlocked:               0 kB
SwapTotal:        720184 kB
SwapFree:         720100 kB
Dirty:               236 kB
Writeback:             0 kB
AnonPages:        978500 kB
Mapped:           694216 kB
Shmem:             29308 kB
Slab:             113140 kB
SReclaimable:      36524 kB
SUnreclaim:        76616 kB
KernelStack:       34240 kB
PageTables:        55588 kB
NFS_Unstable:          0 kB
Bounce:                0 kB
WritebackTmp:          0 kB
CommitLimit:     2172840 kB
Committed_AS:   89971700 kB
VmallocTotal:   251658176 kB
VmallocUsed:      137716 kB
VmallocChunk:   251428908 kB
Time pass: 194 sec

---2015-12-17 16:44:23
MemTotal:        2905316 kB
MemFree:           71628 kB
Buffers:           21208 kB
Cached:          1065652 kB
SwapCached:            0 kB
Active:          1327476 kB
Inactive:         724172 kB
Active(anon):     805052 kB
Inactive(anon):   201236 kB
Active(file):     522424 kB
Inactive(file):   522936 kB
Unevictable:       12772 kB
Mlocked:               0 kB
SwapTotal:        720184 kB
SwapFree:         719948 kB
Dirty:                 8 kB
Writeback:             0 kB
AnonPages:        977728 kB
Mapped:           694000 kB
Shmem:             28728 kB
Slab:             113132 kB
SReclaimable:      36428 kB
SUnreclaim:        76704 kB
KernelStack:       34240 kB
PageTables:        55604 kB
NFS_Unstable:          0 kB
Bounce:                0 kB
WritebackTmp:          0 kB
CommitLimit:     2172840 kB
Committed_AS:   89969636 kB
VmallocTotal:   251658176 kB
VmallocUsed:      137716 kB
VmallocChunk:   251428908 kB
Time pass: 198 sec

---2015-12-17 16:44:23
MemTotal:        2905316 kB
MemFree:           84604 kB
Buffers:           21208 kB
Cached:          1065732 kB
SwapCached:            0 kB
Active:          1314460 kB
Inactive:         724240 kB
Active(anon):     792024 kB
Inactive(anon):   201300 kB
Active(file):     522436 kB
Inactive(file):   522940 kB
Unevictable:       12772 kB
Mlocked:               0 kB
SwapTotal:        720184 kB
SwapFree:         719948 kB
Dirty:                68 kB
Writeback:             0 kB
AnonPages:        964508 kB
Mapped:           694092 kB
Shmem:             28792 kB
Slab:             113060 kB
SReclaimable:      36428 kB
SUnreclaim:        76632 kB
KernelStack:       34240 kB
PageTables:        55608 kB
NFS_Unstable:          0 kB
Bounce:                0 kB
WritebackTmp:          0 kB
CommitLimit:     2172840 kB
Committed_AS:   89971644 kB
VmallocTotal:   251658176 kB
VmallocUsed:      137716 kB
VmallocChunk:   251428908 kB
Time pass: 201 sec

---2015-12-17 16:44:23
MemTotal:        2905316 kB
MemFree:           84632 kB
Buffers:           21216 kB
Cached:          1065740 kB
SwapCached:            0 kB
Active:          1314016 kB
Inactive:         724252 kB
Active(anon):     791576 kB
Inactive(anon):   201304 kB
Active(file):     522440 kB
Inactive(file):   522948 kB
Unevictable:       12772 kB
Mlocked:               0 kB
SwapTotal:        720184 kB
SwapFree:         719948 kB
Dirty:                28 kB
Writeback:             0 kB
AnonPages:        964180 kB
Mapped:           694104 kB
Shmem:             28796 kB
Slab:             113072 kB
SReclaimable:      36428 kB
SUnreclaim:        76644 kB
KernelStack:       34224 kB
PageTables:        55608 kB
NFS_Unstable:          0 kB
Bounce:                0 kB
WritebackTmp:          0 kB
CommitLimit:     2172840 kB
Committed_AS:   89971724 kB
VmallocTotal:   251658176 kB
VmallocUsed:      137716 kB
VmallocChunk:   251428908 kB
Time pass: 205 sec

---2015-12-17 16:44:23
MemTotal:        2905316 kB
MemFree:           84496 kB
Buffers:           21240 kB
Cached:          1065760 kB
SwapCached:            0 kB
Active:          1314280 kB
Inactive:         724284 kB
Active(anon):     791828 kB
Inactive(anon):   201304 kB
Active(file):     522452 kB
Inactive(file):   522980 kB
Unevictable:       12772 kB
Mlocked:               0 kB
SwapTotal:        720184 kB
SwapFree:         719948 kB
Dirty:                72 kB
Writeback:             0 kB
AnonPages:        964448 kB
Mapped:           694084 kB
Shmem:             28796 kB
Slab:             113124 kB
SReclaimable:      36444 kB
SUnreclaim:        76680 kB
KernelStack:       34240 kB
PageTables:        55584 kB
NFS_Unstable:          0 kB
Bounce:                0 kB
WritebackTmp:          0 kB
CommitLimit:     2172840 kB
Committed_AS:   89971760 kB
VmallocTotal:   251658176 kB
VmallocUsed:      137716 kB
VmallocChunk:   251428908 kB
Time pass: 209 sec

---2015-12-17 16:44:23
MemTotal:        2905316 kB
MemFree:           83956 kB
Buffers:           21248 kB
Cached:          1065796 kB
SwapCached:            0 kB
Active:          1315136 kB
Inactive:         724304 kB
Active(anon):     792660 kB
Inactive(anon):   201304 kB
Active(file):     522476 kB
Inactive(file):   523000 kB
Unevictable:       12772 kB
Mlocked:               0 kB
SwapTotal:        720184 kB
SwapFree:         719948 kB
Dirty:                16 kB
Writeback:             0 kB
AnonPages:        965128 kB
Mapped:           694520 kB
Shmem:             28796 kB
Slab:             113116 kB
SReclaimable:      36444 kB
SUnreclaim:        76672 kB
KernelStack:       34304 kB
PageTables:        55612 kB
NFS_Unstable:          0 kB
Bounce:                0 kB
WritebackTmp:          0 kB
CommitLimit:     2172840 kB
Committed_AS:   89971784 kB
VmallocTotal:   251658176 kB
VmallocUsed:      137716 kB
VmallocChunk:   251428908 kB
Time pass: 213 sec

---2015-12-17 16:44:23
MemTotal:        2905316 kB
MemFree:           76912 kB
Buffers:           21264 kB
Cached:          1066184 kB
SwapCached:            0 kB
Active:          1317812 kB
Inactive:         724616 kB
Active(anon):     795244 kB
Inactive(anon):   201304 kB
Active(file):     522568 kB
Inactive(file):   523312 kB
Unevictable:       12772 kB
Mlocked:               0 kB
SwapTotal:        720184 kB
SwapFree:         719948 kB
Dirty:                76 kB
Writeback:             0 kB
AnonPages:        967704 kB
Mapped:           694660 kB
Shmem:             28796 kB
Slab:             117152 kB
SReclaimable:      39560 kB
SUnreclaim:        77592 kB
KernelStack:       34320 kB
PageTables:        55688 kB
NFS_Unstable:          0 kB
Bounce:                0 kB
WritebackTmp:          0 kB
CommitLimit:     2172840 kB
Committed_AS:   89983652 kB
VmallocTotal:   251658176 kB
VmallocUsed:      137716 kB
VmallocChunk:   251428908 kB
Time pass: 217 sec

---2015-12-17 16:44:23
MemTotal:        2905316 kB
MemFree:           78516 kB
Buffers:           21264 kB
Cached:          1066452 kB
SwapCached:            0 kB
Active:          1315376 kB
Inactive:         724848 kB
Active(anon):     792772 kB
Inactive(anon):   201304 kB
Active(file):     522604 kB
Inactive(file):   523544 kB
Unevictable:       12772 kB
Mlocked:               0 kB
SwapTotal:        720184 kB
SwapFree:         719948 kB
Dirty:               120 kB
Writeback:             0 kB
AnonPages:        965468 kB
Mapped:           694756 kB
Shmem:             28796 kB
Slab:             117104 kB
SReclaimable:      39968 kB
SUnreclaim:        77136 kB
KernelStack:       34288 kB
PageTables:        55608 kB
NFS_Unstable:          0 kB
Bounce:                0 kB
WritebackTmp:          0 kB
CommitLimit:     2172840 kB
Committed_AS:   89971832 kB
VmallocTotal:   251658176 kB
VmallocUsed:      137716 kB
VmallocChunk:   251428908 kB
Time pass: 220 sec

---2015-12-17 16:44:23
MemTotal:        2905316 kB
MemFree:           78616 kB
Buffers:           21272 kB
Cached:          1066464 kB
SwapCached:            0 kB
Active:          1315556 kB
Inactive:         724848 kB
Active(anon):     792932 kB
Inactive(anon):   201304 kB
Active(file):     522624 kB
Inactive(file):   523544 kB
Unevictable:       12772 kB
Mlocked:               0 kB
SwapTotal:        720184 kB
SwapFree:         719948 kB
Dirty:                24 kB
Writeback:             0 kB
AnonPages:        965536 kB
Mapped:           694828 kB
Shmem:             28796 kB
Slab:             117084 kB
SReclaimable:      39968 kB
SUnreclaim:        77116 kB
KernelStack:       34208 kB
PageTables:        55612 kB
NFS_Unstable:          0 kB
Bounce:                0 kB
WritebackTmp:          0 kB
CommitLimit:     2172840 kB
Committed_AS:   89971832 kB
VmallocTotal:   251658176 kB
VmallocUsed:      137716 kB
VmallocChunk:   251428908 kB
Time pass: 224 sec

---2015-12-17 16:44:23
MemTotal:        2905316 kB
MemFree:           79004 kB
Buffers:           21280 kB
Cached:          1066464 kB
SwapCached:            0 kB
Active:          1315308 kB
Inactive:         724852 kB
Active(anon):     792680 kB
Inactive(anon):   201304 kB
Active(file):     522628 kB
Inactive(file):   523548 kB
Unevictable:       12772 kB
Mlocked:               0 kB
SwapTotal:        720184 kB
SwapFree:         719948 kB
Dirty:                16 kB
Writeback:             0 kB
AnonPages:        965560 kB
Mapped:           694768 kB
Shmem:             28796 kB
Slab:             116952 kB
SReclaimable:      39972 kB
SUnreclaim:        76980 kB
KernelStack:       34240 kB
PageTables:        55588 kB
NFS_Unstable:          0 kB
Bounce:                0 kB
WritebackTmp:          0 kB
CommitLimit:     2172840 kB
Committed_AS:   89979508 kB
VmallocTotal:   251658176 kB
VmallocUsed:      137716 kB
VmallocChunk:   251428908 kB
Time pass: 228 sec

---2015-12-17 16:44:23
MemTotal:        2905316 kB
MemFree:           70220 kB
Buffers:           21312 kB
Cached:          1058648 kB
SwapCached:            0 kB
Active:          1318332 kB
Inactive:         720316 kB
Active(anon):     798952 kB
Inactive(anon):   201508 kB
Active(file):     519380 kB
Inactive(file):   518808 kB
Unevictable:       12772 kB
Mlocked:               0 kB
SwapTotal:        720184 kB
SwapFree:         719948 kB
Dirty:               192 kB
Writeback:             0 kB
AnonPages:        971636 kB
Mapped:           696848 kB
Shmem:             29000 kB
Slab:             117012 kB
SReclaimable:      40024 kB
SUnreclaim:        76988 kB
KernelStack:       34240 kB
PageTables:        55556 kB
NFS_Unstable:          0 kB
Bounce:                0 kB
WritebackTmp:          0 kB
CommitLimit:     2172840 kB
Committed_AS:   89985060 kB
VmallocTotal:   251658176 kB
VmallocUsed:      137796 kB
VmallocChunk:   251428908 kB
Time pass: 231 sec

---2015-12-17 16:44:23
MemTotal:        2905316 kB
MemFree:           71632 kB
Buffers:           21320 kB
Cached:          1051124 kB
SwapCached:            0 kB
Active:          1315508 kB
Inactive:         716900 kB
Active(anon):     800228 kB
Inactive(anon):   201436 kB
Active(file):     515280 kB
Inactive(file):   515464 kB
Unevictable:       12772 kB
Mlocked:               0 kB
SwapTotal:        720184 kB
SwapFree:         719808 kB
Dirty:                88 kB
Writeback:             0 kB
AnonPages:        972764 kB
Mapped:           693644 kB
Shmem:             28928 kB
Slab:             113004 kB
SReclaimable:      36240 kB
SUnreclaim:        76764 kB
KernelStack:       34240 kB
PageTables:        55608 kB
NFS_Unstable:          0 kB
Bounce:                0 kB
WritebackTmp:          0 kB
CommitLimit:     2172840 kB
Committed_AS:   89985280 kB
VmallocTotal:   251658176 kB
VmallocUsed:      137792 kB
VmallocChunk:   251428908 kB
Time pass: 235 sec

---2015-12-17 16:44:23
MemTotal:        2905316 kB
MemFree:           70416 kB
Buffers:           21328 kB
Cached:          1051132 kB
SwapCached:            0 kB
Active:          1315688 kB
Inactive:         716904 kB
Active(anon):     800396 kB
Inactive(anon):   201436 kB
Active(file):     515292 kB
Inactive(file):   515468 kB
Unevictable:       12772 kB
Mlocked:               0 kB
SwapTotal:        720184 kB
SwapFree:         719808 kB
Dirty:                52 kB
Writeback:             0 kB
AnonPages:        972740 kB
Mapped:           694968 kB
Shmem:             28928 kB
Slab:             113140 kB
SReclaimable:      36368 kB
SUnreclaim:        76772 kB
KernelStack:       34224 kB
PageTables:        55616 kB
NFS_Unstable:          0 kB
Bounce:                0 kB
WritebackTmp:          0 kB
CommitLimit:     2172840 kB
Committed_AS:   89985292 kB
VmallocTotal:   251658176 kB
VmallocUsed:      137804 kB
VmallocChunk:   251428908 kB
Time pass: 239 sec

---2015-12-17 16:44:23
MemTotal:        2905316 kB
MemFree:           69024 kB
Buffers:           21328 kB
Cached:          1051284 kB
SwapCached:            0 kB
Active:          1316124 kB
Inactive:         717056 kB
Active(anon):     800832 kB
Inactive(anon):   201588 kB
Active(file):     515292 kB
Inactive(file):   515468 kB
Unevictable:       12772 kB
Mlocked:               0 kB
SwapTotal:        720184 kB
SwapFree:         719808 kB
Dirty:                56 kB
Writeback:             0 kB
AnonPages:        973452 kB
Mapped:           695744 kB
Shmem:             29080 kB
Slab:             113304 kB
SReclaimable:      36368 kB
SUnreclaim:        76936 kB
KernelStack:       34224 kB
PageTables:        55648 kB
NFS_Unstable:          0 kB
Bounce:                0 kB
WritebackTmp:          0 kB
CommitLimit:     2172840 kB
Committed_AS:   89990424 kB
VmallocTotal:   251658176 kB
VmallocUsed:      137804 kB
VmallocChunk:   251428908 kB
Time pass: 243 sec

---2015-12-17 16:44:23
MemTotal:        2905316 kB
MemFree:           64036 kB
Buffers:           21360 kB
Cached:          1050876 kB
SwapCached:            0 kB
Active:          1322688 kB
Inactive:         716624 kB
Active(anon):     807340 kB
Inactive(anon):   201096 kB
Active(file):     515348 kB
Inactive(file):   515528 kB
Unevictable:       12772 kB
Mlocked:               0 kB
SwapTotal:        720184 kB
SwapFree:         719808 kB
Dirty:               164 kB
Writeback:             0 kB
AnonPages:        979752 kB
Mapped:           694588 kB
Shmem:             28588 kB
Slab:             113220 kB
SReclaimable:      36340 kB
SUnreclaim:        76880 kB
KernelStack:       34224 kB
PageTables:        55564 kB
NFS_Unstable:          0 kB
Bounce:                0 kB
WritebackTmp:          0 kB
CommitLimit:     2172840 kB
Committed_AS:   89999640 kB
VmallocTotal:   251658176 kB
VmallocUsed:      137796 kB
VmallocChunk:   251428908 kB
Time pass: 247 sec

---2015-12-17 16:44:23
MemTotal:        2905316 kB
MemFree:           64612 kB
Buffers:           21360 kB
Cached:          1050908 kB
SwapCached:            0 kB
Active:          1323324 kB
Inactive:         716644 kB
Active(anon):     807964 kB
Inactive(anon):   201104 kB
Active(file):     515360 kB
Inactive(file):   515540 kB
Unevictable:       12772 kB
Mlocked:               0 kB
SwapTotal:        720184 kB
SwapFree:         719808 kB
Dirty:                16 kB
Writeback:             0 kB
AnonPages:        980388 kB
Mapped:           693332 kB
Shmem:             28596 kB
Slab:             113216 kB
SReclaimable:      36340 kB
SUnreclaim:        76876 kB
KernelStack:       34224 kB
PageTables:        55544 kB
NFS_Unstable:          0 kB
Bounce:                0 kB
WritebackTmp:          0 kB
CommitLimit:     2172840 kB
Committed_AS:   89999708 kB
VmallocTotal:   251658176 kB
VmallocUsed:      137780 kB
VmallocChunk:   251428908 kB
Time pass: 250 sec

---2015-12-17 16:44:23
MemTotal:        2905316 kB
MemFree:           67204 kB
Buffers:           21368 kB
Cached:          1047088 kB
SwapCached:            0 kB
Active:          1320952 kB
Inactive:         715808 kB
Active(anon):     807544 kB
Inactive(anon):   202140 kB
Active(file):     513408 kB
Inactive(file):   513668 kB
Unevictable:       12772 kB
Mlocked:               0 kB
SwapTotal:        720184 kB
SwapFree:         719808 kB
Dirty:                96 kB
Writeback:             0 kB
AnonPages:        981196 kB
Mapped:           693392 kB
Shmem:             28608 kB
Slab:             113228 kB
SReclaimable:      36340 kB
SUnreclaim:        76888 kB
KernelStack:       34224 kB
PageTables:        55620 kB
NFS_Unstable:          0 kB
Bounce:                0 kB
WritebackTmp:          0 kB
CommitLimit:     2172840 kB
Committed_AS:   89999764 kB
VmallocTotal:   251658176 kB
VmallocUsed:      137780 kB
VmallocChunk:   251428908 kB
Time pass: 254 sec

---2015-12-17 16:44:23
MemTotal:        2905316 kB
MemFree:           65432 kB
Buffers:           21384 kB
Cached:          1047132 kB
SwapCached:            0 kB
Active:          1323004 kB
Inactive:         715848 kB
Active(anon):     809576 kB
Inactive(anon):   202144 kB
Active(file):     513428 kB
Inactive(file):   513704 kB
Unevictable:       12772 kB
Mlocked:               0 kB
SwapTotal:        720184 kB
SwapFree:         719808 kB
Dirty:                 8 kB
Writeback:             0 kB
AnonPages:        983068 kB
Mapped:           693404 kB
Shmem:             28612 kB
Slab:             113232 kB
SReclaimable:      36340 kB
SUnreclaim:        76892 kB
KernelStack:       34192 kB
PageTables:        55624 kB
NFS_Unstable:          0 kB
Bounce:                0 kB
WritebackTmp:          0 kB
CommitLimit:     2172840 kB
Committed_AS:   89999836 kB
VmallocTotal:   251658176 kB
VmallocUsed:      137780 kB
VmallocChunk:   251428908 kB
Time pass: 258 sec

---2015-12-17 16:44:23
MemTotal:        2905316 kB
MemFree:           64736 kB
Buffers:           21392 kB
Cached:          1047136 kB
SwapCached:            0 kB
Active:          1323200 kB
Inactive:         715860 kB
Active(anon):     809772 kB
Inactive(anon):   202144 kB
Active(file):     513428 kB
Inactive(file):   513716 kB
Unevictable:       12772 kB
Mlocked:               0 kB
SwapTotal:        720184 kB
SwapFree:         719808 kB
Dirty:                68 kB
Writeback:             0 kB
AnonPages:        983120 kB
Mapped:           693472 kB
Shmem:             28612 kB
Slab:             113236 kB
SReclaimable:      36340 kB
SUnreclaim:        76896 kB
KernelStack:       34224 kB
PageTables:        55644 kB
NFS_Unstable:          0 kB
Bounce:                0 kB
WritebackTmp:          0 kB
CommitLimit:     2172840 kB
Committed_AS:   89999800 kB
VmallocTotal:   251658176 kB
VmallocUsed:      137780 kB
VmallocChunk:   251428908 kB
Time pass: 262 sec

---2015-12-17 16:44:23
MemTotal:        2905316 kB
MemFree:           65264 kB
Buffers:           21392 kB
Cached:          1047140 kB
SwapCached:            0 kB
Active:          1323092 kB
Inactive:         715856 kB
Active(anon):     809656 kB
Inactive(anon):   202144 kB
Active(file):     513436 kB
Inactive(file):   513712 kB
Unevictable:       12772 kB
Mlocked:               0 kB
SwapTotal:        720184 kB
SwapFree:         719808 kB
Dirty:                 8 kB
Writeback:             0 kB
AnonPages:        983288 kB
Mapped:           693488 kB
Shmem:             28612 kB
Slab:             113268 kB
SReclaimable:      36340 kB
SUnreclaim:        76928 kB
KernelStack:       34224 kB
PageTables:        55644 kB
NFS_Unstable:          0 kB
Bounce:                0 kB
WritebackTmp:          0 kB
CommitLimit:     2172840 kB
Committed_AS:   89999824 kB
VmallocTotal:   251658176 kB
VmallocUsed:      137780 kB
VmallocChunk:   251428908 kB
Time pass: 266 sec

---2015-12-17 16:44:23
MemTotal:        2905316 kB
MemFree:           71292 kB
Buffers:           21384 kB
Cached:          1039376 kB
SwapCached:            0 kB
Active:          1321720 kB
Inactive:         712360 kB
Active(anon):     811792 kB
Inactive(anon):   202808 kB
Active(file):     509928 kB
Inactive(file):   509552 kB
Unevictable:       12772 kB
Mlocked:               0 kB
SwapTotal:        720184 kB
SwapFree:         719696 kB
Dirty:                84 kB
Writeback:             0 kB
AnonPages:        986052 kB
Mapped:           690668 kB
Shmem:             28508 kB
Slab:             113256 kB
SReclaimable:      36212 kB
SUnreclaim:        77044 kB
KernelStack:       34224 kB
PageTables:        55644 kB
NFS_Unstable:          0 kB
Bounce:                0 kB
WritebackTmp:          0 kB
CommitLimit:     2172840 kB
Committed_AS:   89999792 kB
VmallocTotal:   251658176 kB
VmallocUsed:      137780 kB
VmallocChunk:   251428908 kB
Time pass: 269 sec

---2015-12-17 16:44:23
MemTotal:        2905316 kB
MemFree:           70600 kB
Buffers:           21392 kB
Cached:          1039400 kB
SwapCached:            0 kB
Active:          1322204 kB
Inactive:         712376 kB
Active(anon):     812260 kB
Inactive(anon):   202812 kB
Active(file):     509944 kB
Inactive(file):   509564 kB
Unevictable:       12772 kB
Mlocked:               0 kB
SwapTotal:        720184 kB
SwapFree:         719696 kB
Dirty:                12 kB
Writeback:             0 kB
AnonPages:        986712 kB
Mapped:           690700 kB
Shmem:             28512 kB
Slab:             113124 kB
SReclaimable:      36212 kB
SUnreclaim:        76912 kB
KernelStack:       34144 kB
PageTables:        55636 kB
NFS_Unstable:          0 kB
Bounce:                0 kB
WritebackTmp:          0 kB
CommitLimit:     2172840 kB
Committed_AS:   89999740 kB
VmallocTotal:   251658176 kB
VmallocUsed:      137780 kB
VmallocChunk:   251428908 kB
Time pass: 273 sec

---2015-12-17 16:44:23
MemTotal:        2905316 kB
MemFree:           70008 kB
Buffers:           21392 kB
Cached:          1039404 kB
SwapCached:            0 kB
Active:          1322764 kB
Inactive:         712372 kB
Active(anon):     812812 kB
Inactive(anon):   202812 kB
Active(file):     509952 kB
Inactive(file):   509560 kB
Unevictable:       12772 kB
Mlocked:               0 kB
SwapTotal:        720184 kB
SwapFree:         719696 kB
Dirty:                16 kB
Writeback:             0 kB
AnonPages:        987076 kB
Mapped:           690700 kB
Shmem:             28512 kB
Slab:             113160 kB
SReclaimable:      36212 kB
SUnreclaim:        76948 kB
KernelStack:       34176 kB
PageTables:        55644 kB
NFS_Unstable:          0 kB
Bounce:                0 kB
WritebackTmp:          0 kB
CommitLimit:     2172840 kB
Committed_AS:   89999716 kB
VmallocTotal:   251658176 kB
VmallocUsed:      137780 kB
VmallocChunk:   251428908 kB
Time pass: 277 sec

---2015-12-17 16:44:23
MemTotal:        2905316 kB
MemFree:           68224 kB
Buffers:           21416 kB
Cached:          1039472 kB
SwapCached:            0 kB
Active:          1324796 kB
Inactive:         712452 kB
Active(anon):     814832 kB
Inactive(anon):   202836 kB
Active(file):     509964 kB
Inactive(file):   509616 kB
Unevictable:       12772 kB
Mlocked:               0 kB
SwapTotal:        720184 kB
SwapFree:         719696 kB
Dirty:               112 kB
Writeback:             0 kB
AnonPages:        989248 kB
Mapped:           690672 kB
Shmem:             28536 kB
Slab:             113156 kB
SReclaimable:      36212 kB
SUnreclaim:        76944 kB
KernelStack:       34192 kB
PageTables:        55624 kB
NFS_Unstable:          0 kB
Bounce:                0 kB
WritebackTmp:          0 kB
CommitLimit:     2172840 kB
Committed_AS:   89999740 kB
VmallocTotal:   251658176 kB
VmallocUsed:      137780 kB
VmallocChunk:   251428908 kB
Time pass: 280 sec

---2015-12-17 16:44:23
MemTotal:        2905316 kB
MemFree:           67636 kB
Buffers:           21424 kB
Cached:          1039500 kB
SwapCached:            0 kB
Active:          1325004 kB
Inactive:         712468 kB
Active(anon):     815020 kB
Inactive(anon):   202836 kB
Active(file):     509984 kB
Inactive(file):   509632 kB
Unevictable:       12772 kB
Mlocked:               0 kB
SwapTotal:        720184 kB
SwapFree:         719696 kB
Dirty:                 4 kB
Writeback:             0 kB
AnonPages:        989244 kB
Mapped:           690688 kB
Shmem:             28536 kB
Slab:             113160 kB
SReclaimable:      36212 kB
SUnreclaim:        76948 kB
KernelStack:       34192 kB
PageTables:        55624 kB
NFS_Unstable:          0 kB
Bounce:                0 kB
WritebackTmp:          0 kB
CommitLimit:     2172840 kB
Committed_AS:   89999752 kB
VmallocTotal:   251658176 kB
VmallocUsed:      137780 kB
VmallocChunk:   251428908 kB
Time pass: 284 sec

---2015-12-17 16:44:23
MemTotal:        2905316 kB
MemFree:           66404 kB
Buffers:           21432 kB
Cached:          1039536 kB
SwapCached:            0 kB
Active:          1325912 kB
Inactive:         712488 kB
Active(anon):     815908 kB
Inactive(anon):   202836 kB
Active(file):     510004 kB
Inactive(file):   509652 kB
Unevictable:       12772 kB
Mlocked:               0 kB
SwapTotal:        720184 kB
SwapFree:         719696 kB
Dirty:                36 kB
Writeback:             0 kB
AnonPages:        989992 kB
Mapped:           690708 kB
Shmem:             28540 kB
Slab:             113176 kB
SReclaimable:      36212 kB
SUnreclaim:        76964 kB
KernelStack:       34176 kB
PageTables:        55624 kB
NFS_Unstable:          0 kB
Bounce:                0 kB
WritebackTmp:          0 kB
CommitLimit:     2172840 kB
Committed_AS:   89999740 kB
VmallocTotal:   251658176 kB
VmallocUsed:      137780 kB
VmallocChunk:   251428908 kB
Time pass: 288 sec

---2015-12-17 16:44:23
MemTotal:        2905316 kB
MemFree:           69640 kB
Buffers:           21448 kB
Cached:          1039684 kB
SwapCached:            0 kB
Active:          1323304 kB
Inactive:         712584 kB
Active(anon):     813292 kB
Inactive(anon):   202840 kB
Active(file):     510012 kB
Inactive(file):   509744 kB
Unevictable:       12772 kB
Mlocked:               0 kB
SwapTotal:        720184 kB
SwapFree:         719696 kB
Dirty:               100 kB
Writeback:             0 kB
AnonPages:        987556 kB
Mapped:           690772 kB
Shmem:             28544 kB
Slab:             113316 kB
SReclaimable:      36212 kB
SUnreclaim:        77104 kB
KernelStack:       34192 kB
PageTables:        55628 kB
NFS_Unstable:          0 kB
Bounce:                0 kB
WritebackTmp:          0 kB
CommitLimit:     2172840 kB
Committed_AS:   89999900 kB
VmallocTotal:   251658176 kB
VmallocUsed:      137780 kB
VmallocChunk:   251428908 kB
Time pass: 292 sec

---2015-12-17 16:44:23
MemTotal:        2905316 kB
MemFree:           68740 kB
Buffers:           21448 kB
Cached:          1039700 kB
SwapCached:            0 kB
Active:          1323412 kB
Inactive:         712652 kB
Active(anon):     813392 kB
Inactive(anon):   202840 kB
Active(file):     510020 kB
Inactive(file):   509812 kB
Unevictable:       12772 kB
Mlocked:               0 kB
SwapTotal:        720184 kB
SwapFree:         719696 kB
Dirty:                16 kB
Writeback:             0 kB
AnonPages:        987660 kB
Mapped:           690840 kB
Shmem:             28544 kB
Slab:             113204 kB
SReclaimable:      36212 kB
SUnreclaim:        76992 kB
KernelStack:       34192 kB
PageTables:        55628 kB
NFS_Unstable:          0 kB
Bounce:                0 kB
WritebackTmp:          0 kB
CommitLimit:     2172840 kB
Committed_AS:   89999984 kB
VmallocTotal:   251658176 kB
VmallocUsed:      137780 kB
VmallocChunk:   251428908 kB
Time pass: 295 sec

---2015-12-17 16:44:23
MemTotal:        2905316 kB
MemFree:           75304 kB
Buffers:           21464 kB
Cached:          1039776 kB
SwapCached:            0 kB
Active:          1316540 kB
Inactive:         712684 kB
Active(anon):     806460 kB
Inactive(anon):   202840 kB
Active(file):     510080 kB
Inactive(file):   509844 kB
Unevictable:       12772 kB
Mlocked:               0 kB
SwapTotal:        720184 kB
SwapFree:         719696 kB
Dirty:                76 kB
Writeback:             0 kB
AnonPages:        980796 kB
Mapped:           690932 kB
Shmem:             28544 kB
Slab:             113208 kB
SReclaimable:      36212 kB
SUnreclaim:        76996 kB
KernelStack:       34208 kB
PageTables:        55652 kB
NFS_Unstable:          0 kB
Bounce:                0 kB
WritebackTmp:          0 kB
CommitLimit:     2172840 kB
Committed_AS:   90000820 kB
VmallocTotal:   251658176 kB
VmallocUsed:      137780 kB
VmallocChunk:   251428908 kB
Time pass: 299 sec

---2015-12-17 16:44:23
MemTotal:        2905316 kB
MemFree:           74656 kB
Buffers:           21488 kB
Cached:          1039748 kB
SwapCached:            0 kB
Active:          1317672 kB
Inactive:         712640 kB
Active(anon):     807572 kB
Inactive(anon):   202844 kB
Active(file):     510100 kB
Inactive(file):   509796 kB
Unevictable:       12772 kB
Mlocked:               0 kB
SwapTotal:        720184 kB
SwapFree:         719696 kB
Dirty:               192 kB
Writeback:             0 kB
AnonPages:        981936 kB
Mapped:           690952 kB
Shmem:             28548 kB
Slab:             113160 kB
SReclaimable:      36200 kB
SUnreclaim:        76960 kB
KernelStack:       34224 kB
PageTables:        55692 kB
NFS_Unstable:          0 kB
Bounce:                0 kB
WritebackTmp:          0 kB
CommitLimit:     2172840 kB
Committed_AS:   90000844 kB
VmallocTotal:   251658176 kB
VmallocUsed:      137780 kB
VmallocChunk:   251428908 kB
Time pass: 303 sec

---2015-12-17 16:44:23
MemTotal:        2905316 kB
MemFree:           73848 kB
Buffers:           21488 kB
Cached:          1039828 kB
SwapCached:            0 kB
Active:          1318020 kB
Inactive:         712724 kB
Active(anon):     807904 kB
Inactive(anon):   202848 kB
Active(file):     510116 kB
Inactive(file):   509876 kB
Unevictable:       12772 kB
Mlocked:               0 kB
SwapTotal:        720184 kB
SwapFree:         719696 kB
Dirty:               208 kB
Writeback:             0 kB
AnonPages:        982340 kB
Mapped:           690968 kB
Shmem:             28552 kB
Slab:             113300 kB
SReclaimable:      36200 kB
SUnreclaim:        77100 kB
KernelStack:       34272 kB
PageTables:        55660 kB
NFS_Unstable:          0 kB
Bounce:                0 kB
WritebackTmp:          0 kB
CommitLimit:     2172840 kB
Committed_AS:   90000916 kB
VmallocTotal:   251658176 kB
VmallocUsed:      137780 kB
VmallocChunk:   251428908 kB
Time pass: 307 sec

---2015-12-17 16:44:23
MemTotal:        2905316 kB
MemFree:           73640 kB
Buffers:           21496 kB
Cached:          1039868 kB
SwapCached:            0 kB
Active:          1319064 kB
Inactive:         712760 kB
Active(anon):     808936 kB
Inactive(anon):   202876 kB
Active(file):     510128 kB
Inactive(file):   509884 kB
Unevictable:       12772 kB
Mlocked:               0 kB
SwapTotal:        720184 kB
SwapFree:         719696 kB
Dirty:                72 kB
Writeback:             0 kB
AnonPages:        983252 kB
Mapped:           691012 kB
Shmem:             28580 kB
Slab:             113200 kB
SReclaimable:      36200 kB
SUnreclaim:        77000 kB
KernelStack:       34256 kB
PageTables:        55660 kB
NFS_Unstable:          0 kB
Bounce:                0 kB
WritebackTmp:          0 kB
CommitLimit:     2172840 kB
Committed_AS:   90000876 kB
VmallocTotal:   251658176 kB
VmallocUsed:      137780 kB
VmallocChunk:   251428908 kB
Time pass: 310 sec

---2015-12-17 16:44:23
MemTotal:        2905316 kB
MemFree:           72704 kB
Buffers:           21504 kB
Cached:          1039892 kB
SwapCached:            0 kB
Active:          1319356 kB
Inactive:         712768 kB
Active(anon):     809224 kB
Inactive(anon):   202876 kB
Active(file):     510132 kB
Inactive(file):   509892 kB
Unevictable:       12772 kB
Mlocked:               0 kB
SwapTotal:        720184 kB
SwapFree:         719696 kB
Dirty:                36 kB
Writeback:             0 kB
AnonPages:        983584 kB
Mapped:           691016 kB
Shmem:             28580 kB
Slab:             113172 kB
SReclaimable:      36200 kB
SUnreclaim:        76972 kB
KernelStack:       34240 kB
PageTables:        55660 kB
NFS_Unstable:          0 kB
Bounce:                0 kB
WritebackTmp:          0 kB
CommitLimit:     2172840 kB
Committed_AS:   90000888 kB
VmallocTotal:   251658176 kB
VmallocUsed:      137780 kB
VmallocChunk:   251428908 kB
Time pass: 314 sec

---2015-12-17 16:44:23
MemTotal:        2905316 kB
MemFree:           72344 kB
Buffers:           21520 kB
Cached:          1039928 kB
SwapCached:            0 kB
Active:          1320092 kB
Inactive:         712820 kB
Active(anon):     809944 kB
Inactive(anon):   202876 kB
Active(file):     510148 kB
Inactive(file):   509944 kB
Unevictable:       12772 kB
Mlocked:               0 kB
SwapTotal:        720184 kB
SwapFree:         719696 kB
Dirty:                12 kB
Writeback:             0 kB
AnonPages:        984388 kB
Mapped:           690972 kB
Shmem:             28580 kB
Slab:             113208 kB
SReclaimable:      36200 kB
SUnreclaim:        77008 kB
KernelStack:       34160 kB
PageTables:        55636 kB
NFS_Unstable:          0 kB
Bounce:                0 kB
WritebackTmp:          0 kB
CommitLimit:     2172840 kB
Committed_AS:   90000832 kB
VmallocTotal:   251658176 kB
VmallocUsed:      137780 kB
VmallocChunk:   251428908 kB
Time pass: 318 sec

---2015-12-17 16:44:23
MemTotal:        2905316 kB
MemFree:           71756 kB
Buffers:           21528 kB
Cached:          1039928 kB
SwapCached:            0 kB
Active:          1320664 kB
Inactive:         712828 kB
Active(anon):     810512 kB
Inactive(anon):   202876 kB
Active(file):     510152 kB
Inactive(file):   509952 kB
Unevictable:       12772 kB
Mlocked:               0 kB
SwapTotal:        720184 kB
SwapFree:         719696 kB
Dirty:                68 kB
Writeback:             0 kB
AnonPages:        984688 kB
Mapped:           691036 kB
Shmem:             28580 kB
Slab:             113212 kB
SReclaimable:      36200 kB
SUnreclaim:        77012 kB
KernelStack:       34192 kB
PageTables:        55660 kB
NFS_Unstable:          0 kB
Bounce:                0 kB
WritebackTmp:          0 kB
CommitLimit:     2172840 kB
Committed_AS:   90000752 kB
VmallocTotal:   251658176 kB
VmallocUsed:      137780 kB
VmallocChunk:   251428908 kB
Time pass: 322 sec

---2015-12-17 16:44:23
MemTotal:        2905316 kB
MemFree:           71276 kB
Buffers:           21536 kB
Cached:          1039944 kB
SwapCached:            0 kB
Active:          1320928 kB
Inactive:         712848 kB
Active(anon):     810772 kB
Inactive(anon):   202880 kB
Active(file):     510156 kB
Inactive(file):   509968 kB
Unevictable:       12772 kB
Mlocked:               0 kB
SwapTotal:        720184 kB
SwapFree:         719696 kB
Dirty:                32 kB
Writeback:             0 kB
AnonPages:        985228 kB
Mapped:           691056 kB
Shmem:             28584 kB
Slab:             113164 kB
SReclaimable:      36200 kB
SUnreclaim:        76964 kB
KernelStack:       34192 kB
PageTables:        55660 kB
NFS_Unstable:          0 kB
Bounce:                0 kB
WritebackTmp:          0 kB
CommitLimit:     2172840 kB
Committed_AS:   90000752 kB
VmallocTotal:   251658176 kB
VmallocUsed:      137780 kB
VmallocChunk:   251428908 kB
Time pass: 325 sec

---2015-12-17 16:44:23
MemTotal:        2905316 kB
MemFree:           71228 kB
Buffers:           21552 kB
Cached:          1039984 kB
SwapCached:            0 kB
Active:          1321244 kB
Inactive:         712896 kB
Active(anon):     811080 kB
Inactive(anon):   202880 kB
Active(file):     510164 kB
Inactive(file):   510016 kB
Unevictable:       12772 kB
Mlocked:               0 kB
SwapTotal:        720184 kB
SwapFree:         719696 kB
Dirty:                 4 kB
Writeback:             0 kB
AnonPages:        985540 kB
Mapped:           691056 kB
Shmem:             28584 kB
Slab:             113168 kB
SReclaimable:      36200 kB
SUnreclaim:        76968 kB
KernelStack:       34192 kB
PageTables:        55660 kB
NFS_Unstable:          0 kB
Bounce:                0 kB
WritebackTmp:          0 kB
CommitLimit:     2172840 kB
Committed_AS:   90000764 kB
VmallocTotal:   251658176 kB
VmallocUsed:      137780 kB
VmallocChunk:   251428908 kB
Time pass: 329 sec

---2015-12-17 16:44:23
MemTotal:        2905316 kB
MemFree:           70140 kB
Buffers:           21560 kB
Cached:          1039988 kB
SwapCached:            0 kB
Active:          1321428 kB
Inactive:         712908 kB
Active(anon):     811264 kB
Inactive(anon):   202880 kB
Active(file):     510164 kB
Inactive(file):   510028 kB
Unevictable:       12772 kB
Mlocked:               0 kB
SwapTotal:        720184 kB
SwapFree:         719696 kB
Dirty:                 0 kB
Writeback:             0 kB
AnonPages:        985720 kB
Mapped:           691064 kB
Shmem:             28584 kB
Slab:             113156 kB
SReclaimable:      36200 kB
SUnreclaim:        76956 kB
KernelStack:       34160 kB
PageTables:        55660 kB
NFS_Unstable:          0 kB
Bounce:                0 kB
WritebackTmp:          0 kB
CommitLimit:     2172840 kB
Committed_AS:   90000740 kB
VmallocTotal:   251658176 kB
VmallocUsed:      137780 kB
VmallocChunk:   251428908 kB
Time pass: 333 sec

---2015-12-17 16:44:23
MemTotal:        2905316 kB
MemFree:           69936 kB
Buffers:           21568 kB
Cached:          1039980 kB
SwapCached:            0 kB
Active:          1321704 kB
Inactive:         712908 kB
Active(anon):     811540 kB
Inactive(anon):   202880 kB
Active(file):     510164 kB
Inactive(file):   510028 kB
Unevictable:       12772 kB
Mlocked:               0 kB
SwapTotal:        720184 kB
SwapFree:         719696 kB
Dirty:                 4 kB
Writeback:             0 kB
AnonPages:        986268 kB
Mapped:           691072 kB
Shmem:             28584 kB
Slab:             113160 kB
SReclaimable:      36200 kB
SUnreclaim:        76960 kB
KernelStack:       34192 kB
PageTables:        55660 kB
NFS_Unstable:          0 kB
Bounce:                0 kB
WritebackTmp:          0 kB
CommitLimit:     2172840 kB
Committed_AS:   90000764 kB
VmallocTotal:   251658176 kB
VmallocUsed:      137780 kB
VmallocChunk:   251428908 kB
Time pass: 337 sec

---2015-12-17 16:44:23
MemTotal:        2905316 kB
MemFree:           68744 kB
Buffers:           21584 kB
Cached:          1040024 kB
SwapCached:            0 kB
Active:          1323024 kB
Inactive:         712960 kB
Active(anon):     812852 kB
Inactive(anon):   202884 kB
Active(file):     510172 kB
Inactive(file):   510076 kB
Unevictable:       12772 kB
Mlocked:               0 kB
SwapTotal:        720184 kB
SwapFree:         719696 kB
Dirty:                96 kB
Writeback:             0 kB
AnonPages:        987180 kB
Mapped:           691088 kB
Shmem:             28588 kB
Slab:             113156 kB
SReclaimable:      36200 kB
SUnreclaim:        76956 kB
KernelStack:       34192 kB
PageTables:        55656 kB
NFS_Unstable:          0 kB
Bounce:                0 kB
WritebackTmp:          0 kB
CommitLimit:     2172840 kB
Committed_AS:   90000752 kB
VmallocTotal:   251658176 kB
VmallocUsed:      137780 kB
VmallocChunk:   251428908 kB
Time pass: 341 sec

---2015-12-17 16:44:23
MemTotal:        2905316 kB
MemFree:           68856 kB
Buffers:           21592 kB
Cached:          1040020 kB
SwapCached:            0 kB
Active:          1323124 kB
Inactive:         712956 kB
Active(anon):     812944 kB
Inactive(anon):   202884 kB
Active(file):     510180 kB
Inactive(file):   510072 kB
Unevictable:       12772 kB
Mlocked:               0 kB
SwapTotal:        720184 kB
SwapFree:         719696 kB
Dirty:                 4 kB
Writeback:             0 kB
AnonPages:        987284 kB
Mapped:           691100 kB
Shmem:             28588 kB
Slab:             113164 kB
SReclaimable:      36200 kB
SUnreclaim:        76964 kB
KernelStack:       34176 kB
PageTables:        55660 kB
NFS_Unstable:          0 kB
Bounce:                0 kB
WritebackTmp:          0 kB
CommitLimit:     2172840 kB
Committed_AS:   90000724 kB
VmallocTotal:   251658176 kB
VmallocUsed:      137780 kB
VmallocChunk:   251428908 kB
Time pass: 344 sec

---2015-12-17 16:44:23
MemTotal:        2905316 kB
MemFree:           68400 kB
Buffers:           21592 kB
Cached:          1040056 kB
SwapCached:            0 kB
Active:          1323408 kB
Inactive:         712992 kB
Active(anon):     813228 kB
Inactive(anon):   202912 kB
Active(file):     510180 kB
Inactive(file):   510080 kB
Unevictable:       12772 kB
Mlocked:               0 kB
SwapTotal:        720184 kB
SwapFree:         719696 kB
Dirty:                52 kB
Writeback:             0 kB
AnonPages:        987604 kB
Mapped:           691132 kB
Shmem:             28616 kB
Slab:             113156 kB
SReclaimable:      36200 kB
SUnreclaim:        76956 kB
KernelStack:       34160 kB
PageTables:        55656 kB
NFS_Unstable:          0 kB
Bounce:                0 kB
WritebackTmp:          0 kB
CommitLimit:     2172840 kB
Committed_AS:   90000736 kB
VmallocTotal:   251658176 kB
VmallocUsed:      137780 kB
VmallocChunk:   251428908 kB
Time pass: 348 sec

---2015-12-17 16:44:23
MemTotal:        2905316 kB
MemFree:           67584 kB
Buffers:           21616 kB
Cached:          1040096 kB
SwapCached:            0 kB
Active:          1324624 kB
Inactive:         713048 kB
Active(anon):     814436 kB
Inactive(anon):   202916 kB
Active(file):     510188 kB
Inactive(file):   510132 kB
Unevictable:       12772 kB
Mlocked:               0 kB
SwapTotal:        720184 kB
SwapFree:         719696 kB
Dirty:                96 kB
Writeback:             0 kB
AnonPages:        988728 kB
Mapped:           691084 kB
Shmem:             28620 kB
Slab:             113136 kB
SReclaimable:      36200 kB
SUnreclaim:        76936 kB
KernelStack:       34144 kB
PageTables:        55636 kB
NFS_Unstable:          0 kB
Bounce:                0 kB
WritebackTmp:          0 kB
CommitLimit:     2172840 kB
Committed_AS:   90000732 kB
VmallocTotal:   251658176 kB
VmallocUsed:      137780 kB
VmallocChunk:   251428908 kB
Time pass: 352 sec

---2015-12-17 16:44:23
MemTotal:        2905316 kB
MemFree:           67380 kB
Buffers:           21616 kB
Cached:          1040096 kB
SwapCached:            0 kB
Active:          1325080 kB
Inactive:         713040 kB
Active(anon):     814884 kB
Inactive(anon):   202916 kB
Active(file):     510196 kB
Inactive(file):   510124 kB
Unevictable:       12772 kB
Mlocked:               0 kB
SwapTotal:        720184 kB
SwapFree:         719696 kB
Dirty:                 0 kB
Writeback:             0 kB
AnonPages:        989032 kB
Mapped:           691148 kB
Shmem:             28620 kB
Slab:             113148 kB
SReclaimable:      36200 kB
SUnreclaim:        76948 kB
KernelStack:       34160 kB
PageTables:        55660 kB
NFS_Unstable:          0 kB
Bounce:                0 kB
WritebackTmp:          0 kB
CommitLimit:     2172840 kB
Committed_AS:   90000700 kB
VmallocTotal:   251658176 kB
VmallocUsed:      137780 kB
VmallocChunk:   251428908 kB
Time pass: 356 sec

---2015-12-17 16:44:23
MemTotal:        2905316 kB
MemFree:           66208 kB
Buffers:           21624 kB
Cached:          1040100 kB
SwapCached:            0 kB
Active:          1325100 kB
Inactive:         713048 kB
Active(anon):     814900 kB
Inactive(anon):   202916 kB
Active(file):     510200 kB
Inactive(file):   510132 kB
Unevictable:       12772 kB
Mlocked:               0 kB
SwapTotal:        720184 kB
SwapFree:         719696 kB
Dirty:                72 kB
Writeback:             0 kB
AnonPages:        989288 kB
Mapped:           691100 kB
Shmem:             28620 kB
Slab:             113292 kB
SReclaimable:      36200 kB
SUnreclaim:        77092 kB
KernelStack:       34144 kB
PageTables:        55632 kB
NFS_Unstable:          0 kB
Bounce:                0 kB
WritebackTmp:          0 kB
CommitLimit:     2172840 kB
Committed_AS:   90000692 kB
VmallocTotal:   251658176 kB
VmallocUsed:      137780 kB
VmallocChunk:   251428908 kB
Time pass: 359 sec

---2015-12-17 16:44:23
MemTotal:        2905316 kB
MemFree:           65728 kB
Buffers:           21648 kB
Cached:          1040116 kB
SwapCached:            0 kB
Active:          1326308 kB
Inactive:         713072 kB
Active(anon):     816108 kB
Inactive(anon):   202916 kB
Active(file):     510200 kB
Inactive(file):   510156 kB
Unevictable:       12772 kB
Mlocked:               0 kB
SwapTotal:        720184 kB
SwapFree:         719696 kB
Dirty:                76 kB
Writeback:             0 kB
AnonPages:        990376 kB
Mapped:           691104 kB
Shmem:             28620 kB
Slab:             113180 kB
SReclaimable:      36200 kB
SUnreclaim:        76980 kB
KernelStack:       34144 kB
PageTables:        55636 kB
NFS_Unstable:          0 kB
Bounce:                0 kB
WritebackTmp:          0 kB
CommitLimit:     2172840 kB
Committed_AS:   90000692 kB
VmallocTotal:   251658176 kB
VmallocUsed:      137780 kB
VmallocChunk:   251428908 kB
Time pass: 363 sec

---2015-12-17 16:44:23
MemTotal:        2905316 kB
MemFree:           64980 kB
Buffers:           21648 kB
Cached:          1040184 kB
SwapCached:            0 kB
Active:          1326796 kB
Inactive:         713140 kB
Active(anon):     816580 kB
Inactive(anon):   202916 kB
Active(file):     510216 kB
Inactive(file):   510224 kB
Unevictable:       12772 kB
Mlocked:               0 kB
SwapTotal:        720184 kB
SwapFree:         719696 kB
Dirty:                24 kB
Writeback:             0 kB
AnonPages:        990876 kB
Mapped:           691148 kB
Shmem:             28620 kB
Slab:             113144 kB
SReclaimable:      36200 kB
SUnreclaim:        76944 kB
KernelStack:       34192 kB
PageTables:        55664 kB
NFS_Unstable:          0 kB
Bounce:                0 kB
WritebackTmp:          0 kB
CommitLimit:     2172840 kB
Committed_AS:   90000732 kB
VmallocTotal:   251658176 kB
VmallocUsed:      137780 kB
VmallocChunk:   251428908 kB
Time pass: 367 sec

---2015-12-17 16:44:23
MemTotal:        2905316 kB
MemFree:           64380 kB
Buffers:           21656 kB
Cached:          1040628 kB
SwapCached:            0 kB
Active:          1326876 kB
Inactive:         713568 kB
Active(anon):     816636 kB
Inactive(anon):   202916 kB
Active(file):     510240 kB
Inactive(file):   510652 kB
Unevictable:       12772 kB
Mlocked:               0 kB
SwapTotal:        720184 kB
SwapFree:         719696 kB
Dirty:                72 kB
Writeback:             0 kB
AnonPages:        990768 kB
Mapped:           691288 kB
Shmem:             28620 kB
Slab:             113140 kB
SReclaimable:      36200 kB
SUnreclaim:        76940 kB
KernelStack:       34144 kB
PageTables:        55632 kB
NFS_Unstable:          0 kB
Bounce:                0 kB
WritebackTmp:          0 kB
CommitLimit:     2172840 kB
Committed_AS:   90000636 kB
VmallocTotal:   251658176 kB
VmallocUsed:      137780 kB
VmallocChunk:   251428908 kB
Time pass: 371 sec

---2015-12-17 16:44:23
MemTotal:        2905316 kB
MemFree:           64236 kB
Buffers:           21664 kB
Cached:          1040640 kB
SwapCached:            0 kB
Active:          1326904 kB
Inactive:         713584 kB
Active(anon):     816664 kB
Inactive(anon):   202920 kB
Active(file):     510240 kB
Inactive(file):   510664 kB
Unevictable:       12772 kB
Mlocked:               0 kB
SwapTotal:        720184 kB
SwapFree:         719696 kB
Dirty:               112 kB
Writeback:             0 kB
AnonPages:        991076 kB
Mapped:           691300 kB
Shmem:             28624 kB
Slab:             113144 kB
SReclaimable:      36200 kB
SUnreclaim:        76944 kB
KernelStack:       34144 kB
PageTables:        55628 kB
NFS_Unstable:          0 kB
Bounce:                0 kB
WritebackTmp:          0 kB
CommitLimit:     2172840 kB
Committed_AS:   90000704 kB
VmallocTotal:   251658176 kB
VmallocUsed:      137780 kB
VmallocChunk:   251428908 kB
Time pass: 374 sec

---2015-12-17 16:44:23
MemTotal:        2905316 kB
MemFree:           63272 kB
Buffers:           21680 kB
Cached:          1040692 kB
SwapCached:            0 kB
Active:          1328296 kB
Inactive:         713632 kB
Active(anon):     818036 kB
Inactive(anon):   202928 kB
Active(file):     510260 kB
Inactive(file):   510704 kB
Unevictable:       12772 kB
Mlocked:               0 kB
SwapTotal:        720184 kB
SwapFree:         719696 kB
Dirty:               120 kB
Writeback:             0 kB
AnonPages:        992296 kB
Mapped:           691320 kB
Shmem:             28632 kB
Slab:             113108 kB
SReclaimable:      36200 kB
SUnreclaim:        76908 kB
KernelStack:       34144 kB
PageTables:        55632 kB
NFS_Unstable:          0 kB
Bounce:                0 kB
WritebackTmp:          0 kB
CommitLimit:     2172840 kB
Committed_AS:   90000668 kB
VmallocTotal:   251658176 kB
VmallocUsed:      137780 kB
VmallocChunk:   251428908 kB
Time pass: 378 sec

---2015-12-17 16:44:23
MemTotal:        2905316 kB
MemFree:           67168 kB
Buffers:           21688 kB
Cached:          1036936 kB
SwapCached:            0 kB
Active:          1325320 kB
Inactive:         712896 kB
Active(anon):     816788 kB
Inactive(anon):   204208 kB
Active(file):     508532 kB
Inactive(file):   508688 kB
Unevictable:       12772 kB
Mlocked:               0 kB
SwapTotal:        720184 kB
SwapFree:         719696 kB
Dirty:                64 kB
Writeback:             0 kB
AnonPages:        992348 kB
Mapped:           689688 kB
Shmem:             28632 kB
Slab:             113100 kB
SReclaimable:      36184 kB
SUnreclaim:        76916 kB
KernelStack:       34144 kB
PageTables:        55636 kB
NFS_Unstable:          0 kB
Bounce:                0 kB
WritebackTmp:          0 kB
CommitLimit:     2172840 kB
Committed_AS:   90000560 kB
VmallocTotal:   251658176 kB
VmallocUsed:      137780 kB
VmallocChunk:   251428908 kB
Time pass: 382 sec

---2015-12-17 16:44:23
MemTotal:        2905316 kB
MemFree:           67152 kB
Buffers:           21688 kB
Cached:          1036936 kB
SwapCached:            0 kB
Active:          1325364 kB
Inactive:         712896 kB
Active(anon):     816832 kB
Inactive(anon):   204208 kB
Active(file):     508532 kB
Inactive(file):   508688 kB
Unevictable:       12772 kB
Mlocked:               0 kB
SwapTotal:        720184 kB
SwapFree:         719696 kB
Dirty:                64 kB
Writeback:             0 kB
AnonPages:        992492 kB
Mapped:           689696 kB
Shmem:             28632 kB
Slab:             113236 kB
SReclaimable:      36184 kB
SUnreclaim:        77052 kB
KernelStack:       34128 kB
PageTables:        55632 kB
NFS_Unstable:          0 kB
Bounce:                0 kB
WritebackTmp:          0 kB
CommitLimit:     2172840 kB
Committed_AS:   90000680 kB
VmallocTotal:   251658176 kB
VmallocUsed:      137780 kB
VmallocChunk:   251428908 kB
Time pass: 386 sec

---2015-12-17 16:44:23
MemTotal:        2905316 kB
MemFree:           66120 kB
Buffers:           21712 kB
Cached:          1036968 kB
SwapCached:            0 kB
Active:          1327028 kB
Inactive:         712932 kB
