---2015-12-15 11:39:31
MemTotal:        1862952 kB
MemFree:          251228 kB
Buffers:            9028 kB
Cached:           695912 kB
SwapCached:         2776 kB
Active:           570484 kB
Inactive:         781328 kB
Active(anon):     333212 kB
Inactive(anon):   316864 kB
Active(file):     237272 kB
Inactive(file):   464464 kB
Unevictable:        1296 kB
Mlocked:               0 kB
HighTotal:       1436668 kB
HighFree:         115308 kB
LowTotal:         426284 kB
LowFree:          135920 kB
SwapTotal:       1048572 kB
SwapFree:        1024256 kB
Dirty:                 4 kB
Writeback:             0 kB
AnonPages:        646592 kB
Mapped:           339312 kB
Shmem:              1904 kB
Slab:              41144 kB
SReclaimable:      13868 kB
SUnreclaim:        27276 kB
KernelStack:       11680 kB
PageTables:        41728 kB
NFS_Unstable:          0 kB
Bounce:                0 kB
WritebackTmp:          0 kB
CommitLimit:     1980048 kB
Committed_AS:   85757964 kB
VmallocTotal:     458752 kB
VmallocUsed:      112776 kB
VmallocChunk:     159748 kB
Time pass: 3 sec

---2015-12-15 11:39:31
MemTotal:        1862952 kB
MemFree:          251096 kB
Buffers:            9028 kB
Cached:           695916 kB
SwapCached:         2776 kB
Active:           570696 kB
Inactive:         781268 kB
Active(anon):     333356 kB
Inactive(anon):   316864 kB
Active(file):     237340 kB
Inactive(file):   464404 kB
Unevictable:        1296 kB
Mlocked:               0 kB
HighTotal:       1436668 kB
HighFree:         115184 kB
LowTotal:         426284 kB
LowFree:          135912 kB
SwapTotal:       1048572 kB
SwapFree:        1024256 kB
Dirty:                 8 kB
Writeback:             0 kB
AnonPages:        646744 kB
Mapped:           339312 kB
Shmem:              1904 kB
Slab:              41144 kB
SReclaimable:      13868 kB
SUnreclaim:        27276 kB
KernelStack:       11680 kB
PageTables:        41728 kB
NFS_Unstable:          0 kB
Bounce:                0 kB
WritebackTmp:          0 kB
CommitLimit:     1980048 kB
Committed_AS:   85758036 kB
VmallocTotal:     458752 kB
VmallocUsed:      112776 kB
VmallocChunk:     159748 kB
Time pass: 7 sec

---2015-12-15 11:39:31
MemTotal:        1862952 kB
MemFree:          250856 kB
Buffers:            9028 kB
Cached:           695916 kB
SwapCached:         2776 kB
Active:           570880 kB
Inactive:         781248 kB
Active(anon):     333520 kB
Inactive(anon):   316864 kB
Active(file):     237360 kB
Inactive(file):   464384 kB
Unevictable:        1296 kB
Mlocked:               0 kB
HighTotal:       1436668 kB
HighFree:         114936 kB
LowTotal:         426284 kB
LowFree:          135920 kB
SwapTotal:       1048572 kB
SwapFree:        1024256 kB
Dirty:                 8 kB
Writeback:             0 kB
AnonPages:        646908 kB
Mapped:           339312 kB
Shmem:              1904 kB
Slab:              41144 kB
SReclaimable:      13868 kB
SUnreclaim:        27276 kB
KernelStack:       11680 kB
PageTables:        41728 kB
NFS_Unstable:          0 kB
Bounce:                0 kB
WritebackTmp:          0 kB
CommitLimit:     1980048 kB
Committed_AS:   85758244 kB
VmallocTotal:     458752 kB
VmallocUsed:      112776 kB
VmallocChunk:     159748 kB
Time pass: 10 sec

---2015-12-15 11:39:31
MemTotal:        1862952 kB
MemFree:          250696 kB
Buffers:            9036 kB
Cached:           695916 kB
SwapCached:         2776 kB
Active:           571064 kB
Inactive:         781240 kB
Active(anon):     333700 kB
Inactive(anon):   316856 kB
Active(file):     237364 kB
Inactive(file):   464384 kB
Unevictable:        1296 kB
Mlocked:               0 kB
HighTotal:       1436668 kB
HighFree:         114936 kB
LowTotal:         426284 kB
LowFree:          135760 kB
SwapTotal:       1048572 kB
SwapFree:        1024256 kB
Dirty:                12 kB
Writeback:             0 kB
AnonPages:        647048 kB
Mapped:           339312 kB
Shmem:              1904 kB
Slab:              41144 kB
SReclaimable:      13868 kB
SUnreclaim:        27276 kB
KernelStack:       11680 kB
PageTables:        41728 kB
NFS_Unstable:          0 kB
Bounce:                0 kB
WritebackTmp:          0 kB
CommitLimit:     1980048 kB
Committed_AS:   85758324 kB
VmallocTotal:     458752 kB
VmallocUsed:      112776 kB
VmallocChunk:     159748 kB
Time pass: 14 sec

---2015-12-15 11:39:31
MemTotal:        1862952 kB
MemFree:          250608 kB
Buffers:            9036 kB
Cached:           695916 kB
SwapCached:         2776 kB
Active:           571208 kB
Inactive:         781240 kB
Active(anon):     333844 kB
Inactive(anon):   316852 kB
Active(file):     237364 kB
Inactive(file):   464388 kB
Unevictable:        1296 kB
Mlocked:               0 kB
HighTotal:       1436668 kB
HighFree:         114688 kB
LowTotal:         426284 kB
LowFree:          135920 kB
SwapTotal:       1048572 kB
SwapFree:        1024256 kB
Dirty:                 4 kB
Writeback:             0 kB
AnonPages:        647192 kB
Mapped:           339312 kB
Shmem:              1904 kB
Slab:              41144 kB
SReclaimable:      13868 kB
SUnreclaim:        27276 kB
KernelStack:       11680 kB
PageTables:        41728 kB
NFS_Unstable:          0 kB
Bounce:                0 kB
WritebackTmp:          0 kB
CommitLimit:     1980048 kB
Committed_AS:   85758484 kB
VmallocTotal:     458752 kB
VmallocUsed:      112776 kB
VmallocChunk:     159748 kB
Time pass: 18 sec

---2015-12-15 11:39:31
MemTotal:        1862952 kB
MemFree:          250368 kB
Buffers:            9044 kB
Cached:           695916 kB
SwapCached:         2776 kB
Active:           571436 kB
Inactive:         781248 kB
Active(anon):     334072 kB
Inactive(anon):   316852 kB
Active(file):     237364 kB
Inactive(file):   464396 kB
Unevictable:        1296 kB
Mlocked:               0 kB
HighTotal:       1436668 kB
HighFree:         114440 kB
LowTotal:         426284 kB
LowFree:          135928 kB
SwapTotal:       1048572 kB
SwapFree:        1024256 kB
Dirty:                 4 kB
Writeback:             0 kB
AnonPages:        647404 kB
Mapped:           339312 kB
Shmem:              1904 kB
Slab:              41144 kB
SReclaimable:      13868 kB
SUnreclaim:        27276 kB
KernelStack:       11672 kB
PageTables:        41728 kB
NFS_Unstable:          0 kB
Bounce:                0 kB
WritebackTmp:          0 kB
CommitLimit:     1980048 kB
Committed_AS:   85758596 kB
VmallocTotal:     458752 kB
VmallocUsed:      112776 kB
VmallocChunk:     159748 kB
Time pass: 22 sec

---2015-12-15 11:39:31
MemTotal:        1862952 kB
MemFree:          179004 kB
Buffers:            9184 kB
Cached:           741160 kB
SwapCached:         2796 kB
Active:           587684 kB
Inactive:         823564 kB
Active(anon):     347408 kB
Inactive(anon):   316708 kB
Active(file):     240276 kB
Inactive(file):   506856 kB
Unevictable:        1296 kB
Mlocked:               0 kB
HighTotal:       1436668 kB
HighFree:          44532 kB
LowTotal:         426284 kB
LowFree:          134472 kB
SwapTotal:       1048572 kB
SwapFree:        1024280 kB
Dirty:               732 kB
Writeback:             0 kB
AnonPages:        660736 kB
Mapped:           355200 kB
Shmem:              1904 kB
Slab:              41156 kB
SReclaimable:      13904 kB
SUnreclaim:        27252 kB
KernelStack:       11864 kB
PageTables:        42388 kB
NFS_Unstable:          0 kB
Bounce:                0 kB
WritebackTmp:          0 kB
CommitLimit:     1980048 kB
Committed_AS:   87060288 kB
VmallocTotal:     458752 kB
VmallocUsed:      113852 kB
VmallocChunk:     159748 kB
Time pass: 25 sec

---2015-12-15 11:39:31
MemTotal:        1862952 kB
MemFree:           31460 kB
Buffers:            9492 kB
Cached:           755756 kB
SwapCached:         2832 kB
Active:           626424 kB
Inactive:         836684 kB
Active(anon):     384356 kB
Inactive(anon):   316820 kB
Active(file):     242068 kB
Inactive(file):   519864 kB
Unevictable:        1296 kB
Mlocked:               0 kB
HighTotal:       1436668 kB
HighFree:           1600 kB
LowTotal:         426284 kB
LowFree:           29860 kB
SwapTotal:       1048572 kB
SwapFree:        1024288 kB
Dirty:              1080 kB
Writeback:             0 kB
AnonPages:        697480 kB
Mapped:           382708 kB
Shmem:              2036 kB
Slab:              41624 kB
SReclaimable:      13952 kB
SUnreclaim:        27672 kB
KernelStack:       12256 kB
PageTables:        42860 kB
NFS_Unstable:          0 kB
Bounce:                0 kB
WritebackTmp:          0 kB
CommitLimit:     1980048 kB
Committed_AS:   87123564 kB
VmallocTotal:     458752 kB
VmallocUsed:      114292 kB
VmallocChunk:     159748 kB
Time pass: 29 sec

---2015-12-15 11:39:31
MemTotal:        1862952 kB
MemFree:           34284 kB
Buffers:            9500 kB
Cached:           718236 kB
SwapCached:         3124 kB
Active:           626944 kB
Inactive:         774452 kB
Active(anon):     334688 kB
Inactive(anon):   343232 kB
Active(file):     292256 kB
Inactive(file):   431220 kB
Unevictable:        2136 kB
Mlocked:               0 kB
HighTotal:       1436668 kB
HighFree:          10184 kB
LowTotal:         426284 kB
LowFree:           24100 kB
SwapTotal:       1048572 kB
SwapFree:        1011732 kB
Dirty:                68 kB
Writeback:             0 kB
AnonPages:        674084 kB
Mapped:           410620 kB
Shmem:              2032 kB
Slab:              41492 kB
SReclaimable:      13928 kB
SUnreclaim:        27564 kB
KernelStack:       12272 kB
PageTables:        43068 kB
NFS_Unstable:          0 kB
Bounce:                0 kB
WritebackTmp:          0 kB
CommitLimit:     1980048 kB
Committed_AS:   87139276 kB
VmallocTotal:     458752 kB
VmallocUsed:      114620 kB
VmallocChunk:     159748 kB
Time pass: 33 sec

---2015-12-15 11:39:31
MemTotal:        1862952 kB
MemFree:           35920 kB
Buffers:            9508 kB
Cached:           718584 kB
SwapCached:         3124 kB
Active:           627112 kB
Inactive:         774712 kB
Active(anon):     334780 kB
Inactive(anon):   343124 kB
Active(file):     292332 kB
Inactive(file):   431588 kB
Unevictable:        2140 kB
Mlocked:               0 kB
HighTotal:       1436668 kB
HighFree:          11228 kB
LowTotal:         426284 kB
LowFree:           24692 kB
SwapTotal:       1048572 kB
SwapFree:        1011732 kB
Dirty:                48 kB
Writeback:             0 kB
AnonPages:        674000 kB
Mapped:           410728 kB
Shmem:              2032 kB
Slab:              41552 kB
SReclaimable:      13912 kB
SUnreclaim:        27640 kB
KernelStack:       12232 kB
PageTables:        43112 kB
NFS_Unstable:          0 kB
Bounce:                0 kB
WritebackTmp:          0 kB
CommitLimit:     1980048 kB
Committed_AS:   87139452 kB
VmallocTotal:     458752 kB
VmallocUsed:      114380 kB
VmallocChunk:     159748 kB
Time pass: 37 sec

---2015-12-15 11:39:31
MemTotal:        1862952 kB
MemFree:           34292 kB
Buffers:            9516 kB
Cached:           718624 kB
SwapCached:         3132 kB
Active:           634520 kB
Inactive:         774184 kB
Active(anon):     341692 kB
Inactive(anon):   343120 kB
Active(file):     292828 kB
Inactive(file):   431064 kB
Unevictable:        2140 kB
Mlocked:               0 kB
HighTotal:       1436668 kB
HighFree:           9928 kB
LowTotal:         426284 kB
LowFree:           24364 kB
SwapTotal:       1048572 kB
SwapFree:        1011732 kB
Dirty:               760 kB
Writeback:             0 kB
AnonPages:        680928 kB
Mapped:           410160 kB
Shmem:              2032 kB
Slab:              41524 kB
SReclaimable:      13912 kB
SUnreclaim:        27612 kB
KernelStack:       12320 kB
PageTables:        43112 kB
NFS_Unstable:          0 kB
Bounce:                0 kB
WritebackTmp:          0 kB
CommitLimit:     1980048 kB
Committed_AS:   87139644 kB
VmallocTotal:     458752 kB
VmallocUsed:      114512 kB
VmallocChunk:     159748 kB
Time pass: 41 sec

---2015-12-15 11:39:31
MemTotal:        1862952 kB
MemFree:           25196 kB
Buffers:            9536 kB
Cached:           701076 kB
SwapCached:         3184 kB
Active:           639056 kB
Inactive:         747480 kB
Active(anon):     340064 kB
Inactive(anon):   340444 kB
Active(file):     298992 kB
Inactive(file):   407036 kB
Unevictable:        2140 kB
Mlocked:               0 kB
HighTotal:       1436668 kB
HighFree:            404 kB
LowTotal:         426284 kB
LowFree:           24792 kB
SwapTotal:       1048572 kB
SwapFree:        1005720 kB
Dirty:               800 kB
Writeback:             0 kB
AnonPages:        676464 kB
Mapped:           417284 kB
Shmem:              2032 kB
Slab:              41560 kB
SReclaimable:      13936 kB
SUnreclaim:        27624 kB
KernelStack:       12336 kB
PageTables:        43152 kB
NFS_Unstable:          0 kB
Bounce:                0 kB
WritebackTmp:          0 kB
CommitLimit:     1980048 kB
Committed_AS:   87143340 kB
VmallocTotal:     458752 kB
VmallocUsed:      114748 kB
VmallocChunk:     159748 kB
Time pass: 44 sec

---2015-12-15 11:39:31
MemTotal:        1862952 kB
MemFree:           31060 kB
Buffers:            9536 kB
Cached:           680604 kB
SwapCached:         3216 kB
Active:           643676 kB
Inactive:         726816 kB
Active(anon):     342208 kB
Inactive(anon):   342316 kB
Active(file):     301468 kB
Inactive(file):   384500 kB
Unevictable:        2140 kB
Mlocked:               0 kB
HighTotal:       1436668 kB
HighFree:           5872 kB
LowTotal:         426284 kB
LowFree:           25188 kB
SwapTotal:       1048572 kB
SwapFree:        1001824 kB
Dirty:                 4 kB
Writeback:             0 kB
AnonPages:        680500 kB
Mapped:           424460 kB
Shmem:              2032 kB
Slab:              41700 kB
SReclaimable:      13944 kB
SUnreclaim:        27756 kB
KernelStack:       12280 kB
PageTables:        43316 kB
NFS_Unstable:          0 kB
Bounce:                0 kB
WritebackTmp:          0 kB
CommitLimit:     1980048 kB
Committed_AS:   87156972 kB
VmallocTotal:     458752 kB
VmallocUsed:      114548 kB
VmallocChunk:     159748 kB
Time pass: 48 sec

---2015-12-15 11:39:31
MemTotal:        1862952 kB
MemFree:           51048 kB
Buffers:            9544 kB
Cached:           674036 kB
SwapCached:         3244 kB
Active:           646824 kB
Inactive:         721332 kB
Active(anon):     344592 kB
Inactive(anon):   344160 kB
Active(file):     302232 kB
Inactive(file):   377172 kB
Unevictable:        2140 kB
Mlocked:               0 kB
HighTotal:       1436668 kB
HighFree:          19940 kB
LowTotal:         426284 kB
LowFree:           31108 kB
SwapTotal:       1048572 kB
SwapFree:        1001520 kB
Dirty:               124 kB
Writeback:             0 kB
AnonPages:        684792 kB
Mapped:           421592 kB
Shmem:              2032 kB
Slab:              41708 kB
SReclaimable:      13944 kB
SUnreclaim:        27764 kB
KernelStack:       12312 kB
PageTables:        43268 kB
NFS_Unstable:          0 kB
Bounce:                0 kB
WritebackTmp:          0 kB
CommitLimit:     1980048 kB
Committed_AS:   87164172 kB
VmallocTotal:     458752 kB
VmallocUsed:      114608 kB
VmallocChunk:     159748 kB
Time pass: 51 sec

---2015-12-15 11:39:31
MemTotal:        1862952 kB
MemFree:           30716 kB
Buffers:            9564 kB
Cached:           644544 kB
SwapCached:         3292 kB
Active:           660664 kB
Inactive:         699008 kB
Active(anon):     355316 kB
Inactive(anon):   354436 kB
Active(file):     305348 kB
Inactive(file):   344572 kB
Unevictable:        2140 kB
Mlocked:               0 kB
HighTotal:       1436668 kB
HighFree:           4248 kB
LowTotal:         426284 kB
LowFree:           26468 kB
SwapTotal:       1048572 kB
SwapFree:         999312 kB
Dirty:              1248 kB
Writeback:             0 kB
AnonPages:        705748 kB
Mapped:           448688 kB
Shmem:              2032 kB
Slab:              41800 kB
SReclaimable:      13992 kB
SUnreclaim:        27808 kB
KernelStack:       12384 kB
PageTables:        43336 kB
NFS_Unstable:          0 kB
Bounce:                0 kB
WritebackTmp:          0 kB
CommitLimit:     1980048 kB
Committed_AS:   87177948 kB
VmallocTotal:     458752 kB
VmallocUsed:      114736 kB
VmallocChunk:     159748 kB
Time pass: 56 sec

---2015-12-15 11:39:31
MemTotal:        1862952 kB
MemFree:           30964 kB
Buffers:            9632 kB
Cached:           638488 kB
SwapCached:         3608 kB
Active:           654344 kB
Inactive:         694476 kB
Active(anon):     348640 kB
Inactive(anon):   356248 kB
Active(file):     305704 kB
Inactive(file):   338228 kB
Unevictable:        2140 kB
Mlocked:               0 kB
HighTotal:       1436668 kB
HighFree:           5272 kB
LowTotal:         426284 kB
LowFree:           25692 kB
SwapTotal:       1048572 kB
SwapFree:         998468 kB
Dirty:              6864 kB
Writeback:             0 kB
AnonPages:        700480 kB
Mapped:           459492 kB
Shmem:              2032 kB
Slab:              42164 kB
SReclaimable:      14108 kB
SUnreclaim:        28056 kB
KernelStack:       12320 kB
PageTables:        43424 kB
NFS_Unstable:          0 kB
Bounce:                0 kB
WritebackTmp:          0 kB
CommitLimit:     1980048 kB
Committed_AS:   87190964 kB
VmallocTotal:     458752 kB
VmallocUsed:      114712 kB
VmallocChunk:     159748 kB
Time pass: 60 sec

---2015-12-15 11:39:31
MemTotal:        1862952 kB
MemFree:           30376 kB
Buffers:            9636 kB
Cached:           638848 kB
SwapCached:         3608 kB
Active:           654632 kB
Inactive:         694808 kB
Active(anon):     348884 kB
Inactive(anon):   356244 kB
Active(file):     305748 kB
Inactive(file):   338564 kB
Unevictable:        2140 kB
Mlocked:               0 kB
HighTotal:       1436668 kB
HighFree:           4652 kB
LowTotal:         426284 kB
LowFree:           25724 kB
SwapTotal:       1048572 kB
SwapFree:         998468 kB
Dirty:                 0 kB
Writeback:             0 kB
AnonPages:        700784 kB
Mapped:           459872 kB
Shmem:              2032 kB
Slab:              42128 kB
SReclaimable:      14104 kB
SUnreclaim:        28024 kB
KernelStack:       12320 kB
PageTables:        43424 kB
NFS_Unstable:          0 kB
Bounce:                0 kB
WritebackTmp:          0 kB
CommitLimit:     1980048 kB
Committed_AS:   87191044 kB
VmallocTotal:     458752 kB
VmallocUsed:      114712 kB
VmallocChunk:     159748 kB
Time pass: 64 sec

---2015-12-15 11:39:31
MemTotal:        1862952 kB
MemFree:           34660 kB
Buffers:            9644 kB
Cached:           636092 kB
SwapCached:         3628 kB
Active:           650124 kB
Inactive:         691148 kB
Active(anon):     344352 kB
Inactive(anon):   355356 kB
Active(file):     305772 kB
Inactive(file):   335792 kB
Unevictable:        2140 kB
Mlocked:               0 kB
HighTotal:       1436668 kB
HighFree:           9152 kB
LowTotal:         426284 kB
LowFree:           25508 kB
SwapTotal:       1048572 kB
SwapFree:         998156 kB
Dirty:               240 kB
Writeback:             0 kB
AnonPages:        695344 kB
Mapped:           461620 kB
Shmem:              2032 kB
Slab:              42116 kB
SReclaimable:      14100 kB
SUnreclaim:        28016 kB
KernelStack:       12320 kB
PageTables:        43428 kB
NFS_Unstable:          0 kB
Bounce:                0 kB
WritebackTmp:          0 kB
CommitLimit:     1980048 kB
Committed_AS:   87191284 kB
VmallocTotal:     458752 kB
VmallocUsed:      114712 kB
VmallocChunk:     159748 kB
Time pass: 67 sec

---2015-12-15 11:39:31
MemTotal:        1862952 kB
MemFree:           34396 kB
Buffers:            9652 kB
Cached:           636084 kB
SwapCached:         3628 kB
Active:           650372 kB
Inactive:         691148 kB
Active(anon):     344600 kB
Inactive(anon):   355356 kB
Active(file):     305772 kB
Inactive(file):   335792 kB
Unevictable:        2140 kB
Mlocked:               0 kB
HighTotal:       1436668 kB
HighFree:           8904 kB
LowTotal:         426284 kB
LowFree:           25492 kB
SwapTotal:       1048572 kB
SwapFree:         998156 kB
Dirty:                40 kB
Writeback:             0 kB
AnonPages:        695576 kB
Mapped:           461624 kB
Shmem:              2032 kB
Slab:              42116 kB
SReclaimable:      14100 kB
SUnreclaim:        28016 kB
KernelStack:       12320 kB
PageTables:        43428 kB
NFS_Unstable:          0 kB
Bounce:                0 kB
WritebackTmp:          0 kB
CommitLimit:     1980048 kB
Committed_AS:   87191484 kB
VmallocTotal:     458752 kB
VmallocUsed:      114712 kB
VmallocChunk:     159748 kB
Time pass: 71 sec

---2015-12-15 11:39:31
MemTotal:        1862952 kB
MemFree:           54516 kB
Buffers:            9652 kB
Cached:           612104 kB
SwapCached:         4152 kB
Active:           657400 kB
Inactive:         666784 kB
Active(anon):     349132 kB
Inactive(anon):   357420 kB
Active(file):     308268 kB
Inactive(file):   309364 kB
Unevictable:        2140 kB
Mlocked:               0 kB
HighTotal:       1436668 kB
HighFree:          17152 kB
LowTotal:         426284 kB
LowFree:           37364 kB
SwapTotal:       1048572 kB
SwapFree:         996480 kB
Dirty:               564 kB
Writeback:             0 kB
AnonPages:        701716 kB
Mapped:           474660 kB
Shmem:              2032 kB
Slab:              42220 kB
SReclaimable:      14104 kB
SUnreclaim:        28116 kB
KernelStack:       12384 kB
PageTables:        43372 kB
NFS_Unstable:          0 kB
Bounce:                0 kB
WritebackTmp:          0 kB
CommitLimit:     1980048 kB
Committed_AS:   87191884 kB
VmallocTotal:     458752 kB
VmallocUsed:      114956 kB
VmallocChunk:     159748 kB
Time pass: 75 sec

---2015-12-15 11:39:31
MemTotal:        1862952 kB
MemFree:           29388 kB
Buffers:            9660 kB
Cached:           610244 kB
SwapCached:         4192 kB
Active:           664640 kB
Inactive:         665700 kB
Active(anon):     357340 kB
Inactive(anon):   357460 kB
Active(file):     307300 kB
Inactive(file):   308240 kB
Unevictable:        2308 kB
Mlocked:               0 kB
HighTotal:       1436668 kB
HighFree:           4056 kB
LowTotal:         426284 kB
LowFree:           25332 kB
SwapTotal:       1048572 kB
SwapFree:         995672 kB
Dirty:               720 kB
Writeback:             0 kB
AnonPages:        709692 kB
Mapped:           479824 kB
Shmem:              2032 kB
Slab:              42196 kB
SReclaimable:      14096 kB
SUnreclaim:        28100 kB
KernelStack:       12376 kB
PageTables:        43428 kB
NFS_Unstable:          0 kB
Bounce:                0 kB
WritebackTmp:          0 kB
CommitLimit:     1980048 kB
Committed_AS:   87190564 kB
VmallocTotal:     458752 kB
VmallocUsed:      115036 kB
VmallocChunk:     159748 kB
Time pass: 78 sec

---2015-12-15 11:39:31
MemTotal:        1862952 kB
MemFree:           29284 kB
Buffers:            9692 kB
Cached:           605232 kB
SwapCached:         4192 kB
Active:           664796 kB
Inactive:         665468 kB
Active(anon):     359832 kB
Inactive(anon):   359968 kB
Active(file):     304964 kB
Inactive(file):   305500 kB
Unevictable:        2368 kB
Mlocked:               0 kB
HighTotal:       1436668 kB
HighFree:           3796 kB
LowTotal:         426284 kB
LowFree:           25488 kB
SwapTotal:       1048572 kB
SwapFree:         994180 kB
Dirty:                92 kB
Writeback:             0 kB
AnonPages:        715076 kB
Mapped:           480372 kB
Shmem:              2032 kB
Slab:              42220 kB
SReclaimable:      14132 kB
SUnreclaim:        28088 kB
KernelStack:       12488 kB
PageTables:        43468 kB
NFS_Unstable:          0 kB
Bounce:                0 kB
WritebackTmp:          0 kB
CommitLimit:     1980048 kB
Committed_AS:   87196940 kB
VmallocTotal:     458752 kB
VmallocUsed:      115036 kB
VmallocChunk:     159748 kB
Time pass: 82 sec

---2015-12-15 11:39:31
MemTotal:        1862952 kB
MemFree:           29944 kB
Buffers:            9740 kB
Cached:           578196 kB
SwapCached:         4360 kB
Active:           661504 kB
Inactive:         651968 kB
Active(anon):     369684 kB
Inactive(anon):   360412 kB
Active(file):     291820 kB
Inactive(file):   291556 kB
Unevictable:        2372 kB
Mlocked:               0 kB
HighTotal:       1436668 kB
HighFree:           4212 kB
LowTotal:         426284 kB
LowFree:           25732 kB
SwapTotal:       1048572 kB
SwapFree:         991360 kB
Dirty:                40 kB
Writeback:             0 kB
AnonPages:        724860 kB
Mapped:           478716 kB
Shmem:              2180 kB
Slab:              42476 kB
SReclaimable:      14172 kB
SUnreclaim:        28304 kB
KernelStack:       12632 kB
PageTables:        43688 kB
NFS_Unstable:          0 kB
Bounce:                0 kB
WritebackTmp:          0 kB
CommitLimit:     1980048 kB
Committed_AS:   87222888 kB
VmallocTotal:     458752 kB
VmallocUsed:      118840 kB
VmallocChunk:     159748 kB
Time pass: 86 sec

---2015-12-15 11:39:31
MemTotal:        1862952 kB
MemFree:           29120 kB
Buffers:            9740 kB
Cached:           548928 kB
SwapCached:         4448 kB
Active:           641948 kB
Inactive:         640820 kB
Active(anon):     365012 kB
Inactive(anon):   363696 kB
Active(file):     276936 kB
Inactive(file):   277124 kB
Unevictable:        2372 kB
Mlocked:               0 kB
HighTotal:       1436668 kB
HighFree:           4872 kB
LowTotal:         426284 kB
LowFree:           24248 kB
SwapTotal:       1048572 kB
SwapFree:         987912 kB
Dirty:                 0 kB
Writeback:             0 kB
AnonPages:        723392 kB
Mapped:           478812 kB
Shmem:              2236 kB
Slab:              42764 kB
SReclaimable:      14172 kB
SUnreclaim:        28592 kB
KernelStack:       12632 kB
PageTables:        43908 kB
NFS_Unstable:          0 kB
Bounce:                0 kB
WritebackTmp:          0 kB
CommitLimit:     1980048 kB
Committed_AS:   87225088 kB
VmallocTotal:     458752 kB
VmallocUsed:      122680 kB
VmallocChunk:     159748 kB
Time pass: 90 sec

---2015-12-15 11:39:31
MemTotal:        1862952 kB
MemFree:           28520 kB
Buffers:            9764 kB
Cached:           549000 kB
SwapCached:         4448 kB
Active:           642232 kB
Inactive:         640916 kB
Active(anon):     365296 kB
Inactive(anon):   363788 kB
Active(file):     276936 kB
Inactive(file):   277128 kB
Unevictable:        2372 kB
Mlocked:               0 kB
HighTotal:       1436668 kB
HighFree:           4724 kB
LowTotal:         426284 kB
LowFree:           23796 kB
SwapTotal:       1048572 kB
SwapFree:         987924 kB
Dirty:                36 kB
Writeback:             0 kB
AnonPages:        723780 kB
Mapped:           478764 kB
Shmem:              2324 kB
Slab:              42812 kB
SReclaimable:      14172 kB
SUnreclaim:        28640 kB
KernelStack:       12584 kB
PageTables:        43900 kB
NFS_Unstable:          0 kB
Bounce:                0 kB
WritebackTmp:          0 kB
CommitLimit:     1980048 kB
Committed_AS:   87225168 kB
VmallocTotal:     458752 kB
VmallocUsed:      122680 kB
VmallocChunk:     159748 kB
Time pass: 94 sec

---2015-12-15 11:39:31
MemTotal:        1862952 kB
MemFree:           27596 kB
Buffers:            9764 kB
Cached:           549016 kB
SwapCached:         4448 kB
Active:           643256 kB
Inactive:         640944 kB
Active(anon):     366320 kB
Inactive(anon):   363796 kB
Active(file):     276936 kB
Inactive(file):   277148 kB
Unevictable:        2372 kB
Mlocked:               0 kB
HighTotal:       1436668 kB
HighFree:           3832 kB
LowTotal:         426284 kB
LowFree:           23764 kB
SwapTotal:       1048572 kB
SwapFree:         987928 kB
Dirty:                 4 kB
Writeback:             0 kB
AnonPages:        724852 kB
Mapped:           478764 kB
Shmem:              2324 kB
Slab:              42792 kB
SReclaimable:      14172 kB
SUnreclaim:        28620 kB
KernelStack:       12584 kB
PageTables:        43900 kB
NFS_Unstable:          0 kB
Bounce:                0 kB
WritebackTmp:          0 kB
CommitLimit:     1980048 kB
Committed_AS:   87225256 kB
VmallocTotal:     458752 kB
VmallocUsed:      122680 kB
VmallocChunk:     159748 kB
Time pass: 97 sec

---2015-12-15 11:39:31
MemTotal:        1862952 kB
MemFree:           28476 kB
Buffers:            9772 kB
Cached:           549044 kB
SwapCached:         4464 kB
Active:           642784 kB
Inactive:         640988 kB
Active(anon):     365844 kB
Inactive(anon):   363808 kB
Active(file):     276940 kB
Inactive(file):   277180 kB
Unevictable:        2372 kB
Mlocked:               0 kB
HighTotal:       1436668 kB
HighFree:           4484 kB
LowTotal:         426284 kB
LowFree:           23992 kB
SwapTotal:       1048572 kB
SwapFree:         987972 kB
Dirty:                32 kB
Writeback:             0 kB
AnonPages:        724292 kB
Mapped:           478892 kB
Shmem:              2324 kB
Slab:              42684 kB
SReclaimable:      14172 kB
SUnreclaim:        28512 kB
KernelStack:       12584 kB
PageTables:        43900 kB
NFS_Unstable:          0 kB
Bounce:                0 kB
WritebackTmp:          0 kB
CommitLimit:     1980048 kB
Committed_AS:   87225400 kB
VmallocTotal:     458752 kB
VmallocUsed:      122600 kB
VmallocChunk:     159748 kB
Time pass: 101 sec

---2015-12-15 11:39:31
MemTotal:        1862952 kB
MemFree:           29012 kB
Buffers:            9788 kB
Cached:           546400 kB
SwapCached:         4484 kB
Active:           641056 kB
Inactive:         641576 kB
Active(anon):     365308 kB
Inactive(anon):   365832 kB
Active(file):     275748 kB
Inactive(file):   275744 kB
Unevictable:        2372 kB
Mlocked:               0 kB
HighTotal:       1436668 kB
HighFree:           4996 kB
LowTotal:         426284 kB
LowFree:           24016 kB
SwapTotal:       1048572 kB
SwapFree:         987128 kB
Dirty:                48 kB
Writeback:             0 kB
AnonPages:        725796 kB
Mapped:           478828 kB
Shmem:              2324 kB
Slab:              42732 kB
SReclaimable:      14180 kB
SUnreclaim:        28552 kB
KernelStack:       12584 kB
PageTables:        43908 kB
NFS_Unstable:          0 kB
Bounce:                0 kB
WritebackTmp:          0 kB
CommitLimit:     1980048 kB
Committed_AS:   87228608 kB
VmallocTotal:     458752 kB
VmallocUsed:      122600 kB
VmallocChunk:     159748 kB
Time pass: 105 sec

---2015-12-15 11:39:31
MemTotal:        1862952 kB
MemFree:           28544 kB
Buffers:            9804 kB
Cached:           546420 kB
SwapCached:         4484 kB
Active:           641844 kB
Inactive:         641592 kB
Active(anon):     366092 kB
Inactive(anon):   365836 kB
Active(file):     275752 kB
Inactive(file):   275756 kB
Unevictable:        2372 kB
Mlocked:               0 kB
HighTotal:       1436668 kB
HighFree:           4628 kB
LowTotal:         426284 kB
LowFree:           23916 kB
SwapTotal:       1048572 kB
SwapFree:         987136 kB
Dirty:                 4 kB
Writeback:             0 kB
AnonPages:        726616 kB
Mapped:           478852 kB
Shmem:              2344 kB
Slab:              42720 kB
SReclaimable:      14188 kB
SUnreclaim:        28532 kB
KernelStack:       12592 kB
PageTables:        43912 kB
NFS_Unstable:          0 kB
Bounce:                0 kB
WritebackTmp:          0 kB
CommitLimit:     1980048 kB
Committed_AS:   87228720 kB
VmallocTotal:     458752 kB
VmallocUsed:      122600 kB
VmallocChunk:     159748 kB
Time pass: 108 sec

---2015-12-15 11:39:31
MemTotal:        1862952 kB
MemFree:           26780 kB
Buffers:            9812 kB
Cached:           547520 kB
SwapCached:         4484 kB
Active:           642564 kB
Inactive:         642872 kB
Active(anon):     366812 kB
Inactive(anon):   365996 kB
Active(file):     275752 kB
Inactive(file):   276876 kB
Unevictable:        2372 kB
Mlocked:               0 kB
HighTotal:       1436668 kB
HighFree:           2508 kB
LowTotal:         426284 kB
LowFree:           24272 kB
SwapTotal:       1048572 kB
SwapFree:         987144 kB
Dirty:                32 kB
Writeback:             0 kB
AnonPages:        727400 kB
Mapped:           478916 kB
Shmem:              2344 kB
Slab:              42684 kB
SReclaimable:      14156 kB
SUnreclaim:        28528 kB
KernelStack:       12608 kB
PageTables:        43912 kB
NFS_Unstable:          0 kB
Bounce:                0 kB
WritebackTmp:          0 kB
CommitLimit:     1980048 kB
Committed_AS:   87230568 kB
VmallocTotal:     458752 kB
VmallocUsed:      122680 kB
VmallocChunk:     159748 kB
Time pass: 112 sec

---2015-12-15 11:39:31
MemTotal:        1862952 kB
MemFree:           74200 kB
Buffers:            9812 kB
Cached:           543740 kB
SwapCached:         4560 kB
Active:           638420 kB
Inactive:         637988 kB
Active(anon):     361220 kB
Inactive(anon):   366040 kB
Active(file):     277200 kB
Inactive(file):   271948 kB
Unevictable:        2372 kB
Mlocked:               0 kB
HighTotal:       1436668 kB
HighFree:          44624 kB
LowTotal:         426284 kB
LowFree:           29576 kB
SwapTotal:       1048572 kB
SwapFree:         982752 kB
Dirty:                36 kB
Writeback:             0 kB
AnonPages:        722184 kB
Mapped:           478560 kB
Shmem:              2032 kB
Slab:              42724 kB
SReclaimable:      14148 kB
SUnreclaim:        28576 kB
KernelStack:       12440 kB
PageTables:        44000 kB
NFS_Unstable:          0 kB
Bounce:                0 kB
WritebackTmp:          0 kB
CommitLimit:     1980048 kB
Committed_AS:   88662148 kB
VmallocTotal:     458752 kB
VmallocUsed:      116020 kB
VmallocChunk:     159748 kB
Time pass: 116 sec

---2015-12-15 11:39:31
MemTotal:        1862952 kB
MemFree:          394852 kB
Buffers:            9868 kB
Cached:           544480 kB
SwapCached:         4572 kB
Active:           537704 kB
Inactive:         635692 kB
Active(anon):     260212 kB
Inactive(anon):   363128 kB
Active(file):     277492 kB
Inactive(file):   272564 kB
Unevictable:        2372 kB
Mlocked:               0 kB
HighTotal:       1436668 kB
HighFree:         277936 kB
LowTotal:         426284 kB
LowFree:          116916 kB
SwapTotal:       1048572 kB
SwapFree:         982832 kB
Dirty:                40 kB
Writeback:             0 kB
AnonPages:        618292 kB
Mapped:           326156 kB
Shmem:              1900 kB
Slab:              42716 kB
SReclaimable:      14132 kB
SUnreclaim:        28584 kB
KernelStack:       11632 kB
PageTables:        41292 kB
NFS_Unstable:          0 kB
Bounce:                0 kB
WritebackTmp:          0 kB
CommitLimit:     1980048 kB
Committed_AS:   84555928 kB
VmallocTotal:     458752 kB
VmallocUsed:      111844 kB
VmallocChunk:     159748 kB
Time pass: 119 sec

---2015-12-15 11:39:31
MemTotal:        1862952 kB
MemFree:          394984 kB
Buffers:            9876 kB
Cached:           544476 kB
SwapCached:         4572 kB
Active:           537568 kB
Inactive:         635712 kB
Active(anon):     260072 kB
Inactive(anon):   363128 kB
Active(file):     277496 kB
Inactive(file):   272584 kB
Unevictable:        2372 kB
Mlocked:               0 kB
HighTotal:       1436668 kB
HighFree:         278060 kB
LowTotal:         426284 kB
LowFree:          116924 kB
SwapTotal:       1048572 kB
SwapFree:         982832 kB
Dirty:                 4 kB
Writeback:             0 kB
AnonPages:        618140 kB
Mapped:           326160 kB
Shmem:              1900 kB
Slab:              42688 kB
SReclaimable:      14132 kB
SUnreclaim:        28556 kB
KernelStack:       11632 kB
PageTables:        41292 kB
NFS_Unstable:          0 kB
Bounce:                0 kB
WritebackTmp:          0 kB
CommitLimit:     1980048 kB
Committed_AS:   84556056 kB
VmallocTotal:     458752 kB
VmallocUsed:      111844 kB
VmallocChunk:     159748 kB
Time pass: 123 sec

---2015-12-15 11:39:31
MemTotal:        1862952 kB
MemFree:          397632 kB
Buffers:            9884 kB
Cached:           544480 kB
SwapCached:         4648 kB
Active:           535540 kB
Inactive:         635332 kB
Active(anon):     258044 kB
Inactive(anon):   362736 kB
Active(file):     277496 kB
Inactive(file):   272596 kB
Unevictable:        2372 kB
Mlocked:               0 kB
HighTotal:       1436668 kB
HighFree:         279672 kB
LowTotal:         426284 kB
LowFree:          117960 kB
SwapTotal:       1048572 kB
SwapFree:         982872 kB
Dirty:                56 kB
Writeback:             0 kB
AnonPages:        615700 kB
Mapped:           326164 kB
Shmem:              1900 kB
Slab:              42688 kB
SReclaimable:      14132 kB
SUnreclaim:        28556 kB
KernelStack:       11432 kB
PageTables:        41276 kB
NFS_Unstable:          0 kB
Bounce:                0 kB
WritebackTmp:          0 kB
CommitLimit:     1980048 kB
Committed_AS:   84555288 kB
VmallocTotal:     458752 kB
VmallocUsed:      111844 kB
VmallocChunk:     159748 kB
Time pass: 127 sec

---2015-12-15 11:39:31
MemTotal:        1862952 kB
MemFree:          398500 kB
Buffers:            9888 kB
Cached:           544540 kB
SwapCached:         4656 kB
Active:           535504 kB
Inactive:         634536 kB
Active(anon):     258008 kB
Inactive(anon):   361884 kB
Active(file):     277496 kB
Inactive(file):   272652 kB
Unevictable:        2372 kB
Mlocked:               0 kB
HighTotal:       1436668 kB
HighFree:         279920 kB
LowTotal:         426284 kB
LowFree:          118580 kB
SwapTotal:       1048572 kB
SwapFree:         982908 kB
Dirty:                56 kB
Writeback:             0 kB
AnonPages:        614840 kB
Mapped:           326164 kB
Shmem:              1900 kB
Slab:              42684 kB
SReclaimable:      14132 kB
SUnreclaim:        28552 kB
KernelStack:       11304 kB
PageTables:        41244 kB
NFS_Unstable:          0 kB
Bounce:                0 kB
WritebackTmp:          0 kB
CommitLimit:     1980048 kB
Committed_AS:   84554736 kB
VmallocTotal:     458752 kB
VmallocUsed:      111844 kB
VmallocChunk:     159748 kB
Time pass: 130 sec

---2015-12-15 11:39:31
MemTotal:        1862952 kB
MemFree:          398412 kB
Buffers:            9896 kB
Cached:           544540 kB
SwapCached:         4656 kB
Active:           535628 kB
Inactive:         634552 kB
Active(anon):     258128 kB
Inactive(anon):   361892 kB
Active(file):     277500 kB
Inactive(file):   272660 kB
Unevictable:        2372 kB
Mlocked:               0 kB
HighTotal:       1436668 kB
HighFree:         279672 kB
LowTotal:         426284 kB
LowFree:          118740 kB
SwapTotal:       1048572 kB
SwapFree:         982916 kB
Dirty:                12 kB
Writeback:             0 kB
AnonPages:        614984 kB
Mapped:           326164 kB
Shmem:              1900 kB
Slab:              42684 kB
SReclaimable:      14132 kB
SUnreclaim:        28552 kB
KernelStack:       11304 kB
PageTables:        41248 kB
NFS_Unstable:          0 kB
Bounce:                0 kB
WritebackTmp:          0 kB
CommitLimit:     1980048 kB
Committed_AS:   84554816 kB
VmallocTotal:     458752 kB
VmallocUsed:      111844 kB
VmallocChunk:     159748 kB
Time pass: 134 sec

---2015-12-15 11:39:31
MemTotal:        1862952 kB
MemFree:          398136 kB
Buffers:            9896 kB
Cached:           544592 kB
SwapCached:         4656 kB
Active:           535784 kB
Inactive:         634584 kB
Active(anon):     258284 kB
Inactive(anon):   361868 kB
Active(file):     277500 kB
Inactive(file):   272716 kB
Unevictable:        2372 kB
Mlocked:               0 kB
HighTotal:       1436668 kB
HighFree:         279548 kB
LowTotal:         426284 kB
LowFree:          118588 kB
SwapTotal:       1048572 kB
SwapFree:         982928 kB
Dirty:                 4 kB
Writeback:             0 kB
AnonPages:        615088 kB
Mapped:           326172 kB
Shmem:              1900 kB
Slab:              42684 kB
SReclaimable:      14132 kB
SUnreclaim:        28552 kB
KernelStack:       11296 kB
PageTables:        41248 kB
NFS_Unstable:          0 kB
Bounce:                0 kB
WritebackTmp:          0 kB
CommitLimit:     1980048 kB
Committed_AS:   84554856 kB
VmallocTotal:     458752 kB
VmallocUsed:      111844 kB
VmallocChunk:     159748 kB
Time pass: 138 sec

---2015-12-15 11:39:31
MemTotal:        1862952 kB
MemFree:          398040 kB
Buffers:            9904 kB
Cached:           544584 kB
SwapCached:         4656 kB
Active:           535988 kB
Inactive:         634588 kB
Active(anon):     258488 kB
Inactive(anon):   361872 kB
Active(file):     277500 kB
Inactive(file):   272716 kB
Unevictable:        2372 kB
Mlocked:               0 kB
HighTotal:       1436668 kB
HighFree:         279300 kB
LowTotal:         426284 kB
LowFree:          118740 kB
SwapTotal:       1048572 kB
SwapFree:         982932 kB
Dirty:                 4 kB
Writeback:             0 kB
AnonPages:        615340 kB
Mapped:           326172 kB
Shmem:              1900 kB
Slab:              42680 kB
SReclaimable:      14132 kB
SUnreclaim:        28548 kB
KernelStack:       11296 kB
PageTables:        41248 kB
NFS_Unstable:          0 kB
Bounce:                0 kB
WritebackTmp:          0 kB
CommitLimit:     1980048 kB
Committed_AS:   84555048 kB
VmallocTotal:     458752 kB
VmallocUsed:      111844 kB
VmallocChunk:     159748 kB
Time pass: 141 sec

---2015-12-15 11:39:31
MemTotal:        1862952 kB
MemFree:          393804 kB
Buffers:            9920 kB
Cached:           545280 kB
SwapCached:         4988 kB
Active:           538932 kB
Inactive:         635472 kB
Active(anon):     261272 kB
Inactive(anon):   362204 kB
Active(file):     277660 kB
Inactive(file):   273268 kB
Unevictable:        2372 kB
Mlocked:               0 kB
HighTotal:       1436668 kB
HighFree:         275444 kB
LowTotal:         426284 kB
LowFree:          118360 kB
SwapTotal:       1048572 kB
SwapFree:         982932 kB
Dirty:                 4 kB
Writeback:             0 kB
AnonPages:        618128 kB
Mapped:           326456 kB
Shmem:              1900 kB
Slab:              42668 kB
SReclaimable:      14132 kB
SUnreclaim:        28536 kB
KernelStack:       11376 kB
PageTables:        41756 kB
NFS_Unstable:          0 kB
Bounce:                0 kB
WritebackTmp:          0 kB
CommitLimit:     1980048 kB
Committed_AS:   85799376 kB
VmallocTotal:     458752 kB
VmallocUsed:      112864 kB
VmallocChunk:     159748 kB
Time pass: 145 sec

---2015-12-15 11:39:31
MemTotal:        1862952 kB
MemFree:          393968 kB
Buffers:            9928 kB
Cached:           545292 kB
SwapCached:         4952 kB
Active:           539072 kB
Inactive:         635116 kB
Active(anon):     261412 kB
Inactive(anon):   361832 kB
Active(file):     277660 kB
Inactive(file):   273284 kB
Unevictable:        2372 kB
Mlocked:               0 kB
HighTotal:       1436668 kB
HighFree:         275568 kB
LowTotal:         426284 kB
LowFree:          118400 kB
SwapTotal:       1048572 kB
SwapFree:         983020 kB
Dirty:                12 kB
Writeback:             0 kB
AnonPages:        617904 kB
Mapped:           326460 kB
Shmem:              1900 kB
Slab:              42668 kB
SReclaimable:      14132 kB
SUnreclaim:        28536 kB
KernelStack:       11336 kB
PageTables:        41740 kB
NFS_Unstable:          0 kB
Bounce:                0 kB
WritebackTmp:          0 kB
CommitLimit:     1980048 kB
Committed_AS:   85799336 kB
VmallocTotal:     458752 kB
VmallocUsed:      112864 kB
VmallocChunk:     159748 kB
Time pass: 149 sec

---2015-12-15 11:39:31
MemTotal:        1862952 kB
MemFree:          393720 kB
Buffers:            9928 kB
Cached:           545296 kB
SwapCached:         4952 kB
Active:           539260 kB
Inactive:         635124 kB
Active(anon):     261600 kB
Inactive(anon):   361832 kB
Active(file):     277660 kB
Inactive(file):   273292 kB
Unevictable:        2372 kB
Mlocked:               0 kB
HighTotal:       1436668 kB
HighFree:         275320 kB
LowTotal:         426284 kB
LowFree:          118400 kB
SwapTotal:       1048572 kB
SwapFree:         983020 kB
Dirty:                 0 kB
Writeback:             0 kB
AnonPages:        618036 kB
Mapped:           326472 kB
Shmem:              1900 kB
Slab:              42668 kB
SReclaimable:      14132 kB
SUnreclaim:        28536 kB
KernelStack:       11336 kB
PageTables:        41740 kB
NFS_Unstable:          0 kB
Bounce:                0 kB
WritebackTmp:          0 kB
CommitLimit:     1980048 kB
Committed_AS:   85799456 kB
VmallocTotal:     458752 kB
VmallocUsed:      112864 kB
VmallocChunk:     159748 kB
Time pass: 152 sec

---2015-12-15 11:39:31
MemTotal:        1862952 kB
MemFree:          393580 kB
Buffers:            9928 kB
Cached:           545296 kB
SwapCached:         4952 kB
Active:           539372 kB
Inactive:         635128 kB
Active(anon):     261712 kB
Inactive(anon):   361836 kB
Active(file):     277660 kB
Inactive(file):   273292 kB
Unevictable:        2372 kB
Mlocked:               0 kB
HighTotal:       1436668 kB
HighFree:         275196 kB
LowTotal:         426284 kB
LowFree:          118384 kB
SwapTotal:       1048572 kB
SwapFree:         983024 kB
Dirty:                 0 kB
Writeback:             0 kB
AnonPages:        618176 kB
Mapped:           326480 kB
Shmem:              1900 kB
Slab:              42668 kB
SReclaimable:      14132 kB
SUnreclaim:        28536 kB
KernelStack:       11352 kB
PageTables:        41728 kB
NFS_Unstable:          0 kB
Bounce:                0 kB
WritebackTmp:          0 kB
CommitLimit:     1980048 kB
Committed_AS:   85799536 kB
VmallocTotal:     458752 kB
VmallocUsed:      112864 kB
VmallocChunk:     159748 kB
Time pass: 156 sec

---2015-12-15 11:39:31
MemTotal:        1862952 kB
MemFree:          393588 kB
Buffers:            9936 kB
Cached:           545296 kB
SwapCached:         4952 kB
Active:           539616 kB
Inactive:         635132 kB
Active(anon):     261952 kB
Inactive(anon):   361836 kB
Active(file):     277664 kB
Inactive(file):   273296 kB
Unevictable:        2372 kB
Mlocked:               0 kB
HighTotal:       1436668 kB
HighFree:         275072 kB
LowTotal:         426284 kB
LowFree:          118516 kB
SwapTotal:       1048572 kB
SwapFree:         983024 kB
Dirty:                12 kB
Writeback:             0 kB
AnonPages:        618420 kB
Mapped:           326496 kB
Shmem:              1900 kB
Slab:              42600 kB
SReclaimable:      14132 kB
SUnreclaim:        28468 kB
KernelStack:       11336 kB
PageTables:        41740 kB
NFS_Unstable:          0 kB
Bounce:                0 kB
WritebackTmp:          0 kB
CommitLimit:     1980048 kB
Committed_AS:   85799736 kB
VmallocTotal:     458752 kB
VmallocUsed:      112864 kB
VmallocChunk:     159748 kB
Time pass: 159 sec

---2015-12-15 11:39:31
MemTotal:        1862952 kB
MemFree:          393180 kB
Buffers:            9936 kB
Cached:           545296 kB
SwapCached:         4952 kB
Active:           539808 kB
Inactive:         635132 kB
Active(anon):     262144 kB
Inactive(anon):   361836 kB
Active(file):     277664 kB
Inactive(file):   273296 kB
Unevictable:        2372 kB
Mlocked:               0 kB
HighTotal:       1436668 kB
HighFree:         274824 kB
LowTotal:         426284 kB
LowFree:          118356 kB
SwapTotal:       1048572 kB
SwapFree:         983024 kB
Dirty:                 4 kB
Writeback:             0 kB
AnonPages:        618584 kB
Mapped:           326500 kB
Shmem:              1900 kB
Slab:              42580 kB
SReclaimable:      14116 kB
SUnreclaim:        28464 kB
KernelStack:       11336 kB
PageTables:        41740 kB
NFS_Unstable:          0 kB
Bounce:                0 kB
WritebackTmp:          0 kB
CommitLimit:     1980048 kB
Committed_AS:   85799816 kB
VmallocTotal:     458752 kB
VmallocUsed:      112864 kB
VmallocChunk:     159748 kB
Time pass: 163 sec

---2015-12-15 11:39:31
MemTotal:        1862952 kB
MemFree:          393200 kB
Buffers:            9944 kB
Cached:           545288 kB
SwapCached:         4952 kB
Active:           539892 kB
Inactive:         635128 kB
Active(anon):     262228 kB
Inactive(anon):   361832 kB
Active(file):     277664 kB
Inactive(file):   273296 kB
Unevictable:        2372 kB
Mlocked:               0 kB
HighTotal:       1436668 kB
HighFree:         274700 kB
LowTotal:         426284 kB
LowFree:          118500 kB
SwapTotal:       1048572 kB
SwapFree:         983024 kB
Dirty:                 4 kB
Writeback:             0 kB
AnonPages:        618700 kB
Mapped:           326512 kB
Shmem:              1900 kB
Slab:              42580 kB
SReclaimable:      14116 kB
SUnreclaim:        28464 kB
KernelStack:       11336 kB
PageTables:        41740 kB
NFS_Unstable:          0 kB
Bounce:                0 kB
WritebackTmp:          0 kB
CommitLimit:     1980048 kB
Committed_AS:   85799896 kB
VmallocTotal:     458752 kB
VmallocUsed:      112864 kB
VmallocChunk:     159748 kB
Time pass: 167 sec

---2015-12-15 11:39:31
MemTotal:        1862952 kB
MemFree:          393108 kB
Buffers:            9944 kB
Cached:           545296 kB
SwapCached:         4952 kB
Active:           540076 kB
Inactive:         635136 kB
Active(anon):     262412 kB
Inactive(anon):   361832 kB
Active(file):     277664 kB
Inactive(file):   273304 kB
Unevictable:        2372 kB
Mlocked:               0 kB
HighTotal:       1436668 kB
HighFree:         274576 kB
LowTotal:         426284 kB
LowFree:          118532 kB
SwapTotal:       1048572 kB
SwapFree:         983024 kB
Dirty:                 8 kB
Writeback:             0 kB
AnonPages:        618892 kB
Mapped:           326516 kB
Shmem:              1900 kB
Slab:              42580 kB
SReclaimable:      14116 kB
SUnreclaim:        28464 kB
KernelStack:       11320 kB
PageTables:        41736 kB
NFS_Unstable:          0 kB
Bounce:                0 kB
WritebackTmp:          0 kB
CommitLimit:     1980048 kB
Committed_AS:   85800048 kB
VmallocTotal:     458752 kB
VmallocUsed:      112864 kB
VmallocChunk:     159748 kB
Time pass: 170 sec

---2015-12-15 11:39:31
MemTotal:        1862952 kB
MemFree:          361900 kB
Buffers:            9960 kB
Cached:           545908 kB
SwapCached:         5140 kB
Active:           553384 kB
Inactive:         634836 kB
Active(anon):     274904 kB
Inactive(anon):   361836 kB
Active(file):     278480 kB
Inactive(file):   273000 kB
Unevictable:        2372 kB
Mlocked:               0 kB
HighTotal:       1436668 kB
HighFree:         238656 kB
LowTotal:         426284 kB
LowFree:          123244 kB
SwapTotal:       1048572 kB
SwapFree:         983036 kB
Dirty:               740 kB
Writeback:             0 kB
AnonPages:        631516 kB
Mapped:           341976 kB
Shmem:              1900 kB
Slab:              42580 kB
SReclaimable:      14116 kB
SUnreclaim:        28464 kB
KernelStack:       11488 kB
PageTables:        42332 kB
NFS_Unstable:          0 kB
Bounce:                0 kB
WritebackTmp:          0 kB
CommitLimit:     1980048 kB
Committed_AS:   87099736 kB
VmallocTotal:     458752 kB
VmallocUsed:      114124 kB
VmallocChunk:     159748 kB
Time pass: 174 sec

---2015-12-15 11:39:31
MemTotal:        1862952 kB
MemFree:          256352 kB
Buffers:            9992 kB
Cached:           548300 kB
SwapCached:         5332 kB
Active:           582116 kB
Inactive:         626844 kB
Active(anon):     304888 kB
Inactive(anon):   354264 kB
Active(file):     277228 kB
Inactive(file):   272580 kB
Unevictable:       14464 kB
Mlocked:           12140 kB
HighTotal:       1436668 kB
HighFree:         171680 kB
LowTotal:         426284 kB
LowFree:           84672 kB
SwapTotal:       1048572 kB
SwapFree:         983092 kB
Dirty:               168 kB
Writeback:             0 kB
AnonPages:        661464 kB
Mapped:           354916 kB
Shmem:              2344 kB
Slab:              42484 kB
SReclaimable:      14120 kB
SUnreclaim:        28364 kB
KernelStack:       11920 kB
PageTables:        42828 kB
NFS_Unstable:          0 kB
Bounce:                0 kB
WritebackTmp:          0 kB
CommitLimit:     1980048 kB
Committed_AS:   87144416 kB
VmallocTotal:     458752 kB
VmallocUsed:      114428 kB
VmallocChunk:     159748 kB
Time pass: 178 sec

---2015-12-15 11:39:31
MemTotal:        1862952 kB
MemFree:          200644 kB
Buffers:           10004 kB
Cached:           548976 kB
SwapCached:         5356 kB
Active:           603576 kB
Inactive:         636876 kB
Active(anon):     325356 kB
Inactive(anon):   360536 kB
Active(file):     278220 kB
Inactive(file):   276340 kB
Unevictable:        2372 kB
Mlocked:               0 kB
HighTotal:       1436668 kB
HighFree:         118320 kB
LowTotal:         426284 kB
LowFree:           82324 kB
SwapTotal:       1048572 kB
SwapFree:         983096 kB
Dirty:              1380 kB
Writeback:             0 kB
AnonPages:        680104 kB
Mapped:           376752 kB
Shmem:              2032 kB
Slab:              42520 kB
SReclaimable:      14128 kB
SUnreclaim:        28392 kB
KernelStack:       11976 kB
PageTables:        43052 kB
NFS_Unstable:          0 kB
Bounce:                0 kB
WritebackTmp:          0 kB
CommitLimit:     1980048 kB
Committed_AS:   87165416 kB
VmallocTotal:     458752 kB
VmallocUsed:      114520 kB
VmallocChunk:     159748 kB
Time pass: 181 sec

---2015-12-15 11:39:31
MemTotal:        1862952 kB
MemFree:          148036 kB
Buffers:           10020 kB
Cached:           555868 kB
SwapCached:         5356 kB
Active:           613432 kB
Inactive:         630256 kB
Active(anon):     321672 kB
Inactive(anon):   360544 kB
Active(file):     291760 kB
Inactive(file):   269712 kB
Unevictable:        2372 kB
Mlocked:               0 kB
HighTotal:       1436668 kB
HighFree:          65924 kB
LowTotal:         426284 kB
LowFree:           82112 kB
SwapTotal:       1048572 kB
SwapFree:         983104 kB
Dirty:              7024 kB
Writeback:             0 kB
AnonPages:        676344 kB
Mapped:           425568 kB
Shmem:              2032 kB
Slab:              42556 kB
SReclaimable:      14236 kB
SUnreclaim:        28320 kB
KernelStack:       11936 kB
PageTables:        43168 kB
NFS_Unstable:          0 kB
Bounce:                0 kB
WritebackTmp:          0 kB
CommitLimit:     1980048 kB
Committed_AS:   87185072 kB
VmallocTotal:     458752 kB
VmallocUsed:      114692 kB
VmallocChunk:     159748 kB
Time pass: 185 sec

---2015-12-15 11:39:31
MemTotal:        1862952 kB
MemFree:          149044 kB
Buffers:           10028 kB
Cached:           555868 kB
SwapCached:         5356 kB
Active:           613636 kB
Inactive:         630272 kB
Active(anon):     321876 kB
Inactive(anon):   360540 kB
Active(file):     291760 kB
Inactive(file):   269732 kB
Unevictable:        2372 kB
Mlocked:               0 kB
HighTotal:       1436668 kB
HighFree:          66212 kB
LowTotal:         426284 kB
LowFree:           82832 kB
SwapTotal:       1048572 kB
SwapFree:         983104 kB
Dirty:                88 kB
Writeback:             0 kB
AnonPages:        676608 kB
Mapped:           425660 kB
Shmem:              2032 kB
Slab:              42664 kB
SReclaimable:      14220 kB
SUnreclaim:        28444 kB
KernelStack:       11896 kB
PageTables:        43188 kB
NFS_Unstable:          0 kB
Bounce:                0 kB
WritebackTmp:          0 kB
CommitLimit:     1980048 kB
Committed_AS:   87185224 kB
VmallocTotal:     458752 kB
VmallocUsed:      114612 kB
VmallocChunk:     159748 kB
Time pass: 189 sec

---2015-12-15 11:39:31
MemTotal:        1862952 kB
MemFree:          143980 kB
Buffers:           10036 kB
Cached:           556004 kB
SwapCached:         5356 kB
Active:           614788 kB
Inactive:         630184 kB
Active(anon):     322796 kB
Inactive(anon):   360540 kB
Active(file):     291992 kB
Inactive(file):   269644 kB
Unevictable:        2372 kB
Mlocked:               0 kB
HighTotal:       1436668 kB
HighFree:          61240 kB
LowTotal:         426284 kB
LowFree:           82740 kB
SwapTotal:       1048572 kB
SwapFree:         983104 kB
Dirty:                88 kB
Writeback:             0 kB
AnonPages:        677672 kB
Mapped:           427496 kB
Shmem:              2032 kB
Slab:              42568 kB
SReclaimable:      14192 kB
SUnreclaim:        28376 kB
KernelStack:       11896 kB
PageTables:        43196 kB
NFS_Unstable:          0 kB
Bounce:                0 kB
WritebackTmp:          0 kB
CommitLimit:     1980048 kB
Committed_AS:   87185504 kB
VmallocTotal:     458752 kB
VmallocUsed:      114692 kB
VmallocChunk:     159748 kB
Time pass: 192 sec

---2015-12-15 11:39:31
MemTotal:        1862952 kB
MemFree:          147368 kB
Buffers:           10036 kB
Cached:           556008 kB
SwapCached:         5360 kB
Active:           627672 kB
Inactive:         630056 kB
Active(anon):     335676 kB
Inactive(anon):   360416 kB
Active(file):     291996 kB
Inactive(file):   269640 kB
Unevictable:        2372 kB
Mlocked:               0 kB
HighTotal:       1436668 kB
HighFree:          57844 kB
LowTotal:         426284 kB
LowFree:           89524 kB
SwapTotal:       1048572 kB
SwapFree:         983112 kB
Dirty:               508 kB
Writeback:             0 kB
AnonPages:        690268 kB
Mapped:           426036 kB
Shmem:              2032 kB
Slab:              42568 kB
SReclaimable:      14192 kB
SUnreclaim:        28376 kB
KernelStack:       11896 kB
PageTables:        43088 kB
NFS_Unstable:          0 kB
Bounce:                0 kB
WritebackTmp:          0 kB
CommitLimit:     1980048 kB
Committed_AS:   87185688 kB
VmallocTotal:     458752 kB
VmallocUsed:      114848 kB
VmallocChunk:     159748 kB
Time pass: 196 sec

---2015-12-15 11:39:31
MemTotal:        1862952 kB
MemFree:          116812 kB
Buffers:           10036 kB
Cached:           556028 kB
SwapCached:         5360 kB
Active:           622828 kB
Inactive:         629984 kB
Active(anon):     330828 kB
Inactive(anon):   360324 kB
Active(file):     292000 kB
Inactive(file):   269660 kB
Unevictable:        2372 kB
Mlocked:               0 kB
HighTotal:       1436668 kB
HighFree:          34108 kB
LowTotal:         426284 kB
LowFree:           82704 kB
SwapTotal:       1048572 kB
SwapFree:         983116 kB
Dirty:                96 kB
Writeback:             0 kB
AnonPages:        685308 kB
Mapped:           437056 kB
Shmem:              2032 kB
Slab:              42504 kB
SReclaimable:      14192 kB
SUnreclaim:        28312 kB
KernelStack:       11904 kB
PageTables:        43244 kB
NFS_Unstable:          0 kB
Bounce:                0 kB
WritebackTmp:          0 kB
CommitLimit:     1980048 kB
Committed_AS:   87185864 kB
VmallocTotal:     458752 kB
VmallocUsed:      114696 kB
VmallocChunk:     159748 kB
Time pass: 200 sec

---2015-12-15 11:39:31
MemTotal:        1862952 kB
MemFree:          116968 kB
Buffers:           10044 kB
Cached:           556028 kB
SwapCached:         5360 kB
Active:           622668 kB
Inactive:         629984 kB
Active(anon):     330664 kB
Inactive(anon):   360320 kB
Active(file):     292004 kB
Inactive(file):   269664 kB
Unevictable:        2372 kB
Mlocked:               0 kB
HighTotal:       1436668 kB
HighFree:          34232 kB
LowTotal:         426284 kB
LowFree:           82736 kB
SwapTotal:       1048572 kB
SwapFree:         983116 kB
Dirty:                 0 kB
Writeback:             0 kB
AnonPages:        685192 kB
Mapped:           437068 kB
Shmem:              2032 kB
Slab:              42480 kB
SReclaimable:      14196 kB
SUnreclaim:        28284 kB
KernelStack:       11888 kB
PageTables:        43228 kB
NFS_Unstable:          0 kB
Bounce:                0 kB
WritebackTmp:          0 kB
CommitLimit:     1980048 kB
Committed_AS:   87185944 kB
VmallocTotal:     458752 kB
VmallocUsed:      114696 kB
VmallocChunk:     159748 kB
Time pass: 203 sec

---2015-12-15 11:39:31
MemTotal:        1862952 kB
MemFree:          114972 kB
Buffers:           10052 kB
Cached:           556020 kB
SwapCached:         5360 kB
Active:           624108 kB
Inactive:         629984 kB
Active(anon):     332104 kB
Inactive(anon):   360320 kB
Active(file):     292004 kB
Inactive(file):   269664 kB
Unevictable:        2372 kB
Mlocked:               0 kB
HighTotal:       1436668 kB
HighFree:          32612 kB
LowTotal:         426284 kB
LowFree:           82360 kB
SwapTotal:       1048572 kB
SwapFree:         983116 kB
Dirty:                 4 kB
Writeback:             0 kB
AnonPages:        686716 kB
Mapped:           437348 kB
Shmem:              2032 kB
Slab:              42480 kB
SReclaimable:      14196 kB
SUnreclaim:        28284 kB
KernelStack:       11912 kB
PageTables:        43244 kB
NFS_Unstable:          0 kB
Bounce:                0 kB
WritebackTmp:          0 kB
CommitLimit:     1980048 kB
Committed_AS:   87186024 kB
VmallocTotal:     458752 kB
VmallocUsed:      114776 kB
VmallocChunk:     159748 kB
Time pass: 207 sec

---2015-12-15 11:39:31
MemTotal:        1862952 kB
MemFree:           90468 kB
Buffers:           10068 kB
Cached:           556208 kB
SwapCached:         5364 kB
Active:           637284 kB
Inactive:         630192 kB
Active(anon):     345268 kB
Inactive(anon):   360500 kB
Active(file):     292016 kB
Inactive(file):   269692 kB
Unevictable:        2372 kB
Mlocked:               0 kB
HighTotal:       1436668 kB
HighFree:           2480 kB
LowTotal:         426284 kB
LowFree:           87988 kB
SwapTotal:       1048572 kB
SwapFree:         983132 kB
Dirty:                 0 kB
Writeback:             0 kB
AnonPages:        699844 kB
Mapped:           440784 kB
Shmem:              2196 kB
Slab:              42580 kB
SReclaimable:      14220 kB
SUnreclaim:        28360 kB
KernelStack:       12200 kB
PageTables:        43420 kB
NFS_Unstable:          0 kB
Bounce:                0 kB
WritebackTmp:          0 kB
CommitLimit:     1980048 kB
Committed_AS:   87203848 kB
VmallocTotal:     458752 kB
VmallocUsed:      118740 kB
VmallocChunk:     159748 kB
Time pass: 211 sec

---2015-12-15 11:39:31
MemTotal:        1862952 kB
MemFree:           83276 kB
Buffers:           10076 kB
Cached:           556320 kB
SwapCached:         5364 kB
Active:           638992 kB
Inactive:         630316 kB
Active(anon):     346976 kB
Inactive(anon):   360612 kB
Active(file):     292016 kB
Inactive(file):   269704 kB
Unevictable:        2372 kB
Mlocked:               0 kB
HighTotal:       1436668 kB
HighFree:          10324 kB
LowTotal:         426284 kB
LowFree:           72952 kB
SwapTotal:       1048572 kB
SwapFree:         983136 kB
Dirty:                44 kB
Writeback:             0 kB
AnonPages:        701560 kB
Mapped:           438956 kB
Shmem:              2304 kB
Slab:              42604 kB
SReclaimable:      14220 kB
SUnreclaim:        28384 kB
KernelStack:       12152 kB
PageTables:        43512 kB
NFS_Unstable:          0 kB
Bounce:                0 kB
WritebackTmp:          0 kB
CommitLimit:     1980048 kB
Committed_AS:   87206144 kB
VmallocTotal:     458752 kB
VmallocUsed:      119540 kB
VmallocChunk:     159748 kB
Time pass: 214 sec

---2015-12-15 11:39:31
MemTotal:        1862952 kB
MemFree:           83464 kB
Buffers:           10076 kB
Cached:           556424 kB
SwapCached:         5364 kB
Active:           639340 kB
Inactive:         630032 kB
Active(anon):     347316 kB
Inactive(anon):   360336 kB
Active(file):     292024 kB
Inactive(file):   269696 kB
Unevictable:        2372 kB
Mlocked:               0 kB
HighTotal:       1436668 kB
HighFree:           9760 kB
LowTotal:         426284 kB
LowFree:           73704 kB
SwapTotal:       1048572 kB
SwapFree:         983136 kB
Dirty:                48 kB
Writeback:             0 kB
AnonPages:        701528 kB
Mapped:           439272 kB
Shmem:              2408 kB
Slab:              42640 kB
SReclaimable:      14220 kB
SUnreclaim:        28420 kB
KernelStack:       12192 kB
PageTables:        43512 kB
NFS_Unstable:          0 kB
Bounce:                0 kB
WritebackTmp:          0 kB
CommitLimit:     1980048 kB
Committed_AS:   87206264 kB
VmallocTotal:     458752 kB
VmallocUsed:      119540 kB
VmallocChunk:     159748 kB
Time pass: 218 sec

---2015-12-15 11:39:31
MemTotal:        1862952 kB
MemFree:           78156 kB
Buffers:           10100 kB
Cached:           556400 kB
SwapCached:         5376 kB
Active:           645520 kB
Inactive:         629820 kB
Active(anon):     353496 kB
Inactive(anon):   360112 kB
Active(file):     292024 kB
Inactive(file):   269708 kB
Unevictable:        2372 kB
Mlocked:               0 kB
HighTotal:       1436668 kB
HighFree:           4380 kB
LowTotal:         426284 kB
LowFree:           73776 kB
SwapTotal:       1048572 kB
SwapFree:         983140 kB
Dirty:                16 kB
Writeback:             0 kB
AnonPages:        707620 kB
Mapped:           439096 kB
Shmem:              2408 kB
Slab:              42592 kB
SReclaimable:      14220 kB
SUnreclaim:        28372 kB
KernelStack:       12176 kB
PageTables:        43512 kB
NFS_Unstable:          0 kB
Bounce:                0 kB
WritebackTmp:          0 kB
CommitLimit:     1980048 kB
Committed_AS:   87219848 kB
VmallocTotal:     458752 kB
VmallocUsed:      119540 kB
VmallocChunk:     159748 kB
Time pass: 222 sec

---2015-12-15 11:39:31
MemTotal:        1862952 kB
MemFree:           67852 kB
Buffers:           10116 kB
Cached:           556244 kB
SwapCached:         5384 kB
Active:           654424 kB
Inactive:         629480 kB
Active(anon):     362228 kB
Inactive(anon):   359904 kB
Active(file):     292196 kB
Inactive(file):   269576 kB
Unevictable:        2372 kB
Mlocked:               0 kB
HighTotal:       1436668 kB
HighFree:           2452 kB
LowTotal:         426284 kB
LowFree:           65400 kB
SwapTotal:       1048572 kB
SwapFree:         983168 kB
Dirty:                 4 kB
Writeback:             0 kB
AnonPages:        716260 kB
Mapped:           439344 kB
Shmem:              2216 kB
Slab:              42760 kB
SReclaimable:      14224 kB
SUnreclaim:        28536 kB
KernelStack:       12136 kB
PageTables:        43508 kB
NFS_Unstable:          0 kB
Bounce:                0 kB
WritebackTmp:          0 kB
CommitLimit:     1980048 kB
Committed_AS:   87232520 kB
VmallocTotal:     458752 kB
VmallocUsed:      119540 kB
VmallocChunk:     159748 kB
Time pass: 226 sec

---2015-12-15 11:39:31
MemTotal:        1862952 kB
MemFree:          101844 kB
Buffers:           10124 kB
Cached:           556172 kB
SwapCached:         5384 kB
Active:           643920 kB
Inactive:         629468 kB
Active(anon):     351716 kB
Inactive(anon):   359784 kB
Active(file):     292204 kB
Inactive(file):   269684 kB
Unevictable:        2372 kB
Mlocked:               0 kB
HighTotal:       1436668 kB
HighFree:          30372 kB
LowTotal:         426284 kB
LowFree:           71472 kB
SwapTotal:       1048572 kB
SwapFree:         983168 kB
Dirty:               168 kB
Writeback:             0 kB
AnonPages:        705680 kB
Mapped:           439460 kB
Shmem:              2032 kB
Slab:              42724 kB
SReclaimable:      14224 kB
SUnreclaim:        28500 kB
KernelStack:       11904 kB
PageTables:        43368 kB
NFS_Unstable:          0 kB
Bounce:                0 kB
WritebackTmp:          0 kB
CommitLimit:     1980048 kB
Committed_AS:   87224384 kB
VmallocTotal:     458752 kB
VmallocUsed:      114776 kB
VmallocChunk:     159748 kB
Time pass: 230 sec

---2015-12-15 11:39:31
MemTotal:        1862952 kB
MemFree:          102432 kB
Buffers:           10124 kB
Cached:           556172 kB
SwapCached:         5384 kB
Active:           644028 kB
Inactive:         629472 kB
Active(anon):     351824 kB
Inactive(anon):   359784 kB
Active(file):     292204 kB
Inactive(file):   269688 kB
Unevictable:        2372 kB
Mlocked:               0 kB
HighTotal:       1436668 kB
HighFree:          30704 kB
LowTotal:         426284 kB
LowFree:           71728 kB
SwapTotal:       1048572 kB
SwapFree:         983168 kB
Dirty:                60 kB
Writeback:             0 kB
AnonPages:        705812 kB
Mapped:           439416 kB
Shmem:              2032 kB
Slab:              42692 kB
SReclaimable:      14224 kB
SUnreclaim:        28468 kB
KernelStack:       11904 kB
PageTables:        43368 kB
NFS_Unstable:          0 kB
Bounce:                0 kB
WritebackTmp:          0 kB
CommitLimit:     1980048 kB
Committed_AS:   87224456 kB
VmallocTotal:     458752 kB
VmallocUsed:      114696 kB
VmallocChunk:     159748 kB
Time pass: 233 sec

---2015-12-15 11:39:31
MemTotal:        1862952 kB
MemFree:          101732 kB
Buffers:           10132 kB
Cached:           556172 kB
SwapCached:         5384 kB
Active:           644236 kB
Inactive:         629480 kB
Active(anon):     352032 kB
Inactive(anon):   359784 kB
Active(file):     292204 kB
Inactive(file):   269696 kB
Unevictable:        2372 kB
Mlocked:               0 kB
HighTotal:       1436668 kB
HighFree:          30208 kB
LowTotal:         426284 kB
LowFree:           71524 kB
SwapTotal:       1048572 kB
SwapFree:         983168 kB
Dirty:                24 kB
Writeback:             0 kB
AnonPages:        706040 kB
Mapped:           439480 kB
Shmem:              2032 kB
Slab:              42692 kB
SReclaimable:      14224 kB
SUnreclaim:        28468 kB
KernelStack:       11896 kB
PageTables:        43368 kB
NFS_Unstable:          0 kB
Bounce:                0 kB
WritebackTmp:          0 kB
CommitLimit:     1980048 kB
Committed_AS:   87224496 kB
VmallocTotal:     458752 kB
VmallocUsed:      114856 kB
VmallocChunk:     159748 kB
Time pass: 237 sec

---2015-12-15 11:39:31
MemTotal:        1862952 kB
MemFree:           67232 kB
Buffers:           10132 kB
Cached:           556356 kB
SwapCached:         5388 kB
Active:           659912 kB
Inactive:         629660 kB
Active(anon):     367696 kB
Inactive(anon):   359792 kB
Active(file):     292216 kB
Inactive(file):   269868 kB
Unevictable:        2372 kB
Mlocked:               0 kB
HighTotal:       1436668 kB
HighFree:           2804 kB
LowTotal:         426284 kB
LowFree:           64428 kB
SwapTotal:       1048572 kB
SwapFree:         983240 kB
Dirty:               176 kB
Writeback:             0 kB
AnonPages:        721976 kB
Mapped:           439572 kB
Shmem:              2032 kB
Slab:              42664 kB
SReclaimable:      14224 kB
SUnreclaim:        28440 kB
KernelStack:       12152 kB
PageTables:        43528 kB
NFS_Unstable:          0 kB
Bounce:                0 kB
WritebackTmp:          0 kB
CommitLimit:     1980048 kB
Committed_AS:   87236624 kB
VmallocTotal:     458752 kB
VmallocUsed:      119520 kB
VmallocChunk:     159748 kB
Time pass: 241 sec

---2015-12-15 11:39:31
MemTotal:        1862952 kB
MemFree:           60896 kB
Buffers:           10180 kB
Cached:           556564 kB
SwapCached:         5388 kB
Active:           665232 kB
Inactive:         629976 kB
Active(anon):     373012 kB
Inactive(anon):   360056 kB
Active(file):     292220 kB
Inactive(file):   269920 kB
Unevictable:        2372 kB
Mlocked:               0 kB
HighTotal:       1436668 kB
HighFree:           2940 kB
LowTotal:         426284 kB
LowFree:           57956 kB
SwapTotal:       1048572 kB
SwapFree:         983256 kB
Dirty:               240 kB
Writeback:             0 kB
AnonPages:        727128 kB
Mapped:           439688 kB
Shmem:              2240 kB
Slab:              42656 kB
SReclaimable:      14224 kB
SUnreclaim:        28432 kB
KernelStack:       12224 kB
PageTables:        43572 kB
NFS_Unstable:          0 kB
Bounce:                0 kB
WritebackTmp:          0 kB
CommitLimit:     1980048 kB
Committed_AS:   87240856 kB
VmallocTotal:     458752 kB
VmallocUsed:      119520 kB
VmallocChunk:     159748 kB
Time pass: 245 sec

---2015-12-15 11:39:31
MemTotal:        1862952 kB
MemFree:           58440 kB
Buffers:           10212 kB
Cached:           556620 kB
SwapCached:         5384 kB
Active:           668184 kB
Inactive:         630080 kB
Active(anon):     375972 kB
Inactive(anon):   360148 kB
Active(file):     292212 kB
Inactive(file):   269932 kB
Unevictable:        2372 kB
Mlocked:               0 kB
HighTotal:       1436668 kB
HighFree:           2544 kB
LowTotal:         426284 kB
LowFree:           55896 kB
SwapTotal:       1048572 kB
SwapFree:         983260 kB
Dirty:                64 kB
Writeback:             0 kB
AnonPages:        730136 kB
Mapped:           439588 kB
Shmem:              2316 kB
Slab:              42844 kB
SReclaimable:      14244 kB
SUnreclaim:        28600 kB
KernelStack:       12232 kB
PageTables:        43584 kB
NFS_Unstable:          0 kB
Bounce:                0 kB
WritebackTmp:          0 kB
CommitLimit:     1980048 kB
Committed_AS:   87247136 kB
VmallocTotal:     458752 kB
VmallocUsed:      119520 kB
VmallocChunk:     159748 kB
Time pass: 249 sec

---2015-12-15 11:39:31
MemTotal:        1862952 kB
MemFree:           54668 kB
Buffers:           10228 kB
Cached:           556668 kB
SwapCached:         5384 kB
Active:           671724 kB
Inactive:         630120 kB
Active(anon):     379500 kB
Inactive(anon):   360160 kB
Active(file):     292224 kB
Inactive(file):   269960 kB
Unevictable:        2372 kB
Mlocked:               0 kB
HighTotal:       1436668 kB
HighFree:           2452 kB
LowTotal:         426284 kB
LowFree:           52216 kB
SwapTotal:       1048572 kB
SwapFree:         983264 kB
Dirty:                 4 kB
Writeback:             0 kB
AnonPages:        733592 kB
Mapped:           439800 kB
Shmem:              2340 kB
Slab:              42936 kB
SReclaimable:      14244 kB
SUnreclaim:        28692 kB
KernelStack:       12192 kB
PageTables:        43592 kB
NFS_Unstable:          0 kB
Bounce:                0 kB
WritebackTmp:          0 kB
CommitLimit:     1980048 kB
Committed_AS:   87251376 kB
VmallocTotal:     458752 kB
VmallocUsed:      119520 kB
VmallocChunk:     159748 kB
Time pass: 252 sec

---2015-12-15 11:39:31
MemTotal:        1862952 kB
MemFree:           54352 kB
Buffers:           10252 kB
Cached:           556652 kB
SwapCached:         5384 kB
Active:           672100 kB
Inactive:         630140 kB
Active(anon):     379876 kB
Inactive(anon):   360172 kB
Active(file):     292224 kB
Inactive(file):   269968 kB
Unevictable:        2372 kB
Mlocked:               0 kB
HighTotal:       1436668 kB
HighFree:           2540 kB
LowTotal:         426284 kB
LowFree:           51812 kB
SwapTotal:       1048572 kB
SwapFree:         983288 kB
Dirty:                32 kB
Writeback:             0 kB
AnonPages:        734104 kB
Mapped:           439616 kB
Shmem:              2340 kB
Slab:              42912 kB
SReclaimable:      14244 kB
SUnreclaim:        28668 kB
KernelStack:       12232 kB
PageTables:        43592 kB
NFS_Unstable:          0 kB
Bounce:                0 kB
WritebackTmp:          0 kB
CommitLimit:     1980048 kB
Committed_AS:   87251456 kB
VmallocTotal:     458752 kB
VmallocUsed:      119520 kB
VmallocChunk:     159748 kB
Time pass: 256 sec

---2015-12-15 11:39:31
MemTotal:        1862952 kB
MemFree:           53588 kB
Buffers:           10252 kB
Cached:           556672 kB
SwapCached:         5388 kB
Active:           672012 kB
Inactive:         630172 kB
Active(anon):     379788 kB
Inactive(anon):   360188 kB
Active(file):     292224 kB
Inactive(file):   269984 kB
Unevictable:        2372 kB
Mlocked:               0 kB
HighTotal:       1436668 kB
HighFree:           2540 kB
LowTotal:         426284 kB
LowFree:           51048 kB
SwapTotal:       1048572 kB
SwapFree:         983308 kB
Dirty:                44 kB
Writeback:             0 kB
AnonPages:        733884 kB
Mapped:           439892 kB
Shmem:              2344 kB
Slab:              42884 kB
SReclaimable:      14244 kB
SUnreclaim:        28640 kB
KernelStack:       12200 kB
PageTables:        43592 kB
NFS_Unstable:          0 kB
Bounce:                0 kB
WritebackTmp:          0 kB
CommitLimit:     1980048 kB
Committed_AS:   87251648 kB
VmallocTotal:     458752 kB
VmallocUsed:      119520 kB
VmallocChunk:     159748 kB
Time pass: 260 sec

---2015-12-15 11:39:31
MemTotal:        1862952 kB
MemFree:           55016 kB
Buffers:           10268 kB
Cached:           556664 kB
SwapCached:         5388 kB
Active:           672048 kB
Inactive:         630168 kB
Active(anon):     379824 kB
Inactive(anon):   360176 kB
Active(file):     292224 kB
Inactive(file):   269992 kB
Unevictable:        2372 kB
Mlocked:               0 kB
HighTotal:       1436668 kB
HighFree:           2944 kB
LowTotal:         426284 kB
LowFree:           52072 kB
SwapTotal:       1048572 kB
SwapFree:         983308 kB
Dirty:                40 kB
Writeback:             0 kB
AnonPages:        733936 kB
Mapped:           439832 kB
Shmem:              2344 kB
Slab:              42848 kB
SReclaimable:      14244 kB
SUnreclaim:        28604 kB
KernelStack:       12184 kB
PageTables:        43592 kB
NFS_Unstable:          0 kB
Bounce:                0 kB
WritebackTmp:          0 kB
CommitLimit:     1980048 kB
Committed_AS:   87251744 kB
VmallocTotal:     458752 kB
VmallocUsed:      119440 kB
VmallocChunk:     159748 kB
Time pass: 264 sec

---2015-12-15 11:39:31
MemTotal:        1862952 kB
MemFree:           53476 kB
Buffers:           10284 kB
Cached:           556664 kB
SwapCached:         5388 kB
Active:           673352 kB
Inactive:         630184 kB
Active(anon):     381128 kB
Inactive(anon):   360176 kB
Active(file):     292224 kB
Inactive(file):   270008 kB
Unevictable:        2372 kB
Mlocked:               0 kB
HighTotal:       1436668 kB
HighFree:           2572 kB
LowTotal:         426284 kB
LowFree:           50904 kB
SwapTotal:       1048572 kB
SwapFree:         983308 kB
Dirty:                 4 kB
Writeback:             0 kB
AnonPages:        735220 kB
Mapped:           439856 kB
Shmem:              2344 kB
Slab:              42820 kB
SReclaimable:      14244 kB
SUnreclaim:        28576 kB
KernelStack:       12208 kB
PageTables:        43592 kB
NFS_Unstable:          0 kB
Bounce:                0 kB
WritebackTmp:          0 kB
CommitLimit:     1980048 kB
Committed_AS:   87251784 kB
VmallocTotal:     458752 kB
VmallocUsed:      119440 kB
VmallocChunk:     159748 kB
Time pass: 268 sec

---2015-12-15 11:39:31
MemTotal:        1862952 kB
MemFree:           52816 kB
Buffers:           10292 kB
Cached:           556672 kB
SwapCached:         5380 kB
Active:           673740 kB
Inactive:         630096 kB
Active(anon):     381516 kB
Inactive(anon):   360072 kB
Active(file):     292224 kB
Inactive(file):   270024 kB
Unevictable:        2372 kB
Mlocked:               0 kB
HighTotal:       1436668 kB
HighFree:           2572 kB
LowTotal:         426284 kB
LowFree:           50244 kB
SwapTotal:       1048572 kB
SwapFree:         983340 kB
Dirty:                 4 kB
Writeback:             0 kB
AnonPages:        735564 kB
Mapped:           439920 kB
Shmem:              2344 kB
Slab:              42820 kB
SReclaimable:      14244 kB
SUnreclaim:        28576 kB
KernelStack:       12224 kB
PageTables:        43592 kB
NFS_Unstable:          0 kB
Bounce:                0 kB
WritebackTmp:          0 kB
CommitLimit:     1980048 kB
Committed_AS:   87252024 kB
VmallocTotal:     458752 kB
VmallocUsed:      119520 kB
VmallocChunk:     159748 kB
Time pass: 271 sec

---2015-12-15 11:39:31
MemTotal:        1862952 kB
MemFree:           53652 kB
Buffers:           10300 kB
Cached:           556636 kB
SwapCached:         5420 kB
Active:           672908 kB
Inactive:         630108 kB
Active(anon):     380684 kB
Inactive(anon):   360076 kB
Active(file):     292224 kB
Inactive(file):   270032 kB
Unevictable:        2372 kB
Mlocked:               0 kB
HighTotal:       1436668 kB
HighFree:           2468 kB
LowTotal:         426284 kB
LowFree:           51184 kB
SwapTotal:       1048572 kB
SwapFree:         983412 kB
Dirty:                40 kB
Writeback:             0 kB
AnonPages:        734788 kB
Mapped:           439736 kB
Shmem:              2344 kB
Slab:              42820 kB
SReclaimable:      14244 kB
SUnreclaim:        28576 kB
KernelStack:       12184 kB
PageTables:        43596 kB
NFS_Unstable:          0 kB
Bounce:                0 kB
WritebackTmp:          0 kB
CommitLimit:     1980048 kB
Committed_AS:   87252112 kB
VmallocTotal:     458752 kB
VmallocUsed:      119520 kB
VmallocChunk:     159748 kB
Time pass: 275 sec

---2015-12-15 11:39:31
MemTotal:        1862952 kB
MemFree:           52520 kB
Buffers:           10316 kB
Cached:           556684 kB
SwapCached:         5420 kB
Active:           674736 kB
Inactive:         630160 kB
Active(anon):     382508 kB
Inactive(anon):   360112 kB
Active(file):     292228 kB
Inactive(file):   270048 kB
Unevictable:        2372 kB
Mlocked:               0 kB
HighTotal:       1436668 kB
HighFree:           2496 kB
LowTotal:         426284 kB
LowFree:           50024 kB
SwapTotal:       1048572 kB
SwapFree:         983412 kB
Dirty:                48 kB
Writeback:             0 kB
AnonPages:        736552 kB
Mapped:           439872 kB
Shmem:              2352 kB
Slab:              42820 kB
SReclaimable:      14244 kB
SUnreclaim:        28576 kB
KernelStack:       12200 kB
PageTables:        43596 kB
NFS_Unstable:          0 kB
Bounce:                0 kB
WritebackTmp:          0 kB
CommitLimit:     1980048 kB
Committed_AS:   87252176 kB
VmallocTotal:     458752 kB
VmallocUsed:      119440 kB
VmallocChunk:     159748 kB
Time pass: 279 sec

---2015-12-15 11:39:31
MemTotal:        1862952 kB
MemFree:           51172 kB
Buffers:           10324 kB
Cached:           556960 kB
SwapCached:         5420 kB
Active:           674844 kB
Inactive:         630444 kB
Active(anon):     382616 kB
Inactive(anon):   360388 kB
Active(file):     292228 kB
Inactive(file):   270056 kB
Unevictable:        2372 kB
Mlocked:               0 kB
HighTotal:       1436668 kB
HighFree:           2496 kB
LowTotal:         426284 kB
LowFree:           48676 kB
SwapTotal:       1048572 kB
SwapFree:         983412 kB
Dirty:                36 kB
Writeback:             0 kB
AnonPages:        736724 kB
Mapped:           440152 kB
Shmem:              2628 kB
Slab:              42852 kB
SReclaimable:      14244 kB
SUnreclaim:        28608 kB
KernelStack:       12200 kB
PageTables:        43600 kB
NFS_Unstable:          0 kB
Bounce:                0 kB
WritebackTmp:          0 kB
CommitLimit:     1980048 kB
Committed_AS:   87254424 kB
VmallocTotal:     458752 kB
VmallocUsed:      119440 kB
VmallocChunk:     159748 kB
Time pass: 282 sec

---2015-12-15 11:39:31
MemTotal:        1862952 kB
MemFree:           51532 kB
Buffers:           10340 kB
Cached:           556968 kB
SwapCached:         5420 kB
Active:           675484 kB
Inactive:         630464 kB
Active(anon):     383256 kB
Inactive(anon):   360392 kB
Active(file):     292228 kB
Inactive(file):   270072 kB
Unevictable:        2372 kB
Mlocked:               0 kB
HighTotal:       1436668 kB
HighFree:           3608 kB
LowTotal:         426284 kB
LowFree:           47924 kB
SwapTotal:       1048572 kB
SwapFree:         983416 kB
Dirty:                 0 kB
Writeback:             0 kB
AnonPages:        737256 kB
Mapped:           440160 kB
Shmem:              2636 kB
Slab:              42884 kB
SReclaimable:      14244 kB
SUnreclaim:        28640 kB
KernelStack:       12200 kB
PageTables:        43600 kB
NFS_Unstable:          0 kB
Bounce:                0 kB
WritebackTmp:          0 kB
CommitLimit:     1980048 kB
Committed_AS:   87254504 kB
VmallocTotal:     458752 kB
VmallocUsed:      119360 kB
VmallocChunk:     159748 kB
Time pass: 286 sec

---2015-12-15 11:39:31
MemTotal:        1862952 kB
MemFree:           50948 kB
Buffers:           10348 kB
Cached:           556968 kB
SwapCached:         5420 kB
Active:           675636 kB
Inactive:         630468 kB
Active(anon):     383408 kB
Inactive(anon):   360388 kB
Active(file):     292228 kB
Inactive(file):   270080 kB
Unevictable:        2372 kB
Mlocked:               0 kB
HighTotal:       1436668 kB
HighFree:           2552 kB
LowTotal:         426284 kB
LowFree:           48396 kB
SwapTotal:       1048572 kB
SwapFree:         983424 kB
Dirty:                32 kB
Writeback:             0 kB
AnonPages:        737488 kB
Mapped:           440160 kB
Shmem:              2636 kB
Slab:              42852 kB
SReclaimable:      14244 kB
SUnreclaim:        28608 kB
KernelStack:       12160 kB
PageTables:        43600 kB
NFS_Unstable:          0 kB
Bounce:                0 kB
WritebackTmp:          0 kB
CommitLimit:     1980048 kB
Committed_AS:   87254592 kB
VmallocTotal:     458752 kB
VmallocUsed:      119440 kB
VmallocChunk:     159748 kB
Time pass: 290 sec

---2015-12-15 11:39:31
MemTotal:        1862952 kB
MemFree:           49972 kB
Buffers:           10364 kB
Cached:           556968 kB
SwapCached:         5420 kB
Active:           676460 kB
Inactive:         630496 kB
Active(anon):     384232 kB
Inactive(anon):   360400 kB
Active(file):     292228 kB
Inactive(file):   270096 kB
Unevictable:        2372 kB
Mlocked:               0 kB
HighTotal:       1436668 kB
HighFree:           3296 kB
LowTotal:         426284 kB
LowFree:           46676 kB
SwapTotal:       1048572 kB
SwapFree:         983432 kB
Dirty:                 4 kB
Writeback:             0 kB
AnonPages:        738180 kB
Mapped:           440164 kB
Shmem:              2636 kB
Slab:              42760 kB
SReclaimable:      14244 kB
SUnreclaim:        28516 kB
KernelStack:       12208 kB
PageTables:        43600 kB
NFS_Unstable:          0 kB
Bounce:                0 kB
WritebackTmp:          0 kB
CommitLimit:     1980048 kB
Committed_AS:   87254776 kB
VmallocTotal:     458752 kB
VmallocUsed:      119440 kB
VmallocChunk:     159748 kB
Time pass: 293 sec

---2015-12-15 11:39:31
MemTotal:        1862952 kB
MemFree:           47636 kB
Buffers:           10372 kB
Cached:           557000 kB
SwapCached:         5424 kB
Active:           678020 kB
Inactive:         622108 kB
Active(anon):     385792 kB
Inactive(anon):   352216 kB
Active(file):     292228 kB
Inactive(file):   269892 kB
Unevictable:       10804 kB
Mlocked:            8464 kB
HighTotal:       1436668 kB
HighFree:           2552 kB
LowTotal:         426284 kB
LowFree:           45084 kB
SwapTotal:       1048572 kB
SwapFree:         983432 kB
Dirty:                44 kB
Writeback:             0 kB
AnonPages:        739720 kB
Mapped:           440044 kB
Shmem:              2636 kB
Slab:              42764 kB
SReclaimable:      14244 kB
SUnreclaim:        28520 kB
KernelStack:       12168 kB
PageTables:        43600 kB
NFS_Unstable:          0 kB
Bounce:                0 kB
WritebackTmp:          0 kB
CommitLimit:     1980048 kB
Committed_AS:   87255320 kB
VmallocTotal:     458752 kB
VmallocUsed:      119520 kB
VmallocChunk:     159748 kB
Time pass: 297 sec

---2015-12-15 11:39:31
MemTotal:        1862952 kB
MemFree:           48468 kB
Buffers:           10388 kB
Cached:           556992 kB
SwapCached:         5424 kB
Active:           677224 kB
Inactive:         630648 kB
Active(anon):     385100 kB
Inactive(anon):   360400 kB
Active(file):     292124 kB
Inactive(file):   270248 kB
Unevictable:        2372 kB
Mlocked:               0 kB
HighTotal:       1436668 kB
HighFree:           2584 kB
LowTotal:         426284 kB
LowFree:           45884 kB
SwapTotal:       1048572 kB
SwapFree:         983436 kB
Dirty:                88 kB
Writeback:             0 kB
AnonPages:        739092 kB
Mapped:           440232 kB
Shmem:              2636 kB
Slab:              42760 kB
SReclaimable:      14244 kB
SUnreclaim:        28516 kB
KernelStack:       12216 kB
PageTables:        43600 kB
NFS_Unstable:          0 kB
Bounce:                0 kB
WritebackTmp:          0 kB
CommitLimit:     1980048 kB
Committed_AS:   87255536 kB
VmallocTotal:     458752 kB
VmallocUsed:      119520 kB
VmallocChunk:     159748 kB
Time pass: 301 sec

---2015-12-15 11:39:31
MemTotal:        1862952 kB
MemFree:           47080 kB
Buffers:           10404 kB
Cached:           556992 kB
SwapCached:         5424 kB
Active:           678988 kB
Inactive:         630608 kB
Active(anon):     386804 kB
Inactive(anon):   360404 kB
Active(file):     292184 kB
Inactive(file):   270204 kB
Unevictable:        2372 kB
Mlocked:               0 kB
HighTotal:       1436668 kB
HighFree:           2472 kB
LowTotal:         426284 kB
LowFree:           44608 kB
SwapTotal:       1048572 kB
SwapFree:         983444 kB
Dirty:                68 kB
Writeback:             0 kB
AnonPages:        740800 kB
Mapped:           440176 kB
Shmem:              2636 kB
Slab:              42760 kB
SReclaimable:      14244 kB
SUnreclaim:        28516 kB
KernelStack:       12272 kB
PageTables:        43604 kB
NFS_Unstable:          0 kB
Bounce:                0 kB
WritebackTmp:          0 kB
CommitLimit:     1980048 kB
Committed_AS:   87255624 kB
VmallocTotal:     458752 kB
VmallocUsed:      119440 kB
VmallocChunk:     159748 kB
Time pass: 304 sec

---2015-12-15 11:39:31
MemTotal:        1862952 kB
MemFree:           46596 kB
Buffers:           10420 kB
Cached:           556976 kB
SwapCached:         5424 kB
Active:           679596 kB
Inactive:         630576 kB
Active(anon):     387388 kB
Inactive(anon):   360396 kB
Active(file):     292208 kB
Inactive(file):   270180 kB
Unevictable:        2372 kB
Mlocked:               0 kB
HighTotal:       1436668 kB
HighFree:           3468 kB
LowTotal:         426284 kB
LowFree:           43128 kB
SwapTotal:       1048572 kB
SwapFree:         983448 kB
Dirty:                 4 kB
Writeback:             0 kB
AnonPages:        741368 kB
Mapped:           440052 kB
Shmem:              2636 kB
Slab:              42832 kB
SReclaimable:      14244 kB
SUnreclaim:        28588 kB
KernelStack:       12208 kB
PageTables:        43604 kB
NFS_Unstable:          0 kB
Bounce:                0 kB
WritebackTmp:          0 kB
CommitLimit:     1980048 kB
Committed_AS:   87255704 kB
VmallocTotal:     458752 kB
VmallocUsed:      119440 kB
VmallocChunk:     159748 kB
Time pass: 308 sec

---2015-12-15 11:39:31
MemTotal:        1862952 kB
MemFree:           45804 kB
Buffers:           10420 kB
Cached:           556992 kB
SwapCached:         5424 kB
Active:           680096 kB
Inactive:         630596 kB
Active(anon):     387888 kB
Inactive(anon):   360400 kB
Active(file):     292208 kB
Inactive(file):   270196 kB
Unevictable:        2372 kB
Mlocked:               0 kB
HighTotal:       1436668 kB
HighFree:           2476 kB
LowTotal:         426284 kB
LowFree:           43328 kB
SwapTotal:       1048572 kB
SwapFree:         983448 kB
Dirty:                40 kB
Writeback:             0 kB
AnonPages:        741860 kB
Mapped:           440236 kB
Shmem:              2636 kB
Slab:              42832 kB
SReclaimable:      14244 kB
SUnreclaim:        28588 kB
KernelStack:       12248 kB
PageTables:        43608 kB
NFS_Unstable:          0 kB
Bounce:                0 kB
WritebackTmp:          0 kB
CommitLimit:     1980048 kB
Committed_AS:   87255824 kB
VmallocTotal:     458752 kB
VmallocUsed:      119520 kB
VmallocChunk:     159748 kB
Time pass: 311 sec

---2015-12-15 11:39:31
MemTotal:        1862952 kB
MemFree:           44488 kB
Buffers:           10444 kB
Cached:           557000 kB
SwapCached:         5420 kB
Active:           681664 kB
Inactive:         630588 kB
Active(anon):     389448 kB
Inactive(anon):   360360 kB
Active(file):     292216 kB
Inactive(file):   270228 kB
Unevictable:        2372 kB
Mlocked:               0 kB
HighTotal:       1436668 kB
HighFree:           2532 kB
LowTotal:         426284 kB
LowFree:           41956 kB
SwapTotal:       1048572 kB
SwapFree:         983508 kB
Dirty:                40 kB
Writeback:             0 kB
AnonPages:        743232 kB
Mapped:           440188 kB
Shmem:              2636 kB
Slab:              42864 kB
SReclaimable:      14244 kB
SUnreclaim:        28620 kB
KernelStack:       12240 kB
PageTables:        43564 kB
NFS_Unstable:          0 kB
Bounce:                0 kB
WritebackTmp:          0 kB
CommitLimit:     1980048 kB
Committed_AS:   87255992 kB
VmallocTotal:     458752 kB
VmallocUsed:      119520 kB
VmallocChunk:     159748 kB
Time pass: 315 sec

---2015-12-15 11:39:31
MemTotal:        1862952 kB
MemFree:           45400 kB
Buffers:           10444 kB
Cached:           556996 kB
SwapCached:         5420 kB
Active:           680320 kB
Inactive:         630572 kB
Active(anon):     388112 kB
Inactive(anon):   360352 kB
Active(file):     292208 kB
Inactive(file):   270220 kB
Unevictable:        2372 kB
Mlocked:               0 kB
HighTotal:       1436668 kB
HighFree:           2456 kB
LowTotal:         426284 kB
LowFree:           42944 kB
SwapTotal:       1048572 kB
SwapFree:         983508 kB
Dirty:                48 kB
Writeback:             0 kB
AnonPages:        742124 kB
Mapped:           440052 kB
Shmem:              2636 kB
Slab:              42792 kB
SReclaimable:      14244 kB
SUnreclaim:        28548 kB
KernelStack:       12216 kB
PageTables:        43604 kB
NFS_Unstable:          0 kB
Bounce:                0 kB
WritebackTmp:          0 kB
CommitLimit:     1980048 kB
Committed_AS:   87256152 kB
VmallocTotal:     458752 kB
VmallocUsed:      119520 kB
VmallocChunk:     159748 kB
Time pass: 319 sec

---2015-12-15 11:39:31
MemTotal:        1862952 kB
MemFree:           45956 kB
Buffers:           10452 kB
Cached:           556996 kB
SwapCached:         5420 kB
Active:           680836 kB
Inactive:         630584 kB
Active(anon):     388624 kB
Inactive(anon):   360356 kB
Active(file):     292212 kB
Inactive(file):   270228 kB
Unevictable:        2372 kB
Mlocked:               0 kB
HighTotal:       1436668 kB
HighFree:           2540 kB
LowTotal:         426284 kB
LowFree:           43416 kB
SwapTotal:       1048572 kB
SwapFree:         983516 kB
Dirty:                36 kB
Writeback:             0 kB
AnonPages:        742472 kB
Mapped:           440236 kB
Shmem:              2636 kB
Slab:              42800 kB
SReclaimable:      14244 kB
SUnreclaim:        28556 kB
KernelStack:       12192 kB
PageTables:        43608 kB
NFS_Unstable:          0 kB
Bounce:                0 kB
WritebackTmp:          0 kB
CommitLimit:     1980048 kB
Committed_AS:   87256296 kB
VmallocTotal:     458752 kB
VmallocUsed:      119520 kB
VmallocChunk:     159748 kB
Time pass: 323 sec

---2015-12-15 11:39:31
MemTotal:        1862952 kB
MemFree:           46216 kB
Buffers:           10468 kB
Cached:           556996 kB
SwapCached:         5416 kB
Active:           680044 kB
Inactive:         630556 kB
Active(anon):     387832 kB
Inactive(anon):   360312 kB
Active(file):     292212 kB
Inactive(file):   270244 kB
Unevictable:        2372 kB
Mlocked:               0 kB
HighTotal:       1436668 kB
HighFree:           2456 kB
LowTotal:         426284 kB
LowFree:           43760 kB
SwapTotal:       1048572 kB
SwapFree:         983560 kB
Dirty:                 0 kB
Writeback:             0 kB
AnonPages:        741692 kB
Mapped:           440236 kB
Shmem:              2636 kB
Slab:              42760 kB
SReclaimable:      14244 kB
SUnreclaim:        28516 kB
KernelStack:       12200 kB
PageTables:        43608 kB
NFS_Unstable:          0 kB
Bounce:                0 kB
WritebackTmp:          0 kB
CommitLimit:     1980048 kB
Committed_AS:   87256368 kB
VmallocTotal:     458752 kB
VmallocUsed:      119520 kB
VmallocChunk:     159748 kB
Time pass: 327 sec

---2015-12-15 11:39:31
MemTotal:        1862952 kB
MemFree:           45372 kB
Buffers:           10484 kB
Cached:           556988 kB
SwapCached:         5416 kB
Active:           681224 kB
Inactive:         630560 kB
Active(anon):     389012 kB
Inactive(anon):   360308 kB
Active(file):     292212 kB
Inactive(file):   270252 kB
Unevictable:        2372 kB
Mlocked:               0 kB
HighTotal:       1436668 kB
HighFree:           2540 kB
LowTotal:         426284 kB
LowFree:           42832 kB
SwapTotal:       1048572 kB
SwapFree:         983564 kB
Dirty:                32 kB
Writeback:             0 kB
AnonPages:        743008 kB
Mapped:           440052 kB
Shmem:              2636 kB
Slab:              42792 kB
SReclaimable:      14244 kB
SUnreclaim:        28548 kB
KernelStack:       12240 kB
PageTables:        43612 kB
NFS_Unstable:          0 kB
Bounce:                0 kB
WritebackTmp:          0 kB
CommitLimit:     1980048 kB
Committed_AS:   87256544 kB
VmallocTotal:     458752 kB
VmallocUsed:      119520 kB
VmallocChunk:     159748 kB
Time pass: 331 sec

---2015-12-15 11:39:31
MemTotal:        1862952 kB
MemFree:           43436 kB
Buffers:           10492 kB
Cached:           556996 kB
SwapCached:         5416 kB
Active:           682636 kB
Inactive:         630576 kB
Active(anon):     390424 kB
Inactive(anon):   360308 kB
Active(file):     292212 kB
Inactive(file):   270268 kB
Unevictable:        2372 kB
Mlocked:               0 kB
HighTotal:       1436668 kB
HighFree:           2544 kB
LowTotal:         426284 kB
LowFree:           40892 kB
SwapTotal:       1048572 kB
SwapFree:         983568 kB
Dirty:                 0 kB
Writeback:             0 kB
AnonPages:        744416 kB
Mapped:           440052 kB
