---2015-12-08 15:44:45
MemTotal:        2873608 kB
MemFree:           80044 kB
Buffers:           22212 kB
Cached:          1273760 kB
SwapCached:            0 kB
Active:          1346184 kB
Inactive:         902952 kB
Active(anon):     766936 kB
Inactive(anon):   196192 kB
Active(file):     579248 kB
Inactive(file):   706760 kB
Unevictable:        8104 kB
Mlocked:               0 kB
SwapTotal:        715328 kB
SwapFree:         715328 kB
Dirty:               128 kB
Writeback:             0 kB
AnonPages:        961496 kB
Mapped:           502636 kB
Shmem:              1716 kB
Slab:              97004 kB
SReclaimable:      31460 kB
SUnreclaim:        65544 kB
KernelStack:       37904 kB
PageTables:        50580 kB
NFS_Unstable:          0 kB
Bounce:                0 kB
WritebackTmp:          0 kB
CommitLimit:     2152132 kB
Committed_AS:   126139384 kB
VmallocTotal:   251658176 kB
VmallocUsed:      137312 kB
VmallocChunk:   251415084 kB
Time pass: 3 sec

---2015-12-08 15:44:45
MemTotal:        2873608 kB
MemFree:           88024 kB
Buffers:           22108 kB
Cached:          1281640 kB
SwapCached:            0 kB
Active:          1349392 kB
Inactive:         894672 kB
Active(anon):     753872 kB
Inactive(anon):   196188 kB
Active(file):     595520 kB
Inactive(file):   698484 kB
Unevictable:        8104 kB
Mlocked:               0 kB
SwapTotal:        715328 kB
SwapFree:         715328 kB
Dirty:              6208 kB
Writeback:             0 kB
AnonPages:        948712 kB
Mapped:           472488 kB
Shmem:              1716 kB
Slab:              97096 kB
SReclaimable:      31460 kB
SUnreclaim:        65636 kB
KernelStack:       37168 kB
PageTables:        49144 kB
NFS_Unstable:          0 kB
Bounce:                0 kB
WritebackTmp:          0 kB
CommitLimit:     2152132 kB
Committed_AS:   123111268 kB
VmallocTotal:   251658176 kB
VmallocUsed:      135272 kB
VmallocChunk:   251415084 kB
Time pass: 7 sec

---2015-12-08 15:44:45
MemTotal:        2873608 kB
MemFree:          107372 kB
Buffers:           22300 kB
Cached:          1283700 kB
SwapCached:            0 kB
Active:          1344616 kB
Inactive:         882484 kB
Active(anon):     734736 kB
Inactive(anon):   196260 kB
Active(file):     609880 kB
Inactive(file):   686224 kB
Unevictable:        8104 kB
Mlocked:               0 kB
SwapTotal:        715328 kB
SwapFree:         715328 kB
Dirty:              6564 kB
Writeback:             0 kB
AnonPages:        929624 kB
Mapped:           467948 kB
Shmem:              1792 kB
Slab:              96820 kB
SReclaimable:      31460 kB
SUnreclaim:        65360 kB
KernelStack:       36560 kB
PageTables:        48884 kB
NFS_Unstable:          0 kB
Bounce:                0 kB
WritebackTmp:          0 kB
CommitLimit:     2152132 kB
Committed_AS:   123625868 kB
VmallocTotal:   251658176 kB
VmallocUsed:      135136 kB
VmallocChunk:   251416108 kB
Time pass: 11 sec

---2015-12-08 15:44:45
MemTotal:        2873608 kB
MemFree:           95860 kB
Buffers:           23876 kB
Cached:          1283584 kB
SwapCached:            0 kB
Active:          1362884 kB
Inactive:         879868 kB
Active(anon):     748868 kB
Inactive(anon):   196104 kB
Active(file):     614016 kB
Inactive(file):   683764 kB
Unevictable:        8104 kB
Mlocked:               0 kB
SwapTotal:        715328 kB
SwapFree:         715328 kB
Dirty:               204 kB
Writeback:             0 kB
AnonPages:        943920 kB
Mapped:           462868 kB
Shmem:              1576 kB
Slab:              96856 kB
SReclaimable:      31496 kB
SUnreclaim:        65360 kB
KernelStack:       36080 kB
PageTables:        48736 kB
NFS_Unstable:          0 kB
Bounce:                0 kB
WritebackTmp:          0 kB
CommitLimit:     2152132 kB
Committed_AS:   123079028 kB
VmallocTotal:   251658176 kB
VmallocUsed:      134976 kB
VmallocChunk:   251425324 kB
Time pass: 15 sec

---2015-12-08 15:44:45
MemTotal:        2873608 kB
MemFree:           80348 kB
Buffers:           24216 kB
Cached:          1286548 kB
SwapCached:            0 kB
Active:          1371808 kB
Inactive:         881176 kB
Active(anon):     755944 kB
Inactive(anon):   196180 kB
Active(file):     615864 kB
Inactive(file):   684996 kB
Unevictable:        8104 kB
Mlocked:               0 kB
SwapTotal:        715328 kB
SwapFree:         715328 kB
Dirty:               120 kB
Writeback:            32 kB
AnonPages:        950532 kB
Mapped:           496940 kB
Shmem:              1728 kB
Slab:              96648 kB
SReclaimable:      31352 kB
SUnreclaim:        65296 kB
KernelStack:       37264 kB
PageTables:        48560 kB
NFS_Unstable:          0 kB
Bounce:                0 kB
WritebackTmp:          0 kB
CommitLimit:     2152132 kB
Committed_AS:   117978304 kB
VmallocTotal:   251658176 kB
VmallocUsed:      134252 kB
VmallocChunk:   251425324 kB
Time pass: 18 sec

---2015-12-08 15:44:45
MemTotal:        2873608 kB
MemFree:           65392 kB
Buffers:           23436 kB
Cached:          1158512 kB
SwapCached:            0 kB
Active:          1386848 kB
Inactive:         783052 kB
Active(anon):     802696 kB
Inactive(anon):   200428 kB
Active(file):     584152 kB
Inactive(file):   582624 kB
Unevictable:       13568 kB
Mlocked:               0 kB
SwapTotal:        715328 kB
SwapFree:         714760 kB
Dirty:              7804 kB
Writeback:             0 kB
AnonPages:       1001432 kB
Mapped:           502796 kB
Shmem:              1680 kB
Slab:              98516 kB
SReclaimable:      31844 kB
SUnreclaim:        66672 kB
KernelStack:       38800 kB
PageTables:        50064 kB
NFS_Unstable:          0 kB
Bounce:                0 kB
WritebackTmp:          0 kB
CommitLimit:     2152132 kB
Committed_AS:   121099300 kB
VmallocTotal:   251658176 kB
VmallocUsed:      136000 kB
VmallocChunk:   251425324 kB
Time pass: 22 sec

---2015-12-08 15:44:45
MemTotal:        2873608 kB
MemFree:          119396 kB
Buffers:           23748 kB
Cached:          1097628 kB
SwapCached:            0 kB
Active:          1318508 kB
Inactive:         743756 kB
Active(anon):     754540 kB
Inactive(anon):   201480 kB
Active(file):     563968 kB
Inactive(file):   542276 kB
Unevictable:       13568 kB
Mlocked:               0 kB
SwapTotal:        715328 kB
SwapFree:         714116 kB
Dirty:              1432 kB
Writeback:             0 kB
AnonPages:        954784 kB
Mapped:           546272 kB
Shmem:              1564 kB
Slab:              97860 kB
SReclaimable:      31528 kB
SUnreclaim:        66332 kB
KernelStack:       37856 kB
PageTables:        49712 kB
NFS_Unstable:          0 kB
Bounce:                0 kB
WritebackTmp:          0 kB
CommitLimit:     2152132 kB
Committed_AS:   120950008 kB
VmallocTotal:   251658176 kB
VmallocUsed:      136404 kB
VmallocChunk:   251425324 kB
Time pass: 26 sec

---2015-12-08 15:44:45
MemTotal:        2873608 kB
MemFree:           97880 kB
Buffers:           23608 kB
Cached:          1101096 kB
SwapCached:            0 kB
Active:          1328220 kB
Inactive:         754432 kB
Active(anon):     770672 kB
Inactive(anon):   202616 kB
Active(file):     557548 kB
Inactive(file):   551816 kB
Unevictable:       13568 kB
Mlocked:               0 kB
SwapTotal:        715328 kB
SwapFree:         713612 kB
Dirty:               276 kB
Writeback:             0 kB
AnonPages:        972112 kB
Mapped:           568920 kB
Shmem:              1420 kB
Slab:              98292 kB
SReclaimable:      31560 kB
SUnreclaim:        66732 kB
KernelStack:       38304 kB
PageTables:        49864 kB
NFS_Unstable:          0 kB
Bounce:                0 kB
WritebackTmp:          0 kB
CommitLimit:     2152132 kB
Committed_AS:   118832528 kB
VmallocTotal:   251658176 kB
VmallocUsed:      135544 kB
VmallocChunk:   251425324 kB
Time pass: 30 sec

---2015-12-08 15:44:45
MemTotal:        2873608 kB
MemFree:           70156 kB
Buffers:           23476 kB
Cached:          1114292 kB
SwapCached:            0 kB
Active:          1346976 kB
Inactive:         763640 kB
Active(anon):     785260 kB
Inactive(anon):   202620 kB
Active(file):     561716 kB
Inactive(file):   561020 kB
Unevictable:       13568 kB
Mlocked:               0 kB
SwapTotal:        715328 kB
SwapFree:         713612 kB
Dirty:                44 kB
Writeback:             0 kB
AnonPages:        986352 kB
Mapped:           569960 kB
Shmem:              1420 kB
Slab:              97920 kB
SReclaimable:      31688 kB
SUnreclaim:        66232 kB
KernelStack:       38848 kB
PageTables:        49812 kB
NFS_Unstable:          0 kB
Bounce:                0 kB
WritebackTmp:          0 kB
CommitLimit:     2152132 kB
Committed_AS:   118289624 kB
VmallocTotal:   251658176 kB
VmallocUsed:      135544 kB
VmallocChunk:   251425324 kB
Time pass: 34 sec

---2015-12-08 15:44:45
MemTotal:        2873608 kB
MemFree:           63348 kB
Buffers:           19160 kB
Cached:          1105004 kB
SwapCached:            0 kB
Active:          1361080 kB
Inactive:         757120 kB
Active(anon):     806516 kB
Inactive(anon):   202248 kB
Active(file):     554564 kB
Inactive(file):   554872 kB
Unevictable:       13568 kB
Mlocked:               0 kB
SwapTotal:        715328 kB
SwapFree:         713552 kB
Dirty:               368 kB
Writeback:             0 kB
AnonPages:       1008228 kB
Mapped:           567940 kB
Shmem:              1124 kB
Slab:              98352 kB
SReclaimable:      31440 kB
SUnreclaim:        66912 kB
KernelStack:       39520 kB
PageTables:        52020 kB
NFS_Unstable:          0 kB
Bounce:                0 kB
WritebackTmp:          0 kB
CommitLimit:     2152132 kB
Committed_AS:   124795228 kB
VmallocTotal:   251658176 kB
VmallocUsed:      139624 kB
VmallocChunk:   251425324 kB
Time pass: 37 sec

---2015-12-08 15:44:45
MemTotal:        2873608 kB
MemFree:           70416 kB
Buffers:           19452 kB
Cached:          1111428 kB
SwapCached:            0 kB
Active:          1352360 kB
Inactive:         763692 kB
Active(anon):     797848 kB
Inactive(anon):   202196 kB
Active(file):     554512 kB
Inactive(file):   561496 kB
Unevictable:       13568 kB
Mlocked:               0 kB
SwapTotal:        715328 kB
SwapFree:         713508 kB
Dirty:               284 kB
Writeback:             0 kB
AnonPages:        999132 kB
Mapped:           546700 kB
Shmem:              1124 kB
Slab:              99144 kB
SReclaimable:      31920 kB
SUnreclaim:        67224 kB
KernelStack:       38816 kB
PageTables:        51700 kB
NFS_Unstable:          0 kB
Bounce:                0 kB
WritebackTmp:          0 kB
CommitLimit:     2152132 kB
Committed_AS:   126281204 kB
VmallocTotal:   251658176 kB
VmallocUsed:      138468 kB
VmallocChunk:   251425324 kB
Time pass: 41 sec

---2015-12-08 15:44:45
MemTotal:        2873608 kB
MemFree:           65516 kB
Buffers:           19768 kB
Cached:          1025192 kB
SwapCached:            0 kB
Active:          1341656 kB
Inactive:         712384 kB
Active(anon):     821188 kB
Inactive(anon):   202764 kB
Active(file):     520468 kB
Inactive(file):   509620 kB
Unevictable:       13568 kB
Mlocked:               0 kB
SwapTotal:        715328 kB
SwapFree:         712452 kB
Dirty:               660 kB
Writeback:             0 kB
AnonPages:       1022836 kB
Mapped:           559736 kB
Shmem:              1300 kB
Slab:              99252 kB
SReclaimable:      31844 kB
SUnreclaim:        67408 kB
KernelStack:       38512 kB
PageTables:        51812 kB
NFS_Unstable:          0 kB
Bounce:                0 kB
WritebackTmp:          0 kB
CommitLimit:     2152132 kB
Committed_AS:   125059104 kB
VmallocTotal:   251658176 kB
VmallocUsed:      137660 kB
VmallocChunk:   251425324 kB
Time pass: 45 sec

---2015-12-08 15:44:45
MemTotal:        2873608 kB
MemFree:           79432 kB
Buffers:           19652 kB
Cached:          1014584 kB
SwapCached:            0 kB
Active:          1343704 kB
Inactive:         699416 kB
Active(anon):     816592 kB
Inactive(anon):   206876 kB
Active(file):     527112 kB
Inactive(file):   492540 kB
Unevictable:       13568 kB
Mlocked:               0 kB
SwapTotal:        715328 kB
SwapFree:         712088 kB
Dirty:                 8 kB
Writeback:             0 kB
AnonPages:       1022308 kB
Mapped:           561656 kB
Shmem:              1132 kB
Slab:              98680 kB
SReclaimable:      31692 kB
SUnreclaim:        66988 kB
KernelStack:       38656 kB
PageTables:        51540 kB
NFS_Unstable:          0 kB
Bounce:                0 kB
WritebackTmp:          0 kB
CommitLimit:     2152132 kB
Committed_AS:   123291220 kB
VmallocTotal:   251658176 kB
VmallocUsed:      136640 kB
VmallocChunk:   251425324 kB
Time pass: 48 sec

---2015-12-08 15:44:45
MemTotal:        2873608 kB
MemFree:           79548 kB
Buffers:           18548 kB
Cached:           988036 kB
SwapCached:            0 kB
Active:          1330260 kB
Inactive:         690072 kB
Active(anon):     821516 kB
Inactive(anon):   206888 kB
Active(file):     508744 kB
Inactive(file):   483184 kB
Unevictable:       13568 kB
Mlocked:               0 kB
SwapTotal:        715328 kB
SwapFree:         711088 kB
Dirty:              1736 kB
Writeback:             0 kB
AnonPages:       1027472 kB
Mapped:           591516 kB
Shmem:              1136 kB
Slab:              96368 kB
SReclaimable:      29468 kB
SUnreclaim:        66900 kB
KernelStack:       38304 kB
PageTables:        50372 kB
NFS_Unstable:          0 kB
Bounce:                0 kB
WritebackTmp:          0 kB
CommitLimit:     2152132 kB
Committed_AS:   120294768 kB
VmallocTotal:   251658176 kB
VmallocUsed:      134824 kB
VmallocChunk:   251425324 kB
Time pass: 52 sec

---2015-12-08 15:44:45
MemTotal:        2873608 kB
MemFree:           81476 kB
Buffers:           18548 kB
Cached:           982248 kB
SwapCached:            0 kB
Active:          1319764 kB
Inactive:         686912 kB
Active(anon):     813468 kB
Inactive(anon):   207136 kB
Active(file):     506296 kB
Inactive(file):   479776 kB
Unevictable:       13568 kB
Mlocked:               0 kB
SwapTotal:        715328 kB
SwapFree:         710792 kB
Dirty:               824 kB
Writeback:             0 kB
AnonPages:       1019608 kB
Mapped:           602608 kB
Shmem:              1136 kB
Slab:              98420 kB
SReclaimable:      31500 kB
SUnreclaim:        66920 kB
KernelStack:       38112 kB
PageTables:        50480 kB
NFS_Unstable:          0 kB
Bounce:                0 kB
WritebackTmp:          0 kB
CommitLimit:     2152132 kB
Committed_AS:   120294712 kB
VmallocTotal:   251658176 kB
VmallocUsed:      134916 kB
VmallocChunk:   251425324 kB
Time pass: 56 sec

---2015-12-08 15:44:45
MemTotal:        2873608 kB
MemFree:           65016 kB
Buffers:           19580 kB
Cached:           962812 kB
SwapCached:            0 kB
Active:          1345640 kB
Inactive:         681964 kB
Active(anon):     847648 kB
Inactive(anon):   212288 kB
Active(file):     497992 kB
Inactive(file):   469676 kB
Unevictable:       13568 kB
Mlocked:               0 kB
SwapTotal:        715328 kB
SwapFree:         709676 kB
Dirty:                96 kB
Writeback:            56 kB
AnonPages:       1059136 kB
Mapped:           623432 kB
Shmem:              1136 kB
Slab:              98528 kB
SReclaimable:      31668 kB
SUnreclaim:        66860 kB
KernelStack:       39280 kB
PageTables:        51344 kB
NFS_Unstable:          0 kB
Bounce:                0 kB
WritebackTmp:          0 kB
CommitLimit:     2152132 kB
Committed_AS:   121542332 kB
VmallocTotal:   251658176 kB
VmallocUsed:      135936 kB
VmallocChunk:   251425324 kB
Time pass: 59 sec

---2015-12-08 15:44:45
MemTotal:        2873608 kB
MemFree:           95732 kB
Buffers:           19440 kB
Cached:           946216 kB
SwapCached:            0 kB
Active:          1303808 kB
Inactive:         682380 kB
Active(anon):     821616 kB
Inactive(anon):   213788 kB
Active(file):     482192 kB
Inactive(file):   468592 kB
Unevictable:       13568 kB
Mlocked:               0 kB
SwapTotal:        715328 kB
SwapFree:         708480 kB
Dirty:               184 kB
Writeback:             0 kB
AnonPages:       1034000 kB
Mapped:           631016 kB
Shmem:              1136 kB
Slab:              98348 kB
SReclaimable:      31380 kB
SUnreclaim:        66968 kB
KernelStack:       39312 kB
PageTables:        51400 kB
NFS_Unstable:          0 kB
Bounce:                0 kB
WritebackTmp:          0 kB
CommitLimit:     2152132 kB
Committed_AS:   121542428 kB
VmallocTotal:   251658176 kB
VmallocUsed:      136048 kB
VmallocChunk:   251425324 kB
Time pass: 63 sec

---2015-12-08 15:44:45
MemTotal:        2873608 kB
MemFree:           95124 kB
Buffers:           19456 kB
Cached:           946152 kB
SwapCached:            0 kB
Active:          1304760 kB
Inactive:         682520 kB
Active(anon):     822604 kB
Inactive(anon):   213784 kB
Active(file):     482156 kB
Inactive(file):   468736 kB
Unevictable:       13568 kB
Mlocked:               0 kB
SwapTotal:        715328 kB
SwapFree:         708480 kB
Dirty:               264 kB
Writeback:             0 kB
AnonPages:       1035412 kB
Mapped:           631032 kB
Shmem:              1136 kB
Slab:              98424 kB
SReclaimable:      31604 kB
SUnreclaim:        66820 kB
KernelStack:       39312 kB
PageTables:        51392 kB
NFS_Unstable:          0 kB
Bounce:                0 kB
WritebackTmp:          0 kB
CommitLimit:     2152132 kB
Committed_AS:   121542556 kB
VmallocTotal:   251658176 kB
VmallocUsed:      136048 kB
VmallocChunk:   251425324 kB
Time pass: 67 sec

---2015-12-08 15:44:45
MemTotal:        2873608 kB
MemFree:           67212 kB
Buffers:           19268 kB
Cached:           923220 kB
SwapCached:            0 kB
Active:          1298164 kB
Inactive:         671820 kB
Active(anon):     830636 kB
Inactive(anon):   211568 kB
Active(file):     467528 kB
Inactive(file):   460252 kB
Unevictable:       13568 kB
Mlocked:               0 kB
SwapTotal:        715328 kB
SwapFree:         706628 kB
Dirty:               536 kB
Writeback:             0 kB
AnonPages:       1041088 kB
Mapped:           644180 kB
Shmem:              1136 kB
Slab:              98900 kB
SReclaimable:      31892 kB
SUnreclaim:        67008 kB
KernelStack:       39376 kB
PageTables:        51444 kB
NFS_Unstable:          0 kB
Bounce:                0 kB
WritebackTmp:          0 kB
CommitLimit:     2152132 kB
Committed_AS:   121551292 kB
VmallocTotal:   251658176 kB
VmallocUsed:      136208 kB
VmallocChunk:   251425324 kB
Time pass: 71 sec

---2015-12-08 15:44:45
MemTotal:        2873608 kB
MemFree:           66748 kB
Buffers:           18996 kB
Cached:           914232 kB
SwapCached:            0 kB
Active:          1303012 kB
Inactive:         670344 kB
Active(anon):     843908 kB
Inactive(anon):   210924 kB
Active(file):     459104 kB
Inactive(file):   459420 kB
Unevictable:       13568 kB
Mlocked:               0 kB
SwapTotal:        715328 kB
SwapFree:         706048 kB
Dirty:               340 kB
Writeback:             0 kB
AnonPages:       1054216 kB
Mapped:           648092 kB
Shmem:              1136 kB
Slab:              98468 kB
SReclaimable:      31492 kB
SUnreclaim:        66976 kB
KernelStack:       39744 kB
PageTables:        51496 kB
NFS_Unstable:          0 kB
Bounce:                0 kB
WritebackTmp:          0 kB
CommitLimit:     2152132 kB
Committed_AS:   121556692 kB
VmallocTotal:   251658176 kB
VmallocUsed:      136208 kB
VmallocChunk:   251425324 kB
Time pass: 74 sec

---2015-12-08 15:44:45
MemTotal:        2873608 kB
MemFree:           64148 kB
Buffers:           17152 kB
Cached:           906328 kB
SwapCached:            4 kB
Active:          1310832 kB
Inactive:         665740 kB
Active(anon):     854420 kB
Inactive(anon):   213500 kB
Active(file):     456412 kB
Inactive(file):   452240 kB
Unevictable:       13568 kB
Mlocked:               0 kB
SwapTotal:        715328 kB
SwapFree:         705424 kB
Dirty:               376 kB
Writeback:             0 kB
AnonPages:       1066736 kB
Mapped:           649260 kB
Shmem:              1176 kB
Slab:              98956 kB
SReclaimable:      32052 kB
SUnreclaim:        66904 kB
KernelStack:       39984 kB
PageTables:        51704 kB
NFS_Unstable:          0 kB
Bounce:                0 kB
WritebackTmp:          0 kB
CommitLimit:     2152132 kB
Committed_AS:   121596484 kB
VmallocTotal:   251658176 kB
VmallocUsed:      138640 kB
VmallocChunk:   251425324 kB
Time pass: 78 sec

---2015-12-08 15:44:45
MemTotal:        2873608 kB
MemFree:           67948 kB
Buffers:           17144 kB
Cached:           901268 kB
SwapCached:            4 kB
Active:          1310044 kB
Inactive:         661484 kB
Active(anon):     854316 kB
Inactive(anon):   213828 kB
Active(file):     455728 kB
Inactive(file):   447656 kB
Unevictable:       13568 kB
Mlocked:               0 kB
SwapTotal:        715328 kB
SwapFree:         704992 kB
Dirty:                76 kB
Writeback:             0 kB
AnonPages:       1066884 kB
Mapped:           647664 kB
Shmem:              1392 kB
Slab:              98844 kB
SReclaimable:      31956 kB
SUnreclaim:        66888 kB
KernelStack:       39904 kB
PageTables:        51724 kB
NFS_Unstable:          0 kB
Bounce:                0 kB
WritebackTmp:          0 kB
CommitLimit:     2152132 kB
Committed_AS:   121596480 kB
VmallocTotal:   251658176 kB
VmallocUsed:      138640 kB
VmallocChunk:   251425324 kB
Time pass: 82 sec

---2015-12-08 15:44:45
MemTotal:        2873608 kB
MemFree:           65488 kB
Buffers:           17152 kB
Cached:           901368 kB
SwapCached:            4 kB
Active:          1312792 kB
Inactive:         661584 kB
Active(anon):     856988 kB
Inactive(anon):   213908 kB
Active(file):     455804 kB
Inactive(file):   447676 kB
Unevictable:       13568 kB
Mlocked:               0 kB
SwapTotal:        715328 kB
SwapFree:         704992 kB
Dirty:                56 kB
Writeback:             0 kB
AnonPages:       1069364 kB
Mapped:           647976 kB
Shmem:              1468 kB
Slab:              99000 kB
SReclaimable:      31952 kB
SUnreclaim:        67048 kB
KernelStack:       39888 kB
PageTables:        51940 kB
NFS_Unstable:          0 kB
Bounce:                0 kB
WritebackTmp:          0 kB
CommitLimit:     2152132 kB
Committed_AS:   121596488 kB
VmallocTotal:   251658176 kB
VmallocUsed:      138640 kB
VmallocChunk:   251425324 kB
Time pass: 86 sec

---2015-12-08 15:44:45
MemTotal:        2873608 kB
MemFree:           63116 kB
Buffers:           17188 kB
Cached:           901592 kB
SwapCached:            4 kB
Active:          1314400 kB
Inactive:         661848 kB
Active(anon):     858596 kB
Inactive(anon):   214132 kB
Active(file):     455804 kB
Inactive(file):   447716 kB
Unevictable:       13568 kB
Mlocked:               0 kB
SwapTotal:        715328 kB
SwapFree:         704992 kB
Dirty:                92 kB
Writeback:             0 kB
AnonPages:       1071012 kB
Mapped:           648156 kB
Shmem:              1692 kB
Slab:              99044 kB
SReclaimable:      31968 kB
SUnreclaim:        67076 kB
KernelStack:       39840 kB
PageTables:        51908 kB
NFS_Unstable:          0 kB
Bounce:                0 kB
WritebackTmp:          0 kB
CommitLimit:     2152132 kB
Committed_AS:   121604568 kB
VmallocTotal:   251658176 kB
VmallocUsed:      138640 kB
VmallocChunk:   251425324 kB
Time pass: 89 sec

---2015-12-08 15:44:45
MemTotal:        2873608 kB
MemFree:           68256 kB
Buffers:           16336 kB
Cached:           897936 kB
SwapCached:            4 kB
Active:          1308936 kB
Inactive:         662492 kB
Active(anon):     857672 kB
Inactive(anon):   214708 kB
Active(file):     451264 kB
Inactive(file):   447784 kB
Unevictable:       13568 kB
Mlocked:               0 kB
SwapTotal:        715328 kB
SwapFree:         704476 kB
Dirty:                 0 kB
Writeback:             0 kB
AnonPages:       1070648 kB
Mapped:           645448 kB
Shmem:              1704 kB
Slab:              98916 kB
SReclaimable:      31968 kB
SUnreclaim:        66948 kB
KernelStack:       39840 kB
PageTables:        51888 kB
NFS_Unstable:          0 kB
Bounce:                0 kB
WritebackTmp:          0 kB
CommitLimit:     2152132 kB
Committed_AS:   121604568 kB
VmallocTotal:   251658176 kB
VmallocUsed:      138640 kB
VmallocChunk:   251425324 kB
Time pass: 93 sec

---2015-12-08 15:44:45
MemTotal:        2873608 kB
MemFree:           84012 kB
Buffers:           15852 kB
Cached:           898484 kB
SwapCached:            4 kB
Active:          1309120 kB
Inactive:         649268 kB
Active(anon):     844424 kB
Inactive(anon):   214584 kB
Active(file):     464696 kB
Inactive(file):   434684 kB
Unevictable:       13568 kB
Mlocked:               0 kB
SwapTotal:        715328 kB
SwapFree:         704096 kB
Dirty:                40 kB
Writeback:             0 kB
AnonPages:       1057800 kB
Mapped:           644408 kB
Shmem:              1044 kB
Slab:              98924 kB
SReclaimable:      31828 kB
SUnreclaim:        67096 kB
KernelStack:       40032 kB
PageTables:        51484 kB
NFS_Unstable:          0 kB
Bounce:                0 kB
WritebackTmp:          0 kB
CommitLimit:     2152132 kB
Committed_AS:   121577280 kB
VmallocTotal:   251658176 kB
VmallocUsed:      138640 kB
VmallocChunk:   251425324 kB
Time pass: 97 sec

---2015-12-08 15:44:45
MemTotal:        2873608 kB
MemFree:          313360 kB
Buffers:           15888 kB
Cached:           898872 kB
SwapCached:            4 kB
Active:          1221600 kB
Inactive:         642492 kB
Active(anon):     749928 kB
Inactive(anon):   213972 kB
Active(file):     471672 kB
Inactive(file):   428520 kB
Unevictable:       13568 kB
Mlocked:               0 kB
SwapTotal:        715328 kB
SwapFree:         704084 kB
Dirty:               368 kB
Writeback:             0 kB
AnonPages:        962788 kB
Mapped:           460828 kB
Shmem:              1000 kB
Slab:              98436 kB
SReclaimable:      31656 kB
SUnreclaim:        66780 kB
KernelStack:       38432 kB
PageTables:        49172 kB
NFS_Unstable:          0 kB
Bounce:                0 kB
WritebackTmp:          0 kB
CommitLimit:     2152132 kB
Committed_AS:   118380644 kB
VmallocTotal:   251658176 kB
VmallocUsed:      135500 kB
VmallocChunk:   251425324 kB
Time pass: 100 sec

---2015-12-08 15:44:45
MemTotal:        2873608 kB
MemFree:          311988 kB
Buffers:           15912 kB
Cached:           899076 kB
SwapCached:            4 kB
Active:          1222076 kB
Inactive:         642536 kB
Active(anon):     750284 kB
Inactive(anon):   213952 kB
Active(file):     471792 kB
Inactive(file):   428584 kB
Unevictable:       13568 kB
Mlocked:               0 kB
SwapTotal:        715328 kB
SwapFree:         704084 kB
Dirty:               572 kB
Writeback:            52 kB
AnonPages:        963124 kB
Mapped:           461000 kB
Shmem:              1000 kB
Slab:              98308 kB
SReclaimable:      31544 kB
SUnreclaim:        66764 kB
KernelStack:       37904 kB
PageTables:        49192 kB
NFS_Unstable:          0 kB
Bounce:                0 kB
WritebackTmp:          0 kB
CommitLimit:     2152132 kB
Committed_AS:   118380612 kB
VmallocTotal:   251658176 kB
VmallocUsed:      135512 kB
VmallocChunk:   251425324 kB
Time pass: 104 sec

---2015-12-08 15:44:45
MemTotal:        2873608 kB
MemFree:          292888 kB
Buffers:           16216 kB
Cached:           904664 kB
SwapCached:            4 kB
Active:          1273416 kB
Inactive:         645908 kB
Active(anon):     799068 kB
Inactive(anon):   215180 kB
Active(file):     474348 kB
Inactive(file):   430728 kB
Unevictable:       13568 kB
Mlocked:               0 kB
SwapTotal:        715328 kB
SwapFree:         704084 kB
Dirty:              1308 kB
Writeback:             0 kB
AnonPages:       1012592 kB
Mapped:           476908 kB
Shmem:              2236 kB
Slab:              98692 kB
SReclaimable:      31544 kB
SUnreclaim:        67148 kB
KernelStack:       39024 kB
PageTables:        50300 kB
NFS_Unstable:          0 kB
Bounce:                0 kB
WritebackTmp:          0 kB
CommitLimit:     2152132 kB
Committed_AS:   119706652 kB
VmallocTotal:   251658176 kB
VmallocUsed:      136192 kB
VmallocChunk:   251425324 kB
Time pass: 108 sec

---2015-12-08 15:44:45
MemTotal:        2873608 kB
MemFree:          210076 kB
Buffers:           16244 kB
Cached:           904888 kB
SwapCached:            4 kB
Active:          1285896 kB
Inactive:         645552 kB
Active(anon):     811008 kB
Inactive(anon):   214084 kB
Active(file):     474888 kB
Inactive(file):   431468 kB
Unevictable:       13568 kB
Mlocked:               0 kB
SwapTotal:        715328 kB
SwapFree:         704084 kB
Dirty:               604 kB
Writeback:             0 kB
AnonPages:       1023616 kB
Mapped:           543048 kB
Shmem:              1136 kB
Slab:              98476 kB
SReclaimable:      31560 kB
SUnreclaim:        66916 kB
KernelStack:       39088 kB
PageTables:        50468 kB
NFS_Unstable:          0 kB
Bounce:                0 kB
WritebackTmp:          0 kB
CommitLimit:     2152132 kB
Committed_AS:   119708908 kB
VmallocTotal:   251658176 kB
VmallocUsed:      136756 kB
VmallocChunk:   251425324 kB
Time pass: 111 sec

---2015-12-08 15:44:45
MemTotal:        2873608 kB
MemFree:          195728 kB
Buffers:           16252 kB
Cached:           906624 kB
SwapCached:            4 kB
Active:          1265352 kB
Inactive:         646448 kB
Active(anon):     789536 kB
Inactive(anon):   214084 kB
Active(file):     475816 kB
Inactive(file):   432364 kB
Unevictable:       13568 kB
Mlocked:               0 kB
SwapTotal:        715328 kB
SwapFree:         704084 kB
Dirty:              1192 kB
Writeback:             0 kB
AnonPages:       1002420 kB
Mapped:           567804 kB
Shmem:              1136 kB
Slab:              98372 kB
SReclaimable:      31560 kB
SUnreclaim:        66812 kB
KernelStack:       39088 kB
PageTables:        50348 kB
NFS_Unstable:          0 kB
Bounce:                0 kB
WritebackTmp:          0 kB
CommitLimit:     2152132 kB
Committed_AS:   120256388 kB
VmallocTotal:   251658176 kB
VmallocUsed:      135624 kB
VmallocChunk:   251425324 kB
Time pass: 115 sec

---2015-12-08 15:44:45
MemTotal:        2873608 kB
MemFree:          178196 kB
Buffers:           16268 kB
Cached:           909724 kB
SwapCached:            4 kB
Active:          1269936 kB
Inactive:         648780 kB
Active(anon):     793344 kB
Inactive(anon):   214084 kB
Active(file):     476592 kB
Inactive(file):   434696 kB
Unevictable:       13568 kB
Mlocked:               0 kB
SwapTotal:        715328 kB
SwapFree:         704084 kB
Dirty:               300 kB
Writeback:             8 kB
AnonPages:       1006404 kB
Mapped:           577888 kB
Shmem:              1136 kB
Slab:              98432 kB
SReclaimable:      31560 kB
SUnreclaim:        66872 kB
KernelStack:       38576 kB
PageTables:        50420 kB
NFS_Unstable:          0 kB
Bounce:                0 kB
WritebackTmp:          0 kB
CommitLimit:     2152132 kB
Committed_AS:   120249204 kB
VmallocTotal:   251658176 kB
VmallocUsed:      134552 kB
VmallocChunk:   251425324 kB
Time pass: 119 sec

---2015-12-08 15:44:45
MemTotal:        2873608 kB
MemFree:          177476 kB
Buffers:           16268 kB
Cached:           909724 kB
SwapCached:            4 kB
Active:          1270016 kB
Inactive:         648780 kB
Active(anon):     793424 kB
Inactive(anon):   214084 kB
Active(file):     476592 kB
Inactive(file):   434696 kB
Unevictable:       13568 kB
Mlocked:               0 kB
SwapTotal:        715328 kB
SwapFree:         704084 kB
Dirty:                 0 kB
Writeback:             0 kB
AnonPages:       1006388 kB
Mapped:           577912 kB
Shmem:              1136 kB
Slab:              98432 kB
SReclaimable:      31560 kB
SUnreclaim:        66872 kB
KernelStack:       38576 kB
PageTables:        50444 kB
NFS_Unstable:          0 kB
Bounce:                0 kB
WritebackTmp:          0 kB
CommitLimit:     2152132 kB
Committed_AS:   120249316 kB
VmallocTotal:   251658176 kB
VmallocUsed:      134552 kB
VmallocChunk:   251425324 kB
Time pass: 123 sec

---2015-12-08 15:44:45
MemTotal:        2873608 kB
MemFree:          146864 kB
Buffers:           16276 kB
Cached:           909744 kB
SwapCached:            4 kB
Active:          1276976 kB
Inactive:         648748 kB
Active(anon):     800324 kB
Inactive(anon):   214084 kB
Active(file):     476652 kB
Inactive(file):   434664 kB
Unevictable:       13568 kB
Mlocked:               0 kB
SwapTotal:        715328 kB
SwapFree:         704084 kB
Dirty:               604 kB
Writeback:             0 kB
AnonPages:       1013316 kB
Mapped:           591784 kB
Shmem:              1136 kB
Slab:              98400 kB
SReclaimable:      31560 kB
SUnreclaim:        66840 kB
KernelStack:       38608 kB
PageTables:        50428 kB
NFS_Unstable:          0 kB
Bounce:                0 kB
WritebackTmp:          0 kB
CommitLimit:     2152132 kB
Committed_AS:   120249816 kB
VmallocTotal:   251658176 kB
VmallocUsed:      134712 kB
VmallocChunk:   251425324 kB
Time pass: 126 sec

---2015-12-08 15:44:45
MemTotal:        2873608 kB
MemFree:          146740 kB
Buffers:           16284 kB
Cached:           909744 kB
SwapCached:            4 kB
Active:          1277116 kB
Inactive:         648752 kB
Active(anon):     800464 kB
Inactive(anon):   214084 kB
Active(file):     476652 kB
Inactive(file):   434668 kB
Unevictable:       13568 kB
Mlocked:               0 kB
SwapTotal:        715328 kB
SwapFree:         704084 kB
Dirty:                36 kB
Writeback:             0 kB
AnonPages:       1013348 kB
Mapped:           591792 kB
Shmem:              1136 kB
Slab:              98408 kB
SReclaimable:      31560 kB
SUnreclaim:        66848 kB
KernelStack:       38608 kB
PageTables:        50428 kB
NFS_Unstable:          0 kB
Bounce:                0 kB
WritebackTmp:          0 kB
CommitLimit:     2152132 kB
Committed_AS:   120249792 kB
VmallocTotal:   251658176 kB
VmallocUsed:      134712 kB
VmallocChunk:   251425324 kB
Time pass: 130 sec

---2015-12-08 15:44:45
MemTotal:        2873608 kB
MemFree:          134412 kB
Buffers:           17856 kB
Cached:           909744 kB
SwapCached:            4 kB
Active:          1286000 kB
Inactive:         650260 kB
Active(anon):     809284 kB
Inactive(anon):   214080 kB
Active(file):     476716 kB
Inactive(file):   436180 kB
Unevictable:       13568 kB
Mlocked:               0 kB
SwapTotal:        715328 kB
SwapFree:         704084 kB
Dirty:               188 kB
Writeback:             0 kB
AnonPages:       1022532 kB
Mapped:           598680 kB
Shmem:              1136 kB
Slab:              98408 kB
SReclaimable:      31560 kB
SUnreclaim:        66848 kB
KernelStack:       38976 kB
PageTables:        51064 kB
NFS_Unstable:          0 kB
Bounce:                0 kB
WritebackTmp:          0 kB
CommitLimit:     2152132 kB
Committed_AS:   122033148 kB
VmallocTotal:   251658176 kB
VmallocUsed:      135732 kB
VmallocChunk:   251425324 kB
Time pass: 134 sec

---2015-12-08 15:44:45
MemTotal:        2873608 kB
MemFree:          116932 kB
Buffers:           17904 kB
Cached:           910248 kB
SwapCached:            4 kB
Active:          1295852 kB
Inactive:         649892 kB
Active(anon):     818216 kB
Inactive(anon):   214080 kB
Active(file):     477636 kB
Inactive(file):   435812 kB
Unevictable:       13568 kB
Mlocked:               0 kB
SwapTotal:        715328 kB
SwapFree:         704084 kB
Dirty:               148 kB
Writeback:             0 kB
AnonPages:       1031504 kB
Mapped:           601372 kB
Shmem:              1136 kB
Slab:              98432 kB
SReclaimable:      31572 kB
SUnreclaim:        66860 kB
KernelStack:       39152 kB
PageTables:        51100 kB
NFS_Unstable:          0 kB
Bounce:                0 kB
WritebackTmp:          0 kB
CommitLimit:     2152132 kB
Committed_AS:   122073224 kB
VmallocTotal:   251658176 kB
VmallocUsed:      138164 kB
VmallocChunk:   251425324 kB
Time pass: 138 sec

---2015-12-08 15:44:45
MemTotal:        2873608 kB
MemFree:          121984 kB
Buffers:           17936 kB
Cached:           910412 kB
SwapCached:            4 kB
Active:          1297240 kB
Inactive:         649980 kB
Active(anon):     819500 kB
Inactive(anon):   214220 kB
Active(file):     477740 kB
Inactive(file):   435760 kB
Unevictable:       13568 kB
Mlocked:               0 kB
SwapTotal:        715328 kB
SwapFree:         704084 kB
Dirty:                72 kB
Writeback:             0 kB
AnonPages:       1032300 kB
Mapped:           601892 kB
Shmem:              1280 kB
Slab:              98620 kB
SReclaimable:      31604 kB
SUnreclaim:        67016 kB
KernelStack:       39344 kB
PageTables:        50900 kB
NFS_Unstable:          0 kB
Bounce:                0 kB
WritebackTmp:          0 kB
CommitLimit:     2152132 kB
Committed_AS:   120841264 kB
VmallocTotal:   251658176 kB
VmallocUsed:      137144 kB
VmallocChunk:   251425324 kB
Time pass: 142 sec

---2015-12-08 15:44:45
MemTotal:        2873608 kB
MemFree:          120404 kB
Buffers:           17936 kB
Cached:           910552 kB
SwapCached:            4 kB
Active:          1297964 kB
Inactive:         650100 kB
Active(anon):     820204 kB
Inactive(anon):   214360 kB
Active(file):     477760 kB
Inactive(file):   435740 kB
Unevictable:       13568 kB
Mlocked:               0 kB
SwapTotal:        715328 kB
SwapFree:         704084 kB
Dirty:                 0 kB
Writeback:             0 kB
AnonPages:       1033036 kB
Mapped:           602060 kB
Shmem:              1420 kB
Slab:              98556 kB
SReclaimable:      31604 kB
SUnreclaim:        66952 kB
KernelStack:       39120 kB
PageTables:        50944 kB
NFS_Unstable:          0 kB
Bounce:                0 kB
WritebackTmp:          0 kB
CommitLimit:     2152132 kB
Committed_AS:   120841280 kB
VmallocTotal:   251658176 kB
VmallocUsed:      137144 kB
VmallocChunk:   251425324 kB
Time pass: 145 sec

---2015-12-08 15:44:45
MemTotal:        2873608 kB
MemFree:          120244 kB
Buffers:           17944 kB
Cached:           910564 kB
SwapCached:            4 kB
Active:          1298408 kB
Inactive:         650120 kB
Active(anon):     820648 kB
Inactive(anon):   214372 kB
Active(file):     477760 kB
Inactive(file):   435748 kB
Unevictable:       13568 kB
Mlocked:               0 kB
SwapTotal:        715328 kB
SwapFree:         704084 kB
Dirty:                40 kB
Writeback:             0 kB
AnonPages:       1033708 kB
Mapped:           602120 kB
Shmem:              1432 kB
Slab:              98500 kB
SReclaimable:      31604 kB
SUnreclaim:        66896 kB
KernelStack:       39152 kB
PageTables:        50976 kB
NFS_Unstable:          0 kB
Bounce:                0 kB
WritebackTmp:          0 kB
CommitLimit:     2152132 kB
Committed_AS:   120841360 kB
VmallocTotal:   251658176 kB
VmallocUsed:      137144 kB
VmallocChunk:   251425324 kB
Time pass: 149 sec

---2015-12-08 15:44:45
MemTotal:        2873608 kB
MemFree:          119260 kB
Buffers:           17952 kB
Cached:           910732 kB
SwapCached:            4 kB
Active:          1298772 kB
Inactive:         650292 kB
Active(anon):     821008 kB
Inactive(anon):   214536 kB
Active(file):     477764 kB
Inactive(file):   435756 kB
Unevictable:       13568 kB
Mlocked:               0 kB
SwapTotal:        715328 kB
SwapFree:         704084 kB
Dirty:                16 kB
Writeback:             0 kB
AnonPages:       1033868 kB
Mapped:           602392 kB
Shmem:              1596 kB
Slab:              98492 kB
SReclaimable:      31604 kB
SUnreclaim:        66888 kB
KernelStack:       39152 kB
PageTables:        50976 kB
NFS_Unstable:          0 kB
Bounce:                0 kB
WritebackTmp:          0 kB
CommitLimit:     2152132 kB
Committed_AS:   120841360 kB
VmallocTotal:   251658176 kB
VmallocUsed:      137144 kB
VmallocChunk:   251425324 kB
Time pass: 153 sec

---2015-12-08 15:44:45
MemTotal:        2873608 kB
MemFree:          119284 kB
Buffers:           17968 kB
Cached:           910272 kB
SwapCached:            4 kB
Active:          1301776 kB
Inactive:         649652 kB
Active(anon):     823824 kB
Inactive(anon):   214072 kB
Active(file):     477952 kB
Inactive(file):   435580 kB
Unevictable:       13568 kB
Mlocked:               0 kB
SwapTotal:        715328 kB
SwapFree:         704084 kB
Dirty:                68 kB
Writeback:             0 kB
AnonPages:       1036872 kB
Mapped:           603020 kB
Shmem:              1136 kB
Slab:              98484 kB
SReclaimable:      31604 kB
SUnreclaim:        66880 kB
KernelStack:       38912 kB
PageTables:        50732 kB
NFS_Unstable:          0 kB
Bounce:                0 kB
WritebackTmp:          0 kB
CommitLimit:     2152132 kB
Committed_AS:   120814004 kB
VmallocTotal:   251658176 kB
VmallocUsed:      137144 kB
VmallocChunk:   251425324 kB
Time pass: 157 sec

---2015-12-08 15:44:45
MemTotal:        2873608 kB
MemFree:          112236 kB
Buffers:           17984 kB
Cached:           910456 kB
SwapCached:            4 kB
Active:          1307904 kB
Inactive:         649852 kB
Active(anon):     829952 kB
Inactive(anon):   214252 kB
Active(file):     477952 kB
Inactive(file):   435600 kB
Unevictable:       13568 kB
Mlocked:               0 kB
SwapTotal:        715328 kB
SwapFree:         704084 kB
Dirty:                56 kB
Writeback:             0 kB
AnonPages:       1042812 kB
Mapped:           603752 kB
Shmem:              1320 kB
Slab:              98456 kB
SReclaimable:      31604 kB
SUnreclaim:        66852 kB
KernelStack:       39152 kB
PageTables:        50888 kB
NFS_Unstable:          0 kB
Bounce:                0 kB
WritebackTmp:          0 kB
CommitLimit:     2152132 kB
Committed_AS:   120849504 kB
VmallocTotal:   251658176 kB
VmallocUsed:      137144 kB
VmallocChunk:   251425324 kB
Time pass: 160 sec

---2015-12-08 15:44:45
MemTotal:        2873608 kB
MemFree:          111356 kB
Buffers:           18016 kB
Cached:           910456 kB
SwapCached:            4 kB
Active:          1306700 kB
Inactive:         649860 kB
Active(anon):     828740 kB
Inactive(anon):   214224 kB
Active(file):     477960 kB
Inactive(file):   435636 kB
Unevictable:       13568 kB
Mlocked:               0 kB
SwapTotal:        715328 kB
SwapFree:         704084 kB
Dirty:                60 kB
Writeback:             0 kB
AnonPages:       1041544 kB
Mapped:           603712 kB
Shmem:              1308 kB
Slab:              98448 kB
SReclaimable:      31600 kB
SUnreclaim:        66848 kB
KernelStack:       39152 kB
PageTables:        50928 kB
NFS_Unstable:          0 kB
Bounce:                0 kB
WritebackTmp:          0 kB
CommitLimit:     2152132 kB
Committed_AS:   120853828 kB
VmallocTotal:   251658176 kB
VmallocUsed:      137144 kB
VmallocChunk:   251425324 kB
Time pass: 164 sec

---2015-12-08 15:44:45
MemTotal:        2873608 kB
MemFree:          109636 kB
Buffers:           18032 kB
Cached:           910588 kB
SwapCached:            4 kB
Active:          1308292 kB
Inactive:         650008 kB
Active(anon):     830316 kB
Inactive(anon):   214332 kB
Active(file):     477976 kB
Inactive(file):   435676 kB
Unevictable:       13568 kB
Mlocked:               0 kB
SwapTotal:        715328 kB
SwapFree:         704084 kB
Dirty:                12 kB
Writeback:             0 kB
AnonPages:       1043300 kB
Mapped:           603808 kB
Shmem:              1400 kB
Slab:              98448 kB
SReclaimable:      31600 kB
SUnreclaim:        66848 kB
KernelStack:       39136 kB
PageTables:        50940 kB
NFS_Unstable:          0 kB
Bounce:                0 kB
WritebackTmp:          0 kB
CommitLimit:     2152132 kB
Committed_AS:   120855820 kB
VmallocTotal:   251658176 kB
VmallocUsed:      137144 kB
VmallocChunk:   251425324 kB
Time pass: 168 sec

---2015-12-08 15:44:45
MemTotal:        2873608 kB
MemFree:          109136 kB
Buffers:           18040 kB
Cached:           910628 kB
SwapCached:            4 kB
Active:          1308888 kB
Inactive:         650056 kB
Active(anon):     830912 kB
Inactive(anon):   214376 kB
Active(file):     477976 kB
Inactive(file):   435680 kB
Unevictable:       13568 kB
Mlocked:               0 kB
SwapTotal:        715328 kB
SwapFree:         704084 kB
Dirty:                20 kB
Writeback:             0 kB
AnonPages:       1043848 kB
Mapped:           603936 kB
Shmem:              1444 kB
Slab:              98440 kB
SReclaimable:      31604 kB
SUnreclaim:        66836 kB
KernelStack:       39056 kB
PageTables:        50952 kB
NFS_Unstable:          0 kB
Bounce:                0 kB
WritebackTmp:          0 kB
CommitLimit:     2152132 kB
Committed_AS:   120855728 kB
VmallocTotal:   251658176 kB
VmallocUsed:      137144 kB
VmallocChunk:   251425324 kB
Time pass: 172 sec

---2015-12-08 15:44:45
MemTotal:        2873608 kB
MemFree:          109420 kB
Buffers:           18040 kB
Cached:           910636 kB
SwapCached:            4 kB
Active:          1308220 kB
Inactive:         650060 kB
Active(anon):     830240 kB
Inactive(anon):   214376 kB
Active(file):     477980 kB
Inactive(file):   435684 kB
Unevictable:       13568 kB
Mlocked:               0 kB
SwapTotal:        715328 kB
SwapFree:         704084 kB
Dirty:                20 kB
Writeback:             0 kB
AnonPages:       1043028 kB
Mapped:           603956 kB
Shmem:              1444 kB
Slab:              98440 kB
SReclaimable:      31604 kB
SUnreclaim:        66836 kB
KernelStack:       39024 kB
PageTables:        50948 kB
NFS_Unstable:          0 kB
Bounce:                0 kB
WritebackTmp:          0 kB
CommitLimit:     2152132 kB
Committed_AS:   120855592 kB
VmallocTotal:   251658176 kB
VmallocUsed:      137144 kB
VmallocChunk:   251425324 kB
Time pass: 176 sec

---2015-12-08 15:44:45
MemTotal:        2873608 kB
MemFree:          119956 kB
Buffers:           18048 kB
Cached:           910336 kB
SwapCached:            4 kB
Active:          1299024 kB
Inactive:         649764 kB
Active(anon):     821044 kB
Inactive(anon):   214076 kB
Active(file):     477980 kB
Inactive(file):   435688 kB
Unevictable:       13568 kB
Mlocked:               0 kB
SwapTotal:        715328 kB
SwapFree:         704084 kB
Dirty:                20 kB
Writeback:             0 kB
AnonPages:       1033832 kB
Mapped:           603552 kB
Shmem:              1140 kB
Slab:              98436 kB
SReclaimable:      31604 kB
SUnreclaim:        66832 kB
KernelStack:       38656 kB
PageTables:        50748 kB
NFS_Unstable:          0 kB
Bounce:                0 kB
WritebackTmp:          0 kB
CommitLimit:     2152132 kB
Committed_AS:   120828076 kB
VmallocTotal:   251658176 kB
VmallocUsed:      137144 kB
VmallocChunk:   251425324 kB
Time pass: 179 sec

---2015-12-08 15:44:45
MemTotal:        2873608 kB
MemFree:          120708 kB
Buffers:           18048 kB
Cached:           910336 kB
SwapCached:            4 kB
Active:          1298912 kB
Inactive:         649772 kB
Active(anon):     820932 kB
Inactive(anon):   214076 kB
Active(file):     477980 kB
Inactive(file):   435696 kB
Unevictable:       13568 kB
Mlocked:               0 kB
SwapTotal:        715328 kB
SwapFree:         704084 kB
Dirty:                 0 kB
Writeback:             8 kB
AnonPages:       1033988 kB
Mapped:           603480 kB
Shmem:              1140 kB
Slab:              98436 kB
SReclaimable:      31604 kB
SUnreclaim:        66832 kB
KernelStack:       38656 kB
PageTables:        50720 kB
NFS_Unstable:          0 kB
Bounce:                0 kB
WritebackTmp:          0 kB
CommitLimit:     2152132 kB
Committed_AS:   120828028 kB
VmallocTotal:   251658176 kB
VmallocUsed:      137128 kB
VmallocChunk:   251425324 kB
Time pass: 183 sec

---2015-12-08 15:44:45
MemTotal:        2873608 kB
MemFree:          120316 kB
Buffers:           18048 kB
Cached:           910336 kB
SwapCached:            4 kB
Active:          1299048 kB
Inactive:         649772 kB
Active(anon):     821068 kB
Inactive(anon):   214076 kB
Active(file):     477980 kB
Inactive(file):   435696 kB
Unevictable:       13568 kB
Mlocked:               0 kB
SwapTotal:        715328 kB
SwapFree:         704084 kB
Dirty:                 0 kB
Writeback:             0 kB
AnonPages:       1034064 kB
Mapped:           603484 kB
Shmem:              1140 kB
Slab:              98436 kB
SReclaimable:      31604 kB
SUnreclaim:        66832 kB
KernelStack:       38656 kB
PageTables:        50720 kB
NFS_Unstable:          0 kB
Bounce:                0 kB
WritebackTmp:          0 kB
CommitLimit:     2152132 kB
Committed_AS:   120828028 kB
VmallocTotal:   251658176 kB
VmallocUsed:      137128 kB
VmallocChunk:   251425324 kB
Time pass: 187 sec

---2015-12-08 15:44:45
MemTotal:        2873608 kB
MemFree:          108132 kB
Buffers:           18088 kB
Cached:           910500 kB
SwapCached:            4 kB
Active:          1310684 kB
Inactive:         649968 kB
Active(anon):     832700 kB
Inactive(anon):   214236 kB
Active(file):     477984 kB
Inactive(file):   435732 kB
Unevictable:       13568 kB
Mlocked:               0 kB
SwapTotal:        715328 kB
SwapFree:         704084 kB
Dirty:                56 kB
Writeback:             0 kB
AnonPages:       1045708 kB
Mapped:           603912 kB
Shmem:              1304 kB
Slab:              98420 kB
SReclaimable:      31604 kB
SUnreclaim:        66816 kB
KernelStack:       39040 kB
PageTables:        50936 kB
NFS_Unstable:          0 kB
Bounce:                0 kB
WritebackTmp:          0 kB
CommitLimit:     2152132 kB
Committed_AS:   120863772 kB
VmallocTotal:   251658176 kB
VmallocUsed:      137144 kB
VmallocChunk:   251425324 kB
Time pass: 191 sec

---2015-12-08 15:44:45
MemTotal:        2873608 kB
MemFree:          106024 kB
Buffers:           18104 kB
Cached:           910524 kB
SwapCached:            4 kB
Active:          1311664 kB
Inactive:         650008 kB
Active(anon):     833680 kB
Inactive(anon):   214260 kB
Active(file):     477984 kB
Inactive(file):   435748 kB
Unevictable:       13568 kB
Mlocked:               0 kB
SwapTotal:        715328 kB
SwapFree:         704084 kB
Dirty:                 0 kB
Writeback:             0 kB
AnonPages:       1046628 kB
Mapped:           603988 kB
Shmem:              1328 kB
Slab:              98452 kB
SReclaimable:      31604 kB
SUnreclaim:        66848 kB
KernelStack:       39040 kB
PageTables:        50968 kB
NFS_Unstable:          0 kB
Bounce:                0 kB
WritebackTmp:          0 kB
CommitLimit:     2152132 kB
Committed_AS:   120863832 kB
VmallocTotal:   251658176 kB
VmallocUsed:      137144 kB
VmallocChunk:   251425324 kB
Time pass: 194 sec

---2015-12-08 15:44:45
MemTotal:        2873608 kB
MemFree:          106880 kB
Buffers:           18112 kB
Cached:           910556 kB
SwapCached:            4 kB
Active:          1310996 kB
Inactive:         650048 kB
Active(anon):     833012 kB
Inactive(anon):   214292 kB
Active(file):     477984 kB
Inactive(file):   435756 kB
Unevictable:       13568 kB
Mlocked:               0 kB
SwapTotal:        715328 kB
SwapFree:         704084 kB
Dirty:                32 kB
Writeback:             0 kB
AnonPages:       1045968 kB
Mapped:           604000 kB
Shmem:              1360 kB
Slab:              98456 kB
SReclaimable:      31608 kB
SUnreclaim:        66848 kB
KernelStack:       39040 kB
PageTables:        50960 kB
NFS_Unstable:          0 kB
Bounce:                0 kB
WritebackTmp:          0 kB
CommitLimit:     2152132 kB
Committed_AS:   120863824 kB
VmallocTotal:   251658176 kB
VmallocUsed:      137144 kB
VmallocChunk:   251425324 kB
Time pass: 198 sec

---2015-12-08 15:44:45
MemTotal:        2873608 kB
MemFree:          107168 kB
Buffers:           18128 kB
Cached:           910556 kB
SwapCached:            4 kB
Active:          1310696 kB
Inactive:         650064 kB
Active(anon):     832712 kB
Inactive(anon):   214292 kB
Active(file):     477984 kB
Inactive(file):   435772 kB
Unevictable:       13568 kB
Mlocked:               0 kB
SwapTotal:        715328 kB
SwapFree:         704084 kB
Dirty:                 0 kB
Writeback:            28 kB
AnonPages:       1045664 kB
Mapped:           604116 kB
Shmem:              1360 kB
Slab:              98456 kB
SReclaimable:      31608 kB
SUnreclaim:        66848 kB
KernelStack:       39024 kB
PageTables:        50956 kB
NFS_Unstable:          0 kB
Bounce:                0 kB
WritebackTmp:          0 kB
CommitLimit:     2152132 kB
Committed_AS:   120863840 kB
VmallocTotal:   251658176 kB
VmallocUsed:      137144 kB
VmallocChunk:   251425324 kB
Time pass: 202 sec

---2015-12-08 15:44:45
MemTotal:        2873608 kB
MemFree:          111064 kB
Buffers:           18128 kB
Cached:           910556 kB
SwapCached:            4 kB
Active:          1307408 kB
Inactive:         649996 kB
Active(anon):     829356 kB
Inactive(anon):   214292 kB
Active(file):     478052 kB
Inactive(file):   435704 kB
Unevictable:       13568 kB
Mlocked:               0 kB
SwapTotal:        715328 kB
SwapFree:         704084 kB
Dirty:                 0 kB
Writeback:             0 kB
AnonPages:       1042204 kB
Mapped:           602488 kB
Shmem:              1360 kB
Slab:              98436 kB
SReclaimable:      31608 kB
SUnreclaim:        66828 kB
KernelStack:       38832 kB
PageTables:        50420 kB
NFS_Unstable:          0 kB
Bounce:                0 kB
WritebackTmp:          0 kB
CommitLimit:     2152132 kB
Committed_AS:   119081172 kB
VmallocTotal:   251658176 kB
VmallocUsed:      136124 kB
VmallocChunk:   251425324 kB
Time pass: 206 sec

---2015-12-08 15:44:45
MemTotal:        2873608 kB
MemFree:          111536 kB
Buffers:           18136 kB
Cached:           910556 kB
SwapCached:            4 kB
Active:          1307280 kB
Inactive:         650004 kB
Active(anon):     829228 kB
Inactive(anon):   214292 kB
Active(file):     478052 kB
Inactive(file):   435712 kB
Unevictable:       13568 kB
Mlocked:               0 kB
SwapTotal:        715328 kB
SwapFree:         704084 kB
Dirty:                32 kB
Writeback:             0 kB
AnonPages:       1042340 kB
Mapped:           602488 kB
Shmem:              1360 kB
Slab:              98432 kB
SReclaimable:      31608 kB
SUnreclaim:        66824 kB
KernelStack:       38784 kB
PageTables:        50324 kB
NFS_Unstable:          0 kB
Bounce:                0 kB
WritebackTmp:          0 kB
CommitLimit:     2152132 kB
Committed_AS:   119081180 kB
VmallocTotal:   251658176 kB
VmallocUsed:      136124 kB
VmallocChunk:   251425324 kB
Time pass: 209 sec

---2015-12-08 15:44:45
MemTotal:        2873608 kB
MemFree:          111964 kB
Buffers:           18136 kB
Cached:           910556 kB
SwapCached:            4 kB
Active:          1307480 kB
Inactive:         650004 kB
Active(anon):     829428 kB
Inactive(anon):   214292 kB
Active(file):     478052 kB
Inactive(file):   435712 kB
Unevictable:       13568 kB
Mlocked:               0 kB
SwapTotal:        715328 kB
SwapFree:         704084 kB
Dirty:                 0 kB
Writeback:             0 kB
AnonPages:       1042460 kB
Mapped:           602540 kB
Shmem:              1360 kB
Slab:              98352 kB
SReclaimable:      31608 kB
SUnreclaim:        66744 kB
KernelStack:       38784 kB
PageTables:        50352 kB
NFS_Unstable:          0 kB
Bounce:                0 kB
WritebackTmp:          0 kB
CommitLimit:     2152132 kB
Committed_AS:   119081172 kB
VmallocTotal:   251658176 kB
VmallocUsed:      136124 kB
VmallocChunk:   251425324 kB
Time pass: 213 sec

---2015-12-08 15:44:45
MemTotal:        2873608 kB
MemFree:          111468 kB
Buffers:           18136 kB
Cached:           910556 kB
SwapCached:            4 kB
Active:          1307688 kB
Inactive:         650004 kB
Active(anon):     829636 kB
Inactive(anon):   214292 kB
Active(file):     478052 kB
Inactive(file):   435712 kB
Unevictable:       13568 kB
Mlocked:               0 kB
SwapTotal:        715328 kB
SwapFree:         704084 kB
Dirty:                 0 kB
Writeback:             0 kB
AnonPages:       1042604 kB
Mapped:           602604 kB
Shmem:              1360 kB
Slab:              98500 kB
SReclaimable:      31608 kB
SUnreclaim:        66892 kB
KernelStack:       38784 kB
PageTables:        50356 kB
NFS_Unstable:          0 kB
Bounce:                0 kB
WritebackTmp:          0 kB
CommitLimit:     2152132 kB
Committed_AS:   119081156 kB
VmallocTotal:   251658176 kB
VmallocUsed:      136124 kB
VmallocChunk:   251425324 kB
Time pass: 217 sec

---2015-12-08 15:44:45
MemTotal:        2873608 kB
MemFree:          110592 kB
Buffers:           18136 kB
Cached:           910556 kB
SwapCached:            4 kB
Active:          1307860 kB
Inactive:         650004 kB
Active(anon):     829808 kB
Inactive(anon):   214292 kB
Active(file):     478052 kB
Inactive(file):   435712 kB
Unevictable:       13568 kB
Mlocked:               0 kB
SwapTotal:        715328 kB
SwapFree:         704084 kB
Dirty:                 0 kB
Writeback:             0 kB
AnonPages:       1042612 kB
Mapped:           602612 kB
Shmem:              1360 kB
Slab:              98356 kB
SReclaimable:      31608 kB
SUnreclaim:        66748 kB
KernelStack:       38784 kB
PageTables:        50352 kB
NFS_Unstable:          0 kB
Bounce:                0 kB
WritebackTmp:          0 kB
CommitLimit:     2152132 kB
Committed_AS:   119081180 kB
VmallocTotal:   251658176 kB
VmallocUsed:      136124 kB
VmallocChunk:   251425324 kB
Time pass: 221 sec

---2015-12-08 15:44:45
MemTotal:        2873608 kB
MemFree:          111732 kB
Buffers:           18168 kB
Cached:           910404 kB
SwapCached:            4 kB
Active:          1308028 kB
Inactive:         649884 kB
Active(anon):     829976 kB
Inactive(anon):   214140 kB
Active(file):     478052 kB
Inactive(file):   435744 kB
Unevictable:       13568 kB
Mlocked:               0 kB
SwapTotal:        715328 kB
SwapFree:         704084 kB
Dirty:                44 kB
Writeback:             0 kB
AnonPages:       1042664 kB
Mapped:           602316 kB
Shmem:              1208 kB
Slab:              98360 kB
SReclaimable:      31608 kB
SUnreclaim:        66752 kB
KernelStack:       38656 kB
PageTables:        50244 kB
NFS_Unstable:          0 kB
Bounce:                0 kB
WritebackTmp:          0 kB
CommitLimit:     2152132 kB
Committed_AS:   119061996 kB
VmallocTotal:   251658176 kB
VmallocUsed:      136124 kB
VmallocChunk:   251425324 kB
Time pass: 224 sec

---2015-12-08 15:44:45
MemTotal:        2873608 kB
MemFree:          105560 kB
Buffers:           18200 kB
Cached:           910596 kB
SwapCached:            4 kB
Active:          1313340 kB
Inactive:         650104 kB
Active(anon):     835284 kB
Inactive(anon):   214336 kB
Active(file):     478056 kB
Inactive(file):   435768 kB
Unevictable:       13568 kB
Mlocked:               0 kB
SwapTotal:        715328 kB
SwapFree:         704084 kB
Dirty:               152 kB
Writeback:             0 kB
AnonPages:       1048340 kB
Mapped:           602616 kB
Shmem:              1404 kB
Slab:              98396 kB
SReclaimable:      31608 kB
SUnreclaim:        66788 kB
KernelStack:       38832 kB
PageTables:        50428 kB
NFS_Unstable:          0 kB
Bounce:                0 kB
WritebackTmp:          0 kB
CommitLimit:     2152132 kB
Committed_AS:   119089460 kB
VmallocTotal:   251658176 kB
VmallocUsed:      136124 kB
VmallocChunk:   251425324 kB
Time pass: 228 sec

---2015-12-08 15:44:45
MemTotal:        2873608 kB
MemFree:          103944 kB
Buffers:           18200 kB
Cached:           910640 kB
SwapCached:            4 kB
Active:          1314368 kB
Inactive:         650148 kB
Active(anon):     836312 kB
Inactive(anon):   214368 kB
Active(file):     478056 kB
Inactive(file):   435780 kB
Unevictable:       13568 kB
Mlocked:               0 kB
SwapTotal:        715328 kB
SwapFree:         704084 kB
Dirty:                 8 kB
Writeback:             0 kB
AnonPages:       1049392 kB
Mapped:           602700 kB
Shmem:              1436 kB
Slab:              98388 kB
SReclaimable:      31608 kB
SUnreclaim:        66780 kB
KernelStack:       38800 kB
PageTables:        50456 kB
NFS_Unstable:          0 kB
Bounce:                0 kB
WritebackTmp:          0 kB
CommitLimit:     2152132 kB
Committed_AS:   119089428 kB
VmallocTotal:   251658176 kB
VmallocUsed:      136124 kB
VmallocChunk:   251425324 kB
Time pass: 232 sec

---2015-12-08 15:44:45
MemTotal:        2873608 kB
MemFree:          103624 kB
Buffers:           18208 kB
Cached:           910644 kB
SwapCached:            4 kB
Active:          1314308 kB
Inactive:         650152 kB
Active(anon):     836248 kB
Inactive(anon):   214368 kB
Active(file):     478060 kB
Inactive(file):   435784 kB
Unevictable:       13568 kB
Mlocked:               0 kB
SwapTotal:        715328 kB
SwapFree:         704084 kB
Dirty:                12 kB
Writeback:             0 kB
AnonPages:       1049208 kB
Mapped:           602664 kB
Shmem:              1440 kB
Slab:              98368 kB
SReclaimable:      31592 kB
SUnreclaim:        66776 kB
KernelStack:       38768 kB
PageTables:        50424 kB
NFS_Unstable:          0 kB
Bounce:                0 kB
WritebackTmp:          0 kB
CommitLimit:     2152132 kB
Committed_AS:   119089420 kB
VmallocTotal:   251658176 kB
VmallocUsed:      136124 kB
VmallocChunk:   251425324 kB
Time pass: 236 sec

---2015-12-08 15:44:45
MemTotal:        2873608 kB
MemFree:          103588 kB
Buffers:           18216 kB
Cached:           910808 kB
SwapCached:            4 kB
Active:          1313916 kB
Inactive:         650320 kB
Active(anon):     835852 kB
Inactive(anon):   214528 kB
Active(file):     478064 kB
Inactive(file):   435792 kB
Unevictable:       13568 kB
Mlocked:               0 kB
SwapTotal:        715328 kB
SwapFree:         704084 kB
Dirty:                 8 kB
Writeback:             0 kB
AnonPages:       1048628 kB
Mapped:           602912 kB
Shmem:              1600 kB
Slab:              98368 kB
SReclaimable:      31592 kB
SUnreclaim:        66776 kB
KernelStack:       38768 kB
PageTables:        50460 kB
NFS_Unstable:          0 kB
Bounce:                0 kB
WritebackTmp:          0 kB
CommitLimit:     2152132 kB
Committed_AS:   119089428 kB
VmallocTotal:   251658176 kB
VmallocUsed:      136124 kB
VmallocChunk:   251425324 kB
Time pass: 239 sec

---2015-12-08 15:44:45
MemTotal:        2873608 kB
MemFree:          106880 kB
Buffers:           18232 kB
Cached:           910488 kB
SwapCached:            4 kB
Active:          1311620 kB
Inactive:         650016 kB
Active(anon):     833556 kB
Inactive(anon):   214224 kB
Active(file):     478064 kB
Inactive(file):   435792 kB
Unevictable:       13568 kB
Mlocked:               0 kB
SwapTotal:        715328 kB
SwapFree:         704084 kB
Dirty:                 8 kB
Writeback:             0 kB
AnonPages:       1046696 kB
Mapped:           602620 kB
Shmem:              1296 kB
Slab:              98384 kB
SReclaimable:      31608 kB
SUnreclaim:        66776 kB
KernelStack:       38816 kB
PageTables:        50392 kB
NFS_Unstable:          0 kB
Bounce:                0 kB
WritebackTmp:          0 kB
CommitLimit:     2152132 kB
Committed_AS:   119089572 kB
VmallocTotal:   251658176 kB
VmallocUsed:      136124 kB
VmallocChunk:   251425324 kB
Time pass: 243 sec

---2015-12-08 15:44:45
MemTotal:        2873608 kB
MemFree:          104968 kB
Buffers:           18248 kB
Cached:           910508 kB
SwapCached:            4 kB
Active:          1312744 kB
Inactive:         650052 kB
Active(anon):     834680 kB
Inactive(anon):   214228 kB
Active(file):     478064 kB
Inactive(file):   435824 kB
Unevictable:       13568 kB
Mlocked:               0 kB
SwapTotal:        715328 kB
SwapFree:         704084 kB
Dirty:                48 kB
Writeback:             0 kB
AnonPages:       1047544 kB
Mapped:           602580 kB
Shmem:              1300 kB
Slab:              98420 kB
SReclaimable:      31608 kB
SUnreclaim:        66812 kB
KernelStack:       38800 kB
PageTables:        50356 kB
NFS_Unstable:          0 kB
Bounce:                0 kB
WritebackTmp:          0 kB
CommitLimit:     2152132 kB
Committed_AS:   119089548 kB
VmallocTotal:   251658176 kB
VmallocUsed:      136124 kB
VmallocChunk:   251425324 kB
Time pass: 247 sec

---2015-12-08 15:44:45
MemTotal:        2873608 kB
MemFree:          105508 kB
Buffers:           18272 kB
Cached:           910536 kB
SwapCached:            4 kB
Active:          1312408 kB
Inactive:         650104 kB
Active(anon):     834344 kB
Inactive(anon):   214256 kB
Active(file):     478064 kB
Inactive(file):   435848 kB
Unevictable:       13568 kB
Mlocked:               0 kB
SwapTotal:        715328 kB
SwapFree:         704084 kB
Dirty:                44 kB
Writeback:             0 kB
AnonPages:       1047332 kB
Mapped:           602604 kB
Shmem:              1328 kB
Slab:              98416 kB
SReclaimable:      31608 kB
SUnreclaim:        66808 kB
KernelStack:       38800 kB
PageTables:        50360 kB
NFS_Unstable:          0 kB
Bounce:                0 kB
WritebackTmp:          0 kB
CommitLimit:     2152132 kB
Committed_AS:   119089532 kB
VmallocTotal:   251658176 kB
VmallocUsed:      136124 kB
VmallocChunk:   251425324 kB
Time pass: 251 sec

---2015-12-08 15:44:45
MemTotal:        2873608 kB
MemFree:          103868 kB
Buffers:           18280 kB
Cached:           910544 kB
SwapCached:            4 kB
Active:          1314144 kB
Inactive:         650116 kB
Active(anon):     836080 kB
Inactive(anon):   214264 kB
Active(file):     478064 kB
Inactive(file):   435852 kB
Unevictable:       13568 kB
Mlocked:               0 kB
SwapTotal:        715328 kB
SwapFree:         704084 kB
Dirty:                 0 kB
Writeback:             0 kB
AnonPages:       1048844 kB
Mapped:           602712 kB
Shmem:              1336 kB
Slab:              98416 kB
SReclaimable:      31608 kB
SUnreclaim:        66808 kB
KernelStack:       38800 kB
PageTables:        50388 kB
NFS_Unstable:          0 kB
Bounce:                0 kB
WritebackTmp:          0 kB
CommitLimit:     2152132 kB
Committed_AS:   119089516 kB
VmallocTotal:   251658176 kB
VmallocUsed:      136124 kB
VmallocChunk:   251425324 kB
Time pass: 255 sec

---2015-12-08 15:44:45
MemTotal:        2873608 kB
MemFree:          102288 kB
Buffers:           18280 kB
Cached:           910544 kB
SwapCached:            4 kB
Active:          1314852 kB
Inactive:         650120 kB
Active(anon):     836788 kB
Inactive(anon):   214264 kB
Active(file):     478064 kB
Inactive(file):   435856 kB
Unevictable:       13568 kB
Mlocked:               0 kB
SwapTotal:        715328 kB
SwapFree:         704084 kB
Dirty:                32 kB
Writeback:             0 kB
AnonPages:       1049896 kB
Mapped:           602724 kB
Shmem:              1336 kB
Slab:              98420 kB
SReclaimable:      31608 kB
SUnreclaim:        66812 kB
KernelStack:       38832 kB
PageTables:        50428 kB
NFS_Unstable:          0 kB
Bounce:                0 kB
WritebackTmp:          0 kB
CommitLimit:     2152132 kB
Committed_AS:   119089516 kB
VmallocTotal:   251658176 kB
VmallocUsed:      136124 kB
VmallocChunk:   251425324 kB
Time pass: 258 sec

---2015-12-08 15:44:45
MemTotal:        2873608 kB
MemFree:          102536 kB
Buffers:           18312 kB
Cached:           910544 kB
SwapCached:            4 kB
Active:          1314548 kB
Inactive:         650144 kB
Active(anon):     836484 kB
Inactive(anon):   214264 kB
Active(file):     478064 kB
Inactive(file):   435880 kB
Unevictable:       13568 kB
Mlocked:               0 kB
SwapTotal:        715328 kB
SwapFree:         704084 kB
Dirty:                60 kB
Writeback:             0 kB
AnonPages:       1049324 kB
Mapped:           602652 kB
Shmem:              1336 kB
Slab:              98564 kB
SReclaimable:      31608 kB
SUnreclaim:        66956 kB
KernelStack:       38816 kB
PageTables:        50356 kB
NFS_Unstable:          0 kB
Bounce:                0 kB
WritebackTmp:          0 kB
CommitLimit:     2152132 kB
Committed_AS:   119089580 kB
VmallocTotal:   251658176 kB
VmallocUsed:      136124 kB
VmallocChunk:   251425324 kB
Time pass: 262 sec

---2015-12-08 15:44:45
MemTotal:        2873608 kB
MemFree:          103752 kB
Buffers:           18312 kB
Cached:           910544 kB
SwapCached:            4 kB
Active:          1313872 kB
Inactive:         650152 kB
Active(anon):     835808 kB
Inactive(anon):   214264 kB
Active(file):     478064 kB
Inactive(file):   435888 kB
Unevictable:       13568 kB
Mlocked:               0 kB
SwapTotal:        715328 kB
SwapFree:         704084 kB
Dirty:                 0 kB
Writeback:            32 kB
AnonPages:       1048688 kB
Mapped:           602656 kB
Shmem:              1336 kB
Slab:              98472 kB
SReclaimable:      31608 kB
SUnreclaim:        66864 kB
KernelStack:       38784 kB
PageTables:        50360 kB
NFS_Unstable:          0 kB
Bounce:                0 kB
WritebackTmp:          0 kB
CommitLimit:     2152132 kB
Committed_AS:   119089620 kB
VmallocTotal:   251658176 kB
VmallocUsed:      136124 kB
VmallocChunk:   251425324 kB
Time pass: 266 sec

---2015-12-08 15:44:45
MemTotal:        2873608 kB
MemFree:          103532 kB
Buffers:           18320 kB
Cached:           910544 kB
SwapCached:            4 kB
Active:          1313920 kB
Inactive:         650160 kB
Active(anon):     835856 kB
Inactive(anon):   214264 kB
Active(file):     478064 kB
Inactive(file):   435896 kB
Unevictable:       13568 kB
Mlocked:               0 kB
SwapTotal:        715328 kB
SwapFree:         704084 kB
Dirty:                32 kB
Writeback:             0 kB
AnonPages:       1048772 kB
Mapped:           602664 kB
Shmem:              1336 kB
Slab:              98440 kB
SReclaimable:      31608 kB
SUnreclaim:        66832 kB
KernelStack:       38784 kB
PageTables:        50360 kB
NFS_Unstable:          0 kB
Bounce:                0 kB
WritebackTmp:          0 kB
CommitLimit:     2152132 kB
Committed_AS:   119089628 kB
VmallocTotal:   251658176 kB
VmallocUsed:      136124 kB
VmallocChunk:   251425324 kB
Time pass: 270 sec

---2015-12-08 15:44:45
MemTotal:        2873608 kB
MemFree:          106924 kB
Buffers:           18336 kB
Cached:           910544 kB
SwapCached:            4 kB
Active:          1310300 kB
Inactive:         650176 kB
Active(anon):     832236 kB
Inactive(anon):   214264 kB
Active(file):     478064 kB
Inactive(file):   435912 kB
Unevictable:       13568 kB
Mlocked:               0 kB
SwapTotal:        715328 kB
SwapFree:         704084 kB
Dirty:                40 kB
Writeback:             0 kB
AnonPages:       1045192 kB
Mapped:           602672 kB
Shmem:              1336 kB
Slab:              98448 kB
SReclaimable:      31608 kB
SUnreclaim:        66840 kB
KernelStack:       38784 kB
PageTables:        50360 kB
NFS_Unstable:          0 kB
Bounce:                0 kB
WritebackTmp:          0 kB
CommitLimit:     2152132 kB
Committed_AS:   119089644 kB
VmallocTotal:   251658176 kB
VmallocUsed:      136124 kB
VmallocChunk:   251425324 kB
Time pass: 273 sec

---2015-12-08 15:44:45
MemTotal:        2873608 kB
MemFree:          106892 kB
Buffers:           18336 kB
Cached:           910568 kB
SwapCached:            4 kB
Active:          1310028 kB
Inactive:         650200 kB
Active(anon):     831964 kB
Inactive(anon):   214288 kB
Active(file):     478064 kB
Inactive(file):   435912 kB
Unevictable:       13568 kB
Mlocked:               0 kB
SwapTotal:        715328 kB
SwapFree:         704084 kB
Dirty:                40 kB
Writeback:             0 kB
AnonPages:       1044916 kB
Mapped:           602708 kB
Shmem:              1360 kB
Slab:              98420 kB
SReclaimable:      31608 kB
SUnreclaim:        66812 kB
KernelStack:       38784 kB
PageTables:        50360 kB
NFS_Unstable:          0 kB
Bounce:                0 kB
WritebackTmp:          0 kB
CommitLimit:     2152132 kB
Committed_AS:   119089628 kB
VmallocTotal:   251658176 kB
VmallocUsed:      136124 kB
VmallocChunk:   251425324 kB
Time pass: 277 sec

---2015-12-08 15:44:45
MemTotal:        2873608 kB
MemFree:          107408 kB
Buffers:           18344 kB
Cached:           910568 kB
SwapCached:            4 kB
Active:          1310192 kB
Inactive:         650208 kB
Active(anon):     832128 kB
Inactive(anon):   214288 kB
Active(file):     478064 kB
Inactive(file):   435920 kB
Unevictable:       13568 kB
Mlocked:               0 kB
SwapTotal:        715328 kB
SwapFree:         704084 kB
Dirty:                32 kB
Writeback:             0 kB
AnonPages:       1044960 kB
Mapped:           602712 kB
Shmem:              1360 kB
Slab:              98420 kB
SReclaimable:      31608 kB
SUnreclaim:        66812 kB
KernelStack:       38784 kB
PageTables:        50360 kB
NFS_Unstable:          0 kB
Bounce:                0 kB
WritebackTmp:          0 kB
CommitLimit:     2152132 kB
Committed_AS:   119089612 kB
VmallocTotal:   251658176 kB
VmallocUsed:      136124 kB
VmallocChunk:   251425324 kB
Time pass: 281 sec

---2015-12-08 15:44:45
MemTotal:        2873608 kB
MemFree:          106772 kB
Buffers:           18360 kB
Cached:           910556 kB
SwapCached:            4 kB
Active:          1310288 kB
Inactive:         650212 kB
Active(anon):     832224 kB
Inactive(anon):   214292 kB
Active(file):     478064 kB
Inactive(file):   435920 kB
Unevictable:       13568 kB
Mlocked:               0 kB
SwapTotal:        715328 kB
SwapFree:         704084 kB
Dirty:                 0 kB
Writeback:             0 kB
AnonPages:       1045524 kB
Mapped:           602724 kB
Shmem:              1364 kB
Slab:              98416 kB
SReclaimable:      31608 kB
SUnreclaim:        66808 kB
KernelStack:       38784 kB
PageTables:        50360 kB
NFS_Unstable:          0 kB
Bounce:                0 kB
WritebackTmp:          0 kB
CommitLimit:     2152132 kB
Committed_AS:   119089644 kB
VmallocTotal:   251658176 kB
VmallocUsed:      136124 kB
VmallocChunk:   251425324 kB
Time pass: 285 sec

---2015-12-08 15:44:45
MemTotal:        2873608 kB
MemFree:          106268 kB
Buffers:           18392 kB
Cached:           911612 kB
SwapCached:            4 kB
Active:          1310288 kB
Inactive:         651300 kB
Active(anon):     832224 kB
Inactive(anon):   214296 kB
Active(file):     478064 kB
Inactive(file):   437004 kB
Unevictable:       13568 kB
Mlocked:               0 kB
SwapTotal:        715328 kB
SwapFree:         704084 kB
Dirty:               148 kB
Writeback:             0 kB
AnonPages:       1045208 kB
Mapped:           602788 kB
Shmem:              1368 kB
Slab:              98420 kB
SReclaimable:      31608 kB
SUnreclaim:        66812 kB
KernelStack:       38784 kB
PageTables:        50364 kB
NFS_Unstable:          0 kB
Bounce:                0 kB
WritebackTmp:          0 kB
CommitLimit:     2152132 kB
Committed_AS:   119089732 kB
VmallocTotal:   251658176 kB
VmallocUsed:      136124 kB
VmallocChunk:   251425324 kB
Time pass: 288 sec

---2015-12-08 15:44:45
MemTotal:        2873608 kB
MemFree:          109032 kB
Buffers:           18392 kB
Cached:           911612 kB
SwapCached:            4 kB
Active:          1307180 kB
Inactive:         651300 kB
Active(anon):     829116 kB
Inactive(anon):   214296 kB
Active(file):     478064 kB
Inactive(file):   437004 kB
Unevictable:       13568 kB
Mlocked:               0 kB
SwapTotal:        715328 kB
SwapFree:         704084 kB
Dirty:                 0 kB
Writeback:             0 kB
AnonPages:       1041924 kB
Mapped:           602792 kB
Shmem:              1368 kB
Slab:              98424 kB
SReclaimable:      31608 kB
SUnreclaim:        66816 kB
KernelStack:       38784 kB
PageTables:        50360 kB
NFS_Unstable:          0 kB
Bounce:                0 kB
WritebackTmp:          0 kB
CommitLimit:     2152132 kB
Committed_AS:   119089628 kB
VmallocTotal:   251658176 kB
VmallocUsed:      136124 kB
VmallocChunk:   251425324 kB
Time pass: 292 sec

---2015-12-08 15:44:45
MemTotal:        2873608 kB
MemFree:          108800 kB
Buffers:           18396 kB
Cached:           911608 kB
SwapCached:            4 kB
Active:          1307128 kB
Inactive:         651300 kB
Active(anon):     829064 kB
Inactive(anon):   214296 kB
Active(file):     478064 kB
Inactive(file):   437004 kB
Unevictable:       13568 kB
Mlocked:               0 kB
SwapTotal:        715328 kB
SwapFree:         704084 kB
Dirty:                 0 kB
Writeback:             0 kB
AnonPages:       1042040 kB
Mapped:           602796 kB
Shmem:              1368 kB
Slab:              98440 kB
SReclaimable:      31608 kB
SUnreclaim:        66832 kB
KernelStack:       38768 kB
PageTables:        50356 kB
NFS_Unstable:          0 kB
Bounce:                0 kB
WritebackTmp:          0 kB
CommitLimit:     2152132 kB
Committed_AS:   119089628 kB
VmallocTotal:   251658176 kB
VmallocUsed:      136124 kB
VmallocChunk:   251425324 kB
Time pass: 296 sec

---2015-12-08 15:44:45
MemTotal:        2873608 kB
MemFree:          109588 kB
Buffers:           18412 kB
Cached:           911616 kB
SwapCached:            4 kB
Active:          1306536 kB
Inactive:         651324 kB
Active(anon):     828472 kB
Inactive(anon):   214300 kB
Active(file):     478064 kB
Inactive(file):   437024 kB
Unevictable:       13568 kB
Mlocked:               0 kB
SwapTotal:        715328 kB
SwapFree:         704084 kB
Dirty:                44 kB
Writeback:             0 kB
AnonPages:       1041468 kB
Mapped:           602808 kB
Shmem:              1372 kB
Slab:              98440 kB
SReclaimable:      31608 kB
SUnreclaim:        66832 kB
KernelStack:       38768 kB
PageTables:        50352 kB
NFS_Unstable:          0 kB
Bounce:                0 kB
WritebackTmp:          0 kB
CommitLimit:     2152132 kB
Committed_AS:   119089620 kB
VmallocTotal:   251658176 kB
VmallocUsed:      136124 kB
VmallocChunk:   251425324 kB
Time pass: 300 sec

---2015-12-08 15:44:45
MemTotal:        2873608 kB
MemFree:          109548 kB
Buffers:           18420 kB
Cached:           911620 kB
SwapCached:            4 kB
Active:          1306716 kB
Inactive:         651336 kB
Active(anon):     828652 kB
Inactive(anon):   214304 kB
Active(file):     478064 kB
Inactive(file):   437032 kB
Unevictable:       13568 kB
Mlocked:               0 kB
SwapTotal:        715328 kB
SwapFree:         704084 kB
Dirty:                 0 kB
Writeback:             0 kB
AnonPages:       1041620 kB
Mapped:           602980 kB
Shmem:              1376 kB
Slab:              98440 kB
SReclaimable:      31608 kB
SUnreclaim:        66832 kB
KernelStack:       38784 kB
PageTables:        50404 kB
NFS_Unstable:          0 kB
Bounce:                0 kB
WritebackTmp:          0 kB
CommitLimit:     2152132 kB
Committed_AS:   119089564 kB
VmallocTotal:   251658176 kB
VmallocUsed:      136124 kB
VmallocChunk:   251425324 kB
Time pass: 303 sec

---2015-12-08 15:44:45
MemTotal:        2873608 kB
MemFree:          109416 kB
Buffers:           18420 kB
Cached:           911648 kB
SwapCached:            4 kB
Active:          1306972 kB
Inactive:         651364 kB
Active(anon):     828908 kB
Inactive(anon):   214332 kB
Active(file):     478064 kB
Inactive(file):   437032 kB
Unevictable:       13568 kB
Mlocked:               0 kB
SwapTotal:        715328 kB
SwapFree:         704084 kB
Dirty:                32 kB
Writeback:             0 kB
AnonPages:       1041892 kB
Mapped:           602872 kB
Shmem:              1404 kB
Slab:              98440 kB
SReclaimable:      31608 kB
SUnreclaim:        66832 kB
KernelStack:       38768 kB
PageTables:        50352 kB
NFS_Unstable:          0 kB
Bounce:                0 kB
WritebackTmp:          0 kB
CommitLimit:     2152132 kB
Committed_AS:   119089612 kB
VmallocTotal:   251658176 kB
VmallocUsed:      136124 kB
VmallocChunk:   251425324 kB
Time pass: 307 sec

---2015-12-08 15:44:45
MemTotal:        2873608 kB
MemFree:          109736 kB
Buffers:           18436 kB
Cached:           911648 kB
SwapCached:            4 kB
Active:          1307084 kB
Inactive:         651380 kB
Active(anon):     829020 kB
Inactive(anon):   214332 kB
Active(file):     478064 kB
Inactive(file):   437048 kB
Unevictable:       13568 kB
Mlocked:               0 kB
SwapTotal:        715328 kB
SwapFree:         704084 kB
Dirty:                44 kB
Writeback:             0 kB
AnonPages:       1041856 kB
Mapped:           602876 kB
Shmem:              1404 kB
Slab:              98420 kB
SReclaimable:      31608 kB
SUnreclaim:        66812 kB
KernelStack:       38768 kB
PageTables:        50356 kB
NFS_Unstable:          0 kB
Bounce:                0 kB
WritebackTmp:          0 kB
CommitLimit:     2152132 kB
Committed_AS:   119089620 kB
VmallocTotal:   251658176 kB
VmallocUsed:      136124 kB
VmallocChunk:   251425324 kB
Time pass: 311 sec

---2015-12-08 15:44:45
MemTotal:        2873608 kB
MemFree:          109424 kB
Buffers:           18444 kB
Cached:           911648 kB
SwapCached:            4 kB
Active:          1307076 kB
Inactive:         651380 kB
Active(anon):     829012 kB
Inactive(anon):   214332 kB
Active(file):     478064 kB
Inactive(file):   437048 kB
Unevictable:       13568 kB
Mlocked:               0 kB
SwapTotal:        715328 kB
SwapFree:         704084 kB
Dirty:                32 kB
Writeback:             0 kB
AnonPages:       1041836 kB
Mapped:           602884 kB
Shmem:              1404 kB
Slab:              98416 kB
SReclaimable:      31608 kB
SUnreclaim:        66808 kB
KernelStack:       38768 kB
PageTables:        50352 kB
NFS_Unstable:          0 kB
Bounce:                0 kB
WritebackTmp:          0 kB
CommitLimit:     2152132 kB
Committed_AS:   119089608 kB
VmallocTotal:   251658176 kB
VmallocUsed:      136124 kB
VmallocChunk:   251425324 kB
Time pass: 315 sec

---2015-12-08 15:44:45
MemTotal:        2873608 kB
MemFree:          109012 kB
Buffers:           18444 kB
Cached:           911648 kB
SwapCached:            4 kB
Active:          1307048 kB
Inactive:         651388 kB
Active(anon):     828984 kB
Inactive(anon):   214332 kB
Active(file):     478064 kB
Inactive(file):   437056 kB
Unevictable:       13568 kB
Mlocked:               0 kB
SwapTotal:        715328 kB
SwapFree:         704084 kB
Dirty:                32 kB
Writeback:             0 kB
AnonPages:       1041960 kB
Mapped:           602900 kB
Shmem:              1404 kB
Slab:              98420 kB
SReclaimable:      31608 kB
SUnreclaim:        66812 kB
KernelStack:       38768 kB
PageTables:        50352 kB
NFS_Unstable:          0 kB
Bounce:                0 kB
WritebackTmp:          0 kB
CommitLimit:     2152132 kB
Committed_AS:   119089620 kB
VmallocTotal:   251658176 kB
VmallocUsed:      136124 kB
VmallocChunk:   251425324 kB
Time pass: 318 sec

---2015-12-08 15:44:45
MemTotal:        2873608 kB
MemFree:          108672 kB
Buffers:           18476 kB
Cached:           911648 kB
SwapCached:            4 kB
Active:          1307556 kB
Inactive:         651420 kB
Active(anon):     829492 kB
Inactive(anon):   214332 kB
Active(file):     478064 kB
Inactive(file):   437088 kB
Unevictable:       13568 kB
Mlocked:               0 kB
SwapTotal:        715328 kB
SwapFree:         704084 kB
Dirty:                64 kB
Writeback:             0 kB
AnonPages:       1042308 kB
Mapped:           602900 kB
Shmem:              1404 kB
Slab:              98416 kB
SReclaimable:      31608 kB
SUnreclaim:        66808 kB
KernelStack:       38784 kB
PageTables:        50356 kB
NFS_Unstable:          0 kB
Bounce:                0 kB
WritebackTmp:          0 kB
CommitLimit:     2152132 kB
Committed_AS:   119089660 kB
VmallocTotal:   251658176 kB
VmallocUsed:      136124 kB
VmallocChunk:   251425324 kB
Time pass: 322 sec

---2015-12-08 15:44:45
MemTotal:        2873608 kB
MemFree:          109020 kB
Buffers:           18476 kB
Cached:           911652 kB
SwapCached:            4 kB
Active:          1306944 kB
Inactive:         651424 kB
Active(anon):     828880 kB
Inactive(anon):   214336 kB
Active(file):     478064 kB
Inactive(file):   437088 kB
Unevictable:       13568 kB
Mlocked:               0 kB
SwapTotal:        715328 kB
SwapFree:         704084 kB
Dirty:                64 kB
Writeback:             0 kB
AnonPages:       1041860 kB
Mapped:           602908 kB
Shmem:              1408 kB
Slab:              98420 kB
SReclaimable:      31608 kB
SUnreclaim:        66812 kB
KernelStack:       38784 kB
PageTables:        50356 kB
NFS_Unstable:          0 kB
Bounce:                0 kB
WritebackTmp:          0 kB
CommitLimit:     2152132 kB
Committed_AS:   119089680 kB
VmallocTotal:   251658176 kB
VmallocUsed:      136124 kB
VmallocChunk:   251425324 kB
Time pass: 326 sec

---2015-12-08 15:44:45
MemTotal:        2873608 kB
MemFree:          109024 kB
Buffers:           18484 kB
Cached:           911652 kB
SwapCached:            4 kB
Active:          1307076 kB
Inactive:         651420 kB
Active(anon):     829012 kB
Inactive(anon):   214324 kB
Active(file):     478064 kB
Inactive(file):   437096 kB
Unevictable:       13568 kB
Mlocked:               0 kB
SwapTotal:        715328 kB
SwapFree:         704084 kB
Dirty:                32 kB
Writeback:             0 kB
AnonPages:       1041964 kB
Mapped:           602964 kB
Shmem:              1408 kB
Slab:              98420 kB
SReclaimable:      31608 kB
SUnreclaim:        66812 kB
KernelStack:       38800 kB
PageTables:        50388 kB
NFS_Unstable:          0 kB
Bounce:                0 kB
WritebackTmp:          0 kB
CommitLimit:     2152132 kB
Committed_AS:   119089708 kB
VmallocTotal:   251658176 kB
VmallocUsed:      136124 kB
VmallocChunk:   251425324 kB
Time pass: 330 sec

---2015-12-08 15:44:45
MemTotal:        2873608 kB
MemFree:          108392 kB
Buffers:           18500 kB
Cached:           911652 kB
SwapCached:            4 kB
Active:          1307320 kB
Inactive:         651436 kB
Active(anon):     829256 kB
Inactive(anon):   214324 kB
Active(file):     478064 kB
Inactive(file):   437112 kB
Unevictable:       13568 kB
Mlocked:               0 kB
SwapTotal:        715328 kB
SwapFree:         704084 kB
Dirty:                40 kB
Writeback:             0 kB
AnonPages:       1042152 kB
Mapped:           602972 kB
Shmem:              1408 kB
Slab:              98432 kB
SReclaimable:      31608 kB
SUnreclaim:        66824 kB
KernelStack:       38800 kB
PageTables:        50388 kB
NFS_Unstable:          0 kB
Bounce:                0 kB
WritebackTmp:          0 kB
CommitLimit:     2152132 kB
Committed_AS:   119089716 kB
VmallocTotal:   251658176 kB
VmallocUsed:      136124 kB
VmallocChunk:   251425324 kB
Time pass: 334 sec

---2015-12-08 15:44:45
MemTotal:        2873608 kB
MemFree:          109056 kB
Buffers:           18500 kB
Cached:           911656 kB
SwapCached:            4 kB
Active:          1307360 kB
Inactive:         651440 kB
Active(anon):     829296 kB
Inactive(anon):   214328 kB
Active(file):     478064 kB
Inactive(file):   437112 kB
Unevictable:       13568 kB
Mlocked:               0 kB
SwapTotal:        715328 kB
SwapFree:         704084 kB
Dirty:                40 kB
Writeback:             0 kB
AnonPages:       1042196 kB
Mapped:           602996 kB
Shmem:              1412 kB
Slab:              98420 kB
SReclaimable:      31608 kB
SUnreclaim:        66812 kB
KernelStack:       38800 kB
PageTables:        50388 kB
NFS_Unstable:          0 kB
Bounce:                0 kB
WritebackTmp:          0 kB
CommitLimit:     2152132 kB
Committed_AS:   119089708 kB
VmallocTotal:   251658176 kB
VmallocUsed:      136124 kB
VmallocChunk:   251425324 kB
Time pass: 338 sec

---2015-12-08 15:44:45
MemTotal:        2873608 kB
MemFree:          107668 kB
Buffers:           18508 kB
Cached:           911764 kB
SwapCached:            4 kB
Active:          1308824 kB
Inactive:         651548 kB
Active(anon):     830752 kB
Inactive(anon):   214328 kB
Active(file):     478072 kB
Inactive(file):   437220 kB
Unevictable:       13568 kB
Mlocked:               0 kB
SwapTotal:        715328 kB
SwapFree:         704084 kB
Dirty:                32 kB
Writeback:             0 kB
AnonPages:       1043804 kB
Mapped:           602996 kB
Shmem:              1412 kB
Slab:              98448 kB
SReclaimable:      31608 kB
SUnreclaim:        66840 kB
KernelStack:       38768 kB
PageTables:        50372 kB
NFS_Unstable:          0 kB
Bounce:                0 kB
WritebackTmp:          0 kB
CommitLimit:     2152132 kB
Committed_AS:   119089716 kB
VmallocTotal:   251658176 kB
VmallocUsed:      136124 kB
VmallocChunk:   251425324 kB
Time pass: 341 sec

---2015-12-08 15:44:45
MemTotal:        2873608 kB
MemFree:          106912 kB
Buffers:           18524 kB
Cached:           911776 kB
SwapCached:            4 kB
Active:          1309220 kB
Inactive:         651576 kB
Active(anon):     831148 kB
Inactive(anon):   214356 kB
Active(file):     478072 kB
Inactive(file):   437220 kB
Unevictable:       13568 kB
Mlocked:               0 kB
SwapTotal:        715328 kB
SwapFree:         704084 kB
Dirty:                 0 kB
Writeback:             0 kB
AnonPages:       1043880 kB
Mapped:           603028 kB
Shmem:              1440 kB
Slab:              98436 kB
SReclaimable:      31608 kB
SUnreclaim:        66828 kB
KernelStack:       38768 kB
PageTables:        50368 kB
NFS_Unstable:          0 kB
Bounce:                0 kB
WritebackTmp:          0 kB
CommitLimit:     2152132 kB
Committed_AS:   119089628 kB
VmallocTotal:   251658176 kB
VmallocUsed:      136124 kB
VmallocChunk:   251425324 kB
Time pass: 345 sec

---2015-12-08 15:44:45
MemTotal:        2873608 kB
MemFree:          106472 kB
Buffers:           18524 kB
Cached:           911796 kB
SwapCached:            4 kB
Active:          1309352 kB
Inactive:         651596 kB
Active(anon):     831280 kB
Inactive(anon):   214360 kB
Active(file):     478072 kB
Inactive(file):   437236 kB
Unevictable:       13568 kB
Mlocked:               0 kB
SwapTotal:        715328 kB
SwapFree:         704084 kB
Dirty:                76 kB
Writeback:             0 kB
AnonPages:       1043948 kB
Mapped:           603040 kB
Shmem:              1444 kB
Slab:              98416 kB
SReclaimable:      31608 kB
SUnreclaim:        66808 kB
KernelStack:       38768 kB
PageTables:        50364 kB
NFS_Unstable:          0 kB
Bounce:                0 kB
WritebackTmp:          0 kB
CommitLimit:     2152132 kB
Committed_AS:   119089644 kB
VmallocTotal:   251658176 kB
VmallocUsed:      136124 kB
VmallocChunk:   251425324 kB
Time pass: 349 sec

---2015-12-08 15:44:45
MemTotal:        2873608 kB
MemFree:          105732 kB
Buffers:           18532 kB
Cached:           911856 kB
SwapCached:            4 kB
Active:          1309328 kB
Inactive:         651664 kB
Active(anon):     831256 kB
Inactive(anon):   214360 kB
Active(file):     478072 kB
Inactive(file):   437304 kB
Unevictable:       13568 kB
Mlocked:               0 kB
SwapTotal:        715328 kB
SwapFree:         704084 kB
Dirty:                32 kB
Writeback:             0 kB
AnonPages:       1044076 kB
Mapped:           603052 kB
Shmem:              1444 kB
Slab:              98416 kB
SReclaimable:      31608 kB
SUnreclaim:        66808 kB
KernelStack:       38752 kB
PageTables:        50368 kB
NFS_Unstable:          0 kB
Bounce:                0 kB
WritebackTmp:          0 kB
CommitLimit:     2152132 kB
Committed_AS:   119089620 kB
VmallocTotal:   251658176 kB
VmallocUsed:      136124 kB
VmallocChunk:   251425324 kB
Time pass: 353 sec

---2015-12-08 15:44:45
MemTotal:        2873608 kB
MemFree:          106112 kB
Buffers:           18532 kB
Cached:           911856 kB
SwapCached:            4 kB
Active:          1309168 kB
Inactive:         651664 kB
Active(anon):     831096 kB
Inactive(anon):   214360 kB
Active(file):     478072 kB
Inactive(file):   437304 kB
Unevictable:       13568 kB
Mlocked:               0 kB
SwapTotal:        715328 kB
SwapFree:         704084 kB
Dirty:                 0 kB
Writeback:             0 kB
AnonPages:       1044108 kB
Mapped:           603060 kB
Shmem:              1444 kB
Slab:              98416 kB
SReclaimable:      31608 kB
SUnreclaim:        66808 kB
KernelStack:       38752 kB
PageTables:        50364 kB
NFS_Unstable:          0 kB
Bounce:                0 kB
WritebackTmp:          0 kB
CommitLimit:     2152132 kB
Committed_AS:   119089596 kB
VmallocTotal:   251658176 kB
VmallocUsed:      136124 kB
VmallocChunk:   251425324 kB
Time pass: 356 sec

---2015-12-08 15:44:45
MemTotal:        2873608 kB
MemFree:          105272 kB
Buffers:           18548 kB
Cached:           911864 kB
SwapCached:            4 kB
Active:          1310268 kB
Inactive:         651688 kB
Active(anon):     832196 kB
Inactive(anon):   214360 kB
Active(file):     478072 kB
Inactive(file):   437328 kB
Unevictable:       13568 kB
Mlocked:               0 kB
SwapTotal:        715328 kB
SwapFree:         704084 kB
Dirty:                80 kB
Writeback:             0 kB
AnonPages:       1045240 kB
Mapped:           603092 kB
Shmem:              1444 kB
Slab:              98416 kB
SReclaimable:      31608 kB
SUnreclaim:        66808 kB
KernelStack:       38784 kB
PageTables:        50380 kB
NFS_Unstable:          0 kB
Bounce:                0 kB
WritebackTmp:          0 kB
CommitLimit:     2152132 kB
Committed_AS:   119089940 kB
VmallocTotal:   251658176 kB
VmallocUsed:      136124 kB
VmallocChunk:   251425324 kB
Time pass: 360 sec

---2015-12-08 15:44:45
MemTotal:        2873608 kB
MemFree:          104416 kB
Buffers:           18556 kB
Cached:           911912 kB
SwapCached:            4 kB
Active:          1311376 kB
Inactive:         651732 kB
Active(anon):     833304 kB
Inactive(anon):   214348 kB
Active(file):     478072 kB
Inactive(file):   437384 kB
Unevictable:       13568 kB
Mlocked:               0 kB
SwapTotal:        715328 kB
SwapFree:         704084 kB
Dirty:                48 kB
Writeback:             0 kB
AnonPages:       1046112 kB
Mapped:           603228 kB
Shmem:              1444 kB
Slab:              98420 kB
SReclaimable:      31608 kB
SUnreclaim:        66812 kB
KernelStack:       38768 kB
PageTables:        50400 kB
NFS_Unstable:          0 kB
Bounce:                0 kB
WritebackTmp:          0 kB
CommitLimit:     2152132 kB
Committed_AS:   119089932 kB
VmallocTotal:   251658176 kB
VmallocUsed:      136124 kB
VmallocChunk:   251425324 kB
Time pass: 364 sec

---2015-12-08 15:44:45
MemTotal:        2873608 kB
MemFree:          103660 kB
Buffers:           18556 kB
Cached:           911912 kB
SwapCached:            4 kB
Active:          1311516 kB
Inactive:         651732 kB
Active(anon):     833444 kB
Inactive(anon):   214348 kB
Active(file):     478072 kB
Inactive(file):   437384 kB
Unevictable:       13568 kB
Mlocked:               0 kB
SwapTotal:        715328 kB
SwapFree:         704084 kB
Dirty:                48 kB
Writeback:             0 kB
AnonPages:       1046252 kB
Mapped:           603232 kB
Shmem:              1444 kB
Slab:              98416 kB
SReclaimable:      31608 kB
SUnreclaim:        66808 kB
KernelStack:       38768 kB
PageTables:        50404 kB
NFS_Unstable:          0 kB
Bounce:                0 kB
WritebackTmp:          0 kB
CommitLimit:     2152132 kB
Committed_AS:   119089940 kB
VmallocTotal:   251658176 kB
VmallocUsed:      136124 kB
VmallocChunk:   251425324 kB
Time pass: 368 sec

---2015-12-08 15:44:45
MemTotal:        2873608 kB
MemFree:          104364 kB
Buffers:           18580 kB
Cached:           911916 kB
SwapCached:            4 kB
Active:          1311320 kB
Inactive:         651752 kB
Active(anon):     833248 kB
Inactive(anon):   214344 kB
Active(file):     478072 kB
Inactive(file):   437408 kB
Unevictable:       13568 kB
Mlocked:               0 kB
SwapTotal:        715328 kB
SwapFree:         704084 kB
Dirty:                44 kB
Writeback:             0 kB
AnonPages:       1046084 kB
Mapped:           603204 kB
Shmem:              1448 kB
Slab:              98416 kB
SReclaimable:      31608 kB
SUnreclaim:        66808 kB
KernelStack:       38768 kB
PageTables:        50400 kB
NFS_Unstable:          0 kB
Bounce:                0 kB
WritebackTmp:          0 kB
CommitLimit:     2152132 kB
Committed_AS:   119089956 kB
VmallocTotal:   251658176 kB
VmallocUsed:      136124 kB
VmallocChunk:   251425324 kB
Time pass: 372 sec

---2015-12-08 15:44:45
MemTotal:        2873608 kB
MemFree:          104028 kB
Buffers:           18588 kB
Cached:           911916 kB
SwapCached:            4 kB
Active:          1311436 kB
Inactive:         651760 kB
Active(anon):     833364 kB
Inactive(anon):   214344 kB
Active(file):     478072 kB
Inactive(file):   437416 kB
Unevictable:       13568 kB
Mlocked:               0 kB
SwapTotal:        715328 kB
SwapFree:         704084 kB
Dirty:                32 kB
Writeback:             0 kB
AnonPages:       1046296 kB
Mapped:           603252 kB
Shmem:              1448 kB
Slab:              98416 kB
SReclaimable:      31608 kB
SUnreclaim:        66808 kB
KernelStack:       38768 kB
PageTables:        50392 kB
NFS_Unstable:          0 kB
Bounce:                0 kB
WritebackTmp:          0 kB
CommitLimit:     2152132 kB
Committed_AS:   119089964 kB
VmallocTotal:   251658176 kB
VmallocUsed:      136124 kB
VmallocChunk:   251425324 kB
Time pass: 376 sec

---2015-12-08 15:44:45
MemTotal:        2873608 kB
MemFree:          104000 kB
Buffers:           18588 kB
Cached:           911916 kB
SwapCached:            4 kB
Active:          1311192 kB
Inactive:         651760 kB
Active(anon):     833120 kB
Inactive(anon):   214344 kB
Active(file):     478072 kB
Inactive(file):   437416 kB
Unevictable:       13568 kB
Mlocked:               0 kB
SwapTotal:        715328 kB
SwapFree:         704084 kB
Dirty:                32 kB
Writeback:             0 kB
AnonPages:       1046004 kB
Mapped:           603216 kB
Shmem:              1448 kB
Slab:              98620 kB
SReclaimable:      31608 kB
SUnreclaim:        67012 kB
KernelStack:       38768 kB
PageTables:        50392 kB
NFS_Unstable:          0 kB
Bounce:                0 kB
WritebackTmp:          0 kB
CommitLimit:     2152132 kB
Committed_AS:   119089940 kB
VmallocTotal:   251658176 kB
VmallocUsed:      136124 kB
VmallocChunk:   251425324 kB
Time pass: 379 sec

---2015-12-08 15:44:45
MemTotal:        2873608 kB
MemFree:          103516 kB
Buffers:           18620 kB
Cached:           911916 kB
SwapCached:            4 kB
Active:          1311692 kB
Inactive:         651792 kB
Active(anon):     833620 kB
Inactive(anon):   214344 kB
Active(file):     478072 kB
Inactive(file):   437448 kB
Unevictable:       13568 kB
Mlocked:               0 kB
SwapTotal:        715328 kB
SwapFree:         704084 kB
Dirty:                64 kB
Writeback:             0 kB
AnonPages:       1046464 kB
Mapped:           603224 kB
Shmem:              1448 kB
Slab:              98564 kB
SReclaimable:      31608 kB
SUnreclaim:        66956 kB
KernelStack:       38768 kB
PageTables:        50392 kB
NFS_Unstable:          0 kB
Bounce:                0 kB
WritebackTmp:          0 kB
CommitLimit:     2152132 kB
Committed_AS:   119089980 kB
VmallocTotal:   251658176 kB
VmallocUsed:      136124 kB
VmallocChunk:   251425324 kB
Time pass: 383 sec

---2015-12-08 15:44:45
MemTotal:        2873608 kB
MemFree:          102784 kB
Buffers:           18628 kB
Cached:           911912 kB
SwapCached:            4 kB
Active:          1312452 kB
Inactive:         651792 kB
Active(anon):     834380 kB
Inactive(anon):   214344 kB
Active(file):     478072 kB
Inactive(file):   437448 kB
Unevictable:       13568 kB
Mlocked:               0 kB
SwapTotal:        715328 kB
SwapFree:         704084 kB
Dirty:                 0 kB
Writeback:             0 kB
AnonPages:       1047380 kB
Mapped:           603276 kB
Shmem:              1448 kB
Slab:              98604 kB
SReclaimable:      31608 kB
SUnreclaim:        66996 kB
KernelStack:       38768 kB
PageTables:        50420 kB
NFS_Unstable:          0 kB
Bounce:                0 kB
WritebackTmp:          0 kB
CommitLimit:     2152132 kB
Committed_AS:   119090012 kB
VmallocTotal:   251658176 kB
VmallocUsed:      136124 kB
VmallocChunk:   251425324 kB
Time pass: 387 sec

---2015-12-08 15:44:45
MemTotal:        2873608 kB
MemFree:          103024 kB
Buffers:           18628 kB
