---2015-12-16 17:19:16
MemTotal:        2895588 kB
MemFree:          120628 kB
Buffers:           14580 kB
Cached:          1562108 kB
SwapCached:            0 kB
Active:           741692 kB
Inactive:        1519560 kB
Active(anon):     311412 kB
Inactive(anon):   377316 kB
Active(file):     430280 kB
Inactive(file):  1142244 kB
Unevictable:        2968 kB
Mlocked:               0 kB
HighTotal:       2306432 kB
HighFree:          68680 kB
LowTotal:         589156 kB
LowFree:           51948 kB
SwapTotal:       1048572 kB
SwapFree:        1048572 kB
Dirty:                 0 kB
Writeback:             0 kB
AnonPages:        687576 kB
Mapped:           418712 kB
Shmem:              1196 kB
Slab:              55068 kB
SReclaimable:      19952 kB
SUnreclaim:        35116 kB
KernelStack:       12920 kB
PageTables:        38648 kB
NFS_Unstable:          0 kB
Bounce:                0 kB
WritebackTmp:          0 kB
CommitLimit:     2496364 kB
Committed_AS:   83777724 kB
VmallocTotal:     385024 kB
VmallocUsed:      152528 kB
VmallocChunk:      69700 kB
Time pass: 3 sec

---2015-12-16 17:19:16
MemTotal:        2895588 kB
MemFree:          120212 kB
Buffers:           14580 kB
Cached:          1562144 kB
SwapCached:            0 kB
Active:           742152 kB
Inactive:        1519596 kB
Active(anon):     311872 kB
Inactive(anon):   377316 kB
Active(file):     430280 kB
Inactive(file):  1142280 kB
Unevictable:        2968 kB
Mlocked:               0 kB
HighTotal:       2306432 kB
HighFree:          68256 kB
LowTotal:         589156 kB
LowFree:           51956 kB
SwapTotal:       1048572 kB
SwapFree:        1048572 kB
Dirty:                 0 kB
Writeback:             0 kB
AnonPages:        688204 kB
Mapped:           418772 kB
Shmem:              1196 kB
Slab:              55104 kB
SReclaimable:      19952 kB
SUnreclaim:        35152 kB
KernelStack:       12920 kB
PageTables:        38668 kB
NFS_Unstable:          0 kB
Bounce:                0 kB
WritebackTmp:          0 kB
CommitLimit:     2496364 kB
Committed_AS:   83777916 kB
VmallocTotal:     385024 kB
VmallocUsed:      152528 kB
VmallocChunk:      69700 kB
Time pass: 7 sec

---2015-12-16 17:19:16
MemTotal:        2895588 kB
MemFree:          120280 kB
Buffers:           14580 kB
Cached:          1562144 kB
SwapCached:            0 kB
Active:           742140 kB
Inactive:        1519596 kB
Active(anon):     311860 kB
Inactive(anon):   377316 kB
Active(file):     430280 kB
Inactive(file):  1142280 kB
Unevictable:        2968 kB
Mlocked:               0 kB
HighTotal:       2306432 kB
HighFree:          67936 kB
LowTotal:         589156 kB
LowFree:           52344 kB
SwapTotal:       1048572 kB
SwapFree:        1048572 kB
Dirty:                 0 kB
Writeback:             0 kB
AnonPages:        688200 kB
Mapped:           418772 kB
Shmem:              1196 kB
Slab:              55104 kB
SReclaimable:      19952 kB
SUnreclaim:        35152 kB
KernelStack:       12912 kB
PageTables:        38668 kB
NFS_Unstable:          0 kB
Bounce:                0 kB
WritebackTmp:          0 kB
CommitLimit:     2496364 kB
Committed_AS:   83777992 kB
VmallocTotal:     385024 kB
VmallocUsed:      152528 kB
VmallocChunk:      69700 kB
Time pass: 10 sec

---2015-12-16 17:19:16
MemTotal:        2895588 kB
MemFree:          120364 kB
Buffers:           14580 kB
Cached:          1562144 kB
SwapCached:            0 kB
Active:           742004 kB
Inactive:        1519596 kB
Active(anon):     311724 kB
Inactive(anon):   377316 kB
Active(file):     430280 kB
Inactive(file):  1142280 kB
Unevictable:        2968 kB
Mlocked:               0 kB
HighTotal:       2306432 kB
HighFree:          67812 kB
LowTotal:         589156 kB
LowFree:           52552 kB
SwapTotal:       1048572 kB
SwapFree:        1048572 kB
Dirty:                 0 kB
Writeback:             0 kB
AnonPages:        688256 kB
Mapped:           418780 kB
Shmem:              1196 kB
Slab:              55096 kB
SReclaimable:      19952 kB
SUnreclaim:        35144 kB
KernelStack:       12912 kB
PageTables:        38644 kB
NFS_Unstable:          0 kB
Bounce:                0 kB
WritebackTmp:          0 kB
CommitLimit:     2496364 kB
Committed_AS:   83778064 kB
VmallocTotal:     385024 kB
VmallocUsed:      152528 kB
VmallocChunk:      69700 kB
Time pass: 14 sec

---2015-12-16 17:19:16
MemTotal:        2895588 kB
MemFree:          120012 kB
Buffers:           14580 kB
Cached:          1562144 kB
SwapCached:            0 kB
Active:           742084 kB
Inactive:        1519596 kB
Active(anon):     311804 kB
Inactive(anon):   377316 kB
Active(file):     430280 kB
Inactive(file):  1142280 kB
Unevictable:        2968 kB
Mlocked:               0 kB
HighTotal:       2306432 kB
HighFree:          67564 kB
LowTotal:         589156 kB
LowFree:           52448 kB
SwapTotal:       1048572 kB
SwapFree:        1048572 kB
Dirty:                 0 kB
Writeback:             0 kB
AnonPages:        688220 kB
Mapped:           418668 kB
Shmem:              1196 kB
Slab:              55096 kB
SReclaimable:      19952 kB
SUnreclaim:        35144 kB
KernelStack:       12912 kB
PageTables:        38628 kB
NFS_Unstable:          0 kB
Bounce:                0 kB
WritebackTmp:          0 kB
CommitLimit:     2496364 kB
Committed_AS:   83778352 kB
VmallocTotal:     385024 kB
VmallocUsed:      152528 kB
VmallocChunk:      69700 kB
Time pass: 17 sec

---2015-12-16 17:19:16
MemTotal:        2895588 kB
MemFree:          119116 kB
Buffers:           14580 kB
Cached:          1562144 kB
SwapCached:            0 kB
Active:           743704 kB
Inactive:        1519592 kB
Active(anon):     313420 kB
Inactive(anon):   377316 kB
Active(file):     430284 kB
Inactive(file):  1142276 kB
Unevictable:        2968 kB
Mlocked:               0 kB
HighTotal:       2306432 kB
HighFree:          66644 kB
LowTotal:         589156 kB
LowFree:           52472 kB
SwapTotal:       1048572 kB
SwapFree:        1048572 kB
Dirty:                 0 kB
Writeback:             0 kB
AnonPages:        689948 kB
Mapped:           418892 kB
Shmem:              1196 kB
Slab:              55116 kB
SReclaimable:      19952 kB
SUnreclaim:        35164 kB
KernelStack:       12928 kB
PageTables:        38704 kB
NFS_Unstable:          0 kB
Bounce:                0 kB
WritebackTmp:          0 kB
CommitLimit:     2496364 kB
Committed_AS:   83781048 kB
VmallocTotal:     385024 kB
VmallocUsed:      152528 kB
VmallocChunk:      69700 kB
Time pass: 21 sec

---2015-12-16 17:19:16
MemTotal:        2895588 kB
MemFree:           71344 kB
Buffers:           14764 kB
Cached:          1412484 kB
SwapCached:            0 kB
Active:           809236 kB
Inactive:        1342176 kB
Active(anon):     347404 kB
Inactive(anon):   380580 kB
Active(file):     461832 kB
Inactive(file):   961596 kB
Unevictable:        2968 kB
Mlocked:               0 kB
HighTotal:       2306432 kB
HighFree:          38296 kB
LowTotal:         589156 kB
LowFree:           33048 kB
SwapTotal:       1048572 kB
SwapFree:        1048572 kB
Dirty:              1180 kB
Writeback:             0 kB
AnonPages:        726864 kB
Mapped:           440872 kB
Shmem:              1328 kB
Slab:              55240 kB
SReclaimable:      20064 kB
SUnreclaim:        35176 kB
KernelStack:       13624 kB
PageTables:        39744 kB
NFS_Unstable:          0 kB
Bounce:                0 kB
WritebackTmp:          0 kB
CommitLimit:     2496364 kB
Committed_AS:   85105552 kB
VmallocTotal:     385024 kB
VmallocUsed:      154116 kB
VmallocChunk:      69700 kB
Time pass: 24 sec

---2015-12-16 17:19:16
MemTotal:        2895588 kB
MemFree:           94536 kB
Buffers:           14760 kB
Cached:          1377048 kB
SwapCached:            0 kB
Active:           806828 kB
Inactive:        1285552 kB
Active(anon):     342276 kB
Inactive(anon):   362592 kB
Active(file):     464552 kB
Inactive(file):   922960 kB
Unevictable:        2968 kB
Mlocked:               0 kB
HighTotal:       2306432 kB
HighFree:          59432 kB
LowTotal:         589156 kB
LowFree:           35104 kB
SwapTotal:       1048572 kB
SwapFree:        1048572 kB
Dirty:                68 kB
Writeback:             0 kB
AnonPages:        703816 kB
Mapped:           441348 kB
Shmem:              1328 kB
Slab:              55264 kB
SReclaimable:      20056 kB
SUnreclaim:        35208 kB
KernelStack:       13632 kB
PageTables:        39604 kB
NFS_Unstable:          0 kB
Bounce:                0 kB
WritebackTmp:          0 kB
CommitLimit:     2496364 kB
Committed_AS:   85103240 kB
VmallocTotal:     385024 kB
VmallocUsed:      154420 kB
VmallocChunk:      69700 kB
Time pass: 28 sec

---2015-12-16 17:19:16
MemTotal:        2895588 kB
MemFree:           95860 kB
Buffers:           14776 kB
Cached:          1377092 kB
SwapCached:            0 kB
Active:           805524 kB
Inactive:        1285544 kB
Active(anon):     340972 kB
Inactive(anon):   362524 kB
Active(file):     464552 kB
Inactive(file):   923020 kB
Unevictable:        2968 kB
Mlocked:               0 kB
HighTotal:       2306432 kB
HighFree:          60764 kB
LowTotal:         589156 kB
LowFree:           35096 kB
SwapTotal:       1048572 kB
SwapFree:        1048572 kB
Dirty:               256 kB
Writeback:             0 kB
AnonPages:        702600 kB
Mapped:           441408 kB
Shmem:              1328 kB
Slab:              55304 kB
SReclaimable:      20056 kB
SUnreclaim:        35248 kB
KernelStack:       13624 kB
PageTables:        39596 kB
NFS_Unstable:          0 kB
Bounce:                0 kB
WritebackTmp:          0 kB
CommitLimit:     2496364 kB
Committed_AS:   85103364 kB
VmallocTotal:     385024 kB
VmallocUsed:      154420 kB
VmallocChunk:      69700 kB
Time pass: 32 sec

---2015-12-16 17:19:16
MemTotal:        2895588 kB
MemFree:           97660 kB
Buffers:           14776 kB
Cached:          1377092 kB
SwapCached:            0 kB
Active:           804472 kB
Inactive:        1285528 kB
Active(anon):     339920 kB
Inactive(anon):   362512 kB
Active(file):     464552 kB
Inactive(file):   923016 kB
Unevictable:        2968 kB
Mlocked:               0 kB
HighTotal:       2306432 kB
HighFree:          62232 kB
LowTotal:         589156 kB
LowFree:           35428 kB
SwapTotal:       1048572 kB
SwapFree:        1048572 kB
Dirty:               148 kB
Writeback:             0 kB
AnonPages:        701520 kB
Mapped:           441520 kB
Shmem:              1328 kB
Slab:              55312 kB
SReclaimable:      20056 kB
SUnreclaim:        35256 kB
KernelStack:       13624 kB
PageTables:        39644 kB
NFS_Unstable:          0 kB
Bounce:                0 kB
WritebackTmp:          0 kB
CommitLimit:     2496364 kB
Committed_AS:   85103584 kB
VmallocTotal:     385024 kB
VmallocUsed:      154420 kB
VmallocChunk:      69700 kB
Time pass: 35 sec

---2015-12-16 17:19:16
MemTotal:        2895588 kB
MemFree:           97604 kB
Buffers:           14784 kB
Cached:          1377092 kB
SwapCached:            0 kB
Active:           804672 kB
Inactive:        1285532 kB
Active(anon):     340120 kB
Inactive(anon):   362512 kB
Active(file):     464552 kB
Inactive(file):   923020 kB
Unevictable:        2968 kB
Mlocked:               0 kB
HighTotal:       2306432 kB
HighFree:          61912 kB
LowTotal:         589156 kB
LowFree:           35692 kB
SwapTotal:       1048572 kB
SwapFree:        1048572 kB
Dirty:                28 kB
Writeback:             0 kB
AnonPages:        701320 kB
Mapped:           441416 kB
Shmem:              1328 kB
Slab:              55280 kB
SReclaimable:      20056 kB
SUnreclaim:        35224 kB
KernelStack:       13624 kB
PageTables:        39604 kB
NFS_Unstable:          0 kB
Bounce:                0 kB
WritebackTmp:          0 kB
CommitLimit:     2496364 kB
Committed_AS:   85103732 kB
VmallocTotal:     385024 kB
VmallocUsed:      154420 kB
VmallocChunk:      69700 kB
Time pass: 39 sec

---2015-12-16 17:19:16
MemTotal:        2895588 kB
MemFree:           72696 kB
Buffers:           14608 kB
Cached:          1340716 kB
SwapCached:            0 kB
Active:           827232 kB
Inactive:        1243116 kB
Active(anon):     355396 kB
Inactive(anon):   363888 kB
Active(file):     471836 kB
Inactive(file):   879228 kB
Unevictable:        2968 kB
Mlocked:               0 kB
HighTotal:       2306432 kB
HighFree:          41092 kB
LowTotal:         589156 kB
LowFree:           31604 kB
SwapTotal:       1048572 kB
SwapFree:        1048572 kB
Dirty:                80 kB
Writeback:             0 kB
AnonPages:        718152 kB
Mapped:           442540 kB
Shmem:              1332 kB
Slab:              55276 kB
SReclaimable:      20056 kB
SUnreclaim:        35220 kB
KernelStack:       13776 kB
PageTables:        39788 kB
NFS_Unstable:          0 kB
Bounce:                0 kB
WritebackTmp:          0 kB
CommitLimit:     2496364 kB
Committed_AS:   85107636 kB
VmallocTotal:     385024 kB
VmallocUsed:      155020 kB
VmallocChunk:      69700 kB
Time pass: 42 sec

---2015-12-16 17:19:16
MemTotal:        2895588 kB
MemFree:           85236 kB
Buffers:           14348 kB
Cached:          1316116 kB
SwapCached:            0 kB
Active:           826712 kB
Inactive:        1224624 kB
Active(anon):     353988 kB
Inactive(anon):   370948 kB
Active(file):     472724 kB
Inactive(file):   853676 kB
Unevictable:        2968 kB
Mlocked:               0 kB
HighTotal:       2306432 kB
HighFree:          50216 kB
LowTotal:         589156 kB
LowFree:           35020 kB
SwapTotal:       1048572 kB
SwapFree:        1048572 kB
Dirty:               152 kB
Writeback:             0 kB
AnonPages:        724284 kB
Mapped:           443052 kB
Shmem:              1328 kB
Slab:              55328 kB
SReclaimable:      20072 kB
SUnreclaim:        35256 kB
KernelStack:       13752 kB
PageTables:        39820 kB
NFS_Unstable:          0 kB
Bounce:                0 kB
WritebackTmp:          0 kB
CommitLimit:     2496364 kB
Committed_AS:   85119800 kB
VmallocTotal:     385024 kB
VmallocUsed:      155020 kB
VmallocChunk:      69700 kB
Time pass: 46 sec

---2015-12-16 17:19:16
MemTotal:        2895588 kB
MemFree:           81436 kB
Buffers:           14356 kB
Cached:          1317540 kB
SwapCached:            0 kB
Active:           830656 kB
Inactive:        1222868 kB
Active(anon):     357684 kB
Inactive(anon):   368532 kB
Active(file):     472972 kB
Inactive(file):   854336 kB
Unevictable:        2968 kB
Mlocked:               0 kB
HighTotal:       2306432 kB
HighFree:          45092 kB
LowTotal:         589156 kB
LowFree:           36344 kB
SwapTotal:       1048572 kB
SwapFree:        1048572 kB
Dirty:               280 kB
Writeback:             0 kB
AnonPages:        725024 kB
Mapped:           444092 kB
Shmem:              1328 kB
Slab:              55344 kB
SReclaimable:      20092 kB
SUnreclaim:        35252 kB
KernelStack:       13792 kB
PageTables:        39792 kB
NFS_Unstable:          0 kB
Bounce:                0 kB
WritebackTmp:          0 kB
CommitLimit:     2496364 kB
Committed_AS:   85127692 kB
VmallocTotal:     385024 kB
VmallocUsed:      155168 kB
VmallocChunk:      69700 kB
Time pass: 49 sec

---2015-12-16 17:19:16
MemTotal:        2895588 kB
MemFree:           89480 kB
Buffers:           14204 kB
Cached:          1268724 kB
SwapCached:            0 kB
Active:           828368 kB
Inactive:        1171600 kB
Active(anon):     353828 kB
Inactive(anon):   367544 kB
Active(file):     474540 kB
Inactive(file):   804056 kB
Unevictable:        2968 kB
Mlocked:               0 kB
HighTotal:       2306432 kB
HighFree:          53528 kB
LowTotal:         589156 kB
LowFree:           35952 kB
SwapTotal:       1048572 kB
SwapFree:        1048572 kB
Dirty:                44 kB
Writeback:             0 kB
AnonPages:        720228 kB
Mapped:           444696 kB
Shmem:              1328 kB
Slab:              55304 kB
SReclaimable:      20108 kB
SUnreclaim:        35196 kB
KernelStack:       13848 kB
PageTables:        39792 kB
NFS_Unstable:          0 kB
Bounce:                0 kB
WritebackTmp:          0 kB
CommitLimit:     2496364 kB
Committed_AS:   85124352 kB
VmallocTotal:     385024 kB
VmallocUsed:      155476 kB
VmallocChunk:      69700 kB
Time pass: 53 sec

---2015-12-16 17:19:16
MemTotal:        2895588 kB
MemFree:           86832 kB
Buffers:           14252 kB
Cached:          1272860 kB
SwapCached:            0 kB
Active:           828668 kB
Inactive:        1175660 kB
Active(anon):     354108 kB
Inactive(anon):   367428 kB
Active(file):     474560 kB
Inactive(file):   808232 kB
Unevictable:        2968 kB
Mlocked:               0 kB
HighTotal:       2306432 kB
HighFree:          50500 kB
LowTotal:         589156 kB
LowFree:           36332 kB
SwapTotal:       1048572 kB
SwapFree:        1048572 kB
Dirty:               176 kB
Writeback:             0 kB
AnonPages:        720356 kB
Mapped:           445992 kB
Shmem:              1328 kB
Slab:              55300 kB
SReclaimable:      20108 kB
SUnreclaim:        35192 kB
KernelStack:       13864 kB
PageTables:        39832 kB
NFS_Unstable:          0 kB
Bounce:                0 kB
WritebackTmp:          0 kB
CommitLimit:     2496364 kB
Committed_AS:   85128952 kB
VmallocTotal:     385024 kB
VmallocUsed:      155476 kB
VmallocChunk:      69700 kB
Time pass: 57 sec

---2015-12-16 17:19:16
MemTotal:        2895588 kB
MemFree:           81132 kB
Buffers:           14260 kB
Cached:          1265676 kB
SwapCached:            0 kB
Active:           830196 kB
Inactive:        1169756 kB
Active(anon):     355624 kB
Inactive(anon):   368196 kB
Active(file):     474572 kB
Inactive(file):   801560 kB
Unevictable:        2968 kB
Mlocked:               0 kB
HighTotal:       2306432 kB
HighFree:          48724 kB
LowTotal:         589156 kB
LowFree:           32408 kB
SwapTotal:       1048572 kB
SwapFree:        1048572 kB
Dirty:               152 kB
Writeback:             0 kB
AnonPages:        722776 kB
Mapped:           446208 kB
Shmem:              1328 kB
Slab:              55296 kB
SReclaimable:      20108 kB
SUnreclaim:        35188 kB
KernelStack:       13856 kB
PageTables:        39804 kB
NFS_Unstable:          0 kB
Bounce:                0 kB
WritebackTmp:          0 kB
CommitLimit:     2496364 kB
Committed_AS:   85137224 kB
VmallocTotal:     385024 kB
VmallocUsed:      155492 kB
VmallocChunk:      69700 kB
Time pass: 60 sec

---2015-12-16 17:19:16
MemTotal:        2895588 kB
MemFree:           80636 kB
Buffers:           14260 kB
Cached:          1266032 kB
SwapCached:            0 kB
Active:           830052 kB
Inactive:        1169620 kB
Active(anon):     355380 kB
Inactive(anon):   368324 kB
Active(file):     474672 kB
Inactive(file):   801296 kB
Unevictable:        2968 kB
Mlocked:               0 kB
HighTotal:       2306432 kB
HighFree:          47772 kB
LowTotal:         589156 kB
LowFree:           32864 kB
SwapTotal:       1048572 kB
SwapFree:        1048572 kB
Dirty:                 0 kB
Writeback:             0 kB
AnonPages:        723080 kB
Mapped:           446372 kB
Shmem:              1328 kB
Slab:              55292 kB
SReclaimable:      20108 kB
SUnreclaim:        35184 kB
KernelStack:       13856 kB
PageTables:        39812 kB
NFS_Unstable:          0 kB
Bounce:                0 kB
WritebackTmp:          0 kB
CommitLimit:     2496364 kB
Committed_AS:   85137408 kB
VmallocTotal:     385024 kB
VmallocUsed:      155492 kB
VmallocChunk:      69700 kB
Time pass: 64 sec

---2015-12-16 17:19:16
MemTotal:        2895588 kB
MemFree:           80012 kB
Buffers:           14268 kB
Cached:          1266032 kB
SwapCached:            0 kB
Active:           830608 kB
Inactive:        1169648 kB
Active(anon):     355936 kB
Inactive(anon):   368324 kB
Active(file):     474672 kB
Inactive(file):   801324 kB
Unevictable:        2968 kB
Mlocked:               0 kB
HighTotal:       2306432 kB
HighFree:          47152 kB
LowTotal:         589156 kB
LowFree:           32860 kB
SwapTotal:       1048572 kB
SwapFree:        1048572 kB
Dirty:                44 kB
Writeback:             0 kB
AnonPages:        723476 kB
Mapped:           446432 kB
Shmem:              1328 kB
Slab:              55292 kB
SReclaimable:      20108 kB
SUnreclaim:        35184 kB
KernelStack:       13856 kB
PageTables:        39860 kB
NFS_Unstable:          0 kB
Bounce:                0 kB
WritebackTmp:          0 kB
CommitLimit:     2496364 kB
Committed_AS:   85137560 kB
VmallocTotal:     385024 kB
VmallocUsed:      155492 kB
VmallocChunk:      69700 kB
Time pass: 67 sec

---2015-12-16 17:19:16
MemTotal:        2895588 kB
MemFree:           71888 kB
Buffers:           14184 kB
Cached:          1243492 kB
SwapCached:            0 kB
Active:           834920 kB
Inactive:        1148488 kB
Active(anon):     359772 kB
Inactive(anon):   371136 kB
Active(file):     475148 kB
Inactive(file):   777352 kB
Unevictable:        2968 kB
Mlocked:               0 kB
HighTotal:       2306432 kB
HighFree:          38028 kB
LowTotal:         589156 kB
LowFree:           33860 kB
SwapTotal:       1048572 kB
SwapFree:        1048572 kB
Dirty:               572 kB
Writeback:             0 kB
AnonPages:        730104 kB
Mapped:           446508 kB
Shmem:              1328 kB
Slab:              55312 kB
SReclaimable:      20132 kB
SUnreclaim:        35180 kB
KernelStack:       13864 kB
PageTables:        39760 kB
NFS_Unstable:          0 kB
Bounce:                0 kB
WritebackTmp:          0 kB
CommitLimit:     2496364 kB
Committed_AS:   85138668 kB
VmallocTotal:     385024 kB
VmallocUsed:      155460 kB
VmallocChunk:      69700 kB
Time pass: 71 sec

---2015-12-16 17:19:16
MemTotal:        2895588 kB
MemFree:           66544 kB
Buffers:           14184 kB
Cached:          1228068 kB
SwapCached:            0 kB
Active:           835676 kB
Inactive:        1133232 kB
Active(anon):     359828 kB
Inactive(anon):   371128 kB
Active(file):     475848 kB
Inactive(file):   762104 kB
Unevictable:        2968 kB
Mlocked:               0 kB
HighTotal:       2306432 kB
HighFree:          41748 kB
LowTotal:         589156 kB
LowFree:           24796 kB
SwapTotal:       1048572 kB
SwapFree:        1048572 kB
Dirty:                 0 kB
Writeback:             0 kB
AnonPages:        729888 kB
Mapped:           446676 kB
Shmem:              1328 kB
Slab:              55340 kB
SReclaimable:      20132 kB
SUnreclaim:        35208 kB
KernelStack:       13888 kB
PageTables:        39840 kB
NFS_Unstable:          0 kB
Bounce:                0 kB
WritebackTmp:          0 kB
CommitLimit:     2496364 kB
Committed_AS:   85136480 kB
VmallocTotal:     385024 kB
VmallocUsed:      155448 kB
VmallocChunk:      69700 kB
Time pass: 74 sec

---2015-12-16 17:19:16
MemTotal:        2895588 kB
MemFree:           70120 kB
Buffers:           14228 kB
Cached:          1205576 kB
SwapCached:            0 kB
Active:           850140 kB
Inactive:        1115832 kB
Active(anon):     373704 kB
Inactive(anon):   376904 kB
Active(file):     476436 kB
Inactive(file):   738928 kB
Unevictable:        2968 kB
Mlocked:               0 kB
HighTotal:       2306432 kB
HighFree:          40404 kB
LowTotal:         589156 kB
LowFree:           29716 kB
SwapTotal:       1048572 kB
SwapFree:        1048572 kB
Dirty:               356 kB
Writeback:             0 kB
AnonPages:        749512 kB
Mapped:           451288 kB
Shmem:              1472 kB
Slab:              55536 kB
SReclaimable:      20132 kB
SUnreclaim:        35404 kB
KernelStack:       14096 kB
PageTables:        39976 kB
NFS_Unstable:          0 kB
Bounce:                0 kB
WritebackTmp:          0 kB
CommitLimit:     2496364 kB
Committed_AS:   85165216 kB
VmallocTotal:     385024 kB
VmallocUsed:      157660 kB
VmallocChunk:      69700 kB
Time pass: 78 sec

---2015-12-16 17:19:16
MemTotal:        2895588 kB
MemFree:           71760 kB
Buffers:           14192 kB
Cached:          1181676 kB
SwapCached:            0 kB
Active:           851900 kB
Inactive:        1094488 kB
Active(anon):     375140 kB
Inactive(anon):   379752 kB
Active(file):     476760 kB
Inactive(file):   714736 kB
Unevictable:        2968 kB
Mlocked:               0 kB
HighTotal:       2306432 kB
HighFree:          41332 kB
LowTotal:         589156 kB
LowFree:           30428 kB
SwapTotal:       1048572 kB
SwapFree:        1048572 kB
Dirty:                96 kB
Writeback:             0 kB
AnonPages:        753652 kB
Mapped:           451488 kB
Shmem:              1532 kB
Slab:              55644 kB
SReclaimable:      20132 kB
SUnreclaim:        35512 kB
KernelStack:       14088 kB
PageTables:        40124 kB
NFS_Unstable:          0 kB
Bounce:                0 kB
WritebackTmp:          0 kB
CommitLimit:     2496364 kB
Committed_AS:   85169364 kB
VmallocTotal:     385024 kB
VmallocUsed:      157660 kB
VmallocChunk:      69700 kB
Time pass: 82 sec

---2015-12-16 17:19:16
MemTotal:        2895588 kB
MemFree:           70480 kB
Buffers:           14208 kB
Cached:          1181976 kB
SwapCached:            0 kB
Active:           853584 kB
Inactive:        1094632 kB
Active(anon):     376792 kB
Inactive(anon):   380348 kB
Active(file):     476792 kB
Inactive(file):   714284 kB
Unevictable:        2968 kB
Mlocked:               0 kB
HighTotal:       2306432 kB
HighFree:          39908 kB
LowTotal:         589156 kB
LowFree:           30572 kB
SwapTotal:       1048572 kB
SwapFree:        1048572 kB
Dirty:                64 kB
Writeback:             0 kB
AnonPages:        755328 kB
Mapped:           452432 kB
Shmem:              2140 kB
Slab:              55712 kB
SReclaimable:      20132 kB
SUnreclaim:        35580 kB
KernelStack:       14072 kB
PageTables:        40124 kB
NFS_Unstable:          0 kB
Bounce:                0 kB
WritebackTmp:          0 kB
CommitLimit:     2496364 kB
Committed_AS:   85170152 kB
VmallocTotal:     385024 kB
VmallocUsed:      157660 kB
VmallocChunk:      69700 kB
Time pass: 85 sec

---2015-12-16 17:19:16
MemTotal:        2895588 kB
MemFree:           73136 kB
Buffers:           14208 kB
Cached:          1177348 kB
SwapCached:            0 kB
Active:           853624 kB
Inactive:        1091552 kB
Active(anon):     376832 kB
Inactive(anon):   381972 kB
Active(file):     476792 kB
Inactive(file):   709580 kB
Unevictable:        2968 kB
Mlocked:               0 kB
HighTotal:       2306432 kB
HighFree:          41696 kB
LowTotal:         589156 kB
LowFree:           31440 kB
SwapTotal:       1048572 kB
SwapFree:        1048572 kB
Dirty:                 0 kB
Writeback:             0 kB
AnonPages:        756972 kB
Mapped:           452216 kB
Shmem:              2216 kB
Slab:              55708 kB
SReclaimable:      20132 kB
SUnreclaim:        35576 kB
KernelStack:       14072 kB
PageTables:        40132 kB
NFS_Unstable:          0 kB
Bounce:                0 kB
WritebackTmp:          0 kB
CommitLimit:     2496364 kB
Committed_AS:   85174336 kB
VmallocTotal:     385024 kB
VmallocUsed:      157660 kB
VmallocChunk:      69700 kB
Time pass: 89 sec

---2015-12-16 17:19:16
MemTotal:        2895588 kB
MemFree:           71768 kB
Buffers:           14232 kB
Cached:          1177396 kB
SwapCached:            0 kB
Active:           854384 kB
Inactive:        1091588 kB
Active(anon):     377592 kB
Inactive(anon):   381992 kB
Active(file):     476792 kB
Inactive(file):   709596 kB
Unevictable:        2968 kB
Mlocked:               0 kB
HighTotal:       2306432 kB
HighFree:          40528 kB
LowTotal:         589156 kB
LowFree:           31240 kB
SwapTotal:       1048572 kB
SwapFree:        1048572 kB
Dirty:                 0 kB
Writeback:             0 kB
AnonPages:        757652 kB
Mapped:           452264 kB
Shmem:              2264 kB
Slab:              55708 kB
SReclaimable:      20132 kB
SUnreclaim:        35576 kB
KernelStack:       14064 kB
PageTables:        40136 kB
NFS_Unstable:          0 kB
Bounce:                0 kB
WritebackTmp:          0 kB
CommitLimit:     2496364 kB
Committed_AS:   85178512 kB
VmallocTotal:     385024 kB
VmallocUsed:      157660 kB
VmallocChunk:      69700 kB
Time pass: 92 sec

---2015-12-16 17:19:16
MemTotal:        2895588 kB
MemFree:           71244 kB
Buffers:           14248 kB
Cached:          1177380 kB
SwapCached:            0 kB
Active:           854652 kB
Inactive:        1091592 kB
Active(anon):     377860 kB
Inactive(anon):   381988 kB
Active(file):     476792 kB
Inactive(file):   709604 kB
Unevictable:        2968 kB
Mlocked:               0 kB
HighTotal:       2306432 kB
HighFree:          40228 kB
LowTotal:         589156 kB
LowFree:           31016 kB
SwapTotal:       1048572 kB
SwapFree:        1048572 kB
Dirty:                 0 kB
Writeback:             0 kB
AnonPages:        757944 kB
Mapped:           452316 kB
Shmem:              2264 kB
Slab:              55716 kB
SReclaimable:      20132 kB
SUnreclaim:        35584 kB
KernelStack:       14056 kB
PageTables:        40156 kB
NFS_Unstable:          0 kB
Bounce:                0 kB
WritebackTmp:          0 kB
CommitLimit:     2496364 kB
Committed_AS:   85178772 kB
VmallocTotal:     385024 kB
VmallocUsed:      157660 kB
VmallocChunk:      69700 kB
Time pass: 96 sec

---2015-12-16 17:19:16
MemTotal:        2895588 kB
MemFree:           71700 kB
Buffers:           14248 kB
Cached:          1177396 kB
SwapCached:            0 kB
Active:           854668 kB
Inactive:        1091624 kB
Active(anon):     377892 kB
Inactive(anon):   381988 kB
Active(file):     476776 kB
Inactive(file):   709636 kB
Unevictable:        2968 kB
Mlocked:               0 kB
HighTotal:       2306432 kB
HighFree:          40600 kB
LowTotal:         589156 kB
LowFree:           31100 kB
SwapTotal:       1048572 kB
SwapFree:        1048572 kB
Dirty:                60 kB
Writeback:             0 kB
AnonPages:        757208 kB
Mapped:           452316 kB
Shmem:              2264 kB
Slab:              55724 kB
SReclaimable:      20132 kB
SUnreclaim:        35592 kB
KernelStack:       14048 kB
PageTables:        40156 kB
NFS_Unstable:          0 kB
Bounce:                0 kB
WritebackTmp:          0 kB
CommitLimit:     2496364 kB
Committed_AS:   85178896 kB
VmallocTotal:     385024 kB
VmallocUsed:      157660 kB
VmallocChunk:      69700 kB
Time pass: 99 sec

---2015-12-16 17:19:16
MemTotal:        2895588 kB
MemFree:           71272 kB
Buffers:           14256 kB
Cached:          1177400 kB
SwapCached:            0 kB
Active:           854920 kB
Inactive:        1091624 kB
Active(anon):     378144 kB
Inactive(anon):   381980 kB
Active(file):     476776 kB
Inactive(file):   709644 kB
Unevictable:        2968 kB
Mlocked:               0 kB
HighTotal:       2306432 kB
HighFree:          40228 kB
LowTotal:         589156 kB
LowFree:           31044 kB
SwapTotal:       1048572 kB
SwapFree:        1048572 kB
Dirty:                 0 kB
Writeback:             0 kB
AnonPages:        758056 kB
Mapped:           452320 kB
Shmem:              2268 kB
Slab:              55724 kB
SReclaimable:      20132 kB
SUnreclaim:        35592 kB
KernelStack:       14040 kB
PageTables:        40160 kB
NFS_Unstable:          0 kB
Bounce:                0 kB
WritebackTmp:          0 kB
CommitLimit:     2496364 kB
Committed_AS:   85178944 kB
VmallocTotal:     385024 kB
VmallocUsed:      157660 kB
VmallocChunk:      69700 kB
Time pass: 103 sec

---2015-12-16 17:19:16
MemTotal:        2895588 kB
MemFree:           71064 kB
Buffers:           14272 kB
Cached:          1177472 kB
SwapCached:            0 kB
Active:           855256 kB
Inactive:        1091648 kB
Active(anon):     378480 kB
Inactive(anon):   381988 kB
Active(file):     476776 kB
Inactive(file):   709660 kB
Unevictable:        2968 kB
Mlocked:               0 kB
HighTotal:       2306432 kB
HighFree:          39784 kB
LowTotal:         589156 kB
LowFree:           31280 kB
SwapTotal:       1048572 kB
SwapFree:        1048572 kB
Dirty:                48 kB
Writeback:             0 kB
AnonPages:        758328 kB
Mapped:           452360 kB
Shmem:              2304 kB
Slab:              55724 kB
SReclaimable:      20132 kB
SUnreclaim:        35592 kB
KernelStack:       14040 kB
PageTables:        40160 kB
NFS_Unstable:          0 kB
Bounce:                0 kB
WritebackTmp:          0 kB
CommitLimit:     2496364 kB
Committed_AS:   85179160 kB
VmallocTotal:     385024 kB
VmallocUsed:      157660 kB
VmallocChunk:      69700 kB
Time pass: 106 sec

---2015-12-16 17:19:16
MemTotal:        2895588 kB
MemFree:           70544 kB
Buffers:           14280 kB
Cached:          1177528 kB
SwapCached:            0 kB
Active:           856052 kB
Inactive:        1091640 kB
Active(anon):     379276 kB
Inactive(anon):   381944 kB
Active(file):     476776 kB
Inactive(file):   709696 kB
Unevictable:        2968 kB
Mlocked:               0 kB
HighTotal:       2306432 kB
HighFree:          39288 kB
LowTotal:         589156 kB
LowFree:           31256 kB
SwapTotal:       1048572 kB
SwapFree:        1048572 kB
Dirty:                 0 kB
Writeback:             0 kB
AnonPages:        758948 kB
Mapped:           452720 kB
Shmem:              2368 kB
Slab:              55712 kB
SReclaimable:      20132 kB
SUnreclaim:        35580 kB
KernelStack:       13992 kB
PageTables:        40156 kB
NFS_Unstable:          0 kB
Bounce:                0 kB
WritebackTmp:          0 kB
CommitLimit:     2496364 kB
Committed_AS:   85181888 kB
VmallocTotal:     385024 kB
VmallocUsed:      157660 kB
VmallocChunk:      69700 kB
Time pass: 110 sec

---2015-12-16 17:19:16
MemTotal:        2895588 kB
MemFree:          377876 kB
Buffers:           14296 kB
Cached:          1169708 kB
SwapCached:            0 kB
Active:           773588 kB
Inactive:        1084476 kB
Active(anon):     295280 kB
Inactive(anon):   383464 kB
Active(file):     478308 kB
Inactive(file):   701012 kB
Unevictable:        2968 kB
Mlocked:               0 kB
HighTotal:       2306432 kB
HighFree:         280752 kB
LowTotal:         589156 kB
LowFree:           97124 kB
SwapTotal:       1048572 kB
SwapFree:        1048572 kB
Dirty:                80 kB
Writeback:             0 kB
AnonPages:        677132 kB
Mapped:           421720 kB
Shmem:              1716 kB
Slab:              55688 kB
SReclaimable:      20132 kB
SUnreclaim:        35556 kB
KernelStack:       13376 kB
PageTables:        38176 kB
NFS_Unstable:          0 kB
Bounce:                0 kB
WritebackTmp:          0 kB
CommitLimit:     2496364 kB
Committed_AS:   82546952 kB
VmallocTotal:     385024 kB
VmallocUsed:      151920 kB
VmallocChunk:      69700 kB
Time pass: 114 sec

---2015-12-16 17:19:16
MemTotal:        2895588 kB
MemFree:          378528 kB
Buffers:           14304 kB
Cached:          1170088 kB
SwapCached:            0 kB
Active:           773156 kB
Inactive:        1084796 kB
Active(anon):     294844 kB
Inactive(anon):   383424 kB
Active(file):     478312 kB
Inactive(file):   701372 kB
Unevictable:        2968 kB
Mlocked:               0 kB
HighTotal:       2306432 kB
HighFree:         280964 kB
LowTotal:         589156 kB
LowFree:           97564 kB
SwapTotal:       1048572 kB
SwapFree:        1048572 kB
Dirty:               456 kB
Writeback:             0 kB
AnonPages:        676792 kB
Mapped:           421616 kB
Shmem:              1712 kB
Slab:              55660 kB
SReclaimable:      20132 kB
SUnreclaim:        35528 kB
KernelStack:       13000 kB
PageTables:        38204 kB
NFS_Unstable:          0 kB
Bounce:                0 kB
WritebackTmp:          0 kB
CommitLimit:     2496364 kB
Committed_AS:   82547264 kB
VmallocTotal:     385024 kB
VmallocUsed:      151920 kB
VmallocChunk:      69700 kB
Time pass: 117 sec

---2015-12-16 17:19:16
MemTotal:        2895588 kB
MemFree:          379204 kB
Buffers:           14304 kB
Cached:          1170088 kB
SwapCached:            0 kB
Active:           772152 kB
Inactive:        1084800 kB
Active(anon):     293840 kB
Inactive(anon):   383400 kB
Active(file):     478312 kB
Inactive(file):   701400 kB
Unevictable:        2968 kB
Mlocked:               0 kB
HighTotal:       2306432 kB
HighFree:         281780 kB
LowTotal:         589156 kB
LowFree:           97424 kB
SwapTotal:       1048572 kB
SwapFree:        1048572 kB
Dirty:                 0 kB
Writeback:             0 kB
AnonPages:        675900 kB
Mapped:           421668 kB
Shmem:              1712 kB
Slab:              55656 kB
SReclaimable:      20132 kB
SUnreclaim:        35524 kB
KernelStack:       13000 kB
PageTables:        38224 kB
NFS_Unstable:          0 kB
Bounce:                0 kB
WritebackTmp:          0 kB
CommitLimit:     2496364 kB
Committed_AS:   82547280 kB
VmallocTotal:     385024 kB
VmallocUsed:      151920 kB
VmallocChunk:      69700 kB
Time pass: 121 sec

---2015-12-16 17:19:16
MemTotal:        2895588 kB
MemFree:          379300 kB
Buffers:           14312 kB
Cached:          1170144 kB
SwapCached:            0 kB
Active:           772308 kB
Inactive:        1084856 kB
Active(anon):     293996 kB
Inactive(anon):   383400 kB
Active(file):     478312 kB
Inactive(file):   701456 kB
Unevictable:        2968 kB
Mlocked:               0 kB
HighTotal:       2306432 kB
HighFree:         281852 kB
LowTotal:         589156 kB
LowFree:           97448 kB
SwapTotal:       1048572 kB
SwapFree:        1048572 kB
Dirty:                68 kB
Writeback:             0 kB
AnonPages:        676408 kB
Mapped:           421720 kB
Shmem:              1712 kB
Slab:              55644 kB
SReclaimable:      20132 kB
SUnreclaim:        35512 kB
KernelStack:       12992 kB
PageTables:        38244 kB
NFS_Unstable:          0 kB
Bounce:                0 kB
WritebackTmp:          0 kB
CommitLimit:     2496364 kB
Committed_AS:   82547384 kB
VmallocTotal:     385024 kB
VmallocUsed:      151920 kB
VmallocChunk:      69700 kB
Time pass: 124 sec

---2015-12-16 17:19:16
MemTotal:        2895588 kB
MemFree:          378584 kB
Buffers:           14312 kB
Cached:          1170144 kB
SwapCached:            0 kB
Active:           772476 kB
Inactive:        1084856 kB
Active(anon):     294164 kB
Inactive(anon):   383392 kB
Active(file):     478312 kB
Inactive(file):   701464 kB
Unevictable:        2968 kB
Mlocked:               0 kB
HighTotal:       2306432 kB
HighFree:         281108 kB
LowTotal:         589156 kB
LowFree:           97476 kB
SwapTotal:       1048572 kB
SwapFree:        1048572 kB
Dirty:                 0 kB
Writeback:             0 kB
AnonPages:        676584 kB
Mapped:           421720 kB
Shmem:              1712 kB
Slab:              55644 kB
SReclaimable:      20132 kB
SUnreclaim:        35512 kB
KernelStack:       12992 kB
PageTables:        38244 kB
NFS_Unstable:          0 kB
Bounce:                0 kB
WritebackTmp:          0 kB
CommitLimit:     2496364 kB
Committed_AS:   82547624 kB
VmallocTotal:     385024 kB
VmallocUsed:      151920 kB
VmallocChunk:      69700 kB
Time pass: 128 sec

---2015-12-16 17:19:16
MemTotal:        2895588 kB
MemFree:          371136 kB
Buffers:           14312 kB
Cached:          1170232 kB
SwapCached:            0 kB
Active:           780984 kB
Inactive:        1084940 kB
Active(anon):     302672 kB
Inactive(anon):   383384 kB
Active(file):     478312 kB
Inactive(file):   701556 kB
Unevictable:        2968 kB
Mlocked:               0 kB
HighTotal:       2306432 kB
HighFree:         273948 kB
LowTotal:         589156 kB
LowFree:           97188 kB
SwapTotal:       1048572 kB
SwapFree:        1048572 kB
Dirty:                 0 kB
Writeback:             0 kB
AnonPages:        684748 kB
Mapped:           426540 kB
Shmem:              1712 kB
Slab:              55644 kB
SReclaimable:      20132 kB
SUnreclaim:        35512 kB
KernelStack:       13080 kB
PageTables:        38684 kB
NFS_Unstable:          0 kB
Bounce:                0 kB
WritebackTmp:          0 kB
CommitLimit:     2496364 kB
Committed_AS:   83792372 kB
VmallocTotal:     385024 kB
VmallocUsed:      152940 kB
VmallocChunk:      69700 kB
Time pass: 131 sec

---2015-12-16 17:19:16
MemTotal:        2895588 kB
MemFree:          373712 kB
Buffers:           14312 kB
Cached:          1170232 kB
SwapCached:            0 kB
Active:           777724 kB
Inactive:        1084936 kB
Active(anon):     299412 kB
Inactive(anon):   383384 kB
Active(file):     478312 kB
Inactive(file):   701552 kB
Unevictable:        2968 kB
Mlocked:               0 kB
HighTotal:       2306432 kB
HighFree:         276524 kB
LowTotal:         589156 kB
LowFree:           97188 kB
SwapTotal:       1048572 kB
SwapFree:        1048572 kB
Dirty:                 0 kB
Writeback:             0 kB
AnonPages:        681464 kB
Mapped:           426592 kB
Shmem:              1712 kB
Slab:              55644 kB
SReclaimable:      20132 kB
SUnreclaim:        35512 kB
KernelStack:       13064 kB
PageTables:        38704 kB
NFS_Unstable:          0 kB
Bounce:                0 kB
WritebackTmp:          0 kB
CommitLimit:     2496364 kB
Committed_AS:   83792848 kB
VmallocTotal:     385024 kB
VmallocUsed:      152940 kB
VmallocChunk:      69700 kB
Time pass: 135 sec

---2015-12-16 17:19:16
MemTotal:        2895588 kB
MemFree:          359236 kB
Buffers:           14736 kB
Cached:          1170432 kB
SwapCached:            0 kB
Active:           792352 kB
Inactive:        1085552 kB
Active(anon):     314036 kB
Inactive(anon):   383376 kB
Active(file):     478316 kB
Inactive(file):   702176 kB
Unevictable:        2968 kB
Mlocked:               0 kB
HighTotal:       2306432 kB
HighFree:         261548 kB
LowTotal:         589156 kB
LowFree:           97688 kB
SwapTotal:       1048572 kB
SwapFree:        1048572 kB
Dirty:                40 kB
Writeback:             0 kB
AnonPages:        695988 kB
Mapped:           428800 kB
Shmem:              1712 kB
Slab:              55644 kB
SReclaimable:      20132 kB
SUnreclaim:        35512 kB
KernelStack:       12912 kB
PageTables:        38792 kB
NFS_Unstable:          0 kB
Bounce:                0 kB
WritebackTmp:          0 kB
CommitLimit:     2496364 kB
Committed_AS:   83801316 kB
VmallocTotal:     385024 kB
VmallocUsed:      152940 kB
VmallocChunk:      69700 kB
Time pass: 139 sec

---2015-12-16 17:19:16
MemTotal:        2895588 kB
MemFree:          355812 kB
Buffers:           14780 kB
Cached:          1174960 kB
SwapCached:            0 kB
Active:           792532 kB
Inactive:        1090076 kB
Active(anon):     314032 kB
Inactive(anon):   383236 kB
Active(file):     478500 kB
Inactive(file):   706840 kB
Unevictable:        2968 kB
Mlocked:               0 kB
HighTotal:       2306432 kB
HighFree:         257888 kB
LowTotal:         589156 kB
LowFree:           97924 kB
SwapTotal:       1048572 kB
SwapFree:        1048572 kB
Dirty:               124 kB
Writeback:            56 kB
AnonPages:        695900 kB
Mapped:           431568 kB
Shmem:              1584 kB
Slab:              55644 kB
SReclaimable:      20132 kB
SUnreclaim:        35512 kB
KernelStack:       12856 kB
PageTables:        38612 kB
NFS_Unstable:          0 kB
Bounce:                0 kB
WritebackTmp:          0 kB
CommitLimit:     2496364 kB
Committed_AS:   83796520 kB
VmallocTotal:     385024 kB
VmallocUsed:      152844 kB
VmallocChunk:      69700 kB
Time pass: 142 sec

---2015-12-16 17:19:16
MemTotal:        2895588 kB
MemFree:          355148 kB
Buffers:           14780 kB
Cached:          1175080 kB
SwapCached:            0 kB
Active:           792648 kB
Inactive:        1090212 kB
Active(anon):     314140 kB
Inactive(anon):   383236 kB
Active(file):     478508 kB
Inactive(file):   706976 kB
Unevictable:        2968 kB
Mlocked:               0 kB
HighTotal:       2306432 kB
HighFree:         257340 kB
LowTotal:         589156 kB
LowFree:           97808 kB
SwapTotal:       1048572 kB
SwapFree:        1048572 kB
Dirty:               128 kB
Writeback:             0 kB
AnonPages:        696104 kB
Mapped:           431520 kB
Shmem:              1584 kB
Slab:              55664 kB
SReclaimable:      20132 kB
SUnreclaim:        35532 kB
KernelStack:       12896 kB
PageTables:        38644 kB
NFS_Unstable:          0 kB
Bounce:                0 kB
WritebackTmp:          0 kB
CommitLimit:     2496364 kB
Committed_AS:   83796852 kB
VmallocTotal:     385024 kB
VmallocUsed:      152844 kB
VmallocChunk:      69700 kB
Time pass: 146 sec

---2015-12-16 17:19:16
MemTotal:        2895588 kB
MemFree:          355404 kB
Buffers:           14788 kB
Cached:          1175276 kB
SwapCached:            0 kB
Active:           791604 kB
Inactive:        1090244 kB
Active(anon):     313012 kB
Inactive(anon):   383232 kB
Active(file):     478592 kB
Inactive(file):   707012 kB
Unevictable:        2968 kB
Mlocked:               0 kB
HighTotal:       2306432 kB
HighFree:         257612 kB
LowTotal:         589156 kB
LowFree:           97792 kB
SwapTotal:       1048572 kB
SwapFree:        1048572 kB
Dirty:                44 kB
Writeback:             0 kB
AnonPages:        694632 kB
Mapped:           431684 kB
Shmem:              1584 kB
Slab:              55664 kB
SReclaimable:      20132 kB
SUnreclaim:        35532 kB
KernelStack:       12848 kB
PageTables:        38732 kB
NFS_Unstable:          0 kB
Bounce:                0 kB
WritebackTmp:          0 kB
CommitLimit:     2496364 kB
Committed_AS:   83797924 kB
VmallocTotal:     385024 kB
VmallocUsed:      152844 kB
VmallocChunk:      69700 kB
Time pass: 149 sec

---2015-12-16 17:19:16
MemTotal:        2895588 kB
MemFree:          197812 kB
Buffers:           14860 kB
Cached:          1178044 kB
SwapCached:            0 kB
Active:           821984 kB
Inactive:        1091764 kB
Active(anon):     342240 kB
Inactive(anon):   383288 kB
Active(file):     479744 kB
Inactive(file):   708476 kB
Unevictable:        2968 kB
Mlocked:               0 kB
HighTotal:       2306432 kB
HighFree:         103204 kB
LowTotal:         589156 kB
LowFree:           94608 kB
SwapTotal:       1048572 kB
SwapFree:        1048572 kB
Dirty:               928 kB
Writeback:             0 kB
AnonPages:        723896 kB
Mapped:           461480 kB
Shmem:              1720 kB
Slab:              55616 kB
SReclaimable:      20132 kB
SUnreclaim:        35484 kB
KernelStack:       13536 kB
PageTables:        39824 kB
NFS_Unstable:          0 kB
Bounce:                0 kB
WritebackTmp:          0 kB
CommitLimit:     2496364 kB
Committed_AS:   85147016 kB
VmallocTotal:     385024 kB
VmallocUsed:      154468 kB
VmallocChunk:      69700 kB
Time pass: 153 sec

---2015-12-16 17:19:16
MemTotal:        2895588 kB
MemFree:          123180 kB
Buffers:           14860 kB
Cached:          1179044 kB
SwapCached:            0 kB
Active:           848696 kB
Inactive:        1089296 kB
Active(anon):     367040 kB
Inactive(anon):   381748 kB
Active(file):     481656 kB
Inactive(file):   707548 kB
Unevictable:        2968 kB
Mlocked:               0 kB
HighTotal:       2306432 kB
HighFree:          38172 kB
LowTotal:         589156 kB
LowFree:           85008 kB
SwapTotal:       1048572 kB
SwapFree:        1048572 kB
Dirty:              1464 kB
Writeback:             0 kB
AnonPages:        747540 kB
Mapped:           463748 kB
Shmem:              1720 kB
Slab:              55700 kB
SReclaimable:      20200 kB
SUnreclaim:        35500 kB
KernelStack:       13568 kB
PageTables:        40088 kB
NFS_Unstable:          0 kB
Bounce:                0 kB
WritebackTmp:          0 kB
CommitLimit:     2496364 kB
Committed_AS:   85144016 kB
VmallocTotal:     385024 kB
VmallocUsed:      155780 kB
VmallocChunk:      69700 kB
Time pass: 157 sec

---2015-12-16 17:19:16
MemTotal:        2895588 kB
MemFree:          121952 kB
Buffers:           14868 kB
Cached:          1179048 kB
SwapCached:            0 kB
Active:           840224 kB
Inactive:        1089304 kB
Active(anon):     358564 kB
Inactive(anon):   381736 kB
Active(file):     481660 kB
Inactive(file):   707568 kB
Unevictable:        2968 kB
Mlocked:               0 kB
HighTotal:       2306432 kB
HighFree:          43680 kB
LowTotal:         589156 kB
LowFree:           78272 kB
SwapTotal:       1048572 kB
SwapFree:        1048572 kB
Dirty:              1616 kB
Writeback:             0 kB
AnonPages:        739020 kB
Mapped:           463868 kB
Shmem:              1720 kB
Slab:              55700 kB
SReclaimable:      20200 kB
SUnreclaim:        35500 kB
KernelStack:       13560 kB
PageTables:        39888 kB
NFS_Unstable:          0 kB
Bounce:                0 kB
WritebackTmp:          0 kB
CommitLimit:     2496364 kB
Committed_AS:   85144200 kB
VmallocTotal:     385024 kB
VmallocUsed:      155760 kB
VmallocChunk:      69700 kB
Time pass: 161 sec

---2015-12-16 17:19:16
MemTotal:        2895588 kB
MemFree:          112452 kB
Buffers:           14876 kB
Cached:          1179188 kB
SwapCached:            0 kB
Active:           850932 kB
Inactive:        1089188 kB
Active(anon):     368816 kB
Inactive(anon):   381732 kB
Active(file):     482116 kB
Inactive(file):   707456 kB
Unevictable:        2968 kB
Mlocked:               0 kB
HighTotal:       2306432 kB
HighFree:          38388 kB
LowTotal:         589156 kB
LowFree:           74064 kB
SwapTotal:       1048572 kB
SwapFree:        1048572 kB
Dirty:               224 kB
Writeback:             0 kB
AnonPages:        749496 kB
Mapped:           463820 kB
Shmem:              1720 kB
Slab:              55704 kB
SReclaimable:      20204 kB
SUnreclaim:        35500 kB
KernelStack:       13568 kB
PageTables:        39900 kB
NFS_Unstable:          0 kB
Bounce:                0 kB
WritebackTmp:          0 kB
CommitLimit:     2496364 kB
Committed_AS:   85144488 kB
VmallocTotal:     385024 kB
VmallocUsed:      155760 kB
VmallocChunk:      69700 kB
Time pass: 164 sec

---2015-12-16 17:19:16
MemTotal:        2895588 kB
MemFree:          119304 kB
Buffers:           14876 kB
Cached:          1179348 kB
SwapCached:            0 kB
Active:           843288 kB
Inactive:        1089052 kB
Active(anon):     361072 kB
Inactive(anon):   381732 kB
Active(file):     482216 kB
Inactive(file):   707320 kB
Unevictable:        2968 kB
Mlocked:               0 kB
HighTotal:       2306432 kB
HighFree:          40620 kB
LowTotal:         589156 kB
LowFree:           78684 kB
SwapTotal:       1048572 kB
SwapFree:        1048572 kB
Dirty:               296 kB
Writeback:             0 kB
AnonPages:        741296 kB
Mapped:           463984 kB
Shmem:              1720 kB
Slab:              55704 kB
SReclaimable:      20204 kB
SUnreclaim:        35500 kB
KernelStack:       13568 kB
PageTables:        39896 kB
NFS_Unstable:          0 kB
Bounce:                0 kB
WritebackTmp:          0 kB
CommitLimit:     2496364 kB
Committed_AS:   85144780 kB
VmallocTotal:     385024 kB
VmallocUsed:      155776 kB
VmallocChunk:      69700 kB
Time pass: 168 sec

---2015-12-16 17:19:16
MemTotal:        2895588 kB
MemFree:          119516 kB
Buffers:           14884 kB
Cached:          1179348 kB
SwapCached:            0 kB
Active:           843608 kB
Inactive:        1089060 kB
Active(anon):     361392 kB
Inactive(anon):   381732 kB
Active(file):     482216 kB
Inactive(file):   707328 kB
Unevictable:        2968 kB
Mlocked:               0 kB
HighTotal:       2306432 kB
HighFree:          40724 kB
LowTotal:         589156 kB
LowFree:           78792 kB
SwapTotal:       1048572 kB
SwapFree:        1048572 kB
Dirty:                 0 kB
Writeback:             0 kB
AnonPages:        741824 kB
Mapped:           464040 kB
Shmem:              1720 kB
Slab:              55700 kB
SReclaimable:      20204 kB
SUnreclaim:        35496 kB
KernelStack:       13568 kB
PageTables:        39920 kB
NFS_Unstable:          0 kB
Bounce:                0 kB
WritebackTmp:          0 kB
CommitLimit:     2496364 kB
Committed_AS:   85144984 kB
VmallocTotal:     385024 kB
VmallocUsed:      155776 kB
VmallocChunk:      69700 kB
Time pass: 171 sec

---2015-12-16 17:19:16
MemTotal:        2895588 kB
MemFree:           93784 kB
Buffers:           14892 kB
Cached:          1179364 kB
SwapCached:            0 kB
Active:           847976 kB
Inactive:        1089044 kB
Active(anon):     365720 kB
Inactive(anon):   381732 kB
Active(file):     482256 kB
Inactive(file):   707312 kB
Unevictable:        2968 kB
Mlocked:               0 kB
HighTotal:       2306432 kB
HighFree:          40988 kB
LowTotal:         589156 kB
LowFree:           52796 kB
SwapTotal:       1048572 kB
SwapFree:        1048572 kB
Dirty:               572 kB
Writeback:             0 kB
AnonPages:        745480 kB
Mapped:           464308 kB
Shmem:              1720 kB
Slab:              55752 kB
SReclaimable:      20204 kB
SUnreclaim:        35548 kB
KernelStack:       13568 kB
PageTables:        39916 kB
NFS_Unstable:          0 kB
Bounce:                0 kB
WritebackTmp:          0 kB
CommitLimit:     2496364 kB
Committed_AS:   85147952 kB
VmallocTotal:     385024 kB
VmallocUsed:      156004 kB
VmallocChunk:      69700 kB
Time pass: 175 sec

---2015-12-16 17:19:16
MemTotal:        2895588 kB
MemFree:           93100 kB
Buffers:           14892 kB
Cached:          1179364 kB
SwapCached:            0 kB
Active:           847536 kB
Inactive:        1089020 kB
Active(anon):     365280 kB
Inactive(anon):   381708 kB
Active(file):     482256 kB
Inactive(file):   707312 kB
Unevictable:        2968 kB
Mlocked:               0 kB
HighTotal:       2306432 kB
HighFree:          40760 kB
LowTotal:         589156 kB
LowFree:           52340 kB
SwapTotal:       1048572 kB
SwapFree:        1048572 kB
Dirty:                 0 kB
Writeback:             0 kB
AnonPages:        745200 kB
Mapped:           464304 kB
Shmem:              1720 kB
Slab:              55656 kB
SReclaimable:      20204 kB
SUnreclaim:        35452 kB
KernelStack:       13568 kB
PageTables:        39900 kB
NFS_Unstable:          0 kB
Bounce:                0 kB
WritebackTmp:          0 kB
CommitLimit:     2496364 kB
Committed_AS:   85148328 kB
VmallocTotal:     385024 kB
VmallocUsed:      156004 kB
VmallocChunk:      69700 kB
Time pass: 178 sec

---2015-12-16 17:19:16
MemTotal:        2895588 kB
MemFree:           92388 kB
Buffers:           14900 kB
Cached:          1179364 kB
SwapCached:            0 kB
Active:           847348 kB
Inactive:        1089024 kB
Active(anon):     365092 kB
Inactive(anon):   381704 kB
Active(file):     482256 kB
Inactive(file):   707320 kB
Unevictable:        2968 kB
Mlocked:               0 kB
HighTotal:       2306432 kB
HighFree:          40228 kB
LowTotal:         589156 kB
LowFree:           52160 kB
SwapTotal:       1048572 kB
SwapFree:        1048572 kB
Dirty:                 4 kB
Writeback:             0 kB
AnonPages:        745528 kB
Mapped:           464596 kB
Shmem:              1720 kB
Slab:              55628 kB
SReclaimable:      20196 kB
SUnreclaim:        35432 kB
KernelStack:       13576 kB
PageTables:        39916 kB
NFS_Unstable:          0 kB
Bounce:                0 kB
WritebackTmp:          0 kB
CommitLimit:     2496364 kB
Committed_AS:   85148568 kB
VmallocTotal:     385024 kB
VmallocUsed:      156004 kB
VmallocChunk:      69700 kB
Time pass: 182 sec

---2015-12-16 17:19:16
MemTotal:        2895588 kB
MemFree:           77576 kB
Buffers:           14956 kB
Cached:          1179844 kB
SwapCached:            0 kB
Active:           862304 kB
Inactive:        1089508 kB
Active(anon):     380044 kB
Inactive(anon):   381864 kB
Active(file):     482260 kB
Inactive(file):   707644 kB
Unevictable:        2968 kB
Mlocked:               0 kB
HighTotal:       2306432 kB
HighFree:          37852 kB
LowTotal:         589156 kB
LowFree:           39724 kB
SwapTotal:       1048572 kB
SwapFree:        1048572 kB
Dirty:                68 kB
Writeback:             0 kB
AnonPages:        760380 kB
Mapped:           467912 kB
Shmem:              1916 kB
Slab:              55620 kB
SReclaimable:      20196 kB
SUnreclaim:        35424 kB
KernelStack:       13800 kB
PageTables:        40052 kB
NFS_Unstable:          0 kB
Bounce:                0 kB
WritebackTmp:          0 kB
CommitLimit:     2496364 kB
Committed_AS:   85170284 kB
VmallocTotal:     385024 kB
VmallocUsed:      158216 kB
VmallocChunk:      69700 kB
Time pass: 185 sec

---2015-12-16 17:19:16
MemTotal:        2895588 kB
MemFree:           74620 kB
Buffers:           14980 kB
Cached:          1175072 kB
SwapCached:            0 kB
Active:           865008 kB
Inactive:        1088556 kB
Active(anon):     382748 kB
Inactive(anon):   385860 kB
Active(file):     482260 kB
Inactive(file):   702696 kB
Unevictable:        2968 kB
Mlocked:               0 kB
HighTotal:       2306432 kB
HighFree:          43012 kB
LowTotal:         589156 kB
LowFree:           31608 kB
SwapTotal:       1048572 kB
SwapFree:        1048572 kB
Dirty:                64 kB
Writeback:             0 kB
AnonPages:        766700 kB
Mapped:           468116 kB
Shmem:              2116 kB
Slab:              55620 kB
SReclaimable:      20196 kB
SUnreclaim:        35424 kB
KernelStack:       13792 kB
PageTables:        40096 kB
NFS_Unstable:          0 kB
Bounce:                0 kB
WritebackTmp:          0 kB
CommitLimit:     2496364 kB
Committed_AS:   85174544 kB
VmallocTotal:     385024 kB
VmallocUsed:      158216 kB
VmallocChunk:      69700 kB
Time pass: 189 sec

---2015-12-16 17:19:16
MemTotal:        2895588 kB
MemFree:           73444 kB
Buffers:           14996 kB
Cached:          1175128 kB
SwapCached:            0 kB
Active:           865428 kB
Inactive:        1088664 kB
Active(anon):     383168 kB
Inactive(anon):   385940 kB
Active(file):     482260 kB
Inactive(file):   702724 kB
Unevictable:        2968 kB
Mlocked:               0 kB
HighTotal:       2306432 kB
HighFree:          41572 kB
LowTotal:         589156 kB
LowFree:           31872 kB
SwapTotal:       1048572 kB
SwapFree:        1048572 kB
Dirty:                 0 kB
Writeback:             0 kB
AnonPages:        767228 kB
Mapped:           468224 kB
Shmem:              2172 kB
Slab:              55620 kB
SReclaimable:      20196 kB
SUnreclaim:        35424 kB
KernelStack:       13792 kB
PageTables:        40120 kB
NFS_Unstable:          0 kB
Bounce:                0 kB
WritebackTmp:          0 kB
CommitLimit:     2496364 kB
Committed_AS:   85178692 kB
VmallocTotal:     385024 kB
VmallocUsed:      158216 kB
VmallocChunk:      69700 kB
Time pass: 193 sec

---2015-12-16 17:19:16
MemTotal:        2895588 kB
MemFree:           71208 kB
Buffers:           15004 kB
Cached:          1175156 kB
SwapCached:            0 kB
Active:           866632 kB
Inactive:        1088700 kB
Active(anon):     384372 kB
Inactive(anon):   385968 kB
Active(file):     482260 kB
Inactive(file):   702732 kB
Unevictable:        2968 kB
Mlocked:               0 kB
HighTotal:       2306432 kB
HighFree:          38544 kB
LowTotal:         589156 kB
LowFree:           32664 kB
SwapTotal:       1048572 kB
SwapFree:        1048572 kB
Dirty:                40 kB
Writeback:             0 kB
AnonPages:        768692 kB
Mapped:           468252 kB
Shmem:              2200 kB
Slab:              55620 kB
SReclaimable:      20196 kB
SUnreclaim:        35424 kB
KernelStack:       13792 kB
PageTables:        40124 kB
NFS_Unstable:          0 kB
Bounce:                0 kB
WritebackTmp:          0 kB
CommitLimit:     2496364 kB
Committed_AS:   85178944 kB
VmallocTotal:     385024 kB
VmallocUsed:      158216 kB
VmallocChunk:      69700 kB
Time pass: 196 sec

---2015-12-16 17:19:16
MemTotal:        2895588 kB
MemFree:           71744 kB
Buffers:           15020 kB
Cached:          1175160 kB
SwapCached:            0 kB
Active:           867460 kB
Inactive:        1088668 kB
Active(anon):     385200 kB
Inactive(anon):   385936 kB
Active(file):     482260 kB
Inactive(file):   702732 kB
Unevictable:        2968 kB
Mlocked:               0 kB
HighTotal:       2306432 kB
HighFree:          38368 kB
LowTotal:         589156 kB
LowFree:           33376 kB
SwapTotal:       1048572 kB
SwapFree:        1048572 kB
Dirty:                52 kB
Writeback:             0 kB
AnonPages:        769040 kB
Mapped:           468256 kB
Shmem:              2204 kB
Slab:              55620 kB
SReclaimable:      20196 kB
SUnreclaim:        35424 kB
KernelStack:       13792 kB
PageTables:        40124 kB
NFS_Unstable:          0 kB
Bounce:                0 kB
WritebackTmp:          0 kB
CommitLimit:     2496364 kB
Committed_AS:   85179004 kB
VmallocTotal:     385024 kB
VmallocUsed:      158216 kB
VmallocChunk:      69700 kB
Time pass: 200 sec

---2015-12-16 17:19:16
MemTotal:        2895588 kB
MemFree:           71876 kB
Buffers:           15036 kB
Cached:          1175160 kB
SwapCached:            0 kB
Active:           867544 kB
Inactive:        1088648 kB
Active(anon):     385300 kB
Inactive(anon):   385868 kB
Active(file):     482244 kB
Inactive(file):   702780 kB
Unevictable:        2968 kB
Mlocked:               0 kB
HighTotal:       2306432 kB
HighFree:          38120 kB
LowTotal:         589156 kB
LowFree:           33756 kB
SwapTotal:       1048572 kB
SwapFree:        1048572 kB
Dirty:                72 kB
Writeback:             0 kB
AnonPages:        769032 kB
Mapped:           468256 kB
Shmem:              2204 kB
Slab:              55620 kB
SReclaimable:      20196 kB
SUnreclaim:        35424 kB
KernelStack:       13784 kB
PageTables:        40124 kB
NFS_Unstable:          0 kB
Bounce:                0 kB
WritebackTmp:          0 kB
CommitLimit:     2496364 kB
Committed_AS:   85183196 kB
VmallocTotal:     385024 kB
VmallocUsed:      158216 kB
VmallocChunk:      69700 kB
Time pass: 203 sec

---2015-12-16 17:19:16
MemTotal:        2895588 kB
MemFree:           72312 kB
Buffers:           15036 kB
Cached:          1175160 kB
SwapCached:            0 kB
Active:           867812 kB
Inactive:        1088560 kB
Active(anon):     385568 kB
Inactive(anon):   385780 kB
Active(file):     482244 kB
Inactive(file):   702780 kB
Unevictable:        2968 kB
Mlocked:               0 kB
HighTotal:       2306432 kB
HighFree:          38048 kB
LowTotal:         589156 kB
LowFree:           34264 kB
SwapTotal:       1048572 kB
SwapFree:        1048572 kB
Dirty:                 0 kB
Writeback:             0 kB
AnonPages:        769276 kB
Mapped:           468256 kB
Shmem:              2204 kB
Slab:              55620 kB
SReclaimable:      20196 kB
SUnreclaim:        35424 kB
KernelStack:       13784 kB
PageTables:        40124 kB
NFS_Unstable:          0 kB
Bounce:                0 kB
WritebackTmp:          0 kB
CommitLimit:     2496364 kB
Committed_AS:   85183440 kB
VmallocTotal:     385024 kB
VmallocUsed:      158216 kB
VmallocChunk:      69700 kB
Time pass: 207 sec

---2015-12-16 17:19:16
MemTotal:        2895588 kB
MemFree:           72308 kB
Buffers:           15044 kB
Cached:          1175176 kB
SwapCached:            0 kB
Active:           866668 kB
Inactive:        1088584 kB
Active(anon):     384424 kB
Inactive(anon):   385796 kB
Active(file):     482244 kB
Inactive(file):   702788 kB
Unevictable:        2968 kB
Mlocked:               0 kB
HighTotal:       2306432 kB
HighFree:          37976 kB
LowTotal:         589156 kB
LowFree:           34332 kB
SwapTotal:       1048572 kB
SwapFree:        1048572 kB
Dirty:                36 kB
Writeback:             0 kB
AnonPages:        768256 kB
Mapped:           468272 kB
Shmem:              2220 kB
Slab:              55620 kB
SReclaimable:      20196 kB
SUnreclaim:        35424 kB
KernelStack:       13784 kB
PageTables:        40124 kB
NFS_Unstable:          0 kB
Bounce:                0 kB
WritebackTmp:          0 kB
CommitLimit:     2496364 kB
Committed_AS:   85183508 kB
VmallocTotal:     385024 kB
VmallocUsed:      158216 kB
VmallocChunk:      69700 kB
Time pass: 211 sec

---2015-12-16 17:19:16
MemTotal:        2895588 kB
MemFree:           71036 kB
Buffers:           15060 kB
Cached:          1175176 kB
SwapCached:            0 kB
Active:           868184 kB
Inactive:        1088600 kB
Active(anon):     385940 kB
Inactive(anon):   385796 kB
Active(file):     482244 kB
Inactive(file):   702804 kB
Unevictable:        2968 kB
Mlocked:               0 kB
HighTotal:       2306432 kB
HighFree:          37976 kB
LowTotal:         589156 kB
LowFree:           33060 kB
SwapTotal:       1048572 kB
SwapFree:        1048572 kB
Dirty:                 4 kB
Writeback:             0 kB
AnonPages:        769496 kB
Mapped:           468308 kB
Shmem:              2220 kB
Slab:              55632 kB
SReclaimable:      20196 kB
SUnreclaim:        35436 kB
KernelStack:       13776 kB
PageTables:        40128 kB
NFS_Unstable:          0 kB
Bounce:                0 kB
WritebackTmp:          0 kB
CommitLimit:     2496364 kB
Committed_AS:   85183588 kB
VmallocTotal:     385024 kB
VmallocUsed:      158216 kB
VmallocChunk:      69700 kB
Time pass: 214 sec

---2015-12-16 17:19:16
MemTotal:        2895588 kB
MemFree:           70672 kB
Buffers:           15068 kB
Cached:          1175176 kB
SwapCached:            0 kB
Active:           868556 kB
Inactive:        1088548 kB
Active(anon):     386312 kB
Inactive(anon):   385744 kB
Active(file):     482244 kB
Inactive(file):   702804 kB
Unevictable:        2968 kB
Mlocked:               0 kB
HighTotal:       2306432 kB
HighFree:          37976 kB
LowTotal:         589156 kB
LowFree:           32696 kB
SwapTotal:       1048572 kB
SwapFree:        1048572 kB
Dirty:                36 kB
Writeback:             0 kB
AnonPages:        769660 kB
Mapped:           468308 kB
Shmem:              2220 kB
Slab:              55644 kB
SReclaimable:      20196 kB
SUnreclaim:        35448 kB
KernelStack:       13776 kB
PageTables:        40128 kB
NFS_Unstable:          0 kB
Bounce:                0 kB
WritebackTmp:          0 kB
CommitLimit:     2496364 kB
Committed_AS:   85183816 kB
VmallocTotal:     385024 kB
VmallocUsed:      158216 kB
VmallocChunk:      69700 kB
Time pass: 218 sec

---2015-12-16 17:19:16
MemTotal:        2895588 kB
MemFree:           70028 kB
Buffers:           15084 kB
Cached:          1175176 kB
SwapCached:            0 kB
Active:           868604 kB
Inactive:        1088464 kB
Active(anon):     386360 kB
Inactive(anon):   385636 kB
Active(file):     482244 kB
Inactive(file):   702828 kB
Unevictable:        2968 kB
Mlocked:               0 kB
HighTotal:       2306432 kB
HighFree:          37976 kB
LowTotal:         589156 kB
LowFree:           32052 kB
SwapTotal:       1048572 kB
SwapFree:        1048572 kB
Dirty:                40 kB
Writeback:             0 kB
AnonPages:        769732 kB
Mapped:           468360 kB
Shmem:              2220 kB
Slab:              55644 kB
SReclaimable:      20196 kB
SUnreclaim:        35448 kB
KernelStack:       13776 kB
PageTables:        40148 kB
NFS_Unstable:          0 kB
Bounce:                0 kB
WritebackTmp:          0 kB
CommitLimit:     2496364 kB
Committed_AS:   85183928 kB
VmallocTotal:     385024 kB
VmallocUsed:      158216 kB
VmallocChunk:      69700 kB
Time pass: 221 sec

---2015-12-16 17:19:16
MemTotal:        2895588 kB
MemFree:           73936 kB
Buffers:           15076 kB
Cached:          1170648 kB
SwapCached:            0 kB
Active:           865548 kB
Inactive:        1086996 kB
Active(anon):     383304 kB
Inactive(anon):   388704 kB
Active(file):     482244 kB
Inactive(file):   698292 kB
Unevictable:        2968 kB
Mlocked:               0 kB
HighTotal:       2306432 kB
HighFree:          41768 kB
LowTotal:         589156 kB
LowFree:           32168 kB
SwapTotal:       1048572 kB
SwapFree:        1048572 kB
Dirty:                 0 kB
Writeback:             0 kB
AnonPages:        770280 kB
Mapped:           468360 kB
Shmem:              2220 kB
Slab:              55636 kB
SReclaimable:      20196 kB
SUnreclaim:        35440 kB
KernelStack:       13776 kB
PageTables:        40148 kB
NFS_Unstable:          0 kB
Bounce:                0 kB
WritebackTmp:          0 kB
CommitLimit:     2496364 kB
Committed_AS:   85184044 kB
VmallocTotal:     385024 kB
VmallocUsed:      158216 kB
VmallocChunk:      69700 kB
Time pass: 225 sec

---2015-12-16 17:19:16
MemTotal:        2895588 kB
MemFree:           73696 kB
Buffers:           15092 kB
Cached:          1170656 kB
SwapCached:            0 kB
Active:           865456 kB
Inactive:        1087020 kB
Active(anon):     383212 kB
Inactive(anon):   388704 kB
Active(file):     482244 kB
Inactive(file):   698316 kB
Unevictable:        2968 kB
Mlocked:               0 kB
HighTotal:       2306432 kB
HighFree:          41768 kB
LowTotal:         589156 kB
LowFree:           31928 kB
SwapTotal:       1048572 kB
SwapFree:        1048572 kB
Dirty:                40 kB
Writeback:             0 kB
AnonPages:        770152 kB
Mapped:           468308 kB
Shmem:              2220 kB
Slab:              55620 kB
SReclaimable:      20196 kB
SUnreclaim:        35424 kB
KernelStack:       13776 kB
PageTables:        40128 kB
NFS_Unstable:          0 kB
Bounce:                0 kB
WritebackTmp:          0 kB
CommitLimit:     2496364 kB
Committed_AS:   85184292 kB
VmallocTotal:     385024 kB
VmallocUsed:      158216 kB
VmallocChunk:      69700 kB
Time pass: 228 sec

---2015-12-16 17:19:16
MemTotal:        2895588 kB
MemFree:           73160 kB
Buffers:           15108 kB
Cached:          1170656 kB
SwapCached:            0 kB
Active:           865996 kB
Inactive:        1087036 kB
Active(anon):     383752 kB
Inactive(anon):   388704 kB
Active(file):     482244 kB
Inactive(file):   698332 kB
Unevictable:        2968 kB
Mlocked:               0 kB
HighTotal:       2306432 kB
HighFree:          40724 kB
LowTotal:         589156 kB
LowFree:           32436 kB
SwapTotal:       1048572 kB
SwapFree:        1048572 kB
Dirty:                44 kB
Writeback:             0 kB
AnonPages:        770860 kB
Mapped:           468308 kB
Shmem:              2220 kB
Slab:              55620 kB
SReclaimable:      20196 kB
SUnreclaim:        35424 kB
KernelStack:       13776 kB
PageTables:        40128 kB
NFS_Unstable:          0 kB
Bounce:                0 kB
WritebackTmp:          0 kB
CommitLimit:     2496364 kB
Committed_AS:   85184388 kB
VmallocTotal:     385024 kB
VmallocUsed:      158216 kB
VmallocChunk:      69700 kB
Time pass: 232 sec

---2015-12-16 17:19:16
MemTotal:        2895588 kB
MemFree:           72904 kB
Buffers:           15108 kB
Cached:          1170704 kB
SwapCached:            0 kB
Active:           866184 kB
Inactive:        1087084 kB
Active(anon):     383940 kB
Inactive(anon):   388752 kB
Active(file):     482244 kB
Inactive(file):   698332 kB
Unevictable:        2968 kB
Mlocked:               0 kB
HighTotal:       2306432 kB
HighFree:          39236 kB
LowTotal:         589156 kB
LowFree:           33668 kB
SwapTotal:       1048572 kB
SwapFree:        1048572 kB
Dirty:                44 kB
Writeback:             0 kB
AnonPages:        770928 kB
Mapped:           468408 kB
Shmem:              2268 kB
Slab:              55620 kB
SReclaimable:      20196 kB
SUnreclaim:        35424 kB
KernelStack:       13776 kB
PageTables:        40148 kB
NFS_Unstable:          0 kB
Bounce:                0 kB
WritebackTmp:          0 kB
CommitLimit:     2496364 kB
Committed_AS:   85184616 kB
VmallocTotal:     385024 kB
VmallocUsed:      158216 kB
VmallocChunk:      69700 kB
Time pass: 235 sec

---2015-12-16 17:19:16
MemTotal:        2895588 kB
MemFree:           72008 kB
Buffers:           15132 kB
Cached:          1170708 kB
SwapCached:            0 kB
Active:           866568 kB
Inactive:        1087084 kB
Active(anon):     384320 kB
Inactive(anon):   388752 kB
Active(file):     482248 kB
Inactive(file):   698332 kB
Unevictable:        2968 kB
Mlocked:               0 kB
HighTotal:       2306432 kB
HighFree:          38244 kB
LowTotal:         589156 kB
LowFree:           33764 kB
SwapTotal:       1048572 kB
SwapFree:        1048572 kB
Dirty:                44 kB
Writeback:             4 kB
AnonPages:        771340 kB
Mapped:           468408 kB
Shmem:              2268 kB
Slab:              55620 kB
SReclaimable:      20196 kB
SUnreclaim:        35424 kB
KernelStack:       13784 kB
PageTables:        40184 kB
NFS_Unstable:          0 kB
Bounce:                0 kB
WritebackTmp:          0 kB
CommitLimit:     2496364 kB
Committed_AS:   85184804 kB
VmallocTotal:     385024 kB
VmallocUsed:      158216 kB
VmallocChunk:      69700 kB
Time pass: 239 sec

---2015-12-16 17:19:16
MemTotal:        2895588 kB
MemFree:           73364 kB
Buffers:           15132 kB
Cached:          1170712 kB
SwapCached:            0 kB
Active:           865632 kB
Inactive:        1087116 kB
Active(anon):     383388 kB
Inactive(anon):   388760 kB
Active(file):     482244 kB
Inactive(file):   698356 kB
Unevictable:        2968 kB
Mlocked:               0 kB
HighTotal:       2306432 kB
HighFree:          38172 kB
LowTotal:         589156 kB
LowFree:           35192 kB
SwapTotal:       1048572 kB
SwapFree:        1048572 kB
Dirty:                 4 kB
Writeback:             0 kB
AnonPages:        770336 kB
Mapped:           468416 kB
Shmem:              2276 kB
Slab:              55620 kB
SReclaimable:      20196 kB
SUnreclaim:        35424 kB
KernelStack:       13776 kB
PageTables:        40148 kB
NFS_Unstable:          0 kB
Bounce:                0 kB
WritebackTmp:          0 kB
CommitLimit:     2496364 kB
Committed_AS:   85184876 kB
VmallocTotal:     385024 kB
VmallocUsed:      158216 kB
VmallocChunk:      69700 kB
Time pass: 243 sec

---2015-12-16 17:19:16
MemTotal:        2895588 kB
MemFree:           73256 kB
Buffers:           15140 kB
Cached:          1170712 kB
SwapCached:            0 kB
Active:           866644 kB
Inactive:        1087112 kB
Active(anon):     384400 kB
Inactive(anon):   388748 kB
Active(file):     482244 kB
Inactive(file):   698364 kB
Unevictable:        2968 kB
Mlocked:               0 kB
HighTotal:       2306432 kB
HighFree:          38596 kB
LowTotal:         589156 kB
LowFree:           34660 kB
SwapTotal:       1048572 kB
SwapFree:        1048572 kB
Dirty:                36 kB
Writeback:             0 kB
AnonPages:        770808 kB
Mapped:           468332 kB
Shmem:              2276 kB
Slab:              55664 kB
SReclaimable:      20220 kB
SUnreclaim:        35444 kB
KernelStack:       13784 kB
PageTables:        40128 kB
NFS_Unstable:          0 kB
Bounce:                0 kB
WritebackTmp:          0 kB
CommitLimit:     2496364 kB
Committed_AS:   85193940 kB
VmallocTotal:     385024 kB
VmallocUsed:      158216 kB
VmallocChunk:      69700 kB
Time pass: 246 sec

---2015-12-16 17:19:16
MemTotal:        2895588 kB
MemFree:           71508 kB
Buffers:           15156 kB
Cached:          1170712 kB
SwapCached:            0 kB
Active:           867488 kB
Inactive:        1087104 kB
Active(anon):     385244 kB
Inactive(anon):   388724 kB
Active(file):     482244 kB
Inactive(file):   698380 kB
Unevictable:        2968 kB
Mlocked:               0 kB
HighTotal:       2306432 kB
HighFree:          38244 kB
LowTotal:         589156 kB
LowFree:           33264 kB
SwapTotal:       1048572 kB
SwapFree:        1048572 kB
Dirty:                 0 kB
Writeback:             0 kB
AnonPages:        771796 kB
Mapped:           468332 kB
Shmem:              2276 kB
Slab:              55680 kB
SReclaimable:      20220 kB
SUnreclaim:        35460 kB
KernelStack:       13768 kB
PageTables:        40148 kB
NFS_Unstable:          0 kB
Bounce:                0 kB
WritebackTmp:          0 kB
CommitLimit:     2496364 kB
Committed_AS:   85185284 kB
VmallocTotal:     385024 kB
VmallocUsed:      158216 kB
VmallocChunk:      69700 kB
Time pass: 250 sec

---2015-12-16 17:19:16
MemTotal:        2895588 kB
MemFree:           71776 kB
Buffers:           15164 kB
Cached:          1170712 kB
SwapCached:            0 kB
Active:           868260 kB
Inactive:        1087104 kB
Active(anon):     386016 kB
Inactive(anon):   388724 kB
Active(file):     482244 kB
Inactive(file):   698380 kB
Unevictable:        2968 kB
Mlocked:               0 kB
HighTotal:       2306432 kB
HighFree:          38172 kB
LowTotal:         589156 kB
LowFree:           33604 kB
SwapTotal:       1048572 kB
SwapFree:        1048572 kB
Dirty:                28 kB
Writeback:             0 kB
AnonPages:        772152 kB
Mapped:           468384 kB
Shmem:              2276 kB
Slab:              55680 kB
SReclaimable:      20220 kB
SUnreclaim:        35460 kB
KernelStack:       13768 kB
PageTables:        40168 kB
NFS_Unstable:          0 kB
Bounce:                0 kB
WritebackTmp:          0 kB
CommitLimit:     2496364 kB
Committed_AS:   85185364 kB
VmallocTotal:     385024 kB
VmallocUsed:      158216 kB
VmallocChunk:      69700 kB
Time pass: 253 sec

---2015-12-16 17:19:16
MemTotal:        2895588 kB
MemFree:           71264 kB
Buffers:           15180 kB
Cached:          1170712 kB
SwapCached:            0 kB
Active:           868596 kB
Inactive:        1087116 kB
Active(anon):     386352 kB
Inactive(anon):   388712 kB
Active(file):     482244 kB
Inactive(file):   698404 kB
Unevictable:        2968 kB
Mlocked:               0 kB
HighTotal:       2306432 kB
HighFree:          38100 kB
LowTotal:         589156 kB
LowFree:           33164 kB
SwapTotal:       1048572 kB
SwapFree:        1048572 kB
Dirty:                36 kB
Writeback:             0 kB
AnonPages:        772448 kB
Mapped:           468436 kB
Shmem:              2276 kB
Slab:              55704 kB
SReclaimable:      20220 kB
SUnreclaim:        35484 kB
KernelStack:       13768 kB
PageTables:        40176 kB
NFS_Unstable:          0 kB
Bounce:                0 kB
WritebackTmp:          0 kB
CommitLimit:     2496364 kB
Committed_AS:   85185584 kB
VmallocTotal:     385024 kB
VmallocUsed:      158216 kB
VmallocChunk:      69700 kB
Time pass: 257 sec

---2015-12-16 17:19:16
MemTotal:        2895588 kB
MemFree:           71968 kB
Buffers:           15196 kB
Cached:          1170724 kB
SwapCached:            0 kB
Active:           867792 kB
Inactive:        1086936 kB
Active(anon):     385548 kB
Inactive(anon):   388516 kB
Active(file):     482244 kB
Inactive(file):   698420 kB
Unevictable:        2968 kB
Mlocked:               0 kB
HighTotal:       2306432 kB
HighFree:          38720 kB
LowTotal:         589156 kB
LowFree:           33248 kB
SwapTotal:       1048572 kB
SwapFree:        1048572 kB
Dirty:                40 kB
Writeback:             0 kB
AnonPages:        771716 kB
Mapped:           468392 kB
Shmem:              2288 kB
Slab:              55708 kB
SReclaimable:      20220 kB
SUnreclaim:        35488 kB
KernelStack:       13760 kB
PageTables:        40120 kB
NFS_Unstable:          0 kB
Bounce:                0 kB
WritebackTmp:          0 kB
CommitLimit:     2496364 kB
Committed_AS:   85177256 kB
VmallocTotal:     385024 kB
VmallocUsed:      158216 kB
VmallocChunk:      69700 kB
Time pass: 260 sec

---2015-12-16 17:19:16
MemTotal:        2895588 kB
MemFree:           71668 kB
Buffers:           15196 kB
Cached:          1170724 kB
SwapCached:            0 kB
Active:           868132 kB
Inactive:        1086908 kB
Active(anon):     385888 kB
Inactive(anon):   388488 kB
Active(file):     482244 kB
Inactive(file):   698420 kB
Unevictable:        2968 kB
Mlocked:               0 kB
HighTotal:       2306432 kB
HighFree:          38420 kB
LowTotal:         589156 kB
LowFree:           33248 kB
SwapTotal:       1048572 kB
SwapFree:        1048572 kB
Dirty:                40 kB
Writeback:             0 kB
AnonPages:        772232 kB
Mapped:           468444 kB
Shmem:              2288 kB
Slab:              55708 kB
SReclaimable:      20220 kB
SUnreclaim:        35488 kB
KernelStack:       13760 kB
PageTables:        40140 kB
NFS_Unstable:          0 kB
Bounce:                0 kB
WritebackTmp:          0 kB
CommitLimit:     2496364 kB
Committed_AS:   85177328 kB
VmallocTotal:     385024 kB
VmallocUsed:      158216 kB
VmallocChunk:      69700 kB
Time pass: 264 sec

---2015-12-16 17:19:16
MemTotal:        2895588 kB
MemFree:           72160 kB
Buffers:           15220 kB
Cached:          1170752 kB
SwapCached:            0 kB
Active:           867888 kB
Inactive:        1086880 kB
Active(anon):     385644 kB
Inactive(anon):   388444 kB
Active(file):     482244 kB
Inactive(file):   698436 kB
Unevictable:        2968 kB
Mlocked:               0 kB
HighTotal:       2306432 kB
HighFree:          38296 kB
LowTotal:         589156 kB
LowFree:           33864 kB
SwapTotal:       1048572 kB
SwapFree:        1048572 kB
Dirty:                36 kB
Writeback:             0 kB
AnonPages:        772092 kB
Mapped:           468420 kB
Shmem:              2316 kB
Slab:              55684 kB
SReclaimable:      20220 kB
SUnreclaim:        35464 kB
KernelStack:       13760 kB
PageTables:        40120 kB
NFS_Unstable:          0 kB
Bounce:                0 kB
WritebackTmp:          0 kB
CommitLimit:     2496364 kB
Committed_AS:   85177504 kB
VmallocTotal:     385024 kB
VmallocUsed:      158216 kB
VmallocChunk:      69700 kB
Time pass: 267 sec

---2015-12-16 17:19:16
MemTotal:        2895588 kB
MemFree:           85460 kB
Buffers:           15228 kB
Cached:          1170872 kB
SwapCached:            0 kB
Active:           856388 kB
Inactive:        1086248 kB
Active(anon):     373676 kB
Inactive(anon):   388152 kB
Active(file):     482712 kB
Inactive(file):   698096 kB
Unevictable:        2968 kB
Mlocked:               0 kB
HighTotal:       2306432 kB
HighFree:          49600 kB
LowTotal:         589156 kB
LowFree:           35860 kB
SwapTotal:       1048572 kB
SwapFree:        1048572 kB
Dirty:                68 kB
Writeback:             0 kB
AnonPages:        759348 kB
Mapped:           461764 kB
Shmem:              2316 kB
Slab:              55680 kB
SReclaimable:      20212 kB
SUnreclaim:        35468 kB
KernelStack:       13608 kB
PageTables:        39892 kB
NFS_Unstable:          0 kB
Bounce:                0 kB
WritebackTmp:          0 kB
CommitLimit:     2496364 kB
Committed_AS:   85172248 kB
VmallocTotal:     385024 kB
VmallocUsed:      158216 kB
VmallocChunk:      69700 kB
Time pass: 271 sec

---2015-12-16 17:19:16
MemTotal:        2895588 kB
MemFree:           85112 kB
Buffers:           15228 kB
Cached:          1170868 kB
SwapCached:            0 kB
Active:           855512 kB
Inactive:        1086252 kB
Active(anon):     372800 kB
Inactive(anon):   388152 kB
Active(file):     482712 kB
Inactive(file):   698100 kB
Unevictable:        2968 kB
Mlocked:               0 kB
HighTotal:       2306432 kB
HighFree:          49496 kB
LowTotal:         589156 kB
LowFree:           35616 kB
SwapTotal:       1048572 kB
SwapFree:        1048572 kB
Dirty:                64 kB
Writeback:             0 kB
AnonPages:        758996 kB
Mapped:           461820 kB
Shmem:              2316 kB
Slab:              55672 kB
SReclaimable:      20212 kB
SUnreclaim:        35460 kB
KernelStack:       13584 kB
PageTables:        39916 kB
NFS_Unstable:          0 kB
Bounce:                0 kB
WritebackTmp:          0 kB
CommitLimit:     2496364 kB
Committed_AS:   85172616 kB
VmallocTotal:     385024 kB
VmallocUsed:      158216 kB
VmallocChunk:      69700 kB
Time pass: 275 sec

---2015-12-16 17:19:16
MemTotal:        2895588 kB
MemFree:           82920 kB
Buffers:           15244 kB
Cached:          1170868 kB
SwapCached:            0 kB
Active:           857048 kB
Inactive:        1086268 kB
Active(anon):     374336 kB
Inactive(anon):   388152 kB
Active(file):     482712 kB
Inactive(file):   698116 kB
Unevictable:        2968 kB
Mlocked:               0 kB
HighTotal:       2306432 kB
HighFree:          47348 kB
LowTotal:         589156 kB
LowFree:           35572 kB
SwapTotal:       1048572 kB
SwapFree:        1048572 kB
Dirty:                72 kB
Writeback:             0 kB
AnonPages:        760552 kB
Mapped:           461872 kB
Shmem:              2316 kB
Slab:              55672 kB
SReclaimable:      20212 kB
SUnreclaim:        35460 kB
KernelStack:       13576 kB
PageTables:        39960 kB
NFS_Unstable:          0 kB
Bounce:                0 kB
WritebackTmp:          0 kB
CommitLimit:     2496364 kB
Committed_AS:   85172784 kB
VmallocTotal:     385024 kB
VmallocUsed:      158216 kB
VmallocChunk:      69700 kB
Time pass: 278 sec

---2015-12-16 17:19:16
MemTotal:        2895588 kB
MemFree:           82916 kB
Buffers:           15252 kB
Cached:          1170868 kB
SwapCached:            0 kB
Active:           856856 kB
Inactive:        1086276 kB
Active(anon):     374144 kB
Inactive(anon):   388152 kB
Active(file):     482712 kB
Inactive(file):   698124 kB
Unevictable:        2968 kB
Mlocked:               0 kB
HighTotal:       2306432 kB
HighFree:          46128 kB
LowTotal:         589156 kB
LowFree:           36788 kB
SwapTotal:       1048572 kB
SwapFree:        1048572 kB
Dirty:                28 kB
Writeback:             0 kB
AnonPages:        760636 kB
Mapped:           461872 kB
Shmem:              2316 kB
Slab:              55656 kB
SReclaimable:      20212 kB
SUnreclaim:        35444 kB
KernelStack:       13576 kB
PageTables:        39964 kB
NFS_Unstable:          0 kB
Bounce:                0 kB
WritebackTmp:          0 kB
CommitLimit:     2496364 kB
Committed_AS:   85177120 kB
VmallocTotal:     385024 kB
VmallocUsed:      158216 kB
VmallocChunk:      69700 kB
Time pass: 282 sec

---2015-12-16 17:19:16
MemTotal:        2895588 kB
MemFree:           82296 kB
Buffers:           15268 kB
Cached:          1170868 kB
SwapCached:            0 kB
Active:           857000 kB
Inactive:        1086292 kB
Active(anon):     374288 kB
Inactive(anon):   388152 kB
Active(file):     482712 kB
Inactive(file):   698140 kB
Unevictable:        2968 kB
Mlocked:               0 kB
HighTotal:       2306432 kB
HighFree:          44464 kB
LowTotal:         589156 kB
LowFree:           37832 kB
SwapTotal:       1048572 kB
SwapFree:        1048572 kB
Dirty:                40 kB
Writeback:             0 kB
AnonPages:        760744 kB
Mapped:           461924 kB
Shmem:              2316 kB
Slab:              55648 kB
SReclaimable:      20204 kB
SUnreclaim:        35444 kB
KernelStack:       13560 kB
PageTables:        39988 kB
NFS_Unstable:          0 kB
Bounce:                0 kB
WritebackTmp:          0 kB
CommitLimit:     2496364 kB
Committed_AS:   85177144 kB
VmallocTotal:     385024 kB
VmallocUsed:      158216 kB
VmallocChunk:      69700 kB
Time pass: 285 sec

---2015-12-16 17:19:16
MemTotal:        2895588 kB
MemFree:           82112 kB
Buffers:           15276 kB
Cached:          1170868 kB
SwapCached:            0 kB
Active:           857208 kB
Inactive:        1086292 kB
Active(anon):     374496 kB
Inactive(anon):   388152 kB
Active(file):     482712 kB
Inactive(file):   698140 kB
Unevictable:        2968 kB
Mlocked:               0 kB
HighTotal:       2306432 kB
HighFree:          43720 kB
LowTotal:         589156 kB
LowFree:           38392 kB
SwapTotal:       1048572 kB
SwapFree:        1048572 kB
Dirty:                28 kB
Writeback:             0 kB
AnonPages:        760772 kB
Mapped:           461872 kB
Shmem:              2316 kB
Slab:              55648 kB
SReclaimable:      20204 kB
SUnreclaim:        35444 kB
KernelStack:       13560 kB
PageTables:        39968 kB
NFS_Unstable:          0 kB
Bounce:                0 kB
WritebackTmp:          0 kB
CommitLimit:     2496364 kB
Committed_AS:   85177352 kB
VmallocTotal:     385024 kB
VmallocUsed:      158216 kB
VmallocChunk:      69700 kB
Time pass: 289 sec

---2015-12-16 17:19:16
MemTotal:        2895588 kB
MemFree:           82056 kB
Buffers:           15292 kB
Cached:          1170868 kB
SwapCached:            0 kB
Active:           857724 kB
Inactive:        1086308 kB
Active(anon):     375012 kB
Inactive(anon):   388144 kB
Active(file):     482712 kB
Inactive(file):   698164 kB
Unevictable:        2968 kB
Mlocked:               0 kB
HighTotal:       2306432 kB
HighFree:          42408 kB
LowTotal:         589156 kB
LowFree:           39648 kB
SwapTotal:       1048572 kB
SwapFree:        1048572 kB
Dirty:                48 kB
Writeback:             0 kB
AnonPages:        761300 kB
Mapped:           461872 kB
Shmem:              2316 kB
Slab:              55648 kB
SReclaimable:      20204 kB
SUnreclaim:        35444 kB
KernelStack:       13560 kB
PageTables:        39972 kB
NFS_Unstable:          0 kB
Bounce:                0 kB
WritebackTmp:          0 kB
CommitLimit:     2496364 kB
Committed_AS:   85181576 kB
VmallocTotal:     385024 kB
VmallocUsed:      158216 kB
VmallocChunk:      69700 kB
Time pass: 292 sec

---2015-12-16 17:19:16
MemTotal:        2895588 kB
MemFree:           81468 kB
Buffers:           15292 kB
Cached:          1170920 kB
SwapCached:            0 kB
Active:           858128 kB
Inactive:        1086360 kB
Active(anon):     375416 kB
Inactive(anon):   388196 kB
Active(file):     482712 kB
Inactive(file):   698164 kB
Unevictable:        2968 kB
Mlocked:               0 kB
HighTotal:       2306432 kB
HighFree:          41964 kB
LowTotal:         589156 kB
LowFree:           39504 kB
SwapTotal:       1048572 kB
SwapFree:        1048572 kB
Dirty:                 4 kB
Writeback:             0 kB
AnonPages:        761644 kB
Mapped:           461872 kB
Shmem:              2368 kB
Slab:              55644 kB
SReclaimable:      20204 kB
SUnreclaim:        35440 kB
KernelStack:       13560 kB
PageTables:        39956 kB
NFS_Unstable:          0 kB
Bounce:                0 kB
WritebackTmp:          0 kB
CommitLimit:     2496364 kB
Committed_AS:   85181904 kB
VmallocTotal:     385024 kB
VmallocUsed:      158216 kB
VmallocChunk:      69700 kB
Time pass: 296 sec

---2015-12-16 17:19:16
MemTotal:        2895588 kB
MemFree:           81912 kB
Buffers:           15316 kB
Cached:          1170944 kB
SwapCached:            0 kB
Active:           858132 kB
Inactive:        1086396 kB
Active(anon):     375420 kB
Inactive(anon):   388208 kB
Active(file):     482712 kB
Inactive(file):   698188 kB
Unevictable:        2968 kB
Mlocked:               0 kB
HighTotal:       2306432 kB
HighFree:          42284 kB
LowTotal:         589156 kB
LowFree:           39628 kB
SwapTotal:       1048572 kB
SwapFree:        1048572 kB
Dirty:                48 kB
Writeback:             0 kB
AnonPages:        761800 kB
Mapped:           461896 kB
Shmem:              2392 kB
Slab:              55644 kB
SReclaimable:      20204 kB
SUnreclaim:        35440 kB
KernelStack:       13560 kB
PageTables:        39956 kB
NFS_Unstable:          0 kB
Bounce:                0 kB
WritebackTmp:          0 kB
CommitLimit:     2496364 kB
Committed_AS:   85182008 kB
VmallocTotal:     385024 kB
VmallocUsed:      158216 kB
VmallocChunk:      69700 kB
Time pass: 299 sec

---2015-12-16 17:19:16
MemTotal:        2895588 kB
MemFree:           81436 kB
Buffers:           15332 kB
Cached:          1170940 kB
SwapCached:            0 kB
Active:           858400 kB
Inactive:        1086384 kB
Active(anon):     375688 kB
Inactive(anon):   388196 kB
Active(file):     482712 kB
Inactive(file):   698188 kB
Unevictable:        2968 kB
Mlocked:               0 kB
HighTotal:       2306432 kB
HighFree:          41912 kB
LowTotal:         589156 kB
LowFree:           39524 kB
SwapTotal:       1048572 kB
SwapFree:        1048572 kB
Dirty:                48 kB
Writeback:             0 kB
AnonPages:        761764 kB
Mapped:           461908 kB
Shmem:              2404 kB
Slab:              55644 kB
SReclaimable:      20204 kB
SUnreclaim:        35440 kB
KernelStack:       13560 kB
PageTables:        39956 kB
NFS_Unstable:          0 kB
Bounce:                0 kB
WritebackTmp:          0 kB
CommitLimit:     2496364 kB
Committed_AS:   85182064 kB
VmallocTotal:     385024 kB
VmallocUsed:      158216 kB
VmallocChunk:      69700 kB
Time pass: 303 sec

---2015-12-16 17:19:16
MemTotal:        2895588 kB
MemFree:           80880 kB
Buffers:           15332 kB
Cached:          1170956 kB
SwapCached:            0 kB
Active:           858716 kB
Inactive:        1086412 kB
Active(anon):     376004 kB
Inactive(anon):   388208 kB
Active(file):     482712 kB
Inactive(file):   698204 kB
Unevictable:        2968 kB
Mlocked:               0 kB
HighTotal:       2306432 kB
HighFree:          41096 kB
LowTotal:         589156 kB
LowFree:           39784 kB
SwapTotal:       1048572 kB
SwapFree:        1048572 kB
Dirty:                 0 kB
Writeback:             0 kB
AnonPages:        762316 kB
Mapped:           461908 kB
Shmem:              2404 kB
Slab:              55644 kB
SReclaimable:      20204 kB
SUnreclaim:        35440 kB
KernelStack:       13560 kB
PageTables:        39960 kB
NFS_Unstable:          0 kB
Bounce:                0 kB
WritebackTmp:          0 kB
CommitLimit:     2496364 kB
Committed_AS:   85182144 kB
VmallocTotal:     385024 kB
VmallocUsed:      158216 kB
VmallocChunk:      69700 kB
Time pass: 306 sec

---2015-12-16 17:19:16
MemTotal:        2895588 kB
MemFree:           80784 kB
Buffers:           15340 kB
Cached:          1170956 kB
SwapCached:            0 kB
Active:           858648 kB
Inactive:        1086420 kB
Active(anon):     375936 kB
Inactive(anon):   388208 kB
Active(file):     482712 kB
Inactive(file):   698212 kB
Unevictable:        2968 kB
Mlocked:               0 kB
HighTotal:       2306432 kB
HighFree:          41096 kB
LowTotal:         589156 kB
LowFree:           39688 kB
SwapTotal:       1048572 kB
SwapFree:        1048572 kB
Dirty:                28 kB
Writeback:             0 kB
AnonPages:        762012 kB
Mapped:           461908 kB
Shmem:              2404 kB
Slab:              55644 kB
SReclaimable:      20204 kB
SUnreclaim:        35440 kB
KernelStack:       13560 kB
PageTables:        39960 kB
NFS_Unstable:          0 kB
Bounce:                0 kB
WritebackTmp:          0 kB
CommitLimit:     2496364 kB
Committed_AS:   85182440 kB
VmallocTotal:     385024 kB
VmallocUsed:      158216 kB
VmallocChunk:      69700 kB
Time pass: 310 sec

---2015-12-16 17:19:16
MemTotal:        2895588 kB
MemFree:           81156 kB
Buffers:           15356 kB
Cached:          1170956 kB
SwapCached:            0 kB
Active:           859276 kB
Inactive:        1086436 kB
Active(anon):     376564 kB
Inactive(anon):   388208 kB
Active(file):     482712 kB
Inactive(file):   698228 kB
Unevictable:        2968 kB
Mlocked:               0 kB
HighTotal:       2306432 kB
HighFree:          41168 kB
LowTotal:         589156 kB
LowFree:           39988 kB
SwapTotal:       1048572 kB
SwapFree:        1048572 kB
Dirty:                40 kB
Writeback:             0 kB
AnonPages:        762808 kB
Mapped:           461960 kB
Shmem:              2404 kB
Slab:              55644 kB
SReclaimable:      20204 kB
SUnreclaim:        35440 kB
KernelStack:       13560 kB
PageTables:        39980 kB
NFS_Unstable:          0 kB
Bounce:                0 kB
WritebackTmp:          0 kB
CommitLimit:     2496364 kB
Committed_AS:   85182512 kB
VmallocTotal:     385024 kB
VmallocUsed:      158216 kB
VmallocChunk:      69700 kB
Time pass: 314 sec

---2015-12-16 17:19:16
MemTotal:        2895588 kB
MemFree:           80720 kB
Buffers:           15364 kB
Cached:          1170956 kB
SwapCached:            0 kB
Active:           859452 kB
Inactive:        1086436 kB
Active(anon):     376740 kB
Inactive(anon):   388208 kB
Active(file):     482712 kB
Inactive(file):   698228 kB
Unevictable:        2968 kB
Mlocked:               0 kB
HighTotal:       2306432 kB
HighFree:          40920 kB
LowTotal:         589156 kB
LowFree:           39800 kB
SwapTotal:       1048572 kB
SwapFree:        1048572 kB
Dirty:                28 kB
Writeback:             0 kB
AnonPages:        762892 kB
Mapped:           461960 kB
Shmem:              2404 kB
Slab:              55644 kB
SReclaimable:      20204 kB
SUnreclaim:        35440 kB
KernelStack:       13560 kB
PageTables:        39980 kB
NFS_Unstable:          0 kB
Bounce:                0 kB
WritebackTmp:          0 kB
CommitLimit:     2496364 kB
Committed_AS:   85182712 kB
VmallocTotal:     385024 kB
VmallocUsed:      158216 kB
VmallocChunk:      69700 kB
Time pass: 317 sec

---2015-12-16 17:19:16
MemTotal:        2895588 kB
MemFree:           79992 kB
Buffers:           15380 kB
Cached:          1170964 kB
SwapCached:            0 kB
Active:           859460 kB
Inactive:        1086468 kB
Active(anon):     376748 kB
Inactive(anon):   388216 kB
Active(file):     482712 kB
Inactive(file):   698252 kB
Unevictable:        2968 kB
Mlocked:               0 kB
HighTotal:       2306432 kB
HighFree:          40176 kB
LowTotal:         589156 kB
LowFree:           39816 kB
SwapTotal:       1048572 kB
SwapFree:        1048572 kB
Dirty:                36 kB
Writeback:             0 kB
AnonPages:        763252 kB
Mapped:           462020 kB
