---2015-12-09 13:43:55
MemTotal:        1959952 kB
MemFree:          121592 kB
Buffers:            5688 kB
Cached:          1195728 kB
SwapCached:          532 kB
Active:           832956 kB
Inactive:         761168 kB
Active(anon):     231720 kB
Inactive(anon):   162788 kB
Active(file):     601236 kB
Inactive(file):   598380 kB
Unevictable:        1580 kB
Mlocked:               0 kB
HighTotal:       1372556 kB
HighFree:          46728 kB
LowTotal:         587396 kB
LowFree:           74864 kB
SwapTotal:        262140 kB
SwapFree:         237980 kB
Dirty:               784 kB
Writeback:             0 kB
AnonPages:        394516 kB
Mapped:           294644 kB
Shmem:               140 kB
Slab:              54828 kB
SReclaimable:      16852 kB
SUnreclaim:        37976 kB
KernelStack:       15416 kB
PageTables:        27052 kB
NFS_Unstable:          0 kB
Bounce:                0 kB
WritebackTmp:          0 kB
CommitLimit:     1242116 kB
Committed_AS:   55767344 kB
VmallocTotal:     409600 kB
VmallocUsed:       39632 kB
VmallocChunk:      90140 kB
Time pass: 3 sec

---2015-12-09 13:43:55
MemTotal:        1959952 kB
MemFree:           92060 kB
Buffers:            5688 kB
Cached:          1211172 kB
SwapCached:          548 kB
Active:           849988 kB
Inactive:         776436 kB
Active(anon):     248600 kB
Inactive(anon):   162804 kB
Active(file):     601388 kB
Inactive(file):   613632 kB
Unevictable:        1580 kB
Mlocked:               0 kB
HighTotal:       1372556 kB
HighFree:          23204 kB
LowTotal:         587396 kB
LowFree:           68856 kB
SwapTotal:        262140 kB
SwapFree:         237980 kB
Dirty:               808 kB
Writeback:             0 kB
AnonPages:        411476 kB
Mapped:           301420 kB
Shmem:               140 kB
Slab:              54908 kB
SReclaimable:      16916 kB
SUnreclaim:        37992 kB
KernelStack:       15696 kB
PageTables:        27492 kB
NFS_Unstable:          0 kB
Bounce:                0 kB
WritebackTmp:          0 kB
CommitLimit:     1242116 kB
Committed_AS:   56722112 kB
VmallocTotal:     409600 kB
VmallocUsed:       40652 kB
VmallocChunk:      86044 kB
Time pass: 9 sec

---2015-12-09 13:43:55
MemTotal:        1959952 kB
MemFree:           95072 kB
Buffers:            5688 kB
Cached:          1211412 kB
SwapCached:          548 kB
Active:           845388 kB
Inactive:         776676 kB
Active(anon):     244000 kB
Inactive(anon):   162804 kB
Active(file):     601388 kB
Inactive(file):   613872 kB
Unevictable:        1580 kB
Mlocked:               0 kB
HighTotal:       1372556 kB
HighFree:          24572 kB
LowTotal:         587396 kB
LowFree:           70500 kB
SwapTotal:        262140 kB
SwapFree:         237980 kB
Dirty:               808 kB
Writeback:             0 kB
AnonPages:        406844 kB
Mapped:           301432 kB
Shmem:               140 kB
Slab:              54676 kB
SReclaimable:      16932 kB
SUnreclaim:        37744 kB
KernelStack:       15688 kB
PageTables:        27512 kB
NFS_Unstable:          0 kB
Bounce:                0 kB
WritebackTmp:          0 kB
CommitLimit:     1242116 kB
Committed_AS:   56722188 kB
VmallocTotal:     409600 kB
VmallocUsed:       40652 kB
VmallocChunk:      86044 kB
Time pass: 13 sec

---2015-12-09 13:43:55
MemTotal:        1959952 kB
MemFree:           94856 kB
Buffers:            5688 kB
Cached:          1211412 kB
SwapCached:          548 kB
Active:           845812 kB
Inactive:         776692 kB
Active(anon):     244420 kB
Inactive(anon):   162804 kB
Active(file):     601392 kB
Inactive(file):   613888 kB
Unevictable:        1580 kB
Mlocked:               0 kB
HighTotal:       1372556 kB
HighFree:          24104 kB
LowTotal:         587396 kB
LowFree:           70752 kB
SwapTotal:        262140 kB
SwapFree:         237980 kB
Dirty:               808 kB
Writeback:             0 kB
AnonPages:        407096 kB
Mapped:           301432 kB
Shmem:               140 kB
Slab:              54600 kB
SReclaimable:      16936 kB
SUnreclaim:        37664 kB
KernelStack:       15688 kB
PageTables:        27512 kB
NFS_Unstable:          0 kB
Bounce:                0 kB
WritebackTmp:          0 kB
CommitLimit:     1242116 kB
Committed_AS:   56722052 kB
VmallocTotal:     409600 kB
VmallocUsed:       40652 kB
VmallocChunk:      86044 kB
Time pass: 16 sec

---2015-12-09 13:43:55
MemTotal:        1959952 kB
MemFree:           92296 kB
Buffers:            5688 kB
Cached:          1211412 kB
SwapCached:          548 kB
Active:           847864 kB
Inactive:         776712 kB
Active(anon):     246472 kB
Inactive(anon):   162804 kB
Active(file):     601392 kB
Inactive(file):   613908 kB
Unevictable:        1580 kB
Mlocked:               0 kB
HighTotal:       1372556 kB
HighFree:          24104 kB
LowTotal:         587396 kB
LowFree:           68192 kB
SwapTotal:        262140 kB
SwapFree:         237980 kB
Dirty:               808 kB
Writeback:             0 kB
AnonPages:        409208 kB
Mapped:           301836 kB
Shmem:               140 kB
Slab:              55264 kB
SReclaimable:      16936 kB
SUnreclaim:        38328 kB
KernelStack:       15744 kB
PageTables:        27744 kB
NFS_Unstable:          0 kB
Bounce:                0 kB
WritebackTmp:          0 kB
CommitLimit:     1242116 kB
Committed_AS:   58563512 kB
VmallocTotal:     409600 kB
VmallocUsed:       40652 kB
VmallocChunk:      86044 kB
Time pass: 20 sec

---2015-12-09 13:43:55
MemTotal:        1959952 kB
MemFree:           79040 kB
Buffers:            2696 kB
Cached:          1115384 kB
SwapCached:          824 kB
Active:           826852 kB
Inactive:         726036 kB
Active(anon):     269928 kB
Inactive(anon):   167520 kB
Active(file):     556924 kB
Inactive(file):   558516 kB
Unevictable:        1580 kB
Mlocked:               0 kB
HighTotal:       1372556 kB
HighFree:          26836 kB
LowTotal:         587396 kB
LowFree:           52204 kB
SwapTotal:        262140 kB
SwapFree:         232168 kB
Dirty:               880 kB
Writeback:            24 kB
AnonPages:        436428 kB
Mapped:           329596 kB
Shmem:              1232 kB
Slab:              56072 kB
SReclaimable:      17108 kB
SUnreclaim:        38964 kB
KernelStack:       16704 kB
PageTables:        28820 kB
NFS_Unstable:          0 kB
Bounce:                0 kB
WritebackTmp:          0 kB
CommitLimit:     1242116 kB
Committed_AS:   58676464 kB
VmallocTotal:     409600 kB
VmallocUsed:       40880 kB
VmallocChunk:      86044 kB
Time pass: 24 sec

---2015-12-09 13:43:55
MemTotal:        1959952 kB
MemFree:          110416 kB
Buffers:            2596 kB
Cached:          1052284 kB
SwapCached:          752 kB
Active:           805468 kB
Inactive:         696220 kB
Active(anon):     279792 kB
Inactive(anon):   170248 kB
Active(file):     525676 kB
Inactive(file):   525972 kB
Unevictable:        1580 kB
Mlocked:               0 kB
HighTotal:       1372556 kB
HighFree:          46048 kB
LowTotal:         587396 kB
LowFree:           64368 kB
SwapTotal:        262140 kB
SwapFree:         228084 kB
Dirty:              1452 kB
Writeback:             0 kB
AnonPages:        448336 kB
Mapped:           329468 kB
Shmem:              1212 kB
Slab:              56404 kB
SReclaimable:      17096 kB
SUnreclaim:        39308 kB
KernelStack:       16736 kB
PageTables:        28816 kB
NFS_Unstable:          0 kB
Bounce:                0 kB
WritebackTmp:          0 kB
CommitLimit:     1242116 kB
Committed_AS:   58689932 kB
VmallocTotal:     409600 kB
VmallocUsed:       41084 kB
VmallocChunk:      86044 kB
Time pass: 28 sec

---2015-12-09 13:43:55
MemTotal:        1959952 kB
MemFree:          112536 kB
Buffers:            2596 kB
Cached:          1050816 kB
SwapCached:          752 kB
Active:           793924 kB
Inactive:         695100 kB
Active(anon):     268080 kB
Inactive(anon):   169368 kB
Active(file):     525844 kB
Inactive(file):   525732 kB
Unevictable:        1580 kB
Mlocked:               0 kB
HighTotal:       1372556 kB
HighFree:          49304 kB
LowTotal:         587396 kB
LowFree:           63232 kB
SwapTotal:        262140 kB
SwapFree:         227604 kB
Dirty:               472 kB
Writeback:             0 kB
AnonPages:        437020 kB
Mapped:           331976 kB
Shmem:               252 kB
Slab:              56480 kB
SReclaimable:      17104 kB
SUnreclaim:        39376 kB
KernelStack:       16728 kB
PageTables:        28852 kB
NFS_Unstable:          0 kB
Bounce:                0 kB
WritebackTmp:          0 kB
CommitLimit:     1242116 kB
Committed_AS:   58679032 kB
VmallocTotal:     409600 kB
VmallocUsed:       41120 kB
VmallocChunk:      86044 kB
Time pass: 32 sec

---2015-12-09 13:43:55
MemTotal:        1959952 kB
MemFree:          112864 kB
Buffers:            2596 kB
Cached:          1050816 kB
SwapCached:          752 kB
Active:           793768 kB
Inactive:         695068 kB
Active(anon):     267912 kB
Inactive(anon):   169348 kB
Active(file):     525856 kB
Inactive(file):   525720 kB
Unevictable:        1580 kB
Mlocked:               0 kB
HighTotal:       1372556 kB
HighFree:          49392 kB
LowTotal:         587396 kB
LowFree:           63472 kB
SwapTotal:        262140 kB
SwapFree:         227604 kB
Dirty:               476 kB
Writeback:             0 kB
AnonPages:        436768 kB
Mapped:           332044 kB
Shmem:               252 kB
Slab:              56240 kB
SReclaimable:      17112 kB
SUnreclaim:        39128 kB
KernelStack:       16728 kB
PageTables:        28852 kB
NFS_Unstable:          0 kB
Bounce:                0 kB
WritebackTmp:          0 kB
CommitLimit:     1242116 kB
Committed_AS:   58679012 kB
VmallocTotal:     409600 kB
VmallocUsed:       41120 kB
VmallocChunk:      86044 kB
Time pass: 35 sec

---2015-12-09 13:43:55
MemTotal:        1959952 kB
MemFree:           94496 kB
Buffers:            2536 kB
Cached:          1011548 kB
SwapCached:          756 kB
Active:           779796 kB
Inactive:         675616 kB
Active(anon):     273720 kB
Inactive(anon):   169516 kB
Active(file):     506076 kB
Inactive(file):   506100 kB
Unevictable:        1580 kB
Mlocked:               0 kB
HighTotal:       1372556 kB
HighFree:          38620 kB
LowTotal:         587396 kB
LowFree:           55876 kB
SwapTotal:        262140 kB
SwapFree:         226760 kB
Dirty:               588 kB
Writeback:             0 kB
AnonPages:        442936 kB
Mapped:           333672 kB
Shmem:               252 kB
Slab:              56184 kB
SReclaimable:      17072 kB
SUnreclaim:        39112 kB
KernelStack:       16488 kB
PageTables:        28584 kB
NFS_Unstable:          0 kB
Bounce:                0 kB
WritebackTmp:          0 kB
CommitLimit:     1242116 kB
Committed_AS:   57735832 kB
VmallocTotal:     409600 kB
VmallocUsed:       40264 kB
VmallocChunk:      86044 kB
Time pass: 39 sec

---2015-12-09 13:43:55
MemTotal:        1959952 kB
MemFree:           93272 kB
Buffers:            2536 kB
Cached:          1011732 kB
SwapCached:          756 kB
Active:           780104 kB
Inactive:         675872 kB
Active(anon):     274048 kB
Inactive(anon):   169492 kB
Active(file):     506056 kB
Inactive(file):   506380 kB
Unevictable:        1580 kB
Mlocked:               0 kB
HighTotal:       1372556 kB
HighFree:          38068 kB
LowTotal:         587396 kB
LowFree:           55204 kB
SwapTotal:        262140 kB
SwapFree:         226760 kB
Dirty:               480 kB
Writeback:             0 kB
AnonPages:        443200 kB
Mapped:           333916 kB
Shmem:               252 kB
Slab:              56400 kB
SReclaimable:      17144 kB
SUnreclaim:        39256 kB
KernelStack:       16464 kB
PageTables:        28576 kB
NFS_Unstable:          0 kB
Bounce:                0 kB
WritebackTmp:          0 kB
CommitLimit:     1242116 kB
Committed_AS:   57735972 kB
VmallocTotal:     409600 kB
VmallocUsed:       40264 kB
VmallocChunk:      86044 kB
Time pass: 43 sec

---2015-12-09 13:43:55
MemTotal:        1959952 kB
MemFree:           99592 kB
Buffers:            2536 kB
Cached:          1012724 kB
SwapCached:          756 kB
Active:           790148 kB
Inactive:         676532 kB
Active(anon):     283884 kB
Inactive(anon):   169456 kB
Active(file):     506264 kB
Inactive(file):   507076 kB
Unevictable:        1580 kB
Mlocked:               0 kB
HighTotal:       1372556 kB
HighFree:          38244 kB
LowTotal:         587396 kB
LowFree:           61348 kB
SwapTotal:        262140 kB
SwapFree:         226760 kB
Dirty:               688 kB
Writeback:             0 kB
AnonPages:        453368 kB
Mapped:           331916 kB
Shmem:               256 kB
Slab:              56364 kB
SReclaimable:      17144 kB
SUnreclaim:        39220 kB
KernelStack:       16472 kB
PageTables:        28548 kB
NFS_Unstable:          0 kB
Bounce:                0 kB
WritebackTmp:          0 kB
CommitLimit:     1242116 kB
Committed_AS:   57749644 kB
VmallocTotal:     409600 kB
VmallocUsed:       40180 kB
VmallocChunk:      86044 kB
Time pass: 47 sec

---2015-12-09 13:43:55
MemTotal:        1959952 kB
MemFree:          113500 kB
Buffers:            2536 kB
Cached:           959828 kB
SwapCached:          756 kB
Active:           771564 kB
Inactive:         648864 kB
Active(anon):     285128 kB
Inactive(anon):   174796 kB
Active(file):     486436 kB
Inactive(file):   474068 kB
Unevictable:        1580 kB
Mlocked:               0 kB
HighTotal:       1372556 kB
HighFree:          49372 kB
LowTotal:         587396 kB
LowFree:           64128 kB
SwapTotal:        262140 kB
SwapFree:         225180 kB
Dirty:              1136 kB
Writeback:             0 kB
AnonPages:        460000 kB
Mapped:           355468 kB
Shmem:               256 kB
Slab:              56260 kB
SReclaimable:      17044 kB
SUnreclaim:        39216 kB
KernelStack:       16512 kB
PageTables:        28656 kB
NFS_Unstable:          0 kB
Bounce:                0 kB
WritebackTmp:          0 kB
CommitLimit:     1242116 kB
Committed_AS:   57757820 kB
VmallocTotal:     409600 kB
VmallocUsed:       40356 kB
VmallocChunk:      86044 kB
Time pass: 51 sec

---2015-12-09 13:43:55
MemTotal:        1959952 kB
MemFree:          106292 kB
Buffers:            2536 kB
Cached:           960564 kB
SwapCached:          756 kB
Active:           767312 kB
Inactive:         649480 kB
Active(anon):     280900 kB
Inactive(anon):   174752 kB
Active(file):     486412 kB
Inactive(file):   474728 kB
Unevictable:        1580 kB
Mlocked:               0 kB
HighTotal:       1372556 kB
HighFree:          47924 kB
LowTotal:         587396 kB
LowFree:           58368 kB
SwapTotal:        262140 kB
SwapFree:         225072 kB
Dirty:               672 kB
Writeback:             0 kB
AnonPages:        455008 kB
Mapped:           357140 kB
Shmem:               256 kB
Slab:              56288 kB
SReclaimable:      17364 kB
SUnreclaim:        38924 kB
KernelStack:       16304 kB
PageTables:        28316 kB
NFS_Unstable:          0 kB
Bounce:                0 kB
WritebackTmp:          0 kB
CommitLimit:     1242116 kB
Committed_AS:   56805028 kB
VmallocTotal:     409600 kB
VmallocUsed:       39384 kB
VmallocChunk:      86044 kB
Time pass: 54 sec

---2015-12-09 13:43:55
MemTotal:        1959952 kB
MemFree:           90976 kB
Buffers:            2536 kB
Cached:           961860 kB
SwapCached:          756 kB
Active:           777488 kB
Inactive:         650816 kB
Active(anon):     291048 kB
Inactive(anon):   174732 kB
Active(file):     486440 kB
Inactive(file):   476084 kB
Unevictable:        1580 kB
Mlocked:               0 kB
HighTotal:       1372556 kB
HighFree:          32672 kB
LowTotal:         587396 kB
LowFree:           58304 kB
SwapTotal:        262140 kB
SwapFree:         225072 kB
Dirty:               856 kB
Writeback:             0 kB
AnonPages:        465784 kB
Mapped:           360932 kB
Shmem:               256 kB
Slab:              56540 kB
SReclaimable:      17468 kB
SUnreclaim:        39072 kB
KernelStack:       16264 kB
PageTables:        28308 kB
NFS_Unstable:          0 kB
Bounce:                0 kB
WritebackTmp:          0 kB
CommitLimit:     1242116 kB
Committed_AS:   56815180 kB
VmallocTotal:     409600 kB
VmallocUsed:       39384 kB
VmallocChunk:      86044 kB
Time pass: 58 sec

---2015-12-09 13:43:55
MemTotal:        1959952 kB
MemFree:           88812 kB
Buffers:            2536 kB
Cached:           962040 kB
SwapCached:          756 kB
Active:           770256 kB
Inactive:         651000 kB
Active(anon):     283796 kB
Inactive(anon):   174720 kB
Active(file):     486460 kB
Inactive(file):   476280 kB
Unevictable:        1580 kB
Mlocked:               0 kB
HighTotal:       1372556 kB
HighFree:          31152 kB
LowTotal:         587396 kB
LowFree:           57660 kB
SwapTotal:        262140 kB
SwapFree:         225072 kB
Dirty:               784 kB
Writeback:             0 kB
AnonPages:        458188 kB
Mapped:           369688 kB
Shmem:               256 kB
Slab:              56768 kB
SReclaimable:      17468 kB
SUnreclaim:        39300 kB
KernelStack:       16272 kB
PageTables:        28324 kB
NFS_Unstable:          0 kB
Bounce:                0 kB
WritebackTmp:          0 kB
CommitLimit:     1242116 kB
Committed_AS:   56807208 kB
VmallocTotal:     409600 kB
VmallocUsed:       39420 kB
VmallocChunk:      86044 kB
Time pass: 62 sec

---2015-12-09 13:43:55
MemTotal:        1959952 kB
MemFree:           87776 kB
Buffers:            2536 kB
Cached:           962080 kB
SwapCached:          756 kB
Active:           771244 kB
Inactive:         650992 kB
Active(anon):     284740 kB
Inactive(anon):   174720 kB
Active(file):     486504 kB
Inactive(file):   476272 kB
Unevictable:        1580 kB
Mlocked:               0 kB
HighTotal:       1372556 kB
HighFree:          30352 kB
LowTotal:         587396 kB
LowFree:           57424 kB
SwapTotal:        262140 kB
SwapFree:         225072 kB
Dirty:               704 kB
Writeback:             0 kB
AnonPages:        459284 kB
Mapped:           369756 kB
Shmem:               256 kB
Slab:              57136 kB
SReclaimable:      17468 kB
SUnreclaim:        39668 kB
KernelStack:       16272 kB
PageTables:        28340 kB
NFS_Unstable:          0 kB
Bounce:                0 kB
WritebackTmp:          0 kB
CommitLimit:     1242116 kB
Committed_AS:   56808284 kB
VmallocTotal:     409600 kB
VmallocUsed:       39420 kB
VmallocChunk:      86044 kB
Time pass: 66 sec

---2015-12-09 13:43:55
MemTotal:        1959952 kB
MemFree:          107080 kB
Buffers:            2508 kB
Cached:           915692 kB
SwapCached:          756 kB
Active:           751020 kB
Inactive:         630000 kB
Active(anon):     288096 kB
Inactive(anon):   176560 kB
Active(file):     462924 kB
Inactive(file):   453440 kB
Unevictable:        1580 kB
Mlocked:               0 kB
HighTotal:       1372556 kB
HighFree:          44888 kB
LowTotal:         587396 kB
LowFree:           62192 kB
SwapTotal:        262140 kB
SwapFree:         223100 kB
Dirty:               824 kB
Writeback:             0 kB
AnonPages:        464220 kB
Mapped:           375852 kB
Shmem:               256 kB
Slab:              56348 kB
SReclaimable:      17160 kB
SUnreclaim:        39188 kB
KernelStack:       16264 kB
PageTables:        28380 kB
NFS_Unstable:          0 kB
Bounce:                0 kB
WritebackTmp:          0 kB
CommitLimit:     1242116 kB
Committed_AS:   56813620 kB
VmallocTotal:     409600 kB
VmallocUsed:       39496 kB
VmallocChunk:      86044 kB
Time pass: 69 sec

---2015-12-09 13:43:55
MemTotal:        1959952 kB
MemFree:           88792 kB
Buffers:            2508 kB
Cached:           921388 kB
SwapCached:          756 kB
Active:           763400 kB
Inactive:         635612 kB
Active(anon):     300432 kB
Inactive(anon):   176560 kB
Active(file):     462968 kB
Inactive(file):   459052 kB
Unevictable:        1580 kB
Mlocked:               0 kB
HighTotal:       1372556 kB
HighFree:          26936 kB
LowTotal:         587396 kB
LowFree:           61856 kB
SwapTotal:        262140 kB
SwapFree:         223100 kB
Dirty:              1088 kB
Writeback:             0 kB
AnonPages:        476740 kB
Mapped:           380060 kB
Shmem:               256 kB
Slab:              56808 kB
SReclaimable:      17168 kB
SUnreclaim:        39640 kB
KernelStack:       16352 kB
PageTables:        28444 kB
NFS_Unstable:          0 kB
Bounce:                0 kB
WritebackTmp:          0 kB
CommitLimit:     1242116 kB
Committed_AS:   56832936 kB
VmallocTotal:     409600 kB
VmallocUsed:       39496 kB
VmallocChunk:      86044 kB
Time pass: 73 sec

---2015-12-09 13:43:55
MemTotal:        1959952 kB
MemFree:           85860 kB
Buffers:            1356 kB
Cached:           873852 kB
SwapCached:         1380 kB
Active:           739764 kB
Inactive:         616324 kB
Active(anon):     303108 kB
Inactive(anon):   179772 kB
Active(file):     436656 kB
Inactive(file):   436552 kB
Unevictable:        1580 kB
Mlocked:               0 kB
HighTotal:       1372556 kB
HighFree:          24212 kB
LowTotal:         587396 kB
LowFree:           61648 kB
SwapTotal:        262140 kB
SwapFree:         220612 kB
Dirty:               856 kB
Writeback:             0 kB
AnonPages:        482352 kB
Mapped:           377560 kB
Shmem:               420 kB
Slab:              55808 kB
SReclaimable:      16844 kB
SUnreclaim:        38964 kB
KernelStack:       16448 kB
PageTables:        28572 kB
NFS_Unstable:          0 kB
Bounce:                0 kB
WritebackTmp:          0 kB
CommitLimit:     1242116 kB
Committed_AS:   56850800 kB
VmallocTotal:     409600 kB
VmallocUsed:       39496 kB
VmallocChunk:      86044 kB
Time pass: 78 sec

---2015-12-09 13:43:55
MemTotal:        1959952 kB
MemFree:           83440 kB
Buffers:            1356 kB
Cached:           874028 kB
SwapCached:         1380 kB
Active:           740896 kB
Inactive:         616496 kB
Active(anon):     304240 kB
Inactive(anon):   179944 kB
Active(file):     436656 kB
Inactive(file):   436552 kB
Unevictable:        1580 kB
Mlocked:               0 kB
HighTotal:       1372556 kB
HighFree:          23772 kB
LowTotal:         587396 kB
LowFree:           59668 kB
SwapTotal:        262140 kB
SwapFree:         220612 kB
Dirty:               848 kB
Writeback:             0 kB
AnonPages:        483492 kB
Mapped:           378008 kB
Shmem:               596 kB
Slab:              55896 kB
SReclaimable:      16844 kB
SUnreclaim:        39052 kB
KernelStack:       16448 kB
PageTables:        28716 kB
NFS_Unstable:          0 kB
Bounce:                0 kB
WritebackTmp:          0 kB
CommitLimit:     1242116 kB
Committed_AS:   56851160 kB
VmallocTotal:     409600 kB
VmallocUsed:       39496 kB
VmallocChunk:      86044 kB
Time pass: 82 sec

---2015-12-09 13:43:55
MemTotal:        1959952 kB
MemFree:           83324 kB
Buffers:            1356 kB
Cached:           874080 kB
SwapCached:         1380 kB
Active:           740912 kB
Inactive:         616568 kB
Active(anon):     304280 kB
Inactive(anon):   179940 kB
Active(file):     436632 kB
Inactive(file):   436628 kB
Unevictable:        1580 kB
Mlocked:               0 kB
HighTotal:       1372556 kB
HighFree:          24200 kB
LowTotal:         587396 kB
LowFree:           59124 kB
SwapTotal:        262140 kB
SwapFree:         220612 kB
Dirty:               864 kB
Writeback:             0 kB
AnonPages:        483552 kB
Mapped:           378168 kB
Shmem:               596 kB
Slab:              55640 kB
SReclaimable:      16844 kB
SUnreclaim:        38796 kB
KernelStack:       16432 kB
PageTables:        28720 kB
NFS_Unstable:          0 kB
Bounce:                0 kB
WritebackTmp:          0 kB
CommitLimit:     1242116 kB
Committed_AS:   56851252 kB
VmallocTotal:     409600 kB
VmallocUsed:       39496 kB
VmallocChunk:      86044 kB
Time pass: 86 sec

---2015-12-09 13:43:55
MemTotal:        1959952 kB
MemFree:           82164 kB
Buffers:            1356 kB
Cached:           874136 kB
SwapCached:         1380 kB
Active:           741356 kB
Inactive:         616612 kB
Active(anon):     304712 kB
Inactive(anon):   179992 kB
Active(file):     436644 kB
Inactive(file):   436620 kB
Unevictable:        1580 kB
Mlocked:               0 kB
HighTotal:       1372556 kB
HighFree:          24200 kB
LowTotal:         587396 kB
LowFree:           57964 kB
SwapTotal:        262140 kB
SwapFree:         220612 kB
Dirty:               880 kB
Writeback:             0 kB
AnonPages:        484036 kB
Mapped:           378220 kB
Shmem:               648 kB
Slab:              55768 kB
SReclaimable:      16844 kB
SUnreclaim:        38924 kB
KernelStack:       16432 kB
PageTables:        28716 kB
NFS_Unstable:          0 kB
Bounce:                0 kB
WritebackTmp:          0 kB
CommitLimit:     1242116 kB
Committed_AS:   56851368 kB
VmallocTotal:     409600 kB
VmallocUsed:       39496 kB
VmallocChunk:      86044 kB
Time pass: 90 sec

---2015-12-09 13:43:55
MemTotal:        1959952 kB
MemFree:          101208 kB
Buffers:            1472 kB
Cached:           862660 kB
SwapCached:         1368 kB
Active:           733092 kB
Inactive:         612728 kB
Active(anon):     302464 kB
Inactive(anon):   181212 kB
Active(file):     430628 kB
Inactive(file):   431516 kB
Unevictable:        1580 kB
Mlocked:               0 kB
HighTotal:       1372556 kB
HighFree:          39504 kB
LowTotal:         587396 kB
LowFree:           61704 kB
SwapTotal:        262140 kB
SwapFree:         220124 kB
Dirty:               856 kB
Writeback:             0 kB
AnonPages:        483280 kB
Mapped:           377756 kB
Shmem:               500 kB
Slab:              55760 kB
SReclaimable:      16804 kB
SUnreclaim:        38956 kB
KernelStack:       16560 kB
PageTables:        28784 kB
NFS_Unstable:          0 kB
Bounce:                0 kB
WritebackTmp:          0 kB
CommitLimit:     1242116 kB
Committed_AS:   56841416 kB
VmallocTotal:     409600 kB
VmallocUsed:       39496 kB
VmallocChunk:      86044 kB
Time pass: 94 sec

---2015-12-09 13:43:55
MemTotal:        1959952 kB
MemFree:          317292 kB
Buffers:            1472 kB
Cached:           864412 kB
SwapCached:         1424 kB
Active:           658908 kB
Inactive:         609192 kB
Active(anon):     223048 kB
Inactive(anon):   180864 kB
Active(file):     435860 kB
Inactive(file):   428328 kB
Unevictable:        1580 kB
Mlocked:               0 kB
HighTotal:       1372556 kB
HighFree:         187480 kB
LowTotal:         587396 kB
LowFree:          129812 kB
SwapTotal:        262140 kB
SwapFree:         220148 kB
Dirty:               120 kB
Writeback:             0 kB
AnonPages:        403448 kB
Mapped:           271976 kB
Shmem:               124 kB
Slab:              55976 kB
SReclaimable:      16856 kB
SUnreclaim:        39120 kB
KernelStack:       15592 kB
PageTables:        26596 kB
NFS_Unstable:          0 kB
Bounce:                0 kB
WritebackTmp:          0 kB
CommitLimit:     1242116 kB
Committed_AS:   54822000 kB
VmallocTotal:     409600 kB
VmallocUsed:       37728 kB
VmallocChunk:      86044 kB
Time pass: 98 sec

---2015-12-09 13:43:55
MemTotal:        1959952 kB
MemFree:          319284 kB
Buffers:            1472 kB
Cached:           864664 kB
SwapCached:         1424 kB
Active:           656516 kB
Inactive:         609412 kB
Active(anon):     220652 kB
Inactive(anon):   180848 kB
Active(file):     435864 kB
Inactive(file):   428564 kB
Unevictable:        1580 kB
Mlocked:               0 kB
HighTotal:       1372556 kB
HighFree:         189172 kB
LowTotal:         587396 kB
LowFree:          130112 kB
SwapTotal:        262140 kB
SwapFree:         220148 kB
Dirty:               344 kB
Writeback:             0 kB
AnonPages:        401172 kB
Mapped:           272024 kB
Shmem:               120 kB
Slab:              55892 kB
SReclaimable:      16852 kB
SUnreclaim:        39040 kB
KernelStack:       15600 kB
PageTables:        26608 kB
NFS_Unstable:          0 kB
Bounce:                0 kB
WritebackTmp:          0 kB
CommitLimit:     1242116 kB
Committed_AS:   54822136 kB
VmallocTotal:     409600 kB
VmallocUsed:       37728 kB
VmallocChunk:      86044 kB
Time pass: 101 sec

---2015-12-09 13:43:55
MemTotal:        1959952 kB
MemFree:          321220 kB
Buffers:            1472 kB
Cached:           864664 kB
SwapCached:         1424 kB
Active:           654672 kB
Inactive:         609140 kB
Active(anon):     218804 kB
Inactive(anon):   180572 kB
Active(file):     435868 kB
Inactive(file):   428568 kB
Unevictable:        1580 kB
Mlocked:               0 kB
HighTotal:       1372556 kB
HighFree:         189712 kB
LowTotal:         587396 kB
LowFree:          131508 kB
SwapTotal:        262140 kB
SwapFree:         220148 kB
Dirty:               112 kB
Writeback:             0 kB
AnonPages:        399068 kB
Mapped:           272024 kB
Shmem:               120 kB
Slab:              55896 kB
SReclaimable:      16852 kB
SUnreclaim:        39044 kB
KernelStack:       15592 kB
PageTables:        26608 kB
NFS_Unstable:          0 kB
Bounce:                0 kB
WritebackTmp:          0 kB
CommitLimit:     1242116 kB
Committed_AS:   54822204 kB
VmallocTotal:     409600 kB
VmallocUsed:       37728 kB
VmallocChunk:      86044 kB
Time pass: 105 sec

---2015-12-09 13:43:55
MemTotal:        1959952 kB
MemFree:          321448 kB
Buffers:            1472 kB
Cached:           864668 kB
SwapCached:         1424 kB
Active:           654732 kB
Inactive:         609136 kB
Active(anon):     218860 kB
Inactive(anon):   180568 kB
Active(file):     435872 kB
Inactive(file):   428568 kB
Unevictable:        1580 kB
Mlocked:               0 kB
HighTotal:       1372556 kB
HighFree:         189600 kB
LowTotal:         587396 kB
LowFree:          131848 kB
SwapTotal:        262140 kB
SwapFree:         220148 kB
Dirty:               144 kB
Writeback:             0 kB
AnonPages:        399120 kB
Mapped:           272012 kB
Shmem:               120 kB
Slab:              55908 kB
SReclaimable:      16940 kB
SUnreclaim:        38968 kB
KernelStack:       15600 kB
PageTables:        26588 kB
NFS_Unstable:          0 kB
Bounce:                0 kB
WritebackTmp:          0 kB
CommitLimit:     1242116 kB
Committed_AS:   54822280 kB
VmallocTotal:     409600 kB
VmallocUsed:       37728 kB
VmallocChunk:      86044 kB
Time pass: 109 sec

---2015-12-09 13:43:55
MemTotal:        1959952 kB
MemFree:          247992 kB
Buffers:            1472 kB
Cached:           865904 kB
SwapCached:         1460 kB
Active:           685484 kB
Inactive:         608268 kB
Active(anon):     247524 kB
Inactive(anon):   180688 kB
Active(file):     437960 kB
Inactive(file):   427580 kB
Unevictable:        1580 kB
Mlocked:               0 kB
HighTotal:       1372556 kB
HighFree:         131144 kB
LowTotal:         587396 kB
LowFree:          116848 kB
SwapTotal:        262140 kB
SwapFree:         220152 kB
Dirty:              1004 kB
Writeback:             0 kB
AnonPages:        428016 kB
Mapped:           301336 kB
Shmem:               252 kB
Slab:              56284 kB
SReclaimable:      16996 kB
SUnreclaim:        39288 kB
KernelStack:       16160 kB
PageTables:        27852 kB
NFS_Unstable:          0 kB
Bounce:                0 kB
WritebackTmp:          0 kB
CommitLimit:     1242116 kB
Committed_AS:   56784864 kB
VmallocTotal:     409600 kB
VmallocUsed:       37980 kB
VmallocChunk:      86044 kB
Time pass: 113 sec

---2015-12-09 13:43:55
MemTotal:        1959952 kB
MemFree:          205832 kB
Buffers:            1472 kB
Cached:           867068 kB
SwapCached:         1496 kB
Active:           697940 kB
Inactive:         607764 kB
Active(anon):     259584 kB
Inactive(anon):   179488 kB
Active(file):     438356 kB
Inactive(file):   428276 kB
Unevictable:        1580 kB
Mlocked:               0 kB
HighTotal:       1372556 kB
HighFree:         109824 kB
LowTotal:         587396 kB
LowFree:           96008 kB
SwapTotal:        262140 kB
SwapFree:         220156 kB
Dirty:              1752 kB
Writeback:             0 kB
AnonPages:        438856 kB
Mapped:           308628 kB
Shmem:               256 kB
Slab:              56196 kB
SReclaimable:      17004 kB
SUnreclaim:        39192 kB
KernelStack:       16240 kB
PageTables:        27944 kB
NFS_Unstable:          0 kB
Bounce:                0 kB
WritebackTmp:          0 kB
CommitLimit:     1242116 kB
Committed_AS:   56795912 kB
VmallocTotal:     409600 kB
VmallocUsed:       38108 kB
VmallocChunk:      86044 kB
Time pass: 116 sec

---2015-12-09 13:43:55
MemTotal:        1959952 kB
MemFree:          166004 kB
Buffers:            1472 kB
Cached:           868100 kB
SwapCached:         1496 kB
Active:           703340 kB
Inactive:         607372 kB
Active(anon):     263524 kB
Inactive(anon):   179480 kB
Active(file):     439816 kB
Inactive(file):   427892 kB
Unevictable:        1580 kB
Mlocked:               0 kB
HighTotal:       1372556 kB
HighFree:          86916 kB
LowTotal:         587396 kB
LowFree:           79088 kB
SwapTotal:        262140 kB
SwapFree:         220156 kB
Dirty:              1288 kB
Writeback:             0 kB
AnonPages:        442336 kB
Mapped:           327272 kB
Shmem:               256 kB
Slab:              56116 kB
SReclaimable:      17012 kB
SUnreclaim:        39104 kB
KernelStack:       16224 kB
PageTables:        28064 kB
NFS_Unstable:          0 kB
Bounce:                0 kB
WritebackTmp:          0 kB
CommitLimit:     1242116 kB
Committed_AS:   56800040 kB
VmallocTotal:     409600 kB
VmallocUsed:       38256 kB
VmallocChunk:      86044 kB
Time pass: 120 sec

---2015-12-09 13:43:55
MemTotal:        1959952 kB
MemFree:          144096 kB
Buffers:            1472 kB
Cached:           868196 kB
SwapCached:         1496 kB
Active:           704164 kB
Inactive:         607320 kB
Active(anon):     264196 kB
Inactive(anon):   179480 kB
Active(file):     439968 kB
Inactive(file):   427840 kB
Unevictable:        1580 kB
Mlocked:               0 kB
HighTotal:       1372556 kB
HighFree:          64872 kB
LowTotal:         587396 kB
LowFree:           79224 kB
SwapTotal:        262140 kB
SwapFree:         220156 kB
Dirty:               724 kB
Writeback:             0 kB
AnonPages:        443440 kB
Mapped:           346556 kB
Shmem:               256 kB
Slab:              56044 kB
SReclaimable:      17012 kB
SUnreclaim:        39032 kB
KernelStack:       16224 kB
PageTables:        28108 kB
NFS_Unstable:          0 kB
Bounce:                0 kB
WritebackTmp:          0 kB
CommitLimit:     1242116 kB
Committed_AS:   56801900 kB
VmallocTotal:     409600 kB
VmallocUsed:       38328 kB
VmallocChunk:      86044 kB
Time pass: 123 sec

---2015-12-09 13:43:55
MemTotal:        1959952 kB
MemFree:          142856 kB
Buffers:            1472 kB
Cached:           868196 kB
SwapCached:         1496 kB
Active:           704992 kB
Inactive:         607308 kB
Active(anon):     265020 kB
Inactive(anon):   179480 kB
Active(file):     439972 kB
Inactive(file):   427828 kB
Unevictable:        1580 kB
Mlocked:               0 kB
HighTotal:       1372556 kB
HighFree:          63632 kB
LowTotal:         587396 kB
LowFree:           79224 kB
SwapTotal:        262140 kB
SwapFree:         220156 kB
Dirty:               616 kB
Writeback:             0 kB
AnonPages:        444284 kB
Mapped:           346560 kB
Shmem:               256 kB
Slab:              56068 kB
SReclaimable:      17012 kB
SUnreclaim:        39056 kB
KernelStack:       16224 kB
PageTables:        28108 kB
NFS_Unstable:          0 kB
Bounce:                0 kB
WritebackTmp:          0 kB
CommitLimit:     1242116 kB
Committed_AS:   56802144 kB
VmallocTotal:     409600 kB
VmallocUsed:       38328 kB
VmallocChunk:      86044 kB
Time pass: 127 sec

---2015-12-09 13:43:55
MemTotal:        1959952 kB
MemFree:          119680 kB
Buffers:            1472 kB
Cached:           868216 kB
SwapCached:         1496 kB
Active:           710484 kB
Inactive:         607244 kB
Active(anon):     270404 kB
Inactive(anon):   179472 kB
Active(file):     440080 kB
Inactive(file):   427772 kB
Unevictable:        1580 kB
Mlocked:               0 kB
HighTotal:       1372556 kB
HighFree:          40564 kB
LowTotal:         587396 kB
LowFree:           79116 kB
SwapTotal:        262140 kB
SwapFree:         220156 kB
Dirty:              1100 kB
Writeback:             0 kB
AnonPages:        449660 kB
Mapped:           360472 kB
Shmem:               256 kB
Slab:              56304 kB
SReclaimable:      17012 kB
SUnreclaim:        39292 kB
KernelStack:       16224 kB
PageTables:        28136 kB
NFS_Unstable:          0 kB
Bounce:                0 kB
WritebackTmp:          0 kB
CommitLimit:     1242116 kB
Committed_AS:   56805908 kB
VmallocTotal:     409600 kB
VmallocUsed:       38404 kB
VmallocChunk:      86044 kB
Time pass: 131 sec

---2015-12-09 13:43:55
MemTotal:        1959952 kB
MemFree:          119748 kB
Buffers:            1472 kB
Cached:           868216 kB
SwapCached:         1496 kB
Active:           710540 kB
Inactive:         607236 kB
Active(anon):     270452 kB
Inactive(anon):   179472 kB
Active(file):     440088 kB
Inactive(file):   427764 kB
Unevictable:        1580 kB
Mlocked:               0 kB
HighTotal:       1372556 kB
HighFree:          40484 kB
LowTotal:         587396 kB
LowFree:           79264 kB
SwapTotal:        262140 kB
SwapFree:         220156 kB
Dirty:               656 kB
Writeback:             0 kB
AnonPages:        449708 kB
Mapped:           360500 kB
Shmem:               256 kB
Slab:              56300 kB
SReclaimable:      17012 kB
SUnreclaim:        39288 kB
KernelStack:       16216 kB
PageTables:        28128 kB
NFS_Unstable:          0 kB
Bounce:                0 kB
WritebackTmp:          0 kB
CommitLimit:     1242116 kB
Committed_AS:   56806128 kB
VmallocTotal:     409600 kB
VmallocUsed:       38404 kB
VmallocChunk:      86044 kB
Time pass: 135 sec

---2015-12-09 13:43:55
MemTotal:        1959952 kB
MemFree:          119264 kB
Buffers:            1472 kB
Cached:           868220 kB
SwapCached:         1496 kB
Active:           710956 kB
Inactive:         607236 kB
Active(anon):     270868 kB
Inactive(anon):   179472 kB
Active(file):     440088 kB
Inactive(file):   427764 kB
Unevictable:        1580 kB
Mlocked:               0 kB
HighTotal:       1372556 kB
HighFree:          40268 kB
LowTotal:         587396 kB
LowFree:           78996 kB
SwapTotal:        262140 kB
SwapFree:         220156 kB
Dirty:               660 kB
Writeback:             0 kB
AnonPages:        449864 kB
Mapped:           360624 kB
Shmem:               256 kB
Slab:              56396 kB
SReclaimable:      17012 kB
SUnreclaim:        39384 kB
KernelStack:       16240 kB
PageTables:        28144 kB
NFS_Unstable:          0 kB
Bounce:                0 kB
WritebackTmp:          0 kB
CommitLimit:     1242116 kB
Committed_AS:   56806324 kB
VmallocTotal:     409600 kB
VmallocUsed:       38404 kB
VmallocChunk:      86044 kB
Time pass: 139 sec

---2015-12-09 13:43:55
MemTotal:        1959952 kB
MemFree:          106180 kB
Buffers:            1472 kB
Cached:           868404 kB
SwapCached:         1500 kB
Active:           725932 kB
Inactive:         606448 kB
Active(anon):     284864 kB
Inactive(anon):   179632 kB
Active(file):     441068 kB
Inactive(file):   426816 kB
Unevictable:        1580 kB
Mlocked:               0 kB
HighTotal:       1372556 kB
HighFree:          29424 kB
LowTotal:         587396 kB
LowFree:           76756 kB
SwapTotal:        262140 kB
SwapFree:         220160 kB
Dirty:               664 kB
Writeback:             0 kB
AnonPages:        463848 kB
Mapped:           362936 kB
Shmem:               412 kB
Slab:              56256 kB
SReclaimable:      17020 kB
SUnreclaim:        39236 kB
KernelStack:       16464 kB
PageTables:        28312 kB
NFS_Unstable:          0 kB
Bounce:                0 kB
WritebackTmp:          0 kB
CommitLimit:     1242116 kB
Committed_AS:   56838468 kB
VmallocTotal:     409600 kB
VmallocUsed:       38404 kB
VmallocChunk:      86044 kB
Time pass: 143 sec

---2015-12-09 13:43:55
MemTotal:        1959952 kB
MemFree:           95756 kB
Buffers:            1776 kB
Cached:           870796 kB
SwapCached:         1500 kB
Active:           733036 kB
Inactive:         609008 kB
Active(anon):     291840 kB
Inactive(anon):   179748 kB
Active(file):     441196 kB
Inactive(file):   429260 kB
Unevictable:        1580 kB
Mlocked:               0 kB
HighTotal:       1372556 kB
HighFree:          26852 kB
LowTotal:         587396 kB
LowFree:           68904 kB
SwapTotal:        262140 kB
SwapFree:         220160 kB
Dirty:               712 kB
Writeback:             0 kB
AnonPages:        470932 kB
Mapped:           361512 kB
Shmem:               536 kB
Slab:              56240 kB
SReclaimable:      17020 kB
SUnreclaim:        39220 kB
KernelStack:       16488 kB
PageTables:        28392 kB
NFS_Unstable:          0 kB
Bounce:                0 kB
WritebackTmp:          0 kB
CommitLimit:     1242116 kB
Committed_AS:   56843688 kB
VmallocTotal:     409600 kB
VmallocUsed:       38404 kB
VmallocChunk:      86044 kB
Time pass: 147 sec

---2015-12-09 13:43:55
MemTotal:        1959952 kB
MemFree:           94932 kB
Buffers:            1776 kB
Cached:           870860 kB
SwapCached:         1500 kB
Active:           734632 kB
Inactive:         608448 kB
Active(anon):     292812 kB
Inactive(anon):   179748 kB
Active(file):     441820 kB
Inactive(file):   428700 kB
Unevictable:        1580 kB
Mlocked:               0 kB
HighTotal:       1372556 kB
HighFree:          26636 kB
LowTotal:         587396 kB
LowFree:           68296 kB
SwapTotal:        262140 kB
SwapFree:         220160 kB
Dirty:               900 kB
Writeback:             0 kB
AnonPages:        471832 kB
Mapped:           361512 kB
Shmem:               536 kB
Slab:              56268 kB
SReclaimable:      17020 kB
SUnreclaim:        39248 kB
KernelStack:       16472 kB
PageTables:        28400 kB
NFS_Unstable:          0 kB
Bounce:                0 kB
WritebackTmp:          0 kB
CommitLimit:     1242116 kB
Committed_AS:   56842676 kB
VmallocTotal:     409600 kB
VmallocUsed:       38404 kB
VmallocChunk:      86044 kB
Time pass: 152 sec

---2015-12-09 13:43:55
MemTotal:        1959952 kB
MemFree:           94220 kB
Buffers:            1776 kB
Cached:           870864 kB
SwapCached:         1500 kB
Active:           735792 kB
Inactive:         608452 kB
Active(anon):     293972 kB
Inactive(anon):   179752 kB
Active(file):     441820 kB
Inactive(file):   428700 kB
Unevictable:        1580 kB
Mlocked:               0 kB
HighTotal:       1372556 kB
HighFree:          26404 kB
LowTotal:         587396 kB
LowFree:           67816 kB
SwapTotal:        262140 kB
SwapFree:         220160 kB
Dirty:               756 kB
Writeback:             0 kB
AnonPages:        473004 kB
Mapped:           361516 kB
Shmem:               540 kB
Slab:              56136 kB
SReclaimable:      17020 kB
SUnreclaim:        39116 kB
KernelStack:       16472 kB
PageTables:        28400 kB
NFS_Unstable:          0 kB
Bounce:                0 kB
WritebackTmp:          0 kB
CommitLimit:     1242116 kB
Committed_AS:   56842852 kB
VmallocTotal:     409600 kB
VmallocUsed:       38404 kB
VmallocChunk:      86044 kB
Time pass: 156 sec

---2015-12-09 13:43:55
MemTotal:        1959952 kB
MemFree:           94012 kB
Buffers:            1776 kB
Cached:           871516 kB
SwapCached:         1500 kB
Active:           734600 kB
Inactive:         609104 kB
Active(anon):     292780 kB
Inactive(anon):   179752 kB
Active(file):     441820 kB
Inactive(file):   429352 kB
Unevictable:        1580 kB
Mlocked:               0 kB
HighTotal:       1372556 kB
HighFree:          28332 kB
LowTotal:         587396 kB
LowFree:           65680 kB
SwapTotal:        262140 kB
SwapFree:         220160 kB
Dirty:               740 kB
Writeback:             0 kB
AnonPages:        471804 kB
Mapped:           361692 kB
Shmem:               540 kB
Slab:              56196 kB
SReclaimable:      17020 kB
SUnreclaim:        39176 kB
KernelStack:       16472 kB
PageTables:        28408 kB
NFS_Unstable:          0 kB
Bounce:                0 kB
WritebackTmp:          0 kB
CommitLimit:     1242116 kB
Committed_AS:   56839344 kB
VmallocTotal:     409600 kB
VmallocUsed:       38404 kB
VmallocChunk:      86044 kB
Time pass: 160 sec

---2015-12-09 13:43:55
MemTotal:        1959952 kB
MemFree:           97848 kB
Buffers:            1776 kB
Cached:           871520 kB
SwapCached:         1500 kB
Active:           729996 kB
Inactive:         609108 kB
Active(anon):     288176 kB
Inactive(anon):   179756 kB
Active(file):     441820 kB
Inactive(file):   429352 kB
Unevictable:        1580 kB
Mlocked:               0 kB
HighTotal:       1372556 kB
HighFree:          30856 kB
LowTotal:         587396 kB
LowFree:           66992 kB
SwapTotal:        262140 kB
SwapFree:         220160 kB
Dirty:               740 kB
Writeback:             0 kB
AnonPages:        467032 kB
Mapped:           361700 kB
Shmem:               544 kB
Slab:              56164 kB
SReclaimable:      17020 kB
SUnreclaim:        39144 kB
KernelStack:       16480 kB
PageTables:        28404 kB
NFS_Unstable:          0 kB
Bounce:                0 kB
WritebackTmp:          0 kB
CommitLimit:     1242116 kB
Committed_AS:   56839468 kB
VmallocTotal:     409600 kB
VmallocUsed:       38404 kB
VmallocChunk:      86044 kB
Time pass: 164 sec

---2015-12-09 13:43:55
MemTotal:        1959952 kB
MemFree:           94544 kB
Buffers:            1776 kB
Cached:           871520 kB
SwapCached:         1500 kB
Active:           733884 kB
Inactive:         609108 kB
Active(anon):     292064 kB
Inactive(anon):   179756 kB
Active(file):     441820 kB
Inactive(file):   429352 kB
Unevictable:        1580 kB
Mlocked:               0 kB
HighTotal:       1372556 kB
HighFree:          27384 kB
LowTotal:         587396 kB
LowFree:           67160 kB
SwapTotal:        262140 kB
SwapFree:         220160 kB
Dirty:               756 kB
Writeback:             0 kB
AnonPages:        471060 kB
Mapped:           366208 kB
Shmem:               544 kB
Slab:              56324 kB
SReclaimable:      17020 kB
SUnreclaim:        39304 kB
KernelStack:       16656 kB
PageTables:        28776 kB
NFS_Unstable:          0 kB
Bounce:                0 kB
WritebackTmp:          0 kB
CommitLimit:     1242116 kB
Committed_AS:   57801412 kB
VmallocTotal:     409600 kB
VmallocUsed:       39424 kB
VmallocChunk:      86044 kB
Time pass: 168 sec

---2015-12-09 13:43:55
MemTotal:        1959952 kB
MemFree:           96432 kB
Buffers:            1776 kB
Cached:           871620 kB
SwapCached:         1500 kB
Active:           731872 kB
Inactive:         609192 kB
Active(anon):     290052 kB
Inactive(anon):   179760 kB
Active(file):     441820 kB
Inactive(file):   429432 kB
Unevictable:        1580 kB
Mlocked:               0 kB
HighTotal:       1372556 kB
HighFree:          28876 kB
LowTotal:         587396 kB
LowFree:           67556 kB
SwapTotal:        262140 kB
SwapFree:         220160 kB
Dirty:               860 kB
Writeback:             0 kB
AnonPages:        469220 kB
Mapped:           361848 kB
Shmem:               564 kB
Slab:              56228 kB
SReclaimable:      17020 kB
SUnreclaim:        39208 kB
KernelStack:       16480 kB
PageTables:        28724 kB
NFS_Unstable:          0 kB
Bounce:                0 kB
WritebackTmp:          0 kB
CommitLimit:     1242116 kB
Committed_AS:   57799512 kB
VmallocTotal:     409600 kB
VmallocUsed:       39424 kB
VmallocChunk:      86044 kB
Time pass: 172 sec

---2015-12-09 13:43:55
MemTotal:        1959952 kB
MemFree:           94704 kB
Buffers:            1776 kB
Cached:           871540 kB
SwapCached:         1500 kB
Active:           733732 kB
Inactive:         609108 kB
Active(anon):     291912 kB
Inactive(anon):   179756 kB
Active(file):     441820 kB
Inactive(file):   429352 kB
Unevictable:        1580 kB
Mlocked:               0 kB
HighTotal:       1372556 kB
HighFree:          25900 kB
LowTotal:         587396 kB
LowFree:           68804 kB
SwapTotal:        262140 kB
SwapFree:         220160 kB
Dirty:               764 kB
Writeback:             0 kB
AnonPages:        470912 kB
Mapped:           361700 kB
Shmem:               564 kB
Slab:              56228 kB
SReclaimable:      17020 kB
SUnreclaim:        39208 kB
KernelStack:       16448 kB
PageTables:        28428 kB
NFS_Unstable:          0 kB
Bounce:                0 kB
WritebackTmp:          0 kB
CommitLimit:     1242116 kB
Committed_AS:   56852408 kB
VmallocTotal:     409600 kB
VmallocUsed:       38404 kB
VmallocChunk:      86044 kB
Time pass: 176 sec

---2015-12-09 13:43:55
MemTotal:        1959952 kB
MemFree:           93332 kB
Buffers:            1776 kB
Cached:           871540 kB
SwapCached:         1500 kB
Active:           735404 kB
Inactive:         609100 kB
Active(anon):     293580 kB
Inactive(anon):   179752 kB
Active(file):     441824 kB
Inactive(file):   429348 kB
Unevictable:        1580 kB
Mlocked:               0 kB
HighTotal:       1372556 kB
HighFree:          24536 kB
LowTotal:         587396 kB
LowFree:           68796 kB
SwapTotal:        262140 kB
SwapFree:         220160 kB
Dirty:               760 kB
Writeback:             0 kB
AnonPages:        472572 kB
Mapped:           361848 kB
Shmem:               564 kB
Slab:              56180 kB
SReclaimable:      17004 kB
SUnreclaim:        39176 kB
KernelStack:       16424 kB
PageTables:        28408 kB
NFS_Unstable:          0 kB
Bounce:                0 kB
WritebackTmp:          0 kB
CommitLimit:     1242116 kB
Committed_AS:   56852720 kB
VmallocTotal:     409600 kB
VmallocUsed:       38404 kB
VmallocChunk:      86044 kB
Time pass: 181 sec

---2015-12-09 13:43:55
MemTotal:        1959952 kB
MemFree:           92144 kB
Buffers:            1776 kB
Cached:           871540 kB
SwapCached:         1500 kB
Active:           736404 kB
Inactive:         609100 kB
Active(anon):     294580 kB
Inactive(anon):   179752 kB
Active(file):     441824 kB
Inactive(file):   429348 kB
Unevictable:        1580 kB
Mlocked:               0 kB
HighTotal:       1372556 kB
HighFree:          24660 kB
LowTotal:         587396 kB
LowFree:           67484 kB
SwapTotal:        262140 kB
SwapFree:         220160 kB
Dirty:               760 kB
Writeback:             0 kB
AnonPages:        473448 kB
Mapped:           361900 kB
Shmem:               564 kB
Slab:              56340 kB
SReclaimable:      17004 kB
SUnreclaim:        39336 kB
KernelStack:       16448 kB
PageTables:        28428 kB
NFS_Unstable:          0 kB
Bounce:                0 kB
WritebackTmp:          0 kB
CommitLimit:     1242116 kB
Committed_AS:   56852808 kB
VmallocTotal:     409600 kB
VmallocUsed:       38404 kB
VmallocChunk:      86044 kB
Time pass: 184 sec

---2015-12-09 13:43:55
MemTotal:        1959952 kB
MemFree:           90748 kB
Buffers:            1776 kB
Cached:           871540 kB
SwapCached:         1500 kB
Active:           737612 kB
Inactive:         609104 kB
Active(anon):     295792 kB
Inactive(anon):   179752 kB
Active(file):     441820 kB
Inactive(file):   429352 kB
Unevictable:        1580 kB
Mlocked:               0 kB
HighTotal:       1372556 kB
HighFree:          24164 kB
LowTotal:         587396 kB
LowFree:           66584 kB
SwapTotal:        262140 kB
SwapFree:         220160 kB
Dirty:               780 kB
Writeback:             0 kB
AnonPages:        474680 kB
Mapped:           362008 kB
Shmem:               564 kB
Slab:              56388 kB
SReclaimable:      16956 kB
SUnreclaim:        39432 kB
KernelStack:       16440 kB
PageTables:        28428 kB
NFS_Unstable:          0 kB
Bounce:                0 kB
WritebackTmp:          0 kB
CommitLimit:     1242116 kB
Committed_AS:   56852900 kB
VmallocTotal:     409600 kB
VmallocUsed:       38404 kB
VmallocChunk:      86044 kB
Time pass: 188 sec

---2015-12-09 13:43:55
MemTotal:        1959952 kB
MemFree:           89260 kB
Buffers:            1776 kB
Cached:           871540 kB
SwapCached:         1500 kB
Active:           738696 kB
Inactive:         609104 kB
Active(anon):     296876 kB
Inactive(anon):   179752 kB
Active(file):     441820 kB
Inactive(file):   429352 kB
Unevictable:        1580 kB
Mlocked:               0 kB
HighTotal:       1372556 kB
HighFree:          24096 kB
LowTotal:         587396 kB
LowFree:           65164 kB
SwapTotal:        262140 kB
SwapFree:         220160 kB
Dirty:               784 kB
Writeback:             0 kB
AnonPages:        476048 kB
Mapped:           361824 kB
Shmem:               564 kB
Slab:              56132 kB
SReclaimable:      16956 kB
SUnreclaim:        39176 kB
KernelStack:       16440 kB
PageTables:        28428 kB
NFS_Unstable:          0 kB
Bounce:                0 kB
WritebackTmp:          0 kB
CommitLimit:     1242116 kB
Committed_AS:   56852988 kB
VmallocTotal:     409600 kB
VmallocUsed:       38404 kB
VmallocChunk:      86044 kB
Time pass: 192 sec

---2015-12-09 13:43:55
MemTotal:        1959952 kB
MemFree:           89420 kB
Buffers:            1776 kB
Cached:           871544 kB
SwapCached:         1500 kB
Active:           738924 kB
Inactive:         609104 kB
Active(anon):     297100 kB
Inactive(anon):   179756 kB
Active(file):     441824 kB
Inactive(file):   429348 kB
Unevictable:        1580 kB
Mlocked:               0 kB
HighTotal:       1372556 kB
HighFree:          24392 kB
LowTotal:         587396 kB
LowFree:           65028 kB
SwapTotal:        262140 kB
SwapFree:         220160 kB
Dirty:               760 kB
Writeback:             0 kB
AnonPages:        476320 kB
Mapped:           361904 kB
Shmem:               568 kB
Slab:              56260 kB
SReclaimable:      16956 kB
SUnreclaim:        39304 kB
KernelStack:       16440 kB
PageTables:        28428 kB
NFS_Unstable:          0 kB
Bounce:                0 kB
WritebackTmp:          0 kB
CommitLimit:     1242116 kB
Committed_AS:   56853052 kB
VmallocTotal:     409600 kB
VmallocUsed:       38404 kB
VmallocChunk:      86044 kB
Time pass: 195 sec

---2015-12-09 13:43:55
MemTotal:        1959952 kB
MemFree:           88352 kB
Buffers:            1776 kB
Cached:           871544 kB
SwapCached:         1500 kB
Active:           740628 kB
Inactive:         609104 kB
Active(anon):     298804 kB
Inactive(anon):   179756 kB
Active(file):     441824 kB
Inactive(file):   429348 kB
Unevictable:        1580 kB
Mlocked:               0 kB
HighTotal:       1372556 kB
HighFree:          24136 kB
LowTotal:         587396 kB
LowFree:           64216 kB
SwapTotal:        262140 kB
SwapFree:         220160 kB
Dirty:               748 kB
Writeback:             0 kB
AnonPages:        477484 kB
Mapped:           361920 kB
Shmem:               568 kB
Slab:              56292 kB
SReclaimable:      16956 kB
SUnreclaim:        39336 kB
KernelStack:       16440 kB
PageTables:        28436 kB
NFS_Unstable:          0 kB
Bounce:                0 kB
WritebackTmp:          0 kB
CommitLimit:     1242116 kB
Committed_AS:   56853452 kB
VmallocTotal:     409600 kB
VmallocUsed:       38404 kB
VmallocChunk:      86044 kB
Time pass: 200 sec

---2015-12-09 13:43:55
MemTotal:        1959952 kB
MemFree:           87304 kB
Buffers:            1776 kB
Cached:           871544 kB
SwapCached:         1500 kB
Active:           741224 kB
Inactive:         609104 kB
Active(anon):     299404 kB
Inactive(anon):   179752 kB
Active(file):     441820 kB
Inactive(file):   429352 kB
Unevictable:        1580 kB
Mlocked:               0 kB
HighTotal:       1372556 kB
HighFree:          25128 kB
LowTotal:         587396 kB
LowFree:           62176 kB
SwapTotal:        262140 kB
SwapFree:         220160 kB
Dirty:               768 kB
Writeback:             0 kB
AnonPages:        478452 kB
Mapped:           361864 kB
Shmem:               568 kB
Slab:              56164 kB
SReclaimable:      16956 kB
SUnreclaim:        39208 kB
KernelStack:       16440 kB
PageTables:        28436 kB
NFS_Unstable:          0 kB
Bounce:                0 kB
WritebackTmp:          0 kB
CommitLimit:     1242116 kB
Committed_AS:   56853560 kB
VmallocTotal:     409600 kB
VmallocUsed:       38404 kB
VmallocChunk:      86044 kB
Time pass: 203 sec

---2015-12-09 13:43:55
MemTotal:        1959952 kB
MemFree:           87532 kB
Buffers:            1776 kB
Cached:           871792 kB
SwapCached:         1500 kB
Active:           740572 kB
Inactive:         609304 kB
Active(anon):     298752 kB
Inactive(anon):   179752 kB
Active(file):     441820 kB
Inactive(file):   429552 kB
Unevictable:        1580 kB
Mlocked:               0 kB
HighTotal:       1372556 kB
HighFree:          25272 kB
LowTotal:         587396 kB
LowFree:           62260 kB
SwapTotal:        262140 kB
SwapFree:         220160 kB
Dirty:               772 kB
Writeback:             0 kB
AnonPages:        477880 kB
Mapped:           361880 kB
Shmem:               568 kB
Slab:              56228 kB
SReclaimable:      16956 kB
SUnreclaim:        39272 kB
KernelStack:       16440 kB
PageTables:        28436 kB
NFS_Unstable:          0 kB
Bounce:                0 kB
WritebackTmp:          0 kB
CommitLimit:     1242116 kB
Committed_AS:   56852188 kB
VmallocTotal:     409600 kB
VmallocUsed:       38404 kB
VmallocChunk:      86044 kB
Time pass: 207 sec

---2015-12-09 13:43:55
MemTotal:        1959952 kB
MemFree:           91580 kB
Buffers:            1776 kB
Cached:           871768 kB
SwapCached:         1500 kB
Active:           736260 kB
Inactive:         609324 kB
Active(anon):     294440 kB
Inactive(anon):   179748 kB
Active(file):     441820 kB
Inactive(file):   429576 kB
Unevictable:        1580 kB
Mlocked:               0 kB
HighTotal:       1372556 kB
HighFree:          26768 kB
LowTotal:         587396 kB
LowFree:           64812 kB
SwapTotal:        262140 kB
SwapFree:         220160 kB
Dirty:               944 kB
Writeback:             0 kB
AnonPages:        473524 kB
Mapped:           361848 kB
Shmem:               568 kB
Slab:              56132 kB
SReclaimable:      16956 kB
SUnreclaim:        39176 kB
KernelStack:       16448 kB
PageTables:        28436 kB
NFS_Unstable:          0 kB
Bounce:                0 kB
WritebackTmp:          0 kB
CommitLimit:     1242116 kB
Committed_AS:   56853436 kB
VmallocTotal:     409600 kB
VmallocUsed:       38404 kB
VmallocChunk:      86044 kB
Time pass: 211 sec

---2015-12-09 13:43:55
MemTotal:        1959952 kB
MemFree:           91332 kB
Buffers:            1776 kB
Cached:           871772 kB
SwapCached:         1500 kB
Active:           737128 kB
Inactive:         609328 kB
Active(anon):     295308 kB
Inactive(anon):   179752 kB
Active(file):     441820 kB
Inactive(file):   429576 kB
Unevictable:        1580 kB
Mlocked:               0 kB
HighTotal:       1372556 kB
HighFree:          25868 kB
LowTotal:         587396 kB
LowFree:           65464 kB
SwapTotal:        262140 kB
SwapFree:         220160 kB
Dirty:               944 kB
Writeback:             0 kB
AnonPages:        474304 kB
Mapped:           361908 kB
Shmem:               572 kB
Slab:              56164 kB
SReclaimable:      16956 kB
SUnreclaim:        39208 kB
KernelStack:       16432 kB
PageTables:        28424 kB
NFS_Unstable:          0 kB
Bounce:                0 kB
WritebackTmp:          0 kB
CommitLimit:     1242116 kB
Committed_AS:   56853480 kB
VmallocTotal:     409600 kB
VmallocUsed:       38404 kB
VmallocChunk:      86044 kB
Time pass: 216 sec

---2015-12-09 13:43:55
MemTotal:        1959952 kB
MemFree:           91108 kB
Buffers:            1776 kB
Cached:           871776 kB
SwapCached:         1500 kB
Active:           737308 kB
Inactive:         609336 kB
Active(anon):     295492 kB
Inactive(anon):   179756 kB
Active(file):     441816 kB
Inactive(file):   429580 kB
Unevictable:        1580 kB
Mlocked:               0 kB
HighTotal:       1372556 kB
HighFree:          26004 kB
LowTotal:         587396 kB
LowFree:           65104 kB
SwapTotal:        262140 kB
SwapFree:         220160 kB
Dirty:               944 kB
Writeback:             0 kB
AnonPages:        474224 kB
Mapped:           361964 kB
Shmem:               576 kB
Slab:              56132 kB
SReclaimable:      16956 kB
SUnreclaim:        39176 kB
KernelStack:       16616 kB
PageTables:        28504 kB
NFS_Unstable:          0 kB
Bounce:                0 kB
WritebackTmp:          0 kB
CommitLimit:     1242116 kB
Committed_AS:   56859560 kB
VmallocTotal:     409600 kB
VmallocUsed:       39424 kB
VmallocChunk:      86044 kB
Time pass: 220 sec

---2015-12-09 13:43:55
MemTotal:        1959952 kB
MemFree:           87768 kB
Buffers:            1776 kB
Cached:           871776 kB
SwapCached:         1500 kB
Active:           739952 kB
Inactive:         609328 kB
Active(anon):     298128 kB
Inactive(anon):   179756 kB
Active(file):     441824 kB
Inactive(file):   429572 kB
Unevictable:        1580 kB
Mlocked:               0 kB
HighTotal:       1372556 kB
HighFree:          24512 kB
LowTotal:         587396 kB
LowFree:           63256 kB
SwapTotal:        262140 kB
SwapFree:         220160 kB
Dirty:               924 kB
Writeback:             0 kB
AnonPages:        477120 kB
Mapped:           366252 kB
Shmem:               576 kB
Slab:              56196 kB
SReclaimable:      16956 kB
SUnreclaim:        39240 kB
KernelStack:       16448 kB
PageTables:        28736 kB
NFS_Unstable:          0 kB
Bounce:                0 kB
WritebackTmp:          0 kB
CommitLimit:     1242116 kB
Committed_AS:   57813368 kB
VmallocTotal:     409600 kB
VmallocUsed:       39424 kB
VmallocChunk:      86044 kB
Time pass: 225 sec

---2015-12-09 13:43:55
MemTotal:        1959952 kB
MemFree:           90204 kB
Buffers:            1776 kB
Cached:           871780 kB
SwapCached:         1500 kB
Active:           738112 kB
Inactive:         609328 kB
Active(anon):     296288 kB
Inactive(anon):   179756 kB
Active(file):     441824 kB
Inactive(file):   429572 kB
Unevictable:        1580 kB
Mlocked:               0 kB
HighTotal:       1372556 kB
HighFree:          25268 kB
LowTotal:         587396 kB
LowFree:           64936 kB
SwapTotal:        262140 kB
SwapFree:         220160 kB
Dirty:               924 kB
Writeback:             0 kB
AnonPages:        475532 kB
Mapped:           362400 kB
Shmem:               580 kB
Slab:              56164 kB
SReclaimable:      16956 kB
SUnreclaim:        39208 kB
KernelStack:       16528 kB
PageTables:        28772 kB
NFS_Unstable:          0 kB
Bounce:                0 kB
WritebackTmp:          0 kB
CommitLimit:     1242116 kB
Committed_AS:   57810936 kB
VmallocTotal:     409600 kB
VmallocUsed:       39424 kB
VmallocChunk:      86044 kB
Time pass: 229 sec

---2015-12-09 13:43:55
MemTotal:        1959952 kB
MemFree:           90376 kB
Buffers:            1776 kB
Cached:           871860 kB
SwapCached:         1500 kB
Active:           738252 kB
Inactive:         609392 kB
Active(anon):     296420 kB
Inactive(anon):   179748 kB
Active(file):     441832 kB
Inactive(file):   429644 kB
Unevictable:        1580 kB
Mlocked:               0 kB
HighTotal:       1372556 kB
HighFree:          24524 kB
LowTotal:         587396 kB
LowFree:           65852 kB
SwapTotal:        262140 kB
SwapFree:         220160 kB
Dirty:              1032 kB
Writeback:             0 kB
AnonPages:        475396 kB
Mapped:           361916 kB
Shmem:               580 kB
Slab:              56132 kB
SReclaimable:      16956 kB
SUnreclaim:        39176 kB
KernelStack:       16464 kB
PageTables:        28444 kB
NFS_Unstable:          0 kB
Bounce:                0 kB
WritebackTmp:          0 kB
CommitLimit:     1242116 kB
Committed_AS:   56851656 kB
VmallocTotal:     409600 kB
VmallocUsed:       38404 kB
VmallocChunk:      86044 kB
Time pass: 232 sec

---2015-12-09 13:43:55
MemTotal:        1959952 kB
MemFree:           88540 kB
Buffers:            1776 kB
Cached:           871780 kB
SwapCached:         1500 kB
Active:           739312 kB
Inactive:         609320 kB
Active(anon):     297492 kB
Inactive(anon):   179744 kB
Active(file):     441820 kB
Inactive(file):   429576 kB
Unevictable:        1580 kB
Mlocked:               0 kB
HighTotal:       1372556 kB
HighFree:          24284 kB
LowTotal:         587396 kB
LowFree:           64256 kB
SwapTotal:        262140 kB
SwapFree:         220160 kB
Dirty:               964 kB
Writeback:             0 kB
AnonPages:        476504 kB
Mapped:           361884 kB
Shmem:               580 kB
Slab:              56292 kB
SReclaimable:      16956 kB
SUnreclaim:        39336 kB
KernelStack:       16464 kB
PageTables:        28444 kB
NFS_Unstable:          0 kB
Bounce:                0 kB
WritebackTmp:          0 kB
CommitLimit:     1242116 kB
Committed_AS:   56851892 kB
VmallocTotal:     409600 kB
VmallocUsed:       38404 kB
VmallocChunk:      86044 kB
Time pass: 236 sec

---2015-12-09 13:43:55
MemTotal:        1959952 kB
MemFree:           88336 kB
Buffers:            1776 kB
Cached:           871996 kB
SwapCached:         1500 kB
Active:           740344 kB
Inactive:         609536 kB
Active(anon):     298524 kB
Inactive(anon):   179960 kB
Active(file):     441820 kB
Inactive(file):   429576 kB
Unevictable:        1580 kB
Mlocked:               0 kB
HighTotal:       1372556 kB
HighFree:          24160 kB
LowTotal:         587396 kB
LowFree:           64176 kB
SwapTotal:        262140 kB
SwapFree:         220160 kB
Dirty:               948 kB
Writeback:             0 kB
AnonPages:        477360 kB
Mapped:           362100 kB
Shmem:               796 kB
Slab:              56036 kB
SReclaimable:      16956 kB
SUnreclaim:        39080 kB
KernelStack:       16464 kB
PageTables:        28440 kB
NFS_Unstable:          0 kB
Bounce:                0 kB
WritebackTmp:          0 kB
CommitLimit:     1242116 kB
Committed_AS:   56851868 kB
VmallocTotal:     409600 kB
VmallocUsed:       38404 kB
VmallocChunk:      86044 kB
Time pass: 241 sec

---2015-12-09 13:43:55
MemTotal:        1959952 kB
MemFree:           87852 kB
Buffers:            1776 kB
Cached:           871996 kB
SwapCached:         1500 kB
Active:           741120 kB
Inactive:         609536 kB
Active(anon):     299300 kB
Inactive(anon):   179960 kB
Active(file):     441820 kB
Inactive(file):   429576 kB
Unevictable:        1580 kB
Mlocked:               0 kB
HighTotal:       1372556 kB
HighFree:          24160 kB
LowTotal:         587396 kB
LowFree:           63692 kB
SwapTotal:        262140 kB
SwapFree:         220160 kB
Dirty:               948 kB
Writeback:             0 kB
AnonPages:        478260 kB
Mapped:           362160 kB
Shmem:               796 kB
Slab:              56252 kB
SReclaimable:      16956 kB
SUnreclaim:        39296 kB
KernelStack:       16472 kB
PageTables:        28436 kB
NFS_Unstable:          0 kB
Bounce:                0 kB
WritebackTmp:          0 kB
CommitLimit:     1242116 kB
Committed_AS:   56851996 kB
VmallocTotal:     409600 kB
VmallocUsed:       38404 kB
VmallocChunk:      86044 kB
Time pass: 245 sec

---2015-12-09 13:43:55
MemTotal:        1959952 kB
MemFree:           85848 kB
Buffers:            1776 kB
Cached:           872012 kB
SwapCached:         1500 kB
Active:           742336 kB
Inactive:         609544 kB
Active(anon):     300516 kB
Inactive(anon):   179952 kB
Active(file):     441820 kB
Inactive(file):   429592 kB
Unevictable:        1580 kB
Mlocked:               0 kB
HighTotal:       1372556 kB
HighFree:          24160 kB
LowTotal:         587396 kB
LowFree:           61688 kB
SwapTotal:        262140 kB
SwapFree:         220160 kB
Dirty:               956 kB
Writeback:             0 kB
AnonPages:        479476 kB
Mapped:           362100 kB
Shmem:               796 kB
Slab:              56164 kB
SReclaimable:      16956 kB
SUnreclaim:        39208 kB
KernelStack:       16464 kB
PageTables:        28448 kB
NFS_Unstable:          0 kB
Bounce:                0 kB
WritebackTmp:          0 kB
CommitLimit:     1242116 kB
Committed_AS:   56852120 kB
VmallocTotal:     409600 kB
VmallocUsed:       38404 kB
VmallocChunk:      86044 kB
Time pass: 250 sec

---2015-12-09 13:43:55
MemTotal:        1959952 kB
MemFree:           86664 kB
Buffers:            1776 kB
Cached:           872020 kB
SwapCached:         1500 kB
Active:           742340 kB
Inactive:         609552 kB
Active(anon):     300520 kB
Inactive(anon):   179960 kB
Active(file):     441820 kB
Inactive(file):   429592 kB
Unevictable:        1580 kB
Mlocked:               0 kB
HighTotal:       1372556 kB
HighFree:          25028 kB
LowTotal:         587396 kB
LowFree:           61636 kB
SwapTotal:        262140 kB
SwapFree:         220160 kB
Dirty:               960 kB
Writeback:             0 kB
AnonPages:        479364 kB
Mapped:           362292 kB
Shmem:               804 kB
Slab:              56324 kB
SReclaimable:      16956 kB
SUnreclaim:        39368 kB
KernelStack:       16464 kB
PageTables:        28440 kB
NFS_Unstable:          0 kB
Bounce:                0 kB
WritebackTmp:          0 kB
CommitLimit:     1242116 kB
Committed_AS:   56852256 kB
VmallocTotal:     409600 kB
VmallocUsed:       38404 kB
VmallocChunk:      86044 kB
Time pass: 255 sec

---2015-12-09 13:43:55
MemTotal:        1959952 kB
MemFree:           84064 kB
Buffers:            1776 kB
Cached:           872020 kB
SwapCached:         1500 kB
Active:           744464 kB
Inactive:         609552 kB
Active(anon):     302644 kB
Inactive(anon):   179960 kB
Active(file):     441820 kB
Inactive(file):   429592 kB
Unevictable:        1580 kB
Mlocked:               0 kB
HighTotal:       1372556 kB
HighFree:          24656 kB
LowTotal:         587396 kB
LowFree:           59408 kB
SwapTotal:        262140 kB
SwapFree:         220160 kB
Dirty:               960 kB
Writeback:             0 kB
AnonPages:        481720 kB
Mapped:           362116 kB
Shmem:               804 kB
Slab:              56324 kB
SReclaimable:      16956 kB
SUnreclaim:        39368 kB
KernelStack:       16456 kB
PageTables:        28448 kB
NFS_Unstable:          0 kB
Bounce:                0 kB
WritebackTmp:          0 kB
CommitLimit:     1242116 kB
Committed_AS:   56852472 kB
VmallocTotal:     409600 kB
VmallocUsed:       38404 kB
VmallocChunk:      86044 kB
Time pass: 259 sec

---2015-12-09 13:43:55
MemTotal:        1959952 kB
MemFree:           83864 kB
Buffers:            1776 kB
Cached:           872020 kB
SwapCached:         1500 kB
Active:           744500 kB
Inactive:         609552 kB
Active(anon):     302680 kB
Inactive(anon):   179960 kB
Active(file):     441820 kB
Inactive(file):   429592 kB
Unevictable:        1580 kB
Mlocked:               0 kB
HighTotal:       1372556 kB
HighFree:          25028 kB
LowTotal:         587396 kB
LowFree:           58836 kB
SwapTotal:        262140 kB
SwapFree:         220160 kB
Dirty:               976 kB
Writeback:             0 kB
AnonPages:        481656 kB
Mapped:           362116 kB
Shmem:               804 kB
Slab:              56200 kB
SReclaimable:      16956 kB
SUnreclaim:        39244 kB
KernelStack:       16464 kB
PageTables:        28448 kB
NFS_Unstable:          0 kB
Bounce:                0 kB
WritebackTmp:          0 kB
CommitLimit:     1242116 kB
Committed_AS:   56851400 kB
VmallocTotal:     409600 kB
VmallocUsed:       38404 kB
VmallocChunk:      86044 kB
Time pass: 263 sec

---2015-12-09 13:43:55
MemTotal:        1959952 kB
MemFree:          114304 kB
Buffers:            1776 kB
Cached:           860980 kB
SwapCached:         1500 kB
Active:           733992 kB
Inactive:         609644 kB
Active(anon):     303128 kB
Inactive(anon):   180124 kB
Active(file):     430864 kB
Inactive(file):   429520 kB
Unevictable:        1580 kB
Mlocked:               0 kB
HighTotal:       1372556 kB
HighFree:          38772 kB
LowTotal:         587396 kB
LowFree:           75532 kB
SwapTotal:        262140 kB
SwapFree:         219168 kB
Dirty:              1144 kB
Writeback:             0 kB
AnonPages:        482604 kB
Mapped:           362256 kB
Shmem:               804 kB
Slab:              56200 kB
SReclaimable:      16956 kB
SUnreclaim:        39244 kB
KernelStack:       16584 kB
PageTables:        28372 kB
NFS_Unstable:          0 kB
Bounce:                0 kB
WritebackTmp:          0 kB
CommitLimit:     1242116 kB
Committed_AS:   56852596 kB
VmallocTotal:     409600 kB
VmallocUsed:       38404 kB
VmallocChunk:      86044 kB
Time pass: 267 sec

---2015-12-09 13:43:55
MemTotal:        1959952 kB
MemFree:          111312 kB
Buffers:            1776 kB
Cached:           860924 kB
SwapCached:         1504 kB
Active:           737232 kB
Inactive:         609436 kB
Active(anon):     306408 kB
Inactive(anon):   179940 kB
Active(file):     430824 kB
Inactive(file):   429496 kB
Unevictable:        1580 kB
Mlocked:               0 kB
HighTotal:       1372556 kB
HighFree:          35268 kB
LowTotal:         587396 kB
LowFree:           76044 kB
SwapTotal:        262140 kB
SwapFree:         219168 kB
Dirty:              1256 kB
Writeback:             0 kB
AnonPages:        485308 kB
Mapped:           362176 kB
Shmem:               804 kB
Slab:              56216 kB
SReclaimable:      16940 kB
SUnreclaim:        39276 kB
KernelStack:       16632 kB
PageTables:        28540 kB
NFS_Unstable:          0 kB
Bounce:                0 kB
WritebackTmp:          0 kB
CommitLimit:     1242116 kB
Committed_AS:   56853880 kB
VmallocTotal:     409600 kB
VmallocUsed:       38404 kB
VmallocChunk:      86044 kB
Time pass: 272 sec

---2015-12-09 13:43:55
MemTotal:        1959952 kB
MemFree:          112884 kB
Buffers:            1776 kB
Cached:           860924 kB
SwapCached:         1504 kB
Active:           735764 kB
Inactive:         609424 kB
Active(anon):     304936 kB
Inactive(anon):   179936 kB
Active(file):     430828 kB
Inactive(file):   429488 kB
Unevictable:        1580 kB
Mlocked:               0 kB
HighTotal:       1372556 kB
HighFree:          35440 kB
LowTotal:         587396 kB
LowFree:           77444 kB
SwapTotal:        262140 kB
SwapFree:         219168 kB
Dirty:              1080 kB
Writeback:             0 kB
AnonPages:        483760 kB
Mapped:           362124 kB
Shmem:               804 kB
Slab:              56148 kB
SReclaimable:      16940 kB
SUnreclaim:        39208 kB
KernelStack:       16456 kB
PageTables:        28448 kB
NFS_Unstable:          0 kB
Bounce:                0 kB
WritebackTmp:          0 kB
CommitLimit:     1242116 kB
Committed_AS:   56853004 kB
VmallocTotal:     409600 kB
VmallocUsed:       38404 kB
VmallocChunk:      86044 kB
Time pass: 277 sec

---2015-12-09 13:43:55
MemTotal:        1959952 kB
MemFree:          111000 kB
Buffers:            1776 kB
Cached:           860924 kB
SwapCached:         1504 kB
Active:           738708 kB
Inactive:         609420 kB
Active(anon):     307876 kB
Inactive(anon):   179936 kB
Active(file):     430832 kB
Inactive(file):   429484 kB
Unevictable:        1580 kB
Mlocked:               0 kB
HighTotal:       1372556 kB
HighFree:          33732 kB
LowTotal:         587396 kB
LowFree:           77268 kB
SwapTotal:        262140 kB
SwapFree:         219168 kB
Dirty:              1060 kB
Writeback:             0 kB
AnonPages:        486832 kB
Mapped:           366224 kB
Shmem:               804 kB
Slab:              56180 kB
SReclaimable:      16940 kB
SUnreclaim:        39240 kB
KernelStack:       16560 kB
PageTables:        28820 kB
NFS_Unstable:          0 kB
Bounce:                0 kB
WritebackTmp:          0 kB
CommitLimit:     1242116 kB
Committed_AS:   57814056 kB
VmallocTotal:     409600 kB
VmallocUsed:       38404 kB
VmallocChunk:      86044 kB
Time pass: 281 sec

---2015-12-09 13:43:55
MemTotal:        1959952 kB
MemFree:          123456 kB
Buffers:            1776 kB
Cached:           860924 kB
SwapCached:         1504 kB
Active:           725252 kB
Inactive:         609420 kB
Active(anon):     294420 kB
Inactive(anon):   179936 kB
Active(file):     430832 kB
Inactive(file):   429484 kB
Unevictable:        1580 kB
Mlocked:               0 kB
HighTotal:       1372556 kB
HighFree:          39916 kB
LowTotal:         587396 kB
LowFree:           83540 kB
SwapTotal:        262140 kB
SwapFree:         219168 kB
Dirty:              1060 kB
Writeback:             0 kB
AnonPages:        473324 kB
Mapped:           362120 kB
Shmem:               804 kB
Slab:              56116 kB
SReclaimable:      16940 kB
SUnreclaim:        39176 kB
KernelStack:       16416 kB
PageTables:        28456 kB
NFS_Unstable:          0 kB
Bounce:                0 kB
WritebackTmp:          0 kB
CommitLimit:     1242116 kB
Committed_AS:   56851344 kB
VmallocTotal:     409600 kB
VmallocUsed:       38404 kB
VmallocChunk:      86044 kB
Time pass: 284 sec

---2015-12-09 13:43:55
MemTotal:        1959952 kB
MemFree:          123328 kB
Buffers:            1776 kB
Cached:           860924 kB
SwapCached:         1504 kB
Active:           726620 kB
Inactive:         609420 kB
Active(anon):     295792 kB
Inactive(anon):   179932 kB
Active(file):     430828 kB
Inactive(file):   429488 kB
Unevictable:        1580 kB
Mlocked:               0 kB
HighTotal:       1372556 kB
HighFree:          39112 kB
LowTotal:         587396 kB
LowFree:           84216 kB
SwapTotal:        262140 kB
SwapFree:         219168 kB
Dirty:              1080 kB
Writeback:             0 kB
AnonPages:        474704 kB
Mapped:           362196 kB
Shmem:               804 kB
Slab:              56212 kB
SReclaimable:      16940 kB
SUnreclaim:        39272 kB
KernelStack:       16432 kB
PageTables:        28456 kB
NFS_Unstable:          0 kB
Bounce:                0 kB
WritebackTmp:          0 kB
CommitLimit:     1242116 kB
Committed_AS:   56853484 kB
VmallocTotal:     409600 kB
VmallocUsed:       38404 kB
VmallocChunk:      86044 kB
Time pass: 288 sec

---2015-12-09 13:43:55
MemTotal:        1959952 kB
MemFree:          122648 kB
Buffers:            1776 kB
Cached:           860924 kB
SwapCached:         1504 kB
Active:           727032 kB
Inactive:         609420 kB
Active(anon):     296204 kB
Inactive(anon):   179932 kB
Active(file):     430828 kB
Inactive(file):   429488 kB
Unevictable:        1580 kB
Mlocked:               0 kB
HighTotal:       1372556 kB
HighFree:          38744 kB
LowTotal:         587396 kB
LowFree:           83904 kB
SwapTotal:        262140 kB
SwapFree:         219168 kB
Dirty:              1080 kB
Writeback:             0 kB
AnonPages:        475104 kB
Mapped:           362120 kB
Shmem:               804 kB
Slab:              56212 kB
SReclaimable:      16940 kB
SUnreclaim:        39272 kB
KernelStack:       16416 kB
PageTables:        28460 kB
NFS_Unstable:          0 kB
Bounce:                0 kB
WritebackTmp:          0 kB
CommitLimit:     1242116 kB
Committed_AS:   56853544 kB
VmallocTotal:     409600 kB
VmallocUsed:       38404 kB
VmallocChunk:      86044 kB
Time pass: 292 sec

---2015-12-09 13:43:55
MemTotal:        1959952 kB
MemFree:          121688 kB
Buffers:            1776 kB
Cached:           860924 kB
SwapCached:         1504 kB
Active:           727964 kB
Inactive:         609420 kB
Active(anon):     297136 kB
Inactive(anon):   179932 kB
Active(file):     430828 kB
Inactive(file):   429488 kB
Unevictable:        1580 kB
Mlocked:               0 kB
HighTotal:       1372556 kB
HighFree:          37192 kB
LowTotal:         587396 kB
LowFree:           84496 kB
SwapTotal:        262140 kB
SwapFree:         219168 kB
Dirty:              1080 kB
Writeback:             0 kB
AnonPages:        476088 kB
Mapped:           362120 kB
Shmem:               804 kB
Slab:              56216 kB
SReclaimable:      16940 kB
SUnreclaim:        39276 kB
KernelStack:       16416 kB
PageTables:        28456 kB
NFS_Unstable:          0 kB
Bounce:                0 kB
WritebackTmp:          0 kB
CommitLimit:     1242116 kB
Committed_AS:   56853600 kB
VmallocTotal:     409600 kB
VmallocUsed:       38404 kB
VmallocChunk:      86044 kB
Time pass: 296 sec

---2015-12-09 13:43:55
MemTotal:        1959952 kB
MemFree:          117700 kB
Buffers:            1776 kB
Cached:           860924 kB
SwapCached:         1504 kB
Active:           731800 kB
Inactive:         609420 kB
Active(anon):     300972 kB
Inactive(anon):   179932 kB
Active(file):     430828 kB
Inactive(file):   429488 kB
Unevictable:        1580 kB
Mlocked:               0 kB
HighTotal:       1372556 kB
HighFree:          33756 kB
LowTotal:         587396 kB
LowFree:           83944 kB
SwapTotal:        262140 kB
SwapFree:         219168 kB
Dirty:              1080 kB
Writeback:             0 kB
AnonPages:        479964 kB
Mapped:           366152 kB
Shmem:               804 kB
Slab:              56376 kB
SReclaimable:      16940 kB
SUnreclaim:        39436 kB
KernelStack:       16416 kB
PageTables:        28604 kB
NFS_Unstable:          0 kB
Bounce:                0 kB
WritebackTmp:          0 kB
CommitLimit:     1242116 kB
Committed_AS:   57815468 kB
VmallocTotal:     409600 kB
VmallocUsed:       39424 kB
VmallocChunk:      86044 kB
Time pass: 299 sec

---2015-12-09 13:43:55
MemTotal:        1959952 kB
MemFree:          120492 kB
Buffers:            1776 kB
Cached:           860924 kB
SwapCached:         1504 kB
Active:           729392 kB
Inactive:         609416 kB
Active(anon):     298564 kB
Inactive(anon):   179928 kB
Active(file):     430828 kB
Inactive(file):   429488 kB
Unevictable:        1580 kB
Mlocked:               0 kB
HighTotal:       1372556 kB
HighFree:          35840 kB
LowTotal:         587396 kB
LowFree:           84652 kB
SwapTotal:        262140 kB
SwapFree:         219168 kB
Dirty:              1080 kB
Writeback:             0 kB
AnonPages:        477356 kB
Mapped:           362120 kB
Shmem:               804 kB
Slab:              56276 kB
SReclaimable:      16940 kB
SUnreclaim:        39336 kB
KernelStack:       16424 kB
PageTables:        28452 kB
NFS_Unstable:          0 kB
Bounce:                0 kB
WritebackTmp:          0 kB
CommitLimit:     1242116 kB
Committed_AS:   56853788 kB
VmallocTotal:     409600 kB
VmallocUsed:       38404 kB
VmallocChunk:      86044 kB
Time pass: 303 sec

---2015-12-09 13:43:55
MemTotal:        1959952 kB
MemFree:          119204 kB
Buffers:            1776 kB
Cached:           861484 kB
SwapCached:         1504 kB
Active:           730128 kB
Inactive:         609684 kB
Active(anon):     299276 kB
Inactive(anon):   179644 kB
Active(file):     430852 kB
Inactive(file):   430040 kB
Unevictable:        1580 kB
Mlocked:               0 kB
HighTotal:       1372556 kB
HighFree:          34848 kB
LowTotal:         587396 kB
LowFree:           84356 kB
SwapTotal:        262140 kB
SwapFree:         219168 kB
Dirty:              1080 kB
Writeback:             0 kB
AnonPages:        478184 kB
Mapped:           362068 kB
Shmem:               808 kB
Slab:              56308 kB
SReclaimable:      16940 kB
SUnreclaim:        39368 kB
KernelStack:       16432 kB
PageTables:        28472 kB
NFS_Unstable:          0 kB
Bounce:                0 kB
WritebackTmp:          0 kB
CommitLimit:     1242116 kB
Committed_AS:   56842548 kB
VmallocTotal:     409600 kB
VmallocUsed:       38404 kB
VmallocChunk:      86044 kB
Time pass: 307 sec

---2015-12-09 13:43:55
MemTotal:        1959952 kB
MemFree:          118132 kB
Buffers:            1776 kB
Cached:           861836 kB
SwapCached:         1504 kB
Active:           730536 kB
Inactive:         610012 kB
Active(anon):     299684 kB
Inactive(anon):   179716 kB
Active(file):     430852 kB
Inactive(file):   430296 kB
Unevictable:        1580 kB
Mlocked:               0 kB
HighTotal:       1372556 kB
HighFree:          33880 kB
LowTotal:         587396 kB
LowFree:           84252 kB
SwapTotal:        262140 kB
SwapFree:         219168 kB
Dirty:              1084 kB
Writeback:             0 kB
AnonPages:        478124 kB
Mapped:           362376 kB
Shmem:               884 kB
Slab:              56428 kB
SReclaimable:      16940 kB
SUnreclaim:        39488 kB
KernelStack:       16416 kB
PageTables:        28444 kB
NFS_Unstable:          0 kB
Bounce:                0 kB
WritebackTmp:          0 kB
CommitLimit:     1242116 kB
Committed_AS:   56840672 kB
VmallocTotal:     409600 kB
VmallocUsed:       38404 kB
VmallocChunk:      86044 kB
Time pass: 311 sec

---2015-12-09 13:43:55
MemTotal:        1959952 kB
MemFree:          122184 kB
Buffers:            1776 kB
Cached:           861856 kB
SwapCached:         1504 kB
Active:           725872 kB
Inactive:         610016 kB
Active(anon):     295020 kB
Inactive(anon):   179720 kB
Active(file):     430852 kB
Inactive(file):   430296 kB
Unevictable:        1580 kB
Mlocked:               0 kB
HighTotal:       1372556 kB
HighFree:          35628 kB
LowTotal:         587396 kB
LowFree:           86556 kB
SwapTotal:        262140 kB
SwapFree:         219168 kB
Dirty:              1096 kB
Writeback:             0 kB
AnonPages:        473704 kB
Mapped:           362344 kB
Shmem:               904 kB
Slab:              56332 kB
SReclaimable:      16940 kB
SUnreclaim:        39392 kB
KernelStack:       16408 kB
PageTables:        28428 kB
NFS_Unstable:          0 kB
Bounce:                0 kB
WritebackTmp:          0 kB
CommitLimit:     1242116 kB
Committed_AS:   56841656 kB
VmallocTotal:     409600 kB
VmallocUsed:       38404 kB
VmallocChunk:      86044 kB
Time pass: 316 sec

---2015-12-09 13:43:55
MemTotal:        1959952 kB
MemFree:          121540 kB
Buffers:            1776 kB
Cached:           861856 kB
SwapCached:         1504 kB
Active:           727192 kB
Inactive:         610008 kB
Active(anon):     296336 kB
Inactive(anon):   179716 kB
Active(file):     430856 kB
Inactive(file):   430292 kB
Unevictable:        1580 kB
Mlocked:               0 kB
HighTotal:       1372556 kB
HighFree:          31248 kB
LowTotal:         587396 kB
LowFree:           90292 kB
SwapTotal:        262140 kB
SwapFree:         219168 kB
Dirty:              1076 kB
Writeback:             0 kB
AnonPages:        474764 kB
Mapped:           362320 kB
Shmem:               904 kB
Slab:              56272 kB
SReclaimable:      16940 kB
SUnreclaim:        39332 kB
KernelStack:       16424 kB
PageTables:        28452 kB
NFS_Unstable:          0 kB
Bounce:                0 kB
WritebackTmp:          0 kB
CommitLimit:     1242116 kB
Committed_AS:   56842620 kB
VmallocTotal:     409600 kB
VmallocUsed:       38404 kB
VmallocChunk:      86044 kB
Time pass: 320 sec

---2015-12-09 13:43:55
MemTotal:        1959952 kB
MemFree:          125228 kB
Buffers:            1776 kB
Cached:           861856 kB
SwapCached:         1504 kB
Active:           723880 kB
Inactive:         610012 kB
Active(anon):     293028 kB
Inactive(anon):   179716 kB
Active(file):     430852 kB
Inactive(file):   430296 kB
Unevictable:        1580 kB
Mlocked:               0 kB
HighTotal:       1372556 kB
HighFree:          34988 kB
LowTotal:         587396 kB
LowFree:           90240 kB
SwapTotal:        262140 kB
SwapFree:         219168 kB
Dirty:              1096 kB
Writeback:             0 kB
AnonPages:        471584 kB
Mapped:           362320 kB
Shmem:               904 kB
Slab:              56336 kB
SReclaimable:      16940 kB
SUnreclaim:        39396 kB
KernelStack:       16424 kB
PageTables:        28448 kB
NFS_Unstable:          0 kB
Bounce:                0 kB
WritebackTmp:          0 kB
CommitLimit:     1242116 kB
Committed_AS:   56843616 kB
VmallocTotal:     409600 kB
VmallocUsed:       38404 kB
VmallocChunk:      86044 kB
Time pass: 324 sec

---2015-12-09 13:43:55
MemTotal:        1959952 kB
MemFree:          124136 kB
Buffers:            1776 kB
Cached:           862308 kB
SwapCached:         1504 kB
Active:           723980 kB
Inactive:         610452 kB
Active(anon):     293116 kB
Inactive(anon):   179896 kB
Active(file):     430864 kB
Inactive(file):   430556 kB
Unevictable:        1580 kB
Mlocked:               0 kB
HighTotal:       1372556 kB
HighFree:          34452 kB
LowTotal:         587396 kB
LowFree:           89684 kB
SwapTotal:        262140 kB
SwapFree:         219168 kB
Dirty:              1352 kB
Writeback:             0 kB
AnonPages:        471604 kB
Mapped:           362492 kB
Shmem:              1084 kB
Slab:              56208 kB
SReclaimable:      16940 kB
SUnreclaim:        39268 kB
KernelStack:       16544 kB
PageTables:        28508 kB
NFS_Unstable:          0 kB
Bounce:                0 kB
WritebackTmp:          0 kB
CommitLimit:     1242116 kB
Committed_AS:   56843292 kB
VmallocTotal:     409600 kB
VmallocUsed:       38404 kB
VmallocChunk:      86044 kB
Time pass: 328 sec

---2015-12-09 13:43:55
MemTotal:        1959952 kB
MemFree:          124824 kB
Buffers:            1776 kB
Cached:           862308 kB
SwapCached:         1504 kB
Active:           723772 kB
Inactive:         610452 kB
Active(anon):     292908 kB
Inactive(anon):   179896 kB
Active(file):     430864 kB
Inactive(file):   430556 kB
Unevictable:        1580 kB
Mlocked:               0 kB
HighTotal:       1372556 kB
HighFree:          34620 kB
LowTotal:         587396 kB
LowFree:           90204 kB
SwapTotal:        262140 kB
SwapFree:         219168 kB
Dirty:              1352 kB
Writeback:             0 kB
AnonPages:        471520 kB
Mapped:           362500 kB
Shmem:              1084 kB
Slab:              56116 kB
SReclaimable:      16940 kB
SUnreclaim:        39176 kB
KernelStack:       16424 kB
PageTables:        28448 kB
NFS_Unstable:          0 kB
Bounce:                0 kB
WritebackTmp:          0 kB
CommitLimit:     1242116 kB
Committed_AS:   56843280 kB
VmallocTotal:     409600 kB
VmallocUsed:       38404 kB
VmallocChunk:      86044 kB
Time pass: 332 sec

---2015-12-09 13:43:55
MemTotal:        1959952 kB
MemFree:          124916 kB
Buffers:            1776 kB
Cached:           862308 kB
SwapCached:         1504 kB
Active:           724176 kB
Inactive:         610452 kB
Active(anon):     293312 kB
Inactive(anon):   179896 kB
Active(file):     430864 kB
Inactive(file):   430556 kB
Unevictable:        1580 kB
Mlocked:               0 kB
HighTotal:       1372556 kB
HighFree:          34616 kB
LowTotal:         587396 kB
LowFree:           90300 kB
SwapTotal:        262140 kB
SwapFree:         219168 kB
Dirty:              1352 kB
Writeback:             0 kB
AnonPages:        471952 kB
Mapped:           362500 kB
Shmem:              1084 kB
Slab:              56276 kB
SReclaimable:      16940 kB
SUnreclaim:        39336 kB
KernelStack:       16416 kB
PageTables:        28448 kB
NFS_Unstable:          0 kB
Bounce:                0 kB
WritebackTmp:          0 kB
CommitLimit:     1242116 kB
Committed_AS:   56843356 kB
VmallocTotal:     409600 kB
VmallocUsed:       38404 kB
VmallocChunk:      86044 kB
Time pass: 336 sec

---2015-12-09 13:43:55
MemTotal:        1959952 kB
MemFree:          124484 kB
Buffers:            1776 kB
Cached:           862308 kB
SwapCached:         1504 kB
Active:           724600 kB
Inactive:         610452 kB
Active(anon):     293736 kB
Inactive(anon):   179896 kB
Active(file):     430864 kB
Inactive(file):   430556 kB
Unevictable:        1580 kB
Mlocked:               0 kB
HighTotal:       1372556 kB
HighFree:          34088 kB
LowTotal:         587396 kB
LowFree:           90396 kB
SwapTotal:        262140 kB
SwapFree:         219168 kB
Dirty:              1352 kB
Writeback:             0 kB
AnonPages:        472232 kB
Mapped:           362500 kB
Shmem:              1084 kB
Slab:              56180 kB
SReclaimable:      16940 kB
SUnreclaim:        39240 kB
KernelStack:       16416 kB
PageTables:        28444 kB
NFS_Unstable:          0 kB
Bounce:                0 kB
WritebackTmp:          0 kB
CommitLimit:     1242116 kB
Committed_AS:   56843576 kB
VmallocTotal:     409600 kB
VmallocUsed:       38404 kB
VmallocChunk:      86044 kB
Time pass: 340 sec

---2015-12-09 13:43:55
MemTotal:        1959952 kB
MemFree:          123452 kB
Buffers:            1776 kB
Cached:           862308 kB
SwapCached:         1504 kB
Active:           725332 kB
Inactive:         610456 kB
Active(anon):     294472 kB
Inactive(anon):   179896 kB
Active(file):     430860 kB
Inactive(file):   430560 kB
Unevictable:        1580 kB
Mlocked:               0 kB
HighTotal:       1372556 kB
HighFree:          33344 kB
LowTotal:         587396 kB
LowFree:           90108 kB
SwapTotal:        262140 kB
SwapFree:         219168 kB
Dirty:              1372 kB
Writeback:             0 kB
AnonPages:        472916 kB
Mapped:           362500 kB
Shmem:              1084 kB
Slab:              56248 kB
SReclaimable:      16940 kB
SUnreclaim:        39308 kB
KernelStack:       16416 kB
PageTables:        28448 kB
NFS_Unstable:          0 kB
Bounce:                0 kB
WritebackTmp:          0 kB
CommitLimit:     1242116 kB
Committed_AS:   56843568 kB
VmallocTotal:     409600 kB
VmallocUsed:       38404 kB
VmallocChunk:      86044 kB
Time pass: 344 sec

---2015-12-09 13:43:55
MemTotal:        1959952 kB
MemFree:          122388 kB
Buffers:            1776 kB
Cached:           862308 kB
SwapCached:         1504 kB
Active:           726380 kB
Inactive:         610456 kB
Active(anon):     295520 kB
Inactive(anon):   179896 kB
Active(file):     430860 kB
Inactive(file):   430560 kB
Unevictable:        1580 kB
Mlocked:               0 kB
HighTotal:       1372556 kB
HighFree:          32116 kB
LowTotal:         587396 kB
LowFree:           90272 kB
SwapTotal:        262140 kB
SwapFree:         219168 kB
Dirty:              1372 kB
Writeback:             0 kB
AnonPages:        474176 kB
Mapped:           362500 kB
Shmem:              1084 kB
Slab:              56184 kB
SReclaimable:      16940 kB
SUnreclaim:        39244 kB
KernelStack:       16416 kB
PageTables:        28444 kB
NFS_Unstable:          0 kB
Bounce:                0 kB
WritebackTmp:          0 kB
CommitLimit:     1242116 kB
Committed_AS:   56843644 kB
VmallocTotal:     409600 kB
VmallocUsed:       38404 kB
VmallocChunk:      86044 kB
Time pass: 348 sec

---2015-12-09 13:43:55
MemTotal:        1959952 kB
MemFree:          120604 kB
Buffers:            1776 kB
Cached:           862552 kB
SwapCached:         1504 kB
Active:           727412 kB
Inactive:         610700 kB
Active(anon):     296552 kB
Inactive(anon):   179896 kB
Active(file):     430860 kB
Inactive(file):   430804 kB
Unevictable:        1580 kB
Mlocked:               0 kB
HighTotal:       1372556 kB
HighFree:          30256 kB
LowTotal:         587396 kB
LowFree:           90348 kB
SwapTotal:        262140 kB
SwapFree:         219168 kB
Dirty:              1384 kB
Writeback:             0 kB
AnonPages:        475156 kB
Mapped:           362436 kB
Shmem:              1084 kB
Slab:              56216 kB
SReclaimable:      16940 kB
SUnreclaim:        39276 kB
KernelStack:       16432 kB
PageTables:        28468 kB
NFS_Unstable:          0 kB
Bounce:                0 kB
WritebackTmp:          0 kB
CommitLimit:     1242116 kB
Committed_AS:   56843780 kB
VmallocTotal:     409600 kB
VmallocUsed:       38404 kB
VmallocChunk:      86044 kB
Time pass: 352 sec

---2015-12-09 13:43:55
MemTotal:        1959952 kB
MemFree:          119908 kB
Buffers:            1776 kB
Cached:           862552 kB
SwapCached:         1504 kB
Active:           728864 kB
Inactive:         610692 kB
Active(anon):     297996 kB
Inactive(anon):   179896 kB
Active(file):     430868 kB
Inactive(file):   430796 kB
Unevictable:        1580 kB
Mlocked:               0 kB
HighTotal:       1372556 kB
HighFree:          29536 kB
LowTotal:         587396 kB
LowFree:           90372 kB
SwapTotal:        262140 kB
SwapFree:         219168 kB
Dirty:              1384 kB
Writeback:             0 kB
AnonPages:        476448 kB
Mapped:           362528 kB
Shmem:              1084 kB
Slab:              56216 kB
SReclaimable:      16940 kB
SUnreclaim:        39276 kB
KernelStack:       16432 kB
PageTables:        28444 kB
NFS_Unstable:          0 kB
Bounce:                0 kB
WritebackTmp:          0 kB
CommitLimit:     1242116 kB
Committed_AS:   56844092 kB
VmallocTotal:     409600 kB
VmallocUsed:       38404 kB
VmallocChunk:      86044 kB
Time pass: 357 sec

---2015-12-09 13:43:55
MemTotal:        1959952 kB
MemFree:          118936 kB
Buffers:            1776 kB
Cached:           862552 kB
SwapCached:         1504 kB
Active:           729660 kB
Inactive:         610692 kB
Active(anon):     298796 kB
Inactive(anon):   179896 kB
Active(file):     430864 kB
Inactive(file):   430796 kB
Unevictable:        1580 kB
Mlocked:               0 kB
HighTotal:       1372556 kB
HighFree:          28296 kB
LowTotal:         587396 kB
LowFree:           90640 kB
SwapTotal:        262140 kB
SwapFree:         219168 kB
Dirty:              1376 kB
Writeback:             0 kB
AnonPages:        477472 kB
Mapped:           362612 kB
