---2015-12-03 21:52:43
MemTotal:        1959952 kB
MemFree:          116292 kB
Buffers:            4900 kB
Cached:          1200532 kB
SwapCached:          396 kB
Active:           843084 kB
Inactive:         761744 kB
Active(anon):     241248 kB
Inactive(anon):   159192 kB
Active(file):     601836 kB
Inactive(file):   602552 kB
Unevictable:         804 kB
Mlocked:               0 kB
HighTotal:       1372556 kB
HighFree:          37408 kB
LowTotal:         587396 kB
LowFree:           78884 kB
SwapTotal:        262140 kB
SwapFree:         243844 kB
Dirty:               596 kB
Writeback:            48 kB
AnonPages:        400772 kB
Mapped:           277728 kB
Shmem:               120 kB
Slab:              55260 kB
SReclaimable:      16784 kB
SUnreclaim:        38476 kB
KernelStack:       15280 kB
PageTables:        27008 kB
NFS_Unstable:          0 kB
Bounce:                0 kB
WritebackTmp:          0 kB
CommitLimit:     1242116 kB
Committed_AS:   56709156 kB
VmallocTotal:     409600 kB
VmallocUsed:       38960 kB
VmallocChunk:     111644 kB
Time pass: 3 sec

---2015-12-03 21:52:43
MemTotal:        1959952 kB
MemFree:           90188 kB
Buffers:            4900 kB
Cached:          1213524 kB
SwapCached:          396 kB
Active:           856896 kB
Inactive:         774660 kB
Active(anon):     255008 kB
Inactive(anon):   159156 kB
Active(file):     601888 kB
Inactive(file):   615504 kB
Unevictable:         804 kB
Mlocked:               0 kB
HighTotal:       1372556 kB
HighFree:          23772 kB
LowTotal:         587396 kB
LowFree:           66416 kB
SwapTotal:        262140 kB
SwapFree:         243844 kB
Dirty:               560 kB
Writeback:             0 kB
AnonPages:        414384 kB
Mapped:           284436 kB
Shmem:               120 kB
Slab:              55256 kB
SReclaimable:      16808 kB
SUnreclaim:        38448 kB
KernelStack:       15552 kB
PageTables:        27440 kB
NFS_Unstable:          0 kB
Bounce:                0 kB
WritebackTmp:          0 kB
CommitLimit:     1242116 kB
Committed_AS:   57662052 kB
VmallocTotal:     409600 kB
VmallocUsed:       39980 kB
VmallocChunk:     107548 kB
Time pass: 6 sec

---2015-12-03 21:52:43
MemTotal:        1959952 kB
MemFree:           92432 kB
Buffers:            4900 kB
Cached:          1213764 kB
SwapCached:          396 kB
Active:           852748 kB
Inactive:         774892 kB
Active(anon):     250856 kB
Inactive(anon):   159152 kB
Active(file):     601892 kB
Inactive(file):   615740 kB
Unevictable:         804 kB
Mlocked:               0 kB
HighTotal:       1372556 kB
HighFree:          25900 kB
LowTotal:         587396 kB
LowFree:           66532 kB
SwapTotal:        262140 kB
SwapFree:         243844 kB
Dirty:               576 kB
Writeback:             0 kB
AnonPages:        409764 kB
Mapped:           284448 kB
Shmem:               120 kB
Slab:              55148 kB
SReclaimable:      16824 kB
SUnreclaim:        38324 kB
KernelStack:       15544 kB
PageTables:        27460 kB
NFS_Unstable:          0 kB
Bounce:                0 kB
WritebackTmp:          0 kB
CommitLimit:     1242116 kB
Committed_AS:   57661924 kB
VmallocTotal:     409600 kB
VmallocUsed:       39980 kB
VmallocChunk:     107548 kB
Time pass: 10 sec

---2015-12-03 21:52:43
MemTotal:        1959952 kB
MemFree:           92400 kB
Buffers:            4900 kB
Cached:          1213764 kB
SwapCached:          396 kB
Active:           853116 kB
Inactive:         774892 kB
Active(anon):     251224 kB
Inactive(anon):   159152 kB
Active(file):     601892 kB
Inactive(file):   615740 kB
Unevictable:         804 kB
Mlocked:               0 kB
HighTotal:       1372556 kB
HighFree:          25608 kB
LowTotal:         587396 kB
LowFree:           66792 kB
SwapTotal:        262140 kB
SwapFree:         243844 kB
Dirty:               584 kB
Writeback:             0 kB
AnonPages:        410008 kB
Mapped:           284460 kB
Shmem:               120 kB
Slab:              54832 kB
SReclaimable:      16824 kB
SUnreclaim:        38008 kB
KernelStack:       15568 kB
PageTables:        27480 kB
NFS_Unstable:          0 kB
Bounce:                0 kB
WritebackTmp:          0 kB
CommitLimit:     1242116 kB
Committed_AS:   57662012 kB
VmallocTotal:     409600 kB
VmallocUsed:       39980 kB
VmallocChunk:     107548 kB
Time pass: 14 sec

---2015-12-03 21:52:43
MemTotal:        1959952 kB
MemFree:           91848 kB
Buffers:            4900 kB
Cached:          1213764 kB
SwapCached:          396 kB
Active:           853028 kB
Inactive:         774892 kB
Active(anon):     251136 kB
Inactive(anon):   159152 kB
Active(file):     601892 kB
Inactive(file):   615740 kB
Unevictable:         804 kB
Mlocked:               0 kB
HighTotal:       1372556 kB
HighFree:          25672 kB
LowTotal:         587396 kB
LowFree:           66176 kB
SwapTotal:        262140 kB
SwapFree:         243844 kB
Dirty:               584 kB
Writeback:             0 kB
AnonPages:        410128 kB
Mapped:           284448 kB
Shmem:               120 kB
Slab:              55712 kB
SReclaimable:      16824 kB
SUnreclaim:        38888 kB
KernelStack:       15544 kB
PageTables:        27460 kB
NFS_Unstable:          0 kB
Bounce:                0 kB
WritebackTmp:          0 kB
CommitLimit:     1242116 kB
Committed_AS:   57662012 kB
VmallocTotal:     409600 kB
VmallocUsed:       39980 kB
VmallocChunk:     107548 kB
Time pass: 17 sec

---2015-12-03 21:52:43
MemTotal:        1959952 kB
MemFree:           89280 kB
Buffers:            4568 kB
Cached:          1202260 kB
SwapCached:          496 kB
Active:           844004 kB
Inactive:         777300 kB
Active(anon):     251796 kB
Inactive(anon):   164704 kB
Active(file):     592208 kB
Inactive(file):   612596 kB
Unevictable:        1460 kB
Mlocked:               0 kB
HighTotal:       1372556 kB
HighFree:          23940 kB
LowTotal:         587396 kB
LowFree:           65340 kB
SwapTotal:        262140 kB
SwapFree:         242520 kB
Dirty:               604 kB
Writeback:            24 kB
AnonPages:        417152 kB
Mapped:           295728 kB
Shmem:               124 kB
Slab:              55848 kB
SReclaimable:      16856 kB
SUnreclaim:        38992 kB
KernelStack:       15680 kB
PageTables:        28152 kB
NFS_Unstable:          0 kB
Bounce:                0 kB
WritebackTmp:          0 kB
CommitLimit:     1242116 kB
Committed_AS:   58656220 kB
VmallocTotal:     409600 kB
VmallocUsed:       41000 kB
VmallocChunk:      89116 kB
Time pass: 21 sec

---2015-12-03 21:52:43
MemTotal:        1959952 kB
MemFree:           85876 kB
Buffers:            2768 kB
Cached:          1104976 kB
SwapCached:          676 kB
Active:           827792 kB
Inactive:         725304 kB
Active(anon):     275684 kB
Inactive(anon):   173068 kB
Active(file):     552108 kB
Inactive(file):   552236 kB
Unevictable:        1580 kB
Mlocked:               0 kB
HighTotal:       1372556 kB
HighFree:          30000 kB
LowTotal:         587396 kB
LowFree:           55876 kB
SwapTotal:        262140 kB
SwapFree:         232640 kB
Dirty:              1064 kB
Writeback:            12 kB
AnonPages:        448020 kB
Mapped:           316148 kB
Shmem:              1124 kB
Slab:              55448 kB
SReclaimable:      16536 kB
SUnreclaim:        38912 kB
KernelStack:       16552 kB
PageTables:        28784 kB
NFS_Unstable:          0 kB
Bounce:                0 kB
WritebackTmp:          0 kB
CommitLimit:     1242116 kB
Committed_AS:   59636632 kB
VmallocTotal:     409600 kB
VmallocUsed:       41264 kB
VmallocChunk:      89116 kB
Time pass: 25 sec

---2015-12-03 21:52:43
MemTotal:        1959952 kB
MemFree:          106100 kB
Buffers:            2768 kB
Cached:          1064084 kB
SwapCached:          696 kB
Active:           795636 kB
Inactive:         705020 kB
Active(anon):     264164 kB
Inactive(anon):   172412 kB
Active(file):     531472 kB
Inactive(file):   532608 kB
Unevictable:        1580 kB
Mlocked:               0 kB
HighTotal:       1372556 kB
HighFree:          48800 kB
LowTotal:         587396 kB
LowFree:           57300 kB
SwapTotal:        262140 kB
SwapFree:         227300 kB
Dirty:               696 kB
Writeback:             0 kB
AnonPages:        435252 kB
Mapped:           310100 kB
Shmem:              1124 kB
Slab:              56296 kB
SReclaimable:      16864 kB
SUnreclaim:        39432 kB
KernelStack:       16592 kB
PageTables:        28780 kB
NFS_Unstable:          0 kB
Bounce:                0 kB
WritebackTmp:          0 kB
CommitLimit:     1242116 kB
Committed_AS:   59630676 kB
VmallocTotal:     409600 kB
VmallocUsed:       41468 kB
VmallocChunk:      89116 kB
Time pass: 28 sec

---2015-12-03 21:52:43
MemTotal:        1959952 kB
MemFree:           95324 kB
Buffers:            2768 kB
Cached:          1065928 kB
SwapCached:          836 kB
Active:           802444 kB
Inactive:         706096 kB
Active(anon):     270152 kB
Inactive(anon):   171528 kB
Active(file):     532292 kB
Inactive(file):   534568 kB
Unevictable:        1580 kB
Mlocked:               0 kB
HighTotal:       1372556 kB
HighFree:          38332 kB
LowTotal:         587396 kB
LowFree:           56992 kB
SwapTotal:        262140 kB
SwapFree:         227336 kB
Dirty:               444 kB
Writeback:             0 kB
AnonPages:        441756 kB
Mapped:           313412 kB
Shmem:               256 kB
Slab:              56300 kB
SReclaimable:      16792 kB
SUnreclaim:        39508 kB
KernelStack:       16792 kB
PageTables:        28768 kB
NFS_Unstable:          0 kB
Bounce:                0 kB
WritebackTmp:          0 kB
CommitLimit:     1242116 kB
Committed_AS:   59632972 kB
VmallocTotal:     409600 kB
VmallocUsed:       38556 kB
VmallocChunk:      89116 kB
Time pass: 32 sec

---2015-12-03 21:52:43
MemTotal:        1959952 kB
MemFree:          112196 kB
Buffers:            2768 kB
Cached:          1066092 kB
SwapCached:          836 kB
Active:           785016 kB
Inactive:         706256 kB
Active(anon):     252724 kB
Inactive(anon):   171524 kB
Active(file):     532292 kB
Inactive(file):   534732 kB
Unevictable:        1580 kB
Mlocked:               0 kB
HighTotal:       1372556 kB
HighFree:          53232 kB
LowTotal:         587396 kB
LowFree:           58964 kB
SwapTotal:        262140 kB
SwapFree:         227336 kB
Dirty:               448 kB
Writeback:             0 kB
AnonPages:        423652 kB
Mapped:           305392 kB
Shmem:               256 kB
Slab:              56032 kB
SReclaimable:      16792 kB
SUnreclaim:        39240 kB
KernelStack:       16576 kB
PageTables:        28244 kB
NFS_Unstable:          0 kB
Bounce:                0 kB
WritebackTmp:          0 kB
CommitLimit:     1242116 kB
Committed_AS:   58681844 kB
VmallocTotal:     409600 kB
VmallocUsed:       37536 kB
VmallocChunk:      89116 kB
Time pass: 36 sec

---2015-12-03 21:52:43
MemTotal:        1959952 kB
MemFree:           84052 kB
Buffers:            2772 kB
Cached:          1029992 kB
SwapCached:          872 kB
Active:           785952 kB
Inactive:         680020 kB
Active(anon):     264464 kB
Inactive(anon):   170576 kB
Active(file):     521488 kB
Inactive(file):   509444 kB
Unevictable:        1580 kB
Mlocked:               0 kB
HighTotal:       1372556 kB
HighFree:          26516 kB
LowTotal:         587396 kB
LowFree:           57536 kB
SwapTotal:        262140 kB
SwapFree:         226644 kB
Dirty:               552 kB
Writeback:             4 kB
AnonPages:        435172 kB
Mapped:           312460 kB
Shmem:               256 kB
Slab:              56128 kB
SReclaimable:      16928 kB
SUnreclaim:        39200 kB
KernelStack:       16632 kB
PageTables:        28396 kB
NFS_Unstable:          0 kB
Bounce:                0 kB
WritebackTmp:          0 kB
CommitLimit:     1242116 kB
Committed_AS:   58690044 kB
VmallocTotal:     409600 kB
VmallocUsed:       37700 kB
VmallocChunk:      89116 kB
Time pass: 39 sec

---2015-12-03 21:52:43
MemTotal:        1959952 kB
MemFree:           83104 kB
Buffers:            2772 kB
Cached:          1030432 kB
SwapCached:          872 kB
Active:           785360 kB
Inactive:         680280 kB
Active(anon):     263884 kB
Inactive(anon):   170436 kB
Active(file):     521476 kB
Inactive(file):   509844 kB
Unevictable:        1580 kB
Mlocked:               0 kB
HighTotal:       1372556 kB
HighFree:          26208 kB
LowTotal:         587396 kB
LowFree:           56896 kB
SwapTotal:        262140 kB
SwapFree:         226652 kB
Dirty:               536 kB
Writeback:             0 kB
AnonPages:        433560 kB
Mapped:           312856 kB
Shmem:               256 kB
Slab:              56436 kB
SReclaimable:      16928 kB
SUnreclaim:        39508 kB
KernelStack:       16640 kB
PageTables:        28476 kB
NFS_Unstable:          0 kB
Bounce:                0 kB
WritebackTmp:          0 kB
CommitLimit:     1242116 kB
Committed_AS:   58690448 kB
VmallocTotal:     409600 kB
VmallocUsed:       37700 kB
VmallocChunk:      89116 kB
Time pass: 43 sec

---2015-12-03 21:52:43
MemTotal:        1959952 kB
MemFree:          106824 kB
Buffers:            2772 kB
Cached:          1021888 kB
SwapCached:          872 kB
Active:           788764 kB
Inactive:         676428 kB
Active(anon):     271580 kB
Inactive(anon):   171188 kB
Active(file):     517184 kB
Inactive(file):   505240 kB
Unevictable:        1580 kB
Mlocked:               0 kB
HighTotal:       1372556 kB
HighFree:          39084 kB
LowTotal:         587396 kB
LowFree:           67740 kB
SwapTotal:        262140 kB
SwapFree:         226372 kB
Dirty:               584 kB
Writeback:             0 kB
AnonPages:        442264 kB
Mapped:           313784 kB
Shmem:               260 kB
Slab:              56548 kB
SReclaimable:      16964 kB
SUnreclaim:        39584 kB
KernelStack:       16632 kB
PageTables:        28412 kB
NFS_Unstable:          0 kB
Bounce:                0 kB
WritebackTmp:          0 kB
CommitLimit:     1242116 kB
Committed_AS:   58701088 kB
VmallocTotal:     409600 kB
VmallocUsed:       37656 kB
VmallocChunk:      89116 kB
Time pass: 47 sec

---2015-12-03 21:52:43
MemTotal:        1959952 kB
MemFree:          103716 kB
Buffers:            2772 kB
Cached:           994968 kB
SwapCached:          872 kB
Active:           788448 kB
Inactive:         659412 kB
Active(anon):     278896 kB
Inactive(anon):   173120 kB
Active(file):     509552 kB
Inactive(file):   486292 kB
Unevictable:        1580 kB
Mlocked:               0 kB
HighTotal:       1372556 kB
HighFree:          41204 kB
LowTotal:         587396 kB
LowFree:           62512 kB
SwapTotal:        262140 kB
SwapFree:         221940 kB
Dirty:              2700 kB
Writeback:             0 kB
AnonPages:        451772 kB
Mapped:           320992 kB
Shmem:               256 kB
Slab:              55968 kB
SReclaimable:      16832 kB
SUnreclaim:        39136 kB
KernelStack:       16504 kB
PageTables:        28140 kB
NFS_Unstable:          0 kB
Bounce:                0 kB
WritebackTmp:          0 kB
CommitLimit:     1242116 kB
Committed_AS:   57763472 kB
VmallocTotal:     409600 kB
VmallocUsed:       36736 kB
VmallocChunk:      89116 kB
Time pass: 51 sec

---2015-12-03 21:52:43
MemTotal:        1959952 kB
MemFree:           90196 kB
Buffers:            2772 kB
Cached:           995256 kB
SwapCached:          872 kB
Active:           781352 kB
Inactive:         659560 kB
Active(anon):     271680 kB
Inactive(anon):   173056 kB
Active(file):     509672 kB
Inactive(file):   486504 kB
Unevictable:        1580 kB
Mlocked:               0 kB
HighTotal:       1372556 kB
HighFree:          31292 kB
LowTotal:         587396 kB
LowFree:           58904 kB
SwapTotal:        262140 kB
SwapFree:         221944 kB
Dirty:              2688 kB
Writeback:             0 kB
AnonPages:        444500 kB
Mapped:           335236 kB
Shmem:               256 kB
Slab:              56408 kB
SReclaimable:      16976 kB
SUnreclaim:        39432 kB
KernelStack:       16496 kB
PageTables:        28156 kB
NFS_Unstable:          0 kB
Bounce:                0 kB
WritebackTmp:          0 kB
CommitLimit:     1242116 kB
Committed_AS:   57756384 kB
VmallocTotal:     409600 kB
VmallocUsed:       36820 kB
VmallocChunk:      89116 kB
Time pass: 54 sec

---2015-12-03 21:52:43
MemTotal:        1959952 kB
MemFree:          113128 kB
Buffers:            2772 kB
Cached:           963972 kB
SwapCached:          872 kB
Active:           752344 kB
Inactive:         657300 kB
Active(anon):     270500 kB
Inactive(anon):   174272 kB
Active(file):     481844 kB
Inactive(file):   483028 kB
Unevictable:        1580 kB
Mlocked:               0 kB
HighTotal:       1372556 kB
HighFree:          49692 kB
LowTotal:         587396 kB
LowFree:           63436 kB
SwapTotal:        262140 kB
SwapFree:         221248 kB
Dirty:               760 kB
Writeback:             0 kB
AnonPages:        444552 kB
Mapped:           338504 kB
Shmem:               256 kB
Slab:              56380 kB
SReclaimable:      16964 kB
SUnreclaim:        39416 kB
KernelStack:       16488 kB
PageTables:        28192 kB
NFS_Unstable:          0 kB
Bounce:                0 kB
WritebackTmp:          0 kB
CommitLimit:     1242116 kB
Committed_AS:   57757928 kB
VmallocTotal:     409600 kB
VmallocUsed:       36856 kB
VmallocChunk:      89116 kB
Time pass: 58 sec

---2015-12-03 21:52:43
MemTotal:        1959952 kB
MemFree:          112284 kB
Buffers:            2772 kB
Cached:           964136 kB
SwapCached:          872 kB
Active:           752252 kB
Inactive:         657484 kB
Active(anon):     270400 kB
Inactive(anon):   174268 kB
Active(file):     481852 kB
Inactive(file):   483216 kB
Unevictable:        1580 kB
Mlocked:               0 kB
HighTotal:       1372556 kB
HighFree:          49236 kB
LowTotal:         587396 kB
LowFree:           63048 kB
SwapTotal:        262140 kB
SwapFree:         221248 kB
Dirty:               872 kB
Writeback:             0 kB
AnonPages:        444856 kB
Mapped:           338656 kB
Shmem:               256 kB
Slab:              56712 kB
SReclaimable:      16996 kB
SUnreclaim:        39716 kB
KernelStack:       16488 kB
PageTables:        28184 kB
NFS_Unstable:          0 kB
Bounce:                0 kB
WritebackTmp:          0 kB
CommitLimit:     1242116 kB
Committed_AS:   57758168 kB
VmallocTotal:     409600 kB
VmallocUsed:       36856 kB
VmallocChunk:      89116 kB
Time pass: 62 sec

---2015-12-03 21:52:43
MemTotal:        1959952 kB
MemFree:          107428 kB
Buffers:            2772 kB
Cached:           965008 kB
SwapCached:          872 kB
Active:           758200 kB
Inactive:         657668 kB
Active(anon):     276084 kB
Inactive(anon):   174260 kB
Active(file):     482116 kB
Inactive(file):   483408 kB
Unevictable:        1580 kB
Mlocked:               0 kB
HighTotal:       1372556 kB
HighFree:          44388 kB
LowTotal:         587396 kB
LowFree:           63040 kB
SwapTotal:        262140 kB
SwapFree:         221248 kB
Dirty:              1008 kB
Writeback:             0 kB
AnonPages:        450420 kB
Mapped:           339040 kB
Shmem:               256 kB
Slab:              56896 kB
SReclaimable:      16996 kB
SUnreclaim:        39900 kB
KernelStack:       16480 kB
PageTables:        28196 kB
NFS_Unstable:          0 kB
Bounce:                0 kB
WritebackTmp:          0 kB
CommitLimit:     1242116 kB
Committed_AS:   57764416 kB
VmallocTotal:     409600 kB
VmallocUsed:       36856 kB
VmallocChunk:      89116 kB
Time pass: 65 sec

---2015-12-03 21:52:43
MemTotal:        1959952 kB
MemFree:           81228 kB
Buffers:            2772 kB
Cached:           965456 kB
SwapCached:          872 kB
Active:           761492 kB
Inactive:         658084 kB
Active(anon):     279004 kB
Inactive(anon):   174260 kB
Active(file):     482488 kB
Inactive(file):   483824 kB
Unevictable:        1580 kB
Mlocked:               0 kB
HighTotal:       1372556 kB
HighFree:          22720 kB
LowTotal:         587396 kB
LowFree:           58508 kB
SwapTotal:        262140 kB
SwapFree:         221256 kB
Dirty:              1364 kB
Writeback:             0 kB
AnonPages:        452872 kB
Mapped:           353100 kB
Shmem:               256 kB
Slab:              56592 kB
SReclaimable:      17004 kB
SUnreclaim:        39588 kB
KernelStack:       16496 kB
PageTables:        28260 kB
NFS_Unstable:          0 kB
Bounce:                0 kB
WritebackTmp:          0 kB
CommitLimit:     1242116 kB
Committed_AS:   57765616 kB
VmallocTotal:     409600 kB
VmallocUsed:       36932 kB
VmallocChunk:      89116 kB
Time pass: 69 sec

---2015-12-03 21:52:43
MemTotal:        1959952 kB
MemFree:          114944 kB
Buffers:            1588 kB
Cached:           924480 kB
SwapCached:          872 kB
Active:           756460 kB
Inactive:         630820 kB
Active(anon):     287376 kB
Inactive(anon):   175700 kB
Active(file):     469084 kB
Inactive(file):   455120 kB
Unevictable:        1580 kB
Mlocked:               0 kB
HighTotal:       1372556 kB
HighFree:          50936 kB
LowTotal:         587396 kB
LowFree:           64008 kB
SwapTotal:        262140 kB
SwapFree:         217708 kB
Dirty:               860 kB
Writeback:             0 kB
AnonPages:        462812 kB
Mapped:           356564 kB
Shmem:               256 kB
Slab:              56372 kB
SReclaimable:      16860 kB
SUnreclaim:        39512 kB
KernelStack:       16552 kB
PageTables:        28308 kB
NFS_Unstable:          0 kB
Bounce:                0 kB
WritebackTmp:          0 kB
CommitLimit:     1242116 kB
Committed_AS:   57785048 kB
VmallocTotal:     409600 kB
VmallocUsed:       36932 kB
VmallocChunk:      89116 kB
Time pass: 73 sec

---2015-12-03 21:52:43
MemTotal:        1959952 kB
MemFree:           82148 kB
Buffers:            1592 kB
Cached:           926216 kB
SwapCached:         1652 kB
Active:           761956 kB
Inactive:         633460 kB
Active(anon):     292844 kB
Inactive(anon):   176736 kB
Active(file):     469112 kB
Inactive(file):   456724 kB
Unevictable:        1580 kB
Mlocked:               0 kB
HighTotal:       1372556 kB
HighFree:          24364 kB
LowTotal:         587396 kB
LowFree:           57784 kB
SwapTotal:        262140 kB
SwapFree:         217852 kB
Dirty:               924 kB
Writeback:             0 kB
AnonPages:        469140 kB
Mapped:           354568 kB
Shmem:               392 kB
Slab:              56304 kB
SReclaimable:      16936 kB
SUnreclaim:        39368 kB
KernelStack:       16680 kB
PageTables:        28444 kB
NFS_Unstable:          0 kB
Bounce:                0 kB
WritebackTmp:          0 kB
CommitLimit:     1242116 kB
Committed_AS:   57801240 kB
VmallocTotal:     409600 kB
VmallocUsed:       39340 kB
VmallocChunk:      89116 kB
Time pass: 77 sec

---2015-12-03 21:52:43
MemTotal:        1959952 kB
MemFree:           89648 kB
Buffers:            1592 kB
Cached:           894400 kB
SwapCached:         1652 kB
Active:           741184 kB
Inactive:         623004 kB
Active(anon):     292168 kB
Inactive(anon):   178096 kB
Active(file):     449016 kB
Inactive(file):   444908 kB
Unevictable:        1580 kB
Mlocked:               0 kB
HighTotal:       1372556 kB
HighFree:          40356 kB
LowTotal:         587396 kB
LowFree:           49292 kB
SwapTotal:        262140 kB
SwapFree:         217156 kB
Dirty:               860 kB
Writeback:             0 kB
AnonPages:        469552 kB
Mapped:           355108 kB
Shmem:               488 kB
Slab:              56016 kB
SReclaimable:      16736 kB
SUnreclaim:        39280 kB
KernelStack:       16688 kB
PageTables:        28584 kB
NFS_Unstable:          0 kB
Bounce:                0 kB
WritebackTmp:          0 kB
CommitLimit:     1242116 kB
Committed_AS:   57802044 kB
VmallocTotal:     409600 kB
VmallocUsed:       39340 kB
VmallocChunk:      89116 kB
Time pass: 81 sec

---2015-12-03 21:52:43
MemTotal:        1959952 kB
MemFree:           89248 kB
Buffers:            1592 kB
Cached:           894596 kB
SwapCached:         1652 kB
Active:           741228 kB
Inactive:         623192 kB
Active(anon):     292212 kB
Inactive(anon):   178196 kB
Active(file):     449016 kB
Inactive(file):   444996 kB
Unevictable:        1580 kB
Mlocked:               0 kB
HighTotal:       1372556 kB
HighFree:          39888 kB
LowTotal:         587396 kB
LowFree:           49360 kB
SwapTotal:        262140 kB
SwapFree:         217156 kB
Dirty:               860 kB
Writeback:             0 kB
AnonPages:        469924 kB
Mapped:           355288 kB
Shmem:               596 kB
Slab:              56200 kB
SReclaimable:      16784 kB
SUnreclaim:        39416 kB
KernelStack:       16656 kB
PageTables:        28580 kB
NFS_Unstable:          0 kB
Bounce:                0 kB
WritebackTmp:          0 kB
CommitLimit:     1242116 kB
Committed_AS:   57802024 kB
VmallocTotal:     409600 kB
VmallocUsed:       39340 kB
VmallocChunk:      89116 kB
Time pass: 85 sec

---2015-12-03 21:52:43
MemTotal:        1959952 kB
MemFree:           83756 kB
Buffers:            1592 kB
Cached:           897036 kB
SwapCached:         1652 kB
Active:           744500 kB
Inactive:         625564 kB
Active(anon):     295448 kB
Inactive(anon):   178212 kB
Active(file):     449052 kB
Inactive(file):   447352 kB
Unevictable:        1580 kB
Mlocked:               0 kB
HighTotal:       1372556 kB
HighFree:          34380 kB
LowTotal:         587396 kB
LowFree:           49376 kB
SwapTotal:        262140 kB
SwapFree:         217156 kB
Dirty:               868 kB
Writeback:             0 kB
AnonPages:        472996 kB
Mapped:           355716 kB
Shmem:               648 kB
Slab:              56028 kB
SReclaimable:      16784 kB
SUnreclaim:        39244 kB
KernelStack:       16640 kB
PageTables:        28576 kB
NFS_Unstable:          0 kB
Bounce:                0 kB
WritebackTmp:          0 kB
CommitLimit:     1242116 kB
Committed_AS:   57803612 kB
VmallocTotal:     409600 kB
VmallocUsed:       39340 kB
VmallocChunk:      89116 kB
Time pass: 89 sec

---2015-12-03 21:52:43
MemTotal:        1959952 kB
MemFree:           91556 kB
Buffers:            1708 kB
Cached:           900664 kB
SwapCached:         1652 kB
Active:           731536 kB
Inactive:         626112 kB
Active(anon):     282284 kB
Inactive(anon):   174944 kB
Active(file):     449252 kB
Inactive(file):   451168 kB
Unevictable:        1580 kB
Mlocked:               0 kB
HighTotal:       1372556 kB
HighFree:          42216 kB
LowTotal:         587396 kB
LowFree:           49340 kB
SwapTotal:        262140 kB
SwapFree:         217156 kB
Dirty:               968 kB
Writeback:             0 kB
AnonPages:        456948 kB
Mapped:           355752 kB
Shmem:               324 kB
Slab:              56256 kB
SReclaimable:      16784 kB
SUnreclaim:        39472 kB
KernelStack:       16536 kB
PageTables:        28456 kB
NFS_Unstable:          0 kB
Bounce:                0 kB
WritebackTmp:          0 kB
CommitLimit:     1242116 kB
Committed_AS:   57777644 kB
VmallocTotal:     409600 kB
VmallocUsed:       39340 kB
VmallocChunk:      89116 kB
Time pass: 93 sec

---2015-12-03 21:52:43
MemTotal:        1959952 kB
MemFree:          312804 kB
Buffers:            1708 kB
Cached:           898936 kB
SwapCached:         1708 kB
Active:           661616 kB
Inactive:         625908 kB
Active(anon):     212428 kB
Inactive(anon):   176152 kB
Active(file):     449188 kB
Inactive(file):   449756 kB
Unevictable:        1580 kB
Mlocked:               0 kB
HighTotal:       1372556 kB
HighFree:         190656 kB
LowTotal:         587396 kB
LowFree:          122148 kB
SwapTotal:        262140 kB
SwapFree:         217180 kB
Dirty:               168 kB
Writeback:             0 kB
AnonPages:        388376 kB
Mapped:           264636 kB
Shmem:               120 kB
Slab:              55908 kB
SReclaimable:      16744 kB
SUnreclaim:        39164 kB
KernelStack:       15728 kB
PageTables:        26588 kB
NFS_Unstable:          0 kB
Bounce:                0 kB
WritebackTmp:          0 kB
CommitLimit:     1242116 kB
Committed_AS:   55777120 kB
VmallocTotal:     409600 kB
VmallocUsed:       36552 kB
VmallocChunk:     107548 kB
Time pass: 97 sec

---2015-12-03 21:52:43
MemTotal:        1959952 kB
MemFree:          314724 kB
Buffers:            1708 kB
Cached:           899124 kB
SwapCached:         1696 kB
Active:           660452 kB
Inactive:         625108 kB
Active(anon):     211232 kB
Inactive(anon):   175196 kB
Active(file):     449220 kB
Inactive(file):   449912 kB
Unevictable:        1580 kB
Mlocked:               0 kB
HighTotal:       1372556 kB
HighFree:         191732 kB
LowTotal:         587396 kB
LowFree:          122992 kB
SwapTotal:        262140 kB
SwapFree:         217196 kB
Dirty:               256 kB
Writeback:             0 kB
AnonPages:        386200 kB
Mapped:           264636 kB
Shmem:               120 kB
Slab:              55832 kB
SReclaimable:      16744 kB
SUnreclaim:        39088 kB
KernelStack:       15728 kB
PageTables:        26588 kB
NFS_Unstable:          0 kB
Bounce:                0 kB
WritebackTmp:          0 kB
CommitLimit:     1242116 kB
Committed_AS:   55777076 kB
VmallocTotal:     409600 kB
VmallocUsed:       36552 kB
VmallocChunk:     107548 kB
Time pass: 101 sec

---2015-12-03 21:52:43
MemTotal:        1959952 kB
MemFree:          311840 kB
Buffers:            1708 kB
Cached:           899856 kB
SwapCached:         1712 kB
Active:           662392 kB
Inactive:         625740 kB
Active(anon):     213080 kB
Inactive(anon):   175212 kB
Active(file):     449312 kB
Inactive(file):   450528 kB
Unevictable:        1580 kB
Mlocked:               0 kB
HighTotal:       1372556 kB
HighFree:         189000 kB
LowTotal:         587396 kB
LowFree:          122840 kB
SwapTotal:        262140 kB
SwapFree:         217196 kB
Dirty:                84 kB
Writeback:             0 kB
AnonPages:        387840 kB
Mapped:           265788 kB
Shmem:               120 kB
Slab:              55848 kB
SReclaimable:      16752 kB
SUnreclaim:        39096 kB
KernelStack:       15856 kB
PageTables:        26944 kB
NFS_Unstable:          0 kB
Bounce:                0 kB
WritebackTmp:          0 kB
CommitLimit:     1242116 kB
Committed_AS:   56727068 kB
VmallocTotal:     409600 kB
VmallocUsed:       36552 kB
VmallocChunk:     107548 kB
Time pass: 105 sec

---2015-12-03 21:52:43
MemTotal:        1959952 kB
MemFree:          294324 kB
Buffers:            1708 kB
Cached:           899856 kB
SwapCached:         1712 kB
Active:           666196 kB
Inactive:         625708 kB
Active(anon):     216828 kB
Inactive(anon):   175212 kB
Active(file):     449368 kB
Inactive(file):   450496 kB
Unevictable:        1580 kB
Mlocked:               0 kB
HighTotal:       1372556 kB
HighFree:         166252 kB
LowTotal:         587396 kB
LowFree:          128072 kB
SwapTotal:        262140 kB
SwapFree:         217196 kB
Dirty:                88 kB
Writeback:             0 kB
AnonPages:        391924 kB
Mapped:           274304 kB
Shmem:               120 kB
Slab:              55872 kB
SReclaimable:      16816 kB
SUnreclaim:        39056 kB
KernelStack:       15696 kB
PageTables:        27124 kB
NFS_Unstable:          0 kB
Bounce:                0 kB
WritebackTmp:          0 kB
CommitLimit:     1242116 kB
Committed_AS:   57720380 kB
VmallocTotal:     409600 kB
VmallocUsed:       34212 kB
VmallocChunk:     107548 kB
Time pass: 108 sec

---2015-12-03 21:52:43
MemTotal:        1959952 kB
MemFree:          230084 kB
Buffers:            1708 kB
Cached:           900148 kB
SwapCached:         1724 kB
Active:           699296 kB
Inactive:         624064 kB
Active(anon):     247972 kB
Inactive(anon):   175304 kB
Active(file):     451324 kB
Inactive(file):   448760 kB
Unevictable:        1580 kB
Mlocked:               0 kB
HighTotal:       1372556 kB
HighFree:         128252 kB
LowTotal:         587396 kB
LowFree:          101832 kB
SwapTotal:        262140 kB
SwapFree:         217204 kB
Dirty:               176 kB
Writeback:             0 kB
AnonPages:        423152 kB
Mapped:           295088 kB
Shmem:               256 kB
Slab:              56564 kB
SReclaimable:      16848 kB
SUnreclaim:        39716 kB
KernelStack:       16368 kB
PageTables:        27884 kB
NFS_Unstable:          0 kB
Bounce:                0 kB
WritebackTmp:          0 kB
CommitLimit:     1242116 kB
Committed_AS:   57749856 kB
VmallocTotal:     409600 kB
VmallocUsed:       34408 kB
VmallocChunk:     107548 kB
Time pass: 112 sec

---2015-12-03 21:52:43
MemTotal:        1959952 kB
MemFree:          193632 kB
Buffers:            1708 kB
Cached:           900604 kB
SwapCached:         1772 kB
Active:           706508 kB
Inactive:         623036 kB
Active(anon):     255012 kB
Inactive(anon):   174088 kB
Active(file):     451496 kB
Inactive(file):   448948 kB
Unevictable:        1580 kB
Mlocked:               0 kB
HighTotal:       1372556 kB
HighFree:         112304 kB
LowTotal:         587396 kB
LowFree:           81328 kB
SwapTotal:        262140 kB
SwapFree:         217204 kB
Dirty:               396 kB
Writeback:             0 kB
AnonPages:        428796 kB
Mapped:           302172 kB
Shmem:               256 kB
Slab:              56700 kB
SReclaimable:      16872 kB
SUnreclaim:        39828 kB
KernelStack:       16440 kB
PageTables:        27996 kB
NFS_Unstable:          0 kB
Bounce:                0 kB
WritebackTmp:          0 kB
CommitLimit:     1242116 kB
Committed_AS:   57753580 kB
VmallocTotal:     409600 kB
VmallocUsed:       34532 kB
VmallocChunk:     107548 kB
Time pass: 116 sec

---2015-12-03 21:52:43
MemTotal:        1959952 kB
MemFree:          146148 kB
Buffers:            1708 kB
Cached:           902784 kB
SwapCached:         1772 kB
Active:           711928 kB
Inactive:         621364 kB
Active(anon):     256548 kB
Inactive(anon):   174088 kB
Active(file):     455380 kB
Inactive(file):   447276 kB
Unevictable:        1580 kB
Mlocked:               0 kB
HighTotal:       1372556 kB
HighFree:          81872 kB
LowTotal:         587396 kB
LowFree:           64276 kB
SwapTotal:        262140 kB
SwapFree:         217204 kB
Dirty:              2560 kB
Writeback:             0 kB
AnonPages:        430412 kB
Mapped:           327484 kB
Shmem:               256 kB
Slab:              56640 kB
SReclaimable:      16884 kB
SUnreclaim:        39756 kB
KernelStack:       16424 kB
PageTables:        28088 kB
NFS_Unstable:          0 kB
Bounce:                0 kB
WritebackTmp:          0 kB
CommitLimit:     1242116 kB
Committed_AS:   57755676 kB
VmallocTotal:     409600 kB
VmallocUsed:       34708 kB
VmallocChunk:     107548 kB
Time pass: 120 sec

---2015-12-03 21:52:43
MemTotal:        1959952 kB
MemFree:          131860 kB
Buffers:            1708 kB
Cached:           902948 kB
SwapCached:         1772 kB
Active:           713360 kB
Inactive:         621340 kB
Active(anon):     257840 kB
Inactive(anon):   174080 kB
Active(file):     455520 kB
Inactive(file):   447260 kB
Unevictable:        1580 kB
Mlocked:               0 kB
HighTotal:       1372556 kB
HighFree:          67708 kB
LowTotal:         587396 kB
LowFree:           64152 kB
SwapTotal:        262140 kB
SwapFree:         217204 kB
Dirty:               492 kB
Writeback:             0 kB
AnonPages:        431568 kB
Mapped:           338564 kB
Shmem:               256 kB
Slab:              56540 kB
SReclaimable:      16892 kB
SUnreclaim:        39648 kB
KernelStack:       16448 kB
PageTables:        28140 kB
NFS_Unstable:          0 kB
Bounce:                0 kB
WritebackTmp:          0 kB
CommitLimit:     1242116 kB
Committed_AS:   57756824 kB
VmallocTotal:     409600 kB
VmallocUsed:       34744 kB
VmallocChunk:     107548 kB
Time pass: 124 sec

---2015-12-03 21:52:43
MemTotal:        1959952 kB
MemFree:          110928 kB
Buffers:            1708 kB
Cached:           902960 kB
SwapCached:         1772 kB
Active:           719968 kB
Inactive:         621288 kB
Active(anon):     264348 kB
Inactive(anon):   174076 kB
Active(file):     455620 kB
Inactive(file):   447212 kB
Unevictable:        1580 kB
Mlocked:               0 kB
HighTotal:       1372556 kB
HighFree:          46804 kB
LowTotal:         587396 kB
LowFree:           64124 kB
SwapTotal:        262140 kB
SwapFree:         217212 kB
Dirty:               916 kB
Writeback:            12 kB
AnonPages:        437704 kB
Mapped:           350820 kB
Shmem:               256 kB
Slab:              56784 kB
SReclaimable:      16892 kB
SUnreclaim:        39892 kB
KernelStack:       16448 kB
PageTables:        28092 kB
NFS_Unstable:          0 kB
Bounce:                0 kB
WritebackTmp:          0 kB
CommitLimit:     1242116 kB
Committed_AS:   57762936 kB
VmallocTotal:     409600 kB
VmallocUsed:       34820 kB
VmallocChunk:     107548 kB
Time pass: 127 sec

---2015-12-03 21:52:43
MemTotal:        1959952 kB
MemFree:          108744 kB
Buffers:            1708 kB
Cached:           902968 kB
SwapCached:         1772 kB
Active:           719320 kB
Inactive:         621280 kB
Active(anon):     263684 kB
Inactive(anon):   174076 kB
Active(file):     455636 kB
Inactive(file):   447204 kB
Unevictable:        1580 kB
Mlocked:               0 kB
HighTotal:       1372556 kB
HighFree:          45124 kB
LowTotal:         587396 kB
LowFree:           63620 kB
SwapTotal:        262140 kB
SwapFree:         217212 kB
Dirty:               664 kB
Writeback:             0 kB
AnonPages:        437332 kB
Mapped:           353152 kB
Shmem:               256 kB
Slab:              56732 kB
SReclaimable:      16900 kB
SUnreclaim:        39832 kB
KernelStack:       16448 kB
PageTables:        28176 kB
NFS_Unstable:          0 kB
Bounce:                0 kB
WritebackTmp:          0 kB
CommitLimit:     1242116 kB
Committed_AS:   57760812 kB
VmallocTotal:     409600 kB
VmallocUsed:       34820 kB
VmallocChunk:     107548 kB
Time pass: 131 sec

---2015-12-03 21:52:43
MemTotal:        1959952 kB
MemFree:          108112 kB
Buffers:            1708 kB
Cached:           902968 kB
SwapCached:         1772 kB
Active:           719304 kB
Inactive:         621272 kB
Active(anon):     263660 kB
Inactive(anon):   174076 kB
Active(file):     455644 kB
Inactive(file):   447196 kB
Unevictable:        1580 kB
Mlocked:               0 kB
HighTotal:       1372556 kB
HighFree:          44440 kB
LowTotal:         587396 kB
LowFree:           63672 kB
SwapTotal:        262140 kB
SwapFree:         217212 kB
Dirty:               632 kB
Writeback:             0 kB
AnonPages:        437424 kB
Mapped:           353208 kB
Shmem:               256 kB
Slab:              56732 kB
SReclaimable:      16900 kB
SUnreclaim:        39832 kB
KernelStack:       16488 kB
PageTables:        28200 kB
NFS_Unstable:          0 kB
Bounce:                0 kB
WritebackTmp:          0 kB
CommitLimit:     1242116 kB
Committed_AS:   57760832 kB
VmallocTotal:     409600 kB
VmallocUsed:       34820 kB
VmallocChunk:     107548 kB
Time pass: 135 sec

---2015-12-03 21:52:43
MemTotal:        1959952 kB
MemFree:          107584 kB
Buffers:            1708 kB
Cached:           902972 kB
SwapCached:         1772 kB
Active:           720036 kB
Inactive:         621268 kB
Active(anon):     264392 kB
Inactive(anon):   174072 kB
Active(file):     455644 kB
Inactive(file):   447196 kB
Unevictable:        1580 kB
Mlocked:               0 kB
HighTotal:       1372556 kB
HighFree:          43820 kB
LowTotal:         587396 kB
LowFree:           63764 kB
SwapTotal:        262140 kB
SwapFree:         217212 kB
Dirty:               640 kB
Writeback:             0 kB
AnonPages:        438108 kB
Mapped:           354768 kB
Shmem:               256 kB
Slab:              56780 kB
SReclaimable:      16900 kB
SUnreclaim:        39880 kB
KernelStack:       16448 kB
PageTables:        28180 kB
NFS_Unstable:          0 kB
Bounce:                0 kB
WritebackTmp:          0 kB
CommitLimit:     1242116 kB
Committed_AS:   57767924 kB
VmallocTotal:     409600 kB
VmallocUsed:       34820 kB
VmallocChunk:     107548 kB
Time pass: 138 sec

---2015-12-03 21:52:43
MemTotal:        1959952 kB
MemFree:           96672 kB
Buffers:            1708 kB
Cached:           903128 kB
SwapCached:         1772 kB
Active:           732112 kB
Inactive:         620436 kB
Active(anon):     275480 kB
Inactive(anon):   174208 kB
Active(file):     456632 kB
Inactive(file):   446228 kB
Unevictable:        1580 kB
Mlocked:               0 kB
HighTotal:       1372556 kB
HighFree:          35368 kB
LowTotal:         587396 kB
LowFree:           61304 kB
SwapTotal:        262140 kB
SwapFree:         217212 kB
Dirty:               636 kB
Writeback:             0 kB
AnonPages:        449324 kB
Mapped:           356244 kB
Shmem:               396 kB
Slab:              56476 kB
SReclaimable:      16900 kB
SUnreclaim:        39576 kB
KernelStack:       16656 kB
PageTables:        28356 kB
NFS_Unstable:          0 kB
Bounce:                0 kB
WritebackTmp:          0 kB
CommitLimit:     1242116 kB
Committed_AS:   57791196 kB
VmallocTotal:     409600 kB
VmallocUsed:       37228 kB
VmallocChunk:     107548 kB
Time pass: 142 sec

---2015-12-03 21:52:43
MemTotal:        1959952 kB
MemFree:           94332 kB
Buffers:            1708 kB
Cached:           903240 kB
SwapCached:         1772 kB
Active:           734156 kB
Inactive:         620544 kB
Active(anon):     277524 kB
Inactive(anon):   174316 kB
Active(file):     456632 kB
Inactive(file):   446228 kB
Unevictable:        1580 kB
Mlocked:               0 kB
HighTotal:       1372556 kB
HighFree:          33140 kB
LowTotal:         587396 kB
LowFree:           61192 kB
SwapTotal:        262140 kB
SwapFree:         217212 kB
Dirty:               632 kB
Writeback:             4 kB
AnonPages:        451280 kB
Mapped:           356180 kB
Shmem:               508 kB
Slab:              56372 kB
SReclaimable:      16900 kB
SUnreclaim:        39472 kB
KernelStack:       16624 kB
PageTables:        28384 kB
NFS_Unstable:          0 kB
Bounce:                0 kB
WritebackTmp:          0 kB
CommitLimit:     1242116 kB
Committed_AS:   57792188 kB
VmallocTotal:     409600 kB
VmallocUsed:       37228 kB
VmallocChunk:     107548 kB
Time pass: 147 sec

---2015-12-03 21:52:43
MemTotal:        1959952 kB
MemFree:           93000 kB
Buffers:            1708 kB
Cached:           903268 kB
SwapCached:         1772 kB
Active:           734612 kB
Inactive:         620568 kB
Active(anon):     277976 kB
Inactive(anon):   174340 kB
Active(file):     456636 kB
Inactive(file):   446228 kB
Unevictable:        1580 kB
Mlocked:               0 kB
HighTotal:       1372556 kB
HighFree:          32028 kB
LowTotal:         587396 kB
LowFree:           60972 kB
SwapTotal:        262140 kB
SwapFree:         217212 kB
Dirty:               640 kB
Writeback:             0 kB
AnonPages:        451612 kB
Mapped:           356096 kB
Shmem:               532 kB
Slab:              56372 kB
SReclaimable:      16900 kB
SUnreclaim:        39472 kB
KernelStack:       16640 kB
PageTables:        28404 kB
NFS_Unstable:          0 kB
Bounce:                0 kB
WritebackTmp:          0 kB
CommitLimit:     1242116 kB
Committed_AS:   57792324 kB
VmallocTotal:     409600 kB
VmallocUsed:       37228 kB
VmallocChunk:     107548 kB
Time pass: 151 sec

---2015-12-03 21:52:43
MemTotal:        1959952 kB
MemFree:           92848 kB
Buffers:            1708 kB
Cached:           903300 kB
SwapCached:         1772 kB
Active:           734944 kB
Inactive:         620600 kB
Active(anon):     278308 kB
Inactive(anon):   174364 kB
Active(file):     456636 kB
Inactive(file):   446236 kB
Unevictable:        1580 kB
Mlocked:               0 kB
HighTotal:       1372556 kB
HighFree:          31780 kB
LowTotal:         587396 kB
LowFree:           61068 kB
SwapTotal:        262140 kB
SwapFree:         217212 kB
Dirty:               652 kB
Writeback:             0 kB
AnonPages:        451760 kB
Mapped:           356320 kB
Shmem:               556 kB
Slab:              56336 kB
SReclaimable:      16900 kB
SUnreclaim:        39436 kB
KernelStack:       16640 kB
PageTables:        28400 kB
NFS_Unstable:          0 kB
Bounce:                0 kB
WritebackTmp:          0 kB
CommitLimit:     1242116 kB
Committed_AS:   57792476 kB
VmallocTotal:     409600 kB
VmallocUsed:       37228 kB
VmallocChunk:     107548 kB
Time pass: 155 sec

---2015-12-03 21:52:43
MemTotal:        1959952 kB
MemFree:           92332 kB
Buffers:            1708 kB
Cached:           903300 kB
SwapCached:         1772 kB
Active:           735500 kB
Inactive:         620600 kB
Active(anon):     278864 kB
Inactive(anon):   174364 kB
Active(file):     456636 kB
Inactive(file):   446236 kB
Unevictable:        1580 kB
Mlocked:               0 kB
HighTotal:       1372556 kB
HighFree:          31532 kB
LowTotal:         587396 kB
LowFree:           60800 kB
SwapTotal:        262140 kB
SwapFree:         217212 kB
Dirty:               656 kB
Writeback:             0 kB
AnonPages:        452304 kB
Mapped:           356204 kB
Shmem:               556 kB
Slab:              56460 kB
SReclaimable:      16900 kB
SUnreclaim:        39560 kB
KernelStack:       16640 kB
PageTables:        28404 kB
NFS_Unstable:          0 kB
Bounce:                0 kB
WritebackTmp:          0 kB
CommitLimit:     1242116 kB
Committed_AS:   57792760 kB
VmallocTotal:     409600 kB
VmallocUsed:       37228 kB
VmallocChunk:     107548 kB
Time pass: 159 sec

---2015-12-03 21:52:43
MemTotal:        1959952 kB
MemFree:           91700 kB
Buffers:            1708 kB
Cached:           903560 kB
SwapCached:         1772 kB
Active:           735544 kB
Inactive:         620856 kB
Active(anon):     278904 kB
Inactive(anon):   174620 kB
Active(file):     456640 kB
Inactive(file):   446236 kB
Unevictable:        1580 kB
Mlocked:               0 kB
HighTotal:       1372556 kB
HighFree:          30912 kB
LowTotal:         587396 kB
LowFree:           60788 kB
SwapTotal:        262140 kB
SwapFree:         217212 kB
Dirty:               660 kB
Writeback:             0 kB
AnonPages:        452476 kB
Mapped:           356384 kB
Shmem:               812 kB
Slab:              56392 kB
SReclaimable:      16900 kB
SUnreclaim:        39492 kB
KernelStack:       16624 kB
PageTables:        28388 kB
NFS_Unstable:          0 kB
Bounce:                0 kB
WritebackTmp:          0 kB
CommitLimit:     1242116 kB
Committed_AS:   57793004 kB
VmallocTotal:     409600 kB
VmallocUsed:       37228 kB
VmallocChunk:     107548 kB
Time pass: 163 sec

---2015-12-03 21:52:43
MemTotal:        1959952 kB
MemFree:           91096 kB
Buffers:            1708 kB
Cached:           903824 kB
SwapCached:         1772 kB
Active:           735824 kB
Inactive:         621120 kB
Active(anon):     279184 kB
Inactive(anon):   174884 kB
Active(file):     456640 kB
Inactive(file):   446236 kB
Unevictable:        1580 kB
Mlocked:               0 kB
HighTotal:       1372556 kB
HighFree:          30416 kB
LowTotal:         587396 kB
LowFree:           60680 kB
SwapTotal:        262140 kB
SwapFree:         217212 kB
Dirty:               652 kB
Writeback:             8 kB
AnonPages:        452920 kB
Mapped:           356632 kB
Shmem:              1076 kB
Slab:              56356 kB
SReclaimable:      16900 kB
SUnreclaim:        39456 kB
KernelStack:       16640 kB
PageTables:        28384 kB
NFS_Unstable:          0 kB
Bounce:                0 kB
WritebackTmp:          0 kB
CommitLimit:     1242116 kB
Committed_AS:   57793252 kB
VmallocTotal:     409600 kB
VmallocUsed:       37228 kB
VmallocChunk:     107548 kB
Time pass: 167 sec

---2015-12-03 21:52:43
MemTotal:        1959952 kB
MemFree:           81636 kB
Buffers:            1708 kB
Cached:           903316 kB
SwapCached:         1772 kB
Active:           744912 kB
Inactive:         620536 kB
Active(anon):     288284 kB
Inactive(anon):   174288 kB
Active(file):     456628 kB
Inactive(file):   446248 kB
Unevictable:        1580 kB
Mlocked:               0 kB
HighTotal:       1372556 kB
HighFree:          25956 kB
LowTotal:         587396 kB
LowFree:           55680 kB
SwapTotal:        262140 kB
SwapFree:         217212 kB
Dirty:               756 kB
Writeback:             0 kB
AnonPages:        461888 kB
Mapped:           356412 kB
Shmem:               568 kB
Slab:              56468 kB
SReclaimable:      16900 kB
SUnreclaim:        39568 kB
KernelStack:       16608 kB
PageTables:        28376 kB
NFS_Unstable:          0 kB
Bounce:                0 kB
WritebackTmp:          0 kB
CommitLimit:     1242116 kB
Committed_AS:   57815476 kB
VmallocTotal:     409600 kB
VmallocUsed:       37228 kB
VmallocChunk:     107548 kB
Time pass: 171 sec

---2015-12-03 21:52:43
MemTotal:        1959952 kB
MemFree:          119712 kB
Buffers:            1900 kB
Cached:           892896 kB
SwapCached:         1772 kB
Active:           731652 kB
Inactive:         625336 kB
Active(anon):     286896 kB
Inactive(anon):   177464 kB
Active(file):     444756 kB
Inactive(file):   447872 kB
Unevictable:        1580 kB
Mlocked:               0 kB
HighTotal:       1372556 kB
HighFree:          37312 kB
LowTotal:         587396 kB
LowFree:           82400 kB
SwapTotal:        262140 kB
SwapFree:         216772 kB
Dirty:               736 kB
Writeback:             0 kB
AnonPages:        463652 kB
Mapped:           356672 kB
Shmem:               588 kB
Slab:              56220 kB
SReclaimable:      16684 kB
SUnreclaim:        39536 kB
KernelStack:       16624 kB
PageTables:        28440 kB
NFS_Unstable:          0 kB
Bounce:                0 kB
WritebackTmp:          0 kB
CommitLimit:     1242116 kB
Committed_AS:   57814444 kB
VmallocTotal:     409600 kB
VmallocUsed:       37228 kB
VmallocChunk:     107548 kB
Time pass: 175 sec

---2015-12-03 21:52:43
MemTotal:        1959952 kB
MemFree:          120504 kB
Buffers:            1900 kB
Cached:           892996 kB
SwapCached:         1772 kB
Active:           733852 kB
Inactive:         625052 kB
Active(anon):     288712 kB
Inactive(anon):   177468 kB
Active(file):     445140 kB
Inactive(file):   447584 kB
Unevictable:        1580 kB
Mlocked:               0 kB
HighTotal:       1372556 kB
HighFree:          38564 kB
LowTotal:         587396 kB
LowFree:           81940 kB
SwapTotal:        262140 kB
SwapFree:         216772 kB
Dirty:               720 kB
Writeback:             0 kB
AnonPages:        465260 kB
Mapped:           353848 kB
Shmem:               592 kB
Slab:              56092 kB
SReclaimable:      16684 kB
SUnreclaim:        39408 kB
KernelStack:       16704 kB
PageTables:        28432 kB
NFS_Unstable:          0 kB
Bounce:                0 kB
WritebackTmp:          0 kB
CommitLimit:     1242116 kB
Committed_AS:   57814920 kB
VmallocTotal:     409600 kB
VmallocUsed:       37228 kB
VmallocChunk:     107548 kB
Time pass: 179 sec

---2015-12-03 21:52:43
MemTotal:        1959952 kB
MemFree:          119852 kB
Buffers:            1900 kB
Cached:           892984 kB
SwapCached:         1768 kB
Active:           735380 kB
Inactive:         624784 kB
Active(anon):     289992 kB
Inactive(anon):   177448 kB
Active(file):     445388 kB
Inactive(file):   447336 kB
Unevictable:        1580 kB
Mlocked:               0 kB
HighTotal:       1372556 kB
HighFree:          36892 kB
LowTotal:         587396 kB
LowFree:           82960 kB
SwapTotal:        262140 kB
SwapFree:         216776 kB
Dirty:               720 kB
Writeback:             0 kB
AnonPages:        466828 kB
Mapped:           356652 kB
Shmem:               576 kB
Slab:              56200 kB
SReclaimable:      16700 kB
SUnreclaim:        39500 kB
KernelStack:       16608 kB
PageTables:        28728 kB
NFS_Unstable:          0 kB
Bounce:                0 kB
WritebackTmp:          0 kB
CommitLimit:     1242116 kB
Committed_AS:   58763776 kB
VmallocTotal:     409600 kB
VmallocUsed:       38248 kB
VmallocChunk:     107548 kB
Time pass: 182 sec

---2015-12-03 21:52:43
MemTotal:        1959952 kB
MemFree:          119520 kB
Buffers:            1900 kB
Cached:           893052 kB
SwapCached:         1768 kB
Active:           735572 kB
Inactive:         624836 kB
Active(anon):     290188 kB
Inactive(anon):   177496 kB
Active(file):     445384 kB
Inactive(file):   447340 kB
Unevictable:        1580 kB
Mlocked:               0 kB
HighTotal:       1372556 kB
HighFree:          36388 kB
LowTotal:         587396 kB
LowFree:           83132 kB
SwapTotal:        262140 kB
SwapFree:         216776 kB
Dirty:               740 kB
Writeback:             0 kB
AnonPages:        467016 kB
Mapped:           353888 kB
Shmem:               648 kB
Slab:              56176 kB
SReclaimable:      16708 kB
SUnreclaim:        39468 kB
KernelStack:       16584 kB
PageTables:        28436 kB
NFS_Unstable:          0 kB
Bounce:                0 kB
WritebackTmp:          0 kB
CommitLimit:     1242116 kB
Committed_AS:   57805040 kB
VmallocTotal:     409600 kB
VmallocUsed:       37228 kB
VmallocChunk:     107548 kB
Time pass: 186 sec

---2015-12-03 21:52:43
MemTotal:        1959952 kB
MemFree:          119536 kB
Buffers:            1900 kB
Cached:           893548 kB
SwapCached:         1768 kB
Active:           734528 kB
Inactive:         625348 kB
Active(anon):     289144 kB
Inactive(anon):   177532 kB
Active(file):     445384 kB
Inactive(file):   447816 kB
Unevictable:        1580 kB
Mlocked:               0 kB
HighTotal:       1372556 kB
HighFree:          36648 kB
LowTotal:         587396 kB
LowFree:           82888 kB
SwapTotal:        262140 kB
SwapFree:         216776 kB
Dirty:               740 kB
Writeback:             0 kB
AnonPages:        465876 kB
Mapped:           354180 kB
Shmem:               668 kB
Slab:              56236 kB
SReclaimable:      16708 kB
SUnreclaim:        39528 kB
KernelStack:       16600 kB
PageTables:        28444 kB
NFS_Unstable:          0 kB
Bounce:                0 kB
WritebackTmp:          0 kB
CommitLimit:     1242116 kB
Committed_AS:   57801524 kB
VmallocTotal:     409600 kB
VmallocUsed:       37228 kB
VmallocChunk:     107548 kB
Time pass: 190 sec

---2015-12-03 21:52:43
MemTotal:        1959952 kB
MemFree:          124376 kB
Buffers:            1900 kB
Cached:           893556 kB
SwapCached:         1768 kB
Active:           730076 kB
Inactive:         625364 kB
Active(anon):     284692 kB
Inactive(anon):   177548 kB
Active(file):     445384 kB
Inactive(file):   447816 kB
Unevictable:        1580 kB
Mlocked:               0 kB
HighTotal:       1372556 kB
HighFree:          41072 kB
LowTotal:         587396 kB
LowFree:           83304 kB
SwapTotal:        262140 kB
SwapFree:         216776 kB
Dirty:               740 kB
Writeback:             0 kB
AnonPages:        461444 kB
Mapped:           354188 kB
Shmem:               676 kB
Slab:              56104 kB
SReclaimable:      16708 kB
SUnreclaim:        39396 kB
KernelStack:       16600 kB
PageTables:        28444 kB
NFS_Unstable:          0 kB
Bounce:                0 kB
WritebackTmp:          0 kB
CommitLimit:     1242116 kB
Committed_AS:   57801612 kB
VmallocTotal:     409600 kB
VmallocUsed:       37228 kB
VmallocChunk:     107548 kB
Time pass: 194 sec

---2015-12-03 21:52:43
MemTotal:        1959952 kB
MemFree:          123872 kB
Buffers:            1900 kB
Cached:           893672 kB
SwapCached:         1768 kB
Active:           730484 kB
Inactive:         625480 kB
Active(anon):     285100 kB
Inactive(anon):   177552 kB
Active(file):     445384 kB
Inactive(file):   447928 kB
Unevictable:        1580 kB
Mlocked:               0 kB
HighTotal:       1372556 kB
HighFree:          40236 kB
LowTotal:         587396 kB
LowFree:           83636 kB
SwapTotal:        262140 kB
SwapFree:         216776 kB
Dirty:               740 kB
Writeback:             0 kB
AnonPages:        461752 kB
Mapped:           354144 kB
Shmem:               680 kB
Slab:              56200 kB
SReclaimable:      16708 kB
SUnreclaim:        39492 kB
KernelStack:       16584 kB
PageTables:        28424 kB
NFS_Unstable:          0 kB
Bounce:                0 kB
WritebackTmp:          0 kB
CommitLimit:     1242116 kB
Committed_AS:   57801524 kB
VmallocTotal:     409600 kB
VmallocUsed:       37228 kB
VmallocChunk:     107548 kB
Time pass: 198 sec

---2015-12-03 21:52:43
MemTotal:        1959952 kB
MemFree:          122420 kB
Buffers:            1900 kB
Cached:           893940 kB
SwapCached:         1768 kB
Active:           734540 kB
Inactive:         622704 kB
Active(anon):     286112 kB
Inactive(anon):   177556 kB
Active(file):     448428 kB
Inactive(file):   445148 kB
Unevictable:        1580 kB
Mlocked:               0 kB
HighTotal:       1372556 kB
HighFree:          38396 kB
LowTotal:         587396 kB
LowFree:           84024 kB
SwapTotal:        262140 kB
SwapFree:         216776 kB
Dirty:               744 kB
Writeback:             0 kB
AnonPages:        462620 kB
Mapped:           354724 kB
Shmem:               684 kB
Slab:              56108 kB
SReclaimable:      16708 kB
SUnreclaim:        39400 kB
KernelStack:       16600 kB
PageTables:        28572 kB
NFS_Unstable:          0 kB
Bounce:                0 kB
WritebackTmp:          0 kB
CommitLimit:     1242116 kB
Committed_AS:   58763568 kB
VmallocTotal:     409600 kB
VmallocUsed:       38248 kB
VmallocChunk:     107548 kB
Time pass: 202 sec

---2015-12-03 21:52:43
MemTotal:        1959952 kB
MemFree:          125776 kB
Buffers:            1900 kB
Cached:           893944 kB
SwapCached:         1768 kB
Active:           731924 kB
Inactive:         622708 kB
Active(anon):     283496 kB
Inactive(anon):   177556 kB
Active(file):     448428 kB
Inactive(file):   445152 kB
Unevictable:        1580 kB
Mlocked:               0 kB
HighTotal:       1372556 kB
HighFree:          41248 kB
LowTotal:         587396 kB
LowFree:           84528 kB
SwapTotal:        262140 kB
SwapFree:         216776 kB
Dirty:               744 kB
Writeback:             0 kB
AnonPages:        460192 kB
Mapped:           351564 kB
Shmem:               684 kB
Slab:              56276 kB
SReclaimable:      16708 kB
SUnreclaim:        39568 kB
KernelStack:       16600 kB
PageTables:        28300 kB
NFS_Unstable:          0 kB
Bounce:                0 kB
WritebackTmp:          0 kB
CommitLimit:     1242116 kB
Committed_AS:   57801504 kB
VmallocTotal:     409600 kB
VmallocUsed:       37228 kB
VmallocChunk:     107548 kB
Time pass: 205 sec

---2015-12-03 21:52:43
MemTotal:        1959952 kB
MemFree:          123652 kB
Buffers:            1900 kB
Cached:           893944 kB
SwapCached:         1768 kB
Active:           733296 kB
Inactive:         622708 kB
Active(anon):     284868 kB
Inactive(anon):   177556 kB
Active(file):     448428 kB
Inactive(file):   445152 kB
Unevictable:        1580 kB
Mlocked:               0 kB
HighTotal:       1372556 kB
HighFree:          39132 kB
LowTotal:         587396 kB
LowFree:           84520 kB
SwapTotal:        262140 kB
SwapFree:         216776 kB
Dirty:               740 kB
Writeback:             0 kB
AnonPages:        461448 kB
Mapped:           351564 kB
Shmem:               684 kB
Slab:              56244 kB
SReclaimable:      16716 kB
SUnreclaim:        39528 kB
KernelStack:       16600 kB
PageTables:        28300 kB
NFS_Unstable:          0 kB
Bounce:                0 kB
WritebackTmp:          0 kB
CommitLimit:     1242116 kB
Committed_AS:   57801620 kB
VmallocTotal:     409600 kB
VmallocUsed:       37228 kB
VmallocChunk:     107548 kB
Time pass: 209 sec

---2015-12-03 21:52:43
MemTotal:        1959952 kB
MemFree:          122840 kB
Buffers:            1900 kB
Cached:           894012 kB
SwapCached:         1768 kB
Active:           734440 kB
Inactive:         622764 kB
Active(anon):     286000 kB
Inactive(anon):   177560 kB
Active(file):     448440 kB
Inactive(file):   445204 kB
Unevictable:        1580 kB
Mlocked:               0 kB
HighTotal:       1372556 kB
HighFree:          38160 kB
LowTotal:         587396 kB
LowFree:           84680 kB
SwapTotal:        262140 kB
SwapFree:         216776 kB
Dirty:               792 kB
Writeback:             0 kB
AnonPages:        462616 kB
Mapped:           351568 kB
Shmem:               688 kB
Slab:              56360 kB
SReclaimable:      16716 kB
SUnreclaim:        39644 kB
KernelStack:       16616 kB
PageTables:        28308 kB
NFS_Unstable:          0 kB
Bounce:                0 kB
WritebackTmp:          0 kB
CommitLimit:     1242116 kB
Committed_AS:   57801816 kB
VmallocTotal:     409600 kB
VmallocUsed:       37228 kB
VmallocChunk:     107548 kB
Time pass: 213 sec

---2015-12-03 21:52:43
MemTotal:        1959952 kB
MemFree:          121964 kB
Buffers:            1900 kB
Cached:           894012 kB
SwapCached:         1768 kB
Active:           735248 kB
Inactive:         622760 kB
Active(anon):     286808 kB
Inactive(anon):   177556 kB
Active(file):     448440 kB
Inactive(file):   445204 kB
Unevictable:        1580 kB
Mlocked:               0 kB
HighTotal:       1372556 kB
HighFree:          37408 kB
LowTotal:         587396 kB
LowFree:           84556 kB
SwapTotal:        262140 kB
SwapFree:         216776 kB
Dirty:               764 kB
Writeback:             0 kB
AnonPages:        463544 kB
Mapped:           351568 kB
Shmem:               688 kB
Slab:              56384 kB
SReclaimable:      16716 kB
SUnreclaim:        39668 kB
KernelStack:       16616 kB
PageTables:        28308 kB
NFS_Unstable:          0 kB
Bounce:                0 kB
WritebackTmp:          0 kB
CommitLimit:     1242116 kB
Committed_AS:   57801700 kB
VmallocTotal:     409600 kB
VmallocUsed:       37228 kB
VmallocChunk:     107548 kB
Time pass: 217 sec

---2015-12-03 21:52:43
MemTotal:        1959952 kB
MemFree:          120136 kB
Buffers:            1900 kB
Cached:           894012 kB
SwapCached:         1768 kB
Active:           736696 kB
Inactive:         622768 kB
Active(anon):     288264 kB
Inactive(anon):   177556 kB
Active(file):     448432 kB
Inactive(file):   445212 kB
Unevictable:        1580 kB
Mlocked:               0 kB
HighTotal:       1372556 kB
HighFree:          35680 kB
LowTotal:         587396 kB
LowFree:           84456 kB
SwapTotal:        262140 kB
SwapFree:         216776 kB
Dirty:               776 kB
Writeback:             0 kB
AnonPages:        464968 kB
Mapped:           351620 kB
Shmem:               688 kB
Slab:              56344 kB
SReclaimable:      16716 kB
SUnreclaim:        39628 kB
KernelStack:       16624 kB
PageTables:        28380 kB
NFS_Unstable:          0 kB
Bounce:                0 kB
WritebackTmp:          0 kB
CommitLimit:     1242116 kB
Committed_AS:   57801780 kB
VmallocTotal:     409600 kB
VmallocUsed:       37228 kB
VmallocChunk:     107548 kB
Time pass: 221 sec

---2015-12-03 21:52:43
MemTotal:        1959952 kB
MemFree:          118984 kB
Buffers:            1900 kB
Cached:           894012 kB
SwapCached:         1768 kB
Active:           739124 kB
Inactive:         622760 kB
Active(anon):     290684 kB
Inactive(anon):   177556 kB
Active(file):     448440 kB
Inactive(file):   445204 kB
Unevictable:        1580 kB
Mlocked:               0 kB
HighTotal:       1372556 kB
HighFree:          34440 kB
LowTotal:         587396 kB
LowFree:           84544 kB
SwapTotal:        262140 kB
SwapFree:         216776 kB
Dirty:               764 kB
Writeback:             0 kB
AnonPages:        467476 kB
Mapped:           354328 kB
Shmem:               688 kB
Slab:              56248 kB
SReclaimable:      16716 kB
SUnreclaim:        39532 kB
KernelStack:       16608 kB
PageTables:        28456 kB
NFS_Unstable:          0 kB
Bounce:                0 kB
WritebackTmp:          0 kB
CommitLimit:     1242116 kB
Committed_AS:   58762500 kB
VmallocTotal:     409600 kB
VmallocUsed:       37228 kB
VmallocChunk:     107548 kB
Time pass: 224 sec

---2015-12-03 21:52:43
MemTotal:        1959952 kB
MemFree:          118964 kB
Buffers:            1900 kB
Cached:           894012 kB
SwapCached:         1768 kB
Active:           738468 kB
Inactive:         622756 kB
Active(anon):     290028 kB
Inactive(anon):   177552 kB
Active(file):     448440 kB
Inactive(file):   445204 kB
Unevictable:        1580 kB
Mlocked:               0 kB
HighTotal:       1372556 kB
HighFree:          34420 kB
LowTotal:         587396 kB
LowFree:           84544 kB
SwapTotal:        262140 kB
SwapFree:         216776 kB
Dirty:               764 kB
Writeback:             0 kB
AnonPages:        466664 kB
Mapped:           351568 kB
Shmem:               688 kB
Slab:              56248 kB
SReclaimable:      16716 kB
SUnreclaim:        39532 kB
KernelStack:       16608 kB
PageTables:        28312 kB
NFS_Unstable:          0 kB
Bounce:                0 kB
WritebackTmp:          0 kB
CommitLimit:     1242116 kB
Committed_AS:   57801928 kB
VmallocTotal:     409600 kB
VmallocUsed:       37228 kB
VmallocChunk:     107548 kB
Time pass: 228 sec

---2015-12-03 21:52:43
MemTotal:        1959952 kB
MemFree:          117928 kB
Buffers:            1900 kB
Cached:           894012 kB
SwapCached:         1768 kB
Active:           739368 kB
Inactive:         622752 kB
Active(anon):     290928 kB
Inactive(anon):   177548 kB
Active(file):     448440 kB
Inactive(file):   445204 kB
Unevictable:        1580 kB
Mlocked:               0 kB
HighTotal:       1372556 kB
HighFree:          33276 kB
LowTotal:         587396 kB
LowFree:           84652 kB
SwapTotal:        262140 kB
SwapFree:         216776 kB
Dirty:               784 kB
Writeback:             0 kB
AnonPages:        467568 kB
Mapped:           351636 kB
Shmem:               688 kB
Slab:              56280 kB
SReclaimable:      16716 kB
SUnreclaim:        39564 kB
KernelStack:       16616 kB
PageTables:        28312 kB
NFS_Unstable:          0 kB
Bounce:                0 kB
WritebackTmp:          0 kB
CommitLimit:     1242116 kB
Committed_AS:   57801892 kB
VmallocTotal:     409600 kB
VmallocUsed:       37228 kB
VmallocChunk:     107548 kB
Time pass: 232 sec

---2015-12-03 21:52:43
MemTotal:        1959952 kB
MemFree:          121928 kB
Buffers:            1900 kB
Cached:           894068 kB
SwapCached:         1768 kB
Active:           734900 kB
Inactive:         622812 kB
Active(anon):     286460 kB
Inactive(anon):   177608 kB
Active(file):     448440 kB
Inactive(file):   445204 kB
Unevictable:        1580 kB
Mlocked:               0 kB
HighTotal:       1372556 kB
HighFree:          37416 kB
LowTotal:         587396 kB
LowFree:           84512 kB
SwapTotal:        262140 kB
SwapFree:         216780 kB
Dirty:               800 kB
Writeback:             0 kB
AnonPages:        463032 kB
Mapped:           351624 kB
Shmem:               744 kB
Slab:              56196 kB
SReclaimable:      16716 kB
SUnreclaim:        39480 kB
KernelStack:       16616 kB
PageTables:        28308 kB
NFS_Unstable:          0 kB
Bounce:                0 kB
WritebackTmp:          0 kB
CommitLimit:     1242116 kB
Committed_AS:   57802100 kB
VmallocTotal:     409600 kB
VmallocUsed:       37228 kB
VmallocChunk:     107548 kB
Time pass: 236 sec

---2015-12-03 21:52:43
MemTotal:        1959952 kB
MemFree:          121220 kB
Buffers:            1900 kB
Cached:           894180 kB
SwapCached:         1768 kB
Active:           735904 kB
Inactive:         622920 kB
Active(anon):     287460 kB
Inactive(anon):   177704 kB
Active(file):     448444 kB
Inactive(file):   445216 kB
Unevictable:        1580 kB
Mlocked:               0 kB
HighTotal:       1372556 kB
HighFree:          36300 kB
LowTotal:         587396 kB
LowFree:           84920 kB
SwapTotal:        262140 kB
SwapFree:         216780 kB
Dirty:               784 kB
Writeback:             0 kB
AnonPages:        463920 kB
Mapped:           351736 kB
Shmem:               840 kB
Slab:              56252 kB
SReclaimable:      16716 kB
SUnreclaim:        39536 kB
KernelStack:       16616 kB
PageTables:        28312 kB
NFS_Unstable:          0 kB
Bounce:                0 kB
WritebackTmp:          0 kB
CommitLimit:     1242116 kB
Committed_AS:   57802668 kB
VmallocTotal:     409600 kB
VmallocUsed:       37228 kB
VmallocChunk:     107548 kB
Time pass: 241 sec

---2015-12-03 21:52:43
MemTotal:        1959952 kB
MemFree:          117872 kB
Buffers:            1900 kB
Cached:           894180 kB
SwapCached:         1768 kB
Active:           739020 kB
Inactive:         622916 kB
Active(anon):     290572 kB
Inactive(anon):   177704 kB
Active(file):     448448 kB
Inactive(file):   445212 kB
Unevictable:        1580 kB
Mlocked:               0 kB
HighTotal:       1372556 kB
HighFree:          33328 kB
LowTotal:         587396 kB
LowFree:           84544 kB
SwapTotal:        262140 kB
SwapFree:         216780 kB
Dirty:               764 kB
Writeback:             0 kB
AnonPages:        467448 kB
Mapped:           356068 kB
Shmem:               840 kB
Slab:              56356 kB
SReclaimable:      16716 kB
SUnreclaim:        39640 kB
KernelStack:       16744 kB
PageTables:        28668 kB
NFS_Unstable:          0 kB
Bounce:                0 kB
WritebackTmp:          0 kB
CommitLimit:     1242116 kB
Committed_AS:   58762160 kB
VmallocTotal:     409600 kB
VmallocUsed:       37228 kB
VmallocChunk:     107548 kB
Time pass: 244 sec

---2015-12-03 21:52:43
MemTotal:        1959952 kB
MemFree:          120328 kB
Buffers:            1900 kB
Cached:           894252 kB
SwapCached:         1768 kB
Active:           736000 kB
Inactive:         622968 kB
Active(anon):     287548 kB
Inactive(anon):   177744 kB
Active(file):     448452 kB
Inactive(file):   445224 kB
Unevictable:        1580 kB
Mlocked:               0 kB
HighTotal:       1372556 kB
HighFree:          35220 kB
LowTotal:         587396 kB
LowFree:           85108 kB
SwapTotal:        262140 kB
SwapFree:         216780 kB
Dirty:               784 kB
Writeback:             0 kB
AnonPages:        464036 kB
Mapped:           351792 kB
Shmem:               896 kB
Slab:              56212 kB
SReclaimable:      16724 kB
SUnreclaim:        39488 kB
KernelStack:       16616 kB
PageTables:        28308 kB
NFS_Unstable:          0 kB
Bounce:                0 kB
WritebackTmp:          0 kB
CommitLimit:     1242116 kB
Committed_AS:   57800628 kB
VmallocTotal:     409600 kB
VmallocUsed:       37228 kB
VmallocChunk:     107548 kB
Time pass: 248 sec

---2015-12-03 21:52:43
MemTotal:        1959952 kB
MemFree:          122564 kB
Buffers:            1900 kB
Cached:           894276 kB
SwapCached:         1768 kB
Active:           734088 kB
Inactive:         622976 kB
Active(anon):     285636 kB
Inactive(anon):   177752 kB
Active(file):     448452 kB
Inactive(file):   445224 kB
Unevictable:        1580 kB
Mlocked:               0 kB
HighTotal:       1372556 kB
HighFree:          37668 kB
LowTotal:         587396 kB
LowFree:           84896 kB
SwapTotal:        262140 kB
SwapFree:         216780 kB
Dirty:               776 kB
Writeback:             0 kB
AnonPages:        462280 kB
Mapped:           351840 kB
Shmem:               920 kB
Slab:              56344 kB
SReclaimable:      16724 kB
SUnreclaim:        39620 kB
KernelStack:       16608 kB
PageTables:        28328 kB
NFS_Unstable:          0 kB
Bounce:                0 kB
WritebackTmp:          0 kB
CommitLimit:     1242116 kB
Committed_AS:   57800256 kB
VmallocTotal:     409600 kB
VmallocUsed:       37228 kB
VmallocChunk:     107548 kB
Time pass: 252 sec

---2015-12-03 21:52:43
MemTotal:        1959952 kB
MemFree:          121860 kB
Buffers:            1900 kB
Cached:           894276 kB
SwapCached:         1768 kB
Active:           735156 kB
Inactive:         622976 kB
Active(anon):     286708 kB
Inactive(anon):   177748 kB
Active(file):     448448 kB
Inactive(file):   445228 kB
Unevictable:        1580 kB
Mlocked:               0 kB
HighTotal:       1372556 kB
HighFree:          36800 kB
LowTotal:         587396 kB
LowFree:           85060 kB
SwapTotal:        262140 kB
SwapFree:         216780 kB
Dirty:               796 kB
Writeback:             0 kB
AnonPages:        463356 kB
Mapped:           352000 kB
Shmem:               920 kB
Slab:              56272 kB
SReclaimable:      16724 kB
SUnreclaim:        39548 kB
KernelStack:       16608 kB
PageTables:        28316 kB
NFS_Unstable:          0 kB
Bounce:                0 kB
WritebackTmp:          0 kB
CommitLimit:     1242116 kB
Committed_AS:   57800212 kB
VmallocTotal:     409600 kB
VmallocUsed:       37228 kB
VmallocChunk:     107548 kB
Time pass: 255 sec

---2015-12-03 21:52:43
MemTotal:        1959952 kB
MemFree:          120464 kB
Buffers:            1900 kB
Cached:           894276 kB
SwapCached:         1768 kB
Active:           736444 kB
Inactive:         622976 kB
Active(anon):     287996 kB
Inactive(anon):   177748 kB
Active(file):     448448 kB
Inactive(file):   445228 kB
Unevictable:        1580 kB
Mlocked:               0 kB
HighTotal:       1372556 kB
HighFree:          35436 kB
LowTotal:         587396 kB
LowFree:           85028 kB
SwapTotal:        262140 kB
SwapFree:         216780 kB
Dirty:               796 kB
Writeback:             0 kB
AnonPages:        464644 kB
Mapped:           351816 kB
Shmem:               920 kB
Slab:              56304 kB
SReclaimable:      16724 kB
SUnreclaim:        39580 kB
KernelStack:       16608 kB
PageTables:        28316 kB
NFS_Unstable:          0 kB
Bounce:                0 kB
WritebackTmp:          0 kB
CommitLimit:     1242116 kB
Committed_AS:   57800552 kB
VmallocTotal:     409600 kB
VmallocUsed:       37228 kB
VmallocChunk:     107548 kB
Time pass: 259 sec

---2015-12-03 21:52:43
MemTotal:        1959952 kB
MemFree:          124256 kB
Buffers:            1900 kB
Cached:           894396 kB
SwapCached:         1768 kB
Active:           732232 kB
Inactive:         623076 kB
Active(anon):     283764 kB
Inactive(anon):   177748 kB
Active(file):     448468 kB
Inactive(file):   445328 kB
Unevictable:        1580 kB
Mlocked:               0 kB
HighTotal:       1372556 kB
HighFree:          38304 kB
LowTotal:         587396 kB
LowFree:           85952 kB
SwapTotal:        262140 kB
SwapFree:         216780 kB
Dirty:               796 kB
Writeback:             0 kB
AnonPages:        460148 kB
Mapped:           347332 kB
Shmem:               920 kB
Slab:              56140 kB
SReclaimable:      16724 kB
SUnreclaim:        39416 kB
KernelStack:       16592 kB
PageTables:        27924 kB
NFS_Unstable:          0 kB
Bounce:                0 kB
WritebackTmp:          0 kB
CommitLimit:     1242116 kB
Committed_AS:   56850076 kB
VmallocTotal:     409600 kB
VmallocUsed:       36208 kB
VmallocChunk:     107548 kB
Time pass: 263 sec

---2015-12-03 21:52:43
MemTotal:        1959952 kB
MemFree:          123424 kB
Buffers:            1900 kB
Cached:           894396 kB
SwapCached:         1768 kB
Active:           734688 kB
Inactive:         623072 kB
Active(anon):     286216 kB
Inactive(anon):   177748 kB
Active(file):     448472 kB
Inactive(file):   445324 kB
Unevictable:        1580 kB
Mlocked:               0 kB
HighTotal:       1372556 kB
HighFree:          37296 kB
LowTotal:         587396 kB
LowFree:           86128 kB
SwapTotal:        262140 kB
SwapFree:         216780 kB
Dirty:               776 kB
Writeback:             0 kB
AnonPages:        463108 kB
Mapped:           350868 kB
Shmem:               920 kB
Slab:              56212 kB
SReclaimable:      16724 kB
SUnreclaim:        39488 kB
KernelStack:       16416 kB
PageTables:        27996 kB
NFS_Unstable:          0 kB
Bounce:                0 kB
WritebackTmp:          0 kB
CommitLimit:     1242116 kB
Committed_AS:   57810364 kB
VmallocTotal:     409600 kB
VmallocUsed:       37228 kB
VmallocChunk:     107548 kB
Time pass: 267 sec

---2015-12-03 21:52:43
MemTotal:        1959952 kB
MemFree:          124004 kB
Buffers:            1900 kB
Cached:           894404 kB
SwapCached:         1768 kB
Active:           733240 kB
Inactive:         623084 kB
Active(anon):     284772 kB
Inactive(anon):   177752 kB
Active(file):     448468 kB
Inactive(file):   445332 kB
Unevictable:        1580 kB
Mlocked:               0 kB
HighTotal:       1372556 kB
HighFree:          37704 kB
LowTotal:         587396 kB
LowFree:           86300 kB
SwapTotal:        262140 kB
SwapFree:         216780 kB
Dirty:               876 kB
Writeback:             0 kB
AnonPages:        461384 kB
Mapped:           347316 kB
Shmem:               924 kB
Slab:              56252 kB
SReclaimable:      16724 kB
SUnreclaim:        39528 kB
KernelStack:       16416 kB
PageTables:        27828 kB
NFS_Unstable:          0 kB
Bounce:                0 kB
WritebackTmp:          0 kB
CommitLimit:     1242116 kB
Committed_AS:   56850280 kB
VmallocTotal:     409600 kB
VmallocUsed:       36208 kB
VmallocChunk:     107548 kB
Time pass: 271 sec

---2015-12-03 21:52:43
MemTotal:        1959952 kB
MemFree:          122732 kB
Buffers:            1900 kB
Cached:           894404 kB
SwapCached:         1768 kB
Active:           734468 kB
Inactive:         623084 kB
Active(anon):     286000 kB
Inactive(anon):   177752 kB
Active(file):     448468 kB
Inactive(file):   445332 kB
Unevictable:        1580 kB
Mlocked:               0 kB
HighTotal:       1372556 kB
HighFree:          36440 kB
LowTotal:         587396 kB
LowFree:           86292 kB
SwapTotal:        262140 kB
SwapFree:         216780 kB
Dirty:               824 kB
Writeback:             0 kB
AnonPages:        462540 kB
Mapped:           347292 kB
Shmem:               924 kB
Slab:              56216 kB
SReclaimable:      16724 kB
SUnreclaim:        39492 kB
KernelStack:       16416 kB
PageTables:        27844 kB
NFS_Unstable:          0 kB
Bounce:                0 kB
WritebackTmp:          0 kB
CommitLimit:     1242116 kB
Committed_AS:   56850480 kB
VmallocTotal:     409600 kB
VmallocUsed:       36208 kB
VmallocChunk:     107548 kB
Time pass: 275 sec

---2015-12-03 21:52:43
MemTotal:        1959952 kB
MemFree:          121696 kB
Buffers:            1900 kB
Cached:           894404 kB
SwapCached:         1768 kB
Active:           735480 kB
Inactive:         623084 kB
Active(anon):     287012 kB
Inactive(anon):   177752 kB
Active(file):     448468 kB
Inactive(file):   445332 kB
Unevictable:        1580 kB
Mlocked:               0 kB
HighTotal:       1372556 kB
HighFree:          35436 kB
LowTotal:         587396 kB
LowFree:           86260 kB
SwapTotal:        262140 kB
SwapFree:         216780 kB
Dirty:               824 kB
Writeback:             0 kB
AnonPages:        463480 kB
Mapped:           347292 kB
Shmem:               924 kB
Slab:              56240 kB
SReclaimable:      16724 kB
SUnreclaim:        39516 kB
KernelStack:       16416 kB
PageTables:        27840 kB
NFS_Unstable:          0 kB
Bounce:                0 kB
WritebackTmp:          0 kB
CommitLimit:     1242116 kB
Committed_AS:   56850576 kB
VmallocTotal:     409600 kB
VmallocUsed:       36208 kB
VmallocChunk:     107548 kB
Time pass: 278 sec

---2015-12-03 21:52:43
MemTotal:        1959952 kB
MemFree:          120044 kB
Buffers:            1900 kB
Cached:           894404 kB
SwapCached:         1768 kB
Active:           736812 kB
Inactive:         623080 kB
Active(anon):     288340 kB
Inactive(anon):   177752 kB
Active(file):     448472 kB
Inactive(file):   445328 kB
Unevictable:        1580 kB
Mlocked:               0 kB
HighTotal:       1372556 kB
HighFree:          34196 kB
LowTotal:         587396 kB
LowFree:           85848 kB
SwapTotal:        262140 kB
SwapFree:         216780 kB
Dirty:               804 kB
Writeback:             0 kB
AnonPages:        464752 kB
Mapped:           347292 kB
Shmem:               924 kB
Slab:              56304 kB
SReclaimable:      16724 kB
SUnreclaim:        39580 kB
KernelStack:       16416 kB
PageTables:        27848 kB
NFS_Unstable:          0 kB
Bounce:                0 kB
WritebackTmp:          0 kB
CommitLimit:     1242116 kB
Committed_AS:   56850672 kB
VmallocTotal:     409600 kB
VmallocUsed:       36208 kB
VmallocChunk:     107548 kB
Time pass: 282 sec

---2015-12-03 21:52:43
MemTotal:        1959952 kB
MemFree:          119304 kB
Buffers:            1900 kB
Cached:           894404 kB
SwapCached:         1768 kB
Active:           737648 kB
Inactive:         623076 kB
Active(anon):     289176 kB
Inactive(anon):   177748 kB
Active(file):     448472 kB
Inactive(file):   445328 kB
Unevictable:        1580 kB
Mlocked:               0 kB
HighTotal:       1372556 kB
HighFree:          33424 kB
LowTotal:         587396 kB
LowFree:           85880 kB
SwapTotal:        262140 kB
SwapFree:         216780 kB
Dirty:               804 kB
Writeback:             0 kB
AnonPages:        465956 kB
Mapped:           347208 kB
Shmem:               924 kB
Slab:              56276 kB
SReclaimable:      16724 kB
SUnreclaim:        39552 kB
KernelStack:       16544 kB
PageTables:        27872 kB
NFS_Unstable:          0 kB
Bounce:                0 kB
WritebackTmp:          0 kB
CommitLimit:     1242116 kB
Committed_AS:   56850572 kB
VmallocTotal:     409600 kB
VmallocUsed:       36208 kB
VmallocChunk:     107548 kB
Time pass: 286 sec

---2015-12-03 21:52:43
MemTotal:        1959952 kB
MemFree:          119128 kB
Buffers:            1900 kB
Cached:           894404 kB
SwapCached:         1768 kB
Active:           738132 kB
Inactive:         623076 kB
Active(anon):     289660 kB
Inactive(anon):   177748 kB
Active(file):     448472 kB
Inactive(file):   445328 kB
Unevictable:        1580 kB
Mlocked:               0 kB
HighTotal:       1372556 kB
HighFree:          33304 kB
LowTotal:         587396 kB
LowFree:           85824 kB
SwapTotal:        262140 kB
SwapFree:         216780 kB
Dirty:               804 kB
Writeback:             0 kB
AnonPages:        466608 kB
Mapped:           347292 kB
Shmem:               924 kB
Slab:              56336 kB
SReclaimable:      16724 kB
SUnreclaim:        39612 kB
KernelStack:       16408 kB
PageTables:        27852 kB
NFS_Unstable:          0 kB
Bounce:                0 kB
WritebackTmp:          0 kB
CommitLimit:     1242116 kB
Committed_AS:   56850660 kB
VmallocTotal:     409600 kB
VmallocUsed:       36208 kB
VmallocChunk:     107548 kB
Time pass: 290 sec

---2015-12-03 21:52:43
MemTotal:        1959952 kB
MemFree:          117220 kB
Buffers:            1900 kB
Cached:           894404 kB
SwapCached:         1768 kB
Active:           739048 kB
Inactive:         623076 kB
Active(anon):     290576 kB
Inactive(anon):   177748 kB
Active(file):     448472 kB
Inactive(file):   445328 kB
Unevictable:        1580 kB
Mlocked:               0 kB
HighTotal:       1372556 kB
HighFree:          31364 kB
LowTotal:         587396 kB
LowFree:           85856 kB
SwapTotal:        262140 kB
SwapFree:         216780 kB
Dirty:               804 kB
Writeback:             0 kB
AnonPages:        467104 kB
Mapped:           347292 kB
Shmem:               924 kB
Slab:              56204 kB
SReclaimable:      16724 kB
SUnreclaim:        39480 kB
KernelStack:       16408 kB
PageTables:        27856 kB
NFS_Unstable:          0 kB
Bounce:                0 kB
WritebackTmp:          0 kB
CommitLimit:     1242116 kB
Committed_AS:   56850868 kB
VmallocTotal:     409600 kB
VmallocUsed:       36208 kB
VmallocChunk:     107548 kB
Time pass: 294 sec

---2015-12-03 21:52:43
MemTotal:        1959952 kB
MemFree:          116688 kB
Buffers:            1900 kB
Cached:           894404 kB
SwapCached:         1768 kB
Active:           740712 kB
Inactive:         623076 kB
Active(anon):     292240 kB
Inactive(anon):   177748 kB
Active(file):     448472 kB
Inactive(file):   445328 kB
Unevictable:        1580 kB
Mlocked:               0 kB
HighTotal:       1372556 kB
HighFree:          30504 kB
LowTotal:         587396 kB
LowFree:           86184 kB
SwapTotal:        262140 kB
SwapFree:         216780 kB
Dirty:               804 kB
Writeback:             0 kB
AnonPages:        469004 kB
Mapped:           347316 kB
Shmem:               924 kB
Slab:              56236 kB
SReclaimable:      16724 kB
SUnreclaim:        39512 kB
KernelStack:       16408 kB
PageTables:        27840 kB
NFS_Unstable:          0 kB
Bounce:                0 kB
WritebackTmp:          0 kB
CommitLimit:     1242116 kB
Committed_AS:   56852652 kB
VmallocTotal:     409600 kB
VmallocUsed:       36208 kB
VmallocChunk:     107548 kB
Time pass: 298 sec

---2015-12-03 21:52:43
MemTotal:        1959952 kB
MemFree:          115076 kB
Buffers:            1900 kB
Cached:           894404 kB
SwapCached:         1768 kB
Active:           741864 kB
Inactive:         623080 kB
Active(anon):     293396 kB
Inactive(anon):   177748 kB
Active(file):     448468 kB
Inactive(file):   445332 kB
Unevictable:        1580 kB
Mlocked:               0 kB
HighTotal:       1372556 kB
HighFree:          29000 kB
LowTotal:         587396 kB
LowFree:           86076 kB
SwapTotal:        262140 kB
SwapFree:         216780 kB
Dirty:               824 kB
Writeback:             0 kB
AnonPages:        470160 kB
Mapped:           347300 kB
Shmem:               924 kB
Slab:              56172 kB
SReclaimable:      16724 kB
SUnreclaim:        39448 kB
KernelStack:       16416 kB
PageTables:        27864 kB
NFS_Unstable:          0 kB
Bounce:                0 kB
WritebackTmp:          0 kB
CommitLimit:     1242116 kB
Committed_AS:   56852796 kB
VmallocTotal:     409600 kB
VmallocUsed:       36208 kB
VmallocChunk:     107548 kB
Time pass: 302 sec

---2015-12-03 21:52:43
MemTotal:        1959952 kB
MemFree:          114792 kB
Buffers:            1900 kB
Cached:           894448 kB
SwapCached:         1768 kB
Active:           742268 kB
Inactive:         623116 kB
Active(anon):     293804 kB
Inactive(anon):   177740 kB
Active(file):     448464 kB
Inactive(file):   445376 kB
Unevictable:        1580 kB
Mlocked:               0 kB
HighTotal:       1372556 kB
HighFree:          28388 kB
LowTotal:         587396 kB
LowFree:           86404 kB
SwapTotal:        262140 kB
SwapFree:         216780 kB
Dirty:               876 kB
Writeback:             0 kB
AnonPages:        470384 kB
Mapped:           347340 kB
Shmem:               924 kB
Slab:              56356 kB
SReclaimable:      16724 kB
SUnreclaim:        39632 kB
KernelStack:       16544 kB
PageTables:        27784 kB
NFS_Unstable:          0 kB
Bounce:                0 kB
WritebackTmp:          0 kB
CommitLimit:     1242116 kB
Committed_AS:   56853440 kB
VmallocTotal:     409600 kB
VmallocUsed:       36208 kB
VmallocChunk:     107548 kB
Time pass: 305 sec

---2015-12-03 21:52:43
MemTotal:        1959952 kB
MemFree:          112980 kB
Buffers:            1900 kB
Cached:           894476 kB
SwapCached:         1768 kB
Active:           744056 kB
Inactive:         623140 kB
Active(anon):     295584 kB
Inactive(anon):   177768 kB
Active(file):     448472 kB
Inactive(file):   445372 kB
Unevictable:        1580 kB
Mlocked:               0 kB
HighTotal:       1372556 kB
HighFree:          26908 kB
LowTotal:         587396 kB
LowFree:           86072 kB
SwapTotal:        262140 kB
SwapFree:         216780 kB
Dirty:               812 kB
Writeback:             0 kB
AnonPages:        472328 kB
Mapped:           349552 kB
Shmem:               952 kB
Slab:              56424 kB
SReclaimable:      16724 kB
SUnreclaim:        39700 kB
KernelStack:       16416 kB
PageTables:        28164 kB
NFS_Unstable:          0 kB
Bounce:                0 kB
WritebackTmp:          0 kB
CommitLimit:     1242116 kB
Committed_AS:   57813268 kB
VmallocTotal:     409600 kB
VmallocUsed:       37228 kB
VmallocChunk:     107548 kB
Time pass: 309 sec

---2015-12-03 21:52:43
MemTotal:        1959952 kB
MemFree:          123192 kB
Buffers:            1900 kB
Cached:           894476 kB
SwapCached:         1768 kB
Active:           733872 kB
Inactive:         623140 kB
Active(anon):     285400 kB
Inactive(anon):   177768 kB
Active(file):     448472 kB
Inactive(file):   445372 kB
Unevictable:        1580 kB
Mlocked:               0 kB
HighTotal:       1372556 kB
HighFree:          36336 kB
LowTotal:         587396 kB
LowFree:           86856 kB
SwapTotal:        262140 kB
SwapFree:         216780 kB
Dirty:               812 kB
Writeback:             0 kB
AnonPages:        461928 kB
Mapped:           347344 kB
Shmem:               952 kB
Slab:              56264 kB
SReclaimable:      16724 kB
SUnreclaim:        39540 kB
KernelStack:       16416 kB
PageTables:        27876 kB
NFS_Unstable:          0 kB
Bounce:                0 kB
WritebackTmp:          0 kB
CommitLimit:     1242116 kB
Committed_AS:   56853688 kB
VmallocTotal:     409600 kB
VmallocUsed:       36208 kB
VmallocChunk:     107548 kB
Time pass: 313 sec

---2015-12-03 21:52:43
MemTotal:        1959952 kB
MemFree:          124472 kB
Buffers:            1900 kB
Cached:           894476 kB
SwapCached:         1768 kB
Active:           733508 kB
Inactive:         623140 kB
Active(anon):     285036 kB
Inactive(anon):   177768 kB
Active(file):     448472 kB
Inactive(file):   445372 kB
Unevictable:        1580 kB
Mlocked:               0 kB
HighTotal:       1372556 kB
HighFree:          37788 kB
LowTotal:         587396 kB
LowFree:           86684 kB
SwapTotal:        262140 kB
SwapFree:         216780 kB
Dirty:               812 kB
Writeback:             0 kB
AnonPages:        461864 kB
Mapped:           347344 kB
Shmem:               952 kB
Slab:              56236 kB
SReclaimable:      16724 kB
SUnreclaim:        39512 kB
KernelStack:       16392 kB
PageTables:        27860 kB
NFS_Unstable:          0 kB
Bounce:                0 kB
WritebackTmp:          0 kB
CommitLimit:     1242116 kB
Committed_AS:   56853648 kB
VmallocTotal:     409600 kB
VmallocUsed:       36208 kB
VmallocChunk:     107548 kB
Time pass: 317 sec

---2015-12-03 21:52:43
MemTotal:        1959952 kB
MemFree:          123588 kB
Buffers:            1900 kB
Cached:           894476 kB
SwapCached:         1768 kB
Active:           733292 kB
Inactive:         623144 kB
Active(anon):     284824 kB
Inactive(anon):   177768 kB
Active(file):     448468 kB
Inactive(file):   445376 kB
Unevictable:        1580 kB
Mlocked:               0 kB
HighTotal:       1372556 kB
HighFree:          37196 kB
LowTotal:         587396 kB
LowFree:           86392 kB
SwapTotal:        262140 kB
SwapFree:         216780 kB
Dirty:               832 kB
Writeback:             0 kB
AnonPages:        461232 kB
Mapped:           347344 kB
Shmem:               952 kB
Slab:              56204 kB
SReclaimable:      16724 kB
SUnreclaim:        39480 kB
KernelStack:       16408 kB
PageTables:        27868 kB
NFS_Unstable:          0 kB
Bounce:                0 kB
WritebackTmp:          0 kB
CommitLimit:     1242116 kB
Committed_AS:   56852568 kB
VmallocTotal:     409600 kB
VmallocUsed:       36208 kB
VmallocChunk:     107548 kB
Time pass: 320 sec

---2015-12-03 21:52:43
MemTotal:        1959952 kB
MemFree:          122252 kB
Buffers:            1900 kB
Cached:           894476 kB
SwapCached:         1768 kB
Active:           734352 kB
Inactive:         623148 kB
Active(anon):     285888 kB
Inactive(anon):   177768 kB
Active(file):     448464 kB
Inactive(file):   445380 kB
Unevictable:        1580 kB
Mlocked:               0 kB
HighTotal:       1372556 kB
HighFree:          36208 kB
LowTotal:         587396 kB
LowFree:           86044 kB
SwapTotal:        262140 kB
SwapFree:         216780 kB
Dirty:               832 kB
Writeback:             0 kB
AnonPages:        462584 kB
Mapped:           347196 kB
Shmem:               952 kB
Slab:              56236 kB
SReclaimable:      16724 kB
SUnreclaim:        39512 kB
KernelStack:       16584 kB
PageTables:        27944 kB
NFS_Unstable:          0 kB
Bounce:                0 kB
WritebackTmp:          0 kB
CommitLimit:     1242116 kB
Committed_AS:   56852804 kB
VmallocTotal:     409600 kB
VmallocUsed:       36208 kB
VmallocChunk:     107548 kB
Time pass: 324 sec

---2015-12-03 21:52:43
MemTotal:        1959952 kB
MemFree:          120692 kB
Buffers:            1900 kB
Cached:           894476 kB
SwapCached:         1768 kB
Active:           736196 kB
Inactive:         623140 kB
Active(anon):     287724 kB
Inactive(anon):   177768 kB
Active(file):     448472 kB
Inactive(file):   445372 kB
Unevictable:        1580 kB
Mlocked:               0 kB
HighTotal:       1372556 kB
HighFree:          34332 kB
LowTotal:         587396 kB
LowFree:           86360 kB
SwapTotal:        262140 kB
SwapFree:         216780 kB
Dirty:               812 kB
Writeback:             0 kB
AnonPages:        464500 kB
Mapped:           347344 kB
Shmem:               952 kB
Slab:              56300 kB
SReclaimable:      16724 kB
SUnreclaim:        39576 kB
KernelStack:       16408 kB
PageTables:        27872 kB
NFS_Unstable:          0 kB
Bounce:                0 kB
WritebackTmp:          0 kB
CommitLimit:     1242116 kB
Committed_AS:   56854000 kB
VmallocTotal:     409600 kB
VmallocUsed:       36208 kB
VmallocChunk:     107548 kB
Time pass: 328 sec

---2015-12-03 21:52:43
MemTotal:        1959952 kB
MemFree:          120184 kB
Buffers:            1900 kB
Cached:           894740 kB
SwapCached:         1768 kB
Active:           736580 kB
Inactive:         623408 kB
Active(anon):     288112 kB
Inactive(anon):   177884 kB
Active(file):     448468 kB
Inactive(file):   445524 kB
Unevictable:        1580 kB
Mlocked:               0 kB
HighTotal:       1372556 kB
HighFree:          33944 kB
LowTotal:         587396 kB
LowFree:           86240 kB
SwapTotal:        262140 kB
SwapFree:         216780 kB
Dirty:               976 kB
Writeback:             0 kB
AnonPages:        464792 kB
Mapped:           347536 kB
Shmem:              1068 kB
Slab:              56172 kB
SReclaimable:      16724 kB
SUnreclaim:        39448 kB
KernelStack:       16408 kB
PageTables:        27860 kB
NFS_Unstable:          0 kB
Bounce:                0 kB
WritebackTmp:          0 kB
CommitLimit:     1242116 kB
Committed_AS:   56854012 kB
VmallocTotal:     409600 kB
VmallocUsed:       36208 kB
VmallocChunk:     107548 kB
Time pass: 331 sec

---2015-12-03 21:52:43
MemTotal:        1959952 kB
MemFree:          118628 kB
Buffers:            1900 kB
Cached:           894740 kB
SwapCached:         1768 kB
Active:           737888 kB
Inactive:         623408 kB
Active(anon):     289420 kB
Inactive(anon):   177884 kB
Active(file):     448468 kB
Inactive(file):   445524 kB
Unevictable:        1580 kB
Mlocked:               0 kB
HighTotal:       1372556 kB
HighFree:          32600 kB
LowTotal:         587396 kB
LowFree:           86028 kB
SwapTotal:        262140 kB
SwapFree:         216780 kB
Dirty:               976 kB
Writeback:             0 kB
AnonPages:        465892 kB
Mapped:           347460 kB
Shmem:              1068 kB
Slab:              56236 kB
SReclaimable:      16724 kB
SUnreclaim:        39512 kB
KernelStack:       16408 kB
PageTables:        27860 kB
NFS_Unstable:          0 kB
Bounce:                0 kB
WritebackTmp:          0 kB
CommitLimit:     1242116 kB
Committed_AS:   56854392 kB
VmallocTotal:     409600 kB
VmallocUsed:       36208 kB
VmallocChunk:     107548 kB
Time pass: 335 sec

---2015-12-03 21:52:43
MemTotal:        1959952 kB
MemFree:          118876 kB
Buffers:            1900 kB
Cached:           894740 kB
SwapCached:         1768 kB
Active:           737636 kB
Inactive:         623408 kB
Active(anon):     289168 kB
Inactive(anon):   177884 kB
Active(file):     448468 kB
Inactive(file):   445524 kB
Unevictable:        1580 kB
Mlocked:               0 kB
HighTotal:       1372556 kB
HighFree:          32608 kB
LowTotal:         587396 kB
LowFree:           86268 kB
SwapTotal:        262140 kB
SwapFree:         216780 kB
Dirty:               976 kB
Writeback:             0 kB
AnonPages:        465840 kB
Mapped:           347460 kB
Shmem:              1068 kB
Slab:              56232 kB
SReclaimable:      16724 kB
SUnreclaim:        39508 kB
KernelStack:       16416 kB
PageTables:        27864 kB
NFS_Unstable:          0 kB
Bounce:                0 kB
WritebackTmp:          0 kB
CommitLimit:     1242116 kB
Committed_AS:   56851824 kB
VmallocTotal:     409600 kB
VmallocUsed:       36208 kB
VmallocChunk:     107548 kB
Time pass: 339 sec

---2015-12-03 21:52:43
MemTotal:        1959952 kB
MemFree:          114872 kB
Buffers:            1900 kB
Cached:           894740 kB
SwapCached:         1768 kB
Active:           742184 kB
Inactive:         623408 kB
Active(anon):     293716 kB
Inactive(anon):   177884 kB
Active(file):     448468 kB
Inactive(file):   445524 kB
Unevictable:        1580 kB
Mlocked:               0 kB
HighTotal:       1372556 kB
HighFree:          29136 kB
LowTotal:         587396 kB
LowFree:           85736 kB
SwapTotal:        262140 kB
SwapFree:         216780 kB
Dirty:               968 kB
Writeback:             0 kB
AnonPages:        470452 kB
Mapped:           351880 kB
