---2015-10-25 15:24:01
MemTotal:        1350964 kB
MemFree:           65944 kB
Buffers:           72128 kB
Cached:           522596 kB
SwapCached:            0 kB
Active:           878356 kB
Inactive:         200980 kB
Active(anon):     492888 kB
Inactive(anon):     3732 kB
Active(file):     385468 kB
Inactive(file):   197248 kB
Unevictable:        8224 kB
Mlocked:               0 kB
HighTotal:        802816 kB
HighFree:          13840 kB
LowTotal:         548148 kB
LowFree:           52104 kB
SwapTotal:             0 kB
SwapFree:              0 kB
Dirty:                 0 kB
Writeback:             0 kB
AnonPages:        492800 kB
Mapped:           170828 kB
Shmem:              3784 kB
Slab:              35896 kB
SReclaimable:      13604 kB
SUnreclaim:        22292 kB
KernelStack:        7896 kB
PageTables:        15168 kB
NFS_Unstable:          0 kB
Bounce:                0 kB
WritebackTmp:          0 kB
CommitLimit:      675480 kB
Committed_AS:   33155280 kB
VmallocTotal:     253952 kB
VmallocUsed:       77356 kB
VmallocChunk:      56324 kB
Time pass: 3 sec

---2015-10-25 15:24:01
MemTotal:        1350964 kB
MemFree:           65868 kB
Buffers:           72128 kB
Cached:           522596 kB
SwapCached:            0 kB
Active:           878416 kB
Inactive:         200980 kB
Active(anon):     492948 kB
Inactive(anon):     3732 kB
Active(file):     385468 kB
Inactive(file):   197248 kB
Unevictable:        8224 kB
Mlocked:               0 kB
HighTotal:        802816 kB
HighFree:          13716 kB
LowTotal:         548148 kB
LowFree:           52152 kB
SwapTotal:             0 kB
SwapFree:              0 kB
Dirty:                 0 kB
Writeback:             0 kB
AnonPages:        492984 kB
Mapped:           170976 kB
Shmem:              3784 kB
Slab:              35896 kB
SReclaimable:      13604 kB
SUnreclaim:        22292 kB
KernelStack:        7896 kB
PageTables:        15168 kB
NFS_Unstable:          0 kB
Bounce:                0 kB
WritebackTmp:          0 kB
CommitLimit:      675480 kB
Committed_AS:   33155344 kB
VmallocTotal:     253952 kB
VmallocUsed:       77356 kB
VmallocChunk:      56324 kB
Time pass: 6 sec

---2015-10-25 15:24:01
MemTotal:        1350964 kB
MemFree:           65364 kB
Buffers:           72128 kB
Cached:           522596 kB
SwapCached:            0 kB
Active:           878600 kB
Inactive:         200980 kB
Active(anon):     493132 kB
Inactive(anon):     3732 kB
Active(file):     385468 kB
Inactive(file):   197248 kB
Unevictable:        8224 kB
Mlocked:               0 kB
HighTotal:        802816 kB
HighFree:          13344 kB
LowTotal:         548148 kB
LowFree:           52020 kB
SwapTotal:             0 kB
SwapFree:              0 kB
Dirty:                 0 kB
Writeback:             0 kB
AnonPages:        493044 kB
Mapped:           170976 kB
Shmem:              3784 kB
Slab:              35896 kB
SReclaimable:      13604 kB
SUnreclaim:        22292 kB
KernelStack:        7880 kB
PageTables:        15164 kB
NFS_Unstable:          0 kB
Bounce:                0 kB
WritebackTmp:          0 kB
CommitLimit:      675480 kB
Committed_AS:   33155320 kB
VmallocTotal:     253952 kB
VmallocUsed:       77356 kB
VmallocChunk:      56324 kB
Time pass: 10 sec

---2015-10-25 15:24:01
MemTotal:        1350964 kB
MemFree:           64868 kB
Buffers:           72128 kB
Cached:           522596 kB
SwapCached:            0 kB
Active:           878476 kB
Inactive:         200980 kB
Active(anon):     493008 kB
Inactive(anon):     3732 kB
Active(file):     385468 kB
Inactive(file):   197248 kB
Unevictable:        8224 kB
Mlocked:               0 kB
HighTotal:        802816 kB
HighFree:          12848 kB
LowTotal:         548148 kB
LowFree:           52020 kB
SwapTotal:             0 kB
SwapFree:              0 kB
Dirty:                 0 kB
Writeback:             0 kB
AnonPages:        493040 kB
Mapped:           170828 kB
Shmem:              3784 kB
Slab:              35896 kB
SReclaimable:      13604 kB
SUnreclaim:        22292 kB
KernelStack:        7880 kB
PageTables:        15164 kB
NFS_Unstable:          0 kB
Bounce:                0 kB
WritebackTmp:          0 kB
CommitLimit:      675480 kB
Committed_AS:   33155276 kB
VmallocTotal:     253952 kB
VmallocUsed:       77356 kB
VmallocChunk:      56324 kB
Time pass: 13 sec

---2015-10-25 15:24:01
MemTotal:        1350964 kB
MemFree:           66852 kB
Buffers:           72128 kB
Cached:           522596 kB
SwapCached:            0 kB
Active:           876836 kB
Inactive:         200980 kB
Active(anon):     491368 kB
Inactive(anon):     3732 kB
Active(file):     385468 kB
Inactive(file):   197248 kB
Unevictable:        8224 kB
Mlocked:               0 kB
HighTotal:        802816 kB
HighFree:          14708 kB
LowTotal:         548148 kB
LowFree:           52144 kB
SwapTotal:             0 kB
SwapFree:              0 kB
Dirty:                 0 kB
Writeback:             0 kB
AnonPages:        491452 kB
Mapped:           170828 kB
Shmem:              3784 kB
Slab:              35896 kB
SReclaimable:      13604 kB
SUnreclaim:        22292 kB
KernelStack:        7880 kB
PageTables:        15164 kB
NFS_Unstable:          0 kB
Bounce:                0 kB
WritebackTmp:          0 kB
CommitLimit:      675480 kB
Committed_AS:   33155280 kB
VmallocTotal:     253952 kB
VmallocUsed:       77356 kB
VmallocChunk:      56324 kB
Time pass: 17 sec

---2015-10-25 15:24:01
MemTotal:        1350964 kB
MemFree:           66752 kB
Buffers:           72128 kB
Cached:           522596 kB
SwapCached:            0 kB
Active:           876912 kB
Inactive:         200980 kB
Active(anon):     491444 kB
Inactive(anon):     3732 kB
Active(file):     385468 kB
Inactive(file):   197248 kB
Unevictable:        8224 kB
Mlocked:               0 kB
HighTotal:        802816 kB
HighFree:          14584 kB
LowTotal:         548148 kB
LowFree:           52168 kB
SwapTotal:             0 kB
SwapFree:              0 kB
Dirty:                 0 kB
Writeback:             0 kB
AnonPages:        491360 kB
Mapped:           170976 kB
Shmem:              3784 kB
Slab:              35896 kB
SReclaimable:      13604 kB
SUnreclaim:        22292 kB
KernelStack:        7880 kB
PageTables:        15164 kB
NFS_Unstable:          0 kB
Bounce:                0 kB
WritebackTmp:          0 kB
CommitLimit:      675480 kB
Committed_AS:   33155264 kB
VmallocTotal:     253952 kB
VmallocUsed:       77356 kB
VmallocChunk:      56324 kB
Time pass: 20 sec

---2015-10-25 15:24:01
MemTotal:        1350964 kB
MemFree:           66876 kB
Buffers:           72128 kB
Cached:           522596 kB
SwapCached:            0 kB
Active:           876960 kB
Inactive:         200980 kB
Active(anon):     491492 kB
Inactive(anon):     3732 kB
Active(file):     385468 kB
Inactive(file):   197248 kB
Unevictable:        8224 kB
Mlocked:               0 kB
HighTotal:        802816 kB
HighFree:          14708 kB
LowTotal:         548148 kB
LowFree:           52168 kB
SwapTotal:             0 kB
SwapFree:              0 kB
Dirty:                 0 kB
Writeback:             0 kB
AnonPages:        491540 kB
Mapped:           170976 kB
Shmem:              3784 kB
Slab:              35896 kB
SReclaimable:      13604 kB
SUnreclaim:        22292 kB
KernelStack:        7880 kB
PageTables:        15164 kB
NFS_Unstable:          0 kB
Bounce:                0 kB
WritebackTmp:          0 kB
CommitLimit:      675480 kB
Committed_AS:   33155304 kB
VmallocTotal:     253952 kB
VmallocUsed:       77356 kB
VmallocChunk:      56324 kB
Time pass: 24 sec

---2015-10-25 15:24:01
MemTotal:        1350964 kB
MemFree:           66876 kB
Buffers:           72128 kB
Cached:           522596 kB
SwapCached:            0 kB
Active:           877048 kB
Inactive:         200980 kB
Active(anon):     491580 kB
Inactive(anon):     3732 kB
Active(file):     385468 kB
Inactive(file):   197248 kB
Unevictable:        8224 kB
Mlocked:               0 kB
HighTotal:        802816 kB
HighFree:          14708 kB
LowTotal:         548148 kB
LowFree:           52168 kB
SwapTotal:             0 kB
SwapFree:              0 kB
Dirty:                 0 kB
Writeback:             0 kB
AnonPages:        491424 kB
Mapped:           170828 kB
Shmem:              3784 kB
Slab:              35896 kB
SReclaimable:      13604 kB
SUnreclaim:        22292 kB
KernelStack:        7880 kB
PageTables:        15164 kB
NFS_Unstable:          0 kB
Bounce:                0 kB
WritebackTmp:          0 kB
CommitLimit:      675480 kB
Committed_AS:   33155256 kB
VmallocTotal:     253952 kB
VmallocUsed:       77356 kB
VmallocChunk:      56324 kB
Time pass: 27 sec

---2015-10-25 15:24:01
MemTotal:        1350964 kB
MemFree:           66628 kB
Buffers:           72128 kB
Cached:           522596 kB
SwapCached:            0 kB
Active:           877040 kB
Inactive:         200980 kB
Active(anon):     491572 kB
Inactive(anon):     3732 kB
Active(file):     385468 kB
Inactive(file):   197248 kB
Unevictable:        8224 kB
Mlocked:               0 kB
HighTotal:        802816 kB
HighFree:          14460 kB
LowTotal:         548148 kB
LowFree:           52168 kB
SwapTotal:             0 kB
SwapFree:              0 kB
Dirty:                 0 kB
Writeback:             0 kB
AnonPages:        491624 kB
Mapped:           170976 kB
Shmem:              3784 kB
Slab:              35896 kB
SReclaimable:      13604 kB
SUnreclaim:        22292 kB
KernelStack:        7880 kB
PageTables:        15160 kB
NFS_Unstable:          0 kB
Bounce:                0 kB
WritebackTmp:          0 kB
CommitLimit:      675480 kB
Committed_AS:   33155192 kB
VmallocTotal:     253952 kB
VmallocUsed:       77356 kB
VmallocChunk:      56324 kB
Time pass: 31 sec

---2015-10-25 15:24:01
MemTotal:        1350964 kB
MemFree:           66752 kB
Buffers:           72128 kB
Cached:           522596 kB
SwapCached:            0 kB
Active:           877064 kB
Inactive:         200980 kB
Active(anon):     491596 kB
Inactive(anon):     3732 kB
Active(file):     385468 kB
Inactive(file):   197248 kB
Unevictable:        8224 kB
Mlocked:               0 kB
HighTotal:        802816 kB
HighFree:          14584 kB
LowTotal:         548148 kB
LowFree:           52168 kB
SwapTotal:             0 kB
SwapFree:              0 kB
Dirty:                 0 kB
Writeback:             0 kB
AnonPages:        491508 kB
Mapped:           170976 kB
Shmem:              3784 kB
Slab:              35896 kB
SReclaimable:      13604 kB
SUnreclaim:        22292 kB
KernelStack:        7880 kB
PageTables:        15160 kB
NFS_Unstable:          0 kB
Bounce:                0 kB
WritebackTmp:          0 kB
CommitLimit:      675480 kB
Committed_AS:   33155296 kB
VmallocTotal:     253952 kB
VmallocUsed:       77356 kB
VmallocChunk:      56324 kB
Time pass: 34 sec

---2015-10-25 15:24:01
MemTotal:        1350964 kB
MemFree:           66628 kB
Buffers:           72128 kB
Cached:           522596 kB
SwapCached:            0 kB
Active:           877076 kB
Inactive:         200980 kB
Active(anon):     491608 kB
Inactive(anon):     3732 kB
Active(file):     385468 kB
Inactive(file):   197248 kB
Unevictable:        8224 kB
Mlocked:               0 kB
HighTotal:        802816 kB
HighFree:          14460 kB
LowTotal:         548148 kB
LowFree:           52168 kB
SwapTotal:             0 kB
SwapFree:              0 kB
Dirty:                 0 kB
Writeback:             0 kB
AnonPages:        491560 kB
Mapped:           170828 kB
Shmem:              3784 kB
Slab:              35896 kB
SReclaimable:      13604 kB
SUnreclaim:        22292 kB
KernelStack:        7880 kB
PageTables:        15160 kB
NFS_Unstable:          0 kB
Bounce:                0 kB
WritebackTmp:          0 kB
CommitLimit:      675480 kB
Committed_AS:   33155256 kB
VmallocTotal:     253952 kB
VmallocUsed:       77356 kB
VmallocChunk:      56324 kB
Time pass: 38 sec

---2015-10-25 15:24:01
MemTotal:        1350964 kB
MemFree:           66728 kB
Buffers:           72128 kB
Cached:           522596 kB
SwapCached:            0 kB
Active:           877124 kB
Inactive:         200980 kB
Active(anon):     491656 kB
Inactive(anon):     3732 kB
Active(file):     385468 kB
Inactive(file):   197248 kB
Unevictable:        8224 kB
Mlocked:               0 kB
HighTotal:        802816 kB
HighFree:          14460 kB
LowTotal:         548148 kB
LowFree:           52268 kB
SwapTotal:             0 kB
SwapFree:              0 kB
Dirty:                 0 kB
Writeback:             0 kB
AnonPages:        491740 kB
Mapped:           170976 kB
Shmem:              3784 kB
Slab:              35896 kB
SReclaimable:      13604 kB
SUnreclaim:        22292 kB
KernelStack:        7880 kB
PageTables:        15164 kB
NFS_Unstable:          0 kB
Bounce:                0 kB
WritebackTmp:          0 kB
CommitLimit:      675480 kB
Committed_AS:   33155296 kB
VmallocTotal:     253952 kB
VmallocUsed:       77356 kB
VmallocChunk:      56324 kB
Time pass: 41 sec

---2015-10-25 15:24:01
MemTotal:        1350964 kB
MemFree:           66504 kB
Buffers:           72128 kB
Cached:           522596 kB
SwapCached:            0 kB
Active:           877248 kB
Inactive:         200980 kB
Active(anon):     491780 kB
Inactive(anon):     3732 kB
Active(file):     385468 kB
Inactive(file):   197248 kB
Unevictable:        8224 kB
Mlocked:               0 kB
HighTotal:        802816 kB
HighFree:          14212 kB
LowTotal:         548148 kB
LowFree:           52292 kB
SwapTotal:             0 kB
SwapFree:              0 kB
Dirty:                 0 kB
Writeback:             0 kB
AnonPages:        491628 kB
Mapped:           170828 kB
Shmem:              3784 kB
Slab:              35896 kB
SReclaimable:      13604 kB
SUnreclaim:        22292 kB
KernelStack:        7880 kB
PageTables:        15164 kB
NFS_Unstable:          0 kB
Bounce:                0 kB
WritebackTmp:          0 kB
CommitLimit:      675480 kB
Committed_AS:   33155252 kB
VmallocTotal:     253952 kB
VmallocUsed:       77356 kB
VmallocChunk:      56324 kB
Time pass: 45 sec

---2015-10-25 15:24:01
MemTotal:        1350964 kB
MemFree:           66108 kB
Buffers:           72128 kB
Cached:           522596 kB
SwapCached:            0 kB
Active:           877316 kB
Inactive:         200980 kB
Active(anon):     491848 kB
Inactive(anon):     3732 kB
Active(file):     385468 kB
Inactive(file):   197248 kB
Unevictable:        8224 kB
Mlocked:               0 kB
HighTotal:        802816 kB
HighFree:          14088 kB
LowTotal:         548148 kB
LowFree:           52020 kB
SwapTotal:             0 kB
SwapFree:              0 kB
Dirty:                 0 kB
Writeback:             0 kB
AnonPages:        491820 kB
Mapped:           170976 kB
Shmem:              3784 kB
Slab:              35896 kB
SReclaimable:      13604 kB
SUnreclaim:        22292 kB
KernelStack:        7880 kB
PageTables:        15164 kB
NFS_Unstable:          0 kB
Bounce:                0 kB
WritebackTmp:          0 kB
CommitLimit:      675480 kB
Committed_AS:   33155288 kB
VmallocTotal:     253952 kB
VmallocUsed:       77356 kB
VmallocChunk:      56324 kB
Time pass: 48 sec

---2015-10-25 15:24:01
MemTotal:        1350964 kB
MemFree:           66108 kB
Buffers:           72128 kB
Cached:           522596 kB
SwapCached:            0 kB
Active:           877276 kB
Inactive:         200980 kB
Active(anon):     491808 kB
Inactive(anon):     3732 kB
Active(file):     385468 kB
Inactive(file):   197248 kB
Unevictable:        8224 kB
Mlocked:               0 kB
HighTotal:        802816 kB
HighFree:          13940 kB
LowTotal:         548148 kB
LowFree:           52168 kB
SwapTotal:             0 kB
SwapFree:              0 kB
Dirty:                 0 kB
Writeback:             0 kB
AnonPages:        491860 kB
Mapped:           170976 kB
Shmem:              3784 kB
Slab:              35896 kB
SReclaimable:      13604 kB
SUnreclaim:        22292 kB
KernelStack:        7880 kB
PageTables:        15164 kB
NFS_Unstable:          0 kB
Bounce:                0 kB
WritebackTmp:          0 kB
CommitLimit:      675480 kB
Committed_AS:   33155160 kB
VmallocTotal:     253952 kB
VmallocUsed:       77356 kB
VmallocChunk:      56324 kB
Time pass: 52 sec

---2015-10-25 15:24:01
MemTotal:        1350964 kB
MemFree:           66256 kB
Buffers:           72128 kB
Cached:           522596 kB
SwapCached:            0 kB
Active:           877304 kB
Inactive:         200980 kB
Active(anon):     491836 kB
Inactive(anon):     3732 kB
Active(file):     385468 kB
Inactive(file):   197248 kB
Unevictable:        8224 kB
Mlocked:               0 kB
HighTotal:        802816 kB
HighFree:          14212 kB
LowTotal:         548148 kB
LowFree:           52044 kB
SwapTotal:             0 kB
SwapFree:              0 kB
Dirty:                 0 kB
Writeback:             0 kB
AnonPages:        491888 kB
Mapped:           170976 kB
Shmem:              3784 kB
Slab:              35896 kB
SReclaimable:      13604 kB
SUnreclaim:        22292 kB
KernelStack:        7880 kB
PageTables:        15164 kB
NFS_Unstable:          0 kB
Bounce:                0 kB
WritebackTmp:          0 kB
CommitLimit:      675480 kB
Committed_AS:   33155296 kB
VmallocTotal:     253952 kB
VmallocUsed:       77356 kB
VmallocChunk:      56324 kB
Time pass: 55 sec

---2015-10-25 15:24:01
MemTotal:        1350964 kB
MemFree:           66380 kB
Buffers:           72128 kB
Cached:           522596 kB
SwapCached:            0 kB
Active:           877452 kB
Inactive:         200980 kB
Active(anon):     491984 kB
Inactive(anon):     3732 kB
Active(file):     385468 kB
Inactive(file):   197248 kB
Unevictable:        8224 kB
Mlocked:               0 kB
HighTotal:        802816 kB
HighFree:          14212 kB
LowTotal:         548148 kB
LowFree:           52168 kB
SwapTotal:             0 kB
SwapFree:              0 kB
Dirty:                 0 kB
Writeback:             0 kB
AnonPages:        491960 kB
Mapped:           170976 kB
Shmem:              3784 kB
Slab:              35896 kB
SReclaimable:      13604 kB
SUnreclaim:        22292 kB
KernelStack:        7880 kB
PageTables:        15164 kB
NFS_Unstable:          0 kB
Bounce:                0 kB
WritebackTmp:          0 kB
CommitLimit:      675480 kB
Committed_AS:   33155292 kB
VmallocTotal:     253952 kB
VmallocUsed:       77356 kB
VmallocChunk:      56324 kB
Time pass: 59 sec

---2015-10-25 15:24:01
MemTotal:        1350964 kB
MemFree:           66504 kB
Buffers:           72128 kB
Cached:           522596 kB
SwapCached:            0 kB
Active:           877400 kB
Inactive:         200980 kB
Active(anon):     491932 kB
Inactive(anon):     3732 kB
Active(file):     385468 kB
Inactive(file):   197248 kB
Unevictable:        8224 kB
Mlocked:               0 kB
HighTotal:        802816 kB
HighFree:          14336 kB
LowTotal:         548148 kB
LowFree:           52168 kB
SwapTotal:             0 kB
SwapFree:              0 kB
Dirty:                 0 kB
Writeback:             0 kB
AnonPages:        491992 kB
Mapped:           170976 kB
Shmem:              3784 kB
Slab:              35896 kB
SReclaimable:      13604 kB
SUnreclaim:        22292 kB
KernelStack:        7880 kB
PageTables:        15164 kB
NFS_Unstable:          0 kB
Bounce:                0 kB
WritebackTmp:          0 kB
CommitLimit:      675480 kB
Committed_AS:   33155288 kB
VmallocTotal:     253952 kB
VmallocUsed:       77356 kB
VmallocChunk:      56324 kB
Time pass: 63 sec

---2015-10-25 15:24:01
MemTotal:        1350964 kB
MemFree:           66240 kB
Buffers:           72128 kB
Cached:           522596 kB
SwapCached:            0 kB
Active:           877424 kB
Inactive:         200980 kB
Active(anon):     491956 kB
Inactive(anon):     3732 kB
Active(file):     385468 kB
Inactive(file):   197248 kB
Unevictable:        8224 kB
Mlocked:               0 kB
HighTotal:        802816 kB
HighFree:          14212 kB
LowTotal:         548148 kB
LowFree:           52028 kB
SwapTotal:             0 kB
SwapFree:              0 kB
Dirty:                 0 kB
Writeback:             0 kB
AnonPages:        492016 kB
Mapped:           170984 kB
Shmem:              3784 kB
Slab:              35896 kB
SReclaimable:      13604 kB
SUnreclaim:        22292 kB
KernelStack:        7880 kB
PageTables:        15148 kB
NFS_Unstable:          0 kB
Bounce:                0 kB
WritebackTmp:          0 kB
CommitLimit:      675480 kB
Committed_AS:   33155296 kB
VmallocTotal:     253952 kB
VmallocUsed:       77356 kB
VmallocChunk:      56324 kB
Time pass: 66 sec

---2015-10-25 15:24:01
MemTotal:        1350964 kB
MemFree:           66604 kB
Buffers:           72128 kB
Cached:           522596 kB
SwapCached:            0 kB
Active:           877484 kB
Inactive:         200980 kB
Active(anon):     492016 kB
Inactive(anon):     3732 kB
Active(file):     385468 kB
Inactive(file):   197248 kB
Unevictable:        8224 kB
Mlocked:               0 kB
HighTotal:        802816 kB
HighFree:          14188 kB
LowTotal:         548148 kB
LowFree:           52416 kB
SwapTotal:             0 kB
SwapFree:              0 kB
Dirty:                 0 kB
Writeback:             0 kB
AnonPages:        491992 kB
Mapped:           170828 kB
Shmem:              3784 kB
Slab:              35896 kB
SReclaimable:      13604 kB
SUnreclaim:        22292 kB
KernelStack:        7880 kB
PageTables:        15160 kB
NFS_Unstable:          0 kB
Bounce:                0 kB
WritebackTmp:          0 kB
CommitLimit:      675480 kB
Committed_AS:   33155256 kB
VmallocTotal:     253952 kB
VmallocUsed:       77356 kB
VmallocChunk:      56324 kB
Time pass: 70 sec

---2015-10-25 15:24:01
MemTotal:        1350964 kB
MemFree:           66504 kB
Buffers:           72128 kB
Cached:           522596 kB
SwapCached:            0 kB
Active:           877596 kB
Inactive:         200980 kB
Active(anon):     492128 kB
Inactive(anon):     3732 kB
Active(file):     385468 kB
Inactive(file):   197248 kB
Unevictable:        8224 kB
Mlocked:               0 kB
HighTotal:        802816 kB
HighFree:          14088 kB
LowTotal:         548148 kB
LowFree:           52416 kB
SwapTotal:             0 kB
SwapFree:              0 kB
Dirty:                 0 kB
Writeback:             0 kB
AnonPages:        492168 kB
Mapped:           170976 kB
Shmem:              3784 kB
Slab:              35896 kB
SReclaimable:      13604 kB
SUnreclaim:        22292 kB
KernelStack:        7880 kB
PageTables:        15164 kB
NFS_Unstable:          0 kB
Bounce:                0 kB
WritebackTmp:          0 kB
CommitLimit:      675480 kB
Committed_AS:   33155296 kB
VmallocTotal:     253952 kB
VmallocUsed:       77356 kB
VmallocChunk:      56324 kB
Time pass: 73 sec

---2015-10-25 15:24:01
MemTotal:        1350964 kB
MemFree:           66380 kB
Buffers:           72128 kB
Cached:           522596 kB
SwapCached:            0 kB
Active:           877600 kB
Inactive:         200980 kB
Active(anon):     492132 kB
Inactive(anon):     3732 kB
Active(file):     385468 kB
Inactive(file):   197248 kB
Unevictable:        8224 kB
Mlocked:               0 kB
HighTotal:        802816 kB
HighFree:          13964 kB
LowTotal:         548148 kB
LowFree:           52416 kB
SwapTotal:             0 kB
SwapFree:              0 kB
Dirty:                 0 kB
Writeback:             0 kB
AnonPages:        492208 kB
Mapped:           170976 kB
Shmem:              3784 kB
Slab:              35896 kB
SReclaimable:      13604 kB
SUnreclaim:        22292 kB
KernelStack:        7880 kB
PageTables:        15164 kB
NFS_Unstable:          0 kB
Bounce:                0 kB
WritebackTmp:          0 kB
CommitLimit:      675480 kB
Committed_AS:   33155280 kB
VmallocTotal:     253952 kB
VmallocUsed:       77356 kB
VmallocChunk:      56324 kB
Time pass: 77 sec

---2015-10-25 15:24:01
MemTotal:        1350964 kB
MemFree:           66380 kB
Buffers:           72128 kB
Cached:           522596 kB
SwapCached:            0 kB
Active:           877660 kB
Inactive:         200980 kB
Active(anon):     492192 kB
Inactive(anon):     3732 kB
Active(file):     385468 kB
Inactive(file):   197248 kB
Unevictable:        8224 kB
Mlocked:               0 kB
HighTotal:        802816 kB
HighFree:          13840 kB
LowTotal:         548148 kB
LowFree:           52540 kB
SwapTotal:             0 kB
SwapFree:              0 kB
Dirty:                 0 kB
Writeback:             0 kB
AnonPages:        492272 kB
Mapped:           170976 kB
Shmem:              3784 kB
Slab:              35896 kB
SReclaimable:      13604 kB
SUnreclaim:        22292 kB
KernelStack:        7880 kB
PageTables:        15164 kB
NFS_Unstable:          0 kB
Bounce:                0 kB
WritebackTmp:          0 kB
CommitLimit:      675480 kB
Committed_AS:   33155296 kB
VmallocTotal:     253952 kB
VmallocUsed:       77356 kB
VmallocChunk:      56324 kB
Time pass: 80 sec

---2015-10-25 15:24:01
MemTotal:        1350964 kB
MemFree:           66364 kB
Buffers:           72128 kB
Cached:           522596 kB
SwapCached:            0 kB
Active:           877732 kB
Inactive:         200980 kB
Active(anon):     492264 kB
Inactive(anon):     3732 kB
Active(file):     385468 kB
Inactive(file):   197248 kB
Unevictable:        8224 kB
Mlocked:               0 kB
HighTotal:        802816 kB
HighFree:          13716 kB
LowTotal:         548148 kB
LowFree:           52648 kB
SwapTotal:             0 kB
SwapFree:              0 kB
Dirty:                 0 kB
Writeback:             0 kB
AnonPages:        492184 kB
Mapped:           170932 kB
Shmem:              3784 kB
Slab:              35896 kB
SReclaimable:      13604 kB
SUnreclaim:        22292 kB
KernelStack:        7880 kB
PageTables:        15132 kB
NFS_Unstable:          0 kB
Bounce:                0 kB
WritebackTmp:          0 kB
CommitLimit:      675480 kB
Committed_AS:   33155304 kB
VmallocTotal:     253952 kB
VmallocUsed:       77356 kB
VmallocChunk:      56324 kB
Time pass: 84 sec

---2015-10-25 15:24:01
MemTotal:        1350964 kB
MemFree:           66256 kB
Buffers:           72128 kB
Cached:           522596 kB
SwapCached:            0 kB
Active:           877824 kB
Inactive:         200980 kB
Active(anon):     492356 kB
Inactive(anon):     3732 kB
Active(file):     385468 kB
Inactive(file):   197248 kB
Unevictable:        8224 kB
Mlocked:               0 kB
HighTotal:        802816 kB
HighFree:          13716 kB
LowTotal:         548148 kB
LowFree:           52540 kB
SwapTotal:             0 kB
SwapFree:              0 kB
Dirty:                 0 kB
Writeback:             0 kB
AnonPages:        492356 kB
Mapped:           170976 kB
Shmem:              3784 kB
Slab:              35896 kB
SReclaimable:      13604 kB
SUnreclaim:        22292 kB
KernelStack:        7880 kB
PageTables:        15160 kB
NFS_Unstable:          0 kB
Bounce:                0 kB
WritebackTmp:          0 kB
CommitLimit:      675480 kB
Committed_AS:   33155224 kB
VmallocTotal:     253952 kB
VmallocUsed:       77356 kB
VmallocChunk:      56324 kB
Time pass: 87 sec

---2015-10-25 15:24:01
MemTotal:        1350964 kB
MemFree:           80980 kB
Buffers:           72144 kB
Cached:           522580 kB
SwapCached:            0 kB
Active:           877748 kB
Inactive:         200912 kB
Active(anon):     492216 kB
Inactive(anon):     3728 kB
Active(file):     385532 kB
Inactive(file):   197184 kB
Unevictable:        8224 kB
Mlocked:               0 kB
HighTotal:        802816 kB
HighFree:          15156 kB
LowTotal:         548148 kB
LowFree:           65824 kB
SwapTotal:             0 kB
SwapFree:              0 kB
Dirty:                 4 kB
Writeback:            48 kB
AnonPages:        492052 kB
Mapped:           175748 kB
Shmem:              3784 kB
Slab:              35896 kB
SReclaimable:      13604 kB
SUnreclaim:        22292 kB
KernelStack:        7936 kB
PageTables:        15304 kB
NFS_Unstable:          0 kB
Bounce:                0 kB
WritebackTmp:          0 kB
CommitLimit:      675480 kB
Committed_AS:   33928700 kB
VmallocTotal:     253952 kB
VmallocUsed:       78384 kB
VmallocChunk:      56324 kB
Time pass: 91 sec

---2015-10-25 15:24:01
MemTotal:        1350964 kB
MemFree:           31344 kB
Buffers:           71088 kB
Cached:           519444 kB
SwapCached:            0 kB
Active:           886024 kB
Inactive:         205024 kB
Active(anon):     509196 kB
Inactive(anon):     3836 kB
Active(file):     376828 kB
Inactive(file):   201188 kB
Unevictable:        8224 kB
Mlocked:               0 kB
HighTotal:        802816 kB
HighFree:           2288 kB
LowTotal:         548148 kB
LowFree:           29056 kB
SwapTotal:             0 kB
SwapFree:              0 kB
Dirty:               904 kB
Writeback:             0 kB
AnonPages:        509520 kB
Mapped:           188344 kB
Shmem:              3936 kB
Slab:              35888 kB
SReclaimable:      13604 kB
SUnreclaim:        22284 kB
KernelStack:        8264 kB
PageTables:        15764 kB
NFS_Unstable:          0 kB
Bounce:                0 kB
WritebackTmp:          0 kB
CommitLimit:      675480 kB
Committed_AS:   34069288 kB
VmallocTotal:     253952 kB
VmallocUsed:       79256 kB
VmallocChunk:      56324 kB
Time pass: 94 sec

---2015-10-25 15:24:01
MemTotal:        1350964 kB
MemFree:           33720 kB
Buffers:           67708 kB
Cached:           501248 kB
SwapCached:            0 kB
Active:           855240 kB
Inactive:         217104 kB
Active(anon):     511744 kB
Inactive(anon):     3864 kB
Active(file):     343496 kB
Inactive(file):   213240 kB
Unevictable:        8304 kB
Mlocked:               0 kB
HighTotal:        802816 kB
HighFree:           4048 kB
LowTotal:         548148 kB
LowFree:           29672 kB
SwapTotal:             0 kB
SwapFree:              0 kB
Dirty:               532 kB
Writeback:             0 kB
AnonPages:        511556 kB
Mapped:           182684 kB
Shmem:              3916 kB
Slab:              35900 kB
SReclaimable:      13612 kB
SUnreclaim:        22288 kB
KernelStack:        8320 kB
PageTables:        15836 kB
NFS_Unstable:          0 kB
Bounce:                0 kB
WritebackTmp:          0 kB
CommitLimit:      675480 kB
Committed_AS:   34084572 kB
VmallocTotal:     253952 kB
VmallocUsed:       79256 kB
VmallocChunk:      56324 kB
Time pass: 98 sec

---2015-10-25 15:24:01
MemTotal:        1350964 kB
MemFree:           35432 kB
Buffers:           61792 kB
Cached:           482272 kB
SwapCached:            0 kB
Active:           846552 kB
Inactive:         215624 kB
Active(anon):     526472 kB
Inactive(anon):     3868 kB
Active(file):     320080 kB
Inactive(file):   211756 kB
Unevictable:        8304 kB
Mlocked:               0 kB
HighTotal:        802816 kB
HighFree:           4760 kB
LowTotal:         548148 kB
LowFree:           30672 kB
SwapTotal:             0 kB
SwapFree:              0 kB
Dirty:               704 kB
Writeback:             8 kB
AnonPages:        526544 kB
Mapped:           184016 kB
Shmem:              3920 kB
Slab:              35932 kB
SReclaimable:      13612 kB
SUnreclaim:        22320 kB
KernelStack:        8408 kB
PageTables:        15908 kB
NFS_Unstable:          0 kB
Bounce:                0 kB
WritebackTmp:          0 kB
CommitLimit:      675480 kB
Committed_AS:   34112128 kB
VmallocTotal:     253952 kB
VmallocUsed:       79256 kB
VmallocChunk:      56324 kB
Time pass: 102 sec

---2015-10-25 15:24:01
MemTotal:        1350964 kB
MemFree:           34608 kB
Buffers:           53024 kB
Cached:           468368 kB
SwapCached:            0 kB
Active:           819020 kB
Inactive:         222076 kB
Active(anon):     528176 kB
Inactive(anon):     3868 kB
Active(file):     290844 kB
Inactive(file):   218208 kB
Unevictable:        8304 kB
Mlocked:               0 kB
HighTotal:        802816 kB
HighFree:           3096 kB
LowTotal:         548148 kB
LowFree:           31512 kB
SwapTotal:             0 kB
SwapFree:              0 kB
Dirty:              3576 kB
Writeback:             0 kB
AnonPages:        528128 kB
Mapped:           180008 kB
Shmem:              3920 kB
Slab:              35932 kB
SReclaimable:      13612 kB
SUnreclaim:        22320 kB
KernelStack:        8400 kB
PageTables:        15944 kB
NFS_Unstable:          0 kB
Bounce:                0 kB
WritebackTmp:          0 kB
CommitLimit:      675480 kB
Committed_AS:   34133716 kB
VmallocTotal:     253952 kB
VmallocUsed:       79256 kB
VmallocChunk:      56324 kB
Time pass: 105 sec

---2015-10-25 15:24:01
MemTotal:        1350964 kB
MemFree:           34644 kB
Buffers:           51496 kB
Cached:           466540 kB
SwapCached:            0 kB
Active:           812924 kB
Inactive:         223612 kB
Active(anon):     526860 kB
Inactive(anon):     3868 kB
Active(file):     286064 kB
Inactive(file):   219744 kB
Unevictable:        8304 kB
Mlocked:               0 kB
HighTotal:        802816 kB
HighFree:           3976 kB
LowTotal:         548148 kB
LowFree:           30668 kB
SwapTotal:             0 kB
SwapFree:              0 kB
Dirty:              3772 kB
Writeback:             0 kB
AnonPages:        526828 kB
Mapped:           179892 kB
Shmem:              3920 kB
Slab:              35940 kB
SReclaimable:      13612 kB
SUnreclaim:        22328 kB
KernelStack:        8400 kB
PageTables:        15944 kB
NFS_Unstable:          0 kB
Bounce:                0 kB
WritebackTmp:          0 kB
CommitLimit:      675480 kB
Committed_AS:   34136972 kB
VmallocTotal:     253952 kB
VmallocUsed:       79256 kB
VmallocChunk:      56324 kB
Time pass: 109 sec

---2015-10-25 15:24:01
MemTotal:        1350964 kB
MemFree:           34188 kB
Buffers:           51496 kB
Cached:           466540 kB
SwapCached:            0 kB
Active:           813512 kB
Inactive:         223612 kB
Active(anon):     527448 kB
Inactive(anon):     3868 kB
Active(file):     286064 kB
Inactive(file):   219744 kB
Unevictable:        8304 kB
Mlocked:               0 kB
HighTotal:        802816 kB
HighFree:           3508 kB
LowTotal:         548148 kB
LowFree:           30680 kB
SwapTotal:             0 kB
SwapFree:              0 kB
Dirty:                 0 kB
Writeback:             0 kB
AnonPages:        527556 kB
Mapped:           179996 kB
Shmem:              3920 kB
Slab:              35932 kB
SReclaimable:      13612 kB
SUnreclaim:        22320 kB
KernelStack:        8400 kB
PageTables:        15960 kB
NFS_Unstable:          0 kB
Bounce:                0 kB
WritebackTmp:          0 kB
CommitLimit:      675480 kB
Committed_AS:   34137896 kB
VmallocTotal:     253952 kB
VmallocUsed:       79256 kB
VmallocChunk:      56324 kB
Time pass: 112 sec

---2015-10-25 15:24:01
MemTotal:        1350964 kB
MemFree:           30472 kB
Buffers:           51500 kB
Cached:           467016 kB
SwapCached:            0 kB
Active:           814192 kB
Inactive:         223928 kB
Active(anon):     527972 kB
Inactive(anon):     3868 kB
Active(file):     286220 kB
Inactive(file):   220060 kB
Unevictable:        8304 kB
Mlocked:               0 kB
HighTotal:        802816 kB
HighFree:           1992 kB
LowTotal:         548148 kB
LowFree:           28480 kB
SwapTotal:             0 kB
SwapFree:              0 kB
Dirty:               720 kB
Writeback:             0 kB
AnonPages:        527932 kB
Mapped:           179860 kB
Shmem:              3920 kB
Slab:              35884 kB
SReclaimable:      13612 kB
SUnreclaim:        22272 kB
KernelStack:        8400 kB
PageTables:        15964 kB
NFS_Unstable:          0 kB
Bounce:                0 kB
WritebackTmp:          0 kB
CommitLimit:      675480 kB
Committed_AS:   34141124 kB
VmallocTotal:     253952 kB
VmallocUsed:       79256 kB
VmallocChunk:      56324 kB
Time pass: 116 sec

---2015-10-25 15:24:01
MemTotal:        1350964 kB
MemFree:           30596 kB
Buffers:           51500 kB
Cached:           467016 kB
SwapCached:            0 kB
Active:           814308 kB
Inactive:         223936 kB
Active(anon):     528084 kB
Inactive(anon):     3868 kB
Active(file):     286224 kB
Inactive(file):   220068 kB
Unevictable:        8304 kB
Mlocked:               0 kB
HighTotal:        802816 kB
HighFree:           2116 kB
LowTotal:         548148 kB
LowFree:           28480 kB
SwapTotal:             0 kB
SwapFree:              0 kB
Dirty:               120 kB
Writeback:             0 kB
AnonPages:        528144 kB
Mapped:           180008 kB
Shmem:              3920 kB
Slab:              35904 kB
SReclaimable:      13612 kB
SUnreclaim:        22292 kB
KernelStack:        8400 kB
PageTables:        15964 kB
NFS_Unstable:          0 kB
Bounce:                0 kB
WritebackTmp:          0 kB
CommitLimit:      675480 kB
Committed_AS:   34141000 kB
VmallocTotal:     253952 kB
VmallocUsed:       79256 kB
VmallocChunk:      56324 kB
Time pass: 119 sec

---2015-10-25 15:24:01
MemTotal:        1350964 kB
MemFree:           32316 kB
Buffers:           49752 kB
Cached:           463880 kB
SwapCached:            0 kB
Active:           811672 kB
Inactive:         224924 kB
Active(anon):     531712 kB
Inactive(anon):     3868 kB
Active(file):     279960 kB
Inactive(file):   221056 kB
Unevictable:        8304 kB
Mlocked:               0 kB
HighTotal:        802816 kB
HighFree:           2856 kB
LowTotal:         548148 kB
LowFree:           29460 kB
SwapTotal:             0 kB
SwapFree:              0 kB
Dirty:               296 kB
Writeback:             0 kB
AnonPages:        531880 kB
Mapped:           179712 kB
Shmem:              3920 kB
Slab:              35896 kB
SReclaimable:      13612 kB
SUnreclaim:        22284 kB
KernelStack:        8400 kB
PageTables:        15964 kB
NFS_Unstable:          0 kB
Bounce:                0 kB
WritebackTmp:          0 kB
CommitLimit:      675480 kB
Committed_AS:   34144856 kB
VmallocTotal:     253952 kB
VmallocUsed:       79256 kB
VmallocChunk:      56324 kB
Time pass: 123 sec

---2015-10-25 15:24:01
MemTotal:        1350964 kB
MemFree:           31752 kB
Buffers:           48388 kB
Cached:           459100 kB
SwapCached:            0 kB
Active:           804144 kB
Inactive:         226728 kB
Active(anon):     531740 kB
Inactive(anon):     3868 kB
Active(file):     272404 kB
Inactive(file):   222860 kB
Unevictable:        8304 kB
Mlocked:               0 kB
HighTotal:        802816 kB
HighFree:           2488 kB
LowTotal:         548148 kB
LowFree:           29264 kB
SwapTotal:             0 kB
SwapFree:              0 kB
Dirty:               528 kB
Writeback:             0 kB
AnonPages:        531740 kB
Mapped:           179752 kB
Shmem:              3920 kB
Slab:              35960 kB
SReclaimable:      13612 kB
SUnreclaim:        22348 kB
KernelStack:        8400 kB
PageTables:        15988 kB
NFS_Unstable:          0 kB
Bounce:                0 kB
WritebackTmp:          0 kB
CommitLimit:      675480 kB
Committed_AS:   34151124 kB
VmallocTotal:     253952 kB
VmallocUsed:       79256 kB
VmallocChunk:      56324 kB
Time pass: 126 sec

---2015-10-25 15:24:01
MemTotal:        1350964 kB
MemFree:           31380 kB
Buffers:           48392 kB
Cached:           459100 kB
SwapCached:            0 kB
Active:           804308 kB
Inactive:         226728 kB
Active(anon):     531904 kB
Inactive(anon):     3868 kB
Active(file):     272404 kB
Inactive(file):   222860 kB
Unevictable:        8304 kB
Mlocked:               0 kB
HighTotal:        802816 kB
HighFree:           2240 kB
LowTotal:         548148 kB
LowFree:           29140 kB
SwapTotal:             0 kB
SwapFree:              0 kB
Dirty:                44 kB
Writeback:             0 kB
AnonPages:        531964 kB
Mapped:           180132 kB
Shmem:              3920 kB
Slab:              35920 kB
SReclaimable:      13612 kB
SUnreclaim:        22308 kB
KernelStack:        8400 kB
PageTables:        15984 kB
NFS_Unstable:          0 kB
Bounce:                0 kB
WritebackTmp:          0 kB
CommitLimit:      675480 kB
Committed_AS:   34151216 kB
VmallocTotal:     253952 kB
VmallocUsed:       79256 kB
VmallocChunk:      56324 kB
Time pass: 130 sec

---2015-10-25 15:24:01
MemTotal:        1350964 kB
MemFree:           31132 kB
Buffers:           48392 kB
Cached:           459100 kB
SwapCached:            0 kB
Active:           804436 kB
Inactive:         226728 kB
Active(anon):     532028 kB
Inactive(anon):     3868 kB
Active(file):     272408 kB
Inactive(file):   222860 kB
Unevictable:        8304 kB
Mlocked:               0 kB
HighTotal:        802816 kB
HighFree:           2116 kB
LowTotal:         548148 kB
LowFree:           29016 kB
SwapTotal:             0 kB
SwapFree:              0 kB
Dirty:                44 kB
Writeback:             0 kB
AnonPages:        531868 kB
Mapped:           180132 kB
Shmem:              3920 kB
Slab:              35932 kB
SReclaimable:      13612 kB
SUnreclaim:        22320 kB
KernelStack:        8400 kB
PageTables:        15984 kB
NFS_Unstable:          0 kB
Bounce:                0 kB
WritebackTmp:          0 kB
CommitLimit:      675480 kB
Committed_AS:   34151216 kB
VmallocTotal:     253952 kB
VmallocUsed:       79256 kB
VmallocChunk:      56324 kB
Time pass: 134 sec

---2015-10-25 15:24:01
MemTotal:        1350964 kB
MemFree:           32680 kB
Buffers:           48316 kB
Cached:           446412 kB
SwapCached:            0 kB
Active:           798416 kB
Inactive:         228460 kB
Active(anon):     540508 kB
Inactive(anon):     3984 kB
Active(file):     257908 kB
Inactive(file):   224476 kB
Unevictable:        8304 kB
Mlocked:               0 kB
HighTotal:        802816 kB
HighFree:           1596 kB
LowTotal:         548148 kB
LowFree:           31084 kB
SwapTotal:             0 kB
SwapFree:              0 kB
Dirty:                60 kB
Writeback:             0 kB
AnonPages:        540360 kB
Mapped:           183072 kB
Shmem:              4040 kB
Slab:              36020 kB
SReclaimable:      13612 kB
SUnreclaim:        22408 kB
KernelStack:        8584 kB
PageTables:        16124 kB
NFS_Unstable:          0 kB
Bounce:                0 kB
WritebackTmp:          0 kB
CommitLimit:      675480 kB
Committed_AS:   34175516 kB
VmallocTotal:     253952 kB
VmallocUsed:       79452 kB
VmallocChunk:      56324 kB
Time pass: 137 sec

---2015-10-25 15:24:01
MemTotal:        1350964 kB
MemFree:           32392 kB
Buffers:           48220 kB
Cached:           443144 kB
SwapCached:            0 kB
Active:           799104 kB
Inactive:         226600 kB
Active(anon):     542844 kB
Inactive(anon):     4016 kB
Active(file):     256260 kB
Inactive(file):   222584 kB
Unevictable:        8304 kB
Mlocked:               0 kB
HighTotal:        802816 kB
HighFree:           2756 kB
LowTotal:         548148 kB
LowFree:           29636 kB
SwapTotal:             0 kB
SwapFree:              0 kB
Dirty:                 4 kB
Writeback:             0 kB
AnonPages:        542816 kB
Mapped:           183116 kB
Shmem:              4072 kB
Slab:              36044 kB
SReclaimable:      13612 kB
SUnreclaim:        22432 kB
KernelStack:        8608 kB
PageTables:        16108 kB
NFS_Unstable:          0 kB
Bounce:                0 kB
WritebackTmp:          0 kB
CommitLimit:      675480 kB
Committed_AS:   34178964 kB
VmallocTotal:     253952 kB
VmallocUsed:       79788 kB
VmallocChunk:      56324 kB
Time pass: 141 sec

---2015-10-25 15:24:01
MemTotal:        1350964 kB
MemFree:           32716 kB
Buffers:           48224 kB
Cached:           442420 kB
SwapCached:            0 kB
Active:           799056 kB
Inactive:         226316 kB
Active(anon):     543100 kB
Inactive(anon):     4188 kB
Active(file):     255956 kB
Inactive(file):   222128 kB
Unevictable:        8304 kB
Mlocked:               0 kB
HighTotal:        802816 kB
HighFree:           2612 kB
LowTotal:         548148 kB
LowFree:           30104 kB
SwapTotal:             0 kB
SwapFree:              0 kB
Dirty:                44 kB
Writeback:             0 kB
AnonPages:        543088 kB
Mapped:           183244 kB
Shmem:              4248 kB
Slab:              36040 kB
SReclaimable:      13612 kB
SUnreclaim:        22428 kB
KernelStack:        8592 kB
PageTables:        16160 kB
NFS_Unstable:          0 kB
Bounce:                0 kB
WritebackTmp:          0 kB
CommitLimit:      675480 kB
Committed_AS:   34178936 kB
VmallocTotal:     253952 kB
VmallocUsed:       79788 kB
VmallocChunk:      56324 kB
Time pass: 145 sec

---2015-10-25 15:24:01
MemTotal:        1350964 kB
MemFree:           48924 kB
Buffers:           42660 kB
Cached:           404560 kB
SwapCached:            0 kB
Active:           781416 kB
Inactive:         207680 kB
Active(anon):     550360 kB
Inactive(anon):     3868 kB
Active(file):     231056 kB
Inactive(file):   203812 kB
Unevictable:        8304 kB
Mlocked:               0 kB
HighTotal:        802816 kB
HighFree:          12596 kB
LowTotal:         548148 kB
LowFree:           36328 kB
SwapTotal:             0 kB
SwapFree:              0 kB
Dirty:                92 kB
Writeback:             0 kB
AnonPages:        550520 kB
Mapped:           178612 kB
Shmem:              3920 kB
Slab:              36028 kB
SReclaimable:      13612 kB
SUnreclaim:        22416 kB
KernelStack:        8768 kB
PageTables:        16648 kB
NFS_Unstable:          0 kB
Bounce:                0 kB
WritebackTmp:          0 kB
CommitLimit:      675480 kB
Committed_AS:   35976256 kB
VmallocTotal:     253952 kB
VmallocUsed:       81704 kB
VmallocChunk:      56324 kB
Time pass: 149 sec

---2015-10-25 15:24:01
MemTotal:        1350964 kB
MemFree:          209472 kB
Buffers:           42676 kB
Cached:           404380 kB
SwapCached:            0 kB
Active:           736824 kB
Inactive:         202820 kB
Active(anon):     500896 kB
Inactive(anon):     3768 kB
Active(file):     235928 kB
Inactive(file):   199052 kB
Unevictable:        8304 kB
Mlocked:               0 kB
HighTotal:        802816 kB
HighFree:          81480 kB
LowTotal:         548148 kB
LowFree:          127992 kB
SwapTotal:             0 kB
SwapFree:              0 kB
Dirty:                96 kB
Writeback:             0 kB
AnonPages:        500952 kB
Mapped:           149680 kB
Shmem:              3772 kB
Slab:              36044 kB
SReclaimable:      13620 kB
SUnreclaim:        22424 kB
KernelStack:        8240 kB
PageTables:        15740 kB
NFS_Unstable:          0 kB
Bounce:                0 kB
WritebackTmp:          0 kB
CommitLimit:      675480 kB
Committed_AS:   35896100 kB
VmallocTotal:     253952 kB
VmallocUsed:       78376 kB
VmallocChunk:      56324 kB
Time pass: 152 sec

---2015-10-25 15:24:01
MemTotal:        1350964 kB
MemFree:          217064 kB
Buffers:           42684 kB
Cached:           404392 kB
SwapCached:            0 kB
Active:           729312 kB
Inactive:         202684 kB
Active(anon):     493276 kB
Inactive(anon):     3732 kB
Active(file):     236036 kB
Inactive(file):   198952 kB
Unevictable:        8304 kB
Mlocked:               0 kB
HighTotal:        802816 kB
HighFree:          88524 kB
LowTotal:         548148 kB
LowFree:          128540 kB
SwapTotal:             0 kB
SwapFree:              0 kB
Dirty:                16 kB
Writeback:             0 kB
AnonPages:        493224 kB
Mapped:           149372 kB
Shmem:              3784 kB
Slab:              35968 kB
SReclaimable:      13620 kB
SUnreclaim:        22348 kB
KernelStack:        8048 kB
PageTables:        15284 kB
NFS_Unstable:          0 kB
Bounce:                0 kB
WritebackTmp:          0 kB
CommitLimit:      675480 kB
Committed_AS:   33896344 kB
VmallocTotal:     253952 kB
VmallocUsed:       78376 kB
VmallocChunk:      56324 kB
Time pass: 156 sec

---2015-10-25 15:24:01
MemTotal:        1350964 kB
MemFree:          215020 kB
Buffers:           42692 kB
Cached:           404392 kB
SwapCached:            0 kB
Active:           731736 kB
Inactive:         202684 kB
Active(anon):     495700 kB
Inactive(anon):     3732 kB
Active(file):     236036 kB
Inactive(file):   198952 kB
Unevictable:        8304 kB
Mlocked:               0 kB
HighTotal:        802816 kB
HighFree:          86540 kB
LowTotal:         548148 kB
LowFree:          128480 kB
SwapTotal:             0 kB
SwapFree:              0 kB
Dirty:                36 kB
Writeback:             0 kB
AnonPages:        495644 kB
Mapped:           149420 kB
Shmem:              3784 kB
Slab:              35968 kB
SReclaimable:      13620 kB
SUnreclaim:        22348 kB
KernelStack:        7968 kB
PageTables:        15300 kB
NFS_Unstable:          0 kB
Bounce:                0 kB
WritebackTmp:          0 kB
CommitLimit:      675480 kB
Committed_AS:   33899668 kB
VmallocTotal:     253952 kB
VmallocUsed:       78376 kB
VmallocChunk:      56324 kB
Time pass: 159 sec

---2015-10-25 15:24:01
MemTotal:        1350964 kB
MemFree:          215824 kB
Buffers:           42692 kB
Cached:           404392 kB
SwapCached:            0 kB
Active:           730176 kB
Inactive:         202692 kB
Active(anon):     494140 kB
Inactive(anon):     3732 kB
Active(file):     236036 kB
Inactive(file):   198960 kB
Unevictable:        8304 kB
Mlocked:               0 kB
HighTotal:        802816 kB
HighFree:          87336 kB
LowTotal:         548148 kB
LowFree:          128488 kB
SwapTotal:             0 kB
SwapFree:              0 kB
Dirty:                20 kB
Writeback:             0 kB
AnonPages:        494236 kB
Mapped:           149420 kB
Shmem:              3784 kB
Slab:              35968 kB
SReclaimable:      13620 kB
SUnreclaim:        22348 kB
KernelStack:        7960 kB
PageTables:        15304 kB
NFS_Unstable:          0 kB
Bounce:                0 kB
WritebackTmp:          0 kB
CommitLimit:      675480 kB
Committed_AS:   33896420 kB
VmallocTotal:     253952 kB
VmallocUsed:       78376 kB
VmallocChunk:      56324 kB
Time pass: 163 sec

---2015-10-25 15:24:01
MemTotal:        1350964 kB
MemFree:          216020 kB
Buffers:           42692 kB
Cached:           404392 kB
SwapCached:            0 kB
Active:           729660 kB
Inactive:         202692 kB
Active(anon):     493624 kB
Inactive(anon):     3732 kB
Active(file):     236036 kB
Inactive(file):   198960 kB
Unevictable:        8304 kB
Mlocked:               0 kB
HighTotal:        802816 kB
HighFree:          87656 kB
LowTotal:         548148 kB
LowFree:          128364 kB
SwapTotal:             0 kB
SwapFree:              0 kB
Dirty:                 0 kB
Writeback:             0 kB
AnonPages:        493664 kB
Mapped:           149420 kB
Shmem:              3784 kB
Slab:              35968 kB
SReclaimable:      13620 kB
SUnreclaim:        22348 kB
KernelStack:        7960 kB
PageTables:        15296 kB
NFS_Unstable:          0 kB
Bounce:                0 kB
WritebackTmp:          0 kB
CommitLimit:      675480 kB
Committed_AS:   33896324 kB
VmallocTotal:     253952 kB
VmallocUsed:       78376 kB
VmallocChunk:      56324 kB
Time pass: 166 sec

---2015-10-25 15:24:01
MemTotal:        1350964 kB
MemFree:          217112 kB
Buffers:           42692 kB
Cached:           404392 kB
SwapCached:            0 kB
Active:           728952 kB
Inactive:         202692 kB
Active(anon):     492916 kB
Inactive(anon):     3732 kB
Active(file):     236036 kB
Inactive(file):   198960 kB
Unevictable:        8304 kB
Mlocked:               0 kB
HighTotal:        802816 kB
HighFree:          88624 kB
LowTotal:         548148 kB
LowFree:          128488 kB
SwapTotal:             0 kB
SwapFree:              0 kB
Dirty:                 0 kB
Writeback:             0 kB
AnonPages:        492956 kB
Mapped:           149420 kB
Shmem:              3784 kB
Slab:              35968 kB
SReclaimable:      13620 kB
SUnreclaim:        22348 kB
KernelStack:        7960 kB
PageTables:        15296 kB
NFS_Unstable:          0 kB
Bounce:                0 kB
WritebackTmp:          0 kB
CommitLimit:      675480 kB
Committed_AS:   33896324 kB
VmallocTotal:     253952 kB
VmallocUsed:       78376 kB
VmallocChunk:      56324 kB
Time pass: 170 sec

---2015-10-25 15:24:01
MemTotal:        1350964 kB
MemFree:          217460 kB
Buffers:           42692 kB
Cached:           404392 kB
SwapCached:            0 kB
Active:           729028 kB
Inactive:         202692 kB
Active(anon):     492992 kB
Inactive(anon):     3732 kB
Active(file):     236036 kB
Inactive(file):   198960 kB
Unevictable:        8304 kB
Mlocked:               0 kB
HighTotal:        802816 kB
HighFree:          89020 kB
LowTotal:         548148 kB
LowFree:          128440 kB
SwapTotal:             0 kB
SwapFree:              0 kB
Dirty:                 0 kB
Writeback:             0 kB
AnonPages:        492988 kB
Mapped:           149420 kB
Shmem:              3784 kB
Slab:              35968 kB
SReclaimable:      13620 kB
SUnreclaim:        22348 kB
KernelStack:        7960 kB
PageTables:        15296 kB
NFS_Unstable:          0 kB
Bounce:                0 kB
WritebackTmp:          0 kB
CommitLimit:      675480 kB
Committed_AS:   33896352 kB
VmallocTotal:     253952 kB
VmallocUsed:       78376 kB
VmallocChunk:      56324 kB
Time pass: 173 sec

---2015-10-25 15:24:01
MemTotal:        1350964 kB
MemFree:          217384 kB
Buffers:           42692 kB
Cached:           404392 kB
SwapCached:            0 kB
Active:           729012 kB
Inactive:         202692 kB
Active(anon):     492976 kB
Inactive(anon):     3732 kB
Active(file):     236036 kB
Inactive(file):   198960 kB
Unevictable:        8304 kB
Mlocked:               0 kB
HighTotal:        802816 kB
HighFree:          88896 kB
LowTotal:         548148 kB
LowFree:          128488 kB
SwapTotal:             0 kB
SwapFree:              0 kB
Dirty:                 0 kB
Writeback:             0 kB
AnonPages:        493024 kB
Mapped:           149420 kB
Shmem:              3784 kB
Slab:              35968 kB
SReclaimable:      13620 kB
SUnreclaim:        22348 kB
KernelStack:        7960 kB
PageTables:        15296 kB
NFS_Unstable:          0 kB
Bounce:                0 kB
WritebackTmp:          0 kB
CommitLimit:      675480 kB
Committed_AS:   33896324 kB
VmallocTotal:     253952 kB
VmallocUsed:       78376 kB
VmallocChunk:      56324 kB
Time pass: 177 sec

---2015-10-25 15:24:01
MemTotal:        1350964 kB
MemFree:          217136 kB
Buffers:           42692 kB
Cached:           404392 kB
SwapCached:            0 kB
Active:           729052 kB
Inactive:         202692 kB
Active(anon):     493016 kB
Inactive(anon):     3732 kB
Active(file):     236036 kB
Inactive(file):   198960 kB
Unevictable:        8304 kB
Mlocked:               0 kB
HighTotal:        802816 kB
HighFree:          88648 kB
LowTotal:         548148 kB
LowFree:          128488 kB
SwapTotal:             0 kB
SwapFree:              0 kB
Dirty:                 0 kB
Writeback:             0 kB
AnonPages:        492944 kB
Mapped:           149272 kB
Shmem:              3784 kB
Slab:              35968 kB
SReclaimable:      13620 kB
SUnreclaim:        22348 kB
KernelStack:        7960 kB
PageTables:        15296 kB
NFS_Unstable:          0 kB
Bounce:                0 kB
WritebackTmp:          0 kB
CommitLimit:      675480 kB
Committed_AS:   33896232 kB
VmallocTotal:     253952 kB
VmallocUsed:       78376 kB
VmallocChunk:      56324 kB
Time pass: 180 sec

---2015-10-25 15:24:01
MemTotal:        1350964 kB
MemFree:          217508 kB
Buffers:           42692 kB
Cached:           404392 kB
SwapCached:            0 kB
Active:           729120 kB
Inactive:         202692 kB
Active(anon):     493084 kB
Inactive(anon):     3732 kB
Active(file):     236036 kB
Inactive(file):   198960 kB
Unevictable:        8304 kB
Mlocked:               0 kB
HighTotal:        802816 kB
HighFree:          88772 kB
LowTotal:         548148 kB
LowFree:          128736 kB
SwapTotal:             0 kB
SwapFree:              0 kB
Dirty:                 0 kB
Writeback:             0 kB
AnonPages:        493128 kB
Mapped:           149420 kB
Shmem:              3784 kB
Slab:              35968 kB
SReclaimable:      13620 kB
SUnreclaim:        22348 kB
KernelStack:        7960 kB
PageTables:        15300 kB
NFS_Unstable:          0 kB
Bounce:                0 kB
WritebackTmp:          0 kB
CommitLimit:      675480 kB
Committed_AS:   33896356 kB
VmallocTotal:     253952 kB
VmallocUsed:       78376 kB
VmallocChunk:      56324 kB
Time pass: 184 sec

---2015-10-25 15:24:01
MemTotal:        1350964 kB
MemFree:          225656 kB
Buffers:           42884 kB
Cached:           406864 kB
SwapCached:            0 kB
Active:           736852 kB
Inactive:         204872 kB
Active(anon):     500296 kB
Inactive(anon):     3732 kB
Active(file):     236556 kB
Inactive(file):   201140 kB
Unevictable:        8304 kB
Mlocked:               0 kB
HighTotal:        802816 kB
HighFree:          90260 kB
LowTotal:         548148 kB
LowFree:          135396 kB
SwapTotal:             0 kB
SwapFree:              0 kB
Dirty:               744 kB
Writeback:             0 kB
AnonPages:        500284 kB
Mapped:           163528 kB
Shmem:              3784 kB
Slab:              35968 kB
SReclaimable:      13620 kB
SUnreclaim:        22348 kB
KernelStack:        8008 kB
PageTables:        15640 kB
NFS_Unstable:          0 kB
Bounce:                0 kB
WritebackTmp:          0 kB
CommitLimit:      675480 kB
Committed_AS:   34707224 kB
VmallocTotal:     253952 kB
VmallocUsed:       79404 kB
VmallocChunk:      56324 kB
Time pass: 188 sec

---2015-10-25 15:24:01
MemTotal:        1350964 kB
MemFree:          167008 kB
Buffers:           43076 kB
Cached:           407436 kB
SwapCached:            0 kB
Active:           749240 kB
Inactive:         204648 kB
Active(anon):     511732 kB
Inactive(anon):     3864 kB
Active(file):     237508 kB
Inactive(file):   200784 kB
Unevictable:        8304 kB
Mlocked:               0 kB
HighTotal:        802816 kB
HighFree:          38800 kB
LowTotal:         548148 kB
LowFree:          128208 kB
SwapTotal:             0 kB
SwapFree:              0 kB
Dirty:               932 kB
Writeback:             0 kB
AnonPages:        511724 kB
Mapped:           169732 kB
Shmem:              3916 kB
Slab:              35972 kB
SReclaimable:      13628 kB
SUnreclaim:        22344 kB
KernelStack:        8392 kB
PageTables:        16012 kB
NFS_Unstable:          0 kB
Bounce:                0 kB
WritebackTmp:          0 kB
CommitLimit:      675480 kB
Committed_AS:   34851216 kB
VmallocTotal:     253952 kB
VmallocUsed:       80276 kB
VmallocChunk:      56324 kB
Time pass: 191 sec

---2015-10-25 15:24:01
MemTotal:        1350964 kB
MemFree:          151992 kB
Buffers:           43080 kB
Cached:           407440 kB
SwapCached:            0 kB
Active:           752504 kB
Inactive:         204340 kB
Active(anon):     514680 kB
Inactive(anon):     3860 kB
Active(file):     237824 kB
Inactive(file):   200480 kB
Unevictable:        8304 kB
Mlocked:               0 kB
HighTotal:        802816 kB
HighFree:          31764 kB
LowTotal:         548148 kB
LowFree:          120228 kB
SwapTotal:             0 kB
SwapFree:              0 kB
Dirty:               416 kB
Writeback:             0 kB
AnonPages:        514436 kB
Mapped:           171132 kB
Shmem:              3912 kB
Slab:              35968 kB
SReclaimable:      13624 kB
SUnreclaim:        22344 kB
KernelStack:        8408 kB
PageTables:        16040 kB
NFS_Unstable:          0 kB
Bounce:                0 kB
WritebackTmp:          0 kB
CommitLimit:      675480 kB
Committed_AS:   34860224 kB
VmallocTotal:     253952 kB
VmallocUsed:       80276 kB
VmallocChunk:      56324 kB
Time pass: 194 sec

---2015-10-25 15:24:01
MemTotal:        1350964 kB
MemFree:          150196 kB
Buffers:           43080 kB
Cached:           407444 kB
SwapCached:            0 kB
Active:           751972 kB
Inactive:         204336 kB
Active(anon):     514144 kB
Inactive(anon):     3860 kB
Active(file):     237828 kB
Inactive(file):   200476 kB
Unevictable:        8304 kB
Mlocked:               0 kB
HighTotal:        802816 kB
HighFree:          32228 kB
LowTotal:         548148 kB
LowFree:          117968 kB
SwapTotal:             0 kB
SwapFree:              0 kB
Dirty:                 4 kB
Writeback:             0 kB
AnonPages:        514248 kB
Mapped:           171148 kB
Shmem:              3916 kB
Slab:              35968 kB
SReclaimable:      13624 kB
SUnreclaim:        22344 kB
KernelStack:        8400 kB
PageTables:        16044 kB
NFS_Unstable:          0 kB
Bounce:                0 kB
WritebackTmp:          0 kB
CommitLimit:      675480 kB
Committed_AS:   34863428 kB
VmallocTotal:     253952 kB
VmallocUsed:       80276 kB
VmallocChunk:      56324 kB
Time pass: 198 sec

---2015-10-25 15:24:01
MemTotal:        1350964 kB
MemFree:          132504 kB
Buffers:           43084 kB
Cached:           407620 kB
SwapCached:            0 kB
Active:           764672 kB
Inactive:         204360 kB
Active(anon):     526704 kB
Inactive(anon):     3864 kB
Active(file):     237968 kB
Inactive(file):   200496 kB
Unevictable:        8304 kB
Mlocked:               0 kB
HighTotal:        802816 kB
HighFree:          19560 kB
LowTotal:         548148 kB
LowFree:          112944 kB
SwapTotal:             0 kB
SwapFree:              0 kB
Dirty:               292 kB
Writeback:             0 kB
AnonPages:        526800 kB
Mapped:           173072 kB
Shmem:              3916 kB
Slab:              35968 kB
SReclaimable:      13624 kB
SUnreclaim:        22344 kB
KernelStack:        8448 kB
PageTables:        16088 kB
NFS_Unstable:          0 kB
Bounce:                0 kB
WritebackTmp:          0 kB
CommitLimit:      675480 kB
Committed_AS:   34882956 kB
VmallocTotal:     253952 kB
VmallocUsed:       80276 kB
VmallocChunk:      56324 kB
Time pass: 201 sec

---2015-10-25 15:24:01
MemTotal:        1350964 kB
MemFree:          101684 kB
Buffers:           43088 kB
Cached:           408064 kB
SwapCached:            0 kB
Active:           770220 kB
Inactive:         204784 kB
Active(anon):     532280 kB
Inactive(anon):     3864 kB
Active(file):     237940 kB
Inactive(file):   200920 kB
Unevictable:        8304 kB
Mlocked:               0 kB
HighTotal:        802816 kB
HighFree:           2096 kB
LowTotal:         548148 kB
LowFree:           99588 kB
SwapTotal:             0 kB
SwapFree:              0 kB
Dirty:              2548 kB
Writeback:             0 kB
AnonPages:        532324 kB
Mapped:           173368 kB
Shmem:              3916 kB
Slab:              35968 kB
SReclaimable:      13624 kB
SUnreclaim:        22344 kB
KernelStack:        8472 kB
PageTables:        16156 kB
NFS_Unstable:          0 kB
Bounce:                0 kB
WritebackTmp:          0 kB
CommitLimit:      675480 kB
Committed_AS:   34910720 kB
VmallocTotal:     253952 kB
VmallocUsed:       80276 kB
VmallocChunk:      56324 kB
Time pass: 205 sec

---2015-10-25 15:24:01
MemTotal:        1350964 kB
MemFree:           98064 kB
Buffers:           43088 kB
Cached:           408064 kB
SwapCached:            0 kB
Active:           768952 kB
Inactive:         204856 kB
Active(anon):     531012 kB
Inactive(anon):     3864 kB
Active(file):     237940 kB
Inactive(file):   200992 kB
Unevictable:        8304 kB
Mlocked:               0 kB
HighTotal:        802816 kB
HighFree:           1972 kB
LowTotal:         548148 kB
LowFree:           96092 kB
SwapTotal:             0 kB
SwapFree:              0 kB
Dirty:                 0 kB
Writeback:             0 kB
AnonPages:        530948 kB
Mapped:           173368 kB
Shmem:              3916 kB
Slab:              35988 kB
SReclaimable:      13628 kB
SUnreclaim:        22360 kB
KernelStack:        8472 kB
PageTables:        16160 kB
NFS_Unstable:          0 kB
Bounce:                0 kB
WritebackTmp:          0 kB
CommitLimit:      675480 kB
Committed_AS:   34912912 kB
VmallocTotal:     253952 kB
VmallocUsed:       80276 kB
VmallocChunk:      56324 kB
Time pass: 208 sec

---2015-10-25 15:24:01
MemTotal:        1350964 kB
MemFree:           87756 kB
Buffers:           43092 kB
Cached:           408068 kB
SwapCached:            0 kB
Active:           773004 kB
Inactive:         204852 kB
Active(anon):     535052 kB
Inactive(anon):     3864 kB
Active(file):     237952 kB
Inactive(file):   200988 kB
Unevictable:        8304 kB
Mlocked:               0 kB
HighTotal:        802816 kB
HighFree:           1600 kB
LowTotal:         548148 kB
LowFree:           86156 kB
SwapTotal:             0 kB
SwapFree:              0 kB
Dirty:               600 kB
Writeback:             0 kB
AnonPages:        535060 kB
Mapped:           173720 kB
Shmem:              3916 kB
Slab:              36040 kB
SReclaimable:      13628 kB
SUnreclaim:        22412 kB
KernelStack:        8472 kB
PageTables:        16180 kB
NFS_Unstable:          0 kB
Bounce:                0 kB
WritebackTmp:          0 kB
CommitLimit:      675480 kB
Committed_AS:   34922904 kB
VmallocTotal:     253952 kB
VmallocUsed:       80276 kB
VmallocChunk:      56324 kB
Time pass: 212 sec

---2015-10-25 15:24:01
MemTotal:        1350964 kB
MemFree:           78688 kB
Buffers:           43156 kB
Cached:           408492 kB
SwapCached:            0 kB
Active:           780492 kB
Inactive:         205220 kB
Active(anon):     542484 kB
Inactive(anon):     3864 kB
Active(file):     238008 kB
Inactive(file):   201356 kB
Unevictable:        8304 kB
Mlocked:               0 kB
HighTotal:        802816 kB
HighFree:           1600 kB
LowTotal:         548148 kB
LowFree:           77088 kB
SwapTotal:             0 kB
SwapFree:              0 kB
Dirty:                68 kB
Writeback:             0 kB
AnonPages:        542372 kB
Mapped:           176612 kB
Shmem:              3916 kB
Slab:              36044 kB
SReclaimable:      13628 kB
SUnreclaim:        22416 kB
KernelStack:        8648 kB
PageTables:        16264 kB
NFS_Unstable:          0 kB
Bounce:                0 kB
WritebackTmp:          0 kB
CommitLimit:      675480 kB
Committed_AS:   34946796 kB
VmallocTotal:     253952 kB
VmallocUsed:       80472 kB
VmallocChunk:      56324 kB
Time pass: 215 sec

---2015-10-25 15:24:01
MemTotal:        1350964 kB
MemFree:           73080 kB
Buffers:           43164 kB
Cached:           408588 kB
SwapCached:            0 kB
Active:           785644 kB
Inactive:         205364 kB
Active(anon):     547632 kB
Inactive(anon):     3992 kB
Active(file):     238012 kB
Inactive(file):   201372 kB
Unevictable:        8304 kB
Mlocked:               0 kB
HighTotal:        802816 kB
HighFree:           1600 kB
LowTotal:         548148 kB
LowFree:           71480 kB
SwapTotal:             0 kB
SwapFree:              0 kB
Dirty:                 0 kB
Writeback:             0 kB
AnonPages:        547588 kB
Mapped:           176860 kB
Shmem:              4064 kB
Slab:              36172 kB
SReclaimable:      13628 kB
SUnreclaim:        22544 kB
KernelStack:        8664 kB
PageTables:        16320 kB
NFS_Unstable:          0 kB
Bounce:                0 kB
WritebackTmp:          0 kB
CommitLimit:      675480 kB
Committed_AS:   34946072 kB
VmallocTotal:     253952 kB
VmallocUsed:       80588 kB
VmallocChunk:      56324 kB
Time pass: 219 sec

---2015-10-25 15:24:01
MemTotal:        1350964 kB
MemFree:           65920 kB
Buffers:           43164 kB
Cached:           408948 kB
SwapCached:            0 kB
Active:           791040 kB
Inactive:         205744 kB
Active(anon):     553024 kB
Inactive(anon):     4360 kB
Active(file):     238016 kB
Inactive(file):   201384 kB
Unevictable:        8304 kB
Mlocked:               0 kB
HighTotal:        802816 kB
HighFree:           1600 kB
LowTotal:         548148 kB
LowFree:           64320 kB
SwapTotal:             0 kB
SwapFree:              0 kB
Dirty:                60 kB
Writeback:             0 kB
AnonPages:        553072 kB
Mapped:           177260 kB
Shmem:              4416 kB
Slab:              36088 kB
SReclaimable:      13628 kB
SUnreclaim:        22460 kB
KernelStack:        8696 kB
PageTables:        16388 kB
NFS_Unstable:          0 kB
Bounce:                0 kB
WritebackTmp:          0 kB
CommitLimit:      675480 kB
Committed_AS:   34958000 kB
VmallocTotal:     253952 kB
VmallocUsed:       80808 kB
VmallocChunk:      56324 kB
Time pass: 223 sec

---2015-10-25 15:24:01
MemTotal:        1350964 kB
MemFree:           63868 kB
Buffers:           43176 kB
Cached:           408956 kB
SwapCached:            0 kB
Active:           792764 kB
Inactive:         205744 kB
Active(anon):     554740 kB
Inactive(anon):     4360 kB
Active(file):     238024 kB
Inactive(file):   201384 kB
Unevictable:        8304 kB
Mlocked:               0 kB
HighTotal:        802816 kB
HighFree:           1600 kB
LowTotal:         548148 kB
LowFree:           62268 kB
SwapTotal:             0 kB
SwapFree:              0 kB
Dirty:                36 kB
Writeback:             0 kB
AnonPages:        554684 kB
Mapped:           177284 kB
Shmem:              4416 kB
Slab:              36048 kB
SReclaimable:      13628 kB
SUnreclaim:        22420 kB
KernelStack:        8704 kB
PageTables:        16392 kB
NFS_Unstable:          0 kB
Bounce:                0 kB
WritebackTmp:          0 kB
CommitLimit:      675480 kB
Committed_AS:   34959360 kB
VmallocTotal:     253952 kB
VmallocUsed:       80808 kB
VmallocChunk:      56324 kB
Time pass: 227 sec

---2015-10-25 15:24:01
MemTotal:        1350964 kB
MemFree:           62944 kB
Buffers:           43184 kB
Cached:           408944 kB
SwapCached:            0 kB
Active:           793440 kB
Inactive:         205752 kB
Active(anon):     555424 kB
Inactive(anon):     4360 kB
Active(file):     238016 kB
Inactive(file):   201392 kB
Unevictable:        8304 kB
Mlocked:               0 kB
HighTotal:        802816 kB
HighFree:           1600 kB
LowTotal:         548148 kB
LowFree:           61344 kB
SwapTotal:             0 kB
SwapFree:              0 kB
Dirty:                52 kB
Writeback:             0 kB
AnonPages:        555280 kB
Mapped:           177548 kB
Shmem:              4416 kB
Slab:              36052 kB
SReclaimable:      13628 kB
SUnreclaim:        22424 kB
KernelStack:        8712 kB
PageTables:        16392 kB
NFS_Unstable:          0 kB
Bounce:                0 kB
WritebackTmp:          0 kB
CommitLimit:      675480 kB
Committed_AS:   34959980 kB
VmallocTotal:     253952 kB
VmallocUsed:       80808 kB
VmallocChunk:      56324 kB
Time pass: 230 sec

---2015-10-25 15:24:01
MemTotal:        1350964 kB
MemFree:           62152 kB
Buffers:           43184 kB
Cached:           408952 kB
SwapCached:            0 kB
Active:           793892 kB
Inactive:         205756 kB
Active(anon):     555872 kB
Inactive(anon):     4360 kB
Active(file):     238020 kB
Inactive(file):   201396 kB
Unevictable:        8304 kB
Mlocked:               0 kB
HighTotal:        802816 kB
HighFree:           1600 kB
LowTotal:         548148 kB
LowFree:           60552 kB
SwapTotal:             0 kB
SwapFree:              0 kB
Dirty:                 0 kB
Writeback:             0 kB
AnonPages:        555792 kB
Mapped:           177696 kB
Shmem:              4416 kB
Slab:              36112 kB
SReclaimable:      13628 kB
SUnreclaim:        22484 kB
KernelStack:        8696 kB
PageTables:        16392 kB
NFS_Unstable:          0 kB
Bounce:                0 kB
WritebackTmp:          0 kB
CommitLimit:      675480 kB
Committed_AS:   34960232 kB
VmallocTotal:     253952 kB
VmallocUsed:       80808 kB
VmallocChunk:      56324 kB
Time pass: 233 sec

---2015-10-25 15:24:01
MemTotal:        1350964 kB
MemFree:           61964 kB
Buffers:           43192 kB
Cached:           408952 kB
SwapCached:            0 kB
Active:           793852 kB
Inactive:         205756 kB
Active(anon):     555832 kB
Inactive(anon):     4360 kB
Active(file):     238020 kB
Inactive(file):   201396 kB
Unevictable:        8304 kB
Mlocked:               0 kB
HighTotal:        802816 kB
HighFree:           1600 kB
LowTotal:         548148 kB
LowFree:           60364 kB
SwapTotal:             0 kB
SwapFree:              0 kB
Dirty:                36 kB
Writeback:             0 kB
AnonPages:        555868 kB
Mapped:           177700 kB
Shmem:              4416 kB
Slab:              35984 kB
SReclaimable:      13628 kB
SUnreclaim:        22356 kB
KernelStack:        8696 kB
PageTables:        16396 kB
NFS_Unstable:          0 kB
Bounce:                0 kB
WritebackTmp:          0 kB
CommitLimit:      675480 kB
Committed_AS:   34960144 kB
VmallocTotal:     253952 kB
VmallocUsed:       80808 kB
VmallocChunk:      56324 kB
Time pass: 237 sec

---2015-10-25 15:24:01
MemTotal:        1350964 kB
MemFree:           61860 kB
Buffers:           43200 kB
Cached:           408952 kB
SwapCached:            0 kB
Active:           794560 kB
Inactive:         205772 kB
Active(anon):     556540 kB
Inactive(anon):     4360 kB
Active(file):     238020 kB
Inactive(file):   201412 kB
Unevictable:        8304 kB
Mlocked:               0 kB
HighTotal:        802816 kB
HighFree:           1600 kB
LowTotal:         548148 kB
LowFree:           60260 kB
SwapTotal:             0 kB
SwapFree:              0 kB
Dirty:                48 kB
Writeback:             0 kB
AnonPages:        556556 kB
Mapped:           177700 kB
Shmem:              4416 kB
Slab:              36088 kB
SReclaimable:      13628 kB
SUnreclaim:        22460 kB
KernelStack:        8696 kB
PageTables:        16384 kB
NFS_Unstable:          0 kB
Bounce:                0 kB
WritebackTmp:          0 kB
CommitLimit:      675480 kB
Committed_AS:   34961464 kB
VmallocTotal:     253952 kB
VmallocUsed:       80808 kB
VmallocChunk:      56324 kB
Time pass: 241 sec

---2015-10-25 15:24:01
MemTotal:        1350964 kB
MemFree:           62232 kB
Buffers:           43208 kB
Cached:           408944 kB
SwapCached:            0 kB
Active:           794480 kB
Inactive:         205772 kB
Active(anon):     556460 kB
Inactive(anon):     4360 kB
Active(file):     238020 kB
Inactive(file):   201412 kB
Unevictable:        8304 kB
Mlocked:               0 kB
HighTotal:        802816 kB
HighFree:           2096 kB
LowTotal:         548148 kB
LowFree:           60136 kB
SwapTotal:             0 kB
SwapFree:              0 kB
Dirty:                 0 kB
Writeback:             0 kB
AnonPages:        556536 kB
Mapped:           177700 kB
Shmem:              4416 kB
Slab:              36096 kB
SReclaimable:      13628 kB
SUnreclaim:        22468 kB
KernelStack:        8696 kB
PageTables:        16404 kB
NFS_Unstable:          0 kB
Bounce:                0 kB
WritebackTmp:          0 kB
CommitLimit:      675480 kB
Committed_AS:   34961104 kB
VmallocTotal:     253952 kB
VmallocUsed:       80808 kB
VmallocChunk:      56324 kB
Time pass: 244 sec

---2015-10-25 15:24:01
MemTotal:        1350964 kB
MemFree:           62116 kB
Buffers:           43208 kB
Cached:           408952 kB
SwapCached:            0 kB
Active:           794108 kB
Inactive:         205780 kB
Active(anon):     556088 kB
Inactive(anon):     4360 kB
Active(file):     238020 kB
Inactive(file):   201420 kB
Unevictable:        8304 kB
Mlocked:               0 kB
HighTotal:        802816 kB
HighFree:           1848 kB
LowTotal:         548148 kB
LowFree:           60268 kB
SwapTotal:             0 kB
SwapFree:              0 kB
Dirty:                28 kB
Writeback:             0 kB
AnonPages:        556084 kB
Mapped:           177700 kB
Shmem:              4416 kB
Slab:              36112 kB
SReclaimable:      13628 kB
SUnreclaim:        22484 kB
KernelStack:        8696 kB
PageTables:        16404 kB
NFS_Unstable:          0 kB
Bounce:                0 kB
WritebackTmp:          0 kB
CommitLimit:      675480 kB
Committed_AS:   34961948 kB
VmallocTotal:     253952 kB
VmallocUsed:       80808 kB
VmallocChunk:      56324 kB
Time pass: 248 sec

---2015-10-25 15:24:01
MemTotal:        1350964 kB
MemFree:           59372 kB
Buffers:           43208 kB
Cached:           408952 kB
SwapCached:            0 kB
Active:           796580 kB
Inactive:         205776 kB
Active(anon):     558556 kB
Inactive(anon):     4360 kB
Active(file):     238024 kB
Inactive(file):   201416 kB
Unevictable:        8304 kB
Mlocked:               0 kB
HighTotal:        802816 kB
HighFree:           1700 kB
LowTotal:         548148 kB
LowFree:           57672 kB
SwapTotal:             0 kB
SwapFree:              0 kB
Dirty:                36 kB
Writeback:             0 kB
AnonPages:        558680 kB
Mapped:           177700 kB
Shmem:              4416 kB
Slab:              36132 kB
SReclaimable:      13628 kB
SUnreclaim:        22504 kB
KernelStack:        8688 kB
PageTables:        16408 kB
NFS_Unstable:          0 kB
Bounce:                0 kB
WritebackTmp:          0 kB
CommitLimit:      675480 kB
Committed_AS:   34964672 kB
VmallocTotal:     253952 kB
VmallocUsed:       80808 kB
VmallocChunk:      56324 kB
Time pass: 252 sec

---2015-10-25 15:24:01
MemTotal:        1350964 kB
MemFree:           60560 kB
Buffers:           43208 kB
Cached:           408952 kB
SwapCached:            0 kB
Active:           796428 kB
Inactive:         205776 kB
Active(anon):     558404 kB
Inactive(anon):     4360 kB
Active(file):     238024 kB
Inactive(file):   201416 kB
Unevictable:        8304 kB
Mlocked:               0 kB
HighTotal:        802816 kB
HighFree:           1600 kB
LowTotal:         548148 kB
LowFree:           58960 kB
SwapTotal:             0 kB
SwapFree:              0 kB
Dirty:                 0 kB
Writeback:             0 kB
AnonPages:        558392 kB
Mapped:           177700 kB
Shmem:              4416 kB
Slab:              36096 kB
SReclaimable:      13628 kB
SUnreclaim:        22468 kB
KernelStack:        8680 kB
PageTables:        16408 kB
NFS_Unstable:          0 kB
Bounce:                0 kB
WritebackTmp:          0 kB
CommitLimit:      675480 kB
Committed_AS:   34964272 kB
VmallocTotal:     253952 kB
VmallocUsed:       80808 kB
VmallocChunk:      56324 kB
Time pass: 255 sec

---2015-10-25 15:24:01
MemTotal:        1350964 kB
MemFree:           59552 kB
Buffers:           43208 kB
Cached:           408952 kB
SwapCached:            0 kB
Active:           796328 kB
Inactive:         205772 kB
Active(anon):     558300 kB
Inactive(anon):     4360 kB
Active(file):     238028 kB
Inactive(file):   201412 kB
Unevictable:        8304 kB
Mlocked:               0 kB
HighTotal:        802816 kB
HighFree:           1600 kB
LowTotal:         548148 kB
LowFree:           57952 kB
SwapTotal:             0 kB
SwapFree:              0 kB
Dirty:                 0 kB
Writeback:             0 kB
AnonPages:        558288 kB
Mapped:           177652 kB
Shmem:              4416 kB
Slab:              36144 kB
SReclaimable:      13628 kB
SUnreclaim:        22516 kB
KernelStack:        8688 kB
PageTables:        16392 kB
NFS_Unstable:          0 kB
Bounce:                0 kB
WritebackTmp:          0 kB
CommitLimit:      675480 kB
Committed_AS:   34964208 kB
VmallocTotal:     253952 kB
VmallocUsed:       80808 kB
VmallocChunk:      56324 kB
Time pass: 259 sec

---2015-10-25 15:24:01
MemTotal:        1350964 kB
MemFree:           59320 kB
Buffers:           43212 kB
Cached:           408956 kB
SwapCached:            0 kB
Active:           796956 kB
Inactive:         205780 kB
Active(anon):     558928 kB
Inactive(anon):     4360 kB
Active(file):     238028 kB
Inactive(file):   201420 kB
Unevictable:        8304 kB
Mlocked:               0 kB
HighTotal:        802816 kB
HighFree:           1600 kB
LowTotal:         548148 kB
LowFree:           57720 kB
SwapTotal:             0 kB
SwapFree:              0 kB
Dirty:                28 kB
Writeback:             0 kB
AnonPages:        558680 kB
Mapped:           177700 kB
Shmem:              4416 kB
Slab:              36076 kB
SReclaimable:      13628 kB
SUnreclaim:        22448 kB
KernelStack:        8688 kB
PageTables:        16412 kB
NFS_Unstable:          0 kB
Bounce:                0 kB
WritebackTmp:          0 kB
CommitLimit:      675480 kB
Committed_AS:   34964592 kB
VmallocTotal:     253952 kB
VmallocUsed:       80808 kB
VmallocChunk:      56324 kB
Time pass: 262 sec

---2015-10-25 15:24:01
MemTotal:        1350964 kB
MemFree:           58744 kB
Buffers:           43212 kB
Cached:           408952 kB
SwapCached:            0 kB
Active:           798068 kB
Inactive:         205772 kB
Active(anon):     560036 kB
Inactive(anon):     4360 kB
Active(file):     238032 kB
Inactive(file):   201412 kB
Unevictable:        8304 kB
Mlocked:               0 kB
HighTotal:        802816 kB
HighFree:           1600 kB
LowTotal:         548148 kB
LowFree:           57144 kB
SwapTotal:             0 kB
SwapFree:              0 kB
Dirty:                 0 kB
Writeback:             0 kB
AnonPages:        560008 kB
Mapped:           177700 kB
Shmem:              4416 kB
Slab:              36144 kB
SReclaimable:      13628 kB
SUnreclaim:        22516 kB
KernelStack:        8696 kB
PageTables:        16412 kB
NFS_Unstable:          0 kB
Bounce:                0 kB
WritebackTmp:          0 kB
CommitLimit:      675480 kB
Committed_AS:   34966124 kB
VmallocTotal:     253952 kB
VmallocUsed:       80808 kB
VmallocChunk:      56324 kB
Time pass: 266 sec

---2015-10-25 15:24:01
MemTotal:        1350964 kB
MemFree:           59032 kB
Buffers:           43224 kB
Cached:           409032 kB
SwapCached:            0 kB
Active:           797624 kB
Inactive:         205864 kB
Active(anon):     559592 kB
Inactive(anon):     4440 kB
Active(file):     238032 kB
Inactive(file):   201424 kB
Unevictable:        8304 kB
Mlocked:               0 kB
HighTotal:        802816 kB
HighFree:           1600 kB
LowTotal:         548148 kB
LowFree:           57432 kB
SwapTotal:             0 kB
SwapFree:              0 kB
Dirty:                44 kB
Writeback:             0 kB
AnonPages:        559684 kB
Mapped:           177780 kB
Shmem:              4496 kB
Slab:              36096 kB
SReclaimable:      13628 kB
SUnreclaim:        22468 kB
KernelStack:        8704 kB
PageTables:        16412 kB
NFS_Unstable:          0 kB
Bounce:                0 kB
WritebackTmp:          0 kB
CommitLimit:      675480 kB
Committed_AS:   34965652 kB
VmallocTotal:     253952 kB
VmallocUsed:       80808 kB
VmallocChunk:      56324 kB
Time pass: 270 sec

---2015-10-25 15:24:01
MemTotal:        1350964 kB
MemFree:           59840 kB
Buffers:           43228 kB
Cached:           409032 kB
SwapCached:            0 kB
Active:           796800 kB
Inactive:         205864 kB
Active(anon):     558768 kB
Inactive(anon):     4440 kB
Active(file):     238032 kB
Inactive(file):   201424 kB
Unevictable:        8304 kB
Mlocked:               0 kB
HighTotal:        802816 kB
HighFree:           1600 kB
LowTotal:         548148 kB
LowFree:           58240 kB
SwapTotal:             0 kB
SwapFree:              0 kB
Dirty:                28 kB
Writeback:             0 kB
AnonPages:        558688 kB
Mapped:           177780 kB
Shmem:              4496 kB
Slab:              36032 kB
SReclaimable:      13628 kB
SUnreclaim:        22404 kB
KernelStack:        8704 kB
PageTables:        16404 kB
NFS_Unstable:          0 kB
Bounce:                0 kB
WritebackTmp:          0 kB
CommitLimit:      675480 kB
Committed_AS:   34964840 kB
VmallocTotal:     253952 kB
VmallocUsed:       80808 kB
VmallocChunk:      56324 kB
Time pass: 274 sec

---2015-10-25 15:24:01
MemTotal:        1350964 kB
MemFree:           58864 kB
Buffers:           43236 kB
Cached:           409032 kB
SwapCached:            0 kB
Active:           797992 kB
Inactive:         205876 kB
Active(anon):     559960 kB
Inactive(anon):     4440 kB
Active(file):     238032 kB
Inactive(file):   201436 kB
Unevictable:        8304 kB
Mlocked:               0 kB
HighTotal:        802816 kB
HighFree:           1600 kB
LowTotal:         548148 kB
LowFree:           57264 kB
SwapTotal:             0 kB
SwapFree:              0 kB
Dirty:                 0 kB
Writeback:             0 kB
AnonPages:        559988 kB
Mapped:           177732 kB
Shmem:              4496 kB
Slab:              36032 kB
SReclaimable:      13628 kB
SUnreclaim:        22404 kB
KernelStack:        8704 kB
PageTables:        16372 kB
NFS_Unstable:          0 kB
Bounce:                0 kB
WritebackTmp:          0 kB
CommitLimit:      675480 kB
Committed_AS:   34965508 kB
VmallocTotal:     253952 kB
VmallocUsed:       80808 kB
VmallocChunk:      56324 kB
Time pass: 278 sec

---2015-10-25 15:24:01
MemTotal:        1350964 kB
MemFree:           58472 kB
Buffers:           43252 kB
Cached:           409072 kB
SwapCached:            0 kB
Active:           797500 kB
Inactive:         205876 kB
Active(anon):     559468 kB
Inactive(anon):     4440 kB
Active(file):     238032 kB
Inactive(file):   201436 kB
Unevictable:        8304 kB
Mlocked:               0 kB
HighTotal:        802816 kB
HighFree:           1948 kB
LowTotal:         548148 kB
LowFree:           56524 kB
SwapTotal:             0 kB
SwapFree:              0 kB
Dirty:                44 kB
Writeback:             0 kB
AnonPages:        559496 kB
Mapped:           177820 kB
Shmem:              4536 kB
Slab:              36032 kB
SReclaimable:      13628 kB
SUnreclaim:        22404 kB
KernelStack:        8688 kB
PageTables:        16408 kB
NFS_Unstable:          0 kB
Bounce:                0 kB
WritebackTmp:          0 kB
CommitLimit:      675480 kB
Committed_AS:   34964580 kB
VmallocTotal:     253952 kB
VmallocUsed:       80808 kB
VmallocChunk:      56324 kB
Time pass: 281 sec

---2015-10-25 15:24:01
MemTotal:        1350964 kB
MemFree:           60344 kB
Buffers:           43252 kB
Cached:           409072 kB
SwapCached:            0 kB
Active:           795240 kB
Inactive:         205924 kB
Active(anon):     557200 kB
Inactive(anon):     4480 kB
Active(file):     238040 kB
Inactive(file):   201444 kB
Unevictable:        8304 kB
Mlocked:               0 kB
HighTotal:        802816 kB
HighFree:           2072 kB
LowTotal:         548148 kB
LowFree:           58272 kB
SwapTotal:             0 kB
SwapFree:              0 kB
Dirty:                44 kB
Writeback:             0 kB
AnonPages:        557148 kB
Mapped:           177772 kB
Shmem:              4536 kB
Slab:              36032 kB
SReclaimable:      13628 kB
SUnreclaim:        22404 kB
KernelStack:        8688 kB
PageTables:        16392 kB
NFS_Unstable:          0 kB
Bounce:                0 kB
WritebackTmp:          0 kB
CommitLimit:      675480 kB
Committed_AS:   34962460 kB
VmallocTotal:     253952 kB
VmallocUsed:       80808 kB
VmallocChunk:      56324 kB
Time pass: 285 sec

---2015-10-25 15:24:01
MemTotal:        1350964 kB
MemFree:           59916 kB
Buffers:           43260 kB
Cached:           409072 kB
SwapCached:            0 kB
Active:           796296 kB
Inactive:         205924 kB
Active(anon):     558256 kB
Inactive(anon):     4480 kB
Active(file):     238040 kB
Inactive(file):   201444 kB
Unevictable:        8304 kB
Mlocked:               0 kB
HighTotal:        802816 kB
HighFree:           1724 kB
LowTotal:         548148 kB
LowFree:           58192 kB
SwapTotal:             0 kB
SwapFree:              0 kB
Dirty:                28 kB
Writeback:             0 kB
AnonPages:        558272 kB
Mapped:           177820 kB
Shmem:              4536 kB
Slab:              36108 kB
SReclaimable:      13628 kB
SUnreclaim:        22480 kB
KernelStack:        8688 kB
PageTables:        16408 kB
NFS_Unstable:          0 kB
Bounce:                0 kB
WritebackTmp:          0 kB
CommitLimit:      675480 kB
Committed_AS:   34963392 kB
VmallocTotal:     253952 kB
VmallocUsed:       80808 kB
VmallocChunk:      56324 kB
Time pass: 288 sec

---2015-10-25 15:24:01
MemTotal:        1350964 kB
MemFree:           60016 kB
Buffers:           43260 kB
Cached:           409144 kB
SwapCached:            0 kB
Active:           796128 kB
Inactive:         205988 kB
Active(anon):     558088 kB
Inactive(anon):     4536 kB
Active(file):     238040 kB
Inactive(file):   201452 kB
Unevictable:        8304 kB
Mlocked:               0 kB
HighTotal:        802816 kB
HighFree:           1848 kB
LowTotal:         548148 kB
LowFree:           58168 kB
SwapTotal:             0 kB
SwapFree:              0 kB
Dirty:                 0 kB
Writeback:             0 kB
AnonPages:        557944 kB
Mapped:           177892 kB
Shmem:              4608 kB
Slab:              36108 kB
SReclaimable:      13628 kB
SUnreclaim:        22480 kB
KernelStack:        8688 kB
PageTables:        16408 kB
NFS_Unstable:          0 kB
Bounce:                0 kB
WritebackTmp:          0 kB
CommitLimit:      675480 kB
Committed_AS:   34962956 kB
VmallocTotal:     253952 kB
VmallocUsed:       80808 kB
VmallocChunk:      56324 kB
Time pass: 292 sec

---2015-10-25 15:24:01
MemTotal:        1350964 kB
MemFree:           64664 kB
Buffers:           43272 kB
Cached:           409156 kB
SwapCached:            0 kB
Active:           791684 kB
Inactive:         205960 kB
Active(anon):     553576 kB
Inactive(anon):     4552 kB
Active(file):     238108 kB
Inactive(file):   201408 kB
Unevictable:        8304 kB
Mlocked:               0 kB
HighTotal:        802816 kB
HighFree:           1600 kB
LowTotal:         548148 kB
LowFree:           63064 kB
SwapTotal:             0 kB
SwapFree:              0 kB
Dirty:               128 kB
Writeback:             0 kB
AnonPages:        553476 kB
Mapped:           171960 kB
Shmem:              4608 kB
Slab:              36064 kB
SReclaimable:      13628 kB
SUnreclaim:        22436 kB
KernelStack:        8592 kB
PageTables:        16076 kB
NFS_Unstable:          0 kB
Bounce:                0 kB
WritebackTmp:          0 kB
CommitLimit:      675480 kB
Committed_AS:   34159660 kB
VmallocTotal:     253952 kB
VmallocUsed:       79788 kB
VmallocChunk:      56324 kB
Time pass: 296 sec

---2015-10-25 15:24:01
MemTotal:        1350964 kB
MemFree:           64464 kB
Buffers:           43284 kB
Cached:           409156 kB
SwapCached:            0 kB
Active:           791628 kB
Inactive:         205972 kB
Active(anon):     553520 kB
Inactive(anon):     4552 kB
Active(file):     238108 kB
Inactive(file):   201420 kB
Unevictable:        8304 kB
Mlocked:               0 kB
HighTotal:        802816 kB
HighFree:           1600 kB
LowTotal:         548148 kB
LowFree:           62864 kB
SwapTotal:             0 kB
SwapFree:              0 kB
Dirty:                 8 kB
Writeback:            92 kB
AnonPages:        553436 kB
Mapped:           171860 kB
Shmem:              4608 kB
Slab:              36160 kB
SReclaimable:      13628 kB
SUnreclaim:        22532 kB
KernelStack:        8608 kB
PageTables:        16092 kB
NFS_Unstable:          0 kB
Bounce:                0 kB
WritebackTmp:          0 kB
CommitLimit:      675480 kB
Committed_AS:   34159292 kB
VmallocTotal:     253952 kB
VmallocUsed:       79788 kB
VmallocChunk:      56324 kB
Time pass: 299 sec

---2015-10-25 15:24:01
MemTotal:        1350964 kB
MemFree:           65328 kB
Buffers:           43284 kB
Cached:           409156 kB
SwapCached:            0 kB
Active:           791660 kB
Inactive:         205972 kB
Active(anon):     553552 kB
Inactive(anon):     4552 kB
Active(file):     238108 kB
Inactive(file):   201420 kB
Unevictable:        8304 kB
Mlocked:               0 kB
HighTotal:        802816 kB
HighFree:           1600 kB
LowTotal:         548148 kB
LowFree:           63728 kB
SwapTotal:             0 kB
SwapFree:              0 kB
Dirty:                 0 kB
Writeback:             0 kB
AnonPages:        553536 kB
Mapped:           171960 kB
Shmem:              4608 kB
Slab:              36128 kB
SReclaimable:      13628 kB
SUnreclaim:        22500 kB
KernelStack:        8608 kB
PageTables:        16076 kB
NFS_Unstable:          0 kB
Bounce:                0 kB
WritebackTmp:          0 kB
CommitLimit:      675480 kB
Committed_AS:   34159408 kB
VmallocTotal:     253952 kB
VmallocUsed:       79788 kB
VmallocChunk:      56324 kB
Time pass: 303 sec

---2015-10-25 15:24:01
MemTotal:        1350964 kB
MemFree:           64996 kB
Buffers:           43292 kB
Cached:           409156 kB
SwapCached:            0 kB
Active:           791600 kB
Inactive:         205980 kB
Active(anon):     553492 kB
Inactive(anon):     4552 kB
Active(file):     238108 kB
Inactive(file):   201428 kB
Unevictable:        8304 kB
Mlocked:               0 kB
HighTotal:        802816 kB
HighFree:           1600 kB
LowTotal:         548148 kB
LowFree:           63396 kB
SwapTotal:             0 kB
SwapFree:              0 kB
Dirty:                40 kB
Writeback:             0 kB
AnonPages:        553512 kB
Mapped:           171988 kB
Shmem:              4608 kB
Slab:              36000 kB
SReclaimable:      13628 kB
SUnreclaim:        22372 kB
KernelStack:        8624 kB
PageTables:        16104 kB
NFS_Unstable:          0 kB
Bounce:                0 kB
WritebackTmp:          0 kB
CommitLimit:      675480 kB
Committed_AS:   34159376 kB
VmallocTotal:     253952 kB
VmallocUsed:       79788 kB
VmallocChunk:      56324 kB
Time pass: 306 sec

---2015-10-25 15:24:01
MemTotal:        1350964 kB
MemFree:           64944 kB
Buffers:           43300 kB
Cached:           409156 kB
SwapCached:            0 kB
Active:           792112 kB
Inactive:         205968 kB
Active(anon):     553984 kB
Inactive(anon):     4552 kB
Active(file):     238128 kB
Inactive(file):   201416 kB
Unevictable:        8304 kB
Mlocked:               0 kB
HighTotal:        802816 kB
HighFree:           1600 kB
LowTotal:         548148 kB
LowFree:           63344 kB
SwapTotal:             0 kB
SwapFree:              0 kB
Dirty:                 4 kB
Writeback:             0 kB
AnonPages:        553840 kB
Mapped:           171860 kB
Shmem:              4608 kB
Slab:              36056 kB
SReclaimable:      13628 kB
SUnreclaim:        22428 kB
KernelStack:        8632 kB
PageTables:        16096 kB
NFS_Unstable:          0 kB
Bounce:                0 kB
WritebackTmp:          0 kB
CommitLimit:      675480 kB
Committed_AS:   34159720 kB
VmallocTotal:     253952 kB
VmallocUsed:       79788 kB
VmallocChunk:      56324 kB
Time pass: 310 sec

---2015-10-25 15:24:01
MemTotal:        1350964 kB
MemFree:           64352 kB
Buffers:           43300 kB
Cached:           409156 kB
SwapCached:            0 kB
Active:           792040 kB
Inactive:         205968 kB
Active(anon):     553912 kB
Inactive(anon):     4552 kB
Active(file):     238128 kB
Inactive(file):   201416 kB
Unevictable:        8304 kB
Mlocked:               0 kB
HighTotal:        802816 kB
HighFree:           1600 kB
LowTotal:         548148 kB
LowFree:           62752 kB
SwapTotal:             0 kB
SwapFree:              0 kB
Dirty:                 4 kB
Writeback:             0 kB
AnonPages:        553900 kB
Mapped:           172008 kB
Shmem:              4608 kB
Slab:              36056 kB
SReclaimable:      13628 kB
SUnreclaim:        22428 kB
KernelStack:        8616 kB
PageTables:        16096 kB
NFS_Unstable:          0 kB
Bounce:                0 kB
WritebackTmp:          0 kB
CommitLimit:      675480 kB
Committed_AS:   34159400 kB
VmallocTotal:     253952 kB
VmallocUsed:       79788 kB
VmallocChunk:      56324 kB
Time pass: 313 sec

---2015-10-25 15:24:01
MemTotal:        1350964 kB
MemFree:           65016 kB
Buffers:           43304 kB
Cached:           409156 kB
SwapCached:            0 kB
Active:           791140 kB
Inactive:         205968 kB
Active(anon):     553008 kB
Inactive(anon):     4552 kB
Active(file):     238132 kB
Inactive(file):   201416 kB
Unevictable:        8304 kB
Mlocked:               0 kB
HighTotal:        802816 kB
HighFree:           1824 kB
LowTotal:         548148 kB
LowFree:           63192 kB
SwapTotal:             0 kB
SwapFree:              0 kB
Dirty:                48 kB
Writeback:             0 kB
AnonPages:        553056 kB
Mapped:           172008 kB
Shmem:              4608 kB
Slab:              36088 kB
SReclaimable:      13628 kB
SUnreclaim:        22460 kB
KernelStack:        8616 kB
PageTables:        16096 kB
NFS_Unstable:          0 kB
Bounce:                0 kB
WritebackTmp:          0 kB
CommitLimit:      675480 kB
Committed_AS:   34159512 kB
VmallocTotal:     253952 kB
VmallocUsed:       79788 kB
VmallocChunk:      56324 kB
Time pass: 317 sec

---2015-10-25 15:24:01
MemTotal:        1350964 kB
MemFree:           65136 kB
Buffers:           43320 kB
Cached:           409156 kB
SwapCached:            0 kB
Active:           791492 kB
Inactive:         205984 kB
Active(anon):     553360 kB
Inactive(anon):     4552 kB
Active(file):     238132 kB
Inactive(file):   201432 kB
Unevictable:        8304 kB
Mlocked:               0 kB
HighTotal:        802816 kB
HighFree:           1824 kB
LowTotal:         548148 kB
LowFree:           63312 kB
SwapTotal:             0 kB
SwapFree:              0 kB
Dirty:                 0 kB
Writeback:             0 kB
AnonPages:        553324 kB
Mapped:           171960 kB
Shmem:              4608 kB
Slab:              36056 kB
SReclaimable:      13628 kB
SUnreclaim:        22428 kB
KernelStack:        8592 kB
PageTables:        16076 kB
NFS_Unstable:          0 kB
Bounce:                0 kB
WritebackTmp:          0 kB
CommitLimit:      675480 kB
Committed_AS:   34159764 kB
VmallocTotal:     253952 kB
VmallocUsed:       79788 kB
VmallocChunk:      56324 kB
Time pass: 321 sec

---2015-10-25 15:24:01
MemTotal:        1350964 kB
MemFree:           64700 kB
Buffers:           43324 kB
Cached:           409152 kB
SwapCached:            0 kB
Active:           792916 kB
Inactive:         205984 kB
Active(anon):     554784 kB
Inactive(anon):     4552 kB
Active(file):     238132 kB
Inactive(file):   201432 kB
Unevictable:        8304 kB
Mlocked:               0 kB
HighTotal:        802816 kB
HighFree:           1600 kB
LowTotal:         548148 kB
LowFree:           63100 kB
SwapTotal:             0 kB
SwapFree:              0 kB
Dirty:                 0 kB
Writeback:             0 kB
AnonPages:        554888 kB
Mapped:           172008 kB
Shmem:              4608 kB
Slab:              36072 kB
SReclaimable:      13628 kB
SUnreclaim:        22444 kB
KernelStack:        8608 kB
PageTables:        16092 kB
NFS_Unstable:          0 kB
Bounce:                0 kB
WritebackTmp:          0 kB
CommitLimit:      675480 kB
Committed_AS:   34161152 kB
VmallocTotal:     253952 kB
VmallocUsed:       79788 kB
VmallocChunk:      56324 kB
Time pass: 324 sec

---2015-10-25 15:24:01
MemTotal:        1350964 kB
MemFree:           65436 kB
Buffers:           43324 kB
Cached:           409156 kB
SwapCached:            0 kB
Active:           792180 kB
Inactive:         205988 kB
Active(anon):     554048 kB
Inactive(anon):     4552 kB
Active(file):     238132 kB
Inactive(file):   201436 kB
Unevictable:        8304 kB
Mlocked:               0 kB
HighTotal:        802816 kB
HighFree:           1600 kB
LowTotal:         548148 kB
LowFree:           63836 kB
SwapTotal:             0 kB
SwapFree:              0 kB
Dirty:               188 kB
Writeback:             0 kB
AnonPages:        553944 kB
Mapped:           171960 kB
Shmem:              4608 kB
Slab:              36136 kB
SReclaimable:      13628 kB
SUnreclaim:        22508 kB
KernelStack:        8608 kB
PageTables:        16080 kB
NFS_Unstable:          0 kB
Bounce:                0 kB
WritebackTmp:          0 kB
CommitLimit:      675480 kB
Committed_AS:   34160280 kB
VmallocTotal:     253952 kB
VmallocUsed:       79788 kB
VmallocChunk:      56324 kB
Time pass: 328 sec

---2015-10-25 15:24:01
MemTotal:        1350964 kB
MemFree:           64832 kB
Buffers:           43324 kB
Cached:           409156 kB
SwapCached:            0 kB
Active:           793040 kB
Inactive:         205988 kB
Active(anon):     554908 kB
Inactive(anon):     4552 kB
Active(file):     238132 kB
Inactive(file):   201436 kB
Unevictable:        8304 kB
Mlocked:               0 kB
HighTotal:        802816 kB
HighFree:           1600 kB
LowTotal:         548148 kB
LowFree:           63232 kB
SwapTotal:             0 kB
SwapFree:              0 kB
Dirty:               148 kB
Writeback:             0 kB
AnonPages:        555028 kB
Mapped:           172008 kB
Shmem:              4608 kB
Slab:              36104 kB
SReclaimable:      13628 kB
