---2015-10-26 12:50:36
MemTotal:        1959952 kB
MemFree:          120392 kB
Buffers:            8920 kB
Cached:           638508 kB
SwapCached:         5428 kB
Active:           788156 kB
Inactive:         506672 kB
Active(anon):     432596 kB
Inactive(anon):   217704 kB
Active(file):     355560 kB
Inactive(file):   288968 kB
Unevictable:        1768 kB
Mlocked:               0 kB
HighTotal:       1372556 kB
HighFree:          47832 kB
LowTotal:         587396 kB
LowFree:           72560 kB
SwapTotal:        262140 kB
SwapFree:         119608 kB
Dirty:              1080 kB
Writeback:             0 kB
AnonPages:        648752 kB
Mapped:           275252 kB
Shmem:              1132 kB
Slab:              69388 kB
SReclaimable:      19712 kB
SUnreclaim:        49676 kB
KernelStack:       19024 kB
PageTables:        31192 kB
NFS_Unstable:          0 kB
Bounce:                0 kB
WritebackTmp:          0 kB
CommitLimit:     1242116 kB
Committed_AS:   59369272 kB
VmallocTotal:     409600 kB
VmallocUsed:       33484 kB
VmallocChunk:      81948 kB
Time pass: 3 sec

---2015-10-26 12:50:36
MemTotal:        1959952 kB
MemFree:          120144 kB
Buffers:            8920 kB
Cached:           638508 kB
SwapCached:         5428 kB
Active:           788560 kB
Inactive:         506668 kB
Active(anon):     432996 kB
Inactive(anon):   217704 kB
Active(file):     355564 kB
Inactive(file):   288964 kB
Unevictable:        1768 kB
Mlocked:               0 kB
HighTotal:       1372556 kB
HighFree:          47476 kB
LowTotal:         587396 kB
LowFree:           72668 kB
SwapTotal:        262140 kB
SwapFree:         119608 kB
Dirty:              1064 kB
Writeback:             0 kB
AnonPages:        649096 kB
Mapped:           275464 kB
Shmem:              1132 kB
Slab:              69324 kB
SReclaimable:      19712 kB
SUnreclaim:        49612 kB
KernelStack:       19024 kB
PageTables:        31216 kB
NFS_Unstable:          0 kB
Bounce:                0 kB
WritebackTmp:          0 kB
CommitLimit:     1242116 kB
Committed_AS:   59369404 kB
VmallocTotal:     409600 kB
VmallocUsed:       33484 kB
VmallocChunk:      81948 kB
Time pass: 7 sec

---2015-10-26 12:50:36
MemTotal:        1959952 kB
MemFree:          128132 kB
Buffers:            8920 kB
Cached:           638512 kB
SwapCached:         5428 kB
Active:           781644 kB
Inactive:         506656 kB
Active(anon):     426064 kB
Inactive(anon):   217708 kB
Active(file):     355580 kB
Inactive(file):   288948 kB
Unevictable:        1768 kB
Mlocked:               0 kB
HighTotal:       1372556 kB
HighFree:          53660 kB
LowTotal:         587396 kB
LowFree:           74472 kB
SwapTotal:        262140 kB
SwapFree:         119608 kB
Dirty:              1064 kB
Writeback:             0 kB
AnonPages:        642232 kB
Mapped:           268748 kB
Shmem:              1136 kB
Slab:              69324 kB
SReclaimable:      19712 kB
SUnreclaim:        49612 kB
KernelStack:       18592 kB
PageTables:        30752 kB
NFS_Unstable:          0 kB
Bounce:                0 kB
WritebackTmp:          0 kB
CommitLimit:     1242116 kB
Committed_AS:   58399352 kB
VmallocTotal:     409600 kB
VmallocUsed:       33484 kB
VmallocChunk:      81948 kB
Time pass: 13 sec

---2015-10-26 12:50:36
MemTotal:        1959952 kB
MemFree:           98328 kB
Buffers:            8920 kB
Cached:           638544 kB
SwapCached:         5428 kB
Active:           809632 kB
Inactive:         506696 kB
Active(anon):     454056 kB
Inactive(anon):   217732 kB
Active(file):     355576 kB
Inactive(file):   288964 kB
Unevictable:        1768 kB
Mlocked:               0 kB
HighTotal:       1372556 kB
HighFree:          25012 kB
LowTotal:         587396 kB
LowFree:           73316 kB
SwapTotal:        262140 kB
SwapFree:         119612 kB
Dirty:              1096 kB
Writeback:             0 kB
AnonPages:        670040 kB
Mapped:           277624 kB
Shmem:              1156 kB
Slab:              69260 kB
SReclaimable:      19712 kB
SUnreclaim:        49548 kB
KernelStack:       19280 kB
PageTables:        32068 kB
NFS_Unstable:          0 kB
Bounce:                0 kB
WritebackTmp:          0 kB
CommitLimit:     1242116 kB
Committed_AS:   62257648 kB
VmallocTotal:     409600 kB
VmallocUsed:       37564 kB
VmallocChunk:      81948 kB
Time pass: 18 sec

---2015-10-26 12:50:36
MemTotal:        1959952 kB
MemFree:          113020 kB
Buffers:            8920 kB
Cached:           638592 kB
SwapCached:         5428 kB
Active:           795868 kB
Inactive:         506724 kB
Active(anon):     440276 kB
Inactive(anon):   217776 kB
Active(file):     355592 kB
Inactive(file):   288948 kB
Unevictable:        1768 kB
Mlocked:               0 kB
HighTotal:       1372556 kB
HighFree:          38752 kB
LowTotal:         587396 kB
LowFree:           74268 kB
SwapTotal:        262140 kB
SwapFree:         119612 kB
Dirty:              1080 kB
Writeback:             0 kB
AnonPages:        656380 kB
Mapped:           263668 kB
Shmem:              1204 kB
Slab:              69332 kB
SReclaimable:      19712 kB
SUnreclaim:        49620 kB
KernelStack:       18904 kB
PageTables:        31504 kB
NFS_Unstable:          0 kB
Bounce:                0 kB
WritebackTmp:          0 kB
CommitLimit:     1242116 kB
Committed_AS:   61293448 kB
VmallocTotal:     409600 kB
VmallocUsed:       41644 kB
VmallocChunk:      81948 kB
Time pass: 22 sec

---2015-10-26 12:50:36
MemTotal:        1959952 kB
MemFree:          105012 kB
Buffers:            8920 kB
Cached:           638596 kB
SwapCached:         5428 kB
Active:           803600 kB
Inactive:         506704 kB
Active(anon):     447988 kB
Inactive(anon):   217776 kB
Active(file):     355612 kB
Inactive(file):   288928 kB
Unevictable:        1768 kB
Mlocked:               0 kB
HighTotal:       1372556 kB
HighFree:          39636 kB
LowTotal:         587396 kB
LowFree:           65376 kB
SwapTotal:        262140 kB
SwapFree:         119612 kB
Dirty:              1072 kB
Writeback:             0 kB
AnonPages:        664288 kB
Mapped:           270432 kB
Shmem:              1208 kB
Slab:              69324 kB
SReclaimable:      19704 kB
SUnreclaim:        49620 kB
KernelStack:       19080 kB
PageTables:        31720 kB
NFS_Unstable:          0 kB
Bounce:                0 kB
WritebackTmp:          0 kB
CommitLimit:     1242116 kB
Committed_AS:   61306276 kB
VmallocTotal:     409600 kB
VmallocUsed:       42664 kB
VmallocChunk:      81948 kB
Time pass: 26 sec

---2015-10-26 12:50:36
MemTotal:        1959952 kB
MemFree:           97156 kB
Buffers:            8920 kB
Cached:           638528 kB
SwapCached:         5428 kB
Active:           812092 kB
Inactive:         506636 kB
Active(anon):     456480 kB
Inactive(anon):   217708 kB
Active(file):     355612 kB
Inactive(file):   288928 kB
Unevictable:        1768 kB
Mlocked:               0 kB
HighTotal:       1372556 kB
HighFree:          25720 kB
LowTotal:         587396 kB
LowFree:           71436 kB
SwapTotal:        262140 kB
SwapFree:         119612 kB
Dirty:              1072 kB
Writeback:             0 kB
AnonPages:        672660 kB
Mapped:           273996 kB
Shmem:              1140 kB
Slab:              69324 kB
SReclaimable:      19704 kB
SUnreclaim:        49620 kB
KernelStack:       18976 kB
PageTables:        31712 kB
NFS_Unstable:          0 kB
Bounce:                0 kB
WritebackTmp:          0 kB
CommitLimit:     1242116 kB
Committed_AS:   61274932 kB
VmallocTotal:     409600 kB
VmallocUsed:       44704 kB
VmallocChunk:      81948 kB
Time pass: 32 sec

---2015-10-26 12:50:36
MemTotal:        1959952 kB
MemFree:           97660 kB
Buffers:            8920 kB
Cached:           638600 kB
SwapCached:         5428 kB
Active:           809288 kB
Inactive:         506580 kB
Active(anon):     453572 kB
Inactive(anon):   217752 kB
Active(file):     355716 kB
Inactive(file):   288828 kB
Unevictable:        1768 kB
Mlocked:               0 kB
HighTotal:       1372556 kB
HighFree:          26364 kB
LowTotal:         587396 kB
LowFree:           71296 kB
SwapTotal:        262140 kB
SwapFree:         119612 kB
Dirty:              1112 kB
Writeback:             0 kB
AnonPages:        669932 kB
Mapped:           274816 kB
Shmem:              1208 kB
Slab:              69372 kB
SReclaimable:      19720 kB
SUnreclaim:        49652 kB
KernelStack:       19240 kB
PageTables:        31880 kB
NFS_Unstable:          0 kB
Bounce:                0 kB
WritebackTmp:          0 kB
CommitLimit:     1242116 kB
Committed_AS:   61307736 kB
VmallocTotal:     409600 kB
VmallocUsed:       36544 kB
VmallocChunk:      81948 kB
Time pass: 40 sec

---2015-10-26 12:50:36
MemTotal:        1959952 kB
MemFree:          111364 kB
Buffers:            8920 kB
Cached:           638616 kB
SwapCached:         5428 kB
Active:           796424 kB
Inactive:         506592 kB
Active(anon):     440708 kB
Inactive(anon):   217684 kB
Active(file):     355716 kB
Inactive(file):   288908 kB
Unevictable:        1768 kB
Mlocked:               0 kB
HighTotal:       1372556 kB
HighFree:          45820 kB
LowTotal:         587396 kB
LowFree:           65544 kB
SwapTotal:        262140 kB
SwapFree:         119612 kB
Dirty:              1068 kB
Writeback:             0 kB
AnonPages:        656960 kB
Mapped:           276968 kB
Shmem:              1144 kB
Slab:              69324 kB
SReclaimable:      19736 kB
SUnreclaim:        49588 kB
KernelStack:       19192 kB
PageTables:        31616 kB
NFS_Unstable:          0 kB
Bounce:                0 kB
WritebackTmp:          0 kB
CommitLimit:     1242116 kB
Committed_AS:   60324360 kB
VmallocTotal:     409600 kB
VmallocUsed:       35524 kB
VmallocChunk:      81948 kB
Time pass: 48 sec

---2015-10-26 12:50:36
MemTotal:        1959952 kB
MemFree:          120152 kB
Buffers:            8920 kB
Cached:           638616 kB
SwapCached:         5428 kB
Active:           788456 kB
Inactive:         506588 kB
Active(anon):     432736 kB
Inactive(anon):   217684 kB
Active(file):     355720 kB
Inactive(file):   288904 kB
Unevictable:        1768 kB
Mlocked:               0 kB
HighTotal:       1372556 kB
HighFree:          53540 kB
LowTotal:         587396 kB
LowFree:           66612 kB
SwapTotal:        262140 kB
SwapFree:         119612 kB
Dirty:              1060 kB
Writeback:             0 kB
AnonPages:        648812 kB
Mapped:           270628 kB
Shmem:              1144 kB
Slab:              69324 kB
SReclaimable:      19736 kB
SUnreclaim:        49588 kB
KernelStack:       18760 kB
PageTables:        31160 kB
NFS_Unstable:          0 kB
Bounce:                0 kB
WritebackTmp:          0 kB
CommitLimit:     1242116 kB
Committed_AS:   59353896 kB
VmallocTotal:     409600 kB
VmallocUsed:       35524 kB
VmallocChunk:      81948 kB
Time pass: 53 sec

---2015-10-26 12:50:36
MemTotal:        1959952 kB
MemFree:          117504 kB
Buffers:            8920 kB
Cached:           638736 kB
SwapCached:         5428 kB
Active:           790888 kB
Inactive:         506704 kB
Active(anon):     435168 kB
Inactive(anon):   217728 kB
Active(file):     355720 kB
Inactive(file):   288976 kB
Unevictable:        1768 kB
Mlocked:               0 kB
HighTotal:       1372556 kB
HighFree:          50536 kB
LowTotal:         587396 kB
LowFree:           66968 kB
SwapTotal:        262140 kB
SwapFree:         119612 kB
Dirty:              1096 kB
Writeback:             0 kB
AnonPages:        651292 kB
Mapped:           270896 kB
Shmem:              1192 kB
Slab:              69324 kB
SReclaimable:      19736 kB
SUnreclaim:        49588 kB
KernelStack:       19328 kB
PageTables:        31432 kB
NFS_Unstable:          0 kB
Bounce:                0 kB
WritebackTmp:          0 kB
CommitLimit:     1242116 kB
Committed_AS:   61145228 kB
VmallocTotal:     409600 kB
VmallocUsed:       39604 kB
VmallocChunk:      81948 kB
Time pass: 58 sec

---2015-10-26 12:50:36
MemTotal:        1959952 kB
MemFree:          117108 kB
Buffers:            8920 kB
Cached:           638796 kB
SwapCached:         5428 kB
Active:           790160 kB
Inactive:         506732 kB
Active(anon):     434444 kB
Inactive(anon):   217752 kB
Active(file):     355716 kB
Inactive(file):   288980 kB
Unevictable:        1768 kB
Mlocked:               0 kB
HighTotal:       1372556 kB
HighFree:          45632 kB
LowTotal:         587396 kB
LowFree:           71476 kB
SwapTotal:        262140 kB
SwapFree:         119612 kB
Dirty:              1076 kB
Writeback:             0 kB
AnonPages:        650620 kB
Mapped:           277184 kB
Shmem:              1252 kB
Slab:              69356 kB
SReclaimable:      19736 kB
SUnreclaim:        49620 kB
KernelStack:       19192 kB
PageTables:        31704 kB
NFS_Unstable:          0 kB
Bounce:                0 kB
WritebackTmp:          0 kB
CommitLimit:     1242116 kB
Committed_AS:   60380184 kB
VmallocTotal:     409600 kB
VmallocUsed:       39604 kB
VmallocChunk:      81948 kB
Time pass: 63 sec

---2015-10-26 12:50:36
MemTotal:        1959952 kB
MemFree:          122360 kB
Buffers:            8920 kB
Cached:           638676 kB
SwapCached:         5428 kB
Active:           785512 kB
Inactive:         506612 kB
Active(anon):     429796 kB
Inactive(anon):   217632 kB
Active(file):     355716 kB
Inactive(file):   288980 kB
Unevictable:        1768 kB
Mlocked:               0 kB
HighTotal:       1372556 kB
HighFree:          50364 kB
LowTotal:         587396 kB
LowFree:           71996 kB
SwapTotal:        262140 kB
SwapFree:         119612 kB
Dirty:              1072 kB
Writeback:             0 kB
AnonPages:        645952 kB
Mapped:           275544 kB
Shmem:              1132 kB
Slab:              69412 kB
SReclaimable:      19728 kB
SUnreclaim:        49684 kB
KernelStack:       19040 kB
PageTables:        31208 kB
NFS_Unstable:          0 kB
Bounce:                0 kB
WritebackTmp:          0 kB
CommitLimit:     1242116 kB
Committed_AS:   59368628 kB
VmallocTotal:     409600 kB
VmallocUsed:       39604 kB
VmallocChunk:      81948 kB
Time pass: 67 sec

---2015-10-26 12:50:36
MemTotal:        1959952 kB
MemFree:          130920 kB
Buffers:            8920 kB
Cached:           638704 kB
SwapCached:         5428 kB
Active:           778340 kB
Inactive:         506640 kB
Active(anon):     422624 kB
Inactive(anon):   217632 kB
Active(file):     355716 kB
Inactive(file):   289008 kB
Unevictable:        1768 kB
Mlocked:               0 kB
HighTotal:       1372556 kB
HighFree:          57724 kB
LowTotal:         587396 kB
LowFree:           73196 kB
SwapTotal:        262140 kB
SwapFree:         119612 kB
Dirty:              1068 kB
Writeback:             0 kB
AnonPages:        638776 kB
Mapped:           268624 kB
Shmem:              1132 kB
Slab:              69412 kB
SReclaimable:      19728 kB
SUnreclaim:        49684 kB
KernelStack:       18632 kB
PageTables:        30708 kB
NFS_Unstable:          0 kB
Bounce:                0 kB
WritebackTmp:          0 kB
CommitLimit:     1242116 kB
Committed_AS:   58397920 kB
VmallocTotal:     409600 kB
VmallocUsed:       38584 kB
VmallocChunk:      81948 kB
Time pass: 71 sec

---2015-10-26 12:50:36
MemTotal:        1959952 kB
MemFree:          104484 kB
Buffers:            8920 kB
Cached:           638776 kB
SwapCached:         5428 kB
Active:           802456 kB
Inactive:         506716 kB
Active(anon):     446744 kB
Inactive(anon):   217668 kB
Active(file):     355712 kB
Inactive(file):   289048 kB
Unevictable:        1768 kB
Mlocked:               0 kB
HighTotal:       1372556 kB
HighFree:          32964 kB
LowTotal:         587396 kB
LowFree:           71520 kB
SwapTotal:        262140 kB
SwapFree:         119612 kB
Dirty:              1084 kB
Writeback:             0 kB
AnonPages:        662756 kB
Mapped:           277424 kB
Shmem:              1168 kB
Slab:              69380 kB
SReclaimable:      19728 kB
SUnreclaim:        49652 kB
KernelStack:       19344 kB
PageTables:        32220 kB
NFS_Unstable:          0 kB
Bounce:                0 kB
WritebackTmp:          0 kB
CommitLimit:     1242116 kB
Committed_AS:   62249316 kB
VmallocTotal:     409600 kB
VmallocUsed:       43716 kB
VmallocChunk:      81948 kB
Time pass: 75 sec

---2015-10-26 12:50:36
MemTotal:        1959952 kB
MemFree:          267012 kB
Buffers:            8920 kB
Cached:           639732 kB
SwapCached:         5428 kB
Active:           732928 kB
Inactive:         504968 kB
Active(anon):     376944 kB
Inactive(anon):   214980 kB
Active(file):     355984 kB
Inactive(file):   289988 kB
Unevictable:        1768 kB
Mlocked:               0 kB
HighTotal:       1372556 kB
HighFree:         113416 kB
LowTotal:         587396 kB
LowFree:          153596 kB
SwapTotal:        262140 kB
SwapFree:         119640 kB
Dirty:               984 kB
Writeback:             0 kB
AnonPages:        590708 kB
Mapped:           208880 kB
Shmem:               880 kB
Slab:              69448 kB
SReclaimable:      19764 kB
SUnreclaim:        49684 kB
KernelStack:       18024 kB
PageTables:        29680 kB
NFS_Unstable:          0 kB
Bounce:                0 kB
WritebackTmp:          0 kB
CommitLimit:     1242116 kB
Committed_AS:   59319736 kB
VmallocTotal:     409600 kB
VmallocUsed:       28844 kB
VmallocChunk:      81948 kB
Time pass: 84 sec

---2015-10-26 12:50:36
MemTotal:        1959952 kB
MemFree:          162780 kB
Buffers:            8920 kB
Cached:           639956 kB
SwapCached:         5428 kB
Active:           770004 kB
Inactive:         504860 kB
Active(anon):     413716 kB
Inactive(anon):   214860 kB
Active(file):     356288 kB
Inactive(file):   290000 kB
Unevictable:        1768 kB
Mlocked:               0 kB
HighTotal:       1372556 kB
HighFree:          65456 kB
LowTotal:         587396 kB
LowFree:           97324 kB
SwapTotal:        262140 kB
SwapFree:         119640 kB
Dirty:              2532 kB
Writeback:             0 kB
AnonPages:        627348 kB
Mapped:           253964 kB
Shmem:               820 kB
Slab:              69660 kB
SReclaimable:      19820 kB
SUnreclaim:        49840 kB
KernelStack:       18600 kB
PageTables:        30944 kB
NFS_Unstable:          0 kB
Bounce:                0 kB
WritebackTmp:          0 kB
CommitLimit:     1242116 kB
Committed_AS:   60265700 kB
VmallocTotal:     409600 kB
VmallocUsed:       33324 kB
VmallocChunk:      81948 kB
Time pass: 90 sec

---2015-10-26 12:50:36
MemTotal:        1959952 kB
MemFree:          174120 kB
Buffers:            8920 kB
Cached:           639960 kB
SwapCached:         5428 kB
Active:           746996 kB
Inactive:         504832 kB
Active(anon):     390680 kB
Inactive(anon):   214856 kB
Active(file):     356316 kB
Inactive(file):   289976 kB
Unevictable:        1768 kB
Mlocked:               0 kB
HighTotal:       1372556 kB
HighFree:          87440 kB
LowTotal:         587396 kB
LowFree:           86680 kB
SwapTotal:        262140 kB
SwapFree:         119640 kB
Dirty:               580 kB
Writeback:             0 kB
AnonPages:        604404 kB
Mapped:           255692 kB
Shmem:               820 kB
Slab:              69644 kB
SReclaimable:      19828 kB
SUnreclaim:        49816 kB
KernelStack:       18248 kB
PageTables:        30368 kB
NFS_Unstable:          0 kB
Bounce:                0 kB
WritebackTmp:          0 kB
CommitLimit:     1242116 kB
Committed_AS:   58360368 kB
VmallocTotal:     409600 kB
VmallocUsed:       30988 kB
VmallocChunk:      81948 kB
Time pass: 95 sec

---2015-10-26 12:50:36
MemTotal:        1959952 kB
MemFree:          173808 kB
Buffers:            8920 kB
Cached:           639968 kB
SwapCached:         5428 kB
Active:           747160 kB
Inactive:         504840 kB
Active(anon):     390844 kB
Inactive(anon):   214856 kB
Active(file):     356316 kB
Inactive(file):   289984 kB
Unevictable:        1768 kB
Mlocked:               0 kB
HighTotal:       1372556 kB
HighFree:          87084 kB
LowTotal:         587396 kB
LowFree:           86724 kB
SwapTotal:        262140 kB
SwapFree:         119640 kB
Dirty:               712 kB
Writeback:             0 kB
AnonPages:        604552 kB
Mapped:           255656 kB
Shmem:               820 kB
Slab:              69636 kB
SReclaimable:      19828 kB
SUnreclaim:        49808 kB
KernelStack:       18216 kB
PageTables:        30380 kB
NFS_Unstable:          0 kB
Bounce:                0 kB
WritebackTmp:          0 kB
CommitLimit:     1242116 kB
Committed_AS:   58360648 kB
VmallocTotal:     409600 kB
VmallocUsed:       30988 kB
VmallocChunk:      81948 kB
Time pass: 99 sec

---2015-10-26 12:50:36
MemTotal:        1959952 kB
MemFree:          155676 kB
Buffers:            8920 kB
Cached:           640284 kB
SwapCached:         5428 kB
Active:           754396 kB
Inactive:         505044 kB
Active(anon):     398076 kB
Inactive(anon):   214868 kB
Active(file):     356320 kB
Inactive(file):   290176 kB
Unevictable:        1768 kB
Mlocked:               0 kB
HighTotal:       1372556 kB
HighFree:          78000 kB
LowTotal:         587396 kB
LowFree:           77676 kB
SwapTotal:        262140 kB
SwapFree:         119660 kB
Dirty:              1016 kB
Writeback:             0 kB
AnonPages:        611836 kB
Mapped:           256764 kB
Shmem:               820 kB
Slab:              69612 kB
SReclaimable:      19836 kB
SUnreclaim:        49776 kB
KernelStack:       18408 kB
PageTables:        30764 kB
NFS_Unstable:          0 kB
Bounce:                0 kB
WritebackTmp:          0 kB
CommitLimit:     1242116 kB
Committed_AS:   59312532 kB
VmallocTotal:     409600 kB
VmallocUsed:       31000 kB
VmallocChunk:      81948 kB
Time pass: 104 sec

---2015-10-26 12:50:36
MemTotal:        1959952 kB
MemFree:          157076 kB
Buffers:            8920 kB
Cached:           640592 kB
SwapCached:         5428 kB
Active:           752172 kB
Inactive:         505176 kB
Active(anon):     395664 kB
Inactive(anon):   214800 kB
Active(file):     356508 kB
Inactive(file):   290376 kB
Unevictable:        1768 kB
Mlocked:               0 kB
HighTotal:       1372556 kB
HighFree:          79832 kB
LowTotal:         587396 kB
LowFree:           77244 kB
SwapTotal:        262140 kB
SwapFree:         119660 kB
Dirty:              1196 kB
Writeback:             0 kB
AnonPages:        609284 kB
Mapped:           257036 kB
Shmem:               820 kB
Slab:              69600 kB
SReclaimable:      19820 kB
SUnreclaim:        49780 kB
KernelStack:       18432 kB
PageTables:        30820 kB
NFS_Unstable:          0 kB
Bounce:                0 kB
WritebackTmp:          0 kB
CommitLimit:     1242116 kB
Committed_AS:   59311732 kB
VmallocTotal:     409600 kB
VmallocUsed:       31000 kB
VmallocChunk:      81948 kB
Time pass: 108 sec

---2015-10-26 12:50:36
MemTotal:        1959952 kB
MemFree:          157696 kB
Buffers:            8920 kB
Cached:           640592 kB
SwapCached:         5428 kB
Active:           750968 kB
Inactive:         505172 kB
Active(anon):     394432 kB
Inactive(anon):   214784 kB
Active(file):     356536 kB
Inactive(file):   290388 kB
Unevictable:        1768 kB
Mlocked:               0 kB
HighTotal:       1372556 kB
HighFree:          80504 kB
LowTotal:         587396 kB
LowFree:           77192 kB
SwapTotal:        262140 kB
SwapFree:         119660 kB
Dirty:               664 kB
Writeback:             0 kB
AnonPages:        607940 kB
Mapped:           257036 kB
Shmem:               820 kB
Slab:              69640 kB
SReclaimable:      19828 kB
SUnreclaim:        49812 kB
KernelStack:       18448 kB
PageTables:        30820 kB
NFS_Unstable:          0 kB
Bounce:                0 kB
WritebackTmp:          0 kB
CommitLimit:     1242116 kB
Committed_AS:   59311716 kB
VmallocTotal:     409600 kB
VmallocUsed:       31000 kB
VmallocChunk:      81948 kB
Time pass: 111 sec

---2015-10-26 12:50:36
MemTotal:        1959952 kB
MemFree:          130208 kB
Buffers:            8920 kB
Cached:           640636 kB
SwapCached:         5428 kB
Active:           760620 kB
Inactive:         505176 kB
Active(anon):     404052 kB
Inactive(anon):   214784 kB
Active(file):     356568 kB
Inactive(file):   290392 kB
Unevictable:        1768 kB
Mlocked:               0 kB
HighTotal:       1372556 kB
HighFree:          62304 kB
LowTotal:         587396 kB
LowFree:           67904 kB
SwapTotal:        262140 kB
SwapFree:         119660 kB
Dirty:               668 kB
Writeback:             0 kB
AnonPages:        617548 kB
Mapped:           268516 kB
Shmem:               820 kB
Slab:              69640 kB
SReclaimable:      19828 kB
SUnreclaim:        49812 kB
KernelStack:       18448 kB
PageTables:        30828 kB
NFS_Unstable:          0 kB
Bounce:                0 kB
WritebackTmp:          0 kB
CommitLimit:     1242116 kB
Committed_AS:   59321028 kB
VmallocTotal:     409600 kB
VmallocUsed:       31088 kB
VmallocChunk:      81948 kB
Time pass: 115 sec

---2015-10-26 12:50:36
MemTotal:        1959952 kB
MemFree:          134824 kB
Buffers:            8920 kB
Cached:           640648 kB
SwapCached:         5428 kB
Active:           755984 kB
Inactive:         505156 kB
Active(anon):     399380 kB
Inactive(anon):   214784 kB
Active(file):     356604 kB
Inactive(file):   290372 kB
Unevictable:        1768 kB
Mlocked:               0 kB
HighTotal:       1372556 kB
HighFree:          67056 kB
LowTotal:         587396 kB
LowFree:           67768 kB
SwapTotal:        262140 kB
SwapFree:         119660 kB
Dirty:               776 kB
Writeback:             0 kB
AnonPages:        612676 kB
Mapped:           269988 kB
Shmem:               820 kB
Slab:              69684 kB
SReclaimable:      19828 kB
SUnreclaim:        49856 kB
KernelStack:       18552 kB
PageTables:        30908 kB
NFS_Unstable:          0 kB
Bounce:                0 kB
WritebackTmp:          0 kB
CommitLimit:     1242116 kB
Committed_AS:   59315076 kB
VmallocTotal:     409600 kB
VmallocUsed:       31088 kB
VmallocChunk:      81948 kB
Time pass: 119 sec

---2015-10-26 12:50:36
MemTotal:        1959952 kB
MemFree:          133828 kB
Buffers:            8920 kB
Cached:           640648 kB
SwapCached:         5428 kB
Active:           755912 kB
Inactive:         505156 kB
Active(anon):     399308 kB
Inactive(anon):   214784 kB
Active(file):     356604 kB
Inactive(file):   290372 kB
Unevictable:        1768 kB
Mlocked:               0 kB
HighTotal:       1372556 kB
HighFree:          66176 kB
LowTotal:         587396 kB
LowFree:           67652 kB
SwapTotal:        262140 kB
SwapFree:         119660 kB
Dirty:               784 kB
Writeback:             0 kB
AnonPages:        612788 kB
Mapped:           269988 kB
Shmem:               820 kB
Slab:              69684 kB
SReclaimable:      19828 kB
SUnreclaim:        49856 kB
KernelStack:       18544 kB
PageTables:        30908 kB
NFS_Unstable:          0 kB
Bounce:                0 kB
WritebackTmp:          0 kB
CommitLimit:     1242116 kB
Committed_AS:   59315148 kB
VmallocTotal:     409600 kB
VmallocUsed:       31088 kB
VmallocChunk:      81948 kB
Time pass: 122 sec

---2015-10-26 12:50:36
MemTotal:        1959952 kB
MemFree:          133076 kB
Buffers:            8920 kB
Cached:           640648 kB
SwapCached:         5428 kB
Active:           756340 kB
Inactive:         505156 kB
Active(anon):     399736 kB
Inactive(anon):   214784 kB
Active(file):     356604 kB
Inactive(file):   290372 kB
Unevictable:        1768 kB
Mlocked:               0 kB
HighTotal:       1372556 kB
HighFree:          65692 kB
LowTotal:         587396 kB
LowFree:           67384 kB
SwapTotal:        262140 kB
SwapFree:         119660 kB
Dirty:               784 kB
Writeback:             0 kB
AnonPages:        613364 kB
Mapped:           270120 kB
Shmem:               820 kB
Slab:              69780 kB
SReclaimable:      19828 kB
SUnreclaim:        49952 kB
KernelStack:       18560 kB
PageTables:        30924 kB
NFS_Unstable:          0 kB
Bounce:                0 kB
WritebackTmp:          0 kB
CommitLimit:     1242116 kB
Committed_AS:   59315176 kB
VmallocTotal:     409600 kB
VmallocUsed:       31088 kB
VmallocChunk:      81948 kB
Time pass: 126 sec

---2015-10-26 12:50:36
MemTotal:        1959952 kB
MemFree:          131936 kB
Buffers:            8920 kB
Cached:           640648 kB
SwapCached:         5428 kB
Active:           756748 kB
Inactive:         505156 kB
Active(anon):     400144 kB
Inactive(anon):   214784 kB
Active(file):     356604 kB
Inactive(file):   290372 kB
Unevictable:        1768 kB
Mlocked:               0 kB
HighTotal:       1372556 kB
HighFree:          64852 kB
LowTotal:         587396 kB
LowFree:           67084 kB
SwapTotal:        262140 kB
SwapFree:         119660 kB
Dirty:               784 kB
Writeback:             0 kB
AnonPages:        613556 kB
Mapped:           269996 kB
Shmem:               820 kB
Slab:              69780 kB
SReclaimable:      19828 kB
SUnreclaim:        49952 kB
KernelStack:       18528 kB
PageTables:        30908 kB
NFS_Unstable:          0 kB
Bounce:                0 kB
WritebackTmp:          0 kB
CommitLimit:     1242116 kB
Committed_AS:   59315636 kB
VmallocTotal:     409600 kB
VmallocUsed:       31088 kB
VmallocChunk:      81948 kB
Time pass: 132 sec

---2015-10-26 12:50:36
MemTotal:        1959952 kB
MemFree:           93532 kB
Buffers:            8920 kB
Cached:           640652 kB
SwapCached:         5428 kB
Active:           764692 kB
Inactive:         505092 kB
Active(anon):     408084 kB
Inactive(anon):   214784 kB
Active(file):     356608 kB
Inactive(file):   290308 kB
Unevictable:        1768 kB
Mlocked:               0 kB
HighTotal:       1372556 kB
HighFree:          27252 kB
LowTotal:         587396 kB
LowFree:           66280 kB
SwapTotal:        262140 kB
SwapFree:         119664 kB
Dirty:               812 kB
Writeback:             0 kB
AnonPages:        622128 kB
Mapped:           293788 kB
Shmem:               820 kB
Slab:              69784 kB
SReclaimable:      19828 kB
SUnreclaim:        49956 kB
KernelStack:       18768 kB
PageTables:        31240 kB
NFS_Unstable:          0 kB
Bounce:                0 kB
WritebackTmp:          0 kB
CommitLimit:     1242116 kB
Committed_AS:   63941308 kB
VmallocTotal:     409600 kB
VmallocUsed:       33224 kB
VmallocChunk:      81948 kB
Time pass: 137 sec

---2015-10-26 12:50:36
MemTotal:        1959952 kB
MemFree:          270484 kB
Buffers:            8920 kB
Cached:           641000 kB
SwapCached:         5428 kB
Active:           719336 kB
Inactive:         505204 kB
Active(anon):     362440 kB
Inactive(anon):   214644 kB
Active(file):     356896 kB
Inactive(file):   290560 kB
Unevictable:        1768 kB
Mlocked:               0 kB
HighTotal:       1372556 kB
HighFree:         110340 kB
LowTotal:         587396 kB
LowFree:          160144 kB
SwapTotal:        262140 kB
SwapFree:         119664 kB
Dirty:               952 kB
Writeback:             0 kB
AnonPages:        576100 kB
Mapped:           228472 kB
Shmem:               684 kB
Slab:              69676 kB
SReclaimable:      19836 kB
SUnreclaim:        49840 kB
KernelStack:       17656 kB
PageTables:        29744 kB
NFS_Unstable:          0 kB
Bounce:                0 kB
WritebackTmp:          0 kB
CommitLimit:     1242116 kB
Committed_AS:   61023912 kB
VmallocTotal:     409600 kB
VmallocUsed:       30572 kB
VmallocChunk:      81948 kB
Time pass: 142 sec

---2015-10-26 12:50:36
MemTotal:        1959952 kB
MemFree:          277468 kB
Buffers:            8920 kB
Cached:           641000 kB
SwapCached:         5428 kB
Active:           712828 kB
Inactive:         505204 kB
Active(anon):     355928 kB
Inactive(anon):   214636 kB
Active(file):     356900 kB
Inactive(file):   290568 kB
Unevictable:        1768 kB
Mlocked:               0 kB
HighTotal:       1372556 kB
HighFree:         116796 kB
LowTotal:         587396 kB
LowFree:          160672 kB
SwapTotal:        262140 kB
SwapFree:         119664 kB
Dirty:               896 kB
Writeback:             0 kB
AnonPages:        569292 kB
Mapped:           225996 kB
Shmem:               684 kB
Slab:              69520 kB
SReclaimable:      19836 kB
SUnreclaim:        49684 kB
KernelStack:       17824 kB
PageTables:        29364 kB
NFS_Unstable:          0 kB
Bounce:                0 kB
WritebackTmp:          0 kB
CommitLimit:     1242116 kB
Committed_AS:   57350800 kB
VmallocTotal:     409600 kB
VmallocUsed:       30572 kB
VmallocChunk:      81948 kB
Time pass: 147 sec

---2015-10-26 12:50:36
MemTotal:        1959952 kB
MemFree:          274476 kB
Buffers:            8920 kB
Cached:           641000 kB
SwapCached:         5428 kB
Active:           715840 kB
Inactive:         505204 kB
Active(anon):     358940 kB
Inactive(anon):   214636 kB
Active(file):     356900 kB
Inactive(file):   290568 kB
Unevictable:        1768 kB
Mlocked:               0 kB
HighTotal:       1372556 kB
HighFree:         113964 kB
LowTotal:         587396 kB
LowFree:          160512 kB
SwapTotal:        262140 kB
SwapFree:         119664 kB
Dirty:               896 kB
Writeback:             0 kB
AnonPages:        572372 kB
Mapped:           228508 kB
Shmem:               684 kB
Slab:              69592 kB
SReclaimable:      19836 kB
SUnreclaim:        49756 kB
KernelStack:       17680 kB
PageTables:        29496 kB
NFS_Unstable:          0 kB
Bounce:                0 kB
WritebackTmp:          0 kB
CommitLimit:     1242116 kB
Committed_AS:   59181888 kB
VmallocTotal:     409600 kB
VmallocUsed:       31592 kB
VmallocChunk:      81948 kB
Time pass: 150 sec

---2015-10-26 12:50:36
MemTotal:        1959952 kB
MemFree:          280032 kB
Buffers:            8920 kB
Cached:           641000 kB
SwapCached:         5428 kB
Active:           712572 kB
Inactive:         503072 kB
Active(anon):     355672 kB
Inactive(anon):   212504 kB
Active(file):     356900 kB
Inactive(file):   290568 kB
Unevictable:        1768 kB
Mlocked:               0 kB
HighTotal:       1372556 kB
HighFree:         119144 kB
LowTotal:         587396 kB
LowFree:          160888 kB
SwapTotal:        262140 kB
SwapFree:         119664 kB
Dirty:               896 kB
Writeback:             0 kB
AnonPages:        567072 kB
Mapped:           225724 kB
Shmem:               684 kB
Slab:              69556 kB
SReclaimable:      19836 kB
SUnreclaim:        49720 kB
KernelStack:       17592 kB
PageTables:        29276 kB
NFS_Unstable:          0 kB
Bounce:                0 kB
WritebackTmp:          0 kB
CommitLimit:     1242116 kB
Committed_AS:   57340536 kB
VmallocTotal:     409600 kB
VmallocUsed:       30572 kB
VmallocChunk:      81948 kB
Time pass: 154 sec

---2015-10-26 12:50:36
MemTotal:        1959952 kB
MemFree:          279932 kB
Buffers:            8920 kB
Cached:           641000 kB
SwapCached:         5428 kB
Active:           712704 kB
Inactive:         503072 kB
Active(anon):     355804 kB
Inactive(anon):   212504 kB
Active(file):     356900 kB
Inactive(file):   290568 kB
Unevictable:        1768 kB
Mlocked:               0 kB
HighTotal:       1372556 kB
HighFree:         119004 kB
LowTotal:         587396 kB
LowFree:          160928 kB
SwapTotal:        262140 kB
SwapFree:         119664 kB
Dirty:               896 kB
Writeback:             0 kB
AnonPages:        567244 kB
Mapped:           225724 kB
Shmem:               684 kB
Slab:              69556 kB
SReclaimable:      19836 kB
SUnreclaim:        49720 kB
KernelStack:       17568 kB
PageTables:        29272 kB
NFS_Unstable:          0 kB
Bounce:                0 kB
WritebackTmp:          0 kB
CommitLimit:     1242116 kB
Committed_AS:   57340500 kB
VmallocTotal:     409600 kB
VmallocUsed:       30572 kB
VmallocChunk:      81948 kB
Time pass: 158 sec

---2015-10-26 12:50:36
MemTotal:        1959952 kB
MemFree:          279184 kB
Buffers:            8920 kB
Cached:           641000 kB
SwapCached:         5428 kB
Active:           713576 kB
Inactive:         503064 kB
Active(anon):     356668 kB
Inactive(anon):   212504 kB
Active(file):     356908 kB
Inactive(file):   290560 kB
Unevictable:        1768 kB
Mlocked:               0 kB
HighTotal:       1372556 kB
HighFree:         118224 kB
LowTotal:         587396 kB
LowFree:          160960 kB
SwapTotal:        262140 kB
SwapFree:         119664 kB
Dirty:               900 kB
Writeback:             0 kB
AnonPages:        567976 kB
Mapped:           225724 kB
Shmem:               684 kB
Slab:              69556 kB
SReclaimable:      19836 kB
SUnreclaim:        49720 kB
KernelStack:       17536 kB
PageTables:        29272 kB
NFS_Unstable:          0 kB
Bounce:                0 kB
WritebackTmp:          0 kB
CommitLimit:     1242116 kB
Committed_AS:   57341000 kB
VmallocTotal:     409600 kB
VmallocUsed:       30572 kB
VmallocChunk:      81948 kB
Time pass: 163 sec

---2015-10-26 12:50:36
MemTotal:        1959952 kB
MemFree:          278812 kB
Buffers:            8920 kB
Cached:           641000 kB
SwapCached:         5428 kB
Active:           713812 kB
Inactive:         503064 kB
Active(anon):     356904 kB
Inactive(anon):   212504 kB
Active(file):     356908 kB
Inactive(file):   290560 kB
Unevictable:        1768 kB
Mlocked:               0 kB
HighTotal:       1372556 kB
HighFree:         117836 kB
LowTotal:         587396 kB
LowFree:          160976 kB
SwapTotal:        262140 kB
SwapFree:         119664 kB
Dirty:               892 kB
Writeback:             0 kB
AnonPages:        568300 kB
Mapped:           225724 kB
Shmem:               684 kB
Slab:              69556 kB
SReclaimable:      19836 kB
SUnreclaim:        49720 kB
KernelStack:       17520 kB
PageTables:        29268 kB
NFS_Unstable:          0 kB
Bounce:                0 kB
WritebackTmp:          0 kB
CommitLimit:     1242116 kB
Committed_AS:   57341072 kB
VmallocTotal:     409600 kB
VmallocUsed:       30572 kB
VmallocChunk:      81948 kB
Time pass: 166 sec

---2015-10-26 12:50:36
MemTotal:        1959952 kB
MemFree:          278728 kB
Buffers:            8920 kB
Cached:           641000 kB
SwapCached:         5428 kB
Active:           713892 kB
Inactive:         503064 kB
Active(anon):     356984 kB
Inactive(anon):   212504 kB
Active(file):     356908 kB
Inactive(file):   290560 kB
Unevictable:        1768 kB
Mlocked:               0 kB
HighTotal:       1372556 kB
HighFree:         117744 kB
LowTotal:         587396 kB
LowFree:          160984 kB
SwapTotal:        262140 kB
SwapFree:         119664 kB
Dirty:               892 kB
Writeback:             0 kB
AnonPages:        568380 kB
Mapped:           225724 kB
Shmem:               684 kB
Slab:              69556 kB
SReclaimable:      19836 kB
SUnreclaim:        49720 kB
KernelStack:       17528 kB
PageTables:        29268 kB
NFS_Unstable:          0 kB
Bounce:                0 kB
WritebackTmp:          0 kB
CommitLimit:     1242116 kB
Committed_AS:   57341192 kB
VmallocTotal:     409600 kB
VmallocUsed:       30572 kB
VmallocChunk:      81948 kB
Time pass: 170 sec

---2015-10-26 12:50:36
MemTotal:        1959952 kB
MemFree:          278712 kB
Buffers:            8920 kB
Cached:           641012 kB
SwapCached:         5428 kB
Active:           713940 kB
Inactive:         503072 kB
Active(anon):     357032 kB
Inactive(anon):   212504 kB
Active(file):     356908 kB
Inactive(file):   290568 kB
Unevictable:        1768 kB
Mlocked:               0 kB
HighTotal:       1372556 kB
HighFree:         117704 kB
LowTotal:         587396 kB
LowFree:          161008 kB
SwapTotal:        262140 kB
SwapFree:         119664 kB
Dirty:               908 kB
Writeback:             0 kB
AnonPages:        568460 kB
Mapped:           225724 kB
Shmem:               684 kB
Slab:              69556 kB
SReclaimable:      19836 kB
SUnreclaim:        49720 kB
KernelStack:       17520 kB
PageTables:        29268 kB
NFS_Unstable:          0 kB
Bounce:                0 kB
WritebackTmp:          0 kB
CommitLimit:     1242116 kB
Committed_AS:   57341148 kB
VmallocTotal:     409600 kB
VmallocUsed:       30572 kB
VmallocChunk:      81948 kB
Time pass: 173 sec

---2015-10-26 12:50:36
MemTotal:        1959952 kB
MemFree:          278336 kB
Buffers:            8920 kB
Cached:           641012 kB
SwapCached:         5428 kB
Active:           714412 kB
Inactive:         503076 kB
Active(anon):     357504 kB
Inactive(anon):   212504 kB
Active(file):     356908 kB
Inactive(file):   290572 kB
Unevictable:        1768 kB
Mlocked:               0 kB
HighTotal:       1372556 kB
HighFree:         117336 kB
LowTotal:         587396 kB
LowFree:          161000 kB
SwapTotal:        262140 kB
SwapFree:         119664 kB
Dirty:               908 kB
Writeback:             0 kB
AnonPages:        568844 kB
Mapped:           225732 kB
Shmem:               684 kB
Slab:              69556 kB
SReclaimable:      19836 kB
SUnreclaim:        49720 kB
KernelStack:       17528 kB
PageTables:        29268 kB
NFS_Unstable:          0 kB
Bounce:                0 kB
WritebackTmp:          0 kB
CommitLimit:     1242116 kB
Committed_AS:   57341776 kB
VmallocTotal:     409600 kB
VmallocUsed:       30572 kB
VmallocChunk:      81948 kB
Time pass: 177 sec

---2015-10-26 12:50:36
MemTotal:        1959952 kB
MemFree:          274052 kB
Buffers:            8920 kB
Cached:           641012 kB
SwapCached:         5428 kB
Active:           718376 kB
Inactive:         503076 kB
Active(anon):     361468 kB
Inactive(anon):   212504 kB
Active(file):     356908 kB
Inactive(file):   290572 kB
Unevictable:        1768 kB
Mlocked:               0 kB
HighTotal:       1372556 kB
HighFree:         113344 kB
LowTotal:         587396 kB
LowFree:          160708 kB
SwapTotal:        262140 kB
SwapFree:         119664 kB
Dirty:               908 kB
Writeback:             0 kB
AnonPages:        572796 kB
Mapped:           228484 kB
Shmem:               684 kB
Slab:              69556 kB
SReclaimable:      19836 kB
SUnreclaim:        49720 kB
KernelStack:       17560 kB
PageTables:        29688 kB
NFS_Unstable:          0 kB
Bounce:                0 kB
WritebackTmp:          0 kB
CommitLimit:     1242116 kB
Committed_AS:   60132756 kB
VmallocTotal:     409600 kB
VmallocUsed:       31592 kB
VmallocChunk:      81948 kB
Time pass: 181 sec

---2015-10-26 12:50:36
MemTotal:        1959952 kB
MemFree:          245540 kB
Buffers:            8920 kB
Cached:           641108 kB
SwapCached:         5428 kB
Active:           739696 kB
Inactive:         503180 kB
Active(anon):     382788 kB
Inactive(anon):   212644 kB
Active(file):     356908 kB
Inactive(file):   290536 kB
Unevictable:        1768 kB
Mlocked:               0 kB
HighTotal:       1372556 kB
HighFree:          98916 kB
LowTotal:         587396 kB
LowFree:          146624 kB
SwapTotal:        262140 kB
SwapFree:         119672 kB
Dirty:              1036 kB
Writeback:             0 kB
AnonPages:        594244 kB
Mapped:           242428 kB
Shmem:               816 kB
Slab:              69524 kB
SReclaimable:      19836 kB
SUnreclaim:        49688 kB
KernelStack:       18168 kB
PageTables:        30164 kB
NFS_Unstable:          0 kB
Bounce:                0 kB
WritebackTmp:          0 kB
CommitLimit:     1242116 kB
Committed_AS:   58352248 kB
VmallocTotal:     409600 kB
VmallocUsed:       31760 kB
VmallocChunk:      81948 kB
Time pass: 184 sec

---2015-10-26 12:50:36
MemTotal:        1959952 kB
MemFree:          242544 kB
Buffers:            8920 kB
Cached:           641128 kB
SwapCached:         5428 kB
Active:           736420 kB
Inactive:         503076 kB
Active(anon):     379496 kB
Inactive(anon):   212540 kB
Active(file):     356924 kB
Inactive(file):   290536 kB
Unevictable:        1768 kB
Mlocked:               0 kB
HighTotal:       1372556 kB
HighFree:         102328 kB
LowTotal:         587396 kB
LowFree:          140216 kB
SwapTotal:        262140 kB
SwapFree:         119672 kB
Dirty:               416 kB
Writeback:             0 kB
AnonPages:        590680 kB
Mapped:           243252 kB
Shmem:               820 kB
Slab:              69536 kB
SReclaimable:      19844 kB
SUnreclaim:        49692 kB
KernelStack:       18176 kB
PageTables:        30204 kB
NFS_Unstable:          0 kB
Bounce:                0 kB
WritebackTmp:          0 kB
CommitLimit:     1242116 kB
Committed_AS:   58351004 kB
VmallocTotal:     409600 kB
VmallocUsed:       31796 kB
VmallocChunk:      81948 kB
Time pass: 189 sec

---2015-10-26 12:50:36
MemTotal:        1959952 kB
MemFree:          217360 kB
Buffers:            8920 kB
Cached:           641320 kB
SwapCached:         5428 kB
Active:           749540 kB
Inactive:         503224 kB
Active(anon):     392648 kB
Inactive(anon):   212532 kB
Active(file):     356892 kB
Inactive(file):   290692 kB
Unevictable:        1768 kB
Mlocked:               0 kB
HighTotal:       1372556 kB
HighFree:          81928 kB
LowTotal:         587396 kB
LowFree:          135432 kB
SwapTotal:        262140 kB
SwapFree:         119672 kB
Dirty:               628 kB
Writeback:             0 kB
AnonPages:        603896 kB
Mapped:           251040 kB
Shmem:               820 kB
Slab:              69504 kB
SReclaimable:      19844 kB
SUnreclaim:        49660 kB
KernelStack:       18256 kB
PageTables:        30252 kB
NFS_Unstable:          0 kB
Bounce:                0 kB
WritebackTmp:          0 kB
CommitLimit:     1242116 kB
Committed_AS:   58364880 kB
VmallocTotal:     409600 kB
VmallocUsed:       31824 kB
VmallocChunk:      81948 kB
Time pass: 192 sec

---2015-10-26 12:50:36
MemTotal:        1959952 kB
MemFree:          187136 kB
Buffers:            8920 kB
Cached:           641320 kB
SwapCached:         5428 kB
Active:           748108 kB
Inactive:         503228 kB
Active(anon):     391152 kB
Inactive(anon):   212532 kB
Active(file):     356956 kB
Inactive(file):   290696 kB
Unevictable:        1768 kB
Mlocked:               0 kB
HighTotal:       1372556 kB
HighFree:          80820 kB
LowTotal:         587396 kB
LowFree:          106316 kB
SwapTotal:        262140 kB
SwapFree:         119672 kB
Dirty:               356 kB
Writeback:             0 kB
AnonPages:        602412 kB
Mapped:           253672 kB
Shmem:               820 kB
Slab:              69504 kB
SReclaimable:      19844 kB
SUnreclaim:        49660 kB
KernelStack:       18256 kB
PageTables:        30328 kB
NFS_Unstable:          0 kB
Bounce:                0 kB
WritebackTmp:          0 kB
CommitLimit:     1242116 kB
Committed_AS:   58362728 kB
VmallocTotal:     409600 kB
VmallocUsed:       31952 kB
VmallocChunk:      81948 kB
Time pass: 196 sec

---2015-10-26 12:50:36
MemTotal:        1959952 kB
MemFree:          177312 kB
Buffers:            8920 kB
Cached:           641448 kB
SwapCached:         5428 kB
Active:           750180 kB
Inactive:         503128 kB
Active(anon):     393028 kB
Inactive(anon):   212532 kB
Active(file):     357152 kB
Inactive(file):   290596 kB
Unevictable:        1768 kB
Mlocked:               0 kB
HighTotal:       1372556 kB
HighFree:          77652 kB
LowTotal:         587396 kB
LowFree:           99660 kB
SwapTotal:        262140 kB
SwapFree:         119672 kB
Dirty:               356 kB
Writeback:             0 kB
AnonPages:        604200 kB
Mapped:           255656 kB
Shmem:               820 kB
Slab:              69504 kB
SReclaimable:      19844 kB
SUnreclaim:        49660 kB
KernelStack:       18256 kB
PageTables:        30352 kB
NFS_Unstable:          0 kB
Bounce:                0 kB
WritebackTmp:          0 kB
CommitLimit:     1242116 kB
Committed_AS:   58364840 kB
VmallocTotal:     409600 kB
VmallocUsed:       31964 kB
VmallocChunk:      81948 kB
Time pass: 200 sec

---2015-10-26 12:50:36
MemTotal:        1959952 kB
MemFree:          175596 kB
Buffers:            8920 kB
Cached:           641456 kB
SwapCached:         5428 kB
Active:           751884 kB
Inactive:         503044 kB
Active(anon):     394648 kB
Inactive(anon):   212532 kB
Active(file):     357236 kB
Inactive(file):   290512 kB
Unevictable:        1768 kB
Mlocked:               0 kB
HighTotal:       1372556 kB
HighFree:          76120 kB
LowTotal:         587396 kB
LowFree:           99476 kB
SwapTotal:        262140 kB
SwapFree:         119672 kB
Dirty:               632 kB
Writeback:             0 kB
AnonPages:        606088 kB
Mapped:           255916 kB
Shmem:               820 kB
Slab:              69604 kB
SReclaimable:      19844 kB
SUnreclaim:        49760 kB
KernelStack:       18264 kB
PageTables:        30380 kB
NFS_Unstable:          0 kB
Bounce:                0 kB
WritebackTmp:          0 kB
CommitLimit:     1242116 kB
Committed_AS:   58366904 kB
VmallocTotal:     409600 kB
VmallocUsed:       31964 kB
VmallocChunk:      81948 kB
Time pass: 204 sec

---2015-10-26 12:50:36
MemTotal:        1959952 kB
MemFree:          153592 kB
Buffers:            8920 kB
Cached:           641464 kB
SwapCached:         5428 kB
Active:           755180 kB
Inactive:         503092 kB
Active(anon):     397948 kB
Inactive(anon):   212532 kB
Active(file):     357232 kB
Inactive(file):   290560 kB
Unevictable:        1768 kB
Mlocked:               0 kB
HighTotal:       1372556 kB
HighFree:          70972 kB
LowTotal:         587396 kB
LowFree:           82620 kB
SwapTotal:        262140 kB
SwapFree:         119672 kB
Dirty:               968 kB
Writeback:             0 kB
AnonPages:        609524 kB
Mapped:           257480 kB
Shmem:               820 kB
Slab:              69620 kB
SReclaimable:      19844 kB
SUnreclaim:        49776 kB
KernelStack:       18248 kB
PageTables:        30396 kB
NFS_Unstable:          0 kB
Bounce:                0 kB
WritebackTmp:          0 kB
CommitLimit:     1242116 kB
Committed_AS:   58370032 kB
VmallocTotal:     409600 kB
VmallocUsed:       32040 kB
VmallocChunk:      81948 kB
Time pass: 207 sec

---2015-10-26 12:50:36
MemTotal:        1959952 kB
MemFree:          142952 kB
Buffers:            8920 kB
Cached:           641616 kB
SwapCached:         5428 kB
Active:           763560 kB
Inactive:         503232 kB
Active(anon):     406316 kB
Inactive(anon):   212668 kB
Active(file):     357244 kB
Inactive(file):   290564 kB
Unevictable:        1768 kB
Mlocked:               0 kB
HighTotal:       1372556 kB
HighFree:          64172 kB
LowTotal:         587396 kB
LowFree:           78780 kB
SwapTotal:        262140 kB
SwapFree:         119672 kB
Dirty:               528 kB
Writeback:             0 kB
AnonPages:        617568 kB
Mapped:           260300 kB
Shmem:               960 kB
Slab:              69508 kB
SReclaimable:      19852 kB
SUnreclaim:        49656 kB
KernelStack:       18432 kB
PageTables:        30540 kB
NFS_Unstable:          0 kB
Bounce:                0 kB
WritebackTmp:          0 kB
CommitLimit:     1242116 kB
Committed_AS:   58396252 kB
VmallocTotal:     409600 kB
VmallocUsed:       32040 kB
VmallocChunk:      81948 kB
Time pass: 211 sec

---2015-10-26 12:50:36
MemTotal:        1959952 kB
MemFree:          121112 kB
Buffers:            8920 kB
Cached:           641712 kB
SwapCached:         5428 kB
Active:           779060 kB
Inactive:         503328 kB
Active(anon):     421824 kB
Inactive(anon):   212744 kB
Active(file):     357236 kB
Inactive(file):   290584 kB
Unevictable:        1768 kB
Mlocked:               0 kB
HighTotal:       1372556 kB
HighFree:          53036 kB
LowTotal:         587396 kB
LowFree:           68076 kB
SwapTotal:        262140 kB
SwapFree:         119672 kB
Dirty:               592 kB
Writeback:             0 kB
AnonPages:        633048 kB
Mapped:           254768 kB
Shmem:              1044 kB
Slab:              69528 kB
SReclaimable:      19852 kB
SUnreclaim:        49676 kB
KernelStack:       19248 kB
PageTables:        30856 kB
NFS_Unstable:          0 kB
Bounce:                0 kB
WritebackTmp:          0 kB
CommitLimit:     1242116 kB
Committed_AS:   60210800 kB
VmallocTotal:     409600 kB
VmallocUsed:       34952 kB
VmallocChunk:      81948 kB
Time pass: 217 sec

---2015-10-26 12:50:36
MemTotal:        1959952 kB
MemFree:           93232 kB
Buffers:            8920 kB
Cached:           641760 kB
SwapCached:         5428 kB
Active:           804632 kB
Inactive:         503088 kB
Active(anon):     447124 kB
Inactive(anon):   212760 kB
Active(file):     357508 kB
Inactive(file):   290328 kB
Unevictable:        1768 kB
Mlocked:               0 kB
HighTotal:       1372556 kB
HighFree:          27016 kB
LowTotal:         587396 kB
LowFree:           66216 kB
SwapTotal:        262140 kB
SwapFree:         119672 kB
Dirty:               712 kB
Writeback:             0 kB
AnonPages:        658556 kB
Mapped:           260224 kB
Shmem:              1076 kB
Slab:              69488 kB
SReclaimable:      19812 kB
SUnreclaim:        49676 kB
KernelStack:       18816 kB
PageTables:        31148 kB
NFS_Unstable:          0 kB
Bounce:                0 kB
WritebackTmp:          0 kB
CommitLimit:     1242116 kB
Committed_AS:   60349056 kB
VmallocTotal:     409600 kB
VmallocUsed:       40200 kB
VmallocChunk:      81948 kB
Time pass: 229 sec

---2015-10-26 12:50:36
MemTotal:        1959952 kB
MemFree:          105808 kB
Buffers:            8920 kB
Cached:           641788 kB
SwapCached:         5428 kB
Active:           791404 kB
Inactive:         503068 kB
Active(anon):     433896 kB
Inactive(anon):   212732 kB
Active(file):     357508 kB
Inactive(file):   290336 kB
Unevictable:        1768 kB
Mlocked:               0 kB
HighTotal:       1372556 kB
HighFree:          42536 kB
LowTotal:         587396 kB
LowFree:           63272 kB
SwapTotal:        262140 kB
SwapFree:         119696 kB
Dirty:               780 kB
Writeback:             0 kB
AnonPages:        645312 kB
Mapped:           266056 kB
Shmem:              1096 kB
Slab:              69484 kB
SReclaimable:      19812 kB
SUnreclaim:        49672 kB
KernelStack:       18920 kB
PageTables:        31336 kB
NFS_Unstable:          0 kB
Bounce:                0 kB
WritebackTmp:          0 kB
CommitLimit:     1242116 kB
Committed_AS:   60357824 kB
VmallocTotal:     409600 kB
VmallocUsed:       41252 kB
VmallocChunk:      81948 kB
Time pass: 237 sec

---2015-10-26 12:50:36
MemTotal:        1959952 kB
MemFree:          104652 kB
Buffers:            8920 kB
Cached:           642064 kB
SwapCached:         5428 kB
Active:           791892 kB
Inactive:         502812 kB
Active(anon):     434396 kB
Inactive(anon):   212148 kB
Active(file):     357496 kB
Inactive(file):   290664 kB
Unevictable:        1768 kB
Mlocked:               0 kB
HighTotal:       1372556 kB
HighFree:          42652 kB
LowTotal:         587396 kB
LowFree:           62000 kB
SwapTotal:        262140 kB
SwapFree:         119696 kB
Dirty:               800 kB
Writeback:             0 kB
AnonPages:        645308 kB
Mapped:           275220 kB
Shmem:              1056 kB
Slab:              69480 kB
SReclaimable:      19812 kB
SUnreclaim:        49668 kB
KernelStack:       19272 kB
PageTables:        31756 kB
NFS_Unstable:          0 kB
Bounce:                0 kB
WritebackTmp:          0 kB
CommitLimit:     1242116 kB
Committed_AS:   61283348 kB
VmallocTotal:     409600 kB
VmallocUsed:       38192 kB
VmallocChunk:      81948 kB
Time pass: 242 sec

---2015-10-26 12:50:36
MemTotal:        1959952 kB
MemFree:           86212 kB
Buffers:            8920 kB
Cached:           642068 kB
SwapCached:         5428 kB
Active:           810716 kB
Inactive:         502780 kB
Active(anon):     453204 kB
Inactive(anon):   212120 kB
Active(file):     357512 kB
Inactive(file):   290660 kB
Unevictable:        1768 kB
Mlocked:               0 kB
HighTotal:       1372556 kB
HighFree:          27520 kB
LowTotal:         587396 kB
LowFree:           58692 kB
SwapTotal:        262140 kB
SwapFree:         119696 kB
Dirty:               856 kB
Writeback:             0 kB
AnonPages:        663832 kB
Mapped:           272152 kB
Shmem:              1048 kB
Slab:              69480 kB
SReclaimable:      19812 kB
SUnreclaim:        49668 kB
KernelStack:       19432 kB
PageTables:        32148 kB
NFS_Unstable:          0 kB
Bounce:                0 kB
WritebackTmp:          0 kB
CommitLimit:     1242116 kB
Committed_AS:   62259660 kB
VmallocTotal:     409600 kB
VmallocUsed:       31052 kB
VmallocChunk:      81948 kB
Time pass: 255 sec

---2015-10-26 12:50:36
MemTotal:        1959952 kB
MemFree:          102980 kB
Buffers:            8920 kB
Cached:           642496 kB
SwapCached:         5428 kB
Active:           793524 kB
Inactive:         503192 kB
Active(anon):     435996 kB
Inactive(anon):   212180 kB
Active(file):     357528 kB
Inactive(file):   291012 kB
Unevictable:        1768 kB
Mlocked:               0 kB
HighTotal:       1372556 kB
HighFree:          45616 kB
LowTotal:         587396 kB
LowFree:           57364 kB
SwapTotal:        262140 kB
SwapFree:         119704 kB
Dirty:               816 kB
Writeback:             0 kB
AnonPages:        646536 kB
Mapped:           271572 kB
Shmem:              1108 kB
Slab:              69480 kB
SReclaimable:      19812 kB
SUnreclaim:        49668 kB
KernelStack:       19160 kB
PageTables:        31576 kB
NFS_Unstable:          0 kB
Bounce:                0 kB
WritebackTmp:          0 kB
CommitLimit:     1242116 kB
Committed_AS:   60360040 kB
VmallocTotal:     409600 kB
VmallocUsed:       31052 kB
VmallocChunk:      81948 kB
Time pass: 266 sec

---2015-10-26 12:50:36
MemTotal:        1959952 kB
MemFree:           96748 kB
Buffers:            8920 kB
Cached:           642556 kB
SwapCached:         5428 kB
Active:           799804 kB
Inactive:         503244 kB
Active(anon):     442272 kB
Inactive(anon):   212236 kB
Active(file):     357532 kB
Inactive(file):   291008 kB
Unevictable:        1768 kB
Mlocked:               0 kB
HighTotal:       1372556 kB
HighFree:          37316 kB
LowTotal:         587396 kB
LowFree:           59432 kB
SwapTotal:        262140 kB
SwapFree:         119704 kB
Dirty:               816 kB
Writeback:             0 kB
AnonPages:        653156 kB
Mapped:           264892 kB
Shmem:              1168 kB
Slab:              69480 kB
SReclaimable:      19812 kB
SUnreclaim:        49668 kB
KernelStack:       18824 kB
PageTables:        31556 kB
NFS_Unstable:          0 kB
Bounce:                0 kB
WritebackTmp:          0 kB
CommitLimit:     1242116 kB
Committed_AS:   60375568 kB
VmallocTotal:     409600 kB
VmallocUsed:       35100 kB
VmallocChunk:      81948 kB
Time pass: 271 sec

---2015-10-26 12:50:36
MemTotal:        1959952 kB
MemFree:           98184 kB
Buffers:            8920 kB
Cached:           642500 kB
SwapCached:         5428 kB
Active:           798748 kB
Inactive:         503128 kB
Active(anon):     441156 kB
Inactive(anon):   212184 kB
Active(file):     357592 kB
Inactive(file):   290944 kB
Unevictable:        1768 kB
Mlocked:               0 kB
HighTotal:       1372556 kB
HighFree:          37588 kB
LowTotal:         587396 kB
LowFree:           60596 kB
SwapTotal:        262140 kB
SwapFree:         119704 kB
Dirty:               840 kB
Writeback:             0 kB
AnonPages:        651868 kB
Mapped:           256796 kB
Shmem:              1116 kB
Slab:              69432 kB
SReclaimable:      19796 kB
SUnreclaim:        49636 kB
KernelStack:       18776 kB
PageTables:        31196 kB
NFS_Unstable:          0 kB
Bounce:                0 kB
WritebackTmp:          0 kB
CommitLimit:     1242116 kB
Committed_AS:   60355184 kB
VmallocTotal:     409600 kB
VmallocUsed:       32040 kB
VmallocChunk:      81948 kB
Time pass: 278 sec

---2015-10-26 12:50:36
MemTotal:        1959952 kB
MemFree:          108952 kB
Buffers:            8920 kB
Cached:           642512 kB
SwapCached:         5428 kB
Active:           789376 kB
Inactive:         503116 kB
Active(anon):     431784 kB
Inactive(anon):   212160 kB
Active(file):     357592 kB
Inactive(file):   290956 kB
Unevictable:        1768 kB
Mlocked:               0 kB
HighTotal:       1372556 kB
HighFree:          46872 kB
LowTotal:         587396 kB
LowFree:           62080 kB
SwapTotal:        262140 kB
SwapFree:         119704 kB
Dirty:               836 kB
Writeback:             4 kB
AnonPages:        642792 kB
Mapped:           260348 kB
Shmem:              1116 kB
Slab:              69496 kB
SReclaimable:      19796 kB
SUnreclaim:        49700 kB
KernelStack:       18840 kB
PageTables:        31140 kB
NFS_Unstable:          0 kB
Bounce:                0 kB
WritebackTmp:          0 kB
CommitLimit:     1242116 kB
Committed_AS:   60362260 kB
VmallocTotal:     409600 kB
VmallocUsed:       40200 kB
VmallocChunk:      81948 kB
Time pass: 285 sec

---2015-10-26 12:50:36
MemTotal:        1959952 kB
MemFree:          107572 kB
Buffers:            8920 kB
Cached:           642452 kB
SwapCached:         5428 kB
Active:           791680 kB
Inactive:         503056 kB
Active(anon):     434088 kB
Inactive(anon):   212100 kB
Active(file):     357592 kB
Inactive(file):   290956 kB
Unevictable:        1768 kB
Mlocked:               0 kB
HighTotal:       1372556 kB
HighFree:          44252 kB
LowTotal:         587396 kB
LowFree:           63320 kB
SwapTotal:        262140 kB
SwapFree:         119704 kB
Dirty:               824 kB
Writeback:             0 kB
AnonPages:        644740 kB
Mapped:           262752 kB
Shmem:              1056 kB
Slab:              69464 kB
SReclaimable:      19796 kB
SUnreclaim:        49668 kB
KernelStack:       18472 kB
PageTables:        30556 kB
NFS_Unstable:          0 kB
Bounce:                0 kB
WritebackTmp:          0 kB
CommitLimit:     1242116 kB
Committed_AS:   58416788 kB
VmallocTotal:     409600 kB
VmallocUsed:       38160 kB
VmallocChunk:      81948 kB
Time pass: 290 sec

---2015-10-26 12:50:36
MemTotal:        1959952 kB
MemFree:           90648 kB
Buffers:            8920 kB
Cached:           641860 kB
SwapCached:         5428 kB
Active:           815652 kB
Inactive:         505564 kB
Active(anon):     458780 kB
Inactive(anon):   214484 kB
Active(file):     356872 kB
Inactive(file):   291080 kB
Unevictable:        1768 kB
Mlocked:               0 kB
HighTotal:       1372556 kB
HighFree:          24440 kB
LowTotal:         587396 kB
LowFree:           66208 kB
SwapTotal:        262140 kB
SwapFree:         119692 kB
Dirty:               928 kB
Writeback:             0 kB
AnonPages:        672084 kB
Mapped:           277836 kB
Shmem:              1060 kB
Slab:              69468 kB
SReclaimable:      19796 kB
SUnreclaim:        49672 kB
KernelStack:       19416 kB
PageTables:        32608 kB
NFS_Unstable:          0 kB
Bounce:                0 kB
WritebackTmp:          0 kB
CommitLimit:     1242116 kB
Committed_AS:   63191352 kB
VmallocTotal:     409600 kB
VmallocUsed:       43260 kB
VmallocChunk:      81948 kB
Time pass: 294 sec

---2015-10-26 12:50:36
MemTotal:        1959952 kB
MemFree:          114812 kB
Buffers:            8920 kB
Cached:           630600 kB
SwapCached:         5428 kB
Active:           794072 kB
Inactive:         522140 kB
Active(anon):     450308 kB
Inactive(anon):   229256 kB
Active(file):     343764 kB
Inactive(file):   292884 kB
Unevictable:        1768 kB
Mlocked:               0 kB
HighTotal:       1372556 kB
HighFree:          28088 kB
LowTotal:         587396 kB
LowFree:           86724 kB
SwapTotal:        262140 kB
SwapFree:         118376 kB
Dirty:               848 kB
Writeback:             0 kB
AnonPages:        678164 kB
Mapped:           272356 kB
Shmem:              1104 kB
Slab:              69528 kB
SReclaimable:      19796 kB
SUnreclaim:        49732 kB
KernelStack:       19520 kB
PageTables:        32188 kB
NFS_Unstable:          0 kB
Bounce:                0 kB
WritebackTmp:          0 kB
CommitLimit:     1242116 kB
Committed_AS:   62264964 kB
VmallocTotal:     409600 kB
VmallocUsed:       42240 kB
VmallocChunk:      81948 kB
Time pass: 299 sec

---2015-10-26 12:50:36
MemTotal:        1959952 kB
MemFree:          128504 kB
Buffers:            8920 kB
Cached:           630552 kB
SwapCached:         5428 kB
Active:           781012 kB
Inactive:         522068 kB
Active(anon):     437248 kB
Inactive(anon):   229176 kB
Active(file):     343764 kB
Inactive(file):   292892 kB
Unevictable:        1768 kB
Mlocked:               0 kB
HighTotal:       1372556 kB
HighFree:          39460 kB
LowTotal:         587396 kB
LowFree:           89044 kB
SwapTotal:        262140 kB
SwapFree:         118376 kB
Dirty:               840 kB
Writeback:             0 kB
AnonPages:        665048 kB
Mapped:           268708 kB
Shmem:              1048 kB
Slab:              69544 kB
SReclaimable:      19812 kB
SUnreclaim:        49732 kB
KernelStack:       19152 kB
PageTables:        31628 kB
NFS_Unstable:          0 kB
Bounce:                0 kB
WritebackTmp:          0 kB
CommitLimit:     1242116 kB
Committed_AS:   61286244 kB
VmallocTotal:     409600 kB
VmallocUsed:       41220 kB
VmallocChunk:      81948 kB
Time pass: 303 sec

---2015-10-26 12:50:36
MemTotal:        1959952 kB
MemFree:          141852 kB
Buffers:            8920 kB
Cached:           630556 kB
SwapCached:         5428 kB
Active:           764164 kB
Inactive:         522008 kB
Active(anon):     420392 kB
Inactive(anon):   229132 kB
Active(file):     343772 kB
Inactive(file):   292876 kB
Unevictable:        1768 kB
Mlocked:               0 kB
HighTotal:       1372556 kB
HighFree:          55820 kB
LowTotal:         587396 kB
LowFree:           86032 kB
SwapTotal:        262140 kB
SwapFree:         118376 kB
Dirty:               848 kB
Writeback:             0 kB
AnonPages:        648308 kB
Mapped:           265368 kB
Shmem:              1060 kB
Slab:              69452 kB
SReclaimable:      19820 kB
SUnreclaim:        49632 kB
KernelStack:       18728 kB
PageTables:        31016 kB
NFS_Unstable:          0 kB
Bounce:                0 kB
WritebackTmp:          0 kB
CommitLimit:     1242116 kB
Committed_AS:   59365252 kB
VmallocTotal:     409600 kB
VmallocUsed:       39180 kB
VmallocChunk:      81948 kB
Time pass: 307 sec

---2015-10-26 12:50:36
MemTotal:        1959952 kB
MemFree:          137440 kB
Buffers:            8920 kB
Cached:           630560 kB
SwapCached:         5428 kB
Active:           768096 kB
Inactive:         522004 kB
Active(anon):     424320 kB
Inactive(anon):   229128 kB
Active(file):     343776 kB
Inactive(file):   292876 kB
Unevictable:        1768 kB
Mlocked:               0 kB
HighTotal:       1372556 kB
HighFree:          51896 kB
LowTotal:         587396 kB
LowFree:           85544 kB
SwapTotal:        262140 kB
SwapFree:         118376 kB
Dirty:               876 kB
Writeback:             0 kB
AnonPages:        652204 kB
Mapped:           271876 kB
Shmem:              1060 kB
Slab:              69444 kB
SReclaimable:      19820 kB
SUnreclaim:        49624 kB
KernelStack:       19024 kB
PageTables:        31476 kB
NFS_Unstable:          0 kB
Bounce:                0 kB
WritebackTmp:          0 kB
CommitLimit:     1242116 kB
Committed_AS:   60323204 kB
VmallocTotal:     409600 kB
VmallocUsed:       40200 kB
VmallocChunk:      81948 kB
Time pass: 311 sec

---2015-10-26 12:50:36
MemTotal:        1959952 kB
MemFree:          142540 kB
Buffers:            8920 kB
Cached:           630672 kB
SwapCached:         5428 kB
Active:           762868 kB
Inactive:         521944 kB
Active(anon):     419088 kB
Inactive(anon):   229068 kB
Active(file):     343780 kB
Inactive(file):   292876 kB
Unevictable:        1768 kB
Mlocked:               0 kB
HighTotal:       1372556 kB
HighFree:          57456 kB
LowTotal:         587396 kB
LowFree:           85084 kB
SwapTotal:        262140 kB
SwapFree:         118376 kB
Dirty:               840 kB
Writeback:             0 kB
AnonPages:        646596 kB
Mapped:           272160 kB
Shmem:              1168 kB
Slab:              69496 kB
SReclaimable:      19812 kB
SUnreclaim:        49684 kB
KernelStack:       19152 kB
PageTables:        31628 kB
NFS_Unstable:          0 kB
Bounce:                0 kB
WritebackTmp:          0 kB
CommitLimit:     1242116 kB
Committed_AS:   60387668 kB
VmallocTotal:     409600 kB
VmallocUsed:       38160 kB
VmallocChunk:      81948 kB
Time pass: 320 sec

---2015-10-26 12:50:36
MemTotal:        1959952 kB
MemFree:          144972 kB
Buffers:            8920 kB
Cached:           630672 kB
SwapCached:         5428 kB
Active:           754616 kB
Inactive:         521944 kB
Active(anon):     410836 kB
Inactive(anon):   229068 kB
Active(file):     343780 kB
Inactive(file):   292876 kB
Unevictable:        1768 kB
Mlocked:               0 kB
HighTotal:       1372556 kB
HighFree:          66000 kB
LowTotal:         587396 kB
LowFree:           78972 kB
SwapTotal:        262140 kB
SwapFree:         118376 kB
Dirty:               856 kB
Writeback:             0 kB
AnonPages:        638308 kB
Mapped:           265148 kB
Shmem:              1168 kB
Slab:              69432 kB
SReclaimable:      19812 kB
SUnreclaim:        49620 kB
KernelStack:       18608 kB
PageTables:        30872 kB
NFS_Unstable:          0 kB
Bounce:                0 kB
WritebackTmp:          0 kB
CommitLimit:     1242116 kB
Committed_AS:   58466996 kB
VmallocTotal:     409600 kB
VmallocUsed:       36120 kB
VmallocChunk:      81948 kB
Time pass: 326 sec

---2015-10-26 12:50:36
MemTotal:        1959952 kB
MemFree:          136456 kB
Buffers:            8920 kB
Cached:           630672 kB
SwapCached:         5428 kB
Active:           763032 kB
Inactive:         521940 kB
Active(anon):     419252 kB
Inactive(anon):   229064 kB
Active(file):     343780 kB
Inactive(file):   292876 kB
Unevictable:        1768 kB
Mlocked:               0 kB
HighTotal:       1372556 kB
HighFree:          57584 kB
LowTotal:         587396 kB
LowFree:           78872 kB
SwapTotal:        262140 kB
SwapFree:         118376 kB
Dirty:               880 kB
Writeback:             0 kB
AnonPages:        646912 kB
Mapped:           270796 kB
Shmem:              1168 kB
Slab:              69432 kB
SReclaimable:      19812 kB
SUnreclaim:        49620 kB
KernelStack:       18720 kB
PageTables:        31232 kB
NFS_Unstable:          0 kB
Bounce:                0 kB
WritebackTmp:          0 kB
CommitLimit:     1242116 kB
Committed_AS:   59436028 kB
VmallocTotal:     409600 kB
VmallocUsed:       37140 kB
VmallocChunk:      81948 kB
Time pass: 330 sec

---2015-10-26 12:50:36
MemTotal:        1959952 kB
MemFree:          141664 kB
Buffers:            8920 kB
Cached:           630740 kB
SwapCached:         5428 kB
Active:           757752 kB
Inactive:         522000 kB
Active(anon):     413972 kB
Inactive(anon):   229120 kB
Active(file):     343780 kB
Inactive(file):   292880 kB
Unevictable:        1768 kB
Mlocked:               0 kB
HighTotal:       1372556 kB
HighFree:          59336 kB
LowTotal:         587396 kB
LowFree:           82328 kB
SwapTotal:        262140 kB
SwapFree:         118376 kB
Dirty:               904 kB
Writeback:             0 kB
AnonPages:        641592 kB
Mapped:           250900 kB
Shmem:              1232 kB
Slab:              69380 kB
SReclaimable:      19796 kB
SUnreclaim:        49584 kB
KernelStack:       18792 kB
PageTables:        31668 kB
NFS_Unstable:          0 kB
Bounce:                0 kB
WritebackTmp:          0 kB
CommitLimit:     1242116 kB
Committed_AS:   61358520 kB
VmallocTotal:     409600 kB
VmallocUsed:       41252 kB
VmallocChunk:      81948 kB
Time pass: 334 sec

---2015-10-26 12:50:36
MemTotal:        1959952 kB
MemFree:          124856 kB
Buffers:            8920 kB
Cached:           630552 kB
SwapCached:         5428 kB
Active:           773760 kB
Inactive:         521764 kB
Active(anon):     429940 kB
Inactive(anon):   228924 kB
Active(file):     343820 kB
Inactive(file):   292840 kB
Unevictable:        1768 kB
Mlocked:               0 kB
HighTotal:       1372556 kB
HighFree:          42304 kB
LowTotal:         587396 kB
LowFree:           82552 kB
SwapTotal:        262140 kB
SwapFree:         118376 kB
Dirty:               860 kB
Writeback:             0 kB
AnonPages:        657300 kB
Mapped:           268536 kB
Shmem:              1044 kB
Slab:              69472 kB
SReclaimable:      19796 kB
SUnreclaim:        49676 kB
KernelStack:       18904 kB
PageTables:        31092 kB
NFS_Unstable:          0 kB
Bounce:                0 kB
WritebackTmp:          0 kB
CommitLimit:     1242116 kB
Committed_AS:   59377700 kB
VmallocTotal:     409600 kB
VmallocUsed:       40232 kB
VmallocChunk:      81948 kB
Time pass: 339 sec

---2015-10-26 12:50:36
MemTotal:        1959952 kB
MemFree:          140380 kB
Buffers:            8920 kB
Cached:           630560 kB
SwapCached:         5428 kB
Active:           759996 kB
Inactive:         521764 kB
Active(anon):     416172 kB
Inactive(anon):   228920 kB
Active(file):     343824 kB
Inactive(file):   292844 kB
Unevictable:        1768 kB
Mlocked:               0 kB
HighTotal:       1372556 kB
HighFree:          56812 kB
LowTotal:         587396 kB
LowFree:           83568 kB
SwapTotal:        262140 kB
SwapFree:         118376 kB
Dirty:               856 kB
Writeback:            32 kB
AnonPages:        643600 kB
Mapped:           262216 kB
Shmem:              1044 kB
Slab:              69344 kB
SReclaimable:      19796 kB
SUnreclaim:        49548 kB
KernelStack:       18744 kB
PageTables:        31120 kB
NFS_Unstable:          0 kB
Bounce:                0 kB
WritebackTmp:          0 kB
CommitLimit:     1242116 kB
Committed_AS:   59351840 kB
VmallocTotal:     409600 kB
VmallocUsed:       40200 kB
VmallocChunk:      81948 kB
Time pass: 346 sec

---2015-10-26 12:50:36
MemTotal:        1959952 kB
MemFree:          125240 kB
Buffers:            8920 kB
Cached:           630620 kB
SwapCached:         5428 kB
Active:           772164 kB
Inactive:         521820 kB
Active(anon):     428348 kB
Inactive(anon):   228976 kB
Active(file):     343816 kB
Inactive(file):   292844 kB
Unevictable:        1768 kB
Mlocked:               0 kB
HighTotal:       1372556 kB
HighFree:          43796 kB
LowTotal:         587396 kB
LowFree:           81444 kB
SwapTotal:        262140 kB
SwapFree:         118376 kB
Dirty:               860 kB
Writeback:             0 kB
AnonPages:        655548 kB
Mapped:           266180 kB
Shmem:              1112 kB
Slab:              69408 kB
SReclaimable:      19804 kB
SUnreclaim:        49604 kB
KernelStack:       18984 kB
PageTables:        31336 kB
NFS_Unstable:          0 kB
Bounce:                0 kB
WritebackTmp:          0 kB
CommitLimit:     1242116 kB
Committed_AS:   60376804 kB
VmallocTotal:     409600 kB
VmallocUsed:       41220 kB
VmallocChunk:      81948 kB
Time pass: 351 sec

---2015-10-26 12:50:36
MemTotal:        1959952 kB
MemFree:          116712 kB
Buffers:            8920 kB
Cached:           630568 kB
SwapCached:         5428 kB
Active:           779284 kB
Inactive:         521760 kB
Active(anon):     435472 kB
Inactive(anon):   228900 kB
Active(file):     343812 kB
Inactive(file):   292860 kB
Unevictable:        1768 kB
Mlocked:               0 kB
HighTotal:       1372556 kB
HighFree:          36740 kB
LowTotal:         587396 kB
LowFree:           79972 kB
SwapTotal:        262140 kB
SwapFree:         118376 kB
Dirty:               932 kB
Writeback:             0 kB
AnonPages:        662940 kB
Mapped:           271584 kB
Shmem:              1048 kB
Slab:              69380 kB
SReclaimable:      19804 kB
SUnreclaim:        49576 kB
KernelStack:       19488 kB
PageTables:        32660 kB
NFS_Unstable:          0 kB
Bounce:                0 kB
WritebackTmp:          0 kB
CommitLimit:     1242116 kB
Committed_AS:   63208412 kB
VmallocTotal:     409600 kB
VmallocUsed:       44312 kB
VmallocChunk:      81948 kB
Time pass: 355 sec

---2015-10-26 12:50:36
MemTotal:        1959952 kB
MemFree:          120000 kB
Buffers:            8920 kB
Cached:           630576 kB
SwapCached:         5428 kB
Active:           776668 kB
Inactive:         521768 kB
Active(anon):     432856 kB
Inactive(anon):   228900 kB
Active(file):     343812 kB
Inactive(file):   292868 kB
Unevictable:        1768 kB
Mlocked:               0 kB
HighTotal:       1372556 kB
HighFree:          39700 kB
LowTotal:         587396 kB
LowFree:           80300 kB
SwapTotal:        262140 kB
SwapFree:         118380 kB
Dirty:               924 kB
Writeback:             0 kB
AnonPages:        659996 kB
Mapped:           270464 kB
Shmem:              1048 kB
Slab:              69460 kB
SReclaimable:      19820 kB
SUnreclaim:        49640 kB
KernelStack:       19128 kB
PageTables:        31444 kB
NFS_Unstable:          0 kB
Bounce:                0 kB
WritebackTmp:          0 kB
CommitLimit:     1242116 kB
Committed_AS:   60330792 kB
VmallocTotal:     409600 kB
VmallocUsed:       37172 kB
VmallocChunk:      81948 kB
Time pass: 360 sec

---2015-10-26 12:50:36
MemTotal:        1959952 kB
MemFree:          137396 kB
Buffers:            8920 kB
Cached:           630588 kB
SwapCached:         5428 kB
Active:           760164 kB
Inactive:         521760 kB
Active(anon):     416340 kB
Inactive(anon):   228908 kB
Active(file):     343824 kB
Inactive(file):   292852 kB
Unevictable:        1768 kB
Mlocked:               0 kB
HighTotal:       1372556 kB
HighFree:          56072 kB
LowTotal:         587396 kB
LowFree:           81324 kB
SwapTotal:        262140 kB
SwapFree:         118380 kB
Dirty:               848 kB
Writeback:             0 kB
AnonPages:        643932 kB
Mapped:           265288 kB
Shmem:              1064 kB
Slab:              69492 kB
SReclaimable:      19820 kB
SUnreclaim:        49672 kB
KernelStack:       18808 kB
PageTables:        31616 kB
NFS_Unstable:          0 kB
Bounce:                0 kB
WritebackTmp:          0 kB
CommitLimit:     1242116 kB
Committed_AS:   61257900 kB
VmallocTotal:     409600 kB
VmallocUsed:       35100 kB
VmallocChunk:      81948 kB
Time pass: 366 sec

---2015-10-26 12:50:36
MemTotal:        1959952 kB
MemFree:          116380 kB
Buffers:            8920 kB
Cached:           630756 kB
SwapCached:         5428 kB
Active:           780312 kB
Inactive:         521672 kB
Active(anon):     436500 kB
Inactive(anon):   228684 kB
Active(file):     343812 kB
Inactive(file):   292988 kB
Unevictable:        1768 kB
Mlocked:               0 kB
HighTotal:       1372556 kB
HighFree:          35620 kB
LowTotal:         587396 kB
LowFree:           80760 kB
SwapTotal:        262140 kB
SwapFree:         118408 kB
Dirty:               896 kB
Writeback:             0 kB
AnonPages:        663784 kB
Mapped:           270544 kB
Shmem:              1048 kB
Slab:              69456 kB
SReclaimable:      19812 kB
SUnreclaim:        49644 kB
KernelStack:       19080 kB
PageTables:        31784 kB
NFS_Unstable:          0 kB
Bounce:                0 kB
WritebackTmp:          0 kB
CommitLimit:     1242116 kB
Committed_AS:   61276236 kB
VmallocTotal:     409600 kB
VmallocUsed:       35132 kB
VmallocChunk:      81948 kB
Time pass: 370 sec

---2015-10-26 12:50:36
MemTotal:        1959952 kB
MemFree:          108960 kB
Buffers:            8920 kB
Cached:           630828 kB
SwapCached:         5428 kB
Active:           788196 kB
Inactive:         521048 kB
Active(anon):     444368 kB
Inactive(anon):   228072 kB
Active(file):     343828 kB
Inactive(file):   292976 kB
Unevictable:        1768 kB
Mlocked:               0 kB
HighTotal:       1372556 kB
HighFree:          29932 kB
LowTotal:         587396 kB
LowFree:           79028 kB
SwapTotal:        262140 kB
SwapFree:         118408 kB
Dirty:               852 kB
Writeback:             0 kB
AnonPages:        670708 kB
Mapped:           272020 kB
Shmem:              1176 kB
Slab:              69440 kB
SReclaimable:      19828 kB
SUnreclaim:        49612 kB
KernelStack:       19392 kB
PageTables:        31892 kB
NFS_Unstable:          0 kB
Bounce:                0 kB
WritebackTmp:          0 kB
CommitLimit:     1242116 kB
Committed_AS:   61277296 kB
VmallocTotal:     409600 kB
VmallocUsed:       38160 kB
VmallocChunk:      81948 kB
Time pass: 378 sec

---2015-10-26 12:50:36
MemTotal:        1959952 kB
MemFree:          133936 kB
Buffers:            8920 kB
Cached:           630704 kB
SwapCached:         5428 kB
Active:           764492 kB
Inactive:         520932 kB
Active(anon):     420668 kB
Inactive(anon):   227952 kB
Active(file):     343824 kB
Inactive(file):   292980 kB
Unevictable:        1768 kB
Mlocked:               0 kB
HighTotal:       1372556 kB
HighFree:          53320 kB
LowTotal:         587396 kB
LowFree:           80616 kB
SwapTotal:        262140 kB
SwapFree:         118412 kB
Dirty:               852 kB
Writeback:             0 kB
AnonPages:        647344 kB
Mapped:           270128 kB
Shmem:              1052 kB
Slab:              69408 kB
SReclaimable:      19828 kB
SUnreclaim:        49580 kB
KernelStack:       19096 kB
PageTables:        31112 kB
NFS_Unstable:          0 kB
Bounce:                0 kB
WritebackTmp:          0 kB
CommitLimit:     1242116 kB
Committed_AS:   59372716 kB
VmallocTotal:     409600 kB
VmallocUsed:       38160 kB
VmallocChunk:      81948 kB
Time pass: 383 sec

---2015-10-26 12:50:36
MemTotal:        1959952 kB
MemFree:          135216 kB
Buffers:            8920 kB
Cached:           630768 kB
SwapCached:         5428 kB
Active:           763728 kB
Inactive:         521004 kB
Active(anon):     419912 kB
Inactive(anon):   228016 kB
Active(file):     343816 kB
Inactive(file):   292988 kB
Unevictable:        1768 kB
Mlocked:               0 kB
HighTotal:       1372556 kB
HighFree:          54208 kB
LowTotal:         587396 kB
LowFree:           81008 kB
SwapTotal:        262140 kB
SwapFree:         118412 kB
Dirty:               880 kB
Writeback:             0 kB
AnonPages:        646600 kB
Mapped:           269936 kB
Shmem:              1116 kB
Slab:              69492 kB
SReclaimable:      19820 kB
SUnreclaim:        49672 kB
KernelStack:       18872 kB
PageTables:        31432 kB
NFS_Unstable:          0 kB
Bounce:                0 kB
WritebackTmp:          0 kB
CommitLimit:     1242116 kB
Committed_AS:   60333492 kB
VmallocTotal:     409600 kB
VmallocUsed:       40200 kB
VmallocChunk:      81948 kB
Time pass: 391 sec

---2015-10-26 12:50:36
MemTotal:        1959952 kB
MemFree:          143668 kB
Buffers:            8920 kB
Cached:           630844 kB
SwapCached:         5428 kB
Active:           756860 kB
Inactive:         520948 kB
Active(anon):     413024 kB
Inactive(anon):   227972 kB
Active(file):     343836 kB
Inactive(file):   292976 kB
Unevictable:        1768 kB
Mlocked:               0 kB
HighTotal:       1372556 kB
HighFree:          61296 kB
LowTotal:         587396 kB
LowFree:           82372 kB
SwapTotal:        262140 kB
SwapFree:         118412 kB
Dirty:               872 kB
Writeback:             0 kB
AnonPages:        639520 kB
Mapped:           248356 kB
Shmem:              1184 kB
Slab:              69432 kB
SReclaimable:      19788 kB
SUnreclaim:        49644 kB
KernelStack:       18784 kB
PageTables:        31352 kB
NFS_Unstable:          0 kB
Bounce:                0 kB
WritebackTmp:          0 kB
CommitLimit:     1242116 kB
Committed_AS:   61287344 kB
VmallocTotal:     409600 kB
VmallocUsed:       42092 kB
VmallocChunk:      81948 kB
Time pass: 402 sec

---2015-10-26 12:50:36
MemTotal:        1959952 kB
MemFree:          131920 kB
Buffers:            8920 kB
Cached:           630812 kB
SwapCached:         5428 kB
Active:           766936 kB
Inactive:         520912 kB
Active(anon):     423096 kB
Inactive(anon):   227932 kB
Active(file):     343840 kB
Inactive(file):   292980 kB
Unevictable:        1768 kB
Mlocked:               0 kB
HighTotal:       1372556 kB
HighFree:          50124 kB
LowTotal:         587396 kB
LowFree:           81796 kB
SwapTotal:        262140 kB
SwapFree:         118412 kB
Dirty:               876 kB
Writeback:             0 kB
AnonPages:        649604 kB
Mapped:           267216 kB
Shmem:              1144 kB
Slab:              69432 kB
SReclaimable:      19788 kB
SUnreclaim:        49644 kB
KernelStack:       18880 kB
PageTables:        31252 kB
NFS_Unstable:          0 kB
Bounce:                0 kB
WritebackTmp:          0 kB
CommitLimit:     1242116 kB
Committed_AS:   60325740 kB
VmallocTotal:     409600 kB
VmallocUsed:       40200 kB
VmallocChunk:      81948 kB
Time pass: 408 sec

---2015-10-26 12:50:36
MemTotal:        1959952 kB
MemFree:          114936 kB
Buffers:            8920 kB
Cached:           630896 kB
SwapCached:         5428 kB
Active:           783980 kB
Inactive:         520872 kB
Active(anon):     440132 kB
Inactive(anon):   227892 kB
Active(file):     343848 kB
Inactive(file):   292980 kB
Unevictable:        1768 kB
Mlocked:               0 kB
HighTotal:       1372556 kB
HighFree:          33024 kB
LowTotal:         587396 kB
LowFree:           81912 kB
SwapTotal:        262140 kB
SwapFree:         118500 kB
Dirty:               864 kB
Writeback:             0 kB
AnonPages:        666336 kB
Mapped:           270632 kB
Shmem:              1220 kB
Slab:              69344 kB
SReclaimable:      19796 kB
SUnreclaim:        49548 kB
KernelStack:       19136 kB
PageTables:        31680 kB
NFS_Unstable:          0 kB
Bounce:                0 kB
WritebackTmp:          0 kB
CommitLimit:     1242116 kB
Committed_AS:   61313920 kB
VmallocTotal:     409600 kB
VmallocUsed:       34080 kB
VmallocChunk:      81948 kB
Time pass: 414 sec

---2015-10-26 12:50:36
MemTotal:        1959952 kB
MemFree:          111724 kB
Buffers:            8920 kB
Cached:           630896 kB
SwapCached:         5428 kB
Active:           786728 kB
Inactive:         520496 kB
Active(anon):     442872 kB
Inactive(anon):   227464 kB
Active(file):     343856 kB
Inactive(file):   293032 kB
Unevictable:        1768 kB
Mlocked:               0 kB
HighTotal:       1372556 kB
HighFree:          30780 kB
LowTotal:         587396 kB
LowFree:           80944 kB
SwapTotal:        262140 kB
SwapFree:         118500 kB
Dirty:               876 kB
Writeback:             0 kB
AnonPages:        669044 kB
Mapped:           274456 kB
Shmem:              1156 kB
Slab:              69332 kB
SReclaimable:      19820 kB
SUnreclaim:        49512 kB
KernelStack:       19248 kB
PageTables:        32168 kB
NFS_Unstable:          0 kB
Bounce:                0 kB
WritebackTmp:          0 kB
CommitLimit:     1242116 kB
Committed_AS:   62231668 kB
VmallocTotal:     409600 kB
VmallocUsed:       32040 kB
VmallocChunk:      81948 kB
Time pass: 420 sec

---2015-10-26 12:50:36
MemTotal:        1959952 kB
MemFree:          132280 kB
Buffers:            8920 kB
Cached:           630956 kB
SwapCached:         5428 kB
Active:           767268 kB
Inactive:         520572 kB
Active(anon):     423424 kB
Inactive(anon):   227472 kB
Active(file):     343844 kB
Inactive(file):   293100 kB
Unevictable:        1768 kB
Mlocked:               0 kB
HighTotal:       1372556 kB
HighFree:          50164 kB
LowTotal:         587396 kB
LowFree:           82116 kB
SwapTotal:        262140 kB
SwapFree:         118500 kB
Dirty:               884 kB
Writeback:             0 kB
AnonPages:        649388 kB
Mapped:           268944 kB
Shmem:              1164 kB
Slab:              69416 kB
SReclaimable:      19804 kB
SUnreclaim:        49612 kB
KernelStack:       18776 kB
PageTables:        31136 kB
NFS_Unstable:          0 kB
Bounce:                0 kB
WritebackTmp:          0 kB
CommitLimit:     1242116 kB
Committed_AS:   59357288 kB
VmallocTotal:     409600 kB
VmallocUsed:       31020 kB
VmallocChunk:      81948 kB
Time pass: 426 sec

---2015-10-26 12:50:36
MemTotal:        1959952 kB
MemFree:          134316 kB
Buffers:            8920 kB
Cached:           631004 kB
SwapCached:         5428 kB
Active:           764080 kB
Inactive:         520612 kB
Active(anon):     420232 kB
Inactive(anon):   227512 kB
Active(file):     343848 kB
Inactive(file):   293100 kB
Unevictable:        1768 kB
Mlocked:               0 kB
HighTotal:       1372556 kB
HighFree:          53184 kB
LowTotal:         587396 kB
LowFree:           81132 kB
SwapTotal:        262140 kB
SwapFree:         118504 kB
Dirty:               884 kB
Writeback:             0 kB
AnonPages:        646008 kB
Mapped:           263804 kB
Shmem:              1208 kB
Slab:              69388 kB
SReclaimable:      19812 kB
SUnreclaim:        49576 kB
KernelStack:       19168 kB
PageTables:        31304 kB
NFS_Unstable:          0 kB
Bounce:                0 kB
WritebackTmp:          0 kB
CommitLimit:     1242116 kB
Committed_AS:   60348872 kB
VmallocTotal:     409600 kB
VmallocUsed:       37140 kB
VmallocChunk:      81948 kB
Time pass: 431 sec

---2015-10-26 12:50:36
MemTotal:        1959952 kB
MemFree:          126620 kB
Buffers:            8920 kB
Cached:           630940 kB
SwapCached:         5428 kB
Active:           771716 kB
Inactive:         520552 kB
Active(anon):     427872 kB
Inactive(anon):   227448 kB
Active(file):     343844 kB
Inactive(file):   293104 kB
Unevictable:        1768 kB
Mlocked:               0 kB
HighTotal:       1372556 kB
HighFree:          45580 kB
LowTotal:         587396 kB
LowFree:           81040 kB
SwapTotal:        262140 kB
SwapFree:         118504 kB
Dirty:               900 kB
Writeback:             0 kB
AnonPages:        653664 kB
Mapped:           270260 kB
Shmem:              1144 kB
Slab:              69380 kB
SReclaimable:      19804 kB
SUnreclaim:        49576 kB
KernelStack:       19168 kB
PageTables:        31468 kB
NFS_Unstable:          0 kB
Bounce:                0 kB
WritebackTmp:          0 kB
CommitLimit:     1242116 kB
Committed_AS:   60321040 kB
VmallocTotal:     409600 kB
VmallocUsed:       38160 kB
VmallocChunk:      81948 kB
Time pass: 435 sec

---2015-10-26 12:50:36
MemTotal:        1959952 kB
MemFree:          132684 kB
Buffers:            8920 kB
Cached:           630940 kB
SwapCached:         5428 kB
Active:           765816 kB
Inactive:         520548 kB
Active(anon):     421968 kB
Inactive(anon):   227448 kB
Active(file):     343848 kB
Inactive(file):   293100 kB
Unevictable:        1768 kB
Mlocked:               0 kB
HighTotal:       1372556 kB
HighFree:          51376 kB
LowTotal:         587396 kB
LowFree:           81308 kB
SwapTotal:        262140 kB
SwapFree:         118504 kB
Dirty:               888 kB
Writeback:             0 kB
AnonPages:        647792 kB
Mapped:           270124 kB
Shmem:              1144 kB
Slab:              69412 kB
SReclaimable:      19804 kB
SUnreclaim:        49608 kB
KernelStack:       19008 kB
PageTables:        31476 kB
NFS_Unstable:          0 kB
Bounce:                0 kB
WritebackTmp:          0 kB
CommitLimit:     1242116 kB
Committed_AS:   60325116 kB
VmallocTotal:     409600 kB
VmallocUsed:       38160 kB
VmallocChunk:      81948 kB
Time pass: 441 sec

---2015-10-26 12:50:36
MemTotal:        1959952 kB
MemFree:          138644 kB
Buffers:            8920 kB
Cached:           630940 kB
SwapCached:         5428 kB
Active:           761268 kB
Inactive:         520548 kB
Active(anon):     417420 kB
Inactive(anon):   227448 kB
Active(file):     343848 kB
Inactive(file):   293100 kB
Unevictable:        1768 kB
Mlocked:               0 kB
HighTotal:       1372556 kB
HighFree:          56732 kB
LowTotal:         587396 kB
LowFree:           81912 kB
SwapTotal:        262140 kB
SwapFree:         118504 kB
Dirty:               884 kB
Writeback:             0 kB
AnonPages:        643416 kB
Mapped:           267224 kB
Shmem:              1144 kB
Slab:              69348 kB
SReclaimable:      19804 kB
SUnreclaim:        49544 kB
KernelStack:       18720 kB
PageTables:        31372 kB
NFS_Unstable:          0 kB
Bounce:                0 kB
WritebackTmp:          0 kB
CommitLimit:     1242116 kB
Committed_AS:   60306116 kB
VmallocTotal:     409600 kB
VmallocUsed:       38160 kB
VmallocChunk:      81948 kB
Time pass: 446 sec

---2015-10-26 12:50:36
MemTotal:        1959952 kB
MemFree:          114212 kB
Buffers:            8920 kB
Cached:           631012 kB
SwapCached:         5428 kB
Active:           783756 kB
Inactive:         520608 kB
Active(anon):     439904 kB
Inactive(anon):   227508 kB
Active(file):     343852 kB
Inactive(file):   293100 kB
Unevictable:        1768 kB
Mlocked:               0 kB
HighTotal:       1372556 kB
HighFree:          33264 kB
LowTotal:         587396 kB
LowFree:           80948 kB
SwapTotal:        262140 kB
SwapFree:         118504 kB
Dirty:               920 kB
Writeback:             0 kB
AnonPages:        666064 kB
Mapped:           267880 kB
Shmem:              1212 kB
Slab:              69352 kB
SReclaimable:      19812 kB
SUnreclaim:        49540 kB
KernelStack:       19016 kB
PageTables:        31500 kB
NFS_Unstable:          0 kB
Bounce:                0 kB
WritebackTmp:          0 kB
CommitLimit:     1242116 kB
Committed_AS:   61305904 kB
VmallocTotal:     409600 kB
VmallocUsed:       39180 kB
VmallocChunk:      81948 kB
Time pass: 451 sec

---2015-10-26 12:50:36
MemTotal:        1959952 kB
MemFree:          134752 kB
Buffers:            8920 kB
Cached:           631020 kB
SwapCached:         5428 kB
Active:           764548 kB
Inactive:         520616 kB
Active(anon):     420696 kB
Inactive(anon):   227444 kB
Active(file):     343852 kB
Inactive(file):   293172 kB
Unevictable:        1768 kB
Mlocked:               0 kB
HighTotal:       1372556 kB
HighFree:          52680 kB
LowTotal:         587396 kB
LowFree:           82072 kB
SwapTotal:        262140 kB
SwapFree:         118504 kB
Dirty:               900 kB
Writeback:             0 kB
AnonPages:        646684 kB
Mapped:           264420 kB
Shmem:              1148 kB
Slab:              69480 kB
SReclaimable:      19812 kB
SUnreclaim:        49668 kB
KernelStack:       18536 kB
PageTables:        30736 kB
NFS_Unstable:          0 kB
Bounce:                0 kB
WritebackTmp:          0 kB
CommitLimit:     1242116 kB
Committed_AS:   58398672 kB
VmallocTotal:     409600 kB
VmallocUsed:       37140 kB
VmallocChunk:      81948 kB
Time pass: 463 sec

---2015-10-26 12:50:36
MemTotal:        1959952 kB
MemFree:          113132 kB
Buffers:            8920 kB
Cached:           631084 kB
SwapCached:         5428 kB
Active:           784912 kB
Inactive:         520680 kB
Active(anon):     441064 kB
Inactive(anon):   227500 kB
Active(file):     343848 kB
Inactive(file):   293180 kB
Unevictable:        1768 kB
Mlocked:               0 kB
HighTotal:       1372556 kB
HighFree:          32028 kB
LowTotal:         587396 kB
LowFree:           81104 kB
SwapTotal:        262140 kB
SwapFree:         118504 kB
Dirty:               916 kB
Writeback:             0 kB
AnonPages:        667036 kB
Mapped:           272492 kB
Shmem:              1208 kB
Slab:              69388 kB
SReclaimable:      19812 kB
SUnreclaim:        49576 kB
KernelStack:       19248 kB
PageTables:        32180 kB
NFS_Unstable:          0 kB
Bounce:                0 kB
WritebackTmp:          0 kB
CommitLimit:     1242116 kB
Committed_AS:   62261472 kB
VmallocTotal:     409600 kB
VmallocUsed:       37140 kB
VmallocChunk:      81948 kB
Time pass: 467 sec

---2015-10-26 12:50:36
MemTotal:        1959952 kB
MemFree:          106408 kB
Buffers:            8920 kB
Cached:           631100 kB
SwapCached:         5428 kB
Active:           791632 kB
Inactive:         520640 kB
Active(anon):     447728 kB
Inactive(anon):   227504 kB
Active(file):     343904 kB
Inactive(file):   293136 kB
Unevictable:        1768 kB
Mlocked:               0 kB
HighTotal:       1372556 kB
HighFree:          25348 kB
LowTotal:         587396 kB
LowFree:           81060 kB
SwapTotal:        262140 kB
SwapFree:         118504 kB
Dirty:               948 kB
Writeback:             0 kB
AnonPages:        673784 kB
Mapped:           269848 kB
Shmem:              1212 kB
Slab:              69420 kB
SReclaimable:      19844 kB
SUnreclaim:        49576 kB
KernelStack:       19152 kB
PageTables:        31776 kB
NFS_Unstable:          0 kB
Bounce:                0 kB
WritebackTmp:          0 kB
CommitLimit:     1242116 kB
Committed_AS:   61305620 kB
VmallocTotal:     409600 kB
VmallocUsed:       31020 kB
VmallocChunk:      81948 kB
Time pass: 473 sec

---2015-10-26 12:50:36
MemTotal:        1959952 kB
MemFree:          141500 kB
Buffers:            8920 kB
Cached:           631108 kB
SwapCached:         5428 kB
Active:           759436 kB
Inactive:         520620 kB
Active(anon):     415536 kB
Inactive(anon):   227476 kB
Active(file):     343900 kB
Inactive(file):   293144 kB
Unevictable:        1768 kB
Mlocked:               0 kB
HighTotal:       1372556 kB
HighFree:          62068 kB
LowTotal:         587396 kB
LowFree:           79432 kB
SwapTotal:        262140 kB
SwapFree:         118504 kB
Dirty:               920 kB
Writeback:             0 kB
AnonPages:        641552 kB
Mapped:           257448 kB
Shmem:              1216 kB
Slab:              69420 kB
SReclaimable:      19844 kB
SUnreclaim:        49576 kB
KernelStack:       18640 kB
PageTables:        31060 kB
NFS_Unstable:          0 kB
Bounce:                0 kB
WritebackTmp:          0 kB
CommitLimit:     1242116 kB
Committed_AS:   60346784 kB
VmallocTotal:     409600 kB
VmallocUsed:       27812 kB
VmallocChunk:      81948 kB
Time pass: 478 sec

---2015-10-26 12:50:36
MemTotal:        1959952 kB
MemFree:          125804 kB
Buffers:            8920 kB
Cached:           631044 kB
SwapCached:         5428 kB
Active:           773484 kB
Inactive:         520548 kB
Active(anon):     429576 kB
Inactive(anon):   227412 kB
Active(file):     343908 kB
Inactive(file):   293136 kB
Unevictable:        1768 kB
Mlocked:               0 kB
HighTotal:       1372556 kB
HighFree:          45728 kB
LowTotal:         587396 kB
LowFree:           80076 kB
SwapTotal:        262140 kB
SwapFree:         118504 kB
Dirty:               952 kB
Writeback:             0 kB
AnonPages:        655296 kB
Mapped:           262784 kB
Shmem:              1152 kB
Slab:              69452 kB
SReclaimable:      19844 kB
SUnreclaim:        49608 kB
KernelStack:       18648 kB
PageTables:        30940 kB
NFS_Unstable:          0 kB
Bounce:                0 kB
WritebackTmp:          0 kB
CommitLimit:     1242116 kB
Committed_AS:   59354272 kB
VmallocTotal:     409600 kB
VmallocUsed:       32040 kB
VmallocChunk:      81948 kB
Time pass: 482 sec

---2015-10-26 12:50:36
MemTotal:        1959952 kB
MemFree:          124524 kB
Buffers:            8920 kB
Cached:           631048 kB
SwapCached:         5428 kB
Active:           774172 kB
Inactive:         520552 kB
Active(anon):     430264 kB
Inactive(anon):   227416 kB
Active(file):     343908 kB
Inactive(file):   293136 kB
Unevictable:        1768 kB
Mlocked:               0 kB
HighTotal:       1372556 kB
HighFree:          44728 kB
LowTotal:         587396 kB
LowFree:           79796 kB
SwapTotal:        262140 kB
SwapFree:         118504 kB
Dirty:               904 kB
Writeback:             0 kB
AnonPages:        655948 kB
Mapped:           269116 kB
Shmem:              1156 kB
Slab:              69400 kB
SReclaimable:      19820 kB
SUnreclaim:        49580 kB
KernelStack:       19512 kB
PageTables:        31460 kB
NFS_Unstable:          0 kB
Bounce:                0 kB
WritebackTmp:          0 kB
CommitLimit:     1242116 kB
Committed_AS:   60340928 kB
VmallocTotal:     409600 kB
VmallocUsed:       36152 kB
VmallocChunk:      81948 kB
Time pass: 487 sec

---2015-10-26 12:50:36
MemTotal:        1959952 kB
MemFree:          112272 kB
Buffers:            8920 kB
Cached:           631120 kB
SwapCached:         5428 kB
Active:           784980 kB
Inactive:         520620 kB
Active(anon):     441068 kB
Inactive(anon):   227480 kB
Active(file):     343912 kB
Inactive(file):   293140 kB
Unevictable:        1768 kB
Mlocked:               0 kB
HighTotal:       1372556 kB
HighFree:          33624 kB
LowTotal:         587396 kB
LowFree:           78648 kB
SwapTotal:        262140 kB
SwapFree:         118504 kB
Dirty:               900 kB
Writeback:             0 kB
AnonPages:        666904 kB
Mapped:           272220 kB
Shmem:              1220 kB
Slab:              69440 kB
SReclaimable:      19820 kB
