---2015-10-26 00:17:40
MemTotal:        2746844 kB
MemFree:          240004 kB
Buffers:           86776 kB
Cached:           724336 kB
SwapCached:        27584 kB
Active:           791748 kB
Inactive:         709708 kB
Active(anon):     333564 kB
Inactive(anon):   376824 kB
Active(file):     458184 kB
Inactive(file):   332884 kB
Unevictable:       27524 kB
Mlocked:           19552 kB
SwapTotal:       1310716 kB
SwapFree:        1013968 kB
Dirty:                36 kB
Writeback:             0 kB
AnonPages:        711400 kB
Mapped:           297796 kB
Shmem:              1056 kB
Slab:             121656 kB
SReclaimable:      33032 kB
SUnreclaim:        88624 kB
KernelStack:       29520 kB
PageTables:        55460 kB
NFS_Unstable:          0 kB
Bounce:                0 kB
WritebackTmp:          0 kB
CommitLimit:     2684136 kB
Committed_AS:   140295476 kB
VmallocTotal:   251658176 kB
VmallocUsed:      340832 kB
VmallocChunk:   247561408 kB
Time pass: 3 sec

---2015-10-26 00:17:40
MemTotal:        2746844 kB
MemFree:          240092 kB
Buffers:           86776 kB
Cached:           724336 kB
SwapCached:        27584 kB
Active:           791872 kB
Inactive:         709708 kB
Active(anon):     333688 kB
Inactive(anon):   376824 kB
Active(file):     458184 kB
Inactive(file):   332884 kB
Unevictable:       27524 kB
Mlocked:           19552 kB
SwapTotal:       1310716 kB
SwapFree:        1013968 kB
Dirty:                12 kB
Writeback:             0 kB
AnonPages:        711200 kB
Mapped:           297880 kB
Shmem:              1056 kB
Slab:             121656 kB
SReclaimable:      33032 kB
SUnreclaim:        88624 kB
KernelStack:       29520 kB
PageTables:        55488 kB
NFS_Unstable:          0 kB
Bounce:                0 kB
WritebackTmp:          0 kB
CommitLimit:     2684136 kB
Committed_AS:   140295492 kB
VmallocTotal:   251658176 kB
VmallocUsed:      340832 kB
VmallocChunk:   247561408 kB
Time pass: 7 sec

---2015-10-26 00:17:40
MemTotal:        2746844 kB
MemFree:          239632 kB
Buffers:           86776 kB
Cached:           724336 kB
SwapCached:        27584 kB
Active:           792156 kB
Inactive:         709704 kB
Active(anon):     333968 kB
Inactive(anon):   376824 kB
Active(file):     458188 kB
Inactive(file):   332880 kB
Unevictable:       27524 kB
Mlocked:           19552 kB
SwapTotal:       1310716 kB
SwapFree:        1013968 kB
Dirty:                12 kB
Writeback:             0 kB
AnonPages:        711356 kB
Mapped:           297964 kB
Shmem:              1056 kB
Slab:             121656 kB
SReclaimable:      33032 kB
SUnreclaim:        88624 kB
KernelStack:       29520 kB
PageTables:        55520 kB
NFS_Unstable:          0 kB
Bounce:                0 kB
WritebackTmp:          0 kB
CommitLimit:     2684136 kB
Committed_AS:   140295476 kB
VmallocTotal:   251658176 kB
VmallocUsed:      340832 kB
VmallocChunk:   247561408 kB
Time pass: 10 sec

---2015-10-26 00:17:40
MemTotal:        2746844 kB
MemFree:          239164 kB
Buffers:           86776 kB
Cached:           724336 kB
SwapCached:        27584 kB
Active:           792632 kB
Inactive:         709704 kB
Active(anon):     334444 kB
Inactive(anon):   376824 kB
Active(file):     458188 kB
Inactive(file):   332880 kB
Unevictable:       27524 kB
Mlocked:           19552 kB
SwapTotal:       1310716 kB
SwapFree:        1013968 kB
Dirty:                 0 kB
Writeback:             0 kB
AnonPages:        711960 kB
Mapped:           298048 kB
Shmem:              1056 kB
Slab:             121656 kB
SReclaimable:      33032 kB
SUnreclaim:        88624 kB
KernelStack:       29520 kB
PageTables:        55548 kB
NFS_Unstable:          0 kB
Bounce:                0 kB
WritebackTmp:          0 kB
CommitLimit:     2684136 kB
Committed_AS:   140295468 kB
VmallocTotal:   251658176 kB
VmallocUsed:      340832 kB
VmallocChunk:   247561408 kB
Time pass: 14 sec

---2015-10-26 00:17:40
MemTotal:        2746844 kB
MemFree:          239012 kB
Buffers:           86788 kB
Cached:           724336 kB
SwapCached:        27584 kB
Active:           792648 kB
Inactive:         709716 kB
Active(anon):     334460 kB
Inactive(anon):   376824 kB
Active(file):     458188 kB
Inactive(file):   332892 kB
Unevictable:       27524 kB
Mlocked:           19552 kB
SwapTotal:       1310716 kB
SwapFree:        1013968 kB
Dirty:                40 kB
Writeback:             0 kB
AnonPages:        712444 kB
Mapped:           297880 kB
Shmem:              1056 kB
Slab:             121676 kB
SReclaimable:      33032 kB
SUnreclaim:        88644 kB
KernelStack:       29520 kB
PageTables:        55488 kB
NFS_Unstable:          0 kB
Bounce:                0 kB
WritebackTmp:          0 kB
CommitLimit:     2684136 kB
Committed_AS:   140295452 kB
VmallocTotal:   251658176 kB
VmallocUsed:      340832 kB
VmallocChunk:   247561408 kB
Time pass: 17 sec

---2015-10-26 00:17:40
MemTotal:        2746844 kB
MemFree:          238920 kB
Buffers:           86788 kB
Cached:           724336 kB
SwapCached:        27584 kB
Active:           792788 kB
Inactive:         709716 kB
Active(anon):     334600 kB
Inactive(anon):   376824 kB
Active(file):     458188 kB
Inactive(file):   332892 kB
Unevictable:       27524 kB
Mlocked:           19552 kB
SwapTotal:       1310716 kB
SwapFree:        1013968 kB
Dirty:                 0 kB
Writeback:             0 kB
AnonPages:        712660 kB
Mapped:           297880 kB
Shmem:              1056 kB
Slab:             121644 kB
SReclaimable:      33032 kB
SUnreclaim:        88612 kB
KernelStack:       29520 kB
PageTables:        55488 kB
NFS_Unstable:          0 kB
Bounce:                0 kB
WritebackTmp:          0 kB
CommitLimit:     2684136 kB
Committed_AS:   140295468 kB
VmallocTotal:   251658176 kB
VmallocUsed:      340832 kB
VmallocChunk:   247561408 kB
Time pass: 21 sec

---2015-10-26 00:17:40
MemTotal:        2746844 kB
MemFree:          238872 kB
Buffers:           86796 kB
Cached:           724336 kB
SwapCached:        27584 kB
Active:           792572 kB
Inactive:         709724 kB
Active(anon):     334384 kB
Inactive(anon):   376824 kB
Active(file):     458188 kB
Inactive(file):   332900 kB
Unevictable:       27524 kB
Mlocked:           19552 kB
SwapTotal:       1310716 kB
SwapFree:        1013968 kB
Dirty:                36 kB
Writeback:             0 kB
AnonPages:        712468 kB
Mapped:           297880 kB
Shmem:              1056 kB
Slab:             121636 kB
SReclaimable:      33032 kB
SUnreclaim:        88604 kB
KernelStack:       29520 kB
PageTables:        55488 kB
NFS_Unstable:          0 kB
Bounce:                0 kB
WritebackTmp:          0 kB
CommitLimit:     2684136 kB
Committed_AS:   140295452 kB
VmallocTotal:   251658176 kB
VmallocUsed:      340832 kB
VmallocChunk:   247561408 kB
Time pass: 25 sec

---2015-10-26 00:17:40
MemTotal:        2746844 kB
MemFree:          239168 kB
Buffers:           86796 kB
Cached:           724336 kB
SwapCached:        27584 kB
Active:           792968 kB
Inactive:         709724 kB
Active(anon):     334780 kB
Inactive(anon):   376824 kB
Active(file):     458188 kB
Inactive(file):   332900 kB
Unevictable:       27524 kB
Mlocked:           19552 kB
SwapTotal:       1310716 kB
SwapFree:        1013968 kB
Dirty:                 0 kB
Writeback:             0 kB
AnonPages:        712448 kB
Mapped:           297964 kB
Shmem:              1056 kB
Slab:             121636 kB
SReclaimable:      33032 kB
SUnreclaim:        88604 kB
KernelStack:       29520 kB
PageTables:        55516 kB
NFS_Unstable:          0 kB
Bounce:                0 kB
WritebackTmp:          0 kB
CommitLimit:     2684136 kB
Committed_AS:   140295452 kB
VmallocTotal:   251658176 kB
VmallocUsed:      340832 kB
VmallocChunk:   247561408 kB
Time pass: 28 sec

---2015-10-26 00:17:40
MemTotal:        2746844 kB
MemFree:          239600 kB
Buffers:           86796 kB
Cached:           724336 kB
SwapCached:        27584 kB
Active:           793200 kB
Inactive:         709724 kB
Active(anon):     335012 kB
Inactive(anon):   376824 kB
Active(file):     458188 kB
Inactive(file):   332900 kB
Unevictable:       27524 kB
Mlocked:           19552 kB
SwapTotal:       1310716 kB
SwapFree:        1013968 kB
Dirty:                 0 kB
Writeback:             0 kB
AnonPages:        712692 kB
Mapped:           298048 kB
Shmem:              1056 kB
Slab:             121636 kB
SReclaimable:      33032 kB
SUnreclaim:        88604 kB
KernelStack:       29520 kB
PageTables:        55544 kB
NFS_Unstable:          0 kB
Bounce:                0 kB
WritebackTmp:          0 kB
CommitLimit:     2684136 kB
Committed_AS:   140295460 kB
VmallocTotal:   251658176 kB
VmallocUsed:      340832 kB
VmallocChunk:   247561408 kB
Time pass: 32 sec

---2015-10-26 00:17:40
MemTotal:        2746844 kB
MemFree:          239416 kB
Buffers:           86796 kB
Cached:           724336 kB
SwapCached:        27584 kB
Active:           793520 kB
Inactive:         709724 kB
Active(anon):     335332 kB
Inactive(anon):   376824 kB
Active(file):     458188 kB
Inactive(file):   332900 kB
Unevictable:       27524 kB
Mlocked:           19552 kB
SwapTotal:       1310716 kB
SwapFree:        1013968 kB
Dirty:                 0 kB
Writeback:             0 kB
AnonPages:        712796 kB
Mapped:           298048 kB
Shmem:              1056 kB
Slab:             121624 kB
SReclaimable:      33032 kB
SUnreclaim:        88592 kB
KernelStack:       29520 kB
PageTables:        55544 kB
NFS_Unstable:          0 kB
Bounce:                0 kB
WritebackTmp:          0 kB
CommitLimit:     2684136 kB
Committed_AS:   140295460 kB
VmallocTotal:   251658176 kB
VmallocUsed:      340832 kB
VmallocChunk:   247561408 kB
Time pass: 35 sec

---2015-10-26 00:17:40
MemTotal:        2746844 kB
MemFree:          239312 kB
Buffers:           86796 kB
Cached:           724336 kB
SwapCached:        27584 kB
Active:           793660 kB
Inactive:         709724 kB
Active(anon):     335472 kB
Inactive(anon):   376824 kB
Active(file):     458188 kB
Inactive(file):   332900 kB
Unevictable:       27524 kB
Mlocked:           19552 kB
SwapTotal:       1310716 kB
SwapFree:        1013968 kB
Dirty:                 0 kB
Writeback:             0 kB
AnonPages:        712920 kB
Mapped:           298048 kB
Shmem:              1056 kB
Slab:             121624 kB
SReclaimable:      33032 kB
SUnreclaim:        88592 kB
KernelStack:       29520 kB
PageTables:        55544 kB
NFS_Unstable:          0 kB
Bounce:                0 kB
WritebackTmp:          0 kB
CommitLimit:     2684136 kB
Committed_AS:   140295460 kB
VmallocTotal:   251658176 kB
VmallocUsed:      340832 kB
VmallocChunk:   247561408 kB
Time pass: 39 sec

---2015-10-26 00:17:40
MemTotal:        2746844 kB
MemFree:          238628 kB
Buffers:           86796 kB
Cached:           724336 kB
SwapCached:        27584 kB
Active:           793752 kB
Inactive:         709724 kB
Active(anon):     335564 kB
Inactive(anon):   376824 kB
Active(file):     458188 kB
Inactive(file):   332900 kB
Unevictable:       27524 kB
Mlocked:           19552 kB
SwapTotal:       1310716 kB
SwapFree:        1013968 kB
Dirty:                 0 kB
Writeback:             0 kB
AnonPages:        712948 kB
Mapped:           298048 kB
Shmem:              1056 kB
Slab:             121588 kB
SReclaimable:      33032 kB
SUnreclaim:        88556 kB
KernelStack:       29520 kB
PageTables:        55548 kB
NFS_Unstable:          0 kB
Bounce:                0 kB
WritebackTmp:          0 kB
CommitLimit:     2684136 kB
Committed_AS:   140295452 kB
VmallocTotal:   251658176 kB
VmallocUsed:      340832 kB
VmallocChunk:   247561408 kB
Time pass: 42 sec

---2015-10-26 00:17:40
MemTotal:        2746844 kB
MemFree:          238224 kB
Buffers:           86796 kB
Cached:           724336 kB
SwapCached:        27584 kB
Active:           793464 kB
Inactive:         709724 kB
Active(anon):     335276 kB
Inactive(anon):   376824 kB
Active(file):     458188 kB
Inactive(file):   332900 kB
Unevictable:       27524 kB
Mlocked:           19552 kB
SwapTotal:       1310716 kB
SwapFree:        1013968 kB
Dirty:                 8 kB
Writeback:             0 kB
AnonPages:        712420 kB
Mapped:           298048 kB
Shmem:              1056 kB
Slab:             121624 kB
SReclaimable:      33032 kB
SUnreclaim:        88592 kB
KernelStack:       29520 kB
PageTables:        55548 kB
NFS_Unstable:          0 kB
Bounce:                0 kB
WritebackTmp:          0 kB
CommitLimit:     2684136 kB
Committed_AS:   140295468 kB
VmallocTotal:   251658176 kB
VmallocUsed:      340832 kB
VmallocChunk:   247561408 kB
Time pass: 46 sec

---2015-10-26 00:17:40
MemTotal:        2746844 kB
MemFree:          237856 kB
Buffers:           86804 kB
Cached:           724336 kB
SwapCached:        27584 kB
Active:           794968 kB
Inactive:         709732 kB
Active(anon):     336780 kB
Inactive(anon):   376824 kB
Active(file):     458188 kB
Inactive(file):   332908 kB
Unevictable:       27524 kB
Mlocked:           19552 kB
SwapTotal:       1310716 kB
SwapFree:        1013968 kB
Dirty:                20 kB
Writeback:             0 kB
AnonPages:        714408 kB
Mapped:           297964 kB
Shmem:              1056 kB
Slab:             121560 kB
SReclaimable:      33032 kB
SUnreclaim:        88528 kB
KernelStack:       29520 kB
PageTables:        55520 kB
NFS_Unstable:          0 kB
Bounce:                0 kB
WritebackTmp:          0 kB
CommitLimit:     2684136 kB
Committed_AS:   140295468 kB
VmallocTotal:   251658176 kB
VmallocUsed:      340832 kB
VmallocChunk:   247561408 kB
Time pass: 50 sec

---2015-10-26 00:17:40
MemTotal:        2746844 kB
MemFree:          240584 kB
Buffers:           86804 kB
Cached:           724336 kB
SwapCached:        27584 kB
Active:           792268 kB
Inactive:         709732 kB
Active(anon):     334080 kB
Inactive(anon):   376824 kB
Active(file):     458188 kB
Inactive(file):   332908 kB
Unevictable:       27524 kB
Mlocked:           19552 kB
SwapTotal:       1310716 kB
SwapFree:        1013968 kB
Dirty:                20 kB
Writeback:             0 kB
AnonPages:        711684 kB
Mapped:           298048 kB
Shmem:              1056 kB
Slab:             121568 kB
SReclaimable:      33032 kB
SUnreclaim:        88536 kB
KernelStack:       29520 kB
PageTables:        55548 kB
NFS_Unstable:          0 kB
Bounce:                0 kB
WritebackTmp:          0 kB
CommitLimit:     2684136 kB
Committed_AS:   140295460 kB
VmallocTotal:   251658176 kB
VmallocUsed:      340832 kB
VmallocChunk:   247561408 kB
Time pass: 53 sec

---2015-10-26 00:17:40
MemTotal:        2746844 kB
MemFree:          240956 kB
Buffers:           86804 kB
Cached:           724336 kB
SwapCached:        27584 kB
Active:           792276 kB
Inactive:         709724 kB
Active(anon):     334084 kB
Inactive(anon):   376820 kB
Active(file):     458192 kB
Inactive(file):   332904 kB
Unevictable:       27524 kB
Mlocked:           19552 kB
SwapTotal:       1310716 kB
SwapFree:        1013968 kB
Dirty:                12 kB
Writeback:             0 kB
AnonPages:        711840 kB
Mapped:           298048 kB
Shmem:              1056 kB
Slab:             121580 kB
SReclaimable:      33032 kB
SUnreclaim:        88548 kB
KernelStack:       29520 kB
PageTables:        55544 kB
NFS_Unstable:          0 kB
Bounce:                0 kB
WritebackTmp:          0 kB
CommitLimit:     2684136 kB
Committed_AS:   140295452 kB
VmallocTotal:   251658176 kB
VmallocUsed:      340832 kB
VmallocChunk:   247561408 kB
Time pass: 57 sec

---2015-10-26 00:17:40
MemTotal:        2746844 kB
MemFree:          241640 kB
Buffers:           86804 kB
Cached:           724336 kB
SwapCached:        27584 kB
Active:           792420 kB
Inactive:         709724 kB
Active(anon):     334228 kB
Inactive(anon):   376820 kB
Active(file):     458192 kB
Inactive(file):   332904 kB
Unevictable:       27524 kB
Mlocked:           19552 kB
SwapTotal:       1310716 kB
SwapFree:        1013968 kB
Dirty:                 0 kB
Writeback:             0 kB
AnonPages:        711904 kB
Mapped:           298048 kB
Shmem:              1056 kB
Slab:             121584 kB
SReclaimable:      33032 kB
SUnreclaim:        88552 kB
KernelStack:       29520 kB
PageTables:        55548 kB
NFS_Unstable:          0 kB
Bounce:                0 kB
WritebackTmp:          0 kB
CommitLimit:     2684136 kB
Committed_AS:   140295452 kB
VmallocTotal:   251658176 kB
VmallocUsed:      340832 kB
VmallocChunk:   247561408 kB
Time pass: 60 sec

---2015-10-26 00:17:40
MemTotal:        2746844 kB
MemFree:          240780 kB
Buffers:           86804 kB
Cached:           724336 kB
SwapCached:        27584 kB
Active:           792744 kB
Inactive:         709724 kB
Active(anon):     334552 kB
Inactive(anon):   376820 kB
Active(file):     458192 kB
Inactive(file):   332904 kB
Unevictable:       27524 kB
Mlocked:           19552 kB
SwapTotal:       1310716 kB
SwapFree:        1013968 kB
Dirty:                 0 kB
Writeback:             0 kB
AnonPages:        712088 kB
Mapped:           298048 kB
Shmem:              1056 kB
Slab:             121596 kB
SReclaimable:      33032 kB
SUnreclaim:        88564 kB
KernelStack:       29520 kB
PageTables:        55548 kB
NFS_Unstable:          0 kB
Bounce:                0 kB
WritebackTmp:          0 kB
CommitLimit:     2684136 kB
Committed_AS:   140295452 kB
VmallocTotal:   251658176 kB
VmallocUsed:      340832 kB
VmallocChunk:   247561408 kB
Time pass: 64 sec

---2015-10-26 00:17:40
MemTotal:        2746844 kB
MemFree:          240688 kB
Buffers:           86804 kB
Cached:           724336 kB
SwapCached:        27584 kB
Active:           792680 kB
Inactive:         709724 kB
Active(anon):     334488 kB
Inactive(anon):   376820 kB
Active(file):     458192 kB
Inactive(file):   332904 kB
Unevictable:       27524 kB
Mlocked:           19552 kB
SwapTotal:       1310716 kB
SwapFree:        1013968 kB
Dirty:                 0 kB
Writeback:             0 kB
AnonPages:        712164 kB
Mapped:           298048 kB
Shmem:              1056 kB
Slab:             121604 kB
SReclaimable:      33032 kB
SUnreclaim:        88572 kB
KernelStack:       29520 kB
PageTables:        55548 kB
NFS_Unstable:          0 kB
Bounce:                0 kB
WritebackTmp:          0 kB
CommitLimit:     2684136 kB
Committed_AS:   140295460 kB
VmallocTotal:   251658176 kB
VmallocUsed:      340832 kB
VmallocChunk:   247561408 kB
Time pass: 67 sec

---2015-10-26 00:17:40
MemTotal:        2746844 kB
MemFree:          240460 kB
Buffers:           86804 kB
Cached:           724336 kB
SwapCached:        27584 kB
Active:           792888 kB
Inactive:         709724 kB
Active(anon):     334696 kB
Inactive(anon):   376820 kB
Active(file):     458192 kB
Inactive(file):   332904 kB
Unevictable:       27524 kB
Mlocked:           19552 kB
SwapTotal:       1310716 kB
SwapFree:        1013968 kB
Dirty:                 0 kB
Writeback:             0 kB
AnonPages:        712396 kB
Mapped:           298048 kB
Shmem:              1056 kB
Slab:             121616 kB
SReclaimable:      33032 kB
SUnreclaim:        88584 kB
KernelStack:       29520 kB
PageTables:        55552 kB
NFS_Unstable:          0 kB
Bounce:                0 kB
WritebackTmp:          0 kB
CommitLimit:     2684136 kB
Committed_AS:   140295460 kB
VmallocTotal:   251658176 kB
VmallocUsed:      340832 kB
VmallocChunk:   247561408 kB
Time pass: 71 sec

---2015-10-26 00:17:40
MemTotal:        2746844 kB
MemFree:          240288 kB
Buffers:           86804 kB
Cached:           724336 kB
SwapCached:        27584 kB
Active:           793436 kB
Inactive:         709724 kB
Active(anon):     335244 kB
Inactive(anon):   376820 kB
Active(file):     458192 kB
Inactive(file):   332904 kB
Unevictable:       27524 kB
Mlocked:           19552 kB
SwapTotal:       1310716 kB
SwapFree:        1013968 kB
Dirty:                 0 kB
Writeback:             0 kB
AnonPages:        712920 kB
Mapped:           298060 kB
Shmem:              1056 kB
Slab:             121620 kB
SReclaimable:      33032 kB
SUnreclaim:        88588 kB
KernelStack:       29536 kB
PageTables:        55548 kB
NFS_Unstable:          0 kB
Bounce:                0 kB
WritebackTmp:          0 kB
CommitLimit:     2684136 kB
Committed_AS:   140297548 kB
VmallocTotal:   251658176 kB
VmallocUsed:      340832 kB
VmallocChunk:   247561408 kB
Time pass: 75 sec

---2015-10-26 00:17:40
MemTotal:        2746844 kB
MemFree:          239404 kB
Buffers:           86804 kB
Cached:           724336 kB
SwapCached:        27584 kB
Active:           793872 kB
Inactive:         709720 kB
Active(anon):     335676 kB
Inactive(anon):   376820 kB
Active(file):     458196 kB
Inactive(file):   332900 kB
Unevictable:       27524 kB
Mlocked:           19552 kB
SwapTotal:       1310716 kB
SwapFree:        1013968 kB
Dirty:                40 kB
Writeback:             0 kB
AnonPages:        713160 kB
Mapped:           298048 kB
Shmem:              1056 kB
Slab:             121624 kB
SReclaimable:      33032 kB
SUnreclaim:        88592 kB
KernelStack:       29520 kB
PageTables:        55548 kB
NFS_Unstable:          0 kB
Bounce:                0 kB
WritebackTmp:          0 kB
CommitLimit:     2684136 kB
Committed_AS:   140295452 kB
VmallocTotal:   251658176 kB
VmallocUsed:      340832 kB
VmallocChunk:   247561408 kB
Time pass: 78 sec

---2015-10-26 00:17:40
MemTotal:        2746844 kB
MemFree:          239344 kB
Buffers:           86804 kB
Cached:           724336 kB
SwapCached:        27584 kB
Active:           794012 kB
Inactive:         709720 kB
Active(anon):     335816 kB
Inactive(anon):   376820 kB
Active(file):     458196 kB
Inactive(file):   332900 kB
Unevictable:       27524 kB
Mlocked:           19552 kB
SwapTotal:       1310716 kB
SwapFree:        1013968 kB
Dirty:                36 kB
Writeback:             0 kB
AnonPages:        713300 kB
Mapped:           298048 kB
Shmem:              1056 kB
Slab:             121632 kB
SReclaimable:      33032 kB
SUnreclaim:        88600 kB
KernelStack:       29520 kB
PageTables:        55548 kB
NFS_Unstable:          0 kB
Bounce:                0 kB
WritebackTmp:          0 kB
CommitLimit:     2684136 kB
Committed_AS:   140295460 kB
VmallocTotal:   251658176 kB
VmallocUsed:      340832 kB
VmallocChunk:   247561408 kB
Time pass: 82 sec

---2015-10-26 00:17:40
MemTotal:        2746844 kB
MemFree:          242276 kB
Buffers:           86804 kB
Cached:           724336 kB
SwapCached:        27588 kB
Active:           792736 kB
Inactive:         708656 kB
Active(anon):     333476 kB
Inactive(anon):   376820 kB
Active(file):     459260 kB
Inactive(file):   331836 kB
Unevictable:       27524 kB
Mlocked:           19552 kB
SwapTotal:       1310716 kB
SwapFree:        1013968 kB
Dirty:                36 kB
Writeback:             0 kB
AnonPages:        711388 kB
Mapped:           297168 kB
Shmem:              1056 kB
Slab:             121724 kB
SReclaimable:      33032 kB
SUnreclaim:        88692 kB
KernelStack:       29392 kB
PageTables:        55216 kB
NFS_Unstable:          0 kB
Bounce:                0 kB
WritebackTmp:          0 kB
CommitLimit:     2684136 kB
Committed_AS:   140295408 kB
VmallocTotal:   251658176 kB
VmallocUsed:      340832 kB
VmallocChunk:   247561408 kB
Time pass: 85 sec

---2015-10-26 00:17:40
MemTotal:        2746844 kB
MemFree:          174196 kB
Buffers:           86808 kB
Cached:           724072 kB
SwapCached:        27588 kB
Active:           822756 kB
Inactive:         708572 kB
Active(anon):     363496 kB
Inactive(anon):   376540 kB
Active(file):     459260 kB
Inactive(file):   332032 kB
Unevictable:       27524 kB
Mlocked:           19552 kB
SwapTotal:       1310716 kB
SwapFree:        1013984 kB
Dirty:               584 kB
Writeback:             0 kB
AnonPages:        741548 kB
Mapped:           327464 kB
Shmem:               796 kB
Slab:             121740 kB
SReclaimable:      33032 kB
SUnreclaim:        88708 kB
KernelStack:       29520 kB
PageTables:        56076 kB
NFS_Unstable:          0 kB
Bounce:                0 kB
WritebackTmp:          0 kB
CommitLimit:     2684136 kB
Committed_AS:   141609624 kB
VmallocTotal:   251658176 kB
VmallocUsed:      342288 kB
VmallocChunk:   247561408 kB
Time pass: 89 sec

---2015-10-26 00:17:40
MemTotal:        2746844 kB
MemFree:          120016 kB
Buffers:           86808 kB
Cached:           724028 kB
SwapCached:        27588 kB
Active:           826024 kB
Inactive:         708144 kB
Active(anon):     366732 kB
Inactive(anon):   376516 kB
Active(file):     459292 kB
Inactive(file):   331628 kB
Unevictable:       27524 kB
Mlocked:           19552 kB
SwapTotal:       1310716 kB
SwapFree:        1013984 kB
Dirty:              1136 kB
Writeback:             0 kB
AnonPages:        744592 kB
Mapped:           328636 kB
Shmem:               928 kB
Slab:             121772 kB
SReclaimable:      33032 kB
SUnreclaim:        88740 kB
KernelStack:       30624 kB
PageTables:        56384 kB
NFS_Unstable:          0 kB
Bounce:                0 kB
WritebackTmp:          0 kB
CommitLimit:     2684136 kB
Committed_AS:   141628292 kB
VmallocTotal:   251658176 kB
VmallocUsed:      342680 kB
VmallocChunk:   247561408 kB
Time pass: 93 sec

---2015-10-26 00:17:40
MemTotal:        2746844 kB
MemFree:          129856 kB
Buffers:           86812 kB
Cached:           724040 kB
SwapCached:        27588 kB
Active:           808496 kB
Inactive:         708128 kB
Active(anon):     349196 kB
Inactive(anon):   376496 kB
Active(file):     459300 kB
Inactive(file):   331632 kB
Unevictable:       27524 kB
Mlocked:           19552 kB
SwapTotal:       1310716 kB
SwapFree:        1013984 kB
Dirty:                32 kB
Writeback:             0 kB
AnonPages:        726804 kB
Mapped:           329004 kB
Shmem:               932 kB
Slab:             121772 kB
SReclaimable:      33032 kB
SUnreclaim:        88740 kB
KernelStack:       30640 kB
PageTables:        56444 kB
NFS_Unstable:          0 kB
Bounce:                0 kB
WritebackTmp:          0 kB
CommitLimit:     2684136 kB
Committed_AS:   141626856 kB
VmallocTotal:   251658176 kB
VmallocUsed:      342700 kB
VmallocChunk:   247561408 kB
Time pass: 97 sec

---2015-10-26 00:17:40
MemTotal:        2746844 kB
MemFree:           70500 kB
Buffers:           86180 kB
Cached:           716224 kB
SwapCached:        27600 kB
Active:           805612 kB
Inactive:         718232 kB
Active(anon):     349056 kB
Inactive(anon):   391516 kB
Active(file):     456556 kB
Inactive(file):   326716 kB
Unevictable:       27524 kB
Mlocked:           19552 kB
SwapTotal:       1310716 kB
SwapFree:        1013040 kB
Dirty:              2280 kB
Writeback:             0 kB
AnonPages:        741864 kB
Mapped:           331208 kB
Shmem:               932 kB
Slab:             121796 kB
SReclaimable:      33032 kB
SUnreclaim:        88764 kB
KernelStack:       30848 kB
PageTables:        56528 kB
NFS_Unstable:          0 kB
Bounce:                0 kB
WritebackTmp:          0 kB
CommitLimit:     2684136 kB
Committed_AS:   141636096 kB
VmallocTotal:   251658176 kB
VmallocUsed:      344512 kB
VmallocChunk:   247561408 kB
Time pass: 100 sec

---2015-10-26 00:17:40
MemTotal:        2746844 kB
MemFree:           70088 kB
Buffers:           86180 kB
Cached:           715992 kB
SwapCached:        27600 kB
Active:           804208 kB
Inactive:         717696 kB
Active(anon):     348428 kB
Inactive(anon):   391096 kB
Active(file):     455780 kB
Inactive(file):   326600 kB
Unevictable:       27524 kB
Mlocked:           19552 kB
SwapTotal:       1310716 kB
SwapFree:        1013040 kB
Dirty:                 0 kB
Writeback:             0 kB
AnonPages:        741804 kB
Mapped:           331192 kB
Shmem:               932 kB
Slab:             121820 kB
SReclaimable:      33032 kB
SUnreclaim:        88788 kB
KernelStack:       30864 kB
PageTables:        56352 kB
NFS_Unstable:          0 kB
Bounce:                0 kB
WritebackTmp:          0 kB
CommitLimit:     2684136 kB
Committed_AS:   141636144 kB
VmallocTotal:   251658176 kB
VmallocUsed:      344512 kB
VmallocChunk:   247561408 kB
Time pass: 104 sec

---2015-10-26 00:17:40
MemTotal:        2746844 kB
MemFree:           70324 kB
Buffers:           86184 kB
Cached:           715992 kB
SwapCached:        27600 kB
Active:           804320 kB
Inactive:         717692 kB
Active(anon):     348540 kB
Inactive(anon):   391088 kB
Active(file):     455780 kB
Inactive(file):   326604 kB
Unevictable:       27524 kB
Mlocked:           19552 kB
SwapTotal:       1310716 kB
SwapFree:        1013040 kB
Dirty:                48 kB
Writeback:             0 kB
AnonPages:        741060 kB
Mapped:           331276 kB
Shmem:               932 kB
Slab:             121836 kB
SReclaimable:      33032 kB
SUnreclaim:        88804 kB
KernelStack:       30864 kB
PageTables:        56404 kB
NFS_Unstable:          0 kB
Bounce:                0 kB
WritebackTmp:          0 kB
CommitLimit:     2684136 kB
Committed_AS:   141636120 kB
VmallocTotal:   251658176 kB
VmallocUsed:      344512 kB
VmallocChunk:   247561408 kB
Time pass: 107 sec

---2015-10-26 00:17:40
MemTotal:        2746844 kB
MemFree:           68292 kB
Buffers:           86192 kB
Cached:           704908 kB
SwapCached:        27588 kB
Active:           793320 kB
Inactive:         719056 kB
Active(anon):     351524 kB
Inactive(anon):   389940 kB
Active(file):     441796 kB
Inactive(file):   329116 kB
Unevictable:       27524 kB
Mlocked:           19552 kB
SwapTotal:       1310716 kB
SwapFree:        1011036 kB
Dirty:               460 kB
Writeback:             0 kB
AnonPages:        742208 kB
Mapped:           331408 kB
Shmem:               932 kB
Slab:             121836 kB
SReclaimable:      33032 kB
SUnreclaim:        88804 kB
KernelStack:       30912 kB
PageTables:        56380 kB
NFS_Unstable:          0 kB
Bounce:                0 kB
WritebackTmp:          0 kB
CommitLimit:     2684136 kB
Committed_AS:   141636248 kB
VmallocTotal:   251658176 kB
VmallocUsed:      344556 kB
VmallocChunk:   247561408 kB
Time pass: 111 sec

---2015-10-26 00:17:40
MemTotal:        2746844 kB
MemFree:           68896 kB
Buffers:           86192 kB
Cached:           704448 kB
SwapCached:        27588 kB
Active:           793000 kB
Inactive:         719060 kB
Active(anon):     351560 kB
Inactive(anon):   389932 kB
Active(file):     441440 kB
Inactive(file):   329128 kB
Unevictable:       27524 kB
Mlocked:           19552 kB
SwapTotal:       1310716 kB
SwapFree:        1011036 kB
Dirty:                 0 kB
Writeback:             0 kB
AnonPages:        741952 kB
Mapped:           331420 kB
Shmem:               932 kB
Slab:             121860 kB
SReclaimable:      33032 kB
SUnreclaim:        88828 kB
KernelStack:       30896 kB
PageTables:        56348 kB
NFS_Unstable:          0 kB
Bounce:                0 kB
WritebackTmp:          0 kB
CommitLimit:     2684136 kB
Committed_AS:   141636256 kB
VmallocTotal:   251658176 kB
VmallocUsed:      344556 kB
VmallocChunk:   247561408 kB
Time pass: 115 sec

---2015-10-26 00:17:40
MemTotal:        2746844 kB
MemFree:           68892 kB
Buffers:           86196 kB
Cached:           704068 kB
SwapCached:        27588 kB
Active:           792384 kB
Inactive:         718204 kB
Active(anon):     351148 kB
Inactive(anon):   389300 kB
Active(file):     441236 kB
Inactive(file):   328904 kB
Unevictable:       27524 kB
Mlocked:           19552 kB
SwapTotal:       1310716 kB
SwapFree:        1011036 kB
Dirty:               128 kB
Writeback:             0 kB
AnonPages:        742048 kB
Mapped:           331492 kB
Shmem:               932 kB
Slab:             121888 kB
SReclaimable:      33032 kB
SUnreclaim:        88856 kB
KernelStack:       30896 kB
PageTables:        56396 kB
NFS_Unstable:          0 kB
Bounce:                0 kB
WritebackTmp:          0 kB
CommitLimit:     2684136 kB
Committed_AS:   141636256 kB
VmallocTotal:   251658176 kB
VmallocUsed:      344556 kB
VmallocChunk:   247561408 kB
Time pass: 118 sec

---2015-10-26 00:17:40
MemTotal:        2746844 kB
MemFree:           73596 kB
Buffers:           86112 kB
Cached:           685680 kB
SwapCached:        27568 kB
Active:           765504 kB
Inactive:         724364 kB
Active(anon):     348844 kB
Inactive(anon):   389672 kB
Active(file):     416660 kB
Inactive(file):   334692 kB
Unevictable:       27524 kB
Mlocked:           19552 kB
SwapTotal:       1310716 kB
SwapFree:        1006468 kB
Dirty:               488 kB
Writeback:             0 kB
AnonPages:        739680 kB
Mapped:           332132 kB
Shmem:               932 kB
Slab:             121908 kB
SReclaimable:      33032 kB
SUnreclaim:        88876 kB
KernelStack:       30880 kB
PageTables:        56396 kB
NFS_Unstable:          0 kB
Bounce:                0 kB
WritebackTmp:          0 kB
CommitLimit:     2684136 kB
Committed_AS:   141636396 kB
VmallocTotal:   251658176 kB
VmallocUsed:      344616 kB
VmallocChunk:   247561408 kB
Time pass: 122 sec

---2015-10-26 00:17:40
MemTotal:        2746844 kB
MemFree:           72540 kB
Buffers:           86116 kB
Cached:           685680 kB
SwapCached:        27568 kB
Active:           765668 kB
Inactive:         724356 kB
Active(anon):     349008 kB
Inactive(anon):   389664 kB
Active(file):     416660 kB
Inactive(file):   334692 kB
Unevictable:       27524 kB
Mlocked:           19552 kB
SwapTotal:       1310716 kB
SwapFree:        1006468 kB
Dirty:                20 kB
Writeback:             0 kB
AnonPages:        739556 kB
Mapped:           332220 kB
Shmem:               932 kB
Slab:             121928 kB
SReclaimable:      33032 kB
SUnreclaim:        88896 kB
KernelStack:       30880 kB
PageTables:        56396 kB
NFS_Unstable:          0 kB
Bounce:                0 kB
WritebackTmp:          0 kB
CommitLimit:     2684136 kB
Committed_AS:   141636504 kB
VmallocTotal:   251658176 kB
VmallocUsed:      344616 kB
VmallocChunk:   247561408 kB
Time pass: 125 sec

---2015-10-26 00:17:40
MemTotal:        2746844 kB
MemFree:           72632 kB
Buffers:           86116 kB
Cached:           685296 kB
SwapCached:        27568 kB
Active:           765696 kB
Inactive:         724244 kB
Active(anon):     349068 kB
Inactive(anon):   389380 kB
Active(file):     416628 kB
Inactive(file):   334864 kB
Unevictable:       27524 kB
Mlocked:           19552 kB
SwapTotal:       1310716 kB
SwapFree:        1006468 kB
Dirty:                72 kB
Writeback:             0 kB
AnonPages:        739764 kB
Mapped:           332520 kB
Shmem:               932 kB
Slab:             121988 kB
SReclaimable:      33032 kB
SUnreclaim:        88956 kB
KernelStack:       30880 kB
PageTables:        56416 kB
NFS_Unstable:          0 kB
Bounce:                0 kB
WritebackTmp:          0 kB
CommitLimit:     2684136 kB
Committed_AS:   141636560 kB
VmallocTotal:   251658176 kB
VmallocUsed:      344616 kB
VmallocChunk:   247561408 kB
Time pass: 129 sec

---2015-10-26 00:17:40
MemTotal:        2746844 kB
MemFree:           72176 kB
Buffers:           86116 kB
Cached:           685296 kB
SwapCached:        27568 kB
Active:           765808 kB
Inactive:         724228 kB
Active(anon):     349180 kB
Inactive(anon):   389364 kB
Active(file):     416628 kB
Inactive(file):   334864 kB
Unevictable:       27524 kB
Mlocked:           19552 kB
SwapTotal:       1310716 kB
SwapFree:        1006468 kB
Dirty:                48 kB
Writeback:             0 kB
AnonPages:        739644 kB
Mapped:           332520 kB
Shmem:               932 kB
Slab:             121948 kB
SReclaimable:      33032 kB
SUnreclaim:        88916 kB
KernelStack:       30880 kB
PageTables:        56412 kB
NFS_Unstable:          0 kB
Bounce:                0 kB
WritebackTmp:          0 kB
CommitLimit:     2684136 kB
Committed_AS:   141636464 kB
VmallocTotal:   251658176 kB
VmallocUsed:      344616 kB
VmallocChunk:   247561408 kB
Time pass: 132 sec

---2015-10-26 00:17:40
MemTotal:        2746844 kB
MemFree:           72928 kB
Buffers:           86120 kB
Cached:           685352 kB
SwapCached:        27568 kB
Active:           765980 kB
Inactive:         724212 kB
Active(anon):     349332 kB
Inactive(anon):   389316 kB
Active(file):     416648 kB
Inactive(file):   334896 kB
Unevictable:       27524 kB
Mlocked:           19552 kB
SwapTotal:       1310716 kB
SwapFree:        1006468 kB
Dirty:               100 kB
Writeback:             0 kB
AnonPages:        739820 kB
Mapped:           332472 kB
Shmem:               932 kB
Slab:             121932 kB
SReclaimable:      33032 kB
SUnreclaim:        88900 kB
KernelStack:       30896 kB
PageTables:        56376 kB
NFS_Unstable:          0 kB
Bounce:                0 kB
WritebackTmp:          0 kB
CommitLimit:     2684136 kB
Committed_AS:   141636512 kB
VmallocTotal:   251658176 kB
VmallocUsed:      344616 kB
VmallocChunk:   247561408 kB
Time pass: 136 sec

---2015-10-26 00:17:40
MemTotal:        2746844 kB
MemFree:           72364 kB
Buffers:           86120 kB
Cached:           685296 kB
SwapCached:        27568 kB
Active:           766040 kB
Inactive:         724168 kB
Active(anon):     349400 kB
Inactive(anon):   389312 kB
Active(file):     416640 kB
Inactive(file):   334856 kB
Unevictable:       27524 kB
Mlocked:           19552 kB
SwapTotal:       1310716 kB
SwapFree:        1006468 kB
Dirty:                40 kB
Writeback:             0 kB
AnonPages:        740008 kB
Mapped:           332524 kB
Shmem:               932 kB
Slab:             121948 kB
SReclaimable:      33032 kB
SUnreclaim:        88916 kB
KernelStack:       30880 kB
PageTables:        56404 kB
NFS_Unstable:          0 kB
Bounce:                0 kB
WritebackTmp:          0 kB
CommitLimit:     2684136 kB
Committed_AS:   141636472 kB
VmallocTotal:   251658176 kB
VmallocUsed:      344616 kB
VmallocChunk:   247561408 kB
Time pass: 140 sec

---2015-10-26 00:17:40
MemTotal:        2746844 kB
MemFree:           71712 kB
Buffers:           86120 kB
Cached:           685296 kB
SwapCached:        27568 kB
Active:           766600 kB
Inactive:         724168 kB
Active(anon):     349960 kB
Inactive(anon):   389312 kB
Active(file):     416640 kB
Inactive(file):   334856 kB
Unevictable:       27524 kB
Mlocked:           19552 kB
SwapTotal:       1310716 kB
SwapFree:        1006468 kB
Dirty:                36 kB
Writeback:             0 kB
AnonPages:        740192 kB
Mapped:           332608 kB
Shmem:               932 kB
Slab:             121952 kB
SReclaimable:      33032 kB
SUnreclaim:        88920 kB
KernelStack:       30880 kB
PageTables:        56432 kB
NFS_Unstable:          0 kB
Bounce:                0 kB
WritebackTmp:          0 kB
CommitLimit:     2684136 kB
Committed_AS:   141636472 kB
VmallocTotal:   251658176 kB
VmallocUsed:      344616 kB
VmallocChunk:   247561408 kB
Time pass: 143 sec

---2015-10-26 00:17:40
MemTotal:        2746844 kB
MemFree:           66144 kB
Buffers:           85636 kB
Cached:           672560 kB
SwapCached:        27404 kB
Active:           763152 kB
Inactive:         721400 kB
Active(anon):     357800 kB
Inactive(anon):   389356 kB
Active(file):     405352 kB
Inactive(file):   332044 kB
Unevictable:       27524 kB
Mlocked:           19552 kB
SwapTotal:       1310716 kB
SwapFree:        1005824 kB
Dirty:                 8 kB
Writeback:             0 kB
AnonPages:        749692 kB
Mapped:           332528 kB
Shmem:               932 kB
Slab:             122008 kB
SReclaimable:      33032 kB
SUnreclaim:        88976 kB
KernelStack:       30960 kB
PageTables:        56236 kB
NFS_Unstable:          0 kB
Bounce:                0 kB
WritebackTmp:          0 kB
CommitLimit:     2684136 kB
Committed_AS:   141646540 kB
VmallocTotal:   251658176 kB
VmallocUsed:      340360 kB
VmallocChunk:   247561408 kB
Time pass: 147 sec

---2015-10-26 00:17:40
MemTotal:        2746844 kB
MemFree:          335484 kB
Buffers:           85220 kB
Cached:           664484 kB
SwapCached:        27404 kB
Active:           704408 kB
Inactive:         724232 kB
Active(anon):     308092 kB
Inactive(anon):   390888 kB
Active(file):     396316 kB
Inactive(file):   333344 kB
Unevictable:       27524 kB
Mlocked:           19552 kB
SwapTotal:       1310716 kB
SwapFree:        1005468 kB
Dirty:                56 kB
Writeback:             0 kB
AnonPages:        700284 kB
Mapped:           295904 kB
Shmem:              1056 kB
Slab:             122032 kB
SReclaimable:      33032 kB
SUnreclaim:        89000 kB
KernelStack:       29920 kB
PageTables:        54704 kB
NFS_Unstable:          0 kB
Bounce:                0 kB
WritebackTmp:          0 kB
CommitLimit:     2684136 kB
Committed_AS:   138501800 kB
VmallocTotal:   251658176 kB
VmallocUsed:      339728 kB
VmallocChunk:   247561408 kB
Time pass: 150 sec

---2015-10-26 00:17:40
MemTotal:        2746844 kB
MemFree:          320300 kB
Buffers:           85220 kB
Cached:           664564 kB
SwapCached:        27404 kB
Active:           718904 kB
Inactive:         724300 kB
Active(anon):     322580 kB
Inactive(anon):   390884 kB
Active(file):     396324 kB
Inactive(file):   333416 kB
Unevictable:       27524 kB
Mlocked:           19552 kB
SwapTotal:       1310716 kB
SwapFree:        1005468 kB
Dirty:               192 kB
Writeback:             0 kB
AnonPages:        715344 kB
Mapped:           298544 kB
Shmem:              1056 kB
Slab:             122000 kB
SReclaimable:      33032 kB
SUnreclaim:        88968 kB
KernelStack:       29744 kB
PageTables:        55892 kB
NFS_Unstable:          0 kB
Bounce:                0 kB
WritebackTmp:          0 kB
CommitLimit:     2684136 kB
Committed_AS:   149830216 kB
VmallocTotal:   251658176 kB
VmallocUsed:      342788 kB
VmallocChunk:   247561408 kB
Time pass: 154 sec

---2015-10-26 00:17:40
MemTotal:        2746844 kB
MemFree:          332648 kB
Buffers:           85220 kB
Cached:           664564 kB
SwapCached:        27404 kB
Active:           707780 kB
Inactive:         724296 kB
Active(anon):     311452 kB
Inactive(anon):   390884 kB
Active(file):     396328 kB
Inactive(file):   333412 kB
Unevictable:       27524 kB
Mlocked:           19552 kB
SwapTotal:       1310716 kB
SwapFree:        1005468 kB
Dirty:                76 kB
Writeback:             0 kB
AnonPages:        703960 kB
Mapped:           296824 kB
Shmem:              1056 kB
Slab:             121996 kB
SReclaimable:      33032 kB
SUnreclaim:        88964 kB
KernelStack:       29936 kB
PageTables:        55132 kB
NFS_Unstable:          0 kB
Bounce:                0 kB
WritebackTmp:          0 kB
CommitLimit:     2684136 kB
Committed_AS:   143720404 kB
VmallocTotal:   251658176 kB
VmallocUsed:      339728 kB
VmallocChunk:   247561408 kB
Time pass: 157 sec

---2015-10-26 00:17:40
MemTotal:        2746844 kB
MemFree:          338084 kB
Buffers:           85220 kB
Cached:           664564 kB
SwapCached:        27404 kB
Active:           702340 kB
Inactive:         724296 kB
Active(anon):     306012 kB
Inactive(anon):   390884 kB
Active(file):     396328 kB
Inactive(file):   333412 kB
Unevictable:       27524 kB
Mlocked:           19552 kB
SwapTotal:       1310716 kB
SwapFree:        1005468 kB
Dirty:                76 kB
Writeback:             0 kB
AnonPages:        698180 kB
Mapped:           295824 kB
Shmem:              1056 kB
Slab:             121992 kB
SReclaimable:      33032 kB
SUnreclaim:        88960 kB
KernelStack:       29728 kB
PageTables:        54860 kB
NFS_Unstable:          0 kB
Bounce:                0 kB
WritebackTmp:          0 kB
CommitLimit:     2684136 kB
Committed_AS:   138501576 kB
VmallocTotal:   251658176 kB
VmallocUsed:      339728 kB
VmallocChunk:   247561408 kB
Time pass: 161 sec

---2015-10-26 00:17:40
MemTotal:        2746844 kB
MemFree:          337344 kB
Buffers:           85224 kB
Cached:           664564 kB
SwapCached:        27404 kB
Active:           702236 kB
Inactive:         724296 kB
Active(anon):     305904 kB
Inactive(anon):   390884 kB
Active(file):     396332 kB
Inactive(file):   333412 kB
Unevictable:       27524 kB
Mlocked:           19552 kB
SwapTotal:       1310716 kB
SwapFree:        1005468 kB
Dirty:                28 kB
Writeback:             0 kB
AnonPages:        698128 kB
Mapped:           295944 kB
Shmem:              1056 kB
Slab:             121992 kB
SReclaimable:      33032 kB
SUnreclaim:        88960 kB
KernelStack:       29680 kB
PageTables:        54744 kB
NFS_Unstable:          0 kB
Bounce:                0 kB
WritebackTmp:          0 kB
CommitLimit:     2684136 kB
Committed_AS:   138501488 kB
VmallocTotal:   251658176 kB
VmallocUsed:      339728 kB
VmallocChunk:   247561408 kB
Time pass: 165 sec

---2015-10-26 00:17:40
MemTotal:        2746844 kB
MemFree:          337200 kB
Buffers:           85224 kB
Cached:           664564 kB
SwapCached:        27404 kB
Active:           702664 kB
Inactive:         724296 kB
Active(anon):     306332 kB
Inactive(anon):   390884 kB
Active(file):     396332 kB
Inactive(file):   333412 kB
Unevictable:       27524 kB
Mlocked:           19552 kB
SwapTotal:       1310716 kB
SwapFree:        1005468 kB
Dirty:                 0 kB
Writeback:             0 kB
AnonPages:        698388 kB
Mapped:           296028 kB
Shmem:              1056 kB
Slab:             121992 kB
SReclaimable:      33032 kB
SUnreclaim:        88960 kB
KernelStack:       29648 kB
PageTables:        54772 kB
NFS_Unstable:          0 kB
Bounce:                0 kB
WritebackTmp:          0 kB
CommitLimit:     2684136 kB
Committed_AS:   138501520 kB
VmallocTotal:   251658176 kB
VmallocUsed:      339728 kB
VmallocChunk:   247561408 kB
Time pass: 168 sec

---2015-10-26 00:17:40
MemTotal:        2746844 kB
MemFree:          335132 kB
Buffers:           85224 kB
Cached:           664564 kB
SwapCached:        27404 kB
Active:           704272 kB
Inactive:         724296 kB
Active(anon):     307940 kB
Inactive(anon):   390884 kB
Active(file):     396332 kB
Inactive(file):   333412 kB
Unevictable:       27524 kB
Mlocked:           19552 kB
SwapTotal:       1310716 kB
SwapFree:        1005468 kB
Dirty:                 0 kB
Writeback:             0 kB
AnonPages:        699924 kB
Mapped:           296028 kB
Shmem:              1056 kB
Slab:             121992 kB
SReclaimable:      33032 kB
SUnreclaim:        88960 kB
KernelStack:       29648 kB
PageTables:        54780 kB
NFS_Unstable:          0 kB
Bounce:                0 kB
WritebackTmp:          0 kB
CommitLimit:     2684136 kB
Committed_AS:   138501500 kB
VmallocTotal:   251658176 kB
VmallocUsed:      339728 kB
VmallocChunk:   247561408 kB
Time pass: 172 sec

---2015-10-26 00:17:40
MemTotal:        2746844 kB
MemFree:          211516 kB
Buffers:           85232 kB
Cached:           667176 kB
SwapCached:        27528 kB
Active:           739688 kB
Inactive:         726692 kB
Active(anon):     343168 kB
Inactive(anon):   390716 kB
Active(file):     396520 kB
Inactive(file):   335976 kB
Unevictable:       27524 kB
Mlocked:           19552 kB
SwapTotal:       1310716 kB
SwapFree:        1005484 kB
Dirty:               880 kB
Writeback:             0 kB
AnonPages:        735168 kB
Mapped:           327264 kB
Shmem:               928 kB
Slab:             121980 kB
SReclaimable:      33032 kB
SUnreclaim:        88948 kB
KernelStack:       30832 kB
PageTables:        55652 kB
NFS_Unstable:          0 kB
Bounce:                0 kB
WritebackTmp:          0 kB
CommitLimit:     2684136 kB
Committed_AS:   139828264 kB
VmallocTotal:   251658176 kB
VmallocUsed:      337504 kB
VmallocChunk:   247561408 kB
Time pass: 175 sec

---2015-10-26 00:17:40
MemTotal:        2746844 kB
MemFree:          204844 kB
Buffers:           85236 kB
Cached:           667224 kB
SwapCached:        27528 kB
Active:           719472 kB
Inactive:         726696 kB
Active(anon):     322932 kB
Inactive(anon):   390696 kB
Active(file):     396540 kB
Inactive(file):   336000 kB
Unevictable:       27524 kB
Mlocked:           19552 kB
SwapTotal:       1310716 kB
SwapFree:        1005484 kB
Dirty:                 8 kB
Writeback:             0 kB
AnonPages:        714908 kB
Mapped:           327564 kB
Shmem:               932 kB
Slab:             121980 kB
SReclaimable:      33032 kB
SUnreclaim:        88948 kB
KernelStack:       30832 kB
PageTables:        55736 kB
NFS_Unstable:          0 kB
Bounce:                0 kB
WritebackTmp:          0 kB
CommitLimit:     2684136 kB
Committed_AS:   139829620 kB
VmallocTotal:   251658176 kB
VmallocUsed:      337584 kB
VmallocChunk:   247561408 kB
Time pass: 179 sec

---2015-10-26 00:17:40
MemTotal:        2746844 kB
MemFree:          139960 kB
Buffers:           85240 kB
Cached:           667416 kB
SwapCached:        27528 kB
Active:           730108 kB
Inactive:         726880 kB
Active(anon):     333564 kB
Inactive(anon):   390692 kB
Active(file):     396544 kB
Inactive(file):   336188 kB
Unevictable:       27524 kB
Mlocked:           19552 kB
SwapTotal:       1310716 kB
SwapFree:        1005484 kB
Dirty:              1560 kB
Writeback:             0 kB
AnonPages:        725892 kB
Mapped:           332228 kB
Shmem:               932 kB
Slab:             121980 kB
SReclaimable:      33032 kB
SUnreclaim:        88948 kB
KernelStack:       31040 kB
PageTables:        55836 kB
NFS_Unstable:          0 kB
Bounce:                0 kB
WritebackTmp:          0 kB
CommitLimit:     2684136 kB
Committed_AS:   139838644 kB
VmallocTotal:   251658176 kB
VmallocUsed:      338560 kB
VmallocChunk:   247561408 kB
Time pass: 183 sec

---2015-10-26 00:17:40
MemTotal:        2746844 kB
MemFree:          139672 kB
Buffers:           85240 kB
Cached:           667420 kB
SwapCached:        27528 kB
Active:           730456 kB
Inactive:         726884 kB
Active(anon):     333912 kB
Inactive(anon):   390688 kB
Active(file):     396544 kB
Inactive(file):   336196 kB
Unevictable:       27524 kB
Mlocked:           19552 kB
SwapTotal:       1310716 kB
SwapFree:        1005484 kB
Dirty:               124 kB
Writeback:             0 kB
AnonPages:        725920 kB
Mapped:           332228 kB
Shmem:               932 kB
Slab:             121988 kB
SReclaimable:      33032 kB
SUnreclaim:        88956 kB
KernelStack:       31040 kB
PageTables:        55748 kB
NFS_Unstable:          0 kB
Bounce:                0 kB
WritebackTmp:          0 kB
CommitLimit:     2684136 kB
Committed_AS:   139838804 kB
VmallocTotal:   251658176 kB
VmallocUsed:      338560 kB
VmallocChunk:   247561408 kB
Time pass: 186 sec

---2015-10-26 00:17:40
MemTotal:        2746844 kB
MemFree:          132456 kB
Buffers:           85248 kB
Cached:           667420 kB
SwapCached:        27528 kB
Active:           734232 kB
Inactive:         726836 kB
Active(anon):     337692 kB
Inactive(anon):   390680 kB
Active(file):     396540 kB
Inactive(file):   336156 kB
Unevictable:       27524 kB
Mlocked:           19552 kB
SwapTotal:       1310716 kB
SwapFree:        1005484 kB
Dirty:               384 kB
Writeback:             0 kB
AnonPages:        729404 kB
Mapped:           332288 kB
Shmem:               932 kB
Slab:             121988 kB
SReclaimable:      33032 kB
SUnreclaim:        88956 kB
KernelStack:       31040 kB
PageTables:        55764 kB
NFS_Unstable:          0 kB
Bounce:                0 kB
WritebackTmp:          0 kB
CommitLimit:     2684136 kB
Committed_AS:   139838868 kB
VmallocTotal:   251658176 kB
VmallocUsed:      338572 kB
VmallocChunk:   247561408 kB
Time pass: 190 sec

---2015-10-26 00:17:40
MemTotal:        2746844 kB
MemFree:          130784 kB
Buffers:           85248 kB
Cached:           667556 kB
SwapCached:        27528 kB
Active:           734448 kB
Inactive:         726976 kB
Active(anon):     337884 kB
Inactive(anon):   390680 kB
Active(file):     396564 kB
Inactive(file):   336296 kB
Unevictable:       27524 kB
Mlocked:           19552 kB
SwapTotal:       1310716 kB
SwapFree:        1005484 kB
Dirty:               368 kB
Writeback:             0 kB
AnonPages:        729620 kB
Mapped:           332372 kB
Shmem:               932 kB
Slab:             121988 kB
SReclaimable:      33032 kB
SUnreclaim:        88956 kB
KernelStack:       31040 kB
PageTables:        55788 kB
NFS_Unstable:          0 kB
Bounce:                0 kB
WritebackTmp:          0 kB
CommitLimit:     2684136 kB
Committed_AS:   139838956 kB
VmallocTotal:   251658176 kB
VmallocUsed:      338572 kB
VmallocChunk:   247561408 kB
Time pass: 193 sec

---2015-10-26 00:17:40
MemTotal:        2746844 kB
MemFree:          107552 kB
Buffers:           85256 kB
Cached:           667568 kB
SwapCached:        27528 kB
Active:           739912 kB
Inactive:         726968 kB
Active(anon):     343300 kB
Inactive(anon):   390680 kB
Active(file):     396612 kB
Inactive(file):   336288 kB
Unevictable:       27524 kB
Mlocked:           19552 kB
SwapTotal:       1310716 kB
SwapFree:        1005484 kB
Dirty:               516 kB
Writeback:             0 kB
AnonPages:        735648 kB
Mapped:           332304 kB
Shmem:               936 kB
Slab:             121980 kB
SReclaimable:      33032 kB
SUnreclaim:        88948 kB
KernelStack:       31040 kB
PageTables:        55772 kB
NFS_Unstable:          0 kB
Bounce:                0 kB
WritebackTmp:          0 kB
CommitLimit:     2684136 kB
Committed_AS:   139847468 kB
VmallocTotal:   251658176 kB
VmallocUsed:      338620 kB
VmallocChunk:   247561408 kB
Time pass: 197 sec

---2015-10-26 00:17:40
MemTotal:        2746844 kB
MemFree:          102772 kB
Buffers:           85256 kB
Cached:           667568 kB
SwapCached:        27528 kB
Active:           744148 kB
Inactive:         726956 kB
Active(anon):     347532 kB
Inactive(anon):   390668 kB
Active(file):     396616 kB
Inactive(file):   336288 kB
Unevictable:       27524 kB
Mlocked:           19552 kB
SwapTotal:       1310716 kB
SwapFree:        1005484 kB
Dirty:                 8 kB
Writeback:             0 kB
AnonPages:        739528 kB
Mapped:           334072 kB
Shmem:               932 kB
Slab:             121988 kB
SReclaimable:      33032 kB
SUnreclaim:        88956 kB
KernelStack:       31104 kB
PageTables:        55792 kB
NFS_Unstable:          0 kB
Bounce:                0 kB
WritebackTmp:          0 kB
CommitLimit:     2684136 kB
Committed_AS:   139847512 kB
VmallocTotal:   251658176 kB
VmallocUsed:      338620 kB
VmallocChunk:   247561408 kB
Time pass: 201 sec

---2015-10-26 00:17:40
MemTotal:        2746844 kB
MemFree:           93884 kB
Buffers:           85264 kB
Cached:           667796 kB
SwapCached:        27536 kB
Active:           752388 kB
Inactive:         727176 kB
Active(anon):     355760 kB
Inactive(anon):   390888 kB
Active(file):     396628 kB
Inactive(file):   336288 kB
Unevictable:       27524 kB
Mlocked:           19552 kB
SwapTotal:       1310716 kB
SwapFree:        1005484 kB
Dirty:               108 kB
Writeback:             0 kB
AnonPages:        747788 kB
Mapped:           335820 kB
Shmem:              1152 kB
Slab:             121988 kB
SReclaimable:      33032 kB
SUnreclaim:        88956 kB
KernelStack:       31520 kB
PageTables:        55924 kB
NFS_Unstable:          0 kB
Bounce:                0 kB
WritebackTmp:          0 kB
CommitLimit:     2684136 kB
Committed_AS:   139863584 kB
VmallocTotal:   251658176 kB
VmallocUsed:      340700 kB
VmallocChunk:   247561408 kB
Time pass: 205 sec

---2015-10-26 00:17:40
MemTotal:        2746844 kB
MemFree:           76144 kB
Buffers:           85544 kB
Cached:           667808 kB
SwapCached:        27536 kB
Active:           766848 kB
Inactive:         727428 kB
Active(anon):     370208 kB
Inactive(anon):   390868 kB
Active(file):     396640 kB
Inactive(file):   336560 kB
Unevictable:       27524 kB
Mlocked:           19552 kB
SwapTotal:       1310716 kB
SwapFree:        1005484 kB
Dirty:               140 kB
Writeback:             0 kB
AnonPages:        762448 kB
Mapped:           343328 kB
Shmem:              1164 kB
Slab:             122072 kB
SReclaimable:      33032 kB
SUnreclaim:        89040 kB
KernelStack:       32256 kB
PageTables:        56548 kB
NFS_Unstable:          0 kB
Bounce:                0 kB
WritebackTmp:          0 kB
CommitLimit:     2684136 kB
Committed_AS:   141126268 kB
VmallocTotal:   251658176 kB
VmallocUsed:      341720 kB
VmallocChunk:   247561408 kB
Time pass: 209 sec

---2015-10-26 00:17:40
MemTotal:        2746844 kB
MemFree:           75036 kB
Buffers:           85548 kB
Cached:           667816 kB
SwapCached:        27536 kB
Active:           767996 kB
Inactive:         727432 kB
Active(anon):     371348 kB
Inactive(anon):   390876 kB
Active(file):     396648 kB
Inactive(file):   336556 kB
Unevictable:       27524 kB
Mlocked:           19552 kB
SwapTotal:       1310716 kB
SwapFree:        1005484 kB
Dirty:                64 kB
Writeback:             0 kB
AnonPages:        763372 kB
Mapped:           343952 kB
Shmem:              1172 kB
Slab:             122084 kB
SReclaimable:      33032 kB
SUnreclaim:        89052 kB
KernelStack:       32240 kB
PageTables:        56544 kB
NFS_Unstable:          0 kB
Bounce:                0 kB
WritebackTmp:          0 kB
CommitLimit:     2684136 kB
Committed_AS:   141126368 kB
VmallocTotal:   251658176 kB
VmallocUsed:      341720 kB
VmallocChunk:   247561408 kB
Time pass: 213 sec

---2015-10-26 00:17:40
MemTotal:        2746844 kB
MemFree:           73592 kB
Buffers:           85560 kB
Cached:           667844 kB
SwapCached:        27536 kB
Active:           769760 kB
Inactive:         727472 kB
Active(anon):     373112 kB
Inactive(anon):   390916 kB
Active(file):     396648 kB
Inactive(file):   336556 kB
Unevictable:       27524 kB
Mlocked:           19552 kB
SwapTotal:       1310716 kB
SwapFree:        1005484 kB
Dirty:                 0 kB
Writeback:             0 kB
AnonPages:        765120 kB
Mapped:           344056 kB
Shmem:              1212 kB
Slab:             122108 kB
SReclaimable:      33032 kB
SUnreclaim:        89076 kB
KernelStack:       32256 kB
PageTables:        56544 kB
NFS_Unstable:          0 kB
Bounce:                0 kB
WritebackTmp:          0 kB
CommitLimit:     2684136 kB
Committed_AS:   141126724 kB
VmallocTotal:   251658176 kB
VmallocUsed:      341720 kB
VmallocChunk:   247561408 kB
Time pass: 216 sec

---2015-10-26 00:17:40
MemTotal:        2746844 kB
MemFree:           72008 kB
Buffers:           85560 kB
Cached:           667860 kB
SwapCached:        27536 kB
Active:           770776 kB
Inactive:         727488 kB
Active(anon):     374128 kB
Inactive(anon):   390920 kB
Active(file):     396648 kB
Inactive(file):   336568 kB
Unevictable:       27524 kB
Mlocked:           19552 kB
SwapTotal:       1310716 kB
SwapFree:        1005484 kB
Dirty:                40 kB
Writeback:             0 kB
AnonPages:        766248 kB
Mapped:           344160 kB
Shmem:              1216 kB
Slab:             122148 kB
SReclaimable:      33032 kB
SUnreclaim:        89116 kB
KernelStack:       32240 kB
PageTables:        56576 kB
NFS_Unstable:          0 kB
Bounce:                0 kB
WritebackTmp:          0 kB
CommitLimit:     2684136 kB
Committed_AS:   141130904 kB
VmallocTotal:   251658176 kB
VmallocUsed:      341720 kB
VmallocChunk:   247561408 kB
Time pass: 220 sec

---2015-10-26 00:17:40
MemTotal:        2746844 kB
MemFree:           78248 kB
Buffers:           85564 kB
Cached:           667860 kB
SwapCached:        27536 kB
Active:           768976 kB
Inactive:         722108 kB
Active(anon):     366948 kB
Inactive(anon):   390916 kB
Active(file):     402028 kB
Inactive(file):   331192 kB
Unevictable:       27524 kB
Mlocked:           19552 kB
SwapTotal:       1310716 kB
SwapFree:        1005484 kB
Dirty:                60 kB
Writeback:             0 kB
AnonPages:        759152 kB
Mapped:           337044 kB
Shmem:              1216 kB
Slab:             122128 kB
SReclaimable:      33032 kB
SUnreclaim:        89096 kB
KernelStack:       31504 kB
PageTables:        55952 kB
NFS_Unstable:          0 kB
Bounce:                0 kB
WritebackTmp:          0 kB
CommitLimit:     2684136 kB
Committed_AS:   139867824 kB
VmallocTotal:   251658176 kB
VmallocUsed:      340700 kB
VmallocChunk:   247561408 kB
Time pass: 223 sec

---2015-10-26 00:17:40
MemTotal:        2746844 kB
MemFree:           65644 kB
Buffers:           85564 kB
Cached:           667888 kB
SwapCached:        27536 kB
Active:           780724 kB
Inactive:         722124 kB
Active(anon):     378696 kB
Inactive(anon):   390936 kB
Active(file):     402028 kB
Inactive(file):   331188 kB
Unevictable:       27524 kB
Mlocked:           19552 kB
SwapTotal:       1310716 kB
SwapFree:        1005484 kB
Dirty:                36 kB
Writeback:             0 kB
AnonPages:        770804 kB
Mapped:           343988 kB
Shmem:              1244 kB
Slab:             122128 kB
SReclaimable:      33032 kB
SUnreclaim:        89096 kB
KernelStack:       32064 kB
PageTables:        56548 kB
NFS_Unstable:          0 kB
Bounce:                0 kB
WritebackTmp:          0 kB
CommitLimit:     2684136 kB
Committed_AS:   141130544 kB
VmallocTotal:   251658176 kB
VmallocUsed:      341720 kB
VmallocChunk:   247561408 kB
Time pass: 227 sec

---2015-10-26 00:17:40
MemTotal:        2746844 kB
MemFree:           66256 kB
Buffers:           84360 kB
Cached:           666784 kB
SwapCached:        27536 kB
Active:           779404 kB
Inactive:         721872 kB
Active(anon):     380292 kB
Inactive(anon):   390088 kB
Active(file):     399112 kB
Inactive(file):   331784 kB
Unevictable:       27524 kB
Mlocked:           19552 kB
SwapTotal:       1310716 kB
SwapFree:        1005340 kB
Dirty:               100 kB
Writeback:             0 kB
AnonPages:        771348 kB
Mapped:           344016 kB
Shmem:              1260 kB
Slab:             122152 kB
SReclaimable:      33032 kB
SUnreclaim:        89120 kB
KernelStack:       32080 kB
PageTables:        56548 kB
NFS_Unstable:          0 kB
Bounce:                0 kB
WritebackTmp:          0 kB
CommitLimit:     2684136 kB
Committed_AS:   141130516 kB
VmallocTotal:   251658176 kB
VmallocUsed:      341720 kB
VmallocChunk:   247561408 kB
Time pass: 231 sec

---2015-10-26 00:17:40
MemTotal:        2746844 kB
MemFree:           66052 kB
Buffers:           84360 kB
Cached:           666784 kB
SwapCached:        27536 kB
Active:           780304 kB
Inactive:         721856 kB
Active(anon):     381176 kB
Inactive(anon):   390088 kB
Active(file):     399128 kB
Inactive(file):   331768 kB
Unevictable:       27524 kB
Mlocked:           19552 kB
SwapTotal:       1310716 kB
SwapFree:        1005340 kB
Dirty:                88 kB
Writeback:             0 kB
AnonPages:        772036 kB
Mapped:           344104 kB
Shmem:              1260 kB
Slab:             122212 kB
SReclaimable:      33032 kB
SUnreclaim:        89180 kB
KernelStack:       32048 kB
PageTables:        56580 kB
NFS_Unstable:          0 kB
Bounce:                0 kB
WritebackTmp:          0 kB
CommitLimit:     2684136 kB
Committed_AS:   141130552 kB
VmallocTotal:   251658176 kB
VmallocUsed:      341720 kB
VmallocChunk:   247561408 kB
Time pass: 235 sec

---2015-10-26 00:17:40
MemTotal:        2746844 kB
MemFree:           65284 kB
Buffers:           84292 kB
Cached:           660164 kB
SwapCached:        27548 kB
Active:           782560 kB
Inactive:         722868 kB
Active(anon):     390720 kB
Inactive(anon):   390484 kB
Active(file):     391840 kB
Inactive(file):   332384 kB
Unevictable:       27524 kB
Mlocked:           19552 kB
SwapTotal:       1310716 kB
SwapFree:        1005088 kB
Dirty:                 0 kB
Writeback:             0 kB
AnonPages:        782528 kB
Mapped:           345288 kB
Shmem:              1260 kB
Slab:             122472 kB
SReclaimable:      33032 kB
SUnreclaim:        89440 kB
KernelStack:       32096 kB
PageTables:        58536 kB
NFS_Unstable:          0 kB
Bounce:                0 kB
WritebackTmp:          0 kB
CommitLimit:     2684136 kB
Committed_AS:   147757096 kB
VmallocTotal:   251658176 kB
VmallocUsed:      345800 kB
VmallocChunk:   247561408 kB
Time pass: 238 sec

---2015-10-26 00:17:40
MemTotal:        2746844 kB
MemFree:           83724 kB
Buffers:           84292 kB
Cached:           657948 kB
SwapCached:        27568 kB
Active:           768144 kB
Inactive:         721060 kB
Active(anon):     376476 kB
Inactive(anon):   390732 kB
Active(file):     391668 kB
Inactive(file):   330328 kB
Unevictable:       27524 kB
Mlocked:           19552 kB
SwapTotal:       1310716 kB
SwapFree:        1004904 kB
Dirty:                76 kB
Writeback:             0 kB
AnonPages:        768500 kB
Mapped:           336340 kB
Shmem:              1268 kB
Slab:             122824 kB
SReclaimable:      33032 kB
SUnreclaim:        89792 kB
KernelStack:       31520 kB
PageTables:        56380 kB
NFS_Unstable:          0 kB
Bounce:                0 kB
WritebackTmp:          0 kB
CommitLimit:     2684136 kB
Committed_AS:   141100036 kB
VmallocTotal:   251658176 kB
VmallocUsed:      341720 kB
VmallocChunk:   247561408 kB
Time pass: 243 sec

---2015-10-26 00:17:40
MemTotal:        2746844 kB
MemFree:           74444 kB
Buffers:           84296 kB
Cached:           658036 kB
SwapCached:        27572 kB
Active:           777236 kB
Inactive:         721092 kB
Active(anon):     385524 kB
Inactive(anon):   390804 kB
Active(file):     391712 kB
Inactive(file):   330288 kB
Unevictable:       27524 kB
Mlocked:           19552 kB
SwapTotal:       1310716 kB
SwapFree:        1004904 kB
Dirty:                76 kB
Writeback:             0 kB
AnonPages:        777712 kB
Mapped:           343476 kB
Shmem:              1344 kB
Slab:             122808 kB
SReclaimable:      33032 kB
SUnreclaim:        89776 kB
KernelStack:       32208 kB
PageTables:        57080 kB
NFS_Unstable:          0 kB
Bounce:                0 kB
WritebackTmp:          0 kB
CommitLimit:     2684136 kB
Committed_AS:   142363540 kB
VmallocTotal:   251658176 kB
VmallocUsed:      342740 kB
VmallocChunk:   247561408 kB
Time pass: 246 sec

---2015-10-26 00:17:40
MemTotal:        2746844 kB
MemFree:           73272 kB
Buffers:           84296 kB
Cached:           658044 kB
SwapCached:        27572 kB
Active:           778356 kB
Inactive:         721088 kB
Active(anon):     386644 kB
Inactive(anon):   390800 kB
Active(file):     391712 kB
Inactive(file):   330288 kB
Unevictable:       27524 kB
Mlocked:           19552 kB
SwapTotal:       1310716 kB
SwapFree:        1004904 kB
Dirty:                 0 kB
Writeback:             0 kB
AnonPages:        778284 kB
Mapped:           343440 kB
Shmem:              1352 kB
Slab:             122816 kB
SReclaimable:      33032 kB
SUnreclaim:        89784 kB
KernelStack:       32256 kB
PageTables:        57148 kB
NFS_Unstable:          0 kB
Bounce:                0 kB
WritebackTmp:          0 kB
CommitLimit:     2684136 kB
Committed_AS:   142367752 kB
VmallocTotal:   251658176 kB
VmallocUsed:      342740 kB
VmallocChunk:   247561408 kB
Time pass: 250 sec

---2015-10-26 00:17:40
MemTotal:        2746844 kB
MemFree:           71812 kB
Buffers:           84300 kB
Cached:           658044 kB
SwapCached:        27572 kB
Active:           779424 kB
Inactive:         721096 kB
Active(anon):     387708 kB
Inactive(anon):   390808 kB
Active(file):     391716 kB
Inactive(file):   330288 kB
Unevictable:       27524 kB
Mlocked:           19552 kB
SwapTotal:       1310716 kB
SwapFree:        1004904 kB
Dirty:                 0 kB
Writeback:            36 kB
AnonPages:        779084 kB
Mapped:           343528 kB
Shmem:              1352 kB
Slab:             122816 kB
SReclaimable:      33032 kB
SUnreclaim:        89784 kB
KernelStack:       32256 kB
PageTables:        57180 kB
NFS_Unstable:          0 kB
Bounce:                0 kB
WritebackTmp:          0 kB
CommitLimit:     2684136 kB
Committed_AS:   142367792 kB
VmallocTotal:   251658176 kB
VmallocUsed:      342740 kB
VmallocChunk:   247561408 kB
Time pass: 254 sec

---2015-10-26 00:17:40
MemTotal:        2746844 kB
MemFree:           70208 kB
Buffers:           84304 kB
Cached:           658044 kB
SwapCached:        27572 kB
Active:           780628 kB
Inactive:         721088 kB
Active(anon):     388904 kB
Inactive(anon):   390800 kB
Active(file):     391724 kB
Inactive(file):   330288 kB
Unevictable:       27524 kB
Mlocked:           19552 kB
SwapTotal:       1310716 kB
SwapFree:        1004904 kB
Dirty:                64 kB
Writeback:             0 kB
AnonPages:        780728 kB
Mapped:           343424 kB
Shmem:              1352 kB
Slab:             122816 kB
SReclaimable:      33032 kB
SUnreclaim:        89784 kB
KernelStack:       32256 kB
PageTables:        57120 kB
NFS_Unstable:          0 kB
Bounce:                0 kB
WritebackTmp:          0 kB
CommitLimit:     2684136 kB
Committed_AS:   142368248 kB
VmallocTotal:   251658176 kB
VmallocUsed:      342740 kB
VmallocChunk:   247561408 kB
Time pass: 258 sec

---2015-10-26 00:17:40
MemTotal:        2746844 kB
MemFree:           80272 kB
Buffers:           84308 kB
Cached:           658072 kB
SwapCached:        27572 kB
Active:           771656 kB
Inactive:         721096 kB
Active(anon):     379932 kB
Inactive(anon):   390808 kB
Active(file):     391724 kB
Inactive(file):   330288 kB
Unevictable:       27524 kB
Mlocked:           19552 kB
SwapTotal:       1310716 kB
SwapFree:        1004904 kB
Dirty:                68 kB
Writeback:             0 kB
AnonPages:        771748 kB
Mapped:           336628 kB
Shmem:              1380 kB
Slab:             122816 kB
SReclaimable:      33032 kB
SUnreclaim:        89784 kB
KernelStack:       31584 kB
PageTables:        56528 kB
NFS_Unstable:          0 kB
Bounce:                0 kB
WritebackTmp:          0 kB
CommitLimit:     2684136 kB
Committed_AS:   141099256 kB
VmallocTotal:   251658176 kB
VmallocUsed:      341720 kB
VmallocChunk:   247561408 kB
Time pass: 262 sec

---2015-10-26 00:17:40
MemTotal:        2746844 kB
MemFree:           79556 kB
Buffers:           84308 kB
Cached:           658072 kB
SwapCached:        27572 kB
Active:           771676 kB
Inactive:         721056 kB
Active(anon):     379956 kB
Inactive(anon):   390760 kB
Active(file):     391720 kB
Inactive(file):   330296 kB
Unevictable:       27524 kB
Mlocked:           19552 kB
SwapTotal:       1310716 kB
SwapFree:        1004904 kB
Dirty:                36 kB
Writeback:             0 kB
AnonPages:        771540 kB
Mapped:           343620 kB
Shmem:              1380 kB
Slab:             122808 kB
SReclaimable:      33032 kB
SUnreclaim:        89776 kB
KernelStack:       32208 kB
PageTables:        57120 kB
NFS_Unstable:          0 kB
Bounce:                0 kB
WritebackTmp:          0 kB
CommitLimit:     2684136 kB
Committed_AS:   142361972 kB
VmallocTotal:   251658176 kB
VmallocUsed:      342740 kB
VmallocChunk:   247561408 kB
Time pass: 266 sec

---2015-10-26 00:17:40
MemTotal:        2746844 kB
MemFree:           82096 kB
Buffers:           84312 kB
Cached:           658072 kB
SwapCached:        27572 kB
Active:           768016 kB
Inactive:         720868 kB
Active(anon):     376288 kB
Inactive(anon):   390580 kB
Active(file):     391728 kB
Inactive(file):   330288 kB
Unevictable:       27524 kB
Mlocked:           19552 kB
SwapTotal:       1310716 kB
SwapFree:        1004904 kB
Dirty:               124 kB
Writeback:             0 kB
AnonPages:        768008 kB
Mapped:           343612 kB
Shmem:              1380 kB
Slab:             122808 kB
SReclaimable:      33032 kB
SUnreclaim:        89776 kB
KernelStack:       32224 kB
PageTables:        57120 kB
NFS_Unstable:          0 kB
Bounce:                0 kB
WritebackTmp:          0 kB
CommitLimit:     2684136 kB
Committed_AS:   142362004 kB
VmallocTotal:   251658176 kB
VmallocUsed:      342740 kB
VmallocChunk:   247561408 kB
Time pass: 270 sec

---2015-10-26 00:17:40
MemTotal:        2746844 kB
MemFree:           81920 kB
Buffers:           84312 kB
Cached:           658072 kB
SwapCached:        27572 kB
Active:           768568 kB
Inactive:         720860 kB
Active(anon):     376832 kB
Inactive(anon):   390580 kB
Active(file):     391736 kB
Inactive(file):   330280 kB
Unevictable:       27524 kB
Mlocked:           19552 kB
SwapTotal:       1310716 kB
SwapFree:        1004904 kB
Dirty:                 0 kB
Writeback:             0 kB
AnonPages:        768304 kB
Mapped:           343700 kB
Shmem:              1380 kB
Slab:             122800 kB
SReclaimable:      33032 kB
SUnreclaim:        89768 kB
KernelStack:       32240 kB
PageTables:        57156 kB
NFS_Unstable:          0 kB
Bounce:                0 kB
WritebackTmp:          0 kB
CommitLimit:     2684136 kB
Committed_AS:   142362052 kB
VmallocTotal:   251658176 kB
VmallocUsed:      342740 kB
VmallocChunk:   247561408 kB
Time pass: 273 sec

---2015-10-26 00:17:40
MemTotal:        2746844 kB
MemFree:           80832 kB
Buffers:           84312 kB
Cached:           658072 kB
SwapCached:        27572 kB
Active:           769028 kB
Inactive:         720852 kB
Active(anon):     377288 kB
Inactive(anon):   390576 kB
Active(file):     391740 kB
Inactive(file):   330276 kB
Unevictable:       27524 kB
Mlocked:           19552 kB
SwapTotal:       1310716 kB
SwapFree:        1004904 kB
Dirty:                52 kB
Writeback:             0 kB
AnonPages:        768488 kB
Mapped:           343760 kB
Shmem:              1380 kB
Slab:             122804 kB
SReclaimable:      33032 kB
SUnreclaim:        89772 kB
KernelStack:       32256 kB
PageTables:        57160 kB
NFS_Unstable:          0 kB
Bounce:                0 kB
WritebackTmp:          0 kB
CommitLimit:     2684136 kB
Committed_AS:   142362300 kB
VmallocTotal:   251658176 kB
VmallocUsed:      342740 kB
VmallocChunk:   247561408 kB
Time pass: 277 sec

---2015-10-26 00:17:40
MemTotal:        2746844 kB
MemFree:           89452 kB
Buffers:           84312 kB
Cached:           658072 kB
SwapCached:        27572 kB
Active:           761256 kB
Inactive:         720852 kB
Active(anon):     369516 kB
Inactive(anon):   390576 kB
Active(file):     391740 kB
Inactive(file):   330276 kB
Unevictable:       27524 kB
Mlocked:           19552 kB
SwapTotal:       1310716 kB
SwapFree:        1004904 kB
Dirty:                12 kB
Writeback:             0 kB
AnonPages:        760952 kB
Mapped:           336636 kB
Shmem:              1380 kB
Slab:             122792 kB
SReclaimable:      33032 kB
SUnreclaim:        89760 kB
KernelStack:       31632 kB
PageTables:        56540 kB
NFS_Unstable:          0 kB
Bounce:                0 kB
WritebackTmp:          0 kB
CommitLimit:     2684136 kB
Committed_AS:   141099420 kB
VmallocTotal:   251658176 kB
VmallocUsed:      341720 kB
VmallocChunk:   247561408 kB
Time pass: 280 sec

---2015-10-26 00:17:40
MemTotal:        2746844 kB
MemFree:           79884 kB
Buffers:           84312 kB
Cached:           658072 kB
SwapCached:        27572 kB
Active:           772056 kB
Inactive:         720836 kB
Active(anon):     380308 kB
Inactive(anon):   390568 kB
Active(file):     391748 kB
Inactive(file):   330268 kB
Unevictable:       27524 kB
Mlocked:           19552 kB
SwapTotal:       1310716 kB
SwapFree:        1004904 kB
Dirty:                16 kB
Writeback:             0 kB
AnonPages:        771808 kB
Mapped:           343376 kB
Shmem:              1380 kB
Slab:             122792 kB
SReclaimable:      33032 kB
SUnreclaim:        89760 kB
KernelStack:       32240 kB
PageTables:        57096 kB
NFS_Unstable:          0 kB
Bounce:                0 kB
WritebackTmp:          0 kB
CommitLimit:     2684136 kB
Committed_AS:   142361912 kB
VmallocTotal:   251658176 kB
VmallocUsed:      342740 kB
VmallocChunk:   247561408 kB
Time pass: 284 sec

---2015-10-26 00:17:40
MemTotal:        2746844 kB
MemFree:           78932 kB
Buffers:           84312 kB
Cached:           658072 kB
SwapCached:        27572 kB
Active:           772580 kB
Inactive:         720844 kB
Active(anon):     380840 kB
Inactive(anon):   390568 kB
Active(file):     391740 kB
Inactive(file):   330276 kB
Unevictable:       27524 kB
Mlocked:           19552 kB
SwapTotal:       1310716 kB
SwapFree:        1004904 kB
Dirty:               100 kB
Writeback:             0 kB
AnonPages:        772208 kB
Mapped:           343624 kB
Shmem:              1380 kB
Slab:             122792 kB
SReclaimable:      33032 kB
SUnreclaim:        89760 kB
KernelStack:       32224 kB
PageTables:        57144 kB
NFS_Unstable:          0 kB
Bounce:                0 kB
WritebackTmp:          0 kB
CommitLimit:     2684136 kB
Committed_AS:   142362056 kB
VmallocTotal:   251658176 kB
VmallocUsed:      342740 kB
VmallocChunk:   247561408 kB
Time pass: 287 sec

---2015-10-26 00:17:40
MemTotal:        2746844 kB
MemFree:           77524 kB
Buffers:           84316 kB
Cached:           658072 kB
SwapCached:        27572 kB
Active:           773256 kB
Inactive:         720832 kB
Active(anon):     381500 kB
Inactive(anon):   390568 kB
Active(file):     391756 kB
Inactive(file):   330264 kB
Unevictable:       27524 kB
Mlocked:           19552 kB
SwapTotal:       1310716 kB
SwapFree:        1004904 kB
Dirty:                 0 kB
Writeback:             0 kB
AnonPages:        772740 kB
Mapped:           343700 kB
Shmem:              1380 kB
Slab:             122792 kB
SReclaimable:      33032 kB
SUnreclaim:        89760 kB
KernelStack:       32224 kB
PageTables:        57156 kB
NFS_Unstable:          0 kB
Bounce:                0 kB
WritebackTmp:          0 kB
CommitLimit:     2684136 kB
Committed_AS:   142362052 kB
VmallocTotal:   251658176 kB
VmallocUsed:      342740 kB
VmallocChunk:   247561408 kB
Time pass: 291 sec

---2015-10-26 00:17:40
MemTotal:        2746844 kB
MemFree:           76516 kB
Buffers:           84320 kB
Cached:           658076 kB
SwapCached:        27572 kB
Active:           774288 kB
Inactive:         720832 kB
Active(anon):     382524 kB
Inactive(anon):   390568 kB
Active(file):     391764 kB
Inactive(file):   330264 kB
Unevictable:       27524 kB
Mlocked:           19552 kB
SwapTotal:       1310716 kB
SwapFree:        1004904 kB
Dirty:                80 kB
Writeback:             0 kB
AnonPages:        774092 kB
Mapped:           343760 kB
Shmem:              1380 kB
Slab:             122792 kB
SReclaimable:      33032 kB
SUnreclaim:        89760 kB
KernelStack:       32224 kB
PageTables:        57156 kB
NFS_Unstable:          0 kB
Bounce:                0 kB
WritebackTmp:          0 kB
CommitLimit:     2684136 kB
Committed_AS:   142362756 kB
VmallocTotal:   251658176 kB
VmallocUsed:      342740 kB
VmallocChunk:   247561408 kB
Time pass: 295 sec

---2015-10-26 00:17:40
MemTotal:        2746844 kB
MemFree:           84596 kB
Buffers:           84320 kB
Cached:           658072 kB
SwapCached:        27572 kB
Active:           766844 kB
Inactive:         720828 kB
Active(anon):     375080 kB
Inactive(anon):   390568 kB
Active(file):     391764 kB
Inactive(file):   330260 kB
Unevictable:       27524 kB
Mlocked:           19552 kB
SwapTotal:       1310716 kB
SwapFree:        1004904 kB
Dirty:                88 kB
Writeback:             0 kB
AnonPages:        766328 kB
Mapped:           336612 kB
Shmem:              1380 kB
Slab:             122788 kB
SReclaimable:      33032 kB
SUnreclaim:        89756 kB
KernelStack:       31824 kB
PageTables:        56552 kB
NFS_Unstable:          0 kB
Bounce:                0 kB
WritebackTmp:          0 kB
CommitLimit:     2684136 kB
Committed_AS:   141099820 kB
VmallocTotal:   251658176 kB
VmallocUsed:      341720 kB
VmallocChunk:   247561408 kB
Time pass: 299 sec

---2015-10-26 00:17:40
MemTotal:        2746844 kB
MemFree:           78936 kB
Buffers:           84320 kB
Cached:           658144 kB
SwapCached:        27572 kB
Active:           772464 kB
Inactive:         720892 kB
Active(anon):     380696 kB
Inactive(anon):   390640 kB
Active(file):     391768 kB
Inactive(file):   330252 kB
Unevictable:       27524 kB
Mlocked:           19552 kB
SwapTotal:       1310716 kB
SwapFree:        1004904 kB
Dirty:                56 kB
Writeback:             0 kB
AnonPages:        772620 kB
Mapped:           342024 kB
Shmem:              1452 kB
Slab:             122788 kB
SReclaimable:      33032 kB
SUnreclaim:        89756 kB
KernelStack:       31504 kB
PageTables:        56836 kB
NFS_Unstable:          0 kB
Bounce:                0 kB
WritebackTmp:          0 kB
CommitLimit:     2684136 kB
Committed_AS:   142361040 kB
VmallocTotal:   251658176 kB
VmallocUsed:      342740 kB
VmallocChunk:   247561408 kB
Time pass: 302 sec

---2015-10-26 00:17:40
MemTotal:        2746844 kB
MemFree:           75340 kB
Buffers:           84328 kB
Cached:           658144 kB
SwapCached:        27572 kB
Active:           775872 kB
Inactive:         720892 kB
Active(anon):     384096 kB
Inactive(anon):   390636 kB
Active(file):     391776 kB
Inactive(file):   330256 kB
Unevictable:       27524 kB
Mlocked:           19552 kB
SwapTotal:       1310716 kB
SwapFree:        1004904 kB
Dirty:               120 kB
Writeback:             0 kB
AnonPages:        775652 kB
Mapped:           343740 kB
Shmem:              1452 kB
Slab:             122788 kB
SReclaimable:      33032 kB
SUnreclaim:        89756 kB
KernelStack:       32208 kB
PageTables:        57184 kB
NFS_Unstable:          0 kB
Bounce:                0 kB
WritebackTmp:          0 kB
CommitLimit:     2684136 kB
Committed_AS:   142361508 kB
VmallocTotal:   251658176 kB
VmallocUsed:      342740 kB
VmallocChunk:   247561408 kB
Time pass: 307 sec

---2015-10-26 00:17:40
MemTotal:        2746844 kB
MemFree:           78576 kB
Buffers:           84336 kB
Cached:           658144 kB
SwapCached:        27572 kB
Active:           771748 kB
Inactive:         720900 kB
Active(anon):     379972 kB
Inactive(anon):   390636 kB
Active(file):     391776 kB
Inactive(file):   330264 kB
Unevictable:       27524 kB
Mlocked:           19552 kB
SwapTotal:       1310716 kB
SwapFree:        1004904 kB
Dirty:                52 kB
Writeback:             0 kB
AnonPages:        771604 kB
Mapped:           343820 kB
Shmem:              1452 kB
Slab:             122788 kB
SReclaimable:      33032 kB
SUnreclaim:        89756 kB
KernelStack:       32208 kB
PageTables:        57160 kB
NFS_Unstable:          0 kB
Bounce:                0 kB
WritebackTmp:          0 kB
CommitLimit:     2684136 kB
Committed_AS:   142361508 kB
VmallocTotal:   251658176 kB
VmallocUsed:      342740 kB
VmallocChunk:   247561408 kB
Time pass: 310 sec

---2015-10-26 00:17:40
MemTotal:        2746844 kB
MemFree:           78212 kB
Buffers:           84336 kB
Cached:           658144 kB
SwapCached:        27572 kB
Active:           773248 kB
Inactive:         719956 kB
Active(anon):     381472 kB
Inactive(anon):   389692 kB
Active(file):     391776 kB
Inactive(file):   330264 kB
Unevictable:       27524 kB
Mlocked:           19552 kB
SwapTotal:       1310716 kB
SwapFree:        1004904 kB
Dirty:                52 kB
Writeback:             0 kB
AnonPages:        772008 kB
Mapped:           343876 kB
Shmem:              1452 kB
Slab:             122788 kB
SReclaimable:      33032 kB
SUnreclaim:        89756 kB
KernelStack:       32208 kB
PageTables:        57160 kB
NFS_Unstable:          0 kB
Bounce:                0 kB
WritebackTmp:          0 kB
CommitLimit:     2684136 kB
Committed_AS:   142361804 kB
VmallocTotal:   251658176 kB
VmallocUsed:      342740 kB
VmallocChunk:   247561408 kB
Time pass: 314 sec

---2015-10-26 00:17:40
MemTotal:        2746844 kB
MemFree:           86196 kB
Buffers:           84348 kB
Cached:           658116 kB
SwapCached:        27572 kB
Active:           766048 kB
Inactive:         719948 kB
Active(anon):     374272 kB
Inactive(anon):   389692 kB
Active(file):     391776 kB
Inactive(file):   330256 kB
Unevictable:       27524 kB
Mlocked:           19552 kB
SwapTotal:       1310716 kB
SwapFree:        1004904 kB
Dirty:                36 kB
Writeback:             0 kB
AnonPages:        764736 kB
Mapped:           336728 kB
Shmem:              1452 kB
Slab:             122788 kB
SReclaimable:      33032 kB
SUnreclaim:        89756 kB
KernelStack:       31552 kB
PageTables:        56544 kB
NFS_Unstable:          0 kB
Bounce:                0 kB
WritebackTmp:          0 kB
CommitLimit:     2684136 kB
Committed_AS:   141098772 kB
VmallocTotal:   251658176 kB
VmallocUsed:      341720 kB
VmallocChunk:   247561408 kB
Time pass: 318 sec

---2015-10-26 00:17:40
MemTotal:        2746844 kB
MemFree:           78208 kB
Buffers:           84348 kB
Cached:           658144 kB
SwapCached:        27572 kB
Active:           774840 kB
Inactive:         719940 kB
Active(anon):     383040 kB
Inactive(anon):   389692 kB
Active(file):     391800 kB
Inactive(file):   330248 kB
Unevictable:       27524 kB
Mlocked:           19552 kB
SwapTotal:       1310716 kB
SwapFree:        1004904 kB
Dirty:                12 kB
Writeback:             0 kB
AnonPages:        773708 kB
Mapped:           342772 kB
Shmem:              1452 kB
Slab:             122788 kB
SReclaimable:      33032 kB
SUnreclaim:        89756 kB
KernelStack:       31968 kB
PageTables:        57080 kB
NFS_Unstable:          0 kB
Bounce:                0 kB
WritebackTmp:          0 kB
CommitLimit:     2684136 kB
Committed_AS:   142361108 kB
VmallocTotal:   251658176 kB
VmallocUsed:      342740 kB
VmallocChunk:   247561408 kB
Time pass: 322 sec

---2015-10-26 00:17:40
MemTotal:        2746844 kB
MemFree:           75552 kB
Buffers:           84352 kB
Cached:           658164 kB
SwapCached:        27572 kB
Active:           776416 kB
Inactive:         719976 kB
Active(anon):     384624 kB
Inactive(anon):   389712 kB
Active(file):     391792 kB
Inactive(file):   330264 kB
Unevictable:       27524 kB
Mlocked:           19552 kB
SwapTotal:       1310716 kB
SwapFree:        1004904 kB
Dirty:                36 kB
Writeback:             0 kB
AnonPages:        775172 kB
Mapped:           343828 kB
Shmem:              1472 kB
Slab:             122788 kB
SReclaimable:      33032 kB
SUnreclaim:        89756 kB
KernelStack:       32176 kB
PageTables:        57144 kB
NFS_Unstable:          0 kB
Bounce:                0 kB
WritebackTmp:          0 kB
CommitLimit:     2684136 kB
Committed_AS:   142361556 kB
VmallocTotal:   251658176 kB
VmallocUsed:      342740 kB
VmallocChunk:   247561408 kB
Time pass: 326 sec

---2015-10-26 00:17:40
MemTotal:        2746844 kB
MemFree:           75408 kB
Buffers:           84352 kB
Cached:           658164 kB
SwapCached:        27572 kB
Active:           776800 kB
Inactive:         719984 kB
Active(anon):     385016 kB
Inactive(anon):   389712 kB
Active(file):     391784 kB
Inactive(file):   330272 kB
Unevictable:       27524 kB
Mlocked:           19552 kB
SwapTotal:       1310716 kB
SwapFree:        1004904 kB
Dirty:                52 kB
Writeback:             0 kB
AnonPages:        775536 kB
Mapped:           343840 kB
Shmem:              1472 kB
Slab:             122788 kB
SReclaimable:      33032 kB
SUnreclaim:        89756 kB
KernelStack:       32224 kB
PageTables:        57156 kB
NFS_Unstable:          0 kB
Bounce:                0 kB
WritebackTmp:          0 kB
CommitLimit:     2684136 kB
Committed_AS:   142361572 kB
VmallocTotal:   251658176 kB
VmallocUsed:      342740 kB
VmallocChunk:   247561408 kB
Time pass: 330 sec

---2015-10-26 00:17:40
MemTotal:        2746844 kB
MemFree:           73920 kB
Buffers:           84356 kB
Cached:           658164 kB
SwapCached:        27572 kB
Active:           777824 kB
Inactive:         719984 kB
Active(anon):     386036 kB
Inactive(anon):   389712 kB
Active(file):     391788 kB
Inactive(file):   330272 kB
Unevictable:       27524 kB
Mlocked:           19552 kB
SwapTotal:       1310716 kB
SwapFree:        1004904 kB
Dirty:                24 kB
Writeback:             0 kB
AnonPages:        776400 kB
Mapped:           343980 kB
Shmem:              1472 kB
Slab:             122788 kB
SReclaimable:      33032 kB
SUnreclaim:        89756 kB
KernelStack:       32224 kB
PageTables:        57184 kB
NFS_Unstable:          0 kB
Bounce:                0 kB
WritebackTmp:          0 kB
CommitLimit:     2684136 kB
Committed_AS:   142361844 kB
VmallocTotal:   251658176 kB
VmallocUsed:      342740 kB
VmallocChunk:   247561408 kB
Time pass: 334 sec

---2015-10-26 00:17:40
MemTotal:        2746844 kB
MemFree:           82636 kB
Buffers:           84356 kB
Cached:           658164 kB
SwapCached:        27572 kB
Active:           769960 kB
Inactive:         719980 kB
Active(anon):     378172 kB
Inactive(anon):   389712 kB
Active(file):     391788 kB
Inactive(file):   330268 kB
Unevictable:       27524 kB
Mlocked:           19552 kB
SwapTotal:       1310716 kB
SwapFree:        1004904 kB
Dirty:                12 kB
Writeback:             0 kB
AnonPages:        768752 kB
Mapped:           336776 kB
Shmem:              1472 kB
Slab:             122788 kB
SReclaimable:      33032 kB
SUnreclaim:        89756 kB
KernelStack:       31536 kB
PageTables:        56540 kB
NFS_Unstable:          0 kB
Bounce:                0 kB
WritebackTmp:          0 kB
CommitLimit:     2684136 kB
Committed_AS:   141098868 kB
VmallocTotal:   251658176 kB
VmallocUsed:      341720 kB
VmallocChunk:   247561408 kB
Time pass: 338 sec

---2015-10-26 00:17:40
MemTotal:        2746844 kB
MemFree:           71628 kB
Buffers:           84356 kB
Cached:           658164 kB
SwapCached:        27572 kB
Active:           781516 kB
Inactive:         719968 kB
Active(anon):     389716 kB
Inactive(anon):   389708 kB
Active(file):     391800 kB
Inactive(file):   330260 kB
Unevictable:       27524 kB
Mlocked:           19552 kB
SwapTotal:       1310716 kB
SwapFree:        1004904 kB
Dirty:                92 kB
Writeback:             0 kB
AnonPages:        780384 kB
Mapped:           343556 kB
Shmem:              1472 kB
Slab:             122788 kB
SReclaimable:      33032 kB
SUnreclaim:        89756 kB
KernelStack:       32224 kB
PageTables:        57128 kB
NFS_Unstable:          0 kB
Bounce:                0 kB
WritebackTmp:          0 kB
CommitLimit:     2684136 kB
Committed_AS:   142361548 kB
VmallocTotal:   251658176 kB
VmallocUsed:      342740 kB
VmallocChunk:   247561408 kB
Time pass: 342 sec

---2015-10-26 00:17:40
MemTotal:        2746844 kB
MemFree:           70944 kB
Buffers:           84364 kB
Cached:           658164 kB
SwapCached:        27572 kB
Active:           781076 kB
Inactive:         719896 kB
Active(anon):     389276 kB
Inactive(anon):   389636 kB
Active(file):     391800 kB
Inactive(file):   330260 kB
Unevictable:       27524 kB
Mlocked:           19552 kB
SwapTotal:       1310716 kB
SwapFree:        1004904 kB
Dirty:                96 kB
Writeback:             0 kB
AnonPages:        779868 kB
Mapped:           343708 kB
Shmem:              1472 kB
Slab:             122788 kB
SReclaimable:      33032 kB
SUnreclaim:        89756 kB
KernelStack:       32208 kB
PageTables:        57128 kB
NFS_Unstable:          0 kB
Bounce:                0 kB
WritebackTmp:          0 kB
CommitLimit:     2684136 kB
Committed_AS:   142361612 kB
VmallocTotal:   251658176 kB
VmallocUsed:      342740 kB
VmallocChunk:   247561408 kB
Time pass: 346 sec

---2015-10-26 00:17:40
MemTotal:        2746844 kB
MemFree:           70140 kB
Buffers:           84364 kB
Cached:           658164 kB
SwapCached:        27572 kB
Active:           780760 kB
Inactive:         719904 kB
Active(anon):     388960 kB
Inactive(anon):   389636 kB
Active(file):     391800 kB
Inactive(file):   330268 kB
Unevictable:       27524 kB
Mlocked:           19552 kB
SwapTotal:       1310716 kB
SwapFree:        1004904 kB
Dirty:                 0 kB
Writeback:             0 kB
AnonPages:        779512 kB
Mapped:           343840 kB
Shmem:              1472 kB
Slab:             122796 kB
SReclaimable:      33032 kB
SUnreclaim:        89764 kB
KernelStack:       32224 kB
PageTables:        57160 kB
NFS_Unstable:          0 kB
Bounce:                0 kB
WritebackTmp:          0 kB
CommitLimit:     2684136 kB
Committed_AS:   142361620 kB
VmallocTotal:   251658176 kB
VmallocUsed:      342740 kB
VmallocChunk:   247561408 kB
Time pass: 349 sec

---2015-10-26 00:17:40
MemTotal:        2746844 kB
MemFree:           68976 kB
Buffers:           84368 kB
Cached:           658164 kB
SwapCached:        27572 kB
Active:           782212 kB
Inactive:         719904 kB
Active(anon):     390412 kB
Inactive(anon):   389636 kB
Active(file):     391800 kB
Inactive(file):   330268 kB
Unevictable:       27524 kB
Mlocked:           19552 kB
SwapTotal:       1310716 kB
SwapFree:        1004904 kB
Dirty:                24 kB
Writeback:             0 kB
AnonPages:        780864 kB
Mapped:           343900 kB
Shmem:              1472 kB
Slab:             122796 kB
SReclaimable:      33032 kB
SUnreclaim:        89764 kB
KernelStack:       32224 kB
PageTables:        57164 kB
NFS_Unstable:          0 kB
Bounce:                0 kB
WritebackTmp:          0 kB
CommitLimit:     2684136 kB
Committed_AS:   142361944 kB
VmallocTotal:   251658176 kB
VmallocUsed:      342740 kB
VmallocChunk:   247561408 kB
Time pass: 353 sec

---2015-10-26 00:17:40
MemTotal:        2746844 kB
MemFree:           76184 kB
Buffers:           84368 kB
Cached:           658164 kB
SwapCached:        27572 kB
Active:           775108 kB
Inactive:         719904 kB
Active(anon):     383304 kB
Inactive(anon):   389636 kB
Active(file):     391804 kB
Inactive(file):   330268 kB
Unevictable:       27524 kB
Mlocked:           19552 kB
SwapTotal:       1310716 kB
SwapFree:        1004904 kB
Dirty:                24 kB
Writeback:             0 kB
AnonPages:        773696 kB
Mapped:           337104 kB
Shmem:              1472 kB
Slab:             122796 kB
SReclaimable:      33032 kB
SUnreclaim:        89764 kB
KernelStack:       32240 kB
PageTables:        56584 kB
NFS_Unstable:          0 kB
Bounce:                0 kB
WritebackTmp:          0 kB
CommitLimit:     2684136 kB
Committed_AS:   141098860 kB
VmallocTotal:   251658176 kB
VmallocUsed:      341720 kB
VmallocChunk:   247561408 kB
Time pass: 356 sec

---2015-10-26 00:17:40
MemTotal:        2746844 kB
MemFree:           76160 kB
Buffers:           84368 kB
Cached:           658164 kB
SwapCached:        27572 kB
Active:           775872 kB
Inactive:         719888 kB
Active(anon):     384052 kB
Inactive(anon):   389636 kB
Active(file):     391820 kB
Inactive(file):   330252 kB
Unevictable:       27524 kB
Mlocked:           19552 kB
SwapTotal:       1310716 kB
SwapFree:        1004904 kB
Dirty:                12 kB
Writeback:             0 kB
AnonPages:        774400 kB
Mapped:           336860 kB
Shmem:              1472 kB
Slab:             122796 kB
SReclaimable:      33032 kB
SUnreclaim:        89764 kB
KernelStack:       31552 kB
PageTables:        56872 kB
NFS_Unstable:          0 kB
Bounce:                0 kB
WritebackTmp:          0 kB
CommitLimit:     2684136 kB
Committed_AS:   142339800 kB
VmallocTotal:   251658176 kB
VmallocUsed:      341720 kB
VmallocChunk:   247561408 kB
Time pass: 360 sec

---2015-10-26 00:17:40
MemTotal:        2746844 kB
MemFree:           65332 kB
Buffers:           84376 kB
Cached:           658164 kB
SwapCached:        27572 kB
Active:           787020 kB
Inactive:         719888 kB
Active(anon):     395200 kB
Inactive(anon):   389632 kB
Active(file):     391820 kB
Inactive(file):   330256 kB
Unevictable:       27524 kB
Mlocked:           19552 kB
SwapTotal:       1310716 kB
SwapFree:        1004904 kB
Dirty:               100 kB
Writeback:             0 kB
AnonPages:        785340 kB
Mapped:           343752 kB
Shmem:              1472 kB
Slab:             122804 kB
SReclaimable:      33032 kB
SUnreclaim:        89772 kB
KernelStack:       32112 kB
PageTables:        57180 kB
NFS_Unstable:          0 kB
Bounce:                0 kB
WritebackTmp:          0 kB
CommitLimit:     2684136 kB
Committed_AS:   142361456 kB
VmallocTotal:   251658176 kB
VmallocUsed:      342740 kB
VmallocChunk:   247561408 kB
Time pass: 363 sec

---2015-10-26 00:17:40
MemTotal:        2746844 kB
MemFree:           66592 kB
Buffers:           84376 kB
Cached:           656648 kB
SwapCached:        27572 kB
Active:           781588 kB
Inactive:         723336 kB
Active(anon):     391528 kB
Inactive(anon):   392832 kB
Active(file):     390060 kB
Inactive(file):   330504 kB
Unevictable:       27524 kB
Mlocked:           19552 kB
SwapTotal:       1310716 kB
SwapFree:        1004756 kB
Dirty:               108 kB
Writeback:             0 kB
AnonPages:        785180 kB
Mapped:           343668 kB
Shmem:              1472 kB
Slab:             122804 kB
SReclaimable:      33032 kB
SUnreclaim:        89772 kB
KernelStack:       32144 kB
PageTables:        57128 kB
NFS_Unstable:          0 kB
Bounce:                0 kB
WritebackTmp:          0 kB
CommitLimit:     2684136 kB
Committed_AS:   142361656 kB
VmallocTotal:   251658176 kB
VmallocUsed:      342740 kB
VmallocChunk:   247561408 kB
Time pass: 367 sec

---2015-10-26 00:17:40
MemTotal:        2746844 kB
MemFree:           65624 kB
Buffers:           84376 kB
Cached:           656652 kB
SwapCached:        27572 kB
Active:           782616 kB
Inactive:         723328 kB
Active(anon):     392552 kB
Inactive(anon):   392824 kB
Active(file):     390064 kB
Inactive(file):   330504 kB
Unevictable:       27524 kB
Mlocked:           19552 kB
SwapTotal:       1310716 kB
SwapFree:        1004756 kB
Dirty:                 0 kB
Writeback:             0 kB
AnonPages:        786144 kB
Mapped:           343728 kB
Shmem:              1472 kB
Slab:             122804 kB
SReclaimable:      33032 kB
SUnreclaim:        89772 kB
KernelStack:       32144 kB
PageTables:        57132 kB
NFS_Unstable:          0 kB
Bounce:                0 kB
WritebackTmp:          0 kB
CommitLimit:     2684136 kB
Committed_AS:   142361952 kB
VmallocTotal:   251658176 kB
VmallocUsed:      342740 kB
VmallocChunk:   247561408 kB
Time pass: 371 sec

---2015-10-26 00:17:40
MemTotal:        2746844 kB
MemFree:           65188 kB
Buffers:           84380 kB
Cached:           656652 kB
SwapCached:        27572 kB
Active:           782728 kB
Inactive:         723328 kB
Active(anon):     392660 kB
Inactive(anon):   392824 kB
Active(file):     390068 kB
Inactive(file):   330504 kB
Unevictable:       27524 kB
Mlocked:           19552 kB
SwapTotal:       1310716 kB
SwapFree:        1004756 kB
Dirty:                24 kB
Writeback:             0 kB
AnonPages:        786272 kB
Mapped:           343912 kB
Shmem:              1472 kB
Slab:             122836 kB
SReclaimable:      33032 kB
SUnreclaim:        89804 kB
KernelStack:       32176 kB
PageTables:        57144 kB
NFS_Unstable:          0 kB
Bounce:                0 kB
WritebackTmp:          0 kB
CommitLimit:     2684136 kB
Committed_AS:   142362032 kB
VmallocTotal:   251658176 kB
VmallocUsed:      342740 kB
VmallocChunk:   247561408 kB
Time pass: 375 sec

---2015-10-26 00:17:40
MemTotal:        2746844 kB
MemFree:           69912 kB
Buffers:           84380 kB
Cached:           655292 kB
SwapCached:        27572 kB
Active:           778688 kB
Inactive:         724224 kB
Active(anon):     390172 kB
Inactive(anon):   393528 kB
Active(file):     388516 kB
Inactive(file):   330696 kB
Unevictable:       27524 kB
Mlocked:           19552 kB
SwapTotal:       1310716 kB
SwapFree:        1004632 kB
Dirty:                 0 kB
Writeback:             0 kB
AnonPages:        784508 kB
Mapped:           342336 kB
Shmem:              1472 kB
Slab:             122804 kB
SReclaimable:      33032 kB
SUnreclaim:        89772 kB
KernelStack:       31552 kB
PageTables:        56940 kB
NFS_Unstable:          0 kB
Bounce:                0 kB
WritebackTmp:          0 kB
CommitLimit:     2684136 kB
Committed_AS:   142360236 kB
VmallocTotal:   251658176 kB
VmallocUsed:      342740 kB
VmallocChunk:   247561408 kB
Time pass: 379 sec

---2015-10-26 00:17:40
MemTotal:        2746844 kB
MemFree:           65228 kB
Buffers:           84384 kB
