---2015-12-05 14:07:44
MemTotal:        2905316 kB
MemFree:          100432 kB
Buffers:           25192 kB
Cached:          1382296 kB
SwapCached:            0 kB
Active:          1277912 kB
Inactive:        1022048 kB
Active(anon):     763568 kB
Inactive(anon):   173124 kB
Active(file):     514344 kB
Inactive(file):   848924 kB
Unevictable:        7800 kB
Mlocked:               0 kB
SwapTotal:        720184 kB
SwapFree:         720184 kB
Dirty:               280 kB
Writeback:             0 kB
AnonPages:        900308 kB
Mapped:           515648 kB
Shmem:             36420 kB
Slab:             119140 kB
SReclaimable:      35808 kB
SUnreclaim:        83332 kB
KernelStack:       30784 kB
PageTables:        56344 kB
NFS_Unstable:          0 kB
Bounce:                0 kB
WritebackTmp:          0 kB
CommitLimit:     2172840 kB
Committed_AS:   94398264 kB
VmallocTotal:   251658176 kB
VmallocUsed:      136668 kB
VmallocChunk:   251422460 kB
Time pass: 3 sec

---2015-12-05 14:07:44
MemTotal:        2905316 kB
MemFree:          100108 kB
Buffers:           25228 kB
Cached:          1382344 kB
SwapCached:            0 kB
Active:          1277328 kB
Inactive:        1022092 kB
Active(anon):     762948 kB
Inactive(anon):   173124 kB
Active(file):     514380 kB
Inactive(file):   848968 kB
Unevictable:        7800 kB
Mlocked:               0 kB
SwapTotal:        720184 kB
SwapFree:         720184 kB
Dirty:               384 kB
Writeback:             0 kB
AnonPages:        899632 kB
Mapped:           517164 kB
Shmem:             36424 kB
Slab:             119100 kB
SReclaimable:      35936 kB
SUnreclaim:        83164 kB
KernelStack:       30752 kB
PageTables:        56868 kB
NFS_Unstable:          0 kB
Bounce:                0 kB
WritebackTmp:          0 kB
CommitLimit:     2172840 kB
Committed_AS:   94402452 kB
VmallocTotal:   251658176 kB
VmallocUsed:      136668 kB
VmallocChunk:   251422460 kB
Time pass: 7 sec

---2015-12-05 14:07:44
MemTotal:        2905316 kB
MemFree:          105968 kB
Buffers:           25236 kB
Cached:          1382804 kB
SwapCached:            0 kB
Active:          1271900 kB
Inactive:        1022484 kB
Active(anon):     757516 kB
Inactive(anon):   173124 kB
Active(file):     514384 kB
Inactive(file):   849360 kB
Unevictable:        7800 kB
Mlocked:               0 kB
SwapTotal:        720184 kB
SwapFree:         720184 kB
Dirty:                48 kB
Writeback:             0 kB
AnonPages:        894188 kB
Mapped:           516800 kB
Shmem:             36424 kB
Slab:             119076 kB
SReclaimable:      35936 kB
SUnreclaim:        83140 kB
KernelStack:       30832 kB
PageTables:        56524 kB
NFS_Unstable:          0 kB
Bounce:                0 kB
WritebackTmp:          0 kB
CommitLimit:     2172840 kB
Committed_AS:   93674212 kB
VmallocTotal:   251658176 kB
VmallocUsed:      135648 kB
VmallocChunk:   251422460 kB
Time pass: 11 sec

---2015-12-05 14:07:44
MemTotal:        2905316 kB
MemFree:          112348 kB
Buffers:           25236 kB
Cached:          1383776 kB
SwapCached:            0 kB
Active:          1265188 kB
Inactive:        1023376 kB
Active(anon):     750796 kB
Inactive(anon):   173120 kB
Active(file):     514392 kB
Inactive(file):   850256 kB
Unevictable:        7800 kB
Mlocked:               0 kB
SwapTotal:        720184 kB
SwapFree:         720184 kB
Dirty:                16 kB
Writeback:             0 kB
AnonPages:        887356 kB
Mapped:           516384 kB
Shmem:             36424 kB
Slab:             118916 kB
SReclaimable:      35936 kB
SUnreclaim:        82980 kB
KernelStack:       30560 kB
PageTables:        55816 kB
NFS_Unstable:          0 kB
Bounce:                0 kB
WritebackTmp:          0 kB
CommitLimit:     2172840 kB
Committed_AS:   92424876 kB
VmallocTotal:   251658176 kB
VmallocUsed:      134628 kB
VmallocChunk:   251422460 kB
Time pass: 14 sec

---2015-12-05 14:07:44
MemTotal:        2905316 kB
MemFree:          107040 kB
Buffers:           25244 kB
Cached:          1384264 kB
SwapCached:            0 kB
Active:          1270788 kB
Inactive:        1023992 kB
Active(anon):     756380 kB
Inactive(anon):   173144 kB
Active(file):     514408 kB
Inactive(file):   850848 kB
Unevictable:        7800 kB
Mlocked:               0 kB
SwapTotal:        720184 kB
SwapFree:         720184 kB
Dirty:               108 kB
Writeback:             0 kB
AnonPages:        893104 kB
Mapped:           516676 kB
Shmem:             36448 kB
Slab:             119052 kB
SReclaimable:      35936 kB
SUnreclaim:        83116 kB
KernelStack:       30400 kB
PageTables:        55952 kB
NFS_Unstable:          0 kB
Bounce:                0 kB
WritebackTmp:          0 kB
CommitLimit:     2172840 kB
Committed_AS:   95894448 kB
VmallocTotal:   251658176 kB
VmallocUsed:      134628 kB
VmallocChunk:   251422460 kB
Time pass: 18 sec

---2015-12-05 14:07:44
MemTotal:        2905316 kB
MemFree:           69612 kB
Buffers:           27540 kB
Cached:          1247096 kB
SwapCached:            0 kB
Active:          1332156 kB
Inactive:         899392 kB
Active(anon):     802740 kB
Inactive(anon):   198532 kB
Active(file):     529416 kB
Inactive(file):   700860 kB
Unevictable:        7800 kB
Mlocked:               0 kB
SwapTotal:        720184 kB
SwapFree:         720184 kB
Dirty:              2200 kB
Writeback:             0 kB
AnonPages:        964712 kB
Mapped:           611780 kB
Shmem:             36752 kB
Slab:             120284 kB
SReclaimable:      36020 kB
SUnreclaim:        84264 kB
KernelStack:       34080 kB
PageTables:        57540 kB
NFS_Unstable:          0 kB
Bounce:                0 kB
WritebackTmp:          0 kB
CommitLimit:     2172840 kB
Committed_AS:   93823336 kB
VmallocTotal:   251658176 kB
VmallocUsed:      137052 kB
VmallocChunk:   251421228 kB
Time pass: 22 sec

---2015-12-05 14:07:44
MemTotal:        2905316 kB
MemFree:          114272 kB
Buffers:           24596 kB
Cached:          1196416 kB
SwapCached:            0 kB
Active:          1300340 kB
Inactive:         837664 kB
Active(anon):     769428 kB
Inactive(anon):   188280 kB
Active(file):     530912 kB
Inactive(file):   649384 kB
Unevictable:        7800 kB
Mlocked:               0 kB
SwapTotal:        720184 kB
SwapFree:         720184 kB
Dirty:                64 kB
Writeback:             0 kB
AnonPages:        924692 kB
Mapped:           633300 kB
Shmem:             32916 kB
Slab:             120128 kB
SReclaimable:      36104 kB
SUnreclaim:        84024 kB
KernelStack:       33904 kB
PageTables:        57216 kB
NFS_Unstable:          0 kB
Bounce:                0 kB
WritebackTmp:          0 kB
CommitLimit:     2172840 kB
Committed_AS:   93783196 kB
VmallocTotal:   251658176 kB
VmallocUsed:      137536 kB
VmallocChunk:   251421228 kB
Time pass: 25 sec

---2015-12-05 14:07:44
MemTotal:        2905316 kB
MemFree:          120468 kB
Buffers:           24612 kB
Cached:          1196532 kB
SwapCached:            0 kB
Active:          1294076 kB
Inactive:         837496 kB
Active(anon):     762864 kB
Inactive(anon):   188280 kB
Active(file):     531212 kB
Inactive(file):   649216 kB
Unevictable:        7800 kB
Mlocked:               0 kB
SwapTotal:        720184 kB
SwapFree:         720184 kB
Dirty:               204 kB
Writeback:             0 kB
AnonPages:        918252 kB
Mapped:           632744 kB
Shmem:             32916 kB
Slab:             120168 kB
SReclaimable:      36120 kB
SUnreclaim:        84048 kB
KernelStack:       33872 kB
PageTables:        56840 kB
NFS_Unstable:          0 kB
Bounce:                0 kB
WritebackTmp:          0 kB
CommitLimit:     2172840 kB
Committed_AS:   93056904 kB
VmallocTotal:   251658176 kB
VmallocUsed:      136516 kB
VmallocChunk:   251421228 kB
Time pass: 29 sec

---2015-12-05 14:07:44
MemTotal:        2905316 kB
MemFree:          115492 kB
Buffers:           25380 kB
Cached:          1198248 kB
SwapCached:            0 kB
Active:          1297268 kB
Inactive:         839712 kB
Active(anon):     765960 kB
Inactive(anon):   188280 kB
Active(file):     531308 kB
Inactive(file):   651432 kB
Unevictable:        7800 kB
Mlocked:               0 kB
SwapTotal:        720184 kB
SwapFree:         720184 kB
Dirty:               232 kB
Writeback:             0 kB
AnonPages:        921468 kB
Mapped:           633088 kB
Shmem:             32916 kB
Slab:             120288 kB
SReclaimable:      36248 kB
SUnreclaim:        84040 kB
KernelStack:       33648 kB
PageTables:        56752 kB
NFS_Unstable:          0 kB
Bounce:                0 kB
WritebackTmp:          0 kB
CommitLimit:     2172840 kB
Committed_AS:   93058052 kB
VmallocTotal:   251658176 kB
VmallocUsed:      136516 kB
VmallocChunk:   251421228 kB
Time pass: 33 sec

---2015-12-05 14:07:44
MemTotal:        2905316 kB
MemFree:          107760 kB
Buffers:           25420 kB
Cached:          1202216 kB
SwapCached:            0 kB
Active:          1301368 kB
Inactive:         843852 kB
Active(anon):     770028 kB
Inactive(anon):   188280 kB
Active(file):     531340 kB
Inactive(file):   655572 kB
Unevictable:        7800 kB
Mlocked:               0 kB
SwapTotal:        720184 kB
SwapFree:         720184 kB
Dirty:               204 kB
Writeback:             0 kB
AnonPages:        925196 kB
Mapped:           634316 kB
Shmem:             32916 kB
Slab:             120404 kB
SReclaimable:      36248 kB
SUnreclaim:        84156 kB
KernelStack:       33904 kB
PageTables:        56800 kB
NFS_Unstable:          0 kB
Bounce:                0 kB
WritebackTmp:          0 kB
CommitLimit:     2172840 kB
Committed_AS:   93060804 kB
VmallocTotal:   251658176 kB
VmallocUsed:      136516 kB
VmallocChunk:   251421228 kB
Time pass: 36 sec

---2015-12-05 14:07:44
MemTotal:        2905316 kB
MemFree:          107296 kB
Buffers:           25420 kB
Cached:          1202224 kB
SwapCached:            0 kB
Active:          1301412 kB
Inactive:         843852 kB
Active(anon):     770060 kB
Inactive(anon):   188280 kB
Active(file):     531352 kB
Inactive(file):   655572 kB
Unevictable:        7800 kB
Mlocked:               0 kB
SwapTotal:        720184 kB
SwapFree:         720184 kB
Dirty:                12 kB
Writeback:             0 kB
AnonPages:        925480 kB
Mapped:           634316 kB
Shmem:             32916 kB
Slab:             120288 kB
SReclaimable:      36264 kB
SUnreclaim:        84024 kB
KernelStack:       33888 kB
PageTables:        56800 kB
NFS_Unstable:          0 kB
Bounce:                0 kB
WritebackTmp:          0 kB
CommitLimit:     2172840 kB
Committed_AS:   93060792 kB
VmallocTotal:   251658176 kB
VmallocUsed:      136516 kB
VmallocChunk:   251421228 kB
Time pass: 40 sec

---2015-12-05 14:07:44
MemTotal:        2905316 kB
MemFree:           70032 kB
Buffers:           26832 kB
Cached:          1171600 kB
SwapCached:            0 kB
Active:          1315144 kB
Inactive:         811568 kB
Active(anon):     777164 kB
Inactive(anon):   191868 kB
Active(file):     537980 kB
Inactive(file):   619700 kB
Unevictable:        7800 kB
Mlocked:               0 kB
SwapTotal:        720184 kB
SwapFree:         720184 kB
Dirty:               392 kB
Writeback:             0 kB
AnonPages:        936300 kB
Mapped:           645528 kB
Shmem:             32920 kB
Slab:             120128 kB
SReclaimable:      36080 kB
SUnreclaim:        84048 kB
KernelStack:       33920 kB
PageTables:        57088 kB
NFS_Unstable:          0 kB
Bounce:                0 kB
WritebackTmp:          0 kB
CommitLimit:     2172840 kB
Committed_AS:   93078888 kB
VmallocTotal:   251658176 kB
VmallocUsed:      136772 kB
VmallocChunk:   251421228 kB
Time pass: 44 sec

---2015-12-05 14:07:44
MemTotal:        2905316 kB
MemFree:           68436 kB
Buffers:           26704 kB
Cached:          1154644 kB
SwapCached:            0 kB
Active:          1322436 kB
Inactive:         796544 kB
Active(anon):     783460 kB
Inactive(anon):   194804 kB
Active(file):     538976 kB
Inactive(file):   601740 kB
Unevictable:        7800 kB
Mlocked:               0 kB
SwapTotal:        720184 kB
SwapFree:         720184 kB
Dirty:               364 kB
Writeback:             0 kB
AnonPages:        945420 kB
Mapped:           651284 kB
Shmem:             32924 kB
Slab:             120212 kB
SReclaimable:      36140 kB
SUnreclaim:        84072 kB
KernelStack:       33920 kB
PageTables:        57212 kB
NFS_Unstable:          0 kB
Bounce:                0 kB
WritebackTmp:          0 kB
CommitLimit:     2172840 kB
Committed_AS:   93128168 kB
VmallocTotal:   251658176 kB
VmallocUsed:      136820 kB
VmallocChunk:   251421228 kB
Time pass: 47 sec

---2015-12-05 14:07:44
MemTotal:        2905316 kB
MemFree:           65984 kB
Buffers:           26712 kB
Cached:          1154756 kB
SwapCached:            0 kB
Active:          1324276 kB
Inactive:         796644 kB
Active(anon):     785240 kB
Inactive(anon):   194992 kB
Active(file):     539036 kB
Inactive(file):   601652 kB
Unevictable:        7800 kB
Mlocked:               0 kB
SwapTotal:        720184 kB
SwapFree:         720184 kB
Dirty:               128 kB
Writeback:             0 kB
AnonPages:        947400 kB
Mapped:           653688 kB
Shmem:             32980 kB
Slab:             120300 kB
SReclaimable:      36236 kB
SUnreclaim:        84064 kB
KernelStack:       33936 kB
PageTables:        57112 kB
NFS_Unstable:          0 kB
Bounce:                0 kB
WritebackTmp:          0 kB
CommitLimit:     2172840 kB
Committed_AS:   93128196 kB
VmallocTotal:   251658176 kB
VmallocUsed:      136844 kB
VmallocChunk:   251421228 kB
Time pass: 51 sec

---2015-12-05 14:07:44
MemTotal:        2905316 kB
MemFree:           71992 kB
Buffers:           26712 kB
Cached:          1154820 kB
SwapCached:            0 kB
Active:          1318244 kB
Inactive:         796688 kB
Active(anon):     779188 kB
Inactive(anon):   194996 kB
Active(file):     539056 kB
Inactive(file):   601692 kB
Unevictable:        7800 kB
Mlocked:               0 kB
SwapTotal:        720184 kB
SwapFree:         720184 kB
Dirty:                12 kB
Writeback:             0 kB
AnonPages:        941104 kB
Mapped:           654844 kB
Shmem:             32984 kB
Slab:             120296 kB
SReclaimable:      36236 kB
SUnreclaim:        84060 kB
KernelStack:       33936 kB
PageTables:        57136 kB
NFS_Unstable:          0 kB
Bounce:                0 kB
WritebackTmp:          0 kB
CommitLimit:     2172840 kB
Committed_AS:   93118780 kB
VmallocTotal:   251658176 kB
VmallocUsed:      136844 kB
VmallocChunk:   251421228 kB
Time pass: 55 sec

---2015-12-05 14:07:44
MemTotal:        2905316 kB
MemFree:           71744 kB
Buffers:           25212 kB
Cached:          1096064 kB
SwapCached:            0 kB
Active:          1329248 kB
Inactive:         738016 kB
Active(anon):     791312 kB
Inactive(anon):   200384 kB
Active(file):     537936 kB
Inactive(file):   537632 kB
Unevictable:       12736 kB
Mlocked:               0 kB
SwapTotal:        720184 kB
SwapFree:         720156 kB
Dirty:              1628 kB
Writeback:             0 kB
AnonPages:        958692 kB
Mapped:           708288 kB
Shmem:             32956 kB
Slab:             120232 kB
SReclaimable:      36188 kB
SUnreclaim:        84044 kB
KernelStack:       34048 kB
PageTables:        57264 kB
NFS_Unstable:          0 kB
Bounce:                0 kB
WritebackTmp:          0 kB
CommitLimit:     2172840 kB
Committed_AS:   93139324 kB
VmallocTotal:   251658176 kB
VmallocUsed:      137232 kB
VmallocChunk:   251421228 kB
Time pass: 58 sec

---2015-12-05 14:07:44
MemTotal:        2905316 kB
MemFree:           69300 kB
Buffers:           25016 kB
Cached:          1082500 kB
SwapCached:            0 kB
Active:          1324652 kB
Inactive:         731468 kB
Active(anon):     793816 kB
Inactive(anon):   200572 kB
Active(file):     530836 kB
Inactive(file):   530896 kB
Unevictable:       12768 kB
Mlocked:               0 kB
SwapTotal:        720184 kB
SwapFree:         720156 kB
Dirty:              1032 kB
Writeback:             0 kB
AnonPages:        961352 kB
Mapped:           713044 kB
Shmem:             32956 kB
Slab:             120264 kB
SReclaimable:      36172 kB
SUnreclaim:        84092 kB
KernelStack:       34032 kB
PageTables:        57304 kB
NFS_Unstable:          0 kB
Bounce:                0 kB
WritebackTmp:          0 kB
CommitLimit:     2172840 kB
Committed_AS:   93139496 kB
VmallocTotal:   251658176 kB
VmallocUsed:      137344 kB
VmallocChunk:   251421228 kB
Time pass: 62 sec

---2015-12-05 14:07:44
MemTotal:        2905316 kB
MemFree:           69168 kB
Buffers:           25024 kB
Cached:          1082456 kB
SwapCached:            0 kB
Active:          1324592 kB
Inactive:         731480 kB
Active(anon):     793744 kB
Inactive(anon):   200572 kB
Active(file):     530848 kB
Inactive(file):   530908 kB
Unevictable:       12768 kB
Mlocked:               0 kB
SwapTotal:        720184 kB
SwapFree:         720156 kB
Dirty:               188 kB
Writeback:             0 kB
AnonPages:        961472 kB
Mapped:           713176 kB
Shmem:             32956 kB
Slab:             120088 kB
SReclaimable:      35976 kB
SUnreclaim:        84112 kB
KernelStack:       34096 kB
PageTables:        57372 kB
NFS_Unstable:          0 kB
Bounce:                0 kB
WritebackTmp:          0 kB
CommitLimit:     2172840 kB
Committed_AS:   93139572 kB
VmallocTotal:   251658176 kB
VmallocUsed:      137344 kB
VmallocChunk:   251421228 kB
Time pass: 66 sec

---2015-12-05 14:07:44
MemTotal:        2905316 kB
MemFree:           68280 kB
Buffers:           25032 kB
Cached:          1082508 kB
SwapCached:            0 kB
Active:          1324800 kB
Inactive:         731524 kB
Active(anon):     793952 kB
Inactive(anon):   200564 kB
Active(file):     530848 kB
Inactive(file):   530960 kB
Unevictable:       12768 kB
Mlocked:               0 kB
SwapTotal:        720184 kB
SwapFree:         720156 kB
Dirty:                44 kB
Writeback:             0 kB
AnonPages:        961400 kB
Mapped:           713236 kB
Shmem:             32956 kB
Slab:             120000 kB
SReclaimable:      35992 kB
SUnreclaim:        84008 kB
KernelStack:       34032 kB
PageTables:        57348 kB
NFS_Unstable:          0 kB
Bounce:                0 kB
WritebackTmp:          0 kB
CommitLimit:     2172840 kB
Committed_AS:   93139556 kB
VmallocTotal:   251658176 kB
VmallocUsed:      137344 kB
VmallocChunk:   251421228 kB
Time pass: 69 sec

---2015-12-05 14:07:44
MemTotal:        2905316 kB
MemFree:           70384 kB
Buffers:           24860 kB
Cached:          1055544 kB
SwapCached:            0 kB
Active:          1316420 kB
Inactive:         719292 kB
Active(anon):     799192 kB
Inactive(anon):   201844 kB
Active(file):     517228 kB
Inactive(file):   517448 kB
Unevictable:       12768 kB
Mlocked:               0 kB
SwapTotal:        720184 kB
SwapFree:         720156 kB
Dirty:               624 kB
Writeback:             0 kB
AnonPages:        968236 kB
Mapped:           725004 kB
Shmem:             32956 kB
Slab:             120112 kB
SReclaimable:      36008 kB
SUnreclaim:        84104 kB
KernelStack:       34128 kB
PageTables:        57232 kB
NFS_Unstable:          0 kB
Bounce:                0 kB
WritebackTmp:          0 kB
CommitLimit:     2172840 kB
Committed_AS:   93140432 kB
VmallocTotal:   251658176 kB
VmallocUsed:      137520 kB
VmallocChunk:   251421228 kB
Time pass: 73 sec

---2015-12-05 14:07:44
MemTotal:        2905316 kB
MemFree:           64912 kB
Buffers:           24888 kB
Cached:          1045868 kB
SwapCached:            0 kB
Active:          1327872 kB
Inactive:         715296 kB
Active(anon):     815352 kB
Inactive(anon):   202784 kB
Active(file):     512520 kB
Inactive(file):   512512 kB
Unevictable:       12768 kB
Mlocked:               0 kB
SwapTotal:        720184 kB
SwapFree:         720156 kB
Dirty:               496 kB
Writeback:             0 kB
AnonPages:        985172 kB
Mapped:           727792 kB
Shmem:             32956 kB
Slab:             120324 kB
SReclaimable:      36040 kB
SUnreclaim:        84284 kB
KernelStack:       34208 kB
PageTables:        57260 kB
NFS_Unstable:          0 kB
Bounce:                0 kB
WritebackTmp:          0 kB
CommitLimit:     2172840 kB
Committed_AS:   93156268 kB
VmallocTotal:   251658176 kB
VmallocUsed:      137520 kB
VmallocChunk:   251421228 kB
Time pass: 77 sec

---2015-12-05 14:07:44
MemTotal:        2905316 kB
MemFree:           66544 kB
Buffers:           24868 kB
Cached:          1035696 kB
SwapCached:            0 kB
Active:          1330320 kB
Inactive:         712916 kB
Active(anon):     823264 kB
Inactive(anon):   205328 kB
Active(file):     507056 kB
Inactive(file):   507588 kB
Unevictable:       12768 kB
Mlocked:               0 kB
SwapTotal:        720184 kB
SwapFree:         720156 kB
Dirty:                68 kB
Writeback:             0 kB
AnonPages:        995372 kB
Mapped:           727236 kB
Shmem:             33152 kB
Slab:             120584 kB
SReclaimable:      36152 kB
SUnreclaim:        84432 kB
KernelStack:       34464 kB
PageTables:        57556 kB
NFS_Unstable:          0 kB
Bounce:                0 kB
WritebackTmp:          0 kB
CommitLimit:     2172840 kB
Committed_AS:   93220616 kB
VmallocTotal:   251658176 kB
VmallocUsed:      139968 kB
VmallocChunk:   251421228 kB
Time pass: 81 sec

---2015-12-05 14:07:44
MemTotal:        2905316 kB
MemFree:           65700 kB
Buffers:           24736 kB
Cached:          1009336 kB
SwapCached:            0 kB
Active:          1317284 kB
Inactive:         699980 kB
Active(anon):     823444 kB
Inactive(anon):   205864 kB
Active(file):     493840 kB
Inactive(file):   494116 kB
Unevictable:       12768 kB
Mlocked:               0 kB
SwapTotal:        720184 kB
SwapFree:         720156 kB
Dirty:                88 kB
Writeback:             0 kB
AnonPages:        995908 kB
Mapped:           720948 kB
Shmem:             33348 kB
Slab:             120244 kB
SReclaimable:      35912 kB
SUnreclaim:        84332 kB
KernelStack:       34336 kB
PageTables:        57708 kB
NFS_Unstable:          0 kB
Bounce:                0 kB
WritebackTmp:          0 kB
CommitLimit:     2172840 kB
Committed_AS:   93220984 kB
VmallocTotal:   251658176 kB
VmallocUsed:      139968 kB
VmallocChunk:   251421228 kB
Time pass: 85 sec

---2015-12-05 14:07:44
MemTotal:        2905316 kB
MemFree:           62588 kB
Buffers:           24760 kB
Cached:          1009340 kB
SwapCached:            0 kB
Active:          1319352 kB
Inactive:         699988 kB
Active(anon):     825492 kB
Inactive(anon):   205864 kB
Active(file):     493860 kB
Inactive(file):   494124 kB
Unevictable:       12768 kB
Mlocked:               0 kB
SwapTotal:        720184 kB
SwapFree:         720156 kB
Dirty:               112 kB
Writeback:             0 kB
AnonPages:        998152 kB
Mapped:           721008 kB
Shmem:             33348 kB
Slab:             120284 kB
SReclaimable:      35944 kB
SUnreclaim:        84340 kB
KernelStack:       34320 kB
PageTables:        57740 kB
NFS_Unstable:          0 kB
Bounce:                0 kB
WritebackTmp:          0 kB
CommitLimit:     2172840 kB
Committed_AS:   93224292 kB
VmallocTotal:   251658176 kB
VmallocUsed:      139968 kB
VmallocChunk:   251421228 kB
Time pass: 88 sec

---2015-12-05 14:07:44
MemTotal:        2905316 kB
MemFree:           66384 kB
Buffers:           24756 kB
Cached:          1004436 kB
SwapCached:            0 kB
Active:          1317888 kB
Inactive:         698152 kB
Active(anon):     826588 kB
Inactive(anon):   206612 kB
Active(file):     491300 kB
Inactive(file):   491540 kB
Unevictable:       12768 kB
Mlocked:               0 kB
SwapTotal:        720184 kB
SwapFree:         720156 kB
Dirty:               112 kB
Writeback:             0 kB
AnonPages:        999724 kB
Mapped:           721200 kB
Shmem:             33584 kB
Slab:             120316 kB
SReclaimable:      35944 kB
SUnreclaim:        84372 kB
KernelStack:       34320 kB
PageTables:        57732 kB
NFS_Unstable:          0 kB
Bounce:                0 kB
WritebackTmp:          0 kB
CommitLimit:     2172840 kB
Committed_AS:   93224256 kB
VmallocTotal:   251658176 kB
VmallocUsed:      139968 kB
VmallocChunk:   251421228 kB
Time pass: 92 sec

---2015-12-05 14:07:44
MemTotal:        2905316 kB
MemFree:           66188 kB
Buffers:           24764 kB
Cached:          1004464 kB
SwapCached:            0 kB
Active:          1317540 kB
Inactive:         698156 kB
Active(anon):     826208 kB
Inactive(anon):   206612 kB
Active(file):     491332 kB
Inactive(file):   491544 kB
Unevictable:       12768 kB
Mlocked:               0 kB
SwapTotal:        720184 kB
SwapFree:         720156 kB
Dirty:                28 kB
Writeback:             0 kB
AnonPages:        999072 kB
Mapped:           721212 kB
Shmem:             33584 kB
Slab:             120336 kB
SReclaimable:      35944 kB
SUnreclaim:        84392 kB
KernelStack:       34320 kB
PageTables:        57740 kB
NFS_Unstable:          0 kB
Bounce:                0 kB
WritebackTmp:          0 kB
CommitLimit:     2172840 kB
Committed_AS:   93224268 kB
VmallocTotal:   251658176 kB
VmallocUsed:      139968 kB
VmallocChunk:   251421228 kB
Time pass: 96 sec

---2015-12-05 14:07:44
MemTotal:        2905316 kB
MemFree:           65308 kB
Buffers:           24780 kB
Cached:          1004508 kB
SwapCached:            0 kB
Active:          1318368 kB
Inactive:         698192 kB
Active(anon):     827012 kB
Inactive(anon):   206612 kB
Active(file):     491356 kB
Inactive(file):   491580 kB
Unevictable:       12768 kB
Mlocked:               0 kB
SwapTotal:        720184 kB
SwapFree:         720156 kB
Dirty:                 8 kB
Writeback:             0 kB
AnonPages:        999888 kB
Mapped:           721156 kB
Shmem:             33584 kB
Slab:             120288 kB
SReclaimable:      35960 kB
SUnreclaim:        84328 kB
KernelStack:       34336 kB
PageTables:        57716 kB
NFS_Unstable:          0 kB
Bounce:                0 kB
WritebackTmp:          0 kB
CommitLimit:     2172840 kB
Committed_AS:   93225652 kB
VmallocTotal:   251658176 kB
VmallocUsed:      139968 kB
VmallocChunk:   251421228 kB
Time pass: 100 sec

---2015-12-05 14:07:44
MemTotal:        2905316 kB
MemFree:          376736 kB
Buffers:           24816 kB
Cached:          1003440 kB
SwapCached:            0 kB
Active:          1225856 kB
Inactive:         701548 kB
Active(anon):     737748 kB
Inactive(anon):   209504 kB
Active(file):     488108 kB
Inactive(file):   492044 kB
Unevictable:       12768 kB
Mlocked:               0 kB
SwapTotal:        720184 kB
SwapFree:         720156 kB
Dirty:               560 kB
Writeback:            12 kB
AnonPages:        911724 kB
Mapped:           525504 kB
Shmem:             35324 kB
Slab:             120460 kB
SReclaimable:      35832 kB
SUnreclaim:        84628 kB
KernelStack:       33936 kB
PageTables:        55180 kB
NFS_Unstable:          0 kB
Bounce:                0 kB
WritebackTmp:          0 kB
CommitLimit:     2172840 kB
Committed_AS:   91598688 kB
VmallocTotal:   251658176 kB
VmallocUsed:      136096 kB
VmallocChunk:   251422460 kB
Time pass: 103 sec

---2015-12-05 14:07:44
MemTotal:        2905316 kB
MemFree:          306888 kB
Buffers:           24872 kB
Cached:          1004948 kB
SwapCached:            0 kB
Active:          1257696 kB
Inactive:         700904 kB
Active(anon):     767304 kB
Inactive(anon):   207672 kB
Active(file):     490392 kB
Inactive(file):   493232 kB
Unevictable:       12768 kB
Mlocked:               0 kB
SwapTotal:        720184 kB
SwapFree:         720156 kB
Dirty:              1544 kB
Writeback:             0 kB
AnonPages:        941780 kB
Mapped:           562156 kB
Shmem:             33516 kB
Slab:             120340 kB
SReclaimable:      35944 kB
SUnreclaim:        84396 kB
KernelStack:       33632 kB
PageTables:        56100 kB
NFS_Unstable:          0 kB
Bounce:                0 kB
WritebackTmp:          0 kB
CommitLimit:     2172840 kB
Committed_AS:   92408100 kB
VmallocTotal:   251658176 kB
VmallocUsed:      137516 kB
VmallocChunk:   251422460 kB
Time pass: 107 sec

---2015-12-05 14:07:44
MemTotal:        2905316 kB
MemFree:          236536 kB
Buffers:           25304 kB
Cached:          1007456 kB
SwapCached:            0 kB
Active:          1269084 kB
Inactive:         703480 kB
Active(anon):     778456 kB
Inactive(anon):   207628 kB
Active(file):     490628 kB
Inactive(file):   495852 kB
Unevictable:       12768 kB
Mlocked:               0 kB
SwapTotal:        720184 kB
SwapFree:         720156 kB
Dirty:              1000 kB
Writeback:             0 kB
AnonPages:        953200 kB
Mapped:           615956 kB
Shmem:             33460 kB
Slab:             120420 kB
SReclaimable:      36028 kB
SUnreclaim:        84392 kB
KernelStack:       33872 kB
PageTables:        56380 kB
NFS_Unstable:          0 kB
Bounce:                0 kB
WritebackTmp:          0 kB
CommitLimit:     2172840 kB
Committed_AS:   92455956 kB
VmallocTotal:   251658176 kB
VmallocUsed:      138020 kB
VmallocChunk:   251422460 kB
Time pass: 110 sec

---2015-12-05 14:07:44
MemTotal:        2905316 kB
MemFree:          156712 kB
Buffers:           25304 kB
Cached:          1008968 kB
SwapCached:            0 kB
Active:          1280412 kB
Inactive:         703236 kB
Active(anon):     787980 kB
Inactive(anon):   207628 kB
Active(file):     492432 kB
Inactive(file):   495608 kB
Unevictable:       12768 kB
Mlocked:               0 kB
SwapTotal:        720184 kB
SwapFree:         720156 kB
Dirty:               992 kB
Writeback:            20 kB
AnonPages:        962016 kB
Mapped:           665828 kB
Shmem:             33464 kB
Slab:             120588 kB
SReclaimable:      36032 kB
SUnreclaim:        84556 kB
KernelStack:       33904 kB
PageTables:        56600 kB
NFS_Unstable:          0 kB
Bounce:                0 kB
WritebackTmp:          0 kB
CommitLimit:     2172840 kB
Committed_AS:   92463316 kB
VmallocTotal:   251658176 kB
VmallocUsed:      138548 kB
VmallocChunk:   251422460 kB
Time pass: 114 sec

---2015-12-05 14:07:44
MemTotal:        2905316 kB
MemFree:          137864 kB
Buffers:           25312 kB
Cached:          1009112 kB
SwapCached:            0 kB
Active:          1282448 kB
Inactive:         703120 kB
Active(anon):     789812 kB
Inactive(anon):   207628 kB
Active(file):     492636 kB
Inactive(file):   495492 kB
Unevictable:       12768 kB
Mlocked:               0 kB
SwapTotal:        720184 kB
SwapFree:         720156 kB
Dirty:              1184 kB
Writeback:             0 kB
AnonPages:        964040 kB
Mapped:           675924 kB
Shmem:             33464 kB
Slab:             120456 kB
SReclaimable:      36032 kB
SUnreclaim:        84424 kB
KernelStack:       33904 kB
PageTables:        56580 kB
NFS_Unstable:          0 kB
Bounce:                0 kB
WritebackTmp:          0 kB
CommitLimit:     2172840 kB
Committed_AS:   92464448 kB
VmallocTotal:   251658176 kB
VmallocUsed:      136252 kB
VmallocChunk:   251422460 kB
Time pass: 118 sec

---2015-12-05 14:07:44
MemTotal:        2905316 kB
MemFree:          137240 kB
Buffers:           25320 kB
Cached:          1009128 kB
SwapCached:            0 kB
Active:          1282788 kB
Inactive:         703192 kB
Active(anon):     790144 kB
Inactive(anon):   207628 kB
Active(file):     492644 kB
Inactive(file):   495564 kB
Unevictable:       12768 kB
Mlocked:               0 kB
SwapTotal:        720184 kB
SwapFree:         720156 kB
Dirty:               212 kB
Writeback:             0 kB
AnonPages:        964160 kB
Mapped:           676100 kB
Shmem:             33464 kB
Slab:             120420 kB
SReclaimable:      36032 kB
SUnreclaim:        84388 kB
KernelStack:       33888 kB
PageTables:        56632 kB
NFS_Unstable:          0 kB
Bounce:                0 kB
WritebackTmp:          0 kB
CommitLimit:     2172840 kB
Committed_AS:   92464420 kB
VmallocTotal:   251658176 kB
VmallocUsed:      136252 kB
VmallocChunk:   251422460 kB
Time pass: 122 sec

---2015-12-05 14:07:44
MemTotal:        2905316 kB
MemFree:          107352 kB
Buffers:           25328 kB
Cached:          1009164 kB
SwapCached:            0 kB
Active:          1289728 kB
Inactive:         703196 kB
Active(anon):     797040 kB
Inactive(anon):   207628 kB
Active(file):     492688 kB
Inactive(file):   495568 kB
Unevictable:       12768 kB
Mlocked:               0 kB
SwapTotal:        720184 kB
SwapFree:         720156 kB
Dirty:               536 kB
Writeback:             0 kB
AnonPages:        971332 kB
Mapped:           689380 kB
Shmem:             33464 kB
Slab:             120448 kB
SReclaimable:      36032 kB
SUnreclaim:        84416 kB
KernelStack:       33888 kB
PageTables:        56612 kB
NFS_Unstable:          0 kB
Bounce:                0 kB
WritebackTmp:          0 kB
CommitLimit:     2172840 kB
Committed_AS:   92468004 kB
VmallocTotal:   251658176 kB
VmallocUsed:      136436 kB
VmallocChunk:   251422460 kB
Time pass: 126 sec

---2015-12-05 14:07:44
MemTotal:        2905316 kB
MemFree:          107856 kB
Buffers:           25328 kB
Cached:          1009172 kB
SwapCached:            0 kB
Active:          1289368 kB
Inactive:         703204 kB
Active(anon):     796676 kB
Inactive(anon):   207628 kB
Active(file):     492692 kB
Inactive(file):   495576 kB
Unevictable:       12768 kB
Mlocked:               0 kB
SwapTotal:        720184 kB
SwapFree:         720156 kB
Dirty:                 0 kB
Writeback:             0 kB
AnonPages:        970660 kB
Mapped:           689408 kB
Shmem:             33464 kB
Slab:             120452 kB
SReclaimable:      36032 kB
SUnreclaim:        84420 kB
KernelStack:       33888 kB
PageTables:        56636 kB
NFS_Unstable:          0 kB
Bounce:                0 kB
WritebackTmp:          0 kB
CommitLimit:     2172840 kB
Committed_AS:   92468040 kB
VmallocTotal:   251658176 kB
VmallocUsed:      136436 kB
VmallocChunk:   251422460 kB
Time pass: 129 sec

---2015-12-05 14:07:44
MemTotal:        2905316 kB
MemFree:           97792 kB
Buffers:           25340 kB
Cached:          1013324 kB
SwapCached:            0 kB
Active:          1294728 kB
Inactive:         707268 kB
Active(anon):     802024 kB
Inactive(anon):   207628 kB
Active(file):     492704 kB
Inactive(file):   499640 kB
Unevictable:       12768 kB
Mlocked:               0 kB
SwapTotal:        720184 kB
SwapFree:         720156 kB
Dirty:                48 kB
Writeback:             0 kB
AnonPages:        976048 kB
Mapped:           690380 kB
Shmem:             33464 kB
Slab:             120580 kB
SReclaimable:      36036 kB
SUnreclaim:        84544 kB
KernelStack:       33936 kB
PageTables:        56648 kB
NFS_Unstable:          0 kB
Bounce:                0 kB
WritebackTmp:          0 kB
CommitLimit:     2172840 kB
Committed_AS:   92474996 kB
VmallocTotal:   251658176 kB
VmallocUsed:      136436 kB
VmallocChunk:   251422460 kB
Time pass: 133 sec

---2015-12-05 14:07:44
MemTotal:        2905316 kB
MemFree:           89880 kB
Buffers:           25348 kB
Cached:          1013352 kB
SwapCached:            0 kB
Active:          1296092 kB
Inactive:         707368 kB
Active(anon):     803364 kB
Inactive(anon):   207628 kB
Active(file):     492728 kB
Inactive(file):   499740 kB
Unevictable:       12768 kB
Mlocked:               0 kB
SwapTotal:        720184 kB
SwapFree:         720156 kB
Dirty:                56 kB
Writeback:             0 kB
AnonPages:        977852 kB
Mapped:           691612 kB
Shmem:             33464 kB
Slab:             120672 kB
SReclaimable:      36036 kB
SUnreclaim:        84636 kB
KernelStack:       33920 kB
PageTables:        56604 kB
NFS_Unstable:          0 kB
Bounce:                0 kB
WritebackTmp:          0 kB
CommitLimit:     2172840 kB
Committed_AS:   92476584 kB
VmallocTotal:   251658176 kB
VmallocUsed:      136436 kB
VmallocChunk:   251422460 kB
Time pass: 137 sec

---2015-12-05 14:07:44
MemTotal:        2905316 kB
MemFree:           81100 kB
Buffers:           25364 kB
Cached:          1013628 kB
SwapCached:            0 kB
Active:          1308456 kB
Inactive:         706628 kB
Active(anon):     814700 kB
Inactive(anon):   207824 kB
Active(file):     493756 kB
Inactive(file):   498804 kB
Unevictable:       12768 kB
Mlocked:               0 kB
SwapTotal:        720184 kB
SwapFree:         720156 kB
Dirty:                 0 kB
Writeback:             0 kB
AnonPages:        988788 kB
Mapped:           694940 kB
Shmem:             33664 kB
Slab:             120752 kB
SReclaimable:      36052 kB
SUnreclaim:        84700 kB
KernelStack:       34320 kB
PageTables:        56960 kB
NFS_Unstable:          0 kB
Bounce:                0 kB
WritebackTmp:          0 kB
CommitLimit:     2172840 kB
Committed_AS:   92541976 kB
VmallocTotal:   251658176 kB
VmallocUsed:      138884 kB
VmallocChunk:   251422460 kB
Time pass: 141 sec

---2015-12-05 14:07:44
MemTotal:        2905316 kB
MemFree:           79780 kB
Buffers:           25372 kB
Cached:          1013728 kB
SwapCached:            0 kB
Active:          1309096 kB
Inactive:         706720 kB
Active(anon):     815332 kB
Inactive(anon):   207912 kB
Active(file):     493764 kB
Inactive(file):   498808 kB
Unevictable:       12768 kB
Mlocked:               0 kB
SwapTotal:        720184 kB
SwapFree:         720156 kB
Dirty:                84 kB
Writeback:             0 kB
AnonPages:        989836 kB
Mapped:           695052 kB
Shmem:             33752 kB
Slab:             120760 kB
SReclaimable:      36052 kB
SUnreclaim:        84708 kB
KernelStack:       34320 kB
PageTables:        56996 kB
NFS_Unstable:          0 kB
Bounce:                0 kB
WritebackTmp:          0 kB
CommitLimit:     2172840 kB
Committed_AS:   92542468 kB
VmallocTotal:   251658176 kB
VmallocUsed:      138884 kB
VmallocChunk:   251422460 kB
Time pass: 144 sec

---2015-12-05 14:07:44
MemTotal:        2905316 kB
MemFree:           77460 kB
Buffers:           25372 kB
Cached:          1013800 kB
SwapCached:            0 kB
Active:          1310052 kB
Inactive:         706792 kB
Active(anon):     816280 kB
Inactive(anon):   207976 kB
Active(file):     493772 kB
Inactive(file):   498816 kB
Unevictable:       12768 kB
Mlocked:               0 kB
SwapTotal:        720184 kB
SwapFree:         720156 kB
Dirty:                12 kB
Writeback:             0 kB
AnonPages:        990464 kB
Mapped:           695180 kB
Shmem:             33816 kB
Slab:             120764 kB
SReclaimable:      36052 kB
SUnreclaim:        84712 kB
KernelStack:       34336 kB
PageTables:        57016 kB
NFS_Unstable:          0 kB
Bounce:                0 kB
WritebackTmp:          0 kB
CommitLimit:     2172840 kB
Committed_AS:   92542504 kB
VmallocTotal:   251658176 kB
VmallocUsed:      138896 kB
VmallocChunk:   251422460 kB
Time pass: 148 sec

---2015-12-05 14:07:44
MemTotal:        2905316 kB
MemFree:           77752 kB
Buffers:           25380 kB
Cached:          1013824 kB
SwapCached:            0 kB
Active:          1309764 kB
Inactive:         706820 kB
Active(anon):     815988 kB
Inactive(anon):   207996 kB
Active(file):     493776 kB
Inactive(file):   498824 kB
Unevictable:       12768 kB
Mlocked:               0 kB
SwapTotal:        720184 kB
SwapFree:         720156 kB
Dirty:                 8 kB
Writeback:             0 kB
AnonPages:        990280 kB
Mapped:           695236 kB
Shmem:             33836 kB
Slab:             120792 kB
SReclaimable:      36052 kB
SUnreclaim:        84740 kB
KernelStack:       34304 kB
PageTables:        57020 kB
NFS_Unstable:          0 kB
Bounce:                0 kB
WritebackTmp:          0 kB
CommitLimit:     2172840 kB
Committed_AS:   92542780 kB
VmallocTotal:   251658176 kB
VmallocUsed:      138896 kB
VmallocChunk:   251422460 kB
Time pass: 152 sec

---2015-12-05 14:07:44
MemTotal:        2905316 kB
MemFree:           87552 kB
Buffers:           25388 kB
Cached:          1013572 kB
SwapCached:            0 kB
Active:          1302136 kB
Inactive:         706376 kB
Active(anon):     808156 kB
Inactive(anon):   207688 kB
Active(file):     493980 kB
Inactive(file):   498688 kB
Unevictable:       12768 kB
Mlocked:               0 kB
SwapTotal:        720184 kB
SwapFree:         720156 kB
Dirty:               108 kB
Writeback:             0 kB
AnonPages:        982180 kB
Mapped:           694812 kB
Shmem:             33524 kB
Slab:             120884 kB
SReclaimable:      36052 kB
SUnreclaim:        84832 kB
KernelStack:       33936 kB
PageTables:        56840 kB
NFS_Unstable:          0 kB
Bounce:                0 kB
WritebackTmp:          0 kB
CommitLimit:     2172840 kB
Committed_AS:   92514344 kB
VmallocTotal:   251658176 kB
VmallocUsed:      138896 kB
VmallocChunk:   251422460 kB
Time pass: 156 sec

---2015-12-05 14:07:44
MemTotal:        2905316 kB
MemFree:           87060 kB
Buffers:           25396 kB
Cached:          1013584 kB
SwapCached:            0 kB
Active:          1302292 kB
Inactive:         706372 kB
Active(anon):     808296 kB
Inactive(anon):   207688 kB
Active(file):     493996 kB
Inactive(file):   498684 kB
Unevictable:       12768 kB
Mlocked:               0 kB
SwapTotal:        720184 kB
SwapFree:         720156 kB
Dirty:                56 kB
Writeback:             0 kB
AnonPages:        982688 kB
Mapped:           694832 kB
Shmem:             33524 kB
Slab:             120732 kB
SReclaimable:      36052 kB
SUnreclaim:        84680 kB
KernelStack:       33952 kB
PageTables:        56844 kB
NFS_Unstable:          0 kB
Bounce:                0 kB
WritebackTmp:          0 kB
CommitLimit:     2172840 kB
Committed_AS:   92514068 kB
VmallocTotal:   251658176 kB
VmallocUsed:      138864 kB
VmallocChunk:   251422460 kB
Time pass: 160 sec

---2015-12-05 14:07:44
MemTotal:        2905316 kB
MemFree:           86684 kB
Buffers:           25404 kB
Cached:          1013584 kB
SwapCached:            0 kB
Active:          1302700 kB
Inactive:         706376 kB
Active(anon):     808696 kB
Inactive(anon):   207688 kB
Active(file):     494004 kB
Inactive(file):   498688 kB
Unevictable:       12768 kB
Mlocked:               0 kB
SwapTotal:        720184 kB
SwapFree:         720156 kB
Dirty:                16 kB
Writeback:             0 kB
AnonPages:        982712 kB
Mapped:           694852 kB
Shmem:             33524 kB
Slab:             120740 kB
SReclaimable:      36052 kB
SUnreclaim:        84688 kB
KernelStack:       33952 kB
PageTables:        56844 kB
NFS_Unstable:          0 kB
Bounce:                0 kB
WritebackTmp:          0 kB
CommitLimit:     2172840 kB
Committed_AS:   92514044 kB
VmallocTotal:   251658176 kB
VmallocUsed:      138864 kB
VmallocChunk:   251422460 kB
Time pass: 163 sec

---2015-12-05 14:07:44
MemTotal:        2905316 kB
MemFree:           86988 kB
Buffers:           25404 kB
Cached:          1013596 kB
SwapCached:            0 kB
Active:          1302516 kB
Inactive:         706384 kB
Active(anon):     808504 kB
Inactive(anon):   207688 kB
Active(file):     494012 kB
Inactive(file):   498696 kB
Unevictable:       12768 kB
Mlocked:               0 kB
SwapTotal:        720184 kB
SwapFree:         720156 kB
Dirty:                 8 kB
Writeback:             0 kB
AnonPages:        982624 kB
Mapped:           694800 kB
Shmem:             33524 kB
Slab:             120872 kB
SReclaimable:      36052 kB
SUnreclaim:        84820 kB
KernelStack:       33904 kB
PageTables:        56820 kB
NFS_Unstable:          0 kB
Bounce:                0 kB
WritebackTmp:          0 kB
CommitLimit:     2172840 kB
Committed_AS:   92513984 kB
VmallocTotal:   251658176 kB
VmallocUsed:      138864 kB
VmallocChunk:   251422460 kB
Time pass: 167 sec

---2015-12-05 14:07:44
MemTotal:        2905316 kB
MemFree:           90996 kB
Buffers:           25412 kB
Cached:          1013052 kB
SwapCached:            0 kB
Active:          1302280 kB
Inactive:         705836 kB
Active(anon):     808256 kB
Inactive(anon):   207064 kB
Active(file):     494024 kB
Inactive(file):   498772 kB
Unevictable:       12768 kB
Mlocked:               0 kB
SwapTotal:        720184 kB
SwapFree:         720156 kB
Dirty:                60 kB
Writeback:             0 kB
AnonPages:        982484 kB
Mapped:           694356 kB
Shmem:             32900 kB
Slab:             118000 kB
SReclaimable:      36052 kB
SUnreclaim:        81948 kB
KernelStack:       33856 kB
PageTables:        56284 kB
NFS_Unstable:          0 kB
Bounce:                0 kB
WritebackTmp:          0 kB
CommitLimit:     2172840 kB
Committed_AS:   92233608 kB
VmallocTotal:   251658176 kB
VmallocUsed:      136448 kB
VmallocChunk:   251422460 kB
Time pass: 171 sec

---2015-12-05 14:07:44
MemTotal:        2905316 kB
MemFree:           92800 kB
Buffers:           25420 kB
Cached:          1013064 kB
SwapCached:            0 kB
Active:          1300520 kB
Inactive:         705848 kB
Active(anon):     806496 kB
Inactive(anon):   207076 kB
Active(file):     494024 kB
Inactive(file):   498772 kB
Unevictable:       12768 kB
Mlocked:               0 kB
SwapTotal:        720184 kB
SwapFree:         720156 kB
Dirty:                40 kB
Writeback:             0 kB
AnonPages:        980516 kB
Mapped:           694372 kB
Shmem:             32912 kB
Slab:             117976 kB
SReclaimable:      36052 kB
SUnreclaim:        81924 kB
KernelStack:       33872 kB
PageTables:        56296 kB
NFS_Unstable:          0 kB
Bounce:                0 kB
WritebackTmp:          0 kB
CommitLimit:     2172840 kB
Committed_AS:   92233608 kB
VmallocTotal:   251658176 kB
VmallocUsed:      136448 kB
VmallocChunk:   251422460 kB
Time pass: 175 sec

---2015-12-05 14:07:44
MemTotal:        2905316 kB
MemFree:           91812 kB
Buffers:           25428 kB
Cached:          1013080 kB
SwapCached:            0 kB
Active:          1301424 kB
Inactive:         705856 kB
Active(anon):     807396 kB
Inactive(anon):   207076 kB
Active(file):     494028 kB
Inactive(file):   498780 kB
Unevictable:       12768 kB
Mlocked:               0 kB
SwapTotal:        720184 kB
SwapFree:         720156 kB
Dirty:                32 kB
Writeback:             0 kB
AnonPages:        981636 kB
Mapped:           694444 kB
Shmem:             32912 kB
Slab:             117972 kB
SReclaimable:      36052 kB
SUnreclaim:        81920 kB
KernelStack:       33888 kB
PageTables:        56324 kB
NFS_Unstable:          0 kB
Bounce:                0 kB
WritebackTmp:          0 kB
CommitLimit:     2172840 kB
Committed_AS:   92233608 kB
VmallocTotal:   251658176 kB
VmallocUsed:      136448 kB
VmallocChunk:   251422460 kB
Time pass: 179 sec

---2015-12-05 14:07:44
MemTotal:        2905316 kB
MemFree:           88056 kB
Buffers:           25444 kB
Cached:          1013144 kB
SwapCached:            0 kB
Active:          1304924 kB
Inactive:         705908 kB
Active(anon):     810852 kB
Inactive(anon):   207076 kB
Active(file):     494072 kB
Inactive(file):   498832 kB
Unevictable:       12768 kB
Mlocked:               0 kB
SwapTotal:        720184 kB
SwapFree:         720156 kB
Dirty:                20 kB
Writeback:             0 kB
AnonPages:        984920 kB
Mapped:           695112 kB
Shmem:             32912 kB
Slab:             117980 kB
SReclaimable:      36052 kB
SUnreclaim:        81928 kB
KernelStack:       34048 kB
PageTables:        56816 kB
NFS_Unstable:          0 kB
Bounce:                0 kB
WritebackTmp:          0 kB
CommitLimit:     2172840 kB
Committed_AS:   92962144 kB
VmallocTotal:   251658176 kB
VmallocUsed:      137468 kB
VmallocChunk:   251422460 kB
Time pass: 182 sec

---2015-12-05 14:07:44
MemTotal:        2905316 kB
MemFree:           87304 kB
Buffers:           25452 kB
Cached:          1013164 kB
SwapCached:            0 kB
Active:          1305040 kB
Inactive:         705920 kB
Active(anon):     810964 kB
Inactive(anon):   207076 kB
Active(file):     494076 kB
Inactive(file):   498844 kB
Unevictable:       12768 kB
Mlocked:               0 kB
SwapTotal:        720184 kB
SwapFree:         720156 kB
Dirty:                64 kB
Writeback:             0 kB
AnonPages:        985256 kB
Mapped:           695120 kB
Shmem:             32912 kB
Slab:             117984 kB
SReclaimable:      36052 kB
SUnreclaim:        81932 kB
KernelStack:       34048 kB
PageTables:        56836 kB
NFS_Unstable:          0 kB
Bounce:                0 kB
WritebackTmp:          0 kB
CommitLimit:     2172840 kB
Committed_AS:   92962388 kB
VmallocTotal:   251658176 kB
VmallocUsed:      137468 kB
VmallocChunk:   251422460 kB
Time pass: 186 sec

---2015-12-05 14:07:44
MemTotal:        2905316 kB
MemFree:           66900 kB
Buffers:           25484 kB
Cached:          1013224 kB
SwapCached:            0 kB
Active:          1322852 kB
Inactive:         705992 kB
Active(anon):     828740 kB
Inactive(anon):   207076 kB
Active(file):     494112 kB
Inactive(file):   498916 kB
Unevictable:       12768 kB
Mlocked:               0 kB
SwapTotal:        720184 kB
SwapFree:         720156 kB
Dirty:               156 kB
Writeback:             4 kB
AnonPages:       1003124 kB
Mapped:           699324 kB
Shmem:             32912 kB
Slab:             117988 kB
SReclaimable:      36052 kB
SUnreclaim:        81936 kB
KernelStack:       34096 kB
PageTables:        56812 kB
NFS_Unstable:          0 kB
Bounce:                0 kB
WritebackTmp:          0 kB
CommitLimit:     2172840 kB
Committed_AS:   92971204 kB
VmallocTotal:   251658176 kB
VmallocUsed:      137500 kB
VmallocChunk:   251422460 kB
Time pass: 190 sec

---2015-12-05 14:07:44
MemTotal:        2905316 kB
MemFree:           71484 kB
Buffers:           25472 kB
Cached:          1006424 kB
SwapCached:            0 kB
Active:          1325132 kB
Inactive:         701828 kB
Active(anon):     832136 kB
Inactive(anon):   208768 kB
Active(file):     492996 kB
Inactive(file):   493060 kB
Unevictable:       12768 kB
Mlocked:               0 kB
SwapTotal:        720184 kB
SwapFree:         720156 kB
Dirty:                28 kB
Writeback:             0 kB
AnonPages:       1008052 kB
Mapped:           696576 kB
Shmem:             33072 kB
Slab:             118008 kB
SReclaimable:      36052 kB
SUnreclaim:        81956 kB
KernelStack:       34384 kB
PageTables:        56976 kB
NFS_Unstable:          0 kB
Bounce:                0 kB
WritebackTmp:          0 kB
CommitLimit:     2172840 kB
Committed_AS:   93005148 kB
VmallocTotal:   251658176 kB
VmallocUsed:      139916 kB
VmallocChunk:   251422460 kB
Time pass: 194 sec

---2015-12-05 14:07:44
MemTotal:        2905316 kB
MemFree:           69668 kB
Buffers:           25488 kB
Cached:          1006484 kB
SwapCached:            0 kB
Active:          1327048 kB
Inactive:         701892 kB
Active(anon):     834040 kB
Inactive(anon):   208796 kB
Active(file):     493008 kB
Inactive(file):   493096 kB
Unevictable:       12768 kB
Mlocked:               0 kB
SwapTotal:        720184 kB
SwapFree:         720156 kB
Dirty:               116 kB
Writeback:             0 kB
AnonPages:       1009856 kB
Mapped:           696636 kB
Shmem:             33100 kB
Slab:             118024 kB
SReclaimable:      36068 kB
SUnreclaim:        81956 kB
KernelStack:       34384 kB
PageTables:        56976 kB
NFS_Unstable:          0 kB
Bounce:                0 kB
WritebackTmp:          0 kB
CommitLimit:     2172840 kB
Committed_AS:   93031752 kB
VmallocTotal:   251658176 kB
VmallocUsed:      139916 kB
VmallocChunk:   251422460 kB
Time pass: 198 sec

---2015-12-05 14:07:44
MemTotal:        2905316 kB
MemFree:           67908 kB
Buffers:           25504 kB
Cached:          1006612 kB
SwapCached:            0 kB
Active:          1328308 kB
Inactive:         702000 kB
Active(anon):     835276 kB
Inactive(anon):   208852 kB
Active(file):     493032 kB
Inactive(file):   493148 kB
Unevictable:       12768 kB
Mlocked:               0 kB
SwapTotal:        720184 kB
SwapFree:         720156 kB
Dirty:                 0 kB
Writeback:             0 kB
AnonPages:       1010804 kB
Mapped:           696780 kB
Shmem:             33168 kB
Slab:             118024 kB
SReclaimable:      36068 kB
SUnreclaim:        81956 kB
KernelStack:       34368 kB
PageTables:        57032 kB
NFS_Unstable:          0 kB
Bounce:                0 kB
WritebackTmp:          0 kB
CommitLimit:     2172840 kB
Committed_AS:   93032524 kB
VmallocTotal:   251658176 kB
VmallocUsed:      139916 kB
VmallocChunk:   251422460 kB
Time pass: 201 sec

---2015-12-05 14:07:44
MemTotal:        2905316 kB
MemFree:           68080 kB
Buffers:           25512 kB
Cached:          1006612 kB
SwapCached:            0 kB
Active:          1327840 kB
Inactive:         702000 kB
Active(anon):     834804 kB
Inactive(anon):   208852 kB
Active(file):     493036 kB
Inactive(file):   493148 kB
Unevictable:       12768 kB
Mlocked:               0 kB
SwapTotal:        720184 kB
SwapFree:         720156 kB
Dirty:                64 kB
Writeback:             0 kB
AnonPages:       1010500 kB
Mapped:           696784 kB
Shmem:             33168 kB
Slab:             118044 kB
SReclaimable:      36084 kB
SUnreclaim:        81960 kB
KernelStack:       34352 kB
PageTables:        57036 kB
NFS_Unstable:          0 kB
Bounce:                0 kB
WritebackTmp:          0 kB
CommitLimit:     2172840 kB
Committed_AS:   93032512 kB
VmallocTotal:   251658176 kB
VmallocUsed:      139916 kB
VmallocChunk:   251422460 kB
Time pass: 205 sec

---2015-12-05 14:07:44
MemTotal:        2905316 kB
MemFree:           68296 kB
Buffers:           25520 kB
Cached:          1006728 kB
SwapCached:            0 kB
Active:          1328148 kB
Inactive:         702112 kB
Active(anon):     835100 kB
Inactive(anon):   208852 kB
Active(file):     493048 kB
Inactive(file):   493260 kB
Unevictable:       12768 kB
Mlocked:               0 kB
SwapTotal:        720184 kB
SwapFree:         720156 kB
Dirty:                36 kB
Writeback:             0 kB
AnonPages:       1010900 kB
Mapped:           696820 kB
Shmem:             33168 kB
Slab:             118044 kB
SReclaimable:      36084 kB
SUnreclaim:        81960 kB
KernelStack:       34368 kB
PageTables:        57016 kB
NFS_Unstable:          0 kB
Bounce:                0 kB
WritebackTmp:          0 kB
CommitLimit:     2172840 kB
Committed_AS:   93032476 kB
VmallocTotal:   251658176 kB
VmallocUsed:      139916 kB
VmallocChunk:   251422460 kB
Time pass: 209 sec

---2015-12-05 14:07:44
MemTotal:        2905316 kB
MemFree:           76768 kB
Buffers:           25520 kB
Cached:          1006736 kB
SwapCached:            0 kB
Active:          1319308 kB
Inactive:         702112 kB
Active(anon):     826248 kB
Inactive(anon):   208852 kB
Active(file):     493060 kB
Inactive(file):   493260 kB
Unevictable:       12768 kB
Mlocked:               0 kB
SwapTotal:        720184 kB
SwapFree:         720156 kB
Dirty:                48 kB
Writeback:             0 kB
AnonPages:       1001940 kB
Mapped:           696832 kB
Shmem:             33168 kB
Slab:             118044 kB
SReclaimable:      36084 kB
SUnreclaim:        81960 kB
KernelStack:       34368 kB
PageTables:        57016 kB
NFS_Unstable:          0 kB
Bounce:                0 kB
WritebackTmp:          0 kB
CommitLimit:     2172840 kB
Committed_AS:   93032472 kB
VmallocTotal:   251658176 kB
VmallocUsed:      139916 kB
VmallocChunk:   251422460 kB
Time pass: 212 sec

---2015-12-05 14:07:44
MemTotal:        2905316 kB
MemFree:           70692 kB
Buffers:           25536 kB
Cached:          1007216 kB
SwapCached:            0 kB
Active:          1321620 kB
Inactive:         702428 kB
Active(anon):     828404 kB
Inactive(anon):   208876 kB
Active(file):     493216 kB
Inactive(file):   493552 kB
Unevictable:       12768 kB
Mlocked:               0 kB
SwapTotal:        720184 kB
SwapFree:         720156 kB
Dirty:                56 kB
Writeback:             0 kB
AnonPages:       1004132 kB
Mapped:           696976 kB
Shmem:             33192 kB
Slab:             121928 kB
SReclaimable:      39608 kB
SUnreclaim:        82320 kB
KernelStack:       34432 kB
PageTables:        57112 kB
NFS_Unstable:          0 kB
Bounce:                0 kB
WritebackTmp:          0 kB
CommitLimit:     2172840 kB
Committed_AS:   93044040 kB
VmallocTotal:   251658176 kB
VmallocUsed:      140936 kB
VmallocChunk:   251422460 kB
Time pass: 216 sec

---2015-12-05 14:07:44
MemTotal:        2905316 kB
MemFree:           70228 kB
Buffers:           25552 kB
Cached:          1007460 kB
SwapCached:            0 kB
Active:          1320976 kB
Inactive:         702660 kB
Active(anon):     827732 kB
Inactive(anon):   208876 kB
Active(file):     493244 kB
Inactive(file):   493784 kB
Unevictable:       12768 kB
Mlocked:               0 kB
SwapTotal:        720184 kB
SwapFree:         720156 kB
Dirty:               108 kB
Writeback:             0 kB
AnonPages:       1003664 kB
Mapped:           697092 kB
Shmem:             33192 kB
Slab:             122236 kB
SReclaimable:      39900 kB
SUnreclaim:        82336 kB
KernelStack:       34400 kB
PageTables:        57088 kB
NFS_Unstable:          0 kB
Bounce:                0 kB
WritebackTmp:          0 kB
CommitLimit:     2172840 kB
Committed_AS:   93038408 kB
VmallocTotal:   251658176 kB
VmallocUsed:      139916 kB
VmallocChunk:   251422460 kB
Time pass: 220 sec

---2015-12-05 14:07:44
MemTotal:        2905316 kB
MemFree:           71424 kB
Buffers:           25560 kB
Cached:          1007476 kB
SwapCached:            0 kB
Active:          1319888 kB
Inactive:         702680 kB
Active(anon):     826616 kB
Inactive(anon):   208876 kB
Active(file):     493272 kB
Inactive(file):   493804 kB
Unevictable:       12768 kB
Mlocked:               0 kB
SwapTotal:        720184 kB
SwapFree:         720156 kB
Dirty:                 0 kB
Writeback:             0 kB
AnonPages:       1002280 kB
Mapped:           697084 kB
Shmem:             33192 kB
Slab:             122244 kB
SReclaimable:      39896 kB
SUnreclaim:        82348 kB
KernelStack:       34320 kB
PageTables:        57016 kB
NFS_Unstable:          0 kB
Bounce:                0 kB
WritebackTmp:          0 kB
CommitLimit:     2172840 kB
Committed_AS:   93032472 kB
VmallocTotal:   251658176 kB
VmallocUsed:      139916 kB
VmallocChunk:   251422460 kB
Time pass: 224 sec

---2015-12-05 14:07:44
MemTotal:        2905316 kB
MemFree:           69112 kB
Buffers:           25584 kB
Cached:          1007468 kB
SwapCached:            0 kB
Active:          1322628 kB
Inactive:         702692 kB
Active(anon):     829352 kB
Inactive(anon):   208876 kB
Active(file):     493276 kB
Inactive(file):   493816 kB
Unevictable:       12768 kB
Mlocked:               0 kB
SwapTotal:        720184 kB
SwapFree:         720156 kB
Dirty:                80 kB
Writeback:             0 kB
AnonPages:       1005108 kB
Mapped:           696876 kB
Shmem:             33192 kB
Slab:             122252 kB
SReclaimable:      39900 kB
SUnreclaim:        82352 kB
KernelStack:       34368 kB
PageTables:        57028 kB
NFS_Unstable:          0 kB
Bounce:                0 kB
WritebackTmp:          0 kB
CommitLimit:     2172840 kB
Committed_AS:   93020184 kB
VmallocTotal:   251658176 kB
VmallocUsed:      139916 kB
VmallocChunk:   251422460 kB
Time pass: 227 sec

---2015-12-05 14:07:44
MemTotal:        2905316 kB
MemFree:           66896 kB
Buffers:           25600 kB
Cached:          1007564 kB
SwapCached:            0 kB
Active:          1324228 kB
Inactive:         702772 kB
Active(anon):     830920 kB
Inactive(anon):   208868 kB
Active(file):     493308 kB
Inactive(file):   493904 kB
Unevictable:       12768 kB
Mlocked:               0 kB
SwapTotal:        720184 kB
SwapFree:         720156 kB
Dirty:               104 kB
Writeback:             0 kB
AnonPages:       1006536 kB
Mapped:           697120 kB
Shmem:             33184 kB
Slab:             122236 kB
SReclaimable:      39900 kB
SUnreclaim:        82336 kB
KernelStack:       34352 kB
PageTables:        57108 kB
NFS_Unstable:          0 kB
Bounce:                0 kB
WritebackTmp:          0 kB
CommitLimit:     2172840 kB
Committed_AS:   93073208 kB
VmallocTotal:   251658176 kB
VmallocUsed:      139916 kB
VmallocChunk:   251422460 kB
Time pass: 231 sec

---2015-12-05 14:07:44
MemTotal:        2905316 kB
MemFree:           66380 kB
Buffers:           25600 kB
Cached:          1007576 kB
SwapCached:            0 kB
Active:          1324328 kB
Inactive:         702780 kB
Active(anon):     831016 kB
Inactive(anon):   208880 kB
Active(file):     493312 kB
Inactive(file):   493900 kB
Unevictable:       12768 kB
Mlocked:               0 kB
SwapTotal:        720184 kB
SwapFree:         720156 kB
Dirty:                 4 kB
Writeback:             0 kB
AnonPages:       1006816 kB
Mapped:           697140 kB
Shmem:             33196 kB
Slab:             122236 kB
SReclaimable:      39900 kB
SUnreclaim:        82336 kB
KernelStack:       34320 kB
PageTables:        57084 kB
NFS_Unstable:          0 kB
Bounce:                0 kB
WritebackTmp:          0 kB
CommitLimit:     2172840 kB
Committed_AS:   93073296 kB
VmallocTotal:   251658176 kB
VmallocUsed:      139916 kB
VmallocChunk:   251422460 kB
Time pass: 235 sec

---2015-12-05 14:07:44
MemTotal:        2905316 kB
MemFree:           66220 kB
Buffers:           25624 kB
Cached:          1007572 kB
SwapCached:            0 kB
Active:          1325256 kB
Inactive:         702796 kB
Active(anon):     831940 kB
Inactive(anon):   208888 kB
Active(file):     493316 kB
Inactive(file):   493908 kB
Unevictable:       12768 kB
Mlocked:               0 kB
SwapTotal:        720184 kB
SwapFree:         720156 kB
Dirty:                56 kB
Writeback:             0 kB
AnonPages:       1007788 kB
Mapped:           697152 kB
Shmem:             33204 kB
Slab:             122236 kB
SReclaimable:      39900 kB
SUnreclaim:        82336 kB
KernelStack:       34352 kB
PageTables:        57084 kB
NFS_Unstable:          0 kB
Bounce:                0 kB
WritebackTmp:          0 kB
CommitLimit:     2172840 kB
Committed_AS:   93073252 kB
VmallocTotal:   251658176 kB
VmallocUsed:      139916 kB
VmallocChunk:   251422460 kB
Time pass: 239 sec

---2015-12-05 14:07:44
MemTotal:        2905316 kB
MemFree:           65148 kB
Buffers:           25632 kB
Cached:          1007632 kB
SwapCached:            0 kB
Active:          1325564 kB
Inactive:         702860 kB
Active(anon):     832244 kB
Inactive(anon):   208892 kB
Active(file):     493320 kB
Inactive(file):   493968 kB
Unevictable:       12768 kB
Mlocked:               0 kB
SwapTotal:        720184 kB
SwapFree:         720156 kB
Dirty:               104 kB
Writeback:             0 kB
AnonPages:       1008016 kB
Mapped:           697168 kB
Shmem:             33208 kB
Slab:             122216 kB
SReclaimable:      39900 kB
SUnreclaim:        82316 kB
KernelStack:       34352 kB
PageTables:        57080 kB
NFS_Unstable:          0 kB
Bounce:                0 kB
WritebackTmp:          0 kB
CommitLimit:     2172840 kB
Committed_AS:   93073228 kB
VmallocTotal:   251658176 kB
VmallocUsed:      139916 kB
VmallocChunk:   251422460 kB
Time pass: 243 sec

---2015-12-05 14:07:44
MemTotal:        2905316 kB
MemFree:           65376 kB
Buffers:           25640 kB
Cached:          1007632 kB
SwapCached:            0 kB
Active:          1325568 kB
Inactive:         702864 kB
Active(anon):     832244 kB
Inactive(anon):   208892 kB
Active(file):     493324 kB
Inactive(file):   493972 kB
Unevictable:       12768 kB
Mlocked:               0 kB
SwapTotal:        720184 kB
SwapFree:         720156 kB
Dirty:                40 kB
Writeback:             0 kB
AnonPages:       1008248 kB
Mapped:           697172 kB
Shmem:             33208 kB
Slab:             122216 kB
SReclaimable:      39900 kB
SUnreclaim:        82316 kB
KernelStack:       34304 kB
PageTables:        57084 kB
NFS_Unstable:          0 kB
Bounce:                0 kB
WritebackTmp:          0 kB
CommitLimit:     2172840 kB
Committed_AS:   93073176 kB
VmallocTotal:   251658176 kB
VmallocUsed:      139916 kB
VmallocChunk:   251422460 kB
Time pass: 246 sec

---2015-12-05 14:07:44
MemTotal:        2905316 kB
MemFree:           65080 kB
Buffers:           25648 kB
Cached:          1007624 kB
SwapCached:            0 kB
Active:          1325740 kB
Inactive:         702864 kB
Active(anon):     832416 kB
Inactive(anon):   208892 kB
Active(file):     493324 kB
Inactive(file):   493972 kB
Unevictable:       12768 kB
Mlocked:               0 kB
SwapTotal:        720184 kB
SwapFree:         720156 kB
Dirty:                 0 kB
Writeback:             0 kB
AnonPages:       1007952 kB
Mapped:           697180 kB
Shmem:             33208 kB
Slab:             122228 kB
SReclaimable:      39900 kB
SUnreclaim:        82328 kB
KernelStack:       34304 kB
PageTables:        57088 kB
NFS_Unstable:          0 kB
Bounce:                0 kB
WritebackTmp:          0 kB
CommitLimit:     2172840 kB
Committed_AS:   93073188 kB
VmallocTotal:   251658176 kB
VmallocUsed:      139916 kB
VmallocChunk:   251422460 kB
Time pass: 250 sec

---2015-12-05 14:07:44
MemTotal:        2905316 kB
MemFree:           63672 kB
Buffers:           25664 kB
Cached:          1007716 kB
SwapCached:            0 kB
Active:          1327532 kB
Inactive:         702932 kB
Active(anon):     834168 kB
Inactive(anon):   208892 kB
Active(file):     493364 kB
Inactive(file):   494040 kB
Unevictable:       12768 kB
Mlocked:               0 kB
SwapTotal:        720184 kB
SwapFree:         720156 kB
Dirty:               148 kB
Writeback:             0 kB
AnonPages:       1009928 kB
Mapped:           697196 kB
Shmem:             33208 kB
Slab:             122036 kB
SReclaimable:      39868 kB
SUnreclaim:        82168 kB
KernelStack:       34256 kB
PageTables:        57084 kB
NFS_Unstable:          0 kB
Bounce:                0 kB
WritebackTmp:          0 kB
CommitLimit:     2172840 kB
Committed_AS:   93073200 kB
VmallocTotal:   251658176 kB
VmallocUsed:      139916 kB
VmallocChunk:   251422460 kB
Time pass: 254 sec

---2015-12-05 14:07:44
MemTotal:        2905316 kB
MemFree:           69500 kB
Buffers:           25648 kB
Cached:          1001216 kB
SwapCached:            0 kB
Active:          1325540 kB
Inactive:         699628 kB
Active(anon):     835204 kB
Inactive(anon):   209112 kB
Active(file):     490336 kB
Inactive(file):   490516 kB
Unevictable:       12768 kB
Mlocked:               0 kB
SwapTotal:        720184 kB
SwapFree:         720156 kB
Dirty:                68 kB
Writeback:             0 kB
AnonPages:       1011068 kB
Mapped:           697236 kB
Shmem:             33244 kB
Slab:             121996 kB
SReclaimable:      39772 kB
SUnreclaim:        82224 kB
KernelStack:       34240 kB
PageTables:        57096 kB
NFS_Unstable:          0 kB
Bounce:                0 kB
WritebackTmp:          0 kB
CommitLimit:     2172840 kB
Committed_AS:   93099800 kB
VmallocTotal:   251658176 kB
VmallocUsed:      139916 kB
VmallocChunk:   251422460 kB
Time pass: 258 sec

---2015-12-05 14:07:44
MemTotal:        2905316 kB
MemFree:           68828 kB
Buffers:           25656 kB
Cached:          1001272 kB
SwapCached:            0 kB
Active:          1326940 kB
Inactive:         699696 kB
Active(anon):     836596 kB
Inactive(anon):   209172 kB
Active(file):     490344 kB
Inactive(file):   490524 kB
Unevictable:       12768 kB
Mlocked:               0 kB
SwapTotal:        720184 kB
SwapFree:         720156 kB
Dirty:                48 kB
Writeback:             0 kB
AnonPages:       1012540 kB
Mapped:           697284 kB
Shmem:             33292 kB
Slab:             121992 kB
SReclaimable:      39772 kB
SUnreclaim:        82220 kB
KernelStack:       34288 kB
PageTables:        57112 kB
NFS_Unstable:          0 kB
Bounce:                0 kB
WritebackTmp:          0 kB
CommitLimit:     2172840 kB
Committed_AS:   93099784 kB
VmallocTotal:   251658176 kB
VmallocUsed:      139916 kB
VmallocChunk:   251422460 kB
Time pass: 261 sec

---2015-12-05 14:07:44
MemTotal:        2905316 kB
MemFree:           67932 kB
Buffers:           25680 kB
Cached:          1001340 kB
SwapCached:            0 kB
Active:          1328224 kB
Inactive:         699772 kB
Active(anon):     837864 kB
Inactive(anon):   209172 kB
Active(file):     490360 kB
Inactive(file):   490600 kB
Unevictable:       12768 kB
Mlocked:               0 kB
SwapTotal:        720184 kB
SwapFree:         720156 kB
Dirty:               164 kB
Writeback:             0 kB
AnonPages:       1013736 kB
Mapped:           697296 kB
Shmem:             33292 kB
Slab:             121992 kB
SReclaimable:      39772 kB
SUnreclaim:        82220 kB
KernelStack:       34288 kB
PageTables:        57116 kB
NFS_Unstable:          0 kB
Bounce:                0 kB
WritebackTmp:          0 kB
CommitLimit:     2172840 kB
Committed_AS:   93099872 kB
VmallocTotal:   251658176 kB
VmallocUsed:      139916 kB
VmallocChunk:   251422460 kB
Time pass: 265 sec

---2015-12-05 14:07:44
MemTotal:        2905316 kB
MemFree:           66632 kB
Buffers:           25688 kB
Cached:          1001344 kB
SwapCached:            0 kB
Active:          1328644 kB
Inactive:         699784 kB
Active(anon):     838284 kB
Inactive(anon):   209176 kB
Active(file):     490360 kB
Inactive(file):   490608 kB
Unevictable:       12768 kB
Mlocked:               0 kB
SwapTotal:        720184 kB
SwapFree:         720156 kB
Dirty:                60 kB
Writeback:             0 kB
AnonPages:       1014276 kB
Mapped:           697308 kB
Shmem:             33296 kB
Slab:             121992 kB
SReclaimable:      39772 kB
SUnreclaim:        82220 kB
KernelStack:       34240 kB
PageTables:        57116 kB
NFS_Unstable:          0 kB
Bounce:                0 kB
WritebackTmp:          0 kB
CommitLimit:     2172840 kB
Committed_AS:   93099896 kB
VmallocTotal:   251658176 kB
VmallocUsed:      139916 kB
VmallocChunk:   251422460 kB
Time pass: 269 sec

---2015-12-05 14:07:44
MemTotal:        2905316 kB
MemFree:           66284 kB
Buffers:           25688 kB
Cached:          1001348 kB
SwapCached:            0 kB
Active:          1329132 kB
Inactive:         699784 kB
Active(anon):     838768 kB
Inactive(anon):   209176 kB
Active(file):     490364 kB
Inactive(file):   490608 kB
Unevictable:       12768 kB
Mlocked:               0 kB
SwapTotal:        720184 kB
SwapFree:         720156 kB
Dirty:                 8 kB
Writeback:             0 kB
AnonPages:       1014660 kB
Mapped:           697320 kB
Shmem:             33296 kB
Slab:             121992 kB
SReclaimable:      39772 kB
SUnreclaim:        82220 kB
KernelStack:       34240 kB
PageTables:        57116 kB
NFS_Unstable:          0 kB
Bounce:                0 kB
WritebackTmp:          0 kB
CommitLimit:     2172840 kB
Committed_AS:   93099896 kB
VmallocTotal:   251658176 kB
VmallocUsed:      139916 kB
VmallocChunk:   251422460 kB
Time pass: 273 sec

---2015-12-05 14:07:44
MemTotal:        2905316 kB
MemFree:           65132 kB
Buffers:           25712 kB
Cached:          1001380 kB
SwapCached:            0 kB
Active:          1329904 kB
Inactive:         699836 kB
Active(anon):     839536 kB
Inactive(anon):   209180 kB
Active(file):     490368 kB
Inactive(file):   490656 kB
Unevictable:       12768 kB
Mlocked:               0 kB
SwapTotal:        720184 kB
SwapFree:         720156 kB
Dirty:                12 kB
Writeback:            28 kB
AnonPages:       1015548 kB
Mapped:           697328 kB
Shmem:             33300 kB
Slab:             121980 kB
SReclaimable:      39772 kB
SUnreclaim:        82208 kB
KernelStack:       34272 kB
PageTables:        57116 kB
NFS_Unstable:          0 kB
Bounce:                0 kB
WritebackTmp:          0 kB
CommitLimit:     2172840 kB
Committed_AS:   93099896 kB
VmallocTotal:   251658176 kB
VmallocUsed:      139916 kB
VmallocChunk:   251422460 kB
Time pass: 277 sec

---2015-12-05 14:07:44
MemTotal:        2905316 kB
MemFree:           64304 kB
Buffers:           25720 kB
Cached:          1001380 kB
SwapCached:            0 kB
Active:          1330580 kB
Inactive:         699840 kB
Active(anon):     840208 kB
Inactive(anon):   209180 kB
Active(file):     490372 kB
Inactive(file):   490660 kB
Unevictable:       12768 kB
Mlocked:               0 kB
SwapTotal:        720184 kB
SwapFree:         720156 kB
Dirty:                20 kB
Writeback:             0 kB
AnonPages:       1016076 kB
Mapped:           697340 kB
Shmem:             33300 kB
Slab:             121976 kB
SReclaimable:      39772 kB
SUnreclaim:        82204 kB
KernelStack:       34240 kB
PageTables:        57116 kB
NFS_Unstable:          0 kB
Bounce:                0 kB
WritebackTmp:          0 kB
CommitLimit:     2172840 kB
Committed_AS:   93099856 kB
VmallocTotal:   251658176 kB
VmallocUsed:      139916 kB
VmallocChunk:   251422460 kB
Time pass: 280 sec

---2015-12-05 14:07:44
MemTotal:        2905316 kB
MemFree:           64128 kB
Buffers:           25720 kB
Cached:          1001416 kB
SwapCached:            0 kB
Active:          1331136 kB
Inactive:         699876 kB
Active(anon):     840752 kB
Inactive(anon):   209208 kB
Active(file):     490384 kB
Inactive(file):   490668 kB
Unevictable:       12768 kB
Mlocked:               0 kB
SwapTotal:        720184 kB
SwapFree:         720156 kB
Dirty:                68 kB
Writeback:             0 kB
AnonPages:       1016752 kB
Mapped:           697376 kB
Shmem:             33316 kB
Slab:             121976 kB
SReclaimable:      39772 kB
SUnreclaim:        82204 kB
KernelStack:       34208 kB
PageTables:        57124 kB
NFS_Unstable:          0 kB
Bounce:                0 kB
WritebackTmp:          0 kB
CommitLimit:     2172840 kB
Committed_AS:   93099872 kB
VmallocTotal:   251658176 kB
VmallocUsed:      139916 kB
VmallocChunk:   251422460 kB
Time pass: 284 sec

---2015-12-05 14:07:44
MemTotal:        2905316 kB
MemFree:           62664 kB
Buffers:           25744 kB
Cached:          1001460 kB
SwapCached:            0 kB
Active:          1332520 kB
Inactive:         699928 kB
Active(anon):     842120 kB
Inactive(anon):   209220 kB
Active(file):     490400 kB
Inactive(file):   490708 kB
Unevictable:       12768 kB
Mlocked:               0 kB
SwapTotal:        720184 kB
SwapFree:         720156 kB
Dirty:               108 kB
Writeback:             8 kB
AnonPages:       1017932 kB
Mapped:           697448 kB
Shmem:             33328 kB
Slab:             121976 kB
SReclaimable:      39772 kB
SUnreclaim:        82204 kB
KernelStack:       34256 kB
PageTables:        57156 kB
NFS_Unstable:          0 kB
Bounce:                0 kB
WritebackTmp:          0 kB
CommitLimit:     2172840 kB
Committed_AS:   93126508 kB
VmallocTotal:   251658176 kB
VmallocUsed:      139916 kB
VmallocChunk:   251422460 kB
Time pass: 288 sec

---2015-12-05 14:07:44
MemTotal:        2905316 kB
MemFree:           72428 kB
Buffers:           25744 kB
Cached:           996640 kB
SwapCached:            0 kB
Active:          1329108 kB
Inactive:         698596 kB
Active(anon):     841028 kB
Inactive(anon):   210448 kB
Active(file):     488080 kB
Inactive(file):   488148 kB
Unevictable:       12768 kB
Mlocked:               0 kB
SwapTotal:        720184 kB
SwapFree:         720156 kB
Dirty:               120 kB
Writeback:             0 kB
AnonPages:       1018132 kB
Mapped:           697572 kB
Shmem:             33368 kB
Slab:             117904 kB
SReclaimable:      35992 kB
SUnreclaim:        81912 kB
KernelStack:       34272 kB
PageTables:        57208 kB
NFS_Unstable:          0 kB
Bounce:                0 kB
WritebackTmp:          0 kB
CommitLimit:     2172840 kB
Committed_AS:   93126472 kB
VmallocTotal:   251658176 kB
VmallocUsed:      139916 kB
VmallocChunk:   251422460 kB
Time pass: 292 sec

---2015-12-05 14:07:44
MemTotal:        2905316 kB
MemFree:           72000 kB
Buffers:           25752 kB
Cached:           996652 kB
SwapCached:            0 kB
Active:          1329180 kB
Inactive:         698760 kB
Active(anon):     841236 kB
Inactive(anon):   210476 kB
Active(file):     487944 kB
Inactive(file):   488284 kB
Unevictable:       12768 kB
Mlocked:               0 kB
SwapTotal:        720184 kB
SwapFree:         720156 kB
Dirty:                68 kB
Writeback:             0 kB
AnonPages:       1018320 kB
Mapped:           697612 kB
Shmem:             33408 kB
Slab:             117752 kB
SReclaimable:      35880 kB
SUnreclaim:        81872 kB
KernelStack:       34240 kB
PageTables:        57200 kB
NFS_Unstable:          0 kB
Bounce:                0 kB
WritebackTmp:          0 kB
CommitLimit:     2172840 kB
Committed_AS:   93126520 kB
VmallocTotal:   251658176 kB
VmallocUsed:      139916 kB
VmallocChunk:   251422460 kB
Time pass: 295 sec

---2015-12-05 14:07:44
MemTotal:        2905316 kB
MemFree:           71700 kB
Buffers:           25784 kB
Cached:           996692 kB
SwapCached:            0 kB
Active:          1330196 kB
Inactive:         698812 kB
Active(anon):     842232 kB
Inactive(anon):   210476 kB
Active(file):     487964 kB
Inactive(file):   488336 kB
Unevictable:       12768 kB
Mlocked:               0 kB
SwapTotal:        720184 kB
SwapFree:         720156 kB
Dirty:               112 kB
Writeback:             0 kB
AnonPages:       1019324 kB
Mapped:           697620 kB
Shmem:             33408 kB
Slab:             117752 kB
SReclaimable:      35880 kB
SUnreclaim:        81872 kB
KernelStack:       34240 kB
PageTables:        57200 kB
NFS_Unstable:          0 kB
Bounce:                0 kB
WritebackTmp:          0 kB
CommitLimit:     2172840 kB
Committed_AS:   93126520 kB
VmallocTotal:   251658176 kB
VmallocUsed:      139916 kB
VmallocChunk:   251422460 kB
Time pass: 299 sec

---2015-12-05 14:07:44
MemTotal:        2905316 kB
MemFree:           70908 kB
Buffers:           25784 kB
Cached:           996696 kB
SwapCached:            0 kB
Active:          1330512 kB
Inactive:         698812 kB
Active(anon):     842544 kB
Inactive(anon):   210476 kB
Active(file):     487968 kB
Inactive(file):   488336 kB
Unevictable:       12768 kB
Mlocked:               0 kB
SwapTotal:        720184 kB
SwapFree:         720156 kB
Dirty:                 8 kB
Writeback:             0 kB
AnonPages:       1019608 kB
Mapped:           697636 kB
Shmem:             33408 kB
Slab:             117752 kB
SReclaimable:      35880 kB
SUnreclaim:        81872 kB
KernelStack:       34192 kB
PageTables:        57196 kB
NFS_Unstable:          0 kB
Bounce:                0 kB
WritebackTmp:          0 kB
CommitLimit:     2172840 kB
Committed_AS:   93126468 kB
VmallocTotal:   251658176 kB
VmallocUsed:      139916 kB
VmallocChunk:   251422460 kB
Time pass: 303 sec

---2015-12-05 14:07:44
MemTotal:        2905316 kB
MemFree:           70636 kB
Buffers:           25792 kB
Cached:           996696 kB
SwapCached:            0 kB
Active:          1330856 kB
Inactive:         698820 kB
Active(anon):     842888 kB
Inactive(anon):   210476 kB
Active(file):     487968 kB
Inactive(file):   488344 kB
Unevictable:       12768 kB
Mlocked:               0 kB
SwapTotal:        720184 kB
SwapFree:         720156 kB
Dirty:                32 kB
Writeback:             0 kB
AnonPages:       1019984 kB
Mapped:           697652 kB
Shmem:             33408 kB
Slab:             117752 kB
SReclaimable:      35880 kB
SUnreclaim:        81872 kB
KernelStack:       34208 kB
PageTables:        57200 kB
NFS_Unstable:          0 kB
Bounce:                0 kB
WritebackTmp:          0 kB
CommitLimit:     2172840 kB
Committed_AS:   93126440 kB
VmallocTotal:   251658176 kB
VmallocUsed:      139916 kB
VmallocChunk:   251422460 kB
Time pass: 307 sec

---2015-12-05 14:07:44
MemTotal:        2905316 kB
MemFree:           75144 kB
Buffers:           25816 kB
Cached:           996676 kB
SwapCached:            0 kB
Active:          1326436 kB
Inactive:         698824 kB
Active(anon):     838468 kB
Inactive(anon):   210480 kB
Active(file):     487968 kB
Inactive(file):   488344 kB
Unevictable:       12768 kB
Mlocked:               0 kB
SwapTotal:        720184 kB
SwapFree:         720156 kB
Dirty:                 4 kB
Writeback:             0 kB
AnonPages:       1015564 kB
Mapped:           697600 kB
Shmem:             33412 kB
Slab:             117752 kB
SReclaimable:      35880 kB
SUnreclaim:        81872 kB
KernelStack:       34208 kB
PageTables:        57172 kB
NFS_Unstable:          0 kB
Bounce:                0 kB
WritebackTmp:          0 kB
CommitLimit:     2172840 kB
Committed_AS:   93126436 kB
VmallocTotal:   251658176 kB
VmallocUsed:      139916 kB
VmallocChunk:   251422460 kB
Time pass: 311 sec

---2015-12-05 14:07:44
MemTotal:        2905316 kB
MemFree:           74980 kB
Buffers:           25816 kB
Cached:           996752 kB
SwapCached:            0 kB
Active:          1326152 kB
Inactive:         698888 kB
Active(anon):     838172 kB
Inactive(anon):   210480 kB
Active(file):     487980 kB
Inactive(file):   488408 kB
Unevictable:       12768 kB
Mlocked:               0 kB
SwapTotal:        720184 kB
SwapFree:         720156 kB
Dirty:                32 kB
Writeback:             0 kB
AnonPages:       1015368 kB
Mapped:           697668 kB
Shmem:             33412 kB
Slab:             117752 kB
SReclaimable:      35880 kB
SUnreclaim:        81872 kB
KernelStack:       34176 kB
PageTables:        57200 kB
NFS_Unstable:          0 kB
Bounce:                0 kB
WritebackTmp:          0 kB
CommitLimit:     2172840 kB
Committed_AS:   93126408 kB
VmallocTotal:   251658176 kB
VmallocUsed:      139916 kB
VmallocChunk:   251422460 kB
Time pass: 314 sec

---2015-12-05 14:07:44
MemTotal:        2905316 kB
MemFree:           81228 kB
Buffers:           25824 kB
Cached:           996776 kB
SwapCached:            0 kB
Active:          1320052 kB
Inactive:         698900 kB
Active(anon):     832064 kB
Inactive(anon):   210480 kB
Active(file):     487988 kB
Inactive(file):   488420 kB
Unevictable:       12768 kB
Mlocked:               0 kB
SwapTotal:        720184 kB
SwapFree:         720156 kB
Dirty:                20 kB
Writeback:             0 kB
AnonPages:       1009196 kB
Mapped:           697692 kB
Shmem:             33424 kB
Slab:             117752 kB
SReclaimable:      35880 kB
SUnreclaim:        81872 kB
KernelStack:       34128 kB
PageTables:        57200 kB
NFS_Unstable:          0 kB
Bounce:                0 kB
WritebackTmp:          0 kB
CommitLimit:     2172840 kB
Committed_AS:   93152936 kB
VmallocTotal:   251658176 kB
VmallocUsed:      139916 kB
VmallocChunk:   251422460 kB
Time pass: 318 sec

---2015-12-05 14:07:44
MemTotal:        2905316 kB
MemFree:           81304 kB
Buffers:           25832 kB
Cached:           996848 kB
SwapCached:            0 kB
Active:          1320236 kB
Inactive:         698984 kB
Active(anon):     832240 kB
Inactive(anon):   210544 kB
Active(file):     487996 kB
Inactive(file):   488440 kB
Unevictable:       12768 kB
Mlocked:               0 kB
SwapTotal:        720184 kB
SwapFree:         720156 kB
Dirty:                24 kB
Writeback:             0 kB
AnonPages:       1009248 kB
Mapped:           697692 kB
Shmem:             33476 kB
Slab:             117748 kB
SReclaimable:      35880 kB
SUnreclaim:        81868 kB
KernelStack:       34048 kB
PageTables:        57224 kB
NFS_Unstable:          0 kB
Bounce:                0 kB
WritebackTmp:          0 kB
CommitLimit:     2172840 kB
Committed_AS:   93152864 kB
VmallocTotal:   251658176 kB
VmallocUsed:      139916 kB
VmallocChunk:   251422460 kB
Time pass: 322 sec

---2015-12-05 14:07:44
MemTotal:        2905316 kB
MemFree:           80844 kB
Buffers:           25856 kB
Cached:           996896 kB
SwapCached:            0 kB
Active:          1321072 kB
Inactive:         699044 kB
Active(anon):     833064 kB
Inactive(anon):   210544 kB
Active(file):     488008 kB
Inactive(file):   488500 kB
Unevictable:       12768 kB
Mlocked:               0 kB
SwapTotal:        720184 kB
SwapFree:         720156 kB
Dirty:               132 kB
Writeback:             0 kB
AnonPages:       1010124 kB
Mapped:           697764 kB
Shmem:             33476 kB
Slab:             117748 kB
SReclaimable:      35880 kB
SUnreclaim:        81868 kB
KernelStack:       34064 kB
PageTables:        57252 kB
NFS_Unstable:          0 kB
Bounce:                0 kB
WritebackTmp:          0 kB
CommitLimit:     2172840 kB
Committed_AS:   93152812 kB
VmallocTotal:   251658176 kB
VmallocUsed:      139916 kB
VmallocChunk:   251422460 kB
Time pass: 325 sec

---2015-12-05 14:07:44
MemTotal:        2905316 kB
MemFree:           79912 kB
Buffers:           25864 kB
Cached:           996928 kB
SwapCached:            0 kB
Active:          1321116 kB
Inactive:         699080 kB
Active(anon):     833104 kB
Inactive(anon):   210572 kB
Active(file):     488012 kB
Inactive(file):   488508 kB
Unevictable:       12768 kB
Mlocked:               0 kB
SwapTotal:        720184 kB
SwapFree:         720156 kB
Dirty:                44 kB
Writeback:             0 kB
AnonPages:       1010280 kB
Mapped:           697800 kB
Shmem:             33504 kB
Slab:             117748 kB
SReclaimable:      35880 kB
SUnreclaim:        81868 kB
KernelStack:       34064 kB
PageTables:        57260 kB
NFS_Unstable:          0 kB
Bounce:                0 kB
WritebackTmp:          0 kB
CommitLimit:     2172840 kB
Committed_AS:   93152800 kB
VmallocTotal:   251658176 kB
VmallocUsed:      139916 kB
VmallocChunk:   251422460 kB
Time pass: 329 sec

---2015-12-05 14:07:44
MemTotal:        2905316 kB
MemFree:           79572 kB
Buffers:           25864 kB
Cached:           996936 kB
SwapCached:            0 kB
Active:          1321412 kB
Inactive:         699088 kB
Active(anon):     833400 kB
Inactive(anon):   210576 kB
Active(file):     488012 kB
Inactive(file):   488512 kB
Unevictable:       12768 kB
Mlocked:               0 kB
SwapTotal:        720184 kB
SwapFree:         720156 kB
Dirty:                 8 kB
Writeback:             0 kB
AnonPages:       1010580 kB
Mapped:           697828 kB
Shmem:             33508 kB
Slab:             117708 kB
SReclaimable:      35880 kB
SUnreclaim:        81828 kB
KernelStack:       34064 kB
PageTables:        57256 kB
NFS_Unstable:          0 kB
Bounce:                0 kB
WritebackTmp:          0 kB
CommitLimit:     2172840 kB
Committed_AS:   93152836 kB
VmallocTotal:   251658176 kB
VmallocUsed:      139916 kB
VmallocChunk:   251422460 kB
Time pass: 333 sec

---2015-12-05 14:07:44
MemTotal:        2905316 kB
MemFree:           79356 kB
Buffers:           25888 kB
Cached:           996972 kB
SwapCached:            0 kB
Active:          1322368 kB
Inactive:         699128 kB
Active(anon):     834336 kB
Inactive(anon):   210576 kB
Active(file):     488032 kB
Inactive(file):   488552 kB
Unevictable:       12768 kB
Mlocked:               0 kB
SwapTotal:        720184 kB
SwapFree:         720156 kB
Dirty:                12 kB
Writeback:            36 kB
AnonPages:       1011340 kB
Mapped:           697832 kB
Shmem:             33508 kB
Slab:             117656 kB
SReclaimable:      35832 kB
SUnreclaim:        81824 kB
KernelStack:       34048 kB
PageTables:        57252 kB
NFS_Unstable:          0 kB
Bounce:                0 kB
WritebackTmp:          0 kB
CommitLimit:     2172840 kB
Committed_AS:   93152836 kB
VmallocTotal:   251658176 kB
VmallocUsed:      139916 kB
VmallocChunk:   251422460 kB
Time pass: 337 sec

---2015-12-05 14:07:44
MemTotal:        2905316 kB
MemFree:           78924 kB
Buffers:           25896 kB
Cached:           996976 kB
SwapCached:            0 kB
Active:          1322556 kB
Inactive:         699136 kB
Active(anon):     834520 kB
Inactive(anon):   210576 kB
Active(file):     488036 kB
Inactive(file):   488560 kB
Unevictable:       12768 kB
Mlocked:               0 kB
SwapTotal:        720184 kB
SwapFree:         720156 kB
Dirty:                72 kB
Writeback:             0 kB
AnonPages:       1011744 kB
Mapped:           697836 kB
Shmem:             33508 kB
Slab:             117648 kB
SReclaimable:      35832 kB
SUnreclaim:        81816 kB
KernelStack:       34016 kB
PageTables:        57244 kB
NFS_Unstable:          0 kB
Bounce:                0 kB
WritebackTmp:          0 kB
CommitLimit:     2172840 kB
Committed_AS:   93152844 kB
VmallocTotal:   251658176 kB
VmallocUsed:      139916 kB
VmallocChunk:   251422460 kB
Time pass: 341 sec

---2015-12-05 14:07:44
MemTotal:        2905316 kB
MemFree:           78780 kB
Buffers:           25896 kB
Cached:           996980 kB
SwapCached:            0 kB
Active:          1322500 kB
Inactive:         699136 kB
Active(anon):     834460 kB
Inactive(anon):   210576 kB
Active(file):     488040 kB
Inactive(file):   488560 kB
Unevictable:       12768 kB
Mlocked:               0 kB
SwapTotal:        720184 kB
SwapFree:         720156 kB
Dirty:                 4 kB
Writeback:             0 kB
AnonPages:       1011632 kB
Mapped:           697844 kB
Shmem:             33508 kB
Slab:             117648 kB
SReclaimable:      35832 kB
SUnreclaim:        81816 kB
KernelStack:       34048 kB
PageTables:        57252 kB
NFS_Unstable:          0 kB
Bounce:                0 kB
WritebackTmp:          0 kB
CommitLimit:     2172840 kB
Committed_AS:   93152836 kB
VmallocTotal:   251658176 kB
VmallocUsed:      139916 kB
VmallocChunk:   251422460 kB
Time pass: 345 sec

---2015-12-05 14:07:44
MemTotal:        2905316 kB
MemFree:           77636 kB
Buffers:           25920 kB
Cached:           997016 kB
SwapCached:            0 kB
Active:          1323460 kB
Inactive:         699184 kB
Active(anon):     835408 kB
Inactive(anon):   210576 kB
Active(file):     488052 kB
Inactive(file):   488608 kB
Unevictable:       12768 kB
Mlocked:               0 kB
SwapTotal:        720184 kB
SwapFree:         720156 kB
Dirty:                96 kB
Writeback:             0 kB
AnonPages:       1012312 kB
Mapped:           697848 kB
Shmem:             33508 kB
Slab:             117648 kB
SReclaimable:      35832 kB
SUnreclaim:        81816 kB
KernelStack:       34048 kB
PageTables:        57252 kB
NFS_Unstable:          0 kB
Bounce:                0 kB
WritebackTmp:          0 kB
CommitLimit:     2172840 kB
Committed_AS:   93179460 kB
VmallocTotal:   251658176 kB
VmallocUsed:      139916 kB
VmallocChunk:   251422460 kB
Time pass: 348 sec

---2015-12-05 14:07:44
MemTotal:        2905316 kB
MemFree:           77232 kB
Buffers:           25928 kB
Cached:           997072 kB
SwapCached:            0 kB
Active:          1323920 kB
Inactive:         699248 kB
Active(anon):     835868 kB
Inactive(anon):   210636 kB
Active(file):     488052 kB
Inactive(file):   488612 kB
Unevictable:       12768 kB
Mlocked:               0 kB
SwapTotal:        720184 kB
SwapFree:         720156 kB
Dirty:                12 kB
Writeback:             0 kB
AnonPages:       1012796 kB
Mapped:           697972 kB
Shmem:             33568 kB
Slab:             117648 kB
SReclaimable:      35832 kB
SUnreclaim:        81816 kB
KernelStack:       34048 kB
PageTables:        57308 kB
NFS_Unstable:          0 kB
Bounce:                0 kB
WritebackTmp:          0 kB
CommitLimit:     2172840 kB
Committed_AS:   93179448 kB
VmallocTotal:   251658176 kB
VmallocUsed:      139916 kB
VmallocChunk:   251422460 kB
Time pass: 352 sec

---2015-12-05 14:07:44
MemTotal:        2905316 kB
MemFree:           76708 kB
Buffers:           25928 kB
Cached:           997092 kB
SwapCached:            0 kB
Active:          1324244 kB
Inactive:         699260 kB
Active(anon):     836184 kB
Inactive(anon):   210640 kB
Active(file):     488060 kB
Inactive(file):   488620 kB
Unevictable:       12768 kB
Mlocked:               0 kB
SwapTotal:        720184 kB
SwapFree:         720156 kB
Dirty:                84 kB
Writeback:             0 kB
AnonPages:       1013244 kB
Mapped:           697976 kB
Shmem:             33572 kB
Slab:             117644 kB
SReclaimable:      35828 kB
SUnreclaim:        81816 kB
KernelStack:       34048 kB
PageTables:        57312 kB
NFS_Unstable:          0 kB
Bounce:                0 kB
WritebackTmp:          0 kB
CommitLimit:     2172840 kB
Committed_AS:   93179432 kB
VmallocTotal:   251658176 kB
VmallocUsed:      139916 kB
VmallocChunk:   251422460 kB
Time pass: 356 sec

---2015-12-05 14:07:44
MemTotal:        2905316 kB
MemFree:           76380 kB
Buffers:           25952 kB
Cached:           997132 kB
SwapCached:            0 kB
Active:          1325148 kB
Inactive:         699312 kB
Active(anon):     837076 kB
Inactive(anon):   210648 kB
Active(file):     488072 kB
Inactive(file):   488664 kB
Unevictable:       12768 kB
Mlocked:               0 kB
SwapTotal:        720184 kB
SwapFree:         720156 kB
Dirty:               108 kB
Writeback:             0 kB
AnonPages:       1014024 kB
Mapped:           697988 kB
Shmem:             33580 kB
Slab:             117644 kB
SReclaimable:      35828 kB
SUnreclaim:        81816 kB
KernelStack:       34032 kB
PageTables:        57308 kB
NFS_Unstable:          0 kB
Bounce:                0 kB
WritebackTmp:          0 kB
CommitLimit:     2172840 kB
Committed_AS:   93179504 kB
VmallocTotal:   251658176 kB
VmallocUsed:      139916 kB
VmallocChunk:   251422460 kB
Time pass: 360 sec

---2015-12-05 14:07:44
MemTotal:        2905316 kB
MemFree:           76088 kB
Buffers:           25960 kB
Cached:           997132 kB
SwapCached:            0 kB
Active:          1325036 kB
Inactive:         699316 kB
Active(anon):     836960 kB
Inactive(anon):   210648 kB
Active(file):     488076 kB
Inactive(file):   488668 kB
Unevictable:       12768 kB
Mlocked:               0 kB
SwapTotal:        720184 kB
SwapFree:         720156 kB
Dirty:                12 kB
Writeback:             0 kB
AnonPages:       1014172 kB
Mapped:           697992 kB
Shmem:             33580 kB
Slab:             117644 kB
SReclaimable:      35828 kB
SUnreclaim:        81816 kB
KernelStack:       34064 kB
PageTables:        57312 kB
NFS_Unstable:          0 kB
Bounce:                0 kB
WritebackTmp:          0 kB
CommitLimit:     2172840 kB
Committed_AS:   93179476 kB
VmallocTotal:   251658176 kB
VmallocUsed:      139916 kB
VmallocChunk:   251422460 kB
Time pass: 364 sec

---2015-12-05 14:07:44
MemTotal:        2905316 kB
MemFree:           75460 kB
Buffers:           25968 kB
Cached:           997152 kB
SwapCached:            0 kB
Active:          1325256 kB
Inactive:         699336 kB
Active(anon):     837172 kB
Inactive(anon):   210648 kB
Active(file):     488084 kB
Inactive(file):   488688 kB
Unevictable:       12768 kB
Mlocked:               0 kB
SwapTotal:        720184 kB
SwapFree:         720156 kB
Dirty:                 8 kB
Writeback:             0 kB
AnonPages:       1014368 kB
Mapped:           697944 kB
Shmem:             33580 kB
Slab:             117644 kB
SReclaimable:      35828 kB
SUnreclaim:        81816 kB
KernelStack:       34064 kB
PageTables:        57288 kB
NFS_Unstable:          0 kB
Bounce:                0 kB
WritebackTmp:          0 kB
CommitLimit:     2172840 kB
Committed_AS:   93179500 kB
VmallocTotal:   251658176 kB
VmallocUsed:      139916 kB
VmallocChunk:   251422460 kB
Time pass: 367 sec

---2015-12-05 14:07:44
MemTotal:        2905316 kB
MemFree:           74824 kB
Buffers:           26000 kB
Cached:           997200 kB
SwapCached:            0 kB
Active:          1326564 kB
Inactive:         699388 kB
Active(anon):     838464 kB
Inactive(anon):   210644 kB
Active(file):     488100 kB
Inactive(file):   488744 kB
Unevictable:       12768 kB
Mlocked:               0 kB
SwapTotal:        720184 kB
SwapFree:         720156 kB
Dirty:               112 kB
Writeback:             0 kB
AnonPages:       1015556 kB
Mapped:           698012 kB
Shmem:             33580 kB
Slab:             117648 kB
SReclaimable:      35832 kB
SUnreclaim:        81816 kB
KernelStack:       34064 kB
PageTables:        57312 kB
NFS_Unstable:          0 kB
Bounce:                0 kB
WritebackTmp:          0 kB
CommitLimit:     2172840 kB
Committed_AS:   93179488 kB
VmallocTotal:   251658176 kB
VmallocUsed:      139916 kB
VmallocChunk:   251422460 kB
Time pass: 371 sec

---2015-12-05 14:07:44
MemTotal:        2905316 kB
MemFree:           74096 kB
Buffers:           26000 kB
Cached:           997204 kB
SwapCached:            0 kB
Active:          1326640 kB
Inactive:         699384 kB
Active(anon):     838524 kB
Inactive(anon):   210644 kB
Active(file):     488116 kB
Inactive(file):   488740 kB
Unevictable:       12768 kB
Mlocked:               0 kB
SwapTotal:        720184 kB
SwapFree:         720156 kB
Dirty:                92 kB
Writeback:             0 kB
AnonPages:       1015684 kB
Mapped:           698012 kB
Shmem:             33580 kB
Slab:             117648 kB
SReclaimable:      35832 kB
SUnreclaim:        81816 kB
KernelStack:       34048 kB
PageTables:        57308 kB
NFS_Unstable:          0 kB
Bounce:                0 kB
WritebackTmp:          0 kB
CommitLimit:     2172840 kB
Committed_AS:   93179464 kB
VmallocTotal:   251658176 kB
VmallocUsed:      139916 kB
VmallocChunk:   251422460 kB
Time pass: 375 sec

---2015-12-05 14:07:44
MemTotal:        2905316 kB
MemFree:           74200 kB
Buffers:           26012 kB
Cached:           997244 kB
SwapCached:            0 kB
Active:          1327052 kB
Inactive:         699420 kB
Active(anon):     838920 kB
Inactive(anon):   210680 kB
Active(file):     488132 kB
Inactive(file):   488740 kB
Unevictable:       12768 kB
Mlocked:               0 kB
SwapTotal:        720184 kB
SwapFree:         720156 kB
Dirty:                 4 kB
Writeback:            24 kB
AnonPages:       1015936 kB
Mapped:           698052 kB
Shmem:             33616 kB
Slab:             117656 kB
SReclaimable:      35832 kB
SUnreclaim:        81824 kB
KernelStack:       34064 kB
PageTables:        57344 kB
NFS_Unstable:          0 kB
Bounce:                0 kB
WritebackTmp:          0 kB
CommitLimit:     2172840 kB
Committed_AS:   93206100 kB
VmallocTotal:   251658176 kB
VmallocUsed:      139916 kB
VmallocChunk:   251422460 kB
Time pass: 379 sec

---2015-12-05 14:07:44
MemTotal:        2905316 kB
MemFree:           73452 kB
Buffers:           26020 kB
Cached:           997720 kB
SwapCached:            0 kB
Active:          1327484 kB
Inactive:         699884 kB
Active(anon):     839332 kB
Inactive(anon):   210704 kB
Active(file):     488152 kB
Inactive(file):   489180 kB
Unevictable:       12768 kB
Mlocked:               0 kB
SwapTotal:        720184 kB
SwapFree:         720156 kB
Dirty:                88 kB
Writeback:             0 kB
AnonPages:       1016504 kB
Mapped:           698244 kB
Shmem:             33640 kB
Slab:             117656 kB
SReclaimable:      35832 kB
SUnreclaim:        81824 kB
KernelStack:       34128 kB
PageTables:        57364 kB
NFS_Unstable:          0 kB
Bounce:                0 kB
WritebackTmp:          0 kB
CommitLimit:     2172840 kB
Committed_AS:   93206140 kB
VmallocTotal:   251658176 kB
VmallocUsed:      139916 kB
VmallocChunk:   251422460 kB
Time pass: 382 sec

---2015-12-05 14:07:44
MemTotal:        2905316 kB
MemFree:           72604 kB
Buffers:           26020 kB
Cached:           997736 kB
SwapCached:            0 kB
Active:          1327652 kB
Inactive:         699880 kB
Active(anon):     839480 kB
Inactive(anon):   210704 kB
Active(file):     488172 kB
Inactive(file):   489176 kB
Unevictable:       12768 kB
Mlocked:               0 kB
SwapTotal:        720184 kB
SwapFree:         720156 kB
Dirty:               108 kB
Writeback:             0 kB
AnonPages:       1016700 kB
Mapped:           698248 kB
Shmem:             33640 kB
Slab:             117656 kB
SReclaimable:      35832 kB
SUnreclaim:        81824 kB
KernelStack:       34128 kB
PageTables:        57364 kB
NFS_Unstable:          0 kB
Bounce:                0 kB
WritebackTmp:          0 kB
CommitLimit:     2172840 kB
Committed_AS:   93206188 kB
VmallocTotal:   251658176 kB
VmallocUsed:      139916 kB
VmallocChunk:   251422460 kB
Time pass: 386 sec

---2015-12-05 14:07:44
MemTotal:        2905316 kB
MemFree:           72532 kB
Buffers:           26036 kB
Cached:           997768 kB
SwapCached:            0 kB
Active:          1327960 kB
Inactive:         699916 kB
