---2015-12-04 21:02:09
MemTotal:        1745540 kB
MemFree:           46300 kB
Buffers:            9184 kB
Cached:           587248 kB
SwapCached:        19096 kB
Active:           679492 kB
Inactive:         682164 kB
Active(anon):     384372 kB
Inactive(anon):   384772 kB
Active(file):     295120 kB
Inactive(file):   297392 kB
Unevictable:        3816 kB
Mlocked:               0 kB
HighTotal:       1217536 kB
HighFree:          20876 kB
LowTotal:         528004 kB
LowFree:           25424 kB
SwapTotal:       1310716 kB
SwapFree:        1009688 kB
Dirty:                 0 kB
Writeback:             0 kB
AnonPages:        757076 kB
Mapped:           311192 kB
Shmem:               104 kB
Slab:              56204 kB
SReclaimable:      16212 kB
SUnreclaim:        39992 kB
KernelStack:       15832 kB
PageTables:        55456 kB
NFS_Unstable:          0 kB
Bounce:                0 kB
WritebackTmp:          0 kB
CommitLimit:     2183484 kB
Committed_AS:   131919852 kB
VmallocTotal:     311296 kB
VmallocUsed:       41360 kB
VmallocChunk:     160780 kB
Time pass: 3 sec

---2015-12-04 21:02:09
MemTotal:        1745540 kB
MemFree:           46036 kB
Buffers:            9184 kB
Cached:           587372 kB
SwapCached:        19100 kB
Active:           679796 kB
Inactive:         682232 kB
Active(anon):     384648 kB
Inactive(anon):   384744 kB
Active(file):     295148 kB
Inactive(file):   297488 kB
Unevictable:        3816 kB
Mlocked:               0 kB
HighTotal:       1217536 kB
HighFree:          20588 kB
LowTotal:         528004 kB
LowFree:           25448 kB
SwapTotal:       1310716 kB
SwapFree:        1009692 kB
Dirty:                 0 kB
Writeback:             0 kB
AnonPages:        757284 kB
Mapped:           311204 kB
Shmem:               104 kB
Slab:              56164 kB
SReclaimable:      16204 kB
SUnreclaim:        39960 kB
KernelStack:       15832 kB
PageTables:        55456 kB
NFS_Unstable:          0 kB
Bounce:                0 kB
WritebackTmp:          0 kB
CommitLimit:     2183484 kB
Committed_AS:   131920012 kB
VmallocTotal:     311296 kB
VmallocUsed:       41360 kB
VmallocChunk:     160780 kB
Time pass: 7 sec

---2015-12-04 21:02:09
MemTotal:        1745540 kB
MemFree:           45968 kB
Buffers:            9184 kB
Cached:           587372 kB
SwapCached:        19128 kB
Active:           679844 kB
Inactive:         682212 kB
Active(anon):     384696 kB
Inactive(anon):   384724 kB
Active(file):     295148 kB
Inactive(file):   297488 kB
Unevictable:        3816 kB
Mlocked:               0 kB
HighTotal:       1217536 kB
HighFree:          20512 kB
LowTotal:         528004 kB
LowFree:           25456 kB
SwapTotal:       1310716 kB
SwapFree:        1009696 kB
Dirty:                 0 kB
Writeback:             0 kB
AnonPages:        757376 kB
Mapped:           311204 kB
Shmem:               104 kB
Slab:              56164 kB
SReclaimable:      16204 kB
SUnreclaim:        39960 kB
KernelStack:       15824 kB
PageTables:        55456 kB
NFS_Unstable:          0 kB
Bounce:                0 kB
WritebackTmp:          0 kB
CommitLimit:     2183484 kB
Committed_AS:   131920052 kB
VmallocTotal:     311296 kB
VmallocUsed:       41360 kB
VmallocChunk:     160780 kB
Time pass: 10 sec

---2015-12-04 21:02:09
MemTotal:        1745540 kB
MemFree:           45912 kB
Buffers:            9184 kB
Cached:           587372 kB
SwapCached:        19128 kB
Active:           679980 kB
Inactive:         682212 kB
Active(anon):     384832 kB
Inactive(anon):   384724 kB
Active(file):     295148 kB
Inactive(file):   297488 kB
Unevictable:        3816 kB
Mlocked:               0 kB
HighTotal:       1217536 kB
HighFree:          20448 kB
LowTotal:         528004 kB
LowFree:           25464 kB
SwapTotal:       1310716 kB
SwapFree:        1009696 kB
Dirty:                 0 kB
Writeback:             0 kB
AnonPages:        757496 kB
Mapped:           311204 kB
Shmem:               104 kB
Slab:              56164 kB
SReclaimable:      16204 kB
SUnreclaim:        39960 kB
KernelStack:       15816 kB
PageTables:        55456 kB
NFS_Unstable:          0 kB
Bounce:                0 kB
WritebackTmp:          0 kB
CommitLimit:     2183484 kB
Committed_AS:   131920092 kB
VmallocTotal:     311296 kB
VmallocUsed:       41360 kB
VmallocChunk:     160780 kB
Time pass: 14 sec

---2015-12-04 21:02:09
MemTotal:        1745540 kB
MemFree:           49380 kB
Buffers:            9184 kB
Cached:           587372 kB
SwapCached:        19132 kB
Active:           677100 kB
Inactive:         682228 kB
Active(anon):     381952 kB
Inactive(anon):   384740 kB
Active(file):     295148 kB
Inactive(file):   297488 kB
Unevictable:        3816 kB
Mlocked:               0 kB
HighTotal:       1217536 kB
HighFree:          23152 kB
LowTotal:         528004 kB
LowFree:           26228 kB
SwapTotal:       1310716 kB
SwapFree:        1009740 kB
Dirty:                 0 kB
Writeback:             0 kB
AnonPages:        754616 kB
Mapped:           310768 kB
Shmem:               104 kB
Slab:              56164 kB
SReclaimable:      16204 kB
SUnreclaim:        39960 kB
KernelStack:       15656 kB
PageTables:        54932 kB
NFS_Unstable:          0 kB
Bounce:                0 kB
WritebackTmp:          0 kB
CommitLimit:     2183484 kB
Committed_AS:   130674784 kB
VmallocTotal:     311296 kB
VmallocUsed:       40340 kB
VmallocChunk:     160780 kB
Time pass: 18 sec

---2015-12-04 21:02:09
MemTotal:        1745540 kB
MemFree:           52040 kB
Buffers:            8224 kB
Cached:           590976 kB
SwapCached:        33688 kB
Active:           675836 kB
Inactive:         693696 kB
Active(anon):     386292 kB
Inactive(anon):   388272 kB
Active(file):     289544 kB
Inactive(file):   305424 kB
Unevictable:        3816 kB
Mlocked:               0 kB
HighTotal:       1217536 kB
HighFree:          24676 kB
LowTotal:         528004 kB
LowFree:           27364 kB
SwapTotal:       1310716 kB
SwapFree:        1002520 kB
Dirty:                 0 kB
Writeback:             0 kB
AnonPages:        762744 kB
Mapped:           313704 kB
Shmem:               104 kB
Slab:              56200 kB
SReclaimable:      16204 kB
SUnreclaim:        39996 kB
KernelStack:       15864 kB
PageTables:        54964 kB
NFS_Unstable:          0 kB
Bounce:                0 kB
WritebackTmp:          0 kB
CommitLimit:     2183484 kB
Committed_AS:   130465340 kB
VmallocTotal:     311296 kB
VmallocUsed:       38404 kB
VmallocChunk:     160780 kB
Time pass: 21 sec

---2015-12-04 21:02:09
MemTotal:        1745540 kB
MemFree:           49328 kB
Buffers:            7104 kB
Cached:           478332 kB
SwapCached:        35816 kB
Active:           626928 kB
Inactive:         627544 kB
Active(anon):     386232 kB
Inactive(anon):   386632 kB
Active(file):     240696 kB
Inactive(file):   240912 kB
Unevictable:        3816 kB
Mlocked:               0 kB
HighTotal:       1217536 kB
HighFree:          20740 kB
LowTotal:         528004 kB
LowFree:           28588 kB
SwapTotal:       1310716 kB
SwapFree:         956788 kB
Dirty:              1340 kB
Writeback:             0 kB
AnonPages:        759620 kB
Mapped:           333140 kB
Shmem:               264 kB
Slab:              57152 kB
SReclaimable:      16236 kB
SUnreclaim:        40916 kB
KernelStack:       16232 kB
PageTables:        55516 kB
NFS_Unstable:          0 kB
Bounce:                0 kB
WritebackTmp:          0 kB
CommitLimit:     2183484 kB
Committed_AS:   130531176 kB
VmallocTotal:     311296 kB
VmallocUsed:       38792 kB
VmallocChunk:     160780 kB
Time pass: 25 sec

---2015-12-04 21:02:09
MemTotal:        1745540 kB
MemFree:           65892 kB
Buffers:            7008 kB
Cached:           457176 kB
SwapCached:        34112 kB
Active:           597468 kB
Inactive:         607552 kB
Active(anon):     367344 kB
Inactive(anon):   377544 kB
Active(file):     230124 kB
Inactive(file):   230008 kB
Unevictable:        3816 kB
Mlocked:               0 kB
HighTotal:       1217536 kB
HighFree:          34112 kB
LowTotal:         528004 kB
LowFree:           31780 kB
SwapTotal:       1310716 kB
SwapFree:         961252 kB
Dirty:                96 kB
Writeback:             0 kB
AnonPages:        731596 kB
Mapped:           348552 kB
Shmem:               236 kB
Slab:              57112 kB
SReclaimable:      16188 kB
SUnreclaim:        40924 kB
KernelStack:       16104 kB
PageTables:        55604 kB
NFS_Unstable:          0 kB
Bounce:                0 kB
WritebackTmp:          0 kB
CommitLimit:     2183484 kB
Committed_AS:   130504432 kB
VmallocTotal:     311296 kB
VmallocUsed:       38752 kB
VmallocChunk:     160780 kB
Time pass: 28 sec

---2015-12-04 21:02:09
MemTotal:        1745540 kB
MemFree:           65704 kB
Buffers:            7024 kB
Cached:           457444 kB
SwapCached:        34124 kB
Active:           597360 kB
Inactive:         607872 kB
Active(anon):     367228 kB
Inactive(anon):   377588 kB
Active(file):     230132 kB
Inactive(file):   230284 kB
Unevictable:        3816 kB
Mlocked:               0 kB
HighTotal:       1217536 kB
HighFree:          33912 kB
LowTotal:         528004 kB
LowFree:           31792 kB
SwapTotal:       1310716 kB
SwapFree:         961324 kB
Dirty:               108 kB
Writeback:             0 kB
AnonPages:        731540 kB
Mapped:           348640 kB
Shmem:               236 kB
Slab:              57112 kB
SReclaimable:      16188 kB
SUnreclaim:        40924 kB
KernelStack:       16096 kB
PageTables:        55604 kB
NFS_Unstable:          0 kB
Bounce:                0 kB
WritebackTmp:          0 kB
CommitLimit:     2183484 kB
Committed_AS:   130504552 kB
VmallocTotal:     311296 kB
VmallocUsed:       38752 kB
VmallocChunk:     160780 kB
Time pass: 32 sec

---2015-12-04 21:02:09
MemTotal:        1745540 kB
MemFree:           70884 kB
Buffers:            7032 kB
Cached:           458396 kB
SwapCached:        34188 kB
Active:           596580 kB
Inactive:         604728 kB
Active(anon):     366384 kB
Inactive(anon):   373556 kB
Active(file):     230196 kB
Inactive(file):   231172 kB
Unevictable:        3816 kB
Mlocked:               0 kB
HighTotal:       1217536 kB
HighFree:          36672 kB
LowTotal:         528004 kB
LowFree:           34212 kB
SwapTotal:       1310716 kB
SwapFree:         963464 kB
Dirty:               112 kB
Writeback:             0 kB
AnonPages:        726756 kB
Mapped:           348232 kB
Shmem:               236 kB
Slab:              57036 kB
SReclaimable:      16184 kB
SUnreclaim:        40852 kB
KernelStack:       15912 kB
PageTables:        54572 kB
NFS_Unstable:          0 kB
Bounce:                0 kB
WritebackTmp:          0 kB
CommitLimit:     2183484 kB
Committed_AS:   127496100 kB
VmallocTotal:     311296 kB
VmallocUsed:       37732 kB
VmallocChunk:     160780 kB
Time pass: 35 sec

---2015-12-04 21:02:09
MemTotal:        1745540 kB
MemFree:           50468 kB
Buffers:            7080 kB
Cached:           453808 kB
SwapCached:        35880 kB
Active:           604124 kB
Inactive:         605272 kB
Active(anon):     375836 kB
Inactive(anon):   376732 kB
Active(file):     228288 kB
Inactive(file):   228540 kB
Unevictable:        3816 kB
Mlocked:               0 kB
HighTotal:       1217536 kB
HighFree:          23228 kB
LowTotal:         528004 kB
LowFree:           27240 kB
SwapTotal:       1310716 kB
SwapFree:         960044 kB
Dirty:               132 kB
Writeback:             0 kB
AnonPages:        739512 kB
Mapped:           358216 kB
Shmem:               236 kB
Slab:              56996 kB
SReclaimable:      16184 kB
SUnreclaim:        40812 kB
KernelStack:       15984 kB
PageTables:        54772 kB
NFS_Unstable:          0 kB
Bounce:                0 kB
WritebackTmp:          0 kB
CommitLimit:     2183484 kB
Committed_AS:   127507424 kB
VmallocTotal:     311296 kB
VmallocUsed:       37936 kB
VmallocChunk:     160780 kB
Time pass: 39 sec

---2015-12-04 21:02:09
MemTotal:        1745540 kB
MemFree:           48836 kB
Buffers:            5588 kB
Cached:           449708 kB
SwapCached:        32252 kB
Active:           603740 kB
Inactive:         605776 kB
Active(anon):     378136 kB
Inactive(anon):   380112 kB
Active(file):     225604 kB
Inactive(file):   225664 kB
Unevictable:        3816 kB
Mlocked:               0 kB
HighTotal:       1217536 kB
HighFree:          22256 kB
LowTotal:         528004 kB
LowFree:           26580 kB
SwapTotal:       1310716 kB
SwapFree:         965376 kB
Dirty:                12 kB
Writeback:             0 kB
AnonPages:        748776 kB
Mapped:           358284 kB
Shmem:               236 kB
Slab:              56956 kB
SReclaimable:      16184 kB
SUnreclaim:        40772 kB
KernelStack:       15976 kB
PageTables:        54804 kB
NFS_Unstable:          0 kB
Bounce:                0 kB
WritebackTmp:          0 kB
CommitLimit:     2183484 kB
Committed_AS:   127529260 kB
VmallocTotal:     311296 kB
VmallocUsed:       37956 kB
VmallocChunk:     160780 kB
Time pass: 42 sec

---2015-12-04 21:02:09
MemTotal:        1745540 kB
MemFree:           58352 kB
Buffers:            5564 kB
Cached:           445564 kB
SwapCached:        32264 kB
Active:           611116 kB
Inactive:         602956 kB
Active(anon):     387148 kB
Inactive(anon):   379872 kB
Active(file):     223968 kB
Inactive(file):   223084 kB
Unevictable:        3816 kB
Mlocked:               0 kB
HighTotal:       1217536 kB
HighFree:          27208 kB
LowTotal:         528004 kB
LowFree:           31144 kB
SwapTotal:       1310716 kB
SwapFree:         962932 kB
Dirty:               184 kB
Writeback:             0 kB
AnonPages:        757744 kB
Mapped:           346392 kB
Shmem:               240 kB
Slab:              57100 kB
SReclaimable:      16184 kB
SUnreclaim:        40916 kB
KernelStack:       16096 kB
PageTables:        54744 kB
NFS_Unstable:          0 kB
Bounce:                0 kB
WritebackTmp:          0 kB
CommitLimit:     2183484 kB
Committed_AS:   127537612 kB
VmallocTotal:     311296 kB
VmallocUsed:       38068 kB
VmallocChunk:     160780 kB
Time pass: 46 sec

---2015-12-04 21:02:09
MemTotal:        1745540 kB
MemFree:           67172 kB
Buffers:            5584 kB
Cached:           415236 kB
SwapCached:        33652 kB
Active:           574892 kB
Inactive:         561144 kB
Active(anon):     359492 kB
Inactive(anon):   359936 kB
Active(file):     215400 kB
Inactive(file):   201208 kB
Unevictable:        3816 kB
Mlocked:               0 kB
HighTotal:       1217536 kB
HighFree:          40544 kB
LowTotal:         528004 kB
LowFree:           26628 kB
SwapTotal:       1310716 kB
SwapFree:         903564 kB
Dirty:              1380 kB
Writeback:             0 kB
AnonPages:        708540 kB
Mapped:           390920 kB
Shmem:               240 kB
Slab:              57504 kB
SReclaimable:      16200 kB
SUnreclaim:        41304 kB
KernelStack:       16120 kB
PageTables:        54912 kB
NFS_Unstable:          0 kB
Bounce:                0 kB
WritebackTmp:          0 kB
CommitLimit:     2183484 kB
Committed_AS:   127560564 kB
VmallocTotal:     311296 kB
VmallocUsed:       38204 kB
VmallocChunk:     160780 kB
Time pass: 49 sec

---2015-12-04 21:02:09
MemTotal:        1745540 kB
MemFree:           73008 kB
Buffers:            5592 kB
Cached:           415432 kB
SwapCached:        32596 kB
Active:           571904 kB
Inactive:         559980 kB
Active(anon):     356436 kB
Inactive(anon):   358480 kB
Active(file):     215468 kB
Inactive(file):   201500 kB
Unevictable:        3816 kB
Mlocked:               0 kB
HighTotal:       1217536 kB
HighFree:          45604 kB
LowTotal:         528004 kB
LowFree:           27404 kB
SwapTotal:       1310716 kB
SwapFree:         904696 kB
Dirty:                56 kB
Writeback:             0 kB
AnonPages:        704056 kB
Mapped:           390980 kB
Shmem:               240 kB
Slab:              57560 kB
SReclaimable:      16184 kB
SUnreclaim:        41376 kB
KernelStack:       16032 kB
PageTables:        54924 kB
NFS_Unstable:          0 kB
Bounce:                0 kB
WritebackTmp:          0 kB
CommitLimit:     2183484 kB
Committed_AS:   127554100 kB
VmallocTotal:     311296 kB
VmallocUsed:       38136 kB
VmallocChunk:     160780 kB
Time pass: 53 sec

---2015-12-04 21:02:09
MemTotal:        1745540 kB
MemFree:           71496 kB
Buffers:            5592 kB
Cached:           416564 kB
SwapCached:        32596 kB
Active:           572368 kB
Inactive:         561100 kB
Active(anon):     356888 kB
Inactive(anon):   358484 kB
Active(file):     215480 kB
Inactive(file):   202616 kB
Unevictable:        3816 kB
Mlocked:               0 kB
HighTotal:       1217536 kB
HighFree:          43980 kB
LowTotal:         528004 kB
LowFree:           27516 kB
SwapTotal:       1310716 kB
SwapFree:         904708 kB
Dirty:                80 kB
Writeback:             0 kB
AnonPages:        704520 kB
Mapped:           391372 kB
Shmem:               240 kB
Slab:              57440 kB
SReclaimable:      16168 kB
SUnreclaim:        41272 kB
KernelStack:       16032 kB
PageTables:        54924 kB
NFS_Unstable:          0 kB
Bounce:                0 kB
WritebackTmp:          0 kB
CommitLimit:     2183484 kB
Committed_AS:   127554300 kB
VmallocTotal:     311296 kB
VmallocUsed:       38136 kB
VmallocChunk:     160780 kB
Time pass: 56 sec

---2015-12-04 21:02:09
MemTotal:        1745540 kB
MemFree:           77208 kB
Buffers:            5600 kB
Cached:           406156 kB
SwapCached:        33056 kB
Active:           557736 kB
Inactive:         550380 kB
Active(anon):     350056 kB
Inactive(anon):   350364 kB
Active(file):     207680 kB
Inactive(file):   200016 kB
Unevictable:        3816 kB
Mlocked:               0 kB
HighTotal:       1217536 kB
HighFree:          49660 kB
LowTotal:         528004 kB
LowFree:           27548 kB
SwapTotal:       1310716 kB
SwapFree:         888236 kB
Dirty:               328 kB
Writeback:             0 kB
AnonPages:        689032 kB
Mapped:           395540 kB
Shmem:               240 kB
Slab:              57624 kB
SReclaimable:      16168 kB
SUnreclaim:        41456 kB
KernelStack:       16032 kB
PageTables:        54972 kB
NFS_Unstable:          0 kB
Bounce:                0 kB
WritebackTmp:          0 kB
CommitLimit:     2183484 kB
Committed_AS:   127562732 kB
VmallocTotal:     311296 kB
VmallocUsed:       38176 kB
VmallocChunk:     160780 kB
Time pass: 60 sec

---2015-12-04 21:02:09
MemTotal:        1745540 kB
MemFree:           71724 kB
Buffers:            5600 kB
Cached:           409896 kB
SwapCached:        33128 kB
Active:           558092 kB
Inactive:         554384 kB
Active(anon):     350396 kB
Inactive(anon):   350672 kB
Active(file):     207696 kB
Inactive(file):   203712 kB
Unevictable:        3816 kB
Mlocked:               0 kB
HighTotal:       1217536 kB
HighFree:          45076 kB
LowTotal:         528004 kB
LowFree:           26648 kB
SwapTotal:       1310716 kB
SwapFree:         888512 kB
Dirty:                 0 kB
Writeback:             0 kB
AnonPages:        689828 kB
Mapped:           395728 kB
Shmem:               240 kB
Slab:              57628 kB
SReclaimable:      16168 kB
SUnreclaim:        41460 kB
KernelStack:       16088 kB
PageTables:        54972 kB
NFS_Unstable:          0 kB
Bounce:                0 kB
WritebackTmp:          0 kB
CommitLimit:     2183484 kB
Committed_AS:   127563220 kB
VmallocTotal:     311296 kB
VmallocUsed:       38244 kB
VmallocChunk:     160780 kB
Time pass: 64 sec

---2015-12-04 21:02:09
MemTotal:        1745540 kB
MemFree:           81836 kB
Buffers:            5604 kB
Cached:           385908 kB
SwapCached:        34000 kB
Active:           539272 kB
Inactive:         533800 kB
Active(anon):     343088 kB
Inactive(anon):   342528 kB
Active(file):     196184 kB
Inactive(file):   191272 kB
Unevictable:        3816 kB
Mlocked:               0 kB
HighTotal:       1217536 kB
HighFree:          54928 kB
LowTotal:         528004 kB
LowFree:           26908 kB
SwapTotal:       1310716 kB
SwapFree:         861924 kB
Dirty:               524 kB
Writeback:             0 kB
AnonPages:        673348 kB
Mapped:           397872 kB
Shmem:               240 kB
Slab:              58136 kB
SReclaimable:      16184 kB
SUnreclaim:        41952 kB
KernelStack:       16160 kB
PageTables:        55016 kB
NFS_Unstable:          0 kB
Bounce:                0 kB
WritebackTmp:          0 kB
CommitLimit:     2183484 kB
Committed_AS:   127565484 kB
VmallocTotal:     311296 kB
VmallocUsed:       38328 kB
VmallocChunk:     160780 kB
Time pass: 67 sec

---2015-12-04 21:02:09
MemTotal:        1745540 kB
MemFree:           72628 kB
Buffers:            5628 kB
Cached:           386700 kB
SwapCached:        34164 kB
Active:           541468 kB
Inactive:         537432 kB
Active(anon):     345956 kB
Inactive(anon):   344672 kB
Active(file):     195512 kB
Inactive(file):   192760 kB
Unevictable:        3816 kB
Mlocked:               0 kB
HighTotal:       1217536 kB
HighFree:          44252 kB
LowTotal:         528004 kB
LowFree:           28376 kB
SwapTotal:       1310716 kB
SwapFree:         855056 kB
Dirty:               240 kB
Writeback:             0 kB
AnonPages:        678356 kB
Mapped:           398604 kB
Shmem:               240 kB
Slab:              58268 kB
SReclaimable:      16192 kB
SUnreclaim:        42076 kB
KernelStack:       16192 kB
PageTables:        55136 kB
NFS_Unstable:          0 kB
Bounce:                0 kB
WritebackTmp:          0 kB
CommitLimit:     2183484 kB
Committed_AS:   127583364 kB
VmallocTotal:     311296 kB
VmallocUsed:       38396 kB
VmallocChunk:     160780 kB
Time pass: 71 sec

---2015-12-04 21:02:09
MemTotal:        1745540 kB
MemFree:           60620 kB
Buffers:            5624 kB
Cached:           359652 kB
SwapCached:        35496 kB
Active:           521264 kB
Inactive:         520356 kB
Active(anon):     340988 kB
Inactive(anon):   339572 kB
Active(file):     180276 kB
Inactive(file):   180784 kB
Unevictable:        3816 kB
Mlocked:               0 kB
HighTotal:       1217536 kB
HighFree:          37496 kB
LowTotal:         528004 kB
LowFree:           23124 kB
SwapTotal:       1310716 kB
SwapFree:         832280 kB
Dirty:                68 kB
Writeback:             0 kB
AnonPages:        667392 kB
Mapped:           383900 kB
Shmem:               400 kB
Slab:              58660 kB
SReclaimable:      16208 kB
SUnreclaim:        42452 kB
KernelStack:       16392 kB
PageTables:        55328 kB
NFS_Unstable:          0 kB
Bounce:                0 kB
WritebackTmp:          0 kB
CommitLimit:     2183484 kB
Committed_AS:   127626616 kB
VmallocTotal:     311296 kB
VmallocUsed:       38464 kB
VmallocChunk:     160780 kB
Time pass: 75 sec

---2015-12-04 21:02:09
MemTotal:        1745540 kB
MemFree:           73000 kB
Buffers:            5624 kB
Cached:           328724 kB
SwapCached:        36256 kB
Active:           498248 kB
Inactive:         495960 kB
Active(anon):     333392 kB
Inactive(anon):   330672 kB
Active(file):     164856 kB
Inactive(file):   165288 kB
Unevictable:        3816 kB
Mlocked:               0 kB
HighTotal:       1217536 kB
HighFree:          43904 kB
LowTotal:         528004 kB
LowFree:           29096 kB
SwapTotal:       1310716 kB
SwapFree:         811108 kB
Dirty:                 0 kB
Writeback:             0 kB
AnonPages:        650024 kB
Mapped:           372988 kB
Shmem:               452 kB
Slab:              58768 kB
SReclaimable:      16208 kB
SUnreclaim:        42560 kB
KernelStack:       16344 kB
PageTables:        55508 kB
NFS_Unstable:          0 kB
Bounce:                0 kB
WritebackTmp:          0 kB
CommitLimit:     2183484 kB
Committed_AS:   127630740 kB
VmallocTotal:     311296 kB
VmallocUsed:       38464 kB
VmallocChunk:     160780 kB
Time pass: 79 sec

---2015-12-04 21:02:09
MemTotal:        1745540 kB
MemFree:           71772 kB
Buffers:            5624 kB
Cached:           329412 kB
SwapCached:        36260 kB
Active:           499368 kB
Inactive:         496520 kB
Active(anon):     334512 kB
Inactive(anon):   330756 kB
Active(file):     164856 kB
Inactive(file):   165764 kB
Unevictable:        3816 kB
Mlocked:               0 kB
HighTotal:       1217536 kB
HighFree:          42688 kB
LowTotal:         528004 kB
LowFree:           29084 kB
SwapTotal:       1310716 kB
SwapFree:         811120 kB
Dirty:                 0 kB
Writeback:             0 kB
AnonPages:        651224 kB
Mapped:           373144 kB
Shmem:               604 kB
Slab:              58764 kB
SReclaimable:      16208 kB
SUnreclaim:        42556 kB
KernelStack:       16360 kB
PageTables:        55516 kB
NFS_Unstable:          0 kB
Bounce:                0 kB
WritebackTmp:          0 kB
CommitLimit:     2183484 kB
Committed_AS:   127632872 kB
VmallocTotal:     311296 kB
VmallocUsed:       38396 kB
VmallocChunk:     160780 kB
Time pass: 82 sec

---2015-12-04 21:02:09
MemTotal:        1745540 kB
MemFree:           70664 kB
Buffers:            5648 kB
Cached:           329416 kB
SwapCached:        36260 kB
Active:           499968 kB
Inactive:         496592 kB
Active(anon):     335112 kB
Inactive(anon):   330804 kB
Active(file):     164856 kB
Inactive(file):   165788 kB
Unevictable:        3816 kB
Mlocked:               0 kB
HighTotal:       1217536 kB
HighFree:          41772 kB
LowTotal:         528004 kB
LowFree:           28892 kB
SwapTotal:       1310716 kB
SwapFree:         811164 kB
Dirty:                40 kB
Writeback:             0 kB
AnonPages:        651732 kB
Mapped:           373304 kB
Shmem:               604 kB
Slab:              58736 kB
SReclaimable:      16200 kB
SUnreclaim:        42536 kB
KernelStack:       16320 kB
PageTables:        55504 kB
NFS_Unstable:          0 kB
Bounce:                0 kB
WritebackTmp:          0 kB
CommitLimit:     2183484 kB
Committed_AS:   127632872 kB
VmallocTotal:     311296 kB
VmallocUsed:       38396 kB
VmallocChunk:     160780 kB
Time pass: 86 sec

---2015-12-04 21:02:09
MemTotal:        1745540 kB
MemFree:           68132 kB
Buffers:            5656 kB
Cached:           332484 kB
SwapCached:        36288 kB
Active:           499664 kB
Inactive:         499728 kB
Active(anon):     334788 kB
Inactive(anon):   330936 kB
Active(file):     164876 kB
Inactive(file):   168792 kB
Unevictable:        3816 kB
Mlocked:               0 kB
HighTotal:       1217536 kB
HighFree:          39128 kB
LowTotal:         528004 kB
LowFree:           29004 kB
SwapTotal:       1310716 kB
SwapFree:         811220 kB
Dirty:                32 kB
Writeback:             0 kB
AnonPages:        651512 kB
Mapped:           373396 kB
Shmem:               656 kB
Slab:              58784 kB
SReclaimable:      16200 kB
SUnreclaim:        42584 kB
KernelStack:       16328 kB
PageTables:        55504 kB
NFS_Unstable:          0 kB
Bounce:                0 kB
WritebackTmp:          0 kB
CommitLimit:     2183484 kB
Committed_AS:   127633032 kB
VmallocTotal:     311296 kB
VmallocUsed:       38464 kB
VmallocChunk:     160780 kB
Time pass: 90 sec

---2015-12-04 21:02:09
MemTotal:        1745540 kB
MemFree:           65344 kB
Buffers:            5672 kB
Cached:           332484 kB
SwapCached:        36284 kB
Active:           501848 kB
Inactive:         499756 kB
Active(anon):     336972 kB
Inactive(anon):   330948 kB
Active(file):     164876 kB
Inactive(file):   168808 kB
Unevictable:        3816 kB
Mlocked:               0 kB
HighTotal:       1217536 kB
HighFree:          36912 kB
LowTotal:         528004 kB
LowFree:           28432 kB
SwapTotal:       1310716 kB
SwapFree:         811244 kB
Dirty:                40 kB
Writeback:             0 kB
AnonPages:        653776 kB
Mapped:           373584 kB
Shmem:               656 kB
Slab:              58720 kB
SReclaimable:      16200 kB
SUnreclaim:        42520 kB
KernelStack:       16376 kB
PageTables:        55508 kB
NFS_Unstable:          0 kB
Bounce:                0 kB
WritebackTmp:          0 kB
CommitLimit:     2183484 kB
Committed_AS:   127636176 kB
VmallocTotal:     311296 kB
VmallocUsed:       38464 kB
VmallocChunk:     160780 kB
Time pass: 93 sec

---2015-12-04 21:02:09
MemTotal:        1745540 kB
MemFree:           64016 kB
Buffers:            5688 kB
Cached:           333304 kB
SwapCached:        36280 kB
Active:           502836 kB
Inactive:         500512 kB
Active(anon):     337960 kB
Inactive(anon):   330984 kB
Active(file):     164876 kB
Inactive(file):   169528 kB
Unevictable:        3816 kB
Mlocked:               0 kB
HighTotal:       1217536 kB
HighFree:          35060 kB
LowTotal:         528004 kB
LowFree:           28956 kB
SwapTotal:       1310716 kB
SwapFree:         811292 kB
Dirty:                36 kB
Writeback:             0 kB
AnonPages:        654908 kB
Mapped:           373788 kB
Shmem:               656 kB
Slab:              58740 kB
SReclaimable:      16200 kB
SUnreclaim:        42540 kB
KernelStack:       16336 kB
PageTables:        55516 kB
NFS_Unstable:          0 kB
Bounce:                0 kB
WritebackTmp:          0 kB
CommitLimit:     2183484 kB
Committed_AS:   127637172 kB
VmallocTotal:     311296 kB
VmallocUsed:       38464 kB
VmallocChunk:     160780 kB
Time pass: 97 sec

---2015-12-04 21:02:09
MemTotal:        1745540 kB
MemFree:          118664 kB
Buffers:            4560 kB
Cached:           355940 kB
SwapCached:        42464 kB
Active:           488760 kB
Inactive:         486164 kB
Active(anon):     316260 kB
Inactive(anon):   302772 kB
Active(file):     172500 kB
Inactive(file):   183392 kB
Unevictable:        3816 kB
Mlocked:               0 kB
HighTotal:       1217536 kB
HighFree:          64984 kB
LowTotal:         528004 kB
LowFree:           53680 kB
SwapTotal:       1310716 kB
SwapFree:         775988 kB
Dirty:                60 kB
Writeback:             0 kB
AnonPages:        603416 kB
Mapped:           349600 kB
Shmem:               276 kB
Slab:              60032 kB
SReclaimable:      16200 kB
SUnreclaim:        43832 kB
KernelStack:       16240 kB
PageTables:        55456 kB
NFS_Unstable:          0 kB
Bounce:                0 kB
WritebackTmp:          0 kB
CommitLimit:     2183484 kB
Committed_AS:   129146372 kB
VmallocTotal:     311296 kB
VmallocUsed:       35340 kB
VmallocChunk:     160780 kB
Time pass: 100 sec

---2015-12-04 21:02:09
MemTotal:        1745540 kB
MemFree:          338144 kB
Buffers:            4632 kB
Cached:           356688 kB
SwapCached:        42472 kB
Active:           419776 kB
Inactive:         483480 kB
Active(anon):     245624 kB
Inactive(anon):   300236 kB
Active(file):     174152 kB
Inactive(file):   183244 kB
Unevictable:        3816 kB
Mlocked:               0 kB
HighTotal:       1217536 kB
HighFree:         236328 kB
LowTotal:         528004 kB
LowFree:          101816 kB
SwapTotal:       1310716 kB
SwapFree:         776004 kB
Dirty:               336 kB
Writeback:             0 kB
AnonPages:        530088 kB
Mapped:           198332 kB
Shmem:               104 kB
Slab:              59852 kB
SReclaimable:      16200 kB
SUnreclaim:        43652 kB
KernelStack:       15504 kB
PageTables:        53952 kB
NFS_Unstable:          0 kB
Bounce:                0 kB
WritebackTmp:          0 kB
CommitLimit:     2183484 kB
Committed_AS:   127721564 kB
VmallocTotal:     311296 kB
VmallocUsed:       34308 kB
VmallocChunk:     160780 kB
Time pass: 104 sec

---2015-12-04 21:02:09
MemTotal:        1745540 kB
MemFree:          338328 kB
Buffers:            4632 kB
Cached:           356688 kB
SwapCached:        42804 kB
Active:           419176 kB
Inactive:         483876 kB
Active(anon):     245020 kB
Inactive(anon):   300632 kB
Active(file):     174156 kB
Inactive(file):   183244 kB
Unevictable:        3816 kB
Mlocked:               0 kB
HighTotal:       1217536 kB
HighFree:         236528 kB
LowTotal:         528004 kB
LowFree:          101800 kB
SwapTotal:       1310716 kB
SwapFree:         777320 kB
Dirty:                 0 kB
Writeback:             0 kB
AnonPages:        529932 kB
Mapped:           198356 kB
Shmem:               104 kB
Slab:              59848 kB
SReclaimable:      16200 kB
SUnreclaim:        43648 kB
KernelStack:       15488 kB
PageTables:        53988 kB
NFS_Unstable:          0 kB
Bounce:                0 kB
WritebackTmp:          0 kB
CommitLimit:     2183484 kB
Committed_AS:   127722148 kB
VmallocTotal:     311296 kB
VmallocUsed:       34308 kB
VmallocChunk:     160780 kB
Time pass: 108 sec

---2015-12-04 21:02:09
MemTotal:        1745540 kB
MemFree:          340960 kB
Buffers:            4640 kB
Cached:           356736 kB
SwapCached:        42808 kB
Active:           416504 kB
Inactive:         483952 kB
Active(anon):     242348 kB
Inactive(anon):   300648 kB
Active(file):     174156 kB
Inactive(file):   183304 kB
Unevictable:        3816 kB
Mlocked:               0 kB
HighTotal:       1217536 kB
HighFree:         239144 kB
LowTotal:         528004 kB
LowFree:          101816 kB
SwapTotal:       1310716 kB
SwapFree:         777336 kB
Dirty:                44 kB
Writeback:             0 kB
AnonPages:        527248 kB
Mapped:           198344 kB
Shmem:               104 kB
Slab:              59844 kB
SReclaimable:      16200 kB
SUnreclaim:        43644 kB
KernelStack:       15504 kB
PageTables:        54008 kB
NFS_Unstable:          0 kB
Bounce:                0 kB
WritebackTmp:          0 kB
CommitLimit:     2183484 kB
Committed_AS:   127717452 kB
VmallocTotal:     311296 kB
VmallocUsed:       34308 kB
VmallocChunk:     160780 kB
Time pass: 111 sec

---2015-12-04 21:02:09
MemTotal:        1745540 kB
MemFree:          257980 kB
Buffers:            4832 kB
Cached:           380908 kB
SwapCached:        43320 kB
Active:           450696 kB
Inactive:         491232 kB
Active(anon):     272992 kB
Inactive(anon):   287196 kB
Active(file):     177704 kB
Inactive(file):   204036 kB
Unevictable:        3816 kB
Mlocked:               0 kB
HighTotal:       1217536 kB
HighFree:         177100 kB
LowTotal:         528004 kB
LowFree:           80880 kB
SwapTotal:       1310716 kB
SwapFree:         778004 kB
Dirty:               816 kB
Writeback:             0 kB
AnonPages:        544012 kB
Mapped:           227192 kB
Shmem:               236 kB
Slab:              59996 kB
SReclaimable:      16200 kB
SUnreclaim:        43796 kB
KernelStack:       15984 kB
PageTables:        54380 kB
NFS_Unstable:          0 kB
Bounce:                0 kB
WritebackTmp:          0 kB
CommitLimit:     2183484 kB
Committed_AS:   127546860 kB
VmallocTotal:     311296 kB
VmallocUsed:       33640 kB
VmallocChunk:     160780 kB
Time pass: 115 sec

---2015-12-04 21:02:09
MemTotal:        1745540 kB
MemFree:          199080 kB
Buffers:            4928 kB
Cached:           382864 kB
SwapCached:        43624 kB
Active:           466240 kB
Inactive:         493908 kB
Active(anon):     288320 kB
Inactive(anon):   288192 kB
Active(file):     177920 kB
Inactive(file):   205716 kB
Unevictable:        3816 kB
Mlocked:               0 kB
HighTotal:       1217536 kB
HighFree:         119400 kB
LowTotal:         528004 kB
LowFree:           79680 kB
SwapTotal:       1310716 kB
SwapFree:         779572 kB
Dirty:              2112 kB
Writeback:             0 kB
AnonPages:        560388 kB
Mapped:           268624 kB
Shmem:               240 kB
Slab:              59908 kB
SReclaimable:      16192 kB
SUnreclaim:        43716 kB
KernelStack:       16032 kB
PageTables:        54556 kB
NFS_Unstable:          0 kB
Bounce:                0 kB
WritebackTmp:          0 kB
CommitLimit:     2183484 kB
Committed_AS:   127574836 kB
VmallocTotal:     311296 kB
VmallocUsed:       33868 kB
VmallocChunk:     160780 kB
Time pass: 118 sec

---2015-12-04 21:02:09
MemTotal:        1745540 kB
MemFree:          136752 kB
Buffers:            4936 kB
Cached:           386808 kB
SwapCached:        43632 kB
Active:           473632 kB
Inactive:         497320 kB
Active(anon):     295060 kB
Inactive(anon):   288208 kB
Active(file):     178572 kB
Inactive(file):   209112 kB
Unevictable:        3816 kB
Mlocked:               0 kB
HighTotal:       1217536 kB
HighFree:          65788 kB
LowTotal:         528004 kB
LowFree:           70964 kB
SwapTotal:       1310716 kB
SwapFree:         779584 kB
Dirty:              1364 kB
Writeback:             0 kB
AnonPages:        567124 kB
Mapped:           313936 kB
Shmem:               240 kB
Slab:              59952 kB
SReclaimable:      16200 kB
SUnreclaim:        43752 kB
KernelStack:       15968 kB
PageTables:        54712 kB
NFS_Unstable:          0 kB
Bounce:                0 kB
WritebackTmp:          0 kB
CommitLimit:     2183484 kB
Committed_AS:   127588436 kB
VmallocTotal:     311296 kB
VmallocUsed:       34112 kB
VmallocChunk:     160780 kB
Time pass: 122 sec

---2015-12-04 21:02:09
MemTotal:        1745540 kB
MemFree:          116720 kB
Buffers:            4944 kB
Cached:           387680 kB
SwapCached:        43948 kB
Active:           476588 kB
Inactive:         498184 kB
Active(anon):     297836 kB
Inactive(anon):   288316 kB
Active(file):     178752 kB
Inactive(file):   209868 kB
Unevictable:        3816 kB
Mlocked:               0 kB
HighTotal:       1217536 kB
HighFree:          61440 kB
LowTotal:         528004 kB
LowFree:           55280 kB
SwapTotal:       1310716 kB
SwapFree:         779932 kB
Dirty:               248 kB
Writeback:             0 kB
AnonPages:        570192 kB
Mapped:           326548 kB
Shmem:               240 kB
Slab:              59860 kB
SReclaimable:      16168 kB
SUnreclaim:        43692 kB
KernelStack:       16048 kB
PageTables:        54724 kB
NFS_Unstable:          0 kB
Bounce:                0 kB
WritebackTmp:          0 kB
CommitLimit:     2183484 kB
Committed_AS:   127589836 kB
VmallocTotal:     311296 kB
VmallocUsed:       34152 kB
VmallocChunk:     160780 kB
Time pass: 125 sec

---2015-12-04 21:02:09
MemTotal:        1745540 kB
MemFree:          117888 kB
Buffers:            4952 kB
Cached:           387784 kB
SwapCached:        43952 kB
Active:           476272 kB
Inactive:         498232 kB
Active(anon):     297484 kB
Inactive(anon):   288340 kB
Active(file):     178788 kB
Inactive(file):   209892 kB
Unevictable:        3816 kB
Mlocked:               0 kB
HighTotal:       1217536 kB
HighFree:          62384 kB
LowTotal:         528004 kB
LowFree:           55504 kB
SwapTotal:       1310716 kB
SwapFree:         779952 kB
Dirty:                20 kB
Writeback:             0 kB
AnonPages:        569772 kB
Mapped:           326636 kB
Shmem:               240 kB
Slab:              59852 kB
SReclaimable:      16168 kB
SUnreclaim:        43684 kB
KernelStack:       15968 kB
PageTables:        54748 kB
NFS_Unstable:          0 kB
Bounce:                0 kB
WritebackTmp:          0 kB
CommitLimit:     2183484 kB
Committed_AS:   127588668 kB
VmallocTotal:     311296 kB
VmallocUsed:       34016 kB
VmallocChunk:     160780 kB
Time pass: 129 sec

---2015-12-04 21:02:09
MemTotal:        1745540 kB
MemFree:           90044 kB
Buffers:            4952 kB
Cached:           387876 kB
SwapCached:        44024 kB
Active:           484120 kB
Inactive:         498508 kB
Active(anon):     305332 kB
Inactive(anon):   288524 kB
Active(file):     178788 kB
Inactive(file):   209984 kB
Unevictable:        3816 kB
Mlocked:               0 kB
HighTotal:       1217536 kB
HighFree:          57324 kB
LowTotal:         528004 kB
LowFree:           32720 kB
SwapTotal:       1310716 kB
SwapFree:         780060 kB
Dirty:               580 kB
Writeback:             0 kB
AnonPages:        577812 kB
Mapped:           340628 kB
Shmem:               240 kB
Slab:              60172 kB
SReclaimable:      16168 kB
SUnreclaim:        44004 kB
KernelStack:       16112 kB
PageTables:        54828 kB
NFS_Unstable:          0 kB
Bounce:                0 kB
WritebackTmp:          0 kB
CommitLimit:     2183484 kB
Committed_AS:   127597540 kB
VmallocTotal:     311296 kB
VmallocUsed:       34168 kB
VmallocChunk:     160780 kB
Time pass: 132 sec

---2015-12-04 21:02:09
MemTotal:        1745540 kB
MemFree:           90664 kB
Buffers:            4960 kB
Cached:           387868 kB
SwapCached:        44000 kB
Active:           484296 kB
Inactive:         498568 kB
Active(anon):     305508 kB
Inactive(anon):   288584 kB
Active(file):     178788 kB
Inactive(file):   209984 kB
Unevictable:        3816 kB
Mlocked:               0 kB
HighTotal:       1217536 kB
HighFree:          57680 kB
LowTotal:         528004 kB
LowFree:           32984 kB
SwapTotal:       1310716 kB
SwapFree:         780144 kB
Dirty:                52 kB
Writeback:             0 kB
AnonPages:        578024 kB
Mapped:           340604 kB
Shmem:               240 kB
Slab:              60140 kB
SReclaimable:      16168 kB
SUnreclaim:        43972 kB
KernelStack:       15976 kB
PageTables:        54820 kB
NFS_Unstable:          0 kB
Bounce:                0 kB
WritebackTmp:          0 kB
CommitLimit:     2183484 kB
Committed_AS:   127597588 kB
VmallocTotal:     311296 kB
VmallocUsed:       34100 kB
VmallocChunk:     160780 kB
Time pass: 136 sec

---2015-12-04 21:02:09
MemTotal:        1745540 kB
MemFree:           90476 kB
Buffers:            4960 kB
Cached:           387876 kB
SwapCached:        44008 kB
Active:           484276 kB
Inactive:         498580 kB
Active(anon):     305488 kB
Inactive(anon):   288588 kB
Active(file):     178788 kB
Inactive(file):   209992 kB
Unevictable:        3816 kB
Mlocked:               0 kB
HighTotal:       1217536 kB
HighFree:          57492 kB
LowTotal:         528004 kB
LowFree:           32984 kB
SwapTotal:       1310716 kB
SwapFree:         780164 kB
Dirty:                48 kB
Writeback:             0 kB
AnonPages:        578028 kB
Mapped:           340612 kB
Shmem:               240 kB
Slab:              60140 kB
SReclaimable:      16168 kB
SUnreclaim:        43972 kB
KernelStack:       15976 kB
PageTables:        54820 kB
NFS_Unstable:          0 kB
Bounce:                0 kB
WritebackTmp:          0 kB
CommitLimit:     2183484 kB
Committed_AS:   127597668 kB
VmallocTotal:     311296 kB
VmallocUsed:       34100 kB
VmallocChunk:     160780 kB
Time pass: 140 sec

---2015-12-04 21:02:09
MemTotal:        1745540 kB
MemFree:           70940 kB
Buffers:            4976 kB
Cached:           389972 kB
SwapCached:        44064 kB
Active:           499912 kB
Inactive:         499992 kB
Active(anon):     320252 kB
Inactive(anon):   288756 kB
Active(file):     179660 kB
Inactive(file):   211236 kB
Unevictable:        3816 kB
Mlocked:               0 kB
HighTotal:       1217536 kB
HighFree:          40012 kB
LowTotal:         528004 kB
LowFree:           30928 kB
SwapTotal:       1310716 kB
SwapFree:         780308 kB
Dirty:                 8 kB
Writeback:             0 kB
AnonPages:        592860 kB
Mapped:           344428 kB
Shmem:               240 kB
Slab:              59748 kB
SReclaimable:      16176 kB
SUnreclaim:        43572 kB
KernelStack:       16176 kB
PageTables:        55032 kB
NFS_Unstable:          0 kB
Bounce:                0 kB
WritebackTmp:          0 kB
CommitLimit:     2183484 kB
Committed_AS:   127647012 kB
VmallocTotal:     311296 kB
VmallocUsed:       34304 kB
VmallocChunk:     160780 kB
Time pass: 143 sec

---2015-12-04 21:02:09
MemTotal:        1745540 kB
MemFree:           68660 kB
Buffers:            5436 kB
Cached:           384016 kB
SwapCached:        44592 kB
Active:           491708 kB
Inactive:         511240 kB
Active(anon):     309052 kB
Inactive(anon):   309176 kB
Active(file):     182656 kB
Inactive(file):   202064 kB
Unevictable:        3816 kB
Mlocked:               0 kB
HighTotal:       1217536 kB
HighFree:          40708 kB
LowTotal:         528004 kB
LowFree:           27952 kB
SwapTotal:       1310716 kB
SwapFree:         773496 kB
Dirty:                 0 kB
Writeback:             0 kB
AnonPages:        601624 kB
Mapped:           340832 kB
Shmem:               428 kB
Slab:              59688 kB
SReclaimable:      16176 kB
SUnreclaim:        43512 kB
KernelStack:       16416 kB
PageTables:        55588 kB
NFS_Unstable:          0 kB
Bounce:                0 kB
WritebackTmp:          0 kB
CommitLimit:     2183484 kB
Committed_AS:   129182052 kB
VmallocTotal:     311296 kB
VmallocUsed:       34304 kB
VmallocChunk:     160780 kB
Time pass: 147 sec

---2015-12-04 21:02:09
MemTotal:        1745540 kB
MemFree:           71556 kB
Buffers:            7136 kB
Cached:           382448 kB
SwapCached:        44648 kB
Active:           492784 kB
Inactive:         510260 kB
Active(anon):     308024 kB
Inactive(anon):   309692 kB
Active(file):     184760 kB
Inactive(file):   200568 kB
Unevictable:        3816 kB
Mlocked:               0 kB
HighTotal:       1217536 kB
HighFree:          42244 kB
LowTotal:         528004 kB
LowFree:           29312 kB
SwapTotal:       1310716 kB
SwapFree:         773132 kB
Dirty:               116 kB
Writeback:             0 kB
AnonPages:        601228 kB
Mapped:           333748 kB
Shmem:               440 kB
Slab:              59808 kB
SReclaimable:      16184 kB
SUnreclaim:        43624 kB
KernelStack:       16280 kB
PageTables:        55124 kB
NFS_Unstable:          0 kB
Bounce:                0 kB
WritebackTmp:          0 kB
CommitLimit:     2183484 kB
Committed_AS:   127663800 kB
VmallocTotal:     311296 kB
VmallocUsed:       34304 kB
VmallocChunk:     160780 kB
Time pass: 151 sec

---2015-12-04 21:02:09
MemTotal:        1745540 kB
MemFree:           68160 kB
Buffers:            7136 kB
Cached:           382676 kB
SwapCached:        44964 kB
Active:           494704 kB
Inactive:         511124 kB
Active(anon):     309944 kB
Inactive(anon):   310556 kB
Active(file):     184760 kB
Inactive(file):   200568 kB
Unevictable:        3816 kB
Mlocked:               0 kB
HighTotal:       1217536 kB
HighFree:          39884 kB
LowTotal:         528004 kB
LowFree:           28276 kB
SwapTotal:       1310716 kB
SwapFree:         773732 kB
Dirty:                 0 kB
Writeback:             0 kB
AnonPages:        603464 kB
Mapped:           333964 kB
Shmem:               656 kB
Slab:              59824 kB
SReclaimable:      16200 kB
SUnreclaim:        43624 kB
KernelStack:       16336 kB
PageTables:        55164 kB
NFS_Unstable:          0 kB
Bounce:                0 kB
WritebackTmp:          0 kB
CommitLimit:     2183484 kB
Committed_AS:   127666920 kB
VmallocTotal:     311296 kB
VmallocUsed:       34304 kB
VmallocChunk:     160780 kB
Time pass: 154 sec

---2015-12-04 21:02:09
MemTotal:        1745540 kB
MemFree:           66804 kB
Buffers:            7160 kB
Cached:           382664 kB
SwapCached:        44960 kB
Active:           495144 kB
Inactive:         511184 kB
Active(anon):     310384 kB
Inactive(anon):   310608 kB
Active(file):     184760 kB
Inactive(file):   200576 kB
Unevictable:        3816 kB
Mlocked:               0 kB
HighTotal:       1217536 kB
HighFree:          38856 kB
LowTotal:         528004 kB
LowFree:           27948 kB
SwapTotal:       1310716 kB
SwapFree:         773772 kB
Dirty:                56 kB
Writeback:             0 kB
AnonPages:        603928 kB
Mapped:           333968 kB
Shmem:               656 kB
Slab:              59856 kB
SReclaimable:      16200 kB
SUnreclaim:        43656 kB
KernelStack:       16328 kB
PageTables:        55172 kB
NFS_Unstable:          0 kB
Bounce:                0 kB
WritebackTmp:          0 kB
CommitLimit:     2183484 kB
Committed_AS:   127667024 kB
VmallocTotal:     311296 kB
VmallocUsed:       34304 kB
VmallocChunk:     160780 kB
Time pass: 158 sec

---2015-12-04 21:02:09
MemTotal:        1745540 kB
MemFree:           67748 kB
Buffers:            7160 kB
Cached:           382808 kB
SwapCached:        44948 kB
Active:           494748 kB
Inactive:         511348 kB
Active(anon):     309988 kB
Inactive(anon):   310644 kB
Active(file):     184760 kB
Inactive(file):   200704 kB
Unevictable:        3816 kB
Mlocked:               0 kB
HighTotal:       1217536 kB
HighFree:          39604 kB
LowTotal:         528004 kB
LowFree:           28144 kB
SwapTotal:       1310716 kB
SwapFree:         773804 kB
Dirty:                 0 kB
Writeback:             0 kB
AnonPages:        603812 kB
Mapped:           334000 kB
Shmem:               660 kB
Slab:              59924 kB
SReclaimable:      16216 kB
SUnreclaim:        43708 kB
KernelStack:       16336 kB
PageTables:        55176 kB
NFS_Unstable:          0 kB
Bounce:                0 kB
WritebackTmp:          0 kB
CommitLimit:     2183484 kB
Committed_AS:   127670248 kB
VmallocTotal:     311296 kB
VmallocUsed:       34304 kB
VmallocChunk:     160780 kB
Time pass: 162 sec

---2015-12-04 21:02:09
MemTotal:        1745540 kB
MemFree:           60760 kB
Buffers:            7184 kB
Cached:           382824 kB
SwapCached:        44932 kB
Active:           501136 kB
Inactive:         511164 kB
Active(anon):     316124 kB
Inactive(anon):   310672 kB
Active(file):     185012 kB
Inactive(file):   200492 kB
Unevictable:        3816 kB
Mlocked:               0 kB
HighTotal:       1217536 kB
HighFree:          33136 kB
LowTotal:         528004 kB
LowFree:           27624 kB
SwapTotal:       1310716 kB
SwapFree:         773880 kB
Dirty:                32 kB
Writeback:             0 kB
AnonPages:        610188 kB
Mapped:           337852 kB
Shmem:               684 kB
Slab:              59852 kB
SReclaimable:      16216 kB
SUnreclaim:        43636 kB
KernelStack:       16320 kB
PageTables:        55620 kB
NFS_Unstable:          0 kB
Bounce:                0 kB
WritebackTmp:          0 kB
CommitLimit:     2183484 kB
Committed_AS:   129191648 kB
VmallocTotal:     311296 kB
VmallocUsed:       35324 kB
VmallocChunk:     160780 kB
Time pass: 166 sec

---2015-12-04 21:02:09
MemTotal:        1745540 kB
MemFree:           68524 kB
Buffers:            7192 kB
Cached:           379788 kB
SwapCached:        45036 kB
Active:           499264 kB
Inactive:         505036 kB
Active(anon):     307376 kB
Inactive(anon):   314444 kB
Active(file):     191888 kB
Inactive(file):   190592 kB
Unevictable:        3816 kB
Mlocked:               0 kB
HighTotal:       1217536 kB
HighFree:          40160 kB
LowTotal:         528004 kB
LowFree:           28364 kB
SwapTotal:       1310716 kB
SwapFree:         771536 kB
Dirty:                36 kB
Writeback:             0 kB
AnonPages:        604748 kB
Mapped:           333020 kB
Shmem:               684 kB
Slab:              60016 kB
SReclaimable:      16216 kB
SUnreclaim:        43800 kB
KernelStack:       16296 kB
PageTables:        55176 kB
NFS_Unstable:          0 kB
Bounce:                0 kB
WritebackTmp:          0 kB
CommitLimit:     2183484 kB
Committed_AS:   127670576 kB
VmallocTotal:     311296 kB
VmallocUsed:       34304 kB
VmallocChunk:     160780 kB
Time pass: 170 sec

---2015-12-04 21:02:09
MemTotal:        1745540 kB
MemFree:           69552 kB
Buffers:            7200 kB
Cached:           380028 kB
SwapCached:        45020 kB
Active:           498784 kB
Inactive:         505296 kB
Active(anon):     306892 kB
Inactive(anon):   314588 kB
Active(file):     191892 kB
Inactive(file):   190708 kB
Unevictable:        3816 kB
Mlocked:               0 kB
HighTotal:       1217536 kB
HighFree:          40904 kB
LowTotal:         528004 kB
LowFree:           28648 kB
SwapTotal:       1310716 kB
SwapFree:         771592 kB
Dirty:                12 kB
Writeback:             0 kB
AnonPages:        604344 kB
Mapped:           332980 kB
Shmem:               808 kB
Slab:              59988 kB
SReclaimable:      16216 kB
SUnreclaim:        43772 kB
KernelStack:       16288 kB
PageTables:        55176 kB
NFS_Unstable:          0 kB
Bounce:                0 kB
WritebackTmp:          0 kB
CommitLimit:     2183484 kB
Committed_AS:   127670632 kB
VmallocTotal:     311296 kB
VmallocUsed:       34236 kB
VmallocChunk:     160780 kB
Time pass: 173 sec

---2015-12-04 21:02:09
MemTotal:        1745540 kB
MemFree:           69192 kB
Buffers:            7208 kB
Cached:           380024 kB
SwapCached:        45084 kB
Active:           499344 kB
Inactive:         505428 kB
Active(anon):     307452 kB
Inactive(anon):   314712 kB
Active(file):     191892 kB
Inactive(file):   190716 kB
Unevictable:        3816 kB
Mlocked:               0 kB
HighTotal:       1217536 kB
HighFree:          40232 kB
LowTotal:         528004 kB
LowFree:           28960 kB
SwapTotal:       1310716 kB
SwapFree:         771708 kB
Dirty:                44 kB
Writeback:             0 kB
AnonPages:        604940 kB
Mapped:           333164 kB
Shmem:               808 kB
Slab:              59936 kB
SReclaimable:      16208 kB
SUnreclaim:        43728 kB
KernelStack:       16280 kB
PageTables:        55180 kB
NFS_Unstable:          0 kB
Bounce:                0 kB
WritebackTmp:          0 kB
CommitLimit:     2183484 kB
Committed_AS:   127670800 kB
VmallocTotal:     311296 kB
VmallocUsed:       34304 kB
VmallocChunk:     160780 kB
Time pass: 177 sec

---2015-12-04 21:02:09
MemTotal:        1745540 kB
MemFree:           68128 kB
Buffers:            7224 kB
Cached:           380420 kB
SwapCached:        45104 kB
Active:           500100 kB
Inactive:         505896 kB
Active(anon):     308208 kB
Inactive(anon):   314768 kB
Active(file):     191892 kB
Inactive(file):   191128 kB
Unevictable:        3816 kB
Mlocked:               0 kB
HighTotal:       1217536 kB
HighFree:          39076 kB
LowTotal:         528004 kB
LowFree:           29052 kB
SwapTotal:       1310716 kB
SwapFree:         771756 kB
Dirty:                56 kB
Writeback:             0 kB
AnonPages:        605672 kB
Mapped:           333140 kB
Shmem:               808 kB
Slab:              59968 kB
SReclaimable:      16208 kB
SUnreclaim:        43760 kB
KernelStack:       16256 kB
PageTables:        55172 kB
NFS_Unstable:          0 kB
Bounce:                0 kB
WritebackTmp:          0 kB
CommitLimit:     2183484 kB
Committed_AS:   127670840 kB
VmallocTotal:     311296 kB
VmallocUsed:       34236 kB
VmallocChunk:     160780 kB
Time pass: 181 sec

---2015-12-04 21:02:09
MemTotal:        1745540 kB
MemFree:           68124 kB
Buffers:            7232 kB
Cached:           380416 kB
SwapCached:        45100 kB
Active:           499180 kB
Inactive:         505924 kB
Active(anon):     307288 kB
Inactive(anon):   314796 kB
Active(file):     191892 kB
Inactive(file):   191128 kB
Unevictable:        3816 kB
Mlocked:               0 kB
HighTotal:       1217536 kB
HighFree:          39300 kB
LowTotal:         528004 kB
LowFree:           28824 kB
SwapTotal:       1310716 kB
SwapFree:         771800 kB
Dirty:                 0 kB
Writeback:             0 kB
AnonPages:        604732 kB
Mapped:           333148 kB
Shmem:               816 kB
Slab:              59940 kB
SReclaimable:      16208 kB
SUnreclaim:        43732 kB
KernelStack:       16240 kB
PageTables:        55176 kB
NFS_Unstable:          0 kB
Bounce:                0 kB
WritebackTmp:          0 kB
CommitLimit:     2183484 kB
Committed_AS:   127670904 kB
VmallocTotal:     311296 kB
VmallocUsed:       34236 kB
VmallocChunk:     160780 kB
Time pass: 184 sec

---2015-12-04 21:02:09
MemTotal:        1745540 kB
MemFree:           64216 kB
Buffers:            7248 kB
Cached:           380428 kB
SwapCached:        45104 kB
Active:           502224 kB
Inactive:         506152 kB
Active(anon):     310328 kB
Inactive(anon):   315004 kB
Active(file):     191896 kB
Inactive(file):   191148 kB
Unevictable:        3816 kB
Mlocked:               0 kB
HighTotal:       1217536 kB
HighFree:          35424 kB
LowTotal:         528004 kB
LowFree:           28792 kB
SwapTotal:       1310716 kB
SwapFree:         771988 kB
Dirty:               116 kB
Writeback:             0 kB
AnonPages:        608084 kB
Mapped:           333024 kB
Shmem:               816 kB
Slab:              59940 kB
SReclaimable:      16208 kB
SUnreclaim:        43732 kB
KernelStack:       16248 kB
PageTables:        55176 kB
NFS_Unstable:          0 kB
Bounce:                0 kB
WritebackTmp:          0 kB
CommitLimit:     2183484 kB
Committed_AS:   127671168 kB
VmallocTotal:     311296 kB
VmallocUsed:       34304 kB
VmallocChunk:     160780 kB
Time pass: 188 sec

---2015-12-04 21:02:09
MemTotal:        1745540 kB
MemFree:           65980 kB
Buffers:            7264 kB
Cached:           380428 kB
SwapCached:        45104 kB
Active:           502236 kB
Inactive:         506200 kB
Active(anon):     310340 kB
Inactive(anon):   315036 kB
Active(file):     191896 kB
Inactive(file):   191164 kB
Unevictable:        3816 kB
Mlocked:               0 kB
HighTotal:       1217536 kB
HighFree:          36732 kB
LowTotal:         528004 kB
LowFree:           29248 kB
SwapTotal:       1310716 kB
SwapFree:         772016 kB
Dirty:                56 kB
Writeback:             0 kB
AnonPages:        608108 kB
Mapped:           333148 kB
Shmem:               816 kB
Slab:              59872 kB
SReclaimable:      16208 kB
SUnreclaim:        43664 kB
KernelStack:       16256 kB
PageTables:        55180 kB
NFS_Unstable:          0 kB
Bounce:                0 kB
WritebackTmp:          0 kB
CommitLimit:     2183484 kB
Committed_AS:   127671232 kB
VmallocTotal:     311296 kB
VmallocUsed:       34236 kB
VmallocChunk:     160780 kB
Time pass: 192 sec

---2015-12-04 21:02:09
MemTotal:        1745540 kB
MemFree:           64560 kB
Buffers:            7288 kB
Cached:           380880 kB
SwapCached:        45212 kB
Active:           502312 kB
Inactive:         506816 kB
Active(anon):     310392 kB
Inactive(anon):   315204 kB
Active(file):     191920 kB
Inactive(file):   191612 kB
Unevictable:        3816 kB
Mlocked:               0 kB
HighTotal:       1217536 kB
HighFree:          35068 kB
LowTotal:         528004 kB
LowFree:           29492 kB
SwapTotal:       1310716 kB
SwapFree:         772096 kB
Dirty:                56 kB
Writeback:             0 kB
AnonPages:        608528 kB
Mapped:           333252 kB
Shmem:               816 kB
Slab:              59840 kB
SReclaimable:      16208 kB
SUnreclaim:        43632 kB
KernelStack:       16304 kB
PageTables:        55180 kB
NFS_Unstable:          0 kB
Bounce:                0 kB
WritebackTmp:          0 kB
CommitLimit:     2183484 kB
Committed_AS:   127671280 kB
VmallocTotal:     311296 kB
VmallocUsed:       34304 kB
VmallocChunk:     160780 kB
Time pass: 195 sec

---2015-12-04 21:02:09
MemTotal:        1745540 kB
MemFree:           62460 kB
Buffers:            7312 kB
Cached:           380872 kB
SwapCached:        45632 kB
Active:           502752 kB
Inactive:         508048 kB
Active(anon):     310832 kB
Inactive(anon):   316368 kB
Active(file):     191920 kB
Inactive(file):   191680 kB
Unevictable:        3816 kB
Mlocked:               0 kB
HighTotal:       1217536 kB
HighFree:          33628 kB
LowTotal:         528004 kB
LowFree:           28832 kB
SwapTotal:       1310716 kB
SwapFree:         773608 kB
Dirty:                40 kB
Writeback:             0 kB
AnonPages:        610176 kB
Mapped:           333264 kB
Shmem:               816 kB
Slab:              59904 kB
SReclaimable:      16208 kB
SUnreclaim:        43696 kB
KernelStack:       16128 kB
PageTables:        55156 kB
NFS_Unstable:          0 kB
Bounce:                0 kB
WritebackTmp:          0 kB
CommitLimit:     2183484 kB
Committed_AS:   127670764 kB
VmallocTotal:     311296 kB
VmallocUsed:       34304 kB
VmallocChunk:     160780 kB
Time pass: 199 sec

---2015-12-04 21:02:09
MemTotal:        1745540 kB
MemFree:           59336 kB
Buffers:            7312 kB
Cached:           385016 kB
SwapCached:        45728 kB
Active:           501724 kB
Inactive:         512420 kB
Active(anon):     309804 kB
Inactive(anon):   316644 kB
Active(file):     191920 kB
Inactive(file):   195776 kB
Unevictable:        3816 kB
Mlocked:               0 kB
HighTotal:       1217536 kB
HighFree:          30396 kB
LowTotal:         528004 kB
LowFree:           28940 kB
SwapTotal:       1310716 kB
SwapFree:         773960 kB
Dirty:                 0 kB
Writeback:             0 kB
AnonPages:        609156 kB
Mapped:           333424 kB
Shmem:               816 kB
Slab:              59980 kB
SReclaimable:      16208 kB
SUnreclaim:        43772 kB
KernelStack:       16064 kB
PageTables:        55156 kB
NFS_Unstable:          0 kB
Bounce:                0 kB
WritebackTmp:          0 kB
CommitLimit:     2183484 kB
Committed_AS:   127668296 kB
VmallocTotal:     311296 kB
VmallocUsed:       34304 kB
VmallocChunk:     160780 kB
Time pass: 202 sec

---2015-12-04 21:02:09
MemTotal:        1745540 kB
MemFree:           60844 kB
Buffers:            7336 kB
Cached:           385008 kB
SwapCached:        45740 kB
Active:           498968 kB
Inactive:         512476 kB
Active(anon):     307044 kB
Inactive(anon):   316688 kB
Active(file):     191924 kB
Inactive(file):   195788 kB
Unevictable:        3816 kB
Mlocked:               0 kB
HighTotal:       1217536 kB
HighFree:          32536 kB
LowTotal:         528004 kB
LowFree:           28308 kB
SwapTotal:       1310716 kB
SwapFree:         774140 kB
Dirty:               116 kB
Writeback:             0 kB
AnonPages:        606480 kB
Mapped:           333336 kB
Shmem:               816 kB
Slab:              59960 kB
SReclaimable:      16208 kB
SUnreclaim:        43752 kB
KernelStack:       16176 kB
PageTables:        55080 kB
NFS_Unstable:          0 kB
Bounce:                0 kB
WritebackTmp:          0 kB
CommitLimit:     2183484 kB
Committed_AS:   127668420 kB
VmallocTotal:     311296 kB
VmallocUsed:       34304 kB
VmallocChunk:     160780 kB
Time pass: 206 sec

---2015-12-04 21:02:09
MemTotal:        1745540 kB
MemFree:           62448 kB
Buffers:            7336 kB
Cached:           385016 kB
SwapCached:        45616 kB
Active:           498700 kB
Inactive:         512456 kB
Active(anon):     306780 kB
Inactive(anon):   316656 kB
Active(file):     191920 kB
Inactive(file):   195800 kB
Unevictable:        3816 kB
Mlocked:               0 kB
HighTotal:       1217536 kB
HighFree:          33440 kB
LowTotal:         528004 kB
LowFree:           29008 kB
SwapTotal:       1310716 kB
SwapFree:         774536 kB
Dirty:                 0 kB
Writeback:             0 kB
AnonPages:        606212 kB
Mapped:           333480 kB
Shmem:               816 kB
Slab:              59928 kB
SReclaimable:      16208 kB
SUnreclaim:        43720 kB
KernelStack:       15976 kB
PageTables:        55132 kB
NFS_Unstable:          0 kB
Bounce:                0 kB
WritebackTmp:          0 kB
CommitLimit:     2183484 kB
Committed_AS:   127668296 kB
VmallocTotal:     311296 kB
VmallocUsed:       34304 kB
VmallocChunk:     160780 kB
Time pass: 210 sec

---2015-12-04 21:02:09
MemTotal:        1745540 kB
MemFree:           62532 kB
Buffers:            7344 kB
Cached:           385016 kB
SwapCached:        45600 kB
Active:           498580 kB
Inactive:         512456 kB
Active(anon):     306660 kB
Inactive(anon):   316648 kB
Active(file):     191920 kB
Inactive(file):   195808 kB
Unevictable:        3816 kB
Mlocked:               0 kB
HighTotal:       1217536 kB
HighFree:          33912 kB
LowTotal:         528004 kB
LowFree:           28620 kB
SwapTotal:       1310716 kB
SwapFree:         774592 kB
Dirty:                44 kB
Writeback:             0 kB
AnonPages:        606096 kB
Mapped:           333484 kB
Shmem:               816 kB
Slab:              59964 kB
SReclaimable:      16208 kB
SUnreclaim:        43756 kB
KernelStack:       15960 kB
PageTables:        55128 kB
NFS_Unstable:          0 kB
Bounce:                0 kB
WritebackTmp:          0 kB
CommitLimit:     2183484 kB
Committed_AS:   127668280 kB
VmallocTotal:     311296 kB
VmallocUsed:       34304 kB
VmallocChunk:     160780 kB
Time pass: 214 sec

---2015-12-04 21:02:09
MemTotal:        1745540 kB
MemFree:           60996 kB
Buffers:            7376 kB
Cached:           386120 kB
SwapCached:        45372 kB
Active:           501336 kB
Inactive:         512164 kB
Active(anon):     309408 kB
Inactive(anon):   315380 kB
Active(file):     191928 kB
Inactive(file):   196784 kB
Unevictable:        3816 kB
Mlocked:               0 kB
HighTotal:       1217536 kB
HighFree:          31040 kB
LowTotal:         528004 kB
LowFree:           29956 kB
SwapTotal:       1310716 kB
SwapFree:         779540 kB
Dirty:                 0 kB
Writeback:             0 kB
AnonPages:        607612 kB
Mapped:           332580 kB
Shmem:               816 kB
Slab:              59992 kB
SReclaimable:      16208 kB
SUnreclaim:        43784 kB
KernelStack:       16032 kB
PageTables:        55020 kB
NFS_Unstable:          0 kB
Bounce:                0 kB
WritebackTmp:          0 kB
CommitLimit:     2183484 kB
Committed_AS:   127675280 kB
VmallocTotal:     311296 kB
VmallocUsed:       33216 kB
VmallocChunk:     160780 kB
Time pass: 218 sec

---2015-12-04 21:02:09
MemTotal:        1745540 kB
MemFree:           59424 kB
Buffers:            7400 kB
Cached:           386248 kB
SwapCached:        45364 kB
Active:           501796 kB
Inactive:         512244 kB
Active(anon):     309760 kB
Inactive(anon):   315264 kB
Active(file):     192036 kB
Inactive(file):   196980 kB
Unevictable:        3816 kB
Mlocked:               0 kB
HighTotal:       1217536 kB
HighFree:          30232 kB
LowTotal:         528004 kB
LowFree:           29192 kB
SwapTotal:       1310716 kB
SwapFree:         779712 kB
Dirty:                36 kB
Writeback:             0 kB
AnonPages:        607984 kB
Mapped:           332320 kB
Shmem:               816 kB
Slab:              60016 kB
SReclaimable:      16208 kB
SUnreclaim:        43808 kB
KernelStack:       15984 kB
PageTables:        55064 kB
NFS_Unstable:          0 kB
Bounce:                0 kB
WritebackTmp:          0 kB
CommitLimit:     2183484 kB
Committed_AS:   127675344 kB
VmallocTotal:     311296 kB
VmallocUsed:       33284 kB
VmallocChunk:     160780 kB
Time pass: 222 sec

---2015-12-04 21:02:09
MemTotal:        1745540 kB
MemFree:           58120 kB
Buffers:            7400 kB
Cached:           386264 kB
SwapCached:        45284 kB
Active:           503104 kB
Inactive:         512348 kB
Active(anon):     311072 kB
Inactive(anon):   315352 kB
Active(file):     192032 kB
Inactive(file):   196996 kB
Unevictable:        3816 kB
Mlocked:               0 kB
HighTotal:       1217536 kB
HighFree:          28784 kB
LowTotal:         528004 kB
LowFree:           29336 kB
SwapTotal:       1310716 kB
SwapFree:         780156 kB
Dirty:                36 kB
Writeback:             0 kB
AnonPages:        609544 kB
Mapped:           332552 kB
Shmem:               816 kB
Slab:              60016 kB
SReclaimable:      16208 kB
SUnreclaim:        43808 kB
KernelStack:       16064 kB
PageTables:        55044 kB
NFS_Unstable:          0 kB
Bounce:                0 kB
WritebackTmp:          0 kB
CommitLimit:     2183484 kB
Committed_AS:   127676584 kB
VmallocTotal:     311296 kB
VmallocUsed:       33284 kB
VmallocChunk:     160780 kB
Time pass: 225 sec

---2015-12-04 21:02:09
MemTotal:        1745540 kB
MemFree:           58936 kB
Buffers:            7408 kB
Cached:           386260 kB
SwapCached:        45284 kB
Active:           502860 kB
Inactive:         512316 kB
Active(anon):     310828 kB
Inactive(anon):   315312 kB
Active(file):     192032 kB
Inactive(file):   197004 kB
Unevictable:        3816 kB
Mlocked:               0 kB
HighTotal:       1217536 kB
HighFree:          29252 kB
LowTotal:         528004 kB
LowFree:           29684 kB
SwapTotal:       1310716 kB
SwapFree:         780168 kB
Dirty:                68 kB
Writeback:             0 kB
AnonPages:        609052 kB
Mapped:           332320 kB
Shmem:               816 kB
Slab:              60164 kB
SReclaimable:      16208 kB
SUnreclaim:        43956 kB
KernelStack:       15928 kB
PageTables:        55088 kB
NFS_Unstable:          0 kB
Bounce:                0 kB
WritebackTmp:          0 kB
CommitLimit:     2183484 kB
Committed_AS:   127676680 kB
VmallocTotal:     311296 kB
VmallocUsed:       33284 kB
VmallocChunk:     160780 kB
Time pass: 229 sec

---2015-12-04 21:02:09
MemTotal:        1745540 kB
MemFree:           59596 kB
Buffers:            7424 kB
Cached:           387172 kB
SwapCached:        45228 kB
Active:           502424 kB
Inactive:         513188 kB
Active(anon):     310356 kB
Inactive(anon):   315292 kB
Active(file):     192068 kB
Inactive(file):   197896 kB
Unevictable:        3816 kB
Mlocked:               0 kB
HighTotal:       1217536 kB
HighFree:          29216 kB
LowTotal:         528004 kB
LowFree:           30380 kB
SwapTotal:       1310716 kB
SwapFree:         783812 kB
Dirty:                 0 kB
Writeback:             0 kB
AnonPages:        608696 kB
Mapped:           332388 kB
Shmem:               816 kB
Slab:              60036 kB
SReclaimable:      16208 kB
SUnreclaim:        43828 kB
KernelStack:       15832 kB
PageTables:        54544 kB
NFS_Unstable:          0 kB
Bounce:                0 kB
WritebackTmp:          0 kB
CommitLimit:     2183484 kB
Committed_AS:   126167424 kB
VmallocTotal:     311296 kB
VmallocUsed:       33216 kB
VmallocChunk:     160780 kB
Time pass: 233 sec

---2015-12-04 21:02:09
MemTotal:        1745540 kB
MemFree:           58660 kB
Buffers:            7808 kB
Cached:           387172 kB
SwapCached:        45228 kB
Active:           502216 kB
Inactive:         513572 kB
Active(anon):     310148 kB
Inactive(anon):   315292 kB
Active(file):     192068 kB
Inactive(file):   198280 kB
Unevictable:        3816 kB
Mlocked:               0 kB
HighTotal:       1217536 kB
HighFree:          28980 kB
LowTotal:         528004 kB
LowFree:           29680 kB
SwapTotal:       1310716 kB
SwapFree:         783816 kB
Dirty:                60 kB
Writeback:             0 kB
AnonPages:        608592 kB
Mapped:           332264 kB
Shmem:               816 kB
Slab:              60032 kB
SReclaimable:      16208 kB
SUnreclaim:        43824 kB
KernelStack:       15888 kB
PageTables:        54544 kB
NFS_Unstable:          0 kB
Bounce:                0 kB
WritebackTmp:          0 kB
CommitLimit:     2183484 kB
Committed_AS:   126168032 kB
VmallocTotal:     311296 kB
VmallocUsed:       33284 kB
VmallocChunk:     160780 kB
Time pass: 237 sec

---2015-12-04 21:02:09
MemTotal:        1745540 kB
MemFree:           58748 kB
Buffers:            7824 kB
Cached:           387172 kB
SwapCached:        45228 kB
Active:           502292 kB
Inactive:         513604 kB
Active(anon):     310224 kB
Inactive(anon):   315308 kB
Active(file):     192068 kB
Inactive(file):   198296 kB
Unevictable:        3816 kB
Mlocked:               0 kB
HighTotal:       1217536 kB
HighFree:          28824 kB
LowTotal:         528004 kB
LowFree:           29924 kB
SwapTotal:       1310716 kB
SwapFree:         783836 kB
Dirty:                 0 kB
Writeback:             0 kB
AnonPages:        608684 kB
Mapped:           332448 kB
Shmem:               816 kB
Slab:              59968 kB
SReclaimable:      16208 kB
SUnreclaim:        43760 kB
KernelStack:       15896 kB
PageTables:        54552 kB
NFS_Unstable:          0 kB
Bounce:                0 kB
WritebackTmp:          0 kB
CommitLimit:     2183484 kB
Committed_AS:   126168144 kB
VmallocTotal:     311296 kB
VmallocUsed:       33284 kB
VmallocChunk:     160780 kB
Time pass: 240 sec

---2015-12-04 21:02:09
MemTotal:        1745540 kB
MemFree:           56232 kB
Buffers:            7832 kB
Cached:           387172 kB
SwapCached:        45224 kB
Active:           504988 kB
Inactive:         513744 kB
Active(anon):     312920 kB
Inactive(anon):   315440 kB
Active(file):     192068 kB
Inactive(file):   198304 kB
Unevictable:        3816 kB
Mlocked:               0 kB
HighTotal:       1217536 kB
HighFree:          26416 kB
LowTotal:         528004 kB
LowFree:           29816 kB
SwapTotal:       1310716 kB
SwapFree:         783992 kB
Dirty:                68 kB
Writeback:             0 kB
AnonPages:        611780 kB
Mapped:           332428 kB
Shmem:               816 kB
Slab:              59968 kB
SReclaimable:      16208 kB
SUnreclaim:        43760 kB
KernelStack:       15952 kB
PageTables:        54596 kB
NFS_Unstable:          0 kB
Bounce:                0 kB
WritebackTmp:          0 kB
CommitLimit:     2183484 kB
Committed_AS:   126168304 kB
VmallocTotal:     311296 kB
VmallocUsed:       33284 kB
VmallocChunk:     160780 kB
Time pass: 244 sec

---2015-12-04 21:02:09
MemTotal:        1745540 kB
MemFree:           56420 kB
Buffers:            7848 kB
Cached:           387192 kB
SwapCached:        45220 kB
Active:           504916 kB
Inactive:         513768 kB
Active(anon):     312848 kB
Inactive(anon):   315448 kB
Active(file):     192068 kB
Inactive(file):   198320 kB
Unevictable:        3816 kB
Mlocked:               0 kB
HighTotal:       1217536 kB
HighFree:          26260 kB
LowTotal:         528004 kB
LowFree:           30160 kB
SwapTotal:       1310716 kB
SwapFree:         784012 kB
Dirty:               112 kB
Writeback:             0 kB
AnonPages:        611480 kB
Mapped:           332284 kB
Shmem:               836 kB
Slab:              60000 kB
SReclaimable:      16208 kB
SUnreclaim:        43792 kB
KernelStack:       15840 kB
PageTables:        54552 kB
NFS_Unstable:          0 kB
Bounce:                0 kB
WritebackTmp:          0 kB
CommitLimit:     2183484 kB
Committed_AS:   126168416 kB
VmallocTotal:     311296 kB
VmallocUsed:       33284 kB
VmallocChunk:     160780 kB
Time pass: 248 sec

---2015-12-04 21:02:09
MemTotal:        1745540 kB
MemFree:           56952 kB
Buffers:            7856 kB
Cached:           387184 kB
SwapCached:        45220 kB
Active:           504692 kB
Inactive:         513784 kB
Active(anon):     312624 kB
Inactive(anon):   315464 kB
Active(file):     192068 kB
Inactive(file):   198320 kB
Unevictable:        3816 kB
Mlocked:               0 kB
HighTotal:       1217536 kB
HighFree:          26768 kB
LowTotal:         528004 kB
LowFree:           30184 kB
SwapTotal:       1310716 kB
SwapFree:         784032 kB
Dirty:                 0 kB
Writeback:             0 kB
AnonPages:        611132 kB
Mapped:           332284 kB
Shmem:               836 kB
Slab:              59872 kB
SReclaimable:      16208 kB
SUnreclaim:        43664 kB
KernelStack:       15840 kB
PageTables:        54552 kB
NFS_Unstable:          0 kB
Bounce:                0 kB
WritebackTmp:          0 kB
CommitLimit:     2183484 kB
Committed_AS:   126168480 kB
VmallocTotal:     311296 kB
VmallocUsed:       33216 kB
VmallocChunk:     160780 kB
Time pass: 251 sec

---2015-12-04 21:02:09
MemTotal:        1745540 kB
MemFree:           54844 kB
Buffers:            7872 kB
Cached:           388144 kB
SwapCached:        45428 kB
Active:           505620 kB
Inactive:         515080 kB
Active(anon):     313552 kB
Inactive(anon):   315784 kB
Active(file):     192068 kB
Inactive(file):   199296 kB
Unevictable:        3816 kB
Mlocked:               0 kB
HighTotal:       1217536 kB
HighFree:          24840 kB
LowTotal:         528004 kB
LowFree:           30004 kB
SwapTotal:       1310716 kB
SwapFree:         784196 kB
Dirty:                60 kB
Writeback:             0 kB
AnonPages:        612620 kB
Mapped:           332292 kB
Shmem:               836 kB
Slab:              59840 kB
SReclaimable:      16208 kB
SUnreclaim:        43632 kB
KernelStack:       15888 kB
PageTables:        54552 kB
NFS_Unstable:          0 kB
Bounce:                0 kB
WritebackTmp:          0 kB
CommitLimit:     2183484 kB
Committed_AS:   126168576 kB
VmallocTotal:     311296 kB
VmallocUsed:       33284 kB
VmallocChunk:     160780 kB
Time pass: 255 sec

---2015-12-04 21:02:09
MemTotal:        1745540 kB
MemFree:           54156 kB
Buffers:            7872 kB
Cached:           388156 kB
SwapCached:        45440 kB
Active:           506176 kB
Inactive:         515208 kB
Active(anon):     314108 kB
Inactive(anon):   315908 kB
Active(file):     192068 kB
Inactive(file):   199300 kB
Unevictable:        3816 kB
Mlocked:               0 kB
HighTotal:       1217536 kB
HighFree:          24092 kB
LowTotal:         528004 kB
LowFree:           30064 kB
SwapTotal:       1310716 kB
SwapFree:         784256 kB
Dirty:                 0 kB
Writeback:             0 kB
AnonPages:        613176 kB
Mapped:           332372 kB
Shmem:               844 kB
Slab:              59936 kB
SReclaimable:      16208 kB
SUnreclaim:        43728 kB
KernelStack:       15824 kB
PageTables:        54532 kB
NFS_Unstable:          0 kB
Bounce:                0 kB
WritebackTmp:          0 kB
CommitLimit:     2183484 kB
Committed_AS:   126168720 kB
VmallocTotal:     311296 kB
VmallocUsed:       33216 kB
VmallocChunk:     160780 kB
Time pass: 259 sec

---2015-12-04 21:02:09
MemTotal:        1745540 kB
MemFree:           57060 kB
Buffers:            7856 kB
Cached:           381680 kB
SwapCached:        45640 kB
Active:           509484 kB
Inactive:         508360 kB
Active(anon):     317836 kB
Inactive(anon):   315352 kB
Active(file):     191648 kB
Inactive(file):   193008 kB
Unevictable:        3816 kB
Mlocked:               0 kB
HighTotal:       1217536 kB
HighFree:          30996 kB
LowTotal:         528004 kB
LowFree:           26064 kB
SwapTotal:       1310716 kB
SwapFree:         778008 kB
Dirty:                28 kB
Writeback:             0 kB
AnonPages:        616152 kB
Mapped:           329864 kB
Shmem:               976 kB
Slab:              60032 kB
SReclaimable:      16208 kB
SUnreclaim:        43824 kB
KernelStack:       15944 kB
PageTables:        55020 kB
NFS_Unstable:          0 kB
Bounce:                0 kB
WritebackTmp:          0 kB
CommitLimit:     2183484 kB
Committed_AS:   127703824 kB
VmallocTotal:     311296 kB
VmallocUsed:       34304 kB
VmallocChunk:     160780 kB
Time pass: 262 sec

---2015-12-04 21:02:09
MemTotal:        1745540 kB
MemFree:           64784 kB
Buffers:            7856 kB
Cached:           381580 kB
SwapCached:        45640 kB
Active:           503328 kB
Inactive:         508280 kB
Active(anon):     311596 kB
Inactive(anon):   315368 kB
Active(file):     191732 kB
Inactive(file):   192912 kB
Unevictable:        3816 kB
Mlocked:               0 kB
HighTotal:       1217536 kB
HighFree:          36468 kB
LowTotal:         528004 kB
LowFree:           28316 kB
SwapTotal:       1310716 kB
SwapFree:         778024 kB
Dirty:                 0 kB
Writeback:             0 kB
AnonPages:        610056 kB
Mapped:           324444 kB
Shmem:               976 kB
Slab:              59920 kB
SReclaimable:      16208 kB
SUnreclaim:        43712 kB
KernelStack:       15848 kB
PageTables:        54556 kB
NFS_Unstable:          0 kB
Bounce:                0 kB
WritebackTmp:          0 kB
CommitLimit:     2183484 kB
Committed_AS:   126170952 kB
VmallocTotal:     311296 kB
VmallocUsed:       33284 kB
VmallocChunk:     160780 kB
Time pass: 266 sec

---2015-12-04 21:02:09
MemTotal:        1745540 kB
MemFree:           64040 kB
Buffers:            7880 kB
Cached:           381564 kB
SwapCached:        45640 kB
Active:           503204 kB
Inactive:         508304 kB
Active(anon):     311472 kB
Inactive(anon):   315384 kB
Active(file):     191732 kB
Inactive(file):   192920 kB
Unevictable:        3816 kB
Mlocked:               0 kB
HighTotal:       1217536 kB
HighFree:          36156 kB
LowTotal:         528004 kB
LowFree:           27884 kB
SwapTotal:       1310716 kB
SwapFree:         778072 kB
Dirty:                64 kB
Writeback:             0 kB
AnonPages:        609608 kB
Mapped:           324628 kB
Shmem:               976 kB
Slab:              59984 kB
SReclaimable:      16208 kB
SUnreclaim:        43776 kB
KernelStack:       15848 kB
PageTables:        54556 kB
NFS_Unstable:          0 kB
Bounce:                0 kB
WritebackTmp:          0 kB
CommitLimit:     2183484 kB
Committed_AS:   126171160 kB
VmallocTotal:     311296 kB
VmallocUsed:       33284 kB
VmallocChunk:     160780 kB
Time pass: 270 sec

---2015-12-04 21:02:09
MemTotal:        1745540 kB
MemFree:           64980 kB
Buffers:            7880 kB
Cached:           381580 kB
SwapCached:        45640 kB
Active:           503168 kB
Inactive:         508332 kB
Active(anon):     311436 kB
Inactive(anon):   315396 kB
Active(file):     191732 kB
Inactive(file):   192936 kB
Unevictable:        3816 kB
Mlocked:               0 kB
HighTotal:       1217536 kB
HighFree:          36420 kB
LowTotal:         528004 kB
LowFree:           28560 kB
SwapTotal:       1310716 kB
SwapFree:         778088 kB
Dirty:                 0 kB
Writeback:             0 kB
AnonPages:        609632 kB
Mapped:           324516 kB
Shmem:               976 kB
Slab:              59916 kB
SReclaimable:      16208 kB
SUnreclaim:        43708 kB
KernelStack:       15832 kB
PageTables:        54544 kB
NFS_Unstable:          0 kB
Bounce:                0 kB
WritebackTmp:          0 kB
CommitLimit:     2183484 kB
Committed_AS:   126171232 kB
VmallocTotal:     311296 kB
VmallocUsed:       33216 kB
VmallocChunk:     160780 kB
Time pass: 274 sec

---2015-12-04 21:02:09
MemTotal:        1745540 kB
MemFree:           64296 kB
Buffers:            7904 kB
Cached:           381564 kB
SwapCached:        45640 kB
Active:           503568 kB
Inactive:         508344 kB
Active(anon):     311836 kB
Inactive(anon):   315400 kB
Active(file):     191732 kB
Inactive(file):   192944 kB
Unevictable:        3816 kB
Mlocked:               0 kB
HighTotal:       1217536 kB
HighFree:          35872 kB
LowTotal:         528004 kB
LowFree:           28424 kB
SwapTotal:       1310716 kB
SwapFree:         778120 kB
Dirty:                28 kB
Writeback:             0 kB
AnonPages:        610160 kB
Mapped:           324444 kB
Shmem:               976 kB
Slab:              59948 kB
SReclaimable:      16208 kB
SUnreclaim:        43740 kB
KernelStack:       15872 kB
PageTables:        54560 kB
NFS_Unstable:          0 kB
Bounce:                0 kB
WritebackTmp:          0 kB
CommitLimit:     2183484 kB
Committed_AS:   126171392 kB
VmallocTotal:     311296 kB
VmallocUsed:       33284 kB
VmallocChunk:     160780 kB
Time pass: 278 sec

---2015-12-04 21:02:09
MemTotal:        1745540 kB
MemFree:           57944 kB
Buffers:            7904 kB
Cached:           381580 kB
SwapCached:        45636 kB
Active:           510528 kB
Inactive:         508368 kB
Active(anon):     318796 kB
Inactive(anon):   315408 kB
Active(file):     191732 kB
Inactive(file):   192960 kB
Unevictable:        3816 kB
Mlocked:               0 kB
HighTotal:       1217536 kB
HighFree:          30168 kB
LowTotal:         528004 kB
LowFree:           27776 kB
SwapTotal:       1310716 kB
SwapFree:         778224 kB
Dirty:                40 kB
Writeback:             0 kB
AnonPages:        617212 kB
Mapped:           329664 kB
Shmem:               976 kB
Slab:              59916 kB
SReclaimable:      16208 kB
SUnreclaim:        43708 kB
KernelStack:       15872 kB
PageTables:        55084 kB
NFS_Unstable:          0 kB
Bounce:                0 kB
WritebackTmp:          0 kB
CommitLimit:     2183484 kB
Committed_AS:   127703084 kB
VmallocTotal:     311296 kB
VmallocUsed:       33284 kB
VmallocChunk:     160780 kB
Time pass: 281 sec

---2015-12-04 21:02:09
MemTotal:        1745540 kB
MemFree:           61872 kB
Buffers:            7928 kB
Cached:           381632 kB
SwapCached:        45644 kB
Active:           506068 kB
Inactive:         508460 kB
Active(anon):     314332 kB
Inactive(anon):   315428 kB
Active(file):     191736 kB
Inactive(file):   193032 kB
Unevictable:        3816 kB
Mlocked:               0 kB
HighTotal:       1217536 kB
HighFree:          33820 kB
LowTotal:         528004 kB
LowFree:           28052 kB
SwapTotal:       1310716 kB
SwapFree:         778504 kB
Dirty:               104 kB
Writeback:             0 kB
AnonPages:        612716 kB
Mapped:           324576 kB
Shmem:               976 kB
Slab:              60192 kB
SReclaimable:      16208 kB
SUnreclaim:        43984 kB
KernelStack:       15888 kB
PageTables:        54584 kB
NFS_Unstable:          0 kB
Bounce:                0 kB
WritebackTmp:          0 kB
CommitLimit:     2183484 kB
Committed_AS:   126171628 kB
VmallocTotal:     311296 kB
VmallocUsed:       33284 kB
VmallocChunk:     160780 kB
Time pass: 285 sec

---2015-12-04 21:02:09
MemTotal:        1745540 kB
MemFree:           62204 kB
Buffers:            7928 kB
Cached:           381644 kB
SwapCached:        45644 kB
Active:           505992 kB
Inactive:         508496 kB
Active(anon):     314260 kB
Inactive(anon):   315448 kB
Active(file):     191732 kB
Inactive(file):   193048 kB
Unevictable:        3816 kB
Mlocked:               0 kB
HighTotal:       1217536 kB
HighFree:          33808 kB
LowTotal:         528004 kB
LowFree:           28396 kB
SwapTotal:       1310716 kB
SwapFree:         778512 kB
Dirty:                 0 kB
Writeback:             0 kB
AnonPages:        612428 kB
Mapped:           324568 kB
Shmem:               976 kB
Slab:              60152 kB
SReclaimable:      16208 kB
SUnreclaim:        43944 kB
KernelStack:       15832 kB
PageTables:        54560 kB
NFS_Unstable:          0 kB
Bounce:                0 kB
WritebackTmp:          0 kB
CommitLimit:     2183484 kB
Committed_AS:   126171792 kB
VmallocTotal:     311296 kB
VmallocUsed:       33216 kB
VmallocChunk:     160780 kB
Time pass: 289 sec

---2015-12-04 21:02:09
MemTotal:        1745540 kB
MemFree:           62516 kB
Buffers:            7936 kB
Cached:           381644 kB
SwapCached:        45644 kB
Active:           505772 kB
Inactive:         508500 kB
Active(anon):     314040 kB
Inactive(anon):   315444 kB
Active(file):     191732 kB
Inactive(file):   193056 kB
Unevictable:        3816 kB
Mlocked:               0 kB
HighTotal:       1217536 kB
HighFree:          33848 kB
LowTotal:         528004 kB
LowFree:           28668 kB
SwapTotal:       1310716 kB
SwapFree:         778512 kB
Dirty:                44 kB
Writeback:             0 kB
AnonPages:        612284 kB
Mapped:           324568 kB
Shmem:               976 kB
Slab:              59896 kB
SReclaimable:      16208 kB
SUnreclaim:        43688 kB
KernelStack:       15832 kB
PageTables:        54556 kB
NFS_Unstable:          0 kB
Bounce:                0 kB
WritebackTmp:          0 kB
CommitLimit:     2183484 kB
Committed_AS:   126171872 kB
VmallocTotal:     311296 kB
VmallocUsed:       33216 kB
VmallocChunk:     160780 kB
Time pass: 293 sec

---2015-12-04 21:02:09
MemTotal:        1745540 kB
MemFree:           61692 kB
Buffers:            7952 kB
Cached:           381644 kB
SwapCached:        45672 kB
Active:           505932 kB
Inactive:         508556 kB
Active(anon):     314200 kB
Inactive(anon):   315484 kB
Active(file):     191732 kB
Inactive(file):   193072 kB
Unevictable:        3816 kB
Mlocked:               0 kB
HighTotal:       1217536 kB
HighFree:          33516 kB
LowTotal:         528004 kB
LowFree:           28176 kB
SwapTotal:       1310716 kB
SwapFree:         778524 kB
Dirty:                56 kB
Writeback:             0 kB
AnonPages:        612700 kB
Mapped:           324628 kB
Shmem:               976 kB
Slab:              59992 kB
SReclaimable:      16208 kB
SUnreclaim:        43784 kB
KernelStack:       15824 kB
PageTables:        54556 kB
NFS_Unstable:          0 kB
Bounce:                0 kB
WritebackTmp:          0 kB
CommitLimit:     2183484 kB
Committed_AS:   126172096 kB
VmallocTotal:     311296 kB
VmallocUsed:       33284 kB
VmallocChunk:     160780 kB
Time pass: 297 sec

---2015-12-04 21:02:09
MemTotal:        1745540 kB
MemFree:           53468 kB
Buffers:            7960 kB
Cached:           381632 kB
SwapCached:        45676 kB
Active:           514112 kB
Inactive:         508564 kB
Active(anon):     322380 kB
Inactive(anon):   315492 kB
Active(file):     191732 kB
Inactive(file):   193072 kB
Unevictable:        3816 kB
Mlocked:               0 kB
HighTotal:       1217536 kB
HighFree:          25796 kB
LowTotal:         528004 kB
LowFree:           27672 kB
SwapTotal:       1310716 kB
SwapFree:         778588 kB
Dirty:                 0 kB
Writeback:             0 kB
AnonPages:        620772 kB
Mapped:           329672 kB
Shmem:               976 kB
Slab:              60052 kB
SReclaimable:      16208 kB
SUnreclaim:        43844 kB
KernelStack:       16024 kB
PageTables:        55008 kB
NFS_Unstable:          0 kB
Bounce:                0 kB
WritebackTmp:          0 kB
CommitLimit:     2183484 kB
Committed_AS:   127704924 kB
VmallocTotal:     311296 kB
VmallocUsed:       33284 kB
VmallocChunk:     160780 kB
Time pass: 300 sec

---2015-12-04 21:02:09
MemTotal:        1745540 kB
MemFree:           58584 kB
Buffers:            7976 kB
Cached:           381644 kB
SwapCached:        45676 kB
Active:           509532 kB
Inactive:         508688 kB
Active(anon):     317800 kB
Inactive(anon):   315592 kB
Active(file):     191732 kB
Inactive(file):   193096 kB
Unevictable:        3816 kB
Mlocked:               0 kB
HighTotal:       1217536 kB
HighFree:          30128 kB
LowTotal:         528004 kB
LowFree:           28456 kB
SwapTotal:       1310716 kB
SwapFree:         778628 kB
Dirty:               116 kB
Writeback:             0 kB
AnonPages:        616092 kB
Mapped:           324628 kB
Shmem:               976 kB
Slab:              59960 kB
SReclaimable:      16208 kB
SUnreclaim:        43752 kB
KernelStack:       15872 kB
PageTables:        54564 kB
NFS_Unstable:          0 kB
Bounce:                0 kB
WritebackTmp:          0 kB
CommitLimit:     2183484 kB
Committed_AS:   126172176 kB
VmallocTotal:     311296 kB
VmallocUsed:       33284 kB
VmallocChunk:     160780 kB
Time pass: 304 sec

---2015-12-04 21:02:09
MemTotal:        1745540 kB
MemFree:           58708 kB
Buffers:            7992 kB
Cached:           381644 kB
SwapCached:        45676 kB
Active:           508720 kB
Inactive:         508716 kB
Active(anon):     316988 kB
Inactive(anon):   315604 kB
Active(file):     191732 kB
Inactive(file):   193112 kB
Unevictable:        3816 kB
Mlocked:               0 kB
HighTotal:       1217536 kB
HighFree:          30612 kB
LowTotal:         528004 kB
LowFree:           28096 kB
SwapTotal:       1310716 kB
SwapFree:         778640 kB
Dirty:                56 kB
Writeback:             0 kB
AnonPages:        615176 kB
Mapped:           324628 kB
Shmem:               976 kB
Slab:              60084 kB
SReclaimable:      16208 kB
SUnreclaim:        43876 kB
KernelStack:       15880 kB
PageTables:        54564 kB
NFS_Unstable:          0 kB
Bounce:                0 kB
WritebackTmp:          0 kB
CommitLimit:     2183484 kB
Committed_AS:   126172196 kB
VmallocTotal:     311296 kB
VmallocUsed:       33284 kB
VmallocChunk:     160780 kB
Time pass: 308 sec

---2015-12-04 21:02:09
MemTotal:        1745540 kB
MemFree:           58940 kB
Buffers:            7992 kB
Cached:           381644 kB
SwapCached:        45676 kB
Active:           509648 kB
Inactive:         508716 kB
Active(anon):     317916 kB
Inactive(anon):   315604 kB
Active(file):     191732 kB
Inactive(file):   193112 kB
Unevictable:        3816 kB
Mlocked:               0 kB
HighTotal:       1217536 kB
HighFree:          30332 kB
LowTotal:         528004 kB
LowFree:           28608 kB
SwapTotal:       1310716 kB
SwapFree:         778644 kB
Dirty:                56 kB
Writeback:             0 kB
AnonPages:        616360 kB
Mapped:           324568 kB
Shmem:               976 kB
Slab:              60084 kB
SReclaimable:      16208 kB
SUnreclaim:        43876 kB
KernelStack:       15904 kB
PageTables:        54564 kB
NFS_Unstable:          0 kB
Bounce:                0 kB
WritebackTmp:          0 kB
CommitLimit:     2183484 kB
Committed_AS:   126172472 kB
VmallocTotal:     311296 kB
VmallocUsed:       33216 kB
VmallocChunk:     160780 kB
Time pass: 311 sec

---2015-12-04 21:02:09
MemTotal:        1745540 kB
MemFree:           55316 kB
Buffers:            8016 kB
Cached:           384396 kB
SwapCached:        45776 kB
Active:           509504 kB
Inactive:         511688 kB
Active(anon):     317772 kB
Inactive(anon):   315780 kB
Active(file):     191732 kB
Inactive(file):   195908 kB
Unevictable:        3816 kB
Mlocked:               0 kB
HighTotal:       1217536 kB
HighFree:          27064 kB
LowTotal:         528004 kB
LowFree:           28252 kB
SwapTotal:       1310716 kB
SwapFree:         778816 kB
Dirty:                40 kB
Writeback:             0 kB
AnonPages:        616564 kB
Mapped:           324752 kB
Shmem:               976 kB
Slab:              60052 kB
SReclaimable:      16208 kB
SUnreclaim:        43844 kB
KernelStack:       15824 kB
PageTables:        54564 kB
NFS_Unstable:          0 kB
Bounce:                0 kB
WritebackTmp:          0 kB
CommitLimit:     2183484 kB
Committed_AS:   126172552 kB
VmallocTotal:     311296 kB
VmallocUsed:       33284 kB
VmallocChunk:     160780 kB
Time pass: 315 sec

---2015-12-04 21:02:09
MemTotal:        1745540 kB
MemFree:           54992 kB
Buffers:            8016 kB
Cached:           384588 kB
SwapCached:        45776 kB
Active:           509648 kB
Inactive:         511964 kB
Active(anon):     317912 kB
Inactive(anon):   315888 kB
Active(file):     191736 kB
Inactive(file):   196076 kB
Unevictable:        3816 kB
Mlocked:               0 kB
HighTotal:       1217536 kB
HighFree:          26648 kB
LowTotal:         528004 kB
LowFree:           28344 kB
SwapTotal:       1310716 kB
SwapFree:         778836 kB
Dirty:                 4 kB
Writeback:             0 kB
AnonPages:        616756 kB
Mapped:           324676 kB
Shmem:               976 kB
Slab:              60052 kB
SReclaimable:      16208 kB
SUnreclaim:        43844 kB
KernelStack:       15856 kB
PageTables:        54572 kB
NFS_Unstable:          0 kB
Bounce:                0 kB
WritebackTmp:          0 kB
CommitLimit:     2183484 kB
Committed_AS:   126172800 kB
VmallocTotal:     311296 kB
VmallocUsed:       33216 kB
VmallocChunk:     160780 kB
Time pass: 318 sec

---2015-12-04 21:02:09
MemTotal:        1745540 kB
MemFree:           51004 kB
Buffers:            8040 kB
Cached:           385640 kB
SwapCached:        45772 kB
Active:           511688 kB
Inactive:         513048 kB
Active(anon):     319952 kB
Inactive(anon):   315920 kB
Active(file):     191736 kB
Inactive(file):   197128 kB
Unevictable:        3816 kB
Mlocked:               0 kB
HighTotal:       1217536 kB
HighFree:          23776 kB
LowTotal:         528004 kB
LowFree:           27228 kB
SwapTotal:       1310716 kB
SwapFree:         778940 kB
Dirty:                84 kB
Writeback:             0 kB
AnonPages:        618792 kB
Mapped:           324596 kB
Shmem:              1000 kB
Slab:              60120 kB
SReclaimable:      16208 kB
SUnreclaim:        43912 kB
KernelStack:       15904 kB
PageTables:        54580 kB
NFS_Unstable:          0 kB
Bounce:                0 kB
WritebackTmp:          0 kB
CommitLimit:     2183484 kB
Committed_AS:   126168820 kB
VmallocTotal:     311296 kB
VmallocUsed:       33284 kB
VmallocChunk:     160780 kB
Time pass: 322 sec

---2015-12-04 21:02:09
MemTotal:        1745540 kB
MemFree:           52036 kB
Buffers:            8040 kB
Cached:           385656 kB
SwapCached:        45772 kB
Active:           511408 kB
Inactive:         513148 kB
Active(anon):     319672 kB
Inactive(anon):   316004 kB
Active(file):     191736 kB
Inactive(file):   197144 kB
Unevictable:        3816 kB
Mlocked:               0 kB
HighTotal:       1217536 kB
HighFree:          24324 kB
LowTotal:         528004 kB
LowFree:           27712 kB
SwapTotal:       1310716 kB
SwapFree:         778940 kB
Dirty:                48 kB
Writeback:             0 kB
AnonPages:        618428 kB
Mapped:           324596 kB
Shmem:              1000 kB
Slab:              60060 kB
SReclaimable:      16208 kB
SUnreclaim:        43852 kB
KernelStack:       15896 kB
PageTables:        54576 kB
NFS_Unstable:          0 kB
Bounce:                0 kB
WritebackTmp:          0 kB
CommitLimit:     2183484 kB
Committed_AS:   126168800 kB
VmallocTotal:     311296 kB
VmallocUsed:       33284 kB
VmallocChunk:     160780 kB
Time pass: 326 sec

---2015-12-04 21:02:09
MemTotal:        1745540 kB
MemFree:           58852 kB
Buffers:            8048 kB
Cached:           385656 kB
SwapCached:        45772 kB
Active:           505032 kB
Inactive:         513156 kB
Active(anon):     313296 kB
Inactive(anon):   316004 kB
Active(file):     191736 kB
Inactive(file):   197152 kB
Unevictable:        3816 kB
Mlocked:               0 kB
HighTotal:       1217536 kB
HighFree:          31064 kB
LowTotal:         528004 kB
LowFree:           27788 kB
SwapTotal:       1310716 kB
SwapFree:         778940 kB
Dirty:                28 kB
