---2015-12-08 17:44:29
MemTotal:        2746844 kB
MemFree:           72012 kB
Buffers:           11352 kB
Cached:           993240 kB
SwapCached:         2504 kB
Active:           903104 kB
Inactive:         963164 kB
Active(anon):     454436 kB
Inactive(anon):   426984 kB
Active(file):     448668 kB
Inactive(file):   536180 kB
Unevictable:       35812 kB
Mlocked:           27768 kB
SwapTotal:       1310716 kB
SwapFree:        1264124 kB
Dirty:                 0 kB
Writeback:             0 kB
AnonPages:        895832 kB
Mapped:           474544 kB
Shmem:               708 kB
Slab:             107684 kB
SReclaimable:      31216 kB
SUnreclaim:        76468 kB
KernelStack:       33664 kB
PageTables:        56968 kB
NFS_Unstable:          0 kB
Bounce:                0 kB
WritebackTmp:          0 kB
CommitLimit:     2684136 kB
Committed_AS:   138593612 kB
VmallocTotal:   251658176 kB
VmallocUsed:      293936 kB
VmallocChunk:   247561408 kB
Time pass: 3 sec

---2015-12-08 17:44:29
MemTotal:        2746844 kB
MemFree:           70964 kB
Buffers:           11352 kB
Cached:           993448 kB
SwapCached:         2504 kB
Active:           903396 kB
Inactive:         963268 kB
Active(anon):     454724 kB
Inactive(anon):   426988 kB
Active(file):     448672 kB
Inactive(file):   536280 kB
Unevictable:       35812 kB
Mlocked:           27768 kB
SwapTotal:       1310716 kB
SwapFree:        1264124 kB
Dirty:                 0 kB
Writeback:             0 kB
AnonPages:        895940 kB
Mapped:           474696 kB
Shmem:               712 kB
Slab:             107772 kB
SReclaimable:      31216 kB
SUnreclaim:        76556 kB
KernelStack:       33664 kB
PageTables:        57004 kB
NFS_Unstable:          0 kB
Bounce:                0 kB
WritebackTmp:          0 kB
CommitLimit:     2684136 kB
Committed_AS:   138593620 kB
VmallocTotal:   251658176 kB
VmallocUsed:      293936 kB
VmallocChunk:   247561408 kB
Time pass: 7 sec

---2015-12-08 17:44:29
MemTotal:        2746844 kB
MemFree:           70728 kB
Buffers:           11352 kB
Cached:           993448 kB
SwapCached:         2504 kB
Active:           903788 kB
Inactive:         963264 kB
Active(anon):     455108 kB
Inactive(anon):   426972 kB
Active(file):     448680 kB
Inactive(file):   536292 kB
Unevictable:       35812 kB
Mlocked:           27768 kB
SwapTotal:       1310716 kB
SwapFree:        1264124 kB
Dirty:                 0 kB
Writeback:             0 kB
AnonPages:        896144 kB
Mapped:           474696 kB
Shmem:               712 kB
Slab:             107740 kB
SReclaimable:      31216 kB
SUnreclaim:        76524 kB
KernelStack:       33664 kB
PageTables:        57004 kB
NFS_Unstable:          0 kB
Bounce:                0 kB
WritebackTmp:          0 kB
CommitLimit:     2684136 kB
Committed_AS:   138593588 kB
VmallocTotal:   251658176 kB
VmallocUsed:      293936 kB
VmallocChunk:   247561408 kB
Time pass: 10 sec

---2015-12-08 17:44:29
MemTotal:        2746844 kB
MemFree:           71372 kB
Buffers:           11352 kB
Cached:           993448 kB
SwapCached:         2504 kB
Active:           903596 kB
Inactive:         963272 kB
Active(anon):     454916 kB
Inactive(anon):   426972 kB
Active(file):     448680 kB
Inactive(file):   536300 kB
Unevictable:       35812 kB
Mlocked:           27768 kB
SwapTotal:       1310716 kB
SwapFree:        1264124 kB
Dirty:                 0 kB
Writeback:             0 kB
AnonPages:        896084 kB
Mapped:           474696 kB
Shmem:               712 kB
Slab:             107744 kB
SReclaimable:      31216 kB
SUnreclaim:        76528 kB
KernelStack:       33648 kB
PageTables:        57008 kB
NFS_Unstable:          0 kB
Bounce:                0 kB
WritebackTmp:          0 kB
CommitLimit:     2684136 kB
Committed_AS:   138593556 kB
VmallocTotal:   251658176 kB
VmallocUsed:      293936 kB
VmallocChunk:   247561408 kB
Time pass: 14 sec

---2015-12-08 17:44:29
MemTotal:        2746844 kB
MemFree:           71228 kB
Buffers:           11352 kB
Cached:           993448 kB
SwapCached:         2504 kB
Active:           903768 kB
Inactive:         963272 kB
Active(anon):     455088 kB
Inactive(anon):   426972 kB
Active(file):     448680 kB
Inactive(file):   536300 kB
Unevictable:       35812 kB
Mlocked:           27768 kB
SwapTotal:       1310716 kB
SwapFree:        1264124 kB
Dirty:                 0 kB
Writeback:             0 kB
AnonPages:        896164 kB
Mapped:           474780 kB
Shmem:               712 kB
Slab:             107768 kB
SReclaimable:      31216 kB
SUnreclaim:        76552 kB
KernelStack:       33632 kB
PageTables:        57036 kB
NFS_Unstable:          0 kB
Bounce:                0 kB
WritebackTmp:          0 kB
CommitLimit:     2684136 kB
Committed_AS:   138593556 kB
VmallocTotal:   251658176 kB
VmallocUsed:      293936 kB
VmallocChunk:   247561408 kB
Time pass: 17 sec

---2015-12-08 17:44:29
MemTotal:        2746844 kB
MemFree:           71596 kB
Buffers:           11352 kB
Cached:           993448 kB
SwapCached:         2504 kB
Active:           903780 kB
Inactive:         963272 kB
Active(anon):     455100 kB
Inactive(anon):   426972 kB
Active(file):     448680 kB
Inactive(file):   536300 kB
Unevictable:       35812 kB
Mlocked:           27768 kB
SwapTotal:       1310716 kB
SwapFree:        1264124 kB
Dirty:                 0 kB
Writeback:             0 kB
AnonPages:        896352 kB
Mapped:           474696 kB
Shmem:               712 kB
Slab:             107680 kB
SReclaimable:      31216 kB
SUnreclaim:        76464 kB
KernelStack:       33632 kB
PageTables:        57004 kB
NFS_Unstable:          0 kB
Bounce:                0 kB
WritebackTmp:          0 kB
CommitLimit:     2684136 kB
Committed_AS:   138593540 kB
VmallocTotal:   251658176 kB
VmallocUsed:      293936 kB
VmallocChunk:   247561408 kB
Time pass: 21 sec

---2015-12-08 17:44:29
MemTotal:        2746844 kB
MemFree:           59952 kB
Buffers:            9400 kB
Cached:           933960 kB
SwapCached:         2760 kB
Active:           912852 kB
Inactive:         916832 kB
Active(anon):     453160 kB
Inactive(anon):   453808 kB
Active(file):     459692 kB
Inactive(file):   463024 kB
Unevictable:       35812 kB
Mlocked:           27768 kB
SwapTotal:       1310716 kB
SwapFree:        1261484 kB
Dirty:               796 kB
Writeback:             0 kB
AnonPages:        921476 kB
Mapped:           486772 kB
Shmem:               712 kB
Slab:             107552 kB
SReclaimable:      31216 kB
SUnreclaim:        76336 kB
KernelStack:       34336 kB
PageTables:        57628 kB
NFS_Unstable:          0 kB
Bounce:                0 kB
WritebackTmp:          0 kB
CommitLimit:     2684136 kB
Committed_AS:   139907012 kB
VmallocTotal:   251658176 kB
VmallocUsed:      303764 kB
VmallocChunk:   247561408 kB
Time pass: 24 sec

---2015-12-08 17:44:29
MemTotal:        2746844 kB
MemFree:           65476 kB
Buffers:            9264 kB
Cached:           864576 kB
SwapCached:         2836 kB
Active:           869752 kB
Inactive:         875588 kB
Active(anon):     442092 kB
Inactive(anon):   449068 kB
Active(file):     427660 kB
Inactive(file):   426520 kB
Unevictable:       35812 kB
Mlocked:           27768 kB
SwapTotal:       1310716 kB
SwapFree:        1234480 kB
Dirty:                56 kB
Writeback:           204 kB
AnonPages:        905232 kB
Mapped:           482984 kB
Shmem:               844 kB
Slab:             108264 kB
SReclaimable:      31360 kB
SUnreclaim:        76904 kB
KernelStack:       34928 kB
PageTables:        58208 kB
NFS_Unstable:          0 kB
Bounce:                0 kB
WritebackTmp:          0 kB
CommitLimit:     2684136 kB
Committed_AS:   139928060 kB
VmallocTotal:   251658176 kB
VmallocUsed:      308280 kB
VmallocChunk:   247561408 kB
Time pass: 28 sec

---2015-12-08 17:44:29
MemTotal:        2746844 kB
MemFree:           82900 kB
Buffers:            9236 kB
Cached:           864648 kB
SwapCached:         2816 kB
Active:           845104 kB
Inactive:         857572 kB
Active(anon):     418148 kB
Inactive(anon):   430464 kB
Active(file):     426956 kB
Inactive(file):   427108 kB
Unevictable:       35812 kB
Mlocked:           27768 kB
SwapTotal:       1310716 kB
SwapFree:        1229868 kB
Dirty:               212 kB
Writeback:             0 kB
AnonPages:        863036 kB
Mapped:           482800 kB
Shmem:               844 kB
Slab:             108436 kB
SReclaimable:      31472 kB
SUnreclaim:        76964 kB
KernelStack:       34928 kB
PageTables:        58072 kB
NFS_Unstable:          0 kB
Bounce:                0 kB
WritebackTmp:          0 kB
CommitLimit:     2684136 kB
Committed_AS:   139899504 kB
VmallocTotal:   251658176 kB
VmallocUsed:      308576 kB
VmallocChunk:   247561408 kB
Time pass: 32 sec

---2015-12-08 17:44:29
MemTotal:        2746844 kB
MemFree:           83348 kB
Buffers:            9252 kB
Cached:           864692 kB
SwapCached:         2816 kB
Active:           843836 kB
Inactive:         857648 kB
Active(anon):     417040 kB
Inactive(anon):   430512 kB
Active(file):     426796 kB
Inactive(file):   427136 kB
Unevictable:       35812 kB
Mlocked:           27768 kB
SwapTotal:       1310716 kB
SwapFree:        1229868 kB
Dirty:               156 kB
Writeback:             0 kB
AnonPages:        861816 kB
Mapped:           483220 kB
Shmem:               844 kB
Slab:             108420 kB
SReclaimable:      31488 kB
SUnreclaim:        76932 kB
KernelStack:       34928 kB
PageTables:        58068 kB
NFS_Unstable:          0 kB
Bounce:                0 kB
WritebackTmp:          0 kB
CommitLimit:     2684136 kB
Committed_AS:   139899512 kB
VmallocTotal:   251658176 kB
VmallocUsed:      308576 kB
VmallocChunk:   247561408 kB
Time pass: 35 sec

---2015-12-08 17:44:29
MemTotal:        2746844 kB
MemFree:           83312 kB
Buffers:            9252 kB
Cached:           864692 kB
SwapCached:         2816 kB
Active:           843872 kB
Inactive:         857660 kB
Active(anon):     417076 kB
Inactive(anon):   430508 kB
Active(file):     426796 kB
Inactive(file):   427152 kB
Unevictable:       35812 kB
Mlocked:           27768 kB
SwapTotal:       1310716 kB
SwapFree:        1229868 kB
Dirty:                 0 kB
Writeback:             0 kB
AnonPages:        861784 kB
Mapped:           483304 kB
Shmem:               844 kB
Slab:             108528 kB
SReclaimable:      31488 kB
SUnreclaim:        77040 kB
KernelStack:       34928 kB
PageTables:        58096 kB
NFS_Unstable:          0 kB
Bounce:                0 kB
WritebackTmp:          0 kB
CommitLimit:     2684136 kB
Committed_AS:   139899488 kB
VmallocTotal:   251658176 kB
VmallocUsed:      308576 kB
VmallocChunk:   247561408 kB
Time pass: 39 sec

---2015-12-08 17:44:29
MemTotal:        2746844 kB
MemFree:           66040 kB
Buffers:            8828 kB
Cached:           854684 kB
SwapCached:         3016 kB
Active:           845720 kB
Inactive:         847804 kB
Active(anon):     425352 kB
Inactive(anon):   424880 kB
Active(file):     420368 kB
Inactive(file):   422924 kB
Unevictable:       35812 kB
Mlocked:           27768 kB
SwapTotal:       1310716 kB
SwapFree:        1214272 kB
Dirty:               104 kB
Writeback:             0 kB
AnonPages:        864180 kB
Mapped:           483880 kB
Shmem:               844 kB
Slab:             108464 kB
SReclaimable:      31536 kB
SUnreclaim:        76928 kB
KernelStack:       35248 kB
PageTables:        58340 kB
NFS_Unstable:          0 kB
Bounce:                0 kB
WritebackTmp:          0 kB
CommitLimit:     2684136 kB
Committed_AS:   139902652 kB
VmallocTotal:   251658176 kB
VmallocUsed:      309892 kB
VmallocChunk:   247561408 kB
Time pass: 42 sec

---2015-12-08 17:44:29
MemTotal:        2746844 kB
MemFree:           66464 kB
Buffers:            8692 kB
Cached:           841212 kB
SwapCached:         3024 kB
Active:           843440 kB
Inactive:         844836 kB
Active(anon):     428532 kB
Inactive(anon):   429684 kB
Active(file):     414908 kB
Inactive(file):   415152 kB
Unevictable:       35812 kB
Mlocked:           27768 kB
SwapTotal:       1310716 kB
SwapFree:        1208440 kB
Dirty:                64 kB
Writeback:             0 kB
AnonPages:        872000 kB
Mapped:           483020 kB
Shmem:               844 kB
Slab:             108872 kB
SReclaimable:      31504 kB
SUnreclaim:        77368 kB
KernelStack:       35280 kB
PageTables:        58368 kB
NFS_Unstable:          0 kB
Bounce:                0 kB
WritebackTmp:          0 kB
CommitLimit:     2684136 kB
Committed_AS:   139902844 kB
VmallocTotal:   251658176 kB
VmallocUsed:      309892 kB
VmallocChunk:   247561408 kB
Time pass: 46 sec

---2015-12-08 17:44:29
MemTotal:        2746844 kB
MemFree:           70944 kB
Buffers:            8268 kB
Cached:           821064 kB
SwapCached:         3772 kB
Active:           838060 kB
Inactive:         842324 kB
Active(anon):     433260 kB
Inactive(anon):   437472 kB
Active(file):     404800 kB
Inactive(file):   404852 kB
Unevictable:       35812 kB
Mlocked:           27768 kB
SwapTotal:       1310716 kB
SwapFree:        1202252 kB
Dirty:               388 kB
Writeback:             0 kB
AnonPages:        882780 kB
Mapped:           485128 kB
Shmem:               848 kB
Slab:             108764 kB
SReclaimable:      31492 kB
SUnreclaim:        77272 kB
KernelStack:       35392 kB
PageTables:        58328 kB
NFS_Unstable:          0 kB
Bounce:                0 kB
WritebackTmp:          0 kB
CommitLimit:     2684136 kB
Committed_AS:   139913104 kB
VmallocTotal:   251658176 kB
VmallocUsed:      314128 kB
VmallocChunk:   247561408 kB
Time pass: 49 sec

---2015-12-08 17:44:29
MemTotal:        2746844 kB
MemFree:           69276 kB
Buffers:            8228 kB
Cached:           788544 kB
SwapCached:         3784 kB
Active:           818212 kB
Inactive:         827156 kB
Active(anon):     429872 kB
Inactive(anon):   438696 kB
Active(file):     388340 kB
Inactive(file):   388460 kB
Unevictable:       35812 kB
Mlocked:           27768 kB
SwapTotal:       1310716 kB
SwapFree:        1197376 kB
Dirty:              1280 kB
Writeback:             0 kB
AnonPages:        881976 kB
Mapped:           483732 kB
Shmem:               848 kB
Slab:             108916 kB
SReclaimable:      31508 kB
SUnreclaim:        77408 kB
KernelStack:       35344 kB
PageTables:        58364 kB
NFS_Unstable:          0 kB
Bounce:                0 kB
WritebackTmp:          0 kB
CommitLimit:     2684136 kB
Committed_AS:   139921616 kB
VmallocTotal:   251658176 kB
VmallocUsed:      314240 kB
VmallocChunk:   247561408 kB
Time pass: 53 sec

---2015-12-08 17:44:29
MemTotal:        2746844 kB
MemFree:           67016 kB
Buffers:            8236 kB
Cached:           788864 kB
SwapCached:         3784 kB
Active:           818776 kB
Inactive:         827220 kB
Active(anon):     430208 kB
Inactive(anon):   438676 kB
Active(file):     388568 kB
Inactive(file):   388544 kB
Unevictable:       35812 kB
Mlocked:           27768 kB
SwapTotal:       1310716 kB
SwapFree:        1197376 kB
Dirty:                96 kB
Writeback:             0 kB
AnonPages:        882168 kB
Mapped:           483732 kB
Shmem:               848 kB
Slab:             108964 kB
SReclaimable:      31524 kB
SUnreclaim:        77440 kB
KernelStack:       35344 kB
PageTables:        58360 kB
NFS_Unstable:          0 kB
Bounce:                0 kB
WritebackTmp:          0 kB
CommitLimit:     2684136 kB
Committed_AS:   139921624 kB
VmallocTotal:   251658176 kB
VmallocUsed:      314240 kB
VmallocChunk:   247561408 kB
Time pass: 56 sec

---2015-12-08 17:44:29
MemTotal:        2746844 kB
MemFree:           66516 kB
Buffers:            8236 kB
Cached:           789432 kB
SwapCached:         3784 kB
Active:           820028 kB
Inactive:         827752 kB
Active(anon):     431456 kB
Inactive(anon):   438616 kB
Active(file):     388572 kB
Inactive(file):   389136 kB
Unevictable:       35812 kB
Mlocked:           27768 kB
SwapTotal:       1310716 kB
SwapFree:        1197376 kB
Dirty:                96 kB
Writeback:             0 kB
AnonPages:        883464 kB
Mapped:           484132 kB
Shmem:               848 kB
Slab:             108948 kB
SReclaimable:      31524 kB
SUnreclaim:        77424 kB
KernelStack:       35344 kB
PageTables:        58360 kB
NFS_Unstable:          0 kB
Bounce:                0 kB
WritebackTmp:          0 kB
CommitLimit:     2684136 kB
Committed_AS:   139921616 kB
VmallocTotal:   251658176 kB
VmallocUsed:      314240 kB
VmallocChunk:   247561408 kB
Time pass: 60 sec

---2015-12-08 17:44:29
MemTotal:        2746844 kB
MemFree:           73528 kB
Buffers:            8092 kB
Cached:           771760 kB
SwapCached:         3788 kB
Active:           806596 kB
Inactive:         823916 kB
Active(anon):     427656 kB
Inactive(anon):   443220 kB
Active(file):     378940 kB
Inactive(file):   380696 kB
Unevictable:       35812 kB
Mlocked:           27768 kB
SwapTotal:       1310716 kB
SwapFree:        1196880 kB
Dirty:               140 kB
Writeback:             0 kB
AnonPages:        883644 kB
Mapped:           484160 kB
Shmem:               848 kB
Slab:             108932 kB
SReclaimable:      31524 kB
SUnreclaim:        77408 kB
KernelStack:       35344 kB
PageTables:        58348 kB
NFS_Unstable:          0 kB
Bounce:                0 kB
WritebackTmp:          0 kB
CommitLimit:     2684136 kB
Committed_AS:   139921736 kB
VmallocTotal:   251658176 kB
VmallocUsed:      314264 kB
VmallocChunk:   247561408 kB
Time pass: 64 sec

---2015-12-08 17:44:29
MemTotal:        2746844 kB
MemFree:           73980 kB
Buffers:            8092 kB
Cached:           770908 kB
SwapCached:         3788 kB
Active:           806312 kB
Inactive:         823412 kB
Active(anon):     427820 kB
Inactive(anon):   442856 kB
Active(file):     378492 kB
Inactive(file):   380556 kB
Unevictable:       35812 kB
Mlocked:           27768 kB
SwapTotal:       1310716 kB
SwapFree:        1196880 kB
Dirty:                28 kB
Writeback:             0 kB
AnonPages:        884068 kB
Mapped:           484204 kB
Shmem:               844 kB
Slab:             109136 kB
SReclaimable:      31540 kB
SUnreclaim:        77596 kB
KernelStack:       35392 kB
PageTables:        58364 kB
NFS_Unstable:          0 kB
Bounce:                0 kB
WritebackTmp:          0 kB
CommitLimit:     2684136 kB
Committed_AS:   139921720 kB
VmallocTotal:   251658176 kB
VmallocUsed:      314264 kB
VmallocChunk:   247561408 kB
Time pass: 67 sec

---2015-12-08 17:44:29
MemTotal:        2746844 kB
MemFree:           69472 kB
Buffers:            6404 kB
Cached:           720112 kB
SwapCached:         3796 kB
Active:           790556 kB
Inactive:         793364 kB
Active(anon):     437360 kB
Inactive(anon):   439996 kB
Active(file):     353196 kB
Inactive(file):   353368 kB
Unevictable:       35812 kB
Mlocked:           27768 kB
SwapTotal:       1310716 kB
SwapFree:        1195300 kB
Dirty:                40 kB
Writeback:             0 kB
AnonPages:        890560 kB
Mapped:           484136 kB
Shmem:               844 kB
Slab:             109016 kB
SReclaimable:      31540 kB
SUnreclaim:        77476 kB
KernelStack:       35424 kB
PageTables:        58412 kB
NFS_Unstable:          0 kB
Bounce:                0 kB
WritebackTmp:          0 kB
CommitLimit:     2684136 kB
Committed_AS:   139930328 kB
VmallocTotal:   251658176 kB
VmallocUsed:      307408 kB
VmallocChunk:   247561408 kB
Time pass: 71 sec

---2015-12-08 17:44:29
MemTotal:        2746844 kB
MemFree:           64852 kB
Buffers:            6420 kB
Cached:           718364 kB
SwapCached:         3796 kB
Active:           797128 kB
Inactive:         795372 kB
Active(anon):     444096 kB
Inactive(anon):   443572 kB
Active(file):     353032 kB
Inactive(file):   351800 kB
Unevictable:       35812 kB
Mlocked:           27768 kB
SwapTotal:       1310716 kB
SwapFree:        1195148 kB
Dirty:               344 kB
Writeback:             0 kB
AnonPages:        901276 kB
Mapped:           487668 kB
Shmem:               844 kB
Slab:             109044 kB
SReclaimable:      31588 kB
SUnreclaim:        77456 kB
KernelStack:       35600 kB
PageTables:        58416 kB
NFS_Unstable:          0 kB
Bounce:                0 kB
WritebackTmp:          0 kB
CommitLimit:     2684136 kB
Committed_AS:   139938728 kB
VmallocTotal:   251658176 kB
VmallocUsed:      307408 kB
VmallocChunk:   247561408 kB
Time pass: 74 sec

---2015-12-08 17:44:29
MemTotal:        2746844 kB
MemFree:           62456 kB
Buffers:            6212 kB
Cached:           706092 kB
SwapCached:         3976 kB
Active:           794268 kB
Inactive:         794424 kB
Active(anon):     448032 kB
Inactive(anon):   448472 kB
Active(file):     346236 kB
Inactive(file):   345952 kB
Unevictable:       35812 kB
Mlocked:           27768 kB
SwapTotal:       1310716 kB
SwapFree:        1192804 kB
Dirty:               120 kB
Writeback:             0 kB
AnonPages:        909784 kB
Mapped:           489012 kB
Shmem:              1008 kB
Slab:             109420 kB
SReclaimable:      31588 kB
SUnreclaim:        77832 kB
KernelStack:       35904 kB
PageTables:        58536 kB
NFS_Unstable:          0 kB
Bounce:                0 kB
WritebackTmp:          0 kB
CommitLimit:     2684136 kB
Committed_AS:   139958772 kB
VmallocTotal:   251658176 kB
VmallocUsed:      309524 kB
VmallocChunk:   247561408 kB
Time pass: 79 sec

---2015-12-08 17:44:29
MemTotal:        2746844 kB
MemFree:           62976 kB
Buffers:            6100 kB
Cached:           699900 kB
SwapCached:         4568 kB
Active:           792084 kB
Inactive:         793440 kB
Active(anon):     449272 kB
Inactive(anon):   450416 kB
Active(file):     342812 kB
Inactive(file):   343024 kB
Unevictable:       35812 kB
Mlocked:           27768 kB
SwapTotal:       1310716 kB
SwapFree:        1191712 kB
Dirty:                52 kB
Writeback:             0 kB
AnonPages:        912844 kB
Mapped:           489044 kB
Shmem:              1056 kB
Slab:             109472 kB
SReclaimable:      31588 kB
SUnreclaim:        77884 kB
KernelStack:       35888 kB
PageTables:        58676 kB
NFS_Unstable:          0 kB
Bounce:                0 kB
WritebackTmp:          0 kB
CommitLimit:     2684136 kB
Committed_AS:   139962988 kB
VmallocTotal:   251658176 kB
VmallocUsed:      313776 kB
VmallocChunk:   247561408 kB
Time pass: 82 sec

---2015-12-08 17:44:29
MemTotal:        2746844 kB
MemFree:           64648 kB
Buffers:            6116 kB
Cached:           697892 kB
SwapCached:         4568 kB
Active:           792996 kB
Inactive:         791604 kB
Active(anon):     450704 kB
Inactive(anon):   450212 kB
Active(file):     342292 kB
Inactive(file):   341392 kB
Unevictable:       35812 kB
Mlocked:           27768 kB
SwapTotal:       1310716 kB
SwapFree:        1191632 kB
Dirty:                 0 kB
Writeback:             0 kB
AnonPages:        914096 kB
Mapped:           489160 kB
Shmem:              1216 kB
Slab:             109624 kB
SReclaimable:      31588 kB
SUnreclaim:        78036 kB
KernelStack:       35920 kB
PageTables:        58692 kB
NFS_Unstable:          0 kB
Bounce:                0 kB
WritebackTmp:          0 kB
CommitLimit:     2684136 kB
Committed_AS:   139962988 kB
VmallocTotal:   251658176 kB
VmallocUsed:      313776 kB
VmallocChunk:   247561408 kB
Time pass: 86 sec

---2015-12-08 17:44:29
MemTotal:        2746844 kB
MemFree:           66308 kB
Buffers:            6076 kB
Cached:           695492 kB
SwapCached:         4568 kB
Active:           791696 kB
Inactive:         790916 kB
Active(anon):     450628 kB
Inactive(anon):   450740 kB
Active(file):     341068 kB
Inactive(file):   340176 kB
Unevictable:       35812 kB
Mlocked:           27768 kB
SwapTotal:       1310716 kB
SwapFree:        1191428 kB
Dirty:                40 kB
Writeback:             0 kB
AnonPages:        914160 kB
Mapped:           489228 kB
Shmem:              1216 kB
Slab:             109572 kB
SReclaimable:      31588 kB
SUnreclaim:        77984 kB
KernelStack:       35872 kB
PageTables:        58684 kB
NFS_Unstable:          0 kB
Bounce:                0 kB
WritebackTmp:          0 kB
CommitLimit:     2684136 kB
Committed_AS:   139962956 kB
VmallocTotal:   251658176 kB
VmallocUsed:      313776 kB
VmallocChunk:   247561408 kB
Time pass: 90 sec

---2015-12-08 17:44:29
MemTotal:        2746844 kB
MemFree:           70108 kB
Buffers:            6092 kB
Cached:           695540 kB
SwapCached:         4568 kB
Active:           791412 kB
Inactive:         790980 kB
Active(anon):     450344 kB
Inactive(anon):   450788 kB
Active(file):     341068 kB
Inactive(file):   340192 kB
Unevictable:       35812 kB
Mlocked:           27768 kB
SwapTotal:       1310716 kB
SwapFree:        1191428 kB
Dirty:                52 kB
Writeback:             0 kB
AnonPages:        914104 kB
Mapped:           489252 kB
Shmem:              1264 kB
Slab:             109612 kB
SReclaimable:      31588 kB
SUnreclaim:        78024 kB
KernelStack:       35872 kB
PageTables:        58692 kB
NFS_Unstable:          0 kB
Bounce:                0 kB
WritebackTmp:          0 kB
CommitLimit:     2684136 kB
Committed_AS:   139967056 kB
VmallocTotal:   251658176 kB
VmallocUsed:      313776 kB
VmallocChunk:   247561408 kB
Time pass: 93 sec

---2015-12-08 17:44:29
MemTotal:        2746844 kB
MemFree:           69296 kB
Buffers:            6108 kB
Cached:           695540 kB
SwapCached:         4568 kB
Active:           792416 kB
Inactive:         790996 kB
Active(anon):     451348 kB
Inactive(anon):   450788 kB
Active(file):     341068 kB
Inactive(file):   340208 kB
Unevictable:       35812 kB
Mlocked:           27768 kB
SwapTotal:       1310716 kB
SwapFree:        1191432 kB
Dirty:                48 kB
Writeback:             0 kB
AnonPages:        915120 kB
Mapped:           489268 kB
Shmem:              1264 kB
Slab:             109624 kB
SReclaimable:      31588 kB
SUnreclaim:        78036 kB
KernelStack:       35872 kB
PageTables:        58680 kB
NFS_Unstable:          0 kB
Bounce:                0 kB
WritebackTmp:          0 kB
CommitLimit:     2684136 kB
Committed_AS:   139971148 kB
VmallocTotal:   251658176 kB
VmallocUsed:      313620 kB
VmallocChunk:   247561408 kB
Time pass: 97 sec

---2015-12-08 17:44:29
MemTotal:        2746844 kB
MemFree:           69224 kB
Buffers:            6108 kB
Cached:           695540 kB
SwapCached:         4568 kB
Active:           793272 kB
Inactive:         790996 kB
Active(anon):     452204 kB
Inactive(anon):   450788 kB
Active(file):     341068 kB
Inactive(file):   340208 kB
Unevictable:       35812 kB
Mlocked:           27768 kB
SwapTotal:       1310716 kB
SwapFree:        1191432 kB
Dirty:                48 kB
Writeback:             0 kB
AnonPages:        915928 kB
Mapped:           489264 kB
Shmem:              1264 kB
Slab:             109640 kB
SReclaimable:      31604 kB
SUnreclaim:        78036 kB
KernelStack:       35872 kB
PageTables:        58604 kB
NFS_Unstable:          0 kB
Bounce:                0 kB
WritebackTmp:          0 kB
CommitLimit:     2684136 kB
Committed_AS:   139971132 kB
VmallocTotal:   251658176 kB
VmallocUsed:      309524 kB
VmallocChunk:   247561408 kB
Time pass: 100 sec

---2015-12-08 17:44:29
MemTotal:        2746844 kB
MemFree:           81668 kB
Buffers:            5492 kB
Cached:           688944 kB
SwapCached:         4584 kB
Active:           775244 kB
Inactive:         789504 kB
Active(anon):     437456 kB
Inactive(anon):   452808 kB
Active(file):     337788 kB
Inactive(file):   336696 kB
Unevictable:       35812 kB
Mlocked:           27768 kB
SwapTotal:       1310716 kB
SwapFree:        1190264 kB
Dirty:                36 kB
Writeback:             0 kB
AnonPages:        903424 kB
Mapped:           488760 kB
Shmem:               844 kB
Slab:             109708 kB
SReclaimable:      31604 kB
SUnreclaim:        78104 kB
KernelStack:       35488 kB
PageTables:        58404 kB
NFS_Unstable:          0 kB
Bounce:                0 kB
WritebackTmp:          0 kB
CommitLimit:     2684136 kB
Committed_AS:   139959588 kB
VmallocTotal:   251658176 kB
VmallocUsed:      311460 kB
VmallocChunk:   247561408 kB
Time pass: 104 sec

---2015-12-08 17:44:29
MemTotal:        2746844 kB
MemFree:          397548 kB
Buffers:            5312 kB
Cached:           694892 kB
SwapCached:         4844 kB
Active:           701716 kB
Inactive:         786624 kB
Active(anon):     364668 kB
Inactive(anon):   443364 kB
Active(file):     337048 kB
Inactive(file):   343260 kB
Unevictable:       35812 kB
Mlocked:           27768 kB
SwapTotal:       1310716 kB
SwapFree:        1189828 kB
Dirty:               120 kB
Writeback:             0 kB
AnonPages:        821540 kB
Mapped:           444092 kB
Shmem:               528 kB
Slab:             109616 kB
SReclaimable:      31604 kB
SUnreclaim:        78012 kB
KernelStack:       33168 kB
PageTables:        56204 kB
NFS_Unstable:          0 kB
Bounce:                0 kB
WritebackTmp:          0 kB
CommitLimit:     2684136 kB
Committed_AS:   137844580 kB
VmallocTotal:   251658176 kB
VmallocUsed:      309872 kB
VmallocChunk:   247561408 kB
Time pass: 107 sec

---2015-12-08 17:44:29
MemTotal:        2746844 kB
MemFree:          424000 kB
Buffers:            5536 kB
Cached:           696276 kB
SwapCached:         4852 kB
Active:           684792 kB
Inactive:         781108 kB
Active(anon):     345980 kB
Inactive(anon):   438156 kB
Active(file):     338812 kB
Inactive(file):   342952 kB
Unevictable:       35812 kB
Mlocked:           27768 kB
SwapTotal:       1310716 kB
SwapFree:        1189844 kB
Dirty:               480 kB
Writeback:             0 kB
AnonPages:        796504 kB
Mapped:           444996 kB
Shmem:              1044 kB
Slab:             109608 kB
SReclaimable:      31604 kB
SUnreclaim:        78004 kB
KernelStack:       32512 kB
PageTables:        56308 kB
NFS_Unstable:          0 kB
Bounce:                0 kB
WritebackTmp:          0 kB
CommitLimit:     2684136 kB
Committed_AS:   137846080 kB
VmallocTotal:   251658176 kB
VmallocUsed:      309872 kB
VmallocChunk:   247561408 kB
Time pass: 111 sec

---2015-12-08 17:44:29
MemTotal:        2746844 kB
MemFree:          426208 kB
Buffers:            5544 kB
Cached:           696404 kB
SwapCached:         4856 kB
Active:           684112 kB
Inactive:         780420 kB
Active(anon):     345300 kB
Inactive(anon):   437436 kB
Active(file):     338812 kB
Inactive(file):   342984 kB
Unevictable:       35812 kB
Mlocked:           27768 kB
SwapTotal:       1310716 kB
SwapFree:        1189972 kB
Dirty:                 0 kB
Writeback:             0 kB
AnonPages:        795044 kB
Mapped:           445084 kB
Shmem:              1044 kB
Slab:             109584 kB
SReclaimable:      31588 kB
SUnreclaim:        77996 kB
KernelStack:       32096 kB
PageTables:        56312 kB
NFS_Unstable:          0 kB
Bounce:                0 kB
WritebackTmp:          0 kB
CommitLimit:     2684136 kB
Committed_AS:   137845036 kB
VmallocTotal:   251658176 kB
VmallocUsed:      309872 kB
VmallocChunk:   247561408 kB
Time pass: 114 sec

---2015-12-08 17:44:29
MemTotal:        2746844 kB
MemFree:          425736 kB
Buffers:            5552 kB
Cached:           696404 kB
SwapCached:         4856 kB
Active:           684612 kB
Inactive:         780032 kB
Active(anon):     345800 kB
Inactive(anon):   437040 kB
Active(file):     338812 kB
Inactive(file):   342992 kB
Unevictable:       35812 kB
Mlocked:           27768 kB
SwapTotal:       1310716 kB
SwapFree:        1189972 kB
Dirty:                76 kB
Writeback:             0 kB
AnonPages:        795060 kB
Mapped:           445088 kB
Shmem:              1044 kB
Slab:             109576 kB
SReclaimable:      31588 kB
SUnreclaim:        77988 kB
KernelStack:       32080 kB
PageTables:        56332 kB
NFS_Unstable:          0 kB
Bounce:                0 kB
WritebackTmp:          0 kB
CommitLimit:     2684136 kB
Committed_AS:   137845120 kB
VmallocTotal:   251658176 kB
VmallocUsed:      309872 kB
VmallocChunk:   247561408 kB
Time pass: 118 sec

---2015-12-08 17:44:29
MemTotal:        2746844 kB
MemFree:          427716 kB
Buffers:            5552 kB
Cached:           696404 kB
SwapCached:         4856 kB
Active:           684788 kB
Inactive:         780020 kB
Active(anon):     345976 kB
Inactive(anon):   437028 kB
Active(file):     338812 kB
Inactive(file):   342992 kB
Unevictable:       35812 kB
Mlocked:           27768 kB
SwapTotal:       1310716 kB
SwapFree:        1189972 kB
Dirty:                76 kB
Writeback:             0 kB
AnonPages:        795544 kB
Mapped:           445088 kB
Shmem:              1044 kB
Slab:             109576 kB
SReclaimable:      31588 kB
SUnreclaim:        77988 kB
KernelStack:       32064 kB
PageTables:        56332 kB
NFS_Unstable:          0 kB
Bounce:                0 kB
WritebackTmp:          0 kB
CommitLimit:     2684136 kB
Committed_AS:   137845160 kB
VmallocTotal:   251658176 kB
VmallocUsed:      309872 kB
VmallocChunk:   247561408 kB
Time pass: 121 sec

---2015-12-08 17:44:29
MemTotal:        2746844 kB
MemFree:          427776 kB
Buffers:            5552 kB
Cached:           696404 kB
SwapCached:         4856 kB
Active:           684512 kB
Inactive:         780020 kB
Active(anon):     345700 kB
Inactive(anon):   437028 kB
Active(file):     338812 kB
Inactive(file):   342992 kB
Unevictable:       35812 kB
Mlocked:           27768 kB
SwapTotal:       1310716 kB
SwapFree:        1189972 kB
Dirty:                 0 kB
Writeback:             0 kB
AnonPages:        795156 kB
Mapped:           445092 kB
Shmem:              1044 kB
Slab:             109576 kB
SReclaimable:      31588 kB
SUnreclaim:        77988 kB
KernelStack:       32064 kB
PageTables:        56332 kB
NFS_Unstable:          0 kB
Bounce:                0 kB
WritebackTmp:          0 kB
CommitLimit:     2684136 kB
Committed_AS:   137845144 kB
VmallocTotal:   251658176 kB
VmallocUsed:      309872 kB
VmallocChunk:   247561408 kB
Time pass: 125 sec

---2015-12-08 17:44:29
MemTotal:        2746844 kB
MemFree:          427776 kB
Buffers:            5552 kB
Cached:           696548 kB
SwapCached:         4856 kB
Active:           684692 kB
Inactive:         780132 kB
Active(anon):     345880 kB
Inactive(anon):   437028 kB
Active(file):     338812 kB
Inactive(file):   343104 kB
Unevictable:       35812 kB
Mlocked:           27768 kB
SwapTotal:       1310716 kB
SwapFree:        1189972 kB
Dirty:                 0 kB
Writeback:             0 kB
AnonPages:        795180 kB
Mapped:           445184 kB
Shmem:              1044 kB
Slab:             109576 kB
SReclaimable:      31588 kB
SUnreclaim:        77988 kB
KernelStack:       32000 kB
PageTables:        56364 kB
NFS_Unstable:          0 kB
Bounce:                0 kB
WritebackTmp:          0 kB
CommitLimit:     2684136 kB
Committed_AS:   137845056 kB
VmallocTotal:   251658176 kB
VmallocUsed:      309872 kB
VmallocChunk:   247561408 kB
Time pass: 128 sec

---2015-12-08 17:44:29
MemTotal:        2746844 kB
MemFree:          263424 kB
Buffers:            6068 kB
Cached:           702524 kB
SwapCached:         5120 kB
Active:           733052 kB
Inactive:         781980 kB
Active(anon):     389560 kB
Inactive(anon):   437160 kB
Active(file):     343492 kB
Inactive(file):   344820 kB
Unevictable:       35812 kB
Mlocked:           27768 kB
SwapTotal:       1310716 kB
SwapFree:        1190016 kB
Dirty:              1440 kB
Writeback:             0 kB
AnonPages:        839392 kB
Mapped:           467464 kB
Shmem:              1176 kB
Slab:             109568 kB
SReclaimable:      31588 kB
SUnreclaim:        77980 kB
KernelStack:       33344 kB
PageTables:        57376 kB
NFS_Unstable:          0 kB
Bounce:                0 kB
WritebackTmp:          0 kB
CommitLimit:     2684136 kB
Committed_AS:   139171712 kB
VmallocTotal:   251658176 kB
VmallocUsed:      311764 kB
VmallocChunk:   247561408 kB
Time pass: 132 sec

---2015-12-08 17:44:29
MemTotal:        2746844 kB
MemFree:          175244 kB
Buffers:            6128 kB
Cached:           703324 kB
SwapCached:         5120 kB
Active:           735044 kB
Inactive:         780848 kB
Active(anon):     389672 kB
Inactive(anon):   437056 kB
Active(file):     345372 kB
Inactive(file):   343792 kB
Unevictable:       35812 kB
Mlocked:           27768 kB
SwapTotal:       1310716 kB
SwapFree:        1190032 kB
Dirty:              1080 kB
Writeback:             0 kB
AnonPages:        839000 kB
Mapped:           473452 kB
Shmem:              1180 kB
Slab:             109624 kB
SReclaimable:      31604 kB
SUnreclaim:        78020 kB
KernelStack:       33456 kB
PageTables:        57568 kB
NFS_Unstable:          0 kB
Bounce:                0 kB
WritebackTmp:          0 kB
CommitLimit:     2684136 kB
Committed_AS:   139145520 kB
VmallocTotal:   251658176 kB
VmallocUsed:      317360 kB
VmallocChunk:   247561408 kB
Time pass: 135 sec

---2015-12-08 17:44:29
MemTotal:        2746844 kB
MemFree:          162808 kB
Buffers:            6136 kB
Cached:           703348 kB
SwapCached:         5120 kB
Active:           733940 kB
Inactive:         780664 kB
Active(anon):     388548 kB
Inactive(anon):   436876 kB
Active(file):     345392 kB
Inactive(file):   343788 kB
Unevictable:       35812 kB
Mlocked:           27768 kB
SwapTotal:       1310716 kB
SwapFree:        1190032 kB
Dirty:              1252 kB
Writeback:             0 kB
AnonPages:        838132 kB
Mapped:           473664 kB
Shmem:              1180 kB
Slab:             109648 kB
SReclaimable:      31604 kB
SUnreclaim:        78044 kB
KernelStack:       33376 kB
PageTables:        57272 kB
NFS_Unstable:          0 kB
Bounce:                0 kB
WritebackTmp:          0 kB
CommitLimit:     2684136 kB
Committed_AS:   139145376 kB
VmallocTotal:   251658176 kB
VmallocUsed:      317376 kB
VmallocChunk:   247561408 kB
Time pass: 139 sec

---2015-12-08 17:44:29
MemTotal:        2746844 kB
MemFree:          145248 kB
Buffers:            6136 kB
Cached:           703432 kB
SwapCached:         5120 kB
Active:           744932 kB
Inactive:         780564 kB
Active(anon):     399196 kB
Inactive(anon):   436840 kB
Active(file):     345736 kB
Inactive(file):   343724 kB
Unevictable:       35812 kB
Mlocked:           27768 kB
SwapTotal:       1310716 kB
SwapFree:        1190032 kB
Dirty:               220 kB
Writeback:             0 kB
AnonPages:        848676 kB
Mapped:           473740 kB
Shmem:              1180 kB
Slab:             109704 kB
SReclaimable:      31604 kB
SUnreclaim:        78100 kB
KernelStack:       33360 kB
PageTables:        57416 kB
NFS_Unstable:          0 kB
Bounce:                0 kB
WritebackTmp:          0 kB
CommitLimit:     2684136 kB
Committed_AS:   139145432 kB
VmallocTotal:   251658176 kB
VmallocUsed:      317400 kB
VmallocChunk:   247561408 kB
Time pass: 142 sec

---2015-12-08 17:44:29
MemTotal:        2746844 kB
MemFree:          152516 kB
Buffers:            6144 kB
Cached:           703660 kB
SwapCached:         5120 kB
Active:           737160 kB
Inactive:         780348 kB
Active(anon):     391260 kB
Inactive(anon):   436740 kB
Active(file):     345900 kB
Inactive(file):   343608 kB
Unevictable:       35812 kB
Mlocked:           27768 kB
SwapTotal:       1310716 kB
SwapFree:        1190032 kB
Dirty:               244 kB
Writeback:             0 kB
AnonPages:        840472 kB
Mapped:           473740 kB
Shmem:              1180 kB
Slab:             109712 kB
SReclaimable:      31636 kB
SUnreclaim:        78076 kB
KernelStack:       33360 kB
PageTables:        57396 kB
NFS_Unstable:          0 kB
Bounce:                0 kB
WritebackTmp:          0 kB
CommitLimit:     2684136 kB
Committed_AS:   139145520 kB
VmallocTotal:   251658176 kB
VmallocUsed:      317400 kB
VmallocChunk:   247561408 kB
Time pass: 146 sec

---2015-12-08 17:44:29
MemTotal:        2746844 kB
MemFree:          114704 kB
Buffers:            6144 kB
Cached:           703764 kB
SwapCached:         5120 kB
Active:           745580 kB
Inactive:         780368 kB
Active(anon):     399644 kB
Inactive(anon):   436684 kB
Active(file):     345936 kB
Inactive(file):   343684 kB
Unevictable:       35812 kB
Mlocked:           27768 kB
SwapTotal:       1310716 kB
SwapFree:        1190032 kB
Dirty:               588 kB
Writeback:             0 kB
AnonPages:        848848 kB
Mapped:           473860 kB
Shmem:              1180 kB
Slab:             109672 kB
SReclaimable:      31620 kB
SUnreclaim:        78052 kB
KernelStack:       33344 kB
PageTables:        57420 kB
NFS_Unstable:          0 kB
Bounce:                0 kB
WritebackTmp:          0 kB
CommitLimit:     2684136 kB
Committed_AS:   139154000 kB
VmallocTotal:   251658176 kB
VmallocUsed:      322228 kB
VmallocChunk:   247561408 kB
Time pass: 149 sec

---2015-12-08 17:44:29
MemTotal:        2746844 kB
MemFree:          115828 kB
Buffers:            6152 kB
Cached:           703840 kB
SwapCached:         5120 kB
Active:           743840 kB
Inactive:         779692 kB
Active(anon):     397904 kB
Inactive(anon):   435924 kB
Active(file):     345936 kB
Inactive(file):   343768 kB
Unevictable:       35812 kB
Mlocked:           27768 kB
SwapTotal:       1310716 kB
SwapFree:        1190040 kB
Dirty:                36 kB
Writeback:             0 kB
AnonPages:        845908 kB
Mapped:           473948 kB
Shmem:              1180 kB
Slab:             109720 kB
SReclaimable:      31668 kB
SUnreclaim:        78052 kB
KernelStack:       33312 kB
PageTables:        57456 kB
NFS_Unstable:          0 kB
Bounce:                0 kB
WritebackTmp:          0 kB
CommitLimit:     2684136 kB
Committed_AS:   139154136 kB
VmallocTotal:   251658176 kB
VmallocUsed:      322228 kB
VmallocChunk:   247561408 kB
Time pass: 153 sec

---2015-12-08 17:44:29
MemTotal:        2746844 kB
MemFree:          115756 kB
Buffers:            6160 kB
Cached:           703840 kB
SwapCached:         5120 kB
Active:           743272 kB
Inactive:         779692 kB
Active(anon):     397336 kB
Inactive(anon):   435916 kB
Active(file):     345936 kB
Inactive(file):   343776 kB
Unevictable:       35812 kB
Mlocked:           27768 kB
SwapTotal:       1310716 kB
SwapFree:        1190040 kB
Dirty:                24 kB
Writeback:             0 kB
AnonPages:        845500 kB
Mapped:           473948 kB
Shmem:              1180 kB
Slab:             109720 kB
SReclaimable:      31668 kB
SUnreclaim:        78052 kB
KernelStack:       33312 kB
PageTables:        57460 kB
NFS_Unstable:          0 kB
Bounce:                0 kB
WritebackTmp:          0 kB
CommitLimit:     2684136 kB
Committed_AS:   139154112 kB
VmallocTotal:   251658176 kB
VmallocUsed:      322228 kB
VmallocChunk:   247561408 kB
Time pass: 156 sec

---2015-12-08 17:44:29
MemTotal:        2746844 kB
MemFree:          109652 kB
Buffers:            6176 kB
Cached:           703840 kB
SwapCached:         5120 kB
Active:           749756 kB
Inactive:         779704 kB
Active(anon):     403816 kB
Inactive(anon):   435916 kB
Active(file):     345940 kB
Inactive(file):   343788 kB
Unevictable:       35812 kB
Mlocked:           27768 kB
SwapTotal:       1310716 kB
SwapFree:        1190040 kB
Dirty:                68 kB
Writeback:             0 kB
AnonPages:        852012 kB
Mapped:           476152 kB
Shmem:              1180 kB
Slab:             109736 kB
SReclaimable:      31668 kB
SUnreclaim:        78068 kB
KernelStack:       33424 kB
PageTables:        57420 kB
NFS_Unstable:          0 kB
Bounce:                0 kB
WritebackTmp:          0 kB
CommitLimit:     2684136 kB
Committed_AS:   139170116 kB
VmallocTotal:   251658176 kB
VmallocUsed:      322344 kB
VmallocChunk:   247561408 kB
Time pass: 160 sec

---2015-12-08 17:44:29
MemTotal:        2746844 kB
MemFree:          103204 kB
Buffers:            6196 kB
Cached:           704152 kB
SwapCached:         5120 kB
Active:           755900 kB
Inactive:         779968 kB
Active(anon):     409892 kB
Inactive(anon):   436116 kB
Active(file):     346008 kB
Inactive(file):   343852 kB
Unevictable:       35812 kB
Mlocked:           27768 kB
SwapTotal:       1310716 kB
SwapFree:        1190044 kB
Dirty:                60 kB
Writeback:             0 kB
AnonPages:        858632 kB
Mapped:           477404 kB
Shmem:              1380 kB
Slab:             109760 kB
SReclaimable:      31668 kB
SUnreclaim:        78092 kB
KernelStack:       33856 kB
PageTables:        57564 kB
NFS_Unstable:          0 kB
Bounce:                0 kB
WritebackTmp:          0 kB
CommitLimit:     2684136 kB
Committed_AS:   139174356 kB
VmallocTotal:   251658176 kB
VmallocUsed:      324416 kB
VmallocChunk:   247561408 kB
Time pass: 164 sec

---2015-12-08 17:44:29
MemTotal:        2746844 kB
MemFree:          102272 kB
Buffers:            6204 kB
Cached:           704508 kB
SwapCached:         5120 kB
Active:           756800 kB
Inactive:         780304 kB
Active(anon):     410788 kB
Inactive(anon):   436316 kB
Active(file):     346012 kB
Inactive(file):   343988 kB
Unevictable:       35812 kB
Mlocked:           27768 kB
SwapTotal:       1310716 kB
SwapFree:        1190044 kB
Dirty:                40 kB
Writeback:             0 kB
AnonPages:        859316 kB
Mapped:           477628 kB
Shmem:              1604 kB
Slab:             109856 kB
SReclaimable:      31668 kB
SUnreclaim:        78188 kB
KernelStack:       33824 kB
PageTables:        57584 kB
NFS_Unstable:          0 kB
Bounce:                0 kB
WritebackTmp:          0 kB
CommitLimit:     2684136 kB
Committed_AS:   139174356 kB
VmallocTotal:   251658176 kB
VmallocUsed:      320320 kB
VmallocChunk:   247561408 kB
Time pass: 167 sec

---2015-12-08 17:44:29
MemTotal:        2746844 kB
MemFree:          112388 kB
Buffers:            6204 kB
Cached:           704556 kB
SwapCached:         5120 kB
Active:           757640 kB
Inactive:         780352 kB
Active(anon):     411628 kB
Inactive(anon):   436364 kB
Active(file):     346012 kB
Inactive(file):   343988 kB
Unevictable:       35812 kB
Mlocked:           27768 kB
SwapTotal:       1310716 kB
SwapFree:        1190044 kB
Dirty:                44 kB
Writeback:             0 kB
AnonPages:        860184 kB
Mapped:           477688 kB
Shmem:              1652 kB
Slab:             109720 kB
SReclaimable:      31668 kB
SUnreclaim:        78052 kB
KernelStack:       33792 kB
PageTables:        57584 kB
NFS_Unstable:          0 kB
Bounce:                0 kB
WritebackTmp:          0 kB
CommitLimit:     2684136 kB
Committed_AS:   139174356 kB
VmallocTotal:   251658176 kB
VmallocUsed:      320320 kB
VmallocChunk:   247561408 kB
Time pass: 172 sec

---2015-12-08 17:44:29
MemTotal:        2746844 kB
MemFree:          103156 kB
Buffers:            6276 kB
Cached:           704348 kB
SwapCached:         5120 kB
Active:           768112 kB
Inactive:         779888 kB
Active(anon):     421828 kB
Inactive(anon):   436128 kB
Active(file):     346284 kB
Inactive(file):   343760 kB
Unevictable:       35812 kB
Mlocked:           27768 kB
SwapTotal:       1310716 kB
SwapFree:        1190060 kB
Dirty:                56 kB
Writeback:             0 kB
AnonPages:        869964 kB
Mapped:           477368 kB
Shmem:              1472 kB
Slab:             109664 kB
SReclaimable:      31636 kB
SUnreclaim:        78028 kB
KernelStack:       33712 kB
PageTables:        57492 kB
NFS_Unstable:          0 kB
Bounce:                0 kB
WritebackTmp:          0 kB
CommitLimit:     2684136 kB
Committed_AS:   139194984 kB
VmallocTotal:   251658176 kB
VmallocUsed:      332636 kB
VmallocChunk:   247561408 kB
Time pass: 176 sec

---2015-12-08 17:44:29
MemTotal:        2746844 kB
MemFree:           82668 kB
Buffers:            6324 kB
Cached:           715792 kB
SwapCached:         5120 kB
Active:           776180 kB
Inactive:         789988 kB
Active(anon):     428376 kB
Inactive(anon):   436196 kB
Active(file):     347804 kB
Inactive(file):   353792 kB
Unevictable:       35812 kB
Mlocked:           27768 kB
SwapTotal:       1310716 kB
SwapFree:        1190064 kB
Dirty:               108 kB
Writeback:             0 kB
AnonPages:        876396 kB
Mapped:           478040 kB
Shmem:              1516 kB
Slab:             109688 kB
SReclaimable:      31668 kB
SUnreclaim:        78020 kB
KernelStack:       33920 kB
PageTables:        57712 kB
NFS_Unstable:          0 kB
Bounce:                0 kB
WritebackTmp:          0 kB
CommitLimit:     2684136 kB
Committed_AS:   139194916 kB
VmallocTotal:   251658176 kB
VmallocUsed:      332636 kB
VmallocChunk:   247561408 kB
Time pass: 180 sec

---2015-12-08 17:44:29
MemTotal:        2746844 kB
MemFree:           82356 kB
Buffers:            6340 kB
Cached:           716248 kB
SwapCached:         5120 kB
Active:           776204 kB
Inactive:         790152 kB
Active(anon):     428248 kB
Inactive(anon):   436252 kB
Active(file):     347956 kB
Inactive(file):   353900 kB
Unevictable:       35812 kB
Mlocked:           27768 kB
SwapTotal:       1310716 kB
SwapFree:        1190064 kB
Dirty:                 0 kB
Writeback:             0 kB
AnonPages:        876668 kB
Mapped:           478224 kB
Shmem:              1624 kB
Slab:             109680 kB
SReclaimable:      31668 kB
SUnreclaim:        78012 kB
KernelStack:       33920 kB
PageTables:        57644 kB
NFS_Unstable:          0 kB
Bounce:                0 kB
WritebackTmp:          0 kB
CommitLimit:     2684136 kB
Committed_AS:   139199124 kB
VmallocTotal:   251658176 kB
VmallocUsed:      332636 kB
VmallocChunk:   247561408 kB
Time pass: 184 sec

---2015-12-08 17:44:29
MemTotal:        2746844 kB
MemFree:           81572 kB
Buffers:            6364 kB
Cached:           716260 kB
SwapCached:         5120 kB
Active:           776308 kB
Inactive:         789908 kB
Active(anon):     428352 kB
Inactive(anon):   435984 kB
Active(file):     347956 kB
Inactive(file):   353924 kB
Unevictable:       35812 kB
Mlocked:           27768 kB
SwapTotal:       1310716 kB
SwapFree:        1190068 kB
Dirty:                64 kB
Writeback:             0 kB
AnonPages:        876268 kB
Mapped:           478320 kB
Shmem:              1636 kB
Slab:             109680 kB
SReclaimable:      31668 kB
SUnreclaim:        78012 kB
KernelStack:       33920 kB
PageTables:        57672 kB
NFS_Unstable:          0 kB
Bounce:                0 kB
WritebackTmp:          0 kB
CommitLimit:     2684136 kB
Committed_AS:   139199260 kB
VmallocTotal:   251658176 kB
VmallocUsed:      332636 kB
VmallocChunk:   247561408 kB
Time pass: 187 sec

---2015-12-08 17:44:29
MemTotal:        2746844 kB
MemFree:           81276 kB
Buffers:            6380 kB
Cached:           716268 kB
SwapCached:         5120 kB
Active:           777652 kB
Inactive:         789936 kB
Active(anon):     429696 kB
Inactive(anon):   435996 kB
Active(file):     347956 kB
Inactive(file):   353940 kB
Unevictable:       35812 kB
Mlocked:           27768 kB
SwapTotal:       1310716 kB
SwapFree:        1190084 kB
Dirty:                64 kB
Writeback:             0 kB
AnonPages:        877404 kB
Mapped:           478328 kB
Shmem:              1644 kB
Slab:             109712 kB
SReclaimable:      31668 kB
SUnreclaim:        78044 kB
KernelStack:       33872 kB
PageTables:        57676 kB
NFS_Unstable:          0 kB
Bounce:                0 kB
WritebackTmp:          0 kB
CommitLimit:     2684136 kB
Committed_AS:   139199220 kB
VmallocTotal:   251658176 kB
VmallocUsed:      332636 kB
VmallocChunk:   247561408 kB
Time pass: 191 sec

---2015-12-08 17:44:29
MemTotal:        2746844 kB
MemFree:           80464 kB
Buffers:            6380 kB
Cached:           716272 kB
SwapCached:         5120 kB
Active:           778200 kB
Inactive:         789940 kB
Active(anon):     430244 kB
Inactive(anon):   436000 kB
Active(file):     347956 kB
Inactive(file):   353940 kB
Unevictable:       35812 kB
Mlocked:           27768 kB
SwapTotal:       1310716 kB
SwapFree:        1190084 kB
Dirty:                 0 kB
Writeback:             0 kB
AnonPages:        878108 kB
Mapped:           478268 kB
Shmem:              1648 kB
Slab:             109804 kB
SReclaimable:      31668 kB
SUnreclaim:        78136 kB
KernelStack:       33856 kB
PageTables:        57644 kB
NFS_Unstable:          0 kB
Bounce:                0 kB
WritebackTmp:          0 kB
CommitLimit:     2684136 kB
Committed_AS:   139199220 kB
VmallocTotal:   251658176 kB
VmallocUsed:      332636 kB
VmallocChunk:   247561408 kB
Time pass: 195 sec

---2015-12-08 17:44:29
MemTotal:        2746844 kB
MemFree:           79236 kB
Buffers:            6404 kB
Cached:           716308 kB
SwapCached:         5120 kB
Active:           786948 kB
Inactive:         784452 kB
Active(anon):     433556 kB
Inactive(anon):   436024 kB
Active(file):     353392 kB
Inactive(file):   348428 kB
Unevictable:       35812 kB
Mlocked:           27768 kB
SwapTotal:       1310716 kB
SwapFree:        1190084 kB
Dirty:                96 kB
Writeback:             0 kB
AnonPages:        881216 kB
Mapped:           478292 kB
Shmem:              1684 kB
Slab:             109788 kB
SReclaimable:      31668 kB
SUnreclaim:        78120 kB
KernelStack:       33856 kB
PageTables:        57612 kB
NFS_Unstable:          0 kB
Bounce:                0 kB
WritebackTmp:          0 kB
CommitLimit:     2684136 kB
Committed_AS:   139199108 kB
VmallocTotal:   251658176 kB
VmallocUsed:      332636 kB
VmallocChunk:   247561408 kB
Time pass: 199 sec

---2015-12-08 17:44:29
MemTotal:        2746844 kB
MemFree:           78616 kB
Buffers:            6404 kB
Cached:           716380 kB
SwapCached:         5120 kB
Active:           787476 kB
Inactive:         784532 kB
Active(anon):     433992 kB
Inactive(anon):   436096 kB
Active(file):     353484 kB
Inactive(file):   348436 kB
Unevictable:       35812 kB
Mlocked:           27768 kB
SwapTotal:       1310716 kB
SwapFree:        1190084 kB
Dirty:                 0 kB
Writeback:             0 kB
AnonPages:        881872 kB
Mapped:           478376 kB
Shmem:              1756 kB
Slab:             109700 kB
SReclaimable:      31668 kB
SUnreclaim:        78032 kB
KernelStack:       33888 kB
PageTables:        57644 kB
NFS_Unstable:          0 kB
Bounce:                0 kB
WritebackTmp:          0 kB
CommitLimit:     2684136 kB
Committed_AS:   139199064 kB
VmallocTotal:   251658176 kB
VmallocUsed:      332636 kB
VmallocChunk:   247561408 kB
Time pass: 203 sec

---2015-12-08 17:44:29
MemTotal:        2746844 kB
MemFree:           76720 kB
Buffers:            6428 kB
Cached:           716364 kB
SwapCached:         5120 kB
Active:           787976 kB
Inactive:         784532 kB
Active(anon):     434492 kB
Inactive(anon):   436096 kB
Active(file):     353484 kB
Inactive(file):   348436 kB
Unevictable:       35812 kB
Mlocked:           27768 kB
SwapTotal:       1310716 kB
SwapFree:        1190084 kB
Dirty:                52 kB
Writeback:             0 kB
AnonPages:        882160 kB
Mapped:           478376 kB
Shmem:              1756 kB
Slab:             109692 kB
SReclaimable:      31668 kB
SUnreclaim:        78024 kB
KernelStack:       33888 kB
PageTables:        57644 kB
NFS_Unstable:          0 kB
Bounce:                0 kB
WritebackTmp:          0 kB
CommitLimit:     2684136 kB
Committed_AS:   139199148 kB
VmallocTotal:   251658176 kB
VmallocUsed:      332636 kB
VmallocChunk:   247561408 kB
Time pass: 206 sec

---2015-12-08 17:44:29
MemTotal:        2746844 kB
MemFree:           76964 kB
Buffers:            6428 kB
Cached:           716380 kB
SwapCached:         5120 kB
Active:           788104 kB
Inactive:         784544 kB
Active(anon):     434620 kB
Inactive(anon):   436084 kB
Active(file):     353484 kB
Inactive(file):   348460 kB
Unevictable:       35812 kB
Mlocked:           27768 kB
SwapTotal:       1310716 kB
SwapFree:        1190084 kB
Dirty:                 0 kB
Writeback:             0 kB
AnonPages:        882544 kB
Mapped:           478460 kB
Shmem:              1756 kB
Slab:             109668 kB
SReclaimable:      31668 kB
SUnreclaim:        78000 kB
KernelStack:       33888 kB
PageTables:        57672 kB
NFS_Unstable:          0 kB
Bounce:                0 kB
WritebackTmp:          0 kB
CommitLimit:     2684136 kB
Committed_AS:   139199180 kB
VmallocTotal:   251658176 kB
VmallocUsed:      332636 kB
VmallocChunk:   247561408 kB
Time pass: 210 sec

---2015-12-08 17:44:29
MemTotal:        2746844 kB
MemFree:           76380 kB
Buffers:            6436 kB
Cached:           716380 kB
SwapCached:         5120 kB
Active:           787992 kB
Inactive:         784540 kB
Active(anon):     434504 kB
Inactive(anon):   436084 kB
Active(file):     353488 kB
Inactive(file):   348456 kB
Unevictable:       35812 kB
Mlocked:           27768 kB
SwapTotal:       1310716 kB
SwapFree:        1190084 kB
Dirty:                36 kB
Writeback:             0 kB
AnonPages:        882708 kB
Mapped:           478548 kB
Shmem:              1756 kB
Slab:             109652 kB
SReclaimable:      31668 kB
SUnreclaim:        77984 kB
KernelStack:       33888 kB
PageTables:        57736 kB
NFS_Unstable:          0 kB
Bounce:                0 kB
WritebackTmp:          0 kB
CommitLimit:     2684136 kB
Committed_AS:   139199180 kB
VmallocTotal:   251658176 kB
VmallocUsed:      332636 kB
VmallocChunk:   247561408 kB
Time pass: 213 sec

---2015-12-08 17:44:29
MemTotal:        2746844 kB
MemFree:           73332 kB
Buffers:            6452 kB
Cached:           716384 kB
SwapCached:         5120 kB
Active:           791580 kB
Inactive:         784572 kB
Active(anon):     438092 kB
Inactive(anon):   436092 kB
Active(file):     353488 kB
Inactive(file):   348480 kB
Unevictable:       35812 kB
Mlocked:           27768 kB
SwapTotal:       1310716 kB
SwapFree:        1190088 kB
Dirty:                 0 kB
Writeback:             0 kB
AnonPages:        886208 kB
Mapped:           478164 kB
Shmem:              1760 kB
Slab:             109652 kB
SReclaimable:      31668 kB
SUnreclaim:        77984 kB
KernelStack:       34048 kB
PageTables:        57540 kB
NFS_Unstable:          0 kB
Bounce:                0 kB
WritebackTmp:          0 kB
CommitLimit:     2684136 kB
Committed_AS:   139199136 kB
VmallocTotal:   251658176 kB
VmallocUsed:      332636 kB
VmallocChunk:   247561408 kB
Time pass: 217 sec

---2015-12-08 17:44:29
MemTotal:        2746844 kB
MemFree:           71148 kB
Buffers:            6468 kB
Cached:           719320 kB
SwapCached:         5116 kB
Active:           792608 kB
Inactive:         787384 kB
Active(anon):     439116 kB
Inactive(anon):   436080 kB
Active(file):     353492 kB
Inactive(file):   351304 kB
Unevictable:       35812 kB
Mlocked:           27768 kB
SwapTotal:       1310716 kB
SwapFree:        1190092 kB
Dirty:               136 kB
Writeback:             0 kB
AnonPages:        887100 kB
Mapped:           478520 kB
Shmem:              1760 kB
Slab:             109648 kB
SReclaimable:      31668 kB
SUnreclaim:        77980 kB
KernelStack:       33936 kB
PageTables:        57656 kB
NFS_Unstable:          0 kB
Bounce:                0 kB
WritebackTmp:          0 kB
CommitLimit:     2684136 kB
Committed_AS:   139203192 kB
VmallocTotal:   251658176 kB
VmallocUsed:      332636 kB
VmallocChunk:   247561408 kB
Time pass: 220 sec

---2015-12-08 17:44:29
MemTotal:        2746844 kB
MemFree:           69704 kB
Buffers:            6468 kB
Cached:           719332 kB
SwapCached:         5116 kB
Active:           792264 kB
Inactive:         787520 kB
Active(anon):     438772 kB
Inactive(anon):   436092 kB
Active(file):     353492 kB
Inactive(file):   351428 kB
Unevictable:       35812 kB
Mlocked:           27768 kB
SwapTotal:       1310716 kB
SwapFree:        1190092 kB
Dirty:                24 kB
Writeback:             0 kB
AnonPages:        886780 kB
Mapped:           478616 kB
Shmem:              1772 kB
Slab:             109644 kB
SReclaimable:      31668 kB
SUnreclaim:        77976 kB
KernelStack:       33936 kB
PageTables:        57684 kB
NFS_Unstable:          0 kB
Bounce:                0 kB
WritebackTmp:          0 kB
CommitLimit:     2684136 kB
Committed_AS:   139203216 kB
VmallocTotal:   251658176 kB
VmallocUsed:      332636 kB
VmallocChunk:   247561408 kB
Time pass: 224 sec

---2015-12-08 17:44:29
MemTotal:        2746844 kB
MemFree:           69544 kB
Buffers:            6492 kB
Cached:           719344 kB
SwapCached:         5116 kB
Active:           792332 kB
Inactive:         787548 kB
Active(anon):     438840 kB
Inactive(anon):   436096 kB
Active(file):     353492 kB
Inactive(file):   351452 kB
Unevictable:       35812 kB
Mlocked:           27768 kB
SwapTotal:       1310716 kB
SwapFree:        1190108 kB
Dirty:               108 kB
Writeback:             0 kB
AnonPages:        887004 kB
Mapped:           478544 kB
Shmem:              1784 kB
Slab:             109676 kB
SReclaimable:      31668 kB
SUnreclaim:        78008 kB
KernelStack:       33920 kB
PageTables:        57656 kB
NFS_Unstable:          0 kB
Bounce:                0 kB
WritebackTmp:          0 kB
CommitLimit:     2684136 kB
Committed_AS:   139203248 kB
VmallocTotal:   251658176 kB
VmallocUsed:      332636 kB
VmallocChunk:   247561408 kB
Time pass: 228 sec

---2015-12-08 17:44:29
MemTotal:        2746844 kB
MemFree:           68588 kB
Buffers:            6500 kB
Cached:           719560 kB
SwapCached:         5116 kB
Active:           793204 kB
Inactive:         787728 kB
Active(anon):     439712 kB
Inactive(anon):   436276 kB
Active(file):     353492 kB
Inactive(file):   351452 kB
Unevictable:       35812 kB
Mlocked:           27768 kB
SwapTotal:       1310716 kB
SwapFree:        1190108 kB
Dirty:                 0 kB
Writeback:             0 kB
AnonPages:        888028 kB
Mapped:           478852 kB
Shmem:              2008 kB
Slab:             109676 kB
SReclaimable:      31668 kB
SUnreclaim:        78008 kB
KernelStack:       33920 kB
PageTables:        57688 kB
NFS_Unstable:          0 kB
Bounce:                0 kB
WritebackTmp:          0 kB
CommitLimit:     2684136 kB
Committed_AS:   139203324 kB
VmallocTotal:   251658176 kB
VmallocUsed:      332636 kB
VmallocChunk:   247561408 kB
Time pass: 231 sec

---2015-12-08 17:44:29
MemTotal:        2746844 kB
MemFree:           68480 kB
Buffers:            6516 kB
Cached:           719568 kB
SwapCached:         5116 kB
Active:           793176 kB
Inactive:         787688 kB
Active(anon):     439684 kB
Inactive(anon):   436228 kB
Active(file):     353492 kB
Inactive(file):   351460 kB
Unevictable:       35812 kB
Mlocked:           27768 kB
SwapTotal:       1310716 kB
SwapFree:        1190108 kB
Dirty:                64 kB
Writeback:             0 kB
AnonPages:        887492 kB
Mapped:           478852 kB
Shmem:              2008 kB
Slab:             109676 kB
SReclaimable:      31668 kB
SUnreclaim:        78008 kB
KernelStack:       33920 kB
PageTables:        57684 kB
NFS_Unstable:          0 kB
Bounce:                0 kB
WritebackTmp:          0 kB
CommitLimit:     2684136 kB
Committed_AS:   139203308 kB
VmallocTotal:   251658176 kB
VmallocUsed:      332636 kB
VmallocChunk:   247561408 kB
Time pass: 235 sec

---2015-12-08 17:44:29
MemTotal:        2746844 kB
MemFree:           74176 kB
Buffers:            6552 kB
Cached:           716668 kB
SwapCached:         5120 kB
Active:           789404 kB
Inactive:         788824 kB
Active(anon):     435600 kB
Inactive(anon):   440536 kB
Active(file):     353804 kB
Inactive(file):   348288 kB
Unevictable:       35812 kB
Mlocked:           27768 kB
SwapTotal:       1310716 kB
SwapFree:        1188144 kB
Dirty:                16 kB
Writeback:             0 kB
AnonPages:        888560 kB
Mapped:           478672 kB
Shmem:              2008 kB
Slab:             109696 kB
SReclaimable:      31668 kB
SUnreclaim:        78028 kB
KernelStack:       33600 kB
PageTables:        57616 kB
NFS_Unstable:          0 kB
Bounce:                0 kB
WritebackTmp:          0 kB
CommitLimit:     2684136 kB
Committed_AS:   139203212 kB
VmallocTotal:   251658176 kB
VmallocUsed:      332636 kB
VmallocChunk:   247561408 kB
Time pass: 239 sec

---2015-12-08 17:44:29
MemTotal:        2746844 kB
MemFree:           76600 kB
Buffers:            6576 kB
Cached:           716640 kB
SwapCached:         5120 kB
Active:           789440 kB
Inactive:         788836 kB
Active(anon):     435648 kB
Inactive(anon):   440532 kB
Active(file):     353792 kB
Inactive(file):   348304 kB
Unevictable:       35812 kB
Mlocked:           27768 kB
SwapTotal:       1310716 kB
SwapFree:        1188148 kB
Dirty:                36 kB
Writeback:             0 kB
AnonPages:        887972 kB
Mapped:           478480 kB
Shmem:              2008 kB
Slab:             109736 kB
SReclaimable:      31668 kB
SUnreclaim:        78068 kB
KernelStack:       33856 kB
PageTables:        57640 kB
NFS_Unstable:          0 kB
Bounce:                0 kB
WritebackTmp:          0 kB
CommitLimit:     2684136 kB
Committed_AS:   139203140 kB
VmallocTotal:   251658176 kB
VmallocUsed:      332636 kB
VmallocChunk:   247561408 kB
Time pass: 242 sec

---2015-12-08 17:44:29
MemTotal:        2746844 kB
MemFree:           73824 kB
Buffers:            6576 kB
Cached:           716664 kB
SwapCached:         5120 kB
Active:           792012 kB
Inactive:         788868 kB
Active(anon):     438220 kB
Inactive(anon):   440536 kB
Active(file):     353792 kB
Inactive(file):   348332 kB
Unevictable:       35812 kB
Mlocked:           27768 kB
SwapTotal:       1310716 kB
SwapFree:        1188148 kB
Dirty:                88 kB
Writeback:             0 kB
AnonPages:        890600 kB
Mapped:           478720 kB
Shmem:              2008 kB
Slab:             109696 kB
SReclaimable:      31668 kB
SUnreclaim:        78028 kB
KernelStack:       33872 kB
PageTables:        57660 kB
NFS_Unstable:          0 kB
Bounce:                0 kB
WritebackTmp:          0 kB
CommitLimit:     2684136 kB
Committed_AS:   139203220 kB
VmallocTotal:   251658176 kB
VmallocUsed:      332636 kB
VmallocChunk:   247561408 kB
Time pass: 246 sec

---2015-12-08 17:44:29
MemTotal:        2746844 kB
MemFree:           76904 kB
Buffers:            6584 kB
Cached:           716664 kB
SwapCached:         5120 kB
Active:           790068 kB
Inactive:         788868 kB
Active(anon):     436276 kB
Inactive(anon):   440536 kB
Active(file):     353792 kB
Inactive(file):   348332 kB
Unevictable:       35812 kB
Mlocked:           27768 kB
SwapTotal:       1310716 kB
SwapFree:        1188148 kB
Dirty:                32 kB
Writeback:             0 kB
AnonPages:        888664 kB
Mapped:           478720 kB
Shmem:              2008 kB
Slab:             109696 kB
SReclaimable:      31668 kB
SUnreclaim:        78028 kB
KernelStack:       33840 kB
PageTables:        57660 kB
NFS_Unstable:          0 kB
Bounce:                0 kB
WritebackTmp:          0 kB
CommitLimit:     2684136 kB
Committed_AS:   139203164 kB
VmallocTotal:   251658176 kB
VmallocUsed:      332636 kB
VmallocChunk:   247561408 kB
Time pass: 249 sec

---2015-12-08 17:44:29
MemTotal:        2746844 kB
MemFree:           76288 kB
Buffers:            6608 kB
Cached:           716712 kB
SwapCached:         5120 kB
Active:           790604 kB
Inactive:         788940 kB
Active(anon):     436812 kB
Inactive(anon):   440528 kB
Active(file):     353792 kB
Inactive(file):   348412 kB
Unevictable:       35812 kB
Mlocked:           27768 kB
SwapTotal:       1310716 kB
SwapFree:        1188152 kB
Dirty:                68 kB
Writeback:             0 kB
AnonPages:        888884 kB
Mapped:           478808 kB
Shmem:              2008 kB
Slab:             109644 kB
SReclaimable:      31668 kB
SUnreclaim:        77976 kB
KernelStack:       33888 kB
PageTables:        57692 kB
NFS_Unstable:          0 kB
Bounce:                0 kB
WritebackTmp:          0 kB
CommitLimit:     2684136 kB
Committed_AS:   139207724 kB
VmallocTotal:   251658176 kB
VmallocUsed:      332636 kB
VmallocChunk:   247561408 kB
Time pass: 253 sec

---2015-12-08 17:44:29
MemTotal:        2746844 kB
MemFree:           74480 kB
Buffers:            6616 kB
Cached:           716712 kB
SwapCached:         5120 kB
Active:           791964 kB
Inactive:         788484 kB
Active(anon):     438164 kB
Inactive(anon):   440072 kB
Active(file):     353800 kB
Inactive(file):   348412 kB
Unevictable:       35812 kB
Mlocked:           27768 kB
SwapTotal:       1310716 kB
SwapFree:        1188164 kB
Dirty:                96 kB
Writeback:             0 kB
AnonPages:        890352 kB
Mapped:           478768 kB
Shmem:              2008 kB
Slab:             109660 kB
SReclaimable:      31668 kB
SUnreclaim:        77992 kB
KernelStack:       33872 kB
PageTables:        57624 kB
NFS_Unstable:          0 kB
Bounce:                0 kB
WritebackTmp:          0 kB
CommitLimit:     2684136 kB
Committed_AS:   139207724 kB
VmallocTotal:   251658176 kB
VmallocUsed:      332636 kB
VmallocChunk:   247561408 kB
Time pass: 256 sec

---2015-12-08 17:44:29
MemTotal:        2746844 kB
MemFree:           73644 kB
Buffers:            6632 kB
Cached:           716712 kB
SwapCached:         5120 kB
Active:           792584 kB
Inactive:         788468 kB
Active(anon):     438776 kB
Inactive(anon):   440056 kB
Active(file):     353808 kB
Inactive(file):   348412 kB
Unevictable:       35812 kB
Mlocked:           27768 kB
SwapTotal:       1310716 kB
SwapFree:        1188168 kB
Dirty:               124 kB
Writeback:             0 kB
AnonPages:        890576 kB
Mapped:           478736 kB
Shmem:              2008 kB
Slab:             109644 kB
SReclaimable:      31668 kB
SUnreclaim:        77976 kB
KernelStack:       33888 kB
PageTables:        57692 kB
NFS_Unstable:          0 kB
Bounce:                0 kB
WritebackTmp:          0 kB
CommitLimit:     2684136 kB
Committed_AS:   139207764 kB
VmallocTotal:   251658176 kB
VmallocUsed:      332636 kB
VmallocChunk:   247561408 kB
Time pass: 260 sec

---2015-12-08 17:44:29
MemTotal:        2746844 kB
MemFree:           74636 kB
Buffers:            6648 kB
Cached:           716712 kB
SwapCached:         5120 kB
Active:           791628 kB
Inactive:         788296 kB
Active(anon):     437832 kB
Inactive(anon):   439856 kB
Active(file):     353796 kB
Inactive(file):   348440 kB
Unevictable:       35812 kB
Mlocked:           27768 kB
SwapTotal:       1310716 kB
SwapFree:        1188176 kB
Dirty:                64 kB
Writeback:             0 kB
AnonPages:        889488 kB
Mapped:           478728 kB
Shmem:              2008 kB
Slab:             109692 kB
SReclaimable:      31668 kB
SUnreclaim:        78024 kB
KernelStack:       33888 kB
PageTables:        57664 kB
NFS_Unstable:          0 kB
Bounce:                0 kB
WritebackTmp:          0 kB
CommitLimit:     2684136 kB
Committed_AS:   139207772 kB
VmallocTotal:   251658176 kB
VmallocUsed:      332636 kB
VmallocChunk:   247561408 kB
Time pass: 263 sec

---2015-12-08 17:44:29
MemTotal:        2746844 kB
MemFree:           74832 kB
Buffers:            6648 kB
Cached:           716712 kB
SwapCached:         5120 kB
Active:           792424 kB
Inactive:         788300 kB
Active(anon):     438628 kB
Inactive(anon):   439852 kB
Active(file):     353796 kB
Inactive(file):   348448 kB
Unevictable:       35812 kB
Mlocked:           27768 kB
SwapTotal:       1310716 kB
SwapFree:        1188176 kB
Dirty:                 0 kB
Writeback:             0 kB
AnonPages:        889828 kB
Mapped:           478812 kB
Shmem:              2008 kB
Slab:             109692 kB
SReclaimable:      31668 kB
SUnreclaim:        78024 kB
KernelStack:       33904 kB
PageTables:        57692 kB
NFS_Unstable:          0 kB
Bounce:                0 kB
WritebackTmp:          0 kB
CommitLimit:     2684136 kB
Committed_AS:   139207748 kB
VmallocTotal:   251658176 kB
VmallocUsed:      332636 kB
VmallocChunk:   247561408 kB
Time pass: 267 sec

---2015-12-08 17:44:29
MemTotal:        2746844 kB
MemFree:           74192 kB
Buffers:            6672 kB
Cached:           716712 kB
SwapCached:         5120 kB
Active:           792660 kB
Inactive:         788324 kB
Active(anon):     438864 kB
Inactive(anon):   439860 kB
Active(file):     353796 kB
Inactive(file):   348464 kB
Unevictable:       35812 kB
Mlocked:           27768 kB
SwapTotal:       1310716 kB
SwapFree:        1188188 kB
Dirty:                56 kB
Writeback:             0 kB
AnonPages:        890600 kB
Mapped:           478728 kB
Shmem:              2008 kB
Slab:             109692 kB
SReclaimable:      31652 kB
SUnreclaim:        78040 kB
KernelStack:       33888 kB
PageTables:        57672 kB
NFS_Unstable:          0 kB
Bounce:                0 kB
WritebackTmp:          0 kB
CommitLimit:     2684136 kB
Committed_AS:   139211892 kB
VmallocTotal:   251658176 kB
VmallocUsed:      332636 kB
VmallocChunk:   247561408 kB
Time pass: 271 sec

---2015-12-08 17:44:29
MemTotal:        2746844 kB
MemFree:           71732 kB
Buffers:            6672 kB
Cached:           716708 kB
SwapCached:         5120 kB
Active:           795392 kB
Inactive:         788276 kB
Active(anon):     441588 kB
Inactive(anon):   439816 kB
Active(file):     353804 kB
Inactive(file):   348460 kB
Unevictable:       35812 kB
Mlocked:           27768 kB
SwapTotal:       1310716 kB
SwapFree:        1188188 kB
Dirty:                16 kB
Writeback:             0 kB
AnonPages:        893232 kB
Mapped:           478708 kB
Shmem:              2008 kB
Slab:             109660 kB
SReclaimable:      31652 kB
SUnreclaim:        78008 kB
KernelStack:       33872 kB
PageTables:        57632 kB
NFS_Unstable:          0 kB
Bounce:                0 kB
WritebackTmp:          0 kB
CommitLimit:     2684136 kB
Committed_AS:   139211740 kB
VmallocTotal:   251658176 kB
VmallocUsed:      332636 kB
VmallocChunk:   247561408 kB
Time pass: 275 sec

---2015-12-08 17:44:29
MemTotal:        2746844 kB
MemFree:           70836 kB
Buffers:            6696 kB
Cached:           716692 kB
SwapCached:         5120 kB
Active:           796336 kB
Inactive:         788180 kB
Active(anon):     442532 kB
Inactive(anon):   439720 kB
Active(file):     353804 kB
Inactive(file):   348460 kB
Unevictable:       35812 kB
Mlocked:           27768 kB
SwapTotal:       1310716 kB
SwapFree:        1188232 kB
Dirty:                80 kB
Writeback:             0 kB
AnonPages:        893652 kB
Mapped:           478804 kB
Shmem:              2008 kB
Slab:             109644 kB
SReclaimable:      31652 kB
SUnreclaim:        77992 kB
KernelStack:       33872 kB
PageTables:        57664 kB
NFS_Unstable:          0 kB
Bounce:                0 kB
WritebackTmp:          0 kB
CommitLimit:     2684136 kB
Committed_AS:   139211776 kB
VmallocTotal:   251658176 kB
VmallocUsed:      332636 kB
VmallocChunk:   247561408 kB
Time pass: 278 sec

---2015-12-08 17:44:29
MemTotal:        2746844 kB
MemFree:           71012 kB
Buffers:            6696 kB
Cached:           716712 kB
SwapCached:         5120 kB
Active:           795608 kB
Inactive:         788220 kB
Active(anon):     441812 kB
Inactive(anon):   439728 kB
Active(file):     353796 kB
Inactive(file):   348492 kB
Unevictable:       35812 kB
Mlocked:           27768 kB
SwapTotal:       1310716 kB
SwapFree:        1188236 kB
Dirty:                 0 kB
Writeback:             0 kB
AnonPages:        892876 kB
Mapped:           478952 kB
Shmem:              2008 kB
Slab:             109668 kB
SReclaimable:      31652 kB
SUnreclaim:        78016 kB
KernelStack:       33840 kB
PageTables:        57696 kB
NFS_Unstable:          0 kB
Bounce:                0 kB
WritebackTmp:          0 kB
CommitLimit:     2684136 kB
Committed_AS:   139211808 kB
VmallocTotal:   251658176 kB
VmallocUsed:      332636 kB
VmallocChunk:   247561408 kB
Time pass: 281 sec

---2015-12-08 17:44:29
MemTotal:        2746844 kB
MemFree:           71132 kB
Buffers:            6704 kB
Cached:           716720 kB
SwapCached:         5120 kB
Active:           795332 kB
Inactive:         788232 kB
Active(anon):     441532 kB
Inactive(anon):   439728 kB
Active(file):     353800 kB
Inactive(file):   348504 kB
Unevictable:       35812 kB
Mlocked:           27768 kB
SwapTotal:       1310716 kB
SwapFree:        1188468 kB
Dirty:                52 kB
Writeback:             0 kB
AnonPages:        893032 kB
Mapped:           478820 kB
Shmem:              2008 kB
Slab:             109748 kB
SReclaimable:      31652 kB
SUnreclaim:        78096 kB
KernelStack:       33808 kB
PageTables:        57624 kB
NFS_Unstable:          0 kB
Bounce:                0 kB
WritebackTmp:          0 kB
CommitLimit:     2684136 kB
Committed_AS:   139207376 kB
VmallocTotal:   251658176 kB
VmallocUsed:      332636 kB
VmallocChunk:   247561408 kB
Time pass: 285 sec

---2015-12-08 17:44:29
MemTotal:        2746844 kB
MemFree:           64412 kB
Buffers:            6720 kB
Cached:           722524 kB
SwapCached:         5128 kB
Active:           793876 kB
Inactive:         795432 kB
Active(anon):     440076 kB
Inactive(anon):   441276 kB
Active(file):     353800 kB
Inactive(file):   354156 kB
Unevictable:       35812 kB
Mlocked:           27768 kB
SwapTotal:       1310716 kB
SwapFree:        1188436 kB
Dirty:                64 kB
Writeback:             0 kB
AnonPages:        893016 kB
Mapped:           479260 kB
Shmem:              2008 kB
Slab:             109708 kB
SReclaimable:      31652 kB
SUnreclaim:        78056 kB
KernelStack:       33872 kB
PageTables:        57668 kB
NFS_Unstable:          0 kB
Bounce:                0 kB
WritebackTmp:          0 kB
CommitLimit:     2684136 kB
Committed_AS:   139207608 kB
VmallocTotal:   251658176 kB
VmallocUsed:      332636 kB
VmallocChunk:   247561408 kB
Time pass: 289 sec

---2015-12-08 17:44:29
MemTotal:        2746844 kB
MemFree:           67752 kB
Buffers:            6728 kB
Cached:           721464 kB
SwapCached:         5128 kB
Active:           796180 kB
Inactive:         791176 kB
Active(anon):     440064 kB
Inactive(anon):   440076 kB
Active(file):     356116 kB
Inactive(file):   351100 kB
Unevictable:       35812 kB
Mlocked:           27768 kB
SwapTotal:       1310716 kB
SwapFree:        1187404 kB
Dirty:                52 kB
Writeback:             0 kB
AnonPages:        893104 kB
Mapped:           479620 kB
Shmem:              2008 kB
Slab:             109680 kB
SReclaimable:      31652 kB
SUnreclaim:        78028 kB
KernelStack:       33872 kB
PageTables:        57700 kB
NFS_Unstable:          0 kB
Bounce:                0 kB
WritebackTmp:          0 kB
CommitLimit:     2684136 kB
Committed_AS:   139207676 kB
VmallocTotal:   251658176 kB
VmallocUsed:      332636 kB
VmallocChunk:   247561408 kB
Time pass: 292 sec

---2015-12-08 17:44:29
MemTotal:        2746844 kB
MemFree:           76144 kB
Buffers:            6744 kB
Cached:           719848 kB
SwapCached:         5152 kB
Active:           792376 kB
Inactive:         791056 kB
Active(anon):     435684 kB
Inactive(anon):   442072 kB
Active(file):     356692 kB
Inactive(file):   348984 kB
Unevictable:       35812 kB
Mlocked:           27768 kB
SwapTotal:       1310716 kB
SwapFree:        1185860 kB
Dirty:               116 kB
Writeback:             0 kB
AnonPages:        889676 kB
Mapped:           478920 kB
Shmem:              2008 kB
Slab:             109680 kB
SReclaimable:      31652 kB
SUnreclaim:        78028 kB
KernelStack:       33840 kB
PageTables:        57664 kB
NFS_Unstable:          0 kB
Bounce:                0 kB
WritebackTmp:          0 kB
CommitLimit:     2684136 kB
Committed_AS:   139207732 kB
VmallocTotal:   251658176 kB
VmallocUsed:      332636 kB
VmallocChunk:   247561408 kB
Time pass: 296 sec

---2015-12-08 17:44:29
MemTotal:        2746844 kB
MemFree:           75680 kB
Buffers:            6752 kB
Cached:           719632 kB
SwapCached:         5152 kB
Active:           792556 kB
Inactive:         790284 kB
Active(anon):     435968 kB
Inactive(anon):   441604 kB
Active(file):     356588 kB
Inactive(file):   348680 kB
Unevictable:       35812 kB
Mlocked:           27768 kB
SwapTotal:       1310716 kB
SwapFree:        1185860 kB
Dirty:                 0 kB
Writeback:             0 kB
AnonPages:        889016 kB
Mapped:           478880 kB
Shmem:              2008 kB
Slab:             109684 kB
SReclaimable:      31652 kB
SUnreclaim:        78032 kB
KernelStack:       33872 kB
PageTables:        57696 kB
NFS_Unstable:          0 kB
Bounce:                0 kB
WritebackTmp:          0 kB
CommitLimit:     2684136 kB
Committed_AS:   139207672 kB
VmallocTotal:   251658176 kB
VmallocUsed:      332636 kB
VmallocChunk:   247561408 kB
Time pass: 300 sec

---2015-12-08 17:44:29
MemTotal:        2746844 kB
MemFree:           75576 kB
Buffers:            6768 kB
Cached:           719640 kB
SwapCached:         5152 kB
Active:           793028 kB
Inactive:         790284 kB
Active(anon):     436440 kB
Inactive(anon):   441580 kB
Active(file):     356588 kB
Inactive(file):   348704 kB
Unevictable:       35812 kB
Mlocked:           27768 kB
SwapTotal:       1310716 kB
SwapFree:        1185860 kB
Dirty:                60 kB
Writeback:             0 kB
AnonPages:        889464 kB
Mapped:           478880 kB
Shmem:              2008 kB
Slab:             109684 kB
SReclaimable:      31652 kB
SUnreclaim:        78032 kB
KernelStack:       33872 kB
PageTables:        57696 kB
NFS_Unstable:          0 kB
Bounce:                0 kB
WritebackTmp:          0 kB
CommitLimit:     2684136 kB
Committed_AS:   139207632 kB
VmallocTotal:   251658176 kB
VmallocUsed:      332636 kB
VmallocChunk:   247561408 kB
Time pass: 303 sec

---2015-12-08 17:44:29
MemTotal:        2746844 kB
MemFree:           74900 kB
Buffers:            6784 kB
Cached:           719644 kB
SwapCached:         5152 kB
Active:           793180 kB
Inactive:         790284 kB
Active(anon):     436588 kB
Inactive(anon):   441580 kB
Active(file):     356592 kB
Inactive(file):   348704 kB
Unevictable:       35812 kB
Mlocked:           27768 kB
SwapTotal:       1310716 kB
SwapFree:        1185864 kB
Dirty:                44 kB
Writeback:             0 kB
AnonPages:        889660 kB
Mapped:           478796 kB
Shmem:              2008 kB
Slab:             109700 kB
SReclaimable:      31652 kB
SUnreclaim:        78048 kB
KernelStack:       33888 kB
PageTables:        57668 kB
NFS_Unstable:          0 kB
Bounce:                0 kB
WritebackTmp:          0 kB
CommitLimit:     2684136 kB
Committed_AS:   139207708 kB
VmallocTotal:   251658176 kB
VmallocUsed:      332636 kB
VmallocChunk:   247561408 kB
Time pass: 307 sec

---2015-12-08 17:44:29
MemTotal:        2746844 kB
MemFree:           73508 kB
Buffers:            6784 kB
Cached:           719640 kB
SwapCached:         5152 kB
Active:           793436 kB
Inactive:         790300 kB
Active(anon):     436848 kB
Inactive(anon):   441580 kB
Active(file):     356588 kB
Inactive(file):   348720 kB
Unevictable:       35812 kB
Mlocked:           27768 kB
SwapTotal:       1310716 kB
SwapFree:        1185864 kB
Dirty:                44 kB
Writeback:             0 kB
AnonPages:        890056 kB
Mapped:           478796 kB
Shmem:              2008 kB
Slab:             109692 kB
SReclaimable:      31652 kB
SUnreclaim:        78040 kB
KernelStack:       33872 kB
PageTables:        57668 kB
NFS_Unstable:          0 kB
Bounce:                0 kB
WritebackTmp:          0 kB
CommitLimit:     2684136 kB
Committed_AS:   139207684 kB
VmallocTotal:   251658176 kB
VmallocUsed:      332636 kB
VmallocChunk:   247561408 kB
Time pass: 311 sec

---2015-12-08 17:44:29
MemTotal:        2746844 kB
MemFree:           73236 kB
Buffers:            6808 kB
Cached:           719640 kB
SwapCached:         5152 kB
Active:           795876 kB
Inactive:         790324 kB
Active(anon):     439288 kB
Inactive(anon):   441580 kB
Active(file):     356588 kB
Inactive(file):   348744 kB
Unevictable:       35812 kB
Mlocked:           27768 kB
SwapTotal:       1310716 kB
SwapFree:        1185864 kB
Dirty:               112 kB
Writeback:             0 kB
AnonPages:        892676 kB
Mapped:           478608 kB
Shmem:              2008 kB
Slab:             109732 kB
SReclaimable:      31652 kB
SUnreclaim:        78080 kB
KernelStack:       33856 kB
PageTables:        57656 kB
NFS_Unstable:          0 kB
Bounce:                0 kB
WritebackTmp:          0 kB
CommitLimit:     2684136 kB
Committed_AS:   139207564 kB
VmallocTotal:   251658176 kB
VmallocUsed:      332636 kB
VmallocChunk:   247561408 kB
Time pass: 315 sec

---2015-12-08 17:44:29
MemTotal:        2746844 kB
MemFree:           73100 kB
Buffers:            6808 kB
Cached:           719640 kB
SwapCached:         5152 kB
Active:           795536 kB
Inactive:         790324 kB
Active(anon):     438948 kB
Inactive(anon):   441580 kB
Active(file):     356588 kB
Inactive(file):   348744 kB
Unevictable:       35812 kB
Mlocked:           27768 kB
SwapTotal:       1310716 kB
SwapFree:        1185864 kB
Dirty:                 0 kB
Writeback:             0 kB
AnonPages:        892156 kB
Mapped:           478796 kB
Shmem:              2008 kB
Slab:             109724 kB
SReclaimable:      31652 kB
SUnreclaim:        78072 kB
KernelStack:       33856 kB
PageTables:        57672 kB
NFS_Unstable:          0 kB
Bounce:                0 kB
WritebackTmp:          0 kB
CommitLimit:     2684136 kB
Committed_AS:   139207596 kB
VmallocTotal:   251658176 kB
VmallocUsed:      332636 kB
VmallocChunk:   247561408 kB
Time pass: 318 sec

---2015-12-08 17:44:29
MemTotal:        2746844 kB
MemFree:           72228 kB
Buffers:            6832 kB
Cached:           719624 kB
SwapCached:         5152 kB
Active:           796476 kB
Inactive:         790332 kB
Active(anon):     439888 kB
Inactive(anon):   441580 kB
Active(file):     356588 kB
Inactive(file):   348752 kB
Unevictable:       35812 kB
Mlocked:           27768 kB
SwapTotal:       1310716 kB
SwapFree:        1185864 kB
Dirty:                52 kB
Writeback:             0 kB
AnonPages:        892768 kB
Mapped:           478880 kB
Shmem:              2008 kB
Slab:             109692 kB
SReclaimable:      31652 kB
SUnreclaim:        78040 kB
KernelStack:       33920 kB
PageTables:        57704 kB
NFS_Unstable:          0 kB
Bounce:                0 kB
WritebackTmp:          0 kB
CommitLimit:     2684136 kB
Committed_AS:   139207712 kB
VmallocTotal:   251658176 kB
VmallocUsed:      332636 kB
VmallocChunk:   247561408 kB
Time pass: 322 sec

---2015-12-08 17:44:29
MemTotal:        2746844 kB
MemFree:           72332 kB
Buffers:            6872 kB
Cached:           719640 kB
SwapCached:         5152 kB
Active:           796444 kB
Inactive:         790372 kB
Active(anon):     439856 kB
Inactive(anon):   441564 kB
Active(file):     356588 kB
Inactive(file):   348808 kB
Unevictable:       35812 kB
Mlocked:           27768 kB
SwapTotal:       1310716 kB
SwapFree:        1185864 kB
Dirty:                72 kB
Writeback:             0 kB
AnonPages:        893184 kB
Mapped:           478796 kB
Shmem:              2008 kB
Slab:             109708 kB
SReclaimable:      31652 kB
SUnreclaim:        78056 kB
KernelStack:       33936 kB
PageTables:        57676 kB
NFS_Unstable:          0 kB
Bounce:                0 kB
WritebackTmp:          0 kB
CommitLimit:     2684136 kB
Committed_AS:   139207776 kB
VmallocTotal:   251658176 kB
VmallocUsed:      332636 kB
VmallocChunk:   247561408 kB
Time pass: 325 sec

---2015-12-08 17:44:29
MemTotal:        2746844 kB
MemFree:           71356 kB
Buffers:            6876 kB
Cached:           719956 kB
SwapCached:         5152 kB
Active:           797124 kB
Inactive:         790652 kB
Active(anon):     440532 kB
Inactive(anon):   441560 kB
Active(file):     356592 kB
Inactive(file):   349092 kB
Unevictable:       35812 kB
Mlocked:           27768 kB
SwapTotal:       1310716 kB
SwapFree:        1185864 kB
Dirty:                72 kB
Writeback:             0 kB
AnonPages:        893588 kB
Mapped:           478808 kB
Shmem:              2008 kB
Slab:             109684 kB
SReclaimable:      31652 kB
SUnreclaim:        78032 kB
KernelStack:       33936 kB
PageTables:        57680 kB
NFS_Unstable:          0 kB
Bounce:                0 kB
WritebackTmp:          0 kB
CommitLimit:     2684136 kB
Committed_AS:   139207876 kB
VmallocTotal:   251658176 kB
VmallocUsed:      332636 kB
VmallocChunk:   247561408 kB
Time pass: 329 sec

---2015-12-08 17:44:29
MemTotal:        2746844 kB
MemFree:           72700 kB
Buffers:            6892 kB
Cached:           718528 kB
SwapCached:         5152 kB
Active:           795712 kB
Inactive:         792764 kB
Active(anon):     439504 kB
Inactive(anon):   444664 kB
Active(file):     356208 kB
Inactive(file):   348100 kB
Unevictable:       35812 kB
Mlocked:           27768 kB
SwapTotal:       1310716 kB
SwapFree:        1185140 kB
Dirty:                84 kB
Writeback:             0 kB
AnonPages:        895760 kB
Mapped:           478392 kB
Shmem:              2008 kB
Slab:             109692 kB
SReclaimable:      31652 kB
SUnreclaim:        78040 kB
KernelStack:       33920 kB
PageTables:        57656 kB
NFS_Unstable:          0 kB
Bounce:                0 kB
WritebackTmp:          0 kB
CommitLimit:     2684136 kB
Committed_AS:   139207628 kB
VmallocTotal:   251658176 kB
VmallocUsed:      332636 kB
VmallocChunk:   247561408 kB
Time pass: 333 sec

---2015-12-08 17:44:29
MemTotal:        2746844 kB
MemFree:           72024 kB
Buffers:            6908 kB
Cached:           718528 kB
SwapCached:         5152 kB
Active:           795244 kB
Inactive:         792752 kB
Active(anon):     439036 kB
Inactive(anon):   444636 kB
Active(file):     356208 kB
Inactive(file):   348116 kB
Unevictable:       35812 kB
Mlocked:           27768 kB
SwapTotal:       1310716 kB
SwapFree:        1185140 kB
Dirty:                 0 kB
Writeback:             0 kB
AnonPages:        895176 kB
Mapped:           478556 kB
Shmem:              2008 kB
Slab:             109700 kB
SReclaimable:      31652 kB
SUnreclaim:        78048 kB
KernelStack:       33936 kB
PageTables:        57680 kB
NFS_Unstable:          0 kB
Bounce:                0 kB
WritebackTmp:          0 kB
CommitLimit:     2684136 kB
Committed_AS:   139207812 kB
VmallocTotal:   251658176 kB
VmallocUsed:      332636 kB
VmallocChunk:   247561408 kB
Time pass: 337 sec

---2015-12-08 17:44:29
MemTotal:        2746844 kB
MemFree:           71984 kB
Buffers:            6916 kB
Cached:           718116 kB
SwapCached:         5152 kB
Active:           794716 kB
Inactive:         792280 kB
Active(anon):     438800 kB
Inactive(anon):   444280 kB
Active(file):     355916 kB
Inactive(file):   348000 kB
Unevictable:       35812 kB
Mlocked:           27768 kB
SwapTotal:       1310716 kB
SwapFree:        1185140 kB
Dirty:                36 kB
Writeback:             0 kB
AnonPages:        894884 kB
Mapped:           478664 kB
Shmem:              2008 kB
Slab:             109704 kB
SReclaimable:      31652 kB
SUnreclaim:        78052 kB
KernelStack:       33920 kB
PageTables:        57680 kB
NFS_Unstable:          0 kB
Bounce:                0 kB
WritebackTmp:          0 kB
CommitLimit:     2684136 kB
Committed_AS:   139207772 kB
VmallocTotal:   251658176 kB
VmallocUsed:      332636 kB
VmallocChunk:   247561408 kB
Time pass: 340 sec

---2015-12-08 17:44:29
MemTotal:        2746844 kB
MemFree:           71364 kB
Buffers:            6932 kB
Cached:           718116 kB
SwapCached:         5152 kB
Active:           794956 kB
Inactive:         792296 kB
Active(anon):     439052 kB
Inactive(anon):   444268 kB
Active(file):     355904 kB
Inactive(file):   348028 kB
Unevictable:       35812 kB
Mlocked:           27768 kB
SwapTotal:       1310716 kB
SwapFree:        1185140 kB
Dirty:                64 kB
Writeback:             0 kB
AnonPages:        894900 kB
Mapped:           478736 kB
Shmem:              2008 kB
Slab:             109696 kB
SReclaimable:      31652 kB
SUnreclaim:        78044 kB
KernelStack:       33920 kB
PageTables:        57680 kB
NFS_Unstable:          0 kB
Bounce:                0 kB
WritebackTmp:          0 kB
CommitLimit:     2684136 kB
Committed_AS:   139207780 kB
VmallocTotal:   251658176 kB
VmallocUsed:      332636 kB
VmallocChunk:   247561408 kB
Time pass: 344 sec

---2015-12-08 17:44:29
MemTotal:        2746844 kB
MemFree:           70300 kB
Buffers:            6940 kB
Cached:           720980 kB
SwapCached:         5152 kB
Active:           792628 kB
Inactive:         795088 kB
Active(anon):     436724 kB
Inactive(anon):   444252 kB
Active(file):     355904 kB
Inactive(file):   350836 kB
Unevictable:       35812 kB
Mlocked:           27768 kB
SwapTotal:       1310716 kB
SwapFree:        1185140 kB
Dirty:                32 kB
Writeback:             0 kB
AnonPages:        892524 kB
Mapped:           478892 kB
Shmem:              2000 kB
Slab:             109696 kB
SReclaimable:      31652 kB
SUnreclaim:        78044 kB
KernelStack:       33920 kB
PageTables:        57684 kB
NFS_Unstable:          0 kB
Bounce:                0 kB
WritebackTmp:          0 kB
CommitLimit:     2684136 kB
Committed_AS:   139201132 kB
VmallocTotal:   251658176 kB
VmallocUsed:      332636 kB
VmallocChunk:   247561408 kB
Time pass: 348 sec

---2015-12-08 17:44:29
MemTotal:        2746844 kB
MemFree:           82820 kB
Buffers:            6956 kB
Cached:           719668 kB
SwapCached:         5152 kB
Active:           784116 kB
Inactive:         793756 kB
Active(anon):     428620 kB
Inactive(anon):   443780 kB
Active(file):     355496 kB
Inactive(file):   349976 kB
Unevictable:       35812 kB
Mlocked:           27768 kB
SwapTotal:       1310716 kB
SwapFree:        1184288 kB
Dirty:                76 kB
Writeback:             0 kB
AnonPages:        884120 kB
Mapped:           478688 kB
Shmem:              2000 kB
Slab:             109692 kB
SReclaimable:      31652 kB
SUnreclaim:        78040 kB
KernelStack:       33904 kB
PageTables:        57640 kB
NFS_Unstable:          0 kB
Bounce:                0 kB
WritebackTmp:          0 kB
CommitLimit:     2684136 kB
Committed_AS:   139201088 kB
VmallocTotal:   251658176 kB
VmallocUsed:      332636 kB
VmallocChunk:   247561408 kB
Time pass: 351 sec

---2015-12-08 17:44:29
MemTotal:        2746844 kB
MemFree:           82884 kB
Buffers:            6972 kB
Cached:           719668 kB
SwapCached:         5152 kB
Active:           784400 kB
Inactive:         793764 kB
Active(anon):     428904 kB
Inactive(anon):   443780 kB
Active(file):     355496 kB
Inactive(file):   349984 kB
Unevictable:       35812 kB
Mlocked:           27768 kB
SwapTotal:       1310716 kB
SwapFree:        1184288 kB
Dirty:                72 kB
Writeback:             0 kB
AnonPages:        884456 kB
Mapped:           478688 kB
Shmem:              2000 kB
Slab:             109756 kB
SReclaimable:      31652 kB
SUnreclaim:        78104 kB
KernelStack:       33920 kB
PageTables:        57640 kB
NFS_Unstable:          0 kB
Bounce:                0 kB
WritebackTmp:          0 kB
CommitLimit:     2684136 kB
Committed_AS:   139201040 kB
VmallocTotal:   251658176 kB
VmallocUsed:      332636 kB
VmallocChunk:   247561408 kB
Time pass: 355 sec

---2015-12-08 17:44:29
MemTotal:        2746844 kB
MemFree:           82836 kB
Buffers:            6972 kB
Cached:           719660 kB
SwapCached:         5152 kB
Active:           784788 kB
Inactive:         793820 kB
Active(anon):     429308 kB
Inactive(anon):   443776 kB
Active(file):     355480 kB
Inactive(file):   350044 kB
Unevictable:       35812 kB
Mlocked:           27768 kB
SwapTotal:       1310716 kB
SwapFree:        1184288 kB
Dirty:                 0 kB
Writeback:             0 kB
AnonPages:        884704 kB
Mapped:           478876 kB
Shmem:              2000 kB
Slab:             109756 kB
SReclaimable:      31652 kB
SUnreclaim:        78104 kB
KernelStack:       33936 kB
PageTables:        57712 kB
NFS_Unstable:          0 kB
Bounce:                0 kB
WritebackTmp:          0 kB
CommitLimit:     2684136 kB
Committed_AS:   139201088 kB
VmallocTotal:   251658176 kB
VmallocUsed:      332636 kB
VmallocChunk:   247561408 kB
Time pass: 359 sec

---2015-12-08 17:44:29
MemTotal:        2746844 kB
MemFree:           82472 kB
Buffers:            6996 kB
Cached:           719660 kB
SwapCached:         5156 kB
Active:           785000 kB
Inactive:         793700 kB
Active(anon):     429504 kB
Inactive(anon):   443648 kB
Active(file):     355496 kB
Inactive(file):   350052 kB
Unevictable:       35812 kB
Mlocked:           27768 kB
SwapTotal:       1310716 kB
SwapFree:        1184288 kB
Dirty:                60 kB
Writeback:             0 kB
AnonPages:        884788 kB
Mapped:           478792 kB
Shmem:              2000 kB
Slab:             109648 kB
SReclaimable:      31588 kB
SUnreclaim:        78060 kB
KernelStack:       33920 kB
