---2015-12-05 14:07:44
MemTotal:        2905316 kB
MemFree:          103244 kB
Buffers:           24928 kB
Cached:          1407136 kB
SwapCached:            0 kB
Active:          1273012 kB
Inactive:        1034072 kB
Active(anon):     765652 kB
Inactive(anon):   147968 kB
Active(file):     507360 kB
Inactive(file):   886104 kB
Unevictable:        7800 kB
Mlocked:               0 kB
SwapTotal:        720184 kB
SwapFree:         720184 kB
Dirty:                56 kB
Writeback:             0 kB
AnonPages:        882936 kB
Mapped:           499148 kB
Shmem:             30768 kB
Slab:             119156 kB
SReclaimable:      36144 kB
SUnreclaim:        83012 kB
KernelStack:       31248 kB
PageTables:        57160 kB
NFS_Unstable:          0 kB
Bounce:                0 kB
WritebackTmp:          0 kB
CommitLimit:     2172840 kB
Committed_AS:   94550680 kB
VmallocTotal:   251658176 kB
VmallocUsed:      137556 kB
VmallocChunk:   251409964 kB
Time pass: 3 sec

---2015-12-05 14:07:44
MemTotal:        2905316 kB
MemFree:          105700 kB
Buffers:           24936 kB
Cached:          1407332 kB
SwapCached:            0 kB
Active:          1270644 kB
Inactive:        1034156 kB
Active(anon):     763156 kB
Inactive(anon):   147968 kB
Active(file):     507488 kB
Inactive(file):   886188 kB
Unevictable:        7800 kB
Mlocked:               0 kB
SwapTotal:        720184 kB
SwapFree:         720184 kB
Dirty:               160 kB
Writeback:             0 kB
AnonPages:        880688 kB
Mapped:           498424 kB
Shmem:             30768 kB
Slab:             119244 kB
SReclaimable:      36144 kB
SUnreclaim:        83100 kB
KernelStack:       31088 kB
PageTables:        56664 kB
NFS_Unstable:          0 kB
Bounce:                0 kB
WritebackTmp:          0 kB
CommitLimit:     2172840 kB
Committed_AS:   93824448 kB
VmallocTotal:   251658176 kB
VmallocUsed:      136536 kB
VmallocChunk:   251409964 kB
Time pass: 7 sec

---2015-12-05 14:07:44
MemTotal:        2905316 kB
MemFree:          110724 kB
Buffers:           24936 kB
Cached:          1407336 kB
SwapCached:            0 kB
Active:          1266400 kB
Inactive:        1034172 kB
Active(anon):     758904 kB
Inactive(anon):   147964 kB
Active(file):     507496 kB
Inactive(file):   886208 kB
Unevictable:        7800 kB
Mlocked:               0 kB
SwapTotal:        720184 kB
SwapFree:         720184 kB
Dirty:               112 kB
Writeback:             0 kB
AnonPages:        876112 kB
Mapped:           498492 kB
Shmem:             30768 kB
Slab:             119052 kB
SReclaimable:      36160 kB
SUnreclaim:        82892 kB
KernelStack:       30992 kB
PageTables:        56720 kB
NFS_Unstable:          0 kB
Bounce:                0 kB
WritebackTmp:          0 kB
CommitLimit:     2172840 kB
Committed_AS:   93824828 kB
VmallocTotal:   251658176 kB
VmallocUsed:      136536 kB
VmallocChunk:   251409964 kB
Time pass: 11 sec

---2015-12-05 14:07:44
MemTotal:        2905316 kB
MemFree:          111708 kB
Buffers:           24944 kB
Cached:          1408696 kB
SwapCached:            0 kB
Active:          1265376 kB
Inactive:        1035420 kB
Active(anon):     757760 kB
Inactive(anon):   147964 kB
Active(file):     507616 kB
Inactive(file):   887456 kB
Unevictable:        7800 kB
Mlocked:               0 kB
SwapTotal:        720184 kB
SwapFree:         720184 kB
Dirty:                36 kB
Writeback:             0 kB
AnonPages:        875116 kB
Mapped:           498020 kB
Shmem:             30768 kB
Slab:             119064 kB
SReclaimable:      36160 kB
SUnreclaim:        82904 kB
KernelStack:       30896 kB
PageTables:        56212 kB
NFS_Unstable:          0 kB
Bounce:                0 kB
WritebackTmp:          0 kB
CommitLimit:     2172840 kB
Committed_AS:   93096588 kB
VmallocTotal:   251658176 kB
VmallocUsed:      136536 kB
VmallocChunk:   251409964 kB
Time pass: 15 sec

---2015-12-05 14:07:44
MemTotal:        2905316 kB
MemFree:          103948 kB
Buffers:           24952 kB
Cached:          1408800 kB
SwapCached:            0 kB
Active:          1272312 kB
Inactive:        1035520 kB
Active(anon):     764696 kB
Inactive(anon):   148024 kB
Active(file):     507616 kB
Inactive(file):   887496 kB
Unevictable:        7800 kB
Mlocked:               0 kB
SwapTotal:        720184 kB
SwapFree:         720184 kB
Dirty:               112 kB
Writeback:             0 kB
AnonPages:        882240 kB
Mapped:           498900 kB
Shmem:             30828 kB
Slab:             119352 kB
SReclaimable:      36160 kB
SUnreclaim:        83192 kB
KernelStack:       30848 kB
PageTables:        56676 kB
NFS_Unstable:          0 kB
Bounce:                0 kB
WritebackTmp:          0 kB
CommitLimit:     2172840 kB
Committed_AS:   97818160 kB
VmallocTotal:   251658176 kB
VmallocUsed:      137556 kB
VmallocChunk:   251409964 kB
Time pass: 18 sec

---2015-12-05 14:07:44
MemTotal:        2905316 kB
MemFree:           73292 kB
Buffers:           27160 kB
Cached:          1246048 kB
SwapCached:            0 kB
Active:          1333996 kB
Inactive:         885040 kB
Active(anon):     805940 kB
Inactive(anon):   178876 kB
Active(file):     528056 kB
Inactive(file):   706164 kB
Unevictable:        7800 kB
Mlocked:               0 kB
SwapTotal:        720184 kB
SwapFree:         720184 kB
Dirty:              2284 kB
Writeback:             0 kB
AnonPages:        952328 kB
Mapped:           600024 kB
Shmem:             31092 kB
Slab:             120328 kB
SReclaimable:      36240 kB
SUnreclaim:        84088 kB
KernelStack:       34288 kB
PageTables:        57860 kB
NFS_Unstable:          0 kB
Bounce:                0 kB
WritebackTmp:          0 kB
CommitLimit:     2172840 kB
Committed_AS:   94502232 kB
VmallocTotal:   251658176 kB
VmallocUsed:      138048 kB
VmallocChunk:   251413036 kB
Time pass: 22 sec

---2015-12-05 14:07:44
MemTotal:        2905316 kB
MemFree:          105140 kB
Buffers:           25892 kB
Cached:          1223164 kB
SwapCached:            0 kB
Active:          1299848 kB
Inactive:         866196 kB
Active(anon):     770480 kB
Inactive(anon):   185400 kB
Active(file):     529368 kB
Inactive(file):   680796 kB
Unevictable:        7800 kB
Mlocked:               0 kB
SwapTotal:        720184 kB
SwapFree:         720184 kB
Dirty:              1236 kB
Writeback:             0 kB
AnonPages:        924888 kB
Mapped:           616196 kB
Shmem:             31092 kB
Slab:             120284 kB
SReclaimable:      36172 kB
SUnreclaim:        84112 kB
KernelStack:       34096 kB
PageTables:        57272 kB
NFS_Unstable:          0 kB
Bounce:                0 kB
WritebackTmp:          0 kB
CommitLimit:     2172840 kB
Committed_AS:   93768300 kB
VmallocTotal:   251658176 kB
VmallocUsed:      137272 kB
VmallocChunk:   251413036 kB
Time pass: 25 sec

---2015-12-05 14:07:44
MemTotal:        2905316 kB
MemFree:          104908 kB
Buffers:           25908 kB
Cached:          1223164 kB
SwapCached:            0 kB
Active:          1298348 kB
Inactive:         866200 kB
Active(anon):     768976 kB
Inactive(anon):   185400 kB
Active(file):     529372 kB
Inactive(file):   680800 kB
Unevictable:        7800 kB
Mlocked:               0 kB
SwapTotal:        720184 kB
SwapFree:         720184 kB
Dirty:               176 kB
Writeback:             0 kB
AnonPages:        923268 kB
Mapped:           616896 kB
Shmem:             31092 kB
Slab:             120040 kB
SReclaimable:      36172 kB
SUnreclaim:        83868 kB
KernelStack:       34096 kB
PageTables:        57348 kB
NFS_Unstable:          0 kB
Bounce:                0 kB
WritebackTmp:          0 kB
CommitLimit:     2172840 kB
Committed_AS:   93768256 kB
VmallocTotal:   251658176 kB
VmallocUsed:      137272 kB
VmallocChunk:   251413036 kB
Time pass: 29 sec

---2015-12-05 14:07:44
MemTotal:        2905316 kB
MemFree:           73248 kB
Buffers:           25908 kB
Cached:          1224964 kB
SwapCached:            0 kB
Active:          1301704 kB
Inactive:         867984 kB
Active(anon):     772328 kB
Inactive(anon):   185400 kB
Active(file):     529376 kB
Inactive(file):   682584 kB
Unevictable:        7800 kB
Mlocked:               0 kB
SwapTotal:        720184 kB
SwapFree:         720184 kB
Dirty:                24 kB
Writeback:            96 kB
AnonPages:        926620 kB
Mapped:           626912 kB
Shmem:             31092 kB
Slab:             120408 kB
SReclaimable:      36220 kB
SUnreclaim:        84188 kB
KernelStack:       34096 kB
PageTables:        57324 kB
NFS_Unstable:          0 kB
Bounce:                0 kB
WritebackTmp:          0 kB
CommitLimit:     2172840 kB
Committed_AS:   93777884 kB
VmallocTotal:   251658176 kB
VmallocUsed:      137500 kB
VmallocChunk:   251413036 kB
Time pass: 32 sec

---2015-12-05 14:07:44
MemTotal:        2905316 kB
MemFree:           67580 kB
Buffers:           25968 kB
Cached:          1228968 kB
SwapCached:            0 kB
Active:          1304464 kB
Inactive:         871944 kB
Active(anon):     774972 kB
Inactive(anon):   185400 kB
Active(file):     529492 kB
Inactive(file):   686544 kB
Unevictable:        7800 kB
Mlocked:               0 kB
SwapTotal:        720184 kB
SwapFree:         720184 kB
Dirty:               292 kB
Writeback:             0 kB
AnonPages:        929256 kB
Mapped:           627656 kB
Shmem:             31092 kB
Slab:             120000 kB
SReclaimable:      36220 kB
SUnreclaim:        83780 kB
KernelStack:       34128 kB
PageTables:        56920 kB
NFS_Unstable:          0 kB
Bounce:                0 kB
WritebackTmp:          0 kB
CommitLimit:     2172840 kB
Committed_AS:   93054392 kB
VmallocTotal:   251658176 kB
VmallocUsed:      136480 kB
VmallocChunk:   251413036 kB
Time pass: 36 sec

---2015-12-05 14:07:44
MemTotal:        2905316 kB
MemFree:           66772 kB
Buffers:           25968 kB
Cached:          1228984 kB
SwapCached:            0 kB
Active:          1304716 kB
Inactive:         871944 kB
Active(anon):     775204 kB
Inactive(anon):   185400 kB
Active(file):     529512 kB
Inactive(file):   686544 kB
Unevictable:        7800 kB
Mlocked:               0 kB
SwapTotal:        720184 kB
SwapFree:         720184 kB
Dirty:                16 kB
Writeback:             0 kB
AnonPages:        929676 kB
Mapped:           627620 kB
Shmem:             31092 kB
Slab:             119936 kB
SReclaimable:      36252 kB
SUnreclaim:        83684 kB
KernelStack:       34144 kB
PageTables:        56884 kB
NFS_Unstable:          0 kB
Bounce:                0 kB
WritebackTmp:          0 kB
CommitLimit:     2172840 kB
Committed_AS:   93054576 kB
VmallocTotal:   251658176 kB
VmallocUsed:      136480 kB
VmallocChunk:   251413036 kB
Time pass: 40 sec

---2015-12-05 14:07:44
MemTotal:        2905316 kB
MemFree:           64552 kB
Buffers:           25840 kB
Cached:          1191504 kB
SwapCached:            0 kB
Active:          1309492 kB
Inactive:         839104 kB
Active(anon):     776048 kB
Inactive(anon):   194108 kB
Active(file):     533444 kB
Inactive(file):   644996 kB
Unevictable:        7800 kB
Mlocked:               0 kB
SwapTotal:        720184 kB
SwapFree:         720184 kB
Dirty:               436 kB
Writeback:             4 kB
AnonPages:        938932 kB
Mapped:           638800 kB
Shmem:             31096 kB
Slab:             120100 kB
SReclaimable:      36284 kB
SUnreclaim:        83816 kB
KernelStack:       34160 kB
PageTables:        57228 kB
NFS_Unstable:          0 kB
Bounce:                0 kB
WritebackTmp:          0 kB
CommitLimit:     2172840 kB
Committed_AS:   93072256 kB
VmallocTotal:   251658176 kB
VmallocUsed:      136748 kB
VmallocChunk:   251413036 kB
Time pass: 43 sec

---2015-12-05 14:07:44
MemTotal:        2905316 kB
MemFree:           69928 kB
Buffers:           25700 kB
Cached:          1167796 kB
SwapCached:            0 kB
Active:          1318712 kB
Inactive:         815432 kB
Active(anon):     783120 kB
Inactive(anon):   196724 kB
Active(file):     535592 kB
Inactive(file):   618708 kB
Unevictable:        7800 kB
Mlocked:               0 kB
SwapTotal:        720184 kB
SwapFree:         720184 kB
Dirty:               404 kB
Writeback:             0 kB
AnonPages:        948604 kB
Mapped:           644688 kB
Shmem:             31156 kB
Slab:             117924 kB
SReclaimable:      34268 kB
SUnreclaim:        83656 kB
KernelStack:       34160 kB
PageTables:        57360 kB
NFS_Unstable:          0 kB
Bounce:                0 kB
WritebackTmp:          0 kB
CommitLimit:     2172840 kB
Committed_AS:   93121316 kB
VmallocTotal:   251658176 kB
VmallocUsed:      136796 kB
VmallocChunk:   251413036 kB
Time pass: 47 sec

---2015-12-05 14:07:44
MemTotal:        2905316 kB
MemFree:           68652 kB
Buffers:           25680 kB
Cached:          1163032 kB
SwapCached:            0 kB
Active:          1334096 kB
Inactive:         809860 kB
Active(anon):     796364 kB
Inactive(anon):   198112 kB
Active(file):     537732 kB
Inactive(file):   611748 kB
Unevictable:        7800 kB
Mlocked:               0 kB
SwapTotal:        720184 kB
SwapFree:         720184 kB
Dirty:               776 kB
Writeback:             0 kB
AnonPages:        963140 kB
Mapped:           648572 kB
Shmem:             31268 kB
Slab:             119980 kB
SReclaimable:      36156 kB
SUnreclaim:        83824 kB
KernelStack:       34256 kB
PageTables:        57256 kB
NFS_Unstable:          0 kB
Bounce:                0 kB
WritebackTmp:          0 kB
CommitLimit:     2172840 kB
Committed_AS:   93131764 kB
VmallocTotal:   251658176 kB
VmallocUsed:      136724 kB
VmallocChunk:   251413036 kB
Time pass: 51 sec

---2015-12-05 14:07:44
MemTotal:        2905316 kB
MemFree:           74572 kB
Buffers:           24428 kB
Cached:          1103024 kB
SwapCached:            0 kB
Active:          1336432 kB
Inactive:         744260 kB
Active(anon):     794512 kB
Inactive(anon):   202476 kB
Active(file):     541920 kB
Inactive(file):   541784 kB
Unevictable:       12616 kB
Mlocked:               0 kB
SwapTotal:        720184 kB
SwapFree:         720156 kB
Dirty:               724 kB
Writeback:             0 kB
AnonPages:        966076 kB
Mapped:           699516 kB
Shmem:             31132 kB
Slab:             120268 kB
SReclaimable:      36364 kB
SUnreclaim:        83904 kB
KernelStack:       34288 kB
PageTables:        57356 kB
NFS_Unstable:          0 kB
Bounce:                0 kB
WritebackTmp:          0 kB
CommitLimit:     2172840 kB
Committed_AS:   93119256 kB
VmallocTotal:   251658176 kB
VmallocUsed:      137208 kB
VmallocChunk:   251413036 kB
Time pass: 55 sec

---2015-12-05 14:07:44
MemTotal:        2905316 kB
MemFree:           72144 kB
Buffers:           24444 kB
Cached:          1105656 kB
SwapCached:            0 kB
Active:          1337100 kB
Inactive:         746860 kB
Active(anon):     795152 kB
Inactive(anon):   202476 kB
Active(file):     541948 kB
Inactive(file):   544384 kB
Unevictable:       12616 kB
Mlocked:               0 kB
SwapTotal:        720184 kB
SwapFree:         720156 kB
Dirty:               148 kB
Writeback:             0 kB
AnonPages:        966600 kB
Mapped:           699776 kB
Shmem:             31132 kB
Slab:             120216 kB
SReclaimable:      36268 kB
SUnreclaim:        83948 kB
KernelStack:       34352 kB
PageTables:        57368 kB
NFS_Unstable:          0 kB
Bounce:                0 kB
WritebackTmp:          0 kB
CommitLimit:     2172840 kB
Committed_AS:   93119384 kB
VmallocTotal:   251658176 kB
VmallocUsed:      137208 kB
VmallocChunk:   251413036 kB
Time pass: 58 sec

---2015-12-05 14:07:44
MemTotal:        2905316 kB
MemFree:           72100 kB
Buffers:           24336 kB
Cached:          1091276 kB
SwapCached:            0 kB
Active:          1333628 kB
Inactive:         738136 kB
Active(anon):     797820 kB
Inactive(anon):   202220 kB
Active(file):     535808 kB
Inactive(file):   535916 kB
Unevictable:       12616 kB
Mlocked:               0 kB
SwapTotal:        720184 kB
SwapFree:         720156 kB
Dirty:               184 kB
Writeback:             0 kB
AnonPages:        968844 kB
Mapped:           708844 kB
Shmem:             31132 kB
Slab:             117368 kB
SReclaimable:      33548 kB
SUnreclaim:        83820 kB
KernelStack:       34368 kB
PageTables:        57380 kB
NFS_Unstable:          0 kB
Bounce:                0 kB
WritebackTmp:          0 kB
CommitLimit:     2172840 kB
Committed_AS:   93119540 kB
VmallocTotal:   251658176 kB
VmallocUsed:      137344 kB
VmallocChunk:   251413036 kB
Time pass: 62 sec

---2015-12-05 14:07:44
MemTotal:        2905316 kB
MemFree:           69092 kB
Buffers:           24336 kB
Cached:          1091300 kB
SwapCached:            0 kB
Active:          1333568 kB
Inactive:         738084 kB
Active(anon):     797852 kB
Inactive(anon):   202060 kB
Active(file):     535716 kB
Inactive(file):   536024 kB
Unevictable:       12764 kB
Mlocked:               0 kB
SwapTotal:        720184 kB
SwapFree:         720156 kB
Dirty:               168 kB
Writeback:             0 kB
AnonPages:        968904 kB
Mapped:           708892 kB
Shmem:             31132 kB
Slab:             120048 kB
SReclaimable:      36236 kB
SUnreclaim:        83812 kB
KernelStack:       34336 kB
PageTables:        57404 kB
NFS_Unstable:          0 kB
Bounce:                0 kB
WritebackTmp:          0 kB
CommitLimit:     2172840 kB
Committed_AS:   93119572 kB
VmallocTotal:   251658176 kB
VmallocUsed:      137344 kB
VmallocChunk:   251413036 kB
Time pass: 66 sec

---2015-12-05 14:07:44
MemTotal:        2905316 kB
MemFree:           67952 kB
Buffers:           24344 kB
Cached:          1091300 kB
SwapCached:            0 kB
Active:          1333920 kB
Inactive:         738084 kB
Active(anon):     798196 kB
Inactive(anon):   202060 kB
Active(file):     535724 kB
Inactive(file):   536024 kB
Unevictable:       12764 kB
Mlocked:               0 kB
SwapTotal:        720184 kB
SwapFree:         720156 kB
Dirty:                48 kB
Writeback:             0 kB
AnonPages:        969132 kB
Mapped:           708932 kB
Shmem:             31132 kB
Slab:             120332 kB
SReclaimable:      36236 kB
SUnreclaim:        84096 kB
KernelStack:       34336 kB
PageTables:        57408 kB
NFS_Unstable:          0 kB
Bounce:                0 kB
WritebackTmp:          0 kB
CommitLimit:     2172840 kB
Committed_AS:   93119484 kB
VmallocTotal:   251658176 kB
VmallocUsed:      137344 kB
VmallocChunk:   251413036 kB
Time pass: 69 sec

---2015-12-05 14:07:44
MemTotal:        2905316 kB
MemFree:           72496 kB
Buffers:           23884 kB
Cached:          1062468 kB
SwapCached:            0 kB
Active:          1324316 kB
Inactive:         724492 kB
Active(anon):     803312 kB
Inactive(anon):   203044 kB
Active(file):     521004 kB
Inactive(file):   521448 kB
Unevictable:       12768 kB
Mlocked:               0 kB
SwapTotal:        720184 kB
SwapFree:         720156 kB
Dirty:                 0 kB
Writeback:             0 kB
AnonPages:        975236 kB
Mapped:           717900 kB
Shmem:             31132 kB
Slab:             120148 kB
SReclaimable:      36136 kB
SUnreclaim:        84012 kB
KernelStack:       34352 kB
PageTables:        57332 kB
NFS_Unstable:          0 kB
Bounce:                0 kB
WritebackTmp:          0 kB
CommitLimit:     2172840 kB
Committed_AS:   93128788 kB
VmallocTotal:   251658176 kB
VmallocUsed:      137528 kB
VmallocChunk:   251413036 kB
Time pass: 73 sec

---2015-12-05 14:07:44
MemTotal:        2905316 kB
MemFree:           67372 kB
Buffers:           23912 kB
Cached:          1051568 kB
SwapCached:            0 kB
Active:          1335516 kB
Inactive:         720292 kB
Active(anon):     819816 kB
Inactive(anon):   204472 kB
Active(file):     515700 kB
Inactive(file):   515820 kB
Unevictable:       12768 kB
Mlocked:               0 kB
SwapTotal:        720184 kB
SwapFree:         720156 kB
Dirty:               464 kB
Writeback:             0 kB
AnonPages:        993392 kB
Mapped:           720556 kB
Shmem:             31192 kB
Slab:             120352 kB
SReclaimable:      36264 kB
SUnreclaim:        84088 kB
KernelStack:       34480 kB
PageTables:        57404 kB
NFS_Unstable:          0 kB
Bounce:                0 kB
WritebackTmp:          0 kB
CommitLimit:     2172840 kB
Committed_AS:   93169772 kB
VmallocTotal:   251658176 kB
VmallocUsed:      137528 kB
VmallocChunk:   251413036 kB
Time pass: 77 sec

---2015-12-05 14:07:44
MemTotal:        2905316 kB
MemFree:           69924 kB
Buffers:           23880 kB
Cached:          1042416 kB
SwapCached:            0 kB
Active:          1337576 kB
Inactive:         717864 kB
Active(anon):     826632 kB
Inactive(anon):   206768 kB
Active(file):     510944 kB
Inactive(file):   511096 kB
Unevictable:       12768 kB
Mlocked:               0 kB
SwapTotal:        720184 kB
SwapFree:         720156 kB
Dirty:               196 kB
Writeback:             0 kB
AnonPages:       1002152 kB
Mapped:           721020 kB
Shmem:             31328 kB
Slab:             117524 kB
SReclaimable:      33400 kB
SUnreclaim:        84124 kB
KernelStack:       34592 kB
PageTables:        57660 kB
NFS_Unstable:          0 kB
Bounce:                0 kB
WritebackTmp:          0 kB
CommitLimit:     2172840 kB
Committed_AS:   93208828 kB
VmallocTotal:   251658176 kB
VmallocUsed:      139976 kB
VmallocChunk:   251413036 kB
Time pass: 81 sec

---2015-12-05 14:07:44
MemTotal:        2905316 kB
MemFree:           66212 kB
Buffers:           23836 kB
Cached:          1005208 kB
SwapCached:            0 kB
Active:          1319864 kB
Inactive:         699936 kB
Active(anon):     827740 kB
Inactive(anon):   207060 kB
Active(file):     492124 kB
Inactive(file):   492876 kB
Unevictable:       12768 kB
Mlocked:               0 kB
SwapTotal:        720184 kB
SwapFree:         719908 kB
Dirty:               152 kB
Writeback:             0 kB
AnonPages:       1003472 kB
Mapped:           712080 kB
Shmem:             31276 kB
Slab:             120216 kB
SReclaimable:      36060 kB
SUnreclaim:        84156 kB
KernelStack:       34528 kB
PageTables:        57856 kB
NFS_Unstable:          0 kB
Bounce:                0 kB
WritebackTmp:          0 kB
CommitLimit:     2172840 kB
Committed_AS:   93209276 kB
VmallocTotal:   251658176 kB
VmallocUsed:      139976 kB
VmallocChunk:   251413036 kB
Time pass: 85 sec

---2015-12-05 14:07:44
MemTotal:        2905316 kB
MemFree:           65852 kB
Buffers:           23836 kB
Cached:          1005228 kB
SwapCached:            0 kB
Active:          1319888 kB
Inactive:         699940 kB
Active(anon):     827748 kB
Inactive(anon):   207060 kB
Active(file):     492140 kB
Inactive(file):   492880 kB
Unevictable:       12768 kB
Mlocked:               0 kB
SwapTotal:        720184 kB
SwapFree:         719908 kB
Dirty:                 4 kB
Writeback:             0 kB
AnonPages:       1003640 kB
Mapped:           712120 kB
Shmem:             31276 kB
Slab:             120244 kB
SReclaimable:      36108 kB
SUnreclaim:        84136 kB
KernelStack:       34544 kB
PageTables:        57864 kB
NFS_Unstable:          0 kB
Bounce:                0 kB
WritebackTmp:          0 kB
CommitLimit:     2172840 kB
Committed_AS:   93209760 kB
VmallocTotal:   251658176 kB
VmallocUsed:      139976 kB
VmallocChunk:   251413036 kB
Time pass: 88 sec

---2015-12-05 14:07:44
MemTotal:        2905316 kB
MemFree:           63952 kB
Buffers:           23844 kB
Cached:          1005488 kB
SwapCached:            0 kB
Active:          1321576 kB
Inactive:         700184 kB
Active(anon):     829412 kB
Inactive(anon):   207296 kB
Active(file):     492164 kB
Inactive(file):   492888 kB
Unevictable:       12768 kB
Mlocked:               0 kB
SwapTotal:        720184 kB
SwapFree:         719908 kB
Dirty:                80 kB
Writeback:             0 kB
AnonPages:       1005080 kB
Mapped:           712376 kB
Shmem:             31512 kB
Slab:             120376 kB
SReclaimable:      36108 kB
SUnreclaim:        84268 kB
KernelStack:       34544 kB
PageTables:        57872 kB
NFS_Unstable:          0 kB
Bounce:                0 kB
WritebackTmp:          0 kB
CommitLimit:     2172840 kB
Committed_AS:   93212040 kB
VmallocTotal:   251658176 kB
VmallocUsed:      139976 kB
VmallocChunk:   251413036 kB
Time pass: 92 sec

---2015-12-05 14:07:44
MemTotal:        2905316 kB
MemFree:           63932 kB
Buffers:           23860 kB
Cached:          1005548 kB
SwapCached:            0 kB
Active:          1321364 kB
Inactive:         700224 kB
Active(anon):     829164 kB
Inactive(anon):   207296 kB
Active(file):     492200 kB
Inactive(file):   492928 kB
Unevictable:       12768 kB
Mlocked:               0 kB
SwapTotal:        720184 kB
SwapFree:         719908 kB
Dirty:                36 kB
Writeback:             0 kB
AnonPages:       1004968 kB
Mapped:           712320 kB
Shmem:             31512 kB
Slab:             120312 kB
SReclaimable:      36140 kB
SUnreclaim:        84172 kB
KernelStack:       34560 kB
PageTables:        57844 kB
NFS_Unstable:          0 kB
Bounce:                0 kB
WritebackTmp:          0 kB
CommitLimit:     2172840 kB
Committed_AS:   93213384 kB
VmallocTotal:   251658176 kB
VmallocUsed:      139976 kB
VmallocChunk:   251413036 kB
Time pass: 96 sec

---2015-12-05 14:07:44
MemTotal:        2905316 kB
MemFree:           66260 kB
Buffers:           23868 kB
Cached:           999356 kB
SwapCached:            0 kB
Active:          1322660 kB
Inactive:         697212 kB
Active(anon):     833120 kB
Inactive(anon):   207708 kB
Active(file):     489540 kB
Inactive(file):   489504 kB
Unevictable:       12768 kB
Mlocked:               0 kB
SwapTotal:        720184 kB
SwapFree:         719808 kB
Dirty:                64 kB
Writeback:             0 kB
AnonPages:       1009512 kB
Mapped:           712272 kB
Shmem:             31412 kB
Slab:             120352 kB
SReclaimable:      36076 kB
SUnreclaim:        84276 kB
KernelStack:       34544 kB
PageTables:        57848 kB
NFS_Unstable:          0 kB
Bounce:                0 kB
WritebackTmp:          0 kB
CommitLimit:     2172840 kB
Committed_AS:   93216936 kB
VmallocTotal:   251658176 kB
VmallocUsed:      139976 kB
VmallocChunk:   251413036 kB
Time pass: 99 sec

---2015-12-05 14:07:44
MemTotal:        2905316 kB
MemFree:          350008 kB
Buffers:           23908 kB
Cached:           999176 kB
SwapCached:            0 kB
Active:          1225372 kB
Inactive:         701352 kB
Active(anon):     739056 kB
Inactive(anon):   210324 kB
Active(file):     486316 kB
Inactive(file):   491028 kB
Unevictable:       12768 kB
Mlocked:               0 kB
SwapTotal:        720184 kB
SwapFree:         719808 kB
Dirty:                 0 kB
Writeback:            36 kB
AnonPages:        916660 kB
Mapped:           533720 kB
Shmem:             33008 kB
Slab:             119996 kB
SReclaimable:      35964 kB
SUnreclaim:        84032 kB
KernelStack:       33056 kB
PageTables:        55152 kB
NFS_Unstable:          0 kB
Bounce:                0 kB
WritebackTmp:          0 kB
CommitLimit:     2172840 kB
Committed_AS:   91585112 kB
VmallocTotal:   251658176 kB
VmallocUsed:      136292 kB
VmallocChunk:   251413036 kB
Time pass: 103 sec

---2015-12-05 14:07:44
MemTotal:        2905316 kB
MemFree:          277456 kB
Buffers:           24648 kB
Cached:          1001340 kB
SwapCached:            0 kB
Active:          1263492 kB
Inactive:         701680 kB
Active(anon):     774508 kB
Inactive(anon):   210512 kB
Active(file):     488984 kB
Inactive(file):   491168 kB
Unevictable:       12768 kB
Mlocked:               0 kB
SwapTotal:        720184 kB
SwapFree:         719808 kB
Dirty:              2064 kB
Writeback:             0 kB
AnonPages:        952096 kB
Mapped:           575656 kB
Shmem:             33204 kB
Slab:             119952 kB
SReclaimable:      35996 kB
SUnreclaim:        83956 kB
KernelStack:       33824 kB
PageTables:        56372 kB
NFS_Unstable:          0 kB
Bounce:                0 kB
WritebackTmp:          0 kB
CommitLimit:     2172840 kB
Committed_AS:   92428044 kB
VmallocTotal:   251658176 kB
VmallocUsed:      153200 kB
VmallocChunk:   251364712 kB
Time pass: 107 sec

---2015-12-05 14:07:44
MemTotal:        2905316 kB
MemFree:          226256 kB
Buffers:           24648 kB
Cached:          1002260 kB
SwapCached:            0 kB
Active:          1271004 kB
Inactive:         701608 kB
Active(anon):     781236 kB
Inactive(anon):   210516 kB
Active(file):     489768 kB
Inactive(file):   491092 kB
Unevictable:       12768 kB
Mlocked:               0 kB
SwapTotal:        720184 kB
SwapFree:         719808 kB
Dirty:               924 kB
Writeback:             0 kB
AnonPages:        958252 kB
Mapped:           616576 kB
Shmem:             33208 kB
Slab:             120060 kB
SReclaimable:      35996 kB
SUnreclaim:        84064 kB
KernelStack:       33872 kB
PageTables:        56508 kB
NFS_Unstable:          0 kB
Bounce:                0 kB
WritebackTmp:          0 kB
CommitLimit:     2172840 kB
Committed_AS:   92434612 kB
VmallocTotal:   251658176 kB
VmallocUsed:      138032 kB
VmallocChunk:   251413036 kB
Time pass: 110 sec

---2015-12-05 14:07:44
MemTotal:        2905316 kB
MemFree:          152380 kB
Buffers:           24672 kB
Cached:          1003424 kB
SwapCached:            0 kB
Active:          1276244 kB
Inactive:         701136 kB
Active(anon):     784772 kB
Inactive(anon):   210512 kB
Active(file):     491472 kB
Inactive(file):   490624 kB
Unevictable:       12768 kB
Mlocked:               0 kB
SwapTotal:        720184 kB
SwapFree:         719808 kB
Dirty:              1160 kB
Writeback:             0 kB
AnonPages:        962236 kB
Mapped:           666560 kB
Shmem:             33208 kB
Slab:             120020 kB
SReclaimable:      36000 kB
SUnreclaim:        84020 kB
KernelStack:       33920 kB
PageTables:        56692 kB
NFS_Unstable:          0 kB
Bounce:                0 kB
WritebackTmp:          0 kB
CommitLimit:     2172840 kB
Committed_AS:   92450824 kB
VmallocTotal:   251658176 kB
VmallocUsed:      138556 kB
VmallocChunk:   251413036 kB
Time pass: 114 sec

---2015-12-05 14:07:44
MemTotal:        2905316 kB
MemFree:          134032 kB
Buffers:           24680 kB
Cached:          1003580 kB
SwapCached:            0 kB
Active:          1278500 kB
Inactive:         701120 kB
Active(anon):     786828 kB
Inactive(anon):   210512 kB
Active(file):     491672 kB
Inactive(file):   490608 kB
Unevictable:       12768 kB
Mlocked:               0 kB
SwapTotal:        720184 kB
SwapFree:         719808 kB
Dirty:                32 kB
Writeback:             0 kB
AnonPages:        964192 kB
Mapped:           676912 kB
Shmem:             33208 kB
Slab:             120016 kB
SReclaimable:      36000 kB
SUnreclaim:        84016 kB
KernelStack:       33920 kB
PageTables:        56728 kB
NFS_Unstable:          0 kB
Bounce:                0 kB
WritebackTmp:          0 kB
CommitLimit:     2172840 kB
Committed_AS:   92451804 kB
VmallocTotal:   251658176 kB
VmallocUsed:      136260 kB
VmallocChunk:   251413036 kB
Time pass: 118 sec

---2015-12-05 14:07:44
MemTotal:        2905316 kB
MemFree:          133428 kB
Buffers:           24688 kB
Cached:          1003584 kB
SwapCached:            0 kB
Active:          1279156 kB
Inactive:         701116 kB
Active(anon):     787464 kB
Inactive(anon):   210512 kB
Active(file):     491692 kB
Inactive(file):   490604 kB
Unevictable:       12768 kB
Mlocked:               0 kB
SwapTotal:        720184 kB
SwapFree:         719808 kB
Dirty:                84 kB
Writeback:             0 kB
AnonPages:        964812 kB
Mapped:           676932 kB
Shmem:             33208 kB
Slab:             120172 kB
SReclaimable:      36000 kB
SUnreclaim:        84172 kB
KernelStack:       33904 kB
PageTables:        56728 kB
NFS_Unstable:          0 kB
Bounce:                0 kB
WritebackTmp:          0 kB
CommitLimit:     2172840 kB
Committed_AS:   92452288 kB
VmallocTotal:   251658176 kB
VmallocUsed:      136260 kB
VmallocChunk:   251413036 kB
Time pass: 122 sec

---2015-12-05 14:07:44
MemTotal:        2905316 kB
MemFree:          103608 kB
Buffers:           24688 kB
Cached:          1003632 kB
SwapCached:            0 kB
Active:          1284984 kB
Inactive:         701108 kB
Active(anon):     793240 kB
Inactive(anon):   210512 kB
Active(file):     491744 kB
Inactive(file):   490596 kB
Unevictable:       12768 kB
Mlocked:               0 kB
SwapTotal:        720184 kB
SwapFree:         719808 kB
Dirty:               540 kB
Writeback:             0 kB
AnonPages:        970708 kB
Mapped:           690412 kB
Shmem:             33208 kB
Slab:             120008 kB
SReclaimable:      36000 kB
SUnreclaim:        84008 kB
KernelStack:       33904 kB
PageTables:        56712 kB
NFS_Unstable:          0 kB
Bounce:                0 kB
WritebackTmp:          0 kB
CommitLimit:     2172840 kB
Committed_AS:   92455320 kB
VmallocTotal:   251658176 kB
VmallocUsed:      136444 kB
VmallocChunk:   251413036 kB
Time pass: 125 sec

---2015-12-05 14:07:44
MemTotal:        2905316 kB
MemFree:          103452 kB
Buffers:           24696 kB
Cached:          1003632 kB
SwapCached:            0 kB
Active:          1285220 kB
Inactive:         701116 kB
Active(anon):     793472 kB
Inactive(anon):   210512 kB
Active(file):     491748 kB
Inactive(file):   490604 kB
Unevictable:       12768 kB
Mlocked:               0 kB
SwapTotal:        720184 kB
SwapFree:         719808 kB
Dirty:                72 kB
Writeback:             0 kB
AnonPages:        970520 kB
Mapped:           690412 kB
Shmem:             33208 kB
Slab:             120180 kB
SReclaimable:      36000 kB
SUnreclaim:        84180 kB
KernelStack:       33904 kB
PageTables:        56716 kB
NFS_Unstable:          0 kB
Bounce:                0 kB
WritebackTmp:          0 kB
CommitLimit:     2172840 kB
Committed_AS:   92455336 kB
VmallocTotal:   251658176 kB
VmallocUsed:      136444 kB
VmallocChunk:   251413036 kB
Time pass: 129 sec

---2015-12-05 14:07:44
MemTotal:        2905316 kB
MemFree:           94036 kB
Buffers:           24708 kB
Cached:          1008088 kB
SwapCached:            0 kB
Active:          1289184 kB
Inactive:         705408 kB
Active(anon):     797428 kB
Inactive(anon):   210512 kB
Active(file):     491756 kB
Inactive(file):   494896 kB
Unevictable:       12768 kB
Mlocked:               0 kB
SwapTotal:        720184 kB
SwapFree:         719808 kB
Dirty:                92 kB
Writeback:             0 kB
AnonPages:        974624 kB
Mapped:           691444 kB
Shmem:             33208 kB
Slab:             120196 kB
SReclaimable:      36000 kB
SUnreclaim:        84196 kB
KernelStack:       33952 kB
PageTables:        56752 kB
NFS_Unstable:          0 kB
Bounce:                0 kB
WritebackTmp:          0 kB
CommitLimit:     2172840 kB
Committed_AS:   92459280 kB
VmallocTotal:   251658176 kB
VmallocUsed:      136444 kB
VmallocChunk:   251413036 kB
Time pass: 133 sec

---2015-12-05 14:07:44
MemTotal:        2905316 kB
MemFree:           81404 kB
Buffers:           24708 kB
Cached:          1008108 kB
SwapCached:            0 kB
Active:          1295516 kB
Inactive:         704648 kB
Active(anon):     802824 kB
Inactive(anon):   210512 kB
Active(file):     492692 kB
Inactive(file):   494136 kB
Unevictable:       12768 kB
Mlocked:               0 kB
SwapTotal:        720184 kB
SwapFree:         719808 kB
Dirty:                48 kB
Writeback:             0 kB
AnonPages:        980340 kB
Mapped:           694616 kB
Shmem:             33220 kB
Slab:             120144 kB
SReclaimable:      36000 kB
SUnreclaim:        84144 kB
KernelStack:       34144 kB
PageTables:        56852 kB
NFS_Unstable:          0 kB
Bounce:                0 kB
WritebackTmp:          0 kB
CommitLimit:     2172840 kB
Committed_AS:   92487320 kB
VmallocTotal:   251658176 kB
VmallocUsed:      136456 kB
VmallocChunk:   251413036 kB
Time pass: 136 sec

---2015-12-05 14:07:44
MemTotal:        2905316 kB
MemFree:           80388 kB
Buffers:           24732 kB
Cached:          1008340 kB
SwapCached:            0 kB
Active:          1301088 kB
Inactive:         704784 kB
Active(anon):     808280 kB
Inactive(anon):   210664 kB
Active(file):     492808 kB
Inactive(file):   494120 kB
Unevictable:       12768 kB
Mlocked:               0 kB
SwapTotal:        720184 kB
SwapFree:         719808 kB
Dirty:               104 kB
Writeback:             0 kB
AnonPages:        985796 kB
Mapped:           695612 kB
Shmem:             33376 kB
Slab:             120252 kB
SReclaimable:      36016 kB
SUnreclaim:        84236 kB
KernelStack:       34304 kB
PageTables:        57016 kB
NFS_Unstable:          0 kB
Bounce:                0 kB
WritebackTmp:          0 kB
CommitLimit:     2172840 kB
Committed_AS:   92524360 kB
VmallocTotal:   251658176 kB
VmallocUsed:      138892 kB
VmallocChunk:   251413036 kB
Time pass: 140 sec

---2015-12-05 14:07:44
MemTotal:        2905316 kB
MemFree:           79280 kB
Buffers:           24732 kB
Cached:          1008552 kB
SwapCached:            0 kB
Active:          1301928 kB
Inactive:         705000 kB
Active(anon):     809112 kB
Inactive(anon):   210888 kB
Active(file):     492816 kB
Inactive(file):   494112 kB
Unevictable:       12768 kB
Mlocked:               0 kB
SwapTotal:        720184 kB
SwapFree:         719808 kB
Dirty:                 0 kB
Writeback:             0 kB
AnonPages:        986376 kB
Mapped:           695824 kB
Shmem:             33588 kB
Slab:             120228 kB
SReclaimable:      36016 kB
SUnreclaim:        84212 kB
KernelStack:       34320 kB
PageTables:        57088 kB
NFS_Unstable:          0 kB
Bounce:                0 kB
WritebackTmp:          0 kB
CommitLimit:     2172840 kB
Committed_AS:   92524892 kB
VmallocTotal:   251658176 kB
VmallocUsed:      138892 kB
VmallocChunk:   251413036 kB
Time pass: 144 sec

---2015-12-05 14:07:44
MemTotal:        2905316 kB
MemFree:           77380 kB
Buffers:           24740 kB
Cached:          1008620 kB
SwapCached:            0 kB
Active:          1302660 kB
Inactive:         705060 kB
Active(anon):     809828 kB
Inactive(anon):   210944 kB
Active(file):     492832 kB
Inactive(file):   494116 kB
Unevictable:       12768 kB
Mlocked:               0 kB
SwapTotal:        720184 kB
SwapFree:         719808 kB
Dirty:                44 kB
Writeback:             0 kB
AnonPages:        987324 kB
Mapped:           695916 kB
Shmem:             33644 kB
Slab:             120296 kB
SReclaimable:      36032 kB
SUnreclaim:        84264 kB
KernelStack:       34336 kB
PageTables:        57112 kB
NFS_Unstable:          0 kB
Bounce:                0 kB
WritebackTmp:          0 kB
CommitLimit:     2172840 kB
Committed_AS:   92525412 kB
VmallocTotal:   251658176 kB
VmallocUsed:      138892 kB
VmallocChunk:   251413036 kB
Time pass: 148 sec

---2015-12-05 14:07:44
MemTotal:        2905316 kB
MemFree:           68260 kB
Buffers:           24780 kB
Cached:          1008752 kB
SwapCached:            0 kB
Active:          1311976 kB
Inactive:         705196 kB
Active(anon):     819128 kB
Inactive(anon):   211028 kB
Active(file):     492848 kB
Inactive(file):   494168 kB
Unevictable:       12768 kB
Mlocked:               0 kB
SwapTotal:        720184 kB
SwapFree:         719808 kB
Dirty:               144 kB
Writeback:             0 kB
AnonPages:        996652 kB
Mapped:           697264 kB
Shmem:             33728 kB
Slab:             120312 kB
SReclaimable:      36032 kB
SUnreclaim:        84280 kB
KernelStack:       34336 kB
PageTables:        57128 kB
NFS_Unstable:          0 kB
Bounce:                0 kB
WritebackTmp:          0 kB
CommitLimit:     2172840 kB
Committed_AS:   92542584 kB
VmallocTotal:   251658176 kB
VmallocUsed:      138892 kB
VmallocChunk:   251413036 kB
Time pass: 151 sec

---2015-12-05 14:07:44
MemTotal:        2905316 kB
MemFree:           65120 kB
Buffers:           24784 kB
Cached:          1005764 kB
SwapCached:            0 kB
Active:          1317384 kB
Inactive:         702980 kB
Active(anon):     825292 kB
Inactive(anon):   210712 kB
Active(file):     492092 kB
Inactive(file):   492268 kB
Unevictable:       12768 kB
Mlocked:               0 kB
SwapTotal:        720184 kB
SwapFree:         719808 kB
Dirty:               128 kB
Writeback:             0 kB
AnonPages:       1002740 kB
Mapped:           697356 kB
Shmem:             33416 kB
Slab:             120312 kB
SReclaimable:      36048 kB
SUnreclaim:        84264 kB
KernelStack:       34368 kB
PageTables:        57176 kB
NFS_Unstable:          0 kB
Bounce:                0 kB
WritebackTmp:          0 kB
CommitLimit:     2172840 kB
Committed_AS:   92545740 kB
VmallocTotal:   251658176 kB
VmallocUsed:      138892 kB
VmallocChunk:   251413036 kB
Time pass: 155 sec

---2015-12-05 14:07:44
MemTotal:        2905316 kB
MemFree:           64164 kB
Buffers:           24784 kB
Cached:          1005860 kB
SwapCached:            0 kB
Active:          1318096 kB
Inactive:         703064 kB
Active(anon):     825988 kB
Inactive(anon):   210796 kB
Active(file):     492108 kB
Inactive(file):   492268 kB
Unevictable:       12768 kB
Mlocked:               0 kB
SwapTotal:        720184 kB
SwapFree:         719808 kB
Dirty:                28 kB
Writeback:             0 kB
AnonPages:       1003528 kB
Mapped:           697508 kB
Shmem:             33500 kB
Slab:             120284 kB
SReclaimable:      36064 kB
SUnreclaim:        84220 kB
KernelStack:       34336 kB
PageTables:        57200 kB
NFS_Unstable:          0 kB
Bounce:                0 kB
WritebackTmp:          0 kB
CommitLimit:     2172840 kB
Committed_AS:   92545784 kB
VmallocTotal:   251658176 kB
VmallocUsed:      138892 kB
VmallocChunk:   251413036 kB
Time pass: 159 sec

---2015-12-05 14:07:44
MemTotal:        2905316 kB
MemFree:           64412 kB
Buffers:           24800 kB
Cached:          1005932 kB
SwapCached:            0 kB
Active:          1318460 kB
Inactive:         703144 kB
Active(anon):     826344 kB
Inactive(anon):   210844 kB
Active(file):     492116 kB
Inactive(file):   492300 kB
Unevictable:       12768 kB
Mlocked:               0 kB
SwapTotal:        720184 kB
SwapFree:         719808 kB
Dirty:               100 kB
Writeback:             0 kB
AnonPages:       1003636 kB
Mapped:           697456 kB
Shmem:             33548 kB
Slab:             120300 kB
SReclaimable:      36064 kB
SUnreclaim:        84236 kB
KernelStack:       34336 kB
PageTables:        57152 kB
NFS_Unstable:          0 kB
Bounce:                0 kB
WritebackTmp:          0 kB
CommitLimit:     2172840 kB
Committed_AS:   92545784 kB
VmallocTotal:   251658176 kB
VmallocUsed:      138892 kB
VmallocChunk:   251413036 kB
Time pass: 163 sec

---2015-12-05 14:07:44
MemTotal:        2905316 kB
MemFree:           63620 kB
Buffers:           24808 kB
Cached:          1006272 kB
SwapCached:            0 kB
Active:          1319736 kB
Inactive:         703476 kB
Active(anon):     827604 kB
Inactive(anon):   210848 kB
Active(file):     492132 kB
Inactive(file):   492628 kB
Unevictable:       12768 kB
Mlocked:               0 kB
SwapTotal:        720184 kB
SwapFree:         719808 kB
Dirty:                92 kB
Writeback:             0 kB
AnonPages:       1005012 kB
Mapped:           697604 kB
Shmem:             33552 kB
Slab:             120304 kB
SReclaimable:      36064 kB
SUnreclaim:        84240 kB
KernelStack:       34336 kB
PageTables:        57192 kB
NFS_Unstable:          0 kB
Bounce:                0 kB
WritebackTmp:          0 kB
CommitLimit:     2172840 kB
Committed_AS:   92572868 kB
VmallocTotal:   251658176 kB
VmallocUsed:      138892 kB
VmallocChunk:   251413036 kB
Time pass: 167 sec

---2015-12-05 14:07:44
MemTotal:        2905316 kB
MemFree:           84040 kB
Buffers:           24824 kB
Cached:          1006020 kB
SwapCached:            0 kB
Active:          1299388 kB
Inactive:         703200 kB
Active(anon):     807212 kB
Inactive(anon):   210564 kB
Active(file):     492176 kB
Inactive(file):   492636 kB
Unevictable:       12768 kB
Mlocked:               0 kB
SwapTotal:        720184 kB
SwapFree:         719808 kB
Dirty:                 8 kB
Writeback:             4 kB
AnonPages:        984672 kB
Mapped:           697224 kB
Shmem:             33264 kB
Slab:             120356 kB
SReclaimable:      36064 kB
SUnreclaim:        84292 kB
KernelStack:       33968 kB
PageTables:        57000 kB
NFS_Unstable:          0 kB
Bounce:                0 kB
WritebackTmp:          0 kB
CommitLimit:     2172840 kB
Committed_AS:   92544244 kB
VmallocTotal:   251658176 kB
VmallocUsed:      138892 kB
VmallocChunk:   251413036 kB
Time pass: 170 sec

---2015-12-05 14:07:44
MemTotal:        2905316 kB
MemFree:           84284 kB
Buffers:           24832 kB
Cached:          1006028 kB
SwapCached:            0 kB
Active:          1299656 kB
Inactive:         703200 kB
Active(anon):     807476 kB
Inactive(anon):   210564 kB
Active(file):     492180 kB
Inactive(file):   492636 kB
Unevictable:       12768 kB
Mlocked:               0 kB
SwapTotal:        720184 kB
SwapFree:         719808 kB
Dirty:                64 kB
Writeback:             0 kB
AnonPages:        984712 kB
Mapped:           697220 kB
Shmem:             33264 kB
Slab:             120236 kB
SReclaimable:      36064 kB
SUnreclaim:        84172 kB
KernelStack:       33968 kB
PageTables:        57012 kB
NFS_Unstable:          0 kB
Bounce:                0 kB
WritebackTmp:          0 kB
CommitLimit:     2172840 kB
Committed_AS:   92544196 kB
VmallocTotal:   251658176 kB
VmallocUsed:      138860 kB
VmallocChunk:   251413036 kB
Time pass: 174 sec

---2015-12-05 14:07:44
MemTotal:        2905316 kB
MemFree:           81032 kB
Buffers:           24840 kB
Cached:          1006076 kB
SwapCached:            0 kB
Active:          1303436 kB
Inactive:         703240 kB
Active(anon):     811232 kB
Inactive(anon):   210564 kB
Active(file):     492204 kB
Inactive(file):   492676 kB
Unevictable:       12768 kB
Mlocked:               0 kB
SwapTotal:        720184 kB
SwapFree:         719808 kB
Dirty:               112 kB
Writeback:             0 kB
AnonPages:        988532 kB
Mapped:           697912 kB
Shmem:             33264 kB
Slab:             120320 kB
SReclaimable:      36064 kB
SUnreclaim:        84256 kB
KernelStack:       34080 kB
PageTables:        57516 kB
NFS_Unstable:          0 kB
Bounce:                0 kB
WritebackTmp:          0 kB
CommitLimit:     2172840 kB
Committed_AS:   93272384 kB
VmallocTotal:   251658176 kB
VmallocUsed:      139880 kB
VmallocChunk:   251413036 kB
Time pass: 178 sec

---2015-12-05 14:07:44
MemTotal:        2905316 kB
MemFree:           80252 kB
Buffers:           24840 kB
Cached:          1006088 kB
SwapCached:            0 kB
Active:          1303456 kB
Inactive:         703244 kB
Active(anon):     811244 kB
Inactive(anon):   210564 kB
Active(file):     492212 kB
Inactive(file):   492680 kB
Unevictable:       12768 kB
Mlocked:               0 kB
SwapTotal:        720184 kB
SwapFree:         719808 kB
Dirty:                12 kB
Writeback:             0 kB
AnonPages:        988576 kB
Mapped:           697976 kB
Shmem:             33264 kB
Slab:             120312 kB
SReclaimable:      36064 kB
SUnreclaim:        84248 kB
KernelStack:       34128 kB
PageTables:        57568 kB
NFS_Unstable:          0 kB
Bounce:                0 kB
WritebackTmp:          0 kB
CommitLimit:     2172840 kB
Committed_AS:   93272688 kB
VmallocTotal:   251658176 kB
VmallocUsed:      139880 kB
VmallocChunk:   251413036 kB
Time pass: 182 sec

---2015-12-05 14:07:44
MemTotal:        2905316 kB
MemFree:           79348 kB
Buffers:           24848 kB
Cached:          1006128 kB
SwapCached:            0 kB
Active:          1304344 kB
Inactive:         703280 kB
Active(anon):     812116 kB
Inactive(anon):   210564 kB
Active(file):     492228 kB
Inactive(file):   492716 kB
Unevictable:       12768 kB
Mlocked:               0 kB
SwapTotal:        720184 kB
SwapFree:         719808 kB
Dirty:                88 kB
Writeback:             0 kB
AnonPages:        989236 kB
Mapped:           697984 kB
Shmem:             33264 kB
Slab:             120408 kB
SReclaimable:      36064 kB
SUnreclaim:        84344 kB
KernelStack:       34096 kB
PageTables:        57556 kB
NFS_Unstable:          0 kB
Bounce:                0 kB
WritebackTmp:          0 kB
CommitLimit:     2172840 kB
Committed_AS:   93272712 kB
VmallocTotal:   251658176 kB
VmallocUsed:      137464 kB
VmallocChunk:   251413036 kB
Time pass: 186 sec

---2015-12-05 14:07:44
MemTotal:        2905316 kB
MemFree:           72612 kB
Buffers:           24872 kB
Cached:           999484 kB
SwapCached:            0 kB
Active:          1313932 kB
Inactive:         699936 kB
Active(anon):     824984 kB
Inactive(anon):   210728 kB
Active(file):     488948 kB
Inactive(file):   489208 kB
Unevictable:       12768 kB
Mlocked:               0 kB
SwapTotal:        720184 kB
SwapFree:         719808 kB
Dirty:               272 kB
Writeback:             4 kB
AnonPages:       1002428 kB
Mapped:           698108 kB
Shmem:             33432 kB
Slab:             120496 kB
SReclaimable:      36064 kB
SUnreclaim:        84432 kB
KernelStack:       34464 kB
PageTables:        57684 kB
NFS_Unstable:          0 kB
Bounce:                0 kB
WritebackTmp:          0 kB
CommitLimit:     2172840 kB
Committed_AS:   93301420 kB
VmallocTotal:   251658176 kB
VmallocUsed:      139912 kB
VmallocChunk:   251413036 kB
Time pass: 189 sec

---2015-12-05 14:07:44
MemTotal:        2905316 kB
MemFree:           71280 kB
Buffers:           24872 kB
Cached:           999560 kB
SwapCached:            0 kB
Active:          1315260 kB
Inactive:         699996 kB
Active(anon):     826296 kB
Inactive(anon):   210748 kB
Active(file):     488964 kB
Inactive(file):   489248 kB
Unevictable:       12768 kB
Mlocked:               0 kB
SwapTotal:        720184 kB
SwapFree:         719808 kB
Dirty:                52 kB
Writeback:             0 kB
AnonPages:       1003408 kB
Mapped:           698184 kB
Shmem:             33452 kB
Slab:             120488 kB
SReclaimable:      36064 kB
SUnreclaim:        84424 kB
KernelStack:       34448 kB
PageTables:        57724 kB
NFS_Unstable:          0 kB
Bounce:                0 kB
WritebackTmp:          0 kB
CommitLimit:     2172840 kB
Committed_AS:   93301384 kB
VmallocTotal:   251658176 kB
VmallocUsed:      139912 kB
VmallocChunk:   251413036 kB
Time pass: 193 sec

---2015-12-05 14:07:44
MemTotal:        2905316 kB
MemFree:           74472 kB
Buffers:           24880 kB
Cached:           999300 kB
SwapCached:            0 kB
Active:          1315352 kB
Inactive:         699864 kB
Active(anon):     826380 kB
Inactive(anon):   210496 kB
Active(file):     488972 kB
Inactive(file):   489368 kB
Unevictable:       12768 kB
Mlocked:               0 kB
SwapTotal:        720184 kB
SwapFree:         719808 kB
Dirty:                80 kB
Writeback:             8 kB
AnonPages:       1003660 kB
Mapped:           697784 kB
Shmem:             33068 kB
Slab:             117944 kB
SReclaimable:      36064 kB
SUnreclaim:        81880 kB
KernelStack:       34448 kB
PageTables:        57492 kB
NFS_Unstable:          0 kB
Bounce:                0 kB
WritebackTmp:          0 kB
CommitLimit:     2172840 kB
Committed_AS:   93021048 kB
VmallocTotal:   251658176 kB
VmallocUsed:      139912 kB
VmallocChunk:   251413036 kB
Time pass: 197 sec

---2015-12-05 14:07:44
MemTotal:        2905316 kB
MemFree:           74800 kB
Buffers:           24888 kB
Cached:           999184 kB
SwapCached:            0 kB
Active:          1315012 kB
Inactive:         699616 kB
Active(anon):     826028 kB
Inactive(anon):   210168 kB
Active(file):     488984 kB
Inactive(file):   489448 kB
Unevictable:       12768 kB
Mlocked:               0 kB
SwapTotal:        720184 kB
SwapFree:         719808 kB
Dirty:                88 kB
Writeback:             0 kB
AnonPages:       1003260 kB
Mapped:           697680 kB
Shmem:             32872 kB
Slab:             117728 kB
SReclaimable:      36064 kB
SUnreclaim:        81664 kB
KernelStack:       34448 kB
PageTables:        57140 kB
NFS_Unstable:          0 kB
Bounce:                0 kB
WritebackTmp:          0 kB
CommitLimit:     2172840 kB
Committed_AS:   93021048 kB
VmallocTotal:   251658176 kB
VmallocUsed:      139912 kB
VmallocChunk:   251413036 kB
Time pass: 200 sec

---2015-12-05 14:07:44
MemTotal:        2905316 kB
MemFree:           77148 kB
Buffers:           24896 kB
Cached:           999192 kB
SwapCached:            0 kB
Active:          1312892 kB
Inactive:         699628 kB
Active(anon):     823904 kB
Inactive(anon):   210168 kB
Active(file):     488988 kB
Inactive(file):   489460 kB
Unevictable:       12768 kB
Mlocked:               0 kB
SwapTotal:        720184 kB
SwapFree:         719808 kB
Dirty:                32 kB
Writeback:             0 kB
AnonPages:       1001184 kB
Mapped:           697760 kB
Shmem:             32872 kB
Slab:             117728 kB
SReclaimable:      36064 kB
SUnreclaim:        81664 kB
KernelStack:       34432 kB
PageTables:        57176 kB
NFS_Unstable:          0 kB
Bounce:                0 kB
WritebackTmp:          0 kB
CommitLimit:     2172840 kB
Committed_AS:   93021048 kB
VmallocTotal:   251658176 kB
VmallocUsed:      139912 kB
VmallocChunk:   251413036 kB
Time pass: 204 sec

---2015-12-05 14:07:44
MemTotal:        2905316 kB
MemFree:           76556 kB
Buffers:           24896 kB
Cached:           999232 kB
SwapCached:            0 kB
Active:          1313936 kB
Inactive:         699660 kB
Active(anon):     824940 kB
Inactive(anon):   210168 kB
Active(file):     488996 kB
Inactive(file):   489492 kB
Unevictable:       12768 kB
Mlocked:               0 kB
SwapTotal:        720184 kB
SwapFree:         719808 kB
Dirty:                72 kB
Writeback:             0 kB
AnonPages:       1002224 kB
Mapped:           697800 kB
Shmem:             32872 kB
Slab:             117728 kB
SReclaimable:      36064 kB
SUnreclaim:        81664 kB
KernelStack:       34416 kB
PageTables:        57176 kB
NFS_Unstable:          0 kB
Bounce:                0 kB
WritebackTmp:          0 kB
CommitLimit:     2172840 kB
Committed_AS:   93021012 kB
VmallocTotal:   251658176 kB
VmallocUsed:      139912 kB
VmallocChunk:   251413036 kB
Time pass: 208 sec

---2015-12-05 14:07:44
MemTotal:        2905316 kB
MemFree:           75344 kB
Buffers:           24904 kB
Cached:           999252 kB
SwapCached:            0 kB
Active:          1314404 kB
Inactive:         699668 kB
Active(anon):     825388 kB
Inactive(anon):   210168 kB
Active(file):     489016 kB
Inactive(file):   489500 kB
Unevictable:       12768 kB
Mlocked:               0 kB
SwapTotal:        720184 kB
SwapFree:         719808 kB
Dirty:                20 kB
Writeback:             0 kB
AnonPages:       1002664 kB
Mapped:           697812 kB
Shmem:             32872 kB
Slab:             117728 kB
SReclaimable:      36064 kB
SUnreclaim:        81664 kB
KernelStack:       34368 kB
PageTables:        57176 kB
NFS_Unstable:          0 kB
Bounce:                0 kB
WritebackTmp:          0 kB
CommitLimit:     2172840 kB
Committed_AS:   93020992 kB
VmallocTotal:   251658176 kB
VmallocUsed:      139912 kB
VmallocChunk:   251413036 kB
Time pass: 212 sec

---2015-12-05 14:07:44
MemTotal:        2905316 kB
MemFree:           69128 kB
Buffers:           24920 kB
Cached:           999244 kB
SwapCached:            0 kB
Active:          1316692 kB
Inactive:         699672 kB
Active(anon):     827672 kB
Inactive(anon):   210168 kB
Active(file):     489020 kB
Inactive(file):   489504 kB
Unevictable:       12768 kB
Mlocked:               0 kB
SwapTotal:        720184 kB
SwapFree:         719808 kB
Dirty:                20 kB
Writeback:             0 kB
AnonPages:       1005144 kB
Mapped:           697828 kB
Shmem:             32872 kB
Slab:             121064 kB
SReclaimable:      39252 kB
SUnreclaim:        81812 kB
KernelStack:       34352 kB
PageTables:        57172 kB
NFS_Unstable:          0 kB
Bounce:                0 kB
WritebackTmp:          0 kB
CommitLimit:     2172840 kB
Committed_AS:   93032492 kB
VmallocTotal:   251658176 kB
VmallocUsed:      140932 kB
VmallocChunk:   251413036 kB
Time pass: 215 sec

---2015-12-05 14:07:44
MemTotal:        2905316 kB
MemFree:           68616 kB
Buffers:           24920 kB
Cached:           999900 kB
SwapCached:            0 kB
Active:          1316384 kB
Inactive:         700148 kB
Active(anon):     827264 kB
Inactive(anon):   210168 kB
Active(file):     489120 kB
Inactive(file):   489980 kB
Unevictable:       12768 kB
Mlocked:               0 kB
SwapTotal:        720184 kB
SwapFree:         719808 kB
Dirty:               144 kB
Writeback:             0 kB
AnonPages:       1004776 kB
Mapped:           698108 kB
Shmem:             32872 kB
Slab:             121720 kB
SReclaimable:      39748 kB
SUnreclaim:        81972 kB
KernelStack:       34416 kB
PageTables:        57252 kB
NFS_Unstable:          0 kB
Bounce:                0 kB
WritebackTmp:          0 kB
CommitLimit:     2172840 kB
Committed_AS:   93026860 kB
VmallocTotal:   251658176 kB
VmallocUsed:      139912 kB
VmallocChunk:   251413036 kB
Time pass: 219 sec

---2015-12-05 14:07:44
MemTotal:        2905316 kB
MemFree:           65764 kB
Buffers:           24944 kB
Cached:           999956 kB
SwapCached:            0 kB
Active:          1319416 kB
Inactive:         700300 kB
Active(anon):     830288 kB
Inactive(anon):   210176 kB
Active(file):     489128 kB
Inactive(file):   490124 kB
Unevictable:       12768 kB
Mlocked:               0 kB
SwapTotal:        720184 kB
SwapFree:         719808 kB
Dirty:                16 kB
Writeback:             0 kB
AnonPages:       1007612 kB
Mapped:           698104 kB
Shmem:             32880 kB
Slab:             121832 kB
SReclaimable:      39856 kB
SUnreclaim:        81976 kB
KernelStack:       34448 kB
PageTables:        57224 kB
NFS_Unstable:          0 kB
Bounce:                0 kB
WritebackTmp:          0 kB
CommitLimit:     2172840 kB
Committed_AS:   93028428 kB
VmallocTotal:   251658176 kB
VmallocUsed:      139912 kB
VmallocChunk:   251413036 kB
Time pass: 223 sec

---2015-12-05 14:07:44
MemTotal:        2905316 kB
MemFree:           65464 kB
Buffers:           24984 kB
Cached:          1000024 kB
SwapCached:            0 kB
Active:          1320508 kB
Inactive:         700360 kB
Active(anon):     831332 kB
Inactive(anon):   210104 kB
Active(file):     489176 kB
Inactive(file):   490256 kB
Unevictable:       12768 kB
Mlocked:               0 kB
SwapTotal:        720184 kB
SwapFree:         719808 kB
Dirty:               132 kB
Writeback:             0 kB
AnonPages:       1008760 kB
Mapped:           698036 kB
Shmem:             32808 kB
Slab:             121704 kB
SReclaimable:      39864 kB
SUnreclaim:        81840 kB
KernelStack:       34384 kB
PageTables:        57192 kB
NFS_Unstable:          0 kB
Bounce:                0 kB
WritebackTmp:          0 kB
CommitLimit:     2172840 kB
Committed_AS:   93030728 kB
VmallocTotal:   251658176 kB
VmallocUsed:      139912 kB
VmallocChunk:   251413036 kB
Time pass: 226 sec

---2015-12-05 14:07:44
MemTotal:        2905316 kB
MemFree:           64132 kB
Buffers:           24992 kB
Cached:          1000088 kB
SwapCached:            0 kB
Active:          1321616 kB
Inactive:         700428 kB
Active(anon):     832436 kB
Inactive(anon):   210172 kB
Active(file):     489180 kB
Inactive(file):   490256 kB
Unevictable:       12768 kB
Mlocked:               0 kB
SwapTotal:        720184 kB
SwapFree:         719808 kB
Dirty:               136 kB
Writeback:             0 kB
AnonPages:       1009628 kB
Mapped:           698108 kB
Shmem:             32876 kB
Slab:             121720 kB
SReclaimable:      39880 kB
SUnreclaim:        81840 kB
KernelStack:       34416 kB
PageTables:        57244 kB
NFS_Unstable:          0 kB
Bounce:                0 kB
WritebackTmp:          0 kB
CommitLimit:     2172840 kB
Committed_AS:   93057408 kB
VmallocTotal:   251658176 kB
VmallocUsed:      139912 kB
VmallocChunk:   251413036 kB
Time pass: 230 sec

---2015-12-05 14:07:44
MemTotal:        2905316 kB
MemFree:           62816 kB
Buffers:           25008 kB
Cached:          1000088 kB
SwapCached:            0 kB
Active:          1322484 kB
Inactive:         700440 kB
Active(anon):     833300 kB
Inactive(anon):   210180 kB
Active(file):     489184 kB
Inactive(file):   490260 kB
Unevictable:       12768 kB
Mlocked:               0 kB
SwapTotal:        720184 kB
SwapFree:         719808 kB
Dirty:                64 kB
Writeback:             0 kB
AnonPages:       1010932 kB
Mapped:           698124 kB
Shmem:             32884 kB
Slab:             121724 kB
SReclaimable:      39884 kB
SUnreclaim:        81840 kB
KernelStack:       34416 kB
PageTables:        57244 kB
NFS_Unstable:          0 kB
Bounce:                0 kB
WritebackTmp:          0 kB
CommitLimit:     2172840 kB
Committed_AS:   93057456 kB
VmallocTotal:   251658176 kB
VmallocUsed:      139912 kB
VmallocChunk:   251413036 kB
Time pass: 234 sec

---2015-12-05 14:07:44
MemTotal:        2905316 kB
MemFree:           70552 kB
Buffers:           24996 kB
Cached:           993028 kB
SwapCached:            0 kB
Active:          1319884 kB
Inactive:         696372 kB
Active(anon):     833704 kB
Inactive(anon):   209976 kB
Active(file):     486180 kB
Inactive(file):   486396 kB
Unevictable:       12768 kB
Mlocked:               0 kB
SwapTotal:        720184 kB
SwapFree:         719600 kB
Dirty:                20 kB
Writeback:             0 kB
AnonPages:       1011352 kB
Mapped:           697692 kB
Shmem:             32680 kB
Slab:             121724 kB
SReclaimable:      39884 kB
SUnreclaim:        81840 kB
KernelStack:       34416 kB
PageTables:        57244 kB
NFS_Unstable:          0 kB
Bounce:                0 kB
WritebackTmp:          0 kB
CommitLimit:     2172840 kB
Committed_AS:   93057444 kB
VmallocTotal:   251658176 kB
VmallocUsed:      139912 kB
VmallocChunk:   251413036 kB
Time pass: 238 sec

---2015-12-05 14:07:44
MemTotal:        2905316 kB
MemFree:           69384 kB
Buffers:           25004 kB
Cached:           993044 kB
SwapCached:            0 kB
Active:          1320344 kB
Inactive:         696396 kB
Active(anon):     834164 kB
Inactive(anon):   209992 kB
Active(file):     486180 kB
Inactive(file):   486404 kB
Unevictable:       12768 kB
Mlocked:               0 kB
SwapTotal:        720184 kB
SwapFree:         719600 kB
Dirty:                56 kB
Writeback:             0 kB
AnonPages:       1011564 kB
Mapped:           697716 kB
Shmem:             32696 kB
Slab:             121724 kB
SReclaimable:      39884 kB
SUnreclaim:        81840 kB
KernelStack:       34384 kB
PageTables:        57244 kB
NFS_Unstable:          0 kB
Bounce:                0 kB
WritebackTmp:          0 kB
CommitLimit:     2172840 kB
Committed_AS:   93057444 kB
VmallocTotal:   251658176 kB
VmallocUsed:      139912 kB
VmallocChunk:   251413036 kB
Time pass: 241 sec

---2015-12-05 14:07:44
MemTotal:        2905316 kB
MemFree:           69176 kB
Buffers:           25012 kB
Cached:           993052 kB
SwapCached:            0 kB
Active:          1320944 kB
Inactive:         696408 kB
Active(anon):     834760 kB
Inactive(anon):   209992 kB
Active(file):     486184 kB
Inactive(file):   486416 kB
Unevictable:       12768 kB
Mlocked:               0 kB
SwapTotal:        720184 kB
SwapFree:         719600 kB
Dirty:                80 kB
Writeback:             0 kB
AnonPages:       1011892 kB
Mapped:           697728 kB
Shmem:             32696 kB
Slab:             121724 kB
SReclaimable:      39884 kB
SUnreclaim:        81840 kB
KernelStack:       34416 kB
PageTables:        57244 kB
NFS_Unstable:          0 kB
Bounce:                0 kB
WritebackTmp:          0 kB
CommitLimit:     2172840 kB
Committed_AS:   93057456 kB
VmallocTotal:   251658176 kB
VmallocUsed:      139912 kB
VmallocChunk:   251413036 kB
Time pass: 245 sec

---2015-12-05 14:07:44
MemTotal:        2905316 kB
MemFree:           68428 kB
Buffers:           25028 kB
Cached:           993084 kB
SwapCached:            0 kB
Active:          1321944 kB
Inactive:         696448 kB
Active(anon):     835752 kB
Inactive(anon):   209992 kB
Active(file):     486192 kB
Inactive(file):   486456 kB
Unevictable:       12768 kB
Mlocked:               0 kB
SwapTotal:        720184 kB
SwapFree:         719600 kB
Dirty:               112 kB
Writeback:             0 kB
AnonPages:       1013020 kB
Mapped:           697732 kB
Shmem:             32696 kB
Slab:             121724 kB
SReclaimable:      39884 kB
SUnreclaim:        81840 kB
KernelStack:       34400 kB
PageTables:        57244 kB
NFS_Unstable:          0 kB
Bounce:                0 kB
WritebackTmp:          0 kB
CommitLimit:     2172840 kB
Committed_AS:   93057456 kB
VmallocTotal:   251658176 kB
VmallocUsed:      139912 kB
VmallocChunk:   251413036 kB
Time pass: 249 sec

---2015-12-05 14:07:44
MemTotal:        2905316 kB
MemFree:           67372 kB
Buffers:           25036 kB
Cached:           993124 kB
SwapCached:            0 kB
Active:          1323152 kB
Inactive:         696488 kB
Active(anon):     836952 kB
Inactive(anon):   209992 kB
Active(file):     486200 kB
Inactive(file):   486496 kB
Unevictable:       12768 kB
Mlocked:               0 kB
SwapTotal:        720184 kB
SwapFree:         719600 kB
Dirty:               108 kB
Writeback:             0 kB
AnonPages:       1014376 kB
Mapped:           697744 kB
Shmem:             32696 kB
Slab:             121688 kB
SReclaimable:      39884 kB
SUnreclaim:        81804 kB
KernelStack:       34336 kB
PageTables:        57244 kB
NFS_Unstable:          0 kB
Bounce:                0 kB
WritebackTmp:          0 kB
CommitLimit:     2172840 kB
Committed_AS:   93057444 kB
VmallocTotal:   251658176 kB
VmallocUsed:      139912 kB
VmallocChunk:   251413036 kB
Time pass: 253 sec

---2015-12-05 14:07:44
MemTotal:        2905316 kB
MemFree:           66476 kB
Buffers:           25044 kB
Cached:           993156 kB
SwapCached:            0 kB
Active:          1323756 kB
Inactive:         696524 kB
Active(anon):     837552 kB
Inactive(anon):   210016 kB
Active(file):     486204 kB
Inactive(file):   486508 kB
Unevictable:       12768 kB
Mlocked:               0 kB
SwapTotal:        720184 kB
SwapFree:         719600 kB
Dirty:                36 kB
Writeback:             0 kB
AnonPages:       1014712 kB
Mapped:           697772 kB
Shmem:             32720 kB
Slab:             121688 kB
SReclaimable:      39884 kB
SUnreclaim:        81804 kB
KernelStack:       34336 kB
PageTables:        57248 kB
NFS_Unstable:          0 kB
Bounce:                0 kB
WritebackTmp:          0 kB
CommitLimit:     2172840 kB
Committed_AS:   93057444 kB
VmallocTotal:   251658176 kB
VmallocUsed:      139912 kB
VmallocChunk:   251413036 kB
Time pass: 256 sec

---2015-12-05 14:07:44
MemTotal:        2905316 kB
MemFree:           65788 kB
Buffers:           25060 kB
Cached:           993236 kB
SwapCached:            0 kB
Active:          1324656 kB
Inactive:         696596 kB
Active(anon):     838440 kB
Inactive(anon):   210052 kB
Active(file):     486216 kB
Inactive(file):   486544 kB
Unevictable:       12768 kB
Mlocked:               0 kB
SwapTotal:        720184 kB
SwapFree:         719600 kB
Dirty:               124 kB
Writeback:             0 kB
AnonPages:       1015724 kB
Mapped:           697828 kB
Shmem:             32768 kB
Slab:             121688 kB
SReclaimable:      39884 kB
SUnreclaim:        81804 kB
KernelStack:       34288 kB
PageTables:        57276 kB
NFS_Unstable:          0 kB
Bounce:                0 kB
WritebackTmp:          0 kB
CommitLimit:     2172840 kB
Committed_AS:   93084080 kB
VmallocTotal:   251658176 kB
VmallocUsed:      139912 kB
VmallocChunk:   251413036 kB
Time pass: 260 sec

---2015-12-05 14:07:44
MemTotal:        2905316 kB
MemFree:           64152 kB
Buffers:           25068 kB
Cached:           993288 kB
SwapCached:            0 kB
Active:          1326312 kB
Inactive:         696652 kB
Active(anon):     840084 kB
Inactive(anon):   210080 kB
Active(file):     486228 kB
Inactive(file):   486572 kB
Unevictable:       12768 kB
Mlocked:               0 kB
SwapTotal:        720184 kB
SwapFree:         719600 kB
Dirty:                48 kB
Writeback:             0 kB
AnonPages:       1017372 kB
Mapped:           697852 kB
Shmem:             32784 kB
Slab:             121688 kB
SReclaimable:      39884 kB
SUnreclaim:        81804 kB
KernelStack:       34288 kB
PageTables:        57292 kB
NFS_Unstable:          0 kB
Bounce:                0 kB
WritebackTmp:          0 kB
CommitLimit:     2172840 kB
Committed_AS:   93084092 kB
VmallocTotal:   251658176 kB
VmallocUsed:      139912 kB
VmallocChunk:   251413036 kB
Time pass: 264 sec

---2015-12-05 14:07:44
MemTotal:        2905316 kB
MemFree:           64104 kB
Buffers:           25084 kB
Cached:           993312 kB
SwapCached:            0 kB
Active:          1326132 kB
Inactive:         696684 kB
Active(anon):     839892 kB
Inactive(anon):   210080 kB
Active(file):     486240 kB
Inactive(file):   486604 kB
Unevictable:       12768 kB
Mlocked:               0 kB
SwapTotal:        720184 kB
SwapFree:         719600 kB
Dirty:                88 kB
Writeback:             0 kB
AnonPages:       1017136 kB
Mapped:           697928 kB
Shmem:             32784 kB
Slab:             121688 kB
SReclaimable:      39884 kB
SUnreclaim:        81804 kB
KernelStack:       34304 kB
PageTables:        57292 kB
NFS_Unstable:          0 kB
Bounce:                0 kB
WritebackTmp:          0 kB
CommitLimit:     2172840 kB
Committed_AS:   93084044 kB
VmallocTotal:   251658176 kB
VmallocUsed:      139912 kB
VmallocChunk:   251413036 kB
Time pass: 268 sec

---2015-12-05 14:07:44
MemTotal:        2905316 kB
MemFree:           79004 kB
Buffers:           24740 kB
Cached:           986680 kB
SwapCached:            0 kB
Active:          1318932 kB
Inactive:         693304 kB
Active(anon):     836032 kB
Inactive(anon):   210340 kB
Active(file):     482900 kB
Inactive(file):   482964 kB
Unevictable:       12768 kB
Mlocked:               0 kB
SwapTotal:        720184 kB
SwapFree:         719600 kB
Dirty:                28 kB
Writeback:             0 kB
AnonPages:       1013484 kB
Mapped:           697936 kB
Shmem:             32788 kB
Slab:             117656 kB
SReclaimable:      36140 kB
SUnreclaim:        81516 kB
KernelStack:       34320 kB
PageTables:        57292 kB
NFS_Unstable:          0 kB
Bounce:                0 kB
WritebackTmp:          0 kB
CommitLimit:     2172840 kB
Committed_AS:   93084112 kB
VmallocTotal:   251658176 kB
VmallocUsed:      139912 kB
VmallocChunk:   251413036 kB
Time pass: 272 sec

---2015-12-05 14:07:44
MemTotal:        2905316 kB
MemFree:           85168 kB
Buffers:           24748 kB
Cached:           986676 kB
SwapCached:            0 kB
Active:          1312592 kB
Inactive:         693308 kB
Active(anon):     829692 kB
Inactive(anon):   210340 kB
Active(file):     482900 kB
Inactive(file):   482968 kB
Unevictable:       12768 kB
Mlocked:               0 kB
SwapTotal:        720184 kB
SwapFree:         719600 kB
Dirty:                36 kB
Writeback:             0 kB
AnonPages:       1007144 kB
Mapped:           697936 kB
Shmem:             32788 kB
Slab:             117800 kB
SReclaimable:      36284 kB
SUnreclaim:        81516 kB
KernelStack:       34304 kB
PageTables:        57288 kB
NFS_Unstable:          0 kB
Bounce:                0 kB
WritebackTmp:          0 kB
CommitLimit:     2172840 kB
Committed_AS:   93084072 kB
VmallocTotal:   251658176 kB
VmallocUsed:      139912 kB
VmallocChunk:   251413036 kB
Time pass: 275 sec

---2015-12-05 14:07:44
MemTotal:        2905316 kB
MemFree:           84904 kB
Buffers:           24748 kB
Cached:           986688 kB
SwapCached:            0 kB
Active:          1312744 kB
Inactive:         693316 kB
Active(anon):     829840 kB
Inactive(anon):   210340 kB
Active(file):     482904 kB
Inactive(file):   482976 kB
Unevictable:       12768 kB
Mlocked:               0 kB
SwapTotal:        720184 kB
SwapFree:         719600 kB
Dirty:                44 kB
Writeback:             0 kB
AnonPages:       1007424 kB
Mapped:           697936 kB
Shmem:             32788 kB
Slab:             117800 kB
SReclaimable:      36284 kB
SUnreclaim:        81516 kB
KernelStack:       34320 kB
PageTables:        57292 kB
NFS_Unstable:          0 kB
Bounce:                0 kB
WritebackTmp:          0 kB
CommitLimit:     2172840 kB
Committed_AS:   93084108 kB
VmallocTotal:   251658176 kB
VmallocUsed:      139912 kB
VmallocChunk:   251413036 kB
Time pass: 279 sec

---2015-12-05 14:07:44
MemTotal:        2905316 kB
MemFree:           83472 kB
Buffers:           24772 kB
Cached:           986724 kB
SwapCached:            0 kB
Active:          1314024 kB
Inactive:         693364 kB
Active(anon):     831108 kB
Inactive(anon):   210344 kB
Active(file):     482916 kB
Inactive(file):   483020 kB
Unevictable:       12768 kB
Mlocked:               0 kB
SwapTotal:        720184 kB
SwapFree:         719600 kB
Dirty:               116 kB
Writeback:             0 kB
AnonPages:       1008688 kB
Mapped:           697948 kB
Shmem:             32792 kB
Slab:             117800 kB
SReclaimable:      36284 kB
SUnreclaim:        81516 kB
KernelStack:       34304 kB
PageTables:        57288 kB
NFS_Unstable:          0 kB
Bounce:                0 kB
WritebackTmp:          0 kB
CommitLimit:     2172840 kB
Committed_AS:   93084092 kB
VmallocTotal:   251658176 kB
VmallocUsed:      139912 kB
VmallocChunk:   251413036 kB
Time pass: 283 sec

---2015-12-05 14:07:44
MemTotal:        2905316 kB
MemFree:           83636 kB
Buffers:           24780 kB
Cached:           986732 kB
SwapCached:            0 kB
Active:          1314124 kB
Inactive:         693376 kB
Active(anon):     831204 kB
Inactive(anon):   210348 kB
Active(file):     482920 kB
Inactive(file):   483028 kB
Unevictable:       12768 kB
Mlocked:               0 kB
SwapTotal:        720184 kB
SwapFree:         719600 kB
Dirty:                64 kB
Writeback:             0 kB
AnonPages:       1008812 kB
Mapped:           697964 kB
Shmem:             32796 kB
Slab:             117800 kB
SReclaimable:      36284 kB
SUnreclaim:        81516 kB
KernelStack:       34288 kB
PageTables:        57292 kB
NFS_Unstable:          0 kB
Bounce:                0 kB
WritebackTmp:          0 kB
CommitLimit:     2172840 kB
Committed_AS:   93084068 kB
VmallocTotal:   251658176 kB
VmallocUsed:      139912 kB
VmallocChunk:   251413036 kB
Time pass: 287 sec

---2015-12-05 14:07:44
MemTotal:        2905316 kB
MemFree:           83488 kB
Buffers:           24780 kB
Cached:           986824 kB
SwapCached:            0 kB
Active:          1314444 kB
Inactive:         693464 kB
Active(anon):     831520 kB
Inactive(anon):   210436 kB
Active(file):     482924 kB
Inactive(file):   483028 kB
Unevictable:       12768 kB
Mlocked:               0 kB
SwapTotal:        720184 kB
SwapFree:         719600 kB
Dirty:                 4 kB
Writeback:             0 kB
AnonPages:       1009176 kB
Mapped:           697996 kB
Shmem:             32884 kB
Slab:             117800 kB
SReclaimable:      36284 kB
SUnreclaim:        81516 kB
KernelStack:       34256 kB
PageTables:        57308 kB
NFS_Unstable:          0 kB
Bounce:                0 kB
WritebackTmp:          0 kB
CommitLimit:     2172840 kB
Committed_AS:   93110656 kB
VmallocTotal:   251658176 kB
VmallocUsed:      139912 kB
VmallocChunk:   251413036 kB
Time pass: 290 sec

---2015-12-05 14:07:44
MemTotal:        2905316 kB
MemFree:           82964 kB
Buffers:           24804 kB
Cached:           986808 kB
SwapCached:            0 kB
Active:          1314776 kB
Inactive:         693472 kB
Active(anon):     831852 kB
Inactive(anon):   210436 kB
Active(file):     482924 kB
Inactive(file):   483036 kB
Unevictable:       12768 kB
Mlocked:               0 kB
SwapTotal:        720184 kB
SwapFree:         719600 kB
Dirty:                24 kB
Writeback:             0 kB
AnonPages:       1009740 kB
Mapped:           698060 kB
Shmem:             32884 kB
Slab:             117800 kB
SReclaimable:      36284 kB
SUnreclaim:        81516 kB
KernelStack:       34288 kB
PageTables:        57332 kB
NFS_Unstable:          0 kB
Bounce:                0 kB
WritebackTmp:          0 kB
CommitLimit:     2172840 kB
Committed_AS:   93110664 kB
VmallocTotal:   251658176 kB
VmallocUsed:      139912 kB
VmallocChunk:   251413036 kB
Time pass: 294 sec

---2015-12-05 14:07:44
MemTotal:        2905316 kB
MemFree:           82248 kB
Buffers:           24804 kB
Cached:           986856 kB
SwapCached:            0 kB
Active:          1315152 kB
Inactive:         693512 kB
Active(anon):     832220 kB
Inactive(anon):   210436 kB
Active(file):     482932 kB
Inactive(file):   483076 kB
Unevictable:       12768 kB
Mlocked:               0 kB
SwapTotal:        720184 kB
SwapFree:         719600 kB
Dirty:                16 kB
Writeback:             0 kB
AnonPages:       1009528 kB
Mapped:           698064 kB
Shmem:             32884 kB
Slab:             117816 kB
SReclaimable:      36300 kB
SUnreclaim:        81516 kB
KernelStack:       34272 kB
PageTables:        57336 kB
NFS_Unstable:          0 kB
Bounce:                0 kB
WritebackTmp:          0 kB
CommitLimit:     2172840 kB
Committed_AS:   93110632 kB
VmallocTotal:   251658176 kB
VmallocUsed:      139912 kB
VmallocChunk:   251413036 kB
Time pass: 298 sec

---2015-12-05 14:07:44
MemTotal:        2905316 kB
MemFree:           82540 kB
Buffers:           24812 kB
Cached:           986856 kB
SwapCached:            0 kB
Active:          1314716 kB
Inactive:         693520 kB
Active(anon):     831784 kB
Inactive(anon):   210436 kB
Active(file):     482932 kB
Inactive(file):   483084 kB
Unevictable:       12768 kB
Mlocked:               0 kB
SwapTotal:        720184 kB
SwapFree:         719600 kB
Dirty:                56 kB
Writeback:             0 kB
AnonPages:       1009612 kB
Mapped:           698072 kB
Shmem:             32884 kB
Slab:             117816 kB
SReclaimable:      36300 kB
SUnreclaim:        81516 kB
KernelStack:       34272 kB
PageTables:        57332 kB
NFS_Unstable:          0 kB
Bounce:                0 kB
WritebackTmp:          0 kB
CommitLimit:     2172840 kB
Committed_AS:   93110676 kB
VmallocTotal:   251658176 kB
VmallocUsed:      139912 kB
VmallocChunk:   251413036 kB
Time pass: 302 sec

---2015-12-05 14:07:44
MemTotal:        2905316 kB
MemFree:           82480 kB
Buffers:           24820 kB
Cached:           986924 kB
SwapCached:            0 kB
Active:          1315232 kB
Inactive:         693596 kB
Active(anon):     832300 kB
Inactive(anon):   210440 kB
Active(file):     482932 kB
Inactive(file):   483156 kB
Unevictable:       12768 kB
Mlocked:               0 kB
SwapTotal:        720184 kB
SwapFree:         719600 kB
Dirty:                20 kB
Writeback:             0 kB
AnonPages:       1009852 kB
Mapped:           698160 kB
Shmem:             32888 kB
Slab:             117816 kB
SReclaimable:      36300 kB
SUnreclaim:        81516 kB
KernelStack:       34240 kB
PageTables:        57376 kB
NFS_Unstable:          0 kB
Bounce:                0 kB
WritebackTmp:          0 kB
CommitLimit:     2172840 kB
Committed_AS:   93110636 kB
VmallocTotal:   251658176 kB
VmallocUsed:      139912 kB
VmallocChunk:   251413036 kB
Time pass: 306 sec

---2015-12-05 14:07:44
MemTotal:        2905316 kB
MemFree:           81988 kB
Buffers:           24836 kB
Cached:           986960 kB
SwapCached:            0 kB
Active:          1315380 kB
Inactive:         693636 kB
Active(anon):     832436 kB
Inactive(anon):   210440 kB
Active(file):     482944 kB
Inactive(file):   483196 kB
Unevictable:       12768 kB
Mlocked:               0 kB
SwapTotal:        720184 kB
SwapFree:         719600 kB
Dirty:               112 kB
Writeback:             0 kB
AnonPages:       1009888 kB
Mapped:           698168 kB
Shmem:             32888 kB
Slab:             117816 kB
SReclaimable:      36300 kB
SUnreclaim:        81516 kB
KernelStack:       34272 kB
PageTables:        57404 kB
NFS_Unstable:          0 kB
Bounce:                0 kB
WritebackTmp:          0 kB
CommitLimit:     2172840 kB
Committed_AS:   93110648 kB
VmallocTotal:   251658176 kB
VmallocUsed:      139912 kB
VmallocChunk:   251413036 kB
Time pass: 309 sec

---2015-12-05 14:07:44
MemTotal:        2905316 kB
MemFree:           81680 kB
Buffers:           24844 kB
Cached:           986960 kB
SwapCached:            0 kB
Active:          1315708 kB
Inactive:         693644 kB
Active(anon):     832764 kB
Inactive(anon):   210440 kB
Active(file):     482944 kB
Inactive(file):   483204 kB
Unevictable:       12768 kB
Mlocked:               0 kB
SwapTotal:        720184 kB
SwapFree:         719600 kB
Dirty:                72 kB
Writeback:             0 kB
AnonPages:       1010020 kB
Mapped:           698172 kB
Shmem:             32888 kB
Slab:             117816 kB
SReclaimable:      36300 kB
SUnreclaim:        81516 kB
KernelStack:       34224 kB
PageTables:        57376 kB
NFS_Unstable:          0 kB
Bounce:                0 kB
WritebackTmp:          0 kB
CommitLimit:     2172840 kB
Committed_AS:   93110648 kB
VmallocTotal:   251658176 kB
VmallocUsed:      139912 kB
VmallocChunk:   251413036 kB
Time pass: 313 sec

---2015-12-05 14:07:44
MemTotal:        2905316 kB
MemFree:           81492 kB
Buffers:           24852 kB
Cached:           986960 kB
SwapCached:            0 kB
Active:          1315876 kB
Inactive:         693648 kB
Active(anon):     832928 kB
Inactive(anon):   210444 kB
Active(file):     482948 kB
Inactive(file):   483204 kB
Unevictable:       12768 kB
Mlocked:               0 kB
SwapTotal:        720184 kB
SwapFree:         719600 kB
Dirty:                 4 kB
Writeback:             0 kB
AnonPages:       1010604 kB
Mapped:           698180 kB
Shmem:             32892 kB
Slab:             117816 kB
SReclaimable:      36300 kB
SUnreclaim:        81516 kB
KernelStack:       34208 kB
PageTables:        57372 kB
NFS_Unstable:          0 kB
Bounce:                0 kB
WritebackTmp:          0 kB
CommitLimit:     2172840 kB
Committed_AS:   93130992 kB
VmallocTotal:   251658176 kB
VmallocUsed:      139912 kB
VmallocChunk:   251413036 kB
Time pass: 317 sec

---2015-12-05 14:07:44
MemTotal:        2905316 kB
MemFree:           80848 kB
Buffers:           24868 kB
Cached:           987080 kB
SwapCached:            0 kB
Active:          1316400 kB
Inactive:         693772 kB
Active(anon):     833440 kB
Inactive(anon):   210504 kB
Active(file):     482960 kB
Inactive(file):   483268 kB
Unevictable:       12768 kB
Mlocked:               0 kB
SwapTotal:        720184 kB
SwapFree:         719600 kB
Dirty:                 4 kB
Writeback:            16 kB
AnonPages:       1011104 kB
Mapped:           698180 kB
Shmem:             32952 kB
Slab:             117816 kB
SReclaimable:      36300 kB
SUnreclaim:        81516 kB
KernelStack:       34176 kB
PageTables:        57376 kB
NFS_Unstable:          0 kB
Bounce:                0 kB
WritebackTmp:          0 kB
CommitLimit:     2172840 kB
Committed_AS:   93137120 kB
VmallocTotal:   251658176 kB
VmallocUsed:      139912 kB
VmallocChunk:   251413036 kB
Time pass: 321 sec

---2015-12-05 14:07:44
MemTotal:        2905316 kB
MemFree:           80320 kB
Buffers:           24876 kB
Cached:           987116 kB
SwapCached:            0 kB
Active:          1316976 kB
Inactive:         693812 kB
Active(anon):     834012 kB
Inactive(anon):   210532 kB
Active(file):     482964 kB
Inactive(file):   483280 kB
Unevictable:       12768 kB
Mlocked:               0 kB
SwapTotal:        720184 kB
SwapFree:         719600 kB
Dirty:                68 kB
Writeback:             0 kB
AnonPages:       1011380 kB
Mapped:           698280 kB
Shmem:             32980 kB
Slab:             117816 kB
SReclaimable:      36300 kB
SUnreclaim:        81516 kB
KernelStack:       34144 kB
PageTables:        57400 kB
NFS_Unstable:          0 kB
Bounce:                0 kB
WritebackTmp:          0 kB
CommitLimit:     2172840 kB
Committed_AS:   93137108 kB
VmallocTotal:   251658176 kB
VmallocUsed:      139912 kB
VmallocChunk:   251413036 kB
Time pass: 325 sec

---2015-12-05 14:07:44
MemTotal:        2905316 kB
MemFree:           80076 kB
Buffers:           24884 kB
Cached:           987128 kB
SwapCached:            0 kB
Active:          1317140 kB
Inactive:         693820 kB
Active(anon):     834172 kB
Inactive(anon):   210536 kB
Active(file):     482968 kB
Inactive(file):   483284 kB
Unevictable:       12768 kB
Mlocked:               0 kB
SwapTotal:        720184 kB
SwapFree:         719600 kB
Dirty:                48 kB
Writeback:             0 kB
AnonPages:       1011688 kB
Mapped:           698324 kB
Shmem:             32984 kB
Slab:             117816 kB
SReclaimable:      36300 kB
SUnreclaim:        81516 kB
KernelStack:       34160 kB
PageTables:        57400 kB
NFS_Unstable:          0 kB
Bounce:                0 kB
WritebackTmp:          0 kB
CommitLimit:     2172840 kB
Committed_AS:   93137064 kB
VmallocTotal:   251658176 kB
VmallocUsed:      139912 kB
VmallocChunk:   251413036 kB
Time pass: 328 sec

---2015-12-05 14:07:44
MemTotal:        2905316 kB
MemFree:           79276 kB
Buffers:           24900 kB
Cached:           987192 kB
SwapCached:            0 kB
Active:          1317824 kB
Inactive:         693900 kB
Active(anon):     834848 kB
Inactive(anon):   210536 kB
Active(file):     482976 kB
Inactive(file):   483364 kB
Unevictable:       12768 kB
Mlocked:               0 kB
SwapTotal:        720184 kB
SwapFree:         719600 kB
Dirty:                20 kB
Writeback:             0 kB
AnonPages:       1012492 kB
Mapped:           698344 kB
Shmem:             32984 kB
Slab:             117824 kB
SReclaimable:      36300 kB
SUnreclaim:        81524 kB
KernelStack:       34128 kB
PageTables:        57400 kB
NFS_Unstable:          0 kB
Bounce:                0 kB
WritebackTmp:          0 kB
CommitLimit:     2172840 kB
Committed_AS:   93137036 kB
VmallocTotal:   251658176 kB
VmallocUsed:      139912 kB
VmallocChunk:   251413036 kB
Time pass: 332 sec

---2015-12-05 14:07:44
MemTotal:        2905316 kB
MemFree:           78404 kB
Buffers:           24908 kB
Cached:           987424 kB
SwapCached:            0 kB
Active:          1318932 kB
Inactive:         694084 kB
Active(anon):     835928 kB
Inactive(anon):   210508 kB
Active(file):     483004 kB
Inactive(file):   483576 kB
Unevictable:       12768 kB
Mlocked:               0 kB
SwapTotal:        720184 kB
SwapFree:         719600 kB
Dirty:               100 kB
Writeback:             0 kB
AnonPages:       1013480 kB
Mapped:           698424 kB
Shmem:             32984 kB
Slab:             117816 kB
SReclaimable:      36300 kB
SUnreclaim:        81516 kB
KernelStack:       34128 kB
PageTables:        57404 kB
NFS_Unstable:          0 kB
Bounce:                0 kB
WritebackTmp:          0 kB
CommitLimit:     2172840 kB
Committed_AS:   93137048 kB
VmallocTotal:   251658176 kB
VmallocUsed:      139912 kB
VmallocChunk:   251413036 kB
Time pass: 336 sec

---2015-12-05 14:07:44
MemTotal:        2905316 kB
MemFree:           77764 kB
Buffers:           24916 kB
Cached:           987428 kB
SwapCached:            0 kB
Active:          1318768 kB
Inactive:         694092 kB
Active(anon):     835760 kB
Inactive(anon):   210508 kB
Active(file):     483008 kB
Inactive(file):   483584 kB
Unevictable:       12768 kB
Mlocked:               0 kB
SwapTotal:        720184 kB
SwapFree:         719600 kB
Dirty:               112 kB
Writeback:             0 kB
AnonPages:       1013376 kB
Mapped:           698424 kB
Shmem:             32984 kB
Slab:             117816 kB
SReclaimable:      36300 kB
SUnreclaim:        81516 kB
KernelStack:       34080 kB
PageTables:        57396 kB
NFS_Unstable:          0 kB
Bounce:                0 kB
WritebackTmp:          0 kB
CommitLimit:     2172840 kB
Committed_AS:   93137020 kB
VmallocTotal:   251658176 kB
VmallocUsed:      139912 kB
VmallocChunk:   251413036 kB
Time pass: 340 sec

---2015-12-05 14:07:44
MemTotal:        2905316 kB
MemFree:           77684 kB
Buffers:           24932 kB
Cached:           987464 kB
SwapCached:            0 kB
Active:          1319464 kB
Inactive:         694140 kB
Active(anon):     836452 kB
Inactive(anon):   210508 kB
Active(file):     483012 kB
Inactive(file):   483632 kB
Unevictable:       12768 kB
Mlocked:               0 kB
SwapTotal:        720184 kB
SwapFree:         719600 kB
Dirty:               104 kB
Writeback:             0 kB
AnonPages:       1014080 kB
Mapped:           698432 kB
Shmem:             32984 kB
Slab:             117816 kB
SReclaimable:      36300 kB
SUnreclaim:        81516 kB
KernelStack:       34112 kB
PageTables:        57400 kB
NFS_Unstable:          0 kB
Bounce:                0 kB
WritebackTmp:          0 kB
CommitLimit:     2172840 kB
Committed_AS:   93137020 kB
VmallocTotal:   251658176 kB
VmallocUsed:      139912 kB
VmallocChunk:   251413036 kB
Time pass: 343 sec

---2015-12-05 14:07:44
MemTotal:        2905316 kB
MemFree:           77208 kB
Buffers:           24940 kB
Cached:           987456 kB
SwapCached:            0 kB
Active:          1319720 kB
Inactive:         694136 kB
Active(anon):     836704 kB
Inactive(anon):   210508 kB
Active(file):     483016 kB
Inactive(file):   483628 kB
Unevictable:       12768 kB
Mlocked:               0 kB
SwapTotal:        720184 kB
SwapFree:         719600 kB
Dirty:                 8 kB
Writeback:             0 kB
AnonPages:       1014464 kB
Mapped:           698436 kB
Shmem:             32984 kB
Slab:             117720 kB
SReclaimable:      36204 kB
SUnreclaim:        81516 kB
KernelStack:       34128 kB
PageTables:        57400 kB
NFS_Unstable:          0 kB
Bounce:                0 kB
WritebackTmp:          0 kB
CommitLimit:     2172840 kB
Committed_AS:   93163608 kB
VmallocTotal:   251658176 kB
VmallocUsed:      139912 kB
VmallocChunk:   251413036 kB
Time pass: 347 sec

---2015-12-05 14:07:44
MemTotal:        2905316 kB
MemFree:           76736 kB
Buffers:           24940 kB
Cached:           987528 kB
SwapCached:            0 kB
Active:          1320128 kB
Inactive:         694204 kB
Active(anon):     837112 kB
Inactive(anon):   210564 kB
Active(file):     483016 kB
Inactive(file):   483640 kB
Unevictable:       12768 kB
Mlocked:               0 kB
SwapTotal:        720184 kB
SwapFree:         719600 kB
Dirty:                76 kB
Writeback:             0 kB
AnonPages:       1014628 kB
Mapped:           698500 kB
Shmem:             33044 kB
Slab:             117720 kB
SReclaimable:      36204 kB
SUnreclaim:        81516 kB
KernelStack:       34112 kB
PageTables:        57452 kB
NFS_Unstable:          0 kB
Bounce:                0 kB
WritebackTmp:          0 kB
CommitLimit:     2172840 kB
Committed_AS:   93163532 kB
VmallocTotal:   251658176 kB
VmallocUsed:      139912 kB
VmallocChunk:   251413036 kB
Time pass: 351 sec

---2015-12-05 14:07:44
MemTotal:        2905316 kB
MemFree:           76348 kB
Buffers:           24964 kB
Cached:           987572 kB
SwapCached:            0 kB
Active:          1320760 kB
Inactive:         694256 kB
Active(anon):     837728 kB
Inactive(anon):   210568 kB
Active(file):     483032 kB
Inactive(file):   483688 kB
Unevictable:       12768 kB
Mlocked:               0 kB
SwapTotal:        720184 kB
SwapFree:         719600 kB
Dirty:               116 kB
Writeback:             0 kB
AnonPages:       1015212 kB
Mapped:           698516 kB
Shmem:             33048 kB
Slab:             117720 kB
SReclaimable:      36204 kB
SUnreclaim:        81516 kB
KernelStack:       34096 kB
PageTables:        57452 kB
NFS_Unstable:          0 kB
Bounce:                0 kB
WritebackTmp:          0 kB
CommitLimit:     2172840 kB
Committed_AS:   93163604 kB
VmallocTotal:   251658176 kB
VmallocUsed:      139912 kB
VmallocChunk:   251413036 kB
Time pass: 355 sec

---2015-12-05 14:07:44
MemTotal:        2905316 kB
MemFree:           76004 kB
Buffers:           24964 kB
Cached:           987584 kB
SwapCached:            0 kB
Active:          1321056 kB
Inactive:         694256 kB
Active(anon):     838012 kB
Inactive(anon):   210572 kB
Active(file):     483044 kB
Inactive(file):   483684 kB
Unevictable:       12768 kB
Mlocked:               0 kB
SwapTotal:        720184 kB
SwapFree:         719600 kB
Dirty:                28 kB
Writeback:             0 kB
AnonPages:       1015556 kB
Mapped:           698528 kB
Shmem:             33052 kB
Slab:             117720 kB
SReclaimable:      36204 kB
SUnreclaim:        81516 kB
KernelStack:       34064 kB
PageTables:        57452 kB
NFS_Unstable:          0 kB
Bounce:                0 kB
WritebackTmp:          0 kB
CommitLimit:     2172840 kB
Committed_AS:   93163564 kB
VmallocTotal:   251658176 kB
VmallocUsed:      139912 kB
VmallocChunk:   251413036 kB
Time pass: 359 sec

---2015-12-05 14:07:44
MemTotal:        2905316 kB
MemFree:           75452 kB
Buffers:           24972 kB
Cached:           987588 kB
SwapCached:            0 kB
Active:          1321120 kB
Inactive:         694264 kB
Active(anon):     838072 kB
Inactive(anon):   210572 kB
Active(file):     483048 kB
Inactive(file):   483692 kB
Unevictable:       12768 kB
Mlocked:               0 kB
SwapTotal:        720184 kB
SwapFree:         719600 kB
Dirty:                60 kB
Writeback:             0 kB
AnonPages:       1015780 kB
Mapped:           698472 kB
Shmem:             33052 kB
Slab:             117736 kB
SReclaimable:      36220 kB
SUnreclaim:        81516 kB
KernelStack:       34096 kB
PageTables:        57432 kB
NFS_Unstable:          0 kB
Bounce:                0 kB
WritebackTmp:          0 kB
CommitLimit:     2172840 kB
Committed_AS:   93163576 kB
VmallocTotal:   251658176 kB
VmallocUsed:      139912 kB
VmallocChunk:   251413036 kB
Time pass: 362 sec

---2015-12-05 14:07:44
MemTotal:        2905316 kB
MemFree:           74932 kB
Buffers:           24996 kB
Cached:           987564 kB
SwapCached:            0 kB
Active:          1321992 kB
Inactive:         694264 kB
Active(anon):     838944 kB
Inactive(anon):   210572 kB
Active(file):     483048 kB
Inactive(file):   483692 kB
Unevictable:       12768 kB
Mlocked:               0 kB
SwapTotal:        720184 kB
SwapFree:         719600 kB
Dirty:                64 kB
Writeback:             0 kB
AnonPages:       1016860 kB
Mapped:           698536 kB
Shmem:             33052 kB
Slab:             117736 kB
SReclaimable:      36220 kB
SUnreclaim:        81516 kB
KernelStack:       34096 kB
PageTables:        57452 kB
NFS_Unstable:          0 kB
Bounce:                0 kB
WritebackTmp:          0 kB
CommitLimit:     2172840 kB
Committed_AS:   93163564 kB
VmallocTotal:   251658176 kB
VmallocUsed:      139912 kB
VmallocChunk:   251413036 kB
Time pass: 366 sec

---2015-12-05 14:07:44
MemTotal:        2905316 kB
MemFree:           74204 kB
Buffers:           24996 kB
Cached:           987620 kB
SwapCached:            0 kB
Active:          1322360 kB
Inactive:         694304 kB
Active(anon):     839296 kB
Inactive(anon):   210572 kB
Active(file):     483064 kB
Inactive(file):   483732 kB
Unevictable:       12768 kB
Mlocked:               0 kB
SwapTotal:        720184 kB
SwapFree:         719600 kB
Dirty:                96 kB
Writeback:             0 kB
AnonPages:       1016816 kB
Mapped:           698548 kB
Shmem:             33052 kB
Slab:             117736 kB
SReclaimable:      36220 kB
SUnreclaim:        81516 kB
KernelStack:       34096 kB
PageTables:        57460 kB
NFS_Unstable:          0 kB
Bounce:                0 kB
WritebackTmp:          0 kB
CommitLimit:     2172840 kB
Committed_AS:   93163600 kB
VmallocTotal:   251658176 kB
VmallocUsed:      139912 kB
VmallocChunk:   251413036 kB
Time pass: 370 sec

---2015-12-05 14:07:44
MemTotal:        2905316 kB
MemFree:           74524 kB
Buffers:           25004 kB
Cached:           987620 kB
SwapCached:            0 kB
Active:          1322116 kB
Inactive:         694312 kB
Active(anon):     839052 kB
Inactive(anon):   210572 kB
Active(file):     483064 kB
Inactive(file):   483740 kB
Unevictable:       12768 kB
Mlocked:               0 kB
SwapTotal:        720184 kB
SwapFree:         719600 kB
Dirty:                56 kB
Writeback:             0 kB
AnonPages:       1016680 kB
Mapped:           698552 kB
Shmem:             33052 kB
Slab:             117736 kB
SReclaimable:      36220 kB
SUnreclaim:        81516 kB
KernelStack:       34096 kB
PageTables:        57460 kB
NFS_Unstable:          0 kB
Bounce:                0 kB
WritebackTmp:          0 kB
CommitLimit:     2172840 kB
Committed_AS:   93163588 kB
VmallocTotal:   251658176 kB
VmallocUsed:      139912 kB
VmallocChunk:   251413036 kB
Time pass: 373 sec

---2015-12-05 14:07:44
MemTotal:        2905316 kB
MemFree:           74052 kB
Buffers:           25012 kB
Cached:           987616 kB
SwapCached:            0 kB
Active:          1322800 kB
Inactive:         694312 kB
Active(anon):     839732 kB
Inactive(anon):   210572 kB
Active(file):     483068 kB
Inactive(file):   483740 kB
Unevictable:       12768 kB
Mlocked:               0 kB
SwapTotal:        720184 kB
SwapFree:         719600 kB
Dirty:                 4 kB
Writeback:             0 kB
AnonPages:       1017204 kB
Mapped:           698560 kB
Shmem:             33052 kB
Slab:             117740 kB
SReclaimable:      36220 kB
SUnreclaim:        81520 kB
KernelStack:       34096 kB
PageTables:        57464 kB
NFS_Unstable:          0 kB
Bounce:                0 kB
WritebackTmp:          0 kB
CommitLimit:     2172840 kB
Committed_AS:   93190200 kB
VmallocTotal:   251658176 kB
VmallocUsed:      139912 kB
VmallocChunk:   251413036 kB
Time pass: 377 sec

---2015-12-05 14:07:44
MemTotal:        2905316 kB
MemFree:           73444 kB
Buffers:           25012 kB
Cached:           988016 kB
SwapCached:            0 kB
Active:          1323388 kB
Inactive:         694636 kB
Active(anon):     840320 kB
Inactive(anon):   210632 kB
Active(file):     483068 kB
Inactive(file):   484004 kB
Unevictable:       12768 kB
Mlocked:               0 kB
SwapTotal:        720184 kB
SwapFree:         719600 kB
Dirty:                32 kB
Writeback:             0 kB
AnonPages:       1017728 kB
Mapped:           698672 kB
Shmem:             33112 kB
Slab:             117748 kB
SReclaimable:      36220 kB
SUnreclaim:        81528 kB
KernelStack:       34160 kB
PageTables:        57512 kB
NFS_Unstable:          0 kB
Bounce:                0 kB
WritebackTmp:          0 kB
CommitLimit:     2172840 kB
Committed_AS:   93190272 kB
VmallocTotal:   251658176 kB
VmallocUsed:      139912 kB
VmallocChunk:   251413036 kB
Time pass: 381 sec

---2015-12-05 14:07:44
MemTotal:        2905316 kB
MemFree:           72164 kB
Buffers:           25028 kB
Cached:           988168 kB
SwapCached:            0 kB
Active:          1323416 kB
Inactive:         694860 kB
Active(anon):     840328 kB
Inactive(anon):   210632 kB
Active(file):     483088 kB
Inactive(file):   484228 kB
Unevictable:       12768 kB
Mlocked:               0 kB
SwapTotal:        720184 kB
SwapFree:         719600 kB
Dirty:               168 kB
Writeback:             0 kB
AnonPages:       1017948 kB
Mapped:           698788 kB
Shmem:             33112 kB
Slab:             117748 kB
SReclaimable:      36220 kB
SUnreclaim:        81528 kB
KernelStack:       34160 kB
PageTables:        57508 kB
NFS_Unstable:          0 kB
Bounce:                0 kB
WritebackTmp:          0 kB
CommitLimit:     2172840 kB
Committed_AS:   93190336 kB
VmallocTotal:   251658176 kB
VmallocUsed:      139912 kB
VmallocChunk:   251413036 kB
Time pass: 385 sec

---2015-12-05 14:07:44
MemTotal:        2905316 kB
MemFree:           72400 kB
Buffers:           25036 kB
Cached:           988168 kB
SwapCached:            0 kB
Active:          1323284 kB
Inactive:         694868 kB
