---2015-12-16 17:19:16
MemTotal:        1350964 kB
MemFree:           48464 kB
Buffers:            8432 kB
Cached:           687160 kB
SwapCached:            0 kB
Active:           595440 kB
Inactive:         521352 kB
Active(anon):     423232 kB
Inactive(anon):     1024 kB
Active(file):     172208 kB
Inactive(file):   520328 kB
Unevictable:        1988 kB
Mlocked:               0 kB
HighTotal:        802816 kB
HighFree:           6612 kB
LowTotal:         548148 kB
LowFree:           41852 kB
SwapTotal:             0 kB
SwapFree:              0 kB
Dirty:                 0 kB
Writeback:             0 kB
AnonPages:        423220 kB
Mapped:           192580 kB
Shmem:              1068 kB
Slab:              32020 kB
SReclaimable:      11396 kB
SUnreclaim:        20624 kB
KernelStack:        8712 kB
PageTables:        18496 kB
NFS_Unstable:          0 kB
Bounce:                0 kB
WritebackTmp:          0 kB
CommitLimit:      675480 kB
Committed_AS:   45693736 kB
VmallocTotal:     253952 kB
VmallocUsed:       89992 kB
VmallocChunk:      51204 kB
Time pass: 3 sec

---2015-12-16 17:19:16
MemTotal:        1350964 kB
MemFree:           48340 kB
Buffers:            8432 kB
Cached:           687160 kB
SwapCached:            0 kB
Active:           595616 kB
Inactive:         521352 kB
Active(anon):     423408 kB
Inactive(anon):     1024 kB
Active(file):     172208 kB
Inactive(file):   520328 kB
Unevictable:        1988 kB
Mlocked:               0 kB
HighTotal:        802816 kB
HighFree:           6488 kB
LowTotal:         548148 kB
LowFree:           41852 kB
SwapTotal:             0 kB
SwapFree:              0 kB
Dirty:                 0 kB
Writeback:             0 kB
AnonPages:        423416 kB
Mapped:           192584 kB
Shmem:              1068 kB
Slab:              31976 kB
SReclaimable:      11396 kB
SUnreclaim:        20580 kB
KernelStack:        8712 kB
PageTables:        18496 kB
NFS_Unstable:          0 kB
Bounce:                0 kB
WritebackTmp:          0 kB
CommitLimit:      675480 kB
Committed_AS:   45693736 kB
VmallocTotal:     253952 kB
VmallocUsed:       89992 kB
VmallocChunk:      51204 kB
Time pass: 7 sec

---2015-12-16 17:19:16
MemTotal:        1350964 kB
MemFree:           48368 kB
Buffers:            8432 kB
Cached:           687160 kB
SwapCached:            0 kB
Active:           595656 kB
Inactive:         521352 kB
Active(anon):     423448 kB
Inactive(anon):     1024 kB
Active(file):     172208 kB
Inactive(file):   520328 kB
Unevictable:        1988 kB
Mlocked:               0 kB
HighTotal:        802816 kB
HighFree:           6464 kB
LowTotal:         548148 kB
LowFree:           41904 kB
SwapTotal:             0 kB
SwapFree:              0 kB
Dirty:                 0 kB
Writeback:             0 kB
AnonPages:        423512 kB
Mapped:           192588 kB
Shmem:              1068 kB
Slab:              32040 kB
SReclaimable:      11400 kB
SUnreclaim:        20640 kB
KernelStack:        8776 kB
PageTables:        18556 kB
NFS_Unstable:          0 kB
Bounce:                0 kB
WritebackTmp:          0 kB
CommitLimit:      675480 kB
Committed_AS:   45693700 kB
VmallocTotal:     253952 kB
VmallocUsed:       89992 kB
VmallocChunk:      51204 kB
Time pass: 10 sec

---2015-12-16 17:19:16
MemTotal:        1350964 kB
MemFree:           48504 kB
Buffers:            8432 kB
Cached:           687160 kB
SwapCached:            0 kB
Active:           595704 kB
Inactive:         521340 kB
Active(anon):     423484 kB
Inactive(anon):     1024 kB
Active(file):     172220 kB
Inactive(file):   520316 kB
Unevictable:        1988 kB
Mlocked:               0 kB
HighTotal:        802816 kB
HighFree:           6612 kB
LowTotal:         548148 kB
LowFree:           41892 kB
SwapTotal:             0 kB
SwapFree:              0 kB
Dirty:                 0 kB
Writeback:             0 kB
AnonPages:        423400 kB
Mapped:           192436 kB
Shmem:              1068 kB
Slab:              32032 kB
SReclaimable:      11400 kB
SUnreclaim:        20632 kB
KernelStack:        8712 kB
PageTables:        18496 kB
NFS_Unstable:          0 kB
Bounce:                0 kB
WritebackTmp:          0 kB
CommitLimit:      675480 kB
Committed_AS:   45693700 kB
VmallocTotal:     253952 kB
VmallocUsed:       89992 kB
VmallocChunk:      51204 kB
Time pass: 14 sec

---2015-12-16 17:19:16
MemTotal:        1350964 kB
MemFree:           48192 kB
Buffers:            8432 kB
Cached:           687160 kB
SwapCached:            0 kB
Active:           595708 kB
Inactive:         521340 kB
Active(anon):     423488 kB
Inactive(anon):     1024 kB
Active(file):     172220 kB
Inactive(file):   520316 kB
Unevictable:        1988 kB
Mlocked:               0 kB
HighTotal:        802816 kB
HighFree:           6364 kB
LowTotal:         548148 kB
LowFree:           41828 kB
SwapTotal:             0 kB
SwapFree:              0 kB
Dirty:                 0 kB
Writeback:             0 kB
AnonPages:        423444 kB
Mapped:           192584 kB
Shmem:              1068 kB
Slab:              31952 kB
SReclaimable:      11400 kB
SUnreclaim:        20552 kB
KernelStack:        8712 kB
PageTables:        18496 kB
NFS_Unstable:          0 kB
Bounce:                0 kB
WritebackTmp:          0 kB
CommitLimit:      675480 kB
Committed_AS:   45693736 kB
VmallocTotal:     253952 kB
VmallocUsed:       89992 kB
VmallocChunk:      51204 kB
Time pass: 17 sec

---2015-12-16 17:19:16
MemTotal:        1350964 kB
MemFree:           28940 kB
Buffers:            8480 kB
Cached:           684620 kB
SwapCached:            0 kB
Active:           619176 kB
Inactive:         514472 kB
Active(anon):     443188 kB
Inactive(anon):     1024 kB
Active(file):     175988 kB
Inactive(file):   513448 kB
Unevictable:        1988 kB
Mlocked:               0 kB
HighTotal:        802816 kB
HighFree:           2592 kB
LowTotal:         548148 kB
LowFree:           26348 kB
SwapTotal:             0 kB
SwapFree:              0 kB
Dirty:               800 kB
Writeback:             0 kB
AnonPages:        443168 kB
Mapped:           208140 kB
Shmem:              1068 kB
Slab:              32064 kB
SReclaimable:      11452 kB
SUnreclaim:        20612 kB
KernelStack:        8920 kB
PageTables:        18992 kB
NFS_Unstable:          0 kB
Bounce:                0 kB
WritebackTmp:          0 kB
CommitLimit:      675480 kB
Committed_AS:   46607508 kB
VmallocTotal:     253952 kB
VmallocUsed:       91908 kB
VmallocChunk:      51204 kB
Time pass: 22 sec

---2015-12-16 17:19:16
MemTotal:        1350964 kB
MemFree:           33244 kB
Buffers:            7704 kB
Cached:           635732 kB
SwapCached:            0 kB
Active:           636388 kB
Inactive:         457956 kB
Active(anon):     452940 kB
Inactive(anon):     1152 kB
Active(file):     183448 kB
Inactive(file):   456804 kB
Unevictable:        1988 kB
Mlocked:               0 kB
HighTotal:        802816 kB
HighFree:           2644 kB
LowTotal:         548148 kB
LowFree:           30600 kB
SwapTotal:             0 kB
SwapFree:              0 kB
Dirty:               304 kB
Writeback:             0 kB
AnonPages:        452864 kB
Mapped:           214864 kB
Shmem:              1196 kB
Slab:              32356 kB
SReclaimable:      11600 kB
SUnreclaim:        20756 kB
KernelStack:        9192 kB
PageTables:        19192 kB
NFS_Unstable:          0 kB
Bounce:                0 kB
WritebackTmp:          0 kB
CommitLimit:      675480 kB
Committed_AS:   46651612 kB
VmallocTotal:     253952 kB
VmallocUsed:       92124 kB
VmallocChunk:      51204 kB
Time pass: 26 sec

---2015-12-16 17:19:16
MemTotal:        1350964 kB
MemFree:           34412 kB
Buffers:            7700 kB
Cached:           619888 kB
SwapCached:            0 kB
Active:           638256 kB
Inactive:         441908 kB
Active(anon):     454664 kB
Inactive(anon):     1152 kB
Active(file):     183592 kB
Inactive(file):   440756 kB
Unevictable:        1988 kB
Mlocked:               0 kB
HighTotal:        802816 kB
HighFree:           2732 kB
LowTotal:         548148 kB
LowFree:           31680 kB
SwapTotal:             0 kB
SwapFree:              0 kB
Dirty:               164 kB
Writeback:             0 kB
AnonPages:        454512 kB
Mapped:           214960 kB
Shmem:              1196 kB
Slab:              32436 kB
SReclaimable:      11628 kB
SUnreclaim:        20808 kB
KernelStack:        9208 kB
PageTables:        19236 kB
NFS_Unstable:          0 kB
Bounce:                0 kB
WritebackTmp:          0 kB
CommitLimit:      675480 kB
Committed_AS:   46669304 kB
VmallocTotal:     253952 kB
VmallocUsed:       92124 kB
VmallocChunk:      51204 kB
Time pass: 29 sec

---2015-12-16 17:19:16
MemTotal:        1350964 kB
MemFree:           33684 kB
Buffers:            7700 kB
Cached:           617144 kB
SwapCached:            0 kB
Active:           638408 kB
Inactive:         439168 kB
Active(anon):     454768 kB
Inactive(anon):     1152 kB
Active(file):     183640 kB
Inactive(file):   438016 kB
Unevictable:        1988 kB
Mlocked:               0 kB
HighTotal:        802816 kB
HighFree:           2892 kB
LowTotal:         548148 kB
LowFree:           30792 kB
SwapTotal:             0 kB
SwapFree:              0 kB
Dirty:               180 kB
Writeback:             0 kB
AnonPages:        454792 kB
Mapped:           215028 kB
Shmem:              1196 kB
Slab:              32404 kB
SReclaimable:      11628 kB
SUnreclaim:        20776 kB
KernelStack:        9208 kB
PageTables:        19252 kB
NFS_Unstable:          0 kB
Bounce:                0 kB
WritebackTmp:          0 kB
CommitLimit:      675480 kB
Committed_AS:   46672804 kB
VmallocTotal:     253952 kB
VmallocUsed:       92124 kB
VmallocChunk:      51204 kB
Time pass: 33 sec

---2015-12-16 17:19:16
MemTotal:        1350964 kB
MemFree:           33476 kB
Buffers:            7708 kB
Cached:           617144 kB
SwapCached:            0 kB
Active:           638392 kB
Inactive:         439172 kB
Active(anon):     454752 kB
Inactive(anon):     1152 kB
Active(file):     183640 kB
Inactive(file):   438020 kB
Unevictable:        1988 kB
Mlocked:               0 kB
HighTotal:        802816 kB
HighFree:           2768 kB
LowTotal:         548148 kB
LowFree:           30708 kB
SwapTotal:             0 kB
SwapFree:              0 kB
Dirty:                64 kB
Writeback:             0 kB
AnonPages:        454796 kB
Mapped:           215028 kB
Shmem:              1196 kB
Slab:              32428 kB
SReclaimable:      11628 kB
SUnreclaim:        20800 kB
KernelStack:        9208 kB
PageTables:        19248 kB
NFS_Unstable:          0 kB
Bounce:                0 kB
WritebackTmp:          0 kB
CommitLimit:      675480 kB
Committed_AS:   46672692 kB
VmallocTotal:     253952 kB
VmallocUsed:       92124 kB
VmallocChunk:      51204 kB
Time pass: 37 sec

---2015-12-16 17:19:16
MemTotal:        1350964 kB
MemFree:           32704 kB
Buffers:            7708 kB
Cached:           574740 kB
SwapCached:            0 kB
Active:           654212 kB
Inactive:         396320 kB
Active(anon):     470116 kB
Inactive(anon):     1152 kB
Active(file):     184096 kB
Inactive(file):   395168 kB
Unevictable:        1988 kB
Mlocked:               0 kB
HighTotal:        802816 kB
HighFree:           2968 kB
LowTotal:         548148 kB
LowFree:           29736 kB
SwapTotal:             0 kB
SwapFree:              0 kB
Dirty:                 8 kB
Writeback:             0 kB
AnonPages:        470132 kB
Mapped:           215492 kB
Shmem:              1196 kB
Slab:              32420 kB
SReclaimable:      11556 kB
SUnreclaim:        20864 kB
KernelStack:        9224 kB
PageTables:        19504 kB
NFS_Unstable:          0 kB
Bounce:                0 kB
WritebackTmp:          0 kB
CommitLimit:      675480 kB
Committed_AS:   46791588 kB
VmallocTotal:     253952 kB
VmallocUsed:       92576 kB
VmallocChunk:      51204 kB
Time pass: 40 sec

---2015-12-16 17:19:16
MemTotal:        1350964 kB
MemFree:           32528 kB
Buffers:            7716 kB
Cached:           566272 kB
SwapCached:            0 kB
Active:           658396 kB
Inactive:         387840 kB
Active(anon):     474288 kB
Inactive(anon):     1152 kB
Active(file):     184108 kB
Inactive(file):   386688 kB
Unevictable:        1988 kB
Mlocked:               0 kB
HighTotal:        802816 kB
HighFree:           2768 kB
LowTotal:         548148 kB
LowFree:           29760 kB
SwapTotal:             0 kB
SwapFree:              0 kB
Dirty:                32 kB
Writeback:             0 kB
AnonPages:        474216 kB
Mapped:           215476 kB
Shmem:              1196 kB
Slab:              32372 kB
SReclaimable:      11556 kB
SUnreclaim:        20816 kB
KernelStack:        9224 kB
PageTables:        19520 kB
NFS_Unstable:          0 kB
Bounce:                0 kB
WritebackTmp:          0 kB
CommitLimit:      675480 kB
Committed_AS:   46795488 kB
VmallocTotal:     253952 kB
VmallocUsed:       92576 kB
VmallocChunk:      51204 kB
Time pass: 44 sec

---2015-12-16 17:19:16
MemTotal:        1350964 kB
MemFree:           39444 kB
Buffers:            7716 kB
Cached:           567864 kB
SwapCached:            0 kB
Active:           669448 kB
Inactive:         389104 kB
Active(anon):     485148 kB
Inactive(anon):     1156 kB
Active(file):     184300 kB
Inactive(file):   387948 kB
Unevictable:        1988 kB
Mlocked:               0 kB
HighTotal:        802816 kB
HighFree:           2732 kB
LowTotal:         548148 kB
LowFree:           36712 kB
SwapTotal:             0 kB
SwapFree:              0 kB
Dirty:               516 kB
Writeback:             0 kB
AnonPages:        485208 kB
Mapped:           216632 kB
Shmem:              1200 kB
Slab:              32444 kB
SReclaimable:      11580 kB
SUnreclaim:        20864 kB
KernelStack:        9280 kB
PageTables:        19496 kB
NFS_Unstable:          0 kB
Bounce:                0 kB
WritebackTmp:          0 kB
CommitLimit:      675480 kB
Committed_AS:   46780004 kB
VmallocTotal:     253952 kB
VmallocUsed:       92576 kB
VmallocChunk:      51204 kB
Time pass: 47 sec

---2015-12-16 17:19:16
MemTotal:        1350964 kB
MemFree:           32620 kB
Buffers:            7652 kB
Cached:           560404 kB
SwapCached:            0 kB
Active:           677712 kB
Inactive:         381516 kB
Active(anon):     493236 kB
Inactive(anon):     1156 kB
Active(file):     184476 kB
Inactive(file):   380360 kB
Unevictable:        1988 kB
Mlocked:               0 kB
HighTotal:        802816 kB
HighFree:           1604 kB
LowTotal:         548148 kB
LowFree:           31016 kB
SwapTotal:             0 kB
SwapFree:              0 kB
Dirty:               392 kB
Writeback:             0 kB
AnonPages:        493400 kB
Mapped:           216900 kB
Shmem:              1200 kB
Slab:              32612 kB
SReclaimable:      11600 kB
SUnreclaim:        21012 kB
KernelStack:        9280 kB
PageTables:        19536 kB
NFS_Unstable:          0 kB
Bounce:                0 kB
WritebackTmp:          0 kB
CommitLimit:      675480 kB
Committed_AS:   46794132 kB
VmallocTotal:     253952 kB
VmallocUsed:       92576 kB
VmallocChunk:      51204 kB
Time pass: 51 sec

---2015-12-16 17:19:16
MemTotal:        1350964 kB
MemFree:           33128 kB
Buffers:            7768 kB
Cached:           554192 kB
SwapCached:            0 kB
Active:           679028 kB
Inactive:         375412 kB
Active(anon):     494512 kB
Inactive(anon):     1156 kB
Active(file):     184516 kB
Inactive(file):   374256 kB
Unevictable:        1988 kB
Mlocked:               0 kB
HighTotal:        802816 kB
HighFree:           2396 kB
LowTotal:         548148 kB
LowFree:           30732 kB
SwapTotal:             0 kB
SwapFree:              0 kB
Dirty:              6328 kB
Writeback:             0 kB
AnonPages:        494572 kB
Mapped:           217300 kB
Shmem:              1200 kB
Slab:              32720 kB
SReclaimable:      11640 kB
SUnreclaim:        21080 kB
KernelStack:        9280 kB
PageTables:        19556 kB
NFS_Unstable:          0 kB
Bounce:                0 kB
WritebackTmp:          0 kB
CommitLimit:      675480 kB
Committed_AS:   46804444 kB
VmallocTotal:     253952 kB
VmallocUsed:       92576 kB
VmallocChunk:      51204 kB
Time pass: 56 sec

---2015-12-16 17:19:16
MemTotal:        1350964 kB
MemFree:           31552 kB
Buffers:            7788 kB
Cached:           555492 kB
SwapCached:            0 kB
Active:           675772 kB
Inactive:         376568 kB
Active(anon):     491212 kB
Inactive(anon):     1156 kB
Active(file):     184560 kB
Inactive(file):   375412 kB
Unevictable:        1988 kB
Mlocked:               0 kB
HighTotal:        802816 kB
HighFree:           2024 kB
LowTotal:         548148 kB
LowFree:           29528 kB
SwapTotal:             0 kB
SwapFree:              0 kB
Dirty:               268 kB
Writeback:             0 kB
AnonPages:        491248 kB
Mapped:           217732 kB
Shmem:              1200 kB
Slab:              32712 kB
SReclaimable:      11656 kB
SUnreclaim:        21056 kB
KernelStack:        9296 kB
PageTables:        19560 kB
NFS_Unstable:          0 kB
Bounce:                0 kB
WritebackTmp:          0 kB
CommitLimit:      675480 kB
Committed_AS:   46799896 kB
VmallocTotal:     253952 kB
VmallocUsed:       92576 kB
VmallocChunk:      51204 kB
Time pass: 59 sec

---2015-12-16 17:19:16
MemTotal:        1350964 kB
MemFree:           31580 kB
Buffers:            7700 kB
Cached:           553712 kB
SwapCached:            0 kB
Active:           675720 kB
Inactive:         374084 kB
Active(anon):     490548 kB
Inactive(anon):     1156 kB
Active(file):     185172 kB
Inactive(file):   372928 kB
Unevictable:        1988 kB
Mlocked:               0 kB
HighTotal:        802816 kB
HighFree:           2728 kB
LowTotal:         548148 kB
LowFree:           28852 kB
SwapTotal:             0 kB
SwapFree:              0 kB
Dirty:               248 kB
Writeback:             0 kB
AnonPages:        490508 kB
Mapped:           217684 kB
Shmem:              1200 kB
Slab:              32724 kB
SReclaimable:      11660 kB
SUnreclaim:        21064 kB
KernelStack:        9280 kB
PageTables:        19548 kB
NFS_Unstable:          0 kB
Bounce:                0 kB
WritebackTmp:          0 kB
CommitLimit:      675480 kB
Committed_AS:   46800008 kB
VmallocTotal:     253952 kB
VmallocUsed:       92576 kB
VmallocChunk:      51204 kB
Time pass: 63 sec

---2015-12-16 17:19:16
MemTotal:        1350964 kB
MemFree:           31172 kB
Buffers:            7700 kB
Cached:           553604 kB
SwapCached:            0 kB
Active:           676056 kB
Inactive:         374096 kB
Active(anon):     490880 kB
Inactive(anon):     1156 kB
Active(file):     185176 kB
Inactive(file):   372940 kB
Unevictable:        1988 kB
Mlocked:               0 kB
HighTotal:        802816 kB
HighFree:           2396 kB
LowTotal:         548148 kB
LowFree:           28776 kB
SwapTotal:             0 kB
SwapFree:              0 kB
Dirty:                48 kB
Writeback:             0 kB
AnonPages:        490836 kB
Mapped:           217688 kB
Shmem:              1200 kB
Slab:              32704 kB
SReclaimable:      11660 kB
SUnreclaim:        21044 kB
KernelStack:        9280 kB
PageTables:        19544 kB
NFS_Unstable:          0 kB
Bounce:                0 kB
WritebackTmp:          0 kB
CommitLimit:      675480 kB
Committed_AS:   46800456 kB
VmallocTotal:     253952 kB
VmallocUsed:       92576 kB
VmallocChunk:      51204 kB
Time pass: 66 sec

---2015-12-16 17:19:16
MemTotal:        1350964 kB
MemFree:           33748 kB
Buffers:            7708 kB
Cached:           540652 kB
SwapCached:            0 kB
Active:           685168 kB
Inactive:         355696 kB
Active(anon):     494536 kB
Inactive(anon):     1156 kB
Active(file):     190632 kB
Inactive(file):   354540 kB
Unevictable:        1988 kB
Mlocked:               0 kB
HighTotal:        802816 kB
HighFree:           4540 kB
LowTotal:         548148 kB
LowFree:           29208 kB
SwapTotal:             0 kB
SwapFree:              0 kB
Dirty:               580 kB
Writeback:             0 kB
AnonPages:        494544 kB
Mapped:           218140 kB
Shmem:              1200 kB
Slab:              32804 kB
SReclaimable:      11712 kB
SUnreclaim:        21092 kB
KernelStack:        9280 kB
PageTables:        19572 kB
NFS_Unstable:          0 kB
Bounce:                0 kB
WritebackTmp:          0 kB
CommitLimit:      675480 kB
Committed_AS:   46810276 kB
VmallocTotal:     253952 kB
VmallocUsed:       92576 kB
VmallocChunk:      51204 kB
Time pass: 70 sec

---2015-12-16 17:19:16
MemTotal:        1350964 kB
MemFree:           32676 kB
Buffers:            7620 kB
Cached:           535768 kB
SwapCached:            0 kB
Active:           691824 kB
Inactive:         349936 kB
Active(anon):     500404 kB
Inactive(anon):     1156 kB
Active(file):     191420 kB
Inactive(file):   348780 kB
Unevictable:        1988 kB
Mlocked:               0 kB
HighTotal:        802816 kB
HighFree:           2876 kB
LowTotal:         548148 kB
LowFree:           29800 kB
SwapTotal:             0 kB
SwapFree:              0 kB
Dirty:               264 kB
Writeback:             0 kB
AnonPages:        500564 kB
Mapped:           221500 kB
Shmem:              1200 kB
Slab:              32920 kB
SReclaimable:      11736 kB
SUnreclaim:        21184 kB
KernelStack:        9336 kB
PageTables:        19596 kB
NFS_Unstable:          0 kB
Bounce:                0 kB
WritebackTmp:          0 kB
CommitLimit:      675480 kB
Committed_AS:   46822540 kB
VmallocTotal:     253952 kB
VmallocUsed:       92576 kB
VmallocChunk:      51204 kB
Time pass: 74 sec

---2015-12-16 17:19:16
MemTotal:        1350964 kB
MemFree:           31380 kB
Buffers:            7652 kB
Cached:           525932 kB
SwapCached:            0 kB
Active:           705328 kB
Inactive:         335624 kB
Active(anon):     509404 kB
Inactive(anon):     1272 kB
Active(file):     195924 kB
Inactive(file):   334352 kB
Unevictable:        1988 kB
Mlocked:               0 kB
HighTotal:        802816 kB
HighFree:           1512 kB
LowTotal:         548148 kB
LowFree:           29868 kB
SwapTotal:             0 kB
SwapFree:              0 kB
Dirty:                40 kB
Writeback:             0 kB
AnonPages:        509544 kB
Mapped:           222888 kB
Shmem:              1320 kB
Slab:              33036 kB
SReclaimable:      11748 kB
SUnreclaim:        21288 kB
KernelStack:        9456 kB
PageTables:        19712 kB
NFS_Unstable:          0 kB
Bounce:                0 kB
WritebackTmp:          0 kB
CommitLimit:      675480 kB
Committed_AS:   46841052 kB
VmallocTotal:     253952 kB
VmallocUsed:       93236 kB
VmallocChunk:      51204 kB
Time pass: 79 sec

---2015-12-16 17:19:16
MemTotal:        1350964 kB
MemFree:           32684 kB
Buffers:            7484 kB
Cached:           516876 kB
SwapCached:            0 kB
Active:           714168 kB
Inactive:         322680 kB
Active(anon):     514524 kB
Inactive(anon):     1312 kB
Active(file):     199644 kB
Inactive(file):   321368 kB
Unevictable:        1988 kB
Mlocked:               0 kB
HighTotal:        802816 kB
HighFree:           1636 kB
LowTotal:         548148 kB
LowFree:           31048 kB
SwapTotal:             0 kB
SwapFree:              0 kB
Dirty:                60 kB
Writeback:             0 kB
AnonPages:        514724 kB
Mapped:           222832 kB
Shmem:              1360 kB
Slab:              33128 kB
SReclaimable:      11748 kB
SUnreclaim:        21380 kB
KernelStack:        9488 kB
PageTables:        19796 kB
NFS_Unstable:          0 kB
Bounce:                0 kB
WritebackTmp:          0 kB
CommitLimit:      675480 kB
Committed_AS:   46848492 kB
VmallocTotal:     253952 kB
VmallocUsed:       93672 kB
VmallocChunk:      51204 kB
Time pass: 84 sec

---2015-12-16 17:19:16
MemTotal:        1350964 kB
MemFree:           33036 kB
Buffers:            7500 kB
Cached:           510228 kB
SwapCached:            0 kB
Active:           717988 kB
Inactive:         315404 kB
Active(anon):     517700 kB
Inactive(anon):     1416 kB
Active(file):     200288 kB
Inactive(file):   313988 kB
Unevictable:        1988 kB
Mlocked:               0 kB
HighTotal:        802816 kB
HighFree:           3080 kB
LowTotal:         548148 kB
LowFree:           29956 kB
SwapTotal:             0 kB
SwapFree:              0 kB
Dirty:                40 kB
Writeback:             0 kB
AnonPages:        517756 kB
Mapped:           223120 kB
Shmem:              1464 kB
Slab:              33124 kB
SReclaimable:      11748 kB
SUnreclaim:        21376 kB
KernelStack:        9504 kB
PageTables:        19924 kB
NFS_Unstable:          0 kB
Bounce:                0 kB
WritebackTmp:          0 kB
CommitLimit:      675480 kB
Committed_AS:   46854400 kB
VmallocTotal:     253952 kB
VmallocUsed:       94008 kB
VmallocChunk:      51204 kB
Time pass: 88 sec

---2015-12-16 17:19:16
MemTotal:        1350964 kB
MemFree:           33084 kB
Buffers:            7508 kB
Cached:           510236 kB
SwapCached:            0 kB
Active:           717096 kB
Inactive:         315420 kB
Active(anon):     516808 kB
Inactive(anon):     1416 kB
Active(file):     200288 kB
Inactive(file):   314004 kB
Unevictable:        1988 kB
Mlocked:               0 kB
HighTotal:        802816 kB
HighFree:           3104 kB
LowTotal:         548148 kB
LowFree:           29980 kB
SwapTotal:             0 kB
SwapFree:              0 kB
Dirty:                 0 kB
Writeback:             0 kB
AnonPages:        516940 kB
Mapped:           222972 kB
Shmem:              1464 kB
Slab:              33020 kB
SReclaimable:      11748 kB
SUnreclaim:        21272 kB
KernelStack:        9520 kB
PageTables:        19928 kB
NFS_Unstable:          0 kB
Bounce:                0 kB
WritebackTmp:          0 kB
CommitLimit:      675480 kB
Committed_AS:   46853276 kB
VmallocTotal:     253952 kB
VmallocUsed:       94008 kB
VmallocChunk:      51204 kB
Time pass: 92 sec

---2015-12-16 17:19:16
MemTotal:        1350964 kB
MemFree:           32364 kB
Buffers:            7516 kB
Cached:           510148 kB
SwapCached:            0 kB
Active:           719812 kB
Inactive:         315340 kB
Active(anon):     519524 kB
Inactive(anon):     1320 kB
Active(file):     200288 kB
Inactive(file):   314020 kB
Unevictable:        1988 kB
Mlocked:               0 kB
HighTotal:        802816 kB
HighFree:           1512 kB
LowTotal:         548148 kB
LowFree:           30852 kB
SwapTotal:             0 kB
SwapFree:              0 kB
Dirty:                 0 kB
Writeback:             0 kB
AnonPages:        519712 kB
Mapped:           222976 kB
Shmem:              1368 kB
Slab:              33248 kB
SReclaimable:      11764 kB
SUnreclaim:        21484 kB
KernelStack:        9560 kB
PageTables:        19812 kB
NFS_Unstable:          0 kB
Bounce:                0 kB
WritebackTmp:          0 kB
CommitLimit:      675480 kB
Committed_AS:   46854608 kB
VmallocTotal:     253952 kB
VmallocUsed:       94344 kB
VmallocChunk:      51204 kB
Time pass: 96 sec

---2015-12-16 17:19:16
MemTotal:        1350964 kB
MemFree:           31264 kB
Buffers:            7540 kB
Cached:           510132 kB
SwapCached:            0 kB
Active:           720272 kB
Inactive:         315348 kB
Active(anon):     519984 kB
Inactive(anon):     1320 kB
Active(file):     200288 kB
Inactive(file):   314028 kB
Unevictable:        1988 kB
Mlocked:               0 kB
HighTotal:        802816 kB
HighFree:           1512 kB
LowTotal:         548148 kB
LowFree:           29752 kB
SwapTotal:             0 kB
SwapFree:              0 kB
Dirty:                32 kB
Writeback:             0 kB
AnonPages:        520336 kB
Mapped:           222876 kB
Shmem:              1368 kB
Slab:              33200 kB
SReclaimable:      11764 kB
SUnreclaim:        21436 kB
KernelStack:        9560 kB
PageTables:        19836 kB
NFS_Unstable:          0 kB
Bounce:                0 kB
WritebackTmp:          0 kB
CommitLimit:      675480 kB
Committed_AS:   46856024 kB
VmallocTotal:     253952 kB
VmallocUsed:       94344 kB
VmallocChunk:      51204 kB
Time pass: 100 sec

---2015-12-16 17:19:16
MemTotal:        1350964 kB
MemFree:           34024 kB
Buffers:            7484 kB
Cached:           502004 kB
SwapCached:            0 kB
Active:           724508 kB
Inactive:         304928 kB
Active(anon):     522004 kB
Inactive(anon):     1324 kB
Active(file):     202504 kB
Inactive(file):   303604 kB
Unevictable:        1988 kB
Mlocked:               0 kB
HighTotal:        802816 kB
HighFree:           2216 kB
LowTotal:         548148 kB
LowFree:           31808 kB
SwapTotal:             0 kB
SwapFree:              0 kB
Dirty:                 0 kB
Writeback:             0 kB
AnonPages:        522104 kB
Mapped:           222928 kB
Shmem:              1392 kB
Slab:              33144 kB
SReclaimable:      11764 kB
SUnreclaim:        21380 kB
KernelStack:        9576 kB
PageTables:        19956 kB
NFS_Unstable:          0 kB
Bounce:                0 kB
WritebackTmp:          0 kB
CommitLimit:      675480 kB
Committed_AS:   46860584 kB
VmallocTotal:     253952 kB
VmallocUsed:       94796 kB
VmallocChunk:      51204 kB
Time pass: 104 sec

---2015-12-16 17:19:16
MemTotal:        1350964 kB
MemFree:           33156 kB
Buffers:            7508 kB
Cached:           502060 kB
SwapCached:            0 kB
Active:           725188 kB
Inactive:         305028 kB
Active(anon):     522684 kB
Inactive(anon):     1376 kB
Active(file):     202504 kB
Inactive(file):   303652 kB
Unevictable:        1988 kB
Mlocked:               0 kB
HighTotal:        802816 kB
HighFree:           1596 kB
LowTotal:         548148 kB
LowFree:           31560 kB
SwapTotal:             0 kB
SwapFree:              0 kB
Dirty:                36 kB
Writeback:             0 kB
AnonPages:        522692 kB
Mapped:           222924 kB
Shmem:              1424 kB
Slab:              33104 kB
SReclaimable:      11764 kB
SUnreclaim:        21340 kB
KernelStack:        9576 kB
PageTables:        19944 kB
NFS_Unstable:          0 kB
Bounce:                0 kB
WritebackTmp:          0 kB
CommitLimit:      675480 kB
Committed_AS:   46861724 kB
VmallocTotal:     253952 kB
VmallocUsed:       94796 kB
VmallocChunk:      51204 kB
Time pass: 108 sec

---2015-12-16 17:19:16
MemTotal:        1350964 kB
MemFree:           33396 kB
Buffers:            7508 kB
Cached:           502088 kB
SwapCached:            0 kB
Active:           724616 kB
Inactive:         305056 kB
Active(anon):     522112 kB
Inactive(anon):     1404 kB
Active(file):     202504 kB
Inactive(file):   303652 kB
Unevictable:        1988 kB
Mlocked:               0 kB
HighTotal:        802816 kB
HighFree:           2340 kB
LowTotal:         548148 kB
LowFree:           31056 kB
SwapTotal:             0 kB
SwapFree:              0 kB
Dirty:                 0 kB
Writeback:             0 kB
AnonPages:        522112 kB
Mapped:           222952 kB
Shmem:              1452 kB
Slab:              33076 kB
SReclaimable:      11764 kB
SUnreclaim:        21312 kB
KernelStack:        9552 kB
PageTables:        19944 kB
NFS_Unstable:          0 kB
Bounce:                0 kB
WritebackTmp:          0 kB
CommitLimit:      675480 kB
Committed_AS:   46860540 kB
VmallocTotal:     253952 kB
VmallocUsed:       94796 kB
VmallocChunk:      51204 kB
Time pass: 111 sec

---2015-12-16 17:19:16
MemTotal:        1350964 kB
MemFree:           32652 kB
Buffers:            7532 kB
Cached:           502400 kB
SwapCached:            0 kB
Active:           724484 kB
Inactive:         305380 kB
Active(anon):     521980 kB
Inactive(anon):     1404 kB
Active(file):     202504 kB
Inactive(file):   303976 kB
Unevictable:        1988 kB
Mlocked:               0 kB
HighTotal:        802816 kB
HighFree:           1596 kB
LowTotal:         548148 kB
LowFree:           31056 kB
SwapTotal:             0 kB
SwapFree:              0 kB
Dirty:                28 kB
Writeback:             0 kB
AnonPages:        522048 kB
Mapped:           223188 kB
Shmem:              1464 kB
Slab:              33100 kB
SReclaimable:      11756 kB
SUnreclaim:        21344 kB
KernelStack:        9544 kB
PageTables:        19964 kB
NFS_Unstable:          0 kB
Bounce:                0 kB
WritebackTmp:          0 kB
CommitLimit:      675480 kB
Committed_AS:   46857768 kB
VmallocTotal:     253952 kB
VmallocUsed:       94796 kB
VmallocChunk:      40964 kB
Time pass: 116 sec

---2015-12-16 17:19:16
MemTotal:        1350964 kB
MemFree:           48548 kB
Buffers:            7520 kB
Cached:           496376 kB
SwapCached:            0 kB
Active:           719072 kB
Inactive:         298600 kB
Active(anon):     515904 kB
Inactive(anon):     1156 kB
Active(file):     203168 kB
Inactive(file):   297444 kB
Unevictable:        1988 kB
Mlocked:               0 kB
HighTotal:        802816 kB
HighFree:          13588 kB
LowTotal:         548148 kB
LowFree:           34960 kB
SwapTotal:             0 kB
SwapFree:              0 kB
Dirty:                16 kB
Writeback:             0 kB
AnonPages:        515852 kB
Mapped:           221836 kB
Shmem:              1200 kB
Slab:              33160 kB
SReclaimable:      11756 kB
SUnreclaim:        21404 kB
KernelStack:        9488 kB
PageTables:        19816 kB
NFS_Unstable:          0 kB
Bounce:                0 kB
WritebackTmp:          0 kB
CommitLimit:      675480 kB
Committed_AS:   46832492 kB
VmallocTotal:     253952 kB
VmallocUsed:       94600 kB
VmallocChunk:      40964 kB
Time pass: 120 sec

---2015-12-16 17:19:16
MemTotal:        1350964 kB
MemFree:          210192 kB
Buffers:            7560 kB
Cached:           496452 kB
SwapCached:            0 kB
Active:           649236 kB
Inactive:         298000 kB
Active(anon):     445284 kB
Inactive(anon):     1024 kB
Active(file):     203952 kB
Inactive(file):   296976 kB
Unevictable:        1988 kB
Mlocked:               0 kB
HighTotal:        802816 kB
HighFree:         100564 kB
LowTotal:         548148 kB
LowFree:          109628 kB
SwapTotal:             0 kB
SwapFree:              0 kB
Dirty:                44 kB
Writeback:             0 kB
AnonPages:        445300 kB
Mapped:           191044 kB
Shmem:              1068 kB
Slab:              32908 kB
SReclaimable:      11756 kB
SUnreclaim:        21152 kB
KernelStack:        8680 kB
PageTables:        18420 kB
NFS_Unstable:          0 kB
Bounce:                0 kB
WritebackTmp:          0 kB
CommitLimit:      675480 kB
Committed_AS:   44969792 kB
VmallocTotal:     253952 kB
VmallocUsed:       90668 kB
VmallocChunk:      40964 kB
Time pass: 123 sec

---2015-12-16 17:19:16
MemTotal:        1350964 kB
MemFree:          210820 kB
Buffers:            7560 kB
Cached:           496452 kB
SwapCached:            0 kB
Active:           649176 kB
Inactive:         298028 kB
Active(anon):     445224 kB
Inactive(anon):     1024 kB
Active(file):     203952 kB
Inactive(file):   297004 kB
Unevictable:        1988 kB
Mlocked:               0 kB
HighTotal:        802816 kB
HighFree:         100936 kB
LowTotal:         548148 kB
LowFree:          109884 kB
SwapTotal:             0 kB
SwapFree:              0 kB
Dirty:                 4 kB
Writeback:             0 kB
AnonPages:        445304 kB
Mapped:           190896 kB
Shmem:              1068 kB
Slab:              32864 kB
SReclaimable:      11756 kB
SUnreclaim:        21108 kB
KernelStack:        8672 kB
PageTables:        18412 kB
NFS_Unstable:          0 kB
Bounce:                0 kB
WritebackTmp:          0 kB
CommitLimit:      675480 kB
Committed_AS:   44969752 kB
VmallocTotal:     253952 kB
VmallocUsed:       90668 kB
VmallocChunk:      40964 kB
Time pass: 127 sec

---2015-12-16 17:19:16
MemTotal:        1350964 kB
MemFree:          210844 kB
Buffers:            7568 kB
Cached:           496452 kB
SwapCached:            0 kB
Active:           649236 kB
Inactive:         298036 kB
Active(anon):     445284 kB
Inactive(anon):     1024 kB
Active(file):     203952 kB
Inactive(file):   297012 kB
Unevictable:        1988 kB
Mlocked:               0 kB
HighTotal:        802816 kB
HighFree:         101060 kB
LowTotal:         548148 kB
LowFree:          109784 kB
SwapTotal:             0 kB
SwapFree:              0 kB
Dirty:                24 kB
Writeback:             0 kB
AnonPages:        445292 kB
Mapped:           191048 kB
Shmem:              1068 kB
Slab:              32860 kB
SReclaimable:      11760 kB
SUnreclaim:        21100 kB
KernelStack:        8656 kB
PageTables:        18400 kB
NFS_Unstable:          0 kB
Bounce:                0 kB
WritebackTmp:          0 kB
CommitLimit:      675480 kB
Committed_AS:   44969752 kB
VmallocTotal:     253952 kB
VmallocUsed:       90668 kB
VmallocChunk:      40964 kB
Time pass: 131 sec

---2015-12-16 17:19:16
MemTotal:        1350964 kB
MemFree:          209628 kB
Buffers:            7576 kB
Cached:           496444 kB
SwapCached:            0 kB
Active:           650388 kB
Inactive:         298036 kB
Active(anon):     446436 kB
Inactive(anon):     1024 kB
Active(file):     203952 kB
Inactive(file):   297012 kB
Unevictable:        1988 kB
Mlocked:               0 kB
HighTotal:        802816 kB
HighFree:          99944 kB
LowTotal:         548148 kB
LowFree:          109684 kB
SwapTotal:             0 kB
SwapFree:              0 kB
Dirty:                 0 kB
Writeback:             0 kB
AnonPages:        446448 kB
Mapped:           191000 kB
Shmem:              1068 kB
Slab:              32860 kB
SReclaimable:      11760 kB
SUnreclaim:        21100 kB
KernelStack:        8664 kB
PageTables:        18400 kB
NFS_Unstable:          0 kB
Bounce:                0 kB
WritebackTmp:          0 kB
CommitLimit:      675480 kB
Committed_AS:   44969980 kB
VmallocTotal:     253952 kB
VmallocUsed:       90668 kB
VmallocChunk:      40964 kB
Time pass: 135 sec

---2015-12-16 17:19:16
MemTotal:        1350964 kB
MemFree:          209752 kB
Buffers:            7576 kB
Cached:           496452 kB
SwapCached:            0 kB
Active:           650436 kB
Inactive:         298044 kB
Active(anon):     446484 kB
Inactive(anon):     1024 kB
Active(file):     203952 kB
Inactive(file):   297020 kB
Unevictable:        1988 kB
Mlocked:               0 kB
HighTotal:        802816 kB
HighFree:          99820 kB
LowTotal:         548148 kB
LowFree:          109932 kB
SwapTotal:             0 kB
SwapFree:              0 kB
Dirty:                36 kB
Writeback:             0 kB
AnonPages:        446540 kB
Mapped:           191044 kB
Shmem:              1068 kB
Slab:              32860 kB
SReclaimable:      11760 kB
SUnreclaim:        21100 kB
KernelStack:        8648 kB
PageTables:        18416 kB
NFS_Unstable:          0 kB
Bounce:                0 kB
WritebackTmp:          0 kB
CommitLimit:      675480 kB
Committed_AS:   44970028 kB
VmallocTotal:     253952 kB
VmallocUsed:       90668 kB
VmallocChunk:      40964 kB
Time pass: 138 sec

---2015-12-16 17:19:16
MemTotal:        1350964 kB
MemFree:          209876 kB
Buffers:            7576 kB
Cached:           496452 kB
SwapCached:            0 kB
Active:           650444 kB
Inactive:         298044 kB
Active(anon):     446492 kB
Inactive(anon):     1024 kB
Active(file):     203952 kB
Inactive(file):   297020 kB
Unevictable:        1988 kB
Mlocked:               0 kB
HighTotal:        802816 kB
HighFree:         100068 kB
LowTotal:         548148 kB
LowFree:          109808 kB
SwapTotal:             0 kB
SwapFree:              0 kB
Dirty:                 0 kB
Writeback:             0 kB
AnonPages:        446536 kB
Mapped:           191044 kB
Shmem:              1068 kB
Slab:              32860 kB
SReclaimable:      11760 kB
SUnreclaim:        21100 kB
KernelStack:        8648 kB
PageTables:        18412 kB
NFS_Unstable:          0 kB
Bounce:                0 kB
WritebackTmp:          0 kB
CommitLimit:      675480 kB
Committed_AS:   44969996 kB
VmallocTotal:     253952 kB
VmallocUsed:       90668 kB
VmallocChunk:      40964 kB
Time pass: 142 sec

---2015-12-16 17:19:16
MemTotal:        1350964 kB
MemFree:          209628 kB
Buffers:            7576 kB
Cached:           496452 kB
SwapCached:            0 kB
Active:           650392 kB
Inactive:         298044 kB
Active(anon):     446440 kB
Inactive(anon):     1024 kB
Active(file):     203952 kB
Inactive(file):   297020 kB
Unevictable:        1988 kB
Mlocked:               0 kB
HighTotal:        802816 kB
HighFree:          99944 kB
LowTotal:         548148 kB
LowFree:          109684 kB
SwapTotal:             0 kB
SwapFree:              0 kB
Dirty:                 0 kB
Writeback:             0 kB
AnonPages:        446540 kB
Mapped:           191044 kB
Shmem:              1068 kB
Slab:              32864 kB
SReclaimable:      11760 kB
SUnreclaim:        21104 kB
KernelStack:        8648 kB
PageTables:        18412 kB
NFS_Unstable:          0 kB
Bounce:                0 kB
WritebackTmp:          0 kB
CommitLimit:      675480 kB
Committed_AS:   44970004 kB
VmallocTotal:     253952 kB
VmallocUsed:       90668 kB
VmallocChunk:      40964 kB
Time pass: 146 sec

---2015-12-16 17:19:16
MemTotal:        1350964 kB
MemFree:          193948 kB
Buffers:            7740 kB
Cached:           496456 kB
SwapCached:            0 kB
Active:           661148 kB
Inactive:         297964 kB
Active(anon):     456956 kB
Inactive(anon):     1024 kB
Active(file):     204192 kB
Inactive(file):   296940 kB
Unevictable:        1988 kB
Mlocked:               0 kB
HighTotal:        802816 kB
HighFree:          92256 kB
LowTotal:         548148 kB
LowFree:          101692 kB
SwapTotal:             0 kB
SwapFree:              0 kB
Dirty:               808 kB
Writeback:             0 kB
AnonPages:        456912 kB
Mapped:           204900 kB
Shmem:              1068 kB
Slab:              32852 kB
SReclaimable:      11760 kB
SUnreclaim:        21092 kB
KernelStack:        8872 kB
PageTables:        18924 kB
NFS_Unstable:          0 kB
Bounce:                0 kB
WritebackTmp:          0 kB
CommitLimit:      675480 kB
Committed_AS:   45878624 kB
VmallocTotal:     253952 kB
VmallocUsed:       92244 kB
VmallocChunk:      40964 kB
Time pass: 149 sec

---2015-12-16 17:19:16
MemTotal:        1350964 kB
MemFree:          146320 kB
Buffers:            7752 kB
Cached:           496684 kB
SwapCached:            0 kB
Active:           672268 kB
Inactive:         297804 kB
Active(anon):     467668 kB
Inactive(anon):     1152 kB
Active(file):     204600 kB
Inactive(file):   296652 kB
Unevictable:        1988 kB
Mlocked:               0 kB
HighTotal:        802816 kB
HighFree:          61360 kB
LowTotal:         548148 kB
LowFree:           84960 kB
SwapTotal:             0 kB
SwapFree:              0 kB
Dirty:                44 kB
Writeback:             0 kB
AnonPages:        467696 kB
Mapped:           213936 kB
Shmem:              1196 kB
Slab:              32896 kB
SReclaimable:      11760 kB
SUnreclaim:        21136 kB
KernelStack:        9120 kB
PageTables:        19148 kB
NFS_Unstable:          0 kB
Bounce:                0 kB
WritebackTmp:          0 kB
CommitLimit:      675480 kB
Committed_AS:   45942196 kB
VmallocTotal:     253952 kB
VmallocUsed:       92568 kB
VmallocChunk:      40964 kB
Time pass: 153 sec

---2015-12-16 17:19:16
MemTotal:        1350964 kB
MemFree:          125912 kB
Buffers:            7760 kB
Cached:           497056 kB
SwapCached:            0 kB
Active:           686616 kB
Inactive:         298120 kB
Active(anon):     481980 kB
Inactive(anon):     1156 kB
Active(file):     204636 kB
Inactive(file):   296964 kB
Unevictable:        1988 kB
Mlocked:               0 kB
HighTotal:        802816 kB
HighFree:          43032 kB
LowTotal:         548148 kB
LowFree:           82880 kB
SwapTotal:             0 kB
SwapFree:              0 kB
Dirty:               520 kB
Writeback:             0 kB
AnonPages:        481972 kB
Mapped:           215640 kB
Shmem:              1200 kB
Slab:              32980 kB
SReclaimable:      11760 kB
SUnreclaim:        21220 kB
KernelStack:        9168 kB
PageTables:        19204 kB
NFS_Unstable:          0 kB
Bounce:                0 kB
WritebackTmp:          0 kB
CommitLimit:      675480 kB
Committed_AS:   45965124 kB
VmallocTotal:     253952 kB
VmallocUsed:       92568 kB
VmallocChunk:      40964 kB
Time pass: 157 sec

---2015-12-16 17:19:16
MemTotal:        1350964 kB
MemFree:          111076 kB
Buffers:            7768 kB
Cached:           497088 kB
SwapCached:            0 kB
Active:           688504 kB
Inactive:         298184 kB
Active(anon):     483864 kB
Inactive(anon):     1156 kB
Active(file):     204640 kB
Inactive(file):   297028 kB
Unevictable:        1988 kB
Mlocked:               0 kB
HighTotal:        802816 kB
HighFree:          29488 kB
LowTotal:         548148 kB
LowFree:           81588 kB
SwapTotal:             0 kB
SwapFree:              0 kB
Dirty:               152 kB
Writeback:             0 kB
AnonPages:        483872 kB
Mapped:           215512 kB
Shmem:              1200 kB
Slab:              33092 kB
SReclaimable:      11768 kB
SUnreclaim:        21324 kB
KernelStack:        9168 kB
PageTables:        19240 kB
NFS_Unstable:          0 kB
Bounce:                0 kB
WritebackTmp:          0 kB
CommitLimit:      675480 kB
Committed_AS:   45979232 kB
VmallocTotal:     253952 kB
VmallocUsed:       92568 kB
VmallocChunk:      40964 kB
Time pass: 160 sec

---2015-12-16 17:19:16
MemTotal:        1350964 kB
MemFree:           90120 kB
Buffers:            7776 kB
Cached:           503760 kB
SwapCached:            0 kB
Active:           706372 kB
Inactive:         291764 kB
Active(anon):     488644 kB
Inactive(anon):     1156 kB
Active(file):     217728 kB
Inactive(file):   290608 kB
Unevictable:        1988 kB
Mlocked:               0 kB
HighTotal:        802816 kB
HighFree:          11412 kB
LowTotal:         548148 kB
LowFree:           78708 kB
SwapTotal:             0 kB
SwapFree:              0 kB
Dirty:              6832 kB
Writeback:             0 kB
AnonPages:        488660 kB
Mapped:           216452 kB
Shmem:              1200 kB
Slab:              33108 kB
SReclaimable:      11876 kB
SUnreclaim:        21232 kB
KernelStack:        9184 kB
PageTables:        19268 kB
NFS_Unstable:          0 kB
Bounce:                0 kB
WritebackTmp:          0 kB
CommitLimit:      675480 kB
Committed_AS:   45992412 kB
VmallocTotal:     253952 kB
VmallocUsed:       92568 kB
VmallocChunk:      40964 kB
Time pass: 164 sec

---2015-12-16 17:19:16
MemTotal:        1350964 kB
MemFree:           79428 kB
Buffers:            7776 kB
Cached:           503932 kB
SwapCached:            0 kB
Active:           708052 kB
Inactive:         291440 kB
Active(anon):     489816 kB
Inactive(anon):     1156 kB
Active(file):     218236 kB
Inactive(file):   290284 kB
Unevictable:        1988 kB
Mlocked:               0 kB
HighTotal:        802816 kB
HighFree:           3200 kB
LowTotal:         548148 kB
LowFree:           76228 kB
SwapTotal:             0 kB
SwapFree:              0 kB
Dirty:                 0 kB
Writeback:            88 kB
AnonPages:        489684 kB
Mapped:           216452 kB
Shmem:              1200 kB
Slab:              33248 kB
SReclaimable:      11892 kB
SUnreclaim:        21356 kB
KernelStack:        9184 kB
PageTables:        19292 kB
NFS_Unstable:          0 kB
Bounce:                0 kB
WritebackTmp:          0 kB
CommitLimit:      675480 kB
Committed_AS:   46002532 kB
VmallocTotal:     253952 kB
VmallocUsed:       92568 kB
VmallocChunk:      40964 kB
Time pass: 168 sec

---2015-12-16 17:19:16
MemTotal:        1350964 kB
MemFree:           70468 kB
Buffers:            7784 kB
Cached:           503980 kB
SwapCached:            0 kB
Active:           712256 kB
Inactive:         291488 kB
Active(anon):     494012 kB
Inactive(anon):     1156 kB
Active(file):     218244 kB
Inactive(file):   290332 kB
Unevictable:        1988 kB
Mlocked:               0 kB
HighTotal:        802816 kB
HighFree:           1488 kB
LowTotal:         548148 kB
LowFree:           68980 kB
SwapTotal:             0 kB
SwapFree:              0 kB
Dirty:               564 kB
Writeback:             0 kB
AnonPages:        493860 kB
Mapped:           216644 kB
Shmem:              1200 kB
Slab:              33220 kB
SReclaimable:      11892 kB
SUnreclaim:        21328 kB
KernelStack:        9184 kB
PageTables:        19308 kB
NFS_Unstable:          0 kB
Bounce:                0 kB
WritebackTmp:          0 kB
CommitLimit:      675480 kB
Committed_AS:   46012712 kB
VmallocTotal:     253952 kB
VmallocUsed:       92568 kB
VmallocChunk:      40964 kB
Time pass: 171 sec

---2015-12-16 17:19:16
MemTotal:        1350964 kB
MemFree:           70576 kB
Buffers:            7792 kB
Cached:           503980 kB
SwapCached:            0 kB
Active:           712212 kB
Inactive:         291488 kB
Active(anon):     493968 kB
Inactive(anon):     1156 kB
Active(file):     218244 kB
Inactive(file):   290332 kB
Unevictable:        1988 kB
Mlocked:               0 kB
HighTotal:        802816 kB
HighFree:           1488 kB
LowTotal:         548148 kB
LowFree:           69088 kB
SwapTotal:             0 kB
SwapFree:              0 kB
Dirty:                 0 kB
Writeback:             0 kB
AnonPages:        494028 kB
Mapped:           216792 kB
Shmem:              1200 kB
Slab:              33220 kB
SReclaimable:      11892 kB
SUnreclaim:        21328 kB
KernelStack:        9184 kB
PageTables:        19308 kB
NFS_Unstable:          0 kB
Bounce:                0 kB
WritebackTmp:          0 kB
CommitLimit:      675480 kB
Committed_AS:   46012584 kB
VmallocTotal:     253952 kB
VmallocUsed:       92568 kB
VmallocChunk:      40964 kB
Time pass: 175 sec

---2015-12-16 17:19:16
MemTotal:        1350964 kB
MemFree:           70276 kB
Buffers:            7792 kB
Cached:           503980 kB
SwapCached:            0 kB
Active:           712212 kB
Inactive:         291496 kB
Active(anon):     493968 kB
Inactive(anon):     1156 kB
Active(file):     218244 kB
Inactive(file):   290340 kB
Unevictable:        1988 kB
Mlocked:               0 kB
HighTotal:        802816 kB
HighFree:           1488 kB
LowTotal:         548148 kB
LowFree:           68788 kB
SwapTotal:             0 kB
SwapFree:              0 kB
Dirty:                 0 kB
Writeback:             0 kB
AnonPages:        494108 kB
Mapped:           216792 kB
Shmem:              1200 kB
Slab:              33256 kB
SReclaimable:      11892 kB
SUnreclaim:        21364 kB
KernelStack:        9184 kB
PageTables:        19308 kB
NFS_Unstable:          0 kB
Bounce:                0 kB
WritebackTmp:          0 kB
CommitLimit:      675480 kB
Committed_AS:   46012592 kB
VmallocTotal:     253952 kB
VmallocUsed:       92568 kB
VmallocChunk:      40964 kB
Time pass: 179 sec

---2015-12-16 17:19:16
MemTotal:        1350964 kB
MemFree:           56152 kB
Buffers:            7832 kB
Cached:           504128 kB
SwapCached:            0 kB
Active:           724344 kB
Inactive:         291604 kB
Active(anon):     506024 kB
Inactive(anon):     1312 kB
Active(file):     218320 kB
Inactive(file):   290292 kB
Unevictable:        1988 kB
Mlocked:               0 kB
HighTotal:        802816 kB
HighFree:           1564 kB
LowTotal:         548148 kB
LowFree:           54588 kB
SwapTotal:             0 kB
SwapFree:              0 kB
Dirty:                72 kB
Writeback:             0 kB
AnonPages:        506040 kB
Mapped:           219592 kB
Shmem:              1360 kB
Slab:              33248 kB
SReclaimable:      11892 kB
SUnreclaim:        21356 kB
KernelStack:        9384 kB
PageTables:        19472 kB
NFS_Unstable:          0 kB
Bounce:                0 kB
WritebackTmp:          0 kB
CommitLimit:      675480 kB
Committed_AS:   46041692 kB
VmallocTotal:     253952 kB
VmallocUsed:       92996 kB
VmallocChunk:      40964 kB
Time pass: 183 sec

---2015-12-16 17:19:16
MemTotal:        1350964 kB
MemFree:           45004 kB
Buffers:            7864 kB
Cached:           504300 kB
SwapCached:            0 kB
Active:           733440 kB
Inactive:         291764 kB
Active(anon):     515120 kB
Inactive(anon):     1420 kB
Active(file):     218320 kB
Inactive(file):   290344 kB
Unevictable:        1988 kB
Mlocked:               0 kB
HighTotal:        802816 kB
HighFree:           1488 kB
LowTotal:         548148 kB
LowFree:           43516 kB
SwapTotal:             0 kB
SwapFree:              0 kB
Dirty:               188 kB
Writeback:             0 kB
AnonPages:        515140 kB
Mapped:           220164 kB
Shmem:              1512 kB
Slab:              33392 kB
SReclaimable:      11900 kB
SUnreclaim:        21492 kB
KernelStack:        9416 kB
PageTables:        19468 kB
NFS_Unstable:          0 kB
Bounce:                0 kB
WritebackTmp:          0 kB
CommitLimit:      675480 kB
Committed_AS:   46051808 kB
VmallocTotal:     253952 kB
VmallocUsed:       93332 kB
VmallocChunk:      40964 kB
Time pass: 187 sec

---2015-12-16 17:19:16
MemTotal:        1350964 kB
MemFree:           44600 kB
Buffers:            7880 kB
Cached:           504328 kB
SwapCached:            0 kB
Active:           733296 kB
Inactive:         291824 kB
Active(anon):     514976 kB
Inactive(anon):     1464 kB
Active(file):     218320 kB
Inactive(file):   290360 kB
Unevictable:        1988 kB
Mlocked:               0 kB
HighTotal:        802816 kB
HighFree:           1488 kB
LowTotal:         548148 kB
LowFree:           43112 kB
SwapTotal:             0 kB
SwapFree:              0 kB
Dirty:                 0 kB
Writeback:             0 kB
AnonPages:        515064 kB
Mapped:           220340 kB
Shmem:              1540 kB
Slab:              33296 kB
SReclaimable:      11900 kB
SUnreclaim:        21396 kB
KernelStack:        9408 kB
PageTables:        19552 kB
NFS_Unstable:          0 kB
Bounce:                0 kB
WritebackTmp:          0 kB
CommitLimit:      675480 kB
Committed_AS:   46052776 kB
VmallocTotal:     253952 kB
VmallocUsed:       93332 kB
VmallocChunk:      40964 kB
Time pass: 191 sec

---2015-12-16 17:19:16
MemTotal:        1350964 kB
MemFree:           43044 kB
Buffers:            7896 kB
Cached:           504328 kB
SwapCached:            0 kB
Active:           734664 kB
Inactive:         291860 kB
Active(anon):     516344 kB
Inactive(anon):     1492 kB
Active(file):     218320 kB
Inactive(file):   290368 kB
Unevictable:        1988 kB
Mlocked:               0 kB
HighTotal:        802816 kB
HighFree:           1488 kB
LowTotal:         548148 kB
LowFree:           41556 kB
SwapTotal:             0 kB
SwapFree:              0 kB
Dirty:                36 kB
Writeback:             0 kB
AnonPages:        516224 kB
Mapped:           220340 kB
Shmem:              1540 kB
Slab:              33412 kB
SReclaimable:      11900 kB
SUnreclaim:        21512 kB
KernelStack:        9400 kB
PageTables:        19552 kB
NFS_Unstable:          0 kB
Bounce:                0 kB
WritebackTmp:          0 kB
CommitLimit:      675480 kB
Committed_AS:   46053924 kB
VmallocTotal:     253952 kB
VmallocUsed:       93332 kB
VmallocChunk:      40964 kB
Time pass: 194 sec

---2015-12-16 17:19:16
MemTotal:        1350964 kB
MemFree:           43844 kB
Buffers:            7904 kB
Cached:           504320 kB
SwapCached:            0 kB
Active:           734008 kB
Inactive:         291868 kB
Active(anon):     515688 kB
Inactive(anon):     1492 kB
Active(file):     218320 kB
Inactive(file):   290376 kB
Unevictable:        1988 kB
Mlocked:               0 kB
HighTotal:        802816 kB
HighFree:           1488 kB
LowTotal:         548148 kB
LowFree:           42356 kB
SwapTotal:             0 kB
SwapFree:              0 kB
Dirty:                 0 kB
Writeback:             0 kB
AnonPages:        515704 kB
Mapped:           220344 kB
Shmem:              1540 kB
Slab:              33364 kB
SReclaimable:      11900 kB
SUnreclaim:        21464 kB
KernelStack:        9400 kB
PageTables:        19552 kB
NFS_Unstable:          0 kB
Bounce:                0 kB
WritebackTmp:          0 kB
CommitLimit:      675480 kB
Committed_AS:   46053172 kB
VmallocTotal:     253952 kB
VmallocUsed:       93332 kB
VmallocChunk:      40964 kB
Time pass: 198 sec

---2015-12-16 17:19:16
MemTotal:        1350964 kB
MemFree:           42632 kB
Buffers:            7928 kB
Cached:           504320 kB
SwapCached:            0 kB
Active:           734696 kB
Inactive:         291884 kB
Active(anon):     516376 kB
Inactive(anon):     1492 kB
Active(file):     218320 kB
Inactive(file):   290392 kB
Unevictable:        1988 kB
Mlocked:               0 kB
HighTotal:        802816 kB
HighFree:           1488 kB
LowTotal:         548148 kB
LowFree:           41144 kB
SwapTotal:             0 kB
SwapFree:              0 kB
Dirty:                36 kB
Writeback:             0 kB
AnonPages:        516496 kB
Mapped:           220344 kB
Shmem:              1540 kB
Slab:              33332 kB
SReclaimable:      11900 kB
SUnreclaim:        21432 kB
KernelStack:        9400 kB
PageTables:        19708 kB
NFS_Unstable:          0 kB
Bounce:                0 kB
WritebackTmp:          0 kB
CommitLimit:      675480 kB
Committed_AS:   46839052 kB
VmallocTotal:     253952 kB
VmallocUsed:       93332 kB
VmallocChunk:      40964 kB
Time pass: 202 sec

---2015-12-16 17:19:16
MemTotal:        1350964 kB
MemFree:           39980 kB
Buffers:            7976 kB
Cached:           504432 kB
SwapCached:            0 kB
Active:           737624 kB
Inactive:         292048 kB
Active(anon):     519292 kB
Inactive(anon):     1492 kB
Active(file):     218332 kB
Inactive(file):   290556 kB
Unevictable:        1988 kB
Mlocked:               0 kB
HighTotal:        802816 kB
HighFree:           1488 kB
LowTotal:         548148 kB
LowFree:           38492 kB
SwapTotal:             0 kB
SwapFree:              0 kB
Dirty:                76 kB
Writeback:             0 kB
AnonPages:        519328 kB
Mapped:           220420 kB
Shmem:              1540 kB
Slab:              33488 kB
SReclaimable:      11904 kB
SUnreclaim:        21584 kB
KernelStack:        9496 kB
PageTables:        19816 kB
NFS_Unstable:          0 kB
Bounce:                0 kB
WritebackTmp:          0 kB
CommitLimit:      675480 kB
Committed_AS:   46846364 kB
VmallocTotal:     253952 kB
VmallocUsed:       94352 kB
VmallocChunk:      40964 kB
Time pass: 206 sec

---2015-12-16 17:19:16
MemTotal:        1350964 kB
MemFree:           39840 kB
Buffers:            7976 kB
Cached:           504432 kB
SwapCached:            0 kB
Active:           737736 kB
Inactive:         292040 kB
Active(anon):     519404 kB
Inactive(anon):     1492 kB
Active(file):     218332 kB
Inactive(file):   290548 kB
Unevictable:        1988 kB
Mlocked:               0 kB
HighTotal:        802816 kB
HighFree:           1488 kB
LowTotal:         548148 kB
LowFree:           38352 kB
SwapTotal:             0 kB
SwapFree:              0 kB
Dirty:                 0 kB
Writeback:             0 kB
AnonPages:        519412 kB
Mapped:           220272 kB
Shmem:              1540 kB
Slab:              33428 kB
SReclaimable:      11912 kB
SUnreclaim:        21516 kB
KernelStack:        9480 kB
PageTables:        19812 kB
NFS_Unstable:          0 kB
Bounce:                0 kB
WritebackTmp:          0 kB
CommitLimit:      675480 kB
Committed_AS:   46846332 kB
VmallocTotal:     253952 kB
VmallocUsed:       94352 kB
VmallocChunk:      40964 kB
Time pass: 210 sec

---2015-12-16 17:19:16
MemTotal:        1350964 kB
MemFree:           39328 kB
Buffers:            8000 kB
Cached:           504432 kB
SwapCached:            0 kB
Active:           737852 kB
Inactive:         292064 kB
Active(anon):     519520 kB
Inactive(anon):     1492 kB
Active(file):     218332 kB
Inactive(file):   290572 kB
Unevictable:        1988 kB
Mlocked:               0 kB
HighTotal:        802816 kB
HighFree:           1488 kB
LowTotal:         548148 kB
LowFree:           37840 kB
SwapTotal:             0 kB
SwapFree:              0 kB
Dirty:                36 kB
Writeback:             0 kB
AnonPages:        519572 kB
Mapped:           220372 kB
Shmem:              1540 kB
Slab:              33424 kB
SReclaimable:      11912 kB
SUnreclaim:        21512 kB
KernelStack:        9464 kB
PageTables:        19800 kB
NFS_Unstable:          0 kB
Bounce:                0 kB
WritebackTmp:          0 kB
CommitLimit:      675480 kB
Committed_AS:   46846428 kB
VmallocTotal:     253952 kB
VmallocUsed:       94352 kB
VmallocChunk:      40964 kB
Time pass: 213 sec

---2015-12-16 17:19:16
MemTotal:        1350964 kB
MemFree:           39364 kB
Buffers:            8008 kB
Cached:           504424 kB
SwapCached:            0 kB
Active:           738060 kB
Inactive:         292064 kB
Active(anon):     519728 kB
Inactive(anon):     1492 kB
Active(file):     218332 kB
Inactive(file):   290572 kB
Unevictable:        1988 kB
Mlocked:               0 kB
HighTotal:        802816 kB
HighFree:           1488 kB
LowTotal:         548148 kB
LowFree:           37876 kB
SwapTotal:             0 kB
SwapFree:              0 kB
Dirty:                 0 kB
Writeback:             0 kB
AnonPages:        519960 kB
Mapped:           220420 kB
Shmem:              1540 kB
Slab:              33392 kB
SReclaimable:      11912 kB
SUnreclaim:        21480 kB
KernelStack:        9480 kB
PageTables:        19820 kB
NFS_Unstable:          0 kB
Bounce:                0 kB
WritebackTmp:          0 kB
CommitLimit:      675480 kB
Committed_AS:   46846480 kB
VmallocTotal:     253952 kB
VmallocUsed:       94352 kB
VmallocChunk:      40964 kB
Time pass: 217 sec

---2015-12-16 17:19:16
MemTotal:        1350964 kB
MemFree:           38616 kB
Buffers:            8024 kB
Cached:           504432 kB
SwapCached:            0 kB
Active:           739320 kB
Inactive:         292088 kB
Active(anon):     520988 kB
Inactive(anon):     1492 kB
Active(file):     218332 kB
Inactive(file):   290596 kB
Unevictable:        1988 kB
Mlocked:               0 kB
HighTotal:        802816 kB
HighFree:           1488 kB
LowTotal:         548148 kB
LowFree:           37128 kB
SwapTotal:             0 kB
SwapFree:              0 kB
Dirty:                40 kB
Writeback:             0 kB
AnonPages:        521016 kB
Mapped:           220420 kB
Shmem:              1540 kB
Slab:              33380 kB
SReclaimable:      11912 kB
SUnreclaim:        21468 kB
KernelStack:        9472 kB
PageTables:        19820 kB
NFS_Unstable:          0 kB
Bounce:                0 kB
WritebackTmp:          0 kB
CommitLimit:      675480 kB
Committed_AS:   46847628 kB
VmallocTotal:     253952 kB
VmallocUsed:       94352 kB
VmallocChunk:      40964 kB
Time pass: 221 sec

---2015-12-16 17:19:16
MemTotal:        1350964 kB
MemFree:           37644 kB
Buffers:            8040 kB
Cached:           504420 kB
SwapCached:            0 kB
Active:           738696 kB
Inactive:         292092 kB
Active(anon):     520364 kB
Inactive(anon):     1496 kB
Active(file):     218332 kB
Inactive(file):   290596 kB
Unevictable:        1988 kB
Mlocked:               0 kB
HighTotal:        802816 kB
HighFree:           1488 kB
LowTotal:         548148 kB
LowFree:           36156 kB
SwapTotal:             0 kB
SwapFree:              0 kB
Dirty:                 0 kB
Writeback:             0 kB
AnonPages:        520156 kB
Mapped:           220448 kB
Shmem:              1544 kB
Slab:              33504 kB
SReclaimable:      11912 kB
SUnreclaim:        21592 kB
KernelStack:        9472 kB
PageTables:        19816 kB
NFS_Unstable:          0 kB
Bounce:                0 kB
WritebackTmp:          0 kB
CommitLimit:      675480 kB
Committed_AS:   46846660 kB
VmallocTotal:     253952 kB
VmallocUsed:       94352 kB
VmallocChunk:      40964 kB
Time pass: 225 sec

---2015-12-16 17:19:16
MemTotal:        1350964 kB
MemFree:           38524 kB
Buffers:            8040 kB
Cached:           504436 kB
SwapCached:            0 kB
Active:           738704 kB
Inactive:         292108 kB
Active(anon):     520372 kB
Inactive(anon):     1496 kB
Active(file):     218332 kB
Inactive(file):   290612 kB
Unevictable:        1988 kB
Mlocked:               0 kB
HighTotal:        802816 kB
HighFree:           1984 kB
LowTotal:         548148 kB
LowFree:           36540 kB
SwapTotal:             0 kB
SwapFree:              0 kB
Dirty:                 0 kB
Writeback:             0 kB
AnonPages:        520432 kB
Mapped:           220376 kB
Shmem:              1544 kB
Slab:              33524 kB
SReclaimable:      11912 kB
SUnreclaim:        21612 kB
KernelStack:        9440 kB
PageTables:        19796 kB
NFS_Unstable:          0 kB
Bounce:                0 kB
WritebackTmp:          0 kB
CommitLimit:      675480 kB
Committed_AS:   46846720 kB
VmallocTotal:     253952 kB
VmallocUsed:       94352 kB
VmallocChunk:      40964 kB
Time pass: 230 sec

---2015-12-16 17:19:16
MemTotal:        1350964 kB
MemFree:           39580 kB
Buffers:            8064 kB
Cached:           504436 kB
SwapCached:            0 kB
Active:           738000 kB
Inactive:         292132 kB
Active(anon):     519668 kB
Inactive(anon):     1496 kB
Active(file):     218332 kB
Inactive(file):   290636 kB
Unevictable:        1988 kB
Mlocked:               0 kB
HighTotal:        802816 kB
HighFree:           1488 kB
LowTotal:         548148 kB
LowFree:           38092 kB
SwapTotal:             0 kB
SwapFree:              0 kB
Dirty:                40 kB
Writeback:             0 kB
AnonPages:        519572 kB
Mapped:           220424 kB
Shmem:              1544 kB
Slab:              33500 kB
SReclaimable:      11912 kB
SUnreclaim:        21588 kB
KernelStack:        9456 kB
PageTables:        19812 kB
NFS_Unstable:          0 kB
Bounce:                0 kB
WritebackTmp:          0 kB
CommitLimit:      675480 kB
Committed_AS:   46846728 kB
VmallocTotal:     253952 kB
VmallocUsed:       94352 kB
VmallocChunk:      40964 kB
Time pass: 234 sec

---2015-12-16 17:19:16
MemTotal:        1350964 kB
MemFree:           38788 kB
Buffers:            8072 kB
Cached:           504548 kB
SwapCached:            0 kB
Active:           738256 kB
Inactive:         292248 kB
Active(anon):     519920 kB
Inactive(anon):     1496 kB
Active(file):     218336 kB
Inactive(file):   290752 kB
Unevictable:        1988 kB
Mlocked:               0 kB
HighTotal:        802816 kB
HighFree:           1488 kB
LowTotal:         548148 kB
LowFree:           37300 kB
SwapTotal:             0 kB
SwapFree:              0 kB
Dirty:                40 kB
Writeback:             0 kB
AnonPages:        519976 kB
Mapped:           220448 kB
Shmem:              1544 kB
Slab:              33476 kB
SReclaimable:      11912 kB
SUnreclaim:        21564 kB
KernelStack:        9456 kB
PageTables:        19812 kB
NFS_Unstable:          0 kB
Bounce:                0 kB
WritebackTmp:          0 kB
CommitLimit:      675480 kB
Committed_AS:   46846856 kB
VmallocTotal:     253952 kB
VmallocUsed:       94352 kB
VmallocChunk:      40964 kB
Time pass: 238 sec

---2015-12-16 17:19:16
MemTotal:        1350964 kB
MemFree:           38620 kB
Buffers:            8088 kB
Cached:           504556 kB
SwapCached:            0 kB
Active:           738400 kB
Inactive:         292264 kB
Active(anon):     520064 kB
Inactive(anon):     1496 kB
Active(file):     218336 kB
Inactive(file):   290768 kB
Unevictable:        1988 kB
Mlocked:               0 kB
HighTotal:        802816 kB
HighFree:           1488 kB
LowTotal:         548148 kB
LowFree:           37132 kB
SwapTotal:             0 kB
SwapFree:              0 kB
Dirty:                 4 kB
Writeback:             0 kB
AnonPages:        520024 kB
Mapped:           220400 kB
Shmem:              1544 kB
Slab:              33496 kB
SReclaimable:      11912 kB
SUnreclaim:        21584 kB
KernelStack:        9440 kB
PageTables:        19796 kB
NFS_Unstable:          0 kB
Bounce:                0 kB
WritebackTmp:          0 kB
CommitLimit:      675480 kB
Committed_AS:   46846896 kB
VmallocTotal:     253952 kB
VmallocUsed:       94352 kB
VmallocChunk:      40964 kB
Time pass: 241 sec

---2015-12-16 17:19:16
MemTotal:        1350964 kB
MemFree:           38308 kB
Buffers:            8096 kB
Cached:           504556 kB
SwapCached:            0 kB
Active:           738564 kB
Inactive:         292272 kB
Active(anon):     520228 kB
Inactive(anon):     1496 kB
Active(file):     218336 kB
Inactive(file):   290776 kB
Unevictable:        1988 kB
Mlocked:               0 kB
HighTotal:        802816 kB
HighFree:           1488 kB
LowTotal:         548148 kB
LowFree:           36820 kB
SwapTotal:             0 kB
SwapFree:              0 kB
Dirty:                44 kB
Writeback:             0 kB
AnonPages:        520064 kB
Mapped:           220472 kB
Shmem:              1544 kB
Slab:              33600 kB
SReclaimable:      11912 kB
SUnreclaim:        21688 kB
KernelStack:        9464 kB
PageTables:        19816 kB
NFS_Unstable:          0 kB
Bounce:                0 kB
WritebackTmp:          0 kB
CommitLimit:      675480 kB
Committed_AS:   46846856 kB
VmallocTotal:     253952 kB
VmallocUsed:       94352 kB
VmallocChunk:      40964 kB
Time pass: 245 sec

---2015-12-16 17:19:16
MemTotal:        1350964 kB
MemFree:           37780 kB
Buffers:            8112 kB
Cached:           504556 kB
SwapCached:            0 kB
Active:           739028 kB
Inactive:         292296 kB
Active(anon):     520692 kB
Inactive(anon):     1496 kB
Active(file):     218336 kB
Inactive(file):   290800 kB
Unevictable:        1988 kB
Mlocked:               0 kB
HighTotal:        802816 kB
HighFree:           1488 kB
LowTotal:         548148 kB
LowFree:           36292 kB
SwapTotal:             0 kB
SwapFree:              0 kB
Dirty:                44 kB
Writeback:             0 kB
AnonPages:        520644 kB
Mapped:           220320 kB
Shmem:              1544 kB
Slab:              33492 kB
SReclaimable:      11912 kB
SUnreclaim:        21580 kB
KernelStack:        9456 kB
PageTables:        19812 kB
NFS_Unstable:          0 kB
Bounce:                0 kB
WritebackTmp:          0 kB
CommitLimit:      675480 kB
Committed_AS:   46847176 kB
VmallocTotal:     253952 kB
VmallocUsed:       94352 kB
VmallocChunk:      40964 kB
Time pass: 249 sec

---2015-12-16 17:19:16
MemTotal:        1350964 kB
MemFree:           37840 kB
Buffers:            8136 kB
Cached:           504556 kB
SwapCached:            0 kB
Active:           739020 kB
Inactive:         292328 kB
Active(anon):     520684 kB
Inactive(anon):     1496 kB
Active(file):     218336 kB
Inactive(file):   290832 kB
Unevictable:        1988 kB
Mlocked:               0 kB
HighTotal:        802816 kB
HighFree:           1488 kB
LowTotal:         548148 kB
LowFree:           36352 kB
SwapTotal:             0 kB
SwapFree:              0 kB
Dirty:                36 kB
Writeback:             0 kB
AnonPages:        520760 kB
Mapped:           220320 kB
Shmem:              1544 kB
Slab:              33524 kB
SReclaimable:      11912 kB
SUnreclaim:        21612 kB
KernelStack:        9464 kB
PageTables:        19812 kB
NFS_Unstable:          0 kB
Bounce:                0 kB
WritebackTmp:          0 kB
CommitLimit:      675480 kB
Committed_AS:   46847264 kB
VmallocTotal:     253952 kB
VmallocUsed:       94352 kB
VmallocChunk:      40964 kB
Time pass: 253 sec

---2015-12-16 17:19:16
MemTotal:        1350964 kB
MemFree:           38092 kB
Buffers:            8136 kB
Cached:           504564 kB
SwapCached:            0 kB
Active:           739176 kB
Inactive:         292328 kB
Active(anon):     520840 kB
Inactive(anon):     1504 kB
Active(file):     218336 kB
Inactive(file):   290824 kB
Unevictable:        1988 kB
Mlocked:               0 kB
HighTotal:        802816 kB
HighFree:           1488 kB
LowTotal:         548148 kB
LowFree:           36604 kB
SwapTotal:             0 kB
SwapFree:              0 kB
Dirty:                40 kB
Writeback:             0 kB
AnonPages:        520852 kB
Mapped:           220476 kB
Shmem:              1552 kB
Slab:              33364 kB
SReclaimable:      11912 kB
SUnreclaim:        21452 kB
KernelStack:        9456 kB
PageTables:        19812 kB
NFS_Unstable:          0 kB
Bounce:                0 kB
WritebackTmp:          0 kB
CommitLimit:      675480 kB
Committed_AS:   46847252 kB
VmallocTotal:     253952 kB
VmallocUsed:       94352 kB
VmallocChunk:      40964 kB
Time pass: 257 sec

---2015-12-16 17:19:16
MemTotal:        1350964 kB
MemFree:           38052 kB
Buffers:            8160 kB
Cached:           504572 kB
SwapCached:            0 kB
Active:           739236 kB
Inactive:         292360 kB
Active(anon):     520900 kB
Inactive(anon):     1508 kB
Active(file):     218336 kB
Inactive(file):   290852 kB
Unevictable:        1988 kB
Mlocked:               0 kB
HighTotal:        802816 kB
HighFree:           2232 kB
LowTotal:         548148 kB
LowFree:           35820 kB
SwapTotal:             0 kB
SwapFree:              0 kB
Dirty:                48 kB
Writeback:             0 kB
AnonPages:        520764 kB
Mapped:           220332 kB
Shmem:              1556 kB
Slab:              33468 kB
SReclaimable:      11912 kB
SUnreclaim:        21556 kB
KernelStack:        9464 kB
PageTables:        19812 kB
NFS_Unstable:          0 kB
Bounce:                0 kB
WritebackTmp:          0 kB
CommitLimit:      675480 kB
Committed_AS:   46847228 kB
VmallocTotal:     253952 kB
VmallocUsed:       94352 kB
VmallocChunk:      40964 kB
Time pass: 261 sec

---2015-12-16 17:19:16
MemTotal:        1350964 kB
MemFree:           37716 kB
Buffers:            8160 kB
Cached:           504580 kB
SwapCached:            0 kB
Active:           739280 kB
Inactive:         292356 kB
Active(anon):     520940 kB
Inactive(anon):     1508 kB
Active(file):     218340 kB
Inactive(file):   290848 kB
Unevictable:        1988 kB
Mlocked:               0 kB
HighTotal:        802816 kB
HighFree:           1488 kB
LowTotal:         548148 kB
LowFree:           36228 kB
SwapTotal:             0 kB
SwapFree:              0 kB
Dirty:                 4 kB
Writeback:             0 kB
AnonPages:        521124 kB
Mapped:           220488 kB
Shmem:              1564 kB
Slab:              33588 kB
SReclaimable:      11912 kB
SUnreclaim:        21676 kB
KernelStack:        9456 kB
PageTables:        19812 kB
NFS_Unstable:          0 kB
Bounce:                0 kB
WritebackTmp:          0 kB
CommitLimit:      675480 kB
Committed_AS:   46847264 kB
VmallocTotal:     253952 kB
VmallocUsed:       94352 kB
VmallocChunk:      40964 kB
Time pass: 264 sec

---2015-12-16 17:19:16
MemTotal:        1350964 kB
MemFree:           37804 kB
Buffers:            8192 kB
Cached:           504572 kB
SwapCached:            0 kB
Active:           738688 kB
Inactive:         292388 kB
Active(anon):     520348 kB
Inactive(anon):     1532 kB
Active(file):     218340 kB
Inactive(file):   290856 kB
Unevictable:        1988 kB
Mlocked:               0 kB
HighTotal:        802816 kB
HighFree:           1488 kB
LowTotal:         548148 kB
LowFree:           36316 kB
SwapTotal:             0 kB
SwapFree:              0 kB
Dirty:                36 kB
Writeback:             0 kB
AnonPages:        520216 kB
Mapped:           220356 kB
Shmem:              1580 kB
Slab:              33508 kB
SReclaimable:      11912 kB
SUnreclaim:        21596 kB
KernelStack:        9456 kB
PageTables:        19816 kB
NFS_Unstable:          0 kB
Bounce:                0 kB
WritebackTmp:          0 kB
CommitLimit:      675480 kB
Committed_AS:   46847140 kB
VmallocTotal:     253952 kB
VmallocUsed:       94352 kB
VmallocChunk:      40964 kB
Time pass: 268 sec

---2015-12-16 17:19:16
MemTotal:        1350964 kB
MemFree:           36724 kB
Buffers:            8192 kB
Cached:           504596 kB
SwapCached:            0 kB
Active:           739688 kB
Inactive:         292412 kB
Active(anon):     521348 kB
Inactive(anon):     1532 kB
Active(file):     218340 kB
Inactive(file):   290880 kB
Unevictable:        1988 kB
Mlocked:               0 kB
HighTotal:        802816 kB
HighFree:           1488 kB
LowTotal:         548148 kB
LowFree:           35236 kB
SwapTotal:             0 kB
SwapFree:              0 kB
Dirty:                60 kB
Writeback:             0 kB
AnonPages:        521396 kB
Mapped:           220504 kB
Shmem:              1580 kB
Slab:              33528 kB
SReclaimable:      11928 kB
SUnreclaim:        21600 kB
KernelStack:        9464 kB
PageTables:        19816 kB
NFS_Unstable:          0 kB
Bounce:                0 kB
WritebackTmp:          0 kB
CommitLimit:      675480 kB
Committed_AS:   46848324 kB
VmallocTotal:     253952 kB
VmallocUsed:       94352 kB
VmallocChunk:      40964 kB
Time pass: 272 sec

---2015-12-16 17:19:16
MemTotal:        1350964 kB
MemFree:           36524 kB
Buffers:            8208 kB
Cached:           504596 kB
SwapCached:            0 kB
Active:           739500 kB
Inactive:         292428 kB
Active(anon):     521160 kB
Inactive(anon):     1532 kB
Active(file):     218340 kB
Inactive(file):   290896 kB
Unevictable:        1988 kB
Mlocked:               0 kB
HighTotal:        802816 kB
HighFree:           1488 kB
LowTotal:         548148 kB
LowFree:           35036 kB
SwapTotal:             0 kB
SwapFree:              0 kB
Dirty:                40 kB
Writeback:             0 kB
AnonPages:        521080 kB
Mapped:           220504 kB
Shmem:              1580 kB
Slab:              33468 kB
SReclaimable:      11928 kB
SUnreclaim:        21540 kB
KernelStack:        9464 kB
PageTables:        19812 kB
NFS_Unstable:          0 kB
Bounce:                0 kB
WritebackTmp:          0 kB
CommitLimit:      675480 kB
Committed_AS:   46848280 kB
VmallocTotal:     253952 kB
VmallocUsed:       94352 kB
VmallocChunk:      40964 kB
Time pass: 276 sec

---2015-12-16 17:19:16
MemTotal:        1350964 kB
MemFree:           36568 kB
Buffers:            8216 kB
Cached:           504596 kB
SwapCached:            0 kB
Active:           739624 kB
Inactive:         292428 kB
Active(anon):     521284 kB
Inactive(anon):     1532 kB
Active(file):     218340 kB
Inactive(file):   290896 kB
Unevictable:        1988 kB
Mlocked:               0 kB
HighTotal:        802816 kB
HighFree:           1488 kB
LowTotal:         548148 kB
LowFree:           35080 kB
SwapTotal:             0 kB
SwapFree:              0 kB
Dirty:                28 kB
Writeback:             0 kB
AnonPages:        521156 kB
Mapped:           220504 kB
Shmem:              1580 kB
Slab:              33448 kB
SReclaimable:      11928 kB
SUnreclaim:        21520 kB
KernelStack:        9464 kB
PageTables:        19816 kB
NFS_Unstable:          0 kB
Bounce:                0 kB
WritebackTmp:          0 kB
CommitLimit:      675480 kB
Committed_AS:   46847080 kB
VmallocTotal:     253952 kB
VmallocUsed:       94352 kB
VmallocChunk:      40964 kB
Time pass: 279 sec

---2015-12-16 17:19:16
MemTotal:        1350964 kB
MemFree:           36352 kB
Buffers:            8232 kB
Cached:           504596 kB
SwapCached:            0 kB
Active:           739584 kB
Inactive:         292452 kB
Active(anon):     521244 kB
Inactive(anon):     1532 kB
Active(file):     218340 kB
Inactive(file):   290920 kB
Unevictable:        1988 kB
Mlocked:               0 kB
HighTotal:        802816 kB
HighFree:           1488 kB
LowTotal:         548148 kB
LowFree:           34864 kB
SwapTotal:             0 kB
SwapFree:              0 kB
Dirty:                 0 kB
Writeback:             0 kB
AnonPages:        521256 kB
Mapped:           220504 kB
Shmem:              1580 kB
Slab:              33452 kB
SReclaimable:      11928 kB
SUnreclaim:        21524 kB
KernelStack:        9464 kB
PageTables:        19816 kB
NFS_Unstable:          0 kB
Bounce:                0 kB
WritebackTmp:          0 kB
CommitLimit:      675480 kB
Committed_AS:   46847056 kB
VmallocTotal:     253952 kB
VmallocUsed:       94352 kB
VmallocChunk:      40964 kB
Time pass: 283 sec

---2015-12-16 17:19:16
MemTotal:        1350964 kB
MemFree:           37144 kB
Buffers:            8240 kB
Cached:           504596 kB
SwapCached:            0 kB
Active:           738860 kB
Inactive:         292460 kB
Active(anon):     520520 kB
Inactive(anon):     1532 kB
Active(file):     218340 kB
Inactive(file):   290928 kB
Unevictable:        1988 kB
Mlocked:               0 kB
HighTotal:        802816 kB
HighFree:           1488 kB
LowTotal:         548148 kB
LowFree:           35656 kB
SwapTotal:             0 kB
SwapFree:              0 kB
Dirty:                28 kB
Writeback:             0 kB
AnonPages:        520388 kB
Mapped:           220504 kB
Shmem:              1580 kB
Slab:              33452 kB
SReclaimable:      11928 kB
SUnreclaim:        21524 kB
KernelStack:        9464 kB
PageTables:        19816 kB
NFS_Unstable:          0 kB
Bounce:                0 kB
WritebackTmp:          0 kB
CommitLimit:      675480 kB
Committed_AS:   46847100 kB
VmallocTotal:     253952 kB
VmallocUsed:       94352 kB
VmallocChunk:      40964 kB
Time pass: 287 sec

---2015-12-16 17:19:16
MemTotal:        1350964 kB
MemFree:           37088 kB
Buffers:            8256 kB
Cached:           504596 kB
SwapCached:            0 kB
Active:           738908 kB
Inactive:         292476 kB
Active(anon):     520568 kB
Inactive(anon):     1532 kB
Active(file):     218340 kB
Inactive(file):   290944 kB
Unevictable:        1988 kB
Mlocked:               0 kB
HighTotal:        802816 kB
HighFree:           1488 kB
LowTotal:         548148 kB
LowFree:           35600 kB
SwapTotal:             0 kB
SwapFree:              0 kB
Dirty:                40 kB
Writeback:             0 kB
AnonPages:        520432 kB
Mapped:           220356 kB
Shmem:              1580 kB
Slab:              33532 kB
SReclaimable:      11928 kB
SUnreclaim:        21604 kB
KernelStack:        9464 kB
PageTables:        19816 kB
NFS_Unstable:          0 kB
Bounce:                0 kB
WritebackTmp:          0 kB
CommitLimit:      675480 kB
Committed_AS:   46847084 kB
VmallocTotal:     253952 kB
VmallocUsed:       94352 kB
VmallocChunk:      40964 kB
Time pass: 291 sec

---2015-12-16 17:19:16
MemTotal:        1350964 kB
MemFree:           37352 kB
Buffers:            8264 kB
Cached:           504588 kB
SwapCached:            0 kB
Active:           738964 kB
Inactive:         292476 kB
Active(anon):     520624 kB
Inactive(anon):     1532 kB
Active(file):     218340 kB
Inactive(file):   290944 kB
Unevictable:        1988 kB
Mlocked:               0 kB
HighTotal:        802816 kB
HighFree:           1984 kB
LowTotal:         548148 kB
LowFree:           35368 kB
SwapTotal:             0 kB
SwapFree:              0 kB
Dirty:                 4 kB
Writeback:             0 kB
AnonPages:        520648 kB
Mapped:           220504 kB
Shmem:              1580 kB
Slab:              33544 kB
SReclaimable:      11928 kB
SUnreclaim:        21616 kB
KernelStack:        9464 kB
PageTables:        19816 kB
NFS_Unstable:          0 kB
Bounce:                0 kB
WritebackTmp:          0 kB
CommitLimit:      675480 kB
Committed_AS:   46847096 kB
VmallocTotal:     253952 kB
VmallocUsed:       94352 kB
VmallocChunk:      40964 kB
Time pass: 294 sec

---2015-12-16 17:19:16
MemTotal:        1350964 kB
MemFree:           37576 kB
Buffers:            8280 kB
Cached:           504624 kB
SwapCached:            0 kB
Active:           739000 kB
Inactive:         292528 kB
Active(anon):     520660 kB
Inactive(anon):     1560 kB
Active(file):     218340 kB
Inactive(file):   290968 kB
Unevictable:        1988 kB
Mlocked:               0 kB
HighTotal:        802816 kB
HighFree:           1612 kB
LowTotal:         548148 kB
LowFree:           35964 kB
SwapTotal:             0 kB
SwapFree:              0 kB
Dirty:                40 kB
Writeback:             0 kB
AnonPages:        520612 kB
Mapped:           220484 kB
Shmem:              1608 kB
Slab:              33520 kB
SReclaimable:      11928 kB
SUnreclaim:        21592 kB
KernelStack:        9464 kB
PageTables:        19800 kB
NFS_Unstable:          0 kB
Bounce:                0 kB
WritebackTmp:          0 kB
CommitLimit:      675480 kB
Committed_AS:   46847044 kB
VmallocTotal:     253952 kB
VmallocUsed:       94352 kB
VmallocChunk:      40964 kB
Time pass: 298 sec

---2015-12-16 17:19:16
MemTotal:        1350964 kB
MemFree:           36980 kB
Buffers:            8280 kB
Cached:           504624 kB
SwapCached:            0 kB
Active:           739208 kB
Inactive:         292528 kB
Active(anon):     520868 kB
Inactive(anon):     1560 kB
Active(file):     218340 kB
Inactive(file):   290968 kB
Unevictable:        1988 kB
Mlocked:               0 kB
HighTotal:        802816 kB
HighFree:           1488 kB
LowTotal:         548148 kB
LowFree:           35492 kB
SwapTotal:             0 kB
SwapFree:              0 kB
Dirty:               144 kB
Writeback:             0 kB
AnonPages:        520824 kB
Mapped:           220532 kB
Shmem:              1608 kB
Slab:              33456 kB
SReclaimable:      11928 kB
SUnreclaim:        21528 kB
KernelStack:        9472 kB
PageTables:        19816 kB
NFS_Unstable:          0 kB
Bounce:                0 kB
WritebackTmp:          0 kB
CommitLimit:      675480 kB
Committed_AS:   46847080 kB
VmallocTotal:     253952 kB
VmallocUsed:       94352 kB
VmallocChunk:      40964 kB
Time pass: 301 sec

---2015-12-16 17:19:16
MemTotal:        1350964 kB
MemFree:           36816 kB
Buffers:            8304 kB
Cached:           504660 kB
SwapCached:            0 kB
Active:           739472 kB
Inactive:         292588 kB
Active(anon):     521132 kB
Inactive(anon):     1596 kB
Active(file):     218340 kB
Inactive(file):   290992 kB
Unevictable:        1988 kB
Mlocked:               0 kB
HighTotal:        802816 kB
HighFree:           1488 kB
LowTotal:         548148 kB
LowFree:           35328 kB
SwapTotal:             0 kB
SwapFree:              0 kB
Dirty:               184 kB
Writeback:             0 kB
AnonPages:        521204 kB
Mapped:           220568 kB
Shmem:              1644 kB
Slab:              33520 kB
SReclaimable:      11928 kB
SUnreclaim:        21592 kB
KernelStack:        9464 kB
PageTables:        19820 kB
NFS_Unstable:          0 kB
Bounce:                0 kB
WritebackTmp:          0 kB
CommitLimit:      675480 kB
Committed_AS:   46847892 kB
VmallocTotal:     253952 kB
VmallocUsed:       94352 kB
VmallocChunk:      40964 kB
Time pass: 305 sec

---2015-12-16 17:19:16
MemTotal:        1350964 kB
MemFree:           37268 kB
Buffers:            8320 kB
Cached:           504660 kB
SwapCached:            0 kB
Active:           739344 kB
Inactive:         292604 kB
Active(anon):     521004 kB
Inactive(anon):     1596 kB
Active(file):     218340 kB
Inactive(file):   291008 kB
Unevictable:        1988 kB
Mlocked:               0 kB
HighTotal:        802816 kB
HighFree:           1488 kB
LowTotal:         548148 kB
LowFree:           35780 kB
SwapTotal:             0 kB
SwapFree:              0 kB
Dirty:               184 kB
Writeback:             0 kB
AnonPages:        520860 kB
Mapped:           220420 kB
Shmem:              1644 kB
Slab:              33564 kB
SReclaimable:      11928 kB
SUnreclaim:        21636 kB
KernelStack:        9464 kB
PageTables:        19816 kB
NFS_Unstable:          0 kB
Bounce:                0 kB
WritebackTmp:          0 kB
CommitLimit:      675480 kB
Committed_AS:   46846984 kB
VmallocTotal:     253952 kB
VmallocUsed:       94352 kB
VmallocChunk:      40964 kB
Time pass: 309 sec

---2015-12-16 17:19:16
MemTotal:        1350964 kB
MemFree:           36928 kB
Buffers:            8320 kB
Cached:           504660 kB
SwapCached:            0 kB
Active:           739508 kB
Inactive:         292604 kB
Active(anon):     521168 kB
Inactive(anon):     1596 kB
Active(file):     218340 kB
Inactive(file):   291008 kB
Unevictable:        1988 kB
Mlocked:               0 kB
HighTotal:        802816 kB
HighFree:           1488 kB
LowTotal:         548148 kB
LowFree:           35440 kB
SwapTotal:             0 kB
SwapFree:              0 kB
Dirty:                12 kB
Writeback:             0 kB
AnonPages:        521220 kB
Mapped:           220568 kB
Shmem:              1644 kB
Slab:              33592 kB
SReclaimable:      11928 kB
SUnreclaim:        21664 kB
KernelStack:        9472 kB
PageTables:        19820 kB
NFS_Unstable:          0 kB
Bounce:                0 kB
WritebackTmp:          0 kB
CommitLimit:      675480 kB
Committed_AS:   46847108 kB
VmallocTotal:     253952 kB
VmallocUsed:       94352 kB
VmallocChunk:      40964 kB
Time pass: 313 sec

---2015-12-16 17:19:16
MemTotal:        1350964 kB
MemFree:           36888 kB
Buffers:            8344 kB
Cached:           504660 kB
SwapCached:            0 kB
Active:           739500 kB
Inactive:         292628 kB
Active(anon):     521160 kB
Inactive(anon):     1596 kB
Active(file):     218340 kB
Inactive(file):   291032 kB
Unevictable:        1988 kB
Mlocked:               0 kB
HighTotal:        802816 kB
HighFree:           1488 kB
LowTotal:         548148 kB
LowFree:           35400 kB
SwapTotal:             0 kB
SwapFree:              0 kB
Dirty:                44 kB
Writeback:             0 kB
AnonPages:        521164 kB
Mapped:           220568 kB
Shmem:              1644 kB
Slab:              33424 kB
SReclaimable:      11928 kB
SUnreclaim:        21496 kB
KernelStack:        9472 kB
PageTables:        19820 kB
NFS_Unstable:          0 kB
Bounce:                0 kB
WritebackTmp:          0 kB
CommitLimit:      675480 kB
Committed_AS:   46847032 kB
VmallocTotal:     253952 kB
VmallocUsed:       94352 kB
VmallocChunk:      40964 kB
Time pass: 317 sec

---2015-12-16 17:19:16
MemTotal:        1350964 kB
MemFree:           36572 kB
Buffers:            8344 kB
Cached:           504660 kB
SwapCached:            0 kB
Active:           739700 kB
Inactive:         292628 kB
Active(anon):     521360 kB
Inactive(anon):     1596 kB
Active(file):     218340 kB
Inactive(file):   291032 kB
Unevictable:        1988 kB
Mlocked:               0 kB
HighTotal:        802816 kB
HighFree:           1488 kB
LowTotal:         548148 kB
LowFree:           35084 kB
SwapTotal:             0 kB
SwapFree:              0 kB
Dirty:                44 kB
Writeback:             0 kB
AnonPages:        521056 kB
Mapped:           220568 kB
Shmem:              1644 kB
Slab:              33584 kB
SReclaimable:      11928 kB
SUnreclaim:        21656 kB
KernelStack:        9472 kB
PageTables:        19820 kB
NFS_Unstable:          0 kB
Bounce:                0 kB
WritebackTmp:          0 kB
CommitLimit:      675480 kB
Committed_AS:   46847000 kB
VmallocTotal:     253952 kB
VmallocUsed:       94352 kB
VmallocChunk:      40964 kB
Time pass: 320 sec

---2015-12-16 17:19:16
MemTotal:        1350964 kB
MemFree:           36188 kB
Buffers:            8368 kB
Cached:           504644 kB
SwapCached:            0 kB
Active:           740288 kB
Inactive:         292628 kB
Active(anon):     521948 kB
Inactive(anon):     1596 kB
Active(file):     218340 kB
Inactive(file):   291032 kB
Unevictable:        1988 kB
Mlocked:               0 kB
HighTotal:        802816 kB
HighFree:           1488 kB
LowTotal:         548148 kB
LowFree:           34700 kB
SwapTotal:             0 kB
SwapFree:              0 kB
Dirty:                32 kB
Writeback:             0 kB
AnonPages:        522012 kB
Mapped:           220420 kB
Shmem:              1644 kB
Slab:              33536 kB
SReclaimable:      11928 kB
SUnreclaim:        21608 kB
KernelStack:        9464 kB
PageTables:        19820 kB
NFS_Unstable:          0 kB
Bounce:                0 kB
WritebackTmp:          0 kB
CommitLimit:      675480 kB
Committed_AS:   46848148 kB
VmallocTotal:     253952 kB
VmallocUsed:       94352 kB
VmallocChunk:      40964 kB
Time pass: 324 sec

---2015-12-16 17:19:16
MemTotal:        1350964 kB
MemFree:           36152 kB
Buffers:            8368 kB
Cached:           504664 kB
SwapCached:            0 kB
Active:           740084 kB
Inactive:         292656 kB
Active(anon):     521744 kB
Inactive(anon):     1596 kB
Active(file):     218340 kB
Inactive(file):   291060 kB
Unevictable:        1988 kB
Mlocked:               0 kB
HighTotal:        802816 kB
HighFree:           1488 kB
LowTotal:         548148 kB
LowFree:           34664 kB
SwapTotal:             0 kB
SwapFree:              0 kB
Dirty:               148 kB
Writeback:             0 kB
AnonPages:        521764 kB
Mapped:           220568 kB
Shmem:              1644 kB
Slab:              33480 kB
SReclaimable:      11928 kB
SUnreclaim:        21552 kB
KernelStack:        9464 kB
PageTables:        19820 kB
NFS_Unstable:          0 kB
Bounce:                0 kB
WritebackTmp:          0 kB
CommitLimit:      675480 kB
Committed_AS:   46848188 kB
VmallocTotal:     253952 kB
VmallocUsed:       94352 kB
VmallocChunk:      40964 kB
Time pass: 328 sec

---2015-12-16 17:19:16
MemTotal:        1350964 kB
MemFree:           36184 kB
Buffers:            8392 kB
Cached:           504648 kB
SwapCached:            0 kB
Active:           740704 kB
Inactive:         292652 kB
Active(anon):     522360 kB
Inactive(anon):     1596 kB
Active(file):     218344 kB
Inactive(file):   291056 kB
Unevictable:        1988 kB
Mlocked:               0 kB
HighTotal:        802816 kB
HighFree:           1612 kB
LowTotal:         548148 kB
LowFree:           34572 kB
SwapTotal:             0 kB
SwapFree:              0 kB
Dirty:                 4 kB
Writeback:             0 kB
AnonPages:        522392 kB
Mapped:           220568 kB
Shmem:              1644 kB
Slab:              33468 kB
SReclaimable:      11928 kB
SUnreclaim:        21540 kB
KernelStack:        9456 kB
PageTables:        19820 kB
NFS_Unstable:          0 kB
Bounce:                0 kB
WritebackTmp:          0 kB
CommitLimit:      675480 kB
Committed_AS:   46848172 kB
VmallocTotal:     253952 kB
VmallocUsed:       94352 kB
VmallocChunk:      40964 kB
Time pass: 332 sec

---2015-12-16 17:19:16
MemTotal:        1350964 kB
MemFree:           36844 kB
Buffers:            8392 kB
Cached:           504664 kB
SwapCached:            0 kB
Active:           739864 kB
Inactive:         292676 kB
Active(anon):     521520 kB
Inactive(anon):     1596 kB
Active(file):     218344 kB
Inactive(file):   291080 kB
Unevictable:        1988 kB
Mlocked:               0 kB
HighTotal:        802816 kB
HighFree:           1488 kB
LowTotal:         548148 kB
LowFree:           35356 kB
SwapTotal:             0 kB
SwapFree:              0 kB
Dirty:                44 kB
Writeback:             0 kB
AnonPages:        521572 kB
Mapped:           220568 kB
Shmem:              1644 kB
Slab:              33476 kB
SReclaimable:      11928 kB
SUnreclaim:        21548 kB
KernelStack:        9456 kB
PageTables:        19816 kB
NFS_Unstable:          0 kB
Bounce:                0 kB
WritebackTmp:          0 kB
CommitLimit:      675480 kB
Committed_AS:   46846984 kB
VmallocTotal:     253952 kB
VmallocUsed:       94352 kB
VmallocChunk:      40964 kB
Time pass: 336 sec

---2015-12-16 17:19:16
MemTotal:        1350964 kB
MemFree:           36324 kB
Buffers:            8416 kB
Cached:           504656 kB
SwapCached:            0 kB
Active:           739628 kB
Inactive:         292684 kB
Active(anon):     521284 kB
Inactive(anon):     1596 kB
Active(file):     218344 kB
Inactive(file):   291088 kB
Unevictable:        1988 kB
Mlocked:               0 kB
HighTotal:        802816 kB
HighFree:           1488 kB
LowTotal:         548148 kB
LowFree:           34836 kB
SwapTotal:             0 kB
SwapFree:              0 kB
Dirty:                36 kB
Writeback:             0 kB
AnonPages:        521400 kB
Mapped:           220588 kB
Shmem:              1644 kB
Slab:              33616 kB
SReclaimable:      11928 kB
SUnreclaim:        21688 kB
KernelStack:        9456 kB
PageTables:        19820 kB
NFS_Unstable:          0 kB
Bounce:                0 kB
WritebackTmp:          0 kB
CommitLimit:      675480 kB
Committed_AS:   46848156 kB
VmallocTotal:     253952 kB
VmallocUsed:       94352 kB
VmallocChunk:      40964 kB
Time pass: 340 sec

---2015-12-16 17:19:16
MemTotal:        1350964 kB
MemFree:           36088 kB
Buffers:            8424 kB
Cached:           504668 kB
SwapCached:            0 kB
Active:           740124 kB
Inactive:         292708 kB
Active(anon):     521780 kB
Inactive(anon):     1596 kB
Active(file):     218344 kB
Inactive(file):   291112 kB
Unevictable:        1988 kB
Mlocked:               0 kB
HighTotal:        802816 kB
HighFree:           1488 kB
LowTotal:         548148 kB
LowFree:           34600 kB
SwapTotal:             0 kB
SwapFree:              0 kB
Dirty:               156 kB
Writeback:             0 kB
AnonPages:        522096 kB
Mapped:           220440 kB
