---2015-12-15 11:18:33
MemTotal:        2873608 kB
MemFree:          101636 kB
Buffers:           23776 kB
Cached:          1283824 kB
SwapCached:            0 kB
Active:          1349388 kB
Inactive:         883816 kB
Active(anon):     740660 kB
Inactive(anon):   194832 kB
Active(file):     608728 kB
Inactive(file):   688984 kB
Unevictable:        8104 kB
Mlocked:               0 kB
SwapTotal:        715328 kB
SwapFree:         715328 kB
Dirty:               896 kB
Writeback:             0 kB
AnonPages:        933904 kB
Mapped:           480708 kB
Shmem:              1712 kB
Slab:              96440 kB
SReclaimable:      31596 kB
SUnreclaim:        64844 kB
KernelStack:       37536 kB
PageTables:        46772 kB
NFS_Unstable:          0 kB
Bounce:                0 kB
WritebackTmp:          0 kB
CommitLimit:     2152132 kB
Committed_AS:   115467432 kB
VmallocTotal:   251658176 kB
VmallocUsed:      134236 kB
VmallocChunk:   251427884 kB
Time pass: 3 sec

---2015-12-15 11:18:33
MemTotal:        2873608 kB
MemFree:          106332 kB
Buffers:           23856 kB
Cached:          1288708 kB
SwapCached:            0 kB
Active:          1344596 kB
Inactive:         885084 kB
Active(anon):     732104 kB
Inactive(anon):   194968 kB
Active(file):     612492 kB
Inactive(file):   690116 kB
Unevictable:        8104 kB
Mlocked:               0 kB
SwapTotal:        715328 kB
SwapFree:         715328 kB
Dirty:              6460 kB
Writeback:             0 kB
AnonPages:        925092 kB
Mapped:           484580 kB
Shmem:              1848 kB
Slab:              96512 kB
SReclaimable:      31668 kB
SUnreclaim:        64844 kB
KernelStack:       36560 kB
PageTables:        48004 kB
NFS_Unstable:          0 kB
Bounce:                0 kB
WritebackTmp:          0 kB
CommitLimit:     2152132 kB
Committed_AS:   119709628 kB
VmallocTotal:   251658176 kB
VmallocUsed:      136276 kB
VmallocChunk:   251427884 kB
Time pass: 7 sec

---2015-12-15 11:18:33
MemTotal:        2873608 kB
MemFree:          112232 kB
Buffers:           23884 kB
Cached:          1288608 kB
SwapCached:            0 kB
Active:          1370600 kB
Inactive:         856220 kB
Active(anon):     729316 kB
Inactive(anon):   194844 kB
Active(file):     641284 kB
Inactive(file):   661376 kB
Unevictable:        8104 kB
Mlocked:               0 kB
SwapTotal:        715328 kB
SwapFree:         715328 kB
Dirty:                 4 kB
Writeback:             0 kB
AnonPages:        922336 kB
Mapped:           464632 kB
Shmem:              1728 kB
Slab:              96560 kB
SReclaimable:      31704 kB
SUnreclaim:        64856 kB
KernelStack:       35904 kB
PageTables:        46768 kB
NFS_Unstable:          0 kB
Bounce:                0 kB
WritebackTmp:          0 kB
CommitLimit:     2152132 kB
Committed_AS:   117886812 kB
VmallocTotal:   251658176 kB
VmallocUsed:      134100 kB
VmallocChunk:   251439148 kB
Time pass: 11 sec

---2015-12-15 11:18:33
MemTotal:        2873608 kB
MemFree:           87032 kB
Buffers:           23924 kB
Cached:          1288608 kB
SwapCached:            0 kB
Active:          1391612 kB
Inactive:         855352 kB
Active(anon):     749420 kB
Inactive(anon):   194824 kB
Active(file):     642192 kB
Inactive(file):   660528 kB
Unevictable:        8104 kB
Mlocked:               0 kB
SwapTotal:        715328 kB
SwapFree:         715328 kB
Dirty:              1036 kB
Writeback:             0 kB
AnonPages:        942924 kB
Mapped:           499704 kB
Shmem:              1708 kB
Slab:              96328 kB
SReclaimable:      31740 kB
SUnreclaim:        64588 kB
KernelStack:       36480 kB
PageTables:        47616 kB
NFS_Unstable:          0 kB
Bounce:                0 kB
WritebackTmp:          0 kB
CommitLimit:     2152132 kB
Committed_AS:   118517848 kB
VmallocTotal:   251658176 kB
VmallocUsed:      135256 kB
VmallocChunk:   251439148 kB
Time pass: 15 sec

---2015-12-15 11:18:33
MemTotal:        2873608 kB
MemFree:           94384 kB
Buffers:           23964 kB
Cached:          1293904 kB
SwapCached:            0 kB
Active:          1381496 kB
Inactive:         860420 kB
Active(anon):     739196 kB
Inactive(anon):   194976 kB
Active(file):     642300 kB
Inactive(file):   665444 kB
Unevictable:        8104 kB
Mlocked:               0 kB
SwapTotal:        715328 kB
SwapFree:         715328 kB
Dirty:              7276 kB
Writeback:             0 kB
AnonPages:        932428 kB
Mapped:           470628 kB
Shmem:              1860 kB
Slab:              96648 kB
SReclaimable:      31792 kB
SUnreclaim:        64856 kB
KernelStack:       36944 kB
PageTables:        46964 kB
NFS_Unstable:          0 kB
Bounce:                0 kB
WritebackTmp:          0 kB
CommitLimit:     2152132 kB
Committed_AS:   117938000 kB
VmallocTotal:   251658176 kB
VmallocUsed:      135256 kB
VmallocChunk:   251416108 kB
Time pass: 18 sec

---2015-12-15 11:18:33
MemTotal:        2873608 kB
MemFree:           69616 kB
Buffers:           24004 kB
Cached:          1193588 kB
SwapCached:            0 kB
Active:          1400028 kB
Inactive:         801992 kB
Active(anon):     798788 kB
Inactive(anon):   200724 kB
Active(file):     601240 kB
Inactive(file):   601268 kB
Unevictable:       13568 kB
Mlocked:               0 kB
SwapTotal:        715328 kB
SwapFree:         714544 kB
Dirty:              1448 kB
Writeback:             0 kB
AnonPages:        999100 kB
Mapped:           469008 kB
Shmem:              1104 kB
Slab:              98184 kB
SReclaimable:      32220 kB
SUnreclaim:        65964 kB
KernelStack:       38128 kB
PageTables:        48180 kB
NFS_Unstable:          0 kB
Bounce:                0 kB
WritebackTmp:          0 kB
CommitLimit:     2152132 kB
Committed_AS:   117996424 kB
VmallocTotal:   251658176 kB
VmallocUsed:      134676 kB
VmallocChunk:   251416108 kB
Time pass: 22 sec

---2015-12-15 11:18:33
MemTotal:        2873608 kB
MemFree:           89764 kB
Buffers:           23392 kB
Cached:          1130888 kB
SwapCached:            0 kB
Active:          1317284 kB
Inactive:         773464 kB
Active(anon):     746560 kB
Inactive(anon):   204808 kB
Active(file):     570724 kB
Inactive(file):   568656 kB
Unevictable:       13568 kB
Mlocked:               0 kB
SwapTotal:        715328 kB
SwapFree:         713992 kB
Dirty:               340 kB
Writeback:             0 kB
AnonPages:        950024 kB
Mapped:           542044 kB
Shmem:              1332 kB
Slab:              97760 kB
SReclaimable:      31492 kB
SUnreclaim:        66268 kB
KernelStack:       37472 kB
PageTables:        49628 kB
NFS_Unstable:          0 kB
Bounce:                0 kB
WritebackTmp:          0 kB
CommitLimit:     2152132 kB
Committed_AS:   122791020 kB
VmallocTotal:   251658176 kB
VmallocUsed:      138368 kB
VmallocChunk:   251417132 kB
Time pass: 26 sec

---2015-12-15 11:18:33
MemTotal:        2873608 kB
MemFree:           69072 kB
Buffers:           22840 kB
Cached:          1100288 kB
SwapCached:            0 kB
Active:          1355316 kB
Inactive:         757348 kB
Active(anon):     800604 kB
Inactive(anon):   203712 kB
Active(file):     554712 kB
Inactive(file):   553636 kB
Unevictable:       13568 kB
Mlocked:               0 kB
SwapTotal:        715328 kB
SwapFree:         712968 kB
Dirty:               848 kB
Writeback:           440 kB
AnonPages:       1003224 kB
Mapped:           569096 kB
Shmem:              1312 kB
Slab:              95480 kB
SReclaimable:      29284 kB
SUnreclaim:        66196 kB
KernelStack:       38240 kB
PageTables:        49692 kB
NFS_Unstable:          0 kB
Bounce:                0 kB
WritebackTmp:          0 kB
CommitLimit:     2152132 kB
Committed_AS:   121636312 kB
VmallocTotal:   251658176 kB
VmallocUsed:      137644 kB
VmallocChunk:   251418156 kB
Time pass: 30 sec

---2015-12-15 11:18:33
MemTotal:        2873608 kB
MemFree:          119096 kB
Buffers:           22764 kB
Cached:          1074268 kB
SwapCached:            0 kB
Active:          1320940 kB
Inactive:         740052 kB
Active(anon):     772340 kB
Inactive(anon):   206320 kB
Active(file):     548600 kB
Inactive(file):   533732 kB
Unevictable:       13568 kB
Mlocked:               0 kB
SwapTotal:        715328 kB
SwapFree:         712788 kB
Dirty:              1216 kB
Writeback:             4 kB
AnonPages:        975240 kB
Mapped:           550412 kB
Shmem:              1240 kB
Slab:              98588 kB
SReclaimable:      31764 kB
SUnreclaim:        66824 kB
KernelStack:       38464 kB
PageTables:        49700 kB
NFS_Unstable:          0 kB
Bounce:                0 kB
WritebackTmp:          0 kB
CommitLimit:     2152132 kB
Committed_AS:   123385792 kB
VmallocTotal:   251658176 kB
VmallocUsed:      138664 kB
VmallocChunk:   251424812 kB
Time pass: 34 sec

---2015-12-15 11:18:33
MemTotal:        2873608 kB
MemFree:           84420 kB
Buffers:           16140 kB
Cached:          1061808 kB
SwapCached:            0 kB
Active:          1366088 kB
Inactive:         730428 kB
Active(anon):     823732 kB
Inactive(anon):   209568 kB
Active(file):     542356 kB
Inactive(file):   520860 kB
Unevictable:       13568 kB
Mlocked:               0 kB
SwapTotal:        715328 kB
SwapFree:         711256 kB
Dirty:               560 kB
Writeback:             0 kB
AnonPages:       1032408 kB
Mapped:           567848 kB
Shmem:              1112 kB
Slab:              99416 kB
SReclaimable:      31960 kB
SUnreclaim:        67456 kB
KernelStack:       39552 kB
PageTables:        50872 kB
NFS_Unstable:          0 kB
Bounce:                0 kB
WritebackTmp:          0 kB
CommitLimit:     2152132 kB
Committed_AS:   125726152 kB
VmallocTotal:   251658176 kB
VmallocUsed:      139516 kB
VmallocChunk:   251424812 kB
Time pass: 38 sec

---2015-12-15 11:18:33
MemTotal:        2873608 kB
MemFree:          107856 kB
Buffers:           17228 kB
Cached:          1065504 kB
SwapCached:            0 kB
Active:          1341352 kB
Inactive:         732248 kB
Active(anon):     795992 kB
Inactive(anon):   209576 kB
Active(file):     545360 kB
Inactive(file):   522672 kB
Unevictable:       13568 kB
Mlocked:               0 kB
SwapTotal:        715328 kB
SwapFree:         711256 kB
Dirty:               368 kB
Writeback:             0 kB
AnonPages:       1004440 kB
Mapped:           576600 kB
Shmem:              1128 kB
Slab:              99192 kB
SReclaimable:      32044 kB
SUnreclaim:        67148 kB
KernelStack:       39040 kB
PageTables:        50404 kB
NFS_Unstable:          0 kB
Bounce:                0 kB
WritebackTmp:          0 kB
CommitLimit:     2152132 kB
Committed_AS:   122718924 kB
VmallocTotal:   251658176 kB
VmallocUsed:      137476 kB
VmallocChunk:   251424812 kB
Time pass: 42 sec

---2015-12-15 11:18:33
MemTotal:        2873608 kB
MemFree:          109988 kB
Buffers:           17228 kB
Cached:          1066628 kB
SwapCached:            0 kB
Active:          1338360 kB
Inactive:         733236 kB
Active(anon):     792936 kB
Inactive(anon):   209572 kB
Active(file):     545424 kB
Inactive(file):   523664 kB
Unevictable:       13568 kB
Mlocked:               0 kB
SwapTotal:        715328 kB
SwapFree:         711256 kB
Dirty:                 4 kB
Writeback:             0 kB
AnonPages:       1001124 kB
Mapped:           576944 kB
Shmem:              1128 kB
Slab:              99448 kB
SReclaimable:      32044 kB
SUnreclaim:        67404 kB
KernelStack:       39024 kB
PageTables:        50476 kB
NFS_Unstable:          0 kB
Bounce:                0 kB
WritebackTmp:          0 kB
CommitLimit:     2152132 kB
Committed_AS:   122719388 kB
VmallocTotal:   251658176 kB
VmallocUsed:      137476 kB
VmallocChunk:   251424812 kB
Time pass: 46 sec

---2015-12-15 11:18:33
MemTotal:        2873608 kB
MemFree:          117656 kB
Buffers:           17236 kB
Cached:          1067368 kB
SwapCached:            0 kB
Active:          1331976 kB
Inactive:         733948 kB
Active(anon):     786512 kB
Inactive(anon):   209572 kB
Active(file):     545464 kB
Inactive(file):   524376 kB
Unevictable:       13568 kB
Mlocked:               0 kB
SwapTotal:        715328 kB
SwapFree:         711256 kB
Dirty:               860 kB
Writeback:             0 kB
AnonPages:        995104 kB
Mapped:           570632 kB
Shmem:              1128 kB
Slab:              99144 kB
SReclaimable:      32060 kB
SUnreclaim:        67084 kB
KernelStack:       38448 kB
PageTables:        49484 kB
NFS_Unstable:          0 kB
Bounce:                0 kB
WritebackTmp:          0 kB
CommitLimit:     2152132 kB
Committed_AS:   120255164 kB
VmallocTotal:   251658176 kB
VmallocUsed:      135436 kB
VmallocChunk:   251424812 kB
Time pass: 50 sec

---2015-12-15 11:18:33
MemTotal:        2873608 kB
MemFree:           67028 kB
Buffers:           16512 kB
Cached:          1025436 kB
SwapCached:            0 kB
Active:          1326732 kB
Inactive:         722288 kB
Active(anon):     813088 kB
Inactive(anon):   208624 kB
Active(file):     513644 kB
Inactive(file):   513664 kB
Unevictable:       13568 kB
Mlocked:               0 kB
SwapTotal:        715328 kB
SwapFree:         710456 kB
Dirty:              1092 kB
Writeback:             0 kB
AnonPages:       1020600 kB
Mapped:           590816 kB
Shmem:              1128 kB
Slab:              99064 kB
SReclaimable:      32096 kB
SUnreclaim:        66968 kB
KernelStack:       38960 kB
PageTables:        50208 kB
NFS_Unstable:          0 kB
Bounce:                0 kB
WritebackTmp:          0 kB
CommitLimit:     2152132 kB
Committed_AS:   121507592 kB
VmallocTotal:   251658176 kB
VmallocUsed:      136712 kB
VmallocChunk:   251424812 kB
Time pass: 54 sec

---2015-12-15 11:18:33
MemTotal:        2873608 kB
MemFree:           65556 kB
Buffers:           16520 kB
Cached:          1025624 kB
SwapCached:            0 kB
Active:          1328464 kB
Inactive:         722400 kB
Active(anon):     814808 kB
Inactive(anon):   208608 kB
Active(file):     513656 kB
Inactive(file):   513792 kB
Unevictable:       13568 kB
Mlocked:               0 kB
SwapTotal:        715328 kB
SwapFree:         710456 kB
Dirty:               260 kB
Writeback:             0 kB
AnonPages:       1022316 kB
Mapped:           591324 kB
Shmem:              1128 kB
Slab:              99224 kB
SReclaimable:      32096 kB
SUnreclaim:        67128 kB
KernelStack:       38960 kB
PageTables:        50236 kB
NFS_Unstable:          0 kB
Bounce:                0 kB
WritebackTmp:          0 kB
CommitLimit:     2152132 kB
Committed_AS:   121507632 kB
VmallocTotal:   251658176 kB
VmallocUsed:      136712 kB
VmallocChunk:   251424812 kB
Time pass: 58 sec

---2015-12-15 11:18:33
MemTotal:        2873608 kB
MemFree:           66176 kB
Buffers:           16420 kB
Cached:          1014504 kB
SwapCached:            0 kB
Active:          1343592 kB
Inactive:         716424 kB
Active(anon):     836200 kB
Inactive(anon):   209348 kB
Active(file):     507392 kB
Inactive(file):   507076 kB
Unevictable:       13568 kB
Mlocked:               0 kB
SwapTotal:        715328 kB
SwapFree:         710392 kB
Dirty:               588 kB
Writeback:             0 kB
AnonPages:       1043640 kB
Mapped:           598732 kB
Shmem:              2368 kB
Slab:              98476 kB
SReclaimable:      30740 kB
SUnreclaim:        67736 kB
KernelStack:       39104 kB
PageTables:        50132 kB
NFS_Unstable:          0 kB
Bounce:                0 kB
WritebackTmp:          0 kB
CommitLimit:     2152132 kB
Committed_AS:   121513480 kB
VmallocTotal:   251658176 kB
VmallocUsed:      136664 kB
VmallocChunk:   251424812 kB
Time pass: 62 sec

---2015-12-15 11:18:33
MemTotal:        2873608 kB
MemFree:           81708 kB
Buffers:           14412 kB
Cached:           953652 kB
SwapCached:            0 kB
Active:          1323128 kB
Inactive:         691064 kB
Active(anon):     846356 kB
Inactive(anon):   214504 kB
Active(file):     476772 kB
Inactive(file):   476560 kB
Unevictable:       13568 kB
Mlocked:               0 kB
SwapTotal:        715328 kB
SwapFree:         708384 kB
Dirty:              7080 kB
Writeback:             0 kB
AnonPages:       1059592 kB
Mapped:           635340 kB
Shmem:              1128 kB
Slab:              99268 kB
SReclaimable:      32104 kB
SUnreclaim:        67164 kB
KernelStack:       39120 kB
PageTables:        50356 kB
NFS_Unstable:          0 kB
Bounce:                0 kB
WritebackTmp:          0 kB
CommitLimit:     2152132 kB
Committed_AS:   121544152 kB
VmallocTotal:   251658176 kB
VmallocUsed:      136996 kB
VmallocChunk:   251424812 kB
Time pass: 65 sec

---2015-12-15 11:18:33
MemTotal:        2873608 kB
MemFree:           78928 kB
Buffers:           14480 kB
Cached:           953780 kB
SwapCached:            0 kB
Active:          1326140 kB
Inactive:         691220 kB
Active(anon):     849320 kB
Inactive(anon):   214496 kB
Active(file):     476820 kB
Inactive(file):   476724 kB
Unevictable:       13568 kB
Mlocked:               0 kB
SwapTotal:        715328 kB
SwapFree:         708384 kB
Dirty:                76 kB
Writeback:             0 kB
AnonPages:       1062752 kB
Mapped:           635936 kB
Shmem:              1128 kB
Slab:              99364 kB
SReclaimable:      32136 kB
SUnreclaim:        67228 kB
KernelStack:       39376 kB
PageTables:        50404 kB
NFS_Unstable:          0 kB
Bounce:                0 kB
WritebackTmp:          0 kB
CommitLimit:     2152132 kB
Committed_AS:   121544984 kB
VmallocTotal:   251658176 kB
VmallocUsed:      136996 kB
VmallocChunk:   251424812 kB
Time pass: 69 sec

---2015-12-15 11:18:33
MemTotal:        2873608 kB
MemFree:           78280 kB
Buffers:           14488 kB
Cached:           953772 kB
SwapCached:            0 kB
Active:          1326288 kB
Inactive:         691220 kB
Active(anon):     849468 kB
Inactive(anon):   214496 kB
Active(file):     476820 kB
Inactive(file):   476724 kB
Unevictable:       13568 kB
Mlocked:               0 kB
SwapTotal:        715328 kB
SwapFree:         708384 kB
Dirty:                 0 kB
Writeback:             0 kB
AnonPages:       1062908 kB
Mapped:           635956 kB
Shmem:              1128 kB
Slab:              99364 kB
SReclaimable:      32152 kB
SUnreclaim:        67212 kB
KernelStack:       39376 kB
PageTables:        50404 kB
NFS_Unstable:          0 kB
Bounce:                0 kB
WritebackTmp:          0 kB
CommitLimit:     2152132 kB
Committed_AS:   121545048 kB
VmallocTotal:   251658176 kB
VmallocUsed:      136996 kB
VmallocChunk:   251424812 kB
Time pass: 73 sec

---2015-12-15 11:18:33
MemTotal:        2873608 kB
MemFree:           78688 kB
Buffers:           14504 kB
Cached:           953784 kB
SwapCached:            0 kB
Active:          1320716 kB
Inactive:         691216 kB
Active(anon):     843864 kB
Inactive(anon):   214496 kB
Active(file):     476852 kB
Inactive(file):   476720 kB
Unevictable:       13568 kB
Mlocked:               0 kB
SwapTotal:        715328 kB
SwapFree:         708384 kB
Dirty:                56 kB
Writeback:             0 kB
AnonPages:       1057260 kB
Mapped:           636812 kB
Shmem:              1128 kB
Slab:              99376 kB
SReclaimable:      32152 kB
SUnreclaim:        67224 kB
KernelStack:       39360 kB
PageTables:        50416 kB
NFS_Unstable:          0 kB
Bounce:                0 kB
WritebackTmp:          0 kB
CommitLimit:     2152132 kB
Committed_AS:   121545216 kB
VmallocTotal:   251658176 kB
VmallocUsed:      137008 kB
VmallocChunk:   251424812 kB
Time pass: 77 sec

---2015-12-15 11:18:33
MemTotal:        2873608 kB
MemFree:           76292 kB
Buffers:           14512 kB
Cached:           953872 kB
SwapCached:            0 kB
Active:          1323168 kB
Inactive:         691320 kB
Active(anon):     846304 kB
Inactive(anon):   214496 kB
Active(file):     476864 kB
Inactive(file):   476824 kB
Unevictable:       13568 kB
Mlocked:               0 kB
SwapTotal:        715328 kB
SwapFree:         708384 kB
Dirty:                72 kB
Writeback:             0 kB
AnonPages:       1059608 kB
Mapped:           636852 kB
Shmem:              1128 kB
Slab:              99504 kB
SReclaimable:      32152 kB
SUnreclaim:        67352 kB
KernelStack:       39328 kB
PageTables:        50416 kB
NFS_Unstable:          0 kB
Bounce:                0 kB
WritebackTmp:          0 kB
CommitLimit:     2152132 kB
Committed_AS:   121545160 kB
VmallocTotal:   251658176 kB
VmallocUsed:      137008 kB
VmallocChunk:   251424812 kB
Time pass: 81 sec

---2015-12-15 11:18:33
MemTotal:        2873608 kB
MemFree:           63952 kB
Buffers:           14252 kB
Cached:           929008 kB
SwapCached:            0 kB
Active:          1321212 kB
Inactive:         676312 kB
Active(anon):     853648 kB
Inactive(anon):   215312 kB
Active(file):     467564 kB
Inactive(file):   461000 kB
Unevictable:       13568 kB
Mlocked:               0 kB
SwapTotal:        715328 kB
SwapFree:         707952 kB
Dirty:               528 kB
Writeback:             0 kB
AnonPages:       1068048 kB
Mapped:           649692 kB
Shmem:              1128 kB
Slab:              99528 kB
SReclaimable:      32244 kB
SUnreclaim:        67284 kB
KernelStack:       39264 kB
PageTables:        50388 kB
NFS_Unstable:          0 kB
Bounce:                0 kB
WritebackTmp:          0 kB
CommitLimit:     2152132 kB
Committed_AS:   121545620 kB
VmallocTotal:   251658176 kB
VmallocUsed:      137160 kB
VmallocChunk:   251424812 kB
Time pass: 85 sec

---2015-12-15 11:18:33
MemTotal:        2873608 kB
MemFree:           63268 kB
Buffers:           14264 kB
Cached:           920852 kB
SwapCached:            0 kB
Active:          1326860 kB
Inactive:         673348 kB
Active(anon):     864736 kB
Inactive(anon):   214948 kB
Active(file):     462124 kB
Inactive(file):   458400 kB
Unevictable:       13568 kB
Mlocked:               0 kB
SwapTotal:        715328 kB
SwapFree:         707124 kB
Dirty:               236 kB
Writeback:            40 kB
AnonPages:       1078344 kB
Mapped:           652640 kB
Shmem:              1128 kB
Slab:              99532 kB
SReclaimable:      32248 kB
SUnreclaim:        67284 kB
KernelStack:       39376 kB
PageTables:        50388 kB
NFS_Unstable:          0 kB
Bounce:                0 kB
WritebackTmp:          0 kB
CommitLimit:     2152132 kB
Committed_AS:   121545700 kB
VmallocTotal:   251658176 kB
VmallocUsed:      137160 kB
VmallocChunk:   251424812 kB
Time pass: 89 sec

---2015-12-15 11:18:33
MemTotal:        2873608 kB
MemFree:           70844 kB
Buffers:           14216 kB
Cached:           897712 kB
SwapCached:            4 kB
Active:          1321592 kB
Inactive:         664748 kB
Active(anon):     871256 kB
Inactive(anon):   217812 kB
Active(file):     450336 kB
Inactive(file):   446936 kB
Unevictable:       13568 kB
Mlocked:               0 kB
SwapTotal:        715328 kB
SwapFree:         706164 kB
Dirty:               340 kB
Writeback:             0 kB
AnonPages:       1087952 kB
Mapped:           647432 kB
Shmem:              1264 kB
Slab:             100216 kB
SReclaimable:      32588 kB
SUnreclaim:        67628 kB
KernelStack:       39648 kB
PageTables:        50524 kB
NFS_Unstable:          0 kB
Bounce:                0 kB
WritebackTmp:          0 kB
CommitLimit:     2152132 kB
Committed_AS:   121577372 kB
VmallocTotal:   251658176 kB
VmallocUsed:      139588 kB
VmallocChunk:   251424812 kB
Time pass: 93 sec

---2015-12-15 11:18:33
MemTotal:        2873608 kB
MemFree:           65292 kB
Buffers:           12352 kB
Cached:           888980 kB
SwapCached:            4 kB
Active:          1321500 kB
Inactive:         655000 kB
Active(anon):     872284 kB
Inactive(anon):   217988 kB
Active(file):     449216 kB
Inactive(file):   437012 kB
Unevictable:       13568 kB
Mlocked:               0 kB
SwapTotal:        715328 kB
SwapFree:         705236 kB
Dirty:                 0 kB
Writeback:             0 kB
AnonPages:       1088812 kB
Mapped:           647344 kB
Shmem:              1460 kB
Slab:              99416 kB
SReclaimable:      31872 kB
SUnreclaim:        67544 kB
KernelStack:       39616 kB
PageTables:        50744 kB
NFS_Unstable:          0 kB
Bounce:                0 kB
WritebackTmp:          0 kB
CommitLimit:     2152132 kB
Committed_AS:   121581448 kB
VmallocTotal:   251658176 kB
VmallocUsed:      139588 kB
VmallocChunk:   251424812 kB
Time pass: 97 sec

---2015-12-15 11:18:33
MemTotal:        2873608 kB
MemFree:           70208 kB
Buffers:           12384 kB
Cached:           890384 kB
SwapCached:            4 kB
Active:          1316528 kB
Inactive:         656480 kB
Active(anon):     867288 kB
Inactive(anon):   217980 kB
Active(file):     449240 kB
Inactive(file):   438500 kB
Unevictable:       13568 kB
Mlocked:               0 kB
SwapTotal:        715328 kB
SwapFree:         705236 kB
Dirty:               108 kB
Writeback:             0 kB
AnonPages:       1083952 kB
Mapped:           640608 kB
Shmem:              1460 kB
Slab:              99408 kB
SReclaimable:      31952 kB
SUnreclaim:        67456 kB
KernelStack:       39216 kB
PageTables:        50172 kB
NFS_Unstable:          0 kB
Bounce:                0 kB
WritebackTmp:          0 kB
CommitLimit:     2152132 kB
Committed_AS:   119798188 kB
VmallocTotal:   251658176 kB
VmallocUsed:      138568 kB
VmallocChunk:   251424812 kB
Time pass: 101 sec

---2015-12-15 11:18:33
MemTotal:        2873608 kB
MemFree:           70624 kB
Buffers:           12384 kB
Cached:           890636 kB
SwapCached:            4 kB
Active:          1316448 kB
Inactive:         656732 kB
Active(anon):     867208 kB
Inactive(anon):   218216 kB
Active(file):     449240 kB
Inactive(file):   438516 kB
Unevictable:       13568 kB
Mlocked:               0 kB
SwapTotal:        715328 kB
SwapFree:         705236 kB
Dirty:                24 kB
Writeback:             0 kB
AnonPages:       1083400 kB
Mapped:           640852 kB
Shmem:              1696 kB
Slab:              99448 kB
SReclaimable:      31952 kB
SUnreclaim:        67496 kB
KernelStack:       39200 kB
PageTables:        50176 kB
NFS_Unstable:          0 kB
Bounce:                0 kB
WritebackTmp:          0 kB
CommitLimit:     2152132 kB
Committed_AS:   119798156 kB
VmallocTotal:   251658176 kB
VmallocUsed:      138568 kB
VmallocChunk:   251424812 kB
Time pass: 105 sec

---2015-12-15 11:18:33
MemTotal:        2873608 kB
MemFree:           65676 kB
Buffers:           12408 kB
Cached:           891724 kB
SwapCached:            4 kB
Active:          1320064 kB
Inactive:         657768 kB
Active(anon):     870812 kB
Inactive(anon):   218216 kB
Active(file):     449252 kB
Inactive(file):   439552 kB
Unevictable:       13568 kB
Mlocked:               0 kB
SwapTotal:        715328 kB
SwapFree:         705236 kB
Dirty:                32 kB
Writeback:             0 kB
AnonPages:       1087804 kB
Mapped:           641536 kB
Shmem:              1696 kB
Slab:              99560 kB
SReclaimable:      31952 kB
SUnreclaim:        67608 kB
KernelStack:       39120 kB
PageTables:        50372 kB
NFS_Unstable:          0 kB
Bounce:                0 kB
WritebackTmp:          0 kB
CommitLimit:     2152132 kB
Committed_AS:   123295448 kB
VmallocTotal:   251658176 kB
VmallocUsed:      138568 kB
VmallocChunk:   251424812 kB
Time pass: 108 sec

---2015-12-15 11:18:33
MemTotal:        2873608 kB
MemFree:           75508 kB
Buffers:           12432 kB
Cached:           892692 kB
SwapCached:            4 kB
Active:          1323088 kB
Inactive:         645264 kB
Active(anon):     860576 kB
Inactive(anon):   217348 kB
Active(file):     462512 kB
Inactive(file):   427916 kB
Unevictable:       13568 kB
Mlocked:               0 kB
SwapTotal:        715328 kB
SwapFree:         705236 kB
Dirty:                 4 kB
Writeback:             0 kB
AnonPages:       1076304 kB
Mapped:           641552 kB
Shmem:              1128 kB
Slab:              99588 kB
SReclaimable:      31952 kB
SUnreclaim:        67636 kB
KernelStack:       39024 kB
PageTables:        50240 kB
NFS_Unstable:          0 kB
Bounce:                0 kB
WritebackTmp:          0 kB
CommitLimit:     2152132 kB
Committed_AS:   123257800 kB
VmallocTotal:   251658176 kB
VmallocUsed:      139576 kB
VmallocChunk:   251424812 kB
Time pass: 112 sec

---2015-12-15 11:18:33
MemTotal:        2873608 kB
MemFree:          116932 kB
Buffers:            8836 kB
Cached:           830996 kB
SwapCached:            4 kB
Active:          1234460 kB
Inactive:         619784 kB
Active(anon):     819104 kB
Inactive(anon):   209300 kB
Active(file):     415356 kB
Inactive(file):   410484 kB
Unevictable:       13568 kB
Mlocked:               0 kB
SwapTotal:        715328 kB
SwapFree:         695276 kB
Dirty:               516 kB
Writeback:             0 kB
AnonPages:       1028020 kB
Mapped:           658240 kB
Shmem:               420 kB
Slab:              99536 kB
SReclaimable:      32072 kB
SUnreclaim:        67464 kB
KernelStack:       37952 kB
PageTables:        50052 kB
NFS_Unstable:          0 kB
Bounce:                0 kB
WritebackTmp:          0 kB
CommitLimit:     2152132 kB
Committed_AS:   120389316 kB
VmallocTotal:   251658176 kB
VmallocUsed:      138176 kB
VmallocChunk:   251424812 kB
Time pass: 116 sec

---2015-12-15 11:18:33
MemTotal:        2873608 kB
MemFree:          410700 kB
Buffers:            8864 kB
Cached:           832248 kB
SwapCached:            4 kB
Active:          1161652 kB
Inactive:         616424 kB
Active(anon):     741844 kB
Inactive(anon):   209144 kB
Active(file):     419808 kB
Inactive(file):   407280 kB
Unevictable:       13568 kB
Mlocked:               0 kB
SwapTotal:        715328 kB
SwapFree:         695276 kB
Dirty:                12 kB
Writeback:             0 kB
AnonPages:        950764 kB
Mapped:           446904 kB
Shmem:               288 kB
Slab:              99208 kB
SReclaimable:      31828 kB
SUnreclaim:        67380 kB
KernelStack:       36816 kB
PageTables:        47664 kB
NFS_Unstable:          0 kB
Bounce:                0 kB
WritebackTmp:          0 kB
CommitLimit:     2152132 kB
Committed_AS:   117653992 kB
VmallocTotal:   251658176 kB
VmallocUsed:      135356 kB
VmallocChunk:   251424812 kB
Time pass: 119 sec

---2015-12-15 11:18:33
MemTotal:        2873608 kB
MemFree:          265004 kB
Buffers:            9336 kB
Cached:           928104 kB
SwapCached:          128 kB
Active:          1233324 kB
Inactive:         684556 kB
Active(anon):     785580 kB
Inactive(anon):   209396 kB
Active(file):     447744 kB
Inactive(file):   475160 kB
Unevictable:       13568 kB
Mlocked:               0 kB
SwapTotal:        715328 kB
SwapFree:         695276 kB
Dirty:              1156 kB
Writeback:             0 kB
AnonPages:        994824 kB
Mapped:           492892 kB
Shmem:               424 kB
Slab:              99100 kB
SReclaimable:      31828 kB
SUnreclaim:        67272 kB
KernelStack:       37792 kB
PageTables:        48700 kB
NFS_Unstable:          0 kB
Bounce:                0 kB
WritebackTmp:          0 kB
CommitLimit:     2152132 kB
Committed_AS:   118981788 kB
VmallocTotal:   251658176 kB
VmallocUsed:      136288 kB
VmallocChunk:   251424812 kB
Time pass: 123 sec

---2015-12-15 11:18:33
MemTotal:        2873608 kB
MemFree:          198432 kB
Buffers:            9372 kB
Cached:           949196 kB
SwapCached:          128 kB
Active:          1239040 kB
Inactive:         701704 kB
Active(anon):     786788 kB
Inactive(anon):   209392 kB
Active(file):     452252 kB
Inactive(file):   492312 kB
Unevictable:       13568 kB
Mlocked:               0 kB
SwapTotal:        715328 kB
SwapFree:         695276 kB
Dirty:              2016 kB
Writeback:             0 kB
AnonPages:        995752 kB
Mapped:           535968 kB
Shmem:               420 kB
Slab:              99096 kB
SReclaimable:      31816 kB
SUnreclaim:        67280 kB
KernelStack:       37792 kB
PageTables:        48880 kB
NFS_Unstable:          0 kB
Bounce:                0 kB
WritebackTmp:          0 kB
CommitLimit:     2152132 kB
Committed_AS:   118990152 kB
VmallocTotal:   251658176 kB
VmallocUsed:      134256 kB
VmallocChunk:   251424812 kB
Time pass: 127 sec

---2015-12-15 11:18:33
MemTotal:        2873608 kB
MemFree:          169400 kB
Buffers:           10948 kB
Cached:           949484 kB
SwapCached:          172 kB
Active:          1260196 kB
Inactive:         703180 kB
Active(anon):     807500 kB
Inactive(anon):   209432 kB
Active(file):     452696 kB
Inactive(file):   493748 kB
Unevictable:       13568 kB
Mlocked:               0 kB
SwapTotal:        715328 kB
SwapFree:         695276 kB
Dirty:               368 kB
Writeback:             0 kB
AnonPages:       1016472 kB
Mapped:           548852 kB
Shmem:               420 kB
Slab:              99092 kB
SReclaimable:      31816 kB
SUnreclaim:        67276 kB
KernelStack:       38208 kB
PageTables:        49476 kB
NFS_Unstable:          0 kB
Bounce:                0 kB
WritebackTmp:          0 kB
CommitLimit:     2152132 kB
Committed_AS:   120774052 kB
VmallocTotal:   251658176 kB
VmallocUsed:      135328 kB
VmallocChunk:   251424812 kB
Time pass: 131 sec

---2015-12-15 11:18:33
MemTotal:        2873608 kB
MemFree:          115380 kB
Buffers:           10952 kB
Cached:           956496 kB
SwapCached:          172 kB
Active:          1271792 kB
Inactive:         696804 kB
Active(anon):     805704 kB
Inactive(anon):   209432 kB
Active(file):     466088 kB
Inactive(file):   487372 kB
Unevictable:       13568 kB
Mlocked:               0 kB
SwapTotal:        715328 kB
SwapFree:         695276 kB
Dirty:              6728 kB
Writeback:             0 kB
AnonPages:       1014568 kB
Mapped:           589856 kB
Shmem:               420 kB
Slab:              99228 kB
SReclaimable:      31840 kB
SUnreclaim:        67388 kB
KernelStack:       38224 kB
PageTables:        49696 kB
NFS_Unstable:          0 kB
Bounce:                0 kB
WritebackTmp:          0 kB
CommitLimit:     2152132 kB
Committed_AS:   120811180 kB
VmallocTotal:   251658176 kB
VmallocUsed:      135660 kB
VmallocChunk:   251424812 kB
Time pass: 134 sec

---2015-12-15 11:18:33
MemTotal:        2873608 kB
MemFree:          113080 kB
Buffers:           10976 kB
Cached:           956564 kB
SwapCached:          172 kB
Active:          1272244 kB
Inactive:         696804 kB
Active(anon):     806064 kB
Inactive(anon):   209432 kB
Active(file):     466180 kB
Inactive(file):   487372 kB
Unevictable:       13568 kB
Mlocked:               0 kB
SwapTotal:        715328 kB
SwapFree:         695276 kB
Dirty:                 0 kB
Writeback:             0 kB
AnonPages:       1015028 kB
Mapped:           590688 kB
Shmem:               420 kB
Slab:              99172 kB
SReclaimable:      31844 kB
SUnreclaim:        67328 kB
KernelStack:       38224 kB
PageTables:        49720 kB
NFS_Unstable:          0 kB
Bounce:                0 kB
WritebackTmp:          0 kB
CommitLimit:     2152132 kB
Committed_AS:   120811212 kB
VmallocTotal:   251658176 kB
VmallocUsed:      135672 kB
VmallocChunk:   251424812 kB
Time pass: 138 sec

---2015-12-15 11:18:33
MemTotal:        2873608 kB
MemFree:           86728 kB
Buffers:           10976 kB
Cached:           956584 kB
SwapCached:          172 kB
Active:          1276504 kB
Inactive:         696656 kB
Active(anon):     810156 kB
Inactive(anon):   209432 kB
Active(file):     466348 kB
Inactive(file):   487224 kB
Unevictable:       13568 kB
Mlocked:               0 kB
SwapTotal:        715328 kB
SwapFree:         695276 kB
Dirty:               532 kB
Writeback:             0 kB
AnonPages:       1019276 kB
Mapped:           602220 kB
Shmem:               420 kB
Slab:              99068 kB
SReclaimable:      31844 kB
SUnreclaim:        67224 kB
KernelStack:       38032 kB
PageTables:        49168 kB
NFS_Unstable:          0 kB
Bounce:                0 kB
WritebackTmp:          0 kB
CommitLimit:     2152132 kB
Committed_AS:   119575488 kB
VmallocTotal:   251658176 kB
VmallocUsed:      134804 kB
VmallocChunk:   251424812 kB
Time pass: 142 sec

---2015-12-15 11:18:33
MemTotal:        2873608 kB
MemFree:           87624 kB
Buffers:           10984 kB
Cached:           956584 kB
SwapCached:          172 kB
Active:          1276040 kB
Inactive:         696664 kB
Active(anon):     809692 kB
Inactive(anon):   209432 kB
Active(file):     466348 kB
Inactive(file):   487232 kB
Unevictable:       13568 kB
Mlocked:               0 kB
SwapTotal:        715328 kB
SwapFree:         695276 kB
Dirty:                68 kB
Writeback:             0 kB
AnonPages:       1018760 kB
Mapped:           602252 kB
Shmem:               420 kB
Slab:              99100 kB
SReclaimable:      31844 kB
SUnreclaim:        67256 kB
KernelStack:       38048 kB
PageTables:        49168 kB
NFS_Unstable:          0 kB
Bounce:                0 kB
WritebackTmp:          0 kB
CommitLimit:     2152132 kB
Committed_AS:   119575640 kB
VmallocTotal:   251658176 kB
VmallocUsed:      134804 kB
VmallocChunk:   251424812 kB
Time pass: 146 sec

---2015-12-15 11:18:33
MemTotal:        2873608 kB
MemFree:           87036 kB
Buffers:           10992 kB
Cached:           956584 kB
SwapCached:          172 kB
Active:          1276000 kB
Inactive:         696660 kB
Active(anon):     809648 kB
Inactive(anon):   209432 kB
Active(file):     466352 kB
Inactive(file):   487228 kB
Unevictable:       13568 kB
Mlocked:               0 kB
SwapTotal:        715328 kB
SwapFree:         695276 kB
Dirty:                24 kB
Writeback:             0 kB
AnonPages:       1018580 kB
Mapped:           602380 kB
Shmem:               420 kB
Slab:              99100 kB
SReclaimable:      31844 kB
SUnreclaim:        67256 kB
KernelStack:       38048 kB
PageTables:        49196 kB
NFS_Unstable:          0 kB
Bounce:                0 kB
WritebackTmp:          0 kB
CommitLimit:     2152132 kB
Committed_AS:   119575640 kB
VmallocTotal:   251658176 kB
VmallocUsed:      134804 kB
VmallocChunk:   251424812 kB
Time pass: 149 sec

---2015-12-15 11:18:33
MemTotal:        2873608 kB
MemFree:           79740 kB
Buffers:           10992 kB
Cached:           956592 kB
SwapCached:          172 kB
Active:          1277444 kB
Inactive:         696672 kB
Active(anon):     811092 kB
Inactive(anon):   209432 kB
Active(file):     466352 kB
Inactive(file):   487240 kB
Unevictable:       13568 kB
Mlocked:               0 kB
SwapTotal:        715328 kB
SwapFree:         695276 kB
Dirty:                36 kB
Writeback:             0 kB
AnonPages:       1020228 kB
Mapped:           603096 kB
Shmem:               420 kB
Slab:              99048 kB
SReclaimable:      31844 kB
SUnreclaim:        67204 kB
KernelStack:       38096 kB
PageTables:        49176 kB
NFS_Unstable:          0 kB
Bounce:                0 kB
WritebackTmp:          0 kB
CommitLimit:     2152132 kB
Committed_AS:   119575744 kB
VmallocTotal:   251658176 kB
VmallocUsed:      134804 kB
VmallocChunk:   251424812 kB
Time pass: 153 sec

---2015-12-15 11:18:33
MemTotal:        2873608 kB
MemFree:           71432 kB
Buffers:           11024 kB
Cached:           956740 kB
SwapCached:          172 kB
Active:          1290080 kB
Inactive:         695820 kB
Active(anon):     822736 kB
Inactive(anon):   209524 kB
Active(file):     467344 kB
Inactive(file):   486296 kB
Unevictable:       13568 kB
Mlocked:               0 kB
SwapTotal:        715328 kB
SwapFree:         695276 kB
Dirty:                76 kB
Writeback:             0 kB
AnonPages:       1031800 kB
Mapped:           605916 kB
Shmem:               556 kB
Slab:              99112 kB
SReclaimable:      31864 kB
SUnreclaim:        67248 kB
KernelStack:       38416 kB
PageTables:        49400 kB
NFS_Unstable:          0 kB
Bounce:                0 kB
WritebackTmp:          0 kB
CommitLimit:     2152132 kB
Committed_AS:   119603376 kB
VmallocTotal:   251658176 kB
VmallocUsed:      137236 kB
VmallocChunk:   251424812 kB
Time pass: 157 sec

---2015-12-15 11:18:33
MemTotal:        2873608 kB
MemFree:           67176 kB
Buffers:           11032 kB
Cached:           956996 kB
SwapCached:          172 kB
Active:          1291144 kB
Inactive:         696068 kB
Active(anon):     823784 kB
Inactive(anon):   209780 kB
Active(file):     467360 kB
Inactive(file):   486288 kB
Unevictable:       13568 kB
Mlocked:               0 kB
SwapTotal:        715328 kB
SwapFree:         695276 kB
Dirty:                40 kB
Writeback:             0 kB
AnonPages:       1032648 kB
Mapped:           605796 kB
Shmem:               812 kB
Slab:              99116 kB
SReclaimable:      31864 kB
SUnreclaim:        67252 kB
KernelStack:       38480 kB
PageTables:        49452 kB
NFS_Unstable:          0 kB
Bounce:                0 kB
WritebackTmp:          0 kB
CommitLimit:     2152132 kB
Committed_AS:   119603448 kB
VmallocTotal:   251658176 kB
VmallocUsed:      137256 kB
VmallocChunk:   251424812 kB
Time pass: 161 sec

---2015-12-15 11:18:33
MemTotal:        2873608 kB
MemFree:           66032 kB
Buffers:           11056 kB
Cached:           957068 kB
SwapCached:          172 kB
Active:          1292960 kB
Inactive:         696160 kB
Active(anon):     825596 kB
Inactive(anon):   209788 kB
Active(file):     467364 kB
Inactive(file):   486372 kB
Unevictable:       13568 kB
Mlocked:               0 kB
SwapTotal:        715328 kB
SwapFree:         695276 kB
Dirty:                48 kB
Writeback:             0 kB
AnonPages:       1034408 kB
Mapped:           606856 kB
Shmem:               820 kB
Slab:              99116 kB
SReclaimable:      31864 kB
SUnreclaim:        67252 kB
KernelStack:       38480 kB
PageTables:        49516 kB
NFS_Unstable:          0 kB
Bounce:                0 kB
WritebackTmp:          0 kB
CommitLimit:     2152132 kB
Committed_AS:   119603616 kB
VmallocTotal:   251658176 kB
VmallocUsed:      137256 kB
VmallocChunk:   251424812 kB
Time pass: 165 sec

---2015-12-15 11:18:33
MemTotal:        2873608 kB
MemFree:           66160 kB
Buffers:           10932 kB
Cached:           951072 kB
SwapCached:          172 kB
Active:          1300344 kB
Inactive:         689512 kB
Active(anon):     832480 kB
Inactive(anon):   210532 kB
Active(file):     467864 kB
Inactive(file):   478980 kB
Unevictable:       13568 kB
Mlocked:               0 kB
SwapTotal:        715328 kB
SwapFree:         695276 kB
Dirty:                60 kB
Writeback:             0 kB
AnonPages:       1041304 kB
Mapped:           608164 kB
Shmem:              1564 kB
Slab:              99116 kB
SReclaimable:      31864 kB
SUnreclaim:        67252 kB
KernelStack:       38512 kB
PageTables:        49572 kB
NFS_Unstable:          0 kB
Bounce:                0 kB
WritebackTmp:          0 kB
CommitLimit:     2152132 kB
Committed_AS:   119611776 kB
VmallocTotal:   251658176 kB
VmallocUsed:      137256 kB
VmallocChunk:   251424812 kB
Time pass: 168 sec

---2015-12-15 11:18:33
MemTotal:        2873608 kB
MemFree:           68696 kB
Buffers:           10948 kB
Cached:           950072 kB
SwapCached:          172 kB
Active:          1299064 kB
Inactive:         688352 kB
Active(anon):     831000 kB
Inactive(anon):   209544 kB
Active(file):     468064 kB
Inactive(file):   478808 kB
Unevictable:       13568 kB
Mlocked:               0 kB
SwapTotal:        715328 kB
SwapFree:         695276 kB
Dirty:                 0 kB
Writeback:             0 kB
AnonPages:       1039872 kB
Mapped:           606084 kB
Shmem:               580 kB
Slab:              99124 kB
SReclaimable:      31864 kB
SUnreclaim:        67260 kB
KernelStack:       38480 kB
PageTables:        49512 kB
NFS_Unstable:          0 kB
Bounce:                0 kB
WritebackTmp:          0 kB
CommitLimit:     2152132 kB
Committed_AS:   119585700 kB
VmallocTotal:   251658176 kB
VmallocUsed:      137244 kB
VmallocChunk:   251424812 kB
Time pass: 172 sec

---2015-12-15 11:18:33
MemTotal:        2873608 kB
MemFree:           64456 kB
Buffers:           10980 kB
Cached:           950136 kB
SwapCached:          172 kB
Active:          1303348 kB
Inactive:         688424 kB
Active(anon):     835276 kB
Inactive(anon):   209588 kB
Active(file):     468072 kB
Inactive(file):   478836 kB
Unevictable:       13568 kB
Mlocked:               0 kB
SwapTotal:        715328 kB
SwapFree:         695276 kB
Dirty:                 0 kB
Writeback:             0 kB
AnonPages:       1044108 kB
Mapped:           606604 kB
Shmem:               640 kB
Slab:              99172 kB
SReclaimable:      31864 kB
SUnreclaim:        67308 kB
KernelStack:       38448 kB
PageTables:        49504 kB
NFS_Unstable:          0 kB
Bounce:                0 kB
WritebackTmp:          0 kB
CommitLimit:     2152132 kB
Committed_AS:   119616224 kB
VmallocTotal:   251658176 kB
VmallocUsed:      137236 kB
VmallocChunk:   251424812 kB
Time pass: 176 sec

---2015-12-15 11:18:33
MemTotal:        2873608 kB
MemFree:           67588 kB
Buffers:           10824 kB
Cached:           943936 kB
SwapCached:          172 kB
Active:          1305460 kB
Inactive:         681212 kB
Active(anon):     836536 kB
Inactive(anon):   209652 kB
Active(file):     468924 kB
Inactive(file):   471560 kB
Unevictable:       13568 kB
Mlocked:               0 kB
SwapTotal:        715328 kB
SwapFree:         695276 kB
Dirty:                44 kB
Writeback:             0 kB
AnonPages:       1045452 kB
Mapped:           603904 kB
Shmem:               708 kB
Slab:              99168 kB
SReclaimable:      31864 kB
SUnreclaim:        67304 kB
KernelStack:       38480 kB
PageTables:        49480 kB
NFS_Unstable:          0 kB
Bounce:                0 kB
WritebackTmp:          0 kB
CommitLimit:     2152132 kB
Committed_AS:   119616420 kB
VmallocTotal:   251658176 kB
VmallocUsed:      137256 kB
VmallocChunk:   251424812 kB
Time pass: 180 sec

---2015-12-15 11:18:33
MemTotal:        2873608 kB
MemFree:           75536 kB
Buffers:           10724 kB
Cached:           936908 kB
SwapCached:          172 kB
Active:          1302696 kB
Inactive:         677076 kB
Active(anon):     835976 kB
Inactive(anon):   210456 kB
Active(file):     466720 kB
Inactive(file):   466620 kB
Unevictable:       13568 kB
Mlocked:               0 kB
SwapTotal:        715328 kB
SwapFree:         695276 kB
Dirty:                48 kB
Writeback:             0 kB
AnonPages:       1045780 kB
Mapped:           604040 kB
Shmem:               724 kB
Slab:              99172 kB
SReclaimable:      31864 kB
SUnreclaim:        67308 kB
KernelStack:       38464 kB
PageTables:        49532 kB
NFS_Unstable:          0 kB
Bounce:                0 kB
WritebackTmp:          0 kB
CommitLimit:     2152132 kB
Committed_AS:   119616428 kB
VmallocTotal:   251658176 kB
VmallocUsed:      137256 kB
VmallocChunk:   251424812 kB
Time pass: 184 sec

---2015-12-15 11:18:33
MemTotal:        2873608 kB
MemFree:           75896 kB
Buffers:           10732 kB
Cached:           936908 kB
SwapCached:          172 kB
Active:          1301920 kB
Inactive:         677080 kB
Active(anon):     835196 kB
Inactive(anon):   210456 kB
Active(file):     466724 kB
Inactive(file):   466624 kB
Unevictable:       13568 kB
Mlocked:               0 kB
SwapTotal:        715328 kB
SwapFree:         695276 kB
Dirty:                12 kB
Writeback:             0 kB
AnonPages:       1044968 kB
Mapped:           604052 kB
Shmem:               724 kB
Slab:              99172 kB
SReclaimable:      31864 kB
SUnreclaim:        67308 kB
KernelStack:       38416 kB
PageTables:        49540 kB
NFS_Unstable:          0 kB
Bounce:                0 kB
WritebackTmp:          0 kB
CommitLimit:     2152132 kB
Committed_AS:   119616356 kB
VmallocTotal:   251658176 kB
VmallocUsed:      137256 kB
VmallocChunk:   251424812 kB
Time pass: 188 sec

---2015-12-15 11:18:33
MemTotal:        2873608 kB
MemFree:           86264 kB
Buffers:           10732 kB
Cached:           936604 kB
SwapCached:          172 kB
Active:          1293568 kB
Inactive:         676780 kB
Active(anon):     826844 kB
Inactive(anon):   210156 kB
Active(file):     466724 kB
Inactive(file):   466624 kB
Unevictable:       13568 kB
Mlocked:               0 kB
SwapTotal:        715328 kB
SwapFree:         695276 kB
Dirty:                 0 kB
Writeback:             0 kB
AnonPages:       1036500 kB
Mapped:           601540 kB
Shmem:               420 kB
Slab:              99164 kB
SReclaimable:      31864 kB
SUnreclaim:        67300 kB
KernelStack:       38208 kB
PageTables:        49048 kB
NFS_Unstable:          0 kB
Bounce:                0 kB
WritebackTmp:          0 kB
CommitLimit:     2152132 kB
Committed_AS:   119588988 kB
VmallocTotal:   251658176 kB
VmallocUsed:      137216 kB
VmallocChunk:   251424812 kB
Time pass: 192 sec

---2015-12-15 11:18:33
MemTotal:        2873608 kB
MemFree:           79196 kB
Buffers:           10740 kB
Cached:           936916 kB
SwapCached:          172 kB
Active:          1295064 kB
Inactive:         677036 kB
Active(anon):     828328 kB
Inactive(anon):   210156 kB
Active(file):     466736 kB
Inactive(file):   466880 kB
Unevictable:       13568 kB
Mlocked:               0 kB
SwapTotal:        715328 kB
SwapFree:         695276 kB
Dirty:               340 kB
Writeback:             0 kB
AnonPages:       1038012 kB
Mapped:           603504 kB
Shmem:               420 kB
Slab:              99152 kB
SReclaimable:      31868 kB
SUnreclaim:        67284 kB
KernelStack:       38080 kB
PageTables:        49296 kB
NFS_Unstable:          0 kB
Bounce:                0 kB
WritebackTmp:          0 kB
CommitLimit:     2152132 kB
Committed_AS:   119589008 kB
VmallocTotal:   251658176 kB
VmallocUsed:      137220 kB
VmallocChunk:   251424812 kB
Time pass: 195 sec

---2015-12-15 11:18:33
MemTotal:        2873608 kB
MemFree:           72868 kB
Buffers:           10756 kB
Cached:           936916 kB
SwapCached:          172 kB
Active:          1295404 kB
Inactive:         677052 kB
Active(anon):     828668 kB
Inactive(anon):   210156 kB
Active(file):     466736 kB
Inactive(file):   466896 kB
Unevictable:       13568 kB
Mlocked:               0 kB
SwapTotal:        715328 kB
SwapFree:         695276 kB
Dirty:                52 kB
Writeback:             0 kB
AnonPages:       1038208 kB
Mapped:           603524 kB
Shmem:               420 kB
Slab:              99156 kB
SReclaimable:      31868 kB
SUnreclaim:        67288 kB
KernelStack:       38080 kB
PageTables:        49292 kB
NFS_Unstable:          0 kB
Bounce:                0 kB
WritebackTmp:          0 kB
CommitLimit:     2152132 kB
Committed_AS:   119589088 kB
VmallocTotal:   251658176 kB
VmallocUsed:      137220 kB
VmallocChunk:   251424812 kB
Time pass: 199 sec

---2015-12-15 11:18:33
MemTotal:        2873608 kB
MemFree:           66948 kB
Buffers:           10764 kB
Cached:           936916 kB
SwapCached:          172 kB
Active:          1298768 kB
Inactive:         677100 kB
Active(anon):     832028 kB
Inactive(anon):   210156 kB
Active(file):     466740 kB
Inactive(file):   466944 kB
Unevictable:       13568 kB
Mlocked:               0 kB
SwapTotal:        715328 kB
SwapFree:         695276 kB
Dirty:                36 kB
Writeback:             0 kB
AnonPages:       1042068 kB
Mapped:           603336 kB
Shmem:               420 kB
Slab:              99152 kB
SReclaimable:      31868 kB
SUnreclaim:        67284 kB
KernelStack:       38096 kB
PageTables:        49296 kB
NFS_Unstable:          0 kB
Bounce:                0 kB
WritebackTmp:          0 kB
CommitLimit:     2152132 kB
Committed_AS:   119589208 kB
VmallocTotal:   251658176 kB
VmallocUsed:      134804 kB
VmallocChunk:   251424812 kB
Time pass: 203 sec

---2015-12-15 11:18:33
MemTotal:        2873608 kB
MemFree:           65984 kB
Buffers:           10796 kB
Cached:           937120 kB
SwapCached:          172 kB
Active:          1311068 kB
Inactive:         677324 kB
Active(anon):     844308 kB
Inactive(anon):   210156 kB
Active(file):     466760 kB
Inactive(file):   467168 kB
Unevictable:       13568 kB
Mlocked:               0 kB
SwapTotal:        715328 kB
SwapFree:         695276 kB
Dirty:               316 kB
Writeback:             0 kB
AnonPages:       1053800 kB
Mapped:           603548 kB
Shmem:               420 kB
Slab:              99148 kB
SReclaimable:      31868 kB
SUnreclaim:        67280 kB
KernelStack:       38240 kB
PageTables:        49316 kB
NFS_Unstable:          0 kB
Bounce:                0 kB
WritebackTmp:          0 kB
CommitLimit:     2152132 kB
Committed_AS:   119621312 kB
VmallocTotal:   251658176 kB
VmallocUsed:      137228 kB
VmallocChunk:   251424812 kB
Time pass: 207 sec

---2015-12-15 11:18:33
MemTotal:        2873608 kB
MemFree:           68984 kB
Buffers:           10660 kB
Cached:           931760 kB
SwapCached:          172 kB
Active:          1309780 kB
Inactive:         675536 kB
Active(anon):     845760 kB
Inactive(anon):   211348 kB
Active(file):     464020 kB
Inactive(file):   464188 kB
Unevictable:       13568 kB
Mlocked:               0 kB
SwapTotal:        715328 kB
SwapFree:         694928 kB
Dirty:                48 kB
Writeback:             0 kB
AnonPages:       1056300 kB
Mapped:           602448 kB
Shmem:               644 kB
Slab:              99084 kB
SReclaimable:      31828 kB
SUnreclaim:        67256 kB
KernelStack:       38480 kB
PageTables:        49584 kB
NFS_Unstable:          0 kB
Bounce:                0 kB
WritebackTmp:          0 kB
CommitLimit:     2152132 kB
Committed_AS:   119621324 kB
VmallocTotal:   251658176 kB
VmallocUsed:      137244 kB
VmallocChunk:   251424812 kB
Time pass: 211 sec

---2015-12-15 11:18:33
MemTotal:        2873608 kB
MemFree:           66812 kB
Buffers:           10676 kB
Cached:           931816 kB
SwapCached:          172 kB
Active:          1310848 kB
Inactive:         675620 kB
Active(anon):     846840 kB
Inactive(anon):   211420 kB
Active(file):     464008 kB
Inactive(file):   464200 kB
Unevictable:       13568 kB
Mlocked:               0 kB
SwapTotal:        715328 kB
SwapFree:         694928 kB
Dirty:                56 kB
Writeback:             0 kB
AnonPages:       1057032 kB
Mapped:           602736 kB
Shmem:               716 kB
Slab:              99096 kB
SReclaimable:      31828 kB
SUnreclaim:        67268 kB
KernelStack:       38512 kB
PageTables:        49724 kB
NFS_Unstable:          0 kB
Bounce:                0 kB
WritebackTmp:          0 kB
CommitLimit:     2152132 kB
Committed_AS:   119621336 kB
VmallocTotal:   251658176 kB
VmallocUsed:      137244 kB
VmallocChunk:   251424812 kB
Time pass: 215 sec

---2015-12-15 11:18:33
MemTotal:        2873608 kB
MemFree:           65440 kB
Buffers:           10684 kB
Cached:           931832 kB
SwapCached:          172 kB
Active:          1312040 kB
Inactive:         675632 kB
Active(anon):     848020 kB
Inactive(anon):   211428 kB
Active(file):     464020 kB
Inactive(file):   464204 kB
Unevictable:       13568 kB
Mlocked:               0 kB
SwapTotal:        715328 kB
SwapFree:         694928 kB
Dirty:                 0 kB
Writeback:             0 kB
AnonPages:       1058500 kB
Mapped:           602676 kB
Shmem:               724 kB
Slab:              99084 kB
SReclaimable:      31828 kB
SUnreclaim:        67256 kB
KernelStack:       38464 kB
PageTables:        49700 kB
NFS_Unstable:          0 kB
Bounce:                0 kB
WritebackTmp:          0 kB
CommitLimit:     2152132 kB
Committed_AS:   119625420 kB
VmallocTotal:   251658176 kB
VmallocUsed:      137244 kB
VmallocChunk:   251424812 kB
Time pass: 219 sec

---2015-12-15 11:18:33
MemTotal:        2873608 kB
MemFree:           63196 kB
Buffers:           10700 kB
Cached:           931876 kB
SwapCached:          172 kB
Active:          1312484 kB
Inactive:         675688 kB
Active(anon):     848464 kB
Inactive(anon):   211464 kB
Active(file):     464020 kB
Inactive(file):   464224 kB
Unevictable:       13568 kB
Mlocked:               0 kB
SwapTotal:        715328 kB
SwapFree:         694928 kB
Dirty:                48 kB
Writeback:             0 kB
AnonPages:       1059028 kB
Mapped:           602756 kB
Shmem:               760 kB
Slab:              99232 kB
SReclaimable:      31828 kB
SUnreclaim:        67404 kB
KernelStack:       38496 kB
PageTables:        49736 kB
NFS_Unstable:          0 kB
Bounce:                0 kB
WritebackTmp:          0 kB
CommitLimit:     2152132 kB
Committed_AS:   119625452 kB
VmallocTotal:   251658176 kB
VmallocUsed:      137244 kB
VmallocChunk:   251424812 kB
Time pass: 223 sec

---2015-12-15 11:18:33
MemTotal:        2873608 kB
MemFree:           63396 kB
Buffers:           10712 kB
Cached:           931876 kB
SwapCached:          172 kB
Active:          1312992 kB
Inactive:         675676 kB
Active(anon):     848944 kB
Inactive(anon):   211464 kB
Active(file):     464048 kB
Inactive(file):   464212 kB
Unevictable:       13568 kB
Mlocked:               0 kB
SwapTotal:        715328 kB
SwapFree:         694928 kB
Dirty:                68 kB
Writeback:             0 kB
AnonPages:       1059604 kB
Mapped:           602724 kB
Shmem:               760 kB
Slab:              99092 kB
SReclaimable:      31828 kB
SUnreclaim:        67264 kB
KernelStack:       38496 kB
PageTables:        49700 kB
NFS_Unstable:          0 kB
Bounce:                0 kB
WritebackTmp:          0 kB
CommitLimit:     2152132 kB
Committed_AS:   119625460 kB
VmallocTotal:   251658176 kB
VmallocUsed:      137244 kB
VmallocChunk:   251424812 kB
Time pass: 226 sec

---2015-12-15 11:18:33
MemTotal:        2873608 kB
MemFree:           69592 kB
Buffers:           10620 kB
Cached:           925700 kB
SwapCached:          172 kB
Active:          1309908 kB
Inactive:         673308 kB
Active(anon):     849008 kB
Inactive(anon):   212240 kB
Active(file):     460900 kB
Inactive(file):   461068 kB
Unevictable:       13568 kB
Mlocked:               0 kB
SwapTotal:        715328 kB
SwapFree:         694928 kB
Dirty:                56 kB
Writeback:             0 kB
AnonPages:       1060460 kB
Mapped:           602424 kB
Shmem:               768 kB
Slab:              99056 kB
SReclaimable:      31792 kB
SUnreclaim:        67264 kB
KernelStack:       38512 kB
PageTables:        49704 kB
NFS_Unstable:          0 kB
Bounce:                0 kB
WritebackTmp:          0 kB
CommitLimit:     2152132 kB
Committed_AS:   119625444 kB
VmallocTotal:   251658176 kB
VmallocUsed:      137244 kB
VmallocChunk:   251424812 kB
Time pass: 230 sec

---2015-12-15 11:18:33
MemTotal:        2873608 kB
MemFree:           69076 kB
Buffers:           10620 kB
Cached:           925728 kB
SwapCached:          172 kB
Active:          1310208 kB
Inactive:         673324 kB
Active(anon):     849284 kB
Inactive(anon):   212260 kB
Active(file):     460924 kB
Inactive(file):   461064 kB
Unevictable:       13568 kB
Mlocked:               0 kB
SwapTotal:        715328 kB
SwapFree:         694928 kB
Dirty:               104 kB
Writeback:             0 kB
AnonPages:       1060668 kB
Mapped:           602456 kB
Shmem:               792 kB
Slab:              99056 kB
SReclaimable:      31792 kB
SUnreclaim:        67264 kB
KernelStack:       38512 kB
PageTables:        49704 kB
NFS_Unstable:          0 kB
Bounce:                0 kB
WritebackTmp:          0 kB
CommitLimit:     2152132 kB
Committed_AS:   119625476 kB
VmallocTotal:   251658176 kB
VmallocUsed:      137244 kB
VmallocChunk:   251424812 kB
Time pass: 234 sec

---2015-12-15 11:18:33
MemTotal:        2873608 kB
MemFree:           68904 kB
Buffers:           10644 kB
Cached:           925720 kB
SwapCached:          172 kB
Active:          1310724 kB
Inactive:         673336 kB
Active(anon):     849800 kB
Inactive(anon):   212260 kB
Active(file):     460924 kB
Inactive(file):   461076 kB
Unevictable:       13568 kB
Mlocked:               0 kB
SwapTotal:        715328 kB
SwapFree:         694928 kB
Dirty:                60 kB
Writeback:            12 kB
AnonPages:       1061020 kB
Mapped:           602468 kB
Shmem:               792 kB
Slab:              99048 kB
SReclaimable:      31792 kB
SUnreclaim:        67256 kB
KernelStack:       38512 kB
PageTables:        49704 kB
NFS_Unstable:          0 kB
Bounce:                0 kB
WritebackTmp:          0 kB
CommitLimit:     2152132 kB
Committed_AS:   119625420 kB
VmallocTotal:   251658176 kB
VmallocUsed:      137244 kB
VmallocChunk:   251424812 kB
Time pass: 238 sec

---2015-12-15 11:18:33
MemTotal:        2873608 kB
MemFree:           68004 kB
Buffers:           10720 kB
Cached:           925728 kB
SwapCached:          172 kB
Active:          1311320 kB
Inactive:         673424 kB
Active(anon):     850396 kB
Inactive(anon):   212260 kB
Active(file):     460924 kB
Inactive(file):   461164 kB
Unevictable:       13568 kB
Mlocked:               0 kB
SwapTotal:        715328 kB
SwapFree:         694928 kB
Dirty:                84 kB
Writeback:             0 kB
AnonPages:       1061844 kB
Mapped:           602488 kB
Shmem:               792 kB
Slab:              99044 kB
SReclaimable:      31792 kB
SUnreclaim:        67252 kB
KernelStack:       38496 kB
PageTables:        49700 kB
NFS_Unstable:          0 kB
Bounce:                0 kB
WritebackTmp:          0 kB
CommitLimit:     2152132 kB
Committed_AS:   119625460 kB
VmallocTotal:   251658176 kB
VmallocUsed:      137244 kB
VmallocChunk:   251424812 kB
Time pass: 242 sec

---2015-12-15 11:18:33
MemTotal:        2873608 kB
MemFree:           71008 kB
Buffers:           10592 kB
Cached:           922432 kB
SwapCached:          172 kB
Active:          1309216 kB
Inactive:         672804 kB
Active(anon):     849948 kB
Inactive(anon):   213412 kB
Active(file):     459268 kB
Inactive(file):   459392 kB
Unevictable:       13568 kB
Mlocked:               0 kB
SwapTotal:        715328 kB
SwapFree:         694928 kB
Dirty:                68 kB
Writeback:             0 kB
AnonPages:       1062632 kB
Mapped:           601364 kB
Shmem:               792 kB
Slab:              99044 kB
SReclaimable:      31792 kB
SUnreclaim:        67252 kB
KernelStack:       38496 kB
PageTables:        49704 kB
NFS_Unstable:          0 kB
Bounce:                0 kB
WritebackTmp:          0 kB
CommitLimit:     2152132 kB
Committed_AS:   119625452 kB
VmallocTotal:   251658176 kB
VmallocUsed:      137244 kB
VmallocChunk:   251424812 kB
Time pass: 246 sec

---2015-12-15 11:18:33
MemTotal:        2873608 kB
MemFree:           70256 kB
Buffers:           10592 kB
Cached:           922432 kB
SwapCached:          172 kB
Active:          1310020 kB
Inactive:         672804 kB
Active(anon):     850752 kB
Inactive(anon):   213408 kB
Active(file):     459268 kB
Inactive(file):   459396 kB
Unevictable:       13568 kB
Mlocked:               0 kB
SwapTotal:        715328 kB
SwapFree:         694928 kB
Dirty:                68 kB
Writeback:             0 kB
AnonPages:       1063304 kB
Mapped:           601376 kB
Shmem:               792 kB
Slab:              99044 kB
SReclaimable:      31792 kB
SUnreclaim:        67252 kB
KernelStack:       38528 kB
PageTables:        49700 kB
NFS_Unstable:          0 kB
Bounce:                0 kB
WritebackTmp:          0 kB
CommitLimit:     2152132 kB
Committed_AS:   119625444 kB
VmallocTotal:   251658176 kB
VmallocUsed:      137244 kB
VmallocChunk:   251424812 kB
Time pass: 250 sec

---2015-12-15 11:18:33
MemTotal:        2873608 kB
MemFree:           70048 kB
Buffers:           10600 kB
Cached:           922484 kB
SwapCached:          172 kB
Active:          1309792 kB
Inactive:         672864 kB
Active(anon):     850524 kB
Inactive(anon):   213460 kB
Active(file):     459268 kB
Inactive(file):   459404 kB
Unevictable:       13568 kB
Mlocked:               0 kB
SwapTotal:        715328 kB
SwapFree:         694928 kB
Dirty:                32 kB
Writeback:             0 kB
AnonPages:       1063208 kB
Mapped:           601436 kB
Shmem:               844 kB
Slab:              99044 kB
SReclaimable:      31792 kB
SUnreclaim:        67252 kB
KernelStack:       38496 kB
PageTables:        49704 kB
NFS_Unstable:          0 kB
Bounce:                0 kB
WritebackTmp:          0 kB
CommitLimit:     2152132 kB
Committed_AS:   119625460 kB
VmallocTotal:   251658176 kB
VmallocUsed:      137244 kB
VmallocChunk:   251424812 kB
Time pass: 254 sec

---2015-12-15 11:18:33
MemTotal:        2873608 kB
MemFree:           69936 kB
Buffers:           10632 kB
Cached:           922580 kB
SwapCached:          172 kB
Active:          1309872 kB
Inactive:         672992 kB
Active(anon):     850604 kB
Inactive(anon):   213572 kB
Active(file):     459268 kB
Inactive(file):   459420 kB
Unevictable:       13568 kB
Mlocked:               0 kB
SwapTotal:        715328 kB
SwapFree:         694928 kB
Dirty:                 0 kB
Writeback:             0 kB
AnonPages:       1063580 kB
Mapped:           601596 kB
Shmem:               956 kB
Slab:              99044 kB
SReclaimable:      31792 kB
SUnreclaim:        67252 kB
KernelStack:       38448 kB
PageTables:        49728 kB
NFS_Unstable:          0 kB
Bounce:                0 kB
WritebackTmp:          0 kB
CommitLimit:     2152132 kB
Committed_AS:   119629628 kB
VmallocTotal:   251658176 kB
VmallocUsed:      137244 kB
VmallocChunk:   251424812 kB
Time pass: 258 sec

---2015-12-15 11:18:33
MemTotal:        2873608 kB
MemFree:           68264 kB
Buffers:           11000 kB
Cached:           922648 kB
SwapCached:          172 kB
Active:          1311144 kB
Inactive:         673400 kB
Active(anon):     851852 kB
Inactive(anon):   213584 kB
Active(file):     459292 kB
Inactive(file):   459816 kB
Unevictable:       13568 kB
Mlocked:               0 kB
SwapTotal:        715328 kB
SwapFree:         694928 kB
Dirty:               108 kB
Writeback:             0 kB
AnonPages:       1064540 kB
Mapped:           601604 kB
Shmem:               972 kB
Slab:              99048 kB
SReclaimable:      31792 kB
SUnreclaim:        67256 kB
KernelStack:       38480 kB
PageTables:        49704 kB
NFS_Unstable:          0 kB
Bounce:                0 kB
WritebackTmp:          0 kB
CommitLimit:     2152132 kB
Committed_AS:   119629712 kB
VmallocTotal:   251658176 kB
VmallocUsed:      137244 kB
VmallocChunk:   251424812 kB
Time pass: 262 sec

---2015-12-15 11:18:33
MemTotal:        2873608 kB
MemFree:           66532 kB
Buffers:           11032 kB
Cached:           922664 kB
SwapCached:          172 kB
Active:          1313360 kB
Inactive:         673448 kB
Active(anon):     854068 kB
Inactive(anon):   213584 kB
Active(file):     459292 kB
Inactive(file):   459864 kB
Unevictable:       13568 kB
Mlocked:               0 kB
SwapTotal:        715328 kB
SwapFree:         694928 kB
Dirty:               112 kB
Writeback:             4 kB
AnonPages:       1066428 kB
Mapped:           601620 kB
Shmem:               972 kB
Slab:              99052 kB
SReclaimable:      31792 kB
SUnreclaim:        67260 kB
KernelStack:       38512 kB
PageTables:        49712 kB
NFS_Unstable:          0 kB
Bounce:                0 kB
WritebackTmp:          0 kB
CommitLimit:     2152132 kB
Committed_AS:   119629660 kB
VmallocTotal:   251658176 kB
VmallocUsed:      137244 kB
VmallocChunk:   251424812 kB
Time pass: 266 sec

---2015-12-15 11:18:33
MemTotal:        2873608 kB
MemFree:           66904 kB
Buffers:           11032 kB
Cached:           922720 kB
SwapCached:          172 kB
Active:          1312792 kB
Inactive:         673496 kB
Active(anon):     853492 kB
Inactive(anon):   213584 kB
Active(file):     459300 kB
Inactive(file):   459912 kB
Unevictable:       13568 kB
Mlocked:               0 kB
SwapTotal:        715328 kB
SwapFree:         694928 kB
Dirty:                 0 kB
Writeback:             0 kB
AnonPages:       1065992 kB
Mapped:           601636 kB
Shmem:               972 kB
Slab:              98980 kB
SReclaimable:      31792 kB
SUnreclaim:        67188 kB
KernelStack:       38496 kB
PageTables:        49708 kB
NFS_Unstable:          0 kB
Bounce:                0 kB
WritebackTmp:          0 kB
CommitLimit:     2152132 kB
Committed_AS:   119633780 kB
VmallocTotal:   251658176 kB
VmallocUsed:      137244 kB
VmallocChunk:   251424812 kB
Time pass: 270 sec

---2015-12-15 11:18:33
MemTotal:        2873608 kB
MemFree:           66264 kB
Buffers:           11056 kB
Cached:           922704 kB
SwapCached:          172 kB
Active:          1312808 kB
Inactive:         673504 kB
Active(anon):     853508 kB
Inactive(anon):   213584 kB
Active(file):     459300 kB
Inactive(file):   459920 kB
Unevictable:       13568 kB
Mlocked:               0 kB
SwapTotal:        715328 kB
SwapFree:         694928 kB
Dirty:                 0 kB
Writeback:             0 kB
AnonPages:       1066156 kB
Mapped:           601648 kB
Shmem:               972 kB
Slab:              98980 kB
SReclaimable:      31792 kB
SUnreclaim:        67188 kB
KernelStack:       38496 kB
PageTables:        49720 kB
NFS_Unstable:          0 kB
Bounce:                0 kB
WritebackTmp:          0 kB
CommitLimit:     2152132 kB
Committed_AS:   119633796 kB
VmallocTotal:   251658176 kB
VmallocUsed:      137244 kB
VmallocChunk:   251424812 kB
Time pass: 274 sec

---2015-12-15 11:18:33
MemTotal:        2873608 kB
MemFree:           66652 kB
Buffers:           11056 kB
Cached:           922728 kB
SwapCached:          172 kB
Active:          1313080 kB
Inactive:         673528 kB
Active(anon):     853780 kB
Inactive(anon):   213592 kB
Active(file):     459300 kB
Inactive(file):   459936 kB
Unevictable:       13568 kB
Mlocked:               0 kB
SwapTotal:        715328 kB
SwapFree:         694928 kB
Dirty:                44 kB
Writeback:             0 kB
AnonPages:       1066736 kB
Mapped:           601664 kB
Shmem:               980 kB
Slab:              98980 kB
SReclaimable:      31792 kB
SUnreclaim:        67188 kB
KernelStack:       38496 kB
PageTables:        49716 kB
NFS_Unstable:          0 kB
Bounce:                0 kB
WritebackTmp:          0 kB
CommitLimit:     2152132 kB
Committed_AS:   119633812 kB
VmallocTotal:   251658176 kB
VmallocUsed:      137244 kB
VmallocChunk:   251424812 kB
Time pass: 278 sec

---2015-12-15 11:18:33
MemTotal:        2873608 kB
MemFree:           65732 kB
Buffers:           11064 kB
Cached:           922728 kB
SwapCached:          172 kB
Active:          1312620 kB
Inactive:         673536 kB
Active(anon):     853320 kB
Inactive(anon):   213592 kB
Active(file):     459300 kB
Inactive(file):   459944 kB
Unevictable:       13568 kB
Mlocked:               0 kB
SwapTotal:        715328 kB
SwapFree:         694928 kB
Dirty:                32 kB
Writeback:             0 kB
AnonPages:       1066236 kB
Mapped:           601672 kB
Shmem:               980 kB
Slab:              99032 kB
SReclaimable:      31792 kB
SUnreclaim:        67240 kB
KernelStack:       38496 kB
PageTables:        49716 kB
NFS_Unstable:          0 kB
Bounce:                0 kB
WritebackTmp:          0 kB
CommitLimit:     2152132 kB
Committed_AS:   119633796 kB
VmallocTotal:   251658176 kB
VmallocUsed:      137244 kB
VmallocChunk:   251424812 kB
Time pass: 282 sec

---2015-12-15 11:18:33
MemTotal:        2873608 kB
MemFree:           63640 kB
Buffers:           11104 kB
Cached:           922712 kB
SwapCached:          172 kB
Active:          1315804 kB
Inactive:         673564 kB
Active(anon):     856508 kB
Inactive(anon):   213592 kB
Active(file):     459296 kB
Inactive(file):   459972 kB
Unevictable:       13568 kB
Mlocked:               0 kB
SwapTotal:        715328 kB
SwapFree:         694928 kB
Dirty:                44 kB
Writeback:             0 kB
AnonPages:       1069184 kB
Mapped:           601700 kB
Shmem:               980 kB
Slab:              98980 kB
SReclaimable:      31792 kB
SUnreclaim:        67188 kB
KernelStack:       38560 kB
PageTables:        49728 kB
NFS_Unstable:          0 kB
Bounce:                0 kB
WritebackTmp:          0 kB
CommitLimit:     2152132 kB
Committed_AS:   119633876 kB
VmallocTotal:   251658176 kB
VmallocUsed:      137244 kB
VmallocChunk:   251424812 kB
Time pass: 286 sec

---2015-12-15 11:18:33
MemTotal:        2873608 kB
MemFree:           70556 kB
Buffers:           10972 kB
Cached:           916896 kB
SwapCached:          172 kB
Active:          1311232 kB
Inactive:         670876 kB
Active(anon):     854584 kB
Inactive(anon):   214204 kB
Active(file):     456648 kB
Inactive(file):   456672 kB
Unevictable:       13568 kB
Mlocked:               0 kB
SwapTotal:        715328 kB
SwapFree:         694584 kB
Dirty:               124 kB
Writeback:             0 kB
AnonPages:       1067612 kB
Mapped:           600116 kB
Shmem:               980 kB
Slab:              98980 kB
SReclaimable:      31792 kB
SUnreclaim:        67188 kB
KernelStack:       38512 kB
PageTables:        49732 kB
NFS_Unstable:          0 kB
Bounce:                0 kB
WritebackTmp:          0 kB
CommitLimit:     2152132 kB
Committed_AS:   119633812 kB
VmallocTotal:   251658176 kB
VmallocUsed:      137244 kB
VmallocChunk:   251424812 kB
Time pass: 289 sec

---2015-12-15 11:18:33
MemTotal:        2873608 kB
MemFree:           69984 kB
Buffers:           10988 kB
Cached:           916896 kB
SwapCached:          172 kB
Active:          1312092 kB
Inactive:         670880 kB
Active(anon):     855432 kB
Inactive(anon):   214204 kB
Active(file):     456660 kB
Inactive(file):   456676 kB
Unevictable:       13568 kB
Mlocked:               0 kB
SwapTotal:        715328 kB
SwapFree:         694584 kB
Dirty:                84 kB
Writeback:             0 kB
AnonPages:       1068424 kB
Mapped:           600252 kB
Shmem:               980 kB
Slab:              98992 kB
SReclaimable:      31792 kB
SUnreclaim:        67200 kB
KernelStack:       38544 kB
PageTables:        49788 kB
NFS_Unstable:          0 kB
Bounce:                0 kB
WritebackTmp:          0 kB
CommitLimit:     2152132 kB
Committed_AS:   119633828 kB
VmallocTotal:   251658176 kB
VmallocUsed:      137244 kB
VmallocChunk:   251424812 kB
Time pass: 294 sec

---2015-12-15 11:18:33
MemTotal:        2873608 kB
MemFree:           68104 kB
Buffers:           11012 kB
Cached:           916896 kB
SwapCached:          172 kB
Active:          1313516 kB
Inactive:         670888 kB
Active(anon):     856852 kB
Inactive(anon):   214200 kB
Active(file):     456664 kB
Inactive(file):   456688 kB
Unevictable:       13568 kB
Mlocked:               0 kB
SwapTotal:        715328 kB
SwapFree:         694584 kB
Dirty:               100 kB
Writeback:            12 kB
AnonPages:       1069900 kB
Mapped:           600220 kB
Shmem:               980 kB
Slab:              99032 kB
SReclaimable:      31792 kB
SUnreclaim:        67240 kB
KernelStack:       38480 kB
PageTables:        49752 kB
NFS_Unstable:          0 kB
Bounce:                0 kB
WritebackTmp:          0 kB
CommitLimit:     2152132 kB
Committed_AS:   119633796 kB
VmallocTotal:   251658176 kB
VmallocUsed:      137244 kB
VmallocChunk:   251424812 kB
Time pass: 298 sec

---2015-12-15 11:18:33
MemTotal:        2873608 kB
MemFree:           68464 kB
Buffers:           11028 kB
Cached:           916896 kB
SwapCached:          172 kB
Active:          1314304 kB
Inactive:         670912 kB
Active(anon):     857640 kB
Inactive(anon):   214200 kB
Active(file):     456664 kB
Inactive(file):   456712 kB
Unevictable:       13568 kB
Mlocked:               0 kB
SwapTotal:        715328 kB
SwapFree:         694584 kB
Dirty:                48 kB
Writeback:             0 kB
AnonPages:       1070488 kB
Mapped:           600144 kB
Shmem:               980 kB
Slab:              99020 kB
SReclaimable:      31792 kB
SUnreclaim:        67228 kB
KernelStack:       38448 kB
PageTables:        49724 kB
NFS_Unstable:          0 kB
Bounce:                0 kB
WritebackTmp:          0 kB
CommitLimit:     2152132 kB
Committed_AS:   119633788 kB
VmallocTotal:   251658176 kB
VmallocUsed:      137244 kB
VmallocChunk:   251424812 kB
Time pass: 302 sec

---2015-12-15 11:18:33
MemTotal:        2873608 kB
MemFree:           76700 kB
Buffers:           10752 kB
Cached:           910336 kB
SwapCached:          172 kB
Active:          1307368 kB
Inactive:         668996 kB
Active(anon):     854144 kB
Inactive(anon):   215680 kB
Active(file):     453224 kB
Inactive(file):   453316 kB
Unevictable:       13568 kB
Mlocked:               0 kB
SwapTotal:        715328 kB
SwapFree:         694532 kB
Dirty:                 0 kB
Writeback:             0 kB
AnonPages:       1069024 kB
Mapped:           599120 kB
Shmem:               980 kB
Slab:              99020 kB
SReclaimable:      31792 kB
SUnreclaim:        67228 kB
KernelStack:       38512 kB
PageTables:        49732 kB
NFS_Unstable:          0 kB
Bounce:                0 kB
WritebackTmp:          0 kB
CommitLimit:     2152132 kB
Committed_AS:   119633772 kB
VmallocTotal:   251658176 kB
VmallocUsed:      137244 kB
VmallocChunk:   251424812 kB
Time pass: 306 sec

---2015-12-15 11:18:33
MemTotal:        2873608 kB
MemFree:           75424 kB
Buffers:           10776 kB
Cached:           910336 kB
SwapCached:          172 kB
Active:          1308664 kB
Inactive:         669020 kB
Active(anon):     855440 kB
Inactive(anon):   215680 kB
Active(file):     453224 kB
Inactive(file):   453340 kB
Unevictable:       13568 kB
Mlocked:               0 kB
SwapTotal:        715328 kB
SwapFree:         694532 kB
Dirty:                44 kB
Writeback:             0 kB
AnonPages:       1070072 kB
Mapped:           599108 kB
Shmem:               980 kB
Slab:              98980 kB
SReclaimable:      31792 kB
SUnreclaim:        67188 kB
KernelStack:       38448 kB
PageTables:        49752 kB
NFS_Unstable:          0 kB
Bounce:                0 kB
WritebackTmp:          0 kB
CommitLimit:     2152132 kB
Committed_AS:   119633756 kB
VmallocTotal:   251658176 kB
VmallocUsed:      137244 kB
VmallocChunk:   251424812 kB
Time pass: 311 sec

---2015-12-15 11:18:33
MemTotal:        2873608 kB
MemFree:           75692 kB
Buffers:           10784 kB
Cached:           910332 kB
SwapCached:          172 kB
Active:          1308952 kB
Inactive:         669020 kB
Active(anon):     855728 kB
Inactive(anon):   215676 kB
Active(file):     453224 kB
Inactive(file):   453344 kB
Unevictable:       13568 kB
Mlocked:               0 kB
SwapTotal:        715328 kB
SwapFree:         694532 kB
Dirty:                 0 kB
Writeback:             0 kB
AnonPages:       1070276 kB
Mapped:           599028 kB
Shmem:               980 kB
Slab:              98980 kB
SReclaimable:      31792 kB
SUnreclaim:        67188 kB
KernelStack:       38480 kB
PageTables:        49724 kB
NFS_Unstable:          0 kB
Bounce:                0 kB
WritebackTmp:          0 kB
CommitLimit:     2152132 kB
Committed_AS:   119633764 kB
VmallocTotal:   251658176 kB
VmallocUsed:      137244 kB
VmallocChunk:   251424812 kB
Time pass: 316 sec

---2015-12-15 11:18:33
MemTotal:        2873608 kB
MemFree:           74408 kB
Buffers:           10816 kB
Cached:           910336 kB
SwapCached:          172 kB
Active:          1309728 kB
Inactive:         669056 kB
Active(anon):     856504 kB
Inactive(anon):   215676 kB
Active(file):     453224 kB
Inactive(file):   453380 kB
Unevictable:       13568 kB
Mlocked:               0 kB
SwapTotal:        715328 kB
SwapFree:         694532 kB
Dirty:                64 kB
Writeback:             0 kB
AnonPages:       1071280 kB
Mapped:           599072 kB
Shmem:               980 kB
Slab:              99040 kB
SReclaimable:      31792 kB
SUnreclaim:        67248 kB
KernelStack:       38480 kB
PageTables:        49752 kB
NFS_Unstable:          0 kB
Bounce:                0 kB
WritebackTmp:          0 kB
CommitLimit:     2152132 kB
Committed_AS:   119633788 kB
VmallocTotal:   251658176 kB
VmallocUsed:      137244 kB
VmallocChunk:   251424812 kB
Time pass: 319 sec

---2015-12-15 11:18:33
MemTotal:        2873608 kB
MemFree:           74236 kB
Buffers:           10816 kB
Cached:           910336 kB
SwapCached:          172 kB
Active:          1309652 kB
Inactive:         669056 kB
Active(anon):     856428 kB
Inactive(anon):   215676 kB
Active(file):     453224 kB
Inactive(file):   453380 kB
Unevictable:       13568 kB
Mlocked:               0 kB
SwapTotal:        715328 kB
SwapFree:         694532 kB
Dirty:                 0 kB
Writeback:             0 kB
AnonPages:       1070944 kB
Mapped:           599124 kB
Shmem:               980 kB
Slab:              99040 kB
SReclaimable:      31792 kB
SUnreclaim:        67248 kB
KernelStack:       38480 kB
PageTables:        49760 kB
NFS_Unstable:          0 kB
Bounce:                0 kB
WritebackTmp:          0 kB
CommitLimit:     2152132 kB
Committed_AS:   119633796 kB
VmallocTotal:   251658176 kB
VmallocUsed:      137244 kB
VmallocChunk:   251424812 kB
Time pass: 323 sec

---2015-12-15 11:18:33
MemTotal:        2873608 kB
MemFree:           74132 kB
Buffers:           10840 kB
Cached:           910336 kB
SwapCached:          172 kB
Active:          1310284 kB
Inactive:         669080 kB
Active(anon):     857060 kB
Inactive(anon):   215676 kB
Active(file):     453224 kB
Inactive(file):   453404 kB
Unevictable:       13568 kB
Mlocked:               0 kB
SwapTotal:        715328 kB
SwapFree:         694532 kB
Dirty:                52 kB
Writeback:             0 kB
AnonPages:       1071540 kB
Mapped:           599156 kB
Shmem:               980 kB
Slab:              98964 kB
SReclaimable:      31776 kB
SUnreclaim:        67188 kB
KernelStack:       38480 kB
PageTables:        49768 kB
NFS_Unstable:          0 kB
Bounce:                0 kB
WritebackTmp:          0 kB
CommitLimit:     2152132 kB
Committed_AS:   119633836 kB
VmallocTotal:   251658176 kB
VmallocUsed:      137244 kB
VmallocChunk:   251424812 kB
Time pass: 327 sec

---2015-12-15 11:18:33
MemTotal:        2873608 kB
MemFree:           73544 kB
Buffers:           10840 kB
Cached:           910336 kB
SwapCached:          172 kB
Active:          1310468 kB
Inactive:         669080 kB
Active(anon):     857244 kB
Inactive(anon):   215676 kB
Active(file):     453224 kB
Inactive(file):   453404 kB
Unevictable:       13568 kB
Mlocked:               0 kB
SwapTotal:        715328 kB
SwapFree:         694532 kB
Dirty:                52 kB
Writeback:             0 kB
AnonPages:       1071720 kB
Mapped:           599224 kB
Shmem:               980 kB
Slab:              98964 kB
SReclaimable:      31776 kB
SUnreclaim:        67188 kB
KernelStack:       38480 kB
PageTables:        49764 kB
NFS_Unstable:          0 kB
Bounce:                0 kB
WritebackTmp:          0 kB
CommitLimit:     2152132 kB
Committed_AS:   119633836 kB
VmallocTotal:   251658176 kB
VmallocUsed:      137244 kB
VmallocChunk:   251424812 kB
Time pass: 331 sec

---2015-12-15 11:18:33
MemTotal:        2873608 kB
MemFree:           73320 kB
Buffers:           10864 kB
Cached:           910336 kB
SwapCached:          172 kB
Active:          1310924 kB
Inactive:         669096 kB
Active(anon):     857700 kB
Inactive(anon):   215676 kB
Active(file):     453224 kB
Inactive(file):   453420 kB
Unevictable:       13568 kB
Mlocked:               0 kB
SwapTotal:        715328 kB
SwapFree:         694532 kB
Dirty:                44 kB
Writeback:             0 kB
AnonPages:       1072284 kB
Mapped:           599148 kB
Shmem:               980 kB
Slab:              98988 kB
SReclaimable:      31776 kB
SUnreclaim:        67212 kB
KernelStack:       38480 kB
PageTables:        49732 kB
NFS_Unstable:          0 kB
Bounce:                0 kB
WritebackTmp:          0 kB
CommitLimit:     2152132 kB
Committed_AS:   119633804 kB
VmallocTotal:   251658176 kB
VmallocUsed:      137244 kB
VmallocChunk:   251424812 kB
Time pass: 335 sec

---2015-12-15 11:18:33
MemTotal:        2873608 kB
MemFree:           72816 kB
Buffers:           10880 kB
Cached:           910472 kB
SwapCached:          172 kB
Active:          1311640 kB
Inactive:         669220 kB
Active(anon):     858380 kB
Inactive(anon):   215676 kB
Active(file):     453260 kB
Inactive(file):   453544 kB
Unevictable:       13568 kB
Mlocked:               0 kB
SwapTotal:        715328 kB
SwapFree:         694532 kB
Dirty:                72 kB
Writeback:            24 kB
AnonPages:       1072856 kB
Mapped:           599204 kB
Shmem:               980 kB
Slab:              98964 kB
SReclaimable:      31776 kB
SUnreclaim:        67188 kB
KernelStack:       38448 kB
PageTables:        49748 kB
NFS_Unstable:          0 kB
Bounce:                0 kB
WritebackTmp:          0 kB
CommitLimit:     2152132 kB
Committed_AS:   119633756 kB
VmallocTotal:   251658176 kB
VmallocUsed:      137244 kB
VmallocChunk:   251424812 kB
Time pass: 338 sec

---2015-12-15 11:18:33
MemTotal:        2873608 kB
MemFree:           81016 kB
Buffers:           10880 kB
Cached:           910476 kB
SwapCached:          172 kB
Active:          1303276 kB
Inactive:         669224 kB
Active(anon):     850016 kB
Inactive(anon):   215676 kB
Active(file):     453260 kB
Inactive(file):   453548 kB
Unevictable:       13568 kB
Mlocked:               0 kB
SwapTotal:        715328 kB
SwapFree:         694532 kB
Dirty:                76 kB
Writeback:             0 kB
AnonPages:       1064544 kB
Mapped:           599212 kB
Shmem:               980 kB
Slab:              98964 kB
SReclaimable:      31776 kB
SUnreclaim:        67188 kB
KernelStack:       38448 kB
PageTables:        49744 kB
NFS_Unstable:          0 kB
Bounce:                0 kB
WritebackTmp:          0 kB
CommitLimit:     2152132 kB
Committed_AS:   119633748 kB
VmallocTotal:   251658176 kB
VmallocUsed:      137244 kB
VmallocChunk:   251424812 kB
Time pass: 342 sec

---2015-12-15 11:18:33
MemTotal:        2873608 kB
MemFree:           80020 kB
Buffers:           10904 kB
Cached:           910540 kB
SwapCached:          172 kB
Active:          1304020 kB
Inactive:         669292 kB
Active(anon):     850748 kB
Inactive(anon):   215676 kB
Active(file):     453272 kB
Inactive(file):   453616 kB
Unevictable:       13568 kB
Mlocked:               0 kB
SwapTotal:        715328 kB
SwapFree:         694532 kB
Dirty:                36 kB
Writeback:            12 kB
AnonPages:       1065500 kB
Mapped:           599308 kB
Shmem:               980 kB
Slab:              98968 kB
SReclaimable:      31776 kB
SUnreclaim:        67192 kB
KernelStack:       38448 kB
PageTables:        49768 kB
NFS_Unstable:          0 kB
Bounce:                0 kB
WritebackTmp:          0 kB
CommitLimit:     2152132 kB
Committed_AS:   119633708 kB
VmallocTotal:   251658176 kB
VmallocUsed:      137244 kB
VmallocChunk:   251424812 kB
Time pass: 346 sec

---2015-12-15 11:18:33
MemTotal:        2873608 kB
MemFree:           79860 kB
Buffers:           10904 kB
Cached:           910556 kB
SwapCached:          172 kB
Active:          1304208 kB
Inactive:         669324 kB
Active(anon):     850948 kB
Inactive(anon):   215692 kB
Active(file):     453260 kB
Inactive(file):   453632 kB
Unevictable:       13568 kB
Mlocked:               0 kB
SwapTotal:        715328 kB
SwapFree:         694532 kB
Dirty:                 0 kB
Writeback:             0 kB
AnonPages:       1065536 kB
Mapped:           599336 kB
Shmem:              1000 kB
Slab:              98972 kB
SReclaimable:      31776 kB
SUnreclaim:        67196 kB
KernelStack:       38448 kB
PageTables:        49764 kB
NFS_Unstable:          0 kB
Bounce:                0 kB
WritebackTmp:          0 kB
CommitLimit:     2152132 kB
Committed_AS:   119633708 kB
VmallocTotal:   251658176 kB
VmallocUsed:      137244 kB
VmallocChunk:   251424812 kB
Time pass: 350 sec

---2015-12-15 11:18:33
MemTotal:        2873608 kB
MemFree:           79836 kB
Buffers:           10912 kB
Cached:           910568 kB
SwapCached:          172 kB
Active:          1303892 kB
Inactive:         669308 kB
Active(anon):     850608 kB
Inactive(anon):   215692 kB
Active(file):     453284 kB
Inactive(file):   453616 kB
Unevictable:       13568 kB
Mlocked:               0 kB
SwapTotal:        715328 kB
SwapFree:         694532 kB
Dirty:                92 kB
Writeback:             0 kB
AnonPages:       1065128 kB
Mapped:           599300 kB
Shmem:              1012 kB
Slab:              98976 kB
SReclaimable:      31776 kB
SUnreclaim:        67200 kB
KernelStack:       38464 kB
PageTables:        49752 kB
NFS_Unstable:          0 kB
Bounce:                0 kB
WritebackTmp:          0 kB
CommitLimit:     2152132 kB
Committed_AS:   119633796 kB
VmallocTotal:   251658176 kB
VmallocUsed:      137244 kB
VmallocChunk:   251424812 kB
Time pass: 354 sec

---2015-12-15 11:18:33
MemTotal:        2873608 kB
MemFree:           77540 kB
Buffers:           10948 kB
Cached:           912908 kB
SwapCached:          176 kB
Active:          1304600 kB
Inactive:         671504 kB
Active(anon):     851304 kB
Inactive(anon):   215700 kB
Active(file):     453296 kB
Inactive(file):   455804 kB
Unevictable:       13568 kB
Mlocked:               0 kB
SwapTotal:        715328 kB
SwapFree:         694532 kB
Dirty:                92 kB
Writeback:             0 kB
AnonPages:       1066000 kB
Mapped:           599408 kB
Shmem:               952 kB
Slab:              98992 kB
SReclaimable:      31776 kB
SUnreclaim:        67216 kB
KernelStack:       38352 kB
PageTables:        49712 kB
NFS_Unstable:          0 kB
Bounce:                0 kB
WritebackTmp:          0 kB
CommitLimit:     2152132 kB
Committed_AS:   119635408 kB
VmallocTotal:   251658176 kB
VmallocUsed:      137244 kB
VmallocChunk:   251424812 kB
Time pass: 358 sec

---2015-12-15 11:18:33
MemTotal:        2873608 kB
MemFree:           80520 kB
Buffers:           10948 kB
Cached:           913520 kB
SwapCached:          176 kB
Active:          1293800 kB
Inactive:         672260 kB
Active(anon):     840416 kB
Inactive(anon):   215696 kB
Active(file):     453384 kB
Inactive(file):   456564 kB
Unevictable:       13568 kB
Mlocked:               0 kB
SwapTotal:        715328 kB
SwapFree:         694532 kB
Dirty:                92 kB
Writeback:             0 kB
AnonPages:       1055076 kB
Mapped:           600292 kB
Shmem:               952 kB
Slab:              98988 kB
SReclaimable:      31776 kB
SUnreclaim:        67212 kB
KernelStack:       38304 kB
PageTables:        49764 kB
NFS_Unstable:          0 kB
Bounce:                0 kB
WritebackTmp:          0 kB
CommitLimit:     2152132 kB
Committed_AS:   119635512 kB
VmallocTotal:   251658176 kB
VmallocUsed:      137244 kB
VmallocChunk:   251424812 kB
Time pass: 362 sec

---2015-12-15 11:18:33
MemTotal:        2873608 kB
MemFree:           81052 kB
Buffers:           10956 kB
Cached:           913520 kB
SwapCached:          176 kB
Active:          1292852 kB
Inactive:         672268 kB
Active(anon):     839468 kB
Inactive(anon):   215696 kB
Active(file):     453384 kB
Inactive(file):   456572 kB
Unevictable:       13568 kB
Mlocked:               0 kB
SwapTotal:        715328 kB
SwapFree:         694532 kB
Dirty:                48 kB
Writeback:             0 kB
AnonPages:       1054048 kB
Mapped:           600320 kB
Shmem:               952 kB
Slab:              98976 kB
SReclaimable:      31776 kB
SUnreclaim:        67200 kB
KernelStack:       38352 kB
PageTables:        49760 kB
NFS_Unstable:          0 kB
Bounce:                0 kB
WritebackTmp:          0 kB
CommitLimit:     2152132 kB
Committed_AS:   119635520 kB
VmallocTotal:   251658176 kB
VmallocUsed:      137244 kB
VmallocChunk:   251424812 kB
Time pass: 366 sec

---2015-12-15 11:18:33
MemTotal:        2873608 kB
MemFree:           81112 kB
Buffers:           10972 kB
Cached:           913520 kB
SwapCached:          176 kB
Active:          1293028 kB
Inactive:         672280 kB
Active(anon):     839644 kB
Inactive(anon):   215692 kB
Active(file):     453384 kB
Inactive(file):   456588 kB
Unevictable:       13568 kB
Mlocked:               0 kB
SwapTotal:        715328 kB
SwapFree:         694532 kB
Dirty:                 0 kB
Writeback:            28 kB
AnonPages:       1054504 kB
Mapped:           600348 kB
Shmem:               952 kB
Slab:              98972 kB
SReclaimable:      31776 kB
SUnreclaim:        67196 kB
KernelStack:       38352 kB
PageTables:        49764 kB
NFS_Unstable:          0 kB
Bounce:                0 kB
WritebackTmp:          0 kB
CommitLimit:     2152132 kB
Committed_AS:   119635496 kB
VmallocTotal:   251658176 kB
VmallocUsed:      137244 kB
VmallocChunk:   251424812 kB
Time pass: 369 sec

---2015-12-15 11:18:33
MemTotal:        2873608 kB
MemFree:           80904 kB
Buffers:           10980 kB
Cached:           913520 kB
SwapCached:          176 kB
Active:          1293324 kB
Inactive:         672288 kB
Active(anon):     839940 kB
Inactive(anon):   215692 kB
Active(file):     453384 kB
Inactive(file):   456596 kB
Unevictable:       13568 kB
Mlocked:               0 kB
SwapTotal:        715328 kB
SwapFree:         694532 kB
Dirty:                32 kB
Writeback:             0 kB
AnonPages:       1054788 kB
Mapped:           600352 kB
Shmem:               952 kB
Slab:              98968 kB
SReclaimable:      31776 kB
SUnreclaim:        67192 kB
KernelStack:       38352 kB
PageTables:        49764 kB
NFS_Unstable:          0 kB
Bounce:                0 kB
WritebackTmp:          0 kB
CommitLimit:     2152132 kB
Committed_AS:   119635512 kB
VmallocTotal:   251658176 kB
VmallocUsed:      137244 kB
VmallocChunk:   251424812 kB
Time pass: 373 sec

---2015-12-15 11:18:33
MemTotal:        2873608 kB
MemFree:           80668 kB
Buffers:           11012 kB
Cached:           913504 kB
SwapCached:          176 kB
Active:          1293208 kB
Inactive:         672304 kB
Active(anon):     839824 kB
Inactive(anon):   215692 kB
Active(file):     453384 kB
Inactive(file):   456612 kB
Unevictable:       13568 kB
Mlocked:               0 kB
SwapTotal:        715328 kB
SwapFree:         694532 kB
Dirty:                 0 kB
Writeback:             0 kB
AnonPages:       1054620 kB
Mapped:           600364 kB
Shmem:               952 kB
Slab:              98968 kB
SReclaimable:      31776 kB
SUnreclaim:        67192 kB
KernelStack:       38352 kB
PageTables:        49764 kB
NFS_Unstable:          0 kB
Bounce:                0 kB
WritebackTmp:          0 kB
CommitLimit:     2152132 kB
Committed_AS:   119635552 kB
VmallocTotal:   251658176 kB
VmallocUsed:      137244 kB
VmallocChunk:   251424812 kB
Time pass: 377 sec

---2015-12-15 11:18:33
MemTotal:        2873608 kB
MemFree:           80000 kB
Buffers:           11012 kB
Cached:           913520 kB
SwapCached:          176 kB
Active:          1293620 kB
Inactive:         672320 kB
Active(anon):     840236 kB
Inactive(anon):   215692 kB
Active(file):     453384 kB
Inactive(file):   456628 kB
Unevictable:       13568 kB
Mlocked:               0 kB
SwapTotal:        715328 kB
SwapFree:         694532 kB
Dirty:                56 kB
Writeback:             0 kB
AnonPages:       1054816 kB
Mapped:           600460 kB
Shmem:               952 kB
Slab:              98968 kB
SReclaimable:      31776 kB
SUnreclaim:        67192 kB
KernelStack:       38352 kB
PageTables:        49792 kB
NFS_Unstable:          0 kB
Bounce:                0 kB
WritebackTmp:          0 kB
CommitLimit:     2152132 kB
Committed_AS:   119635584 kB
VmallocTotal:   251658176 kB
VmallocUsed:      137244 kB
VmallocChunk:   251424812 kB
Time pass: 381 sec

---2015-12-15 11:18:33
MemTotal:        2873608 kB
MemFree:           79092 kB
Buffers:           11028 kB
Cached:           913520 kB
SwapCached:          176 kB
Active:          1294856 kB
Inactive:         672336 kB
Active(anon):     841472 kB
Inactive(anon):   215692 kB
Active(file):     453384 kB
Inactive(file):   456644 kB
Unevictable:       13568 kB
Mlocked:               0 kB
SwapTotal:        715328 kB
SwapFree:         694532 kB
Dirty:                 0 kB
Writeback:             0 kB
AnonPages:       1056184 kB
Mapped:           600388 kB
Shmem:               952 kB
Slab:              98980 kB
SReclaimable:      31776 kB
SUnreclaim:        67204 kB
KernelStack:       38352 kB
PageTables:        49760 kB
NFS_Unstable:          0 kB
Bounce:                0 kB
WritebackTmp:          0 kB
CommitLimit:     2152132 kB
Committed_AS:   119635592 kB
VmallocTotal:   251658176 kB
VmallocUsed:      137244 kB
VmallocChunk:   251424812 kB
Time pass: 385 sec

---2015-12-15 11:18:33
MemTotal:        2873608 kB
MemFree:           78572 kB
Buffers:           11044 kB
Cached:           913520 kB
SwapCached:          176 kB
Active:          1295072 kB
Inactive:         672352 kB
Active(anon):     841688 kB
Inactive(anon):   215692 kB
Active(file):     453384 kB
Inactive(file):   456660 kB
Unevictable:       13568 kB
Mlocked:               0 kB
SwapTotal:        715328 kB
SwapFree:         694532 kB
Dirty:                44 kB
Writeback:             0 kB
AnonPages:       1056524 kB
Mapped:           600396 kB
Shmem:               952 kB
Slab:              98992 kB
SReclaimable:      31776 kB
SUnreclaim:        67216 kB
KernelStack:       38320 kB
PageTables:        49760 kB
NFS_Unstable:          0 kB
Bounce:                0 kB
WritebackTmp:          0 kB
CommitLimit:     2152132 kB
Committed_AS:   119635584 kB
VmallocTotal:   251658176 kB
VmallocUsed:      137244 kB
VmallocChunk:   251424812 kB
Time pass: 389 sec

---2015-12-15 11:18:33
MemTotal:        2873608 kB
MemFree:           78652 kB
Buffers:           11052 kB
Cached:           913520 kB
SwapCached:          176 kB
Active:          1295156 kB
Inactive:         672360 kB
Active(anon):     841772 kB
Inactive(anon):   215692 kB
Active(file):     453384 kB
Inactive(file):   456668 kB
Unevictable:       13568 kB
Mlocked:               0 kB
SwapTotal:        715328 kB
SwapFree:         694532 kB
Dirty:                48 kB
Writeback:             0 kB
AnonPages:       1056628 kB
Mapped:           600464 kB
Shmem:               952 kB
Slab:              98992 kB
SReclaimable:      31776 kB
SUnreclaim:        67216 kB
KernelStack:       38304 kB
PageTables:        49740 kB
NFS_Unstable:          0 kB
Bounce:                0 kB
WritebackTmp:          0 kB
CommitLimit:     2152132 kB
Committed_AS:   119635592 kB
VmallocTotal:   251658176 kB
VmallocUsed:      137244 kB
VmallocChunk:   251424812 kB
Time pass: 393 sec

---2015-12-15 11:18:33
MemTotal:        2873608 kB
MemFree:           78104 kB
Buffers:           11068 kB
Cached:           913520 kB
SwapCached:          176 kB
Active:          1295604 kB
Inactive:         672376 kB
Active(anon):     842220 kB
Inactive(anon):   215692 kB
Active(file):     453384 kB
Inactive(file):   456684 kB
Unevictable:       13568 kB
Mlocked:               0 kB
SwapTotal:        715328 kB
SwapFree:         694532 kB
Dirty:                44 kB
Writeback:             0 kB
AnonPages:       1056900 kB
Mapped:           600556 kB
Shmem:               952 kB
Slab:              98992 kB
SReclaimable:      31776 kB
SUnreclaim:        67216 kB
KernelStack:       38336 kB
PageTables:        49788 kB
NFS_Unstable:          0 kB
Bounce:                0 kB
WritebackTmp:          0 kB
CommitLimit:     2152132 kB
Committed_AS:   119635532 kB
VmallocTotal:   251658176 kB
VmallocUsed:      137244 kB
VmallocChunk:   251424812 kB
Time pass: 397 sec

---2015-12-15 11:18:33
MemTotal:        2873608 kB
MemFree:           78036 kB
Buffers:           11076 kB
Cached:           913624 kB
SwapCached:          176 kB
Active:          1295988 kB
Inactive:         672468 kB
Active(anon):     842588 kB
Inactive(anon):   215692 kB
Active(file):     453400 kB
Inactive(file):   456776 kB
Unevictable:       13568 kB
Mlocked:               0 kB
SwapTotal:        715328 kB
SwapFree:         694532 kB
Dirty:                52 kB
Writeback:             0 kB
AnonPages:       1057128 kB
Mapped:           600524 kB
Shmem:               952 kB
Slab:              98972 kB
SReclaimable:      31776 kB
SUnreclaim:        67196 kB
KernelStack:       38368 kB
PageTables:        49760 kB
NFS_Unstable:          0 kB
Bounce:                0 kB
WritebackTmp:          0 kB
CommitLimit:     2152132 kB
Committed_AS:   119635576 kB
VmallocTotal:   251658176 kB
VmallocUsed:      137244 kB
VmallocChunk:   251424812 kB
Time pass: 400 sec

---2015-12-15 11:18:33
MemTotal:        2873608 kB
MemFree:           77592 kB
Buffers:           11092 kB
