---2015-12-18 17:09:26
MemTotal:        1862952 kB
MemFree:          370692 kB
Buffers:            7704 kB
Cached:           629120 kB
SwapCached:         2680 kB
Active:           523320 kB
Inactive:         727132 kB
Active(anon):     311868 kB
Inactive(anon):   303628 kB
Active(file):     211452 kB
Inactive(file):   423504 kB
Unevictable:        1300 kB
Mlocked:               0 kB
HighTotal:       1436668 kB
HighFree:         211088 kB
LowTotal:         426284 kB
LowFree:          159604 kB
SwapTotal:       1048572 kB
SwapFree:        1024788 kB
Dirty:                 4 kB
Writeback:             0 kB
AnonPages:        613292 kB
Mapped:           353576 kB
Shmem:               568 kB
Slab:              41432 kB
SReclaimable:      14412 kB
SUnreclaim:        27020 kB
KernelStack:       11232 kB
PageTables:        41420 kB
NFS_Unstable:          0 kB
Bounce:                0 kB
WritebackTmp:          0 kB
CommitLimit:     1980048 kB
Committed_AS:   85659192 kB
VmallocTotal:     458752 kB
VmallocUsed:      112712 kB
VmallocChunk:     161796 kB
Time pass: 3 sec

---2015-12-18 17:09:26
MemTotal:        1862952 kB
MemFree:          369272 kB
Buffers:            7704 kB
Cached:           629132 kB
SwapCached:         2680 kB
Active:           523380 kB
Inactive:         727100 kB
Active(anon):     311884 kB
Inactive(anon):   303628 kB
Active(file):     211496 kB
Inactive(file):   423472 kB
Unevictable:        1300 kB
Mlocked:               0 kB
HighTotal:       1436668 kB
HighFree:         210344 kB
LowTotal:         426284 kB
LowFree:          158928 kB
SwapTotal:       1048572 kB
SwapFree:        1024788 kB
Dirty:                 0 kB
Writeback:             0 kB
AnonPages:        613444 kB
Mapped:           353696 kB
Shmem:               568 kB
Slab:              41432 kB
SReclaimable:      14412 kB
SUnreclaim:        27020 kB
KernelStack:       11240 kB
PageTables:        41424 kB
NFS_Unstable:          0 kB
Bounce:                0 kB
WritebackTmp:          0 kB
CommitLimit:     1980048 kB
Committed_AS:   85659280 kB
VmallocTotal:     458752 kB
VmallocUsed:      112952 kB
VmallocChunk:     161796 kB
Time pass: 7 sec

---2015-12-18 17:09:26
MemTotal:        1862952 kB
MemFree:          370284 kB
Buffers:            7712 kB
Cached:           629132 kB
SwapCached:         2680 kB
Active:           523768 kB
Inactive:         727100 kB
Active(anon):     312264 kB
Inactive(anon):   303628 kB
Active(file):     211504 kB
Inactive(file):   423472 kB
Unevictable:        1300 kB
Mlocked:               0 kB
HighTotal:       1436668 kB
HighFree:         210736 kB
LowTotal:         426284 kB
LowFree:          159548 kB
SwapTotal:       1048572 kB
SwapFree:        1024788 kB
Dirty:                12 kB
Writeback:             0 kB
AnonPages:        613716 kB
Mapped:           353576 kB
Shmem:               568 kB
Slab:              41368 kB
SReclaimable:      14412 kB
SUnreclaim:        26956 kB
KernelStack:       11240 kB
PageTables:        41424 kB
NFS_Unstable:          0 kB
Bounce:                0 kB
WritebackTmp:          0 kB
CommitLimit:     1980048 kB
Committed_AS:   85659432 kB
VmallocTotal:     458752 kB
VmallocUsed:      112712 kB
VmallocChunk:     161796 kB
Time pass: 10 sec

---2015-12-18 17:09:26
MemTotal:        1862952 kB
MemFree:          370036 kB
Buffers:            7720 kB
Cached:           629132 kB
SwapCached:         2680 kB
Active:           523904 kB
Inactive:         727104 kB
Active(anon):     312400 kB
Inactive(anon):   303628 kB
Active(file):     211504 kB
Inactive(file):   423476 kB
Unevictable:        1300 kB
Mlocked:               0 kB
HighTotal:       1436668 kB
HighFree:         210488 kB
LowTotal:         426284 kB
LowFree:          159548 kB
SwapTotal:       1048572 kB
SwapFree:        1024788 kB
Dirty:                 4 kB
Writeback:             0 kB
AnonPages:        613844 kB
Mapped:           353576 kB
Shmem:               568 kB
Slab:              41368 kB
SReclaimable:      14412 kB
SUnreclaim:        26956 kB
KernelStack:       11240 kB
PageTables:        41424 kB
NFS_Unstable:          0 kB
Bounce:                0 kB
WritebackTmp:          0 kB
CommitLimit:     1980048 kB
Committed_AS:   85659552 kB
VmallocTotal:     458752 kB
VmallocUsed:      112712 kB
VmallocChunk:     161796 kB
Time pass: 14 sec

---2015-12-18 17:09:26
MemTotal:        1862952 kB
MemFree:          369752 kB
Buffers:            7720 kB
Cached:           629132 kB
SwapCached:         2680 kB
Active:           524056 kB
Inactive:         727104 kB
Active(anon):     312552 kB
Inactive(anon):   303624 kB
Active(file):     211504 kB
Inactive(file):   423480 kB
Unevictable:        1300 kB
Mlocked:               0 kB
HighTotal:       1436668 kB
HighFree:         210364 kB
LowTotal:         426284 kB
LowFree:          159388 kB
SwapTotal:       1048572 kB
SwapFree:        1024788 kB
Dirty:                 4 kB
Writeback:             0 kB
AnonPages:        614056 kB
Mapped:           353576 kB
Shmem:               568 kB
Slab:              41368 kB
SReclaimable:      14412 kB
SUnreclaim:        26956 kB
KernelStack:       11240 kB
PageTables:        41424 kB
NFS_Unstable:          0 kB
Bounce:                0 kB
WritebackTmp:          0 kB
CommitLimit:     1980048 kB
Committed_AS:   85659632 kB
VmallocTotal:     458752 kB
VmallocUsed:      112712 kB
VmallocChunk:     161796 kB
Time pass: 18 sec

---2015-12-18 17:09:26
MemTotal:        1862952 kB
MemFree:          369788 kB
Buffers:            7720 kB
Cached:           629132 kB
SwapCached:         2680 kB
Active:           524236 kB
Inactive:         727104 kB
Active(anon):     312732 kB
Inactive(anon):   303624 kB
Active(file):     211504 kB
Inactive(file):   423480 kB
Unevictable:        1300 kB
Mlocked:               0 kB
HighTotal:       1436668 kB
HighFree:         210240 kB
LowTotal:         426284 kB
LowFree:          159548 kB
SwapTotal:       1048572 kB
SwapFree:        1024788 kB
Dirty:                 4 kB
Writeback:             0 kB
AnonPages:        614200 kB
Mapped:           353576 kB
Shmem:               568 kB
Slab:              41368 kB
SReclaimable:      14412 kB
SUnreclaim:        26956 kB
KernelStack:       11240 kB
PageTables:        41424 kB
NFS_Unstable:          0 kB
Bounce:                0 kB
WritebackTmp:          0 kB
CommitLimit:     1980048 kB
Committed_AS:   85659832 kB
VmallocTotal:     458752 kB
VmallocUsed:      112712 kB
VmallocChunk:     161796 kB
Time pass: 21 sec

---2015-12-18 17:09:26
MemTotal:        1862952 kB
MemFree:          316212 kB
Buffers:            7748 kB
Cached:           662304 kB
SwapCached:         2700 kB
Active:           533432 kB
Inactive:         759960 kB
Active(anon):     321860 kB
Inactive(anon):   303540 kB
Active(file):     211572 kB
Inactive(file):   456420 kB
Unevictable:        1300 kB
Mlocked:               0 kB
HighTotal:       1436668 kB
HighFree:         164000 kB
LowTotal:         426284 kB
LowFree:          152212 kB
SwapTotal:       1048572 kB
SwapFree:        1024812 kB
Dirty:                 8 kB
Writeback:             0 kB
AnonPages:        623164 kB
Mapped:           366344 kB
Shmem:               568 kB
Slab:              41376 kB
SReclaimable:      14412 kB
SUnreclaim:        26964 kB
KernelStack:       11360 kB
PageTables:        42008 kB
NFS_Unstable:          0 kB
Bounce:                0 kB
WritebackTmp:          0 kB
CommitLimit:     1980048 kB
Committed_AS:   86951964 kB
VmallocTotal:     458752 kB
VmallocUsed:      113788 kB
VmallocChunk:     161796 kB
Time pass: 25 sec

---2015-12-18 17:09:26
MemTotal:        1862952 kB
MemFree:          193312 kB
Buffers:            8240 kB
Cached:           696792 kB
SwapCached:         2732 kB
Active:           572788 kB
Inactive:         790008 kB
Active(anon):     356160 kB
Inactive(anon):   303644 kB
Active(file):     216628 kB
Inactive(file):   486364 kB
Unevictable:        1300 kB
Mlocked:               0 kB
HighTotal:       1436668 kB
HighFree:          36668 kB
LowTotal:         426284 kB
LowFree:          156644 kB
SwapTotal:       1048572 kB
SwapFree:        1024820 kB
Dirty:               916 kB
Writeback:             0 kB
AnonPages:        657568 kB
Mapped:           378008 kB
Shmem:               700 kB
Slab:              41480 kB
SReclaimable:      14428 kB
SUnreclaim:        27052 kB
KernelStack:       11800 kB
PageTables:        42556 kB
NFS_Unstable:          0 kB
Bounce:                0 kB
WritebackTmp:          0 kB
CommitLimit:     1980048 kB
Committed_AS:   87021136 kB
VmallocTotal:     458752 kB
VmallocUsed:      113964 kB
VmallocChunk:     161796 kB
Time pass: 29 sec

---2015-12-18 17:09:26
MemTotal:        1862952 kB
MemFree:          112288 kB
Buffers:            8252 kB
Cached:           697988 kB
SwapCached:         2724 kB
Active:           578644 kB
Inactive:         783064 kB
Active(anon):     361780 kB
Inactive(anon):   295692 kB
Active(file):     216864 kB
Inactive(file):   487372 kB
Unevictable:        1300 kB
Mlocked:               0 kB
HighTotal:       1436668 kB
HighFree:           5852 kB
LowTotal:         426284 kB
LowFree:          106436 kB
SwapTotal:       1048572 kB
SwapFree:        1024848 kB
Dirty:               184 kB
Writeback:             0 kB
AnonPages:        655092 kB
Mapped:           392512 kB
Shmem:               700 kB
Slab:              41532 kB
SReclaimable:      14412 kB
SUnreclaim:        27120 kB
KernelStack:       11864 kB
PageTables:        42756 kB
NFS_Unstable:          0 kB
Bounce:                0 kB
WritebackTmp:          0 kB
CommitLimit:     1980048 kB
Committed_AS:   87038464 kB
VmallocTotal:     458752 kB
VmallocUsed:      114316 kB
VmallocChunk:     161796 kB
Time pass: 33 sec

---2015-12-18 17:09:26
MemTotal:        1862952 kB
MemFree:          112572 kB
Buffers:            8260 kB
Cached:           698184 kB
SwapCached:         2724 kB
Active:           578832 kB
Inactive:         783256 kB
Active(anon):     361968 kB
Inactive(anon):   295692 kB
Active(file):     216864 kB
Inactive(file):   487564 kB
Unevictable:        1300 kB
Mlocked:               0 kB
HighTotal:       1436668 kB
HighFree:           5684 kB
LowTotal:         426284 kB
LowFree:          106888 kB
SwapTotal:       1048572 kB
SwapFree:        1024848 kB
Dirty:               172 kB
Writeback:             0 kB
AnonPages:        655368 kB
Mapped:           392784 kB
Shmem:               700 kB
Slab:              41524 kB
SReclaimable:      14396 kB
SUnreclaim:        27128 kB
KernelStack:       11776 kB
PageTables:        42776 kB
NFS_Unstable:          0 kB
Bounce:                0 kB
WritebackTmp:          0 kB
CommitLimit:     1980048 kB
Committed_AS:   87038632 kB
VmallocTotal:     458752 kB
VmallocUsed:      114236 kB
VmallocChunk:     161796 kB
Time pass: 36 sec

---2015-12-18 17:09:26
MemTotal:        1862952 kB
MemFree:          121352 kB
Buffers:            8268 kB
Cached:           698552 kB
SwapCached:         2724 kB
Active:           583956 kB
Inactive:         783652 kB
Active(anon):     367092 kB
Inactive(anon):   295692 kB
Active(file):     216864 kB
Inactive(file):   487960 kB
Unevictable:        1300 kB
Mlocked:               0 kB
HighTotal:       1436668 kB
HighFree:           6112 kB
LowTotal:         426284 kB
LowFree:          115240 kB
SwapTotal:       1048572 kB
SwapFree:        1024848 kB
Dirty:                96 kB
Writeback:             0 kB
AnonPages:        660492 kB
Mapped:           392388 kB
Shmem:               700 kB
Slab:              41520 kB
SReclaimable:      14396 kB
SUnreclaim:        27124 kB
KernelStack:       11776 kB
PageTables:        42776 kB
NFS_Unstable:          0 kB
Bounce:                0 kB
WritebackTmp:          0 kB
CommitLimit:     1980048 kB
Committed_AS:   87038704 kB
VmallocTotal:     458752 kB
VmallocUsed:      114404 kB
VmallocChunk:     161796 kB
Time pass: 40 sec

---2015-12-18 17:09:26
MemTotal:        1862952 kB
MemFree:           94684 kB
Buffers:            8276 kB
Cached:           702992 kB
SwapCached:         2724 kB
Active:           587124 kB
Inactive:         787880 kB
Active(anon):     370196 kB
Inactive(anon):   295692 kB
Active(file):     216928 kB
Inactive(file):   492188 kB
Unevictable:        1300 kB
Mlocked:               0 kB
HighTotal:       1436668 kB
HighFree:           2544 kB
LowTotal:         426284 kB
LowFree:           92140 kB
SwapTotal:       1048572 kB
SwapFree:        1024848 kB
Dirty:               756 kB
Writeback:             0 kB
AnonPages:        663596 kB
Mapped:           405548 kB
Shmem:               700 kB
Slab:              41584 kB
SReclaimable:      14396 kB
SUnreclaim:        27188 kB
KernelStack:       11888 kB
PageTables:        42820 kB
NFS_Unstable:          0 kB
Bounce:                0 kB
WritebackTmp:          0 kB
CommitLimit:     1980048 kB
Committed_AS:   87042208 kB
VmallocTotal:     458752 kB
VmallocUsed:      114536 kB
VmallocChunk:     161796 kB
Time pass: 44 sec

---2015-12-18 17:09:26
MemTotal:        1862952 kB
MemFree:           60364 kB
Buffers:            8288 kB
Cached:           705008 kB
SwapCached:         2728 kB
Active:           598356 kB
Inactive:         789332 kB
Active(anon):     381292 kB
Inactive(anon):   295100 kB
Active(file):     217064 kB
Inactive(file):   494232 kB
Unevictable:        1300 kB
Mlocked:               0 kB
HighTotal:       1436668 kB
HighFree:           1416 kB
LowTotal:         426284 kB
LowFree:           58948 kB
SwapTotal:       1048572 kB
SwapFree:        1024856 kB
Dirty:                 0 kB
Writeback:             0 kB
AnonPages:        674080 kB
Mapped:           413484 kB
Shmem:               700 kB
Slab:              41540 kB
SReclaimable:      14396 kB
SUnreclaim:        27144 kB
KernelStack:       11832 kB
PageTables:        42952 kB
NFS_Unstable:          0 kB
Bounce:                0 kB
WritebackTmp:          0 kB
CommitLimit:     1980048 kB
Committed_AS:   87056440 kB
VmallocTotal:     458752 kB
VmallocUsed:      114404 kB
VmallocChunk:     161796 kB
Time pass: 47 sec

---2015-12-18 17:09:26
MemTotal:        1862952 kB
MemFree:           74908 kB
Buffers:            8296 kB
Cached:           705012 kB
SwapCached:         2728 kB
Active:           601604 kB
Inactive:         788692 kB
Active(anon):     384536 kB
Inactive(anon):   294452 kB
Active(file):     217068 kB
Inactive(file):   494240 kB
Unevictable:        1300 kB
Mlocked:               0 kB
HighTotal:       1436668 kB
HighFree:           3020 kB
LowTotal:         426284 kB
LowFree:           71888 kB
SwapTotal:       1048572 kB
SwapFree:        1024856 kB
Dirty:                80 kB
Writeback:             0 kB
AnonPages:        676620 kB
Mapped:           410412 kB
Shmem:               700 kB
Slab:              41532 kB
SReclaimable:      14396 kB
SUnreclaim:        27136 kB
KernelStack:       11936 kB
PageTables:        42928 kB
NFS_Unstable:          0 kB
Bounce:                0 kB
WritebackTmp:          0 kB
CommitLimit:     1980048 kB
Committed_AS:   87064944 kB
VmallocTotal:     458752 kB
VmallocUsed:      114544 kB
VmallocChunk:     161796 kB
Time pass: 51 sec

---2015-12-18 17:09:26
MemTotal:        1862952 kB
MemFree:           28820 kB
Buffers:            8324 kB
Cached:           705072 kB
SwapCached:         2780 kB
Active:           632148 kB
Inactive:         779152 kB
Active(anon):     380560 kB
Inactive(anon):   319296 kB
Active(file):     251588 kB
Inactive(file):   459856 kB
Unevictable:        1300 kB
Mlocked:               0 kB
HighTotal:       1436668 kB
HighFree:           1852 kB
LowTotal:         426284 kB
LowFree:           26968 kB
SwapTotal:       1048572 kB
SwapFree:        1023376 kB
Dirty:                32 kB
Writeback:             0 kB
AnonPages:        697528 kB
Mapped:           426540 kB
Shmem:               700 kB
Slab:              41680 kB
SReclaimable:      14428 kB
SUnreclaim:        27252 kB
KernelStack:       11936 kB
PageTables:        42972 kB
NFS_Unstable:          0 kB
Bounce:                0 kB
WritebackTmp:          0 kB
CommitLimit:     1980048 kB
Committed_AS:   87079800 kB
VmallocTotal:     458752 kB
VmallocUsed:      114736 kB
VmallocChunk:     161796 kB
Time pass: 55 sec

---2015-12-18 17:09:26
MemTotal:        1862952 kB
MemFree:           39700 kB
Buffers:            8328 kB
Cached:           695512 kB
SwapCached:         2936 kB
Active:           597732 kB
Inactive:         790300 kB
Active(anon):     339524 kB
Inactive(anon):   346664 kB
Active(file):     258208 kB
Inactive(file):   443636 kB
Unevictable:        1300 kB
Mlocked:               0 kB
HighTotal:       1436668 kB
HighFree:           7296 kB
LowTotal:         426284 kB
LowFree:           32404 kB
SwapTotal:       1048572 kB
SwapFree:        1020856 kB
Dirty:                 8 kB
Writeback:             0 kB
AnonPages:        683640 kB
Mapped:           429840 kB
Shmem:               696 kB
Slab:              41680 kB
SReclaimable:      14428 kB
SUnreclaim:        27252 kB
KernelStack:       11872 kB
PageTables:        43052 kB
NFS_Unstable:          0 kB
Bounce:                0 kB
WritebackTmp:          0 kB
CommitLimit:     1980048 kB
Committed_AS:   87074456 kB
VmallocTotal:     458752 kB
VmallocUsed:      114568 kB
VmallocChunk:     161796 kB
Time pass: 58 sec

---2015-12-18 17:09:26
MemTotal:        1862952 kB
MemFree:           38940 kB
Buffers:            8336 kB
Cached:           695896 kB
SwapCached:         2936 kB
Active:           598068 kB
Inactive:         790632 kB
Active(anon):     339836 kB
Inactive(anon):   346644 kB
Active(file):     258232 kB
Inactive(file):   443988 kB
Unevictable:        1300 kB
Mlocked:               0 kB
HighTotal:       1436668 kB
HighFree:           6552 kB
LowTotal:         426284 kB
LowFree:           32388 kB
SwapTotal:       1048572 kB
SwapFree:        1020856 kB
Dirty:                28 kB
Writeback:             0 kB
AnonPages:        683940 kB
Mapped:           430232 kB
Shmem:               696 kB
Slab:              41676 kB
SReclaimable:      14428 kB
SUnreclaim:        27248 kB
KernelStack:       11872 kB
PageTables:        43056 kB
NFS_Unstable:          0 kB
Bounce:                0 kB
WritebackTmp:          0 kB
CommitLimit:     1980048 kB
Committed_AS:   87074656 kB
VmallocTotal:     458752 kB
VmallocUsed:      114568 kB
VmallocChunk:     161796 kB
Time pass: 62 sec

---2015-12-18 17:09:26
MemTotal:        1862952 kB
MemFree:           36228 kB
Buffers:            8344 kB
Cached:           683768 kB
SwapCached:         3036 kB
Active:           610612 kB
Inactive:         764604 kB
Active(anon):     338732 kB
Inactive(anon):   346368 kB
Active(file):     271880 kB
Inactive(file):   418236 kB
Unevictable:        1300 kB
Mlocked:               0 kB
HighTotal:       1436668 kB
HighFree:           5804 kB
LowTotal:         426284 kB
LowFree:           30424 kB
SwapTotal:       1048572 kB
SwapFree:        1016232 kB
Dirty:                40 kB
Writeback:             0 kB
AnonPages:        682472 kB
Mapped:           440280 kB
Shmem:               696 kB
Slab:              41720 kB
SReclaimable:      14444 kB
SUnreclaim:        27276 kB
KernelStack:       11872 kB
PageTables:        43088 kB
NFS_Unstable:          0 kB
Bounce:                0 kB
WritebackTmp:          0 kB
CommitLimit:     1980048 kB
Committed_AS:   87074896 kB
VmallocTotal:     458752 kB
VmallocUsed:      114608 kB
VmallocChunk:     161796 kB
Time pass: 66 sec

---2015-12-18 17:09:26
MemTotal:        1862952 kB
MemFree:           35112 kB
Buffers:            8344 kB
Cached:           683776 kB
SwapCached:         3036 kB
Active:           610808 kB
Inactive:         764612 kB
Active(anon):     338928 kB
Inactive(anon):   346368 kB
Active(file):     271880 kB
Inactive(file):   418244 kB
Unevictable:        1300 kB
Mlocked:               0 kB
HighTotal:       1436668 kB
HighFree:           5060 kB
LowTotal:         426284 kB
LowFree:           30052 kB
SwapTotal:       1048572 kB
SwapFree:        1016232 kB
Dirty:                48 kB
Writeback:             0 kB
AnonPages:        682588 kB
Mapped:           440416 kB
Shmem:               696 kB
Slab:              41720 kB
SReclaimable:      14444 kB
SUnreclaim:        27276 kB
KernelStack:       11872 kB
PageTables:        43088 kB
NFS_Unstable:          0 kB
Bounce:                0 kB
WritebackTmp:          0 kB
CommitLimit:     1980048 kB
Committed_AS:   87074968 kB
VmallocTotal:     458752 kB
VmallocUsed:      114688 kB
VmallocChunk:     161796 kB
Time pass: 69 sec

---2015-12-18 17:09:26
MemTotal:        1862952 kB
MemFree:           29048 kB
Buffers:            8352 kB
Cached:           649336 kB
SwapCached:         3048 kB
Active:           608516 kB
Inactive:         730860 kB
Active(anon):     335376 kB
Inactive(anon):   349324 kB
Active(file):     273140 kB
Inactive(file):   381536 kB
Unevictable:        2136 kB
Mlocked:               0 kB
HighTotal:       1436668 kB
HighFree:           4140 kB
LowTotal:         426284 kB
LowFree:           24908 kB
SwapTotal:       1048572 kB
SwapFree:        1008192 kB
Dirty:               584 kB
Writeback:             0 kB
AnonPages:        681968 kB
Mapped:           457392 kB
Shmem:               696 kB
Slab:              41952 kB
SReclaimable:      14460 kB
SUnreclaim:        27492 kB
KernelStack:       11968 kB
PageTables:        43132 kB
NFS_Unstable:          0 kB
Bounce:                0 kB
WritebackTmp:          0 kB
CommitLimit:     1980048 kB
Committed_AS:   87092008 kB
VmallocTotal:     458752 kB
VmallocUsed:      114892 kB
VmallocChunk:     161796 kB
Time pass: 73 sec

---2015-12-18 17:09:26
MemTotal:        1862952 kB
MemFree:           29628 kB
Buffers:            8368 kB
Cached:           641876 kB
SwapCached:         3084 kB
Active:           621748 kB
Inactive:         716604 kB
Active(anon):     346116 kB
Inactive(anon):   344908 kB
Active(file):     275632 kB
Inactive(file):   371696 kB
Unevictable:        2136 kB
Mlocked:               0 kB
HighTotal:       1436668 kB
HighFree:           4344 kB
LowTotal:         426284 kB
LowFree:           25284 kB
SwapTotal:       1048572 kB
SwapFree:        1002108 kB
Dirty:               264 kB
Writeback:             0 kB
AnonPages:        688464 kB
Mapped:           461372 kB
Shmem:               696 kB
Slab:              42032 kB
SReclaimable:      14460 kB
SUnreclaim:        27572 kB
KernelStack:       12048 kB
PageTables:        43168 kB
NFS_Unstable:          0 kB
Bounce:                0 kB
WritebackTmp:          0 kB
CommitLimit:     1980048 kB
Committed_AS:   87095680 kB
VmallocTotal:     458752 kB
VmallocUsed:      114972 kB
VmallocChunk:     161796 kB
Time pass: 76 sec

---2015-12-18 17:09:26
MemTotal:        1862952 kB
MemFree:           52980 kB
Buffers:            8416 kB
Cached:           609220 kB
SwapCached:         4072 kB
Active:           634396 kB
Inactive:         680544 kB
Active(anon):     351776 kB
Inactive(anon):   348544 kB
Active(file):     282620 kB
Inactive(file):   332000 kB
Unevictable:        2136 kB
Mlocked:               0 kB
HighTotal:       1436668 kB
HighFree:          25120 kB
LowTotal:         426284 kB
LowFree:           27860 kB
SwapTotal:       1048572 kB
SwapFree:         998192 kB
Dirty:                60 kB
Writeback:             0 kB
AnonPages:        696564 kB
Mapped:           460776 kB
Shmem:               832 kB
Slab:              42532 kB
SReclaimable:      14460 kB
SUnreclaim:        28072 kB
KernelStack:       12200 kB
PageTables:        43372 kB
NFS_Unstable:          0 kB
Bounce:                0 kB
WritebackTmp:          0 kB
CommitLimit:     1980048 kB
Committed_AS:   87122724 kB
VmallocTotal:     458752 kB
VmallocUsed:      118776 kB
VmallocChunk:     161796 kB
Time pass: 80 sec

---2015-12-18 17:09:26
MemTotal:        1862952 kB
MemFree:           30736 kB
Buffers:            8432 kB
Cached:           597968 kB
SwapCached:         4104 kB
Active:           635204 kB
Inactive:         670440 kB
Active(anon):     351020 kB
Inactive(anon):   351232 kB
Active(file):     284184 kB
Inactive(file):   319208 kB
Unevictable:        2136 kB
Mlocked:               0 kB
HighTotal:       1436668 kB
HighFree:           6352 kB
LowTotal:         426284 kB
LowFree:           24384 kB
SwapTotal:       1048572 kB
SwapFree:         997416 kB
Dirty:                80 kB
Writeback:             0 kB
AnonPages:        698696 kB
Mapped:           460456 kB
Shmem:               872 kB
Slab:              42528 kB
SReclaimable:      14476 kB
SUnreclaim:        28052 kB
KernelStack:       12192 kB
PageTables:        43576 kB
NFS_Unstable:          0 kB
Bounce:                0 kB
WritebackTmp:          0 kB
CommitLimit:     1980048 kB
Committed_AS:   87124964 kB
VmallocTotal:     458752 kB
VmallocUsed:      122652 kB
VmallocChunk:     161796 kB
Time pass: 84 sec

---2015-12-18 17:09:26
MemTotal:        1862952 kB
MemFree:           27984 kB
Buffers:            8440 kB
Cached:           598320 kB
SwapCached:         4104 kB
Active:           638136 kB
Inactive:         670552 kB
Active(anon):     353940 kB
Inactive(anon):   351116 kB
Active(file):     284196 kB
Inactive(file):   319436 kB
Unevictable:        2136 kB
Mlocked:               0 kB
HighTotal:       1436668 kB
HighFree:           3996 kB
LowTotal:         426284 kB
LowFree:           23988 kB
SwapTotal:       1048572 kB
SwapFree:         997432 kB
Dirty:                52 kB
Writeback:             0 kB
AnonPages:        701360 kB
Mapped:           460760 kB
Shmem:               988 kB
Slab:              42580 kB
SReclaimable:      14476 kB
SUnreclaim:        28104 kB
KernelStack:       12192 kB
PageTables:        43580 kB
NFS_Unstable:          0 kB
Bounce:                0 kB
WritebackTmp:          0 kB
CommitLimit:     1980048 kB
Committed_AS:   87127092 kB
VmallocTotal:     458752 kB
VmallocUsed:      122616 kB
VmallocChunk:     161796 kB
Time pass: 87 sec

---2015-12-18 17:09:26
MemTotal:        1862952 kB
MemFree:           26968 kB
Buffers:            8456 kB
Cached:           598324 kB
SwapCached:         4132 kB
Active:           639004 kB
Inactive:         670488 kB
Active(anon):     354796 kB
Inactive(anon):   351040 kB
Active(file):     284208 kB
Inactive(file):   319448 kB
Unevictable:        2136 kB
Mlocked:               0 kB
HighTotal:       1436668 kB
HighFree:           2740 kB
LowTotal:         426284 kB
LowFree:           24228 kB
SwapTotal:       1048572 kB
SwapFree:         997436 kB
Dirty:                52 kB
Writeback:             0 kB
AnonPages:        702004 kB
Mapped:           460624 kB
Shmem:               988 kB
Slab:              42608 kB
SReclaimable:      14476 kB
SUnreclaim:        28132 kB
KernelStack:       12216 kB
PageTables:        43588 kB
NFS_Unstable:          0 kB
Bounce:                0 kB
WritebackTmp:          0 kB
CommitLimit:     1980048 kB
Committed_AS:   87128252 kB
VmallocTotal:     458752 kB
VmallocUsed:      122536 kB
VmallocChunk:     161796 kB
Time pass: 91 sec

---2015-12-18 17:09:26
MemTotal:        1862952 kB
MemFree:           28032 kB
Buffers:            8464 kB
Cached:           596080 kB
SwapCached:         4132 kB
Active:           637836 kB
Inactive:         669996 kB
Active(anon):     353604 kB
Inactive(anon):   352812 kB
Active(file):     284232 kB
Inactive(file):   317184 kB
Unevictable:        2136 kB
Mlocked:               0 kB
HighTotal:       1436668 kB
HighFree:           4052 kB
LowTotal:         426284 kB
LowFree:           23980 kB
SwapTotal:       1048572 kB
SwapFree:         997412 kB
Dirty:                 4 kB
Writeback:             0 kB
AnonPages:        702720 kB
Mapped:           460808 kB
Shmem:               988 kB
Slab:              42524 kB
SReclaimable:      14476 kB
SUnreclaim:        28048 kB
KernelStack:       12216 kB
PageTables:        43584 kB
NFS_Unstable:          0 kB
Bounce:                0 kB
WritebackTmp:          0 kB
CommitLimit:     1980048 kB
Committed_AS:   87128412 kB
VmallocTotal:     458752 kB
VmallocUsed:      122616 kB
VmallocChunk:     161796 kB
Time pass: 94 sec

---2015-12-18 17:09:26
MemTotal:        1862952 kB
MemFree:           28484 kB
Buffers:            8480 kB
Cached:           594452 kB
SwapCached:         4148 kB
Active:           638252 kB
Inactive:         668860 kB
Active(anon):     353512 kB
Inactive(anon):   354004 kB
Active(file):     284740 kB
Inactive(file):   314856 kB
Unevictable:        2136 kB
Mlocked:               0 kB
HighTotal:       1436668 kB
HighFree:           4740 kB
LowTotal:         426284 kB
LowFree:           23744 kB
SwapTotal:       1048572 kB
SwapFree:         997276 kB
Dirty:                60 kB
Writeback:             0 kB
AnonPages:        703596 kB
Mapped:           460708 kB
Shmem:               988 kB
Slab:              42628 kB
SReclaimable:      14476 kB
SUnreclaim:        28152 kB
KernelStack:       12200 kB
PageTables:        43584 kB
NFS_Unstable:          0 kB
Bounce:                0 kB
WritebackTmp:          0 kB
CommitLimit:     1980048 kB
Committed_AS:   87131548 kB
VmallocTotal:     458752 kB
VmallocUsed:      122616 kB
VmallocChunk:     161796 kB
Time pass: 98 sec

---2015-12-18 17:09:26
MemTotal:        1862952 kB
MemFree:           73112 kB
Buffers:            8480 kB
Cached:           589000 kB
SwapCached:         4168 kB
Active:           642384 kB
Inactive:         660884 kB
Active(anon):     353084 kB
Inactive(anon):   355536 kB
Active(file):     289300 kB
Inactive(file):   305348 kB
Unevictable:        2136 kB
Mlocked:               0 kB
HighTotal:       1436668 kB
HighFree:          44104 kB
LowTotal:         426284 kB
LowFree:           29008 kB
SwapTotal:       1048572 kB
SwapFree:         996692 kB
Dirty:                 4 kB
Writeback:             0 kB
AnonPages:        705120 kB
Mapped:           460812 kB
Shmem:               696 kB
Slab:              42596 kB
SReclaimable:      14476 kB
SUnreclaim:        28120 kB
KernelStack:       12016 kB
PageTables:        43676 kB
NFS_Unstable:          0 kB
Bounce:                0 kB
WritebackTmp:          0 kB
CommitLimit:     1980048 kB
Committed_AS:   88564952 kB
VmallocTotal:     458752 kB
VmallocUsed:      115932 kB
VmallocChunk:     161796 kB
Time pass: 101 sec

---2015-12-18 17:09:26
MemTotal:        1862952 kB
MemFree:          402612 kB
Buffers:            8536 kB
Cached:           589820 kB
SwapCached:         4188 kB
Active:           533404 kB
Inactive:         661476 kB
Active(anon):     243992 kB
Inactive(anon):   355232 kB
Active(file):     289412 kB
Inactive(file):   306244 kB
Unevictable:        2136 kB
Mlocked:               0 kB
HighTotal:       1436668 kB
HighFree:         254248 kB
LowTotal:         426284 kB
LowFree:          148364 kB
SwapTotal:       1048572 kB
SwapFree:         996700 kB
Dirty:                60 kB
Writeback:             0 kB
AnonPages:        595792 kB
Mapped:           345424 kB
Shmem:               564 kB
Slab:              42444 kB
SReclaimable:      14476 kB
SUnreclaim:        27968 kB
KernelStack:       11200 kB
PageTables:        41020 kB
NFS_Unstable:          0 kB
Bounce:                0 kB
WritebackTmp:          0 kB
CommitLimit:     1980048 kB
Committed_AS:   84455696 kB
VmallocTotal:     458752 kB
VmallocUsed:      111756 kB
VmallocChunk:     161796 kB
Time pass: 105 sec

---2015-12-18 17:09:26
MemTotal:        1862952 kB
MemFree:          402992 kB
Buffers:            8544 kB
Cached:           589824 kB
SwapCached:         4188 kB
Active:           534072 kB
Inactive:         660512 kB
Active(anon):     244660 kB
Inactive(anon):   354256 kB
Active(file):     289412 kB
Inactive(file):   306256 kB
Unevictable:        2136 kB
Mlocked:               0 kB
HighTotal:       1436668 kB
HighFree:         254620 kB
LowTotal:         426284 kB
LowFree:          148372 kB
SwapTotal:       1048572 kB
SwapFree:         996700 kB
Dirty:                32 kB
Writeback:             0 kB
AnonPages:        595440 kB
Mapped:           345428 kB
Shmem:               564 kB
Slab:              42428 kB
SReclaimable:      14476 kB
SUnreclaim:        27952 kB
KernelStack:       11200 kB
PageTables:        41016 kB
NFS_Unstable:          0 kB
Bounce:                0 kB
WritebackTmp:          0 kB
CommitLimit:     1980048 kB
Committed_AS:   84455824 kB
VmallocTotal:     458752 kB
VmallocUsed:      111756 kB
VmallocChunk:     161796 kB
Time pass: 109 sec

---2015-12-18 17:09:26
MemTotal:        1862952 kB
MemFree:          403116 kB
Buffers:            8556 kB
Cached:           590088 kB
SwapCached:         4200 kB
Active:           533572 kB
Inactive:         660752 kB
Active(anon):     244160 kB
Inactive(anon):   354232 kB
Active(file):     289412 kB
Inactive(file):   306520 kB
Unevictable:        2136 kB
Mlocked:               0 kB
HighTotal:       1436668 kB
HighFree:         254744 kB
LowTotal:         426284 kB
LowFree:          148372 kB
SwapTotal:       1048572 kB
SwapFree:         996704 kB
Dirty:                44 kB
Writeback:             0 kB
AnonPages:        594960 kB
Mapped:           345456 kB
Shmem:               564 kB
Slab:              42428 kB
SReclaimable:      14476 kB
SUnreclaim:        27952 kB
KernelStack:       11192 kB
PageTables:        41016 kB
NFS_Unstable:          0 kB
Bounce:                0 kB
WritebackTmp:          0 kB
CommitLimit:     1980048 kB
Committed_AS:   84455976 kB
VmallocTotal:     458752 kB
VmallocUsed:      111780 kB
VmallocChunk:     161796 kB
Time pass: 113 sec

---2015-12-18 17:09:26
MemTotal:        1862952 kB
MemFree:          403124 kB
Buffers:            8556 kB
Cached:           590096 kB
SwapCached:         4200 kB
Active:           533748 kB
Inactive:         660772 kB
Active(anon):     244336 kB
Inactive(anon):   354232 kB
Active(file):     289412 kB
Inactive(file):   306540 kB
Unevictable:        2136 kB
Mlocked:               0 kB
HighTotal:       1436668 kB
HighFree:         254744 kB
LowTotal:         426284 kB
LowFree:          148380 kB
SwapTotal:       1048572 kB
SwapFree:         996704 kB
Dirty:                40 kB
Writeback:             0 kB
AnonPages:        595124 kB
Mapped:           345460 kB
Shmem:               564 kB
Slab:              42424 kB
SReclaimable:      14476 kB
SUnreclaim:        27948 kB
KernelStack:       11192 kB
PageTables:        41016 kB
NFS_Unstable:          0 kB
Bounce:                0 kB
WritebackTmp:          0 kB
CommitLimit:     1980048 kB
Committed_AS:   84456064 kB
VmallocTotal:     458752 kB
VmallocUsed:      111780 kB
VmallocChunk:     161796 kB
Time pass: 116 sec

---2015-12-18 17:09:26
MemTotal:        1862952 kB
MemFree:          402940 kB
Buffers:            8556 kB
Cached:           590096 kB
SwapCached:         4200 kB
Active:           533860 kB
Inactive:         660760 kB
Active(anon):     244448 kB
Inactive(anon):   354220 kB
Active(file):     289412 kB
Inactive(file):   306540 kB
Unevictable:        2136 kB
Mlocked:               0 kB
HighTotal:       1436668 kB
HighFree:         254572 kB
LowTotal:         426284 kB
LowFree:          148368 kB
SwapTotal:       1048572 kB
SwapFree:         996704 kB
Dirty:                 4 kB
Writeback:             0 kB
AnonPages:        595212 kB
Mapped:           345460 kB
Shmem:               564 kB
Slab:              42444 kB
SReclaimable:      14476 kB
SUnreclaim:        27968 kB
KernelStack:       11192 kB
PageTables:        41016 kB
NFS_Unstable:          0 kB
Bounce:                0 kB
WritebackTmp:          0 kB
CommitLimit:     1980048 kB
Committed_AS:   84456096 kB
VmallocTotal:     458752 kB
VmallocUsed:      111780 kB
VmallocChunk:     161796 kB
Time pass: 120 sec

---2015-12-18 17:09:26
MemTotal:        1862952 kB
MemFree:          402708 kB
Buffers:            8564 kB
Cached:           590100 kB
SwapCached:         4200 kB
Active:           534036 kB
Inactive:         660760 kB
Active(anon):     244624 kB
Inactive(anon):   354208 kB
Active(file):     289412 kB
Inactive(file):   306552 kB
Unevictable:        2136 kB
Mlocked:               0 kB
HighTotal:       1436668 kB
HighFree:         254324 kB
LowTotal:         426284 kB
LowFree:          148384 kB
SwapTotal:       1048572 kB
SwapFree:         996708 kB
Dirty:                 8 kB
Writeback:             0 kB
AnonPages:        595380 kB
Mapped:           345460 kB
Shmem:               564 kB
Slab:              42440 kB
SReclaimable:      14476 kB
SUnreclaim:        27964 kB
KernelStack:       11176 kB
PageTables:        41016 kB
NFS_Unstable:          0 kB
Bounce:                0 kB
WritebackTmp:          0 kB
CommitLimit:     1980048 kB
Committed_AS:   84456304 kB
VmallocTotal:     458752 kB
VmallocUsed:      111780 kB
VmallocChunk:     161796 kB
Time pass: 124 sec

---2015-12-18 17:09:26
MemTotal:        1862952 kB
MemFree:          402616 kB
Buffers:            8576 kB
Cached:           590160 kB
SwapCached:         4200 kB
Active:           534204 kB
Inactive:         660716 kB
Active(anon):     244788 kB
Inactive(anon):   354096 kB
Active(file):     289416 kB
Inactive(file):   306620 kB
Unevictable:        2136 kB
Mlocked:               0 kB
HighTotal:       1436668 kB
HighFree:         254200 kB
LowTotal:         426284 kB
LowFree:          148416 kB
SwapTotal:       1048572 kB
SwapFree:         996716 kB
Dirty:                16 kB
Writeback:             0 kB
AnonPages:        595444 kB
Mapped:           345464 kB
Shmem:               564 kB
Slab:              42440 kB
SReclaimable:      14476 kB
SUnreclaim:        27964 kB
KernelStack:       11144 kB
PageTables:        41012 kB
NFS_Unstable:          0 kB
Bounce:                0 kB
WritebackTmp:          0 kB
CommitLimit:     1980048 kB
Committed_AS:   84456224 kB
VmallocTotal:     458752 kB
VmallocUsed:      111780 kB
VmallocChunk:     161796 kB
Time pass: 127 sec

---2015-12-18 17:09:26
MemTotal:        1862952 kB
MemFree:          402492 kB
Buffers:            8576 kB
Cached:           590160 kB
SwapCached:         4200 kB
Active:           534408 kB
Inactive:         660716 kB
Active(anon):     244992 kB
Inactive(anon):   354096 kB
Active(file):     289416 kB
Inactive(file):   306620 kB
Unevictable:        2136 kB
Mlocked:               0 kB
HighTotal:       1436668 kB
HighFree:         254076 kB
LowTotal:         426284 kB
LowFree:          148416 kB
SwapTotal:       1048572 kB
SwapFree:         996716 kB
Dirty:                16 kB
Writeback:             0 kB
AnonPages:        595616 kB
Mapped:           345464 kB
Shmem:               564 kB
Slab:              42440 kB
SReclaimable:      14476 kB
SUnreclaim:        27964 kB
KernelStack:       11144 kB
PageTables:        41012 kB
NFS_Unstable:          0 kB
Bounce:                0 kB
WritebackTmp:          0 kB
CommitLimit:     1980048 kB
Committed_AS:   84456384 kB
VmallocTotal:     458752 kB
VmallocUsed:      111780 kB
VmallocChunk:     161796 kB
Time pass: 131 sec

---2015-12-18 17:09:26
MemTotal:        1862952 kB
MemFree:          402244 kB
Buffers:            8584 kB
Cached:           590160 kB
SwapCached:         4200 kB
Active:           534548 kB
Inactive:         660716 kB
Active(anon):     245132 kB
Inactive(anon):   354096 kB
Active(file):     289416 kB
Inactive(file):   306620 kB
Unevictable:        2136 kB
Mlocked:               0 kB
HighTotal:       1436668 kB
HighFree:         253828 kB
LowTotal:         426284 kB
LowFree:          148416 kB
SwapTotal:       1048572 kB
SwapFree:         996716 kB
Dirty:                 4 kB
Writeback:             0 kB
AnonPages:        595772 kB
Mapped:           345464 kB
Shmem:               564 kB
Slab:              42440 kB
SReclaimable:      14476 kB
SUnreclaim:        27964 kB
KernelStack:       11144 kB
PageTables:        41012 kB
NFS_Unstable:          0 kB
Bounce:                0 kB
WritebackTmp:          0 kB
CommitLimit:     1980048 kB
Committed_AS:   84456504 kB
VmallocTotal:     458752 kB
VmallocUsed:      111780 kB
VmallocChunk:     161796 kB
Time pass: 135 sec

---2015-12-18 17:09:26
MemTotal:        1862952 kB
MemFree:          402120 kB
Buffers:            8584 kB
Cached:           590160 kB
SwapCached:         4200 kB
Active:           534652 kB
Inactive:         660724 kB
Active(anon):     245236 kB
Inactive(anon):   354096 kB
Active(file):     289416 kB
Inactive(file):   306628 kB
Unevictable:        2136 kB
Mlocked:               0 kB
HighTotal:       1436668 kB
HighFree:         253704 kB
LowTotal:         426284 kB
LowFree:          148416 kB
SwapTotal:       1048572 kB
SwapFree:         996716 kB
Dirty:                 4 kB
Writeback:             0 kB
AnonPages:        595888 kB
Mapped:           345464 kB
Shmem:               564 kB
Slab:              42440 kB
SReclaimable:      14476 kB
SUnreclaim:        27964 kB
KernelStack:       11144 kB
PageTables:        41012 kB
NFS_Unstable:          0 kB
Bounce:                0 kB
WritebackTmp:          0 kB
CommitLimit:     1980048 kB
Committed_AS:   84456584 kB
VmallocTotal:     458752 kB
VmallocUsed:      111780 kB
VmallocChunk:     161796 kB
Time pass: 138 sec

---2015-12-18 17:09:26
MemTotal:        1862952 kB
MemFree:          401988 kB
Buffers:            8584 kB
Cached:           590212 kB
SwapCached:         4200 kB
Active:           534840 kB
Inactive:         660776 kB
Active(anon):     245424 kB
Inactive(anon):   354096 kB
Active(file):     289416 kB
Inactive(file):   306680 kB
Unevictable:        2136 kB
Mlocked:               0 kB
HighTotal:       1436668 kB
HighFree:         253580 kB
LowTotal:         426284 kB
LowFree:          148408 kB
SwapTotal:       1048572 kB
SwapFree:         996720 kB
Dirty:                 4 kB
Writeback:             0 kB
AnonPages:        596044 kB
Mapped:           345472 kB
Shmem:               564 kB
Slab:              42440 kB
SReclaimable:      14476 kB
SUnreclaim:        27964 kB
KernelStack:       11136 kB
PageTables:        41012 kB
NFS_Unstable:          0 kB
Bounce:                0 kB
WritebackTmp:          0 kB
CommitLimit:     1980048 kB
Committed_AS:   84456776 kB
VmallocTotal:     458752 kB
VmallocUsed:      111780 kB
VmallocChunk:     161796 kB
Time pass: 142 sec

---2015-12-18 17:09:26
MemTotal:        1862952 kB
MemFree:          397836 kB
Buffers:            8608 kB
Cached:           590900 kB
SwapCached:         4484 kB
Active:           537712 kB
Inactive:         661688 kB
Active(anon):     248216 kB
Inactive(anon):   354376 kB
Active(file):     289496 kB
Inactive(file):   307312 kB
Unevictable:        2136 kB
Mlocked:               0 kB
HighTotal:       1436668 kB
HighFree:         249736 kB
LowTotal:         426284 kB
LowFree:          148100 kB
SwapTotal:       1048572 kB
SwapFree:         996720 kB
Dirty:                 4 kB
Writeback:             0 kB
AnonPages:        598852 kB
Mapped:           345756 kB
Shmem:               564 kB
Slab:              42440 kB
SReclaimable:      14476 kB
SUnreclaim:        27964 kB
KernelStack:       11232 kB
PageTables:        41512 kB
NFS_Unstable:          0 kB
Bounce:                0 kB
WritebackTmp:          0 kB
CommitLimit:     1980048 kB
Committed_AS:   85700080 kB
VmallocTotal:     458752 kB
VmallocUsed:      112800 kB
VmallocChunk:     161796 kB
Time pass: 146 sec

---2015-12-18 17:09:26
MemTotal:        1862952 kB
MemFree:          397884 kB
Buffers:            8616 kB
Cached:           590916 kB
SwapCached:         4496 kB
Active:           537808 kB
Inactive:         661468 kB
Active(anon):     248312 kB
Inactive(anon):   354144 kB
Active(file):     289496 kB
Inactive(file):   307324 kB
Unevictable:        2136 kB
Mlocked:               0 kB
HighTotal:       1436668 kB
HighFree:         249736 kB
LowTotal:         426284 kB
LowFree:          148148 kB
SwapTotal:       1048572 kB
SwapFree:         996728 kB
Dirty:                16 kB
Writeback:             0 kB
AnonPages:        598736 kB
Mapped:           345760 kB
Shmem:               564 kB
Slab:              42440 kB
SReclaimable:      14476 kB
SUnreclaim:        27964 kB
KernelStack:       11184 kB
PageTables:        41508 kB
NFS_Unstable:          0 kB
Bounce:                0 kB
WritebackTmp:          0 kB
CommitLimit:     1980048 kB
Committed_AS:   85699952 kB
VmallocTotal:     458752 kB
VmallocUsed:      112800 kB
VmallocChunk:     161796 kB
Time pass: 149 sec

---2015-12-18 17:09:26
MemTotal:        1862952 kB
MemFree:          397628 kB
Buffers:            8616 kB
Cached:           590916 kB
SwapCached:         4496 kB
Active:           537980 kB
Inactive:         661476 kB
Active(anon):     248480 kB
Inactive(anon):   354144 kB
Active(file):     289500 kB
Inactive(file):   307332 kB
Unevictable:        2136 kB
Mlocked:               0 kB
HighTotal:       1436668 kB
HighFree:         249488 kB
LowTotal:         426284 kB
LowFree:          148140 kB
SwapTotal:       1048572 kB
SwapFree:         996728 kB
Dirty:                16 kB
Writeback:             0 kB
AnonPages:        598892 kB
Mapped:           345760 kB
Shmem:               564 kB
Slab:              42440 kB
SReclaimable:      14476 kB
SUnreclaim:        27964 kB
KernelStack:       11192 kB
PageTables:        41508 kB
NFS_Unstable:          0 kB
Bounce:                0 kB
WritebackTmp:          0 kB
CommitLimit:     1980048 kB
Committed_AS:   85700160 kB
VmallocTotal:     458752 kB
VmallocUsed:      112800 kB
VmallocChunk:     161796 kB
Time pass: 153 sec

---2015-12-18 17:09:26
MemTotal:        1862952 kB
MemFree:          397348 kB
Buffers:            8624 kB
Cached:           591148 kB
SwapCached:         4504 kB
Active:           538348 kB
Inactive:         661724 kB
Active(anon):     248848 kB
Inactive(anon):   354152 kB
Active(file):     289500 kB
Inactive(file):   307572 kB
Unevictable:        2136 kB
Mlocked:               0 kB
HighTotal:       1436668 kB
HighFree:         249240 kB
LowTotal:         426284 kB
LowFree:          148108 kB
SwapTotal:       1048572 kB
SwapFree:         996736 kB
Dirty:                 0 kB
Writeback:             0 kB
AnonPages:        599260 kB
Mapped:           345852 kB
Shmem:               564 kB
Slab:              42432 kB
SReclaimable:      14476 kB
SUnreclaim:        27956 kB
KernelStack:       11184 kB
PageTables:        41508 kB
NFS_Unstable:          0 kB
Bounce:                0 kB
WritebackTmp:          0 kB
CommitLimit:     1980048 kB
Committed_AS:   85700848 kB
VmallocTotal:     458752 kB
VmallocUsed:      112800 kB
VmallocChunk:     161796 kB
Time pass: 157 sec

---2015-12-18 17:09:26
MemTotal:        1862952 kB
MemFree:          397356 kB
Buffers:            8624 kB
Cached:           591156 kB
SwapCached:         4492 kB
Active:           538224 kB
Inactive:         661592 kB
Active(anon):     248724 kB
Inactive(anon):   354012 kB
Active(file):     289500 kB
Inactive(file):   307580 kB
Unevictable:        2136 kB
Mlocked:               0 kB
HighTotal:       1436668 kB
HighFree:         249168 kB
LowTotal:         426284 kB
LowFree:          148188 kB
SwapTotal:       1048572 kB
SwapFree:         996752 kB
Dirty:                16 kB
Writeback:             0 kB
AnonPages:        598988 kB
Mapped:           345848 kB
Shmem:               564 kB
Slab:              42400 kB
SReclaimable:      14476 kB
SUnreclaim:        27924 kB
KernelStack:       11168 kB
PageTables:        41504 kB
NFS_Unstable:          0 kB
Bounce:                0 kB
WritebackTmp:          0 kB
CommitLimit:     1980048 kB
Committed_AS:   85700192 kB
VmallocTotal:     458752 kB
VmallocUsed:      112800 kB
VmallocChunk:     161796 kB
Time pass: 160 sec

---2015-12-18 17:09:26
MemTotal:        1862952 kB
MemFree:          397108 kB
Buffers:            8632 kB
Cached:           591156 kB
SwapCached:         4492 kB
Active:           538376 kB
Inactive:         661596 kB
Active(anon):     248876 kB
Inactive(anon):   354008 kB
Active(file):     289500 kB
Inactive(file):   307588 kB
Unevictable:        2136 kB
Mlocked:               0 kB
HighTotal:       1436668 kB
HighFree:         248920 kB
LowTotal:         426284 kB
LowFree:          148188 kB
SwapTotal:       1048572 kB
SwapFree:         996752 kB
Dirty:                 4 kB
Writeback:             0 kB
AnonPages:        599104 kB
Mapped:           345848 kB
Shmem:               564 kB
Slab:              42400 kB
SReclaimable:      14476 kB
SUnreclaim:        27924 kB
KernelStack:       11168 kB
PageTables:        41504 kB
NFS_Unstable:          0 kB
Bounce:                0 kB
WritebackTmp:          0 kB
CommitLimit:     1980048 kB
Committed_AS:   85700392 kB
VmallocTotal:     458752 kB
VmallocUsed:      112800 kB
VmallocChunk:     161796 kB
Time pass: 164 sec

---2015-12-18 17:09:26
MemTotal:        1862952 kB
MemFree:          396952 kB
Buffers:            8640 kB
Cached:           591156 kB
SwapCached:         4492 kB
Active:           538876 kB
Inactive:         661600 kB
Active(anon):     249376 kB
Inactive(anon):   354004 kB
Active(file):     289500 kB
Inactive(file):   307596 kB
Unevictable:        2136 kB
Mlocked:               0 kB
HighTotal:       1436668 kB
HighFree:         248796 kB
LowTotal:         426284 kB
LowFree:          148156 kB
SwapTotal:       1048572 kB
SwapFree:         996752 kB
Dirty:                 8 kB
Writeback:             0 kB
AnonPages:        599632 kB
Mapped:           345848 kB
Shmem:               564 kB
Slab:              42400 kB
SReclaimable:      14476 kB
SUnreclaim:        27924 kB
KernelStack:       11168 kB
PageTables:        41508 kB
NFS_Unstable:          0 kB
Bounce:                0 kB
WritebackTmp:          0 kB
CommitLimit:     1980048 kB
Committed_AS:   85701468 kB
VmallocTotal:     458752 kB
VmallocUsed:      112800 kB
VmallocChunk:     161796 kB
Time pass: 168 sec

---2015-12-18 17:09:26
MemTotal:        1862952 kB
MemFree:          307404 kB
Buffers:            8672 kB
Cached:           592532 kB
SwapCached:         4932 kB
Active:           578728 kB
Inactive:         659624 kB
Active(anon):     285584 kB
Inactive(anon):   354404 kB
Active(file):     293144 kB
Inactive(file):   305220 kB
Unevictable:        2136 kB
Mlocked:               0 kB
HighTotal:       1436668 kB
HighFree:         167140 kB
LowTotal:         426284 kB
LowFree:          140264 kB
SwapTotal:       1048572 kB
SwapFree:         996788 kB
Dirty:               864 kB
Writeback:             0 kB
AnonPages:        635712 kB
Mapped:           368008 kB
Shmem:               696 kB
Slab:              42332 kB
SReclaimable:      14476 kB
SUnreclaim:        27856 kB
KernelStack:       11704 kB
PageTables:        42568 kB
NFS_Unstable:          0 kB
Bounce:                0 kB
WritebackTmp:          0 kB
CommitLimit:     1980048 kB
Committed_AS:   87033920 kB
VmallocTotal:     458752 kB
VmallocUsed:      114036 kB
VmallocChunk:     161796 kB
Time pass: 171 sec

---2015-12-18 17:09:26
MemTotal:        1862952 kB
MemFree:          249144 kB
Buffers:            8692 kB
Cached:           594132 kB
SwapCached:         4936 kB
Active:           591324 kB
Inactive:         659924 kB
Active(anon):     298660 kB
Inactive(anon):   352636 kB
Active(file):     292664 kB
Inactive(file):   307288 kB
Unevictable:        2136 kB
Mlocked:               0 kB
HighTotal:       1436668 kB
HighFree:         108756 kB
LowTotal:         426284 kB
LowFree:          140388 kB
SwapTotal:       1048572 kB
SwapFree:         996792 kB
Dirty:              1320 kB
Writeback:             0 kB
AnonPages:        647008 kB
Mapped:           377032 kB
Shmem:               696 kB
Slab:              42304 kB
SReclaimable:      14508 kB
SUnreclaim:        27796 kB
KernelStack:       11864 kB
PageTables:        42764 kB
NFS_Unstable:          0 kB
Bounce:                0 kB
WritebackTmp:          0 kB
CommitLimit:     1980048 kB
Committed_AS:   87054248 kB
VmallocTotal:     458752 kB
VmallocUsed:      114324 kB
VmallocChunk:     161796 kB
Time pass: 175 sec

---2015-12-18 17:09:26
MemTotal:        1862952 kB
MemFree:          191476 kB
Buffers:            8700 kB
Cached:           595044 kB
SwapCached:         4936 kB
Active:           600444 kB
Inactive:         659592 kB
Active(anon):     306512 kB
Inactive(anon):   352636 kB
Active(file):     293932 kB
Inactive(file):   306956 kB
Unevictable:        2136 kB
Mlocked:               0 kB
HighTotal:       1436668 kB
HighFree:          77004 kB
LowTotal:         426284 kB
LowFree:          114472 kB
SwapTotal:       1048572 kB
SwapFree:         996796 kB
Dirty:               936 kB
Writeback:             0 kB
AnonPages:        654960 kB
Mapped:           382580 kB
Shmem:               696 kB
Slab:              42264 kB
SReclaimable:      14504 kB
SUnreclaim:        27760 kB
KernelStack:       11776 kB
PageTables:        42836 kB
NFS_Unstable:          0 kB
Bounce:                0 kB
WritebackTmp:          0 kB
CommitLimit:     1980048 kB
Committed_AS:   87062792 kB
VmallocTotal:     458752 kB
VmallocUsed:      114636 kB
VmallocChunk:     161796 kB
Time pass: 179 sec

---2015-12-18 17:09:26
MemTotal:        1862952 kB
MemFree:          176532 kB
Buffers:            8708 kB
Cached:           595020 kB
SwapCached:         4936 kB
Active:           601044 kB
Inactive:         659572 kB
Active(anon):     307084 kB
Inactive(anon):   352636 kB
Active(file):     293960 kB
Inactive(file):   306936 kB
Unevictable:        2136 kB
Mlocked:               0 kB
HighTotal:       1436668 kB
HighFree:          66340 kB
LowTotal:         426284 kB
LowFree:          110192 kB
SwapTotal:       1048572 kB
SwapFree:         996796 kB
Dirty:                92 kB
Writeback:             0 kB
AnonPages:        655392 kB
Mapped:           392208 kB
Shmem:               696 kB
Slab:              42276 kB
SReclaimable:      14512 kB
SUnreclaim:        27764 kB
KernelStack:       11800 kB
PageTables:        42896 kB
NFS_Unstable:          0 kB
Bounce:                0 kB
WritebackTmp:          0 kB
CommitLimit:     1980048 kB
Committed_AS:   87071344 kB
VmallocTotal:     458752 kB
VmallocUsed:      114548 kB
VmallocChunk:     161796 kB
Time pass: 182 sec

---2015-12-18 17:09:26
MemTotal:        1862952 kB
MemFree:          161468 kB
Buffers:            8708 kB
Cached:           595200 kB
SwapCached:         4936 kB
Active:           602584 kB
Inactive:         659480 kB
Active(anon):     308352 kB
Inactive(anon):   352636 kB
Active(file):     294232 kB
Inactive(file):   306844 kB
Unevictable:        2136 kB
Mlocked:               0 kB
HighTotal:       1436668 kB
HighFree:          50988 kB
LowTotal:         426284 kB
LowFree:          110480 kB
SwapTotal:       1048572 kB
SwapFree:         996808 kB
Dirty:               292 kB
Writeback:             0 kB
AnonPages:        656668 kB
Mapped:           404396 kB
Shmem:               696 kB
Slab:              42264 kB
SReclaimable:      14512 kB
SUnreclaim:        27752 kB
KernelStack:       11736 kB
PageTables:        42928 kB
NFS_Unstable:          0 kB
Bounce:                0 kB
WritebackTmp:          0 kB
CommitLimit:     1980048 kB
Committed_AS:   87071424 kB
VmallocTotal:     458752 kB
VmallocUsed:      114508 kB
VmallocChunk:     161796 kB
Time pass: 186 sec

---2015-12-18 17:09:26
MemTotal:        1862952 kB
MemFree:          154956 kB
Buffers:            8716 kB
Cached:           595212 kB
SwapCached:         4936 kB
Active:           614236 kB
Inactive:         659504 kB
Active(anon):     320004 kB
Inactive(anon):   352636 kB
Active(file):     294232 kB
Inactive(file):   306868 kB
Unevictable:        2136 kB
Mlocked:               0 kB
HighTotal:       1436668 kB
HighFree:          44552 kB
LowTotal:         426284 kB
LowFree:          110404 kB
SwapTotal:       1048572 kB
SwapFree:         996808 kB
Dirty:               596 kB
Writeback:             0 kB
AnonPages:        668464 kB
Mapped:           412388 kB
Shmem:               692 kB
Slab:              42272 kB
SReclaimable:      14512 kB
SUnreclaim:        27760 kB
KernelStack:       11856 kB
PageTables:        42948 kB
NFS_Unstable:          0 kB
Bounce:                0 kB
WritebackTmp:          0 kB
CommitLimit:     1980048 kB
Committed_AS:   87090256 kB
VmallocTotal:     458752 kB
VmallocUsed:      114752 kB
VmallocChunk:     161796 kB
Time pass: 190 sec

---2015-12-18 17:09:26
MemTotal:        1862952 kB
MemFree:          135680 kB
Buffers:            8724 kB
Cached:           595220 kB
SwapCached:         4936 kB
Active:           607284 kB
Inactive:         659508 kB
Active(anon):     313052 kB
Inactive(anon):   352636 kB
Active(file):     294232 kB
Inactive(file):   306872 kB
Unevictable:        2136 kB
Mlocked:               0 kB
HighTotal:       1436668 kB
HighFree:          25304 kB
LowTotal:         426284 kB
LowFree:          110376 kB
SwapTotal:       1048572 kB
SwapFree:         996808 kB
Dirty:                56 kB
Writeback:             0 kB
AnonPages:        661376 kB
Mapped:           414696 kB
Shmem:               696 kB
Slab:              42332 kB
SReclaimable:      14496 kB
SUnreclaim:        27836 kB
KernelStack:       11712 kB
PageTables:        43008 kB
NFS_Unstable:          0 kB
Bounce:                0 kB
WritebackTmp:          0 kB
CommitLimit:     1980048 kB
Committed_AS:   87090096 kB
VmallocTotal:     458752 kB
VmallocUsed:      114632 kB
VmallocChunk:     161796 kB
Time pass: 193 sec

---2015-12-18 17:09:26
MemTotal:        1862952 kB
MemFree:          135812 kB
Buffers:            8724 kB
Cached:           595220 kB
SwapCached:         4936 kB
Active:           607316 kB
Inactive:         659516 kB
Active(anon):     313084 kB
Inactive(anon):   352636 kB
Active(file):     294232 kB
Inactive(file):   306880 kB
Unevictable:        2136 kB
Mlocked:               0 kB
HighTotal:       1436668 kB
HighFree:          25428 kB
LowTotal:         426284 kB
LowFree:          110384 kB
SwapTotal:       1048572 kB
SwapFree:         996808 kB
Dirty:                56 kB
Writeback:             0 kB
AnonPages:        661408 kB
Mapped:           414696 kB
Shmem:               696 kB
Slab:              42244 kB
SReclaimable:      14480 kB
SUnreclaim:        27764 kB
KernelStack:       11712 kB
PageTables:        43048 kB
NFS_Unstable:          0 kB
Bounce:                0 kB
WritebackTmp:          0 kB
CommitLimit:     1980048 kB
Committed_AS:   87093756 kB
VmallocTotal:     458752 kB
VmallocUsed:      114632 kB
VmallocChunk:     161796 kB
Time pass: 197 sec

---2015-12-18 17:09:26
MemTotal:        1862952 kB
MemFree:          131844 kB
Buffers:            8724 kB
Cached:           595812 kB
SwapCached:         4976 kB
Active:           608664 kB
Inactive:         660144 kB
Active(anon):     314424 kB
Inactive(anon):   352652 kB
Active(file):     294240 kB
Inactive(file):   307492 kB
Unevictable:        2136 kB
Mlocked:               0 kB
HighTotal:       1436668 kB
HighFree:          22104 kB
LowTotal:         426284 kB
LowFree:          109740 kB
SwapTotal:       1048572 kB
SwapFree:         996812 kB
Dirty:                12 kB
Writeback:             0 kB
AnonPages:        662684 kB
Mapped:           415568 kB
Shmem:               696 kB
Slab:              42296 kB
SReclaimable:      14480 kB
SUnreclaim:        27816 kB
KernelStack:       11752 kB
PageTables:        43028 kB
NFS_Unstable:          0 kB
Bounce:                0 kB
WritebackTmp:          0 kB
CommitLimit:     1980048 kB
Committed_AS:   87091032 kB
VmallocTotal:     458752 kB
VmallocUsed:      114872 kB
VmallocChunk:     161796 kB
Time pass: 200 sec

---2015-12-18 17:09:26
MemTotal:        1862952 kB
MemFree:          119012 kB
Buffers:            8748 kB
Cached:           596008 kB
SwapCached:         4996 kB
Active:           615020 kB
Inactive:         660372 kB
Active(anon):     320772 kB
Inactive(anon):   352776 kB
Active(file):     294248 kB
Inactive(file):   307596 kB
Unevictable:        2136 kB
Mlocked:               0 kB
HighTotal:       1436668 kB
HighFree:          11116 kB
LowTotal:         426284 kB
LowFree:          107896 kB
SwapTotal:       1048572 kB
SwapFree:         996816 kB
Dirty:                64 kB
Writeback:             0 kB
AnonPages:        669240 kB
Mapped:           416704 kB
Shmem:               776 kB
Slab:              42300 kB
SReclaimable:      14496 kB
SUnreclaim:        27804 kB
KernelStack:       11936 kB
PageTables:        43104 kB
NFS_Unstable:          0 kB
Bounce:                0 kB
WritebackTmp:          0 kB
CommitLimit:     1980048 kB
Committed_AS:   87096496 kB
VmallocTotal:     458752 kB
VmallocUsed:      117172 kB
VmallocChunk:     161796 kB
Time pass: 204 sec

---2015-12-18 17:09:26
MemTotal:        1862952 kB
MemFree:          125928 kB
Buffers:            8764 kB
Cached:           596008 kB
SwapCached:         4996 kB
Active:           618188 kB
Inactive:         660396 kB
Active(anon):     323940 kB
Inactive(anon):   352784 kB
Active(file):     294248 kB
Inactive(file):   307612 kB
Unevictable:        2136 kB
Mlocked:               0 kB
HighTotal:       1436668 kB
HighFree:          16876 kB
LowTotal:         426284 kB
LowFree:          109052 kB
SwapTotal:       1048572 kB
SwapFree:         996824 kB
Dirty:                20 kB
Writeback:             0 kB
AnonPages:        672348 kB
Mapped:           414720 kB
Shmem:               776 kB
Slab:              42400 kB
SReclaimable:      14496 kB
SUnreclaim:        27904 kB
KernelStack:       11832 kB
PageTables:        43096 kB
NFS_Unstable:          0 kB
Bounce:                0 kB
WritebackTmp:          0 kB
CommitLimit:     1980048 kB
Committed_AS:   87096744 kB
VmallocTotal:     458752 kB
VmallocUsed:      117332 kB
VmallocChunk:     161796 kB
Time pass: 208 sec

---2015-12-18 17:09:26
MemTotal:        1862952 kB
MemFree:          124616 kB
Buffers:            8764 kB
Cached:           596016 kB
SwapCached:         4996 kB
Active:           620000 kB
Inactive:         660408 kB
Active(anon):     325752 kB
Inactive(anon):   352796 kB
Active(file):     294248 kB
Inactive(file):   307612 kB
Unevictable:        2136 kB
Mlocked:               0 kB
HighTotal:       1436668 kB
HighFree:          15380 kB
LowTotal:         426284 kB
LowFree:          109236 kB
SwapTotal:       1048572 kB
SwapFree:         996824 kB
Dirty:                 0 kB
Writeback:             0 kB
AnonPages:        674144 kB
Mapped:           414388 kB
Shmem:               784 kB
Slab:              42336 kB
SReclaimable:      14496 kB
SUnreclaim:        27840 kB
KernelStack:       11904 kB
PageTables:        43096 kB
NFS_Unstable:          0 kB
Bounce:                0 kB
WritebackTmp:          0 kB
CommitLimit:     1980048 kB
Committed_AS:   87096928 kB
VmallocTotal:     458752 kB
VmallocUsed:      117252 kB
VmallocChunk:     161796 kB
Time pass: 211 sec

---2015-12-18 17:09:26
MemTotal:        1862952 kB
MemFree:          123268 kB
Buffers:            8788 kB
Cached:           595996 kB
SwapCached:         4996 kB
Active:           621708 kB
Inactive:         660416 kB
Active(anon):     327464 kB
Inactive(anon):   352796 kB
Active(file):     294244 kB
Inactive(file):   307620 kB
Unevictable:        2136 kB
Mlocked:               0 kB
HighTotal:       1436668 kB
HighFree:          13752 kB
LowTotal:         426284 kB
LowFree:          109516 kB
SwapTotal:       1048572 kB
SwapFree:         996824 kB
Dirty:                32 kB
Writeback:             4 kB
AnonPages:        675828 kB
Mapped:           414464 kB
Shmem:               784 kB
Slab:              42344 kB
SReclaimable:      14496 kB
SUnreclaim:        27848 kB
KernelStack:       11960 kB
PageTables:        43096 kB
NFS_Unstable:          0 kB
Bounce:                0 kB
WritebackTmp:          0 kB
CommitLimit:     1980048 kB
Committed_AS:   87098048 kB
VmallocTotal:     458752 kB
VmallocUsed:      117172 kB
VmallocChunk:     161796 kB
Time pass: 215 sec

---2015-12-18 17:09:26
MemTotal:        1862952 kB
MemFree:          105764 kB
Buffers:            8788 kB
Cached:           596112 kB
SwapCached:         4996 kB
Active:           623056 kB
Inactive:         660440 kB
Active(anon):     328804 kB
Inactive(anon):   352804 kB
Active(file):     294252 kB
Inactive(file):   307636 kB
Unevictable:        2136 kB
Mlocked:               0 kB
HighTotal:       1436668 kB
HighFree:           2996 kB
LowTotal:         426284 kB
LowFree:          102768 kB
SwapTotal:       1048572 kB
SwapFree:         996828 kB
Dirty:                 8 kB
Writeback:             0 kB
AnonPages:        677324 kB
Mapped:           414620 kB
Shmem:               876 kB
Slab:              42524 kB
SReclaimable:      14592 kB
SUnreclaim:        27932 kB
KernelStack:       11896 kB
PageTables:        43188 kB
NFS_Unstable:          0 kB
Bounce:                0 kB
WritebackTmp:          0 kB
CommitLimit:     1980048 kB
Committed_AS:   87100216 kB
VmallocTotal:     458752 kB
VmallocUsed:      118996 kB
VmallocChunk:     161796 kB
Time pass: 219 sec

---2015-12-18 17:09:26
MemTotal:        1862952 kB
MemFree:          106400 kB
Buffers:            8812 kB
Cached:           596096 kB
SwapCached:         4996 kB
Active:           623340 kB
Inactive:         660472 kB
Active(anon):     329084 kB
Inactive(anon):   352832 kB
Active(file):     294256 kB
Inactive(file):   307640 kB
Unevictable:        2136 kB
Mlocked:               0 kB
HighTotal:       1436668 kB
HighFree:           3000 kB
LowTotal:         426284 kB
LowFree:          103400 kB
SwapTotal:       1048572 kB
SwapFree:         996828 kB
Dirty:                44 kB
Writeback:             0 kB
AnonPages:        677572 kB
Mapped:           414624 kB
Shmem:               876 kB
Slab:              42464 kB
SReclaimable:      14624 kB
SUnreclaim:        27840 kB
KernelStack:       11960 kB
PageTables:        43188 kB
NFS_Unstable:          0 kB
Bounce:                0 kB
WritebackTmp:          0 kB
CommitLimit:     1980048 kB
Committed_AS:   87100448 kB
VmallocTotal:     458752 kB
VmallocUsed:      118996 kB
VmallocChunk:     161796 kB
Time pass: 222 sec

---2015-12-18 17:09:26
MemTotal:        1862952 kB
MemFree:          107832 kB
Buffers:            8812 kB
Cached:           596112 kB
SwapCached:         4996 kB
Active:           622576 kB
Inactive:         660488 kB
Active(anon):     328320 kB
Inactive(anon):   352832 kB
Active(file):     294256 kB
Inactive(file):   307656 kB
Unevictable:        2136 kB
Mlocked:               0 kB
HighTotal:       1436668 kB
HighFree:           4568 kB
LowTotal:         426284 kB
LowFree:          103264 kB
SwapTotal:       1048572 kB
SwapFree:         996828 kB
Dirty:                44 kB
Writeback:             0 kB
AnonPages:        676680 kB
Mapped:           414624 kB
Shmem:               876 kB
Slab:              42424 kB
SReclaimable:      14616 kB
SUnreclaim:        27808 kB
KernelStack:       11928 kB
PageTables:        43172 kB
NFS_Unstable:          0 kB
Bounce:                0 kB
WritebackTmp:          0 kB
CommitLimit:     1980048 kB
Committed_AS:   87100512 kB
VmallocTotal:     458752 kB
VmallocUsed:      118996 kB
VmallocChunk:     161796 kB
Time pass: 226 sec

---2015-12-18 17:09:26
MemTotal:        1862952 kB
MemFree:          107500 kB
Buffers:            8820 kB
Cached:           596112 kB
SwapCached:         4996 kB
Active:           623024 kB
Inactive:         660496 kB
Active(anon):     328768 kB
Inactive(anon):   352832 kB
Active(file):     294256 kB
Inactive(file):   307664 kB
Unevictable:        2136 kB
Mlocked:               0 kB
HighTotal:       1436668 kB
HighFree:           4956 kB
LowTotal:         426284 kB
LowFree:          102544 kB
SwapTotal:       1048572 kB
SwapFree:         996828 kB
Dirty:                36 kB
Writeback:             0 kB
AnonPages:        677112 kB
Mapped:           414624 kB
Shmem:               876 kB
Slab:              42396 kB
SReclaimable:      14576 kB
SUnreclaim:        27820 kB
KernelStack:       11832 kB
PageTables:        43172 kB
NFS_Unstable:          0 kB
Bounce:                0 kB
WritebackTmp:          0 kB
CommitLimit:     1980048 kB
Committed_AS:   87100568 kB
VmallocTotal:     458752 kB
VmallocUsed:      118996 kB
VmallocChunk:     161796 kB
Time pass: 230 sec

---2015-12-18 17:09:26
MemTotal:        1862952 kB
MemFree:          107492 kB
Buffers:            8836 kB
Cached:           596136 kB
SwapCached:         5000 kB
Active:           623248 kB
Inactive:         660536 kB
Active(anon):     328992 kB
Inactive(anon):   352856 kB
Active(file):     294256 kB
Inactive(file):   307680 kB
Unevictable:        2136 kB
Mlocked:               0 kB
HighTotal:       1436668 kB
HighFree:           4732 kB
LowTotal:         426284 kB
LowFree:          102760 kB
SwapTotal:       1048572 kB
SwapFree:         996832 kB
Dirty:                 0 kB
Writeback:             0 kB
AnonPages:        677440 kB
Mapped:           414652 kB
Shmem:               900 kB
Slab:              42412 kB
SReclaimable:      14536 kB
SUnreclaim:        27876 kB
KernelStack:       11832 kB
PageTables:        43172 kB
NFS_Unstable:          0 kB
Bounce:                0 kB
WritebackTmp:          0 kB
CommitLimit:     1980048 kB
Committed_AS:   87100736 kB
VmallocTotal:     458752 kB
VmallocUsed:      118996 kB
VmallocChunk:     161796 kB
Time pass: 234 sec

---2015-12-18 17:09:26
MemTotal:        1862952 kB
MemFree:          106812 kB
Buffers:            8852 kB
Cached:           596136 kB
SwapCached:         5000 kB
Active:           623472 kB
Inactive:         660552 kB
Active(anon):     329216 kB
Inactive(anon):   352856 kB
Active(file):     294256 kB
Inactive(file):   307696 kB
Unevictable:        2136 kB
Mlocked:               0 kB
HighTotal:       1436668 kB
HighFree:           4204 kB
LowTotal:         426284 kB
LowFree:          102608 kB
SwapTotal:       1048572 kB
SwapFree:         996832 kB
Dirty:                48 kB
Writeback:             0 kB
AnonPages:        677568 kB
Mapped:           414652 kB
Shmem:               900 kB
Slab:              42420 kB
SReclaimable:      14536 kB
SUnreclaim:        27884 kB
KernelStack:       11824 kB
PageTables:        43172 kB
NFS_Unstable:          0 kB
Bounce:                0 kB
WritebackTmp:          0 kB
CommitLimit:     1980048 kB
Committed_AS:   87100808 kB
VmallocTotal:     458752 kB
VmallocUsed:      118996 kB
VmallocChunk:     161796 kB
Time pass: 237 sec

---2015-12-18 17:09:26
MemTotal:        1862952 kB
MemFree:          106228 kB
Buffers:            8860 kB
Cached:           596144 kB
SwapCached:         5000 kB
Active:           623580 kB
Inactive:         660564 kB
Active(anon):     329324 kB
Inactive(anon):   352860 kB
Active(file):     294256 kB
Inactive(file):   307704 kB
Unevictable:        2136 kB
Mlocked:               0 kB
HighTotal:       1436668 kB
HighFree:           4412 kB
LowTotal:         426284 kB
LowFree:          101816 kB
SwapTotal:       1048572 kB
SwapFree:         996832 kB
Dirty:                36 kB
Writeback:             0 kB
AnonPages:        677776 kB
Mapped:           414660 kB
Shmem:               908 kB
Slab:              42436 kB
SReclaimable:      14528 kB
SUnreclaim:        27908 kB
KernelStack:       11920 kB
PageTables:        43172 kB
NFS_Unstable:          0 kB
Bounce:                0 kB
WritebackTmp:          0 kB
CommitLimit:     1980048 kB
Committed_AS:   87100968 kB
VmallocTotal:     458752 kB
VmallocUsed:      118996 kB
VmallocChunk:     161796 kB
Time pass: 241 sec

---2015-12-18 17:09:26
MemTotal:        1862952 kB
MemFree:          106288 kB
Buffers:            8876 kB
Cached:           596148 kB
SwapCached:         5000 kB
Active:           624156 kB
Inactive:         660580 kB
Active(anon):     329900 kB
Inactive(anon):   352860 kB
Active(file):     294256 kB
Inactive(file):   307720 kB
Unevictable:        2136 kB
Mlocked:               0 kB
HighTotal:       1436668 kB
HighFree:           5068 kB
LowTotal:         426284 kB
LowFree:          101220 kB
SwapTotal:       1048572 kB
SwapFree:         996832 kB
Dirty:                44 kB
Writeback:             0 kB
AnonPages:        678192 kB
Mapped:           414600 kB
Shmem:               908 kB
Slab:              42448 kB
SReclaimable:      14528 kB
SUnreclaim:        27920 kB
KernelStack:       11824 kB
PageTables:        43172 kB
NFS_Unstable:          0 kB
Bounce:                0 kB
WritebackTmp:          0 kB
CommitLimit:     1980048 kB
Committed_AS:   87101096 kB
VmallocTotal:     458752 kB
VmallocUsed:      118916 kB
VmallocChunk:     161796 kB
Time pass: 245 sec

---2015-12-18 17:09:26
MemTotal:        1862952 kB
MemFree:          105208 kB
Buffers:            8884 kB
Cached:           596152 kB
SwapCached:         4996 kB
Active:           624348 kB
Inactive:         660584 kB
Active(anon):     330088 kB
Inactive(anon):   352856 kB
Active(file):     294260 kB
Inactive(file):   307728 kB
Unevictable:        2136 kB
Mlocked:               0 kB
HighTotal:       1436668 kB
HighFree:           4288 kB
LowTotal:         426284 kB
LowFree:          100920 kB
SwapTotal:       1048572 kB
SwapFree:         996836 kB
Dirty:                40 kB
Writeback:             0 kB
AnonPages:        678460 kB
Mapped:           414660 kB
Shmem:               908 kB
Slab:              42512 kB
SReclaimable:      14528 kB
SUnreclaim:        27984 kB
KernelStack:       11840 kB
PageTables:        43172 kB
NFS_Unstable:          0 kB
Bounce:                0 kB
WritebackTmp:          0 kB
CommitLimit:     1980048 kB
Committed_AS:   87101176 kB
VmallocTotal:     458752 kB
VmallocUsed:      118996 kB
VmallocChunk:     161796 kB
Time pass: 249 sec

---2015-12-18 17:09:26
MemTotal:        1862952 kB
MemFree:          104976 kB
Buffers:            8900 kB
Cached:           596200 kB
SwapCached:         4996 kB
Active:           624972 kB
Inactive:         660648 kB
Active(anon):     330712 kB
Inactive(anon):   352900 kB
Active(file):     294260 kB
Inactive(file):   307748 kB
Unevictable:        2136 kB
Mlocked:               0 kB
HighTotal:       1436668 kB
HighFree:           3852 kB
LowTotal:         426284 kB
LowFree:          101124 kB
SwapTotal:       1048572 kB
SwapFree:         996836 kB
Dirty:                52 kB
Writeback:             0 kB
AnonPages:        679080 kB
Mapped:           414728 kB
Shmem:               956 kB
Slab:              42504 kB
SReclaimable:      14544 kB
SUnreclaim:        27960 kB
KernelStack:       11848 kB
PageTables:        43192 kB
NFS_Unstable:          0 kB
Bounce:                0 kB
WritebackTmp:          0 kB
CommitLimit:     1980048 kB
Committed_AS:   87101368 kB
VmallocTotal:     458752 kB
VmallocUsed:      118996 kB
VmallocChunk:     161796 kB
Time pass: 252 sec

---2015-12-18 17:09:26
MemTotal:        1862952 kB
MemFree:          104236 kB
Buffers:            8908 kB
Cached:           596200 kB
SwapCached:         4996 kB
Active:           625576 kB
Inactive:         660652 kB
Active(anon):     331312 kB
Inactive(anon):   352900 kB
Active(file):     294264 kB
Inactive(file):   307752 kB
Unevictable:        2136 kB
Mlocked:               0 kB
HighTotal:       1436668 kB
HighFree:           3564 kB
LowTotal:         426284 kB
LowFree:          100672 kB
SwapTotal:       1048572 kB
SwapFree:         996836 kB
Dirty:                44 kB
Writeback:             0 kB
AnonPages:        679588 kB
Mapped:           414744 kB
Shmem:               956 kB
Slab:              42468 kB
SReclaimable:      14544 kB
SUnreclaim:        27924 kB
KernelStack:       11936 kB
PageTables:        43288 kB
NFS_Unstable:          0 kB
Bounce:                0 kB
WritebackTmp:          0 kB
CommitLimit:     1980048 kB
Committed_AS:   87105020 kB
VmallocTotal:     458752 kB
VmallocUsed:      118996 kB
VmallocChunk:     161796 kB
Time pass: 256 sec

---2015-12-18 17:09:26
MemTotal:        1862952 kB
MemFree:          105916 kB
Buffers:            8924 kB
Cached:           596204 kB
SwapCached:         4996 kB
Active:           624648 kB
Inactive:         660660 kB
Active(anon):     330384 kB
Inactive(anon):   352900 kB
Active(file):     294264 kB
Inactive(file):   307760 kB
Unevictable:        2136 kB
Mlocked:               0 kB
HighTotal:       1436668 kB
HighFree:           4024 kB
LowTotal:         426284 kB
LowFree:          101892 kB
SwapTotal:       1048572 kB
SwapFree:         996836 kB
Dirty:                44 kB
Writeback:             0 kB
AnonPages:        678748 kB
Mapped:           414748 kB
Shmem:               960 kB
Slab:              42444 kB
SReclaimable:      14544 kB
SUnreclaim:        27900 kB
KernelStack:       11840 kB
PageTables:        43176 kB
NFS_Unstable:          0 kB
Bounce:                0 kB
WritebackTmp:          0 kB
CommitLimit:     1980048 kB
Committed_AS:   87103576 kB
VmallocTotal:     458752 kB
VmallocUsed:      118996 kB
VmallocChunk:     161796 kB
Time pass: 260 sec

---2015-12-18 17:09:26
MemTotal:        1862952 kB
MemFree:          103972 kB
Buffers:            8940 kB
Cached:           596220 kB
SwapCached:         4996 kB
Active:           625120 kB
Inactive:         660704 kB
Active(anon):     330856 kB
Inactive(anon):   352920 kB
Active(file):     294264 kB
Inactive(file):   307784 kB
Unevictable:        2136 kB
Mlocked:               0 kB
HighTotal:       1436668 kB
HighFree:           2996 kB
LowTotal:         426284 kB
LowFree:          100976 kB
SwapTotal:       1048572 kB
SwapFree:         996840 kB
Dirty:                40 kB
Writeback:             0 kB
AnonPages:        679112 kB
Mapped:           414764 kB
Shmem:               976 kB
Slab:              42444 kB
SReclaimable:      14544 kB
SUnreclaim:        27900 kB
KernelStack:       11912 kB
PageTables:        43180 kB
NFS_Unstable:          0 kB
Bounce:                0 kB
WritebackTmp:          0 kB
CommitLimit:     1980048 kB
Committed_AS:   87103752 kB
VmallocTotal:     458752 kB
VmallocUsed:      118996 kB
VmallocChunk:     161796 kB
Time pass: 264 sec

---2015-12-18 17:09:26
MemTotal:        1862952 kB
MemFree:          104152 kB
Buffers:            8940 kB
Cached:           596220 kB
SwapCached:         4996 kB
Active:           625572 kB
Inactive:         660700 kB
Active(anon):     331308 kB
Inactive(anon):   352916 kB
Active(file):     294264 kB
Inactive(file):   307784 kB
Unevictable:        2136 kB
Mlocked:               0 kB
HighTotal:       1436668 kB
HighFree:           3392 kB
LowTotal:         426284 kB
LowFree:          100760 kB
SwapTotal:       1048572 kB
SwapFree:         996840 kB
Dirty:                44 kB
Writeback:             0 kB
AnonPages:        679660 kB
Mapped:           414704 kB
Shmem:               976 kB
Slab:              42572 kB
SReclaimable:      14544 kB
SUnreclaim:        28028 kB
KernelStack:       11936 kB
PageTables:        43180 kB
NFS_Unstable:          0 kB
Bounce:                0 kB
WritebackTmp:          0 kB
CommitLimit:     1980048 kB
Committed_AS:   87103848 kB
VmallocTotal:     458752 kB
VmallocUsed:      118916 kB
VmallocChunk:     161796 kB
Time pass: 267 sec

---2015-12-18 17:09:26
MemTotal:        1862952 kB
MemFree:          104264 kB
Buffers:            8964 kB
Cached:           596208 kB
SwapCached:         4996 kB
Active:           625672 kB
Inactive:         660712 kB
Active(anon):     331408 kB
Inactive(anon):   352916 kB
Active(file):     294264 kB
Inactive(file):   307796 kB
Unevictable:        2136 kB
Mlocked:               0 kB
HighTotal:       1436668 kB
HighFree:           3924 kB
LowTotal:         426284 kB
LowFree:          100340 kB
SwapTotal:       1048572 kB
SwapFree:         996840 kB
Dirty:                48 kB
Writeback:             0 kB
AnonPages:        679644 kB
Mapped:           414584 kB
Shmem:               976 kB
Slab:              42708 kB
SReclaimable:      14544 kB
SUnreclaim:        28164 kB
KernelStack:       11864 kB
PageTables:        43180 kB
NFS_Unstable:          0 kB
Bounce:                0 kB
WritebackTmp:          0 kB
CommitLimit:     1980048 kB
Committed_AS:   87103928 kB
VmallocTotal:     458752 kB
VmallocUsed:      118916 kB
VmallocChunk:     161796 kB
Time pass: 271 sec

---2015-12-18 17:09:26
MemTotal:        1862952 kB
MemFree:          103128 kB
Buffers:            8964 kB
Cached:           596224 kB
SwapCached:         5036 kB
Active:           625500 kB
Inactive:         660756 kB
Active(anon):     331232 kB
Inactive(anon):   352948 kB
Active(file):     294268 kB
Inactive(file):   307808 kB
Unevictable:        2136 kB
Mlocked:               0 kB
HighTotal:       1436668 kB
HighFree:           2544 kB
LowTotal:         426284 kB
LowFree:          100584 kB
SwapTotal:       1048572 kB
SwapFree:         996908 kB
Dirty:                 4 kB
Writeback:             0 kB
AnonPages:        679552 kB
Mapped:           414584 kB
Shmem:               976 kB
Slab:              42504 kB
SReclaimable:      14544 kB
SUnreclaim:        27960 kB
KernelStack:       11824 kB
PageTables:        43180 kB
NFS_Unstable:          0 kB
Bounce:                0 kB
WritebackTmp:          0 kB
CommitLimit:     1980048 kB
Committed_AS:   87104128 kB
VmallocTotal:     458752 kB
VmallocUsed:      118996 kB
VmallocChunk:     161796 kB
Time pass: 275 sec

---2015-12-18 17:09:26
MemTotal:        1862952 kB
MemFree:          105228 kB
Buffers:            8972 kB
Cached:           596224 kB
SwapCached:         5036 kB
Active:           624892 kB
Inactive:         660620 kB
Active(anon):     330624 kB
Inactive(anon):   352804 kB
Active(file):     294268 kB
Inactive(file):   307816 kB
Unevictable:        2136 kB
Mlocked:               0 kB
HighTotal:       1436668 kB
HighFree:           5212 kB
LowTotal:         426284 kB
LowFree:          100016 kB
SwapTotal:       1048572 kB
SwapFree:         996908 kB
Dirty:                48 kB
Writeback:             0 kB
AnonPages:        678744 kB
Mapped:           414584 kB
Shmem:               976 kB
Slab:              42468 kB
SReclaimable:      14536 kB
SUnreclaim:        27932 kB
KernelStack:       11824 kB
PageTables:        43180 kB
NFS_Unstable:          0 kB
Bounce:                0 kB
WritebackTmp:          0 kB
CommitLimit:     1980048 kB
Committed_AS:   87104180 kB
VmallocTotal:     458752 kB
VmallocUsed:      118996 kB
VmallocChunk:     161796 kB
Time pass: 278 sec

---2015-12-18 17:09:26
MemTotal:        1862952 kB
MemFree:          104400 kB
Buffers:            8988 kB
Cached:           596224 kB
SwapCached:         5032 kB
Active:           625448 kB
Inactive:         660548 kB
Active(anon):     331180 kB
Inactive(anon):   352716 kB
Active(file):     294268 kB
Inactive(file):   307832 kB
Unevictable:        2136 kB
Mlocked:               0 kB
HighTotal:       1436668 kB
HighFree:           4700 kB
LowTotal:         426284 kB
LowFree:           99700 kB
SwapTotal:       1048572 kB
SwapFree:         996920 kB
Dirty:                48 kB
Writeback:             0 kB
AnonPages:        679388 kB
Mapped:           414776 kB
Shmem:               976 kB
Slab:              42496 kB
SReclaimable:      14536 kB
SUnreclaim:        27960 kB
KernelStack:       11848 kB
PageTables:        43180 kB
NFS_Unstable:          0 kB
Bounce:                0 kB
WritebackTmp:          0 kB
CommitLimit:     1980048 kB
Committed_AS:   87104416 kB
VmallocTotal:     458752 kB
VmallocUsed:      118996 kB
VmallocChunk:     161796 kB
Time pass: 282 sec

---2015-12-18 17:09:26
MemTotal:        1862952 kB
MemFree:          103480 kB
Buffers:            8996 kB
Cached:           596224 kB
SwapCached:         5032 kB
Active:           625864 kB
Inactive:         660552 kB
Active(anon):     331596 kB
Inactive(anon):   352712 kB
Active(file):     294268 kB
Inactive(file):   307840 kB
Unevictable:        2136 kB
Mlocked:               0 kB
HighTotal:       1436668 kB
HighFree:           4152 kB
LowTotal:         426284 kB
LowFree:           99328 kB
SwapTotal:       1048572 kB
SwapFree:         996920 kB
Dirty:                40 kB
Writeback:             0 kB
AnonPages:        679644 kB
Mapped:           414716 kB
Shmem:               976 kB
Slab:              42508 kB
SReclaimable:      14536 kB
SUnreclaim:        27972 kB
KernelStack:       11936 kB
PageTables:        43180 kB
NFS_Unstable:          0 kB
Bounce:                0 kB
WritebackTmp:          0 kB
CommitLimit:     1980048 kB
Committed_AS:   87104496 kB
VmallocTotal:     458752 kB
VmallocUsed:      118916 kB
VmallocChunk:     161796 kB
Time pass: 286 sec

---2015-12-18 17:09:26
MemTotal:        1862952 kB
MemFree:          103328 kB
Buffers:            9020 kB
Cached:           596228 kB
SwapCached:         5032 kB
Active:           627324 kB
Inactive:         660576 kB
Active(anon):     333056 kB
Inactive(anon):   352708 kB
Active(file):     294268 kB
Inactive(file):   307868 kB
Unevictable:        2136 kB
Mlocked:               0 kB
HighTotal:       1436668 kB
HighFree:           3268 kB
LowTotal:         426284 kB
LowFree:          100060 kB
SwapTotal:       1048572 kB
SwapFree:         996920 kB
Dirty:                56 kB
Writeback:             0 kB
AnonPages:        681332 kB
Mapped:           414596 kB
Shmem:               976 kB
Slab:              42456 kB
SReclaimable:      14536 kB
SUnreclaim:        27920 kB
KernelStack:       11864 kB
PageTables:        43180 kB
NFS_Unstable:          0 kB
Bounce:                0 kB
WritebackTmp:          0 kB
CommitLimit:     1980048 kB
Committed_AS:   87105008 kB
VmallocTotal:     458752 kB
VmallocUsed:      118916 kB
VmallocChunk:     161796 kB
Time pass: 289 sec

---2015-12-18 17:09:26
MemTotal:        1862952 kB
MemFree:          100388 kB
Buffers:            9036 kB
Cached:           596236 kB
SwapCached:         5044 kB
Active:           628440 kB
Inactive:         660556 kB
Active(anon):     334336 kB
Inactive(anon):   352696 kB
Active(file):     294104 kB
Inactive(file):   307860 kB
Unevictable:        2388 kB
Mlocked:             116 kB
HighTotal:       1436668 kB
HighFree:           3148 kB
LowTotal:         426284 kB
LowFree:           97240 kB
SwapTotal:       1048572 kB
SwapFree:         996920 kB
Dirty:                32 kB
Writeback:             0 kB
AnonPages:        682492 kB
Mapped:           414752 kB
Shmem:               944 kB
Slab:              42548 kB
SReclaimable:      14536 kB
SUnreclaim:        28012 kB
KernelStack:       11952 kB
PageTables:        43180 kB
NFS_Unstable:          0 kB
Bounce:                0 kB
WritebackTmp:          0 kB
CommitLimit:     1980048 kB
Committed_AS:   87105308 kB
VmallocTotal:     458752 kB
VmallocUsed:      118996 kB
VmallocChunk:     161796 kB
Time pass: 293 sec

---2015-12-18 17:09:26
MemTotal:        1862952 kB
MemFree:          101576 kB
Buffers:            9048 kB
Cached:           596248 kB
SwapCached:         5044 kB
Active:           628124 kB
Inactive:         660688 kB
Active(anon):     333924 kB
Inactive(anon):   352704 kB
Active(file):     294200 kB
Inactive(file):   307984 kB
Unevictable:        2136 kB
Mlocked:               0 kB
HighTotal:       1436668 kB
HighFree:           3524 kB
LowTotal:         426284 kB
LowFree:           98052 kB
SwapTotal:       1048572 kB
SwapFree:         996924 kB
Dirty:                88 kB
Writeback:             0 kB
AnonPages:        682084 kB
Mapped:           414784 kB
Shmem:               976 kB
Slab:              42460 kB
SReclaimable:      14536 kB
SUnreclaim:        27924 kB
KernelStack:       11832 kB
PageTables:        43180 kB
NFS_Unstable:          0 kB
Bounce:                0 kB
WritebackTmp:          0 kB
CommitLimit:     1980048 kB
Committed_AS:   87105344 kB
VmallocTotal:     458752 kB
VmallocUsed:      118996 kB
VmallocChunk:     161796 kB
Time pass: 297 sec

---2015-12-18 17:09:26
MemTotal:        1862952 kB
MemFree:          102108 kB
Buffers:            9064 kB
Cached:           596248 kB
SwapCached:         5044 kB
Active:           628040 kB
Inactive:         660648 kB
Active(anon):     333792 kB
Inactive(anon):   352696 kB
Active(file):     294248 kB
Inactive(file):   307952 kB
Unevictable:        2136 kB
Mlocked:               0 kB
HighTotal:       1436668 kB
HighFree:           3820 kB
LowTotal:         426284 kB
LowFree:           98288 kB
SwapTotal:       1048572 kB
SwapFree:         996924 kB
Dirty:                80 kB
Writeback:             0 kB
AnonPages:        682068 kB
Mapped:           414784 kB
Shmem:               976 kB
Slab:              42452 kB
SReclaimable:      14536 kB
SUnreclaim:        27916 kB
KernelStack:       11832 kB
PageTables:        43180 kB
NFS_Unstable:          0 kB
Bounce:                0 kB
WritebackTmp:          0 kB
CommitLimit:     1980048 kB
Committed_AS:   87105432 kB
VmallocTotal:     458752 kB
VmallocUsed:      118996 kB
VmallocChunk:     161796 kB
Time pass: 301 sec

---2015-12-18 17:09:26
MemTotal:        1862952 kB
MemFree:          100272 kB
Buffers:            9072 kB
Cached:           596248 kB
SwapCached:         5044 kB
Active:           628076 kB
Inactive:         660648 kB
Active(anon):     333828 kB
Inactive(anon):   352696 kB
Active(file):     294248 kB
Inactive(file):   307952 kB
Unevictable:        2136 kB
Mlocked:               0 kB
HighTotal:       1436668 kB
HighFree:           4020 kB
LowTotal:         426284 kB
LowFree:           96252 kB
SwapTotal:       1048572 kB
SwapFree:         996924 kB
Dirty:                36 kB
Writeback:             0 kB
AnonPages:        682084 kB
Mapped:           414784 kB
Shmem:               976 kB
Slab:              42428 kB
SReclaimable:      14536 kB
SUnreclaim:        27892 kB
KernelStack:       11920 kB
PageTables:        43180 kB
NFS_Unstable:          0 kB
Bounce:                0 kB
WritebackTmp:          0 kB
CommitLimit:     1980048 kB
Committed_AS:   87105632 kB
VmallocTotal:     458752 kB
VmallocUsed:      118996 kB
VmallocChunk:     161796 kB
Time pass: 304 sec

---2015-12-18 17:09:26
MemTotal:        1862952 kB
MemFree:          101208 kB
Buffers:            9088 kB
Cached:           596248 kB
SwapCached:         5044 kB
Active:           629144 kB
Inactive:         660672 kB
Active(anon):     334896 kB
Inactive(anon):   352696 kB
Active(file):     294248 kB
Inactive(file):   307976 kB
Unevictable:        2136 kB
Mlocked:               0 kB
HighTotal:       1436668 kB
HighFree:           3688 kB
LowTotal:         426284 kB
LowFree:           97520 kB
SwapTotal:       1048572 kB
SwapFree:         996924 kB
Dirty:                56 kB
Writeback:             0 kB
AnonPages:        683012 kB
Mapped:           414604 kB
Shmem:               976 kB
Slab:              42448 kB
SReclaimable:      14536 kB
SUnreclaim:        27912 kB
KernelStack:       11912 kB
PageTables:        43180 kB
NFS_Unstable:          0 kB
Bounce:                0 kB
WritebackTmp:          0 kB
CommitLimit:     1980048 kB
Committed_AS:   87105696 kB
VmallocTotal:     458752 kB
VmallocUsed:      118916 kB
VmallocChunk:     161796 kB
Time pass: 308 sec

---2015-12-18 17:09:26
MemTotal:        1862952 kB
MemFree:          100260 kB
Buffers:            9088 kB
Cached:           596332 kB
SwapCached:         5044 kB
Active:           629520 kB
Inactive:         660756 kB
Active(anon):     335272 kB
Inactive(anon):   352780 kB
Active(file):     294248 kB
Inactive(file):   307976 kB
Unevictable:        2136 kB
Mlocked:               0 kB
HighTotal:       1436668 kB
HighFree:           3544 kB
LowTotal:         426284 kB
LowFree:           96716 kB
SwapTotal:       1048572 kB
SwapFree:         996924 kB
Dirty:                 4 kB
Writeback:             0 kB
AnonPages:        683220 kB
Mapped:           414688 kB
Shmem:              1060 kB
Slab:              42488 kB
SReclaimable:      14536 kB
SUnreclaim:        27952 kB
KernelStack:       11872 kB
PageTables:        43180 kB
NFS_Unstable:          0 kB
Bounce:                0 kB
WritebackTmp:          0 kB
CommitLimit:     1980048 kB
Committed_AS:   87105872 kB
VmallocTotal:     458752 kB
VmallocUsed:      118916 kB
VmallocChunk:     161796 kB
Time pass: 312 sec

---2015-12-18 17:09:26
MemTotal:        1862952 kB
MemFree:           99908 kB
Buffers:            9112 kB
Cached:           596336 kB
SwapCached:         5044 kB
Active:           629868 kB
Inactive:         660764 kB
Active(anon):     335620 kB
Inactive(anon):   352776 kB
Active(file):     294248 kB
Inactive(file):   307988 kB
Unevictable:        2136 kB
Mlocked:               0 kB
HighTotal:       1436668 kB
HighFree:           3324 kB
LowTotal:         426284 kB
LowFree:           96584 kB
SwapTotal:       1048572 kB
SwapFree:         996924 kB
Dirty:                56 kB
Writeback:             0 kB
AnonPages:        683620 kB
Mapped:           414812 kB
Shmem:              1060 kB
Slab:              42628 kB
SReclaimable:      14536 kB
SUnreclaim:        28092 kB
KernelStack:       11960 kB
PageTables:        43180 kB
NFS_Unstable:          0 kB
Bounce:                0 kB
WritebackTmp:          0 kB
CommitLimit:     1980048 kB
Committed_AS:   87105984 kB
VmallocTotal:     458752 kB
VmallocUsed:      118916 kB
VmallocChunk:     161796 kB
Time pass: 315 sec

---2015-12-18 17:09:26
MemTotal:        1862952 kB
MemFree:           99700 kB
Buffers:            9112 kB
Cached:           596336 kB
SwapCached:         5044 kB
Active:           630092 kB
Inactive:         660776 kB
Active(anon):     335840 kB
Inactive(anon):   352776 kB
Active(file):     294252 kB
Inactive(file):   308000 kB
Unevictable:        2136 kB
Mlocked:               0 kB
HighTotal:       1436668 kB
HighFree:           2960 kB
LowTotal:         426284 kB
LowFree:           96740 kB
SwapTotal:       1048572 kB
SwapFree:         996924 kB
Dirty:                60 kB
Writeback:             0 kB
AnonPages:        683956 kB
Mapped:           414812 kB
Shmem:              1060 kB
Slab:              42632 kB
SReclaimable:      14536 kB
SUnreclaim:        28096 kB
KernelStack:       11832 kB
PageTables:        43180 kB
NFS_Unstable:          0 kB
Bounce:                0 kB
WritebackTmp:          0 kB
CommitLimit:     1980048 kB
Committed_AS:   87108112 kB
VmallocTotal:     458752 kB
VmallocUsed:      118916 kB
VmallocChunk:     161796 kB
Time pass: 319 sec

---2015-12-18 17:09:26
MemTotal:        1862952 kB
MemFree:           99372 kB
Buffers:            9120 kB
Cached:           596336 kB
SwapCached:         5044 kB
Active:           629708 kB
Inactive:         660784 kB
Active(anon):     335456 kB
Inactive(anon):   352776 kB
Active(file):     294252 kB
Inactive(file):   308008 kB
Unevictable:        2136 kB
Mlocked:               0 kB
HighTotal:       1436668 kB
HighFree:           2452 kB
LowTotal:         426284 kB
LowFree:           96920 kB
SwapTotal:       1048572 kB
SwapFree:         996924 kB
Dirty:                40 kB
Writeback:             0 kB
AnonPages:        683536 kB
Mapped:           414688 kB
Shmem:              1060 kB
Slab:              42596 kB
SReclaimable:      14536 kB
SUnreclaim:        28060 kB
KernelStack:       11848 kB
PageTables:        43184 kB
NFS_Unstable:          0 kB
Bounce:                0 kB
WritebackTmp:          0 kB
CommitLimit:     1980048 kB
Committed_AS:   87108304 kB
VmallocTotal:     458752 kB
VmallocUsed:      118996 kB
VmallocChunk:     161796 kB
Time pass: 323 sec

---2015-12-18 17:09:26
MemTotal:        1862952 kB
MemFree:          100124 kB
Buffers:            9136 kB
Cached:           596336 kB
SwapCached:         5044 kB
Active:           629972 kB
Inactive:         660800 kB
Active(anon):     335720 kB
Inactive(anon):   352776 kB
Active(file):     294252 kB
Inactive(file):   308024 kB
Unevictable:        2136 kB
Mlocked:               0 kB
HighTotal:       1436668 kB
HighFree:           2568 kB
LowTotal:         426284 kB
LowFree:           97556 kB
SwapTotal:       1048572 kB
SwapFree:         996924 kB
Dirty:                 4 kB
Writeback:             0 kB
AnonPages:        683608 kB
Mapped:           414688 kB
Shmem:              1060 kB
Slab:              42424 kB
SReclaimable:      14536 kB
SUnreclaim:        27888 kB
KernelStack:       11896 kB
PageTables:        43184 kB
NFS_Unstable:          0 kB
Bounce:                0 kB
WritebackTmp:          0 kB
CommitLimit:     1980048 kB
Committed_AS:   87108376 kB
VmallocTotal:     458752 kB
VmallocUsed:      118916 kB
VmallocChunk:     161796 kB
Time pass: 326 sec

---2015-12-18 17:09:26
MemTotal:        1862952 kB
MemFree:           99968 kB
Buffers:            9144 kB
Cached:           596336 kB
SwapCached:         5040 kB
Active:           630300 kB
Inactive:         660800 kB
Active(anon):     336048 kB
Inactive(anon):   352768 kB
Active(file):     294252 kB
Inactive(file):   308032 kB
Unevictable:        2136 kB
Mlocked:               0 kB
HighTotal:       1436668 kB
HighFree:           3268 kB
LowTotal:         426284 kB
LowFree:           96700 kB
SwapTotal:       1048572 kB
SwapFree:         996928 kB
Dirty:                36 kB
Writeback:             0 kB
AnonPages:        684112 kB
Mapped:           414876 kB
