---2015-12-16 17:19:16
MemTotal:        2746844 kB
MemFree:           93172 kB
Buffers:           10332 kB
Cached:           998816 kB
SwapCached:         2668 kB
Active:           882692 kB
Inactive:         977500 kB
Active(anon):     424068 kB
Inactive(anon):   446520 kB
Active(file):     458624 kB
Inactive(file):   530980 kB
Unevictable:       35812 kB
Mlocked:           27768 kB
SwapTotal:       1310716 kB
SwapFree:        1260876 kB
Dirty:                 0 kB
Writeback:             0 kB
AnonPages:        885372 kB
Mapped:           461384 kB
Shmem:               436 kB
Slab:             107784 kB
SReclaimable:      31672 kB
SUnreclaim:        76112 kB
KernelStack:       32640 kB
PageTables:        56992 kB
NFS_Unstable:          0 kB
Bounce:                0 kB
WritebackTmp:          0 kB
CommitLimit:     2684136 kB
Committed_AS:   139859012 kB
VmallocTotal:   251658176 kB
VmallocUsed:      298404 kB
VmallocChunk:   247561408 kB
Time pass: 3 sec

---2015-12-16 17:19:16
MemTotal:        2746844 kB
MemFree:           91760 kB
Buffers:           10332 kB
Cached:           998840 kB
SwapCached:         2668 kB
Active:           883176 kB
Inactive:         977520 kB
Active(anon):     424548 kB
Inactive(anon):   446520 kB
Active(file):     458628 kB
Inactive(file):   531000 kB
Unevictable:       35812 kB
Mlocked:           27768 kB
SwapTotal:       1310716 kB
SwapFree:        1260876 kB
Dirty:                 0 kB
Writeback:             0 kB
AnonPages:        885560 kB
Mapped:           461484 kB
Shmem:               436 kB
Slab:             107784 kB
SReclaimable:      31672 kB
SUnreclaim:        76112 kB
KernelStack:       32624 kB
PageTables:        57020 kB
NFS_Unstable:          0 kB
Bounce:                0 kB
WritebackTmp:          0 kB
CommitLimit:     2684136 kB
Committed_AS:   139859028 kB
VmallocTotal:   251658176 kB
VmallocUsed:      298404 kB
VmallocChunk:   247561408 kB
Time pass: 7 sec

---2015-12-16 17:19:16
MemTotal:        2746844 kB
MemFree:           91324 kB
Buffers:           10332 kB
Cached:           998840 kB
SwapCached:         2668 kB
Active:           883472 kB
Inactive:         977520 kB
Active(anon):     424844 kB
Inactive(anon):   446520 kB
Active(file):     458628 kB
Inactive(file):   531000 kB
Unevictable:       35812 kB
Mlocked:           27768 kB
SwapTotal:       1310716 kB
SwapFree:        1260876 kB
Dirty:                 0 kB
Writeback:             0 kB
AnonPages:        885640 kB
Mapped:           461568 kB
Shmem:               436 kB
Slab:             107784 kB
SReclaimable:      31672 kB
SUnreclaim:        76112 kB
KernelStack:       32624 kB
PageTables:        57036 kB
NFS_Unstable:          0 kB
Bounce:                0 kB
WritebackTmp:          0 kB
CommitLimit:     2684136 kB
Committed_AS:   139859020 kB
VmallocTotal:   251658176 kB
VmallocUsed:      298404 kB
VmallocChunk:   247561408 kB
Time pass: 10 sec

---2015-12-16 17:19:16
MemTotal:        2746844 kB
MemFree:           91252 kB
Buffers:           10332 kB
Cached:           998840 kB
SwapCached:         2668 kB
Active:           883656 kB
Inactive:         977520 kB
Active(anon):     425028 kB
Inactive(anon):   446520 kB
Active(file):     458628 kB
Inactive(file):   531000 kB
Unevictable:       35812 kB
Mlocked:           27768 kB
SwapTotal:       1310716 kB
SwapFree:        1260876 kB
Dirty:                 0 kB
Writeback:             0 kB
AnonPages:        885876 kB
Mapped:           461652 kB
Shmem:               436 kB
Slab:             107784 kB
SReclaimable:      31672 kB
SUnreclaim:        76112 kB
KernelStack:       32608 kB
PageTables:        57076 kB
NFS_Unstable:          0 kB
Bounce:                0 kB
WritebackTmp:          0 kB
CommitLimit:     2684136 kB
Committed_AS:   139858996 kB
VmallocTotal:   251658176 kB
VmallocUsed:      298404 kB
VmallocChunk:   247561408 kB
Time pass: 14 sec

---2015-12-16 17:19:16
MemTotal:        2746844 kB
MemFree:           91268 kB
Buffers:           10332 kB
Cached:           998840 kB
SwapCached:         2668 kB
Active:           883760 kB
Inactive:         977492 kB
Active(anon):     425132 kB
Inactive(anon):   446492 kB
Active(file):     458628 kB
Inactive(file):   531000 kB
Unevictable:       35812 kB
Mlocked:           27768 kB
SwapTotal:       1310716 kB
SwapFree:        1260876 kB
Dirty:                 0 kB
Writeback:             0 kB
AnonPages:        885956 kB
Mapped:           461652 kB
Shmem:               436 kB
Slab:             107836 kB
SReclaimable:      31672 kB
SUnreclaim:        76164 kB
KernelStack:       32592 kB
PageTables:        57076 kB
NFS_Unstable:          0 kB
Bounce:                0 kB
WritebackTmp:          0 kB
CommitLimit:     2684136 kB
Committed_AS:   139858980 kB
VmallocTotal:   251658176 kB
VmallocUsed:      298404 kB
VmallocChunk:   247561408 kB
Time pass: 17 sec

---2015-12-16 17:19:16
MemTotal:        2746844 kB
MemFree:           91328 kB
Buffers:           10332 kB
Cached:           998840 kB
SwapCached:         2668 kB
Active:           883856 kB
Inactive:         977492 kB
Active(anon):     425228 kB
Inactive(anon):   446492 kB
Active(file):     458628 kB
Inactive(file):   531000 kB
Unevictable:       35812 kB
Mlocked:           27768 kB
SwapTotal:       1310716 kB
SwapFree:        1260876 kB
Dirty:                 0 kB
Writeback:             0 kB
AnonPages:        886132 kB
Mapped:           461568 kB
Shmem:               436 kB
Slab:             107860 kB
SReclaimable:      31672 kB
SUnreclaim:        76188 kB
KernelStack:       32592 kB
PageTables:        57052 kB
NFS_Unstable:          0 kB
Bounce:                0 kB
WritebackTmp:          0 kB
CommitLimit:     2684136 kB
Committed_AS:   139858964 kB
VmallocTotal:   251658176 kB
VmallocUsed:      298404 kB
VmallocChunk:   247561408 kB
Time pass: 21 sec

---2015-12-16 17:19:16
MemTotal:        2746844 kB
MemFree:           63356 kB
Buffers:            9684 kB
Cached:           960672 kB
SwapCached:         2908 kB
Active:           912512 kB
Inactive:         934212 kB
Active(anon):     444604 kB
Inactive(anon):   452060 kB
Active(file):     467908 kB
Inactive(file):   482152 kB
Unevictable:       35812 kB
Mlocked:           27768 kB
SwapTotal:       1310716 kB
SwapFree:        1260900 kB
Dirty:               828 kB
Writeback:             0 kB
AnonPages:        911224 kB
Mapped:           481688 kB
Shmem:               936 kB
Slab:             107960 kB
SReclaimable:      31728 kB
SUnreclaim:        76232 kB
KernelStack:       33360 kB
PageTables:        57648 kB
NFS_Unstable:          0 kB
Bounce:                0 kB
WritebackTmp:          0 kB
CommitLimit:     2684136 kB
Committed_AS:   141161344 kB
VmallocTotal:   251658176 kB
VmallocUsed:      303888 kB
VmallocChunk:   247561408 kB
Time pass: 24 sec

---2015-12-16 17:19:16
MemTotal:        2746844 kB
MemFree:           72104 kB
Buffers:            8092 kB
Cached:           860784 kB
SwapCached:         3028 kB
Active:           855772 kB
Inactive:         866236 kB
Active(anon):     431484 kB
Inactive(anon):   441616 kB
Active(file):     424288 kB
Inactive(file):   424620 kB
Unevictable:       35812 kB
Mlocked:           27768 kB
SwapTotal:       1310716 kB
SwapFree:        1217092 kB
Dirty:              2104 kB
Writeback:             0 kB
AnonPages:        886996 kB
Mapped:           479464 kB
Shmem:               488 kB
Slab:             109008 kB
SReclaimable:      31968 kB
SUnreclaim:        77040 kB
KernelStack:       34032 kB
PageTables:        58260 kB
NFS_Unstable:          0 kB
Bounce:                0 kB
WritebackTmp:          0 kB
CommitLimit:     2684136 kB
Committed_AS:   141189708 kB
VmallocTotal:   251658176 kB
VmallocUsed:      308948 kB
VmallocChunk:   247561408 kB
Time pass: 28 sec

---2015-12-16 17:19:16
MemTotal:        2746844 kB
MemFree:           93352 kB
Buffers:            8136 kB
Cached:           863488 kB
SwapCached:         2984 kB
Active:           843076 kB
Inactive:         856324 kB
Active(anon):     418408 kB
Inactive(anon):   429116 kB
Active(file):     424668 kB
Inactive(file):   427208 kB
Unevictable:       35812 kB
Mlocked:           27768 kB
SwapTotal:       1310716 kB
SwapFree:        1217748 kB
Dirty:               360 kB
Writeback:             0 kB
AnonPages:        861364 kB
Mapped:           479652 kB
Shmem:               568 kB
Slab:             108992 kB
SReclaimable:      31968 kB
SUnreclaim:        77024 kB
KernelStack:       34016 kB
PageTables:        58088 kB
NFS_Unstable:          0 kB
Bounce:                0 kB
WritebackTmp:          0 kB
CommitLimit:     2684136 kB
Committed_AS:   141160980 kB
VmallocTotal:   251658176 kB
VmallocUsed:      308948 kB
VmallocChunk:   247561408 kB
Time pass: 32 sec

---2015-12-16 17:19:16
MemTotal:        2746844 kB
MemFree:           94236 kB
Buffers:            8144 kB
Cached:           863396 kB
SwapCached:         2984 kB
Active:           841840 kB
Inactive:         856192 kB
Active(anon):     417184 kB
Inactive(anon):   428988 kB
Active(file):     424656 kB
Inactive(file):   427204 kB
Unevictable:       35812 kB
Mlocked:           27768 kB
SwapTotal:       1310716 kB
SwapFree:        1217748 kB
Dirty:                92 kB
Writeback:             0 kB
AnonPages:        860660 kB
Mapped:           479620 kB
Shmem:               568 kB
Slab:             108916 kB
SReclaimable:      31936 kB
SUnreclaim:        76980 kB
KernelStack:       34000 kB
PageTables:        58092 kB
NFS_Unstable:          0 kB
Bounce:                0 kB
WritebackTmp:          0 kB
CommitLimit:     2684136 kB
Committed_AS:   141160996 kB
VmallocTotal:   251658176 kB
VmallocUsed:      308948 kB
VmallocChunk:   247561408 kB
Time pass: 36 sec

---2015-12-16 17:19:16
MemTotal:        2746844 kB
MemFree:           93620 kB
Buffers:            8144 kB
Cached:           863396 kB
SwapCached:         2984 kB
Active:           842164 kB
Inactive:         856180 kB
Active(anon):     417508 kB
Inactive(anon):   428976 kB
Active(file):     424656 kB
Inactive(file):   427204 kB
Unevictable:       35812 kB
Mlocked:           27768 kB
SwapTotal:       1310716 kB
SwapFree:        1217748 kB
Dirty:                92 kB
Writeback:             0 kB
AnonPages:        860800 kB
Mapped:           479772 kB
Shmem:               568 kB
Slab:             108940 kB
SReclaimable:      31936 kB
SUnreclaim:        77004 kB
KernelStack:       33952 kB
PageTables:        58124 kB
NFS_Unstable:          0 kB
Bounce:                0 kB
WritebackTmp:          0 kB
CommitLimit:     2684136 kB
Committed_AS:   141160892 kB
VmallocTotal:   251658176 kB
VmallocUsed:      308948 kB
VmallocChunk:   247561408 kB
Time pass: 39 sec

---2015-12-16 17:19:16
MemTotal:        2746844 kB
MemFree:           65728 kB
Buffers:            8236 kB
Cached:           877668 kB
SwapCached:         3056 kB
Active:           849488 kB
Inactive:         869752 kB
Active(anon):     424828 kB
Inactive(anon):   428976 kB
Active(file):     424660 kB
Inactive(file):   440776 kB
Unevictable:       35812 kB
Mlocked:           27768 kB
SwapTotal:       1310716 kB
SwapFree:        1217748 kB
Dirty:                32 kB
Writeback:             0 kB
AnonPages:        868856 kB
Mapped:           482788 kB
Shmem:               568 kB
Slab:             109048 kB
SReclaimable:      31936 kB
SUnreclaim:        77112 kB
KernelStack:       33952 kB
PageTables:        58088 kB
NFS_Unstable:          0 kB
Bounce:                0 kB
WritebackTmp:          0 kB
CommitLimit:     2684136 kB
Committed_AS:   141163864 kB
VmallocTotal:   251658176 kB
VmallocUsed:      309100 kB
VmallocChunk:   247561408 kB
Time pass: 43 sec

---2015-12-16 17:19:16
MemTotal:        2746844 kB
MemFree:           67400 kB
Buffers:            8064 kB
Cached:           840068 kB
SwapCached:         3092 kB
Active:           843972 kB
Inactive:         844032 kB
Active(anon):     429144 kB
Inactive(anon):   429656 kB
Active(file):     414828 kB
Inactive(file):   414376 kB
Unevictable:       35812 kB
Mlocked:           27768 kB
SwapTotal:       1310716 kB
SwapFree:        1205712 kB
Dirty:                 0 kB
Writeback:             0 kB
AnonPages:        872672 kB
Mapped:           482348 kB
Shmem:               568 kB
Slab:             109264 kB
SReclaimable:      32112 kB
SUnreclaim:        77152 kB
KernelStack:       34256 kB
PageTables:        58380 kB
NFS_Unstable:          0 kB
Bounce:                0 kB
WritebackTmp:          0 kB
CommitLimit:     2684136 kB
Committed_AS:   141164144 kB
VmallocTotal:   251658176 kB
VmallocUsed:      309736 kB
VmallocChunk:   247561408 kB
Time pass: 46 sec

---2015-12-16 17:19:16
MemTotal:        2746844 kB
MemFree:           68732 kB
Buffers:            7840 kB
Cached:           833024 kB
SwapCached:         3096 kB
Active:           839244 kB
Inactive:         844080 kB
Active(anon):     429424 kB
Inactive(anon):   432944 kB
Active(file):     409820 kB
Inactive(file):   411136 kB
Unevictable:       35812 kB
Mlocked:           27768 kB
SwapTotal:       1310716 kB
SwapFree:        1202928 kB
Dirty:               160 kB
Writeback:             0 kB
AnonPages:        876568 kB
Mapped:           482844 kB
Shmem:               568 kB
Slab:             109388 kB
SReclaimable:      32192 kB
SUnreclaim:        77196 kB
KernelStack:       34272 kB
PageTables:        58400 kB
NFS_Unstable:          0 kB
Bounce:                0 kB
WritebackTmp:          0 kB
CommitLimit:     2684136 kB
Committed_AS:   141166396 kB
VmallocTotal:   251658176 kB
VmallocUsed:      313712 kB
VmallocChunk:   247561408 kB
Time pass: 49 sec

---2015-12-16 17:19:16
MemTotal:        2746844 kB
MemFree:           71536 kB
Buffers:            7380 kB
Cached:           779108 kB
SwapCached:         3848 kB
Active:           819972 kB
Inactive:         827948 kB
Active(anon):     436048 kB
Inactive(anon):   444868 kB
Active(file):     383924 kB
Inactive(file):   383080 kB
Unevictable:       35812 kB
Mlocked:           27768 kB
SwapTotal:       1310716 kB
SwapFree:        1196692 kB
Dirty:              1344 kB
Writeback:            12 kB
AnonPages:        894208 kB
Mapped:           482008 kB
Shmem:               572 kB
Slab:             109516 kB
SReclaimable:      31948 kB
SUnreclaim:        77568 kB
KernelStack:       34464 kB
PageTables:        58444 kB
NFS_Unstable:          0 kB
Bounce:                0 kB
WritebackTmp:          0 kB
CommitLimit:     2684136 kB
Committed_AS:   141203560 kB
VmallocTotal:   251658176 kB
VmallocUsed:      314608 kB
VmallocChunk:   247561408 kB
Time pass: 53 sec

---2015-12-16 17:19:16
MemTotal:        2746844 kB
MemFree:           82936 kB
Buffers:            7416 kB
Cached:           780136 kB
SwapCached:         3848 kB
Active:           806580 kB
Inactive:         825360 kB
Active(anon):     423112 kB
Inactive(anon):   440996 kB
Active(file):     383468 kB
Inactive(file):   384364 kB
Unevictable:       35812 kB
Mlocked:           27768 kB
SwapTotal:       1310716 kB
SwapFree:        1196692 kB
Dirty:              6348 kB
Writeback:             0 kB
AnonPages:        877604 kB
Mapped:           482712 kB
Shmem:               568 kB
Slab:             109432 kB
SReclaimable:      31964 kB
SUnreclaim:        77468 kB
KernelStack:       34480 kB
PageTables:        58408 kB
NFS_Unstable:          0 kB
Bounce:                0 kB
WritebackTmp:          0 kB
CommitLimit:     2684136 kB
Committed_AS:   141203800 kB
VmallocTotal:   251658176 kB
VmallocUsed:      314608 kB
VmallocChunk:   247561408 kB
Time pass: 57 sec

---2015-12-16 17:19:16
MemTotal:        2746844 kB
MemFree:           82420 kB
Buffers:            7424 kB
Cached:           780136 kB
SwapCached:         3848 kB
Active:           806640 kB
Inactive:         825412 kB
Active(anon):     423172 kB
Inactive(anon):   440996 kB
Active(file):     383468 kB
Inactive(file):   384416 kB
Unevictable:       35812 kB
Mlocked:           27768 kB
SwapTotal:       1310716 kB
SwapFree:        1196692 kB
Dirty:                52 kB
Writeback:             0 kB
AnonPages:        877976 kB
Mapped:           482712 kB
Shmem:               568 kB
Slab:             109432 kB
SReclaimable:      31964 kB
SUnreclaim:        77468 kB
KernelStack:       34480 kB
PageTables:        58412 kB
NFS_Unstable:          0 kB
Bounce:                0 kB
WritebackTmp:          0 kB
CommitLimit:     2684136 kB
Committed_AS:   141203864 kB
VmallocTotal:   251658176 kB
VmallocUsed:      314608 kB
VmallocChunk:   247561408 kB
Time pass: 60 sec

---2015-12-16 17:19:16
MemTotal:        2746844 kB
MemFree:           73696 kB
Buffers:            7412 kB
Cached:           776716 kB
SwapCached:         3848 kB
Active:           802208 kB
Inactive:         822756 kB
Active(anon):     420248 kB
Inactive(anon):   440336 kB
Active(file):     381960 kB
Inactive(file):   382420 kB
Unevictable:       35812 kB
Mlocked:           27768 kB
SwapTotal:       1310716 kB
SwapFree:        1196612 kB
Dirty:               236 kB
Writeback:             0 kB
AnonPages:        874424 kB
Mapped:           482764 kB
Shmem:               568 kB
Slab:             109432 kB
SReclaimable:      31964 kB
SUnreclaim:        77468 kB
KernelStack:       34480 kB
PageTables:        58424 kB
NFS_Unstable:          0 kB
Bounce:                0 kB
WritebackTmp:          0 kB
CommitLimit:     2684136 kB
Committed_AS:   141203928 kB
VmallocTotal:   251658176 kB
VmallocUsed:      314632 kB
VmallocChunk:   247561408 kB
Time pass: 64 sec

---2015-12-16 17:19:16
MemTotal:        2746844 kB
MemFree:           73020 kB
Buffers:            7420 kB
Cached:           776716 kB
SwapCached:         3848 kB
Active:           802248 kB
Inactive:         822836 kB
Active(anon):     420288 kB
Inactive(anon):   440336 kB
Active(file):     381960 kB
Inactive(file):   382500 kB
Unevictable:       35812 kB
Mlocked:           27768 kB
SwapTotal:       1310716 kB
SwapFree:        1196612 kB
Dirty:               160 kB
Writeback:             0 kB
AnonPages:        874516 kB
Mapped:           482772 kB
Shmem:               568 kB
Slab:             109488 kB
SReclaimable:      31964 kB
SUnreclaim:        77524 kB
KernelStack:       34480 kB
PageTables:        58408 kB
NFS_Unstable:          0 kB
Bounce:                0 kB
WritebackTmp:          0 kB
CommitLimit:     2684136 kB
Committed_AS:   141203968 kB
VmallocTotal:   251658176 kB
VmallocUsed:      314632 kB
VmallocChunk:   247561408 kB
Time pass: 68 sec

---2015-12-16 17:19:16
MemTotal:        2746844 kB
MemFree:           73000 kB
Buffers:            7428 kB
Cached:           776716 kB
SwapCached:         3848 kB
Active:           802764 kB
Inactive:         822840 kB
Active(anon):     420804 kB
Inactive(anon):   440332 kB
Active(file):     381960 kB
Inactive(file):   382508 kB
Unevictable:       35812 kB
Mlocked:           27768 kB
SwapTotal:       1310716 kB
SwapFree:        1196612 kB
Dirty:                 0 kB
Writeback:             0 kB
AnonPages:        874640 kB
Mapped:           482856 kB
Shmem:               568 kB
Slab:             109424 kB
SReclaimable:      31964 kB
SUnreclaim:        77460 kB
KernelStack:       34480 kB
PageTables:        58436 kB
NFS_Unstable:          0 kB
Bounce:                0 kB
WritebackTmp:          0 kB
CommitLimit:     2684136 kB
Committed_AS:   141203960 kB
VmallocTotal:   251658176 kB
VmallocUsed:      314632 kB
VmallocChunk:   247561408 kB
Time pass: 71 sec

---2015-12-16 17:19:16
MemTotal:        2746844 kB
MemFree:           67220 kB
Buffers:            7016 kB
Cached:           728740 kB
SwapCached:         3856 kB
Active:           791756 kB
Inactive:         793444 kB
Active(anon):     433976 kB
Inactive(anon):   435440 kB
Active(file):     357780 kB
Inactive(file):   358004 kB
Unevictable:       35812 kB
Mlocked:           27768 kB
SwapTotal:       1310716 kB
SwapFree:        1194412 kB
Dirty:               504 kB
Writeback:             0 kB
AnonPages:        883304 kB
Mapped:           482988 kB
Shmem:               568 kB
Slab:             109576 kB
SReclaimable:      32008 kB
SUnreclaim:        77568 kB
KernelStack:       34480 kB
PageTables:        58428 kB
NFS_Unstable:          0 kB
Bounce:                0 kB
WritebackTmp:          0 kB
CommitLimit:     2684136 kB
Committed_AS:   141204168 kB
VmallocTotal:   251658176 kB
VmallocUsed:      312136 kB
VmallocChunk:   247561408 kB
Time pass: 75 sec

---2015-12-16 17:19:16
MemTotal:        2746844 kB
MemFree:           65580 kB
Buffers:            7024 kB
Cached:           726852 kB
SwapCached:         3860 kB
Active:           791896 kB
Inactive:         794040 kB
Active(anon):     436020 kB
Inactive(anon):   437248 kB
Active(file):     355876 kB
Inactive(file):   356792 kB
Unevictable:       35812 kB
Mlocked:           27768 kB
SwapTotal:       1310716 kB
SwapFree:        1194408 kB
Dirty:                56 kB
Writeback:             0 kB
AnonPages:        887280 kB
Mapped:           485164 kB
Shmem:               568 kB
Slab:             109620 kB
SReclaimable:      32008 kB
SUnreclaim:        77612 kB
KernelStack:       34496 kB
PageTables:        58436 kB
NFS_Unstable:          0 kB
Bounce:                0 kB
WritebackTmp:          0 kB
CommitLimit:     2684136 kB
Committed_AS:   141204436 kB
VmallocTotal:   251658176 kB
VmallocUsed:      312136 kB
VmallocChunk:   247561408 kB
Time pass: 78 sec

---2015-12-16 17:19:16
MemTotal:        2746844 kB
MemFree:           65104 kB
Buffers:            6800 kB
Cached:           713352 kB
SwapCached:         4008 kB
Active:           797716 kB
Inactive:         789604 kB
Active(anon):     445508 kB
Inactive(anon):   441516 kB
Active(file):     352208 kB
Inactive(file):   348088 kB
Unevictable:       35812 kB
Mlocked:           27768 kB
SwapTotal:       1310716 kB
SwapFree:        1193976 kB
Dirty:               384 kB
Writeback:             0 kB
AnonPages:        900224 kB
Mapped:           487428 kB
Shmem:               732 kB
Slab:             110048 kB
SReclaimable:      31932 kB
SUnreclaim:        78116 kB
KernelStack:       34960 kB
PageTables:        58568 kB
NFS_Unstable:          0 kB
Bounce:                0 kB
WritebackTmp:          0 kB
CommitLimit:     2684136 kB
Committed_AS:   141216392 kB
VmallocTotal:   251658176 kB
VmallocUsed:      314252 kB
VmallocChunk:   247561408 kB
Time pass: 81 sec

---2015-12-16 17:19:16
MemTotal:        2746844 kB
MemFree:           65560 kB
Buffers:            6696 kB
Cached:           707080 kB
SwapCached:         4028 kB
Active:           794568 kB
Inactive:         789804 kB
Active(anon):     445016 kB
Inactive(anon):   445064 kB
Active(file):     349552 kB
Inactive(file):   344740 kB
Unevictable:       35812 kB
Mlocked:           27768 kB
SwapTotal:       1310716 kB
SwapFree:        1192588 kB
Dirty:                60 kB
Writeback:             0 kB
AnonPages:        904048 kB
Mapped:           487412 kB
Shmem:               764 kB
Slab:             110044 kB
SReclaimable:      31932 kB
SUnreclaim:        78112 kB
KernelStack:       34848 kB
PageTables:        58564 kB
NFS_Unstable:          0 kB
Bounce:                0 kB
WritebackTmp:          0 kB
CommitLimit:     2684136 kB
Committed_AS:   141224632 kB
VmallocTotal:   251658176 kB
VmallocUsed:      318504 kB
VmallocChunk:   247561408 kB
Time pass: 85 sec

---2015-12-16 17:19:16
MemTotal:        2746844 kB
MemFree:           66092 kB
Buffers:            6816 kB
Cached:           706064 kB
SwapCached:         4036 kB
Active:           794100 kB
Inactive:         790220 kB
Active(anon):     445796 kB
Inactive(anon):   446240 kB
Active(file):     348304 kB
Inactive(file):   343980 kB
Unevictable:       35812 kB
Mlocked:           27768 kB
SwapTotal:       1310716 kB
SwapFree:        1191820 kB
Dirty:                 0 kB
Writeback:             0 kB
AnonPages:        904668 kB
Mapped:           488200 kB
Shmem:              1456 kB
Slab:             110084 kB
SReclaimable:      31964 kB
SUnreclaim:        78120 kB
KernelStack:       34816 kB
PageTables:        58696 kB
NFS_Unstable:          0 kB
Bounce:                0 kB
WritebackTmp:          0 kB
CommitLimit:     2684136 kB
Committed_AS:   141225112 kB
VmallocTotal:   251658176 kB
VmallocUsed:      318504 kB
VmallocChunk:   247561408 kB
Time pass: 88 sec

---2015-12-16 17:19:16
MemTotal:        2746844 kB
MemFree:           65944 kB
Buffers:            6856 kB
Cached:           706128 kB
SwapCached:         4040 kB
Active:           796380 kB
Inactive:         790216 kB
Active(anon):     448060 kB
Inactive(anon):   446160 kB
Active(file):     348320 kB
Inactive(file):   344056 kB
Unevictable:       35812 kB
Mlocked:           27768 kB
SwapTotal:       1310716 kB
SwapFree:        1191820 kB
Dirty:               144 kB
Writeback:             0 kB
AnonPages:        906876 kB
Mapped:           488280 kB
Shmem:              1456 kB
Slab:             110172 kB
SReclaimable:      31964 kB
SUnreclaim:        78208 kB
KernelStack:       34832 kB
PageTables:        58708 kB
NFS_Unstable:          0 kB
Bounce:                0 kB
WritebackTmp:          0 kB
CommitLimit:     2684136 kB
Committed_AS:   141229152 kB
VmallocTotal:   251658176 kB
VmallocUsed:      318504 kB
VmallocChunk:   247561408 kB
Time pass: 92 sec

---2015-12-16 17:19:16
MemTotal:        2746844 kB
MemFree:           66276 kB
Buffers:            6856 kB
Cached:           704508 kB
SwapCached:         4056 kB
Active:           793520 kB
Inactive:         791756 kB
Active(anon):     446556 kB
Inactive(anon):   448000 kB
Active(file):     346964 kB
Inactive(file):   343756 kB
Unevictable:       35812 kB
Mlocked:           27768 kB
SwapTotal:       1310716 kB
SwapFree:        1190868 kB
Dirty:                72 kB
Writeback:             0 kB
AnonPages:        907180 kB
Mapped:           488280 kB
Shmem:              1504 kB
Slab:             110128 kB
SReclaimable:      31964 kB
SUnreclaim:        78164 kB
KernelStack:       34800 kB
PageTables:        58704 kB
NFS_Unstable:          0 kB
Bounce:                0 kB
WritebackTmp:          0 kB
CommitLimit:     2684136 kB
Committed_AS:   141233256 kB
VmallocTotal:   251658176 kB
VmallocUsed:      318504 kB
VmallocChunk:   247561408 kB
Time pass: 95 sec

---2015-12-16 17:19:16
MemTotal:        2746844 kB
MemFree:           67384 kB
Buffers:            6872 kB
Cached:           704492 kB
SwapCached:         4056 kB
Active:           793548 kB
Inactive:         791756 kB
Active(anon):     446584 kB
Inactive(anon):   448000 kB
Active(file):     346964 kB
Inactive(file):   343756 kB
Unevictable:       35812 kB
Mlocked:           27768 kB
SwapTotal:       1310716 kB
SwapFree:        1190868 kB
Dirty:                 0 kB
Writeback:             0 kB
AnonPages:        906832 kB
Mapped:           488292 kB
Shmem:              1504 kB
Slab:             110116 kB
SReclaimable:      31964 kB
SUnreclaim:        78152 kB
KernelStack:       34784 kB
PageTables:        58708 kB
NFS_Unstable:          0 kB
Bounce:                0 kB
WritebackTmp:          0 kB
CommitLimit:     2684136 kB
Committed_AS:   141233264 kB
VmallocTotal:   251658176 kB
VmallocUsed:      318504 kB
VmallocChunk:   247561408 kB
Time pass: 99 sec

---2015-12-16 17:19:16
MemTotal:        2746844 kB
MemFree:           72824 kB
Buffers:            6872 kB
Cached:           701616 kB
SwapCached:         4056 kB
Active:           789160 kB
Inactive:         791316 kB
Active(anon):     443728 kB
Inactive(anon):   448908 kB
Active(file):     345432 kB
Inactive(file):   342408 kB
Unevictable:       35812 kB
Mlocked:           27768 kB
SwapTotal:       1310716 kB
SwapFree:        1189720 kB
Dirty:                40 kB
Writeback:             0 kB
AnonPages:        904396 kB
Mapped:           488292 kB
Shmem:              1504 kB
Slab:             110104 kB
SReclaimable:      31964 kB
SUnreclaim:        78140 kB
KernelStack:       34720 kB
PageTables:        58708 kB
NFS_Unstable:          0 kB
Bounce:                0 kB
WritebackTmp:          0 kB
CommitLimit:     2684136 kB
Committed_AS:   141233216 kB
VmallocTotal:   251658176 kB
VmallocUsed:      318504 kB
VmallocChunk:   247561408 kB
Time pass: 102 sec

---2015-12-16 17:19:16
MemTotal:        2746844 kB
MemFree:           85868 kB
Buffers:            5956 kB
Cached:           697440 kB
SwapCached:         4060 kB
Active:           774384 kB
Inactive:         788636 kB
Active(anon):     432008 kB
Inactive(anon):   447584 kB
Active(file):     342376 kB
Inactive(file):   341052 kB
Unevictable:       35812 kB
Mlocked:           27768 kB
SwapTotal:       1310716 kB
SwapFree:        1188512 kB
Dirty:                40 kB
Writeback:             0 kB
AnonPages:        892900 kB
Mapped:           488024 kB
Shmem:              1084 kB
Slab:             110080 kB
SReclaimable:      31964 kB
SUnreclaim:        78116 kB
KernelStack:       34336 kB
PageTables:        58544 kB
NFS_Unstable:          0 kB
Bounce:                0 kB
WritebackTmp:          0 kB
CommitLimit:     2684136 kB
Committed_AS:   141221688 kB
VmallocTotal:   251658176 kB
VmallocUsed:      320320 kB
VmallocChunk:   247561408 kB
Time pass: 106 sec

---2015-12-16 17:19:16
MemTotal:        2746844 kB
MemFree:          403136 kB
Buffers:            6020 kB
Cached:           697460 kB
SwapCached:         4092 kB
Active:           690520 kB
Inactive:         786932 kB
Active(anon):     347148 kB
Inactive(anon):   446804 kB
Active(file):     343372 kB
Inactive(file):   340128 kB
Unevictable:       35812 kB
Mlocked:           27768 kB
SwapTotal:       1310716 kB
SwapFree:        1188928 kB
Dirty:                92 kB
Writeback:             0 kB
AnonPages:        807184 kB
Mapped:           434012 kB
Shmem:               820 kB
Slab:             109952 kB
SReclaimable:      31952 kB
SUnreclaim:        78000 kB
KernelStack:       31792 kB
PageTables:        56356 kB
NFS_Unstable:          0 kB
Bounce:                0 kB
WritebackTmp:          0 kB
CommitLimit:     2684136 kB
Committed_AS:   138033296 kB
VmallocTotal:   251658176 kB
VmallocUsed:      314376 kB
VmallocChunk:   247561408 kB
Time pass: 109 sec

---2015-12-16 17:19:16
MemTotal:        2746844 kB
MemFree:          409056 kB
Buffers:            6036 kB
Cached:           698016 kB
SwapCached:         4092 kB
Active:           685236 kB
Inactive:         785988 kB
Active(anon):     341776 kB
Inactive(anon):   445324 kB
Active(file):     343460 kB
Inactive(file):   340664 kB
Unevictable:       35812 kB
Mlocked:           27768 kB
SwapTotal:       1310716 kB
SwapFree:        1188928 kB
Dirty:               536 kB
Writeback:             4 kB
AnonPages:        800236 kB
Mapped:           433672 kB
Shmem:               820 kB
Slab:             109960 kB
SReclaimable:      31960 kB
SUnreclaim:        78000 kB
KernelStack:       31760 kB
PageTables:        56356 kB
NFS_Unstable:          0 kB
Bounce:                0 kB
WritebackTmp:          0 kB
CommitLimit:     2684136 kB
Committed_AS:   138033380 kB
VmallocTotal:   251658176 kB
VmallocUsed:      314376 kB
VmallocChunk:   247561408 kB
Time pass: 113 sec

---2015-12-16 17:19:16
MemTotal:        2746844 kB
MemFree:          412468 kB
Buffers:            6044 kB
Cached:           698076 kB
SwapCached:         4092 kB
Active:           682184 kB
Inactive:         785984 kB
Active(anon):     338716 kB
Inactive(anon):   445268 kB
Active(file):     343468 kB
Inactive(file):   340716 kB
Unevictable:       35812 kB
Mlocked:           27768 kB
SwapTotal:       1310716 kB
SwapFree:        1188928 kB
Dirty:                72 kB
Writeback:             4 kB
AnonPages:        797128 kB
Mapped:           433760 kB
Shmem:               820 kB
Slab:             109944 kB
SReclaimable:      31960 kB
SUnreclaim:        77984 kB
KernelStack:       31744 kB
PageTables:        56384 kB
NFS_Unstable:          0 kB
Bounce:                0 kB
WritebackTmp:          0 kB
CommitLimit:     2684136 kB
Committed_AS:   138033364 kB
VmallocTotal:   251658176 kB
VmallocUsed:      314376 kB
VmallocChunk:   247561408 kB
Time pass: 116 sec

---2015-12-16 17:19:16
MemTotal:        2746844 kB
MemFree:          414932 kB
Buffers:            6044 kB
Cached:           698104 kB
SwapCached:         4084 kB
Active:           682832 kB
Inactive:         785432 kB
Active(anon):     339364 kB
Inactive(anon):   444680 kB
Active(file):     343468 kB
Inactive(file):   340752 kB
Unevictable:       35812 kB
Mlocked:           27768 kB
SwapTotal:       1310716 kB
SwapFree:        1188944 kB
Dirty:                72 kB
Writeback:             0 kB
AnonPages:        796984 kB
Mapped:           433764 kB
Shmem:               820 kB
Slab:             109928 kB
SReclaimable:      31960 kB
SUnreclaim:        77968 kB
KernelStack:       31664 kB
PageTables:        56384 kB
NFS_Unstable:          0 kB
Bounce:                0 kB
WritebackTmp:          0 kB
CommitLimit:     2684136 kB
Committed_AS:   138033388 kB
VmallocTotal:   251658176 kB
VmallocUsed:      314376 kB
VmallocChunk:   247561408 kB
Time pass: 120 sec

---2015-12-16 17:19:16
MemTotal:        2746844 kB
MemFree:          415056 kB
Buffers:            6044 kB
Cached:           698104 kB
SwapCached:         4084 kB
Active:           682944 kB
Inactive:         785432 kB
Active(anon):     339476 kB
Inactive(anon):   444680 kB
Active(file):     343468 kB
Inactive(file):   340752 kB
Unevictable:       35812 kB
Mlocked:           27768 kB
SwapTotal:       1310716 kB
SwapFree:        1188944 kB
Dirty:                 0 kB
Writeback:             0 kB
AnonPages:        797136 kB
Mapped:           433764 kB
Shmem:               820 kB
Slab:             109928 kB
SReclaimable:      31960 kB
SUnreclaim:        77968 kB
KernelStack:       31664 kB
PageTables:        56384 kB
NFS_Unstable:          0 kB
Bounce:                0 kB
WritebackTmp:          0 kB
CommitLimit:     2684136 kB
Committed_AS:   138033276 kB
VmallocTotal:   251658176 kB
VmallocUsed:      314376 kB
VmallocChunk:   247561408 kB
Time pass: 123 sec

---2015-12-16 17:19:16
MemTotal:        2746844 kB
MemFree:          414496 kB
Buffers:            6044 kB
Cached:           698104 kB
SwapCached:         4084 kB
Active:           682996 kB
Inactive:         785432 kB
Active(anon):     339528 kB
Inactive(anon):   444680 kB
Active(file):     343468 kB
Inactive(file):   340752 kB
Unevictable:       35812 kB
Mlocked:           27768 kB
SwapTotal:       1310716 kB
SwapFree:        1188944 kB
Dirty:                 0 kB
Writeback:             0 kB
AnonPages:        797240 kB
Mapped:           433848 kB
Shmem:               820 kB
Slab:             109932 kB
SReclaimable:      31960 kB
SUnreclaim:        77972 kB
KernelStack:       31648 kB
PageTables:        56412 kB
NFS_Unstable:          0 kB
Bounce:                0 kB
WritebackTmp:          0 kB
CommitLimit:     2684136 kB
Committed_AS:   138033276 kB
VmallocTotal:   251658176 kB
VmallocUsed:      314376 kB
VmallocChunk:   247561408 kB
Time pass: 127 sec

---2015-12-16 17:19:16
MemTotal:        2746844 kB
MemFree:          414576 kB
Buffers:            6044 kB
Cached:           698104 kB
SwapCached:         4084 kB
Active:           683140 kB
Inactive:         785424 kB
Active(anon):     339672 kB
Inactive(anon):   444672 kB
Active(file):     343468 kB
Inactive(file):   340752 kB
Unevictable:       35812 kB
Mlocked:           27768 kB
SwapTotal:       1310716 kB
SwapFree:        1188944 kB
Dirty:                 0 kB
Writeback:             0 kB
AnonPages:        797380 kB
Mapped:           433848 kB
Shmem:               820 kB
Slab:             109932 kB
SReclaimable:      31960 kB
SUnreclaim:        77972 kB
KernelStack:       31648 kB
PageTables:        56412 kB
NFS_Unstable:          0 kB
Bounce:                0 kB
WritebackTmp:          0 kB
CommitLimit:     2684136 kB
Committed_AS:   138033268 kB
VmallocTotal:   251658176 kB
VmallocUsed:      314376 kB
VmallocChunk:   247561408 kB
Time pass: 131 sec

---2015-12-16 17:19:16
MemTotal:        2746844 kB
MemFree:          414124 kB
Buffers:            6044 kB
Cached:           698104 kB
SwapCached:         4084 kB
Active:           683288 kB
Inactive:         785424 kB
Active(anon):     339820 kB
Inactive(anon):   444672 kB
Active(file):     343468 kB
Inactive(file):   340752 kB
Unevictable:       35812 kB
Mlocked:           27768 kB
SwapTotal:       1310716 kB
SwapFree:        1188944 kB
Dirty:                 0 kB
Writeback:             0 kB
AnonPages:        797540 kB
Mapped:           433848 kB
Shmem:               820 kB
Slab:             109924 kB
SReclaimable:      31944 kB
SUnreclaim:        77980 kB
KernelStack:       31632 kB
PageTables:        56416 kB
NFS_Unstable:          0 kB
Bounce:                0 kB
WritebackTmp:          0 kB
CommitLimit:     2684136 kB
Committed_AS:   138033268 kB
VmallocTotal:   251658176 kB
VmallocUsed:      314376 kB
VmallocChunk:   247561408 kB
Time pass: 134 sec

---2015-12-16 17:19:16
MemTotal:        2746844 kB
MemFree:          414364 kB
Buffers:            6044 kB
Cached:           698104 kB
SwapCached:         4084 kB
Active:           683668 kB
Inactive:         785424 kB
Active(anon):     340200 kB
Inactive(anon):   444672 kB
Active(file):     343468 kB
Inactive(file):   340752 kB
Unevictable:       35812 kB
Mlocked:           27768 kB
SwapTotal:       1310716 kB
SwapFree:        1188944 kB
Dirty:                 0 kB
Writeback:             0 kB
AnonPages:        797560 kB
Mapped:           433932 kB
Shmem:               820 kB
Slab:             109924 kB
SReclaimable:      31944 kB
SUnreclaim:        77980 kB
KernelStack:       31600 kB
PageTables:        56440 kB
NFS_Unstable:          0 kB
Bounce:                0 kB
WritebackTmp:          0 kB
CommitLimit:     2684136 kB
Committed_AS:   138033276 kB
VmallocTotal:   251658176 kB
VmallocUsed:      314376 kB
VmallocChunk:   247561408 kB
Time pass: 138 sec

---2015-12-16 17:19:16
MemTotal:        2746844 kB
MemFree:          416052 kB
Buffers:            6044 kB
Cached:           698104 kB
SwapCached:         4084 kB
Active:           683480 kB
Inactive:         785424 kB
Active(anon):     340012 kB
Inactive(anon):   444672 kB
Active(file):     343468 kB
Inactive(file):   340752 kB
Unevictable:       35812 kB
Mlocked:           27768 kB
SwapTotal:       1310716 kB
SwapFree:        1188944 kB
Dirty:                 0 kB
Writeback:             0 kB
AnonPages:        797712 kB
Mapped:           433848 kB
Shmem:               820 kB
Slab:             109900 kB
SReclaimable:      31944 kB
SUnreclaim:        77956 kB
KernelStack:       31568 kB
PageTables:        56412 kB
NFS_Unstable:          0 kB
Bounce:                0 kB
WritebackTmp:          0 kB
CommitLimit:     2684136 kB
Committed_AS:   138033188 kB
VmallocTotal:   251658176 kB
VmallocUsed:      314376 kB
VmallocChunk:   247561408 kB
Time pass: 141 sec

---2015-12-16 17:19:16
MemTotal:        2746844 kB
MemFree:          415948 kB
Buffers:            6044 kB
Cached:           698204 kB
SwapCached:         4084 kB
Active:           683652 kB
Inactive:         785480 kB
Active(anon):     340184 kB
Inactive(anon):   444672 kB
Active(file):     343468 kB
Inactive(file):   340808 kB
Unevictable:       35812 kB
Mlocked:           27768 kB
SwapTotal:       1310716 kB
SwapFree:        1188944 kB
Dirty:                 0 kB
Writeback:             0 kB
AnonPages:        797580 kB
Mapped:           433852 kB
Shmem:               820 kB
Slab:             109900 kB
SReclaimable:      31944 kB
SUnreclaim:        77956 kB
KernelStack:       31568 kB
PageTables:        56412 kB
NFS_Unstable:          0 kB
Bounce:                0 kB
WritebackTmp:          0 kB
CommitLimit:     2684136 kB
Committed_AS:   138033196 kB
VmallocTotal:   251658176 kB
VmallocUsed:      314376 kB
VmallocChunk:   247561408 kB
Time pass: 145 sec

---2015-12-16 17:19:16
MemTotal:        2746844 kB
MemFree:          415092 kB
Buffers:            6044 kB
Cached:           698204 kB
SwapCached:         4084 kB
Active:           684180 kB
Inactive:         785524 kB
Active(anon):     340712 kB
Inactive(anon):   444672 kB
Active(file):     343468 kB
Inactive(file):   340852 kB
Unevictable:       35812 kB
Mlocked:           27768 kB
SwapTotal:       1310716 kB
SwapFree:        1188944 kB
Dirty:                 0 kB
Writeback:             0 kB
AnonPages:        798240 kB
Mapped:           433852 kB
Shmem:               820 kB
Slab:             109892 kB
SReclaimable:      31944 kB
SUnreclaim:        77948 kB
KernelStack:       31616 kB
PageTables:        56412 kB
NFS_Unstable:          0 kB
Bounce:                0 kB
WritebackTmp:          0 kB
CommitLimit:     2684136 kB
Committed_AS:   138033244 kB
VmallocTotal:   251658176 kB
VmallocUsed:      314376 kB
VmallocChunk:   247561408 kB
Time pass: 148 sec

---2015-12-16 17:19:16
MemTotal:        2746844 kB
MemFree:          411872 kB
Buffers:            6044 kB
Cached:           698496 kB
SwapCached:         4084 kB
Active:           689484 kB
Inactive:         785916 kB
Active(anon):     346016 kB
Inactive(anon):   444672 kB
Active(file):     343468 kB
Inactive(file):   341244 kB
Unevictable:       35812 kB
Mlocked:           27768 kB
SwapTotal:       1310716 kB
SwapFree:        1188944 kB
Dirty:                 0 kB
Writeback:             0 kB
AnonPages:        804008 kB
Mapped:           439128 kB
Shmem:               820 kB
Slab:             109892 kB
SReclaimable:      31944 kB
SUnreclaim:        77948 kB
KernelStack:       31616 kB
PageTables:        56660 kB
NFS_Unstable:          0 kB
Bounce:                0 kB
WritebackTmp:          0 kB
CommitLimit:     2684136 kB
Committed_AS:   141544740 kB
VmallocTotal:   251658176 kB
VmallocUsed:      315396 kB
VmallocChunk:   247561408 kB
Time pass: 152 sec

---2015-12-16 17:19:16
MemTotal:        2746844 kB
MemFree:          221000 kB
Buffers:            6508 kB
Cached:           703860 kB
SwapCached:         4272 kB
Active:           723808 kB
Inactive:         784384 kB
Active(anon):     373052 kB
Inactive(anon):   444844 kB
Active(file):     350756 kB
Inactive(file):   339540 kB
Unevictable:       35812 kB
Mlocked:           27768 kB
SwapTotal:       1310716 kB
SwapFree:        1188976 kB
Dirty:              1764 kB
Writeback:             0 kB
AnonPages:        830732 kB
Mapped:           458248 kB
Shmem:               956 kB
Slab:             110016 kB
SReclaimable:      32020 kB
SUnreclaim:        77996 kB
KernelStack:       33024 kB
PageTables:        57576 kB
NFS_Unstable:          0 kB
Bounce:                0 kB
WritebackTmp:          0 kB
CommitLimit:     2684136 kB
Committed_AS:   139366092 kB
VmallocTotal:   251658176 kB
VmallocUsed:      316496 kB
VmallocChunk:   247561408 kB
Time pass: 155 sec

---2015-12-16 17:19:16
MemTotal:        2746844 kB
MemFree:          148120 kB
Buffers:            6612 kB
Cached:           711552 kB
SwapCached:         4272 kB
Active:           750400 kB
Inactive:         777904 kB
Active(anon):     385756 kB
Inactive(anon):   444476 kB
Active(file):     364644 kB
Inactive(file):   333428 kB
Unevictable:       35812 kB
Mlocked:           27768 kB
SwapTotal:       1310716 kB
SwapFree:        1188976 kB
Dirty:              7332 kB
Writeback:             0 kB
AnonPages:        843360 kB
Mapped:           463160 kB
Shmem:               956 kB
Slab:             110204 kB
SReclaimable:      32204 kB
SUnreclaim:        78000 kB
KernelStack:       33168 kB
PageTables:        57720 kB
NFS_Unstable:          0 kB
Bounce:                0 kB
WritebackTmp:          0 kB
CommitLimit:     2684136 kB
Committed_AS:   139354428 kB
VmallocTotal:   251658176 kB
VmallocUsed:      317804 kB
VmallocChunk:   247561408 kB
Time pass: 159 sec

---2015-12-16 17:19:16
MemTotal:        2746844 kB
MemFree:          147252 kB
Buffers:            6616 kB
Cached:           711708 kB
SwapCached:         4272 kB
Active:           750380 kB
Inactive:         777896 kB
Active(anon):     385592 kB
Inactive(anon):   444456 kB
Active(file):     364788 kB
Inactive(file):   333440 kB
Unevictable:       35812 kB
Mlocked:           27768 kB
SwapTotal:       1310716 kB
SwapFree:        1188976 kB
Dirty:                 0 kB
Writeback:             0 kB
AnonPages:        842636 kB
Mapped:           463244 kB
Shmem:               956 kB
Slab:             110208 kB
SReclaimable:      32208 kB
SUnreclaim:        78000 kB
KernelStack:       33152 kB
PageTables:        57540 kB
NFS_Unstable:          0 kB
Bounce:                0 kB
WritebackTmp:          0 kB
CommitLimit:     2684136 kB
Committed_AS:   139354516 kB
VmallocTotal:   251658176 kB
VmallocUsed:      317804 kB
VmallocChunk:   247561408 kB
Time pass: 163 sec

---2015-12-16 17:19:16
MemTotal:        2746844 kB
MemFree:          125504 kB
Buffers:            6624 kB
Cached:           711836 kB
SwapCached:         4272 kB
Active:           760736 kB
Inactive:         777868 kB
Active(anon):     395572 kB
Inactive(anon):   444452 kB
Active(file):     365164 kB
Inactive(file):   333416 kB
Unevictable:       35812 kB
Mlocked:           27768 kB
SwapTotal:       1310716 kB
SwapFree:        1188976 kB
Dirty:               224 kB
Writeback:             0 kB
AnonPages:        853492 kB
Mapped:           463244 kB
Shmem:               956 kB
Slab:             110152 kB
SReclaimable:      32208 kB
SUnreclaim:        77944 kB
KernelStack:       33152 kB
PageTables:        57512 kB
NFS_Unstable:          0 kB
Bounce:                0 kB
WritebackTmp:          0 kB
CommitLimit:     2684136 kB
Committed_AS:   139354628 kB
VmallocTotal:   251658176 kB
VmallocUsed:      317828 kB
VmallocChunk:   247561408 kB
Time pass: 166 sec

---2015-12-16 17:19:16
MemTotal:        2746844 kB
MemFree:          134868 kB
Buffers:            6640 kB
Cached:           712008 kB
SwapCached:         4272 kB
Active:           753104 kB
Inactive:         777740 kB
Active(anon):     387820 kB
Inactive(anon):   444452 kB
Active(file):     365284 kB
Inactive(file):   333288 kB
Unevictable:       35812 kB
Mlocked:           27768 kB
SwapTotal:       1310716 kB
SwapFree:        1188976 kB
Dirty:                 0 kB
Writeback:             0 kB
AnonPages:        845412 kB
Mapped:           463368 kB
Shmem:               956 kB
Slab:             110124 kB
SReclaimable:      32212 kB
SUnreclaim:        77912 kB
KernelStack:       33152 kB
PageTables:        57540 kB
NFS_Unstable:          0 kB
Bounce:                0 kB
WritebackTmp:          0 kB
CommitLimit:     2684136 kB
Committed_AS:   139354612 kB
VmallocTotal:   251658176 kB
VmallocUsed:      317828 kB
VmallocChunk:   247561408 kB
Time pass: 170 sec

---2015-12-16 17:19:16
MemTotal:        2746844 kB
MemFree:          134624 kB
Buffers:            6648 kB
Cached:           712008 kB
SwapCached:         4272 kB
Active:           753716 kB
Inactive:         777680 kB
Active(anon):     388372 kB
Inactive(anon):   444452 kB
Active(file):     365344 kB
Inactive(file):   333228 kB
Unevictable:       35812 kB
Mlocked:           27768 kB
SwapTotal:       1310716 kB
SwapFree:        1188976 kB
Dirty:                52 kB
Writeback:             0 kB
AnonPages:        845548 kB
Mapped:           463368 kB
Shmem:               956 kB
Slab:             110156 kB
SReclaimable:      32212 kB
SUnreclaim:        77944 kB
KernelStack:       33152 kB
PageTables:        57540 kB
NFS_Unstable:          0 kB
Bounce:                0 kB
WritebackTmp:          0 kB
CommitLimit:     2684136 kB
Committed_AS:   139354548 kB
VmallocTotal:   251658176 kB
VmallocUsed:      317828 kB
VmallocChunk:   247561408 kB
Time pass: 173 sec

---2015-12-16 17:19:16
MemTotal:        2746844 kB
MemFree:          100984 kB
Buffers:            6648 kB
Cached:           712152 kB
SwapCached:         4272 kB
Active:           758668 kB
Inactive:         777776 kB
Active(anon):     393320 kB
Inactive(anon):   444404 kB
Active(file):     365348 kB
Inactive(file):   333372 kB
Unevictable:       35812 kB
Mlocked:           27768 kB
SwapTotal:       1310716 kB
SwapFree:        1188984 kB
Dirty:               576 kB
Writeback:             0 kB
AnonPages:        850192 kB
Mapped:           463340 kB
Shmem:               956 kB
Slab:             110092 kB
SReclaimable:      32212 kB
SUnreclaim:        77880 kB
KernelStack:       33184 kB
PageTables:        57496 kB
NFS_Unstable:          0 kB
Bounce:                0 kB
WritebackTmp:          0 kB
CommitLimit:     2684136 kB
Committed_AS:   139358980 kB
VmallocTotal:   251658176 kB
VmallocUsed:      321828 kB
VmallocChunk:   247561408 kB
Time pass: 177 sec

---2015-12-16 17:19:16
MemTotal:        2746844 kB
MemFree:          100960 kB
Buffers:            6656 kB
Cached:           712312 kB
SwapCached:         4272 kB
Active:           758492 kB
Inactive:         777904 kB
Active(anon):     393144 kB
Inactive(anon):   444348 kB
Active(file):     365348 kB
Inactive(file):   333556 kB
Unevictable:       35812 kB
Mlocked:           27768 kB
SwapTotal:       1310716 kB
SwapFree:        1188984 kB
Dirty:                52 kB
Writeback:             0 kB
AnonPages:        850352 kB
Mapped:           463352 kB
Shmem:               956 kB
Slab:             110092 kB
SReclaimable:      32212 kB
SUnreclaim:        77880 kB
KernelStack:       33168 kB
PageTables:        57500 kB
NFS_Unstable:          0 kB
Bounce:                0 kB
WritebackTmp:          0 kB
CommitLimit:     2684136 kB
Committed_AS:   139358988 kB
VmallocTotal:   251658176 kB
VmallocUsed:      321828 kB
VmallocChunk:   247561408 kB
Time pass: 180 sec

---2015-12-16 17:19:16
MemTotal:        2746844 kB
MemFree:          100788 kB
Buffers:            6656 kB
Cached:           712312 kB
SwapCached:         4272 kB
Active:           758356 kB
Inactive:         777888 kB
Active(anon):     393008 kB
Inactive(anon):   444332 kB
Active(file):     365348 kB
Inactive(file):   333556 kB
Unevictable:       35812 kB
Mlocked:           27768 kB
SwapTotal:       1310716 kB
SwapFree:        1188984 kB
Dirty:                56 kB
Writeback:             0 kB
AnonPages:        850024 kB
Mapped:           463460 kB
Shmem:               956 kB
Slab:             110092 kB
SReclaimable:      32212 kB
SUnreclaim:        77880 kB
KernelStack:       33184 kB
PageTables:        57536 kB
NFS_Unstable:          0 kB
Bounce:                0 kB
WritebackTmp:          0 kB
CommitLimit:     2684136 kB
Committed_AS:   139359036 kB
VmallocTotal:   251658176 kB
VmallocUsed:      321828 kB
VmallocChunk:   247561408 kB
Time pass: 184 sec

---2015-12-16 17:19:16
MemTotal:        2746844 kB
MemFree:           91940 kB
Buffers:            6672 kB
Cached:           712512 kB
SwapCached:         4272 kB
Active:           768588 kB
Inactive:         778016 kB
Active(anon):     403236 kB
Inactive(anon):   444452 kB
Active(file):     365352 kB
Inactive(file):   333564 kB
Unevictable:       35812 kB
Mlocked:           27768 kB
SwapTotal:       1310716 kB
SwapFree:        1188984 kB
Dirty:                60 kB
Writeback:             0 kB
AnonPages:        860476 kB
Mapped:           466700 kB
Shmem:              1144 kB
Slab:             110192 kB
SReclaimable:      32212 kB
SUnreclaim:        77980 kB
KernelStack:       33632 kB
PageTables:        57652 kB
NFS_Unstable:          0 kB
Bounce:                0 kB
WritebackTmp:          0 kB
CommitLimit:     2684136 kB
Committed_AS:   139371012 kB
VmallocTotal:   251658176 kB
VmallocUsed:      324280 kB
VmallocChunk:   247561408 kB
Time pass: 187 sec

---2015-12-16 17:19:16
MemTotal:        2746844 kB
MemFree:           91500 kB
Buffers:            6672 kB
Cached:           712536 kB
SwapCached:         4272 kB
Active:           768808 kB
Inactive:         778004 kB
Active(anon):     403452 kB
Inactive(anon):   444428 kB
Active(file):     365356 kB
Inactive(file):   333576 kB
Unevictable:       35812 kB
Mlocked:           27768 kB
SwapTotal:       1310716 kB
SwapFree:        1189020 kB
Dirty:                 0 kB
Writeback:             0 kB
AnonPages:        860608 kB
Mapped:           466736 kB
Shmem:              1168 kB
Slab:             110192 kB
SReclaimable:      32212 kB
SUnreclaim:        77980 kB
KernelStack:       33600 kB
PageTables:        57652 kB
NFS_Unstable:          0 kB
Bounce:                0 kB
WritebackTmp:          0 kB
CommitLimit:     2684136 kB
Committed_AS:   139371128 kB
VmallocTotal:   251658176 kB
VmallocUsed:      324280 kB
VmallocChunk:   247561408 kB
Time pass: 191 sec

---2015-12-16 17:19:16
MemTotal:        2746844 kB
MemFree:           91040 kB
Buffers:            6680 kB
Cached:           712608 kB
SwapCached:         4272 kB
Active:           769120 kB
Inactive:         778140 kB
Active(anon):     403764 kB
Inactive(anon):   444556 kB
Active(file):     365356 kB
Inactive(file):   333584 kB
Unevictable:       35812 kB
Mlocked:           27768 kB
SwapTotal:       1310716 kB
SwapFree:        1189020 kB
Dirty:                48 kB
Writeback:             0 kB
AnonPages:        860912 kB
Mapped:           466804 kB
Shmem:              1236 kB
Slab:             110272 kB
SReclaimable:      32212 kB
SUnreclaim:        78060 kB
KernelStack:       33600 kB
PageTables:        57652 kB
NFS_Unstable:          0 kB
Bounce:                0 kB
WritebackTmp:          0 kB
CommitLimit:     2684136 kB
Committed_AS:   139371144 kB
VmallocTotal:   251658176 kB
VmallocUsed:      324280 kB
VmallocChunk:   247561408 kB
Time pass: 194 sec

---2015-12-16 17:19:16
MemTotal:        2746844 kB
MemFree:           90728 kB
Buffers:            6680 kB
Cached:           712608 kB
SwapCached:         4272 kB
Active:           769552 kB
Inactive:         778144 kB
Active(anon):     404196 kB
Inactive(anon):   444560 kB
Active(file):     365356 kB
Inactive(file):   333584 kB
Unevictable:       35812 kB
Mlocked:           27768 kB
SwapTotal:       1310716 kB
SwapFree:        1189020 kB
Dirty:                 0 kB
Writeback:             0 kB
AnonPages:        861452 kB
Mapped:           466888 kB
Shmem:              1236 kB
Slab:             110272 kB
SReclaimable:      32212 kB
SUnreclaim:        78060 kB
KernelStack:       33600 kB
PageTables:        57684 kB
NFS_Unstable:          0 kB
Bounce:                0 kB
WritebackTmp:          0 kB
CommitLimit:     2684136 kB
Committed_AS:   139371144 kB
VmallocTotal:   251658176 kB
VmallocUsed:      324280 kB
VmallocChunk:   247561408 kB
Time pass: 198 sec

---2015-12-16 17:19:16
MemTotal:        2746844 kB
MemFree:           77816 kB
Buffers:            6720 kB
Cached:           712612 kB
SwapCached:         4272 kB
Active:           782828 kB
Inactive:         778184 kB
Active(anon):     417468 kB
Inactive(anon):   444560 kB
Active(file):     365360 kB
Inactive(file):   333624 kB
Unevictable:       35812 kB
Mlocked:           27768 kB
SwapTotal:       1310716 kB
SwapFree:        1189020 kB
Dirty:                56 kB
Writeback:             0 kB
AnonPages:        874616 kB
Mapped:           466888 kB
Shmem:              1236 kB
Slab:             110192 kB
SReclaimable:      32212 kB
SUnreclaim:        77980 kB
KernelStack:       33664 kB
PageTables:        57692 kB
NFS_Unstable:          0 kB
Bounce:                0 kB
WritebackTmp:          0 kB
CommitLimit:     2684136 kB
Committed_AS:   139391616 kB
VmallocTotal:   251658176 kB
VmallocUsed:      324280 kB
VmallocChunk:   247561408 kB
Time pass: 201 sec

---2015-12-16 17:19:16
MemTotal:        2746844 kB
MemFree:           69656 kB
Buffers:            6628 kB
Cached:           714724 kB
SwapCached:         4292 kB
Active:           791772 kB
Inactive:         777036 kB
Active(anon):     433492 kB
Inactive(anon):   435120 kB
Active(file):     358280 kB
Inactive(file):   341916 kB
Unevictable:       35812 kB
Mlocked:           27768 kB
SwapTotal:       1310716 kB
SwapFree:        1184728 kB
Dirty:                20 kB
Writeback:             0 kB
AnonPages:        881504 kB
Mapped:           470328 kB
Shmem:              1300 kB
Slab:             110224 kB
SReclaimable:      32212 kB
SUnreclaim:        78012 kB
KernelStack:       33888 kB
PageTables:        58212 kB
NFS_Unstable:          0 kB
Bounce:                0 kB
WritebackTmp:          0 kB
CommitLimit:     2684136 kB
Committed_AS:   140646568 kB
VmallocTotal:   251658176 kB
VmallocUsed:      326664 kB
VmallocChunk:   247561408 kB
Time pass: 205 sec

---2015-12-16 17:19:16
MemTotal:        2746844 kB
MemFree:           66988 kB
Buffers:            7164 kB
Cached:           712536 kB
SwapCached:         4436 kB
Active:           795240 kB
Inactive:         775636 kB
Active(anon):     435656 kB
Inactive(anon):   435884 kB
Active(file):     359584 kB
Inactive(file):   339752 kB
Unevictable:       35812 kB
Mlocked:           27768 kB
SwapTotal:       1310716 kB
SwapFree:        1170224 kB
Dirty:               124 kB
Writeback:             0 kB
AnonPages:        883192 kB
Mapped:           462152 kB
Shmem:              1320 kB
Slab:             110624 kB
SReclaimable:      32196 kB
SUnreclaim:        78428 kB
KernelStack:       34464 kB
PageTables:        59396 kB
NFS_Unstable:          0 kB
Bounce:                0 kB
WritebackTmp:          0 kB
CommitLimit:     2684136 kB
Committed_AS:   144785104 kB
VmallocTotal:   251658176 kB
VmallocUsed:      328704 kB
VmallocChunk:   247561408 kB
Time pass: 209 sec

---2015-12-16 17:19:16
MemTotal:        2746844 kB
MemFree:          100156 kB
Buffers:            7320 kB
Cached:           723272 kB
SwapCached:         4484 kB
Active:           761852 kB
Inactive:         775252 kB
Active(anon):     401720 kB
Inactive(anon):   425708 kB
Active(file):     360132 kB
Inactive(file):   349544 kB
Unevictable:       35812 kB
Mlocked:           27768 kB
SwapTotal:       1310716 kB
SwapFree:        1170228 kB
Dirty:                12 kB
Writeback:             0 kB
AnonPages:        839828 kB
Mapped:           412244 kB
Shmem:              1328 kB
Slab:             110668 kB
SReclaimable:      32176 kB
SUnreclaim:        78492 kB
KernelStack:       32704 kB
PageTables:        58240 kB
NFS_Unstable:          0 kB
Bounce:                0 kB
WritebackTmp:          0 kB
CommitLimit:     2684136 kB
Committed_AS:   146980488 kB
VmallocTotal:   251658176 kB
VmallocUsed:      329724 kB
VmallocChunk:   247561408 kB
Time pass: 213 sec

---2015-12-16 17:19:16
MemTotal:        2746844 kB
MemFree:           67876 kB
Buffers:            7948 kB
Cached:           730280 kB
SwapCached:         4532 kB
Active:           778372 kB
Inactive:         786468 kB
Active(anon):     421280 kB
Inactive(anon):   425252 kB
Active(file):     357092 kB
Inactive(file):   361216 kB
Unevictable:       35812 kB
Mlocked:           27768 kB
SwapTotal:       1310716 kB
SwapFree:        1164856 kB
Dirty:               548 kB
Writeback:             0 kB
AnonPages:        858932 kB
Mapped:           443636 kB
Shmem:              1388 kB
Slab:             110676 kB
SReclaimable:      32144 kB
SUnreclaim:        78532 kB
KernelStack:       33248 kB
PageTables:        58644 kB
NFS_Unstable:          0 kB
Bounce:                0 kB
WritebackTmp:          0 kB
CommitLimit:     2684136 kB
Committed_AS:   145917432 kB
VmallocTotal:   251658176 kB
VmallocUsed:      328860 kB
VmallocChunk:   247561408 kB
Time pass: 217 sec

---2015-12-16 17:19:16
MemTotal:        2746844 kB
MemFree:           78828 kB
Buffers:            8952 kB
Cached:           730984 kB
SwapCached:         4544 kB
Active:           772404 kB
Inactive:         782620 kB
Active(anon):     410420 kB
Inactive(anon):   425428 kB
Active(file):     361984 kB
Inactive(file):   357192 kB
Unevictable:       35812 kB
Mlocked:           27768 kB
SwapTotal:       1310716 kB
SwapFree:        1163684 kB
Dirty:               236 kB
Writeback:             0 kB
AnonPages:        847748 kB
Mapped:           442948 kB
Shmem:              1460 kB
Slab:             110732 kB
SReclaimable:      32176 kB
SUnreclaim:        78556 kB
KernelStack:       33232 kB
PageTables:        58124 kB
NFS_Unstable:          0 kB
Bounce:                0 kB
WritebackTmp:          0 kB
CommitLimit:     2684136 kB
Committed_AS:   142988792 kB
VmallocTotal:   251658176 kB
VmallocUsed:      327840 kB
VmallocChunk:   247561408 kB
Time pass: 220 sec

---2015-12-16 17:19:16
MemTotal:        2746844 kB
MemFree:           65532 kB
Buffers:            9356 kB
Cached:           725468 kB
SwapCached:         4544 kB
Active:           785412 kB
Inactive:         784372 kB
Active(anon):     426824 kB
Inactive(anon):   427160 kB
Active(file):     358588 kB
Inactive(file):   357212 kB
Unevictable:       35812 kB
Mlocked:           27768 kB
SwapTotal:       1310716 kB
SwapFree:        1156192 kB
Dirty:               764 kB
Writeback:             0 kB
AnonPages:        867796 kB
Mapped:           466864 kB
Shmem:              1460 kB
Slab:             110684 kB
SReclaimable:      32168 kB
SUnreclaim:        78516 kB
KernelStack:       33872 kB
PageTables:        58124 kB
NFS_Unstable:          0 kB
Bounce:                0 kB
WritebackTmp:          0 kB
CommitLimit:     2684136 kB
Committed_AS:   141897536 kB
VmallocTotal:   251658176 kB
VmallocUsed:      327840 kB
VmallocChunk:   247561408 kB
Time pass: 224 sec

---2015-12-16 17:19:16
MemTotal:        2746844 kB
MemFree:           77088 kB
Buffers:            9336 kB
Cached:           723176 kB
SwapCached:         4548 kB
Active:           775588 kB
Inactive:         782396 kB
Active(anon):     418076 kB
Inactive(anon):   428048 kB
Active(file):     357512 kB
Inactive(file):   354348 kB
Unevictable:       35812 kB
Mlocked:           27768 kB
SwapTotal:       1310716 kB
SwapFree:        1152380 kB
Dirty:               996 kB
Writeback:             0 kB
AnonPages:        858244 kB
Mapped:           460956 kB
Shmem:              1544 kB
Slab:             110312 kB
SReclaimable:      31616 kB
SUnreclaim:        78696 kB
KernelStack:       34912 kB
PageTables:        58568 kB
NFS_Unstable:          0 kB
Bounce:                0 kB
WritebackTmp:          0 kB
CommitLimit:     2684136 kB
Committed_AS:   141901724 kB
VmallocTotal:   251658176 kB
VmallocUsed:      327840 kB
VmallocChunk:   247561408 kB
Time pass: 227 sec

---2015-12-16 17:19:16
MemTotal:        2746844 kB
MemFree:           76948 kB
Buffers:            9520 kB
Cached:           723368 kB
SwapCached:         4548 kB
Active:           776176 kB
Inactive:         782692 kB
Active(anon):     418628 kB
Inactive(anon):   428076 kB
Active(file):     357548 kB
Inactive(file):   354616 kB
Unevictable:       35812 kB
Mlocked:           27768 kB
SwapTotal:       1310716 kB
SwapFree:        1152384 kB
Dirty:               136 kB
Writeback:             0 kB
AnonPages:        858816 kB
Mapped:           461348 kB
Shmem:              1600 kB
Slab:             110288 kB
SReclaimable:      31616 kB
SUnreclaim:        78672 kB
KernelStack:       34992 kB
PageTables:        58684 kB
NFS_Unstable:          0 kB
Bounce:                0 kB
WritebackTmp:          0 kB
CommitLimit:     2684136 kB
Committed_AS:   141929020 kB
VmallocTotal:   251658176 kB
VmallocUsed:      327840 kB
VmallocChunk:   247561408 kB
Time pass: 231 sec

---2015-12-16 17:19:16
MemTotal:        2746844 kB
MemFree:           74040 kB
Buffers:            9544 kB
Cached:           723416 kB
SwapCached:         4552 kB
Active:           778836 kB
Inactive:         782692 kB
Active(anon):     421276 kB
Inactive(anon):   428048 kB
Active(file):     357560 kB
Inactive(file):   354644 kB
Unevictable:       35812 kB
Mlocked:           27768 kB
SwapTotal:       1310716 kB
SwapFree:        1152424 kB
Dirty:                 0 kB
Writeback:             0 kB
AnonPages:        861568 kB
Mapped:           461580 kB
Shmem:              1648 kB
Slab:             110296 kB
SReclaimable:      31616 kB
SUnreclaim:        78680 kB
KernelStack:       35024 kB
PageTables:        58744 kB
NFS_Unstable:          0 kB
Bounce:                0 kB
WritebackTmp:          0 kB
CommitLimit:     2684136 kB
Committed_AS:   141956084 kB
VmallocTotal:   251658176 kB
VmallocUsed:      327840 kB
VmallocChunk:   247561408 kB
Time pass: 234 sec

---2015-12-16 17:19:16
MemTotal:        2746844 kB
MemFree:           73468 kB
Buffers:            9544 kB
Cached:           723416 kB
SwapCached:         4552 kB
Active:           779236 kB
Inactive:         782628 kB
Active(anon):     421676 kB
Inactive(anon):   427984 kB
Active(file):     357560 kB
Inactive(file):   354644 kB
Unevictable:       35812 kB
Mlocked:           27768 kB
SwapTotal:       1310716 kB
SwapFree:        1152424 kB
Dirty:                 0 kB
Writeback:             0 kB
AnonPages:        861756 kB
Mapped:           461600 kB
Shmem:              1648 kB
Slab:             110296 kB
SReclaimable:      31616 kB
SUnreclaim:        78680 kB
KernelStack:       35024 kB
PageTables:        58744 kB
NFS_Unstable:          0 kB
Bounce:                0 kB
WritebackTmp:          0 kB
CommitLimit:     2684136 kB
Committed_AS:   141956108 kB
VmallocTotal:   251658176 kB
VmallocUsed:      327840 kB
VmallocChunk:   247561408 kB
Time pass: 238 sec

---2015-12-16 17:19:16
MemTotal:        2746844 kB
MemFree:           82944 kB
Buffers:            9568 kB
Cached:           723484 kB
SwapCached:         4552 kB
Active:           780360 kB
Inactive:         773768 kB
Active(anon):     413856 kB
Inactive(anon):   427976 kB
Active(file):     366504 kB
Inactive(file):   345792 kB
Unevictable:       35812 kB
Mlocked:           27768 kB
SwapTotal:       1310716 kB
SwapFree:        1152424 kB
Dirty:                96 kB
Writeback:             0 kB
AnonPages:        853904 kB
Mapped:           455072 kB
Shmem:              1648 kB
Slab:             110280 kB
SReclaimable:      31616 kB
SUnreclaim:        78664 kB
KernelStack:       34320 kB
PageTables:        58160 kB
NFS_Unstable:          0 kB
Bounce:                0 kB
WritebackTmp:          0 kB
CommitLimit:     2684136 kB
Committed_AS:   140707812 kB
VmallocTotal:   251658176 kB
VmallocUsed:      326820 kB
VmallocChunk:   247561408 kB
Time pass: 241 sec

---2015-12-16 17:19:16
MemTotal:        2746844 kB
MemFree:           64832 kB
Buffers:            9576 kB
Cached:           723948 kB
SwapCached:         4548 kB
Active:           796804 kB
Inactive:         774000 kB
Active(anon):     430260 kB
Inactive(anon):   427792 kB
Active(file):     366544 kB
Inactive(file):   346208 kB
Unevictable:       35812 kB
Mlocked:           27768 kB
SwapTotal:       1310716 kB
SwapFree:        1152428 kB
Dirty:                40 kB
Writeback:             0 kB
AnonPages:        870360 kB
Mapped:           461620 kB
Shmem:              1652 kB
Slab:             110276 kB
SReclaimable:      31616 kB
SUnreclaim:        78660 kB
KernelStack:       35232 kB
PageTables:        58876 kB
NFS_Unstable:          0 kB
Bounce:                0 kB
WritebackTmp:          0 kB
CommitLimit:     2684136 kB
Committed_AS:   141959792 kB
VmallocTotal:   251658176 kB
VmallocUsed:      327840 kB
VmallocChunk:   247561408 kB
Time pass: 245 sec

---2015-12-16 17:19:16
MemTotal:        2746844 kB
MemFree:           66544 kB
Buffers:            9556 kB
Cached:           722980 kB
SwapCached:         4548 kB
Active:           791996 kB
Inactive:         776052 kB
Active(anon):     426464 kB
Inactive(anon):   429828 kB
Active(file):     365532 kB
Inactive(file):   346224 kB
Unevictable:       35812 kB
Mlocked:           27768 kB
SwapTotal:       1310716 kB
SwapFree:        1151028 kB
Dirty:               164 kB
Writeback:             0 kB
AnonPages:        868100 kB
Mapped:           461228 kB
Shmem:              1672 kB
Slab:             110364 kB
SReclaimable:      31616 kB
SUnreclaim:        78748 kB
KernelStack:       35104 kB
PageTables:        58784 kB
NFS_Unstable:          0 kB
Bounce:                0 kB
WritebackTmp:          0 kB
CommitLimit:     2684136 kB
Committed_AS:   141986652 kB
VmallocTotal:   251658176 kB
VmallocUsed:      327840 kB
VmallocChunk:   247561408 kB
Time pass: 248 sec

---2015-12-16 17:19:16
MemTotal:        2746844 kB
MemFree:           66220 kB
Buffers:            9564 kB
Cached:           723044 kB
SwapCached:         4548 kB
Active:           792864 kB
Inactive:         776116 kB
Active(anon):     427332 kB
Inactive(anon):   429884 kB
Active(file):     365532 kB
Inactive(file):   346232 kB
Unevictable:       35812 kB
Mlocked:           27768 kB
SwapTotal:       1310716 kB
SwapFree:        1151032 kB
Dirty:               104 kB
Writeback:             0 kB
AnonPages:        869360 kB
Mapped:           461292 kB
Shmem:              1736 kB
Slab:             110356 kB
SReclaimable:      31616 kB
SUnreclaim:        78740 kB
KernelStack:       35104 kB
PageTables:        58824 kB
NFS_Unstable:          0 kB
Bounce:                0 kB
WritebackTmp:          0 kB
CommitLimit:     2684136 kB
Committed_AS:   142013460 kB
VmallocTotal:   251658176 kB
VmallocUsed:      327840 kB
VmallocChunk:   247561408 kB
Time pass: 252 sec

---2015-12-16 17:19:16
MemTotal:        2746844 kB
MemFree:           66620 kB
Buffers:            9572 kB
Cached:           725060 kB
SwapCached:         4548 kB
Active:           789748 kB
Inactive:         778472 kB
Active(anon):     425476 kB
Inactive(anon):   429104 kB
Active(file):     364272 kB
Inactive(file):   349368 kB
Unevictable:       35812 kB
Mlocked:           27768 kB
SwapTotal:       1310716 kB
SwapFree:        1149504 kB
Dirty:                 0 kB
Writeback:             0 kB
AnonPages:        866068 kB
Mapped:           460712 kB
Shmem:              1800 kB
Slab:             110384 kB
SReclaimable:      31620 kB
SUnreclaim:        78764 kB
KernelStack:       35168 kB
PageTables:        58896 kB
NFS_Unstable:          0 kB
Bounce:                0 kB
WritebackTmp:          0 kB
CommitLimit:     2684136 kB
Committed_AS:   142007632 kB
VmallocTotal:   251658176 kB
VmallocUsed:      327840 kB
VmallocChunk:   247561408 kB
Time pass: 255 sec

---2015-12-16 17:19:16
MemTotal:        2746844 kB
MemFree:           84176 kB
Buffers:            9580 kB
Cached:           725060 kB
SwapCached:         4548 kB
Active:           772276 kB
Inactive:         778500 kB
Active(anon):     407996 kB
Inactive(anon):   429052 kB
Active(file):     364280 kB
Inactive(file):   349448 kB
Unevictable:       35812 kB
Mlocked:           27768 kB
SwapTotal:       1310716 kB
SwapFree:        1149504 kB
Dirty:                52 kB
Writeback:             0 kB
AnonPages:        848724 kB
Mapped:           454184 kB
Shmem:              1800 kB
Slab:             110380 kB
SReclaimable:      31620 kB
SUnreclaim:        78760 kB
KernelStack:       34464 kB
PageTables:        58308 kB
NFS_Unstable:          0 kB
Bounce:                0 kB
WritebackTmp:          0 kB
CommitLimit:     2684136 kB
Committed_AS:   140755140 kB
VmallocTotal:   251658176 kB
VmallocUsed:      326820 kB
VmallocChunk:   247561408 kB
Time pass: 259 sec

---2015-12-16 17:19:16
MemTotal:        2746844 kB
MemFree:           77516 kB
Buffers:            9596 kB
Cached:           725372 kB
SwapCached:         4548 kB
Active:           779944 kB
Inactive:         778648 kB
Active(anon):     415652 kB
Inactive(anon):   428992 kB
Active(file):     364292 kB
Inactive(file):   349656 kB
Unevictable:       35812 kB
Mlocked:           27768 kB
SwapTotal:       1310716 kB
SwapFree:        1149740 kB
Dirty:                88 kB
Writeback:             0 kB
AnonPages:        856240 kB
Mapped:           459324 kB
Shmem:              1808 kB
Slab:             110376 kB
SReclaimable:      31620 kB
SUnreclaim:        78756 kB
KernelStack:       34624 kB
PageTables:        58776 kB
NFS_Unstable:          0 kB
Bounce:                0 kB
WritebackTmp:          0 kB
CommitLimit:     2684136 kB
Committed_AS:   141997180 kB
VmallocTotal:   251658176 kB
VmallocUsed:      327840 kB
VmallocChunk:   247561408 kB
Time pass: 262 sec

---2015-12-16 17:19:16
MemTotal:        2746844 kB
MemFree:           68548 kB
Buffers:            9604 kB
Cached:           725276 kB
SwapCached:         4548 kB
Active:           787508 kB
Inactive:         778648 kB
Active(anon):     423224 kB
Inactive(anon):   428964 kB
Active(file):     364284 kB
Inactive(file):   349684 kB
Unevictable:       35812 kB
Mlocked:           27768 kB
SwapTotal:       1310716 kB
SwapFree:        1149744 kB
Dirty:                44 kB
Writeback:             0 kB
AnonPages:        864116 kB
Mapped:           460636 kB
Shmem:              1804 kB
Slab:             110432 kB
SReclaimable:      31620 kB
SUnreclaim:        78812 kB
KernelStack:       35152 kB
PageTables:        58884 kB
NFS_Unstable:          0 kB
Bounce:                0 kB
WritebackTmp:          0 kB
CommitLimit:     2684136 kB
Committed_AS:   142025436 kB
VmallocTotal:   251658176 kB
VmallocUsed:      327840 kB
VmallocChunk:   247561408 kB
Time pass: 266 sec

---2015-12-16 17:19:16
MemTotal:        2746844 kB
MemFree:           75536 kB
Buffers:            9628 kB
Cached:           725372 kB
SwapCached:         4548 kB
Active:           788732 kB
Inactive:         778712 kB
Active(anon):     424448 kB
Inactive(anon):   429004 kB
Active(file):     364284 kB
Inactive(file):   349708 kB
Unevictable:       35812 kB
Mlocked:           27768 kB
SwapTotal:       1310716 kB
SwapFree:        1149744 kB
Dirty:                 0 kB
Writeback:             0 kB
AnonPages:        865148 kB
Mapped:           460732 kB
Shmem:              1900 kB
Slab:             110448 kB
SReclaimable:      31624 kB
SUnreclaim:        78824 kB
KernelStack:       35248 kB
PageTables:        58988 kB
NFS_Unstable:          0 kB
Bounce:                0 kB
WritebackTmp:          0 kB
CommitLimit:     2684136 kB
Committed_AS:   142052252 kB
VmallocTotal:   251658176 kB
VmallocUsed:      327840 kB
VmallocChunk:   247561408 kB
Time pass: 269 sec

---2015-12-16 17:19:16
MemTotal:        2746844 kB
MemFree:           74500 kB
Buffers:            9872 kB
Cached:           725444 kB
SwapCached:         4548 kB
Active:           789904 kB
Inactive:         778944 kB
Active(anon):     425620 kB
Inactive(anon):   429032 kB
Active(file):     364284 kB
Inactive(file):   349912 kB
Unevictable:       35812 kB
Mlocked:           27768 kB
SwapTotal:       1310716 kB
SwapFree:        1149744 kB
Dirty:                72 kB
Writeback:             0 kB
AnonPages:        866696 kB
Mapped:           460748 kB
Shmem:              1916 kB
Slab:             110464 kB
SReclaimable:      31624 kB
SUnreclaim:        78840 kB
KernelStack:       35264 kB
PageTables:        58996 kB
NFS_Unstable:          0 kB
Bounce:                0 kB
WritebackTmp:          0 kB
CommitLimit:     2684136 kB
Committed_AS:   142053116 kB
VmallocTotal:   251658176 kB
VmallocUsed:      327840 kB
VmallocChunk:   247561408 kB
Time pass: 273 sec

---2015-12-16 17:19:16
MemTotal:        2746844 kB
MemFree:           73736 kB
Buffers:            9888 kB
Cached:           725388 kB
SwapCached:         4548 kB
Active:           790532 kB
Inactive:         779000 kB
Active(anon):     426248 kB
Inactive(anon):   429048 kB
Active(file):     364284 kB
Inactive(file):   349952 kB
Unevictable:       35812 kB
Mlocked:           27768 kB
SwapTotal:       1310716 kB
SwapFree:        1149744 kB
Dirty:                 0 kB
Writeback:             0 kB
AnonPages:        867544 kB
Mapped:           460844 kB
Shmem:              1932 kB
Slab:             110432 kB
SReclaimable:      31624 kB
SUnreclaim:        78808 kB
KernelStack:       35168 kB
PageTables:        58992 kB
NFS_Unstable:          0 kB
Bounce:                0 kB
WritebackTmp:          0 kB
CommitLimit:     2684136 kB
Committed_AS:   142052956 kB
VmallocTotal:   251658176 kB
VmallocUsed:      327840 kB
VmallocChunk:   247561408 kB
Time pass: 276 sec

---2015-12-16 17:19:16
MemTotal:        2746844 kB
MemFree:           88912 kB
Buffers:            9928 kB
Cached:           725396 kB
SwapCached:         4548 kB
Active:           783452 kB
Inactive:         779036 kB
Active(anon):     419168 kB
Inactive(anon):   429028 kB
Active(file):     364284 kB
Inactive(file):   350008 kB
Unevictable:       35812 kB
Mlocked:           27768 kB
SwapTotal:       1310716 kB
SwapFree:        1149748 kB
Dirty:                 0 kB
Writeback:             0 kB
AnonPages:        859576 kB
Mapped:           454400 kB
Shmem:              1932 kB
Slab:             110428 kB
SReclaimable:      31628 kB
SUnreclaim:        78800 kB
KernelStack:       34432 kB
PageTables:        58432 kB
NFS_Unstable:          0 kB
Bounce:                0 kB
WritebackTmp:          0 kB
CommitLimit:     2684136 kB
Committed_AS:   140800492 kB
VmallocTotal:   251658176 kB
VmallocUsed:      326820 kB
VmallocChunk:   247561408 kB
Time pass: 280 sec

---2015-12-16 17:19:16
MemTotal:        2746844 kB
MemFree:           70348 kB
Buffers:            9936 kB
Cached:           725404 kB
SwapCached:         4548 kB
Active:           801000 kB
Inactive:         779008 kB
Active(anon):     436716 kB
Inactive(anon):   428996 kB
Active(file):     364284 kB
Inactive(file):   350012 kB
Unevictable:       35812 kB
Mlocked:           27768 kB
SwapTotal:       1310716 kB
SwapFree:        1149780 kB
Dirty:               156 kB
Writeback:             0 kB
AnonPages:        877636 kB
Mapped:           460756 kB
Shmem:              1932 kB
Slab:             110716 kB
SReclaimable:      31852 kB
SUnreclaim:        78864 kB
KernelStack:       35136 kB
PageTables:        59004 kB
NFS_Unstable:          0 kB
Bounce:                0 kB
WritebackTmp:          0 kB
CommitLimit:     2684136 kB
Committed_AS:   142052360 kB
VmallocTotal:   251658176 kB
VmallocUsed:      327840 kB
VmallocChunk:   247561408 kB
Time pass: 283 sec

---2015-12-16 17:19:16
MemTotal:        2746844 kB
MemFree:           72280 kB
Buffers:            9952 kB
Cached:           725480 kB
SwapCached:         4548 kB
Active:           801116 kB
Inactive:         779044 kB
Active(anon):     436828 kB
Inactive(anon):   429020 kB
Active(file):     364288 kB
Inactive(file):   350024 kB
Unevictable:       35812 kB
Mlocked:           27768 kB
SwapTotal:       1310716 kB
SwapFree:        1149784 kB
Dirty:               152 kB
Writeback:             0 kB
AnonPages:        877588 kB
Mapped:           460936 kB
Shmem:              2012 kB
Slab:             110500 kB
SReclaimable:      31740 kB
SUnreclaim:        78760 kB
KernelStack:       35104 kB
PageTables:        59132 kB
NFS_Unstable:          0 kB
Bounce:                0 kB
WritebackTmp:          0 kB
CommitLimit:     2684136 kB
Committed_AS:   142079180 kB
VmallocTotal:   251658176 kB
VmallocUsed:      327840 kB
VmallocChunk:   247561408 kB
Time pass: 287 sec

---2015-12-16 17:19:16
MemTotal:        2746844 kB
MemFree:           73756 kB
Buffers:            9968 kB
Cached:           725540 kB
SwapCached:         4548 kB
Active:           799060 kB
Inactive:         779108 kB
Active(anon):     434768 kB
Inactive(anon):   429064 kB
Active(file):     364292 kB
Inactive(file):   350044 kB
Unevictable:       35812 kB
Mlocked:           27768 kB
SwapTotal:       1310716 kB
SwapFree:        1149800 kB
Dirty:                 0 kB
Writeback:             0 kB
AnonPages:        874908 kB
Mapped:           460908 kB
Shmem:              2064 kB
Slab:             110488 kB
SReclaimable:      31740 kB
SUnreclaim:        78748 kB
KernelStack:       35120 kB
PageTables:        59120 kB
NFS_Unstable:          0 kB
Bounce:                0 kB
WritebackTmp:          0 kB
CommitLimit:     2684136 kB
Committed_AS:   142105788 kB
VmallocTotal:   251658176 kB
VmallocUsed:      327840 kB
VmallocChunk:   247561408 kB
Time pass: 290 sec

---2015-12-16 17:19:16
MemTotal:        2746844 kB
MemFree:           72072 kB
Buffers:            9976 kB
Cached:           725540 kB
SwapCached:         4552 kB
Active:           800296 kB
Inactive:         779128 kB
Active(anon):     436004 kB
Inactive(anon):   429076 kB
Active(file):     364292 kB
Inactive(file):   350052 kB
Unevictable:       35812 kB
Mlocked:           27768 kB
SwapTotal:       1310716 kB
SwapFree:        1149808 kB
Dirty:                64 kB
Writeback:             0 kB
AnonPages:        876872 kB
Mapped:           460984 kB
Shmem:              2064 kB
Slab:             110492 kB
SReclaimable:      31744 kB
SUnreclaim:        78748 kB
KernelStack:       35104 kB
PageTables:        59120 kB
NFS_Unstable:          0 kB
Bounce:                0 kB
WritebackTmp:          0 kB
CommitLimit:     2684136 kB
Committed_AS:   142106196 kB
VmallocTotal:   251658176 kB
VmallocUsed:      327840 kB
VmallocChunk:   247561408 kB
Time pass: 294 sec

---2015-12-16 17:19:16
MemTotal:        2746844 kB
MemFree:           80144 kB
Buffers:           10000 kB
Cached:           726100 kB
SwapCached:         4552 kB
Active:           793100 kB
Inactive:         779564 kB
Active(anon):     428800 kB
Inactive(anon):   428972 kB
Active(file):     364300 kB
Inactive(file):   350592 kB
Unevictable:       35812 kB
Mlocked:           27768 kB
SwapTotal:       1310716 kB
SwapFree:        1149812 kB
Dirty:                96 kB
Writeback:             0 kB
AnonPages:        869588 kB
Mapped:           454480 kB
Shmem:              2064 kB
Slab:             110524 kB
SReclaimable:      31744 kB
SUnreclaim:        78780 kB
KernelStack:       34416 kB
PageTables:        58532 kB
NFS_Unstable:          0 kB
Bounce:                0 kB
WritebackTmp:          0 kB
CommitLimit:     2684136 kB
Committed_AS:   140853932 kB
VmallocTotal:   251658176 kB
VmallocUsed:      326820 kB
VmallocChunk:   247561408 kB
Time pass: 297 sec

---2015-12-16 17:19:16
MemTotal:        2746844 kB
MemFree:           73344 kB
Buffers:           10000 kB
Cached:           726100 kB
SwapCached:         4552 kB
Active:           800704 kB
Inactive:         779532 kB
Active(anon):     436404 kB
Inactive(anon):   428904 kB
Active(file):     364300 kB
Inactive(file):   350628 kB
Unevictable:       35812 kB
Mlocked:           27768 kB
SwapTotal:       1310716 kB
SwapFree:        1149812 kB
Dirty:                 0 kB
Writeback:             0 kB
AnonPages:        877100 kB
Mapped:           459268 kB
Shmem:              2064 kB
Slab:             110508 kB
SReclaimable:      31744 kB
SUnreclaim:        78764 kB
KernelStack:       34400 kB
PageTables:        58832 kB
NFS_Unstable:          0 kB
Bounce:                0 kB
WritebackTmp:          0 kB
CommitLimit:     2684136 kB
Committed_AS:   142104224 kB
VmallocTotal:   251658176 kB
VmallocUsed:      327840 kB
VmallocChunk:   247561408 kB
Time pass: 301 sec

---2015-12-16 17:19:16
MemTotal:        2746844 kB
MemFree:           66064 kB
Buffers:            9996 kB
Cached:           725616 kB
SwapCached:         4552 kB
Active:           796748 kB
Inactive:         787208 kB
Active(anon):     433520 kB
Inactive(anon):   435744 kB
Active(file):     363228 kB
Inactive(file):   351464 kB
Unevictable:       35812 kB
Mlocked:           27768 kB
SwapTotal:       1310716 kB
SwapFree:        1148528 kB
Dirty:               152 kB
Writeback:             0 kB
AnonPages:        880876 kB
Mapped:           460076 kB
Shmem:              2064 kB
Slab:             110512 kB
SReclaimable:      31744 kB
SUnreclaim:        78768 kB
KernelStack:       35168 kB
PageTables:        59120 kB
NFS_Unstable:          0 kB
Bounce:                0 kB
WritebackTmp:          0 kB
CommitLimit:     2684136 kB
Committed_AS:   142105040 kB
VmallocTotal:   251658176 kB
VmallocUsed:      327840 kB
VmallocChunk:   247561408 kB
Time pass: 304 sec

---2015-12-16 17:19:16
MemTotal:        2746844 kB
MemFree:           80016 kB
Buffers:           10004 kB
Cached:           725724 kB
SwapCached:         4552 kB
Active:           783092 kB
Inactive:         787436 kB
Active(anon):     419912 kB
Inactive(anon):   436112 kB
Active(file):     363180 kB
Inactive(file):   351324 kB
Unevictable:       35812 kB
Mlocked:           27768 kB
SwapTotal:       1310716 kB
SwapFree:        1148528 kB
Dirty:               104 kB
Writeback:             0 kB
AnonPages:        867388 kB
Mapped:           460296 kB
Shmem:              2116 kB
Slab:             110540 kB
SReclaimable:      31744 kB
SUnreclaim:        78796 kB
KernelStack:       35184 kB
PageTables:        59180 kB
NFS_Unstable:          0 kB
Bounce:                0 kB
WritebackTmp:          0 kB
CommitLimit:     2684136 kB
Committed_AS:   142131764 kB
VmallocTotal:   251658176 kB
VmallocUsed:      327840 kB
VmallocChunk:   247561408 kB
Time pass: 308 sec

---2015-12-16 17:19:16
MemTotal:        2746844 kB
MemFree:           78620 kB
Buffers:           10028 kB
Cached:           725772 kB
SwapCached:         4552 kB
Active:           784524 kB
Inactive:         787464 kB
Active(anon):     421344 kB
Inactive(anon):   436116 kB
Active(file):     363180 kB
Inactive(file):   351348 kB
Unevictable:       35812 kB
Mlocked:           27768 kB
SwapTotal:       1310716 kB
SwapFree:        1148528 kB
Dirty:                 0 kB
Writeback:             0 kB
AnonPages:        869056 kB
Mapped:           460344 kB
Shmem:              2164 kB
Slab:             110596 kB
SReclaimable:      31744 kB
SUnreclaim:        78852 kB
KernelStack:       35200 kB
PageTables:        59224 kB
NFS_Unstable:          0 kB
Bounce:                0 kB
WritebackTmp:          0 kB
CommitLimit:     2684136 kB
Committed_AS:   142158736 kB
VmallocTotal:   251658176 kB
VmallocUsed:      327840 kB
VmallocChunk:   247561408 kB
Time pass: 311 sec

---2015-12-16 17:19:16
MemTotal:        2746844 kB
MemFree:           78556 kB
Buffers:           10028 kB
Cached:           725824 kB
SwapCached:         4552 kB
Active:           784416 kB
Inactive:         787516 kB
Active(anon):     421236 kB
Inactive(anon):   436168 kB
Active(file):     363180 kB
Inactive(file):   351348 kB
Unevictable:       35812 kB
Mlocked:           27768 kB
SwapTotal:       1310716 kB
SwapFree:        1148528 kB
Dirty:                 0 kB
Writeback:             0 kB
AnonPages:        868816 kB
Mapped:           460560 kB
Shmem:              2216 kB
Slab:             110596 kB
SReclaimable:      31744 kB
SUnreclaim:        78852 kB
KernelStack:       35168 kB
PageTables:        59252 kB
NFS_Unstable:          0 kB
Bounce:                0 kB
WritebackTmp:          0 kB
CommitLimit:     2684136 kB
Committed_AS:   142158708 kB
VmallocTotal:   251658176 kB
VmallocUsed:      327840 kB
VmallocChunk:   247561408 kB
Time pass: 315 sec

---2015-12-16 17:19:16
MemTotal:        2746844 kB
MemFree:           88812 kB
Buffers:           10052 kB
Cached:           725852 kB
SwapCached:         4552 kB
Active:           775680 kB
Inactive:         787480 kB
Active(anon):     412500 kB
Inactive(anon):   436108 kB
Active(file):     363180 kB
Inactive(file):   351372 kB
Unevictable:       35812 kB
Mlocked:           27768 kB
SwapTotal:       1310716 kB
SwapFree:        1148528 kB
Dirty:                80 kB
Writeback:             0 kB
AnonPages:        860088 kB
Mapped:           453972 kB
Shmem:              2244 kB
Slab:             110548 kB
SReclaimable:      31744 kB
SUnreclaim:        78804 kB
KernelStack:       34432 kB
PageTables:        58636 kB
NFS_Unstable:          0 kB
Bounce:                0 kB
WritebackTmp:          0 kB
CommitLimit:     2684136 kB
Committed_AS:   140906244 kB
VmallocTotal:   251658176 kB
VmallocUsed:      326820 kB
VmallocChunk:   247561408 kB
Time pass: 318 sec

---2015-12-16 17:19:16
MemTotal:        2746844 kB
MemFree:           74748 kB
Buffers:           10068 kB
Cached:           725852 kB
SwapCached:         4552 kB
Active:           789548 kB
Inactive:         787464 kB
Active(anon):     426364 kB
Inactive(anon):   436096 kB
Active(file):     363184 kB
Inactive(file):   351368 kB
Unevictable:       35812 kB
Mlocked:           27768 kB
SwapTotal:       1310716 kB
SwapFree:        1148532 kB
Dirty:                40 kB
Writeback:             0 kB
AnonPages:        874348 kB
Mapped:           460420 kB
Shmem:              2260 kB
Slab:             110548 kB
SReclaimable:      31744 kB
SUnreclaim:        78804 kB
KernelStack:       35136 kB
PageTables:        58928 kB
NFS_Unstable:          0 kB
Bounce:                0 kB
WritebackTmp:          0 kB
CommitLimit:     2684136 kB
Committed_AS:   142167156 kB
VmallocTotal:   251658176 kB
VmallocUsed:      327872 kB
VmallocChunk:   247561408 kB
Time pass: 322 sec

---2015-12-16 17:19:16
MemTotal:        2746844 kB
MemFree:           72688 kB
Buffers:           10068 kB
Cached:           725916 kB
SwapCached:         4552 kB
Active:           790768 kB
Inactive:         787488 kB
Active(anon):     427588 kB
Inactive(anon):   436100 kB
Active(file):     363180 kB
Inactive(file):   351388 kB
Unevictable:       35812 kB
Mlocked:           27768 kB
SwapTotal:       1310716 kB
SwapFree:        1148532 kB
Dirty:               152 kB
Writeback:             0 kB
AnonPages:        875176 kB
Mapped:           460488 kB
Shmem:              2308 kB
Slab:             110692 kB
SReclaimable:      31824 kB
SUnreclaim:        78868 kB
KernelStack:       35152 kB
PageTables:        59284 kB
NFS_Unstable:          0 kB
Bounce:                0 kB
WritebackTmp:          0 kB
CommitLimit:     2684136 kB
Committed_AS:   142185012 kB
VmallocTotal:   251658176 kB
VmallocUsed:      327840 kB
VmallocChunk:   247561408 kB
Time pass: 325 sec

---2015-12-16 17:19:16
MemTotal:        2746844 kB
MemFree:           71040 kB
Buffers:           10100 kB
Cached:           725948 kB
SwapCached:         4552 kB
Active:           792988 kB
Inactive:         787508 kB
Active(anon):     429808 kB
Inactive(anon):   436100 kB
Active(file):     363180 kB
Inactive(file):   351408 kB
Unevictable:       35812 kB
Mlocked:           27768 kB
SwapTotal:       1310716 kB
SwapFree:        1148532 kB
Dirty:               108 kB
Writeback:             0 kB
AnonPages:        877384 kB
Mapped:           460532 kB
Shmem:              2352 kB
Slab:             110668 kB
SReclaimable:      31824 kB
SUnreclaim:        78844 kB
KernelStack:       35168 kB
PageTables:        59332 kB
NFS_Unstable:          0 kB
Bounce:                0 kB
WritebackTmp:          0 kB
CommitLimit:     2684136 kB
Committed_AS:   142211660 kB
VmallocTotal:   251658176 kB
VmallocUsed:      327840 kB
VmallocChunk:   247561408 kB
Time pass: 329 sec

---2015-12-16 17:19:16
MemTotal:        2746844 kB
MemFree:           69436 kB
Buffers:           10100 kB
Cached:           725968 kB
SwapCached:         4552 kB
Active:           794176 kB
Inactive:         787448 kB
Active(anon):     430996 kB
Inactive(anon):   436028 kB
Active(file):     363180 kB
Inactive(file):   351420 kB
Unevictable:       35812 kB
Mlocked:           27768 kB
SwapTotal:       1310716 kB
SwapFree:        1148532 kB
Dirty:                 0 kB
Writeback:             0 kB
AnonPages:        878340 kB
Mapped:           460616 kB
Shmem:              2360 kB
Slab:             110660 kB
SReclaimable:      31824 kB
SUnreclaim:        78836 kB
KernelStack:       35120 kB
PageTables:        59348 kB
NFS_Unstable:          0 kB
Bounce:                0 kB
WritebackTmp:          0 kB
CommitLimit:     2684136 kB
Committed_AS:   142212028 kB
VmallocTotal:   251658176 kB
VmallocUsed:      327840 kB
VmallocChunk:   247561408 kB
Time pass: 333 sec

---2015-12-16 17:19:16
MemTotal:        2746844 kB
MemFree:           77916 kB
Buffers:           10108 kB
Cached:           725976 kB
SwapCached:         4552 kB
Active:           786800 kB
Inactive:         787440 kB
Active(anon):     423620 kB
Inactive(anon):   436012 kB
Active(file):     363180 kB
Inactive(file):   351428 kB
Unevictable:       35812 kB
Mlocked:           27768 kB
SwapTotal:       1310716 kB
SwapFree:        1148540 kB
Dirty:                52 kB
Writeback:             0 kB
AnonPages:        870980 kB
Mapped:           454096 kB
Shmem:              2368 kB
Slab:             110644 kB
SReclaimable:      31824 kB
SUnreclaim:        78820 kB
KernelStack:       34400 kB
PageTables:        58752 kB
NFS_Unstable:          0 kB
Bounce:                0 kB
WritebackTmp:          0 kB
CommitLimit:     2684136 kB
Committed_AS:   140959428 kB
VmallocTotal:   251658176 kB
VmallocUsed:      326820 kB
VmallocChunk:   247561408 kB
Time pass: 336 sec

---2015-12-16 17:19:16
MemTotal:        2746844 kB
MemFree:           69088 kB
Buffers:           10164 kB
Cached:           725976 kB
SwapCached:         4552 kB
Active:           796160 kB
Inactive:         787512 kB
Active(anon):     432980 kB
Inactive(anon):   436028 kB
Active(file):     363180 kB
Inactive(file):   351484 kB
Unevictable:       35812 kB
Mlocked:           27768 kB
SwapTotal:       1310716 kB
SwapFree:        1148540 kB
Dirty:               120 kB
Writeback:             0 kB
AnonPages:        880204 kB
Mapped:           459896 kB
Shmem:              2368 kB
Slab:             110640 kB
SReclaimable:      31824 kB
SUnreclaim:        78816 kB
KernelStack:       34592 kB
PageTables:        59220 kB
NFS_Unstable:          0 kB
Bounce:                0 kB
WritebackTmp:          0 kB
CommitLimit:     2684136 kB
Committed_AS:   142210692 kB
VmallocTotal:   251658176 kB
VmallocUsed:      327840 kB
VmallocChunk:   247561408 kB
Time pass: 340 sec

---2015-12-16 17:19:16
MemTotal:        2746844 kB
MemFree:           68176 kB
Buffers:           10120 kB
Cached:           723128 kB
SwapCached:         4552 kB
Active:           796216 kB
Inactive:         786868 kB
Active(anon):     434744 kB
Inactive(anon):   436572 kB
Active(file):     361472 kB
Inactive(file):   350296 kB
Unevictable:       35812 kB
Mlocked:           27768 kB
SwapTotal:       1310716 kB
SwapFree:        1145196 kB
Dirty:               176 kB
Writeback:             0 kB
AnonPages:        882452 kB
Mapped:           458824 kB
Shmem:              2372 kB
Slab:             110760 kB
SReclaimable:      31780 kB
SUnreclaim:        78980 kB
KernelStack:       35088 kB
PageTables:        59348 kB
NFS_Unstable:          0 kB
Bounce:                0 kB
WritebackTmp:          0 kB
CommitLimit:     2684136 kB
Committed_AS:   142211508 kB
VmallocTotal:   251658176 kB
VmallocUsed:      327840 kB
VmallocChunk:   247561408 kB
Time pass: 343 sec

---2015-12-16 17:19:16
MemTotal:        2746844 kB
MemFree:           71844 kB
Buffers:           10128 kB
Cached:           723172 kB
SwapCached:         4552 kB
Active:           792724 kB
Inactive:         786456 kB
Active(anon):     431252 kB
Inactive(anon):   436148 kB
Active(file):     361472 kB
Inactive(file):   350308 kB
Unevictable:       35812 kB
Mlocked:           27768 kB
SwapTotal:       1310716 kB
SwapFree:        1145196 kB
Dirty:                 0 kB
Writeback:             0 kB
AnonPages:        878620 kB
Mapped:           458844 kB
Shmem:              2412 kB
Slab:             110700 kB
SReclaimable:      31764 kB
SUnreclaim:        78936 kB
KernelStack:       35136 kB
PageTables:        59396 kB
NFS_Unstable:          0 kB
Bounce:                0 kB
WritebackTmp:          0 kB
CommitLimit:     2684136 kB
Committed_AS:   142238324 kB
VmallocTotal:   251658176 kB
VmallocUsed:      327840 kB
VmallocChunk:   247561408 kB
Time pass: 347 sec

---2015-12-16 17:19:16
MemTotal:        2746844 kB
MemFree:           72596 kB
Buffers:           10160 kB
Cached:           723228 kB
SwapCached:         4552 kB
Active:           791864 kB
Inactive:         786480 kB
Active(anon):     430388 kB
Inactive(anon):   436144 kB
Active(file):     361476 kB
Inactive(file):   350336 kB
Unevictable:       35812 kB
Mlocked:           27768 kB
SwapTotal:       1310716 kB
SwapFree:        1145196 kB
Dirty:               116 kB
Writeback:             0 kB
AnonPages:        877748 kB
Mapped:           458892 kB
Shmem:              2468 kB
Slab:             110788 kB
SReclaimable:      31764 kB
SUnreclaim:        79024 kB
KernelStack:       35104 kB
PageTables:        59424 kB
NFS_Unstable:          0 kB
Bounce:                0 kB
WritebackTmp:          0 kB
CommitLimit:     2684136 kB
Committed_AS:   142265276 kB
VmallocTotal:   251658176 kB
VmallocUsed:      327840 kB
VmallocChunk:   247561408 kB
Time pass: 350 sec

---2015-12-16 17:19:16
MemTotal:        2746844 kB
MemFree:           71600 kB
Buffers:           10160 kB
Cached:           723248 kB
SwapCached:         4552 kB
Active:           792616 kB
Inactive:         786488 kB
Active(anon):     431140 kB
Inactive(anon):   436152 kB
Active(file):     361476 kB
Inactive(file):   350336 kB
Unevictable:       35812 kB
Mlocked:           27768 kB
SwapTotal:       1310716 kB
SwapFree:        1145200 kB
Dirty:                 0 kB
Writeback:             0 kB
AnonPages:        878764 kB
Mapped:           458996 kB
Shmem:              2488 kB
Slab:             110764 kB
SReclaimable:      31764 kB
SUnreclaim:        79000 kB
KernelStack:       35072 kB
