---2015-10-15 22:46:21
MemTotal:        2582696 kB
MemFree:          114436 kB
Buffers:           18048 kB
Cached:          1247508 kB
SwapCached:            0 kB
Active:          1044012 kB
Inactive:         984508 kB
Active(anon):     623780 kB
Inactive(anon):   182692 kB
Active(file):     420232 kB
Inactive(file):   801816 kB
Unevictable:        2968 kB
Mlocked:               0 kB
SwapTotal:        524284 kB
SwapFree:         524284 kB
Dirty:               716 kB
Writeback:             0 kB
AnonPages:        766080 kB
Mapped:           403544 kB
Shmem:             40540 kB
Slab:             100644 kB
SReclaimable:      30892 kB
SUnreclaim:        69752 kB
KernelStack:       38224 kB
PageTables:        40932 kB
NFS_Unstable:          0 kB
Bounce:                0 kB
WritebackTmp:          0 kB
CommitLimit:     1815632 kB
Committed_AS:   117858964 kB
VmallocTotal:   251658176 kB
VmallocUsed:      121584 kB
VmallocChunk:   251440548 kB
Time pass: 3 sec

---2015-10-15 22:46:21
MemTotal:        2582696 kB
MemFree:          113868 kB
Buffers:           18056 kB
Cached:          1247572 kB
SwapCached:            0 kB
Active:          1044528 kB
Inactive:         984576 kB
Active(anon):     624296 kB
Inactive(anon):   182692 kB
Active(file):     420232 kB
Inactive(file):   801884 kB
Unevictable:        2968 kB
Mlocked:               0 kB
SwapTotal:        524284 kB
SwapFree:         524284 kB
Dirty:               688 kB
Writeback:            56 kB
AnonPages:        766520 kB
Mapped:           403552 kB
Shmem:             40540 kB
Slab:             100652 kB
SReclaimable:      30892 kB
SUnreclaim:        69760 kB
KernelStack:       38224 kB
PageTables:        40984 kB
NFS_Unstable:          0 kB
Bounce:                0 kB
WritebackTmp:          0 kB
CommitLimit:     1815632 kB
Committed_AS:   117859060 kB
VmallocTotal:   251658176 kB
VmallocUsed:      121584 kB
VmallocChunk:   251440548 kB
Time pass: 7 sec

---2015-10-15 22:46:21
MemTotal:        2582696 kB
MemFree:          113004 kB
Buffers:           18056 kB
Cached:          1247620 kB
SwapCached:            0 kB
Active:          1045148 kB
Inactive:         984620 kB
Active(anon):     624912 kB
Inactive(anon):   182692 kB
Active(file):     420236 kB
Inactive(file):   801928 kB
Unevictable:        2968 kB
Mlocked:               0 kB
SwapTotal:        524284 kB
SwapFree:         524284 kB
Dirty:               732 kB
Writeback:             0 kB
AnonPages:        767084 kB
Mapped:           403640 kB
Shmem:             40540 kB
Slab:             100764 kB
SReclaimable:      30892 kB
SUnreclaim:        69872 kB
KernelStack:       38224 kB
PageTables:        40980 kB
NFS_Unstable:          0 kB
Bounce:                0 kB
WritebackTmp:          0 kB
CommitLimit:     1815632 kB
Committed_AS:   117859060 kB
VmallocTotal:   251658176 kB
VmallocUsed:      121584 kB
VmallocChunk:   251440548 kB
Time pass: 10 sec

---2015-10-15 22:46:21
MemTotal:        2582696 kB
MemFree:          112732 kB
Buffers:           18064 kB
Cached:          1247628 kB
SwapCached:            0 kB
Active:          1045356 kB
Inactive:         984632 kB
Active(anon):     625120 kB
Inactive(anon):   182692 kB
Active(file):     420236 kB
Inactive(file):   801940 kB
Unevictable:        2968 kB
Mlocked:               0 kB
SwapTotal:        524284 kB
SwapFree:         524284 kB
Dirty:               708 kB
Writeback:             0 kB
AnonPages:        767340 kB
Mapped:           403648 kB
Shmem:             40540 kB
Slab:             100676 kB
SReclaimable:      30892 kB
SUnreclaim:        69784 kB
KernelStack:       38256 kB
PageTables:        41012 kB
NFS_Unstable:          0 kB
Bounce:                0 kB
WritebackTmp:          0 kB
CommitLimit:     1815632 kB
Committed_AS:   117859060 kB
VmallocTotal:   251658176 kB
VmallocUsed:      121584 kB
VmallocChunk:   251440548 kB
Time pass: 14 sec

---2015-10-15 22:46:21
MemTotal:        2582696 kB
MemFree:          112760 kB
Buffers:           18064 kB
Cached:          1247644 kB
SwapCached:            0 kB
Active:          1045976 kB
Inactive:         984656 kB
Active(anon):     625740 kB
Inactive(anon):   182692 kB
Active(file):     420236 kB
Inactive(file):   801964 kB
Unevictable:        2968 kB
Mlocked:               0 kB
SwapTotal:        524284 kB
SwapFree:         524284 kB
Dirty:               688 kB
Writeback:             0 kB
AnonPages:        768040 kB
Mapped:           403568 kB
Shmem:             40540 kB
Slab:             100780 kB
SReclaimable:      30956 kB
SUnreclaim:        69824 kB
KernelStack:       38224 kB
PageTables:        40948 kB
NFS_Unstable:          0 kB
Bounce:                0 kB
WritebackTmp:          0 kB
CommitLimit:     1815632 kB
Committed_AS:   117859044 kB
VmallocTotal:   251658176 kB
VmallocUsed:      121584 kB
VmallocChunk:   251440548 kB
Time pass: 18 sec

---2015-10-15 22:46:21
MemTotal:        2582696 kB
MemFree:          112108 kB
Buffers:           18072 kB
Cached:          1247660 kB
SwapCached:            0 kB
Active:          1046792 kB
Inactive:         984672 kB
Active(anon):     626556 kB
Inactive(anon):   182692 kB
Active(file):     420236 kB
Inactive(file):   801980 kB
Unevictable:        2968 kB
Mlocked:               0 kB
SwapTotal:        524284 kB
SwapFree:         524284 kB
Dirty:               724 kB
Writeback:             0 kB
AnonPages:        768832 kB
Mapped:           403652 kB
Shmem:             40540 kB
Slab:             100672 kB
SReclaimable:      30956 kB
SUnreclaim:        69716 kB
KernelStack:       38224 kB
PageTables:        40980 kB
NFS_Unstable:          0 kB
Bounce:                0 kB
WritebackTmp:          0 kB
CommitLimit:     1815632 kB
Committed_AS:   117859060 kB
VmallocTotal:   251658176 kB
VmallocUsed:      121584 kB
VmallocChunk:   251440548 kB
Time pass: 21 sec

---2015-10-15 22:46:21
MemTotal:        2582696 kB
MemFree:          110292 kB
Buffers:           18072 kB
Cached:          1247668 kB
SwapCached:            0 kB
Active:          1048876 kB
Inactive:         984688 kB
Active(anon):     628640 kB
Inactive(anon):   182692 kB
Active(file):     420236 kB
Inactive(file):   801996 kB
Unevictable:        2968 kB
Mlocked:               0 kB
SwapTotal:        524284 kB
SwapFree:         524284 kB
Dirty:               696 kB
Writeback:             0 kB
AnonPages:        770644 kB
Mapped:           403572 kB
Shmem:             40540 kB
Slab:             100760 kB
SReclaimable:      30956 kB
SUnreclaim:        69804 kB
KernelStack:       38224 kB
PageTables:        40944 kB
NFS_Unstable:          0 kB
Bounce:                0 kB
WritebackTmp:          0 kB
CommitLimit:     1815632 kB
Committed_AS:   117859060 kB
VmallocTotal:   251658176 kB
VmallocUsed:      121584 kB
VmallocChunk:   251440548 kB
Time pass: 25 sec

---2015-10-15 22:46:21
MemTotal:        2582696 kB
MemFree:          112904 kB
Buffers:           18076 kB
Cached:          1244316 kB
SwapCached:            0 kB
Active:          1051784 kB
Inactive:         978804 kB
Active(anon):     629016 kB
Inactive(anon):   182692 kB
Active(file):     422768 kB
Inactive(file):   796112 kB
Unevictable:        2968 kB
Mlocked:               0 kB
SwapTotal:        524284 kB
SwapFree:         524284 kB
Dirty:               708 kB
Writeback:             0 kB
AnonPages:        771188 kB
Mapped:           403544 kB
Shmem:             40540 kB
Slab:             100816 kB
SReclaimable:      30972 kB
SUnreclaim:        69844 kB
KernelStack:       38224 kB
PageTables:        40936 kB
NFS_Unstable:          0 kB
Bounce:                0 kB
WritebackTmp:          0 kB
CommitLimit:     1815632 kB
Committed_AS:   117859044 kB
VmallocTotal:   251658176 kB
VmallocUsed:      121584 kB
VmallocChunk:   251440548 kB
Time pass: 29 sec

---2015-10-15 22:46:21
MemTotal:        2582696 kB
MemFree:          112156 kB
Buffers:           18076 kB
Cached:          1244324 kB
SwapCached:            0 kB
Active:          1052316 kB
Inactive:         978812 kB
Active(anon):     629548 kB
Inactive(anon):   182692 kB
Active(file):     422768 kB
Inactive(file):   796120 kB
Unevictable:        2968 kB
Mlocked:               0 kB
SwapTotal:        524284 kB
SwapFree:         524284 kB
Dirty:               688 kB
Writeback:             0 kB
AnonPages:        771684 kB
Mapped:           403520 kB
Shmem:             40540 kB
Slab:             100824 kB
SReclaimable:      30972 kB
SUnreclaim:        69852 kB
KernelStack:       38224 kB
PageTables:        40948 kB
NFS_Unstable:          0 kB
Bounce:                0 kB
WritebackTmp:          0 kB
CommitLimit:     1815632 kB
Committed_AS:   117859052 kB
VmallocTotal:   251658176 kB
VmallocUsed:      121584 kB
VmallocChunk:   251440548 kB
Time pass: 32 sec

---2015-10-15 22:46:21
MemTotal:        2582696 kB
MemFree:          110876 kB
Buffers:           18084 kB
Cached:          1244332 kB
SwapCached:            0 kB
Active:          1052668 kB
Inactive:         978820 kB
Active(anon):     629900 kB
Inactive(anon):   182692 kB
Active(file):     422768 kB
Inactive(file):   796128 kB
Unevictable:        2968 kB
Mlocked:               0 kB
SwapTotal:        524284 kB
SwapFree:         524284 kB
Dirty:               716 kB
Writeback:             0 kB
AnonPages:        772116 kB
Mapped:           403388 kB
Shmem:             40540 kB
Slab:             100824 kB
SReclaimable:      30972 kB
SUnreclaim:        69852 kB
KernelStack:       38224 kB
PageTables:        40984 kB
NFS_Unstable:          0 kB
Bounce:                0 kB
WritebackTmp:          0 kB
CommitLimit:     1815632 kB
Committed_AS:   117859052 kB
VmallocTotal:   251658176 kB
VmallocUsed:      121584 kB
VmallocChunk:   251440548 kB
Time pass: 36 sec

---2015-10-15 22:46:21
MemTotal:        2582696 kB
MemFree:          111908 kB
Buffers:           18084 kB
Cached:          1244532 kB
SwapCached:            0 kB
Active:          1051608 kB
Inactive:         979028 kB
Active(anon):     628840 kB
Inactive(anon):   182692 kB
Active(file):     422768 kB
Inactive(file):   796336 kB
Unevictable:        2968 kB
Mlocked:               0 kB
SwapTotal:        524284 kB
SwapFree:         524284 kB
Dirty:               692 kB
Writeback:             0 kB
AnonPages:        770984 kB
Mapped:           403540 kB
Shmem:             40540 kB
Slab:             100756 kB
SReclaimable:      30972 kB
SUnreclaim:        69784 kB
KernelStack:       38224 kB
PageTables:        40960 kB
NFS_Unstable:          0 kB
Bounce:                0 kB
WritebackTmp:          0 kB
CommitLimit:     1815632 kB
Committed_AS:   117859060 kB
VmallocTotal:   251658176 kB
VmallocUsed:      121584 kB
VmallocChunk:   251440548 kB
Time pass: 39 sec

---2015-10-15 22:46:21
MemTotal:        2582696 kB
MemFree:          113008 kB
Buffers:           18092 kB
Cached:          1244540 kB
SwapCached:            0 kB
Active:          1050160 kB
Inactive:         979040 kB
Active(anon):     627392 kB
Inactive(anon):   182692 kB
Active(file):     422768 kB
Inactive(file):   796348 kB
Unevictable:        2968 kB
Mlocked:               0 kB
SwapTotal:        524284 kB
SwapFree:         524284 kB
Dirty:               708 kB
Writeback:             0 kB
AnonPages:        769668 kB
Mapped:           403424 kB
Shmem:             40540 kB
Slab:             100600 kB
SReclaimable:      30972 kB
SUnreclaim:        69628 kB
KernelStack:       38224 kB
PageTables:        40988 kB
NFS_Unstable:          0 kB
Bounce:                0 kB
WritebackTmp:          0 kB
CommitLimit:     1815632 kB
Committed_AS:   117859044 kB
VmallocTotal:   251658176 kB
VmallocUsed:      121584 kB
VmallocChunk:   251440548 kB
Time pass: 43 sec

---2015-10-15 22:46:21
MemTotal:        2582696 kB
MemFree:          112424 kB
Buffers:           18092 kB
Cached:          1244540 kB
SwapCached:            0 kB
Active:          1050256 kB
Inactive:         979048 kB
Active(anon):     627488 kB
Inactive(anon):   182692 kB
Active(file):     422768 kB
Inactive(file):   796356 kB
Unevictable:        2968 kB
Mlocked:               0 kB
SwapTotal:        524284 kB
SwapFree:         524284 kB
Dirty:               688 kB
Writeback:             0 kB
AnonPages:        769896 kB
Mapped:           403668 kB
Shmem:             40540 kB
Slab:             100608 kB
SReclaimable:      30972 kB
SUnreclaim:        69636 kB
KernelStack:       38128 kB
PageTables:        40908 kB
NFS_Unstable:          0 kB
Bounce:                0 kB
WritebackTmp:          0 kB
CommitLimit:     1815632 kB
Committed_AS:   117859036 kB
VmallocTotal:   251658176 kB
VmallocUsed:      121584 kB
VmallocChunk:   251440548 kB
Time pass: 47 sec

---2015-10-15 22:46:21
MemTotal:        2582696 kB
MemFree:          112136 kB
Buffers:           18092 kB
Cached:          1244556 kB
SwapCached:            0 kB
Active:          1050916 kB
Inactive:         979060 kB
Active(anon):     628148 kB
Inactive(anon):   182692 kB
Active(file):     422768 kB
Inactive(file):   796368 kB
Unevictable:        2968 kB
Mlocked:               0 kB
SwapTotal:        524284 kB
SwapFree:         524284 kB
Dirty:               704 kB
Writeback:             0 kB
AnonPages:        770376 kB
Mapped:           403568 kB
Shmem:             40540 kB
Slab:             100784 kB
SReclaimable:      30972 kB
SUnreclaim:        69812 kB
KernelStack:       38224 kB
PageTables:        40960 kB
NFS_Unstable:          0 kB
Bounce:                0 kB
WritebackTmp:          0 kB
CommitLimit:     1815632 kB
Committed_AS:   117859060 kB
VmallocTotal:   251658176 kB
VmallocUsed:      121584 kB
VmallocChunk:   251440548 kB
Time pass: 50 sec

---2015-10-15 22:46:21
MemTotal:        2582696 kB
MemFree:          111508 kB
Buffers:           18100 kB
Cached:          1244572 kB
SwapCached:            0 kB
Active:          1051576 kB
Inactive:         979076 kB
Active(anon):     628808 kB
Inactive(anon):   182692 kB
Active(file):     422768 kB
Inactive(file):   796384 kB
Unevictable:        2968 kB
Mlocked:               0 kB
SwapTotal:        524284 kB
SwapFree:         524284 kB
Dirty:               708 kB
Writeback:             0 kB
AnonPages:        771048 kB
Mapped:           403572 kB
Shmem:             40540 kB
Slab:             100748 kB
SReclaimable:      30972 kB
SUnreclaim:        69776 kB
KernelStack:       38224 kB
PageTables:        40960 kB
NFS_Unstable:          0 kB
Bounce:                0 kB
WritebackTmp:          0 kB
CommitLimit:     1815632 kB
Committed_AS:   117859052 kB
VmallocTotal:   251658176 kB
VmallocUsed:      121584 kB
VmallocChunk:   251440548 kB
Time pass: 54 sec

---2015-10-15 22:46:21
MemTotal:        2582696 kB
MemFree:          111544 kB
Buffers:           18100 kB
Cached:          1244580 kB
SwapCached:            0 kB
Active:          1052280 kB
Inactive:         979092 kB
Active(anon):     629512 kB
Inactive(anon):   182692 kB
Active(file):     422768 kB
Inactive(file):   796400 kB
Unevictable:        2968 kB
Mlocked:               0 kB
SwapTotal:        524284 kB
SwapFree:         524284 kB
Dirty:               688 kB
Writeback:             0 kB
AnonPages:        771488 kB
Mapped:           403572 kB
Shmem:             40540 kB
Slab:             100732 kB
SReclaimable:      30972 kB
SUnreclaim:        69760 kB
KernelStack:       38224 kB
PageTables:        40960 kB
NFS_Unstable:          0 kB
Bounce:                0 kB
WritebackTmp:          0 kB
CommitLimit:     1815632 kB
Committed_AS:   117859060 kB
VmallocTotal:   251658176 kB
VmallocUsed:      121584 kB
VmallocChunk:   251440548 kB
Time pass: 58 sec

---2015-10-15 22:46:21
MemTotal:        2582696 kB
MemFree:          110452 kB
Buffers:           18108 kB
Cached:          1244588 kB
SwapCached:            0 kB
Active:          1052800 kB
Inactive:         979100 kB
Active(anon):     630020 kB
Inactive(anon):   182692 kB
Active(file):     422780 kB
Inactive(file):   796408 kB
Unevictable:        2968 kB
Mlocked:               0 kB
SwapTotal:        524284 kB
SwapFree:         524284 kB
Dirty:               756 kB
Writeback:             0 kB
AnonPages:        772132 kB
Mapped:           403656 kB
Shmem:             40540 kB
Slab:             100580 kB
SReclaimable:      30972 kB
SUnreclaim:        69608 kB
KernelStack:       38208 kB
PageTables:        40988 kB
NFS_Unstable:          0 kB
Bounce:                0 kB
WritebackTmp:          0 kB
CommitLimit:     1815632 kB
Committed_AS:   117858948 kB
VmallocTotal:   251658176 kB
VmallocUsed:      121584 kB
VmallocChunk:   251440548 kB
Time pass: 61 sec

---2015-10-15 22:46:21
MemTotal:        2582696 kB
MemFree:          108692 kB
Buffers:           18108 kB
Cached:          1244604 kB
SwapCached:            0 kB
Active:          1055440 kB
Inactive:         979112 kB
Active(anon):     632660 kB
Inactive(anon):   182692 kB
Active(file):     422780 kB
Inactive(file):   796420 kB
Unevictable:        2968 kB
Mlocked:               0 kB
SwapTotal:        524284 kB
SwapFree:         524284 kB
Dirty:               708 kB
Writeback:             0 kB
AnonPages:        774804 kB
Mapped:           403572 kB
Shmem:             40540 kB
Slab:             100744 kB
SReclaimable:      30972 kB
SUnreclaim:        69772 kB
KernelStack:       38176 kB
PageTables:        40956 kB
NFS_Unstable:          0 kB
Bounce:                0 kB
WritebackTmp:          0 kB
CommitLimit:     1815632 kB
Committed_AS:   117858932 kB
VmallocTotal:   251658176 kB
VmallocUsed:      121584 kB
VmallocChunk:   251440548 kB
Time pass: 65 sec

---2015-10-15 22:46:21
MemTotal:        2582696 kB
MemFree:          108044 kB
Buffers:           18116 kB
Cached:          1244616 kB
SwapCached:            0 kB
Active:          1055984 kB
Inactive:         979128 kB
Active(anon):     633204 kB
Inactive(anon):   182692 kB
Active(file):     422780 kB
Inactive(file):   796436 kB
Unevictable:        2968 kB
Mlocked:               0 kB
SwapTotal:        524284 kB
SwapFree:         524284 kB
Dirty:               712 kB
Writeback:             0 kB
AnonPages:        775416 kB
Mapped:           403576 kB
Shmem:             40540 kB
Slab:             100648 kB
SReclaimable:      30972 kB
SUnreclaim:        69676 kB
KernelStack:       38176 kB
PageTables:        40952 kB
NFS_Unstable:          0 kB
Bounce:                0 kB
WritebackTmp:          0 kB
CommitLimit:     1815632 kB
Committed_AS:   117858932 kB
VmallocTotal:   251658176 kB
VmallocUsed:      121584 kB
VmallocChunk:   251440548 kB
Time pass: 69 sec

---2015-10-15 22:46:21
MemTotal:        2582696 kB
MemFree:          107528 kB
Buffers:           18116 kB
Cached:          1244696 kB
SwapCached:            0 kB
Active:          1056780 kB
Inactive:         979200 kB
Active(anon):     633988 kB
Inactive(anon):   182692 kB
Active(file):     422792 kB
Inactive(file):   796508 kB
Unevictable:        2968 kB
Mlocked:               0 kB
SwapTotal:        524284 kB
SwapFree:         524284 kB
Dirty:               704 kB
Writeback:             0 kB
AnonPages:        776196 kB
Mapped:           403576 kB
Shmem:             40540 kB
Slab:             100672 kB
SReclaimable:      30972 kB
SUnreclaim:        69700 kB
KernelStack:       38176 kB
PageTables:        40952 kB
NFS_Unstable:          0 kB
Bounce:                0 kB
WritebackTmp:          0 kB
CommitLimit:     1815632 kB
Committed_AS:   117858924 kB
VmallocTotal:   251658176 kB
VmallocUsed:      121584 kB
VmallocChunk:   251440548 kB
Time pass: 72 sec

---2015-10-15 22:46:21
MemTotal:        2582696 kB
MemFree:          108764 kB
Buffers:           18120 kB
Cached:          1233176 kB
SwapCached:            0 kB
Active:          1070656 kB
Inactive:         960996 kB
Active(anon):     641484 kB
Inactive(anon):   182688 kB
Active(file):     429172 kB
Inactive(file):   778308 kB
Unevictable:        2968 kB
Mlocked:               0 kB
SwapTotal:        524284 kB
SwapFree:         524284 kB
Dirty:                84 kB
Writeback:            16 kB
AnonPages:        783416 kB
Mapped:           416936 kB
Shmem:             40540 kB
Slab:             101364 kB
SReclaimable:      31216 kB
SUnreclaim:        70148 kB
KernelStack:       38736 kB
PageTables:        41348 kB
NFS_Unstable:          0 kB
Bounce:                0 kB
WritebackTmp:          0 kB
CommitLimit:     1815632 kB
Committed_AS:   119132716 kB
VmallocTotal:   251658176 kB
VmallocUsed:      122604 kB
VmallocChunk:   251440548 kB
Time pass: 76 sec

---2015-10-15 22:46:21
MemTotal:        2582696 kB
MemFree:          108068 kB
Buffers:           16120 kB
Cached:          1055844 kB
SwapCached:            0 kB
Active:          1133460 kB
Inactive:         760396 kB
Active(anon):     682604 kB
Inactive(anon):   182820 kB
Active(file):     450856 kB
Inactive(file):   577576 kB
Unevictable:        2968 kB
Mlocked:               0 kB
SwapTotal:        524284 kB
SwapFree:         524284 kB
Dirty:              1092 kB
Writeback:             0 kB
AnonPages:        824992 kB
Mapped:           448744 kB
Shmem:             40672 kB
Slab:             101188 kB
SReclaimable:      30936 kB
SUnreclaim:        70252 kB
KernelStack:       39344 kB
PageTables:        42072 kB
NFS_Unstable:          0 kB
Bounce:                0 kB
WritebackTmp:          0 kB
CommitLimit:     1815632 kB
Committed_AS:   119181972 kB
VmallocTotal:   251658176 kB
VmallocUsed:      123564 kB
VmallocChunk:   251440548 kB
Time pass: 79 sec

---2015-10-15 22:46:21
MemTotal:        2582696 kB
MemFree:          117184 kB
Buffers:           16128 kB
Cached:          1057216 kB
SwapCached:            0 kB
Active:          1115036 kB
Inactive:         761632 kB
Active(anon):     664164 kB
Inactive(anon):   182820 kB
Active(file):     450872 kB
Inactive(file):   578812 kB
Unevictable:        2968 kB
Mlocked:               0 kB
SwapTotal:        524284 kB
SwapFree:         524284 kB
Dirty:               356 kB
Writeback:             0 kB
AnonPages:        806556 kB
Mapped:           447720 kB
Shmem:             40672 kB
Slab:             101420 kB
SReclaimable:      31032 kB
SUnreclaim:        70388 kB
KernelStack:       39360 kB
PageTables:        42020 kB
NFS_Unstable:          0 kB
Bounce:                0 kB
WritebackTmp:          0 kB
CommitLimit:     1815632 kB
Committed_AS:   119182348 kB
VmallocTotal:   251658176 kB
VmallocUsed:      123644 kB
VmallocChunk:   251440548 kB
Time pass: 83 sec

---2015-10-15 22:46:21
MemTotal:        2582696 kB
MemFree:          115956 kB
Buffers:           16136 kB
Cached:          1057236 kB
SwapCached:            0 kB
Active:          1115956 kB
Inactive:         761672 kB
Active(anon):     665084 kB
Inactive(anon):   182820 kB
Active(file):     450872 kB
Inactive(file):   578852 kB
Unevictable:        2968 kB
Mlocked:               0 kB
SwapTotal:        524284 kB
SwapFree:         524284 kB
Dirty:               376 kB
Writeback:             0 kB
AnonPages:        807228 kB
Mapped:           447736 kB
Shmem:             40672 kB
Slab:             101388 kB
SReclaimable:      31032 kB
SUnreclaim:        70356 kB
KernelStack:       39360 kB
PageTables:        42020 kB
NFS_Unstable:          0 kB
Bounce:                0 kB
WritebackTmp:          0 kB
CommitLimit:     1815632 kB
Committed_AS:   119182332 kB
VmallocTotal:   251658176 kB
VmallocUsed:      123644 kB
VmallocChunk:   251440548 kB
Time pass: 87 sec

---2015-10-15 22:46:21
MemTotal:        2582696 kB
MemFree:          115512 kB
Buffers:           16136 kB
Cached:          1057248 kB
SwapCached:            0 kB
Active:          1116356 kB
Inactive:         761692 kB
Active(anon):     665484 kB
Inactive(anon):   182820 kB
Active(file):     450872 kB
Inactive(file):   578872 kB
Unevictable:        2968 kB
Mlocked:               0 kB
SwapTotal:        524284 kB
SwapFree:         524284 kB
Dirty:               304 kB
Writeback:             0 kB
AnonPages:        807692 kB
Mapped:           447744 kB
Shmem:             40672 kB
Slab:             101588 kB
SReclaimable:      31032 kB
SUnreclaim:        70556 kB
KernelStack:       39360 kB
PageTables:        42020 kB
NFS_Unstable:          0 kB
Bounce:                0 kB
WritebackTmp:          0 kB
CommitLimit:     1815632 kB
Committed_AS:   119182324 kB
VmallocTotal:   251658176 kB
VmallocUsed:      123644 kB
VmallocChunk:   251440548 kB
Time pass: 90 sec

---2015-10-15 22:46:21
MemTotal:        2582696 kB
MemFree:          107784 kB
Buffers:           13992 kB
Cached:           991964 kB
SwapCached:            0 kB
Active:          1114112 kB
Inactive:         704572 kB
Active(anon):     673420 kB
Inactive(anon):   182820 kB
Active(file):     440692 kB
Inactive(file):   521752 kB
Unevictable:        2968 kB
Mlocked:               0 kB
SwapTotal:        524284 kB
SwapFree:         524284 kB
Dirty:               380 kB
Writeback:             0 kB
AnonPages:        815560 kB
Mapped:           452920 kB
Shmem:             40672 kB
Slab:             101612 kB
SReclaimable:      31104 kB
SUnreclaim:        70508 kB
KernelStack:       39552 kB
PageTables:        42304 kB
NFS_Unstable:          0 kB
Bounce:                0 kB
WritebackTmp:          0 kB
CommitLimit:     1815632 kB
Committed_AS:   119187016 kB
VmallocTotal:   251658176 kB
VmallocUsed:      123908 kB
VmallocChunk:   251440548 kB
Time pass: 94 sec

---2015-10-15 22:46:21
MemTotal:        2582696 kB
MemFree:          113000 kB
Buffers:           13844 kB
Cached:           982100 kB
SwapCached:            0 kB
Active:          1110240 kB
Inactive:         692860 kB
Active(anon):     667980 kB
Inactive(anon):   182820 kB
Active(file):     442260 kB
Inactive(file):   510040 kB
Unevictable:        2968 kB
Mlocked:               0 kB
SwapTotal:        524284 kB
SwapFree:         524284 kB
Dirty:               364 kB
Writeback:             0 kB
AnonPages:        810348 kB
Mapped:           453100 kB
Shmem:             40672 kB
Slab:             101488 kB
SReclaimable:      31056 kB
SUnreclaim:        70432 kB
KernelStack:       39504 kB
PageTables:        42268 kB
NFS_Unstable:          0 kB
Bounce:                0 kB
WritebackTmp:          0 kB
CommitLimit:     1815632 kB
Committed_AS:   119195368 kB
VmallocTotal:   251658176 kB
VmallocUsed:      123908 kB
VmallocChunk:   251440548 kB
Time pass: 97 sec

---2015-10-15 22:46:21
MemTotal:        2582696 kB
MemFree:          106604 kB
Buffers:           13852 kB
Cached:           975992 kB
SwapCached:            0 kB
Active:          1127524 kB
Inactive:         686276 kB
Active(anon):     684800 kB
Inactive(anon):   182824 kB
Active(file):     442724 kB
Inactive(file):   503452 kB
Unevictable:        2968 kB
Mlocked:               0 kB
SwapTotal:        524284 kB
SwapFree:         524284 kB
Dirty:              2060 kB
Writeback:             0 kB
AnonPages:        827176 kB
Mapped:           467852 kB
Shmem:             40676 kB
Slab:             101824 kB
SReclaimable:      31320 kB
SUnreclaim:        70504 kB
KernelStack:       39648 kB
PageTables:        42288 kB
NFS_Unstable:          0 kB
Bounce:                0 kB
WritebackTmp:          0 kB
CommitLimit:     1815632 kB
Committed_AS:   119197548 kB
VmallocTotal:   251658176 kB
VmallocUsed:      124060 kB
VmallocChunk:   251440548 kB
Time pass: 101 sec

---2015-10-15 22:46:21
MemTotal:        2582696 kB
MemFree:          114784 kB
Buffers:           13860 kB
Cached:           967752 kB
SwapCached:            0 kB
Active:          1126968 kB
Inactive:         677384 kB
Active(anon):     683564 kB
Inactive(anon):   182824 kB
Active(file):     443404 kB
Inactive(file):   494560 kB
Unevictable:        2968 kB
Mlocked:               0 kB
SwapTotal:        524284 kB
SwapFree:         524284 kB
Dirty:               532 kB
Writeback:             0 kB
AnonPages:        825664 kB
Mapped:           470060 kB
Shmem:             40676 kB
Slab:             102472 kB
SReclaimable:      31616 kB
SUnreclaim:        70856 kB
KernelStack:       39664 kB
PageTables:        42316 kB
NFS_Unstable:          0 kB
Bounce:                0 kB
WritebackTmp:          0 kB
CommitLimit:     1815632 kB
Committed_AS:   119197572 kB
VmallocTotal:   251658176 kB
VmallocUsed:      124156 kB
VmallocChunk:   251440548 kB
Time pass: 104 sec

---2015-10-15 22:46:21
MemTotal:        2582696 kB
MemFree:          114352 kB
Buffers:           13860 kB
Cached:           967760 kB
SwapCached:            0 kB
Active:          1127396 kB
Inactive:         677392 kB
Active(anon):     683992 kB
Inactive(anon):   182824 kB
Active(file):     443404 kB
Inactive(file):   494568 kB
Unevictable:        2968 kB
Mlocked:               0 kB
SwapTotal:        524284 kB
SwapFree:         524284 kB
Dirty:               512 kB
Writeback:             0 kB
AnonPages:        826120 kB
Mapped:           470064 kB
Shmem:             40676 kB
Slab:             102420 kB
SReclaimable:      31680 kB
SUnreclaim:        70740 kB
KernelStack:       39648 kB
PageTables:        42320 kB
NFS_Unstable:          0 kB
Bounce:                0 kB
WritebackTmp:          0 kB
CommitLimit:     1815632 kB
Committed_AS:   119197580 kB
VmallocTotal:   251658176 kB
VmallocUsed:      124156 kB
VmallocChunk:   251440548 kB
Time pass: 108 sec

---2015-10-15 22:46:21
MemTotal:        2582696 kB
MemFree:          106448 kB
Buffers:           13868 kB
Cached:           968004 kB
SwapCached:            0 kB
Active:          1130096 kB
Inactive:         677564 kB
Active(anon):     686688 kB
Inactive(anon):   182824 kB
Active(file):     443408 kB
Inactive(file):   494740 kB
Unevictable:        2968 kB
Mlocked:               0 kB
SwapTotal:        524284 kB
SwapFree:         524284 kB
Dirty:               536 kB
Writeback:             0 kB
AnonPages:        828752 kB
Mapped:           470328 kB
Shmem:             40676 kB
Slab:             102460 kB
SReclaimable:      31700 kB
SUnreclaim:        70760 kB
KernelStack:       39648 kB
PageTables:        42320 kB
NFS_Unstable:          0 kB
Bounce:                0 kB
WritebackTmp:          0 kB
CommitLimit:     1815632 kB
Committed_AS:   119197612 kB
VmallocTotal:   251658176 kB
VmallocUsed:      124168 kB
VmallocChunk:   251440548 kB
Time pass: 112 sec

---2015-10-15 22:46:21
MemTotal:        2582696 kB
MemFree:          106496 kB
Buffers:           13876 kB
Cached:           951100 kB
SwapCached:            0 kB
Active:          1144656 kB
Inactive:         660688 kB
Active(anon):     700940 kB
Inactive(anon):   182824 kB
Active(file):     443716 kB
Inactive(file):   477864 kB
Unevictable:        2968 kB
Mlocked:               0 kB
SwapTotal:        524284 kB
SwapFree:         524284 kB
Dirty:               768 kB
Writeback:             0 kB
AnonPages:        843192 kB
Mapped:           470680 kB
Shmem:             40676 kB
Slab:             102296 kB
SReclaimable:      31420 kB
SUnreclaim:        70876 kB
KernelStack:       39648 kB
PageTables:        42324 kB
NFS_Unstable:          0 kB
Bounce:                0 kB
WritebackTmp:          0 kB
CommitLimit:     1815632 kB
Committed_AS:   119206104 kB
VmallocTotal:   251658176 kB
VmallocUsed:      124168 kB
VmallocChunk:   251440548 kB
Time pass: 115 sec

---2015-10-15 22:46:21
MemTotal:        2582696 kB
MemFree:          118312 kB
Buffers:           13876 kB
Cached:           932796 kB
SwapCached:            0 kB
Active:          1133784 kB
Inactive:         641940 kB
Active(anon):     689944 kB
Inactive(anon):   182824 kB
Active(file):     443840 kB
Inactive(file):   459116 kB
Unevictable:        2968 kB
Mlocked:               0 kB
SwapTotal:        524284 kB
SwapFree:         524284 kB
Dirty:              1160 kB
Writeback:             0 kB
AnonPages:        832260 kB
Mapped:           477652 kB
Shmem:             40676 kB
Slab:             102012 kB
SReclaimable:      31208 kB
SUnreclaim:        70804 kB
KernelStack:       39680 kB
PageTables:        42384 kB
NFS_Unstable:          0 kB
Bounce:                0 kB
WritebackTmp:          0 kB
CommitLimit:     1815632 kB
Committed_AS:   119206204 kB
VmallocTotal:   251658176 kB
VmallocUsed:      124324 kB
VmallocChunk:   251440548 kB
Time pass: 119 sec

---2015-10-15 22:46:21
MemTotal:        2582696 kB
MemFree:          108464 kB
Buffers:           13884 kB
Cached:           918452 kB
SwapCached:            0 kB
Active:          1140464 kB
Inactive:         627752 kB
Active(anon):     696616 kB
Inactive(anon):   182960 kB
Active(file):     443848 kB
Inactive(file):   444792 kB
Unevictable:        2968 kB
Mlocked:               0 kB
SwapTotal:        524284 kB
SwapFree:         524284 kB
Dirty:               664 kB
Writeback:             0 kB
AnonPages:        838764 kB
Mapped:           480928 kB
Shmem:             40872 kB
Slab:             102436 kB
SReclaimable:      31240 kB
SUnreclaim:        71196 kB
KernelStack:       40048 kB
PageTables:        42564 kB
NFS_Unstable:          0 kB
Bounce:                0 kB
WritebackTmp:          0 kB
CommitLimit:     1815632 kB
Committed_AS:   119233800 kB
VmallocTotal:   251658176 kB
VmallocUsed:      126856 kB
VmallocChunk:   251440548 kB
Time pass: 122 sec

---2015-10-15 22:46:21
MemTotal:        2582696 kB
MemFree:          127968 kB
Buffers:           13884 kB
Cached:           892472 kB
SwapCached:            0 kB
Active:          1130676 kB
Inactive:         610720 kB
Active(anon):     696788 kB
Inactive(anon):   182784 kB
Active(file):     433888 kB
Inactive(file):   427936 kB
Unevictable:        3888 kB
Mlocked:               0 kB
SwapTotal:        524284 kB
SwapFree:         524036 kB
Dirty:               668 kB
Writeback:             0 kB
AnonPages:        838932 kB
Mapped:           480968 kB
Shmem:             40644 kB
Slab:             102448 kB
SReclaimable:      31248 kB
SUnreclaim:        71200 kB
KernelStack:       40048 kB
PageTables:        42596 kB
NFS_Unstable:          0 kB
Bounce:                0 kB
WritebackTmp:          0 kB
CommitLimit:     1815632 kB
Committed_AS:   119233836 kB
VmallocTotal:   251658176 kB
VmallocUsed:      126856 kB
VmallocChunk:   251440548 kB
Time pass: 126 sec

---2015-10-15 22:46:21
MemTotal:        2582696 kB
MemFree:          119508 kB
Buffers:           13884 kB
Cached:           897192 kB
SwapCached:            0 kB
Active:          1135748 kB
Inactive:         614952 kB
Active(anon):     701552 kB
Inactive(anon):   182808 kB
Active(file):     434196 kB
Inactive(file):   432144 kB
Unevictable:        3888 kB
Mlocked:               0 kB
SwapTotal:        524284 kB
SwapFree:         524036 kB
Dirty:               720 kB
Writeback:             0 kB
AnonPages:        843840 kB
Mapped:           482064 kB
Shmem:             40668 kB
Slab:             102640 kB
SReclaimable:      31296 kB
SUnreclaim:        71344 kB
KernelStack:       40048 kB
PageTables:        42592 kB
NFS_Unstable:          0 kB
Bounce:                0 kB
WritebackTmp:          0 kB
CommitLimit:     1815632 kB
Committed_AS:   122731968 kB
VmallocTotal:   251658176 kB
VmallocUsed:      126856 kB
VmallocChunk:   251440548 kB
Time pass: 129 sec

---2015-10-15 22:46:21
MemTotal:        2582696 kB
MemFree:          347020 kB
Buffers:           13892 kB
Cached:           897792 kB
SwapCached:            0 kB
Active:          1075256 kB
Inactive:         611840 kB
Active(anon):     637168 kB
Inactive(anon):   182428 kB
Active(file):     438088 kB
Inactive(file):   429412 kB
Unevictable:        3888 kB
Mlocked:               0 kB
SwapTotal:        524284 kB
SwapFree:         524036 kB
Dirty:               680 kB
Writeback:             0 kB
AnonPages:        779356 kB
Mapped:           396376 kB
Shmem:             40292 kB
Slab:             102400 kB
SReclaimable:      31312 kB
SUnreclaim:        71088 kB
KernelStack:       38368 kB
PageTables:        41016 kB
NFS_Unstable:          0 kB
Bounce:                0 kB
WritebackTmp:          0 kB
CommitLimit:     1815632 kB
Committed_AS:   117867924 kB
VmallocTotal:   251658176 kB
VmallocUsed:      124344 kB
VmallocChunk:   251440548 kB
Time pass: 133 sec

---2015-10-15 22:46:21
MemTotal:        2582696 kB
MemFree:          350956 kB
Buffers:           13892 kB
Cached:           897876 kB
SwapCached:            0 kB
Active:          1070160 kB
Inactive:         611928 kB
Active(anon):     632072 kB
Inactive(anon):   182428 kB
Active(file):     438088 kB
Inactive(file):   429500 kB
Unevictable:        3888 kB
Mlocked:               0 kB
SwapTotal:        524284 kB
SwapFree:         524036 kB
Dirty:               752 kB
Writeback:             0 kB
AnonPages:        774332 kB
Mapped:           396376 kB
Shmem:             40292 kB
Slab:             102384 kB
SReclaimable:      31312 kB
SUnreclaim:        71072 kB
KernelStack:       38368 kB
PageTables:        41016 kB
NFS_Unstable:          0 kB
Bounce:                0 kB
WritebackTmp:          0 kB
CommitLimit:     1815632 kB
Committed_AS:   117867828 kB
VmallocTotal:   251658176 kB
VmallocUsed:      124344 kB
VmallocChunk:   251440548 kB
Time pass: 136 sec

---2015-10-15 22:46:21
MemTotal:        2582696 kB
MemFree:          348700 kB
Buffers:           13900 kB
Cached:           897884 kB
SwapCached:            0 kB
Active:          1071100 kB
Inactive:         611940 kB
Active(anon):     633012 kB
Inactive(anon):   182428 kB
Active(file):     438088 kB
Inactive(file):   429512 kB
Unevictable:        3888 kB
Mlocked:               0 kB
SwapTotal:        524284 kB
SwapFree:         524036 kB
Dirty:               712 kB
Writeback:             0 kB
AnonPages:        775460 kB
Mapped:           396600 kB
Shmem:             40292 kB
Slab:             102444 kB
SReclaimable:      31312 kB
SUnreclaim:        71132 kB
KernelStack:       38352 kB
PageTables:        41024 kB
NFS_Unstable:          0 kB
Bounce:                0 kB
WritebackTmp:          0 kB
CommitLimit:     1815632 kB
Committed_AS:   117879832 kB
VmallocTotal:   251658176 kB
VmallocUsed:      124356 kB
VmallocChunk:   251440548 kB
Time pass: 140 sec

---2015-10-15 22:46:21
MemTotal:        2582696 kB
MemFree:          236052 kB
Buffers:           13900 kB
Cached:           898500 kB
SwapCached:            0 kB
Active:          1100872 kB
Inactive:         609456 kB
Active(anon):     659680 kB
Inactive(anon):   182560 kB
Active(file):     441192 kB
Inactive(file):   426896 kB
Unevictable:        3888 kB
Mlocked:               0 kB
SwapTotal:        524284 kB
SwapFree:         524036 kB
Dirty:              1236 kB
Writeback:             0 kB
AnonPages:        802040 kB
Mapped:           427772 kB
Shmem:             40424 kB
Slab:             102608 kB
SReclaimable:      31396 kB
SUnreclaim:        71212 kB
KernelStack:       39472 kB
PageTables:        42080 kB
NFS_Unstable:          0 kB
Bounce:                0 kB
WritebackTmp:          0 kB
CommitLimit:     1815632 kB
Committed_AS:   119190900 kB
VmallocTotal:   251658176 kB
VmallocUsed:      125912 kB
VmallocChunk:   251440548 kB
Time pass: 144 sec

---2015-10-15 22:46:21
MemTotal:        2582696 kB
MemFree:          245364 kB
Buffers:           13908 kB
Cached:           898544 kB
SwapCached:            0 kB
Active:          1091700 kB
Inactive:         609492 kB
Active(anon):     650492 kB
Inactive(anon):   182560 kB
Active(file):     441208 kB
Inactive(file):   426932 kB
Unevictable:        3888 kB
Mlocked:               0 kB
SwapTotal:        524284 kB
SwapFree:         524036 kB
Dirty:               304 kB
Writeback:             0 kB
AnonPages:        792712 kB
Mapped:           427960 kB
Shmem:             40424 kB
Slab:             102576 kB
SReclaimable:      31396 kB
SUnreclaim:        71180 kB
KernelStack:       39456 kB
PageTables:        42132 kB
NFS_Unstable:          0 kB
Bounce:                0 kB
WritebackTmp:          0 kB
CommitLimit:     1815632 kB
Committed_AS:   119191092 kB
VmallocTotal:   251658176 kB
VmallocUsed:      123496 kB
VmallocChunk:   251440548 kB
Time pass: 147 sec

---2015-10-15 22:46:21
MemTotal:        2582696 kB
MemFree:          157512 kB
Buffers:           13916 kB
Cached:           901312 kB
SwapCached:            0 kB
Active:          1112808 kB
Inactive:         609924 kB
Active(anon):     669544 kB
Inactive(anon):   182564 kB
Active(file):     443264 kB
Inactive(file):   427360 kB
Unevictable:        3888 kB
Mlocked:               0 kB
SwapTotal:        524284 kB
SwapFree:         524036 kB
Dirty:              3336 kB
Writeback:             0 kB
AnonPages:        811648 kB
Mapped:           457284 kB
Shmem:             40428 kB
Slab:             102660 kB
SReclaimable:      31380 kB
SUnreclaim:        71280 kB
KernelStack:       39600 kB
PageTables:        42280 kB
NFS_Unstable:          0 kB
Bounce:                0 kB
WritebackTmp:          0 kB
CommitLimit:     1815632 kB
Committed_AS:   119201612 kB
VmallocTotal:   251658176 kB
VmallocUsed:      124040 kB
VmallocChunk:   251440548 kB
Time pass: 151 sec

---2015-10-15 22:46:21
MemTotal:        2582696 kB
MemFree:          157240 kB
Buffers:           13916 kB
Cached:           901380 kB
SwapCached:            0 kB
Active:          1113312 kB
Inactive:         609936 kB
Active(anon):     670044 kB
Inactive(anon):   182564 kB
Active(file):     443268 kB
Inactive(file):   427372 kB
Unevictable:        3888 kB
Mlocked:               0 kB
SwapTotal:        524284 kB
SwapFree:         524036 kB
Dirty:              2764 kB
Writeback:             0 kB
AnonPages:        812064 kB
Mapped:           457528 kB
Shmem:             40428 kB
Slab:             102536 kB
SReclaimable:      31380 kB
SUnreclaim:        71156 kB
KernelStack:       39600 kB
PageTables:        42300 kB
NFS_Unstable:          0 kB
Bounce:                0 kB
WritebackTmp:          0 kB
CommitLimit:     1815632 kB
Committed_AS:   119201652 kB
VmallocTotal:   251658176 kB
VmallocUsed:      124040 kB
VmallocChunk:   251440548 kB
Time pass: 155 sec

---2015-10-15 22:46:21
MemTotal:        2582696 kB
MemFree:          149416 kB
Buffers:           13924 kB
Cached:           901356 kB
SwapCached:            0 kB
Active:          1116056 kB
Inactive:         610124 kB
Active(anon):     672656 kB
Inactive(anon):   182564 kB
Active(file):     443400 kB
Inactive(file):   427560 kB
Unevictable:        3888 kB
Mlocked:               0 kB
SwapTotal:        524284 kB
SwapFree:         524036 kB
Dirty:               552 kB
Writeback:             0 kB
AnonPages:        814620 kB
Mapped:           457788 kB
Shmem:             40428 kB
Slab:             102676 kB
SReclaimable:      31396 kB
SUnreclaim:        71280 kB
KernelStack:       39584 kB
PageTables:        42300 kB
NFS_Unstable:          0 kB
Bounce:                0 kB
WritebackTmp:          0 kB
CommitLimit:     1815632 kB
Committed_AS:   119201764 kB
VmallocTotal:   251658176 kB
VmallocUsed:      124052 kB
VmallocChunk:   251440548 kB
Time pass: 158 sec

---2015-10-15 22:46:21
MemTotal:        2582696 kB
MemFree:          147804 kB
Buffers:           13924 kB
Cached:           901404 kB
SwapCached:            0 kB
Active:          1117564 kB
Inactive:         610176 kB
Active(anon):     674164 kB
Inactive(anon):   182564 kB
Active(file):     443400 kB
Inactive(file):   427612 kB
Unevictable:        3888 kB
Mlocked:               0 kB
SwapTotal:        524284 kB
SwapFree:         524036 kB
Dirty:               528 kB
Writeback:             0 kB
AnonPages:        816280 kB
Mapped:           457824 kB
Shmem:             40428 kB
Slab:             102640 kB
SReclaimable:      31332 kB
SUnreclaim:        71308 kB
KernelStack:       39568 kB
PageTables:        42308 kB
NFS_Unstable:          0 kB
Bounce:                0 kB
WritebackTmp:          0 kB
CommitLimit:     1815632 kB
Committed_AS:   119201684 kB
VmallocTotal:   251658176 kB
VmallocUsed:      124052 kB
VmallocChunk:   251440548 kB
Time pass: 162 sec

---2015-10-15 22:46:21
MemTotal:        2582696 kB
MemFree:          117724 kB
Buffers:           13932 kB
Cached:           901412 kB
SwapCached:            0 kB
Active:          1123296 kB
Inactive:         610168 kB
Active(anon):     679872 kB
Inactive(anon):   182564 kB
Active(file):     443424 kB
Inactive(file):   427604 kB
Unevictable:        3888 kB
Mlocked:               0 kB
SwapTotal:        524284 kB
SwapFree:         524036 kB
Dirty:              1184 kB
Writeback:             0 kB
AnonPages:        821992 kB
Mapped:           471664 kB
Shmem:             40428 kB
Slab:             102536 kB
SReclaimable:      31332 kB
SUnreclaim:        71204 kB
KernelStack:       39552 kB
PageTables:        42352 kB
NFS_Unstable:          0 kB
Bounce:                0 kB
WritebackTmp:          0 kB
CommitLimit:     1815632 kB
Committed_AS:   119201972 kB
VmallocTotal:   251658176 kB
VmallocUsed:      124212 kB
VmallocChunk:   251440548 kB
Time pass: 166 sec

---2015-10-15 22:46:21
MemTotal:        2582696 kB
MemFree:          110180 kB
Buffers:           13932 kB
Cached:           901560 kB
SwapCached:            0 kB
Active:          1129760 kB
Inactive:         609316 kB
Active(anon):     685340 kB
Inactive(anon):   182688 kB
Active(file):     444420 kB
Inactive(file):   426628 kB
Unevictable:        3888 kB
Mlocked:               0 kB
SwapTotal:        524284 kB
SwapFree:         524036 kB
Dirty:               668 kB
Writeback:             0 kB
AnonPages:        827464 kB
Mapped:           474740 kB
Shmem:             40556 kB
Slab:             102876 kB
SReclaimable:      31344 kB
SUnreclaim:        71532 kB
KernelStack:       39936 kB
PageTables:        42520 kB
NFS_Unstable:          0 kB
Bounce:                0 kB
WritebackTmp:          0 kB
CommitLimit:     1815632 kB
Committed_AS:   119233516 kB
VmallocTotal:   251658176 kB
VmallocUsed:      126744 kB
VmallocChunk:   251440548 kB
Time pass: 169 sec

---2015-10-15 22:46:21
MemTotal:        2582696 kB
MemFree:          111412 kB
Buffers:           15332 kB
Cached:           898660 kB
SwapCached:            0 kB
Active:          1127332 kB
Inactive:         610424 kB
Active(anon):     685688 kB
Inactive(anon):   182532 kB
Active(file):     441644 kB
Inactive(file):   427892 kB
Unevictable:        3896 kB
Mlocked:               0 kB
SwapTotal:        524284 kB
SwapFree:         523984 kB
Dirty:               652 kB
Writeback:             0 kB
AnonPages:        827700 kB
Mapped:           474912 kB
Shmem:             40560 kB
Slab:             102856 kB
SReclaimable:      31324 kB
SUnreclaim:        71532 kB
KernelStack:       39936 kB
PageTables:        42552 kB
NFS_Unstable:          0 kB
Bounce:                0 kB
WritebackTmp:          0 kB
CommitLimit:     1815632 kB
Committed_AS:   119233564 kB
VmallocTotal:   251658176 kB
VmallocUsed:      126744 kB
VmallocChunk:   251440548 kB
Time pass: 173 sec

---2015-10-15 22:46:21
MemTotal:        2582696 kB
MemFree:          112108 kB
Buffers:           15332 kB
Cached:           898668 kB
SwapCached:            0 kB
Active:          1127604 kB
Inactive:         610464 kB
Active(anon):     685960 kB
Inactive(anon):   182572 kB
Active(file):     441644 kB
Inactive(file):   427892 kB
Unevictable:        3896 kB
Mlocked:               0 kB
SwapTotal:        524284 kB
SwapFree:         523984 kB
Dirty:               652 kB
Writeback:             0 kB
AnonPages:        827828 kB
Mapped:           474920 kB
Shmem:             40568 kB
Slab:             102960 kB
SReclaimable:      31436 kB
SUnreclaim:        71524 kB
KernelStack:       39936 kB
PageTables:        42556 kB
NFS_Unstable:          0 kB
Bounce:                0 kB
WritebackTmp:          0 kB
CommitLimit:     1815632 kB
Committed_AS:   119233572 kB
VmallocTotal:   251658176 kB
VmallocUsed:      126744 kB
VmallocChunk:   251440548 kB
Time pass: 176 sec

---2015-10-15 22:46:21
MemTotal:        2582696 kB
MemFree:          111396 kB
Buffers:           15332 kB
Cached:           898692 kB
SwapCached:            0 kB
Active:          1128128 kB
Inactive:         610424 kB
Active(anon):     686484 kB
Inactive(anon):   182528 kB
Active(file):     441644 kB
Inactive(file):   427896 kB
Unevictable:        3896 kB
Mlocked:               0 kB
SwapTotal:        524284 kB
SwapFree:         523984 kB
Dirty:               652 kB
Writeback:             0 kB
AnonPages:        828436 kB
Mapped:           475372 kB
Shmem:             40588 kB
Slab:             102828 kB
SReclaimable:      31436 kB
SUnreclaim:        71392 kB
KernelStack:       39936 kB
PageTables:        42552 kB
NFS_Unstable:          0 kB
Bounce:                0 kB
WritebackTmp:          0 kB
CommitLimit:     1815632 kB
Committed_AS:   119233556 kB
VmallocTotal:   251658176 kB
VmallocUsed:      126744 kB
VmallocChunk:   251440548 kB
Time pass: 180 sec

---2015-10-15 22:46:21
MemTotal:        2582696 kB
MemFree:          107728 kB
Buffers:           15332 kB
Cached:           898660 kB
SwapCached:            0 kB
Active:          1132116 kB
Inactive:         610312 kB
Active(anon):     690320 kB
Inactive(anon):   182568 kB
Active(file):     441796 kB
Inactive(file):   427744 kB
Unevictable:        3896 kB
Mlocked:               0 kB
SwapTotal:        524284 kB
SwapFree:         523984 kB
Dirty:               644 kB
Writeback:             0 kB
AnonPages:        832364 kB
Mapped:           475364 kB
Shmem:             40556 kB
Slab:             102992 kB
SReclaimable:      31436 kB
SUnreclaim:        71556 kB
KernelStack:       39952 kB
PageTables:        42580 kB
NFS_Unstable:          0 kB
Bounce:                0 kB
WritebackTmp:          0 kB
CommitLimit:     1815632 kB
Committed_AS:   119249972 kB
VmallocTotal:   251658176 kB
VmallocUsed:      126744 kB
VmallocChunk:   251440548 kB
Time pass: 184 sec

---2015-10-15 22:46:21
MemTotal:        2582696 kB
MemFree:          106664 kB
Buffers:           15332 kB
Cached:           898728 kB
SwapCached:            0 kB
Active:          1132904 kB
Inactive:         610280 kB
Active(anon):     691080 kB
Inactive(anon):   182560 kB
Active(file):     441824 kB
Inactive(file):   427720 kB
Unevictable:        3896 kB
Mlocked:               0 kB
SwapTotal:        524284 kB
SwapFree:         523984 kB
Dirty:               648 kB
Writeback:             0 kB
AnonPages:        832944 kB
Mapped:           475432 kB
Shmem:             40620 kB
Slab:             102968 kB
SReclaimable:      31448 kB
SUnreclaim:        71520 kB
KernelStack:       39952 kB
PageTables:        42548 kB
NFS_Unstable:          0 kB
Bounce:                0 kB
WritebackTmp:          0 kB
CommitLimit:     1815632 kB
Committed_AS:   119250028 kB
VmallocTotal:   251658176 kB
VmallocUsed:      126744 kB
VmallocChunk:   251440548 kB
Time pass: 187 sec

---2015-10-15 22:46:21
MemTotal:        2582696 kB
MemFree:          107608 kB
Buffers:           14724 kB
Cached:           870852 kB
SwapCached:            0 kB
Active:          1136636 kB
Inactive:         591440 kB
Active(anon):     704664 kB
Inactive(anon):   181840 kB
Active(file):     431972 kB
Inactive(file):   409600 kB
Unevictable:        3896 kB
Mlocked:               0 kB
SwapTotal:        524284 kB
SwapFree:         523404 kB
Dirty:               852 kB
Writeback:             0 kB
AnonPages:        846788 kB
Mapped:           475340 kB
Shmem:             39792 kB
Slab:             102848 kB
SReclaimable:      31236 kB
SUnreclaim:        71612 kB
KernelStack:       39904 kB
PageTables:        42896 kB
NFS_Unstable:          0 kB
Bounce:                0 kB
WritebackTmp:          0 kB
CommitLimit:     1815632 kB
Committed_AS:   120501000 kB
VmallocTotal:   251658176 kB
VmallocUsed:      127764 kB
VmallocChunk:   251440548 kB
Time pass: 191 sec

---2015-10-15 22:46:21
MemTotal:        2582696 kB
MemFree:          120556 kB
Buffers:           14732 kB
Cached:           872540 kB
SwapCached:            0 kB
Active:          1122820 kB
Inactive:         596752 kB
Active(anon):     694288 kB
Inactive(anon):   181504 kB
Active(file):     428532 kB
Inactive(file):   415248 kB
Unevictable:        3896 kB
Mlocked:               0 kB
SwapTotal:        524284 kB
SwapFree:         523196 kB
Dirty:               784 kB
Writeback:             0 kB
AnonPages:        836216 kB
Mapped:           475512 kB
Shmem:             39588 kB
Slab:             102664 kB
SReclaimable:      31156 kB
SUnreclaim:        71508 kB
KernelStack:       39584 kB
PageTables:        42432 kB
NFS_Unstable:          0 kB
Bounce:                0 kB
WritebackTmp:          0 kB
CommitLimit:     1815632 kB
Committed_AS:   119243188 kB
VmallocTotal:   251658176 kB
VmallocUsed:      126656 kB
VmallocChunk:   251440548 kB
Time pass: 194 sec

---2015-10-15 22:46:21
MemTotal:        2582696 kB
MemFree:          121952 kB
Buffers:           14732 kB
Cached:           872540 kB
SwapCached:            0 kB
Active:          1122544 kB
Inactive:         596756 kB
Active(anon):     694008 kB
Inactive(anon):   181504 kB
Active(file):     428536 kB
Inactive(file):   415252 kB
Unevictable:        3896 kB
Mlocked:               0 kB
SwapTotal:        524284 kB
SwapFree:         523196 kB
Dirty:               708 kB
Writeback:             4 kB
AnonPages:        835892 kB
Mapped:           475296 kB
Shmem:             39588 kB
Slab:             102668 kB
SReclaimable:      31156 kB
SUnreclaim:        71512 kB
KernelStack:       39584 kB
PageTables:        42460 kB
NFS_Unstable:          0 kB
Bounce:                0 kB
WritebackTmp:          0 kB
CommitLimit:     1815632 kB
Committed_AS:   119243300 kB
VmallocTotal:   251658176 kB
VmallocUsed:      126648 kB
VmallocChunk:   251440548 kB
Time pass: 198 sec

---2015-10-15 22:46:21
MemTotal:        2582696 kB
MemFree:          121748 kB
Buffers:           14732 kB
Cached:           872540 kB
SwapCached:            0 kB
Active:          1122860 kB
Inactive:         596756 kB
Active(anon):     694324 kB
Inactive(anon):   181504 kB
Active(file):     428536 kB
Inactive(file):   415252 kB
Unevictable:        3896 kB
Mlocked:               0 kB
SwapTotal:        524284 kB
SwapFree:         523196 kB
Dirty:               708 kB
Writeback:             0 kB
AnonPages:        836304 kB
Mapped:           475432 kB
Shmem:             39588 kB
Slab:             102668 kB
SReclaimable:      31156 kB
SUnreclaim:        71512 kB
KernelStack:       39584 kB
PageTables:        42432 kB
NFS_Unstable:          0 kB
Bounce:                0 kB
WritebackTmp:          0 kB
CommitLimit:     1815632 kB
Committed_AS:   119243284 kB
VmallocTotal:   251658176 kB
VmallocUsed:      126648 kB
VmallocChunk:   251440548 kB
Time pass: 201 sec

---2015-10-15 22:46:21
MemTotal:        2582696 kB
MemFree:          122384 kB
Buffers:           14732 kB
Cached:           872540 kB
SwapCached:            0 kB
Active:          1123104 kB
Inactive:         596768 kB
Active(anon):     694580 kB
Inactive(anon):   181504 kB
Active(file):     428524 kB
Inactive(file):   415264 kB
Unevictable:        3896 kB
Mlocked:               0 kB
SwapTotal:        524284 kB
SwapFree:         523196 kB
Dirty:               740 kB
Writeback:             0 kB
AnonPages:        836444 kB
Mapped:           475436 kB
Shmem:             39588 kB
Slab:             102516 kB
SReclaimable:      31156 kB
SUnreclaim:        71360 kB
KernelStack:       39568 kB
PageTables:        42432 kB
NFS_Unstable:          0 kB
Bounce:                0 kB
WritebackTmp:          0 kB
CommitLimit:     1815632 kB
Committed_AS:   119243260 kB
VmallocTotal:   251658176 kB
VmallocUsed:      126648 kB
VmallocChunk:   251440548 kB
Time pass: 205 sec

---2015-10-15 22:46:21
MemTotal:        2582696 kB
MemFree:          121696 kB
Buffers:           14732 kB
Cached:           872844 kB
SwapCached:            0 kB
Active:          1123336 kB
Inactive:         596904 kB
Active(anon):     694800 kB
Inactive(anon):   181504 kB
Active(file):     428536 kB
Inactive(file):   415400 kB
Unevictable:        3896 kB
Mlocked:               0 kB
SwapTotal:        524284 kB
SwapFree:         523196 kB
Dirty:               728 kB
Writeback:             0 kB
AnonPages:        836700 kB
Mapped:           475452 kB
Shmem:             39588 kB
Slab:             102516 kB
SReclaimable:      31156 kB
SUnreclaim:        71360 kB
KernelStack:       39600 kB
PageTables:        42432 kB
NFS_Unstable:          0 kB
Bounce:                0 kB
WritebackTmp:          0 kB
CommitLimit:     1815632 kB
Committed_AS:   119243276 kB
VmallocTotal:   251658176 kB
VmallocUsed:      124232 kB
VmallocChunk:   251440548 kB
Time pass: 209 sec

---2015-10-15 22:46:21
MemTotal:        2582696 kB
MemFree:          120192 kB
Buffers:           14732 kB
Cached:           873416 kB
SwapCached:            0 kB
Active:          1123408 kB
Inactive:         597604 kB
Active(anon):     694864 kB
Inactive(anon):   181504 kB
Active(file):     428544 kB
Inactive(file):   416100 kB
Unevictable:        3896 kB
Mlocked:               0 kB
SwapTotal:        524284 kB
SwapFree:         523196 kB
Dirty:               740 kB
Writeback:             0 kB
AnonPages:        836916 kB
Mapped:           475564 kB
Shmem:             39588 kB
Slab:             102548 kB
SReclaimable:      31156 kB
SUnreclaim:        71392 kB
KernelStack:       39600 kB
PageTables:        42432 kB
NFS_Unstable:          0 kB
Bounce:                0 kB
WritebackTmp:          0 kB
CommitLimit:     1815632 kB
Committed_AS:   119243316 kB
VmallocTotal:   251658176 kB
VmallocUsed:      124232 kB
VmallocChunk:   251440548 kB
Time pass: 212 sec

---2015-10-15 22:46:21
MemTotal:        2582696 kB
MemFree:          119088 kB
Buffers:           14732 kB
Cached:           873532 kB
SwapCached:            0 kB
Active:          1123796 kB
Inactive:         597740 kB
Active(anon):     695252 kB
Inactive(anon):   181504 kB
Active(file):     428544 kB
Inactive(file):   416236 kB
Unevictable:        3896 kB
Mlocked:               0 kB
SwapTotal:        524284 kB
SwapFree:         523196 kB
Dirty:               760 kB
Writeback:             0 kB
AnonPages:        837164 kB
Mapped:           475616 kB
Shmem:             39588 kB
Slab:             102676 kB
SReclaimable:      31156 kB
SUnreclaim:        71520 kB
KernelStack:       39632 kB
PageTables:        42432 kB
NFS_Unstable:          0 kB
Bounce:                0 kB
WritebackTmp:          0 kB
CommitLimit:     1815632 kB
Committed_AS:   119243316 kB
VmallocTotal:   251658176 kB
VmallocUsed:      124232 kB
VmallocChunk:   251440548 kB
Time pass: 216 sec

---2015-10-15 22:46:21
MemTotal:        2582696 kB
MemFree:          117880 kB
Buffers:           14732 kB
Cached:           873532 kB
SwapCached:            0 kB
Active:          1124312 kB
Inactive:         597740 kB
Active(anon):     695768 kB
Inactive(anon):   181504 kB
Active(file):     428544 kB
Inactive(file):   416236 kB
Unevictable:        3896 kB
Mlocked:               0 kB
SwapTotal:        524284 kB
SwapFree:         523196 kB
Dirty:               752 kB
Writeback:             0 kB
AnonPages:        837860 kB
Mapped:           475704 kB
Shmem:             39588 kB
Slab:             102520 kB
SReclaimable:      31156 kB
SUnreclaim:        71364 kB
KernelStack:       39632 kB
PageTables:        42460 kB
NFS_Unstable:          0 kB
Bounce:                0 kB
WritebackTmp:          0 kB
CommitLimit:     1815632 kB
Committed_AS:   119243356 kB
VmallocTotal:   251658176 kB
VmallocUsed:      124232 kB
VmallocChunk:   251440548 kB
Time pass: 220 sec

---2015-10-15 22:46:21
MemTotal:        2582696 kB
MemFree:          116724 kB
Buffers:           14740 kB
Cached:           873544 kB
SwapCached:            0 kB
Active:          1125740 kB
Inactive:         597752 kB
Active(anon):     697196 kB
Inactive(anon):   181504 kB
Active(file):     428544 kB
Inactive(file):   416248 kB
Unevictable:        3896 kB
Mlocked:               0 kB
SwapTotal:        524284 kB
SwapFree:         523196 kB
Dirty:               756 kB
Writeback:             0 kB
AnonPages:        839056 kB
Mapped:           475484 kB
Shmem:             39588 kB
Slab:             102680 kB
SReclaimable:      31156 kB
SUnreclaim:        71524 kB
KernelStack:       39632 kB
PageTables:        42460 kB
NFS_Unstable:          0 kB
Bounce:                0 kB
WritebackTmp:          0 kB
CommitLimit:     1815632 kB
Committed_AS:   119243340 kB
VmallocTotal:   251658176 kB
VmallocUsed:      124232 kB
VmallocChunk:   251440548 kB
Time pass: 223 sec

---2015-10-15 22:46:21
MemTotal:        2582696 kB
MemFree:          116784 kB
Buffers:           14740 kB
Cached:           873544 kB
SwapCached:            0 kB
Active:          1126028 kB
Inactive:         597760 kB
Active(anon):     697484 kB
Inactive(anon):   181504 kB
Active(file):     428544 kB
Inactive(file):   416256 kB
Unevictable:        3896 kB
Mlocked:               0 kB
SwapTotal:        524284 kB
SwapFree:         523196 kB
Dirty:               756 kB
Writeback:             0 kB
AnonPages:        839336 kB
Mapped:           475620 kB
Shmem:             39588 kB
Slab:             102688 kB
SReclaimable:      31156 kB
SUnreclaim:        71532 kB
KernelStack:       39632 kB
PageTables:        42436 kB
NFS_Unstable:          0 kB
Bounce:                0 kB
WritebackTmp:          0 kB
CommitLimit:     1815632 kB
Committed_AS:   119243340 kB
VmallocTotal:   251658176 kB
VmallocUsed:      124232 kB
VmallocChunk:   251440548 kB
Time pass: 227 sec

---2015-10-15 22:46:21
MemTotal:        2582696 kB
MemFree:          115992 kB
Buffers:           14740 kB
Cached:           873544 kB
SwapCached:            0 kB
Active:          1125972 kB
Inactive:         597760 kB
Active(anon):     697428 kB
Inactive(anon):   181504 kB
Active(file):     428544 kB
Inactive(file):   416256 kB
Unevictable:        3896 kB
Mlocked:               0 kB
SwapTotal:        524284 kB
SwapFree:         523196 kB
Dirty:               756 kB
Writeback:             0 kB
AnonPages:        839488 kB
Mapped:           475620 kB
Shmem:             39588 kB
Slab:             102584 kB
SReclaimable:      31156 kB
SUnreclaim:        71428 kB
KernelStack:       39632 kB
PageTables:        42436 kB
NFS_Unstable:          0 kB
Bounce:                0 kB
WritebackTmp:          0 kB
CommitLimit:     1815632 kB
Committed_AS:   119243356 kB
VmallocTotal:   251658176 kB
VmallocUsed:      124232 kB
VmallocChunk:   251440548 kB
Time pass: 231 sec

---2015-10-15 22:46:21
MemTotal:        2582696 kB
MemFree:          115412 kB
Buffers:           14740 kB
Cached:           873544 kB
SwapCached:            0 kB
Active:          1126224 kB
Inactive:         597760 kB
Active(anon):     697680 kB
Inactive(anon):   181504 kB
Active(file):     428544 kB
Inactive(file):   416256 kB
Unevictable:        3896 kB
Mlocked:               0 kB
SwapTotal:        524284 kB
SwapFree:         523196 kB
Dirty:               756 kB
Writeback:             0 kB
AnonPages:        839696 kB
Mapped:           475620 kB
Shmem:             39588 kB
Slab:             102656 kB
SReclaimable:      31156 kB
SUnreclaim:        71500 kB
KernelStack:       39632 kB
PageTables:        42436 kB
NFS_Unstable:          0 kB
Bounce:                0 kB
WritebackTmp:          0 kB
CommitLimit:     1815632 kB
Committed_AS:   119243348 kB
VmallocTotal:   251658176 kB
VmallocUsed:      124232 kB
VmallocChunk:   251440548 kB
Time pass: 234 sec

---2015-10-15 22:46:21
MemTotal:        2582696 kB
MemFree:          114800 kB
Buffers:           14740 kB
Cached:           873544 kB
SwapCached:            0 kB
Active:          1126584 kB
Inactive:         597760 kB
Active(anon):     698040 kB
Inactive(anon):   181504 kB
Active(file):     428544 kB
Inactive(file):   416256 kB
Unevictable:        3896 kB
Mlocked:               0 kB
SwapTotal:        524284 kB
SwapFree:         523196 kB
Dirty:               756 kB
Writeback:             0 kB
AnonPages:        839928 kB
Mapped:           475620 kB
Shmem:             39588 kB
Slab:             102656 kB
SReclaimable:      31156 kB
SUnreclaim:        71500 kB
KernelStack:       39632 kB
PageTables:        42436 kB
NFS_Unstable:          0 kB
Bounce:                0 kB
WritebackTmp:          0 kB
CommitLimit:     1815632 kB
Committed_AS:   119243340 kB
VmallocTotal:   251658176 kB
VmallocUsed:      124232 kB
VmallocChunk:   251440548 kB
Time pass: 238 sec

---2015-10-15 22:46:21
MemTotal:        2582696 kB
MemFree:          114432 kB
Buffers:           14740 kB
Cached:           873544 kB
SwapCached:            0 kB
Active:          1126824 kB
Inactive:         597760 kB
Active(anon):     698280 kB
Inactive(anon):   181504 kB
Active(file):     428544 kB
Inactive(file):   416256 kB
Unevictable:        3896 kB
Mlocked:               0 kB
SwapTotal:        524284 kB
SwapFree:         523196 kB
Dirty:               756 kB
Writeback:             0 kB
AnonPages:        840224 kB
Mapped:           475488 kB
Shmem:             39588 kB
Slab:             102496 kB
SReclaimable:      31156 kB
SUnreclaim:        71340 kB
KernelStack:       39648 kB
PageTables:        42464 kB
NFS_Unstable:          0 kB
Bounce:                0 kB
WritebackTmp:          0 kB
CommitLimit:     1815632 kB
Committed_AS:   119243324 kB
VmallocTotal:   251658176 kB
VmallocUsed:      124232 kB
VmallocChunk:   251440548 kB
Time pass: 242 sec

---2015-10-15 22:46:21
MemTotal:        2582696 kB
MemFree:          111892 kB
Buffers:           14740 kB
Cached:           873552 kB
SwapCached:            0 kB
Active:          1128644 kB
Inactive:         597768 kB
Active(anon):     700100 kB
Inactive(anon):   181504 kB
Active(file):     428544 kB
Inactive(file):   416264 kB
Unevictable:        3896 kB
Mlocked:               0 kB
SwapTotal:        524284 kB
SwapFree:         523196 kB
Dirty:               764 kB
Writeback:             0 kB
AnonPages:        841964 kB
Mapped:           475624 kB
Shmem:             39588 kB
Slab:             102520 kB
SReclaimable:      31156 kB
SUnreclaim:        71364 kB
KernelStack:       39632 kB
PageTables:        42436 kB
NFS_Unstable:          0 kB
Bounce:                0 kB
WritebackTmp:          0 kB
CommitLimit:     1815632 kB
Committed_AS:   119243316 kB
VmallocTotal:   251658176 kB
VmallocUsed:      124232 kB
VmallocChunk:   251440548 kB
Time pass: 246 sec

---2015-10-15 22:46:21
MemTotal:        2582696 kB
MemFree:          111792 kB
Buffers:           14748 kB
Cached:           873804 kB
SwapCached:            0 kB
Active:          1129224 kB
Inactive:         597964 kB
Active(anon):     700652 kB
Inactive(anon):   181504 kB
Active(file):     428572 kB
Inactive(file):   416460 kB
Unevictable:        3896 kB
Mlocked:               0 kB
SwapTotal:        524284 kB
SwapFree:         523196 kB
Dirty:              1000 kB
Writeback:             0 kB
AnonPages:        842868 kB
Mapped:           475624 kB
Shmem:             39588 kB
Slab:             102536 kB
SReclaimable:      31156 kB
SUnreclaim:        71380 kB
KernelStack:       39632 kB
PageTables:        42436 kB
NFS_Unstable:          0 kB
Bounce:                0 kB
WritebackTmp:          0 kB
CommitLimit:     1815632 kB
Committed_AS:   119243316 kB
VmallocTotal:   251658176 kB
VmallocUsed:      124232 kB
VmallocChunk:   251440548 kB
Time pass: 249 sec

---2015-10-15 22:46:21
MemTotal:        2582696 kB
MemFree:          110820 kB
Buffers:           14748 kB
Cached:           873820 kB
SwapCached:            0 kB
Active:          1129952 kB
Inactive:         598016 kB
Active(anon):     701380 kB
Inactive(anon):   181504 kB
Active(file):     428572 kB
Inactive(file):   416512 kB
Unevictable:        3896 kB
Mlocked:               0 kB
SwapTotal:        524284 kB
SwapFree:         523196 kB
Dirty:               804 kB
Writeback:             0 kB
AnonPages:        843196 kB
Mapped:           475628 kB
Shmem:             39588 kB
Slab:             102548 kB
SReclaimable:      31156 kB
SUnreclaim:        71392 kB
KernelStack:       39632 kB
PageTables:        42436 kB
NFS_Unstable:          0 kB
Bounce:                0 kB
WritebackTmp:          0 kB
CommitLimit:     1815632 kB
Committed_AS:   119243388 kB
VmallocTotal:   251658176 kB
VmallocUsed:      124232 kB
VmallocChunk:   251440548 kB
Time pass: 253 sec

---2015-10-15 22:46:21
MemTotal:        2582696 kB
MemFree:          109500 kB
Buffers:           14756 kB
Cached:           873828 kB
SwapCached:            0 kB
Active:          1130412 kB
Inactive:         598032 kB
Active(anon):     701840 kB
Inactive(anon):   181504 kB
Active(file):     428572 kB
Inactive(file):   416528 kB
Unevictable:        3896 kB
Mlocked:               0 kB
SwapTotal:        524284 kB
SwapFree:         523196 kB
Dirty:               812 kB
Writeback:             0 kB
AnonPages:        843660 kB
Mapped:           475712 kB
Shmem:             39588 kB
Slab:             102548 kB
SReclaimable:      31156 kB
SUnreclaim:        71392 kB
KernelStack:       39632 kB
PageTables:        42464 kB
NFS_Unstable:          0 kB
Bounce:                0 kB
WritebackTmp:          0 kB
CommitLimit:     1815632 kB
Committed_AS:   119243356 kB
VmallocTotal:   251658176 kB
VmallocUsed:      124232 kB
VmallocChunk:   251440548 kB
Time pass: 257 sec

---2015-10-15 22:46:21
MemTotal:        2582696 kB
MemFree:          109332 kB
Buffers:           14764 kB
Cached:           873832 kB
SwapCached:            0 kB
Active:          1130776 kB
Inactive:         598036 kB
Active(anon):     702204 kB
Inactive(anon):   181504 kB
Active(file):     428572 kB
Inactive(file):   416532 kB
Unevictable:        3896 kB
Mlocked:               0 kB
SwapTotal:        524284 kB
SwapFree:         523196 kB
Dirty:               812 kB
Writeback:             0 kB
AnonPages:        844180 kB
Mapped:           475496 kB
Shmem:             39588 kB
Slab:             102548 kB
SReclaimable:      31156 kB
SUnreclaim:        71392 kB
KernelStack:       39632 kB
PageTables:        42464 kB
NFS_Unstable:          0 kB
Bounce:                0 kB
WritebackTmp:          0 kB
CommitLimit:     1815632 kB
Committed_AS:   119243348 kB
VmallocTotal:   251658176 kB
VmallocUsed:      124232 kB
VmallocChunk:   251440548 kB
Time pass: 260 sec

---2015-10-15 22:46:21
MemTotal:        2582696 kB
MemFree:          106660 kB
Buffers:           14764 kB
Cached:           873836 kB
SwapCached:            0 kB
Active:          1133404 kB
Inactive:         598044 kB
Active(anon):     704828 kB
Inactive(anon):   181504 kB
Active(file):     428576 kB
Inactive(file):   416540 kB
Unevictable:        3896 kB
Mlocked:               0 kB
SwapTotal:        524284 kB
SwapFree:         523196 kB
Dirty:               836 kB
Writeback:             0 kB
AnonPages:        846800 kB
Mapped:           475860 kB
Shmem:             39588 kB
Slab:             102688 kB
SReclaimable:      31156 kB
SUnreclaim:        71532 kB
KernelStack:       39648 kB
PageTables:        42440 kB
NFS_Unstable:          0 kB
Bounce:                0 kB
WritebackTmp:          0 kB
CommitLimit:     1815632 kB
Committed_AS:   119243612 kB
VmallocTotal:   251658176 kB
VmallocUsed:      124232 kB
VmallocChunk:   251440548 kB
Time pass: 264 sec

---2015-10-15 22:46:21
MemTotal:        2582696 kB
MemFree:          105416 kB
Buffers:           14764 kB
Cached:           873844 kB
SwapCached:            0 kB
Active:          1134020 kB
Inactive:         598048 kB
Active(anon):     705444 kB
Inactive(anon):   181504 kB
Active(file):     428576 kB
Inactive(file):   416544 kB
Unevictable:        3896 kB
Mlocked:               0 kB
SwapTotal:        524284 kB
SwapFree:         523196 kB
Dirty:               832 kB
Writeback:             0 kB
AnonPages:        847384 kB
Mapped:           475952 kB
Shmem:             39588 kB
Slab:             102688 kB
SReclaimable:      31156 kB
SUnreclaim:        71532 kB
KernelStack:       39648 kB
PageTables:        42468 kB
NFS_Unstable:          0 kB
Bounce:                0 kB
WritebackTmp:          0 kB
CommitLimit:     1815632 kB
Committed_AS:   119243612 kB
VmallocTotal:   251658176 kB
VmallocUsed:      124232 kB
VmallocChunk:   251440548 kB
Time pass: 268 sec

---2015-10-15 22:46:21
MemTotal:        2582696 kB
MemFree:          119288 kB
Buffers:           14764 kB
Cached:           873756 kB
SwapCached:            0 kB
Active:          1134284 kB
Inactive:         598052 kB
Active(anon):     705796 kB
Inactive(anon):   181500 kB
Active(file):     428488 kB
Inactive(file):   416552 kB
Unevictable:        3896 kB
Mlocked:               0 kB
SwapTotal:        524284 kB
SwapFree:         523192 kB
Dirty:               832 kB
Writeback:             0 kB
AnonPages:        847664 kB
Mapped:           475872 kB
Shmem:             39584 kB
Slab:             102652 kB
SReclaimable:      31156 kB
SUnreclaim:        71496 kB
KernelStack:       39648 kB
PageTables:        42440 kB
NFS_Unstable:          0 kB
Bounce:                0 kB
WritebackTmp:          0 kB
CommitLimit:     1815632 kB
Committed_AS:   119243620 kB
VmallocTotal:   251658176 kB
VmallocUsed:      124232 kB
VmallocChunk:   251440548 kB
Time pass: 271 sec

---2015-10-15 22:46:21
MemTotal:        2582696 kB
MemFree:          117856 kB
Buffers:           14772 kB
Cached:           874204 kB
SwapCached:            0 kB
Active:          1135480 kB
Inactive:         598460 kB
Active(anon):     706988 kB
Inactive(anon):   181500 kB
Active(file):     428492 kB
Inactive(file):   416960 kB
Unevictable:        3896 kB
Mlocked:               0 kB
SwapTotal:        524284 kB
SwapFree:         523192 kB
Dirty:               840 kB
Writeback:             0 kB
AnonPages:        848980 kB
Mapped:           475960 kB
Shmem:             39584 kB
Slab:             102636 kB
SReclaimable:      31156 kB
SUnreclaim:        71480 kB
KernelStack:       39648 kB
PageTables:        42440 kB
NFS_Unstable:          0 kB
Bounce:                0 kB
WritebackTmp:          0 kB
CommitLimit:     1815632 kB
Committed_AS:   119243836 kB
VmallocTotal:   251658176 kB
VmallocUsed:      124232 kB
VmallocChunk:   251440548 kB
Time pass: 275 sec

---2015-10-15 22:46:21
MemTotal:        2582696 kB
MemFree:          117476 kB
Buffers:           14772 kB
Cached:           874208 kB
SwapCached:            0 kB
Active:          1136208 kB
Inactive:         598508 kB
Active(anon):     707716 kB
Inactive(anon):   181500 kB
Active(file):     428492 kB
Inactive(file):   417008 kB
Unevictable:        3896 kB
Mlocked:               0 kB
SwapTotal:        524284 kB
SwapFree:         523192 kB
Dirty:               824 kB
Writeback:             0 kB
AnonPages:        849764 kB
Mapped:           475960 kB
Shmem:             39584 kB
Slab:             102632 kB
SReclaimable:      31156 kB
SUnreclaim:        71476 kB
KernelStack:       39648 kB
PageTables:        42440 kB
NFS_Unstable:          0 kB
Bounce:                0 kB
WritebackTmp:          0 kB
CommitLimit:     1815632 kB
Committed_AS:   119243852 kB
VmallocTotal:   251658176 kB
VmallocUsed:      124232 kB
VmallocChunk:   251440548 kB
Time pass: 279 sec

---2015-10-15 22:46:21
MemTotal:        2582696 kB
MemFree:          116548 kB
Buffers:           14772 kB
Cached:           874212 kB
SwapCached:            0 kB
Active:          1136324 kB
Inactive:         598512 kB
Active(anon):     707832 kB
Inactive(anon):   181500 kB
Active(file):     428492 kB
Inactive(file):   417012 kB
Unevictable:        3896 kB
Mlocked:               0 kB
SwapTotal:        524284 kB
SwapFree:         523192 kB
Dirty:               820 kB
Writeback:             0 kB
AnonPages:        849820 kB
Mapped:           475960 kB
Shmem:             39584 kB
Slab:             102528 kB
SReclaimable:      31156 kB
SUnreclaim:        71372 kB
KernelStack:       39648 kB
PageTables:        42444 kB
NFS_Unstable:          0 kB
Bounce:                0 kB
WritebackTmp:          0 kB
CommitLimit:     1815632 kB
Committed_AS:   119243852 kB
VmallocTotal:   251658176 kB
VmallocUsed:      124232 kB
VmallocChunk:   251440548 kB
Time pass: 283 sec

---2015-10-15 22:46:21
MemTotal:        2582696 kB
MemFree:          115136 kB
Buffers:           14780 kB
Cached:           874212 kB
SwapCached:            0 kB
Active:          1137796 kB
Inactive:         598516 kB
Active(anon):     709304 kB
Inactive(anon):   181500 kB
Active(file):     428492 kB
Inactive(file):   417016 kB
Unevictable:        3896 kB
Mlocked:               0 kB
SwapTotal:        524284 kB
SwapFree:         523192 kB
Dirty:               844 kB
Writeback:             0 kB
AnonPages:        851068 kB
Mapped:           476044 kB
Shmem:             39584 kB
Slab:             102520 kB
SReclaimable:      31156 kB
SUnreclaim:        71364 kB
KernelStack:       39648 kB
PageTables:        42472 kB
NFS_Unstable:          0 kB
Bounce:                0 kB
WritebackTmp:          0 kB
CommitLimit:     1815632 kB
Committed_AS:   119243860 kB
VmallocTotal:   251658176 kB
VmallocUsed:      124232 kB
VmallocChunk:   251440548 kB
Time pass: 286 sec

---2015-10-15 22:46:21
MemTotal:        2582696 kB
MemFree:          114168 kB
Buffers:           14780 kB
Cached:           874212 kB
SwapCached:            0 kB
Active:          1137936 kB
Inactive:         598520 kB
Active(anon):     709444 kB
Inactive(anon):   181500 kB
Active(file):     428492 kB
Inactive(file):   417020 kB
Unevictable:        3896 kB
Mlocked:               0 kB
SwapTotal:        524284 kB
SwapFree:         523192 kB
Dirty:               820 kB
Writeback:             0 kB
AnonPages:        851412 kB
Mapped:           475964 kB
Shmem:             39584 kB
Slab:             102712 kB
SReclaimable:      31156 kB
SUnreclaim:        71556 kB
KernelStack:       39648 kB
PageTables:        42448 kB
NFS_Unstable:          0 kB
Bounce:                0 kB
WritebackTmp:          0 kB
CommitLimit:     1815632 kB
Committed_AS:   119243836 kB
VmallocTotal:   251658176 kB
VmallocUsed:      124244 kB
VmallocChunk:   251440548 kB
Time pass: 290 sec

---2015-10-15 22:46:21
MemTotal:        2582696 kB
MemFree:          114188 kB
Buffers:           14780 kB
Cached:           874212 kB
SwapCached:            0 kB
Active:          1138280 kB
Inactive:         598520 kB
Active(anon):     709788 kB
Inactive(anon):   181500 kB
Active(file):     428492 kB
Inactive(file):   417020 kB
Unevictable:        3896 kB
Mlocked:               0 kB
SwapTotal:        524284 kB
SwapFree:         523192 kB
Dirty:               820 kB
Writeback:             0 kB
AnonPages:        851656 kB
Mapped:           475964 kB
Shmem:             39584 kB
Slab:             102560 kB
SReclaimable:      31156 kB
SUnreclaim:        71404 kB
KernelStack:       39648 kB
PageTables:        42444 kB
NFS_Unstable:          0 kB
Bounce:                0 kB
WritebackTmp:          0 kB
CommitLimit:     1815632 kB
Committed_AS:   119243844 kB
VmallocTotal:   251658176 kB
VmallocUsed:      124244 kB
VmallocChunk:   251440548 kB
Time pass: 294 sec

---2015-10-15 22:46:21
MemTotal:        2582696 kB
MemFree:          113644 kB
Buffers:           14780 kB
Cached:           874212 kB
SwapCached:            0 kB
Active:          1138524 kB
Inactive:         598520 kB
Active(anon):     710032 kB
Inactive(anon):   181500 kB
Active(file):     428492 kB
Inactive(file):   417020 kB
Unevictable:        3896 kB
Mlocked:               0 kB
SwapTotal:        524284 kB
SwapFree:         523192 kB
Dirty:               820 kB
Writeback:             0 kB
AnonPages:        851920 kB
Mapped:           475828 kB
Shmem:             39584 kB
Slab:             102516 kB
SReclaimable:      31156 kB
SUnreclaim:        71360 kB
KernelStack:       39648 kB
PageTables:        42476 kB
NFS_Unstable:          0 kB
Bounce:                0 kB
WritebackTmp:          0 kB
CommitLimit:     1815632 kB
Committed_AS:   119243836 kB
VmallocTotal:   251658176 kB
VmallocUsed:      124244 kB
VmallocChunk:   251440548 kB
Time pass: 297 sec

---2015-10-15 22:46:21
MemTotal:        2582696 kB
MemFree:          113220 kB
Buffers:           14780 kB
Cached:           874212 kB
SwapCached:            0 kB
Active:          1138840 kB
Inactive:         598520 kB
Active(anon):     710348 kB
Inactive(anon):   181500 kB
Active(file):     428492 kB
Inactive(file):   417020 kB
Unevictable:        3896 kB
Mlocked:               0 kB
SwapTotal:        524284 kB
SwapFree:         523192 kB
Dirty:               820 kB
Writeback:             0 kB
AnonPages:        852244 kB
Mapped:           475964 kB
Shmem:             39584 kB
Slab:             102668 kB
SReclaimable:      31156 kB
SUnreclaim:        71512 kB
KernelStack:       39648 kB
PageTables:        42444 kB
NFS_Unstable:          0 kB
Bounce:                0 kB
WritebackTmp:          0 kB
CommitLimit:     1815632 kB
Committed_AS:   119243828 kB
VmallocTotal:   251658176 kB
VmallocUsed:      124244 kB
VmallocChunk:   251440548 kB
Time pass: 301 sec

---2015-10-15 22:46:21
MemTotal:        2582696 kB
MemFree:          111728 kB
Buffers:           14780 kB
Cached:           874212 kB
SwapCached:            0 kB
Active:          1140020 kB
Inactive:         598520 kB
Active(anon):     711528 kB
Inactive(anon):   181500 kB
Active(file):     428492 kB
Inactive(file):   417020 kB
Unevictable:        3896 kB
Mlocked:               0 kB
SwapTotal:        524284 kB
SwapFree:         523192 kB
Dirty:               820 kB
Writeback:             0 kB
AnonPages:        853516 kB
Mapped:           475968 kB
Shmem:             39584 kB
Slab:             102516 kB
SReclaimable:      31156 kB
SUnreclaim:        71360 kB
KernelStack:       39616 kB
PageTables:        42444 kB
NFS_Unstable:          0 kB
Bounce:                0 kB
WritebackTmp:          0 kB
CommitLimit:     1815632 kB
Committed_AS:   119243828 kB
VmallocTotal:   251658176 kB
VmallocUsed:      124244 kB
VmallocChunk:   251440548 kB
Time pass: 305 sec

---2015-10-15 22:46:21
MemTotal:        2582696 kB
MemFree:          110900 kB
Buffers:           14780 kB
Cached:           874632 kB
SwapCached:            0 kB
Active:          1140704 kB
Inactive:         598912 kB
Active(anon):     712208 kB
Inactive(anon):   181500 kB
Active(file):     428496 kB
Inactive(file):   417412 kB
Unevictable:        3896 kB
Mlocked:               0 kB
SwapTotal:        524284 kB
SwapFree:         523192 kB
Dirty:              1236 kB
Writeback:             0 kB
AnonPages:        854120 kB
Mapped:           475964 kB
Shmem:             39584 kB
Slab:             102516 kB
SReclaimable:      31156 kB
SUnreclaim:        71360 kB
KernelStack:       39648 kB
PageTables:        42452 kB
NFS_Unstable:          0 kB
Bounce:                0 kB
WritebackTmp:          0 kB
CommitLimit:     1815632 kB
Committed_AS:   119243852 kB
VmallocTotal:   251658176 kB
VmallocUsed:      124244 kB
VmallocChunk:   251440548 kB
Time pass: 309 sec

---2015-10-15 22:46:21
MemTotal:        2582696 kB
MemFree:          116760 kB
Buffers:           14780 kB
Cached:           874636 kB
SwapCached:            0 kB
Active:          1134084 kB
Inactive:         598932 kB
Active(anon):     705580 kB
Inactive(anon):   181500 kB
Active(file):     428504 kB
Inactive(file):   417432 kB
Unevictable:        3896 kB
Mlocked:               0 kB
SwapTotal:        524284 kB
SwapFree:         523192 kB
Dirty:               920 kB
Writeback:             0 kB
AnonPages:        847520 kB
Mapped:           475968 kB
Shmem:             39584 kB
Slab:             102696 kB
SReclaimable:      31156 kB
SUnreclaim:        71540 kB
KernelStack:       39648 kB
PageTables:        42448 kB
NFS_Unstable:          0 kB
Bounce:                0 kB
WritebackTmp:          0 kB
CommitLimit:     1815632 kB
Committed_AS:   119243804 kB
VmallocTotal:   251658176 kB
VmallocUsed:      124244 kB
VmallocChunk:   251440548 kB
Time pass: 312 sec

---2015-10-15 22:46:21
MemTotal:        2582696 kB
MemFree:          119712 kB
Buffers:           14788 kB
Cached:           874636 kB
SwapCached:            0 kB
Active:          1130564 kB
Inactive:         598936 kB
Active(anon):     702060 kB
Inactive(anon):   181496 kB
Active(file):     428504 kB
Inactive(file):   417440 kB
Unevictable:        3896 kB
Mlocked:               0 kB
SwapTotal:        524284 kB
SwapFree:         523192 kB
Dirty:               940 kB
Writeback:             0 kB
AnonPages:        843976 kB
Mapped:           476052 kB
Shmem:             39584 kB
Slab:             102696 kB
SReclaimable:      31156 kB
SUnreclaim:        71540 kB
KernelStack:       39648 kB
PageTables:        42476 kB
NFS_Unstable:          0 kB
Bounce:                0 kB
WritebackTmp:          0 kB
CommitLimit:     1815632 kB
Committed_AS:   119243852 kB
VmallocTotal:   251658176 kB
VmallocUsed:      124244 kB
VmallocChunk:   251440548 kB
Time pass: 316 sec

---2015-10-15 22:46:21
MemTotal:        2582696 kB
MemFree:          120224 kB
Buffers:           14788 kB
Cached:           874636 kB
SwapCached:            0 kB
Active:          1130672 kB
Inactive:         598936 kB
Active(anon):     702168 kB
Inactive(anon):   181496 kB
Active(file):     428504 kB
Inactive(file):   417440 kB
Unevictable:        3896 kB
Mlocked:               0 kB
SwapTotal:        524284 kB
SwapFree:         523192 kB
Dirty:               852 kB
Writeback:             0 kB
AnonPages:        844152 kB
Mapped:           475968 kB
Shmem:             39584 kB
Slab:             102668 kB
SReclaimable:      31156 kB
SUnreclaim:        71512 kB
KernelStack:       39648 kB
PageTables:        42448 kB
NFS_Unstable:          0 kB
Bounce:                0 kB
WritebackTmp:          0 kB
CommitLimit:     1815632 kB
Committed_AS:   119243852 kB
VmallocTotal:   251658176 kB
VmallocUsed:      124244 kB
VmallocChunk:   251440548 kB
Time pass: 320 sec

---2015-10-15 22:46:21
MemTotal:        2582696 kB
MemFree:          120060 kB
Buffers:           14788 kB
Cached:           874636 kB
SwapCached:            0 kB
Active:          1130884 kB
Inactive:         598936 kB
Active(anon):     702380 kB
Inactive(anon):   181496 kB
Active(file):     428504 kB
Inactive(file):   417440 kB
Unevictable:        3896 kB
Mlocked:               0 kB
SwapTotal:        524284 kB
SwapFree:         523192 kB
Dirty:               852 kB
Writeback:             0 kB
AnonPages:        844256 kB
Mapped:           475832 kB
Shmem:             39584 kB
Slab:             102668 kB
SReclaimable:      31156 kB
SUnreclaim:        71512 kB
KernelStack:       39632 kB
PageTables:        42480 kB
NFS_Unstable:          0 kB
Bounce:                0 kB
WritebackTmp:          0 kB
CommitLimit:     1815632 kB
Committed_AS:   119243828 kB
VmallocTotal:   251658176 kB
VmallocUsed:      124244 kB
VmallocChunk:   251440548 kB
Time pass: 323 sec

---2015-10-15 22:46:21
MemTotal:        2582696 kB
MemFree:          120340 kB
Buffers:           14788 kB
Cached:           874644 kB
SwapCached:            0 kB
Active:          1131424 kB
Inactive:         598944 kB
Active(anon):     702920 kB
Inactive(anon):   181496 kB
Active(file):     428504 kB
Inactive(file):   417448 kB
Unevictable:        3896 kB
Mlocked:               0 kB
SwapTotal:        524284 kB
SwapFree:         523192 kB
Dirty:               852 kB
Writeback:             8 kB
AnonPages:        844900 kB
Mapped:           475972 kB
Shmem:             39584 kB
Slab:             102580 kB
SReclaimable:      31156 kB
SUnreclaim:        71424 kB
KernelStack:       39632 kB
PageTables:        42448 kB
NFS_Unstable:          0 kB
Bounce:                0 kB
WritebackTmp:          0 kB
CommitLimit:     1815632 kB
Committed_AS:   119243820 kB
VmallocTotal:   251658176 kB
VmallocUsed:      124244 kB
VmallocChunk:   251440548 kB
Time pass: 327 sec

---2015-10-15 22:46:21
MemTotal:        2582696 kB
MemFree:          119140 kB
Buffers:           14788 kB
Cached:           874644 kB
SwapCached:            0 kB
Active:          1131612 kB
Inactive:         598944 kB
Active(anon):     703108 kB
Inactive(anon):   181496 kB
Active(file):     428504 kB
Inactive(file):   417448 kB
Unevictable:        3896 kB
Mlocked:               0 kB
SwapTotal:        524284 kB
SwapFree:         523192 kB
Dirty:               852 kB
Writeback:             0 kB
AnonPages:        845308 kB
Mapped:           475972 kB
Shmem:             39584 kB
Slab:             102580 kB
SReclaimable:      31156 kB
SUnreclaim:        71424 kB
KernelStack:       39632 kB
PageTables:        42452 kB
NFS_Unstable:          0 kB
Bounce:                0 kB
WritebackTmp:          0 kB
CommitLimit:     1815632 kB
Committed_AS:   119243828 kB
VmallocTotal:   251658176 kB
VmallocUsed:      124244 kB
VmallocChunk:   251440548 kB
Time pass: 331 sec

---2015-10-15 22:46:21
MemTotal:        2582696 kB
MemFree:          119112 kB
Buffers:           14796 kB
Cached:           874644 kB
SwapCached:            0 kB
Active:          1131848 kB
Inactive:         598944 kB
Active(anon):     703344 kB
Inactive(anon):   181496 kB
Active(file):     428504 kB
Inactive(file):   417448 kB
Unevictable:        3896 kB
Mlocked:               0 kB
SwapTotal:        524284 kB
SwapFree:         523192 kB
Dirty:               852 kB
Writeback:             0 kB
AnonPages:        845228 kB
Mapped:           475992 kB
Shmem:             39584 kB
Slab:             102592 kB
SReclaimable:      31156 kB
SUnreclaim:        71436 kB
KernelStack:       39632 kB
PageTables:        42432 kB
NFS_Unstable:          0 kB
Bounce:                0 kB
WritebackTmp:          0 kB
CommitLimit:     1815632 kB
Committed_AS:   119243828 kB
VmallocTotal:   251658176 kB
VmallocUsed:      124244 kB
VmallocChunk:   251440548 kB
Time pass: 335 sec

---2015-10-15 22:46:21
MemTotal:        2582696 kB
MemFree:          118996 kB
Buffers:           14796 kB
Cached:           874652 kB
SwapCached:            0 kB
Active:          1132280 kB
Inactive:         598960 kB
Active(anon):     703776 kB
Inactive(anon):   181496 kB
Active(file):     428504 kB
Inactive(file):   417464 kB
Unevictable:        3896 kB
Mlocked:               0 kB
SwapTotal:        524284 kB
SwapFree:         523192 kB
Dirty:               852 kB
Writeback:             0 kB
AnonPages:        845648 kB
Mapped:           475972 kB
Shmem:             39584 kB
Slab:             102584 kB
SReclaimable:      31156 kB
SUnreclaim:        71428 kB
KernelStack:       39632 kB
PageTables:        42452 kB
NFS_Unstable:          0 kB
Bounce:                0 kB
WritebackTmp:          0 kB
CommitLimit:     1815632 kB
Committed_AS:   119243820 kB
VmallocTotal:   251658176 kB
VmallocUsed:      124244 kB
VmallocChunk:   251440548 kB
Time pass: 338 sec

---2015-10-15 22:46:21
MemTotal:        2582696 kB
MemFree:          118552 kB
Buffers:           14804 kB
Cached:           874652 kB
SwapCached:            0 kB
Active:          1132428 kB
Inactive:         598960 kB
Active(anon):     703924 kB
Inactive(anon):   181496 kB
Active(file):     428504 kB
Inactive(file):   417464 kB
Unevictable:        3896 kB
Mlocked:               0 kB
SwapTotal:        524284 kB
SwapFree:         523192 kB
Dirty:               852 kB
Writeback:            20 kB
AnonPages:        845852 kB
Mapped:           476060 kB
Shmem:             39584 kB
Slab:             102564 kB
SReclaimable:      31156 kB
SUnreclaim:        71408 kB
KernelStack:       39632 kB
PageTables:        42480 kB
NFS_Unstable:          0 kB
Bounce:                0 kB
WritebackTmp:          0 kB
CommitLimit:     1815632 kB
Committed_AS:   119243836 kB
VmallocTotal:   251658176 kB
VmallocUsed:      124244 kB
VmallocChunk:   251440548 kB
Time pass: 342 sec

---2015-10-15 22:46:21
MemTotal:        2582696 kB
MemFree:          118604 kB
Buffers:           14804 kB
Cached:           874652 kB
SwapCached:            0 kB
Active:          1132824 kB
Inactive:         598968 kB
Active(anon):     704320 kB
Inactive(anon):   181496 kB
Active(file):     428504 kB
Inactive(file):   417472 kB
Unevictable:        3896 kB
Mlocked:               0 kB
SwapTotal:        524284 kB
SwapFree:         523192 kB
Dirty:               852 kB
Writeback:             0 kB
AnonPages:        846324 kB
Mapped:           475976 kB
Shmem:             39584 kB
Slab:             102564 kB
SReclaimable:      31156 kB
SUnreclaim:        71408 kB
KernelStack:       39632 kB
PageTables:        42452 kB
NFS_Unstable:          0 kB
Bounce:                0 kB
WritebackTmp:          0 kB
CommitLimit:     1815632 kB
Committed_AS:   119243836 kB
VmallocTotal:   251658176 kB
VmallocUsed:      124244 kB
VmallocChunk:   251440548 kB
Time pass: 346 sec

---2015-10-15 22:46:21
MemTotal:        2582696 kB
MemFree:          118260 kB
Buffers:           14804 kB
Cached:           874652 kB
SwapCached:            0 kB
Active:          1132888 kB
Inactive:         598968 kB
Active(anon):     704384 kB
Inactive(anon):   181496 kB
Active(file):     428504 kB
Inactive(file):   417472 kB
Unevictable:        3896 kB
Mlocked:               0 kB
SwapTotal:        524284 kB
SwapFree:         523192 kB
Dirty:               852 kB
Writeback:             0 kB
AnonPages:        846480 kB
Mapped:           475892 kB
Shmem:             39584 kB
Slab:             102564 kB
SReclaimable:      31156 kB
SUnreclaim:        71408 kB
KernelStack:       39600 kB
PageTables:        42424 kB
NFS_Unstable:          0 kB
Bounce:                0 kB
WritebackTmp:          0 kB
CommitLimit:     1815632 kB
Committed_AS:   119243828 kB
VmallocTotal:   251658176 kB
VmallocUsed:      124244 kB
VmallocChunk:   251440548 kB
Time pass: 350 sec

---2015-10-15 22:46:21
MemTotal:        2582696 kB
MemFree:          118308 kB
Buffers:           14804 kB
Cached:           874652 kB
SwapCached:            0 kB
Active:          1133184 kB
Inactive:         598968 kB
Active(anon):     704680 kB
Inactive(anon):   181496 kB
Active(file):     428504 kB
Inactive(file):   417472 kB
Unevictable:        3896 kB
Mlocked:               0 kB
SwapTotal:        524284 kB
SwapFree:         523192 kB
Dirty:               852 kB
Writeback:             0 kB
AnonPages:        846660 kB
Mapped:           475976 kB
Shmem:             39584 kB
Slab:             102540 kB
SReclaimable:      31156 kB
SUnreclaim:        71384 kB
KernelStack:       39632 kB
PageTables:        42452 kB
NFS_Unstable:          0 kB
Bounce:                0 kB
WritebackTmp:          0 kB
CommitLimit:     1815632 kB
Committed_AS:   119243812 kB
VmallocTotal:   251658176 kB
VmallocUsed:      124244 kB
VmallocChunk:   251440548 kB
Time pass: 353 sec

---2015-10-15 22:46:21
MemTotal:        2582696 kB
MemFree:          118044 kB
Buffers:           14804 kB
Cached:           874652 kB
SwapCached:            0 kB
Active:          1133220 kB
Inactive:         598968 kB
Active(anon):     704716 kB
Inactive(anon):   181496 kB
Active(file):     428504 kB
Inactive(file):   417472 kB
Unevictable:        3896 kB
Mlocked:               0 kB
SwapTotal:        524284 kB
SwapFree:         523192 kB
Dirty:               852 kB
Writeback:             0 kB
AnonPages:        846844 kB
Mapped:           475840 kB
Shmem:             39584 kB
Slab:             102556 kB
SReclaimable:      31156 kB
SUnreclaim:        71400 kB
KernelStack:       39632 kB
PageTables:        42480 kB
NFS_Unstable:          0 kB
Bounce:                0 kB
WritebackTmp:          0 kB
CommitLimit:     1815632 kB
Committed_AS:   119243748 kB
VmallocTotal:   251658176 kB
VmallocUsed:      124244 kB
VmallocChunk:   251440548 kB
Time pass: 357 sec

---2015-10-15 22:46:21
MemTotal:        2582696 kB
MemFree:          117404 kB
Buffers:           14804 kB
Cached:           874652 kB
SwapCached:            0 kB
Active:          1133664 kB
Inactive:         598968 kB
Active(anon):     705160 kB
Inactive(anon):   181496 kB
Active(file):     428504 kB
Inactive(file):   417472 kB
Unevictable:        3896 kB
Mlocked:               0 kB
SwapTotal:        524284 kB
SwapFree:         523192 kB
Dirty:               852 kB
Writeback:             0 kB
AnonPages:        847048 kB
Mapped:           476060 kB
Shmem:             39584 kB
Slab:             102452 kB
SReclaimable:      31028 kB
SUnreclaim:        71424 kB
KernelStack:       39632 kB
PageTables:        42484 kB
NFS_Unstable:          0 kB
Bounce:                0 kB
WritebackTmp:          0 kB
CommitLimit:     1815632 kB
Committed_AS:   119243828 kB
VmallocTotal:   251658176 kB
VmallocUsed:      124244 kB
VmallocChunk:   251440548 kB
Time pass: 361 sec

---2015-10-15 22:46:21
MemTotal:        2582696 kB
MemFree:          117452 kB
Buffers:           14804 kB
Cached:           874652 kB
SwapCached:            0 kB
Active:          1134360 kB
Inactive:         598968 kB
Active(anon):     705856 kB
Inactive(anon):   181496 kB
Active(file):     428504 kB
Inactive(file):   417472 kB
Unevictable:        3896 kB
Mlocked:               0 kB
SwapTotal:        524284 kB
SwapFree:         523192 kB
Dirty:               852 kB
Writeback:             0 kB
AnonPages:        847828 kB
Mapped:           475916 kB
Shmem:             39584 kB
Slab:             102420 kB
SReclaimable:      31028 kB
SUnreclaim:        71392 kB
KernelStack:       39632 kB
PageTables:        42412 kB
NFS_Unstable:          0 kB
Bounce:                0 kB
WritebackTmp:          0 kB
CommitLimit:     1815632 kB
Committed_AS:   119243832 kB
VmallocTotal:   251658176 kB
VmallocUsed:      124244 kB
VmallocChunk:   251440548 kB
Time pass: 365 sec

---2015-10-15 22:46:21
MemTotal:        2582696 kB
MemFree:          115748 kB
Buffers:           14804 kB
Cached:           875100 kB
SwapCached:            0 kB
Active:          1134784 kB
Inactive:         599272 kB
Active(anon):     706280 kB
Inactive(anon):   181496 kB
Active(file):     428504 kB
Inactive(file):   417776 kB
Unevictable:        3896 kB
Mlocked:               0 kB
SwapTotal:        524284 kB
SwapFree:         523192 kB
Dirty:              1292 kB
Writeback:             0 kB
AnonPages:        848264 kB
Mapped:           475980 kB
Shmem:             39584 kB
Slab:             102380 kB
SReclaimable:      31028 kB
SUnreclaim:        71352 kB
KernelStack:       39632 kB
PageTables:        42456 kB
NFS_Unstable:          0 kB
Bounce:                0 kB
WritebackTmp:          0 kB
CommitLimit:     1815632 kB
Committed_AS:   119243828 kB
VmallocTotal:   251658176 kB
VmallocUsed:      124244 kB
VmallocChunk:   251440548 kB
Time pass: 368 sec

---2015-10-15 22:46:21
MemTotal:        2582696 kB
MemFree:          116440 kB
Buffers:           14812 kB
Cached:           875032 kB
SwapCached:            0 kB
Active:          1134916 kB
Inactive:         599340 kB
Active(anon):     706400 kB
Inactive(anon):   181496 kB
Active(file):     428516 kB
Inactive(file):   417844 kB
Unevictable:        3896 kB
Mlocked:               0 kB
SwapTotal:        524284 kB
SwapFree:         523192 kB
Dirty:               852 kB
Writeback:             0 kB
AnonPages:        848420 kB
Mapped:           475980 kB
Shmem:             39584 kB
Slab:             102376 kB
SReclaimable:      31028 kB
SUnreclaim:        71348 kB
KernelStack:       39632 kB
PageTables:        42456 kB
NFS_Unstable:          0 kB
Bounce:                0 kB
WritebackTmp:          0 kB
CommitLimit:     1815632 kB
Committed_AS:   119243812 kB
VmallocTotal:   251658176 kB
VmallocUsed:      124244 kB
VmallocChunk:   251440548 kB
Time pass: 372 sec

---2015-10-15 22:46:21
MemTotal:        2582696 kB
MemFree:          115296 kB
Buffers:           14812 kB
Cached:           875036 kB
SwapCached:            0 kB
Active:          1135120 kB
Inactive:         599348 kB
Active(anon):     706604 kB
Inactive(anon):   181496 kB
Active(file):     428516 kB
Inactive(file):   417852 kB
Unevictable:        3896 kB
Mlocked:               0 kB
SwapTotal:        524284 kB
SwapFree:         523192 kB
Dirty:               892 kB
Writeback:             0 kB
AnonPages:        848592 kB
Mapped:           475980 kB
Shmem:             39584 kB
Slab:             102352 kB
SReclaimable:      31028 kB
SUnreclaim:        71324 kB
KernelStack:       39632 kB
PageTables:        42456 kB
NFS_Unstable:          0 kB
Bounce:                0 kB
WritebackTmp:          0 kB
CommitLimit:     1815632 kB
Committed_AS:   119243844 kB
VmallocTotal:   251658176 kB
VmallocUsed:      124244 kB
VmallocChunk:   251440548 kB
Time pass: 376 sec

---2015-10-15 22:46:21
MemTotal:        2582696 kB
MemFree:          115188 kB
Buffers:           14820 kB
