---2015-12-03 20:19:11
MemTotal:        1350964 kB
MemFree:           48180 kB
Buffers:            8020 kB
Cached:           688964 kB
SwapCached:            0 kB
Active:           581992 kB
Inactive:         534900 kB
Active(anon):     421972 kB
Inactive(anon):     2472 kB
Active(file):     160020 kB
Inactive(file):   532428 kB
Unevictable:        1988 kB
Mlocked:               0 kB
HighTotal:        802816 kB
HighFree:           1528 kB
LowTotal:         548148 kB
LowFree:           46652 kB
SwapTotal:             0 kB
SwapFree:              0 kB
Dirty:                 0 kB
Writeback:             0 kB
AnonPages:        421896 kB
Mapped:           187080 kB
Shmem:              2516 kB
Slab:              31936 kB
SReclaimable:      11392 kB
SUnreclaim:        20544 kB
KernelStack:        8856 kB
PageTables:        18388 kB
NFS_Unstable:          0 kB
Bounce:                0 kB
WritebackTmp:          0 kB
CommitLimit:      675480 kB
Committed_AS:   45752804 kB
VmallocTotal:     253952 kB
VmallocUsed:       90096 kB
VmallocChunk:      49156 kB
Time pass: 3 sec

---2015-12-03 20:19:11
MemTotal:        1350964 kB
MemFree:           44672 kB
Buffers:            8304 kB
Cached:           689712 kB
SwapCached:            0 kB
Active:           584716 kB
Inactive:         535596 kB
Active(anon):     424336 kB
Inactive(anon):     2744 kB
Active(file):     160380 kB
Inactive(file):   532852 kB
Unevictable:        1988 kB
Mlocked:               0 kB
HighTotal:        802816 kB
HighFree:           1528 kB
LowTotal:         548148 kB
LowFree:           43144 kB
SwapTotal:             0 kB
SwapFree:              0 kB
Dirty:               392 kB
Writeback:             0 kB
AnonPages:        424140 kB
Mapped:           187428 kB
Shmem:              2788 kB
Slab:              32016 kB
SReclaimable:      11424 kB
SUnreclaim:        20592 kB
KernelStack:        8912 kB
PageTables:        18424 kB
NFS_Unstable:          0 kB
Bounce:                0 kB
WritebackTmp:          0 kB
CommitLimit:      675480 kB
Committed_AS:   45758148 kB
VmallocTotal:     253952 kB
VmallocUsed:       90096 kB
VmallocChunk:      49156 kB
Time pass: 6 sec

---2015-12-03 20:19:11
MemTotal:        1350964 kB
MemFree:           44424 kB
Buffers:            8376 kB
Cached:           689520 kB
SwapCached:            0 kB
Active:           584456 kB
Inactive:         535392 kB
Active(anon):     423984 kB
Inactive(anon):     2472 kB
Active(file):     160472 kB
Inactive(file):   532920 kB
Unevictable:        1988 kB
Mlocked:               0 kB
HighTotal:        802816 kB
HighFree:           1528 kB
LowTotal:         548148 kB
LowFree:           42896 kB
SwapTotal:             0 kB
SwapFree:              0 kB
Dirty:                 0 kB
Writeback:             0 kB
AnonPages:        423972 kB
Mapped:           187108 kB
Shmem:              2516 kB
Slab:              32136 kB
SReclaimable:      11432 kB
SUnreclaim:        20704 kB
KernelStack:        8920 kB
PageTables:        18416 kB
NFS_Unstable:          0 kB
Bounce:                0 kB
WritebackTmp:          0 kB
CommitLimit:      675480 kB
Committed_AS:   45753968 kB
VmallocTotal:     253952 kB
VmallocUsed:       90096 kB
VmallocChunk:      49156 kB
Time pass: 10 sec

---2015-12-03 20:19:11
MemTotal:        1350964 kB
MemFree:           45428 kB
Buffers:            8384 kB
Cached:           689512 kB
SwapCached:            0 kB
Active:           583692 kB
Inactive:         535392 kB
Active(anon):     423220 kB
Inactive(anon):     2472 kB
Active(file):     160472 kB
Inactive(file):   532920 kB
Unevictable:        1988 kB
Mlocked:               0 kB
HighTotal:        802816 kB
HighFree:           1776 kB
LowTotal:         548148 kB
LowFree:           43652 kB
SwapTotal:             0 kB
SwapFree:              0 kB
Dirty:                 0 kB
Writeback:             0 kB
AnonPages:        423244 kB
Mapped:           187156 kB
Shmem:              2516 kB
Slab:              32104 kB
SReclaimable:      11432 kB
SUnreclaim:        20672 kB
KernelStack:        8920 kB
PageTables:        18436 kB
NFS_Unstable:          0 kB
Bounce:                0 kB
WritebackTmp:          0 kB
CommitLimit:      675480 kB
Committed_AS:   45753852 kB
VmallocTotal:     253952 kB
VmallocUsed:       90096 kB
VmallocChunk:      49156 kB
Time pass: 13 sec

---2015-12-03 20:19:11
MemTotal:        1350964 kB
MemFree:           45400 kB
Buffers:            8384 kB
Cached:           689520 kB
SwapCached:            0 kB
Active:           583648 kB
Inactive:         535400 kB
Active(anon):     423176 kB
Inactive(anon):     2472 kB
Active(file):     160472 kB
Inactive(file):   532928 kB
Unevictable:        1988 kB
Mlocked:               0 kB
HighTotal:        802816 kB
HighFree:           1776 kB
LowTotal:         548148 kB
LowFree:           43624 kB
SwapTotal:             0 kB
SwapFree:              0 kB
Dirty:                36 kB
Writeback:             0 kB
AnonPages:        423124 kB
Mapped:           187156 kB
Shmem:              2516 kB
Slab:              32136 kB
SReclaimable:      11432 kB
SUnreclaim:        20704 kB
KernelStack:        8920 kB
PageTables:        18428 kB
NFS_Unstable:          0 kB
Bounce:                0 kB
WritebackTmp:          0 kB
CommitLimit:      675480 kB
Committed_AS:   45753900 kB
VmallocTotal:     253952 kB
VmallocUsed:       90096 kB
VmallocChunk:      49156 kB
Time pass: 17 sec

---2015-12-03 20:19:11
MemTotal:        1350964 kB
MemFree:           23748 kB
Buffers:            8400 kB
Cached:           701328 kB
SwapCached:            0 kB
Active:           593992 kB
Inactive:         545464 kB
Active(anon):     431968 kB
Inactive(anon):     2472 kB
Active(file):     162024 kB
Inactive(file):   542992 kB
Unevictable:        1988 kB
Mlocked:               0 kB
HighTotal:        802816 kB
HighFree:           1964 kB
LowTotal:         548148 kB
LowFree:           21784 kB
SwapTotal:             0 kB
SwapFree:              0 kB
Dirty:               788 kB
Writeback:             0 kB
AnonPages:        431992 kB
Mapped:           198144 kB
Shmem:              2516 kB
Slab:              32288 kB
SReclaimable:      11536 kB
SUnreclaim:        20752 kB
KernelStack:        9048 kB
PageTables:        18856 kB
NFS_Unstable:          0 kB
Bounce:                0 kB
WritebackTmp:          0 kB
CommitLimit:      675480 kB
Committed_AS:   46642436 kB
VmallocTotal:     253952 kB
VmallocUsed:       91916 kB
VmallocChunk:      49156 kB
Time pass: 21 sec

---2015-12-03 20:19:11
MemTotal:        1350964 kB
MemFree:           30236 kB
Buffers:            7868 kB
Cached:           637752 kB
SwapCached:            0 kB
Active:           623064 kB
Inactive:         473824 kB
Active(anon):     453424 kB
Inactive(anon):     2604 kB
Active(file):     169640 kB
Inactive(file):   471220 kB
Unevictable:        1988 kB
Mlocked:               0 kB
HighTotal:        802816 kB
HighFree:           1732 kB
LowTotal:         548148 kB
LowFree:           28504 kB
SwapTotal:             0 kB
SwapFree:              0 kB
Dirty:               260 kB
Writeback:             0 kB
AnonPages:        453528 kB
Mapped:           206704 kB
Shmem:              2648 kB
Slab:              32472 kB
SReclaimable:      11608 kB
SUnreclaim:        20864 kB
KernelStack:        9360 kB
PageTables:        19108 kB
NFS_Unstable:          0 kB
Bounce:                0 kB
WritebackTmp:          0 kB
CommitLimit:      675480 kB
Committed_AS:   46713108 kB
VmallocTotal:     253952 kB
VmallocUsed:       92364 kB
VmallocChunk:      49156 kB
Time pass: 24 sec

---2015-12-03 20:19:11
MemTotal:        1350964 kB
MemFree:           39856 kB
Buffers:            7508 kB
Cached:           615584 kB
SwapCached:            0 kB
Active:           624988 kB
Inactive:         450348 kB
Active(anon):     454276 kB
Inactive(anon):     2604 kB
Active(file):     170712 kB
Inactive(file):   447744 kB
Unevictable:        1988 kB
Mlocked:               0 kB
HighTotal:        802816 kB
HighFree:           7408 kB
LowTotal:         548148 kB
LowFree:           32448 kB
SwapTotal:             0 kB
SwapFree:              0 kB
Dirty:               324 kB
Writeback:             0 kB
AnonPages:        454328 kB
Mapped:           206904 kB
Shmem:              2648 kB
Slab:              32520 kB
SReclaimable:      11640 kB
SUnreclaim:        20880 kB
KernelStack:        9352 kB
PageTables:        19136 kB
NFS_Unstable:          0 kB
Bounce:                0 kB
WritebackTmp:          0 kB
CommitLimit:      675480 kB
Committed_AS:   46724692 kB
VmallocTotal:     253952 kB
VmallocUsed:       92364 kB
VmallocChunk:      49156 kB
Time pass: 28 sec

---2015-12-03 20:19:11
MemTotal:        1350964 kB
MemFree:           31392 kB
Buffers:            7516 kB
Cached:           615732 kB
SwapCached:            0 kB
Active:           626404 kB
Inactive:         450488 kB
Active(anon):     455680 kB
Inactive(anon):     2604 kB
Active(file):     170724 kB
Inactive(file):   447884 kB
Unevictable:        1988 kB
Mlocked:               0 kB
HighTotal:        802816 kB
HighFree:           1880 kB
LowTotal:         548148 kB
LowFree:           29512 kB
SwapTotal:             0 kB
SwapFree:              0 kB
Dirty:               164 kB
Writeback:             0 kB
AnonPages:        455588 kB
Mapped:           207020 kB
Shmem:              2648 kB
Slab:              32612 kB
SReclaimable:      11640 kB
SUnreclaim:        20972 kB
KernelStack:        9368 kB
PageTables:        19168 kB
NFS_Unstable:          0 kB
Bounce:                0 kB
WritebackTmp:          0 kB
CommitLimit:      675480 kB
Committed_AS:   46732396 kB
VmallocTotal:     253952 kB
VmallocUsed:       92364 kB
VmallocChunk:      49156 kB
Time pass: 32 sec

---2015-12-03 20:19:11
MemTotal:        1350964 kB
MemFree:           31280 kB
Buffers:            7524 kB
Cached:           615732 kB
SwapCached:            0 kB
Active:           626312 kB
Inactive:         450488 kB
Active(anon):     455588 kB
Inactive(anon):     2604 kB
Active(file):     170724 kB
Inactive(file):   447884 kB
Unevictable:        1988 kB
Mlocked:               0 kB
HighTotal:        802816 kB
HighFree:           1580 kB
LowTotal:         548148 kB
LowFree:           29700 kB
SwapTotal:             0 kB
SwapFree:              0 kB
Dirty:                44 kB
Writeback:           112 kB
AnonPages:        455652 kB
Mapped:           207020 kB
Shmem:              2648 kB
Slab:              32624 kB
SReclaimable:      11640 kB
SUnreclaim:        20984 kB
KernelStack:        9368 kB
PageTables:        19172 kB
NFS_Unstable:          0 kB
Bounce:                0 kB
WritebackTmp:          0 kB
CommitLimit:      675480 kB
Committed_AS:   46732412 kB
VmallocTotal:     253952 kB
VmallocUsed:       92364 kB
VmallocChunk:      49156 kB
Time pass: 35 sec

---2015-12-03 20:19:11
MemTotal:        1350964 kB
MemFree:           30756 kB
Buffers:            7524 kB
Cached:           570568 kB
SwapCached:            0 kB
Active:           644796 kB
Inactive:         405000 kB
Active(anon):     473736 kB
Inactive(anon):     2604 kB
Active(file):     171060 kB
Inactive(file):   402396 kB
Unevictable:        1988 kB
Mlocked:               0 kB
HighTotal:        802816 kB
HighFree:           1604 kB
LowTotal:         548148 kB
LowFree:           29152 kB
SwapTotal:             0 kB
SwapFree:              0 kB
Dirty:                52 kB
Writeback:             0 kB
AnonPages:        474024 kB
Mapped:           207476 kB
Shmem:              2648 kB
Slab:              32548 kB
SReclaimable:      11652 kB
SUnreclaim:        20896 kB
KernelStack:        9384 kB
PageTables:        19424 kB
NFS_Unstable:          0 kB
Bounce:                0 kB
WritebackTmp:          0 kB
CommitLimit:      675480 kB
Committed_AS:   46851272 kB
VmallocTotal:     253952 kB
VmallocUsed:       92816 kB
VmallocChunk:      49156 kB
Time pass: 38 sec

---2015-12-03 20:19:11
MemTotal:        1350964 kB
MemFree:           32632 kB
Buffers:            7532 kB
Cached:           562156 kB
SwapCached:            0 kB
Active:           647232 kB
Inactive:         396512 kB
Active(anon):     476124 kB
Inactive(anon):     2604 kB
Active(file):     171108 kB
Inactive(file):   393908 kB
Unevictable:        1988 kB
Mlocked:               0 kB
HighTotal:        802816 kB
HighFree:           3004 kB
LowTotal:         548148 kB
LowFree:           29628 kB
SwapTotal:             0 kB
SwapFree:              0 kB
Dirty:                36 kB
Writeback:             0 kB
AnonPages:        476172 kB
Mapped:           207608 kB
Shmem:              2648 kB
Slab:              32532 kB
SReclaimable:      11652 kB
SUnreclaim:        20880 kB
KernelStack:        9384 kB
PageTables:        19444 kB
NFS_Unstable:          0 kB
Bounce:                0 kB
WritebackTmp:          0 kB
CommitLimit:      675480 kB
Committed_AS:   46855220 kB
VmallocTotal:     253952 kB
VmallocUsed:       92816 kB
VmallocChunk:      49156 kB
Time pass: 42 sec

---2015-12-03 20:19:11
MemTotal:        1350964 kB
MemFree:           39760 kB
Buffers:            7532 kB
Cached:           563672 kB
SwapCached:            0 kB
Active:           660052 kB
Inactive:         397868 kB
Active(anon):     488724 kB
Inactive(anon):     2608 kB
Active(file):     171328 kB
Inactive(file):   395260 kB
Unevictable:        1988 kB
Mlocked:               0 kB
HighTotal:        802816 kB
HighFree:           5820 kB
LowTotal:         548148 kB
LowFree:           33940 kB
SwapTotal:             0 kB
SwapFree:              0 kB
Dirty:               432 kB
Writeback:             0 kB
AnonPages:        488764 kB
Mapped:           208868 kB
Shmem:              2652 kB
Slab:              32648 kB
SReclaimable:      11668 kB
SUnreclaim:        20980 kB
KernelStack:        9440 kB
PageTables:        19436 kB
NFS_Unstable:          0 kB
Bounce:                0 kB
WritebackTmp:          0 kB
CommitLimit:      675480 kB
Committed_AS:   46838900 kB
VmallocTotal:     253952 kB
VmallocUsed:       92916 kB
VmallocChunk:      49156 kB
Time pass: 46 sec

---2015-12-03 20:19:11
MemTotal:        1350964 kB
MemFree:           32380 kB
Buffers:            7540 kB
Cached:           557412 kB
SwapCached:            0 kB
Active:           663560 kB
Inactive:         391580 kB
Active(anon):     492140 kB
Inactive(anon):     2608 kB
Active(file):     171420 kB
Inactive(file):   388972 kB
Unevictable:        1988 kB
Mlocked:               0 kB
HighTotal:        802816 kB
HighFree:           2940 kB
LowTotal:         548148 kB
LowFree:           29440 kB
SwapTotal:             0 kB
SwapFree:              0 kB
Dirty:                 0 kB
Writeback:             0 kB
AnonPages:        492364 kB
Mapped:           208948 kB
Shmem:              2652 kB
Slab:              32796 kB
SReclaimable:      11708 kB
SUnreclaim:        21088 kB
KernelStack:        9464 kB
PageTables:        19456 kB
NFS_Unstable:          0 kB
Bounce:                0 kB
WritebackTmp:          0 kB
CommitLimit:      675480 kB
Committed_AS:   46851496 kB
VmallocTotal:     253952 kB
VmallocUsed:       92916 kB
VmallocChunk:      49156 kB
Time pass: 49 sec

---2015-12-03 20:19:11
MemTotal:        1350964 kB
MemFree:           30748 kB
Buffers:            7540 kB
Cached:           557404 kB
SwapCached:            0 kB
Active:           662116 kB
Inactive:         391492 kB
Active(anon):     490696 kB
Inactive(anon):     2608 kB
Active(file):     171420 kB
Inactive(file):   388884 kB
Unevictable:        1988 kB
Mlocked:               0 kB
HighTotal:        802816 kB
HighFree:           1704 kB
LowTotal:         548148 kB
LowFree:           29044 kB
SwapTotal:             0 kB
SwapFree:              0 kB
Dirty:                 0 kB
Writeback:             0 kB
AnonPages:        490752 kB
Mapped:           208944 kB
Shmem:              2652 kB
Slab:              32804 kB
SReclaimable:      11712 kB
SUnreclaim:        21092 kB
KernelStack:        9456 kB
PageTables:        19460 kB
NFS_Unstable:          0 kB
Bounce:                0 kB
WritebackTmp:          0 kB
CommitLimit:      675480 kB
Committed_AS:   46852824 kB
VmallocTotal:     253952 kB
VmallocUsed:       92916 kB
VmallocChunk:      49156 kB
Time pass: 53 sec

---2015-12-03 20:19:11
MemTotal:        1350964 kB
MemFree:           32128 kB
Buffers:            7548 kB
Cached:           552640 kB
SwapCached:            0 kB
Active:           661984 kB
Inactive:         386632 kB
Active(anon):     490484 kB
Inactive(anon):     2608 kB
Active(file):     171500 kB
Inactive(file):   384024 kB
Unevictable:        1988 kB
Mlocked:               0 kB
HighTotal:        802816 kB
HighFree:           1904 kB
LowTotal:         548148 kB
LowFree:           30224 kB
SwapTotal:             0 kB
SwapFree:              0 kB
Dirty:               228 kB
Writeback:             0 kB
AnonPages:        490504 kB
Mapped:           209596 kB
Shmem:              2652 kB
Slab:              32800 kB
SReclaimable:      11744 kB
SUnreclaim:        21056 kB
KernelStack:        9456 kB
PageTables:        19476 kB
NFS_Unstable:          0 kB
Bounce:                0 kB
WritebackTmp:          0 kB
CommitLimit:      675480 kB
Committed_AS:   46858748 kB
VmallocTotal:     253952 kB
VmallocUsed:       92916 kB
VmallocChunk:      49156 kB
Time pass: 57 sec

---2015-12-03 20:19:11
MemTotal:        1350964 kB
MemFree:           31348 kB
Buffers:            7556 kB
Cached:           551024 kB
SwapCached:            0 kB
Active:           662480 kB
Inactive:         384940 kB
Active(anon):     490964 kB
Inactive(anon):     2608 kB
Active(file):     171516 kB
Inactive(file):   382332 kB
Unevictable:        1988 kB
Mlocked:               0 kB
HighTotal:        802816 kB
HighFree:           2844 kB
LowTotal:         548148 kB
LowFree:           28504 kB
SwapTotal:             0 kB
SwapFree:              0 kB
Dirty:               180 kB
Writeback:             0 kB
AnonPages:        491032 kB
Mapped:           209864 kB
Shmem:              2652 kB
Slab:              32852 kB
SReclaimable:      11748 kB
SUnreclaim:        21104 kB
KernelStack:        9456 kB
PageTables:        19480 kB
NFS_Unstable:          0 kB
Bounce:                0 kB
WritebackTmp:          0 kB
CommitLimit:      675480 kB
Committed_AS:   46860532 kB
VmallocTotal:     253952 kB
VmallocUsed:       92916 kB
VmallocChunk:      49156 kB
Time pass: 60 sec

---2015-12-03 20:19:11
MemTotal:        1350964 kB
MemFree:           32272 kB
Buffers:            7524 kB
Cached:           539932 kB
SwapCached:            0 kB
Active:           666676 kB
Inactive:         373352 kB
Active(anon):     494604 kB
Inactive(anon):     2608 kB
Active(file):     172072 kB
Inactive(file):   370744 kB
Unevictable:        1988 kB
Mlocked:               0 kB
HighTotal:        802816 kB
HighFree:           3092 kB
LowTotal:         548148 kB
LowFree:           29180 kB
SwapTotal:             0 kB
SwapFree:              0 kB
Dirty:               476 kB
Writeback:             0 kB
AnonPages:        494660 kB
Mapped:           210040 kB
Shmem:              2652 kB
Slab:              32912 kB
SReclaimable:      11780 kB
SUnreclaim:        21132 kB
KernelStack:        9440 kB
PageTables:        19484 kB
NFS_Unstable:          0 kB
Bounce:                0 kB
WritebackTmp:          0 kB
CommitLimit:      675480 kB
Committed_AS:   46870464 kB
VmallocTotal:     253952 kB
VmallocUsed:       92916 kB
VmallocChunk:      49156 kB
Time pass: 64 sec

---2015-12-03 20:19:11
MemTotal:        1350964 kB
MemFree:           31852 kB
Buffers:            7532 kB
Cached:           539376 kB
SwapCached:            0 kB
Active:           668276 kB
Inactive:         372620 kB
Active(anon):     496164 kB
Inactive(anon):     2608 kB
Active(file):     172112 kB
Inactive(file):   370012 kB
Unevictable:        1988 kB
Mlocked:               0 kB
HighTotal:        802816 kB
HighFree:           2556 kB
LowTotal:         548148 kB
LowFree:           29296 kB
SwapTotal:             0 kB
SwapFree:              0 kB
Dirty:               576 kB
Writeback:             0 kB
AnonPages:        496160 kB
Mapped:           211496 kB
Shmem:              2652 kB
Slab:              32944 kB
SReclaimable:      11796 kB
SUnreclaim:        21148 kB
KernelStack:        9432 kB
PageTables:        19492 kB
NFS_Unstable:          0 kB
Bounce:                0 kB
WritebackTmp:          0 kB
CommitLimit:      675480 kB
Committed_AS:   46877532 kB
VmallocTotal:     253952 kB
VmallocUsed:       92916 kB
VmallocChunk:      49156 kB
Time pass: 67 sec

---2015-12-03 20:19:11
MemTotal:        1350964 kB
MemFree:           32704 kB
Buffers:            7552 kB
Cached:           527220 kB
SwapCached:            0 kB
Active:           680120 kB
Inactive:         359916 kB
Active(anon):     507296 kB
Inactive(anon):     2608 kB
Active(file):     172824 kB
Inactive(file):   357308 kB
Unevictable:        1988 kB
Mlocked:               0 kB
HighTotal:        802816 kB
HighFree:           1580 kB
LowTotal:         548148 kB
LowFree:           31124 kB
SwapTotal:             0 kB
SwapFree:              0 kB
Dirty:               328 kB
Writeback:             0 kB
AnonPages:        507528 kB
Mapped:           213832 kB
Shmem:              2652 kB
Slab:              33048 kB
SReclaimable:      11808 kB
SUnreclaim:        21240 kB
KernelStack:        9480 kB
PageTables:        19548 kB
NFS_Unstable:          0 kB
Bounce:                0 kB
WritebackTmp:          0 kB
CommitLimit:      675480 kB
Committed_AS:   46888444 kB
VmallocTotal:     253952 kB
VmallocUsed:       92916 kB
VmallocChunk:      49156 kB
Time pass: 71 sec

---2015-12-03 20:19:11
MemTotal:        1350964 kB
MemFree:           32160 kB
Buffers:            7544 kB
Cached:           514900 kB
SwapCached:            0 kB
Active:           689240 kB
Inactive:         347196 kB
Active(anon):     516028 kB
Inactive(anon):     2724 kB
Active(file):     173212 kB
Inactive(file):   344472 kB
Unevictable:        1988 kB
Mlocked:               0 kB
HighTotal:        802816 kB
HighFree:           1604 kB
LowTotal:         548148 kB
LowFree:           30556 kB
SwapTotal:             0 kB
SwapFree:              0 kB
Dirty:                60 kB
Writeback:             0 kB
AnonPages:        516132 kB
Mapped:           214912 kB
Shmem:              2772 kB
Slab:              33308 kB
SReclaimable:      11816 kB
SUnreclaim:        21492 kB
KernelStack:        9600 kB
PageTables:        19648 kB
NFS_Unstable:          0 kB
Bounce:                0 kB
WritebackTmp:          0 kB
CommitLimit:      675480 kB
Committed_AS:   46907728 kB
VmallocTotal:     253952 kB
VmallocUsed:       93692 kB
VmallocChunk:      49156 kB
Time pass: 75 sec

---2015-12-03 20:19:11
MemTotal:        1350964 kB
MemFree:           36388 kB
Buffers:            7392 kB
Cached:           504756 kB
SwapCached:            0 kB
Active:           697432 kB
Inactive:         329976 kB
Active(anon):     517300 kB
Inactive(anon):     2752 kB
Active(file):     180132 kB
Inactive(file):   327224 kB
Unevictable:        1988 kB
Mlocked:               0 kB
HighTotal:        802816 kB
HighFree:           3320 kB
LowTotal:         548148 kB
LowFree:           33068 kB
SwapTotal:             0 kB
SwapFree:              0 kB
Dirty:                60 kB
Writeback:             0 kB
AnonPages:        517284 kB
Mapped:           214992 kB
Shmem:              2804 kB
Slab:              33284 kB
SReclaimable:      11816 kB
SUnreclaim:        21468 kB
KernelStack:        9624 kB
PageTables:        19844 kB
NFS_Unstable:          0 kB
Bounce:                0 kB
WritebackTmp:          0 kB
CommitLimit:      675480 kB
Committed_AS:   46911956 kB
VmallocTotal:     253952 kB
VmallocUsed:       94028 kB
VmallocChunk:      49156 kB
Time pass: 79 sec

---2015-12-03 20:19:11
MemTotal:        1350964 kB
MemFree:           35432 kB
Buffers:            7416 kB
Cached:           504868 kB
SwapCached:            0 kB
Active:           698184 kB
Inactive:         330116 kB
Active(anon):     518052 kB
Inactive(anon):     2868 kB
Active(file):     180132 kB
Inactive(file):   327248 kB
Unevictable:        1988 kB
Mlocked:               0 kB
HighTotal:        802816 kB
HighFree:           2472 kB
LowTotal:         548148 kB
LowFree:           32960 kB
SwapTotal:             0 kB
SwapFree:              0 kB
Dirty:                44 kB
Writeback:             0 kB
AnonPages:        518204 kB
Mapped:           215104 kB
Shmem:              2916 kB
Slab:              33284 kB
SReclaimable:      11816 kB
SUnreclaim:        21468 kB
KernelStack:        9616 kB
PageTables:        19840 kB
NFS_Unstable:          0 kB
Bounce:                0 kB
WritebackTmp:          0 kB
CommitLimit:      675480 kB
Committed_AS:   46913488 kB
VmallocTotal:     253952 kB
VmallocUsed:       94028 kB
VmallocChunk:      49156 kB
Time pass: 83 sec

---2015-12-03 20:19:11
MemTotal:        1350964 kB
MemFree:           34312 kB
Buffers:            7424 kB
Cached:           504868 kB
SwapCached:            0 kB
Active:           699132 kB
Inactive:         330116 kB
Active(anon):     519000 kB
Inactive(anon):     2868 kB
Active(file):     180132 kB
Inactive(file):   327248 kB
Unevictable:        1988 kB
Mlocked:               0 kB
HighTotal:        802816 kB
HighFree:           1604 kB
LowTotal:         548148 kB
LowFree:           32708 kB
SwapTotal:             0 kB
SwapFree:              0 kB
Dirty:                32 kB
Writeback:             0 kB
AnonPages:        518996 kB
Mapped:           214988 kB
Shmem:              2916 kB
Slab:              33220 kB
SReclaimable:      11816 kB
SUnreclaim:        21404 kB
KernelStack:        9608 kB
PageTables:        19840 kB
NFS_Unstable:          0 kB
Bounce:                0 kB
WritebackTmp:          0 kB
CommitLimit:      675480 kB
Committed_AS:   46913464 kB
VmallocTotal:     253952 kB
VmallocUsed:       94028 kB
VmallocChunk:      49156 kB
Time pass: 86 sec

---2015-12-03 20:19:11
MemTotal:        1350964 kB
MemFree:           34624 kB
Buffers:            7440 kB
Cached:           504868 kB
SwapCached:            0 kB
Active:           699324 kB
Inactive:         330140 kB
Active(anon):     519192 kB
Inactive(anon):     2868 kB
Active(file):     180132 kB
Inactive(file):   327272 kB
Unevictable:        1988 kB
Mlocked:               0 kB
HighTotal:        802816 kB
HighFree:           1604 kB
LowTotal:         548148 kB
LowFree:           33020 kB
SwapTotal:             0 kB
SwapFree:              0 kB
Dirty:                48 kB
Writeback:             0 kB
AnonPages:        519188 kB
Mapped:           215088 kB
Shmem:              2916 kB
Slab:              33136 kB
SReclaimable:      11816 kB
SUnreclaim:        21320 kB
KernelStack:        9592 kB
PageTables:        19824 kB
NFS_Unstable:          0 kB
Bounce:                0 kB
WritebackTmp:          0 kB
CommitLimit:      675480 kB
Committed_AS:   46913524 kB
VmallocTotal:     253952 kB
VmallocUsed:       94028 kB
VmallocChunk:      49156 kB
Time pass: 90 sec

---2015-12-03 20:19:11
MemTotal:        1350964 kB
MemFree:           33432 kB
Buffers:            7500 kB
Cached:           504868 kB
SwapCached:            0 kB
Active:           700436 kB
Inactive:         330200 kB
Active(anon):     520304 kB
Inactive(anon):     2868 kB
Active(file):     180132 kB
Inactive(file):   327332 kB
Unevictable:        1988 kB
Mlocked:               0 kB
HighTotal:        802816 kB
HighFree:           1604 kB
LowTotal:         548148 kB
LowFree:           31828 kB
SwapTotal:             0 kB
SwapFree:              0 kB
Dirty:                40 kB
Writeback:             0 kB
AnonPages:        520268 kB
Mapped:           215088 kB
Shmem:              2916 kB
Slab:              33392 kB
SReclaimable:      11824 kB
SUnreclaim:        21568 kB
KernelStack:        9592 kB
PageTables:        19832 kB
NFS_Unstable:          0 kB
Bounce:                0 kB
WritebackTmp:          0 kB
CommitLimit:      675480 kB
Committed_AS:   46915548 kB
VmallocTotal:     253952 kB
VmallocUsed:       94028 kB
VmallocChunk:      49156 kB
Time pass: 94 sec

---2015-12-03 20:19:11
MemTotal:        1350964 kB
MemFree:           33244 kB
Buffers:            7508 kB
Cached:           504868 kB
SwapCached:            0 kB
Active:           700480 kB
Inactive:         330200 kB
Active(anon):     520348 kB
Inactive(anon):     2868 kB
Active(file):     180132 kB
Inactive(file):   327332 kB
Unevictable:        1988 kB
Mlocked:               0 kB
HighTotal:        802816 kB
HighFree:           1604 kB
LowTotal:         548148 kB
LowFree:           31640 kB
SwapTotal:             0 kB
SwapFree:              0 kB
Dirty:                28 kB
Writeback:             0 kB
AnonPages:        520372 kB
Mapped:           215136 kB
Shmem:              2916 kB
Slab:              33400 kB
SReclaimable:      11824 kB
SUnreclaim:        21576 kB
KernelStack:        9608 kB
PageTables:        19848 kB
NFS_Unstable:          0 kB
Bounce:                0 kB
WritebackTmp:          0 kB
CommitLimit:      675480 kB
Committed_AS:   46915456 kB
VmallocTotal:     253952 kB
VmallocUsed:       94028 kB
VmallocChunk:      49156 kB
Time pass: 98 sec

---2015-12-03 20:19:11
MemTotal:        1350964 kB
MemFree:           60752 kB
Buffers:            7440 kB
Cached:           499300 kB
SwapCached:            0 kB
Active:           697156 kB
Inactive:         322956 kB
Active(anon):     515404 kB
Inactive(anon):     2608 kB
Active(file):     181752 kB
Inactive(file):   320348 kB
Unevictable:        1988 kB
Mlocked:               0 kB
HighTotal:        802816 kB
HighFree:          11972 kB
LowTotal:         548148 kB
LowFree:           48780 kB
SwapTotal:             0 kB
SwapFree:              0 kB
Dirty:                96 kB
Writeback:             0 kB
AnonPages:        515444 kB
Mapped:           216108 kB
Shmem:              2652 kB
Slab:              33544 kB
SReclaimable:      11824 kB
SUnreclaim:        21720 kB
KernelStack:        9496 kB
PageTables:        19712 kB
NFS_Unstable:          0 kB
Bounce:                0 kB
WritebackTmp:          0 kB
CommitLimit:      675480 kB
Committed_AS:   47642640 kB
VmallocTotal:     253952 kB
VmallocUsed:       94952 kB
VmallocChunk:      49156 kB
Time pass: 101 sec

---2015-12-03 20:19:11
MemTotal:        1350964 kB
MemFree:          212136 kB
Buffers:            7448 kB
Cached:           499196 kB
SwapCached:            0 kB
Active:           624568 kB
Inactive:         321060 kB
Active(anon):     441044 kB
Inactive(anon):     2348 kB
Active(file):     183524 kB
Inactive(file):   318712 kB
Unevictable:        1988 kB
Mlocked:               0 kB
HighTotal:        802816 kB
HighFree:          92392 kB
LowTotal:         548148 kB
LowFree:          119744 kB
SwapTotal:             0 kB
SwapFree:              0 kB
Dirty:                64 kB
Writeback:             0 kB
AnonPages:        441112 kB
Mapped:           178792 kB
Shmem:              2392 kB
Slab:              33160 kB
SReclaimable:      11816 kB
SUnreclaim:        21344 kB
KernelStack:        8592 kB
PageTables:        18144 kB
NFS_Unstable:          0 kB
Bounce:                0 kB
WritebackTmp:          0 kB
CommitLimit:      675480 kB
Committed_AS:   44951928 kB
VmallocTotal:     253952 kB
VmallocUsed:       90476 kB
VmallocChunk:      49156 kB
Time pass: 105 sec

---2015-12-03 20:19:11
MemTotal:        1350964 kB
MemFree:          215716 kB
Buffers:            7592 kB
Cached:           499300 kB
SwapCached:            0 kB
Active:           633844 kB
Inactive:         321020 kB
Active(anon):     450028 kB
Inactive(anon):     2344 kB
Active(file):     183816 kB
Inactive(file):   318676 kB
Unevictable:        1988 kB
Mlocked:               0 kB
HighTotal:        802816 kB
HighFree:          91256 kB
LowTotal:         548148 kB
LowFree:          124460 kB
SwapTotal:             0 kB
SwapFree:              0 kB
Dirty:               820 kB
Writeback:             0 kB
AnonPages:        449884 kB
Mapped:           192524 kB
Shmem:              2388 kB
Slab:              33148 kB
SReclaimable:      11816 kB
SUnreclaim:        21332 kB
KernelStack:        8736 kB
PageTables:        18564 kB
NFS_Unstable:          0 kB
Bounce:                0 kB
WritebackTmp:          0 kB
CommitLimit:      675480 kB
Committed_AS:   45840036 kB
VmallocTotal:     253952 kB
VmallocUsed:       91736 kB
VmallocChunk:      49156 kB
Time pass: 108 sec

---2015-12-03 20:19:11
MemTotal:        1350964 kB
MemFree:          158536 kB
Buffers:            7648 kB
Cached:           499508 kB
SwapCached:            0 kB
Active:           643652 kB
Inactive:         321016 kB
Active(anon):     459544 kB
Inactive(anon):     2472 kB
Active(file):     184108 kB
Inactive(file):   318544 kB
Unevictable:        1988 kB
Mlocked:               0 kB
HighTotal:        802816 kB
HighFree:          57404 kB
LowTotal:         548148 kB
LowFree:          101132 kB
SwapTotal:             0 kB
SwapFree:              0 kB
Dirty:               956 kB
Writeback:             0 kB
AnonPages:        459460 kB
Mapped:           200228 kB
Shmem:              2516 kB
Slab:              33172 kB
SReclaimable:      11816 kB
SUnreclaim:        21356 kB
KernelStack:        8944 kB
PageTables:        18780 kB
NFS_Unstable:          0 kB
Bounce:                0 kB
WritebackTmp:          0 kB
CommitLimit:      675480 kB
Committed_AS:   45915084 kB
VmallocTotal:     253952 kB
VmallocUsed:       92376 kB
VmallocChunk:      49156 kB
Time pass: 111 sec

---2015-12-03 20:19:11
MemTotal:        1350964 kB
MemFree:          139196 kB
Buffers:            7656 kB
Cached:           499528 kB
SwapCached:            0 kB
Active:           646824 kB
Inactive:         321024 kB
Active(anon):     462700 kB
Inactive(anon):     2476 kB
Active(file):     184124 kB
Inactive(file):   318548 kB
Unevictable:        1988 kB
Mlocked:               0 kB
HighTotal:        802816 kB
HighFree:          41408 kB
LowTotal:         548148 kB
LowFree:           97788 kB
SwapTotal:             0 kB
SwapFree:              0 kB
Dirty:               320 kB
Writeback:             0 kB
AnonPages:        462552 kB
Mapped:           201800 kB
Shmem:              2520 kB
Slab:              33204 kB
SReclaimable:      11816 kB
SUnreclaim:        21388 kB
KernelStack:        8992 kB
PageTables:        18832 kB
NFS_Unstable:          0 kB
Bounce:                0 kB
WritebackTmp:          0 kB
CommitLimit:      675480 kB
Committed_AS:   45935004 kB
VmallocTotal:     253952 kB
VmallocUsed:       92376 kB
VmallocChunk:      49156 kB
Time pass: 115 sec

---2015-12-03 20:19:11
MemTotal:        1350964 kB
MemFree:          116248 kB
Buffers:            7664 kB
Cached:           500852 kB
SwapCached:            0 kB
Active:           662456 kB
Inactive:         322196 kB
Active(anon):     478224 kB
Inactive(anon):     2476 kB
Active(file):     184232 kB
Inactive(file):   319720 kB
Unevictable:        1988 kB
Mlocked:               0 kB
HighTotal:        802816 kB
HighFree:          20428 kB
LowTotal:         548148 kB
LowFree:           95820 kB
SwapTotal:             0 kB
SwapFree:              0 kB
Dirty:               732 kB
Writeback:             0 kB
AnonPages:        478080 kB
Mapped:           205716 kB
Shmem:              2520 kB
Slab:              33260 kB
SReclaimable:      11840 kB
SUnreclaim:        21420 kB
KernelStack:        9024 kB
PageTables:        18880 kB
NFS_Unstable:          0 kB
Bounce:                0 kB
WritebackTmp:          0 kB
CommitLimit:      675480 kB
Committed_AS:   45962500 kB
VmallocTotal:     253952 kB
VmallocUsed:       92376 kB
VmallocChunk:      49156 kB
Time pass: 118 sec

---2015-12-03 20:19:11
MemTotal:        1350964 kB
MemFree:          105724 kB
Buffers:            7672 kB
Cached:           500948 kB
SwapCached:            0 kB
Active:           666268 kB
Inactive:         322084 kB
Active(anon):     481764 kB
Inactive(anon):     2476 kB
Active(file):     184504 kB
Inactive(file):   319608 kB
Unevictable:        1988 kB
Mlocked:               0 kB
HighTotal:        802816 kB
HighFree:          11152 kB
LowTotal:         548148 kB
LowFree:           94572 kB
SwapTotal:             0 kB
SwapFree:              0 kB
Dirty:                36 kB
Writeback:             0 kB
AnonPages:        481668 kB
Mapped:           206120 kB
Shmem:              2520 kB
Slab:              33360 kB
SReclaimable:      11848 kB
SUnreclaim:        21512 kB
KernelStack:        9040 kB
PageTables:        18912 kB
NFS_Unstable:          0 kB
Bounce:                0 kB
WritebackTmp:          0 kB
CommitLimit:      675480 kB
Committed_AS:   45970360 kB
VmallocTotal:     253952 kB
VmallocUsed:       92376 kB
VmallocChunk:      49156 kB
Time pass: 122 sec

---2015-12-03 20:19:11
MemTotal:        1350964 kB
MemFree:           85440 kB
Buffers:            7680 kB
Cached:           501432 kB
SwapCached:            0 kB
Active:           672624 kB
Inactive:         321776 kB
Active(anon):     487320 kB
Inactive(anon):     2476 kB
Active(file):     185304 kB
Inactive(file):   319300 kB
Unevictable:        1988 kB
Mlocked:               0 kB
HighTotal:        802816 kB
HighFree:           2136 kB
LowTotal:         548148 kB
LowFree:           83304 kB
SwapTotal:             0 kB
SwapFree:              0 kB
Dirty:              1084 kB
Writeback:             0 kB
AnonPages:        487512 kB
Mapped:           206180 kB
Shmem:              2520 kB
Slab:              33308 kB
SReclaimable:      11856 kB
SUnreclaim:        21452 kB
KernelStack:        9040 kB
PageTables:        18948 kB
NFS_Unstable:          0 kB
Bounce:                0 kB
WritebackTmp:          0 kB
CommitLimit:      675480 kB
Committed_AS:   45989876 kB
VmallocTotal:     253952 kB
VmallocUsed:       92376 kB
VmallocChunk:      49156 kB
Time pass: 125 sec

---2015-12-03 20:19:11
MemTotal:        1350964 kB
MemFree:           79020 kB
Buffers:            7688 kB
Cached:           501424 kB
SwapCached:            0 kB
Active:           673280 kB
Inactive:         321776 kB
Active(anon):     487976 kB
Inactive(anon):     2476 kB
Active(file):     185304 kB
Inactive(file):   319300 kB
Unevictable:        1988 kB
Mlocked:               0 kB
HighTotal:        802816 kB
HighFree:           1704 kB
LowTotal:         548148 kB
LowFree:           77316 kB
SwapTotal:             0 kB
SwapFree:              0 kB
Dirty:                 0 kB
Writeback:             0 kB
AnonPages:        487984 kB
Mapped:           206032 kB
Shmem:              2520 kB
Slab:              33404 kB
SReclaimable:      11856 kB
SUnreclaim:        21548 kB
KernelStack:        9040 kB
PageTables:        18968 kB
NFS_Unstable:          0 kB
Bounce:                0 kB
WritebackTmp:          0 kB
CommitLimit:      675480 kB
Committed_AS:   45995228 kB
VmallocTotal:     253952 kB
VmallocUsed:       92376 kB
VmallocChunk:      49156 kB
Time pass: 129 sec

---2015-12-03 20:19:11
MemTotal:        1350964 kB
MemFree:           78920 kB
Buffers:            7688 kB
Cached:           501432 kB
SwapCached:            0 kB
Active:           673376 kB
Inactive:         321784 kB
Active(anon):     488072 kB
Inactive(anon):     2476 kB
Active(file):     185304 kB
Inactive(file):   319308 kB
Unevictable:        1988 kB
Mlocked:               0 kB
HighTotal:        802816 kB
HighFree:           1852 kB
LowTotal:         548148 kB
LowFree:           77068 kB
SwapTotal:             0 kB
SwapFree:              0 kB
Dirty:                72 kB
Writeback:             0 kB
AnonPages:        488020 kB
Mapped:           206180 kB
Shmem:              2520 kB
Slab:              33368 kB
SReclaimable:      11856 kB
SUnreclaim:        21512 kB
KernelStack:        9040 kB
PageTables:        18968 kB
NFS_Unstable:          0 kB
Bounce:                0 kB
WritebackTmp:          0 kB
CommitLimit:      675480 kB
Committed_AS:   45995140 kB
VmallocTotal:     253952 kB
VmallocUsed:       92376 kB
VmallocChunk:      49156 kB
Time pass: 133 sec

---2015-12-03 20:19:11
MemTotal:        1350964 kB
MemFree:           78532 kB
Buffers:            7688 kB
Cached:           501436 kB
SwapCached:            0 kB
Active:           674880 kB
Inactive:         321784 kB
Active(anon):     489572 kB
Inactive(anon):     2476 kB
Active(file):     185308 kB
Inactive(file):   319308 kB
Unevictable:        1988 kB
Mlocked:               0 kB
HighTotal:        802816 kB
HighFree:           1604 kB
LowTotal:         548148 kB
LowFree:           76928 kB
SwapTotal:             0 kB
SwapFree:              0 kB
Dirty:                 8 kB
Writeback:             0 kB
AnonPages:        489712 kB
Mapped:           207856 kB
Shmem:              2520 kB
Slab:              33392 kB
SReclaimable:      11856 kB
SUnreclaim:        21536 kB
KernelStack:        9048 kB
PageTables:        18968 kB
NFS_Unstable:          0 kB
Bounce:                0 kB
WritebackTmp:          0 kB
CommitLimit:      675480 kB
Committed_AS:   46003880 kB
VmallocTotal:     253952 kB
VmallocUsed:       92376 kB
VmallocChunk:      49156 kB
Time pass: 136 sec

---2015-12-03 20:19:11
MemTotal:        1350964 kB
MemFree:           64204 kB
Buffers:            7748 kB
Cached:           501568 kB
SwapCached:            0 kB
Active:           687716 kB
Inactive:         321884 kB
Active(anon):     502332 kB
Inactive(anon):     2620 kB
Active(file):     185384 kB
Inactive(file):   319264 kB
Unevictable:        1988 kB
Mlocked:               0 kB
HighTotal:        802816 kB
HighFree:           1604 kB
LowTotal:         548148 kB
LowFree:           62600 kB
SwapTotal:             0 kB
SwapFree:              0 kB
Dirty:                52 kB
Writeback:             0 kB
AnonPages:        502396 kB
Mapped:           208852 kB
Shmem:              2668 kB
Slab:              33368 kB
SReclaimable:      11868 kB
SUnreclaim:        21500 kB
KernelStack:        9240 kB
PageTables:        19112 kB
NFS_Unstable:          0 kB
Bounce:                0 kB
WritebackTmp:          0 kB
CommitLimit:      675480 kB
Committed_AS:   46026440 kB
VmallocTotal:     253952 kB
VmallocUsed:       92572 kB
VmallocChunk:      49156 kB
Time pass: 140 sec

---2015-12-03 20:19:11
MemTotal:        1350964 kB
MemFree:           54724 kB
Buffers:            7780 kB
Cached:           501732 kB
SwapCached:            0 kB
Active:           694756 kB
Inactive:         322092 kB
Active(anon):     509372 kB
Inactive(anon):     2768 kB
Active(file):     185384 kB
Inactive(file):   319324 kB
Unevictable:        1988 kB
Mlocked:               0 kB
HighTotal:        802816 kB
HighFree:           1604 kB
LowTotal:         548148 kB
LowFree:           53120 kB
SwapTotal:             0 kB
SwapFree:              0 kB
Dirty:                48 kB
Writeback:             0 kB
AnonPages:        509364 kB
Mapped:           209000 kB
Shmem:              2816 kB
Slab:              33492 kB
SReclaimable:      11868 kB
SUnreclaim:        21624 kB
KernelStack:        9264 kB
PageTables:        19188 kB
NFS_Unstable:          0 kB
Bounce:                0 kB
WritebackTmp:          0 kB
CommitLimit:      675480 kB
Committed_AS:   46034840 kB
VmallocTotal:     253952 kB
VmallocUsed:       92908 kB
VmallocChunk:      49156 kB
Time pass: 144 sec

---2015-12-03 20:19:11
MemTotal:        1350964 kB
MemFree:           54228 kB
Buffers:            7796 kB
Cached:           501756 kB
SwapCached:            0 kB
Active:           695700 kB
Inactive:         322132 kB
Active(anon):     510316 kB
Inactive(anon):     2768 kB
Active(file):     185384 kB
Inactive(file):   319364 kB
Unevictable:        1988 kB
Mlocked:               0 kB
HighTotal:        802816 kB
HighFree:           1604 kB
LowTotal:         548148 kB
LowFree:           52624 kB
SwapTotal:             0 kB
SwapFree:              0 kB
Dirty:                48 kB
Writeback:             0 kB
AnonPages:        510440 kB
Mapped:           209416 kB
Shmem:              2816 kB
Slab:              33448 kB
SReclaimable:      11868 kB
SUnreclaim:        21580 kB
KernelStack:        9264 kB
PageTables:        19192 kB
NFS_Unstable:          0 kB
Bounce:                0 kB
WritebackTmp:          0 kB
CommitLimit:      675480 kB
Committed_AS:   46034968 kB
VmallocTotal:     253952 kB
VmallocUsed:       92908 kB
VmallocChunk:      49156 kB
Time pass: 148 sec

---2015-12-03 20:19:11
MemTotal:        1350964 kB
MemFree:           54792 kB
Buffers:            7796 kB
Cached:           501756 kB
SwapCached:            0 kB
Active:           694252 kB
Inactive:         322132 kB
Active(anon):     508868 kB
Inactive(anon):     2768 kB
Active(file):     185384 kB
Inactive(file):   319364 kB
Unevictable:        1988 kB
Mlocked:               0 kB
HighTotal:        802816 kB
HighFree:           1604 kB
LowTotal:         548148 kB
LowFree:           53188 kB
SwapTotal:             0 kB
SwapFree:              0 kB
Dirty:                 0 kB
Writeback:             0 kB
AnonPages:        508940 kB
Mapped:           209464 kB
Shmem:              2816 kB
Slab:              33500 kB
SReclaimable:      11868 kB
SUnreclaim:        21632 kB
KernelStack:        9264 kB
PageTables:        19212 kB
NFS_Unstable:          0 kB
Bounce:                0 kB
WritebackTmp:          0 kB
CommitLimit:      675480 kB
Committed_AS:   46032996 kB
VmallocTotal:     253952 kB
VmallocUsed:       92908 kB
VmallocChunk:      49156 kB
Time pass: 152 sec

---2015-12-03 20:19:11
MemTotal:        1350964 kB
MemFree:           54876 kB
Buffers:            7804 kB
Cached:           501796 kB
SwapCached:            0 kB
Active:           694520 kB
Inactive:         322140 kB
Active(anon):     509136 kB
Inactive(anon):     2776 kB
Active(file):     185384 kB
Inactive(file):   319364 kB
Unevictable:        1988 kB
Mlocked:               0 kB
HighTotal:        802816 kB
HighFree:           1604 kB
LowTotal:         548148 kB
LowFree:           53272 kB
SwapTotal:             0 kB
SwapFree:              0 kB
Dirty:                28 kB
Writeback:             0 kB
AnonPages:        509252 kB
Mapped:           209504 kB
Shmem:              2856 kB
Slab:              33420 kB
SReclaimable:      11868 kB
SUnreclaim:        21552 kB
KernelStack:        9264 kB
PageTables:        19212 kB
NFS_Unstable:          0 kB
Bounce:                0 kB
WritebackTmp:          0 kB
CommitLimit:      675480 kB
Committed_AS:   46033020 kB
VmallocTotal:     253952 kB
VmallocUsed:       92908 kB
VmallocChunk:      49156 kB
Time pass: 155 sec

---2015-12-03 20:19:11
MemTotal:        1350964 kB
MemFree:           53684 kB
Buffers:            7820 kB
Cached:           501828 kB
SwapCached:            0 kB
Active:           695828 kB
Inactive:         322228 kB
Active(anon):     510444 kB
Inactive(anon):     2840 kB
Active(file):     185384 kB
Inactive(file):   319388 kB
Unevictable:        1988 kB
Mlocked:               0 kB
HighTotal:        802816 kB
HighFree:           1604 kB
LowTotal:         548148 kB
LowFree:           52080 kB
SwapTotal:             0 kB
SwapFree:              0 kB
Dirty:                 0 kB
Writeback:            12 kB
AnonPages:        510464 kB
Mapped:           209540 kB
Shmem:              2888 kB
Slab:              33464 kB
SReclaimable:      11868 kB
SUnreclaim:        21596 kB
KernelStack:        9264 kB
PageTables:        19212 kB
NFS_Unstable:          0 kB
Bounce:                0 kB
WritebackTmp:          0 kB
CommitLimit:      675480 kB
Committed_AS:   46034156 kB
VmallocTotal:     253952 kB
VmallocUsed:       92908 kB
VmallocChunk:      49156 kB
Time pass: 159 sec

---2015-12-03 20:19:11
MemTotal:        1350964 kB
MemFree:           52668 kB
Buffers:            7836 kB
Cached:           501832 kB
SwapCached:            0 kB
Active:           696120 kB
Inactive:         322240 kB
Active(anon):     510736 kB
Inactive(anon):     2840 kB
Active(file):     185384 kB
Inactive(file):   319400 kB
Unevictable:        1988 kB
Mlocked:               0 kB
HighTotal:        802816 kB
HighFree:           1604 kB
LowTotal:         548148 kB
LowFree:           51064 kB
SwapTotal:             0 kB
SwapFree:              0 kB
Dirty:                52 kB
Writeback:             0 kB
AnonPages:        510720 kB
Mapped:           209540 kB
Shmem:              2888 kB
Slab:              33508 kB
SReclaimable:      11868 kB
SUnreclaim:        21640 kB
KernelStack:        9264 kB
PageTables:        19212 kB
NFS_Unstable:          0 kB
Bounce:                0 kB
WritebackTmp:          0 kB
CommitLimit:      675480 kB
Committed_AS:   46034252 kB
VmallocTotal:     253952 kB
VmallocUsed:       92908 kB
VmallocChunk:      49156 kB
Time pass: 162 sec

---2015-12-03 20:19:11
MemTotal:        1350964 kB
MemFree:           53464 kB
Buffers:            7836 kB
Cached:           501832 kB
SwapCached:            0 kB
Active:           694772 kB
Inactive:         322248 kB
Active(anon):     509388 kB
Inactive(anon):     2840 kB
Active(file):     185384 kB
Inactive(file):   319408 kB
Unevictable:        1988 kB
Mlocked:               0 kB
HighTotal:        802816 kB
HighFree:           1976 kB
LowTotal:         548148 kB
LowFree:           51488 kB
SwapTotal:             0 kB
SwapFree:              0 kB
Dirty:                 0 kB
Writeback:             0 kB
AnonPages:        509264 kB
Mapped:           209392 kB
Shmem:              2888 kB
Slab:              33496 kB
SReclaimable:      11868 kB
SUnreclaim:        21628 kB
KernelStack:        9264 kB
PageTables:        19204 kB
NFS_Unstable:          0 kB
Bounce:                0 kB
WritebackTmp:          0 kB
CommitLimit:      675480 kB
Committed_AS:   46034268 kB
VmallocTotal:     253952 kB
VmallocUsed:       92908 kB
VmallocChunk:      49156 kB
Time pass: 166 sec

---2015-12-03 20:19:11
MemTotal:        1350964 kB
MemFree:           53388 kB
Buffers:            7860 kB
Cached:           501832 kB
SwapCached:            0 kB
Active:           694696 kB
Inactive:         322272 kB
Active(anon):     509312 kB
Inactive(anon):     2840 kB
Active(file):     185384 kB
Inactive(file):   319432 kB
Unevictable:        1988 kB
Mlocked:               0 kB
HighTotal:        802816 kB
HighFree:           1604 kB
LowTotal:         548148 kB
LowFree:           51784 kB
SwapTotal:             0 kB
SwapFree:              0 kB
Dirty:                44 kB
Writeback:             0 kB
AnonPages:        509352 kB
Mapped:           209552 kB
Shmem:              2888 kB
Slab:              33460 kB
SReclaimable:      11868 kB
SUnreclaim:        21592 kB
KernelStack:        9248 kB
PageTables:        19208 kB
NFS_Unstable:          0 kB
Bounce:                0 kB
WritebackTmp:          0 kB
CommitLimit:      675480 kB
Committed_AS:   46034056 kB
VmallocTotal:     253952 kB
VmallocUsed:       92908 kB
VmallocChunk:      49156 kB
Time pass: 169 sec

---2015-12-03 20:19:11
MemTotal:        1350964 kB
MemFree:           52936 kB
Buffers:            7860 kB
Cached:           501832 kB
SwapCached:            0 kB
Active:           694924 kB
Inactive:         322272 kB
Active(anon):     509540 kB
Inactive(anon):     2840 kB
Active(file):     185384 kB
Inactive(file):   319432 kB
Unevictable:        1988 kB
Mlocked:               0 kB
HighTotal:        802816 kB
HighFree:           1604 kB
LowTotal:         548148 kB
LowFree:           51332 kB
SwapTotal:             0 kB
SwapFree:              0 kB
Dirty:                 0 kB
Writeback:             0 kB
AnonPages:        509520 kB
Mapped:           209552 kB
Shmem:              2888 kB
Slab:              33468 kB
SReclaimable:      11868 kB
SUnreclaim:        21600 kB
KernelStack:        9264 kB
PageTables:        19212 kB
NFS_Unstable:          0 kB
Bounce:                0 kB
WritebackTmp:          0 kB
CommitLimit:      675480 kB
Committed_AS:   46034196 kB
VmallocTotal:     253952 kB
VmallocUsed:       92908 kB
VmallocChunk:      49156 kB
Time pass: 173 sec

---2015-12-03 20:19:11
MemTotal:        1350964 kB
MemFree:           51452 kB
Buffers:            7884 kB
Cached:           501824 kB
SwapCached:            0 kB
Active:           696268 kB
Inactive:         322284 kB
Active(anon):     510880 kB
Inactive(anon):     2840 kB
Active(file):     185388 kB
Inactive(file):   319444 kB
Unevictable:        1988 kB
Mlocked:               0 kB
HighTotal:        802816 kB
HighFree:           1604 kB
LowTotal:         548148 kB
LowFree:           49848 kB
SwapTotal:             0 kB
SwapFree:              0 kB
Dirty:                32 kB
Writeback:             0 kB
AnonPages:        510912 kB
Mapped:           209568 kB
Shmem:              2888 kB
Slab:              33460 kB
SReclaimable:      11868 kB
SUnreclaim:        21592 kB
KernelStack:        9248 kB
PageTables:        19204 kB
NFS_Unstable:          0 kB
Bounce:                0 kB
WritebackTmp:          0 kB
CommitLimit:      675480 kB
Committed_AS:   46035328 kB
VmallocTotal:     253952 kB
VmallocUsed:       92908 kB
VmallocChunk:      49156 kB
Time pass: 176 sec

---2015-12-03 20:19:11
MemTotal:        1350964 kB
MemFree:           51788 kB
Buffers:            7884 kB
Cached:           501840 kB
SwapCached:            0 kB
Active:           696380 kB
Inactive:         322300 kB
Active(anon):     510992 kB
Inactive(anon):     2840 kB
Active(file):     185388 kB
Inactive(file):   319460 kB
Unevictable:        1988 kB
Mlocked:               0 kB
HighTotal:        802816 kB
HighFree:           1604 kB
LowTotal:         548148 kB
LowFree:           50184 kB
SwapTotal:             0 kB
SwapFree:              0 kB
Dirty:                 0 kB
Writeback:             0 kB
AnonPages:        511172 kB
Mapped:           209520 kB
Shmem:              2888 kB
Slab:              33432 kB
SReclaimable:      11868 kB
SUnreclaim:        21564 kB
KernelStack:        9224 kB
PageTables:        19192 kB
NFS_Unstable:          0 kB
Bounce:                0 kB
WritebackTmp:          0 kB
CommitLimit:      675480 kB
Committed_AS:   46036200 kB
VmallocTotal:     253952 kB
VmallocUsed:       92908 kB
VmallocChunk:      49156 kB
Time pass: 180 sec

---2015-12-03 20:19:11
MemTotal:        1350964 kB
MemFree:           51516 kB
Buffers:            7892 kB
Cached:           501840 kB
SwapCached:            0 kB
Active:           696052 kB
Inactive:         322300 kB
Active(anon):     510664 kB
Inactive(anon):     2840 kB
Active(file):     185388 kB
Inactive(file):   319460 kB
Unevictable:        1988 kB
Mlocked:               0 kB
HighTotal:        802816 kB
HighFree:           1604 kB
LowTotal:         548148 kB
LowFree:           49912 kB
SwapTotal:             0 kB
SwapFree:              0 kB
Dirty:                28 kB
Writeback:             0 kB
AnonPages:        510624 kB
Mapped:           209572 kB
Shmem:              2888 kB
Slab:              33400 kB
SReclaimable:      11868 kB
SUnreclaim:        21532 kB
KernelStack:        9232 kB
PageTables:        19208 kB
NFS_Unstable:          0 kB
Bounce:                0 kB
WritebackTmp:          0 kB
CommitLimit:      675480 kB
Committed_AS:   46035028 kB
VmallocTotal:     253952 kB
VmallocUsed:       92908 kB
VmallocChunk:      49156 kB
Time pass: 183 sec

---2015-12-03 20:19:11
MemTotal:        1350964 kB
MemFree:           51684 kB
Buffers:            7908 kB
Cached:           501980 kB
SwapCached:            0 kB
Active:           696056 kB
Inactive:         322380 kB
Active(anon):     510668 kB
Inactive(anon):     2840 kB
Active(file):     185388 kB
Inactive(file):   319540 kB
Unevictable:        1988 kB
Mlocked:               0 kB
HighTotal:        802816 kB
HighFree:           1604 kB
LowTotal:         548148 kB
LowFree:           50080 kB
SwapTotal:             0 kB
SwapFree:              0 kB
Dirty:                52 kB
Writeback:             0 kB
AnonPages:        510720 kB
Mapped:           209624 kB
Shmem:              2916 kB
Slab:              33412 kB
SReclaimable:      11868 kB
SUnreclaim:        21544 kB
KernelStack:        9232 kB
PageTables:        19212 kB
NFS_Unstable:          0 kB
Bounce:                0 kB
WritebackTmp:          0 kB
CommitLimit:      675480 kB
Committed_AS:   46035032 kB
VmallocTotal:     253952 kB
VmallocUsed:       92908 kB
VmallocChunk:      49156 kB
Time pass: 187 sec

---2015-12-03 20:19:11
MemTotal:        1350964 kB
MemFree:           51120 kB
Buffers:            7924 kB
Cached:           501980 kB
SwapCached:            0 kB
Active:           696212 kB
Inactive:         322480 kB
Active(anon):     510820 kB
Inactive(anon):     2868 kB
Active(file):     185392 kB
Inactive(file):   319612 kB
Unevictable:        1988 kB
Mlocked:               0 kB
HighTotal:        802816 kB
HighFree:           1604 kB
LowTotal:         548148 kB
LowFree:           49516 kB
SwapTotal:             0 kB
SwapFree:              0 kB
Dirty:                92 kB
Writeback:             0 kB
AnonPages:        510832 kB
Mapped:           209476 kB
Shmem:              2916 kB
Slab:              33416 kB
SReclaimable:      11868 kB
SUnreclaim:        21548 kB
KernelStack:        9232 kB
PageTables:        19212 kB
NFS_Unstable:          0 kB
Bounce:                0 kB
WritebackTmp:          0 kB
CommitLimit:      675480 kB
Committed_AS:   46035008 kB
VmallocTotal:     253952 kB
VmallocUsed:       92908 kB
VmallocChunk:      49156 kB
Time pass: 190 sec

---2015-12-03 20:19:11
MemTotal:        1350964 kB
MemFree:           50872 kB
Buffers:            7932 kB
Cached:           501980 kB
SwapCached:            0 kB
Active:           696344 kB
Inactive:         322476 kB
Active(anon):     510952 kB
Inactive(anon):     2868 kB
Active(file):     185392 kB
Inactive(file):   319608 kB
Unevictable:        1988 kB
Mlocked:               0 kB
HighTotal:        802816 kB
HighFree:           1604 kB
LowTotal:         548148 kB
LowFree:           49268 kB
SwapTotal:             0 kB
SwapFree:              0 kB
Dirty:                40 kB
Writeback:             0 kB
AnonPages:        510888 kB
Mapped:           209624 kB
Shmem:              2916 kB
Slab:              33412 kB
SReclaimable:      11868 kB
SUnreclaim:        21544 kB
KernelStack:        9232 kB
PageTables:        19208 kB
NFS_Unstable:          0 kB
Bounce:                0 kB
WritebackTmp:          0 kB
CommitLimit:      675480 kB
Committed_AS:   46035176 kB
VmallocTotal:     253952 kB
VmallocUsed:       92908 kB
VmallocChunk:      49156 kB
Time pass: 194 sec

---2015-12-03 20:19:11
MemTotal:        1350964 kB
MemFree:           51160 kB
Buffers:            7948 kB
Cached:           501992 kB
SwapCached:            0 kB
Active:           696492 kB
Inactive:         322500 kB
Active(anon):     511100 kB
Inactive(anon):     2868 kB
Active(file):     185392 kB
Inactive(file):   319632 kB
Unevictable:        1988 kB
Mlocked:               0 kB
HighTotal:        802816 kB
HighFree:           1604 kB
LowTotal:         548148 kB
LowFree:           49556 kB
SwapTotal:             0 kB
SwapFree:              0 kB
Dirty:                48 kB
Writeback:             0 kB
AnonPages:        511060 kB
Mapped:           209488 kB
Shmem:              2928 kB
Slab:              33440 kB
SReclaimable:      11868 kB
SUnreclaim:        21572 kB
KernelStack:        9232 kB
PageTables:        19212 kB
NFS_Unstable:          0 kB
Bounce:                0 kB
WritebackTmp:          0 kB
CommitLimit:      675480 kB
Committed_AS:   46035104 kB
VmallocTotal:     253952 kB
VmallocUsed:       92908 kB
VmallocChunk:      49156 kB
Time pass: 197 sec

---2015-12-03 20:19:11
MemTotal:        1350964 kB
MemFree:           51500 kB
Buffers:            7948 kB
Cached:           501992 kB
SwapCached:            0 kB
Active:           696448 kB
Inactive:         322512 kB
Active(anon):     511056 kB
Inactive(anon):     2880 kB
Active(file):     185392 kB
Inactive(file):   319632 kB
Unevictable:        1988 kB
Mlocked:               0 kB
HighTotal:        802816 kB
HighFree:           1604 kB
LowTotal:         548148 kB
LowFree:           49896 kB
SwapTotal:             0 kB
SwapFree:              0 kB
Dirty:                 4 kB
Writeback:             0 kB
AnonPages:        510952 kB
Mapped:           209488 kB
Shmem:              2928 kB
Slab:              33400 kB
SReclaimable:      11868 kB
SUnreclaim:        21532 kB
KernelStack:        9232 kB
PageTables:        19212 kB
NFS_Unstable:          0 kB
Bounce:                0 kB
WritebackTmp:          0 kB
CommitLimit:      675480 kB
Committed_AS:   46035116 kB
VmallocTotal:     253952 kB
VmallocUsed:       92908 kB
VmallocChunk:      49156 kB
Time pass: 201 sec

---2015-12-03 20:19:11
MemTotal:        1350964 kB
MemFree:           50732 kB
Buffers:            7972 kB
Cached:           501980 kB
SwapCached:            0 kB
Active:           696688 kB
Inactive:         322524 kB
Active(anon):     511296 kB
Inactive(anon):     2880 kB
Active(file):     185392 kB
Inactive(file):   319644 kB
Unevictable:        1988 kB
Mlocked:               0 kB
HighTotal:        802816 kB
HighFree:           1604 kB
LowTotal:         548148 kB
LowFree:           49128 kB
SwapTotal:             0 kB
SwapFree:              0 kB
Dirty:                 4 kB
Writeback:             0 kB
AnonPages:        511316 kB
Mapped:           209636 kB
Shmem:              2928 kB
Slab:              33444 kB
SReclaimable:      11868 kB
SUnreclaim:        21576 kB
KernelStack:        9248 kB
PageTables:        19212 kB
NFS_Unstable:          0 kB
Bounce:                0 kB
WritebackTmp:          0 kB
CommitLimit:      675480 kB
Committed_AS:   46035120 kB
VmallocTotal:     253952 kB
VmallocUsed:       92908 kB
VmallocChunk:      49156 kB
Time pass: 204 sec

---2015-12-03 20:19:11
MemTotal:        1350964 kB
MemFree:           50636 kB
Buffers:            7972 kB
Cached:           501996 kB
SwapCached:            0 kB
Active:           696956 kB
Inactive:         322536 kB
Active(anon):     511560 kB
Inactive(anon):     2880 kB
Active(file):     185396 kB
Inactive(file):   319656 kB
Unevictable:        1988 kB
Mlocked:               0 kB
HighTotal:        802816 kB
HighFree:           1604 kB
LowTotal:         548148 kB
LowFree:           49032 kB
SwapTotal:             0 kB
SwapFree:              0 kB
Dirty:                52 kB
Writeback:             0 kB
AnonPages:        511700 kB
Mapped:           209636 kB
Shmem:              2928 kB
Slab:              33436 kB
SReclaimable:      11868 kB
SUnreclaim:        21568 kB
KernelStack:        9240 kB
PageTables:        19212 kB
NFS_Unstable:          0 kB
Bounce:                0 kB
WritebackTmp:          0 kB
CommitLimit:      675480 kB
Committed_AS:   46035616 kB
VmallocTotal:     253952 kB
VmallocUsed:       92908 kB
VmallocChunk:      49156 kB
Time pass: 208 sec

---2015-12-03 20:19:11
MemTotal:        1350964 kB
MemFree:           50948 kB
Buffers:            7980 kB
Cached:           501996 kB
SwapCached:            0 kB
Active:           696648 kB
Inactive:         322536 kB
Active(anon):     511252 kB
Inactive(anon):     2880 kB
Active(file):     185396 kB
Inactive(file):   319656 kB
Unevictable:        1988 kB
Mlocked:               0 kB
HighTotal:        802816 kB
HighFree:           1604 kB
LowTotal:         548148 kB
LowFree:           49344 kB
SwapTotal:             0 kB
SwapFree:              0 kB
Dirty:                32 kB
Writeback:             0 kB
AnonPages:        511292 kB
Mapped:           209636 kB
Shmem:              2928 kB
Slab:              33372 kB
SReclaimable:      11868 kB
SUnreclaim:        21504 kB
KernelStack:        9232 kB
PageTables:        19212 kB
NFS_Unstable:          0 kB
Bounce:                0 kB
WritebackTmp:          0 kB
CommitLimit:      675480 kB
Committed_AS:   46034992 kB
VmallocTotal:     253952 kB
VmallocUsed:       92908 kB
VmallocChunk:      49156 kB
Time pass: 212 sec

---2015-12-03 20:19:11
MemTotal:        1350964 kB
MemFree:           50568 kB
Buffers:            7996 kB
Cached:           501996 kB
SwapCached:            0 kB
Active:           696968 kB
Inactive:         322560 kB
Active(anon):     511572 kB
Inactive(anon):     2880 kB
Active(file):     185396 kB
Inactive(file):   319680 kB
Unevictable:        1988 kB
Mlocked:               0 kB
HighTotal:        802816 kB
HighFree:           1604 kB
LowTotal:         548148 kB
LowFree:           48964 kB
SwapTotal:             0 kB
SwapFree:              0 kB
Dirty:                 4 kB
Writeback:             0 kB
AnonPages:        511560 kB
Mapped:           209636 kB
Shmem:              2928 kB
Slab:              33404 kB
SReclaimable:      11868 kB
SUnreclaim:        21536 kB
KernelStack:        9232 kB
PageTables:        19212 kB
NFS_Unstable:          0 kB
Bounce:                0 kB
WritebackTmp:          0 kB
CommitLimit:      675480 kB
Committed_AS:   46035268 kB
VmallocTotal:     253952 kB
VmallocUsed:       92908 kB
VmallocChunk:      49156 kB
Time pass: 215 sec

---2015-12-03 20:19:11
MemTotal:        1350964 kB
MemFree:           50864 kB
Buffers:            8004 kB
Cached:           502104 kB
SwapCached:            0 kB
Active:           696864 kB
Inactive:         322616 kB
Active(anon):     511468 kB
Inactive(anon):     2880 kB
Active(file):     185396 kB
Inactive(file):   319736 kB
Unevictable:        1988 kB
Mlocked:               0 kB
HighTotal:        802816 kB
HighFree:           1604 kB
LowTotal:         548148 kB
LowFree:           49260 kB
SwapTotal:             0 kB
SwapFree:              0 kB
Dirty:               188 kB
Writeback:             0 kB
AnonPages:        511336 kB
Mapped:           209488 kB
Shmem:              2928 kB
Slab:              33396 kB
SReclaimable:      11868 kB
SUnreclaim:        21528 kB
KernelStack:        9232 kB
PageTables:        19208 kB
NFS_Unstable:          0 kB
Bounce:                0 kB
WritebackTmp:          0 kB
CommitLimit:      675480 kB
Committed_AS:   46035092 kB
VmallocTotal:     253952 kB
VmallocUsed:       92908 kB
VmallocChunk:      49156 kB
Time pass: 219 sec

---2015-12-03 20:19:11
MemTotal:        1350964 kB
MemFree:           50592 kB
Buffers:            8020 kB
Cached:           502104 kB
SwapCached:            0 kB
Active:           696944 kB
Inactive:         322692 kB
Active(anon):     511548 kB
Inactive(anon):     2880 kB
Active(file):     185396 kB
Inactive(file):   319812 kB
Unevictable:        1988 kB
Mlocked:               0 kB
HighTotal:        802816 kB
HighFree:           1604 kB
LowTotal:         548148 kB
LowFree:           48988 kB
SwapTotal:             0 kB
SwapFree:              0 kB
Dirty:                64 kB
Writeback:             0 kB
AnonPages:        511416 kB
Mapped:           209488 kB
Shmem:              2928 kB
Slab:              33436 kB
SReclaimable:      11868 kB
SUnreclaim:        21568 kB
KernelStack:        9232 kB
PageTables:        19208 kB
NFS_Unstable:          0 kB
Bounce:                0 kB
WritebackTmp:          0 kB
CommitLimit:      675480 kB
Committed_AS:   46035104 kB
VmallocTotal:     253952 kB
VmallocUsed:       92908 kB
VmallocChunk:      49156 kB
Time pass: 222 sec

---2015-12-03 20:19:11
MemTotal:        1350964 kB
MemFree:           50552 kB
Buffers:            8028 kB
Cached:           502108 kB
SwapCached:            0 kB
Active:           696976 kB
Inactive:         322704 kB
Active(anon):     511580 kB
Inactive(anon):     2880 kB
Active(file):     185396 kB
Inactive(file):   319824 kB
Unevictable:        1988 kB
Mlocked:               0 kB
HighTotal:        802816 kB
HighFree:           1604 kB
LowTotal:         548148 kB
LowFree:           48948 kB
SwapTotal:             0 kB
SwapFree:              0 kB
Dirty:                40 kB
Writeback:             0 kB
AnonPages:        511536 kB
Mapped:           209588 kB
Shmem:              2928 kB
Slab:              33504 kB
SReclaimable:      11868 kB
SUnreclaim:        21636 kB
KernelStack:        9232 kB
PageTables:        19192 kB
NFS_Unstable:          0 kB
Bounce:                0 kB
WritebackTmp:          0 kB
CommitLimit:      675480 kB
Committed_AS:   46035100 kB
VmallocTotal:     253952 kB
VmallocUsed:       92908 kB
VmallocChunk:      49156 kB
Time pass: 226 sec

---2015-12-03 20:19:11
MemTotal:        1350964 kB
MemFree:           50360 kB
Buffers:            8052 kB
Cached:           502116 kB
SwapCached:            0 kB
Active:           697200 kB
Inactive:         322724 kB
Active(anon):     511800 kB
Inactive(anon):     2880 kB
Active(file):     185400 kB
Inactive(file):   319844 kB
Unevictable:        1988 kB
Mlocked:               0 kB
HighTotal:        802816 kB
HighFree:           1604 kB
LowTotal:         548148 kB
LowFree:           48756 kB
SwapTotal:             0 kB
SwapFree:              0 kB
Dirty:                64 kB
Writeback:             0 kB
AnonPages:        511764 kB
Mapped:           209508 kB
Shmem:              2928 kB
Slab:              33508 kB
SReclaimable:      11868 kB
SUnreclaim:        21640 kB
KernelStack:        9240 kB
PageTables:        19212 kB
NFS_Unstable:          0 kB
Bounce:                0 kB
WritebackTmp:          0 kB
CommitLimit:      675480 kB
Committed_AS:   46035120 kB
VmallocTotal:     253952 kB
VmallocUsed:       92908 kB
VmallocChunk:      49156 kB
Time pass: 229 sec

---2015-12-03 20:19:11
MemTotal:        1350964 kB
MemFree:           47588 kB
Buffers:            8080 kB
Cached:           502392 kB
SwapCached:            0 kB
Active:           699116 kB
Inactive:         323028 kB
Active(anon):     513708 kB
Inactive(anon):     2880 kB
Active(file):     185408 kB
Inactive(file):   320148 kB
Unevictable:        1988 kB
Mlocked:               0 kB
HighTotal:        802816 kB
HighFree:           1604 kB
LowTotal:         548148 kB
LowFree:           45984 kB
SwapTotal:             0 kB
SwapFree:              0 kB
Dirty:                 4 kB
Writeback:             0 kB
AnonPages:        513468 kB
Mapped:           209872 kB
Shmem:              2928 kB
Slab:              33552 kB
SReclaimable:      11868 kB
SUnreclaim:        21684 kB
KernelStack:        9328 kB
PageTables:        19460 kB
NFS_Unstable:          0 kB
Bounce:                0 kB
WritebackTmp:          0 kB
CommitLimit:      675480 kB
Committed_AS:   46824288 kB
VmallocTotal:     253952 kB
VmallocUsed:       93928 kB
VmallocChunk:      49156 kB
Time pass: 233 sec

---2015-12-03 20:19:11
MemTotal:        1350964 kB
MemFree:           47544 kB
Buffers:            8080 kB
Cached:           502416 kB
SwapCached:            0 kB
Active:           699076 kB
Inactive:         323052 kB
Active(anon):     513668 kB
Inactive(anon):     2880 kB
Active(file):     185408 kB
Inactive(file):   320172 kB
Unevictable:        1988 kB
Mlocked:               0 kB
HighTotal:        802816 kB
HighFree:           1604 kB
LowTotal:         548148 kB
LowFree:           45940 kB
SwapTotal:             0 kB
SwapFree:              0 kB
Dirty:                 4 kB
Writeback:             0 kB
AnonPages:        513652 kB
Mapped:           209824 kB
Shmem:              2928 kB
Slab:              33508 kB
SReclaimable:      11868 kB
SUnreclaim:        21640 kB
KernelStack:        9248 kB
PageTables:        19440 kB
NFS_Unstable:          0 kB
Bounce:                0 kB
WritebackTmp:          0 kB
CommitLimit:      675480 kB
Committed_AS:   46824364 kB
VmallocTotal:     253952 kB
VmallocUsed:       93928 kB
VmallocChunk:      49156 kB
Time pass: 237 sec

---2015-12-03 20:19:11
MemTotal:        1350964 kB
MemFree:           48792 kB
Buffers:            8104 kB
Cached:           502412 kB
SwapCached:            0 kB
Active:           698036 kB
Inactive:         323076 kB
Active(anon):     512632 kB
Inactive(anon):     2880 kB
Active(file):     185404 kB
Inactive(file):   320196 kB
Unevictable:        1988 kB
Mlocked:               0 kB
HighTotal:        802816 kB
HighFree:           1604 kB
LowTotal:         548148 kB
LowFree:           47188 kB
SwapTotal:             0 kB
SwapFree:              0 kB
Dirty:                48 kB
Writeback:             0 kB
AnonPages:        512784 kB
Mapped:           209852 kB
Shmem:              2928 kB
Slab:              33480 kB
SReclaimable:      11868 kB
SUnreclaim:        21612 kB
KernelStack:        9264 kB
PageTables:        19476 kB
NFS_Unstable:          0 kB
Bounce:                0 kB
WritebackTmp:          0 kB
CommitLimit:      675480 kB
Committed_AS:   46824380 kB
VmallocTotal:     253952 kB
VmallocUsed:       93928 kB
VmallocChunk:      49156 kB
Time pass: 241 sec

---2015-12-03 20:19:11
MemTotal:        1350964 kB
MemFree:           48036 kB
Buffers:            8104 kB
Cached:           502416 kB
SwapCached:            0 kB
Active:           698876 kB
Inactive:         323076 kB
Active(anon):     513468 kB
Inactive(anon):     2880 kB
Active(file):     185408 kB
Inactive(file):   320196 kB
Unevictable:        1988 kB
Mlocked:               0 kB
HighTotal:        802816 kB
HighFree:           1604 kB
LowTotal:         548148 kB
LowFree:           46432 kB
SwapTotal:             0 kB
SwapFree:              0 kB
Dirty:                 4 kB
Writeback:             0 kB
AnonPages:        513652 kB
Mapped:           209872 kB
Shmem:              2928 kB
Slab:              33636 kB
SReclaimable:      11868 kB
SUnreclaim:        21768 kB
KernelStack:        9248 kB
PageTables:        19456 kB
NFS_Unstable:          0 kB
Bounce:                0 kB
WritebackTmp:          0 kB
CommitLimit:      675480 kB
Committed_AS:   46825480 kB
VmallocTotal:     253952 kB
VmallocUsed:       93928 kB
VmallocChunk:      49156 kB
Time pass: 244 sec

---2015-12-03 20:19:11
MemTotal:        1350964 kB
MemFree:           48568 kB
Buffers:            8128 kB
Cached:           502420 kB
SwapCached:            0 kB
Active:           698688 kB
Inactive:         323096 kB
Active(anon):     513280 kB
Inactive(anon):     2880 kB
Active(file):     185408 kB
Inactive(file):   320216 kB
Unevictable:        1988 kB
Mlocked:               0 kB
HighTotal:        802816 kB
HighFree:           1604 kB
LowTotal:         548148 kB
LowFree:           46964 kB
SwapTotal:             0 kB
SwapFree:              0 kB
Dirty:                60 kB
Writeback:             0 kB
AnonPages:        513316 kB
Mapped:           209824 kB
Shmem:              2928 kB
Slab:              33572 kB
SReclaimable:      11868 kB
SUnreclaim:        21704 kB
KernelStack:        9232 kB
PageTables:        19440 kB
NFS_Unstable:          0 kB
Bounce:                0 kB
WritebackTmp:          0 kB
CommitLimit:      675480 kB
Committed_AS:   46825476 kB
VmallocTotal:     253952 kB
VmallocUsed:       93928 kB
VmallocChunk:      49156 kB
Time pass: 248 sec

---2015-12-03 20:19:11
MemTotal:        1350964 kB
MemFree:           48556 kB
Buffers:            8136 kB
Cached:           502440 kB
SwapCached:            0 kB
Active:           698244 kB
Inactive:         323124 kB
Active(anon):     512828 kB
Inactive(anon):     2880 kB
Active(file):     185416 kB
Inactive(file):   320244 kB
Unevictable:        1988 kB
Mlocked:               0 kB
HighTotal:        802816 kB
HighFree:           1604 kB
LowTotal:         548148 kB
LowFree:           46952 kB
SwapTotal:             0 kB
SwapFree:              0 kB
Dirty:                 0 kB
Writeback:             0 kB
AnonPages:        513036 kB
Mapped:           209872 kB
Shmem:              2928 kB
Slab:              33520 kB
SReclaimable:      11868 kB
SUnreclaim:        21652 kB
KernelStack:        9232 kB
PageTables:        19456 kB
NFS_Unstable:          0 kB
Bounce:                0 kB
WritebackTmp:          0 kB
CommitLimit:      675480 kB
Committed_AS:   46824324 kB
VmallocTotal:     253952 kB
VmallocUsed:       93928 kB
VmallocChunk:      49156 kB
Time pass: 252 sec

---2015-12-03 20:19:11
MemTotal:        1350964 kB
MemFree:           48544 kB
Buffers:            8144 kB
Cached:           502440 kB
SwapCached:            0 kB
Active:           698332 kB
Inactive:         323124 kB
Active(anon):     512916 kB
Inactive(anon):     2880 kB
Active(file):     185416 kB
Inactive(file):   320244 kB
Unevictable:        1988 kB
Mlocked:               0 kB
HighTotal:        802816 kB
HighFree:           1604 kB
LowTotal:         548148 kB
LowFree:           46940 kB
SwapTotal:             0 kB
SwapFree:              0 kB
Dirty:                12 kB
Writeback:             0 kB
AnonPages:        512752 kB
Mapped:           209724 kB
Shmem:              2928 kB
Slab:              33484 kB
SReclaimable:      11868 kB
SUnreclaim:        21616 kB
KernelStack:        9232 kB
PageTables:        19460 kB
NFS_Unstable:          0 kB
Bounce:                0 kB
WritebackTmp:          0 kB
CommitLimit:      675480 kB
Committed_AS:   46824404 kB
VmallocTotal:     253952 kB
VmallocUsed:       93928 kB
VmallocChunk:      49156 kB
Time pass: 255 sec

---2015-12-03 20:19:11
MemTotal:        1350964 kB
MemFree:           48732 kB
Buffers:            8160 kB
Cached:           502440 kB
SwapCached:            0 kB
Active:           698296 kB
Inactive:         323148 kB
Active(anon):     512880 kB
Inactive(anon):     2880 kB
Active(file):     185416 kB
Inactive(file):   320268 kB
Unevictable:        1988 kB
Mlocked:               0 kB
HighTotal:        802816 kB
HighFree:           1604 kB
LowTotal:         548148 kB
LowFree:           47128 kB
SwapTotal:             0 kB
SwapFree:              0 kB
Dirty:                 8 kB
Writeback:             0 kB
AnonPages:        512860 kB
Mapped:           209824 kB
Shmem:              2928 kB
Slab:              33516 kB
SReclaimable:      11868 kB
SUnreclaim:        21648 kB
KernelStack:        9232 kB
PageTables:        19436 kB
NFS_Unstable:          0 kB
Bounce:                0 kB
WritebackTmp:          0 kB
CommitLimit:      675480 kB
Committed_AS:   46824220 kB
VmallocTotal:     253952 kB
VmallocUsed:       93928 kB
VmallocChunk:      49156 kB
Time pass: 259 sec

---2015-12-03 20:19:11
MemTotal:        1350964 kB
MemFree:           47968 kB
Buffers:            8176 kB
Cached:           502444 kB
SwapCached:            0 kB
Active:           698540 kB
Inactive:         323060 kB
Active(anon):     513016 kB
Inactive(anon):     2880 kB
Active(file):     185524 kB
Inactive(file):   320180 kB
Unevictable:        1988 kB
Mlocked:               0 kB
HighTotal:        802816 kB
HighFree:           1604 kB
LowTotal:         548148 kB
LowFree:           46364 kB
SwapTotal:             0 kB
SwapFree:              0 kB
Dirty:                56 kB
Writeback:             0 kB
AnonPages:        513028 kB
Mapped:           209872 kB
Shmem:              2928 kB
Slab:              33676 kB
SReclaimable:      11868 kB
SUnreclaim:        21808 kB
KernelStack:        9232 kB
PageTables:        19456 kB
NFS_Unstable:          0 kB
Bounce:                0 kB
WritebackTmp:          0 kB
CommitLimit:      675480 kB
Committed_AS:   46824244 kB
VmallocTotal:     253952 kB
VmallocUsed:       93928 kB
VmallocChunk:      49156 kB
Time pass: 262 sec

---2015-12-03 20:19:11
MemTotal:        1350964 kB
MemFree:           47620 kB
Buffers:            8184 kB
Cached:           502444 kB
SwapCached:            0 kB
Active:           698580 kB
Inactive:         323068 kB
Active(anon):     513056 kB
Inactive(anon):     2880 kB
Active(file):     185524 kB
Inactive(file):   320188 kB
Unevictable:        1988 kB
Mlocked:               0 kB
HighTotal:        802816 kB
HighFree:           1604 kB
LowTotal:         548148 kB
LowFree:           46016 kB
SwapTotal:             0 kB
SwapFree:              0 kB
Dirty:                60 kB
Writeback:             0 kB
AnonPages:        513016 kB
Mapped:           209824 kB
Shmem:              2928 kB
Slab:              33588 kB
SReclaimable:      11868 kB
SUnreclaim:        21720 kB
KernelStack:        9232 kB
PageTables:        19440 kB
NFS_Unstable:          0 kB
Bounce:                0 kB
WritebackTmp:          0 kB
CommitLimit:      675480 kB
Committed_AS:   46824252 kB
VmallocTotal:     253952 kB
VmallocUsed:       93928 kB
VmallocChunk:      49156 kB
Time pass: 266 sec

---2015-12-03 20:19:11
MemTotal:        1350964 kB
MemFree:           48264 kB
Buffers:            8204 kB
Cached:           502448 kB
SwapCached:            0 kB
Active:           698764 kB
Inactive:         323072 kB
Active(anon):     513236 kB
Inactive(anon):     2880 kB
Active(file):     185528 kB
Inactive(file):   320192 kB
Unevictable:        1988 kB
Mlocked:               0 kB
HighTotal:        802816 kB
HighFree:           1604 kB
LowTotal:         548148 kB
LowFree:           46660 kB
SwapTotal:             0 kB
SwapFree:              0 kB
Dirty:                56 kB
Writeback:             0 kB
AnonPages:        513196 kB
Mapped:           209872 kB
Shmem:              2928 kB
Slab:              33524 kB
SReclaimable:      11868 kB
SUnreclaim:        21656 kB
KernelStack:        9232 kB
PageTables:        19456 kB
NFS_Unstable:          0 kB
Bounce:                0 kB
WritebackTmp:          0 kB
CommitLimit:      675480 kB
Committed_AS:   46824292 kB
VmallocTotal:     253952 kB
VmallocUsed:       93928 kB
VmallocChunk:      49156 kB
Time pass: 269 sec

---2015-12-03 20:19:11
MemTotal:        1350964 kB
MemFree:           48500 kB
Buffers:            8204 kB
Cached:           502448 kB
SwapCached:            0 kB
Active:           698868 kB
Inactive:         323088 kB
Active(anon):     513340 kB
Inactive(anon):     2880 kB
Active(file):     185528 kB
Inactive(file):   320208 kB
Unevictable:        1988 kB
Mlocked:               0 kB
HighTotal:        802816 kB
HighFree:           1604 kB
LowTotal:         548148 kB
LowFree:           46896 kB
SwapTotal:             0 kB
SwapFree:              0 kB
Dirty:                 0 kB
Writeback:             0 kB
AnonPages:        513164 kB
Mapped:           209724 kB
Shmem:              2928 kB
Slab:              33500 kB
SReclaimable:      11868 kB
SUnreclaim:        21632 kB
KernelStack:        9232 kB
PageTables:        19460 kB
NFS_Unstable:          0 kB
Bounce:                0 kB
WritebackTmp:          0 kB
CommitLimit:      675480 kB
Committed_AS:   46824336 kB
VmallocTotal:     253952 kB
VmallocUsed:       93928 kB
VmallocChunk:      49156 kB
Time pass: 273 sec

---2015-12-03 20:19:11
MemTotal:        1350964 kB
MemFree:           47388 kB
Buffers:            8228 kB
Cached:           502448 kB
SwapCached:            0 kB
Active:           699080 kB
Inactive:         323112 kB
Active(anon):     513552 kB
Inactive(anon):     2880 kB
Active(file):     185528 kB
Inactive(file):   320232 kB
Unevictable:        1988 kB
Mlocked:               0 kB
HighTotal:        802816 kB
HighFree:           1604 kB
LowTotal:         548148 kB
LowFree:           45784 kB
SwapTotal:             0 kB
SwapFree:              0 kB
Dirty:                52 kB
Writeback:             0 kB
AnonPages:        513424 kB
Mapped:           209872 kB
Shmem:              2928 kB
Slab:              33536 kB
SReclaimable:      11868 kB
SUnreclaim:        21668 kB
KernelStack:        9248 kB
PageTables:        19460 kB
NFS_Unstable:          0 kB
Bounce:                0 kB
WritebackTmp:          0 kB
CommitLimit:      675480 kB
Committed_AS:   46824388 kB
VmallocTotal:     253952 kB
VmallocUsed:       93928 kB
VmallocChunk:      49156 kB
Time pass: 277 sec

---2015-12-03 20:19:11
MemTotal:        1350964 kB
MemFree:           47460 kB
Buffers:            8228 kB
Cached:           502452 kB
SwapCached:            0 kB
Active:           698984 kB
Inactive:         323116 kB
Active(anon):     513456 kB
Inactive(anon):     2880 kB
Active(file):     185528 kB
Inactive(file):   320236 kB
Unevictable:        1988 kB
Mlocked:               0 kB
HighTotal:        802816 kB
HighFree:           1604 kB
LowTotal:         548148 kB
LowFree:           45856 kB
SwapTotal:             0 kB
SwapFree:              0 kB
Dirty:               156 kB
Writeback:             0 kB
AnonPages:        513692 kB
Mapped:           209872 kB
Shmem:              2928 kB
Slab:              33512 kB
SReclaimable:      11868 kB
SUnreclaim:        21644 kB
KernelStack:        9248 kB
PageTables:        19460 kB
NFS_Unstable:          0 kB
Bounce:                0 kB
WritebackTmp:          0 kB
CommitLimit:      675480 kB
Committed_AS:   46824404 kB
VmallocTotal:     253952 kB
VmallocUsed:       93928 kB
VmallocChunk:      49156 kB
Time pass: 280 sec

---2015-12-03 20:19:11
MemTotal:        1350964 kB
MemFree:           47740 kB
Buffers:            8252 kB
Cached:           502444 kB
SwapCached:            0 kB
Active:           698900 kB
Inactive:         323116 kB
Active(anon):     513372 kB
Inactive(anon):     2880 kB
Active(file):     185528 kB
Inactive(file):   320236 kB
Unevictable:        1988 kB
Mlocked:               0 kB
HighTotal:        802816 kB
HighFree:           1604 kB
LowTotal:         548148 kB
LowFree:           46136 kB
SwapTotal:             0 kB
SwapFree:              0 kB
Dirty:                32 kB
Writeback:             0 kB
AnonPages:        513536 kB
Mapped:           209804 kB
Shmem:              2928 kB
Slab:              33468 kB
SReclaimable:      11868 kB
SUnreclaim:        21600 kB
KernelStack:        9240 kB
PageTables:        19452 kB
NFS_Unstable:          0 kB
Bounce:                0 kB
WritebackTmp:          0 kB
CommitLimit:      675480 kB
Committed_AS:   46824336 kB
VmallocTotal:     253952 kB
VmallocUsed:       93928 kB
VmallocChunk:      49156 kB
Time pass: 284 sec

---2015-12-03 20:19:11
MemTotal:        1350964 kB
MemFree:           47080 kB
Buffers:            8252 kB
Cached:           502456 kB
SwapCached:            0 kB
Active:           699284 kB
Inactive:         323140 kB
Active(anon):     513756 kB
Inactive(anon):     2880 kB
Active(file):     185528 kB
Inactive(file):   320260 kB
Unevictable:        1988 kB
Mlocked:               0 kB
HighTotal:        802816 kB
HighFree:           1604 kB
LowTotal:         548148 kB
LowFree:           45476 kB
SwapTotal:             0 kB
SwapFree:              0 kB
Dirty:                48 kB
Writeback:             0 kB
AnonPages:        513768 kB
Mapped:           209872 kB
Shmem:              2928 kB
Slab:              33464 kB
SReclaimable:      11868 kB
SUnreclaim:        21596 kB
KernelStack:        9232 kB
PageTables:        19456 kB
NFS_Unstable:          0 kB
Bounce:                0 kB
WritebackTmp:          0 kB
CommitLimit:      675480 kB
Committed_AS:   46824536 kB
VmallocTotal:     253952 kB
VmallocUsed:       93928 kB
VmallocChunk:      49156 kB
Time pass: 288 sec

---2015-12-03 20:19:11
MemTotal:        1350964 kB
MemFree:           46740 kB
Buffers:            8268 kB
Cached:           502476 kB
SwapCached:            0 kB
Active:           699184 kB
Inactive:         323172 kB
Active(anon):     513648 kB
Inactive(anon):     2900 kB
Active(file):     185536 kB
Inactive(file):   320272 kB
Unevictable:        1988 kB
Mlocked:               0 kB
HighTotal:        802816 kB
HighFree:           1604 kB
LowTotal:         548148 kB
LowFree:           45136 kB
SwapTotal:             0 kB
SwapFree:              0 kB
Dirty:                 4 kB
Writeback:             0 kB
AnonPages:        513652 kB
Mapped:           209892 kB
Shmem:              2948 kB
Slab:              33456 kB
SReclaimable:      11868 kB
SUnreclaim:        21588 kB
KernelStack:        9224 kB
PageTables:        19456 kB
NFS_Unstable:          0 kB
Bounce:                0 kB
WritebackTmp:          0 kB
CommitLimit:      675480 kB
Committed_AS:   46824360 kB
VmallocTotal:     253952 kB
VmallocUsed:       93928 kB
VmallocChunk:      49156 kB
Time pass: 291 sec

---2015-12-03 20:19:11
MemTotal:        1350964 kB
MemFree:           47288 kB
Buffers:            8276 kB
Cached:           502476 kB
SwapCached:            0 kB
Active:           699212 kB
Inactive:         323172 kB
Active(anon):     513676 kB
Inactive(anon):     2900 kB
Active(file):     185536 kB
Inactive(file):   320272 kB
Unevictable:        1988 kB
Mlocked:               0 kB
HighTotal:        802816 kB
HighFree:           1604 kB
LowTotal:         548148 kB
LowFree:           45684 kB
SwapTotal:             0 kB
SwapFree:              0 kB
Dirty:                40 kB
Writeback:             0 kB
AnonPages:        513708 kB
Mapped:           209892 kB
Shmem:              2948 kB
Slab:              33472 kB
SReclaimable:      11868 kB
SUnreclaim:        21604 kB
KernelStack:        9232 kB
PageTables:        19456 kB
NFS_Unstable:          0 kB
Bounce:                0 kB
WritebackTmp:          0 kB
CommitLimit:      675480 kB
Committed_AS:   46824256 kB
VmallocTotal:     253952 kB
VmallocUsed:       93928 kB
VmallocChunk:      49156 kB
Time pass: 295 sec

---2015-12-03 20:19:11
MemTotal:        1350964 kB
MemFree:           47552 kB
Buffers:            8292 kB
Cached:           502476 kB
SwapCached:            0 kB
Active:           699352 kB
Inactive:         323196 kB
Active(anon):     513816 kB
Inactive(anon):     2900 kB
Active(file):     185536 kB
Inactive(file):   320296 kB
Unevictable:        1988 kB
Mlocked:               0 kB
HighTotal:        802816 kB
HighFree:           1604 kB
LowTotal:         548148 kB
LowFree:           45948 kB
SwapTotal:             0 kB
SwapFree:              0 kB
Dirty:                52 kB
Writeback:             0 kB
AnonPages:        513676 kB
Mapped:           209744 kB
Shmem:              2948 kB
Slab:              33484 kB
SReclaimable:      11868 kB
SUnreclaim:        21616 kB
KernelStack:        9232 kB
PageTables:        19452 kB
NFS_Unstable:          0 kB
Bounce:                0 kB
WritebackTmp:          0 kB
CommitLimit:      675480 kB
Committed_AS:   46824292 kB
VmallocTotal:     253952 kB
VmallocUsed:       93928 kB
VmallocChunk:      49156 kB
Time pass: 298 sec

---2015-12-03 20:19:11
MemTotal:        1350964 kB
MemFree:           47504 kB
Buffers:            8300 kB
Cached:           502468 kB
SwapCached:            0 kB
Active:           699372 kB
Inactive:         323196 kB
Active(anon):     513836 kB
Inactive(anon):     2900 kB
Active(file):     185536 kB
Inactive(file):   320296 kB
Unevictable:        1988 kB
Mlocked:               0 kB
HighTotal:        802816 kB
HighFree:           1604 kB
LowTotal:         548148 kB
LowFree:           45900 kB
SwapTotal:             0 kB
SwapFree:              0 kB
Dirty:                 4 kB
Writeback:             0 kB
AnonPages:        513704 kB
Mapped:           209744 kB
Shmem:              2948 kB
Slab:              33460 kB
SReclaimable:      11868 kB
SUnreclaim:        21592 kB
KernelStack:        9232 kB
PageTables:        19452 kB
NFS_Unstable:          0 kB
Bounce:                0 kB
WritebackTmp:          0 kB
CommitLimit:      675480 kB
Committed_AS:   46824192 kB
VmallocTotal:     253952 kB
VmallocUsed:       93928 kB
VmallocChunk:      49156 kB
Time pass: 302 sec

---2015-12-03 20:19:11
MemTotal:        1350964 kB
MemFree:           46196 kB
Buffers:            8356 kB
Cached:           502580 kB
SwapCached:            0 kB
Active:           700156 kB
Inactive:         323360 kB
Active(anon):     514616 kB
Inactive(anon):     2900 kB
Active(file):     185540 kB
Inactive(file):   320460 kB
Unevictable:        1988 kB
Mlocked:               0 kB
HighTotal:        802816 kB
HighFree:           1604 kB
LowTotal:         548148 kB
LowFree:           44592 kB
SwapTotal:             0 kB
SwapFree:              0 kB
Dirty:                68 kB
Writeback:             0 kB
AnonPages:        514428 kB
Mapped:           209928 kB
Shmem:              2948 kB
Slab:              33492 kB
SReclaimable:      11868 kB
SUnreclaim:        21624 kB
KernelStack:        9240 kB
PageTables:        19460 kB
NFS_Unstable:          0 kB
Bounce:                0 kB
WritebackTmp:          0 kB
CommitLimit:      675480 kB
Committed_AS:   46824492 kB
VmallocTotal:     253952 kB
VmallocUsed:       93928 kB
VmallocChunk:      49156 kB
Time pass: 305 sec

---2015-12-03 20:19:11
MemTotal:        1350964 kB
MemFree:           46056 kB
Buffers:            8356 kB
Cached:           502584 kB
SwapCached:            0 kB
Active:           700292 kB
Inactive:         323364 kB
Active(anon):     514752 kB
Inactive(anon):     2900 kB
Active(file):     185540 kB
Inactive(file):   320464 kB
Unevictable:        1988 kB
Mlocked:               0 kB
HighTotal:        802816 kB
HighFree:           1604 kB
LowTotal:         548148 kB
LowFree:           44452 kB
SwapTotal:             0 kB
SwapFree:              0 kB
Dirty:                76 kB
Writeback:             0 kB
AnonPages:        514712 kB
Mapped:           209880 kB
Shmem:              2948 kB
Slab:              33476 kB
SReclaimable:      11868 kB
SUnreclaim:        21608 kB
KernelStack:        9240 kB
PageTables:        19448 kB
NFS_Unstable:          0 kB
Bounce:                0 kB
WritebackTmp:          0 kB
CommitLimit:      675480 kB
Committed_AS:   46824600 kB
VmallocTotal:     253952 kB
VmallocUsed:       93928 kB
VmallocChunk:      49156 kB
Time pass: 309 sec

---2015-12-03 20:19:11
MemTotal:        1350964 kB
MemFree:           46752 kB
Buffers:            8380 kB
Cached:           502568 kB
SwapCached:            0 kB
Active:           699184 kB
Inactive:         323368 kB
Active(anon):     513640 kB
Inactive(anon):     2900 kB
Active(file):     185544 kB
Inactive(file):   320468 kB
Unevictable:        1988 kB
Mlocked:               0 kB
HighTotal:        802816 kB
HighFree:           1604 kB
LowTotal:         548148 kB
LowFree:           45148 kB
SwapTotal:             0 kB
SwapFree:              0 kB
Dirty:                32 kB
Writeback:             0 kB
AnonPages:        513464 kB
Mapped:           209908 kB
Shmem:              2948 kB
Slab:              33500 kB
SReclaimable:      11868 kB
SUnreclaim:        21632 kB
KernelStack:        9248 kB
PageTables:        19480 kB
NFS_Unstable:          0 kB
Bounce:                0 kB
WritebackTmp:          0 kB
CommitLimit:      675480 kB
Committed_AS:   46824580 kB
VmallocTotal:     253952 kB
VmallocUsed:       93928 kB
VmallocChunk:      49156 kB
Time pass: 313 sec

---2015-12-03 20:19:11
MemTotal:        1350964 kB
MemFree:           47204 kB
Buffers:            8380 kB
Cached:           502588 kB
SwapCached:            0 kB
Active:           699108 kB
Inactive:         323388 kB
Active(anon):     513564 kB
Inactive(anon):     2900 kB
Active(file):     185544 kB
Inactive(file):   320488 kB
Unevictable:        1988 kB
Mlocked:               0 kB
HighTotal:        802816 kB
HighFree:           1604 kB
LowTotal:         548148 kB
LowFree:           45600 kB
SwapTotal:             0 kB
SwapFree:              0 kB
Dirty:                48 kB
Writeback:             0 kB
AnonPages:        513504 kB
Mapped:           209780 kB
Shmem:              2948 kB
Slab:              33568 kB
SReclaimable:      11868 kB
SUnreclaim:        21700 kB
KernelStack:        9256 kB
PageTables:        19468 kB
NFS_Unstable:          0 kB
Bounce:                0 kB
WritebackTmp:          0 kB
CommitLimit:      675480 kB
Committed_AS:   46824572 kB
VmallocTotal:     253952 kB
VmallocUsed:       93928 kB
VmallocChunk:      49156 kB
Time pass: 317 sec

---2015-12-03 20:19:11
MemTotal:        1350964 kB
MemFree:           47264 kB
Buffers:            8404 kB
Cached:           502588 kB
SwapCached:            0 kB
Active:           699088 kB
Inactive:         323412 kB
Active(anon):     513544 kB
Inactive(anon):     2900 kB
Active(file):     185544 kB
Inactive(file):   320512 kB
Unevictable:        1988 kB
Mlocked:               0 kB
HighTotal:        802816 kB
HighFree:           1604 kB
LowTotal:         548148 kB
LowFree:           45660 kB
SwapTotal:             0 kB
SwapFree:              0 kB
Dirty:               104 kB
Writeback:             0 kB
AnonPages:        513636 kB
Mapped:           209928 kB
Shmem:              2948 kB
Slab:              33600 kB
SReclaimable:      11868 kB
SUnreclaim:        21732 kB
KernelStack:        9256 kB
PageTables:        19468 kB
NFS_Unstable:          0 kB
Bounce:                0 kB
WritebackTmp:          0 kB
CommitLimit:      675480 kB
Committed_AS:   46824616 kB
VmallocTotal:     253952 kB
VmallocUsed:       93928 kB
VmallocChunk:      49156 kB
Time pass: 320 sec

---2015-12-03 20:19:11
MemTotal:        1350964 kB
MemFree:           46940 kB
Buffers:            8404 kB
Cached:           502588 kB
SwapCached:            0 kB
Active:           699232 kB
Inactive:         323412 kB
Active(anon):     513688 kB
Inactive(anon):     2900 kB
Active(file):     185544 kB
Inactive(file):   320512 kB
Unevictable:        1988 kB
Mlocked:               0 kB
HighTotal:        802816 kB
HighFree:           1604 kB
LowTotal:         548148 kB
LowFree:           45336 kB
SwapTotal:             0 kB
SwapFree:              0 kB
Dirty:                 4 kB
Writeback:             0 kB
AnonPages:        513628 kB
Mapped:           209780 kB
