---2015-10-15 22:10:21
MemTotal:        2582696 kB
MemFree:          106420 kB
Buffers:           17952 kB
Cached:          1248648 kB
SwapCached:            0 kB
Active:          1065068 kB
Inactive:         971240 kB
Active(anon):     627204 kB
Inactive(anon):   186116 kB
Active(file):     437864 kB
Inactive(file):   785124 kB
Unevictable:        2968 kB
Mlocked:               0 kB
SwapTotal:        524284 kB
SwapFree:         524284 kB
Dirty:               928 kB
Writeback:             0 kB
AnonPages:        772528 kB
Mapped:           405624 kB
Shmem:             40600 kB
Slab:             102032 kB
SReclaimable:      31388 kB
SUnreclaim:        70644 kB
KernelStack:       38464 kB
PageTables:        40696 kB
NFS_Unstable:          0 kB
Bounce:                0 kB
WritebackTmp:          0 kB
CommitLimit:     1815632 kB
Committed_AS:   117860684 kB
VmallocTotal:   251658176 kB
VmallocUsed:      121572 kB
VmallocChunk:   251420580 kB
Time pass: 3 sec

---2015-10-15 22:10:21
MemTotal:        2582696 kB
MemFree:          105976 kB
Buffers:           17960 kB
Cached:          1248212 kB
SwapCached:            0 kB
Active:          1066888 kB
Inactive:         970448 kB
Active(anon):     628620 kB
Inactive(anon):   186052 kB
Active(file):     438268 kB
Inactive(file):   784396 kB
Unevictable:        2968 kB
Mlocked:               0 kB
SwapTotal:        524284 kB
SwapFree:         524284 kB
Dirty:               752 kB
Writeback:             0 kB
AnonPages:        774180 kB
Mapped:           405620 kB
Shmem:             40540 kB
Slab:             101788 kB
SReclaimable:      31260 kB
SUnreclaim:        70528 kB
KernelStack:       38432 kB
PageTables:        40708 kB
NFS_Unstable:          0 kB
Bounce:                0 kB
WritebackTmp:          0 kB
CommitLimit:     1815632 kB
Committed_AS:   117858692 kB
VmallocTotal:   251658176 kB
VmallocUsed:      121572 kB
VmallocChunk:   251420580 kB
Time pass: 7 sec

---2015-10-15 22:10:21
MemTotal:        2582696 kB
MemFree:          107324 kB
Buffers:           17960 kB
Cached:          1246124 kB
SwapCached:            0 kB
Active:          1068240 kB
Inactive:         967760 kB
Active(anon):     629320 kB
Inactive(anon):   186056 kB
Active(file):     438920 kB
Inactive(file):   781704 kB
Unevictable:        2968 kB
Mlocked:               0 kB
SwapTotal:        524284 kB
SwapFree:         524284 kB
Dirty:               768 kB
Writeback:             0 kB
AnonPages:        774972 kB
Mapped:           405540 kB
Shmem:             40544 kB
Slab:             101820 kB
SReclaimable:      31292 kB
SUnreclaim:        70528 kB
KernelStack:       38432 kB
PageTables:        40704 kB
NFS_Unstable:          0 kB
Bounce:                0 kB
WritebackTmp:          0 kB
CommitLimit:     1815632 kB
Committed_AS:   117858692 kB
VmallocTotal:   251658176 kB
VmallocUsed:      121572 kB
VmallocChunk:   251420580 kB
Time pass: 10 sec

---2015-10-15 22:10:21
MemTotal:        2582696 kB
MemFree:          106824 kB
Buffers:           17968 kB
Cached:          1246140 kB
SwapCached:            0 kB
Active:          1068828 kB
Inactive:         967648 kB
Active(anon):     629824 kB
Inactive(anon):   186056 kB
Active(file):     439004 kB
Inactive(file):   781592 kB
Unevictable:        2968 kB
Mlocked:               0 kB
SwapTotal:        524284 kB
SwapFree:         524284 kB
Dirty:               732 kB
Writeback:             0 kB
AnonPages:        775368 kB
Mapped:           405596 kB
Shmem:             40544 kB
Slab:             101708 kB
SReclaimable:      31292 kB
SUnreclaim:        70416 kB
KernelStack:       38464 kB
PageTables:        40788 kB
NFS_Unstable:          0 kB
Bounce:                0 kB
WritebackTmp:          0 kB
CommitLimit:     1815632 kB
Committed_AS:   117858684 kB
VmallocTotal:   251658176 kB
VmallocUsed:      121572 kB
VmallocChunk:   251420580 kB
Time pass: 14 sec

---2015-10-15 22:10:21
MemTotal:        2582696 kB
MemFree:          107088 kB
Buffers:           17968 kB
Cached:          1246272 kB
SwapCached:            0 kB
Active:          1068228 kB
Inactive:         967780 kB
Active(anon):     629224 kB
Inactive(anon):   186056 kB
Active(file):     439004 kB
Inactive(file):   781724 kB
Unevictable:        2968 kB
Mlocked:               0 kB
SwapTotal:        524284 kB
SwapFree:         524284 kB
Dirty:               712 kB
Writeback:             0 kB
AnonPages:        774784 kB
Mapped:           405608 kB
Shmem:             40544 kB
Slab:             101700 kB
SReclaimable:      31292 kB
SUnreclaim:        70408 kB
KernelStack:       38432 kB
PageTables:        40760 kB
NFS_Unstable:          0 kB
Bounce:                0 kB
WritebackTmp:          0 kB
CommitLimit:     1815632 kB
Committed_AS:   117858692 kB
VmallocTotal:   251658176 kB
VmallocUsed:      121572 kB
VmallocChunk:   251420580 kB
Time pass: 18 sec

---2015-10-15 22:10:21
MemTotal:        2582696 kB
MemFree:          108344 kB
Buffers:           17976 kB
Cached:          1246288 kB
SwapCached:            0 kB
Active:          1067372 kB
Inactive:         967788 kB
Active(anon):     628368 kB
Inactive(anon):   186056 kB
Active(file):     439004 kB
Inactive(file):   781732 kB
Unevictable:        2968 kB
Mlocked:               0 kB
SwapTotal:        524284 kB
SwapFree:         524284 kB
Dirty:               748 kB
Writeback:             0 kB
AnonPages:        773832 kB
Mapped:           405624 kB
Shmem:             40544 kB
Slab:             101692 kB
SReclaimable:      31292 kB
SUnreclaim:        70400 kB
KernelStack:       38432 kB
PageTables:        40756 kB
NFS_Unstable:          0 kB
Bounce:                0 kB
WritebackTmp:          0 kB
CommitLimit:     1815632 kB
Committed_AS:   117858684 kB
VmallocTotal:   251658176 kB
VmallocUsed:      121572 kB
VmallocChunk:   251420580 kB
Time pass: 21 sec

---2015-10-15 22:10:21
MemTotal:        2582696 kB
MemFree:          107688 kB
Buffers:           17976 kB
Cached:          1246304 kB
SwapCached:            0 kB
Active:          1068044 kB
Inactive:         967812 kB
Active(anon):     629040 kB
Inactive(anon):   186056 kB
Active(file):     439004 kB
Inactive(file):   781756 kB
Unevictable:        2968 kB
Mlocked:               0 kB
SwapTotal:        524284 kB
SwapFree:         524284 kB
Dirty:               748 kB
Writeback:             0 kB
AnonPages:        774592 kB
Mapped:           405632 kB
Shmem:             40544 kB
Slab:             101700 kB
SReclaimable:      31292 kB
SUnreclaim:        70408 kB
KernelStack:       38432 kB
PageTables:        40756 kB
NFS_Unstable:          0 kB
Bounce:                0 kB
WritebackTmp:          0 kB
CommitLimit:     1815632 kB
Committed_AS:   117858684 kB
VmallocTotal:   251658176 kB
VmallocUsed:      121572 kB
VmallocChunk:   251420580 kB
Time pass: 25 sec

---2015-10-15 22:10:21
MemTotal:        2582696 kB
MemFree:          107348 kB
Buffers:           17984 kB
Cached:          1246304 kB
SwapCached:            0 kB
Active:          1068548 kB
Inactive:         967816 kB
Active(anon):     629544 kB
Inactive(anon):   186056 kB
Active(file):     439004 kB
Inactive(file):   781760 kB
Unevictable:        2968 kB
Mlocked:               0 kB
SwapTotal:        524284 kB
SwapFree:         524284 kB
Dirty:               732 kB
Writeback:             0 kB
AnonPages:        774972 kB
Mapped:           405632 kB
Shmem:             40544 kB
Slab:             101692 kB
SReclaimable:      31292 kB
SUnreclaim:        70400 kB
KernelStack:       38432 kB
PageTables:        40760 kB
NFS_Unstable:          0 kB
Bounce:                0 kB
WritebackTmp:          0 kB
CommitLimit:     1815632 kB
Committed_AS:   117858668 kB
VmallocTotal:   251658176 kB
VmallocUsed:      121572 kB
VmallocChunk:   251420580 kB
Time pass: 29 sec

---2015-10-15 22:10:21
MemTotal:        2582696 kB
MemFree:          106480 kB
Buffers:           17984 kB
Cached:          1246312 kB
SwapCached:            0 kB
Active:          1069040 kB
Inactive:         967832 kB
Active(anon):     630036 kB
Inactive(anon):   186056 kB
Active(file):     439004 kB
Inactive(file):   781776 kB
Unevictable:        2968 kB
Mlocked:               0 kB
SwapTotal:        524284 kB
SwapFree:         524284 kB
Dirty:               712 kB
Writeback:             0 kB
AnonPages:        775676 kB
Mapped:           405632 kB
Shmem:             40544 kB
Slab:             101732 kB
SReclaimable:      31292 kB
SUnreclaim:        70440 kB
KernelStack:       38432 kB
PageTables:        40760 kB
NFS_Unstable:          0 kB
Bounce:                0 kB
WritebackTmp:          0 kB
CommitLimit:     1815632 kB
Committed_AS:   117858660 kB
VmallocTotal:   251658176 kB
VmallocUsed:      121572 kB
VmallocChunk:   251420580 kB
Time pass: 32 sec

---2015-10-15 22:10:21
MemTotal:        2582696 kB
MemFree:          105880 kB
Buffers:           17992 kB
Cached:          1246312 kB
SwapCached:            0 kB
Active:          1069368 kB
Inactive:         967836 kB
Active(anon):     630364 kB
Inactive(anon):   186056 kB
Active(file):     439004 kB
Inactive(file):   781780 kB
Unevictable:        2968 kB
Mlocked:               0 kB
SwapTotal:        524284 kB
SwapFree:         524284 kB
Dirty:               732 kB
Writeback:             0 kB
AnonPages:        776000 kB
Mapped:           405412 kB
Shmem:             40544 kB
Slab:             101692 kB
SReclaimable:      31292 kB
SUnreclaim:        70400 kB
KernelStack:       38432 kB
PageTables:        40760 kB
NFS_Unstable:          0 kB
Bounce:                0 kB
WritebackTmp:          0 kB
CommitLimit:     1815632 kB
Committed_AS:   117858684 kB
VmallocTotal:   251658176 kB
VmallocUsed:      121572 kB
VmallocChunk:   251420580 kB
Time pass: 36 sec

---2015-10-15 22:10:21
MemTotal:        2582696 kB
MemFree:          108212 kB
Buffers:           17992 kB
Cached:          1241536 kB
SwapCached:            0 kB
Active:          1072992 kB
Inactive:         961996 kB
Active(anon):     632916 kB
Inactive(anon):   186056 kB
Active(file):     440076 kB
Inactive(file):   775940 kB
Unevictable:        2968 kB
Mlocked:               0 kB
SwapTotal:        524284 kB
SwapFree:         524284 kB
Dirty:               720 kB
Writeback:             0 kB
AnonPages:        778544 kB
Mapped:           405488 kB
Shmem:             40544 kB
Slab:             101860 kB
SReclaimable:      31300 kB
SUnreclaim:        70560 kB
KernelStack:       38432 kB
PageTables:        40732 kB
NFS_Unstable:          0 kB
Bounce:                0 kB
WritebackTmp:          0 kB
CommitLimit:     1815632 kB
Committed_AS:   117858660 kB
VmallocTotal:   251658176 kB
VmallocUsed:      121572 kB
VmallocChunk:   251420580 kB
Time pass: 40 sec

---2015-10-15 22:10:21
MemTotal:        2582696 kB
MemFree:          106152 kB
Buffers:           18000 kB
Cached:          1241552 kB
SwapCached:            0 kB
Active:          1074200 kB
Inactive:         962008 kB
Active(anon):     634124 kB
Inactive(anon):   186056 kB
Active(file):     440076 kB
Inactive(file):   775952 kB
Unevictable:        2968 kB
Mlocked:               0 kB
SwapTotal:        524284 kB
SwapFree:         524284 kB
Dirty:               732 kB
Writeback:             0 kB
AnonPages:        779512 kB
Mapped:           405496 kB
Shmem:             40544 kB
Slab:             101844 kB
SReclaimable:      31300 kB
SUnreclaim:        70544 kB
KernelStack:       38432 kB
PageTables:        40732 kB
NFS_Unstable:          0 kB
Bounce:                0 kB
WritebackTmp:          0 kB
CommitLimit:     1815632 kB
Committed_AS:   117860772 kB
VmallocTotal:   251658176 kB
VmallocUsed:      121572 kB
VmallocChunk:   251420580 kB
Time pass: 43 sec

---2015-10-15 22:10:21
MemTotal:        2582696 kB
MemFree:          107508 kB
Buffers:           18000 kB
Cached:          1239008 kB
SwapCached:            0 kB
Active:          1075208 kB
Inactive:         959312 kB
Active(anon):     634968 kB
Inactive(anon):   186060 kB
Active(file):     440240 kB
Inactive(file):   773252 kB
Unevictable:        2968 kB
Mlocked:               0 kB
SwapTotal:        524284 kB
SwapFree:         524284 kB
Dirty:               752 kB
Writeback:             0 kB
AnonPages:        780556 kB
Mapped:           405476 kB
Shmem:             40548 kB
Slab:             101908 kB
SReclaimable:      31300 kB
SUnreclaim:        70608 kB
KernelStack:       38432 kB
PageTables:        40744 kB
NFS_Unstable:          0 kB
Bounce:                0 kB
WritebackTmp:          0 kB
CommitLimit:     1815632 kB
Committed_AS:   117860724 kB
VmallocTotal:   251658176 kB
VmallocUsed:      121572 kB
VmallocChunk:   251420580 kB
Time pass: 47 sec

---2015-10-15 22:10:21
MemTotal:        2582696 kB
MemFree:          105852 kB
Buffers:           18008 kB
Cached:          1239020 kB
SwapCached:            0 kB
Active:          1075996 kB
Inactive:         959332 kB
Active(anon):     635756 kB
Inactive(anon):   186060 kB
Active(file):     440240 kB
Inactive(file):   773272 kB
Unevictable:        2968 kB
Mlocked:               0 kB
SwapTotal:        524284 kB
SwapFree:         524284 kB
Dirty:               744 kB
Writeback:             0 kB
AnonPages:        781308 kB
Mapped:           405508 kB
Shmem:             40548 kB
Slab:             101980 kB
SReclaimable:      31300 kB
SUnreclaim:        70680 kB
KernelStack:       38336 kB
PageTables:        40660 kB
NFS_Unstable:          0 kB
Bounce:                0 kB
WritebackTmp:          0 kB
CommitLimit:     1815632 kB
Committed_AS:   117860732 kB
VmallocTotal:   251658176 kB
VmallocUsed:      121584 kB
VmallocChunk:   251420580 kB
Time pass: 51 sec

---2015-10-15 22:10:21
MemTotal:        2582696 kB
MemFree:          107892 kB
Buffers:           18008 kB
Cached:          1236508 kB
SwapCached:            0 kB
Active:          1076828 kB
Inactive:         956672 kB
Active(anon):     636444 kB
Inactive(anon):   186060 kB
Active(file):     440384 kB
Inactive(file):   770612 kB
Unevictable:        2968 kB
Mlocked:               0 kB
SwapTotal:        524284 kB
SwapFree:         524284 kB
Dirty:               716 kB
Writeback:             0 kB
AnonPages:        782088 kB
Mapped:           405488 kB
Shmem:             40548 kB
Slab:             101828 kB
SReclaimable:      31300 kB
SUnreclaim:        70528 kB
KernelStack:       38432 kB
PageTables:        40740 kB
NFS_Unstable:          0 kB
Bounce:                0 kB
WritebackTmp:          0 kB
CommitLimit:     1815632 kB
Committed_AS:   117860732 kB
VmallocTotal:   251658176 kB
VmallocUsed:      121584 kB
VmallocChunk:   251420580 kB
Time pass: 54 sec

---2015-10-15 22:10:21
MemTotal:        2582696 kB
MemFree:          107332 kB
Buffers:           18016 kB
Cached:          1236524 kB
SwapCached:            0 kB
Active:          1077700 kB
Inactive:         956696 kB
Active(anon):     637316 kB
Inactive(anon):   186060 kB
Active(file):     440384 kB
Inactive(file):   770636 kB
Unevictable:        2968 kB
Mlocked:               0 kB
SwapTotal:        524284 kB
SwapFree:         524284 kB
Dirty:               732 kB
Writeback:             0 kB
AnonPages:        782916 kB
Mapped:           405488 kB
Shmem:             40548 kB
Slab:             101948 kB
SReclaimable:      31316 kB
SUnreclaim:        70632 kB
KernelStack:       38432 kB
PageTables:        40740 kB
NFS_Unstable:          0 kB
Bounce:                0 kB
WritebackTmp:          0 kB
CommitLimit:     1815632 kB
Committed_AS:   117860724 kB
VmallocTotal:   251658176 kB
VmallocUsed:      121584 kB
VmallocChunk:   251420580 kB
Time pass: 58 sec

---2015-10-15 22:10:21
MemTotal:        2582696 kB
MemFree:          107436 kB
Buffers:           18016 kB
Cached:          1233760 kB
SwapCached:            0 kB
Active:          1080576 kB
Inactive:         953924 kB
Active(anon):     640180 kB
Inactive(anon):   186060 kB
Active(file):     440396 kB
Inactive(file):   767864 kB
Unevictable:        2968 kB
Mlocked:               0 kB
SwapTotal:        524284 kB
SwapFree:         524284 kB
Dirty:               748 kB
Writeback:             0 kB
AnonPages:        785724 kB
Mapped:           405604 kB
Shmem:             40548 kB
Slab:             101848 kB
SReclaimable:      31316 kB
SUnreclaim:        70532 kB
KernelStack:       38432 kB
PageTables:        40748 kB
NFS_Unstable:          0 kB
Bounce:                0 kB
WritebackTmp:          0 kB
CommitLimit:     1815632 kB
Committed_AS:   117860740 kB
VmallocTotal:   251658176 kB
VmallocUsed:      121584 kB
VmallocChunk:   251420580 kB
Time pass: 62 sec

---2015-10-15 22:10:21
MemTotal:        2582696 kB
MemFree:          107188 kB
Buffers:           18024 kB
Cached:          1233768 kB
SwapCached:            0 kB
Active:          1081256 kB
Inactive:         953932 kB
Active(anon):     640852 kB
Inactive(anon):   186060 kB
Active(file):     440404 kB
Inactive(file):   767872 kB
Unevictable:        2968 kB
Mlocked:               0 kB
SwapTotal:        524284 kB
SwapFree:         524284 kB
Dirty:               780 kB
Writeback:             0 kB
AnonPages:        786336 kB
Mapped:           405488 kB
Shmem:             40548 kB
Slab:             101840 kB
SReclaimable:      31316 kB
SUnreclaim:        70524 kB
KernelStack:       38416 kB
PageTables:        40768 kB
NFS_Unstable:          0 kB
Bounce:                0 kB
WritebackTmp:          0 kB
CommitLimit:     1815632 kB
Committed_AS:   117860708 kB
VmallocTotal:   251658176 kB
VmallocUsed:      121584 kB
VmallocChunk:   251420580 kB
Time pass: 65 sec

---2015-10-15 22:10:21
MemTotal:        2582696 kB
MemFree:          106632 kB
Buffers:           18024 kB
Cached:          1233804 kB
SwapCached:            0 kB
Active:          1081988 kB
Inactive:         953964 kB
Active(anon):     641584 kB
Inactive(anon):   186060 kB
Active(file):     440404 kB
Inactive(file):   767904 kB
Unevictable:        2968 kB
Mlocked:               0 kB
SwapTotal:        524284 kB
SwapFree:         524284 kB
Dirty:               712 kB
Writeback:             0 kB
AnonPages:        787040 kB
Mapped:           405576 kB
Shmem:             40548 kB
Slab:             101736 kB
SReclaimable:      31316 kB
SUnreclaim:        70420 kB
KernelStack:       38384 kB
PageTables:        40768 kB
NFS_Unstable:          0 kB
Bounce:                0 kB
WritebackTmp:          0 kB
CommitLimit:     1815632 kB
Committed_AS:   117860612 kB
VmallocTotal:   251658176 kB
VmallocUsed:      121584 kB
VmallocChunk:   251420580 kB
Time pass: 69 sec

---2015-10-15 22:10:21
MemTotal:        2582696 kB
MemFree:          106108 kB
Buffers:           18032 kB
Cached:          1233820 kB
SwapCached:            0 kB
Active:          1082796 kB
Inactive:         953992 kB
Active(anon):     642392 kB
Inactive(anon):   186060 kB
Active(file):     440404 kB
Inactive(file):   767932 kB
Unevictable:        2968 kB
Mlocked:               0 kB
SwapTotal:        524284 kB
SwapFree:         524284 kB
Dirty:               712 kB
Writeback:             0 kB
AnonPages:        787924 kB
Mapped:           405580 kB
Shmem:             40548 kB
Slab:             101856 kB
SReclaimable:      31316 kB
SUnreclaim:        70540 kB
KernelStack:       38400 kB
PageTables:        40764 kB
NFS_Unstable:          0 kB
Bounce:                0 kB
WritebackTmp:          0 kB
CommitLimit:     1815632 kB
Committed_AS:   117860612 kB
VmallocTotal:   251658176 kB
VmallocUsed:      121584 kB
VmallocChunk:   251420580 kB
Time pass: 73 sec

---2015-10-15 22:10:21
MemTotal:        2582696 kB
MemFree:          108040 kB
Buffers:           18032 kB
Cached:          1224220 kB
SwapCached:            0 kB
Active:          1086656 kB
Inactive:         943432 kB
Active(anon):     645364 kB
Inactive(anon):   186060 kB
Active(file):     441292 kB
Inactive(file):   757372 kB
Unevictable:        2968 kB
Mlocked:               0 kB
SwapTotal:        524284 kB
SwapFree:         524284 kB
Dirty:               712 kB
Writeback:             0 kB
AnonPages:        790836 kB
Mapped:           412980 kB
Shmem:             40548 kB
Slab:             102240 kB
SReclaimable:      31524 kB
SUnreclaim:        70716 kB
KernelStack:       38432 kB
PageTables:        41044 kB
NFS_Unstable:          0 kB
Bounce:                0 kB
WritebackTmp:          0 kB
CommitLimit:     1815632 kB
Committed_AS:   119133400 kB
VmallocTotal:   251658176 kB
VmallocUsed:      122604 kB
VmallocChunk:   251420580 kB
Time pass: 76 sec

---2015-10-15 22:10:21
MemTotal:        2582696 kB
MemFree:          106972 kB
Buffers:           16104 kB
Cached:          1070556 kB
SwapCached:            0 kB
Active:          1128436 kB
Inactive:         773900 kB
Active(anon):     673080 kB
Inactive(anon):   186192 kB
Active(file):     455356 kB
Inactive(file):   587708 kB
Unevictable:        2968 kB
Mlocked:               0 kB
SwapTotal:        524284 kB
SwapFree:         524284 kB
Dirty:              1164 kB
Writeback:             4 kB
AnonPages:        818596 kB
Mapped:           458152 kB
Shmem:             40680 kB
Slab:             102132 kB
SReclaimable:      31404 kB
SUnreclaim:        70728 kB
KernelStack:       39600 kB
PageTables:        41880 kB
NFS_Unstable:          0 kB
Bounce:                0 kB
WritebackTmp:          0 kB
CommitLimit:     1815632 kB
Committed_AS:   119187996 kB
VmallocTotal:   251658176 kB
VmallocUsed:      123492 kB
VmallocChunk:   251420580 kB
Time pass: 80 sec

---2015-10-15 22:10:21
MemTotal:        2582696 kB
MemFree:          124364 kB
Buffers:           16056 kB
Cached:          1057524 kB
SwapCached:            0 kB
Active:          1107896 kB
Inactive:         760400 kB
Active(anon):     652392 kB
Inactive(anon):   186192 kB
Active(file):     455504 kB
Inactive(file):   574208 kB
Unevictable:        2968 kB
Mlocked:               0 kB
SwapTotal:        524284 kB
SwapFree:         524284 kB
Dirty:               352 kB
Writeback:             0 kB
AnonPages:        798168 kB
Mapped:           458752 kB
Shmem:             40680 kB
Slab:             102180 kB
SReclaimable:      31452 kB
SUnreclaim:        70728 kB
KernelStack:       39584 kB
PageTables:        41840 kB
NFS_Unstable:          0 kB
Bounce:                0 kB
WritebackTmp:          0 kB
CommitLimit:     1815632 kB
Committed_AS:   119188228 kB
VmallocTotal:   251658176 kB
VmallocUsed:      123644 kB
VmallocChunk:   251420580 kB
Time pass: 83 sec

---2015-10-15 22:10:21
MemTotal:        2582696 kB
MemFree:          123384 kB
Buffers:           16056 kB
Cached:          1057452 kB
SwapCached:            0 kB
Active:          1108632 kB
Inactive:         760540 kB
Active(anon):     653124 kB
Inactive(anon):   186192 kB
Active(file):     455508 kB
Inactive(file):   574348 kB
Unevictable:        2968 kB
Mlocked:               0 kB
SwapTotal:        524284 kB
SwapFree:         524284 kB
Dirty:               284 kB
Writeback:             0 kB
AnonPages:        798600 kB
Mapped:           458912 kB
Shmem:             40680 kB
Slab:             102360 kB
SReclaimable:      31468 kB
SUnreclaim:        70892 kB
KernelStack:       39600 kB
PageTables:        41848 kB
NFS_Unstable:          0 kB
Bounce:                0 kB
WritebackTmp:          0 kB
CommitLimit:     1815632 kB
Committed_AS:   119188228 kB
VmallocTotal:   251658176 kB
VmallocUsed:      123644 kB
VmallocChunk:   251420580 kB
Time pass: 87 sec

---2015-10-15 22:10:21
MemTotal:        2582696 kB
MemFree:          125472 kB
Buffers:           16064 kB
Cached:          1057460 kB
SwapCached:            0 kB
Active:          1106184 kB
Inactive:         760548 kB
Active(anon):     650676 kB
Inactive(anon):   186192 kB
Active(file):     455508 kB
Inactive(file):   574356 kB
Unevictable:        2968 kB
Mlocked:               0 kB
SwapTotal:        524284 kB
SwapFree:         524284 kB
Dirty:               292 kB
Writeback:             0 kB
AnonPages:        796312 kB
Mapped:           458912 kB
Shmem:             40680 kB
Slab:             102520 kB
SReclaimable:      31468 kB
SUnreclaim:        71052 kB
KernelStack:       39600 kB
PageTables:        41848 kB
NFS_Unstable:          0 kB
Bounce:                0 kB
WritebackTmp:          0 kB
CommitLimit:     1815632 kB
Committed_AS:   119188220 kB
VmallocTotal:   251658176 kB
VmallocUsed:      123644 kB
VmallocChunk:   251420580 kB
Time pass: 91 sec

---2015-10-15 22:10:21
MemTotal:        2582696 kB
MemFree:          140212 kB
Buffers:           13772 kB
Cached:           960716 kB
SwapCached:            0 kB
Active:          1124320 kB
Inactive:         661800 kB
Active(anon):     669092 kB
Inactive(anon):   186192 kB
Active(file):     455228 kB
Inactive(file):   475608 kB
Unevictable:        2968 kB
Mlocked:               0 kB
SwapTotal:        524284 kB
SwapFree:         524284 kB
Dirty:               404 kB
Writeback:             0 kB
AnonPages:        814492 kB
Mapped:           463752 kB
Shmem:             40680 kB
Slab:             102160 kB
SReclaimable:      31336 kB
SUnreclaim:        70824 kB
KernelStack:       39792 kB
PageTables:        42120 kB
NFS_Unstable:          0 kB
Bounce:                0 kB
WritebackTmp:          0 kB
CommitLimit:     1815632 kB
Committed_AS:   119192852 kB
VmallocTotal:   251658176 kB
VmallocUsed:      123908 kB
VmallocChunk:   251420580 kB
Time pass: 94 sec

---2015-10-15 22:10:21
MemTotal:        2582696 kB
MemFree:          129308 kB
Buffers:           13772 kB
Cached:           960772 kB
SwapCached:            0 kB
Active:          1126188 kB
Inactive:         661852 kB
Active(anon):     670952 kB
Inactive(anon):   186192 kB
Active(file):     455236 kB
Inactive(file):   475660 kB
Unevictable:        2968 kB
Mlocked:               0 kB
SwapTotal:        524284 kB
SwapFree:         524284 kB
Dirty:               400 kB
Writeback:             0 kB
AnonPages:        816440 kB
Mapped:           464012 kB
Shmem:             40680 kB
Slab:             102548 kB
SReclaimable:      31464 kB
SUnreclaim:        71084 kB
KernelStack:       39744 kB
PageTables:        42124 kB
NFS_Unstable:          0 kB
Bounce:                0 kB
WritebackTmp:          0 kB
CommitLimit:     1815632 kB
Committed_AS:   119192932 kB
VmallocTotal:   251658176 kB
VmallocUsed:      123908 kB
VmallocChunk:   251420580 kB
Time pass: 98 sec

---2015-10-15 22:10:21
MemTotal:        2582696 kB
MemFree:          126216 kB
Buffers:           13780 kB
Cached:           939916 kB
SwapCached:            0 kB
Active:          1143500 kB
Inactive:         644336 kB
Active(anon):     691672 kB
Inactive(anon):   186196 kB
Active(file):     451828 kB
Inactive(file):   458140 kB
Unevictable:        2968 kB
Mlocked:               0 kB
SwapTotal:        524284 kB
SwapFree:         524284 kB
Dirty:              3312 kB
Writeback:             0 kB
AnonPages:        837176 kB
Mapped:           485912 kB
Shmem:             40684 kB
Slab:             103008 kB
SReclaimable:      31784 kB
SUnreclaim:        71224 kB
KernelStack:       39968 kB
PageTables:        42084 kB
NFS_Unstable:          0 kB
Bounce:                0 kB
WritebackTmp:          0 kB
CommitLimit:     1815632 kB
Committed_AS:   119203348 kB
VmallocTotal:   251658176 kB
VmallocUsed:      124100 kB
VmallocChunk:   251420580 kB
Time pass: 101 sec

---2015-10-15 22:10:21
MemTotal:        2582696 kB
MemFree:          112856 kB
Buffers:           13788 kB
Cached:           939836 kB
SwapCached:            0 kB
Active:          1142848 kB
Inactive:         644012 kB
Active(anon):     690696 kB
Inactive(anon):   186196 kB
Active(file):     452152 kB
Inactive(file):   457816 kB
Unevictable:        2968 kB
Mlocked:               0 kB
SwapTotal:        524284 kB
SwapFree:         524284 kB
Dirty:               544 kB
Writeback:             0 kB
AnonPages:        836244 kB
Mapped:           495196 kB
Shmem:             40684 kB
Slab:             102804 kB
SReclaimable:      31740 kB
SUnreclaim:        71064 kB
KernelStack:       39888 kB
PageTables:        42160 kB
NFS_Unstable:          0 kB
Bounce:                0 kB
WritebackTmp:          0 kB
CommitLimit:     1815632 kB
Committed_AS:   119203444 kB
VmallocTotal:   251658176 kB
VmallocUsed:      124220 kB
VmallocChunk:   251420580 kB
Time pass: 105 sec

---2015-10-15 22:10:21
MemTotal:        2582696 kB
MemFree:          112724 kB
Buffers:           13788 kB
Cached:           940020 kB
SwapCached:            0 kB
Active:          1143372 kB
Inactive:         644196 kB
Active(anon):     691216 kB
Inactive(anon):   186196 kB
Active(file):     452156 kB
Inactive(file):   458000 kB
Unevictable:        2968 kB
Mlocked:               0 kB
SwapTotal:        524284 kB
SwapFree:         524284 kB
Dirty:               560 kB
Writeback:             0 kB
AnonPages:        836660 kB
Mapped:           495320 kB
Shmem:             40684 kB
Slab:             102836 kB
SReclaimable:      31740 kB
SUnreclaim:        71096 kB
KernelStack:       39888 kB
PageTables:        42176 kB
NFS_Unstable:          0 kB
Bounce:                0 kB
WritebackTmp:          0 kB
CommitLimit:     1815632 kB
Committed_AS:   119203452 kB
VmallocTotal:   251658176 kB
VmallocUsed:      124220 kB
VmallocChunk:   251420580 kB
Time pass: 109 sec

---2015-10-15 22:10:21
MemTotal:        2582696 kB
MemFree:          108464 kB
Buffers:           13796 kB
Cached:           938532 kB
SwapCached:            0 kB
Active:          1145972 kB
Inactive:         642628 kB
Active(anon):     693816 kB
Inactive(anon):   186196 kB
Active(file):     452156 kB
Inactive(file):   456432 kB
Unevictable:        2968 kB
Mlocked:               0 kB
SwapTotal:        524284 kB
SwapFree:         524284 kB
Dirty:               536 kB
Writeback:             0 kB
AnonPages:        839376 kB
Mapped:           495080 kB
Shmem:             40684 kB
Slab:             102732 kB
SReclaimable:      31740 kB
SUnreclaim:        70992 kB
KernelStack:       39888 kB
PageTables:        42160 kB
NFS_Unstable:          0 kB
Bounce:                0 kB
WritebackTmp:          0 kB
CommitLimit:     1815632 kB
Committed_AS:   119203524 kB
VmallocTotal:   251658176 kB
VmallocUsed:      124232 kB
VmallocChunk:   251420580 kB
Time pass: 112 sec

---2015-10-15 22:10:21
MemTotal:        2582696 kB
MemFree:          110888 kB
Buffers:           13804 kB
Cached:           924712 kB
SwapCached:            0 kB
Active:          1158916 kB
Inactive:         629712 kB
Active(anon):     708080 kB
Inactive(anon):   186196 kB
Active(file):     450836 kB
Inactive(file):   443516 kB
Unevictable:        3560 kB
Mlocked:               0 kB
SwapTotal:        524284 kB
SwapFree:         524188 kB
Dirty:              1040 kB
Writeback:             0 kB
AnonPages:        853752 kB
Mapped:           495752 kB
Shmem:             40684 kB
Slab:             100236 kB
SReclaimable:      29012 kB
SUnreclaim:        71224 kB
KernelStack:       39888 kB
PageTables:        42168 kB
NFS_Unstable:          0 kB
Bounce:                0 kB
WritebackTmp:          0 kB
CommitLimit:     1815632 kB
Committed_AS:   119211924 kB
VmallocTotal:   251658176 kB
VmallocUsed:      124232 kB
VmallocChunk:   251420580 kB
Time pass: 116 sec

---2015-10-15 22:10:21
MemTotal:        2582696 kB
MemFree:          118140 kB
Buffers:           13804 kB
Cached:           906348 kB
SwapCached:            0 kB
Active:          1139064 kB
Inactive:         619400 kB
Active(anon):     696848 kB
Inactive(anon):   185528 kB
Active(file):     442216 kB
Inactive(file):   433872 kB
Unevictable:        3896 kB
Mlocked:               0 kB
SwapTotal:        524284 kB
SwapFree:         523768 kB
Dirty:               680 kB
Writeback:             0 kB
AnonPages:        842256 kB
Mapped:           505068 kB
Shmem:             40168 kB
Slab:             102632 kB
SReclaimable:      31584 kB
SUnreclaim:        71048 kB
KernelStack:       39904 kB
PageTables:        42244 kB
NFS_Unstable:          0 kB
Bounce:                0 kB
WritebackTmp:          0 kB
CommitLimit:     1815632 kB
Committed_AS:   119212108 kB
VmallocTotal:   251658176 kB
VmallocUsed:      124400 kB
VmallocChunk:   251420580 kB
Time pass: 119 sec

---2015-10-15 22:10:21
MemTotal:        2582696 kB
MemFree:          107404 kB
Buffers:           13812 kB
Cached:           905112 kB
SwapCached:            0 kB
Active:          1138380 kB
Inactive:         622788 kB
Active(anon):     700788 kB
Inactive(anon):   185384 kB
Active(file):     437592 kB
Inactive(file):   437404 kB
Unevictable:        3896 kB
Mlocked:               0 kB
SwapTotal:        524284 kB
SwapFree:         523476 kB
Dirty:               700 kB
Writeback:             0 kB
AnonPages:        846152 kB
Mapped:           508340 kB
Shmem:             40032 kB
Slab:             103016 kB
SReclaimable:      31584 kB
SUnreclaim:        71432 kB
KernelStack:       40272 kB
PageTables:        42384 kB
NFS_Unstable:          0 kB
Bounce:                0 kB
WritebackTmp:          0 kB
CommitLimit:     1815632 kB
Committed_AS:   119239616 kB
VmallocTotal:   251658176 kB
VmallocUsed:      126932 kB
VmallocChunk:   251420580 kB
Time pass: 123 sec

---2015-10-15 22:10:21
MemTotal:        2582696 kB
MemFree:          111508 kB
Buffers:           13812 kB
Cached:           901664 kB
SwapCached:            0 kB
Active:          1133316 kB
Inactive:         621096 kB
Active(anon):     697480 kB
Inactive(anon):   185412 kB
Active(file):     435836 kB
Inactive(file):   435684 kB
Unevictable:        3896 kB
Mlocked:               0 kB
SwapTotal:        524284 kB
SwapFree:         523428 kB
Dirty:               716 kB
Writeback:             0 kB
AnonPages:        842876 kB
Mapped:           508448 kB
Shmem:             40060 kB
Slab:             102992 kB
SReclaimable:      31632 kB
SUnreclaim:        71360 kB
KernelStack:       40272 kB
PageTables:        42396 kB
NFS_Unstable:          0 kB
Bounce:                0 kB
WritebackTmp:          0 kB
CommitLimit:     1815632 kB
Committed_AS:   119239676 kB
VmallocTotal:   251658176 kB
VmallocUsed:      126932 kB
VmallocChunk:   251420580 kB
Time pass: 127 sec

---2015-10-15 22:10:21
MemTotal:        2582696 kB
MemFree:          181112 kB
Buffers:           13068 kB
Cached:           894712 kB
SwapCached:            0 kB
Active:          1073216 kB
Inactive:         613928 kB
Active(anon):     637932 kB
Inactive(anon):   185268 kB
Active(file):     435284 kB
Inactive(file):   428660 kB
Unevictable:        3896 kB
Mlocked:               0 kB
SwapTotal:        524284 kB
SwapFree:         523280 kB
Dirty:               704 kB
Writeback:             0 kB
AnonPages:        783616 kB
Mapped:           397696 kB
Shmem:             39852 kB
Slab:             102748 kB
SReclaimable:      31532 kB
SUnreclaim:        71216 kB
KernelStack:       40448 kB
PageTables:        41140 kB
NFS_Unstable:          0 kB
Bounce:                0 kB
WritebackTmp:          0 kB
CommitLimit:     1815632 kB
Committed_AS:   121403664 kB
VmallocTotal:   251658176 kB
VmallocUsed:      127952 kB
VmallocChunk:   251420580 kB
Time pass: 130 sec

---2015-10-15 22:10:21
MemTotal:        2582696 kB
MemFree:          353752 kB
Buffers:           13068 kB
Cached:           895044 kB
SwapCached:            0 kB
Active:          1070652 kB
Inactive:         614400 kB
Active(anon):     635484 kB
Inactive(anon):   184896 kB
Active(file):     435168 kB
Inactive(file):   429504 kB
Unevictable:        3896 kB
Mlocked:               0 kB
SwapTotal:        524284 kB
SwapFree:         523280 kB
Dirty:               744 kB
Writeback:             0 kB
AnonPages:        780916 kB
Mapped:           397320 kB
Shmem:             39544 kB
Slab:             102896 kB
SReclaimable:      31692 kB
SUnreclaim:        71204 kB
KernelStack:       38624 kB
PageTables:        40844 kB
NFS_Unstable:          0 kB
Bounce:                0 kB
WritebackTmp:          0 kB
CommitLimit:     1815632 kB
Committed_AS:   117869556 kB
VmallocTotal:   251658176 kB
VmallocUsed:      124356 kB
VmallocChunk:   251420580 kB
Time pass: 134 sec

---2015-10-15 22:10:21
MemTotal:        2582696 kB
MemFree:          356964 kB
Buffers:           13076 kB
Cached:           895120 kB
SwapCached:            0 kB
Active:          1065740 kB
Inactive:         614480 kB
Active(anon):     630568 kB
Inactive(anon):   184896 kB
Active(file):     435172 kB
Inactive(file):   429584 kB
Unevictable:        3896 kB
Mlocked:               0 kB
SwapTotal:        524284 kB
SwapFree:         523280 kB
Dirty:               816 kB
Writeback:             0 kB
AnonPages:        775880 kB
Mapped:           397188 kB
Shmem:             39544 kB
Slab:             102776 kB
SReclaimable:      31692 kB
SUnreclaim:        71084 kB
KernelStack:       38624 kB
PageTables:        40876 kB
NFS_Unstable:          0 kB
Bounce:                0 kB
WritebackTmp:          0 kB
CommitLimit:     1815632 kB
Committed_AS:   117869804 kB
VmallocTotal:   251658176 kB
VmallocUsed:      124356 kB
VmallocChunk:   251420580 kB
Time pass: 137 sec

---2015-10-15 22:10:21
MemTotal:        2582696 kB
MemFree:          354240 kB
Buffers:           13076 kB
Cached:           895144 kB
SwapCached:            0 kB
Active:          1069324 kB
Inactive:         614500 kB
Active(anon):     634148 kB
Inactive(anon):   184896 kB
Active(file):     435176 kB
Inactive(file):   429604 kB
Unevictable:        3896 kB
Mlocked:               0 kB
SwapTotal:        524284 kB
SwapFree:         523280 kB
Dirty:               776 kB
Writeback:             0 kB
AnonPages:        779500 kB
Mapped:           397332 kB
Shmem:             39544 kB
Slab:             102964 kB
SReclaimable:      31692 kB
SUnreclaim:        71272 kB
KernelStack:       38640 kB
PageTables:        40884 kB
NFS_Unstable:          0 kB
Bounce:                0 kB
WritebackTmp:          0 kB
CommitLimit:     1815632 kB
Committed_AS:   120199384 kB
VmallocTotal:   251658176 kB
VmallocUsed:      124356 kB
VmallocChunk:   251420580 kB
Time pass: 141 sec

---2015-10-15 22:10:21
MemTotal:        2582696 kB
MemFree:          228324 kB
Buffers:           13084 kB
Cached:           895620 kB
SwapCached:            0 kB
Active:          1097628 kB
Inactive:         610940 kB
Active(anon):     658408 kB
Inactive(anon):   185028 kB
Active(file):     439220 kB
Inactive(file):   425912 kB
Unevictable:        3896 kB
Mlocked:               0 kB
SwapTotal:        524284 kB
SwapFree:         523280 kB
Dirty:              1212 kB
Writeback:             0 kB
AnonPages:        804180 kB
Mapped:           434092 kB
Shmem:             39676 kB
Slab:             102844 kB
SReclaimable:      31536 kB
SUnreclaim:        71308 kB
KernelStack:       39776 kB
PageTables:        41924 kB
NFS_Unstable:          0 kB
Bounce:                0 kB
WritebackTmp:          0 kB
CommitLimit:     1815632 kB
Committed_AS:   119192932 kB
VmallocTotal:   251658176 kB
VmallocUsed:      125924 kB
VmallocChunk:   251420580 kB
Time pass: 144 sec

---2015-10-15 22:10:21
MemTotal:        2582696 kB
MemFree:          230236 kB
Buffers:           13084 kB
Cached:           895708 kB
SwapCached:            0 kB
Active:          1097024 kB
Inactive:         611008 kB
Active(anon):     657788 kB
Inactive(anon):   185028 kB
Active(file):     439236 kB
Inactive(file):   425980 kB
Unevictable:        3896 kB
Mlocked:               0 kB
SwapTotal:        524284 kB
SwapFree:         523280 kB
Dirty:               324 kB
Writeback:             0 kB
AnonPages:        803192 kB
Mapped:           434252 kB
Shmem:             39676 kB
Slab:             102772 kB
SReclaimable:      31536 kB
SUnreclaim:        71236 kB
KernelStack:       39728 kB
PageTables:        41960 kB
NFS_Unstable:          0 kB
Bounce:                0 kB
WritebackTmp:          0 kB
CommitLimit:     1815632 kB
Committed_AS:   119195108 kB
VmallocTotal:   251658176 kB
VmallocUsed:      123508 kB
VmallocChunk:   251420580 kB
Time pass: 148 sec

---2015-10-15 22:10:21
MemTotal:        2582696 kB
MemFree:          133276 kB
Buffers:           13092 kB
Cached:           898440 kB
SwapCached:            0 kB
Active:          1124676 kB
Inactive:         609128 kB
Active(anon):     680816 kB
Inactive(anon):   185032 kB
Active(file):     443860 kB
Inactive(file):   424096 kB
Unevictable:        3896 kB
Mlocked:               0 kB
SwapTotal:        524284 kB
SwapFree:         523280 kB
Dirty:              2932 kB
Writeback:           220 kB
AnonPages:        826136 kB
Mapped:           497092 kB
Shmem:             39680 kB
Slab:             102900 kB
SReclaimable:      31536 kB
SUnreclaim:        71364 kB
KernelStack:       39888 kB
PageTables:        42124 kB
NFS_Unstable:          0 kB
Bounce:                0 kB
WritebackTmp:          0 kB
CommitLimit:     1815632 kB
Committed_AS:   119207700 kB
VmallocTotal:   251658176 kB
VmallocUsed:      124076 kB
VmallocChunk:   251420580 kB
Time pass: 152 sec

---2015-10-15 22:10:21
MemTotal:        2582696 kB
MemFree:          132804 kB
Buffers:           13092 kB
Cached:           898512 kB
SwapCached:            0 kB
Active:          1125188 kB
Inactive:         609256 kB
Active(anon):     681384 kB
Inactive(anon):   185032 kB
Active(file):     443804 kB
Inactive(file):   424224 kB
Unevictable:        3896 kB
Mlocked:               0 kB
SwapTotal:        524284 kB
SwapFree:         523280 kB
Dirty:              3000 kB
Writeback:             0 kB
AnonPages:        826840 kB
Mapped:           497296 kB
Shmem:             39680 kB
Slab:             102900 kB
SReclaimable:      31536 kB
SUnreclaim:        71364 kB
KernelStack:       39888 kB
PageTables:        42176 kB
NFS_Unstable:          0 kB
Bounce:                0 kB
WritebackTmp:          0 kB
CommitLimit:     1815632 kB
Committed_AS:   119207700 kB
VmallocTotal:   251658176 kB
VmallocUsed:      124076 kB
VmallocChunk:   251420580 kB
Time pass: 155 sec

---2015-10-15 22:10:21
MemTotal:        2582696 kB
MemFree:          124652 kB
Buffers:           13100 kB
Cached:           898536 kB
SwapCached:            0 kB
Active:          1128292 kB
Inactive:         609280 kB
Active(anon):     684480 kB
Inactive(anon):   185032 kB
Active(file):     443812 kB
Inactive(file):   424248 kB
Unevictable:        3896 kB
Mlocked:               0 kB
SwapTotal:        524284 kB
SwapFree:         523280 kB
Dirty:               560 kB
Writeback:             0 kB
AnonPages:        829644 kB
Mapped:           497408 kB
Shmem:             39680 kB
Slab:             102784 kB
SReclaimable:      31536 kB
SUnreclaim:        71248 kB
KernelStack:       39856 kB
PageTables:        42144 kB
NFS_Unstable:          0 kB
Bounce:                0 kB
WritebackTmp:          0 kB
CommitLimit:     1815632 kB
Committed_AS:   119207700 kB
VmallocTotal:   251658176 kB
VmallocUsed:      124088 kB
VmallocChunk:   251420580 kB
Time pass: 159 sec

---2015-10-15 22:10:21
MemTotal:        2582696 kB
MemFree:          123716 kB
Buffers:           13100 kB
Cached:           898544 kB
SwapCached:            0 kB
Active:          1128172 kB
Inactive:         609288 kB
Active(anon):     684360 kB
Inactive(anon):   185032 kB
Active(file):     443812 kB
Inactive(file):   424256 kB
Unevictable:        3896 kB
Mlocked:               0 kB
SwapTotal:        524284 kB
SwapFree:         523280 kB
Dirty:               568 kB
Writeback:             0 kB
AnonPages:        829872 kB
Mapped:           497360 kB
Shmem:             39680 kB
Slab:             102904 kB
SReclaimable:      31536 kB
SUnreclaim:        71368 kB
KernelStack:       39808 kB
PageTables:        42144 kB
NFS_Unstable:          0 kB
Bounce:                0 kB
WritebackTmp:          0 kB
CommitLimit:     1815632 kB
Committed_AS:   119207732 kB
VmallocTotal:   251658176 kB
VmallocUsed:      124088 kB
VmallocChunk:   251420580 kB
Time pass: 163 sec

---2015-10-15 22:10:21
MemTotal:        2582696 kB
MemFree:          117936 kB
Buffers:           13108 kB
Cached:           898292 kB
SwapCached:            0 kB
Active:          1134004 kB
Inactive:         609320 kB
Active(anon):     690472 kB
Inactive(anon):   185020 kB
Active(file):     443532 kB
Inactive(file):   424300 kB
Unevictable:        3896 kB
Mlocked:               0 kB
SwapTotal:        524284 kB
SwapFree:         523268 kB
Dirty:              1192 kB
Writeback:             0 kB
AnonPages:        835896 kB
Mapped:           501828 kB
Shmem:             39668 kB
Slab:             102940 kB
SReclaimable:      31552 kB
SUnreclaim:        71388 kB
KernelStack:       39808 kB
PageTables:        42188 kB
NFS_Unstable:          0 kB
Bounce:                0 kB
WritebackTmp:          0 kB
CommitLimit:     1815632 kB
Committed_AS:   119208028 kB
VmallocTotal:   251658176 kB
VmallocUsed:      124248 kB
VmallocChunk:   251420580 kB
Time pass: 166 sec

---2015-10-15 22:10:21
MemTotal:        2582696 kB
MemFree:          105756 kB
Buffers:           13108 kB
Cached:           893996 kB
SwapCached:            0 kB
Active:          1141344 kB
Inactive:         608216 kB
Active(anon):     701004 kB
Inactive(anon):   184880 kB
Active(file):     440340 kB
Inactive(file):   423336 kB
Unevictable:        3896 kB
Mlocked:               0 kB
SwapTotal:        524284 kB
SwapFree:         522980 kB
Dirty:               660 kB
Writeback:             0 kB
AnonPages:        846280 kB
Mapped:           505284 kB
Shmem:             39532 kB
Slab:             103380 kB
SReclaimable:      31628 kB
SUnreclaim:        71752 kB
KernelStack:       40176 kB
PageTables:        42352 kB
NFS_Unstable:          0 kB
Bounce:                0 kB
WritebackTmp:          0 kB
CommitLimit:     1815632 kB
Committed_AS:   119239588 kB
VmallocTotal:   251658176 kB
VmallocUsed:      126780 kB
VmallocChunk:   251420580 kB
Time pass: 170 sec

---2015-10-15 22:10:21
MemTotal:        2582696 kB
MemFree:          109372 kB
Buffers:           14652 kB
Cached:           880584 kB
SwapCached:            0 kB
Active:          1133072 kB
Inactive:         606600 kB
Active(anon):     703508 kB
Inactive(anon):   184140 kB
Active(file):     429564 kB
Inactive(file):   422460 kB
Unevictable:        3896 kB
Mlocked:               0 kB
SwapTotal:        524284 kB
SwapFree:         522336 kB
Dirty:               656 kB
Writeback:             0 kB
AnonPages:        848744 kB
Mapped:           505428 kB
Shmem:             39152 kB
Slab:             103712 kB
SReclaimable:      31708 kB
SUnreclaim:        72004 kB
KernelStack:       40448 kB
PageTables:        42300 kB
NFS_Unstable:          0 kB
Bounce:                0 kB
WritebackTmp:          0 kB
CommitLimit:     1815632 kB
Committed_AS:   119243756 kB
VmallocTotal:   251658176 kB
VmallocUsed:      126780 kB
VmallocChunk:   251420580 kB
Time pass: 173 sec

---2015-10-15 22:10:21
MemTotal:        2582696 kB
MemFree:          108680 kB
Buffers:           14652 kB
Cached:           880724 kB
SwapCached:            0 kB
Active:          1133896 kB
Inactive:         606844 kB
Active(anon):     704320 kB
Inactive(anon):   184092 kB
Active(file):     429576 kB
Inactive(file):   422752 kB
Unevictable:        3896 kB
Mlocked:               0 kB
SwapTotal:        524284 kB
SwapFree:         522336 kB
Dirty:               724 kB
Writeback:             0 kB
AnonPages:        849324 kB
Mapped:           505424 kB
Shmem:             39152 kB
Slab:             103548 kB
SReclaimable:      31700 kB
SUnreclaim:        71848 kB
KernelStack:       40192 kB
PageTables:        42396 kB
NFS_Unstable:          0 kB
Bounce:                0 kB
WritebackTmp:          0 kB
CommitLimit:     1815632 kB
Committed_AS:   119243716 kB
VmallocTotal:   251658176 kB
VmallocUsed:      126780 kB
VmallocChunk:   251420580 kB
Time pass: 177 sec

---2015-10-15 22:10:21
MemTotal:        2582696 kB
MemFree:          116084 kB
Buffers:           13884 kB
Cached:           874548 kB
SwapCached:            0 kB
Active:          1136160 kB
Inactive:         597936 kB
Active(anon):     704812 kB
Inactive(anon):   183900 kB
Active(file):     431348 kB
Inactive(file):   414036 kB
Unevictable:        3896 kB
Mlocked:               0 kB
SwapTotal:        524284 kB
SwapFree:         522236 kB
Dirty:               712 kB
Writeback:             0 kB
AnonPages:        849592 kB
Mapped:           505892 kB
Shmem:             39152 kB
Slab:             103592 kB
SReclaimable:      31712 kB
SUnreclaim:        71880 kB
KernelStack:       40192 kB
PageTables:        42396 kB
NFS_Unstable:          0 kB
Bounce:                0 kB
WritebackTmp:          0 kB
CommitLimit:     1815632 kB
Committed_AS:   119243724 kB
VmallocTotal:   251658176 kB
VmallocUsed:      126780 kB
VmallocChunk:   251420580 kB
Time pass: 180 sec

---2015-10-15 22:10:21
MemTotal:        2582696 kB
MemFree:          114836 kB
Buffers:           13924 kB
Cached:           874560 kB
SwapCached:            0 kB
Active:          1137848 kB
Inactive:         597988 kB
Active(anon):     706500 kB
Inactive(anon):   183912 kB
Active(file):     431348 kB
Inactive(file):   414076 kB
Unevictable:        3896 kB
Mlocked:               0 kB
SwapTotal:        524284 kB
SwapFree:         522236 kB
Dirty:               708 kB
Writeback:             0 kB
AnonPages:        851288 kB
Mapped:           505788 kB
Shmem:             39164 kB
Slab:             103660 kB
SReclaimable:      31712 kB
SUnreclaim:        71948 kB
KernelStack:       40176 kB
PageTables:        42404 kB
NFS_Unstable:          0 kB
Bounce:                0 kB
WritebackTmp:          0 kB
CommitLimit:     1815632 kB
Committed_AS:   119243604 kB
VmallocTotal:   251658176 kB
VmallocUsed:      126780 kB
VmallocChunk:   251420580 kB
Time pass: 184 sec

---2015-10-15 22:10:21
MemTotal:        2582696 kB
MemFree:          112172 kB
Buffers:           13924 kB
Cached:           874584 kB
SwapCached:            0 kB
Active:          1139496 kB
Inactive:         598012 kB
Active(anon):     708148 kB
Inactive(anon):   183912 kB
Active(file):     431348 kB
Inactive(file):   414100 kB
Unevictable:        3896 kB
Mlocked:               0 kB
SwapTotal:        524284 kB
SwapFree:         522236 kB
Dirty:               728 kB
Writeback:             0 kB
AnonPages:        853072 kB
Mapped:           506040 kB
Shmem:             39164 kB
Slab:             103564 kB
SReclaimable:      31712 kB
SUnreclaim:        71852 kB
KernelStack:       40448 kB
PageTables:        42372 kB
NFS_Unstable:          0 kB
Bounce:                0 kB
WritebackTmp:          0 kB
CommitLimit:     1815632 kB
Committed_AS:   119243772 kB
VmallocTotal:   251658176 kB
VmallocUsed:      126780 kB
VmallocChunk:   251420580 kB
Time pass: 187 sec

---2015-10-15 22:10:21
MemTotal:        2582696 kB
MemFree:          106036 kB
Buffers:           13924 kB
Cached:           874584 kB
SwapCached:            0 kB
Active:          1144888 kB
Inactive:         598012 kB
Active(anon):     713540 kB
Inactive(anon):   183912 kB
Active(file):     431348 kB
Inactive(file):   414100 kB
Unevictable:        3896 kB
Mlocked:               0 kB
SwapTotal:        524284 kB
SwapFree:         522236 kB
Dirty:               760 kB
Writeback:             0 kB
AnonPages:        858600 kB
Mapped:           510088 kB
Shmem:             39164 kB
Slab:             103724 kB
SReclaimable:      31728 kB
SUnreclaim:        71996 kB
KernelStack:       40272 kB
PageTables:        42628 kB
NFS_Unstable:          0 kB
Bounce:                0 kB
WritebackTmp:          0 kB
CommitLimit:     1815632 kB
Committed_AS:   120485760 kB
VmallocTotal:   251658176 kB
VmallocUsed:      127800 kB
VmallocChunk:   251420580 kB
Time pass: 191 sec

---2015-10-15 22:10:21
MemTotal:        2582696 kB
MemFree:          109288 kB
Buffers:           13924 kB
Cached:           874584 kB
SwapCached:            0 kB
Active:          1141872 kB
Inactive:         598012 kB
Active(anon):     710524 kB
Inactive(anon):   183912 kB
Active(file):     431348 kB
Inactive(file):   414100 kB
Unevictable:        3896 kB
Mlocked:               0 kB
SwapTotal:        524284 kB
SwapFree:         522236 kB
Dirty:               744 kB
Writeback:             0 kB
AnonPages:        855272 kB
Mapped:           505988 kB
Shmem:             39164 kB
Slab:             103652 kB
SReclaimable:      31728 kB
SUnreclaim:        71924 kB
KernelStack:       40192 kB
PageTables:        42436 kB
NFS_Unstable:          0 kB
Bounce:                0 kB
WritebackTmp:          0 kB
CommitLimit:     1815632 kB
Committed_AS:   119243812 kB
VmallocTotal:   251658176 kB
VmallocUsed:      126780 kB
VmallocChunk:   251420580 kB
Time pass: 194 sec

---2015-10-15 22:10:21
MemTotal:        2582696 kB
MemFree:          114476 kB
Buffers:           13412 kB
Cached:           870644 kB
SwapCached:            0 kB
Active:          1139560 kB
Inactive:         596044 kB
Active(anon):     710912 kB
Inactive(anon):   183688 kB
Active(file):     428648 kB
Inactive(file):   412356 kB
Unevictable:        3896 kB
Mlocked:               0 kB
SwapTotal:        524284 kB
SwapFree:         522064 kB
Dirty:               696 kB
Writeback:             0 kB
AnonPages:        855372 kB
Mapped:           506076 kB
Shmem:             39156 kB
Slab:             103808 kB
SReclaimable:      31744 kB
SUnreclaim:        72064 kB
KernelStack:       40272 kB
PageTables:        42412 kB
NFS_Unstable:          0 kB
Bounce:                0 kB
WritebackTmp:          0 kB
CommitLimit:     1815632 kB
Committed_AS:   119238536 kB
VmallocTotal:   251658176 kB
VmallocUsed:      126780 kB
VmallocChunk:   251420580 kB
Time pass: 198 sec

---2015-10-15 22:10:21
MemTotal:        2582696 kB
MemFree:          124108 kB
Buffers:           13412 kB
Cached:           870648 kB
SwapCached:            0 kB
Active:          1129232 kB
Inactive:         596044 kB
Active(anon):     700584 kB
Inactive(anon):   183688 kB
Active(file):     428648 kB
Inactive(file):   412356 kB
Unevictable:        3896 kB
Mlocked:               0 kB
SwapTotal:        524284 kB
SwapFree:         522064 kB
Dirty:               712 kB
Writeback:             0 kB
AnonPages:        845216 kB
Mapped:           505968 kB
Shmem:             39160 kB
Slab:             103812 kB
SReclaimable:      31744 kB
SUnreclaim:        72068 kB
KernelStack:       40176 kB
PageTables:        42416 kB
NFS_Unstable:          0 kB
Bounce:                0 kB
WritebackTmp:          0 kB
CommitLimit:     1815632 kB
Committed_AS:   119238516 kB
VmallocTotal:   251658176 kB
VmallocUsed:      126780 kB
VmallocChunk:   251420580 kB
Time pass: 201 sec

---2015-10-15 22:10:21
MemTotal:        2582696 kB
MemFree:          123400 kB
Buffers:           13412 kB
Cached:           870800 kB
SwapCached:            0 kB
Active:          1130208 kB
Inactive:         596180 kB
Active(anon):     701556 kB
Inactive(anon):   183704 kB
Active(file):     428652 kB
Inactive(file):   412476 kB
Unevictable:        3896 kB
Mlocked:               0 kB
SwapTotal:        524284 kB
SwapFree:         522064 kB
Dirty:               740 kB
Writeback:             0 kB
AnonPages:        846252 kB
Mapped:           506220 kB
Shmem:             39188 kB
Slab:             103800 kB
SReclaimable:      31744 kB
SUnreclaim:        72056 kB
KernelStack:       40528 kB
PageTables:        42384 kB
NFS_Unstable:          0 kB
Bounce:                0 kB
WritebackTmp:          0 kB
CommitLimit:     1815632 kB
Committed_AS:   119238472 kB
VmallocTotal:   251658176 kB
VmallocUsed:      126780 kB
VmallocChunk:   251420580 kB
Time pass: 205 sec

---2015-10-15 22:10:21
MemTotal:        2582696 kB
MemFree:          122884 kB
Buffers:           13412 kB
Cached:           870808 kB
SwapCached:            0 kB
Active:          1131112 kB
Inactive:         596192 kB
Active(anon):     702452 kB
Inactive(anon):   183724 kB
Active(file):     428660 kB
Inactive(file):   412468 kB
Unevictable:        3896 kB
Mlocked:               0 kB
SwapTotal:        524284 kB
SwapFree:         522064 kB
Dirty:               720 kB
Writeback:             0 kB
AnonPages:        847000 kB
Mapped:           506148 kB
Shmem:             39196 kB
Slab:             103628 kB
SReclaimable:      31744 kB
SUnreclaim:        71884 kB
KernelStack:       40176 kB
PageTables:        42456 kB
NFS_Unstable:          0 kB
Bounce:                0 kB
WritebackTmp:          0 kB
CommitLimit:     1815632 kB
Committed_AS:   119238472 kB
VmallocTotal:   251658176 kB
VmallocUsed:      126780 kB
VmallocChunk:   251420580 kB
Time pass: 209 sec

---2015-10-15 22:10:21
MemTotal:        2582696 kB
MemFree:          120488 kB
Buffers:           13412 kB
Cached:           871488 kB
SwapCached:            0 kB
Active:          1132524 kB
Inactive:         597028 kB
Active(anon):     703868 kB
Inactive(anon):   183724 kB
Active(file):     428656 kB
Inactive(file):   413304 kB
Unevictable:        3896 kB
Mlocked:               0 kB
SwapTotal:        524284 kB
SwapFree:         522064 kB
Dirty:               752 kB
Writeback:             0 kB
AnonPages:        848368 kB
Mapped:           506112 kB
Shmem:             39196 kB
Slab:             103700 kB
SReclaimable:      31760 kB
SUnreclaim:        71940 kB
KernelStack:       40208 kB
PageTables:        42412 kB
NFS_Unstable:          0 kB
Bounce:                0 kB
WritebackTmp:          0 kB
CommitLimit:     1815632 kB
Committed_AS:   119238584 kB
VmallocTotal:   251658176 kB
VmallocUsed:      126780 kB
VmallocChunk:   251420580 kB
Time pass: 212 sec

---2015-10-15 22:10:21
MemTotal:        2582696 kB
MemFree:          119192 kB
Buffers:           13412 kB
Cached:           871752 kB
SwapCached:            0 kB
Active:          1133680 kB
Inactive:         597136 kB
Active(anon):     705020 kB
Inactive(anon):   183728 kB
Active(file):     428660 kB
Inactive(file):   413408 kB
Unevictable:        3896 kB
Mlocked:               0 kB
SwapTotal:        524284 kB
SwapFree:         522064 kB
Dirty:               764 kB
Writeback:             0 kB
AnonPages:        849616 kB
Mapped:           506176 kB
Shmem:             39200 kB
Slab:             103860 kB
SReclaimable:      31760 kB
SUnreclaim:        72100 kB
KernelStack:       40224 kB
PageTables:        42404 kB
NFS_Unstable:          0 kB
Bounce:                0 kB
WritebackTmp:          0 kB
CommitLimit:     1815632 kB
Committed_AS:   119242640 kB
VmallocTotal:   251658176 kB
VmallocUsed:      126780 kB
VmallocChunk:   251420580 kB
Time pass: 215 sec

---2015-10-15 22:10:21
MemTotal:        2582696 kB
MemFree:          117416 kB
Buffers:           13412 kB
Cached:           871752 kB
SwapCached:            0 kB
Active:          1135184 kB
Inactive:         597132 kB
Active(anon):     706520 kB
Inactive(anon):   183728 kB
Active(file):     428664 kB
Inactive(file):   413404 kB
Unevictable:        3896 kB
Mlocked:               0 kB
SwapTotal:        524284 kB
SwapFree:         522064 kB
Dirty:               764 kB
Writeback:             0 kB
AnonPages:        850972 kB
Mapped:           506180 kB
Shmem:             39200 kB
Slab:             103920 kB
SReclaimable:      31760 kB
SUnreclaim:        72160 kB
KernelStack:       40256 kB
PageTables:        42424 kB
NFS_Unstable:          0 kB
Bounce:                0 kB
WritebackTmp:          0 kB
CommitLimit:     1815632 kB
Committed_AS:   119242560 kB
VmallocTotal:   251658176 kB
VmallocUsed:      126780 kB
VmallocChunk:   251420580 kB
Time pass: 219 sec

---2015-10-15 22:10:21
MemTotal:        2582696 kB
MemFree:          111788 kB
Buffers:           13412 kB
Cached:           871820 kB
SwapCached:            0 kB
Active:          1140616 kB
Inactive:         597200 kB
Active(anon):     711952 kB
Inactive(anon):   183796 kB
Active(file):     428664 kB
Inactive(file):   413404 kB
Unevictable:        3896 kB
Mlocked:               0 kB
SwapTotal:        524284 kB
SwapFree:         522064 kB
Dirty:               764 kB
Writeback:             0 kB
AnonPages:        856572 kB
Mapped:           510440 kB
Shmem:             39268 kB
Slab:             104052 kB
SReclaimable:      31760 kB
SUnreclaim:        72292 kB
KernelStack:       40432 kB
PageTables:        42800 kB
NFS_Unstable:          0 kB
Bounce:                0 kB
WritebackTmp:          0 kB
CommitLimit:     1815632 kB
Committed_AS:   120484560 kB
VmallocTotal:   251658176 kB
VmallocUsed:      127800 kB
VmallocChunk:   251420580 kB
Time pass: 223 sec

---2015-10-15 22:10:21
MemTotal:        2582696 kB
MemFree:          115280 kB
Buffers:           13412 kB
Cached:           871820 kB
SwapCached:            0 kB
Active:          1137048 kB
Inactive:         597200 kB
Active(anon):     708384 kB
Inactive(anon):   183796 kB
Active(file):     428664 kB
Inactive(file):   413404 kB
Unevictable:        3896 kB
Mlocked:               0 kB
SwapTotal:        524284 kB
SwapFree:         522064 kB
Dirty:               764 kB
Writeback:             0 kB
AnonPages:        852936 kB
Mapped:           506328 kB
Shmem:             39268 kB
Slab:             103828 kB
SReclaimable:      31776 kB
SUnreclaim:        72052 kB
KernelStack:       40256 kB
PageTables:        42428 kB
NFS_Unstable:          0 kB
Bounce:                0 kB
WritebackTmp:          0 kB
CommitLimit:     1815632 kB
Committed_AS:   119242644 kB
VmallocTotal:   251658176 kB
VmallocUsed:      126780 kB
VmallocChunk:   251420580 kB
Time pass: 226 sec

---2015-10-15 22:10:21
MemTotal:        2582696 kB
MemFree:          113636 kB
Buffers:           13412 kB
Cached:           871824 kB
SwapCached:            0 kB
Active:          1138352 kB
Inactive:         597204 kB
Active(anon):     709688 kB
Inactive(anon):   183796 kB
Active(file):     428664 kB
Inactive(file):   413408 kB
Unevictable:        3896 kB
Mlocked:               0 kB
SwapTotal:        524284 kB
SwapFree:         522064 kB
Dirty:               752 kB
Writeback:             0 kB
AnonPages:        854004 kB
Mapped:           506332 kB
Shmem:             39268 kB
Slab:             103944 kB
SReclaimable:      31776 kB
SUnreclaim:        72168 kB
KernelStack:       40288 kB
PageTables:        42472 kB
NFS_Unstable:          0 kB
Bounce:                0 kB
WritebackTmp:          0 kB
CommitLimit:     1815632 kB
Committed_AS:   119242704 kB
VmallocTotal:   251658176 kB
VmallocUsed:      126780 kB
VmallocChunk:   251420580 kB
Time pass: 230 sec

---2015-10-15 22:10:21
MemTotal:        2582696 kB
MemFree:          112704 kB
Buffers:           13420 kB
Cached:           871844 kB
SwapCached:            0 kB
Active:          1139144 kB
Inactive:         597228 kB
Active(anon):     710480 kB
Inactive(anon):   183816 kB
Active(file):     428664 kB
Inactive(file):   413412 kB
Unevictable:        3896 kB
Mlocked:               0 kB
SwapTotal:        524284 kB
SwapFree:         522064 kB
Dirty:               768 kB
Writeback:             0 kB
AnonPages:        855132 kB
Mapped:           506268 kB
Shmem:             39288 kB
Slab:             103980 kB
SReclaimable:      31776 kB
SUnreclaim:        72204 kB
KernelStack:       40240 kB
PageTables:        42428 kB
NFS_Unstable:          0 kB
Bounce:                0 kB
WritebackTmp:          0 kB
CommitLimit:     1815632 kB
Committed_AS:   119242708 kB
VmallocTotal:   251658176 kB
VmallocUsed:      126796 kB
VmallocChunk:   251420580 kB
Time pass: 233 sec

---2015-10-15 22:10:21
MemTotal:        2582696 kB
MemFree:          112468 kB
Buffers:           13420 kB
Cached:           871844 kB
SwapCached:            0 kB
Active:          1139704 kB
Inactive:         597232 kB
Active(anon):     711040 kB
Inactive(anon):   183816 kB
Active(file):     428664 kB
Inactive(file):   413416 kB
Unevictable:        3896 kB
Mlocked:               0 kB
SwapTotal:        524284 kB
SwapFree:         522064 kB
Dirty:               784 kB
Writeback:             0 kB
AnonPages:        855596 kB
Mapped:           506352 kB
Shmem:             39288 kB
Slab:             103880 kB
SReclaimable:      31776 kB
SUnreclaim:        72104 kB
KernelStack:       40256 kB
PageTables:        42432 kB
NFS_Unstable:          0 kB
Bounce:                0 kB
WritebackTmp:          0 kB
CommitLimit:     1815632 kB
Committed_AS:   119242540 kB
VmallocTotal:   251658176 kB
VmallocUsed:      126780 kB
VmallocChunk:   251420580 kB
Time pass: 237 sec

---2015-10-15 22:10:21
MemTotal:        2582696 kB
MemFree:          108448 kB
Buffers:           13420 kB
Cached:           872064 kB
SwapCached:            0 kB
Active:          1143580 kB
Inactive:         597380 kB
Active(anon):     714916 kB
Inactive(anon):   183816 kB
Active(file):     428664 kB
Inactive(file):   413564 kB
Unevictable:        3896 kB
Mlocked:               0 kB
SwapTotal:        524284 kB
SwapFree:         522064 kB
Dirty:               748 kB
Writeback:             0 kB
AnonPages:        859276 kB
Mapped:           510460 kB
Shmem:             39288 kB
Slab:             103904 kB
SReclaimable:      31776 kB
SUnreclaim:        72128 kB
KernelStack:       40256 kB
PageTables:        42656 kB
NFS_Unstable:          0 kB
Bounce:                0 kB
WritebackTmp:          0 kB
CommitLimit:     1815632 kB
Committed_AS:   120484008 kB
VmallocTotal:   251658176 kB
VmallocUsed:      127800 kB
VmallocChunk:   251420580 kB
Time pass: 240 sec

---2015-10-15 22:10:21
MemTotal:        2582696 kB
MemFree:          111408 kB
Buffers:           13420 kB
Cached:           872224 kB
SwapCached:            0 kB
Active:          1139724 kB
Inactive:         597608 kB
Active(anon):     711056 kB
Inactive(anon):   183816 kB
Active(file):     428668 kB
Inactive(file):   413792 kB
Unevictable:        3896 kB
Mlocked:               0 kB
SwapTotal:        524284 kB
SwapFree:         522064 kB
Dirty:               744 kB
Writeback:             0 kB
AnonPages:        855592 kB
Mapped:           506380 kB
Shmem:             39288 kB
Slab:             103984 kB
SReclaimable:      31792 kB
SUnreclaim:        72192 kB
KernelStack:       40256 kB
PageTables:        42436 kB
NFS_Unstable:          0 kB
Bounce:                0 kB
WritebackTmp:          0 kB
CommitLimit:     1815632 kB
Committed_AS:   119242036 kB
VmallocTotal:   251658176 kB
VmallocUsed:      126780 kB
VmallocChunk:   251420580 kB
Time pass: 244 sec

---2015-10-15 22:10:21
MemTotal:        2582696 kB
MemFree:          117260 kB
Buffers:           13420 kB
Cached:           872244 kB
SwapCached:            0 kB
Active:          1134468 kB
Inactive:         597632 kB
Active(anon):     705804 kB
Inactive(anon):   183816 kB
Active(file):     428664 kB
Inactive(file):   413816 kB
Unevictable:        3896 kB
Mlocked:               0 kB
SwapTotal:        524284 kB
SwapFree:         522064 kB
Dirty:               780 kB
Writeback:             0 kB
AnonPages:        850196 kB
Mapped:           506364 kB
Shmem:             39288 kB
Slab:             104068 kB
SReclaimable:      31792 kB
SUnreclaim:        72276 kB
KernelStack:       40224 kB
PageTables:        42436 kB
NFS_Unstable:          0 kB
Bounce:                0 kB
WritebackTmp:          0 kB
CommitLimit:     1815632 kB
Committed_AS:   119242000 kB
VmallocTotal:   251658176 kB
VmallocUsed:      126780 kB
VmallocChunk:   251420580 kB
Time pass: 247 sec

---2015-10-15 22:10:21
MemTotal:        2582696 kB
MemFree:          116432 kB
Buffers:           13420 kB
Cached:           872244 kB
SwapCached:            0 kB
Active:          1135016 kB
Inactive:         597632 kB
Active(anon):     706352 kB
Inactive(anon):   183816 kB
Active(file):     428664 kB
Inactive(file):   413816 kB
Unevictable:        3896 kB
Mlocked:               0 kB
SwapTotal:        524284 kB
SwapFree:         522064 kB
Dirty:               772 kB
Writeback:             0 kB
AnonPages:        850916 kB
Mapped:           506304 kB
Shmem:             39288 kB
Slab:             103936 kB
SReclaimable:      31664 kB
SUnreclaim:        72272 kB
KernelStack:       40272 kB
PageTables:        42432 kB
NFS_Unstable:          0 kB
Bounce:                0 kB
WritebackTmp:          0 kB
CommitLimit:     1815632 kB
Committed_AS:   119242068 kB
VmallocTotal:   251658176 kB
VmallocUsed:      126780 kB
VmallocChunk:   251420580 kB
Time pass: 251 sec

---2015-10-15 22:10:21
MemTotal:        2582696 kB
MemFree:          115992 kB
Buffers:           13420 kB
Cached:           872244 kB
SwapCached:            0 kB
Active:          1136292 kB
Inactive:         597628 kB
Active(anon):     707624 kB
Inactive(anon):   183816 kB
Active(file):     428668 kB
Inactive(file):   413812 kB
Unevictable:        3896 kB
Mlocked:               0 kB
SwapTotal:        524284 kB
SwapFree:         522064 kB
Dirty:               744 kB
Writeback:             0 kB
AnonPages:        852092 kB
Mapped:           506220 kB
Shmem:             39288 kB
Slab:             104032 kB
SReclaimable:      31664 kB
SUnreclaim:        72368 kB
KernelStack:       40576 kB
PageTables:        42404 kB
NFS_Unstable:          0 kB
Bounce:                0 kB
WritebackTmp:          0 kB
CommitLimit:     1815632 kB
Committed_AS:   119242000 kB
VmallocTotal:   251658176 kB
VmallocUsed:      126780 kB
VmallocChunk:   251420580 kB
Time pass: 254 sec

---2015-10-15 22:10:21
MemTotal:        2582696 kB
MemFree:          114520 kB
Buffers:           13420 kB
Cached:           872244 kB
SwapCached:            0 kB
Active:          1136452 kB
Inactive:         597628 kB
Active(anon):     707784 kB
Inactive(anon):   183816 kB
Active(file):     428668 kB
Inactive(file):   413812 kB
Unevictable:        3896 kB
Mlocked:               0 kB
SwapTotal:        524284 kB
SwapFree:         522064 kB
Dirty:               744 kB
Writeback:             0 kB
AnonPages:        852212 kB
Mapped:           506380 kB
Shmem:             39288 kB
Slab:             103936 kB
SReclaimable:      31664 kB
SUnreclaim:        72272 kB
KernelStack:       40272 kB
PageTables:        42440 kB
NFS_Unstable:          0 kB
Bounce:                0 kB
WritebackTmp:          0 kB
CommitLimit:     1815632 kB
Committed_AS:   119246140 kB
VmallocTotal:   251658176 kB
VmallocUsed:      126792 kB
VmallocChunk:   251420580 kB
Time pass: 258 sec

---2015-10-15 22:10:21
MemTotal:        2582696 kB
MemFree:          113812 kB
Buffers:           13420 kB
Cached:           872244 kB
SwapCached:            0 kB
Active:          1137440 kB
Inactive:         597632 kB
Active(anon):     708776 kB
Inactive(anon):   183816 kB
Active(file):     428664 kB
Inactive(file):   413816 kB
Unevictable:        3896 kB
Mlocked:               0 kB
SwapTotal:        524284 kB
SwapFree:         522064 kB
Dirty:               764 kB
Writeback:             0 kB
AnonPages:        853196 kB
Mapped:           506384 kB
Shmem:             39288 kB
Slab:             103844 kB
SReclaimable:      31664 kB
SUnreclaim:        72180 kB
KernelStack:       40336 kB
PageTables:        42444 kB
NFS_Unstable:          0 kB
Bounce:                0 kB
WritebackTmp:          0 kB
CommitLimit:     1815632 kB
Committed_AS:   119246204 kB
VmallocTotal:   251658176 kB
VmallocUsed:      126792 kB
VmallocChunk:   251420580 kB
Time pass: 261 sec

---2015-10-15 22:10:21
MemTotal:        2582696 kB
MemFree:          111012 kB
Buffers:           13420 kB
Cached:           872332 kB
SwapCached:            0 kB
Active:          1139336 kB
Inactive:         597720 kB
Active(anon):     710672 kB
Inactive(anon):   183816 kB
Active(file):     428664 kB
Inactive(file):   413904 kB
Unevictable:        3896 kB
Mlocked:               0 kB
SwapTotal:        524284 kB
SwapFree:         522064 kB
Dirty:               784 kB
Writeback:             0 kB
AnonPages:        855112 kB
Mapped:           506748 kB
Shmem:             39288 kB
Slab:             103632 kB
SReclaimable:      31600 kB
SUnreclaim:        72032 kB
KernelStack:       40320 kB
PageTables:        42416 kB
NFS_Unstable:          0 kB
Bounce:                0 kB
WritebackTmp:          0 kB
CommitLimit:     1815632 kB
Committed_AS:   119246348 kB
VmallocTotal:   251658176 kB
VmallocUsed:      126792 kB
VmallocChunk:   251420580 kB
Time pass: 265 sec

---2015-10-15 22:10:21
MemTotal:        2582696 kB
MemFree:          110028 kB
Buffers:           13420 kB
Cached:           872332 kB
SwapCached:            0 kB
Active:          1140560 kB
Inactive:         597720 kB
Active(anon):     711896 kB
Inactive(anon):   183816 kB
Active(file):     428664 kB
Inactive(file):   413904 kB
Unevictable:        3896 kB
Mlocked:               0 kB
SwapTotal:        524284 kB
SwapFree:         522064 kB
Dirty:               784 kB
Writeback:             0 kB
AnonPages:        856544 kB
Mapped:           506524 kB
Shmem:             39288 kB
Slab:             103692 kB
SReclaimable:      31600 kB
SUnreclaim:        72092 kB
KernelStack:       40544 kB
PageTables:        42416 kB
NFS_Unstable:          0 kB
Bounce:                0 kB
WritebackTmp:          0 kB
CommitLimit:     1815632 kB
Committed_AS:   119246372 kB
VmallocTotal:   251658176 kB
VmallocUsed:      126792 kB
VmallocChunk:   251420580 kB
Time pass: 268 sec

---2015-10-15 22:10:21
MemTotal:        2582696 kB
MemFree:          106668 kB
Buffers:           13420 kB
Cached:           872380 kB
SwapCached:            0 kB
Active:          1144108 kB
Inactive:         597720 kB
Active(anon):     715444 kB
Inactive(anon):   183816 kB
Active(file):     428664 kB
Inactive(file):   413904 kB
Unevictable:        3896 kB
Mlocked:               0 kB
SwapTotal:        524284 kB
SwapFree:         522064 kB
Dirty:               784 kB
Writeback:             0 kB
AnonPages:        859928 kB
Mapped:           510812 kB
Shmem:             39288 kB
Slab:             103804 kB
SReclaimable:      31600 kB
SUnreclaim:        72204 kB
KernelStack:       40528 kB
PageTables:        42808 kB
NFS_Unstable:          0 kB
Bounce:                0 kB
WritebackTmp:          0 kB
CommitLimit:     1815632 kB
Committed_AS:   120488428 kB
VmallocTotal:   251658176 kB
VmallocUsed:      127812 kB
VmallocChunk:   251420580 kB
Time pass: 272 sec

---2015-10-15 22:10:21
MemTotal:        2582696 kB
MemFree:          109540 kB
Buffers:           13420 kB
Cached:           872380 kB
SwapCached:            0 kB
Active:          1140968 kB
Inactive:         597764 kB
Active(anon):     712300 kB
Inactive(anon):   183816 kB
Active(file):     428668 kB
Inactive(file):   413948 kB
Unevictable:        3896 kB
Mlocked:               0 kB
SwapTotal:        524284 kB
SwapFree:         522064 kB
Dirty:               764 kB
Writeback:             0 kB
AnonPages:        857044 kB
Mapped:           506556 kB
Shmem:             39288 kB
Slab:             103884 kB
SReclaimable:      31600 kB
SUnreclaim:        72284 kB
KernelStack:       40304 kB
PageTables:        42440 kB
NFS_Unstable:          0 kB
Bounce:                0 kB
WritebackTmp:          0 kB
CommitLimit:     1815632 kB
Committed_AS:   119246468 kB
VmallocTotal:   251658176 kB
VmallocUsed:      126792 kB
VmallocChunk:   251420580 kB
Time pass: 276 sec

---2015-10-15 22:10:21
MemTotal:        2582696 kB
MemFree:          109760 kB
Buffers:           13420 kB
Cached:           872380 kB
SwapCached:            0 kB
Active:          1140904 kB
Inactive:         597764 kB
Active(anon):     712236 kB
Inactive(anon):   183816 kB
Active(file):     428668 kB
Inactive(file):   413948 kB
Unevictable:        3896 kB
Mlocked:               0 kB
SwapTotal:        524284 kB
SwapFree:         522064 kB
Dirty:               764 kB
Writeback:             0 kB
AnonPages:        856852 kB
Mapped:           506632 kB
Shmem:             39288 kB
Slab:             103668 kB
SReclaimable:      31600 kB
SUnreclaim:        72068 kB
KernelStack:       40336 kB
PageTables:        42444 kB
NFS_Unstable:          0 kB
Bounce:                0 kB
WritebackTmp:          0 kB
CommitLimit:     1815632 kB
Committed_AS:   119246344 kB
VmallocTotal:   251658176 kB
VmallocUsed:      126792 kB
VmallocChunk:   251420580 kB
Time pass: 279 sec

---2015-10-15 22:10:21
MemTotal:        2582696 kB
MemFree:          108776 kB
Buffers:           13420 kB
Cached:           872424 kB
SwapCached:            0 kB
Active:          1141808 kB
Inactive:         597808 kB
Active(anon):     713140 kB
Inactive(anon):   183860 kB
Active(file):     428668 kB
Inactive(file):   413948 kB
Unevictable:        3896 kB
Mlocked:               0 kB
SwapTotal:        524284 kB
SwapFree:         522064 kB
Dirty:               764 kB
Writeback:             0 kB
AnonPages:        857712 kB
Mapped:           506664 kB
Shmem:             39332 kB
Slab:             103704 kB
SReclaimable:      31600 kB
SUnreclaim:        72104 kB
KernelStack:       40320 kB
PageTables:        42440 kB
NFS_Unstable:          0 kB
Bounce:                0 kB
WritebackTmp:          0 kB
CommitLimit:     1815632 kB
Committed_AS:   119246516 kB
VmallocTotal:   251658176 kB
VmallocUsed:      126792 kB
VmallocChunk:   251420580 kB
Time pass: 283 sec

---2015-10-15 22:10:21
MemTotal:        2582696 kB
MemFree:          110884 kB
Buffers:           13420 kB
Cached:           869812 kB
SwapCached:            0 kB
Active:          1140696 kB
Inactive:         597672 kB
Active(anon):     714720 kB
Inactive(anon):   183644 kB
Active(file):     425976 kB
Inactive(file):   414028 kB
Unevictable:        3896 kB
Mlocked:               0 kB
SwapTotal:        524284 kB
SwapFree:         521956 kB
Dirty:               776 kB
Writeback:             0 kB
AnonPages:        858916 kB
Mapped:           506660 kB
Shmem:             39332 kB
Slab:             103732 kB
SReclaimable:      31600 kB
SUnreclaim:        72132 kB
KernelStack:       40592 kB
PageTables:        42408 kB
NFS_Unstable:          0 kB
Bounce:                0 kB
WritebackTmp:          0 kB
CommitLimit:     1815632 kB
Committed_AS:   119246428 kB
VmallocTotal:   251658176 kB
VmallocUsed:      126792 kB
VmallocChunk:   251420580 kB
Time pass: 286 sec

---2015-10-15 22:10:21
MemTotal:        2582696 kB
MemFree:          105504 kB
Buffers:           13420 kB
Cached:           869816 kB
SwapCached:            0 kB
Active:          1145036 kB
Inactive:         597680 kB
Active(anon):     719064 kB
Inactive(anon):   183644 kB
Active(file):     425972 kB
Inactive(file):   414036 kB
Unevictable:        3896 kB
Mlocked:               0 kB
SwapTotal:        524284 kB
SwapFree:         521956 kB
Dirty:               768 kB
Writeback:             0 kB
AnonPages:        863976 kB
Mapped:           510604 kB
Shmem:             39332 kB
Slab:             103624 kB
SReclaimable:      31600 kB
SUnreclaim:        72024 kB
KernelStack:       40288 kB
PageTables:        42652 kB
NFS_Unstable:          0 kB
Bounce:                0 kB
WritebackTmp:          0 kB
CommitLimit:     1815632 kB
Committed_AS:   120488388 kB
VmallocTotal:   251658176 kB
VmallocUsed:      127812 kB
VmallocChunk:   251420580 kB
Time pass: 290 sec

---2015-10-15 22:10:21
MemTotal:        2582696 kB
MemFree:          127240 kB
Buffers:           13420 kB
Cached:           851312 kB
SwapCached:            0 kB
Active:          1139224 kB
Inactive:         581608 kB
Active(anon):     715904 kB
Inactive(anon):   183424 kB
Active(file):     423320 kB
Inactive(file):   398184 kB
Unevictable:        3896 kB
Mlocked:               0 kB
SwapTotal:        524284 kB
SwapFree:         521808 kB
Dirty:               764 kB
Writeback:             0 kB
AnonPages:        860164 kB
Mapped:           506648 kB
Shmem:             39332 kB
Slab:             103644 kB
SReclaimable:      31600 kB
SUnreclaim:        72044 kB
KernelStack:       40224 kB
PageTables:        42472 kB
NFS_Unstable:          0 kB
Bounce:                0 kB
WritebackTmp:          0 kB
CommitLimit:     1815632 kB
Committed_AS:   119246452 kB
VmallocTotal:   251658176 kB
VmallocUsed:      126792 kB
VmallocChunk:   251420580 kB
Time pass: 293 sec

---2015-10-15 22:10:21
MemTotal:        2582696 kB
MemFree:          126912 kB
Buffers:           13428 kB
Cached:           851312 kB
SwapCached:            0 kB
Active:          1140520 kB
Inactive:         581620 kB
Active(anon):     717204 kB
Inactive(anon):   183424 kB
Active(file):     423316 kB
Inactive(file):   398196 kB
Unevictable:        3896 kB
Mlocked:               0 kB
SwapTotal:        524284 kB
SwapFree:         521808 kB
Dirty:               804 kB
Writeback:             0 kB
AnonPages:        861344 kB
Mapped:           506584 kB
Shmem:             39332 kB
Slab:             103608 kB
SReclaimable:      31600 kB
SUnreclaim:        72008 kB
KernelStack:       40272 kB
PageTables:        42440 kB
NFS_Unstable:          0 kB
Bounce:                0 kB
WritebackTmp:          0 kB
CommitLimit:     1815632 kB
Committed_AS:   119246496 kB
VmallocTotal:   251658176 kB
VmallocUsed:      126792 kB
VmallocChunk:   251420580 kB
Time pass: 297 sec

---2015-10-15 22:10:21
MemTotal:        2582696 kB
MemFree:          126080 kB
Buffers:           13428 kB
Cached:           851312 kB
SwapCached:            0 kB
Active:          1141568 kB
Inactive:         581620 kB
Active(anon):     718252 kB
Inactive(anon):   183424 kB
Active(file):     423316 kB
Inactive(file):   398196 kB
Unevictable:        3896 kB
Mlocked:               0 kB
SwapTotal:        524284 kB
SwapFree:         521808 kB
Dirty:               784 kB
Writeback:             0 kB
AnonPages:        862364 kB
Mapped:           506684 kB
Shmem:             39332 kB
Slab:             103604 kB
SReclaimable:      31600 kB
SUnreclaim:        72004 kB
KernelStack:       40272 kB
PageTables:        42456 kB
NFS_Unstable:          0 kB
Bounce:                0 kB
WritebackTmp:          0 kB
CommitLimit:     1815632 kB
Committed_AS:   119246380 kB
VmallocTotal:   251658176 kB
VmallocUsed:      126792 kB
VmallocChunk:   251420580 kB
Time pass: 301 sec

---2015-10-15 22:10:21
MemTotal:        2582696 kB
MemFree:          124728 kB
Buffers:           13428 kB
Cached:           851312 kB
SwapCached:            0 kB
Active:          1142596 kB
Inactive:         581612 kB
Active(anon):     719272 kB
Inactive(anon):   183424 kB
Active(file):     423324 kB
Inactive(file):   398188 kB
Unevictable:        3896 kB
Mlocked:               0 kB
SwapTotal:        524284 kB
SwapFree:         521808 kB
Dirty:               772 kB
Writeback:             0 kB
AnonPages:        863704 kB
Mapped:           506592 kB
Shmem:             39332 kB
Slab:             103852 kB
SReclaimable:      31600 kB
SUnreclaim:        72252 kB
KernelStack:       40640 kB
PageTables:        42420 kB
NFS_Unstable:          0 kB
Bounce:                0 kB
WritebackTmp:          0 kB
CommitLimit:     1815632 kB
Committed_AS:   119250548 kB
VmallocTotal:   251658176 kB
VmallocUsed:      126792 kB
VmallocChunk:   251420580 kB
Time pass: 304 sec

---2015-10-15 22:10:21
MemTotal:        2582696 kB
MemFree:          121868 kB
Buffers:           13428 kB
Cached:           851336 kB
SwapCached:            0 kB
Active:          1144916 kB
Inactive:         581640 kB
Active(anon):     721596 kB
Inactive(anon):   183424 kB
Active(file):     423320 kB
Inactive(file):   398216 kB
Unevictable:        3896 kB
Mlocked:               0 kB
SwapTotal:        524284 kB
SwapFree:         521808 kB
Dirty:               764 kB
Writeback:             0 kB
AnonPages:        866084 kB
Mapped:           509764 kB
Shmem:             39332 kB
Slab:             103716 kB
SReclaimable:      31600 kB
SUnreclaim:        72116 kB
KernelStack:       40272 kB
PageTables:        42664 kB
NFS_Unstable:          0 kB
Bounce:                0 kB
WritebackTmp:          0 kB
CommitLimit:     1815632 kB
Committed_AS:   120490356 kB
VmallocTotal:   251658176 kB
VmallocUsed:      127812 kB
VmallocChunk:   251420580 kB
Time pass: 308 sec

---2015-10-15 22:10:21
MemTotal:        2582696 kB
MemFree:          123248 kB
Buffers:           13428 kB
Cached:           851336 kB
SwapCached:            0 kB
Active:          1143960 kB
Inactive:         581636 kB
Active(anon):     720636 kB
Inactive(anon):   183424 kB
Active(file):     423324 kB
Inactive(file):   398212 kB
Unevictable:        3896 kB
Mlocked:               0 kB
SwapTotal:        524284 kB
SwapFree:         521808 kB
Dirty:               772 kB
Writeback:             0 kB
AnonPages:        865228 kB
Mapped:           506688 kB
Shmem:             39332 kB
Slab:             103736 kB
SReclaimable:      31600 kB
SUnreclaim:        72136 kB
KernelStack:       40384 kB
PageTables:        42472 kB
NFS_Unstable:          0 kB
Bounce:                0 kB
WritebackTmp:          0 kB
CommitLimit:     1815632 kB
Committed_AS:   119250548 kB
VmallocTotal:   251658176 kB
VmallocUsed:      126792 kB
VmallocChunk:   251420580 kB
Time pass: 311 sec

---2015-10-15 22:10:21
MemTotal:        2582696 kB
MemFree:          122844 kB
Buffers:           13428 kB
Cached:           851336 kB
SwapCached:            0 kB
Active:          1145000 kB
Inactive:         581644 kB
Active(anon):     721684 kB
Inactive(anon):   183424 kB
Active(file):     423316 kB
Inactive(file):   398220 kB
Unevictable:        3896 kB
Mlocked:               0 kB
SwapTotal:        524284 kB
SwapFree:         521808 kB
Dirty:               784 kB
Writeback:             0 kB
AnonPages:        865788 kB
Mapped:           506684 kB
Shmem:             39332 kB
Slab:             103652 kB
SReclaimable:      31600 kB
SUnreclaim:        72052 kB
KernelStack:       40272 kB
PageTables:        42448 kB
NFS_Unstable:          0 kB
Bounce:                0 kB
WritebackTmp:          0 kB
CommitLimit:     1815632 kB
Committed_AS:   119250396 kB
VmallocTotal:   251658176 kB
VmallocUsed:      126792 kB
VmallocChunk:   251420580 kB
Time pass: 315 sec

---2015-10-15 22:10:21
MemTotal:        2582696 kB
MemFree:          121304 kB
Buffers:           13428 kB
Cached:           851336 kB
SwapCached:            0 kB
Active:          1146116 kB
Inactive:         581632 kB
Active(anon):     722788 kB
Inactive(anon):   183424 kB
Active(file):     423328 kB
Inactive(file):   398208 kB
Unevictable:        3896 kB
Mlocked:               0 kB
SwapTotal:        524284 kB
SwapFree:         521808 kB
Dirty:               764 kB
Writeback:             0 kB
AnonPages:        866944 kB
Mapped:           506604 kB
Shmem:             39332 kB
Slab:             103820 kB
SReclaimable:      31600 kB
SUnreclaim:        72220 kB
KernelStack:       40368 kB
PageTables:        42440 kB
NFS_Unstable:          0 kB
Bounce:                0 kB
WritebackTmp:          0 kB
CommitLimit:     1815632 kB
Committed_AS:   119250488 kB
VmallocTotal:   251658176 kB
VmallocUsed:      126792 kB
VmallocChunk:   251420580 kB
Time pass: 318 sec

---2015-10-15 22:10:21
MemTotal:        2582696 kB
MemFree:          121632 kB
Buffers:           13428 kB
Cached:           851340 kB
SwapCached:            0 kB
Active:          1146176 kB
Inactive:         581640 kB
Active(anon):     722852 kB
Inactive(anon):   183424 kB
Active(file):     423324 kB
Inactive(file):   398216 kB
Unevictable:        3896 kB
Mlocked:               0 kB
SwapTotal:        524284 kB
SwapFree:         521808 kB
Dirty:               772 kB
Writeback:             0 kB
AnonPages:        867012 kB
Mapped:           506648 kB
Shmem:             39332 kB
Slab:             103776 kB
SReclaimable:      31600 kB
SUnreclaim:        72176 kB
KernelStack:       40624 kB
PageTables:        42424 kB
NFS_Unstable:          0 kB
Bounce:                0 kB
WritebackTmp:          0 kB
CommitLimit:     1815632 kB
Committed_AS:   119250612 kB
VmallocTotal:   251658176 kB
VmallocUsed:      126792 kB
VmallocChunk:   251420580 kB
Time pass: 322 sec

---2015-10-15 22:10:21
MemTotal:        2582696 kB
MemFree:          120612 kB
Buffers:           13428 kB
Cached:           851352 kB
SwapCached:            0 kB
Active:          1146476 kB
Inactive:         581656 kB
Active(anon):     723156 kB
Inactive(anon):   183436 kB
Active(file):     423320 kB
Inactive(file):   398220 kB
Unevictable:        3896 kB
Mlocked:               0 kB
SwapTotal:        524284 kB
SwapFree:         521808 kB
Dirty:               764 kB
Writeback:             0 kB
AnonPages:        867172 kB
Mapped:           506696 kB
Shmem:             39344 kB
Slab:             103852 kB
SReclaimable:      31600 kB
SUnreclaim:        72252 kB
KernelStack:       40464 kB
PageTables:        42428 kB
NFS_Unstable:          0 kB
Bounce:                0 kB
WritebackTmp:          0 kB
CommitLimit:     1815632 kB
Committed_AS:   119250532 kB
VmallocTotal:   251658176 kB
VmallocUsed:      126792 kB
VmallocChunk:   251420580 kB
Time pass: 325 sec

---2015-10-15 22:10:21
MemTotal:        2582696 kB
MemFree:          132944 kB
Buffers:           13428 kB
Cached:           851360 kB
SwapCached:            0 kB
Active:          1134284 kB
Inactive:         581664 kB
Active(anon):     710964 kB
Inactive(anon):   183444 kB
Active(file):     423320 kB
Inactive(file):   398220 kB
Unevictable:        3896 kB
Mlocked:               0 kB
SwapTotal:        524284 kB
SwapFree:         521808 kB
Dirty:               764 kB
Writeback:             0 kB
AnonPages:        854904 kB
Mapped:           506696 kB
Shmem:             39352 kB
Slab:             103608 kB
SReclaimable:      31472 kB
SUnreclaim:        72136 kB
KernelStack:       40336 kB
PageTables:        42484 kB
NFS_Unstable:          0 kB
Bounce:                0 kB
WritebackTmp:          0 kB
CommitLimit:     1815632 kB
Committed_AS:   119250508 kB
VmallocTotal:   251658176 kB
VmallocUsed:      126792 kB
VmallocChunk:   251420580 kB
Time pass: 329 sec

---2015-10-15 22:10:21
MemTotal:        2582696 kB
MemFree:          132788 kB
Buffers:           13428 kB
Cached:           851360 kB
SwapCached:            0 kB
Active:          1134572 kB
Inactive:         581664 kB
Active(anon):     711256 kB
Inactive(anon):   183440 kB
Active(file):     423316 kB
Inactive(file):   398224 kB
Unevictable:        3896 kB
Mlocked:               0 kB
SwapTotal:        524284 kB
SwapFree:         521808 kB
Dirty:               784 kB
Writeback:             0 kB
AnonPages:        855364 kB
Mapped:           506724 kB
Shmem:             39352 kB
Slab:             103756 kB
SReclaimable:      31472 kB
SUnreclaim:        72284 kB
KernelStack:       40448 kB
PageTables:        42452 kB
NFS_Unstable:          0 kB
Bounce:                0 kB
WritebackTmp:          0 kB
CommitLimit:     1815632 kB
Committed_AS:   119250472 kB
VmallocTotal:   251658176 kB
VmallocUsed:      126792 kB
VmallocChunk:   251420580 kB
Time pass: 332 sec

---2015-10-15 22:10:21
MemTotal:        2582696 kB
MemFree:          132580 kB
Buffers:           13428 kB
Cached:           851360 kB
SwapCached:            0 kB
Active:          1134712 kB
Inactive:         581656 kB
Active(anon):     711388 kB
Inactive(anon):   183440 kB
Active(file):     423324 kB
Inactive(file):   398216 kB
Unevictable:        3896 kB
Mlocked:               0 kB
SwapTotal:        524284 kB
SwapFree:         521808 kB
Dirty:               772 kB
Writeback:             0 kB
AnonPages:        855628 kB
Mapped:           506624 kB
Shmem:             39352 kB
Slab:             103736 kB
SReclaimable:      31472 kB
SUnreclaim:        72264 kB
KernelStack:       40224 kB
PageTables:        42448 kB
NFS_Unstable:          0 kB
Bounce:                0 kB
WritebackTmp:          0 kB
CommitLimit:     1815632 kB
Committed_AS:   119250328 kB
VmallocTotal:   251658176 kB
VmallocUsed:      126792 kB
VmallocChunk:   251420580 kB
Time pass: 336 sec

---2015-10-15 22:10:21
MemTotal:        2582696 kB
MemFree:          127056 kB
Buffers:           13428 kB
Cached:           851360 kB
SwapCached:            0 kB
Active:          1139288 kB
Inactive:         581660 kB
Active(anon):     715968 kB
Inactive(anon):   183440 kB
Active(file):     423320 kB
Inactive(file):   398220 kB
Unevictable:        3896 kB
Mlocked:               0 kB
SwapTotal:        524284 kB
SwapFree:         521808 kB
Dirty:               764 kB
Writeback:             0 kB
AnonPages:        860296 kB
Mapped:           511172 kB
Shmem:             39352 kB
Slab:             103780 kB
SReclaimable:      31472 kB
SUnreclaim:        72308 kB
KernelStack:       40272 kB
PageTables:        42676 kB
NFS_Unstable:          0 kB
Bounce:                0 kB
WritebackTmp:          0 kB
CommitLimit:     1815632 kB
Committed_AS:   120492332 kB
VmallocTotal:   251658176 kB
VmallocUsed:      127812 kB
VmallocChunk:   251420580 kB
Time pass: 339 sec

---2015-10-15 22:10:21
MemTotal:        2582696 kB
MemFree:          131072 kB
Buffers:           13428 kB
Cached:           851360 kB
SwapCached:            0 kB
Active:          1135440 kB
Inactive:         581652 kB
Active(anon):     712112 kB
Inactive(anon):   183440 kB
Active(file):     423328 kB
Inactive(file):   398212 kB
Unevictable:        3896 kB
Mlocked:               0 kB
SwapTotal:        524284 kB
SwapFree:         521808 kB
Dirty:               752 kB
Writeback:             0 kB
AnonPages:        856308 kB
Mapped:           506872 kB
Shmem:             39352 kB
Slab:             104008 kB
SReclaimable:      31472 kB
SUnreclaim:        72536 kB
KernelStack:       40256 kB
PageTables:        42480 kB
NFS_Unstable:          0 kB
Bounce:                0 kB
WritebackTmp:          0 kB
CommitLimit:     1815632 kB
Committed_AS:   119250436 kB
VmallocTotal:   251658176 kB
VmallocUsed:      126792 kB
VmallocChunk:   251420580 kB
Time pass: 343 sec

---2015-10-15 22:10:21
MemTotal:        2582696 kB
MemFree:          130708 kB
Buffers:           13428 kB
Cached:           851360 kB
SwapCached:            0 kB
Active:          1136600 kB
Inactive:         581664 kB
Active(anon):     713284 kB
Inactive(anon):   183440 kB
Active(file):     423316 kB
Inactive(file):   398224 kB
Unevictable:        3896 kB
Mlocked:               0 kB
SwapTotal:        524284 kB
SwapFree:         521808 kB
Dirty:               784 kB
Writeback:             0 kB
AnonPages:        857132 kB
Mapped:           506696 kB
Shmem:             39352 kB
Slab:             103928 kB
SReclaimable:      31472 kB
SUnreclaim:        72456 kB
KernelStack:       40208 kB
PageTables:        42484 kB
NFS_Unstable:          0 kB
Bounce:                0 kB
WritebackTmp:          0 kB
CommitLimit:     1815632 kB
Committed_AS:   119250452 kB
VmallocTotal:   251658176 kB
VmallocUsed:      126792 kB
VmallocChunk:   251420580 kB
Time pass: 346 sec

---2015-10-15 22:10:21
MemTotal:        2582696 kB
MemFree:          130464 kB
Buffers:           13428 kB
Cached:           851364 kB
SwapCached:            0 kB
Active:          1137492 kB
Inactive:         581664 kB
Active(anon):     714176 kB
Inactive(anon):   183440 kB
Active(file):     423316 kB
Inactive(file):   398224 kB
Unevictable:        3896 kB
Mlocked:               0 kB
SwapTotal:        524284 kB
SwapFree:         521808 kB
Dirty:               788 kB
Writeback:             0 kB
AnonPages:        858324 kB
Mapped:           506616 kB
Shmem:             39352 kB
Slab:             103656 kB
SReclaimable:      31472 kB
SUnreclaim:        72184 kB
KernelStack:       40240 kB
PageTables:        42456 kB
NFS_Unstable:          0 kB
Bounce:                0 kB
WritebackTmp:          0 kB
CommitLimit:     1815632 kB
Committed_AS:   119250328 kB
VmallocTotal:   251658176 kB
VmallocUsed:      126792 kB
VmallocChunk:   251420580 kB
Time pass: 350 sec

---2015-10-15 22:10:21
MemTotal:        2582696 kB
MemFree:          129184 kB
Buffers:           13428 kB
Cached:           851364 kB
SwapCached:            0 kB
Active:          1138532 kB
Inactive:         581672 kB
Active(anon):     715220 kB
Inactive(anon):   183440 kB
Active(file):     423312 kB
Inactive(file):   398232 kB
Unevictable:        3896 kB
Mlocked:               0 kB
SwapTotal:        524284 kB
SwapFree:         521808 kB
Dirty:               776 kB
Writeback:             0 kB
AnonPages:        859528 kB
Mapped:           506492 kB
Shmem:             39352 kB
Slab:             103812 kB
SReclaimable:      31472 kB
SUnreclaim:        72340 kB
KernelStack:       40464 kB
PageTables:        42368 kB
NFS_Unstable:          0 kB
Bounce:                0 kB
WritebackTmp:          0 kB
CommitLimit:     1815632 kB
Committed_AS:   119250444 kB
VmallocTotal:   251658176 kB
VmallocUsed:      126792 kB
VmallocChunk:   251420580 kB
Time pass: 353 sec

---2015-10-15 22:10:21
MemTotal:        2582696 kB
MemFree:          128368 kB
Buffers:           13436 kB
Cached:           851364 kB
SwapCached:            0 kB
Active:          1138632 kB
Inactive:         581676 kB
Active(anon):     715316 kB
Inactive(anon):   183440 kB
Active(file):     423316 kB
Inactive(file):   398236 kB
Unevictable:        3896 kB
Mlocked:               0 kB
SwapTotal:        524284 kB
SwapFree:         521808 kB
Dirty:               804 kB
Writeback:             0 kB
AnonPages:        859668 kB
Mapped:           506628 kB
Shmem:             39352 kB
Slab:             103800 kB
SReclaimable:      31472 kB
SUnreclaim:        72328 kB
KernelStack:       40224 kB
PageTables:        42452 kB
NFS_Unstable:          0 kB
Bounce:                0 kB
WritebackTmp:          0 kB
CommitLimit:     1815632 kB
Committed_AS:   119250444 kB
VmallocTotal:   251658176 kB
VmallocUsed:      126792 kB
VmallocChunk:   251420580 kB
Time pass: 357 sec

---2015-10-15 22:10:21
MemTotal:        2582696 kB
MemFree:          127204 kB
Buffers:           13436 kB
Cached:           851364 kB
SwapCached:            0 kB
Active:          1139768 kB
Inactive:         581676 kB
Active(anon):     716452 kB
Inactive(anon):   183440 kB
Active(file):     423316 kB
Inactive(file):   398236 kB
Unevictable:        3896 kB
Mlocked:               0 kB
SwapTotal:        524284 kB
SwapFree:         521808 kB
Dirty:               784 kB
Writeback:             0 kB
AnonPages:        860552 kB
Mapped:           506728 kB
Shmem:             39352 kB
Slab:             103748 kB
SReclaimable:      31472 kB
SUnreclaim:        72276 kB
KernelStack:       40384 kB
PageTables:        42464 kB
NFS_Unstable:          0 kB
Bounce:                0 kB
WritebackTmp:          0 kB
CommitLimit:     1815632 kB
Committed_AS:   119250484 kB
VmallocTotal:   251658176 kB
VmallocUsed:      126792 kB
VmallocChunk:   251420580 kB
Time pass: 360 sec

---2015-10-15 22:10:21
MemTotal:        2582696 kB
MemFree:          126192 kB
Buffers:           13436 kB
Cached:           851364 kB
SwapCached:            0 kB
Active:          1140704 kB
Inactive:         581672 kB
Active(anon):     717384 kB
Inactive(anon):   183440 kB
Active(file):     423320 kB
Inactive(file):   398232 kB
Unevictable:        3896 kB
Mlocked:               0 kB
SwapTotal:        524284 kB
SwapFree:         521808 kB
Dirty:               764 kB
Writeback:             0 kB
AnonPages:        861556 kB
Mapped:           506648 kB
Shmem:             39352 kB
Slab:             103824 kB
SReclaimable:      31472 kB
SUnreclaim:        72352 kB
KernelStack:       40240 kB
PageTables:        42456 kB
NFS_Unstable:          0 kB
Bounce:                0 kB
WritebackTmp:          0 kB
CommitLimit:     1815632 kB
Committed_AS:   119250536 kB
VmallocTotal:   251658176 kB
VmallocUsed:      126792 kB
VmallocChunk:   251420580 kB
Time pass: 364 sec

---2015-10-15 22:10:21
MemTotal:        2582696 kB
MemFree:          125900 kB
Buffers:           13436 kB
Cached:           851388 kB
SwapCached:            0 kB
Active:          1141004 kB
Inactive:         581700 kB
Active(anon):     717688 kB
Inactive(anon):   183440 kB
Active(file):     423316 kB
Inactive(file):   398260 kB
Unevictable:        3896 kB
Mlocked:               0 kB
SwapTotal:        524284 kB
SwapFree:         521808 kB
Dirty:               804 kB
Writeback:             0 kB
AnonPages:        861992 kB
Mapped:           506596 kB
Shmem:             39352 kB
Slab:             103752 kB
SReclaimable:      31472 kB
SUnreclaim:        72280 kB
KernelStack:       40592 kB
PageTables:        42400 kB
NFS_Unstable:          0 kB
Bounce:                0 kB
WritebackTmp:          0 kB
CommitLimit:     1815632 kB
Committed_AS:   119250468 kB
VmallocTotal:   251658176 kB
VmallocUsed:      126792 kB
VmallocChunk:   251420580 kB
Time pass: 367 sec

---2015-10-15 22:10:21
MemTotal:        2582696 kB
MemFree:          124972 kB
Buffers:           13436 kB
