---2015-10-15 21:42:55
MemTotal:        1350964 kB
MemFree:           34708 kB
Buffers:            6768 kB
Cached:           673480 kB
SwapCached:            0 kB
Active:           610732 kB
Inactive:         518868 kB
Active(anon):     451520 kB
Inactive(anon):     1152 kB
Active(file):     159212 kB
Inactive(file):   517716 kB
Unevictable:        2124 kB
Mlocked:               0 kB
HighTotal:        802816 kB
HighFree:           1528 kB
LowTotal:         548148 kB
LowFree:           33180 kB
SwapTotal:             0 kB
SwapFree:              0 kB
Dirty:                 0 kB
Writeback:             0 kB
AnonPages:        451588 kB
Mapped:           188220 kB
Shmem:              1196 kB
Slab:              32208 kB
SReclaimable:      11320 kB
SUnreclaim:        20888 kB
KernelStack:        9072 kB
PageTables:        19568 kB
NFS_Unstable:          0 kB
Bounce:                0 kB
WritebackTmp:          0 kB
CommitLimit:      675480 kB
Committed_AS:   48158768 kB
VmallocTotal:     253952 kB
VmallocUsed:       92832 kB
VmallocChunk:      53252 kB
Time pass: 3 sec

---2015-10-15 21:42:55
MemTotal:        1350964 kB
MemFree:           34584 kB
Buffers:            6768 kB
Cached:           673480 kB
SwapCached:            0 kB
Active:           610800 kB
Inactive:         518868 kB
Active(anon):     451588 kB
Inactive(anon):     1152 kB
Active(file):     159212 kB
Inactive(file):   517716 kB
Unevictable:        2124 kB
Mlocked:               0 kB
HighTotal:        802816 kB
HighFree:           1528 kB
LowTotal:         548148 kB
LowFree:           33056 kB
SwapTotal:             0 kB
SwapFree:              0 kB
Dirty:                 0 kB
Writeback:             0 kB
AnonPages:        451656 kB
Mapped:           188372 kB
Shmem:              1196 kB
Slab:              32284 kB
SReclaimable:      11320 kB
SUnreclaim:        20964 kB
KernelStack:        9072 kB
PageTables:        19572 kB
NFS_Unstable:          0 kB
Bounce:                0 kB
WritebackTmp:          0 kB
CommitLimit:      675480 kB
Committed_AS:   48158800 kB
VmallocTotal:     253952 kB
VmallocUsed:       92832 kB
VmallocChunk:      53252 kB
Time pass: 6 sec

---2015-10-15 21:42:55
MemTotal:        1350964 kB
MemFree:           34568 kB
Buffers:            6768 kB
Cached:           673480 kB
SwapCached:            0 kB
Active:           610880 kB
Inactive:         518852 kB
Active(anon):     451652 kB
Inactive(anon):     1152 kB
Active(file):     159228 kB
Inactive(file):   517700 kB
Unevictable:        2124 kB
Mlocked:               0 kB
HighTotal:        802816 kB
HighFree:           1528 kB
LowTotal:         548148 kB
LowFree:           33040 kB
SwapTotal:             0 kB
SwapFree:              0 kB
Dirty:                 0 kB
Writeback:             0 kB
AnonPages:        451748 kB
Mapped:           188328 kB
Shmem:              1196 kB
Slab:              32344 kB
SReclaimable:      11320 kB
SUnreclaim:        21024 kB
KernelStack:        9072 kB
PageTables:        19560 kB
NFS_Unstable:          0 kB
Bounce:                0 kB
WritebackTmp:          0 kB
CommitLimit:      675480 kB
Committed_AS:   48158792 kB
VmallocTotal:     253952 kB
VmallocUsed:       92832 kB
VmallocChunk:      53252 kB
Time pass: 10 sec

---2015-10-15 21:42:55
MemTotal:        1350964 kB
MemFree:           34584 kB
Buffers:            6768 kB
Cached:           673480 kB
SwapCached:            0 kB
Active:           610892 kB
Inactive:         518852 kB
Active(anon):     451664 kB
Inactive(anon):     1152 kB
Active(file):     159228 kB
Inactive(file):   517700 kB
Unevictable:        2124 kB
Mlocked:               0 kB
HighTotal:        802816 kB
HighFree:           1528 kB
LowTotal:         548148 kB
LowFree:           33056 kB
SwapTotal:             0 kB
SwapFree:              0 kB
Dirty:                 0 kB
Writeback:             0 kB
AnonPages:        451724 kB
Mapped:           188376 kB
Shmem:              1196 kB
Slab:              32352 kB
SReclaimable:      11320 kB
SUnreclaim:        21032 kB
KernelStack:        9072 kB
PageTables:        19552 kB
NFS_Unstable:          0 kB
Bounce:                0 kB
WritebackTmp:          0 kB
CommitLimit:      675480 kB
Committed_AS:   48158680 kB
VmallocTotal:     253952 kB
VmallocUsed:       92832 kB
VmallocChunk:      53252 kB
Time pass: 14 sec

---2015-10-15 21:42:55
MemTotal:        1350964 kB
MemFree:           34336 kB
Buffers:            6768 kB
Cached:           673480 kB
SwapCached:            0 kB
Active:           611068 kB
Inactive:         518852 kB
Active(anon):     451840 kB
Inactive(anon):     1152 kB
Active(file):     159228 kB
Inactive(file):   517700 kB
Unevictable:        2124 kB
Mlocked:               0 kB
HighTotal:        802816 kB
HighFree:           1528 kB
LowTotal:         548148 kB
LowFree:           32808 kB
SwapTotal:             0 kB
SwapFree:              0 kB
Dirty:                 0 kB
Writeback:             0 kB
AnonPages:        451824 kB
Mapped:           188372 kB
Shmem:              1196 kB
Slab:              32276 kB
SReclaimable:      11320 kB
SUnreclaim:        20956 kB
KernelStack:        9072 kB
PageTables:        19572 kB
NFS_Unstable:          0 kB
Bounce:                0 kB
WritebackTmp:          0 kB
CommitLimit:      675480 kB
Committed_AS:   48158696 kB
VmallocTotal:     253952 kB
VmallocUsed:       92832 kB
VmallocChunk:      53252 kB
Time pass: 17 sec

---2015-10-15 21:42:55
MemTotal:        1350964 kB
MemFree:           34460 kB
Buffers:            6768 kB
Cached:           673480 kB
SwapCached:            0 kB
Active:           611036 kB
Inactive:         518852 kB
Active(anon):     451808 kB
Inactive(anon):     1152 kB
Active(file):     159228 kB
Inactive(file):   517700 kB
Unevictable:        2124 kB
Mlocked:               0 kB
HighTotal:        802816 kB
HighFree:           1528 kB
LowTotal:         548148 kB
LowFree:           32932 kB
SwapTotal:             0 kB
SwapFree:              0 kB
Dirty:                 0 kB
Writeback:             0 kB
AnonPages:        451868 kB
Mapped:           188372 kB
Shmem:              1196 kB
Slab:              32296 kB
SReclaimable:      11320 kB
SUnreclaim:        20976 kB
KernelStack:        9072 kB
PageTables:        19572 kB
NFS_Unstable:          0 kB
Bounce:                0 kB
WritebackTmp:          0 kB
CommitLimit:      675480 kB
Committed_AS:   48158588 kB
VmallocTotal:     253952 kB
VmallocUsed:       92832 kB
VmallocChunk:      53252 kB
Time pass: 21 sec

---2015-10-15 21:42:55
MemTotal:        1350964 kB
MemFree:           34288 kB
Buffers:            6768 kB
Cached:           673480 kB
SwapCached:            0 kB
Active:           611044 kB
Inactive:         518852 kB
Active(anon):     451816 kB
Inactive(anon):     1152 kB
Active(file):     159228 kB
Inactive(file):   517700 kB
Unevictable:        2124 kB
Mlocked:               0 kB
HighTotal:        802816 kB
HighFree:           1528 kB
LowTotal:         548148 kB
LowFree:           32760 kB
SwapTotal:             0 kB
SwapFree:              0 kB
Dirty:                 0 kB
Writeback:             0 kB
AnonPages:        451764 kB
Mapped:           188372 kB
Shmem:              1196 kB
Slab:              32360 kB
SReclaimable:      11320 kB
SUnreclaim:        21040 kB
KernelStack:        9072 kB
PageTables:        19568 kB
NFS_Unstable:          0 kB
Bounce:                0 kB
WritebackTmp:          0 kB
CommitLimit:      675480 kB
Committed_AS:   48158808 kB
VmallocTotal:     253952 kB
VmallocUsed:       92832 kB
VmallocChunk:      53252 kB
Time pass: 24 sec

---2015-10-15 21:42:55
MemTotal:        1350964 kB
MemFree:           34088 kB
Buffers:            6768 kB
Cached:           673480 kB
SwapCached:            0 kB
Active:           611132 kB
Inactive:         518852 kB
Active(anon):     451904 kB
Inactive(anon):     1152 kB
Active(file):     159228 kB
Inactive(file):   517700 kB
Unevictable:        2124 kB
Mlocked:               0 kB
HighTotal:        802816 kB
HighFree:           1528 kB
LowTotal:         548148 kB
LowFree:           32560 kB
SwapTotal:             0 kB
SwapFree:              0 kB
Dirty:                 0 kB
Writeback:             0 kB
AnonPages:        451860 kB
Mapped:           188224 kB
Shmem:              1196 kB
Slab:              32324 kB
SReclaimable:      11320 kB
SUnreclaim:        21004 kB
KernelStack:        9072 kB
PageTables:        19572 kB
NFS_Unstable:          0 kB
Bounce:                0 kB
WritebackTmp:          0 kB
CommitLimit:      675480 kB
Committed_AS:   48158764 kB
VmallocTotal:     253952 kB
VmallocUsed:       92832 kB
VmallocChunk:      53252 kB
Time pass: 28 sec

---2015-10-15 21:42:55
MemTotal:        1350964 kB
MemFree:           34088 kB
Buffers:            6768 kB
Cached:           673480 kB
SwapCached:            0 kB
Active:           611236 kB
Inactive:         518852 kB
Active(anon):     452008 kB
Inactive(anon):     1152 kB
Active(file):     159228 kB
Inactive(file):   517700 kB
Unevictable:        2124 kB
Mlocked:               0 kB
HighTotal:        802816 kB
HighFree:           1528 kB
LowTotal:         548148 kB
LowFree:           32560 kB
SwapTotal:             0 kB
SwapFree:              0 kB
Dirty:                 0 kB
Writeback:             0 kB
AnonPages:        452060 kB
Mapped:           188372 kB
Shmem:              1196 kB
Slab:              32324 kB
SReclaimable:      11320 kB
SUnreclaim:        21004 kB
KernelStack:        9072 kB
PageTables:        19572 kB
NFS_Unstable:          0 kB
Bounce:                0 kB
WritebackTmp:          0 kB
CommitLimit:      675480 kB
Committed_AS:   48158724 kB
VmallocTotal:     253952 kB
VmallocUsed:       92832 kB
VmallocChunk:      53252 kB
Time pass: 31 sec

---2015-10-15 21:42:55
MemTotal:        1350964 kB
MemFree:           34188 kB
Buffers:            6768 kB
Cached:           673480 kB
SwapCached:            0 kB
Active:           611256 kB
Inactive:         518852 kB
Active(anon):     452028 kB
Inactive(anon):     1152 kB
Active(file):     159228 kB
Inactive(file):   517700 kB
Unevictable:        2124 kB
Mlocked:               0 kB
HighTotal:        802816 kB
HighFree:           1528 kB
LowTotal:         548148 kB
LowFree:           32660 kB
SwapTotal:             0 kB
SwapFree:              0 kB
Dirty:                 0 kB
Writeback:             0 kB
AnonPages:        452100 kB
Mapped:           188372 kB
Shmem:              1196 kB
Slab:              32292 kB
SReclaimable:      11320 kB
SUnreclaim:        20972 kB
KernelStack:        9072 kB
PageTables:        19572 kB
NFS_Unstable:          0 kB
Bounce:                0 kB
WritebackTmp:          0 kB
CommitLimit:      675480 kB
Committed_AS:   48158808 kB
VmallocTotal:     253952 kB
VmallocUsed:       92832 kB
VmallocChunk:      53252 kB
Time pass: 35 sec

---2015-10-15 21:42:55
MemTotal:        1350964 kB
MemFree:           33832 kB
Buffers:            6768 kB
Cached:           673480 kB
SwapCached:            0 kB
Active:           611388 kB
Inactive:         518852 kB
Active(anon):     452160 kB
Inactive(anon):     1152 kB
Active(file):     159228 kB
Inactive(file):   517700 kB
Unevictable:        2124 kB
Mlocked:               0 kB
HighTotal:        802816 kB
HighFree:           1528 kB
LowTotal:         548148 kB
LowFree:           32304 kB
SwapTotal:             0 kB
SwapFree:              0 kB
Dirty:                 0 kB
Writeback:             0 kB
AnonPages:        452172 kB
Mapped:           188368 kB
Shmem:              1196 kB
Slab:              32304 kB
SReclaimable:      11328 kB
SUnreclaim:        20976 kB
KernelStack:        9072 kB
PageTables:        19572 kB
NFS_Unstable:          0 kB
Bounce:                0 kB
WritebackTmp:          0 kB
CommitLimit:      675480 kB
Committed_AS:   48158780 kB
VmallocTotal:     253952 kB
VmallocUsed:       92832 kB
VmallocChunk:      53252 kB
Time pass: 38 sec

---2015-10-15 21:42:55
MemTotal:        1350964 kB
MemFree:           33956 kB
Buffers:            6768 kB
Cached:           673480 kB
SwapCached:            0 kB
Active:           611364 kB
Inactive:         518852 kB
Active(anon):     452136 kB
Inactive(anon):     1152 kB
Active(file):     159228 kB
Inactive(file):   517700 kB
Unevictable:        2124 kB
Mlocked:               0 kB
HighTotal:        802816 kB
HighFree:           1528 kB
LowTotal:         548148 kB
LowFree:           32428 kB
SwapTotal:             0 kB
SwapFree:              0 kB
Dirty:                 0 kB
Writeback:             0 kB
AnonPages:        452220 kB
Mapped:           188372 kB
Shmem:              1196 kB
Slab:              32312 kB
SReclaimable:      11328 kB
SUnreclaim:        20984 kB
KernelStack:        9072 kB
PageTables:        19572 kB
NFS_Unstable:          0 kB
Bounce:                0 kB
WritebackTmp:          0 kB
CommitLimit:      675480 kB
Committed_AS:   48158808 kB
VmallocTotal:     253952 kB
VmallocUsed:       92832 kB
VmallocChunk:      53252 kB
Time pass: 42 sec

---2015-10-15 21:42:55
MemTotal:        1350964 kB
MemFree:           33868 kB
Buffers:            6768 kB
Cached:           673480 kB
SwapCached:            0 kB
Active:           611504 kB
Inactive:         518852 kB
Active(anon):     452276 kB
Inactive(anon):     1152 kB
Active(file):     159228 kB
Inactive(file):   517700 kB
Unevictable:        2124 kB
Mlocked:               0 kB
HighTotal:        802816 kB
HighFree:           1528 kB
LowTotal:         548148 kB
LowFree:           32340 kB
SwapTotal:             0 kB
SwapFree:              0 kB
Dirty:                 0 kB
Writeback:             0 kB
AnonPages:        452112 kB
Mapped:           188212 kB
Shmem:              1196 kB
Slab:              32308 kB
SReclaimable:      11328 kB
SUnreclaim:        20980 kB
KernelStack:        9104 kB
PageTables:        19616 kB
NFS_Unstable:          0 kB
Bounce:                0 kB
WritebackTmp:          0 kB
CommitLimit:      675480 kB
Committed_AS:   48158684 kB
VmallocTotal:     253952 kB
VmallocUsed:       92832 kB
VmallocChunk:      53252 kB
Time pass: 45 sec

---2015-10-15 21:42:55
MemTotal:        1350964 kB
MemFree:           33600 kB
Buffers:            6768 kB
Cached:           673480 kB
SwapCached:            0 kB
Active:           611512 kB
Inactive:         518852 kB
Active(anon):     452284 kB
Inactive(anon):     1152 kB
Active(file):     159228 kB
Inactive(file):   517700 kB
Unevictable:        2124 kB
Mlocked:               0 kB
HighTotal:        802816 kB
HighFree:           1528 kB
LowTotal:         548148 kB
LowFree:           32072 kB
SwapTotal:             0 kB
SwapFree:              0 kB
Dirty:                 0 kB
Writeback:             0 kB
AnonPages:        452260 kB
Mapped:           188324 kB
Shmem:              1196 kB
Slab:              32296 kB
SReclaimable:      11328 kB
SUnreclaim:        20968 kB
KernelStack:        9072 kB
PageTables:        19556 kB
NFS_Unstable:          0 kB
Bounce:                0 kB
WritebackTmp:          0 kB
CommitLimit:      675480 kB
Committed_AS:   48158776 kB
VmallocTotal:     253952 kB
VmallocUsed:       92832 kB
VmallocChunk:      53252 kB
Time pass: 49 sec

---2015-10-15 21:42:55
MemTotal:        1350964 kB
MemFree:           33684 kB
Buffers:            6768 kB
Cached:           673480 kB
SwapCached:            0 kB
Active:           611564 kB
Inactive:         518852 kB
Active(anon):     452336 kB
Inactive(anon):     1152 kB
Active(file):     159228 kB
Inactive(file):   517700 kB
Unevictable:        2124 kB
Mlocked:               0 kB
HighTotal:        802816 kB
HighFree:           1528 kB
LowTotal:         548148 kB
LowFree:           32156 kB
SwapTotal:             0 kB
SwapFree:              0 kB
Dirty:                 0 kB
Writeback:             0 kB
AnonPages:        452408 kB
Mapped:           188372 kB
Shmem:              1196 kB
Slab:              32316 kB
SReclaimable:      11328 kB
SUnreclaim:        20988 kB
KernelStack:        9072 kB
PageTables:        19572 kB
NFS_Unstable:          0 kB
Bounce:                0 kB
WritebackTmp:          0 kB
CommitLimit:      675480 kB
Committed_AS:   48158684 kB
VmallocTotal:     253952 kB
VmallocUsed:       92832 kB
VmallocChunk:      53252 kB
Time pass: 52 sec

---2015-10-15 21:42:55
MemTotal:        1350964 kB
MemFree:           33336 kB
Buffers:            6768 kB
Cached:           673480 kB
SwapCached:            0 kB
Active:           611636 kB
Inactive:         518852 kB
Active(anon):     452408 kB
Inactive(anon):     1152 kB
Active(file):     159228 kB
Inactive(file):   517700 kB
Unevictable:        2124 kB
Mlocked:               0 kB
HighTotal:        802816 kB
HighFree:           1528 kB
LowTotal:         548148 kB
LowFree:           31808 kB
SwapTotal:             0 kB
SwapFree:              0 kB
Dirty:                 0 kB
Writeback:             0 kB
AnonPages:        452400 kB
Mapped:           188216 kB
Shmem:              1196 kB
Slab:              32352 kB
SReclaimable:      11328 kB
SUnreclaim:        21024 kB
KernelStack:        9072 kB
PageTables:        19544 kB
NFS_Unstable:          0 kB
Bounce:                0 kB
WritebackTmp:          0 kB
CommitLimit:      675480 kB
Committed_AS:   48158792 kB
VmallocTotal:     253952 kB
VmallocUsed:       92832 kB
VmallocChunk:      53252 kB
Time pass: 56 sec

---2015-10-15 21:42:55
MemTotal:        1350964 kB
MemFree:           33444 kB
Buffers:            6768 kB
Cached:           673480 kB
SwapCached:            0 kB
Active:           611612 kB
Inactive:         518852 kB
Active(anon):     452384 kB
Inactive(anon):     1152 kB
Active(file):     159228 kB
Inactive(file):   517700 kB
Unevictable:        2124 kB
Mlocked:               0 kB
HighTotal:        802816 kB
HighFree:           1528 kB
LowTotal:         548148 kB
LowFree:           31916 kB
SwapTotal:             0 kB
SwapFree:              0 kB
Dirty:                 0 kB
Writeback:             0 kB
AnonPages:        452560 kB
Mapped:           188372 kB
Shmem:              1196 kB
Slab:              32340 kB
SReclaimable:      11328 kB
SUnreclaim:        21012 kB
KernelStack:        9056 kB
PageTables:        19552 kB
NFS_Unstable:          0 kB
Bounce:                0 kB
WritebackTmp:          0 kB
CommitLimit:      675480 kB
Committed_AS:   48158768 kB
VmallocTotal:     253952 kB
VmallocUsed:       92832 kB
VmallocChunk:      53252 kB
Time pass: 59 sec

---2015-10-15 21:42:55
MemTotal:        1350964 kB
MemFree:           33352 kB
Buffers:            6768 kB
Cached:           673480 kB
SwapCached:            0 kB
Active:           611848 kB
Inactive:         518852 kB
Active(anon):     452620 kB
Inactive(anon):     1152 kB
Active(file):     159228 kB
Inactive(file):   517700 kB
Unevictable:        2124 kB
Mlocked:               0 kB
HighTotal:        802816 kB
HighFree:           1652 kB
LowTotal:         548148 kB
LowFree:           31700 kB
SwapTotal:             0 kB
SwapFree:              0 kB
Dirty:                 0 kB
Writeback:             0 kB
AnonPages:        452604 kB
Mapped:           188324 kB
Shmem:              1196 kB
Slab:              32316 kB
SReclaimable:      11328 kB
SUnreclaim:        20988 kB
KernelStack:        9072 kB
PageTables:        19556 kB
NFS_Unstable:          0 kB
Bounce:                0 kB
WritebackTmp:          0 kB
CommitLimit:      675480 kB
Committed_AS:   48158816 kB
VmallocTotal:     253952 kB
VmallocUsed:       92832 kB
VmallocChunk:      53252 kB
Time pass: 63 sec

---2015-10-15 21:42:55
MemTotal:        1350964 kB
MemFree:           34208 kB
Buffers:            6768 kB
Cached:           673480 kB
SwapCached:            0 kB
Active:           610724 kB
Inactive:         518852 kB
Active(anon):     451496 kB
Inactive(anon):     1152 kB
Active(file):     159228 kB
Inactive(file):   517700 kB
Unevictable:        2124 kB
Mlocked:               0 kB
HighTotal:        802816 kB
HighFree:           1900 kB
LowTotal:         548148 kB
LowFree:           32308 kB
SwapTotal:             0 kB
SwapFree:              0 kB
Dirty:                 0 kB
Writeback:             0 kB
AnonPages:        451388 kB
Mapped:           188372 kB
Shmem:              1196 kB
Slab:              32340 kB
SReclaimable:      11328 kB
SUnreclaim:        21012 kB
KernelStack:        9072 kB
PageTables:        19568 kB
NFS_Unstable:          0 kB
Bounce:                0 kB
WritebackTmp:          0 kB
CommitLimit:      675480 kB
Committed_AS:   48158620 kB
VmallocTotal:     253952 kB
VmallocUsed:       92832 kB
VmallocChunk:      53252 kB
Time pass: 66 sec

---2015-10-15 21:42:55
MemTotal:        1350964 kB
MemFree:           33832 kB
Buffers:            6768 kB
Cached:           673480 kB
SwapCached:            0 kB
Active:           610700 kB
Inactive:         518852 kB
Active(anon):     451472 kB
Inactive(anon):     1152 kB
Active(file):     159228 kB
Inactive(file):   517700 kB
Unevictable:        2124 kB
Mlocked:               0 kB
HighTotal:        802816 kB
HighFree:           1776 kB
LowTotal:         548148 kB
LowFree:           32056 kB
SwapTotal:             0 kB
SwapFree:              0 kB
Dirty:                 0 kB
Writeback:             0 kB
AnonPages:        451436 kB
Mapped:           188224 kB
Shmem:              1196 kB
Slab:              32304 kB
SReclaimable:      11328 kB
SUnreclaim:        20976 kB
KernelStack:        9072 kB
PageTables:        19568 kB
NFS_Unstable:          0 kB
Bounce:                0 kB
WritebackTmp:          0 kB
CommitLimit:      675480 kB
Committed_AS:   48158676 kB
VmallocTotal:     253952 kB
VmallocUsed:       92832 kB
VmallocChunk:      53252 kB
Time pass: 70 sec

---2015-10-15 21:42:55
MemTotal:        1350964 kB
MemFree:           33692 kB
Buffers:            6768 kB
Cached:           673480 kB
SwapCached:            0 kB
Active:           610744 kB
Inactive:         518852 kB
Active(anon):     451516 kB
Inactive(anon):     1152 kB
Active(file):     159228 kB
Inactive(file):   517700 kB
Unevictable:        2124 kB
Mlocked:               0 kB
HighTotal:        802816 kB
HighFree:           1776 kB
LowTotal:         548148 kB
LowFree:           31916 kB
SwapTotal:             0 kB
SwapFree:              0 kB
Dirty:                 0 kB
Writeback:             0 kB
AnonPages:        451612 kB
Mapped:           188372 kB
Shmem:              1196 kB
Slab:              32332 kB
SReclaimable:      11328 kB
SUnreclaim:        21004 kB
KernelStack:        9064 kB
PageTables:        19572 kB
NFS_Unstable:          0 kB
Bounce:                0 kB
WritebackTmp:          0 kB
CommitLimit:      675480 kB
Committed_AS:   48158712 kB
VmallocTotal:     253952 kB
VmallocUsed:       92832 kB
VmallocChunk:      53252 kB
Time pass: 73 sec

---2015-10-15 21:42:55
MemTotal:        1350964 kB
MemFree:           33584 kB
Buffers:            6768 kB
Cached:           673480 kB
SwapCached:            0 kB
Active:           610780 kB
Inactive:         518852 kB
Active(anon):     451552 kB
Inactive(anon):     1152 kB
Active(file):     159228 kB
Inactive(file):   517700 kB
Unevictable:        2124 kB
Mlocked:               0 kB
HighTotal:        802816 kB
HighFree:           1528 kB
LowTotal:         548148 kB
LowFree:           32056 kB
SwapTotal:             0 kB
SwapFree:              0 kB
Dirty:                 0 kB
Writeback:             0 kB
AnonPages:        451664 kB
Mapped:           188372 kB
Shmem:              1196 kB
Slab:              32424 kB
SReclaimable:      11336 kB
SUnreclaim:        21088 kB
KernelStack:        9064 kB
PageTables:        19568 kB
NFS_Unstable:          0 kB
Bounce:                0 kB
WritebackTmp:          0 kB
CommitLimit:      675480 kB
Committed_AS:   48158776 kB
VmallocTotal:     253952 kB
VmallocUsed:       92832 kB
VmallocChunk:      53252 kB
Time pass: 77 sec

---2015-10-15 21:42:55
MemTotal:        1350964 kB
MemFree:           32796 kB
Buffers:            6760 kB
Cached:           688428 kB
SwapCached:            0 kB
Active:           620012 kB
Inactive:         531356 kB
Active(anon):     458584 kB
Inactive(anon):     1152 kB
Active(file):     161428 kB
Inactive(file):   530204 kB
Unevictable:        2124 kB
Mlocked:               0 kB
HighTotal:        802816 kB
HighFree:           2812 kB
LowTotal:         548148 kB
LowFree:           29984 kB
SwapTotal:             0 kB
SwapFree:              0 kB
Dirty:                 4 kB
Writeback:             0 kB
AnonPages:        458748 kB
Mapped:           202240 kB
Shmem:              1196 kB
Slab:              32364 kB
SReclaimable:      11344 kB
SUnreclaim:        21020 kB
KernelStack:        9144 kB
PageTables:        19832 kB
NFS_Unstable:          0 kB
Bounce:                0 kB
WritebackTmp:          0 kB
CommitLimit:      675480 kB
Committed_AS:   48961472 kB
VmallocTotal:     253952 kB
VmallocUsed:       94192 kB
VmallocChunk:      53252 kB
Time pass: 80 sec

---2015-10-15 21:42:55
MemTotal:        1350964 kB
MemFree:           31024 kB
Buffers:            6360 kB
Cached:           617688 kB
SwapCached:            0 kB
Active:           651368 kB
Inactive:         454096 kB
Active(anon):     484064 kB
Inactive(anon):     1252 kB
Active(file):     167304 kB
Inactive(file):   452844 kB
Unevictable:        2124 kB
Mlocked:               0 kB
HighTotal:        802816 kB
HighFree:           2636 kB
LowTotal:         548148 kB
LowFree:           28388 kB
SwapTotal:             0 kB
SwapFree:              0 kB
Dirty:               956 kB
Writeback:             0 kB
AnonPages:        484176 kB
Mapped:           210080 kB
Shmem:              1344 kB
Slab:              32684 kB
SReclaimable:      11444 kB
SUnreclaim:        21240 kB
KernelStack:        9352 kB
PageTables:        20176 kB
NFS_Unstable:          0 kB
Bounce:                0 kB
WritebackTmp:          0 kB
CommitLimit:      675480 kB
Committed_AS:   49119056 kB
VmallocTotal:     253952 kB
VmallocUsed:       95432 kB
VmallocChunk:      53252 kB
Time pass: 84 sec

---2015-10-15 21:42:55
MemTotal:        1350964 kB
MemFree:           32396 kB
Buffers:            5856 kB
Cached:           595588 kB
SwapCached:            0 kB
Active:           661264 kB
Inactive:         429812 kB
Active(anon):     491800 kB
Inactive(anon):     1280 kB
Active(file):     169464 kB
Inactive(file):   428532 kB
Unevictable:        2124 kB
Mlocked:               0 kB
HighTotal:        802816 kB
HighFree:           2520 kB
LowTotal:         548148 kB
LowFree:           29876 kB
SwapTotal:             0 kB
SwapFree:              0 kB
Dirty:               476 kB
Writeback:             0 kB
AnonPages:        491820 kB
Mapped:           212076 kB
Shmem:              1324 kB
Slab:              32780 kB
SReclaimable:      11500 kB
SUnreclaim:        21280 kB
KernelStack:        9544 kB
PageTables:        20340 kB
NFS_Unstable:          0 kB
Bounce:                0 kB
WritebackTmp:          0 kB
CommitLimit:      675480 kB
Committed_AS:   49139964 kB
VmallocTotal:     253952 kB
VmallocUsed:       95432 kB
VmallocChunk:      53252 kB
Time pass: 87 sec

---2015-10-15 21:42:55
MemTotal:        1350964 kB
MemFree:           32820 kB
Buffers:            5820 kB
Cached:           586176 kB
SwapCached:            0 kB
Active:           661620 kB
Inactive:         420352 kB
Active(anon):     492144 kB
Inactive(anon):     1280 kB
Active(file):     169476 kB
Inactive(file):   419072 kB
Unevictable:        2124 kB
Mlocked:               0 kB
HighTotal:        802816 kB
HighFree:           2148 kB
LowTotal:         548148 kB
LowFree:           30672 kB
SwapTotal:             0 kB
SwapFree:              0 kB
Dirty:               224 kB
Writeback:             0 kB
AnonPages:        492068 kB
Mapped:           212060 kB
Shmem:              1324 kB
Slab:              32800 kB
SReclaimable:      11512 kB
SUnreclaim:        21288 kB
KernelStack:        9544 kB
PageTables:        20364 kB
NFS_Unstable:          0 kB
Bounce:                0 kB
WritebackTmp:          0 kB
CommitLimit:      675480 kB
Committed_AS:   49149308 kB
VmallocTotal:     253952 kB
VmallocUsed:       95432 kB
VmallocChunk:      53252 kB
Time pass: 90 sec

---2015-10-15 21:42:55
MemTotal:        1350964 kB
MemFree:           32592 kB
Buffers:            5820 kB
Cached:           586176 kB
SwapCached:            0 kB
Active:           661432 kB
Inactive:         420352 kB
Active(anon):     491956 kB
Inactive(anon):     1280 kB
Active(file):     169476 kB
Inactive(file):   419072 kB
Unevictable:        2124 kB
Mlocked:               0 kB
HighTotal:        802816 kB
HighFree:           1900 kB
LowTotal:         548148 kB
LowFree:           30692 kB
SwapTotal:             0 kB
SwapFree:              0 kB
Dirty:               184 kB
Writeback:             0 kB
AnonPages:        491876 kB
Mapped:           212212 kB
Shmem:              1324 kB
Slab:              32764 kB
SReclaimable:      11512 kB
SUnreclaim:        21252 kB
KernelStack:        9544 kB
PageTables:        20364 kB
NFS_Unstable:          0 kB
Bounce:                0 kB
WritebackTmp:          0 kB
CommitLimit:      675480 kB
Committed_AS:   49149252 kB
VmallocTotal:     253952 kB
VmallocUsed:       95432 kB
VmallocChunk:      53252 kB
Time pass: 94 sec

---2015-10-15 21:42:55
MemTotal:        1350964 kB
MemFree:           33336 kB
Buffers:            5828 kB
Cached:           553480 kB
SwapCached:            0 kB
Active:           673640 kB
Inactive:         387468 kB
Active(anon):     504060 kB
Inactive(anon):     1280 kB
Active(file):     169580 kB
Inactive(file):   386188 kB
Unevictable:        2124 kB
Mlocked:               0 kB
HighTotal:        802816 kB
HighFree:           2708 kB
LowTotal:         548148 kB
LowFree:           30628 kB
SwapTotal:             0 kB
SwapFree:              0 kB
Dirty:                48 kB
Writeback:             0 kB
AnonPages:        504136 kB
Mapped:           212464 kB
Shmem:              1324 kB
Slab:              32776 kB
SReclaimable:      11524 kB
SUnreclaim:        21252 kB
KernelStack:        9560 kB
PageTables:        20568 kB
NFS_Unstable:          0 kB
Bounce:                0 kB
WritebackTmp:          0 kB
CommitLimit:      675480 kB
Committed_AS:   49249188 kB
VmallocTotal:     253952 kB
VmallocUsed:       95884 kB
VmallocChunk:      53252 kB
Time pass: 97 sec

---2015-10-15 21:42:55
MemTotal:        1350964 kB
MemFree:           44100 kB
Buffers:            5836 kB
Cached:           553484 kB
SwapCached:            0 kB
Active:           674148 kB
Inactive:         387560 kB
Active(anon):     504556 kB
Inactive(anon):     1280 kB
Active(file):     169592 kB
Inactive(file):   386280 kB
Unevictable:        2124 kB
Mlocked:               0 kB
HighTotal:        802816 kB
HighFree:           8844 kB
LowTotal:         548148 kB
LowFree:           35256 kB
SwapTotal:             0 kB
SwapFree:              0 kB
Dirty:                 0 kB
Writeback:             0 kB
AnonPages:        504544 kB
Mapped:           212640 kB
Shmem:              1324 kB
Slab:              32796 kB
SReclaimable:      11524 kB
SUnreclaim:        21272 kB
KernelStack:        9560 kB
PageTables:        20544 kB
NFS_Unstable:          0 kB
Bounce:                0 kB
WritebackTmp:          0 kB
CommitLimit:      675480 kB
Committed_AS:   49232268 kB
VmallocTotal:     253952 kB
VmallocUsed:       95984 kB
VmallocChunk:      53252 kB
Time pass: 101 sec

---2015-10-15 21:42:55
MemTotal:        1350964 kB
MemFree:           34748 kB
Buffers:            5844 kB
Cached:           554420 kB
SwapCached:            0 kB
Active:           687028 kB
Inactive:         388160 kB
Active(anon):     517316 kB
Inactive(anon):     1284 kB
Active(file):     169712 kB
Inactive(file):   386876 kB
Unevictable:        2124 kB
Mlocked:               0 kB
HighTotal:        802816 kB
HighFree:           1604 kB
LowTotal:         548148 kB
LowFree:           33144 kB
SwapTotal:             0 kB
SwapFree:              0 kB
Dirty:               192 kB
Writeback:             0 kB
AnonPages:        517480 kB
Mapped:           213888 kB
Shmem:              1328 kB
Slab:              33068 kB
SReclaimable:      11544 kB
SUnreclaim:        21524 kB
KernelStack:        9624 kB
PageTables:        20568 kB
NFS_Unstable:          0 kB
Bounce:                0 kB
WritebackTmp:          0 kB
CommitLimit:      675480 kB
Committed_AS:   49236412 kB
VmallocTotal:     253952 kB
VmallocUsed:       95984 kB
VmallocChunk:      53252 kB
Time pass: 105 sec

---2015-10-15 21:42:55
MemTotal:        1350964 kB
MemFree:           33476 kB
Buffers:            5976 kB
Cached:           525932 kB
SwapCached:            0 kB
Active:           692632 kB
Inactive:         359340 kB
Active(anon):     522096 kB
Inactive(anon):     1276 kB
Active(file):     170536 kB
Inactive(file):   358064 kB
Unevictable:        2124 kB
Mlocked:               0 kB
HighTotal:        802816 kB
HighFree:           2584 kB
LowTotal:         548148 kB
LowFree:           30892 kB
SwapTotal:             0 kB
SwapFree:              0 kB
Dirty:              4044 kB
Writeback:             0 kB
AnonPages:        522048 kB
Mapped:           214152 kB
Shmem:              1320 kB
Slab:              33124 kB
SReclaimable:      11616 kB
SUnreclaim:        21508 kB
KernelStack:        9640 kB
PageTables:        20628 kB
NFS_Unstable:          0 kB
Bounce:                0 kB
WritebackTmp:          0 kB
CommitLimit:      675480 kB
Committed_AS:   49265260 kB
VmallocTotal:     253952 kB
VmallocUsed:       95984 kB
VmallocChunk:      53252 kB
Time pass: 109 sec

---2015-10-15 21:42:55
MemTotal:        1350964 kB
MemFree:           33116 kB
Buffers:            5920 kB
Cached:           523468 kB
SwapCached:            0 kB
Active:           692164 kB
Inactive:         356580 kB
Active(anon):     521532 kB
Inactive(anon):     1276 kB
Active(file):     170632 kB
Inactive(file):   355304 kB
Unevictable:        2124 kB
Mlocked:               0 kB
HighTotal:        802816 kB
HighFree:           2892 kB
LowTotal:         548148 kB
LowFree:           30224 kB
SwapTotal:             0 kB
SwapFree:              0 kB
Dirty:               108 kB
Writeback:             0 kB
AnonPages:        521416 kB
Mapped:           214308 kB
Shmem:              1320 kB
Slab:              33068 kB
SReclaimable:      11640 kB
SUnreclaim:        21428 kB
KernelStack:        9640 kB
PageTables:        20652 kB
NFS_Unstable:          0 kB
Bounce:                0 kB
WritebackTmp:          0 kB
CommitLimit:      675480 kB
Committed_AS:   49267892 kB
VmallocTotal:     253952 kB
VmallocUsed:       95984 kB
VmallocChunk:      53252 kB
Time pass: 112 sec

---2015-10-15 21:42:55
MemTotal:        1350964 kB
MemFree:           31192 kB
Buffers:            6012 kB
Cached:           523476 kB
SwapCached:            0 kB
Active:           693088 kB
Inactive:         356588 kB
Active(anon):     522392 kB
Inactive(anon):     1276 kB
Active(file):     170696 kB
Inactive(file):   355312 kB
Unevictable:        2124 kB
Mlocked:               0 kB
HighTotal:        802816 kB
HighFree:           2520 kB
LowTotal:         548148 kB
LowFree:           28672 kB
SwapTotal:             0 kB
SwapFree:              0 kB
Dirty:               252 kB
Writeback:             0 kB
AnonPages:        522428 kB
Mapped:           214316 kB
Shmem:              1320 kB
Slab:              33148 kB
SReclaimable:      11640 kB
SUnreclaim:        21508 kB
KernelStack:        9640 kB
PageTables:        20648 kB
NFS_Unstable:          0 kB
Bounce:                0 kB
WritebackTmp:          0 kB
CommitLimit:      675480 kB
Committed_AS:   49269500 kB
VmallocTotal:     253952 kB
VmallocUsed:       95984 kB
VmallocChunk:      53252 kB
Time pass: 115 sec

---2015-10-15 21:42:55
MemTotal:        1350964 kB
MemFree:           30400 kB
Buffers:            6020 kB
Cached:           523476 kB
SwapCached:            0 kB
Active:           693200 kB
Inactive:         356568 kB
Active(anon):     522448 kB
Inactive(anon):     1276 kB
Active(file):     170752 kB
Inactive(file):   355292 kB
Unevictable:        2124 kB
Mlocked:               0 kB
HighTotal:        802816 kB
HighFree:           1876 kB
LowTotal:         548148 kB
LowFree:           28524 kB
SwapTotal:             0 kB
SwapFree:              0 kB
Dirty:               208 kB
Writeback:             0 kB
AnonPages:        522368 kB
Mapped:           214164 kB
Shmem:              1320 kB
Slab:              33184 kB
SReclaimable:      11640 kB
SUnreclaim:        21544 kB
KernelStack:        9640 kB
PageTables:        20644 kB
NFS_Unstable:          0 kB
Bounce:                0 kB
WritebackTmp:          0 kB
CommitLimit:      675480 kB
Committed_AS:   49269396 kB
VmallocTotal:     253952 kB
VmallocUsed:       95984 kB
VmallocChunk:      53252 kB
Time pass: 119 sec

---2015-10-15 21:42:55
MemTotal:        1350964 kB
MemFree:           33840 kB
Buffers:            5992 kB
Cached:           509320 kB
SwapCached:            0 kB
Active:           697452 kB
Inactive:         341544 kB
Active(anon):     525852 kB
Inactive(anon):     1276 kB
Active(file):     171600 kB
Inactive(file):   340268 kB
Unevictable:        2124 kB
Mlocked:               0 kB
HighTotal:        802816 kB
HighFree:           4752 kB
LowTotal:         548148 kB
LowFree:           29088 kB
SwapTotal:             0 kB
SwapFree:              0 kB
Dirty:               508 kB
Writeback:             0 kB
AnonPages:        525876 kB
Mapped:           214696 kB
Shmem:              1320 kB
Slab:              33320 kB
SReclaimable:      11700 kB
SUnreclaim:        21620 kB
KernelStack:        9640 kB
PageTables:        20664 kB
NFS_Unstable:          0 kB
Bounce:                0 kB
WritebackTmp:          0 kB
CommitLimit:      675480 kB
Committed_AS:   49279408 kB
VmallocTotal:     253952 kB
VmallocUsed:       95984 kB
VmallocChunk:      53252 kB
Time pass: 123 sec

---2015-10-15 21:42:55
MemTotal:        1350964 kB
MemFree:           32840 kB
Buffers:            6000 kB
Cached:           500432 kB
SwapCached:            0 kB
Active:           704392 kB
Inactive:         332548 kB
Active(anon):     532680 kB
Inactive(anon):     1384 kB
Active(file):     171712 kB
Inactive(file):   331164 kB
Unevictable:        2124 kB
Mlocked:               0 kB
HighTotal:        802816 kB
HighFree:           3512 kB
LowTotal:         548148 kB
LowFree:           29328 kB
SwapTotal:             0 kB
SwapFree:              0 kB
Dirty:               152 kB
Writeback:             0 kB
AnonPages:        532692 kB
Mapped:           218148 kB
Shmem:              1432 kB
Slab:              33448 kB
SReclaimable:      11628 kB
SUnreclaim:        21820 kB
KernelStack:        9832 kB
PageTables:        20820 kB
NFS_Unstable:          0 kB
Bounce:                0 kB
WritebackTmp:          0 kB
CommitLimit:      675480 kB
Committed_AS:   49302336 kB
VmallocTotal:     253952 kB
VmallocUsed:       96760 kB
VmallocChunk:      53252 kB
Time pass: 126 sec

---2015-10-15 21:42:55
MemTotal:        1350964 kB
MemFree:           32020 kB
Buffers:            6008 kB
Cached:           498872 kB
SwapCached:            0 kB
Active:           705772 kB
Inactive:         330984 kB
Active(anon):     534048 kB
Inactive(anon):     1428 kB
Active(file):     171724 kB
Inactive(file):   329556 kB
Unevictable:        2124 kB
Mlocked:               0 kB
HighTotal:        802816 kB
HighFree:           3364 kB
LowTotal:         548148 kB
LowFree:           28656 kB
SwapTotal:             0 kB
SwapFree:              0 kB
Dirty:                76 kB
Writeback:             0 kB
AnonPages:        534028 kB
Mapped:           218160 kB
Shmem:              1476 kB
Slab:              33480 kB
SReclaimable:      11628 kB
SUnreclaim:        21852 kB
KernelStack:        9864 kB
PageTables:        20784 kB
NFS_Unstable:          0 kB
Bounce:                0 kB
WritebackTmp:          0 kB
CommitLimit:      675480 kB
Committed_AS:   49305228 kB
VmallocTotal:     253952 kB
VmallocUsed:       97072 kB
VmallocChunk:      53252 kB
Time pass: 130 sec

---2015-10-15 21:42:55
MemTotal:        1350964 kB
MemFree:           31676 kB
Buffers:            6008 kB
Cached:           497708 kB
SwapCached:            0 kB
Active:           706344 kB
Inactive:         329696 kB
Active(anon):     534620 kB
Inactive(anon):     1492 kB
Active(file):     171724 kB
Inactive(file):   328204 kB
Unevictable:        2124 kB
Mlocked:               0 kB
HighTotal:        802816 kB
HighFree:           2604 kB
LowTotal:         548148 kB
LowFree:           29072 kB
SwapTotal:             0 kB
SwapFree:              0 kB
Dirty:                 8 kB
Writeback:             0 kB
AnonPages:        534576 kB
Mapped:           218592 kB
Shmem:              1564 kB
Slab:              33480 kB
SReclaimable:      11632 kB
SUnreclaim:        21848 kB
KernelStack:        9848 kB
PageTables:        20884 kB
NFS_Unstable:          0 kB
Bounce:                0 kB
WritebackTmp:          0 kB
CommitLimit:      675480 kB
Committed_AS:   49306308 kB
VmallocTotal:     253952 kB
VmallocUsed:       97096 kB
VmallocChunk:      53252 kB
Time pass: 133 sec

---2015-10-15 21:42:55
MemTotal:        1350964 kB
MemFree:          182644 kB
Buffers:            5916 kB
Cached:           491296 kB
SwapCached:            0 kB
Active:           649920 kB
Inactive:         322908 kB
Active(anon):     477784 kB
Inactive(anon):     1148 kB
Active(file):     172136 kB
Inactive(file):   321760 kB
Unevictable:        2124 kB
Mlocked:               0 kB
HighTotal:        802816 kB
HighFree:          97380 kB
LowTotal:         548148 kB
LowFree:           85264 kB
SwapTotal:             0 kB
SwapFree:              0 kB
Dirty:               164 kB
Writeback:             0 kB
AnonPages:        477772 kB
Mapped:           190824 kB
Shmem:              1192 kB
Slab:              33324 kB
SReclaimable:      11636 kB
SUnreclaim:        21688 kB
KernelStack:        9112 kB
PageTables:        19764 kB
NFS_Unstable:          0 kB
Bounce:                0 kB
WritebackTmp:          0 kB
CommitLimit:      675480 kB
Committed_AS:   48242756 kB
VmallocTotal:     253952 kB
VmallocUsed:       94664 kB
VmallocChunk:      53252 kB
Time pass: 137 sec

---2015-10-15 21:42:55
MemTotal:        1350964 kB
MemFree:          182324 kB
Buffers:            5924 kB
Cached:           491296 kB
SwapCached:            0 kB
Active:           649944 kB
Inactive:         322908 kB
Active(anon):     477808 kB
Inactive(anon):     1148 kB
Active(file):     172136 kB
Inactive(file):   321760 kB
Unevictable:        2124 kB
Mlocked:               0 kB
HighTotal:        802816 kB
HighFree:          97132 kB
LowTotal:         548148 kB
LowFree:           85192 kB
SwapTotal:             0 kB
SwapFree:              0 kB
Dirty:                24 kB
Writeback:             0 kB
AnonPages:        477760 kB
Mapped:           190880 kB
Shmem:              1192 kB
Slab:              33348 kB
SReclaimable:      11636 kB
SUnreclaim:        21712 kB
KernelStack:        9128 kB
PageTables:        19764 kB
NFS_Unstable:          0 kB
Bounce:                0 kB
WritebackTmp:          0 kB
CommitLimit:      675480 kB
Committed_AS:   48242708 kB
VmallocTotal:     253952 kB
VmallocUsed:       94664 kB
VmallocChunk:      53252 kB
Time pass: 140 sec

---2015-10-15 21:42:55
MemTotal:        1350964 kB
MemFree:          182372 kB
Buffers:            5924 kB
Cached:           491296 kB
SwapCached:            0 kB
Active:           649980 kB
Inactive:         322916 kB
Active(anon):     477844 kB
Inactive(anon):     1148 kB
Active(file):     172136 kB
Inactive(file):   321768 kB
Unevictable:        2124 kB
Mlocked:               0 kB
HighTotal:        802816 kB
HighFree:          97132 kB
LowTotal:         548148 kB
LowFree:           85240 kB
SwapTotal:             0 kB
SwapFree:              0 kB
Dirty:                24 kB
Writeback:             0 kB
AnonPages:        477792 kB
Mapped:           190724 kB
Shmem:              1192 kB
Slab:              33380 kB
SReclaimable:      11636 kB
SUnreclaim:        21744 kB
KernelStack:        9120 kB
PageTables:        19776 kB
NFS_Unstable:          0 kB
Bounce:                0 kB
WritebackTmp:          0 kB
CommitLimit:      675480 kB
Committed_AS:   48242664 kB
VmallocTotal:     253952 kB
VmallocUsed:       94664 kB
VmallocChunk:      53252 kB
Time pass: 144 sec

---2015-10-15 21:42:55
MemTotal:        1350964 kB
MemFree:          168608 kB
Buffers:            5964 kB
Cached:           491320 kB
SwapCached:            0 kB
Active:           660880 kB
Inactive:         322816 kB
Active(anon):     488580 kB
Inactive(anon):     1148 kB
Active(file):     172300 kB
Inactive(file):   321668 kB
Unevictable:        2124 kB
Mlocked:               0 kB
HighTotal:        802816 kB
HighFree:          86716 kB
LowTotal:         548148 kB
LowFree:           81892 kB
SwapTotal:             0 kB
SwapFree:              0 kB
Dirty:               808 kB
Writeback:             0 kB
AnonPages:        488620 kB
Mapped:           204784 kB
Shmem:              1192 kB
Slab:              33292 kB
SReclaimable:      11636 kB
SUnreclaim:        21656 kB
KernelStack:        9328 kB
PageTables:        20300 kB
NFS_Unstable:          0 kB
Bounce:                0 kB
WritebackTmp:          0 kB
CommitLimit:      675480 kB
Committed_AS:   49152972 kB
VmallocTotal:     253952 kB
VmallocUsed:       96464 kB
VmallocChunk:      36868 kB
Time pass: 147 sec

---2015-10-15 21:42:55
MemTotal:        1350964 kB
MemFree:          114752 kB
Buffers:            5964 kB
Cached:           491456 kB
SwapCached:            0 kB
Active:           674704 kB
Inactive:         322660 kB
Active(anon):     502112 kB
Inactive(anon):     1280 kB
Active(file):     172592 kB
Inactive(file):   321380 kB
Unevictable:        2124 kB
Mlocked:               0 kB
HighTotal:        802816 kB
HighFree:          47608 kB
LowTotal:         548148 kB
LowFree:           67144 kB
SwapTotal:             0 kB
SwapFree:              0 kB
Dirty:                 0 kB
Writeback:             0 kB
AnonPages:        501996 kB
Mapped:           212128 kB
Shmem:              1324 kB
Slab:              33352 kB
SReclaimable:      11636 kB
SUnreclaim:        21716 kB
KernelStack:        9520 kB
PageTables:        20468 kB
NFS_Unstable:          0 kB
Bounce:                0 kB
WritebackTmp:          0 kB
CommitLimit:      675480 kB
Committed_AS:   49218232 kB
VmallocTotal:     253952 kB
VmallocUsed:       96680 kB
VmallocChunk:      36868 kB
Time pass: 151 sec

---2015-10-15 21:42:55
MemTotal:        1350964 kB
MemFree:          108652 kB
Buffers:            5996 kB
Cached:           491504 kB
SwapCached:            0 kB
Active:           675768 kB
Inactive:         322648 kB
Active(anon):     503084 kB
Inactive(anon):     1280 kB
Active(file):     172684 kB
Inactive(file):   321368 kB
Unevictable:        2124 kB
Mlocked:               0 kB
HighTotal:        802816 kB
HighFree:          43780 kB
LowTotal:         548148 kB
LowFree:           64872 kB
SwapTotal:             0 kB
SwapFree:              0 kB
Dirty:               268 kB
Writeback:             0 kB
AnonPages:        503092 kB
Mapped:           212556 kB
Shmem:              1324 kB
Slab:              33384 kB
SReclaimable:      11652 kB
SUnreclaim:        21732 kB
KernelStack:        9544 kB
PageTables:        20528 kB
NFS_Unstable:          0 kB
Bounce:                0 kB
WritebackTmp:          0 kB
CommitLimit:      675480 kB
Committed_AS:   49221960 kB
VmallocTotal:     253952 kB
VmallocUsed:       96680 kB
VmallocChunk:      36868 kB
Time pass: 154 sec

---2015-10-15 21:42:55
MemTotal:        1350964 kB
MemFree:          105172 kB
Buffers:            6004 kB
Cached:           491960 kB
SwapCached:            0 kB
Active:           679760 kB
Inactive:         322956 kB
Active(anon):     507072 kB
Inactive(anon):     1284 kB
Active(file):     172688 kB
Inactive(file):   321672 kB
Unevictable:        2124 kB
Mlocked:               0 kB
HighTotal:        802816 kB
HighFree:          40308 kB
LowTotal:         548148 kB
LowFree:           64864 kB
SwapTotal:             0 kB
SwapFree:              0 kB
Dirty:               108 kB
Writeback:             0 kB
AnonPages:        507116 kB
Mapped:           215956 kB
Shmem:              1328 kB
Slab:              33344 kB
SReclaimable:      11652 kB
SUnreclaim:        21692 kB
KernelStack:        9552 kB
PageTables:        20532 kB
NFS_Unstable:          0 kB
Bounce:                0 kB
WritebackTmp:          0 kB
CommitLimit:      675480 kB
Committed_AS:   49227928 kB
VmallocTotal:     253952 kB
VmallocUsed:       96680 kB
VmallocChunk:      36868 kB
Time pass: 158 sec

---2015-10-15 21:42:55
MemTotal:        1350964 kB
MemFree:           81596 kB
Buffers:            6012 kB
Cached:           494516 kB
SwapCached:            0 kB
Active:           693200 kB
Inactive:         321588 kB
Active(anon):     516468 kB
Inactive(anon):     1280 kB
Active(file):     176732 kB
Inactive(file):   320308 kB
Unevictable:        2124 kB
Mlocked:               0 kB
HighTotal:        802816 kB
HighFree:          24688 kB
LowTotal:         548148 kB
LowFree:           56908 kB
SwapTotal:             0 kB
SwapFree:              0 kB
Dirty:              2088 kB
Writeback:             0 kB
AnonPages:        516508 kB
Mapped:           216764 kB
Shmem:              1324 kB
Slab:              33364 kB
SReclaimable:      11676 kB
SUnreclaim:        21688 kB
KernelStack:        9592 kB
PageTables:        20568 kB
NFS_Unstable:          0 kB
Bounce:                0 kB
WritebackTmp:          0 kB
CommitLimit:      675480 kB
Committed_AS:   49244456 kB
VmallocTotal:     253952 kB
VmallocUsed:       96680 kB
VmallocChunk:      36868 kB
Time pass: 161 sec

---2015-10-15 21:42:55
MemTotal:        1350964 kB
MemFree:           62396 kB
Buffers:            6028 kB
Cached:           496476 kB
SwapCached:            0 kB
Active:           699764 kB
Inactive:         319892 kB
Active(anon):     519360 kB
Inactive(anon):     1280 kB
Active(file):     180404 kB
Inactive(file):   318612 kB
Unevictable:        2124 kB
Mlocked:               0 kB
HighTotal:        802816 kB
HighFree:           7028 kB
LowTotal:         548148 kB
LowFree:           55368 kB
SwapTotal:             0 kB
SwapFree:              0 kB
Dirty:              4140 kB
Writeback:             0 kB
AnonPages:        519356 kB
Mapped:           216808 kB
Shmem:              1324 kB
Slab:              33544 kB
SReclaimable:      11744 kB
SUnreclaim:        21800 kB
KernelStack:        9584 kB
PageTables:        20608 kB
NFS_Unstable:          0 kB
Bounce:                0 kB
WritebackTmp:          0 kB
CommitLimit:      675480 kB
Committed_AS:   49261324 kB
VmallocTotal:     253952 kB
VmallocUsed:       96680 kB
VmallocChunk:      36868 kB
Time pass: 164 sec

---2015-10-15 21:42:55
MemTotal:        1350964 kB
MemFree:           54320 kB
Buffers:            6036 kB
Cached:           496468 kB
SwapCached:            0 kB
Active:           703684 kB
Inactive:         319924 kB
Active(anon):     523272 kB
Inactive(anon):     1280 kB
Active(file):     180412 kB
Inactive(file):   318644 kB
Unevictable:        2124 kB
Mlocked:               0 kB
HighTotal:        802816 kB
HighFree:           1496 kB
LowTotal:         548148 kB
LowFree:           52824 kB
SwapTotal:             0 kB
SwapFree:              0 kB
Dirty:               548 kB
Writeback:             0 kB
AnonPages:        523532 kB
Mapped:           216740 kB
Shmem:              1324 kB
Slab:              33592 kB
SReclaimable:      11744 kB
SUnreclaim:        21848 kB
KernelStack:        9584 kB
PageTables:        20592 kB
NFS_Unstable:          0 kB
Bounce:                0 kB
WritebackTmp:          0 kB
CommitLimit:      675480 kB
Committed_AS:   49268948 kB
VmallocTotal:     253952 kB
VmallocUsed:       96680 kB
VmallocChunk:      36868 kB
Time pass: 168 sec

---2015-10-15 21:42:55
MemTotal:        1350964 kB
MemFree:           50984 kB
Buffers:            6036 kB
Cached:           496484 kB
SwapCached:            0 kB
Active:           701568 kB
Inactive:         319936 kB
Active(anon):     521152 kB
Inactive(anon):     1280 kB
Active(file):     180416 kB
Inactive(file):   318656 kB
Unevictable:        2124 kB
Mlocked:               0 kB
HighTotal:        802816 kB
HighFree:           1496 kB
LowTotal:         548148 kB
LowFree:           49488 kB
SwapTotal:             0 kB
SwapFree:              0 kB
Dirty:               600 kB
Writeback:             0 kB
AnonPages:        521164 kB
Mapped:           216868 kB
Shmem:              1324 kB
Slab:              33592 kB
SReclaimable:      11744 kB
SUnreclaim:        21848 kB
KernelStack:        9584 kB
PageTables:        20632 kB
NFS_Unstable:          0 kB
Bounce:                0 kB
WritebackTmp:          0 kB
CommitLimit:      675480 kB
Committed_AS:   49270856 kB
VmallocTotal:     253952 kB
VmallocUsed:       96680 kB
VmallocChunk:      36868 kB
Time pass: 171 sec

---2015-10-15 21:42:55
MemTotal:        1350964 kB
MemFree:           41064 kB
Buffers:            6060 kB
Cached:           496608 kB
SwapCached:            0 kB
Active:           709044 kB
Inactive:         319996 kB
Active(anon):     528544 kB
Inactive(anon):     1400 kB
Active(file):     180500 kB
Inactive(file):   318596 kB
Unevictable:        2124 kB
Mlocked:               0 kB
HighTotal:        802816 kB
HighFree:           2196 kB
LowTotal:         548148 kB
LowFree:           38868 kB
SwapTotal:             0 kB
SwapFree:              0 kB
Dirty:                72 kB
Writeback:             0 kB
AnonPages:        528524 kB
Mapped:           219796 kB
Shmem:              1448 kB
Slab:              33700 kB
SReclaimable:      11752 kB
SUnreclaim:        21948 kB
KernelStack:        9760 kB
PageTables:        20792 kB
NFS_Unstable:          0 kB
Bounce:                0 kB
WritebackTmp:          0 kB
CommitLimit:      675480 kB
Committed_AS:   49294892 kB
VmallocTotal:     253952 kB
VmallocUsed:       96976 kB
VmallocChunk:      36868 kB
Time pass: 175 sec

---2015-10-15 21:42:55
MemTotal:        1350964 kB
MemFree:           35420 kB
Buffers:            6164 kB
Cached:           496684 kB
SwapCached:            0 kB
Active:           711444 kB
Inactive:         320028 kB
Active(anon):     530944 kB
Inactive(anon):     1428 kB
Active(file):     180500 kB
Inactive(file):   318600 kB
Unevictable:        2124 kB
Mlocked:               0 kB
HighTotal:        802816 kB
HighFree:           1672 kB
LowTotal:         548148 kB
LowFree:           33748 kB
SwapTotal:             0 kB
SwapFree:              0 kB
Dirty:                76 kB
Writeback:             0 kB
AnonPages:        530872 kB
Mapped:           219684 kB
Shmem:              1476 kB
Slab:              33604 kB
SReclaimable:      11768 kB
SUnreclaim:        21836 kB
KernelStack:        9792 kB
PageTables:        20916 kB
NFS_Unstable:          0 kB
Bounce:                0 kB
WritebackTmp:          0 kB
CommitLimit:      675480 kB
Committed_AS:   49300640 kB
VmallocTotal:     253952 kB
VmallocUsed:       97412 kB
VmallocChunk:      36868 kB
Time pass: 178 sec

---2015-10-15 21:42:55
MemTotal:        1350964 kB
MemFree:           34912 kB
Buffers:            6164 kB
Cached:           496804 kB
SwapCached:            0 kB
Active:           710992 kB
Inactive:         320280 kB
Active(anon):     530488 kB
Inactive(anon):     1580 kB
Active(file):     180504 kB
Inactive(file):   318700 kB
Unevictable:        2124 kB
Mlocked:               0 kB
HighTotal:        802816 kB
HighFree:           1844 kB
LowTotal:         548148 kB
LowFree:           33068 kB
SwapTotal:             0 kB
SwapFree:              0 kB
Dirty:                36 kB
Writeback:             0 kB
AnonPages:        530508 kB
Mapped:           219964 kB
Shmem:              1640 kB
Slab:              33700 kB
SReclaimable:      11768 kB
SUnreclaim:        21932 kB
KernelStack:        9800 kB
PageTables:        20948 kB
NFS_Unstable:          0 kB
Bounce:                0 kB
WritebackTmp:          0 kB
CommitLimit:      675480 kB
Committed_AS:   49300804 kB
VmallocTotal:     253952 kB
VmallocUsed:       97412 kB
VmallocChunk:      36868 kB
Time pass: 182 sec

---2015-10-15 21:42:55
MemTotal:        1350964 kB
MemFree:           34648 kB
Buffers:            6172 kB
Cached:           496804 kB
SwapCached:            0 kB
Active:           711228 kB
Inactive:         320292 kB
Active(anon):     530724 kB
Inactive(anon):     1592 kB
Active(file):     180504 kB
Inactive(file):   318700 kB
Unevictable:        2124 kB
Mlocked:               0 kB
HighTotal:        802816 kB
HighFree:           1696 kB
LowTotal:         548148 kB
LowFree:           32952 kB
SwapTotal:             0 kB
SwapFree:              0 kB
Dirty:                 4 kB
Writeback:             0 kB
AnonPages:        530788 kB
Mapped:           220020 kB
Shmem:              1640 kB
Slab:              33612 kB
SReclaimable:      11768 kB
SUnreclaim:        21844 kB
KernelStack:        9800 kB
PageTables:        20960 kB
NFS_Unstable:          0 kB
Bounce:                0 kB
WritebackTmp:          0 kB
CommitLimit:      675480 kB
Committed_AS:   49300788 kB
VmallocTotal:     253952 kB
VmallocUsed:       97412 kB
VmallocChunk:      36868 kB
Time pass: 185 sec

---2015-10-15 21:42:55
MemTotal:        1350964 kB
MemFree:           32956 kB
Buffers:            6204 kB
Cached:           487040 kB
SwapCached:            0 kB
Active:           725256 kB
Inactive:         308132 kB
Active(anon):     542312 kB
Inactive(anon):     1376 kB
Active(file):     182944 kB
Inactive(file):   306756 kB
Unevictable:        2124 kB
Mlocked:               0 kB
HighTotal:        802816 kB
HighFree:           1868 kB
LowTotal:         548148 kB
LowFree:           31088 kB
SwapTotal:             0 kB
SwapFree:              0 kB
Dirty:                92 kB
Writeback:             4 kB
AnonPages:        542468 kB
Mapped:           220000 kB
Shmem:              1420 kB
Slab:              33640 kB
SReclaimable:      11784 kB
SUnreclaim:        21856 kB
KernelStack:        9784 kB
PageTables:        20904 kB
NFS_Unstable:          0 kB
Bounce:                0 kB
WritebackTmp:          0 kB
CommitLimit:      675480 kB
Committed_AS:   49313604 kB
VmallocTotal:     253952 kB
VmallocUsed:       97632 kB
VmallocChunk:      36868 kB
Time pass: 189 sec

---2015-10-15 21:42:55
MemTotal:        1350964 kB
MemFree:           34700 kB
Buffers:            6236 kB
Cached:           487244 kB
SwapCached:            0 kB
Active:           725912 kB
Inactive:         308360 kB
Active(anon):     542964 kB
Inactive(anon):     1576 kB
Active(file):     182948 kB
Inactive(file):   306784 kB
Unevictable:        2124 kB
Mlocked:               0 kB
HighTotal:        802816 kB
HighFree:           1596 kB
LowTotal:         548148 kB
LowFree:           33104 kB
SwapTotal:             0 kB
SwapFree:              0 kB
Dirty:                52 kB
Writeback:             0 kB
AnonPages:        542740 kB
Mapped:           220540 kB
Shmem:              1624 kB
Slab:              33596 kB
SReclaimable:      11784 kB
SUnreclaim:        21812 kB
KernelStack:        9824 kB
PageTables:        20896 kB
NFS_Unstable:          0 kB
Bounce:                0 kB
WritebackTmp:          0 kB
CommitLimit:      675480 kB
Committed_AS:   49312976 kB
VmallocTotal:     253952 kB
VmallocUsed:       97412 kB
VmallocChunk:      36868 kB
Time pass: 192 sec

---2015-10-15 21:42:55
MemTotal:        1350964 kB
MemFree:           33244 kB
Buffers:            6252 kB
Cached:           487244 kB
SwapCached:            0 kB
Active:           726816 kB
Inactive:         308376 kB
Active(anon):     543868 kB
Inactive(anon):     1576 kB
Active(file):     182948 kB
Inactive(file):   306800 kB
Unevictable:        2124 kB
Mlocked:               0 kB
HighTotal:        802816 kB
HighFree:           1496 kB
LowTotal:         548148 kB
LowFree:           31748 kB
SwapTotal:             0 kB
SwapFree:              0 kB
Dirty:                 0 kB
Writeback:             0 kB
AnonPages:        543820 kB
Mapped:           220544 kB
Shmem:              1624 kB
Slab:              33724 kB
SReclaimable:      11784 kB
SUnreclaim:        21940 kB
KernelStack:        9808 kB
PageTables:        20896 kB
NFS_Unstable:          0 kB
Bounce:                0 kB
WritebackTmp:          0 kB
CommitLimit:      675480 kB
Committed_AS:   49312388 kB
VmallocTotal:     253952 kB
VmallocUsed:       97412 kB
VmallocChunk:      36868 kB
Time pass: 196 sec

---2015-10-15 21:42:55
MemTotal:        1350964 kB
MemFree:           33932 kB
Buffers:            6268 kB
Cached:           487244 kB
SwapCached:            0 kB
Active:           726884 kB
Inactive:         308392 kB
Active(anon):     543936 kB
Inactive(anon):     1576 kB
Active(file):     182948 kB
Inactive(file):   306816 kB
Unevictable:        2124 kB
Mlocked:               0 kB
HighTotal:        802816 kB
HighFree:           2488 kB
LowTotal:         548148 kB
LowFree:           31444 kB
SwapTotal:             0 kB
SwapFree:              0 kB
Dirty:                 0 kB
Writeback:             0 kB
AnonPages:        543876 kB
Mapped:           220396 kB
Shmem:              1624 kB
Slab:              33720 kB
SReclaimable:      11784 kB
SUnreclaim:        21936 kB
KernelStack:        9808 kB
PageTables:        20900 kB
NFS_Unstable:          0 kB
Bounce:                0 kB
WritebackTmp:          0 kB
CommitLimit:      675480 kB
Committed_AS:   49312268 kB
VmallocTotal:     253952 kB
VmallocUsed:       97412 kB
VmallocChunk:      36868 kB
Time pass: 200 sec

---2015-10-15 21:42:55
MemTotal:        1350964 kB
MemFree:           33460 kB
Buffers:            6284 kB
Cached:           487256 kB
SwapCached:            0 kB
Active:           727100 kB
Inactive:         308408 kB
Active(anon):     544152 kB
Inactive(anon):     1576 kB
Active(file):     182948 kB
Inactive(file):   306832 kB
Unevictable:        2124 kB
Mlocked:               0 kB
HighTotal:        802816 kB
HighFree:           1868 kB
LowTotal:         548148 kB
LowFree:           31592 kB
SwapTotal:             0 kB
SwapFree:              0 kB
Dirty:                40 kB
Writeback:             0 kB
AnonPages:        544220 kB
Mapped:           220556 kB
Shmem:              1636 kB
Slab:              33740 kB
SReclaimable:      11784 kB
SUnreclaim:        21956 kB
KernelStack:        9808 kB
PageTables:        20900 kB
NFS_Unstable:          0 kB
Bounce:                0 kB
WritebackTmp:          0 kB
CommitLimit:      675480 kB
Committed_AS:   49312352 kB
VmallocTotal:     253952 kB
VmallocUsed:       97412 kB
VmallocChunk:      36868 kB
Time pass: 203 sec

---2015-10-15 21:42:55
MemTotal:        1350964 kB
MemFree:           32884 kB
Buffers:            6292 kB
Cached:           487256 kB
SwapCached:            0 kB
Active:           727036 kB
Inactive:         308420 kB
Active(anon):     544088 kB
Inactive(anon):     1588 kB
Active(file):     182948 kB
Inactive(file):   306832 kB
Unevictable:        2124 kB
Mlocked:               0 kB
HighTotal:        802816 kB
HighFree:           2192 kB
LowTotal:         548148 kB
LowFree:           30692 kB
SwapTotal:             0 kB
SwapFree:              0 kB
Dirty:                28 kB
Writeback:             0 kB
AnonPages:        544124 kB
Mapped:           220556 kB
Shmem:              1636 kB
Slab:              33796 kB
SReclaimable:      11784 kB
SUnreclaim:        22012 kB
KernelStack:        9808 kB
PageTables:        20900 kB
NFS_Unstable:          0 kB
Bounce:                0 kB
WritebackTmp:          0 kB
CommitLimit:      675480 kB
Committed_AS:   49312288 kB
VmallocTotal:     253952 kB
VmallocUsed:       97412 kB
VmallocChunk:      36868 kB
Time pass: 206 sec

---2015-10-15 21:42:55
MemTotal:        1350964 kB
MemFree:           32988 kB
Buffers:            6308 kB
Cached:           487256 kB
SwapCached:            0 kB
Active:           727300 kB
Inactive:         308444 kB
Active(anon):     544352 kB
Inactive(anon):     1588 kB
Active(file):     182948 kB
Inactive(file):   306856 kB
Unevictable:        2124 kB
Mlocked:               0 kB
HighTotal:        802816 kB
HighFree:           1496 kB
LowTotal:         548148 kB
LowFree:           31492 kB
SwapTotal:             0 kB
SwapFree:              0 kB
Dirty:                44 kB
Writeback:             0 kB
AnonPages:        544312 kB
Mapped:           220508 kB
Shmem:              1636 kB
Slab:              33712 kB
SReclaimable:      11784 kB
SUnreclaim:        21928 kB
KernelStack:        9800 kB
PageTables:        20884 kB
NFS_Unstable:          0 kB
Bounce:                0 kB
WritebackTmp:          0 kB
CommitLimit:      675480 kB
Committed_AS:   49312280 kB
VmallocTotal:     253952 kB
VmallocUsed:       97412 kB
VmallocChunk:      36868 kB
Time pass: 210 sec

---2015-10-15 21:42:55
MemTotal:        1350964 kB
MemFree:           32800 kB
Buffers:            6308 kB
Cached:           487256 kB
SwapCached:            0 kB
Active:           727600 kB
Inactive:         308444 kB
Active(anon):     544652 kB
Inactive(anon):     1588 kB
Active(file):     182948 kB
Inactive(file):   306856 kB
Unevictable:        2124 kB
Mlocked:               0 kB
HighTotal:        802816 kB
HighFree:           1496 kB
LowTotal:         548148 kB
LowFree:           31304 kB
SwapTotal:             0 kB
SwapFree:              0 kB
Dirty:                 0 kB
Writeback:             0 kB
AnonPages:        544656 kB
Mapped:           220556 kB
Shmem:              1636 kB
Slab:              33708 kB
SReclaimable:      11784 kB
SUnreclaim:        21924 kB
KernelStack:        9800 kB
PageTables:        20904 kB
NFS_Unstable:          0 kB
Bounce:                0 kB
WritebackTmp:          0 kB
CommitLimit:      675480 kB
Committed_AS:   49312416 kB
VmallocTotal:     253952 kB
VmallocUsed:       97412 kB
VmallocChunk:      36868 kB
Time pass: 213 sec

---2015-10-15 21:42:55
MemTotal:        1350964 kB
MemFree:           32504 kB
Buffers:            6332 kB
Cached:           487268 kB
SwapCached:            0 kB
Active:           727616 kB
Inactive:         308444 kB
Active(anon):     544668 kB
Inactive(anon):     1588 kB
Active(file):     182948 kB
Inactive(file):   306856 kB
Unevictable:        2124 kB
Mlocked:               0 kB
HighTotal:        802816 kB
HighFree:           1496 kB
LowTotal:         548148 kB
LowFree:           31008 kB
SwapTotal:             0 kB
SwapFree:              0 kB
Dirty:                28 kB
Writeback:             0 kB
AnonPages:        544788 kB
Mapped:           220584 kB
Shmem:              1664 kB
Slab:              33836 kB
SReclaimable:      11784 kB
SUnreclaim:        22052 kB
KernelStack:        9800 kB
PageTables:        20900 kB
NFS_Unstable:          0 kB
Bounce:                0 kB
WritebackTmp:          0 kB
CommitLimit:      675480 kB
Committed_AS:   49312292 kB
VmallocTotal:     253952 kB
VmallocUsed:       97412 kB
VmallocChunk:      36868 kB
Time pass: 217 sec

---2015-10-15 21:42:55
MemTotal:        1350964 kB
MemFree:           31948 kB
Buffers:            6332 kB
Cached:           487284 kB
SwapCached:            0 kB
Active:           727780 kB
Inactive:         308496 kB
Active(anon):     544832 kB
Inactive(anon):     1616 kB
Active(file):     182948 kB
Inactive(file):   306880 kB
Unevictable:        2124 kB
Mlocked:               0 kB
HighTotal:        802816 kB
HighFree:           1496 kB
LowTotal:         548148 kB
LowFree:           30452 kB
SwapTotal:             0 kB
SwapFree:              0 kB
Dirty:                 0 kB
Writeback:             0 kB
AnonPages:        544956 kB
Mapped:           220584 kB
Shmem:              1664 kB
Slab:              33816 kB
SReclaimable:      11784 kB
SUnreclaim:        22032 kB
KernelStack:        9800 kB
PageTables:        20904 kB
NFS_Unstable:          0 kB
Bounce:                0 kB
WritebackTmp:          0 kB
CommitLimit:      675480 kB
Committed_AS:   49313520 kB
VmallocTotal:     253952 kB
VmallocUsed:       97412 kB
VmallocChunk:      36868 kB
Time pass: 220 sec

---2015-10-15 21:42:55
MemTotal:        1350964 kB
MemFree:           32148 kB
Buffers:            6340 kB
Cached:           487284 kB
SwapCached:            0 kB
Active:           727856 kB
Inactive:         308496 kB
Active(anon):     544908 kB
Inactive(anon):     1616 kB
Active(file):     182948 kB
Inactive(file):   306880 kB
Unevictable:        2124 kB
Mlocked:               0 kB
HighTotal:        802816 kB
HighFree:           1496 kB
LowTotal:         548148 kB
LowFree:           30652 kB
SwapTotal:             0 kB
SwapFree:              0 kB
Dirty:                28 kB
Writeback:             0 kB
AnonPages:        544960 kB
Mapped:           220584 kB
Shmem:              1664 kB
Slab:              33756 kB
SReclaimable:      11784 kB
SUnreclaim:        21972 kB
KernelStack:        9800 kB
PageTables:        20904 kB
NFS_Unstable:          0 kB
Bounce:                0 kB
WritebackTmp:          0 kB
CommitLimit:      675480 kB
Committed_AS:   49312396 kB
VmallocTotal:     253952 kB
VmallocUsed:       97412 kB
VmallocChunk:      36868 kB
Time pass: 224 sec

---2015-10-15 21:42:55
MemTotal:        1350964 kB
MemFree:           31764 kB
Buffers:            6356 kB
Cached:           487284 kB
SwapCached:            0 kB
Active:           728048 kB
Inactive:         308520 kB
Active(anon):     545100 kB
Inactive(anon):     1616 kB
Active(file):     182948 kB
Inactive(file):   306904 kB
Unevictable:        2124 kB
Mlocked:               0 kB
HighTotal:        802816 kB
HighFree:           1496 kB
LowTotal:         548148 kB
LowFree:           30268 kB
SwapTotal:             0 kB
SwapFree:              0 kB
Dirty:                 0 kB
Writeback:             0 kB
AnonPages:        545192 kB
Mapped:           220584 kB
Shmem:              1664 kB
Slab:              33712 kB
SReclaimable:      11784 kB
SUnreclaim:        21928 kB
KernelStack:        9800 kB
PageTables:        20904 kB
NFS_Unstable:          0 kB
Bounce:                0 kB
WritebackTmp:          0 kB
CommitLimit:      675480 kB
Committed_AS:   49312500 kB
VmallocTotal:     253952 kB
VmallocUsed:       97412 kB
VmallocChunk:      36868 kB
Time pass: 227 sec

---2015-10-15 21:42:55
MemTotal:        1350964 kB
MemFree:           31280 kB
Buffers:            6372 kB
Cached:           487284 kB
SwapCached:            0 kB
Active:           728248 kB
Inactive:         308536 kB
Active(anon):     545300 kB
Inactive(anon):     1616 kB
Active(file):     182948 kB
Inactive(file):   306920 kB
Unevictable:        2124 kB
Mlocked:               0 kB
HighTotal:        802816 kB
HighFree:           1496 kB
LowTotal:         548148 kB
LowFree:           29784 kB
SwapTotal:             0 kB
SwapFree:              0 kB
Dirty:                40 kB
Writeback:             0 kB
AnonPages:        545304 kB
Mapped:           220584 kB
Shmem:              1664 kB
Slab:              33720 kB
SReclaimable:      11784 kB
SUnreclaim:        21936 kB
KernelStack:        9800 kB
PageTables:        20896 kB
NFS_Unstable:          0 kB
Bounce:                0 kB
WritebackTmp:          0 kB
CommitLimit:      675480 kB
Committed_AS:   49312492 kB
VmallocTotal:     253952 kB
VmallocUsed:       97412 kB
VmallocChunk:      36868 kB
Time pass: 231 sec

---2015-10-15 21:42:55
MemTotal:        1350964 kB
MemFree:           31888 kB
Buffers:            6380 kB
Cached:           487276 kB
SwapCached:            0 kB
Active:           728488 kB
Inactive:         308536 kB
Active(anon):     545540 kB
Inactive(anon):     1616 kB
Active(file):     182948 kB
Inactive(file):   306920 kB
Unevictable:        2124 kB
Mlocked:               0 kB
HighTotal:        802816 kB
HighFree:           2116 kB
LowTotal:         548148 kB
LowFree:           29772 kB
SwapTotal:             0 kB
SwapFree:              0 kB
Dirty:                 0 kB
Writeback:             0 kB
AnonPages:        545452 kB
Mapped:           220436 kB
Shmem:              1664 kB
Slab:              33660 kB
SReclaimable:      11784 kB
SUnreclaim:        21876 kB
KernelStack:        9800 kB
PageTables:        20904 kB
NFS_Unstable:          0 kB
Bounce:                0 kB
WritebackTmp:          0 kB
CommitLimit:      675480 kB
Committed_AS:   49312756 kB
VmallocTotal:     253952 kB
VmallocUsed:       97412 kB
VmallocChunk:      36868 kB
Time pass: 234 sec

---2015-10-15 21:42:55
MemTotal:        1350964 kB
MemFree:           30816 kB
Buffers:            6396 kB
Cached:           487284 kB
SwapCached:            0 kB
Active:           728572 kB
Inactive:         308560 kB
Active(anon):     545624 kB
Inactive(anon):     1616 kB
Active(file):     182948 kB
Inactive(file):   306944 kB
Unevictable:        2124 kB
Mlocked:               0 kB
HighTotal:        802816 kB
HighFree:           1820 kB
LowTotal:         548148 kB
LowFree:           28996 kB
SwapTotal:             0 kB
SwapFree:              0 kB
Dirty:                40 kB
Writeback:             0 kB
AnonPages:        545588 kB
Mapped:           220584 kB
Shmem:              1664 kB
Slab:              33796 kB
SReclaimable:      11784 kB
SUnreclaim:        22012 kB
KernelStack:        9800 kB
PageTables:        20900 kB
NFS_Unstable:          0 kB
Bounce:                0 kB
WritebackTmp:          0 kB
CommitLimit:      675480 kB
Committed_AS:   49312724 kB
VmallocTotal:     253952 kB
VmallocUsed:       97412 kB
VmallocChunk:      36868 kB
Time pass: 238 sec

---2015-10-15 21:42:55
MemTotal:        1350964 kB
MemFree:           31856 kB
Buffers:            6396 kB
Cached:           487284 kB
SwapCached:            0 kB
Active:           727856 kB
Inactive:         308560 kB
Active(anon):     544908 kB
Inactive(anon):     1616 kB
Active(file):     182948 kB
Inactive(file):   306944 kB
Unevictable:        2124 kB
Mlocked:               0 kB
HighTotal:        802816 kB
HighFree:           2488 kB
LowTotal:         548148 kB
LowFree:           29368 kB
SwapTotal:             0 kB
SwapFree:              0 kB
Dirty:                 0 kB
Writeback:             0 kB
AnonPages:        544920 kB
Mapped:           220584 kB
Shmem:              1664 kB
Slab:              33768 kB
SReclaimable:      11784 kB
SUnreclaim:        21984 kB
KernelStack:        9800 kB
PageTables:        20904 kB
NFS_Unstable:          0 kB
Bounce:                0 kB
WritebackTmp:          0 kB
CommitLimit:      675480 kB
Committed_AS:   49312596 kB
VmallocTotal:     253952 kB
VmallocUsed:       97412 kB
VmallocChunk:      36868 kB
Time pass: 241 sec

---2015-10-15 21:42:55
MemTotal:        1350964 kB
MemFree:           31952 kB
Buffers:            6420 kB
Cached:           487268 kB
SwapCached:            0 kB
Active:           727928 kB
Inactive:         308560 kB
Active(anon):     544980 kB
Inactive(anon):     1616 kB
Active(file):     182948 kB
Inactive(file):   306944 kB
Unevictable:        2124 kB
Mlocked:               0 kB
HighTotal:        802816 kB
HighFree:           1524 kB
LowTotal:         548148 kB
LowFree:           30428 kB
SwapTotal:             0 kB
SwapFree:              0 kB
Dirty:                28 kB
Writeback:             0 kB
AnonPages:        545004 kB
Mapped:           220584 kB
Shmem:              1664 kB
Slab:              33792 kB
SReclaimable:      11784 kB
SUnreclaim:        22008 kB
KernelStack:        9800 kB
PageTables:        20904 kB
NFS_Unstable:          0 kB
Bounce:                0 kB
WritebackTmp:          0 kB
CommitLimit:      675480 kB
Committed_AS:   49312656 kB
VmallocTotal:     253952 kB
VmallocUsed:       97412 kB
VmallocChunk:      36868 kB
Time pass: 244 sec

---2015-10-15 21:42:55
MemTotal:        1350964 kB
MemFree:           31640 kB
Buffers:            6420 kB
Cached:           487284 kB
SwapCached:            0 kB
Active:           728084 kB
Inactive:         308584 kB
Active(anon):     545136 kB
Inactive(anon):     1616 kB
Active(file):     182948 kB
Inactive(file):   306968 kB
Unevictable:        2124 kB
Mlocked:               0 kB
HighTotal:        802816 kB
HighFree:           1496 kB
LowTotal:         548148 kB
LowFree:           30144 kB
SwapTotal:             0 kB
SwapFree:              0 kB
Dirty:                 0 kB
Writeback:             0 kB
AnonPages:        545240 kB
Mapped:           220584 kB
Shmem:              1664 kB
Slab:              33708 kB
SReclaimable:      11784 kB
SUnreclaim:        21924 kB
KernelStack:        9800 kB
PageTables:        20896 kB
NFS_Unstable:          0 kB
Bounce:                0 kB
WritebackTmp:          0 kB
CommitLimit:      675480 kB
Committed_AS:   49312684 kB
VmallocTotal:     253952 kB
VmallocUsed:       97412 kB
VmallocChunk:      36868 kB
Time pass: 248 sec

---2015-10-15 21:42:55
MemTotal:        1350964 kB
MemFree:           31560 kB
Buffers:            6428 kB
Cached:           487284 kB
SwapCached:            0 kB
Active:           728020 kB
Inactive:         308584 kB
Active(anon):     545072 kB
Inactive(anon):     1616 kB
Active(file):     182948 kB
Inactive(file):   306968 kB
Unevictable:        2124 kB
Mlocked:               0 kB
HighTotal:        802816 kB
HighFree:           1496 kB
LowTotal:         548148 kB
LowFree:           30064 kB
SwapTotal:             0 kB
SwapFree:              0 kB
Dirty:                28 kB
Writeback:             0 kB
AnonPages:        545096 kB
Mapped:           220584 kB
Shmem:              1664 kB
Slab:              33748 kB
SReclaimable:      11792 kB
SUnreclaim:        21956 kB
KernelStack:        9800 kB
PageTables:        20896 kB
NFS_Unstable:          0 kB
Bounce:                0 kB
WritebackTmp:          0 kB
CommitLimit:      675480 kB
Committed_AS:   49312612 kB
VmallocTotal:     253952 kB
VmallocUsed:       97412 kB
VmallocChunk:      36868 kB
Time pass: 252 sec

---2015-10-15 21:42:55
MemTotal:        1350964 kB
MemFree:           31336 kB
Buffers:            6444 kB
Cached:           487284 kB
SwapCached:            0 kB
Active:           728336 kB
Inactive:         308592 kB
Active(anon):     545388 kB
Inactive(anon):     1616 kB
Active(file):     182948 kB
Inactive(file):   306976 kB
Unevictable:        2124 kB
Mlocked:               0 kB
HighTotal:        802816 kB
HighFree:           1496 kB
LowTotal:         548148 kB
LowFree:           29840 kB
SwapTotal:             0 kB
SwapFree:              0 kB
Dirty:                 0 kB
Writeback:             0 kB
AnonPages:        545432 kB
Mapped:           220584 kB
Shmem:              1664 kB
Slab:              33716 kB
SReclaimable:      11792 kB
SUnreclaim:        21924 kB
KernelStack:        9800 kB
PageTables:        20900 kB
NFS_Unstable:          0 kB
Bounce:                0 kB
WritebackTmp:          0 kB
CommitLimit:      675480 kB
Committed_AS:   49312860 kB
VmallocTotal:     253952 kB
VmallocUsed:       97412 kB
VmallocChunk:      36868 kB
Time pass: 255 sec

---2015-10-15 21:42:55
MemTotal:        1350964 kB
MemFree:           31188 kB
Buffers:            6460 kB
Cached:           487284 kB
SwapCached:            0 kB
Active:           728332 kB
Inactive:         308628 kB
Active(anon):     545384 kB
Inactive(anon):     1616 kB
Active(file):     182948 kB
Inactive(file):   307012 kB
Unevictable:        2124 kB
Mlocked:               0 kB
HighTotal:        802816 kB
HighFree:           1496 kB
LowTotal:         548148 kB
LowFree:           29692 kB
SwapTotal:             0 kB
SwapFree:              0 kB
Dirty:                40 kB
Writeback:             0 kB
AnonPages:        545396 kB
Mapped:           220584 kB
Shmem:              1664 kB
Slab:              33688 kB
SReclaimable:      11796 kB
SUnreclaim:        21892 kB
KernelStack:        9800 kB
PageTables:        20900 kB
NFS_Unstable:          0 kB
Bounce:                0 kB
WritebackTmp:          0 kB
CommitLimit:      675480 kB
Committed_AS:   49312780 kB
VmallocTotal:     253952 kB
VmallocUsed:       97412 kB
VmallocChunk:      36868 kB
Time pass: 259 sec

---2015-10-15 21:42:55
MemTotal:        1350964 kB
MemFree:           31784 kB
Buffers:            6468 kB
Cached:           487284 kB
SwapCached:            0 kB
Active:           728312 kB
Inactive:         308624 kB
Active(anon):     545364 kB
Inactive(anon):     1616 kB
Active(file):     182948 kB
Inactive(file):   307008 kB
Unevictable:        2124 kB
Mlocked:               0 kB
HighTotal:        802816 kB
HighFree:           1496 kB
LowTotal:         548148 kB
LowFree:           30288 kB
SwapTotal:             0 kB
SwapFree:              0 kB
Dirty:                28 kB
Writeback:             0 kB
AnonPages:        545372 kB
Mapped:           220584 kB
Shmem:              1664 kB
Slab:              33692 kB
SReclaimable:      11796 kB
SUnreclaim:        21896 kB
KernelStack:        9800 kB
PageTables:        20900 kB
NFS_Unstable:          0 kB
Bounce:                0 kB
WritebackTmp:          0 kB
CommitLimit:      675480 kB
Committed_AS:   49312620 kB
VmallocTotal:     253952 kB
VmallocUsed:       97412 kB
VmallocChunk:      36868 kB
Time pass: 262 sec

---2015-10-15 21:42:55
MemTotal:        1350964 kB
MemFree:           30740 kB
Buffers:            6484 kB
Cached:           487284 kB
SwapCached:            0 kB
Active:           728628 kB
Inactive:         308648 kB
Active(anon):     545680 kB
Inactive(anon):     1616 kB
Active(file):     182948 kB
Inactive(file):   307032 kB
Unevictable:        2124 kB
Mlocked:               0 kB
HighTotal:        802816 kB
HighFree:           1496 kB
LowTotal:         548148 kB
LowFree:           29244 kB
SwapTotal:             0 kB
SwapFree:              0 kB
Dirty:                40 kB
Writeback:             0 kB
AnonPages:        545628 kB
Mapped:           220584 kB
Shmem:              1664 kB
Slab:              33736 kB
SReclaimable:      11796 kB
SUnreclaim:        21940 kB
KernelStack:        9800 kB
PageTables:        20896 kB
NFS_Unstable:          0 kB
Bounce:                0 kB
WritebackTmp:          0 kB
CommitLimit:      675480 kB
Committed_AS:   49312892 kB
VmallocTotal:     253952 kB
VmallocUsed:       97412 kB
VmallocChunk:      36868 kB
Time pass: 265 sec

---2015-10-15 21:42:55
MemTotal:        1350964 kB
MemFree:           32120 kB
Buffers:            6492 kB
Cached:           485368 kB
SwapCached:            0 kB
Active:           729316 kB
Inactive:         306572 kB
Active(anon):     546200 kB
Inactive(anon):     1692 kB
Active(file):     183116 kB
Inactive(file):   304880 kB
Unevictable:        2124 kB
Mlocked:               0 kB
HighTotal:        802816 kB
HighFree:           2736 kB
LowTotal:         548148 kB
LowFree:           29384 kB
SwapTotal:             0 kB
SwapFree:              0 kB
Dirty:                 0 kB
Writeback:             0 kB
AnonPages:        546200 kB
Mapped:           220620 kB
Shmem:              1740 kB
Slab:              33692 kB
SReclaimable:      11796 kB
SUnreclaim:        21896 kB
KernelStack:        9808 kB
PageTables:        20892 kB
NFS_Unstable:          0 kB
Bounce:                0 kB
WritebackTmp:          0 kB
CommitLimit:      675480 kB
Committed_AS:   49312736 kB
VmallocTotal:     253952 kB
VmallocUsed:       97412 kB
VmallocChunk:      36868 kB
Time pass: 269 sec

---2015-10-15 21:42:55
MemTotal:        1350964 kB
MemFree:           31616 kB
Buffers:            6516 kB
Cached:           485368 kB
SwapCached:            0 kB
Active:           729240 kB
Inactive:         306588 kB
Active(anon):     546124 kB
Inactive(anon):     1692 kB
Active(file):     183116 kB
Inactive(file):   304896 kB
Unevictable:        2124 kB
Mlocked:               0 kB
HighTotal:        802816 kB
HighFree:           2116 kB
LowTotal:         548148 kB
LowFree:           29500 kB
SwapTotal:             0 kB
SwapFree:              0 kB
Dirty:                56 kB
Writeback:             0 kB
AnonPages:        546172 kB
Mapped:           220620 kB
Shmem:              1740 kB
Slab:              33684 kB
SReclaimable:      11796 kB
SUnreclaim:        21888 kB
KernelStack:        9808 kB
PageTables:        20892 kB
NFS_Unstable:          0 kB
Bounce:                0 kB
WritebackTmp:          0 kB
CommitLimit:      675480 kB
Committed_AS:   49312728 kB
VmallocTotal:     253952 kB
VmallocUsed:       97412 kB
VmallocChunk:      36868 kB
Time pass: 273 sec

---2015-10-15 21:42:55
MemTotal:        1350964 kB
MemFree:           31128 kB
Buffers:            6516 kB
Cached:           485368 kB
SwapCached:            0 kB
Active:           730580 kB
Inactive:         306596 kB
Active(anon):     547464 kB
Inactive(anon):     1692 kB
Active(file):     183116 kB
Inactive(file):   304904 kB
Unevictable:        2124 kB
Mlocked:               0 kB
HighTotal:        802816 kB
HighFree:           1496 kB
LowTotal:         548148 kB
LowFree:           29632 kB
SwapTotal:             0 kB
SwapFree:              0 kB
Dirty:                56 kB
Writeback:             0 kB
AnonPages:        547816 kB
Mapped:           220520 kB
Shmem:              1740 kB
Slab:              33668 kB
SReclaimable:      11796 kB
SUnreclaim:        21872 kB
KernelStack:        9808 kB
PageTables:        20908 kB
NFS_Unstable:          0 kB
Bounce:                0 kB
WritebackTmp:          0 kB
CommitLimit:      675480 kB
Committed_AS:   49314032 kB
VmallocTotal:     253952 kB
VmallocUsed:       97412 kB
VmallocChunk:      36868 kB
Time pass: 277 sec

---2015-10-15 21:42:55
MemTotal:        1350964 kB
MemFree:           31452 kB
Buffers:            6524 kB
Cached:           485384 kB
SwapCached:            0 kB
Active:           729560 kB
Inactive:         306620 kB
Active(anon):     546444 kB
Inactive(anon):     1708 kB
Active(file):     183116 kB
Inactive(file):   304912 kB
Unevictable:        2124 kB
Mlocked:               0 kB
HighTotal:        802816 kB
HighFree:           2068 kB
LowTotal:         548148 kB
LowFree:           29384 kB
SwapTotal:             0 kB
SwapFree:              0 kB
Dirty:                28 kB
Writeback:             0 kB
AnonPages:        546548 kB
Mapped:           220684 kB
Shmem:              1756 kB
Slab:              33704 kB
SReclaimable:      11796 kB
SUnreclaim:        21908 kB
KernelStack:        9808 kB
PageTables:        20908 kB
NFS_Unstable:          0 kB
Bounce:                0 kB
WritebackTmp:          0 kB
CommitLimit:      675480 kB
Committed_AS:   49312836 kB
VmallocTotal:     253952 kB
VmallocUsed:       97412 kB
VmallocChunk:      36868 kB
Time pass: 280 sec

---2015-10-15 21:42:55
MemTotal:        1350964 kB
MemFree:           31584 kB
Buffers:            6540 kB
Cached:           485384 kB
SwapCached:            0 kB
Active:           729792 kB
Inactive:         306636 kB
Active(anon):     546676 kB
Inactive(anon):     1708 kB
Active(file):     183116 kB
Inactive(file):   304928 kB
Unevictable:        2124 kB
Mlocked:               0 kB
HighTotal:        802816 kB
HighFree:           1820 kB
LowTotal:         548148 kB
LowFree:           29764 kB
SwapTotal:             0 kB
SwapFree:              0 kB
Dirty:                36 kB
Writeback:             0 kB
AnonPages:        546744 kB
Mapped:           220536 kB
Shmem:              1756 kB
Slab:              33692 kB
SReclaimable:      11796 kB
SUnreclaim:        21896 kB
KernelStack:        9808 kB
PageTables:        20908 kB
NFS_Unstable:          0 kB
Bounce:                0 kB
WritebackTmp:          0 kB
CommitLimit:      675480 kB
Committed_AS:   49312912 kB
VmallocTotal:     253952 kB
VmallocUsed:       97412 kB
VmallocChunk:      36868 kB
Time pass: 284 sec

---2015-10-15 21:42:55
MemTotal:        1350964 kB
MemFree:           31536 kB
Buffers:            6548 kB
Cached:           485384 kB
SwapCached:            0 kB
Active:           729704 kB
Inactive:         306644 kB
Active(anon):     546588 kB
Inactive(anon):     1708 kB
Active(file):     183116 kB
Inactive(file):   304936 kB
Unevictable:        2124 kB
Mlocked:               0 kB
HighTotal:        802816 kB
HighFree:           1620 kB
LowTotal:         548148 kB
LowFree:           29916 kB
SwapTotal:             0 kB
SwapFree:              0 kB
Dirty:                28 kB
Writeback:             0 kB
AnonPages:        546468 kB
Mapped:           220536 kB
Shmem:              1756 kB
Slab:              33752 kB
SReclaimable:      11796 kB
SUnreclaim:        21956 kB
KernelStack:        9808 kB
PageTables:        20904 kB
NFS_Unstable:          0 kB
Bounce:                0 kB
WritebackTmp:          0 kB
CommitLimit:      675480 kB
Committed_AS:   49312868 kB
VmallocTotal:     253952 kB
VmallocUsed:       97412 kB
VmallocChunk:      36868 kB
Time pass: 287 sec

---2015-10-15 21:42:55
MemTotal:        1350964 kB
MemFree:           31700 kB
Buffers:            6564 kB
Cached:           485384 kB
SwapCached:            0 kB
Active:           729824 kB
Inactive:         306660 kB
Active(anon):     546708 kB
Inactive(anon):     1708 kB
Active(file):     183116 kB
Inactive(file):   304952 kB
Unevictable:        2124 kB
Mlocked:               0 kB
HighTotal:        802816 kB
HighFree:           1496 kB
LowTotal:         548148 kB
LowFree:           30204 kB
SwapTotal:             0 kB
SwapFree:              0 kB
Dirty:                48 kB
Writeback:             0 kB
AnonPages:        546716 kB
Mapped:           220684 kB
Shmem:              1756 kB
Slab:              33724 kB
SReclaimable:      11796 kB
SUnreclaim:        21928 kB
KernelStack:        9808 kB
PageTables:        20904 kB
NFS_Unstable:          0 kB
Bounce:                0 kB
WritebackTmp:          0 kB
CommitLimit:      675480 kB
Committed_AS:   49312696 kB
VmallocTotal:     253952 kB
VmallocUsed:       97412 kB
VmallocChunk:      36868 kB
Time pass: 291 sec

---2015-10-15 21:42:55
MemTotal:        1350964 kB
MemFree:           31620 kB
Buffers:            6572 kB
Cached:           485384 kB
SwapCached:            0 kB
Active:           729852 kB
Inactive:         306660 kB
Active(anon):     546736 kB
Inactive(anon):     1708 kB
Active(file):     183116 kB
Inactive(file):   304952 kB
Unevictable:        2124 kB
Mlocked:               0 kB
HighTotal:        802816 kB
HighFree:           1496 kB
LowTotal:         548148 kB
LowFree:           30124 kB
SwapTotal:             0 kB
SwapFree:              0 kB
Dirty:                28 kB
Writeback:             0 kB
AnonPages:        546788 kB
Mapped:           220552 kB
Shmem:              1756 kB
Slab:              33712 kB
SReclaimable:      11796 kB
SUnreclaim:        21916 kB
KernelStack:        9808 kB
PageTables:        20908 kB
NFS_Unstable:          0 kB
Bounce:                0 kB
WritebackTmp:          0 kB
CommitLimit:      675480 kB
Committed_AS:   49312848 kB
VmallocTotal:     253952 kB
VmallocUsed:       97412 kB
VmallocChunk:      36868 kB
Time pass: 294 sec

---2015-10-15 21:42:55
MemTotal:        1350964 kB
MemFree:           31420 kB
Buffers:            6588 kB
Cached:           485384 kB
SwapCached:            0 kB
Active:           730060 kB
Inactive:         306684 kB
Active(anon):     546944 kB
Inactive(anon):     1708 kB
Active(file):     183116 kB
Inactive(file):   304976 kB
Unevictable:        2124 kB
Mlocked:               0 kB
HighTotal:        802816 kB
HighFree:           1496 kB
LowTotal:         548148 kB
LowFree:           29924 kB
SwapTotal:             0 kB
SwapFree:              0 kB
Dirty:                36 kB
Writeback:             0 kB
AnonPages:        546800 kB
Mapped:           220700 kB
Shmem:              1756 kB
Slab:              33728 kB
SReclaimable:      11796 kB
SUnreclaim:        21932 kB
KernelStack:        9808 kB
PageTables:        20908 kB
NFS_Unstable:          0 kB
Bounce:                0 kB
WritebackTmp:          0 kB
CommitLimit:      675480 kB
Committed_AS:   49312756 kB
VmallocTotal:     253952 kB
VmallocUsed:       97412 kB
VmallocChunk:      36868 kB
Time pass: 297 sec

---2015-10-15 21:42:55
MemTotal:        1350964 kB
MemFree:           35204 kB
Buffers:            6564 kB
Cached:           481260 kB
SwapCached:            0 kB
Active:           730144 kB
Inactive:         302448 kB
Active(anon):     546940 kB
Inactive(anon):     1708 kB
Active(file):     183204 kB
Inactive(file):   300740 kB
Unevictable:        2124 kB
Mlocked:               0 kB
HighTotal:        802816 kB
HighFree:           3232 kB
LowTotal:         548148 kB
LowFree:           31972 kB
SwapTotal:             0 kB
SwapFree:              0 kB
Dirty:                 0 kB
Writeback:             8 kB
AnonPages:        547088 kB
Mapped:           220672 kB
Shmem:              1756 kB
Slab:              33796 kB
SReclaimable:      11796 kB
SUnreclaim:        22000 kB
KernelStack:        9808 kB
PageTables:        20884 kB
NFS_Unstable:          0 kB
Bounce:                0 kB
WritebackTmp:          0 kB
CommitLimit:      675480 kB
Committed_AS:   49312880 kB
VmallocTotal:     253952 kB
VmallocUsed:       97412 kB
VmallocChunk:      36868 kB
Time pass: 301 sec

---2015-10-15 21:42:55
MemTotal:        1350964 kB
MemFree:           34812 kB
Buffers:            6564 kB
Cached:           481276 kB
SwapCached:            0 kB
Active:           730728 kB
Inactive:         302464 kB
Active(anon):     547524 kB
Inactive(anon):     1708 kB
Active(file):     183204 kB
Inactive(file):   300756 kB
Unevictable:        2124 kB
Mlocked:               0 kB
HighTotal:        802816 kB
HighFree:           3108 kB
LowTotal:         548148 kB
LowFree:           31704 kB
SwapTotal:             0 kB
SwapFree:              0 kB
Dirty:                40 kB
Writeback:             0 kB
AnonPages:        547560 kB
Mapped:           220700 kB
Shmem:              1756 kB
Slab:              33896 kB
SReclaimable:      11796 kB
SUnreclaim:        22100 kB
KernelStack:        9808 kB
PageTables:        20912 kB
NFS_Unstable:          0 kB
Bounce:                0 kB
WritebackTmp:          0 kB
CommitLimit:      675480 kB
Committed_AS:   49313956 kB
VmallocTotal:     253952 kB
VmallocUsed:       97412 kB
VmallocChunk:      36868 kB
Time pass: 304 sec

---2015-10-15 21:42:55
MemTotal:        1350964 kB
MemFree:           35960 kB
Buffers:            6572 kB
Cached:           481276 kB
SwapCached:            0 kB
Active:           729404 kB
Inactive:         302464 kB
Active(anon):     546200 kB
Inactive(anon):     1708 kB
Active(file):     183204 kB
Inactive(file):   300756 kB
Unevictable:        2124 kB
Mlocked:               0 kB
HighTotal:        802816 kB
HighFree:           3556 kB
LowTotal:         548148 kB
LowFree:           32404 kB
SwapTotal:             0 kB
SwapFree:              0 kB
Dirty:                28 kB
Writeback:             0 kB
AnonPages:        546112 kB
Mapped:           220652 kB
Shmem:              1756 kB
Slab:              33864 kB
SReclaimable:      11796 kB
SUnreclaim:        22068 kB
KernelStack:        9808 kB
PageTables:        20896 kB
NFS_Unstable:          0 kB
Bounce:                0 kB
WritebackTmp:          0 kB
CommitLimit:      675480 kB
Committed_AS:   49312832 kB
VmallocTotal:     253952 kB
VmallocUsed:       97412 kB
VmallocChunk:      36868 kB
Time pass: 308 sec

---2015-10-15 21:42:55
MemTotal:        1350964 kB
MemFree:           35828 kB
Buffers:            6588 kB
Cached:           481276 kB
SwapCached:            0 kB
Active:           729556 kB
Inactive:         302488 kB
Active(anon):     546352 kB
Inactive(anon):     1708 kB
Active(file):     183204 kB
Inactive(file):   300780 kB
Unevictable:        2124 kB
Mlocked:               0 kB
HighTotal:        802816 kB
HighFree:           2588 kB
LowTotal:         548148 kB
LowFree:           33240 kB
SwapTotal:             0 kB
SwapFree:              0 kB
Dirty:                 0 kB
Writeback:             0 kB
AnonPages:        546208 kB
Mapped:           220552 kB
Shmem:              1756 kB
Slab:              33784 kB
SReclaimable:      11796 kB
SUnreclaim:        21988 kB
KernelStack:        9808 kB
PageTables:        20908 kB
NFS_Unstable:          0 kB
Bounce:                0 kB
WritebackTmp:          0 kB
CommitLimit:      675480 kB
Committed_AS:   49312932 kB
VmallocTotal:     253952 kB
VmallocUsed:       97412 kB
VmallocChunk:      36868 kB
Time pass: 311 sec

---2015-10-15 21:42:55
MemTotal:        1350964 kB
MemFree:           36012 kB
Buffers:            6596 kB
Cached:           481276 kB
SwapCached:            0 kB
Active:           729564 kB
Inactive:         302496 kB
Active(anon):     546360 kB
Inactive(anon):     1708 kB
Active(file):     183204 kB
Inactive(file):   300788 kB
Unevictable:        2124 kB
Mlocked:               0 kB
HighTotal:        802816 kB
HighFree:           2736 kB
LowTotal:         548148 kB
LowFree:           33276 kB
SwapTotal:             0 kB
SwapFree:              0 kB
Dirty:                28 kB
Writeback:             0 kB
AnonPages:        546316 kB
Mapped:           220652 kB
Shmem:              1756 kB
Slab:              33684 kB
SReclaimable:      11796 kB
SUnreclaim:        21888 kB
KernelStack:        9808 kB
PageTables:        20896 kB
NFS_Unstable:          0 kB
Bounce:                0 kB
WritebackTmp:          0 kB
CommitLimit:      675480 kB
Committed_AS:   49312940 kB
VmallocTotal:     253952 kB
VmallocUsed:       97412 kB
VmallocChunk:      36868 kB
Time pass: 315 sec

---2015-10-15 21:42:55
MemTotal:        1350964 kB
MemFree:           36380 kB
Buffers:            6612 kB
Cached:           481276 kB
SwapCached:            0 kB
Active:           729696 kB
Inactive:         302512 kB
Active(anon):     546492 kB
Inactive(anon):     1708 kB
Active(file):     183204 kB
Inactive(file):   300804 kB
Unevictable:        2124 kB
Mlocked:               0 kB
HighTotal:        802816 kB
HighFree:           1944 kB
LowTotal:         548148 kB
LowFree:           34436 kB
SwapTotal:             0 kB
SwapFree:              0 kB
Dirty:                40 kB
Writeback:             0 kB
AnonPages:        546500 kB
Mapped:           220700 kB
Shmem:              1756 kB
Slab:              33752 kB
SReclaimable:      11796 kB
SUnreclaim:        21956 kB
KernelStack:        9808 kB
PageTables:        20912 kB
NFS_Unstable:          0 kB
Bounce:                0 kB
WritebackTmp:          0 kB
CommitLimit:      675480 kB
Committed_AS:   49312924 kB
VmallocTotal:     253952 kB
VmallocUsed:       97412 kB
VmallocChunk:      36868 kB
Time pass: 318 sec

---2015-10-15 21:42:55
MemTotal:        1350964 kB
MemFree:           35776 kB
Buffers:            6612 kB
Cached:           481276 kB
SwapCached:            0 kB
Active:           729860 kB
Inactive:         302512 kB
Active(anon):     546656 kB
Inactive(anon):     1708 kB
Active(file):     183204 kB
Inactive(file):   300804 kB
Unevictable:        2124 kB
Mlocked:               0 kB
HighTotal:        802816 kB
HighFree:           1496 kB
LowTotal:         548148 kB
LowFree:           34280 kB
SwapTotal:             0 kB
SwapFree:              0 kB
Dirty:                 0 kB
Writeback:             0 kB
AnonPages:        546708 kB
Mapped:           220700 kB
Shmem:              1756 kB
Slab:              33760 kB
SReclaimable:      11796 kB
SUnreclaim:        21964 kB
KernelStack:        9808 kB
PageTables:        20912 kB
NFS_Unstable:          0 kB
Bounce:                0 kB
WritebackTmp:          0 kB
CommitLimit:      675480 kB
Committed_AS:   49312952 kB
VmallocTotal:     253952 kB
VmallocUsed:       97412 kB
VmallocChunk:      36868 kB
Time pass: 322 sec

---2015-10-15 21:42:55
MemTotal:        1350964 kB
MemFree:           35592 kB
Buffers:            6636 kB
Cached:           481276 kB
SwapCached:            0 kB
Active:           729956 kB
Inactive:         302528 kB
Active(anon):     546752 kB
Inactive(anon):     1708 kB
Active(file):     183204 kB
Inactive(file):   300820 kB
Unevictable:        2124 kB
Mlocked:               0 kB
HighTotal:        802816 kB
HighFree:           1496 kB
LowTotal:         548148 kB
LowFree:           34096 kB
SwapTotal:             0 kB
SwapFree:              0 kB
Dirty:                40 kB
Writeback:             0 kB
AnonPages:        546760 kB
Mapped:           220700 kB
Shmem:              1756 kB
Slab:              33752 kB
SReclaimable:      11800 kB
