---2015-11-23 11:25:36
MemTotal:        1745540 kB
MemFree:           52288 kB
Buffers:            9848 kB
Cached:           463380 kB
SwapCached:        23344 kB
Active:           650880 kB
Inactive:         660492 kB
Active(anon):     423104 kB
Inactive(anon):   420748 kB
Active(file):     227776 kB
Inactive(file):   239744 kB
Unevictable:        3816 kB
Mlocked:               0 kB
HighTotal:       1217536 kB
HighFree:          24604 kB
LowTotal:         528004 kB
LowFree:           27684 kB
SwapTotal:       1310716 kB
SwapFree:         923668 kB
Dirty:                 0 kB
Writeback:             0 kB
AnonPages:        824820 kB
Mapped:           254544 kB
Shmem:              1852 kB
Slab:              55888 kB
SReclaimable:      15616 kB
SUnreclaim:        40272 kB
KernelStack:       15120 kB
PageTables:        54684 kB
NFS_Unstable:          0 kB
Bounce:                0 kB
WritebackTmp:          0 kB
CommitLimit:     2183484 kB
Committed_AS:   134265988 kB
VmallocTotal:     311296 kB
VmallocUsed:       42620 kB
VmallocChunk:     143372 kB
Time pass: 3 sec

---2015-11-23 11:25:36
MemTotal:        1745540 kB
MemFree:           51976 kB
Buffers:            9848 kB
Cached:           463416 kB
SwapCached:        23344 kB
Active:           651052 kB
Inactive:         660540 kB
Active(anon):     423248 kB
Inactive(anon):   420748 kB
Active(file):     227804 kB
Inactive(file):   239792 kB
Unevictable:        3816 kB
Mlocked:               0 kB
HighTotal:       1217536 kB
HighFree:          24284 kB
LowTotal:         528004 kB
LowFree:           27692 kB
SwapTotal:       1310716 kB
SwapFree:         923668 kB
Dirty:                 0 kB
Writeback:             0 kB
AnonPages:        824968 kB
Mapped:           254556 kB
Shmem:              1852 kB
Slab:              55888 kB
SReclaimable:      15616 kB
SUnreclaim:        40272 kB
KernelStack:       15112 kB
PageTables:        54684 kB
NFS_Unstable:          0 kB
Bounce:                0 kB
WritebackTmp:          0 kB
CommitLimit:     2183484 kB
Committed_AS:   134266028 kB
VmallocTotal:     311296 kB
VmallocUsed:       42620 kB
VmallocChunk:     143372 kB
Time pass: 7 sec

---2015-11-23 11:25:36
MemTotal:        1745540 kB
MemFree:           57444 kB
Buffers:            9892 kB
Cached:           464640 kB
SwapCached:        23536 kB
Active:           649260 kB
Inactive:         658548 kB
Active(anon):     421432 kB
Inactive(anon):   417544 kB
Active(file):     227828 kB
Inactive(file):   241004 kB
Unevictable:        3816 kB
Mlocked:               0 kB
HighTotal:       1217536 kB
HighFree:          26696 kB
LowTotal:         528004 kB
LowFree:           30748 kB
SwapTotal:       1310716 kB
SwapFree:         926568 kB
Dirty:                32 kB
Writeback:             0 kB
AnonPages:        820024 kB
Mapped:           254380 kB
Shmem:              1852 kB
Slab:              55880 kB
SReclaimable:      15616 kB
SUnreclaim:        40264 kB
KernelStack:       14904 kB
PageTables:        53616 kB
NFS_Unstable:          0 kB
Bounce:                0 kB
WritebackTmp:          0 kB
CommitLimit:     2183484 kB
Committed_AS:   131258108 kB
VmallocTotal:     311296 kB
VmallocUsed:       41600 kB
VmallocChunk:     143372 kB
Time pass: 11 sec

---2015-11-23 11:25:36
MemTotal:        1745540 kB
MemFree:           56644 kB
Buffers:            9900 kB
Cached:           464612 kB
SwapCached:        23664 kB
Active:           649532 kB
Inactive:         658828 kB
Active(anon):     421704 kB
Inactive(anon):   417812 kB
Active(file):     227828 kB
Inactive(file):   241016 kB
Unevictable:        3816 kB
Mlocked:               0 kB
HighTotal:       1217536 kB
HighFree:          25904 kB
LowTotal:         528004 kB
LowFree:           30740 kB
SwapTotal:       1310716 kB
SwapFree:         926684 kB
Dirty:                 0 kB
Writeback:             0 kB
AnonPages:        820544 kB
Mapped:           254396 kB
Shmem:              1852 kB
Slab:              55876 kB
SReclaimable:      15616 kB
SUnreclaim:        40260 kB
KernelStack:       14912 kB
PageTables:        53620 kB
NFS_Unstable:          0 kB
Bounce:                0 kB
WritebackTmp:          0 kB
CommitLimit:     2183484 kB
Committed_AS:   131259292 kB
VmallocTotal:     311296 kB
VmallocUsed:       41600 kB
VmallocChunk:     143372 kB
Time pass: 15 sec

---2015-11-23 11:25:36
MemTotal:        1745540 kB
MemFree:           56524 kB
Buffers:            9900 kB
Cached:           464620 kB
SwapCached:        23664 kB
Active:           649696 kB
Inactive:         658836 kB
Active(anon):     421868 kB
Inactive(anon):   417812 kB
Active(file):     227828 kB
Inactive(file):   241024 kB
Unevictable:        3816 kB
Mlocked:               0 kB
HighTotal:       1217536 kB
HighFree:          25784 kB
LowTotal:         528004 kB
LowFree:           30740 kB
SwapTotal:       1310716 kB
SwapFree:         926684 kB
Dirty:                32 kB
Writeback:             0 kB
AnonPages:        820712 kB
Mapped:           254396 kB
Shmem:              1852 kB
Slab:              55876 kB
SReclaimable:      15616 kB
SUnreclaim:        40260 kB
KernelStack:       14912 kB
PageTables:        53620 kB
NFS_Unstable:          0 kB
Bounce:                0 kB
WritebackTmp:          0 kB
CommitLimit:     2183484 kB
Committed_AS:   131259372 kB
VmallocTotal:     311296 kB
VmallocUsed:       41600 kB
VmallocChunk:     143372 kB
Time pass: 19 sec

---2015-11-23 11:25:36
MemTotal:        1745540 kB
MemFree:           62180 kB
Buffers:            8548 kB
Cached:           463920 kB
SwapCached:        39900 kB
Active:           652384 kB
Inactive:         669448 kB
Active(anon):     425028 kB
Inactive(anon):   430452 kB
Active(file):     227356 kB
Inactive(file):   238996 kB
Unevictable:        3816 kB
Mlocked:               0 kB
HighTotal:       1217536 kB
HighFree:          28176 kB
LowTotal:         528004 kB
LowFree:           34004 kB
SwapTotal:       1310716 kB
SwapFree:         917236 kB
Dirty:               736 kB
Writeback:             0 kB
AnonPages:        836580 kB
Mapped:           253636 kB
Shmem:              1860 kB
Slab:              55968 kB
SReclaimable:      15584 kB
SUnreclaim:        40384 kB
KernelStack:       15040 kB
PageTables:        54108 kB
NFS_Unstable:          0 kB
Bounce:                0 kB
WritebackTmp:          0 kB
CommitLimit:     2183484 kB
Committed_AS:   132558688 kB
VmallocTotal:     311296 kB
VmallocUsed:       40812 kB
VmallocChunk:     143372 kB
Time pass: 22 sec

---2015-11-23 11:25:36
MemTotal:        1745540 kB
MemFree:           56188 kB
Buffers:            7280 kB
Cached:           356936 kB
SwapCached:        41684 kB
Active:           603268 kB
Inactive:         603604 kB
Active(anon):     423024 kB
Inactive(anon):   425384 kB
Active(file):     180244 kB
Inactive(file):   178220 kB
Unevictable:        3816 kB
Mlocked:               0 kB
HighTotal:       1217536 kB
HighFree:          26808 kB
LowTotal:         528004 kB
LowFree:           29380 kB
SwapTotal:       1310716 kB
SwapFree:         879364 kB
Dirty:                48 kB
Writeback:           120 kB
AnonPages:        828780 kB
Mapped:           269476 kB
Shmem:              1984 kB
Slab:              56860 kB
SReclaimable:      15724 kB
SUnreclaim:        41136 kB
KernelStack:       15600 kB
PageTables:        54688 kB
NFS_Unstable:          0 kB
Bounce:                0 kB
WritebackTmp:          0 kB
CommitLimit:     2183484 kB
Committed_AS:   132873208 kB
VmallocTotal:     311296 kB
VmallocUsed:       40932 kB
VmallocChunk:     143372 kB
Time pass: 27 sec

---2015-11-23 11:25:36
MemTotal:        1745540 kB
MemFree:           64528 kB
Buffers:            7288 kB
Cached:           354132 kB
SwapCached:        42128 kB
Active:           593428 kB
Inactive:         597032 kB
Active(anon):     417096 kB
Inactive(anon):   417736 kB
Active(file):     176332 kB
Inactive(file):   179296 kB
Unevictable:        3816 kB
Mlocked:               0 kB
HighTotal:       1217536 kB
HighFree:          31520 kB
LowTotal:         528004 kB
LowFree:           33008 kB
SwapTotal:       1310716 kB
SwapFree:         888292 kB
Dirty:               780 kB
Writeback:             0 kB
AnonPages:        816128 kB
Mapped:           276160 kB
Shmem:              1972 kB
Slab:              56684 kB
SReclaimable:      15692 kB
SUnreclaim:        40992 kB
KernelStack:       15512 kB
PageTables:        54812 kB
NFS_Unstable:          0 kB
Bounce:                0 kB
WritebackTmp:          0 kB
CommitLimit:     2183484 kB
Committed_AS:   132838808 kB
VmallocTotal:     311296 kB
VmallocUsed:       40908 kB
VmallocChunk:     143372 kB
Time pass: 30 sec

---2015-11-23 11:25:36
MemTotal:        1745540 kB
MemFree:           47240 kB
Buffers:            7156 kB
Cached:           357416 kB
SwapCached:        42320 kB
Active:           589952 kB
Inactive:         593784 kB
Active(anon):     411988 kB
Inactive(anon):   412732 kB
Active(file):     177964 kB
Inactive(file):   181052 kB
Unevictable:        3816 kB
Mlocked:               0 kB
HighTotal:       1217536 kB
HighFree:          21788 kB
LowTotal:         528004 kB
LowFree:           25452 kB
SwapTotal:       1310716 kB
SwapFree:         874000 kB
Dirty:               180 kB
Writeback:             0 kB
AnonPages:        805908 kB
Mapped:           286676 kB
Shmem:              1972 kB
Slab:              56760 kB
SReclaimable:      15700 kB
SUnreclaim:        41060 kB
KernelStack:       15504 kB
PageTables:        54852 kB
NFS_Unstable:          0 kB
Bounce:                0 kB
WritebackTmp:          0 kB
CommitLimit:     2183484 kB
Committed_AS:   132847600 kB
VmallocTotal:     311296 kB
VmallocUsed:       41196 kB
VmallocChunk:     143372 kB
Time pass: 34 sec

---2015-11-23 11:25:36
MemTotal:        1745540 kB
MemFree:           57372 kB
Buffers:            5760 kB
Cached:           341416 kB
SwapCached:        41120 kB
Active:           574508 kB
Inactive:         563576 kB
Active(anon):     405196 kB
Inactive(anon):   391640 kB
Active(file):     169312 kB
Inactive(file):   171936 kB
Unevictable:        3816 kB
Mlocked:               0 kB
HighTotal:       1217536 kB
HighFree:          27276 kB
LowTotal:         528004 kB
LowFree:           30096 kB
SwapTotal:       1310716 kB
SwapFree:         832444 kB
Dirty:                56 kB
Writeback:             0 kB
AnonPages:        780220 kB
Mapped:           297212 kB
Shmem:              1964 kB
Slab:              57260 kB
SReclaimable:      15764 kB
SUnreclaim:        41496 kB
KernelStack:       15584 kB
PageTables:        55068 kB
NFS_Unstable:          0 kB
Bounce:                0 kB
WritebackTmp:          0 kB
CommitLimit:     2183484 kB
Committed_AS:   132881076 kB
VmallocTotal:     311296 kB
VmallocUsed:       41284 kB
VmallocChunk:     143372 kB
Time pass: 37 sec

---2015-11-23 11:25:36
MemTotal:        1745540 kB
MemFree:           54028 kB
Buffers:            5772 kB
Cached:           339648 kB
SwapCached:        41524 kB
Active:           567488 kB
Inactive:         569128 kB
Active(anon):     398204 kB
Inactive(anon):   398532 kB
Active(file):     169284 kB
Inactive(file):   170596 kB
Unevictable:        3816 kB
Mlocked:               0 kB
HighTotal:       1217536 kB
HighFree:          26972 kB
LowTotal:         528004 kB
LowFree:           27056 kB
SwapTotal:       1310716 kB
SwapFree:         829288 kB
Dirty:               168 kB
Writeback:             0 kB
AnonPages:        780120 kB
Mapped:           300212 kB
Shmem:              1964 kB
Slab:              57256 kB
SReclaimable:      15764 kB
SUnreclaim:        41492 kB
KernelStack:       15568 kB
PageTables:        55116 kB
NFS_Unstable:          0 kB
Bounce:                0 kB
WritebackTmp:          0 kB
CommitLimit:     2183484 kB
Committed_AS:   132896980 kB
VmallocTotal:     311296 kB
VmallocUsed:       41440 kB
VmallocChunk:     143372 kB
Time pass: 41 sec

---2015-11-23 11:25:36
MemTotal:        1745540 kB
MemFree:           61364 kB
Buffers:            5788 kB
Cached:           318396 kB
SwapCached:        45248 kB
Active:           554612 kB
Inactive:         549180 kB
Active(anon):     394936 kB
Inactive(anon):   389172 kB
Active(file):     159676 kB
Inactive(file):   160008 kB
Unevictable:        3816 kB
Mlocked:               0 kB
HighTotal:       1217536 kB
HighFree:          34848 kB
LowTotal:         528004 kB
LowFree:           26516 kB
SwapTotal:       1310716 kB
SwapFree:         786780 kB
Dirty:              1108 kB
Writeback:             0 kB
AnonPages:        766568 kB
Mapped:           311220 kB
Shmem:               680 kB
Slab:              57832 kB
SReclaimable:      15772 kB
SUnreclaim:        42060 kB
KernelStack:       15776 kB
PageTables:        55144 kB
NFS_Unstable:          0 kB
Bounce:                0 kB
WritebackTmp:          0 kB
CommitLimit:     2183484 kB
Committed_AS:   132915444 kB
VmallocTotal:     311296 kB
VmallocUsed:       41436 kB
VmallocChunk:     143372 kB
Time pass: 44 sec

---2015-11-23 11:25:36
MemTotal:        1745540 kB
MemFree:           81300 kB
Buffers:            5816 kB
Cached:           309840 kB
SwapCached:        44648 kB
Active:           526736 kB
Inactive:         533476 kB
Active(anon):     371556 kB
Inactive(anon):   377512 kB
Active(file):     155180 kB
Inactive(file):   155964 kB
Unevictable:        3816 kB
Mlocked:               0 kB
HighTotal:       1217536 kB
HighFree:          54788 kB
LowTotal:         528004 kB
LowFree:           26512 kB
SwapTotal:       1310716 kB
SwapFree:         770220 kB
Dirty:               116 kB
Writeback:             0 kB
AnonPages:        731108 kB
Mapped:           330336 kB
Shmem:               696 kB
Slab:              57980 kB
SReclaimable:      15764 kB
SUnreclaim:        42216 kB
KernelStack:       15624 kB
PageTables:        55196 kB
NFS_Unstable:          0 kB
Bounce:                0 kB
WritebackTmp:          0 kB
CommitLimit:     2183484 kB
Committed_AS:   132901648 kB
VmallocTotal:     311296 kB
VmallocUsed:       41600 kB
VmallocChunk:     143372 kB
Time pass: 48 sec

---2015-11-23 11:25:36
MemTotal:        1745540 kB
MemFree:           82596 kB
Buffers:            5816 kB
Cached:           309840 kB
SwapCached:        44708 kB
Active:           526268 kB
Inactive:         533604 kB
Active(anon):     371088 kB
Inactive(anon):   377640 kB
Active(file):     155180 kB
Inactive(file):   155964 kB
Unevictable:        3816 kB
Mlocked:               0 kB
HighTotal:       1217536 kB
HighFree:          55564 kB
LowTotal:         528004 kB
LowFree:           27032 kB
SwapTotal:       1310716 kB
SwapFree:         770548 kB
Dirty:                64 kB
Writeback:             0 kB
AnonPages:        730684 kB
Mapped:           330400 kB
Shmem:               696 kB
Slab:              57976 kB
SReclaimable:      15764 kB
SUnreclaim:        42212 kB
KernelStack:       15624 kB
PageTables:        55196 kB
NFS_Unstable:          0 kB
Bounce:                0 kB
WritebackTmp:          0 kB
CommitLimit:     2183484 kB
Committed_AS:   132901124 kB
VmallocTotal:     311296 kB
VmallocUsed:       41396 kB
VmallocChunk:     143372 kB
Time pass: 51 sec

---2015-11-23 11:25:36
MemTotal:        1745540 kB
MemFree:           85132 kB
Buffers:            5840 kB
Cached:           300604 kB
SwapCached:        45376 kB
Active:           517892 kB
Inactive:         517800 kB
Active(anon):     366588 kB
Inactive(anon):   367196 kB
Active(file):     151304 kB
Inactive(file):   150604 kB
Unevictable:        3816 kB
Mlocked:               0 kB
HighTotal:       1217536 kB
HighFree:          58940 kB
LowTotal:         528004 kB
LowFree:           26192 kB
SwapTotal:       1310716 kB
SwapFree:         752476 kB
Dirty:               364 kB
Writeback:             0 kB
AnonPages:        715084 kB
Mapped:           337848 kB
Shmem:               696 kB
Slab:              58132 kB
SReclaimable:      15764 kB
SUnreclaim:        42368 kB
KernelStack:       15672 kB
PageTables:        55228 kB
NFS_Unstable:          0 kB
Bounce:                0 kB
WritebackTmp:          0 kB
CommitLimit:     2183484 kB
Committed_AS:   132901344 kB
VmallocTotal:     311296 kB
VmallocUsed:       41640 kB
VmallocChunk:     143372 kB
Time pass: 55 sec

---2015-11-23 11:25:36
MemTotal:        1745540 kB
MemFree:           70928 kB
Buffers:            5848 kB
Cached:           300840 kB
SwapCached:        45416 kB
Active:           531640 kB
Inactive:         516888 kB
Active(anon):     380376 kB
Inactive(anon):   366096 kB
Active(file):     151264 kB
Inactive(file):   150792 kB
Unevictable:        3816 kB
Mlocked:               0 kB
HighTotal:       1217536 kB
HighFree:          44520 kB
LowTotal:         528004 kB
LowFree:           26408 kB
SwapTotal:       1310716 kB
SwapFree:         750748 kB
Dirty:               420 kB
Writeback:             0 kB
AnonPages:        728044 kB
Mapped:           338148 kB
Shmem:               696 kB
Slab:              58180 kB
SReclaimable:      15764 kB
SUnreclaim:        42416 kB
KernelStack:       15664 kB
PageTables:        55228 kB
NFS_Unstable:          0 kB
Bounce:                0 kB
WritebackTmp:          0 kB
CommitLimit:     2183484 kB
Committed_AS:   132909636 kB
VmallocTotal:     311296 kB
VmallocUsed:       41640 kB
VmallocChunk:     143372 kB
Time pass: 58 sec

---2015-11-23 11:25:36
MemTotal:        1745540 kB
MemFree:           87484 kB
Buffers:            5748 kB
Cached:           290976 kB
SwapCached:        45956 kB
Active:           507208 kB
Inactive:         508608 kB
Active(anon):     361924 kB
Inactive(anon):   361680 kB
Active(file):     145284 kB
Inactive(file):   146928 kB
Unevictable:        3816 kB
Mlocked:               0 kB
HighTotal:       1217536 kB
HighFree:          57652 kB
LowTotal:         528004 kB
LowFree:           29832 kB
SwapTotal:       1310716 kB
SwapFree:         733728 kB
Dirty:               560 kB
Writeback:             0 kB
AnonPages:        704204 kB
Mapped:           347432 kB
Shmem:               696 kB
Slab:              58548 kB
SReclaimable:      15780 kB
SUnreclaim:        42768 kB
KernelStack:       15624 kB
PageTables:        55268 kB
NFS_Unstable:          0 kB
Bounce:                0 kB
WritebackTmp:          0 kB
CommitLimit:     2183484 kB
Committed_AS:   132909132 kB
VmallocTotal:     311296 kB
VmallocUsed:       41588 kB
VmallocChunk:     143372 kB
Time pass: 62 sec

---2015-11-23 11:25:36
MemTotal:        1745540 kB
MemFree:           69640 kB
Buffers:            5764 kB
Cached:           297852 kB
SwapCached:        46036 kB
Active:           518192 kB
Inactive:         515632 kB
Active(anon):     372864 kB
Inactive(anon):   361856 kB
Active(file):     145328 kB
Inactive(file):   153776 kB
Unevictable:        3816 kB
Mlocked:               0 kB
HighTotal:       1217536 kB
HighFree:          41104 kB
LowTotal:         528004 kB
LowFree:           28536 kB
SwapTotal:       1310716 kB
SwapFree:         733856 kB
Dirty:               348 kB
Writeback:             0 kB
AnonPages:        715200 kB
Mapped:           350716 kB
Shmem:               696 kB
Slab:              58604 kB
SReclaimable:      15780 kB
SUnreclaim:        42824 kB
KernelStack:       15768 kB
PageTables:        55312 kB
NFS_Unstable:          0 kB
Bounce:                0 kB
WritebackTmp:          0 kB
CommitLimit:     2183484 kB
Committed_AS:   132924596 kB
VmallocTotal:     311296 kB
VmallocUsed:       41724 kB
VmallocChunk:     143372 kB
Time pass: 66 sec

---2015-11-23 11:25:36
MemTotal:        1745540 kB
MemFree:           87880 kB
Buffers:            5504 kB
Cached:           262044 kB
SwapCached:        47660 kB
Active:           485368 kB
Inactive:         482696 kB
Active(anon):     353308 kB
Inactive(anon):   351960 kB
Active(file):     132060 kB
Inactive(file):   130736 kB
Unevictable:        3816 kB
Mlocked:               0 kB
HighTotal:       1217536 kB
HighFree:          65056 kB
LowTotal:         528004 kB
LowFree:           22824 kB
SwapTotal:       1310716 kB
SwapFree:         693836 kB
Dirty:                52 kB
Writeback:             0 kB
AnonPages:        684148 kB
Mapped:           332976 kB
Shmem:               856 kB
Slab:              58964 kB
SReclaimable:      15780 kB
SUnreclaim:        43184 kB
KernelStack:       15912 kB
PageTables:        55488 kB
NFS_Unstable:          0 kB
Bounce:                0 kB
WritebackTmp:          0 kB
CommitLimit:     2183484 kB
Committed_AS:   132962888 kB
VmallocTotal:     311296 kB
VmallocUsed:       41656 kB
VmallocChunk:     143372 kB
Time pass: 72 sec

---2015-11-23 11:25:36
MemTotal:        1745540 kB
MemFree:           85212 kB
Buffers:            5552 kB
Cached:           253436 kB
SwapCached:        47880 kB
Active:           483244 kB
Inactive:         474368 kB
Active(anon):     355072 kB
Inactive(anon):   348292 kB
Active(file):     128172 kB
Inactive(file):   126076 kB
Unevictable:        3816 kB
Mlocked:               0 kB
HighTotal:       1217536 kB
HighFree:          62656 kB
LowTotal:         528004 kB
LowFree:           22556 kB
SwapTotal:       1310716 kB
SwapFree:         683592 kB
Dirty:                 0 kB
Writeback:             0 kB
AnonPages:        681984 kB
Mapped:           328064 kB
Shmem:               924 kB
Slab:              59136 kB
SReclaimable:      15780 kB
SUnreclaim:        43356 kB
KernelStack:       15968 kB
PageTables:        55556 kB
NFS_Unstable:          0 kB
Bounce:                0 kB
WritebackTmp:          0 kB
CommitLimit:     2183484 kB
Committed_AS:   132971228 kB
VmallocTotal:     311296 kB
VmallocUsed:       41724 kB
VmallocChunk:     143372 kB
Time pass: 76 sec

---2015-11-23 11:25:36
MemTotal:        1745540 kB
MemFree:           91576 kB
Buffers:            5568 kB
Cached:           238204 kB
SwapCached:        48800 kB
Active:           461996 kB
Inactive:         459124 kB
Active(anon):     341512 kB
Inactive(anon):   340740 kB
Active(file):     120484 kB
Inactive(file):   118384 kB
Unevictable:        3816 kB
Mlocked:               0 kB
HighTotal:       1217536 kB
HighFree:          68108 kB
LowTotal:         528004 kB
LowFree:           23468 kB
SwapTotal:       1310716 kB
SwapFree:         659740 kB
Dirty:                44 kB
Writeback:             0 kB
AnonPages:        659688 kB
Mapped:           320696 kB
Shmem:              1060 kB
Slab:              59284 kB
SReclaimable:      15780 kB
SUnreclaim:        43504 kB
KernelStack:       15984 kB
PageTables:        55680 kB
NFS_Unstable:          0 kB
Bounce:                0 kB
WritebackTmp:          0 kB
CommitLimit:     2183484 kB
Committed_AS:   132973348 kB
VmallocTotal:     311296 kB
VmallocUsed:       41724 kB
VmallocChunk:     143372 kB
Time pass: 80 sec

---2015-11-23 11:25:36
MemTotal:        1745540 kB
MemFree:           91056 kB
Buffers:            5564 kB
Cached:           236424 kB
SwapCached:        48624 kB
Active:           460956 kB
Inactive:         459460 kB
Active(anon):     341816 kB
Inactive(anon):   341524 kB
Active(file):     119140 kB
Inactive(file):   117936 kB
Unevictable:        3816 kB
Mlocked:               0 kB
HighTotal:       1217536 kB
HighFree:          67744 kB
LowTotal:         528004 kB
LowFree:           23312 kB
SwapTotal:       1310716 kB
SwapFree:         659776 kB
Dirty:                44 kB
Writeback:             0 kB
AnonPages:        660800 kB
Mapped:           320660 kB
Shmem:              1092 kB
Slab:              59704 kB
SReclaimable:      15796 kB
SUnreclaim:        43908 kB
KernelStack:       15936 kB
PageTables:        55560 kB
NFS_Unstable:          0 kB
Bounce:                0 kB
WritebackTmp:          0 kB
CommitLimit:     2183484 kB
Committed_AS:   132975548 kB
VmallocTotal:     311296 kB
VmallocUsed:       41724 kB
VmallocChunk:     143372 kB
Time pass: 83 sec

---2015-11-23 11:25:36
MemTotal:        1745540 kB
MemFree:           90548 kB
Buffers:            5572 kB
Cached:           238908 kB
SwapCached:        48788 kB
Active:           459288 kB
Inactive:         462440 kB
Active(anon):     340148 kB
Inactive(anon):   342008 kB
Active(file):     119140 kB
Inactive(file):   120432 kB
Unevictable:        3816 kB
Mlocked:               0 kB
HighTotal:       1217536 kB
HighFree:          67092 kB
LowTotal:         528004 kB
LowFree:           23456 kB
SwapTotal:       1310716 kB
SwapFree:         660104 kB
Dirty:                 0 kB
Writeback:             0 kB
AnonPages:        659736 kB
Mapped:           320592 kB
Shmem:              1092 kB
Slab:              59852 kB
SReclaimable:      15796 kB
SUnreclaim:        44056 kB
KernelStack:       15928 kB
PageTables:        55564 kB
NFS_Unstable:          0 kB
Bounce:                0 kB
WritebackTmp:          0 kB
CommitLimit:     2183484 kB
Committed_AS:   132975596 kB
VmallocTotal:     311296 kB
VmallocUsed:       41724 kB
VmallocChunk:     143372 kB
Time pass: 87 sec

---2015-11-23 11:25:36
MemTotal:        1745540 kB
MemFree:          106004 kB
Buffers:            5792 kB
Cached:           260268 kB
SwapCached:        49300 kB
Active:           456812 kB
Inactive:         460416 kB
Active(anon):     327000 kB
Inactive(anon):   329052 kB
Active(file):     129812 kB
Inactive(file):   131364 kB
Unevictable:        3816 kB
Mlocked:               0 kB
HighTotal:       1217536 kB
HighFree:          82120 kB
LowTotal:         528004 kB
LowFree:           23884 kB
SwapTotal:       1310716 kB
SwapFree:         634620 kB
Dirty:                64 kB
Writeback:             0 kB
AnonPages:        632788 kB
Mapped:           312824 kB
Shmem:               692 kB
Slab:              60384 kB
SReclaimable:      15792 kB
SUnreclaim:        44592 kB
KernelStack:       15840 kB
PageTables:        55308 kB
NFS_Unstable:          0 kB
Bounce:                0 kB
WritebackTmp:          0 kB
CommitLimit:     2183484 kB
Committed_AS:   132962240 kB
VmallocTotal:     311296 kB
VmallocUsed:       41724 kB
VmallocChunk:     143372 kB
Time pass: 91 sec

---2015-11-23 11:25:36
MemTotal:        1745540 kB
MemFree:          339172 kB
Buffers:            5940 kB
Cached:           290028 kB
SwapCached:        49640 kB
Active:           397096 kB
Inactive:         463576 kB
Active(anon):     260752 kB
Inactive(anon):   307880 kB
Active(file):     136344 kB
Inactive(file):   155696 kB
Unevictable:        3816 kB
Mlocked:               0 kB
HighTotal:       1217536 kB
HighFree:         266420 kB
LowTotal:         528004 kB
LowFree:           72752 kB
SwapTotal:       1310716 kB
SwapFree:         639084 kB
Dirty:               328 kB
Writeback:             0 kB
AnonPages:        545204 kB
Mapped:           154988 kB
Shmem:                88 kB
Slab:              60256 kB
SReclaimable:      15772 kB
SUnreclaim:        44484 kB
KernelStack:       15072 kB
PageTables:        53736 kB
NFS_Unstable:          0 kB
Bounce:                0 kB
WritebackTmp:          0 kB
CommitLimit:     2183484 kB
Committed_AS:   131292104 kB
VmallocTotal:     311296 kB
VmallocUsed:       36580 kB
VmallocChunk:     143372 kB
Time pass: 95 sec

---2015-11-23 11:25:36
MemTotal:        1745540 kB
MemFree:          338020 kB
Buffers:            5952 kB
Cached:           290448 kB
SwapCached:        49692 kB
Active:           396912 kB
Inactive:         464920 kB
Active(anon):     260548 kB
Inactive(anon):   308788 kB
Active(file):     136364 kB
Inactive(file):   156132 kB
Unevictable:        3816 kB
Mlocked:               0 kB
HighTotal:       1217536 kB
HighFree:         265240 kB
LowTotal:         528004 kB
LowFree:           72780 kB
SwapTotal:       1310716 kB
SwapFree:         641088 kB
Dirty:                 0 kB
Writeback:             0 kB
AnonPages:        545868 kB
Mapped:           155156 kB
Shmem:                88 kB
Slab:              60228 kB
SReclaimable:      15772 kB
SUnreclaim:        44456 kB
KernelStack:       15016 kB
PageTables:        53800 kB
NFS_Unstable:          0 kB
Bounce:                0 kB
WritebackTmp:          0 kB
CommitLimit:     2183484 kB
Committed_AS:   131293592 kB
VmallocTotal:     311296 kB
VmallocUsed:       36580 kB
VmallocChunk:     143372 kB
Time pass: 98 sec

---2015-11-23 11:25:36
MemTotal:        1745540 kB
MemFree:          340080 kB
Buffers:            5952 kB
Cached:           290448 kB
SwapCached:        49708 kB
Active:           395228 kB
Inactive:         464560 kB
Active(anon):     258860 kB
Inactive(anon):   308416 kB
Active(file):     136368 kB
Inactive(file):   156144 kB
Unevictable:        3816 kB
Mlocked:               0 kB
HighTotal:       1217536 kB
HighFree:         267344 kB
LowTotal:         528004 kB
LowFree:           72736 kB
SwapTotal:       1310716 kB
SwapFree:         641108 kB
Dirty:                 0 kB
Writeback:             0 kB
AnonPages:        543784 kB
Mapped:           155288 kB
Shmem:                88 kB
Slab:              60196 kB
SReclaimable:      15772 kB
SUnreclaim:        44424 kB
KernelStack:       15032 kB
PageTables:        53816 kB
NFS_Unstable:          0 kB
Bounce:                0 kB
WritebackTmp:          0 kB
CommitLimit:     2183484 kB
Committed_AS:   131292684 kB
VmallocTotal:     311296 kB
VmallocUsed:       36580 kB
VmallocChunk:     143372 kB
Time pass: 102 sec

---2015-11-23 11:25:36
MemTotal:        1745540 kB
MemFree:          340240 kB
Buffers:            5960 kB
Cached:           290476 kB
SwapCached:        49708 kB
Active:           394936 kB
Inactive:         464588 kB
Active(anon):     258568 kB
Inactive(anon):   308432 kB
Active(file):     136368 kB
Inactive(file):   156156 kB
Unevictable:        3816 kB
Mlocked:               0 kB
HighTotal:       1217536 kB
HighFree:         267464 kB
LowTotal:         528004 kB
LowFree:           72776 kB
SwapTotal:       1310716 kB
SwapFree:         641124 kB
Dirty:                20 kB
Writeback:             0 kB
AnonPages:        543520 kB
Mapped:           155204 kB
Shmem:                88 kB
Slab:              60192 kB
SReclaimable:      15772 kB
SUnreclaim:        44420 kB
KernelStack:       15008 kB
PageTables:        53820 kB
NFS_Unstable:          0 kB
Bounce:                0 kB
WritebackTmp:          0 kB
CommitLimit:     2183484 kB
Committed_AS:   131290120 kB
VmallocTotal:     311296 kB
VmallocUsed:       36580 kB
VmallocChunk:     143372 kB
Time pass: 105 sec

---2015-11-23 11:25:36
MemTotal:        1745540 kB
MemFree:          308048 kB
Buffers:            6780 kB
Cached:           305084 kB
SwapCached:        49856 kB
Active:           413068 kB
Inactive:         478756 kB
Active(anon):     274828 kB
Inactive(anon):   309040 kB
Active(file):     138240 kB
Inactive(file):   169716 kB
Unevictable:        3816 kB
Mlocked:               0 kB
HighTotal:       1217536 kB
HighFree:         235848 kB
LowTotal:         528004 kB
LowFree:           72200 kB
SwapTotal:       1310716 kB
SwapFree:         641776 kB
Dirty:                 0 kB
Writeback:             0 kB
AnonPages:        560124 kB
Mapped:           170768 kB
Shmem:                80 kB
Slab:              60192 kB
SReclaimable:      15772 kB
SUnreclaim:        44420 kB
KernelStack:       15144 kB
PageTables:        54456 kB
NFS_Unstable:          0 kB
Bounce:                0 kB
WritebackTmp:          0 kB
CommitLimit:     2183484 kB
Committed_AS:   132598428 kB
VmallocTotal:     311296 kB
VmallocUsed:       36736 kB
VmallocChunk:     143372 kB
Time pass: 109 sec

---2015-11-23 11:25:36
MemTotal:        1745540 kB
MemFree:          194716 kB
Buffers:            6864 kB
Cached:           317368 kB
SwapCached:        49968 kB
Active:           444404 kB
Inactive:         486932 kB
Active(anon):     301660 kB
Inactive(anon):   309484 kB
Active(file):     142744 kB
Inactive(file):   177448 kB
Unevictable:        3816 kB
Mlocked:               0 kB
HighTotal:       1217536 kB
HighFree:         133492 kB
LowTotal:         528004 kB
LowFree:           61224 kB
SwapTotal:       1310716 kB
SwapFree:         642120 kB
Dirty:              1788 kB
Writeback:             0 kB
AnonPages:        587404 kB
Mapped:           230560 kB
Shmem:               224 kB
Slab:              60240 kB
SReclaimable:      15784 kB
SUnreclaim:        44456 kB
KernelStack:       15648 kB
PageTables:        54920 kB
NFS_Unstable:          0 kB
Bounce:                0 kB
WritebackTmp:          0 kB
CommitLimit:     2183484 kB
Committed_AS:   132917964 kB
VmallocTotal:     311296 kB
VmallocUsed:       37136 kB
VmallocChunk:     143372 kB
Time pass: 112 sec

---2015-11-23 11:25:36
MemTotal:        1745540 kB
MemFree:          129440 kB
Buffers:            6864 kB
Cached:           318988 kB
SwapCached:        49948 kB
Active:           459436 kB
Inactive:         488488 kB
Active(anon):     316136 kB
Inactive(anon):   309984 kB
Active(file):     143300 kB
Inactive(file):   178504 kB
Unevictable:        3816 kB
Mlocked:               0 kB
HighTotal:       1217536 kB
HighFree:          81640 kB
LowTotal:         528004 kB
LowFree:           47800 kB
SwapTotal:       1310716 kB
SwapFree:         643936 kB
Dirty:              1748 kB
Writeback:             0 kB
AnonPages:        602096 kB
Mapped:           271104 kB
Shmem:               224 kB
Slab:              60328 kB
SReclaimable:      15752 kB
SUnreclaim:        44576 kB
KernelStack:       15672 kB
PageTables:        55092 kB
NFS_Unstable:          0 kB
Bounce:                0 kB
WritebackTmp:          0 kB
CommitLimit:     2183484 kB
Committed_AS:   132926020 kB
VmallocTotal:     311296 kB
VmallocUsed:       37288 kB
VmallocChunk:     143372 kB
Time pass: 116 sec

---2015-11-23 11:25:36
MemTotal:        1745540 kB
MemFree:          130692 kB
Buffers:            6872 kB
Cached:           319020 kB
SwapCached:        49948 kB
Active:           459580 kB
Inactive:         488532 kB
Active(anon):     316276 kB
Inactive(anon):   309984 kB
Active(file):     143304 kB
Inactive(file):   178548 kB
Unevictable:        3816 kB
Mlocked:               0 kB
HighTotal:       1217536 kB
HighFree:          82152 kB
LowTotal:         528004 kB
LowFree:           48540 kB
SwapTotal:       1310716 kB
SwapFree:         643964 kB
Dirty:               112 kB
Writeback:             0 kB
AnonPages:        602328 kB
Mapped:           271164 kB
Shmem:               224 kB
Slab:              60324 kB
SReclaimable:      15736 kB
SUnreclaim:        44588 kB
KernelStack:       15592 kB
PageTables:        55112 kB
NFS_Unstable:          0 kB
Bounce:                0 kB
WritebackTmp:          0 kB
CommitLimit:     2183484 kB
Committed_AS:   132926084 kB
VmallocTotal:     311296 kB
VmallocUsed:       37220 kB
VmallocChunk:     143372 kB
Time pass: 120 sec

---2015-11-23 11:25:36
MemTotal:        1745540 kB
MemFree:          115324 kB
Buffers:            6880 kB
Cached:           319452 kB
SwapCached:        49948 kB
Active:           461020 kB
Inactive:         488576 kB
Active(anon):     317324 kB
Inactive(anon):   309980 kB
Active(file):     143696 kB
Inactive(file):   178596 kB
Unevictable:        3816 kB
Mlocked:               0 kB
HighTotal:       1217536 kB
HighFree:          80872 kB
LowTotal:         528004 kB
LowFree:           34452 kB
SwapTotal:       1310716 kB
SwapFree:         643964 kB
Dirty:               380 kB
Writeback:             0 kB
AnonPages:        603448 kB
Mapped:           282640 kB
Shmem:               224 kB
Slab:              60320 kB
SReclaimable:      15736 kB
SUnreclaim:        44584 kB
KernelStack:       15592 kB
PageTables:        55140 kB
NFS_Unstable:          0 kB
Bounce:                0 kB
WritebackTmp:          0 kB
CommitLimit:     2183484 kB
Committed_AS:   132926444 kB
VmallocTotal:     311296 kB
VmallocUsed:       37260 kB
VmallocChunk:     143372 kB
Time pass: 123 sec

---2015-11-23 11:25:36
MemTotal:        1745540 kB
MemFree:          114196 kB
Buffers:            6880 kB
Cached:           319460 kB
SwapCached:        49948 kB
Active:           461668 kB
Inactive:         488560 kB
Active(anon):     317944 kB
Inactive(anon):   309984 kB
Active(file):     143724 kB
Inactive(file):   178576 kB
Unevictable:        3816 kB
Mlocked:               0 kB
HighTotal:       1217536 kB
HighFree:          80148 kB
LowTotal:         528004 kB
LowFree:           34048 kB
SwapTotal:       1310716 kB
SwapFree:         643972 kB
Dirty:               372 kB
Writeback:             0 kB
AnonPages:        604072 kB
Mapped:           282636 kB
Shmem:               224 kB
Slab:              60320 kB
SReclaimable:      15736 kB
SUnreclaim:        44584 kB
KernelStack:       15592 kB
PageTables:        55144 kB
NFS_Unstable:          0 kB
Bounce:                0 kB
WritebackTmp:          0 kB
CommitLimit:     2183484 kB
Committed_AS:   132926532 kB
VmallocTotal:     311296 kB
VmallocUsed:       37396 kB
VmallocChunk:     143372 kB
Time pass: 127 sec

---2015-11-23 11:25:36
MemTotal:        1745540 kB
MemFree:          109916 kB
Buffers:            6880 kB
Cached:           311960 kB
SwapCached:        48624 kB
Active:           460956 kB
Inactive:         485748 kB
Active(anon):     315796 kB
Inactive(anon):   316104 kB
Active(file):     145160 kB
Inactive(file):   169644 kB
Unevictable:        3816 kB
Mlocked:               0 kB
HighTotal:       1217536 kB
HighFree:          79580 kB
LowTotal:         528004 kB
LowFree:           30336 kB
SwapTotal:       1310716 kB
SwapFree:         641356 kB
Dirty:               516 kB
Writeback:             0 kB
AnonPages:        608032 kB
Mapped:           291916 kB
Shmem:               220 kB
Slab:              60296 kB
SReclaimable:      15744 kB
SUnreclaim:        44552 kB
KernelStack:       15600 kB
PageTables:        55180 kB
NFS_Unstable:          0 kB
Bounce:                0 kB
WritebackTmp:          0 kB
CommitLimit:     2183484 kB
Committed_AS:   132934748 kB
VmallocTotal:     311296 kB
VmallocUsed:       37412 kB
VmallocChunk:     143372 kB
Time pass: 131 sec

---2015-11-23 11:25:36
MemTotal:        1745540 kB
MemFree:          109668 kB
Buffers:            6888 kB
Cached:           312228 kB
SwapCached:        48604 kB
Active:           461072 kB
Inactive:         486040 kB
Active(anon):     315912 kB
Inactive(anon):   316120 kB
Active(file):     145160 kB
Inactive(file):   169920 kB
Unevictable:        3816 kB
Mlocked:               0 kB
HighTotal:       1217536 kB
HighFree:          79308 kB
LowTotal:         528004 kB
LowFree:           30360 kB
SwapTotal:       1310716 kB
SwapFree:         641556 kB
Dirty:                56 kB
Writeback:             0 kB
AnonPages:        608076 kB
Mapped:           292008 kB
Shmem:               220 kB
Slab:              60348 kB
SReclaimable:      15760 kB
SUnreclaim:        44588 kB
KernelStack:       15592 kB
PageTables:        55180 kB
NFS_Unstable:          0 kB
Bounce:                0 kB
WritebackTmp:          0 kB
CommitLimit:     2183484 kB
Committed_AS:   132934908 kB
VmallocTotal:     311296 kB
VmallocUsed:       37412 kB
VmallocChunk:     143372 kB
Time pass: 134 sec

---2015-11-23 11:25:36
MemTotal:        1745540 kB
MemFree:          109620 kB
Buffers:            6888 kB
Cached:           312228 kB
SwapCached:        48604 kB
Active:           461052 kB
Inactive:         486036 kB
Active(anon):     315892 kB
Inactive(anon):   316116 kB
Active(file):     145160 kB
Inactive(file):   169920 kB
Unevictable:        3816 kB
Mlocked:               0 kB
HighTotal:       1217536 kB
HighFree:          79308 kB
LowTotal:         528004 kB
LowFree:           30312 kB
SwapTotal:       1310716 kB
SwapFree:         641564 kB
Dirty:                 4 kB
Writeback:             0 kB
AnonPages:        608116 kB
Mapped:           292012 kB
Shmem:               220 kB
Slab:              60248 kB
SReclaimable:      15744 kB
SUnreclaim:        44504 kB
KernelStack:       15592 kB
PageTables:        55180 kB
NFS_Unstable:          0 kB
Bounce:                0 kB
WritebackTmp:          0 kB
CommitLimit:     2183484 kB
Committed_AS:   132934988 kB
VmallocTotal:     311296 kB
VmallocUsed:       37412 kB
VmallocChunk:     143372 kB
Time pass: 138 sec

---2015-11-23 11:25:36
MemTotal:        1745540 kB
MemFree:           96672 kB
Buffers:            8476 kB
Cached:           310892 kB
SwapCached:        47264 kB
Active:           470368 kB
Inactive:         489992 kB
Active(anon):     325180 kB
Inactive(anon):   320212 kB
Active(file):     145188 kB
Inactive(file):   169780 kB
Unevictable:        3816 kB
Mlocked:               0 kB
HighTotal:       1217536 kB
HighFree:          66812 kB
LowTotal:         528004 kB
LowFree:           29860 kB
SwapTotal:       1310716 kB
SwapFree:         641700 kB
Dirty:                88 kB
Writeback:             0 kB
AnonPages:        621496 kB
Mapped:           292260 kB
Shmem:               400 kB
Slab:              59940 kB
SReclaimable:      15760 kB
SUnreclaim:        44180 kB
KernelStack:       15984 kB
PageTables:        55440 kB
NFS_Unstable:          0 kB
Bounce:                0 kB
WritebackTmp:          0 kB
CommitLimit:     2183484 kB
Committed_AS:   132990348 kB
VmallocTotal:     311296 kB
VmallocUsed:       37548 kB
VmallocChunk:     143372 kB
Time pass: 142 sec

---2015-11-23 11:25:36
MemTotal:        1745540 kB
MemFree:           95632 kB
Buffers:            8320 kB
Cached:           302784 kB
SwapCached:        45984 kB
Active:           469040 kB
Inactive:         483404 kB
Active(anon):     323832 kB
Inactive(anon):   321880 kB
Active(file):     145208 kB
Inactive(file):   161524 kB
Unevictable:        3816 kB
Mlocked:               0 kB
HighTotal:       1217536 kB
HighFree:          65480 kB
LowTotal:         528004 kB
LowFree:           30152 kB
SwapTotal:       1310716 kB
SwapFree:         637904 kB
Dirty:                48 kB
Writeback:             0 kB
AnonPages:        621276 kB
Mapped:           283588 kB
Shmem:               556 kB
Slab:              59920 kB
SReclaimable:      15760 kB
SUnreclaim:        44160 kB
KernelStack:       15952 kB
PageTables:        55484 kB
NFS_Unstable:          0 kB
Bounce:                0 kB
WritebackTmp:          0 kB
CommitLimit:     2183484 kB
Committed_AS:   132993928 kB
VmallocTotal:     311296 kB
VmallocUsed:       37548 kB
VmallocChunk:     143372 kB
Time pass: 146 sec

---2015-11-23 11:25:36
MemTotal:        1745540 kB
MemFree:           95240 kB
Buffers:            8320 kB
Cached:           303000 kB
SwapCached:        45980 kB
Active:           469616 kB
Inactive:         483668 kB
Active(anon):     324408 kB
Inactive(anon):   322036 kB
Active(file):     145208 kB
Inactive(file):   161632 kB
Unevictable:        3816 kB
Mlocked:               0 kB
HighTotal:       1217536 kB
HighFree:          64556 kB
LowTotal:         528004 kB
LowFree:           30684 kB
SwapTotal:       1310716 kB
SwapFree:         637968 kB
Dirty:                 4 kB
Writeback:             0 kB
AnonPages:        622140 kB
Mapped:           283696 kB
Shmem:               664 kB
Slab:              59916 kB
SReclaimable:      15760 kB
SUnreclaim:        44156 kB
KernelStack:       15888 kB
PageTables:        55492 kB
NFS_Unstable:          0 kB
Bounce:                0 kB
WritebackTmp:          0 kB
CommitLimit:     2183484 kB
Committed_AS:   132994008 kB
VmallocTotal:     311296 kB
VmallocUsed:       37548 kB
VmallocChunk:     143372 kB
Time pass: 150 sec

---2015-11-23 11:25:36
MemTotal:        1745540 kB
MemFree:           93732 kB
Buffers:            8244 kB
Cached:           302884 kB
SwapCached:        45976 kB
Active:           470268 kB
Inactive:         483648 kB
Active(anon):     325220 kB
Inactive(anon):   322052 kB
Active(file):     145048 kB
Inactive(file):   161596 kB
Unevictable:        3816 kB
Mlocked:               0 kB
HighTotal:       1217536 kB
HighFree:          63464 kB
LowTotal:         528004 kB
LowFree:           30268 kB
SwapTotal:       1310716 kB
SwapFree:         637980 kB
Dirty:                32 kB
Writeback:             0 kB
AnonPages:        622772 kB
Mapped:           283580 kB
Shmem:               668 kB
Slab:              59908 kB
SReclaimable:      15760 kB
SUnreclaim:        44148 kB
KernelStack:       15888 kB
PageTables:        55492 kB
NFS_Unstable:          0 kB
Bounce:                0 kB
WritebackTmp:          0 kB
CommitLimit:     2183484 kB
Committed_AS:   132994216 kB
VmallocTotal:     311296 kB
VmallocUsed:       37548 kB
VmallocChunk:     143372 kB
Time pass: 154 sec

---2015-11-23 11:25:36
MemTotal:        1745540 kB
MemFree:           94548 kB
Buffers:            8244 kB
Cached:           302796 kB
SwapCached:        45968 kB
Active:           471052 kB
Inactive:         483664 kB
Active(anon):     326100 kB
Inactive(anon):   322172 kB
Active(file):     144952 kB
Inactive(file):   161492 kB
Unevictable:        3816 kB
Mlocked:               0 kB
HighTotal:       1217536 kB
HighFree:          63264 kB
LowTotal:         528004 kB
LowFree:           31284 kB
SwapTotal:       1310716 kB
SwapFree:         637992 kB
Dirty:                 8 kB
Writeback:             0 kB
AnonPages:        623772 kB
Mapped:           283428 kB
Shmem:               780 kB
Slab:              59936 kB
SReclaimable:      15760 kB
SUnreclaim:        44176 kB
KernelStack:       15896 kB
PageTables:        55496 kB
NFS_Unstable:          0 kB
Bounce:                0 kB
WritebackTmp:          0 kB
CommitLimit:     2183484 kB
Committed_AS:   132994336 kB
VmallocTotal:     311296 kB
VmallocUsed:       37480 kB
VmallocChunk:     143372 kB
Time pass: 158 sec

---2015-11-23 11:25:36
MemTotal:        1745540 kB
MemFree:           95236 kB
Buffers:            8252 kB
Cached:           303108 kB
SwapCached:        45960 kB
Active:           471380 kB
Inactive:         484032 kB
Active(anon):     326528 kB
Inactive(anon):   322252 kB
Active(file):     144852 kB
Inactive(file):   161780 kB
Unevictable:        3816 kB
Mlocked:               0 kB
HighTotal:       1217536 kB
HighFree:          62616 kB
LowTotal:         528004 kB
LowFree:           32620 kB
SwapTotal:       1310716 kB
SwapFree:         638056 kB
Dirty:                 4 kB
Writeback:             0 kB
AnonPages:        624196 kB
Mapped:           283436 kB
Shmem:               844 kB
Slab:              59964 kB
SReclaimable:      15760 kB
SUnreclaim:        44204 kB
KernelStack:       15872 kB
PageTables:        55496 kB
NFS_Unstable:          0 kB
Bounce:                0 kB
WritebackTmp:          0 kB
CommitLimit:     2183484 kB
Committed_AS:   132994408 kB
VmallocTotal:     311296 kB
VmallocUsed:       37548 kB
VmallocChunk:     143372 kB
Time pass: 162 sec

---2015-11-23 11:25:36
MemTotal:        1745540 kB
MemFree:           92800 kB
Buffers:            8252 kB
Cached:           303060 kB
SwapCached:        45960 kB
Active:           471648 kB
Inactive:         484056 kB
Active(anon):     326788 kB
Inactive(anon):   322264 kB
Active(file):     144860 kB
Inactive(file):   161792 kB
Unevictable:        3816 kB
Mlocked:               0 kB
HighTotal:       1217536 kB
HighFree:          61768 kB
LowTotal:         528004 kB
LowFree:           31032 kB
SwapTotal:       1310716 kB
SwapFree:         638060 kB
Dirty:                 4 kB
Writeback:             0 kB
AnonPages:        624484 kB
Mapped:           283328 kB
Shmem:               844 kB
Slab:              59964 kB
SReclaimable:      15760 kB
SUnreclaim:        44204 kB
KernelStack:       15872 kB
PageTables:        55496 kB
NFS_Unstable:          0 kB
Bounce:                0 kB
WritebackTmp:          0 kB
CommitLimit:     2183484 kB
Committed_AS:   132994560 kB
VmallocTotal:     311296 kB
VmallocUsed:       37480 kB
VmallocChunk:     143372 kB
Time pass: 165 sec

---2015-11-23 11:25:36
MemTotal:        1745540 kB
MemFree:           85388 kB
Buffers:            8260 kB
Cached:           303052 kB
SwapCached:        45948 kB
Active:           478880 kB
Inactive:         484032 kB
Active(anon):     334056 kB
Inactive(anon):   322244 kB
Active(file):     144824 kB
Inactive(file):   161788 kB
Unevictable:        3816 kB
Mlocked:               0 kB
HighTotal:       1217536 kB
HighFree:          54312 kB
LowTotal:         528004 kB
LowFree:           31076 kB
SwapTotal:       1310716 kB
SwapFree:         638096 kB
Dirty:                12 kB
Writeback:             0 kB
AnonPages:        631664 kB
Mapped:           283252 kB
Shmem:               852 kB
Slab:              59968 kB
SReclaimable:      15760 kB
SUnreclaim:        44208 kB
KernelStack:       15952 kB
PageTables:        55512 kB
NFS_Unstable:          0 kB
Bounce:                0 kB
WritebackTmp:          0 kB
CommitLimit:     2183484 kB
Committed_AS:   133014168 kB
VmallocTotal:     311296 kB
VmallocUsed:       37548 kB
VmallocChunk:     143372 kB
Time pass: 169 sec

---2015-11-23 11:25:36
MemTotal:        1745540 kB
MemFree:           81528 kB
Buffers:            8316 kB
Cached:           302936 kB
SwapCached:        45948 kB
Active:           482488 kB
Inactive:         484056 kB
Active(anon):     337656 kB
Inactive(anon):   322028 kB
Active(file):     144832 kB
Inactive(file):   162028 kB
Unevictable:        3816 kB
Mlocked:               0 kB
HighTotal:       1217536 kB
HighFree:          49684 kB
LowTotal:         528004 kB
LowFree:           31844 kB
SwapTotal:       1310716 kB
SwapFree:         638200 kB
Dirty:                48 kB
Writeback:             0 kB
AnonPages:        635620 kB
Mapped:           282668 kB
Shmem:               576 kB
Slab:              60176 kB
SReclaimable:      15760 kB
SUnreclaim:        44416 kB
KernelStack:       15928 kB
PageTables:        55528 kB
NFS_Unstable:          0 kB
Bounce:                0 kB
WritebackTmp:          0 kB
CommitLimit:     2183484 kB
Committed_AS:   133021428 kB
VmallocTotal:     311296 kB
VmallocUsed:       37548 kB
VmallocChunk:     143372 kB
Time pass: 173 sec

---2015-11-23 11:25:36
MemTotal:        1745540 kB
MemFree:           82728 kB
Buffers:            9168 kB
Cached:           289044 kB
SwapCached:        44716 kB
Active:           481996 kB
Inactive:         480996 kB
Active(anon):     334876 kB
Inactive(anon):   334348 kB
Active(file):     147120 kB
Inactive(file):   146648 kB
Unevictable:        3816 kB
Mlocked:               0 kB
HighTotal:       1217536 kB
HighFree:          51432 kB
LowTotal:         528004 kB
LowFree:           31296 kB
SwapTotal:       1310716 kB
SwapFree:         629532 kB
Dirty:               128 kB
Writeback:             0 kB
AnonPages:        644424 kB
Mapped:           284560 kB
Shmem:               588 kB
Slab:              60412 kB
SReclaimable:      15760 kB
SUnreclaim:        44652 kB
KernelStack:       16264 kB
PageTables:        56148 kB
NFS_Unstable:          0 kB
Bounce:                0 kB
WritebackTmp:          0 kB
CommitLimit:     2183484 kB
Committed_AS:   134560244 kB
VmallocTotal:     311296 kB
VmallocUsed:       37548 kB
VmallocChunk:     143372 kB
Time pass: 176 sec

---2015-11-23 11:25:36
MemTotal:        1745540 kB
MemFree:           82304 kB
Buffers:            9188 kB
Cached:           288912 kB
SwapCached:        44704 kB
Active:           483124 kB
Inactive:         481812 kB
Active(anon):     336684 kB
Inactive(anon):   334556 kB
Active(file):     146440 kB
Inactive(file):   147256 kB
Unevictable:        3816 kB
Mlocked:               0 kB
HighTotal:       1217536 kB
HighFree:          49564 kB
LowTotal:         528004 kB
LowFree:           32740 kB
SwapTotal:       1310716 kB
SwapFree:         629728 kB
Dirty:                64 kB
Writeback:             0 kB
AnonPages:        646684 kB
Mapped:           282416 kB
Shmem:               588 kB
Slab:              60436 kB
SReclaimable:      15764 kB
SUnreclaim:        44672 kB
KernelStack:       16208 kB
PageTables:        56176 kB
NFS_Unstable:          0 kB
Bounce:                0 kB
WritebackTmp:          0 kB
CommitLimit:     2183484 kB
Committed_AS:   134562388 kB
VmallocTotal:     311296 kB
VmallocUsed:       37480 kB
VmallocChunk:     143372 kB
Time pass: 180 sec

---2015-11-23 11:25:36
MemTotal:        1745540 kB
MemFree:           83124 kB
Buffers:            9196 kB
Cached:           288596 kB
SwapCached:        44704 kB
Active:           484592 kB
Inactive:         481676 kB
Active(anon):     338364 kB
Inactive(anon):   334616 kB
Active(file):     146228 kB
Inactive(file):   147060 kB
Unevictable:        3816 kB
Mlocked:               0 kB
HighTotal:       1217536 kB
HighFree:          48348 kB
LowTotal:         528004 kB
LowFree:           34776 kB
SwapTotal:       1310716 kB
SwapFree:         629744 kB
Dirty:                28 kB
Writeback:             0 kB
AnonPages:        648276 kB
Mapped:           281980 kB
Shmem:               632 kB
Slab:              60520 kB
SReclaimable:      15764 kB
SUnreclaim:        44756 kB
KernelStack:       16248 kB
PageTables:        56188 kB
NFS_Unstable:          0 kB
Bounce:                0 kB
WritebackTmp:          0 kB
CommitLimit:     2183484 kB
Committed_AS:   134564500 kB
VmallocTotal:     311296 kB
VmallocUsed:       37548 kB
VmallocChunk:     143372 kB
Time pass: 184 sec

---2015-11-23 11:25:36
MemTotal:        1745540 kB
MemFree:           79728 kB
Buffers:            9212 kB
Cached:           288332 kB
SwapCached:        44704 kB
Active:           486956 kB
Inactive:         481580 kB
Active(anon):     340836 kB
Inactive(anon):   334604 kB
Active(file):     146120 kB
Inactive(file):   146976 kB
Unevictable:        3816 kB
Mlocked:               0 kB
HighTotal:       1217536 kB
HighFree:          46044 kB
LowTotal:         528004 kB
LowFree:           33684 kB
SwapTotal:       1310716 kB
SwapFree:         629912 kB
Dirty:                40 kB
Writeback:             0 kB
AnonPages:        650708 kB
Mapped:           281800 kB
Shmem:               632 kB
Slab:              60492 kB
SReclaimable:      15764 kB
SUnreclaim:        44728 kB
KernelStack:       16256 kB
PageTables:        56192 kB
NFS_Unstable:          0 kB
Bounce:                0 kB
WritebackTmp:          0 kB
CommitLimit:     2183484 kB
Committed_AS:   134568812 kB
VmallocTotal:     311296 kB
VmallocUsed:       37480 kB
VmallocChunk:     143372 kB
Time pass: 187 sec

---2015-11-23 11:25:36
MemTotal:        1745540 kB
MemFree:           86552 kB
Buffers:            9220 kB
Cached:           293368 kB
SwapCached:        44684 kB
Active:           474116 kB
Inactive:         486356 kB
Active(anon):     327880 kB
Inactive(anon):   334484 kB
Active(file):     146236 kB
Inactive(file):   151872 kB
Unevictable:        3816 kB
Mlocked:               0 kB
HighTotal:       1217536 kB
HighFree:          52516 kB
LowTotal:         528004 kB
LowFree:           34036 kB
SwapTotal:       1310716 kB
SwapFree:         630264 kB
Dirty:                 4 kB
Writeback:             0 kB
AnonPages:        637872 kB
Mapped:           275580 kB
Shmem:               648 kB
Slab:              60432 kB
SReclaimable:      15764 kB
SUnreclaim:        44668 kB
KernelStack:       15944 kB
PageTables:        55588 kB
NFS_Unstable:          0 kB
Bounce:                0 kB
WritebackTmp:          0 kB
CommitLimit:     2183484 kB
Committed_AS:   133030152 kB
VmallocTotal:     311296 kB
VmallocUsed:       37548 kB
VmallocChunk:     143372 kB
Time pass: 191 sec

---2015-11-23 11:25:36
MemTotal:        1745540 kB
MemFree:           77616 kB
Buffers:            9236 kB
Cached:           293352 kB
SwapCached:        44688 kB
Active:           484620 kB
Inactive:         486248 kB
Active(anon):     338056 kB
Inactive(anon):   334688 kB
Active(file):     146564 kB
Inactive(file):   151560 kB
Unevictable:        3816 kB
Mlocked:               0 kB
HighTotal:       1217536 kB
HighFree:          43156 kB
LowTotal:         528004 kB
LowFree:           34460 kB
SwapTotal:       1310716 kB
SwapFree:         630500 kB
Dirty:               116 kB
Writeback:             0 kB
AnonPages:        648168 kB
Mapped:           282616 kB
Shmem:               648 kB
Slab:              60600 kB
SReclaimable:      15788 kB
SUnreclaim:        44812 kB
KernelStack:       16232 kB
PageTables:        56160 kB
NFS_Unstable:          0 kB
Bounce:                0 kB
WritebackTmp:          0 kB
CommitLimit:     2183484 kB
Committed_AS:   134567188 kB
VmallocTotal:     311296 kB
VmallocUsed:       37548 kB
VmallocChunk:     143372 kB
Time pass: 195 sec

---2015-11-23 11:25:36
MemTotal:        1745540 kB
MemFree:           76160 kB
Buffers:            9236 kB
Cached:           293228 kB
SwapCached:        44684 kB
Active:           485236 kB
Inactive:         486124 kB
Active(anon):     338672 kB
Inactive(anon):   334688 kB
Active(file):     146564 kB
Inactive(file):   151436 kB
Unevictable:        3816 kB
Mlocked:               0 kB
HighTotal:       1217536 kB
HighFree:          42156 kB
LowTotal:         528004 kB
LowFree:           34004 kB
SwapTotal:       1310716 kB
SwapFree:         630540 kB
Dirty:                12 kB
Writeback:             0 kB
AnonPages:        648648 kB
Mapped:           282704 kB
Shmem:               648 kB
Slab:              60552 kB
SReclaimable:      15788 kB
SUnreclaim:        44764 kB
KernelStack:       16200 kB
PageTables:        56192 kB
NFS_Unstable:          0 kB
Bounce:                0 kB
WritebackTmp:          0 kB
CommitLimit:     2183484 kB
Committed_AS:   134567380 kB
VmallocTotal:     311296 kB
VmallocUsed:       37480 kB
VmallocChunk:     143372 kB
Time pass: 198 sec

---2015-11-23 11:25:36
MemTotal:        1745540 kB
MemFree:           81680 kB
Buffers:            9268 kB
Cached:           293668 kB
SwapCached:        44688 kB
Active:           487428 kB
Inactive:         481580 kB
Active(anon):     340988 kB
Inactive(anon):   329468 kB
Active(file):     146440 kB
Inactive(file):   152112 kB
Unevictable:        3816 kB
Mlocked:               0 kB
HighTotal:       1217536 kB
HighFree:          43724 kB
LowTotal:         528004 kB
LowFree:           37956 kB
SwapTotal:       1310716 kB
SwapFree:         630568 kB
Dirty:                84 kB
Writeback:             0 kB
AnonPages:        645844 kB
Mapped:           281852 kB
Shmem:               652 kB
Slab:              60544 kB
SReclaimable:      15788 kB
SUnreclaim:        44756 kB
KernelStack:       16240 kB
PageTables:        56140 kB
NFS_Unstable:          0 kB
Bounce:                0 kB
WritebackTmp:          0 kB
CommitLimit:     2183484 kB
Committed_AS:   134573308 kB
VmallocTotal:     311296 kB
VmallocUsed:       36528 kB
VmallocChunk:     143372 kB
Time pass: 202 sec

---2015-11-23 11:25:36
MemTotal:        1745540 kB
MemFree:           80660 kB
Buffers:            9260 kB
Cached:           292580 kB
SwapCached:        44688 kB
Active:           486940 kB
Inactive:         481024 kB
Active(anon):     341116 kB
Inactive(anon):   329480 kB
Active(file):     145824 kB
Inactive(file):   151544 kB
Unevictable:        3816 kB
Mlocked:               0 kB
HighTotal:       1217536 kB
HighFree:          42808 kB
LowTotal:         528004 kB
LowFree:           37852 kB
SwapTotal:       1310716 kB
SwapFree:         630576 kB
Dirty:                 0 kB
Writeback:             0 kB
AnonPages:        646012 kB
Mapped:           281712 kB
Shmem:               664 kB
Slab:              60568 kB
SReclaimable:      15788 kB
SUnreclaim:        44780 kB
KernelStack:       16248 kB
PageTables:        56140 kB
NFS_Unstable:          0 kB
Bounce:                0 kB
WritebackTmp:          0 kB
CommitLimit:     2183484 kB
Committed_AS:   134573460 kB
VmallocTotal:     311296 kB
VmallocUsed:       36528 kB
VmallocChunk:     143372 kB
Time pass: 205 sec

---2015-11-23 11:25:36
MemTotal:        1745540 kB
MemFree:           90688 kB
Buffers:            9276 kB
Cached:           292412 kB
SwapCached:        44696 kB
Active:           486384 kB
Inactive:         471788 kB
Active(anon):     331456 kB
Inactive(anon):   329508 kB
Active(file):     154928 kB
Inactive(file):   142280 kB
Unevictable:        3816 kB
Mlocked:               0 kB
HighTotal:       1217536 kB
HighFree:          52540 kB
LowTotal:         528004 kB
LowFree:           38148 kB
SwapTotal:       1310716 kB
SwapFree:         630672 kB
Dirty:                 4 kB
Writeback:             0 kB
AnonPages:        635964 kB
Mapped:           274292 kB
Shmem:               664 kB
Slab:              60712 kB
SReclaimable:      15788 kB
SUnreclaim:        44924 kB
KernelStack:       15864 kB
PageTables:        55560 kB
NFS_Unstable:          0 kB
Bounce:                0 kB
WritebackTmp:          0 kB
CommitLimit:     2183484 kB
Committed_AS:   133036756 kB
VmallocTotal:     311296 kB
VmallocUsed:       36528 kB
VmallocChunk:     143372 kB
Time pass: 209 sec

---2015-11-23 11:25:36
MemTotal:        1745540 kB
MemFree:           79700 kB
Buffers:            9276 kB
Cached:           292276 kB
SwapCached:        44700 kB
Active:           496024 kB
Inactive:         471948 kB
Active(anon):     341272 kB
Inactive(anon):   329644 kB
Active(file):     154752 kB
Inactive(file):   142304 kB
Unevictable:        3816 kB
Mlocked:               0 kB
HighTotal:       1217536 kB
HighFree:          42332 kB
LowTotal:         528004 kB
LowFree:           37368 kB
SwapTotal:       1310716 kB
SwapFree:         630864 kB
Dirty:                88 kB
Writeback:             0 kB
AnonPages:        646156 kB
Mapped:           280328 kB
Shmem:               664 kB
Slab:              60584 kB
SReclaimable:      15788 kB
SUnreclaim:        44796 kB
KernelStack:       16176 kB
PageTables:        56136 kB
NFS_Unstable:          0 kB
Bounce:                0 kB
WritebackTmp:          0 kB
CommitLimit:     2183484 kB
Committed_AS:   134571036 kB
VmallocTotal:     311296 kB
VmallocUsed:       36528 kB
VmallocChunk:     143372 kB
Time pass: 213 sec

---2015-11-23 11:25:36
MemTotal:        1745540 kB
MemFree:           75292 kB
Buffers:            9292 kB
Cached:           291892 kB
SwapCached:        44700 kB
Active:           501936 kB
Inactive:         471952 kB
Active(anon):     347468 kB
Inactive(anon):   329732 kB
Active(file):     154468 kB
Inactive(file):   142220 kB
Unevictable:        3816 kB
Mlocked:               0 kB
HighTotal:       1217536 kB
HighFree:          36756 kB
LowTotal:         528004 kB
LowFree:           38536 kB
SwapTotal:       1310716 kB
SwapFree:         630908 kB
Dirty:               116 kB
Writeback:             0 kB
AnonPages:        652480 kB
Mapped:           281060 kB
Shmem:               680 kB
Slab:              60664 kB
SReclaimable:      15788 kB
SUnreclaim:        44876 kB
KernelStack:       16136 kB
PageTables:        56176 kB
NFS_Unstable:          0 kB
Bounce:                0 kB
WritebackTmp:          0 kB
CommitLimit:     2183484 kB
Committed_AS:   134573852 kB
VmallocTotal:     311296 kB
VmallocUsed:       36460 kB
VmallocChunk:     143372 kB
Time pass: 216 sec

---2015-11-23 11:25:36
MemTotal:        1745540 kB
MemFree:           74380 kB
Buffers:            9300 kB
Cached:           293388 kB
SwapCached:        44644 kB
Active:           502452 kB
Inactive:         472052 kB
Active(anon):     347964 kB
Inactive(anon):   328484 kB
Active(file):     154488 kB
Inactive(file):   143568 kB
Unevictable:        3816 kB
Mlocked:               0 kB
HighTotal:       1217536 kB
HighFree:          35740 kB
LowTotal:         528004 kB
LowFree:           38640 kB
SwapTotal:       1310716 kB
SwapFree:         634368 kB
Dirty:                48 kB
Writeback:             0 kB
AnonPages:        651748 kB
Mapped:           281156 kB
Shmem:               692 kB
Slab:              60660 kB
SReclaimable:      15784 kB
SUnreclaim:        44876 kB
KernelStack:       16080 kB
PageTables:        55632 kB
NFS_Unstable:          0 kB
Bounce:                0 kB
WritebackTmp:          0 kB
CommitLimit:     2183484 kB
Committed_AS:   133065580 kB
VmallocTotal:     311296 kB
VmallocUsed:       35508 kB
VmallocChunk:     143372 kB
Time pass: 220 sec

---2015-11-23 11:25:36
MemTotal:        1745540 kB
MemFree:           76560 kB
Buffers:            9264 kB
Cached:           292292 kB
SwapCached:        44632 kB
Active:           502672 kB
Inactive:         471484 kB
Active(anon):     348732 kB
Inactive(anon):   328376 kB
Active(file):     153940 kB
Inactive(file):   143108 kB
Unevictable:        3816 kB
Mlocked:               0 kB
HighTotal:       1217536 kB
HighFree:          35528 kB
LowTotal:         528004 kB
LowFree:           41032 kB
SwapTotal:       1310716 kB
SwapFree:         634540 kB
Dirty:                 0 kB
Writeback:             0 kB
AnonPages:        652360 kB
Mapped:           280628 kB
Shmem:               692 kB
Slab:              60684 kB
SReclaimable:      15784 kB
SUnreclaim:        44900 kB
KernelStack:       16080 kB
PageTables:        55632 kB
NFS_Unstable:          0 kB
Bounce:                0 kB
WritebackTmp:          0 kB
CommitLimit:     2183484 kB
Committed_AS:   133065668 kB
VmallocTotal:     311296 kB
VmallocUsed:       35440 kB
VmallocChunk:     143372 kB
Time pass: 224 sec

---2015-11-23 11:25:36
MemTotal:        1745540 kB
MemFree:           75360 kB
Buffers:            9272 kB
Cached:           291936 kB
SwapCached:        44628 kB
Active:           502484 kB
Inactive:         471344 kB
Active(anon):     348732 kB
Inactive(anon):   328396 kB
Active(file):     153752 kB
Inactive(file):   142948 kB
Unevictable:        3816 kB
Mlocked:               0 kB
HighTotal:       1217536 kB
HighFree:          35176 kB
LowTotal:         528004 kB
LowFree:           40184 kB
SwapTotal:       1310716 kB
SwapFree:         634636 kB
Dirty:                32 kB
Writeback:             0 kB
AnonPages:        652656 kB
Mapped:           280516 kB
Shmem:               692 kB
Slab:              60672 kB
SReclaimable:      15784 kB
SUnreclaim:        44888 kB
KernelStack:       16080 kB
PageTables:        55636 kB
NFS_Unstable:          0 kB
Bounce:                0 kB
WritebackTmp:          0 kB
CommitLimit:     2183484 kB
Committed_AS:   133065804 kB
VmallocTotal:     311296 kB
VmallocUsed:       35508 kB
VmallocChunk:     143372 kB
Time pass: 227 sec

---2015-11-23 11:25:36
MemTotal:        1745540 kB
MemFree:           86128 kB
Buffers:            9420 kB
Cached:           292184 kB
SwapCached:        44628 kB
Active:           492408 kB
Inactive:         471844 kB
Active(anon):     338640 kB
Inactive(anon):   328516 kB
Active(file):     153768 kB
Inactive(file):   143328 kB
Unevictable:        3816 kB
Mlocked:               0 kB
HighTotal:       1217536 kB
HighFree:          44940 kB
LowTotal:         528004 kB
LowFree:           41188 kB
SwapTotal:       1310716 kB
SwapFree:         634668 kB
Dirty:                72 kB
Writeback:             0 kB
AnonPages:        642452 kB
Mapped:           273504 kB
Shmem:               692 kB
Slab:              60504 kB
SReclaimable:      15784 kB
SUnreclaim:        44720 kB
KernelStack:       15760 kB
PageTables:        55024 kB
NFS_Unstable:          0 kB
Bounce:                0 kB
WritebackTmp:          0 kB
CommitLimit:     2183484 kB
Committed_AS:   131528872 kB
VmallocTotal:     311296 kB
VmallocUsed:       35440 kB
VmallocChunk:     143372 kB
Time pass: 231 sec

---2015-11-23 11:25:36
MemTotal:        1745540 kB
MemFree:           73332 kB
Buffers:            9420 kB
Cached:           292000 kB
SwapCached:        44628 kB
Active:           502724 kB
Inactive:         471728 kB
Active(anon):     348952 kB
Inactive(anon):   328588 kB
Active(file):     153772 kB
Inactive(file):   143140 kB
Unevictable:        3816 kB
Mlocked:               0 kB
HighTotal:       1217536 kB
HighFree:          33684 kB
LowTotal:         528004 kB
LowFree:           39648 kB
SwapTotal:       1310716 kB
SwapFree:         634760 kB
Dirty:               108 kB
Writeback:             0 kB
AnonPages:        652996 kB
Mapped:           280664 kB
Shmem:               692 kB
Slab:              60592 kB
SReclaimable:      15784 kB
SUnreclaim:        44808 kB
KernelStack:       16136 kB
PageTables:        55632 kB
NFS_Unstable:          0 kB
Bounce:                0 kB
WritebackTmp:          0 kB
CommitLimit:     2183484 kB
Committed_AS:   133066996 kB
VmallocTotal:     311296 kB
VmallocUsed:       35508 kB
VmallocChunk:     143372 kB
Time pass: 234 sec

---2015-11-23 11:25:36
MemTotal:        1745540 kB
MemFree:           73768 kB
Buffers:            9368 kB
Cached:           292256 kB
SwapCached:        44628 kB
Active:           503484 kB
Inactive:         471828 kB
Active(anon):     349712 kB
Inactive(anon):   328604 kB
Active(file):     153772 kB
Inactive(file):   143224 kB
Unevictable:        3816 kB
Mlocked:               0 kB
HighTotal:       1217536 kB
HighFree:          33360 kB
LowTotal:         528004 kB
LowFree:           40408 kB
SwapTotal:       1310716 kB
SwapFree:         634780 kB
Dirty:                96 kB
Writeback:             0 kB
AnonPages:        653696 kB
Mapped:           280664 kB
Shmem:               692 kB
Slab:              60528 kB
SReclaimable:      15784 kB
SUnreclaim:        44744 kB
KernelStack:       16088 kB
PageTables:        55632 kB
NFS_Unstable:          0 kB
Bounce:                0 kB
WritebackTmp:          0 kB
CommitLimit:     2183484 kB
Committed_AS:   133067108 kB
VmallocTotal:     311296 kB
VmallocUsed:       35508 kB
VmallocChunk:     143372 kB
Time pass: 238 sec

---2015-11-23 11:25:36
MemTotal:        1745540 kB
MemFree:           73640 kB
Buffers:            9160 kB
Cached:           292164 kB
SwapCached:        44620 kB
Active:           504360 kB
Inactive:         471668 kB
Active(anon):     350748 kB
Inactive(anon):   328464 kB
Active(file):     153612 kB
Inactive(file):   143204 kB
Unevictable:        3816 kB
Mlocked:               0 kB
HighTotal:       1217536 kB
HighFree:          32276 kB
LowTotal:         528004 kB
LowFree:           41364 kB
SwapTotal:       1310716 kB
SwapFree:         634860 kB
Dirty:                 0 kB
Writeback:             0 kB
AnonPages:        654584 kB
Mapped:           280688 kB
Shmem:               692 kB
Slab:              60608 kB
SReclaimable:      15784 kB
SUnreclaim:        44824 kB
KernelStack:       16136 kB
PageTables:        55640 kB
NFS_Unstable:          0 kB
Bounce:                0 kB
WritebackTmp:          0 kB
CommitLimit:     2183484 kB
Committed_AS:   133067356 kB
VmallocTotal:     311296 kB
VmallocUsed:       35508 kB
VmallocChunk:     143372 kB
Time pass: 242 sec

---2015-11-23 11:25:36
MemTotal:        1745540 kB
MemFree:           72788 kB
Buffers:            8772 kB
Cached:           292024 kB
SwapCached:        44620 kB
Active:           504888 kB
Inactive:         471380 kB
Active(anon):     351520 kB
Inactive(anon):   328460 kB
Active(file):     153368 kB
Inactive(file):   142920 kB
Unevictable:        3816 kB
Mlocked:               0 kB
HighTotal:       1217536 kB
HighFree:          31748 kB
LowTotal:         528004 kB
LowFree:           41040 kB
SwapTotal:       1310716 kB
SwapFree:         634888 kB
Dirty:                56 kB
Writeback:             0 kB
AnonPages:        655316 kB
Mapped:           280628 kB
Shmem:               692 kB
Slab:              60592 kB
SReclaimable:      15800 kB
SUnreclaim:        44792 kB
KernelStack:       16104 kB
PageTables:        55636 kB
NFS_Unstable:          0 kB
Bounce:                0 kB
WritebackTmp:          0 kB
CommitLimit:     2183484 kB
Committed_AS:   133067436 kB
VmallocTotal:     311296 kB
VmallocUsed:       35440 kB
VmallocChunk:     143372 kB
Time pass: 246 sec

---2015-11-23 11:25:36
MemTotal:        1745540 kB
MemFree:           82676 kB
Buffers:            8772 kB
Cached:           293948 kB
SwapCached:        44620 kB
Active:           493720 kB
Inactive:         473436 kB
Active(anon):     340348 kB
Inactive(anon):   328596 kB
Active(file):     153372 kB
Inactive(file):   144840 kB
Unevictable:        3816 kB
Mlocked:               0 kB
HighTotal:       1217536 kB
HighFree:          40896 kB
LowTotal:         528004 kB
LowFree:           41780 kB
SwapTotal:       1310716 kB
SwapFree:         635072 kB
Dirty:                64 kB
Writeback:             0 kB
AnonPages:        644348 kB
Mapped:           273552 kB
Shmem:               692 kB
Slab:              60476 kB
SReclaimable:      15800 kB
SUnreclaim:        44676 kB
KernelStack:       15768 kB
PageTables:        55028 kB
NFS_Unstable:          0 kB
Bounce:                0 kB
WritebackTmp:          0 kB
CommitLimit:     2183484 kB
Committed_AS:   131529520 kB
VmallocTotal:     311296 kB
VmallocUsed:       35508 kB
VmallocChunk:     143372 kB
Time pass: 249 sec

---2015-11-23 11:25:36
MemTotal:        1745540 kB
MemFree:           68384 kB
Buffers:            8768 kB
Cached:           293624 kB
SwapCached:        44612 kB
Active:           509020 kB
Inactive:         473120 kB
Active(anon):     355844 kB
Inactive(anon):   328552 kB
Active(file):     153176 kB
Inactive(file):   144568 kB
Unevictable:        3816 kB
Mlocked:               0 kB
HighTotal:       1217536 kB
HighFree:          25484 kB
LowTotal:         528004 kB
LowFree:           42900 kB
SwapTotal:       1310716 kB
SwapFree:         635220 kB
Dirty:                76 kB
Writeback:             0 kB
AnonPages:        659712 kB
Mapped:           280480 kB
Shmem:               692 kB
Slab:              60576 kB
SReclaimable:      15800 kB
SUnreclaim:        44776 kB
KernelStack:       16160 kB
PageTables:        55648 kB
NFS_Unstable:          0 kB
Bounce:                0 kB
WritebackTmp:          0 kB
CommitLimit:     2183484 kB
Committed_AS:   133067552 kB
VmallocTotal:     311296 kB
VmallocUsed:       36528 kB
VmallocChunk:     143372 kB
Time pass: 253 sec

---2015-11-23 11:25:36
MemTotal:        1745540 kB
MemFree:           66332 kB
Buffers:            8780 kB
Cached:           293548 kB
SwapCached:        44608 kB
Active:           508328 kB
Inactive:         473604 kB
Active(anon):     355324 kB
Inactive(anon):   328788 kB
Active(file):     153004 kB
Inactive(file):   144816 kB
Unevictable:        3816 kB
Mlocked:               0 kB
HighTotal:       1217536 kB
HighFree:          25080 kB
LowTotal:         528004 kB
LowFree:           41252 kB
SwapTotal:       1310716 kB
SwapFree:         635464 kB
Dirty:                 4 kB
Writeback:             0 kB
AnonPages:        659500 kB
Mapped:           280752 kB
Shmem:               692 kB
Slab:              60580 kB
SReclaimable:      15800 kB
SUnreclaim:        44780 kB
KernelStack:       16144 kB
PageTables:        55652 kB
NFS_Unstable:          0 kB
Bounce:                0 kB
WritebackTmp:          0 kB
CommitLimit:     2183484 kB
Committed_AS:   133063316 kB
VmallocTotal:     311296 kB
VmallocUsed:       36528 kB
VmallocChunk:     143372 kB
Time pass: 257 sec

---2015-11-23 11:25:36
MemTotal:        1745540 kB
MemFree:           73320 kB
Buffers:            8776 kB
Cached:           293372 kB
SwapCached:        44608 kB
Active:           502428 kB
Inactive:         473512 kB
Active(anon):     349520 kB
Inactive(anon):   328780 kB
Active(file):     152908 kB
Inactive(file):   144732 kB
Unevictable:        3816 kB
Mlocked:               0 kB
HighTotal:       1217536 kB
HighFree:          31000 kB
LowTotal:         528004 kB
LowFree:           42320 kB
SwapTotal:       1310716 kB
SwapFree:         635476 kB
Dirty:                44 kB
Writeback:             0 kB
AnonPages:        653624 kB
Mapped:           280568 kB
Shmem:               692 kB
Slab:              60572 kB
SReclaimable:      15800 kB
SUnreclaim:        44772 kB
KernelStack:       16088 kB
PageTables:        55652 kB
NFS_Unstable:          0 kB
Bounce:                0 kB
WritebackTmp:          0 kB
CommitLimit:     2183484 kB
Committed_AS:   133063292 kB
VmallocTotal:     311296 kB
VmallocUsed:       36460 kB
VmallocChunk:     143372 kB
Time pass: 260 sec

---2015-11-23 11:25:36
MemTotal:        1745540 kB
MemFree:           74572 kB
Buffers:            8788 kB
Cached:           292880 kB
SwapCached:        44608 kB
Active:           502832 kB
Inactive:         473248 kB
Active(anon):     350092 kB
Inactive(anon):   328844 kB
Active(file):     152740 kB
Inactive(file):   144404 kB
Unevictable:        3816 kB
Mlocked:               0 kB
HighTotal:       1217536 kB
HighFree:          30764 kB
LowTotal:         528004 kB
LowFree:           43808 kB
SwapTotal:       1310716 kB
SwapFree:         635516 kB
Dirty:                 0 kB
Writeback:             0 kB
AnonPages:        654084 kB
Mapped:           280676 kB
Shmem:               724 kB
Slab:              60548 kB
SReclaimable:      15800 kB
SUnreclaim:        44748 kB
KernelStack:       16088 kB
PageTables:        55652 kB
NFS_Unstable:          0 kB
Bounce:                0 kB
WritebackTmp:          0 kB
CommitLimit:     2183484 kB
Committed_AS:   133063620 kB
VmallocTotal:     311296 kB
VmallocUsed:       36460 kB
VmallocChunk:     143372 kB
Time pass: 264 sec

---2015-11-23 11:25:36
MemTotal:        1745540 kB
MemFree:           85028 kB
Buffers:            8788 kB
Cached:           292172 kB
SwapCached:        44608 kB
Active:           492420 kB
Inactive:         472912 kB
Active(anon):     340056 kB
Inactive(anon):   328864 kB
Active(file):     152364 kB
Inactive(file):   144048 kB
Unevictable:        3816 kB
Mlocked:               0 kB
HighTotal:       1217536 kB
HighFree:          40628 kB
LowTotal:         528004 kB
LowFree:           44400 kB
SwapTotal:       1310716 kB
SwapFree:         635552 kB
Dirty:                 4 kB
Writeback:             0 kB
AnonPages:        644140 kB
Mapped:           273504 kB
Shmem:               732 kB
Slab:              60568 kB
SReclaimable:      15800 kB
SUnreclaim:        44768 kB
KernelStack:       15752 kB
PageTables:        55036 kB
NFS_Unstable:          0 kB
Bounce:                0 kB
WritebackTmp:          0 kB
CommitLimit:     2183484 kB
Committed_AS:   131525984 kB
VmallocTotal:     311296 kB
VmallocUsed:       35440 kB
VmallocChunk:     143372 kB
Time pass: 267 sec

---2015-11-23 11:25:36
MemTotal:        1745540 kB
MemFree:           70960 kB
Buffers:            8804 kB
Cached:           292028 kB
SwapCached:        44612 kB
Active:           505120 kB
Inactive:         472648 kB
Active(anon):     352752 kB
Inactive(anon):   328768 kB
Active(file):     152368 kB
Inactive(file):   143880 kB
Unevictable:        3816 kB
Mlocked:               0 kB
HighTotal:       1217536 kB
HighFree:          27628 kB
LowTotal:         528004 kB
LowFree:           43332 kB
SwapTotal:       1310716 kB
SwapFree:         635652 kB
Dirty:                88 kB
Writeback:             0 kB
AnonPages:        657052 kB
Mapped:           280372 kB
Shmem:               732 kB
Slab:              60604 kB
SReclaimable:      15800 kB
SUnreclaim:        44804 kB
KernelStack:       16040 kB
PageTables:        55596 kB
NFS_Unstable:          0 kB
Bounce:                0 kB
WritebackTmp:          0 kB
CommitLimit:     2183484 kB
Committed_AS:   133062604 kB
VmallocTotal:     311296 kB
VmallocUsed:       36528 kB
VmallocChunk:     143372 kB
Time pass: 271 sec

---2015-11-23 11:25:36
MemTotal:        1745540 kB
MemFree:           68580 kB
Buffers:            8804 kB
Cached:           291996 kB
SwapCached:        44612 kB
Active:           507764 kB
Inactive:         472912 kB
Active(anon):     355488 kB
Inactive(anon):   328936 kB
Active(file):     152276 kB
Inactive(file):   143976 kB
Unevictable:        3816 kB
Mlocked:               0 kB
HighTotal:       1217536 kB
HighFree:          25064 kB
LowTotal:         528004 kB
LowFree:           43516 kB
SwapTotal:       1310716 kB
SwapFree:         635796 kB
Dirty:                88 kB
Writeback:             0 kB
AnonPages:        659668 kB
Mapped:           280748 kB
Shmem:               732 kB
Slab:              60588 kB
SReclaimable:      15800 kB
SUnreclaim:        44788 kB
KernelStack:       16088 kB
PageTables:        55660 kB
NFS_Unstable:          0 kB
Bounce:                0 kB
WritebackTmp:          0 kB
CommitLimit:     2183484 kB
Committed_AS:   133064116 kB
VmallocTotal:     311296 kB
VmallocUsed:       36528 kB
VmallocChunk:     143372 kB
Time pass: 275 sec

---2015-11-23 11:25:36
MemTotal:        1745540 kB
MemFree:           66736 kB
Buffers:           10364 kB
Cached:           291792 kB
SwapCached:        44612 kB
Active:           508028 kB
Inactive:         474336 kB
Active(anon):     355840 kB
Inactive(anon):   328928 kB
Active(file):     152188 kB
Inactive(file):   145408 kB
Unevictable:        3816 kB
Mlocked:               0 kB
HighTotal:       1217536 kB
HighFree:          24592 kB
LowTotal:         528004 kB
LowFree:           42144 kB
SwapTotal:       1310716 kB
SwapFree:         635804 kB
Dirty:                96 kB
Writeback:             0 kB
AnonPages:        659992 kB
Mapped:           280748 kB
Shmem:               732 kB
Slab:              60556 kB
SReclaimable:      15804 kB
SUnreclaim:        44752 kB
KernelStack:       16120 kB
PageTables:        55664 kB
NFS_Unstable:          0 kB
Bounce:                0 kB
WritebackTmp:          0 kB
CommitLimit:     2183484 kB
Committed_AS:   133064120 kB
VmallocTotal:     311296 kB
VmallocUsed:       36528 kB
VmallocChunk:     143372 kB
Time pass: 279 sec

---2015-11-23 11:25:36
MemTotal:        1745540 kB
MemFree:           67048 kB
Buffers:           10372 kB
Cached:           291088 kB
SwapCached:        44612 kB
Active:           508184 kB
Inactive:         473624 kB
Active(anon):     355968 kB
Inactive(anon):   328928 kB
Active(file):     152216 kB
Inactive(file):   144696 kB
Unevictable:        3816 kB
Mlocked:               0 kB
HighTotal:       1217536 kB
HighFree:          24740 kB
LowTotal:         528004 kB
LowFree:           42308 kB
SwapTotal:       1310716 kB
SwapFree:         635812 kB
Dirty:                 0 kB
Writeback:             0 kB
AnonPages:        660344 kB
Mapped:           280748 kB
Shmem:               732 kB
Slab:              60604 kB
SReclaimable:      15816 kB
SUnreclaim:        44788 kB
KernelStack:       16120 kB
PageTables:        55656 kB
NFS_Unstable:          0 kB
Bounce:                0 kB
WritebackTmp:          0 kB
CommitLimit:     2183484 kB
Committed_AS:   133064436 kB
VmallocTotal:     311296 kB
VmallocUsed:       36528 kB
VmallocChunk:     143372 kB
Time pass: 282 sec

---2015-11-23 11:25:36
MemTotal:        1745540 kB
MemFree:           77292 kB
Buffers:           10388 kB
Cached:           290708 kB
SwapCached:        44612 kB
Active:           498392 kB
Inactive:         473144 kB
Active(anon):     346044 kB
Inactive(anon):   328992 kB
Active(file):     152348 kB
Inactive(file):   144152 kB
Unevictable:        3816 kB
Mlocked:               0 kB
HighTotal:       1217536 kB
HighFree:          33600 kB
LowTotal:         528004 kB
LowFree:           43692 kB
SwapTotal:       1310716 kB
SwapFree:         635868 kB
Dirty:                48 kB
Writeback:             0 kB
AnonPages:        650216 kB
Mapped:           273600 kB
Shmem:               780 kB
Slab:              60572 kB
SReclaimable:      15816 kB
SUnreclaim:        44756 kB
KernelStack:       15824 kB
PageTables:        55052 kB
NFS_Unstable:          0 kB
Bounce:                0 kB
WritebackTmp:          0 kB
CommitLimit:     2183484 kB
Committed_AS:   131526644 kB
VmallocTotal:     311296 kB
VmallocUsed:       35508 kB
VmallocChunk:     143372 kB
Time pass: 286 sec

---2015-11-23 11:25:36
MemTotal:        1745540 kB
MemFree:           68468 kB
Buffers:           10404 kB
Cached:           290708 kB
SwapCached:        44612 kB
Active:           507596 kB
Inactive:         473204 kB
Active(anon):     355240 kB
Inactive(anon):   329044 kB
Active(file):     152356 kB
Inactive(file):   144160 kB
Unevictable:        3816 kB
Mlocked:               0 kB
HighTotal:       1217536 kB
HighFree:          25096 kB
LowTotal:         528004 kB
LowFree:           43372 kB
SwapTotal:       1310716 kB
SwapFree:         635908 kB
Dirty:                80 kB
Writeback:             0 kB
AnonPages:        659660 kB
Mapped:           279120 kB
Shmem:               780 kB
Slab:              60504 kB
SReclaimable:      15820 kB
SUnreclaim:        44684 kB
KernelStack:       15984 kB
PageTables:        55636 kB
NFS_Unstable:          0 kB
Bounce:                0 kB
WritebackTmp:          0 kB
CommitLimit:     2183484 kB
Committed_AS:   133059492 kB
VmallocTotal:     311296 kB
VmallocUsed:       35508 kB
VmallocChunk:     143372 kB
Time pass: 290 sec

---2015-11-23 11:25:36
MemTotal:        1745540 kB
MemFree:           57380 kB
Buffers:           10388 kB
Cached:           296388 kB
SwapCached:        44556 kB
Active:           512448 kB
Inactive:         479704 kB
Active(anon):     360168 kB
Inactive(anon):   329808 kB
Active(file):     152280 kB
Inactive(file):   149896 kB
Unevictable:        3816 kB
Mlocked:               0 kB
HighTotal:       1217536 kB
HighFree:          19644 kB
LowTotal:         528004 kB
LowFree:           37736 kB
SwapTotal:       1310716 kB
SwapFree:         636744 kB
Dirty:                44 kB
Writeback:             0 kB
AnonPages:        665324 kB
Mapped:           280876 kB
Shmem:               780 kB
Slab:              60604 kB
SReclaimable:      15820 kB
SUnreclaim:        44784 kB
KernelStack:       16112 kB
PageTables:        55652 kB
NFS_Unstable:          0 kB
Bounce:                0 kB
WritebackTmp:          0 kB
CommitLimit:     2183484 kB
Committed_AS:   133064076 kB
VmallocTotal:     311296 kB
VmallocUsed:       35440 kB
VmallocChunk:     143372 kB
Time pass: 294 sec

---2015-11-23 11:25:36
MemTotal:        1745540 kB
MemFree:           65296 kB
Buffers:           10252 kB
Cached:           296204 kB
SwapCached:        44556 kB
Active:           506056 kB
Inactive:         479288 kB
Active(anon):     353756 kB
Inactive(anon):   329792 kB
Active(file):     152300 kB
Inactive(file):   149496 kB
Unevictable:        3816 kB
Mlocked:               0 kB
HighTotal:       1217536 kB
HighFree:          26356 kB
LowTotal:         528004 kB
LowFree:           38940 kB
SwapTotal:       1310716 kB
SwapFree:         636748 kB
Dirty:                88 kB
Writeback:             0 kB
AnonPages:        658832 kB
Mapped:           280856 kB
Shmem:               780 kB
Slab:              60560 kB
SReclaimable:      15820 kB
SUnreclaim:        44740 kB
KernelStack:       16104 kB
PageTables:        55656 kB
NFS_Unstable:          0 kB
Bounce:                0 kB
WritebackTmp:          0 kB
CommitLimit:     2183484 kB
Committed_AS:   133064172 kB
VmallocTotal:     311296 kB
VmallocUsed:       35508 kB
VmallocChunk:     143372 kB
Time pass: 298 sec

---2015-11-23 11:25:36
MemTotal:        1745540 kB
MemFree:           63440 kB
Buffers:           10108 kB
Cached:           295880 kB
SwapCached:        44556 kB
Active:           506572 kB
Inactive:         478892 kB
Active(anon):     354272 kB
Inactive(anon):   329804 kB
Active(file):     152300 kB
Inactive(file):   149088 kB
Unevictable:        3816 kB
Mlocked:               0 kB
HighTotal:       1217536 kB
HighFree:          25504 kB
LowTotal:         528004 kB
LowFree:           37936 kB
SwapTotal:       1310716 kB
SwapFree:         636780 kB
Dirty:                 0 kB
Writeback:             0 kB
AnonPages:        659500 kB
Mapped:           280888 kB
Shmem:               784 kB
Slab:              60636 kB
SReclaimable:      15820 kB
SUnreclaim:        44816 kB
KernelStack:       16104 kB
PageTables:        55656 kB
NFS_Unstable:          0 kB
Bounce:                0 kB
WritebackTmp:          0 kB
CommitLimit:     2183484 kB
Committed_AS:   133064260 kB
VmallocTotal:     311296 kB
VmallocUsed:       35440 kB
VmallocChunk:     143372 kB
Time pass: 301 sec

---2015-11-23 11:25:36
MemTotal:        1745540 kB
MemFree:           73852 kB
Buffers:           10108 kB
Cached:           295888 kB
SwapCached:        44556 kB
Active:           496204 kB
Inactive:         478928 kB
Active(anon):     343904 kB
Inactive(anon):   329832 kB
Active(file):     152300 kB
Inactive(file):   149096 kB
Unevictable:        3816 kB
Mlocked:               0 kB
HighTotal:       1217536 kB
HighFree:          35744 kB
LowTotal:         528004 kB
LowFree:           38108 kB
SwapTotal:       1310716 kB
SwapFree:         636808 kB
Dirty:                40 kB
Writeback:             0 kB
AnonPages:        648788 kB
Mapped:           273668 kB
Shmem:               784 kB
Slab:              60592 kB
SReclaimable:      15820 kB
SUnreclaim:        44772 kB
KernelStack:       16072 kB
PageTables:        55052 kB
NFS_Unstable:          0 kB
Bounce:                0 kB
WritebackTmp:          0 kB
CommitLimit:     2183484 kB
Committed_AS:   131527720 kB
VmallocTotal:     311296 kB
VmallocUsed:       35508 kB
VmallocChunk:     143372 kB
Time pass: 305 sec

---2015-11-23 11:25:36
MemTotal:        1745540 kB
MemFree:           72324 kB
Buffers:           10120 kB
Cached:           295696 kB
SwapCached:        44556 kB
Active:           498936 kB
Inactive:         478756 kB
Active(anon):     346632 kB
Inactive(anon):   329844 kB
Active(file):     152304 kB
Inactive(file):   148912 kB
Unevictable:        3816 kB
Mlocked:               0 kB
HighTotal:       1217536 kB
HighFree:          32976 kB
LowTotal:         528004 kB
LowFree:           39348 kB
SwapTotal:       1310716 kB
SwapFree:         636812 kB
Dirty:                 4 kB
Writeback:             0 kB
AnonPages:        651912 kB
Mapped:           276348 kB
Shmem:               784 kB
Slab:              60508 kB
SReclaimable:      15820 kB
SUnreclaim:        44688 kB
KernelStack:       15864 kB
PageTables:        55556 kB
NFS_Unstable:          0 kB
Bounce:                0 kB
WritebackTmp:          0 kB
CommitLimit:     2183484 kB
Committed_AS:   133042636 kB
VmallocTotal:     311296 kB
VmallocUsed:       35508 kB
VmallocChunk:     143372 kB
Time pass: 309 sec

---2015-11-23 11:25:36
MemTotal:        1745540 kB
MemFree:           61336 kB
Buffers:           10120 kB
Cached:           295536 kB
SwapCached:        44560 kB
Active:           509532 kB
Inactive:         478620 kB
Active(anon):     357208 kB
Inactive(anon):   329888 kB
Active(file):     152324 kB
Inactive(file):   148732 kB
Unevictable:        3816 kB
Mlocked:               0 kB
HighTotal:       1217536 kB
HighFree:          22412 kB
LowTotal:         528004 kB
LowFree:           38924 kB
SwapTotal:       1310716 kB
SwapFree:         636932 kB
Dirty:               100 kB
Writeback:             0 kB
AnonPages:        662352 kB
Mapped:           280692 kB
Shmem:               784 kB
Slab:              60620 kB
SReclaimable:      15820 kB
SUnreclaim:        44800 kB
KernelStack:       16112 kB
PageTables:        55664 kB
NFS_Unstable:          0 kB
Bounce:                0 kB
WritebackTmp:          0 kB
CommitLimit:     2183484 kB
Committed_AS:   133064860 kB
VmallocTotal:     311296 kB
VmallocUsed:       35440 kB
VmallocChunk:     143372 kB
Time pass: 312 sec

---2015-11-23 11:25:36
MemTotal:        1745540 kB
MemFree:           59800 kB
Buffers:           10136 kB
Cached:           295556 kB
SwapCached:        44560 kB
Active:           510556 kB
Inactive:         478664 kB
Active(anon):     358232 kB
Inactive(anon):   329916 kB
Active(file):     152324 kB
Inactive(file):   148748 kB
Unevictable:        3816 kB
Mlocked:               0 kB
HighTotal:       1217536 kB
HighFree:          21344 kB
LowTotal:         528004 kB
LowFree:           38456 kB
SwapTotal:       1310716 kB
SwapFree:         636948 kB
Dirty:                12 kB
Writeback:             0 kB
AnonPages:        663388 kB
Mapped:           280712 kB
Shmem:               804 kB
Slab:              60568 kB
SReclaimable:      15820 kB
SUnreclaim:        44748 kB
KernelStack:       16112 kB
PageTables:        55660 kB
NFS_Unstable:          0 kB
Bounce:                0 kB
WritebackTmp:          0 kB
CommitLimit:     2183484 kB
Committed_AS:   133064948 kB
VmallocTotal:     311296 kB
VmallocUsed:       35440 kB
VmallocChunk:     143372 kB
Time pass: 316 sec

---2015-11-23 11:25:36
MemTotal:        1745540 kB
MemFree:           60584 kB
Buffers:           10124 kB
Cached:           294844 kB
SwapCached:        44560 kB
Active:           510524 kB
Inactive:         477880 kB
Active(anon):     358140 kB
Inactive(anon):   329916 kB
Active(file):     152384 kB
Inactive(file):   147964 kB
Unevictable:        3816 kB
Mlocked:               0 kB
HighTotal:       1217536 kB
HighFree:          21388 kB
LowTotal:         528004 kB
LowFree:           39196 kB
SwapTotal:       1310716 kB
SwapFree:         636948 kB
Dirty:                44 kB
Writeback:             0 kB
AnonPages:        663292 kB
Mapped:           280008 kB
Shmem:               804 kB
Slab:              60596 kB
SReclaimable:      15820 kB
SUnreclaim:        44776 kB
KernelStack:       16112 kB
PageTables:        55660 kB
NFS_Unstable:          0 kB
Bounce:                0 kB
WritebackTmp:          0 kB
CommitLimit:     2183484 kB
Committed_AS:   133065012 kB
VmallocTotal:     311296 kB
VmallocUsed:       35440 kB
VmallocChunk:     143372 kB
Time pass: 320 sec

---2015-11-23 11:25:36
MemTotal:        1745540 kB
MemFree:           60568 kB
Buffers:           10144 kB
Cached:           294668 kB
SwapCached:        44556 kB
Active:           510776 kB
Inactive:         477760 kB
Active(anon):     358388 kB
Inactive(anon):   329968 kB
Active(file):     152388 kB
Inactive(file):   147792 kB
Unevictable:        3816 kB
Mlocked:               0 kB
HighTotal:       1217536 kB
HighFree:          21308 kB
LowTotal:         528004 kB
LowFree:           39260 kB
SwapTotal:       1310716 kB
SwapFree:         636996 kB
Dirty:                60 kB
Writeback:             0 kB
AnonPages:        663460 kB
Mapped:           279836 kB
Shmem:               816 kB
Slab:              60632 kB
SReclaimable:      15820 kB
SUnreclaim:        44812 kB
KernelStack:       16120 kB
PageTables:        55668 kB
NFS_Unstable:          0 kB
Bounce:                0 kB
WritebackTmp:          0 kB
CommitLimit:     2183484 kB
Committed_AS:   133062956 kB
VmallocTotal:     311296 kB
VmallocUsed:       35440 kB
VmallocChunk:     143372 kB
Time pass: 323 sec

---2015-11-23 11:25:36
MemTotal:        1745540 kB
MemFree:           73424 kB
Buffers:           10152 kB
Cached:           294660 kB
SwapCached:        44556 kB
Active:           498108 kB
Inactive:         477816 kB
Active(anon):     345720 kB
Inactive(anon):   330024 kB
Active(file):     152388 kB
Inactive(file):   147792 kB
Unevictable:        3816 kB
Mlocked:               0 kB
HighTotal:       1217536 kB
HighFree:          32048 kB
LowTotal:         528004 kB
LowFree:           41376 kB
SwapTotal:       1310716 kB
SwapFree:         637056 kB
Dirty:                 4 kB
Writeback:             0 kB
AnonPages:        651012 kB
Mapped:           272532 kB
Shmem:               816 kB
Slab:              60472 kB
SReclaimable:      15820 kB
SUnreclaim:        44652 kB
KernelStack:       15800 kB
PageTables:        55064 kB
NFS_Unstable:          0 kB
Bounce:                0 kB
WritebackTmp:          0 kB
CommitLimit:     2183484 kB
Committed_AS:   131526304 kB
VmallocTotal:     311296 kB
VmallocUsed:       35440 kB
VmallocChunk:     143372 kB
Time pass: 327 sec

---2015-11-23 11:25:36
MemTotal:        1745540 kB
MemFree:           55256 kB
Buffers:           10100 kB
Cached:           296532 kB
SwapCached:        44468 kB
Active:           513688 kB
Inactive:         480252 kB
Active(anon):     361216 kB
Inactive(anon):   330948 kB
Active(file):     152472 kB
Inactive(file):   149304 kB
Unevictable:        3816 kB
Mlocked:               0 kB
HighTotal:       1217536 kB
HighFree:          18756 kB
LowTotal:         528004 kB
LowFree:           36500 kB
SwapTotal:       1310716 kB
SwapFree:         637968 kB
Dirty:               112 kB
Writeback:             0 kB
AnonPages:        667876 kB
Mapped:           279768 kB
Shmem:               816 kB
Slab:              60644 kB
SReclaimable:      15820 kB
SUnreclaim:        44824 kB
KernelStack:       16120 kB
PageTables:        55676 kB
NFS_Unstable:          0 kB
Bounce:                0 kB
WritebackTmp:          0 kB
CommitLimit:     2183484 kB
Committed_AS:   133066184 kB
VmallocTotal:     311296 kB
VmallocUsed:       35508 kB
VmallocChunk:     143372 kB
Time pass: 331 sec

---2015-11-23 11:25:36
MemTotal:        1745540 kB
MemFree:           58688 kB
Buffers:            9836 kB
Cached:           297084 kB
SwapCached:        44464 kB
Active:           510872 kB
Inactive:         481588 kB
Active(anon):     358136 kB
Inactive(anon):   332144 kB
Active(file):     152736 kB
Inactive(file):   149444 kB
Unevictable:        3816 kB
Mlocked:               0 kB
HighTotal:       1217536 kB
HighFree:          22712 kB
LowTotal:         528004 kB
LowFree:           35976 kB
SwapTotal:       1310716 kB
SwapFree:         638376 kB
Dirty:                 0 kB
