---2015-12-17 17:07:46
MemTotal:        2582696 kB
MemFree:          109100 kB
Buffers:           15192 kB
Cached:          1165564 kB
SwapCached:            0 kB
Active:          1154092 kB
Inactive:         810188 kB
Active(anon):     627500 kB
Inactive(anon):   161148 kB
Active(file):     526592 kB
Inactive(file):   649040 kB
Unevictable:        2988 kB
Mlocked:               0 kB
SwapTotal:        524284 kB
SwapFree:         524284 kB
Dirty:               172 kB
Writeback:             0 kB
AnonPages:        786564 kB
Mapped:           433408 kB
Shmem:              2136 kB
Slab:             102440 kB
SReclaimable:      31972 kB
SUnreclaim:        70468 kB
KernelStack:       38880 kB
PageTables:        40112 kB
NFS_Unstable:          0 kB
Bounce:                0 kB
WritebackTmp:          0 kB
CommitLimit:     1815632 kB
Committed_AS:   113126116 kB
VmallocTotal:   251658176 kB
VmallocUsed:      119544 kB
VmallocChunk:   251393956 kB
Time pass: 3 sec

---2015-12-17 17:07:46
MemTotal:        2582696 kB
MemFree:          109060 kB
Buffers:           15192 kB
Cached:          1165580 kB
SwapCached:            0 kB
Active:          1154456 kB
Inactive:         810204 kB
Active(anon):     627864 kB
Inactive(anon):   161148 kB
Active(file):     526592 kB
Inactive(file):   649056 kB
Unevictable:        2988 kB
Mlocked:               0 kB
SwapTotal:        524284 kB
SwapFree:         524284 kB
Dirty:               172 kB
Writeback:             0 kB
AnonPages:        786920 kB
Mapped:           433636 kB
Shmem:              2136 kB
Slab:             102436 kB
SReclaimable:      31988 kB
SUnreclaim:        70448 kB
KernelStack:       38880 kB
PageTables:        40112 kB
NFS_Unstable:          0 kB
Bounce:                0 kB
WritebackTmp:          0 kB
CommitLimit:     1815632 kB
Committed_AS:   113126036 kB
VmallocTotal:   251658176 kB
VmallocUsed:      119544 kB
VmallocChunk:   251393956 kB
Time pass: 7 sec

---2015-12-17 17:07:46
MemTotal:        2582696 kB
MemFree:          108376 kB
Buffers:           15192 kB
Cached:          1165580 kB
SwapCached:            0 kB
Active:          1154812 kB
Inactive:         810204 kB
Active(anon):     628220 kB
Inactive(anon):   161148 kB
Active(file):     526592 kB
Inactive(file):   649056 kB
Unevictable:        2988 kB
Mlocked:               0 kB
SwapTotal:        524284 kB
SwapFree:         524284 kB
Dirty:               172 kB
Writeback:             0 kB
AnonPages:        787432 kB
Mapped:           433720 kB
Shmem:              2136 kB
Slab:             102436 kB
SReclaimable:      31988 kB
SUnreclaim:        70448 kB
KernelStack:       38880 kB
PageTables:        40140 kB
NFS_Unstable:          0 kB
Bounce:                0 kB
WritebackTmp:          0 kB
CommitLimit:     1815632 kB
Committed_AS:   113125944 kB
VmallocTotal:   251658176 kB
VmallocUsed:      119544 kB
VmallocChunk:   251393956 kB
Time pass: 11 sec

---2015-12-17 17:07:46
MemTotal:        2582696 kB
MemFree:          106984 kB
Buffers:           15192 kB
Cached:          1165580 kB
SwapCached:            0 kB
Active:          1157244 kB
Inactive:         810204 kB
Active(anon):     630652 kB
Inactive(anon):   161148 kB
Active(file):     526592 kB
Inactive(file):   649056 kB
Unevictable:        2988 kB
Mlocked:               0 kB
SwapTotal:        524284 kB
SwapFree:         524284 kB
Dirty:               172 kB
Writeback:             0 kB
AnonPages:        789648 kB
Mapped:           433636 kB
Shmem:              2136 kB
Slab:             102452 kB
SReclaimable:      31988 kB
SUnreclaim:        70464 kB
KernelStack:       38880 kB
PageTables:        40112 kB
NFS_Unstable:          0 kB
Bounce:                0 kB
WritebackTmp:          0 kB
CommitLimit:     1815632 kB
Committed_AS:   113125972 kB
VmallocTotal:   251658176 kB
VmallocUsed:      119544 kB
VmallocChunk:   251393956 kB
Time pass: 15 sec

---2015-12-17 17:07:46
MemTotal:        2582696 kB
MemFree:          116660 kB
Buffers:           15192 kB
Cached:          1166784 kB
SwapCached:            0 kB
Active:          1149296 kB
Inactive:         811396 kB
Active(anon):     622700 kB
Inactive(anon):   161156 kB
Active(file):     526596 kB
Inactive(file):   650240 kB
Unevictable:        2988 kB
Mlocked:               0 kB
SwapTotal:        524284 kB
SwapFree:         524284 kB
Dirty:               192 kB
Writeback:             0 kB
AnonPages:        782016 kB
Mapped:           433788 kB
Shmem:              2144 kB
Slab:             102612 kB
SReclaimable:      31988 kB
SUnreclaim:        70624 kB
KernelStack:       38944 kB
PageTables:        40124 kB
NFS_Unstable:          0 kB
Bounce:                0 kB
WritebackTmp:          0 kB
CommitLimit:     1815632 kB
Committed_AS:   113126092 kB
VmallocTotal:   251658176 kB
VmallocUsed:      119544 kB
VmallocChunk:   251393956 kB
Time pass: 18 sec

---2015-12-17 17:07:46
MemTotal:        2582696 kB
MemFree:          111400 kB
Buffers:           10476 kB
Cached:          1047688 kB
SwapCached:            0 kB
Active:          1193956 kB
Inactive:         692952 kB
Active(anon):     666820 kB
Inactive(anon):   168460 kB
Active(file):     527136 kB
Inactive(file):   524492 kB
Unevictable:        3860 kB
Mlocked:               0 kB
SwapTotal:        524284 kB
SwapFree:         524284 kB
Dirty:              1108 kB
Writeback:             0 kB
AnonPages:        832600 kB
Mapped:           466500 kB
Shmem:              2676 kB
Slab:             102412 kB
SReclaimable:      31840 kB
SUnreclaim:        70572 kB
KernelStack:       40080 kB
PageTables:        41192 kB
NFS_Unstable:          0 kB
Bounce:                0 kB
WritebackTmp:          0 kB
CommitLimit:     1815632 kB
Committed_AS:   114438520 kB
VmallocTotal:   251658176 kB
VmallocUsed:      120884 kB
VmallocChunk:   251393956 kB
Time pass: 22 sec

---2015-12-17 17:07:46
MemTotal:        2582696 kB
MemFree:          118648 kB
Buffers:            9000 kB
Cached:          1025720 kB
SwapCached:            0 kB
Active:          1171748 kB
Inactive:         682100 kB
Active(anon):     657100 kB
Inactive(anon):   167512 kB
Active(file):     514648 kB
Inactive(file):   514588 kB
Unevictable:        3916 kB
Mlocked:               0 kB
SwapTotal:        524284 kB
SwapFree:         523784 kB
Dirty:               412 kB
Writeback:             0 kB
AnonPages:        823116 kB
Mapped:           464812 kB
Shmem:              1568 kB
Slab:             102700 kB
SReclaimable:      32100 kB
SUnreclaim:        70600 kB
KernelStack:       40112 kB
PageTables:        41252 kB
NFS_Unstable:          0 kB
Bounce:                0 kB
WritebackTmp:          0 kB
CommitLimit:     1815632 kB
Committed_AS:   114434408 kB
VmallocTotal:   251658176 kB
VmallocUsed:      121376 kB
VmallocChunk:   251393956 kB
Time pass: 26 sec

---2015-12-17 17:07:46
MemTotal:        2582696 kB
MemFree:          124552 kB
Buffers:            9000 kB
Cached:          1029148 kB
SwapCached:            0 kB
Active:          1162916 kB
Inactive:         685168 kB
Active(anon):     648268 kB
Inactive(anon):   167512 kB
Active(file):     514648 kB
Inactive(file):   517656 kB
Unevictable:        3916 kB
Mlocked:               0 kB
SwapTotal:        524284 kB
SwapFree:         523784 kB
Dirty:               412 kB
Writeback:             0 kB
AnonPages:        814520 kB
Mapped:           465668 kB
Shmem:              1568 kB
Slab:             102888 kB
SReclaimable:      32184 kB
SUnreclaim:        70704 kB
KernelStack:       40096 kB
PageTables:        41288 kB
NFS_Unstable:          0 kB
Bounce:                0 kB
WritebackTmp:          0 kB
CommitLimit:     1815632 kB
Committed_AS:   114434760 kB
VmallocTotal:   251658176 kB
VmallocUsed:      121376 kB
VmallocChunk:   251393956 kB
Time pass: 29 sec

---2015-12-17 17:07:46
MemTotal:        2582696 kB
MemFree:          123272 kB
Buffers:            9000 kB
Cached:          1029008 kB
SwapCached:            0 kB
Active:          1164420 kB
Inactive:         685340 kB
Active(anon):     649728 kB
Inactive(anon):   167512 kB
Active(file):     514692 kB
Inactive(file):   517828 kB
Unevictable:        3916 kB
Mlocked:               0 kB
SwapTotal:        524284 kB
SwapFree:         523784 kB
Dirty:               352 kB
Writeback:             0 kB
AnonPages:        815696 kB
Mapped:           465444 kB
Shmem:              1568 kB
Slab:             102804 kB
SReclaimable:      32180 kB
SUnreclaim:        70624 kB
KernelStack:       40080 kB
PageTables:        41300 kB
NFS_Unstable:          0 kB
Bounce:                0 kB
WritebackTmp:          0 kB
CommitLimit:     1815632 kB
Committed_AS:   114434640 kB
VmallocTotal:   251658176 kB
VmallocUsed:      121376 kB
VmallocChunk:   251393956 kB
Time pass: 33 sec

---2015-12-17 17:07:46
MemTotal:        2582696 kB
MemFree:          121060 kB
Buffers:            9000 kB
Cached:          1030160 kB
SwapCached:            0 kB
Active:          1166304 kB
Inactive:         686460 kB
Active(anon):     651588 kB
Inactive(anon):   167508 kB
Active(file):     514716 kB
Inactive(file):   518952 kB
Unevictable:        3916 kB
Mlocked:               0 kB
SwapTotal:        524284 kB
SwapFree:         523784 kB
Dirty:              1128 kB
Writeback:             0 kB
AnonPages:        817416 kB
Mapped:           465752 kB
Shmem:              1568 kB
Slab:             102752 kB
SReclaimable:      32180 kB
SUnreclaim:        70572 kB
KernelStack:       40128 kB
PageTables:        41324 kB
NFS_Unstable:          0 kB
Bounce:                0 kB
WritebackTmp:          0 kB
CommitLimit:     1815632 kB
Committed_AS:   114434656 kB
VmallocTotal:   251658176 kB
VmallocUsed:      121376 kB
VmallocChunk:   251393956 kB
Time pass: 37 sec

---2015-12-17 17:07:46
MemTotal:        2582696 kB
MemFree:          118804 kB
Buffers:            7188 kB
Cached:           953428 kB
SwapCached:            0 kB
Active:          1139632 kB
Inactive:         643544 kB
Active(anon):     662144 kB
Inactive(anon):   165860 kB
Active(file):     477488 kB
Inactive(file):   477684 kB
Unevictable:        3916 kB
Mlocked:               0 kB
SwapTotal:        524284 kB
SwapFree:         522748 kB
Dirty:               376 kB
Writeback:             0 kB
AnonPages:        826572 kB
Mapped:           462940 kB
Shmem:              1524 kB
Slab:             102608 kB
SReclaimable:      32016 kB
SUnreclaim:        70592 kB
KernelStack:       40192 kB
PageTables:        41552 kB
NFS_Unstable:          0 kB
Bounce:                0 kB
WritebackTmp:          0 kB
CommitLimit:     1815632 kB
Committed_AS:   114435536 kB
VmallocTotal:   251658176 kB
VmallocUsed:      121484 kB
VmallocChunk:   251393956 kB
Time pass: 41 sec

---2015-12-17 17:07:46
MemTotal:        2582696 kB
MemFree:          117060 kB
Buffers:            7188 kB
Cached:           953952 kB
SwapCached:            0 kB
Active:          1140368 kB
Inactive:         644064 kB
Active(anon):     662872 kB
Inactive(anon):   165860 kB
Active(file):     477496 kB
Inactive(file):   478204 kB
Unevictable:        3916 kB
Mlocked:               0 kB
SwapTotal:        524284 kB
SwapFree:         522748 kB
Dirty:               468 kB
Writeback:             0 kB
AnonPages:        827084 kB
Mapped:           463056 kB
Shmem:              1524 kB
Slab:             102808 kB
SReclaimable:      32184 kB
SUnreclaim:        70624 kB
KernelStack:       40208 kB
PageTables:        41576 kB
NFS_Unstable:          0 kB
Bounce:                0 kB
WritebackTmp:          0 kB
CommitLimit:     1815632 kB
Committed_AS:   114435704 kB
VmallocTotal:   251658176 kB
VmallocUsed:      121484 kB
VmallocChunk:   251393956 kB
Time pass: 45 sec

---2015-12-17 17:07:46
MemTotal:        2582696 kB
MemFree:          106836 kB
Buffers:            7196 kB
Cached:           939748 kB
SwapCached:            0 kB
Active:          1144684 kB
Inactive:         640096 kB
Active(anon):     673996 kB
Inactive(anon):   169348 kB
Active(file):     470688 kB
Inactive(file):   470748 kB
Unevictable:        3916 kB
Mlocked:               0 kB
SwapTotal:        524284 kB
SwapFree:         522460 kB
Dirty:              1316 kB
Writeback:             0 kB
AnonPages:        842176 kB
Mapped:           466696 kB
Shmem:              1524 kB
Slab:             101164 kB
SReclaimable:      30580 kB
SUnreclaim:        70584 kB
KernelStack:       40224 kB
PageTables:        41416 kB
NFS_Unstable:          0 kB
Bounce:                0 kB
WritebackTmp:          0 kB
CommitLimit:     1815632 kB
Committed_AS:   114448200 kB
VmallocTotal:   251658176 kB
VmallocUsed:      121612 kB
VmallocChunk:   251393956 kB
Time pass: 49 sec

---2015-12-17 17:07:46
MemTotal:        2582696 kB
MemFree:          118104 kB
Buffers:            6732 kB
Cached:           912064 kB
SwapCached:            0 kB
Active:          1130972 kB
Inactive:         627336 kB
Active(anon):     674480 kB
Inactive(anon):   170564 kB
Active(file):     456492 kB
Inactive(file):   456772 kB
Unevictable:        3916 kB
Mlocked:               0 kB
SwapTotal:        524284 kB
SwapFree:         522292 kB
Dirty:              1308 kB
Writeback:             0 kB
AnonPages:        843820 kB
Mapped:           477132 kB
Shmem:              1516 kB
Slab:             102180 kB
SReclaimable:      31644 kB
SUnreclaim:        70536 kB
KernelStack:       40368 kB
PageTables:        41508 kB
NFS_Unstable:          0 kB
Bounce:                0 kB
WritebackTmp:          0 kB
CommitLimit:     1815632 kB
Committed_AS:   114456432 kB
VmallocTotal:   251658176 kB
VmallocUsed:      121732 kB
VmallocChunk:   251393956 kB
Time pass: 52 sec

---2015-12-17 17:07:46
MemTotal:        2582696 kB
MemFree:          117032 kB
Buffers:            6732 kB
Cached:           912776 kB
SwapCached:            0 kB
Active:          1130816 kB
Inactive:         628112 kB
Active(anon):     674288 kB
Inactive(anon):   170564 kB
Active(file):     456528 kB
Inactive(file):   457548 kB
Unevictable:        3916 kB
Mlocked:               0 kB
SwapTotal:        524284 kB
SwapFree:         522292 kB
Dirty:               596 kB
Writeback:             0 kB
AnonPages:        843400 kB
Mapped:           479088 kB
Shmem:              1516 kB
Slab:             102384 kB
SReclaimable:      31796 kB
SUnreclaim:        70588 kB
KernelStack:       40272 kB
PageTables:        41532 kB
NFS_Unstable:          0 kB
Bounce:                0 kB
WritebackTmp:          0 kB
CommitLimit:     1815632 kB
Committed_AS:   114456392 kB
VmallocTotal:   251658176 kB
VmallocUsed:      121732 kB
VmallocChunk:   251393956 kB
Time pass: 56 sec

---2015-12-17 17:07:46
MemTotal:        2582696 kB
MemFree:          112212 kB
Buffers:            6732 kB
Cached:           912828 kB
SwapCached:            0 kB
Active:          1132096 kB
Inactive:         628132 kB
Active(anon):     675544 kB
Inactive(anon):   170564 kB
Active(file):     456552 kB
Inactive(file):   457568 kB
Unevictable:        3916 kB
Mlocked:               0 kB
SwapTotal:        524284 kB
SwapFree:         522292 kB
Dirty:               592 kB
Writeback:             0 kB
AnonPages:        844636 kB
Mapped:           479212 kB
Shmem:              1516 kB
Slab:             102552 kB
SReclaimable:      31800 kB
SUnreclaim:        70752 kB
KernelStack:       40272 kB
PageTables:        41540 kB
NFS_Unstable:          0 kB
Bounce:                0 kB
WritebackTmp:          0 kB
CommitLimit:     1815632 kB
Committed_AS:   114456464 kB
VmallocTotal:   251658176 kB
VmallocUsed:      121732 kB
VmallocChunk:   251393956 kB
Time pass: 60 sec

---2015-12-17 17:07:46
MemTotal:        2582696 kB
MemFree:          111592 kB
Buffers:            6732 kB
Cached:           912828 kB
SwapCached:            0 kB
Active:          1132188 kB
Inactive:         628140 kB
Active(anon):     675636 kB
Inactive(anon):   170564 kB
Active(file):     456552 kB
Inactive(file):   457576 kB
Unevictable:        3916 kB
Mlocked:               0 kB
SwapTotal:        524284 kB
SwapFree:         522292 kB
Dirty:               592 kB
Writeback:             0 kB
AnonPages:        844772 kB
Mapped:           479000 kB
Shmem:              1516 kB
Slab:             102408 kB
SReclaimable:      31804 kB
SUnreclaim:        70604 kB
KernelStack:       40272 kB
PageTables:        41536 kB
NFS_Unstable:          0 kB
Bounce:                0 kB
WritebackTmp:          0 kB
CommitLimit:     1815632 kB
Committed_AS:   114456448 kB
VmallocTotal:   251658176 kB
VmallocUsed:      121732 kB
VmallocChunk:   251393956 kB
Time pass: 64 sec

---2015-12-17 17:07:46
MemTotal:        2582696 kB
MemFree:          107848 kB
Buffers:            6732 kB
Cached:           889124 kB
SwapCached:            0 kB
Active:          1125000 kB
Inactive:         618360 kB
Active(anon):     679920 kB
Inactive(anon):   173072 kB
Active(file):     445080 kB
Inactive(file):   445288 kB
Unevictable:        3916 kB
Mlocked:               0 kB
SwapTotal:        524284 kB
SwapFree:         521760 kB
Dirty:              1268 kB
Writeback:             0 kB
AnonPages:        851484 kB
Mapped:           484700 kB
Shmem:              1496 kB
Slab:             102448 kB
SReclaimable:      31716 kB
SUnreclaim:        70732 kB
KernelStack:       40288 kB
PageTables:        41532 kB
NFS_Unstable:          0 kB
Bounce:                0 kB
WritebackTmp:          0 kB
CommitLimit:     1815632 kB
Committed_AS:   114473296 kB
VmallocTotal:   251658176 kB
VmallocUsed:      121952 kB
VmallocChunk:   251393956 kB
Time pass: 67 sec

---2015-12-17 17:07:46
MemTotal:        2582696 kB
MemFree:          106252 kB
Buffers:            6732 kB
Cached:           891744 kB
SwapCached:            0 kB
Active:          1128420 kB
Inactive:         620484 kB
Active(anon):     682868 kB
Inactive(anon):   173044 kB
Active(file):     445552 kB
Inactive(file):   447440 kB
Unevictable:        3916 kB
Mlocked:               0 kB
SwapTotal:        524284 kB
SwapFree:         521760 kB
Dirty:               748 kB
Writeback:             0 kB
AnonPages:        854468 kB
Mapped:           486900 kB
Shmem:              1496 kB
Slab:             102672 kB
SReclaimable:      31796 kB
SUnreclaim:        70876 kB
KernelStack:       40384 kB
PageTables:        41524 kB
NFS_Unstable:          0 kB
Bounce:                0 kB
WritebackTmp:          0 kB
CommitLimit:     1815632 kB
Committed_AS:   114473496 kB
VmallocTotal:   251658176 kB
VmallocUsed:      121952 kB
VmallocChunk:   251393956 kB
Time pass: 71 sec

---2015-12-17 17:07:46
MemTotal:        2582696 kB
MemFree:          114348 kB
Buffers:            6732 kB
Cached:           854208 kB
SwapCached:            8 kB
Active:          1122076 kB
Inactive:         601928 kB
Active(anon):     694504 kB
Inactive(anon):   174188 kB
Active(file):     427572 kB
Inactive(file):   427740 kB
Unevictable:        3916 kB
Mlocked:               0 kB
SwapTotal:        524284 kB
SwapFree:         521336 kB
Dirty:               828 kB
Writeback:            44 kB
AnonPages:        867060 kB
Mapped:           485420 kB
Shmem:              1632 kB
Slab:              99880 kB
SReclaimable:      28900 kB
SUnreclaim:        70980 kB
KernelStack:       40704 kB
PageTables:        41728 kB
NFS_Unstable:          0 kB
Bounce:                0 kB
WritebackTmp:          0 kB
CommitLimit:     1815632 kB
Committed_AS:   114505320 kB
VmallocTotal:   251658176 kB
VmallocUsed:      124492 kB
VmallocChunk:   251393956 kB
Time pass: 75 sec

---2015-12-17 17:07:46
MemTotal:        2582696 kB
MemFree:          109616 kB
Buffers:            6392 kB
Cached:           831948 kB
SwapCached:            8 kB
Active:          1111732 kB
Inactive:         591128 kB
Active(anon):     695464 kB
Inactive(anon):   174664 kB
Active(file):     416268 kB
Inactive(file):   416464 kB
Unevictable:        3916 kB
Mlocked:               0 kB
SwapTotal:        524284 kB
SwapFree:         520748 kB
Dirty:               784 kB
Writeback:             8 kB
AnonPages:        868432 kB
Mapped:           480852 kB
Shmem:              1712 kB
Slab:             102868 kB
SReclaimable:      31740 kB
SUnreclaim:        71128 kB
KernelStack:       40656 kB
PageTables:        41900 kB
NFS_Unstable:          0 kB
Bounce:                0 kB
WritebackTmp:          0 kB
CommitLimit:     1815632 kB
Committed_AS:   114505016 kB
VmallocTotal:   251658176 kB
VmallocUsed:      124492 kB
VmallocChunk:   251393956 kB
Time pass: 80 sec

---2015-12-17 17:07:46
MemTotal:        2582696 kB
MemFree:          116188 kB
Buffers:            6392 kB
Cached:           829704 kB
SwapCached:            8 kB
Active:          1106260 kB
Inactive:         590016 kB
Active(anon):     691184 kB
Inactive(anon):   174748 kB
Active(file):     415076 kB
Inactive(file):   415268 kB
Unevictable:        3916 kB
Mlocked:               0 kB
SwapTotal:        524284 kB
SwapFree:         520708 kB
Dirty:               792 kB
Writeback:             0 kB
AnonPages:        864120 kB
Mapped:           480932 kB
Shmem:              1836 kB
Slab:             102584 kB
SReclaimable:      31596 kB
SUnreclaim:        70988 kB
KernelStack:       40576 kB
PageTables:        41872 kB
NFS_Unstable:          0 kB
Bounce:                0 kB
WritebackTmp:          0 kB
CommitLimit:     1815632 kB
Committed_AS:   114509192 kB
VmallocTotal:   251658176 kB
VmallocUsed:      124492 kB
VmallocChunk:   251393956 kB
Time pass: 84 sec

---2015-12-17 17:07:46
MemTotal:        2582696 kB
MemFree:          119848 kB
Buffers:            6392 kB
Cached:           824456 kB
SwapCached:            8 kB
Active:          1104516 kB
Inactive:         587396 kB
Active(anon):     692144 kB
Inactive(anon):   174724 kB
Active(file):     412372 kB
Inactive(file):   412672 kB
Unevictable:        3916 kB
Mlocked:               0 kB
SwapTotal:        524284 kB
SwapFree:         520636 kB
Dirty:               784 kB
Writeback:             0 kB
AnonPages:        864848 kB
Mapped:           480932 kB
Shmem:              1888 kB
Slab:             102812 kB
SReclaimable:      31692 kB
SUnreclaim:        71120 kB
KernelStack:       40592 kB
PageTables:        41908 kB
NFS_Unstable:          0 kB
Bounce:                0 kB
WritebackTmp:          0 kB
CommitLimit:     1815632 kB
Committed_AS:   114509264 kB
VmallocTotal:   251658176 kB
VmallocUsed:      124492 kB
VmallocChunk:   251393956 kB
Time pass: 87 sec

---2015-12-17 17:07:46
MemTotal:        2582696 kB
MemFree:          125732 kB
Buffers:            6384 kB
Cached:           817412 kB
SwapCached:            8 kB
Active:          1102100 kB
Inactive:         583832 kB
Active(anon):     693280 kB
Inactive(anon):   174660 kB
Active(file):     408820 kB
Inactive(file):   409172 kB
Unevictable:        3916 kB
Mlocked:               0 kB
SwapTotal:        524284 kB
SwapFree:         520580 kB
Dirty:               784 kB
Writeback:             0 kB
AnonPages:        866052 kB
Mapped:           480900 kB
Shmem:              1888 kB
Slab:             102776 kB
SReclaimable:      31744 kB
SUnreclaim:        71032 kB
KernelStack:       40576 kB
PageTables:        41916 kB
NFS_Unstable:          0 kB
Bounce:                0 kB
WritebackTmp:          0 kB
CommitLimit:     1815632 kB
Committed_AS:   114513360 kB
VmallocTotal:   251658176 kB
VmallocUsed:      124492 kB
VmallocChunk:   251393956 kB
Time pass: 91 sec

---2015-12-17 17:07:46
MemTotal:        2582696 kB
MemFree:          127252 kB
Buffers:            6384 kB
Cached:           815260 kB
SwapCached:            8 kB
Active:          1102328 kB
Inactive:         582600 kB
Active(anon):     694516 kB
Inactive(anon):   174572 kB
Active(file):     407812 kB
Inactive(file):   408028 kB
Unevictable:        3916 kB
Mlocked:               0 kB
SwapTotal:        524284 kB
SwapFree:         520564 kB
Dirty:               784 kB
Writeback:             0 kB
AnonPages:        867144 kB
Mapped:           480904 kB
Shmem:              1888 kB
Slab:             102572 kB
SReclaimable:      31576 kB
SUnreclaim:        70996 kB
KernelStack:       40544 kB
PageTables:        41924 kB
NFS_Unstable:          0 kB
Bounce:                0 kB
WritebackTmp:          0 kB
CommitLimit:     1815632 kB
Committed_AS:   114517456 kB
VmallocTotal:   251658176 kB
VmallocUsed:      124492 kB
VmallocChunk:   251393956 kB
Time pass: 95 sec

---2015-12-17 17:07:46
MemTotal:        2582696 kB
MemFree:          129456 kB
Buffers:            6384 kB
Cached:           813140 kB
SwapCached:            8 kB
Active:          1101040 kB
Inactive:         581524 kB
Active(anon):     694284 kB
Inactive(anon):   174564 kB
Active(file):     406756 kB
Inactive(file):   406960 kB
Unevictable:        3916 kB
Mlocked:               0 kB
SwapTotal:        524284 kB
SwapFree:         520552 kB
Dirty:               784 kB
Writeback:             0 kB
AnonPages:        866968 kB
Mapped:           480912 kB
Shmem:              1896 kB
Slab:             102956 kB
SReclaimable:      32000 kB
SUnreclaim:        70956 kB
KernelStack:       40576 kB
PageTables:        41920 kB
NFS_Unstable:          0 kB
Bounce:                0 kB
WritebackTmp:          0 kB
CommitLimit:     1815632 kB
Committed_AS:   114517456 kB
VmallocTotal:   251658176 kB
VmallocUsed:      124492 kB
VmallocChunk:   251393956 kB
Time pass: 99 sec

---2015-12-17 17:07:46
MemTotal:        2582696 kB
MemFree:          130320 kB
Buffers:            6384 kB
Cached:           810940 kB
SwapCached:            8 kB
Active:          1100276 kB
Inactive:         580420 kB
Active(anon):     694628 kB
Inactive(anon):   174576 kB
Active(file):     405648 kB
Inactive(file):   405844 kB
Unevictable:        3916 kB
Mlocked:               0 kB
SwapTotal:        524284 kB
SwapFree:         520544 kB
Dirty:               788 kB
Writeback:             0 kB
AnonPages:        867404 kB
Mapped:           480948 kB
Shmem:              1916 kB
Slab:             103472 kB
SReclaimable:      32376 kB
SUnreclaim:        71096 kB
KernelStack:       40576 kB
PageTables:        41928 kB
NFS_Unstable:          0 kB
Bounce:                0 kB
WritebackTmp:          0 kB
CommitLimit:     1815632 kB
Committed_AS:   114517428 kB
VmallocTotal:   251658176 kB
VmallocUsed:      124492 kB
VmallocChunk:   251393956 kB
Time pass: 102 sec

---2015-12-17 17:07:46
MemTotal:        2582696 kB
MemFree:          132772 kB
Buffers:            6384 kB
Cached:           810040 kB
SwapCached:            8 kB
Active:          1099908 kB
Inactive:         579792 kB
Active(anon):     694536 kB
Inactive(anon):   174600 kB
Active(file):     405372 kB
Inactive(file):   405192 kB
Unevictable:        3916 kB
Mlocked:               0 kB
SwapTotal:        524284 kB
SwapFree:         520544 kB
Dirty:               784 kB
Writeback:             0 kB
AnonPages:        867280 kB
Mapped:           480976 kB
Shmem:              1944 kB
Slab:             102740 kB
SReclaimable:      31600 kB
SUnreclaim:        71140 kB
KernelStack:       40560 kB
PageTables:        41928 kB
NFS_Unstable:          0 kB
Bounce:                0 kB
WritebackTmp:          0 kB
CommitLimit:     1815632 kB
Committed_AS:   114517456 kB
VmallocTotal:   251658176 kB
VmallocUsed:      124492 kB
VmallocChunk:   251393956 kB
Time pass: 106 sec

---2015-12-17 17:07:46
MemTotal:        2582696 kB
MemFree:          133416 kB
Buffers:            6392 kB
Cached:           809168 kB
SwapCached:            8 kB
Active:          1097880 kB
Inactive:         579404 kB
Active(anon):     693132 kB
Inactive(anon):   174596 kB
Active(file):     404748 kB
Inactive(file):   404808 kB
Unevictable:        3916 kB
Mlocked:               0 kB
SwapTotal:        524284 kB
SwapFree:         520536 kB
Dirty:               804 kB
Writeback:             0 kB
AnonPages:        865672 kB
Mapped:           480980 kB
Shmem:              1948 kB
Slab:             103196 kB
SReclaimable:      32024 kB
SUnreclaim:        71172 kB
KernelStack:       40544 kB
PageTables:        41924 kB
NFS_Unstable:          0 kB
Bounce:                0 kB
WritebackTmp:          0 kB
CommitLimit:     1815632 kB
Committed_AS:   114517408 kB
VmallocTotal:   251658176 kB
VmallocUsed:      124492 kB
VmallocChunk:   251393956 kB
Time pass: 110 sec

---2015-12-17 17:07:46
MemTotal:        2582696 kB
MemFree:          135340 kB
Buffers:            6392 kB
Cached:           808668 kB
SwapCached:            8 kB
Active:          1097544 kB
Inactive:         579156 kB
Active(anon):     692908 kB
Inactive(anon):   174596 kB
Active(file):     404636 kB
Inactive(file):   404560 kB
Unevictable:        3916 kB
Mlocked:               0 kB
SwapTotal:        524284 kB
SwapFree:         520536 kB
Dirty:               784 kB
Writeback:             0 kB
AnonPages:        865564 kB
Mapped:           480980 kB
Shmem:              1948 kB
Slab:             103204 kB
SReclaimable:      32028 kB
SUnreclaim:        71176 kB
KernelStack:       40544 kB
PageTables:        41920 kB
NFS_Unstable:          0 kB
Bounce:                0 kB
WritebackTmp:          0 kB
CommitLimit:     1815632 kB
Committed_AS:   114517392 kB
VmallocTotal:   251658176 kB
VmallocUsed:      124492 kB
VmallocChunk:   251393956 kB
Time pass: 113 sec

---2015-12-17 17:07:46
MemTotal:        2582696 kB
MemFree:          135236 kB
Buffers:            6392 kB
Cached:           807708 kB
SwapCached:            8 kB
Active:          1098876 kB
Inactive:         577256 kB
Active(anon):     693304 kB
Inactive(anon):   174592 kB
Active(file):     405572 kB
Inactive(file):   402664 kB
Unevictable:        3916 kB
Mlocked:               0 kB
SwapTotal:        524284 kB
SwapFree:         520532 kB
Dirty:               788 kB
Writeback:           216 kB
AnonPages:        865996 kB
Mapped:           480980 kB
Shmem:              1948 kB
Slab:             103148 kB
SReclaimable:      31988 kB
SUnreclaim:        71160 kB
KernelStack:       40576 kB
PageTables:        41924 kB
NFS_Unstable:          0 kB
Bounce:                0 kB
WritebackTmp:          0 kB
CommitLimit:     1815632 kB
Committed_AS:   114517400 kB
VmallocTotal:   251658176 kB
VmallocUsed:      124492 kB
VmallocChunk:   251393956 kB
Time pass: 117 sec

---2015-12-17 17:07:46
MemTotal:        2582696 kB
MemFree:          134884 kB
Buffers:            6392 kB
Cached:           807640 kB
SwapCached:            8 kB
Active:          1098604 kB
Inactive:         577424 kB
Active(anon):     693280 kB
Inactive(anon):   174720 kB
Active(file):     405324 kB
Inactive(file):   402704 kB
Unevictable:        3916 kB
Mlocked:               0 kB
SwapTotal:        524284 kB
SwapFree:         520516 kB
Dirty:               788 kB
Writeback:             0 kB
AnonPages:        865924 kB
Mapped:           481124 kB
Shmem:              2088 kB
Slab:             103532 kB
SReclaimable:      32296 kB
SUnreclaim:        71236 kB
KernelStack:       40560 kB
PageTables:        41924 kB
NFS_Unstable:          0 kB
Bounce:                0 kB
WritebackTmp:          0 kB
CommitLimit:     1815632 kB
Committed_AS:   114517400 kB
VmallocTotal:   251658176 kB
VmallocUsed:      124492 kB
VmallocChunk:   251393956 kB
Time pass: 121 sec

---2015-12-17 17:07:46
MemTotal:        2582696 kB
MemFree:          128064 kB
Buffers:            6392 kB
Cached:           812436 kB
SwapCached:            8 kB
Active:          1101792 kB
Inactive:         582300 kB
Active(anon):     696868 kB
Inactive(anon):   174368 kB
Active(file):     404924 kB
Inactive(file):   407932 kB
Unevictable:        3916 kB
Mlocked:               0 kB
SwapTotal:        524284 kB
SwapFree:         520504 kB
Dirty:               788 kB
Writeback:             0 kB
AnonPages:        869148 kB
Mapped:           481756 kB
Shmem:              1716 kB
Slab:             103188 kB
SReclaimable:      32112 kB
SUnreclaim:        71076 kB
KernelStack:       40592 kB
PageTables:        42244 kB
NFS_Unstable:          0 kB
Bounce:                0 kB
WritebackTmp:          0 kB
CommitLimit:     1815632 kB
Committed_AS:   117973620 kB
VmallocTotal:   251658176 kB
VmallocUsed:      125404 kB
VmallocChunk:   251393956 kB
Time pass: 124 sec

---2015-12-17 17:07:46
MemTotal:        2582696 kB
MemFree:          138276 kB
Buffers:            6392 kB
Cached:           811852 kB
SwapCached:            8 kB
Active:          1090348 kB
Inactive:         581884 kB
Active(anon):     685296 kB
Inactive(anon):   174104 kB
Active(file):     405052 kB
Inactive(file):   407780 kB
Unevictable:        3916 kB
Mlocked:               0 kB
SwapTotal:        524284 kB
SwapFree:         520504 kB
Dirty:               128 kB
Writeback:             0 kB
AnonPages:        857840 kB
Mapped:           480904 kB
Shmem:              1496 kB
Slab:             103204 kB
SReclaimable:      31928 kB
SUnreclaim:        71276 kB
KernelStack:       40512 kB
PageTables:        41608 kB
NFS_Unstable:          0 kB
Bounce:                0 kB
WritebackTmp:          0 kB
CommitLimit:     1815632 kB
Committed_AS:   114488352 kB
VmallocTotal:   251658176 kB
VmallocUsed:      124368 kB
VmallocChunk:   251393956 kB
Time pass: 128 sec

---2015-12-17 17:07:46
MemTotal:        2582696 kB
MemFree:          381224 kB
Buffers:            6392 kB
Cached:           808980 kB
SwapCached:            8 kB
Active:          1020968 kB
Inactive:         579192 kB
Active(anon):     616172 kB
Inactive(anon):   174156 kB
Active(file):     404796 kB
Inactive(file):   405036 kB
Unevictable:        3916 kB
Mlocked:               0 kB
SwapTotal:        524284 kB
SwapFree:         520440 kB
Dirty:                80 kB
Writeback:             0 kB
AnonPages:        788708 kB
Mapped:           409164 kB
Shmem:              1624 kB
Slab:             102720 kB
SReclaimable:      31792 kB
SUnreclaim:        70928 kB
KernelStack:       38816 kB
PageTables:        39724 kB
NFS_Unstable:          0 kB
Bounce:                0 kB
WritebackTmp:          0 kB
CommitLimit:     1815632 kB
Committed_AS:   111335764 kB
VmallocTotal:   251658176 kB
VmallocUsed:      120720 kB
VmallocChunk:   251393956 kB
Time pass: 131 sec

---2015-12-17 17:07:46
MemTotal:        2582696 kB
MemFree:          389308 kB
Buffers:            6392 kB
Cached:           809056 kB
SwapCached:            8 kB
Active:          1012196 kB
Inactive:         579264 kB
Active(anon):     607396 kB
Inactive(anon):   174156 kB
Active(file):     404800 kB
Inactive(file):   405108 kB
Unevictable:        3916 kB
Mlocked:               0 kB
SwapTotal:        524284 kB
SwapFree:         520440 kB
Dirty:               144 kB
Writeback:             0 kB
AnonPages:        779980 kB
Mapped:           409168 kB
Shmem:              1624 kB
Slab:             102740 kB
SReclaimable:      31820 kB
SUnreclaim:        70920 kB
KernelStack:       38816 kB
PageTables:        39728 kB
NFS_Unstable:          0 kB
Bounce:                0 kB
WritebackTmp:          0 kB
CommitLimit:     1815632 kB
Committed_AS:   111335756 kB
VmallocTotal:   251658176 kB
VmallocUsed:      120720 kB
VmallocChunk:   251393956 kB
Time pass: 135 sec

---2015-12-17 17:07:46
MemTotal:        2582696 kB
MemFree:          389640 kB
Buffers:            6392 kB
Cached:           809056 kB
SwapCached:            8 kB
Active:          1012380 kB
Inactive:         579244 kB
Active(anon):     607580 kB
Inactive(anon):   174136 kB
Active(file):     404800 kB
Inactive(file):   405108 kB
Unevictable:        3916 kB
Mlocked:               0 kB
SwapTotal:        524284 kB
SwapFree:         520440 kB
Dirty:               112 kB
Writeback:             0 kB
AnonPages:        780072 kB
Mapped:           409260 kB
Shmem:              1624 kB
Slab:             102740 kB
SReclaimable:      31820 kB
SUnreclaim:        70920 kB
KernelStack:       38816 kB
PageTables:        39756 kB
NFS_Unstable:          0 kB
Bounce:                0 kB
WritebackTmp:          0 kB
CommitLimit:     1815632 kB
Committed_AS:   111335756 kB
VmallocTotal:   251658176 kB
VmallocUsed:      118304 kB
VmallocChunk:   251393956 kB
Time pass: 139 sec

---2015-12-17 17:07:46
MemTotal:        2582696 kB
MemFree:          389660 kB
Buffers:            6392 kB
Cached:           809056 kB
SwapCached:            8 kB
Active:          1012216 kB
Inactive:         579244 kB
Active(anon):     607416 kB
Inactive(anon):   174136 kB
Active(file):     404800 kB
Inactive(file):   405108 kB
Unevictable:        3916 kB
Mlocked:               0 kB
SwapTotal:        524284 kB
SwapFree:         520440 kB
Dirty:               128 kB
Writeback:             0 kB
AnonPages:        779980 kB
Mapped:           408956 kB
Shmem:              1624 kB
Slab:             102724 kB
SReclaimable:      31820 kB
SUnreclaim:        70904 kB
KernelStack:       38720 kB
PageTables:        39728 kB
NFS_Unstable:          0 kB
Bounce:                0 kB
WritebackTmp:          0 kB
CommitLimit:     1815632 kB
Committed_AS:   111335548 kB
VmallocTotal:   251658176 kB
VmallocUsed:      118304 kB
VmallocChunk:   251393956 kB
Time pass: 143 sec

---2015-12-17 17:07:46
MemTotal:        2582696 kB
MemFree:          388804 kB
Buffers:            6392 kB
Cached:           809948 kB
SwapCached:            8 kB
Active:          1012296 kB
Inactive:         580132 kB
Active(anon):     607492 kB
Inactive(anon):   174136 kB
Active(file):     404804 kB
Inactive(file):   405996 kB
Unevictable:        3916 kB
Mlocked:               0 kB
SwapTotal:        524284 kB
SwapFree:         520440 kB
Dirty:               132 kB
Writeback:             0 kB
AnonPages:        780036 kB
Mapped:           409016 kB
Shmem:              1624 kB
Slab:             102720 kB
SReclaimable:      31820 kB
SUnreclaim:        70900 kB
KernelStack:       38688 kB
PageTables:        39724 kB
NFS_Unstable:          0 kB
Bounce:                0 kB
WritebackTmp:          0 kB
CommitLimit:     1815632 kB
Committed_AS:   111335484 kB
VmallocTotal:   251658176 kB
VmallocUsed:      118304 kB
VmallocChunk:   251393956 kB
Time pass: 147 sec

---2015-12-17 17:07:46
MemTotal:        2582696 kB
MemFree:          388244 kB
Buffers:            6392 kB
Cached:           809948 kB
SwapCached:            8 kB
Active:          1012496 kB
Inactive:         580132 kB
Active(anon):     607692 kB
Inactive(anon):   174136 kB
Active(file):     404804 kB
Inactive(file):   405996 kB
Unevictable:        3916 kB
Mlocked:               0 kB
SwapTotal:        524284 kB
SwapFree:         520440 kB
Dirty:               132 kB
Writeback:             0 kB
AnonPages:        780248 kB
Mapped:           409016 kB
Shmem:              1624 kB
Slab:             102720 kB
SReclaimable:      31820 kB
SUnreclaim:        70900 kB
KernelStack:       38688 kB
PageTables:        39728 kB
NFS_Unstable:          0 kB
Bounce:                0 kB
WritebackTmp:          0 kB
CommitLimit:     1815632 kB
Committed_AS:   111335388 kB
VmallocTotal:   251658176 kB
VmallocUsed:      118304 kB
VmallocChunk:   251393956 kB
Time pass: 151 sec

---2015-12-17 17:07:46
MemTotal:        2582696 kB
MemFree:          387268 kB
Buffers:            6392 kB
Cached:           810052 kB
SwapCached:            8 kB
Active:          1013012 kB
Inactive:         580236 kB
Active(anon):     608208 kB
Inactive(anon):   174136 kB
Active(file):     404804 kB
Inactive(file):   406100 kB
Unevictable:        3916 kB
Mlocked:               0 kB
SwapTotal:        524284 kB
SwapFree:         520440 kB
Dirty:               132 kB
Writeback:             0 kB
AnonPages:        780900 kB
Mapped:           409180 kB
Shmem:              1624 kB
Slab:             102720 kB
SReclaimable:      31820 kB
SUnreclaim:        70900 kB
KernelStack:       38720 kB
PageTables:        39716 kB
NFS_Unstable:          0 kB
Bounce:                0 kB
WritebackTmp:          0 kB
CommitLimit:     1815632 kB
Committed_AS:   111335380 kB
VmallocTotal:   251658176 kB
VmallocUsed:      118304 kB
VmallocChunk:   251393956 kB
Time pass: 155 sec

---2015-12-17 17:07:46
MemTotal:        2582696 kB
MemFree:          386872 kB
Buffers:            6392 kB
Cached:           810052 kB
SwapCached:            8 kB
Active:          1013068 kB
Inactive:         580236 kB
Active(anon):     608264 kB
Inactive(anon):   174136 kB
Active(file):     404804 kB
Inactive(file):   406100 kB
Unevictable:        3916 kB
Mlocked:               0 kB
SwapTotal:        524284 kB
SwapFree:         520440 kB
Dirty:               132 kB
Writeback:             0 kB
AnonPages:        780748 kB
Mapped:           409240 kB
Shmem:              1624 kB
Slab:             102720 kB
SReclaimable:      31820 kB
SUnreclaim:        70900 kB
KernelStack:       38672 kB
PageTables:        39720 kB
NFS_Unstable:          0 kB
Bounce:                0 kB
WritebackTmp:          0 kB
CommitLimit:     1815632 kB
Committed_AS:   111335356 kB
VmallocTotal:   251658176 kB
VmallocUsed:      118304 kB
VmallocChunk:   251393956 kB
Time pass: 159 sec

---2015-12-17 17:07:46
MemTotal:        2582696 kB
MemFree:          263828 kB
Buffers:            6392 kB
Cached:           810948 kB
SwapCached:            8 kB
Active:          1055024 kB
Inactive:         576572 kB
Active(anon):     645900 kB
Inactive(anon):   173860 kB
Active(file):     409124 kB
Inactive(file):   402712 kB
Unevictable:        3916 kB
Mlocked:               0 kB
SwapTotal:        524284 kB
SwapFree:         520440 kB
Dirty:               820 kB
Writeback:             0 kB
AnonPages:        818440 kB
Mapped:           437704 kB
Shmem:              1364 kB
Slab:             103072 kB
SReclaimable:      31828 kB
SUnreclaim:        71244 kB
KernelStack:       39456 kB
PageTables:        40548 kB
NFS_Unstable:          0 kB
Bounce:                0 kB
WritebackTmp:          0 kB
CommitLimit:     1815632 kB
Committed_AS:   112649920 kB
VmallocTotal:   251658176 kB
VmallocUsed:      119616 kB
VmallocChunk:   251393956 kB
Time pass: 163 sec

---2015-12-17 17:07:46
MemTotal:        2582696 kB
MemFree:          180964 kB
Buffers:            6392 kB
Cached:           811784 kB
SwapCached:            8 kB
Active:          1049820 kB
Inactive:         576144 kB
Active(anon):     639216 kB
Inactive(anon):   173984 kB
Active(file):     410604 kB
Inactive(file):   402160 kB
Unevictable:        3916 kB
Mlocked:               0 kB
SwapTotal:        524284 kB
SwapFree:         520440 kB
Dirty:              1068 kB
Writeback:             0 kB
AnonPages:        811748 kB
Mapped:           461032 kB
Shmem:              1496 kB
Slab:             102940 kB
SReclaimable:      31912 kB
SUnreclaim:        71028 kB
KernelStack:       39872 kB
PageTables:        40856 kB
NFS_Unstable:          0 kB
Bounce:                0 kB
WritebackTmp:          0 kB
CommitLimit:     1815632 kB
Committed_AS:   112658224 kB
VmallocTotal:   251658176 kB
VmallocUsed:      120224 kB
VmallocChunk:   251393956 kB
Time pass: 167 sec

---2015-12-17 17:07:46
MemTotal:        2582696 kB
MemFree:          131660 kB
Buffers:            6400 kB
Cached:           812860 kB
SwapCached:            8 kB
Active:          1064072 kB
Inactive:         575920 kB
Active(anon):     652168 kB
Inactive(anon):   173980 kB
Active(file):     411904 kB
Inactive(file):   401940 kB
Unevictable:        3916 kB
Mlocked:               0 kB
SwapTotal:        524284 kB
SwapFree:         520440 kB
Dirty:              1208 kB
Writeback:             0 kB
AnonPages:        824448 kB
Mapped:           486736 kB
Shmem:              1496 kB
Slab:             103052 kB
SReclaimable:      31920 kB
SUnreclaim:        71132 kB
KernelStack:       40000 kB
PageTables:        40956 kB
NFS_Unstable:          0 kB
Bounce:                0 kB
WritebackTmp:          0 kB
CommitLimit:     1815632 kB
Committed_AS:   112667736 kB
VmallocTotal:   251658176 kB
VmallocUsed:      120480 kB
VmallocChunk:   251393956 kB
Time pass: 170 sec

---2015-12-17 17:07:46
MemTotal:        2582696 kB
MemFree:          158700 kB
Buffers:            6400 kB
Cached:           812980 kB
SwapCached:            8 kB
Active:          1063200 kB
Inactive:         575948 kB
Active(anon):     651216 kB
Inactive(anon):   173976 kB
Active(file):     411984 kB
Inactive(file):   401972 kB
Unevictable:        3916 kB
Mlocked:               0 kB
SwapTotal:        524284 kB
SwapFree:         520436 kB
Dirty:              1332 kB
Writeback:             0 kB
AnonPages:        823764 kB
Mapped:           497224 kB
Shmem:              1496 kB
Slab:             103108 kB
SReclaimable:      31924 kB
SUnreclaim:        71184 kB
KernelStack:       39808 kB
PageTables:        41000 kB
NFS_Unstable:          0 kB
Bounce:                0 kB
WritebackTmp:          0 kB
CommitLimit:     1815632 kB
Committed_AS:   112675608 kB
VmallocTotal:   251658176 kB
VmallocUsed:      120576 kB
VmallocChunk:   251393956 kB
Time pass: 174 sec

---2015-12-17 17:07:46
MemTotal:        2582696 kB
MemFree:          142832 kB
Buffers:            6400 kB
Cached:           813100 kB
SwapCached:            8 kB
Active:          1065512 kB
Inactive:         576060 kB
Active(anon):     653508 kB
Inactive(anon):   173976 kB
Active(file):     412004 kB
Inactive(file):   402084 kB
Unevictable:        3916 kB
Mlocked:               0 kB
SwapTotal:        524284 kB
SwapFree:         520436 kB
Dirty:               636 kB
Writeback:             0 kB
AnonPages:        825992 kB
Mapped:           498280 kB
Shmem:              1496 kB
Slab:             103196 kB
SReclaimable:      31924 kB
SUnreclaim:        71272 kB
KernelStack:       39728 kB
PageTables:        41020 kB
NFS_Unstable:          0 kB
Bounce:                0 kB
WritebackTmp:          0 kB
CommitLimit:     1815632 kB
Committed_AS:   112675240 kB
VmallocTotal:   251658176 kB
VmallocUsed:      120672 kB
VmallocChunk:   251393956 kB
Time pass: 178 sec

---2015-12-17 17:07:46
MemTotal:        2582696 kB
MemFree:          116756 kB
Buffers:            6400 kB
Cached:           812132 kB
SwapCached:            8 kB
Active:          1058016 kB
Inactive:         576124 kB
Active(anon):     647264 kB
Inactive(anon):   173920 kB
Active(file):     410752 kB
Inactive(file):   402204 kB
Unevictable:        3916 kB
Mlocked:               0 kB
SwapTotal:        524284 kB
SwapFree:         520360 kB
Dirty:              1312 kB
Writeback:             0 kB
AnonPages:        819620 kB
Mapped:           504500 kB
Shmem:              1496 kB
Slab:             103392 kB
SReclaimable:      32072 kB
SUnreclaim:        71320 kB
KernelStack:       39712 kB
PageTables:        41028 kB
NFS_Unstable:          0 kB
Bounce:                0 kB
WritebackTmp:          0 kB
CommitLimit:     1815632 kB
Committed_AS:   112683704 kB
VmallocTotal:   251658176 kB
VmallocUsed:      120928 kB
VmallocChunk:   251393956 kB
Time pass: 181 sec

---2015-12-17 17:07:46
MemTotal:        2582696 kB
MemFree:          119180 kB
Buffers:            6400 kB
Cached:           812124 kB
SwapCached:            8 kB
Active:          1055464 kB
Inactive:         576084 kB
Active(anon):     644564 kB
Inactive(anon):   173884 kB
Active(file):     410900 kB
Inactive(file):   402200 kB
Unevictable:        3916 kB
Mlocked:               0 kB
SwapTotal:        524284 kB
SwapFree:         520360 kB
Dirty:               652 kB
Writeback:             0 kB
AnonPages:        816876 kB
Mapped:           504752 kB
Shmem:              1496 kB
Slab:             103324 kB
SReclaimable:      32052 kB
SUnreclaim:        71272 kB
KernelStack:       39696 kB
PageTables:        41116 kB
NFS_Unstable:          0 kB
Bounce:                0 kB
WritebackTmp:          0 kB
CommitLimit:     1815632 kB
Committed_AS:   112683560 kB
VmallocTotal:   251658176 kB
VmallocUsed:      120928 kB
VmallocChunk:   251393956 kB
Time pass: 185 sec

---2015-12-17 17:07:46
MemTotal:        2582696 kB
MemFree:          117520 kB
Buffers:            6400 kB
Cached:           812940 kB
SwapCached:            8 kB
Active:          1055344 kB
Inactive:         575116 kB
Active(anon):     642660 kB
Inactive(anon):   173872 kB
Active(file):     412684 kB
Inactive(file):   401244 kB
Unevictable:        3916 kB
Mlocked:               0 kB
SwapTotal:        524284 kB
SwapFree:         520360 kB
Dirty:               700 kB
Writeback:             0 kB
AnonPages:        815132 kB
Mapped:           505748 kB
Shmem:              1496 kB
Slab:             103444 kB
SReclaimable:      32052 kB
SUnreclaim:        71392 kB
KernelStack:       39520 kB
PageTables:        41256 kB
NFS_Unstable:          0 kB
Bounce:                0 kB
WritebackTmp:          0 kB
CommitLimit:     1815632 kB
Committed_AS:   112683224 kB
VmallocTotal:   251658176 kB
VmallocUsed:      120940 kB
VmallocChunk:   251393956 kB
Time pass: 189 sec

---2015-12-17 17:07:46
MemTotal:        2582696 kB
MemFree:          106568 kB
Buffers:            6400 kB
Cached:           809556 kB
SwapCached:            8 kB
Active:          1058056 kB
Inactive:         578492 kB
Active(anon):     652732 kB
Inactive(anon):   173164 kB
Active(file):     405324 kB
Inactive(file):   405328 kB
Unevictable:        3916 kB
Mlocked:               0 kB
SwapTotal:        524284 kB
SwapFree:         519804 kB
Dirty:                12 kB
Writeback:             0 kB
AnonPages:        824708 kB
Mapped:           521228 kB
Shmem:              1496 kB
Slab:             103148 kB
SReclaimable:      32004 kB
SUnreclaim:        71144 kB
KernelStack:       39840 kB
PageTables:        41832 kB
NFS_Unstable:          0 kB
Bounce:                0 kB
WritebackTmp:          0 kB
CommitLimit:     1815632 kB
Committed_AS:   114464568 kB
VmallocTotal:   251658176 kB
VmallocUsed:      122024 kB
VmallocChunk:   251393956 kB
Time pass: 192 sec

---2015-12-17 17:07:46
MemTotal:        2582696 kB
MemFree:          114104 kB
Buffers:            6400 kB
Cached:           798704 kB
SwapCached:            8 kB
Active:          1059216 kB
Inactive:         572556 kB
Active(anon):     659416 kB
Inactive(anon):   172672 kB
Active(file):     399800 kB
Inactive(file):   399884 kB
Unevictable:        3920 kB
Mlocked:               0 kB
SwapTotal:        524284 kB
SwapFree:         519448 kB
Dirty:               328 kB
Writeback:             0 kB
AnonPages:        830508 kB
Mapped:           525224 kB
Shmem:              1496 kB
Slab:             103104 kB
SReclaimable:      32028 kB
SUnreclaim:        71076 kB
KernelStack:       39936 kB
PageTables:        41800 kB
NFS_Unstable:          0 kB
Bounce:                0 kB
WritebackTmp:          0 kB
CommitLimit:     1815632 kB
Committed_AS:   114464600 kB
VmallocTotal:   251658176 kB
VmallocUsed:      122032 kB
VmallocChunk:   251393956 kB
Time pass: 196 sec

---2015-12-17 17:07:46
MemTotal:        2582696 kB
MemFree:          134512 kB
Buffers:            6400 kB
Cached:           798468 kB
SwapCached:            8 kB
Active:          1062668 kB
Inactive:         572404 kB
Active(anon):     662952 kB
Inactive(anon):   172672 kB
Active(file):     399716 kB
Inactive(file):   399732 kB
Unevictable:        3920 kB
Mlocked:               0 kB
SwapTotal:        524284 kB
SwapFree:         519444 kB
Dirty:               720 kB
Writeback:             0 kB
AnonPages:        833848 kB
Mapped:           525412 kB
Shmem:              1496 kB
Slab:             103300 kB
SReclaimable:      32092 kB
SUnreclaim:        71208 kB
KernelStack:       39936 kB
PageTables:        41840 kB
NFS_Unstable:          0 kB
Bounce:                0 kB
WritebackTmp:          0 kB
CommitLimit:     1815632 kB
Committed_AS:   114464948 kB
VmallocTotal:   251658176 kB
VmallocUsed:      137340 kB
VmallocChunk:   251393956 kB
Time pass: 200 sec

---2015-12-17 17:07:46
MemTotal:        2582696 kB
MemFree:          126988 kB
Buffers:            6400 kB
Cached:           799176 kB
SwapCached:            8 kB
Active:          1058704 kB
Inactive:         573164 kB
Active(anon):     659040 kB
Inactive(anon):   172668 kB
Active(file):     399664 kB
Inactive(file):   400496 kB
Unevictable:        3920 kB
Mlocked:               0 kB
SwapTotal:        524284 kB
SwapFree:         519444 kB
Dirty:               544 kB
Writeback:             0 kB
AnonPages:        830448 kB
Mapped:           523864 kB
Shmem:              1496 kB
Slab:             103156 kB
SReclaimable:      32008 kB
SUnreclaim:        71148 kB
KernelStack:       39984 kB
PageTables:        41752 kB
NFS_Unstable:          0 kB
Bounce:                0 kB
WritebackTmp:          0 kB
CommitLimit:     1815632 kB
Committed_AS:   114468652 kB
VmallocTotal:   251658176 kB
VmallocUsed:      122032 kB
VmallocChunk:   251393956 kB
Time pass: 204 sec

---2015-12-17 17:07:46
MemTotal:        2582696 kB
MemFree:          105684 kB
Buffers:            6400 kB
Cached:           806884 kB
SwapCached:            8 kB
Active:          1089656 kB
Inactive:         579148 kB
Active(anon):     688304 kB
Inactive(anon):   172668 kB
Active(file):     401352 kB
Inactive(file):   406480 kB
Unevictable:        3920 kB
Mlocked:               0 kB
SwapTotal:        524284 kB
SwapFree:         519444 kB
Dirty:               284 kB
Writeback:             0 kB
AnonPages:        859380 kB
Mapped:           529508 kB
Shmem:              1496 kB
Slab:             103584 kB
SReclaimable:      32176 kB
SUnreclaim:        71408 kB
KernelStack:       40608 kB
PageTables:        43004 kB
NFS_Unstable:          0 kB
Bounce:                0 kB
WritebackTmp:          0 kB
CommitLimit:     1815632 kB
Committed_AS:   118042644 kB
VmallocTotal:   251658176 kB
VmallocUsed:      124360 kB
VmallocChunk:   251393956 kB
Time pass: 207 sec

---2015-12-17 17:07:46
MemTotal:        2582696 kB
MemFree:          114520 kB
Buffers:            6400 kB
Cached:           807192 kB
SwapCached:            8 kB
Active:          1094860 kB
Inactive:         570968 kB
Active(anon):     684508 kB
Inactive(anon):   173144 kB
Active(file):     410352 kB
Inactive(file):   397824 kB
Unevictable:        3920 kB
Mlocked:               0 kB
SwapTotal:        524284 kB
SwapFree:         519344 kB
Dirty:               292 kB
Writeback:             0 kB
AnonPages:        856224 kB
Mapped:           512160 kB
Shmem:              1492 kB
Slab:             104092 kB
SReclaimable:      32384 kB
SUnreclaim:        71708 kB
KernelStack:       39568 kB
PageTables:        42492 kB
NFS_Unstable:          0 kB
Bounce:                0 kB
WritebackTmp:          0 kB
CommitLimit:     1815632 kB
Committed_AS:   116804476 kB
VmallocTotal:   251658176 kB
VmallocUsed:      123484 kB
VmallocChunk:   251393956 kB
Time pass: 211 sec

---2015-12-17 17:07:46
MemTotal:        2582696 kB
MemFree:          326340 kB
Buffers:            6400 kB
Cached:           806244 kB
SwapCached:            8 kB
Active:          1091292 kB
Inactive:         540384 kB
Active(anon):     650820 kB
Inactive(anon):   173536 kB
Active(file):     440472 kB
Inactive(file):   366848 kB
Unevictable:        3920 kB
Mlocked:               0 kB
SwapTotal:        524284 kB
SwapFree:         519220 kB
Dirty:               224 kB
Writeback:             0 kB
AnonPages:        822848 kB
Mapped:           409248 kB
Shmem:              1624 kB
Slab:             103012 kB
SReclaimable:      31632 kB
SUnreclaim:        71380 kB
KernelStack:       37776 kB
PageTables:        40204 kB
NFS_Unstable:          0 kB
Bounce:                0 kB
WritebackTmp:          0 kB
CommitLimit:     1815632 kB
Committed_AS:   111893676 kB
VmallocTotal:   251658176 kB
VmallocUsed:      118800 kB
VmallocChunk:   251393956 kB
Time pass: 215 sec

---2015-12-17 17:07:46
MemTotal:        2582696 kB
MemFree:          292856 kB
Buffers:            6400 kB
Cached:           809104 kB
SwapCached:            8 kB
Active:          1047496 kB
Inactive:         536780 kB
Active(anon):     600832 kB
Inactive(anon):   173268 kB
Active(file):     446664 kB
Inactive(file):   363512 kB
Unevictable:        3920 kB
Mlocked:               0 kB
SwapTotal:        524284 kB
SwapFree:         519220 kB
Dirty:               256 kB
Writeback:             0 kB
AnonPages:        772836 kB
Mapped:           392356 kB
Shmem:              1360 kB
Slab:             103092 kB
SReclaimable:      31780 kB
SUnreclaim:        71312 kB
KernelStack:       36784 kB
PageTables:        39732 kB
NFS_Unstable:          0 kB
Bounce:                0 kB
WritebackTmp:          0 kB
CommitLimit:     1815632 kB
Committed_AS:   111879444 kB
VmallocTotal:   251658176 kB
VmallocUsed:      118884 kB
VmallocChunk:   251393956 kB
Time pass: 219 sec

---2015-12-17 17:07:46
MemTotal:        2582696 kB
MemFree:          240684 kB
Buffers:            6412 kB
Cached:           812824 kB
SwapCached:            8 kB
Active:          1059080 kB
Inactive:         537420 kB
Active(anon):     609488 kB
Inactive(anon):   173268 kB
Active(file):     449592 kB
Inactive(file):   364152 kB
Unevictable:        3920 kB
Mlocked:               0 kB
SwapTotal:        524284 kB
SwapFree:         519220 kB
Dirty:               848 kB
Writeback:             0 kB
AnonPages:        781484 kB
Mapped:           414988 kB
Shmem:              1360 kB
Slab:             103320 kB
SReclaimable:      31780 kB
SUnreclaim:        71540 kB
KernelStack:       37376 kB
PageTables:        40568 kB
NFS_Unstable:          0 kB
Bounce:                0 kB
WritebackTmp:          0 kB
CommitLimit:     1815632 kB
Committed_AS:   113181668 kB
VmallocTotal:   251658176 kB
VmallocUsed:      120904 kB
VmallocChunk:   251393956 kB
Time pass: 222 sec

---2015-12-17 17:07:46
MemTotal:        2582696 kB
MemFree:          160696 kB
Buffers:            6412 kB
Cached:           814868 kB
SwapCached:            8 kB
Active:          1085128 kB
Inactive:         539392 kB
Active(anon):     635304 kB
Inactive(anon):   173380 kB
Active(file):     449824 kB
Inactive(file):   366012 kB
Unevictable:        3920 kB
Mlocked:               0 kB
SwapTotal:        524284 kB
SwapFree:         519216 kB
Dirty:              1380 kB
Writeback:             0 kB
AnonPages:        807508 kB
Mapped:           501136 kB
Shmem:              1492 kB
Slab:             103252 kB
SReclaimable:      31916 kB
SUnreclaim:        71336 kB
KernelStack:       38176 kB
PageTables:        40880 kB
NFS_Unstable:          0 kB
Bounce:                0 kB
WritebackTmp:          0 kB
CommitLimit:     1815632 kB
Committed_AS:   113208452 kB
VmallocTotal:   251658176 kB
VmallocUsed:      120628 kB
VmallocChunk:   251393956 kB
Time pass: 226 sec

---2015-12-17 17:07:46
MemTotal:        2582696 kB
MemFree:          119632 kB
Buffers:            6420 kB
Cached:           814336 kB
SwapCached:            8 kB
Active:          1095916 kB
Inactive:         521956 kB
Active(anon):     629488 kB
Inactive(anon):   172888 kB
Active(file):     466428 kB
Inactive(file):   349068 kB
Unevictable:        3920 kB
Mlocked:               0 kB
SwapTotal:        524284 kB
SwapFree:         518824 kB
Dirty:              3224 kB
Writeback:             0 kB
AnonPages:        801000 kB
Mapped:           515872 kB
Shmem:              1340 kB
Slab:             102940 kB
SReclaimable:      31544 kB
SUnreclaim:        71396 kB
KernelStack:       38048 kB
PageTables:        40956 kB
NFS_Unstable:          0 kB
Bounce:                0 kB
WritebackTmp:          0 kB
CommitLimit:     1815632 kB
Committed_AS:   113229860 kB
VmallocTotal:   251658176 kB
VmallocUsed:      121252 kB
VmallocChunk:   251393956 kB
Time pass: 230 sec

---2015-12-17 17:07:46
MemTotal:        2582696 kB
MemFree:          114016 kB
Buffers:            6420 kB
Cached:           814868 kB
SwapCached:            8 kB
Active:          1102924 kB
Inactive:         521940 kB
Active(anon):     635972 kB
Inactive(anon):   172752 kB
Active(file):     466952 kB
Inactive(file):   349188 kB
Unevictable:        3920 kB
Mlocked:               0 kB
SwapTotal:        524284 kB
SwapFree:         518640 kB
Dirty:               676 kB
Writeback:             0 kB
AnonPages:        807436 kB
Mapped:           516828 kB
Shmem:              1228 kB
Slab:             103196 kB
SReclaimable:      31752 kB
SUnreclaim:        71444 kB
KernelStack:       38272 kB
PageTables:        41176 kB
NFS_Unstable:          0 kB
Bounce:                0 kB
WritebackTmp:          0 kB
CommitLimit:     1815632 kB
Committed_AS:   113258360 kB
VmallocTotal:   251658176 kB
VmallocUsed:      123780 kB
VmallocChunk:   251393956 kB
Time pass: 233 sec

---2015-12-17 17:07:46
MemTotal:        2582696 kB
MemFree:          114720 kB
Buffers:            6420 kB
Cached:           814888 kB
SwapCached:            8 kB
Active:          1103952 kB
Inactive:         521944 kB
Active(anon):     636984 kB
Inactive(anon):   172760 kB
Active(file):     466968 kB
Inactive(file):   349184 kB
Unevictable:        3920 kB
Mlocked:               0 kB
SwapTotal:        524284 kB
SwapFree:         518640 kB
Dirty:               664 kB
Writeback:            20 kB
AnonPages:        808524 kB
Mapped:           516660 kB
Shmem:              1236 kB
Slab:             103200 kB
SReclaimable:      31752 kB
SUnreclaim:        71448 kB
KernelStack:       38272 kB
PageTables:        41176 kB
NFS_Unstable:          0 kB
Bounce:                0 kB
WritebackTmp:          0 kB
CommitLimit:     1815632 kB
Committed_AS:   113258344 kB
VmallocTotal:   251658176 kB
VmallocUsed:      123780 kB
VmallocChunk:   251393956 kB
Time pass: 237 sec

---2015-12-17 17:07:46
MemTotal:        2582696 kB
MemFree:          113480 kB
Buffers:            6420 kB
Cached:           814904 kB
SwapCached:            8 kB
Active:          1105012 kB
Inactive:         521956 kB
Active(anon):     638044 kB
Inactive(anon):   172772 kB
Active(file):     466968 kB
Inactive(file):   349184 kB
Unevictable:        3920 kB
Mlocked:               0 kB
SwapTotal:        524284 kB
SwapFree:         518640 kB
Dirty:               652 kB
Writeback:             0 kB
AnonPages:        809576 kB
Mapped:           516680 kB
Shmem:              1252 kB
Slab:             103128 kB
SReclaimable:      31752 kB
SUnreclaim:        71376 kB
KernelStack:       38272 kB
PageTables:        41180 kB
NFS_Unstable:          0 kB
Bounce:                0 kB
WritebackTmp:          0 kB
CommitLimit:     1815632 kB
Committed_AS:   113258328 kB
VmallocTotal:   251658176 kB
VmallocUsed:      123780 kB
VmallocChunk:   251393956 kB
Time pass: 241 sec

---2015-12-17 17:07:46
MemTotal:        2582696 kB
MemFree:          108448 kB
Buffers:            6420 kB
Cached:           815604 kB
SwapCached:            8 kB
Active:          1107072 kB
Inactive:         522660 kB
Active(anon):     640104 kB
Inactive(anon):   172780 kB
Active(file):     466968 kB
Inactive(file):   349880 kB
Unevictable:        3920 kB
Mlocked:               0 kB
SwapTotal:        524284 kB
SwapFree:         518640 kB
Dirty:               660 kB
Writeback:             0 kB
AnonPages:        811636 kB
Mapped:           517008 kB
Shmem:              1256 kB
Slab:             103128 kB
SReclaimable:      31752 kB
SUnreclaim:        71376 kB
KernelStack:       38272 kB
PageTables:        41184 kB
NFS_Unstable:          0 kB
Bounce:                0 kB
WritebackTmp:          0 kB
CommitLimit:     1815632 kB
Committed_AS:   113258376 kB
VmallocTotal:   251658176 kB
VmallocUsed:      123780 kB
VmallocChunk:   251393956 kB
Time pass: 245 sec

---2015-12-17 17:07:46
MemTotal:        2582696 kB
MemFree:          107864 kB
Buffers:            6420 kB
Cached:           815684 kB
SwapCached:            8 kB
Active:          1108292 kB
Inactive:         522740 kB
Active(anon):     641324 kB
Inactive(anon):   172856 kB
Active(file):     466968 kB
Inactive(file):   349884 kB
Unevictable:        3920 kB
Mlocked:               0 kB
SwapTotal:        524284 kB
SwapFree:         518640 kB
Dirty:               660 kB
Writeback:             0 kB
AnonPages:        812904 kB
Mapped:           517156 kB
Shmem:              1332 kB
Slab:             103144 kB
SReclaimable:      31768 kB
SUnreclaim:        71376 kB
KernelStack:       38272 kB
PageTables:        41264 kB
NFS_Unstable:          0 kB
Bounce:                0 kB
WritebackTmp:          0 kB
CommitLimit:     1815632 kB
Committed_AS:   113258360 kB
VmallocTotal:   251658176 kB
VmallocUsed:      123780 kB
VmallocChunk:   251393956 kB
Time pass: 248 sec

---2015-12-17 17:07:46
MemTotal:        2582696 kB
MemFree:          110488 kB
Buffers:            6420 kB
Cached:           815216 kB
SwapCached:            8 kB
Active:          1107892 kB
Inactive:         522516 kB
Active(anon):     641352 kB
Inactive(anon):   172760 kB
Active(file):     466540 kB
Inactive(file):   349756 kB
Unevictable:        3920 kB
Mlocked:               0 kB
SwapTotal:        524284 kB
SwapFree:         518460 kB
Dirty:               652 kB
Writeback:             0 kB
AnonPages:        812752 kB
Mapped:           517244 kB
Shmem:              1420 kB
Slab:             103144 kB
SReclaimable:      31768 kB
SUnreclaim:        71376 kB
KernelStack:       38272 kB
PageTables:        41264 kB
NFS_Unstable:          0 kB
Bounce:                0 kB
WritebackTmp:          0 kB
CommitLimit:     1815632 kB
Committed_AS:   113258360 kB
VmallocTotal:   251658176 kB
VmallocUsed:      123780 kB
VmallocChunk:   251393956 kB
Time pass: 252 sec

---2015-12-17 17:07:46
MemTotal:        2582696 kB
MemFree:          109772 kB
Buffers:            6420 kB
Cached:           815216 kB
SwapCached:            8 kB
Active:          1108620 kB
Inactive:         522512 kB
Active(anon):     642076 kB
Inactive(anon):   172760 kB
Active(file):     466544 kB
Inactive(file):   349752 kB
Unevictable:        3920 kB
Mlocked:               0 kB
SwapTotal:        524284 kB
SwapFree:         518460 kB
Dirty:               656 kB
Writeback:             0 kB
AnonPages:        813596 kB
Mapped:           517648 kB
Shmem:              1420 kB
Slab:             103152 kB
SReclaimable:      31784 kB
SUnreclaim:        71368 kB
KernelStack:       38288 kB
PageTables:        41256 kB
NFS_Unstable:          0 kB
Bounce:                0 kB
WritebackTmp:          0 kB
CommitLimit:     1815632 kB
Committed_AS:   113258368 kB
VmallocTotal:   251658176 kB
VmallocUsed:      123780 kB
VmallocChunk:   251393956 kB
Time pass: 256 sec

---2015-12-17 17:07:46
MemTotal:        2582696 kB
MemFree:          110988 kB
Buffers:            6420 kB
Cached:           815216 kB
SwapCached:            8 kB
Active:          1107636 kB
Inactive:         522512 kB
Active(anon):     641092 kB
Inactive(anon):   172760 kB
Active(file):     466544 kB
Inactive(file):   349752 kB
Unevictable:        3920 kB
Mlocked:               0 kB
SwapTotal:        524284 kB
SwapFree:         518460 kB
Dirty:               652 kB
Writeback:             0 kB
AnonPages:        812280 kB
Mapped:           517708 kB
Shmem:              1420 kB
Slab:             103152 kB
SReclaimable:      31784 kB
SUnreclaim:        71368 kB
KernelStack:       38272 kB
PageTables:        41264 kB
NFS_Unstable:          0 kB
Bounce:                0 kB
WritebackTmp:          0 kB
CommitLimit:     1815632 kB
Committed_AS:   113258344 kB
VmallocTotal:   251658176 kB
VmallocUsed:      123780 kB
VmallocChunk:   251393956 kB
Time pass: 259 sec

---2015-12-17 17:07:46
MemTotal:        2582696 kB
MemFree:          109792 kB
Buffers:            6420 kB
Cached:           815216 kB
SwapCached:            8 kB
Active:          1107792 kB
Inactive:         522512 kB
Active(anon):     641248 kB
Inactive(anon):   172760 kB
Active(file):     466544 kB
Inactive(file):   349752 kB
Unevictable:        3920 kB
Mlocked:               0 kB
SwapTotal:        524284 kB
SwapFree:         518460 kB
Dirty:               652 kB
Writeback:             0 kB
AnonPages:        812608 kB
Mapped:           517712 kB
Shmem:              1420 kB
Slab:             103156 kB
SReclaimable:      31788 kB
SUnreclaim:        71368 kB
KernelStack:       38272 kB
PageTables:        41264 kB
NFS_Unstable:          0 kB
Bounce:                0 kB
WritebackTmp:          0 kB
CommitLimit:     1815632 kB
Committed_AS:   113258292 kB
VmallocTotal:   251658176 kB
VmallocUsed:      123792 kB
VmallocChunk:   251393956 kB
Time pass: 263 sec

---2015-12-17 17:07:46
MemTotal:        2582696 kB
MemFree:          109744 kB
Buffers:            6420 kB
Cached:           815216 kB
SwapCached:            8 kB
Active:          1107776 kB
Inactive:         522512 kB
Active(anon):     641232 kB
Inactive(anon):   172760 kB
Active(file):     466544 kB
Inactive(file):   349752 kB
Unevictable:        3920 kB
Mlocked:               0 kB
SwapTotal:        524284 kB
SwapFree:         518460 kB
Dirty:               652 kB
Writeback:             0 kB
AnonPages:        812744 kB
Mapped:           517744 kB
Shmem:              1420 kB
Slab:             103176 kB
SReclaimable:      31808 kB
SUnreclaim:        71368 kB
KernelStack:       38240 kB
PageTables:        41240 kB
NFS_Unstable:          0 kB
Bounce:                0 kB
WritebackTmp:          0 kB
CommitLimit:     1815632 kB
Committed_AS:   113258304 kB
VmallocTotal:   251658176 kB
VmallocUsed:      123792 kB
VmallocChunk:   251393956 kB
Time pass: 267 sec

---2015-12-17 17:07:46
MemTotal:        2582696 kB
MemFree:          110228 kB
Buffers:            6420 kB
Cached:           815728 kB
SwapCached:            8 kB
Active:          1107832 kB
Inactive:         523024 kB
Active(anon):     641288 kB
Inactive(anon):   172760 kB
Active(file):     466544 kB
Inactive(file):   350264 kB
Unevictable:        3920 kB
Mlocked:               0 kB
SwapTotal:        524284 kB
SwapFree:         518460 kB
Dirty:               672 kB
Writeback:             0 kB
AnonPages:        812680 kB
Mapped:           517640 kB
Shmem:              1420 kB
Slab:             103208 kB
SReclaimable:      31808 kB
SUnreclaim:        71400 kB
KernelStack:       38272 kB
PageTables:        41264 kB
NFS_Unstable:          0 kB
Bounce:                0 kB
WritebackTmp:          0 kB
CommitLimit:     1815632 kB
Committed_AS:   113258320 kB
VmallocTotal:   251658176 kB
VmallocUsed:      123792 kB
VmallocChunk:   251393956 kB
Time pass: 271 sec

---2015-12-17 17:07:46
MemTotal:        2582696 kB
MemFree:          110836 kB
Buffers:            6420 kB
Cached:           815792 kB
SwapCached:            8 kB
Active:          1106672 kB
Inactive:         523088 kB
Active(anon):     640128 kB
Inactive(anon):   172824 kB
Active(file):     466544 kB
Inactive(file):   350264 kB
Unevictable:        3920 kB
Mlocked:               0 kB
SwapTotal:        524284 kB
SwapFree:         518460 kB
Dirty:               672 kB
Writeback:             0 kB
AnonPages:        811496 kB
Mapped:           517956 kB
Shmem:              1484 kB
Slab:             103184 kB
SReclaimable:      31812 kB
SUnreclaim:        71372 kB
KernelStack:       38240 kB
PageTables:        41240 kB
NFS_Unstable:          0 kB
Bounce:                0 kB
WritebackTmp:          0 kB
CommitLimit:     1815632 kB
Committed_AS:   113258320 kB
VmallocTotal:   251658176 kB
VmallocUsed:      123792 kB
VmallocChunk:   251393956 kB
Time pass: 275 sec

---2015-12-17 17:07:46
MemTotal:        2582696 kB
MemFree:          109744 kB
Buffers:            6420 kB
Cached:           815796 kB
SwapCached:            8 kB
Active:          1107424 kB
Inactive:         523092 kB
Active(anon):     640880 kB
Inactive(anon):   172828 kB
Active(file):     466544 kB
Inactive(file):   350264 kB
Unevictable:        3920 kB
Mlocked:               0 kB
SwapTotal:        524284 kB
SwapFree:         518460 kB
Dirty:               680 kB
Writeback:             0 kB
AnonPages:        812332 kB
Mapped:           517932 kB
Shmem:              1488 kB
Slab:             103184 kB
SReclaimable:      31812 kB
SUnreclaim:        71372 kB
KernelStack:       38272 kB
PageTables:        41268 kB
NFS_Unstable:          0 kB
Bounce:                0 kB
WritebackTmp:          0 kB
CommitLimit:     1815632 kB
Committed_AS:   113258320 kB
VmallocTotal:   251658176 kB
VmallocUsed:      123792 kB
VmallocChunk:   251393956 kB
Time pass: 279 sec

---2015-12-17 17:07:46
MemTotal:        2582696 kB
MemFree:          114376 kB
Buffers:            6420 kB
Cached:           814988 kB
SwapCached:            8 kB
Active:          1107064 kB
Inactive:         522696 kB
Active(anon):     641200 kB
Inactive(anon):   172584 kB
Active(file):     465864 kB
Inactive(file):   350112 kB
Unevictable:        3920 kB
Mlocked:               0 kB
SwapTotal:        524284 kB
SwapFree:         518276 kB
Dirty:               704 kB
Writeback:             0 kB
AnonPages:        812220 kB
Mapped:           517948 kB
Shmem:              1512 kB
Slab:             102932 kB
SReclaimable:      31604 kB
SUnreclaim:        71328 kB
KernelStack:       38288 kB
PageTables:        41288 kB
NFS_Unstable:          0 kB
Bounce:                0 kB
WritebackTmp:          0 kB
CommitLimit:     1815632 kB
Committed_AS:   113268568 kB
VmallocTotal:   251658176 kB
VmallocUsed:      123792 kB
VmallocChunk:   251393956 kB
Time pass: 282 sec

---2015-12-17 17:07:46
MemTotal:        2582696 kB
MemFree:          114836 kB
Buffers:            6420 kB
Cached:           814996 kB
SwapCached:            8 kB
Active:          1107028 kB
Inactive:         522692 kB
Active(anon):     641152 kB
Inactive(anon):   172588 kB
Active(file):     465876 kB
Inactive(file):   350104 kB
Unevictable:        3920 kB
Mlocked:               0 kB
SwapTotal:        524284 kB
SwapFree:         518276 kB
Dirty:               692 kB
Writeback:             0 kB
AnonPages:        812168 kB
Mapped:           517968 kB
Shmem:              1516 kB
Slab:             103056 kB
SReclaimable:      31700 kB
SUnreclaim:        71356 kB
KernelStack:       38256 kB
PageTables:        41288 kB
NFS_Unstable:          0 kB
Bounce:                0 kB
WritebackTmp:          0 kB
CommitLimit:     1815632 kB
Committed_AS:   113268512 kB
VmallocTotal:   251658176 kB
VmallocUsed:      123792 kB
VmallocChunk:   251393956 kB
Time pass: 286 sec

---2015-12-17 17:07:46
MemTotal:        2582696 kB
MemFree:          113908 kB
Buffers:            6420 kB
Cached:           814996 kB
SwapCached:            8 kB
Active:          1107340 kB
Inactive:         522692 kB
Active(anon):     641464 kB
Inactive(anon):   172588 kB
Active(file):     465876 kB
Inactive(file):   350104 kB
Unevictable:        3920 kB
Mlocked:               0 kB
SwapTotal:        524284 kB
SwapFree:         518276 kB
Dirty:               692 kB
Writeback:             0 kB
AnonPages:        812552 kB
Mapped:           517748 kB
Shmem:              1516 kB
Slab:             103088 kB
SReclaimable:      31720 kB
SUnreclaim:        71368 kB
KernelStack:       38256 kB
PageTables:        41292 kB
NFS_Unstable:          0 kB
Bounce:                0 kB
WritebackTmp:          0 kB
CommitLimit:     1815632 kB
Committed_AS:   113268520 kB
VmallocTotal:   251658176 kB
VmallocUsed:      123792 kB
VmallocChunk:   251393956 kB
Time pass: 290 sec

---2015-12-17 17:07:46
MemTotal:        2582696 kB
MemFree:          113972 kB
Buffers:            6428 kB
Cached:           815040 kB
SwapCached:            8 kB
Active:          1107596 kB
Inactive:         522736 kB
Active(anon):     641716 kB
Inactive(anon):   172628 kB
Active(file):     465880 kB
Inactive(file):   350108 kB
Unevictable:        3920 kB
Mlocked:               0 kB
SwapTotal:        524284 kB
SwapFree:         518276 kB
Dirty:               720 kB
Writeback:             0 kB
AnonPages:        812748 kB
Mapped:           517788 kB
Shmem:              1556 kB
Slab:             103108 kB
SReclaimable:      31724 kB
SUnreclaim:        71384 kB
KernelStack:       38256 kB
PageTables:        41288 kB
NFS_Unstable:          0 kB
Bounce:                0 kB
WritebackTmp:          0 kB
CommitLimit:     1815632 kB
Committed_AS:   113268552 kB
VmallocTotal:   251658176 kB
VmallocUsed:      123792 kB
VmallocChunk:   251393956 kB
Time pass: 295 sec

---2015-12-17 17:07:46
MemTotal:        2582696 kB
MemFree:          113572 kB
Buffers:            6428 kB
Cached:           815040 kB
SwapCached:            8 kB
Active:          1107856 kB
Inactive:         522740 kB
Active(anon):     641976 kB
Inactive(anon):   172628 kB
Active(file):     465880 kB
Inactive(file):   350112 kB
Unevictable:        3920 kB
Mlocked:               0 kB
SwapTotal:        524284 kB
SwapFree:         518276 kB
Dirty:               700 kB
Writeback:             0 kB
AnonPages:        812996 kB
Mapped:           518012 kB
Shmem:              1556 kB
Slab:             103120 kB
SReclaimable:      31724 kB
SUnreclaim:        71396 kB
KernelStack:       38256 kB
PageTables:        41288 kB
NFS_Unstable:          0 kB
Bounce:                0 kB
WritebackTmp:          0 kB
CommitLimit:     1815632 kB
Committed_AS:   113268528 kB
VmallocTotal:   251658176 kB
VmallocUsed:      123792 kB
VmallocChunk:   251393956 kB
Time pass: 298 sec

---2015-12-17 17:07:46
MemTotal:        2582696 kB
MemFree:          113396 kB
Buffers:            6428 kB
Cached:           817256 kB
SwapCached:            8 kB
Active:          1109552 kB
Inactive:         523604 kB
Active(anon):     642500 kB
Inactive(anon):   172448 kB
Active(file):     467052 kB
Inactive(file):   351156 kB
Unevictable:        3920 kB
Mlocked:               0 kB
SwapTotal:        524284 kB
SwapFree:         518100 kB
Dirty:               696 kB
Writeback:             0 kB
AnonPages:        813408 kB
Mapped:           518132 kB
Shmem:              1556 kB
Slab:             103128 kB
SReclaimable:      31724 kB
SUnreclaim:        71404 kB
KernelStack:       38256 kB
PageTables:        41288 kB
NFS_Unstable:          0 kB
Bounce:                0 kB
WritebackTmp:          0 kB
CommitLimit:     1815632 kB
Committed_AS:   113268544 kB
VmallocTotal:   251658176 kB
VmallocUsed:      123792 kB
VmallocChunk:   251393956 kB
Time pass: 302 sec

---2015-12-17 17:07:46
MemTotal:        2582696 kB
MemFree:          112396 kB
Buffers:            6428 kB
Cached:           817256 kB
SwapCached:            8 kB
Active:          1110104 kB
Inactive:         523604 kB
Active(anon):     643052 kB
Inactive(anon):   172448 kB
Active(file):     467052 kB
Inactive(file):   351156 kB
Unevictable:        3920 kB
Mlocked:               0 kB
SwapTotal:        524284 kB
SwapFree:         518100 kB
Dirty:               696 kB
Writeback:             0 kB
AnonPages:        813972 kB
Mapped:           518132 kB
Shmem:              1556 kB
Slab:             103144 kB
SReclaimable:      31724 kB
SUnreclaim:        71420 kB
KernelStack:       38256 kB
PageTables:        41292 kB
NFS_Unstable:          0 kB
Bounce:                0 kB
WritebackTmp:          0 kB
CommitLimit:     1815632 kB
Committed_AS:   113268536 kB
VmallocTotal:   251658176 kB
VmallocUsed:      123792 kB
VmallocChunk:   251393956 kB
Time pass: 306 sec

---2015-12-17 17:07:46
MemTotal:        2582696 kB
MemFree:          112076 kB
Buffers:            6428 kB
Cached:           817256 kB
SwapCached:            8 kB
Active:          1110384 kB
Inactive:         523604 kB
Active(anon):     643332 kB
Inactive(anon):   172448 kB
Active(file):     467052 kB
Inactive(file):   351156 kB
Unevictable:        3920 kB
Mlocked:               0 kB
SwapTotal:        524284 kB
SwapFree:         518100 kB
Dirty:               700 kB
Writeback:             0 kB
AnonPages:        814140 kB
Mapped:           518352 kB
Shmem:              1556 kB
Slab:             103152 kB
SReclaimable:      31724 kB
SUnreclaim:        71428 kB
KernelStack:       38256 kB
PageTables:        41288 kB
NFS_Unstable:          0 kB
Bounce:                0 kB
WritebackTmp:          0 kB
CommitLimit:     1815632 kB
Committed_AS:   113268528 kB
VmallocTotal:   251658176 kB
VmallocUsed:      123792 kB
VmallocChunk:   251393956 kB
Time pass: 310 sec

---2015-12-17 17:07:46
MemTotal:        2582696 kB
MemFree:          112336 kB
Buffers:            6428 kB
Cached:           817256 kB
SwapCached:            8 kB
Active:          1110416 kB
Inactive:         523604 kB
Active(anon):     643364 kB
Inactive(anon):   172448 kB
Active(file):     467052 kB
Inactive(file):   351156 kB
Unevictable:        3920 kB
Mlocked:               0 kB
SwapTotal:        524284 kB
SwapFree:         518100 kB
Dirty:               696 kB
Writeback:             0 kB
AnonPages:        814240 kB
Mapped:           518436 kB
Shmem:              1556 kB
Slab:             103180 kB
SReclaimable:      31724 kB
SUnreclaim:        71456 kB
KernelStack:       38272 kB
PageTables:        41320 kB
NFS_Unstable:          0 kB
Bounce:                0 kB
WritebackTmp:          0 kB
CommitLimit:     1815632 kB
Committed_AS:   113268536 kB
VmallocTotal:   251658176 kB
VmallocUsed:      123792 kB
VmallocChunk:   251393956 kB
Time pass: 314 sec

---2015-12-17 17:07:46
MemTotal:        2582696 kB
MemFree:          111500 kB
Buffers:            6428 kB
Cached:           817264 kB
SwapCached:            8 kB
Active:          1111272 kB
Inactive:         523608 kB
Active(anon):     644216 kB
Inactive(anon):   172452 kB
Active(file):     467056 kB
Inactive(file):   351156 kB
Unevictable:        3920 kB
Mlocked:               0 kB
SwapTotal:        524284 kB
SwapFree:         518100 kB
Dirty:               704 kB
Writeback:             0 kB
AnonPages:        815228 kB
Mapped:           518360 kB
Shmem:              1560 kB
Slab:             103092 kB
SReclaimable:      31724 kB
SUnreclaim:        71368 kB
KernelStack:       38272 kB
PageTables:        41288 kB
NFS_Unstable:          0 kB
Bounce:                0 kB
WritebackTmp:          0 kB
CommitLimit:     1815632 kB
Committed_AS:   113268592 kB
VmallocTotal:   251658176 kB
VmallocUsed:      123792 kB
VmallocChunk:   251393956 kB
Time pass: 318 sec

---2015-12-17 17:07:46
MemTotal:        2582696 kB
MemFree:          111572 kB
Buffers:            6428 kB
Cached:           817264 kB
SwapCached:            8 kB
Active:          1111720 kB
Inactive:         523608 kB
Active(anon):     644664 kB
Inactive(anon):   172452 kB
Active(file):     467056 kB
Inactive(file):   351156 kB
Unevictable:        3920 kB
Mlocked:               0 kB
SwapTotal:        524284 kB
SwapFree:         518100 kB
Dirty:               704 kB
Writeback:             0 kB
AnonPages:        815436 kB
Mapped:           518360 kB
Shmem:              1560 kB
Slab:             103072 kB
SReclaimable:      31724 kB
SUnreclaim:        71348 kB
KernelStack:       38272 kB
PageTables:        41292 kB
NFS_Unstable:          0 kB
Bounce:                0 kB
WritebackTmp:          0 kB
CommitLimit:     1815632 kB
Committed_AS:   113268584 kB
VmallocTotal:   251658176 kB
VmallocUsed:      123792 kB
VmallocChunk:   251393956 kB
Time pass: 322 sec

---2015-12-17 17:07:46
MemTotal:        2582696 kB
MemFree:          111100 kB
Buffers:            6428 kB
Cached:           817264 kB
SwapCached:            8 kB
Active:          1111516 kB
Inactive:         523608 kB
Active(anon):     644460 kB
Inactive(anon):   172452 kB
Active(file):     467056 kB
Inactive(file):   351156 kB
Unevictable:        3920 kB
Mlocked:               0 kB
SwapTotal:        524284 kB
SwapFree:         518100 kB
Dirty:               704 kB
Writeback:             0 kB
AnonPages:        815648 kB
Mapped:           518276 kB
Shmem:              1560 kB
Slab:             103072 kB
SReclaimable:      31724 kB
SUnreclaim:        71348 kB
KernelStack:       38240 kB
PageTables:        41260 kB
NFS_Unstable:          0 kB
Bounce:                0 kB
WritebackTmp:          0 kB
CommitLimit:     1815632 kB
Committed_AS:   113268584 kB
VmallocTotal:   251658176 kB
VmallocUsed:      123792 kB
VmallocChunk:   251393956 kB
Time pass: 326 sec

---2015-12-17 17:07:46
MemTotal:        2582696 kB
MemFree:          107596 kB
Buffers:            6428 kB
Cached:           817328 kB
SwapCached:            8 kB
Active:          1114072 kB
Inactive:         523668 kB
Active(anon):     647016 kB
Inactive(anon):   172472 kB
Active(file):     467056 kB
Inactive(file):   351196 kB
Unevictable:        3920 kB
Mlocked:               0 kB
SwapTotal:        524284 kB
SwapFree:         518100 kB
Dirty:               740 kB
Writeback:             0 kB
AnonPages:        818052 kB
Mapped:           518304 kB
Shmem:              1584 kB
Slab:             103072 kB
SReclaimable:      31724 kB
SUnreclaim:        71348 kB
KernelStack:       38304 kB
PageTables:        41264 kB
NFS_Unstable:          0 kB
Bounce:                0 kB
WritebackTmp:          0 kB
CommitLimit:     1815632 kB
Committed_AS:   113268616 kB
VmallocTotal:   251658176 kB
VmallocUsed:      123792 kB
VmallocChunk:   251393956 kB
Time pass: 330 sec

---2015-12-17 17:07:46
MemTotal:        2582696 kB
MemFree:          110400 kB
Buffers:            6428 kB
Cached:           817284 kB
SwapCached:            8 kB
Active:          1112524 kB
Inactive:         523628 kB
Active(anon):     645468 kB
Inactive(anon):   172472 kB
Active(file):     467056 kB
Inactive(file):   351156 kB
Unevictable:        3920 kB
Mlocked:               0 kB
SwapTotal:        524284 kB
SwapFree:         518100 kB
Dirty:               700 kB
Writeback:             0 kB
AnonPages:        816468 kB
Mapped:           518436 kB
Shmem:              1580 kB
Slab:             103072 kB
SReclaimable:      31724 kB
SUnreclaim:        71348 kB
KernelStack:       38256 kB
PageTables:        41280 kB
NFS_Unstable:          0 kB
Bounce:                0 kB
WritebackTmp:          0 kB
CommitLimit:     1815632 kB
Committed_AS:   113268528 kB
VmallocTotal:   251658176 kB
VmallocUsed:      123792 kB
VmallocChunk:   251393956 kB
Time pass: 334 sec

---2015-12-17 17:07:46
MemTotal:        2582696 kB
MemFree:          110688 kB
Buffers:            6428 kB
Cached:           817284 kB
SwapCached:            8 kB
Active:          1112836 kB
Inactive:         523628 kB
Active(anon):     645780 kB
Inactive(anon):   172472 kB
Active(file):     467056 kB
Inactive(file):   351156 kB
Unevictable:        3920 kB
Mlocked:               0 kB
SwapTotal:        524284 kB
SwapFree:         518100 kB
Dirty:               708 kB
Writeback:             0 kB
AnonPages:        816648 kB
Mapped:           518416 kB
Shmem:              1580 kB
Slab:             103072 kB
SReclaimable:      31724 kB
SUnreclaim:        71348 kB
KernelStack:       38256 kB
PageTables:        41288 kB
NFS_Unstable:          0 kB
Bounce:                0 kB
WritebackTmp:          0 kB
CommitLimit:     1815632 kB
Committed_AS:   113268520 kB
VmallocTotal:   251658176 kB
VmallocUsed:      123792 kB
VmallocChunk:   251393956 kB
Time pass: 338 sec

---2015-12-17 17:07:46
MemTotal:        2582696 kB
MemFree:          113124 kB
Buffers:            6428 kB
Cached:           816392 kB
SwapCached:            8 kB
Active:          1112612 kB
Inactive:         522664 kB
Active(anon):     645864 kB
Inactive(anon):   172112 kB
Active(file):     466748 kB
Inactive(file):   350552 kB
Unevictable:        3920 kB
Mlocked:               0 kB
SwapTotal:        524284 kB
SwapFree:         517764 kB
Dirty:               704 kB
Writeback:             0 kB
AnonPages:        816416 kB
Mapped:           518216 kB
Shmem:              1600 kB
Slab:             103168 kB
SReclaimable:      31740 kB
SUnreclaim:        71428 kB
KernelStack:       38256 kB
PageTables:        41288 kB
NFS_Unstable:          0 kB
Bounce:                0 kB
WritebackTmp:          0 kB
CommitLimit:     1815632 kB
Committed_AS:   113268528 kB
VmallocTotal:   251658176 kB
VmallocUsed:      123792 kB
VmallocChunk:   251393956 kB
Time pass: 341 sec

---2015-12-17 17:07:46
MemTotal:        2582696 kB
MemFree:          114380 kB
Buffers:            6428 kB
Cached:           816392 kB
SwapCached:            8 kB
Active:          1113064 kB
Inactive:         522664 kB
Active(anon):     646316 kB
Inactive(anon):   172112 kB
Active(file):     466748 kB
Inactive(file):   350552 kB
Unevictable:        3920 kB
Mlocked:               0 kB
SwapTotal:        524284 kB
SwapFree:         517764 kB
Dirty:               716 kB
Writeback:             0 kB
AnonPages:        816808 kB
Mapped:           518352 kB
Shmem:              1600 kB
Slab:             103168 kB
SReclaimable:      31740 kB
SUnreclaim:        71428 kB
KernelStack:       38272 kB
PageTables:        41260 kB
NFS_Unstable:          0 kB
Bounce:                0 kB
WritebackTmp:          0 kB
CommitLimit:     1815632 kB
Committed_AS:   113268576 kB
VmallocTotal:   251658176 kB
VmallocUsed:      123792 kB
VmallocChunk:   251393956 kB
Time pass: 345 sec

---2015-12-17 17:07:46
MemTotal:        2582696 kB
MemFree:          113072 kB
Buffers:            6428 kB
Cached:           816396 kB
SwapCached:            8 kB
Active:          1113324 kB
Inactive:         522668 kB
Active(anon):     646576 kB
Inactive(anon):   172112 kB
Active(file):     466748 kB
Inactive(file):   350556 kB
Unevictable:        3920 kB
Mlocked:               0 kB
SwapTotal:        524284 kB
SwapFree:         517764 kB
Dirty:               732 kB
Writeback:             0 kB
AnonPages:        817164 kB
Mapped:           518364 kB
Shmem:              1600 kB
Slab:             103168 kB
SReclaimable:      31740 kB
SUnreclaim:        71428 kB
KernelStack:       38272 kB
PageTables:        41260 kB
NFS_Unstable:          0 kB
Bounce:                0 kB
WritebackTmp:          0 kB
CommitLimit:     1815632 kB
Committed_AS:   113268568 kB
VmallocTotal:   251658176 kB
VmallocUsed:      123792 kB
VmallocChunk:   251393956 kB
Time pass: 349 sec

---2015-12-17 17:07:46
MemTotal:        2582696 kB
MemFree:          112636 kB
Buffers:            6436 kB
Cached:           816400 kB
SwapCached:            8 kB
Active:          1113912 kB
Inactive:         522680 kB
Active(anon):     647164 kB
Inactive(anon):   172124 kB
Active(file):     466748 kB
Inactive(file):   350556 kB
Unevictable:        3920 kB
Mlocked:               0 kB
SwapTotal:        524284 kB
SwapFree:         517764 kB
Dirty:               724 kB
Writeback:             0 kB
AnonPages:        817668 kB
Mapped:           518460 kB
Shmem:              1612 kB
Slab:             103172 kB
SReclaimable:      31744 kB
SUnreclaim:        71428 kB
KernelStack:       38272 kB
PageTables:        41288 kB
NFS_Unstable:          0 kB
Bounce:                0 kB
WritebackTmp:          0 kB
CommitLimit:     1815632 kB
Committed_AS:   113268568 kB
VmallocTotal:   251658176 kB
VmallocUsed:      123792 kB
VmallocChunk:   251393956 kB
Time pass: 353 sec

---2015-12-17 17:07:46
MemTotal:        2582696 kB
MemFree:          111932 kB
Buffers:            6436 kB
Cached:           816428 kB
SwapCached:            8 kB
Active:          1114408 kB
Inactive:         522708 kB
Active(anon):     647660 kB
Inactive(anon):   172124 kB
Active(file):     466748 kB
Inactive(file):   350584 kB
Unevictable:        3920 kB
Mlocked:               0 kB
SwapTotal:        524284 kB
SwapFree:         517764 kB
Dirty:               748 kB
Writeback:             0 kB
AnonPages:        818164 kB
Mapped:           518460 kB
Shmem:              1612 kB
Slab:             103092 kB
SReclaimable:      31744 kB
SUnreclaim:        71348 kB
KernelStack:       38272 kB
PageTables:        41288 kB
NFS_Unstable:          0 kB
Bounce:                0 kB
WritebackTmp:          0 kB
CommitLimit:     1815632 kB
Committed_AS:   113268552 kB
VmallocTotal:   251658176 kB
VmallocUsed:      123792 kB
VmallocChunk:   251393956 kB
Time pass: 356 sec

---2015-12-17 17:07:46
MemTotal:        2582696 kB
MemFree:          111360 kB
Buffers:            6436 kB
Cached:           816428 kB
SwapCached:            8 kB
Active:          1114556 kB
Inactive:         522708 kB
Active(anon):     647808 kB
Inactive(anon):   172124 kB
Active(file):     466748 kB
Inactive(file):   350584 kB
Unevictable:        3920 kB
Mlocked:               0 kB
SwapTotal:        524284 kB
SwapFree:         517764 kB
Dirty:               748 kB
Writeback:             0 kB
AnonPages:        818256 kB
Mapped:           518240 kB
Shmem:              1612 kB
Slab:             103092 kB
SReclaimable:      31744 kB
SUnreclaim:        71348 kB
KernelStack:       38272 kB
PageTables:        41288 kB
NFS_Unstable:          0 kB
Bounce:                0 kB
WritebackTmp:          0 kB
CommitLimit:     1815632 kB
Committed_AS:   113268560 kB
VmallocTotal:   251658176 kB
VmallocUsed:      123792 kB
VmallocChunk:   251393956 kB
Time pass: 360 sec

---2015-12-17 17:07:46
MemTotal:        2582696 kB
MemFree:          112444 kB
Buffers:            6436 kB
Cached:           816428 kB
SwapCached:            8 kB
Active:          1113856 kB
Inactive:         522708 kB
Active(anon):     647108 kB
Inactive(anon):   172124 kB
Active(file):     466748 kB
Inactive(file):   350584 kB
Unevictable:        3920 kB
Mlocked:               0 kB
SwapTotal:        524284 kB
SwapFree:         517764 kB
Dirty:               740 kB
Writeback:             0 kB
AnonPages:        817624 kB
Mapped:           518464 kB
Shmem:              1612 kB
Slab:             103096 kB
SReclaimable:      31748 kB
SUnreclaim:        71348 kB
KernelStack:       38272 kB
PageTables:        41288 kB
NFS_Unstable:          0 kB
Bounce:                0 kB
WritebackTmp:          0 kB
CommitLimit:     1815632 kB
Committed_AS:   113268560 kB
VmallocTotal:   251658176 kB
VmallocUsed:      123792 kB
VmallocChunk:   251393956 kB
Time pass: 364 sec

---2015-12-17 17:07:46
MemTotal:        2582696 kB
MemFree:          112500 kB
Buffers:            6436 kB
Cached:           816436 kB
SwapCached:            8 kB
Active:          1113828 kB
Inactive:         522716 kB
Active(anon):     647080 kB
Inactive(anon):   172132 kB
Active(file):     466748 kB
Inactive(file):   350584 kB
Unevictable:        3920 kB
Mlocked:               0 kB
SwapTotal:        524284 kB
SwapFree:         517764 kB
Dirty:               740 kB
Writeback:             0 kB
AnonPages:        817824 kB
Mapped:           518472 kB
Shmem:              1620 kB
Slab:             103096 kB
SReclaimable:      31748 kB
SUnreclaim:        71348 kB
KernelStack:       38272 kB
PageTables:        41288 kB
NFS_Unstable:          0 kB
Bounce:                0 kB
WritebackTmp:          0 kB
CommitLimit:     1815632 kB
Committed_AS:   113268560 kB
VmallocTotal:   251658176 kB
VmallocUsed:      123792 kB
VmallocChunk:   251393956 kB
Time pass: 367 sec

---2015-12-17 17:07:46
MemTotal:        2582696 kB
MemFree:          112048 kB
Buffers:            6436 kB
Cached:           816436 kB
SwapCached:            8 kB
Active:          1114592 kB
Inactive:         522716 kB
Active(anon):     647844 kB
Inactive(anon):   172132 kB
Active(file):     466748 kB
Inactive(file):   350584 kB
Unevictable:        3920 kB
Mlocked:               0 kB
SwapTotal:        524284 kB
SwapFree:         517764 kB
Dirty:               740 kB
Writeback:             0 kB
AnonPages:        818328 kB
Mapped:           518480 kB
Shmem:              1620 kB
Slab:             103096 kB
SReclaimable:      31748 kB
SUnreclaim:        71348 kB
KernelStack:       38240 kB
PageTables:        41272 kB
NFS_Unstable:          0 kB
Bounce:                0 kB
WritebackTmp:          0 kB
CommitLimit:     1815632 kB
Committed_AS:   113268544 kB
VmallocTotal:   251658176 kB
VmallocUsed:      123792 kB
VmallocChunk:   251393956 kB
Time pass: 371 sec

---2015-12-17 17:07:46
MemTotal:        2582696 kB
MemFree:          111184 kB
Buffers:            6436 kB
Cached:           816452 kB
SwapCached:            8 kB
Active:          1114720 kB
Inactive:         522732 kB
Active(anon):     647972 kB
Inactive(anon):   172148 kB
Active(file):     466748 kB
Inactive(file):   350584 kB
Unevictable:        3920 kB
Mlocked:               0 kB
SwapTotal:        524284 kB
SwapFree:         517764 kB
Dirty:               744 kB
Writeback:             0 kB
AnonPages:        818640 kB
Mapped:           518488 kB
Shmem:              1636 kB
Slab:             103096 kB
SReclaimable:      31748 kB
SUnreclaim:        71348 kB
KernelStack:       38272 kB
PageTables:        41296 kB
NFS_Unstable:          0 kB
Bounce:                0 kB
WritebackTmp:          0 kB
CommitLimit:     1815632 kB
Committed_AS:   113268544 kB
VmallocTotal:   251658176 kB
VmallocUsed:      123792 kB
VmallocChunk:   251393956 kB
Time pass: 375 sec

---2015-12-17 17:07:46
MemTotal:        2582696 kB
MemFree:          110572 kB
Buffers:            6436 kB
Cached:           816452 kB
SwapCached:            8 kB
Active:          1115344 kB
Inactive:         522732 kB
Active(anon):     648596 kB
Inactive(anon):   172148 kB
Active(file):     466748 kB
Inactive(file):   350584 kB
Unevictable:        3920 kB
Mlocked:               0 kB
SwapTotal:        524284 kB
SwapFree:         517764 kB
Dirty:               744 kB
Writeback:             0 kB
AnonPages:        819076 kB
Mapped:           518488 kB
Shmem:              1636 kB
Slab:             103096 kB
SReclaimable:      31748 kB
SUnreclaim:        71348 kB
KernelStack:       38256 kB
