---2015-12-05 14:12:09
MemTotal:        1350964 kB
MemFree:           50044 kB
Buffers:            7900 kB
Cached:           680312 kB
SwapCached:            0 kB
Active:           588472 kB
Inactive:         524228 kB
Active(anon):     426592 kB
Inactive(anon):     2600 kB
Active(file):     161880 kB
Inactive(file):   521628 kB
Unevictable:        1988 kB
Mlocked:               0 kB
HighTotal:        802816 kB
HighFree:           1528 kB
LowTotal:         548148 kB
LowFree:           48516 kB
SwapTotal:             0 kB
SwapFree:              0 kB
Dirty:                 0 kB
Writeback:             0 kB
AnonPages:        426648 kB
Mapped:           189428 kB
Shmem:              2644 kB
Slab:              32212 kB
SReclaimable:      11472 kB
SUnreclaim:        20740 kB
KernelStack:        9080 kB
PageTables:        18452 kB
NFS_Unstable:          0 kB
Bounce:                0 kB
WritebackTmp:          0 kB
CommitLimit:      675480 kB
Committed_AS:   45824528 kB
VmallocTotal:     253952 kB
VmallocUsed:       90996 kB
VmallocChunk:      47108 kB
Time pass: 3 sec

---2015-12-05 14:12:09
MemTotal:        1350964 kB
MemFree:           49912 kB
Buffers:            7900 kB
Cached:           680312 kB
SwapCached:            0 kB
Active:           588488 kB
Inactive:         524300 kB
Active(anon):     426608 kB
Inactive(anon):     2600 kB
Active(file):     161880 kB
Inactive(file):   521700 kB
Unevictable:        1988 kB
Mlocked:               0 kB
HighTotal:        802816 kB
HighFree:           1528 kB
LowTotal:         548148 kB
LowFree:           48384 kB
SwapTotal:             0 kB
SwapFree:              0 kB
Dirty:                 0 kB
Writeback:             0 kB
AnonPages:        426668 kB
Mapped:           189432 kB
Shmem:              2644 kB
Slab:              32292 kB
SReclaimable:      11480 kB
SUnreclaim:        20812 kB
KernelStack:        9080 kB
PageTables:        18452 kB
NFS_Unstable:          0 kB
Bounce:                0 kB
WritebackTmp:          0 kB
CommitLimit:      675480 kB
Committed_AS:   45824412 kB
VmallocTotal:     253952 kB
VmallocUsed:       90996 kB
VmallocChunk:      47108 kB
Time pass: 6 sec

---2015-12-05 14:12:09
MemTotal:        1350964 kB
MemFree:           45544 kB
Buffers:            8192 kB
Cached:           681476 kB
SwapCached:            0 kB
Active:           591408 kB
Inactive:         525360 kB
Active(anon):     429148 kB
Inactive(anon):     2888 kB
Active(file):     162260 kB
Inactive(file):   522472 kB
Unevictable:        1988 kB
Mlocked:               0 kB
HighTotal:        802816 kB
HighFree:           1528 kB
LowTotal:         548148 kB
LowFree:           44016 kB
SwapTotal:             0 kB
SwapFree:              0 kB
Dirty:               416 kB
Writeback:             0 kB
AnonPages:        429156 kB
Mapped:           189808 kB
Shmem:              2932 kB
Slab:              32368 kB
SReclaimable:      11504 kB
SUnreclaim:        20864 kB
KernelStack:        9136 kB
PageTables:        18484 kB
NFS_Unstable:          0 kB
Bounce:                0 kB
WritebackTmp:          0 kB
CommitLimit:      675480 kB
Committed_AS:   45830156 kB
VmallocTotal:     253952 kB
VmallocUsed:       90996 kB
VmallocChunk:      47108 kB
Time pass: 10 sec

---2015-12-05 14:12:09
MemTotal:        1350964 kB
MemFree:           45436 kB
Buffers:            8340 kB
Cached:           681268 kB
SwapCached:            0 kB
Active:           591528 kB
Inactive:         525168 kB
Active(anon):     429120 kB
Inactive(anon):     2600 kB
Active(file):     162408 kB
Inactive(file):   522568 kB
Unevictable:        1988 kB
Mlocked:               0 kB
HighTotal:        802816 kB
HighFree:           1528 kB
LowTotal:         548148 kB
LowFree:           43908 kB
SwapTotal:             0 kB
SwapFree:              0 kB
Dirty:                 0 kB
Writeback:             0 kB
AnonPages:        429028 kB
Mapped:           189380 kB
Shmem:              2644 kB
Slab:              32336 kB
SReclaimable:      11540 kB
SUnreclaim:        20796 kB
KernelStack:        9152 kB
PageTables:        18488 kB
NFS_Unstable:          0 kB
Bounce:                0 kB
WritebackTmp:          0 kB
CommitLimit:      675480 kB
Committed_AS:   45826208 kB
VmallocTotal:     253952 kB
VmallocUsed:       90996 kB
VmallocChunk:      47108 kB
Time pass: 14 sec

---2015-12-05 14:12:09
MemTotal:        1350964 kB
MemFree:           45868 kB
Buffers:            8348 kB
Cached:           681268 kB
SwapCached:            0 kB
Active:           590780 kB
Inactive:         525176 kB
Active(anon):     428372 kB
Inactive(anon):     2600 kB
Active(file):     162408 kB
Inactive(file):   522576 kB
Unevictable:        1988 kB
Mlocked:               0 kB
HighTotal:        802816 kB
HighFree:           1528 kB
LowTotal:         548148 kB
LowFree:           44340 kB
SwapTotal:             0 kB
SwapFree:              0 kB
Dirty:                40 kB
Writeback:             0 kB
AnonPages:        428416 kB
Mapped:           189552 kB
Shmem:              2644 kB
Slab:              32392 kB
SReclaimable:      11540 kB
SUnreclaim:        20852 kB
KernelStack:        9160 kB
PageTables:        18508 kB
NFS_Unstable:          0 kB
Bounce:                0 kB
WritebackTmp:          0 kB
CommitLimit:      675480 kB
Committed_AS:   45826392 kB
VmallocTotal:     253952 kB
VmallocUsed:       90996 kB
VmallocChunk:      47108 kB
Time pass: 18 sec

---2015-12-05 14:12:09
MemTotal:        1350964 kB
MemFree:           20540 kB
Buffers:            8312 kB
Cached:           692152 kB
SwapCached:            0 kB
Active:           601512 kB
Inactive:         534024 kB
Active(anon):     437356 kB
Inactive(anon):     2600 kB
Active(file):     164156 kB
Inactive(file):   531424 kB
Unevictable:        1988 kB
Mlocked:               0 kB
HighTotal:        802816 kB
HighFree:           2264 kB
LowTotal:         548148 kB
LowFree:           18276 kB
SwapTotal:             0 kB
SwapFree:              0 kB
Dirty:               840 kB
Writeback:             0 kB
AnonPages:        437368 kB
Mapped:           200388 kB
Shmem:              2644 kB
Slab:              32440 kB
SReclaimable:      11628 kB
SUnreclaim:        20812 kB
KernelStack:        9256 kB
PageTables:        18872 kB
NFS_Unstable:          0 kB
Bounce:                0 kB
WritebackTmp:          0 kB
CommitLimit:      675480 kB
Committed_AS:   46717628 kB
VmallocTotal:     253952 kB
VmallocUsed:       92592 kB
VmallocChunk:      47108 kB
Time pass: 21 sec

---2015-12-05 14:12:09
MemTotal:        1350964 kB
MemFree:           34320 kB
Buffers:            7684 kB
Cached:           630880 kB
SwapCached:            0 kB
Active:           630408 kB
Inactive:         464364 kB
Active(anon):     458288 kB
Inactive(anon):     2732 kB
Active(file):     172120 kB
Inactive(file):   461632 kB
Unevictable:        1988 kB
Mlocked:               0 kB
HighTotal:        802816 kB
HighFree:           5204 kB
LowTotal:         548148 kB
LowFree:           29116 kB
SwapTotal:             0 kB
SwapFree:              0 kB
Dirty:               404 kB
Writeback:             0 kB
AnonPages:        458324 kB
Mapped:           208804 kB
Shmem:              2776 kB
Slab:              32556 kB
SReclaimable:      11732 kB
SUnreclaim:        20824 kB
KernelStack:        9592 kB
PageTables:        19148 kB
NFS_Unstable:          0 kB
Bounce:                0 kB
WritebackTmp:          0 kB
CommitLimit:      675480 kB
Committed_AS:   46779576 kB
VmallocTotal:     253952 kB
VmallocUsed:       93032 kB
VmallocChunk:      47108 kB
Time pass: 25 sec

---2015-12-05 14:12:09
MemTotal:        1350964 kB
MemFree:           38152 kB
Buffers:            7684 kB
Cached:           608968 kB
SwapCached:            0 kB
Active:           632032 kB
Inactive:         442320 kB
Active(anon):     459760 kB
Inactive(anon):     2732 kB
Active(file):     172272 kB
Inactive(file):   439588 kB
Unevictable:        1988 kB
Mlocked:               0 kB
HighTotal:        802816 kB
HighFree:           6340 kB
LowTotal:         548148 kB
LowFree:           31812 kB
SwapTotal:             0 kB
SwapFree:              0 kB
Dirty:                68 kB
Writeback:             0 kB
AnonPages:        459832 kB
Mapped:           209080 kB
Shmem:              2776 kB
Slab:              32572 kB
SReclaimable:      11736 kB
SUnreclaim:        20836 kB
KernelStack:        9568 kB
PageTables:        19188 kB
NFS_Unstable:          0 kB
Bounce:                0 kB
WritebackTmp:          0 kB
CommitLimit:      675480 kB
Committed_AS:   46795392 kB
VmallocTotal:     253952 kB
VmallocUsed:       93032 kB
VmallocChunk:      47108 kB
Time pass: 28 sec

---2015-12-05 14:12:09
MemTotal:        1350964 kB
MemFree:           33188 kB
Buffers:            7692 kB
Cached:           606572 kB
SwapCached:            0 kB
Active:           633128 kB
Inactive:         439944 kB
Active(anon):     460840 kB
Inactive(anon):     2732 kB
Active(file):     172288 kB
Inactive(file):   437212 kB
Unevictable:        1988 kB
Mlocked:               0 kB
HighTotal:        802816 kB
HighFree:           3048 kB
LowTotal:         548148 kB
LowFree:           30140 kB
SwapTotal:             0 kB
SwapFree:              0 kB
Dirty:               144 kB
Writeback:             0 kB
AnonPages:        460884 kB
Mapped:           209308 kB
Shmem:              2776 kB
Slab:              32584 kB
SReclaimable:      11744 kB
SUnreclaim:        20840 kB
KernelStack:        9568 kB
PageTables:        19164 kB
NFS_Unstable:          0 kB
Bounce:                0 kB
WritebackTmp:          0 kB
CommitLimit:      675480 kB
Committed_AS:   46803200 kB
VmallocTotal:     253952 kB
VmallocUsed:       93032 kB
VmallocChunk:      47108 kB
Time pass: 32 sec

---2015-12-05 14:12:09
MemTotal:        1350964 kB
MemFree:           33048 kB
Buffers:            7700 kB
Cached:           606572 kB
SwapCached:            0 kB
Active:           633088 kB
Inactive:         439944 kB
Active(anon):     460800 kB
Inactive(anon):     2732 kB
Active(file):     172288 kB
Inactive(file):   437212 kB
Unevictable:        1988 kB
Mlocked:               0 kB
HighTotal:        802816 kB
HighFree:           2724 kB
LowTotal:         548148 kB
LowFree:           30324 kB
SwapTotal:             0 kB
SwapFree:              0 kB
Dirty:                64 kB
Writeback:             0 kB
AnonPages:        460864 kB
Mapped:           209348 kB
Shmem:              2776 kB
Slab:              32584 kB
SReclaimable:      11744 kB
SUnreclaim:        20840 kB
KernelStack:        9568 kB
PageTables:        19204 kB
NFS_Unstable:          0 kB
Bounce:                0 kB
WritebackTmp:          0 kB
CommitLimit:      675480 kB
Committed_AS:   46803080 kB
VmallocTotal:     253952 kB
VmallocUsed:       93032 kB
VmallocChunk:      47108 kB
Time pass: 35 sec

---2015-12-05 14:12:09
MemTotal:        1350964 kB
MemFree:           31744 kB
Buffers:            7700 kB
Cached:           557292 kB
SwapCached:            0 kB
Active:           653452 kB
Inactive:         390336 kB
Active(anon):     480828 kB
Inactive(anon):     2732 kB
Active(file):     172624 kB
Inactive(file):   387604 kB
Unevictable:        1988 kB
Mlocked:               0 kB
HighTotal:        802816 kB
HighFree:           2600 kB
LowTotal:         548148 kB
LowFree:           29144 kB
SwapTotal:             0 kB
SwapFree:              0 kB
Dirty:                 0 kB
Writeback:            36 kB
AnonPages:        480820 kB
Mapped:           209788 kB
Shmem:              2776 kB
Slab:              32612 kB
SReclaimable:      11740 kB
SUnreclaim:        20872 kB
KernelStack:        9592 kB
PageTables:        19448 kB
NFS_Unstable:          0 kB
Bounce:                0 kB
WritebackTmp:          0 kB
CommitLimit:      675480 kB
Committed_AS:   46925692 kB
VmallocTotal:     253952 kB
VmallocUsed:       93484 kB
VmallocChunk:      47108 kB
Time pass: 39 sec

---2015-12-05 14:12:09
MemTotal:        1350964 kB
MemFree:           35796 kB
Buffers:            7708 kB
Cached:           555836 kB
SwapCached:            0 kB
Active:           653832 kB
Inactive:         388856 kB
Active(anon):     481176 kB
Inactive(anon):     2732 kB
Active(file):     172656 kB
Inactive(file):   386124 kB
Unevictable:        1988 kB
Mlocked:               0 kB
HighTotal:        802816 kB
HighFree:           3840 kB
LowTotal:         548148 kB
LowFree:           31956 kB
SwapTotal:             0 kB
SwapFree:              0 kB
Dirty:                36 kB
Writeback:             0 kB
AnonPages:        481120 kB
Mapped:           209936 kB
Shmem:              2776 kB
Slab:              32660 kB
SReclaimable:      11748 kB
SUnreclaim:        20912 kB
KernelStack:        9584 kB
PageTables:        19468 kB
NFS_Unstable:          0 kB
Bounce:                0 kB
WritebackTmp:          0 kB
CommitLimit:      675480 kB
Committed_AS:   46922104 kB
VmallocTotal:     253952 kB
VmallocUsed:       93484 kB
VmallocChunk:      47108 kB
Time pass: 42 sec

---2015-12-05 14:12:09
MemTotal:        1350964 kB
MemFree:           42364 kB
Buffers:            7728 kB
Cached:           557828 kB
SwapCached:            0 kB
Active:           664812 kB
Inactive:         390676 kB
Active(anon):     491968 kB
Inactive(anon):     2736 kB
Active(file):     172844 kB
Inactive(file):   387940 kB
Unevictable:        1988 kB
Mlocked:               0 kB
HighTotal:        802816 kB
HighFree:           9984 kB
LowTotal:         548148 kB
LowFree:           32380 kB
SwapTotal:             0 kB
SwapFree:              0 kB
Dirty:               236 kB
Writeback:             0 kB
AnonPages:        492020 kB
Mapped:           213304 kB
Shmem:              2780 kB
Slab:              32856 kB
SReclaimable:      11780 kB
SUnreclaim:        21076 kB
KernelStack:        9640 kB
PageTables:        19460 kB
NFS_Unstable:          0 kB
Bounce:                0 kB
WritebackTmp:          0 kB
CommitLimit:      675480 kB
Committed_AS:   46906128 kB
VmallocTotal:     253952 kB
VmallocUsed:       93484 kB
VmallocChunk:      47108 kB
Time pass: 46 sec

---2015-12-05 14:12:09
MemTotal:        1350964 kB
MemFree:           32004 kB
Buffers:            7736 kB
Cached:           555988 kB
SwapCached:            0 kB
Active:           668172 kB
Inactive:         388720 kB
Active(anon):     495212 kB
Inactive(anon):     2736 kB
Active(file):     172960 kB
Inactive(file):   385984 kB
Unevictable:        1988 kB
Mlocked:               0 kB
HighTotal:        802816 kB
HighFree:           2912 kB
LowTotal:         548148 kB
LowFree:           29092 kB
SwapTotal:             0 kB
SwapFree:              0 kB
Dirty:               792 kB
Writeback:             0 kB
AnonPages:        495316 kB
Mapped:           213320 kB
Shmem:              2780 kB
Slab:              32856 kB
SReclaimable:      11808 kB
SUnreclaim:        21048 kB
KernelStack:        9656 kB
PageTables:        19480 kB
NFS_Unstable:          0 kB
Bounce:                0 kB
WritebackTmp:          0 kB
CommitLimit:      675480 kB
Committed_AS:   46916284 kB
VmallocTotal:     253952 kB
VmallocUsed:       93484 kB
VmallocChunk:      47108 kB
Time pass: 49 sec

---2015-12-05 14:12:09
MemTotal:        1350964 kB
MemFree:           31660 kB
Buffers:            7800 kB
Cached:           552692 kB
SwapCached:            0 kB
Active:           668500 kB
Inactive:         385448 kB
Active(anon):     495536 kB
Inactive(anon):     2736 kB
Active(file):     172964 kB
Inactive(file):   382712 kB
Unevictable:        1988 kB
Mlocked:               0 kB
HighTotal:        802816 kB
HighFree:           2800 kB
LowTotal:         548148 kB
LowFree:           28860 kB
SwapTotal:             0 kB
SwapFree:              0 kB
Dirty:               148 kB
Writeback:             0 kB
AnonPages:        495416 kB
Mapped:           213320 kB
Shmem:              2780 kB
Slab:              32944 kB
SReclaimable:      11816 kB
SUnreclaim:        21128 kB
KernelStack:        9656 kB
PageTables:        19492 kB
NFS_Unstable:          0 kB
Bounce:                0 kB
WritebackTmp:          0 kB
CommitLimit:      675480 kB
Committed_AS:   46919720 kB
VmallocTotal:     253952 kB
VmallocUsed:       93484 kB
VmallocChunk:      47108 kB
Time pass: 53 sec

---2015-12-05 14:12:09
MemTotal:        1350964 kB
MemFree:           33892 kB
Buffers:            7780 kB
Cached:           542908 kB
SwapCached:            0 kB
Active:           670852 kB
Inactive:         375544 kB
Active(anon):     497832 kB
Inactive(anon):     2736 kB
Active(file):     173020 kB
Inactive(file):   372808 kB
Unevictable:        1988 kB
Mlocked:               0 kB
HighTotal:        802816 kB
HighFree:           3748 kB
LowTotal:         548148 kB
LowFree:           30144 kB
SwapTotal:             0 kB
SwapFree:              0 kB
Dirty:               288 kB
Writeback:             0 kB
AnonPages:        497652 kB
Mapped:           213704 kB
Shmem:              2780 kB
Slab:              32964 kB
SReclaimable:      11832 kB
SUnreclaim:        21132 kB
KernelStack:        9672 kB
PageTables:        19500 kB
NFS_Unstable:          0 kB
Bounce:                0 kB
WritebackTmp:          0 kB
CommitLimit:      675480 kB
Committed_AS:   46926848 kB
VmallocTotal:     253952 kB
VmallocUsed:       93484 kB
VmallocChunk:      47108 kB
Time pass: 56 sec

---2015-12-05 14:12:09
MemTotal:        1350964 kB
MemFree:           32548 kB
Buffers:            7788 kB
Cached:           543472 kB
SwapCached:            0 kB
Active:           671148 kB
Inactive:         376084 kB
Active(anon):     498032 kB
Inactive(anon):     2736 kB
Active(file):     173116 kB
Inactive(file):   373348 kB
Unevictable:        1988 kB
Mlocked:               0 kB
HighTotal:        802816 kB
HighFree:           3916 kB
LowTotal:         548148 kB
LowFree:           28632 kB
SwapTotal:             0 kB
SwapFree:              0 kB
Dirty:               424 kB
Writeback:             0 kB
AnonPages:        497904 kB
Mapped:           214088 kB
Shmem:              2780 kB
Slab:              33072 kB
SReclaimable:      11856 kB
SUnreclaim:        21216 kB
KernelStack:        9664 kB
PageTables:        19508 kB
NFS_Unstable:          0 kB
Bounce:                0 kB
WritebackTmp:          0 kB
CommitLimit:      675480 kB
Committed_AS:   46928428 kB
VmallocTotal:     253952 kB
VmallocUsed:       93484 kB
VmallocChunk:      47108 kB
Time pass: 60 sec

---2015-12-05 14:12:09
MemTotal:        1350964 kB
MemFree:           33924 kB
Buffers:            7776 kB
Cached:           532236 kB
SwapCached:            0 kB
Active:           677740 kB
Inactive:         363820 kB
Active(anon):     503572 kB
Inactive(anon):     2736 kB
Active(file):     174168 kB
Inactive(file):   361084 kB
Unevictable:        1988 kB
Mlocked:               0 kB
HighTotal:        802816 kB
HighFree:           2752 kB
LowTotal:         548148 kB
LowFree:           31172 kB
SwapTotal:             0 kB
SwapFree:              0 kB
Dirty:               484 kB
Writeback:             0 kB
AnonPages:        503680 kB
Mapped:           214088 kB
Shmem:              2780 kB
Slab:              33064 kB
SReclaimable:      11860 kB
SUnreclaim:        21204 kB
KernelStack:        9664 kB
PageTables:        19504 kB
NFS_Unstable:          0 kB
Bounce:                0 kB
WritebackTmp:          0 kB
CommitLimit:      675480 kB
Committed_AS:   46936368 kB
VmallocTotal:     253952 kB
VmallocUsed:       93484 kB
VmallocChunk:      47108 kB
Time pass: 63 sec

---2015-12-05 14:12:09
MemTotal:        1350964 kB
MemFree:           32152 kB
Buffers:            7784 kB
Cached:           532460 kB
SwapCached:            0 kB
Active:           676884 kB
Inactive:         363808 kB
Active(anon):     502488 kB
Inactive(anon):     2736 kB
Active(file):     174396 kB
Inactive(file):   361072 kB
Unevictable:        1988 kB
Mlocked:               0 kB
HighTotal:        802816 kB
HighFree:           2584 kB
LowTotal:         548148 kB
LowFree:           29568 kB
SwapTotal:             0 kB
SwapFree:              0 kB
Dirty:                52 kB
Writeback:             0 kB
AnonPages:        502356 kB
Mapped:           213996 kB
Shmem:              2780 kB
Slab:              33156 kB
SReclaimable:      11900 kB
SUnreclaim:        21256 kB
KernelStack:        9664 kB
PageTables:        19524 kB
NFS_Unstable:          0 kB
Bounce:                0 kB
WritebackTmp:          0 kB
CommitLimit:      675480 kB
Committed_AS:   46938764 kB
VmallocTotal:     253952 kB
VmallocUsed:       93484 kB
VmallocChunk:      47108 kB
Time pass: 67 sec

---2015-12-05 14:12:09
MemTotal:        1350964 kB
MemFree:           31004 kB
Buffers:            7800 kB
Cached:           527072 kB
SwapCached:            0 kB
Active:           683192 kB
Inactive:         358400 kB
Active(anon):     508772 kB
Inactive(anon):     2736 kB
Active(file):     174420 kB
Inactive(file):   355664 kB
Unevictable:        1988 kB
Mlocked:               0 kB
HighTotal:        802816 kB
HighFree:           1676 kB
LowTotal:         548148 kB
LowFree:           29328 kB
SwapTotal:             0 kB
SwapFree:              0 kB
Dirty:               356 kB
Writeback:             0 kB
AnonPages:        508740 kB
Mapped:           217480 kB
Shmem:              2780 kB
Slab:              33444 kB
SReclaimable:      11912 kB
SUnreclaim:        21532 kB
KernelStack:        9720 kB
PageTables:        19592 kB
NFS_Unstable:          0 kB
Bounce:                0 kB
WritebackTmp:          0 kB
CommitLimit:      675480 kB
Committed_AS:   46953108 kB
VmallocTotal:     253952 kB
VmallocUsed:       93484 kB
VmallocChunk:      47108 kB
Time pass: 71 sec

---2015-12-05 14:12:09
MemTotal:        1350964 kB
MemFree:           34168 kB
Buffers:            7616 kB
Cached:           513476 kB
SwapCached:            0 kB
Active:           697544 kB
Inactive:         338264 kB
Active(anon):     516760 kB
Inactive(anon):     2852 kB
Active(file):     180784 kB
Inactive(file):   335412 kB
Unevictable:        1988 kB
Mlocked:               0 kB
HighTotal:        802816 kB
HighFree:           1592 kB
LowTotal:         548148 kB
LowFree:           32576 kB
SwapTotal:             0 kB
SwapFree:              0 kB
Dirty:               116 kB
Writeback:             0 kB
AnonPages:        516880 kB
Mapped:           218780 kB
Shmem:              2900 kB
Slab:              33432 kB
SReclaimable:      11940 kB
SUnreclaim:        21492 kB
KernelStack:        9816 kB
PageTables:        19680 kB
NFS_Unstable:          0 kB
Bounce:                0 kB
WritebackTmp:          0 kB
CommitLimit:      675480 kB
Committed_AS:   46972188 kB
VmallocTotal:     253952 kB
VmallocUsed:       94144 kB
VmallocChunk:      47108 kB
Time pass: 75 sec

---2015-12-05 14:12:09
MemTotal:        1350964 kB
MemFree:           33116 kB
Buffers:            7540 kB
Cached:           507624 kB
SwapCached:            0 kB
Active:           703752 kB
Inactive:         330792 kB
Active(anon):     521416 kB
Inactive(anon):     2860 kB
Active(file):     182336 kB
Inactive(file):   327932 kB
Unevictable:        1988 kB
Mlocked:               0 kB
HighTotal:        802816 kB
HighFree:           1592 kB
LowTotal:         548148 kB
LowFree:           31524 kB
SwapTotal:             0 kB
SwapFree:              0 kB
Dirty:                40 kB
Writeback:             0 kB
AnonPages:        521244 kB
Mapped:           218792 kB
Shmem:              2908 kB
Slab:              33568 kB
SReclaimable:      11940 kB
SUnreclaim:        21628 kB
KernelStack:        9824 kB
PageTables:        19744 kB
NFS_Unstable:          0 kB
Bounce:                0 kB
WritebackTmp:          0 kB
CommitLimit:      675480 kB
Committed_AS:   46976932 kB
VmallocTotal:     253952 kB
VmallocUsed:       94480 kB
VmallocChunk:      47108 kB
Time pass: 79 sec

---2015-12-05 14:12:09
MemTotal:        1350964 kB
MemFree:           31816 kB
Buffers:            7548 kB
Cached:           502832 kB
SwapCached:            0 kB
Active:           706676 kB
Inactive:         325564 kB
Active(anon):     523896 kB
Inactive(anon):     2996 kB
Active(file):     182780 kB
Inactive(file):   322568 kB
Unevictable:        1988 kB
Mlocked:               0 kB
HighTotal:        802816 kB
HighFree:           1592 kB
LowTotal:         548148 kB
LowFree:           30224 kB
SwapTotal:             0 kB
SwapFree:              0 kB
Dirty:                28 kB
Writeback:             0 kB
AnonPages:        524060 kB
Mapped:           218928 kB
Shmem:              3044 kB
Slab:              33504 kB
SReclaimable:      11948 kB
SUnreclaim:        21556 kB
KernelStack:        9840 kB
PageTables:        19864 kB
NFS_Unstable:          0 kB
Bounce:                0 kB
WritebackTmp:          0 kB
CommitLimit:      675480 kB
Committed_AS:   46982016 kB
VmallocTotal:     253952 kB
VmallocUsed:       94816 kB
VmallocChunk:      47108 kB
Time pass: 83 sec

---2015-12-05 14:12:09
MemTotal:        1350964 kB
MemFree:           31172 kB
Buffers:            7564 kB
Cached:           502832 kB
SwapCached:            0 kB
Active:           706816 kB
Inactive:         325580 kB
Active(anon):     524036 kB
Inactive(anon):     2996 kB
Active(file):     182780 kB
Inactive(file):   322584 kB
Unevictable:        1988 kB
Mlocked:               0 kB
HighTotal:        802816 kB
HighFree:           1840 kB
LowTotal:         548148 kB
LowFree:           29332 kB
SwapTotal:             0 kB
SwapFree:              0 kB
Dirty:                 0 kB
Writeback:             0 kB
AnonPages:        524020 kB
Mapped:           218960 kB
Shmem:              3044 kB
Slab:              33512 kB
SReclaimable:      11956 kB
SUnreclaim:        21556 kB
KernelStack:        9840 kB
PageTables:        19868 kB
NFS_Unstable:          0 kB
Bounce:                0 kB
WritebackTmp:          0 kB
CommitLimit:      675480 kB
Committed_AS:   46981884 kB
VmallocTotal:     253952 kB
VmallocUsed:       94816 kB
VmallocChunk:      47108 kB
Time pass: 87 sec

---2015-12-05 14:12:09
MemTotal:        1350964 kB
MemFree:           31380 kB
Buffers:            7580 kB
Cached:           502832 kB
SwapCached:            0 kB
Active:           707028 kB
Inactive:         325580 kB
Active(anon):     524248 kB
Inactive(anon):     2996 kB
Active(file):     182780 kB
Inactive(file):   322584 kB
Unevictable:        1988 kB
Mlocked:               0 kB
HighTotal:        802816 kB
HighFree:           2312 kB
LowTotal:         548148 kB
LowFree:           29068 kB
SwapTotal:             0 kB
SwapFree:              0 kB
Dirty:                44 kB
Writeback:             0 kB
AnonPages:        524152 kB
Mapped:           218812 kB
Shmem:              3044 kB
Slab:              33584 kB
SReclaimable:      11956 kB
SUnreclaim:        21628 kB
KernelStack:        9840 kB
PageTables:        19868 kB
NFS_Unstable:          0 kB
Bounce:                0 kB
WritebackTmp:          0 kB
CommitLimit:      675480 kB
Committed_AS:   46981920 kB
VmallocTotal:     253952 kB
VmallocUsed:       94816 kB
VmallocChunk:      47108 kB
Time pass: 91 sec

---2015-12-05 14:12:09
MemTotal:        1350964 kB
MemFree:           31624 kB
Buffers:            7576 kB
Cached:           498068 kB
SwapCached:            0 kB
Active:           709340 kB
Inactive:         320548 kB
Active(anon):     526288 kB
Inactive(anon):     2832 kB
Active(file):     183052 kB
Inactive(file):   317716 kB
Unevictable:        1988 kB
Mlocked:               0 kB
HighTotal:        802816 kB
HighFree:           1816 kB
LowTotal:         548148 kB
LowFree:           29808 kB
SwapTotal:             0 kB
SwapFree:              0 kB
Dirty:                28 kB
Writeback:             0 kB
AnonPages:        526304 kB
Mapped:           218796 kB
Shmem:              2880 kB
Slab:              33504 kB
SReclaimable:      11956 kB
SUnreclaim:        21548 kB
KernelStack:        9840 kB
PageTables:        19776 kB
NFS_Unstable:          0 kB
Bounce:                0 kB
WritebackTmp:          0 kB
CommitLimit:      675480 kB
Committed_AS:   46985884 kB
VmallocTotal:     253952 kB
VmallocUsed:       95160 kB
VmallocChunk:      47108 kB
Time pass: 94 sec

---2015-12-05 14:12:09
MemTotal:        1350964 kB
MemFree:           32524 kB
Buffers:            7592 kB
Cached:           498068 kB
SwapCached:            0 kB
Active:           711360 kB
Inactive:         320568 kB
Active(anon):     528308 kB
Inactive(anon):     2832 kB
Active(file):     183052 kB
Inactive(file):   317736 kB
Unevictable:        1988 kB
Mlocked:               0 kB
HighTotal:        802816 kB
HighFree:           2684 kB
LowTotal:         548148 kB
LowFree:           29840 kB
SwapTotal:             0 kB
SwapFree:              0 kB
Dirty:                40 kB
Writeback:             0 kB
AnonPages:        528336 kB
Mapped:           218648 kB
Shmem:              2880 kB
Slab:              33600 kB
SReclaimable:      11956 kB
SUnreclaim:        21644 kB
KernelStack:        9872 kB
PageTables:        19724 kB
NFS_Unstable:          0 kB
Bounce:                0 kB
WritebackTmp:          0 kB
CommitLimit:      675480 kB
Committed_AS:   46979908 kB
VmallocTotal:     253952 kB
VmallocUsed:       95372 kB
VmallocChunk:      47108 kB
Time pass: 98 sec

---2015-12-05 14:12:09
MemTotal:        1350964 kB
MemFree:           61116 kB
Buffers:            7636 kB
Cached:           487728 kB
SwapCached:            0 kB
Active:           707740 kB
Inactive:         309772 kB
Active(anon):     524220 kB
Inactive(anon):     2736 kB
Active(file):     183520 kB
Inactive(file):   307036 kB
Unevictable:        1988 kB
Mlocked:               0 kB
HighTotal:        802816 kB
HighFree:          11232 kB
LowTotal:         548148 kB
LowFree:           49884 kB
SwapTotal:             0 kB
SwapFree:              0 kB
Dirty:               156 kB
Writeback:             0 kB
AnonPages:        524400 kB
Mapped:           220112 kB
Shmem:              2780 kB
Slab:              33816 kB
SReclaimable:      11964 kB
SUnreclaim:        21852 kB
KernelStack:        9776 kB
PageTables:        19772 kB
NFS_Unstable:          0 kB
Bounce:                0 kB
WritebackTmp:          0 kB
CommitLimit:      675480 kB
Committed_AS:   47717820 kB
VmallocTotal:     253952 kB
VmallocUsed:       96412 kB
VmallocChunk:      47108 kB
Time pass: 101 sec

---2015-12-05 14:12:09
MemTotal:        1350964 kB
MemFree:          220608 kB
Buffers:            7652 kB
Cached:           487784 kB
SwapCached:            0 kB
Active:           629936 kB
Inactive:         308940 kB
Active(anon):     445472 kB
Inactive(anon):     2472 kB
Active(file):     184464 kB
Inactive(file):   306468 kB
Unevictable:        1988 kB
Mlocked:               0 kB
HighTotal:        802816 kB
HighFree:         100140 kB
LowTotal:         548148 kB
LowFree:          120468 kB
SwapTotal:             0 kB
SwapFree:              0 kB
Dirty:                 0 kB
Writeback:             0 kB
AnonPages:        445392 kB
Mapped:           182084 kB
Shmem:              2516 kB
Slab:              33480 kB
SReclaimable:      11952 kB
SUnreclaim:        21528 kB
KernelStack:        8720 kB
PageTables:        18060 kB
NFS_Unstable:          0 kB
Bounce:                0 kB
WritebackTmp:          0 kB
CommitLimit:      675480 kB
Committed_AS:   45017712 kB
VmallocTotal:     253952 kB
VmallocUsed:       90928 kB
VmallocChunk:      47108 kB
Time pass: 105 sec

---2015-12-05 14:12:09
MemTotal:        1350964 kB
MemFree:          224492 kB
Buffers:            7668 kB
Cached:           487788 kB
SwapCached:            0 kB
Active:           638936 kB
Inactive:         308760 kB
Active(anon):     454272 kB
Inactive(anon):     2472 kB
Active(file):     184664 kB
Inactive(file):   306288 kB
Unevictable:        1988 kB
Mlocked:               0 kB
HighTotal:        802816 kB
HighFree:         101552 kB
LowTotal:         548148 kB
LowFree:          122940 kB
SwapTotal:             0 kB
SwapFree:              0 kB
Dirty:               624 kB
Writeback:             0 kB
AnonPages:        454508 kB
Mapped:           196024 kB
Shmem:              2516 kB
Slab:              33412 kB
SReclaimable:      11944 kB
SUnreclaim:        21468 kB
KernelStack:        8840 kB
PageTables:        18540 kB
NFS_Unstable:          0 kB
Bounce:                0 kB
WritebackTmp:          0 kB
CommitLimit:      675480 kB
Committed_AS:   45905084 kB
VmallocTotal:     253952 kB
VmallocUsed:       92072 kB
VmallocChunk:      47108 kB
Time pass: 108 sec

---2015-12-05 14:12:09
MemTotal:        1350964 kB
MemFree:          165964 kB
Buffers:            7696 kB
Cached:           488084 kB
SwapCached:            0 kB
Active:           649620 kB
Inactive:         308748 kB
Active(anon):     464620 kB
Inactive(anon):     2600 kB
Active(file):     185000 kB
Inactive(file):   306148 kB
Unevictable:        1988 kB
Mlocked:               0 kB
HighTotal:        802816 kB
HighFree:          70280 kB
LowTotal:         548148 kB
LowFree:           95684 kB
SwapTotal:             0 kB
SwapFree:              0 kB
Dirty:               932 kB
Writeback:             0 kB
AnonPages:        464560 kB
Mapped:           202548 kB
Shmem:              2644 kB
Slab:              33404 kB
SReclaimable:      11944 kB
SUnreclaim:        21460 kB
KernelStack:        9152 kB
PageTables:        18796 kB
NFS_Unstable:          0 kB
Bounce:                0 kB
WritebackTmp:          0 kB
CommitLimit:      675480 kB
Committed_AS:   45980808 kB
VmallocTotal:     253952 kB
VmallocUsed:       92828 kB
VmallocChunk:      47108 kB
Time pass: 112 sec

---2015-12-05 14:12:09
MemTotal:        1350964 kB
MemFree:          134676 kB
Buffers:            7704 kB
Cached:           488144 kB
SwapCached:            0 kB
Active:           673016 kB
Inactive:         308780 kB
Active(anon):     487984 kB
Inactive(anon):     2604 kB
Active(file):     185032 kB
Inactive(file):   306176 kB
Unevictable:        1988 kB
Mlocked:               0 kB
HighTotal:        802816 kB
HighFree:          40320 kB
LowTotal:         548148 kB
LowFree:           94356 kB
SwapTotal:             0 kB
SwapFree:              0 kB
Dirty:               136 kB
Writeback:             0 kB
AnonPages:        487864 kB
Mapped:           205440 kB
Shmem:              2648 kB
Slab:              33264 kB
SReclaimable:      11944 kB
SUnreclaim:        21320 kB
KernelStack:        9216 kB
PageTables:        18856 kB
NFS_Unstable:          0 kB
Bounce:                0 kB
WritebackTmp:          0 kB
CommitLimit:      675480 kB
Committed_AS:   46016084 kB
VmallocTotal:     253952 kB
VmallocUsed:       92828 kB
VmallocChunk:      47108 kB
Time pass: 115 sec

---2015-12-05 14:12:09
MemTotal:        1350964 kB
MemFree:          128052 kB
Buffers:            7712 kB
Cached:           488428 kB
SwapCached:            0 kB
Active:           667180 kB
Inactive:         309028 kB
Active(anon):     482100 kB
Inactive(anon):     2604 kB
Active(file):     185080 kB
Inactive(file):   306424 kB
Unevictable:        1988 kB
Mlocked:               0 kB
HighTotal:        802816 kB
HighFree:          35056 kB
LowTotal:         548148 kB
LowFree:           92996 kB
SwapTotal:             0 kB
SwapFree:              0 kB
Dirty:                80 kB
Writeback:             0 kB
AnonPages:        482116 kB
Mapped:           205664 kB
Shmem:              2648 kB
Slab:              33264 kB
SReclaimable:      11944 kB
SUnreclaim:        21320 kB
KernelStack:        9232 kB
PageTables:        18888 kB
NFS_Unstable:          0 kB
Bounce:                0 kB
WritebackTmp:          0 kB
CommitLimit:      675480 kB
Committed_AS:   46022968 kB
VmallocTotal:     253952 kB
VmallocUsed:       92828 kB
VmallocChunk:      47108 kB
Time pass: 119 sec

---2015-12-05 14:12:09
MemTotal:        1350964 kB
MemFree:          114608 kB
Buffers:            7720 kB
Cached:           488600 kB
SwapCached:            0 kB
Active:           671612 kB
Inactive:         308928 kB
Active(anon):     486260 kB
Inactive(anon):     2604 kB
Active(file):     185352 kB
Inactive(file):   306324 kB
Unevictable:        1988 kB
Mlocked:               0 kB
HighTotal:        802816 kB
HighFree:          23624 kB
LowTotal:         548148 kB
LowFree:           90984 kB
SwapTotal:             0 kB
SwapFree:              0 kB
Dirty:               340 kB
Writeback:             0 kB
AnonPages:        486264 kB
Mapped:           206312 kB
Shmem:              2648 kB
Slab:              33272 kB
SReclaimable:      11944 kB
SUnreclaim:        21328 kB
KernelStack:        9248 kB
PageTables:        18912 kB
NFS_Unstable:          0 kB
Bounce:                0 kB
WritebackTmp:          0 kB
CommitLimit:      675480 kB
Committed_AS:   46035116 kB
VmallocTotal:     253952 kB
VmallocUsed:       92828 kB
VmallocChunk:      47108 kB
Time pass: 122 sec

---2015-12-05 14:12:09
MemTotal:        1350964 kB
MemFree:           92516 kB
Buffers:            7728 kB
Cached:           488944 kB
SwapCached:            0 kB
Active:           678496 kB
Inactive:         308712 kB
Active(anon):     492568 kB
Inactive(anon):     2604 kB
Active(file):     185928 kB
Inactive(file):   306108 kB
Unevictable:        1988 kB
Mlocked:               0 kB
HighTotal:        802816 kB
HighFree:           7836 kB
LowTotal:         548148 kB
LowFree:           84680 kB
SwapTotal:             0 kB
SwapFree:              0 kB
Dirty:              1048 kB
Writeback:             0 kB
AnonPages:        492644 kB
Mapped:           206704 kB
Shmem:              2648 kB
Slab:              33352 kB
SReclaimable:      11948 kB
SUnreclaim:        21404 kB
KernelStack:        9248 kB
PageTables:        18952 kB
NFS_Unstable:          0 kB
Bounce:                0 kB
WritebackTmp:          0 kB
CommitLimit:      675480 kB
Committed_AS:   46056252 kB
VmallocTotal:     253952 kB
VmallocUsed:       92828 kB
VmallocChunk:      47108 kB
Time pass: 126 sec

---2015-12-05 14:12:09
MemTotal:        1350964 kB
MemFree:           86664 kB
Buffers:            7728 kB
Cached:           488952 kB
SwapCached:            0 kB
Active:           679424 kB
Inactive:         308716 kB
Active(anon):     493492 kB
Inactive(anon):     2604 kB
Active(file):     185932 kB
Inactive(file):   306112 kB
Unevictable:        1988 kB
Mlocked:               0 kB
HighTotal:        802816 kB
HighFree:           3064 kB
LowTotal:         548148 kB
LowFree:           83600 kB
SwapTotal:             0 kB
SwapFree:              0 kB
Dirty:                 0 kB
Writeback:             0 kB
AnonPages:        493352 kB
Mapped:           206672 kB
Shmem:              2648 kB
Slab:              33352 kB
SReclaimable:      11948 kB
SUnreclaim:        21404 kB
KernelStack:        9248 kB
PageTables:        18980 kB
NFS_Unstable:          0 kB
Bounce:                0 kB
WritebackTmp:          0 kB
CommitLimit:      675480 kB
Committed_AS:   46062312 kB
VmallocTotal:     253952 kB
VmallocUsed:       92828 kB
VmallocChunk:      47108 kB
Time pass: 129 sec

---2015-12-05 14:12:09
MemTotal:        1350964 kB
MemFree:           86888 kB
Buffers:            7736 kB
Cached:           488952 kB
SwapCached:            0 kB
Active:           679388 kB
Inactive:         308716 kB
Active(anon):     493456 kB
Inactive(anon):     2604 kB
Active(file):     185932 kB
Inactive(file):   306112 kB
Unevictable:        1988 kB
Mlocked:               0 kB
HighTotal:        802816 kB
HighFree:           3436 kB
LowTotal:         548148 kB
LowFree:           83452 kB
SwapTotal:             0 kB
SwapFree:              0 kB
Dirty:                88 kB
Writeback:             0 kB
AnonPages:        493408 kB
Mapped:           206672 kB
Shmem:              2648 kB
Slab:              33380 kB
SReclaimable:      11948 kB
SUnreclaim:        21432 kB
KernelStack:        9248 kB
PageTables:        18976 kB
NFS_Unstable:          0 kB
Bounce:                0 kB
WritebackTmp:          0 kB
CommitLimit:      675480 kB
Committed_AS:   46062184 kB
VmallocTotal:     253952 kB
VmallocUsed:       92828 kB
VmallocChunk:      47108 kB
Time pass: 133 sec

---2015-12-05 14:12:09
MemTotal:        1350964 kB
MemFree:           86240 kB
Buffers:            7736 kB
Cached:           488952 kB
SwapCached:            0 kB
Active:           679596 kB
Inactive:         308724 kB
Active(anon):     493664 kB
Inactive(anon):     2604 kB
Active(file):     185932 kB
Inactive(file):   306120 kB
Unevictable:        1988 kB
Mlocked:               0 kB
HighTotal:        802816 kB
HighFree:           3064 kB
LowTotal:         548148 kB
LowFree:           83176 kB
SwapTotal:             0 kB
SwapFree:              0 kB
Dirty:                 0 kB
Writeback:             0 kB
AnonPages:        493636 kB
Mapped:           206820 kB
Shmem:              2648 kB
Slab:              33436 kB
SReclaimable:      11948 kB
SUnreclaim:        21488 kB
KernelStack:        9248 kB
PageTables:        18980 kB
NFS_Unstable:          0 kB
Bounce:                0 kB
WritebackTmp:          0 kB
CommitLimit:      675480 kB
Committed_AS:   46062540 kB
VmallocTotal:     253952 kB
VmallocUsed:       92828 kB
VmallocChunk:      47108 kB
Time pass: 136 sec

---2015-12-05 14:12:09
MemTotal:        1350964 kB
MemFree:           77636 kB
Buffers:            7768 kB
Cached:           489104 kB
SwapCached:            0 kB
Active:           686956 kB
Inactive:         308824 kB
Active(anon):     500944 kB
Inactive(anon):     2740 kB
Active(file):     186012 kB
Inactive(file):   306084 kB
Unevictable:        1988 kB
Mlocked:               0 kB
HighTotal:        802816 kB
HighFree:           1576 kB
LowTotal:         548148 kB
LowFree:           76060 kB
SwapTotal:             0 kB
SwapFree:              0 kB
Dirty:                60 kB
Writeback:             0 kB
AnonPages:        500948 kB
Mapped:           209704 kB
Shmem:              2788 kB
Slab:              33528 kB
SReclaimable:      11972 kB
SUnreclaim:        21556 kB
KernelStack:        9424 kB
PageTables:        19124 kB
NFS_Unstable:          0 kB
Bounce:                0 kB
WritebackTmp:          0 kB
CommitLimit:      675480 kB
Committed_AS:   46085596 kB
VmallocTotal:     253952 kB
VmallocUsed:       93024 kB
VmallocChunk:      47108 kB
Time pass: 140 sec

---2015-12-05 14:12:09
MemTotal:        1350964 kB
MemFree:           73860 kB
Buffers:            7768 kB
Cached:           489116 kB
SwapCached:            0 kB
Active:           688796 kB
Inactive:         308828 kB
Active(anon):     502784 kB
Inactive(anon):     2740 kB
Active(file):     186012 kB
Inactive(file):   306088 kB
Unevictable:        1988 kB
Mlocked:               0 kB
HighTotal:        802816 kB
HighFree:           1576 kB
LowTotal:         548148 kB
LowFree:           72284 kB
SwapTotal:             0 kB
SwapFree:              0 kB
Dirty:                 4 kB
Writeback:             0 kB
AnonPages:        502808 kB
Mapped:           210048 kB
Shmem:              2796 kB
Slab:              33640 kB
SReclaimable:      11980 kB
SUnreclaim:        21660 kB
KernelStack:        9464 kB
PageTables:        19108 kB
NFS_Unstable:          0 kB
Bounce:                0 kB
WritebackTmp:          0 kB
CommitLimit:      675480 kB
Committed_AS:   46088768 kB
VmallocTotal:     253952 kB
VmallocUsed:       93360 kB
VmallocChunk:      47108 kB
Time pass: 143 sec

---2015-12-05 14:12:09
MemTotal:        1350964 kB
MemFree:           72884 kB
Buffers:            7776 kB
Cached:           489252 kB
SwapCached:            0 kB
Active:           689228 kB
Inactive:         308972 kB
Active(anon):     503212 kB
Inactive(anon):     2880 kB
Active(file):     186016 kB
Inactive(file):   306092 kB
Unevictable:        1988 kB
Mlocked:               0 kB
HighTotal:        802816 kB
HighFree:           1576 kB
LowTotal:         548148 kB
LowFree:           71308 kB
SwapTotal:             0 kB
SwapFree:              0 kB
Dirty:                32 kB
Writeback:             0 kB
AnonPages:        503224 kB
Mapped:           210304 kB
Shmem:              2928 kB
Slab:              33584 kB
SReclaimable:      11980 kB
SUnreclaim:        21604 kB
KernelStack:        9464 kB
PageTables:        19192 kB
NFS_Unstable:          0 kB
Bounce:                0 kB
WritebackTmp:          0 kB
CommitLimit:      675480 kB
Committed_AS:   46088712 kB
VmallocTotal:     253952 kB
VmallocUsed:       93360 kB
VmallocChunk:      47108 kB
Time pass: 147 sec

---2015-12-05 14:12:09
MemTotal:        1350964 kB
MemFree:           72472 kB
Buffers:            7784 kB
Cached:           489260 kB
SwapCached:            0 kB
Active:           689648 kB
Inactive:         308976 kB
Active(anon):     503632 kB
Inactive(anon):     2880 kB
Active(file):     186016 kB
Inactive(file):   306096 kB
Unevictable:        1988 kB
Mlocked:               0 kB
HighTotal:        802816 kB
HighFree:           1576 kB
LowTotal:         548148 kB
LowFree:           70896 kB
SwapTotal:             0 kB
SwapFree:              0 kB
Dirty:                36 kB
Writeback:             0 kB
AnonPages:        503576 kB
Mapped:           210320 kB
Shmem:              2928 kB
Slab:              33596 kB
SReclaimable:      11980 kB
SUnreclaim:        21616 kB
KernelStack:        9464 kB
PageTables:        19188 kB
NFS_Unstable:          0 kB
Bounce:                0 kB
WritebackTmp:          0 kB
CommitLimit:      675480 kB
Committed_AS:   46092900 kB
VmallocTotal:     253952 kB
VmallocUsed:       93360 kB
VmallocChunk:      47108 kB
Time pass: 151 sec

---2015-12-05 14:12:09
MemTotal:        1350964 kB
MemFree:           61836 kB
Buffers:            7816 kB
Cached:           489260 kB
SwapCached:            0 kB
Active:           702684 kB
Inactive:         308772 kB
Active(anon):     516508 kB
Inactive(anon):     2804 kB
Active(file):     186176 kB
Inactive(file):   305968 kB
Unevictable:        1988 kB
Mlocked:               0 kB
HighTotal:        802816 kB
HighFree:           1576 kB
LowTotal:         548148 kB
LowFree:           60260 kB
SwapTotal:             0 kB
SwapFree:              0 kB
Dirty:                44 kB
Writeback:             0 kB
AnonPages:        516284 kB
Mapped:           210260 kB
Shmem:              2944 kB
Slab:              33524 kB
SReclaimable:      11980 kB
SUnreclaim:        21544 kB
KernelStack:        9400 kB
PageTables:        19116 kB
NFS_Unstable:          0 kB
Bounce:                0 kB
WritebackTmp:          0 kB
CommitLimit:      675480 kB
Committed_AS:   46102056 kB
VmallocTotal:     253952 kB
VmallocUsed:       93360 kB
VmallocChunk:      47108 kB
Time pass: 154 sec

---2015-12-05 14:12:09
MemTotal:        1350964 kB
MemFree:           65412 kB
Buffers:            7832 kB
Cached:           488984 kB
SwapCached:            0 kB
Active:           698728 kB
Inactive:         308604 kB
Active(anon):     512548 kB
Inactive(anon):     2604 kB
Active(file):     186180 kB
Inactive(file):   306000 kB
Unevictable:        1988 kB
Mlocked:               0 kB
HighTotal:        802816 kB
HighFree:           4476 kB
LowTotal:         548148 kB
LowFree:           60936 kB
SwapTotal:             0 kB
SwapFree:              0 kB
Dirty:                 0 kB
Writeback:             0 kB
AnonPages:        512276 kB
Mapped:           210012 kB
Shmem:              2648 kB
Slab:              33596 kB
SReclaimable:      11980 kB
SUnreclaim:        21616 kB
KernelStack:        9400 kB
PageTables:        19176 kB
NFS_Unstable:          0 kB
Bounce:                0 kB
WritebackTmp:          0 kB
CommitLimit:      675480 kB
Committed_AS:   46082944 kB
VmallocTotal:     253952 kB
VmallocUsed:       93164 kB
VmallocChunk:      47108 kB
Time pass: 158 sec

---2015-12-05 14:12:09
MemTotal:        1350964 kB
MemFree:           65380 kB
Buffers:            7840 kB
Cached:           488984 kB
SwapCached:            0 kB
Active:           698644 kB
Inactive:         308604 kB
Active(anon):     512464 kB
Inactive(anon):     2604 kB
Active(file):     186180 kB
Inactive(file):   306000 kB
Unevictable:        1988 kB
Mlocked:               0 kB
HighTotal:        802816 kB
HighFree:           4304 kB
LowTotal:         548148 kB
LowFree:           61076 kB
SwapTotal:             0 kB
SwapFree:              0 kB
Dirty:                 0 kB
Writeback:             0 kB
AnonPages:        512388 kB
Mapped:           209928 kB
Shmem:              2648 kB
Slab:              33692 kB
SReclaimable:      11980 kB
SUnreclaim:        21712 kB
KernelStack:        9288 kB
PageTables:        19100 kB
NFS_Unstable:          0 kB
Bounce:                0 kB
WritebackTmp:          0 kB
CommitLimit:      675480 kB
Committed_AS:   46082896 kB
VmallocTotal:     253952 kB
VmallocUsed:       93164 kB
VmallocChunk:      47108 kB
Time pass: 162 sec

---2015-12-05 14:12:09
MemTotal:        1350964 kB
MemFree:           65396 kB
Buffers:            7848 kB
Cached:           489004 kB
SwapCached:            0 kB
Active:           698720 kB
Inactive:         308612 kB
Active(anon):     512540 kB
Inactive(anon):     2604 kB
Active(file):     186180 kB
Inactive(file):   306008 kB
Unevictable:        1988 kB
Mlocked:               0 kB
HighTotal:        802816 kB
HighFree:           4304 kB
LowTotal:         548148 kB
LowFree:           61092 kB
SwapTotal:             0 kB
SwapFree:              0 kB
Dirty:                 4 kB
Writeback:             0 kB
AnonPages:        512524 kB
Mapped:           210032 kB
Shmem:              2648 kB
Slab:              33688 kB
SReclaimable:      11980 kB
SUnreclaim:        21708 kB
KernelStack:        9288 kB
PageTables:        19080 kB
NFS_Unstable:          0 kB
Bounce:                0 kB
WritebackTmp:          0 kB
CommitLimit:      675480 kB
Committed_AS:   46082896 kB
VmallocTotal:     253952 kB
VmallocUsed:       93164 kB
VmallocChunk:      47108 kB
Time pass: 166 sec

---2015-12-05 14:12:09
MemTotal:        1350964 kB
MemFree:           64868 kB
Buffers:            7848 kB
Cached:           489004 kB
SwapCached:            0 kB
Active:           698796 kB
Inactive:         308640 kB
Active(anon):     512616 kB
Inactive(anon):     2604 kB
Active(file):     186180 kB
Inactive(file):   306036 kB
Unevictable:        1988 kB
Mlocked:               0 kB
HighTotal:        802816 kB
HighFree:           4180 kB
LowTotal:         548148 kB
LowFree:           60688 kB
SwapTotal:             0 kB
SwapFree:              0 kB
Dirty:                 8 kB
Writeback:             0 kB
AnonPages:        512512 kB
Mapped:           210084 kB
Shmem:              2648 kB
Slab:              33572 kB
SReclaimable:      11980 kB
SUnreclaim:        21592 kB
KernelStack:        9280 kB
PageTables:        19100 kB
NFS_Unstable:          0 kB
Bounce:                0 kB
WritebackTmp:          0 kB
CommitLimit:      675480 kB
Committed_AS:   46082888 kB
VmallocTotal:     253952 kB
VmallocUsed:       93164 kB
VmallocChunk:      47108 kB
Time pass: 169 sec

---2015-12-05 14:12:09
MemTotal:        1350964 kB
MemFree:           64900 kB
Buffers:            7856 kB
Cached:           489144 kB
SwapCached:            0 kB
Active:           698792 kB
Inactive:         308752 kB
Active(anon):     512612 kB
Inactive(anon):     2604 kB
Active(file):     186180 kB
Inactive(file):   306148 kB
Unevictable:        1988 kB
Mlocked:               0 kB
HighTotal:        802816 kB
HighFree:           4180 kB
LowTotal:         548148 kB
LowFree:           60720 kB
SwapTotal:             0 kB
SwapFree:              0 kB
Dirty:                76 kB
Writeback:             0 kB
AnonPages:        512572 kB
Mapped:           209956 kB
Shmem:              2648 kB
Slab:              33552 kB
SReclaimable:      11980 kB
SUnreclaim:        21572 kB
KernelStack:        9272 kB
PageTables:        19100 kB
NFS_Unstable:          0 kB
Bounce:                0 kB
WritebackTmp:          0 kB
CommitLimit:      675480 kB
Committed_AS:   46082856 kB
VmallocTotal:     253952 kB
VmallocUsed:       93164 kB
VmallocChunk:      47108 kB
Time pass: 173 sec

---2015-12-05 14:12:09
MemTotal:        1350964 kB
MemFree:           64760 kB
Buffers:            7856 kB
Cached:           489144 kB
SwapCached:            0 kB
Active:           698932 kB
Inactive:         308788 kB
Active(anon):     512752 kB
Inactive(anon):     2604 kB
Active(file):     186180 kB
Inactive(file):   306184 kB
Unevictable:        1988 kB
Mlocked:               0 kB
HighTotal:        802816 kB
HighFree:           4032 kB
LowTotal:         548148 kB
LowFree:           60728 kB
SwapTotal:             0 kB
SwapFree:              0 kB
Dirty:                 0 kB
Writeback:             0 kB
AnonPages:        512796 kB
Mapped:           210212 kB
Shmem:              2648 kB
Slab:              33616 kB
SReclaimable:      11980 kB
SUnreclaim:        21636 kB
KernelStack:        9264 kB
PageTables:        19100 kB
NFS_Unstable:          0 kB
Bounce:                0 kB
WritebackTmp:          0 kB
CommitLimit:      675480 kB
Committed_AS:   46082840 kB
VmallocTotal:     253952 kB
VmallocUsed:       93164 kB
VmallocChunk:      47108 kB
Time pass: 176 sec

---2015-12-05 14:12:09
MemTotal:        1350964 kB
MemFree:           64412 kB
Buffers:            7864 kB
Cached:           489144 kB
SwapCached:            0 kB
Active:           699076 kB
Inactive:         308796 kB
Active(anon):     512896 kB
Inactive(anon):     2604 kB
Active(file):     186180 kB
Inactive(file):   306192 kB
Unevictable:        1988 kB
Mlocked:               0 kB
HighTotal:        802816 kB
HighFree:           3932 kB
LowTotal:         548148 kB
LowFree:           60480 kB
SwapTotal:             0 kB
SwapFree:              0 kB
Dirty:                24 kB
Writeback:             0 kB
AnonPages:        512876 kB
Mapped:           210212 kB
Shmem:              2648 kB
Slab:              33624 kB
SReclaimable:      11984 kB
SUnreclaim:        21640 kB
KernelStack:        9264 kB
PageTables:        19100 kB
NFS_Unstable:          0 kB
Bounce:                0 kB
WritebackTmp:          0 kB
CommitLimit:      675480 kB
Committed_AS:   46082736 kB
VmallocTotal:     253952 kB
VmallocUsed:       93164 kB
VmallocChunk:      47108 kB
Time pass: 180 sec

---2015-12-05 14:12:09
MemTotal:        1350964 kB
MemFree:           64512 kB
Buffers:            7872 kB
Cached:           489144 kB
SwapCached:            0 kB
Active:           699008 kB
Inactive:         308796 kB
Active(anon):     512828 kB
Inactive(anon):     2604 kB
Active(file):     186180 kB
Inactive(file):   306192 kB
Unevictable:        1988 kB
Mlocked:               0 kB
HighTotal:        802816 kB
HighFree:           4056 kB
LowTotal:         548148 kB
LowFree:           60456 kB
SwapTotal:             0 kB
SwapFree:              0 kB
Dirty:                 8 kB
Writeback:             0 kB
AnonPages:        512780 kB
Mapped:           210064 kB
Shmem:              2648 kB
Slab:              33584 kB
SReclaimable:      11984 kB
SUnreclaim:        21600 kB
KernelStack:        9264 kB
PageTables:        19100 kB
NFS_Unstable:          0 kB
Bounce:                0 kB
WritebackTmp:          0 kB
CommitLimit:      675480 kB
Committed_AS:   46082832 kB
VmallocTotal:     253952 kB
VmallocUsed:       93164 kB
VmallocChunk:      47108 kB
Time pass: 184 sec

---2015-12-05 14:12:09
MemTotal:        1350964 kB
MemFree:           64536 kB
Buffers:            7872 kB
Cached:           489148 kB
SwapCached:            0 kB
Active:           699112 kB
Inactive:         308804 kB
Active(anon):     512932 kB
Inactive(anon):     2604 kB
Active(file):     186180 kB
Inactive(file):   306200 kB
Unevictable:        1988 kB
Mlocked:               0 kB
HighTotal:        802816 kB
HighFree:           3808 kB
LowTotal:         548148 kB
LowFree:           60728 kB
SwapTotal:             0 kB
SwapFree:              0 kB
Dirty:                12 kB
Writeback:             0 kB
AnonPages:        512868 kB
Mapped:           210212 kB
Shmem:              2648 kB
Slab:              33592 kB
SReclaimable:      11984 kB
SUnreclaim:        21608 kB
KernelStack:        9264 kB
PageTables:        19096 kB
NFS_Unstable:          0 kB
Bounce:                0 kB
WritebackTmp:          0 kB
CommitLimit:      675480 kB
Committed_AS:   46082864 kB
VmallocTotal:     253952 kB
VmallocUsed:       93164 kB
VmallocChunk:      47108 kB
Time pass: 187 sec

---2015-12-05 14:12:09
MemTotal:        1350964 kB
MemFree:           59816 kB
Buffers:            7880 kB
Cached:           489152 kB
SwapCached:            0 kB
Active:           703340 kB
Inactive:         308808 kB
Active(anon):     517156 kB
Inactive(anon):     2604 kB
Active(file):     186184 kB
Inactive(file):   306204 kB
Unevictable:        1988 kB
Mlocked:               0 kB
HighTotal:        802816 kB
HighFree:           1576 kB
LowTotal:         548148 kB
LowFree:           58240 kB
SwapTotal:             0 kB
SwapFree:              0 kB
Dirty:                24 kB
Writeback:             0 kB
AnonPages:        517268 kB
Mapped:           210220 kB
Shmem:              2648 kB
Slab:              33640 kB
SReclaimable:      11984 kB
SUnreclaim:        21656 kB
KernelStack:        9312 kB
PageTables:        19120 kB
NFS_Unstable:          0 kB
Bounce:                0 kB
WritebackTmp:          0 kB
CommitLimit:      675480 kB
Committed_AS:   46099920 kB
VmallocTotal:     253952 kB
VmallocUsed:       93328 kB
VmallocChunk:      47108 kB
Time pass: 191 sec

---2015-12-05 14:12:09
MemTotal:        1350964 kB
MemFree:           58560 kB
Buffers:            7912 kB
Cached:           489272 kB
SwapCached:            0 kB
Active:           704404 kB
Inactive:         308956 kB
Active(anon):     518212 kB
Inactive(anon):     2716 kB
Active(file):     186192 kB
Inactive(file):   306240 kB
Unevictable:        1988 kB
Mlocked:               0 kB
HighTotal:        802816 kB
HighFree:           1576 kB
LowTotal:         548148 kB
LowFree:           56984 kB
SwapTotal:             0 kB
SwapFree:              0 kB
Dirty:                 4 kB
Writeback:             0 kB
AnonPages:        518224 kB
Mapped:           210496 kB
Shmem:              2764 kB
Slab:              33544 kB
SReclaimable:      11984 kB
SUnreclaim:        21560 kB
KernelStack:        9440 kB
PageTables:        19164 kB
NFS_Unstable:          0 kB
Bounce:                0 kB
WritebackTmp:          0 kB
CommitLimit:      675480 kB
Committed_AS:   46100640 kB
VmallocTotal:     253952 kB
VmallocUsed:       93360 kB
VmallocChunk:      47108 kB
Time pass: 195 sec

---2015-12-05 14:12:09
MemTotal:        1350964 kB
MemFree:           55200 kB
Buffers:            7920 kB
Cached:           489300 kB
SwapCached:            0 kB
Active:           704996 kB
Inactive:         308976 kB
Active(anon):     518804 kB
Inactive(anon):     2728 kB
Active(file):     186192 kB
Inactive(file):   306248 kB
Unevictable:        1988 kB
Mlocked:               0 kB
HighTotal:        802816 kB
HighFree:           1576 kB
LowTotal:         548148 kB
LowFree:           53624 kB
SwapTotal:             0 kB
SwapFree:              0 kB
Dirty:                 8 kB
Writeback:             0 kB
AnonPages:        518788 kB
Mapped:           210564 kB
Shmem:              2792 kB
Slab:              33604 kB
SReclaimable:      11984 kB
SUnreclaim:        21620 kB
KernelStack:        9472 kB
PageTables:        19244 kB
NFS_Unstable:          0 kB
Bounce:                0 kB
WritebackTmp:          0 kB
CommitLimit:      675480 kB
Committed_AS:   46103088 kB
VmallocTotal:     253952 kB
VmallocUsed:       93696 kB
VmallocChunk:      47108 kB
Time pass: 198 sec

---2015-12-05 14:12:09
MemTotal:        1350964 kB
MemFree:           49988 kB
Buffers:            7920 kB
Cached:           489392 kB
SwapCached:            0 kB
Active:           706872 kB
Inactive:         309012 kB
Active(anon):     520676 kB
Inactive(anon):     2756 kB
Active(file):     186196 kB
Inactive(file):   306256 kB
Unevictable:        1988 kB
Mlocked:               0 kB
HighTotal:        802816 kB
HighFree:           1576 kB
LowTotal:         548148 kB
LowFree:           48412 kB
SwapTotal:             0 kB
SwapFree:              0 kB
Dirty:                48 kB
Writeback:             0 kB
AnonPages:        520832 kB
Mapped:           210496 kB
Shmem:              2872 kB
Slab:              33604 kB
SReclaimable:      11984 kB
SUnreclaim:        21620 kB
KernelStack:        9504 kB
PageTables:        19364 kB
NFS_Unstable:          0 kB
Bounce:                0 kB
WritebackTmp:          0 kB
CommitLimit:      675480 kB
Committed_AS:   46108092 kB
VmallocTotal:     253952 kB
VmallocUsed:       94032 kB
VmallocChunk:      47108 kB
Time pass: 202 sec

---2015-12-05 14:12:09
MemTotal:        1350964 kB
MemFree:           45476 kB
Buffers:            7944 kB
Cached:           489452 kB
SwapCached:            0 kB
Active:           711508 kB
Inactive:         309156 kB
Active(anon):     525312 kB
Inactive(anon):     2884 kB
Active(file):     186196 kB
Inactive(file):   306272 kB
Unevictable:        1988 kB
Mlocked:               0 kB
HighTotal:        802816 kB
HighFree:           1576 kB
LowTotal:         548148 kB
LowFree:           43900 kB
SwapTotal:             0 kB
SwapFree:              0 kB
Dirty:                52 kB
Writeback:             0 kB
AnonPages:        525412 kB
Mapped:           210704 kB
Shmem:              2932 kB
Slab:              33616 kB
SReclaimable:      11984 kB
SUnreclaim:        21632 kB
KernelStack:        9528 kB
PageTables:        19372 kB
NFS_Unstable:          0 kB
Bounce:                0 kB
WritebackTmp:          0 kB
CommitLimit:      675480 kB
Committed_AS:   46120980 kB
VmallocTotal:     253952 kB
VmallocUsed:       94032 kB
VmallocChunk:      47108 kB
Time pass: 206 sec

---2015-12-05 14:12:09
MemTotal:        1350964 kB
MemFree:           51368 kB
Buffers:            7976 kB
Cached:           489448 kB
SwapCached:            0 kB
Active:           708376 kB
Inactive:         309188 kB
Active(anon):     522176 kB
Inactive(anon):     2876 kB
Active(file):     186200 kB
Inactive(file):   306312 kB
Unevictable:        1988 kB
Mlocked:               0 kB
HighTotal:        802816 kB
HighFree:           1576 kB
LowTotal:         548148 kB
LowFree:           49792 kB
SwapTotal:             0 kB
SwapFree:              0 kB
Dirty:                60 kB
Writeback:             0 kB
AnonPages:        522232 kB
Mapped:           210696 kB
Shmem:              2924 kB
Slab:              33592 kB
SReclaimable:      11984 kB
SUnreclaim:        21608 kB
KernelStack:        9520 kB
PageTables:        19264 kB
NFS_Unstable:          0 kB
Bounce:                0 kB
WritebackTmp:          0 kB
CommitLimit:      675480 kB
Committed_AS:   46112820 kB
VmallocTotal:     253952 kB
VmallocUsed:       94032 kB
VmallocChunk:      47108 kB
Time pass: 210 sec

---2015-12-05 14:12:09
MemTotal:        1350964 kB
MemFree:           50872 kB
Buffers:            7992 kB
Cached:           489452 kB
SwapCached:            0 kB
Active:           708392 kB
Inactive:         309204 kB
Active(anon):     522192 kB
Inactive(anon):     2876 kB
Active(file):     186200 kB
Inactive(file):   306328 kB
Unevictable:        1988 kB
Mlocked:               0 kB
HighTotal:        802816 kB
HighFree:           1576 kB
LowTotal:         548148 kB
LowFree:           49296 kB
SwapTotal:             0 kB
SwapFree:              0 kB
Dirty:                60 kB
Writeback:             0 kB
AnonPages:        522164 kB
Mapped:           210700 kB
Shmem:              2928 kB
Slab:              33604 kB
SReclaimable:      11984 kB
SUnreclaim:        21620 kB
KernelStack:        9512 kB
PageTables:        19264 kB
NFS_Unstable:          0 kB
Bounce:                0 kB
WritebackTmp:          0 kB
CommitLimit:      675480 kB
Committed_AS:   46112120 kB
VmallocTotal:     253952 kB
VmallocUsed:       94032 kB
VmallocChunk:      47108 kB
Time pass: 213 sec

---2015-12-05 14:12:09
MemTotal:        1350964 kB
MemFree:           49932 kB
Buffers:            8008 kB
Cached:           489484 kB
SwapCached:            0 kB
Active:           709312 kB
Inactive:         309256 kB
Active(anon):     523112 kB
Inactive(anon):     2912 kB
Active(file):     186200 kB
Inactive(file):   306344 kB
Unevictable:        1988 kB
Mlocked:               0 kB
HighTotal:        802816 kB
HighFree:           1576 kB
LowTotal:         548148 kB
LowFree:           48356 kB
SwapTotal:             0 kB
SwapFree:              0 kB
Dirty:                48 kB
Writeback:             0 kB
AnonPages:        523140 kB
Mapped:           210584 kB
Shmem:              2960 kB
Slab:              33740 kB
SReclaimable:      11984 kB
SUnreclaim:        21756 kB
KernelStack:        9512 kB
PageTables:        19268 kB
NFS_Unstable:          0 kB
Bounce:                0 kB
WritebackTmp:          0 kB
CommitLimit:      675480 kB
Committed_AS:   46112680 kB
VmallocTotal:     253952 kB
VmallocUsed:       94032 kB
VmallocChunk:      47108 kB
Time pass: 217 sec

---2015-12-05 14:12:09
MemTotal:        1350964 kB
MemFree:           50400 kB
Buffers:            8016 kB
Cached:           489484 kB
SwapCached:            0 kB
Active:           708868 kB
Inactive:         309256 kB
Active(anon):     522668 kB
Inactive(anon):     2912 kB
Active(file):     186200 kB
Inactive(file):   306344 kB
Unevictable:        1988 kB
Mlocked:               0 kB
HighTotal:        802816 kB
HighFree:           1576 kB
LowTotal:         548148 kB
LowFree:           48824 kB
SwapTotal:             0 kB
SwapFree:              0 kB
Dirty:                32 kB
Writeback:             0 kB
AnonPages:        522692 kB
Mapped:           210732 kB
Shmem:              2960 kB
Slab:              33644 kB
SReclaimable:      11984 kB
SUnreclaim:        21660 kB
KernelStack:        9512 kB
PageTables:        19268 kB
NFS_Unstable:          0 kB
Bounce:                0 kB
WritebackTmp:          0 kB
CommitLimit:      675480 kB
Committed_AS:   46112284 kB
VmallocTotal:     253952 kB
VmallocUsed:       94032 kB
VmallocChunk:      47108 kB
Time pass: 220 sec

---2015-12-05 14:12:09
MemTotal:        1350964 kB
MemFree:           49564 kB
Buffers:            8032 kB
Cached:           489484 kB
SwapCached:            0 kB
Active:           709356 kB
Inactive:         309280 kB
Active(anon):     523156 kB
Inactive(anon):     2912 kB
Active(file):     186200 kB
Inactive(file):   306368 kB
Unevictable:        1988 kB
Mlocked:               0 kB
HighTotal:        802816 kB
HighFree:           1576 kB
LowTotal:         548148 kB
LowFree:           47988 kB
SwapTotal:             0 kB
SwapFree:              0 kB
Dirty:                48 kB
Writeback:             0 kB
AnonPages:        523176 kB
Mapped:           210732 kB
Shmem:              2960 kB
Slab:              33640 kB
SReclaimable:      11984 kB
SUnreclaim:        21656 kB
KernelStack:        9512 kB
PageTables:        19272 kB
NFS_Unstable:          0 kB
Bounce:                0 kB
WritebackTmp:          0 kB
CommitLimit:      675480 kB
Committed_AS:   46112608 kB
VmallocTotal:     253952 kB
VmallocUsed:       94032 kB
VmallocChunk:      47108 kB
Time pass: 224 sec

---2015-12-05 14:12:09
MemTotal:        1350964 kB
MemFree:           48804 kB
Buffers:            8048 kB
Cached:           489480 kB
SwapCached:            0 kB
Active:           710020 kB
Inactive:         309280 kB
Active(anon):     523820 kB
Inactive(anon):     2912 kB
Active(file):     186200 kB
Inactive(file):   306368 kB
Unevictable:        1988 kB
Mlocked:               0 kB
HighTotal:        802816 kB
HighFree:           1700 kB
LowTotal:         548148 kB
LowFree:           47104 kB
SwapTotal:             0 kB
SwapFree:              0 kB
Dirty:                36 kB
Writeback:             0 kB
AnonPages:        523848 kB
Mapped:           210732 kB
Shmem:              2960 kB
Slab:              33536 kB
SReclaimable:      11984 kB
SUnreclaim:        21552 kB
KernelStack:        9512 kB
PageTables:        19268 kB
NFS_Unstable:          0 kB
Bounce:                0 kB
WritebackTmp:          0 kB
CommitLimit:      675480 kB
Committed_AS:   46112796 kB
VmallocTotal:     253952 kB
VmallocUsed:       94032 kB
VmallocChunk:      47108 kB
Time pass: 228 sec

---2015-12-05 14:12:09
MemTotal:        1350964 kB
MemFree:           48116 kB
Buffers:            8064 kB
Cached:           489512 kB
SwapCached:            0 kB
Active:           710980 kB
Inactive:         309312 kB
Active(anon):     524776 kB
Inactive(anon):     2912 kB
Active(file):     186204 kB
Inactive(file):   306400 kB
Unevictable:        1988 kB
Mlocked:               0 kB
HighTotal:        802816 kB
HighFree:           1576 kB
LowTotal:         548148 kB
LowFree:           46540 kB
SwapTotal:             0 kB
SwapFree:              0 kB
Dirty:               156 kB
Writeback:             0 kB
AnonPages:        524760 kB
Mapped:           210732 kB
Shmem:              2960 kB
Slab:              33684 kB
SReclaimable:      11984 kB
SUnreclaim:        21700 kB
KernelStack:        9520 kB
PageTables:        19276 kB
NFS_Unstable:          0 kB
Bounce:                0 kB
WritebackTmp:          0 kB
CommitLimit:      675480 kB
Committed_AS:   46113384 kB
VmallocTotal:     253952 kB
VmallocUsed:       94032 kB
VmallocChunk:      47108 kB
Time pass: 232 sec

---2015-12-05 14:12:09
MemTotal:        1350964 kB
MemFree:           46392 kB
Buffers:            8084 kB
Cached:           489816 kB
SwapCached:            0 kB
Active:           712672 kB
Inactive:         309632 kB
Active(anon):     526456 kB
Inactive(anon):     2912 kB
Active(file):     186216 kB
Inactive(file):   306720 kB
Unevictable:        1988 kB
Mlocked:               0 kB
HighTotal:        802816 kB
HighFree:           1576 kB
LowTotal:         548148 kB
LowFree:           44816 kB
SwapTotal:             0 kB
SwapFree:              0 kB
Dirty:               228 kB
Writeback:             0 kB
AnonPages:        526332 kB
Mapped:           210800 kB
Shmem:              2960 kB
Slab:              33624 kB
SReclaimable:      11984 kB
SUnreclaim:        21640 kB
KernelStack:        9608 kB
PageTables:        19520 kB
NFS_Unstable:          0 kB
Bounce:                0 kB
WritebackTmp:          0 kB
CommitLimit:      675480 kB
Committed_AS:   46902616 kB
VmallocTotal:     253952 kB
VmallocUsed:       95052 kB
VmallocChunk:      47108 kB
Time pass: 235 sec

---2015-12-05 14:12:09
MemTotal:        1350964 kB
MemFree:           46508 kB
Buffers:            8084 kB
Cached:           489812 kB
SwapCached:            0 kB
Active:           712912 kB
Inactive:         309648 kB
Active(anon):     526700 kB
Inactive(anon):     2912 kB
Active(file):     186212 kB
Inactive(file):   306736 kB
Unevictable:        1988 kB
Mlocked:               0 kB
HighTotal:        802816 kB
HighFree:           1576 kB
LowTotal:         548148 kB
LowFree:           44932 kB
SwapTotal:             0 kB
SwapFree:              0 kB
Dirty:                76 kB
Writeback:             0 kB
AnonPages:        526704 kB
Mapped:           210800 kB
Shmem:              2960 kB
Slab:              33680 kB
SReclaimable:      11984 kB
SUnreclaim:        21696 kB
KernelStack:        9464 kB
PageTables:        19512 kB
NFS_Unstable:          0 kB
Bounce:                0 kB
WritebackTmp:          0 kB
CommitLimit:      675480 kB
Committed_AS:   46902500 kB
VmallocTotal:     253952 kB
VmallocUsed:       95052 kB
VmallocChunk:      47108 kB
Time pass: 239 sec

---2015-12-05 14:12:09
MemTotal:        1350964 kB
MemFree:           45848 kB
Buffers:            8108 kB
Cached:           489848 kB
SwapCached:            0 kB
Active:           713120 kB
Inactive:         309708 kB
Active(anon):     526908 kB
Inactive(anon):     2964 kB
Active(file):     186212 kB
Inactive(file):   306744 kB
Unevictable:        1988 kB
Mlocked:               0 kB
HighTotal:        802816 kB
HighFree:           1576 kB
LowTotal:         548148 kB
LowFree:           44272 kB
SwapTotal:             0 kB
SwapFree:              0 kB
Dirty:                 4 kB
Writeback:             0 kB
AnonPages:        526808 kB
Mapped:           211000 kB
Shmem:              3012 kB
Slab:              33652 kB
SReclaimable:      11984 kB
SUnreclaim:        21668 kB
KernelStack:        9464 kB
PageTables:        19512 kB
NFS_Unstable:          0 kB
Bounce:                0 kB
WritebackTmp:          0 kB
CommitLimit:      675480 kB
Committed_AS:   46902556 kB
VmallocTotal:     253952 kB
VmallocUsed:       95052 kB
VmallocChunk:      47108 kB
Time pass: 242 sec

---2015-12-05 14:12:09
MemTotal:        1350964 kB
MemFree:           45276 kB
Buffers:            8108 kB
Cached:           489864 kB
SwapCached:            0 kB
Active:           713296 kB
Inactive:         309724 kB
Active(anon):     527084 kB
Inactive(anon):     2964 kB
Active(file):     186212 kB
Inactive(file):   306760 kB
Unevictable:        1988 kB
Mlocked:               0 kB
HighTotal:        802816 kB
HighFree:           1576 kB
LowTotal:         548148 kB
LowFree:           43700 kB
SwapTotal:             0 kB
SwapFree:              0 kB
Dirty:                48 kB
Writeback:             0 kB
AnonPages:        527340 kB
Mapped:           211000 kB
Shmem:              3012 kB
Slab:              33688 kB
SReclaimable:      11984 kB
SUnreclaim:        21704 kB
KernelStack:        9464 kB
PageTables:        19516 kB
NFS_Unstable:          0 kB
Bounce:                0 kB
WritebackTmp:          0 kB
CommitLimit:      675480 kB
Committed_AS:   46903556 kB
VmallocTotal:     253952 kB
VmallocUsed:       95052 kB
VmallocChunk:      47108 kB
Time pass: 246 sec

---2015-12-05 14:12:09
MemTotal:        1350964 kB
MemFree:           44788 kB
Buffers:            8116 kB
Cached:           489868 kB
SwapCached:            0 kB
Active:           713220 kB
Inactive:         309732 kB
Active(anon):     527008 kB
Inactive(anon):     2964 kB
Active(file):     186212 kB
Inactive(file):   306768 kB
Unevictable:        1988 kB
Mlocked:               0 kB
HighTotal:        802816 kB
HighFree:           1576 kB
LowTotal:         548148 kB
LowFree:           43212 kB
SwapTotal:             0 kB
SwapFree:              0 kB
Dirty:                48 kB
Writeback:             0 kB
AnonPages:        526964 kB
Mapped:           211000 kB
Shmem:              3012 kB
Slab:              33680 kB
SReclaimable:      11984 kB
SUnreclaim:        21696 kB
KernelStack:        9440 kB
PageTables:        19512 kB
NFS_Unstable:          0 kB
Bounce:                0 kB
WritebackTmp:          0 kB
CommitLimit:      675480 kB
Committed_AS:   46902404 kB
VmallocTotal:     253952 kB
VmallocUsed:       95052 kB
VmallocChunk:      47108 kB
Time pass: 250 sec

---2015-12-05 14:12:09
MemTotal:        1350964 kB
MemFree:           45548 kB
Buffers:            8136 kB
Cached:           489868 kB
SwapCached:            0 kB
Active:           713168 kB
Inactive:         309752 kB
Active(anon):     526952 kB
Inactive(anon):     2964 kB
Active(file):     186216 kB
Inactive(file):   306788 kB
Unevictable:        1988 kB
Mlocked:               0 kB
HighTotal:        802816 kB
HighFree:           1576 kB
LowTotal:         548148 kB
LowFree:           43972 kB
SwapTotal:             0 kB
SwapFree:              0 kB
Dirty:                 4 kB
Writeback:             0 kB
AnonPages:        526928 kB
Mapped:           210952 kB
Shmem:              3012 kB
Slab:              33708 kB
SReclaimable:      11984 kB
SUnreclaim:        21724 kB
KernelStack:        9432 kB
PageTables:        19492 kB
NFS_Unstable:          0 kB
Bounce:                0 kB
WritebackTmp:          0 kB
CommitLimit:      675480 kB
Committed_AS:   46902188 kB
VmallocTotal:     253952 kB
VmallocUsed:       95052 kB
VmallocChunk:      47108 kB
Time pass: 254 sec

---2015-12-05 14:12:09
MemTotal:        1350964 kB
MemFree:           44604 kB
Buffers:            8144 kB
Cached:           489868 kB
SwapCached:            0 kB
Active:           713460 kB
Inactive:         309760 kB
Active(anon):     527244 kB
Inactive(anon):     2964 kB
Active(file):     186216 kB
Inactive(file):   306796 kB
Unevictable:        1988 kB
Mlocked:               0 kB
HighTotal:        802816 kB
HighFree:           1576 kB
LowTotal:         548148 kB
LowFree:           43028 kB
SwapTotal:             0 kB
SwapFree:              0 kB
Dirty:                44 kB
Writeback:             0 kB
AnonPages:        527328 kB
Mapped:           211000 kB
Shmem:              3012 kB
Slab:              33584 kB
SReclaimable:      11984 kB
SUnreclaim:        21600 kB
KernelStack:        9448 kB
PageTables:        19544 kB
NFS_Unstable:          0 kB
Bounce:                0 kB
WritebackTmp:          0 kB
CommitLimit:      675480 kB
Committed_AS:   46902312 kB
VmallocTotal:     253952 kB
VmallocUsed:       95052 kB
VmallocChunk:      47108 kB
Time pass: 258 sec

---2015-12-05 14:12:09
MemTotal:        1350964 kB
MemFree:           44504 kB
Buffers:            8160 kB
Cached:           489868 kB
SwapCached:            0 kB
Active:           713784 kB
Inactive:         309776 kB
Active(anon):     527568 kB
Inactive(anon):     2964 kB
Active(file):     186216 kB
Inactive(file):   306812 kB
Unevictable:        1988 kB
Mlocked:               0 kB
HighTotal:        802816 kB
HighFree:           1576 kB
LowTotal:         548148 kB
LowFree:           42928 kB
SwapTotal:             0 kB
SwapFree:              0 kB
Dirty:                56 kB
Writeback:             0 kB
AnonPages:        527492 kB
Mapped:           210952 kB
Shmem:              3012 kB
Slab:              33604 kB
SReclaimable:      12004 kB
SUnreclaim:        21600 kB
KernelStack:        9416 kB
PageTables:        19492 kB
NFS_Unstable:          0 kB
Bounce:                0 kB
WritebackTmp:          0 kB
CommitLimit:      675480 kB
Committed_AS:   46902412 kB
VmallocTotal:     253952 kB
VmallocUsed:       95052 kB
VmallocChunk:      47108 kB
Time pass: 261 sec

---2015-12-05 14:12:09
MemTotal:        1350964 kB
MemFree:           44292 kB
Buffers:            8176 kB
Cached:           489868 kB
SwapCached:            0 kB
Active:           713932 kB
Inactive:         309796 kB
Active(anon):     527716 kB
Inactive(anon):     2964 kB
Active(file):     186216 kB
Inactive(file):   306832 kB
Unevictable:        1988 kB
Mlocked:               0 kB
HighTotal:        802816 kB
HighFree:           1576 kB
LowTotal:         548148 kB
LowFree:           42716 kB
SwapTotal:             0 kB
SwapFree:              0 kB
Dirty:                44 kB
Writeback:             0 kB
AnonPages:        527672 kB
Mapped:           211000 kB
Shmem:              3012 kB
Slab:              33696 kB
SReclaimable:      12004 kB
SUnreclaim:        21692 kB
KernelStack:        9432 kB
PageTables:        19512 kB
NFS_Unstable:          0 kB
Bounce:                0 kB
WritebackTmp:          0 kB
CommitLimit:      675480 kB
Committed_AS:   46902464 kB
VmallocTotal:     253952 kB
VmallocUsed:       95052 kB
VmallocChunk:      47108 kB
Time pass: 265 sec

---2015-12-05 14:12:09
MemTotal:        1350964 kB
MemFree:           44364 kB
Buffers:            8184 kB
Cached:           489868 kB
SwapCached:            0 kB
Active:           713844 kB
Inactive:         309792 kB
Active(anon):     527628 kB
Inactive(anon):     2964 kB
Active(file):     186216 kB
Inactive(file):   306828 kB
Unevictable:        1988 kB
Mlocked:               0 kB
HighTotal:        802816 kB
HighFree:           1576 kB
LowTotal:         548148 kB
LowFree:           42788 kB
SwapTotal:             0 kB
SwapFree:              0 kB
Dirty:                36 kB
Writeback:             0 kB
AnonPages:        527636 kB
Mapped:           211000 kB
Shmem:              3012 kB
Slab:              33652 kB
SReclaimable:      12004 kB
SUnreclaim:        21648 kB
KernelStack:        9424 kB
PageTables:        19512 kB
NFS_Unstable:          0 kB
Bounce:                0 kB
WritebackTmp:          0 kB
CommitLimit:      675480 kB
Committed_AS:   46902436 kB
VmallocTotal:     253952 kB
VmallocUsed:       95052 kB
VmallocChunk:      47108 kB
Time pass: 269 sec

---2015-12-05 14:12:09
MemTotal:        1350964 kB
MemFree:           44888 kB
Buffers:            8200 kB
Cached:           489872 kB
SwapCached:            0 kB
Active:           712704 kB
Inactive:         309812 kB
Active(anon):     526480 kB
Inactive(anon):     2964 kB
Active(file):     186224 kB
Inactive(file):   306848 kB
Unevictable:        1988 kB
Mlocked:               0 kB
HighTotal:        802816 kB
HighFree:           1576 kB
LowTotal:         548148 kB
LowFree:           43312 kB
SwapTotal:             0 kB
SwapFree:              0 kB
Dirty:                 4 kB
Writeback:             0 kB
AnonPages:        526364 kB
Mapped:           210852 kB
Shmem:              3012 kB
Slab:              33692 kB
SReclaimable:      12004 kB
SUnreclaim:        21688 kB
KernelStack:        9424 kB
PageTables:        19512 kB
NFS_Unstable:          0 kB
Bounce:                0 kB
WritebackTmp:          0 kB
CommitLimit:      675480 kB
Committed_AS:   46902288 kB
VmallocTotal:     253952 kB
VmallocUsed:       95052 kB
VmallocChunk:      47108 kB
Time pass: 273 sec

---2015-12-05 14:12:09
MemTotal:        1350964 kB
MemFree:           44964 kB
Buffers:            8208 kB
Cached:           489872 kB
SwapCached:            0 kB
Active:           712840 kB
Inactive:         309812 kB
Active(anon):     526616 kB
Inactive(anon):     2964 kB
Active(file):     186224 kB
Inactive(file):   306848 kB
Unevictable:        1988 kB
Mlocked:               0 kB
HighTotal:        802816 kB
HighFree:           1576 kB
LowTotal:         548148 kB
LowFree:           43388 kB
SwapTotal:             0 kB
SwapFree:              0 kB
Dirty:                44 kB
Writeback:             0 kB
AnonPages:        526620 kB
Mapped:           210852 kB
Shmem:              3012 kB
Slab:              33692 kB
SReclaimable:      12004 kB
SUnreclaim:        21688 kB
KernelStack:        9424 kB
PageTables:        19512 kB
NFS_Unstable:          0 kB
Bounce:                0 kB
WritebackTmp:          0 kB
CommitLimit:      675480 kB
Committed_AS:   46902524 kB
VmallocTotal:     253952 kB
VmallocUsed:       95052 kB
VmallocChunk:      47108 kB
Time pass: 276 sec

---2015-12-05 14:12:09
MemTotal:        1350964 kB
MemFree:           45424 kB
Buffers:            8224 kB
Cached:           489872 kB
SwapCached:            0 kB
Active:           712776 kB
Inactive:         309840 kB
Active(anon):     526552 kB
Inactive(anon):     2964 kB
Active(file):     186224 kB
Inactive(file):   306876 kB
Unevictable:        1988 kB
Mlocked:               0 kB
HighTotal:        802816 kB
HighFree:           1576 kB
LowTotal:         548148 kB
LowFree:           43848 kB
SwapTotal:             0 kB
SwapFree:              0 kB
Dirty:                44 kB
Writeback:             0 kB
AnonPages:        526604 kB
Mapped:           211000 kB
Shmem:              3012 kB
Slab:              33716 kB
SReclaimable:      12004 kB
SUnreclaim:        21712 kB
KernelStack:        9424 kB
PageTables:        19512 kB
NFS_Unstable:          0 kB
Bounce:                0 kB
WritebackTmp:          0 kB
CommitLimit:      675480 kB
Committed_AS:   46902264 kB
VmallocTotal:     253952 kB
VmallocUsed:       95052 kB
VmallocChunk:      47108 kB
Time pass: 280 sec

---2015-12-05 14:12:09
MemTotal:        1350964 kB
MemFree:           44680 kB
Buffers:            8240 kB
Cached:           489872 kB
SwapCached:            0 kB
Active:           712964 kB
Inactive:         309852 kB
Active(anon):     526740 kB
Inactive(anon):     2964 kB
Active(file):     186224 kB
Inactive(file):   306888 kB
Unevictable:        1988 kB
Mlocked:               0 kB
HighTotal:        802816 kB
HighFree:           1576 kB
LowTotal:         548148 kB
LowFree:           43104 kB
SwapTotal:             0 kB
SwapFree:              0 kB
Dirty:                48 kB
Writeback:             0 kB
AnonPages:        526748 kB
Mapped:           211000 kB
Shmem:              3012 kB
Slab:              33700 kB
SReclaimable:      12004 kB
SUnreclaim:        21696 kB
KernelStack:        9424 kB
PageTables:        19512 kB
NFS_Unstable:          0 kB
Bounce:                0 kB
WritebackTmp:          0 kB
CommitLimit:      675480 kB
Committed_AS:   46902348 kB
VmallocTotal:     253952 kB
VmallocUsed:       95052 kB
VmallocChunk:      47108 kB
Time pass: 283 sec

---2015-12-05 14:12:09
MemTotal:        1350964 kB
MemFree:           44840 kB
Buffers:            8240 kB
Cached:           489872 kB
SwapCached:            0 kB
Active:           713172 kB
Inactive:         309852 kB
Active(anon):     526948 kB
Inactive(anon):     2964 kB
Active(file):     186224 kB
Inactive(file):   306888 kB
Unevictable:        1988 kB
Mlocked:               0 kB
HighTotal:        802816 kB
HighFree:           1576 kB
LowTotal:         548148 kB
LowFree:           43264 kB
SwapTotal:             0 kB
SwapFree:              0 kB
Dirty:                 4 kB
Writeback:             0 kB
AnonPages:        526888 kB
Mapped:           211000 kB
Shmem:              3012 kB
Slab:              33808 kB
SReclaimable:      12004 kB
SUnreclaim:        21804 kB
KernelStack:        9432 kB
PageTables:        19512 kB
NFS_Unstable:          0 kB
Bounce:                0 kB
WritebackTmp:          0 kB
CommitLimit:      675480 kB
Committed_AS:   46902444 kB
VmallocTotal:     253952 kB
VmallocUsed:       95052 kB
VmallocChunk:      47108 kB
Time pass: 287 sec

---2015-12-05 14:12:09
MemTotal:        1350964 kB
MemFree:           44564 kB
Buffers:            8264 kB
Cached:           489856 kB
SwapCached:            0 kB
Active:           713264 kB
Inactive:         309852 kB
Active(anon):     527040 kB
Inactive(anon):     2964 kB
Active(file):     186224 kB
Inactive(file):   306888 kB
Unevictable:        1988 kB
Mlocked:               0 kB
HighTotal:        802816 kB
HighFree:           1576 kB
LowTotal:         548148 kB
LowFree:           42988 kB
SwapTotal:             0 kB
SwapFree:              0 kB
Dirty:                 4 kB
Writeback:             0 kB
AnonPages:        527100 kB
Mapped:           211000 kB
Shmem:              3012 kB
Slab:              33792 kB
SReclaimable:      12004 kB
SUnreclaim:        21788 kB
KernelStack:        9416 kB
PageTables:        19512 kB
NFS_Unstable:          0 kB
Bounce:                0 kB
WritebackTmp:          0 kB
CommitLimit:      675480 kB
Committed_AS:   46902472 kB
VmallocTotal:     253952 kB
VmallocUsed:       95052 kB
VmallocChunk:      47108 kB
Time pass: 290 sec

---2015-12-05 14:12:09
MemTotal:        1350964 kB
MemFree:           44200 kB
Buffers:            8264 kB
Cached:           489876 kB
SwapCached:            0 kB
Active:           713764 kB
Inactive:         309876 kB
Active(anon):     527536 kB
Inactive(anon):     2964 kB
Active(file):     186228 kB
Inactive(file):   306912 kB
Unevictable:        1988 kB
Mlocked:               0 kB
HighTotal:        802816 kB
HighFree:           1576 kB
LowTotal:         548148 kB
LowFree:           42624 kB
SwapTotal:             0 kB
SwapFree:              0 kB
Dirty:                 4 kB
Writeback:             0 kB
AnonPages:        527680 kB
Mapped:           210852 kB
Shmem:              3012 kB
Slab:              33724 kB
SReclaimable:      12004 kB
SUnreclaim:        21720 kB
KernelStack:        9416 kB
PageTables:        19512 kB
NFS_Unstable:          0 kB
Bounce:                0 kB
WritebackTmp:          0 kB
CommitLimit:      675480 kB
Committed_AS:   46903664 kB
VmallocTotal:     253952 kB
VmallocUsed:       95052 kB
VmallocChunk:      47108 kB
Time pass: 294 sec

---2015-12-05 14:12:09
MemTotal:        1350964 kB
MemFree:           44356 kB
Buffers:            8272 kB
Cached:           489876 kB
SwapCached:            0 kB
Active:           713300 kB
Inactive:         309876 kB
Active(anon):     527072 kB
Inactive(anon):     2964 kB
Active(file):     186228 kB
Inactive(file):   306912 kB
Unevictable:        1988 kB
Mlocked:               0 kB
HighTotal:        802816 kB
HighFree:           1576 kB
LowTotal:         548148 kB
LowFree:           42780 kB
SwapTotal:             0 kB
SwapFree:              0 kB
Dirty:                44 kB
Writeback:             0 kB
AnonPages:        527068 kB
Mapped:           210852 kB
Shmem:              3012 kB
Slab:              33668 kB
SReclaimable:      12004 kB
SUnreclaim:        21664 kB
KernelStack:        9416 kB
PageTables:        19512 kB
NFS_Unstable:          0 kB
Bounce:                0 kB
WritebackTmp:          0 kB
CommitLimit:      675480 kB
Committed_AS:   46903484 kB
VmallocTotal:     253952 kB
VmallocUsed:       95052 kB
VmallocChunk:      47108 kB
Time pass: 298 sec

---2015-12-05 14:12:09
MemTotal:        1350964 kB
MemFree:           44292 kB
Buffers:            8288 kB
Cached:           489876 kB
SwapCached:            0 kB
Active:           713404 kB
Inactive:         309900 kB
Active(anon):     527176 kB
Inactive(anon):     2964 kB
Active(file):     186228 kB
Inactive(file):   306936 kB
Unevictable:        1988 kB
Mlocked:               0 kB
HighTotal:        802816 kB
HighFree:           1576 kB
LowTotal:         548148 kB
LowFree:           42716 kB
SwapTotal:             0 kB
SwapFree:              0 kB
Dirty:                 4 kB
Writeback:             0 kB
AnonPages:        527244 kB
Mapped:           211000 kB
Shmem:              3012 kB
Slab:              33740 kB
SReclaimable:      12008 kB
SUnreclaim:        21732 kB
KernelStack:        9416 kB
PageTables:        19508 kB
NFS_Unstable:          0 kB
Bounce:                0 kB
WritebackTmp:          0 kB
CommitLimit:      675480 kB
Committed_AS:   46903472 kB
VmallocTotal:     253952 kB
VmallocUsed:       95052 kB
VmallocChunk:      47108 kB
Time pass: 302 sec

---2015-12-05 14:12:09
MemTotal:        1350964 kB
MemFree:           44392 kB
Buffers:            8296 kB
Cached:           489876 kB
SwapCached:            0 kB
Active:           713404 kB
Inactive:         309908 kB
Active(anon):     527176 kB
Inactive(anon):     2964 kB
Active(file):     186228 kB
Inactive(file):   306944 kB
Unevictable:        1988 kB
Mlocked:               0 kB
HighTotal:        802816 kB
HighFree:           1576 kB
LowTotal:         548148 kB
LowFree:           42816 kB
SwapTotal:             0 kB
SwapFree:              0 kB
Dirty:                 4 kB
Writeback:             0 kB
AnonPages:        527228 kB
Mapped:           210852 kB
Shmem:              3012 kB
Slab:              33708 kB
SReclaimable:      12008 kB
SUnreclaim:        21700 kB
KernelStack:        9416 kB
PageTables:        19508 kB
NFS_Unstable:          0 kB
Bounce:                0 kB
WritebackTmp:          0 kB
CommitLimit:      675480 kB
Committed_AS:   46903348 kB
VmallocTotal:     253952 kB
VmallocUsed:       95052 kB
VmallocChunk:      47108 kB
Time pass: 306 sec

---2015-12-05 14:12:09
MemTotal:        1350964 kB
MemFree:           43320 kB
Buffers:            8360 kB
Cached:           489980 kB
SwapCached:            0 kB
Active:           714280 kB
Inactive:         310076 kB
Active(anon):     528052 kB
Inactive(anon):     2964 kB
Active(file):     186228 kB
Inactive(file):   307112 kB
Unevictable:        1988 kB
Mlocked:               0 kB
HighTotal:        802816 kB
HighFree:           1576 kB
LowTotal:         548148 kB
LowFree:           41744 kB
SwapTotal:             0 kB
SwapFree:              0 kB
Dirty:                92 kB
Writeback:             0 kB
AnonPages:        527964 kB
Mapped:           211036 kB
Shmem:              3012 kB
Slab:              33872 kB
SReclaimable:      12008 kB
SUnreclaim:        21864 kB
KernelStack:        9424 kB
PageTables:        19516 kB
NFS_Unstable:          0 kB
Bounce:                0 kB
WritebackTmp:          0 kB
CommitLimit:      675480 kB
Committed_AS:   46902548 kB
VmallocTotal:     253952 kB
VmallocUsed:       95052 kB
VmallocChunk:      47108 kB
Time pass: 310 sec

---2015-12-05 14:12:09
MemTotal:        1350964 kB
MemFree:           42912 kB
Buffers:            8376 kB
Cached:           489984 kB
SwapCached:            0 kB
Active:           714396 kB
Inactive:         310076 kB
Active(anon):     528168 kB
Inactive(anon):     2964 kB
Active(file):     186228 kB
Inactive(file):   307112 kB
Unevictable:        1988 kB
Mlocked:               0 kB
HighTotal:        802816 kB
HighFree:           1576 kB
LowTotal:         548148 kB
LowFree:           41336 kB
SwapTotal:             0 kB
SwapFree:              0 kB
Dirty:                 8 kB
Writeback:             0 kB
AnonPages:        528028 kB
Mapped:           210888 kB
Shmem:              3012 kB
Slab:              33728 kB
SReclaimable:      12008 kB
SUnreclaim:        21720 kB
KernelStack:        9424 kB
PageTables:        19512 kB
NFS_Unstable:          0 kB
Bounce:                0 kB
WritebackTmp:          0 kB
CommitLimit:      675480 kB
Committed_AS:   46902644 kB
VmallocTotal:     253952 kB
VmallocUsed:       95052 kB
VmallocChunk:      47108 kB
Time pass: 314 sec

---2015-12-05 14:12:09
MemTotal:        1350964 kB
MemFree:           43332 kB
Buffers:            8384 kB
Cached:           489984 kB
SwapCached:            0 kB
Active:           714512 kB
Inactive:         310092 kB
Active(anon):     528280 kB
Inactive(anon):     2964 kB
Active(file):     186232 kB
Inactive(file):   307128 kB
Unevictable:        1988 kB
Mlocked:               0 kB
HighTotal:        802816 kB
HighFree:           1576 kB
LowTotal:         548148 kB
LowFree:           41756 kB
SwapTotal:             0 kB
SwapFree:              0 kB
Dirty:                36 kB
Writeback:             0 kB
AnonPages:        528404 kB
Mapped:           210888 kB
Shmem:              3012 kB
Slab:              33656 kB
SReclaimable:      12008 kB
SUnreclaim:        21648 kB
KernelStack:        9424 kB
PageTables:        19516 kB
NFS_Unstable:          0 kB
Bounce:                0 kB
WritebackTmp:          0 kB
CommitLimit:      675480 kB
Committed_AS:   46903680 kB
VmallocTotal:     253952 kB
VmallocUsed:       95052 kB
VmallocChunk:      47108 kB
Time pass: 318 sec

---2015-12-05 14:12:09
MemTotal:        1350964 kB
MemFree:           42716 kB
Buffers:            8400 kB
Cached:           489984 kB
SwapCached:            0 kB
Active:           714592 kB
Inactive:         310116 kB
Active(anon):     528360 kB
Inactive(anon):     2964 kB
Active(file):     186232 kB
Inactive(file):   307152 kB
Unevictable:        1988 kB
Mlocked:               0 kB
HighTotal:        802816 kB
HighFree:           1576 kB
LowTotal:         548148 kB
LowFree:           41140 kB
SwapTotal:             0 kB
SwapFree:              0 kB
Dirty:                 4 kB
Writeback:             0 kB
AnonPages:        528288 kB
Mapped:           211036 kB
Shmem:              3012 kB
Slab:              33812 kB
SReclaimable:      12008 kB
SUnreclaim:        21804 kB
KernelStack:        9424 kB
PageTables:        19512 kB
NFS_Unstable:          0 kB
Bounce:                0 kB
WritebackTmp:          0 kB
CommitLimit:      675480 kB
Committed_AS:   46902616 kB
VmallocTotal:     253952 kB
VmallocUsed:       95052 kB
VmallocChunk:      47108 kB
Time pass: 322 sec

---2015-12-05 14:12:09
MemTotal:        1350964 kB
MemFree:           42968 kB
Buffers:            8408 kB
Cached:           489984 kB
SwapCached:            0 kB
Active:           714640 kB
Inactive:         310124 kB
Active(anon):     528408 kB
Inactive(anon):     2964 kB
Active(file):     186232 kB
Inactive(file):   307160 kB
Unevictable:        1988 kB
Mlocked:               0 kB
HighTotal:        802816 kB
HighFree:           1576 kB
LowTotal:         548148 kB
LowFree:           41392 kB
SwapTotal:             0 kB
SwapFree:              0 kB
Dirty:                32 kB
Writeback:             0 kB
AnonPages:        528376 kB
Mapped:           210988 kB
Shmem:              3012 kB
Slab:              33684 kB
SReclaimable:      12008 kB
SUnreclaim:        21676 kB
KernelStack:        9408 kB
PageTables:        19496 kB
NFS_Unstable:          0 kB
Bounce:                0 kB
WritebackTmp:          0 kB
CommitLimit:      675480 kB
Committed_AS:   46902676 kB
VmallocTotal:     253952 kB
VmallocUsed:       95052 kB
VmallocChunk:      47108 kB
Time pass: 326 sec

---2015-12-05 14:12:09
MemTotal:        1350964 kB
MemFree:           42608 kB
Buffers:            8424 kB
Cached:           489984 kB
SwapCached:            0 kB
Active:           714756 kB
Inactive:         310140 kB
Active(anon):     528524 kB
Inactive(anon):     2964 kB
Active(file):     186232 kB
Inactive(file):   307176 kB
Unevictable:        1988 kB
Mlocked:               0 kB
HighTotal:        802816 kB
HighFree:           1576 kB
LowTotal:         548148 kB
LowFree:           41032 kB
SwapTotal:             0 kB
SwapFree:              0 kB
Dirty:                 0 kB
Writeback:             0 kB
AnonPages:        528528 kB
Mapped:           211036 kB
