---2015-12-05 01:40:17
MemTotal:        1860984 kB
MemFree:          242996 kB
Buffers:           11008 kB
Cached:           799944 kB
SwapCached:         9416 kB
Active:           669540 kB
Inactive:         674664 kB
Active(anon):     490496 kB
Inactive(anon):    45364 kB
Active(file):     179044 kB
Inactive(file):   629300 kB
Unevictable:           0 kB
Mlocked:               0 kB
HighTotal:       1436668 kB
HighFree:          11908 kB
LowTotal:         424316 kB
LowFree:          231088 kB
SwapTotal:        716796 kB
SwapFree:         634480 kB
Dirty:                 0 kB
Writeback:             0 kB
AnonPages:        531428 kB
Mapped:           205480 kB
Shmem:              2628 kB
Slab:              43764 kB
SReclaimable:      14148 kB
SUnreclaim:        29616 kB
KernelStack:       10712 kB
PageTables:        23852 kB
NFS_Unstable:          0 kB
Bounce:                0 kB
WritebackTmp:          0 kB
CommitLimit:     1647288 kB
Committed_AS:   55396028 kB
VmallocTotal:     458752 kB
VmallocUsed:      111904 kB
VmallocChunk:     176132 kB
Time pass: 3 sec

---2015-12-05 01:40:17
MemTotal:        1860984 kB
MemFree:          245716 kB
Buffers:           11008 kB
Cached:           799944 kB
SwapCached:         9440 kB
Active:           663292 kB
Inactive:         676788 kB
Active(anon):     484248 kB
Inactive(anon):    47488 kB
Active(file):     179044 kB
Inactive(file):   629300 kB
Unevictable:           0 kB
Mlocked:               0 kB
HighTotal:       1436668 kB
HighFree:          14016 kB
LowTotal:         424316 kB
LowFree:          231700 kB
SwapTotal:        716796 kB
SwapFree:         630328 kB
Dirty:                 0 kB
Writeback:             0 kB
AnonPages:        527380 kB
Mapped:           205480 kB
Shmem:              2628 kB
Slab:              43772 kB
SReclaimable:      14156 kB
SUnreclaim:        29616 kB
KernelStack:       10712 kB
PageTables:        23852 kB
NFS_Unstable:          0 kB
Bounce:                0 kB
WritebackTmp:          0 kB
CommitLimit:     1647288 kB
Committed_AS:   55396028 kB
VmallocTotal:     458752 kB
VmallocUsed:      111904 kB
VmallocChunk:     176132 kB
Time pass: 7 sec

---2015-12-05 01:40:17
MemTotal:        1860984 kB
MemFree:          245716 kB
Buffers:           11008 kB
Cached:           799944 kB
SwapCached:         9444 kB
Active:           663348 kB
Inactive:         676780 kB
Active(anon):     484292 kB
Inactive(anon):    47492 kB
Active(file):     179056 kB
Inactive(file):   629288 kB
Unevictable:           0 kB
Mlocked:               0 kB
HighTotal:       1436668 kB
HighFree:          14016 kB
LowTotal:         424316 kB
LowFree:          231700 kB
SwapTotal:        716796 kB
SwapFree:         630328 kB
Dirty:                 0 kB
Writeback:             0 kB
AnonPages:        527376 kB
Mapped:           205480 kB
Shmem:              2628 kB
Slab:              43772 kB
SReclaimable:      14156 kB
SUnreclaim:        29616 kB
KernelStack:       10712 kB
PageTables:        23852 kB
NFS_Unstable:          0 kB
Bounce:                0 kB
WritebackTmp:          0 kB
CommitLimit:     1647288 kB
Committed_AS:   55396028 kB
VmallocTotal:     458752 kB
VmallocUsed:      111904 kB
VmallocChunk:     176132 kB
Time pass: 10 sec

---2015-12-05 01:40:17
MemTotal:        1860984 kB
MemFree:          248552 kB
Buffers:           11008 kB
Cached:           799944 kB
SwapCached:         9428 kB
Active:           657000 kB
Inactive:         679052 kB
Active(anon):     477944 kB
Inactive(anon):    49764 kB
Active(file):     179056 kB
Inactive(file):   629288 kB
Unevictable:           0 kB
Mlocked:               0 kB
HighTotal:       1436668 kB
HighFree:          16124 kB
LowTotal:         424316 kB
LowFree:          232428 kB
SwapTotal:        716796 kB
SwapFree:         626248 kB
Dirty:                 0 kB
Writeback:             0 kB
AnonPages:        523312 kB
Mapped:           205480 kB
Shmem:              2628 kB
Slab:              43788 kB
SReclaimable:      14172 kB
SUnreclaim:        29616 kB
KernelStack:       10712 kB
PageTables:        23852 kB
NFS_Unstable:          0 kB
Bounce:                0 kB
WritebackTmp:          0 kB
CommitLimit:     1647288 kB
Committed_AS:   55396028 kB
VmallocTotal:     458752 kB
VmallocUsed:      111904 kB
VmallocChunk:     176132 kB
Time pass: 14 sec

---2015-12-05 01:40:17
MemTotal:        1860984 kB
MemFree:          248408 kB
Buffers:           11024 kB
Cached:           800004 kB
SwapCached:         9432 kB
Active:           657028 kB
Inactive:         679116 kB
Active(anon):     477960 kB
Inactive(anon):    49764 kB
Active(file):     179068 kB
Inactive(file):   629352 kB
Unevictable:           0 kB
Mlocked:               0 kB
HighTotal:       1436668 kB
HighFree:          15996 kB
LowTotal:         424316 kB
LowFree:          232412 kB
SwapTotal:        716796 kB
SwapFree:         626248 kB
Dirty:               116 kB
Writeback:             0 kB
AnonPages:        523368 kB
Mapped:           205484 kB
Shmem:              2628 kB
Slab:              43764 kB
SReclaimable:      14148 kB
SUnreclaim:        29616 kB
KernelStack:       10720 kB
PageTables:        23852 kB
NFS_Unstable:          0 kB
Bounce:                0 kB
WritebackTmp:          0 kB
CommitLimit:     1647288 kB
Committed_AS:   55396060 kB
VmallocTotal:     458752 kB
VmallocUsed:      111904 kB
VmallocChunk:     176132 kB
Time pass: 17 sec

---2015-12-05 01:40:17
MemTotal:        1860984 kB
MemFree:          249804 kB
Buffers:           11024 kB
Cached:           800004 kB
SwapCached:         9432 kB
Active:           654180 kB
Inactive:         680188 kB
Active(anon):     475112 kB
Inactive(anon):    50836 kB
Active(file):     179068 kB
Inactive(file):   629352 kB
Unevictable:           0 kB
Mlocked:               0 kB
HighTotal:       1436668 kB
HighFree:          17732 kB
LowTotal:         424316 kB
LowFree:          232072 kB
SwapTotal:        716796 kB
SwapFree:         622072 kB
Dirty:               116 kB
Writeback:             0 kB
AnonPages:        521644 kB
Mapped:           205484 kB
Shmem:              2628 kB
Slab:              43912 kB
SReclaimable:      14244 kB
SUnreclaim:        29668 kB
KernelStack:       10736 kB
PageTables:        24032 kB
NFS_Unstable:          0 kB
Bounce:                0 kB
WritebackTmp:          0 kB
CommitLimit:     1647288 kB
Committed_AS:   56393604 kB
VmallocTotal:     458752 kB
VmallocUsed:      111904 kB
VmallocChunk:     176132 kB
Time pass: 21 sec

---2015-12-05 01:40:17
MemTotal:        1860984 kB
MemFree:          161980 kB
Buffers:           11308 kB
Cached:           836460 kB
SwapCached:        11184 kB
Active:           674444 kB
Inactive:         718328 kB
Active(anon):     494560 kB
Inactive(anon):    53248 kB
Active(file):     179884 kB
Inactive(file):   665080 kB
Unevictable:           0 kB
Mlocked:               0 kB
HighTotal:       1436668 kB
HighFree:           2580 kB
LowTotal:         424316 kB
LowFree:          159400 kB
SwapTotal:        716796 kB
SwapFree:         622568 kB
Dirty:              1200 kB
Writeback:             0 kB
AnonPages:        542580 kB
Mapped:           226956 kB
Shmem:              2796 kB
Slab:              44260 kB
SReclaimable:      14368 kB
SUnreclaim:        29892 kB
KernelStack:       11352 kB
PageTables:        24532 kB
NFS_Unstable:          0 kB
Bounce:                0 kB
WritebackTmp:          0 kB
CommitLimit:     1647288 kB
Committed_AS:   56257760 kB
VmallocTotal:     458752 kB
VmallocUsed:      113060 kB
VmallocChunk:     176132 kB
Time pass: 24 sec

---2015-12-05 01:40:17
MemTotal:        1860984 kB
MemFree:           85776 kB
Buffers:           11312 kB
Cached:           836864 kB
SwapCached:        12988 kB
Active:           682656 kB
Inactive:         722612 kB
Active(anon):     502552 kB
Inactive(anon):    57268 kB
Active(file):     180104 kB
Inactive(file):   665344 kB
Unevictable:           0 kB
Mlocked:               0 kB
HighTotal:       1436668 kB
HighFree:           2568 kB
LowTotal:         424316 kB
LowFree:           83208 kB
SwapTotal:        716796 kB
SwapFree:         619580 kB
Dirty:               224 kB
Writeback:             0 kB
AnonPages:        554652 kB
Mapped:           232312 kB
Shmem:              2756 kB
Slab:              44284 kB
SReclaimable:      14408 kB
SUnreclaim:        29876 kB
KernelStack:       11320 kB
PageTables:        24656 kB
NFS_Unstable:          0 kB
Bounce:                0 kB
WritebackTmp:          0 kB
CommitLimit:     1647288 kB
Committed_AS:   56262128 kB
VmallocTotal:     458752 kB
VmallocUsed:      113372 kB
VmallocChunk:     176132 kB
Time pass: 28 sec

---2015-12-05 01:40:17
MemTotal:        1860984 kB
MemFree:           85816 kB
Buffers:           11328 kB
Cached:           836872 kB
SwapCached:        12988 kB
Active:           674712 kB
Inactive:         722636 kB
Active(anon):     494608 kB
Inactive(anon):    57276 kB
Active(file):     180104 kB
Inactive(file):   665360 kB
Unevictable:           0 kB
Mlocked:               0 kB
HighTotal:       1436668 kB
HighFree:           3616 kB
LowTotal:         424316 kB
LowFree:           82200 kB
SwapTotal:        716796 kB
SwapFree:         619584 kB
Dirty:               140 kB
Writeback:             0 kB
AnonPages:        546616 kB
Mapped:           233068 kB
Shmem:              2756 kB
Slab:              44224 kB
SReclaimable:      14392 kB
SUnreclaim:        29832 kB
KernelStack:       11232 kB
PageTables:        24692 kB
NFS_Unstable:          0 kB
Bounce:                0 kB
WritebackTmp:          0 kB
CommitLimit:     1647288 kB
Committed_AS:   56254148 kB
VmallocTotal:     458752 kB
VmallocUsed:      113412 kB
VmallocChunk:     176132 kB
Time pass: 32 sec

---2015-12-05 01:40:17
MemTotal:        1860984 kB
MemFree:           89276 kB
Buffers:           11328 kB
Cached:           836872 kB
SwapCached:        13124 kB
Active:           669324 kB
Inactive:         723740 kB
Active(anon):     489220 kB
Inactive(anon):    58380 kB
Active(file):     180104 kB
Inactive(file):   665360 kB
Unevictable:           0 kB
Mlocked:               0 kB
HighTotal:       1436668 kB
HighFree:           6512 kB
LowTotal:         424316 kB
LowFree:           82764 kB
SwapTotal:        716796 kB
SwapFree:         615448 kB
Dirty:               144 kB
Writeback:             0 kB
AnonPages:        542332 kB
Mapped:           233136 kB
Shmem:              2756 kB
Slab:              44300 kB
SReclaimable:      14456 kB
SUnreclaim:        29844 kB
KernelStack:       11232 kB
PageTables:        24692 kB
NFS_Unstable:          0 kB
Bounce:                0 kB
WritebackTmp:          0 kB
CommitLimit:     1647288 kB
Committed_AS:   56254116 kB
VmallocTotal:     458752 kB
VmallocUsed:      113412 kB
VmallocChunk:     176132 kB
Time pass: 35 sec

---2015-12-05 01:40:17
MemTotal:        1860984 kB
MemFree:           66376 kB
Buffers:           11336 kB
Cached:           837564 kB
SwapCached:        13168 kB
Active:           669896 kB
Inactive:         725352 kB
Active(anon):     489772 kB
Inactive(anon):    59348 kB
Active(file):     180124 kB
Inactive(file):   666004 kB
Unevictable:           0 kB
Mlocked:               0 kB
HighTotal:       1436668 kB
HighFree:           2536 kB
LowTotal:         424316 kB
LowFree:           63840 kB
SwapTotal:        716796 kB
SwapFree:         611240 kB
Dirty:                48 kB
Writeback:             0 kB
AnonPages:        544120 kB
Mapped:           234912 kB
Shmem:              2756 kB
Slab:              44436 kB
SReclaimable:      14520 kB
SUnreclaim:        29916 kB
KernelStack:       11328 kB
PageTables:        24724 kB
NFS_Unstable:          0 kB
Bounce:                0 kB
WritebackTmp:          0 kB
CommitLimit:     1647288 kB
Committed_AS:   56258084 kB
VmallocTotal:     458752 kB
VmallocUsed:      113412 kB
VmallocChunk:     176132 kB
Time pass: 39 sec

---2015-12-05 01:40:17
MemTotal:        1860984 kB
MemFree:           54112 kB
Buffers:           11336 kB
Cached:           837948 kB
SwapCached:        14028 kB
Active:           676672 kB
Inactive:         727124 kB
Active(anon):     496400 kB
Inactive(anon):    60856 kB
Active(file):     180272 kB
Inactive(file):   666268 kB
Unevictable:           0 kB
Mlocked:               0 kB
HighTotal:       1436668 kB
HighFree:           3272 kB
LowTotal:         424316 kB
LowFree:           50840 kB
SwapTotal:        716796 kB
SwapFree:         611876 kB
Dirty:                12 kB
Writeback:             0 kB
AnonPages:        551136 kB
Mapped:           235136 kB
Shmem:              2756 kB
Slab:              44356 kB
SReclaimable:      14464 kB
SUnreclaim:        29892 kB
KernelStack:       11280 kB
PageTables:        24880 kB
NFS_Unstable:          0 kB
Bounce:                0 kB
WritebackTmp:          0 kB
CommitLimit:     1647288 kB
Committed_AS:   56260368 kB
VmallocTotal:     458752 kB
VmallocUsed:      113452 kB
VmallocChunk:     176132 kB
Time pass: 42 sec

---2015-12-05 01:40:17
MemTotal:        1860984 kB
MemFree:           65960 kB
Buffers:           11344 kB
Cached:           837940 kB
SwapCached:        14032 kB
Active:           671768 kB
Inactive:         728192 kB
Active(anon):     491488 kB
Inactive(anon):    61924 kB
Active(file):     180280 kB
Inactive(file):   666268 kB
Unevictable:           0 kB
Mlocked:               0 kB
HighTotal:       1436668 kB
HighFree:           5940 kB
LowTotal:         424316 kB
LowFree:           60020 kB
SwapTotal:        716796 kB
SwapFree:         607772 kB
Dirty:                68 kB
Writeback:             0 kB
AnonPages:        547180 kB
Mapped:           235040 kB
Shmem:              2756 kB
Slab:              44364 kB
SReclaimable:      14472 kB
SUnreclaim:        29892 kB
KernelStack:       11248 kB
PageTables:        24844 kB
NFS_Unstable:          0 kB
Bounce:                0 kB
WritebackTmp:          0 kB
CommitLimit:     1647288 kB
Committed_AS:   56262452 kB
VmallocTotal:     458752 kB
VmallocUsed:      113452 kB
VmallocChunk:     176132 kB
Time pass: 46 sec

---2015-12-05 01:40:17
MemTotal:        1860984 kB
MemFree:           63428 kB
Buffers:           11344 kB
Cached:           839240 kB
SwapCached:        14036 kB
Active:           682244 kB
Inactive:         729108 kB
Active(anon):     501776 kB
Inactive(anon):    61916 kB
Active(file):     180468 kB
Inactive(file):   667192 kB
Unevictable:           0 kB
Mlocked:               0 kB
HighTotal:       1436668 kB
HighFree:           2524 kB
LowTotal:         424316 kB
LowFree:           60904 kB
SwapTotal:        716796 kB
SwapFree:         607772 kB
Dirty:               272 kB
Writeback:             0 kB
AnonPages:        557500 kB
Mapped:           236784 kB
Shmem:              2760 kB
Slab:              44668 kB
SReclaimable:      14516 kB
SUnreclaim:        30152 kB
KernelStack:       11400 kB
PageTables:        24820 kB
NFS_Unstable:          0 kB
Bounce:                0 kB
WritebackTmp:          0 kB
CommitLimit:     1647288 kB
Committed_AS:   56272788 kB
VmallocTotal:     458752 kB
VmallocUsed:      113428 kB
VmallocChunk:     176132 kB
Time pass: 49 sec

---2015-12-05 01:40:17
MemTotal:        1860984 kB
MemFree:           35068 kB
Buffers:           10448 kB
Cached:           824188 kB
SwapCached:        14040 kB
Active:           649736 kB
Inactive:         751208 kB
Active(anon):     458340 kB
Inactive(anon):   111604 kB
Active(file):     191396 kB
Inactive(file):   639604 kB
Unevictable:         876 kB
Mlocked:               0 kB
HighTotal:       1436668 kB
HighFree:           6604 kB
LowTotal:         424316 kB
LowFree:           28464 kB
SwapTotal:        716796 kB
SwapFree:         607792 kB
Dirty:                 0 kB
Writeback:             0 kB
AnonPages:        563728 kB
Mapped:           249316 kB
Shmem:              2760 kB
Slab:              44824 kB
SReclaimable:      14588 kB
SUnreclaim:        30236 kB
KernelStack:       11336 kB
PageTables:        24960 kB
NFS_Unstable:          0 kB
Bounce:                0 kB
WritebackTmp:          0 kB
CommitLimit:     1647288 kB
Committed_AS:   56278752 kB
VmallocTotal:     458752 kB
VmallocUsed:      113596 kB
VmallocChunk:     176132 kB
Time pass: 53 sec

---2015-12-05 01:40:17
MemTotal:        1860984 kB
MemFree:           38148 kB
Buffers:           10048 kB
Cached:           812748 kB
SwapCached:        14040 kB
Active:           620592 kB
Inactive:         766912 kB
Active(anon):     426336 kB
Inactive(anon):   142044 kB
Active(file):     194256 kB
Inactive(file):   624868 kB
Unevictable:         876 kB
Mlocked:               0 kB
HighTotal:       1436668 kB
HighFree:          11596 kB
LowTotal:         424316 kB
LowFree:           26552 kB
SwapTotal:        716796 kB
SwapFree:         607792 kB
Dirty:                 4 kB
Writeback:             0 kB
AnonPages:        562256 kB
Mapped:           256568 kB
Shmem:              2760 kB
Slab:              44756 kB
SReclaimable:      14572 kB
SUnreclaim:        30184 kB
KernelStack:       11296 kB
PageTables:        24968 kB
NFS_Unstable:          0 kB
Bounce:                0 kB
WritebackTmp:          0 kB
CommitLimit:     1647288 kB
Committed_AS:   56277300 kB
VmallocTotal:     458752 kB
VmallocUsed:      113652 kB
VmallocChunk:     176132 kB
Time pass: 56 sec

---2015-12-05 01:40:17
MemTotal:        1860984 kB
MemFree:           36876 kB
Buffers:            9624 kB
Cached:           801272 kB
SwapCached:        14032 kB
Active:           591908 kB
Inactive:         780888 kB
Active(anon):     395344 kB
Inactive(anon):   170192 kB
Active(file):     196564 kB
Inactive(file):   610696 kB
Unevictable:         876 kB
Mlocked:               0 kB
HighTotal:       1436668 kB
HighFree:          11156 kB
LowTotal:         424316 kB
LowFree:           25720 kB
SwapTotal:        716796 kB
SwapFree:         603660 kB
Dirty:                 0 kB
Writeback:             0 kB
AnonPages:        559372 kB
Mapped:           265648 kB
Shmem:              2760 kB
Slab:              44760 kB
SReclaimable:      14580 kB
SUnreclaim:        30180 kB
KernelStack:       11296 kB
PageTables:        25008 kB
NFS_Unstable:          0 kB
Bounce:                0 kB
WritebackTmp:          0 kB
CommitLimit:     1647288 kB
Committed_AS:   56278508 kB
VmallocTotal:     458752 kB
VmallocUsed:      113692 kB
VmallocChunk:     176132 kB
Time pass: 60 sec

---2015-12-05 01:40:17
MemTotal:        1860984 kB
MemFree:           36876 kB
Buffers:            9624 kB
Cached:           801272 kB
SwapCached:        14040 kB
Active:           591968 kB
Inactive:         780848 kB
Active(anon):     395404 kB
Inactive(anon):   170152 kB
Active(file):     196564 kB
Inactive(file):   610696 kB
Unevictable:         876 kB
Mlocked:               0 kB
HighTotal:       1436668 kB
HighFree:          11156 kB
LowTotal:         424316 kB
LowFree:           25720 kB
SwapTotal:        716796 kB
SwapFree:         603660 kB
Dirty:                 0 kB
Writeback:             0 kB
AnonPages:        559428 kB
Mapped:           265652 kB
Shmem:              2760 kB
Slab:              44764 kB
SReclaimable:      14580 kB
SUnreclaim:        30184 kB
KernelStack:       11296 kB
PageTables:        25008 kB
NFS_Unstable:          0 kB
Bounce:                0 kB
WritebackTmp:          0 kB
CommitLimit:     1647288 kB
Committed_AS:   56278508 kB
VmallocTotal:     458752 kB
VmallocUsed:      113692 kB
VmallocChunk:     176132 kB
Time pass: 63 sec

---2015-12-05 01:40:17
MemTotal:        1860984 kB
MemFree:           64640 kB
Buffers:            9412 kB
Cached:           787484 kB
SwapCached:        14040 kB
Active:           601656 kB
Inactive:         765064 kB
Active(anon):     402784 kB
Inactive(anon):   170872 kB
Active(file):     198872 kB
Inactive(file):   594192 kB
Unevictable:         876 kB
Mlocked:               0 kB
HighTotal:       1436668 kB
HighFree:           7516 kB
LowTotal:         424316 kB
LowFree:           57124 kB
SwapTotal:        716796 kB
SwapFree:         599640 kB
Dirty:               512 kB
Writeback:             0 kB
AnonPages:        567744 kB
Mapped:           263124 kB
Shmem:              2760 kB
Slab:              44928 kB
SReclaimable:      14644 kB
SUnreclaim:        30284 kB
KernelStack:       11392 kB
PageTables:        25004 kB
NFS_Unstable:          0 kB
Bounce:                0 kB
WritebackTmp:          0 kB
CommitLimit:     1647288 kB
Committed_AS:   56290040 kB
VmallocTotal:     458752 kB
VmallocUsed:      113688 kB
VmallocChunk:     176132 kB
Time pass: 67 sec

---2015-12-05 01:40:17
MemTotal:        1860984 kB
MemFree:           36432 kB
Buffers:            9412 kB
Cached:           789920 kB
SwapCached:        14012 kB
Active:           595816 kB
Inactive:         763668 kB
Active(anon):     396808 kB
Inactive(anon):   167212 kB
Active(file):     199008 kB
Inactive(file):   596456 kB
Unevictable:         876 kB
Mlocked:               0 kB
HighTotal:       1436668 kB
HighFree:          10520 kB
LowTotal:         424316 kB
LowFree:           25912 kB
SwapTotal:        716796 kB
SwapFree:         595468 kB
Dirty:                 0 kB
Writeback:             0 kB
AnonPages:        558220 kB
Mapped:           267632 kB
Shmem:              2760 kB
Slab:              44992 kB
SReclaimable:      14664 kB
SUnreclaim:        30328 kB
KernelStack:       11296 kB
PageTables:        25036 kB
NFS_Unstable:          0 kB
Bounce:                0 kB
WritebackTmp:          0 kB
CommitLimit:     1647288 kB
Committed_AS:   56291540 kB
VmallocTotal:     458752 kB
VmallocUsed:      113776 kB
VmallocChunk:     176132 kB
Time pass: 70 sec

---2015-12-05 01:40:17
MemTotal:        1860984 kB
MemFree:           29728 kB
Buffers:            9444 kB
Cached:           786164 kB
SwapCached:        14012 kB
Active:           606136 kB
Inactive:         761724 kB
Active(anon):     405988 kB
Inactive(anon):   169900 kB
Active(file):     200148 kB
Inactive(file):   591824 kB
Unevictable:         876 kB
Mlocked:               0 kB
HighTotal:       1436668 kB
HighFree:           4348 kB
LowTotal:         424316 kB
LowFree:           25380 kB
SwapTotal:        716796 kB
SwapFree:         595468 kB
Dirty:               344 kB
Writeback:             0 kB
AnonPages:        569912 kB
Mapped:           268840 kB
Shmem:              2760 kB
Slab:              45052 kB
SReclaimable:      14664 kB
SUnreclaim:        30388 kB
KernelStack:       11440 kB
PageTables:        25068 kB
NFS_Unstable:          0 kB
Bounce:                0 kB
WritebackTmp:          0 kB
CommitLimit:     1647288 kB
Committed_AS:   56302308 kB
VmallocTotal:     458752 kB
VmallocUsed:      113776 kB
VmallocChunk:     176132 kB
Time pass: 74 sec

---2015-12-05 01:40:17
MemTotal:        1860984 kB
MemFree:           36420 kB
Buffers:            8180 kB
Cached:           758608 kB
SwapCached:        14092 kB
Active:           616292 kB
Inactive:         726536 kB
Active(anon):     408992 kB
Inactive(anon):   170804 kB
Active(file):     207300 kB
Inactive(file):   555732 kB
Unevictable:         876 kB
Mlocked:               0 kB
HighTotal:       1436668 kB
HighFree:          11712 kB
LowTotal:         424316 kB
LowFree:           24708 kB
SwapTotal:        716796 kB
SwapFree:         592716 kB
Dirty:                56 kB
Writeback:             0 kB
AnonPages:        573496 kB
Mapped:           268348 kB
Shmem:              2884 kB
Slab:              45476 kB
SReclaimable:      14852 kB
SUnreclaim:        30624 kB
KernelStack:       11584 kB
PageTables:        25224 kB
NFS_Unstable:          0 kB
Bounce:                0 kB
WritebackTmp:          0 kB
CommitLimit:     1647288 kB
Committed_AS:   56322684 kB
VmallocTotal:     458752 kB
VmallocUsed:      118176 kB
VmallocChunk:     176132 kB
Time pass: 78 sec

---2015-12-05 01:40:17
MemTotal:        1860984 kB
MemFree:           30664 kB
Buffers:            7404 kB
Cached:           734348 kB
SwapCached:        14088 kB
Active:           615476 kB
Inactive:         701184 kB
Active(anon):     408132 kB
Inactive(anon):   170568 kB
Active(file):     207344 kB
Inactive(file):   530616 kB
Unevictable:         876 kB
Mlocked:               0 kB
HighTotal:       1436668 kB
HighFree:           6508 kB
LowTotal:         424316 kB
LowFree:           24156 kB
SwapTotal:        716796 kB
SwapFree:         591284 kB
Dirty:                 0 kB
Writeback:             0 kB
AnonPages:        572352 kB
Mapped:           268380 kB
Shmem:              2916 kB
Slab:              45340 kB
SReclaimable:      14644 kB
SUnreclaim:        30696 kB
KernelStack:       11576 kB
PageTables:        25432 kB
NFS_Unstable:          0 kB
Bounce:                0 kB
WritebackTmp:          0 kB
CommitLimit:     1647288 kB
Committed_AS:   56322532 kB
VmallocTotal:     458752 kB
VmallocUsed:      122016 kB
VmallocChunk:     176132 kB
Time pass: 81 sec

---2015-12-05 01:40:17
MemTotal:        1860984 kB
MemFree:           29364 kB
Buffers:            7428 kB
Cached:           734460 kB
SwapCached:        14088 kB
Active:           617196 kB
Inactive:         701324 kB
Active(anon):     409852 kB
Inactive(anon):   170684 kB
Active(file):     207344 kB
Inactive(file):   530640 kB
Unevictable:         876 kB
Mlocked:               0 kB
HighTotal:       1436668 kB
HighFree:           5036 kB
LowTotal:         424316 kB
LowFree:           24328 kB
SwapTotal:        716796 kB
SwapFree:         591284 kB
Dirty:                36 kB
Writeback:             0 kB
AnonPages:        574140 kB
Mapped:           268492 kB
Shmem:              3028 kB
Slab:              45396 kB
SReclaimable:      14664 kB
SUnreclaim:        30732 kB
KernelStack:       11528 kB
PageTables:        25420 kB
NFS_Unstable:          0 kB
Bounce:                0 kB
WritebackTmp:          0 kB
CommitLimit:     1647288 kB
Committed_AS:   56323952 kB
VmallocTotal:     458752 kB
VmallocUsed:      122016 kB
VmallocChunk:     176132 kB
Time pass: 84 sec

---2015-12-05 01:40:17
MemTotal:        1860984 kB
MemFree:           29280 kB
Buffers:            7444 kB
Cached:           734460 kB
SwapCached:        14088 kB
Active:           617032 kB
Inactive:         701340 kB
Active(anon):     409688 kB
Inactive(anon):   170684 kB
Active(file):     207344 kB
Inactive(file):   530656 kB
Unevictable:         876 kB
Mlocked:               0 kB
HighTotal:       1436668 kB
HighFree:           4940 kB
LowTotal:         424316 kB
LowFree:           24340 kB
SwapTotal:        716796 kB
SwapFree:         591284 kB
Dirty:                 4 kB
Writeback:             0 kB
AnonPages:        573900 kB
Mapped:           268524 kB
Shmem:              3028 kB
Slab:              45320 kB
SReclaimable:      14664 kB
SUnreclaim:        30656 kB
KernelStack:       11536 kB
PageTables:        25420 kB
NFS_Unstable:          0 kB
Bounce:                0 kB
WritebackTmp:          0 kB
CommitLimit:     1647288 kB
Committed_AS:   56323572 kB
VmallocTotal:     458752 kB
VmallocUsed:      122016 kB
VmallocChunk:     176132 kB
Time pass: 88 sec

---2015-12-05 01:40:17
MemTotal:        1860984 kB
MemFree:           32832 kB
Buffers:            7452 kB
Cached:           734452 kB
SwapCached:        14088 kB
Active:           614052 kB
Inactive:         700332 kB
Active(anon):     406708 kB
Inactive(anon):   169676 kB
Active(file):     207344 kB
Inactive(file):   530656 kB
Unevictable:         876 kB
Mlocked:               0 kB
HighTotal:       1436668 kB
HighFree:           7836 kB
LowTotal:         424316 kB
LowFree:           24996 kB
SwapTotal:        716796 kB
SwapFree:         587068 kB
Dirty:                 4 kB
Writeback:             0 kB
AnonPages:        570076 kB
Mapped:           268524 kB
Shmem:              3028 kB
Slab:              45468 kB
SReclaimable:      14656 kB
SUnreclaim:        30812 kB
KernelStack:       11536 kB
PageTables:        25420 kB
NFS_Unstable:          0 kB
Bounce:                0 kB
WritebackTmp:          0 kB
CommitLimit:     1647288 kB
Committed_AS:   56323764 kB
VmallocTotal:     458752 kB
VmallocUsed:      122016 kB
VmallocChunk:     176132 kB
Time pass: 92 sec

---2015-12-05 01:40:17
MemTotal:        1860984 kB
MemFree:           95292 kB
Buffers:            7320 kB
Cached:           732932 kB
SwapCached:        14116 kB
Active:           609228 kB
Inactive:         699904 kB
Active(anon):     401880 kB
Inactive(anon):   170636 kB
Active(file):     207348 kB
Inactive(file):   529268 kB
Unevictable:         876 kB
Mlocked:               0 kB
HighTotal:       1436668 kB
HighFree:          40772 kB
LowTotal:         424316 kB
LowFree:           54520 kB
SwapTotal:        716796 kB
SwapFree:         587124 kB
Dirty:                36 kB
Writeback:             0 kB
AnonPages:        566432 kB
Mapped:           269680 kB
Shmem:              2760 kB
Slab:              45416 kB
SReclaimable:      14664 kB
SUnreclaim:        30752 kB
KernelStack:       11408 kB
PageTables:        25068 kB
NFS_Unstable:          0 kB
Bounce:                0 kB
WritebackTmp:          0 kB
CommitLimit:     1647288 kB
Committed_AS:   57293648 kB
VmallocTotal:     458752 kB
VmallocUsed:      114392 kB
VmallocChunk:     176132 kB
Time pass: 95 sec

---2015-12-05 01:40:17
MemTotal:        1860984 kB
MemFree:          334624 kB
Buffers:            7360 kB
Cached:           732872 kB
SwapCached:        13648 kB
Active:           545756 kB
Inactive:         693196 kB
Active(anon):     337796 kB
Inactive(anon):   164424 kB
Active(file):     207960 kB
Inactive(file):   528772 kB
Unevictable:         876 kB
Mlocked:               0 kB
HighTotal:       1436668 kB
HighFree:         134356 kB
LowTotal:         424316 kB
LowFree:          200268 kB
SwapTotal:        716796 kB
SwapFree:         583460 kB
Dirty:                 4 kB
Writeback:             0 kB
AnonPages:        496604 kB
Mapped:           204528 kB
Shmem:              2624 kB
Slab:              45036 kB
SReclaimable:      14640 kB
SUnreclaim:        30396 kB
KernelStack:       10696 kB
PageTables:        23640 kB
NFS_Unstable:          0 kB
Bounce:                0 kB
WritebackTmp:          0 kB
CommitLimit:     1647288 kB
Committed_AS:   54604336 kB
VmallocTotal:     458752 kB
VmallocUsed:      111504 kB
VmallocChunk:     176132 kB
Time pass: 98 sec

---2015-12-05 01:40:17
MemTotal:        1860984 kB
MemFree:          335016 kB
Buffers:            7368 kB
Cached:           732872 kB
SwapCached:        13648 kB
Active:           545748 kB
Inactive:         693204 kB
Active(anon):     337788 kB
Inactive(anon):   164432 kB
Active(file):     207960 kB
Inactive(file):   528772 kB
Unevictable:         876 kB
Mlocked:               0 kB
HighTotal:       1436668 kB
HighFree:         134740 kB
LowTotal:         424316 kB
LowFree:          200276 kB
SwapTotal:        716796 kB
SwapFree:         583468 kB
Dirty:                28 kB
Writeback:             0 kB
AnonPages:        496624 kB
Mapped:           204568 kB
Shmem:              2624 kB
Slab:              45024 kB
SReclaimable:      14640 kB
SUnreclaim:        30384 kB
KernelStack:       10688 kB
PageTables:        23656 kB
NFS_Unstable:          0 kB
Bounce:                0 kB
WritebackTmp:          0 kB
CommitLimit:     1647288 kB
Committed_AS:   54604328 kB
VmallocTotal:     458752 kB
VmallocUsed:      111504 kB
VmallocChunk:     176132 kB
Time pass: 102 sec

---2015-12-05 01:40:17
MemTotal:        1860984 kB
MemFree:          334848 kB
Buffers:            7368 kB
Cached:           732872 kB
SwapCached:        13644 kB
Active:           545756 kB
Inactive:         693220 kB
Active(anon):     337796 kB
Inactive(anon):   164440 kB
Active(file):     207960 kB
Inactive(file):   528780 kB
Unevictable:         876 kB
Mlocked:               0 kB
HighTotal:       1436668 kB
HighFree:         134740 kB
LowTotal:         424316 kB
LowFree:          200108 kB
SwapTotal:        716796 kB
SwapFree:         583480 kB
Dirty:                24 kB
Writeback:             0 kB
AnonPages:        496644 kB
Mapped:           204568 kB
Shmem:              2624 kB
Slab:              45028 kB
SReclaimable:      14640 kB
SUnreclaim:        30388 kB
KernelStack:       10696 kB
PageTables:        23656 kB
NFS_Unstable:          0 kB
Bounce:                0 kB
WritebackTmp:          0 kB
CommitLimit:     1647288 kB
Committed_AS:   54604336 kB
VmallocTotal:     458752 kB
VmallocUsed:      111504 kB
VmallocChunk:     176132 kB
Time pass: 106 sec

---2015-12-05 01:40:17
MemTotal:        1860984 kB
MemFree:          337876 kB
Buffers:            7376 kB
Cached:           732872 kB
SwapCached:        13324 kB
Active:           550388 kB
Inactive:         684488 kB
Active(anon):     342428 kB
Inactive(anon):   155700 kB
Active(file):     207960 kB
Inactive(file):   528788 kB
Unevictable:         876 kB
Mlocked:               0 kB
HighTotal:       1436668 kB
HighFree:         137220 kB
LowTotal:         424316 kB
LowFree:          200656 kB
SwapTotal:        716796 kB
SwapFree:         579700 kB
Dirty:                 0 kB
Writeback:             0 kB
AnonPages:        492844 kB
Mapped:           204568 kB
Shmem:              2624 kB
Slab:              45016 kB
SReclaimable:      14632 kB
SUnreclaim:        30384 kB
KernelStack:       10688 kB
PageTables:        23656 kB
NFS_Unstable:          0 kB
Bounce:                0 kB
WritebackTmp:          0 kB
CommitLimit:     1647288 kB
Committed_AS:   54604312 kB
VmallocTotal:     458752 kB
VmallocUsed:      111504 kB
VmallocChunk:     176132 kB
Time pass: 109 sec

---2015-12-05 01:40:17
MemTotal:        1860984 kB
MemFree:          343184 kB
Buffers:            7400 kB
Cached:           732988 kB
SwapCached:        13892 kB
Active:           559072 kB
Inactive:         684952 kB
Active(anon):     350996 kB
Inactive(anon):   156208 kB
Active(file):     208076 kB
Inactive(file):   528744 kB
Unevictable:         876 kB
Mlocked:               0 kB
HighTotal:       1436668 kB
HighFree:         133020 kB
LowTotal:         424316 kB
LowFree:          210164 kB
SwapTotal:        716796 kB
SwapFree:         579700 kB
Dirty:               740 kB
Writeback:             0 kB
AnonPages:        501628 kB
Mapped:           218492 kB
Shmem:              2624 kB
Slab:              45060 kB
SReclaimable:      14632 kB
SUnreclaim:        30428 kB
KernelStack:       10864 kB
PageTables:        23988 kB
NFS_Unstable:          0 kB
Bounce:                0 kB
WritebackTmp:          0 kB
CommitLimit:     1647288 kB
Committed_AS:   55440636 kB
VmallocTotal:     458752 kB
VmallocUsed:      112524 kB
VmallocChunk:     176132 kB
Time pass: 113 sec

---2015-12-05 01:40:17
MemTotal:        1860984 kB
MemFree:          254000 kB
Buffers:            7576 kB
Cached:           733360 kB
SwapCached:        14104 kB
Active:           576348 kB
Inactive:         685532 kB
Active(anon):     367880 kB
Inactive(anon):   156700 kB
Active(file):     208468 kB
Inactive(file):   528832 kB
Unevictable:         876 kB
Mlocked:               0 kB
HighTotal:       1436668 kB
HighFree:          78664 kB
LowTotal:         424316 kB
LowFree:          175336 kB
SwapTotal:        716796 kB
SwapFree:         579784 kB
Dirty:              1036 kB
Writeback:             0 kB
AnonPages:        518372 kB
Mapped:           228680 kB
Shmem:              2760 kB
Slab:              44992 kB
SReclaimable:      14632 kB
SUnreclaim:        30360 kB
KernelStack:       11288 kB
PageTables:        24396 kB
NFS_Unstable:          0 kB
Bounce:                0 kB
WritebackTmp:          0 kB
CommitLimit:     1647288 kB
Committed_AS:   55466540 kB
VmallocTotal:     458752 kB
VmallocUsed:      112780 kB
VmallocChunk:     176132 kB
Time pass: 116 sec

---2015-12-05 01:40:17
MemTotal:        1860984 kB
MemFree:          197552 kB
Buffers:            7576 kB
Cached:           734320 kB
SwapCached:        14120 kB
Active:           589512 kB
Inactive:         686448 kB
Active(anon):     380980 kB
Inactive(anon):   156720 kB
Active(file):     208532 kB
Inactive(file):   529728 kB
Unevictable:         876 kB
Mlocked:               0 kB
HighTotal:       1436668 kB
HighFree:          38604 kB
LowTotal:         424316 kB
LowFree:          158948 kB
SwapTotal:        716796 kB
SwapFree:         579788 kB
Dirty:              1052 kB
Writeback:             0 kB
AnonPages:        531540 kB
Mapped:           233676 kB
Shmem:              2760 kB
Slab:              44980 kB
SReclaimable:      14616 kB
SUnreclaim:        30364 kB
KernelStack:       11248 kB
PageTables:        24552 kB
NFS_Unstable:          0 kB
Bounce:                0 kB
WritebackTmp:          0 kB
CommitLimit:     1647288 kB
Committed_AS:   55478372 kB
VmallocTotal:     458752 kB
VmallocUsed:      112908 kB
VmallocChunk:     176132 kB
Time pass: 119 sec

---2015-12-05 01:40:17
MemTotal:        1860984 kB
MemFree:          143240 kB
Buffers:            7624 kB
Cached:           735128 kB
SwapCached:        14120 kB
Active:           593436 kB
Inactive:         685788 kB
Active(anon):     383388 kB
Inactive(anon):   156720 kB
Active(file):     210048 kB
Inactive(file):   529068 kB
Unevictable:         876 kB
Mlocked:               0 kB
HighTotal:       1436668 kB
HighFree:          31332 kB
LowTotal:         424316 kB
LowFree:          111908 kB
SwapTotal:        716796 kB
SwapFree:         579788 kB
Dirty:               860 kB
Writeback:             0 kB
AnonPages:        533932 kB
Mapped:           239884 kB
Shmem:              2760 kB
Slab:              45132 kB
SReclaimable:      14648 kB
SUnreclaim:        30484 kB
KernelStack:       11248 kB
PageTables:        24652 kB
NFS_Unstable:          0 kB
Bounce:                0 kB
WritebackTmp:          0 kB
CommitLimit:     1647288 kB
Committed_AS:   55480672 kB
VmallocTotal:     458752 kB
VmallocUsed:      113148 kB
VmallocChunk:     176132 kB
Time pass: 123 sec

---2015-12-05 01:40:17
MemTotal:        1860984 kB
MemFree:          131172 kB
Buffers:            7632 kB
Cached:           735428 kB
SwapCached:        14116 kB
Active:           593124 kB
Inactive:         683720 kB
Active(anon):     382536 kB
Inactive(anon):   154888 kB
Active(file):     210588 kB
Inactive(file):   528832 kB
Unevictable:         876 kB
Mlocked:               0 kB
HighTotal:       1436668 kB
HighFree:          30376 kB
LowTotal:         424316 kB
LowFree:          100796 kB
SwapTotal:        716796 kB
SwapFree:         575668 kB
Dirty:              1280 kB
Writeback:             0 kB
AnonPages:        531208 kB
Mapped:           242224 kB
Shmem:              2760 kB
Slab:              45068 kB
SReclaimable:      14672 kB
SUnreclaim:        30396 kB
KernelStack:       11208 kB
PageTables:        24704 kB
NFS_Unstable:          0 kB
Bounce:                0 kB
WritebackTmp:          0 kB
CommitLimit:     1647288 kB
Committed_AS:   55481964 kB
VmallocTotal:     458752 kB
VmallocUsed:      113188 kB
VmallocChunk:     176132 kB
Time pass: 126 sec

---2015-12-05 01:40:17
MemTotal:        1860984 kB
MemFree:          132140 kB
Buffers:            7632 kB
Cached:           735428 kB
SwapCached:        14116 kB
Active:           601504 kB
Inactive:         682028 kB
Active(anon):     390912 kB
Inactive(anon):   153196 kB
Active(file):     210592 kB
Inactive(file):   528832 kB
Unevictable:         876 kB
Mlocked:               0 kB
HighTotal:       1436668 kB
HighFree:          21236 kB
LowTotal:         424316 kB
LowFree:          110904 kB
SwapTotal:        716796 kB
SwapFree:         571524 kB
Dirty:               492 kB
Writeback:             0 kB
AnonPages:        538012 kB
Mapped:           242996 kB
Shmem:              2760 kB
Slab:              45064 kB
SReclaimable:      14664 kB
SUnreclaim:        30400 kB
KernelStack:       11208 kB
PageTables:        24592 kB
NFS_Unstable:          0 kB
Bounce:                0 kB
WritebackTmp:          0 kB
CommitLimit:     1647288 kB
Committed_AS:   55492664 kB
VmallocTotal:     458752 kB
VmallocUsed:      113204 kB
VmallocChunk:     176132 kB
Time pass: 130 sec

---2015-12-05 01:40:17
MemTotal:        1860984 kB
MemFree:          117416 kB
Buffers:            7640 kB
Cached:           735440 kB
SwapCached:        14112 kB
Active:           596128 kB
Inactive:         682108 kB
Active(anon):     385536 kB
Inactive(anon):   153256 kB
Active(file):     210592 kB
Inactive(file):   528852 kB
Unevictable:         876 kB
Mlocked:               0 kB
HighTotal:       1436668 kB
HighFree:          26212 kB
LowTotal:         424316 kB
LowFree:           91204 kB
SwapTotal:        716796 kB
SwapFree:         571532 kB
Dirty:                56 kB
Writeback:             0 kB
AnonPages:        532640 kB
Mapped:           244332 kB
Shmem:              2760 kB
Slab:              44940 kB
SReclaimable:      14624 kB
SUnreclaim:        30316 kB
KernelStack:       11240 kB
PageTables:        24752 kB
NFS_Unstable:          0 kB
Bounce:                0 kB
WritebackTmp:          0 kB
CommitLimit:     1647288 kB
Committed_AS:   55486876 kB
VmallocTotal:     458752 kB
VmallocUsed:      113272 kB
VmallocChunk:     176132 kB
Time pass: 133 sec

---2015-12-05 01:40:17
MemTotal:        1860984 kB
MemFree:          117136 kB
Buffers:            7640 kB
Cached:           735436 kB
SwapCached:        14116 kB
Active:           593520 kB
Inactive:         681476 kB
Active(anon):     382928 kB
Inactive(anon):   152624 kB
Active(file):     210592 kB
Inactive(file):   528852 kB
Unevictable:         876 kB
Mlocked:               0 kB
HighTotal:       1436668 kB
HighFree:          26336 kB
LowTotal:         424316 kB
LowFree:           90800 kB
SwapTotal:        716796 kB
SwapFree:         568400 kB
Dirty:                56 kB
Writeback:             0 kB
AnonPages:        529412 kB
Mapped:           244348 kB
Shmem:              2760 kB
Slab:              45136 kB
SReclaimable:      14848 kB
SUnreclaim:        30288 kB
KernelStack:       11208 kB
PageTables:        24752 kB
NFS_Unstable:          0 kB
Bounce:                0 kB
WritebackTmp:          0 kB
CommitLimit:     1647288 kB
Committed_AS:   55486876 kB
VmallocTotal:     458752 kB
VmallocUsed:      113272 kB
VmallocChunk:     176132 kB
Time pass: 137 sec

---2015-12-05 01:40:17
MemTotal:        1860984 kB
MemFree:          118924 kB
Buffers:            7640 kB
Cached:           735440 kB
SwapCached:        14112 kB
Active:           592632 kB
Inactive:         681456 kB
Active(anon):     382040 kB
Inactive(anon):   152604 kB
Active(file):     210592 kB
Inactive(file):   528852 kB
Unevictable:         876 kB
Mlocked:               0 kB
HighTotal:       1436668 kB
HighFree:          27268 kB
LowTotal:         424316 kB
LowFree:           91656 kB
SwapTotal:        716796 kB
SwapFree:         567424 kB
Dirty:                 4 kB
Writeback:             0 kB
AnonPages:        528556 kB
Mapped:           244452 kB
Shmem:              2760 kB
Slab:              44940 kB
SReclaimable:      14648 kB
SUnreclaim:        30292 kB
KernelStack:       11208 kB
PageTables:        24752 kB
NFS_Unstable:          0 kB
Bounce:                0 kB
WritebackTmp:          0 kB
CommitLimit:     1647288 kB
Committed_AS:   55486836 kB
VmallocTotal:     458752 kB
VmallocUsed:      113272 kB
VmallocChunk:     176132 kB
Time pass: 141 sec

---2015-12-05 01:40:17
MemTotal:        1860984 kB
MemFree:          107772 kB
Buffers:            7672 kB
Cached:           735580 kB
SwapCached:        14104 kB
Active:           598716 kB
Inactive:         681108 kB
Active(anon):     387992 kB
Inactive(anon):   152348 kB
Active(file):     210724 kB
Inactive(file):   528760 kB
Unevictable:         876 kB
Mlocked:               0 kB
HighTotal:       1436668 kB
HighFree:          25944 kB
LowTotal:         424316 kB
LowFree:           81828 kB
SwapTotal:        716796 kB
SwapFree:         563336 kB
Dirty:                44 kB
Writeback:             0 kB
AnonPages:        534076 kB
Mapped:           246324 kB
Shmem:              2884 kB
Slab:              45028 kB
SReclaimable:      14676 kB
SUnreclaim:        30352 kB
KernelStack:       11496 kB
PageTables:        24868 kB
NFS_Unstable:          0 kB
Bounce:                0 kB
WritebackTmp:          0 kB
CommitLimit:     1647288 kB
Committed_AS:   55517896 kB
VmallocTotal:     458752 kB
VmallocUsed:      116116 kB
VmallocChunk:     176132 kB
Time pass: 144 sec

---2015-12-05 01:40:17
MemTotal:        1860984 kB
MemFree:           87428 kB
Buffers:            7672 kB
Cached:           735668 kB
SwapCached:        14104 kB
Active:           599832 kB
Inactive:         681180 kB
Active(anon):     389108 kB
Inactive(anon):   152420 kB
Active(file):     210724 kB
Inactive(file):   528760 kB
Unevictable:         876 kB
Mlocked:               0 kB
HighTotal:       1436668 kB
HighFree:          23112 kB
LowTotal:         424316 kB
LowFree:           64316 kB
SwapTotal:        716796 kB
SwapFree:         563336 kB
Dirty:                 4 kB
Writeback:             0 kB
AnonPages:        535204 kB
Mapped:           246820 kB
Shmem:              2980 kB
Slab:              45024 kB
SReclaimable:      14652 kB
SUnreclaim:        30372 kB
KernelStack:       11480 kB
PageTables:        24988 kB
NFS_Unstable:          0 kB
Bounce:                0 kB
WritebackTmp:          0 kB
CommitLimit:     1647288 kB
Committed_AS:   55518580 kB
VmallocTotal:     458752 kB
VmallocUsed:      118836 kB
VmallocChunk:     172764 kB
Time pass: 147 sec

---2015-12-05 01:40:17
MemTotal:        1860984 kB
MemFree:           87072 kB
Buffers:            7680 kB
Cached:           735672 kB
SwapCached:        14104 kB
Active:           600144 kB
Inactive:         681188 kB
Active(anon):     389420 kB
Inactive(anon):   152420 kB
Active(file):     210724 kB
Inactive(file):   528768 kB
Unevictable:         876 kB
Mlocked:               0 kB
HighTotal:       1436668 kB
HighFree:          22744 kB
LowTotal:         424316 kB
LowFree:           64328 kB
SwapTotal:        716796 kB
SwapFree:         563340 kB
Dirty:                44 kB
Writeback:             0 kB
AnonPages:        535524 kB
Mapped:           246860 kB
Shmem:              2980 kB
Slab:              45036 kB
SReclaimable:      14676 kB
SUnreclaim:        30360 kB
KernelStack:       11488 kB
PageTables:        25004 kB
NFS_Unstable:          0 kB
Bounce:                0 kB
WritebackTmp:          0 kB
CommitLimit:     1647288 kB
Committed_AS:   55518664 kB
VmallocTotal:     458752 kB
VmallocUsed:      118836 kB
VmallocChunk:     172764 kB
Time pass: 151 sec

---2015-12-05 01:40:17
MemTotal:        1860984 kB
MemFree:           85592 kB
Buffers:            7680 kB
Cached:           735740 kB
SwapCached:        14104 kB
Active:           600904 kB
Inactive:         681256 kB
Active(anon):     390180 kB
Inactive(anon):   152484 kB
Active(file):     210724 kB
Inactive(file):   528772 kB
Unevictable:         876 kB
Mlocked:               0 kB
HighTotal:       1436668 kB
HighFree:          21628 kB
LowTotal:         424316 kB
LowFree:           63964 kB
SwapTotal:        716796 kB
SwapFree:         563344 kB
Dirty:                 0 kB
Writeback:             0 kB
AnonPages:        536348 kB
Mapped:           246928 kB
Shmem:              3048 kB
Slab:              45076 kB
SReclaimable:      14660 kB
SUnreclaim:        30416 kB
KernelStack:       11496 kB
PageTables:        25008 kB
NFS_Unstable:          0 kB
Bounce:                0 kB
WritebackTmp:          0 kB
CommitLimit:     1647288 kB
Committed_AS:   55519176 kB
VmallocTotal:     458752 kB
VmallocUsed:      118836 kB
VmallocChunk:     172764 kB
Time pass: 154 sec

---2015-12-05 01:40:17
MemTotal:        1860984 kB
MemFree:           69492 kB
Buffers:            7688 kB
Cached:           735864 kB
SwapCached:        14108 kB
Active:           600592 kB
Inactive:         681404 kB
Active(anon):     389864 kB
Inactive(anon):   152500 kB
Active(file):     210728 kB
Inactive(file):   528904 kB
Unevictable:         876 kB
Mlocked:               0 kB
HighTotal:       1436668 kB
HighFree:          21556 kB
LowTotal:         424316 kB
LowFree:           47936 kB
SwapTotal:        716796 kB
SwapFree:         563348 kB
Dirty:                16 kB
Writeback:             0 kB
AnonPages:        536012 kB
Mapped:           247032 kB
Shmem:              3048 kB
Slab:              45020 kB
SReclaimable:      14660 kB
SUnreclaim:        30360 kB
KernelStack:       11496 kB
PageTables:        25080 kB
NFS_Unstable:          0 kB
Bounce:                0 kB
WritebackTmp:          0 kB
CommitLimit:     1647288 kB
Committed_AS:   55518664 kB
VmallocTotal:     458752 kB
VmallocUsed:      120916 kB
VmallocChunk:     158396 kB
Time pass: 158 sec

---2015-12-05 01:40:17
MemTotal:        1860984 kB
MemFree:           67780 kB
Buffers:            7736 kB
Cached:           735792 kB
SwapCached:        14108 kB
Active:           607700 kB
Inactive:         681220 kB
Active(anon):     396812 kB
Inactive(anon):   152440 kB
Active(file):     210888 kB
Inactive(file):   528780 kB
Unevictable:         876 kB
Mlocked:               0 kB
HighTotal:       1436668 kB
HighFree:          14812 kB
LowTotal:         424316 kB
LowFree:           52968 kB
SwapTotal:        716796 kB
SwapFree:         563348 kB
Dirty:                44 kB
Writeback:             0 kB
AnonPages:        542844 kB
Mapped:           247168 kB
Shmem:              2984 kB
Slab:              45192 kB
SReclaimable:      14684 kB
SUnreclaim:        30508 kB
KernelStack:       11560 kB
PageTables:        25040 kB
NFS_Unstable:          0 kB
Bounce:                0 kB
WritebackTmp:          0 kB
CommitLimit:     1647288 kB
Committed_AS:   55524412 kB
VmallocTotal:     458752 kB
VmallocUsed:      117876 kB
VmallocChunk:     165532 kB
Time pass: 161 sec

---2015-12-05 01:40:17
MemTotal:        1860984 kB
MemFree:           68696 kB
Buffers:            7768 kB
Cached:           735840 kB
SwapCached:        13644 kB
Active:           606388 kB
Inactive:         681052 kB
Active(anon):     395500 kB
Inactive(anon):   152224 kB
Active(file):     210888 kB
Inactive(file):   528828 kB
Unevictable:         876 kB
Mlocked:               0 kB
HighTotal:       1436668 kB
HighFree:          15548 kB
LowTotal:         424316 kB
LowFree:           53148 kB
SwapTotal:        716796 kB
SwapFree:         559692 kB
Dirty:                 0 kB
Writeback:             0 kB
AnonPages:        541964 kB
Mapped:           246816 kB
Shmem:              3016 kB
Slab:              45408 kB
SReclaimable:      14700 kB
SUnreclaim:        30708 kB
KernelStack:       11560 kB
PageTables:        25044 kB
NFS_Unstable:          0 kB
Bounce:                0 kB
WritebackTmp:          0 kB
CommitLimit:     1647288 kB
Committed_AS:   55526656 kB
VmallocTotal:     458752 kB
VmallocUsed:      117876 kB
VmallocChunk:     165532 kB
Time pass: 165 sec

---2015-12-05 01:40:17
MemTotal:        1860984 kB
MemFree:           70352 kB
Buffers:            7784 kB
Cached:           735888 kB
SwapCached:        13636 kB
Active:           606168 kB
Inactive:         681124 kB
Active(anon):     395280 kB
Inactive(anon):   152280 kB
Active(file):     210888 kB
Inactive(file):   528844 kB
Unevictable:         876 kB
Mlocked:               0 kB
HighTotal:       1436668 kB
HighFree:          17104 kB
LowTotal:         424316 kB
LowFree:           53248 kB
SwapTotal:        716796 kB
SwapFree:         559712 kB
Dirty:                32 kB
Writeback:             0 kB
AnonPages:        541600 kB
Mapped:           245112 kB
Shmem:              3064 kB
Slab:              45324 kB
SReclaimable:      14700 kB
SUnreclaim:        30624 kB
KernelStack:       11504 kB
PageTables:        25044 kB
NFS_Unstable:          0 kB
Bounce:                0 kB
WritebackTmp:          0 kB
CommitLimit:     1647288 kB
Committed_AS:   55526212 kB
VmallocTotal:     458752 kB
VmallocUsed:      117876 kB
VmallocChunk:     165532 kB
Time pass: 168 sec

---2015-12-05 01:40:17
MemTotal:        1860984 kB
MemFree:           69932 kB
Buffers:            7792 kB
Cached:           735896 kB
SwapCached:        13640 kB
Active:           605824 kB
Inactive:         681020 kB
Active(anon):     394936 kB
Inactive(anon):   152176 kB
Active(file):     210888 kB
Inactive(file):   528844 kB
Unevictable:         876 kB
Mlocked:               0 kB
HighTotal:       1436668 kB
HighFree:          16608 kB
LowTotal:         424316 kB
LowFree:           53324 kB
SwapTotal:        716796 kB
SwapFree:         558916 kB
Dirty:                28 kB
Writeback:             0 kB
AnonPages:        541204 kB
Mapped:           245132 kB
Shmem:              3084 kB
Slab:              45324 kB
SReclaimable:      14700 kB
SUnreclaim:        30624 kB
KernelStack:       11504 kB
PageTables:        25044 kB
NFS_Unstable:          0 kB
Bounce:                0 kB
WritebackTmp:          0 kB
CommitLimit:     1647288 kB
Committed_AS:   55526332 kB
VmallocTotal:     458752 kB
VmallocUsed:      117876 kB
VmallocChunk:     165532 kB
Time pass: 172 sec

---2015-12-05 01:40:17
MemTotal:        1860984 kB
MemFree:           73316 kB
Buffers:            7808 kB
Cached:           735904 kB
SwapCached:        13344 kB
Active:           602988 kB
Inactive:         680896 kB
Active(anon):     392100 kB
Inactive(anon):   152028 kB
Active(file):     210888 kB
Inactive(file):   528868 kB
Unevictable:         876 kB
Mlocked:               0 kB
HighTotal:       1436668 kB
HighFree:          19316 kB
LowTotal:         424316 kB
LowFree:           54000 kB
SwapTotal:        716796 kB
SwapFree:         555864 kB
Dirty:                36 kB
Writeback:             0 kB
AnonPages:        538496 kB
Mapped:           245132 kB
Shmem:              3084 kB
Slab:              45392 kB
SReclaimable:      14724 kB
SUnreclaim:        30668 kB
KernelStack:       11496 kB
PageTables:        25044 kB
NFS_Unstable:          0 kB
Bounce:                0 kB
WritebackTmp:          0 kB
CommitLimit:     1647288 kB
Committed_AS:   55526620 kB
VmallocTotal:     458752 kB
VmallocUsed:      117876 kB
VmallocChunk:     165532 kB
Time pass: 175 sec

---2015-12-05 01:40:17
MemTotal:        1860984 kB
MemFree:           73556 kB
Buffers:            7808 kB
Cached:           735928 kB
SwapCached:        13344 kB
Active:           603004 kB
Inactive:         680924 kB
Active(anon):     392116 kB
Inactive(anon):   152056 kB
Active(file):     210888 kB
Inactive(file):   528868 kB
Unevictable:         876 kB
Mlocked:               0 kB
HighTotal:       1436668 kB
HighFree:          19528 kB
LowTotal:         424316 kB
LowFree:           54028 kB
SwapTotal:        716796 kB
SwapFree:         555864 kB
Dirty:                 0 kB
Writeback:             0 kB
AnonPages:        538464 kB
Mapped:           245152 kB
Shmem:              3104 kB
Slab:              45292 kB
SReclaimable:      14716 kB
SUnreclaim:        30576 kB
KernelStack:       11488 kB
PageTables:        25040 kB
NFS_Unstable:          0 kB
Bounce:                0 kB
WritebackTmp:          0 kB
CommitLimit:     1647288 kB
Committed_AS:   55526608 kB
VmallocTotal:     458752 kB
VmallocUsed:      117876 kB
VmallocChunk:     165532 kB
Time pass: 179 sec

---2015-12-05 01:40:17
MemTotal:        1860984 kB
MemFree:           74932 kB
Buffers:            7832 kB
Cached:           735912 kB
SwapCached:        13344 kB
Active:           599116 kB
Inactive:         680664 kB
Active(anon):     388228 kB
Inactive(anon):   151796 kB
Active(file):     210888 kB
Inactive(file):   528868 kB
Unevictable:         876 kB
Mlocked:               0 kB
HighTotal:       1436668 kB
HighFree:          21016 kB
LowTotal:         424316 kB
LowFree:           53916 kB
SwapTotal:        716796 kB
SwapFree:         551656 kB
Dirty:                28 kB
Writeback:             0 kB
AnonPages:        534312 kB
Mapped:           245112 kB
Shmem:              3104 kB
Slab:              45388 kB
SReclaimable:      14764 kB
SUnreclaim:        30624 kB
KernelStack:       11480 kB
PageTables:        25048 kB
NFS_Unstable:          0 kB
Bounce:                0 kB
WritebackTmp:          0 kB
CommitLimit:     1647288 kB
Committed_AS:   55526640 kB
VmallocTotal:     458752 kB
VmallocUsed:      117876 kB
VmallocChunk:     165532 kB
Time pass: 182 sec

---2015-12-05 01:40:17
MemTotal:        1860984 kB
MemFree:           76176 kB
Buffers:            7832 kB
Cached:           735920 kB
SwapCached:        13356 kB
Active:           595668 kB
Inactive:         680184 kB
Active(anon):     384780 kB
Inactive(anon):   151292 kB
Active(file):     210888 kB
Inactive(file):   528892 kB
Unevictable:         876 kB
Mlocked:               0 kB
HighTotal:       1436668 kB
HighFree:          22528 kB
LowTotal:         424316 kB
LowFree:           53648 kB
SwapTotal:        716796 kB
SwapFree:         548832 kB
Dirty:                 0 kB
Writeback:             0 kB
AnonPages:        530324 kB
Mapped:           245152 kB
Shmem:              3104 kB
Slab:              45540 kB
SReclaimable:      14924 kB
SUnreclaim:        30616 kB
KernelStack:       11480 kB
PageTables:        25044 kB
NFS_Unstable:          0 kB
Bounce:                0 kB
WritebackTmp:          0 kB
CommitLimit:     1647288 kB
Committed_AS:   55526536 kB
VmallocTotal:     458752 kB
VmallocUsed:      117876 kB
VmallocChunk:     165532 kB
Time pass: 186 sec

---2015-12-05 01:40:17
MemTotal:        1860984 kB
MemFree:           77812 kB
Buffers:            7840 kB
Cached:           735928 kB
SwapCached:        13352 kB
Active:           595228 kB
Inactive:         680456 kB
Active(anon):     384340 kB
Inactive(anon):   151564 kB
Active(file):     210888 kB
Inactive(file):   528892 kB
Unevictable:         876 kB
Mlocked:               0 kB
HighTotal:       1436668 kB
HighFree:          23364 kB
LowTotal:         424316 kB
LowFree:           54448 kB
SwapTotal:        716796 kB
SwapFree:         547516 kB
Dirty:                28 kB
Writeback:             0 kB
AnonPages:        530220 kB
Mapped:           245152 kB
Shmem:              3104 kB
Slab:              45532 kB
SReclaimable:      14792 kB
SUnreclaim:        30740 kB
KernelStack:       11488 kB
PageTables:        25040 kB
NFS_Unstable:          0 kB
Bounce:                0 kB
WritebackTmp:          0 kB
CommitLimit:     1647288 kB
Committed_AS:   55526560 kB
VmallocTotal:     458752 kB
VmallocUsed:      117876 kB
VmallocChunk:     165532 kB
Time pass: 189 sec

---2015-12-05 01:40:17
MemTotal:        1860984 kB
MemFree:           77508 kB
Buffers:            7856 kB
Cached:           735952 kB
SwapCached:        13348 kB
Active:           594064 kB
Inactive:         680396 kB
Active(anon):     383176 kB
Inactive(anon):   151480 kB
Active(file):     210888 kB
Inactive(file):   528916 kB
Unevictable:         876 kB
Mlocked:               0 kB
HighTotal:       1436668 kB
HighFree:          22948 kB
LowTotal:         424316 kB
LowFree:           54560 kB
SwapTotal:        716796 kB
SwapFree:         546556 kB
Dirty:                36 kB
Writeback:             0 kB
AnonPages:        529152 kB
Mapped:           245180 kB
Shmem:              3132 kB
Slab:              45500 kB
SReclaimable:      14788 kB
SUnreclaim:        30712 kB
KernelStack:       11512 kB
PageTables:        25048 kB
NFS_Unstable:          0 kB
Bounce:                0 kB
WritebackTmp:          0 kB
CommitLimit:     1647288 kB
Committed_AS:   55526248 kB
VmallocTotal:     458752 kB
VmallocUsed:      117876 kB
VmallocChunk:     165532 kB
Time pass: 193 sec

---2015-12-05 01:40:17
MemTotal:        1860984 kB
MemFree:           78380 kB
Buffers:            7864 kB
Cached:           735956 kB
SwapCached:        13344 kB
Active:           591220 kB
Inactive:         680296 kB
Active(anon):     380332 kB
Inactive(anon):   151372 kB
Active(file):     210888 kB
Inactive(file):   528924 kB
Unevictable:         876 kB
Mlocked:               0 kB
HighTotal:       1436668 kB
HighFree:          23356 kB
LowTotal:         424316 kB
LowFree:           55024 kB
SwapTotal:        716796 kB
SwapFree:         543472 kB
Dirty:                32 kB
Writeback:             0 kB
AnonPages:        525992 kB
Mapped:           245180 kB
Shmem:              3132 kB
Slab:              45464 kB
SReclaimable:      14732 kB
SUnreclaim:        30732 kB
KernelStack:       11496 kB
PageTables:        25048 kB
NFS_Unstable:          0 kB
Bounce:                0 kB
WritebackTmp:          0 kB
CommitLimit:     1647288 kB
Committed_AS:   55526308 kB
VmallocTotal:     458752 kB
VmallocUsed:      117876 kB
VmallocChunk:     165532 kB
Time pass: 197 sec

---2015-12-05 01:40:17
MemTotal:        1860984 kB
MemFree:           78256 kB
Buffers:            7880 kB
Cached:           735956 kB
SwapCached:        13360 kB
Active:           591252 kB
Inactive:         680356 kB
Active(anon):     380364 kB
Inactive(anon):   151416 kB
Active(file):     210888 kB
Inactive(file):   528940 kB
Unevictable:         876 kB
Mlocked:               0 kB
HighTotal:       1436668 kB
HighFree:          23356 kB
LowTotal:         424316 kB
LowFree:           54900 kB
SwapTotal:        716796 kB
SwapFree:         543500 kB
Dirty:                 0 kB
Writeback:             0 kB
AnonPages:        526084 kB
Mapped:           245180 kB
Shmem:              3132 kB
Slab:              45472 kB
SReclaimable:      14732 kB
SUnreclaim:        30740 kB
KernelStack:       11496 kB
PageTables:        25048 kB
NFS_Unstable:          0 kB
Bounce:                0 kB
WritebackTmp:          0 kB
CommitLimit:     1647288 kB
Committed_AS:   55526348 kB
VmallocTotal:     458752 kB
VmallocUsed:      117876 kB
VmallocChunk:     165532 kB
Time pass: 200 sec

---2015-12-05 01:40:17
MemTotal:        1860984 kB
MemFree:           81164 kB
Buffers:            7896 kB
Cached:           736048 kB
SwapCached:        13372 kB
Active:           587352 kB
Inactive:         680212 kB
Active(anon):     376464 kB
Inactive(anon):   151176 kB
Active(file):     210888 kB
Inactive(file):   529036 kB
Unevictable:         876 kB
Mlocked:               0 kB
HighTotal:       1436668 kB
HighFree:          25664 kB
LowTotal:         424316 kB
LowFree:           55500 kB
SwapTotal:        716796 kB
SwapFree:         539312 kB
Dirty:                36 kB
Writeback:             0 kB
AnonPages:        521932 kB
Mapped:           245212 kB
Shmem:              3132 kB
Slab:              45492 kB
SReclaimable:      14732 kB
SUnreclaim:        30760 kB
KernelStack:       11496 kB
PageTables:        25052 kB
NFS_Unstable:          0 kB
Bounce:                0 kB
WritebackTmp:          0 kB
CommitLimit:     1647288 kB
Committed_AS:   55526296 kB
VmallocTotal:     458752 kB
VmallocUsed:      117900 kB
VmallocChunk:     165532 kB
Time pass: 203 sec

---2015-12-05 01:40:17
MemTotal:        1860984 kB
MemFree:           81676 kB
Buffers:            7896 kB
Cached:           736048 kB
SwapCached:        13372 kB
Active:           587256 kB
Inactive:         680228 kB
Active(anon):     376368 kB
Inactive(anon):   151180 kB
Active(file):     210888 kB
Inactive(file):   529048 kB
Unevictable:         876 kB
Mlocked:               0 kB
HighTotal:       1436668 kB
HighFree:          26160 kB
LowTotal:         424316 kB
LowFree:           55516 kB
SwapTotal:        716796 kB
SwapFree:         539316 kB
Dirty:                40 kB
Writeback:             0 kB
AnonPages:        521896 kB
Mapped:           245212 kB
Shmem:              3132 kB
Slab:              45380 kB
SReclaimable:      14732 kB
SUnreclaim:        30648 kB
KernelStack:       11496 kB
PageTables:        25124 kB
NFS_Unstable:          0 kB
Bounce:                0 kB
WritebackTmp:          0 kB
CommitLimit:     1647288 kB
Committed_AS:   55526276 kB
VmallocTotal:     458752 kB
VmallocUsed:      117900 kB
VmallocChunk:     165532 kB
Time pass: 207 sec

---2015-12-05 01:40:17
MemTotal:        1860984 kB
MemFree:           83396 kB
Buffers:            7920 kB
Cached:           736048 kB
SwapCached:        13372 kB
Active:           583412 kB
Inactive:         679996 kB
Active(anon):     372524 kB
Inactive(anon):   150924 kB
Active(file):     210888 kB
Inactive(file):   529072 kB
Unevictable:         876 kB
Mlocked:               0 kB
HighTotal:       1436668 kB
HighFree:          28268 kB
LowTotal:         424316 kB
LowFree:           55128 kB
SwapTotal:        716796 kB
SwapFree:         535120 kB
Dirty:                32 kB
Writeback:             0 kB
AnonPages:        517816 kB
Mapped:           245172 kB
Shmem:              3132 kB
Slab:              45620 kB
SReclaimable:      14972 kB
SUnreclaim:        30648 kB
KernelStack:       11528 kB
PageTables:        25032 kB
NFS_Unstable:          0 kB
Bounce:                0 kB
WritebackTmp:          0 kB
CommitLimit:     1647288 kB
Committed_AS:   55526324 kB
VmallocTotal:     458752 kB
VmallocUsed:      117900 kB
VmallocChunk:     165532 kB
Time pass: 210 sec

---2015-12-05 01:40:17
MemTotal:        1860984 kB
MemFree:           84372 kB
Buffers:            7920 kB
Cached:           736048 kB
SwapCached:        13372 kB
Active:           584120 kB
Inactive:         680004 kB
Active(anon):     373232 kB
Inactive(anon):   150932 kB
Active(file):     210888 kB
Inactive(file):   529072 kB
Unevictable:         876 kB
Mlocked:               0 kB
HighTotal:       1436668 kB
HighFree:          28520 kB
LowTotal:         424316 kB
LowFree:           55852 kB
SwapTotal:        716796 kB
SwapFree:         535128 kB
Dirty:                32 kB
Writeback:             0 kB
AnonPages:        518512 kB
Mapped:           245212 kB
Shmem:              3132 kB
Slab:              45368 kB
SReclaimable:      14748 kB
SUnreclaim:        30620 kB
KernelStack:       11496 kB
PageTables:        25048 kB
NFS_Unstable:          0 kB
Bounce:                0 kB
WritebackTmp:          0 kB
CommitLimit:     1647288 kB
Committed_AS:   55527656 kB
VmallocTotal:     458752 kB
VmallocUsed:      117900 kB
VmallocChunk:     165532 kB
Time pass: 214 sec

---2015-12-05 01:40:17
MemTotal:        1860984 kB
MemFree:           84492 kB
Buffers:            7928 kB
Cached:           736048 kB
SwapCached:        13372 kB
Active:           583548 kB
Inactive:         680016 kB
Active(anon):     372660 kB
Inactive(anon):   150936 kB
Active(file):     210888 kB
Inactive(file):   529080 kB
Unevictable:         876 kB
Mlocked:               0 kB
HighTotal:       1436668 kB
HighFree:          28664 kB
LowTotal:         424316 kB
LowFree:           55828 kB
SwapTotal:        716796 kB
SwapFree:         535132 kB
Dirty:                28 kB
Writeback:             0 kB
AnonPages:        517864 kB
Mapped:           245212 kB
Shmem:              3132 kB
Slab:              45392 kB
SReclaimable:      14768 kB
SUnreclaim:        30624 kB
KernelStack:       11496 kB
PageTables:        25048 kB
NFS_Unstable:          0 kB
Bounce:                0 kB
WritebackTmp:          0 kB
CommitLimit:     1647288 kB
Committed_AS:   55526368 kB
VmallocTotal:     458752 kB
VmallocUsed:      117900 kB
VmallocChunk:     165532 kB
Time pass: 218 sec

---2015-12-05 01:40:17
MemTotal:        1860984 kB
MemFree:           88468 kB
Buffers:            7944 kB
Cached:           736048 kB
SwapCached:        13376 kB
Active:           579804 kB
Inactive:         679788 kB
Active(anon):     368916 kB
Inactive(anon):   150692 kB
Active(file):     210888 kB
Inactive(file):   529096 kB
Unevictable:         876 kB
Mlocked:               0 kB
HighTotal:       1436668 kB
HighFree:          32084 kB
LowTotal:         424316 kB
LowFree:           56384 kB
SwapTotal:        716796 kB
SwapFree:         531000 kB
Dirty:                36 kB
Writeback:             0 kB
AnonPages:        513928 kB
Mapped:           245212 kB
Shmem:              3132 kB
Slab:              45380 kB
SReclaimable:      14752 kB
SUnreclaim:        30628 kB
KernelStack:       11496 kB
PageTables:        25048 kB
NFS_Unstable:          0 kB
Bounce:                0 kB
WritebackTmp:          0 kB
CommitLimit:     1647288 kB
Committed_AS:   55526408 kB
VmallocTotal:     458752 kB
VmallocUsed:      117900 kB
VmallocChunk:     165532 kB
Time pass: 221 sec

---2015-12-05 01:40:17
MemTotal:        1860984 kB
MemFree:           89720 kB
Buffers:            7952 kB
Cached:           736048 kB
SwapCached:        13376 kB
Active:           579780 kB
Inactive:         679780 kB
Active(anon):     368892 kB
Inactive(anon):   150684 kB
Active(file):     210888 kB
Inactive(file):   529096 kB
Unevictable:         876 kB
Mlocked:               0 kB
HighTotal:       1436668 kB
HighFree:          32844 kB
LowTotal:         424316 kB
LowFree:           56876 kB
SwapTotal:        716796 kB
SwapFree:         531000 kB
Dirty:                28 kB
Writeback:             0 kB
AnonPages:        513840 kB
Mapped:           245212 kB
Shmem:              3132 kB
Slab:              45348 kB
SReclaimable:      14760 kB
SUnreclaim:        30588 kB
KernelStack:       11448 kB
PageTables:        25048 kB
NFS_Unstable:          0 kB
Bounce:                0 kB
WritebackTmp:          0 kB
CommitLimit:     1647288 kB
Committed_AS:   55526428 kB
VmallocTotal:     458752 kB
VmallocUsed:      117900 kB
VmallocChunk:     165532 kB
Time pass: 225 sec

---2015-12-05 01:40:17
MemTotal:        1860984 kB
MemFree:           91240 kB
Buffers:            7968 kB
Cached:           736048 kB
SwapCached:        13376 kB
Active:           577108 kB
Inactive:         678400 kB
Active(anon):     366220 kB
Inactive(anon):   149280 kB
Active(file):     210888 kB
Inactive(file):   529120 kB
Unevictable:         876 kB
Mlocked:               0 kB
HighTotal:       1436668 kB
HighFree:          34456 kB
LowTotal:         424316 kB
LowFree:           56784 kB
SwapTotal:        716796 kB
SwapFree:         526812 kB
Dirty:                36 kB
Writeback:             0 kB
AnonPages:        509776 kB
Mapped:           245212 kB
Shmem:              3132 kB
Slab:              45440 kB
SReclaimable:      14792 kB
SUnreclaim:        30648 kB
KernelStack:       11496 kB
PageTables:        25044 kB
NFS_Unstable:          0 kB
Bounce:                0 kB
WritebackTmp:          0 kB
CommitLimit:     1647288 kB
Committed_AS:   55526492 kB
VmallocTotal:     458752 kB
VmallocUsed:      117900 kB
VmallocChunk:     165532 kB
Time pass: 228 sec

---2015-12-05 01:40:17
MemTotal:        1860984 kB
MemFree:           92524 kB
Buffers:            7976 kB
Cached:           736048 kB
SwapCached:        13376 kB
Active:           574464 kB
Inactive:         677020 kB
Active(anon):     363576 kB
Inactive(anon):   147900 kB
Active(file):     210888 kB
Inactive(file):   529120 kB
Unevictable:         876 kB
Mlocked:               0 kB
HighTotal:       1436668 kB
HighFree:          35388 kB
LowTotal:         424316 kB
LowFree:           57136 kB
SwapTotal:        716796 kB
SwapFree:         522640 kB
Dirty:                28 kB
Writeback:             0 kB
AnonPages:        505788 kB
Mapped:           245212 kB
Shmem:              3132 kB
Slab:              45424 kB
SReclaimable:      14744 kB
SUnreclaim:        30680 kB
KernelStack:       11488 kB
PageTables:        25048 kB
NFS_Unstable:          0 kB
Bounce:                0 kB
WritebackTmp:          0 kB
CommitLimit:     1647288 kB
Committed_AS:   55526352 kB
VmallocTotal:     458752 kB
VmallocUsed:      117900 kB
VmallocChunk:     165532 kB
Time pass: 232 sec

---2015-12-05 01:40:17
MemTotal:        1860984 kB
MemFree:           89048 kB
Buffers:            8000 kB
Cached:           736080 kB
SwapCached:        13368 kB
Active:           576984 kB
Inactive:         677092 kB
Active(anon):     366084 kB
Inactive(anon):   147924 kB
Active(file):     210900 kB
Inactive(file):   529168 kB
Unevictable:         876 kB
Mlocked:               0 kB
HighTotal:       1436668 kB
HighFree:          32288 kB
LowTotal:         424316 kB
LowFree:           56760 kB
SwapTotal:        716796 kB
SwapFree:         522676 kB
Dirty:                64 kB
Writeback:             0 kB
AnonPages:        508256 kB
Mapped:           245416 kB
Shmem:              3132 kB
Slab:              45496 kB
SReclaimable:      14744 kB
SUnreclaim:        30752 kB
KernelStack:       11568 kB
PageTables:        25336 kB
NFS_Unstable:          0 kB
Bounce:                0 kB
WritebackTmp:          0 kB
CommitLimit:     1647288 kB
Committed_AS:   56315132 kB
VmallocTotal:     458752 kB
VmallocUsed:      118920 kB
VmallocChunk:     165532 kB
Time pass: 235 sec

---2015-12-05 01:40:17
MemTotal:        1860984 kB
MemFree:           88848 kB
Buffers:            8016 kB
Cached:           736076 kB
SwapCached:        13344 kB
Active:           577192 kB
Inactive:         677128 kB
Active(anon):     366292 kB
Inactive(anon):   147944 kB
Active(file):     210900 kB
Inactive(file):   529184 kB
Unevictable:         876 kB
Mlocked:               0 kB
HighTotal:       1436668 kB
HighFree:          31916 kB
LowTotal:         424316 kB
LowFree:           56932 kB
SwapTotal:        716796 kB
SwapFree:         522716 kB
Dirty:                36 kB
Writeback:             0 kB
AnonPages:        508528 kB
Mapped:           245416 kB
Shmem:              3132 kB
Slab:              45484 kB
SReclaimable:      14748 kB
SUnreclaim:        30736 kB
KernelStack:       11568 kB
PageTables:        25336 kB
NFS_Unstable:          0 kB
Bounce:                0 kB
WritebackTmp:          0 kB
CommitLimit:     1647288 kB
Committed_AS:   56315136 kB
VmallocTotal:     458752 kB
VmallocUsed:      118920 kB
VmallocChunk:     165532 kB
Time pass: 239 sec

---2015-12-05 01:40:17
MemTotal:        1860984 kB
MemFree:           87844 kB
Buffers:            8016 kB
Cached:           736076 kB
SwapCached:        13336 kB
Active:           575396 kB
Inactive:         676712 kB
Active(anon):     364496 kB
Inactive(anon):   147528 kB
Active(file):     210900 kB
Inactive(file):   529184 kB
Unevictable:         876 kB
Mlocked:               0 kB
HighTotal:       1436668 kB
HighFree:          31296 kB
LowTotal:         424316 kB
LowFree:           56548 kB
SwapTotal:        716796 kB
SwapFree:         519956 kB
Dirty:                36 kB
Writeback:             0 kB
AnonPages:        506372 kB
Mapped:           245416 kB
Shmem:              3132 kB
Slab:              45556 kB
SReclaimable:      14828 kB
SUnreclaim:        30728 kB
KernelStack:       11568 kB
PageTables:        25336 kB
NFS_Unstable:          0 kB
Bounce:                0 kB
WritebackTmp:          0 kB
CommitLimit:     1647288 kB
Committed_AS:   56316360 kB
VmallocTotal:     458752 kB
VmallocUsed:      118920 kB
VmallocChunk:     165532 kB
Time pass: 242 sec

---2015-12-05 01:40:17
MemTotal:        1860984 kB
MemFree:           90244 kB
Buffers:            8024 kB
Cached:           736080 kB
SwapCached:        13304 kB
Active:           574412 kB
Inactive:         676424 kB
Active(anon):     363512 kB
Inactive(anon):   147232 kB
Active(file):     210900 kB
Inactive(file):   529192 kB
Unevictable:         876 kB
Mlocked:               0 kB
HighTotal:       1436668 kB
HighFree:          33020 kB
LowTotal:         424316 kB
LowFree:           57224 kB
SwapTotal:        716796 kB
SwapFree:         518668 kB
Dirty:                28 kB
Writeback:             0 kB
AnonPages:        504932 kB
Mapped:           245416 kB
Shmem:              3132 kB
Slab:              45488 kB
SReclaimable:      14732 kB
SUnreclaim:        30756 kB
KernelStack:       11568 kB
PageTables:        25336 kB
NFS_Unstable:          0 kB
Bounce:                0 kB
WritebackTmp:          0 kB
CommitLimit:     1647288 kB
Committed_AS:   56315248 kB
VmallocTotal:     458752 kB
VmallocUsed:      118920 kB
VmallocChunk:     165532 kB
Time pass: 246 sec

---2015-12-05 01:40:17
MemTotal:        1860984 kB
MemFree:           90028 kB
Buffers:            8040 kB
Cached:           736084 kB
SwapCached:        13284 kB
Active:           574456 kB
Inactive:         676444 kB
Active(anon):     363556 kB
Inactive(anon):   147236 kB
Active(file):     210900 kB
Inactive(file):   529208 kB
Unevictable:         876 kB
Mlocked:               0 kB
HighTotal:       1436668 kB
HighFree:          32816 kB
LowTotal:         424316 kB
LowFree:           57212 kB
SwapTotal:        716796 kB
SwapFree:         518692 kB
Dirty:                32 kB
Writeback:             0 kB
AnonPages:        505044 kB
Mapped:           245416 kB
Shmem:              3132 kB
Slab:              45524 kB
SReclaimable:      14736 kB
SUnreclaim:        30788 kB
KernelStack:       11568 kB
PageTables:        25336 kB
NFS_Unstable:          0 kB
Bounce:                0 kB
WritebackTmp:          0 kB
CommitLimit:     1647288 kB
Committed_AS:   56315312 kB
VmallocTotal:     458752 kB
VmallocUsed:      118920 kB
VmallocChunk:     165532 kB
Time pass: 249 sec

---2015-12-05 01:40:17
MemTotal:        1860984 kB
MemFree:           93256 kB
Buffers:            8048 kB
Cached:           736076 kB
SwapCached:        13100 kB
Active:           571644 kB
Inactive:         675384 kB
Active(anon):     360744 kB
Inactive(anon):   146168 kB
Active(file):     210900 kB
Inactive(file):   529216 kB
Unevictable:         876 kB
Mlocked:               0 kB
HighTotal:       1436668 kB
HighFree:          35624 kB
LowTotal:         424316 kB
LowFree:           57632 kB
SwapTotal:        716796 kB
SwapFree:         514800 kB
Dirty:                32 kB
Writeback:             0 kB
AnonPages:        501160 kB
Mapped:           245416 kB
Shmem:              3132 kB
Slab:              45656 kB
SReclaimable:      14800 kB
SUnreclaim:        30856 kB
KernelStack:       11568 kB
PageTables:        25336 kB
NFS_Unstable:          0 kB
Bounce:                0 kB
WritebackTmp:          0 kB
CommitLimit:     1647288 kB
Committed_AS:   56315164 kB
VmallocTotal:     458752 kB
VmallocUsed:      118920 kB
VmallocChunk:     165532 kB
Time pass: 253 sec

---2015-12-05 01:40:17
MemTotal:        1860984 kB
MemFree:           94704 kB
Buffers:            8064 kB
Cached:           736128 kB
SwapCached:        13040 kB
Active:           569852 kB
Inactive:         673304 kB
Active(anon):     358952 kB
Inactive(anon):   144072 kB
Active(file):     210900 kB
Inactive(file):   529232 kB
Unevictable:         876 kB
Mlocked:               0 kB
HighTotal:       1436668 kB
HighFree:          36020 kB
LowTotal:         424316 kB
LowFree:           58684 kB
SwapTotal:        716796 kB
SwapFree:         510688 kB
Dirty:                 0 kB
Writeback:             0 kB
AnonPages:        497296 kB
Mapped:           245380 kB
Shmem:              3132 kB
Slab:              45848 kB
SReclaimable:      15008 kB
SUnreclaim:        30840 kB
KernelStack:       11528 kB
PageTables:        25320 kB
NFS_Unstable:          0 kB
Bounce:                0 kB
WritebackTmp:          0 kB
CommitLimit:     1647288 kB
Committed_AS:   56315204 kB
VmallocTotal:     458752 kB
VmallocUsed:      118920 kB
VmallocChunk:     165532 kB
Time pass: 256 sec

---2015-12-05 01:40:17
MemTotal:        1860984 kB
MemFree:           95352 kB
Buffers:            8072 kB
Cached:           736068 kB
SwapCached:        13020 kB
Active:           570116 kB
Inactive:         673256 kB
Active(anon):     359216 kB
Inactive(anon):   144024 kB
Active(file):     210900 kB
Inactive(file):   529232 kB
Unevictable:         876 kB
Mlocked:               0 kB
HighTotal:       1436668 kB
HighFree:          36392 kB
LowTotal:         424316 kB
LowFree:           58960 kB
SwapTotal:        716796 kB
SwapFree:         510708 kB
Dirty:                 0 kB
Writeback:             0 kB
AnonPages:        497568 kB
Mapped:           245396 kB
Shmem:              3132 kB
Slab:              45692 kB
SReclaimable:      14872 kB
SUnreclaim:        30820 kB
KernelStack:       11560 kB
PageTables:        25336 kB
NFS_Unstable:          0 kB
Bounce:                0 kB
WritebackTmp:          0 kB
CommitLimit:     1647288 kB
Committed_AS:   56315132 kB
VmallocTotal:     458752 kB
VmallocUsed:      118920 kB
VmallocChunk:     165532 kB
Time pass: 260 sec

---2015-12-05 01:40:17
MemTotal:        1860984 kB
MemFree:           98056 kB
Buffers:            8088 kB
Cached:           736076 kB
SwapCached:        13044 kB
Active:           567652 kB
Inactive:         671744 kB
Active(anon):     356752 kB
Inactive(anon):   142484 kB
Active(file):     210900 kB
Inactive(file):   529260 kB
Unevictable:         876 kB
Mlocked:               0 kB
HighTotal:       1436668 kB
HighFree:          37748 kB
LowTotal:         424316 kB
LowFree:           60308 kB
SwapTotal:        716796 kB
SwapFree:         506500 kB
Dirty:                32 kB
Writeback:             0 kB
AnonPages:        493448 kB
Mapped:           245356 kB
Shmem:              3132 kB
Slab:              45684 kB
SReclaimable:      14824 kB
SUnreclaim:        30860 kB
KernelStack:       11560 kB
PageTables:        25320 kB
NFS_Unstable:          0 kB
Bounce:                0 kB
WritebackTmp:          0 kB
CommitLimit:     1647288 kB
Committed_AS:   56315192 kB
VmallocTotal:     458752 kB
VmallocUsed:      118920 kB
VmallocChunk:     165532 kB
Time pass: 263 sec

---2015-12-05 01:40:17
MemTotal:        1860984 kB
MemFree:           97480 kB
Buffers:            8088 kB
Cached:           736080 kB
SwapCached:        13040 kB
Active:           567960 kB
Inactive:         671740 kB
Active(anon):     357060 kB
Inactive(anon):   142484 kB
Active(file):     210900 kB
Inactive(file):   529256 kB
Unevictable:         876 kB
Mlocked:               0 kB
HighTotal:       1436668 kB
HighFree:          37252 kB
LowTotal:         424316 kB
LowFree:           60228 kB
SwapTotal:        716796 kB
SwapFree:         506504 kB
Dirty:                 0 kB
Writeback:             0 kB
AnonPages:        493648 kB
Mapped:           245396 kB
Shmem:              3132 kB
Slab:              45620 kB
SReclaimable:      14828 kB
SUnreclaim:        30792 kB
KernelStack:       11568 kB
PageTables:        25336 kB
NFS_Unstable:          0 kB
Bounce:                0 kB
WritebackTmp:          0 kB
CommitLimit:     1647288 kB
Committed_AS:   56315268 kB
VmallocTotal:     458752 kB
VmallocUsed:      118920 kB
VmallocChunk:     165532 kB
Time pass: 267 sec

---2015-12-05 01:40:17
MemTotal:        1860984 kB
MemFree:           98496 kB
Buffers:            8112 kB
Cached:           736076 kB
SwapCached:        13032 kB
Active:           565304 kB
Inactive:         670616 kB
Active(anon):     354404 kB
Inactive(anon):   141336 kB
Active(file):     210900 kB
Inactive(file):   529280 kB
Unevictable:         876 kB
Mlocked:               0 kB
HighTotal:       1436668 kB
HighFree:          38244 kB
LowTotal:         424316 kB
LowFree:           60252 kB
SwapTotal:        716796 kB
SwapFree:         502360 kB
Dirty:                32 kB
Writeback:             0 kB
AnonPages:        489828 kB
Mapped:           245396 kB
Shmem:              3132 kB
Slab:              45612 kB
SReclaimable:      14828 kB
SUnreclaim:        30784 kB
KernelStack:       11600 kB
PageTables:        25336 kB
NFS_Unstable:          0 kB
Bounce:                0 kB
WritebackTmp:          0 kB
CommitLimit:     1647288 kB
Committed_AS:   56315256 kB
VmallocTotal:     458752 kB
VmallocUsed:      118920 kB
VmallocChunk:     165532 kB
Time pass: 270 sec

---2015-12-05 01:40:17
MemTotal:        1860984 kB
MemFree:           99724 kB
Buffers:            8112 kB
Cached:           736076 kB
SwapCached:        13032 kB
Active:           565376 kB
Inactive:         670608 kB
Active(anon):     354476 kB
Inactive(anon):   141328 kB
Active(file):     210900 kB
Inactive(file):   529280 kB
Unevictable:         876 kB
Mlocked:               0 kB
HighTotal:       1436668 kB
HighFree:          38984 kB
LowTotal:         424316 kB
LowFree:           60740 kB
SwapTotal:        716796 kB
SwapFree:         502364 kB
Dirty:                 0 kB
Writeback:             0 kB
AnonPages:        490116 kB
Mapped:           245396 kB
Shmem:              3132 kB
Slab:              45620 kB
SReclaimable:      14808 kB
SUnreclaim:        30812 kB
KernelStack:       11560 kB
PageTables:        25340 kB
NFS_Unstable:          0 kB
Bounce:                0 kB
WritebackTmp:          0 kB
CommitLimit:     1647288 kB
Committed_AS:   56316352 kB
VmallocTotal:     458752 kB
VmallocUsed:      118920 kB
VmallocChunk:     165532 kB
Time pass: 274 sec

---2015-12-05 01:40:17
MemTotal:        1860984 kB
MemFree:          100864 kB
Buffers:            8128 kB
Cached:           736080 kB
SwapCached:        13016 kB
Active:           563604 kB
Inactive:         669248 kB
Active(anon):     352704 kB
Inactive(anon):   139952 kB
Active(file):     210900 kB
Inactive(file):   529296 kB
Unevictable:         876 kB
Mlocked:               0 kB
HighTotal:       1436668 kB
HighFree:          39840 kB
LowTotal:         424316 kB
LowFree:           61024 kB
SwapTotal:        716796 kB
SwapFree:         499136 kB
Dirty:                32 kB
Writeback:             0 kB
AnonPages:        486988 kB
Mapped:           245396 kB
Shmem:              3132 kB
Slab:              45624 kB
SReclaimable:      14800 kB
SUnreclaim:        30824 kB
KernelStack:       11512 kB
PageTables:        25340 kB
NFS_Unstable:          0 kB
Bounce:                0 kB
WritebackTmp:          0 kB
CommitLimit:     1647288 kB
Committed_AS:   56315200 kB
VmallocTotal:     458752 kB
VmallocUsed:      118920 kB
VmallocChunk:     165532 kB
Time pass: 278 sec

---2015-12-05 01:40:17
MemTotal:        1860984 kB
MemFree:          100856 kB
Buffers:            8136 kB
Cached:           736076 kB
SwapCached:        12996 kB
Active:           563128 kB
Inactive:         669140 kB
Active(anon):     352228 kB
Inactive(anon):   139836 kB
Active(file):     210900 kB
Inactive(file):   529304 kB
Unevictable:         876 kB
Mlocked:               0 kB
HighTotal:       1436668 kB
HighFree:          39920 kB
LowTotal:         424316 kB
LowFree:           60936 kB
SwapTotal:        716796 kB
SwapFree:         498316 kB
Dirty:                28 kB
Writeback:             0 kB
AnonPages:        486360 kB
Mapped:           245356 kB
Shmem:              3132 kB
Slab:              45612 kB
SReclaimable:      14772 kB
SUnreclaim:        30840 kB
KernelStack:       11536 kB
PageTables:        25324 kB
NFS_Unstable:          0 kB
Bounce:                0 kB
WritebackTmp:          0 kB
CommitLimit:     1647288 kB
Committed_AS:   56315212 kB
VmallocTotal:     458752 kB
VmallocUsed:      118920 kB
VmallocChunk:     165532 kB
Time pass: 281 sec

---2015-12-05 01:40:17
MemTotal:        1860984 kB
MemFree:          106276 kB
Buffers:            8152 kB
Cached:           736076 kB
SwapCached:        13392 kB
Active:           558452 kB
Inactive:         668204 kB
Active(anon):     347552 kB
Inactive(anon):   138884 kB
Active(file):     210900 kB
Inactive(file):   529320 kB
Unevictable:         876 kB
Mlocked:               0 kB
HighTotal:       1436668 kB
HighFree:          45248 kB
LowTotal:         424316 kB
LowFree:           61028 kB
SwapTotal:        716796 kB
SwapFree:         498344 kB
Dirty:                36 kB
Writeback:             0 kB
AnonPages:        480688 kB
Mapped:           245396 kB
Shmem:              3132 kB
Slab:              45616 kB
SReclaimable:      14772 kB
SUnreclaim:        30844 kB
KernelStack:       11552 kB
PageTables:        25340 kB
NFS_Unstable:          0 kB
Bounce:                0 kB
WritebackTmp:          0 kB
CommitLimit:     1647288 kB
Committed_AS:   56315312 kB
VmallocTotal:     458752 kB
VmallocUsed:      118920 kB
VmallocChunk:     165532 kB
Time pass: 285 sec

---2015-12-05 01:40:17
MemTotal:        1860984 kB
MemFree:          107104 kB
Buffers:            8160 kB
Cached:           736076 kB
SwapCached:        13392 kB
Active:           558420 kB
Inactive:         668204 kB
Active(anon):     347520 kB
Inactive(anon):   138884 kB
Active(file):     210900 kB
Inactive(file):   529320 kB
Unevictable:         876 kB
Mlocked:               0 kB
HighTotal:       1436668 kB
HighFree:          45648 kB
LowTotal:         424316 kB
LowFree:           61456 kB
SwapTotal:        716796 kB
SwapFree:         498344 kB
Dirty:                28 kB
Writeback:             0 kB
AnonPages:        480532 kB
Mapped:           245396 kB
Shmem:              3132 kB
Slab:              45556 kB
SReclaimable:      14772 kB
SUnreclaim:        30784 kB
KernelStack:       11568 kB
PageTables:        25340 kB
NFS_Unstable:          0 kB
Bounce:                0 kB
WritebackTmp:          0 kB
CommitLimit:     1647288 kB
Committed_AS:   56315104 kB
VmallocTotal:     458752 kB
VmallocUsed:      118920 kB
VmallocChunk:     165532 kB
Time pass: 288 sec

---2015-12-05 01:40:17
MemTotal:        1860984 kB
MemFree:          108216 kB
Buffers:            8176 kB
Cached:           736076 kB
SwapCached:        13392 kB
Active:           556144 kB
Inactive:         666516 kB
Active(anon):     345244 kB
Inactive(anon):   137172 kB
Active(file):     210900 kB
Inactive(file):   529344 kB
Unevictable:         876 kB
Mlocked:               0 kB
HighTotal:       1436668 kB
HighFree:          46496 kB
LowTotal:         424316 kB
LowFree:           61720 kB
SwapTotal:        716796 kB
SwapFree:         494236 kB
Dirty:                36 kB
Writeback:             0 kB
AnonPages:        476584 kB
Mapped:           245396 kB
Shmem:              3132 kB
Slab:              45488 kB
SReclaimable:      14776 kB
SUnreclaim:        30712 kB
KernelStack:       11552 kB
PageTables:        25336 kB
NFS_Unstable:          0 kB
Bounce:                0 kB
WritebackTmp:          0 kB
CommitLimit:     1647288 kB
Committed_AS:   56315236 kB
VmallocTotal:     458752 kB
VmallocUsed:      118920 kB
VmallocChunk:     165532 kB
Time pass: 292 sec

---2015-12-05 01:40:17
MemTotal:        1860984 kB
MemFree:          108824 kB
Buffers:            8176 kB
Cached:           736076 kB
SwapCached:        13392 kB
Active:           556120 kB
Inactive:         666516 kB
Active(anon):     345220 kB
Inactive(anon):   137172 kB
Active(file):     210900 kB
Inactive(file):   529344 kB
Unevictable:         876 kB
Mlocked:               0 kB
HighTotal:       1436668 kB
HighFree:          46964 kB
LowTotal:         424316 kB
LowFree:           61860 kB
SwapTotal:        716796 kB
SwapFree:         494244 kB
Dirty:                 0 kB
Writeback:             0 kB
AnonPages:        476824 kB
Mapped:           245396 kB
Shmem:              3132 kB
Slab:              45480 kB
SReclaimable:      14764 kB
SUnreclaim:        30716 kB
KernelStack:       11472 kB
PageTables:        25340 kB
NFS_Unstable:          0 kB
Bounce:                0 kB
WritebackTmp:          0 kB
CommitLimit:     1647288 kB
Committed_AS:   56315072 kB
VmallocTotal:     458752 kB
VmallocUsed:      118920 kB
VmallocChunk:     165532 kB
Time pass: 295 sec

---2015-12-05 01:40:17
MemTotal:        1860984 kB
MemFree:          111480 kB
Buffers:            8200 kB
Cached:           736076 kB
SwapCached:        13396 kB
Active:           553968 kB
Inactive:         664728 kB
Active(anon):     343068 kB
Inactive(anon):   135360 kB
Active(file):     210900 kB
Inactive(file):   529368 kB
Unevictable:         876 kB
Mlocked:               0 kB
HighTotal:       1436668 kB
HighFree:          48776 kB
LowTotal:         424316 kB
LowFree:           62704 kB
SwapTotal:        716796 kB
SwapFree:         490124 kB
Dirty:                36 kB
Writeback:             0 kB
AnonPages:        472680 kB
Mapped:           245396 kB
Shmem:              3132 kB
Slab:              45516 kB
SReclaimable:      14748 kB
SUnreclaim:        30768 kB
KernelStack:       11592 kB
PageTables:        25340 kB
NFS_Unstable:          0 kB
Bounce:                0 kB
WritebackTmp:          0 kB
CommitLimit:     1647288 kB
Committed_AS:   56315132 kB
VmallocTotal:     458752 kB
VmallocUsed:      118920 kB
VmallocChunk:     165532 kB
Time pass: 299 sec

---2015-12-05 01:40:17
MemTotal:        1860984 kB
MemFree:          111092 kB
Buffers:            8200 kB
Cached:           736076 kB
SwapCached:        13396 kB
Active:           554124 kB
Inactive:         664736 kB
Active(anon):     343224 kB
Inactive(anon):   135368 kB
Active(file):     210900 kB
Inactive(file):   529368 kB
Unevictable:         876 kB
Mlocked:               0 kB
HighTotal:       1436668 kB
HighFree:          48404 kB
LowTotal:         424316 kB
LowFree:           62688 kB
SwapTotal:        716796 kB
SwapFree:         490136 kB
Dirty:                 0 kB
Writeback:             0 kB
AnonPages:        472776 kB
Mapped:           245356 kB
Shmem:              3132 kB
Slab:              45548 kB
SReclaimable:      14736 kB
SUnreclaim:        30812 kB
KernelStack:       11528 kB
PageTables:        25312 kB
NFS_Unstable:          0 kB
Bounce:                0 kB
WritebackTmp:          0 kB
CommitLimit:     1647288 kB
Committed_AS:   56315192 kB
VmallocTotal:     458752 kB
VmallocUsed:      118920 kB
VmallocChunk:     165532 kB
Time pass: 302 sec

---2015-12-05 01:40:17
MemTotal:        1860984 kB
MemFree:          111892 kB
Buffers:            8208 kB
Cached:           736076 kB
SwapCached:        13388 kB
Active:           554316 kB
Inactive:         664764 kB
Active(anon):     343416 kB
Inactive(anon):   135388 kB
Active(file):     210900 kB
Inactive(file):   529376 kB
Unevictable:         876 kB
Mlocked:               0 kB
HighTotal:       1436668 kB
HighFree:          48960 kB
LowTotal:         424316 kB
LowFree:           62932 kB
SwapTotal:        716796 kB
SwapFree:         490160 kB
Dirty:                28 kB
Writeback:             0 kB
AnonPages:        473012 kB
Mapped:           245396 kB
Shmem:              3132 kB
Slab:              45504 kB
SReclaimable:      14732 kB
SUnreclaim:        30772 kB
KernelStack:       11496 kB
PageTables:        25344 kB
NFS_Unstable:          0 kB
Bounce:                0 kB
WritebackTmp:          0 kB
CommitLimit:     1647288 kB
Committed_AS:   56316320 kB
VmallocTotal:     458752 kB
VmallocUsed:      118920 kB
VmallocChunk:     165532 kB
Time pass: 306 sec

---2015-12-05 01:40:17
MemTotal:        1860984 kB
MemFree:          113732 kB
Buffers:            8224 kB
Cached:           736076 kB
SwapCached:        13564 kB
Active:           551856 kB
Inactive:         663248 kB
Active(anon):     340956 kB
Inactive(anon):   133856 kB
Active(file):     210900 kB
Inactive(file):   529392 kB
Unevictable:         876 kB
Mlocked:               0 kB
HighTotal:       1436668 kB
HighFree:          49672 kB
LowTotal:         424316 kB
LowFree:           64060 kB
SwapTotal:        716796 kB
SwapFree:         486096 kB
Dirty:                 0 kB
Writeback:             0 kB
AnonPages:        469076 kB
Mapped:           245396 kB
Shmem:              3132 kB
Slab:              45500 kB
SReclaimable:      14760 kB
SUnreclaim:        30740 kB
KernelStack:       11544 kB
PageTables:        25340 kB
NFS_Unstable:          0 kB
Bounce:                0 kB
WritebackTmp:          0 kB
CommitLimit:     1647288 kB
Committed_AS:   56315152 kB
VmallocTotal:     458752 kB
VmallocUsed:      118920 kB
VmallocChunk:     165532 kB
Time pass: 310 sec

---2015-12-05 01:40:17
MemTotal:        1860984 kB
MemFree:          113704 kB
Buffers:            8240 kB
Cached:           736028 kB
SwapCached:        14256 kB
Active:           549704 kB
Inactive:         662308 kB
Active(anon):     338804 kB
Inactive(anon):   132904 kB
Active(file):     210900 kB
Inactive(file):   529404 kB
Unevictable:         876 kB
Mlocked:               0 kB
HighTotal:       1436668 kB
HighFree:          49720 kB
LowTotal:         424316 kB
LowFree:           63984 kB
SwapTotal:        716796 kB
SwapFree:         482120 kB
Dirty:                48 kB
Writeback:             0 kB
AnonPages:        466028 kB
Mapped:           245404 kB
Shmem:              3124 kB
Slab:              45532 kB
SReclaimable:      14756 kB
SUnreclaim:        30776 kB
KernelStack:       11592 kB
PageTables:        25340 kB
NFS_Unstable:          0 kB
Bounce:                0 kB
WritebackTmp:          0 kB
CommitLimit:     1647288 kB
Committed_AS:   56315052 kB
VmallocTotal:     458752 kB
VmallocUsed:      118920 kB
VmallocChunk:     165532 kB
Time pass: 313 sec

---2015-12-05 01:40:17
MemTotal:        1860984 kB
MemFree:          114748 kB
Buffers:            8256 kB
Cached:           736076 kB
SwapCached:        14256 kB
Active:           549864 kB
Inactive:         662356 kB
Active(anon):     338964 kB
Inactive(anon):   132932 kB
Active(file):     210900 kB
Inactive(file):   529424 kB
Unevictable:         876 kB
Mlocked:               0 kB
HighTotal:       1436668 kB
HighFree:          50028 kB
LowTotal:         424316 kB
LowFree:           64720 kB
SwapTotal:        716796 kB
SwapFree:         482120 kB
Dirty:                 0 kB
Writeback:             0 kB
AnonPages:        466204 kB
Mapped:           245396 kB
