---2015-12-04 23:55:29
MemTotal:        1959952 kB
MemFree:          107304 kB
Buffers:            4672 kB
Cached:          1205508 kB
SwapCached:          400 kB
Active:           853192 kB
Inactive:         760620 kB
Active(anon):     245876 kB
Inactive(anon):   159584 kB
Active(file):     607316 kB
Inactive(file):   601036 kB
Unevictable:        1580 kB
Mlocked:               0 kB
HighTotal:       1372556 kB
HighFree:          38484 kB
LowTotal:         587396 kB
LowFree:           68820 kB
SwapTotal:        262140 kB
SwapFree:         248684 kB
Dirty:               632 kB
Writeback:             0 kB
AnonPages:        405240 kB
Mapped:           259156 kB
Shmem:               248 kB
Slab:              55172 kB
SReclaimable:      16740 kB
SUnreclaim:        38432 kB
KernelStack:       15016 kB
PageTables:        27108 kB
NFS_Unstable:          0 kB
Bounce:                0 kB
WritebackTmp:          0 kB
CommitLimit:     1242116 kB
Committed_AS:   56702832 kB
VmallocTotal:     409600 kB
VmallocUsed:       36920 kB
VmallocChunk:     116764 kB
Time pass: 3 sec

---2015-12-04 23:55:29
MemTotal:        1959952 kB
MemFree:           94312 kB
Buffers:            4672 kB
Cached:          1205564 kB
SwapCached:          400 kB
Active:           865708 kB
Inactive:         760628 kB
Active(anon):     258376 kB
Inactive(anon):   159584 kB
Active(file):     607332 kB
Inactive(file):   601044 kB
Unevictable:        1580 kB
Mlocked:               0 kB
HighTotal:       1372556 kB
HighFree:          25592 kB
LowTotal:         587396 kB
LowFree:           68720 kB
SwapTotal:        262140 kB
SwapFree:         248684 kB
Dirty:               536 kB
Writeback:             0 kB
AnonPages:        417832 kB
Mapped:           265008 kB
Shmem:               248 kB
Slab:              55156 kB
SReclaimable:      16756 kB
SUnreclaim:        38400 kB
KernelStack:       14944 kB
PageTables:        27552 kB
NFS_Unstable:          0 kB
Bounce:                0 kB
WritebackTmp:          0 kB
CommitLimit:     1242116 kB
Committed_AS:   57657176 kB
VmallocTotal:     409600 kB
VmallocUsed:       37940 kB
VmallocChunk:     112668 kB
Time pass: 7 sec

---2015-12-04 23:55:29
MemTotal:        1959952 kB
MemFree:           86980 kB
Buffers:            4672 kB
Cached:          1205892 kB
SwapCached:          400 kB
Active:           875944 kB
Inactive:         758656 kB
Active(anon):     266288 kB
Inactive(anon):   159576 kB
Active(file):     609656 kB
Inactive(file):   599080 kB
Unevictable:        1580 kB
Mlocked:               0 kB
HighTotal:       1372556 kB
HighFree:          30616 kB
LowTotal:         587396 kB
LowFree:           56364 kB
SwapTotal:        262140 kB
SwapFree:         248684 kB
Dirty:               620 kB
Writeback:             0 kB
AnonPages:        425792 kB
Mapped:           280536 kB
Shmem:               248 kB
Slab:              54856 kB
SReclaimable:      16732 kB
SUnreclaim:        38124 kB
KernelStack:       15240 kB
PageTables:        27236 kB
NFS_Unstable:          0 kB
Bounce:                0 kB
WritebackTmp:          0 kB
CommitLimit:     1242116 kB
Committed_AS:   56717628 kB
VmallocTotal:     409600 kB
VmallocUsed:       37940 kB
VmallocChunk:     111644 kB
Time pass: 10 sec

---2015-12-04 23:55:29
MemTotal:        1959952 kB
MemFree:           97060 kB
Buffers:            4672 kB
Cached:          1205892 kB
SwapCached:          400 kB
Active:           865104 kB
Inactive:         758656 kB
Active(anon):     255448 kB
Inactive(anon):   159576 kB
Active(file):     609656 kB
Inactive(file):   599080 kB
Unevictable:        1580 kB
Mlocked:               0 kB
HighTotal:       1372556 kB
HighFree:          30884 kB
LowTotal:         587396 kB
LowFree:           66176 kB
SwapTotal:        262140 kB
SwapFree:         248684 kB
Dirty:               620 kB
Writeback:             0 kB
AnonPages:        415040 kB
Mapped:           280536 kB
Shmem:               248 kB
Slab:              54616 kB
SReclaimable:      16732 kB
SUnreclaim:        37884 kB
KernelStack:       15256 kB
PageTables:        27300 kB
NFS_Unstable:          0 kB
Bounce:                0 kB
WritebackTmp:          0 kB
CommitLimit:     1242116 kB
Committed_AS:   56717424 kB
VmallocTotal:     409600 kB
VmallocUsed:       37940 kB
VmallocChunk:     111644 kB
Time pass: 14 sec

---2015-12-04 23:55:29
MemTotal:        1959952 kB
MemFree:           96284 kB
Buffers:            4672 kB
Cached:          1205892 kB
SwapCached:          400 kB
Active:           865324 kB
Inactive:         758656 kB
Active(anon):     255668 kB
Inactive(anon):   159576 kB
Active(file):     609656 kB
Inactive(file):   599080 kB
Unevictable:        1580 kB
Mlocked:               0 kB
HighTotal:       1372556 kB
HighFree:          30588 kB
LowTotal:         587396 kB
LowFree:           65696 kB
SwapTotal:        262140 kB
SwapFree:         248684 kB
Dirty:               616 kB
Writeback:             0 kB
AnonPages:        415104 kB
Mapped:           280536 kB
Shmem:               248 kB
Slab:              55260 kB
SReclaimable:      16732 kB
SUnreclaim:        38528 kB
KernelStack:       15240 kB
PageTables:        27272 kB
NFS_Unstable:          0 kB
Bounce:                0 kB
WritebackTmp:          0 kB
CommitLimit:     1242116 kB
Committed_AS:   56717512 kB
VmallocTotal:     409600 kB
VmallocUsed:       37940 kB
VmallocChunk:     111644 kB
Time pass: 17 sec

---2015-12-04 23:55:29
MemTotal:        1959952 kB
MemFree:           85280 kB
Buffers:            4672 kB
Cached:          1194004 kB
SwapCached:          536 kB
Active:           843980 kB
Inactive:         775480 kB
Active(anon):     260708 kB
Inactive(anon):   162216 kB
Active(file):     583272 kB
Inactive(file):   613264 kB
Unevictable:        1580 kB
Mlocked:               0 kB
HighTotal:       1372556 kB
HighFree:          24052 kB
LowTotal:         587396 kB
LowFree:           61228 kB
SwapTotal:        262140 kB
SwapFree:         247632 kB
Dirty:               728 kB
Writeback:           192 kB
AnonPages:        422692 kB
Mapped:           294984 kB
Shmem:               248 kB
Slab:              55308 kB
SReclaimable:      16740 kB
SUnreclaim:        38568 kB
KernelStack:       15392 kB
PageTables:        27588 kB
NFS_Unstable:          0 kB
Bounce:                0 kB
WritebackTmp:          0 kB
CommitLimit:     1242116 kB
Committed_AS:   57712116 kB
VmallocTotal:     409600 kB
VmallocUsed:       38960 kB
VmallocChunk:     101404 kB
Time pass: 21 sec

---2015-12-04 23:55:29
MemTotal:        1959952 kB
MemFree:          105932 kB
Buffers:            2784 kB
Cached:          1083400 kB
SwapCached:          556 kB
Active:           823148 kB
Inactive:         714512 kB
Active(anon):     281056 kB
Inactive(anon):   172524 kB
Active(file):     542092 kB
Inactive(file):   541988 kB
Unevictable:        1580 kB
Mlocked:               0 kB
HighTotal:       1372556 kB
HighFree:          38544 kB
LowTotal:         587396 kB
LowFree:           67388 kB
SwapTotal:        262140 kB
SwapFree:         241700 kB
Dirty:              1024 kB
Writeback:             0 kB
AnonPages:        452760 kB
Mapped:           316556 kB
Shmem:               380 kB
Slab:              55844 kB
SReclaimable:      16892 kB
SUnreclaim:        38952 kB
KernelStack:       16192 kB
PageTables:        28560 kB
NFS_Unstable:          0 kB
Bounce:                0 kB
WritebackTmp:          0 kB
CommitLimit:     1242116 kB
Committed_AS:   58688196 kB
VmallocTotal:     409600 kB
VmallocUsed:       38224 kB
VmallocChunk:     101404 kB
Time pass: 25 sec

---2015-12-04 23:55:29
MemTotal:        1959952 kB
MemFree:           80964 kB
Buffers:            2784 kB
Cached:          1083824 kB
SwapCached:          572 kB
Active:           810468 kB
Inactive:         712336 kB
Active(anon):     268320 kB
Inactive(anon):   169864 kB
Active(file):     542148 kB
Inactive(file):   542472 kB
Unevictable:        1580 kB
Mlocked:               0 kB
HighTotal:       1372556 kB
HighFree:          25104 kB
LowTotal:         587396 kB
LowFree:           55860 kB
SwapTotal:        262140 kB
SwapFree:         242264 kB
Dirty:               328 kB
Writeback:             0 kB
AnonPages:        437952 kB
Mapped:           330324 kB
Shmem:               380 kB
Slab:              55828 kB
SReclaimable:      16916 kB
SUnreclaim:        38912 kB
KernelStack:       16208 kB
PageTables:        28552 kB
NFS_Unstable:          0 kB
Bounce:                0 kB
WritebackTmp:          0 kB
CommitLimit:     1242116 kB
Committed_AS:   58681572 kB
VmallocTotal:     409600 kB
VmallocUsed:       38408 kB
VmallocChunk:     101404 kB
Time pass: 29 sec

---2015-12-04 23:55:29
MemTotal:        1959952 kB
MemFree:          116296 kB
Buffers:            3032 kB
Cached:          1051116 kB
SwapCached:          616 kB
Active:           789456 kB
Inactive:         701740 kB
Active(anon):     269052 kB
Inactive(anon):   170168 kB
Active(file):     520404 kB
Inactive(file):   531572 kB
Unevictable:        1580 kB
Mlocked:               0 kB
HighTotal:       1372556 kB
HighFree:          55152 kB
LowTotal:         587396 kB
LowFree:           61144 kB
SwapTotal:        262140 kB
SwapFree:         238204 kB
Dirty:               344 kB
Writeback:             0 kB
AnonPages:        438484 kB
Mapped:           324248 kB
Shmem:               380 kB
Slab:              55984 kB
SReclaimable:      16916 kB
SUnreclaim:        39068 kB
KernelStack:       16440 kB
PageTables:        28720 kB
NFS_Unstable:          0 kB
Bounce:                0 kB
WritebackTmp:          0 kB
CommitLimit:     1242116 kB
Committed_AS:   59633740 kB
VmallocTotal:     409600 kB
VmallocUsed:       36368 kB
VmallocChunk:     101404 kB
Time pass: 33 sec

---2015-12-04 23:55:29
MemTotal:        1959952 kB
MemFree:          101680 kB
Buffers:            4104 kB
Cached:          1058488 kB
SwapCached:          616 kB
Active:           793272 kB
Inactive:         709908 kB
Active(anon):     272456 kB
Inactive(anon):   170052 kB
Active(file):     520816 kB
Inactive(file):   539856 kB
Unevictable:        1580 kB
Mlocked:               0 kB
HighTotal:       1372556 kB
HighFree:          47656 kB
LowTotal:         587396 kB
LowFree:           54024 kB
SwapTotal:        262140 kB
SwapFree:         238204 kB
Dirty:               376 kB
Writeback:             0 kB
AnonPages:        442004 kB
Mapped:           324248 kB
Shmem:               380 kB
Slab:              57376 kB
SReclaimable:      17984 kB
SUnreclaim:        39392 kB
KernelStack:       16528 kB
PageTables:        28720 kB
NFS_Unstable:          0 kB
Bounce:                0 kB
WritebackTmp:          0 kB
CommitLimit:     1242116 kB
Committed_AS:   59633900 kB
VmallocTotal:     409600 kB
VmallocUsed:       36368 kB
VmallocChunk:     101404 kB
Time pass: 37 sec

---2015-12-04 23:55:29
MemTotal:        1959952 kB
MemFree:           96552 kB
Buffers:            4356 kB
Cached:           992644 kB
SwapCached:          672 kB
Active:           784220 kB
Inactive:         669668 kB
Active(anon):     286260 kB
Inactive(anon):   172504 kB
Active(file):     497960 kB
Inactive(file):   497164 kB
Unevictable:        1580 kB
Mlocked:               0 kB
HighTotal:       1372556 kB
HighFree:          35796 kB
LowTotal:         587396 kB
LowFree:           60756 kB
SwapTotal:        262140 kB
SwapFree:         233436 kB
Dirty:               640 kB
Writeback:             0 kB
AnonPages:        458660 kB
Mapped:           331228 kB
Shmem:               376 kB
Slab:              57512 kB
SReclaimable:      18016 kB
SUnreclaim:        39496 kB
KernelStack:       16608 kB
PageTables:        29020 kB
NFS_Unstable:          0 kB
Bounce:                0 kB
WritebackTmp:          0 kB
CommitLimit:     1242116 kB
Committed_AS:   59642480 kB
VmallocTotal:     409600 kB
VmallocUsed:       36532 kB
VmallocChunk:     101404 kB
Time pass: 40 sec

---2015-12-04 23:55:29
MemTotal:        1959952 kB
MemFree:           92092 kB
Buffers:            4356 kB
Cached:           999180 kB
SwapCached:          676 kB
Active:           781880 kB
Inactive:         684628 kB
Active(anon):     290232 kB
Inactive(anon):   174948 kB
Active(file):     491648 kB
Inactive(file):   509680 kB
Unevictable:        1580 kB
Mlocked:               0 kB
HighTotal:       1372556 kB
HighFree:          28212 kB
LowTotal:         587396 kB
LowFree:           63880 kB
SwapTotal:        262140 kB
SwapFree:         232372 kB
Dirty:               568 kB
Writeback:             0 kB
AnonPages:        464960 kB
Mapped:           331708 kB
Shmem:               380 kB
Slab:              57540 kB
SReclaimable:      18088 kB
SUnreclaim:        39452 kB
KernelStack:       16568 kB
PageTables:        29060 kB
NFS_Unstable:          0 kB
Bounce:                0 kB
WritebackTmp:          0 kB
CommitLimit:     1242116 kB
Committed_AS:   59648708 kB
VmallocTotal:     409600 kB
VmallocUsed:       36532 kB
VmallocChunk:     101404 kB
Time pass: 44 sec

---2015-12-04 23:55:29
MemTotal:        1959952 kB
MemFree:          110972 kB
Buffers:            4356 kB
Cached:           969188 kB
SwapCached:          672 kB
Active:           800840 kB
Inactive:         656080 kB
Active(anon):     307672 kB
Inactive(anon):   178408 kB
Active(file):     493168 kB
Inactive(file):   477672 kB
Unevictable:        1580 kB
Mlocked:               0 kB
HighTotal:       1372556 kB
HighFree:          32580 kB
LowTotal:         587396 kB
LowFree:           78392 kB
SwapTotal:        262140 kB
SwapFree:         231500 kB
Dirty:               880 kB
Writeback:             0 kB
AnonPages:        485652 kB
Mapped:           332628 kB
Shmem:               552 kB
Slab:              57544 kB
SReclaimable:      17900 kB
SUnreclaim:        39644 kB
KernelStack:       16568 kB
PageTables:        29040 kB
NFS_Unstable:          0 kB
Bounce:                0 kB
WritebackTmp:          0 kB
CommitLimit:     1242116 kB
Committed_AS:   59663756 kB
VmallocTotal:     409600 kB
VmallocUsed:       36512 kB
VmallocChunk:     101404 kB
Time pass: 47 sec

---2015-12-04 23:55:29
MemTotal:        1959952 kB
MemFree:          120864 kB
Buffers:            4356 kB
Cached:           924544 kB
SwapCached:          672 kB
Active:           780828 kB
Inactive:         625560 kB
Active(anon):     298708 kB
Inactive(anon):   181256 kB
Active(file):     482120 kB
Inactive(file):   444304 kB
Unevictable:        1580 kB
Mlocked:               0 kB
HighTotal:       1372556 kB
HighFree:          45500 kB
LowTotal:         587396 kB
LowFree:           75364 kB
SwapTotal:        262140 kB
SwapFree:         227924 kB
Dirty:              1684 kB
Writeback:             0 kB
AnonPages:        478908 kB
Mapped:           338076 kB
Shmem:               976 kB
Slab:              57524 kB
SReclaimable:      17876 kB
SUnreclaim:        39648 kB
KernelStack:       16616 kB
PageTables:        29160 kB
NFS_Unstable:          0 kB
Bounce:                0 kB
WritebackTmp:          0 kB
CommitLimit:     1242116 kB
Committed_AS:   59666808 kB
VmallocTotal:     409600 kB
VmallocUsed:       36672 kB
VmallocChunk:     101404 kB
Time pass: 51 sec

---2015-12-04 23:55:29
MemTotal:        1959952 kB
MemFree:          122608 kB
Buffers:            4356 kB
Cached:           926772 kB
SwapCached:          672 kB
Active:           785440 kB
Inactive:         619468 kB
Active(anon):     295524 kB
Inactive(anon):   180948 kB
Active(file):     489916 kB
Inactive(file):   438520 kB
Unevictable:        1580 kB
Mlocked:               0 kB
HighTotal:       1372556 kB
HighFree:          45128 kB
LowTotal:         587396 kB
LowFree:           77480 kB
SwapTotal:        262140 kB
SwapFree:         227924 kB
Dirty:               728 kB
Writeback:             0 kB
AnonPages:        475768 kB
Mapped:           327704 kB
Shmem:               756 kB
Slab:              57436 kB
SReclaimable:      17916 kB
SUnreclaim:        39520 kB
KernelStack:       16424 kB
PageTables:        28600 kB
NFS_Unstable:          0 kB
Bounce:                0 kB
WritebackTmp:          0 kB
CommitLimit:     1242116 kB
Committed_AS:   58710704 kB
VmallocTotal:     409600 kB
VmallocUsed:       35652 kB
VmallocChunk:     101404 kB
Time pass: 55 sec

---2015-12-04 23:55:29
MemTotal:        1959952 kB
MemFree:          113568 kB
Buffers:            4356 kB
Cached:           928328 kB
SwapCached:          676 kB
Active:           783964 kB
Inactive:         618664 kB
Active(anon):     291172 kB
Inactive(anon):   180928 kB
Active(file):     492792 kB
Inactive(file):   437736 kB
Unevictable:        1580 kB
Mlocked:               0 kB
HighTotal:       1372556 kB
HighFree:          47668 kB
LowTotal:         587396 kB
LowFree:           65900 kB
SwapTotal:        262140 kB
SwapFree:         227924 kB
Dirty:               796 kB
Writeback:             0 kB
AnonPages:        471504 kB
Mapped:           328552 kB
Shmem:               632 kB
Slab:              57560 kB
SReclaimable:      17916 kB
SUnreclaim:        39644 kB
KernelStack:       16408 kB
PageTables:        28628 kB
NFS_Unstable:          0 kB
Bounce:                0 kB
WritebackTmp:          0 kB
CommitLimit:     1242116 kB
Committed_AS:   58711372 kB
VmallocTotal:     409600 kB
VmallocUsed:       35688 kB
VmallocChunk:     101404 kB
Time pass: 58 sec

---2015-12-04 23:55:29
MemTotal:        1959952 kB
MemFree:          112904 kB
Buffers:            4356 kB
Cached:           930244 kB
SwapCached:          676 kB
Active:           785480 kB
Inactive:         617608 kB
Active(anon):     289880 kB
Inactive(anon):   180964 kB
Active(file):     495600 kB
Inactive(file):   436644 kB
Unevictable:        1580 kB
Mlocked:               0 kB
HighTotal:       1372556 kB
HighFree:          45364 kB
LowTotal:         587396 kB
LowFree:           67540 kB
SwapTotal:        262140 kB
SwapFree:         227924 kB
Dirty:               820 kB
Writeback:             0 kB
AnonPages:        470124 kB
Mapped:           329104 kB
Shmem:               756 kB
Slab:              57620 kB
SReclaimable:      17924 kB
SUnreclaim:        39696 kB
KernelStack:       16400 kB
PageTables:        28640 kB
NFS_Unstable:          0 kB
Bounce:                0 kB
WritebackTmp:          0 kB
CommitLimit:     1242116 kB
Committed_AS:   58709940 kB
VmallocTotal:     409600 kB
VmallocUsed:       35688 kB
VmallocChunk:     101404 kB
Time pass: 62 sec

---2015-12-04 23:55:29
MemTotal:        1959952 kB
MemFree:           98000 kB
Buffers:            4356 kB
Cached:           932708 kB
SwapCached:          676 kB
Active:           795924 kB
Inactive:         617192 kB
Active(anon):     297596 kB
Inactive(anon):   180848 kB
Active(file):     498328 kB
Inactive(file):   436344 kB
Unevictable:        1580 kB
Mlocked:               0 kB
HighTotal:       1372556 kB
HighFree:          36324 kB
LowTotal:         587396 kB
LowFree:           61676 kB
SwapTotal:        262140 kB
SwapFree:         227924 kB
Dirty:              1060 kB
Writeback:             0 kB
AnonPages:        477900 kB
Mapped:           329368 kB
Shmem:               640 kB
Slab:              57928 kB
SReclaimable:      17924 kB
SUnreclaim:        40004 kB
KernelStack:       16376 kB
PageTables:        28616 kB
NFS_Unstable:          0 kB
Bounce:                0 kB
WritebackTmp:          0 kB
CommitLimit:     1242116 kB
Committed_AS:   58718872 kB
VmallocTotal:     409600 kB
VmallocUsed:       35688 kB
VmallocChunk:     101404 kB
Time pass: 65 sec

---2015-12-04 23:55:29
MemTotal:        1959952 kB
MemFree:           95448 kB
Buffers:            4356 kB
Cached:           924288 kB
SwapCached:          676 kB
Active:           783996 kB
Inactive:         617524 kB
Active(anon):     294612 kB
Inactive(anon):   180640 kB
Active(file):     489384 kB
Inactive(file):   436884 kB
Unevictable:        1580 kB
Mlocked:               0 kB
HighTotal:       1372556 kB
HighFree:          36708 kB
LowTotal:         587396 kB
LowFree:           58740 kB
SwapTotal:        262140 kB
SwapFree:         226876 kB
Dirty:               956 kB
Writeback:             0 kB
AnonPages:        474912 kB
Mapped:           343492 kB
Shmem:               260 kB
Slab:              57556 kB
SReclaimable:      17964 kB
SUnreclaim:        39592 kB
KernelStack:       16216 kB
PageTables:        28288 kB
NFS_Unstable:          0 kB
Bounce:                0 kB
WritebackTmp:          0 kB
CommitLimit:     1242116 kB
Committed_AS:   57770160 kB
VmallocTotal:     409600 kB
VmallocUsed:       34744 kB
VmallocChunk:     101404 kB
Time pass: 69 sec

---2015-12-04 23:55:29
MemTotal:        1959952 kB
MemFree:           97120 kB
Buffers:            4360 kB
Cached:           895776 kB
SwapCached:          844 kB
Active:           765204 kB
Inactive:         617684 kB
Active(anon):     303500 kB
Inactive(anon):   181084 kB
Active(file):     461704 kB
Inactive(file):   436600 kB
Unevictable:        1580 kB
Mlocked:               0 kB
HighTotal:       1372556 kB
HighFree:          38380 kB
LowTotal:         587396 kB
LowFree:           58740 kB
SwapTotal:        262140 kB
SwapFree:         224816 kB
Dirty:               964 kB
Writeback:             4 kB
AnonPages:        484368 kB
Mapped:           346376 kB
Shmem:               340 kB
Slab:              55724 kB
SReclaimable:      16412 kB
SUnreclaim:        39312 kB
KernelStack:       16392 kB
PageTables:        28412 kB
NFS_Unstable:          0 kB
Bounce:                0 kB
WritebackTmp:          0 kB
CommitLimit:     1242116 kB
Committed_AS:   57797988 kB
VmallocTotal:     409600 kB
VmallocUsed:       34744 kB
VmallocChunk:     101404 kB
Time pass: 74 sec

---2015-12-04 23:55:29
MemTotal:        1959952 kB
MemFree:           77672 kB
Buffers:            4336 kB
Cached:           885028 kB
SwapCached:         1352 kB
Active:           764048 kB
Inactive:         613652 kB
Active(anon):     306972 kB
Inactive(anon):   183316 kB
Active(file):     457076 kB
Inactive(file):   430336 kB
Unevictable:        1580 kB
Mlocked:               0 kB
HighTotal:       1372556 kB
HighFree:          24260 kB
LowTotal:         587396 kB
LowFree:           53412 kB
SwapTotal:        262140 kB
SwapFree:         224120 kB
Dirty:               992 kB
Writeback:             0 kB
AnonPages:        489724 kB
Mapped:           343776 kB
Shmem:               424 kB
Slab:              56012 kB
SReclaimable:      16692 kB
SUnreclaim:        39320 kB
KernelStack:       16400 kB
PageTables:        28468 kB
NFS_Unstable:          0 kB
Bounce:                0 kB
WritebackTmp:          0 kB
CommitLimit:     1242116 kB
Committed_AS:   57802884 kB
VmallocTotal:     409600 kB
VmallocUsed:       34744 kB
VmallocChunk:     101404 kB
Time pass: 78 sec

---2015-12-04 23:55:29
MemTotal:        1959952 kB
MemFree:          105540 kB
Buffers:            4332 kB
Cached:           859548 kB
SwapCached:         1348 kB
Active:           751100 kB
Inactive:         598408 kB
Active(anon):     305668 kB
Inactive(anon):   182348 kB
Active(file):     445432 kB
Inactive(file):   416060 kB
Unevictable:        1768 kB
Mlocked:               0 kB
HighTotal:       1372556 kB
HighFree:          50096 kB
LowTotal:         587396 kB
LowFree:           55444 kB
SwapTotal:        262140 kB
SwapFree:         223364 kB
Dirty:               984 kB
Writeback:             0 kB
AnonPages:        487428 kB
Mapped:           343968 kB
Shmem:               620 kB
Slab:              56928 kB
SReclaimable:      17716 kB
SUnreclaim:        39212 kB
KernelStack:       16392 kB
PageTables:        28628 kB
NFS_Unstable:          0 kB
Bounce:                0 kB
WritebackTmp:          0 kB
CommitLimit:     1242116 kB
Committed_AS:   57804276 kB
VmallocTotal:     409600 kB
VmallocUsed:       34744 kB
VmallocChunk:     101404 kB
Time pass: 82 sec

---2015-12-04 23:55:29
MemTotal:        1959952 kB
MemFree:          102560 kB
Buffers:            4332 kB
Cached:           859912 kB
SwapCached:         1348 kB
Active:           753404 kB
Inactive:         597936 kB
Active(anon):     307072 kB
Inactive(anon):   182400 kB
Active(file):     446332 kB
Inactive(file):   415536 kB
Unevictable:        1768 kB
Mlocked:               0 kB
HighTotal:       1372556 kB
HighFree:          46412 kB
LowTotal:         587396 kB
LowFree:           56148 kB
SwapTotal:        262140 kB
SwapFree:         223364 kB
Dirty:               988 kB
Writeback:             0 kB
AnonPages:        488840 kB
Mapped:           344556 kB
Shmem:               608 kB
Slab:              56980 kB
SReclaimable:      17716 kB
SUnreclaim:        39264 kB
KernelStack:       16368 kB
PageTables:        28616 kB
NFS_Unstable:          0 kB
Bounce:                0 kB
WritebackTmp:          0 kB
CommitLimit:     1242116 kB
Committed_AS:   57802140 kB
VmallocTotal:     409600 kB
VmallocUsed:       34744 kB
VmallocChunk:     101404 kB
Time pass: 86 sec

---2015-12-04 23:55:29
MemTotal:        1959952 kB
MemFree:          101292 kB
Buffers:            4332 kB
Cached:           860236 kB
SwapCached:         1348 kB
Active:           756940 kB
Inactive:         595620 kB
Active(anon):     308028 kB
Inactive(anon):   182384 kB
Active(file):     448912 kB
Inactive(file):   413236 kB
Unevictable:        1768 kB
Mlocked:               0 kB
HighTotal:       1372556 kB
HighFree:          43932 kB
LowTotal:         587396 kB
LowFree:           57360 kB
SwapTotal:        262140 kB
SwapFree:         223364 kB
Dirty:               984 kB
Writeback:             0 kB
AnonPages:        489712 kB
Mapped:           344476 kB
Shmem:               652 kB
Slab:              57140 kB
SReclaimable:      17716 kB
SUnreclaim:        39424 kB
KernelStack:       16360 kB
PageTables:        28604 kB
NFS_Unstable:          0 kB
Bounce:                0 kB
WritebackTmp:          0 kB
CommitLimit:     1242116 kB
Committed_AS:   57802296 kB
VmallocTotal:     409600 kB
VmallocUsed:       34744 kB
VmallocChunk:     101404 kB
Time pass: 90 sec

---2015-12-04 23:55:29
MemTotal:        1959952 kB
MemFree:           91668 kB
Buffers:            4448 kB
Cached:           867792 kB
SwapCached:         1364 kB
Active:           754920 kB
Inactive:         597972 kB
Active(anon):     303136 kB
Inactive(anon):   181368 kB
Active(file):     451784 kB
Inactive(file):   416604 kB
Unevictable:        1768 kB
Mlocked:               0 kB
HighTotal:       1372556 kB
HighFree:          36832 kB
LowTotal:         587396 kB
LowFree:           54836 kB
SwapTotal:        262140 kB
SwapFree:         223360 kB
Dirty:              1164 kB
Writeback:             0 kB
AnonPages:        482180 kB
Mapped:           350688 kB
Shmem:              2060 kB
Slab:              57036 kB
SReclaimable:      17656 kB
SUnreclaim:        39380 kB
KernelStack:       16216 kB
PageTables:        28576 kB
NFS_Unstable:          0 kB
Bounce:                0 kB
WritebackTmp:          0 kB
CommitLimit:     1242116 kB
Committed_AS:   59621524 kB
VmallocTotal:     409600 kB
VmallocUsed:       34744 kB
VmallocChunk:     101404 kB
Time pass: 94 sec

---2015-12-04 23:55:29
MemTotal:        1959952 kB
MemFree:          351184 kB
Buffers:            4448 kB
Cached:           857644 kB
SwapCached:         1404 kB
Active:           671964 kB
Inactive:         591632 kB
Active(anon):     224752 kB
Inactive(anon):   180636 kB
Active(file):     447212 kB
Inactive(file):   410996 kB
Unevictable:        1768 kB
Mlocked:               0 kB
HighTotal:       1372556 kB
HighFree:         190696 kB
LowTotal:         587396 kB
LowFree:          160488 kB
SwapTotal:        262140 kB
SwapFree:         222808 kB
Dirty:               472 kB
Writeback:             0 kB
AnonPages:        403444 kB
Mapped:           258256 kB
Shmem:              1964 kB
Slab:              57268 kB
SReclaimable:      17688 kB
SUnreclaim:        39580 kB
KernelStack:       15416 kB
PageTables:        26648 kB
NFS_Unstable:          0 kB
Bounce:                0 kB
WritebackTmp:          0 kB
CommitLimit:     1242116 kB
Committed_AS:   55781764 kB
VmallocTotal:     409600 kB
VmallocUsed:       31956 kB
VmallocChunk:     111644 kB
Time pass: 97 sec

---2015-12-04 23:55:29
MemTotal:        1959952 kB
MemFree:          352040 kB
Buffers:            4448 kB
Cached:           857548 kB
SwapCached:         1380 kB
Active:           671632 kB
Inactive:         590720 kB
Active(anon):     224416 kB
Inactive(anon):   179616 kB
Active(file):     447216 kB
Inactive(file):   411104 kB
Unevictable:        1768 kB
Mlocked:               0 kB
HighTotal:       1372556 kB
HighFree:         190960 kB
LowTotal:         587396 kB
LowFree:          161080 kB
SwapTotal:        262140 kB
SwapFree:         222844 kB
Dirty:               308 kB
Writeback:             0 kB
AnonPages:        401860 kB
Mapped:           258172 kB
Shmem:              1908 kB
Slab:              57268 kB
SReclaimable:      17744 kB
SUnreclaim:        39524 kB
KernelStack:       15432 kB
PageTables:        26664 kB
NFS_Unstable:          0 kB
Bounce:                0 kB
WritebackTmp:          0 kB
CommitLimit:     1242116 kB
Committed_AS:   55782380 kB
VmallocTotal:     409600 kB
VmallocUsed:       31956 kB
VmallocChunk:     111644 kB
Time pass: 101 sec

---2015-12-04 23:55:29
MemTotal:        1959952 kB
MemFree:          356268 kB
Buffers:            4448 kB
Cached:           856024 kB
SwapCached:         1380 kB
Active:           669236 kB
Inactive:         589132 kB
Active(anon):     221916 kB
Inactive(anon):   177872 kB
Active(file):     447320 kB
Inactive(file):   411260 kB
Unevictable:        1768 kB
Mlocked:               0 kB
HighTotal:       1372556 kB
HighFree:         195036 kB
LowTotal:         587396 kB
LowFree:          161232 kB
SwapTotal:        262140 kB
SwapFree:         222844 kB
Dirty:                48 kB
Writeback:             0 kB
AnonPages:        399396 kB
Mapped:           256428 kB
Shmem:               124 kB
Slab:              57200 kB
SReclaimable:      17744 kB
SUnreclaim:        39456 kB
KernelStack:       15424 kB
PageTables:        26648 kB
NFS_Unstable:          0 kB
Bounce:                0 kB
WritebackTmp:          0 kB
CommitLimit:     1242116 kB
Committed_AS:   55777316 kB
VmallocTotal:     409600 kB
VmallocUsed:       31956 kB
VmallocChunk:     111644 kB
Time pass: 105 sec

---2015-12-04 23:55:29
MemTotal:        1959952 kB
MemFree:          268008 kB
Buffers:            4448 kB
Cached:           856744 kB
SwapCached:         1424 kB
Active:           703820 kB
Inactive:         585124 kB
Active(anon):     251672 kB
Inactive(anon):   178024 kB
Active(file):     452148 kB
Inactive(file):   407100 kB
Unevictable:        1768 kB
Mlocked:               0 kB
HighTotal:       1372556 kB
HighFree:         137124 kB
LowTotal:         587396 kB
LowFree:          130884 kB
SwapTotal:        262140 kB
SwapFree:         222860 kB
Dirty:               972 kB
Writeback:             4 kB
AnonPages:        429264 kB
Mapped:           285700 kB
Shmem:               256 kB
Slab:              57212 kB
SReclaimable:      17808 kB
SUnreclaim:        39404 kB
KernelStack:       16208 kB
PageTables:        27904 kB
NFS_Unstable:          0 kB
Bounce:                0 kB
WritebackTmp:          0 kB
CommitLimit:     1242116 kB
Committed_AS:   57739204 kB
VmallocTotal:     409600 kB
VmallocUsed:       32208 kB
VmallocChunk:     111644 kB
Time pass: 110 sec

---2015-12-04 23:55:29
MemTotal:        1959952 kB
MemFree:          228228 kB
Buffers:            4448 kB
Cached:           858748 kB
SwapCached:         1464 kB
Active:           717272 kB
Inactive:         585580 kB
Active(anon):     264936 kB
Inactive(anon):   176804 kB
Active(file):     452336 kB
Inactive(file):   408776 kB
Unevictable:        1768 kB
Mlocked:               0 kB
HighTotal:       1372556 kB
HighFree:         113720 kB
LowTotal:         587396 kB
LowFree:          114508 kB
SwapTotal:        262140 kB
SwapFree:         222860 kB
Dirty:               572 kB
Writeback:             0 kB
AnonPages:        441620 kB
Mapped:           294992 kB
Shmem:               260 kB
Slab:              57512 kB
SReclaimable:      17808 kB
SUnreclaim:        39704 kB
KernelStack:       16272 kB
PageTables:        28024 kB
NFS_Unstable:          0 kB
Bounce:                0 kB
WritebackTmp:          0 kB
CommitLimit:     1242116 kB
Committed_AS:   57752228 kB
VmallocTotal:     409600 kB
VmallocUsed:       32320 kB
VmallocChunk:     111644 kB
Time pass: 114 sec

---2015-12-04 23:55:29
MemTotal:        1959952 kB
MemFree:          174640 kB
Buffers:            4448 kB
Cached:           859716 kB
SwapCached:         1464 kB
Active:           730180 kB
Inactive:         585048 kB
Active(anon):     276292 kB
Inactive(anon):   176804 kB
Active(file):     453888 kB
Inactive(file):   408244 kB
Unevictable:        1768 kB
Mlocked:               0 kB
HighTotal:       1372556 kB
HighFree:          97888 kB
LowTotal:         587396 kB
LowFree:           76752 kB
SwapTotal:        262140 kB
SwapFree:         222860 kB
Dirty:              1676 kB
Writeback:             0 kB
AnonPages:        453120 kB
Mapped:           299168 kB
Shmem:               260 kB
Slab:              57720 kB
SReclaimable:      17808 kB
SUnreclaim:        39912 kB
KernelStack:       16272 kB
PageTables:        28124 kB
NFS_Unstable:          0 kB
Bounce:                0 kB
WritebackTmp:          0 kB
CommitLimit:     1242116 kB
Committed_AS:   57763632 kB
VmallocTotal:     409600 kB
VmallocUsed:       32484 kB
VmallocChunk:     111644 kB
Time pass: 118 sec

---2015-12-04 23:55:29
MemTotal:        1959952 kB
MemFree:          158272 kB
Buffers:            4448 kB
Cached:           859884 kB
SwapCached:         1464 kB
Active:           724924 kB
Inactive:         584996 kB
Active(anon):     270820 kB
Inactive(anon):   176804 kB
Active(file):     454104 kB
Inactive(file):   408192 kB
Unevictable:        1768 kB
Mlocked:               0 kB
HighTotal:       1372556 kB
HighFree:          85772 kB
LowTotal:         587396 kB
LowFree:           72500 kB
SwapTotal:        262140 kB
SwapFree:         222860 kB
Dirty:              1248 kB
Writeback:             0 kB
AnonPages:        447752 kB
Mapped:           314708 kB
Shmem:               260 kB
Slab:              57680 kB
SReclaimable:      17808 kB
SUnreclaim:        39872 kB
KernelStack:       16272 kB
PageTables:        28172 kB
NFS_Unstable:          0 kB
Bounce:                0 kB
WritebackTmp:          0 kB
CommitLimit:     1242116 kB
Committed_AS:   57760820 kB
VmallocTotal:     409600 kB
VmallocUsed:       32556 kB
VmallocChunk:     111644 kB
Time pass: 121 sec

---2015-12-04 23:55:29
MemTotal:        1959952 kB
MemFree:          151120 kB
Buffers:            4448 kB
Cached:           859888 kB
SwapCached:         1464 kB
Active:           732708 kB
Inactive:         584912 kB
Active(anon):     278536 kB
Inactive(anon):   176784 kB
Active(file):     454172 kB
Inactive(file):   408128 kB
Unevictable:        1768 kB
Mlocked:               0 kB
HighTotal:       1372556 kB
HighFree:          78428 kB
LowTotal:         587396 kB
LowFree:           72692 kB
SwapTotal:        262140 kB
SwapFree:         222860 kB
Dirty:               608 kB
Writeback:             0 kB
AnonPages:        455296 kB
Mapped:           314656 kB
Shmem:               260 kB
Slab:              57780 kB
SReclaimable:      17808 kB
SUnreclaim:        39972 kB
KernelStack:       16272 kB
PageTables:        28180 kB
NFS_Unstable:          0 kB
Bounce:                0 kB
WritebackTmp:          0 kB
CommitLimit:     1242116 kB
Committed_AS:   57765872 kB
VmallocTotal:     409600 kB
VmallocUsed:       32556 kB
VmallocChunk:     111644 kB
Time pass: 125 sec

---2015-12-04 23:55:29
MemTotal:        1959952 kB
MemFree:          121940 kB
Buffers:            4448 kB
Cached:           859908 kB
SwapCached:         1464 kB
Active:           740348 kB
Inactive:         584880 kB
Active(anon):     286124 kB
Inactive(anon):   176776 kB
Active(file):     454224 kB
Inactive(file):   408104 kB
Unevictable:        1768 kB
Mlocked:               0 kB
HighTotal:       1372556 kB
HighFree:          48760 kB
LowTotal:         587396 kB
LowFree:           73180 kB
SwapTotal:        262140 kB
SwapFree:         222860 kB
Dirty:               712 kB
Writeback:             0 kB
AnonPages:        462320 kB
Mapped:           329952 kB
Shmem:               260 kB
Slab:              57704 kB
SReclaimable:      17808 kB
SUnreclaim:        39896 kB
KernelStack:       16280 kB
PageTables:        28264 kB
NFS_Unstable:          0 kB
Bounce:                0 kB
WritebackTmp:          0 kB
CommitLimit:     1242116 kB
Committed_AS:   57768908 kB
VmallocTotal:     409600 kB
VmallocUsed:       32632 kB
VmallocChunk:     111644 kB
Time pass: 128 sec

---2015-12-04 23:55:29
MemTotal:        1959952 kB
MemFree:          121416 kB
Buffers:            4448 kB
Cached:           859908 kB
SwapCached:         1464 kB
Active:           741184 kB
Inactive:         584872 kB
Active(anon):     286952 kB
Inactive(anon):   176776 kB
Active(file):     454232 kB
Inactive(file):   408096 kB
Unevictable:        1768 kB
Mlocked:               0 kB
HighTotal:       1372556 kB
HighFree:          48104 kB
LowTotal:         587396 kB
LowFree:           73312 kB
SwapTotal:        262140 kB
SwapFree:         222860 kB
Dirty:               680 kB
Writeback:             0 kB
AnonPages:        463404 kB
Mapped:           329580 kB
Shmem:               260 kB
Slab:              57788 kB
SReclaimable:      17808 kB
SUnreclaim:        39980 kB
KernelStack:       16280 kB
PageTables:        28284 kB
NFS_Unstable:          0 kB
Bounce:                0 kB
WritebackTmp:          0 kB
CommitLimit:     1242116 kB
Committed_AS:   57769248 kB
VmallocTotal:     409600 kB
VmallocUsed:       32632 kB
VmallocChunk:     111644 kB
Time pass: 132 sec

---2015-12-04 23:55:29
MemTotal:        1959952 kB
MemFree:          121076 kB
Buffers:            4448 kB
Cached:           859904 kB
SwapCached:         1464 kB
Active:           741760 kB
Inactive:         584872 kB
Active(anon):     287528 kB
Inactive(anon):   176776 kB
Active(file):     454232 kB
Inactive(file):   408096 kB
Unevictable:        1768 kB
Mlocked:               0 kB
HighTotal:       1372556 kB
HighFree:          47984 kB
LowTotal:         587396 kB
LowFree:           73092 kB
SwapTotal:        262140 kB
SwapFree:         222860 kB
Dirty:               680 kB
Writeback:             0 kB
AnonPages:        463708 kB
Mapped:           329584 kB
Shmem:               256 kB
Slab:              57916 kB
SReclaimable:      17808 kB
SUnreclaim:        40108 kB
KernelStack:       16280 kB
PageTables:        28284 kB
NFS_Unstable:          0 kB
Bounce:                0 kB
WritebackTmp:          0 kB
CommitLimit:     1242116 kB
Committed_AS:   57769272 kB
VmallocTotal:     409600 kB
VmallocUsed:       32632 kB
VmallocChunk:     111644 kB
Time pass: 135 sec

---2015-12-04 23:55:29
MemTotal:        1959952 kB
MemFree:          105324 kB
Buffers:            4448 kB
Cached:           860072 kB
SwapCached:         1468 kB
Active:           757708 kB
Inactive:         584056 kB
Active(anon):     302496 kB
Inactive(anon):   176936 kB
Active(file):     455212 kB
Inactive(file):   407120 kB
Unevictable:        1768 kB
Mlocked:               0 kB
HighTotal:       1372556 kB
HighFree:          34684 kB
LowTotal:         587396 kB
LowFree:           70640 kB
SwapTotal:        262140 kB
SwapFree:         222860 kB
Dirty:               680 kB
Writeback:             0 kB
AnonPages:        478780 kB
Mapped:           331720 kB
Shmem:               420 kB
Slab:              57480 kB
SReclaimable:      17816 kB
SUnreclaim:        39664 kB
KernelStack:       16496 kB
PageTables:        28420 kB
NFS_Unstable:          0 kB
Bounce:                0 kB
WritebackTmp:          0 kB
CommitLimit:     1242116 kB
Committed_AS:   57801852 kB
VmallocTotal:     409600 kB
VmallocUsed:       35040 kB
VmallocChunk:     111644 kB
Time pass: 139 sec

---2015-12-04 23:55:29
MemTotal:        1959952 kB
MemFree:           98800 kB
Buffers:            4504 kB
Cached:           862612 kB
SwapCached:         1464 kB
Active:           764140 kB
Inactive:         585280 kB
Active(anon):     307560 kB
Inactive(anon):   177104 kB
Active(file):     456580 kB
Inactive(file):   408176 kB
Unevictable:        1768 kB
Mlocked:               0 kB
HighTotal:       1372556 kB
HighFree:          31224 kB
LowTotal:         587396 kB
LowFree:           67576 kB
SwapTotal:        262140 kB
SwapFree:         222864 kB
Dirty:               732 kB
Writeback:             0 kB
AnonPages:        484228 kB
Mapped:           329968 kB
Shmem:               592 kB
Slab:              57484 kB
SReclaimable:      17816 kB
SUnreclaim:        39668 kB
KernelStack:       16480 kB
PageTables:        28476 kB
NFS_Unstable:          0 kB
Bounce:                0 kB
WritebackTmp:          0 kB
CommitLimit:     1242116 kB
Committed_AS:   57804992 kB
VmallocTotal:     409600 kB
VmallocUsed:       35040 kB
VmallocChunk:     111644 kB
Time pass: 143 sec

---2015-12-04 23:55:29
MemTotal:        1959952 kB
MemFree:           97780 kB
Buffers:            4504 kB
Cached:           862672 kB
SwapCached:         1464 kB
Active:           765956 kB
Inactive:         584464 kB
Active(anon):     308504 kB
Inactive(anon):   177136 kB
Active(file):     457452 kB
Inactive(file):   407328 kB
Unevictable:        1768 kB
Mlocked:               0 kB
HighTotal:       1372556 kB
HighFree:          30360 kB
LowTotal:         587396 kB
LowFree:           67420 kB
SwapTotal:        262140 kB
SwapFree:         222864 kB
Dirty:               728 kB
Writeback:             0 kB
AnonPages:        484916 kB
Mapped:           329940 kB
Shmem:               628 kB
Slab:              57388 kB
SReclaimable:      17816 kB
SUnreclaim:        39572 kB
KernelStack:       16480 kB
PageTables:        28492 kB
NFS_Unstable:          0 kB
Bounce:                0 kB
WritebackTmp:          0 kB
CommitLimit:     1242116 kB
Committed_AS:   57805320 kB
VmallocTotal:     409600 kB
VmallocUsed:       35040 kB
VmallocChunk:     111644 kB
Time pass: 147 sec

---2015-12-04 23:55:29
MemTotal:        1959952 kB
MemFree:           95852 kB
Buffers:            4504 kB
Cached:           862688 kB
SwapCached:         1464 kB
Active:           767104 kB
Inactive:         584480 kB
Active(anon):     309656 kB
Inactive(anon):   177152 kB
Active(file):     457448 kB
Inactive(file):   407328 kB
Unevictable:        1768 kB
Mlocked:               0 kB
HighTotal:       1372556 kB
HighFree:          28980 kB
LowTotal:         587396 kB
LowFree:           66872 kB
SwapTotal:        262140 kB
SwapFree:         222864 kB
Dirty:               728 kB
Writeback:             0 kB
AnonPages:        485924 kB
Mapped:           330012 kB
Shmem:               644 kB
Slab:              57640 kB
SReclaimable:      17816 kB
SUnreclaim:        39824 kB
KernelStack:       16608 kB
PageTables:        28412 kB
NFS_Unstable:          0 kB
Bounce:                0 kB
WritebackTmp:          0 kB
CommitLimit:     1242116 kB
Committed_AS:   57814620 kB
VmallocTotal:     409600 kB
VmallocUsed:       35040 kB
VmallocChunk:     111644 kB
Time pass: 151 sec

---2015-12-04 23:55:29
MemTotal:        1959952 kB
MemFree:           95016 kB
Buffers:            4504 kB
Cached:           862700 kB
SwapCached:         1464 kB
Active:           768620 kB
Inactive:         584476 kB
Active(anon):     311164 kB
Inactive(anon):   177144 kB
Active(file):     457456 kB
Inactive(file):   407332 kB
Unevictable:        1768 kB
Mlocked:               0 kB
HighTotal:       1372556 kB
HighFree:          27720 kB
LowTotal:         587396 kB
LowFree:           67296 kB
SwapTotal:        262140 kB
SwapFree:         222864 kB
Dirty:               772 kB
Writeback:             0 kB
AnonPages:        487428 kB
Mapped:           330020 kB
Shmem:               648 kB
Slab:              57440 kB
SReclaimable:      17816 kB
SUnreclaim:        39624 kB
KernelStack:       16480 kB
PageTables:        28500 kB
NFS_Unstable:          0 kB
Bounce:                0 kB
WritebackTmp:          0 kB
CommitLimit:     1242116 kB
Committed_AS:   57807672 kB
VmallocTotal:     409600 kB
VmallocUsed:       35040 kB
VmallocChunk:     111644 kB
Time pass: 155 sec

---2015-12-04 23:55:29
MemTotal:        1959952 kB
MemFree:           95036 kB
Buffers:            4504 kB
Cached:           863120 kB
SwapCached:         1464 kB
Active:           767784 kB
Inactive:         584620 kB
Active(anon):     310332 kB
Inactive(anon):   176868 kB
Active(file):     457452 kB
Inactive(file):   407752 kB
Unevictable:        1768 kB
Mlocked:               0 kB
HighTotal:       1372556 kB
HighFree:          29104 kB
LowTotal:         587396 kB
LowFree:           65932 kB
SwapTotal:        262140 kB
SwapFree:         222868 kB
Dirty:               792 kB
Writeback:             0 kB
AnonPages:        486196 kB
Mapped:           330260 kB
Shmem:               652 kB
Slab:              57440 kB
SReclaimable:      17816 kB
SUnreclaim:        39624 kB
KernelStack:       16480 kB
PageTables:        28508 kB
NFS_Unstable:          0 kB
Bounce:                0 kB
WritebackTmp:          0 kB
CommitLimit:     1242116 kB
Committed_AS:   57804004 kB
VmallocTotal:     409600 kB
VmallocUsed:       35040 kB
VmallocChunk:     111644 kB
Time pass: 158 sec

---2015-12-04 23:55:29
MemTotal:        1959952 kB
MemFree:          103108 kB
Buffers:            4504 kB
Cached:           863132 kB
SwapCached:         1464 kB
Active:           760436 kB
Inactive:         584628 kB
Active(anon):     302980 kB
Inactive(anon):   176880 kB
Active(file):     457456 kB
Inactive(file):   407748 kB
Unevictable:        1768 kB
Mlocked:               0 kB
HighTotal:       1372556 kB
HighFree:          37244 kB
LowTotal:         587396 kB
LowFree:           65864 kB
SwapTotal:        262140 kB
SwapFree:         222868 kB
Dirty:               740 kB
Writeback:             0 kB
AnonPages:        478972 kB
Mapped:           330196 kB
Shmem:               664 kB
Slab:              57504 kB
SReclaimable:      17816 kB
SUnreclaim:        39688 kB
KernelStack:       16464 kB
PageTables:        28508 kB
NFS_Unstable:          0 kB
Bounce:                0 kB
WritebackTmp:          0 kB
CommitLimit:     1242116 kB
Committed_AS:   57802076 kB
VmallocTotal:     409600 kB
VmallocUsed:       35040 kB
VmallocChunk:     111644 kB
Time pass: 163 sec

---2015-12-04 23:55:29
MemTotal:        1959952 kB
MemFree:          101288 kB
Buffers:            4504 kB
Cached:           863136 kB
SwapCached:         1464 kB
Active:           762440 kB
Inactive:         584628 kB
Active(anon):     304984 kB
Inactive(anon):   176880 kB
Active(file):     457456 kB
Inactive(file):   407748 kB
Unevictable:        1768 kB
Mlocked:               0 kB
HighTotal:       1372556 kB
HighFree:          35168 kB
LowTotal:         587396 kB
LowFree:           66120 kB
SwapTotal:        262140 kB
SwapFree:         222868 kB
Dirty:               740 kB
Writeback:             0 kB
AnonPages:        481168 kB
Mapped:           330232 kB
Shmem:               668 kB
Slab:              57408 kB
SReclaimable:      17816 kB
SUnreclaim:        39592 kB
KernelStack:       16480 kB
PageTables:        28492 kB
NFS_Unstable:          0 kB
Bounce:                0 kB
WritebackTmp:          0 kB
CommitLimit:     1242116 kB
Committed_AS:   57804204 kB
VmallocTotal:     409600 kB
VmallocUsed:       35040 kB
VmallocChunk:     111644 kB
Time pass: 167 sec

---2015-12-04 23:55:29
MemTotal:        1959952 kB
MemFree:           99380 kB
Buffers:            4504 kB
Cached:           863172 kB
SwapCached:         1464 kB
Active:           764312 kB
Inactive:         584676 kB
Active(anon):     306864 kB
Inactive(anon):   176916 kB
Active(file):     457448 kB
Inactive(file):   407760 kB
Unevictable:        1768 kB
Mlocked:               0 kB
HighTotal:       1372556 kB
HighFree:          33248 kB
LowTotal:         587396 kB
LowFree:           66132 kB
SwapTotal:        262140 kB
SwapFree:         222868 kB
Dirty:               776 kB
Writeback:             0 kB
AnonPages:        483140 kB
Mapped:           330080 kB
Shmem:               700 kB
Slab:              57376 kB
SReclaimable:      17816 kB
SUnreclaim:        39560 kB
KernelStack:       16600 kB
PageTables:        28604 kB
NFS_Unstable:          0 kB
Bounce:                0 kB
WritebackTmp:          0 kB
CommitLimit:     1242116 kB
Committed_AS:   57814408 kB
VmallocTotal:     409600 kB
VmallocUsed:       35040 kB
VmallocChunk:     111644 kB
Time pass: 170 sec

---2015-12-04 23:55:29
MemTotal:        1959952 kB
MemFree:           96524 kB
Buffers:            4504 kB
Cached:           863172 kB
SwapCached:         1464 kB
Active:           767128 kB
Inactive:         584652 kB
Active(anon):     309660 kB
Inactive(anon):   176908 kB
Active(file):     457468 kB
Inactive(file):   407744 kB
Unevictable:        1768 kB
Mlocked:               0 kB
HighTotal:       1372556 kB
HighFree:          30704 kB
LowTotal:         587396 kB
LowFree:           65820 kB
SwapTotal:        262140 kB
SwapFree:         222868 kB
Dirty:               740 kB
Writeback:             0 kB
AnonPages:        485920 kB
Mapped:           333188 kB
Shmem:               696 kB
Slab:              57312 kB
SReclaimable:      17816 kB
SUnreclaim:        39496 kB
KernelStack:       16464 kB
PageTables:        28676 kB
NFS_Unstable:          0 kB
Bounce:                0 kB
WritebackTmp:          0 kB
CommitLimit:     1242116 kB
Committed_AS:   58774292 kB
VmallocTotal:     409600 kB
VmallocUsed:       35040 kB
VmallocChunk:     111644 kB
Time pass: 174 sec

---2015-12-04 23:55:29
MemTotal:        1959952 kB
MemFree:           98248 kB
Buffers:            4504 kB
Cached:           863200 kB
SwapCached:         1464 kB
Active:           765552 kB
Inactive:         584688 kB
Active(anon):     308088 kB
Inactive(anon):   176940 kB
Active(file):     457464 kB
Inactive(file):   407748 kB
Unevictable:        1768 kB
Mlocked:               0 kB
HighTotal:       1372556 kB
HighFree:          32220 kB
LowTotal:         587396 kB
LowFree:           66028 kB
SwapTotal:        262140 kB
SwapFree:         222868 kB
Dirty:               760 kB
Writeback:             0 kB
AnonPages:        484296 kB
Mapped:           330264 kB
Shmem:               724 kB
Slab:              57312 kB
SReclaimable:      17816 kB
SUnreclaim:        39496 kB
KernelStack:       16464 kB
PageTables:        28528 kB
NFS_Unstable:          0 kB
Bounce:                0 kB
WritebackTmp:          0 kB
CommitLimit:     1242116 kB
Committed_AS:   57804600 kB
VmallocTotal:     409600 kB
VmallocUsed:       35040 kB
VmallocChunk:     111644 kB
Time pass: 178 sec

---2015-12-04 23:55:29
MemTotal:        1959952 kB
MemFree:           95820 kB
Buffers:            4504 kB
Cached:           863256 kB
SwapCached:         1464 kB
Active:           766800 kB
Inactive:         584736 kB
Active(anon):     309336 kB
Inactive(anon):   176988 kB
Active(file):     457464 kB
Inactive(file):   407748 kB
Unevictable:        1768 kB
Mlocked:               0 kB
HighTotal:       1372556 kB
HighFree:          28524 kB
LowTotal:         587396 kB
LowFree:           67296 kB
SwapTotal:        262140 kB
SwapFree:         222868 kB
Dirty:               764 kB
Writeback:             0 kB
AnonPages:        485440 kB
Mapped:           330320 kB
Shmem:               780 kB
Slab:              57468 kB
SReclaimable:      17816 kB
SUnreclaim:        39652 kB
KernelStack:       16440 kB
PageTables:        28512 kB
NFS_Unstable:          0 kB
Bounce:                0 kB
WritebackTmp:          0 kB
CommitLimit:     1242116 kB
Committed_AS:   57804712 kB
VmallocTotal:     409600 kB
VmallocUsed:       35040 kB
VmallocChunk:     111644 kB
Time pass: 182 sec

---2015-12-04 23:55:29
MemTotal:        1959952 kB
MemFree:           95032 kB
Buffers:            4504 kB
Cached:           863352 kB
SwapCached:         1464 kB
Active:           768292 kB
Inactive:         584832 kB
Active(anon):     310828 kB
Inactive(anon):   177084 kB
Active(file):     457464 kB
Inactive(file):   407748 kB
Unevictable:        1768 kB
Mlocked:               0 kB
HighTotal:       1372556 kB
HighFree:          27588 kB
LowTotal:         587396 kB
LowFree:           67444 kB
SwapTotal:        262140 kB
SwapFree:         222868 kB
Dirty:               764 kB
Writeback:             0 kB
AnonPages:        486832 kB
Mapped:           330416 kB
Shmem:               876 kB
Slab:              57532 kB
SReclaimable:      17816 kB
SUnreclaim:        39716 kB
KernelStack:       16440 kB
PageTables:        28520 kB
NFS_Unstable:          0 kB
Bounce:                0 kB
WritebackTmp:          0 kB
CommitLimit:     1242116 kB
Committed_AS:   57804772 kB
VmallocTotal:     409600 kB
VmallocUsed:       35040 kB
VmallocChunk:     111644 kB
Time pass: 185 sec

---2015-12-04 23:55:29
MemTotal:        1959952 kB
MemFree:           96352 kB
Buffers:            4504 kB
Cached:           863352 kB
SwapCached:         1464 kB
Active:           767664 kB
Inactive:         584836 kB
Active(anon):     310204 kB
Inactive(anon):   177084 kB
Active(file):     457460 kB
Inactive(file):   407752 kB
Unevictable:        1768 kB
Mlocked:               0 kB
HighTotal:       1372556 kB
HighFree:          28760 kB
LowTotal:         587396 kB
LowFree:           67592 kB
SwapTotal:        262140 kB
SwapFree:         222868 kB
Dirty:               764 kB
Writeback:             0 kB
AnonPages:        486380 kB
Mapped:           330356 kB
Shmem:               876 kB
Slab:              57388 kB
SReclaimable:      17768 kB
SUnreclaim:        39620 kB
KernelStack:       16576 kB
PageTables:        28588 kB
NFS_Unstable:          0 kB
Bounce:                0 kB
WritebackTmp:          0 kB
CommitLimit:     1242116 kB
Committed_AS:   57804848 kB
VmallocTotal:     409600 kB
VmallocUsed:       35040 kB
VmallocChunk:     111644 kB
Time pass: 189 sec

---2015-12-04 23:55:29
MemTotal:        1959952 kB
MemFree:           94680 kB
Buffers:            4504 kB
Cached:           863408 kB
SwapCached:         1464 kB
Active:           768756 kB
Inactive:         584876 kB
Active(anon):     311284 kB
Inactive(anon):   177076 kB
Active(file):     457472 kB
Inactive(file):   407800 kB
Unevictable:        1768 kB
Mlocked:               0 kB
HighTotal:       1372556 kB
HighFree:          27012 kB
LowTotal:         587396 kB
LowFree:           67668 kB
SwapTotal:        262140 kB
SwapFree:         222868 kB
Dirty:               772 kB
Writeback:             0 kB
AnonPages:        487360 kB
Mapped:           330428 kB
Shmem:               872 kB
Slab:              57324 kB
SReclaimable:      17768 kB
SUnreclaim:        39556 kB
KernelStack:       16432 kB
PageTables:        28512 kB
NFS_Unstable:          0 kB
Bounce:                0 kB
WritebackTmp:          0 kB
CommitLimit:     1242116 kB
Committed_AS:   57803744 kB
VmallocTotal:     409600 kB
VmallocUsed:       35040 kB
VmallocChunk:     111644 kB
Time pass: 193 sec

---2015-12-04 23:55:29
MemTotal:        1959952 kB
MemFree:           93568 kB
Buffers:            4504 kB
Cached:           863424 kB
SwapCached:         1464 kB
Active:           769768 kB
Inactive:         584888 kB
Active(anon):     312296 kB
Inactive(anon):   177088 kB
Active(file):     457472 kB
Inactive(file):   407800 kB
Unevictable:        1768 kB
Mlocked:               0 kB
HighTotal:       1372556 kB
HighFree:          26736 kB
LowTotal:         587396 kB
LowFree:           66832 kB
SwapTotal:        262140 kB
SwapFree:         222868 kB
Dirty:               764 kB
Writeback:             0 kB
AnonPages:        488472 kB
Mapped:           330364 kB
Shmem:               888 kB
Slab:              57392 kB
SReclaimable:      17768 kB
SUnreclaim:        39624 kB
KernelStack:       16440 kB
PageTables:        28496 kB
NFS_Unstable:          0 kB
Bounce:                0 kB
WritebackTmp:          0 kB
CommitLimit:     1242116 kB
Committed_AS:   57803800 kB
VmallocTotal:     409600 kB
VmallocUsed:       35040 kB
VmallocChunk:     111644 kB
Time pass: 197 sec

---2015-12-04 23:55:29
MemTotal:        1959952 kB
MemFree:           91992 kB
Buffers:            4504 kB
Cached:           863424 kB
SwapCached:         1464 kB
Active:           771228 kB
Inactive:         584884 kB
Active(anon):     313752 kB
Inactive(anon):   177088 kB
Active(file):     457476 kB
Inactive(file):   407796 kB
Unevictable:        1768 kB
Mlocked:               0 kB
HighTotal:       1372556 kB
HighFree:          25748 kB
LowTotal:         587396 kB
LowFree:           66244 kB
SwapTotal:        262140 kB
SwapFree:         222868 kB
Dirty:               760 kB
Writeback:             0 kB
AnonPages:        489752 kB
Mapped:           330464 kB
Shmem:               888 kB
Slab:              57456 kB
SReclaimable:      17768 kB
SUnreclaim:        39688 kB
KernelStack:       16440 kB
PageTables:        28512 kB
NFS_Unstable:          0 kB
Bounce:                0 kB
WritebackTmp:          0 kB
CommitLimit:     1242116 kB
Committed_AS:   57803832 kB
VmallocTotal:     409600 kB
VmallocUsed:       35040 kB
VmallocChunk:     111644 kB
Time pass: 200 sec

---2015-12-04 23:55:29
MemTotal:        1959952 kB
MemFree:           92352 kB
Buffers:            4504 kB
Cached:           863424 kB
SwapCached:         1464 kB
Active:           770760 kB
Inactive:         584884 kB
Active(anon):     313284 kB
Inactive(anon):   177088 kB
Active(file):     457476 kB
Inactive(file):   407796 kB
Unevictable:        1768 kB
Mlocked:               0 kB
HighTotal:       1372556 kB
HighFree:          25884 kB
LowTotal:         587396 kB
LowFree:           66468 kB
SwapTotal:        262140 kB
SwapFree:         222868 kB
Dirty:               760 kB
Writeback:             0 kB
AnonPages:        489316 kB
Mapped:           330468 kB
Shmem:               888 kB
Slab:              57328 kB
SReclaimable:      17768 kB
SUnreclaim:        39560 kB
KernelStack:       16432 kB
PageTables:        28512 kB
NFS_Unstable:          0 kB
Bounce:                0 kB
WritebackTmp:          0 kB
CommitLimit:     1242116 kB
Committed_AS:   57803656 kB
VmallocTotal:     409600 kB
VmallocUsed:       35040 kB
VmallocChunk:     111644 kB
Time pass: 205 sec

---2015-12-04 23:55:29
MemTotal:        1959952 kB
MemFree:           97176 kB
Buffers:            4504 kB
Cached:           863424 kB
SwapCached:         1464 kB
Active:           766004 kB
Inactive:         584876 kB
Active(anon):     308528 kB
Inactive(anon):   177080 kB
Active(file):     457476 kB
Inactive(file):   407796 kB
Unevictable:        1768 kB
Mlocked:               0 kB
HighTotal:       1372556 kB
HighFree:          29476 kB
LowTotal:         587396 kB
LowFree:           67700 kB
SwapTotal:        262140 kB
SwapFree:         222868 kB
Dirty:               760 kB
Writeback:             0 kB
AnonPages:        484408 kB
Mapped:           330468 kB
Shmem:               888 kB
Slab:              57420 kB
SReclaimable:      17768 kB
SUnreclaim:        39652 kB
KernelStack:       16432 kB
PageTables:        28504 kB
NFS_Unstable:          0 kB
Bounce:                0 kB
WritebackTmp:          0 kB
CommitLimit:     1242116 kB
Committed_AS:   57803720 kB
VmallocTotal:     409600 kB
VmallocUsed:       35040 kB
VmallocChunk:     111644 kB
Time pass: 209 sec

---2015-12-04 23:55:29
MemTotal:        1959952 kB
MemFree:           93836 kB
Buffers:            4504 kB
Cached:           863612 kB
SwapCached:         1464 kB
Active:           769236 kB
Inactive:         585008 kB
Active(anon):     311764 kB
Inactive(anon):   177080 kB
Active(file):     457472 kB
Inactive(file):   407928 kB
Unevictable:        1768 kB
Mlocked:               0 kB
HighTotal:       1372556 kB
HighFree:          26496 kB
LowTotal:         587396 kB
LowFree:           67340 kB
SwapTotal:        262140 kB
SwapFree:         222868 kB
Dirty:               780 kB
Writeback:             0 kB
AnonPages:        487708 kB
Mapped:           334836 kB
Shmem:               888 kB
Slab:              57292 kB
SReclaimable:      17768 kB
SUnreclaim:        39524 kB
KernelStack:       16616 kB
PageTables:        28888 kB
NFS_Unstable:          0 kB
Bounce:                0 kB
WritebackTmp:          0 kB
CommitLimit:     1242116 kB
Committed_AS:   58763444 kB
VmallocTotal:     409600 kB
VmallocUsed:       36060 kB
VmallocChunk:     111644 kB
Time pass: 212 sec

---2015-12-04 23:55:29
MemTotal:        1959952 kB
MemFree:           95732 kB
Buffers:            4504 kB
Cached:           863652 kB
SwapCached:         1464 kB
Active:           767300 kB
Inactive:         585104 kB
Active(anon):     309824 kB
Inactive(anon):   177080 kB
Active(file):     457476 kB
Inactive(file):   408024 kB
Unevictable:        1768 kB
Mlocked:               0 kB
HighTotal:       1372556 kB
HighFree:          28236 kB
LowTotal:         587396 kB
LowFree:           67496 kB
SwapTotal:        262140 kB
SwapFree:         222868 kB
Dirty:               780 kB
Writeback:             0 kB
AnonPages:        485852 kB
Mapped:           333520 kB
Shmem:               888 kB
Slab:              57384 kB
SReclaimable:      17768 kB
SUnreclaim:        39616 kB
KernelStack:       16552 kB
PageTables:        28832 kB
NFS_Unstable:          0 kB
Bounce:                0 kB
WritebackTmp:          0 kB
CommitLimit:     1242116 kB
Committed_AS:   58761188 kB
VmallocTotal:     409600 kB
VmallocUsed:       36060 kB
VmallocChunk:     111644 kB
Time pass: 217 sec

---2015-12-04 23:55:29
MemTotal:        1959952 kB
MemFree:          100376 kB
Buffers:            4504 kB
Cached:           863652 kB
SwapCached:         1464 kB
Active:           762980 kB
Inactive:         585092 kB
Active(anon):     305504 kB
Inactive(anon):   177068 kB
Active(file):     457476 kB
Inactive(file):   408024 kB
Unevictable:        1768 kB
Mlocked:               0 kB
HighTotal:       1372556 kB
HighFree:          32588 kB
LowTotal:         587396 kB
LowFree:           67788 kB
SwapTotal:        262140 kB
SwapFree:         222868 kB
Dirty:               780 kB
Writeback:             0 kB
AnonPages:        481476 kB
Mapped:           330508 kB
Shmem:               888 kB
Slab:              57384 kB
SReclaimable:      17768 kB
SUnreclaim:        39616 kB
KernelStack:       16408 kB
PageTables:        28496 kB
NFS_Unstable:          0 kB
Bounce:                0 kB
WritebackTmp:          0 kB
CommitLimit:     1242116 kB
Committed_AS:   57801572 kB
VmallocTotal:     409600 kB
VmallocUsed:       35040 kB
VmallocChunk:     111644 kB
Time pass: 221 sec

---2015-12-04 23:55:29
MemTotal:        1959952 kB
MemFree:           98664 kB
Buffers:            4504 kB
Cached:           863672 kB
SwapCached:         1464 kB
Active:           764148 kB
Inactive:         585092 kB
Active(anon):     306672 kB
Inactive(anon):   177068 kB
Active(file):     457476 kB
Inactive(file):   408024 kB
Unevictable:        1768 kB
Mlocked:               0 kB
HighTotal:       1372556 kB
HighFree:          30948 kB
LowTotal:         587396 kB
LowFree:           67716 kB
SwapTotal:        262140 kB
SwapFree:         222868 kB
Dirty:               780 kB
Writeback:             0 kB
AnonPages:        482628 kB
Mapped:           330512 kB
Shmem:               908 kB
Slab:              57608 kB
SReclaimable:      17768 kB
SUnreclaim:        39840 kB
KernelStack:       16424 kB
PageTables:        28508 kB
NFS_Unstable:          0 kB
Bounce:                0 kB
WritebackTmp:          0 kB
CommitLimit:     1242116 kB
Committed_AS:   57802004 kB
VmallocTotal:     409600 kB
VmallocUsed:       35040 kB
VmallocChunk:     111644 kB
Time pass: 225 sec

---2015-12-04 23:55:29
MemTotal:        1959952 kB
MemFree:           97868 kB
Buffers:            4504 kB
Cached:           863680 kB
SwapCached:         1464 kB
Active:           765320 kB
Inactive:         585132 kB
Active(anon):     307856 kB
Inactive(anon):   177088 kB
Active(file):     457464 kB
Inactive(file):   408044 kB
Unevictable:        1768 kB
Mlocked:               0 kB
HighTotal:       1372556 kB
HighFree:          30244 kB
LowTotal:         587396 kB
LowFree:           67624 kB
SwapTotal:        262140 kB
SwapFree:         222868 kB
Dirty:               820 kB
Writeback:             0 kB
AnonPages:        483916 kB
Mapped:           330512 kB
Shmem:               908 kB
Slab:              57480 kB
SReclaimable:      17768 kB
SUnreclaim:        39712 kB
KernelStack:       16448 kB
PageTables:        28516 kB
NFS_Unstable:          0 kB
Bounce:                0 kB
WritebackTmp:          0 kB
CommitLimit:     1242116 kB
Committed_AS:   57801996 kB
VmallocTotal:     409600 kB
VmallocUsed:       35040 kB
VmallocChunk:     111644 kB
Time pass: 228 sec

---2015-12-04 23:55:29
MemTotal:        1959952 kB
MemFree:           96076 kB
Buffers:            4504 kB
Cached:           863672 kB
SwapCached:         1464 kB
Active:           766876 kB
Inactive:         585112 kB
Active(anon):     309404 kB
Inactive(anon):   177084 kB
Active(file):     457472 kB
Inactive(file):   408028 kB
Unevictable:        1768 kB
Mlocked:               0 kB
HighTotal:       1372556 kB
HighFree:          28580 kB
LowTotal:         587396 kB
LowFree:           67496 kB
SwapTotal:        262140 kB
SwapFree:         222868 kB
Dirty:               848 kB
Writeback:             0 kB
AnonPages:        485428 kB
Mapped:           330512 kB
Shmem:               908 kB
Slab:              57384 kB
SReclaimable:      17768 kB
SUnreclaim:        39616 kB
KernelStack:       16456 kB
PageTables:        28508 kB
NFS_Unstable:          0 kB
Bounce:                0 kB
WritebackTmp:          0 kB
CommitLimit:     1242116 kB
Committed_AS:   57802436 kB
VmallocTotal:     409600 kB
VmallocUsed:       35040 kB
VmallocChunk:     111644 kB
Time pass: 232 sec

---2015-12-04 23:55:29
MemTotal:        1959952 kB
MemFree:           95236 kB
Buffers:            4504 kB
Cached:           863672 kB
SwapCached:         1464 kB
Active:           767900 kB
Inactive:         585116 kB
Active(anon):     310432 kB
Inactive(anon):   177084 kB
Active(file):     457468 kB
Inactive(file):   408032 kB
Unevictable:        1768 kB
Mlocked:               0 kB
HighTotal:       1372556 kB
HighFree:          27652 kB
LowTotal:         587396 kB
LowFree:           67584 kB
SwapTotal:        262140 kB
SwapFree:         222868 kB
Dirty:               792 kB
Writeback:             0 kB
AnonPages:        486468 kB
Mapped:           330636 kB
Shmem:               908 kB
Slab:              57388 kB
SReclaimable:      17768 kB
SUnreclaim:        39620 kB
KernelStack:       16584 kB
PageTables:        28588 kB
NFS_Unstable:          0 kB
Bounce:                0 kB
WritebackTmp:          0 kB
CommitLimit:     1242116 kB
Committed_AS:   57802536 kB
VmallocTotal:     409600 kB
VmallocUsed:       35040 kB
VmallocChunk:     111644 kB
Time pass: 236 sec

---2015-12-04 23:55:29
MemTotal:        1959952 kB
MemFree:           94376 kB
Buffers:            4504 kB
Cached:           863672 kB
SwapCached:         1464 kB
Active:           768620 kB
Inactive:         585108 kB
Active(anon):     311144 kB
Inactive(anon):   177084 kB
Active(file):     457476 kB
Inactive(file):   408024 kB
Unevictable:        1768 kB
Mlocked:               0 kB
HighTotal:       1372556 kB
HighFree:          26916 kB
LowTotal:         587396 kB
LowFree:           67460 kB
SwapTotal:        262140 kB
SwapFree:         222868 kB
Dirty:               780 kB
Writeback:             0 kB
AnonPages:        487112 kB
Mapped:           330480 kB
Shmem:               908 kB
Slab:              57548 kB
SReclaimable:      17768 kB
SUnreclaim:        39780 kB
KernelStack:       16456 kB
PageTables:        28656 kB
NFS_Unstable:          0 kB
Bounce:                0 kB
WritebackTmp:          0 kB
CommitLimit:     1242116 kB
Committed_AS:   58737512 kB
VmallocTotal:     409600 kB
VmallocUsed:       35040 kB
VmallocChunk:     111644 kB
Time pass: 240 sec

---2015-12-04 23:55:29
MemTotal:        1959952 kB
MemFree:           93948 kB
Buffers:            4504 kB
Cached:           863672 kB
SwapCached:         1464 kB
Active:           769088 kB
Inactive:         585108 kB
Active(anon):     311612 kB
Inactive(anon):   177084 kB
Active(file):     457476 kB
Inactive(file):   408024 kB
Unevictable:        1768 kB
Mlocked:               0 kB
HighTotal:       1372556 kB
HighFree:          26508 kB
LowTotal:         587396 kB
LowFree:           67440 kB
SwapTotal:        262140 kB
SwapFree:         222868 kB
Dirty:               780 kB
Writeback:             0 kB
AnonPages:        487460 kB
Mapped:           330512 kB
Shmem:               908 kB
Slab:              57420 kB
SReclaimable:      17768 kB
SUnreclaim:        39652 kB
KernelStack:       16448 kB
PageTables:        28516 kB
NFS_Unstable:          0 kB
Bounce:                0 kB
WritebackTmp:          0 kB
CommitLimit:     1242116 kB
Committed_AS:   57802740 kB
VmallocTotal:     409600 kB
VmallocUsed:       35040 kB
VmallocChunk:     111644 kB
Time pass: 244 sec

---2015-12-04 23:55:29
MemTotal:        1959952 kB
MemFree:           92116 kB
Buffers:            4504 kB
Cached:           863680 kB
SwapCached:         1464 kB
Active:           770056 kB
Inactive:         585120 kB
Active(anon):     312584 kB
Inactive(anon):   177084 kB
Active(file):     457472 kB
Inactive(file):   408036 kB
Unevictable:        1768 kB
Mlocked:               0 kB
HighTotal:       1372556 kB
HighFree:          25636 kB
LowTotal:         587396 kB
LowFree:           66480 kB
SwapTotal:        262140 kB
SwapFree:         222868 kB
Dirty:               808 kB
Writeback:             0 kB
AnonPages:        488540 kB
Mapped:           330512 kB
Shmem:               908 kB
Slab:              57428 kB
SReclaimable:      17768 kB
SUnreclaim:        39660 kB
KernelStack:       16448 kB
PageTables:        28512 kB
NFS_Unstable:          0 kB
Bounce:                0 kB
WritebackTmp:          0 kB
CommitLimit:     1242116 kB
Committed_AS:   57802880 kB
VmallocTotal:     409600 kB
VmallocUsed:       35040 kB
VmallocChunk:     111644 kB
Time pass: 248 sec

---2015-12-04 23:55:29
MemTotal:        1959952 kB
MemFree:           91512 kB
Buffers:            4504 kB
Cached:           863680 kB
SwapCached:         1464 kB
Active:           770840 kB
Inactive:         585120 kB
Active(anon):     313368 kB
Inactive(anon):   177084 kB
Active(file):     457472 kB
Inactive(file):   408036 kB
Unevictable:        1768 kB
Mlocked:               0 kB
HighTotal:       1372556 kB
HighFree:          25740 kB
LowTotal:         587396 kB
LowFree:           65772 kB
SwapTotal:        262140 kB
SwapFree:         222868 kB
Dirty:               804 kB
Writeback:             0 kB
AnonPages:        489520 kB
Mapped:           330512 kB
Shmem:               908 kB
Slab:              57460 kB
SReclaimable:      17768 kB
SUnreclaim:        39692 kB
KernelStack:       16440 kB
PageTables:        28516 kB
NFS_Unstable:          0 kB
Bounce:                0 kB
WritebackTmp:          0 kB
CommitLimit:     1242116 kB
Committed_AS:   57802880 kB
VmallocTotal:     409600 kB
VmallocUsed:       35040 kB
VmallocChunk:     111644 kB
Time pass: 252 sec

---2015-12-04 23:55:29
MemTotal:        1959952 kB
MemFree:           90528 kB
Buffers:            4504 kB
Cached:           863680 kB
SwapCached:         1464 kB
Active:           772160 kB
Inactive:         585120 kB
Active(anon):     314688 kB
Inactive(anon):   177084 kB
Active(file):     457472 kB
Inactive(file):   408036 kB
Unevictable:        1768 kB
Mlocked:               0 kB
HighTotal:       1372556 kB
HighFree:          25488 kB
LowTotal:         587396 kB
LowFree:           65040 kB
SwapTotal:        262140 kB
SwapFree:         222868 kB
Dirty:               804 kB
Writeback:             0 kB
AnonPages:        490772 kB
Mapped:           330512 kB
Shmem:               908 kB
Slab:              57524 kB
SReclaimable:      17768 kB
SUnreclaim:        39756 kB
KernelStack:       16440 kB
PageTables:        28520 kB
NFS_Unstable:          0 kB
Bounce:                0 kB
WritebackTmp:          0 kB
CommitLimit:     1242116 kB
Committed_AS:   57802984 kB
VmallocTotal:     409600 kB
VmallocUsed:       35040 kB
VmallocChunk:     111644 kB
Time pass: 256 sec

---2015-12-04 23:55:29
MemTotal:        1959952 kB
MemFree:           89304 kB
Buffers:            4504 kB
Cached:           863680 kB
SwapCached:         1464 kB
Active:           773576 kB
Inactive:         585120 kB
Active(anon):     316104 kB
Inactive(anon):   177084 kB
Active(file):     457472 kB
Inactive(file):   408036 kB
Unevictable:        1768 kB
Mlocked:               0 kB
HighTotal:       1372556 kB
HighFree:          25536 kB
LowTotal:         587396 kB
LowFree:           63768 kB
SwapTotal:        262140 kB
SwapFree:         222868 kB
Dirty:               804 kB
Writeback:             0 kB
AnonPages:        491976 kB
Mapped:           330512 kB
Shmem:               908 kB
Slab:              57364 kB
SReclaimable:      17768 kB
SUnreclaim:        39596 kB
KernelStack:       16432 kB
PageTables:        28520 kB
NFS_Unstable:          0 kB
Bounce:                0 kB
WritebackTmp:          0 kB
CommitLimit:     1242116 kB
Committed_AS:   57803200 kB
VmallocTotal:     409600 kB
VmallocUsed:       35040 kB
VmallocChunk:     111644 kB
Time pass: 260 sec

---2015-12-04 23:55:29
MemTotal:        1959952 kB
MemFree:           94896 kB
Buffers:            4504 kB
Cached:           863800 kB
SwapCached:         1464 kB
Active:           768712 kB
Inactive:         585236 kB
Active(anon):     311236 kB
Inactive(anon):   177084 kB
Active(file):     457476 kB
Inactive(file):   408152 kB
Unevictable:        1768 kB
Mlocked:               0 kB
HighTotal:       1372556 kB
HighFree:          29304 kB
LowTotal:         587396 kB
LowFree:           65592 kB
SwapTotal:        262140 kB
SwapFree:         222868 kB
Dirty:               784 kB
Writeback:             0 kB
AnonPages:        487344 kB
Mapped:           326188 kB
Shmem:               908 kB
Slab:              57504 kB
SReclaimable:      17768 kB
SUnreclaim:        39736 kB
KernelStack:       16376 kB
PageTables:        28112 kB
NFS_Unstable:          0 kB
Bounce:                0 kB
WritebackTmp:          0 kB
CommitLimit:     1242116 kB
Committed_AS:   57814512 kB
VmallocTotal:     409600 kB
VmallocUsed:       35040 kB
VmallocChunk:     111644 kB
Time pass: 264 sec

---2015-12-04 23:55:29
MemTotal:        1959952 kB
MemFree:           94756 kB
Buffers:            4504 kB
Cached:           863800 kB
SwapCached:         1464 kB
Active:           769080 kB
Inactive:         585240 kB
Active(anon):     311608 kB
Inactive(anon):   177084 kB
Active(file):     457472 kB
Inactive(file):   408156 kB
Unevictable:        1768 kB
Mlocked:               0 kB
HighTotal:       1372556 kB
HighFree:          28996 kB
LowTotal:         587396 kB
LowFree:           65760 kB
SwapTotal:        262140 kB
SwapFree:         222868 kB
Dirty:               804 kB
Writeback:             0 kB
AnonPages:        487620 kB
Mapped:           326000 kB
Shmem:               908 kB
Slab:              57460 kB
SReclaimable:      17768 kB
SUnreclaim:        39692 kB
KernelStack:       16240 kB
PageTables:        28052 kB
NFS_Unstable:          0 kB
Bounce:                0 kB
WritebackTmp:          0 kB
CommitLimit:     1242116 kB
Committed_AS:   56852656 kB
VmallocTotal:     409600 kB
VmallocUsed:       34020 kB
VmallocChunk:     111644 kB
Time pass: 268 sec

---2015-12-04 23:55:29
MemTotal:        1959952 kB
MemFree:           93536 kB
Buffers:            4504 kB
Cached:           863800 kB
SwapCached:         1464 kB
Active:           770264 kB
Inactive:         585240 kB
Active(anon):     312792 kB
Inactive(anon):   177084 kB
Active(file):     457472 kB
Inactive(file):   408156 kB
Unevictable:        1768 kB
Mlocked:               0 kB
HighTotal:       1372556 kB
HighFree:          27708 kB
LowTotal:         587396 kB
LowFree:           65828 kB
SwapTotal:        262140 kB
SwapFree:         222868 kB
Dirty:               828 kB
Writeback:             0 kB
AnonPages:        488872 kB
Mapped:           325928 kB
Shmem:               908 kB
Slab:              57364 kB
SReclaimable:      17768 kB
SUnreclaim:        39596 kB
KernelStack:       16232 kB
PageTables:        28040 kB
NFS_Unstable:          0 kB
Bounce:                0 kB
WritebackTmp:          0 kB
CommitLimit:     1242116 kB
Committed_AS:   56852776 kB
VmallocTotal:     409600 kB
VmallocUsed:       34020 kB
VmallocChunk:     111644 kB
Time pass: 272 sec

---2015-12-04 23:55:29
MemTotal:        1959952 kB
MemFree:           93484 kB
Buffers:            4504 kB
Cached:           863900 kB
SwapCached:         1464 kB
Active:           769804 kB
Inactive:         585332 kB
Active(anon):     312328 kB
Inactive(anon):   177080 kB
Active(file):     457476 kB
Inactive(file):   408252 kB
Unevictable:        1768 kB
Mlocked:               0 kB
HighTotal:       1372556 kB
HighFree:          27844 kB
LowTotal:         587396 kB
LowFree:           65640 kB
SwapTotal:        262140 kB
SwapFree:         222868 kB
Dirty:               892 kB
Writeback:             0 kB
AnonPages:        488252 kB
Mapped:           326008 kB
Shmem:               908 kB
Slab:              57556 kB
SReclaimable:      17768 kB
SUnreclaim:        39788 kB
KernelStack:       16248 kB
PageTables:        28052 kB
NFS_Unstable:          0 kB
Bounce:                0 kB
WritebackTmp:          0 kB
CommitLimit:     1242116 kB
Committed_AS:   56852876 kB
VmallocTotal:     409600 kB
VmallocUsed:       34020 kB
VmallocChunk:     111644 kB
Time pass: 276 sec

---2015-12-04 23:55:29
MemTotal:        1959952 kB
MemFree:          102140 kB
Buffers:            4504 kB
Cached:           863900 kB
SwapCached:         1464 kB
Active:           761088 kB
Inactive:         585332 kB
Active(anon):     303612 kB
Inactive(anon):   177080 kB
Active(file):     457476 kB
Inactive(file):   408252 kB
Unevictable:        1768 kB
Mlocked:               0 kB
HighTotal:       1372556 kB
HighFree:          34048 kB
LowTotal:         587396 kB
LowFree:           68092 kB
SwapTotal:        262140 kB
SwapFree:         222868 kB
Dirty:               892 kB
Writeback:             0 kB
AnonPages:        479640 kB
Mapped:           326008 kB
Shmem:               908 kB
Slab:              57556 kB
SReclaimable:      17768 kB
SUnreclaim:        39788 kB
KernelStack:       16248 kB
PageTables:        28052 kB
NFS_Unstable:          0 kB
Bounce:                0 kB
WritebackTmp:          0 kB
CommitLimit:     1242116 kB
Committed_AS:   56852988 kB
VmallocTotal:     409600 kB
VmallocUsed:       34020 kB
VmallocChunk:     111644 kB
Time pass: 280 sec

---2015-12-04 23:55:29
MemTotal:        1959952 kB
MemFree:          102324 kB
Buffers:            4504 kB
Cached:           863900 kB
SwapCached:         1464 kB
Active:           761236 kB
Inactive:         585332 kB
Active(anon):     303760 kB
Inactive(anon):   177080 kB
Active(file):     457476 kB
Inactive(file):   408252 kB
Unevictable:        1768 kB
Mlocked:               0 kB
HighTotal:       1372556 kB
HighFree:          33844 kB
LowTotal:         587396 kB
LowFree:           68480 kB
SwapTotal:        262140 kB
SwapFree:         222868 kB
Dirty:               892 kB
Writeback:             0 kB
AnonPages:        479932 kB
Mapped:           326008 kB
Shmem:               908 kB
Slab:              57524 kB
SReclaimable:      17768 kB
SUnreclaim:        39756 kB
KernelStack:       16248 kB
PageTables:        28052 kB
NFS_Unstable:          0 kB
Bounce:                0 kB
WritebackTmp:          0 kB
CommitLimit:     1242116 kB
Committed_AS:   56853104 kB
VmallocTotal:     409600 kB
VmallocUsed:       34020 kB
VmallocChunk:     111644 kB
Time pass: 284 sec

---2015-12-04 23:55:29
MemTotal:        1959952 kB
MemFree:          101956 kB
Buffers:            4504 kB
Cached:           863900 kB
SwapCached:         1464 kB
Active:           761752 kB
Inactive:         585336 kB
Active(anon):     304280 kB
Inactive(anon):   177080 kB
Active(file):     457472 kB
Inactive(file):   408256 kB
Unevictable:        1768 kB
Mlocked:               0 kB
HighTotal:       1372556 kB
HighFree:          33076 kB
LowTotal:         587396 kB
LowFree:           68880 kB
SwapTotal:        262140 kB
SwapFree:         222868 kB
Dirty:               912 kB
Writeback:             0 kB
AnonPages:        480324 kB
Mapped:           326008 kB
Shmem:               908 kB
Slab:              57364 kB
SReclaimable:      17768 kB
SUnreclaim:        39596 kB
KernelStack:       16256 kB
PageTables:        28048 kB
NFS_Unstable:          0 kB
Bounce:                0 kB
WritebackTmp:          0 kB
CommitLimit:     1242116 kB
Committed_AS:   56853116 kB
VmallocTotal:     409600 kB
VmallocUsed:       34020 kB
VmallocChunk:     111644 kB
Time pass: 288 sec

---2015-12-04 23:55:29
MemTotal:        1959952 kB
MemFree:           97408 kB
Buffers:            4504 kB
Cached:           863900 kB
SwapCached:         1464 kB
Active:           766384 kB
Inactive:         585324 kB
Active(anon):     308908 kB
Inactive(anon):   177072 kB
Active(file):     457476 kB
Inactive(file):   408252 kB
Unevictable:        1768 kB
Mlocked:               0 kB
HighTotal:       1372556 kB
HighFree:          28356 kB
LowTotal:         587396 kB
LowFree:           69052 kB
SwapTotal:        262140 kB
SwapFree:         222868 kB
Dirty:               892 kB
Writeback:             0 kB
AnonPages:        484968 kB
Mapped:           330164 kB
Shmem:               908 kB
Slab:              57396 kB
SReclaimable:      17768 kB
SUnreclaim:        39628 kB
KernelStack:       16256 kB
PageTables:        28256 kB
NFS_Unstable:          0 kB
Bounce:                0 kB
WritebackTmp:          0 kB
CommitLimit:     1242116 kB
Committed_AS:   57815268 kB
VmallocTotal:     409600 kB
VmallocUsed:       34020 kB
VmallocChunk:     111644 kB
Time pass: 292 sec

---2015-12-04 23:55:29
MemTotal:        1959952 kB
MemFree:          100820 kB
Buffers:            4504 kB
Cached:           863900 kB
SwapCached:         1464 kB
Active:           763048 kB
Inactive:         585324 kB
Active(anon):     305572 kB
Inactive(anon):   177072 kB
Active(file):     457476 kB
Inactive(file):   408252 kB
Unevictable:        1768 kB
Mlocked:               0 kB
HighTotal:       1372556 kB
HighFree:          31100 kB
LowTotal:         587396 kB
LowFree:           69720 kB
SwapTotal:        262140 kB
SwapFree:         222868 kB
Dirty:               892 kB
Writeback:             0 kB
AnonPages:        481444 kB
Mapped:           326008 kB
Shmem:               908 kB
Slab:              57460 kB
SReclaimable:      17768 kB
SUnreclaim:        39692 kB
KernelStack:       16232 kB
PageTables:        28048 kB
NFS_Unstable:          0 kB
Bounce:                0 kB
WritebackTmp:          0 kB
CommitLimit:     1242116 kB
Committed_AS:   56853444 kB
VmallocTotal:     409600 kB
VmallocUsed:       34020 kB
VmallocChunk:     111644 kB
Time pass: 296 sec

---2015-12-04 23:55:29
MemTotal:        1959952 kB
MemFree:           99496 kB
Buffers:            4504 kB
Cached:           863900 kB
SwapCached:         1464 kB
Active:           763924 kB
Inactive:         585324 kB
Active(anon):     306448 kB
Inactive(anon):   177072 kB
Active(file):     457476 kB
Inactive(file):   408252 kB
Unevictable:        1768 kB
Mlocked:               0 kB
HighTotal:       1372556 kB
HighFree:          29736 kB
LowTotal:         587396 kB
LowFree:           69760 kB
SwapTotal:        262140 kB
SwapFree:         222868 kB
Dirty:               892 kB
Writeback:             0 kB
AnonPages:        482640 kB
Mapped:           326008 kB
Shmem:               908 kB
Slab:              57492 kB
SReclaimable:      17768 kB
SUnreclaim:        39724 kB
KernelStack:       16240 kB
PageTables:        28052 kB
NFS_Unstable:          0 kB
Bounce:                0 kB
WritebackTmp:          0 kB
CommitLimit:     1242116 kB
Committed_AS:   56853536 kB
VmallocTotal:     409600 kB
VmallocUsed:       34020 kB
VmallocChunk:     111644 kB
Time pass: 300 sec

---2015-12-04 23:55:29
MemTotal:        1959952 kB
MemFree:           98228 kB
Buffers:            4504 kB
Cached:           863900 kB
SwapCached:         1464 kB
Active:           765016 kB
Inactive:         585324 kB
Active(anon):     307540 kB
Inactive(anon):   177072 kB
Active(file):     457476 kB
Inactive(file):   408252 kB
Unevictable:        1768 kB
Mlocked:               0 kB
HighTotal:       1372556 kB
HighFree:          28620 kB
LowTotal:         587396 kB
LowFree:           69608 kB
SwapTotal:        262140 kB
SwapFree:         222868 kB
Dirty:               892 kB
Writeback:             0 kB
AnonPages:        483540 kB
Mapped:           326008 kB
Shmem:               908 kB
Slab:              57524 kB
SReclaimable:      17768 kB
SUnreclaim:        39756 kB
KernelStack:       16232 kB
PageTables:        28052 kB
NFS_Unstable:          0 kB
Bounce:                0 kB
WritebackTmp:          0 kB
CommitLimit:     1242116 kB
Committed_AS:   56853616 kB
VmallocTotal:     409600 kB
VmallocUsed:       34020 kB
VmallocChunk:     111644 kB
Time pass: 304 sec

---2015-12-04 23:55:29
MemTotal:        1959952 kB
MemFree:           97276 kB
Buffers:            4504 kB
Cached:           863900 kB
SwapCached:         1464 kB
Active:           766160 kB
Inactive:         585328 kB
Active(anon):     308688 kB
Inactive(anon):   177072 kB
Active(file):     457472 kB
Inactive(file):   408256 kB
Unevictable:        1768 kB
Mlocked:               0 kB
HighTotal:       1372556 kB
HighFree:          27764 kB
LowTotal:         587396 kB
LowFree:           69512 kB
SwapTotal:        262140 kB
SwapFree:         222868 kB
Dirty:               912 kB
Writeback:             0 kB
AnonPages:        484692 kB
Mapped:           326008 kB
Shmem:               908 kB
Slab:              57464 kB
SReclaimable:      17768 kB
SUnreclaim:        39696 kB
KernelStack:       16248 kB
PageTables:        28052 kB
NFS_Unstable:          0 kB
Bounce:                0 kB
WritebackTmp:          0 kB
CommitLimit:     1242116 kB
Committed_AS:   56853688 kB
VmallocTotal:     409600 kB
VmallocUsed:       34020 kB
VmallocChunk:     111644 kB
Time pass: 308 sec

---2015-12-04 23:55:29
MemTotal:        1959952 kB
MemFree:           97764 kB
Buffers:            4504 kB
Cached:           864008 kB
SwapCached:         1464 kB
Active:           766312 kB
Inactive:         585436 kB
Active(anon):     308840 kB
Inactive(anon):   177072 kB
Active(file):     457472 kB
Inactive(file):   408364 kB
Unevictable:        1768 kB
Mlocked:               0 kB
HighTotal:       1372556 kB
HighFree:          28496 kB
LowTotal:         587396 kB
LowFree:           69268 kB
SwapTotal:        262140 kB
SwapFree:         222868 kB
Dirty:               912 kB
Writeback:             0 kB
AnonPages:        485152 kB
Mapped:           326016 kB
Shmem:               908 kB
Slab:              57328 kB
SReclaimable:      17768 kB
SUnreclaim:        39560 kB
KernelStack:       16240 kB
PageTables:        28052 kB
NFS_Unstable:          0 kB
Bounce:                0 kB
WritebackTmp:          0 kB
CommitLimit:     1242116 kB
Committed_AS:   56851816 kB
VmallocTotal:     409600 kB
VmallocUsed:       34020 kB
VmallocChunk:     111644 kB
Time pass: 312 sec

---2015-12-04 23:55:29
MemTotal:        1959952 kB
MemFree:           97580 kB
Buffers:            4504 kB
Cached:           864008 kB
SwapCached:         1464 kB
Active:           765676 kB
Inactive:         585432 kB
Active(anon):     308200 kB
Inactive(anon):   177072 kB
Active(file):     457476 kB
Inactive(file):   408360 kB
Unevictable:        1768 kB
Mlocked:               0 kB
HighTotal:       1372556 kB
HighFree:          29304 kB
LowTotal:         587396 kB
LowFree:           68276 kB
SwapTotal:        262140 kB
SwapFree:         222868 kB
Dirty:               892 kB
Writeback:             0 kB
AnonPages:        484124 kB
Mapped:           326016 kB
Shmem:               908 kB
Slab:              57488 kB
SReclaimable:      17768 kB
SUnreclaim:        39720 kB
KernelStack:       16240 kB
PageTables:        28060 kB
NFS_Unstable:          0 kB
Bounce:                0 kB
WritebackTmp:          0 kB
CommitLimit:     1242116 kB
Committed_AS:   56851800 kB
VmallocTotal:     409600 kB
VmallocUsed:       34020 kB
VmallocChunk:     111644 kB
Time pass: 316 sec

---2015-12-04 23:55:29
MemTotal:        1959952 kB
MemFree:           98096 kB
Buffers:            4504 kB
Cached:           864056 kB
SwapCached:         1464 kB
Active:           765488 kB
Inactive:         585480 kB
Active(anon):     308012 kB
Inactive(anon):   177120 kB
Active(file):     457476 kB
Inactive(file):   408360 kB
Unevictable:        1768 kB
Mlocked:               0 kB
HighTotal:       1372556 kB
HighFree:          29712 kB
LowTotal:         587396 kB
LowFree:           68384 kB
SwapTotal:        262140 kB
SwapFree:         222868 kB
Dirty:               892 kB
Writeback:             0 kB
AnonPages:        484088 kB
Mapped:           326248 kB
Shmem:               956 kB
Slab:              57328 kB
SReclaimable:      17768 kB
SUnreclaim:        39560 kB
KernelStack:       16248 kB
PageTables:        28052 kB
NFS_Unstable:          0 kB
Bounce:                0 kB
WritebackTmp:          0 kB
CommitLimit:     1242116 kB
Committed_AS:   56852012 kB
VmallocTotal:     409600 kB
VmallocUsed:       34020 kB
VmallocChunk:     111644 kB
Time pass: 320 sec

---2015-12-04 23:55:29
MemTotal:        1959952 kB
MemFree:          101408 kB
Buffers:            4504 kB
Cached:           864056 kB
SwapCached:         1464 kB
Active:           761900 kB
Inactive:         585476 kB
Active(anon):     304428 kB
Inactive(anon):   177112 kB
Active(file):     457472 kB
Inactive(file):   408364 kB
Unevictable:        1768 kB
Mlocked:               0 kB
HighTotal:       1372556 kB
HighFree:          33068 kB
LowTotal:         587396 kB
LowFree:           68340 kB
SwapTotal:        262140 kB
SwapFree:         222868 kB
Dirty:               900 kB
Writeback:            52 kB
AnonPages:        480468 kB
Mapped:           326064 kB
Shmem:               956 kB
Slab:              57360 kB
SReclaimable:      17768 kB
SUnreclaim:        39592 kB
KernelStack:       16248 kB
PageTables:        28056 kB
NFS_Unstable:          0 kB
Bounce:                0 kB
WritebackTmp:          0 kB
CommitLimit:     1242116 kB
Committed_AS:   56852260 kB
VmallocTotal:     409600 kB
VmallocUsed:       34020 kB
VmallocChunk:     111644 kB
Time pass: 324 sec

---2015-12-04 23:55:29
MemTotal:        1959952 kB
MemFree:          101496 kB
Buffers:            4504 kB
Cached:           864056 kB
SwapCached:         1464 kB
Active:           762200 kB
Inactive:         585476 kB
Active(anon):     304728 kB
Inactive(anon):   177112 kB
Active(file):     457472 kB
Inactive(file):   408364 kB
Unevictable:        1768 kB
Mlocked:               0 kB
HighTotal:       1372556 kB
HighFree:          32944 kB
LowTotal:         587396 kB
LowFree:           68552 kB
SwapTotal:        262140 kB
SwapFree:         222868 kB
Dirty:               920 kB
Writeback:             0 kB
AnonPages:        480752 kB
Mapped:           326064 kB
Shmem:               956 kB
Slab:              57488 kB
SReclaimable:      17768 kB
SUnreclaim:        39720 kB
KernelStack:       16248 kB
PageTables:        28056 kB
NFS_Unstable:          0 kB
Bounce:                0 kB
WritebackTmp:          0 kB
CommitLimit:     1242116 kB
Committed_AS:   56852332 kB
VmallocTotal:     409600 kB
VmallocUsed:       34020 kB
VmallocChunk:     111644 kB
Time pass: 328 sec

---2015-12-04 23:55:29
MemTotal:        1959952 kB
MemFree:          101032 kB
Buffers:            4504 kB
Cached:           864056 kB
SwapCached:         1464 kB
Active:           762656 kB
Inactive:         585476 kB
Active(anon):     305184 kB
Inactive(anon):   177112 kB
Active(file):     457472 kB
Inactive(file):   408364 kB
Unevictable:        1768 kB
Mlocked:               0 kB
HighTotal:       1372556 kB
HighFree:          32556 kB
LowTotal:         587396 kB
LowFree:           68476 kB
SwapTotal:        262140 kB
SwapFree:         222868 kB
Dirty:              1104 kB
Writeback:             0 kB
AnonPages:        481304 kB
Mapped:           326064 kB
Shmem:               956 kB
Slab:              57520 kB
SReclaimable:      17768 kB
SUnreclaim:        39752 kB
KernelStack:       16248 kB
PageTables:        28052 kB
NFS_Unstable:          0 kB
Bounce:                0 kB
WritebackTmp:          0 kB
CommitLimit:     1242116 kB
Committed_AS:   56852404 kB
VmallocTotal:     409600 kB
VmallocUsed:       34020 kB
VmallocChunk:     111644 kB
Time pass: 332 sec

---2015-12-04 23:55:29
MemTotal:        1959952 kB
MemFree:          100852 kB
Buffers:            4504 kB
Cached:           864056 kB
SwapCached:         1464 kB
Active:           762948 kB
Inactive:         585476 kB
Active(anon):     305476 kB
Inactive(anon):   177112 kB
Active(file):     457472 kB
Inactive(file):   408364 kB
Unevictable:        1768 kB
Mlocked:               0 kB
HighTotal:       1372556 kB
HighFree:          32340 kB
LowTotal:         587396 kB
LowFree:           68512 kB
SwapTotal:        262140 kB
SwapFree:         222868 kB
Dirty:               936 kB
Writeback:             0 kB
AnonPages:        481468 kB
Mapped:           326064 kB
Shmem:               956 kB
Slab:              57424 kB
SReclaimable:      17768 kB
SUnreclaim:        39656 kB
KernelStack:       16240 kB
PageTables:        28052 kB
NFS_Unstable:          0 kB
Bounce:                0 kB
WritebackTmp:          0 kB
CommitLimit:     1242116 kB
Committed_AS:   56852452 kB
VmallocTotal:     409600 kB
VmallocUsed:       34020 kB
VmallocChunk:     111644 kB
Time pass: 336 sec

---2015-12-04 23:55:29
MemTotal:        1959952 kB
MemFree:          100068 kB
Buffers:            4504 kB
Cached:           864056 kB
SwapCached:         1464 kB
Active:           763764 kB
Inactive:         585480 kB
Active(anon):     306296 kB
Inactive(anon):   177112 kB
Active(file):     457468 kB
Inactive(file):   408368 kB
Unevictable:        1768 kB
Mlocked:               0 kB
HighTotal:       1372556 kB
HighFree:          31596 kB
LowTotal:         587396 kB
LowFree:           68472 kB
SwapTotal:        262140 kB
SwapFree:         222868 kB
Dirty:               928 kB
Writeback:             0 kB
AnonPages:        482252 kB
Mapped:           326116 kB
Shmem:               956 kB
Slab:              57424 kB
SReclaimable:      17768 kB
SUnreclaim:        39656 kB
KernelStack:       16384 kB
PageTables:        28128 kB
NFS_Unstable:          0 kB
Bounce:                0 kB
WritebackTmp:          0 kB
CommitLimit:     1242116 kB
Committed_AS:   56860828 kB
VmallocTotal:     409600 kB
VmallocUsed:       35040 kB
VmallocChunk:     111644 kB
Time pass: 340 sec

---2015-12-04 23:55:29
MemTotal:        1959952 kB
MemFree:           99908 kB
Buffers:            4504 kB
Cached:           864056 kB
SwapCached:         1464 kB
Active:           764028 kB
Inactive:         585476 kB
Active(anon):     306556 kB
Inactive(anon):   177112 kB
Active(file):     457472 kB
Inactive(file):   408364 kB
Unevictable:        1768 kB
Mlocked:               0 kB
HighTotal:       1372556 kB
HighFree:          31100 kB
LowTotal:         587396 kB
LowFree:           68808 kB
SwapTotal:        262140 kB
SwapFree:         222868 kB
Dirty:               936 kB
Writeback:             0 kB
AnonPages:        482548 kB
Mapped:           326064 kB
Shmem:               956 kB
Slab:              57424 kB
SReclaimable:      17768 kB
SUnreclaim:        39656 kB
KernelStack:       16248 kB
PageTables:        28060 kB
NFS_Unstable:          0 kB
Bounce:                0 kB
WritebackTmp:          0 kB
CommitLimit:     1242116 kB
Committed_AS:   56852572 kB
VmallocTotal:     409600 kB
VmallocUsed:       34020 kB
VmallocChunk:     111644 kB
Time pass: 344 sec

---2015-12-04 23:55:29
MemTotal:        1959952 kB
MemFree:           99148 kB
Buffers:            4504 kB
Cached:           864056 kB
SwapCached:         1464 kB
Active:           765264 kB
Inactive:         585472 kB
Active(anon):     307792 kB
Inactive(anon):   177108 kB
Active(file):     457472 kB
Inactive(file):   408364 kB
Unevictable:        1768 kB
Mlocked:               0 kB
HighTotal:       1372556 kB
HighFree:          30232 kB
LowTotal:         587396 kB
LowFree:           68916 kB
SwapTotal:        262140 kB
SwapFree:         222868 kB
Dirty:               936 kB
Writeback:             0 kB
AnonPages:        483872 kB
Mapped:           326064 kB
