---2015-12-10 00:29:21
MemTotal:        1350964 kB
MemFree:          109676 kB
Buffers:           10928 kB
Cached:           571060 kB
SwapCached:            0 kB
Active:           791428 kB
Inactive:         251464 kB
Active(anon):     469252 kB
Inactive(anon):     1140 kB
Active(file):     322176 kB
Inactive(file):   250324 kB
Unevictable:        8304 kB
Mlocked:               0 kB
HighTotal:        802816 kB
HighFree:          25460 kB
LowTotal:         548148 kB
LowFree:           84216 kB
SwapTotal:             0 kB
SwapFree:              0 kB
Dirty:                 0 kB
Writeback:             0 kB
AnonPages:        469208 kB
Mapped:           195892 kB
Shmem:              1184 kB
Slab:              35660 kB
SReclaimable:      14472 kB
SUnreclaim:        21188 kB
KernelStack:        8992 kB
PageTables:        19456 kB
NFS_Unstable:          0 kB
Bounce:                0 kB
WritebackTmp:          0 kB
CommitLimit:      675480 kB
Committed_AS:   46588784 kB
VmallocTotal:     253952 kB
VmallocUsed:       91232 kB
VmallocChunk:      50180 kB
Time pass: 3 sec

---2015-12-10 00:29:21
MemTotal:        1350964 kB
MemFree:          109544 kB
Buffers:           10936 kB
Cached:           571052 kB
SwapCached:            0 kB
Active:           791424 kB
Inactive:         251464 kB
Active(anon):     469248 kB
Inactive(anon):     1140 kB
Active(file):     322176 kB
Inactive(file):   250324 kB
Unevictable:        8304 kB
Mlocked:               0 kB
HighTotal:        802816 kB
HighFree:          25336 kB
LowTotal:         548148 kB
LowFree:           84208 kB
SwapTotal:             0 kB
SwapFree:              0 kB
Dirty:                 0 kB
Writeback:             0 kB
AnonPages:        469344 kB
Mapped:           195944 kB
Shmem:              1184 kB
Slab:              35660 kB
SReclaimable:      14472 kB
SUnreclaim:        21188 kB
KernelStack:        9008 kB
PageTables:        19472 kB
NFS_Unstable:          0 kB
Bounce:                0 kB
WritebackTmp:          0 kB
CommitLimit:      675480 kB
Committed_AS:   46588748 kB
VmallocTotal:     253952 kB
VmallocUsed:       91232 kB
VmallocChunk:      50180 kB
Time pass: 7 sec

---2015-12-10 00:29:21
MemTotal:        1350964 kB
MemFree:          109420 kB
Buffers:           10936 kB
Cached:           571132 kB
SwapCached:            0 kB
Active:           791496 kB
Inactive:         251520 kB
Active(anon):     469296 kB
Inactive(anon):     1140 kB
Active(file):     322200 kB
Inactive(file):   250380 kB
Unevictable:        8304 kB
Mlocked:               0 kB
HighTotal:        802816 kB
HighFree:          25212 kB
LowTotal:         548148 kB
LowFree:           84208 kB
SwapTotal:             0 kB
SwapFree:              0 kB
Dirty:                 4 kB
Writeback:             0 kB
AnonPages:        469204 kB
Mapped:           195948 kB
Shmem:              1184 kB
Slab:              35712 kB
SReclaimable:      14472 kB
SUnreclaim:        21240 kB
KernelStack:        9008 kB
PageTables:        19472 kB
NFS_Unstable:          0 kB
Bounce:                0 kB
WritebackTmp:          0 kB
CommitLimit:      675480 kB
Committed_AS:   46588748 kB
VmallocTotal:     253952 kB
VmallocUsed:       91232 kB
VmallocChunk:      50180 kB
Time pass: 11 sec

---2015-12-10 00:29:21
MemTotal:        1350964 kB
MemFree:          109684 kB
Buffers:           10944 kB
Cached:           571132 kB
SwapCached:            0 kB
Active:           791536 kB
Inactive:         251512 kB
Active(anon):     469328 kB
Inactive(anon):     1140 kB
Active(file):     322208 kB
Inactive(file):   250372 kB
Unevictable:        8304 kB
Mlocked:               0 kB
HighTotal:        802816 kB
HighFree:          25460 kB
LowTotal:         548148 kB
LowFree:           84224 kB
SwapTotal:             0 kB
SwapFree:              0 kB
Dirty:                 4 kB
Writeback:             0 kB
AnonPages:        469200 kB
Mapped:           195948 kB
Shmem:              1184 kB
Slab:              35708 kB
SReclaimable:      14472 kB
SUnreclaim:        21236 kB
KernelStack:        8992 kB
PageTables:        19468 kB
NFS_Unstable:          0 kB
Bounce:                0 kB
WritebackTmp:          0 kB
CommitLimit:      675480 kB
Committed_AS:   46588612 kB
VmallocTotal:     253952 kB
VmallocUsed:       91232 kB
VmallocChunk:      50180 kB
Time pass: 14 sec

---2015-12-10 00:29:21
MemTotal:        1350964 kB
MemFree:          107900 kB
Buffers:           10944 kB
Cached:           572760 kB
SwapCached:            0 kB
Active:           792432 kB
Inactive:         252920 kB
Active(anon):     470224 kB
Inactive(anon):     1140 kB
Active(file):     322208 kB
Inactive(file):   251780 kB
Unevictable:        8304 kB
Mlocked:               0 kB
HighTotal:        802816 kB
HighFree:          23724 kB
LowTotal:         548148 kB
LowFree:           84176 kB
SwapTotal:             0 kB
SwapFree:              0 kB
Dirty:                 0 kB
Writeback:             0 kB
AnonPages:        470248 kB
Mapped:           195968 kB
Shmem:              1184 kB
Slab:              35644 kB
SReclaimable:      14472 kB
SUnreclaim:        21172 kB
KernelStack:        9008 kB
PageTables:        19500 kB
NFS_Unstable:          0 kB
Bounce:                0 kB
WritebackTmp:          0 kB
CommitLimit:      675480 kB
Committed_AS:   46589772 kB
VmallocTotal:     253952 kB
VmallocUsed:       91232 kB
VmallocChunk:      50180 kB
Time pass: 18 sec

---2015-12-10 00:29:21
MemTotal:        1350964 kB
MemFree:           53408 kB
Buffers:           10980 kB
Cached:           608308 kB
SwapCached:            0 kB
Active:           811304 kB
Inactive:         286320 kB
Active(anon):     486648 kB
Inactive(anon):     1140 kB
Active(file):     324656 kB
Inactive(file):   285180 kB
Unevictable:        8304 kB
Mlocked:               0 kB
HighTotal:        802816 kB
HighFree:           1528 kB
LowTotal:         548148 kB
LowFree:           51880 kB
SwapTotal:             0 kB
SwapFree:              0 kB
Dirty:               836 kB
Writeback:             0 kB
AnonPages:        486920 kB
Mapped:           211344 kB
Shmem:              1184 kB
Slab:              35728 kB
SReclaimable:      14512 kB
SUnreclaim:        21216 kB
KernelStack:        9144 kB
PageTables:        19968 kB
NFS_Unstable:          0 kB
Bounce:                0 kB
WritebackTmp:          0 kB
CommitLimit:      675480 kB
Committed_AS:   47498132 kB
VmallocTotal:     253952 kB
VmallocUsed:       93400 kB
VmallocChunk:      50180 kB
Time pass: 21 sec

---2015-12-10 00:29:21
MemTotal:        1350964 kB
MemFree:           31664 kB
Buffers:           10968 kB
Cached:           580084 kB
SwapCached:            0 kB
Active:           797812 kB
Inactive:         285804 kB
Active(anon):     501004 kB
Inactive(anon):     1272 kB
Active(file):     296808 kB
Inactive(file):   284532 kB
Unevictable:        8304 kB
Mlocked:               0 kB
HighTotal:        802816 kB
HighFree:           2784 kB
LowTotal:         548148 kB
LowFree:           28880 kB
SwapTotal:             0 kB
SwapFree:              0 kB
Dirty:               480 kB
Writeback:             0 kB
AnonPages:        501176 kB
Mapped:           217080 kB
Shmem:              1320 kB
Slab:              35812 kB
SReclaimable:      14548 kB
SUnreclaim:        21264 kB
KernelStack:        9464 kB
PageTables:        20204 kB
NFS_Unstable:          0 kB
Bounce:                0 kB
WritebackTmp:          0 kB
CommitLimit:      675480 kB
Committed_AS:   47560444 kB
VmallocTotal:     253952 kB
VmallocUsed:       93616 kB
VmallocChunk:      50180 kB
Time pass: 25 sec

---2015-12-10 00:29:21
MemTotal:        1350964 kB
MemFree:           38552 kB
Buffers:           10452 kB
Cached:           558488 kB
SwapCached:            0 kB
Active:           781752 kB
Inactive:         280920 kB
Active(anon):     502080 kB
Inactive(anon):     1272 kB
Active(file):     279672 kB
Inactive(file):   279648 kB
Unevictable:        8304 kB
Mlocked:               0 kB
HighTotal:        802816 kB
HighFree:           6772 kB
LowTotal:         548148 kB
LowFree:           31780 kB
SwapTotal:             0 kB
SwapFree:              0 kB
Dirty:                44 kB
Writeback:             0 kB
AnonPages:        501960 kB
Mapped:           211408 kB
Shmem:              1316 kB
Slab:              35944 kB
SReclaimable:      14540 kB
SUnreclaim:        21404 kB
KernelStack:        9464 kB
PageTables:        20252 kB
NFS_Unstable:          0 kB
Bounce:                0 kB
WritebackTmp:          0 kB
CommitLimit:      675480 kB
Committed_AS:   47572792 kB
VmallocTotal:     253952 kB
VmallocUsed:       93616 kB
VmallocChunk:      50180 kB
Time pass: 28 sec

---2015-12-10 00:29:21
MemTotal:        1350964 kB
MemFree:           33056 kB
Buffers:           10460 kB
Cached:           555460 kB
SwapCached:            0 kB
Active:           781184 kB
Inactive:         279456 kB
Active(anon):     503068 kB
Inactive(anon):     1272 kB
Active(file):     278116 kB
Inactive(file):   278184 kB
Unevictable:        8304 kB
Mlocked:               0 kB
HighTotal:        802816 kB
HighFree:           3624 kB
LowTotal:         548148 kB
LowFree:           29432 kB
SwapTotal:             0 kB
SwapFree:              0 kB
Dirty:               152 kB
Writeback:             0 kB
AnonPages:        502980 kB
Mapped:           209888 kB
Shmem:              1316 kB
Slab:              35888 kB
SReclaimable:      14540 kB
SUnreclaim:        21348 kB
KernelStack:        9464 kB
PageTables:        20260 kB
NFS_Unstable:          0 kB
Bounce:                0 kB
WritebackTmp:          0 kB
CommitLimit:      675480 kB
Committed_AS:   47579696 kB
VmallocTotal:     253952 kB
VmallocUsed:       93616 kB
VmallocChunk:      50180 kB
Time pass: 32 sec

---2015-12-10 00:29:21
MemTotal:        1350964 kB
MemFree:           33340 kB
Buffers:           10468 kB
Cached:           555460 kB
SwapCached:            0 kB
Active:           781384 kB
Inactive:         279452 kB
Active(anon):     503268 kB
Inactive(anon):     1272 kB
Active(file):     278116 kB
Inactive(file):   278180 kB
Unevictable:        8304 kB
Mlocked:               0 kB
HighTotal:        802816 kB
HighFree:           3692 kB
LowTotal:         548148 kB
LowFree:           29648 kB
SwapTotal:             0 kB
SwapFree:              0 kB
Dirty:                64 kB
Writeback:             0 kB
AnonPages:        503340 kB
Mapped:           210188 kB
Shmem:              1316 kB
Slab:              35884 kB
SReclaimable:      14544 kB
SUnreclaim:        21340 kB
KernelStack:        9464 kB
PageTables:        20260 kB
NFS_Unstable:          0 kB
Bounce:                0 kB
WritebackTmp:          0 kB
CommitLimit:      675480 kB
Committed_AS:   47579908 kB
VmallocTotal:     253952 kB
VmallocUsed:       93616 kB
VmallocChunk:      50180 kB
Time pass: 35 sec

---2015-12-10 00:29:21
MemTotal:        1350964 kB
MemFree:           30208 kB
Buffers:           10008 kB
Cached:           512048 kB
SwapCached:            0 kB
Active:           776412 kB
Inactive:         257268 kB
Active(anon):     520196 kB
Inactive(anon):     1272 kB
Active(file):     256216 kB
Inactive(file):   255996 kB
Unevictable:        8304 kB
Mlocked:               0 kB
HighTotal:        802816 kB
HighFree:           1516 kB
LowTotal:         548148 kB
LowFree:           28692 kB
SwapTotal:             0 kB
SwapFree:              0 kB
Dirty:                 0 kB
Writeback:             0 kB
AnonPages:        520244 kB
Mapped:           201072 kB
Shmem:              1316 kB
Slab:              35860 kB
SReclaimable:      14536 kB
SUnreclaim:        21324 kB
KernelStack:        9480 kB
PageTables:        20516 kB
NFS_Unstable:          0 kB
Bounce:                0 kB
WritebackTmp:          0 kB
CommitLimit:      675480 kB
Committed_AS:   47700352 kB
VmallocTotal:     253952 kB
VmallocUsed:       94068 kB
VmallocChunk:      50180 kB
Time pass: 39 sec

---2015-12-10 00:29:21
MemTotal:        1350964 kB
MemFree:           31068 kB
Buffers:           10016 kB
Cached:           507164 kB
SwapCached:            0 kB
Active:           776216 kB
Inactive:         255092 kB
Active(anon):     522484 kB
Inactive(anon):     1272 kB
Active(file):     253732 kB
Inactive(file):   253820 kB
Unevictable:        8304 kB
Mlocked:               0 kB
HighTotal:        802816 kB
HighFree:           2768 kB
LowTotal:         548148 kB
LowFree:           28300 kB
SwapTotal:             0 kB
SwapFree:              0 kB
Dirty:                36 kB
Writeback:             0 kB
AnonPages:        522560 kB
Mapped:           201136 kB
Shmem:              1316 kB
Slab:              35860 kB
SReclaimable:      14536 kB
SUnreclaim:        21324 kB
KernelStack:        9480 kB
PageTables:        20524 kB
NFS_Unstable:          0 kB
Bounce:                0 kB
WritebackTmp:          0 kB
CommitLimit:      675480 kB
Committed_AS:   47702308 kB
VmallocTotal:     253952 kB
VmallocUsed:       94068 kB
VmallocChunk:      50180 kB
Time pass: 42 sec

---2015-12-10 00:29:21
MemTotal:        1350964 kB
MemFree:           34172 kB
Buffers:           10040 kB
Cached:           509800 kB
SwapCached:            0 kB
Active:           785688 kB
Inactive:         257260 kB
Active(anon):     531876 kB
Inactive(anon):     1276 kB
Active(file):     253812 kB
Inactive(file):   255984 kB
Unevictable:        8304 kB
Mlocked:               0 kB
HighTotal:        802816 kB
HighFree:           1556 kB
LowTotal:         548148 kB
LowFree:           32616 kB
SwapTotal:             0 kB
SwapFree:              0 kB
Dirty:               116 kB
Writeback:             0 kB
AnonPages:        532192 kB
Mapped:           202408 kB
Shmem:              1320 kB
Slab:              35916 kB
SReclaimable:      14544 kB
SUnreclaim:        21372 kB
KernelStack:        9480 kB
PageTables:        20492 kB
NFS_Unstable:          0 kB
Bounce:                0 kB
WritebackTmp:          0 kB
CommitLimit:      675480 kB
Committed_AS:   47681536 kB
VmallocTotal:     253952 kB
VmallocUsed:       94168 kB
VmallocChunk:      50180 kB
Time pass: 46 sec

---2015-12-10 00:29:21
MemTotal:        1350964 kB
MemFree:           31600 kB
Buffers:           10048 kB
Cached:           507128 kB
SwapCached:            0 kB
Active:           789280 kB
Inactive:         254988 kB
Active(anon):     535424 kB
Inactive(anon):     1276 kB
Active(file):     253856 kB
Inactive(file):   253712 kB
Unevictable:        8304 kB
Mlocked:               0 kB
HighTotal:        802816 kB
HighFree:           1632 kB
LowTotal:         548148 kB
LowFree:           29968 kB
SwapTotal:             0 kB
SwapFree:              0 kB
Dirty:               552 kB
Writeback:             0 kB
AnonPages:        535552 kB
Mapped:           202628 kB
Shmem:              1320 kB
Slab:              36036 kB
SReclaimable:      14592 kB
SUnreclaim:        21444 kB
KernelStack:        9512 kB
PageTables:        20528 kB
NFS_Unstable:          0 kB
Bounce:                0 kB
WritebackTmp:          0 kB
CommitLimit:      675480 kB
Committed_AS:   47693472 kB
VmallocTotal:     253952 kB
VmallocUsed:       94168 kB
VmallocChunk:      50180 kB
Time pass: 50 sec

---2015-12-10 00:29:21
MemTotal:        1350964 kB
MemFree:           33000 kB
Buffers:           10140 kB
Cached:           500500 kB
SwapCached:            0 kB
Active:           786492 kB
Inactive:         251868 kB
Active(anon):     536096 kB
Inactive(anon):     1276 kB
Active(file):     250396 kB
Inactive(file):   250592 kB
Unevictable:        8304 kB
Mlocked:               0 kB
HighTotal:        802816 kB
HighFree:           3264 kB
LowTotal:         548148 kB
LowFree:           29736 kB
SwapTotal:             0 kB
SwapFree:              0 kB
Dirty:                 4 kB
Writeback:             0 kB
AnonPages:        536140 kB
Mapped:           202124 kB
Shmem:              1320 kB
Slab:              36096 kB
SReclaimable:      14604 kB
SUnreclaim:        21492 kB
KernelStack:        9512 kB
PageTables:        20544 kB
NFS_Unstable:          0 kB
Bounce:                0 kB
WritebackTmp:          0 kB
CommitLimit:      675480 kB
Committed_AS:   47698512 kB
VmallocTotal:     253952 kB
VmallocUsed:       94168 kB
VmallocChunk:      50180 kB
Time pass: 53 sec

---2015-12-10 00:29:21
MemTotal:        1350964 kB
MemFree:           30592 kB
Buffers:           10140 kB
Cached:           494732 kB
SwapCached:            0 kB
Active:           786336 kB
Inactive:         248912 kB
Active(anon):     538720 kB
Inactive(anon):     1276 kB
Active(file):     247616 kB
Inactive(file):   247636 kB
Unevictable:        8304 kB
Mlocked:               0 kB
HighTotal:        802816 kB
HighFree:           2616 kB
LowTotal:         548148 kB
LowFree:           27976 kB
SwapTotal:             0 kB
SwapFree:              0 kB
Dirty:               164 kB
Writeback:             0 kB
AnonPages:        538692 kB
Mapped:           200624 kB
Shmem:              1320 kB
Slab:              36028 kB
SReclaimable:      14580 kB
SUnreclaim:        21448 kB
KernelStack:        9520 kB
PageTables:        20552 kB
NFS_Unstable:          0 kB
Bounce:                0 kB
WritebackTmp:          0 kB
CommitLimit:      675480 kB
Committed_AS:   47706872 kB
VmallocTotal:     253952 kB
VmallocUsed:       94168 kB
VmallocChunk:      50180 kB
Time pass: 57 sec

---2015-12-10 00:29:21
MemTotal:        1350964 kB
MemFree:           29288 kB
Buffers:           10148 kB
Cached:           494960 kB
SwapCached:            0 kB
Active:           786600 kB
Inactive:         249124 kB
Active(anon):     539024 kB
Inactive(anon):     1276 kB
Active(file):     247576 kB
Inactive(file):   247848 kB
Unevictable:        8304 kB
Mlocked:               0 kB
HighTotal:        802816 kB
HighFree:           1900 kB
LowTotal:         548148 kB
LowFree:           27388 kB
SwapTotal:             0 kB
SwapFree:              0 kB
Dirty:               240 kB
Writeback:             0 kB
AnonPages:        538888 kB
Mapped:           200728 kB
Shmem:              1320 kB
Slab:              36080 kB
SReclaimable:      14580 kB
SUnreclaim:        21500 kB
KernelStack:        9520 kB
PageTables:        20560 kB
NFS_Unstable:          0 kB
Bounce:                0 kB
WritebackTmp:          0 kB
CommitLimit:      675480 kB
Committed_AS:   47707588 kB
VmallocTotal:     253952 kB
VmallocUsed:       94168 kB
VmallocChunk:      50180 kB
Time pass: 60 sec

---2015-12-10 00:29:21
MemTotal:        1350964 kB
MemFree:           30728 kB
Buffers:            9504 kB
Cached:           486496 kB
SwapCached:            0 kB
Active:           787060 kB
Inactive:         244404 kB
Active(anon):     544048 kB
Inactive(anon):     1276 kB
Active(file):     243012 kB
Inactive(file):   243128 kB
Unevictable:        8304 kB
Mlocked:               0 kB
HighTotal:        802816 kB
HighFree:           2820 kB
LowTotal:         548148 kB
LowFree:           27908 kB
SwapTotal:             0 kB
SwapFree:              0 kB
Dirty:               444 kB
Writeback:             0 kB
AnonPages:        544184 kB
Mapped:           198628 kB
Shmem:              1320 kB
Slab:              36076 kB
SReclaimable:      14576 kB
SUnreclaim:        21500 kB
KernelStack:        9520 kB
PageTables:        20548 kB
NFS_Unstable:          0 kB
Bounce:                0 kB
WritebackTmp:          0 kB
CommitLimit:      675480 kB
Committed_AS:   47715336 kB
VmallocTotal:     253952 kB
VmallocUsed:       94168 kB
VmallocChunk:      50180 kB
Time pass: 64 sec

---2015-12-10 00:29:21
MemTotal:        1350964 kB
MemFree:           34988 kB
Buffers:            9508 kB
Cached:           482084 kB
SwapCached:            0 kB
Active:           780920 kB
Inactive:         242256 kB
Active(anon):     540028 kB
Inactive(anon):     1276 kB
Active(file):     240892 kB
Inactive(file):   240980 kB
Unevictable:        8304 kB
Mlocked:               0 kB
HighTotal:        802816 kB
HighFree:           5076 kB
LowTotal:         548148 kB
LowFree:           29912 kB
SwapTotal:             0 kB
SwapFree:              0 kB
Dirty:               588 kB
Writeback:             0 kB
AnonPages:        539892 kB
Mapped:           197856 kB
Shmem:              1320 kB
Slab:              36048 kB
SReclaimable:      14528 kB
SUnreclaim:        21520 kB
KernelStack:        9520 kB
PageTables:        20572 kB
NFS_Unstable:          0 kB
Bounce:                0 kB
WritebackTmp:          0 kB
CommitLimit:      675480 kB
Committed_AS:   47717620 kB
VmallocTotal:     253952 kB
VmallocUsed:       94168 kB
VmallocChunk:      50180 kB
Time pass: 67 sec

---2015-12-10 00:29:21
MemTotal:        1350964 kB
MemFree:           30464 kB
Buffers:            8600 kB
Cached:           476832 kB
SwapCached:            0 kB
Active:           789364 kB
Inactive:         239300 kB
Active(anon):     551596 kB
Inactive(anon):     1276 kB
Active(file):     237768 kB
Inactive(file):   238024 kB
Unevictable:        8304 kB
Mlocked:               0 kB
HighTotal:        802816 kB
HighFree:           1528 kB
LowTotal:         548148 kB
LowFree:           28936 kB
SwapTotal:             0 kB
SwapFree:              0 kB
Dirty:               324 kB
Writeback:             0 kB
AnonPages:        551704 kB
Mapped:           200068 kB
Shmem:              1320 kB
Slab:              36024 kB
SReclaimable:      14516 kB
SUnreclaim:        21508 kB
KernelStack:        9592 kB
PageTables:        20620 kB
NFS_Unstable:          0 kB
Bounce:                0 kB
WritebackTmp:          0 kB
CommitLimit:      675480 kB
Committed_AS:   47735436 kB
VmallocTotal:     253952 kB
VmallocUsed:       94168 kB
VmallocChunk:      50180 kB
Time pass: 71 sec

---2015-12-10 00:29:21
MemTotal:        1350964 kB
MemFree:           32576 kB
Buffers:            7908 kB
Cached:           462700 kB
SwapCached:            0 kB
Active:           790732 kB
Inactive:         231748 kB
Active(anon):     560384 kB
Inactive(anon):     1376 kB
Active(file):     230348 kB
Inactive(file):   230372 kB
Unevictable:        8304 kB
Mlocked:               0 kB
HighTotal:        802816 kB
HighFree:           2872 kB
LowTotal:         548148 kB
LowFree:           29704 kB
SwapTotal:             0 kB
SwapFree:              0 kB
Dirty:               100 kB
Writeback:             0 kB
AnonPages:        560396 kB
Mapped:           197904 kB
Shmem:              1320 kB
Slab:              36060 kB
SReclaimable:      14448 kB
SUnreclaim:        21612 kB
KernelStack:        9592 kB
PageTables:        20648 kB
NFS_Unstable:          0 kB
Bounce:                0 kB
WritebackTmp:          0 kB
CommitLimit:      675480 kB
Committed_AS:   47753804 kB
VmallocTotal:     253952 kB
VmallocUsed:       94828 kB
VmallocChunk:      50180 kB
Time pass: 75 sec

---2015-12-10 00:29:21
MemTotal:        1350964 kB
MemFree:           32160 kB
Buffers:            7908 kB
Cached:           462776 kB
SwapCached:            0 kB
Active:           790688 kB
Inactive:         231928 kB
Active(anon):     560288 kB
Inactive(anon):     1388 kB
Active(file):     230400 kB
Inactive(file):   230540 kB
Unevictable:        8304 kB
Mlocked:               0 kB
HighTotal:        802816 kB
HighFree:           2396 kB
LowTotal:         548148 kB
LowFree:           29764 kB
SwapTotal:             0 kB
SwapFree:              0 kB
Dirty:               104 kB
Writeback:             0 kB
AnonPages:        560380 kB
Mapped:           198084 kB
Shmem:              1440 kB
Slab:              36120 kB
SReclaimable:      14448 kB
SUnreclaim:        21672 kB
KernelStack:        9680 kB
PageTables:        20744 kB
NFS_Unstable:          0 kB
Bounce:                0 kB
WritebackTmp:          0 kB
CommitLimit:      675480 kB
Committed_AS:   47753536 kB
VmallocTotal:     253952 kB
VmallocUsed:       94828 kB
VmallocChunk:      50180 kB
Time pass: 78 sec

---2015-12-10 00:29:21
MemTotal:        1350964 kB
MemFree:           31164 kB
Buffers:            7764 kB
Cached:           457464 kB
SwapCached:            0 kB
Active:           790488 kB
Inactive:         229216 kB
Active(anon):     562844 kB
Inactive(anon):     1416 kB
Active(file):     227644 kB
Inactive(file):   227800 kB
Unevictable:        8304 kB
Mlocked:               0 kB
HighTotal:        802816 kB
HighFree:           2328 kB
LowTotal:         548148 kB
LowFree:           28836 kB
SwapTotal:             0 kB
SwapFree:              0 kB
Dirty:                36 kB
Writeback:             0 kB
AnonPages:        562960 kB
Mapped:           197532 kB
Shmem:              1472 kB
Slab:              36088 kB
SReclaimable:      14456 kB
SUnreclaim:        21632 kB
KernelStack:        9704 kB
PageTables:        20916 kB
NFS_Unstable:          0 kB
Bounce:                0 kB
WritebackTmp:          0 kB
CommitLimit:      675480 kB
Committed_AS:   47759612 kB
VmallocTotal:     253952 kB
VmallocUsed:       95164 kB
VmallocChunk:      50180 kB
Time pass: 82 sec

---2015-12-10 00:29:21
MemTotal:        1350964 kB
MemFree:           31192 kB
Buffers:            7764 kB
Cached:           457592 kB
SwapCached:            0 kB
Active:           790644 kB
Inactive:         229360 kB
Active(anon):     563000 kB
Inactive(anon):     1536 kB
Active(file):     227644 kB
Inactive(file):   227824 kB
Unevictable:        8304 kB
Mlocked:               0 kB
HighTotal:        802816 kB
HighFree:           2272 kB
LowTotal:         548148 kB
LowFree:           28920 kB
SwapTotal:             0 kB
SwapFree:              0 kB
Dirty:                 4 kB
Writeback:             0 kB
AnonPages:        562980 kB
Mapped:           197680 kB
Shmem:              1584 kB
Slab:              36116 kB
SReclaimable:      14456 kB
SUnreclaim:        21660 kB
KernelStack:        9712 kB
PageTables:        20916 kB
NFS_Unstable:          0 kB
Bounce:                0 kB
WritebackTmp:          0 kB
CommitLimit:      675480 kB
Committed_AS:   47759596 kB
VmallocTotal:     253952 kB
VmallocUsed:       95164 kB
VmallocChunk:      50180 kB
Time pass: 85 sec

---2015-12-10 00:29:21
MemTotal:        1350964 kB
MemFree:           31888 kB
Buffers:            7772 kB
Cached:           457592 kB
SwapCached:            0 kB
Active:           789848 kB
Inactive:         229360 kB
Active(anon):     562204 kB
Inactive(anon):     1536 kB
Active(file):     227644 kB
Inactive(file):   227824 kB
Unevictable:        8304 kB
Mlocked:               0 kB
HighTotal:        802816 kB
HighFree:           2000 kB
LowTotal:         548148 kB
LowFree:           29888 kB
SwapTotal:             0 kB
SwapFree:              0 kB
Dirty:                36 kB
Writeback:             0 kB
AnonPages:        562164 kB
Mapped:           197680 kB
Shmem:              1584 kB
Slab:              36136 kB
SReclaimable:      14456 kB
SUnreclaim:        21680 kB
KernelStack:        9696 kB
PageTables:        20920 kB
NFS_Unstable:          0 kB
Bounce:                0 kB
WritebackTmp:          0 kB
CommitLimit:      675480 kB
Committed_AS:   47759656 kB
VmallocTotal:     253952 kB
VmallocUsed:       95164 kB
VmallocChunk:      50180 kB
Time pass: 89 sec

---2015-12-10 00:29:21
MemTotal:        1350964 kB
MemFree:           31616 kB
Buffers:            7788 kB
Cached:           457592 kB
SwapCached:            0 kB
Active:           790316 kB
Inactive:         229384 kB
Active(anon):     562672 kB
Inactive(anon):     1536 kB
Active(file):     227644 kB
Inactive(file):   227848 kB
Unevictable:        8304 kB
Mlocked:               0 kB
HighTotal:        802816 kB
HighFree:           1528 kB
LowTotal:         548148 kB
LowFree:           30088 kB
SwapTotal:             0 kB
SwapFree:              0 kB
Dirty:                 0 kB
Writeback:             0 kB
AnonPages:        562584 kB
Mapped:           197680 kB
Shmem:              1584 kB
Slab:              36192 kB
SReclaimable:      14472 kB
SUnreclaim:        21720 kB
KernelStack:        9696 kB
PageTables:        20924 kB
NFS_Unstable:          0 kB
Bounce:                0 kB
WritebackTmp:          0 kB
CommitLimit:      675480 kB
Committed_AS:   47760160 kB
VmallocTotal:     253952 kB
VmallocUsed:       95164 kB
VmallocChunk:      50180 kB
Time pass: 93 sec

---2015-12-10 00:29:21
MemTotal:        1350964 kB
MemFree:           34676 kB
Buffers:            7804 kB
Cached:           452900 kB
SwapCached:            0 kB
Active:           788756 kB
Inactive:         227136 kB
Active(anon):     563540 kB
Inactive(anon):     1536 kB
Active(file):     225216 kB
Inactive(file):   225600 kB
Unevictable:        8304 kB
Mlocked:               0 kB
HighTotal:        802816 kB
HighFree:           3968 kB
LowTotal:         548148 kB
LowFree:           30708 kB
SwapTotal:             0 kB
SwapFree:              0 kB
Dirty:                40 kB
Writeback:             0 kB
AnonPages:        563540 kB
Mapped:           197476 kB
Shmem:              1584 kB
Slab:              36212 kB
SReclaimable:      14408 kB
SUnreclaim:        21804 kB
KernelStack:        9688 kB
PageTables:        20932 kB
NFS_Unstable:          0 kB
Bounce:                0 kB
WritebackTmp:          0 kB
CommitLimit:      675480 kB
Committed_AS:   47761564 kB
VmallocTotal:     253952 kB
VmallocUsed:       95164 kB
VmallocChunk:      50180 kB
Time pass: 97 sec

---2015-12-10 00:29:21
MemTotal:        1350964 kB
MemFree:           32700 kB
Buffers:            6248 kB
Cached:           446852 kB
SwapCached:            0 kB
Active:           793696 kB
Inactive:         223368 kB
Active(anon):     572356 kB
Inactive(anon):     1548 kB
Active(file):     221340 kB
Inactive(file):   221820 kB
Unevictable:        8304 kB
Mlocked:               0 kB
HighTotal:        802816 kB
HighFree:           1528 kB
LowTotal:         548148 kB
LowFree:           31172 kB
SwapTotal:             0 kB
SwapFree:              0 kB
Dirty:                 8 kB
Writeback:           100 kB
AnonPages:        572312 kB
Mapped:           200688 kB
Shmem:              1616 kB
Slab:              36256 kB
SReclaimable:      14404 kB
SUnreclaim:        21852 kB
KernelStack:        9904 kB
PageTables:        21308 kB
NFS_Unstable:          0 kB
Bounce:                0 kB
WritebackTmp:          0 kB
CommitLimit:      675480 kB
Committed_AS:   48565492 kB
VmallocTotal:     253952 kB
VmallocUsed:       96184 kB
VmallocChunk:      50180 kB
Time pass: 101 sec

---2015-12-10 00:29:21
MemTotal:        1350964 kB
MemFree:           32476 kB
Buffers:            6212 kB
Cached:           442932 kB
SwapCached:            0 kB
Active:           796220 kB
Inactive:         221700 kB
Active(anon):     577184 kB
Inactive(anon):     1568 kB
Active(file):     219036 kB
Inactive(file):   220132 kB
Unevictable:        8304 kB
Mlocked:               0 kB
HighTotal:        802816 kB
HighFree:           1652 kB
LowTotal:         548148 kB
LowFree:           30824 kB
SwapTotal:             0 kB
SwapFree:              0 kB
Dirty:               112 kB
Writeback:             0 kB
AnonPages:        577032 kB
Mapped:           201132 kB
Shmem:              1616 kB
Slab:              36264 kB
SReclaimable:      14412 kB
SUnreclaim:        21852 kB
KernelStack:        9928 kB
PageTables:        21324 kB
NFS_Unstable:          0 kB
Bounce:                0 kB
WritebackTmp:          0 kB
CommitLimit:      675480 kB
Committed_AS:   48569876 kB
VmallocTotal:     253952 kB
VmallocUsed:       96184 kB
VmallocChunk:      50180 kB
Time pass: 105 sec

---2015-12-10 00:29:21
MemTotal:        1350964 kB
MemFree:           33668 kB
Buffers:            6484 kB
Cached:           443612 kB
SwapCached:            0 kB
Active:           793476 kB
Inactive:         222332 kB
Active(anon):     574092 kB
Inactive(anon):     1568 kB
Active(file):     219384 kB
Inactive(file):   220764 kB
Unevictable:        8304 kB
Mlocked:               0 kB
HighTotal:        802816 kB
HighFree:           3264 kB
LowTotal:         548148 kB
LowFree:           30404 kB
SwapTotal:             0 kB
SwapFree:              0 kB
Dirty:               128 kB
Writeback:             0 kB
AnonPages:        573972 kB
Mapped:           201016 kB
Shmem:              1644 kB
Slab:              36396 kB
SReclaimable:      14412 kB
SUnreclaim:        21984 kB
KernelStack:        9840 kB
PageTables:        21048 kB
NFS_Unstable:          0 kB
Bounce:                0 kB
WritebackTmp:          0 kB
CommitLimit:      675480 kB
Committed_AS:   47776916 kB
VmallocTotal:     253952 kB
VmallocUsed:       95164 kB
VmallocChunk:      50180 kB
Time pass: 108 sec

---2015-12-10 00:29:21
MemTotal:        1350964 kB
MemFree:           35808 kB
Buffers:            6492 kB
Cached:           443612 kB
SwapCached:            0 kB
Active:           791276 kB
Inactive:         222356 kB
Active(anon):     571888 kB
Inactive(anon):     1596 kB
Active(file):     219388 kB
Inactive(file):   220760 kB
Unevictable:        8304 kB
Mlocked:               0 kB
HighTotal:        802816 kB
HighFree:           5000 kB
LowTotal:         548148 kB
LowFree:           30808 kB
SwapTotal:             0 kB
SwapFree:              0 kB
Dirty:               120 kB
Writeback:             0 kB
AnonPages:        571904 kB
Mapped:           201164 kB
Shmem:              1644 kB
Slab:              36400 kB
SReclaimable:      14412 kB
SUnreclaim:        21988 kB
KernelStack:        9832 kB
PageTables:        21048 kB
NFS_Unstable:          0 kB
Bounce:                0 kB
WritebackTmp:          0 kB
CommitLimit:      675480 kB
Committed_AS:   47775724 kB
VmallocTotal:     253952 kB
VmallocUsed:       95164 kB
VmallocChunk:      50180 kB
Time pass: 112 sec

---2015-12-10 00:29:21
MemTotal:        1350964 kB
MemFree:           46960 kB
Buffers:            6308 kB
Cached:           438820 kB
SwapCached:            0 kB
Active:           789760 kB
Inactive:         217668 kB
Active(anon):     570648 kB
Inactive(anon):     1288 kB
Active(file):     219112 kB
Inactive(file):   216380 kB
Unevictable:        8304 kB
Mlocked:               0 kB
HighTotal:        802816 kB
HighFree:           9712 kB
LowTotal:         548148 kB
LowFree:           37248 kB
SwapTotal:             0 kB
SwapFree:              0 kB
Dirty:               124 kB
Writeback:             0 kB
AnonPages:        570724 kB
Mapped:           201148 kB
Shmem:              1332 kB
Slab:              36348 kB
SReclaimable:      14380 kB
SUnreclaim:        21968 kB
KernelStack:        9696 kB
PageTables:        20944 kB
NFS_Unstable:          0 kB
Bounce:                0 kB
WritebackTmp:          0 kB
CommitLimit:      675480 kB
Committed_AS:   48750644 kB
VmallocTotal:     253952 kB
VmallocUsed:       95988 kB
VmallocChunk:      50180 kB
Time pass: 115 sec

---2015-12-10 00:29:21
MemTotal:        1350964 kB
MemFree:          223968 kB
Buffers:            6360 kB
Cached:           440876 kB
SwapCached:            0 kB
Active:           703852 kB
Inactive:         218364 kB
Active(anon):     483348 kB
Inactive(anon):     1152 kB
Active(file):     220504 kB
Inactive(file):   217212 kB
Unevictable:        8304 kB
Mlocked:               0 kB
HighTotal:        802816 kB
HighFree:          94852 kB
LowTotal:         548148 kB
LowFree:          129116 kB
SwapTotal:             0 kB
SwapFree:              0 kB
Dirty:                92 kB
Writeback:             0 kB
AnonPages:        483412 kB
Mapped:           163992 kB
Shmem:              1196 kB
Slab:              36176 kB
SReclaimable:      14388 kB
SUnreclaim:        21788 kB
KernelStack:        8904 kB
PageTables:        19356 kB
NFS_Unstable:          0 kB
Bounce:                0 kB
WritebackTmp:          0 kB
CommitLimit:      675480 kB
Committed_AS:   45856820 kB
VmallocTotal:     253952 kB
VmallocUsed:       91928 kB
VmallocChunk:      50180 kB
Time pass: 118 sec

---2015-12-10 00:29:21
MemTotal:        1350964 kB
MemFree:          226384 kB
Buffers:            6392 kB
Cached:           443548 kB
SwapCached:            0 kB
Active:           711484 kB
Inactive:         220884 kB
Active(anon):     490980 kB
Inactive(anon):     1152 kB
Active(file):     220504 kB
Inactive(file):   219732 kB
Unevictable:        8304 kB
Mlocked:               0 kB
HighTotal:        802816 kB
HighFree:          94316 kB
LowTotal:         548148 kB
LowFree:          132068 kB
SwapTotal:             0 kB
SwapFree:              0 kB
Dirty:                 0 kB
Writeback:             0 kB
AnonPages:        491060 kB
Mapped:           177788 kB
Shmem:              1196 kB
Slab:              36172 kB
SReclaimable:      14388 kB
SUnreclaim:        21784 kB
KernelStack:        8976 kB
PageTables:        19676 kB
NFS_Unstable:          0 kB
Bounce:                0 kB
WritebackTmp:          0 kB
CommitLimit:      675480 kB
Committed_AS:   46677024 kB
VmallocTotal:     253952 kB
VmallocUsed:       92956 kB
VmallocChunk:      50180 kB
Time pass: 122 sec

---2015-12-10 00:29:21
MemTotal:        1350964 kB
MemFree:          165452 kB
Buffers:            6436 kB
Cached:           444084 kB
SwapCached:            0 kB
Active:           724476 kB
Inactive:         221272 kB
Active(anon):     503600 kB
Inactive(anon):     1280 kB
Active(file):     220876 kB
Inactive(file):   219992 kB
Unevictable:        8304 kB
Mlocked:               0 kB
HighTotal:        802816 kB
HighFree:          51996 kB
LowTotal:         548148 kB
LowFree:          113456 kB
SwapTotal:             0 kB
SwapFree:              0 kB
Dirty:               876 kB
Writeback:             0 kB
AnonPages:        503376 kB
Mapped:           184412 kB
Shmem:              1324 kB
Slab:              36160 kB
SReclaimable:      14388 kB
SUnreclaim:        21772 kB
KernelStack:        9344 kB
PageTables:        20088 kB
NFS_Unstable:          0 kB
Bounce:                0 kB
WritebackTmp:          0 kB
CommitLimit:      675480 kB
Committed_AS:   46819344 kB
VmallocTotal:     253952 kB
VmallocUsed:       93828 kB
VmallocChunk:      50180 kB
Time pass: 125 sec

---2015-12-10 00:29:21
MemTotal:        1350964 kB
MemFree:          141840 kB
Buffers:            6444 kB
Cached:           444152 kB
SwapCached:            0 kB
Active:           739736 kB
Inactive:         221212 kB
Active(anon):     518716 kB
Inactive(anon):     1280 kB
Active(file):     221020 kB
Inactive(file):   219932 kB
Unevictable:        8304 kB
Mlocked:               0 kB
HighTotal:        802816 kB
HighFree:          32308 kB
LowTotal:         548148 kB
LowFree:          109532 kB
SwapTotal:             0 kB
SwapFree:              0 kB
Dirty:               380 kB
Writeback:             0 kB
AnonPages:        518756 kB
Mapped:           187344 kB
Shmem:              1328 kB
Slab:              36032 kB
SReclaimable:      14316 kB
SUnreclaim:        21716 kB
KernelStack:        9456 kB
PageTables:        20148 kB
NFS_Unstable:          0 kB
Bounce:                0 kB
WritebackTmp:          0 kB
CommitLimit:      675480 kB
Committed_AS:   46846684 kB
VmallocTotal:     253952 kB
VmallocUsed:       93828 kB
VmallocChunk:      50180 kB
Time pass: 129 sec

---2015-12-10 00:29:21
MemTotal:        1350964 kB
MemFree:          124284 kB
Buffers:            6448 kB
Cached:           444916 kB
SwapCached:            0 kB
Active:           744732 kB
Inactive:         221836 kB
Active(anon):     523696 kB
Inactive(anon):     1284 kB
Active(file):     221036 kB
Inactive(file):   220552 kB
Unevictable:        8304 kB
Mlocked:               0 kB
HighTotal:        802816 kB
HighFree:          19136 kB
LowTotal:         548148 kB
LowFree:          105148 kB
SwapTotal:             0 kB
SwapFree:              0 kB
Dirty:                56 kB
Writeback:             0 kB
AnonPages:        523772 kB
Mapped:           187688 kB
Shmem:              1328 kB
Slab:              36104 kB
SReclaimable:      14316 kB
SUnreclaim:        21788 kB
KernelStack:        9448 kB
PageTables:        20344 kB
NFS_Unstable:          0 kB
Bounce:                0 kB
WritebackTmp:          0 kB
CommitLimit:      675480 kB
Committed_AS:   47649944 kB
VmallocTotal:     253952 kB
VmallocUsed:       94848 kB
VmallocChunk:      50180 kB
Time pass: 132 sec

---2015-12-10 00:29:21
MemTotal:        1350964 kB
MemFree:          110244 kB
Buffers:            6488 kB
Cached:           445120 kB
SwapCached:            0 kB
Active:           747604 kB
Inactive:         221880 kB
Active(anon):     526228 kB
Inactive(anon):     1284 kB
Active(file):     221376 kB
Inactive(file):   220596 kB
Unevictable:        8304 kB
Mlocked:               0 kB
HighTotal:        802816 kB
HighFree:           7232 kB
LowTotal:         548148 kB
LowFree:          103012 kB
SwapTotal:             0 kB
SwapFree:              0 kB
Dirty:               352 kB
Writeback:             0 kB
AnonPages:        526336 kB
Mapped:           188728 kB
Shmem:              1328 kB
Slab:              36136 kB
SReclaimable:      14316 kB
SUnreclaim:        21820 kB
KernelStack:        9528 kB
PageTables:        20460 kB
NFS_Unstable:          0 kB
Bounce:                0 kB
WritebackTmp:          0 kB
CommitLimit:      675480 kB
Committed_AS:   47662188 kB
VmallocTotal:     253952 kB
VmallocUsed:       94848 kB
VmallocChunk:      50180 kB
Time pass: 136 sec

---2015-12-10 00:29:21
MemTotal:        1350964 kB
MemFree:           99596 kB
Buffers:            6512 kB
Cached:           445268 kB
SwapCached:            0 kB
Active:           753776 kB
Inactive:         221752 kB
Active(anon):     532128 kB
Inactive(anon):     1284 kB
Active(file):     221648 kB
Inactive(file):   220468 kB
Unevictable:        8304 kB
Mlocked:               0 kB
HighTotal:        802816 kB
HighFree:           1604 kB
LowTotal:         548148 kB
LowFree:           97992 kB
SwapTotal:             0 kB
SwapFree:              0 kB
Dirty:               472 kB
Writeback:             4 kB
AnonPages:        532172 kB
Mapped:           188996 kB
Shmem:              1328 kB
Slab:              36112 kB
SReclaimable:      14316 kB
SUnreclaim:        21796 kB
KernelStack:        9544 kB
PageTables:        20484 kB
NFS_Unstable:          0 kB
Bounce:                0 kB
WritebackTmp:          0 kB
CommitLimit:      675480 kB
Committed_AS:   47672996 kB
VmallocTotal:     253952 kB
VmallocUsed:       94848 kB
VmallocChunk:      50180 kB
Time pass: 139 sec

---2015-12-10 00:29:21
MemTotal:        1350964 kB
MemFree:           82604 kB
Buffers:            6512 kB
Cached:           445456 kB
SwapCached:            0 kB
Active:           756276 kB
Inactive:         221692 kB
Active(anon):     534348 kB
Inactive(anon):     1284 kB
Active(file):     221928 kB
Inactive(file):   220408 kB
Unevictable:        8304 kB
Mlocked:               0 kB
HighTotal:        802816 kB
HighFree:           1528 kB
LowTotal:         548148 kB
LowFree:           81076 kB
SwapTotal:             0 kB
SwapFree:              0 kB
Dirty:               236 kB
Writeback:             0 kB
AnonPages:        534268 kB
Mapped:           189092 kB
Shmem:              1328 kB
Slab:              36128 kB
SReclaimable:      14316 kB
SUnreclaim:        21812 kB
KernelStack:        9528 kB
PageTables:        20520 kB
NFS_Unstable:          0 kB
Bounce:                0 kB
WritebackTmp:          0 kB
CommitLimit:      675480 kB
Committed_AS:   47689612 kB
VmallocTotal:     253952 kB
VmallocUsed:       94848 kB
VmallocChunk:      50180 kB
Time pass: 143 sec

---2015-12-10 00:29:21
MemTotal:        1350964 kB
MemFree:           82280 kB
Buffers:            6520 kB
Cached:           445456 kB
SwapCached:            0 kB
Active:           756172 kB
Inactive:         221692 kB
Active(anon):     534244 kB
Inactive(anon):     1284 kB
Active(file):     221928 kB
Inactive(file):   220408 kB
Unevictable:        8304 kB
Mlocked:               0 kB
HighTotal:        802816 kB
HighFree:           1528 kB
LowTotal:         548148 kB
LowFree:           80752 kB
SwapTotal:             0 kB
SwapFree:              0 kB
Dirty:                36 kB
Writeback:             0 kB
AnonPages:        534248 kB
Mapped:           189044 kB
Shmem:              1328 kB
Slab:              36136 kB
SReclaimable:      14316 kB
SUnreclaim:        21820 kB
KernelStack:        9512 kB
PageTables:        20508 kB
NFS_Unstable:          0 kB
Bounce:                0 kB
WritebackTmp:          0 kB
CommitLimit:      675480 kB
Committed_AS:   47689552 kB
VmallocTotal:     253952 kB
VmallocUsed:       94848 kB
VmallocChunk:      50180 kB
Time pass: 146 sec

---2015-12-10 00:29:21
MemTotal:        1350964 kB
MemFree:           82272 kB
Buffers:            6520 kB
Cached:           445456 kB
SwapCached:            0 kB
Active:           756244 kB
Inactive:         221700 kB
Active(anon):     534316 kB
Inactive(anon):     1284 kB
Active(file):     221928 kB
Inactive(file):   220416 kB
Unevictable:        8304 kB
Mlocked:               0 kB
HighTotal:        802816 kB
HighFree:           1528 kB
LowTotal:         548148 kB
LowFree:           80744 kB
SwapTotal:             0 kB
SwapFree:              0 kB
Dirty:                 0 kB
Writeback:             0 kB
AnonPages:        534364 kB
Mapped:           188944 kB
Shmem:              1328 kB
Slab:              36152 kB
SReclaimable:      14316 kB
SUnreclaim:        21836 kB
KernelStack:        9504 kB
PageTables:        20524 kB
NFS_Unstable:          0 kB
Bounce:                0 kB
WritebackTmp:          0 kB
CommitLimit:      675480 kB
Committed_AS:   47689448 kB
VmallocTotal:     253952 kB
VmallocUsed:       94848 kB
VmallocChunk:      50180 kB
Time pass: 150 sec

---2015-12-10 00:29:21
MemTotal:        1350964 kB
MemFree:           68672 kB
Buffers:            6552 kB
Cached:           445596 kB
SwapCached:            0 kB
Active:           769164 kB
Inactive:         221780 kB
Active(anon):     547148 kB
Inactive(anon):     1400 kB
Active(file):     222016 kB
Inactive(file):   220380 kB
Unevictable:        8304 kB
Mlocked:               0 kB
HighTotal:        802816 kB
HighFree:           1528 kB
LowTotal:         548148 kB
LowFree:           67144 kB
SwapTotal:             0 kB
SwapFree:              0 kB
Dirty:                72 kB
Writeback:             0 kB
AnonPages:        547164 kB
Mapped:           192132 kB
Shmem:              1448 kB
Slab:              36316 kB
SReclaimable:      14316 kB
SUnreclaim:        22000 kB
KernelStack:        9704 kB
PageTables:        20684 kB
NFS_Unstable:          0 kB
Bounce:                0 kB
WritebackTmp:          0 kB
CommitLimit:      675480 kB
Committed_AS:   47718676 kB
VmallocTotal:     253952 kB
VmallocUsed:       95044 kB
VmallocChunk:      50180 kB
Time pass: 153 sec

---2015-12-10 00:29:21
MemTotal:        1350964 kB
MemFree:           57672 kB
Buffers:            6620 kB
Cached:           445752 kB
SwapCached:            0 kB
Active:           777472 kB
Inactive:         221956 kB
Active(anon):     555456 kB
Inactive(anon):     1480 kB
Active(file):     222016 kB
Inactive(file):   220476 kB
Unevictable:        8304 kB
Mlocked:               0 kB
HighTotal:        802816 kB
HighFree:           1528 kB
LowTotal:         548148 kB
LowFree:           56144 kB
SwapTotal:             0 kB
SwapFree:              0 kB
Dirty:                56 kB
Writeback:             0 kB
AnonPages:        555396 kB
Mapped:           192320 kB
Shmem:              1576 kB
Slab:              36292 kB
SReclaimable:      14316 kB
SUnreclaim:        21976 kB
KernelStack:        9680 kB
PageTables:        20664 kB
NFS_Unstable:          0 kB
Bounce:                0 kB
WritebackTmp:          0 kB
CommitLimit:      675480 kB
Committed_AS:   47727460 kB
VmallocTotal:     253952 kB
VmallocUsed:       95380 kB
VmallocChunk:      50180 kB
Time pass: 157 sec

---2015-12-10 00:29:21
MemTotal:        1350964 kB
MemFree:           57208 kB
Buffers:            6636 kB
Cached:           445828 kB
SwapCached:            0 kB
Active:           777464 kB
Inactive:         222096 kB
Active(anon):     555448 kB
Inactive(anon):     1588 kB
Active(file):     222016 kB
Inactive(file):   220508 kB
Unevictable:        8304 kB
Mlocked:               0 kB
HighTotal:        802816 kB
HighFree:           1528 kB
LowTotal:         548148 kB
LowFree:           55680 kB
SwapTotal:             0 kB
SwapFree:              0 kB
Dirty:                 0 kB
Writeback:             0 kB
AnonPages:        555480 kB
Mapped:           192788 kB
Shmem:              1636 kB
Slab:              36184 kB
SReclaimable:      14316 kB
SUnreclaim:        21868 kB
KernelStack:        9712 kB
PageTables:        20764 kB
NFS_Unstable:          0 kB
Bounce:                0 kB
WritebackTmp:          0 kB
CommitLimit:      675480 kB
Committed_AS:   47728792 kB
VmallocTotal:     253952 kB
VmallocUsed:       95380 kB
VmallocChunk:      50180 kB
Time pass: 161 sec

---2015-12-10 00:29:21
MemTotal:        1350964 kB
MemFree:           55756 kB
Buffers:            6652 kB
Cached:           446116 kB
SwapCached:            0 kB
Active:           778380 kB
Inactive:         222372 kB
Active(anon):     556364 kB
Inactive(anon):     1848 kB
Active(file):     222016 kB
Inactive(file):   220524 kB
Unevictable:        8304 kB
Mlocked:               0 kB
HighTotal:        802816 kB
HighFree:           1528 kB
LowTotal:         548148 kB
LowFree:           54228 kB
SwapTotal:             0 kB
SwapFree:              0 kB
Dirty:                44 kB
Writeback:             0 kB
AnonPages:        556272 kB
Mapped:           192928 kB
Shmem:              1924 kB
Slab:              36296 kB
SReclaimable:      14316 kB
SUnreclaim:        21980 kB
KernelStack:        9712 kB
PageTables:        20768 kB
NFS_Unstable:          0 kB
Bounce:                0 kB
WritebackTmp:          0 kB
CommitLimit:      675480 kB
Committed_AS:   47729268 kB
VmallocTotal:     253952 kB
VmallocUsed:       95380 kB
VmallocChunk:      50180 kB
Time pass: 164 sec

---2015-12-10 00:29:21
MemTotal:        1350964 kB
MemFree:           54972 kB
Buffers:            6652 kB
Cached:           446116 kB
SwapCached:            0 kB
Active:           778464 kB
Inactive:         222400 kB
Active(anon):     556448 kB
Inactive(anon):     1876 kB
Active(file):     222016 kB
Inactive(file):   220524 kB
Unevictable:        8304 kB
Mlocked:               0 kB
HighTotal:        802816 kB
HighFree:           1528 kB
LowTotal:         548148 kB
LowFree:           53444 kB
SwapTotal:             0 kB
SwapFree:              0 kB
Dirty:                44 kB
Writeback:             0 kB
AnonPages:        556400 kB
Mapped:           193076 kB
Shmem:              1924 kB
Slab:              36220 kB
SReclaimable:      14316 kB
SUnreclaim:        21904 kB
KernelStack:        9712 kB
PageTables:        20764 kB
NFS_Unstable:          0 kB
Bounce:                0 kB
WritebackTmp:          0 kB
CommitLimit:      675480 kB
Committed_AS:   47729264 kB
VmallocTotal:     253952 kB
VmallocUsed:       95380 kB
VmallocChunk:      50180 kB
Time pass: 168 sec

---2015-12-10 00:29:21
MemTotal:        1350964 kB
MemFree:           55308 kB
Buffers:            6660 kB
Cached:           446116 kB
SwapCached:            0 kB
Active:           778788 kB
Inactive:         222408 kB
Active(anon):     556772 kB
Inactive(anon):     1876 kB
Active(file):     222016 kB
Inactive(file):   220532 kB
Unevictable:        8304 kB
Mlocked:               0 kB
HighTotal:        802816 kB
HighFree:           1528 kB
LowTotal:         548148 kB
LowFree:           53780 kB
SwapTotal:             0 kB
SwapFree:              0 kB
Dirty:                28 kB
Writeback:             0 kB
AnonPages:        556868 kB
Mapped:           193080 kB
Shmem:              1924 kB
Slab:              36224 kB
SReclaimable:      14316 kB
SUnreclaim:        21908 kB
KernelStack:        9720 kB
PageTables:        20764 kB
NFS_Unstable:          0 kB
Bounce:                0 kB
WritebackTmp:          0 kB
CommitLimit:      675480 kB
Committed_AS:   47729348 kB
VmallocTotal:     253952 kB
VmallocUsed:       95380 kB
VmallocChunk:      50180 kB
Time pass: 171 sec

---2015-12-10 00:29:21
MemTotal:        1350964 kB
MemFree:           55364 kB
Buffers:            6676 kB
Cached:           446116 kB
SwapCached:            0 kB
Active:           778840 kB
Inactive:         222424 kB
Active(anon):     556824 kB
Inactive(anon):     1876 kB
Active(file):     222016 kB
Inactive(file):   220548 kB
Unevictable:        8304 kB
Mlocked:               0 kB
HighTotal:        802816 kB
HighFree:           1528 kB
LowTotal:         548148 kB
LowFree:           53836 kB
SwapTotal:             0 kB
SwapFree:              0 kB
Dirty:                 0 kB
Writeback:             0 kB
AnonPages:        556604 kB
Mapped:           193080 kB
Shmem:              1924 kB
Slab:              36180 kB
SReclaimable:      14316 kB
SUnreclaim:        21864 kB
KernelStack:        9728 kB
PageTables:        20768 kB
NFS_Unstable:          0 kB
Bounce:                0 kB
WritebackTmp:          0 kB
CommitLimit:      675480 kB
Committed_AS:   47729264 kB
VmallocTotal:     253952 kB
VmallocUsed:       95380 kB
VmallocChunk:      50180 kB
Time pass: 175 sec

---2015-12-10 00:29:21
MemTotal:        1350964 kB
MemFree:           54768 kB
Buffers:            6684 kB
Cached:           446108 kB
SwapCached:            0 kB
Active:           779008 kB
Inactive:         222424 kB
Active(anon):     556992 kB
Inactive(anon):     1876 kB
Active(file):     222016 kB
Inactive(file):   220548 kB
Unevictable:        8304 kB
Mlocked:               0 kB
HighTotal:        802816 kB
HighFree:           1528 kB
LowTotal:         548148 kB
LowFree:           53240 kB
SwapTotal:             0 kB
SwapFree:              0 kB
Dirty:                 0 kB
Writeback:             0 kB
AnonPages:        557300 kB
Mapped:           192932 kB
Shmem:              1924 kB
Slab:              36164 kB
SReclaimable:      14316 kB
SUnreclaim:        21848 kB
KernelStack:        9728 kB
PageTables:        20768 kB
NFS_Unstable:          0 kB
Bounce:                0 kB
WritebackTmp:          0 kB
CommitLimit:      675480 kB
Committed_AS:   47730348 kB
VmallocTotal:     253952 kB
VmallocUsed:       95380 kB
VmallocChunk:      50180 kB
Time pass: 178 sec

---2015-12-10 00:29:21
MemTotal:        1350964 kB
MemFree:           55324 kB
Buffers:            6752 kB
Cached:           446116 kB
SwapCached:            0 kB
Active:           778952 kB
Inactive:         222488 kB
Active(anon):     556932 kB
Inactive(anon):     1876 kB
Active(file):     222020 kB
Inactive(file):   220612 kB
Unevictable:        8304 kB
Mlocked:               0 kB
HighTotal:        802816 kB
HighFree:           1528 kB
LowTotal:         548148 kB
LowFree:           53796 kB
SwapTotal:             0 kB
SwapFree:              0 kB
Dirty:                28 kB
Writeback:             0 kB
AnonPages:        556984 kB
Mapped:           193080 kB
Shmem:              1924 kB
Slab:              36172 kB
SReclaimable:      14316 kB
SUnreclaim:        21856 kB
KernelStack:        9696 kB
PageTables:        20768 kB
NFS_Unstable:          0 kB
Bounce:                0 kB
WritebackTmp:          0 kB
CommitLimit:      675480 kB
Committed_AS:   47729228 kB
VmallocTotal:     253952 kB
VmallocUsed:       95380 kB
VmallocChunk:      50180 kB
Time pass: 185 sec

---2015-12-10 00:29:21
MemTotal:        1350964 kB
MemFree:           54564 kB
Buffers:            6768 kB
Cached:           446116 kB
SwapCached:            0 kB
Active:           779052 kB
Inactive:         222512 kB
Active(anon):     557032 kB
Inactive(anon):     1876 kB
Active(file):     222020 kB
Inactive(file):   220636 kB
Unevictable:        8304 kB
Mlocked:               0 kB
HighTotal:        802816 kB
HighFree:           1528 kB
LowTotal:         548148 kB
LowFree:           53036 kB
SwapTotal:             0 kB
SwapFree:              0 kB
Dirty:                36 kB
Writeback:             0 kB
AnonPages:        557040 kB
Mapped:           193080 kB
Shmem:              1924 kB
Slab:              36228 kB
SReclaimable:      14316 kB
SUnreclaim:        21912 kB
KernelStack:        9688 kB
PageTables:        20768 kB
NFS_Unstable:          0 kB
Bounce:                0 kB
WritebackTmp:          0 kB
CommitLimit:      675480 kB
Committed_AS:   47729236 kB
VmallocTotal:     253952 kB
VmallocUsed:       95380 kB
VmallocChunk:      50180 kB
Time pass: 189 sec

---2015-12-10 00:29:21
MemTotal:        1350964 kB
MemFree:           55144 kB
Buffers:            6776 kB
Cached:           446108 kB
SwapCached:            0 kB
Active:           779020 kB
Inactive:         222512 kB
Active(anon):     557000 kB
Inactive(anon):     1876 kB
Active(file):     222020 kB
Inactive(file):   220636 kB
Unevictable:        8304 kB
Mlocked:               0 kB
HighTotal:        802816 kB
HighFree:           1528 kB
LowTotal:         548148 kB
LowFree:           53616 kB
SwapTotal:             0 kB
SwapFree:              0 kB
Dirty:                 0 kB
Writeback:             0 kB
AnonPages:        556956 kB
Mapped:           193032 kB
Shmem:              1924 kB
Slab:              36292 kB
SReclaimable:      14316 kB
SUnreclaim:        21976 kB
KernelStack:        9688 kB
PageTables:        20752 kB
NFS_Unstable:          0 kB
Bounce:                0 kB
WritebackTmp:          0 kB
CommitLimit:      675480 kB
Committed_AS:   47729176 kB
VmallocTotal:     253952 kB
VmallocUsed:       95380 kB
VmallocChunk:      50180 kB
Time pass: 192 sec

---2015-12-10 00:29:21
MemTotal:        1350964 kB
MemFree:           55036 kB
Buffers:            6792 kB
Cached:           446116 kB
SwapCached:            0 kB
Active:           779300 kB
Inactive:         222520 kB
Active(anon):     557280 kB
Inactive(anon):     1876 kB
Active(file):     222020 kB
Inactive(file):   220644 kB
Unevictable:        8304 kB
Mlocked:               0 kB
HighTotal:        802816 kB
HighFree:           1528 kB
LowTotal:         548148 kB
LowFree:           53508 kB
SwapTotal:             0 kB
SwapFree:              0 kB
Dirty:                36 kB
Writeback:             0 kB
AnonPages:        557312 kB
Mapped:           193080 kB
Shmem:              1924 kB
Slab:              36180 kB
SReclaimable:      14316 kB
SUnreclaim:        21864 kB
KernelStack:        9688 kB
PageTables:        20768 kB
NFS_Unstable:          0 kB
Bounce:                0 kB
WritebackTmp:          0 kB
CommitLimit:      675480 kB
Committed_AS:   47729332 kB
VmallocTotal:     253952 kB
VmallocUsed:       95380 kB
VmallocChunk:      50180 kB
Time pass: 196 sec

---2015-12-10 00:29:21
MemTotal:        1350964 kB
MemFree:           54620 kB
Buffers:            6808 kB
Cached:           446120 kB
SwapCached:            0 kB
Active:           779160 kB
Inactive:         222552 kB
Active(anon):     557136 kB
Inactive(anon):     1876 kB
Active(file):     222024 kB
Inactive(file):   220676 kB
Unevictable:        8304 kB
Mlocked:               0 kB
HighTotal:        802816 kB
HighFree:           1528 kB
LowTotal:         548148 kB
LowFree:           53092 kB
SwapTotal:             0 kB
SwapFree:              0 kB
Dirty:                36 kB
Writeback:             8 kB
AnonPages:        557288 kB
Mapped:           193032 kB
Shmem:              1924 kB
Slab:              36164 kB
SReclaimable:      14316 kB
SUnreclaim:        21848 kB
KernelStack:        9696 kB
PageTables:        20752 kB
NFS_Unstable:          0 kB
Bounce:                0 kB
WritebackTmp:          0 kB
CommitLimit:      675480 kB
Committed_AS:   47729204 kB
VmallocTotal:     253952 kB
VmallocUsed:       95380 kB
VmallocChunk:      50180 kB
Time pass: 199 sec

---2015-12-10 00:29:21
MemTotal:        1350964 kB
MemFree:           54108 kB
Buffers:            6808 kB
Cached:           446116 kB
SwapCached:            0 kB
Active:           780288 kB
Inactive:         222552 kB
Active(anon):     558268 kB
Inactive(anon):     1876 kB
Active(file):     222020 kB
Inactive(file):   220676 kB
Unevictable:        8304 kB
Mlocked:               0 kB
HighTotal:        802816 kB
HighFree:           1528 kB
LowTotal:         548148 kB
LowFree:           52580 kB
SwapTotal:             0 kB
SwapFree:              0 kB
Dirty:                36 kB
Writeback:             0 kB
AnonPages:        558476 kB
Mapped:           192932 kB
Shmem:              1924 kB
Slab:              36196 kB
SReclaimable:      14316 kB
SUnreclaim:        21880 kB
KernelStack:        9672 kB
PageTables:        20768 kB
NFS_Unstable:          0 kB
Bounce:                0 kB
WritebackTmp:          0 kB
CommitLimit:      675480 kB
Committed_AS:   47730404 kB
VmallocTotal:     253952 kB
VmallocUsed:       95380 kB
VmallocChunk:      50180 kB
Time pass: 203 sec

---2015-12-10 00:29:21
MemTotal:        1350964 kB
MemFree:           54312 kB
Buffers:            6816 kB
Cached:           446116 kB
SwapCached:            0 kB
Active:           779812 kB
Inactive:         222560 kB
Active(anon):     557792 kB
Inactive(anon):     1876 kB
Active(file):     222020 kB
Inactive(file):   220684 kB
Unevictable:        8304 kB
Mlocked:               0 kB
HighTotal:        802816 kB
HighFree:           1528 kB
LowTotal:         548148 kB
LowFree:           52784 kB
SwapTotal:             0 kB
SwapFree:              0 kB
Dirty:                36 kB
Writeback:             0 kB
AnonPages:        557824 kB
Mapped:           193032 kB
Shmem:              1924 kB
Slab:              36136 kB
SReclaimable:      14316 kB
SUnreclaim:        21820 kB
KernelStack:        9656 kB
PageTables:        20752 kB
NFS_Unstable:          0 kB
Bounce:                0 kB
WritebackTmp:          0 kB
CommitLimit:      675480 kB
Committed_AS:   47730660 kB
VmallocTotal:     253952 kB
VmallocUsed:       95380 kB
VmallocChunk:      50180 kB
Time pass: 206 sec

---2015-12-10 00:29:21
MemTotal:        1350964 kB
MemFree:           52804 kB
Buffers:            6896 kB
Cached:           446948 kB
SwapCached:            0 kB
Active:           780596 kB
Inactive:         223176 kB
Active(anon):     558576 kB
Inactive(anon):     1876 kB
Active(file):     222020 kB
Inactive(file):   221300 kB
Unevictable:        8304 kB
Mlocked:               0 kB
HighTotal:        802816 kB
HighFree:           2628 kB
LowTotal:         548148 kB
LowFree:           50176 kB
SwapTotal:             0 kB
SwapFree:              0 kB
Dirty:                 0 kB
Writeback:             0 kB
AnonPages:        558440 kB
Mapped:           193088 kB
Shmem:              1932 kB
Slab:              36168 kB
SReclaimable:      14316 kB
SUnreclaim:        21852 kB
KernelStack:        9648 kB
PageTables:        20620 kB
NFS_Unstable:          0 kB
Bounce:                0 kB
WritebackTmp:          0 kB
CommitLimit:      675480 kB
Committed_AS:   47734736 kB
VmallocTotal:     253952 kB
VmallocUsed:       95380 kB
VmallocChunk:      37892 kB
Time pass: 210 sec

---2015-12-10 00:29:21
MemTotal:        1350964 kB
MemFree:           52144 kB
Buffers:            6912 kB
Cached:           446932 kB
SwapCached:            0 kB
Active:           780748 kB
Inactive:         223360 kB
Active(anon):     558620 kB
Inactive(anon):     1884 kB
Active(file):     222128 kB
Inactive(file):   221476 kB
Unevictable:        8304 kB
Mlocked:               0 kB
HighTotal:        802816 kB
HighFree:           1528 kB
LowTotal:         548148 kB
LowFree:           50616 kB
SwapTotal:             0 kB
SwapFree:              0 kB
Dirty:                96 kB
Writeback:             0 kB
AnonPages:        558788 kB
Mapped:           193268 kB
Shmem:              1936 kB
Slab:              36188 kB
SReclaimable:      14312 kB
SUnreclaim:        21876 kB
KernelStack:        9672 kB
PageTables:        20800 kB
NFS_Unstable:          0 kB
Bounce:                0 kB
WritebackTmp:          0 kB
CommitLimit:      675480 kB
Committed_AS:   47733976 kB
VmallocTotal:     253952 kB
VmallocUsed:       95380 kB
VmallocChunk:      37892 kB
Time pass: 214 sec

---2015-12-10 00:29:21
MemTotal:        1350964 kB
MemFree:           52528 kB
Buffers:            6920 kB
Cached:           446932 kB
SwapCached:            0 kB
Active:           780756 kB
Inactive:         223364 kB
Active(anon):     558628 kB
Inactive(anon):     1888 kB
Active(file):     222128 kB
Inactive(file):   221476 kB
Unevictable:        8304 kB
Mlocked:               0 kB
HighTotal:        802816 kB
HighFree:           1528 kB
LowTotal:         548148 kB
LowFree:           51000 kB
SwapTotal:             0 kB
SwapFree:              0 kB
Dirty:                28 kB
Writeback:             0 kB
AnonPages:        558496 kB
Mapped:           193268 kB
Shmem:              1936 kB
Slab:              36180 kB
SReclaimable:      14312 kB
SUnreclaim:        21868 kB
KernelStack:        9672 kB
PageTables:        20800 kB
NFS_Unstable:          0 kB
Bounce:                0 kB
WritebackTmp:          0 kB
CommitLimit:      675480 kB
Committed_AS:   47734948 kB
VmallocTotal:     253952 kB
VmallocUsed:       95380 kB
VmallocChunk:      37892 kB
Time pass: 217 sec

---2015-12-10 00:29:21
MemTotal:        1350964 kB
MemFree:           52176 kB
Buffers:            6936 kB
Cached:           446932 kB
SwapCached:            0 kB
Active:           780812 kB
Inactive:         223392 kB
Active(anon):     558684 kB
Inactive(anon):     1888 kB
Active(file):     222128 kB
Inactive(file):   221504 kB
Unevictable:        8304 kB
Mlocked:               0 kB
HighTotal:        802816 kB
HighFree:           1528 kB
LowTotal:         548148 kB
LowFree:           50648 kB
SwapTotal:             0 kB
SwapFree:              0 kB
Dirty:                48 kB
Writeback:             0 kB
AnonPages:        558688 kB
Mapped:           193268 kB
Shmem:              1936 kB
Slab:              36264 kB
SReclaimable:      14312 kB
SUnreclaim:        21952 kB
KernelStack:        9664 kB
PageTables:        20800 kB
NFS_Unstable:          0 kB
Bounce:                0 kB
WritebackTmp:          0 kB
CommitLimit:      675480 kB
Committed_AS:   47734920 kB
VmallocTotal:     253952 kB
VmallocUsed:       95380 kB
VmallocChunk:      37892 kB
Time pass: 221 sec

---2015-12-10 00:29:21
MemTotal:        1350964 kB
MemFree:           52172 kB
Buffers:            6944 kB
Cached:           446932 kB
SwapCached:            0 kB
Active:           780800 kB
Inactive:         223388 kB
Active(anon):     558672 kB
Inactive(anon):     1888 kB
Active(file):     222128 kB
Inactive(file):   221500 kB
Unevictable:        8304 kB
Mlocked:               0 kB
HighTotal:        802816 kB
HighFree:           1528 kB
LowTotal:         548148 kB
LowFree:           50644 kB
SwapTotal:             0 kB
SwapFree:              0 kB
Dirty:                28 kB
Writeback:             0 kB
AnonPages:        558676 kB
Mapped:           193268 kB
Shmem:              1936 kB
Slab:              36160 kB
SReclaimable:      14312 kB
SUnreclaim:        21848 kB
KernelStack:        9664 kB
PageTables:        20800 kB
NFS_Unstable:          0 kB
Bounce:                0 kB
WritebackTmp:          0 kB
CommitLimit:      675480 kB
Committed_AS:   47734868 kB
VmallocTotal:     253952 kB
VmallocUsed:       95380 kB
VmallocChunk:      37892 kB
Time pass: 224 sec

---2015-12-10 00:29:21
MemTotal:        1350964 kB
MemFree:           52156 kB
Buffers:            6960 kB
Cached:           446932 kB
SwapCached:            0 kB
Active:           781124 kB
Inactive:         223412 kB
Active(anon):     558996 kB
Inactive(anon):     1888 kB
Active(file):     222128 kB
Inactive(file):   221524 kB
Unevictable:        8304 kB
Mlocked:               0 kB
HighTotal:        802816 kB
HighFree:           1528 kB
LowTotal:         548148 kB
LowFree:           50628 kB
SwapTotal:             0 kB
SwapFree:              0 kB
Dirty:                40 kB
Writeback:             0 kB
AnonPages:        559004 kB
Mapped:           193268 kB
Shmem:              1936 kB
Slab:              36224 kB
SReclaimable:      14312 kB
SUnreclaim:        21912 kB
KernelStack:        9664 kB
PageTables:        20796 kB
NFS_Unstable:          0 kB
Bounce:                0 kB
WritebackTmp:          0 kB
CommitLimit:      675480 kB
Committed_AS:   47735076 kB
VmallocTotal:     253952 kB
VmallocUsed:       95380 kB
VmallocChunk:      37892 kB
Time pass: 228 sec

---2015-12-10 00:29:21
MemTotal:        1350964 kB
MemFree:           51992 kB
Buffers:            6976 kB
Cached:           446932 kB
SwapCached:            0 kB
Active:           781124 kB
Inactive:         223428 kB
Active(anon):     558996 kB
Inactive(anon):     1888 kB
Active(file):     222128 kB
Inactive(file):   221540 kB
Unevictable:        8304 kB
Mlocked:               0 kB
HighTotal:        802816 kB
HighFree:           1528 kB
LowTotal:         548148 kB
LowFree:           50464 kB
SwapTotal:             0 kB
SwapFree:              0 kB
Dirty:                44 kB
Writeback:             0 kB
AnonPages:        559008 kB
Mapped:           193268 kB
Shmem:              1936 kB
Slab:              36272 kB
SReclaimable:      14312 kB
SUnreclaim:        21960 kB
KernelStack:        9664 kB
PageTables:        20800 kB
NFS_Unstable:          0 kB
Bounce:                0 kB
WritebackTmp:          0 kB
CommitLimit:      675480 kB
Committed_AS:   47735028 kB
VmallocTotal:     253952 kB
VmallocUsed:       95380 kB
VmallocChunk:      37892 kB
Time pass: 231 sec

---2015-12-10 00:29:21
MemTotal:        1350964 kB
MemFree:           51200 kB
Buffers:            6976 kB
Cached:           446932 kB
SwapCached:            0 kB
Active:           781608 kB
Inactive:         223428 kB
Active(anon):     559480 kB
Inactive(anon):     1888 kB
Active(file):     222128 kB
Inactive(file):   221540 kB
Unevictable:        8304 kB
Mlocked:               0 kB
HighTotal:        802816 kB
HighFree:           1528 kB
LowTotal:         548148 kB
LowFree:           49672 kB
SwapTotal:             0 kB
SwapFree:              0 kB
Dirty:                44 kB
Writeback:             0 kB
AnonPages:        559320 kB
Mapped:           193268 kB
Shmem:              1936 kB
Slab:              36256 kB
SReclaimable:      14312 kB
SUnreclaim:        21944 kB
KernelStack:        9672 kB
PageTables:        20796 kB
NFS_Unstable:          0 kB
Bounce:                0 kB
WritebackTmp:          0 kB
CommitLimit:      675480 kB
Committed_AS:   47735612 kB
VmallocTotal:     253952 kB
VmallocUsed:       95380 kB
VmallocChunk:      37892 kB
Time pass: 235 sec

---2015-12-10 00:29:21
MemTotal:        1350964 kB
MemFree:           52528 kB
Buffers:            7000 kB
Cached:           446916 kB
SwapCached:            0 kB
Active:           781160 kB
Inactive:         223436 kB
Active(anon):     559032 kB
Inactive(anon):     1888 kB
Active(file):     222128 kB
Inactive(file):   221548 kB
Unevictable:        8304 kB
Mlocked:               0 kB
HighTotal:        802816 kB
HighFree:           1528 kB
LowTotal:         548148 kB
LowFree:           51000 kB
SwapTotal:             0 kB
SwapFree:              0 kB
Dirty:                28 kB
Writeback:             0 kB
AnonPages:        558876 kB
Mapped:           193268 kB
Shmem:              1936 kB
Slab:              36200 kB
SReclaimable:      14312 kB
SUnreclaim:        21888 kB
KernelStack:        9680 kB
PageTables:        20796 kB
NFS_Unstable:          0 kB
Bounce:                0 kB
WritebackTmp:          0 kB
CommitLimit:      675480 kB
Committed_AS:   47735024 kB
VmallocTotal:     253952 kB
VmallocUsed:       95380 kB
VmallocChunk:      37892 kB
Time pass: 239 sec

---2015-12-10 00:29:21
MemTotal:        1350964 kB
MemFree:           53576 kB
Buffers:            7008 kB
Cached:           447136 kB
SwapCached:            0 kB
Active:           779712 kB
Inactive:         223660 kB
Active(anon):     557588 kB
Inactive(anon):     2088 kB
Active(file):     222124 kB
Inactive(file):   221572 kB
Unevictable:        8304 kB
Mlocked:               0 kB
HighTotal:        802816 kB
HighFree:           3128 kB
LowTotal:         548148 kB
LowFree:           50448 kB
SwapTotal:             0 kB
SwapFree:              0 kB
Dirty:                56 kB
Writeback:             4 kB
AnonPages:        557584 kB
Mapped:           193420 kB
Shmem:              2136 kB
Slab:              36188 kB
SReclaimable:      14312 kB
SUnreclaim:        21876 kB
KernelStack:        9664 kB
PageTables:        20780 kB
NFS_Unstable:          0 kB
Bounce:                0 kB
WritebackTmp:          0 kB
CommitLimit:      675480 kB
Committed_AS:   47733296 kB
VmallocTotal:     253952 kB
VmallocUsed:       95380 kB
VmallocChunk:      37892 kB
Time pass: 242 sec

---2015-12-10 00:29:21
MemTotal:        1350964 kB
MemFree:           51776 kB
Buffers:            7008 kB
Cached:           447144 kB
SwapCached:            0 kB
Active:           781056 kB
Inactive:         223672 kB
Active(anon):     558928 kB
Inactive(anon):     2088 kB
Active(file):     222128 kB
Inactive(file):   221584 kB
Unevictable:        8304 kB
Mlocked:               0 kB
HighTotal:        802816 kB
HighFree:           1628 kB
LowTotal:         548148 kB
LowFree:           50148 kB
SwapTotal:             0 kB
SwapFree:              0 kB
Dirty:                52 kB
Writeback:             0 kB
AnonPages:        558916 kB
Mapped:           193476 kB
Shmem:              2136 kB
Slab:              36156 kB
SReclaimable:      14312 kB
SUnreclaim:        21844 kB
KernelStack:        9680 kB
PageTables:        20796 kB
NFS_Unstable:          0 kB
Bounce:                0 kB
WritebackTmp:          0 kB
CommitLimit:      675480 kB
Committed_AS:   47734596 kB
VmallocTotal:     253952 kB
VmallocUsed:       95380 kB
VmallocChunk:      37892 kB
Time pass: 246 sec

---2015-12-10 00:29:21
MemTotal:        1350964 kB
MemFree:           51184 kB
Buffers:            7024 kB
Cached:           447144 kB
SwapCached:            0 kB
Active:           781028 kB
Inactive:         223688 kB
Active(anon):     558900 kB
Inactive(anon):     2088 kB
Active(file):     222128 kB
Inactive(file):   221600 kB
Unevictable:        8304 kB
Mlocked:               0 kB
HighTotal:        802816 kB
HighFree:           1528 kB
LowTotal:         548148 kB
LowFree:           49656 kB
SwapTotal:             0 kB
SwapFree:              0 kB
Dirty:                 4 kB
Writeback:             0 kB
AnonPages:        559024 kB
Mapped:           193476 kB
Shmem:              2136 kB
Slab:              36216 kB
SReclaimable:      14312 kB
SUnreclaim:        21904 kB
KernelStack:        9672 kB
PageTables:        20796 kB
NFS_Unstable:          0 kB
Bounce:                0 kB
WritebackTmp:          0 kB
CommitLimit:      675480 kB
Committed_AS:   47734484 kB
VmallocTotal:     253952 kB
VmallocUsed:       95380 kB
VmallocChunk:      37892 kB
Time pass: 250 sec

---2015-12-10 00:29:21
MemTotal:        1350964 kB
MemFree:           51272 kB
Buffers:            7032 kB
Cached:           447148 kB
SwapCached:            0 kB
Active:           781004 kB
Inactive:         223688 kB
Active(anon):     558872 kB
Inactive(anon):     2088 kB
Active(file):     222132 kB
Inactive(file):   221600 kB
Unevictable:        8304 kB
Mlocked:               0 kB
HighTotal:        802816 kB
HighFree:           1528 kB
LowTotal:         548148 kB
LowFree:           49744 kB
SwapTotal:             0 kB
SwapFree:              0 kB
Dirty:                40 kB
Writeback:             0 kB
AnonPages:        558916 kB
Mapped:           193500 kB
Shmem:              2136 kB
Slab:              36196 kB
SReclaimable:      14312 kB
SUnreclaim:        21884 kB
KernelStack:        9672 kB
PageTables:        20800 kB
NFS_Unstable:          0 kB
Bounce:                0 kB
WritebackTmp:          0 kB
CommitLimit:      675480 kB
Committed_AS:   47734444 kB
VmallocTotal:     253952 kB
VmallocUsed:       95380 kB
VmallocChunk:      37892 kB
Time pass: 254 sec

---2015-12-10 00:29:21
MemTotal:        1350964 kB
MemFree:           51608 kB
Buffers:            7048 kB
Cached:           447148 kB
SwapCached:            0 kB
Active:           781152 kB
Inactive:         223696 kB
Active(anon):     559020 kB
Inactive(anon):     2088 kB
Active(file):     222132 kB
Inactive(file):   221608 kB
Unevictable:        8304 kB
Mlocked:               0 kB
HighTotal:        802816 kB
HighFree:           1528 kB
LowTotal:         548148 kB
LowFree:           50080 kB
SwapTotal:             0 kB
SwapFree:              0 kB
Dirty:                 0 kB
Writeback:             0 kB
AnonPages:        558892 kB
Mapped:           193500 kB
Shmem:              2136 kB
Slab:              36340 kB
SReclaimable:      14312 kB
SUnreclaim:        22028 kB
KernelStack:        9672 kB
PageTables:        20800 kB
NFS_Unstable:          0 kB
Bounce:                0 kB
WritebackTmp:          0 kB
CommitLimit:      675480 kB
Committed_AS:   47734352 kB
VmallocTotal:     253952 kB
VmallocUsed:       95380 kB
VmallocChunk:      37892 kB
Time pass: 257 sec

---2015-12-10 00:29:21
MemTotal:        1350964 kB
MemFree:           50984 kB
Buffers:            7056 kB
Cached:           447148 kB
SwapCached:            0 kB
Active:           781208 kB
Inactive:         223712 kB
Active(anon):     559076 kB
Inactive(anon):     2088 kB
Active(file):     222132 kB
Inactive(file):   221624 kB
Unevictable:        8304 kB
Mlocked:               0 kB
HighTotal:        802816 kB
HighFree:           1528 kB
LowTotal:         548148 kB
LowFree:           49456 kB
SwapTotal:             0 kB
SwapFree:              0 kB
Dirty:                40 kB
Writeback:             0 kB
AnonPages:        559232 kB
Mapped:           193500 kB
Shmem:              2136 kB
Slab:              36216 kB
SReclaimable:      14312 kB
SUnreclaim:        21904 kB
KernelStack:        9672 kB
PageTables:        20800 kB
NFS_Unstable:          0 kB
Bounce:                0 kB
WritebackTmp:          0 kB
CommitLimit:      675480 kB
Committed_AS:   47734336 kB
VmallocTotal:     253952 kB
VmallocUsed:       95380 kB
VmallocChunk:      37892 kB
Time pass: 261 sec

---2015-12-10 00:29:21
MemTotal:        1350964 kB
MemFree:           50868 kB
Buffers:            7072 kB
Cached:           447148 kB
SwapCached:            0 kB
Active:           781308 kB
Inactive:         223736 kB
Active(anon):     559176 kB
Inactive(anon):     2088 kB
Active(file):     222132 kB
Inactive(file):   221648 kB
Unevictable:        8304 kB
Mlocked:               0 kB
HighTotal:        802816 kB
HighFree:           1528 kB
LowTotal:         548148 kB
LowFree:           49340 kB
SwapTotal:             0 kB
SwapFree:              0 kB
Dirty:                 4 kB
Writeback:             0 kB
AnonPages:        559180 kB
Mapped:           193500 kB
Shmem:              2136 kB
Slab:              36240 kB
SReclaimable:      14312 kB
SUnreclaim:        21928 kB
KernelStack:        9672 kB
PageTables:        20800 kB
NFS_Unstable:          0 kB
Bounce:                0 kB
WritebackTmp:          0 kB
CommitLimit:      675480 kB
Committed_AS:   47734368 kB
VmallocTotal:     253952 kB
VmallocUsed:       95380 kB
VmallocChunk:      37892 kB
Time pass: 265 sec

---2015-12-10 00:29:21
MemTotal:        1350964 kB
MemFree:           50940 kB
Buffers:            7088 kB
Cached:           447148 kB
SwapCached:            0 kB
Active:           781576 kB
Inactive:         223752 kB
Active(anon):     559444 kB
Inactive(anon):     2088 kB
Active(file):     222132 kB
Inactive(file):   221664 kB
Unevictable:        8304 kB
Mlocked:               0 kB
HighTotal:        802816 kB
HighFree:           1528 kB
LowTotal:         548148 kB
LowFree:           49412 kB
SwapTotal:             0 kB
SwapFree:              0 kB
Dirty:                48 kB
Writeback:             0 kB
AnonPages:        559352 kB
Mapped:           193500 kB
Shmem:              2136 kB
Slab:              36240 kB
SReclaimable:      14312 kB
SUnreclaim:        21928 kB
KernelStack:        9672 kB
PageTables:        20800 kB
NFS_Unstable:          0 kB
Bounce:                0 kB
WritebackTmp:          0 kB
CommitLimit:      675480 kB
Committed_AS:   47734444 kB
VmallocTotal:     253952 kB
VmallocUsed:       95380 kB
VmallocChunk:      37892 kB
Time pass: 268 sec

---2015-12-10 00:29:21
MemTotal:        1350964 kB
MemFree:           51208 kB
Buffers:            7088 kB
Cached:           447152 kB
SwapCached:            0 kB
Active:           781536 kB
Inactive:         223756 kB
Active(anon):     559404 kB
Inactive(anon):     2088 kB
Active(file):     222132 kB
Inactive(file):   221668 kB
Unevictable:        8304 kB
Mlocked:               0 kB
HighTotal:        802816 kB
HighFree:           1528 kB
LowTotal:         548148 kB
LowFree:           49680 kB
SwapTotal:             0 kB
SwapFree:              0 kB
Dirty:                52 kB
Writeback:             0 kB
AnonPages:        559364 kB
Mapped:           193352 kB
Shmem:              2136 kB
Slab:              36288 kB
SReclaimable:      14312 kB
SUnreclaim:        21976 kB
KernelStack:        9672 kB
PageTables:        20800 kB
NFS_Unstable:          0 kB
Bounce:                0 kB
WritebackTmp:          0 kB
CommitLimit:      675480 kB
Committed_AS:   47734472 kB
VmallocTotal:     253952 kB
VmallocUsed:       95380 kB
VmallocChunk:      37892 kB
Time pass: 272 sec

---2015-12-10 00:29:21
MemTotal:        1350964 kB
MemFree:           51380 kB
Buffers:            7112 kB
Cached:           447152 kB
SwapCached:            0 kB
Active:           781744 kB
Inactive:         223760 kB
Active(anon):     559608 kB
Inactive(anon):     2088 kB
Active(file):     222136 kB
Inactive(file):   221672 kB
Unevictable:        8304 kB
Mlocked:               0 kB
HighTotal:        802816 kB
HighFree:           2520 kB
LowTotal:         548148 kB
LowFree:           48860 kB
SwapTotal:             0 kB
SwapFree:              0 kB
Dirty:                48 kB
Writeback:             0 kB
AnonPages:        559612 kB
Mapped:           193504 kB
Shmem:              2136 kB
Slab:              36188 kB
SReclaimable:      14312 kB
SUnreclaim:        21876 kB
KernelStack:        9688 kB
PageTables:        20812 kB
NFS_Unstable:          0 kB
Bounce:                0 kB
WritebackTmp:          0 kB
CommitLimit:      675480 kB
Committed_AS:   47734536 kB
VmallocTotal:     253952 kB
VmallocUsed:       95380 kB
VmallocChunk:      37892 kB
Time pass: 275 sec

---2015-12-10 00:29:21
MemTotal:        1350964 kB
MemFree:           51676 kB
Buffers:            7112 kB
Cached:           447152 kB
SwapCached:            0 kB
Active:           780944 kB
Inactive:         223776 kB
Active(anon):     558808 kB
Inactive(anon):     2088 kB
Active(file):     222136 kB
Inactive(file):   221688 kB
Unevictable:        8304 kB
Mlocked:               0 kB
HighTotal:        802816 kB
HighFree:           1528 kB
LowTotal:         548148 kB
LowFree:           50148 kB
SwapTotal:             0 kB
SwapFree:              0 kB
Dirty:                48 kB
Writeback:             0 kB
AnonPages:        558596 kB
Mapped:           193352 kB
Shmem:              2136 kB
Slab:              36204 kB
SReclaimable:      14312 kB
SUnreclaim:        21892 kB
KernelStack:        9688 kB
PageTables:        20800 kB
NFS_Unstable:          0 kB
Bounce:                0 kB
WritebackTmp:          0 kB
CommitLimit:      675480 kB
Committed_AS:   47734500 kB
VmallocTotal:     253952 kB
VmallocUsed:       95380 kB
VmallocChunk:      37892 kB
Time pass: 279 sec

---2015-12-10 00:29:21
MemTotal:        1350964 kB
MemFree:           51188 kB
Buffers:            7136 kB
Cached:           447136 kB
SwapCached:            0 kB
Active:           781264 kB
Inactive:         223784 kB
Active(anon):     559128 kB
Inactive(anon):     2088 kB
Active(file):     222136 kB
Inactive(file):   221696 kB
Unevictable:        8304 kB
Mlocked:               0 kB
HighTotal:        802816 kB
HighFree:           1528 kB
LowTotal:         548148 kB
LowFree:           49660 kB
SwapTotal:             0 kB
SwapFree:              0 kB
Dirty:                36 kB
Writeback:             0 kB
AnonPages:        559140 kB
Mapped:           193452 kB
Shmem:              2136 kB
Slab:              36200 kB
SReclaimable:      14312 kB
SUnreclaim:        21888 kB
KernelStack:        9688 kB
PageTables:        20784 kB
NFS_Unstable:          0 kB
Bounce:                0 kB
WritebackTmp:          0 kB
CommitLimit:      675480 kB
Committed_AS:   47735844 kB
VmallocTotal:     253952 kB
VmallocUsed:       95380 kB
VmallocChunk:      37892 kB
Time pass: 282 sec

---2015-12-10 00:29:21
MemTotal:        1350964 kB
MemFree:           51884 kB
Buffers:            7136 kB
Cached:           447152 kB
SwapCached:            0 kB
Active:           780960 kB
Inactive:         223800 kB
Active(anon):     558824 kB
Inactive(anon):     2088 kB
Active(file):     222136 kB
Inactive(file):   221712 kB
Unevictable:        8304 kB
Mlocked:               0 kB
HighTotal:        802816 kB
HighFree:           1528 kB
LowTotal:         548148 kB
LowFree:           50356 kB
SwapTotal:             0 kB
SwapFree:              0 kB
Dirty:                 4 kB
Writeback:             0 kB
AnonPages:        559032 kB
Mapped:           193520 kB
Shmem:              2136 kB
Slab:              36212 kB
SReclaimable:      14312 kB
SUnreclaim:        21900 kB
KernelStack:        9672 kB
PageTables:        20796 kB
NFS_Unstable:          0 kB
Bounce:                0 kB
WritebackTmp:          0 kB
CommitLimit:      675480 kB
Committed_AS:   47734548 kB
VmallocTotal:     253952 kB
VmallocUsed:       95380 kB
VmallocChunk:      37892 kB
Time pass: 286 sec

---2015-12-10 00:29:21
MemTotal:        1350964 kB
MemFree:           52468 kB
Buffers:            7152 kB
Cached:           447152 kB
SwapCached:            0 kB
Active:           780996 kB
Inactive:         223800 kB
Active(anon):     558860 kB
Inactive(anon):     2088 kB
Active(file):     222136 kB
Inactive(file):   221712 kB
Unevictable:        8304 kB
Mlocked:               0 kB
HighTotal:        802816 kB
HighFree:           1528 kB
LowTotal:         548148 kB
LowFree:           50940 kB
SwapTotal:             0 kB
SwapFree:              0 kB
Dirty:                48 kB
Writeback:             0 kB
AnonPages:        558904 kB
Mapped:           193520 kB
Shmem:              2136 kB
Slab:              36164 kB
SReclaimable:      14312 kB
SUnreclaim:        21852 kB
KernelStack:        9672 kB
PageTables:        20800 kB
NFS_Unstable:          0 kB
Bounce:                0 kB
WritebackTmp:          0 kB
CommitLimit:      675480 kB
Committed_AS:   47734552 kB
VmallocTotal:     253952 kB
VmallocUsed:       95380 kB
VmallocChunk:      37892 kB
Time pass: 290 sec

---2015-12-10 00:29:21
MemTotal:        1350964 kB
MemFree:           51156 kB
Buffers:            7160 kB
Cached:           447156 kB
SwapCached:            0 kB
Active:           781256 kB
Inactive:         223816 kB
Active(anon):     559116 kB
Inactive(anon):     2088 kB
Active(file):     222140 kB
Inactive(file):   221728 kB
Unevictable:        8304 kB
Mlocked:               0 kB
HighTotal:        802816 kB
HighFree:           1528 kB
LowTotal:         548148 kB
LowFree:           49628 kB
SwapTotal:             0 kB
SwapFree:              0 kB
Dirty:                40 kB
Writeback:             0 kB
AnonPages:        558956 kB
Mapped:           193520 kB
Shmem:              2136 kB
Slab:              36236 kB
SReclaimable:      14312 kB
SUnreclaim:        21924 kB
KernelStack:        9672 kB
PageTables:        20800 kB
NFS_Unstable:          0 kB
Bounce:                0 kB
WritebackTmp:          0 kB
CommitLimit:      675480 kB
Committed_AS:   47734684 kB
VmallocTotal:     253952 kB
VmallocUsed:       95380 kB
VmallocChunk:      37892 kB
Time pass: 293 sec

---2015-12-10 00:29:21
MemTotal:        1350964 kB
MemFree:           51316 kB
Buffers:            7176 kB
Cached:           447156 kB
SwapCached:            0 kB
Active:           781240 kB
Inactive:         223840 kB
Active(anon):     559100 kB
Inactive(anon):     2088 kB
Active(file):     222140 kB
Inactive(file):   221752 kB
Unevictable:        8304 kB
Mlocked:               0 kB
HighTotal:        802816 kB
HighFree:           1528 kB
LowTotal:         548148 kB
LowFree:           49788 kB
SwapTotal:             0 kB
SwapFree:              0 kB
Dirty:                 0 kB
Writeback:             0 kB
AnonPages:        559164 kB
Mapped:           193520 kB
Shmem:              2136 kB
Slab:              36192 kB
SReclaimable:      14312 kB
SUnreclaim:        21880 kB
KernelStack:        9672 kB
PageTables:        20800 kB
NFS_Unstable:          0 kB
Bounce:                0 kB
WritebackTmp:          0 kB
CommitLimit:      675480 kB
Committed_AS:   47734708 kB
VmallocTotal:     253952 kB
VmallocUsed:       95380 kB
VmallocChunk:      37892 kB
Time pass: 296 sec

---2015-12-10 00:29:21
MemTotal:        1350964 kB
MemFree:           50916 kB
Buffers:            7184 kB
Cached:           447148 kB
SwapCached:            0 kB
Active:           781600 kB
Inactive:         223840 kB
Active(anon):     559460 kB
Inactive(anon):     2088 kB
Active(file):     222140 kB
Inactive(file):   221752 kB
Unevictable:        8304 kB
Mlocked:               0 kB
HighTotal:        802816 kB
HighFree:           1528 kB
LowTotal:         548148 kB
LowFree:           49388 kB
SwapTotal:             0 kB
SwapFree:              0 kB
Dirty:                 4 kB
Writeback:             0 kB
AnonPages:        559440 kB
Mapped:           193372 kB
Shmem:              2136 kB
Slab:              36180 kB
SReclaimable:      14312 kB
SUnreclaim:        21868 kB
KernelStack:        9672 kB
PageTables:        20796 kB
NFS_Unstable:          0 kB
Bounce:                0 kB
WritebackTmp:          0 kB
CommitLimit:      675480 kB
Committed_AS:   47734832 kB
VmallocTotal:     253952 kB
VmallocUsed:       95380 kB
VmallocChunk:      37892 kB
Time pass: 300 sec

---2015-12-10 00:29:21
MemTotal:        1350964 kB
MemFree:           51644 kB
Buffers:            7184 kB
Cached:           447156 kB
SwapCached:            0 kB
Active:           780736 kB
Inactive:         223848 kB
Active(anon):     558596 kB
Inactive(anon):     2088 kB
Active(file):     222140 kB
Inactive(file):   221760 kB
Unevictable:        8304 kB
Mlocked:               0 kB
HighTotal:        802816 kB
HighFree:           1528 kB
LowTotal:         548148 kB
LowFree:           50116 kB
SwapTotal:             0 kB
SwapFree:              0 kB
Dirty:                36 kB
Writeback:             0 kB
AnonPages:        558552 kB
Mapped:           193520 kB
Shmem:              2136 kB
Slab:              36220 kB
SReclaimable:      14312 kB
SUnreclaim:        21908 kB
KernelStack:        9664 kB
PageTables:        20800 kB
NFS_Unstable:          0 kB
Bounce:                0 kB
WritebackTmp:          0 kB
CommitLimit:      675480 kB
Committed_AS:   47733920 kB
VmallocTotal:     253952 kB
VmallocUsed:       95380 kB
VmallocChunk:      37892 kB
Time pass: 303 sec

---2015-12-10 00:29:21
MemTotal:        1350964 kB
MemFree:           51328 kB
Buffers:            7216 kB
Cached:           447140 kB
SwapCached:            0 kB
Active:           781112 kB
Inactive:         223856 kB
Active(anon):     558964 kB
Inactive(anon):     2088 kB
Active(file):     222148 kB
Inactive(file):   221768 kB
Unevictable:        8304 kB
Mlocked:               0 kB
HighTotal:        802816 kB
HighFree:           1528 kB
LowTotal:         548148 kB
LowFree:           49800 kB
SwapTotal:             0 kB
SwapFree:              0 kB
Dirty:                 4 kB
Writeback:             0 kB
AnonPages:        558856 kB
Mapped:           193372 kB
Shmem:              2136 kB
Slab:              36340 kB
SReclaimable:      14312 kB
SUnreclaim:        22028 kB
KernelStack:        9680 kB
PageTables:        20800 kB
NFS_Unstable:          0 kB
Bounce:                0 kB
WritebackTmp:          0 kB
CommitLimit:      675480 kB
Committed_AS:   47734048 kB
VmallocTotal:     253952 kB
VmallocUsed:       95380 kB
VmallocChunk:      37892 kB
Time pass: 307 sec

---2015-12-10 00:29:21
MemTotal:        1350964 kB
MemFree:           52172 kB
Buffers:            7232 kB
Cached:           447144 kB
SwapCached:            0 kB
Active:           781068 kB
Inactive:         223868 kB
Active(anon):     558916 kB
Inactive(anon):     2088 kB
Active(file):     222152 kB
Inactive(file):   221780 kB
Unevictable:        8304 kB
Mlocked:               0 kB
HighTotal:        802816 kB
HighFree:           2304 kB
LowTotal:         548148 kB
LowFree:           49868 kB
SwapTotal:             0 kB
SwapFree:              0 kB
Dirty:               204 kB
Writeback:             0 kB
AnonPages:        558512 kB
Mapped:           193372 kB
Shmem:              2136 kB
Slab:              36228 kB
SReclaimable:      14312 kB
SUnreclaim:        21916 kB
KernelStack:        9680 kB
PageTables:        20800 kB
NFS_Unstable:          0 kB
Bounce:                0 kB
WritebackTmp:          0 kB
CommitLimit:      675480 kB
Committed_AS:   47733932 kB
VmallocTotal:     253952 kB
VmallocUsed:       95380 kB
VmallocChunk:      37892 kB
Time pass: 310 sec

---2015-12-10 00:29:21
MemTotal:        1350964 kB
MemFree:           51180 kB
Buffers:            7232 kB
Cached:           447164 kB
SwapCached:            0 kB
Active:           781080 kB
Inactive:         223888 kB
Active(anon):     558924 kB
Inactive(anon):     2088 kB
Active(file):     222156 kB
Inactive(file):   221800 kB
Unevictable:        8304 kB
Mlocked:               0 kB
HighTotal:        802816 kB
HighFree:           1776 kB
LowTotal:         548148 kB
LowFree:           49404 kB
SwapTotal:             0 kB
SwapFree:              0 kB
Dirty:               156 kB
Writeback:             0 kB
AnonPages:        558760 kB
Mapped:           193520 kB
Shmem:              2136 kB
Slab:              36204 kB
SReclaimable:      14312 kB
SUnreclaim:        21892 kB
KernelStack:        9664 kB
PageTables:        20800 kB
NFS_Unstable:          0 kB
Bounce:                0 kB
WritebackTmp:          0 kB
CommitLimit:      675480 kB
Committed_AS:   47735088 kB
VmallocTotal:     253952 kB
VmallocUsed:       95380 kB
VmallocChunk:      37892 kB
Time pass: 314 sec

---2015-12-10 00:29:21
MemTotal:        1350964 kB
MemFree:           51032 kB
Buffers:            7240 kB
Cached:           447172 kB
SwapCached:            0 kB
Active:           781192 kB
Inactive:         223884 kB
Active(anon):     559028 kB
Inactive(anon):     2088 kB
Active(file):     222164 kB
Inactive(file):   221796 kB
Unevictable:        8304 kB
Mlocked:               0 kB
HighTotal:        802816 kB
HighFree:           1528 kB
LowTotal:         548148 kB
LowFree:           49504 kB
SwapTotal:             0 kB
SwapFree:              0 kB
Dirty:                68 kB
Writeback:             0 kB
AnonPages:        559196 kB
Mapped:           193520 kB
Shmem:              2136 kB
Slab:              36184 kB
SReclaimable:      14312 kB
SUnreclaim:        21872 kB
KernelStack:        9664 kB
PageTables:        20792 kB
NFS_Unstable:          0 kB
Bounce:                0 kB
WritebackTmp:          0 kB
CommitLimit:      675480 kB
Committed_AS:   47734012 kB
VmallocTotal:     253952 kB
VmallocUsed:       95380 kB
VmallocChunk:      37892 kB
Time pass: 318 sec

---2015-12-10 00:29:21
MemTotal:        1350964 kB
MemFree:           51360 kB
Buffers:            7256 kB
Cached:           447172 kB
SwapCached:            0 kB
Active:           781088 kB
Inactive:         223912 kB
Active(anon):     558924 kB
Inactive(anon):     2088 kB
Active(file):     222164 kB
Inactive(file):   221824 kB
Unevictable:        8304 kB
Mlocked:               0 kB
HighTotal:        802816 kB
HighFree:           1528 kB
LowTotal:         548148 kB
LowFree:           49832 kB
SwapTotal:             0 kB
SwapFree:              0 kB
Dirty:                 0 kB
Writeback:             0 kB
AnonPages:        558932 kB
Mapped:           193520 kB
Shmem:              2136 kB
Slab:              36172 kB
SReclaimable:      14312 kB
SUnreclaim:        21860 kB
KernelStack:        9664 kB
PageTables:        20792 kB
NFS_Unstable:          0 kB
Bounce:                0 kB
WritebackTmp:          0 kB
CommitLimit:      675480 kB
Committed_AS:   47733840 kB
VmallocTotal:     253952 kB
VmallocUsed:       95380 kB
VmallocChunk:      37892 kB
Time pass: 322 sec

---2015-12-10 00:29:21
MemTotal:        1350964 kB
MemFree:           51164 kB
Buffers:            7264 kB
Cached:           447172 kB
SwapCached:            0 kB
Active:           781200 kB
Inactive:         223912 kB
Active(anon):     559036 kB
Inactive(anon):     2088 kB
Active(file):     222164 kB
Inactive(file):   221824 kB
Unevictable:        8304 kB
Mlocked:               0 kB
HighTotal:        802816 kB
HighFree:           1528 kB
LowTotal:         548148 kB
LowFree:           49636 kB
SwapTotal:             0 kB
SwapFree:              0 kB
Dirty:                36 kB
Writeback:             0 kB
AnonPages:        558932 kB
Mapped:           193472 kB
