---2015-10-26 00:17:40
MemTotal:        1350964 kB
MemFree:          136232 kB
Buffers:           60744 kB
Cached:           428312 kB
SwapCached:            0 kB
Active:           818068 kB
Inactive:         174764 kB
Active(anon):     512132 kB
Inactive(anon):     3724 kB
Active(file):     305936 kB
Inactive(file):   171040 kB
Unevictable:        8304 kB
Mlocked:               0 kB
HighTotal:        802816 kB
HighFree:          29004 kB
LowTotal:         548148 kB
LowFree:          107228 kB
SwapTotal:             0 kB
SwapFree:              0 kB
Dirty:                 0 kB
Writeback:             0 kB
AnonPages:        512228 kB
Mapped:           161344 kB
Shmem:              3776 kB
Slab:              37144 kB
SReclaimable:      13652 kB
SUnreclaim:        23492 kB
KernelStack:        8832 kB
PageTables:        19208 kB
NFS_Unstable:          0 kB
Bounce:                0 kB
WritebackTmp:          0 kB
CommitLimit:      675480 kB
Committed_AS:   45867552 kB
VmallocTotal:     253952 kB
VmallocUsed:       93792 kB
VmallocChunk:      47108 kB
Time pass: 3 sec

---2015-10-26 00:17:40
MemTotal:        1350964 kB
MemFree:          135860 kB
Buffers:           60744 kB
Cached:           428312 kB
SwapCached:            0 kB
Active:           818124 kB
Inactive:         174764 kB
Active(anon):     512188 kB
Inactive(anon):     3724 kB
Active(file):     305936 kB
Inactive(file):   171040 kB
Unevictable:        8304 kB
Mlocked:               0 kB
HighTotal:        802816 kB
HighFree:          28756 kB
LowTotal:         548148 kB
LowFree:          107104 kB
SwapTotal:             0 kB
SwapFree:              0 kB
Dirty:                 0 kB
Writeback:             0 kB
AnonPages:        512236 kB
Mapped:           161344 kB
Shmem:              3776 kB
Slab:              37104 kB
SReclaimable:      13652 kB
SUnreclaim:        23452 kB
KernelStack:        8832 kB
PageTables:        19204 kB
NFS_Unstable:          0 kB
Bounce:                0 kB
WritebackTmp:          0 kB
CommitLimit:      675480 kB
Committed_AS:   45867608 kB
VmallocTotal:     253952 kB
VmallocUsed:       93792 kB
VmallocChunk:      47108 kB
Time pass: 6 sec

---2015-10-26 00:17:40
MemTotal:        1350964 kB
MemFree:          135860 kB
Buffers:           60744 kB
Cached:           428312 kB
SwapCached:            0 kB
Active:           818100 kB
Inactive:         174764 kB
Active(anon):     512164 kB
Inactive(anon):     3724 kB
Active(file):     305936 kB
Inactive(file):   171040 kB
Unevictable:        8304 kB
Mlocked:               0 kB
HighTotal:        802816 kB
HighFree:          28756 kB
LowTotal:         548148 kB
LowFree:          107104 kB
SwapTotal:             0 kB
SwapFree:              0 kB
Dirty:                 0 kB
Writeback:             0 kB
AnonPages:        512100 kB
Mapped:           161196 kB
Shmem:              3776 kB
Slab:              37108 kB
SReclaimable:      13652 kB
SUnreclaim:        23456 kB
KernelStack:        8832 kB
PageTables:        19208 kB
NFS_Unstable:          0 kB
Bounce:                0 kB
WritebackTmp:          0 kB
CommitLimit:      675480 kB
Committed_AS:   45867472 kB
VmallocTotal:     253952 kB
VmallocUsed:       93792 kB
VmallocChunk:      47108 kB
Time pass: 10 sec

---2015-10-26 00:17:40
MemTotal:        1350964 kB
MemFree:          135612 kB
Buffers:           60744 kB
Cached:           428312 kB
SwapCached:            0 kB
Active:           818108 kB
Inactive:         174764 kB
Active(anon):     512172 kB
Inactive(anon):     3724 kB
Active(file):     305936 kB
Inactive(file):   171040 kB
Unevictable:        8304 kB
Mlocked:               0 kB
HighTotal:        802816 kB
HighFree:          28632 kB
LowTotal:         548148 kB
LowFree:          106980 kB
SwapTotal:             0 kB
SwapFree:              0 kB
Dirty:                 0 kB
Writeback:             0 kB
AnonPages:        512124 kB
Mapped:           161344 kB
Shmem:              3776 kB
Slab:              37112 kB
SReclaimable:      13652 kB
SUnreclaim:        23460 kB
KernelStack:        8832 kB
PageTables:        19208 kB
NFS_Unstable:          0 kB
Bounce:                0 kB
WritebackTmp:          0 kB
CommitLimit:      675480 kB
Committed_AS:   45867616 kB
VmallocTotal:     253952 kB
VmallocUsed:       93792 kB
VmallocChunk:      47108 kB
Time pass: 13 sec

---2015-10-26 00:17:40
MemTotal:        1350964 kB
MemFree:          135736 kB
Buffers:           60744 kB
Cached:           428312 kB
SwapCached:            0 kB
Active:           818132 kB
Inactive:         174764 kB
Active(anon):     512196 kB
Inactive(anon):     3724 kB
Active(file):     305936 kB
Inactive(file):   171040 kB
Unevictable:        8304 kB
Mlocked:               0 kB
HighTotal:        802816 kB
HighFree:          28756 kB
LowTotal:         548148 kB
LowFree:          106980 kB
SwapTotal:             0 kB
SwapFree:              0 kB
Dirty:                 0 kB
Writeback:             0 kB
AnonPages:        512132 kB
Mapped:           161196 kB
Shmem:              3776 kB
Slab:              37120 kB
SReclaimable:      13652 kB
SUnreclaim:        23468 kB
KernelStack:        8832 kB
PageTables:        19208 kB
NFS_Unstable:          0 kB
Bounce:                0 kB
WritebackTmp:          0 kB
CommitLimit:      675480 kB
Committed_AS:   45867576 kB
VmallocTotal:     253952 kB
VmallocUsed:       93792 kB
VmallocChunk:      47108 kB
Time pass: 17 sec

---2015-10-26 00:17:40
MemTotal:        1350964 kB
MemFree:          135340 kB
Buffers:           60744 kB
Cached:           428312 kB
SwapCached:            0 kB
Active:           818180 kB
Inactive:         174764 kB
Active(anon):     512244 kB
Inactive(anon):     3724 kB
Active(file):     305936 kB
Inactive(file):   171040 kB
Unevictable:        8304 kB
Mlocked:               0 kB
HighTotal:        802816 kB
HighFree:          28632 kB
LowTotal:         548148 kB
LowFree:          106708 kB
SwapTotal:             0 kB
SwapFree:              0 kB
Dirty:                 0 kB
Writeback:             0 kB
AnonPages:        512164 kB
Mapped:           161344 kB
Shmem:              3776 kB
Slab:              37136 kB
SReclaimable:      13652 kB
SUnreclaim:        23484 kB
KernelStack:        8832 kB
PageTables:        19208 kB
NFS_Unstable:          0 kB
Bounce:                0 kB
WritebackTmp:          0 kB
CommitLimit:      675480 kB
Committed_AS:   45867616 kB
VmallocTotal:     253952 kB
VmallocUsed:       93792 kB
VmallocChunk:      47108 kB
Time pass: 20 sec

---2015-10-26 00:17:40
MemTotal:        1350964 kB
MemFree:          135364 kB
Buffers:           60744 kB
Cached:           428312 kB
SwapCached:            0 kB
Active:           818164 kB
Inactive:         174764 kB
Active(anon):     512228 kB
Inactive(anon):     3724 kB
Active(file):     305936 kB
Inactive(file):   171040 kB
Unevictable:        8304 kB
Mlocked:               0 kB
HighTotal:        802816 kB
HighFree:          28632 kB
LowTotal:         548148 kB
LowFree:          106732 kB
SwapTotal:             0 kB
SwapFree:              0 kB
Dirty:                 0 kB
Writeback:             0 kB
AnonPages:        512288 kB
Mapped:           161344 kB
Shmem:              3776 kB
Slab:              37140 kB
SReclaimable:      13652 kB
SUnreclaim:        23488 kB
KernelStack:        8832 kB
PageTables:        19208 kB
NFS_Unstable:          0 kB
Bounce:                0 kB
WritebackTmp:          0 kB
CommitLimit:      675480 kB
Committed_AS:   45867616 kB
VmallocTotal:     253952 kB
VmallocUsed:       93792 kB
VmallocChunk:      47108 kB
Time pass: 24 sec

---2015-10-26 00:17:40
MemTotal:        1350964 kB
MemFree:          134936 kB
Buffers:           60744 kB
Cached:           428312 kB
SwapCached:            0 kB
Active:           818196 kB
Inactive:         174764 kB
Active(anon):     512260 kB
Inactive(anon):     3724 kB
Active(file):     305936 kB
Inactive(file):   171040 kB
Unevictable:        8304 kB
Mlocked:               0 kB
HighTotal:        802816 kB
HighFree:          28236 kB
LowTotal:         548148 kB
LowFree:          106700 kB
SwapTotal:             0 kB
SwapFree:              0 kB
Dirty:                 0 kB
Writeback:             0 kB
AnonPages:        512108 kB
Mapped:           161236 kB
Shmem:              3776 kB
Slab:              37136 kB
SReclaimable:      13652 kB
SUnreclaim:        23484 kB
KernelStack:        8880 kB
PageTables:        19268 kB
NFS_Unstable:          0 kB
Bounce:                0 kB
WritebackTmp:          0 kB
CommitLimit:      675480 kB
Committed_AS:   45867584 kB
VmallocTotal:     253952 kB
VmallocUsed:       93792 kB
VmallocChunk:      47108 kB
Time pass: 27 sec

---2015-10-26 00:17:40
MemTotal:        1350964 kB
MemFree:          134868 kB
Buffers:           60744 kB
Cached:           428312 kB
SwapCached:            0 kB
Active:           818192 kB
Inactive:         174764 kB
Active(anon):     512256 kB
Inactive(anon):     3724 kB
Active(file):     305936 kB
Inactive(file):   171040 kB
Unevictable:        8304 kB
Mlocked:               0 kB
HighTotal:        802816 kB
HighFree:          28260 kB
LowTotal:         548148 kB
LowFree:          106608 kB
SwapTotal:             0 kB
SwapFree:              0 kB
Dirty:                 0 kB
Writeback:             0 kB
AnonPages:        512304 kB
Mapped:           161344 kB
Shmem:              3776 kB
Slab:              37144 kB
SReclaimable:      13652 kB
SUnreclaim:        23492 kB
KernelStack:        8832 kB
PageTables:        19208 kB
NFS_Unstable:          0 kB
Bounce:                0 kB
WritebackTmp:          0 kB
CommitLimit:      675480 kB
Committed_AS:   45867516 kB
VmallocTotal:     253952 kB
VmallocUsed:       93792 kB
VmallocChunk:      47108 kB
Time pass: 31 sec

---2015-10-26 00:17:40
MemTotal:        1350964 kB
MemFree:          135440 kB
Buffers:           60744 kB
Cached:           428312 kB
SwapCached:            0 kB
Active:           818152 kB
Inactive:         174764 kB
Active(anon):     512216 kB
Inactive(anon):     3724 kB
Active(file):     305936 kB
Inactive(file):   171040 kB
Unevictable:        8304 kB
Mlocked:               0 kB
HighTotal:        802816 kB
HighFree:          28584 kB
LowTotal:         548148 kB
LowFree:          106856 kB
SwapTotal:             0 kB
SwapFree:              0 kB
Dirty:                 0 kB
Writeback:             0 kB
AnonPages:        512160 kB
Mapped:           161196 kB
Shmem:              3776 kB
Slab:              37136 kB
SReclaimable:      13652 kB
SUnreclaim:        23484 kB
KernelStack:        8832 kB
PageTables:        19208 kB
NFS_Unstable:          0 kB
Bounce:                0 kB
WritebackTmp:          0 kB
CommitLimit:      675480 kB
Committed_AS:   45867500 kB
VmallocTotal:     253952 kB
VmallocUsed:       93792 kB
VmallocChunk:      47108 kB
Time pass: 34 sec

---2015-10-26 00:17:40
MemTotal:        1350964 kB
MemFree:          135488 kB
Buffers:           60744 kB
Cached:           428312 kB
SwapCached:            0 kB
Active:           818196 kB
Inactive:         174764 kB
Active(anon):     512260 kB
Inactive(anon):     3724 kB
Active(file):     305936 kB
Inactive(file):   171040 kB
Unevictable:        8304 kB
Mlocked:               0 kB
HighTotal:        802816 kB
HighFree:          28632 kB
LowTotal:         548148 kB
LowFree:          106856 kB
SwapTotal:             0 kB
SwapFree:              0 kB
Dirty:                 0 kB
Writeback:             0 kB
AnonPages:        512340 kB
Mapped:           161344 kB
Shmem:              3776 kB
Slab:              37140 kB
SReclaimable:      13652 kB
SUnreclaim:        23488 kB
KernelStack:        8832 kB
PageTables:        19208 kB
NFS_Unstable:          0 kB
Bounce:                0 kB
WritebackTmp:          0 kB
CommitLimit:      675480 kB
Committed_AS:   45867616 kB
VmallocTotal:     253952 kB
VmallocUsed:       93792 kB
VmallocChunk:      47108 kB
Time pass: 38 sec

---2015-10-26 00:17:40
MemTotal:        1350964 kB
MemFree:          135216 kB
Buffers:           60744 kB
Cached:           428312 kB
SwapCached:            0 kB
Active:           818252 kB
Inactive:         174764 kB
Active(anon):     512316 kB
Inactive(anon):     3724 kB
Active(file):     305936 kB
Inactive(file):   171040 kB
Unevictable:        8304 kB
Mlocked:               0 kB
HighTotal:        802816 kB
HighFree:          28632 kB
LowTotal:         548148 kB
LowFree:          106584 kB
SwapTotal:             0 kB
SwapFree:              0 kB
Dirty:                 0 kB
Writeback:             0 kB
AnonPages:        512232 kB
Mapped:           161344 kB
Shmem:              3776 kB
Slab:              37140 kB
SReclaimable:      13652 kB
SUnreclaim:        23488 kB
KernelStack:        8832 kB
PageTables:        19208 kB
NFS_Unstable:          0 kB
Bounce:                0 kB
WritebackTmp:          0 kB
CommitLimit:      675480 kB
Committed_AS:   45867616 kB
VmallocTotal:     253952 kB
VmallocUsed:       93792 kB
VmallocChunk:      47108 kB
Time pass: 41 sec

---2015-10-26 00:17:40
MemTotal:        1350964 kB
MemFree:          135240 kB
Buffers:           60744 kB
Cached:           428312 kB
SwapCached:            0 kB
Active:           818372 kB
Inactive:         174764 kB
Active(anon):     512436 kB
Inactive(anon):     3724 kB
Active(file):     305936 kB
Inactive(file):   171040 kB
Unevictable:        8304 kB
Mlocked:               0 kB
HighTotal:        802816 kB
HighFree:          28508 kB
LowTotal:         548148 kB
LowFree:          106732 kB
SwapTotal:             0 kB
SwapFree:              0 kB
Dirty:                 0 kB
Writeback:             0 kB
AnonPages:        512420 kB
Mapped:           161344 kB
Shmem:              3776 kB
Slab:              37148 kB
SReclaimable:      13652 kB
SUnreclaim:        23496 kB
KernelStack:        8832 kB
PageTables:        19208 kB
NFS_Unstable:          0 kB
Bounce:                0 kB
WritebackTmp:          0 kB
CommitLimit:      675480 kB
Committed_AS:   45867616 kB
VmallocTotal:     253952 kB
VmallocUsed:       93792 kB
VmallocChunk:      47108 kB
Time pass: 45 sec

---2015-10-26 00:17:40
MemTotal:        1350964 kB
MemFree:          135240 kB
Buffers:           60744 kB
Cached:           428312 kB
SwapCached:            0 kB
Active:           818292 kB
Inactive:         174764 kB
Active(anon):     512356 kB
Inactive(anon):     3724 kB
Active(file):     305936 kB
Inactive(file):   171040 kB
Unevictable:        8304 kB
Mlocked:               0 kB
HighTotal:        802816 kB
HighFree:          28632 kB
LowTotal:         548148 kB
LowFree:          106608 kB
SwapTotal:             0 kB
SwapFree:              0 kB
Dirty:                 0 kB
Writeback:             0 kB
AnonPages:        512344 kB
Mapped:           161296 kB
Shmem:              3776 kB
Slab:              37160 kB
SReclaimable:      13652 kB
SUnreclaim:        23508 kB
KernelStack:        8832 kB
PageTables:        19192 kB
NFS_Unstable:          0 kB
Bounce:                0 kB
WritebackTmp:          0 kB
CommitLimit:      675480 kB
Committed_AS:   45867576 kB
VmallocTotal:     253952 kB
VmallocUsed:       93792 kB
VmallocChunk:      47108 kB
Time pass: 48 sec

---2015-10-26 00:17:40
MemTotal:        1350964 kB
MemFree:          135092 kB
Buffers:           60744 kB
Cached:           428312 kB
SwapCached:            0 kB
Active:           818344 kB
Inactive:         174764 kB
Active(anon):     512408 kB
Inactive(anon):     3724 kB
Active(file):     305936 kB
Inactive(file):   171040 kB
Unevictable:        8304 kB
Mlocked:               0 kB
HighTotal:        802816 kB
HighFree:          28384 kB
LowTotal:         548148 kB
LowFree:          106708 kB
SwapTotal:             0 kB
SwapFree:              0 kB
Dirty:                 0 kB
Writeback:             0 kB
AnonPages:        512496 kB
Mapped:           161344 kB
Shmem:              3776 kB
Slab:              37152 kB
SReclaimable:      13652 kB
SUnreclaim:        23500 kB
KernelStack:        8832 kB
PageTables:        19208 kB
NFS_Unstable:          0 kB
Bounce:                0 kB
WritebackTmp:          0 kB
CommitLimit:      675480 kB
Committed_AS:   45867592 kB
VmallocTotal:     253952 kB
VmallocUsed:       93792 kB
VmallocChunk:      47108 kB
Time pass: 52 sec

---2015-10-26 00:17:40
MemTotal:        1350964 kB
MemFree:          134868 kB
Buffers:           60744 kB
Cached:           428312 kB
SwapCached:            0 kB
Active:           818416 kB
Inactive:         174764 kB
Active(anon):     512480 kB
Inactive(anon):     3724 kB
Active(file):     305936 kB
Inactive(file):   171040 kB
Unevictable:        8304 kB
Mlocked:               0 kB
HighTotal:        802816 kB
HighFree:          28260 kB
LowTotal:         548148 kB
LowFree:          106608 kB
SwapTotal:             0 kB
SwapFree:              0 kB
Dirty:                 0 kB
Writeback:             0 kB
AnonPages:        512536 kB
Mapped:           161344 kB
Shmem:              3776 kB
Slab:              37204 kB
SReclaimable:      13652 kB
SUnreclaim:        23552 kB
KernelStack:        8832 kB
PageTables:        19208 kB
NFS_Unstable:          0 kB
Bounce:                0 kB
WritebackTmp:          0 kB
CommitLimit:      675480 kB
Committed_AS:   45867624 kB
VmallocTotal:     253952 kB
VmallocUsed:       93792 kB
VmallocChunk:      47108 kB
Time pass: 55 sec

---2015-10-26 00:17:40
MemTotal:        1350964 kB
MemFree:          134472 kB
Buffers:           60744 kB
Cached:           428312 kB
SwapCached:            0 kB
Active:           818444 kB
Inactive:         174764 kB
Active(anon):     512508 kB
Inactive(anon):     3724 kB
Active(file):     305936 kB
Inactive(file):   171040 kB
Unevictable:        8304 kB
Mlocked:               0 kB
HighTotal:        802816 kB
HighFree:          27988 kB
LowTotal:         548148 kB
LowFree:          106484 kB
SwapTotal:             0 kB
SwapFree:              0 kB
Dirty:                 0 kB
Writeback:             0 kB
AnonPages:        512556 kB
Mapped:           161344 kB
Shmem:              3776 kB
Slab:              37216 kB
SReclaimable:      13652 kB
SUnreclaim:        23564 kB
KernelStack:        8832 kB
PageTables:        19204 kB
NFS_Unstable:          0 kB
Bounce:                0 kB
WritebackTmp:          0 kB
CommitLimit:      675480 kB
Committed_AS:   45867600 kB
VmallocTotal:     253952 kB
VmallocUsed:       93792 kB
VmallocChunk:      47108 kB
Time pass: 59 sec

---2015-10-26 00:17:40
MemTotal:        1350964 kB
MemFree:          134496 kB
Buffers:           60744 kB
Cached:           428312 kB
SwapCached:            0 kB
Active:           818512 kB
Inactive:         174764 kB
Active(anon):     512576 kB
Inactive(anon):     3724 kB
Active(file):     305936 kB
Inactive(file):   171040 kB
Unevictable:        8304 kB
Mlocked:               0 kB
HighTotal:        802816 kB
HighFree:          28012 kB
LowTotal:         548148 kB
LowFree:          106484 kB
SwapTotal:             0 kB
SwapFree:              0 kB
Dirty:                 0 kB
Writeback:             0 kB
AnonPages:        512612 kB
Mapped:           161344 kB
Shmem:              3776 kB
Slab:              37188 kB
SReclaimable:      13652 kB
SUnreclaim:        23536 kB
KernelStack:        8832 kB
PageTables:        19208 kB
NFS_Unstable:          0 kB
Bounce:                0 kB
WritebackTmp:          0 kB
CommitLimit:      675480 kB
Committed_AS:   45867600 kB
VmallocTotal:     253952 kB
VmallocUsed:       93792 kB
VmallocChunk:      47108 kB
Time pass: 63 sec

---2015-10-26 00:17:40
MemTotal:        1350964 kB
MemFree:          134760 kB
Buffers:           60744 kB
Cached:           428312 kB
SwapCached:            0 kB
Active:           818516 kB
Inactive:         174764 kB
Active(anon):     512580 kB
Inactive(anon):     3724 kB
Active(file):     305936 kB
Inactive(file):   171040 kB
Unevictable:        8304 kB
Mlocked:               0 kB
HighTotal:        802816 kB
HighFree:          28384 kB
LowTotal:         548148 kB
LowFree:          106376 kB
SwapTotal:             0 kB
SwapFree:              0 kB
Dirty:                 0 kB
Writeback:             0 kB
AnonPages:        512580 kB
Mapped:           161296 kB
Shmem:              3776 kB
Slab:              37232 kB
SReclaimable:      13652 kB
SUnreclaim:        23580 kB
KernelStack:        8832 kB
PageTables:        19188 kB
NFS_Unstable:          0 kB
Bounce:                0 kB
WritebackTmp:          0 kB
CommitLimit:      675480 kB
Committed_AS:   45867616 kB
VmallocTotal:     253952 kB
VmallocUsed:       93792 kB
VmallocChunk:      47108 kB
Time pass: 66 sec

---2015-10-26 00:17:40
MemTotal:        1350964 kB
MemFree:          134720 kB
Buffers:           60744 kB
Cached:           428312 kB
SwapCached:            0 kB
Active:           818576 kB
Inactive:         174764 kB
Active(anon):     512640 kB
Inactive(anon):     3724 kB
Active(file):     305936 kB
Inactive(file):   171040 kB
Unevictable:        8304 kB
Mlocked:               0 kB
HighTotal:        802816 kB
HighFree:          28236 kB
LowTotal:         548148 kB
LowFree:          106484 kB
SwapTotal:             0 kB
SwapFree:              0 kB
Dirty:                 0 kB
Writeback:             0 kB
AnonPages:        512728 kB
Mapped:           161344 kB
Shmem:              3776 kB
Slab:              37228 kB
SReclaimable:      13652 kB
SUnreclaim:        23576 kB
KernelStack:        8832 kB
PageTables:        19204 kB
NFS_Unstable:          0 kB
Bounce:                0 kB
WritebackTmp:          0 kB
CommitLimit:      675480 kB
Committed_AS:   45867592 kB
VmallocTotal:     253952 kB
VmallocUsed:       93792 kB
VmallocChunk:      47108 kB
Time pass: 70 sec

---2015-10-26 00:17:40
MemTotal:        1350964 kB
MemFree:          134620 kB
Buffers:           60744 kB
Cached:           428312 kB
SwapCached:            0 kB
Active:           818764 kB
Inactive:         174764 kB
Active(anon):     512828 kB
Inactive(anon):     3724 kB
Active(file):     305936 kB
Inactive(file):   171040 kB
Unevictable:        8304 kB
Mlocked:               0 kB
HighTotal:        802816 kB
HighFree:          28012 kB
LowTotal:         548148 kB
LowFree:          106608 kB
SwapTotal:             0 kB
SwapFree:              0 kB
Dirty:                 0 kB
Writeback:             0 kB
AnonPages:        512788 kB
Mapped:           161344 kB
Shmem:              3776 kB
Slab:              37188 kB
SReclaimable:      13652 kB
SUnreclaim:        23536 kB
KernelStack:        8832 kB
PageTables:        19208 kB
NFS_Unstable:          0 kB
Bounce:                0 kB
WritebackTmp:          0 kB
CommitLimit:      675480 kB
Committed_AS:   45867584 kB
VmallocTotal:     253952 kB
VmallocUsed:       93792 kB
VmallocChunk:      47108 kB
Time pass: 73 sec

---2015-10-26 00:17:40
MemTotal:        1350964 kB
MemFree:          134620 kB
Buffers:           60744 kB
Cached:           428312 kB
SwapCached:            0 kB
Active:           818724 kB
Inactive:         174764 kB
Active(anon):     512788 kB
Inactive(anon):     3724 kB
Active(file):     305936 kB
Inactive(file):   171040 kB
Unevictable:        8304 kB
Mlocked:               0 kB
HighTotal:        802816 kB
HighFree:          28012 kB
LowTotal:         548148 kB
LowFree:          106608 kB
SwapTotal:             0 kB
SwapFree:              0 kB
Dirty:                 0 kB
Writeback:             0 kB
AnonPages:        512848 kB
Mapped:           161344 kB
Shmem:              3776 kB
Slab:              37192 kB
SReclaimable:      13652 kB
SUnreclaim:        23540 kB
KernelStack:        8832 kB
PageTables:        19208 kB
NFS_Unstable:          0 kB
Bounce:                0 kB
WritebackTmp:          0 kB
CommitLimit:      675480 kB
Committed_AS:   45867600 kB
VmallocTotal:     253952 kB
VmallocUsed:       93792 kB
VmallocChunk:      47108 kB
Time pass: 77 sec

---2015-10-26 00:17:40
MemTotal:        1350964 kB
MemFree:          134720 kB
Buffers:           60744 kB
Cached:           428312 kB
SwapCached:            0 kB
Active:           818752 kB
Inactive:         174764 kB
Active(anon):     512816 kB
Inactive(anon):     3724 kB
Active(file):     305936 kB
Inactive(file):   171040 kB
Unevictable:        8304 kB
Mlocked:               0 kB
HighTotal:        802816 kB
HighFree:          28136 kB
LowTotal:         548148 kB
LowFree:          106584 kB
SwapTotal:             0 kB
SwapFree:              0 kB
Dirty:                 0 kB
Writeback:             0 kB
AnonPages:        512740 kB
Mapped:           161196 kB
Shmem:              3776 kB
Slab:              37192 kB
SReclaimable:      13652 kB
SUnreclaim:        23540 kB
KernelStack:        8832 kB
PageTables:        19208 kB
NFS_Unstable:          0 kB
Bounce:                0 kB
WritebackTmp:          0 kB
CommitLimit:      675480 kB
Committed_AS:   45867576 kB
VmallocTotal:     253952 kB
VmallocUsed:       93792 kB
VmallocChunk:      47108 kB
Time pass: 80 sec

---2015-10-26 00:17:40
MemTotal:        1350964 kB
MemFree:          133208 kB
Buffers:           60744 kB
Cached:           428312 kB
SwapCached:            0 kB
Active:           819852 kB
Inactive:         174764 kB
Active(anon):     513916 kB
Inactive(anon):     3724 kB
Active(file):     305936 kB
Inactive(file):   171040 kB
Unevictable:        8304 kB
Mlocked:               0 kB
HighTotal:        802816 kB
HighFree:          26896 kB
LowTotal:         548148 kB
LowFree:          106312 kB
SwapTotal:             0 kB
SwapFree:              0 kB
Dirty:                 0 kB
Writeback:             0 kB
AnonPages:        514076 kB
Mapped:           161220 kB
Shmem:              3776 kB
Slab:              37196 kB
SReclaimable:      13652 kB
SUnreclaim:        23544 kB
KernelStack:        8848 kB
PageTables:        19236 kB
NFS_Unstable:          0 kB
Bounce:                0 kB
WritebackTmp:          0 kB
CommitLimit:      675480 kB
Committed_AS:   45869164 kB
VmallocTotal:     253952 kB
VmallocUsed:       93792 kB
VmallocChunk:      47108 kB
Time pass: 84 sec

---2015-10-26 00:17:40
MemTotal:        1350964 kB
MemFree:          133332 kB
Buffers:           60744 kB
Cached:           428312 kB
SwapCached:            0 kB
Active:           818936 kB
Inactive:         174764 kB
Active(anon):     513000 kB
Inactive(anon):     3724 kB
Active(file):     305936 kB
Inactive(file):   171040 kB
Unevictable:        8304 kB
Mlocked:               0 kB
HighTotal:        802816 kB
HighFree:          26972 kB
LowTotal:         548148 kB
LowFree:          106360 kB
SwapTotal:             0 kB
SwapFree:              0 kB
Dirty:                 0 kB
Writeback:             0 kB
AnonPages:        513004 kB
Mapped:           161344 kB
Shmem:              3776 kB
Slab:              37256 kB
SReclaimable:      13652 kB
SUnreclaim:        23604 kB
KernelStack:        8832 kB
PageTables:        19208 kB
NFS_Unstable:          0 kB
Bounce:                0 kB
WritebackTmp:          0 kB
CommitLimit:      675480 kB
Committed_AS:   45867600 kB
VmallocTotal:     253952 kB
VmallocUsed:       93792 kB
VmallocChunk:      47108 kB
Time pass: 87 sec

---2015-10-26 00:17:40
MemTotal:        1350964 kB
MemFree:          123964 kB
Buffers:           60748 kB
Cached:           428312 kB
SwapCached:            0 kB
Active:           830060 kB
Inactive:         175036 kB
Active(anon):     524404 kB
Inactive(anon):     3724 kB
Active(file):     305656 kB
Inactive(file):   171312 kB
Unevictable:        8304 kB
Mlocked:               0 kB
HighTotal:        802816 kB
HighFree:           3908 kB
LowTotal:         548148 kB
LowFree:          120056 kB
SwapTotal:             0 kB
SwapFree:              0 kB
Dirty:               824 kB
Writeback:             0 kB
AnonPages:        524396 kB
Mapped:           175452 kB
Shmem:              3776 kB
Slab:              37332 kB
SReclaimable:      13652 kB
SUnreclaim:        23680 kB
KernelStack:        9064 kB
PageTables:        19744 kB
NFS_Unstable:          0 kB
Bounce:                0 kB
WritebackTmp:          0 kB
CommitLimit:      675480 kB
Committed_AS:   46770532 kB
VmallocTotal:     253952 kB
VmallocUsed:       95476 kB
VmallocChunk:      47108 kB
Time pass: 91 sec

---2015-10-26 00:17:40
MemTotal:        1350964 kB
MemFree:           79952 kB
Buffers:           60752 kB
Cached:           428452 kB
SwapCached:            0 kB
Active:           840528 kB
Inactive:         174904 kB
Active(anon):     534584 kB
Inactive(anon):     3856 kB
Active(file):     305944 kB
Inactive(file):   171048 kB
Unevictable:        8304 kB
Mlocked:               0 kB
HighTotal:        802816 kB
HighFree:           1600 kB
LowTotal:         548148 kB
LowFree:           78352 kB
SwapTotal:             0 kB
SwapFree:              0 kB
Dirty:               388 kB
Writeback:             0 kB
AnonPages:        534576 kB
Mapped:           182896 kB
Shmem:              3908 kB
Slab:              37340 kB
SReclaimable:      13652 kB
SUnreclaim:        23688 kB
KernelStack:        9256 kB
PageTables:        19916 kB
NFS_Unstable:          0 kB
Bounce:                0 kB
WritebackTmp:          0 kB
CommitLimit:      675480 kB
Committed_AS:   46823096 kB
VmallocTotal:     253952 kB
VmallocUsed:       95692 kB
VmallocChunk:      47108 kB
Time pass: 94 sec

---2015-10-26 00:17:40
MemTotal:        1350964 kB
MemFree:           58696 kB
Buffers:           60752 kB
Cached:           428092 kB
SwapCached:            0 kB
Active:           852636 kB
Inactive:         174620 kB
Active(anon):     546772 kB
Inactive(anon):     3860 kB
Active(file):     305864 kB
Inactive(file):   170760 kB
Unevictable:        8304 kB
Mlocked:               0 kB
HighTotal:        802816 kB
HighFree:           1600 kB
LowTotal:         548148 kB
LowFree:           57096 kB
SwapTotal:             0 kB
SwapFree:              0 kB
Dirty:               572 kB
Writeback:             0 kB
AnonPages:        546604 kB
Mapped:           184376 kB
Shmem:              3912 kB
Slab:              37328 kB
SReclaimable:      13652 kB
SUnreclaim:        23676 kB
KernelStack:        9328 kB
PageTables:        19992 kB
NFS_Unstable:          0 kB
Bounce:                0 kB
WritebackTmp:          0 kB
CommitLimit:      675480 kB
Committed_AS:   46848656 kB
VmallocTotal:     253952 kB
VmallocUsed:       95692 kB
VmallocChunk:      47108 kB
Time pass: 98 sec

---2015-10-26 00:17:40
MemTotal:        1350964 kB
MemFree:           33396 kB
Buffers:           60756 kB
Cached:           428228 kB
SwapCached:            0 kB
Active:           854956 kB
Inactive:         174808 kB
Active(anon):     549136 kB
Inactive(anon):     3860 kB
Active(file):     305820 kB
Inactive(file):   170948 kB
Unevictable:        8304 kB
Mlocked:               0 kB
HighTotal:        802816 kB
HighFree:           1576 kB
LowTotal:         548148 kB
LowFree:           31820 kB
SwapTotal:             0 kB
SwapFree:              0 kB
Dirty:              2232 kB
Writeback:             0 kB
AnonPages:        548996 kB
Mapped:           184904 kB
Shmem:              3912 kB
Slab:              37336 kB
SReclaimable:      13652 kB
SUnreclaim:        23684 kB
KernelStack:        9344 kB
PageTables:        20036 kB
NFS_Unstable:          0 kB
Bounce:                0 kB
WritebackTmp:          0 kB
CommitLimit:      675480 kB
Committed_AS:   46869892 kB
VmallocTotal:     253952 kB
VmallocUsed:       95692 kB
VmallocChunk:      47108 kB
Time pass: 102 sec

---2015-10-26 00:17:40
MemTotal:        1350964 kB
MemFree:           33088 kB
Buffers:           60756 kB
Cached:           416096 kB
SwapCached:            0 kB
Active:           834988 kB
Inactive:         183396 kB
Active(anon):     549888 kB
Inactive(anon):     3860 kB
Active(file):     285100 kB
Inactive(file):   179536 kB
Unevictable:        8304 kB
Mlocked:               0 kB
HighTotal:        802816 kB
HighFree:           2840 kB
LowTotal:         548148 kB
LowFree:           30248 kB
SwapTotal:             0 kB
SwapFree:              0 kB
Dirty:              1992 kB
Writeback:             0 kB
AnonPages:        549788 kB
Mapped:           184684 kB
Shmem:              3912 kB
Slab:              37360 kB
SReclaimable:      13652 kB
SUnreclaim:        23708 kB
KernelStack:        9344 kB
PageTables:        20068 kB
NFS_Unstable:          0 kB
Bounce:                0 kB
WritebackTmp:          0 kB
CommitLimit:      675480 kB
Committed_AS:   46882100 kB
VmallocTotal:     253952 kB
VmallocUsed:       95692 kB
VmallocChunk:      47108 kB
Time pass: 105 sec

---2015-10-26 00:17:40
MemTotal:        1350964 kB
MemFree:           32888 kB
Buffers:           60760 kB
Cached:           416096 kB
SwapCached:            0 kB
Active:           834900 kB
Inactive:         183396 kB
Active(anon):     549796 kB
Inactive(anon):     3860 kB
Active(file):     285104 kB
Inactive(file):   179536 kB
Unevictable:        8304 kB
Mlocked:               0 kB
HighTotal:        802816 kB
HighFree:           2592 kB
LowTotal:         548148 kB
LowFree:           30296 kB
SwapTotal:             0 kB
SwapFree:              0 kB
Dirty:                64 kB
Writeback:             0 kB
AnonPages:        549692 kB
Mapped:           184832 kB
Shmem:              3912 kB
Slab:              37364 kB
SReclaimable:      13652 kB
SUnreclaim:        23712 kB
KernelStack:        9344 kB
PageTables:        20064 kB
NFS_Unstable:          0 kB
Bounce:                0 kB
WritebackTmp:          0 kB
CommitLimit:      675480 kB
Committed_AS:   46881932 kB
VmallocTotal:     253952 kB
VmallocUsed:       95692 kB
VmallocChunk:      47108 kB
Time pass: 109 sec

---2015-10-26 00:17:40
MemTotal:        1350964 kB
MemFree:           31004 kB
Buffers:           60760 kB
Cached:           414164 kB
SwapCached:            0 kB
Active:           832456 kB
Inactive:         185152 kB
Active(anon):     551052 kB
Inactive(anon):     3860 kB
Active(file):     281404 kB
Inactive(file):   181292 kB
Unevictable:        8304 kB
Mlocked:               0 kB
HighTotal:        802816 kB
HighFree:           1972 kB
LowTotal:         548148 kB
LowFree:           29032 kB
SwapTotal:             0 kB
SwapFree:              0 kB
Dirty:               372 kB
Writeback:             0 kB
AnonPages:        550920 kB
Mapped:           184896 kB
Shmem:              3912 kB
Slab:              37504 kB
SReclaimable:      13652 kB
SUnreclaim:        23852 kB
KernelStack:        9344 kB
PageTables:        20072 kB
NFS_Unstable:          0 kB
Bounce:                0 kB
WritebackTmp:          0 kB
CommitLimit:      675480 kB
Committed_AS:   46885292 kB
VmallocTotal:     253952 kB
VmallocUsed:       95692 kB
VmallocChunk:      47108 kB
Time pass: 112 sec

---2015-10-26 00:17:40
MemTotal:        1350964 kB
MemFree:           30672 kB
Buffers:           60764 kB
Cached:           414164 kB
SwapCached:            0 kB
Active:           832584 kB
Inactive:         185164 kB
Active(anon):     551176 kB
Inactive(anon):     3860 kB
Active(file):     281408 kB
Inactive(file):   181304 kB
Unevictable:        8304 kB
Mlocked:               0 kB
HighTotal:        802816 kB
HighFree:           1848 kB
LowTotal:         548148 kB
LowFree:           28824 kB
SwapTotal:             0 kB
SwapFree:              0 kB
Dirty:                96 kB
Writeback:             0 kB
AnonPages:        551132 kB
Mapped:           184896 kB
Shmem:              3912 kB
Slab:              37476 kB
SReclaimable:      13652 kB
SUnreclaim:        23824 kB
KernelStack:        9344 kB
PageTables:        20072 kB
NFS_Unstable:          0 kB
Bounce:                0 kB
WritebackTmp:          0 kB
CommitLimit:      675480 kB
Committed_AS:   46885268 kB
VmallocTotal:     253952 kB
VmallocUsed:       95692 kB
VmallocChunk:      47108 kB
Time pass: 116 sec

---2015-10-26 00:17:40
MemTotal:        1350964 kB
MemFree:           30400 kB
Buffers:           60764 kB
Cached:           414164 kB
SwapCached:            0 kB
Active:           832564 kB
Inactive:         185164 kB
Active(anon):     551156 kB
Inactive(anon):     3860 kB
Active(file):     281408 kB
Inactive(file):   181304 kB
Unevictable:        8304 kB
Mlocked:               0 kB
HighTotal:        802816 kB
HighFree:           1600 kB
LowTotal:         548148 kB
LowFree:           28800 kB
SwapTotal:             0 kB
SwapFree:              0 kB
Dirty:                96 kB
Writeback:             0 kB
AnonPages:        551192 kB
Mapped:           184896 kB
Shmem:              3912 kB
Slab:              37492 kB
SReclaimable:      13652 kB
SUnreclaim:        23840 kB
KernelStack:        9344 kB
PageTables:        20072 kB
NFS_Unstable:          0 kB
Bounce:                0 kB
WritebackTmp:          0 kB
CommitLimit:      675480 kB
Committed_AS:   46885220 kB
VmallocTotal:     253952 kB
VmallocUsed:       95692 kB
VmallocChunk:      47108 kB
Time pass: 119 sec

---2015-10-26 00:17:40
MemTotal:        1350964 kB
MemFree:           32060 kB
Buffers:           60772 kB
Cached:           401612 kB
SwapCached:            0 kB
Active:           817880 kB
Inactive:         191468 kB
Active(anon):     555320 kB
Inactive(anon):     3860 kB
Active(file):     262560 kB
Inactive(file):   187608 kB
Unevictable:        8304 kB
Mlocked:               0 kB
HighTotal:        802816 kB
HighFree:           1600 kB
LowTotal:         548148 kB
LowFree:           30460 kB
SwapTotal:             0 kB
SwapFree:              0 kB
Dirty:               536 kB
Writeback:             0 kB
AnonPages:        555316 kB
Mapped:           184980 kB
Shmem:              3912 kB
Slab:              37500 kB
SReclaimable:      13652 kB
SUnreclaim:        23848 kB
KernelStack:        9352 kB
PageTables:        20092 kB
NFS_Unstable:          0 kB
Bounce:                0 kB
WritebackTmp:          0 kB
CommitLimit:      675480 kB
Committed_AS:   46896028 kB
VmallocTotal:     253952 kB
VmallocUsed:       95692 kB
VmallocChunk:      47108 kB
Time pass: 123 sec

---2015-10-26 00:17:40
MemTotal:        1350964 kB
MemFree:           31656 kB
Buffers:           60776 kB
Cached:           401612 kB
SwapCached:            0 kB
Active:           817956 kB
Inactive:         191464 kB
Active(anon):     555392 kB
Inactive(anon):     3860 kB
Active(file):     262564 kB
Inactive(file):   187604 kB
Unevictable:        8304 kB
Mlocked:               0 kB
HighTotal:        802816 kB
HighFree:           1600 kB
LowTotal:         548148 kB
LowFree:           30056 kB
SwapTotal:             0 kB
SwapFree:              0 kB
Dirty:                40 kB
Writeback:             0 kB
AnonPages:        555436 kB
Mapped:           184984 kB
Shmem:              3912 kB
Slab:              37560 kB
SReclaimable:      13652 kB
SUnreclaim:        23908 kB
KernelStack:        9352 kB
PageTables:        20096 kB
NFS_Unstable:          0 kB
Bounce:                0 kB
WritebackTmp:          0 kB
CommitLimit:      675480 kB
Committed_AS:   46895948 kB
VmallocTotal:     253952 kB
VmallocUsed:       95692 kB
VmallocChunk:      47108 kB
Time pass: 126 sec

---2015-10-26 00:17:40
MemTotal:        1350964 kB
MemFree:           31492 kB
Buffers:           60776 kB
Cached:           401612 kB
SwapCached:            0 kB
Active:           818124 kB
Inactive:         191468 kB
Active(anon):     555560 kB
Inactive(anon):     3860 kB
Active(file):     262564 kB
Inactive(file):   187608 kB
Unevictable:        8304 kB
Mlocked:               0 kB
HighTotal:        802816 kB
HighFree:           1600 kB
LowTotal:         548148 kB
LowFree:           29892 kB
SwapTotal:             0 kB
SwapFree:              0 kB
Dirty:                44 kB
Writeback:             0 kB
AnonPages:        555496 kB
Mapped:           185220 kB
Shmem:              3912 kB
Slab:              37508 kB
SReclaimable:      13652 kB
SUnreclaim:        23856 kB
KernelStack:        9352 kB
PageTables:        20096 kB
NFS_Unstable:          0 kB
Bounce:                0 kB
WritebackTmp:          0 kB
CommitLimit:      675480 kB
Committed_AS:   46895984 kB
VmallocTotal:     253952 kB
VmallocUsed:       95692 kB
VmallocChunk:      47108 kB
Time pass: 130 sec

---2015-10-26 00:17:40
MemTotal:        1350964 kB
MemFree:           31200 kB
Buffers:           60792 kB
Cached:           396804 kB
SwapCached:            0 kB
Active:           818068 kB
Inactive:         193336 kB
Active(anon):     562164 kB
Inactive(anon):     3860 kB
Active(file):     255904 kB
Inactive(file):   189476 kB
Unevictable:        8304 kB
Mlocked:               0 kB
HighTotal:        802816 kB
HighFree:           1848 kB
LowTotal:         548148 kB
LowFree:           29352 kB
SwapTotal:             0 kB
SwapFree:              0 kB
Dirty:                20 kB
Writeback:             0 kB
AnonPages:        562140 kB
Mapped:           188568 kB
Shmem:              3912 kB
Slab:              37520 kB
SReclaimable:      13652 kB
SUnreclaim:        23868 kB
KernelStack:        9424 kB
PageTables:        20124 kB
NFS_Unstable:          0 kB
Bounce:                0 kB
WritebackTmp:          0 kB
CommitLimit:      675480 kB
Committed_AS:   46909124 kB
VmallocTotal:     253952 kB
VmallocUsed:       95692 kB
VmallocChunk:      47108 kB
Time pass: 133 sec

---2015-10-26 00:17:40
MemTotal:        1350964 kB
MemFree:           33272 kB
Buffers:           59832 kB
Cached:           384056 kB
SwapCached:            0 kB
Active:           809644 kB
Inactive:         197432 kB
Active(anon):     571708 kB
Inactive(anon):     3860 kB
Active(file):     237936 kB
Inactive(file):   193572 kB
Unevictable:        8304 kB
Mlocked:               0 kB
HighTotal:        802816 kB
HighFree:           2260 kB
LowTotal:         548148 kB
LowFree:           31012 kB
SwapTotal:             0 kB
SwapFree:              0 kB
Dirty:                76 kB
Writeback:             0 kB
AnonPages:        571784 kB
Mapped:           184152 kB
Shmem:              3912 kB
Slab:              37508 kB
SReclaimable:      13652 kB
SUnreclaim:        23856 kB
KernelStack:        9432 kB
PageTables:        20152 kB
NFS_Unstable:          0 kB
Bounce:                0 kB
WritebackTmp:          0 kB
CommitLimit:      675480 kB
Committed_AS:   46926324 kB
VmallocTotal:     253952 kB
VmallocUsed:       95888 kB
VmallocChunk:      47108 kB
Time pass: 137 sec

---2015-10-26 00:17:40
MemTotal:        1350964 kB
MemFree:           33720 kB
Buffers:           58360 kB
Cached:           381208 kB
SwapCached:            0 kB
Active:           806920 kB
Inactive:         199020 kB
Active(anon):     574740 kB
Inactive(anon):     4068 kB
Active(file):     232180 kB
Inactive(file):   194952 kB
Unevictable:        8304 kB
Mlocked:               0 kB
HighTotal:        802816 kB
HighFree:           1600 kB
LowTotal:         548148 kB
LowFree:           32120 kB
SwapTotal:             0 kB
SwapFree:              0 kB
Dirty:                56 kB
Writeback:             0 kB
AnonPages:        574592 kB
Mapped:           181860 kB
Shmem:              4128 kB
Slab:              37488 kB
SReclaimable:      13652 kB
SUnreclaim:        23836 kB
KernelStack:        9536 kB
PageTables:        20252 kB
NFS_Unstable:          0 kB
Bounce:                0 kB
WritebackTmp:          0 kB
CommitLimit:      675480 kB
Committed_AS:   46930040 kB
VmallocTotal:     253952 kB
VmallocUsed:       95888 kB
VmallocChunk:      47108 kB
Time pass: 141 sec

---2015-10-26 00:17:40
MemTotal:        1350964 kB
MemFree:           33236 kB
Buffers:           57740 kB
Cached:           370744 kB
SwapCached:            0 kB
Active:           800772 kB
Inactive:         201112 kB
Active(anon):     581836 kB
Inactive(anon):     4276 kB
Active(file):     218936 kB
Inactive(file):   196836 kB
Unevictable:        8304 kB
Mlocked:               0 kB
HighTotal:        802816 kB
HighFree:           2212 kB
LowTotal:         548148 kB
LowFree:           31024 kB
SwapTotal:             0 kB
SwapFree:              0 kB
Dirty:                 0 kB
Writeback:             0 kB
AnonPages:        581984 kB
Mapped:           177096 kB
Shmem:              4332 kB
Slab:              37704 kB
SReclaimable:      13652 kB
SUnreclaim:        24052 kB
KernelStack:        9568 kB
PageTables:        20576 kB
NFS_Unstable:          0 kB
Bounce:                0 kB
WritebackTmp:          0 kB
CommitLimit:      675480 kB
Committed_AS:   47936656 kB
VmallocTotal:     253952 kB
VmallocUsed:       96224 kB
VmallocChunk:      47108 kB
Time pass: 144 sec

---2015-10-26 00:17:40
MemTotal:        1350964 kB
MemFree:          217884 kB
Buffers:           51444 kB
Cached:           348464 kB
SwapCached:            0 kB
Active:           712988 kB
Inactive:         197380 kB
Active(anon):     518768 kB
Inactive(anon):     3760 kB
Active(file):     194220 kB
Inactive(file):   193620 kB
Unevictable:        8304 kB
Mlocked:               0 kB
HighTotal:        802816 kB
HighFree:          61704 kB
LowTotal:         548148 kB
LowFree:          156180 kB
SwapTotal:             0 kB
SwapFree:              0 kB
Dirty:                20 kB
Writeback:             0 kB
AnonPages:        519164 kB
Mapped:           138900 kB
Shmem:              3764 kB
Slab:              37516 kB
SReclaimable:      13648 kB
SUnreclaim:        23868 kB
KernelStack:        9208 kB
PageTables:        19424 kB
NFS_Unstable:          0 kB
Bounce:                0 kB
WritebackTmp:          0 kB
CommitLimit:      675480 kB
Committed_AS:   46869564 kB
VmallocTotal:     253952 kB
VmallocUsed:       94812 kB
VmallocChunk:      47108 kB
Time pass: 148 sec

---2015-10-26 00:17:40
MemTotal:        1350964 kB
MemFree:          219048 kB
Buffers:           51444 kB
Cached:           348476 kB
SwapCached:            0 kB
Active:           712168 kB
Inactive:         197344 kB
Active(anon):     517948 kB
Inactive(anon):     3724 kB
Active(file):     194220 kB
Inactive(file):   193620 kB
Unevictable:        8304 kB
Mlocked:               0 kB
HighTotal:        802816 kB
HighFree:          62008 kB
LowTotal:         548148 kB
LowFree:          157040 kB
SwapTotal:             0 kB
SwapFree:              0 kB
Dirty:                20 kB
Writeback:             0 kB
AnonPages:        518076 kB
Mapped:           138792 kB
Shmem:              3776 kB
Slab:              37444 kB
SReclaimable:      13648 kB
SUnreclaim:        23796 kB
KernelStack:        9008 kB
PageTables:        19408 kB
NFS_Unstable:          0 kB
Bounce:                0 kB
WritebackTmp:          0 kB
CommitLimit:      675480 kB
Committed_AS:   46868924 kB
VmallocTotal:     253952 kB
VmallocUsed:       93792 kB
VmallocChunk:      47108 kB
Time pass: 151 sec

---2015-10-26 00:17:40
MemTotal:        1350964 kB
MemFree:          219424 kB
Buffers:           51448 kB
Cached:           348476 kB
SwapCached:            0 kB
Active:           711376 kB
Inactive:         197344 kB
Active(anon):     517152 kB
Inactive(anon):     3724 kB
Active(file):     194224 kB
Inactive(file):   193620 kB
Unevictable:        8304 kB
Mlocked:               0 kB
HighTotal:        802816 kB
HighFree:          61912 kB
LowTotal:         548148 kB
LowFree:          157512 kB
SwapTotal:             0 kB
SwapFree:              0 kB
Dirty:                20 kB
Writeback:             0 kB
AnonPages:        517092 kB
Mapped:           138864 kB
Shmem:              3776 kB
Slab:              37440 kB
SReclaimable:      13648 kB
SUnreclaim:        23792 kB
KernelStack:        8928 kB
PageTables:        19372 kB
NFS_Unstable:          0 kB
Bounce:                0 kB
WritebackTmp:          0 kB
CommitLimit:      675480 kB
Committed_AS:   46867632 kB
VmallocTotal:     253952 kB
VmallocUsed:       94812 kB
VmallocChunk:      47108 kB
Time pass: 154 sec

---2015-10-26 00:17:40
MemTotal:        1350964 kB
MemFree:          224952 kB
Buffers:           51448 kB
Cached:           348476 kB
SwapCached:            0 kB
Active:           706536 kB
Inactive:         197344 kB
Active(anon):     512312 kB
Inactive(anon):     3724 kB
Active(file):     194224 kB
Inactive(file):   193620 kB
Unevictable:        8304 kB
Mlocked:               0 kB
HighTotal:        802816 kB
HighFree:          66972 kB
LowTotal:         548148 kB
LowFree:          157980 kB
SwapTotal:             0 kB
SwapFree:              0 kB
Dirty:                 0 kB
Writeback:             0 kB
AnonPages:        512312 kB
Mapped:           138572 kB
Shmem:              3776 kB
Slab:              37380 kB
SReclaimable:      13648 kB
SUnreclaim:        23732 kB
KernelStack:        8848 kB
PageTables:        19208 kB
NFS_Unstable:          0 kB
Bounce:                0 kB
WritebackTmp:          0 kB
CommitLimit:      675480 kB
Committed_AS:   45867536 kB
VmallocTotal:     253952 kB
VmallocUsed:       93792 kB
VmallocChunk:      47108 kB
Time pass: 158 sec

---2015-10-26 00:17:40
MemTotal:        1350964 kB
MemFree:          224604 kB
Buffers:           51448 kB
Cached:           348476 kB
SwapCached:            0 kB
Active:           706528 kB
Inactive:         197344 kB
Active(anon):     512304 kB
Inactive(anon):     3724 kB
Active(file):     194224 kB
Inactive(file):   193620 kB
Unevictable:        8304 kB
Mlocked:               0 kB
HighTotal:        802816 kB
HighFree:          66624 kB
LowTotal:         548148 kB
LowFree:          157980 kB
SwapTotal:             0 kB
SwapFree:              0 kB
Dirty:                 0 kB
Writeback:             0 kB
AnonPages:        512200 kB
Mapped:           138424 kB
Shmem:              3776 kB
Slab:              37360 kB
SReclaimable:      13648 kB
SUnreclaim:        23712 kB
KernelStack:        8848 kB
PageTables:        19204 kB
NFS_Unstable:          0 kB
Bounce:                0 kB
WritebackTmp:          0 kB
CommitLimit:      675480 kB
Committed_AS:   45867512 kB
VmallocTotal:     253952 kB
VmallocUsed:       93792 kB
VmallocChunk:      47108 kB
Time pass: 161 sec

---2015-10-26 00:17:40
MemTotal:        1350964 kB
MemFree:          224456 kB
Buffers:           51448 kB
Cached:           348476 kB
SwapCached:            0 kB
Active:           706532 kB
Inactive:         197344 kB
Active(anon):     512308 kB
Inactive(anon):     3724 kB
Active(file):     194224 kB
Inactive(file):   193620 kB
Unevictable:        8304 kB
Mlocked:               0 kB
HighTotal:        802816 kB
HighFree:          66624 kB
LowTotal:         548148 kB
LowFree:          157832 kB
SwapTotal:             0 kB
SwapFree:              0 kB
Dirty:                 0 kB
Writeback:             0 kB
AnonPages:        512264 kB
Mapped:           138424 kB
Shmem:              3776 kB
Slab:              37360 kB
SReclaimable:      13648 kB
SUnreclaim:        23712 kB
KernelStack:        8848 kB
PageTables:        19200 kB
NFS_Unstable:          0 kB
Bounce:                0 kB
WritebackTmp:          0 kB
CommitLimit:      675480 kB
Committed_AS:   45867508 kB
VmallocTotal:     253952 kB
VmallocUsed:       93792 kB
VmallocChunk:      47108 kB
Time pass: 165 sec

---2015-10-26 00:17:40
MemTotal:        1350964 kB
MemFree:          224108 kB
Buffers:           51448 kB
Cached:           348476 kB
SwapCached:            0 kB
Active:           706632 kB
Inactive:         197344 kB
Active(anon):     512408 kB
Inactive(anon):     3724 kB
Active(file):     194224 kB
Inactive(file):   193620 kB
Unevictable:        8304 kB
Mlocked:               0 kB
HighTotal:        802816 kB
HighFree:          66252 kB
LowTotal:         548148 kB
LowFree:          157856 kB
SwapTotal:             0 kB
SwapFree:              0 kB
Dirty:                 0 kB
Writeback:             0 kB
AnonPages:        512452 kB
Mapped:           138572 kB
Shmem:              3776 kB
Slab:              37360 kB
SReclaimable:      13648 kB
SUnreclaim:        23712 kB
KernelStack:        8848 kB
PageTables:        19204 kB
NFS_Unstable:          0 kB
Bounce:                0 kB
WritebackTmp:          0 kB
CommitLimit:      675480 kB
Committed_AS:   45867536 kB
VmallocTotal:     253952 kB
VmallocUsed:       93792 kB
VmallocChunk:      47108 kB
Time pass: 168 sec

---2015-10-26 00:17:40
MemTotal:        1350964 kB
MemFree:          224108 kB
Buffers:           51448 kB
Cached:           348476 kB
SwapCached:            0 kB
Active:           706632 kB
Inactive:         197344 kB
Active(anon):     512408 kB
Inactive(anon):     3724 kB
Active(file):     194224 kB
Inactive(file):   193620 kB
Unevictable:        8304 kB
Mlocked:               0 kB
HighTotal:        802816 kB
HighFree:          66252 kB
LowTotal:         548148 kB
LowFree:          157856 kB
SwapTotal:             0 kB
SwapFree:              0 kB
Dirty:                 0 kB
Writeback:             0 kB
AnonPages:        512336 kB
Mapped:           138424 kB
Shmem:              3776 kB
Slab:              37360 kB
SReclaimable:      13648 kB
SUnreclaim:        23712 kB
KernelStack:        8848 kB
PageTables:        19204 kB
NFS_Unstable:          0 kB
Bounce:                0 kB
WritebackTmp:          0 kB
CommitLimit:      675480 kB
Committed_AS:   45867508 kB
VmallocTotal:     253952 kB
VmallocUsed:       93792 kB
VmallocChunk:      47108 kB
Time pass: 172 sec

---2015-10-26 00:17:40
MemTotal:        1350964 kB
MemFree:          240392 kB
Buffers:           51544 kB
Cached:           348600 kB
SwapCached:            0 kB
Active:           713664 kB
Inactive:         197708 kB
Active(anon):     519636 kB
Inactive(anon):     3724 kB
Active(file):     194028 kB
Inactive(file):   193984 kB
Unevictable:        8304 kB
Mlocked:               0 kB
HighTotal:        802816 kB
HighFree:          74932 kB
LowTotal:         548148 kB
LowFree:          165460 kB
SwapTotal:             0 kB
SwapFree:              0 kB
Dirty:               684 kB
Writeback:             0 kB
AnonPages:        519772 kB
Mapped:           152540 kB
Shmem:              3776 kB
Slab:              37396 kB
SReclaimable:      13648 kB
SUnreclaim:        23748 kB
KernelStack:        9024 kB
PageTables:        19528 kB
NFS_Unstable:          0 kB
Bounce:                0 kB
WritebackTmp:          0 kB
CommitLimit:      675480 kB
Committed_AS:   46670596 kB
VmallocTotal:     253952 kB
VmallocUsed:       94820 kB
VmallocChunk:      47108 kB
Time pass: 175 sec

---2015-10-26 00:17:40
MemTotal:        1350964 kB
MemFree:          182244 kB
Buffers:           51584 kB
Cached:           348752 kB
SwapCached:            0 kB
Active:           725440 kB
Inactive:         197776 kB
Active(anon):     531152 kB
Inactive(anon):     3940 kB
Active(file):     194288 kB
Inactive(file):   193836 kB
Unevictable:        8304 kB
Mlocked:               0 kB
HighTotal:        802816 kB
HighFree:          23796 kB
LowTotal:         548148 kB
LowFree:          158448 kB
SwapTotal:             0 kB
SwapFree:              0 kB
Dirty:               888 kB
Writeback:             0 kB
AnonPages:        531164 kB
Mapped:           158984 kB
Shmem:              3908 kB
Slab:              37392 kB
SReclaimable:      13648 kB
SUnreclaim:        23744 kB
KernelStack:        9224 kB
PageTables:        19872 kB
NFS_Unstable:          0 kB
Bounce:                0 kB
WritebackTmp:          0 kB
CommitLimit:      675480 kB
Committed_AS:   46812304 kB
VmallocTotal:     253952 kB
VmallocUsed:       95692 kB
VmallocChunk:      47108 kB
Time pass: 179 sec

---2015-10-26 00:17:40
MemTotal:        1350964 kB
MemFree:          166984 kB
Buffers:           51588 kB
Cached:           348768 kB
SwapCached:            0 kB
Active:           728300 kB
Inactive:         197680 kB
Active(anon):     533980 kB
Inactive(anon):     3852 kB
Active(file):     194320 kB
Inactive(file):   193828 kB
Unevictable:        8304 kB
Mlocked:               0 kB
HighTotal:        802816 kB
HighFree:          16480 kB
LowTotal:         548148 kB
LowFree:          150504 kB
SwapTotal:             0 kB
SwapFree:              0 kB
Dirty:               196 kB
Writeback:             0 kB
AnonPages:        533780 kB
Mapped:           160264 kB
Shmem:              3904 kB
Slab:              37436 kB
SReclaimable:      13648 kB
SUnreclaim:        23788 kB
KernelStack:        9256 kB
PageTables:        19928 kB
NFS_Unstable:          0 kB
Bounce:                0 kB
WritebackTmp:          0 kB
CommitLimit:      675480 kB
Committed_AS:   46823448 kB
VmallocTotal:     253952 kB
VmallocUsed:       95692 kB
VmallocChunk:      47108 kB
Time pass: 182 sec

---2015-10-26 00:17:40
MemTotal:        1350964 kB
MemFree:          165244 kB
Buffers:           51588 kB
Cached:           348768 kB
SwapCached:            0 kB
Active:           727472 kB
Inactive:         197680 kB
Active(anon):     533152 kB
Inactive(anon):     3852 kB
Active(file):     194320 kB
Inactive(file):   193828 kB
Unevictable:        8304 kB
Mlocked:               0 kB
HighTotal:        802816 kB
HighFree:          16976 kB
LowTotal:         548148 kB
LowFree:          148268 kB
SwapTotal:             0 kB
SwapFree:              0 kB
Dirty:                 0 kB
Writeback:             0 kB
AnonPages:        533160 kB
Mapped:           160264 kB
Shmem:              3904 kB
Slab:              37492 kB
SReclaimable:      13648 kB
SUnreclaim:        23844 kB
KernelStack:        9256 kB
PageTables:        19932 kB
NFS_Unstable:          0 kB
Bounce:                0 kB
WritebackTmp:          0 kB
CommitLimit:      675480 kB
Committed_AS:   46826440 kB
VmallocTotal:     253952 kB
VmallocUsed:       95692 kB
VmallocChunk:      47108 kB
Time pass: 186 sec

---2015-10-26 00:17:40
MemTotal:        1350964 kB
MemFree:          147672 kB
Buffers:           51588 kB
Cached:           348964 kB
SwapCached:            0 kB
Active:           740420 kB
Inactive:         197768 kB
Active(anon):     546076 kB
Inactive(anon):     3856 kB
Active(file):     194344 kB
Inactive(file):   193912 kB
Unevictable:        8304 kB
Mlocked:               0 kB
HighTotal:        802816 kB
HighFree:           4552 kB
LowTotal:         548148 kB
LowFree:          143120 kB
SwapTotal:             0 kB
SwapFree:              0 kB
Dirty:               296 kB
Writeback:             0 kB
AnonPages:        545864 kB
Mapped:           161980 kB
Shmem:              3908 kB
Slab:              37452 kB
SReclaimable:      13648 kB
SUnreclaim:        23804 kB
KernelStack:        9304 kB
PageTables:        19960 kB
NFS_Unstable:          0 kB
Bounce:                0 kB
WritebackTmp:          0 kB
CommitLimit:      675480 kB
Committed_AS:   46846044 kB
VmallocTotal:     253952 kB
VmallocUsed:       95692 kB
VmallocChunk:      47108 kB
Time pass: 189 sec

---2015-10-26 00:17:40
MemTotal:        1350964 kB
MemFree:          117292 kB
Buffers:           51608 kB
Cached:           349140 kB
SwapCached:            0 kB
Active:           745784 kB
Inactive:         198076 kB
Active(anon):     551548 kB
Inactive(anon):     3856 kB
Active(file):     194236 kB
Inactive(file):   194220 kB
Unevictable:        8304 kB
Mlocked:               0 kB
HighTotal:        802816 kB
HighFree:           1700 kB
LowTotal:         548148 kB
LowFree:          115592 kB
SwapTotal:             0 kB
SwapFree:              0 kB
Dirty:              1216 kB
Writeback:             0 kB
AnonPages:        551780 kB
Mapped:           162324 kB
Shmem:              3908 kB
Slab:              37448 kB
SReclaimable:      13648 kB
SUnreclaim:        23800 kB
KernelStack:        9304 kB
PageTables:        20024 kB
NFS_Unstable:          0 kB
Bounce:                0 kB
WritebackTmp:          0 kB
CommitLimit:      675480 kB
Committed_AS:   46873812 kB
VmallocTotal:     253952 kB
VmallocUsed:       95692 kB
VmallocChunk:      47108 kB
Time pass: 193 sec

---2015-10-26 00:17:40
MemTotal:        1350964 kB
MemFree:          114412 kB
Buffers:           51608 kB
Cached:           349128 kB
SwapCached:            0 kB
Active:           744536 kB
Inactive:         198144 kB
Active(anon):     550300 kB
Inactive(anon):     3856 kB
Active(file):     194236 kB
Inactive(file):   194288 kB
Unevictable:        8304 kB
Mlocked:               0 kB
HighTotal:        802816 kB
HighFree:           2020 kB
LowTotal:         548148 kB
LowFree:          112392 kB
SwapTotal:             0 kB
SwapFree:              0 kB
Dirty:                64 kB
Writeback:             0 kB
AnonPages:        550352 kB
Mapped:           162324 kB
Shmem:              3908 kB
Slab:              37516 kB
SReclaimable:      13648 kB
SUnreclaim:        23868 kB
KernelStack:        9304 kB
PageTables:        20044 kB
NFS_Unstable:          0 kB
Bounce:                0 kB
WritebackTmp:          0 kB
CommitLimit:      675480 kB
Committed_AS:   46875940 kB
VmallocTotal:     253952 kB
VmallocUsed:       95692 kB
VmallocChunk:      47108 kB
Time pass: 196 sec

---2015-10-26 00:17:40
MemTotal:        1350964 kB
MemFree:          103792 kB
Buffers:           51608 kB
Cached:           349136 kB
SwapCached:            0 kB
Active:           748608 kB
Inactive:         198144 kB
Active(anon):     554368 kB
Inactive(anon):     3856 kB
Active(file):     194240 kB
Inactive(file):   194288 kB
Unevictable:        8304 kB
Mlocked:               0 kB
HighTotal:        802816 kB
HighFree:           1724 kB
LowTotal:         548148 kB
LowFree:          102068 kB
SwapTotal:             0 kB
SwapFree:              0 kB
Dirty:               604 kB
Writeback:             0 kB
AnonPages:        554460 kB
Mapped:           162656 kB
Shmem:              3908 kB
Slab:              37456 kB
SReclaimable:      13648 kB
SUnreclaim:        23808 kB
KernelStack:        9304 kB
PageTables:        20064 kB
NFS_Unstable:          0 kB
Bounce:                0 kB
WritebackTmp:          0 kB
CommitLimit:      675480 kB
Committed_AS:   46885768 kB
VmallocTotal:     253952 kB
VmallocUsed:       95692 kB
VmallocChunk:      47108 kB
Time pass: 200 sec

---2015-10-26 00:17:40
MemTotal:        1350964 kB
MemFree:           92568 kB
Buffers:           51616 kB
Cached:           350312 kB
SwapCached:            0 kB
Active:           757348 kB
Inactive:         199124 kB
Active(anon):     563104 kB
Inactive(anon):     3932 kB
Active(file):     194244 kB
Inactive(file):   195192 kB
Unevictable:        8304 kB
Mlocked:               0 kB
HighTotal:        802816 kB
HighFree:           1524 kB
LowTotal:         548148 kB
LowFree:           91044 kB
SwapTotal:             0 kB
SwapFree:              0 kB
Dirty:                 0 kB
Writeback:             0 kB
AnonPages:        563136 kB
Mapped:           165676 kB
Shmem:              4000 kB
Slab:              37544 kB
SReclaimable:      13648 kB
SUnreclaim:        23896 kB
KernelStack:        9464 kB
PageTables:        20188 kB
NFS_Unstable:          0 kB
Bounce:                0 kB
WritebackTmp:          0 kB
CommitLimit:      675480 kB
Committed_AS:   46910600 kB
VmallocTotal:     253952 kB
VmallocUsed:       95888 kB
VmallocChunk:      47108 kB
Time pass: 203 sec

---2015-10-26 00:17:40
MemTotal:        1350964 kB
MemFree:           87272 kB
Buffers:           51628 kB
Cached:           350272 kB
SwapCached:            0 kB
Active:           762424 kB
Inactive:         199292 kB
Active(anon):     568176 kB
Inactive(anon):     4000 kB
Active(file):     194248 kB
Inactive(file):   195292 kB
Unevictable:        8304 kB
Mlocked:               0 kB
HighTotal:        802816 kB
HighFree:           1524 kB
LowTotal:         548148 kB
LowFree:           85748 kB
SwapTotal:             0 kB
SwapFree:              0 kB
Dirty:                68 kB
Writeback:             0 kB
AnonPages:        568136 kB
Mapped:           165900 kB
Shmem:              4056 kB
Slab:              37508 kB
SReclaimable:      13648 kB
SUnreclaim:        23860 kB
KernelStack:        9496 kB
PageTables:        20208 kB
NFS_Unstable:          0 kB
Bounce:                0 kB
WritebackTmp:          0 kB
CommitLimit:      675480 kB
Committed_AS:   46909732 kB
VmallocTotal:     253952 kB
VmallocUsed:       96004 kB
VmallocChunk:      47108 kB
Time pass: 207 sec

---2015-10-26 00:17:40
MemTotal:        1350964 kB
MemFree:           80244 kB
Buffers:           51644 kB
Cached:           350396 kB
SwapCached:            0 kB
Active:           767660 kB
Inactive:         199408 kB
Active(anon):     573412 kB
Inactive(anon):     4096 kB
Active(file):     194248 kB
Inactive(file):   195312 kB
Unevictable:        8304 kB
Mlocked:               0 kB
HighTotal:        802816 kB
HighFree:           1524 kB
LowTotal:         548148 kB
LowFree:           78720 kB
SwapTotal:             0 kB
SwapFree:              0 kB
Dirty:                52 kB
Writeback:             0 kB
AnonPages:        573404 kB
Mapped:           165920 kB
Shmem:              4176 kB
Slab:              37520 kB
SReclaimable:      13648 kB
SUnreclaim:        23872 kB
KernelStack:        9536 kB
PageTables:        20272 kB
NFS_Unstable:          0 kB
Bounce:                0 kB
WritebackTmp:          0 kB
CommitLimit:      675480 kB
Committed_AS:   46921984 kB
VmallocTotal:     253952 kB
VmallocUsed:       96224 kB
VmallocChunk:      47108 kB
Time pass: 211 sec

---2015-10-26 00:17:40
MemTotal:        1350964 kB
MemFree:           79096 kB
Buffers:           51664 kB
Cached:           350432 kB
SwapCached:            0 kB
Active:           768012 kB
Inactive:         199488 kB
Active(anon):     573764 kB
Inactive(anon):     4156 kB
Active(file):     194248 kB
Inactive(file):   195332 kB
Unevictable:        8304 kB
Mlocked:               0 kB
HighTotal:        802816 kB
HighFree:           1524 kB
LowTotal:         548148 kB
LowFree:           77572 kB
SwapTotal:             0 kB
SwapFree:              0 kB
Dirty:                44 kB
Writeback:             0 kB
AnonPages:        573784 kB
Mapped:           166080 kB
Shmem:              4212 kB
Slab:              37680 kB
SReclaimable:      13648 kB
SUnreclaim:        24032 kB
KernelStack:        9528 kB
PageTables:        20260 kB
NFS_Unstable:          0 kB
Bounce:                0 kB
WritebackTmp:          0 kB
CommitLimit:      675480 kB
Committed_AS:   46923004 kB
VmallocTotal:     253952 kB
VmallocUsed:       96224 kB
VmallocChunk:      47108 kB
Time pass: 215 sec

---2015-10-26 00:17:40
MemTotal:        1350964 kB
MemFree:           79268 kB
Buffers:           51664 kB
Cached:           350444 kB
SwapCached:            0 kB
Active:           768460 kB
Inactive:         199496 kB
Active(anon):     574208 kB
Inactive(anon):     4168 kB
Active(file):     194252 kB
Inactive(file):   195328 kB
Unevictable:        8304 kB
Mlocked:               0 kB
HighTotal:        802816 kB
HighFree:           1524 kB
LowTotal:         548148 kB
LowFree:           77744 kB
SwapTotal:             0 kB
SwapFree:              0 kB
Dirty:                 0 kB
Writeback:             0 kB
AnonPages:        574016 kB
Mapped:           166552 kB
Shmem:              4224 kB
Slab:              37560 kB
SReclaimable:      13648 kB
SUnreclaim:        23912 kB
KernelStack:        9528 kB
PageTables:        20280 kB
NFS_Unstable:          0 kB
Bounce:                0 kB
WritebackTmp:          0 kB
CommitLimit:      675480 kB
Committed_AS:   46923104 kB
VmallocTotal:     253952 kB
VmallocUsed:       96224 kB
VmallocChunk:      47108 kB
Time pass: 219 sec

---2015-10-26 00:17:40
MemTotal:        1350964 kB
MemFree:           79132 kB
Buffers:           51672 kB
Cached:           350440 kB
SwapCached:            0 kB
Active:           768336 kB
Inactive:         199500 kB
Active(anon):     574084 kB
Inactive(anon):     4168 kB
Active(file):     194252 kB
Inactive(file):   195332 kB
Unevictable:        8304 kB
Mlocked:               0 kB
HighTotal:        802816 kB
HighFree:           1524 kB
LowTotal:         548148 kB
LowFree:           77608 kB
SwapTotal:             0 kB
SwapFree:              0 kB
Dirty:                32 kB
Writeback:             0 kB
AnonPages:        573916 kB
Mapped:           166552 kB
Shmem:              4224 kB
Slab:              37488 kB
SReclaimable:      13648 kB
SUnreclaim:        23840 kB
KernelStack:        9552 kB
PageTables:        20280 kB
NFS_Unstable:          0 kB
Bounce:                0 kB
WritebackTmp:          0 kB
CommitLimit:      675480 kB
Committed_AS:   46922884 kB
VmallocTotal:     253952 kB
VmallocUsed:       96224 kB
VmallocChunk:      47108 kB
Time pass: 222 sec

---2015-10-26 00:17:40
MemTotal:        1350964 kB
MemFree:           79088 kB
Buffers:           51672 kB
Cached:           350444 kB
SwapCached:            0 kB
Active:           768324 kB
Inactive:         199504 kB
Active(anon):     574072 kB
Inactive(anon):     4168 kB
Active(file):     194252 kB
Inactive(file):   195336 kB
Unevictable:        8304 kB
Mlocked:               0 kB
HighTotal:        802816 kB
HighFree:           1524 kB
LowTotal:         548148 kB
LowFree:           77564 kB
SwapTotal:             0 kB
SwapFree:              0 kB
Dirty:                 0 kB
Writeback:             0 kB
AnonPages:        574040 kB
Mapped:           166556 kB
Shmem:              4224 kB
Slab:              37628 kB
SReclaimable:      13648 kB
SUnreclaim:        23980 kB
KernelStack:        9544 kB
PageTables:        20280 kB
NFS_Unstable:          0 kB
Bounce:                0 kB
WritebackTmp:          0 kB
CommitLimit:      675480 kB
Committed_AS:   46923072 kB
VmallocTotal:     253952 kB
VmallocUsed:       96224 kB
VmallocChunk:      47108 kB
Time pass: 226 sec

---2015-10-26 00:17:40
MemTotal:        1350964 kB
MemFree:           78176 kB
Buffers:           51696 kB
Cached:           350468 kB
SwapCached:            0 kB
Active:           768504 kB
Inactive:         199536 kB
Active(anon):     574252 kB
Inactive(anon):     4192 kB
Active(file):     194252 kB
Inactive(file):   195344 kB
Unevictable:        8304 kB
Mlocked:               0 kB
HighTotal:        802816 kB
HighFree:           1524 kB
LowTotal:         548148 kB
LowFree:           76652 kB
SwapTotal:             0 kB
SwapFree:              0 kB
Dirty:                32 kB
Writeback:             0 kB
AnonPages:        574312 kB
Mapped:           166512 kB
Shmem:              4248 kB
Slab:              37660 kB
SReclaimable:      13648 kB
SUnreclaim:        24012 kB
KernelStack:        9536 kB
PageTables:        20272 kB
NFS_Unstable:          0 kB
Bounce:                0 kB
WritebackTmp:          0 kB
CommitLimit:      675480 kB
Committed_AS:   46923960 kB
VmallocTotal:     253952 kB
VmallocUsed:       96224 kB
VmallocChunk:      47108 kB
Time pass: 229 sec

---2015-10-26 00:17:40
MemTotal:        1350964 kB
MemFree:           77888 kB
Buffers:           51696 kB
Cached:           350468 kB
SwapCached:            0 kB
Active:           768648 kB
Inactive:         199552 kB
Active(anon):     574396 kB
Inactive(anon):     4192 kB
Active(file):     194252 kB
Inactive(file):   195360 kB
Unevictable:        8304 kB
Mlocked:               0 kB
HighTotal:        802816 kB
HighFree:           1524 kB
LowTotal:         548148 kB
LowFree:           76364 kB
SwapTotal:             0 kB
SwapFree:              0 kB
Dirty:                 0 kB
Writeback:             0 kB
AnonPages:        574532 kB
Mapped:           166580 kB
Shmem:              4248 kB
Slab:              37616 kB
SReclaimable:      13648 kB
SUnreclaim:        23968 kB
KernelStack:        9528 kB
PageTables:        20280 kB
NFS_Unstable:          0 kB
Bounce:                0 kB
WritebackTmp:          0 kB
CommitLimit:      675480 kB
Committed_AS:   46922908 kB
VmallocTotal:     253952 kB
VmallocUsed:       96224 kB
VmallocChunk:      47108 kB
Time pass: 233 sec

---2015-10-26 00:17:40
MemTotal:        1350964 kB
MemFree:           78336 kB
Buffers:           51708 kB
Cached:           350468 kB
SwapCached:            0 kB
Active:           768780 kB
Inactive:         199564 kB
Active(anon):     574528 kB
Inactive(anon):     4192 kB
Active(file):     194252 kB
Inactive(file):   195372 kB
Unevictable:        8304 kB
Mlocked:               0 kB
HighTotal:        802816 kB
HighFree:           1524 kB
LowTotal:         548148 kB
LowFree:           76812 kB
SwapTotal:             0 kB
SwapFree:              0 kB
Dirty:                36 kB
Writeback:             0 kB
AnonPages:        574532 kB
Mapped:           166580 kB
Shmem:              4248 kB
Slab:              37676 kB
SReclaimable:      13648 kB
SUnreclaim:        24028 kB
KernelStack:        9512 kB
PageTables:        20276 kB
NFS_Unstable:          0 kB
Bounce:                0 kB
WritebackTmp:          0 kB
CommitLimit:      675480 kB
Committed_AS:   46922904 kB
VmallocTotal:     253952 kB
VmallocUsed:       96224 kB
VmallocChunk:      47108 kB
Time pass: 237 sec

---2015-10-26 00:17:40
MemTotal:        1350964 kB
MemFree:           78292 kB
Buffers:           51716 kB
Cached:           350468 kB
SwapCached:            0 kB
Active:           768868 kB
Inactive:         199564 kB
Active(anon):     574616 kB
Inactive(anon):     4192 kB
Active(file):     194252 kB
Inactive(file):   195372 kB
Unevictable:        8304 kB
Mlocked:               0 kB
HighTotal:        802816 kB
HighFree:           1524 kB
LowTotal:         548148 kB
LowFree:           76768 kB
SwapTotal:             0 kB
SwapFree:              0 kB
Dirty:                28 kB
Writeback:             0 kB
AnonPages:        574632 kB
Mapped:           166580 kB
Shmem:              4248 kB
Slab:              37740 kB
SReclaimable:      13648 kB
SUnreclaim:        24092 kB
KernelStack:        9512 kB
PageTables:        20276 kB
NFS_Unstable:          0 kB
Bounce:                0 kB
WritebackTmp:          0 kB
CommitLimit:      675480 kB
Committed_AS:   46922892 kB
VmallocTotal:     253952 kB
VmallocUsed:       96224 kB
VmallocChunk:      47108 kB
Time pass: 240 sec

---2015-10-26 00:17:40
MemTotal:        1350964 kB
MemFree:           77776 kB
Buffers:           51732 kB
Cached:           350468 kB
SwapCached:            0 kB
Active:           769188 kB
Inactive:         199596 kB
Active(anon):     574936 kB
Inactive(anon):     4192 kB
Active(file):     194252 kB
Inactive(file):   195404 kB
Unevictable:        8304 kB
Mlocked:               0 kB
HighTotal:        802816 kB
HighFree:           1524 kB
LowTotal:         548148 kB
LowFree:           76252 kB
SwapTotal:             0 kB
SwapFree:              0 kB
Dirty:                36 kB
Writeback:             0 kB
AnonPages:        574992 kB
Mapped:           166580 kB
Shmem:              4248 kB
Slab:              37764 kB
SReclaimable:      13648 kB
SUnreclaim:        24116 kB
KernelStack:        9512 kB
PageTables:        20276 kB
NFS_Unstable:          0 kB
Bounce:                0 kB
WritebackTmp:          0 kB
CommitLimit:      675480 kB
Committed_AS:   46923092 kB
VmallocTotal:     253952 kB
VmallocUsed:       96224 kB
VmallocChunk:      47108 kB
Time pass: 244 sec

---2015-10-26 00:17:40
MemTotal:        1350964 kB
MemFree:           77020 kB
Buffers:           51736 kB
Cached:           350564 kB
SwapCached:            0 kB
Active:           769412 kB
Inactive:         199688 kB
Active(anon):     575160 kB
Inactive(anon):     4292 kB
Active(file):     194252 kB
Inactive(file):   195396 kB
Unevictable:        8304 kB
Mlocked:               0 kB
HighTotal:        802816 kB
HighFree:           1524 kB
LowTotal:         548148 kB
LowFree:           75496 kB
SwapTotal:             0 kB
SwapFree:              0 kB
Dirty:                 0 kB
Writeback:             0 kB
AnonPages:        575180 kB
Mapped:           166680 kB
Shmem:              4348 kB
Slab:              37604 kB
SReclaimable:      13648 kB
SUnreclaim:        23956 kB
KernelStack:        9512 kB
PageTables:        20268 kB
NFS_Unstable:          0 kB
Bounce:                0 kB
WritebackTmp:          0 kB
CommitLimit:      675480 kB
Committed_AS:   46923112 kB
VmallocTotal:     253952 kB
VmallocUsed:       96224 kB
VmallocChunk:      47108 kB
Time pass: 247 sec

---2015-10-26 00:17:40
MemTotal:        1350964 kB
MemFree:           77036 kB
Buffers:           51736 kB
Cached:           350596 kB
SwapCached:            0 kB
Active:           769744 kB
Inactive:         199708 kB
Active(anon):     575480 kB
Inactive(anon):     4320 kB
Active(file):     194264 kB
Inactive(file):   195388 kB
Unevictable:        8304 kB
Mlocked:               0 kB
HighTotal:        802816 kB
HighFree:           1524 kB
LowTotal:         548148 kB
LowFree:           75512 kB
SwapTotal:             0 kB
SwapFree:              0 kB
Dirty:                36 kB
Writeback:             0 kB
AnonPages:        575412 kB
Mapped:           166560 kB
Shmem:              4376 kB
Slab:              37548 kB
SReclaimable:      13648 kB
SUnreclaim:        23900 kB
KernelStack:        9512 kB
PageTables:        20276 kB
NFS_Unstable:          0 kB
Bounce:                0 kB
WritebackTmp:          0 kB
CommitLimit:      675480 kB
Committed_AS:   46923372 kB
VmallocTotal:     253952 kB
VmallocUsed:       96224 kB
VmallocChunk:      47108 kB
Time pass: 251 sec

---2015-10-26 00:17:40
MemTotal:        1350964 kB
MemFree:           77168 kB
Buffers:           51744 kB
Cached:           350596 kB
SwapCached:            0 kB
Active:           769652 kB
Inactive:         199712 kB
Active(anon):     575384 kB
Inactive(anon):     4320 kB
Active(file):     194268 kB
Inactive(file):   195392 kB
Unevictable:        8304 kB
Mlocked:               0 kB
HighTotal:        802816 kB
HighFree:           1524 kB
LowTotal:         548148 kB
LowFree:           75644 kB
SwapTotal:             0 kB
SwapFree:              0 kB
Dirty:                36 kB
Writeback:             0 kB
AnonPages:        575328 kB
Mapped:           166660 kB
Shmem:              4376 kB
Slab:              37668 kB
SReclaimable:      13648 kB
SUnreclaim:        24020 kB
KernelStack:        9512 kB
PageTables:        20256 kB
NFS_Unstable:          0 kB
Bounce:                0 kB
WritebackTmp:          0 kB
CommitLimit:      675480 kB
Committed_AS:   46923208 kB
VmallocTotal:     253952 kB
VmallocUsed:       96224 kB
VmallocChunk:      47108 kB
Time pass: 254 sec

---2015-10-26 00:17:40
MemTotal:        1350964 kB
MemFree:           77036 kB
Buffers:           51744 kB
Cached:           350596 kB
SwapCached:            0 kB
Active:           770560 kB
Inactive:         199712 kB
Active(anon):     576292 kB
Inactive(anon):     4320 kB
Active(file):     194268 kB
Inactive(file):   195392 kB
Unevictable:        8304 kB
Mlocked:               0 kB
HighTotal:        802816 kB
HighFree:           1524 kB
LowTotal:         548148 kB
LowFree:           75512 kB
SwapTotal:             0 kB
SwapFree:              0 kB
Dirty:                36 kB
Writeback:             0 kB
AnonPages:        576476 kB
Mapped:           166708 kB
Shmem:              4376 kB
Slab:              37620 kB
SReclaimable:      13648 kB
SUnreclaim:        23972 kB
KernelStack:        9528 kB
PageTables:        20272 kB
NFS_Unstable:          0 kB
Bounce:                0 kB
WritebackTmp:          0 kB
CommitLimit:      675480 kB
Committed_AS:   46924444 kB
VmallocTotal:     253952 kB
VmallocUsed:       96224 kB
VmallocChunk:      47108 kB
Time pass: 258 sec

---2015-10-26 00:17:40
MemTotal:        1350964 kB
MemFree:           76820 kB
Buffers:           51748 kB
Cached:           350596 kB
SwapCached:            0 kB
Active:           769884 kB
Inactive:         199716 kB
Active(anon):     575616 kB
Inactive(anon):     4320 kB
Active(file):     194268 kB
Inactive(file):   195396 kB
Unevictable:        8304 kB
Mlocked:               0 kB
HighTotal:        802816 kB
HighFree:           1524 kB
LowTotal:         548148 kB
LowFree:           75296 kB
SwapTotal:             0 kB
SwapFree:              0 kB
Dirty:                28 kB
Writeback:             0 kB
AnonPages:        575628 kB
Mapped:           166560 kB
Shmem:              4376 kB
Slab:              37688 kB
SReclaimable:      13648 kB
SUnreclaim:        24040 kB
KernelStack:        9528 kB
PageTables:        20276 kB
NFS_Unstable:          0 kB
Bounce:                0 kB
WritebackTmp:          0 kB
CommitLimit:      675480 kB
Committed_AS:   46924356 kB
VmallocTotal:     253952 kB
VmallocUsed:       96224 kB
VmallocChunk:      47108 kB
Time pass: 261 sec

---2015-10-26 00:17:40
MemTotal:        1350964 kB
MemFree:           76680 kB
Buffers:           51756 kB
Cached:           350596 kB
SwapCached:            0 kB
Active:           769976 kB
Inactive:         199716 kB
Active(anon):     575700 kB
Inactive(anon):     4320 kB
Active(file):     194276 kB
Inactive(file):   195396 kB
Unevictable:        8304 kB
Mlocked:               0 kB
HighTotal:        802816 kB
HighFree:           1524 kB
LowTotal:         548148 kB
LowFree:           75156 kB
SwapTotal:             0 kB
SwapFree:              0 kB
Dirty:                36 kB
Writeback:             0 kB
AnonPages:        575756 kB
Mapped:           166708 kB
Shmem:              4376 kB
Slab:              37656 kB
SReclaimable:      13648 kB
SUnreclaim:        24008 kB
KernelStack:        9512 kB
PageTables:        20276 kB
NFS_Unstable:          0 kB
Bounce:                0 kB
WritebackTmp:          0 kB
CommitLimit:      675480 kB
Committed_AS:   46923292 kB
VmallocTotal:     253952 kB
VmallocUsed:       96224 kB
VmallocChunk:      47108 kB
Time pass: 265 sec

---2015-10-26 00:17:40
MemTotal:        1350964 kB
MemFree:           76408 kB
Buffers:           51760 kB
Cached:           350596 kB
SwapCached:            0 kB
Active:           770056 kB
Inactive:         199716 kB
Active(anon):     575780 kB
Inactive(anon):     4320 kB
Active(file):     194276 kB
Inactive(file):   195396 kB
Unevictable:        8304 kB
Mlocked:               0 kB
HighTotal:        802816 kB
HighFree:           1524 kB
LowTotal:         548148 kB
LowFree:           74884 kB
SwapTotal:             0 kB
SwapFree:              0 kB
Dirty:                28 kB
Writeback:             0 kB
AnonPages:        575684 kB
Mapped:           166708 kB
Shmem:              4376 kB
Slab:              37668 kB
SReclaimable:      13648 kB
SUnreclaim:        24020 kB
KernelStack:        9512 kB
PageTables:        20276 kB
NFS_Unstable:          0 kB
Bounce:                0 kB
WritebackTmp:          0 kB
CommitLimit:      675480 kB
Committed_AS:   46923176 kB
VmallocTotal:     253952 kB
VmallocUsed:       96224 kB
VmallocChunk:      47108 kB
Time pass: 269 sec

---2015-10-26 00:17:40
MemTotal:        1350964 kB
MemFree:           76788 kB
Buffers:           51768 kB
Cached:           350596 kB
SwapCached:            0 kB
Active:           770164 kB
Inactive:         199716 kB
Active(anon):     575880 kB
Inactive(anon):     4320 kB
Active(file):     194284 kB
Inactive(file):   195396 kB
Unevictable:        8304 kB
Mlocked:               0 kB
HighTotal:        802816 kB
HighFree:           1524 kB
LowTotal:         548148 kB
LowFree:           75264 kB
SwapTotal:             0 kB
SwapFree:              0 kB
Dirty:                36 kB
Writeback:             0 kB
AnonPages:        575880 kB
Mapped:           166708 kB
Shmem:              4376 kB
Slab:              37628 kB
SReclaimable:      13648 kB
SUnreclaim:        23980 kB
KernelStack:        9512 kB
PageTables:        20276 kB
NFS_Unstable:          0 kB
Bounce:                0 kB
WritebackTmp:          0 kB
CommitLimit:      675480 kB
Committed_AS:   46923232 kB
VmallocTotal:     253952 kB
VmallocUsed:       96224 kB
VmallocChunk:      47108 kB
Time pass: 273 sec

---2015-10-26 00:17:40
MemTotal:        1350964 kB
MemFree:           77056 kB
Buffers:           51772 kB
Cached:           350596 kB
SwapCached:            0 kB
Active:           769344 kB
Inactive:         199720 kB
Active(anon):     575060 kB
Inactive(anon):     4320 kB
Active(file):     194284 kB
Inactive(file):   195400 kB
Unevictable:        8304 kB
Mlocked:               0 kB
HighTotal:        802816 kB
HighFree:           1524 kB
LowTotal:         548148 kB
LowFree:           75532 kB
SwapTotal:             0 kB
SwapFree:              0 kB
Dirty:                28 kB
Writeback:             0 kB
AnonPages:        575060 kB
Mapped:           166708 kB
Shmem:              4376 kB
Slab:              37776 kB
SReclaimable:      13648 kB
SUnreclaim:        24128 kB
KernelStack:        9512 kB
PageTables:        20276 kB
NFS_Unstable:          0 kB
Bounce:                0 kB
WritebackTmp:          0 kB
CommitLimit:      675480 kB
Committed_AS:   46923232 kB
VmallocTotal:     253952 kB
VmallocUsed:       96224 kB
VmallocChunk:      47108 kB
Time pass: 277 sec

---2015-10-26 00:17:40
MemTotal:        1350964 kB
MemFree:           76844 kB
Buffers:           51772 kB
Cached:           350596 kB
SwapCached:            0 kB
Active:           769348 kB
Inactive:         199716 kB
Active(anon):     575056 kB
Inactive(anon):     4320 kB
Active(file):     194292 kB
Inactive(file):   195396 kB
Unevictable:        8304 kB
Mlocked:               0 kB
HighTotal:        802816 kB
HighFree:           1524 kB
LowTotal:         548148 kB
LowFree:           75320 kB
SwapTotal:             0 kB
SwapFree:              0 kB
Dirty:                36 kB
Writeback:             0 kB
AnonPages:        574908 kB
Mapped:           166708 kB
Shmem:              4376 kB
Slab:              37688 kB
SReclaimable:      13648 kB
SUnreclaim:        24040 kB
KernelStack:        9512 kB
PageTables:        20276 kB
NFS_Unstable:          0 kB
Bounce:                0 kB
WritebackTmp:          0 kB
CommitLimit:      675480 kB
Committed_AS:   46923164 kB
VmallocTotal:     253952 kB
VmallocUsed:       96224 kB
VmallocChunk:      47108 kB
Time pass: 280 sec

---2015-10-26 00:17:40
MemTotal:        1350964 kB
MemFree:           77872 kB
Buffers:           51772 kB
Cached:           350596 kB
SwapCached:            0 kB
Active:           769328 kB
Inactive:         199716 kB
Active(anon):     575036 kB
Inactive(anon):     4320 kB
Active(file):     194292 kB
Inactive(file):   195396 kB
Unevictable:        8304 kB
Mlocked:               0 kB
HighTotal:        802816 kB
HighFree:           1524 kB
LowTotal:         548148 kB
LowFree:           76348 kB
SwapTotal:             0 kB
SwapFree:              0 kB
Dirty:                28 kB
Writeback:             0 kB
AnonPages:        574888 kB
Mapped:           166560 kB
Shmem:              4376 kB
Slab:              37724 kB
SReclaimable:      13648 kB
SUnreclaim:        24076 kB
KernelStack:        9512 kB
PageTables:        20276 kB
NFS_Unstable:          0 kB
Bounce:                0 kB
WritebackTmp:          0 kB
CommitLimit:      675480 kB
Committed_AS:   46923076 kB
VmallocTotal:     253952 kB
VmallocUsed:       96224 kB
VmallocChunk:      47108 kB
Time pass: 284 sec

---2015-10-26 00:17:40
MemTotal:        1350964 kB
MemFree:           77112 kB
Buffers:           51780 kB
Cached:           350596 kB
SwapCached:            0 kB
Active:           769716 kB
Inactive:         199716 kB
Active(anon):     575416 kB
Inactive(anon):     4320 kB
Active(file):     194300 kB
Inactive(file):   195396 kB
Unevictable:        8304 kB
Mlocked:               0 kB
HighTotal:        802816 kB
HighFree:           1524 kB
LowTotal:         548148 kB
LowFree:           75588 kB
SwapTotal:             0 kB
SwapFree:              0 kB
Dirty:               184 kB
Writeback:             0 kB
AnonPages:        575480 kB
Mapped:           166708 kB
Shmem:              4376 kB
Slab:              37604 kB
SReclaimable:      13648 kB
SUnreclaim:        23956 kB
KernelStack:        9512 kB
PageTables:        20276 kB
NFS_Unstable:          0 kB
Bounce:                0 kB
WritebackTmp:          0 kB
CommitLimit:      675480 kB
Committed_AS:   46923332 kB
VmallocTotal:     253952 kB
VmallocUsed:       96224 kB
VmallocChunk:      47108 kB
Time pass: 287 sec

---2015-10-26 00:17:40
MemTotal:        1350964 kB
MemFree:           76812 kB
Buffers:           51784 kB
Cached:           350596 kB
SwapCached:            0 kB
Active:           769680 kB
Inactive:         199712 kB
Active(anon):     575376 kB
Inactive(anon):     4320 kB
Active(file):     194304 kB
Inactive(file):   195392 kB
Unevictable:        8304 kB
Mlocked:               0 kB
HighTotal:        802816 kB
HighFree:           1524 kB
LowTotal:         548148 kB
LowFree:           75288 kB
SwapTotal:             0 kB
SwapFree:              0 kB
Dirty:                40 kB
Writeback:             0 kB
AnonPages:        575372 kB
Mapped:           166708 kB
Shmem:              4376 kB
Slab:              37608 kB
SReclaimable:      13648 kB
SUnreclaim:        23960 kB
KernelStack:        9512 kB
PageTables:        20276 kB
NFS_Unstable:          0 kB
Bounce:                0 kB
WritebackTmp:          0 kB
CommitLimit:      675480 kB
Committed_AS:   46923248 kB
VmallocTotal:     253952 kB
VmallocUsed:       96224 kB
VmallocChunk:      47108 kB
Time pass: 291 sec

---2015-10-26 00:17:40
MemTotal:        1350964 kB
MemFree:           77164 kB
Buffers:           51784 kB
Cached:           350596 kB
SwapCached:            0 kB
Active:           769820 kB
Inactive:         199716 kB
Active(anon):     575516 kB
Inactive(anon):     4320 kB
Active(file):     194304 kB
Inactive(file):   195396 kB
Unevictable:        8304 kB
Mlocked:               0 kB
HighTotal:        802816 kB
HighFree:           1524 kB
LowTotal:         548148 kB
LowFree:           75640 kB
SwapTotal:             0 kB
SwapFree:              0 kB
Dirty:                40 kB
Writeback:             0 kB
AnonPages:        575320 kB
Mapped:           166708 kB
Shmem:              4376 kB
Slab:              37740 kB
SReclaimable:      13648 kB
SUnreclaim:        24092 kB
KernelStack:        9528 kB
PageTables:        20276 kB
NFS_Unstable:          0 kB
Bounce:                0 kB
WritebackTmp:          0 kB
CommitLimit:      675480 kB
Committed_AS:   46923344 kB
VmallocTotal:     253952 kB
VmallocUsed:       96224 kB
VmallocChunk:      47108 kB
Time pass: 294 sec

---2015-10-26 00:17:40
MemTotal:        1350964 kB
MemFree:           77112 kB
Buffers:           51792 kB
Cached:           350588 kB
SwapCached:            0 kB
Active:           769516 kB
Inactive:         199724 kB
Active(anon):     575216 kB
Inactive(anon):     4320 kB
Active(file):     194300 kB
Inactive(file):   195404 kB
Unevictable:        8304 kB
Mlocked:               0 kB
HighTotal:        802816 kB
HighFree:           1524 kB
LowTotal:         548148 kB
LowFree:           75588 kB
SwapTotal:             0 kB
SwapFree:              0 kB
Dirty:                44 kB
Writeback:             0 kB
AnonPages:        575476 kB
Mapped:           166708 kB
Shmem:              4376 kB
Slab:              37716 kB
SReclaimable:      13648 kB
SUnreclaim:        24068 kB
KernelStack:        9544 kB
PageTables:        20280 kB
NFS_Unstable:          0 kB
Bounce:                0 kB
WritebackTmp:          0 kB
CommitLimit:      675480 kB
Committed_AS:   46923352 kB
VmallocTotal:     253952 kB
VmallocUsed:       96224 kB
VmallocChunk:      47108 kB
Time pass: 298 sec

---2015-10-26 00:17:40
MemTotal:        1350964 kB
MemFree:           71940 kB
Buffers:           51888 kB
Cached:           350792 kB
SwapCached:            0 kB
Active:           775252 kB
Inactive:         199972 kB
Active(anon):     580904 kB
Inactive(anon):     4404 kB
Active(file):     194348 kB
Inactive(file):   195568 kB
Unevictable:        8304 kB
Mlocked:               0 kB
HighTotal:        802816 kB
HighFree:           1524 kB
LowTotal:         548148 kB
LowFree:           70416 kB
SwapTotal:             0 kB
SwapFree:              0 kB
Dirty:                32 kB
Writeback:             0 kB
AnonPages:        581040 kB
Mapped:           171268 kB
Shmem:              4460 kB
Slab:              37728 kB
SReclaimable:      13648 kB
SUnreclaim:        24080 kB
KernelStack:        9624 kB
PageTables:        20556 kB
NFS_Unstable:          0 kB
Bounce:                0 kB
WritebackTmp:          0 kB
CommitLimit:      675480 kB
Committed_AS:   47721516 kB
VmallocTotal:     253952 kB
VmallocUsed:       97244 kB
VmallocChunk:      34820 kB
Time pass: 301 sec

---2015-10-26 00:17:40
MemTotal:        1350964 kB
MemFree:           72160 kB
Buffers:           51900 kB
Cached:           350788 kB
SwapCached:            0 kB
Active:           773700 kB
Inactive:         199972 kB
Active(anon):     579352 kB
Inactive(anon):     4404 kB
Active(file):     194348 kB
Inactive(file):   195568 kB
Unevictable:        8304 kB
Mlocked:               0 kB
HighTotal:        802816 kB
HighFree:           2124 kB
LowTotal:         548148 kB
LowFree:           70036 kB
SwapTotal:             0 kB
SwapFree:              0 kB
Dirty:                60 kB
Writeback:             0 kB
AnonPages:        579204 kB
Mapped:           171268 kB
Shmem:              4460 kB
Slab:              37728 kB
SReclaimable:      13648 kB
SUnreclaim:        24080 kB
KernelStack:        9608 kB
PageTables:        20552 kB
NFS_Unstable:          0 kB
Bounce:                0 kB
WritebackTmp:          0 kB
CommitLimit:      675480 kB
Committed_AS:   47724484 kB
VmallocTotal:     253952 kB
VmallocUsed:       97244 kB
VmallocChunk:      34820 kB
Time pass: 305 sec

---2015-10-26 00:17:40
MemTotal:        1350964 kB
MemFree:           73436 kB
Buffers:           51904 kB
Cached:           350792 kB
SwapCached:            0 kB
Active:           772956 kB
Inactive:         199984 kB
Active(anon):     578604 kB
Inactive(anon):     4404 kB
Active(file):     194352 kB
Inactive(file):   195580 kB
Unevictable:        8304 kB
Mlocked:               0 kB
HighTotal:        802816 kB
HighFree:           1524 kB
LowTotal:         548148 kB
LowFree:           71912 kB
SwapTotal:             0 kB
SwapFree:              0 kB
Dirty:                96 kB
Writeback:             0 kB
AnonPages:        578652 kB
Mapped:           171268 kB
Shmem:              4460 kB
Slab:              37744 kB
SReclaimable:      13648 kB
SUnreclaim:        24096 kB
KernelStack:        9608 kB
PageTables:        20552 kB
NFS_Unstable:          0 kB
Bounce:                0 kB
WritebackTmp:          0 kB
CommitLimit:      675480 kB
Committed_AS:   47722212 kB
VmallocTotal:     253952 kB
VmallocUsed:       97244 kB
VmallocChunk:      34820 kB
Time pass: 309 sec

---2015-10-26 00:17:40
MemTotal:        1350964 kB
MemFree:           73484 kB
Buffers:           51920 kB
Cached:           350792 kB
SwapCached:            0 kB
Active:           774108 kB
Inactive:         200000 kB
Active(anon):     579756 kB
Inactive(anon):     4404 kB
Active(file):     194352 kB
Inactive(file):   195596 kB
Unevictable:        8304 kB
Mlocked:               0 kB
HighTotal:        802816 kB
HighFree:           1524 kB
LowTotal:         548148 kB
LowFree:           71960 kB
SwapTotal:             0 kB
SwapFree:              0 kB
Dirty:                 0 kB
Writeback:             0 kB
AnonPages:        579608 kB
Mapped:           171120 kB
Shmem:              4460 kB
Slab:              37752 kB
SReclaimable:      13648 kB
SUnreclaim:        24104 kB
KernelStack:        9608 kB
PageTables:        20556 kB
NFS_Unstable:          0 kB
Bounce:                0 kB
WritebackTmp:          0 kB
CommitLimit:      675480 kB
Committed_AS:   47723240 kB
VmallocTotal:     253952 kB
VmallocUsed:       97244 kB
VmallocChunk:      34820 kB
Time pass: 313 sec

---2015-10-26 00:17:40
MemTotal:        1350964 kB
MemFree:           73396 kB
Buffers:           51928 kB
Cached:           350792 kB
SwapCached:            0 kB
Active:           774200 kB
Inactive:         200000 kB
Active(anon):     579848 kB
Inactive(anon):     4404 kB
Active(file):     194352 kB
Inactive(file):   195596 kB
Unevictable:        8304 kB
Mlocked:               0 kB
HighTotal:        802816 kB
HighFree:           1524 kB
LowTotal:         548148 kB
LowFree:           71872 kB
SwapTotal:             0 kB
SwapFree:              0 kB
Dirty:                28 kB
Writeback:             0 kB
AnonPages:        579720 kB
Mapped:           171120 kB
Shmem:              4460 kB
Slab:              37744 kB
SReclaimable:      13648 kB
SUnreclaim:        24096 kB
KernelStack:        9608 kB
PageTables:        20552 kB
NFS_Unstable:          0 kB
Bounce:                0 kB
WritebackTmp:          0 kB
CommitLimit:      675480 kB
Committed_AS:   47723324 kB
VmallocTotal:     253952 kB
VmallocUsed:       97244 kB
VmallocChunk:      34820 kB
Time pass: 317 sec

---2015-10-26 00:17:40
MemTotal:        1350964 kB
MemFree:           72224 kB
Buffers:           51944 kB
Cached:           350792 kB
SwapCached:            0 kB
Active:           774548 kB
Inactive:         200024 kB
Active(anon):     580196 kB
Inactive(anon):     4404 kB
Active(file):     194352 kB
Inactive(file):   195620 kB
Unevictable:        8304 kB
Mlocked:               0 kB
HighTotal:        802816 kB
HighFree:           1524 kB
LowTotal:         548148 kB
LowFree:           70700 kB
SwapTotal:             0 kB
SwapFree:              0 kB
Dirty:                44 kB
Writeback:             0 kB
AnonPages:        579992 kB
Mapped:           171268 kB
Shmem:              4460 kB
Slab:              37796 kB
SReclaimable:      13648 kB
SUnreclaim:        24148 kB
KernelStack:        9608 kB
PageTables:        20556 kB
NFS_Unstable:          0 kB
Bounce:                0 kB
WritebackTmp:          0 kB
CommitLimit:      675480 kB
Committed_AS:   47723580 kB
VmallocTotal:     253952 kB
VmallocUsed:       97244 kB
VmallocChunk:      34820 kB
Time pass: 320 sec

---2015-10-26 00:17:40
MemTotal:        1350964 kB
MemFree:           72072 kB
Buffers:           51944 kB
Cached:           350792 kB
SwapCached:            0 kB
Active:           774624 kB
Inactive:         200024 kB
Active(anon):     580272 kB
Inactive(anon):     4404 kB
Active(file):     194352 kB
Inactive(file):   195620 kB
Unevictable:        8304 kB
Mlocked:               0 kB
HighTotal:        802816 kB
HighFree:           1524 kB
LowTotal:         548148 kB
LowFree:           70548 kB
SwapTotal:             0 kB
SwapFree:              0 kB
Dirty:                 0 kB
Writeback:             0 kB
AnonPages:        580120 kB
Mapped:           171120 kB
Shmem:              4460 kB
Slab:              37748 kB
SReclaimable:      13648 kB
SUnreclaim:        24100 kB
KernelStack:        9608 kB
PageTables:        20556 kB
NFS_Unstable:          0 kB
Bounce:                0 kB
WritebackTmp:          0 kB
CommitLimit:      675480 kB
Committed_AS:   47723620 kB
VmallocTotal:     253952 kB
VmallocUsed:       97244 kB
VmallocChunk:      34820 kB
Time pass: 323 sec

---2015-10-26 00:17:40
MemTotal:        1350964 kB
MemFree:           71988 kB
Buffers:           51956 kB
Cached:           350792 kB
SwapCached:            0 kB
Active:           774896 kB
Inactive:         200032 kB
Active(anon):     580540 kB
Inactive(anon):     4404 kB
Active(file):     194356 kB
Inactive(file):   195628 kB
Unevictable:        8304 kB
Mlocked:               0 kB
HighTotal:        802816 kB
HighFree:           1524 kB
LowTotal:         548148 kB
LowFree:           70464 kB
SwapTotal:             0 kB
SwapFree:              0 kB
Dirty:                36 kB
Writeback:             0 kB
AnonPages:        580260 kB
Mapped:           171268 kB
Shmem:              4460 kB
Slab:              37812 kB
SReclaimable:      13648 kB
SUnreclaim:        24164 kB
KernelStack:        9616 kB
PageTables:        20556 kB
NFS_Unstable:          0 kB
Bounce:                0 kB
WritebackTmp:          0 kB
CommitLimit:      675480 kB
Committed_AS:   47723632 kB
VmallocTotal:     253952 kB
VmallocUsed:       97244 kB
VmallocChunk:      34820 kB
Time pass: 327 sec

---2015-10-26 00:17:40
MemTotal:        1350964 kB
MemFree:           72392 kB
Buffers:           51964 kB
Cached:           350792 kB
SwapCached:            0 kB
Active:           775032 kB
Inactive:         200040 kB
Active(anon):     580668 kB
Inactive(anon):     4404 kB
Active(file):     194364 kB
Inactive(file):   195636 kB
Unevictable:        8304 kB
Mlocked:               0 kB
HighTotal:        802816 kB
HighFree:           1524 kB
LowTotal:         548148 kB
LowFree:           70868 kB
SwapTotal:             0 kB
SwapFree:              0 kB
Dirty:                36 kB
Writeback:             0 kB
AnonPages:        580664 kB
Mapped:           171268 kB
Shmem:              4460 kB
Slab:              37716 kB
SReclaimable:      13648 kB
