---2015-10-26 00:17:40
MemTotal:        1386500 kB
MemFree:          131292 kB
Buffers:           88632 kB
Cached:           367128 kB
SwapCached:        39632 kB
Active:           522696 kB
Inactive:         402940 kB
Active(anon):     245816 kB
Inactive(anon):   226880 kB
Active(file):     276880 kB
Inactive(file):   176060 kB
Unevictable:        2528 kB
Mlocked:               0 kB
HighTotal:        849920 kB
HighFree:          32080 kB
LowTotal:         536580 kB
LowFree:           99212 kB
SwapTotal:       1048572 kB
SwapFree:         869536 kB
Dirty:                 0 kB
Writeback:             0 kB
AnonPages:        465032 kB
Mapped:           155052 kB
Shmem:               292 kB
Slab:              56756 kB
SReclaimable:      17308 kB
SUnreclaim:        39448 kB
KernelStack:       11768 kB
PageTables:        21136 kB
NFS_Unstable:          0 kB
Bounce:                0 kB
WritebackTmp:          0 kB
CommitLimit:     1741820 kB
Committed_AS:   48756572 kB
VmallocTotal:     319488 kB
VmallocUsed:       16964 kB
VmallocChunk:     181260 kB
Time pass: 3 sec

---2015-10-26 00:17:40
MemTotal:        1386500 kB
MemFree:          131248 kB
Buffers:           88636 kB
Cached:           367128 kB
SwapCached:        39632 kB
Active:           522748 kB
Inactive:         402944 kB
Active(anon):     245868 kB
Inactive(anon):   226880 kB
Active(file):     276880 kB
Inactive(file):   176064 kB
Unevictable:        2528 kB
Mlocked:               0 kB
HighTotal:        849920 kB
HighFree:          32004 kB
LowTotal:         536580 kB
LowFree:           99244 kB
SwapTotal:       1048572 kB
SwapFree:         869536 kB
Dirty:                24 kB
Writeback:             0 kB
AnonPages:        465052 kB
Mapped:           155052 kB
Shmem:               292 kB
Slab:              56724 kB
SReclaimable:      17308 kB
SUnreclaim:        39416 kB
KernelStack:       11768 kB
PageTables:        21132 kB
NFS_Unstable:          0 kB
Bounce:                0 kB
WritebackTmp:          0 kB
CommitLimit:     1741820 kB
Committed_AS:   48756640 kB
VmallocTotal:     319488 kB
VmallocUsed:       16964 kB
VmallocChunk:     181260 kB
Time pass: 7 sec

---2015-10-26 00:17:40
MemTotal:        1386500 kB
MemFree:          131184 kB
Buffers:           88636 kB
Cached:           367128 kB
SwapCached:        39632 kB
Active:           522844 kB
Inactive:         402944 kB
Active(anon):     245964 kB
Inactive(anon):   226880 kB
Active(file):     276880 kB
Inactive(file):   176064 kB
Unevictable:        2528 kB
Mlocked:               0 kB
HighTotal:        849920 kB
HighFree:          32064 kB
LowTotal:         536580 kB
LowFree:           99120 kB
SwapTotal:       1048572 kB
SwapFree:         869536 kB
Dirty:                24 kB
Writeback:             0 kB
AnonPages:        465104 kB
Mapped:           155052 kB
Shmem:               292 kB
Slab:              56788 kB
SReclaimable:      17308 kB
SUnreclaim:        39480 kB
KernelStack:       11768 kB
PageTables:        21132 kB
NFS_Unstable:          0 kB
Bounce:                0 kB
WritebackTmp:          0 kB
CommitLimit:     1741820 kB
Committed_AS:   48756504 kB
VmallocTotal:     319488 kB
VmallocUsed:       16964 kB
VmallocChunk:     181260 kB
Time pass: 10 sec

---2015-10-26 00:17:40
MemTotal:        1386500 kB
MemFree:          131148 kB
Buffers:           88640 kB
Cached:           367128 kB
SwapCached:        39632 kB
Active:           522988 kB
Inactive:         402944 kB
Active(anon):     246108 kB
Inactive(anon):   226880 kB
Active(file):     276880 kB
Inactive(file):   176064 kB
Unevictable:        2528 kB
Mlocked:               0 kB
HighTotal:        849920 kB
HighFree:          31996 kB
LowTotal:         536580 kB
LowFree:           99152 kB
SwapTotal:       1048572 kB
SwapFree:         869536 kB
Dirty:                32 kB
Writeback:             0 kB
AnonPages:        465284 kB
Mapped:           155052 kB
Shmem:               292 kB
Slab:              56704 kB
SReclaimable:      17308 kB
SUnreclaim:        39396 kB
KernelStack:       11768 kB
PageTables:        21132 kB
NFS_Unstable:          0 kB
Bounce:                0 kB
WritebackTmp:          0 kB
CommitLimit:     1741820 kB
Committed_AS:   48756636 kB
VmallocTotal:     319488 kB
VmallocUsed:       16964 kB
VmallocChunk:     181260 kB
Time pass: 14 sec

---2015-10-26 00:17:40
MemTotal:        1386500 kB
MemFree:          130992 kB
Buffers:           88640 kB
Cached:           367128 kB
SwapCached:        39632 kB
Active:           522936 kB
Inactive:         402948 kB
Active(anon):     246056 kB
Inactive(anon):   226880 kB
Active(file):     276880 kB
Inactive(file):   176068 kB
Unevictable:        2528 kB
Mlocked:               0 kB
HighTotal:        849920 kB
HighFree:          31964 kB
LowTotal:         536580 kB
LowFree:           99028 kB
SwapTotal:       1048572 kB
SwapFree:         869536 kB
Dirty:                 0 kB
Writeback:             0 kB
AnonPages:        465168 kB
Mapped:           155052 kB
Shmem:               292 kB
Slab:              56704 kB
SReclaimable:      17308 kB
SUnreclaim:        39396 kB
KernelStack:       11768 kB
PageTables:        21132 kB
NFS_Unstable:          0 kB
Bounce:                0 kB
WritebackTmp:          0 kB
CommitLimit:     1741820 kB
Committed_AS:   48756568 kB
VmallocTotal:     319488 kB
VmallocUsed:       16964 kB
VmallocChunk:     181260 kB
Time pass: 18 sec

---2015-10-26 00:17:40
MemTotal:        1386500 kB
MemFree:          130560 kB
Buffers:           88640 kB
Cached:           367128 kB
SwapCached:        39632 kB
Active:           522964 kB
Inactive:         402948 kB
Active(anon):     246084 kB
Inactive(anon):   226880 kB
Active(file):     276880 kB
Inactive(file):   176068 kB
Unevictable:        2528 kB
Mlocked:               0 kB
HighTotal:        849920 kB
HighFree:          31656 kB
LowTotal:         536580 kB
LowFree:           98904 kB
SwapTotal:       1048572 kB
SwapFree:         869536 kB
Dirty:                 0 kB
Writeback:             0 kB
AnonPages:        465236 kB
Mapped:           155052 kB
Shmem:               292 kB
Slab:              56712 kB
SReclaimable:      17308 kB
SUnreclaim:        39404 kB
KernelStack:       11768 kB
PageTables:        21132 kB
NFS_Unstable:          0 kB
Bounce:                0 kB
WritebackTmp:          0 kB
CommitLimit:     1741820 kB
Committed_AS:   48756572 kB
VmallocTotal:     319488 kB
VmallocUsed:       16964 kB
VmallocChunk:     181260 kB
Time pass: 21 sec

---2015-10-26 00:17:40
MemTotal:        1386500 kB
MemFree:          130556 kB
Buffers:           88640 kB
Cached:           367128 kB
SwapCached:        39632 kB
Active:           522972 kB
Inactive:         402948 kB
Active(anon):     246092 kB
Inactive(anon):   226880 kB
Active(file):     276880 kB
Inactive(file):   176068 kB
Unevictable:        2528 kB
Mlocked:               0 kB
HighTotal:        849920 kB
HighFree:          31776 kB
LowTotal:         536580 kB
LowFree:           98780 kB
SwapTotal:       1048572 kB
SwapFree:         869536 kB
Dirty:                 0 kB
Writeback:             0 kB
AnonPages:        465252 kB
Mapped:           155052 kB
Shmem:               292 kB
Slab:              56708 kB
SReclaimable:      17308 kB
SUnreclaim:        39400 kB
KernelStack:       11768 kB
PageTables:        21132 kB
NFS_Unstable:          0 kB
Bounce:                0 kB
WritebackTmp:          0 kB
CommitLimit:     1741820 kB
Committed_AS:   48756640 kB
VmallocTotal:     319488 kB
VmallocUsed:       16964 kB
VmallocChunk:     181260 kB
Time pass: 25 sec

---2015-10-26 00:17:40
MemTotal:        1386500 kB
MemFree:          130292 kB
Buffers:           88640 kB
Cached:           367128 kB
SwapCached:        39632 kB
Active:           523004 kB
Inactive:         402948 kB
Active(anon):     246124 kB
Inactive(anon):   226880 kB
Active(file):     276880 kB
Inactive(file):   176068 kB
Unevictable:        2528 kB
Mlocked:               0 kB
HighTotal:        849920 kB
HighFree:          31700 kB
LowTotal:         536580 kB
LowFree:           98592 kB
SwapTotal:       1048572 kB
SwapFree:         869536 kB
Dirty:                 0 kB
Writeback:             0 kB
AnonPages:        465284 kB
Mapped:           155052 kB
Shmem:               292 kB
Slab:              56776 kB
SReclaimable:      17308 kB
SUnreclaim:        39468 kB
KernelStack:       11768 kB
PageTables:        21132 kB
NFS_Unstable:          0 kB
Bounce:                0 kB
WritebackTmp:          0 kB
CommitLimit:     1741820 kB
Committed_AS:   48756640 kB
VmallocTotal:     319488 kB
VmallocUsed:       16964 kB
VmallocChunk:     181260 kB
Time pass: 28 sec

---2015-10-26 00:17:40
MemTotal:        1386500 kB
MemFree:          130068 kB
Buffers:           88640 kB
Cached:           367128 kB
SwapCached:        39632 kB
Active:           523072 kB
Inactive:         402948 kB
Active(anon):     246192 kB
Inactive(anon):   226880 kB
Active(file):     276880 kB
Inactive(file):   176068 kB
Unevictable:        2528 kB
Mlocked:               0 kB
HighTotal:        849920 kB
HighFree:          31600 kB
LowTotal:         536580 kB
LowFree:           98468 kB
SwapTotal:       1048572 kB
SwapFree:         869536 kB
Dirty:                 0 kB
Writeback:             0 kB
AnonPages:        465340 kB
Mapped:           155052 kB
Shmem:               292 kB
Slab:              56772 kB
SReclaimable:      17308 kB
SUnreclaim:        39464 kB
KernelStack:       11768 kB
PageTables:        21136 kB
NFS_Unstable:          0 kB
Bounce:                0 kB
WritebackTmp:          0 kB
CommitLimit:     1741820 kB
Committed_AS:   48756640 kB
VmallocTotal:     319488 kB
VmallocUsed:       16964 kB
VmallocChunk:     181260 kB
Time pass: 32 sec

---2015-10-26 00:17:40
MemTotal:        1386500 kB
MemFree:          129896 kB
Buffers:           88640 kB
Cached:           367128 kB
SwapCached:        39632 kB
Active:           523224 kB
Inactive:         402948 kB
Active(anon):     246344 kB
Inactive(anon):   226880 kB
Active(file):     276880 kB
Inactive(file):   176068 kB
Unevictable:        2528 kB
Mlocked:               0 kB
HighTotal:        849920 kB
HighFree:          31428 kB
LowTotal:         536580 kB
LowFree:           98468 kB
SwapTotal:       1048572 kB
SwapFree:         869536 kB
Dirty:                 0 kB
Writeback:             0 kB
AnonPages:        465528 kB
Mapped:           155052 kB
Shmem:               292 kB
Slab:              56796 kB
SReclaimable:      17308 kB
SUnreclaim:        39488 kB
KernelStack:       11768 kB
PageTables:        21132 kB
NFS_Unstable:          0 kB
Bounce:                0 kB
WritebackTmp:          0 kB
CommitLimit:     1741820 kB
Committed_AS:   48756640 kB
VmallocTotal:     319488 kB
VmallocUsed:       16964 kB
VmallocChunk:     181260 kB
Time pass: 36 sec

---2015-10-26 00:17:40
MemTotal:        1386500 kB
MemFree:          129824 kB
Buffers:           88640 kB
Cached:           367128 kB
SwapCached:        39632 kB
Active:           523140 kB
Inactive:         402948 kB
Active(anon):     246260 kB
Inactive(anon):   226880 kB
Active(file):     276880 kB
Inactive(file):   176068 kB
Unevictable:        2528 kB
Mlocked:               0 kB
HighTotal:        849920 kB
HighFree:          31480 kB
LowTotal:         536580 kB
LowFree:           98344 kB
SwapTotal:       1048572 kB
SwapFree:         869536 kB
Dirty:                 0 kB
Writeback:             0 kB
AnonPages:        465444 kB
Mapped:           155052 kB
Shmem:               292 kB
Slab:              56776 kB
SReclaimable:      17308 kB
SUnreclaim:        39468 kB
KernelStack:       11768 kB
PageTables:        21132 kB
NFS_Unstable:          0 kB
Bounce:                0 kB
WritebackTmp:          0 kB
CommitLimit:     1741820 kB
Committed_AS:   48756636 kB
VmallocTotal:     319488 kB
VmallocUsed:       16964 kB
VmallocChunk:     181260 kB
Time pass: 39 sec

---2015-10-26 00:17:40
MemTotal:        1386500 kB
MemFree:          129472 kB
Buffers:           88640 kB
Cached:           367128 kB
SwapCached:        39632 kB
Active:           523236 kB
Inactive:         402948 kB
Active(anon):     246356 kB
Inactive(anon):   226880 kB
Active(file):     276880 kB
Inactive(file):   176068 kB
Unevictable:        2528 kB
Mlocked:               0 kB
HighTotal:        849920 kB
HighFree:          31252 kB
LowTotal:         536580 kB
LowFree:           98220 kB
SwapTotal:       1048572 kB
SwapFree:         869536 kB
Dirty:                 0 kB
Writeback:             0 kB
AnonPages:        465484 kB
Mapped:           155052 kB
Shmem:               292 kB
Slab:              56772 kB
SReclaimable:      17308 kB
SUnreclaim:        39464 kB
KernelStack:       11768 kB
PageTables:        21132 kB
NFS_Unstable:          0 kB
Bounce:                0 kB
WritebackTmp:          0 kB
CommitLimit:     1741820 kB
Committed_AS:   48756564 kB
VmallocTotal:     319488 kB
VmallocUsed:       16964 kB
VmallocChunk:     181260 kB
Time pass: 43 sec

---2015-10-26 00:17:40
MemTotal:        1386500 kB
MemFree:          129816 kB
Buffers:           88640 kB
Cached:           367128 kB
SwapCached:        39632 kB
Active:           523408 kB
Inactive:         402948 kB
Active(anon):     246528 kB
Inactive(anon):   226880 kB
Active(file):     276880 kB
Inactive(file):   176068 kB
Unevictable:        2528 kB
Mlocked:               0 kB
HighTotal:        849920 kB
HighFree:          31472 kB
LowTotal:         536580 kB
LowFree:           98344 kB
SwapTotal:       1048572 kB
SwapFree:         869536 kB
Dirty:                 0 kB
Writeback:             0 kB
AnonPages:        465604 kB
Mapped:           155056 kB
Shmem:               292 kB
Slab:              56792 kB
SReclaimable:      17308 kB
SUnreclaim:        39484 kB
KernelStack:       11768 kB
PageTables:        21132 kB
NFS_Unstable:          0 kB
Bounce:                0 kB
WritebackTmp:          0 kB
CommitLimit:     1741820 kB
Committed_AS:   48756640 kB
VmallocTotal:     319488 kB
VmallocUsed:       16964 kB
VmallocChunk:     181260 kB
Time pass: 47 sec

---2015-10-26 00:17:40
MemTotal:        1386500 kB
MemFree:          129832 kB
Buffers:           88640 kB
Cached:           367128 kB
SwapCached:        39632 kB
Active:           523380 kB
Inactive:         402948 kB
Active(anon):     246500 kB
Inactive(anon):   226880 kB
Active(file):     276880 kB
Inactive(file):   176068 kB
Unevictable:        2528 kB
Mlocked:               0 kB
HighTotal:        849920 kB
HighFree:          31488 kB
LowTotal:         536580 kB
LowFree:           98344 kB
SwapTotal:       1048572 kB
SwapFree:         869536 kB
Dirty:                 0 kB
Writeback:             0 kB
AnonPages:        465692 kB
Mapped:           155052 kB
Shmem:               292 kB
Slab:              56772 kB
SReclaimable:      17308 kB
SUnreclaim:        39464 kB
KernelStack:       11768 kB
PageTables:        21136 kB
NFS_Unstable:          0 kB
Bounce:                0 kB
WritebackTmp:          0 kB
CommitLimit:     1741820 kB
Committed_AS:   48756572 kB
VmallocTotal:     319488 kB
VmallocUsed:       16964 kB
VmallocChunk:     181260 kB
Time pass: 50 sec

---2015-10-26 00:17:40
MemTotal:        1386500 kB
MemFree:          129852 kB
Buffers:           88640 kB
Cached:           367128 kB
SwapCached:        39632 kB
Active:           522764 kB
Inactive:         402948 kB
Active(anon):     245884 kB
Inactive(anon):   226880 kB
Active(file):     276880 kB
Inactive(file):   176068 kB
Unevictable:        2528 kB
Mlocked:               0 kB
HighTotal:        849920 kB
HighFree:          31444 kB
LowTotal:         536580 kB
LowFree:           98408 kB
SwapTotal:       1048572 kB
SwapFree:         869536 kB
Dirty:                 0 kB
Writeback:             0 kB
AnonPages:        465000 kB
Mapped:           155052 kB
Shmem:               292 kB
Slab:              56700 kB
SReclaimable:      17308 kB
SUnreclaim:        39392 kB
KernelStack:       11768 kB
PageTables:        21132 kB
NFS_Unstable:          0 kB
Bounce:                0 kB
WritebackTmp:          0 kB
CommitLimit:     1741820 kB
Committed_AS:   48756580 kB
VmallocTotal:     319488 kB
VmallocUsed:       16964 kB
VmallocChunk:     181260 kB
Time pass: 54 sec

---2015-10-26 00:17:40
MemTotal:        1386500 kB
MemFree:          129976 kB
Buffers:           88640 kB
Cached:           367128 kB
SwapCached:        39632 kB
Active:           522800 kB
Inactive:         402948 kB
Active(anon):     245920 kB
Inactive(anon):   226880 kB
Active(file):     276880 kB
Inactive(file):   176068 kB
Unevictable:        2528 kB
Mlocked:               0 kB
HighTotal:        849920 kB
HighFree:          31692 kB
LowTotal:         536580 kB
LowFree:           98284 kB
SwapTotal:       1048572 kB
SwapFree:         869536 kB
Dirty:                 0 kB
Writeback:             0 kB
AnonPages:        465048 kB
Mapped:           155052 kB
Shmem:               292 kB
Slab:              56700 kB
SReclaimable:      17308 kB
SUnreclaim:        39392 kB
KernelStack:       11768 kB
PageTables:        21132 kB
NFS_Unstable:          0 kB
Bounce:                0 kB
WritebackTmp:          0 kB
CommitLimit:     1741820 kB
Committed_AS:   48756576 kB
VmallocTotal:     319488 kB
VmallocUsed:       16964 kB
VmallocChunk:     181260 kB
Time pass: 58 sec

---2015-10-26 00:17:40
MemTotal:        1386500 kB
MemFree:          129988 kB
Buffers:           88640 kB
Cached:           367128 kB
SwapCached:        39632 kB
Active:           522852 kB
Inactive:         402948 kB
Active(anon):     245972 kB
Inactive(anon):   226880 kB
Active(file):     276880 kB
Inactive(file):   176068 kB
Unevictable:        2528 kB
Mlocked:               0 kB
HighTotal:        849920 kB
HighFree:          31704 kB
LowTotal:         536580 kB
LowFree:           98284 kB
SwapTotal:       1048572 kB
SwapFree:         869536 kB
Dirty:                 0 kB
Writeback:             0 kB
AnonPages:        465112 kB
Mapped:           155052 kB
Shmem:               292 kB
Slab:              56704 kB
SReclaimable:      17308 kB
SUnreclaim:        39396 kB
KernelStack:       11768 kB
PageTables:        21132 kB
NFS_Unstable:          0 kB
Bounce:                0 kB
WritebackTmp:          0 kB
CommitLimit:     1741820 kB
Committed_AS:   48756568 kB
VmallocTotal:     319488 kB
VmallocUsed:       16964 kB
VmallocChunk:     181260 kB
Time pass: 61 sec

---2015-10-26 00:17:40
MemTotal:        1386500 kB
MemFree:          130264 kB
Buffers:           88640 kB
Cached:           367128 kB
SwapCached:        39632 kB
Active:           522896 kB
Inactive:         402948 kB
Active(anon):     246016 kB
Inactive(anon):   226880 kB
Active(file):     276880 kB
Inactive(file):   176068 kB
Unevictable:        2528 kB
Mlocked:               0 kB
HighTotal:        849920 kB
HighFree:          31972 kB
LowTotal:         536580 kB
LowFree:           98292 kB
SwapTotal:       1048572 kB
SwapFree:         869536 kB
Dirty:                 0 kB
Writeback:             0 kB
AnonPages:        465156 kB
Mapped:           155052 kB
Shmem:               292 kB
Slab:              56700 kB
SReclaimable:      17308 kB
SUnreclaim:        39392 kB
KernelStack:       11760 kB
PageTables:        21132 kB
NFS_Unstable:          0 kB
Bounce:                0 kB
WritebackTmp:          0 kB
CommitLimit:     1741820 kB
Committed_AS:   48756508 kB
VmallocTotal:     319488 kB
VmallocUsed:       16964 kB
VmallocChunk:     181260 kB
Time pass: 65 sec

---2015-10-26 00:17:40
MemTotal:        1386500 kB
MemFree:          130048 kB
Buffers:           88640 kB
Cached:           367128 kB
SwapCached:        39632 kB
Active:           522924 kB
Inactive:         402948 kB
Active(anon):     246044 kB
Inactive(anon):   226880 kB
Active(file):     276880 kB
Inactive(file):   176068 kB
Unevictable:        2528 kB
Mlocked:               0 kB
HighTotal:        849920 kB
HighFree:          31756 kB
LowTotal:         536580 kB
LowFree:           98292 kB
SwapTotal:       1048572 kB
SwapFree:         869536 kB
Dirty:                 0 kB
Writeback:             0 kB
AnonPages:        465208 kB
Mapped:           155052 kB
Shmem:               292 kB
Slab:              56700 kB
SReclaimable:      17308 kB
SUnreclaim:        39392 kB
KernelStack:       11760 kB
PageTables:        21132 kB
NFS_Unstable:          0 kB
Bounce:                0 kB
WritebackTmp:          0 kB
CommitLimit:     1741820 kB
Committed_AS:   48756576 kB
VmallocTotal:     319488 kB
VmallocUsed:       16964 kB
VmallocChunk:     181260 kB
Time pass: 68 sec

---2015-10-26 00:17:40
MemTotal:        1386500 kB
MemFree:          129736 kB
Buffers:           88640 kB
Cached:           367128 kB
SwapCached:        39632 kB
Active:           523004 kB
Inactive:         402948 kB
Active(anon):     246124 kB
Inactive(anon):   226880 kB
Active(file):     276880 kB
Inactive(file):   176068 kB
Unevictable:        2528 kB
Mlocked:               0 kB
HighTotal:        849920 kB
HighFree:          31568 kB
LowTotal:         536580 kB
LowFree:           98168 kB
SwapTotal:       1048572 kB
SwapFree:         869536 kB
Dirty:                 0 kB
Writeback:             0 kB
AnonPages:        465272 kB
Mapped:           155052 kB
Shmem:               292 kB
Slab:              56696 kB
SReclaimable:      17308 kB
SUnreclaim:        39388 kB
KernelStack:       11760 kB
PageTables:        21132 kB
NFS_Unstable:          0 kB
Bounce:                0 kB
WritebackTmp:          0 kB
CommitLimit:     1741820 kB
Committed_AS:   48756572 kB
VmallocTotal:     319488 kB
VmallocUsed:       16964 kB
VmallocChunk:     181260 kB
Time pass: 72 sec

---2015-10-26 00:17:40
MemTotal:        1386500 kB
MemFree:          129668 kB
Buffers:           88640 kB
Cached:           367128 kB
SwapCached:        39632 kB
Active:           523036 kB
Inactive:         402948 kB
Active(anon):     246156 kB
Inactive(anon):   226880 kB
Active(file):     276880 kB
Inactive(file):   176068 kB
Unevictable:        2528 kB
Mlocked:               0 kB
HighTotal:        849920 kB
HighFree:          31596 kB
LowTotal:         536580 kB
LowFree:           98072 kB
SwapTotal:       1048572 kB
SwapFree:         869536 kB
Dirty:                 0 kB
Writeback:             0 kB
AnonPages:        465316 kB
Mapped:           155052 kB
Shmem:               292 kB
Slab:              56904 kB
SReclaimable:      17308 kB
SUnreclaim:        39596 kB
KernelStack:       11760 kB
PageTables:        21132 kB
NFS_Unstable:          0 kB
Bounce:                0 kB
WritebackTmp:          0 kB
CommitLimit:     1741820 kB
Committed_AS:   48756584 kB
VmallocTotal:     319488 kB
VmallocUsed:       16964 kB
VmallocChunk:     181260 kB
Time pass: 76 sec

---2015-10-26 00:17:40
MemTotal:        1386500 kB
MemFree:          129856 kB
Buffers:           88640 kB
Cached:           367128 kB
SwapCached:        39632 kB
Active:           523148 kB
Inactive:         402948 kB
Active(anon):     246268 kB
Inactive(anon):   226880 kB
Active(file):     276880 kB
Inactive(file):   176068 kB
Unevictable:        2528 kB
Mlocked:               0 kB
HighTotal:        849920 kB
HighFree:          31752 kB
LowTotal:         536580 kB
LowFree:           98104 kB
SwapTotal:       1048572 kB
SwapFree:         869536 kB
Dirty:                 0 kB
Writeback:             0 kB
AnonPages:        465380 kB
Mapped:           155052 kB
Shmem:               292 kB
Slab:              56788 kB
SReclaimable:      17308 kB
SUnreclaim:        39480 kB
KernelStack:       11760 kB
PageTables:        21132 kB
NFS_Unstable:          0 kB
Bounce:                0 kB
WritebackTmp:          0 kB
CommitLimit:     1741820 kB
Committed_AS:   48756576 kB
VmallocTotal:     319488 kB
VmallocUsed:       16964 kB
VmallocChunk:     181260 kB
Time pass: 79 sec

---2015-10-26 00:17:40
MemTotal:        1386500 kB
MemFree:          129440 kB
Buffers:           88640 kB
Cached:           367128 kB
SwapCached:        39632 kB
Active:           523192 kB
Inactive:         402948 kB
Active(anon):     246312 kB
Inactive(anon):   226880 kB
Active(file):     276880 kB
Inactive(file):   176068 kB
Unevictable:        2528 kB
Mlocked:               0 kB
HighTotal:        849920 kB
HighFree:          31304 kB
LowTotal:         536580 kB
LowFree:           98136 kB
SwapTotal:       1048572 kB
SwapFree:         869536 kB
Dirty:                 0 kB
Writeback:             0 kB
AnonPages:        465424 kB
Mapped:           155052 kB
Shmem:               292 kB
Slab:              56768 kB
SReclaimable:      17308 kB
SUnreclaim:        39460 kB
KernelStack:       11760 kB
PageTables:        21132 kB
NFS_Unstable:          0 kB
Bounce:                0 kB
WritebackTmp:          0 kB
CommitLimit:     1741820 kB
Committed_AS:   48756508 kB
VmallocTotal:     319488 kB
VmallocUsed:       16964 kB
VmallocChunk:     181260 kB
Time pass: 83 sec

---2015-10-26 00:17:40
MemTotal:        1386500 kB
MemFree:          130188 kB
Buffers:           88640 kB
Cached:           367128 kB
SwapCached:        39632 kB
Active:           523256 kB
Inactive:         402948 kB
Active(anon):     246376 kB
Inactive(anon):   226880 kB
Active(file):     276880 kB
Inactive(file):   176068 kB
Unevictable:        2528 kB
Mlocked:               0 kB
HighTotal:        849920 kB
HighFree:          31920 kB
LowTotal:         536580 kB
LowFree:           98268 kB
SwapTotal:       1048572 kB
SwapFree:         869536 kB
Dirty:                 0 kB
Writeback:             0 kB
AnonPages:        465484 kB
Mapped:           155052 kB
Shmem:               292 kB
Slab:              56736 kB
SReclaimable:      17308 kB
SUnreclaim:        39428 kB
KernelStack:       11760 kB
PageTables:        21132 kB
NFS_Unstable:          0 kB
Bounce:                0 kB
WritebackTmp:          0 kB
CommitLimit:     1741820 kB
Committed_AS:   48756508 kB
VmallocTotal:     319488 kB
VmallocUsed:       16964 kB
VmallocChunk:     181260 kB
Time pass: 87 sec

---2015-10-26 00:17:40
MemTotal:        1386500 kB
MemFree:          100212 kB
Buffers:           88648 kB
Cached:           367264 kB
SwapCached:        39632 kB
Active:           543732 kB
Inactive:         403088 kB
Active(anon):     266844 kB
Inactive(anon):   227016 kB
Active(file):     276888 kB
Inactive(file):   176072 kB
Unevictable:        2528 kB
Mlocked:               0 kB
HighTotal:        849920 kB
HighFree:           8764 kB
LowTotal:         536580 kB
LowFree:           91448 kB
SwapTotal:       1048572 kB
SwapFree:         869540 kB
Dirty:               784 kB
Writeback:             0 kB
AnonPages:        486156 kB
Mapped:           176560 kB
Shmem:               424 kB
Slab:              56672 kB
SReclaimable:      17308 kB
SUnreclaim:        39364 kB
KernelStack:       12152 kB
PageTables:        21684 kB
NFS_Unstable:          0 kB
Bounce:                0 kB
WritebackTmp:          0 kB
CommitLimit:     1741820 kB
Committed_AS:   49621240 kB
VmallocTotal:     319488 kB
VmallocUsed:       18164 kB
VmallocChunk:     173068 kB
Time pass: 92 sec

---2015-10-26 00:17:40
MemTotal:        1386500 kB
MemFree:           83100 kB
Buffers:           88656 kB
Cached:           366908 kB
SwapCached:        39632 kB
Active:           552272 kB
Inactive:         402784 kB
Active(anon):     275432 kB
Inactive(anon):   227016 kB
Active(file):     276840 kB
Inactive(file):   175768 kB
Unevictable:        2528 kB
Mlocked:               0 kB
HighTotal:        849920 kB
HighFree:           8696 kB
LowTotal:         536580 kB
LowFree:           74404 kB
SwapTotal:       1048572 kB
SwapFree:         869540 kB
Dirty:               496 kB
Writeback:             0 kB
AnonPages:        494940 kB
Mapped:           182992 kB
Shmem:               424 kB
Slab:              56644 kB
SReclaimable:      17308 kB
SUnreclaim:        39336 kB
KernelStack:       12264 kB
PageTables:        21800 kB
NFS_Unstable:          0 kB
Bounce:                0 kB
WritebackTmp:          0 kB
CommitLimit:     1741820 kB
Committed_AS:   49627600 kB
VmallocTotal:     319488 kB
VmallocUsed:       18184 kB
VmallocChunk:     173068 kB
Time pass: 95 sec

---2015-10-26 00:17:40
MemTotal:        1386500 kB
MemFree:           55028 kB
Buffers:           88664 kB
Cached:           367020 kB
SwapCached:        39632 kB
Active:           556472 kB
Inactive:         402884 kB
Active(anon):     279608 kB
Inactive(anon):   227016 kB
Active(file):     276864 kB
Inactive(file):   175868 kB
Unevictable:        2528 kB
Mlocked:               0 kB
HighTotal:        849920 kB
HighFree:           8784 kB
LowTotal:         536580 kB
LowFree:           46244 kB
SwapTotal:       1048572 kB
SwapFree:         869540 kB
Dirty:              2236 kB
Writeback:             0 kB
AnonPages:        499016 kB
Mapped:           187136 kB
Shmem:               424 kB
Slab:              56592 kB
SReclaimable:      17324 kB
SUnreclaim:        39268 kB
KernelStack:       12248 kB
PageTables:        21844 kB
NFS_Unstable:          0 kB
Bounce:                0 kB
WritebackTmp:          0 kB
CommitLimit:     1741820 kB
Committed_AS:   49632288 kB
VmallocTotal:     319488 kB
VmallocUsed:       18228 kB
VmallocChunk:     173068 kB
Time pass: 99 sec

---2015-10-26 00:17:40
MemTotal:        1386500 kB
MemFree:           49008 kB
Buffers:           88664 kB
Cached:           367028 kB
SwapCached:        39632 kB
Active:           556988 kB
Inactive:         402892 kB
Active(anon):     280124 kB
Inactive(anon):   227016 kB
Active(file):     276864 kB
Inactive(file):   175876 kB
Unevictable:        2528 kB
Mlocked:               0 kB
HighTotal:        849920 kB
HighFree:           8784 kB
LowTotal:         536580 kB
LowFree:           40224 kB
SwapTotal:       1048572 kB
SwapFree:         869540 kB
Dirty:              2804 kB
Writeback:             0 kB
AnonPages:        499344 kB
Mapped:           187992 kB
Shmem:               424 kB
Slab:              56588 kB
SReclaimable:      17324 kB
SUnreclaim:        39264 kB
KernelStack:       12264 kB
PageTables:        21872 kB
NFS_Unstable:          0 kB
Bounce:                0 kB
WritebackTmp:          0 kB
CommitLimit:     1741820 kB
Committed_AS:   49632512 kB
VmallocTotal:     319488 kB
VmallocUsed:       18240 kB
VmallocChunk:     173068 kB
Time pass: 103 sec

---2015-10-26 00:17:40
MemTotal:        1386500 kB
MemFree:           48760 kB
Buffers:           88672 kB
Cached:           367028 kB
SwapCached:        39632 kB
Active:           556960 kB
Inactive:         402892 kB
Active(anon):     280096 kB
Inactive(anon):   227016 kB
Active(file):     276864 kB
Inactive(file):   175876 kB
Unevictable:        2528 kB
Mlocked:               0 kB
HighTotal:        849920 kB
HighFree:           8784 kB
LowTotal:         536580 kB
LowFree:           39976 kB
SwapTotal:       1048572 kB
SwapFree:         869540 kB
Dirty:                92 kB
Writeback:             0 kB
AnonPages:        499328 kB
Mapped:           187992 kB
Shmem:               424 kB
Slab:              56604 kB
SReclaimable:      17344 kB
SUnreclaim:        39260 kB
KernelStack:       12264 kB
PageTables:        21872 kB
NFS_Unstable:          0 kB
Bounce:                0 kB
WritebackTmp:          0 kB
CommitLimit:     1741820 kB
Committed_AS:   49632392 kB
VmallocTotal:     319488 kB
VmallocUsed:       18240 kB
VmallocChunk:     173068 kB
Time pass: 106 sec

---2015-10-26 00:17:40
MemTotal:        1386500 kB
MemFree:           45388 kB
Buffers:           88672 kB
Cached:           367028 kB
SwapCached:        39632 kB
Active:           557740 kB
Inactive:         402900 kB
Active(anon):     280876 kB
Inactive(anon):   227016 kB
Active(file):     276864 kB
Inactive(file):   175884 kB
Unevictable:        2528 kB
Mlocked:               0 kB
HighTotal:        849920 kB
HighFree:           8784 kB
LowTotal:         536580 kB
LowFree:           36604 kB
SwapTotal:       1048572 kB
SwapFree:         869540 kB
Dirty:                92 kB
Writeback:             0 kB
AnonPages:        500276 kB
Mapped:           188436 kB
Shmem:               424 kB
Slab:              56724 kB
SReclaimable:      17344 kB
SUnreclaim:        39380 kB
KernelStack:       12264 kB
PageTables:        21872 kB
NFS_Unstable:          0 kB
Bounce:                0 kB
WritebackTmp:          0 kB
CommitLimit:     1741820 kB
Committed_AS:   49632704 kB
VmallocTotal:     319488 kB
VmallocUsed:       18240 kB
VmallocChunk:     173068 kB
Time pass: 110 sec

---2015-10-26 00:17:40
MemTotal:        1386500 kB
MemFree:           58764 kB
Buffers:           87980 kB
Cached:           365096 kB
SwapCached:        39632 kB
Active:           537392 kB
Inactive:         421932 kB
Active(anon):     265536 kB
Inactive(anon):   243704 kB
Active(file):     271856 kB
Inactive(file):   178228 kB
Unevictable:        2528 kB
Mlocked:               0 kB
HighTotal:        849920 kB
HighFree:           9104 kB
LowTotal:         536580 kB
LowFree:           49660 kB
SwapTotal:       1048572 kB
SwapFree:         869528 kB
Dirty:               448 kB
Writeback:             0 kB
AnonPages:        501444 kB
Mapped:           189636 kB
Shmem:               424 kB
Slab:              57076 kB
SReclaimable:      17344 kB
SUnreclaim:        39732 kB
KernelStack:       12264 kB
PageTables:        21892 kB
NFS_Unstable:          0 kB
Bounce:                0 kB
WritebackTmp:          0 kB
CommitLimit:     1741820 kB
Committed_AS:   49634060 kB
VmallocTotal:     319488 kB
VmallocUsed:       18240 kB
VmallocChunk:     173068 kB
Time pass: 114 sec

---2015-10-26 00:17:40
MemTotal:        1386500 kB
MemFree:           58932 kB
Buffers:           87984 kB
Cached:           365096 kB
SwapCached:        39632 kB
Active:           537300 kB
Inactive:         421944 kB
Active(anon):     265444 kB
Inactive(anon):   243676 kB
Active(file):     271856 kB
Inactive(file):   178268 kB
Unevictable:        2528 kB
Mlocked:               0 kB
HighTotal:        849920 kB
HighFree:           9108 kB
LowTotal:         536580 kB
LowFree:           49824 kB
SwapTotal:       1048572 kB
SwapFree:         869528 kB
Dirty:                72 kB
Writeback:             0 kB
AnonPages:        501388 kB
Mapped:           189636 kB
Shmem:               424 kB
Slab:              57056 kB
SReclaimable:      17344 kB
SUnreclaim:        39712 kB
KernelStack:       12264 kB
PageTables:        21892 kB
NFS_Unstable:          0 kB
Bounce:                0 kB
WritebackTmp:          0 kB
CommitLimit:     1741820 kB
Committed_AS:   49634060 kB
VmallocTotal:     319488 kB
VmallocUsed:       18240 kB
VmallocChunk:     173068 kB
Time pass: 117 sec

---2015-10-26 00:17:40
MemTotal:        1386500 kB
MemFree:           57660 kB
Buffers:           87984 kB
Cached:           365100 kB
SwapCached:        39632 kB
Active:           540000 kB
Inactive:         421944 kB
Active(anon):     268140 kB
Inactive(anon):   243676 kB
Active(file):     271860 kB
Inactive(file):   178268 kB
Unevictable:        2528 kB
Mlocked:               0 kB
HighTotal:        849920 kB
HighFree:           8736 kB
LowTotal:         536580 kB
LowFree:           48924 kB
SwapTotal:       1048572 kB
SwapFree:         869528 kB
Dirty:               376 kB
Writeback:             0 kB
AnonPages:        504224 kB
Mapped:           189652 kB
Shmem:               424 kB
Slab:              57056 kB
SReclaimable:      17344 kB
SUnreclaim:        39712 kB
KernelStack:       12272 kB
PageTables:        21892 kB
NFS_Unstable:          0 kB
Bounce:                0 kB
WritebackTmp:          0 kB
CommitLimit:     1741820 kB
Committed_AS:   49637040 kB
VmallocTotal:     319488 kB
VmallocUsed:       18240 kB
VmallocChunk:     173068 kB
Time pass: 121 sec

---2015-10-26 00:17:40
MemTotal:        1386500 kB
MemFree:           51336 kB
Buffers:           87984 kB
Cached:           365108 kB
SwapCached:        39632 kB
Active:           538656 kB
Inactive:         421940 kB
Active(anon):     266780 kB
Inactive(anon):   243676 kB
Active(file):     271876 kB
Inactive(file):   178264 kB
Unevictable:        2528 kB
Mlocked:               0 kB
HighTotal:        849920 kB
HighFree:          10108 kB
LowTotal:         536580 kB
LowFree:           41228 kB
SwapTotal:       1048572 kB
SwapFree:         869528 kB
Dirty:               512 kB
Writeback:             0 kB
AnonPages:        502616 kB
Mapped:           191440 kB
Shmem:               424 kB
Slab:              57064 kB
SReclaimable:      17344 kB
SUnreclaim:        39720 kB
KernelStack:       12248 kB
PageTables:        21908 kB
NFS_Unstable:          0 kB
Bounce:                0 kB
WritebackTmp:          0 kB
CommitLimit:     1741820 kB
Committed_AS:   49634764 kB
VmallocTotal:     319488 kB
VmallocUsed:       18264 kB
VmallocChunk:     173068 kB
Time pass: 124 sec

---2015-10-26 00:17:40
MemTotal:        1386500 kB
MemFree:           50556 kB
Buffers:           87984 kB
Cached:           365108 kB
SwapCached:        39632 kB
Active:           538696 kB
Inactive:         421936 kB
Active(anon):     266816 kB
Inactive(anon):   243676 kB
Active(file):     271880 kB
Inactive(file):   178260 kB
Unevictable:        2528 kB
Mlocked:               0 kB
HighTotal:        849920 kB
HighFree:           9508 kB
LowTotal:         536580 kB
LowFree:           41048 kB
SwapTotal:       1048572 kB
SwapFree:         869528 kB
Dirty:                28 kB
Writeback:             0 kB
AnonPages:        502668 kB
Mapped:           191440 kB
Shmem:               424 kB
Slab:              57092 kB
SReclaimable:      17344 kB
SUnreclaim:        39748 kB
KernelStack:       12248 kB
PageTables:        21908 kB
NFS_Unstable:          0 kB
Bounce:                0 kB
WritebackTmp:          0 kB
CommitLimit:     1741820 kB
Committed_AS:   49634688 kB
VmallocTotal:     319488 kB
VmallocUsed:       18264 kB
VmallocChunk:     173068 kB
Time pass: 128 sec

---2015-10-26 00:17:40
MemTotal:        1386500 kB
MemFree:           50604 kB
Buffers:           87984 kB
Cached:           365108 kB
SwapCached:        39632 kB
Active:           538696 kB
Inactive:         421936 kB
Active(anon):     266816 kB
Inactive(anon):   243676 kB
Active(file):     271880 kB
Inactive(file):   178260 kB
Unevictable:        2528 kB
Mlocked:               0 kB
HighTotal:        849920 kB
HighFree:           9336 kB
LowTotal:         536580 kB
LowFree:           41268 kB
SwapTotal:       1048572 kB
SwapFree:         869528 kB
Dirty:                28 kB
Writeback:             0 kB
AnonPages:        502732 kB
Mapped:           191440 kB
Shmem:               424 kB
Slab:              56952 kB
SReclaimable:      17344 kB
SUnreclaim:        39608 kB
KernelStack:       12248 kB
PageTables:        21908 kB
NFS_Unstable:          0 kB
Bounce:                0 kB
WritebackTmp:          0 kB
CommitLimit:     1741820 kB
Committed_AS:   49634772 kB
VmallocTotal:     319488 kB
VmallocUsed:       18264 kB
VmallocChunk:     173068 kB
Time pass: 132 sec

---2015-10-26 00:17:40
MemTotal:        1386500 kB
MemFree:           50384 kB
Buffers:           87988 kB
Cached:           365108 kB
SwapCached:        39632 kB
Active:           538812 kB
Inactive:         421936 kB
Active(anon):     266932 kB
Inactive(anon):   243676 kB
Active(file):     271880 kB
Inactive(file):   178260 kB
Unevictable:        2528 kB
Mlocked:               0 kB
HighTotal:        849920 kB
HighFree:           9264 kB
LowTotal:         536580 kB
LowFree:           41120 kB
SwapTotal:       1048572 kB
SwapFree:         869528 kB
Dirty:                32 kB
Writeback:             0 kB
AnonPages:        502784 kB
Mapped:           191440 kB
Shmem:               424 kB
Slab:              56952 kB
SReclaimable:      17344 kB
SUnreclaim:        39608 kB
KernelStack:       12248 kB
PageTables:        21908 kB
NFS_Unstable:          0 kB
Bounce:                0 kB
WritebackTmp:          0 kB
CommitLimit:     1741820 kB
Committed_AS:   49634740 kB
VmallocTotal:     319488 kB
VmallocUsed:       18264 kB
VmallocChunk:     173068 kB
Time pass: 135 sec

---2015-10-26 00:17:40
MemTotal:        1386500 kB
MemFree:           50500 kB
Buffers:           87988 kB
Cached:           365108 kB
SwapCached:        39632 kB
Active:           538832 kB
Inactive:         421940 kB
Active(anon):     266952 kB
Inactive(anon):   243676 kB
Active(file):     271880 kB
Inactive(file):   178264 kB
Unevictable:        2528 kB
Mlocked:               0 kB
HighTotal:        849920 kB
HighFree:           9300 kB
LowTotal:         536580 kB
LowFree:           41200 kB
SwapTotal:       1048572 kB
SwapFree:         869528 kB
Dirty:                 0 kB
Writeback:             0 kB
AnonPages:        502832 kB
Mapped:           191444 kB
Shmem:               424 kB
Slab:              56912 kB
SReclaimable:      17344 kB
SUnreclaim:        39568 kB
KernelStack:       12248 kB
PageTables:        21908 kB
NFS_Unstable:          0 kB
Bounce:                0 kB
WritebackTmp:          0 kB
CommitLimit:     1741820 kB
Committed_AS:   49634764 kB
VmallocTotal:     319488 kB
VmallocUsed:       18264 kB
VmallocChunk:     173068 kB
Time pass: 139 sec

---2015-10-26 00:17:40
MemTotal:        1386500 kB
MemFree:           50784 kB
Buffers:           87988 kB
Cached:           365108 kB
SwapCached:        39632 kB
Active:           538904 kB
Inactive:         421940 kB
Active(anon):     267024 kB
Inactive(anon):   243676 kB
Active(file):     271880 kB
Inactive(file):   178264 kB
Unevictable:        2528 kB
Mlocked:               0 kB
HighTotal:        849920 kB
HighFree:           9428 kB
LowTotal:         536580 kB
LowFree:           41356 kB
SwapTotal:       1048572 kB
SwapFree:         869528 kB
Dirty:                 0 kB
Writeback:             0 kB
AnonPages:        502908 kB
Mapped:           191444 kB
Shmem:               424 kB
Slab:              56880 kB
SReclaimable:      17344 kB
SUnreclaim:        39536 kB
KernelStack:       12248 kB
PageTables:        21908 kB
NFS_Unstable:          0 kB
Bounce:                0 kB
WritebackTmp:          0 kB
CommitLimit:     1741820 kB
Committed_AS:   49634692 kB
VmallocTotal:     319488 kB
VmallocUsed:       18264 kB
VmallocChunk:     173068 kB
Time pass: 143 sec

---2015-10-26 00:17:40
MemTotal:        1386500 kB
MemFree:           50428 kB
Buffers:           87988 kB
Cached:           365108 kB
SwapCached:        39632 kB
Active:           538988 kB
Inactive:         421940 kB
Active(anon):     267108 kB
Inactive(anon):   243676 kB
Active(file):     271880 kB
Inactive(file):   178264 kB
Unevictable:        2528 kB
Mlocked:               0 kB
HighTotal:        849920 kB
HighFree:           9196 kB
LowTotal:         536580 kB
LowFree:           41232 kB
SwapTotal:       1048572 kB
SwapFree:         869528 kB
Dirty:                 0 kB
Writeback:             0 kB
AnonPages:        502960 kB
Mapped:           191444 kB
Shmem:               424 kB
Slab:              56916 kB
SReclaimable:      17344 kB
SUnreclaim:        39572 kB
KernelStack:       12248 kB
PageTables:        21908 kB
NFS_Unstable:          0 kB
Bounce:                0 kB
WritebackTmp:          0 kB
CommitLimit:     1741820 kB
Committed_AS:   49634764 kB
VmallocTotal:     319488 kB
VmallocUsed:       18264 kB
VmallocChunk:     173068 kB
Time pass: 146 sec

---2015-10-26 00:17:40
MemTotal:        1386500 kB
MemFree:          159388 kB
Buffers:           85816 kB
Cached:           361800 kB
SwapCached:        39632 kB
Active:           469796 kB
Inactive:         451172 kB
Active(anon):     206712 kB
Inactive(anon):   269652 kB
Active(file):     263084 kB
Inactive(file):   181520 kB
Unevictable:        2528 kB
Mlocked:               0 kB
HighTotal:        849920 kB
HighFree:          41888 kB
LowTotal:         536580 kB
LowFree:          117500 kB
SwapTotal:       1048572 kB
SwapFree:         869244 kB
Dirty:                52 kB
Writeback:             0 kB
AnonPages:        468276 kB
Mapped:           152792 kB
Shmem:               276 kB
Slab:              56940 kB
SReclaimable:      17344 kB
SUnreclaim:        39596 kB
KernelStack:       12088 kB
PageTables:        21268 kB
NFS_Unstable:          0 kB
Bounce:                0 kB
WritebackTmp:          0 kB
CommitLimit:     1741820 kB
Committed_AS:   49691920 kB
VmallocTotal:     319488 kB
VmallocUsed:       16964 kB
VmallocChunk:     181260 kB
Time pass: 151 sec

---2015-10-26 00:17:40
MemTotal:        1386500 kB
MemFree:          153424 kB
Buffers:           85816 kB
Cached:           361876 kB
SwapCached:        39632 kB
Active:           477812 kB
Inactive:         451284 kB
Active(anon):     214732 kB
Inactive(anon):   269488 kB
Active(file):     263080 kB
Inactive(file):   181796 kB
Unevictable:        2528 kB
Mlocked:               0 kB
HighTotal:        849920 kB
HighFree:          34376 kB
LowTotal:         536580 kB
LowFree:          119048 kB
SwapTotal:       1048572 kB
SwapFree:         869244 kB
Dirty:                 0 kB
Writeback:             0 kB
AnonPages:        476676 kB
Mapped:           154200 kB
Shmem:               288 kB
Slab:              56708 kB
SReclaimable:      17344 kB
SUnreclaim:        39364 kB
KernelStack:       11856 kB
PageTables:        21536 kB
NFS_Unstable:          0 kB
Bounce:                0 kB
WritebackTmp:          0 kB
CommitLimit:     1741820 kB
Committed_AS:   50763600 kB
VmallocTotal:     319488 kB
VmallocUsed:       16964 kB
VmallocChunk:     181260 kB
Time pass: 154 sec

---2015-10-26 00:17:40
MemTotal:        1386500 kB
MemFree:          164636 kB
Buffers:           85816 kB
Cached:           361876 kB
SwapCached:        39632 kB
Active:           466652 kB
Inactive:         451284 kB
Active(anon):     203572 kB
Inactive(anon):   269488 kB
Active(file):     263080 kB
Inactive(file):   181796 kB
Unevictable:        2528 kB
Mlocked:               0 kB
HighTotal:        849920 kB
HighFree:          45076 kB
LowTotal:         536580 kB
LowFree:          119560 kB
SwapTotal:       1048572 kB
SwapFree:         869244 kB
Dirty:                 0 kB
Writeback:             0 kB
AnonPages:        465352 kB
Mapped:           152796 kB
Shmem:               288 kB
Slab:              56692 kB
SReclaimable:      17344 kB
SUnreclaim:        39348 kB
KernelStack:       11920 kB
PageTables:        21192 kB
NFS_Unstable:          0 kB
Bounce:                0 kB
WritebackTmp:          0 kB
CommitLimit:     1741820 kB
Committed_AS:   48756136 kB
VmallocTotal:     319488 kB
VmallocUsed:       16964 kB
VmallocChunk:     181260 kB
Time pass: 158 sec

---2015-10-26 00:17:40
MemTotal:        1386500 kB
MemFree:          165380 kB
Buffers:           85820 kB
Cached:           361876 kB
SwapCached:        39632 kB
Active:           465632 kB
Inactive:         451284 kB
Active(anon):     202548 kB
Inactive(anon):   269488 kB
Active(file):     263084 kB
Inactive(file):   181796 kB
Unevictable:        2528 kB
Mlocked:               0 kB
HighTotal:        849920 kB
HighFree:          45416 kB
LowTotal:         536580 kB
LowFree:          119964 kB
SwapTotal:       1048572 kB
SwapFree:         869244 kB
Dirty:                12 kB
Writeback:             0 kB
AnonPages:        464292 kB
Mapped:           152848 kB
Shmem:               288 kB
Slab:              56520 kB
SReclaimable:      17344 kB
SUnreclaim:        39176 kB
KernelStack:       11760 kB
PageTables:        21112 kB
NFS_Unstable:          0 kB
Bounce:                0 kB
WritebackTmp:          0 kB
CommitLimit:     1741820 kB
Committed_AS:   48754496 kB
VmallocTotal:     319488 kB
VmallocUsed:       16964 kB
VmallocChunk:     181260 kB
Time pass: 161 sec

---2015-10-26 00:17:40
MemTotal:        1386500 kB
MemFree:          165376 kB
Buffers:           85820 kB
Cached:           361876 kB
SwapCached:        39632 kB
Active:           465648 kB
Inactive:         451284 kB
Active(anon):     202564 kB
Inactive(anon):   269488 kB
Active(file):     263084 kB
Inactive(file):   181796 kB
Unevictable:        2528 kB
Mlocked:               0 kB
HighTotal:        849920 kB
HighFree:          45560 kB
LowTotal:         536580 kB
LowFree:          119816 kB
SwapTotal:       1048572 kB
SwapFree:         869244 kB
Dirty:                12 kB
Writeback:             0 kB
AnonPages:        464352 kB
Mapped:           152848 kB
Shmem:               288 kB
Slab:              56776 kB
SReclaimable:      17344 kB
SUnreclaim:        39432 kB
KernelStack:       11776 kB
PageTables:        21136 kB
NFS_Unstable:          0 kB
Bounce:                0 kB
WritebackTmp:          0 kB
CommitLimit:     1741820 kB
Committed_AS:   48754420 kB
VmallocTotal:     319488 kB
VmallocUsed:       16964 kB
VmallocChunk:     181260 kB
Time pass: 165 sec

---2015-10-26 00:17:40
MemTotal:        1386500 kB
MemFree:          165780 kB
Buffers:           85820 kB
Cached:           361876 kB
SwapCached:        39632 kB
Active:           465656 kB
Inactive:         451284 kB
Active(anon):     202572 kB
Inactive(anon):   269488 kB
Active(file):     263084 kB
Inactive(file):   181796 kB
Unevictable:        2528 kB
Mlocked:               0 kB
HighTotal:        849920 kB
HighFree:          45932 kB
LowTotal:         536580 kB
LowFree:          119848 kB
SwapTotal:       1048572 kB
SwapFree:         869244 kB
Dirty:                 0 kB
Writeback:             0 kB
AnonPages:        464384 kB
Mapped:           152848 kB
Shmem:               288 kB
Slab:              56776 kB
SReclaimable:      17344 kB
SUnreclaim:        39432 kB
KernelStack:       11760 kB
PageTables:        21112 kB
NFS_Unstable:          0 kB
Bounce:                0 kB
WritebackTmp:          0 kB
CommitLimit:     1741820 kB
Committed_AS:   48754468 kB
VmallocTotal:     319488 kB
VmallocUsed:       16964 kB
VmallocChunk:     181260 kB
Time pass: 168 sec

---2015-10-26 00:17:40
MemTotal:        1386500 kB
MemFree:          165284 kB
Buffers:           85820 kB
Cached:           361876 kB
SwapCached:        39632 kB
Active:           465720 kB
Inactive:         451284 kB
Active(anon):     202636 kB
Inactive(anon):   269488 kB
Active(file):     263084 kB
Inactive(file):   181796 kB
Unevictable:        2528 kB
Mlocked:               0 kB
HighTotal:        849920 kB
HighFree:          45560 kB
LowTotal:         536580 kB
LowFree:          119724 kB
SwapTotal:       1048572 kB
SwapFree:         869244 kB
Dirty:                 0 kB
Writeback:             0 kB
AnonPages:        464436 kB
Mapped:           152848 kB
Shmem:               288 kB
Slab:              56776 kB
SReclaimable:      17344 kB
SUnreclaim:        39432 kB
KernelStack:       11760 kB
PageTables:        21112 kB
NFS_Unstable:          0 kB
Bounce:                0 kB
WritebackTmp:          0 kB
CommitLimit:     1741820 kB
Committed_AS:   48754472 kB
VmallocTotal:     319488 kB
VmallocUsed:       16964 kB
VmallocChunk:     181260 kB
Time pass: 172 sec

---2015-10-26 00:17:40
MemTotal:        1386500 kB
MemFree:          130404 kB
Buffers:           86204 kB
Cached:           362520 kB
SwapCached:        39632 kB
Active:           483916 kB
Inactive:         452300 kB
Active(anon):     220760 kB
Inactive(anon):   269696 kB
Active(file):     263156 kB
Inactive(file):   182604 kB
Unevictable:        2528 kB
Mlocked:               0 kB
HighTotal:        849920 kB
HighFree:          16584 kB
LowTotal:         536580 kB
LowFree:          113820 kB
SwapTotal:       1048572 kB
SwapFree:         869252 kB
Dirty:               852 kB
Writeback:             0 kB
AnonPages:        482756 kB
Mapped:           175452 kB
Shmem:               436 kB
Slab:              56712 kB
SReclaimable:      17344 kB
SUnreclaim:        39368 kB
KernelStack:       12064 kB
PageTables:        21620 kB
NFS_Unstable:          0 kB
Bounce:                0 kB
WritebackTmp:          0 kB
CommitLimit:     1741820 kB
Committed_AS:   49614128 kB
VmallocTotal:     319488 kB
VmallocUsed:       18152 kB
VmallocChunk:     181260 kB
Time pass: 176 sec

---2015-10-26 00:17:40
MemTotal:        1386500 kB
MemFree:          119232 kB
Buffers:           86204 kB
Cached:           362512 kB
SwapCached:        39632 kB
Active:           487212 kB
Inactive:         452232 kB
Active(anon):     224048 kB
Inactive(anon):   269628 kB
Active(file):     263164 kB
Inactive(file):   182604 kB
Unevictable:        2528 kB
Mlocked:               0 kB
HighTotal:        849920 kB
HighFree:          13108 kB
LowTotal:         536580 kB
LowFree:          106124 kB
SwapTotal:       1048572 kB
SwapFree:         869252 kB
Dirty:               184 kB
Writeback:             0 kB
AnonPages:        486028 kB
Mapped:           177736 kB
Shmem:               420 kB
Slab:              56492 kB
SReclaimable:      17344 kB
SUnreclaim:        39148 kB
KernelStack:       12216 kB
PageTables:        21756 kB
NFS_Unstable:          0 kB
Bounce:                0 kB
WritebackTmp:          0 kB
CommitLimit:     1741820 kB
Committed_AS:   49617228 kB
VmallocTotal:     319488 kB
VmallocUsed:       18184 kB
VmallocChunk:     181260 kB
Time pass: 179 sec

---2015-10-26 00:17:40
MemTotal:        1386500 kB
MemFree:          117940 kB
Buffers:           86208 kB
Cached:           362512 kB
SwapCached:        39632 kB
Active:           486904 kB
Inactive:         452236 kB
Active(anon):     223740 kB
Inactive(anon):   269628 kB
Active(file):     263164 kB
Inactive(file):   182608 kB
Unevictable:        2528 kB
Mlocked:               0 kB
HighTotal:        849920 kB
HighFree:          12688 kB
LowTotal:         536580 kB
LowFree:          105252 kB
SwapTotal:       1048572 kB
SwapFree:         869252 kB
Dirty:               236 kB
Writeback:             0 kB
AnonPages:        485536 kB
Mapped:           177800 kB
Shmem:               420 kB
Slab:              56488 kB
SReclaimable:      17344 kB
SUnreclaim:        39144 kB
KernelStack:       12216 kB
PageTables:        21760 kB
NFS_Unstable:          0 kB
Bounce:                0 kB
WritebackTmp:          0 kB
CommitLimit:     1741820 kB
Committed_AS:   49619320 kB
VmallocTotal:     319488 kB
VmallocUsed:       18184 kB
VmallocChunk:     181260 kB
Time pass: 183 sec

---2015-10-26 00:17:40
MemTotal:        1386500 kB
MemFree:          100840 kB
Buffers:           86208 kB
Cached:           362696 kB
SwapCached:        39632 kB
Active:           497276 kB
Inactive:         452388 kB
Active(anon):     234100 kB
Inactive(anon):   269632 kB
Active(file):     263176 kB
Inactive(file):   182756 kB
Unevictable:        2528 kB
Mlocked:               0 kB
HighTotal:        849920 kB
HighFree:           8768 kB
LowTotal:         536580 kB
LowFree:           92072 kB
SwapTotal:       1048572 kB
SwapFree:         869252 kB
Dirty:               408 kB
Writeback:             0 kB
AnonPages:        496000 kB
Mapped:           183388 kB
Shmem:               424 kB
Slab:              56552 kB
SReclaimable:      17344 kB
SUnreclaim:        39208 kB
KernelStack:       12256 kB
PageTables:        21812 kB
NFS_Unstable:          0 kB
Bounce:                0 kB
WritebackTmp:          0 kB
CommitLimit:     1741820 kB
Committed_AS:   49629252 kB
VmallocTotal:     319488 kB
VmallocUsed:       18192 kB
VmallocChunk:     181260 kB
Time pass: 186 sec

---2015-10-26 00:17:40
MemTotal:        1386500 kB
MemFree:           85448 kB
Buffers:           86216 kB
Cached:           362696 kB
SwapCached:        39632 kB
Active:           499204 kB
Inactive:         452392 kB
Active(anon):     236004 kB
Inactive(anon):   269632 kB
Active(file):     263200 kB
Inactive(file):   182760 kB
Unevictable:        2528 kB
Mlocked:               0 kB
HighTotal:        849920 kB
HighFree:           8768 kB
LowTotal:         536580 kB
LowFree:           76680 kB
SwapTotal:       1048572 kB
SwapFree:         869252 kB
Dirty:              1284 kB
Writeback:             0 kB
AnonPages:        497940 kB
Mapped:           186368 kB
Shmem:               424 kB
Slab:              56600 kB
SReclaimable:      17344 kB
SUnreclaim:        39256 kB
KernelStack:       12256 kB
PageTables:        21844 kB
NFS_Unstable:          0 kB
Bounce:                0 kB
WritebackTmp:          0 kB
CommitLimit:     1741820 kB
Committed_AS:   49631200 kB
VmallocTotal:     319488 kB
VmallocUsed:       18204 kB
VmallocChunk:     181260 kB
Time pass: 190 sec

---2015-10-26 00:17:40
MemTotal:        1386500 kB
MemFree:           68564 kB
Buffers:           86224 kB
Cached:           362824 kB
SwapCached:        39632 kB
Active:           501548 kB
Inactive:         452520 kB
Active(anon):     238360 kB
Inactive(anon):   269632 kB
Active(file):     263188 kB
Inactive(file):   182888 kB
Unevictable:        2528 kB
Mlocked:               0 kB
HighTotal:        849920 kB
HighFree:           8768 kB
LowTotal:         536580 kB
LowFree:           59796 kB
SwapTotal:       1048572 kB
SwapFree:         869252 kB
Dirty:              1804 kB
Writeback:             0 kB
AnonPages:        500160 kB
Mapped:           190636 kB
Shmem:               424 kB
Slab:              56572 kB
SReclaimable:      17344 kB
SUnreclaim:        39228 kB
KernelStack:       12256 kB
PageTables:        21888 kB
NFS_Unstable:          0 kB
Bounce:                0 kB
WritebackTmp:          0 kB
CommitLimit:     1741820 kB
Committed_AS:   49633428 kB
VmallocTotal:     319488 kB
VmallocUsed:       18204 kB
VmallocChunk:     181260 kB
Time pass: 193 sec

---2015-10-26 00:17:40
MemTotal:        1386500 kB
MemFree:           58004 kB
Buffers:           86224 kB
Cached:           362832 kB
SwapCached:        39632 kB
Active:           505264 kB
Inactive:         452448 kB
Active(anon):     242076 kB
Inactive(anon):   269632 kB
Active(file):     263188 kB
Inactive(file):   182816 kB
Unevictable:        2528 kB
Mlocked:               0 kB
HighTotal:        849920 kB
HighFree:           9344 kB
LowTotal:         536580 kB
LowFree:           48660 kB
SwapTotal:       1048572 kB
SwapFree:         869252 kB
Dirty:               324 kB
Writeback:             0 kB
AnonPages:        503868 kB
Mapped:           191528 kB
Shmem:               424 kB
Slab:              56732 kB
SReclaimable:      17360 kB
SUnreclaim:        39372 kB
KernelStack:       12256 kB
PageTables:        21888 kB
NFS_Unstable:          0 kB
Bounce:                0 kB
WritebackTmp:          0 kB
CommitLimit:     1741820 kB
Committed_AS:   49637144 kB
VmallocTotal:     319488 kB
VmallocUsed:       18228 kB
VmallocChunk:     181260 kB
Time pass: 197 sec

---2015-10-26 00:17:40
MemTotal:        1386500 kB
MemFree:           57764 kB
Buffers:           86228 kB
Cached:           362840 kB
SwapCached:        39632 kB
Active:           505996 kB
Inactive:         452548 kB
Active(anon):     242800 kB
Inactive(anon):   269632 kB
Active(file):     263196 kB
Inactive(file):   182916 kB
Unevictable:        2528 kB
Mlocked:               0 kB
HighTotal:        849920 kB
HighFree:           8768 kB
LowTotal:         536580 kB
LowFree:           48996 kB
SwapTotal:       1048572 kB
SwapFree:         869252 kB
Dirty:               592 kB
Writeback:             0 kB
AnonPages:        504664 kB
Mapped:           191252 kB
Shmem:               424 kB
Slab:              56792 kB
SReclaimable:      17360 kB
SUnreclaim:        39432 kB
KernelStack:       12256 kB
PageTables:        21908 kB
NFS_Unstable:          0 kB
Bounce:                0 kB
WritebackTmp:          0 kB
CommitLimit:     1741820 kB
Committed_AS:   49639520 kB
VmallocTotal:     319488 kB
VmallocUsed:       18228 kB
VmallocChunk:     181260 kB
Time pass: 201 sec

---2015-10-26 00:17:40
MemTotal:        1386500 kB
MemFree:           43064 kB
Buffers:           83804 kB
Cached:           359536 kB
SwapCached:        39632 kB
Active:           509120 kB
Inactive:         455308 kB
Active(anon):     253656 kB
Inactive(anon):   270580 kB
Active(file):     255464 kB
Inactive(file):   184728 kB
Unevictable:        2528 kB
Mlocked:               0 kB
HighTotal:        849920 kB
HighFree:          10712 kB
LowTotal:         536580 kB
LowFree:           32352 kB
SwapTotal:       1048572 kB
SwapFree:         869032 kB
Dirty:               124 kB
Writeback:             0 kB
AnonPages:        516612 kB
Mapped:           193004 kB
Shmem:               604 kB
Slab:              56312 kB
SReclaimable:      17152 kB
SUnreclaim:        39160 kB
KernelStack:       12464 kB
PageTables:        22060 kB
NFS_Unstable:          0 kB
Bounce:                0 kB
WritebackTmp:          0 kB
CommitLimit:     1741820 kB
Committed_AS:   49667624 kB
VmallocTotal:     319488 kB
VmallocUsed:       18228 kB
VmallocChunk:     181260 kB
Time pass: 204 sec

---2015-10-26 00:17:40
MemTotal:        1386500 kB
MemFree:           49408 kB
Buffers:           77344 kB
Cached:           352596 kB
SwapCached:        39556 kB
Active:           492612 kB
Inactive:         462552 kB
Active(anon):     257692 kB
Inactive(anon):   270788 kB
Active(file):     234920 kB
Inactive(file):   191764 kB
Unevictable:        2528 kB
Mlocked:               0 kB
HighTotal:        849920 kB
HighFree:           9360 kB
LowTotal:         536580 kB
LowFree:           40048 kB
SwapTotal:       1048572 kB
SwapFree:         867204 kB
Dirty:                44 kB
Writeback:             0 kB
AnonPages:        520604 kB
Mapped:           191568 kB
Shmem:               728 kB
Slab:              56420 kB
SReclaimable:      17152 kB
SUnreclaim:        39268 kB
KernelStack:       12504 kB
PageTables:        22124 kB
NFS_Unstable:          0 kB
Bounce:                0 kB
WritebackTmp:          0 kB
CommitLimit:     1741820 kB
Committed_AS:   49672632 kB
VmallocTotal:     319488 kB
VmallocUsed:       18228 kB
VmallocChunk:     181260 kB
Time pass: 208 sec

---2015-10-26 00:17:40
MemTotal:        1386500 kB
MemFree:           49132 kB
Buffers:           77348 kB
Cached:           352640 kB
SwapCached:        39556 kB
Active:           493116 kB
Inactive:         462544 kB
Active(anon):     258160 kB
Inactive(anon):   270812 kB
Active(file):     234956 kB
Inactive(file):   191732 kB
Unevictable:        2528 kB
Mlocked:               0 kB
HighTotal:        849920 kB
HighFree:           8964 kB
LowTotal:         536580 kB
LowFree:           40168 kB
SwapTotal:       1048572 kB
SwapFree:         867204 kB
Dirty:                 0 kB
Writeback:             0 kB
AnonPages:        520924 kB
Mapped:           191628 kB
Shmem:               772 kB
Slab:              56616 kB
SReclaimable:      17152 kB
SUnreclaim:        39464 kB
KernelStack:       12496 kB
PageTables:        22120 kB
NFS_Unstable:          0 kB
Bounce:                0 kB
WritebackTmp:          0 kB
CommitLimit:     1741820 kB
Committed_AS:   49672760 kB
VmallocTotal:     319488 kB
VmallocUsed:       18228 kB
VmallocChunk:     181260 kB
Time pass: 212 sec

---2015-10-26 00:17:40
MemTotal:        1386500 kB
MemFree:           49128 kB
Buffers:           77348 kB
Cached:           352728 kB
SwapCached:        39556 kB
Active:           493352 kB
Inactive:         462636 kB
Active(anon):     258380 kB
Inactive(anon):   270920 kB
Active(file):     234972 kB
Inactive(file):   191716 kB
Unevictable:        2528 kB
Mlocked:               0 kB
HighTotal:        849920 kB
HighFree:           8988 kB
LowTotal:         536580 kB
LowFree:           40140 kB
SwapTotal:       1048572 kB
SwapFree:         867204 kB
Dirty:                32 kB
Writeback:             0 kB
AnonPages:        521140 kB
Mapped:           192124 kB
Shmem:               860 kB
Slab:              56520 kB
SReclaimable:      17152 kB
SUnreclaim:        39368 kB
KernelStack:       12496 kB
PageTables:        22120 kB
NFS_Unstable:          0 kB
Bounce:                0 kB
WritebackTmp:          0 kB
CommitLimit:     1741820 kB
Committed_AS:   49672856 kB
VmallocTotal:     319488 kB
VmallocUsed:       18228 kB
VmallocChunk:     181260 kB
Time pass: 215 sec

---2015-10-26 00:17:40
MemTotal:        1386500 kB
MemFree:           48624 kB
Buffers:           77368 kB
Cached:           352712 kB
SwapCached:        39556 kB
Active:           493940 kB
Inactive:         462628 kB
Active(anon):     258956 kB
Inactive(anon):   270920 kB
Active(file):     234984 kB
Inactive(file):   191708 kB
Unevictable:        2528 kB
Mlocked:               0 kB
HighTotal:        849920 kB
HighFree:           8740 kB
LowTotal:         536580 kB
LowFree:           39884 kB
SwapTotal:       1048572 kB
SwapFree:         867204 kB
Dirty:                40 kB
Writeback:             0 kB
AnonPages:        521812 kB
Mapped:           192124 kB
Shmem:               860 kB
Slab:              56524 kB
SReclaimable:      17152 kB
SUnreclaim:        39372 kB
KernelStack:       12504 kB
PageTables:        22120 kB
NFS_Unstable:          0 kB
Bounce:                0 kB
WritebackTmp:          0 kB
CommitLimit:     1741820 kB
Committed_AS:   49673128 kB
VmallocTotal:     319488 kB
VmallocUsed:       18228 kB
VmallocChunk:     181260 kB
Time pass: 219 sec

---2015-10-26 00:17:40
MemTotal:        1386500 kB
MemFree:           48244 kB
Buffers:           77372 kB
Cached:           352732 kB
SwapCached:        39556 kB
Active:           494164 kB
Inactive:         462560 kB
Active(anon):     259088 kB
Inactive(anon):   270920 kB
Active(file):     235076 kB
Inactive(file):   191640 kB
Unevictable:        2528 kB
Mlocked:               0 kB
HighTotal:        849920 kB
HighFree:           8740 kB
LowTotal:         536580 kB
LowFree:           39504 kB
SwapTotal:       1048572 kB
SwapFree:         867204 kB
Dirty:                88 kB
Writeback:             0 kB
AnonPages:        521992 kB
Mapped:           192140 kB
Shmem:               860 kB
Slab:              56560 kB
SReclaimable:      17152 kB
SUnreclaim:        39408 kB
KernelStack:       12512 kB
PageTables:        22124 kB
NFS_Unstable:          0 kB
Bounce:                0 kB
WritebackTmp:          0 kB
CommitLimit:     1741820 kB
Committed_AS:   49672996 kB
VmallocTotal:     319488 kB
VmallocUsed:       18228 kB
VmallocChunk:     181260 kB
Time pass: 222 sec

---2015-10-26 00:17:40
MemTotal:        1386500 kB
MemFree:           48336 kB
Buffers:           77380 kB
Cached:           352756 kB
SwapCached:        39556 kB
Active:           494784 kB
Inactive:         462552 kB
Active(anon):     259692 kB
Inactive(anon):   270920 kB
Active(file):     235092 kB
Inactive(file):   191632 kB
Unevictable:        2528 kB
Mlocked:               0 kB
HighTotal:        849920 kB
HighFree:           8988 kB
LowTotal:         536580 kB
LowFree:           39348 kB
SwapTotal:       1048572 kB
SwapFree:         867204 kB
Dirty:                64 kB
Writeback:             0 kB
AnonPages:        522600 kB
Mapped:           192120 kB
Shmem:               884 kB
Slab:              56596 kB
SReclaimable:      17152 kB
SUnreclaim:        39444 kB
KernelStack:       12496 kB
PageTables:        22104 kB
NFS_Unstable:          0 kB
Bounce:                0 kB
WritebackTmp:          0 kB
CommitLimit:     1741820 kB
Committed_AS:   49673148 kB
VmallocTotal:     319488 kB
VmallocUsed:       18228 kB
VmallocChunk:     181260 kB
Time pass: 226 sec

---2015-10-26 00:17:40
MemTotal:        1386500 kB
MemFree:           47820 kB
Buffers:           77380 kB
Cached:           352756 kB
SwapCached:        39556 kB
Active:           494900 kB
Inactive:         462576 kB
Active(anon):     259808 kB
Inactive(anon):   270944 kB
Active(file):     235092 kB
Inactive(file):   191632 kB
Unevictable:        2528 kB
Mlocked:               0 kB
HighTotal:        849920 kB
HighFree:           8864 kB
LowTotal:         536580 kB
LowFree:           38956 kB
SwapTotal:       1048572 kB
SwapFree:         867204 kB
Dirty:                64 kB
Writeback:             0 kB
AnonPages:        522612 kB
Mapped:           192164 kB
Shmem:               884 kB
Slab:              56404 kB
SReclaimable:      17152 kB
SUnreclaim:        39252 kB
KernelStack:       12520 kB
PageTables:        22120 kB
NFS_Unstable:          0 kB
Bounce:                0 kB
WritebackTmp:          0 kB
CommitLimit:     1741820 kB
Committed_AS:   49673060 kB
VmallocTotal:     319488 kB
VmallocUsed:       18228 kB
VmallocChunk:     181260 kB
Time pass: 230 sec

---2015-10-26 00:17:40
MemTotal:        1386500 kB
MemFree:           46600 kB
Buffers:           77392 kB
Cached:           352756 kB
SwapCached:        39556 kB
Active:           495248 kB
Inactive:         462580 kB
Active(anon):     260148 kB
Inactive(anon):   270944 kB
Active(file):     235100 kB
Inactive(file):   191636 kB
Unevictable:        2528 kB
Mlocked:               0 kB
HighTotal:        849920 kB
HighFree:           9168 kB
LowTotal:         536580 kB
LowFree:           37432 kB
SwapTotal:       1048572 kB
SwapFree:         867204 kB
Dirty:                32 kB
Writeback:             0 kB
AnonPages:        522952 kB
Mapped:           192164 kB
Shmem:               884 kB
Slab:              56568 kB
SReclaimable:      17152 kB
SUnreclaim:        39416 kB
KernelStack:       12520 kB
PageTables:        22116 kB
NFS_Unstable:          0 kB
Bounce:                0 kB
WritebackTmp:          0 kB
CommitLimit:     1741820 kB
Committed_AS:   49673240 kB
VmallocTotal:     319488 kB
VmallocUsed:       18228 kB
VmallocChunk:     181260 kB
Time pass: 234 sec

---2015-10-26 00:17:40
MemTotal:        1386500 kB
MemFree:           47840 kB
Buffers:           77392 kB
Cached:           352756 kB
SwapCached:        39556 kB
Active:           493964 kB
Inactive:         462580 kB
Active(anon):     258864 kB
Inactive(anon):   270944 kB
Active(file):     235100 kB
Inactive(file):   191636 kB
Unevictable:        2528 kB
Mlocked:               0 kB
HighTotal:        849920 kB
HighFree:           9988 kB
LowTotal:         536580 kB
LowFree:           37852 kB
SwapTotal:       1048572 kB
SwapFree:         867204 kB
Dirty:                 0 kB
Writeback:             0 kB
AnonPages:        521740 kB
Mapped:           192164 kB
Shmem:               884 kB
Slab:              56504 kB
SReclaimable:      17152 kB
SUnreclaim:        39352 kB
KernelStack:       12504 kB
PageTables:        22120 kB
NFS_Unstable:          0 kB
Bounce:                0 kB
WritebackTmp:          0 kB
CommitLimit:     1741820 kB
Committed_AS:   49673004 kB
VmallocTotal:     319488 kB
VmallocUsed:       18228 kB
VmallocChunk:     181260 kB
Time pass: 237 sec

---2015-10-26 00:17:40
MemTotal:        1386500 kB
MemFree:           47480 kB
Buffers:           77396 kB
Cached:           352776 kB
SwapCached:        39556 kB
Active:           494680 kB
Inactive:         462604 kB
Active(anon):     259580 kB
Inactive(anon):   270964 kB
Active(file):     235100 kB
Inactive(file):   191640 kB
Unevictable:        2528 kB
Mlocked:               0 kB
HighTotal:        849920 kB
HighFree:           9880 kB
LowTotal:         536580 kB
LowFree:           37600 kB
SwapTotal:       1048572 kB
SwapFree:         867204 kB
Dirty:                28 kB
Writeback:             0 kB
AnonPages:        522576 kB
Mapped:           192184 kB
Shmem:               904 kB
Slab:              56628 kB
SReclaimable:      17152 kB
SUnreclaim:        39476 kB
KernelStack:       12504 kB
PageTables:        22120 kB
NFS_Unstable:          0 kB
Bounce:                0 kB
WritebackTmp:          0 kB
CommitLimit:     1741820 kB
Committed_AS:   49674156 kB
VmallocTotal:     319488 kB
VmallocUsed:       18228 kB
VmallocChunk:     181260 kB
Time pass: 241 sec

---2015-10-26 00:17:40
MemTotal:        1386500 kB
MemFree:           47636 kB
Buffers:           77404 kB
Cached:           352776 kB
SwapCached:        39556 kB
Active:           494916 kB
Inactive:         462604 kB
Active(anon):     259808 kB
Inactive(anon):   270964 kB
Active(file):     235108 kB
Inactive(file):   191640 kB
Unevictable:        2528 kB
Mlocked:               0 kB
HighTotal:        849920 kB
HighFree:           8920 kB
LowTotal:         536580 kB
LowFree:           38716 kB
SwapTotal:       1048572 kB
SwapFree:         867204 kB
Dirty:                 0 kB
Writeback:             0 kB
AnonPages:        522708 kB
Mapped:           192184 kB
Shmem:               904 kB
Slab:              56436 kB
SReclaimable:      17152 kB
SUnreclaim:        39284 kB
KernelStack:       12504 kB
PageTables:        22116 kB
NFS_Unstable:          0 kB
Bounce:                0 kB
WritebackTmp:          0 kB
CommitLimit:     1741820 kB
Committed_AS:   49673344 kB
VmallocTotal:     319488 kB
VmallocUsed:       18228 kB
VmallocChunk:     181260 kB
Time pass: 244 sec

---2015-10-26 00:17:40
MemTotal:        1386500 kB
MemFree:           47272 kB
Buffers:           77404 kB
Cached:           352916 kB
SwapCached:        39556 kB
Active:           494892 kB
Inactive:         462736 kB
Active(anon):     259776 kB
Inactive(anon):   271104 kB
Active(file):     235116 kB
Inactive(file):   191632 kB
Unevictable:        2528 kB
Mlocked:               0 kB
HighTotal:        849920 kB
HighFree:           9516 kB
LowTotal:         536580 kB
LowFree:           37756 kB
SwapTotal:       1048572 kB
SwapFree:         867204 kB
Dirty:                28 kB
Writeback:             0 kB
AnonPages:        522628 kB
Mapped:           192280 kB
Shmem:              1044 kB
Slab:              56528 kB
SReclaimable:      17152 kB
SUnreclaim:        39376 kB
KernelStack:       12488 kB
PageTables:        22104 kB
NFS_Unstable:          0 kB
Bounce:                0 kB
WritebackTmp:          0 kB
CommitLimit:     1741820 kB
Committed_AS:   49673204 kB
VmallocTotal:     319488 kB
VmallocUsed:       18228 kB
VmallocChunk:     181260 kB
Time pass: 248 sec

---2015-10-26 00:17:40
MemTotal:        1386500 kB
MemFree:           47044 kB
Buffers:           77460 kB
Cached:           352924 kB
SwapCached:        39556 kB
Active:           495100 kB
Inactive:         462664 kB
Active(anon):     259856 kB
Inactive(anon):   271104 kB
Active(file):     235244 kB
Inactive(file):   191560 kB
Unevictable:        2528 kB
Mlocked:               0 kB
HighTotal:        849920 kB
HighFree:           9568 kB
LowTotal:         536580 kB
LowFree:           37476 kB
SwapTotal:       1048572 kB
SwapFree:         867204 kB
Dirty:               136 kB
Writeback:             0 kB
AnonPages:        522776 kB
Mapped:           192336 kB
Shmem:              1052 kB
Slab:              56528 kB
SReclaimable:      17152 kB
SUnreclaim:        39376 kB
KernelStack:       12504 kB
PageTables:        22128 kB
NFS_Unstable:          0 kB
Bounce:                0 kB
WritebackTmp:          0 kB
CommitLimit:     1741820 kB
Committed_AS:   49673064 kB
VmallocTotal:     319488 kB
VmallocUsed:       18228 kB
VmallocChunk:     181260 kB
Time pass: 252 sec

---2015-10-26 00:17:40
MemTotal:        1386500 kB
MemFree:           46768 kB
Buffers:           77460 kB
Cached:           352924 kB
SwapCached:        39556 kB
Active:           495332 kB
Inactive:         462672 kB
Active(anon):     260088 kB
Inactive(anon):   271112 kB
Active(file):     235244 kB
Inactive(file):   191560 kB
Unevictable:        2528 kB
Mlocked:               0 kB
HighTotal:        849920 kB
HighFree:           9244 kB
LowTotal:         536580 kB
LowFree:           37524 kB
SwapTotal:       1048572 kB
SwapFree:         867204 kB
Dirty:                 0 kB
Writeback:             0 kB
AnonPages:        522896 kB
Mapped:           192340 kB
Shmem:              1052 kB
Slab:              56528 kB
SReclaimable:      17152 kB
SUnreclaim:        39376 kB
KernelStack:       12504 kB
PageTables:        22128 kB
NFS_Unstable:          0 kB
Bounce:                0 kB
WritebackTmp:          0 kB
CommitLimit:     1741820 kB
Committed_AS:   49673040 kB
VmallocTotal:     319488 kB
VmallocUsed:       18228 kB
VmallocChunk:     181260 kB
Time pass: 255 sec

---2015-10-26 00:17:40
MemTotal:        1386500 kB
MemFree:           46164 kB
Buffers:           77472 kB
Cached:           352924 kB
SwapCached:        39556 kB
Active:           495640 kB
Inactive:         462672 kB
Active(anon):     260384 kB
Inactive(anon):   271112 kB
Active(file):     235256 kB
Inactive(file):   191560 kB
Unevictable:        2528 kB
Mlocked:               0 kB
HighTotal:        849920 kB
HighFree:           9416 kB
LowTotal:         536580 kB
LowFree:           36748 kB
SwapTotal:       1048572 kB
SwapFree:         867204 kB
Dirty:                36 kB
Writeback:             0 kB
AnonPages:        523200 kB
Mapped:           192336 kB
Shmem:              1052 kB
Slab:              56528 kB
SReclaimable:      17152 kB
SUnreclaim:        39376 kB
KernelStack:       12512 kB
PageTables:        22132 kB
NFS_Unstable:          0 kB
Bounce:                0 kB
WritebackTmp:          0 kB
CommitLimit:     1741820 kB
Committed_AS:   49673188 kB
VmallocTotal:     319488 kB
VmallocUsed:       18228 kB
VmallocChunk:     181260 kB
Time pass: 259 sec

---2015-10-26 00:17:40
MemTotal:        1386500 kB
MemFree:           46036 kB
Buffers:           77476 kB
Cached:           352920 kB
SwapCached:        39556 kB
Active:           495792 kB
Inactive:         462672 kB
Active(anon):     260536 kB
Inactive(anon):   271112 kB
Active(file):     235256 kB
Inactive(file):   191560 kB
Unevictable:        2528 kB
Mlocked:               0 kB
HighTotal:        849920 kB
HighFree:           9344 kB
LowTotal:         536580 kB
LowFree:           36692 kB
SwapTotal:       1048572 kB
SwapFree:         867204 kB
Dirty:                 0 kB
Writeback:             0 kB
AnonPages:        523244 kB
Mapped:           192340 kB
Shmem:              1052 kB
Slab:              56560 kB
SReclaimable:      17152 kB
SUnreclaim:        39408 kB
KernelStack:       12512 kB
PageTables:        22132 kB
NFS_Unstable:          0 kB
Bounce:                0 kB
WritebackTmp:          0 kB
CommitLimit:     1741820 kB
Committed_AS:   49673244 kB
VmallocTotal:     319488 kB
VmallocUsed:       18228 kB
VmallocChunk:     181260 kB
Time pass: 263 sec

---2015-10-26 00:17:40
MemTotal:        1386500 kB
MemFree:           46468 kB
Buffers:           77492 kB
Cached:           352924 kB
SwapCached:        39556 kB
Active:           496052 kB
Inactive:         462684 kB
Active(anon):     260788 kB
Inactive(anon):   271112 kB
Active(file):     235264 kB
Inactive(file):   191572 kB
Unevictable:        2528 kB
Mlocked:               0 kB
HighTotal:        849920 kB
HighFree:           8796 kB
LowTotal:         536580 kB
LowFree:           37672 kB
SwapTotal:       1048572 kB
SwapFree:         867204 kB
Dirty:                32 kB
Writeback:             0 kB
AnonPages:        523544 kB
Mapped:           192340 kB
Shmem:              1052 kB
Slab:              56496 kB
SReclaimable:      17152 kB
SUnreclaim:        39344 kB
KernelStack:       12512 kB
PageTables:        22132 kB
NFS_Unstable:          0 kB
Bounce:                0 kB
WritebackTmp:          0 kB
CommitLimit:     1741820 kB
Committed_AS:   49673172 kB
VmallocTotal:     319488 kB
VmallocUsed:       18228 kB
VmallocChunk:     181260 kB
Time pass: 266 sec

---2015-10-26 00:17:40
MemTotal:        1386500 kB
MemFree:           46408 kB
Buffers:           77500 kB
Cached:           352924 kB
SwapCached:        39556 kB
Active:           496424 kB
Inactive:         462684 kB
Active(anon):     261160 kB
Inactive(anon):   271112 kB
Active(file):     235264 kB
Inactive(file):   191572 kB
Unevictable:        2528 kB
Mlocked:               0 kB
HighTotal:        849920 kB
HighFree:           9856 kB
LowTotal:         536580 kB
LowFree:           36552 kB
SwapTotal:       1048572 kB
SwapFree:         867204 kB
Dirty:                28 kB
Writeback:             0 kB
AnonPages:        524032 kB
Mapped:           192340 kB
Shmem:              1052 kB
Slab:              56624 kB
SReclaimable:      17152 kB
SUnreclaim:        39472 kB
KernelStack:       12512 kB
PageTables:        22132 kB
NFS_Unstable:          0 kB
Bounce:                0 kB
WritebackTmp:          0 kB
CommitLimit:     1741820 kB
Committed_AS:   49673396 kB
VmallocTotal:     319488 kB
VmallocUsed:       18228 kB
VmallocChunk:     181260 kB
Time pass: 270 sec

---2015-10-26 00:17:40
MemTotal:        1386500 kB
MemFree:           46296 kB
Buffers:           77512 kB
Cached:           352924 kB
SwapCached:        39556 kB
Active:           496488 kB
Inactive:         462708 kB
Active(anon):     261220 kB
Inactive(anon):   271112 kB
Active(file):     235268 kB
Inactive(file):   191596 kB
Unevictable:        2528 kB
Mlocked:               0 kB
HighTotal:        849920 kB
HighFree:           9740 kB
LowTotal:         536580 kB
LowFree:           36556 kB
SwapTotal:       1048572 kB
SwapFree:         867204 kB
Dirty:                36 kB
Writeback:             0 kB
AnonPages:        523980 kB
Mapped:           192340 kB
Shmem:              1052 kB
Slab:              56496 kB
SReclaimable:      17152 kB
SUnreclaim:        39344 kB
KernelStack:       12512 kB
PageTables:        22132 kB
NFS_Unstable:          0 kB
Bounce:                0 kB
WritebackTmp:          0 kB
CommitLimit:     1741820 kB
Committed_AS:   49673364 kB
VmallocTotal:     319488 kB
VmallocUsed:       18228 kB
VmallocChunk:     181260 kB
Time pass: 274 sec

---2015-10-26 00:17:40
MemTotal:        1386500 kB
MemFree:           45768 kB
Buffers:           77512 kB
Cached:           352924 kB
SwapCached:        39556 kB
Active:           496580 kB
Inactive:         462700 kB
Active(anon):     261312 kB
Inactive(anon):   271112 kB
Active(file):     235268 kB
Inactive(file):   191588 kB
Unevictable:        2528 kB
Mlocked:               0 kB
HighTotal:        849920 kB
HighFree:           8804 kB
LowTotal:         536580 kB
LowFree:           36964 kB
SwapTotal:       1048572 kB
SwapFree:         867204 kB
Dirty:                 0 kB
Writeback:             0 kB
AnonPages:        524216 kB
Mapped:           192340 kB
Shmem:              1052 kB
Slab:              56560 kB
SReclaimable:      17152 kB
SUnreclaim:        39408 kB
KernelStack:       12512 kB
PageTables:        22136 kB
NFS_Unstable:          0 kB
Bounce:                0 kB
WritebackTmp:          0 kB
CommitLimit:     1741820 kB
Committed_AS:   49673360 kB
VmallocTotal:     319488 kB
VmallocUsed:       18228 kB
VmallocChunk:     181260 kB
Time pass: 277 sec

---2015-10-26 00:17:40
MemTotal:        1386500 kB
MemFree:           45224 kB
Buffers:           77528 kB
Cached:           352912 kB
SwapCached:        39556 kB
Active:           497508 kB
Inactive:         462700 kB
Active(anon):     262236 kB
Inactive(anon):   271112 kB
Active(file):     235272 kB
Inactive(file):   191588 kB
Unevictable:        2528 kB
Mlocked:               0 kB
HighTotal:        849920 kB
HighFree:           9380 kB
LowTotal:         536580 kB
LowFree:           35844 kB
SwapTotal:       1048572 kB
SwapFree:         867204 kB
Dirty:                28 kB
Writeback:             0 kB
AnonPages:        525180 kB
Mapped:           192340 kB
Shmem:              1052 kB
Slab:              56532 kB
SReclaimable:      17152 kB
SUnreclaim:        39380 kB
KernelStack:       12512 kB
PageTables:        22136 kB
NFS_Unstable:          0 kB
Bounce:                0 kB
WritebackTmp:          0 kB
CommitLimit:     1741820 kB
Committed_AS:   49673300 kB
VmallocTotal:     319488 kB
VmallocUsed:       18228 kB
VmallocChunk:     181260 kB
Time pass: 281 sec

---2015-10-26 00:17:40
MemTotal:        1386500 kB
MemFree:           45088 kB
Buffers:           77528 kB
Cached:           352924 kB
SwapCached:        39556 kB
Active:           497028 kB
Inactive:         462712 kB
Active(anon):     261756 kB
Inactive(anon):   271112 kB
Active(file):     235272 kB
Inactive(file):   191600 kB
Unevictable:        2528 kB
Mlocked:               0 kB
HighTotal:        849920 kB
HighFree:           9160 kB
LowTotal:         536580 kB
LowFree:           35928 kB
SwapTotal:       1048572 kB
SwapFree:         867204 kB
Dirty:                 0 kB
Writeback:             0 kB
AnonPages:        524664 kB
Mapped:           192340 kB
Shmem:              1052 kB
Slab:              56532 kB
SReclaimable:      17152 kB
SUnreclaim:        39380 kB
KernelStack:       12512 kB
PageTables:        22136 kB
NFS_Unstable:          0 kB
Bounce:                0 kB
WritebackTmp:          0 kB
CommitLimit:     1741820 kB
Committed_AS:   49673344 kB
VmallocTotal:     319488 kB
VmallocUsed:       18228 kB
VmallocChunk:     181260 kB
Time pass: 285 sec

---2015-10-26 00:17:40
MemTotal:        1386500 kB
MemFree:           46580 kB
Buffers:           73740 kB
Cached:           345680 kB
SwapCached:        39556 kB
Active:           494056 kB
Inactive:         466356 kB
Active(anon):     270764 kB
Inactive(anon):   273808 kB
Active(file):     223292 kB
Inactive(file):   192548 kB
Unevictable:        2528 kB
Mlocked:               0 kB
HighTotal:        849920 kB
HighFree:           9632 kB
LowTotal:         536580 kB
LowFree:           36948 kB
SwapTotal:       1048572 kB
SwapFree:         866992 kB
Dirty:                76 kB
Writeback:             0 kB
AnonPages:        536332 kB
Mapped:           192740 kB
Shmem:              1052 kB
Slab:              56584 kB
SReclaimable:      17140 kB
SUnreclaim:        39444 kB
KernelStack:       12504 kB
PageTables:        22176 kB
NFS_Unstable:          0 kB
Bounce:                0 kB
WritebackTmp:          0 kB
CommitLimit:     1741820 kB
Committed_AS:   49679024 kB
VmallocTotal:     319488 kB
VmallocUsed:       19248 kB
VmallocChunk:     168972 kB
Time pass: 288 sec

---2015-10-26 00:17:40
MemTotal:        1386500 kB
MemFree:           45912 kB
Buffers:           73756 kB
Cached:           345680 kB
SwapCached:        39556 kB
Active:           494712 kB
Inactive:         466364 kB
Active(anon):     271412 kB
Inactive(anon):   273808 kB
Active(file):     223300 kB
Inactive(file):   192556 kB
Unevictable:        2528 kB
Mlocked:               0 kB
HighTotal:        849920 kB
HighFree:           8740 kB
LowTotal:         536580 kB
LowFree:           37172 kB
SwapTotal:       1048572 kB
SwapFree:         866992 kB
Dirty:                 0 kB
Writeback:             0 kB
AnonPages:        536908 kB
Mapped:           192748 kB
Shmem:              1052 kB
Slab:              56668 kB
SReclaimable:      17140 kB
SUnreclaim:        39528 kB
KernelStack:       12480 kB
PageTables:        22188 kB
NFS_Unstable:          0 kB
Bounce:                0 kB
WritebackTmp:          0 kB
CommitLimit:     1741820 kB
Committed_AS:   49678664 kB
VmallocTotal:     319488 kB
VmallocUsed:       19248 kB
VmallocChunk:     168972 kB
Time pass: 292 sec

---2015-10-26 00:17:40
MemTotal:        1386500 kB
MemFree:           45568 kB
Buffers:           73772 kB
Cached:           345680 kB
SwapCached:        39556 kB
Active:           495424 kB
Inactive:         466364 kB
Active(anon):     272104 kB
Inactive(anon):   273808 kB
Active(file):     223320 kB
Inactive(file):   192556 kB
Unevictable:        2528 kB
Mlocked:               0 kB
HighTotal:        849920 kB
HighFree:           9300 kB
LowTotal:         536580 kB
LowFree:           36268 kB
SwapTotal:       1048572 kB
SwapFree:         866992 kB
Dirty:                52 kB
Writeback:             0 kB
AnonPages:        537644 kB
Mapped:           192748 kB
Shmem:              1052 kB
Slab:              56592 kB
SReclaimable:      17140 kB
SUnreclaim:        39452 kB
KernelStack:       12480 kB
PageTables:        22184 kB
NFS_Unstable:          0 kB
Bounce:                0 kB
WritebackTmp:          0 kB
CommitLimit:     1741820 kB
Committed_AS:   49678888 kB
VmallocTotal:     319488 kB
VmallocUsed:       19248 kB
VmallocChunk:     168972 kB
Time pass: 295 sec

---2015-10-26 00:17:40
MemTotal:        1386500 kB
MemFree:           44948 kB
Buffers:           73780 kB
Cached:           345680 kB
SwapCached:        39556 kB
Active:           495388 kB
Inactive:         466368 kB
Active(anon):     272068 kB
Inactive(anon):   273808 kB
Active(file):     223320 kB
Inactive(file):   192560 kB
Unevictable:        2528 kB
Mlocked:               0 kB
HighTotal:        849920 kB
HighFree:           8928 kB
LowTotal:         536580 kB
LowFree:           36020 kB
SwapTotal:       1048572 kB
SwapFree:         866992 kB
Dirty:                64 kB
Writeback:             0 kB
AnonPages:        537612 kB
Mapped:           192748 kB
Shmem:              1052 kB
Slab:              56592 kB
SReclaimable:      17140 kB
SUnreclaim:        39452 kB
KernelStack:       12480 kB
PageTables:        22184 kB
NFS_Unstable:          0 kB
Bounce:                0 kB
WritebackTmp:          0 kB
CommitLimit:     1741820 kB
Committed_AS:   49678660 kB
VmallocTotal:     319488 kB
VmallocUsed:       19248 kB
VmallocChunk:     168972 kB
Time pass: 299 sec

---2015-10-26 00:17:40
MemTotal:        1386500 kB
MemFree:           47540 kB
Buffers:           72808 kB
Cached:           343652 kB
SwapCached:        39556 kB
Active:           491948 kB
Inactive:         467060 kB
Active(anon):     271632 kB
Inactive(anon):   274600 kB
Active(file):     220316 kB
Inactive(file):   192460 kB
Unevictable:        2528 kB
Mlocked:               0 kB
HighTotal:        849920 kB
HighFree:          10044 kB
LowTotal:         536580 kB
LowFree:           37496 kB
SwapTotal:       1048572 kB
SwapFree:         866968 kB
Dirty:                 0 kB
Writeback:             0 kB
AnonPages:        537864 kB
Mapped:           192852 kB
Shmem:              1156 kB
Slab:              56652 kB
SReclaimable:      17140 kB
SUnreclaim:        39512 kB
KernelStack:       12480 kB
PageTables:        22180 kB
NFS_Unstable:          0 kB
Bounce:                0 kB
WritebackTmp:          0 kB
CommitLimit:     1741820 kB
Committed_AS:   49678704 kB
VmallocTotal:     319488 kB
VmallocUsed:       19248 kB
VmallocChunk:     168972 kB
Time pass: 303 sec

---2015-10-26 00:17:40
MemTotal:        1386500 kB
MemFree:           46668 kB
Buffers:           72824 kB
Cached:           343660 kB
SwapCached:        39556 kB
Active:           492296 kB
Inactive:         467084 kB
Active(anon):     271980 kB
Inactive(anon):   274600 kB
Active(file):     220316 kB
Inactive(file):   192484 kB
Unevictable:        2528 kB
Mlocked:               0 kB
HighTotal:        849920 kB
HighFree:           9184 kB
LowTotal:         536580 kB
LowFree:           37484 kB
SwapTotal:       1048572 kB
SwapFree:         866968 kB
Dirty:                36 kB
Writeback:             0 kB
AnonPages:        538108 kB
Mapped:           192852 kB
Shmem:              1156 kB
Slab:              56588 kB
SReclaimable:      17140 kB
SUnreclaim:        39448 kB
KernelStack:       12480 kB
PageTables:        22188 kB
NFS_Unstable:          0 kB
Bounce:                0 kB
WritebackTmp:          0 kB
CommitLimit:     1741820 kB
Committed_AS:   49678808 kB
VmallocTotal:     319488 kB
VmallocUsed:       19248 kB
VmallocChunk:     168972 kB
Time pass: 306 sec

---2015-10-26 00:17:40
MemTotal:        1386500 kB
MemFree:           47312 kB
Buffers:           72832 kB
Cached:           343652 kB
SwapCached:        39556 kB
Active:           492640 kB
Inactive:         467084 kB
Active(anon):     272324 kB
Inactive(anon):   274600 kB
Active(file):     220316 kB
Inactive(file):   192484 kB
Unevictable:        2528 kB
Mlocked:               0 kB
HighTotal:        849920 kB
HighFree:           9368 kB
LowTotal:         536580 kB
LowFree:           37944 kB
SwapTotal:       1048572 kB
SwapFree:         866968 kB
Dirty:                 0 kB
Writeback:             0 kB
AnonPages:        538548 kB
Mapped:           192852 kB
Shmem:              1156 kB
Slab:              56524 kB
SReclaimable:      17140 kB
SUnreclaim:        39384 kB
KernelStack:       12480 kB
PageTables:        22180 kB
NFS_Unstable:          0 kB
Bounce:                0 kB
WritebackTmp:          0 kB
CommitLimit:     1741820 kB
Committed_AS:   49679104 kB
VmallocTotal:     319488 kB
VmallocUsed:       19248 kB
VmallocChunk:     168972 kB
Time pass: 310 sec

---2015-10-26 00:17:40
MemTotal:        1386500 kB
MemFree:           46640 kB
Buffers:           72844 kB
Cached:           343660 kB
SwapCached:        39556 kB
Active:           492856 kB
Inactive:         467104 kB
Active(anon):     272540 kB
Inactive(anon):   274600 kB
Active(file):     220316 kB
Inactive(file):   192504 kB
Unevictable:        2528 kB
Mlocked:               0 kB
HighTotal:        849920 kB
HighFree:           8760 kB
LowTotal:         536580 kB
LowFree:           37880 kB
SwapTotal:       1048572 kB
SwapFree:         866968 kB
Dirty:                40 kB
Writeback:             0 kB
AnonPages:        538764 kB
Mapped:           192852 kB
Shmem:              1156 kB
Slab:              56588 kB
SReclaimable:      17140 kB
SUnreclaim:        39448 kB
KernelStack:       12480 kB
PageTables:        22184 kB
NFS_Unstable:          0 kB
Bounce:                0 kB
WritebackTmp:          0 kB
CommitLimit:     1741820 kB
Committed_AS:   49679112 kB
VmallocTotal:     319488 kB
VmallocUsed:       19248 kB
VmallocChunk:     168972 kB
Time pass: 314 sec

---2015-10-26 00:17:40
MemTotal:        1386500 kB
MemFree:           46332 kB
Buffers:           72844 kB
Cached:           343660 kB
SwapCached:        39556 kB
Active:           493260 kB
Inactive:         467104 kB
Active(anon):     272944 kB
Inactive(anon):   274600 kB
Active(file):     220316 kB
Inactive(file):   192504 kB
Unevictable:        2528 kB
Mlocked:               0 kB
HighTotal:        849920 kB
HighFree:           8760 kB
LowTotal:         536580 kB
LowFree:           37572 kB
SwapTotal:       1048572 kB
SwapFree:         866968 kB
Dirty:                 4 kB
Writeback:             0 kB
AnonPages:        539216 kB
Mapped:           192852 kB
Shmem:              1156 kB
Slab:              56620 kB
SReclaimable:      17140 kB
SUnreclaim:        39480 kB
KernelStack:       12480 kB
PageTables:        22184 kB
NFS_Unstable:          0 kB
Bounce:                0 kB
WritebackTmp:          0 kB
CommitLimit:     1741820 kB
Committed_AS:   49679404 kB
VmallocTotal:     319488 kB
VmallocUsed:       19248 kB
VmallocChunk:     168972 kB
Time pass: 317 sec

---2015-10-26 00:17:40
MemTotal:        1386500 kB
MemFree:           46164 kB
Buffers:           72864 kB
Cached:           343648 kB
SwapCached:        39556 kB
Active:           493268 kB
Inactive:         467112 kB
Active(anon):     272952 kB
Inactive(anon):   274600 kB
Active(file):     220316 kB
Inactive(file):   192512 kB
Unevictable:        2528 kB
Mlocked:               0 kB
HighTotal:        849920 kB
HighFree:           8808 kB
LowTotal:         536580 kB
LowFree:           37356 kB
SwapTotal:       1048572 kB
SwapFree:         866968 kB
Dirty:                32 kB
Writeback:             0 kB
AnonPages:        539408 kB
Mapped:           192808 kB
Shmem:              1156 kB
Slab:              56684 kB
SReclaimable:      17140 kB
SUnreclaim:        39544 kB
KernelStack:       12480 kB
PageTables:        22176 kB
NFS_Unstable:          0 kB
Bounce:                0 kB
WritebackTmp:          0 kB
CommitLimit:     1741820 kB
Committed_AS:   49679584 kB
VmallocTotal:     319488 kB
VmallocUsed:       19248 kB
VmallocChunk:     168972 kB
Time pass: 321 sec

---2015-10-26 00:17:40
MemTotal:        1386500 kB
MemFree:           45536 kB
Buffers:           72864 kB
Cached:           343660 kB
SwapCached:        39556 kB
Active:           493824 kB
Inactive:         467124 kB
Active(anon):     273508 kB
Inactive(anon):   274600 kB
Active(file):     220316 kB
Inactive(file):   192524 kB
Unevictable:        2528 kB
Mlocked:               0 kB
HighTotal:        849920 kB
HighFree:           8808 kB
LowTotal:         536580 kB
LowFree:           36728 kB
SwapTotal:       1048572 kB
SwapFree:         866968 kB
Dirty:                 0 kB
Writeback:             0 kB
AnonPages:        539668 kB
Mapped:           192852 kB
Shmem:              1156 kB
Slab:              56556 kB
SReclaimable:      17140 kB
SUnreclaim:        39416 kB
KernelStack:       12480 kB
PageTables:        22184 kB
NFS_Unstable:          0 kB
Bounce:                0 kB
WritebackTmp:          0 kB
CommitLimit:     1741820 kB
Committed_AS:   49680700 kB
VmallocTotal:     319488 kB
VmallocUsed:       19248 kB
VmallocChunk:     168972 kB
Time pass: 325 sec

---2015-10-26 00:17:40
MemTotal:        1386500 kB
MemFree:           46356 kB
Buffers:           72872 kB
Cached:           343668 kB
SwapCached:        39556 kB
Active:           492616 kB
Inactive:         467140 kB
Active(anon):     272300 kB
Inactive(anon):   274608 kB
Active(file):     220316 kB
Inactive(file):   192532 kB
Unevictable:        2528 kB
Mlocked:               0 kB
HighTotal:        849920 kB
HighFree:           9708 kB
LowTotal:         536580 kB
LowFree:           36648 kB
SwapTotal:       1048572 kB
SwapFree:         866968 kB
Dirty:                28 kB
Writeback:             0 kB
AnonPages:        538492 kB
Mapped:           192860 kB
Shmem:              1164 kB
Slab:              56620 kB
SReclaimable:      17140 kB
SUnreclaim:        39480 kB
KernelStack:       12480 kB
PageTables:        22184 kB
NFS_Unstable:          0 kB
Bounce:                0 kB
WritebackTmp:          0 kB
CommitLimit:     1741820 kB
Committed_AS:   49678344 kB
VmallocTotal:     319488 kB
VmallocUsed:       19248 kB
VmallocChunk:     168972 kB
Time pass: 328 sec

---2015-10-26 00:17:40
MemTotal:        1386500 kB
MemFree:           45932 kB
Buffers:           72876 kB
Cached:           343668 kB
SwapCached:        39556 kB
Active:           493812 kB
Inactive:         467144 kB
Active(anon):     273496 kB
Inactive(anon):   274608 kB
Active(file):     220316 kB
Inactive(file):   192536 kB
Unevictable:        2528 kB
Mlocked:               0 kB
HighTotal:        849920 kB
HighFree:           9072 kB
LowTotal:         536580 kB
LowFree:           36860 kB
SwapTotal:       1048572 kB
SwapFree:         866968 kB
Dirty:                 0 kB
Writeback:             0 kB
AnonPages:        539816 kB
Mapped:           192816 kB
Shmem:              1164 kB
Slab:              56588 kB
SReclaimable:      17140 kB
SUnreclaim:        39448 kB
KernelStack:       12464 kB
PageTables:        22172 kB
NFS_Unstable:          0 kB
Bounce:                0 kB
WritebackTmp:          0 kB
CommitLimit:     1741820 kB
Committed_AS:   49679296 kB
VmallocTotal:     319488 kB
VmallocUsed:       19248 kB
VmallocChunk:     168972 kB
Time pass: 332 sec

---2015-10-26 00:17:40
MemTotal:        1386500 kB
MemFree:           46944 kB
Buffers:           72880 kB
Cached:           343684 kB
SwapCached:        39556 kB
Active:           492304 kB
Inactive:         467164 kB
Active(anon):     271988 kB
Inactive(anon):   274624 kB
Active(file):     220316 kB
Inactive(file):   192540 kB
Unevictable:        2528 kB
Mlocked:               0 kB
HighTotal:        849920 kB
HighFree:           9800 kB
LowTotal:         536580 kB
LowFree:           37144 kB
SwapTotal:       1048572 kB
SwapFree:         866968 kB
Dirty:                28 kB
Writeback:             0 kB
AnonPages:        538212 kB
Mapped:           192876 kB
Shmem:              1180 kB
Slab:              56620 kB
SReclaimable:      17140 kB
SUnreclaim:        39480 kB
KernelStack:       12480 kB
PageTables:        22184 kB
NFS_Unstable:          0 kB
Bounce:                0 kB
WritebackTmp:          0 kB
CommitLimit:     1741820 kB
Committed_AS:   49679432 kB
VmallocTotal:     319488 kB
VmallocUsed:       19248 kB
VmallocChunk:     168972 kB
Time pass: 336 sec

---2015-10-26 00:17:40
MemTotal:        1386500 kB
MemFree:           47352 kB
Buffers:           72884 kB
Cached:           343684 kB
SwapCached:        39556 kB
Active:           492432 kB
Inactive:         467164 kB
Active(anon):     272112 kB
Inactive(anon):   274624 kB
Active(file):     220320 kB
Inactive(file):   192540 kB
Unevictable:        2528 kB
Mlocked:               0 kB
HighTotal:        849920 kB
HighFree:          10368 kB
LowTotal:         536580 kB
LowFree:           36984 kB
SwapTotal:       1048572 kB
SwapFree:         866968 kB
Dirty:                40 kB
Writeback:             0 kB
AnonPages:        538328 kB
Mapped:           192876 kB
Shmem:              1180 kB
Slab:              56780 kB
SReclaimable:      17140 kB
