---2015-12-10 12:23:27
MemTotal:        1386568 kB
MemFree:           39492 kB
Buffers:           11940 kB
Cached:           629180 kB
SwapCached:         4008 kB
Active:           564680 kB
Inactive:         572404 kB
Active(anon):     248008 kB
Inactive(anon):   251600 kB
Active(file):     316672 kB
Inactive(file):   320804 kB
Unevictable:        3132 kB
Mlocked:               0 kB
HighTotal:        849920 kB
HighFree:           9912 kB
LowTotal:         536648 kB
LowFree:           29580 kB
SwapTotal:        786428 kB
SwapFree:         738072 kB
Dirty:                 0 kB
Writeback:             0 kB
AnonPages:        497676 kB
Mapped:           324004 kB
Shmem:               512 kB
Slab:              52964 kB
SReclaimable:      17236 kB
SUnreclaim:        35728 kB
KernelStack:       13488 kB
PageTables:        44352 kB
NFS_Unstable:          0 kB
Bounce:                0 kB
WritebackTmp:          0 kB
CommitLimit:     1479712 kB
Committed_AS:   100679464 kB
VmallocTotal:     319488 kB
VmallocUsed:       16160 kB
VmallocChunk:     162828 kB
Time pass: 3 sec

---2015-12-10 12:23:27
MemTotal:        1386568 kB
MemFree:           39512 kB
Buffers:           11940 kB
Cached:           629208 kB
SwapCached:         4008 kB
Active:           564704 kB
Inactive:         572428 kB
Active(anon):     248028 kB
Inactive(anon):   251600 kB
Active(file):     316676 kB
Inactive(file):   320828 kB
Unevictable:        3132 kB
Mlocked:               0 kB
HighTotal:        849920 kB
HighFree:           9840 kB
LowTotal:         536648 kB
LowFree:           29672 kB
SwapTotal:        786428 kB
SwapFree:         738072 kB
Dirty:                 0 kB
Writeback:             0 kB
AnonPages:        497680 kB
Mapped:           323968 kB
Shmem:               512 kB
Slab:              52912 kB
SReclaimable:      17236 kB
SUnreclaim:        35676 kB
KernelStack:       13504 kB
PageTables:        44332 kB
NFS_Unstable:          0 kB
Bounce:                0 kB
WritebackTmp:          0 kB
CommitLimit:     1479712 kB
Committed_AS:   100679544 kB
VmallocTotal:     319488 kB
VmallocUsed:       16160 kB
VmallocChunk:     162828 kB
Time pass: 7 sec

---2015-12-10 12:23:27
MemTotal:        1386568 kB
MemFree:           39764 kB
Buffers:           11940 kB
Cached:           629292 kB
SwapCached:         4008 kB
Active:           564876 kB
Inactive:         572484 kB
Active(anon):     248200 kB
Inactive(anon):   251600 kB
Active(file):     316676 kB
Inactive(file):   320884 kB
Unevictable:        3132 kB
Mlocked:               0 kB
HighTotal:        849920 kB
HighFree:           9808 kB
LowTotal:         536648 kB
LowFree:           29956 kB
SwapTotal:        786428 kB
SwapFree:         738072 kB
Dirty:                 0 kB
Writeback:             0 kB
AnonPages:        497860 kB
Mapped:           323984 kB
Shmem:               512 kB
Slab:              52704 kB
SReclaimable:      17228 kB
SUnreclaim:        35476 kB
KernelStack:       13488 kB
PageTables:        44356 kB
NFS_Unstable:          0 kB
Bounce:                0 kB
WritebackTmp:          0 kB
CommitLimit:     1479712 kB
Committed_AS:   100679624 kB
VmallocTotal:     319488 kB
VmallocUsed:       16092 kB
VmallocChunk:     162828 kB
Time pass: 11 sec

---2015-12-10 12:23:27
MemTotal:        1386568 kB
MemFree:           39712 kB
Buffers:           11940 kB
Cached:           629292 kB
SwapCached:         4008 kB
Active:           565060 kB
Inactive:         572512 kB
Active(anon):     248384 kB
Inactive(anon):   251600 kB
Active(file):     316676 kB
Inactive(file):   320912 kB
Unevictable:        3132 kB
Mlocked:               0 kB
HighTotal:        849920 kB
HighFree:           9660 kB
LowTotal:         536648 kB
LowFree:           30052 kB
SwapTotal:        786428 kB
SwapFree:         738072 kB
Dirty:                 0 kB
Writeback:             0 kB
AnonPages:        498032 kB
Mapped:           323984 kB
Shmem:               512 kB
Slab:              52608 kB
SReclaimable:      17228 kB
SUnreclaim:        35380 kB
KernelStack:       13488 kB
PageTables:        44356 kB
NFS_Unstable:          0 kB
Bounce:                0 kB
WritebackTmp:          0 kB
CommitLimit:     1479712 kB
Committed_AS:   100679864 kB
VmallocTotal:     319488 kB
VmallocUsed:       16092 kB
VmallocChunk:     162828 kB
Time pass: 15 sec

---2015-12-10 12:23:27
MemTotal:        1386568 kB
MemFree:           28404 kB
Buffers:           11952 kB
Cached:           623104 kB
SwapCached:         4144 kB
Active:           570256 kB
Inactive:         573584 kB
Active(anon):     255220 kB
Inactive(anon):   257424 kB
Active(file):     315036 kB
Inactive(file):   316160 kB
Unevictable:        3132 kB
Mlocked:               0 kB
HighTotal:        849920 kB
HighFree:           9564 kB
LowTotal:         536648 kB
LowFree:           18840 kB
SwapTotal:        786428 kB
SwapFree:         736460 kB
Dirty:               708 kB
Writeback:             0 kB
AnonPages:        510760 kB
Mapped:           340304 kB
Shmem:               512 kB
Slab:              52412 kB
SReclaimable:      17260 kB
SUnreclaim:        35152 kB
KernelStack:       13784 kB
PageTables:        44852 kB
NFS_Unstable:          0 kB
Bounce:                0 kB
WritebackTmp:          0 kB
CommitLimit:     1479712 kB
Committed_AS:   101973840 kB
VmallocTotal:     319488 kB
VmallocUsed:       16464 kB
VmallocChunk:     162828 kB
Time pass: 19 sec

---2015-12-10 12:23:27
MemTotal:        1386568 kB
MemFree:          110288 kB
Buffers:           11732 kB
Cached:           601032 kB
SwapCached:         4276 kB
Active:           503072 kB
Inactive:         546628 kB
Active(anon):     199648 kB
Inactive(anon):   241200 kB
Active(file):     303424 kB
Inactive(file):   305428 kB
Unevictable:        3132 kB
Mlocked:               0 kB
HighTotal:        849920 kB
HighFree:          52088 kB
LowTotal:         536648 kB
LowFree:           58200 kB
SwapTotal:        786428 kB
SwapFree:         732632 kB
Dirty:               152 kB
Writeback:             0 kB
AnonPages:        438424 kB
Mapped:           302444 kB
Shmem:               520 kB
Slab:              52396 kB
SReclaimable:      17380 kB
SUnreclaim:        35016 kB
KernelStack:       11688 kB
PageTables:        35100 kB
NFS_Unstable:          0 kB
Bounce:                0 kB
WritebackTmp:          0 kB
CommitLimit:     1479712 kB
Committed_AS:   78348464 kB
VmallocTotal:     319488 kB
VmallocUsed:       15340 kB
VmallocChunk:     169996 kB
Time pass: 23 sec

---2015-12-10 12:23:27
MemTotal:        1386568 kB
MemFree:           99624 kB
Buffers:           11740 kB
Cached:           601032 kB
SwapCached:         4284 kB
Active:           504872 kB
Inactive:         545996 kB
Active(anon):     201332 kB
Inactive(anon):   240416 kB
Active(file):     303540 kB
Inactive(file):   305580 kB
Unevictable:        3132 kB
Mlocked:               0 kB
HighTotal:        849920 kB
HighFree:          36604 kB
LowTotal:         536648 kB
LowFree:           63020 kB
SwapTotal:        786428 kB
SwapFree:         732632 kB
Dirty:               360 kB
Writeback:             0 kB
AnonPages:        439756 kB
Mapped:           313204 kB
Shmem:               516 kB
Slab:              52736 kB
SReclaimable:      17364 kB
SUnreclaim:        35372 kB
KernelStack:       11584 kB
PageTables:        35252 kB
NFS_Unstable:          0 kB
Bounce:                0 kB
WritebackTmp:          0 kB
CommitLimit:     1479712 kB
Committed_AS:   78360928 kB
VmallocTotal:     319488 kB
VmallocUsed:       15240 kB
VmallocChunk:     169996 kB
Time pass: 26 sec

---2015-12-10 12:23:27
MemTotal:        1386568 kB
MemFree:           94972 kB
Buffers:           11768 kB
Cached:           601092 kB
SwapCached:         4284 kB
Active:           504356 kB
Inactive:         545952 kB
Active(anon):     200688 kB
Inactive(anon):   240408 kB
Active(file):     303668 kB
Inactive(file):   305544 kB
Unevictable:        3132 kB
Mlocked:               0 kB
HighTotal:        849920 kB
HighFree:          31632 kB
LowTotal:         536648 kB
LowFree:           63340 kB
SwapTotal:        786428 kB
SwapFree:         732636 kB
Dirty:               192 kB
Writeback:             0 kB
AnonPages:        439044 kB
Mapped:           318268 kB
Shmem:               516 kB
Slab:              52596 kB
SReclaimable:      17348 kB
SUnreclaim:        35248 kB
KernelStack:       11560 kB
PageTables:        35260 kB
NFS_Unstable:          0 kB
Bounce:                0 kB
WritebackTmp:          0 kB
CommitLimit:     1479712 kB
Committed_AS:   78361104 kB
VmallocTotal:     319488 kB
VmallocUsed:       15264 kB
VmallocChunk:     169996 kB
Time pass: 31 sec

---2015-12-10 12:23:27
MemTotal:        1386568 kB
MemFree:           80168 kB
Buffers:           11780 kB
Cached:           609564 kB
SwapCached:         4956 kB
Active:           507936 kB
Inactive:         554748 kB
Active(anon):     204268 kB
Inactive(anon):   240908 kB
Active(file):     303668 kB
Inactive(file):   313840 kB
Unevictable:        3132 kB
Mlocked:               0 kB
HighTotal:        849920 kB
HighFree:          17060 kB
LowTotal:         536648 kB
LowFree:           63108 kB
SwapTotal:        786428 kB
SwapFree:         732704 kB
Dirty:                24 kB
Writeback:             0 kB
AnonPages:        443344 kB
Mapped:           321348 kB
Shmem:               516 kB
Slab:              52340 kB
SReclaimable:      17348 kB
SUnreclaim:        34992 kB
KernelStack:       11536 kB
PageTables:        35264 kB
NFS_Unstable:          0 kB
Bounce:                0 kB
WritebackTmp:          0 kB
CommitLimit:     1479712 kB
Committed_AS:   78365536 kB
VmallocTotal:     319488 kB
VmallocUsed:       15400 kB
VmallocChunk:     169996 kB
Time pass: 35 sec

---2015-12-10 12:23:27
MemTotal:        1386568 kB
MemFree:           59588 kB
Buffers:           11780 kB
Cached:           613756 kB
SwapCached:         4936 kB
Active:           516476 kB
Inactive:         558776 kB
Active(anon):     212684 kB
Inactive(anon):   240680 kB
Active(file):     303792 kB
Inactive(file):   318096 kB
Unevictable:        3132 kB
Mlocked:               0 kB
HighTotal:        849920 kB
HighFree:           8960 kB
LowTotal:         536648 kB
LowFree:           50628 kB
SwapTotal:        786428 kB
SwapFree:         732816 kB
Dirty:                32 kB
Writeback:             0 kB
AnonPages:        451320 kB
Mapped:           327064 kB
Shmem:               516 kB
Slab:              52260 kB
SReclaimable:      17348 kB
SUnreclaim:        34912 kB
KernelStack:       11600 kB
PageTables:        35356 kB
NFS_Unstable:          0 kB
Bounce:                0 kB
WritebackTmp:          0 kB
CommitLimit:     1479712 kB
Committed_AS:   78377220 kB
VmallocTotal:     319488 kB
VmallocUsed:       15444 kB
VmallocChunk:     169996 kB
Time pass: 39 sec

---2015-12-10 12:23:27
MemTotal:        1386568 kB
MemFree:           56672 kB
Buffers:           11796 kB
Cached:           614024 kB
SwapCached:         4936 kB
Active:           517948 kB
Inactive:         558976 kB
Active(anon):     214152 kB
Inactive(anon):   240600 kB
Active(file):     303796 kB
Inactive(file):   318376 kB
Unevictable:        3132 kB
Mlocked:               0 kB
HighTotal:        849920 kB
HighFree:           8740 kB
LowTotal:         536648 kB
LowFree:           47932 kB
SwapTotal:        786428 kB
SwapFree:         732828 kB
Dirty:                72 kB
Writeback:             0 kB
AnonPages:        452676 kB
Mapped:           327392 kB
Shmem:               516 kB
Slab:              52084 kB
SReclaimable:      17348 kB
SUnreclaim:        34736 kB
KernelStack:       11560 kB
PageTables:        35364 kB
NFS_Unstable:          0 kB
Bounce:                0 kB
WritebackTmp:          0 kB
CommitLimit:     1479712 kB
Committed_AS:   78381116 kB
VmallocTotal:     319488 kB
VmallocUsed:       15376 kB
VmallocChunk:     169996 kB
Time pass: 43 sec

---2015-12-10 12:23:27
MemTotal:        1386568 kB
MemFree:           54256 kB
Buffers:           11796 kB
Cached:           614432 kB
SwapCached:         4940 kB
Active:           518488 kB
Inactive:         559308 kB
Active(anon):     214692 kB
Inactive(anon):   240604 kB
Active(file):     303796 kB
Inactive(file):   318704 kB
Unevictable:        3132 kB
Mlocked:               0 kB
HighTotal:        849920 kB
HighFree:           8860 kB
LowTotal:         536648 kB
LowFree:           45396 kB
SwapTotal:        786428 kB
SwapFree:         732844 kB
Dirty:                 4 kB
Writeback:             0 kB
AnonPages:        453388 kB
Mapped:           327824 kB
Shmem:               520 kB
Slab:              52784 kB
SReclaimable:      17348 kB
SUnreclaim:        35436 kB
KernelStack:       11528 kB
PageTables:        35332 kB
NFS_Unstable:          0 kB
Bounce:                0 kB
WritebackTmp:          0 kB
CommitLimit:     1479712 kB
Committed_AS:   78381084 kB
VmallocTotal:     319488 kB
VmallocUsed:       15444 kB
VmallocChunk:     169996 kB
Time pass: 47 sec

---2015-12-10 12:23:27
MemTotal:        1386568 kB
MemFree:           33652 kB
Buffers:           11808 kB
Cached:           616272 kB
SwapCached:         4940 kB
Active:           534664 kB
Inactive:         560860 kB
Active(anon):     230632 kB
Inactive(anon):   240576 kB
Active(file):     304032 kB
Inactive(file):   320284 kB
Unevictable:        3132 kB
Mlocked:               0 kB
HighTotal:        849920 kB
HighFree:           8684 kB
LowTotal:         536648 kB
LowFree:           24968 kB
SwapTotal:        786428 kB
SwapFree:         732844 kB
Dirty:               740 kB
Writeback:             0 kB
AnonPages:        469212 kB
Mapped:           333160 kB
Shmem:               520 kB
Slab:              52784 kB
SReclaimable:      17364 kB
SUnreclaim:        35420 kB
KernelStack:       11672 kB
PageTables:        35372 kB
NFS_Unstable:          0 kB
Bounce:                0 kB
WritebackTmp:          0 kB
CommitLimit:     1479712 kB
Committed_AS:   78393852 kB
VmallocTotal:     319488 kB
VmallocUsed:       15556 kB
VmallocChunk:     169996 kB
Time pass: 51 sec

---2015-12-10 12:23:27
MemTotal:        1386568 kB
MemFree:           32300 kB
Buffers:           11816 kB
Cached:           616828 kB
SwapCached:         4940 kB
Active:           531660 kB
Inactive:         558836 kB
Active(anon):     227576 kB
Inactive(anon):   237932 kB
Active(file):     304084 kB
Inactive(file):   320904 kB
Unevictable:        3132 kB
Mlocked:               0 kB
HighTotal:        849920 kB
HighFree:           9856 kB
LowTotal:         536648 kB
LowFree:           22444 kB
SwapTotal:        786428 kB
SwapFree:         732864 kB
Dirty:               416 kB
Writeback:             0 kB
AnonPages:        463376 kB
Mapped:           340052 kB
Shmem:               520 kB
Slab:              52684 kB
SReclaimable:      17364 kB
SUnreclaim:        35320 kB
KernelStack:       11648 kB
PageTables:        35408 kB
NFS_Unstable:          0 kB
Bounce:                0 kB
WritebackTmp:          0 kB
CommitLimit:     1479712 kB
Committed_AS:   78388172 kB
VmallocTotal:     319488 kB
VmallocUsed:       15432 kB
VmallocChunk:     169996 kB
Time pass: 54 sec

---2015-12-10 12:23:27
MemTotal:        1386568 kB
MemFree:           33344 kB
Buffers:           11816 kB
Cached:           616828 kB
SwapCached:         4940 kB
Active:           531864 kB
Inactive:         558792 kB
Active(anon):     227780 kB
Inactive(anon):   237884 kB
Active(file):     304084 kB
Inactive(file):   320908 kB
Unevictable:        3132 kB
Mlocked:               0 kB
HighTotal:        849920 kB
HighFree:           9980 kB
LowTotal:         536648 kB
LowFree:           23364 kB
SwapTotal:        786428 kB
SwapFree:         732864 kB
Dirty:                 0 kB
Writeback:             0 kB
AnonPages:        463584 kB
Mapped:           339908 kB
Shmem:               520 kB
Slab:              52552 kB
SReclaimable:      17364 kB
SUnreclaim:        35188 kB
KernelStack:       11600 kB
PageTables:        35408 kB
NFS_Unstable:          0 kB
Bounce:                0 kB
WritebackTmp:          0 kB
CommitLimit:     1479712 kB
Committed_AS:   78388252 kB
VmallocTotal:     319488 kB
VmallocUsed:       15364 kB
VmallocChunk:     169996 kB
Time pass: 58 sec

---2015-12-10 12:23:27
MemTotal:        1386568 kB
MemFree:           31796 kB
Buffers:           11804 kB
Cached:           607372 kB
SwapCached:         4952 kB
Active:           535776 kB
Inactive:         547516 kB
Active(anon):     231864 kB
Inactive(anon):   235904 kB
Active(file):     303912 kB
Inactive(file):   311612 kB
Unevictable:        3132 kB
Mlocked:               0 kB
HighTotal:        849920 kB
HighFree:          12128 kB
LowTotal:         536648 kB
LowFree:           19668 kB
SwapTotal:        786428 kB
SwapFree:         732128 kB
Dirty:               376 kB
Writeback:             0 kB
AnonPages:        465672 kB
Mapped:           347232 kB
Shmem:               520 kB
Slab:              52180 kB
SReclaimable:      17392 kB
SUnreclaim:        34788 kB
KernelStack:       11600 kB
PageTables:        35428 kB
NFS_Unstable:          0 kB
Bounce:                0 kB
WritebackTmp:          0 kB
CommitLimit:     1479712 kB
Committed_AS:   78392588 kB
VmallocTotal:     319488 kB
VmallocUsed:       15376 kB
VmallocChunk:     169996 kB
Time pass: 62 sec

---2015-12-10 12:23:27
MemTotal:        1386568 kB
MemFree:           30140 kB
Buffers:           11804 kB
Cached:           607408 kB
SwapCached:         4952 kB
Active:           536064 kB
Inactive:         547544 kB
Active(anon):     232144 kB
Inactive(anon):   235904 kB
Active(file):     303920 kB
Inactive(file):   311640 kB
Unevictable:        3132 kB
Mlocked:               0 kB
HighTotal:        849920 kB
HighFree:          11152 kB
LowTotal:         536648 kB
LowFree:           18988 kB
SwapTotal:        786428 kB
SwapFree:         732128 kB
Dirty:                 0 kB
Writeback:             0 kB
AnonPages:        465888 kB
Mapped:           347236 kB
Shmem:               520 kB
Slab:              52724 kB
SReclaimable:      17392 kB
SUnreclaim:        35332 kB
KernelStack:       11600 kB
PageTables:        35432 kB
NFS_Unstable:          0 kB
Bounce:                0 kB
WritebackTmp:          0 kB
CommitLimit:     1479712 kB
Committed_AS:   78392836 kB
VmallocTotal:     319488 kB
VmallocUsed:       15444 kB
VmallocChunk:     169996 kB
Time pass: 66 sec

---2015-12-10 12:23:27
MemTotal:        1386568 kB
MemFree:           33900 kB
Buffers:           11468 kB
Cached:           587120 kB
SwapCached:         5052 kB
Active:           533528 kB
Inactive:         534352 kB
Active(anon):     236160 kB
Inactive(anon):   236892 kB
Active(file):     297368 kB
Inactive(file):   297460 kB
Unevictable:        3132 kB
Mlocked:               0 kB
HighTotal:        849920 kB
HighFree:          11868 kB
LowTotal:         536648 kB
LowFree:           22032 kB
SwapTotal:        786428 kB
SwapFree:         729516 kB
Dirty:               612 kB
Writeback:             0 kB
AnonPages:        470872 kB
Mapped:           353268 kB
Shmem:               520 kB
Slab:              52788 kB
SReclaimable:      17424 kB
SUnreclaim:        35364 kB
KernelStack:       11832 kB
PageTables:        35920 kB
NFS_Unstable:          0 kB
Bounce:                0 kB
WritebackTmp:          0 kB
CommitLimit:     1479712 kB
Committed_AS:   79635620 kB
VmallocTotal:     319488 kB
VmallocUsed:       15536 kB
VmallocChunk:     169996 kB
Time pass: 70 sec

---2015-12-10 12:23:27
MemTotal:        1386568 kB
MemFree:           29048 kB
Buffers:           11260 kB
Cached:           583880 kB
SwapCached:         5092 kB
Active:           536372 kB
Inactive:         536252 kB
Active(anon):     240756 kB
Inactive(anon):   240368 kB
Active(file):     295616 kB
Inactive(file):   295884 kB
Unevictable:        3132 kB
Mlocked:               0 kB
HighTotal:        849920 kB
HighFree:          10916 kB
LowTotal:         536648 kB
LowFree:           18132 kB
SwapTotal:        786428 kB
SwapFree:         728796 kB
Dirty:               340 kB
Writeback:             4 kB
AnonPages:        478860 kB
Mapped:           357968 kB
Shmem:               520 kB
Slab:              52864 kB
SReclaimable:      17392 kB
SUnreclaim:        35472 kB
KernelStack:       11896 kB
PageTables:        35964 kB
NFS_Unstable:          0 kB
Bounce:                0 kB
WritebackTmp:          0 kB
CommitLimit:     1479712 kB
Committed_AS:   79644668 kB
VmallocTotal:     319488 kB
VmallocUsed:       15536 kB
VmallocChunk:     169996 kB
Time pass: 76 sec

---2015-12-10 12:23:27
MemTotal:        1386568 kB
MemFree:           30544 kB
Buffers:           11244 kB
Cached:           557860 kB
SwapCached:         5452 kB
Active:           527220 kB
Inactive:         526680 kB
Active(anon):     244696 kB
Inactive(anon):   243904 kB
Active(file):     282524 kB
Inactive(file):   282776 kB
Unevictable:        3132 kB
Mlocked:               0 kB
HighTotal:        849920 kB
HighFree:          11032 kB
LowTotal:         536648 kB
LowFree:           19512 kB
SwapTotal:        786428 kB
SwapFree:         727172 kB
Dirty:               132 kB
Writeback:             0 kB
AnonPages:        486076 kB
Mapped:           355144 kB
Shmem:               680 kB
Slab:              53064 kB
SReclaimable:      17424 kB
SUnreclaim:        35640 kB
KernelStack:       12064 kB
PageTables:        36148 kB
NFS_Unstable:          0 kB
Bounce:                0 kB
WritebackTmp:          0 kB
CommitLimit:     1479712 kB
Committed_AS:   79667148 kB
VmallocTotal:     319488 kB
VmallocUsed:       17944 kB
VmallocChunk:     169996 kB
Time pass: 81 sec

---2015-12-10 12:23:27
MemTotal:        1386568 kB
MemFree:           33096 kB
Buffers:           11072 kB
Cached:           526584 kB
SwapCached:         6156 kB
Active:           511116 kB
Inactive:         509004 kB
Active(anon):     243056 kB
Inactive(anon):   243220 kB
Active(file):     268060 kB
Inactive(file):   265784 kB
Unevictable:        3132 kB
Mlocked:               0 kB
HighTotal:        849920 kB
HighFree:          14260 kB
LowTotal:         536648 kB
LowFree:           18836 kB
SwapTotal:        786428 kB
SwapFree:         722400 kB
Dirty:                 4 kB
Writeback:             0 kB
AnonPages:        483004 kB
Mapped:           352656 kB
Shmem:               680 kB
Slab:              53188 kB
SReclaimable:      17428 kB
SUnreclaim:        35760 kB
KernelStack:       12040 kB
PageTables:        36324 kB
NFS_Unstable:          0 kB
Bounce:                0 kB
WritebackTmp:          0 kB
CommitLimit:     1479712 kB
Committed_AS:   79667368 kB
VmallocTotal:     319488 kB
VmallocUsed:       17944 kB
VmallocChunk:     169996 kB
Time pass: 85 sec

---2015-12-10 12:23:27
MemTotal:        1386568 kB
MemFree:           88964 kB
Buffers:           11120 kB
Cached:           527132 kB
SwapCached:         6156 kB
Active:           471060 kB
Inactive:         496660 kB
Active(anon):     202828 kB
Inactive(anon):   230480 kB
Active(file):     268232 kB
Inactive(file):   266180 kB
Unevictable:        3132 kB
Mlocked:               0 kB
HighTotal:        849920 kB
HighFree:          48804 kB
LowTotal:         536648 kB
LowFree:           40160 kB
SwapTotal:        786428 kB
SwapFree:         722400 kB
Dirty:                84 kB
Writeback:             0 kB
AnonPages:        430068 kB
Mapped:           317940 kB
Shmem:               708 kB
Slab:              52792 kB
SReclaimable:      17428 kB
SUnreclaim:        35364 kB
KernelStack:       10656 kB
PageTables:        29396 kB
NFS_Unstable:          0 kB
Bounce:                0 kB
WritebackTmp:          0 kB
CommitLimit:     1479712 kB
Committed_AS:   63502080 kB
VmallocTotal:     319488 kB
VmallocUsed:       16756 kB
VmallocChunk:     169996 kB
Time pass: 89 sec

---2015-12-10 12:23:27
MemTotal:        1386568 kB
MemFree:           88560 kB
Buffers:           11136 kB
Cached:           527140 kB
SwapCached:         6152 kB
Active:           470856 kB
Inactive:         496684 kB
Active(anon):     202624 kB
Inactive(anon):   230488 kB
Active(file):     268232 kB
Inactive(file):   266196 kB
Unevictable:        3132 kB
Mlocked:               0 kB
HighTotal:        849920 kB
HighFree:          48492 kB
LowTotal:         536648 kB
LowFree:           40068 kB
SwapTotal:        786428 kB
SwapFree:         722404 kB
Dirty:                 0 kB
Writeback:             0 kB
AnonPages:        429960 kB
Mapped:           317948 kB
Shmem:               716 kB
Slab:              52968 kB
SReclaimable:      17428 kB
SUnreclaim:        35540 kB
KernelStack:       10624 kB
PageTables:        29400 kB
NFS_Unstable:          0 kB
Bounce:                0 kB
WritebackTmp:          0 kB
CommitLimit:     1479712 kB
Committed_AS:   63502404 kB
VmallocTotal:     319488 kB
VmallocUsed:       16756 kB
VmallocChunk:     169996 kB
Time pass: 93 sec

---2015-12-10 12:23:27
MemTotal:        1386568 kB
MemFree:           87776 kB
Buffers:           11144 kB
Cached:           527220 kB
SwapCached:         6152 kB
Active:           471384 kB
Inactive:         496772 kB
Active(anon):     203152 kB
Inactive(anon):   230568 kB
Active(file):     268232 kB
Inactive(file):   266204 kB
Unevictable:        3132 kB
Mlocked:               0 kB
HighTotal:        849920 kB
HighFree:          47620 kB
LowTotal:         536648 kB
LowFree:           40156 kB
SwapTotal:        786428 kB
SwapFree:         722404 kB
Dirty:                28 kB
Writeback:             0 kB
AnonPages:        430452 kB
Mapped:           317928 kB
Shmem:               796 kB
Slab:              52844 kB
SReclaimable:      17428 kB
SUnreclaim:        35416 kB
KernelStack:       10624 kB
PageTables:        29400 kB
NFS_Unstable:          0 kB
Bounce:                0 kB
WritebackTmp:          0 kB
CommitLimit:     1479712 kB
Committed_AS:   63502524 kB
VmallocTotal:     319488 kB
VmallocUsed:       16824 kB
VmallocChunk:     169996 kB
Time pass: 97 sec

---2015-12-10 12:23:27
MemTotal:        1386568 kB
MemFree:           84116 kB
Buffers:           11160 kB
Cached:           527388 kB
SwapCached:         6164 kB
Active:           473540 kB
Inactive:         496964 kB
Active(anon):     205308 kB
Inactive(anon):   230624 kB
Active(file):     268232 kB
Inactive(file):   266340 kB
Unevictable:        3132 kB
Mlocked:               0 kB
HighTotal:        849920 kB
HighFree:          44080 kB
LowTotal:         536648 kB
LowFree:           40036 kB
SwapTotal:        786428 kB
SwapFree:         722404 kB
Dirty:                44 kB
Writeback:             0 kB
AnonPages:        432708 kB
Mapped:           318140 kB
Shmem:               844 kB
Slab:              52824 kB
SReclaimable:      17428 kB
SUnreclaim:        35396 kB
KernelStack:       10664 kB
PageTables:        29540 kB
NFS_Unstable:          0 kB
Bounce:                0 kB
WritebackTmp:          0 kB
CommitLimit:     1479712 kB
Committed_AS:   63511252 kB
VmallocTotal:     319488 kB
VmallocUsed:       16824 kB
VmallocChunk:     169996 kB
Time pass: 101 sec

---2015-12-10 12:23:27
MemTotal:        1386568 kB
MemFree:           83612 kB
Buffers:           11176 kB
Cached:           527564 kB
SwapCached:         6164 kB
Active:           474476 kB
Inactive:         497156 kB
Active(anon):     206244 kB
Inactive(anon):   230632 kB
Active(file):     268232 kB
Inactive(file):   266524 kB
Unevictable:        3132 kB
Mlocked:               0 kB
HighTotal:        849920 kB
HighFree:          43552 kB
LowTotal:         536648 kB
LowFree:           40060 kB
SwapTotal:        786428 kB
SwapFree:         722404 kB
Dirty:                40 kB
Writeback:             0 kB
AnonPages:        433468 kB
Mapped:           318160 kB
Shmem:               852 kB
Slab:              52776 kB
SReclaimable:      17428 kB
SUnreclaim:        35348 kB
KernelStack:       10656 kB
PageTables:        29536 kB
NFS_Unstable:          0 kB
Bounce:                0 kB
WritebackTmp:          0 kB
CommitLimit:     1479712 kB
Committed_AS:   63511476 kB
VmallocTotal:     319488 kB
VmallocUsed:       16824 kB
VmallocChunk:     169996 kB
Time pass: 104 sec

---2015-12-10 12:23:27
MemTotal:        1386568 kB
MemFree:           83316 kB
Buffers:           11184 kB
Cached:           527608 kB
SwapCached:         6176 kB
Active:           474348 kB
Inactive:         497240 kB
Active(anon):     206116 kB
Inactive(anon):   230708 kB
Active(file):     268232 kB
Inactive(file):   266532 kB
Unevictable:        3132 kB
Mlocked:               0 kB
HighTotal:        849920 kB
HighFree:          43264 kB
LowTotal:         536648 kB
LowFree:           40052 kB
SwapTotal:        786428 kB
SwapFree:         722424 kB
Dirty:                28 kB
Writeback:             0 kB
AnonPages:        433472 kB
Mapped:           318056 kB
Shmem:               896 kB
Slab:              52776 kB
SReclaimable:      17428 kB
SUnreclaim:        35348 kB
KernelStack:       10672 kB
PageTables:        29540 kB
NFS_Unstable:          0 kB
Bounce:                0 kB
WritebackTmp:          0 kB
CommitLimit:     1479712 kB
Committed_AS:   63511580 kB
VmallocTotal:     319488 kB
VmallocUsed:       16824 kB
VmallocChunk:     169996 kB
Time pass: 108 sec

---2015-12-10 12:23:27
MemTotal:        1386568 kB
MemFree:           83032 kB
Buffers:           11200 kB
Cached:           527640 kB
SwapCached:         6172 kB
Active:           474864 kB
Inactive:         497284 kB
Active(anon):     206632 kB
Inactive(anon):   230736 kB
Active(file):     268232 kB
Inactive(file):   266548 kB
Unevictable:        3132 kB
Mlocked:               0 kB
HighTotal:        849920 kB
HighFree:          42808 kB
LowTotal:         536648 kB
LowFree:           40224 kB
SwapTotal:        786428 kB
SwapFree:         722468 kB
Dirty:                36 kB
Writeback:             0 kB
AnonPages:        433888 kB
Mapped:           318232 kB
Shmem:               924 kB
Slab:              52724 kB
SReclaimable:      17428 kB
SUnreclaim:        35296 kB
KernelStack:       10616 kB
PageTables:        29540 kB
NFS_Unstable:          0 kB
Bounce:                0 kB
WritebackTmp:          0 kB
CommitLimit:     1479712 kB
Committed_AS:   63511620 kB
VmallocTotal:     319488 kB
VmallocUsed:       16824 kB
VmallocChunk:     169996 kB
Time pass: 112 sec

---2015-12-10 12:23:27
MemTotal:        1386568 kB
MemFree:           85016 kB
Buffers:           11208 kB
Cached:           527788 kB
SwapCached:         6176 kB
Active:           473424 kB
Inactive:         497428 kB
Active(anon):     205160 kB
Inactive(anon):   230756 kB
Active(file):     268264 kB
Inactive(file):   266672 kB
Unevictable:        3132 kB
Mlocked:               0 kB
HighTotal:        849920 kB
HighFree:          43576 kB
LowTotal:         536648 kB
LowFree:           41440 kB
SwapTotal:        786428 kB
SwapFree:         722480 kB
Dirty:                 0 kB
Writeback:             0 kB
AnonPages:        432396 kB
Mapped:           318100 kB
Shmem:               928 kB
Slab:              52724 kB
SReclaimable:      17428 kB
SUnreclaim:        35296 kB
KernelStack:       10616 kB
PageTables:        29536 kB
NFS_Unstable:          0 kB
Bounce:                0 kB
WritebackTmp:          0 kB
CommitLimit:     1479712 kB
Committed_AS:   63511884 kB
VmallocTotal:     319488 kB
VmallocUsed:       16824 kB
VmallocChunk:     169996 kB
Time pass: 116 sec

---2015-12-10 12:23:27
MemTotal:        1386568 kB
MemFree:           84716 kB
Buffers:           11208 kB
Cached:           527816 kB
SwapCached:         6176 kB
Active:           473300 kB
Inactive:         497460 kB
Active(anon):     205036 kB
Inactive(anon):   230780 kB
Active(file):     268264 kB
Inactive(file):   266680 kB
Unevictable:        3132 kB
Mlocked:               0 kB
HighTotal:        849920 kB
HighFree:          43392 kB
LowTotal:         536648 kB
LowFree:           41324 kB
SwapTotal:        786428 kB
SwapFree:         722484 kB
Dirty:                28 kB
Writeback:             0 kB
AnonPages:        432348 kB
Mapped:           318224 kB
Shmem:               948 kB
Slab:              52652 kB
SReclaimable:      17428 kB
SUnreclaim:        35224 kB
KernelStack:       10592 kB
PageTables:        29540 kB
NFS_Unstable:          0 kB
Bounce:                0 kB
WritebackTmp:          0 kB
CommitLimit:     1479712 kB
Committed_AS:   63511892 kB
VmallocTotal:     319488 kB
VmallocUsed:       16756 kB
VmallocChunk:     169996 kB
Time pass: 120 sec

---2015-12-10 12:23:27
MemTotal:        1386568 kB
MemFree:           83872 kB
Buffers:           11208 kB
Cached:           527976 kB
SwapCached:         6164 kB
Active:           474060 kB
Inactive:         497596 kB
Active(anon):     205796 kB
Inactive(anon):   230916 kB
Active(file):     268264 kB
Inactive(file):   266680 kB
Unevictable:        3132 kB
Mlocked:               0 kB
HighTotal:        849920 kB
HighFree:          42720 kB
LowTotal:         536648 kB
LowFree:           41152 kB
SwapTotal:        786428 kB
SwapFree:         722520 kB
Dirty:                 0 kB
Writeback:             0 kB
AnonPages:        433004 kB
Mapped:           318388 kB
Shmem:              1104 kB
Slab:              52776 kB
SReclaimable:      17428 kB
SUnreclaim:        35348 kB
KernelStack:       10592 kB
PageTables:        29504 kB
NFS_Unstable:          0 kB
Bounce:                0 kB
WritebackTmp:          0 kB
CommitLimit:     1479712 kB
Committed_AS:   63512008 kB
VmallocTotal:     319488 kB
VmallocUsed:       16756 kB
VmallocChunk:     169996 kB
Time pass: 124 sec

---2015-12-10 12:23:27
MemTotal:        1386568 kB
MemFree:           75016 kB
Buffers:           11240 kB
Cached:           537544 kB
SwapCached:         6204 kB
Active:           470196 kB
Inactive:         505388 kB
Active(anon):     200140 kB
Inactive(anon):   230372 kB
Active(file):     270056 kB
Inactive(file):   275016 kB
Unevictable:        3132 kB
Mlocked:               0 kB
HighTotal:        849920 kB
HighFree:          29312 kB
LowTotal:         536648 kB
LowFree:           45704 kB
SwapTotal:        786428 kB
SwapFree:         722580 kB
Dirty:                 8 kB
Writeback:             0 kB
AnonPages:        427268 kB
Mapped:           322240 kB
Shmem:               512 kB
Slab:              53120 kB
SReclaimable:      17420 kB
SUnreclaim:        35700 kB
KernelStack:       10544 kB
PageTables:        30704 kB
NFS_Unstable:          0 kB
Bounce:                0 kB
WritebackTmp:          0 kB
CommitLimit:     1479712 kB
Committed_AS:   67230976 kB
VmallocTotal:     319488 kB
VmallocUsed:       16800 kB
VmallocChunk:     169996 kB
Time pass: 128 sec

---2015-12-10 12:23:27
MemTotal:        1386568 kB
MemFree:          163460 kB
Buffers:           11288 kB
Cached:           538556 kB
SwapCached:         6244 kB
Active:           437600 kB
Inactive:         500092 kB
Active(anon):     161104 kB
Inactive(anon):   230384 kB
Active(file):     276496 kB
Inactive(file):   269708 kB
Unevictable:        3132 kB
Mlocked:               0 kB
HighTotal:        849920 kB
HighFree:          77568 kB
LowTotal:         536648 kB
LowFree:           85892 kB
SwapTotal:        786428 kB
SwapFree:         722684 kB
Dirty:               916 kB
Writeback:             0 kB
AnonPages:        388336 kB
Mapped:           270324 kB
Shmem:               508 kB
Slab:              53040 kB
SReclaimable:      17412 kB
SUnreclaim:        35628 kB
KernelStack:       10576 kB
PageTables:        30376 kB
NFS_Unstable:          0 kB
Bounce:                0 kB
WritebackTmp:          0 kB
CommitLimit:     1479712 kB
Committed_AS:   67161472 kB
VmallocTotal:     319488 kB
VmallocUsed:       16552 kB
VmallocChunk:     169996 kB
Time pass: 131 sec

---2015-12-10 12:23:27
MemTotal:        1386568 kB
MemFree:          140300 kB
Buffers:           11288 kB
Cached:           539740 kB
SwapCached:         6140 kB
Active:           456408 kB
Inactive:         499304 kB
Active(anon):     179868 kB
Inactive(anon):   228460 kB
Active(file):     276540 kB
Inactive(file):   270844 kB
Unevictable:        3132 kB
Mlocked:               0 kB
HighTotal:        849920 kB
HighFree:          54104 kB
LowTotal:         536648 kB
LowFree:           86196 kB
SwapTotal:        786428 kB
SwapFree:         724244 kB
Dirty:              1004 kB
Writeback:             0 kB
AnonPages:        405292 kB
Mapped:           279340 kB
Shmem:               512 kB
Slab:              53060 kB
SReclaimable:      17412 kB
SUnreclaim:        35648 kB
KernelStack:       10512 kB
PageTables:        30376 kB
NFS_Unstable:          0 kB
Bounce:                0 kB
WritebackTmp:          0 kB
CommitLimit:     1479712 kB
Committed_AS:   67176760 kB
VmallocTotal:     319488 kB
VmallocUsed:       16688 kB
VmallocChunk:     169996 kB
Time pass: 135 sec

---2015-12-10 12:23:27
MemTotal:        1386568 kB
MemFree:          129920 kB
Buffers:           11296 kB
Cached:           540080 kB
SwapCached:         6140 kB
Active:           450584 kB
Inactive:         499540 kB
Active(anon):     173964 kB
Inactive(anon):   228428 kB
Active(file):     276620 kB
Inactive(file):   271112 kB
Unevictable:        3132 kB
Mlocked:               0 kB
HighTotal:        849920 kB
HighFree:          43160 kB
LowTotal:         536648 kB
LowFree:           86760 kB
SwapTotal:        786428 kB
SwapFree:         724244 kB
Dirty:               540 kB
Writeback:             0 kB
AnonPages:        399440 kB
Mapped:           293712 kB
Shmem:               512 kB
Slab:              53024 kB
SReclaimable:      17412 kB
SUnreclaim:        35612 kB
KernelStack:       10496 kB
PageTables:        30444 kB
NFS_Unstable:          0 kB
Bounce:                0 kB
WritebackTmp:          0 kB
CommitLimit:     1479712 kB
Committed_AS:   67176760 kB
VmallocTotal:     319488 kB
VmallocUsed:       16612 kB
VmallocChunk:     169996 kB
Time pass: 139 sec

---2015-12-10 12:23:27
MemTotal:        1386568 kB
MemFree:          113812 kB
Buffers:           11348 kB
Cached:           540324 kB
SwapCached:         6140 kB
Active:           457088 kB
Inactive:         499672 kB
Active(anon):     180368 kB
Inactive(anon):   228428 kB
Active(file):     276720 kB
Inactive(file):   271244 kB
Unevictable:        3132 kB
Mlocked:               0 kB
HighTotal:        849920 kB
HighFree:          27096 kB
LowTotal:         536648 kB
LowFree:           86716 kB
SwapTotal:        786428 kB
SwapFree:         724244 kB
Dirty:               236 kB
Writeback:             0 kB
AnonPages:        406008 kB
Mapped:           300216 kB
Shmem:               512 kB
Slab:              52972 kB
SReclaimable:      17420 kB
SUnreclaim:        35552 kB
KernelStack:       10568 kB
PageTables:        30468 kB
NFS_Unstable:          0 kB
Bounce:                0 kB
WritebackTmp:          0 kB
CommitLimit:     1479712 kB
Committed_AS:   67177236 kB
VmallocTotal:     319488 kB
VmallocUsed:       14340 kB
VmallocChunk:     169996 kB
Time pass: 142 sec

---2015-12-10 12:23:27
MemTotal:        1386568 kB
MemFree:           92856 kB
Buffers:           11356 kB
Cached:           541400 kB
SwapCached:         6140 kB
Active:           462408 kB
Inactive:         499936 kB
Active(anon):     184844 kB
Inactive(anon):   228428 kB
Active(file):     277564 kB
Inactive(file):   271508 kB
Unevictable:        3132 kB
Mlocked:               0 kB
HighTotal:        849920 kB
HighFree:           8800 kB
LowTotal:         536648 kB
LowFree:           84056 kB
SwapTotal:        786428 kB
SwapFree:         724244 kB
Dirty:               268 kB
Writeback:             0 kB
AnonPages:        410168 kB
Mapped:           314148 kB
Shmem:               512 kB
Slab:              53036 kB
SReclaimable:      17420 kB
SUnreclaim:        35616 kB
KernelStack:       10512 kB
PageTables:        30908 kB
NFS_Unstable:          0 kB
Bounce:                0 kB
WritebackTmp:          0 kB
CommitLimit:     1479712 kB
Committed_AS:   68428128 kB
VmallocTotal:     319488 kB
VmallocUsed:       14368 kB
VmallocChunk:     169996 kB
Time pass: 146 sec

---2015-12-10 12:23:27
MemTotal:        1386568 kB
MemFree:           82448 kB
Buffers:           11384 kB
Cached:           541640 kB
SwapCached:         6140 kB
Active:           465548 kB
Inactive:         500096 kB
Active(anon):     187836 kB
Inactive(anon):   228428 kB
Active(file):     277712 kB
Inactive(file):   271668 kB
Unevictable:        3132 kB
Mlocked:               0 kB
HighTotal:        849920 kB
HighFree:           9532 kB
LowTotal:         536648 kB
LowFree:           72916 kB
SwapTotal:        786428 kB
SwapFree:         724244 kB
Dirty:               872 kB
Writeback:             0 kB
AnonPages:        413228 kB
Mapped:           322156 kB
Shmem:               512 kB
Slab:              53032 kB
SReclaimable:      17452 kB
SUnreclaim:        35580 kB
KernelStack:       10544 kB
PageTables:        30988 kB
NFS_Unstable:          0 kB
Bounce:                0 kB
WritebackTmp:          0 kB
CommitLimit:     1479712 kB
Committed_AS:   68432664 kB
VmallocTotal:     319488 kB
VmallocUsed:       14200 kB
VmallocChunk:     169996 kB
Time pass: 150 sec

---2015-12-10 12:23:27
MemTotal:        1386568 kB
MemFree:           82332 kB
Buffers:           11392 kB
Cached:           541640 kB
SwapCached:         6140 kB
Active:           465584 kB
Inactive:         500068 kB
Active(anon):     187872 kB
Inactive(anon):   228400 kB
Active(file):     277712 kB
Inactive(file):   271668 kB
Unevictable:        3132 kB
Mlocked:               0 kB
HighTotal:        849920 kB
HighFree:           9424 kB
LowTotal:         536648 kB
LowFree:           72908 kB
SwapTotal:        786428 kB
SwapFree:         724244 kB
Dirty:                56 kB
Writeback:             0 kB
AnonPages:        413300 kB
Mapped:           322156 kB
Shmem:               512 kB
Slab:              53084 kB
SReclaimable:      17436 kB
SUnreclaim:        35648 kB
KernelStack:       10504 kB
PageTables:        31000 kB
NFS_Unstable:          0 kB
Bounce:                0 kB
WritebackTmp:          0 kB
CommitLimit:     1479712 kB
Committed_AS:   68432752 kB
VmallocTotal:     319488 kB
VmallocUsed:       14200 kB
VmallocChunk:     169996 kB
Time pass: 153 sec

---2015-12-10 12:23:27
MemTotal:        1386568 kB
MemFree:           82244 kB
Buffers:           11392 kB
Cached:           541640 kB
SwapCached:         6140 kB
Active:           465836 kB
Inactive:         500068 kB
Active(anon):     188124 kB
Inactive(anon):   228392 kB
Active(file):     277712 kB
Inactive(file):   271676 kB
Unevictable:        3132 kB
Mlocked:               0 kB
HighTotal:        849920 kB
HighFree:           9176 kB
LowTotal:         536648 kB
LowFree:           73068 kB
SwapTotal:        786428 kB
SwapFree:         724244 kB
Dirty:                 0 kB
Writeback:             0 kB
AnonPages:        413520 kB
Mapped:           322048 kB
Shmem:               512 kB
Slab:              52908 kB
SReclaimable:      17420 kB
SUnreclaim:        35488 kB
KernelStack:       10488 kB
PageTables:        30976 kB
NFS_Unstable:          0 kB
Bounce:                0 kB
WritebackTmp:          0 kB
CommitLimit:     1479712 kB
Committed_AS:   68433400 kB
VmallocTotal:     319488 kB
VmallocUsed:       14200 kB
VmallocChunk:     169996 kB
Time pass: 157 sec

---2015-12-10 12:23:27
MemTotal:        1386568 kB
MemFree:           69872 kB
Buffers:           11408 kB
Cached:           541956 kB
SwapCached:         6144 kB
Active:           476308 kB
Inactive:         499448 kB
Active(anon):     197628 kB
Inactive(anon):   228592 kB
Active(file):     278680 kB
Inactive(file):   270856 kB
Unevictable:        3132 kB
Mlocked:               0 kB
HighTotal:        849920 kB
HighFree:           8708 kB
LowTotal:         536648 kB
LowFree:           61164 kB
SwapTotal:        786428 kB
SwapFree:         724264 kB
Dirty:                40 kB
Writeback:             0 kB
AnonPages:        423116 kB
Mapped:           325072 kB
Shmem:               696 kB
Slab:              53104 kB
SReclaimable:      17436 kB
SUnreclaim:        35668 kB
KernelStack:       10840 kB
PageTables:        31176 kB
NFS_Unstable:          0 kB
Bounce:                0 kB
WritebackTmp:          0 kB
CommitLimit:     1479712 kB
Committed_AS:   68453072 kB
VmallocTotal:     319488 kB
VmallocUsed:       14404 kB
VmallocChunk:     169996 kB
Time pass: 161 sec

---2015-12-10 12:23:27
MemTotal:        1386568 kB
MemFree:           64808 kB
Buffers:           11440 kB
Cached:           542208 kB
SwapCached:         6144 kB
Active:           482004 kB
Inactive:         499660 kB
Active(anon):     203324 kB
Inactive(anon):   228772 kB
Active(file):     278680 kB
Inactive(file):   270888 kB
Unevictable:        3132 kB
Mlocked:               0 kB
HighTotal:        849920 kB
HighFree:          11696 kB
LowTotal:         536648 kB
LowFree:           53112 kB
SwapTotal:        786428 kB
SwapFree:         724264 kB
Dirty:                48 kB
Writeback:             0 kB
AnonPages:        428828 kB
Mapped:           323208 kB
Shmem:               948 kB
Slab:              53204 kB
SReclaimable:      17452 kB
SUnreclaim:        35752 kB
KernelStack:       10840 kB
PageTables:        31232 kB
NFS_Unstable:          0 kB
Bounce:                0 kB
WritebackTmp:          0 kB
CommitLimit:     1479712 kB
Committed_AS:   68465504 kB
VmallocTotal:     319488 kB
VmallocUsed:       14404 kB
VmallocChunk:     169996 kB
Time pass: 166 sec

---2015-12-10 12:23:27
MemTotal:        1386568 kB
MemFree:           62284 kB
Buffers:           11472 kB
Cached:           542208 kB
SwapCached:         6144 kB
Active:           485416 kB
Inactive:         499644 kB
Active(anon):     206732 kB
Inactive(anon):   228728 kB
Active(file):     278684 kB
Inactive(file):   270916 kB
Unevictable:        3132 kB
Mlocked:               0 kB
HighTotal:        849920 kB
HighFree:           9080 kB
LowTotal:         536648 kB
LowFree:           53204 kB
SwapTotal:        786428 kB
SwapFree:         724268 kB
Dirty:                32 kB
Writeback:             0 kB
AnonPages:        432116 kB
Mapped:           323060 kB
Shmem:               948 kB
Slab:              53108 kB
SReclaimable:      17452 kB
SUnreclaim:        35656 kB
KernelStack:       10856 kB
PageTables:        31240 kB
NFS_Unstable:          0 kB
Bounce:                0 kB
WritebackTmp:          0 kB
CommitLimit:     1479712 kB
Committed_AS:   68469680 kB
VmallocTotal:     319488 kB
VmallocUsed:       14404 kB
VmallocChunk:     169996 kB
Time pass: 170 sec

---2015-12-10 12:23:27
MemTotal:        1386568 kB
MemFree:           62704 kB
Buffers:           11488 kB
Cached:           542208 kB
SwapCached:         6144 kB
Active:           486244 kB
Inactive:         499656 kB
Active(anon):     207560 kB
Inactive(anon):   228724 kB
Active(file):     278684 kB
Inactive(file):   270932 kB
Unevictable:        3132 kB
Mlocked:               0 kB
HighTotal:        849920 kB
HighFree:           8852 kB
LowTotal:         536648 kB
LowFree:           53852 kB
SwapTotal:        786428 kB
SwapFree:         724320 kB
Dirty:                 0 kB
Writeback:             0 kB
AnonPages:        432836 kB
Mapped:           323160 kB
Shmem:               948 kB
Slab:              52948 kB
SReclaimable:      17452 kB
SUnreclaim:        35496 kB
KernelStack:       10824 kB
PageTables:        31240 kB
NFS_Unstable:          0 kB
Bounce:                0 kB
WritebackTmp:          0 kB
CommitLimit:     1479712 kB
Committed_AS:   68469836 kB
VmallocTotal:     319488 kB
VmallocUsed:       14336 kB
VmallocChunk:     169996 kB
Time pass: 174 sec

---2015-12-10 12:23:27
MemTotal:        1386568 kB
MemFree:           62420 kB
Buffers:           11496 kB
Cached:           542208 kB
SwapCached:         6144 kB
Active:           486436 kB
Inactive:         499664 kB
Active(anon):     207752 kB
Inactive(anon):   228724 kB
Active(file):     278684 kB
Inactive(file):   270940 kB
Unevictable:        3132 kB
Mlocked:               0 kB
HighTotal:        849920 kB
HighFree:           8812 kB
LowTotal:         536648 kB
LowFree:           53608 kB
SwapTotal:        786428 kB
SwapFree:         724320 kB
Dirty:                28 kB
Writeback:             0 kB
AnonPages:        433000 kB
Mapped:           323160 kB
Shmem:               948 kB
Slab:              53040 kB
SReclaimable:      17452 kB
SUnreclaim:        35588 kB
KernelStack:       10792 kB
PageTables:        31240 kB
NFS_Unstable:          0 kB
Bounce:                0 kB
WritebackTmp:          0 kB
CommitLimit:     1479712 kB
Committed_AS:   68469976 kB
VmallocTotal:     319488 kB
VmallocUsed:       14336 kB
VmallocChunk:     169996 kB
Time pass: 178 sec

---2015-12-10 12:23:27
MemTotal:        1386568 kB
MemFree:           60252 kB
Buffers:           11512 kB
Cached:           542252 kB
SwapCached:         6148 kB
Active:           488076 kB
Inactive:         499676 kB
Active(anon):     209392 kB
Inactive(anon):   228684 kB
Active(file):     278684 kB
Inactive(file):   270992 kB
Unevictable:        3132 kB
Mlocked:               0 kB
HighTotal:        849920 kB
HighFree:           9224 kB
LowTotal:         536648 kB
LowFree:           51028 kB
SwapTotal:        786428 kB
SwapFree:         724320 kB
Dirty:                40 kB
Writeback:             0 kB
AnonPages:        434756 kB
Mapped:           323224 kB
Shmem:               956 kB
Slab:              52944 kB
SReclaimable:      17452 kB
SUnreclaim:        35492 kB
KernelStack:       10840 kB
PageTables:        31244 kB
NFS_Unstable:          0 kB
Bounce:                0 kB
WritebackTmp:          0 kB
CommitLimit:     1479712 kB
Committed_AS:   68470072 kB
VmallocTotal:     319488 kB
VmallocUsed:       14404 kB
VmallocChunk:     169996 kB
Time pass: 182 sec

---2015-12-10 12:23:27
MemTotal:        1386568 kB
MemFree:           59280 kB
Buffers:           11520 kB
Cached:           542252 kB
SwapCached:         6148 kB
Active:           488628 kB
Inactive:         499484 kB
Active(anon):     209944 kB
Inactive(anon):   228484 kB
Active(file):     278684 kB
Inactive(file):   271000 kB
Unevictable:        3132 kB
Mlocked:               0 kB
HighTotal:        849920 kB
HighFree:           9188 kB
LowTotal:         536648 kB
LowFree:           50092 kB
SwapTotal:        786428 kB
SwapFree:         724320 kB
Dirty:                32 kB
Writeback:             0 kB
AnonPages:        434888 kB
Mapped:           323076 kB
Shmem:               956 kB
Slab:              52912 kB
SReclaimable:      17452 kB
SUnreclaim:        35460 kB
KernelStack:       10832 kB
PageTables:        31244 kB
NFS_Unstable:          0 kB
Bounce:                0 kB
WritebackTmp:          0 kB
CommitLimit:     1479712 kB
Committed_AS:   68470368 kB
VmallocTotal:     319488 kB
VmallocUsed:       14404 kB
VmallocChunk:     169996 kB
Time pass: 186 sec

---2015-12-10 12:23:27
MemTotal:        1386568 kB
MemFree:           59804 kB
Buffers:           11536 kB
Cached:           542252 kB
SwapCached:         6148 kB
Active:           489052 kB
Inactive:         499500 kB
Active(anon):     210368 kB
Inactive(anon):   228484 kB
Active(file):     278684 kB
Inactive(file):   271016 kB
Unevictable:        3132 kB
Mlocked:               0 kB
HighTotal:        849920 kB
HighFree:          10308 kB
LowTotal:         536648 kB
LowFree:           49496 kB
SwapTotal:        786428 kB
SwapFree:         724324 kB
Dirty:                 0 kB
Writeback:             0 kB
AnonPages:        435444 kB
Mapped:           323224 kB
Shmem:               956 kB
Slab:              53008 kB
SReclaimable:      17452 kB
SUnreclaim:        35556 kB
KernelStack:       10776 kB
PageTables:        31244 kB
NFS_Unstable:          0 kB
Bounce:                0 kB
WritebackTmp:          0 kB
CommitLimit:     1479712 kB
Committed_AS:   68470392 kB
VmallocTotal:     319488 kB
VmallocUsed:       14404 kB
VmallocChunk:     169996 kB
Time pass: 190 sec

---2015-12-10 12:23:27
MemTotal:        1386568 kB
MemFree:           59204 kB
Buffers:           11552 kB
Cached:           542264 kB
SwapCached:         6148 kB
Active:           489436 kB
Inactive:         499524 kB
Active(anon):     210752 kB
Inactive(anon):   228492 kB
Active(file):     278684 kB
Inactive(file):   271032 kB
Unevictable:        3132 kB
Mlocked:               0 kB
HighTotal:        849920 kB
HighFree:           9836 kB
LowTotal:         536648 kB
LowFree:           49368 kB
SwapTotal:        786428 kB
SwapFree:         724324 kB
Dirty:                32 kB
Writeback:             0 kB
AnonPages:        435852 kB
Mapped:           323088 kB
Shmem:               968 kB
Slab:              53072 kB
SReclaimable:      17452 kB
SUnreclaim:        35620 kB
KernelStack:       10784 kB
PageTables:        31244 kB
NFS_Unstable:          0 kB
Bounce:                0 kB
WritebackTmp:          0 kB
CommitLimit:     1479712 kB
Committed_AS:   68470564 kB
VmallocTotal:     319488 kB
VmallocUsed:       14336 kB
VmallocChunk:     169996 kB
Time pass: 194 sec

---2015-12-10 12:23:27
MemTotal:        1386568 kB
MemFree:           58772 kB
Buffers:           11560 kB
Cached:           542268 kB
SwapCached:         6148 kB
Active:           489764 kB
Inactive:         499528 kB
Active(anon):     211080 kB
Inactive(anon):   228488 kB
Active(file):     278684 kB
Inactive(file):   271040 kB
Unevictable:        3132 kB
Mlocked:               0 kB
HighTotal:        849920 kB
HighFree:           9300 kB
LowTotal:         536648 kB
LowFree:           49472 kB
SwapTotal:        786428 kB
SwapFree:         724324 kB
Dirty:                 0 kB
Writeback:             0 kB
AnonPages:        436152 kB
Mapped:           323136 kB
Shmem:               972 kB
Slab:              53008 kB
SReclaimable:      17452 kB
SUnreclaim:        35556 kB
KernelStack:       10784 kB
PageTables:        31228 kB
NFS_Unstable:          0 kB
Bounce:                0 kB
WritebackTmp:          0 kB
CommitLimit:     1479712 kB
Committed_AS:   68470784 kB
VmallocTotal:     319488 kB
VmallocUsed:       14336 kB
VmallocChunk:     169996 kB
Time pass: 198 sec

---2015-12-10 12:23:27
MemTotal:        1386568 kB
MemFree:           57924 kB
Buffers:           11576 kB
Cached:           542268 kB
SwapCached:         6148 kB
Active:           490028 kB
Inactive:         499548 kB
Active(anon):     211344 kB
Inactive(anon):   228492 kB
Active(file):     278684 kB
Inactive(file):   271056 kB
Unevictable:        3132 kB
Mlocked:               0 kB
HighTotal:        849920 kB
HighFree:           8808 kB
LowTotal:         536648 kB
LowFree:           49116 kB
SwapTotal:        786428 kB
SwapFree:         724392 kB
Dirty:                40 kB
Writeback:             0 kB
AnonPages:        436488 kB
Mapped:           323184 kB
Shmem:               972 kB
Slab:              53008 kB
SReclaimable:      17452 kB
SUnreclaim:        35556 kB
KernelStack:       10784 kB
PageTables:        31260 kB
NFS_Unstable:          0 kB
Bounce:                0 kB
WritebackTmp:          0 kB
CommitLimit:     1479712 kB
Committed_AS:   68470864 kB
VmallocTotal:     319488 kB
VmallocUsed:       14404 kB
VmallocChunk:     169996 kB
Time pass: 202 sec

---2015-12-10 12:23:27
MemTotal:        1386568 kB
MemFree:           58412 kB
Buffers:           11584 kB
Cached:           542268 kB
SwapCached:         6144 kB
Active:           490300 kB
Inactive:         499552 kB
Active(anon):     211616 kB
Inactive(anon):   228488 kB
Active(file):     278684 kB
Inactive(file):   271064 kB
Unevictable:        3132 kB
Mlocked:               0 kB
HighTotal:        849920 kB
HighFree:           8984 kB
LowTotal:         536648 kB
LowFree:           49428 kB
SwapTotal:        786428 kB
SwapFree:         724416 kB
Dirty:                28 kB
Writeback:             0 kB
AnonPages:        436632 kB
Mapped:           323136 kB
Shmem:               972 kB
Slab:              52944 kB
SReclaimable:      17452 kB
SUnreclaim:        35492 kB
KernelStack:       10824 kB
PageTables:        31228 kB
NFS_Unstable:          0 kB
Bounce:                0 kB
WritebackTmp:          0 kB
CommitLimit:     1479712 kB
Committed_AS:   68471072 kB
VmallocTotal:     319488 kB
VmallocUsed:       14336 kB
VmallocChunk:     169996 kB
Time pass: 206 sec

---2015-12-10 12:23:27
MemTotal:        1386568 kB
MemFree:           57844 kB
Buffers:           11600 kB
Cached:           542276 kB
SwapCached:         6144 kB
Active:           490604 kB
Inactive:         499572 kB
Active(anon):     211920 kB
Inactive(anon):   228492 kB
Active(file):     278684 kB
Inactive(file):   271080 kB
Unevictable:        3132 kB
Mlocked:               0 kB
HighTotal:        849920 kB
HighFree:           9696 kB
LowTotal:         536648 kB
LowFree:           48148 kB
SwapTotal:        786428 kB
SwapFree:         724436 kB
Dirty:                 0 kB
Writeback:            16 kB
AnonPages:        436956 kB
Mapped:           323144 kB
Shmem:               980 kB
Slab:              53172 kB
SReclaimable:      17452 kB
SUnreclaim:        35720 kB
KernelStack:       10816 kB
PageTables:        31224 kB
NFS_Unstable:          0 kB
Bounce:                0 kB
WritebackTmp:          0 kB
CommitLimit:     1479712 kB
Committed_AS:   68471184 kB
VmallocTotal:     319488 kB
VmallocUsed:       14336 kB
VmallocChunk:     169996 kB
Time pass: 210 sec

---2015-12-10 12:23:27
MemTotal:        1386568 kB
MemFree:           57120 kB
Buffers:           11608 kB
Cached:           542296 kB
SwapCached:         6144 kB
Active:           490964 kB
Inactive:         499600 kB
Active(anon):     212280 kB
Inactive(anon):   228512 kB
Active(file):     278684 kB
Inactive(file):   271088 kB
Unevictable:        3132 kB
Mlocked:               0 kB
HighTotal:        849920 kB
HighFree:           8792 kB
LowTotal:         536648 kB
LowFree:           48328 kB
SwapTotal:        786428 kB
SwapFree:         724436 kB
Dirty:                32 kB
Writeback:             0 kB
AnonPages:        437424 kB
Mapped:           323268 kB
Shmem:              1000 kB
Slab:              53016 kB
SReclaimable:      17452 kB
SUnreclaim:        35564 kB
KernelStack:       10832 kB
PageTables:        31248 kB
NFS_Unstable:          0 kB
Bounce:                0 kB
WritebackTmp:          0 kB
CommitLimit:     1479712 kB
Committed_AS:   68471392 kB
VmallocTotal:     319488 kB
VmallocUsed:       14404 kB
VmallocChunk:     169996 kB
Time pass: 214 sec

---2015-12-10 12:23:27
MemTotal:        1386568 kB
MemFree:           57088 kB
Buffers:           11624 kB
Cached:           542300 kB
SwapCached:         6144 kB
Active:           491140 kB
Inactive:         499616 kB
Active(anon):     212456 kB
Inactive(anon):   228512 kB
Active(file):     278684 kB
Inactive(file):   271104 kB
Unevictable:        3132 kB
Mlocked:               0 kB
HighTotal:        849920 kB
HighFree:           8908 kB
LowTotal:         536648 kB
LowFree:           48180 kB
SwapTotal:        786428 kB
SwapFree:         724448 kB
Dirty:                 0 kB
Writeback:             0 kB
AnonPages:        437484 kB
Mapped:           323124 kB
Shmem:              1004 kB
Slab:              53112 kB
SReclaimable:      17452 kB
SUnreclaim:        35660 kB
KernelStack:       10792 kB
PageTables:        31248 kB
NFS_Unstable:          0 kB
Bounce:                0 kB
WritebackTmp:          0 kB
CommitLimit:     1479712 kB
Committed_AS:   68471372 kB
VmallocTotal:     319488 kB
VmallocUsed:       14404 kB
VmallocChunk:     169996 kB
Time pass: 218 sec

---2015-12-10 12:23:27
MemTotal:        1386568 kB
MemFree:           56236 kB
Buffers:           11632 kB
Cached:           542328 kB
SwapCached:         6144 kB
Active:           491036 kB
Inactive:         499632 kB
Active(anon):     212352 kB
Inactive(anon):   228520 kB
Active(file):     278684 kB
Inactive(file):   271112 kB
Unevictable:        3132 kB
Mlocked:               0 kB
HighTotal:        849920 kB
HighFree:           8776 kB
LowTotal:         536648 kB
LowFree:           47460 kB
SwapTotal:        786428 kB
SwapFree:         724448 kB
Dirty:                28 kB
Writeback:             0 kB
AnonPages:        437460 kB
Mapped:           323164 kB
Shmem:              1032 kB
Slab:              53144 kB
SReclaimable:      17452 kB
SUnreclaim:        35692 kB
KernelStack:       10832 kB
PageTables:        31252 kB
NFS_Unstable:          0 kB
Bounce:                0 kB
WritebackTmp:          0 kB
CommitLimit:     1479712 kB
Committed_AS:   68471560 kB
VmallocTotal:     319488 kB
VmallocUsed:       14404 kB
VmallocChunk:     169996 kB
Time pass: 222 sec

---2015-12-10 12:23:27
MemTotal:        1386568 kB
MemFree:           56412 kB
Buffers:           11648 kB
Cached:           542328 kB
SwapCached:         6144 kB
Active:           491672 kB
Inactive:         499648 kB
Active(anon):     212988 kB
Inactive(anon):   228520 kB
Active(file):     278684 kB
Inactive(file):   271128 kB
Unevictable:        3132 kB
Mlocked:               0 kB
HighTotal:        849920 kB
HighFree:           9660 kB
LowTotal:         536648 kB
LowFree:           46752 kB
SwapTotal:        786428 kB
SwapFree:         724448 kB
Dirty:                 0 kB
Writeback:             0 kB
AnonPages:        438052 kB
Mapped:           323264 kB
Shmem:              1032 kB
Slab:              53016 kB
SReclaimable:      17452 kB
SUnreclaim:        35564 kB
KernelStack:       10792 kB
PageTables:        31252 kB
NFS_Unstable:          0 kB
Bounce:                0 kB
WritebackTmp:          0 kB
CommitLimit:     1479712 kB
Committed_AS:   68471800 kB
VmallocTotal:     319488 kB
VmallocUsed:       14336 kB
VmallocChunk:     169996 kB
Time pass: 226 sec

---2015-12-10 12:23:27
MemTotal:        1386568 kB
MemFree:           56332 kB
Buffers:           11664 kB
Cached:           542328 kB
SwapCached:         6144 kB
Active:           491928 kB
Inactive:         499648 kB
Active(anon):     213244 kB
Inactive(anon):   228504 kB
Active(file):     278684 kB
Inactive(file):   271144 kB
Unevictable:        3132 kB
Mlocked:               0 kB
HighTotal:        849920 kB
HighFree:           9724 kB
LowTotal:         536648 kB
LowFree:           46608 kB
SwapTotal:        786428 kB
SwapFree:         724448 kB
Dirty:                32 kB
Writeback:             0 kB
AnonPages:        438160 kB
Mapped:           323264 kB
Shmem:              1032 kB
Slab:              53272 kB
SReclaimable:      17452 kB
SUnreclaim:        35820 kB
KernelStack:       10800 kB
PageTables:        31256 kB
NFS_Unstable:          0 kB
Bounce:                0 kB
WritebackTmp:          0 kB
CommitLimit:     1479712 kB
Committed_AS:   68475976 kB
VmallocTotal:     319488 kB
VmallocUsed:       14336 kB
VmallocChunk:     169996 kB
Time pass: 230 sec

---2015-12-10 12:23:27
MemTotal:        1386568 kB
MemFree:           55612 kB
Buffers:           11672 kB
Cached:           542440 kB
SwapCached:         6144 kB
Active:           492056 kB
Inactive:         499756 kB
Active(anon):     213372 kB
Inactive(anon):   228604 kB
Active(file):     278684 kB
Inactive(file):   271152 kB
Unevictable:        3132 kB
Mlocked:               0 kB
HighTotal:        849920 kB
HighFree:           8972 kB
LowTotal:         536648 kB
LowFree:           46640 kB
SwapTotal:        786428 kB
SwapFree:         724452 kB
Dirty:                28 kB
Writeback:             0 kB
AnonPages:        438424 kB
Mapped:           323328 kB
Shmem:              1144 kB
Slab:              52980 kB
SReclaimable:      17452 kB
SUnreclaim:        35528 kB
KernelStack:       10824 kB
PageTables:        31244 kB
NFS_Unstable:          0 kB
Bounce:                0 kB
WritebackTmp:          0 kB
CommitLimit:     1479712 kB
Committed_AS:   68476216 kB
VmallocTotal:     319488 kB
VmallocUsed:       14336 kB
VmallocChunk:     169996 kB
Time pass: 234 sec

---2015-12-10 12:23:27
MemTotal:        1386568 kB
MemFree:           54788 kB
Buffers:           11688 kB
Cached:           542444 kB
SwapCached:         6140 kB
Active:           492664 kB
Inactive:         499756 kB
Active(anon):     213980 kB
Inactive(anon):   228588 kB
Active(file):     278684 kB
Inactive(file):   271168 kB
Unevictable:        3132 kB
Mlocked:               0 kB
HighTotal:        849920 kB
HighFree:           8864 kB
LowTotal:         536648 kB
LowFree:           45924 kB
SwapTotal:        786428 kB
SwapFree:         724472 kB
Dirty:                36 kB
Writeback:             0 kB
AnonPages:        439020 kB
Mapped:           323332 kB
Shmem:              1148 kB
Slab:              53172 kB
SReclaimable:      17452 kB
SUnreclaim:        35720 kB
KernelStack:       10808 kB
PageTables:        31236 kB
NFS_Unstable:          0 kB
Bounce:                0 kB
WritebackTmp:          0 kB
CommitLimit:     1479712 kB
Committed_AS:   68476304 kB
VmallocTotal:     319488 kB
VmallocUsed:       14336 kB
VmallocChunk:     169996 kB
Time pass: 239 sec

---2015-12-10 12:23:27
MemTotal:        1386568 kB
MemFree:           54296 kB
Buffers:           11696 kB
Cached:           542444 kB
SwapCached:         6140 kB
Active:           493128 kB
Inactive:         499736 kB
Active(anon):     214444 kB
Inactive(anon):   228560 kB
Active(file):     278684 kB
Inactive(file):   271176 kB
Unevictable:        3132 kB
Mlocked:               0 kB
HighTotal:        849920 kB
HighFree:           8728 kB
LowTotal:         536648 kB
LowFree:           45568 kB
SwapTotal:        786428 kB
SwapFree:         724476 kB
Dirty:                28 kB
Writeback:             0 kB
AnonPages:        439440 kB
Mapped:           323436 kB
Shmem:              1148 kB
Slab:              52884 kB
SReclaimable:      17452 kB
SUnreclaim:        35432 kB
KernelStack:       10832 kB
PageTables:        31280 kB
NFS_Unstable:          0 kB
Bounce:                0 kB
WritebackTmp:          0 kB
CommitLimit:     1479712 kB
Committed_AS:   68476384 kB
VmallocTotal:     319488 kB
VmallocUsed:       14404 kB
VmallocChunk:     169996 kB
Time pass: 242 sec

---2015-12-10 12:23:27
MemTotal:        1386568 kB
MemFree:           54208 kB
Buffers:           11712 kB
Cached:           542456 kB
SwapCached:         6140 kB
Active:           493452 kB
Inactive:         499684 kB
Active(anon):     214768 kB
Inactive(anon):   228492 kB
Active(file):     278684 kB
Inactive(file):   271192 kB
Unevictable:        3132 kB
Mlocked:               0 kB
HighTotal:        849920 kB
HighFree:           8808 kB
LowTotal:         536648 kB
LowFree:           45400 kB
SwapTotal:        786428 kB
SwapFree:         724476 kB
Dirty:                36 kB
Writeback:             0 kB
AnonPages:        439456 kB
Mapped:           323448 kB
Shmem:              1160 kB
Slab:              53012 kB
SReclaimable:      17452 kB
SUnreclaim:        35560 kB
KernelStack:       10792 kB
PageTables:        31264 kB
NFS_Unstable:          0 kB
Bounce:                0 kB
WritebackTmp:          0 kB
CommitLimit:     1479712 kB
Committed_AS:   68476508 kB
VmallocTotal:     319488 kB
VmallocUsed:       14404 kB
VmallocChunk:     169996 kB
Time pass: 247 sec

---2015-12-10 12:23:27
MemTotal:        1386568 kB
MemFree:           53780 kB
Buffers:           11728 kB
Cached:           542580 kB
SwapCached:         6140 kB
Active:           493324 kB
Inactive:         499824 kB
Active(anon):     214640 kB
Inactive(anon):   228576 kB
Active(file):     278684 kB
Inactive(file):   271248 kB
Unevictable:        3132 kB
Mlocked:               0 kB
HighTotal:        849920 kB
HighFree:           8876 kB
LowTotal:         536648 kB
LowFree:           44904 kB
SwapTotal:        786428 kB
SwapFree:         724476 kB
Dirty:                52 kB
Writeback:             0 kB
AnonPages:        439512 kB
Mapped:           323536 kB
Shmem:              1244 kB
Slab:              53204 kB
SReclaimable:      17452 kB
SUnreclaim:        35752 kB
KernelStack:       10800 kB
PageTables:        31260 kB
NFS_Unstable:          0 kB
Bounce:                0 kB
WritebackTmp:          0 kB
CommitLimit:     1479712 kB
Committed_AS:   68477136 kB
VmallocTotal:     319488 kB
VmallocUsed:       14404 kB
VmallocChunk:     169996 kB
Time pass: 251 sec

---2015-12-10 12:23:27
MemTotal:        1386568 kB
MemFree:           53604 kB
Buffers:           11744 kB
Cached:           542580 kB
SwapCached:         6140 kB
Active:           494080 kB
Inactive:         499752 kB
Active(anon):     215396 kB
Inactive(anon):   228488 kB
Active(file):     278684 kB
Inactive(file):   271264 kB
Unevictable:        3132 kB
Mlocked:               0 kB
HighTotal:        849920 kB
HighFree:           8732 kB
LowTotal:         536648 kB
LowFree:           44872 kB
SwapTotal:        786428 kB
SwapFree:         724476 kB
Dirty:                 0 kB
Writeback:             0 kB
AnonPages:        440244 kB
Mapped:           323536 kB
Shmem:              1244 kB
Slab:              52980 kB
SReclaimable:      17452 kB
SUnreclaim:        35528 kB
KernelStack:       10800 kB
PageTables:        31264 kB
NFS_Unstable:          0 kB
Bounce:                0 kB
WritebackTmp:          0 kB
CommitLimit:     1479712 kB
Committed_AS:   68477368 kB
VmallocTotal:     319488 kB
VmallocUsed:       14404 kB
VmallocChunk:     169996 kB
Time pass: 255 sec

---2015-12-10 12:23:27
MemTotal:        1386568 kB
MemFree:           52328 kB
Buffers:           11760 kB
Cached:           542580 kB
SwapCached:         6140 kB
Active:           495316 kB
Inactive:         499724 kB
Active(anon):     216632 kB
Inactive(anon):   228444 kB
Active(file):     278684 kB
Inactive(file):   271280 kB
Unevictable:        3132 kB
Mlocked:               0 kB
HighTotal:        849920 kB
HighFree:           8752 kB
LowTotal:         536648 kB
LowFree:           43576 kB
SwapTotal:        786428 kB
SwapFree:         724476 kB
Dirty:                40 kB
Writeback:             0 kB
AnonPages:        441624 kB
Mapped:           323332 kB
Shmem:              1244 kB
Slab:              53076 kB
SReclaimable:      17452 kB
SUnreclaim:        35624 kB
KernelStack:       10832 kB
PageTables:        31248 kB
NFS_Unstable:          0 kB
Bounce:                0 kB
WritebackTmp:          0 kB
CommitLimit:     1479712 kB
Committed_AS:   68477444 kB
VmallocTotal:     319488 kB
VmallocUsed:       14404 kB
VmallocChunk:     169996 kB
Time pass: 259 sec

---2015-12-10 12:23:27
MemTotal:        1386568 kB
MemFree:           51968 kB
Buffers:           11784 kB
Cached:           542860 kB
SwapCached:         6140 kB
Active:           495804 kB
Inactive:         499932 kB
Active(anon):     217120 kB
Inactive(anon):   228444 kB
Active(file):     278684 kB
Inactive(file):   271488 kB
Unevictable:        3132 kB
Mlocked:               0 kB
HighTotal:        849920 kB
HighFree:           8604 kB
LowTotal:         536648 kB
LowFree:           43364 kB
SwapTotal:        786428 kB
SwapFree:         724488 kB
Dirty:                28 kB
Writeback:             0 kB
AnonPages:        442196 kB
Mapped:           323480 kB
Shmem:              1244 kB
Slab:              53016 kB
SReclaimable:      17452 kB
SUnreclaim:        35564 kB
KernelStack:       10832 kB
PageTables:        31244 kB
NFS_Unstable:          0 kB
Bounce:                0 kB
WritebackTmp:          0 kB
CommitLimit:     1479712 kB
Committed_AS:   68481624 kB
VmallocTotal:     319488 kB
VmallocUsed:       14404 kB
VmallocChunk:     169996 kB
Time pass: 263 sec

---2015-12-10 12:23:27
MemTotal:        1386568 kB
MemFree:           52884 kB
Buffers:           11784 kB
Cached:           542840 kB
SwapCached:         6136 kB
Active:           495024 kB
Inactive:         500024 kB
Active(anon):     216340 kB
Inactive(anon):   228460 kB
Active(file):     278684 kB
Inactive(file):   271564 kB
Unevictable:        3132 kB
Mlocked:               0 kB
HighTotal:        849920 kB
HighFree:           8944 kB
LowTotal:         536648 kB
LowFree:           43940 kB
SwapTotal:        786428 kB
SwapFree:         724500 kB
Dirty:                 8 kB
Writeback:             0 kB
AnonPages:        441204 kB
Mapped:           323544 kB
Shmem:              1244 kB
Slab:              53112 kB
SReclaimable:      17452 kB
SUnreclaim:        35660 kB
KernelStack:       10816 kB
PageTables:        31248 kB
NFS_Unstable:          0 kB
Bounce:                0 kB
WritebackTmp:          0 kB
CommitLimit:     1479712 kB
Committed_AS:   68477128 kB
VmallocTotal:     319488 kB
VmallocUsed:       14404 kB
VmallocChunk:     169996 kB
Time pass: 267 sec

---2015-12-10 12:23:27
MemTotal:        1386568 kB
MemFree:           57240 kB
Buffers:           11808 kB
Cached:           542824 kB
SwapCached:         6136 kB
Active:           490740 kB
Inactive:         500032 kB
Active(anon):     212056 kB
Inactive(anon):   228460 kB
Active(file):     278684 kB
Inactive(file):   271572 kB
Unevictable:        3132 kB
Mlocked:               0 kB
HighTotal:        849920 kB
HighFree:          10012 kB
LowTotal:         536648 kB
LowFree:           47228 kB
SwapTotal:        786428 kB
SwapFree:         724500 kB
Dirty:                36 kB
Writeback:             0 kB
AnonPages:        436788 kB
Mapped:           323544 kB
Shmem:              1244 kB
Slab:              53180 kB
SReclaimable:      17452 kB
SUnreclaim:        35728 kB
KernelStack:       10824 kB
PageTables:        31256 kB
NFS_Unstable:          0 kB
Bounce:                0 kB
WritebackTmp:          0 kB
CommitLimit:     1479712 kB
Committed_AS:   68477216 kB
VmallocTotal:     319488 kB
VmallocUsed:       14404 kB
VmallocChunk:     169996 kB
Time pass: 271 sec

---2015-12-10 12:23:27
MemTotal:        1386568 kB
MemFree:           56968 kB
Buffers:           11808 kB
Cached:           542840 kB
SwapCached:         6136 kB
Active:           490448 kB
Inactive:         500040 kB
Active(anon):     211764 kB
Inactive(anon):   228452 kB
Active(file):     278684 kB
Inactive(file):   271588 kB
Unevictable:        3132 kB
Mlocked:               0 kB
HighTotal:        849920 kB
HighFree:           8740 kB
LowTotal:         536648 kB
LowFree:           48228 kB
SwapTotal:        786428 kB
SwapFree:         724500 kB
Dirty:                 0 kB
Writeback:             0 kB
AnonPages:        436428 kB
Mapped:           323600 kB
Shmem:              1244 kB
Slab:              52988 kB
SReclaimable:      17452 kB
SUnreclaim:        35536 kB
KernelStack:       10824 kB
PageTables:        31272 kB
NFS_Unstable:          0 kB
Bounce:                0 kB
WritebackTmp:          0 kB
CommitLimit:     1479712 kB
Committed_AS:   68477456 kB
VmallocTotal:     319488 kB
VmallocUsed:       14404 kB
VmallocChunk:     169996 kB
Time pass: 275 sec

---2015-12-10 12:23:27
MemTotal:        1386568 kB
MemFree:           56600 kB
Buffers:           11824 kB
Cached:           542840 kB
SwapCached:         6136 kB
Active:           490420 kB
Inactive:         500056 kB
Active(anon):     211736 kB
Inactive(anon):   228452 kB
Active(file):     278684 kB
Inactive(file):   271604 kB
Unevictable:        3132 kB
Mlocked:               0 kB
HighTotal:        849920 kB
HighFree:           8988 kB
LowTotal:         536648 kB
LowFree:           47612 kB
SwapTotal:        786428 kB
SwapFree:         724500 kB
Dirty:                44 kB
Writeback:             0 kB
AnonPages:        436452 kB
Mapped:           323600 kB
Shmem:              1244 kB
Slab:              53120 kB
SReclaimable:      17452 kB
SUnreclaim:        35668 kB
KernelStack:       10792 kB
PageTables:        31276 kB
NFS_Unstable:          0 kB
Bounce:                0 kB
WritebackTmp:          0 kB
CommitLimit:     1479712 kB
Committed_AS:   68481616 kB
VmallocTotal:     319488 kB
VmallocUsed:       14404 kB
VmallocChunk:     169996 kB
Time pass: 279 sec

---2015-12-10 12:23:27
MemTotal:        1386568 kB
MemFree:           57256 kB
Buffers:           11832 kB
Cached:           542840 kB
SwapCached:         6136 kB
Active:           490692 kB
Inactive:         500064 kB
Active(anon):     212008 kB
Inactive(anon):   228452 kB
Active(file):     278684 kB
Inactive(file):   271612 kB
Unevictable:        3132 kB
Mlocked:               0 kB
HighTotal:        849920 kB
HighFree:           8864 kB
LowTotal:         536648 kB
LowFree:           48392 kB
SwapTotal:        786428 kB
SwapFree:         724500 kB
Dirty:                 0 kB
Writeback:             0 kB
AnonPages:        436688 kB
Mapped:           323552 kB
Shmem:              1244 kB
Slab:              53024 kB
SReclaimable:      17452 kB
SUnreclaim:        35572 kB
KernelStack:       10792 kB
PageTables:        31280 kB
NFS_Unstable:          0 kB
Bounce:                0 kB
WritebackTmp:          0 kB
CommitLimit:     1479712 kB
Committed_AS:   68481688 kB
VmallocTotal:     319488 kB
VmallocUsed:       14336 kB
VmallocChunk:     169996 kB
Time pass: 283 sec

---2015-12-10 12:23:27
MemTotal:        1386568 kB
MemFree:           56136 kB
Buffers:           11848 kB
Cached:           542844 kB
SwapCached:         6132 kB
Active:           491000 kB
Inactive:         500080 kB
Active(anon):     212316 kB
Inactive(anon):   228452 kB
Active(file):     278684 kB
Inactive(file):   271628 kB
Unevictable:        3132 kB
Mlocked:               0 kB
HighTotal:        849920 kB
HighFree:           8808 kB
LowTotal:         536648 kB
LowFree:           47328 kB
SwapTotal:        786428 kB
SwapFree:         724708 kB
Dirty:                36 kB
Writeback:             0 kB
AnonPages:        436836 kB
Mapped:           323600 kB
Shmem:              1244 kB
Slab:              53024 kB
SReclaimable:      17452 kB
SUnreclaim:        35572 kB
KernelStack:       10792 kB
PageTables:        31276 kB
NFS_Unstable:          0 kB
Bounce:                0 kB
WritebackTmp:          0 kB
CommitLimit:     1479712 kB
Committed_AS:   68473460 kB
VmallocTotal:     319488 kB
VmallocUsed:       14404 kB
VmallocChunk:     169996 kB
Time pass: 287 sec

---2015-12-10 12:23:27
MemTotal:        1386568 kB
MemFree:           56056 kB
Buffers:           11856 kB
Cached:           542840 kB
SwapCached:         6132 kB
Active:           490920 kB
Inactive:         500084 kB
Active(anon):     212236 kB
Inactive(anon):   228448 kB
Active(file):     278684 kB
Inactive(file):   271636 kB
Unevictable:        3132 kB
Mlocked:               0 kB
HighTotal:        849920 kB
HighFree:           8788 kB
LowTotal:         536648 kB
LowFree:           47268 kB
SwapTotal:        786428 kB
SwapFree:         724708 kB
Dirty:                28 kB
Writeback:             0 kB
AnonPages:        437184 kB
Mapped:           323448 kB
Shmem:              1244 kB
Slab:              53092 kB
SReclaimable:      17452 kB
SUnreclaim:        35640 kB
KernelStack:       10832 kB
PageTables:        31264 kB
NFS_Unstable:          0 kB
Bounce:                0 kB
WritebackTmp:          0 kB
CommitLimit:     1479712 kB
Committed_AS:   68473532 kB
VmallocTotal:     319488 kB
VmallocUsed:       14404 kB
VmallocChunk:     169996 kB
Time pass: 291 sec

---2015-12-10 12:23:27
MemTotal:        1386568 kB
MemFree:           55936 kB
Buffers:           11872 kB
Cached:           542940 kB
SwapCached:         6132 kB
Active:           491512 kB
Inactive:         500168 kB
Active(anon):     212828 kB
Inactive(anon):   228516 kB
Active(file):     278684 kB
Inactive(file):   271652 kB
Unevictable:        3132 kB
Mlocked:               0 kB
HighTotal:        849920 kB
HighFree:           8900 kB
LowTotal:         536648 kB
LowFree:           47036 kB
SwapTotal:        786428 kB
SwapFree:         724712 kB
Dirty:                 0 kB
Writeback:             0 kB
AnonPages:        437608 kB
Mapped:           323696 kB
Shmem:              1344 kB
Slab:              53092 kB
SReclaimable:      17452 kB
SUnreclaim:        35640 kB
KernelStack:       10784 kB
PageTables:        31264 kB
NFS_Unstable:          0 kB
Bounce:                0 kB
WritebackTmp:          0 kB
CommitLimit:     1479712 kB
Committed_AS:   68473780 kB
VmallocTotal:     319488 kB
VmallocUsed:       14404 kB
VmallocChunk:     169996 kB
Time pass: 295 sec

---2015-12-10 12:23:27
MemTotal:        1386568 kB
MemFree:           56440 kB
Buffers:           11880 kB
Cached:           542976 kB
SwapCached:         6132 kB
Active:           491408 kB
Inactive:         500244 kB
Active(anon):     212724 kB
Inactive(anon):   228584 kB
Active(file):     278684 kB
Inactive(file):   271660 kB
Unevictable:        3132 kB
Mlocked:               0 kB
HighTotal:        849920 kB
HighFree:           8804 kB
LowTotal:         536648 kB
LowFree:           47636 kB
SwapTotal:        786428 kB
SwapFree:         724728 kB
Dirty:                28 kB
Writeback:             0 kB
AnonPages:        437540 kB
Mapped:           323684 kB
Shmem:              1380 kB
Slab:              52968 kB
SReclaimable:      17452 kB
SUnreclaim:        35516 kB
KernelStack:       10784 kB
PageTables:        31264 kB
NFS_Unstable:          0 kB
Bounce:                0 kB
WritebackTmp:          0 kB
CommitLimit:     1479712 kB
Committed_AS:   68473860 kB
VmallocTotal:     319488 kB
VmallocUsed:       14336 kB
VmallocChunk:     169996 kB
Time pass: 299 sec

---2015-12-10 12:23:27
MemTotal:        1386568 kB
MemFree:           54988 kB
Buffers:           11896 kB
Cached:           542976 kB
SwapCached:         6132 kB
Active:           492468 kB
Inactive:         500232 kB
Active(anon):     213784 kB
Inactive(anon):   228556 kB
Active(file):     278684 kB
Inactive(file):   271676 kB
Unevictable:        3132 kB
Mlocked:               0 kB
HighTotal:        849920 kB
HighFree:           8768 kB
LowTotal:         536648 kB
LowFree:           46220 kB
SwapTotal:        786428 kB
SwapFree:         724728 kB
Dirty:                 0 kB
Writeback:             8 kB
AnonPages:        438724 kB
Mapped:           323584 kB
Shmem:              1380 kB
Slab:              53132 kB
SReclaimable:      17452 kB
SUnreclaim:        35680 kB
KernelStack:       10832 kB
PageTables:        31280 kB
NFS_Unstable:          0 kB
Bounce:                0 kB
WritebackTmp:          0 kB
CommitLimit:     1479712 kB
Committed_AS:   68473948 kB
VmallocTotal:     319488 kB
VmallocUsed:       14404 kB
VmallocChunk:     169996 kB
Time pass: 302 sec

---2015-12-10 12:23:27
MemTotal:        1386568 kB
MemFree:           55832 kB
Buffers:           11912 kB
Cached:           542976 kB
SwapCached:         6132 kB
Active:           492284 kB
Inactive:         500228 kB
Active(anon):     213600 kB
Inactive(anon):   228536 kB
Active(file):     278684 kB
Inactive(file):   271692 kB
Unevictable:        3132 kB
Mlocked:               0 kB
HighTotal:        849920 kB
HighFree:           9452 kB
LowTotal:         536648 kB
LowFree:           46380 kB
SwapTotal:        786428 kB
SwapFree:         724728 kB
Dirty:                32 kB
Writeback:             0 kB
AnonPages:        438376 kB
Mapped:           323684 kB
Shmem:              1380 kB
Slab:              52972 kB
SReclaimable:      17452 kB
SUnreclaim:        35520 kB
KernelStack:       10784 kB
PageTables:        31268 kB
NFS_Unstable:          0 kB
Bounce:                0 kB
WritebackTmp:          0 kB
CommitLimit:     1479712 kB
Committed_AS:   68474180 kB
VmallocTotal:     319488 kB
VmallocUsed:       14336 kB
VmallocChunk:     169996 kB
Time pass: 307 sec

---2015-12-10 12:23:27
MemTotal:        1386568 kB
MemFree:           55304 kB
Buffers:           11920 kB
Cached:           542976 kB
SwapCached:         6132 kB
Active:           492232 kB
Inactive:         500224 kB
Active(anon):     213548 kB
Inactive(anon):   228524 kB
Active(file):     278684 kB
Inactive(file):   271700 kB
Unevictable:        3132 kB
Mlocked:               0 kB
HighTotal:        849920 kB
HighFree:           8804 kB
LowTotal:         536648 kB
LowFree:           46500 kB
SwapTotal:        786428 kB
SwapFree:         724728 kB
Dirty:                28 kB
Writeback:             0 kB
AnonPages:        438192 kB
Mapped:           323732 kB
Shmem:              1380 kB
Slab:              53196 kB
SReclaimable:      17452 kB
SUnreclaim:        35744 kB
KernelStack:       10832 kB
PageTables:        31268 kB
NFS_Unstable:          0 kB
Bounce:                0 kB
WritebackTmp:          0 kB
CommitLimit:     1479712 kB
Committed_AS:   68474228 kB
VmallocTotal:     319488 kB
VmallocUsed:       14404 kB
VmallocChunk:     169996 kB
Time pass: 311 sec

---2015-12-10 12:23:27
MemTotal:        1386568 kB
MemFree:           55584 kB
Buffers:           11936 kB
Cached:           542976 kB
SwapCached:         6128 kB
Active:           492476 kB
Inactive:         500240 kB
Active(anon):     213792 kB
Inactive(anon):   228524 kB
Active(file):     278684 kB
Inactive(file):   271716 kB
Unevictable:        3132 kB
Mlocked:               0 kB
HighTotal:        849920 kB
HighFree:           9380 kB
LowTotal:         536648 kB
LowFree:           46204 kB
SwapTotal:        786428 kB
SwapFree:         724732 kB
Dirty:                 0 kB
Writeback:             0 kB
AnonPages:        438440 kB
Mapped:           323684 kB
Shmem:              1380 kB
Slab:              53296 kB
SReclaimable:      17452 kB
SUnreclaim:        35844 kB
KernelStack:       10776 kB
PageTables:        31264 kB
NFS_Unstable:          0 kB
Bounce:                0 kB
WritebackTmp:          0 kB
CommitLimit:     1479712 kB
Committed_AS:   68474484 kB
VmallocTotal:     319488 kB
VmallocUsed:       14336 kB
VmallocChunk:     169996 kB
Time pass: 315 sec

---2015-12-10 12:23:27
MemTotal:        1386568 kB
MemFree:           54892 kB
Buffers:           11960 kB
Cached:           542960 kB
SwapCached:         6128 kB
Active:           492708 kB
Inactive:         500248 kB
Active(anon):     214024 kB
Inactive(anon):   228524 kB
Active(file):     278684 kB
Inactive(file):   271724 kB
Unevictable:        3132 kB
Mlocked:               0 kB
HighTotal:        849920 kB
HighFree:           8692 kB
LowTotal:         536648 kB
LowFree:           46200 kB
SwapTotal:        786428 kB
SwapFree:         724732 kB
Dirty:                28 kB
Writeback:             0 kB
AnonPages:        438788 kB
Mapped:           323676 kB
Shmem:              1380 kB
Slab:              53232 kB
SReclaimable:      17452 kB
SUnreclaim:        35780 kB
KernelStack:       10800 kB
PageTables:        31248 kB
NFS_Unstable:          0 kB
Bounce:                0 kB
WritebackTmp:          0 kB
CommitLimit:     1479712 kB
Committed_AS:   68474564 kB
VmallocTotal:     319488 kB
VmallocUsed:       14404 kB
VmallocChunk:     169996 kB
Time pass: 319 sec

---2015-12-10 12:23:27
MemTotal:        1386568 kB
MemFree:           53652 kB
Buffers:           11960 kB
Cached:           543020 kB
SwapCached:         6172 kB
Active:           493204 kB
Inactive:         500352 kB
Active(anon):     214520 kB
Inactive(anon):   228568 kB
Active(file):     278684 kB
Inactive(file):   271784 kB
Unevictable:        3132 kB
Mlocked:               0 kB
HighTotal:        849920 kB
HighFree:           8756 kB
LowTotal:         536648 kB
LowFree:           44896 kB
SwapTotal:        786428 kB
SwapFree:         724748 kB
Dirty:                 0 kB
Writeback:             0 kB
AnonPages:        439172 kB
Mapped:           323596 kB
Shmem:              1380 kB
Slab:              53296 kB
SReclaimable:      17452 kB
SUnreclaim:        35844 kB
KernelStack:       10840 kB
PageTables:        31268 kB
NFS_Unstable:          0 kB
Bounce:                0 kB
WritebackTmp:          0 kB
CommitLimit:     1479712 kB
Committed_AS:   68475132 kB
VmallocTotal:     319488 kB
VmallocUsed:       14404 kB
VmallocChunk:     169996 kB
Time pass: 324 sec

---2015-12-10 12:23:27
MemTotal:        1386568 kB
MemFree:           52788 kB
Buffers:           11984 kB
Cached:           543008 kB
SwapCached:         6172 kB
Active:           493348 kB
Inactive:         500360 kB
Active(anon):     214664 kB
Inactive(anon):   228568 kB
Active(file):     278684 kB
Inactive(file):   271792 kB
Unevictable:        3132 kB
Mlocked:               0 kB
HighTotal:        849920 kB
HighFree:           9048 kB
LowTotal:         536648 kB
LowFree:           43740 kB
SwapTotal:        786428 kB
SwapFree:         724752 kB
Dirty:                28 kB
Writeback:             0 kB
AnonPages:        439308 kB
Mapped:           323592 kB
Shmem:              1384 kB
Slab:              53568 kB
SReclaimable:      17452 kB
SUnreclaim:        36116 kB
KernelStack:       10840 kB
PageTables:        31272 kB
NFS_Unstable:          0 kB
Bounce:                0 kB
WritebackTmp:          0 kB
CommitLimit:     1479712 kB
Committed_AS:   68475348 kB
VmallocTotal:     319488 kB
VmallocUsed:       14404 kB
VmallocChunk:     169996 kB
Time pass: 328 sec

---2015-12-10 12:23:27
MemTotal:        1386568 kB
MemFree:           53792 kB
Buffers:           12000 kB
Cached:           543008 kB
SwapCached:         6172 kB
Active:           493244 kB
Inactive:         500380 kB
Active(anon):     214560 kB
Inactive(anon):   228572 kB
Active(file):     278684 kB
Inactive(file):   271808 kB
Unevictable:        3132 kB
Mlocked:               0 kB
HighTotal:        849920 kB
HighFree:           8788 kB
LowTotal:         536648 kB
LowFree:           45004 kB
SwapTotal:        786428 kB
SwapFree:         724752 kB
Dirty:                 0 kB
Writeback:             0 kB
AnonPages:        439408 kB
Mapped:           323740 kB
Shmem:              1384 kB
Slab:              53468 kB
SReclaimable:      17452 kB
SUnreclaim:        36016 kB
KernelStack:       10840 kB
PageTables:        31264 kB
NFS_Unstable:          0 kB
Bounce:                0 kB
WritebackTmp:          0 kB
CommitLimit:     1479712 kB
Committed_AS:   68475444 kB
VmallocTotal:     319488 kB
VmallocUsed:       14404 kB
VmallocChunk:     169996 kB
Time pass: 331 sec

---2015-12-10 12:23:27
MemTotal:        1386568 kB
MemFree:           53040 kB
Buffers:           12000 kB
Cached:           543024 kB
SwapCached:         6172 kB
Active:           493956 kB
Inactive:         500396 kB
Active(anon):     215272 kB
Inactive(anon):   228572 kB
Active(file):     278684 kB
Inactive(file):   271824 kB
Unevictable:        3132 kB
Mlocked:               0 kB
HighTotal:        849920 kB
HighFree:           8780 kB
LowTotal:         536648 kB
LowFree:           44260 kB
SwapTotal:        786428 kB
SwapFree:         724756 kB
Dirty:                36 kB
Writeback:             0 kB
AnonPages:        439888 kB
Mapped:           323740 kB
Shmem:              1384 kB
Slab:              53308 kB
SReclaimable:      17452 kB
SUnreclaim:        35856 kB
KernelStack:       10848 kB
PageTables:        31268 kB
NFS_Unstable:          0 kB
Bounce:                0 kB
WritebackTmp:          0 kB
CommitLimit:     1479712 kB
Committed_AS:   68475700 kB
VmallocTotal:     319488 kB
VmallocUsed:       14404 kB
VmallocChunk:     169996 kB
Time pass: 335 sec

---2015-12-10 12:23:27
MemTotal:        1386568 kB
MemFree:           52432 kB
Buffers:           12008 kB
Cached:           543024 kB
SwapCached:         6172 kB
Active:           493996 kB
Inactive:         500380 kB
Active(anon):     215312 kB
Inactive(anon):   228548 kB
Active(file):     278684 kB
Inactive(file):   271832 kB
Unevictable:        3132 kB
Mlocked:               0 kB
HighTotal:        849920 kB
HighFree:           8632 kB
LowTotal:         536648 kB
LowFree:           43800 kB
SwapTotal:        786428 kB
SwapFree:         724756 kB
Dirty:                28 kB
Writeback:             0 kB
AnonPages:        439964 kB
Mapped:           323740 kB
Shmem:              1384 kB
Slab:              53244 kB
SReclaimable:      17452 kB
SUnreclaim:        35792 kB
KernelStack:       10840 kB
PageTables:        31272 kB
NFS_Unstable:          0 kB
Bounce:                0 kB
WritebackTmp:          0 kB
CommitLimit:     1479712 kB
Committed_AS:   68475780 kB
VmallocTotal:     319488 kB
VmallocUsed:       14404 kB
VmallocChunk:     169996 kB
Time pass: 339 sec

---2015-12-10 12:23:27
MemTotal:        1386568 kB
MemFree:           52916 kB
Buffers:           12024 kB
Cached:           543024 kB
SwapCached:         6172 kB
Active:           494084 kB
Inactive:         500396 kB
Active(anon):     215400 kB
Inactive(anon):   228548 kB
Active(file):     278684 kB
Inactive(file):   271848 kB
Unevictable:        3132 kB
Mlocked:               0 kB
HighTotal:        849920 kB
HighFree:           9132 kB
LowTotal:         536648 kB
LowFree:           43784 kB
SwapTotal:        786428 kB
SwapFree:         724756 kB
Dirty:                 0 kB
Writeback:             0 kB
AnonPages:        440016 kB
Mapped:           323592 kB
Shmem:              1384 kB
Slab:              53276 kB
SReclaimable:      17452 kB
SUnreclaim:        35824 kB
KernelStack:       10832 kB
PageTables:        31272 kB
NFS_Unstable:          0 kB
Bounce:                0 kB
WritebackTmp:          0 kB
CommitLimit:     1479712 kB
Committed_AS:   68475852 kB
VmallocTotal:     319488 kB
VmallocUsed:       14404 kB
VmallocChunk:     169996 kB
Time pass: 343 sec

---2015-12-10 12:23:27
MemTotal:        1386568 kB
MemFree:           53112 kB
Buffers:           12032 kB
Cached:           543024 kB
SwapCached:         6172 kB
Active:           494232 kB
Inactive:         500372 kB
Active(anon):     215548 kB
Inactive(anon):   228516 kB
Active(file):     278684 kB
Inactive(file):   271856 kB
Unevictable:        3132 kB
Mlocked:               0 kB
HighTotal:        849920 kB
HighFree:           9104 kB
LowTotal:         536648 kB
LowFree:           44008 kB
SwapTotal:        786428 kB
SwapFree:         724756 kB
Dirty:                28 kB
Writeback:             0 kB
AnonPages:        440188 kB
Mapped:           323692 kB
Shmem:              1384 kB
Slab:              53180 kB
SReclaimable:      17452 kB
SUnreclaim:        35728 kB
KernelStack:       10800 kB
PageTables:        31272 kB
NFS_Unstable:          0 kB
Bounce:                0 kB
WritebackTmp:          0 kB
CommitLimit:     1479712 kB
Committed_AS:   68476084 kB
VmallocTotal:     319488 kB
VmallocUsed:       14336 kB
VmallocChunk:     169996 kB
Time pass: 347 sec

---2015-12-10 12:23:27
MemTotal:        1386568 kB
MemFree:           53040 kB
Buffers:           12048 kB
Cached:           543024 kB
SwapCached:         6192 kB
Active:           493736 kB
Inactive:         500408 kB
Active(anon):     215052 kB
Inactive(anon):   228536 kB
Active(file):     278684 kB
Inactive(file):   271872 kB
Unevictable:        3132 kB
Mlocked:               0 kB
HighTotal:        849920 kB
HighFree:           9444 kB
LowTotal:         536648 kB
LowFree:           43596 kB
SwapTotal:        786428 kB
SwapFree:         724760 kB
Dirty:                 0 kB
Writeback:             0 kB
AnonPages:        439716 kB
Mapped:           323692 kB
Shmem:              1384 kB
Slab:              53408 kB
SReclaimable:      17460 kB
SUnreclaim:        35948 kB
KernelStack:       10792 kB
PageTables:        31268 kB
NFS_Unstable:          0 kB
Bounce:                0 kB
WritebackTmp:          0 kB
CommitLimit:     1479712 kB
Committed_AS:   68472940 kB
VmallocTotal:     319488 kB
VmallocUsed:       14336 kB
VmallocChunk:     169996 kB
Time pass: 350 sec

---2015-12-10 12:23:27
MemTotal:        1386568 kB
MemFree:           54604 kB
Buffers:           12056 kB
Cached:           543024 kB
SwapCached:         6192 kB
Active:           491812 kB
Inactive:         500388 kB
Active(anon):     213128 kB
Inactive(anon):   228508 kB
Active(file):     278684 kB
Inactive(file):   271880 kB
Unevictable:        3132 kB
Mlocked:               0 kB
HighTotal:        849920 kB
HighFree:           9200 kB
LowTotal:         536648 kB
LowFree:           45404 kB
SwapTotal:        786428 kB
SwapFree:         724760 kB
Dirty:                28 kB
Writeback:             0 kB
AnonPages:        437780 kB
Mapped:           323740 kB
Shmem:              1384 kB
Slab:              53504 kB
SReclaimable:      17460 kB
SUnreclaim:        36044 kB
KernelStack:       10832 kB
PageTables:        31268 kB
NFS_Unstable:          0 kB
Bounce:                0 kB
WritebackTmp:          0 kB
CommitLimit:     1479712 kB
Committed_AS:   68473012 kB
VmallocTotal:     319488 kB
VmallocUsed:       14404 kB
VmallocChunk:     169996 kB
Time pass: 354 sec

---2015-12-10 12:23:27
MemTotal:        1386568 kB
MemFree:           53860 kB
Buffers:           12072 kB
Cached:           543024 kB
SwapCached:         6192 kB
Active:           492400 kB
Inactive:         500404 kB
Active(anon):     213716 kB
Inactive(anon):   228508 kB
Active(file):     278684 kB
Inactive(file):   271896 kB
Unevictable:        3132 kB
Mlocked:               0 kB
HighTotal:        849920 kB
HighFree:           8700 kB
LowTotal:         536648 kB
LowFree:           45160 kB
SwapTotal:        786428 kB
SwapFree:         724760 kB
Dirty:                40 kB
Writeback:             0 kB
AnonPages:        438320 kB
Mapped:           323740 kB
