---2015-12-09 10:54:01
MemTotal:        1959952 kB
MemFree:           94912 kB
Buffers:            5376 kB
Cached:          1218828 kB
SwapCached:          420 kB
Active:           847316 kB
Inactive:         780788 kB
Active(anon):     241900 kB
Inactive(anon):   163896 kB
Active(file):     605416 kB
Inactive(file):   616892 kB
Unevictable:        1732 kB
Mlocked:               0 kB
HighTotal:       1372556 kB
HighFree:          25068 kB
LowTotal:         587396 kB
LowFree:           69844 kB
SwapTotal:        262140 kB
SwapFree:         253656 kB
Dirty:               216 kB
Writeback:             0 kB
AnonPages:        405844 kB
Mapped:           277984 kB
Shmem:               140 kB
Slab:              55580 kB
SReclaimable:      16752 kB
SUnreclaim:        38828 kB
KernelStack:       14968 kB
PageTables:        26300 kB
NFS_Unstable:          0 kB
Bounce:                0 kB
WritebackTmp:          0 kB
CommitLimit:     1242116 kB
Committed_AS:   55765556 kB
VmallocTotal:     409600 kB
VmallocUsed:       38464 kB
VmallocChunk:      95260 kB
Time pass: 5 sec

---2015-12-09 10:54:01
MemTotal:        1959952 kB
MemFree:           94008 kB
Buffers:            5376 kB
Cached:          1218828 kB
SwapCached:          420 kB
Active:           847292 kB
Inactive:         780776 kB
Active(anon):     241876 kB
Inactive(anon):   163860 kB
Active(file):     605416 kB
Inactive(file):   616916 kB
Unevictable:        1732 kB
Mlocked:               0 kB
HighTotal:       1372556 kB
HighFree:          27608 kB
LowTotal:         587396 kB
LowFree:           66400 kB
SwapTotal:        262140 kB
SwapFree:         253656 kB
Dirty:               196 kB
Writeback:             0 kB
AnonPages:        405748 kB
Mapped:           277932 kB
Shmem:               140 kB
Slab:              55488 kB
SReclaimable:      16752 kB
SUnreclaim:        38736 kB
KernelStack:       14968 kB
PageTables:        26284 kB
NFS_Unstable:          0 kB
Bounce:                0 kB
WritebackTmp:          0 kB
CommitLimit:     1242116 kB
Committed_AS:   55765636 kB
VmallocTotal:     409600 kB
VmallocUsed:       38464 kB
VmallocChunk:      95260 kB
Time pass: 10 sec

---2015-12-09 10:54:01
MemTotal:        1959952 kB
MemFree:           92252 kB
Buffers:            5376 kB
Cached:          1219456 kB
SwapCached:          420 kB
Active:           848208 kB
Inactive:         781340 kB
Active(anon):     242756 kB
Inactive(anon):   163832 kB
Active(file):     605452 kB
Inactive(file):   617508 kB
Unevictable:        1732 kB
Mlocked:               0 kB
HighTotal:       1372556 kB
HighFree:          25700 kB
LowTotal:         587396 kB
LowFree:           66552 kB
SwapTotal:        262140 kB
SwapFree:         253656 kB
Dirty:               204 kB
Writeback:             0 kB
AnonPages:        406668 kB
Mapped:           278496 kB
Shmem:               140 kB
Slab:              55412 kB
SReclaimable:      16760 kB
SUnreclaim:        38652 kB
KernelStack:       14976 kB
PageTables:        26300 kB
NFS_Unstable:          0 kB
Bounce:                0 kB
WritebackTmp:          0 kB
CommitLimit:     1242116 kB
Committed_AS:   55763084 kB
VmallocTotal:     409600 kB
VmallocUsed:       38464 kB
VmallocChunk:      95260 kB
Time pass: 13 sec

---2015-12-09 10:54:01
MemTotal:        1959952 kB
MemFree:           95148 kB
Buffers:            5376 kB
Cached:          1219456 kB
SwapCached:          420 kB
Active:           844772 kB
Inactive:         781324 kB
Active(anon):     239308 kB
Inactive(anon):   163828 kB
Active(file):     605464 kB
Inactive(file):   617496 kB
Unevictable:        1732 kB
Mlocked:               0 kB
HighTotal:       1372556 kB
HighFree:          27704 kB
LowTotal:         587396 kB
LowFree:           67444 kB
SwapTotal:        262140 kB
SwapFree:         253656 kB
Dirty:               236 kB
Writeback:             0 kB
AnonPages:        403208 kB
Mapped:           278000 kB
Shmem:               140 kB
Slab:              55180 kB
SReclaimable:      16776 kB
SUnreclaim:        38404 kB
KernelStack:       14928 kB
PageTables:        26280 kB
NFS_Unstable:          0 kB
Bounce:                0 kB
WritebackTmp:          0 kB
CommitLimit:     1242116 kB
Committed_AS:   55762620 kB
VmallocTotal:     409600 kB
VmallocUsed:       38464 kB
VmallocChunk:      87068 kB
Time pass: 17 sec

---2015-12-09 10:54:01
MemTotal:        1959952 kB
MemFree:           97348 kB
Buffers:            4640 kB
Cached:          1203204 kB
SwapCached:          468 kB
Active:           835612 kB
Inactive:         779472 kB
Active(anon):     243672 kB
Inactive(anon):   165764 kB
Active(file):     591940 kB
Inactive(file):   613708 kB
Unevictable:        1732 kB
Mlocked:               0 kB
HighTotal:       1372556 kB
HighFree:          33240 kB
LowTotal:         587396 kB
LowFree:           64108 kB
SwapTotal:        262140 kB
SwapFree:         252816 kB
Dirty:                 0 kB
Writeback:            20 kB
AnonPages:        409400 kB
Mapped:           290760 kB
Shmem:               140 kB
Slab:              55260 kB
SReclaimable:      16792 kB
SUnreclaim:        38468 kB
KernelStack:       15136 kB
PageTables:        26652 kB
NFS_Unstable:          0 kB
Bounce:                0 kB
WritebackTmp:          0 kB
CommitLimit:     1242116 kB
Committed_AS:   56757100 kB
VmallocTotal:     409600 kB
VmallocUsed:       38464 kB
VmallocChunk:      87068 kB
Time pass: 21 sec

---2015-12-09 10:54:01
MemTotal:        1959952 kB
MemFree:           88468 kB
Buffers:            2896 kB
Cached:          1111236 kB
SwapCached:          492 kB
Active:           821784 kB
Inactive:         729704 kB
Active(anon):     268176 kB
Inactive(anon):   172132 kB
Active(file):     553608 kB
Inactive(file):   557572 kB
Unevictable:        1744 kB
Mlocked:               0 kB
HighTotal:       1372556 kB
HighFree:          32080 kB
LowTotal:         587396 kB
LowFree:           56388 kB
SwapTotal:        262140 kB
SwapFree:         245900 kB
Dirty:              1044 kB
Writeback:             0 kB
AnonPages:        439292 kB
Mapped:           301876 kB
Shmem:              1208 kB
Slab:              56268 kB
SReclaimable:      16772 kB
SUnreclaim:        39496 kB
KernelStack:       15712 kB
PageTables:        27212 kB
NFS_Unstable:          0 kB
Bounce:                0 kB
WritebackTmp:          0 kB
CommitLimit:     1242116 kB
Committed_AS:   56770012 kB
VmallocTotal:     409600 kB
VmallocUsed:       36688 kB
VmallocChunk:      87068 kB
Time pass: 25 sec

---2015-12-09 10:54:01
MemTotal:        1959952 kB
MemFree:           94644 kB
Buffers:            2896 kB
Cached:          1078548 kB
SwapCached:          472 kB
Active:           799304 kB
Inactive:         712656 kB
Active(anon):     261364 kB
Inactive(anon):   172176 kB
Active(file):     537940 kB
Inactive(file):   540480 kB
Unevictable:        1744 kB
Mlocked:               0 kB
HighTotal:       1372556 kB
HighFree:          32860 kB
LowTotal:         587396 kB
LowFree:           61784 kB
SwapTotal:        262140 kB
SwapFree:         245320 kB
Dirty:               576 kB
Writeback:             0 kB
AnonPages:        432320 kB
Mapped:           305736 kB
Shmem:              1208 kB
Slab:              55992 kB
SReclaimable:      16760 kB
SUnreclaim:        39232 kB
KernelStack:       15680 kB
PageTables:        27192 kB
NFS_Unstable:          0 kB
Bounce:                0 kB
WritebackTmp:          0 kB
CommitLimit:     1242116 kB
Committed_AS:   56773240 kB
VmallocTotal:     409600 kB
VmallocUsed:       36892 kB
VmallocChunk:      87068 kB
Time pass: 29 sec

---2015-12-09 10:54:01
MemTotal:        1959952 kB
MemFree:           96040 kB
Buffers:            2896 kB
Cached:          1077576 kB
SwapCached:          472 kB
Active:           798240 kB
Inactive:         711800 kB
Active(anon):     260352 kB
Inactive(anon):   171212 kB
Active(file):     537888 kB
Inactive(file):   540588 kB
Unevictable:        1744 kB
Mlocked:               0 kB
HighTotal:       1372556 kB
HighFree:          33888 kB
LowTotal:         587396 kB
LowFree:           62152 kB
SwapTotal:        262140 kB
SwapFree:         245320 kB
Dirty:               260 kB
Writeback:            56 kB
AnonPages:        431356 kB
Mapped:           304896 kB
Shmem:               252 kB
Slab:              55960 kB
SReclaimable:      16840 kB
SUnreclaim:        39120 kB
KernelStack:       15672 kB
PageTables:        27164 kB
NFS_Unstable:          0 kB
Bounce:                0 kB
WritebackTmp:          0 kB
CommitLimit:     1242116 kB
Committed_AS:   56769968 kB
VmallocTotal:     409600 kB
VmallocUsed:       36892 kB
VmallocChunk:      87068 kB
Time pass: 32 sec

---2015-12-09 10:54:01
MemTotal:        1959952 kB
MemFree:           95996 kB
Buffers:            2896 kB
Cached:          1077576 kB
SwapCached:          472 kB
Active:           797928 kB
Inactive:         711748 kB
Active(anon):     259996 kB
Inactive(anon):   171208 kB
Active(file):     537932 kB
Inactive(file):   540540 kB
Unevictable:        1744 kB
Mlocked:               0 kB
HighTotal:       1372556 kB
HighFree:          33896 kB
LowTotal:         587396 kB
LowFree:           62100 kB
SwapTotal:        262140 kB
SwapFree:         245320 kB
Dirty:               320 kB
Writeback:             0 kB
AnonPages:        431000 kB
Mapped:           304964 kB
Shmem:               252 kB
Slab:              56344 kB
SReclaimable:      16840 kB
SUnreclaim:        39504 kB
KernelStack:       15672 kB
PageTables:        27196 kB
NFS_Unstable:          0 kB
Bounce:                0 kB
WritebackTmp:          0 kB
CommitLimit:     1242116 kB
Committed_AS:   56770052 kB
VmallocTotal:     409600 kB
VmallocUsed:       36892 kB
VmallocChunk:      87068 kB
Time pass: 36 sec

---2015-12-09 10:54:01
MemTotal:        1959952 kB
MemFree:           96356 kB
Buffers:            2900 kB
Cached:          1018892 kB
SwapCached:          500 kB
Active:           776028 kB
Inactive:         683420 kB
Active(anon):     266548 kB
Inactive(anon):   173104 kB
Active(file):     509480 kB
Inactive(file):   510316 kB
Unevictable:        1744 kB
Mlocked:               0 kB
HighTotal:       1372556 kB
HighFree:          35628 kB
LowTotal:         587396 kB
LowFree:           60728 kB
SwapTotal:        262140 kB
SwapFree:         241900 kB
Dirty:               344 kB
Writeback:             0 kB
AnonPages:        439464 kB
Mapped:           311876 kB
Shmem:               252 kB
Slab:              56180 kB
SReclaimable:      16792 kB
SUnreclaim:        39388 kB
KernelStack:       15744 kB
PageTables:        27396 kB
NFS_Unstable:          0 kB
Bounce:                0 kB
WritebackTmp:          0 kB
CommitLimit:     1242116 kB
Committed_AS:   56778396 kB
VmallocTotal:     409600 kB
VmallocUsed:       37056 kB
VmallocChunk:      87068 kB
Time pass: 40 sec

---2015-12-09 10:54:01
MemTotal:        1959952 kB
MemFree:           96792 kB
Buffers:            2900 kB
Cached:          1019344 kB
SwapCached:          500 kB
Active:           774576 kB
Inactive:         683800 kB
Active(anon):     265088 kB
Inactive(anon):   173064 kB
Active(file):     509488 kB
Inactive(file):   510736 kB
Unevictable:        1744 kB
Mlocked:               0 kB
HighTotal:       1372556 kB
HighFree:          36508 kB
LowTotal:         587396 kB
LowFree:           60284 kB
SwapTotal:        262140 kB
SwapFree:         241908 kB
Dirty:               516 kB
Writeback:             0 kB
AnonPages:        437936 kB
Mapped:           312368 kB
Shmem:               252 kB
Slab:              56212 kB
SReclaimable:      16872 kB
SUnreclaim:        39340 kB
KernelStack:       15736 kB
PageTables:        27412 kB
NFS_Unstable:          0 kB
Bounce:                0 kB
WritebackTmp:          0 kB
CommitLimit:     1242116 kB
Committed_AS:   56778740 kB
VmallocTotal:     409600 kB
VmallocUsed:       37056 kB
VmallocChunk:      87068 kB
Time pass: 43 sec

---2015-12-09 10:54:01
MemTotal:        1959952 kB
MemFree:           99640 kB
Buffers:            2900 kB
Cached:          1020780 kB
SwapCached:          496 kB
Active:           786408 kB
Inactive:         684696 kB
Active(anon):     276792 kB
Inactive(anon):   173068 kB
Active(file):     509616 kB
Inactive(file):   511628 kB
Unevictable:        1744 kB
Mlocked:               0 kB
HighTotal:       1372556 kB
HighFree:          37380 kB
LowTotal:         587396 kB
LowFree:           62260 kB
SwapTotal:        262140 kB
SwapFree:         241916 kB
Dirty:               544 kB
Writeback:             0 kB
AnonPages:        450180 kB
Mapped:           307184 kB
Shmem:               256 kB
Slab:              56552 kB
SReclaimable:      16872 kB
SUnreclaim:        39680 kB
KernelStack:       15728 kB
PageTables:        27396 kB
NFS_Unstable:          0 kB
Bounce:                0 kB
WritebackTmp:          0 kB
CommitLimit:     1242116 kB
Committed_AS:   56792072 kB
VmallocTotal:     409600 kB
VmallocUsed:       36984 kB
VmallocChunk:      87068 kB
Time pass: 47 sec

---2015-12-09 10:54:01
MemTotal:        1959952 kB
MemFree:           85328 kB
Buffers:            2900 kB
Cached:          1006260 kB
SwapCached:          496 kB
Active:           787548 kB
Inactive:         681244 kB
Active(anon):     284668 kB
Inactive(anon):   176968 kB
Active(file):     502880 kB
Inactive(file):   504276 kB
Unevictable:        1744 kB
Mlocked:               0 kB
HighTotal:       1372556 kB
HighFree:          25292 kB
LowTotal:         587396 kB
LowFree:           60036 kB
SwapTotal:        262140 kB
SwapFree:         240992 kB
Dirty:               828 kB
Writeback:             0 kB
AnonPages:        461584 kB
Mapped:           323784 kB
Shmem:               256 kB
Slab:              56092 kB
SReclaimable:      16832 kB
SUnreclaim:        39260 kB
KernelStack:       15792 kB
PageTables:        27484 kB
NFS_Unstable:          0 kB
Bounce:                0 kB
WritebackTmp:          0 kB
CommitLimit:     1242116 kB
Committed_AS:   56804160 kB
VmallocTotal:     409600 kB
VmallocUsed:       37112 kB
VmallocChunk:      87068 kB
Time pass: 50 sec

---2015-12-09 10:54:01
MemTotal:        1959952 kB
MemFree:          123076 kB
Buffers:            2900 kB
Cached:           959988 kB
SwapCached:          496 kB
Active:           747216 kB
Inactive:         664644 kB
Active(anon):     273996 kB
Inactive(anon):   177120 kB
Active(file):     473220 kB
Inactive(file):   487524 kB
Unevictable:        1744 kB
Mlocked:               0 kB
HighTotal:       1372556 kB
HighFree:          48776 kB
LowTotal:         587396 kB
LowFree:           74300 kB
SwapTotal:        262140 kB
SwapFree:         237788 kB
Dirty:               828 kB
Writeback:             0 kB
AnonPages:        451032 kB
Mapped:           330136 kB
Shmem:               256 kB
Slab:              55660 kB
SReclaimable:      16616 kB
SUnreclaim:        39044 kB
KernelStack:       15792 kB
PageTables:        27512 kB
NFS_Unstable:          0 kB
Bounce:                0 kB
WritebackTmp:          0 kB
CommitLimit:     1242116 kB
Committed_AS:   56797084 kB
VmallocTotal:     409600 kB
VmallocUsed:       37196 kB
VmallocChunk:      87068 kB
Time pass: 54 sec

---2015-12-09 10:54:01
MemTotal:        1959952 kB
MemFree:          107300 kB
Buffers:            2900 kB
Cached:           960008 kB
SwapCached:          496 kB
Active:           748860 kB
Inactive:         664768 kB
Active(anon):     275604 kB
Inactive(anon):   177124 kB
Active(file):     473256 kB
Inactive(file):   487644 kB
Unevictable:        1744 kB
Mlocked:               0 kB
HighTotal:       1372556 kB
HighFree:          46400 kB
LowTotal:         587396 kB
LowFree:           60900 kB
SwapTotal:        262140 kB
SwapFree:         237792 kB
Dirty:               688 kB
Writeback:             0 kB
AnonPages:        452380 kB
Mapped:           332108 kB
Shmem:               256 kB
Slab:              56336 kB
SReclaimable:      16808 kB
SUnreclaim:        39528 kB
KernelStack:       15792 kB
PageTables:        27520 kB
NFS_Unstable:          0 kB
Bounce:                0 kB
WritebackTmp:          0 kB
CommitLimit:     1242116 kB
Committed_AS:   56798468 kB
VmallocTotal:     409600 kB
VmallocUsed:       37232 kB
VmallocChunk:      87068 kB
Time pass: 58 sec

---2015-12-09 10:54:01
MemTotal:        1959952 kB
MemFree:          106680 kB
Buffers:            2900 kB
Cached:           960088 kB
SwapCached:          496 kB
Active:           749132 kB
Inactive:         664808 kB
Active(anon):     275840 kB
Inactive(anon):   177120 kB
Active(file):     473292 kB
Inactive(file):   487688 kB
Unevictable:        1744 kB
Mlocked:               0 kB
HighTotal:       1372556 kB
HighFree:          45904 kB
LowTotal:         587396 kB
LowFree:           60776 kB
SwapTotal:        262140 kB
SwapFree:         237792 kB
Dirty:               628 kB
Writeback:             0 kB
AnonPages:        452868 kB
Mapped:           332228 kB
Shmem:               256 kB
Slab:              56180 kB
SReclaimable:      16808 kB
SUnreclaim:        39372 kB
KernelStack:       15808 kB
PageTables:        27556 kB
NFS_Unstable:          0 kB
Bounce:                0 kB
WritebackTmp:          0 kB
CommitLimit:     1242116 kB
Committed_AS:   56798588 kB
VmallocTotal:     409600 kB
VmallocUsed:       37232 kB
VmallocChunk:      87068 kB
Time pass: 61 sec

---2015-12-09 10:54:01
MemTotal:        1959952 kB
MemFree:          102260 kB
Buffers:            2900 kB
Cached:           960772 kB
SwapCached:          496 kB
Active:           753380 kB
Inactive:         665164 kB
Active(anon):     279876 kB
Inactive(anon):   177116 kB
Active(file):     473504 kB
Inactive(file):   488048 kB
Unevictable:        1744 kB
Mlocked:               0 kB
HighTotal:       1372556 kB
HighFree:          41828 kB
LowTotal:         587396 kB
LowFree:           60432 kB
SwapTotal:        262140 kB
SwapFree:         237792 kB
Dirty:               984 kB
Writeback:             0 kB
AnonPages:        457124 kB
Mapped:           332176 kB
Shmem:               256 kB
Slab:              56608 kB
SReclaimable:      16808 kB
SUnreclaim:        39800 kB
KernelStack:       15792 kB
PageTables:        27528 kB
NFS_Unstable:          0 kB
Bounce:                0 kB
WritebackTmp:          0 kB
CommitLimit:     1242116 kB
Committed_AS:   56804536 kB
VmallocTotal:     409600 kB
VmallocUsed:       37232 kB
VmallocChunk:      87068 kB
Time pass: 65 sec

---2015-12-09 10:54:01
MemTotal:        1959952 kB
MemFree:           77184 kB
Buffers:            2900 kB
Cached:           961316 kB
SwapCached:          496 kB
Active:           757464 kB
Inactive:         665452 kB
Active(anon):     283592 kB
Inactive(anon):   177108 kB
Active(file):     473872 kB
Inactive(file):   488344 kB
Unevictable:        1744 kB
Mlocked:               0 kB
HighTotal:       1372556 kB
HighFree:          20060 kB
LowTotal:         587396 kB
LowFree:           57124 kB
SwapTotal:        262140 kB
SwapFree:         237792 kB
Dirty:              1332 kB
Writeback:             0 kB
AnonPages:        460440 kB
Mapped:           346896 kB
Shmem:               256 kB
Slab:              56560 kB
SReclaimable:      16812 kB
SUnreclaim:        39748 kB
KernelStack:       15816 kB
PageTables:        27588 kB
NFS_Unstable:          0 kB
Bounce:                0 kB
WritebackTmp:          0 kB
CommitLimit:     1242116 kB
Committed_AS:   56805516 kB
VmallocTotal:     409600 kB
VmallocUsed:       37320 kB
VmallocChunk:      87068 kB
Time pass: 69 sec

---2015-12-09 10:54:01
MemTotal:        1959952 kB
MemFree:          123140 kB
Buffers:            2900 kB
Cached:           899960 kB
SwapCached:          600 kB
Active:           764048 kB
Inactive:         611128 kB
Active(anon):     296952 kB
Inactive(anon):   177364 kB
Active(file):     467096 kB
Inactive(file):   433764 kB
Unevictable:        1744 kB
Mlocked:               0 kB
HighTotal:       1372556 kB
HighFree:          23628 kB
LowTotal:         587396 kB
LowFree:           99512 kB
SwapTotal:        262140 kB
SwapFree:         236408 kB
Dirty:              1072 kB
Writeback:             0 kB
AnonPages:        474484 kB
Mapped:           349960 kB
Shmem:               256 kB
Slab:              56824 kB
SReclaimable:      16748 kB
SUnreclaim:        40076 kB
KernelStack:       15872 kB
PageTables:        27652 kB
NFS_Unstable:          0 kB
Bounce:                0 kB
WritebackTmp:          0 kB
CommitLimit:     1242116 kB
Committed_AS:   56829952 kB
VmallocTotal:     409600 kB
VmallocUsed:       37320 kB
VmallocChunk:      87068 kB
Time pass: 73 sec

---2015-12-09 10:54:01
MemTotal:        1959952 kB
MemFree:          101068 kB
Buffers:            2900 kB
Cached:           900740 kB
SwapCached:          900 kB
Active:           768576 kB
Inactive:         612272 kB
Active(anon):     301460 kB
Inactive(anon):   177908 kB
Active(file):     467116 kB
Inactive(file):   434364 kB
Unevictable:        1744 kB
Mlocked:               0 kB
HighTotal:       1372556 kB
HighFree:          21356 kB
LowTotal:         587396 kB
LowFree:           79712 kB
SwapTotal:        262140 kB
SwapFree:         236424 kB
Dirty:               840 kB
Writeback:             0 kB
AnonPages:        479048 kB
Mapped:           348368 kB
Shmem:               416 kB
Slab:              55792 kB
SReclaimable:      16692 kB
SUnreclaim:        39100 kB
KernelStack:       15992 kB
PageTables:        27748 kB
NFS_Unstable:          0 kB
Bounce:                0 kB
WritebackTmp:          0 kB
CommitLimit:     1242116 kB
Committed_AS:   56842044 kB
VmallocTotal:     409600 kB
VmallocUsed:       39728 kB
VmallocChunk:      87068 kB
Time pass: 77 sec

---2015-12-09 10:54:01
MemTotal:        1959952 kB
MemFree:           94672 kB
Buffers:            2900 kB
Cached:           877920 kB
SwapCached:          900 kB
Active:           761888 kB
Inactive:         596684 kB
Active(anon):     300268 kB
Inactive(anon):   179824 kB
Active(file):     461620 kB
Inactive(file):   416860 kB
Unevictable:        1744 kB
Mlocked:               0 kB
HighTotal:       1372556 kB
HighFree:          28892 kB
LowTotal:         587396 kB
LowFree:           65780 kB
SwapTotal:        262140 kB
SwapFree:         235884 kB
Dirty:               832 kB
Writeback:             0 kB
AnonPages:        479468 kB
Mapped:           348404 kB
Shmem:               596 kB
Slab:              55592 kB
SReclaimable:      16628 kB
SUnreclaim:        38964 kB
KernelStack:       15992 kB
PageTables:        27912 kB
NFS_Unstable:          0 kB
Bounce:                0 kB
WritebackTmp:          0 kB
CommitLimit:     1242116 kB
Committed_AS:   56842752 kB
VmallocTotal:     409600 kB
VmallocUsed:       39728 kB
VmallocChunk:      87068 kB
Time pass: 81 sec

---2015-12-09 10:54:01
MemTotal:        1959952 kB
MemFree:           93532 kB
Buffers:            2900 kB
Cached:           877948 kB
SwapCached:          900 kB
Active:           762496 kB
Inactive:         596704 kB
Active(anon):     300848 kB
Inactive(anon):   179844 kB
Active(file):     461648 kB
Inactive(file):   416860 kB
Unevictable:        1744 kB
Mlocked:               0 kB
HighTotal:       1372556 kB
HighFree:          28088 kB
LowTotal:         587396 kB
LowFree:           65444 kB
SwapTotal:        262140 kB
SwapFree:         235884 kB
Dirty:               832 kB
Writeback:             0 kB
AnonPages:        480056 kB
Mapped:           348592 kB
Shmem:               596 kB
Slab:              55720 kB
SReclaimable:      16628 kB
SUnreclaim:        39092 kB
KernelStack:       15952 kB
PageTables:        27912 kB
NFS_Unstable:          0 kB
Bounce:                0 kB
WritebackTmp:          0 kB
CommitLimit:     1242116 kB
Committed_AS:   56842756 kB
VmallocTotal:     409600 kB
VmallocUsed:       39728 kB
VmallocChunk:      87068 kB
Time pass: 85 sec

---2015-12-09 10:54:01
MemTotal:        1959952 kB
MemFree:           92484 kB
Buffers:            2900 kB
Cached:           878000 kB
SwapCached:          900 kB
Active:           763856 kB
Inactive:         596756 kB
Active(anon):     302208 kB
Inactive(anon):   179896 kB
Active(file):     461648 kB
Inactive(file):   416860 kB
Unevictable:        1744 kB
Mlocked:               0 kB
HighTotal:       1372556 kB
HighFree:          27220 kB
LowTotal:         587396 kB
LowFree:           65264 kB
SwapTotal:        262140 kB
SwapFree:         235884 kB
Dirty:               832 kB
Writeback:             0 kB
AnonPages:        481380 kB
Mapped:           348644 kB
Shmem:               648 kB
Slab:              55664 kB
SReclaimable:      16636 kB
SUnreclaim:        39028 kB
KernelStack:       15976 kB
PageTables:        27924 kB
NFS_Unstable:          0 kB
Bounce:                0 kB
WritebackTmp:          0 kB
CommitLimit:     1242116 kB
Committed_AS:   56843996 kB
VmallocTotal:     409600 kB
VmallocUsed:       39728 kB
VmallocChunk:      87068 kB
Time pass: 89 sec

---2015-12-09 10:54:01
MemTotal:        1959952 kB
MemFree:           91152 kB
Buffers:            2900 kB
Cached:           878000 kB
SwapCached:          900 kB
Active:           765048 kB
Inactive:         596756 kB
Active(anon):     303400 kB
Inactive(anon):   179896 kB
Active(file):     461648 kB
Inactive(file):   416860 kB
Unevictable:        1744 kB
Mlocked:               0 kB
HighTotal:       1372556 kB
HighFree:          25872 kB
LowTotal:         587396 kB
LowFree:           65280 kB
SwapTotal:        262140 kB
SwapFree:         235884 kB
Dirty:               832 kB
Writeback:             0 kB
AnonPages:        482592 kB
Mapped:           348644 kB
Shmem:               648 kB
Slab:              55696 kB
SReclaimable:      16636 kB
SUnreclaim:        39060 kB
KernelStack:       15960 kB
PageTables:        27916 kB
NFS_Unstable:          0 kB
Bounce:                0 kB
WritebackTmp:          0 kB
CommitLimit:     1242116 kB
Committed_AS:   56846092 kB
VmallocTotal:     409600 kB
VmallocUsed:       39728 kB
VmallocChunk:      87068 kB
Time pass: 93 sec

---2015-12-09 10:54:01
MemTotal:        1959952 kB
MemFree:           91748 kB
Buffers:            2900 kB
Cached:           878000 kB
SwapCached:          900 kB
Active:           765072 kB
Inactive:         596752 kB
Active(anon):     303424 kB
Inactive(anon):   179892 kB
Active(file):     461648 kB
Inactive(file):   416860 kB
Unevictable:        1744 kB
Mlocked:               0 kB
HighTotal:       1372556 kB
HighFree:          25840 kB
LowTotal:         587396 kB
LowFree:           65908 kB
SwapTotal:        262140 kB
SwapFree:         235884 kB
Dirty:               832 kB
Writeback:             0 kB
AnonPages:        482552 kB
Mapped:           348644 kB
Shmem:               648 kB
Slab:              55728 kB
SReclaimable:      16636 kB
SUnreclaim:        39092 kB
KernelStack:       15952 kB
PageTables:        27916 kB
NFS_Unstable:          0 kB
Bounce:                0 kB
WritebackTmp:          0 kB
CommitLimit:     1242116 kB
Committed_AS:   56846072 kB
VmallocTotal:     409600 kB
VmallocUsed:       39728 kB
VmallocChunk:      87068 kB
Time pass: 97 sec

---2015-12-09 10:54:01
MemTotal:        1959952 kB
MemFree:           91112 kB
Buffers:            2900 kB
Cached:           878028 kB
SwapCached:          900 kB
Active:           765256 kB
Inactive:         596772 kB
Active(anon):     303608 kB
Inactive(anon):   179912 kB
Active(file):     461648 kB
Inactive(file):   416860 kB
Unevictable:        1744 kB
Mlocked:               0 kB
HighTotal:       1372556 kB
HighFree:          24228 kB
LowTotal:         587396 kB
LowFree:           66884 kB
SwapTotal:        262140 kB
SwapFree:         235884 kB
Dirty:               832 kB
Writeback:             0 kB
AnonPages:        482728 kB
Mapped:           348672 kB
Shmem:               676 kB
Slab:              55668 kB
SReclaimable:      16636 kB
SUnreclaim:        39032 kB
KernelStack:       15936 kB
PageTables:        27920 kB
NFS_Unstable:          0 kB
Bounce:                0 kB
WritebackTmp:          0 kB
CommitLimit:     1242116 kB
Committed_AS:   56846112 kB
VmallocTotal:     409600 kB
VmallocUsed:       39728 kB
VmallocChunk:      87068 kB
Time pass: 101 sec

---2015-12-09 10:54:01
MemTotal:        1959952 kB
MemFree:           90756 kB
Buffers:            2900 kB
Cached:           878028 kB
SwapCached:          900 kB
Active:           765376 kB
Inactive:         596772 kB
Active(anon):     303728 kB
Inactive(anon):   179912 kB
Active(file):     461648 kB
Inactive(file):   416860 kB
Unevictable:        1744 kB
Mlocked:               0 kB
HighTotal:       1372556 kB
HighFree:          24212 kB
LowTotal:         587396 kB
LowFree:           66544 kB
SwapTotal:        262140 kB
SwapFree:         235884 kB
Dirty:               832 kB
Writeback:             0 kB
AnonPages:        482944 kB
Mapped:           348752 kB
Shmem:               676 kB
Slab:              55696 kB
SReclaimable:      16636 kB
SUnreclaim:        39060 kB
KernelStack:       15944 kB
PageTables:        27928 kB
NFS_Unstable:          0 kB
Bounce:                0 kB
WritebackTmp:          0 kB
CommitLimit:     1242116 kB
Committed_AS:   56846120 kB
VmallocTotal:     409600 kB
VmallocUsed:       39728 kB
VmallocChunk:      87068 kB
Time pass: 105 sec

---2015-12-09 10:54:01
MemTotal:        1959952 kB
MemFree:           86348 kB
Buffers:            2900 kB
Cached:           880948 kB
SwapCached:          900 kB
Active:           767408 kB
Inactive:         599564 kB
Active(anon):     305756 kB
Inactive(anon):   179940 kB
Active(file):     461652 kB
Inactive(file):   419624 kB
Unevictable:        1744 kB
Mlocked:               0 kB
HighTotal:       1372556 kB
HighFree:          24184 kB
LowTotal:         587396 kB
LowFree:           62164 kB
SwapTotal:        262140 kB
SwapFree:         235884 kB
Dirty:               832 kB
Writeback:             0 kB
AnonPages:        485080 kB
Mapped:           348888 kB
Shmem:               708 kB
Slab:              55620 kB
SReclaimable:      16636 kB
SUnreclaim:        38984 kB
KernelStack:       15976 kB
PageTables:        28104 kB
NFS_Unstable:          0 kB
Bounce:                0 kB
WritebackTmp:          0 kB
CommitLimit:     1242116 kB
Committed_AS:   58701356 kB
VmallocTotal:     409600 kB
VmallocUsed:       39728 kB
VmallocChunk:      87068 kB
Time pass: 109 sec

---2015-12-09 10:54:01
MemTotal:        1959952 kB
MemFree:          339448 kB
Buffers:            2900 kB
Cached:           868448 kB
SwapCached:          972 kB
Active:           677796 kB
Inactive:         595336 kB
Active(anon):     222284 kB
Inactive(anon):   181364 kB
Active(file):     455512 kB
Inactive(file):   413972 kB
Unevictable:        1744 kB
Mlocked:               0 kB
HighTotal:       1372556 kB
HighFree:         188484 kB
LowTotal:         587396 kB
LowFree:          150964 kB
SwapTotal:        262140 kB
SwapFree:         234320 kB
Dirty:                16 kB
Writeback:             0 kB
AnonPages:        402936 kB
Mapped:           256656 kB
Shmem:               148 kB
Slab:              55572 kB
SReclaimable:      16636 kB
SUnreclaim:        38936 kB
KernelStack:       15048 kB
PageTables:        25956 kB
NFS_Unstable:          0 kB
Bounce:                0 kB
WritebackTmp:          0 kB
CommitLimit:     1242116 kB
Committed_AS:   54817708 kB
VmallocTotal:     409600 kB
VmallocUsed:       37948 kB
VmallocChunk:      87068 kB
Time pass: 113 sec

---2015-12-09 10:54:01
MemTotal:        1959952 kB
MemFree:          339504 kB
Buffers:            2900 kB
Cached:           868984 kB
SwapCached:          972 kB
Active:           677692 kB
Inactive:         595504 kB
Active(anon):     221980 kB
Inactive(anon):   181196 kB
Active(file):     455712 kB
Inactive(file):   414308 kB
Unevictable:        1744 kB
Mlocked:               0 kB
HighTotal:       1372556 kB
HighFree:         188424 kB
LowTotal:         587396 kB
LowFree:          151080 kB
SwapTotal:        262140 kB
SwapFree:         234320 kB
Dirty:               288 kB
Writeback:             0 kB
AnonPages:        402872 kB
Mapped:           256572 kB
Shmem:               120 kB
Slab:              55760 kB
SReclaimable:      16812 kB
SUnreclaim:        38948 kB
KernelStack:       14912 kB
PageTables:        25932 kB
NFS_Unstable:          0 kB
Bounce:                0 kB
WritebackTmp:          0 kB
CommitLimit:     1242116 kB
Committed_AS:   54817720 kB
VmallocTotal:     409600 kB
VmallocUsed:       37948 kB
VmallocChunk:      87068 kB
Time pass: 116 sec

---2015-12-09 10:54:01
MemTotal:        1959952 kB
MemFree:          343028 kB
Buffers:            2900 kB
Cached:           869000 kB
SwapCached:          956 kB
Active:           675020 kB
Inactive:         594388 kB
Active(anon):     219304 kB
Inactive(anon):   180084 kB
Active(file):     455716 kB
Inactive(file):   414304 kB
Unevictable:        1744 kB
Mlocked:               0 kB
HighTotal:       1372556 kB
HighFree:         189432 kB
LowTotal:         587396 kB
LowFree:          153596 kB
SwapTotal:        262140 kB
SwapFree:         234344 kB
Dirty:                36 kB
Writeback:             0 kB
AnonPages:        399192 kB
Mapped:           256584 kB
Shmem:               120 kB
Slab:              55896 kB
SReclaimable:      16812 kB
SUnreclaim:        39084 kB
KernelStack:       14904 kB
PageTables:        25936 kB
NFS_Unstable:          0 kB
Bounce:                0 kB
WritebackTmp:          0 kB
CommitLimit:     1242116 kB
Committed_AS:   54818276 kB
VmallocTotal:     409600 kB
VmallocUsed:       37948 kB
VmallocChunk:      87068 kB
Time pass: 120 sec

---2015-12-09 10:54:01
MemTotal:        1959952 kB
MemFree:          342884 kB
Buffers:            2900 kB
Cached:           869052 kB
SwapCached:          956 kB
Active:           675356 kB
Inactive:         594380 kB
Active(anon):     219620 kB
Inactive(anon):   180028 kB
Active(file):     455736 kB
Inactive(file):   414352 kB
Unevictable:        1744 kB
Mlocked:               0 kB
HighTotal:       1372556 kB
HighFree:         189020 kB
LowTotal:         587396 kB
LowFree:          153864 kB
SwapTotal:        262140 kB
SwapFree:         234344 kB
Dirty:               116 kB
Writeback:             0 kB
AnonPages:        399520 kB
Mapped:           256628 kB
Shmem:               120 kB
Slab:              55924 kB
SReclaimable:      16812 kB
SUnreclaim:        39112 kB
KernelStack:       14904 kB
PageTables:        25928 kB
NFS_Unstable:          0 kB
Bounce:                0 kB
WritebackTmp:          0 kB
CommitLimit:     1242116 kB
Committed_AS:   54818488 kB
VmallocTotal:     409600 kB
VmallocUsed:       37948 kB
VmallocChunk:      87068 kB
Time pass: 124 sec

---2015-12-09 10:54:01
MemTotal:        1959952 kB
MemFree:          290156 kB
Buffers:            2900 kB
Cached:           869316 kB
SwapCached:         1024 kB
Active:           708780 kB
Inactive:         592748 kB
Active(anon):     251116 kB
Inactive(anon):   180196 kB
Active(file):     457664 kB
Inactive(file):   412552 kB
Unevictable:        1744 kB
Mlocked:               0 kB
HighTotal:       1372556 kB
HighFree:         144876 kB
LowTotal:         587396 kB
LowFree:          145280 kB
SwapTotal:        262140 kB
SwapFree:         234344 kB
Dirty:               968 kB
Writeback:             0 kB
AnonPages:        431308 kB
Mapped:           283908 kB
Shmem:               252 kB
Slab:              56308 kB
SReclaimable:      16860 kB
SUnreclaim:        39448 kB
KernelStack:       15616 kB
PageTables:        26752 kB
NFS_Unstable:          0 kB
Bounce:                0 kB
WritebackTmp:          0 kB
CommitLimit:     1242116 kB
Committed_AS:   55837172 kB
VmallocTotal:     409600 kB
VmallocUsed:       35704 kB
VmallocChunk:      87068 kB
Time pass: 127 sec

---2015-12-09 10:54:01
MemTotal:        1959952 kB
MemFree:          246596 kB
Buffers:            2900 kB
Cached:           870700 kB
SwapCached:         1024 kB
Active:           715572 kB
Inactive:         592732 kB
Active(anon):     257836 kB
Inactive(anon):   178944 kB
Active(file):     457736 kB
Inactive(file):   413788 kB
Unevictable:        1744 kB
Mlocked:               0 kB
HighTotal:       1372556 kB
HighFree:         107424 kB
LowTotal:         587396 kB
LowFree:          139172 kB
SwapTotal:        262140 kB
SwapFree:         234344 kB
Dirty:               940 kB
Writeback:             0 kB
AnonPages:        436624 kB
Mapped:           293596 kB
Shmem:               256 kB
Slab:              56344 kB
SReclaimable:      16860 kB
SUnreclaim:        39484 kB
KernelStack:       15680 kB
PageTables:        26904 kB
NFS_Unstable:          0 kB
Bounce:                0 kB
WritebackTmp:          0 kB
CommitLimit:     1242116 kB
Committed_AS:   55841724 kB
VmallocTotal:     409600 kB
VmallocUsed:       35868 kB
VmallocChunk:      87068 kB
Time pass: 131 sec

---2015-12-09 10:54:01
MemTotal:        1959952 kB
MemFree:          209776 kB
Buffers:            2900 kB
Cached:           871688 kB
SwapCached:         1024 kB
Active:           721072 kB
Inactive:         592468 kB
Active(anon):     262020 kB
Inactive(anon):   178944 kB
Active(file):     459052 kB
Inactive(file):   413524 kB
Unevictable:        1744 kB
Mlocked:               0 kB
HighTotal:       1372556 kB
HighFree:          98464 kB
LowTotal:         587396 kB
LowFree:          111312 kB
SwapTotal:        262140 kB
SwapFree:         234344 kB
Dirty:              2196 kB
Writeback:             0 kB
AnonPages:        440888 kB
Mapped:           297228 kB
Shmem:               256 kB
Slab:              56020 kB
SReclaimable:      16860 kB
SUnreclaim:        39160 kB
KernelStack:       15680 kB
PageTables:        26988 kB
NFS_Unstable:          0 kB
Bounce:                0 kB
WritebackTmp:          0 kB
CommitLimit:     1242116 kB
Committed_AS:   55846768 kB
VmallocTotal:     409600 kB
VmallocUsed:       36008 kB
VmallocChunk:      87068 kB
Time pass: 135 sec

---2015-12-09 10:54:01
MemTotal:        1959952 kB
MemFree:          173656 kB
Buffers:            2900 kB
Cached:           871968 kB
SwapCached:         1024 kB
Active:           721900 kB
Inactive:         592404 kB
Active(anon):     262516 kB
Inactive(anon):   178944 kB
Active(file):     459384 kB
Inactive(file):   413460 kB
Unevictable:        1744 kB
Mlocked:               0 kB
HighTotal:       1372556 kB
HighFree:          90344 kB
LowTotal:         587396 kB
LowFree:           83312 kB
SwapTotal:        262140 kB
SwapFree:         234344 kB
Dirty:              1300 kB
Writeback:             0 kB
AnonPages:        440876 kB
Mapped:           306932 kB
Shmem:               256 kB
Slab:              56324 kB
SReclaimable:      16868 kB
SUnreclaim:        39456 kB
KernelStack:       15664 kB
PageTables:        27040 kB
NFS_Unstable:          0 kB
Bounce:                0 kB
WritebackTmp:          0 kB
CommitLimit:     1242116 kB
Committed_AS:   55847612 kB
VmallocTotal:     409600 kB
VmallocUsed:       36140 kB
VmallocChunk:      87068 kB
Time pass: 138 sec

---2015-12-09 10:54:01
MemTotal:        1959952 kB
MemFree:          173020 kB
Buffers:            2900 kB
Cached:           872228 kB
SwapCached:         1024 kB
Active:           722252 kB
Inactive:         592628 kB
Active(anon):     262808 kB
Inactive(anon):   178944 kB
Active(file):     459444 kB
Inactive(file):   413684 kB
Unevictable:        1744 kB
Mlocked:               0 kB
HighTotal:       1372556 kB
HighFree:          89876 kB
LowTotal:         587396 kB
LowFree:           83144 kB
SwapTotal:        262140 kB
SwapFree:         234344 kB
Dirty:               592 kB
Writeback:             0 kB
AnonPages:        441464 kB
Mapped:           306976 kB
Shmem:               256 kB
Slab:              56336 kB
SReclaimable:      16876 kB
SUnreclaim:        39460 kB
KernelStack:       15680 kB
PageTables:        27076 kB
NFS_Unstable:          0 kB
Bounce:                0 kB
WritebackTmp:          0 kB
CommitLimit:     1242116 kB
Committed_AS:   55847712 kB
VmallocTotal:     409600 kB
VmallocUsed:       36140 kB
VmallocChunk:      87068 kB
Time pass: 142 sec

---2015-12-09 10:54:01
MemTotal:        1959952 kB
MemFree:          146932 kB
Buffers:            2900 kB
Cached:           872252 kB
SwapCached:         1024 kB
Active:           730180 kB
Inactive:         592604 kB
Active(anon):     270700 kB
Inactive(anon):   178932 kB
Active(file):     459480 kB
Inactive(file):   413672 kB
Unevictable:        1744 kB
Mlocked:               0 kB
HighTotal:       1372556 kB
HighFree:          64004 kB
LowTotal:         587396 kB
LowFree:           82928 kB
SwapTotal:        262140 kB
SwapFree:         234344 kB
Dirty:               612 kB
Writeback:             0 kB
AnonPages:        449400 kB
Mapped:           320232 kB
Shmem:               256 kB
Slab:              56384 kB
SReclaimable:      16876 kB
SUnreclaim:        39508 kB
KernelStack:       15680 kB
PageTables:        27128 kB
NFS_Unstable:          0 kB
Bounce:                0 kB
WritebackTmp:          0 kB
CommitLimit:     1242116 kB
Committed_AS:   55854616 kB
VmallocTotal:     409600 kB
VmallocUsed:       36228 kB
VmallocChunk:      87068 kB
Time pass: 146 sec

---2015-12-09 10:54:01
MemTotal:        1959952 kB
MemFree:          148660 kB
Buffers:            2900 kB
Cached:           872252 kB
SwapCached:         1024 kB
Active:           728172 kB
Inactive:         592604 kB
Active(anon):     268692 kB
Inactive(anon):   178932 kB
Active(file):     459480 kB
Inactive(file):   413672 kB
Unevictable:        1744 kB
Mlocked:               0 kB
HighTotal:       1372556 kB
HighFree:          65732 kB
LowTotal:         587396 kB
LowFree:           82928 kB
SwapTotal:        262140 kB
SwapFree:         234344 kB
Dirty:               628 kB
Writeback:             0 kB
AnonPages:        447456 kB
Mapped:           320236 kB
Shmem:               256 kB
Slab:              56384 kB
SReclaimable:      16876 kB
SUnreclaim:        39508 kB
KernelStack:       15680 kB
PageTables:        27132 kB
NFS_Unstable:          0 kB
Bounce:                0 kB
WritebackTmp:          0 kB
CommitLimit:     1242116 kB
Committed_AS:   55851732 kB
VmallocTotal:     409600 kB
VmallocUsed:       36228 kB
VmallocChunk:      87068 kB
Time pass: 151 sec

---2015-12-09 10:54:01
MemTotal:        1959952 kB
MemFree:          147708 kB
Buffers:            2900 kB
Cached:           872724 kB
SwapCached:         1028 kB
Active:           728312 kB
Inactive:         593124 kB
Active(anon):     268876 kB
Inactive(anon):   178936 kB
Active(file):     459436 kB
Inactive(file):   414188 kB
Unevictable:        1744 kB
Mlocked:               0 kB
HighTotal:       1372556 kB
HighFree:          64776 kB
LowTotal:         587396 kB
LowFree:           82932 kB
SwapTotal:        262140 kB
SwapFree:         234344 kB
Dirty:               692 kB
Writeback:             0 kB
AnonPages:        447424 kB
Mapped:           322168 kB
Shmem:               256 kB
Slab:              56520 kB
SReclaimable:      16876 kB
SUnreclaim:        39644 kB
KernelStack:       15688 kB
PageTables:        27140 kB
NFS_Unstable:          0 kB
Bounce:                0 kB
WritebackTmp:          0 kB
CommitLimit:     1242116 kB
Committed_AS:   55857732 kB
VmallocTotal:     409600 kB
VmallocUsed:       36228 kB
VmallocChunk:      87068 kB
Time pass: 154 sec

---2015-12-09 10:54:01
MemTotal:        1959952 kB
MemFree:          127040 kB
Buffers:            2900 kB
Cached:           873000 kB
SwapCached:         1028 kB
Active:           734424 kB
Inactive:         592380 kB
Active(anon):     273976 kB
Inactive(anon):   179168 kB
Active(file):     460448 kB
Inactive(file):   413212 kB
Unevictable:        1744 kB
Mlocked:               0 kB
HighTotal:       1372556 kB
HighFree:          47208 kB
LowTotal:         587396 kB
LowFree:           79832 kB
SwapTotal:        262140 kB
SwapFree:         234344 kB
Dirty:               672 kB
Writeback:             0 kB
AnonPages:        452580 kB
Mapped:           323656 kB
Shmem:               496 kB
Slab:              56008 kB
SReclaimable:      16860 kB
SUnreclaim:        39148 kB
KernelStack:       15896 kB
PageTables:        27328 kB
NFS_Unstable:          0 kB
Bounce:                0 kB
WritebackTmp:          0 kB
CommitLimit:     1242116 kB
Committed_AS:   55879316 kB
VmallocTotal:     409600 kB
VmallocUsed:       36228 kB
VmallocChunk:      87068 kB
Time pass: 158 sec

---2015-12-09 10:54:01
MemTotal:        1959952 kB
MemFree:          113936 kB
Buffers:            2948 kB
Cached:           875352 kB
SwapCached:         1028 kB
Active:           745264 kB
Inactive:         594680 kB
Active(anon):     284728 kB
Inactive(anon):   179316 kB
Active(file):     460536 kB
Inactive(file):   415364 kB
Unevictable:        1744 kB
Mlocked:               0 kB
HighTotal:       1372556 kB
HighFree:          35040 kB
LowTotal:         587396 kB
LowFree:           78896 kB
SwapTotal:        262140 kB
SwapFree:         234344 kB
Dirty:               712 kB
Writeback:             0 kB
AnonPages:        463244 kB
Mapped:           321516 kB
Shmem:               656 kB
Slab:              55928 kB
SReclaimable:      16860 kB
SUnreclaim:        39068 kB
KernelStack:       15912 kB
PageTables:        27356 kB
NFS_Unstable:          0 kB
Bounce:                0 kB
WritebackTmp:          0 kB
CommitLimit:     1242116 kB
Committed_AS:   55887440 kB
VmallocTotal:     409600 kB
VmallocUsed:       36228 kB
VmallocChunk:      87068 kB
Time pass: 162 sec

---2015-12-09 10:54:01
MemTotal:        1959952 kB
MemFree:          113236 kB
Buffers:            2948 kB
Cached:           875380 kB
SwapCached:         1028 kB
Active:           745904 kB
Inactive:         594692 kB
Active(anon):     285364 kB
Inactive(anon):   179328 kB
Active(file):     460540 kB
Inactive(file):   415364 kB
Unevictable:        1744 kB
Mlocked:               0 kB
HighTotal:       1372556 kB
HighFree:          34344 kB
LowTotal:         587396 kB
LowFree:           78892 kB
SwapTotal:        262140 kB
SwapFree:         234344 kB
Dirty:               716 kB
Writeback:             0 kB
AnonPages:        463944 kB
Mapped:           321576 kB
Shmem:               680 kB
Slab:              56060 kB
SReclaimable:      16860 kB
SUnreclaim:        39200 kB
KernelStack:       15888 kB
PageTables:        27344 kB
NFS_Unstable:          0 kB
Bounce:                0 kB
WritebackTmp:          0 kB
CommitLimit:     1242116 kB
Committed_AS:   55887816 kB
VmallocTotal:     409600 kB
VmallocUsed:       36228 kB
VmallocChunk:      87068 kB
Time pass: 166 sec

---2015-12-09 10:54:01
MemTotal:        1959952 kB
MemFree:          111124 kB
Buffers:            2948 kB
Cached:           875672 kB
SwapCached:         1028 kB
Active:           748236 kB
Inactive:         594368 kB
Active(anon):     287084 kB
Inactive(anon):   179328 kB
Active(file):     461152 kB
Inactive(file):   415040 kB
Unevictable:        1744 kB
Mlocked:               0 kB
HighTotal:       1372556 kB
HighFree:          32096 kB
LowTotal:         587396 kB
LowFree:           79028 kB
SwapTotal:        262140 kB
SwapFree:         234344 kB
Dirty:               748 kB
Writeback:             0 kB
AnonPages:        465600 kB
Mapped:           321656 kB
Shmem:               684 kB
Slab:              55928 kB
SReclaimable:      16860 kB
SUnreclaim:        39068 kB
KernelStack:       15872 kB
PageTables:        27352 kB
NFS_Unstable:          0 kB
Bounce:                0 kB
WritebackTmp:          0 kB
CommitLimit:     1242116 kB
Committed_AS:   55888220 kB
VmallocTotal:     409600 kB
VmallocUsed:       36228 kB
VmallocChunk:      87068 kB
Time pass: 170 sec

---2015-12-09 10:54:01
MemTotal:        1959952 kB
MemFree:          107784 kB
Buffers:            2948 kB
Cached:           875672 kB
SwapCached:         1028 kB
Active:           752272 kB
Inactive:         594096 kB
Active(anon):     291120 kB
Inactive(anon):   179056 kB
Active(file):     461152 kB
Inactive(file):   415040 kB
Unevictable:        1744 kB
Mlocked:               0 kB
HighTotal:       1372556 kB
HighFree:          29144 kB
LowTotal:         587396 kB
LowFree:           78640 kB
SwapTotal:        262140 kB
SwapFree:         234344 kB
Dirty:               748 kB
Writeback:             0 kB
AnonPages:        469508 kB
Mapped:           325172 kB
Shmem:               684 kB
Slab:              55948 kB
SReclaimable:      16860 kB
SUnreclaim:        39088 kB
KernelStack:       15896 kB
PageTables:        27672 kB
NFS_Unstable:          0 kB
Bounce:                0 kB
WritebackTmp:          0 kB
CommitLimit:     1242116 kB
Committed_AS:   56848608 kB
VmallocTotal:     409600 kB
VmallocUsed:       36228 kB
VmallocChunk:      87068 kB
Time pass: 176 sec

---2015-12-09 10:54:01
MemTotal:        1959952 kB
MemFree:          111200 kB
Buffers:            2948 kB
Cached:           876144 kB
SwapCached:         1028 kB
Active:           748564 kB
Inactive:         594564 kB
Active(anon):     287416 kB
Inactive(anon):   179056 kB
Active(file):     461148 kB
Inactive(file):   415508 kB
Unevictable:        1744 kB
Mlocked:               0 kB
HighTotal:       1372556 kB
HighFree:          32496 kB
LowTotal:         587396 kB
LowFree:           78704 kB
SwapTotal:        262140 kB
SwapFree:         234344 kB
Dirty:               768 kB
Writeback:             0 kB
AnonPages:        465712 kB
Mapped:           321800 kB
Shmem:               692 kB
Slab:              56076 kB
SReclaimable:      16860 kB
SUnreclaim:        39216 kB
KernelStack:       15896 kB
PageTables:        27384 kB
NFS_Unstable:          0 kB
Bounce:                0 kB
WritebackTmp:          0 kB
CommitLimit:     1242116 kB
Committed_AS:   55885196 kB
VmallocTotal:     409600 kB
VmallocUsed:       36228 kB
VmallocChunk:      87068 kB
Time pass: 180 sec

---2015-12-09 10:54:01
MemTotal:        1959952 kB
MemFree:          115224 kB
Buffers:            2948 kB
Cached:           876144 kB
SwapCached:         1028 kB
Active:           744148 kB
Inactive:         594560 kB
Active(anon):     283000 kB
Inactive(anon):   179052 kB
Active(file):     461148 kB
Inactive(file):   415508 kB
Unevictable:        1744 kB
Mlocked:               0 kB
HighTotal:       1372556 kB
HighFree:          36516 kB
LowTotal:         587396 kB
LowFree:           78708 kB
SwapTotal:        262140 kB
SwapFree:         234344 kB
Dirty:               768 kB
Writeback:             0 kB
AnonPages:        461280 kB
Mapped:           321816 kB
Shmem:               692 kB
Slab:              55948 kB
SReclaimable:      16860 kB
SUnreclaim:        39088 kB
KernelStack:       15896 kB
PageTables:        27384 kB
NFS_Unstable:          0 kB
Bounce:                0 kB
WritebackTmp:          0 kB
CommitLimit:     1242116 kB
Committed_AS:   55885408 kB
VmallocTotal:     409600 kB
VmallocUsed:       36228 kB
VmallocChunk:      87068 kB
Time pass: 184 sec

---2015-12-09 10:54:01
MemTotal:        1959952 kB
MemFree:          114392 kB
Buffers:            2948 kB
Cached:           876268 kB
SwapCached:         1028 kB
Active:           744760 kB
Inactive:         594652 kB
Active(anon):     283584 kB
Inactive(anon):   179068 kB
Active(file):     461176 kB
Inactive(file):   415584 kB
Unevictable:        1744 kB
Mlocked:               0 kB
HighTotal:       1372556 kB
HighFree:          35776 kB
LowTotal:         587396 kB
LowFree:           78616 kB
SwapTotal:        262140 kB
SwapFree:         234344 kB
Dirty:               892 kB
Writeback:             0 kB
AnonPages:        461948 kB
Mapped:           321868 kB
Shmem:               712 kB
Slab:              55916 kB
SReclaimable:      16860 kB
SUnreclaim:        39056 kB
KernelStack:       15896 kB
PageTables:        27404 kB
NFS_Unstable:          0 kB
Bounce:                0 kB
WritebackTmp:          0 kB
CommitLimit:     1242116 kB
Committed_AS:   55895944 kB
VmallocTotal:     409600 kB
VmallocUsed:       36228 kB
VmallocChunk:      87068 kB
Time pass: 188 sec

---2015-12-09 10:54:01
MemTotal:        1959952 kB
MemFree:          113728 kB
Buffers:            2948 kB
Cached:           876188 kB
SwapCached:         1028 kB
Active:           745592 kB
Inactive:         594560 kB
Active(anon):     284416 kB
Inactive(anon):   179056 kB
Active(file):     461176 kB
Inactive(file):   415504 kB
Unevictable:        1744 kB
Mlocked:               0 kB
HighTotal:       1372556 kB
HighFree:          35008 kB
LowTotal:         587396 kB
LowFree:           78720 kB
SwapTotal:        262140 kB
SwapFree:         234344 kB
Dirty:               784 kB
Writeback:             0 kB
AnonPages:        462820 kB
Mapped:           321820 kB
Shmem:               712 kB
Slab:              55824 kB
SReclaimable:      16860 kB
SUnreclaim:        38964 kB
KernelStack:       15888 kB
PageTables:        27392 kB
NFS_Unstable:          0 kB
Bounce:                0 kB
WritebackTmp:          0 kB
CommitLimit:     1242116 kB
Committed_AS:   55896100 kB
VmallocTotal:     409600 kB
VmallocUsed:       36228 kB
VmallocChunk:      87068 kB
Time pass: 191 sec

---2015-12-09 10:54:01
MemTotal:        1959952 kB
MemFree:          112440 kB
Buffers:            2948 kB
Cached:           876188 kB
SwapCached:         1028 kB
Active:           746636 kB
Inactive:         594548 kB
Active(anon):     285456 kB
Inactive(anon):   179048 kB
Active(file):     461180 kB
Inactive(file):   415500 kB
Unevictable:        1744 kB
Mlocked:               0 kB
HighTotal:       1372556 kB
HighFree:          33992 kB
LowTotal:         587396 kB
LowFree:           78448 kB
SwapTotal:        262140 kB
SwapFree:         234344 kB
Dirty:               776 kB
Writeback:             0 kB
AnonPages:        463632 kB
Mapped:           321836 kB
Shmem:               712 kB
Slab:              56076 kB
SReclaimable:      16860 kB
SUnreclaim:        39216 kB
KernelStack:       15904 kB
PageTables:        27392 kB
NFS_Unstable:          0 kB
Bounce:                0 kB
WritebackTmp:          0 kB
CommitLimit:     1242116 kB
Committed_AS:   55896068 kB
VmallocTotal:     409600 kB
VmallocUsed:       36228 kB
VmallocChunk:      87068 kB
Time pass: 195 sec

---2015-12-09 10:54:01
MemTotal:        1959952 kB
MemFree:          112880 kB
Buffers:            2948 kB
Cached:           876188 kB
SwapCached:         1028 kB
Active:           746328 kB
Inactive:         594548 kB
Active(anon):     285148 kB
Inactive(anon):   179048 kB
Active(file):     461180 kB
Inactive(file):   415500 kB
Unevictable:        1744 kB
Mlocked:               0 kB
HighTotal:       1372556 kB
HighFree:          34256 kB
LowTotal:         587396 kB
LowFree:           78624 kB
SwapTotal:        262140 kB
SwapFree:         234344 kB
Dirty:               776 kB
Writeback:             0 kB
AnonPages:        463300 kB
Mapped:           321836 kB
Shmem:               712 kB
Slab:              55916 kB
SReclaimable:      16860 kB
SUnreclaim:        39056 kB
KernelStack:       15888 kB
PageTables:        27388 kB
NFS_Unstable:          0 kB
Bounce:                0 kB
WritebackTmp:          0 kB
CommitLimit:     1242116 kB
Committed_AS:   55895940 kB
VmallocTotal:     409600 kB
VmallocUsed:       36228 kB
VmallocChunk:      87068 kB
Time pass: 199 sec

---2015-12-09 10:54:01
MemTotal:        1959952 kB
MemFree:          112184 kB
Buffers:            2948 kB
Cached:           876216 kB
SwapCached:         1028 kB
Active:           747284 kB
Inactive:         594556 kB
Active(anon):     286104 kB
Inactive(anon):   179056 kB
Active(file):     461180 kB
Inactive(file):   415500 kB
Unevictable:        1744 kB
Mlocked:               0 kB
HighTotal:       1372556 kB
HighFree:          33456 kB
LowTotal:         587396 kB
LowFree:           78728 kB
SwapTotal:        262140 kB
SwapFree:         234344 kB
Dirty:               776 kB
Writeback:             0 kB
AnonPages:        464348 kB
Mapped:           321864 kB
Shmem:               740 kB
Slab:              56076 kB
SReclaimable:      16860 kB
SUnreclaim:        39216 kB
KernelStack:       15888 kB
PageTables:        27392 kB
NFS_Unstable:          0 kB
Bounce:                0 kB
WritebackTmp:          0 kB
CommitLimit:     1242116 kB
Committed_AS:   55895936 kB
VmallocTotal:     409600 kB
VmallocUsed:       36228 kB
VmallocChunk:      87068 kB
Time pass: 203 sec

---2015-12-09 10:54:01
MemTotal:        1959952 kB
MemFree:          111360 kB
Buffers:            2948 kB
Cached:           876332 kB
SwapCached:         1028 kB
Active:           748316 kB
Inactive:         594676 kB
Active(anon):     287136 kB
Inactive(anon):   179176 kB
Active(file):     461180 kB
Inactive(file):   415500 kB
Unevictable:        1744 kB
Mlocked:               0 kB
HighTotal:       1372556 kB
HighFree:          32240 kB
LowTotal:         587396 kB
LowFree:           79120 kB
SwapTotal:        262140 kB
SwapFree:         234344 kB
Dirty:               776 kB
Writeback:             0 kB
AnonPages:        465372 kB
Mapped:           321980 kB
Shmem:               856 kB
Slab:              55916 kB
SReclaimable:      16860 kB
SUnreclaim:        39056 kB
KernelStack:       15888 kB
PageTables:        27392 kB
NFS_Unstable:          0 kB
Bounce:                0 kB
WritebackTmp:          0 kB
CommitLimit:     1242116 kB
Committed_AS:   55895964 kB
VmallocTotal:     409600 kB
VmallocUsed:       36228 kB
VmallocChunk:      87068 kB
Time pass: 206 sec

---2015-12-09 10:54:01
MemTotal:        1959952 kB
MemFree:          110772 kB
Buffers:            2948 kB
Cached:           876336 kB
SwapCached:         1028 kB
Active:           748580 kB
Inactive:         594688 kB
Active(anon):     287404 kB
Inactive(anon):   179180 kB
Active(file):     461176 kB
Inactive(file):   415508 kB
Unevictable:        1744 kB
Mlocked:               0 kB
HighTotal:       1372556 kB
HighFree:          31708 kB
LowTotal:         587396 kB
LowFree:           79064 kB
SwapTotal:        262140 kB
SwapFree:         234344 kB
Dirty:               804 kB
Writeback:             0 kB
AnonPages:        465876 kB
Mapped:           321980 kB
Shmem:               856 kB
Slab:              55976 kB
SReclaimable:      16860 kB
SUnreclaim:        39116 kB
KernelStack:       15880 kB
PageTables:        27392 kB
NFS_Unstable:          0 kB
Bounce:                0 kB
WritebackTmp:          0 kB
CommitLimit:     1242116 kB
Committed_AS:   55894140 kB
VmallocTotal:     409600 kB
VmallocUsed:       36228 kB
VmallocChunk:      87068 kB
Time pass: 210 sec

---2015-12-09 10:54:01
MemTotal:        1959952 kB
MemFree:          110184 kB
Buffers:            2948 kB
Cached:           876336 kB
SwapCached:         1028 kB
Active:           748556 kB
Inactive:         594676 kB
Active(anon):     287380 kB
Inactive(anon):   179168 kB
Active(file):     461176 kB
Inactive(file):   415508 kB
Unevictable:        1744 kB
Mlocked:               0 kB
HighTotal:       1372556 kB
HighFree:          31364 kB
LowTotal:         587396 kB
LowFree:           78820 kB
SwapTotal:        262140 kB
SwapFree:         234344 kB
Dirty:               796 kB
Writeback:             0 kB
AnonPages:        465576 kB
Mapped:           321980 kB
Shmem:               856 kB
Slab:              56104 kB
SReclaimable:      16860 kB
SUnreclaim:        39244 kB
KernelStack:       15872 kB
PageTables:        27392 kB
NFS_Unstable:          0 kB
Bounce:                0 kB
WritebackTmp:          0 kB
CommitLimit:     1242116 kB
Committed_AS:   55894164 kB
VmallocTotal:     409600 kB
VmallocUsed:       36228 kB
VmallocChunk:      87068 kB
Time pass: 214 sec

---2015-12-09 10:54:01
MemTotal:        1959952 kB
MemFree:          109272 kB
Buffers:            2948 kB
Cached:           876336 kB
SwapCached:         1028 kB
Active:           749860 kB
Inactive:         594668 kB
Active(anon):     288676 kB
Inactive(anon):   179168 kB
Active(file):     461184 kB
Inactive(file):   415500 kB
Unevictable:        1744 kB
Mlocked:               0 kB
HighTotal:       1372556 kB
HighFree:          30696 kB
LowTotal:         587396 kB
LowFree:           78576 kB
SwapTotal:        262140 kB
SwapFree:         234344 kB
Dirty:               780 kB
Writeback:             0 kB
AnonPages:        467060 kB
Mapped:           322016 kB
Shmem:               856 kB
Slab:              55848 kB
SReclaimable:      16860 kB
SUnreclaim:        38988 kB
KernelStack:       15944 kB
PageTables:        27712 kB
NFS_Unstable:          0 kB
Bounce:                0 kB
WritebackTmp:          0 kB
CommitLimit:     1242116 kB
Committed_AS:   56843844 kB
VmallocTotal:     409600 kB
VmallocUsed:       37248 kB
VmallocChunk:      87068 kB
Time pass: 218 sec

---2015-12-09 10:54:01
MemTotal:        1959952 kB
MemFree:          109940 kB
Buffers:            2948 kB
Cached:           876336 kB
SwapCached:         1028 kB
Active:           749016 kB
Inactive:         594668 kB
Active(anon):     287832 kB
Inactive(anon):   179168 kB
Active(file):     461184 kB
Inactive(file):   415500 kB
Unevictable:        1744 kB
Mlocked:               0 kB
HighTotal:       1372556 kB
HighFree:          31180 kB
LowTotal:         587396 kB
LowFree:           78760 kB
SwapTotal:        262140 kB
SwapFree:         234344 kB
Dirty:               776 kB
Writeback:             0 kB
AnonPages:        465908 kB
Mapped:           321996 kB
Shmem:               856 kB
Slab:              56004 kB
SReclaimable:      16860 kB
SUnreclaim:        39144 kB
KernelStack:       15880 kB
PageTables:        27388 kB
NFS_Unstable:          0 kB
Bounce:                0 kB
WritebackTmp:          0 kB
CommitLimit:     1242116 kB
Committed_AS:   55894096 kB
VmallocTotal:     409600 kB
VmallocUsed:       36228 kB
VmallocChunk:      87068 kB
Time pass: 222 sec

---2015-12-09 10:54:01
MemTotal:        1959952 kB
MemFree:          115260 kB
Buffers:            2948 kB
Cached:           876336 kB
SwapCached:         1028 kB
Active:           744012 kB
Inactive:         594668 kB
Active(anon):     282828 kB
Inactive(anon):   179168 kB
Active(file):     461184 kB
Inactive(file):   415500 kB
Unevictable:        1744 kB
Mlocked:               0 kB
HighTotal:       1372556 kB
HighFree:          36700 kB
LowTotal:         587396 kB
LowFree:           78560 kB
SwapTotal:        262140 kB
SwapFree:         234344 kB
Dirty:               776 kB
Writeback:             0 kB
AnonPages:        460868 kB
Mapped:           321996 kB
Shmem:               856 kB
Slab:              55968 kB
SReclaimable:      16860 kB
SUnreclaim:        39108 kB
KernelStack:       15888 kB
PageTables:        27392 kB
NFS_Unstable:          0 kB
Bounce:                0 kB
WritebackTmp:          0 kB
CommitLimit:     1242116 kB
Committed_AS:   55894276 kB
VmallocTotal:     409600 kB
VmallocUsed:       36228 kB
VmallocChunk:      87068 kB
Time pass: 226 sec

---2015-12-09 10:54:01
MemTotal:        1959952 kB
MemFree:          114492 kB
Buffers:            2948 kB
Cached:           876336 kB
SwapCached:         1028 kB
Active:           744328 kB
Inactive:         594672 kB
Active(anon):     283148 kB
Inactive(anon):   179168 kB
Active(file):     461180 kB
Inactive(file):   415504 kB
Unevictable:        1744 kB
Mlocked:               0 kB
HighTotal:       1372556 kB
HighFree:          36080 kB
LowTotal:         587396 kB
LowFree:           78412 kB
SwapTotal:        262140 kB
SwapFree:         234344 kB
Dirty:               796 kB
Writeback:             0 kB
AnonPages:        461440 kB
Mapped:           322004 kB
Shmem:               856 kB
Slab:              56000 kB
SReclaimable:      16860 kB
SUnreclaim:        39140 kB
KernelStack:       15880 kB
PageTables:        27392 kB
NFS_Unstable:          0 kB
Bounce:                0 kB
WritebackTmp:          0 kB
CommitLimit:     1242116 kB
Committed_AS:   55894504 kB
VmallocTotal:     409600 kB
VmallocUsed:       36228 kB
VmallocChunk:      87068 kB
Time pass: 229 sec

---2015-12-09 10:54:01
MemTotal:        1959952 kB
MemFree:          114344 kB
Buffers:            2948 kB
Cached:           876336 kB
SwapCached:         1028 kB
Active:           744740 kB
Inactive:         594672 kB
Active(anon):     283560 kB
Inactive(anon):   179168 kB
Active(file):     461180 kB
Inactive(file):   415504 kB
Unevictable:        1744 kB
Mlocked:               0 kB
HighTotal:       1372556 kB
HighFree:          35832 kB
LowTotal:         587396 kB
LowFree:           78512 kB
SwapTotal:        262140 kB
SwapFree:         234344 kB
Dirty:               796 kB
Writeback:             0 kB
AnonPages:        461608 kB
Mapped:           322004 kB
Shmem:               856 kB
Slab:              55936 kB
SReclaimable:      16860 kB
SUnreclaim:        39076 kB
KernelStack:       15880 kB
PageTables:        27388 kB
NFS_Unstable:          0 kB
Bounce:                0 kB
WritebackTmp:          0 kB
CommitLimit:     1242116 kB
Committed_AS:   55894632 kB
VmallocTotal:     409600 kB
VmallocUsed:       36228 kB
VmallocChunk:      87068 kB
Time pass: 233 sec

---2015-12-09 10:54:01
MemTotal:        1959952 kB
MemFree:          110952 kB
Buffers:            2948 kB
Cached:           876336 kB
SwapCached:         1028 kB
Active:           747784 kB
Inactive:         594668 kB
Active(anon):     286600 kB
Inactive(anon):   179168 kB
Active(file):     461184 kB
Inactive(file):   415500 kB
Unevictable:        1744 kB
Mlocked:               0 kB
HighTotal:       1372556 kB
HighFree:          33228 kB
LowTotal:         587396 kB
LowFree:           77724 kB
SwapTotal:        262140 kB
SwapFree:         234344 kB
Dirty:               776 kB
Writeback:             0 kB
AnonPages:        464780 kB
Mapped:           325548 kB
Shmem:               856 kB
Slab:              56012 kB
SReclaimable:      16860 kB
SUnreclaim:        39152 kB
KernelStack:       15904 kB
PageTables:        27776 kB
NFS_Unstable:          0 kB
Bounce:                0 kB
WritebackTmp:          0 kB
CommitLimit:     1242116 kB
Committed_AS:   56855448 kB
VmallocTotal:     409600 kB
VmallocUsed:       37248 kB
VmallocChunk:      87068 kB
Time pass: 237 sec

---2015-12-09 10:54:01
MemTotal:        1959952 kB
MemFree:          112572 kB
Buffers:            2948 kB
Cached:           876336 kB
SwapCached:         1028 kB
Active:           745824 kB
Inactive:         594668 kB
Active(anon):     284640 kB
Inactive(anon):   179168 kB
Active(file):     461184 kB
Inactive(file):   415500 kB
Unevictable:        1744 kB
Mlocked:               0 kB
HighTotal:       1372556 kB
HighFree:          34592 kB
LowTotal:         587396 kB
LowFree:           77980 kB
SwapTotal:        262140 kB
SwapFree:         234344 kB
Dirty:               776 kB
Writeback:             0 kB
AnonPages:        462924 kB
Mapped:           322004 kB
Shmem:               856 kB
Slab:              56096 kB
SReclaimable:      16860 kB
SUnreclaim:        39236 kB
KernelStack:       15880 kB
PageTables:        27388 kB
NFS_Unstable:          0 kB
Bounce:                0 kB
WritebackTmp:          0 kB
CommitLimit:     1242116 kB
Committed_AS:   55894844 kB
VmallocTotal:     409600 kB
VmallocUsed:       36228 kB
VmallocChunk:      87068 kB
Time pass: 241 sec

---2015-12-09 10:54:01
MemTotal:        1959952 kB
MemFree:          111732 kB
Buffers:            2948 kB
Cached:           876356 kB
SwapCached:         1028 kB
Active:           747296 kB
Inactive:         594676 kB
Active(anon):     286116 kB
Inactive(anon):   179168 kB
Active(file):     461180 kB
Inactive(file):   415508 kB
Unevictable:        1744 kB
Mlocked:               0 kB
HighTotal:       1372556 kB
HighFree:          33724 kB
LowTotal:         587396 kB
LowFree:           78008 kB
SwapTotal:        262140 kB
SwapFree:         234344 kB
Dirty:               812 kB
Writeback:             0 kB
AnonPages:        464640 kB
Mapped:           322004 kB
Shmem:               856 kB
Slab:              56000 kB
SReclaimable:      16860 kB
SUnreclaim:        39140 kB
KernelStack:       15880 kB
PageTables:        27392 kB
NFS_Unstable:          0 kB
Bounce:                0 kB
WritebackTmp:          0 kB
CommitLimit:     1242116 kB
Committed_AS:   55896068 kB
VmallocTotal:     409600 kB
VmallocUsed:       36228 kB
VmallocChunk:      87068 kB
Time pass: 244 sec

---2015-12-09 10:54:01
MemTotal:        1959952 kB
MemFree:          110292 kB
Buffers:            2948 kB
Cached:           876356 kB
SwapCached:         1028 kB
Active:           748060 kB
Inactive:         594688 kB
Active(anon):     286880 kB
Inactive(anon):   179164 kB
Active(file):     461180 kB
Inactive(file):   415524 kB
Unevictable:        1744 kB
Mlocked:               0 kB
HighTotal:       1372556 kB
HighFree:          32236 kB
LowTotal:         587396 kB
LowFree:           78056 kB
SwapTotal:        262140 kB
SwapFree:         234344 kB
Dirty:               820 kB
Writeback:             0 kB
AnonPages:        465152 kB
Mapped:           322004 kB
Shmem:               856 kB
Slab:              56224 kB
SReclaimable:      16860 kB
SUnreclaim:        39364 kB
KernelStack:       15888 kB
PageTables:        27400 kB
NFS_Unstable:          0 kB
Bounce:                0 kB
WritebackTmp:          0 kB
CommitLimit:     1242116 kB
Committed_AS:   55896296 kB
VmallocTotal:     409600 kB
VmallocUsed:       36228 kB
VmallocChunk:      87068 kB
Time pass: 248 sec

---2015-12-09 10:54:01
MemTotal:        1959952 kB
MemFree:          110056 kB
Buffers:            2948 kB
Cached:           876404 kB
SwapCached:         1028 kB
Active:           749104 kB
Inactive:         594732 kB
Active(anon):     287920 kB
Inactive(anon):   179212 kB
Active(file):     461184 kB
Inactive(file):   415520 kB
Unevictable:        1744 kB
Mlocked:               0 kB
HighTotal:       1372556 kB
HighFree:          31412 kB
LowTotal:         587396 kB
LowFree:           78644 kB
SwapTotal:        262140 kB
SwapFree:         234344 kB
Dirty:               796 kB
Writeback:             0 kB
AnonPages:        466256 kB
Mapped:           322152 kB
Shmem:               904 kB
Slab:              55904 kB
SReclaimable:      16860 kB
SUnreclaim:        39044 kB
KernelStack:       16016 kB
PageTables:        27312 kB
NFS_Unstable:          0 kB
Bounce:                0 kB
WritebackTmp:          0 kB
CommitLimit:     1242116 kB
Committed_AS:   55895288 kB
VmallocTotal:     409600 kB
VmallocUsed:       36228 kB
VmallocChunk:      87068 kB
Time pass: 252 sec

---2015-12-09 10:54:01
MemTotal:        1959952 kB
MemFree:          108816 kB
Buffers:            2948 kB
Cached:           876404 kB
SwapCached:         1028 kB
Active:           750796 kB
Inactive:         594732 kB
Active(anon):     289612 kB
Inactive(anon):   179212 kB
Active(file):     461184 kB
Inactive(file):   415520 kB
Unevictable:        1744 kB
Mlocked:               0 kB
HighTotal:       1372556 kB
HighFree:          30384 kB
LowTotal:         587396 kB
LowFree:           78432 kB
SwapTotal:        262140 kB
SwapFree:         234344 kB
Dirty:               796 kB
Writeback:             0 kB
AnonPages:        467940 kB
Mapped:           324816 kB
Shmem:               904 kB
Slab:              56000 kB
SReclaimable:      16860 kB
SUnreclaim:        39140 kB
KernelStack:       15888 kB
PageTables:        27700 kB
NFS_Unstable:          0 kB
Bounce:                0 kB
WritebackTmp:          0 kB
CommitLimit:     1242116 kB
Committed_AS:   56854804 kB
VmallocTotal:     409600 kB
VmallocUsed:       37248 kB
VmallocChunk:      87068 kB
Time pass: 256 sec

---2015-12-09 10:54:01
MemTotal:        1959952 kB
MemFree:          108964 kB
Buffers:            2948 kB
Cached:           876404 kB
SwapCached:         1028 kB
Active:           750032 kB
Inactive:         594736 kB
Active(anon):     288852 kB
Inactive(anon):   179212 kB
Active(file):     461180 kB
Inactive(file):   415524 kB
Unevictable:        1744 kB
Mlocked:               0 kB
HighTotal:       1372556 kB
HighFree:          30248 kB
LowTotal:         587396 kB
LowFree:           78716 kB
SwapTotal:        262140 kB
SwapFree:         234344 kB
Dirty:               816 kB
Writeback:             0 kB
AnonPages:        467072 kB
Mapped:           322052 kB
Shmem:               904 kB
Slab:              55936 kB
SReclaimable:      16860 kB
SUnreclaim:        39076 kB
KernelStack:       15888 kB
PageTables:        27404 kB
NFS_Unstable:          0 kB
Bounce:                0 kB
WritebackTmp:          0 kB
CommitLimit:     1242116 kB
Committed_AS:   55895504 kB
VmallocTotal:     409600 kB
VmallocUsed:       36228 kB
VmallocChunk:      87068 kB
Time pass: 260 sec

---2015-12-09 10:54:01
MemTotal:        1959952 kB
MemFree:          108304 kB
Buffers:            2948 kB
Cached:           876404 kB
SwapCached:         1028 kB
Active:           750900 kB
Inactive:         594736 kB
Active(anon):     289720 kB
Inactive(anon):   179212 kB
Active(file):     461180 kB
Inactive(file):   415524 kB
Unevictable:        1744 kB
Mlocked:               0 kB
HighTotal:       1372556 kB
HighFree:          29628 kB
LowTotal:         587396 kB
LowFree:           78676 kB
SwapTotal:        262140 kB
SwapFree:         234344 kB
Dirty:               820 kB
Writeback:             0 kB
AnonPages:        468068 kB
Mapped:           322052 kB
Shmem:               904 kB
Slab:              55968 kB
SReclaimable:      16860 kB
SUnreclaim:        39108 kB
KernelStack:       15896 kB
PageTables:        27404 kB
NFS_Unstable:          0 kB
Bounce:                0 kB
WritebackTmp:          0 kB
CommitLimit:     1242116 kB
Committed_AS:   55895616 kB
VmallocTotal:     409600 kB
VmallocUsed:       36228 kB
VmallocChunk:      87068 kB
Time pass: 263 sec

---2015-12-09 10:54:01
MemTotal:        1959952 kB
MemFree:          106840 kB
Buffers:            2948 kB
Cached:           876552 kB
SwapCached:         1028 kB
Active:           752156 kB
Inactive:         594880 kB
Active(anon):     290972 kB
Inactive(anon):   179212 kB
Active(file):     461184 kB
Inactive(file):   415668 kB
Unevictable:        1744 kB
Mlocked:               0 kB
HighTotal:       1372556 kB
HighFree:          28264 kB
LowTotal:         587396 kB
LowFree:           78576 kB
SwapTotal:        262140 kB
SwapFree:         234344 kB
Dirty:               828 kB
Writeback:             0 kB
AnonPages:        469052 kB
Mapped:           322080 kB
Shmem:               904 kB
Slab:              55928 kB
SReclaimable:      16788 kB
SUnreclaim:        39140 kB
KernelStack:       15912 kB
PageTables:        27404 kB
NFS_Unstable:          0 kB
Bounce:                0 kB
WritebackTmp:          0 kB
CommitLimit:     1242116 kB
Committed_AS:   55895704 kB
VmallocTotal:     409600 kB
VmallocUsed:       36228 kB
VmallocChunk:      87068 kB
Time pass: 267 sec

---2015-12-09 10:54:01
MemTotal:        1959952 kB
MemFree:          105740 kB
Buffers:            2948 kB
Cached:           876552 kB
SwapCached:         1028 kB
Active:           753112 kB
Inactive:         594876 kB
Active(anon):     291924 kB
Inactive(anon):   179212 kB
Active(file):     461188 kB
Inactive(file):   415664 kB
Unevictable:        1744 kB
Mlocked:               0 kB
HighTotal:       1372556 kB
HighFree:          27276 kB
LowTotal:         587396 kB
LowFree:           78464 kB
SwapTotal:        262140 kB
SwapFree:         234344 kB
Dirty:               812 kB
Writeback:             0 kB
AnonPages:        470144 kB
Mapped:           322080 kB
Shmem:               904 kB
Slab:              55960 kB
SReclaimable:      16788 kB
SUnreclaim:        39172 kB
KernelStack:       15912 kB
PageTables:        27408 kB
NFS_Unstable:          0 kB
Bounce:                0 kB
WritebackTmp:          0 kB
CommitLimit:     1242116 kB
Committed_AS:   55895748 kB
VmallocTotal:     409600 kB
VmallocUsed:       36228 kB
VmallocChunk:      87068 kB
Time pass: 272 sec

---2015-12-09 10:54:01
MemTotal:        1959952 kB
MemFree:          104596 kB
Buffers:            2948 kB
Cached:           876568 kB
SwapCached:         1028 kB
Active:           754180 kB
Inactive:         594892 kB
Active(anon):     292992 kB
Inactive(anon):   179228 kB
Active(file):     461188 kB
Inactive(file):   415664 kB
Unevictable:        1744 kB
Mlocked:               0 kB
HighTotal:       1372556 kB
HighFree:          26780 kB
LowTotal:         587396 kB
LowFree:           77816 kB
SwapTotal:        262140 kB
SwapFree:         234344 kB
Dirty:               828 kB
Writeback:             0 kB
AnonPages:        471032 kB
Mapped:           322096 kB
Shmem:               920 kB
Slab:              55896 kB
SReclaimable:      16788 kB
SUnreclaim:        39108 kB
KernelStack:       15960 kB
PageTables:        27408 kB
NFS_Unstable:          0 kB
Bounce:                0 kB
WritebackTmp:          0 kB
CommitLimit:     1242116 kB
Committed_AS:   55895760 kB
VmallocTotal:     409600 kB
VmallocUsed:       36228 kB
VmallocChunk:      87068 kB
Time pass: 276 sec

---2015-12-09 10:54:01
MemTotal:        1959952 kB
MemFree:          100316 kB
Buffers:            2948 kB
Cached:           876568 kB
SwapCached:         1028 kB
Active:           758488 kB
Inactive:         594892 kB
Active(anon):     297300 kB
Inactive(anon):   179228 kB
Active(file):     461188 kB
Inactive(file):   415664 kB
Unevictable:        1744 kB
Mlocked:               0 kB
HighTotal:       1372556 kB
HighFree:          24176 kB
LowTotal:         587396 kB
LowFree:           76140 kB
SwapTotal:        262140 kB
SwapFree:         234344 kB
Dirty:               812 kB
Writeback:             0 kB
AnonPages:        475820 kB
Mapped:           326412 kB
Shmem:               920 kB
Slab:              55928 kB
SReclaimable:      16788 kB
SUnreclaim:        39140 kB
KernelStack:       15944 kB
PageTables:        27728 kB
NFS_Unstable:          0 kB
Bounce:                0 kB
WritebackTmp:          0 kB
CommitLimit:     1242116 kB
Committed_AS:   56857752 kB
VmallocTotal:     409600 kB
VmallocUsed:       36228 kB
VmallocChunk:      87068 kB
Time pass: 280 sec

---2015-12-09 10:54:01
MemTotal:        1959952 kB
MemFree:          103320 kB
Buffers:            2948 kB
Cached:           876568 kB
SwapCached:         1028 kB
Active:           755516 kB
Inactive:         594892 kB
Active(anon):     294328 kB
Inactive(anon):   179228 kB
Active(file):     461188 kB
Inactive(file):   415664 kB
Unevictable:        1744 kB
Mlocked:               0 kB
HighTotal:       1372556 kB
HighFree:          25788 kB
LowTotal:         587396 kB
LowFree:           77532 kB
SwapTotal:        262140 kB
SwapFree:         234344 kB
Dirty:               812 kB
Writeback:             0 kB
AnonPages:        472364 kB
Mapped:           321980 kB
Shmem:               920 kB
Slab:              55992 kB
SReclaimable:      16788 kB
SUnreclaim:        39204 kB
KernelStack:       15912 kB
PageTables:        27408 kB
NFS_Unstable:          0 kB
Bounce:                0 kB
WritebackTmp:          0 kB
CommitLimit:     1242116 kB
Committed_AS:   55895984 kB
VmallocTotal:     409600 kB
VmallocUsed:       36228 kB
VmallocChunk:      87068 kB
Time pass: 284 sec

---2015-12-09 10:54:01
MemTotal:        1959952 kB
MemFree:          100984 kB
Buffers:            2948 kB
Cached:           876568 kB
SwapCached:         1028 kB
Active:           756724 kB
Inactive:         594892 kB
Active(anon):     295536 kB
Inactive(anon):   179228 kB
Active(file):     461188 kB
Inactive(file):   415664 kB
Unevictable:        1744 kB
Mlocked:               0 kB
HighTotal:       1372556 kB
HighFree:          24796 kB
LowTotal:         587396 kB
LowFree:           76188 kB
SwapTotal:        262140 kB
SwapFree:         234344 kB
Dirty:               812 kB
Writeback:             0 kB
AnonPages:        473748 kB
Mapped:           322096 kB
Shmem:               920 kB
Slab:              55960 kB
SReclaimable:      16788 kB
SUnreclaim:        39172 kB
KernelStack:       15912 kB
PageTables:        27412 kB
NFS_Unstable:          0 kB
Bounce:                0 kB
WritebackTmp:          0 kB
CommitLimit:     1242116 kB
Committed_AS:   55896040 kB
VmallocTotal:     409600 kB
VmallocUsed:       36228 kB
VmallocChunk:      87068 kB
Time pass: 287 sec

---2015-12-09 10:54:01
MemTotal:        1959952 kB
MemFree:          101332 kB
Buffers:            2948 kB
Cached:           876568 kB
SwapCached:         1028 kB
Active:           757072 kB
Inactive:         594892 kB
Active(anon):     295884 kB
Inactive(anon):   179228 kB
Active(file):     461188 kB
Inactive(file):   415664 kB
Unevictable:        1744 kB
Mlocked:               0 kB
HighTotal:       1372556 kB
HighFree:          25884 kB
LowTotal:         587396 kB
LowFree:           75448 kB
SwapTotal:        262140 kB
SwapFree:         234344 kB
Dirty:               812 kB
Writeback:             0 kB
AnonPages:        474060 kB
Mapped:           322124 kB
Shmem:               920 kB
Slab:              55992 kB
SReclaimable:      16788 kB
SUnreclaim:        39204 kB
KernelStack:       15912 kB
PageTables:        27416 kB
NFS_Unstable:          0 kB
Bounce:                0 kB
WritebackTmp:          0 kB
CommitLimit:     1242116 kB
Committed_AS:   55896212 kB
VmallocTotal:     409600 kB
VmallocUsed:       36228 kB
VmallocChunk:      87068 kB
Time pass: 291 sec

---2015-12-09 10:54:01
MemTotal:        1959952 kB
MemFree:          110824 kB
Buffers:            2948 kB
Cached:           876568 kB
SwapCached:         1028 kB
Active:           748468 kB
Inactive:         594892 kB
Active(anon):     287280 kB
Inactive(anon):   179228 kB
Active(file):     461188 kB
Inactive(file):   415664 kB
Unevictable:        1744 kB
Mlocked:               0 kB
HighTotal:       1372556 kB
HighFree:          33244 kB
LowTotal:         587396 kB
LowFree:           77580 kB
SwapTotal:        262140 kB
SwapFree:         234344 kB
Dirty:               828 kB
Writeback:             0 kB
AnonPages:        465308 kB
Mapped:           322124 kB
Shmem:               920 kB
Slab:              55928 kB
SReclaimable:      16788 kB
SUnreclaim:        39140 kB
KernelStack:       15912 kB
PageTables:        27412 kB
NFS_Unstable:          0 kB
Bounce:                0 kB
WritebackTmp:          0 kB
CommitLimit:     1242116 kB
Committed_AS:   55896344 kB
VmallocTotal:     409600 kB
VmallocUsed:       36228 kB
VmallocChunk:      87068 kB
Time pass: 295 sec

---2015-12-09 10:54:01
MemTotal:        1959952 kB
MemFree:          110088 kB
Buffers:            2948 kB
Cached:           876568 kB
SwapCached:         1028 kB
Active:           748496 kB
Inactive:         594892 kB
Active(anon):     287308 kB
Inactive(anon):   179228 kB
Active(file):     461188 kB
Inactive(file):   415664 kB
Unevictable:        1744 kB
Mlocked:               0 kB
HighTotal:       1372556 kB
HighFree:          32856 kB
LowTotal:         587396 kB
LowFree:           77232 kB
SwapTotal:        262140 kB
SwapFree:         234344 kB
Dirty:               824 kB
Writeback:             0 kB
AnonPages:        465652 kB
Mapped:           322032 kB
Shmem:               920 kB
Slab:              55964 kB
SReclaimable:      16788 kB
SUnreclaim:        39176 kB
KernelStack:       15896 kB
PageTables:        27388 kB
NFS_Unstable:          0 kB
Bounce:                0 kB
WritebackTmp:          0 kB
CommitLimit:     1242116 kB
Committed_AS:   55896356 kB
VmallocTotal:     409600 kB
VmallocUsed:       36228 kB
VmallocChunk:      87068 kB
Time pass: 299 sec

---2015-12-09 10:54:01
MemTotal:        1959952 kB
MemFree:          106612 kB
Buffers:            2948 kB
Cached:           876568 kB
SwapCached:         1028 kB
Active:           752608 kB
Inactive:         594892 kB
Active(anon):     291420 kB
Inactive(anon):   179228 kB
Active(file):     461188 kB
Inactive(file):   415664 kB
Unevictable:        1744 kB
Mlocked:               0 kB
HighTotal:       1372556 kB
HighFree:          29784 kB
LowTotal:         587396 kB
LowFree:           76828 kB
SwapTotal:        262140 kB
SwapFree:         234344 kB
Dirty:               828 kB
Writeback:             0 kB
AnonPages:        469720 kB
Mapped:           326668 kB
Shmem:               920 kB
Slab:              55840 kB
SReclaimable:      16792 kB
SUnreclaim:        39048 kB
KernelStack:       16000 kB
PageTables:        27772 kB
NFS_Unstable:          0 kB
Bounce:                0 kB
WritebackTmp:          0 kB
CommitLimit:     1242116 kB
Committed_AS:   56858508 kB
VmallocTotal:     409600 kB
VmallocUsed:       36228 kB
VmallocChunk:      87068 kB
Time pass: 303 sec

---2015-12-09 10:54:01
MemTotal:        1959952 kB
MemFree:          109276 kB
Buffers:            2948 kB
Cached:           876672 kB
SwapCached:         1028 kB
Active:           749512 kB
Inactive:         594972 kB
Active(anon):     288308 kB
Inactive(anon):   179220 kB
Active(file):     461204 kB
Inactive(file):   415752 kB
Unevictable:        1744 kB
Mlocked:               0 kB
HighTotal:       1372556 kB
HighFree:          31980 kB
LowTotal:         587396 kB
LowFree:           77296 kB
SwapTotal:        262140 kB
SwapFree:         234344 kB
Dirty:               904 kB
Writeback:             0 kB
AnonPages:        466468 kB
Mapped:           322156 kB
Shmem:               920 kB
Slab:              55880 kB
SReclaimable:      16804 kB
SUnreclaim:        39076 kB
KernelStack:       15912 kB
PageTables:        27416 kB
NFS_Unstable:          0 kB
Bounce:                0 kB
WritebackTmp:          0 kB
CommitLimit:     1242116 kB
Committed_AS:   55896788 kB
VmallocTotal:     409600 kB
VmallocUsed:       36228 kB
VmallocChunk:      87068 kB
Time pass: 307 sec

---2015-12-09 10:54:01
MemTotal:        1959952 kB
MemFree:          108560 kB
Buffers:            2948 kB
Cached:           876784 kB
SwapCached:         1028 kB
Active:           749372 kB
Inactive:         595096 kB
Active(anon):     288180 kB
Inactive(anon):   179220 kB
Active(file):     461192 kB
Inactive(file):   415876 kB
Unevictable:        1744 kB
Mlocked:               0 kB
HighTotal:       1372556 kB
HighFree:          31472 kB
LowTotal:         587396 kB
LowFree:           77088 kB
SwapTotal:        262140 kB
SwapFree:         234344 kB
Dirty:               808 kB
Writeback:             0 kB
AnonPages:        466440 kB
Mapped:           322144 kB
Shmem:               920 kB
Slab:              55980 kB
SReclaimable:      16808 kB
SUnreclaim:        39172 kB
KernelStack:       15904 kB
PageTables:        27412 kB
NFS_Unstable:          0 kB
Bounce:                0 kB
WritebackTmp:          0 kB
CommitLimit:     1242116 kB
Committed_AS:   55894788 kB
VmallocTotal:     409600 kB
VmallocUsed:       36228 kB
VmallocChunk:      87068 kB
Time pass: 311 sec

---2015-12-09 10:54:01
MemTotal:        1959952 kB
MemFree:          109092 kB
Buffers:            2948 kB
Cached:           876784 kB
SwapCached:         1028 kB
Active:           748952 kB
Inactive:         595100 kB
Active(anon):     287764 kB
Inactive(anon):   179220 kB
Active(file):     461188 kB
Inactive(file):   415880 kB
Unevictable:        1744 kB
Mlocked:               0 kB
HighTotal:       1372556 kB
HighFree:          31872 kB
LowTotal:         587396 kB
LowFree:           77220 kB
SwapTotal:        262140 kB
SwapFree:         234344 kB
Dirty:               828 kB
Writeback:             0 kB
AnonPages:        465836 kB
Mapped:           322144 kB
Shmem:               920 kB
Slab:              55948 kB
SReclaimable:      16808 kB
SUnreclaim:        39140 kB
KernelStack:       15904 kB
PageTables:        27412 kB
NFS_Unstable:          0 kB
Bounce:                0 kB
WritebackTmp:          0 kB
CommitLimit:     1242116 kB
Committed_AS:   55894804 kB
VmallocTotal:     409600 kB
VmallocUsed:       36228 kB
VmallocChunk:      87068 kB
Time pass: 315 sec

---2015-12-09 10:54:01
MemTotal:        1959952 kB
MemFree:          109368 kB
Buffers:            2948 kB
Cached:           876784 kB
SwapCached:         1028 kB
Active:           749712 kB
Inactive:         595100 kB
Active(anon):     288524 kB
Inactive(anon):   179220 kB
Active(file):     461188 kB
Inactive(file):   415880 kB
Unevictable:        1744 kB
Mlocked:               0 kB
HighTotal:       1372556 kB
HighFree:          31696 kB
LowTotal:         587396 kB
LowFree:           77672 kB
SwapTotal:        262140 kB
SwapFree:         234344 kB
Dirty:               828 kB
Writeback:             0 kB
AnonPages:        466868 kB
Mapped:           322140 kB
Shmem:               920 kB
Slab:              55916 kB
SReclaimable:      16808 kB
SUnreclaim:        39108 kB
KernelStack:       15904 kB
PageTables:        27404 kB
NFS_Unstable:          0 kB
Bounce:                0 kB
WritebackTmp:          0 kB
CommitLimit:     1242116 kB
Committed_AS:   55894784 kB
VmallocTotal:     409600 kB
VmallocUsed:       36228 kB
VmallocChunk:      87068 kB
Time pass: 319 sec

---2015-12-09 10:54:01
MemTotal:        1959952 kB
MemFree:          107848 kB
Buffers:            2948 kB
Cached:           876784 kB
SwapCached:         1028 kB
Active:           750792 kB
Inactive:         595100 kB
Active(anon):     289604 kB
Inactive(anon):   179220 kB
Active(file):     461188 kB
Inactive(file):   415880 kB
Unevictable:        1744 kB
Mlocked:               0 kB
HighTotal:       1372556 kB
HighFree:          29868 kB
LowTotal:         587396 kB
LowFree:           77980 kB
SwapTotal:        262140 kB
SwapFree:         234344 kB
Dirty:               828 kB
Writeback:             0 kB
AnonPages:        467676 kB
Mapped:           322140 kB
Shmem:               920 kB
Slab:              55964 kB
SReclaimable:      16808 kB
SUnreclaim:        39156 kB
KernelStack:       15912 kB
PageTables:        27404 kB
NFS_Unstable:          0 kB
Bounce:                0 kB
WritebackTmp:          0 kB
CommitLimit:     1242116 kB
Committed_AS:   55895032 kB
VmallocTotal:     409600 kB
VmallocUsed:       36228 kB
VmallocChunk:      87068 kB
Time pass: 324 sec

---2015-12-09 10:54:01
MemTotal:        1959952 kB
MemFree:          107172 kB
Buffers:            2948 kB
Cached:           876832 kB
SwapCached:         1028 kB
Active:           751704 kB
Inactive:         595148 kB
Active(anon):     290516 kB
Inactive(anon):   179268 kB
Active(file):     461188 kB
Inactive(file):   415880 kB
Unevictable:        1744 kB
Mlocked:               0 kB
HighTotal:       1372556 kB
HighFree:          29268 kB
LowTotal:         587396 kB
LowFree:           77904 kB
SwapTotal:        262140 kB
SwapFree:         234344 kB
Dirty:               828 kB
Writeback:             0 kB
AnonPages:        468896 kB
Mapped:           322104 kB
Shmem:               968 kB
Slab:              55852 kB
SReclaimable:      16808 kB
SUnreclaim:        39044 kB
KernelStack:       15984 kB
PageTables:        27404 kB
NFS_Unstable:          0 kB
Bounce:                0 kB
WritebackTmp:          0 kB
CommitLimit:     1242116 kB
Committed_AS:   55894916 kB
VmallocTotal:     409600 kB
VmallocUsed:       36228 kB
VmallocChunk:      87068 kB
Time pass: 327 sec

---2015-12-09 10:54:01
MemTotal:        1959952 kB
MemFree:          104840 kB
Buffers:            2948 kB
Cached:           876832 kB
SwapCached:         1028 kB
Active:           753544 kB
Inactive:         595144 kB
Active(anon):     292352 kB
Inactive(anon):   179268 kB
Active(file):     461192 kB
Inactive(file):   415876 kB
Unevictable:        1744 kB
Mlocked:               0 kB
HighTotal:       1372556 kB
HighFree:          27248 kB
LowTotal:         587396 kB
LowFree:           77592 kB
SwapTotal:        262140 kB
SwapFree:         234344 kB
Dirty:               808 kB
Writeback:             0 kB
AnonPages:        470596 kB
Mapped:           324656 kB
Shmem:               968 kB
Slab:              55980 kB
SReclaimable:      16808 kB
SUnreclaim:        39172 kB
KernelStack:       15912 kB
PageTables:        27552 kB
NFS_Unstable:          0 kB
Bounce:                0 kB
WritebackTmp:          0 kB
CommitLimit:     1242116 kB
Committed_AS:   56854612 kB
VmallocTotal:     409600 kB
VmallocUsed:       37248 kB
VmallocChunk:      87068 kB
Time pass: 331 sec

---2015-12-09 10:54:01
MemTotal:        1959952 kB
MemFree:          105012 kB
Buffers:            2948 kB
Cached:           876832 kB
SwapCached:         1028 kB
Active:           752864 kB
Inactive:         595148 kB
Active(anon):     291676 kB
Inactive(anon):   179268 kB
Active(file):     461188 kB
Inactive(file):   415880 kB
Unevictable:        1744 kB
Mlocked:               0 kB
HighTotal:       1372556 kB
HighFree:          27132 kB
LowTotal:         587396 kB
LowFree:           77880 kB
SwapTotal:        262140 kB
SwapFree:         234344 kB
Dirty:               828 kB
Writeback:             0 kB
AnonPages:        470016 kB
Mapped:           322188 kB
Shmem:               968 kB
Slab:              55948 kB
SReclaimable:      16808 kB
SUnreclaim:        39140 kB
KernelStack:       15912 kB
PageTables:        27408 kB
NFS_Unstable:          0 kB
Bounce:                0 kB
WritebackTmp:          0 kB
CommitLimit:     1242116 kB
Committed_AS:   55895184 kB
VmallocTotal:     409600 kB
VmallocUsed:       36228 kB
VmallocChunk:      87068 kB
Time pass: 335 sec

---2015-12-09 10:54:01
MemTotal:        1959952 kB
MemFree:          104896 kB
Buffers:            2948 kB
Cached:           876832 kB
SwapCached:         1028 kB
Active:           752984 kB
Inactive:         595148 kB
Active(anon):     291796 kB
Inactive(anon):   179268 kB
Active(file):     461188 kB
Inactive(file):   415880 kB
Unevictable:        1744 kB
Mlocked:               0 kB
HighTotal:       1372556 kB
HighFree:          28608 kB
LowTotal:         587396 kB
LowFree:           76288 kB
SwapTotal:        262140 kB
SwapFree:         234344 kB
Dirty:               828 kB
Writeback:             0 kB
AnonPages:        469880 kB
Mapped:           322188 kB
Shmem:               968 kB
Slab:              56012 kB
SReclaimable:      16808 kB
SUnreclaim:        39204 kB
KernelStack:       15912 kB
PageTables:        27416 kB
NFS_Unstable:          0 kB
Bounce:                0 kB
WritebackTmp:          0 kB
CommitLimit:     1242116 kB
Committed_AS:   55895300 kB
VmallocTotal:     409600 kB
VmallocUsed:       36228 kB
VmallocChunk:      87068 kB
Time pass: 339 sec

---2015-12-09 10:54:01
MemTotal:        1959952 kB
MemFree:          109260 kB
Buffers:            2948 kB
Cached:           876832 kB
SwapCached:         1028 kB
Active:           748880 kB
Inactive:         595148 kB
Active(anon):     287692 kB
Inactive(anon):   179268 kB
Active(file):     461188 kB
Inactive(file):   415880 kB
Unevictable:        1744 kB
Mlocked:               0 kB
HighTotal:       1372556 kB
HighFree:          32472 kB
LowTotal:         587396 kB
LowFree:           76788 kB
SwapTotal:        262140 kB
SwapFree:         234344 kB
Dirty:               828 kB
Writeback:             0 kB
AnonPages:        466016 kB
Mapped:           322188 kB
Shmem:               968 kB
Slab:              55916 kB
SReclaimable:      16808 kB
SUnreclaim:        39108 kB
KernelStack:       15912 kB
PageTables:        27404 kB
NFS_Unstable:          0 kB
Bounce:                0 kB
WritebackTmp:          0 kB
CommitLimit:     1242116 kB
Committed_AS:   55895292 kB
VmallocTotal:     409600 kB
VmallocUsed:       36228 kB
VmallocChunk:      87068 kB
Time pass: 343 sec

---2015-12-09 10:54:01
MemTotal:        1959952 kB
MemFree:          109448 kB
Buffers:            2948 kB
Cached:           876872 kB
SwapCached:         1028 kB
Active:           749024 kB
Inactive:         595188 kB
Active(anon):     287836 kB
Inactive(anon):   179308 kB
Active(file):     461188 kB
Inactive(file):   415880 kB
Unevictable:        1744 kB
Mlocked:               0 kB
HighTotal:       1372556 kB
HighFree:          32976 kB
LowTotal:         587396 kB
LowFree:           76472 kB
SwapTotal:        262140 kB
SwapFree:         234344 kB
Dirty:               828 kB
Writeback:             0 kB
AnonPages:        466144 kB
Mapped:           322228 kB
Shmem:              1008 kB
Slab:              55948 kB
SReclaimable:      16808 kB
SUnreclaim:        39140 kB
KernelStack:       15912 kB
PageTables:        27404 kB
NFS_Unstable:          0 kB
Bounce:                0 kB
WritebackTmp:          0 kB
CommitLimit:     1242116 kB
Committed_AS:   55895380 kB
VmallocTotal:     409600 kB
VmallocUsed:       36228 kB
VmallocChunk:      87068 kB
Time pass: 347 sec

---2015-12-09 10:54:01
MemTotal:        1959952 kB
MemFree:          105396 kB
Buffers:            2948 kB
Cached:           876872 kB
SwapCached:         1028 kB
Active:           753072 kB
Inactive:         595188 kB
Active(anon):     291884 kB
Inactive(anon):   179308 kB
Active(file):     461188 kB
Inactive(file):   415880 kB
Unevictable:        1744 kB
Mlocked:               0 kB
HighTotal:       1372556 kB
HighFree:          29396 kB
LowTotal:         587396 kB
LowFree:           76000 kB
SwapTotal:        262140 kB
SwapFree:         234344 kB
Dirty:               828 kB
Writeback:             0 kB
AnonPages:        470324 kB
Mapped:           325960 kB
