---2015-12-05 14:07:44
MemTotal:        2905316 kB
MemFree:           84604 kB
Buffers:           27852 kB
Cached:          1358024 kB
SwapCached:            0 kB
Active:          1319228 kB
Inactive:        1003496 kB
Active(anon):     800568 kB
Inactive(anon):   180724 kB
Active(file):     518660 kB
Inactive(file):   822772 kB
Unevictable:        7488 kB
Mlocked:               0 kB
SwapTotal:        720184 kB
SwapFree:         720184 kB
Dirty:               172 kB
Writeback:             0 kB
AnonPages:        944684 kB
Mapped:           567884 kB
Shmem:             36952 kB
Slab:             115796 kB
SReclaimable:      35972 kB
SUnreclaim:        79824 kB
KernelStack:       33776 kB
PageTables:        58616 kB
NFS_Unstable:          0 kB
Bounce:                0 kB
WritebackTmp:          0 kB
CommitLimit:     2172840 kB
Committed_AS:   99183340 kB
VmallocTotal:   251658176 kB
VmallocUsed:      139820 kB
VmallocChunk:   251407404 kB
Time pass: 3 sec

---2015-12-05 14:07:44
MemTotal:        2905316 kB
MemFree:           81832 kB
Buffers:           27868 kB
Cached:          1358200 kB
SwapCached:            0 kB
Active:          1323280 kB
Inactive:         999708 kB
Active(anon):     800656 kB
Inactive(anon):   180744 kB
Active(file):     522624 kB
Inactive(file):   818964 kB
Unevictable:        7488 kB
Mlocked:               0 kB
SwapTotal:        720184 kB
SwapFree:         720184 kB
Dirty:               316 kB
Writeback:             0 kB
AnonPages:        944512 kB
Mapped:           559640 kB
Shmem:             36980 kB
Slab:             119972 kB
SReclaimable:      36148 kB
SUnreclaim:        83824 kB
KernelStack:       32432 kB
PageTables:        56564 kB
NFS_Unstable:          0 kB
Bounce:                0 kB
WritebackTmp:          0 kB
CommitLimit:     2172840 kB
Committed_AS:   93869980 kB
VmallocTotal:   251658176 kB
VmallocUsed:      136772 kB
VmallocChunk:   251407404 kB
Time pass: 7 sec

---2015-12-05 14:07:44
MemTotal:        2905316 kB
MemFree:          101228 kB
Buffers:           27876 kB
Cached:          1358208 kB
SwapCached:            0 kB
Active:          1304212 kB
Inactive:         999696 kB
Active(anon):     781556 kB
Inactive(anon):   180736 kB
Active(file):     522656 kB
Inactive(file):   818960 kB
Unevictable:        7488 kB
Mlocked:               0 kB
SwapTotal:        720184 kB
SwapFree:         720184 kB
Dirty:                28 kB
Writeback:             0 kB
AnonPages:        925336 kB
Mapped:           559688 kB
Shmem:             36972 kB
Slab:             120048 kB
SReclaimable:      36152 kB
SUnreclaim:        83896 kB
KernelStack:       32320 kB
PageTables:        56824 kB
NFS_Unstable:          0 kB
Bounce:                0 kB
WritebackTmp:          0 kB
CommitLimit:     2172840 kB
Committed_AS:   93868344 kB
VmallocTotal:   251658176 kB
VmallocUsed:      136772 kB
VmallocChunk:   251407404 kB
Time pass: 11 sec

---2015-12-05 14:07:44
MemTotal:        2905316 kB
MemFree:          105548 kB
Buffers:           27884 kB
Cached:          1359228 kB
SwapCached:            0 kB
Active:          1302280 kB
Inactive:         997448 kB
Active(anon):     776340 kB
Inactive(anon):   180736 kB
Active(file):     525940 kB
Inactive(file):   816712 kB
Unevictable:        7488 kB
Mlocked:               0 kB
SwapTotal:        720184 kB
SwapFree:         720184 kB
Dirty:               100 kB
Writeback:             0 kB
AnonPages:        919996 kB
Mapped:           555684 kB
Shmem:             36972 kB
Slab:             120264 kB
SReclaimable:      36168 kB
SUnreclaim:        84096 kB
KernelStack:       32480 kB
PageTables:        56212 kB
NFS_Unstable:          0 kB
Bounce:                0 kB
WritebackTmp:          0 kB
CommitLimit:     2172840 kB
Committed_AS:   92618092 kB
VmallocTotal:   251658176 kB
VmallocUsed:      135752 kB
VmallocChunk:   251407404 kB
Time pass: 15 sec

---2015-12-05 14:07:44
MemTotal:        2905316 kB
MemFree:          115088 kB
Buffers:           27492 kB
Cached:          1321288 kB
SwapCached:            0 kB
Active:          1309008 kB
Inactive:         958436 kB
Active(anon):     779468 kB
Inactive(anon):   184324 kB
Active(file):     529540 kB
Inactive(file):   774112 kB
Unevictable:        7488 kB
Mlocked:               0 kB
SwapTotal:        720184 kB
SwapFree:         720184 kB
Dirty:                36 kB
Writeback:             0 kB
AnonPages:        926804 kB
Mapped:           564396 kB
Shmem:             36972 kB
Slab:             120108 kB
SReclaimable:      36328 kB
SUnreclaim:        83780 kB
KernelStack:       32368 kB
PageTables:        56612 kB
NFS_Unstable:          0 kB
Bounce:                0 kB
WritebackTmp:          0 kB
CommitLimit:     2172840 kB
Committed_AS:   93389728 kB
VmallocTotal:   251658176 kB
VmallocUsed:      137656 kB
VmallocChunk:   251407404 kB
Time pass: 19 sec

---2015-12-05 14:07:44
MemTotal:        2905316 kB
MemFree:           66592 kB
Buffers:           24876 kB
Cached:          1231876 kB
SwapCached:            0 kB
Active:          1335740 kB
Inactive:         878564 kB
Active(anon):     800924 kB
Inactive(anon):   201224 kB
Active(file):     534816 kB
Inactive(file):   677340 kB
Unevictable:        7488 kB
Mlocked:               0 kB
SwapTotal:        720184 kB
SwapFree:         720184 kB
Dirty:              1784 kB
Writeback:             0 kB
AnonPages:        965280 kB
Mapped:           620720 kB
Shmem:             37108 kB
Slab:             120152 kB
SReclaimable:      36148 kB
SUnreclaim:        84004 kB
KernelStack:       33504 kB
PageTables:        57280 kB
NFS_Unstable:          0 kB
Bounce:                0 kB
WritebackTmp:          0 kB
CommitLimit:     2172840 kB
Committed_AS:   93444268 kB
VmallocTotal:   251658176 kB
VmallocUsed:      138276 kB
VmallocChunk:   251407404 kB
Time pass: 22 sec

---2015-12-05 14:07:44
MemTotal:        2905316 kB
MemFree:          104076 kB
Buffers:           24804 kB
Cached:          1200180 kB
SwapCached:            0 kB
Active:          1312924 kB
Inactive:         834144 kB
Active(anon):     775976 kB
Inactive(anon):   184960 kB
Active(file):     536948 kB
Inactive(file):   649184 kB
Unevictable:        7488 kB
Mlocked:               0 kB
SwapTotal:        720184 kB
SwapFree:         720184 kB
Dirty:               192 kB
Writeback:             0 kB
AnonPages:        929496 kB
Mapped:           628652 kB
Shmem:             31360 kB
Slab:             120188 kB
SReclaimable:      36308 kB
SUnreclaim:        83880 kB
KernelStack:       33456 kB
PageTables:        57068 kB
NFS_Unstable:          0 kB
Bounce:                0 kB
WritebackTmp:          0 kB
CommitLimit:     2172840 kB
Committed_AS:   93399016 kB
VmallocTotal:   251658176 kB
VmallocUsed:      138568 kB
VmallocChunk:   251407404 kB
Time pass: 26 sec

---2015-12-05 14:07:44
MemTotal:        2905316 kB
MemFree:          103152 kB
Buffers:           24820 kB
Cached:          1200252 kB
SwapCached:            0 kB
Active:          1313592 kB
Inactive:         834220 kB
Active(anon):     776632 kB
Inactive(anon):   184960 kB
Active(file):     536960 kB
Inactive(file):   649260 kB
Unevictable:        7488 kB
Mlocked:               0 kB
SwapTotal:        720184 kB
SwapFree:         720184 kB
Dirty:               160 kB
Writeback:             0 kB
AnonPages:        930248 kB
Mapped:           628660 kB
Shmem:             31360 kB
Slab:             120196 kB
SReclaimable:      36324 kB
SUnreclaim:        83872 kB
KernelStack:       33456 kB
PageTables:        57076 kB
NFS_Unstable:          0 kB
Bounce:                0 kB
WritebackTmp:          0 kB
CommitLimit:     2172840 kB
Committed_AS:   93399012 kB
VmallocTotal:   251658176 kB
VmallocUsed:      138568 kB
VmallocChunk:   251407404 kB
Time pass: 30 sec

---2015-12-05 14:07:44
MemTotal:        2905316 kB
MemFree:          101492 kB
Buffers:           24828 kB
Cached:          1200312 kB
SwapCached:            0 kB
Active:          1314860 kB
Inactive:         834288 kB
Active(anon):     777896 kB
Inactive(anon):   185020 kB
Active(file):     536964 kB
Inactive(file):   649268 kB
Unevictable:        7488 kB
Mlocked:               0 kB
SwapTotal:        720184 kB
SwapFree:         720184 kB
Dirty:                 4 kB
Writeback:             0 kB
AnonPages:        931372 kB
Mapped:           628804 kB
Shmem:             31420 kB
Slab:             120508 kB
SReclaimable:      36324 kB
SUnreclaim:        84184 kB
KernelStack:       33456 kB
PageTables:        57156 kB
NFS_Unstable:          0 kB
Bounce:                0 kB
WritebackTmp:          0 kB
CommitLimit:     2172840 kB
Committed_AS:   93425876 kB
VmallocTotal:   251658176 kB
VmallocUsed:      138568 kB
VmallocChunk:   251407404 kB
Time pass: 34 sec

---2015-12-05 14:07:44
MemTotal:        2905316 kB
MemFree:          100752 kB
Buffers:           24836 kB
Cached:          1200792 kB
SwapCached:            0 kB
Active:          1314876 kB
Inactive:         834760 kB
Active(anon):     777900 kB
Inactive(anon):   185020 kB
Active(file):     536976 kB
Inactive(file):   649740 kB
Unevictable:        7488 kB
Mlocked:               0 kB
SwapTotal:        720184 kB
SwapFree:         720184 kB
Dirty:                96 kB
Writeback:             0 kB
AnonPages:        931620 kB
Mapped:           628976 kB
Shmem:             31420 kB
Slab:             120628 kB
SReclaimable:      36324 kB
SUnreclaim:        84304 kB
KernelStack:       33456 kB
PageTables:        57136 kB
NFS_Unstable:          0 kB
Bounce:                0 kB
WritebackTmp:          0 kB
CommitLimit:     2172840 kB
Committed_AS:   93425876 kB
VmallocTotal:   251658176 kB
VmallocUsed:      138568 kB
VmallocChunk:   251407404 kB
Time pass: 37 sec

---2015-12-05 14:07:44
MemTotal:        2905316 kB
MemFree:          100228 kB
Buffers:           24836 kB
Cached:          1200792 kB
SwapCached:            0 kB
Active:          1315120 kB
Inactive:         834768 kB
Active(anon):     778140 kB
Inactive(anon):   185020 kB
Active(file):     536980 kB
Inactive(file):   649748 kB
Unevictable:        7488 kB
Mlocked:               0 kB
SwapTotal:        720184 kB
SwapFree:         720184 kB
Dirty:                 8 kB
Writeback:             0 kB
AnonPages:        931772 kB
Mapped:           628988 kB
Shmem:             31420 kB
Slab:             120324 kB
SReclaimable:      36324 kB
SUnreclaim:        84000 kB
KernelStack:       33456 kB
PageTables:        57140 kB
NFS_Unstable:          0 kB
Bounce:                0 kB
WritebackTmp:          0 kB
CommitLimit:     2172840 kB
Committed_AS:   93425852 kB
VmallocTotal:   251658176 kB
VmallocUsed:      138568 kB
VmallocChunk:   251407404 kB
Time pass: 41 sec

---2015-12-05 14:07:44
MemTotal:        2905316 kB
MemFree:           72504 kB
Buffers:           26236 kB
Cached:          1186500 kB
SwapCached:            0 kB
Active:          1321676 kB
Inactive:         821768 kB
Active(anon):     781300 kB
Inactive(anon):   187904 kB
Active(file):     540376 kB
Inactive(file):   633864 kB
Unevictable:        7488 kB
Mlocked:               0 kB
SwapTotal:        720184 kB
SwapFree:         720184 kB
Dirty:               368 kB
Writeback:             0 kB
AnonPages:        938044 kB
Mapped:           632016 kB
Shmem:             30976 kB
Slab:             120236 kB
SReclaimable:      36352 kB
SUnreclaim:        83884 kB
KernelStack:       33184 kB
PageTables:        56576 kB
NFS_Unstable:          0 kB
Bounce:                0 kB
WritebackTmp:          0 kB
CommitLimit:     2172840 kB
Committed_AS:   92203532 kB
VmallocTotal:   251658176 kB
VmallocUsed:      137804 kB
VmallocChunk:   251407404 kB
Time pass: 45 sec

---2015-12-05 14:07:44
MemTotal:        2905316 kB
MemFree:           91488 kB
Buffers:           26060 kB
Cached:          1174376 kB
SwapCached:            0 kB
Active:          1314124 kB
Inactive:         804572 kB
Active(anon):     767028 kB
Inactive(anon):   189696 kB
Active(file):     547096 kB
Inactive(file):   614876 kB
Unevictable:        7488 kB
Mlocked:               0 kB
SwapTotal:        720184 kB
SwapFree:         720184 kB
Dirty:                 0 kB
Writeback:             0 kB
AnonPages:        926004 kB
Mapped:           637336 kB
Shmem:             30976 kB
Slab:             120516 kB
SReclaimable:      36556 kB
SUnreclaim:        83960 kB
KernelStack:       33184 kB
PageTables:        56676 kB
NFS_Unstable:          0 kB
Bounce:                0 kB
WritebackTmp:          0 kB
CommitLimit:     2172840 kB
Committed_AS:   92215072 kB
VmallocTotal:   251658176 kB
VmallocUsed:      137852 kB
VmallocChunk:   251407404 kB
Time pass: 48 sec

---2015-12-05 14:07:44
MemTotal:        2905316 kB
MemFree:           69444 kB
Buffers:           26080 kB
Cached:          1177060 kB
SwapCached:            0 kB
Active:          1330972 kB
Inactive:         806800 kB
Active(anon):     783404 kB
Inactive(anon):   189696 kB
Active(file):     547568 kB
Inactive(file):   617104 kB
Unevictable:        7488 kB
Mlocked:               0 kB
SwapTotal:        720184 kB
SwapFree:         720184 kB
Dirty:               996 kB
Writeback:             0 kB
AnonPages:        941844 kB
Mapped:           653268 kB
Shmem:             30980 kB
Slab:             120508 kB
SReclaimable:      36604 kB
SUnreclaim:        83904 kB
KernelStack:       33296 kB
PageTables:        56560 kB
NFS_Unstable:          0 kB
Bounce:                0 kB
WritebackTmp:          0 kB
CommitLimit:     2172840 kB
Committed_AS:   92223004 kB
VmallocTotal:   251658176 kB
VmallocUsed:      137896 kB
VmallocChunk:   251407404 kB
Time pass: 52 sec

---2015-12-05 14:07:44
MemTotal:        2905316 kB
MemFree:           75700 kB
Buffers:           24064 kB
Cached:          1130668 kB
SwapCached:            0 kB
Active:          1326052 kB
Inactive:         762924 kB
Active(anon):     774832 kB
Inactive(anon):   197884 kB
Active(file):     551220 kB
Inactive(file):   565040 kB
Unevictable:        7488 kB
Mlocked:               0 kB
SwapTotal:        720184 kB
SwapFree:         720184 kB
Dirty:               828 kB
Writeback:             0 kB
AnonPages:        941708 kB
Mapped:           693348 kB
Shmem:             30980 kB
Slab:             120004 kB
SReclaimable:      35988 kB
SUnreclaim:        84016 kB
KernelStack:       33360 kB
PageTables:        56692 kB
NFS_Unstable:          0 kB
Bounce:                0 kB
WritebackTmp:          0 kB
CommitLimit:     2172840 kB
Committed_AS:   92220748 kB
VmallocTotal:   251658176 kB
VmallocUsed:      138268 kB
VmallocChunk:   251407404 kB
Time pass: 56 sec

---2015-12-05 14:07:44
MemTotal:        2905316 kB
MemFree:           75124 kB
Buffers:           24072 kB
Cached:          1130680 kB
SwapCached:            0 kB
Active:          1325768 kB
Inactive:         762932 kB
Active(anon):     774532 kB
Inactive(anon):   197884 kB
Active(file):     551236 kB
Inactive(file):   565048 kB
Unevictable:        7488 kB
Mlocked:               0 kB
SwapTotal:        720184 kB
SwapFree:         720184 kB
Dirty:                 8 kB
Writeback:             0 kB
AnonPages:        941540 kB
Mapped:           693416 kB
Shmem:             30980 kB
Slab:             120056 kB
SReclaimable:      35988 kB
SUnreclaim:        84068 kB
KernelStack:       33200 kB
PageTables:        56716 kB
NFS_Unstable:          0 kB
Bounce:                0 kB
WritebackTmp:          0 kB
CommitLimit:     2172840 kB
Committed_AS:   92220532 kB
VmallocTotal:   251658176 kB
VmallocUsed:      138268 kB
VmallocChunk:   251407404 kB
Time pass: 60 sec

---2015-12-05 14:07:44
MemTotal:        2905316 kB
MemFree:           72192 kB
Buffers:           23800 kB
Cached:          1116924 kB
SwapCached:            0 kB
Active:          1326256 kB
Inactive:         747732 kB
Active(anon):     777224 kB
Inactive(anon):   197920 kB
Active(file):     549032 kB
Inactive(file):   549812 kB
Unevictable:       10776 kB
Mlocked:               0 kB
SwapTotal:        720184 kB
SwapFree:         720184 kB
Dirty:               184 kB
Writeback:             0 kB
AnonPages:        943980 kB
Mapped:           702128 kB
Shmem:             31016 kB
Slab:             120320 kB
SReclaimable:      36180 kB
SUnreclaim:        84140 kB
KernelStack:       33152 kB
PageTables:        56756 kB
NFS_Unstable:          0 kB
Bounce:                0 kB
WritebackTmp:          0 kB
CommitLimit:     2172840 kB
Committed_AS:   92247152 kB
VmallocTotal:   251658176 kB
VmallocUsed:      138388 kB
VmallocChunk:   251407404 kB
Time pass: 63 sec

---2015-12-05 14:07:44
MemTotal:        2905316 kB
MemFree:           71148 kB
Buffers:           23800 kB
Cached:          1117064 kB
SwapCached:            0 kB
Active:          1326588 kB
Inactive:         747944 kB
Active(anon):     777544 kB
Inactive(anon):   197944 kB
Active(file):     549044 kB
Inactive(file):   550000 kB
Unevictable:       10776 kB
Mlocked:               0 kB
SwapTotal:        720184 kB
SwapFree:         720184 kB
Dirty:               136 kB
Writeback:             0 kB
AnonPages:        944612 kB
Mapped:           702696 kB
Shmem:             31040 kB
Slab:             120272 kB
SReclaimable:      36244 kB
SUnreclaim:        84028 kB
KernelStack:       33104 kB
PageTables:        56760 kB
NFS_Unstable:          0 kB
Bounce:                0 kB
WritebackTmp:          0 kB
CommitLimit:     2172840 kB
Committed_AS:   92247076 kB
VmallocTotal:   251658176 kB
VmallocUsed:      138388 kB
VmallocChunk:   251407404 kB
Time pass: 67 sec

---2015-12-05 14:07:44
MemTotal:        2905316 kB
MemFree:           70840 kB
Buffers:           23776 kB
Cached:          1091144 kB
SwapCached:            0 kB
Active:          1320604 kB
Inactive:         733296 kB
Active(anon):     784728 kB
Inactive(anon):   197680 kB
Active(file):     535876 kB
Inactive(file):   535616 kB
Unevictable:       12452 kB
Mlocked:               0 kB
SwapTotal:        720184 kB
SwapFree:         720156 kB
Dirty:               604 kB
Writeback:             0 kB
AnonPages:        951560 kB
Mapped:           710236 kB
Shmem:             31040 kB
Slab:             120524 kB
SReclaimable:      36244 kB
SUnreclaim:        84280 kB
KernelStack:       33120 kB
PageTables:        56764 kB
NFS_Unstable:          0 kB
Bounce:                0 kB
WritebackTmp:          0 kB
CommitLimit:     2172840 kB
Committed_AS:   92256616 kB
VmallocTotal:   251658176 kB
VmallocUsed:      138564 kB
VmallocChunk:   251407404 kB
Time pass: 70 sec

---2015-12-05 14:07:44
MemTotal:        2905316 kB
MemFree:           65292 kB
Buffers:           24508 kB
Cached:          1086732 kB
SwapCached:            0 kB
Active:          1326684 kB
Inactive:         732360 kB
Active(anon):     793496 kB
Inactive(anon):   197780 kB
Active(file):     533188 kB
Inactive(file):   534580 kB
Unevictable:       12456 kB
Mlocked:               0 kB
SwapTotal:        720184 kB
SwapFree:         720156 kB
Dirty:               352 kB
Writeback:             0 kB
AnonPages:        960152 kB
Mapped:           714344 kB
Shmem:             31012 kB
Slab:             120472 kB
SReclaimable:      36308 kB
SUnreclaim:        84164 kB
KernelStack:       33232 kB
PageTables:        56764 kB
NFS_Unstable:          0 kB
Bounce:                0 kB
WritebackTmp:          0 kB
CommitLimit:     2172840 kB
Committed_AS:   92262320 kB
VmallocTotal:   251658176 kB
VmallocUsed:      138564 kB
VmallocChunk:   251407404 kB
Time pass: 74 sec

---2015-12-05 14:07:44
MemTotal:        2905316 kB
MemFree:           63688 kB
Buffers:           24476 kB
Cached:          1074764 kB
SwapCached:            0 kB
Active:          1332724 kB
Inactive:         728708 kB
Active(anon):     805004 kB
Inactive(anon):   200800 kB
Active(file):     527720 kB
Inactive(file):   527908 kB
Unevictable:       12456 kB
Mlocked:               0 kB
SwapTotal:        720184 kB
SwapFree:         720156 kB
Dirty:               560 kB
Writeback:             0 kB
AnonPages:        974600 kB
Mapped:           714772 kB
Shmem:             31144 kB
Slab:             120792 kB
SReclaimable:      36564 kB
SUnreclaim:        84228 kB
KernelStack:       33472 kB
PageTables:        57024 kB
NFS_Unstable:          0 kB
Bounce:                0 kB
WritebackTmp:          0 kB
CommitLimit:     2172840 kB
Committed_AS:   92306972 kB
VmallocTotal:   251658176 kB
VmallocUsed:      141012 kB
VmallocChunk:   251407404 kB
Time pass: 78 sec

---2015-12-05 14:07:44
MemTotal:        2905316 kB
MemFree:           77292 kB
Buffers:           24200 kB
Cached:          1029792 kB
SwapCached:            0 kB
Active:          1311232 kB
Inactive:         707012 kB
Active(anon):     806188 kB
Inactive(anon):   201788 kB
Active(file):     505044 kB
Inactive(file):   505224 kB
Unevictable:       12456 kB
Mlocked:               0 kB
SwapTotal:        720184 kB
SwapFree:         720156 kB
Dirty:               160 kB
Writeback:             0 kB
AnonPages:        977040 kB
Mapped:           706096 kB
Shmem:             31268 kB
Slab:             120220 kB
SReclaimable:      35924 kB
SUnreclaim:        84296 kB
KernelStack:       33488 kB
PageTables:        57208 kB
NFS_Unstable:          0 kB
Bounce:                0 kB
WritebackTmp:          0 kB
CommitLimit:     2172840 kB
Committed_AS:   92308412 kB
VmallocTotal:   251658176 kB
VmallocUsed:      141012 kB
VmallocChunk:   251407404 kB
Time pass: 82 sec

---2015-12-05 14:07:44
MemTotal:        2905316 kB
MemFree:           75768 kB
Buffers:           24208 kB
Cached:          1029908 kB
SwapCached:            0 kB
Active:          1312984 kB
Inactive:         707120 kB
Active(anon):     807924 kB
Inactive(anon):   201864 kB
Active(file):     505060 kB
Inactive(file):   505256 kB
Unevictable:       12456 kB
Mlocked:               0 kB
SwapTotal:        720184 kB
SwapFree:         720156 kB
Dirty:                64 kB
Writeback:             0 kB
AnonPages:        978440 kB
Mapped:           706204 kB
Shmem:             31344 kB
Slab:             120248 kB
SReclaimable:      35940 kB
SUnreclaim:        84308 kB
KernelStack:       33472 kB
PageTables:        57196 kB
NFS_Unstable:          0 kB
Bounce:                0 kB
WritebackTmp:          0 kB
CommitLimit:     2172840 kB
Committed_AS:   92310664 kB
VmallocTotal:   251658176 kB
VmallocUsed:      141012 kB
VmallocChunk:   251407404 kB
Time pass: 86 sec

---2015-12-05 14:07:44
MemTotal:        2905316 kB
MemFree:           74464 kB
Buffers:           24224 kB
Cached:          1030184 kB
SwapCached:            0 kB
Active:          1313912 kB
Inactive:         707372 kB
Active(anon):     808812 kB
Inactive(anon):   202088 kB
Active(file):     505100 kB
Inactive(file):   505284 kB
Unevictable:       12456 kB
Mlocked:               0 kB
SwapTotal:        720184 kB
SwapFree:         720156 kB
Dirty:                12 kB
Writeback:             0 kB
AnonPages:        979472 kB
Mapped:           706440 kB
Shmem:             31568 kB
Slab:             120256 kB
SReclaimable:      35940 kB
SUnreclaim:        84316 kB
KernelStack:       33488 kB
PageTables:        57196 kB
NFS_Unstable:          0 kB
Bounce:                0 kB
WritebackTmp:          0 kB
CommitLimit:     2172840 kB
Committed_AS:   92310676 kB
VmallocTotal:   251658176 kB
VmallocUsed:      141012 kB
VmallocChunk:   251407404 kB
Time pass: 89 sec

---2015-12-05 14:07:44
MemTotal:        2905316 kB
MemFree:           73328 kB
Buffers:           24232 kB
Cached:          1030292 kB
SwapCached:            0 kB
Active:          1315096 kB
Inactive:         707452 kB
Active(anon):     809960 kB
Inactive(anon):   202160 kB
Active(file):     505136 kB
Inactive(file):   505292 kB
Unevictable:       12456 kB
Mlocked:               0 kB
SwapTotal:        720184 kB
SwapFree:         720156 kB
Dirty:               104 kB
Writeback:             0 kB
AnonPages:        980616 kB
Mapped:           706532 kB
Shmem:             31640 kB
Slab:             120364 kB
SReclaimable:      35956 kB
SUnreclaim:        84408 kB
KernelStack:       33488 kB
PageTables:        57240 kB
NFS_Unstable:          0 kB
Bounce:                0 kB
WritebackTmp:          0 kB
CommitLimit:     2172840 kB
Committed_AS:   92337276 kB
VmallocTotal:   251658176 kB
VmallocUsed:      141012 kB
VmallocChunk:   251407404 kB
Time pass: 93 sec

---2015-12-05 14:07:44
MemTotal:        2905316 kB
MemFree:           72164 kB
Buffers:           24248 kB
Cached:          1030336 kB
SwapCached:            0 kB
Active:          1316024 kB
Inactive:         707492 kB
Active(anon):     810868 kB
Inactive(anon):   202160 kB
Active(file):     505156 kB
Inactive(file):   505332 kB
Unevictable:       12456 kB
Mlocked:               0 kB
SwapTotal:        720184 kB
SwapFree:         720156 kB
Dirty:               120 kB
Writeback:             0 kB
AnonPages:        981412 kB
Mapped:           706532 kB
Shmem:             31640 kB
Slab:             120332 kB
SReclaimable:      35972 kB
SUnreclaim:        84360 kB
KernelStack:       33488 kB
PageTables:        57248 kB
NFS_Unstable:          0 kB
Bounce:                0 kB
WritebackTmp:          0 kB
CommitLimit:     2172840 kB
Committed_AS:   92337296 kB
VmallocTotal:   251658176 kB
VmallocUsed:      141012 kB
VmallocChunk:   251407404 kB
Time pass: 97 sec

---2015-12-05 14:07:44
MemTotal:        2905316 kB
MemFree:           86420 kB
Buffers:           24256 kB
Cached:          1032288 kB
SwapCached:            0 kB
Active:          1304224 kB
Inactive:         709188 kB
Active(anon):     798812 kB
Inactive(anon):   201588 kB
Active(file):     505412 kB
Inactive(file):   507600 kB
Unevictable:       12456 kB
Mlocked:               0 kB
SwapTotal:        720184 kB
SwapFree:         720156 kB
Dirty:                72 kB
Writeback:             0 kB
AnonPages:        969452 kB
Mapped:           705420 kB
Shmem:             31076 kB
Slab:             120568 kB
SReclaimable:      35972 kB
SUnreclaim:        84596 kB
KernelStack:       33168 kB
PageTables:        56908 kB
NFS_Unstable:          0 kB
Bounce:                0 kB
WritebackTmp:          0 kB
CommitLimit:     2172840 kB
Committed_AS:   92309064 kB
VmallocTotal:   251658176 kB
VmallocUsed:      140976 kB
VmallocChunk:   251407404 kB
Time pass: 101 sec

---2015-12-05 14:07:44
MemTotal:        2905316 kB
MemFree:          338220 kB
Buffers:           24340 kB
Cached:          1028884 kB
SwapCached:            0 kB
Active:          1236656 kB
Inactive:         706388 kB
Active(anon):     731700 kB
Inactive(anon):   203732 kB
Active(file):     504956 kB
Inactive(file):   502656 kB
Unevictable:       12456 kB
Mlocked:               0 kB
SwapTotal:        720184 kB
SwapFree:         720156 kB
Dirty:               672 kB
Writeback:             4 kB
AnonPages:        902552 kB
Mapped:           536236 kB
Shmem:             33232 kB
Slab:             120116 kB
SReclaimable:      35952 kB
SUnreclaim:        84164 kB
KernelStack:       32048 kB
PageTables:        55188 kB
NFS_Unstable:          0 kB
Bounce:                0 kB
WritebackTmp:          0 kB
CommitLimit:     2172840 kB
Committed_AS:   91488144 kB
VmallocTotal:   251658176 kB
VmallocUsed:      138440 kB
VmallocChunk:   251407404 kB
Time pass: 104 sec

---2015-12-05 14:07:44
MemTotal:        2905316 kB
MemFree:          248196 kB
Buffers:           24388 kB
Cached:          1029836 kB
SwapCached:            0 kB
Active:          1254916 kB
Inactive:         706872 kB
Active(anon):     749520 kB
Inactive(anon):   203872 kB
Active(file):     505396 kB
Inactive(file):   503000 kB
Unevictable:       12456 kB
Mlocked:               0 kB
SwapTotal:        720184 kB
SwapFree:         720156 kB
Dirty:              2064 kB
Writeback:             0 kB
AnonPages:        919684 kB
Mapped:           603072 kB
Shmem:             33372 kB
Slab:             120140 kB
SReclaimable:      35984 kB
SUnreclaim:        84156 kB
KernelStack:       32896 kB
PageTables:        55884 kB
NFS_Unstable:          0 kB
Bounce:                0 kB
WritebackTmp:          0 kB
CommitLimit:     2172840 kB
Committed_AS:   91527612 kB
VmallocTotal:   251658176 kB
VmallocUsed:      139052 kB
VmallocChunk:   251407404 kB
Time pass: 108 sec

---2015-12-05 14:07:44
MemTotal:        2905316 kB
MemFree:          248524 kB
Buffers:           24388 kB
Cached:          1030960 kB
SwapCached:            0 kB
Active:          1254244 kB
Inactive:         707964 kB
Active(anon):     748816 kB
Inactive(anon):   203872 kB
Active(file):     505428 kB
Inactive(file):   504092 kB
Unevictable:       12456 kB
Mlocked:               0 kB
SwapTotal:        720184 kB
SwapFree:         720156 kB
Dirty:               676 kB
Writeback:             0 kB
AnonPages:        919292 kB
Mapped:           603672 kB
Shmem:             33372 kB
Slab:             120020 kB
SReclaimable:      36000 kB
SUnreclaim:        84020 kB
KernelStack:       32912 kB
PageTables:        55888 kB
NFS_Unstable:          0 kB
Bounce:                0 kB
WritebackTmp:          0 kB
CommitLimit:     2172840 kB
Committed_AS:   91525948 kB
VmallocTotal:   251658176 kB
VmallocUsed:      139052 kB
VmallocChunk:   251407404 kB
Time pass: 112 sec

---2015-12-05 14:07:44
MemTotal:        2905316 kB
MemFree:          238844 kB
Buffers:           24404 kB
Cached:          1031632 kB
SwapCached:            0 kB
Active:          1255144 kB
Inactive:         708620 kB
Active(anon):     749692 kB
Inactive(anon):   203872 kB
Active(file):     505452 kB
Inactive(file):   504748 kB
Unevictable:       12456 kB
Mlocked:               0 kB
SwapTotal:        720184 kB
SwapFree:         720156 kB
Dirty:               124 kB
Writeback:             0 kB
AnonPages:        920432 kB
Mapped:           604448 kB
Shmem:             33372 kB
Slab:             120008 kB
SReclaimable:      36000 kB
SUnreclaim:        84008 kB
KernelStack:       32960 kB
PageTables:        55892 kB
NFS_Unstable:          0 kB
Bounce:                0 kB
WritebackTmp:          0 kB
CommitLimit:     2172840 kB
Committed_AS:   91525936 kB
VmallocTotal:   251658176 kB
VmallocUsed:      136704 kB
VmallocChunk:   251407404 kB
Time pass: 115 sec

---2015-12-05 14:07:44
MemTotal:        2905316 kB
MemFree:          225492 kB
Buffers:           24708 kB
Cached:          1032544 kB
SwapCached:            0 kB
Active:          1268356 kB
Inactive:         709676 kB
Active(anon):     762776 kB
Inactive(anon):   203876 kB
Active(file):     505580 kB
Inactive(file):   505800 kB
Unevictable:       12456 kB
Mlocked:               0 kB
SwapTotal:        720184 kB
SwapFree:         720156 kB
Dirty:                44 kB
Writeback:           220 kB
AnonPages:        933344 kB
Mapped:           607228 kB
Shmem:             33376 kB
Slab:             120156 kB
SReclaimable:      36000 kB
SUnreclaim:        84156 kB
KernelStack:       33008 kB
PageTables:        55992 kB
NFS_Unstable:          0 kB
Bounce:                0 kB
WritebackTmp:          0 kB
CommitLimit:     2172840 kB
Committed_AS:   91537808 kB
VmallocTotal:   251658176 kB
VmallocUsed:      136704 kB
VmallocChunk:   251407404 kB
Time pass: 119 sec

---2015-12-05 14:07:44
MemTotal:        2905316 kB
MemFree:          160576 kB
Buffers:           24708 kB
Cached:          1033900 kB
SwapCached:            0 kB
Active:          1276132 kB
Inactive:         709296 kB
Active(anon):     768864 kB
Inactive(anon):   203488 kB
Active(file):     507268 kB
Inactive(file):   505808 kB
Unevictable:       12456 kB
Mlocked:               0 kB
SwapTotal:        720184 kB
SwapFree:         720156 kB
Dirty:              1336 kB
Writeback:             0 kB
AnonPages:        939296 kB
Mapped:           657304 kB
Shmem:             33072 kB
Slab:             116588 kB
SReclaimable:      36016 kB
SUnreclaim:        80572 kB
KernelStack:       33088 kB
PageTables:        55852 kB
NFS_Unstable:          0 kB
Bounce:                0 kB
WritebackTmp:          0 kB
CommitLimit:     2172840 kB
Committed_AS:   91369596 kB
VmallocTotal:   251658176 kB
VmallocUsed:      137168 kB
VmallocChunk:   251407404 kB
Time pass: 123 sec

---2015-12-05 14:07:44
MemTotal:        2905316 kB
MemFree:          159968 kB
Buffers:           24716 kB
Cached:          1033884 kB
SwapCached:            0 kB
Active:          1276272 kB
Inactive:         709332 kB
Active(anon):     768964 kB
Inactive(anon):   203476 kB
Active(file):     507308 kB
Inactive(file):   505856 kB
Unevictable:       12456 kB
Mlocked:               0 kB
SwapTotal:        720184 kB
SwapFree:         720156 kB
Dirty:                76 kB
Writeback:             0 kB
AnonPages:        939456 kB
Mapped:           657488 kB
Shmem:             32976 kB
Slab:             116620 kB
SReclaimable:      36016 kB
SUnreclaim:        80604 kB
KernelStack:       33024 kB
PageTables:        55780 kB
NFS_Unstable:          0 kB
Bounce:                0 kB
WritebackTmp:          0 kB
CommitLimit:     2172840 kB
Committed_AS:   91369556 kB
VmallocTotal:   251658176 kB
VmallocUsed:      137168 kB
VmallocChunk:   251407404 kB
Time pass: 126 sec

---2015-12-05 14:07:44
MemTotal:        2905316 kB
MemFree:          162556 kB
Buffers:           24724 kB
Cached:          1033884 kB
SwapCached:            0 kB
Active:          1274244 kB
Inactive:         709336 kB
Active(anon):     766928 kB
Inactive(anon):   203476 kB
Active(file):     507316 kB
Inactive(file):   505860 kB
Unevictable:       12456 kB
Mlocked:               0 kB
SwapTotal:        720184 kB
SwapFree:         720156 kB
Dirty:                 8 kB
Writeback:             0 kB
AnonPages:        937552 kB
Mapped:           657512 kB
Shmem:             32976 kB
Slab:             116588 kB
SReclaimable:      36016 kB
SUnreclaim:        80572 kB
KernelStack:       33040 kB
PageTables:        55784 kB
NFS_Unstable:          0 kB
Bounce:                0 kB
WritebackTmp:          0 kB
CommitLimit:     2172840 kB
Committed_AS:   91369592 kB
VmallocTotal:   251658176 kB
VmallocUsed:      137168 kB
VmallocChunk:   251407404 kB
Time pass: 130 sec

---2015-12-05 14:07:44
MemTotal:        2905316 kB
MemFree:          161252 kB
Buffers:           24732 kB
Cached:          1033920 kB
SwapCached:            0 kB
Active:          1275472 kB
Inactive:         709376 kB
Active(anon):     768152 kB
Inactive(anon):   203476 kB
Active(file):     507320 kB
Inactive(file):   505900 kB
Unevictable:       12456 kB
Mlocked:               0 kB
SwapTotal:        720184 kB
SwapFree:         720156 kB
Dirty:                24 kB
Writeback:            44 kB
AnonPages:        938492 kB
Mapped:           657524 kB
Shmem:             32976 kB
Slab:             116588 kB
SReclaimable:      36016 kB
SUnreclaim:        80572 kB
KernelStack:       33024 kB
PageTables:        55788 kB
NFS_Unstable:          0 kB
Bounce:                0 kB
WritebackTmp:          0 kB
CommitLimit:     2172840 kB
Committed_AS:   91369580 kB
VmallocTotal:   251658176 kB
VmallocUsed:      137168 kB
VmallocChunk:   251407404 kB
Time pass: 134 sec

---2015-12-05 14:07:44
MemTotal:        2905316 kB
MemFree:          160636 kB
Buffers:           24740 kB
Cached:          1033952 kB
SwapCached:            0 kB
Active:          1275684 kB
Inactive:         709396 kB
Active(anon):     768344 kB
Inactive(anon):   203476 kB
Active(file):     507340 kB
Inactive(file):   505920 kB
Unevictable:       12456 kB
Mlocked:               0 kB
SwapTotal:        720184 kB
SwapFree:         720156 kB
Dirty:                80 kB
Writeback:             0 kB
AnonPages:        938720 kB
Mapped:           657548 kB
Shmem:             32976 kB
Slab:             116600 kB
SReclaimable:      36032 kB
SUnreclaim:        80568 kB
KernelStack:       33056 kB
PageTables:        55784 kB
NFS_Unstable:          0 kB
Bounce:                0 kB
WritebackTmp:          0 kB
CommitLimit:     2172840 kB
Committed_AS:   91369592 kB
VmallocTotal:   251658176 kB
VmallocUsed:      137168 kB
VmallocChunk:   251407404 kB
Time pass: 138 sec

---2015-12-05 14:07:44
MemTotal:        2905316 kB
MemFree:          160184 kB
Buffers:           24740 kB
Cached:          1033960 kB
SwapCached:            0 kB
Active:          1276180 kB
Inactive:         709388 kB
Active(anon):     768824 kB
Inactive(anon):   203476 kB
Active(file):     507356 kB
Inactive(file):   505912 kB
Unevictable:       12456 kB
Mlocked:               0 kB
SwapTotal:        720184 kB
SwapFree:         720156 kB
Dirty:                 4 kB
Writeback:             0 kB
AnonPages:        939080 kB
Mapped:           657616 kB
Shmem:             32976 kB
Slab:             116600 kB
SReclaimable:      36032 kB
SUnreclaim:        80568 kB
KernelStack:       33056 kB
PageTables:        55804 kB
NFS_Unstable:          0 kB
Bounce:                0 kB
WritebackTmp:          0 kB
CommitLimit:     2172840 kB
Committed_AS:   91369620 kB
VmallocTotal:   251658176 kB
VmallocUsed:      137168 kB
VmallocChunk:   251407404 kB
Time pass: 142 sec

---2015-12-05 14:07:44
MemTotal:        2905316 kB
MemFree:          160200 kB
Buffers:           24748 kB
Cached:          1033964 kB
SwapCached:            0 kB
Active:          1276140 kB
Inactive:         709396 kB
Active(anon):     768780 kB
Inactive(anon):   203476 kB
Active(file):     507360 kB
Inactive(file):   505920 kB
Unevictable:       12456 kB
Mlocked:               0 kB
SwapTotal:        720184 kB
SwapFree:         720156 kB
Dirty:                 4 kB
Writeback:             0 kB
AnonPages:        939200 kB
Mapped:           657620 kB
Shmem:             32976 kB
Slab:             116600 kB
SReclaimable:      36032 kB
SUnreclaim:        80568 kB
KernelStack:       33056 kB
PageTables:        55812 kB
NFS_Unstable:          0 kB
Bounce:                0 kB
WritebackTmp:          0 kB
CommitLimit:     2172840 kB
Committed_AS:   91369620 kB
VmallocTotal:   251658176 kB
VmallocUsed:      137168 kB
VmallocChunk:   251407404 kB
Time pass: 145 sec

---2015-12-05 14:07:44
MemTotal:        2905316 kB
MemFree:          159712 kB
Buffers:           24756 kB
Cached:          1033964 kB
SwapCached:            0 kB
Active:          1276344 kB
Inactive:         709400 kB
Active(anon):     768984 kB
Inactive(anon):   203476 kB
Active(file):     507360 kB
Inactive(file):   505924 kB
Unevictable:       12456 kB
Mlocked:               0 kB
SwapTotal:        720184 kB
SwapFree:         720156 kB
Dirty:                24 kB
Writeback:             0 kB
AnonPages:        939424 kB
Mapped:           658016 kB
Shmem:             32976 kB
Slab:             116600 kB
SReclaimable:      36032 kB
SUnreclaim:        80568 kB
KernelStack:       33088 kB
PageTables:        55808 kB
NFS_Unstable:          0 kB
Bounce:                0 kB
WritebackTmp:          0 kB
CommitLimit:     2172840 kB
Committed_AS:   91369608 kB
VmallocTotal:   251658176 kB
VmallocUsed:      137168 kB
VmallocChunk:   251407404 kB
Time pass: 149 sec

---2015-12-05 14:07:44
MemTotal:        2905316 kB
MemFree:          159876 kB
Buffers:           24756 kB
Cached:          1034028 kB
SwapCached:            0 kB
Active:          1276616 kB
Inactive:         709460 kB
Active(anon):     769248 kB
Inactive(anon):   203536 kB
Active(file):     507368 kB
Inactive(file):   505924 kB
Unevictable:       12456 kB
Mlocked:               0 kB
SwapTotal:        720184 kB
SwapFree:         720156 kB
Dirty:                28 kB
Writeback:             0 kB
AnonPages:        939668 kB
Mapped:           658092 kB
Shmem:             33036 kB
Slab:             116600 kB
SReclaimable:      36032 kB
SUnreclaim:        80568 kB
KernelStack:       33056 kB
PageTables:        55860 kB
NFS_Unstable:          0 kB
Bounce:                0 kB
WritebackTmp:          0 kB
CommitLimit:     2172840 kB
Committed_AS:   91396244 kB
VmallocTotal:   251658176 kB
VmallocUsed:      137168 kB
VmallocChunk:   251407404 kB
Time pass: 153 sec

---2015-12-05 14:07:44
MemTotal:        2905316 kB
MemFree:          159012 kB
Buffers:           24764 kB
Cached:          1034068 kB
SwapCached:            0 kB
Active:          1277420 kB
Inactive:         709488 kB
Active(anon):     770040 kB
Inactive(anon):   203536 kB
Active(file):     507380 kB
Inactive(file):   505952 kB
Unevictable:       12456 kB
Mlocked:               0 kB
SwapTotal:        720184 kB
SwapFree:         720156 kB
Dirty:                52 kB
Writeback:             0 kB
AnonPages:        940696 kB
Mapped:           658044 kB
Shmem:             33036 kB
Slab:             116564 kB
SReclaimable:      36032 kB
SUnreclaim:        80532 kB
KernelStack:       33056 kB
PageTables:        55816 kB
NFS_Unstable:          0 kB
Bounce:                0 kB
WritebackTmp:          0 kB
CommitLimit:     2172840 kB
Committed_AS:   91396256 kB
VmallocTotal:   251658176 kB
VmallocUsed:      137168 kB
VmallocChunk:   251407404 kB
Time pass: 157 sec

---2015-12-05 14:07:44
MemTotal:        2905316 kB
MemFree:          158120 kB
Buffers:           24772 kB
Cached:          1034076 kB
SwapCached:            0 kB
Active:          1277776 kB
Inactive:         709496 kB
Active(anon):     770384 kB
Inactive(anon):   203536 kB
Active(file):     507392 kB
Inactive(file):   505960 kB
Unevictable:       12456 kB
Mlocked:               0 kB
SwapTotal:        720184 kB
SwapFree:         720156 kB
Dirty:                 8 kB
Writeback:             0 kB
AnonPages:        940860 kB
Mapped:           658056 kB
Shmem:             33036 kB
Slab:             116564 kB
SReclaimable:      36032 kB
SUnreclaim:        80532 kB
KernelStack:       33056 kB
PageTables:        55836 kB
NFS_Unstable:          0 kB
Bounce:                0 kB
WritebackTmp:          0 kB
CommitLimit:     2172840 kB
Committed_AS:   91396232 kB
VmallocTotal:   251658176 kB
VmallocUsed:      137168 kB
VmallocChunk:   251407404 kB
Time pass: 161 sec

---2015-12-05 14:07:44
MemTotal:        2905316 kB
MemFree:          158284 kB
Buffers:           24780 kB
Cached:          1034076 kB
SwapCached:            0 kB
Active:          1277872 kB
Inactive:         709504 kB
Active(anon):     770480 kB
Inactive(anon):   203536 kB
Active(file):     507392 kB
Inactive(file):   505968 kB
Unevictable:       12456 kB
Mlocked:               0 kB
SwapTotal:        720184 kB
SwapFree:         720156 kB
Dirty:                20 kB
Writeback:             0 kB
AnonPages:        940808 kB
Mapped:           658136 kB
Shmem:             33036 kB
Slab:             116564 kB
SReclaimable:      36032 kB
SUnreclaim:        80532 kB
KernelStack:       33056 kB
PageTables:        55860 kB
NFS_Unstable:          0 kB
Bounce:                0 kB
WritebackTmp:          0 kB
CommitLimit:     2172840 kB
Committed_AS:   91396196 kB
VmallocTotal:   251658176 kB
VmallocUsed:      137168 kB
VmallocChunk:   251407404 kB
Time pass: 164 sec

---2015-12-05 14:07:44
MemTotal:        2905316 kB
MemFree:          157344 kB
Buffers:           24780 kB
Cached:          1034136 kB
SwapCached:            0 kB
Active:          1278856 kB
Inactive:         709528 kB
Active(anon):     771456 kB
Inactive(anon):   203536 kB
Active(file):     507400 kB
Inactive(file):   505992 kB
Unevictable:       12456 kB
Mlocked:               0 kB
SwapTotal:        720184 kB
SwapFree:         720156 kB
Dirty:                56 kB
Writeback:             0 kB
AnonPages:        941920 kB
Mapped:           658148 kB
Shmem:             33036 kB
Slab:             116564 kB
SReclaimable:      36032 kB
SUnreclaim:        80532 kB
KernelStack:       33056 kB
PageTables:        55856 kB
NFS_Unstable:          0 kB
Bounce:                0 kB
WritebackTmp:          0 kB
CommitLimit:     2172840 kB
Committed_AS:   91396148 kB
VmallocTotal:   251658176 kB
VmallocUsed:      137168 kB
VmallocChunk:   251407404 kB
Time pass: 168 sec

---2015-12-05 14:07:44
MemTotal:        2905316 kB
MemFree:          157056 kB
Buffers:           24788 kB
Cached:          1034144 kB
SwapCached:            0 kB
Active:          1279112 kB
Inactive:         709564 kB
Active(anon):     771708 kB
Inactive(anon):   203536 kB
Active(file):     507404 kB
Inactive(file):   506028 kB
Unevictable:       12456 kB
Mlocked:               0 kB
SwapTotal:        720184 kB
SwapFree:         720156 kB
Dirty:                12 kB
Writeback:             0 kB
AnonPages:        942144 kB
Mapped:           658124 kB
Shmem:             33036 kB
Slab:             116564 kB
SReclaimable:      36032 kB
SUnreclaim:        80532 kB
KernelStack:       33072 kB
PageTables:        55856 kB
NFS_Unstable:          0 kB
Bounce:                0 kB
WritebackTmp:          0 kB
CommitLimit:     2172840 kB
Committed_AS:   91396248 kB
VmallocTotal:   251658176 kB
VmallocUsed:      137168 kB
VmallocChunk:   251407404 kB
Time pass: 172 sec

---2015-12-05 14:07:44
MemTotal:        2905316 kB
MemFree:          156508 kB
Buffers:           24796 kB
Cached:          1034152 kB
SwapCached:            0 kB
Active:          1279224 kB
Inactive:         709580 kB
Active(anon):     771812 kB
Inactive(anon):   203536 kB
Active(file):     507412 kB
Inactive(file):   506044 kB
Unevictable:       12456 kB
Mlocked:               0 kB
SwapTotal:        720184 kB
SwapFree:         720156 kB
Dirty:                16 kB
Writeback:             0 kB
AnonPages:        942488 kB
Mapped:           658124 kB
Shmem:             33036 kB
Slab:             116568 kB
SReclaimable:      36032 kB
SUnreclaim:        80536 kB
KernelStack:       33024 kB
PageTables:        55856 kB
NFS_Unstable:          0 kB
Bounce:                0 kB
WritebackTmp:          0 kB
CommitLimit:     2172840 kB
Committed_AS:   91396220 kB
VmallocTotal:   251658176 kB
VmallocUsed:      137168 kB
VmallocChunk:   251407404 kB
Time pass: 176 sec

---2015-12-05 14:07:44
MemTotal:        2905316 kB
MemFree:          156480 kB
Buffers:           24796 kB
Cached:          1034152 kB
SwapCached:            0 kB
Active:          1279424 kB
Inactive:         709576 kB
Active(anon):     772008 kB
Inactive(anon):   203536 kB
Active(file):     507416 kB
Inactive(file):   506040 kB
Unevictable:       12456 kB
Mlocked:               0 kB
SwapTotal:        720184 kB
SwapFree:         720156 kB
Dirty:                20 kB
Writeback:             0 kB
AnonPages:        942564 kB
Mapped:           658136 kB
Shmem:             33036 kB
Slab:             116568 kB
SReclaimable:      36032 kB
SUnreclaim:        80536 kB
KernelStack:       33056 kB
PageTables:        55852 kB
NFS_Unstable:          0 kB
Bounce:                0 kB
WritebackTmp:          0 kB
CommitLimit:     2172840 kB
Committed_AS:   91396220 kB
VmallocTotal:   251658176 kB
VmallocUsed:      137168 kB
VmallocChunk:   251407404 kB
Time pass: 180 sec

---2015-12-05 14:07:44
MemTotal:        2905316 kB
MemFree:          155420 kB
Buffers:           24804 kB
Cached:          1034216 kB
SwapCached:            0 kB
Active:          1279924 kB
Inactive:         709648 kB
Active(anon):     772508 kB
Inactive(anon):   203596 kB
Active(file):     507416 kB
Inactive(file):   506052 kB
Unevictable:       12456 kB
Mlocked:               0 kB
SwapTotal:        720184 kB
SwapFree:         720156 kB
Dirty:                 8 kB
Writeback:             0 kB
AnonPages:        942936 kB
Mapped:           658200 kB
Shmem:             33096 kB
Slab:             116568 kB
SReclaimable:      36032 kB
SUnreclaim:        80536 kB
KernelStack:       33056 kB
PageTables:        55912 kB
NFS_Unstable:          0 kB
Bounce:                0 kB
WritebackTmp:          0 kB
CommitLimit:     2172840 kB
Committed_AS:   91422880 kB
VmallocTotal:   251658176 kB
VmallocUsed:      137180 kB
VmallocChunk:   251407404 kB
Time pass: 184 sec

---2015-12-05 14:07:44
MemTotal:        2905316 kB
MemFree:          154784 kB
Buffers:           24812 kB
Cached:          1034216 kB
SwapCached:            0 kB
Active:          1279768 kB
Inactive:         709648 kB
Active(anon):     772344 kB
Inactive(anon):   203596 kB
Active(file):     507424 kB
Inactive(file):   506052 kB
Unevictable:       12456 kB
Mlocked:               0 kB
SwapTotal:        720184 kB
SwapFree:         720156 kB
Dirty:                20 kB
Writeback:             0 kB
AnonPages:        943068 kB
Mapped:           658284 kB
Shmem:             33096 kB
Slab:             116568 kB
SReclaimable:      36032 kB
SUnreclaim:        80536 kB
KernelStack:       33056 kB
PageTables:        55904 kB
NFS_Unstable:          0 kB
Bounce:                0 kB
WritebackTmp:          0 kB
CommitLimit:     2172840 kB
Committed_AS:   91422892 kB
VmallocTotal:   251658176 kB
VmallocUsed:      137180 kB
VmallocChunk:   251407404 kB
Time pass: 187 sec

---2015-12-05 14:07:44
MemTotal:        2905316 kB
MemFree:          154504 kB
Buffers:           24820 kB
Cached:          1034212 kB
SwapCached:            0 kB
Active:          1279920 kB
Inactive:         709648 kB
Active(anon):     772496 kB
Inactive(anon):   203596 kB
Active(file):     507424 kB
Inactive(file):   506052 kB
Unevictable:       12456 kB
Mlocked:               0 kB
SwapTotal:        720184 kB
SwapFree:         720156 kB
Dirty:                36 kB
Writeback:             0 kB
AnonPages:        943140 kB
Mapped:           658288 kB
Shmem:             33096 kB
Slab:             116568 kB
SReclaimable:      36032 kB
SUnreclaim:        80536 kB
KernelStack:       33056 kB
PageTables:        55908 kB
NFS_Unstable:          0 kB
Bounce:                0 kB
WritebackTmp:          0 kB
CommitLimit:     2172840 kB
Committed_AS:   91422880 kB
VmallocTotal:   251658176 kB
VmallocUsed:      137180 kB
VmallocChunk:   251407404 kB
Time pass: 191 sec

---2015-12-05 14:07:44
MemTotal:        2905316 kB
MemFree:          154436 kB
Buffers:           24820 kB
Cached:          1034260 kB
SwapCached:            0 kB
Active:          1281020 kB
Inactive:         709688 kB
Active(anon):     773584 kB
Inactive(anon):   203596 kB
Active(file):     507436 kB
Inactive(file):   506092 kB
Unevictable:       12456 kB
Mlocked:               0 kB
SwapTotal:        720184 kB
SwapFree:         720156 kB
Dirty:                64 kB
Writeback:             0 kB
AnonPages:        944248 kB
Mapped:           658308 kB
Shmem:             33096 kB
Slab:             116536 kB
SReclaimable:      36032 kB
SUnreclaim:        80504 kB
KernelStack:       33056 kB
PageTables:        55904 kB
NFS_Unstable:          0 kB
Bounce:                0 kB
WritebackTmp:          0 kB
CommitLimit:     2172840 kB
Committed_AS:   91422808 kB
VmallocTotal:   251658176 kB
VmallocUsed:      137180 kB
VmallocChunk:   251407404 kB
Time pass: 195 sec

---2015-12-05 14:07:44
MemTotal:        2905316 kB
MemFree:          153900 kB
Buffers:           24828 kB
Cached:          1034264 kB
SwapCached:            0 kB
Active:          1281212 kB
Inactive:         709688 kB
Active(anon):     773772 kB
Inactive(anon):   203596 kB
Active(file):     507440 kB
Inactive(file):   506092 kB
Unevictable:       12456 kB
Mlocked:               0 kB
SwapTotal:        720184 kB
SwapFree:         720156 kB
Dirty:                28 kB
Writeback:             0 kB
AnonPages:        944416 kB
Mapped:           658316 kB
Shmem:             33096 kB
Slab:             116536 kB
SReclaimable:      36032 kB
SUnreclaim:        80504 kB
KernelStack:       33072 kB
PageTables:        55940 kB
NFS_Unstable:          0 kB
Bounce:                0 kB
WritebackTmp:          0 kB
CommitLimit:     2172840 kB
Committed_AS:   91422768 kB
VmallocTotal:   251658176 kB
VmallocUsed:      137180 kB
VmallocChunk:   251407404 kB
Time pass: 199 sec

---2015-12-05 14:07:44
MemTotal:        2905316 kB
MemFree:          153564 kB
Buffers:           24836 kB
Cached:          1034296 kB
SwapCached:            0 kB
Active:          1281136 kB
Inactive:         709728 kB
Active(anon):     773692 kB
Inactive(anon):   203596 kB
Active(file):     507444 kB
Inactive(file):   506132 kB
Unevictable:       12456 kB
Mlocked:               0 kB
SwapTotal:        720184 kB
SwapFree:         720156 kB
Dirty:                20 kB
Writeback:             0 kB
AnonPages:        944416 kB
Mapped:           658328 kB
Shmem:             33096 kB
Slab:             116536 kB
SReclaimable:      36032 kB
SUnreclaim:        80504 kB
KernelStack:       33040 kB
PageTables:        55908 kB
NFS_Unstable:          0 kB
Bounce:                0 kB
WritebackTmp:          0 kB
CommitLimit:     2172840 kB
Committed_AS:   91422744 kB
VmallocTotal:   251658176 kB
VmallocUsed:      137180 kB
VmallocChunk:   251407404 kB
Time pass: 203 sec

---2015-12-05 14:07:44
MemTotal:        2905316 kB
MemFree:          152664 kB
Buffers:           24844 kB
Cached:          1034340 kB
SwapCached:            0 kB
Active:          1282316 kB
Inactive:         709772 kB
Active(anon):     774864 kB
Inactive(anon):   203596 kB
Active(file):     507452 kB
Inactive(file):   506176 kB
Unevictable:       12456 kB
Mlocked:               0 kB
SwapTotal:        720184 kB
SwapFree:         720156 kB
Dirty:                76 kB
Writeback:             0 kB
AnonPages:        945624 kB
Mapped:           658356 kB
Shmem:             33096 kB
Slab:             116536 kB
SReclaimable:      36032 kB
SUnreclaim:        80504 kB
KernelStack:       33072 kB
PageTables:        55908 kB
NFS_Unstable:          0 kB
Bounce:                0 kB
WritebackTmp:          0 kB
CommitLimit:     2172840 kB
Committed_AS:   91422840 kB
VmallocTotal:   251658176 kB
VmallocUsed:      137180 kB
VmallocChunk:   251407404 kB
Time pass: 206 sec

---2015-12-05 14:07:44
MemTotal:        2905316 kB
MemFree:          151844 kB
Buffers:           24852 kB
Cached:          1034332 kB
SwapCached:            0 kB
Active:          1282488 kB
Inactive:         709768 kB
Active(anon):     775028 kB
Inactive(anon):   203596 kB
Active(file):     507460 kB
Inactive(file):   506172 kB
Unevictable:       12456 kB
Mlocked:               0 kB
SwapTotal:        720184 kB
SwapFree:         720156 kB
Dirty:                 4 kB
Writeback:             0 kB
AnonPages:        945764 kB
Mapped:           658356 kB
Shmem:             33096 kB
Slab:             116472 kB
SReclaimable:      35968 kB
SUnreclaim:        80504 kB
KernelStack:       33056 kB
PageTables:        55908 kB
NFS_Unstable:          0 kB
Bounce:                0 kB
WritebackTmp:          0 kB
CommitLimit:     2172840 kB
Committed_AS:   91422840 kB
VmallocTotal:   251658176 kB
VmallocUsed:      137180 kB
VmallocChunk:   251407404 kB
Time pass: 210 sec

---2015-12-05 14:07:44
MemTotal:        2905316 kB
MemFree:          151396 kB
Buffers:           24852 kB
Cached:          1034404 kB
SwapCached:            0 kB
Active:          1283016 kB
Inactive:         709836 kB
Active(anon):     775556 kB
Inactive(anon):   203656 kB
Active(file):     507460 kB
Inactive(file):   506180 kB
Unevictable:       12456 kB
Mlocked:               0 kB
SwapTotal:        720184 kB
SwapFree:         720156 kB
Dirty:                32 kB
Writeback:             0 kB
AnonPages:        946264 kB
Mapped:           658432 kB
Shmem:             33156 kB
Slab:             116472 kB
SReclaimable:      35968 kB
SUnreclaim:        80504 kB
KernelStack:       32976 kB
PageTables:        55956 kB
NFS_Unstable:          0 kB
Bounce:                0 kB
WritebackTmp:          0 kB
CommitLimit:     2172840 kB
Committed_AS:   91449476 kB
VmallocTotal:   251658176 kB
VmallocUsed:      137180 kB
VmallocChunk:   251407404 kB
Time pass: 214 sec

---2015-12-05 14:07:44
MemTotal:        2905316 kB
MemFree:          144872 kB
Buffers:           24868 kB
Cached:          1034920 kB
SwapCached:            0 kB
Active:          1285736 kB
Inactive:         710164 kB
Active(anon):     778120 kB
Inactive(anon):   203656 kB
Active(file):     507616 kB
Inactive(file):   506508 kB
Unevictable:       12456 kB
Mlocked:               0 kB
SwapTotal:        720184 kB
SwapFree:         720156 kB
Dirty:                32 kB
Writeback:             0 kB
AnonPages:        948764 kB
Mapped:           658592 kB
Shmem:             33156 kB
Slab:             119940 kB
SReclaimable:      39200 kB
SUnreclaim:        80740 kB
KernelStack:       33072 kB
PageTables:        56036 kB
NFS_Unstable:          0 kB
Bounce:                0 kB
WritebackTmp:          0 kB
CommitLimit:     2172840 kB
Committed_AS:   91461324 kB
VmallocTotal:   251658176 kB
VmallocUsed:      137180 kB
VmallocChunk:   251407404 kB
Time pass: 218 sec

---2015-12-05 14:07:44
MemTotal:        2905316 kB
MemFree:          146124 kB
Buffers:           24904 kB
Cached:          1035248 kB
SwapCached:            0 kB
Active:          1283472 kB
Inactive:         710544 kB
Active(anon):     775828 kB
Inactive(anon):   203656 kB
Active(file):     507644 kB
Inactive(file):   506888 kB
Unevictable:       12456 kB
Mlocked:               0 kB
SwapTotal:        720184 kB
SwapFree:         720156 kB
Dirty:                12 kB
Writeback:             0 kB
AnonPages:        946324 kB
Mapped:           658680 kB
Shmem:             33156 kB
Slab:             120272 kB
SReclaimable:      39492 kB
SUnreclaim:        80780 kB
KernelStack:       33056 kB
PageTables:        55964 kB
NFS_Unstable:          0 kB
Bounce:                0 kB
WritebackTmp:          0 kB
CommitLimit:     2172840 kB
Committed_AS:   91449476 kB
VmallocTotal:   251658176 kB
VmallocUsed:      137180 kB
VmallocChunk:   251407404 kB
Time pass: 222 sec

---2015-12-05 14:07:44
MemTotal:        2905316 kB
MemFree:          145580 kB
Buffers:           24912 kB
Cached:          1035256 kB
SwapCached:            0 kB
Active:          1284016 kB
Inactive:         710540 kB
Active(anon):     776344 kB
Inactive(anon):   203656 kB
Active(file):     507672 kB
Inactive(file):   506884 kB
Unevictable:       12456 kB
Mlocked:               0 kB
SwapTotal:        720184 kB
SwapFree:         720156 kB
Dirty:                84 kB
Writeback:             0 kB
AnonPages:        946952 kB
Mapped:           658676 kB
Shmem:             33156 kB
Slab:             120280 kB
SReclaimable:      39496 kB
SUnreclaim:        80784 kB
KernelStack:       33024 kB
PageTables:        55944 kB
NFS_Unstable:          0 kB
Bounce:                0 kB
WritebackTmp:          0 kB
CommitLimit:     2172840 kB
Committed_AS:   91449476 kB
VmallocTotal:   251658176 kB
VmallocUsed:      137180 kB
VmallocChunk:   251407404 kB
Time pass: 226 sec

---2015-12-05 14:07:44
MemTotal:        2905316 kB
MemFree:          145684 kB
Buffers:           24920 kB
Cached:          1035248 kB
SwapCached:            0 kB
Active:          1284108 kB
Inactive:         710540 kB
Active(anon):     776436 kB
Inactive(anon):   203656 kB
Active(file):     507672 kB
Inactive(file):   506884 kB
Unevictable:       12456 kB
Mlocked:               0 kB
SwapTotal:        720184 kB
SwapFree:         720156 kB
Dirty:                 4 kB
Writeback:             0 kB
AnonPages:        947032 kB
Mapped:           658740 kB
Shmem:             33156 kB
Slab:             120280 kB
SReclaimable:      39496 kB
SUnreclaim:        80784 kB
KernelStack:       33024 kB
PageTables:        55968 kB
NFS_Unstable:          0 kB
Bounce:                0 kB
WritebackTmp:          0 kB
CommitLimit:     2172840 kB
Committed_AS:   91449504 kB
VmallocTotal:   251658176 kB
VmallocUsed:      137180 kB
VmallocChunk:   251407404 kB
Time pass: 230 sec

---2015-12-05 14:07:44
MemTotal:        2905316 kB
MemFree:          145692 kB
Buffers:           24920 kB
Cached:          1035260 kB
SwapCached:            0 kB
Active:          1284396 kB
Inactive:         710548 kB
Active(anon):     776724 kB
Inactive(anon):   203656 kB
Active(file):     507672 kB
Inactive(file):   506892 kB
Unevictable:       12456 kB
Mlocked:               0 kB
SwapTotal:        720184 kB
SwapFree:         720156 kB
Dirty:                44 kB
Writeback:             0 kB
AnonPages:        947084 kB
Mapped:           658744 kB
Shmem:             33156 kB
Slab:             120284 kB
SReclaimable:      39500 kB
SUnreclaim:        80784 kB
KernelStack:       33008 kB
PageTables:        55968 kB
NFS_Unstable:          0 kB
Bounce:                0 kB
WritebackTmp:          0 kB
CommitLimit:     2172840 kB
Committed_AS:   91449464 kB
VmallocTotal:   251658176 kB
VmallocUsed:      137180 kB
VmallocChunk:   251407404 kB
Time pass: 233 sec

---2015-12-05 14:07:44
MemTotal:        2905316 kB
MemFree:          145288 kB
Buffers:           24928 kB
Cached:          1035260 kB
SwapCached:            0 kB
Active:          1284352 kB
Inactive:         710552 kB
Active(anon):     776676 kB
Inactive(anon):   203656 kB
Active(file):     507676 kB
Inactive(file):   506896 kB
Unevictable:       12456 kB
Mlocked:               0 kB
SwapTotal:        720184 kB
SwapFree:         720156 kB
Dirty:                 4 kB
Writeback:             0 kB
AnonPages:        947188 kB
Mapped:           658752 kB
Shmem:             33156 kB
Slab:             120284 kB
SReclaimable:      39500 kB
SUnreclaim:        80784 kB
KernelStack:       33008 kB
PageTables:        55968 kB
NFS_Unstable:          0 kB
Bounce:                0 kB
WritebackTmp:          0 kB
CommitLimit:     2172840 kB
Committed_AS:   91449488 kB
VmallocTotal:   251658176 kB
VmallocUsed:      137180 kB
VmallocChunk:   251407404 kB
Time pass: 237 sec

---2015-12-05 14:07:44
MemTotal:        2905316 kB
MemFree:          145272 kB
Buffers:           24936 kB
Cached:          1035260 kB
SwapCached:            0 kB
Active:          1284356 kB
Inactive:         710564 kB
Active(anon):     776680 kB
Inactive(anon):   203656 kB
Active(file):     507676 kB
Inactive(file):   506908 kB
Unevictable:       12456 kB
Mlocked:               0 kB
SwapTotal:        720184 kB
SwapFree:         720156 kB
Dirty:                12 kB
Writeback:             0 kB
AnonPages:        947316 kB
Mapped:           658756 kB
Shmem:             33156 kB
Slab:             120284 kB
SReclaimable:      39500 kB
SUnreclaim:        80784 kB
KernelStack:       33008 kB
PageTables:        55964 kB
NFS_Unstable:          0 kB
Bounce:                0 kB
WritebackTmp:          0 kB
CommitLimit:     2172840 kB
Committed_AS:   91449464 kB
VmallocTotal:   251658176 kB
VmallocUsed:      137180 kB
VmallocChunk:   251407404 kB
Time pass: 241 sec

---2015-12-05 14:07:44
MemTotal:        2905316 kB
MemFree:          145196 kB
Buffers:           24944 kB
Cached:          1035316 kB
SwapCached:            0 kB
Active:          1284928 kB
Inactive:         710624 kB
Active(anon):     777248 kB
Inactive(anon):   203716 kB
Active(file):     507680 kB
Inactive(file):   506908 kB
Unevictable:       12456 kB
Mlocked:               0 kB
SwapTotal:        720184 kB
SwapFree:         720156 kB
Dirty:                 4 kB
Writeback:             0 kB
AnonPages:        947724 kB
Mapped:           658824 kB
Shmem:             33216 kB
Slab:             120292 kB
SReclaimable:      39500 kB
SUnreclaim:        80792 kB
KernelStack:       33008 kB
PageTables:        56020 kB
NFS_Unstable:          0 kB
Bounce:                0 kB
WritebackTmp:          0 kB
CommitLimit:     2172840 kB
Committed_AS:   91476112 kB
VmallocTotal:   251658176 kB
VmallocUsed:      137180 kB
VmallocChunk:   251407404 kB
Time pass: 245 sec

---2015-12-05 14:07:44
MemTotal:        2905316 kB
MemFree:          144568 kB
Buffers:           24952 kB
Cached:          1035332 kB
SwapCached:            0 kB
Active:          1284984 kB
Inactive:         710644 kB
Active(anon):     777304 kB
Inactive(anon):   203716 kB
Active(file):     507680 kB
Inactive(file):   506928 kB
Unevictable:       12456 kB
Mlocked:               0 kB
SwapTotal:        720184 kB
SwapFree:         720156 kB
Dirty:                16 kB
Writeback:             0 kB
AnonPages:        947912 kB
Mapped:           658888 kB
Shmem:             33216 kB
Slab:             120292 kB
SReclaimable:      39500 kB
SUnreclaim:        80792 kB
KernelStack:       32960 kB
PageTables:        56020 kB
NFS_Unstable:          0 kB
Bounce:                0 kB
WritebackTmp:          0 kB
CommitLimit:     2172840 kB
Committed_AS:   91476076 kB
VmallocTotal:   251658176 kB
VmallocUsed:      137180 kB
VmallocChunk:   251407404 kB
Time pass: 248 sec

---2015-12-05 14:07:44
MemTotal:        2905316 kB
MemFree:          144152 kB
Buffers:           24960 kB
Cached:          1035368 kB
SwapCached:            0 kB
Active:          1286112 kB
Inactive:         710648 kB
Active(anon):     778428 kB
Inactive(anon):   203716 kB
Active(file):     507684 kB
Inactive(file):   506932 kB
Unevictable:       12456 kB
Mlocked:               0 kB
SwapTotal:        720184 kB
SwapFree:         720156 kB
Dirty:                44 kB
Writeback:             0 kB
AnonPages:        949012 kB
Mapped:           658892 kB
Shmem:             33216 kB
Slab:             120196 kB
SReclaimable:      39500 kB
SUnreclaim:        80696 kB
KernelStack:       32976 kB
PageTables:        56020 kB
NFS_Unstable:          0 kB
Bounce:                0 kB
WritebackTmp:          0 kB
CommitLimit:     2172840 kB
Committed_AS:   91476088 kB
VmallocTotal:   251658176 kB
VmallocUsed:      137180 kB
VmallocChunk:   251407404 kB
Time pass: 252 sec

---2015-12-05 14:07:44
MemTotal:        2905316 kB
MemFree:          144184 kB
Buffers:           24960 kB
Cached:          1035380 kB
SwapCached:            0 kB
Active:          1286392 kB
Inactive:         710656 kB
Active(anon):     778700 kB
Inactive(anon):   203716 kB
Active(file):     507692 kB
Inactive(file):   506940 kB
Unevictable:       12456 kB
Mlocked:               0 kB
SwapTotal:        720184 kB
SwapFree:         720156 kB
Dirty:                60 kB
Writeback:             0 kB
AnonPages:        949184 kB
Mapped:           658844 kB
Shmem:             33216 kB
Slab:             120196 kB
SReclaimable:      39500 kB
SUnreclaim:        80696 kB
KernelStack:       32896 kB
PageTables:        56000 kB
NFS_Unstable:          0 kB
Bounce:                0 kB
WritebackTmp:          0 kB
CommitLimit:     2172840 kB
Committed_AS:   91476076 kB
VmallocTotal:   251658176 kB
VmallocUsed:      137180 kB
VmallocChunk:   251407404 kB
Time pass: 256 sec

---2015-12-05 14:07:44
MemTotal:        2905316 kB
MemFree:          143656 kB
Buffers:           24968 kB
Cached:          1035380 kB
SwapCached:            0 kB
Active:          1286500 kB
Inactive:         710664 kB
Active(anon):     778808 kB
Inactive(anon):   203716 kB
Active(file):     507692 kB
Inactive(file):   506948 kB
Unevictable:       12456 kB
Mlocked:               0 kB
SwapTotal:        720184 kB
SwapFree:         720156 kB
Dirty:                 8 kB
Writeback:             0 kB
AnonPages:        949276 kB
Mapped:           658848 kB
Shmem:             33216 kB
Slab:             120196 kB
SReclaimable:      39500 kB
SUnreclaim:        80696 kB
KernelStack:       32928 kB
PageTables:        56000 kB
NFS_Unstable:          0 kB
Bounce:                0 kB
WritebackTmp:          0 kB
CommitLimit:     2172840 kB
Committed_AS:   91476076 kB
VmallocTotal:   251658176 kB
VmallocUsed:      137180 kB
VmallocChunk:   251407404 kB
Time pass: 260 sec

---2015-12-05 14:07:44
MemTotal:        2905316 kB
MemFree:          142412 kB
Buffers:           24976 kB
Cached:          1035412 kB
SwapCached:            0 kB
Active:          1287696 kB
Inactive:         710704 kB
Active(anon):     779996 kB
Inactive(anon):   203716 kB
Active(file):     507700 kB
Inactive(file):   506988 kB
Unevictable:       12456 kB
Mlocked:               0 kB
SwapTotal:        720184 kB
SwapFree:         720156 kB
Dirty:                52 kB
Writeback:             0 kB
AnonPages:        950380 kB
Mapped:           658856 kB
Shmem:             33216 kB
Slab:             120196 kB
SReclaimable:      39500 kB
SUnreclaim:        80696 kB
KernelStack:       32880 kB
PageTables:        56000 kB
NFS_Unstable:          0 kB
Bounce:                0 kB
WritebackTmp:          0 kB
CommitLimit:     2172840 kB
Committed_AS:   91476068 kB
VmallocTotal:   251658176 kB
VmallocUsed:      137180 kB
VmallocChunk:   251407404 kB
Time pass: 264 sec

---2015-12-05 14:07:44
MemTotal:        2905316 kB
MemFree:          141792 kB
Buffers:           24992 kB
Cached:          1035444 kB
SwapCached:            0 kB
Active:          1288008 kB
Inactive:         710736 kB
Active(anon):     780284 kB
Inactive(anon):   203716 kB
Active(file):     507724 kB
Inactive(file):   507020 kB
Unevictable:       12456 kB
Mlocked:               0 kB
SwapTotal:        720184 kB
SwapFree:         720156 kB
Dirty:                 8 kB
Writeback:            80 kB
AnonPages:        950744 kB
Mapped:           658920 kB
Shmem:             33216 kB
Slab:             120188 kB
SReclaimable:      39500 kB
SUnreclaim:        80688 kB
KernelStack:       32896 kB
PageTables:        56024 kB
NFS_Unstable:          0 kB
Bounce:                0 kB
WritebackTmp:          0 kB
CommitLimit:     2172840 kB
Committed_AS:   91476064 kB
VmallocTotal:   251658176 kB
VmallocUsed:      137180 kB
VmallocChunk:   251407404 kB
Time pass: 267 sec

---2015-12-05 14:07:44
MemTotal:        2905316 kB
MemFree:          142088 kB
Buffers:           25000 kB
Cached:          1035444 kB
SwapCached:            0 kB
Active:          1288180 kB
Inactive:         710752 kB
Active(anon):     780452 kB
Inactive(anon):   203716 kB
Active(file):     507728 kB
Inactive(file):   507036 kB
Unevictable:       12456 kB
Mlocked:               0 kB
SwapTotal:        720184 kB
SwapFree:         720156 kB
Dirty:                28 kB
Writeback:             0 kB
AnonPages:        950928 kB
Mapped:           658928 kB
Shmem:             33216 kB
Slab:             120188 kB
SReclaimable:      39500 kB
SUnreclaim:        80688 kB
KernelStack:       32896 kB
PageTables:        56024 kB
NFS_Unstable:          0 kB
Bounce:                0 kB
WritebackTmp:          0 kB
CommitLimit:     2172840 kB
Committed_AS:   91476088 kB
VmallocTotal:   251658176 kB
VmallocUsed:      137180 kB
VmallocChunk:   251407404 kB
Time pass: 271 sec

---2015-12-05 14:07:44
MemTotal:        2905316 kB
MemFree:          140996 kB
Buffers:           25000 kB
Cached:          1035512 kB
SwapCached:            0 kB
Active:          1288796 kB
Inactive:         710820 kB
Active(anon):     781060 kB
Inactive(anon):   203776 kB
Active(file):     507736 kB
Inactive(file):   507044 kB
Unevictable:       12456 kB
Mlocked:               0 kB
SwapTotal:        720184 kB
SwapFree:         720156 kB
Dirty:                28 kB
Writeback:             0 kB
AnonPages:        951520 kB
Mapped:           659004 kB
Shmem:             33276 kB
Slab:             120192 kB
SReclaimable:      39500 kB
SUnreclaim:        80692 kB
KernelStack:       32896 kB
PageTables:        56076 kB
NFS_Unstable:          0 kB
Bounce:                0 kB
WritebackTmp:          0 kB
CommitLimit:     2172840 kB
Committed_AS:   91502724 kB
VmallocTotal:   251658176 kB
VmallocUsed:      137180 kB
VmallocChunk:   251407404 kB
Time pass: 275 sec

---2015-12-05 14:07:44
MemTotal:        2905316 kB
MemFree:          140788 kB
Buffers:           25008 kB
Cached:          1035516 kB
SwapCached:            0 kB
Active:          1288960 kB
Inactive:         710820 kB
Active(anon):     781224 kB
Inactive(anon):   203776 kB
Active(file):     507736 kB
Inactive(file):   507044 kB
Unevictable:       12456 kB
Mlocked:               0 kB
SwapTotal:        720184 kB
SwapFree:         720156 kB
Dirty:                28 kB
Writeback:             0 kB
AnonPages:        951680 kB
Mapped:           659012 kB
Shmem:             33276 kB
Slab:             120196 kB
SReclaimable:      39500 kB
SUnreclaim:        80696 kB
KernelStack:       32864 kB
PageTables:        56080 kB
NFS_Unstable:          0 kB
Bounce:                0 kB
WritebackTmp:          0 kB
CommitLimit:     2172840 kB
Committed_AS:   91502800 kB
VmallocTotal:   251658176 kB
VmallocUsed:      137180 kB
VmallocChunk:   251407404 kB
Time pass: 279 sec

---2015-12-05 14:07:44
MemTotal:        2905316 kB
MemFree:          140880 kB
Buffers:           25008 kB
Cached:          1035516 kB
SwapCached:            0 kB
Active:          1289228 kB
Inactive:         710828 kB
Active(anon):     781488 kB
Inactive(anon):   203776 kB
Active(file):     507740 kB
Inactive(file):   507052 kB
Unevictable:       12456 kB
Mlocked:               0 kB
SwapTotal:        720184 kB
SwapFree:         720156 kB
Dirty:                 0 kB
Writeback:             0 kB
AnonPages:        951848 kB
Mapped:           659020 kB
Shmem:             33276 kB
Slab:             120196 kB
SReclaimable:      39500 kB
SUnreclaim:        80696 kB
KernelStack:       32896 kB
PageTables:        56060 kB
NFS_Unstable:          0 kB
Bounce:                0 kB
WritebackTmp:          0 kB
CommitLimit:     2172840 kB
Committed_AS:   91502680 kB
VmallocTotal:   251658176 kB
VmallocUsed:      137180 kB
VmallocChunk:   251407404 kB
Time pass: 283 sec

---2015-12-05 14:07:44
MemTotal:        2905316 kB
MemFree:          140500 kB
Buffers:           25016 kB
Cached:          1035516 kB
SwapCached:            0 kB
Active:          1289384 kB
Inactive:         710836 kB
Active(anon):     781644 kB
Inactive(anon):   203776 kB
Active(file):     507740 kB
Inactive(file):   507060 kB
Unevictable:       12456 kB
Mlocked:               0 kB
SwapTotal:        720184 kB
SwapFree:         720156 kB
Dirty:                16 kB
Writeback:             0 kB
AnonPages:        951960 kB
Mapped:           659024 kB
Shmem:             33276 kB
Slab:             120196 kB
SReclaimable:      39500 kB
SUnreclaim:        80696 kB
KernelStack:       32848 kB
PageTables:        56076 kB
NFS_Unstable:          0 kB
Bounce:                0 kB
WritebackTmp:          0 kB
CommitLimit:     2172840 kB
Committed_AS:   91502616 kB
VmallocTotal:   251658176 kB
VmallocUsed:      137180 kB
VmallocChunk:   251407404 kB
Time pass: 287 sec

---2015-12-05 14:07:44
MemTotal:        2905316 kB
MemFree:          140192 kB
Buffers:           25032 kB
Cached:          1035520 kB
SwapCached:            0 kB
Active:          1289376 kB
Inactive:         710844 kB
Active(anon):     781632 kB
Inactive(anon):   203776 kB
Active(file):     507744 kB
Inactive(file):   507068 kB
Unevictable:       12456 kB
Mlocked:               0 kB
SwapTotal:        720184 kB
SwapFree:         720156 kB
Dirty:                28 kB
Writeback:             0 kB
AnonPages:        952092 kB
Mapped:           659036 kB
Shmem:             33276 kB
Slab:             120196 kB
SReclaimable:      39500 kB
SUnreclaim:        80696 kB
KernelStack:       32832 kB
PageTables:        56076 kB
NFS_Unstable:          0 kB
Bounce:                0 kB
WritebackTmp:          0 kB
CommitLimit:     2172840 kB
Committed_AS:   91502616 kB
VmallocTotal:   251658176 kB
VmallocUsed:      137180 kB
VmallocChunk:   251407404 kB
Time pass: 291 sec

---2015-12-05 14:07:44
MemTotal:        2905316 kB
MemFree:          140508 kB
Buffers:           25032 kB
Cached:          1035524 kB
SwapCached:            0 kB
Active:          1289464 kB
Inactive:         710856 kB
Active(anon):     781720 kB
Inactive(anon):   203776 kB
Active(file):     507744 kB
Inactive(file):   507080 kB
Unevictable:       12456 kB
Mlocked:               0 kB
SwapTotal:        720184 kB
SwapFree:         720156 kB
Dirty:                28 kB
Writeback:             0 kB
AnonPages:        952176 kB
Mapped:           659036 kB
Shmem:             33276 kB
Slab:             120196 kB
SReclaimable:      39500 kB
SUnreclaim:        80696 kB
KernelStack:       32832 kB
PageTables:        56076 kB
NFS_Unstable:          0 kB
Bounce:                0 kB
WritebackTmp:          0 kB
CommitLimit:     2172840 kB
Committed_AS:   91502616 kB
VmallocTotal:   251658176 kB
VmallocUsed:      137180 kB
VmallocChunk:   251407404 kB
Time pass: 294 sec

---2015-12-05 14:07:44
MemTotal:        2905316 kB
MemFree:          140080 kB
Buffers:           25040 kB
Cached:          1035544 kB
SwapCached:            0 kB
Active:          1289640 kB
Inactive:         710860 kB
Active(anon):     781896 kB
Inactive(anon):   203776 kB
Active(file):     507744 kB
Inactive(file):   507084 kB
Unevictable:       12456 kB
Mlocked:               0 kB
SwapTotal:        720184 kB
SwapFree:         720156 kB
Dirty:                 8 kB
Writeback:             0 kB
AnonPages:        952356 kB
Mapped:           659048 kB
Shmem:             33276 kB
Slab:             120196 kB
SReclaimable:      39500 kB
SUnreclaim:        80696 kB
KernelStack:       32832 kB
PageTables:        56072 kB
NFS_Unstable:          0 kB
Bounce:                0 kB
WritebackTmp:          0 kB
CommitLimit:     2172840 kB
Committed_AS:   91502604 kB
VmallocTotal:   251658176 kB
VmallocUsed:      137180 kB
VmallocChunk:   251407404 kB
Time pass: 298 sec

---2015-12-05 14:07:44
MemTotal:        2905316 kB
MemFree:          139708 kB
Buffers:           25048 kB
Cached:          1035552 kB
SwapCached:            0 kB
Active:          1290072 kB
Inactive:         710884 kB
Active(anon):     782316 kB
Inactive(anon):   203776 kB
Active(file):     507756 kB
Inactive(file):   507108 kB
Unevictable:       12456 kB
Mlocked:               0 kB
SwapTotal:        720184 kB
SwapFree:         720156 kB
Dirty:                20 kB
Writeback:             0 kB
AnonPages:        952916 kB
Mapped:           659068 kB
Shmem:             33276 kB
Slab:             120196 kB
SReclaimable:      39500 kB
SUnreclaim:        80696 kB
KernelStack:       32848 kB
PageTables:        56076 kB
NFS_Unstable:          0 kB
Bounce:                0 kB
WritebackTmp:          0 kB
CommitLimit:     2172840 kB
Committed_AS:   91502636 kB
VmallocTotal:   251658176 kB
VmallocUsed:      137180 kB
VmallocChunk:   251407404 kB
Time pass: 302 sec

---2015-12-05 14:07:44
MemTotal:        2905316 kB
MemFree:          139508 kB
Buffers:           25048 kB
Cached:          1035616 kB
SwapCached:            0 kB
Active:          1290632 kB
Inactive:         710924 kB
Active(anon):     782872 kB
Inactive(anon):   203812 kB
Active(file):     507760 kB
Inactive(file):   507112 kB
Unevictable:       12456 kB
Mlocked:               0 kB
SwapTotal:        720184 kB
SwapFree:         720156 kB
Dirty:                 4 kB
Writeback:             0 kB
AnonPages:        953352 kB
Mapped:           659068 kB
Shmem:             33336 kB
Slab:             120196 kB
SReclaimable:      39500 kB
SUnreclaim:        80696 kB
KernelStack:       32880 kB
PageTables:        56104 kB
NFS_Unstable:          0 kB
Bounce:                0 kB
WritebackTmp:          0 kB
CommitLimit:     2172840 kB
Committed_AS:   91529348 kB
VmallocTotal:   251658176 kB
VmallocUsed:      137180 kB
VmallocChunk:   251407404 kB
Time pass: 306 sec

---2015-12-05 14:07:44
MemTotal:        2905316 kB
MemFree:          139408 kB
Buffers:           25056 kB
Cached:          1035616 kB
SwapCached:            0 kB
Active:          1290908 kB
Inactive:         710924 kB
Active(anon):     783148 kB
Inactive(anon):   203812 kB
Active(file):     507760 kB
Inactive(file):   507112 kB
Unevictable:       12456 kB
Mlocked:               0 kB
SwapTotal:        720184 kB
SwapFree:         720156 kB
Dirty:                24 kB
Writeback:             0 kB
AnonPages:        953516 kB
Mapped:           659104 kB
Shmem:             33336 kB
Slab:             120196 kB
SReclaimable:      39500 kB
SUnreclaim:        80696 kB
KernelStack:       32880 kB
PageTables:        56104 kB
NFS_Unstable:          0 kB
Bounce:                0 kB
WritebackTmp:          0 kB
CommitLimit:     2172840 kB
Committed_AS:   91529336 kB
VmallocTotal:   251658176 kB
VmallocUsed:      137180 kB
VmallocChunk:   251407404 kB
Time pass: 310 sec

---2015-12-05 14:07:44
MemTotal:        2905316 kB
MemFree:          139192 kB
Buffers:           25056 kB
Cached:          1035616 kB
SwapCached:            0 kB
Active:          1290884 kB
Inactive:         710928 kB
Active(anon):     783120 kB
Inactive(anon):   203812 kB
Active(file):     507764 kB
Inactive(file):   507116 kB
Unevictable:       12456 kB
Mlocked:               0 kB
SwapTotal:        720184 kB
SwapFree:         720156 kB
Dirty:                 8 kB
Writeback:             0 kB
AnonPages:        953604 kB
Mapped:           659108 kB
Shmem:             33336 kB
Slab:             120196 kB
SReclaimable:      39500 kB
SUnreclaim:        80696 kB
KernelStack:       32848 kB
PageTables:        56104 kB
NFS_Unstable:          0 kB
Bounce:                0 kB
WritebackTmp:          0 kB
CommitLimit:     2172840 kB
Committed_AS:   91529312 kB
VmallocTotal:   251658176 kB
VmallocUsed:      137180 kB
VmallocChunk:   251407404 kB
Time pass: 314 sec

---2015-12-05 14:07:44
MemTotal:        2905316 kB
MemFree:          138952 kB
Buffers:           25064 kB
Cached:          1035620 kB
SwapCached:            0 kB
Active:          1290888 kB
Inactive:         710960 kB
Active(anon):     783120 kB
Inactive(anon):   203836 kB
Active(file):     507768 kB
Inactive(file):   507124 kB
Unevictable:       12456 kB
Mlocked:               0 kB
SwapTotal:        720184 kB
SwapFree:         720156 kB
Dirty:                 8 kB
Writeback:             0 kB
AnonPages:        953760 kB
Mapped:           659116 kB
Shmem:             33336 kB
Slab:             120196 kB
SReclaimable:      39500 kB
SUnreclaim:        80696 kB
KernelStack:       32848 kB
PageTables:        56104 kB
NFS_Unstable:          0 kB
Bounce:                0 kB
WritebackTmp:          0 kB
CommitLimit:     2172840 kB
Committed_AS:   91529280 kB
VmallocTotal:   251658176 kB
VmallocUsed:      137180 kB
VmallocChunk:   251407404 kB
Time pass: 317 sec

---2015-12-05 14:07:44
MemTotal:        2905316 kB
MemFree:          138744 kB
Buffers:           25072 kB
Cached:          1035620 kB
SwapCached:            0 kB
Active:          1291196 kB
Inactive:         710968 kB
Active(anon):     783428 kB
Inactive(anon):   203836 kB
Active(file):     507768 kB
Inactive(file):   507132 kB
Unevictable:       12456 kB
Mlocked:               0 kB
SwapTotal:        720184 kB
SwapFree:         720156 kB
Dirty:                 4 kB
Writeback:             0 kB
AnonPages:        953860 kB
Mapped:           659120 kB
Shmem:             33336 kB
Slab:             120196 kB
SReclaimable:      39500 kB
SUnreclaim:        80696 kB
KernelStack:       32816 kB
PageTables:        56104 kB
NFS_Unstable:          0 kB
Bounce:                0 kB
WritebackTmp:          0 kB
CommitLimit:     2172840 kB
Committed_AS:   91529252 kB
VmallocTotal:   251658176 kB
VmallocUsed:      137180 kB
VmallocChunk:   251407404 kB
Time pass: 321 sec

---2015-12-05 14:07:44
MemTotal:        2905316 kB
MemFree:          138404 kB
Buffers:           25080 kB
Cached:          1035624 kB
SwapCached:            0 kB
Active:          1291404 kB
Inactive:         710972 kB
Active(anon):     783632 kB
Inactive(anon):   203836 kB
Active(file):     507772 kB
Inactive(file):   507136 kB
Unevictable:       12456 kB
Mlocked:               0 kB
SwapTotal:        720184 kB
SwapFree:         720156 kB
Dirty:                16 kB
Writeback:             0 kB
AnonPages:        954012 kB
Mapped:           659128 kB
Shmem:             33336 kB
Slab:             120196 kB
SReclaimable:      39500 kB
SUnreclaim:        80696 kB
KernelStack:       32800 kB
PageTables:        56104 kB
NFS_Unstable:          0 kB
Bounce:                0 kB
WritebackTmp:          0 kB
CommitLimit:     2172840 kB
Committed_AS:   91529228 kB
VmallocTotal:   251658176 kB
VmallocUsed:      137180 kB
VmallocChunk:   251407404 kB
Time pass: 325 sec

---2015-12-05 14:07:44
MemTotal:        2905316 kB
MemFree:          137852 kB
Buffers:           25088 kB
Cached:          1035620 kB
SwapCached:            0 kB
Active:          1291736 kB
Inactive:         710980 kB
Active(anon):     783964 kB
Inactive(anon):   203836 kB
Active(file):     507772 kB
Inactive(file):   507144 kB
Unevictable:       12456 kB
Mlocked:               0 kB
SwapTotal:        720184 kB
SwapFree:         720156 kB
Dirty:                16 kB
Writeback:             0 kB
AnonPages:        954356 kB
Mapped:           659128 kB
Shmem:             33336 kB
Slab:             120196 kB
SReclaimable:      39500 kB
SUnreclaim:        80696 kB
KernelStack:       32832 kB
PageTables:        56104 kB
NFS_Unstable:          0 kB
Bounce:                0 kB
WritebackTmp:          0 kB
CommitLimit:     2172840 kB
Committed_AS:   91529236 kB
VmallocTotal:   251658176 kB
VmallocUsed:      137180 kB
VmallocChunk:   251407404 kB
Time pass: 329 sec

---2015-12-05 14:07:44
MemTotal:        2905316 kB
MemFree:          138024 kB
Buffers:           25088 kB
Cached:          1035632 kB
SwapCached:            0 kB
Active:          1292180 kB
Inactive:         710992 kB
Active(anon):     784408 kB
Inactive(anon):   203836 kB
Active(file):     507772 kB
Inactive(file):   507156 kB
Unevictable:       12456 kB
Mlocked:               0 kB
SwapTotal:        720184 kB
SwapFree:         720156 kB
Dirty:                12 kB
Writeback:             0 kB
AnonPages:        954880 kB
Mapped:           659160 kB
Shmem:             33336 kB
Slab:             120232 kB
SReclaimable:      39500 kB
SUnreclaim:        80732 kB
KernelStack:       32816 kB
PageTables:        56104 kB
NFS_Unstable:          0 kB
Bounce:                0 kB
WritebackTmp:          0 kB
CommitLimit:     2172840 kB
Committed_AS:   91555872 kB
VmallocTotal:   251658176 kB
VmallocUsed:      137180 kB
VmallocChunk:   251407404 kB
Time pass: 333 sec

---2015-12-05 14:07:44
MemTotal:        2905316 kB
MemFree:          137372 kB
Buffers:           25104 kB
Cached:          1035692 kB
SwapCached:            0 kB
Active:          1292188 kB
Inactive:         711056 kB
Active(anon):     784412 kB
Inactive(anon):   203896 kB
Active(file):     507776 kB
Inactive(file):   507160 kB
Unevictable:       12456 kB
Mlocked:               0 kB
SwapTotal:        720184 kB
SwapFree:         720156 kB
Dirty:                52 kB
Writeback:             0 kB
AnonPages:        955036 kB
Mapped:           659228 kB
Shmem:             33396 kB
Slab:             120240 kB
SReclaimable:      39500 kB
SUnreclaim:        80740 kB
KernelStack:       32816 kB
PageTables:        56156 kB
NFS_Unstable:          0 kB
Bounce:                0 kB
WritebackTmp:          0 kB
CommitLimit:     2172840 kB
Committed_AS:   91555860 kB
VmallocTotal:   251658176 kB
VmallocUsed:      137180 kB
VmallocChunk:   251407404 kB
Time pass: 336 sec

---2015-12-05 14:07:44
MemTotal:        2905316 kB
MemFree:          137016 kB
Buffers:           25112 kB
Cached:          1035696 kB
SwapCached:            0 kB
Active:          1292364 kB
Inactive:         711064 kB
Active(anon):     784584 kB
Inactive(anon):   203896 kB
Active(file):     507780 kB
Inactive(file):   507168 kB
Unevictable:       12456 kB
Mlocked:               0 kB
SwapTotal:        720184 kB
SwapFree:         720156 kB
Dirty:                24 kB
Writeback:             0 kB
AnonPages:        955184 kB
Mapped:           659248 kB
Shmem:             33396 kB
Slab:             120240 kB
SReclaimable:      39500 kB
SUnreclaim:        80740 kB
KernelStack:       32832 kB
PageTables:        56148 kB
NFS_Unstable:          0 kB
Bounce:                0 kB
WritebackTmp:          0 kB
CommitLimit:     2172840 kB
Committed_AS:   91555808 kB
VmallocTotal:   251658176 kB
VmallocUsed:      137180 kB
VmallocChunk:   251407404 kB
Time pass: 340 sec

---2015-12-05 14:07:44
MemTotal:        2905316 kB
MemFree:          137112 kB
Buffers:           25112 kB
Cached:          1035696 kB
SwapCached:            0 kB
Active:          1292564 kB
Inactive:         711072 kB
Active(anon):     784784 kB
Inactive(anon):   203896 kB
Active(file):     507780 kB
Inactive(file):   507176 kB
Unevictable:       12456 kB
Mlocked:               0 kB
SwapTotal:        720184 kB
SwapFree:         720156 kB
Dirty:                28 kB
Writeback:             0 kB
AnonPages:        955300 kB
Mapped:           659256 kB
Shmem:             33396 kB
Slab:             120240 kB
SReclaimable:      39500 kB
SUnreclaim:        80740 kB
KernelStack:       32784 kB
PageTables:        56144 kB
NFS_Unstable:          0 kB
Bounce:                0 kB
WritebackTmp:          0 kB
CommitLimit:     2172840 kB
Committed_AS:   91555808 kB
VmallocTotal:   251658176 kB
VmallocUsed:      137180 kB
VmallocChunk:   251407404 kB
Time pass: 344 sec

---2015-12-05 14:07:44
MemTotal:        2905316 kB
MemFree:          136688 kB
Buffers:           25120 kB
Cached:          1035700 kB
SwapCached:            0 kB
Active:          1292844 kB
Inactive:         711076 kB
Active(anon):     785064 kB
Inactive(anon):   203896 kB
Active(file):     507780 kB
Inactive(file):   507180 kB
Unevictable:       12456 kB
Mlocked:               0 kB
SwapTotal:        720184 kB
SwapFree:         720156 kB
Dirty:                12 kB
Writeback:             0 kB
AnonPages:        955460 kB
Mapped:           659256 kB
Shmem:             33396 kB
Slab:             120240 kB
SReclaimable:      39500 kB
SUnreclaim:        80740 kB
KernelStack:       32816 kB
PageTables:        56148 kB
NFS_Unstable:          0 kB
Bounce:                0 kB
WritebackTmp:          0 kB
CommitLimit:     2172840 kB
Committed_AS:   91555832 kB
VmallocTotal:   251658176 kB
VmallocUsed:      137180 kB
VmallocChunk:   251407404 kB
Time pass: 348 sec

---2015-12-05 14:07:44
MemTotal:        2905316 kB
MemFree:          137080 kB
Buffers:           25128 kB
Cached:          1035700 kB
SwapCached:            0 kB
Active:          1292904 kB
Inactive:         711088 kB
Active(anon):     785120 kB
Inactive(anon):   203896 kB
Active(file):     507784 kB
Inactive(file):   507192 kB
Unevictable:       12456 kB
Mlocked:               0 kB
SwapTotal:        720184 kB
SwapFree:         720156 kB
Dirty:                 8 kB
Writeback:             0 kB
AnonPages:        955636 kB
Mapped:           659264 kB
Shmem:             33396 kB
Slab:             120240 kB
SReclaimable:      39500 kB
SUnreclaim:        80740 kB
KernelStack:       32816 kB
PageTables:        56148 kB
NFS_Unstable:          0 kB
Bounce:                0 kB
WritebackTmp:          0 kB
CommitLimit:     2172840 kB
Committed_AS:   91555808 kB
VmallocTotal:   251658176 kB
VmallocUsed:      137180 kB
VmallocChunk:   251407404 kB
Time pass: 352 sec

---2015-12-05 14:07:44
MemTotal:        2905316 kB
MemFree:          136320 kB
Buffers:           25136 kB
Cached:          1035696 kB
SwapCached:            0 kB
Active:          1293180 kB
Inactive:         711092 kB
Active(anon):     785396 kB
Inactive(anon):   203896 kB
Active(file):     507784 kB
Inactive(file):   507196 kB
Unevictable:       12456 kB
Mlocked:               0 kB
SwapTotal:        720184 kB
SwapFree:         720156 kB
Dirty:                12 kB
Writeback:             8 kB
AnonPages:        955848 kB
Mapped:           659272 kB
Shmem:             33396 kB
Slab:             120240 kB
SReclaimable:      39500 kB
SUnreclaim:        80740 kB
KernelStack:       32816 kB
PageTables:        56152 kB
NFS_Unstable:          0 kB
Bounce:                0 kB
WritebackTmp:          0 kB
CommitLimit:     2172840 kB
Committed_AS:   91555792 kB
VmallocTotal:   251658176 kB
VmallocUsed:      137180 kB
VmallocChunk:   251407404 kB
Time pass: 355 sec

---2015-12-05 14:07:44
MemTotal:        2905316 kB
MemFree:          136168 kB
Buffers:           25136 kB
Cached:          1036072 kB
SwapCached:            0 kB
Active:          1293528 kB
Inactive:         711408 kB
Active(anon):     785740 kB
Inactive(anon):   203896 kB
Active(file):     507788 kB
Inactive(file):   507512 kB
Unevictable:       12456 kB
Mlocked:               0 kB
SwapTotal:        720184 kB
SwapFree:         720156 kB
Dirty:                44 kB
Writeback:             0 kB
AnonPages:        956220 kB
Mapped:           659384 kB
Shmem:             33396 kB
Slab:             120240 kB
SReclaimable:      39500 kB
SUnreclaim:        80740 kB
KernelStack:       32848 kB
PageTables:        56144 kB
NFS_Unstable:          0 kB
Bounce:                0 kB
WritebackTmp:          0 kB
CommitLimit:     2172840 kB
Committed_AS:   91555808 kB
VmallocTotal:   251658176 kB
VmallocUsed:      137180 kB
VmallocChunk:   251407404 kB
Time pass: 359 sec

---2015-12-05 14:07:44
MemTotal:        2905316 kB
MemFree:          134736 kB
Buffers:           25144 kB
Cached:          1036132 kB
SwapCached:            0 kB
Active:          1294428 kB
Inactive:         711508 kB
Active(anon):     786616 kB
Inactive(anon):   203956 kB
Active(file):     507812 kB
Inactive(file):   507552 kB
Unevictable:       12456 kB
Mlocked:               0 kB
SwapTotal:        720184 kB
SwapFree:         720156 kB
Dirty:                56 kB
Writeback:             0 kB
AnonPages:        957084 kB
Mapped:           659452 kB
Shmem:             33456 kB
Slab:             120240 kB
SReclaimable:      39500 kB
SUnreclaim:        80740 kB
KernelStack:       32768 kB
PageTables:        56196 kB
NFS_Unstable:          0 kB
Bounce:                0 kB
WritebackTmp:          0 kB
CommitLimit:     2172840 kB
Committed_AS:   91582428 kB
VmallocTotal:   251658176 kB
VmallocUsed:      137180 kB
VmallocChunk:   251407404 kB
Time pass: 363 sec

---2015-12-05 14:07:44
MemTotal:        2905316 kB
MemFree:          134440 kB
Buffers:           25144 kB
Cached:          1036132 kB
SwapCached:            0 kB
Active:          1294488 kB
Inactive:         711508 kB
Active(anon):     786676 kB
Inactive(anon):   203956 kB
Active(file):     507812 kB
Inactive(file):   507552 kB
Unevictable:       12456 kB
Mlocked:               0 kB
SwapTotal:        720184 kB
SwapFree:         720156 kB
Dirty:                12 kB
Writeback:             0 kB
AnonPages:        957264 kB
Mapped:           659420 kB
Shmem:             33456 kB
Slab:             120240 kB
SReclaimable:      39500 kB
SUnreclaim:        80740 kB
KernelStack:       32768 kB
PageTables:        56168 kB
NFS_Unstable:          0 kB
Bounce:                0 kB
WritebackTmp:          0 kB
CommitLimit:     2172840 kB
Committed_AS:   91582360 kB
VmallocTotal:   251658176 kB
VmallocUsed:      137180 kB
VmallocChunk:   251407404 kB
Time pass: 367 sec

---2015-12-05 14:07:44
MemTotal:        2905316 kB
MemFree:          134116 kB
Buffers:           25160 kB
Cached:          1036140 kB
SwapCached:            0 kB
Active:          1294812 kB
Inactive:         711520 kB
Active(anon):     786992 kB
Inactive(anon):   203956 kB
Active(file):     507820 kB
Inactive(file):   507564 kB
Unevictable:       12456 kB
Mlocked:               0 kB
SwapTotal:        720184 kB
SwapFree:         720156 kB
Dirty:                48 kB
Writeback:             0 kB
AnonPages:        957516 kB
Mapped:           659492 kB
Shmem:             33456 kB
Slab:             120240 kB
SReclaimable:      39500 kB
SUnreclaim:        80740 kB
KernelStack:       32768 kB
PageTables:        56192 kB
NFS_Unstable:          0 kB
Bounce:                0 kB
WritebackTmp:          0 kB
CommitLimit:     2172840 kB
Committed_AS:   91582348 kB
VmallocTotal:   251658176 kB
VmallocUsed:      137180 kB
VmallocChunk:   251407404 kB
Time pass: 371 sec

---2015-12-05 14:07:44
MemTotal:        2905316 kB
MemFree:          133836 kB
Buffers:           25160 kB
Cached:          1036140 kB
SwapCached:            0 kB
Active:          1294988 kB
Inactive:         711524 kB
Active(anon):     787168 kB
Inactive(anon):   203956 kB
Active(file):     507820 kB
Inactive(file):   507568 kB
Unevictable:       12456 kB
Mlocked:               0 kB
SwapTotal:        720184 kB
SwapFree:         720156 kB
Dirty:                 8 kB
Writeback:             0 kB
AnonPages:        957664 kB
Mapped:           659496 kB
Shmem:             33456 kB
Slab:             120240 kB
SReclaimable:      39500 kB
SUnreclaim:        80740 kB
KernelStack:       32768 kB
PageTables:        56192 kB
NFS_Unstable:          0 kB
Bounce:                0 kB
WritebackTmp:          0 kB
CommitLimit:     2172840 kB
Committed_AS:   91582360 kB
VmallocTotal:   251658176 kB
VmallocUsed:      137180 kB
VmallocChunk:   251407404 kB
Time pass: 374 sec

---2015-12-05 14:07:44
MemTotal:        2905316 kB
MemFree:          133992 kB
Buffers:           25168 kB
Cached:          1036144 kB
SwapCached:            0 kB
Active:          1295164 kB
Inactive:         711532 kB
Active(anon):     787340 kB
Inactive(anon):   203956 kB
Active(file):     507824 kB
Inactive(file):   507576 kB
Unevictable:       12456 kB
Mlocked:               0 kB
SwapTotal:        720184 kB
SwapFree:         720156 kB
Dirty:                16 kB
Writeback:             0 kB
AnonPages:        957876 kB
Mapped:           659516 kB
Shmem:             33456 kB
Slab:             120240 kB
SReclaimable:      39500 kB
SUnreclaim:        80740 kB
KernelStack:       32768 kB
PageTables:        56180 kB
NFS_Unstable:          0 kB
Bounce:                0 kB
WritebackTmp:          0 kB
CommitLimit:     2172840 kB
Committed_AS:   91582360 kB
VmallocTotal:   251658176 kB
VmallocUsed:      137180 kB
VmallocChunk:   251407404 kB
Time pass: 378 sec

---2015-12-05 14:07:44
MemTotal:        2905316 kB
MemFree:          133892 kB
Buffers:           25176 kB
Cached:          1036144 kB
SwapCached:            0 kB
Active:          1295280 kB
Inactive:         711540 kB
Active(anon):     787456 kB
Inactive(anon):   203956 kB
Active(file):     507824 kB
Inactive(file):   507584 kB
Unevictable:       12456 kB
Mlocked:               0 kB
SwapTotal:        720184 kB
SwapFree:         720156 kB
Dirty:                16 kB
Writeback:             0 kB
AnonPages:        957928 kB
Mapped:           659508 kB
Shmem:             33456 kB
Slab:             120240 kB
SReclaimable:      39500 kB
SUnreclaim:        80740 kB
KernelStack:       32768 kB
PageTables:        56192 kB
NFS_Unstable:          0 kB
Bounce:                0 kB
WritebackTmp:          0 kB
CommitLimit:     2172840 kB
Committed_AS:   91582348 kB
VmallocTotal:   251658176 kB
VmallocUsed:      137180 kB
VmallocChunk:   251407404 kB
Time pass: 382 sec

---2015-12-05 14:07:44
MemTotal:        2905316 kB
MemFree:          133884 kB
Buffers:           25184 kB
Cached:          1036140 kB
SwapCached:            0 kB
Active:          1295408 kB
Inactive:         711540 kB
Active(anon):     787584 kB
Inactive(anon):   203956 kB
Active(file):     507824 kB
Inactive(file):   507584 kB
Unevictable:       12456 kB
Mlocked:               0 kB
SwapTotal:        720184 kB
SwapFree:         720156 kB
Dirty:                20 kB
Writeback:             0 kB
AnonPages:        958064 kB
Mapped:           659516 kB
Shmem:             33456 kB
Slab:             120236 kB
SReclaimable:      39500 kB
SUnreclaim:        80736 kB
KernelStack:       32752 kB
PageTables:        56192 kB
NFS_Unstable:          0 kB
Bounce:                0 kB
WritebackTmp:          0 kB
CommitLimit:     2172840 kB
Committed_AS:   91582360 kB
VmallocTotal:   251658176 kB
VmallocUsed:      137180 kB
VmallocChunk:   251407404 kB
Time pass: 386 sec

---2015-12-05 14:07:44
MemTotal:        2905316 kB
MemFree:          133480 kB
Buffers:           25184 kB
Cached:          1036148 kB
SwapCached:            0 kB
Active:          1295444 kB
Inactive:         711548 kB
Active(anon):     787616 kB
Inactive(anon):   203956 kB
Active(file):     507828 kB
Inactive(file):   507592 kB
Unevictable:       12456 kB
Mlocked:               0 kB
SwapTotal:        720184 kB
SwapFree:         720156 kB
Dirty:                12 kB
Writeback:             0 kB
AnonPages:        958216 kB
Mapped:           659520 kB
Shmem:             33456 kB
Slab:             120236 kB
SReclaimable:      39500 kB
SUnreclaim:        80736 kB
KernelStack:       32752 kB
PageTables:        56192 kB
NFS_Unstable:          0 kB
Bounce:                0 kB
WritebackTmp:          0 kB
CommitLimit:     2172840 kB
Committed_AS:   91582348 kB
VmallocTotal:   251658176 kB
VmallocUsed:      137180 kB
VmallocChunk:   251407404 kB
Time pass: 390 sec

---2015-12-05 14:07:44
MemTotal:        2905316 kB
MemFree:          133004 kB
Buffers:           25192 kB
Cached:          1036200 kB
SwapCached:            0 kB
Active:          1296696 kB
Inactive:         711592 kB
