---2015-10-26 00:17:40
MemTotal:        1959952 kB
MemFree:          202652 kB
Buffers:            5740 kB
Cached:           701828 kB
SwapCached:         8168 kB
Active:           769712 kB
Inactive:         538096 kB
Active(anon):     382208 kB
Inactive(anon):   220436 kB
Active(file):     387504 kB
Inactive(file):   317660 kB
Unevictable:        1768 kB
Mlocked:               0 kB
HighTotal:       1372556 kB
HighFree:          71072 kB
LowTotal:         587396 kB
LowFree:          131580 kB
SwapTotal:        262140 kB
SwapFree:         130216 kB
Dirty:               792 kB
Writeback:             0 kB
AnonPages:        601264 kB
Mapped:           229268 kB
Shmem:               628 kB
Slab:              69000 kB
SReclaimable:      20124 kB
SUnreclaim:        48876 kB
KernelStack:       17512 kB
PageTables:        29556 kB
NFS_Unstable:          0 kB
Bounce:                0 kB
WritebackTmp:          0 kB
CommitLimit:     1242116 kB
Committed_AS:   58229256 kB
VmallocTotal:     409600 kB
VmallocUsed:       36520 kB
VmallocChunk:      81948 kB
Time pass: 3 sec

---2015-10-26 00:17:40
MemTotal:        1959952 kB
MemFree:          202724 kB
Buffers:            5740 kB
Cached:           701828 kB
SwapCached:         8168 kB
Active:           769764 kB
Inactive:         538096 kB
Active(anon):     382260 kB
Inactive(anon):   220436 kB
Active(file):     387504 kB
Inactive(file):   317660 kB
Unevictable:        1768 kB
Mlocked:               0 kB
HighTotal:       1372556 kB
HighFree:          71004 kB
LowTotal:         587396 kB
LowFree:          131720 kB
SwapTotal:        262140 kB
SwapFree:         130216 kB
Dirty:               792 kB
Writeback:             0 kB
AnonPages:        601436 kB
Mapped:           229268 kB
Shmem:               628 kB
Slab:              69008 kB
SReclaimable:      20128 kB
SUnreclaim:        48880 kB
KernelStack:       17512 kB
PageTables:        29556 kB
NFS_Unstable:          0 kB
Bounce:                0 kB
WritebackTmp:          0 kB
CommitLimit:     1242116 kB
Committed_AS:   58229352 kB
VmallocTotal:     409600 kB
VmallocUsed:       36520 kB
VmallocChunk:      81948 kB
Time pass: 6 sec

---2015-10-26 00:17:40
MemTotal:        1959952 kB
MemFree:          202596 kB
Buffers:            5740 kB
Cached:           701828 kB
SwapCached:         8168 kB
Active:           769864 kB
Inactive:         538096 kB
Active(anon):     382360 kB
Inactive(anon):   220436 kB
Active(file):     387504 kB
Inactive(file):   317660 kB
Unevictable:        1768 kB
Mlocked:               0 kB
HighTotal:       1372556 kB
HighFree:          70892 kB
LowTotal:         587396 kB
LowFree:          131704 kB
SwapTotal:        262140 kB
SwapFree:         130216 kB
Dirty:               792 kB
Writeback:             0 kB
AnonPages:        601416 kB
Mapped:           229268 kB
Shmem:               628 kB
Slab:              69008 kB
SReclaimable:      20128 kB
SUnreclaim:        48880 kB
KernelStack:       17512 kB
PageTables:        29556 kB
NFS_Unstable:          0 kB
Bounce:                0 kB
WritebackTmp:          0 kB
CommitLimit:     1242116 kB
Committed_AS:   58229424 kB
VmallocTotal:     409600 kB
VmallocUsed:       36520 kB
VmallocChunk:      81948 kB
Time pass: 10 sec

---2015-10-26 00:17:40
MemTotal:        1959952 kB
MemFree:          202440 kB
Buffers:            5740 kB
Cached:           701828 kB
SwapCached:         8168 kB
Active:           769948 kB
Inactive:         538096 kB
Active(anon):     382444 kB
Inactive(anon):   220436 kB
Active(file):     387504 kB
Inactive(file):   317660 kB
Unevictable:        1768 kB
Mlocked:               0 kB
HighTotal:       1372556 kB
HighFree:          70736 kB
LowTotal:         587396 kB
LowFree:          131704 kB
SwapTotal:        262140 kB
SwapFree:         130216 kB
Dirty:               792 kB
Writeback:             0 kB
AnonPages:        601620 kB
Mapped:           229268 kB
Shmem:               628 kB
Slab:              69008 kB
SReclaimable:      20128 kB
SUnreclaim:        48880 kB
KernelStack:       17512 kB
PageTables:        29556 kB
NFS_Unstable:          0 kB
Bounce:                0 kB
WritebackTmp:          0 kB
CommitLimit:     1242116 kB
Committed_AS:   58229520 kB
VmallocTotal:     409600 kB
VmallocUsed:       36520 kB
VmallocChunk:      81948 kB
Time pass: 14 sec

---2015-10-26 00:17:40
MemTotal:        1959952 kB
MemFree:          202188 kB
Buffers:            5740 kB
Cached:           701828 kB
SwapCached:         8168 kB
Active:           770444 kB
Inactive:         538096 kB
Active(anon):     382940 kB
Inactive(anon):   220436 kB
Active(file):     387504 kB
Inactive(file):   317660 kB
Unevictable:        1768 kB
Mlocked:               0 kB
HighTotal:       1372556 kB
HighFree:          70484 kB
LowTotal:         587396 kB
LowFree:          131704 kB
SwapTotal:        262140 kB
SwapFree:         130216 kB
Dirty:               832 kB
Writeback:             0 kB
AnonPages:        602028 kB
Mapped:           229268 kB
Shmem:               628 kB
Slab:              69012 kB
SReclaimable:      20128 kB
SUnreclaim:        48884 kB
KernelStack:       17512 kB
PageTables:        29556 kB
NFS_Unstable:          0 kB
Bounce:                0 kB
WritebackTmp:          0 kB
CommitLimit:     1242116 kB
Committed_AS:   58229808 kB
VmallocTotal:     409600 kB
VmallocUsed:       36520 kB
VmallocChunk:      81948 kB
Time pass: 17 sec

---2015-10-26 00:17:40
MemTotal:        1959952 kB
MemFree:          201628 kB
Buffers:            5740 kB
Cached:           701828 kB
SwapCached:         8168 kB
Active:           770792 kB
Inactive:         538096 kB
Active(anon):     383288 kB
Inactive(anon):   220436 kB
Active(file):     387504 kB
Inactive(file):   317660 kB
Unevictable:        1768 kB
Mlocked:               0 kB
HighTotal:       1372556 kB
HighFree:          69924 kB
LowTotal:         587396 kB
LowFree:          131704 kB
SwapTotal:        262140 kB
SwapFree:         130216 kB
Dirty:               792 kB
Writeback:             0 kB
AnonPages:        602072 kB
Mapped:           229268 kB
Shmem:               628 kB
Slab:              69012 kB
SReclaimable:      20132 kB
SUnreclaim:        48880 kB
KernelStack:       17512 kB
PageTables:        29556 kB
NFS_Unstable:          0 kB
Bounce:                0 kB
WritebackTmp:          0 kB
CommitLimit:     1242116 kB
Committed_AS:   58229888 kB
VmallocTotal:     409600 kB
VmallocUsed:       36520 kB
VmallocChunk:      81948 kB
Time pass: 21 sec

---2015-10-26 00:17:40
MemTotal:        1959952 kB
MemFree:          201688 kB
Buffers:            5740 kB
Cached:           701828 kB
SwapCached:         8168 kB
Active:           770844 kB
Inactive:         538096 kB
Active(anon):     383340 kB
Inactive(anon):   220436 kB
Active(file):     387504 kB
Inactive(file):   317660 kB
Unevictable:        1768 kB
Mlocked:               0 kB
HighTotal:       1372556 kB
HighFree:          69984 kB
LowTotal:         587396 kB
LowFree:          131704 kB
SwapTotal:        262140 kB
SwapFree:         130216 kB
Dirty:               792 kB
Writeback:             0 kB
AnonPages:        602184 kB
Mapped:           229284 kB
Shmem:               628 kB
Slab:              69012 kB
SReclaimable:      20132 kB
SUnreclaim:        48880 kB
KernelStack:       17512 kB
PageTables:        29556 kB
NFS_Unstable:          0 kB
Bounce:                0 kB
WritebackTmp:          0 kB
CommitLimit:     1242116 kB
Committed_AS:   58229968 kB
VmallocTotal:     409600 kB
VmallocUsed:       36520 kB
VmallocChunk:      81948 kB
Time pass: 25 sec

---2015-10-26 00:17:40
MemTotal:        1959952 kB
MemFree:          201412 kB
Buffers:            5740 kB
Cached:           701828 kB
SwapCached:         8168 kB
Active:           770924 kB
Inactive:         538096 kB
Active(anon):     383420 kB
Inactive(anon):   220436 kB
Active(file):     387504 kB
Inactive(file):   317660 kB
Unevictable:        1768 kB
Mlocked:               0 kB
HighTotal:       1372556 kB
HighFree:          69708 kB
LowTotal:         587396 kB
LowFree:          131704 kB
SwapTotal:        262140 kB
SwapFree:         130216 kB
Dirty:               792 kB
Writeback:             0 kB
AnonPages:        602352 kB
Mapped:           229392 kB
Shmem:               628 kB
Slab:              69012 kB
SReclaimable:      20132 kB
SUnreclaim:        48880 kB
KernelStack:       17512 kB
PageTables:        29540 kB
NFS_Unstable:          0 kB
Bounce:                0 kB
WritebackTmp:          0 kB
CommitLimit:     1242116 kB
Committed_AS:   58230056 kB
VmallocTotal:     409600 kB
VmallocUsed:       36520 kB
VmallocChunk:      81948 kB
Time pass: 28 sec

---2015-10-26 00:17:40
MemTotal:        1959952 kB
MemFree:          201520 kB
Buffers:            5740 kB
Cached:           701828 kB
SwapCached:         8168 kB
Active:           770972 kB
Inactive:         538096 kB
Active(anon):     383468 kB
Inactive(anon):   220436 kB
Active(file):     387504 kB
Inactive(file):   317660 kB
Unevictable:        1768 kB
Mlocked:               0 kB
HighTotal:       1372556 kB
HighFree:          69816 kB
LowTotal:         587396 kB
LowFree:          131704 kB
SwapTotal:        262140 kB
SwapFree:         130216 kB
Dirty:               792 kB
Writeback:             0 kB
AnonPages:        602448 kB
Mapped:           229284 kB
Shmem:               628 kB
Slab:              69012 kB
SReclaimable:      20132 kB
SUnreclaim:        48880 kB
KernelStack:       17512 kB
PageTables:        29556 kB
NFS_Unstable:          0 kB
Bounce:                0 kB
WritebackTmp:          0 kB
CommitLimit:     1242116 kB
Committed_AS:   58230144 kB
VmallocTotal:     409600 kB
VmallocUsed:       36520 kB
VmallocChunk:      81948 kB
Time pass: 32 sec

---2015-10-26 00:17:40
MemTotal:        1959952 kB
MemFree:          201752 kB
Buffers:            5740 kB
Cached:           701828 kB
SwapCached:         8168 kB
Active:           771056 kB
Inactive:         538096 kB
Active(anon):     383552 kB
Inactive(anon):   220436 kB
Active(file):     387504 kB
Inactive(file):   317660 kB
Unevictable:        1768 kB
Mlocked:               0 kB
HighTotal:       1372556 kB
HighFree:          69908 kB
LowTotal:         587396 kB
LowFree:          131844 kB
SwapTotal:        262140 kB
SwapFree:         130216 kB
Dirty:               792 kB
Writeback:             0 kB
AnonPages:        602516 kB
Mapped:           229160 kB
Shmem:               628 kB
Slab:              69012 kB
SReclaimable:      20132 kB
SUnreclaim:        48880 kB
KernelStack:       17512 kB
PageTables:        29540 kB
NFS_Unstable:          0 kB
Bounce:                0 kB
WritebackTmp:          0 kB
CommitLimit:     1242116 kB
Committed_AS:   58230224 kB
VmallocTotal:     409600 kB
VmallocUsed:       36520 kB
VmallocChunk:      81948 kB
Time pass: 36 sec

---2015-10-26 00:17:40
MemTotal:        1959952 kB
MemFree:          201248 kB
Buffers:            5740 kB
Cached:           701828 kB
SwapCached:         8168 kB
Active:           771164 kB
Inactive:         538096 kB
Active(anon):     383660 kB
Inactive(anon):   220436 kB
Active(file):     387504 kB
Inactive(file):   317660 kB
Unevictable:        1768 kB
Mlocked:               0 kB
HighTotal:       1372556 kB
HighFree:          69512 kB
LowTotal:         587396 kB
LowFree:          131736 kB
SwapTotal:        262140 kB
SwapFree:         130216 kB
Dirty:               792 kB
Writeback:             0 kB
AnonPages:        603012 kB
Mapped:           229284 kB
Shmem:               628 kB
Slab:              68980 kB
SReclaimable:      20132 kB
SUnreclaim:        48848 kB
KernelStack:       17512 kB
PageTables:        29556 kB
NFS_Unstable:          0 kB
Bounce:                0 kB
WritebackTmp:          0 kB
CommitLimit:     1242116 kB
Committed_AS:   58230412 kB
VmallocTotal:     409600 kB
VmallocUsed:       36520 kB
VmallocChunk:      81948 kB
Time pass: 39 sec

---2015-10-26 00:17:40
MemTotal:        1959952 kB
MemFree:          201852 kB
Buffers:            5740 kB
Cached:           701828 kB
SwapCached:         8168 kB
Active:           770612 kB
Inactive:         538096 kB
Active(anon):     383108 kB
Inactive(anon):   220436 kB
Active(file):     387504 kB
Inactive(file):   317660 kB
Unevictable:        1768 kB
Mlocked:               0 kB
HighTotal:       1372556 kB
HighFree:          70116 kB
LowTotal:         587396 kB
LowFree:          131736 kB
SwapTotal:        262140 kB
SwapFree:         130216 kB
Dirty:               792 kB
Writeback:             0 kB
AnonPages:        602276 kB
Mapped:           229296 kB
Shmem:               628 kB
Slab:              69016 kB
SReclaimable:      20132 kB
SUnreclaim:        48884 kB
KernelStack:       17512 kB
PageTables:        29556 kB
NFS_Unstable:          0 kB
Bounce:                0 kB
WritebackTmp:          0 kB
CommitLimit:     1242116 kB
Committed_AS:   58228700 kB
VmallocTotal:     409600 kB
VmallocUsed:       36520 kB
VmallocChunk:      81948 kB
Time pass: 43 sec

---2015-10-26 00:17:40
MemTotal:        1959952 kB
MemFree:          202612 kB
Buffers:            5740 kB
Cached:           701828 kB
SwapCached:         8168 kB
Active:           769896 kB
Inactive:         538096 kB
Active(anon):     382392 kB
Inactive(anon):   220436 kB
Active(file):     387504 kB
Inactive(file):   317660 kB
Unevictable:        1768 kB
Mlocked:               0 kB
HighTotal:       1372556 kB
HighFree:          70868 kB
LowTotal:         587396 kB
LowFree:          131744 kB
SwapTotal:        262140 kB
SwapFree:         130216 kB
Dirty:               792 kB
Writeback:             0 kB
AnonPages:        601480 kB
Mapped:           229292 kB
Shmem:               628 kB
Slab:              68988 kB
SReclaimable:      20132 kB
SUnreclaim:        48856 kB
KernelStack:       17504 kB
PageTables:        29556 kB
NFS_Unstable:          0 kB
Bounce:                0 kB
WritebackTmp:          0 kB
CommitLimit:     1242116 kB
Committed_AS:   58228880 kB
VmallocTotal:     409600 kB
VmallocUsed:       36520 kB
VmallocChunk:      81948 kB
Time pass: 46 sec

---2015-10-26 00:17:40
MemTotal:        1959952 kB
MemFree:          202480 kB
Buffers:            5740 kB
Cached:           701828 kB
SwapCached:         8168 kB
Active:           769980 kB
Inactive:         538096 kB
Active(anon):     382476 kB
Inactive(anon):   220436 kB
Active(file):     387504 kB
Inactive(file):   317660 kB
Unevictable:        1768 kB
Mlocked:               0 kB
HighTotal:       1372556 kB
HighFree:          70764 kB
LowTotal:         587396 kB
LowFree:          131716 kB
SwapTotal:        262140 kB
SwapFree:         130216 kB
Dirty:               792 kB
Writeback:             0 kB
AnonPages:        601556 kB
Mapped:           229304 kB
Shmem:               628 kB
Slab:              68884 kB
SReclaimable:      20132 kB
SUnreclaim:        48752 kB
KernelStack:       17504 kB
PageTables:        29556 kB
NFS_Unstable:          0 kB
Bounce:                0 kB
WritebackTmp:          0 kB
CommitLimit:     1242116 kB
Committed_AS:   58229060 kB
VmallocTotal:     409600 kB
VmallocUsed:       36520 kB
VmallocChunk:      81948 kB
Time pass: 50 sec

---2015-10-26 00:17:40
MemTotal:        1959952 kB
MemFree:          202252 kB
Buffers:            5740 kB
Cached:           701828 kB
SwapCached:         8168 kB
Active:           770128 kB
Inactive:         538096 kB
Active(anon):     382624 kB
Inactive(anon):   220436 kB
Active(file):     387504 kB
Inactive(file):   317660 kB
Unevictable:        1768 kB
Mlocked:               0 kB
HighTotal:       1372556 kB
HighFree:          70536 kB
LowTotal:         587396 kB
LowFree:          131716 kB
SwapTotal:        262140 kB
SwapFree:         130216 kB
Dirty:               792 kB
Writeback:             0 kB
AnonPages:        601740 kB
Mapped:           229304 kB
Shmem:               628 kB
Slab:              68904 kB
SReclaimable:      20132 kB
SUnreclaim:        48772 kB
KernelStack:       17504 kB
PageTables:        29556 kB
NFS_Unstable:          0 kB
Bounce:                0 kB
WritebackTmp:          0 kB
CommitLimit:     1242116 kB
Committed_AS:   58229072 kB
VmallocTotal:     409600 kB
VmallocUsed:       36520 kB
VmallocChunk:      81948 kB
Time pass: 54 sec

---2015-10-26 00:17:40
MemTotal:        1959952 kB
MemFree:          202072 kB
Buffers:            5740 kB
Cached:           701828 kB
SwapCached:         8168 kB
Active:           770140 kB
Inactive:         538096 kB
Active(anon):     382636 kB
Inactive(anon):   220436 kB
Active(file):     387504 kB
Inactive(file):   317660 kB
Unevictable:        1768 kB
Mlocked:               0 kB
HighTotal:       1372556 kB
HighFree:          70356 kB
LowTotal:         587396 kB
LowFree:          131716 kB
SwapTotal:        262140 kB
SwapFree:         130216 kB
Dirty:               792 kB
Writeback:             0 kB
AnonPages:        601772 kB
Mapped:           229304 kB
Shmem:               628 kB
Slab:              68884 kB
SReclaimable:      20132 kB
SUnreclaim:        48752 kB
KernelStack:       17504 kB
PageTables:        29556 kB
NFS_Unstable:          0 kB
Bounce:                0 kB
WritebackTmp:          0 kB
CommitLimit:     1242116 kB
Committed_AS:   58229312 kB
VmallocTotal:     409600 kB
VmallocUsed:       36520 kB
VmallocChunk:      81948 kB
Time pass: 57 sec

---2015-10-26 00:17:40
MemTotal:        1959952 kB
MemFree:          201776 kB
Buffers:            5740 kB
Cached:           701828 kB
SwapCached:         8168 kB
Active:           770384 kB
Inactive:         538096 kB
Active(anon):     382880 kB
Inactive(anon):   220436 kB
Active(file):     387504 kB
Inactive(file):   317660 kB
Unevictable:        1768 kB
Mlocked:               0 kB
HighTotal:       1372556 kB
HighFree:          70052 kB
LowTotal:         587396 kB
LowFree:          131724 kB
SwapTotal:        262140 kB
SwapFree:         130216 kB
Dirty:               792 kB
Writeback:             0 kB
AnonPages:        602072 kB
Mapped:           229304 kB
Shmem:               628 kB
Slab:              68852 kB
SReclaimable:      20132 kB
SUnreclaim:        48720 kB
KernelStack:       17504 kB
PageTables:        29560 kB
NFS_Unstable:          0 kB
Bounce:                0 kB
WritebackTmp:          0 kB
CommitLimit:     1242116 kB
Committed_AS:   58229408 kB
VmallocTotal:     409600 kB
VmallocUsed:       36520 kB
VmallocChunk:      81948 kB
Time pass: 61 sec

---2015-10-26 00:17:40
MemTotal:        1959952 kB
MemFree:          202172 kB
Buffers:            5740 kB
Cached:           701828 kB
SwapCached:         8168 kB
Active:           770428 kB
Inactive:         538096 kB
Active(anon):     382924 kB
Inactive(anon):   220436 kB
Active(file):     387504 kB
Inactive(file):   317660 kB
Unevictable:        1768 kB
Mlocked:               0 kB
HighTotal:       1372556 kB
HighFree:          70284 kB
LowTotal:         587396 kB
LowFree:          131888 kB
SwapTotal:        262140 kB
SwapFree:         130216 kB
Dirty:               792 kB
Writeback:             0 kB
AnonPages:        602144 kB
Mapped:           229304 kB
Shmem:               628 kB
Slab:              68868 kB
SReclaimable:      20132 kB
SUnreclaim:        48736 kB
KernelStack:       17504 kB
PageTables:        29556 kB
NFS_Unstable:          0 kB
Bounce:                0 kB
WritebackTmp:          0 kB
CommitLimit:     1242116 kB
Committed_AS:   58229492 kB
VmallocTotal:     409600 kB
VmallocUsed:       36520 kB
VmallocChunk:      81948 kB
Time pass: 64 sec

---2015-10-26 00:17:40
MemTotal:        1959952 kB
MemFree:          201892 kB
Buffers:            5740 kB
Cached:           701828 kB
SwapCached:         8168 kB
Active:           770648 kB
Inactive:         538096 kB
Active(anon):     383144 kB
Inactive(anon):   220436 kB
Active(file):     387504 kB
Inactive(file):   317660 kB
Unevictable:        1768 kB
Mlocked:               0 kB
HighTotal:       1372556 kB
HighFree:          69988 kB
LowTotal:         587396 kB
LowFree:          131904 kB
SwapTotal:        262140 kB
SwapFree:         130216 kB
Dirty:               792 kB
Writeback:             0 kB
AnonPages:        602264 kB
Mapped:           229304 kB
Shmem:               628 kB
Slab:              68828 kB
SReclaimable:      20140 kB
SUnreclaim:        48688 kB
KernelStack:       17504 kB
PageTables:        29556 kB
NFS_Unstable:          0 kB
Bounce:                0 kB
WritebackTmp:          0 kB
CommitLimit:     1242116 kB
Committed_AS:   58229580 kB
VmallocTotal:     409600 kB
VmallocUsed:       36520 kB
VmallocChunk:      81948 kB
Time pass: 68 sec

---2015-10-26 00:17:40
MemTotal:        1959952 kB
MemFree:          201736 kB
Buffers:            5740 kB
Cached:           701828 kB
SwapCached:         8168 kB
Active:           770796 kB
Inactive:         538096 kB
Active(anon):     383292 kB
Inactive(anon):   220436 kB
Active(file):     387504 kB
Inactive(file):   317660 kB
Unevictable:        1768 kB
Mlocked:               0 kB
HighTotal:       1372556 kB
HighFree:          69956 kB
LowTotal:         587396 kB
LowFree:          131780 kB
SwapTotal:        262140 kB
SwapFree:         130216 kB
Dirty:               792 kB
Writeback:             0 kB
AnonPages:        602400 kB
Mapped:           229348 kB
Shmem:               628 kB
Slab:              68796 kB
SReclaimable:      20140 kB
SUnreclaim:        48656 kB
KernelStack:       17520 kB
PageTables:        29568 kB
NFS_Unstable:          0 kB
Bounce:                0 kB
WritebackTmp:          0 kB
CommitLimit:     1242116 kB
Committed_AS:   58229624 kB
VmallocTotal:     409600 kB
VmallocUsed:       36520 kB
VmallocChunk:      81948 kB
Time pass: 71 sec

---2015-10-26 00:17:40
MemTotal:        1959952 kB
MemFree:          201572 kB
Buffers:            5740 kB
Cached:           701828 kB
SwapCached:         8168 kB
Active:           770860 kB
Inactive:         538096 kB
Active(anon):     383356 kB
Inactive(anon):   220436 kB
Active(file):     387504 kB
Inactive(file):   317660 kB
Unevictable:        1768 kB
Mlocked:               0 kB
HighTotal:       1372556 kB
HighFree:          69736 kB
LowTotal:         587396 kB
LowFree:          131836 kB
SwapTotal:        262140 kB
SwapFree:         130216 kB
Dirty:               792 kB
Writeback:             0 kB
AnonPages:        602428 kB
Mapped:           229304 kB
Shmem:               628 kB
Slab:              68772 kB
SReclaimable:      20148 kB
SUnreclaim:        48624 kB
KernelStack:       17504 kB
PageTables:        29556 kB
NFS_Unstable:          0 kB
Bounce:                0 kB
WritebackTmp:          0 kB
CommitLimit:     1242116 kB
Committed_AS:   58229748 kB
VmallocTotal:     409600 kB
VmallocUsed:       36520 kB
VmallocChunk:      81948 kB
Time pass: 75 sec

---2015-10-26 00:17:40
MemTotal:        1959952 kB
MemFree:          201168 kB
Buffers:            5740 kB
Cached:           701836 kB
SwapCached:         8168 kB
Active:           771352 kB
Inactive:         538096 kB
Active(anon):     383844 kB
Inactive(anon):   220432 kB
Active(file):     387508 kB
Inactive(file):   317664 kB
Unevictable:        1768 kB
Mlocked:               0 kB
HighTotal:       1372556 kB
HighFree:          69396 kB
LowTotal:         587396 kB
LowFree:          131772 kB
SwapTotal:        262140 kB
SwapFree:         130216 kB
Dirty:               828 kB
Writeback:             0 kB
AnonPages:        602784 kB
Mapped:           229304 kB
Shmem:               628 kB
Slab:              68836 kB
SReclaimable:      20148 kB
SUnreclaim:        48688 kB
KernelStack:       17504 kB
PageTables:        29556 kB
NFS_Unstable:          0 kB
Bounce:                0 kB
WritebackTmp:          0 kB
CommitLimit:     1242116 kB
Committed_AS:   58230016 kB
VmallocTotal:     409600 kB
VmallocUsed:       36520 kB
VmallocChunk:      81948 kB
Time pass: 78 sec

---2015-10-26 00:17:40
MemTotal:        1959952 kB
MemFree:          200976 kB
Buffers:            5740 kB
Cached:           701836 kB
SwapCached:         8168 kB
Active:           771424 kB
Inactive:         538096 kB
Active(anon):     383916 kB
Inactive(anon):   220432 kB
Active(file):     387508 kB
Inactive(file):   317664 kB
Unevictable:        1768 kB
Mlocked:               0 kB
HighTotal:       1372556 kB
HighFree:          69204 kB
LowTotal:         587396 kB
LowFree:          131772 kB
SwapTotal:        262140 kB
SwapFree:         130216 kB
Dirty:               792 kB
Writeback:             0 kB
AnonPages:        602884 kB
Mapped:           229304 kB
Shmem:               628 kB
Slab:              68836 kB
SReclaimable:      20148 kB
SUnreclaim:        48688 kB
KernelStack:       17504 kB
PageTables:        29556 kB
NFS_Unstable:          0 kB
Bounce:                0 kB
WritebackTmp:          0 kB
CommitLimit:     1242116 kB
Committed_AS:   58230152 kB
VmallocTotal:     409600 kB
VmallocUsed:       36520 kB
VmallocChunk:      81948 kB
Time pass: 82 sec

---2015-10-26 00:17:40
MemTotal:        1959952 kB
MemFree:          200860 kB
Buffers:            5740 kB
Cached:           701836 kB
SwapCached:         8168 kB
Active:           771648 kB
Inactive:         538096 kB
Active(anon):     384140 kB
Inactive(anon):   220432 kB
Active(file):     387508 kB
Inactive(file):   317664 kB
Unevictable:        1768 kB
Mlocked:               0 kB
HighTotal:       1372556 kB
HighFree:          68964 kB
LowTotal:         587396 kB
LowFree:          131896 kB
SwapTotal:        262140 kB
SwapFree:         130216 kB
Dirty:               792 kB
Writeback:             0 kB
AnonPages:        603044 kB
Mapped:           229300 kB
Shmem:               628 kB
Slab:              68844 kB
SReclaimable:      20156 kB
SUnreclaim:        48688 kB
KernelStack:       17496 kB
PageTables:        29552 kB
NFS_Unstable:          0 kB
Bounce:                0 kB
WritebackTmp:          0 kB
CommitLimit:     1242116 kB
Committed_AS:   58230248 kB
VmallocTotal:     409600 kB
VmallocUsed:       36520 kB
VmallocChunk:      81948 kB
Time pass: 86 sec

---2015-10-26 00:17:40
MemTotal:        1959952 kB
MemFree:          184032 kB
Buffers:            5740 kB
Cached:           701848 kB
SwapCached:         8168 kB
Active:           791408 kB
Inactive:         538096 kB
Active(anon):     403888 kB
Inactive(anon):   220428 kB
Active(file):     387520 kB
Inactive(file):   317668 kB
Unevictable:        1768 kB
Mlocked:               0 kB
HighTotal:       1372556 kB
HighFree:          63388 kB
LowTotal:         587396 kB
LowFree:          120644 kB
SwapTotal:        262140 kB
SwapFree:         130216 kB
Dirty:              1628 kB
Writeback:             0 kB
AnonPages:        622892 kB
Mapped:           239780 kB
Shmem:               632 kB
Slab:              68920 kB
SReclaimable:      20168 kB
SUnreclaim:        48752 kB
KernelStack:       17864 kB
PageTables:        30348 kB
NFS_Unstable:          0 kB
Bounce:                0 kB
WritebackTmp:          0 kB
CommitLimit:     1242116 kB
Committed_AS:   59244460 kB
VmallocTotal:     409600 kB
VmallocUsed:       37572 kB
VmallocChunk:      81948 kB
Time pass: 89 sec

---2015-10-26 00:17:40
MemTotal:        1959952 kB
MemFree:          150588 kB
Buffers:            5740 kB
Cached:           701972 kB
SwapCached:         8168 kB
Active:           797024 kB
Inactive:         538224 kB
Active(anon):     409508 kB
Inactive(anon):   220556 kB
Active(file):     387516 kB
Inactive(file):   317668 kB
Unevictable:        1768 kB
Mlocked:               0 kB
HighTotal:       1372556 kB
HighFree:          56976 kB
LowTotal:         587396 kB
LowFree:           93612 kB
SwapTotal:        262140 kB
SwapFree:         130216 kB
Dirty:              1852 kB
Writeback:             0 kB
AnonPages:        628828 kB
Mapped:           243768 kB
Shmem:               760 kB
Slab:              69000 kB
SReclaimable:      20240 kB
SUnreclaim:        48760 kB
KernelStack:       18128 kB
PageTables:        30404 kB
NFS_Unstable:          0 kB
Bounce:                0 kB
WritebackTmp:          0 kB
CommitLimit:     1242116 kB
Committed_AS:   59253596 kB
VmallocTotal:     409600 kB
VmallocUsed:       36696 kB
VmallocChunk:      81948 kB
Time pass: 93 sec

---2015-10-26 00:17:40
MemTotal:        1959952 kB
MemFree:          132360 kB
Buffers:            5740 kB
Cached:           701676 kB
SwapCached:         8168 kB
Active:           798440 kB
Inactive:         537848 kB
Active(anon):     410916 kB
Inactive(anon):   220548 kB
Active(file):     387524 kB
Inactive(file):   317300 kB
Unevictable:        1768 kB
Mlocked:               0 kB
HighTotal:       1372556 kB
HighFree:          50420 kB
LowTotal:         587396 kB
LowFree:           81940 kB
SwapTotal:        262140 kB
SwapFree:         130216 kB
Dirty:              1392 kB
Writeback:             0 kB
AnonPages:        629912 kB
Mapped:           249764 kB
Shmem:               764 kB
Slab:              69088 kB
SReclaimable:      20244 kB
SUnreclaim:        48844 kB
KernelStack:       18272 kB
PageTables:        30508 kB
NFS_Unstable:          0 kB
Bounce:                0 kB
WritebackTmp:          0 kB
CommitLimit:     1242116 kB
Committed_AS:   59250264 kB
VmallocTotal:     409600 kB
VmallocUsed:       36768 kB
VmallocChunk:      81948 kB
Time pass: 97 sec

---2015-10-26 00:17:40
MemTotal:        1959952 kB
MemFree:           92328 kB
Buffers:            5740 kB
Cached:           701840 kB
SwapCached:         8168 kB
Active:           800336 kB
Inactive:         537968 kB
Active(anon):     412768 kB
Inactive(anon):   220544 kB
Active(file):     387568 kB
Inactive(file):   317424 kB
Unevictable:        1768 kB
Mlocked:               0 kB
HighTotal:       1372556 kB
HighFree:          44180 kB
LowTotal:         587396 kB
LowFree:           48148 kB
SwapTotal:        262140 kB
SwapFree:         130216 kB
Dirty:              2932 kB
Writeback:             0 kB
AnonPages:        631928 kB
Mapped:           255260 kB
Shmem:               764 kB
Slab:              69176 kB
SReclaimable:      20252 kB
SUnreclaim:        48924 kB
KernelStack:       18256 kB
PageTables:        30580 kB
NFS_Unstable:          0 kB
Bounce:                0 kB
WritebackTmp:          0 kB
CommitLimit:     1242116 kB
Committed_AS:   59253016 kB
VmallocTotal:     409600 kB
VmallocUsed:       36908 kB
VmallocChunk:      81948 kB
Time pass: 101 sec

---2015-10-26 00:17:40
MemTotal:        1959952 kB
MemFree:           91868 kB
Buffers:            5740 kB
Cached:           701840 kB
SwapCached:         8168 kB
Active:           800580 kB
Inactive:         537968 kB
Active(anon):     413012 kB
Inactive(anon):   220544 kB
Active(file):     387568 kB
Inactive(file):   317424 kB
Unevictable:        1768 kB
Mlocked:               0 kB
HighTotal:       1372556 kB
HighFree:          43960 kB
LowTotal:         587396 kB
LowFree:           47908 kB
SwapTotal:        262140 kB
SwapFree:         130216 kB
Dirty:              2932 kB
Writeback:             0 kB
AnonPages:        631856 kB
Mapped:           255464 kB
Shmem:               764 kB
Slab:              69176 kB
SReclaimable:      20252 kB
SUnreclaim:        48924 kB
KernelStack:       18248 kB
PageTables:        30600 kB
NFS_Unstable:          0 kB
Bounce:                0 kB
WritebackTmp:          0 kB
CommitLimit:     1242116 kB
Committed_AS:   59252912 kB
VmallocTotal:     409600 kB
VmallocUsed:       36908 kB
VmallocChunk:      81948 kB
Time pass: 105 sec

---2015-10-26 00:17:40
MemTotal:        1959952 kB
MemFree:           91820 kB
Buffers:            5740 kB
Cached:           701844 kB
SwapCached:         8168 kB
Active:           800676 kB
Inactive:         537972 kB
Active(anon):     413108 kB
Inactive(anon):   220544 kB
Active(file):     387568 kB
Inactive(file):   317428 kB
Unevictable:        1768 kB
Mlocked:               0 kB
HighTotal:       1372556 kB
HighFree:          43912 kB
LowTotal:         587396 kB
LowFree:           47908 kB
SwapTotal:        262140 kB
SwapFree:         130216 kB
Dirty:              1200 kB
Writeback:             0 kB
AnonPages:        632128 kB
Mapped:           255464 kB
Shmem:               764 kB
Slab:              69180 kB
SReclaimable:      20256 kB
SUnreclaim:        48924 kB
KernelStack:       18248 kB
PageTables:        30600 kB
NFS_Unstable:          0 kB
Bounce:                0 kB
WritebackTmp:          0 kB
CommitLimit:     1242116 kB
Committed_AS:   59253168 kB
VmallocTotal:     409600 kB
VmallocUsed:       36908 kB
VmallocChunk:      81948 kB
Time pass: 108 sec

---2015-10-26 00:17:40
MemTotal:        1959952 kB
MemFree:           79488 kB
Buffers:            5740 kB
Cached:           702236 kB
SwapCached:         8168 kB
Active:           802264 kB
Inactive:         538364 kB
Active(anon):     414712 kB
Inactive(anon):   220544 kB
Active(file):     387552 kB
Inactive(file):   317820 kB
Unevictable:        1768 kB
Mlocked:               0 kB
HighTotal:       1372556 kB
HighFree:          31680 kB
LowTotal:         587396 kB
LowFree:           47808 kB
SwapTotal:        262140 kB
SwapFree:         130216 kB
Dirty:              1792 kB
Writeback:             0 kB
AnonPages:        633848 kB
Mapped:           262992 kB
Shmem:               764 kB
Slab:              69148 kB
SReclaimable:      20256 kB
SUnreclaim:        48892 kB
KernelStack:       18256 kB
PageTables:        30612 kB
NFS_Unstable:          0 kB
Bounce:                0 kB
WritebackTmp:          0 kB
CommitLimit:     1242116 kB
Committed_AS:   59254560 kB
VmallocTotal:     409600 kB
VmallocUsed:       36920 kB
VmallocChunk:      81948 kB
Time pass: 112 sec

---2015-10-26 00:17:40
MemTotal:        1959952 kB
MemFree:           78104 kB
Buffers:            5740 kB
Cached:           702236 kB
SwapCached:         8168 kB
Active:           802544 kB
Inactive:         538364 kB
Active(anon):     414980 kB
Inactive(anon):   220544 kB
Active(file):     387564 kB
Inactive(file):   317820 kB
Unevictable:        1768 kB
Mlocked:               0 kB
HighTotal:       1372556 kB
HighFree:          30428 kB
LowTotal:         587396 kB
LowFree:           47676 kB
SwapTotal:        262140 kB
SwapFree:         130216 kB
Dirty:              1216 kB
Writeback:             0 kB
AnonPages:        633952 kB
Mapped:           262992 kB
Shmem:               764 kB
Slab:              69148 kB
SReclaimable:      20256 kB
SUnreclaim:        48892 kB
KernelStack:       18256 kB
PageTables:        30600 kB
NFS_Unstable:          0 kB
Bounce:                0 kB
WritebackTmp:          0 kB
CommitLimit:     1242116 kB
Committed_AS:   59254640 kB
VmallocTotal:     409600 kB
VmallocUsed:       36920 kB
VmallocChunk:      81948 kB
Time pass: 116 sec

---2015-10-26 00:17:40
MemTotal:        1959952 kB
MemFree:           77968 kB
Buffers:            5740 kB
Cached:           702236 kB
SwapCached:         8168 kB
Active:           802520 kB
Inactive:         538364 kB
Active(anon):     414956 kB
Inactive(anon):   220544 kB
Active(file):     387564 kB
Inactive(file):   317820 kB
Unevictable:        1768 kB
Mlocked:               0 kB
HighTotal:       1372556 kB
HighFree:          30284 kB
LowTotal:         587396 kB
LowFree:           47684 kB
SwapTotal:        262140 kB
SwapFree:         130216 kB
Dirty:              1216 kB
Writeback:             0 kB
AnonPages:        633952 kB
Mapped:           262992 kB
Shmem:               764 kB
Slab:              69148 kB
SReclaimable:      20256 kB
SUnreclaim:        48892 kB
KernelStack:       18256 kB
PageTables:        30612 kB
NFS_Unstable:          0 kB
Bounce:                0 kB
WritebackTmp:          0 kB
CommitLimit:     1242116 kB
Committed_AS:   59254744 kB
VmallocTotal:     409600 kB
VmallocUsed:       36920 kB
VmallocChunk:      81948 kB
Time pass: 119 sec

---2015-10-26 00:17:40
MemTotal:        1959952 kB
MemFree:          138620 kB
Buffers:            5740 kB
Cached:           685072 kB
SwapCached:         7156 kB
Active:           790768 kB
Inactive:         533716 kB
Active(anon):     404476 kB
Inactive(anon):   231568 kB
Active(file):     386292 kB
Inactive(file):   302148 kB
Unevictable:        1768 kB
Mlocked:               0 kB
HighTotal:       1372556 kB
HighFree:          47164 kB
LowTotal:         587396 kB
LowFree:           91456 kB
SwapTotal:        262140 kB
SwapFree:         129596 kB
Dirty:              1256 kB
Writeback:             0 kB
AnonPages:        634552 kB
Mapped:           267120 kB
Shmem:               764 kB
Slab:              68860 kB
SReclaimable:      19864 kB
SUnreclaim:        48996 kB
KernelStack:       18240 kB
PageTables:        30668 kB
NFS_Unstable:          0 kB
Bounce:                0 kB
WritebackTmp:          0 kB
CommitLimit:     1242116 kB
Committed_AS:   59256424 kB
VmallocTotal:     409600 kB
VmallocUsed:       37008 kB
VmallocChunk:      81948 kB
Time pass: 126 sec

---2015-10-26 00:17:40
MemTotal:        1959952 kB
MemFree:          138204 kB
Buffers:            5740 kB
Cached:           685072 kB
SwapCached:         7156 kB
Active:           791032 kB
Inactive:         533648 kB
Active(anon):     404740 kB
Inactive(anon):   231496 kB
Active(file):     386292 kB
Inactive(file):   302152 kB
Unevictable:        1768 kB
Mlocked:               0 kB
HighTotal:       1372556 kB
HighFree:          46764 kB
LowTotal:         587396 kB
LowFree:           91440 kB
SwapTotal:        262140 kB
SwapFree:         129596 kB
Dirty:              1260 kB
Writeback:             0 kB
AnonPages:        635064 kB
Mapped:           267256 kB
Shmem:               764 kB
Slab:              68868 kB
SReclaimable:      19872 kB
SUnreclaim:        48996 kB
KernelStack:       18248 kB
PageTables:        30668 kB
NFS_Unstable:          0 kB
Bounce:                0 kB
WritebackTmp:          0 kB
CommitLimit:     1242116 kB
Committed_AS:   59256432 kB
VmallocTotal:     409600 kB
VmallocUsed:       37008 kB
VmallocChunk:      81948 kB
Time pass: 130 sec

---2015-10-26 00:17:40
MemTotal:        1959952 kB
MemFree:          138296 kB
Buffers:            5740 kB
Cached:           685072 kB
SwapCached:         7156 kB
Active:           791280 kB
Inactive:         533640 kB
Active(anon):     404988 kB
Inactive(anon):   231488 kB
Active(file):     386292 kB
Inactive(file):   302152 kB
Unevictable:        1768 kB
Mlocked:               0 kB
HighTotal:       1372556 kB
HighFree:          46816 kB
LowTotal:         587396 kB
LowFree:           91480 kB
SwapTotal:        262140 kB
SwapFree:         129596 kB
Dirty:              1256 kB
Writeback:             0 kB
AnonPages:        635140 kB
Mapped:           267256 kB
Shmem:               764 kB
Slab:              68836 kB
SReclaimable:      19872 kB
SUnreclaim:        48964 kB
KernelStack:       18240 kB
PageTables:        30668 kB
NFS_Unstable:          0 kB
Bounce:                0 kB
WritebackTmp:          0 kB
CommitLimit:     1242116 kB
Committed_AS:   59256632 kB
VmallocTotal:     409600 kB
VmallocUsed:       37008 kB
VmallocChunk:      81948 kB
Time pass: 133 sec

---2015-10-26 00:17:40
MemTotal:        1959952 kB
MemFree:          137976 kB
Buffers:            5740 kB
Cached:           685072 kB
SwapCached:         7156 kB
Active:           791608 kB
Inactive:         533632 kB
Active(anon):     405316 kB
Inactive(anon):   231480 kB
Active(file):     386292 kB
Inactive(file):   302152 kB
Unevictable:        1768 kB
Mlocked:               0 kB
HighTotal:       1372556 kB
HighFree:          46528 kB
LowTotal:         587396 kB
LowFree:           91448 kB
SwapTotal:        262140 kB
SwapFree:         129596 kB
Dirty:              1280 kB
Writeback:             0 kB
AnonPages:        635264 kB
Mapped:           267356 kB
Shmem:               764 kB
Slab:              68868 kB
SReclaimable:      19872 kB
SUnreclaim:        48996 kB
KernelStack:       18240 kB
PageTables:        30668 kB
NFS_Unstable:          0 kB
Bounce:                0 kB
WritebackTmp:          0 kB
CommitLimit:     1242116 kB
Committed_AS:   59257304 kB
VmallocTotal:     409600 kB
VmallocUsed:       37008 kB
VmallocChunk:      81948 kB
Time pass: 138 sec

---2015-10-26 00:17:40
MemTotal:        1959952 kB
MemFree:          138000 kB
Buffers:            5740 kB
Cached:           685072 kB
SwapCached:         7156 kB
Active:           791868 kB
Inactive:         533632 kB
Active(anon):     405576 kB
Inactive(anon):   231480 kB
Active(file):     386292 kB
Inactive(file):   302152 kB
Unevictable:        1768 kB
Mlocked:               0 kB
HighTotal:       1372556 kB
HighFree:          46568 kB
LowTotal:         587396 kB
LowFree:           91432 kB
SwapTotal:        262140 kB
SwapFree:         129596 kB
Dirty:              1280 kB
Writeback:             0 kB
AnonPages:        635852 kB
Mapped:           267356 kB
Shmem:               764 kB
Slab:              68868 kB
SReclaimable:      19872 kB
SUnreclaim:        48996 kB
KernelStack:       18240 kB
PageTables:        30672 kB
NFS_Unstable:          0 kB
Bounce:                0 kB
WritebackTmp:          0 kB
CommitLimit:     1242116 kB
Committed_AS:   59266788 kB
VmallocTotal:     409600 kB
VmallocUsed:       37008 kB
VmallocChunk:      81948 kB
Time pass: 141 sec

---2015-10-26 00:17:40
MemTotal:        1959952 kB
MemFree:          304996 kB
Buffers:            5704 kB
Cached:           644272 kB
SwapCached:         6340 kB
Active:           743696 kB
Inactive:         503652 kB
Active(anon):     368880 kB
Inactive(anon):   230860 kB
Active(file):     374816 kB
Inactive(file):   272792 kB
Unevictable:        1768 kB
Mlocked:               0 kB
HighTotal:       1372556 kB
HighFree:         142484 kB
LowTotal:         587396 kB
LowFree:          162512 kB
SwapTotal:        262140 kB
SwapFree:         129296 kB
Dirty:              1568 kB
Writeback:             0 kB
AnonPages:        598484 kB
Mapped:           224832 kB
Shmem:               600 kB
Slab:              68900 kB
SReclaimable:      19840 kB
SUnreclaim:        49060 kB
KernelStack:       17592 kB
PageTables:        29636 kB
NFS_Unstable:          0 kB
Bounce:                0 kB
WritebackTmp:          0 kB
CommitLimit:     1242116 kB
Committed_AS:   58244768 kB
VmallocTotal:     409600 kB
VmallocUsed:       36492 kB
VmallocChunk:      81948 kB
Time pass: 145 sec

---2015-10-26 00:17:40
MemTotal:        1959952 kB
MemFree:          305888 kB
Buffers:            5704 kB
Cached:           644336 kB
SwapCached:         6340 kB
Active:           742832 kB
Inactive:         503648 kB
Active(anon):     368012 kB
Inactive(anon):   230796 kB
Active(file):     374820 kB
Inactive(file):   272852 kB
Unevictable:        1768 kB
Mlocked:               0 kB
HighTotal:       1372556 kB
HighFree:         143416 kB
LowTotal:         587396 kB
LowFree:          162472 kB
SwapTotal:        262140 kB
SwapFree:         129296 kB
Dirty:              1636 kB
Writeback:             0 kB
AnonPages:        597464 kB
Mapped:           225176 kB
Shmem:               600 kB
Slab:              68976 kB
SReclaimable:      19928 kB
SUnreclaim:        49048 kB
KernelStack:       17552 kB
PageTables:        29704 kB
NFS_Unstable:          0 kB
Bounce:                0 kB
WritebackTmp:          0 kB
CommitLimit:     1242116 kB
Committed_AS:   58250640 kB
VmallocTotal:     409600 kB
VmallocUsed:       36492 kB
VmallocChunk:      81948 kB
Time pass: 149 sec

---2015-10-26 00:17:40
MemTotal:        1959952 kB
MemFree:          310508 kB
Buffers:            5704 kB
Cached:           644340 kB
SwapCached:         6340 kB
Active:           739652 kB
Inactive:         503116 kB
Active(anon):     364824 kB
Inactive(anon):   230268 kB
Active(file):     374828 kB
Inactive(file):   272848 kB
Unevictable:        1768 kB
Mlocked:               0 kB
HighTotal:       1372556 kB
HighFree:         147844 kB
LowTotal:         587396 kB
LowFree:          162664 kB
SwapTotal:        262140 kB
SwapFree:         129296 kB
Dirty:               176 kB
Writeback:             0 kB
AnonPages:        593572 kB
Mapped:           224488 kB
Shmem:               600 kB
Slab:              68980 kB
SReclaimable:      19928 kB
SUnreclaim:        49052 kB
KernelStack:       17600 kB
PageTables:        29632 kB
NFS_Unstable:          0 kB
Bounce:                0 kB
WritebackTmp:          0 kB
CommitLimit:     1242116 kB
Committed_AS:   58230128 kB
VmallocTotal:     409600 kB
VmallocUsed:       36492 kB
VmallocChunk:      81948 kB
Time pass: 152 sec

---2015-10-26 00:17:40
MemTotal:        1959952 kB
MemFree:          311404 kB
Buffers:            5704 kB
Cached:           644340 kB
SwapCached:         6340 kB
Active:           738528 kB
Inactive:         503116 kB
Active(anon):     363700 kB
Inactive(anon):   230268 kB
Active(file):     374828 kB
Inactive(file):   272848 kB
Unevictable:        1768 kB
Mlocked:               0 kB
HighTotal:       1372556 kB
HighFree:         148668 kB
LowTotal:         587396 kB
LowFree:          162736 kB
SwapTotal:        262140 kB
SwapFree:         129296 kB
Dirty:               176 kB
Writeback:             0 kB
AnonPages:        592692 kB
Mapped:           224248 kB
Shmem:               600 kB
Slab:              68980 kB
SReclaimable:      19928 kB
SUnreclaim:        49052 kB
KernelStack:       17552 kB
PageTables:        29500 kB
NFS_Unstable:          0 kB
Bounce:                0 kB
WritebackTmp:          0 kB
CommitLimit:     1242116 kB
Committed_AS:   58229504 kB
VmallocTotal:     409600 kB
VmallocUsed:       36492 kB
VmallocChunk:      81948 kB
Time pass: 156 sec

---2015-10-26 00:17:40
MemTotal:        1959952 kB
MemFree:          311584 kB
Buffers:            5704 kB
Cached:           644340 kB
SwapCached:         6340 kB
Active:           738632 kB
Inactive:         503116 kB
Active(anon):     363804 kB
Inactive(anon):   230268 kB
Active(file):     374828 kB
Inactive(file):   272848 kB
Unevictable:        1768 kB
Mlocked:               0 kB
HighTotal:       1372556 kB
HighFree:         148696 kB
LowTotal:         587396 kB
LowFree:          162888 kB
SwapTotal:        262140 kB
SwapFree:         129296 kB
Dirty:               176 kB
Writeback:             0 kB
AnonPages:        592900 kB
Mapped:           224304 kB
Shmem:               600 kB
Slab:              68980 kB
SReclaimable:      19928 kB
SUnreclaim:        49052 kB
KernelStack:       17464 kB
PageTables:        29460 kB
NFS_Unstable:          0 kB
Bounce:                0 kB
WritebackTmp:          0 kB
CommitLimit:     1242116 kB
Committed_AS:   58229704 kB
VmallocTotal:     409600 kB
VmallocUsed:       36492 kB
VmallocChunk:      81948 kB
Time pass: 159 sec

---2015-10-26 00:17:40
MemTotal:        1959952 kB
MemFree:          311452 kB
Buffers:            5704 kB
Cached:           644340 kB
SwapCached:         6340 kB
Active:           738664 kB
Inactive:         503116 kB
Active(anon):     363836 kB
Inactive(anon):   230268 kB
Active(file):     374828 kB
Inactive(file):   272848 kB
Unevictable:        1768 kB
Mlocked:               0 kB
HighTotal:       1372556 kB
HighFree:         148660 kB
LowTotal:         587396 kB
LowFree:          162792 kB
SwapTotal:        262140 kB
SwapFree:         129296 kB
Dirty:               176 kB
Writeback:             0 kB
AnonPages:        592868 kB
Mapped:           224160 kB
Shmem:               600 kB
Slab:              68980 kB
SReclaimable:      19928 kB
SUnreclaim:        49052 kB
KernelStack:       17496 kB
PageTables:        29500 kB
NFS_Unstable:          0 kB
Bounce:                0 kB
WritebackTmp:          0 kB
CommitLimit:     1242116 kB
Committed_AS:   58229804 kB
VmallocTotal:     409600 kB
VmallocUsed:       36492 kB
VmallocChunk:      81948 kB
Time pass: 163 sec

---2015-10-26 00:17:40
MemTotal:        1959952 kB
MemFree:          311404 kB
Buffers:            5704 kB
Cached:           644340 kB
SwapCached:         6340 kB
Active:           738848 kB
Inactive:         503116 kB
Active(anon):     364020 kB
Inactive(anon):   230268 kB
Active(file):     374828 kB
Inactive(file):   272848 kB
Unevictable:        1768 kB
Mlocked:               0 kB
HighTotal:       1372556 kB
HighFree:         148488 kB
LowTotal:         587396 kB
LowFree:          162916 kB
SwapTotal:        262140 kB
SwapFree:         129296 kB
Dirty:               176 kB
Writeback:             0 kB
AnonPages:        593072 kB
Mapped:           224140 kB
Shmem:               600 kB
Slab:              68980 kB
SReclaimable:      19928 kB
SUnreclaim:        49052 kB
KernelStack:       17496 kB
PageTables:        29500 kB
NFS_Unstable:          0 kB
Bounce:                0 kB
WritebackTmp:          0 kB
CommitLimit:     1242116 kB
Committed_AS:   58230064 kB
VmallocTotal:     409600 kB
VmallocUsed:       36492 kB
VmallocChunk:      81948 kB
Time pass: 166 sec

---2015-10-26 00:17:40
MemTotal:        1959952 kB
MemFree:          311232 kB
Buffers:            5704 kB
Cached:           644340 kB
SwapCached:         6340 kB
Active:           739016 kB
Inactive:         503116 kB
Active(anon):     364188 kB
Inactive(anon):   230268 kB
Active(file):     374828 kB
Inactive(file):   272848 kB
Unevictable:        1768 kB
Mlocked:               0 kB
HighTotal:       1372556 kB
HighFree:         148324 kB
LowTotal:         587396 kB
LowFree:          162908 kB
SwapTotal:        262140 kB
SwapFree:         129296 kB
Dirty:               176 kB
Writeback:             0 kB
AnonPages:        593236 kB
Mapped:           224144 kB
Shmem:               600 kB
Slab:              68980 kB
SReclaimable:      19928 kB
SUnreclaim:        49052 kB
KernelStack:       17504 kB
PageTables:        29500 kB
NFS_Unstable:          0 kB
Bounce:                0 kB
WritebackTmp:          0 kB
CommitLimit:     1242116 kB
Committed_AS:   58230144 kB
VmallocTotal:     409600 kB
VmallocUsed:       36492 kB
VmallocChunk:      81948 kB
Time pass: 170 sec

---2015-10-26 00:17:40
MemTotal:        1959952 kB
MemFree:          311180 kB
Buffers:            5704 kB
Cached:           644340 kB
SwapCached:         6340 kB
Active:           739036 kB
Inactive:         503116 kB
Active(anon):     364208 kB
Inactive(anon):   230268 kB
Active(file):     374828 kB
Inactive(file):   272848 kB
Unevictable:        1768 kB
Mlocked:               0 kB
HighTotal:       1372556 kB
HighFree:         148240 kB
LowTotal:         587396 kB
LowFree:          162940 kB
SwapTotal:        262140 kB
SwapFree:         129296 kB
Dirty:               176 kB
Writeback:             0 kB
AnonPages:        593320 kB
Mapped:           224144 kB
Shmem:               600 kB
Slab:              68944 kB
SReclaimable:      19928 kB
SUnreclaim:        49016 kB
KernelStack:       17504 kB
PageTables:        29500 kB
NFS_Unstable:          0 kB
Bounce:                0 kB
WritebackTmp:          0 kB
CommitLimit:     1242116 kB
Committed_AS:   58230116 kB
VmallocTotal:     409600 kB
VmallocUsed:       36492 kB
VmallocChunk:      81948 kB
Time pass: 174 sec

---2015-10-26 00:17:40
MemTotal:        1959952 kB
MemFree:          298228 kB
Buffers:            5704 kB
Cached:           644640 kB
SwapCached:         6364 kB
Active:           758044 kB
Inactive:         503284 kB
Active(anon):     383120 kB
Inactive(anon):   230332 kB
Active(file):     374924 kB
Inactive(file):   272952 kB
Unevictable:        1768 kB
Mlocked:               0 kB
HighTotal:       1372556 kB
HighFree:         137184 kB
LowTotal:         587396 kB
LowFree:          161044 kB
SwapTotal:        262140 kB
SwapFree:         129296 kB
Dirty:               760 kB
Writeback:            12 kB
AnonPages:        612352 kB
Mapped:           239512 kB
Shmem:               700 kB
Slab:              68872 kB
SReclaimable:      19928 kB
SUnreclaim:        48944 kB
KernelStack:       17880 kB
PageTables:        30168 kB
NFS_Unstable:          0 kB
Bounce:                0 kB
WritebackTmp:          0 kB
CommitLimit:     1242116 kB
Committed_AS:   59236324 kB
VmallocTotal:     409600 kB
VmallocUsed:       37560 kB
VmallocChunk:      81948 kB
Time pass: 177 sec

---2015-10-26 00:17:40
MemTotal:        1959952 kB
MemFree:          268120 kB
Buffers:            5704 kB
Cached:           644864 kB
SwapCached:         6364 kB
Active:           760028 kB
Inactive:         501472 kB
Active(anon):     384868 kB
Inactive(anon):   228624 kB
Active(file):     375160 kB
Inactive(file):   272848 kB
Unevictable:        1768 kB
Mlocked:               0 kB
HighTotal:       1372556 kB
HighFree:         128060 kB
LowTotal:         587396 kB
LowFree:          140060 kB
SwapTotal:        262140 kB
SwapFree:         129296 kB
Dirty:               176 kB
Writeback:             0 kB
AnonPages:        612180 kB
Mapped:           243572 kB
Shmem:               732 kB
Slab:              68960 kB
SReclaimable:      19952 kB
SUnreclaim:        49008 kB
KernelStack:       18136 kB
PageTables:        30412 kB
NFS_Unstable:          0 kB
Bounce:                0 kB
WritebackTmp:          0 kB
CommitLimit:     1242116 kB
Committed_AS:   59229488 kB
VmallocTotal:     409600 kB
VmallocUsed:       37716 kB
VmallocChunk:      81948 kB
Time pass: 181 sec

---2015-10-26 00:17:40
MemTotal:        1959952 kB
MemFree:          253424 kB
Buffers:            5704 kB
Cached:           644924 kB
SwapCached:         6364 kB
Active:           770548 kB
Inactive:         501348 kB
Active(anon):     395220 kB
Inactive(anon):   228552 kB
Active(file):     375328 kB
Inactive(file):   272796 kB
Unevictable:        1768 kB
Mlocked:               0 kB
HighTotal:       1372556 kB
HighFree:         113884 kB
LowTotal:         587396 kB
LowFree:          139540 kB
SwapTotal:        262140 kB
SwapFree:         129296 kB
Dirty:               500 kB
Writeback:             0 kB
AnonPages:        622332 kB
Mapped:           248644 kB
Shmem:               736 kB
Slab:              69056 kB
SReclaimable:      19952 kB
SUnreclaim:        49104 kB
KernelStack:       18232 kB
PageTables:        30472 kB
NFS_Unstable:          0 kB
Bounce:                0 kB
WritebackTmp:          0 kB
CommitLimit:     1242116 kB
Committed_AS:   59242332 kB
VmallocTotal:     409600 kB
VmallocUsed:       37736 kB
VmallocChunk:      81948 kB
Time pass: 185 sec

---2015-10-26 00:17:40
MemTotal:        1959952 kB
MemFree:          217868 kB
Buffers:            5704 kB
Cached:           645056 kB
SwapCached:         6364 kB
Active:           771400 kB
Inactive:         501296 kB
Active(anon):     395888 kB
Inactive(anon):   228552 kB
Active(file):     375512 kB
Inactive(file):   272744 kB
Unevictable:        1768 kB
Mlocked:               0 kB
HighTotal:       1372556 kB
HighFree:         109352 kB
LowTotal:         587396 kB
LowFree:          108516 kB
SwapTotal:        262140 kB
SwapFree:         129296 kB
Dirty:              1520 kB
Writeback:             0 kB
AnonPages:        622852 kB
Mapped:           253088 kB
Shmem:               736 kB
Slab:              69056 kB
SReclaimable:      19952 kB
SUnreclaim:        49104 kB
KernelStack:       18232 kB
PageTables:        30532 kB
NFS_Unstable:          0 kB
Bounce:                0 kB
WritebackTmp:          0 kB
CommitLimit:     1242116 kB
Committed_AS:   59243376 kB
VmallocTotal:     409600 kB
VmallocUsed:       37872 kB
VmallocChunk:      81948 kB
Time pass: 189 sec

---2015-10-26 00:17:40
MemTotal:        1959952 kB
MemFree:          212168 kB
Buffers:            5704 kB
Cached:           645024 kB
SwapCached:         6364 kB
Active:           776212 kB
Inactive:         501284 kB
Active(anon):     400556 kB
Inactive(anon):   228552 kB
Active(file):     375656 kB
Inactive(file):   272732 kB
Unevictable:        1768 kB
Mlocked:               0 kB
HighTotal:       1372556 kB
HighFree:         105188 kB
LowTotal:         587396 kB
LowFree:          106980 kB
SwapTotal:        262140 kB
SwapFree:         129296 kB
Dirty:               352 kB
Writeback:             0 kB
AnonPages:        627864 kB
Mapped:           253480 kB
Shmem:               736 kB
Slab:              69056 kB
SReclaimable:      19952 kB
SUnreclaim:        49104 kB
KernelStack:       18240 kB
PageTables:        30556 kB
NFS_Unstable:          0 kB
Bounce:                0 kB
WritebackTmp:          0 kB
CommitLimit:     1242116 kB
Committed_AS:   59249052 kB
VmallocTotal:     409600 kB
VmallocUsed:       37872 kB
VmallocChunk:      81948 kB
Time pass: 192 sec

---2015-10-26 00:17:40
MemTotal:        1959952 kB
MemFree:          206884 kB
Buffers:            5704 kB
Cached:           645024 kB
SwapCached:         6364 kB
Active:           773412 kB
Inactive:         501236 kB
Active(anon):     397704 kB
Inactive(anon):   228552 kB
Active(file):     375708 kB
Inactive(file):   272684 kB
Unevictable:        1768 kB
Mlocked:               0 kB
HighTotal:       1372556 kB
HighFree:         105104 kB
LowTotal:         587396 kB
LowFree:          101780 kB
SwapTotal:        262140 kB
SwapFree:         129296 kB
Dirty:               172 kB
Writeback:             0 kB
AnonPages:        625224 kB
Mapped:           255944 kB
Shmem:               736 kB
Slab:              69056 kB
SReclaimable:      19952 kB
SUnreclaim:        49104 kB
KernelStack:       18256 kB
PageTables:        30576 kB
NFS_Unstable:          0 kB
Bounce:                0 kB
WritebackTmp:          0 kB
CommitLimit:     1242116 kB
Committed_AS:   59245140 kB
VmallocTotal:     409600 kB
VmallocUsed:       37884 kB
VmallocChunk:      81948 kB
Time pass: 196 sec

---2015-10-26 00:17:40
MemTotal:        1959952 kB
MemFree:          183852 kB
Buffers:            5704 kB
Cached:           645220 kB
SwapCached:         6364 kB
Active:           778200 kB
Inactive:         501120 kB
Active(anon):     402356 kB
Inactive(anon):   228548 kB
Active(file):     375844 kB
Inactive(file):   272572 kB
Unevictable:        1768 kB
Mlocked:               0 kB
HighTotal:       1372556 kB
HighFree:          98808 kB
LowTotal:         587396 kB
LowFree:           85044 kB
SwapTotal:        262140 kB
SwapFree:         129296 kB
Dirty:              1016 kB
Writeback:             0 kB
AnonPages:        629476 kB
Mapped:           257896 kB
Shmem:               736 kB
Slab:              69160 kB
SReclaimable:      19960 kB
SUnreclaim:        49200 kB
KernelStack:       18240 kB
PageTables:        30616 kB
NFS_Unstable:          0 kB
Bounce:                0 kB
WritebackTmp:          0 kB
CommitLimit:     1242116 kB
Committed_AS:   59249628 kB
VmallocTotal:     409600 kB
VmallocUsed:       37960 kB
VmallocChunk:      81948 kB
Time pass: 200 sec

---2015-10-26 00:17:40
MemTotal:        1959952 kB
MemFree:          182296 kB
Buffers:            5704 kB
Cached:           645220 kB
SwapCached:         6364 kB
Active:           779544 kB
Inactive:         501120 kB
Active(anon):     403696 kB
Inactive(anon):   228548 kB
Active(file):     375848 kB
Inactive(file):   272572 kB
Unevictable:        1768 kB
Mlocked:               0 kB
HighTotal:       1372556 kB
HighFree:          97456 kB
LowTotal:         587396 kB
LowFree:           84840 kB
SwapTotal:        262140 kB
SwapFree:         129296 kB
Dirty:               504 kB
Writeback:             0 kB
AnonPages:        631004 kB
Mapped:           258940 kB
Shmem:               736 kB
Slab:              69192 kB
SReclaimable:      19960 kB
SUnreclaim:        49232 kB
KernelStack:       18264 kB
PageTables:        30620 kB
NFS_Unstable:          0 kB
Bounce:                0 kB
WritebackTmp:          0 kB
CommitLimit:     1242116 kB
Committed_AS:   59256836 kB
VmallocTotal:     409600 kB
VmallocUsed:       37960 kB
VmallocChunk:      81948 kB
Time pass: 203 sec

---2015-10-26 00:17:40
MemTotal:        1959952 kB
MemFree:          153324 kB
Buffers:            5704 kB
Cached:           645400 kB
SwapCached:         6396 kB
Active:           788152 kB
Inactive:         501292 kB
Active(anon):     412288 kB
Inactive(anon):   228704 kB
Active(file):     375864 kB
Inactive(file):   272588 kB
Unevictable:        1768 kB
Mlocked:               0 kB
HighTotal:       1372556 kB
HighFree:          89648 kB
LowTotal:         587396 kB
LowFree:           63676 kB
SwapTotal:        262140 kB
SwapFree:         129296 kB
Dirty:               532 kB
Writeback:             0 kB
AnonPages:        639452 kB
Mapped:           260536 kB
Shmem:               884 kB
Slab:              68840 kB
SReclaimable:      19916 kB
SUnreclaim:        48924 kB
KernelStack:       18440 kB
PageTables:        30772 kB
NFS_Unstable:          0 kB
Bounce:                0 kB
WritebackTmp:          0 kB
CommitLimit:     1242116 kB
Committed_AS:   59277680 kB
VmallocTotal:     409600 kB
VmallocUsed:       37960 kB
VmallocChunk:      81948 kB
Time pass: 207 sec

---2015-10-26 00:17:40
MemTotal:        1959952 kB
MemFree:          123352 kB
Buffers:            5704 kB
Cached:           645532 kB
SwapCached:         6396 kB
Active:           809160 kB
Inactive:         501124 kB
Active(anon):     433208 kB
Inactive(anon):   228536 kB
Active(file):     375952 kB
Inactive(file):   272588 kB
Unevictable:        1768 kB
Mlocked:               0 kB
HighTotal:       1372556 kB
HighFree:          70892 kB
LowTotal:         587396 kB
LowFree:           52460 kB
SwapTotal:        262140 kB
SwapFree:         129296 kB
Dirty:               596 kB
Writeback:             0 kB
AnonPages:        660260 kB
Mapped:           266552 kB
Shmem:               924 kB
Slab:              68776 kB
SReclaimable:      19916 kB
SUnreclaim:        48860 kB
KernelStack:       18912 kB
PageTables:        31556 kB
NFS_Unstable:          0 kB
Bounce:                0 kB
WritebackTmp:          0 kB
CommitLimit:     1242116 kB
Committed_AS:   61208180 kB
VmallocTotal:     409600 kB
VmallocUsed:       40000 kB
VmallocChunk:      81948 kB
Time pass: 211 sec

---2015-10-26 00:17:40
MemTotal:        1959952 kB
MemFree:          108124 kB
Buffers:            5704 kB
Cached:           645676 kB
SwapCached:         6396 kB
Active:           826760 kB
Inactive:         498280 kB
Active(anon):     450392 kB
Inactive(anon):   226024 kB
Active(file):     376368 kB
Inactive(file):   272256 kB
Unevictable:        1768 kB
Mlocked:               0 kB
HighTotal:       1372556 kB
HighFree:          56160 kB
LowTotal:         587396 kB
LowFree:           51964 kB
SwapTotal:        262140 kB
SwapFree:         129296 kB
Dirty:               640 kB
Writeback:             0 kB
AnonPages:        675156 kB
Mapped:           270204 kB
Shmem:               988 kB
Slab:              68788 kB
SReclaimable:      19916 kB
SUnreclaim:        48872 kB
KernelStack:       19184 kB
PageTables:        31880 kB
NFS_Unstable:          0 kB
Bounce:                0 kB
WritebackTmp:          0 kB
CommitLimit:     1242116 kB
Committed_AS:   62179056 kB
VmallocTotal:     409600 kB
VmallocUsed:       41020 kB
VmallocChunk:      81948 kB
Time pass: 216 sec

---2015-10-26 00:17:40
MemTotal:        1959952 kB
MemFree:          146476 kB
Buffers:            5704 kB
Cached:           645928 kB
SwapCached:         6396 kB
Active:           805632 kB
Inactive:         485712 kB
Active(anon):     425920 kB
Inactive(anon):   216584 kB
Active(file):     379712 kB
Inactive(file):   269128 kB
Unevictable:        1768 kB
Mlocked:               0 kB
HighTotal:       1372556 kB
HighFree:          92844 kB
LowTotal:         587396 kB
LowFree:           53632 kB
SwapTotal:        262140 kB
SwapFree:         129296 kB
Dirty:               688 kB
Writeback:             0 kB
AnonPages:        641048 kB
Mapped:           248220 kB
Shmem:              1024 kB
Slab:              68708 kB
SReclaimable:      19876 kB
SUnreclaim:        48832 kB
KernelStack:       18528 kB
PageTables:        30960 kB
NFS_Unstable:          0 kB
Bounce:                0 kB
WritebackTmp:          0 kB
CommitLimit:     1242116 kB
Committed_AS:   61206060 kB
VmallocTotal:     409600 kB
VmallocUsed:       40872 kB
VmallocChunk:      81948 kB
Time pass: 221 sec

---2015-10-26 00:17:40
MemTotal:        1959952 kB
MemFree:          119168 kB
Buffers:            5704 kB
Cached:           646476 kB
SwapCached:         6396 kB
Active:           830572 kB
Inactive:         485312 kB
Active(anon):     449940 kB
Inactive(anon):   216496 kB
Active(file):     380632 kB
Inactive(file):   268816 kB
Unevictable:        1768 kB
Mlocked:               0 kB
HighTotal:       1372556 kB
HighFree:          66164 kB
LowTotal:         587396 kB
LowFree:           53004 kB
SwapTotal:        262140 kB
SwapFree:         129296 kB
Dirty:               696 kB
Writeback:             0 kB
AnonPages:        664444 kB
Mapped:           260480 kB
Shmem:               964 kB
Slab:              68676 kB
SReclaimable:      19852 kB
SUnreclaim:        48824 kB
KernelStack:       18728 kB
PageTables:        31340 kB
NFS_Unstable:          0 kB
Bounce:                0 kB
WritebackTmp:          0 kB
CommitLimit:     1242116 kB
Committed_AS:   61178532 kB
VmallocTotal:     409600 kB
VmallocUsed:       36940 kB
VmallocChunk:      81948 kB
Time pass: 225 sec

---2015-10-26 00:17:40
MemTotal:        1959952 kB
MemFree:          134768 kB
Buffers:            5704 kB
Cached:           646476 kB
SwapCached:         6396 kB
Active:           814868 kB
Inactive:         484928 kB
Active(anon):     433888 kB
Inactive(anon):   216460 kB
Active(file):     380980 kB
Inactive(file):   268468 kB
Unevictable:        1768 kB
Mlocked:               0 kB
HighTotal:       1372556 kB
HighFree:          81452 kB
LowTotal:         587396 kB
LowFree:           53316 kB
SwapTotal:        262140 kB
SwapFree:         129296 kB
Dirty:               740 kB
Writeback:             0 kB
AnonPages:        648652 kB
Mapped:           265508 kB
Shmem:               964 kB
Slab:              68628 kB
SReclaimable:      19836 kB
SUnreclaim:        48792 kB
KernelStack:       18480 kB
PageTables:        31072 kB
NFS_Unstable:          0 kB
Bounce:                0 kB
WritebackTmp:          0 kB
CommitLimit:     1242116 kB
Committed_AS:   60240824 kB
VmallocTotal:     409600 kB
VmallocUsed:       31840 kB
VmallocChunk:      81948 kB
Time pass: 229 sec

---2015-10-26 00:17:40
MemTotal:        1959952 kB
MemFree:          140388 kB
Buffers:            5704 kB
Cached:           646580 kB
SwapCached:         6396 kB
Active:           809928 kB
Inactive:         484808 kB
Active(anon):     428944 kB
Inactive(anon):   216344 kB
Active(file):     380984 kB
Inactive(file):   268464 kB
Unevictable:        1768 kB
Mlocked:               0 kB
HighTotal:       1372556 kB
HighFree:          87780 kB
LowTotal:         587396 kB
LowFree:           52608 kB
SwapTotal:        262140 kB
SwapFree:         129296 kB
Dirty:               756 kB
Writeback:             0 kB
AnonPages:        643468 kB
Mapped:           261484 kB
Shmem:              1068 kB
Slab:              68596 kB
SReclaimable:      19836 kB
SUnreclaim:        48760 kB
KernelStack:       18672 kB
PageTables:        31108 kB
NFS_Unstable:          0 kB
Bounce:                0 kB
WritebackTmp:          0 kB
CommitLimit:     1242116 kB
Committed_AS:   61225668 kB
VmallocTotal:     409600 kB
VmallocUsed:       29800 kB
VmallocChunk:      81948 kB
Time pass: 233 sec

---2015-10-26 00:17:40
MemTotal:        1959952 kB
MemFree:          123644 kB
Buffers:            5704 kB
Cached:           646596 kB
SwapCached:         6396 kB
Active:           826412 kB
Inactive:         483780 kB
Active(anon):     444396 kB
Inactive(anon):   216340 kB
Active(file):     382016 kB
Inactive(file):   267440 kB
Unevictable:        1768 kB
Mlocked:               0 kB
HighTotal:       1372556 kB
HighFree:          71300 kB
LowTotal:         587396 kB
LowFree:           52344 kB
SwapTotal:        262140 kB
SwapFree:         129296 kB
Dirty:               732 kB
Writeback:             0 kB
AnonPages:        658944 kB
Mapped:           252980 kB
Shmem:              1076 kB
Slab:              68688 kB
SReclaimable:      19832 kB
SUnreclaim:        48856 kB
KernelStack:       18872 kB
PageTables:        31736 kB
NFS_Unstable:          0 kB
Bounce:                0 kB
WritebackTmp:          0 kB
CommitLimit:     1242116 kB
Committed_AS:   62190000 kB
VmallocTotal:     409600 kB
VmallocUsed:       32860 kB
VmallocChunk:      81948 kB
Time pass: 237 sec

---2015-10-26 00:17:40
MemTotal:        1959952 kB
MemFree:          146956 kB
Buffers:            5704 kB
Cached:           646608 kB
SwapCached:         6396 kB
Active:           806652 kB
Inactive:         482800 kB
Active(anon):     423744 kB
Inactive(anon):   216252 kB
Active(file):     382908 kB
Inactive(file):   266548 kB
Unevictable:        1768 kB
Mlocked:               0 kB
HighTotal:       1372556 kB
HighFree:          93960 kB
LowTotal:         587396 kB
LowFree:           52996 kB
SwapTotal:        262140 kB
SwapFree:         129296 kB
Dirty:               776 kB
Writeback:             0 kB
AnonPages:        638192 kB
Mapped:           248704 kB
Shmem:              1088 kB
Slab:              68576 kB
SReclaimable:      19792 kB
SUnreclaim:        48784 kB
KernelStack:       18648 kB
PageTables:        31196 kB
NFS_Unstable:          0 kB
Bounce:                0 kB
WritebackTmp:          0 kB
CommitLimit:     1242116 kB
Committed_AS:   61218364 kB
VmallocTotal:     409600 kB
VmallocUsed:       36792 kB
VmallocChunk:      81948 kB
Time pass: 241 sec

---2015-10-26 00:17:40
MemTotal:        1959952 kB
MemFree:          131272 kB
Buffers:            5704 kB
Cached:           646552 kB
SwapCached:         6396 kB
Active:           821984 kB
Inactive:         481480 kB
Active(anon):     439068 kB
Inactive(anon):   214936 kB
Active(file):     382916 kB
Inactive(file):   266544 kB
Unevictable:        1768 kB
Mlocked:               0 kB
HighTotal:       1372556 kB
HighFree:          78620 kB
LowTotal:         587396 kB
LowFree:           52652 kB
SwapTotal:        262140 kB
SwapFree:         129296 kB
Dirty:               768 kB
Writeback:             0 kB
AnonPages:        652424 kB
Mapped:           263308 kB
Shmem:              1028 kB
Slab:              68696 kB
SReclaimable:      19784 kB
SUnreclaim:        48912 kB
KernelStack:       18720 kB
PageTables:        31476 kB
NFS_Unstable:          0 kB
Bounce:                0 kB
WritebackTmp:          0 kB
CommitLimit:     1242116 kB
Committed_AS:   61186928 kB
VmallocTotal:     409600 kB
VmallocUsed:       42040 kB
VmallocChunk:      81948 kB
Time pass: 245 sec

---2015-10-26 00:17:40
MemTotal:        1959952 kB
MemFree:          126672 kB
Buffers:            5704 kB
Cached:           646632 kB
SwapCached:         6396 kB
Active:           825296 kB
Inactive:         481560 kB
Active(anon):     442400 kB
Inactive(anon):   214996 kB
Active(file):     382896 kB
Inactive(file):   266564 kB
Unevictable:        1768 kB
Mlocked:               0 kB
HighTotal:       1372556 kB
HighFree:          74988 kB
LowTotal:         587396 kB
LowFree:           51684 kB
SwapTotal:        262140 kB
SwapFree:         129296 kB
Dirty:               788 kB
Writeback:             0 kB
AnonPages:        655516 kB
Mapped:           273996 kB
Shmem:              1108 kB
Slab:              68600 kB
SReclaimable:      19784 kB
SUnreclaim:        48816 kB
KernelStack:       19256 kB
PageTables:        31948 kB
NFS_Unstable:          0 kB
Bounce:                0 kB
WritebackTmp:          0 kB
CommitLimit:     1242116 kB
Committed_AS:   62158408 kB
VmallocTotal:     409600 kB
VmallocUsed:       43124 kB
VmallocChunk:      81948 kB
Time pass: 249 sec

---2015-10-26 00:17:40
MemTotal:        1959952 kB
MemFree:          111092 kB
Buffers:            5704 kB
Cached:           646696 kB
SwapCached:         6396 kB
Active:           839976 kB
Inactive:         481608 kB
Active(anon):     457072 kB
Inactive(anon):   215052 kB
Active(file):     382904 kB
Inactive(file):   266556 kB
Unevictable:        1768 kB
Mlocked:               0 kB
HighTotal:       1372556 kB
HighFree:          59616 kB
LowTotal:         587396 kB
LowFree:           51476 kB
SwapTotal:        262140 kB
SwapFree:         129296 kB
Dirty:               800 kB
Writeback:             0 kB
AnonPages:        670552 kB
Mapped:           275488 kB
Shmem:              1172 kB
Slab:              68628 kB
SReclaimable:      19816 kB
SUnreclaim:        48812 kB
KernelStack:       19128 kB
PageTables:        32672 kB
NFS_Unstable:          0 kB
Bounce:                0 kB
WritebackTmp:          0 kB
CommitLimit:     1242116 kB
Committed_AS:   64080856 kB
VmallocTotal:     409600 kB
VmallocUsed:       44080 kB
VmallocChunk:      81948 kB
Time pass: 253 sec

---2015-10-26 00:17:40
MemTotal:        1959952 kB
MemFree:          117132 kB
Buffers:            5704 kB
Cached:           646636 kB
SwapCached:         6396 kB
Active:           834340 kB
Inactive:         481544 kB
Active(anon):     451436 kB
Inactive(anon):   214988 kB
Active(file):     382904 kB
Inactive(file):   266556 kB
Unevictable:        1768 kB
Mlocked:               0 kB
HighTotal:       1372556 kB
HighFree:          65584 kB
LowTotal:         587396 kB
LowFree:           51548 kB
SwapTotal:        262140 kB
SwapFree:         129296 kB
Dirty:               768 kB
Writeback:             4 kB
AnonPages:        664920 kB
Mapped:           275268 kB
Shmem:              1112 kB
Slab:              68652 kB
SReclaimable:      19808 kB
SUnreclaim:        48844 kB
KernelStack:       19216 kB
PageTables:        31700 kB
NFS_Unstable:          0 kB
Bounce:                0 kB
WritebackTmp:          0 kB
CommitLimit:     1242116 kB
Committed_AS:   61214708 kB
VmallocTotal:     409600 kB
VmallocUsed:       42040 kB
VmallocChunk:      81948 kB
Time pass: 257 sec

---2015-10-26 00:17:40
MemTotal:        1959952 kB
MemFree:          128260 kB
Buffers:            5704 kB
Cached:           646636 kB
SwapCached:         6396 kB
Active:           823280 kB
Inactive:         481544 kB
Active(anon):     440376 kB
Inactive(anon):   214988 kB
Active(file):     382904 kB
Inactive(file):   266556 kB
Unevictable:        1768 kB
Mlocked:               0 kB
HighTotal:       1372556 kB
HighFree:          76768 kB
LowTotal:         587396 kB
LowFree:           51492 kB
SwapTotal:        262140 kB
SwapFree:         129296 kB
Dirty:               780 kB
Writeback:             0 kB
AnonPages:        653452 kB
Mapped:           275228 kB
Shmem:              1112 kB
Slab:              68684 kB
SReclaimable:      19808 kB
SUnreclaim:        48876 kB
KernelStack:       19208 kB
PageTables:        31784 kB
NFS_Unstable:          0 kB
Bounce:                0 kB
WritebackTmp:          0 kB
CommitLimit:     1242116 kB
Committed_AS:   61210408 kB
VmallocTotal:     409600 kB
VmallocUsed:       42040 kB
VmallocChunk:      81948 kB
Time pass: 261 sec

---2015-10-26 00:17:40
MemTotal:        1959952 kB
MemFree:          134736 kB
Buffers:            5704 kB
Cached:           646668 kB
SwapCached:         6396 kB
Active:           818384 kB
Inactive:         481556 kB
Active(anon):     435464 kB
Inactive(anon):   215024 kB
Active(file):     382920 kB
Inactive(file):   266532 kB
Unevictable:        1768 kB
Mlocked:               0 kB
HighTotal:       1372556 kB
HighFree:          82692 kB
LowTotal:         587396 kB
LowFree:           52044 kB
SwapTotal:        262140 kB
SwapFree:         129304 kB
Dirty:               788 kB
Writeback:             0 kB
AnonPages:        648684 kB
Mapped:           265792 kB
Shmem:              1148 kB
Slab:              68712 kB
SReclaimable:      19808 kB
SUnreclaim:        48904 kB
KernelStack:       18832 kB
PageTables:        31488 kB
NFS_Unstable:          0 kB
Bounce:                0 kB
WritebackTmp:          0 kB
CommitLimit:     1242116 kB
Committed_AS:   61191800 kB
VmallocTotal:     409600 kB
VmallocUsed:       42040 kB
VmallocChunk:      81948 kB
Time pass: 265 sec

---2015-10-26 00:17:40
MemTotal:        1959952 kB
MemFree:          125696 kB
Buffers:            5704 kB
Cached:           646772 kB
SwapCached:         6396 kB
Active:           825212 kB
Inactive:         481632 kB
Active(anon):     442272 kB
Inactive(anon):   215012 kB
Active(file):     382940 kB
Inactive(file):   266620 kB
Unevictable:        1768 kB
Mlocked:               0 kB
HighTotal:       1372556 kB
HighFree:          74232 kB
LowTotal:         587396 kB
LowFree:           51464 kB
SwapTotal:        262140 kB
SwapFree:         129304 kB
Dirty:               980 kB
Writeback:             0 kB
AnonPages:        655316 kB
Mapped:           269564 kB
Shmem:              1148 kB
Slab:              68612 kB
SReclaimable:      19808 kB
SUnreclaim:        48804 kB
KernelStack:       19224 kB
PageTables:        31896 kB
NFS_Unstable:          0 kB
Bounce:                0 kB
WritebackTmp:          0 kB
CommitLimit:     1242116 kB
Committed_AS:   62170304 kB
VmallocTotal:     409600 kB
VmallocUsed:       43060 kB
VmallocChunk:      81948 kB
Time pass: 269 sec

---2015-10-26 00:17:40
MemTotal:        1959952 kB
MemFree:          137620 kB
Buffers:            5704 kB
Cached:           646840 kB
SwapCached:         6396 kB
Active:           816312 kB
Inactive:         481392 kB
Active(anon):     433080 kB
Inactive(anon):   215064 kB
Active(file):     383232 kB
Inactive(file):   266328 kB
Unevictable:        1768 kB
Mlocked:               0 kB
HighTotal:       1372556 kB
HighFree:          85932 kB
LowTotal:         587396 kB
LowFree:           51688 kB
SwapTotal:        262140 kB
SwapFree:         129304 kB
Dirty:               888 kB
Writeback:             0 kB
AnonPages:        646192 kB
Mapped:           258708 kB
Shmem:              1216 kB
Slab:              68868 kB
SReclaimable:      19816 kB
SUnreclaim:        49052 kB
KernelStack:       18936 kB
PageTables:        31680 kB
NFS_Unstable:          0 kB
Bounce:                0 kB
WritebackTmp:          0 kB
CommitLimit:     1242116 kB
Committed_AS:   62190384 kB
VmallocTotal:     409600 kB
VmallocUsed:       35836 kB
VmallocChunk:      81948 kB
Time pass: 273 sec

---2015-10-26 00:17:40
MemTotal:        1959952 kB
MemFree:          123972 kB
Buffers:            5704 kB
Cached:           646776 kB
SwapCached:         6396 kB
Active:           827652 kB
Inactive:         481232 kB
Active(anon):     444332 kB
Inactive(anon):   214992 kB
Active(file):     383320 kB
Inactive(file):   266240 kB
Unevictable:        1768 kB
Mlocked:               0 kB
HighTotal:       1372556 kB
HighFree:          72468 kB
LowTotal:         587396 kB
LowFree:           51504 kB
SwapTotal:        262140 kB
SwapFree:         129304 kB
Dirty:               864 kB
Writeback:             0 kB
AnonPages:        657304 kB
Mapped:           269048 kB
Shmem:              1152 kB
Slab:              68892 kB
SReclaimable:      19808 kB
SUnreclaim:        49084 kB
KernelStack:       19136 kB
PageTables:        31632 kB
NFS_Unstable:          0 kB
Bounce:                0 kB
WritebackTmp:          0 kB
CommitLimit:     1242116 kB
Committed_AS:   61218340 kB
VmallocTotal:     409600 kB
VmallocUsed:       33944 kB
VmallocChunk:      81948 kB
Time pass: 277 sec

---2015-10-26 00:17:40
MemTotal:        1959952 kB
MemFree:          134648 kB
Buffers:            5704 kB
Cached:           646776 kB
SwapCached:         6396 kB
Active:           816960 kB
Inactive:         481232 kB
Active(anon):     433640 kB
Inactive(anon):   214992 kB
Active(file):     383320 kB
Inactive(file):   266240 kB
Unevictable:        1768 kB
Mlocked:               0 kB
HighTotal:       1372556 kB
HighFree:          82944 kB
LowTotal:         587396 kB
LowFree:           51704 kB
SwapTotal:        262140 kB
SwapFree:         129304 kB
Dirty:               920 kB
Writeback:             0 kB
AnonPages:        646876 kB
Mapped:           269088 kB
Shmem:              1152 kB
Slab:              68740 kB
SReclaimable:      19808 kB
SUnreclaim:        48932 kB
KernelStack:       19136 kB
PageTables:        31704 kB
NFS_Unstable:          0 kB
Bounce:                0 kB
WritebackTmp:          0 kB
CommitLimit:     1242116 kB
Committed_AS:   61214796 kB
VmallocTotal:     409600 kB
VmallocUsed:       33944 kB
VmallocChunk:      81948 kB
Time pass: 282 sec

---2015-10-26 00:17:40
MemTotal:        1959952 kB
MemFree:          131056 kB
Buffers:            5704 kB
Cached:           646844 kB
SwapCached:         6396 kB
Active:           821584 kB
Inactive:         481292 kB
Active(anon):     438264 kB
Inactive(anon):   215048 kB
Active(file):     383320 kB
Inactive(file):   266244 kB
Unevictable:        1768 kB
Mlocked:               0 kB
HighTotal:       1372556 kB
HighFree:          78696 kB
LowTotal:         587396 kB
LowFree:           52360 kB
SwapTotal:        262140 kB
SwapFree:         129304 kB
Dirty:               884 kB
Writeback:             0 kB
AnonPages:        651356 kB
Mapped:           262684 kB
Shmem:              1216 kB
Slab:              68832 kB
SReclaimable:      19808 kB
SUnreclaim:        49024 kB
KernelStack:       18992 kB
PageTables:        31272 kB
NFS_Unstable:          0 kB
Bounce:                0 kB
WritebackTmp:          0 kB
CommitLimit:     1242116 kB
Committed_AS:   60248940 kB
VmallocTotal:     409600 kB
VmallocUsed:       32860 kB
VmallocChunk:      81948 kB
Time pass: 286 sec

---2015-10-26 00:17:40
MemTotal:        1959952 kB
MemFree:          115364 kB
Buffers:            5704 kB
Cached:           646784 kB
SwapCached:         6396 kB
Active:           835864 kB
Inactive:         481212 kB
Active(anon):     452540 kB
Inactive(anon):   214972 kB
Active(file):     383324 kB
Inactive(file):   266240 kB
Unevictable:        1768 kB
Mlocked:               0 kB
HighTotal:       1372556 kB
HighFree:          63968 kB
LowTotal:         587396 kB
LowFree:           51396 kB
SwapTotal:        262140 kB
SwapFree:         129304 kB
Dirty:               916 kB
Writeback:             0 kB
AnonPages:        665816 kB
Mapped:           270760 kB
Shmem:              1156 kB
Slab:              68768 kB
SReclaimable:      19808 kB
SUnreclaim:        48960 kB
KernelStack:       19112 kB
PageTables:        31952 kB
NFS_Unstable:          0 kB
Bounce:                0 kB
WritebackTmp:          0 kB
CommitLimit:     1242116 kB
Committed_AS:   63080656 kB
VmallocTotal:     409600 kB
VmallocUsed:       31840 kB
VmallocChunk:      81948 kB
Time pass: 290 sec

---2015-10-26 00:17:40
MemTotal:        1959952 kB
MemFree:          119956 kB
Buffers:            5704 kB
Cached:           646860 kB
SwapCached:         6396 kB
Active:           832056 kB
Inactive:         481208 kB
Active(anon):     448652 kB
Inactive(anon):   215040 kB
Active(file):     383404 kB
Inactive(file):   266168 kB
Unevictable:        1768 kB
Mlocked:               0 kB
HighTotal:       1372556 kB
HighFree:          67948 kB
LowTotal:         587396 kB
LowFree:           52008 kB
SwapTotal:        262140 kB
SwapFree:         129304 kB
Dirty:               908 kB
Writeback:             0 kB
AnonPages:        661760 kB
Mapped:           259868 kB
Shmem:              1224 kB
Slab:              68744 kB
SReclaimable:      19808 kB
SUnreclaim:        48936 kB
KernelStack:       18992 kB
PageTables:        31476 kB
NFS_Unstable:          0 kB
Bounce:                0 kB
WritebackTmp:          0 kB
CommitLimit:     1242116 kB
Committed_AS:   61240856 kB
VmallocTotal:     409600 kB
VmallocUsed:       36940 kB
VmallocChunk:      81948 kB
Time pass: 294 sec

---2015-10-26 00:17:40
MemTotal:        1959952 kB
MemFree:          118432 kB
Buffers:            5704 kB
Cached:           646848 kB
SwapCached:         6396 kB
Active:           834032 kB
Inactive:         481184 kB
Active(anon):     450624 kB
Inactive(anon):   215012 kB
Active(file):     383408 kB
Inactive(file):   266172 kB
Unevictable:        1768 kB
Mlocked:               0 kB
HighTotal:       1372556 kB
HighFree:          66944 kB
LowTotal:         587396 kB
LowFree:           51488 kB
SwapTotal:        262140 kB
SwapFree:         129304 kB
Dirty:               908 kB
Writeback:             0 kB
AnonPages:        663880 kB
Mapped:           263436 kB
Shmem:              1204 kB
Slab:              68768 kB
SReclaimable:      19800 kB
SUnreclaim:        48968 kB
KernelStack:       18984 kB
PageTables:        31408 kB
NFS_Unstable:          0 kB
Bounce:                0 kB
WritebackTmp:          0 kB
CommitLimit:     1242116 kB
Committed_AS:   61241688 kB
VmallocTotal:     409600 kB
VmallocUsed:       38980 kB
VmallocChunk:      81948 kB
Time pass: 298 sec

---2015-10-26 00:17:40
MemTotal:        1959952 kB
MemFree:          111544 kB
Buffers:            5704 kB
Cached:           646816 kB
SwapCached:         6396 kB
Active:           841028 kB
Inactive:         481144 kB
Active(anon):     457620 kB
Inactive(anon):   214980 kB
Active(file):     383408 kB
Inactive(file):   266164 kB
Unevictable:        1768 kB
Mlocked:               0 kB
HighTotal:       1372556 kB
HighFree:          59400 kB
LowTotal:         587396 kB
LowFree:           52144 kB
SwapTotal:        262140 kB
SwapFree:         129304 kB
Dirty:               896 kB
Writeback:             0 kB
AnonPages:        670772 kB
Mapped:           267292 kB
Shmem:              1180 kB
Slab:              68768 kB
SReclaimable:      19800 kB
SUnreclaim:        48968 kB
KernelStack:       18888 kB
PageTables:        31632 kB
NFS_Unstable:          0 kB
Bounce:                0 kB
WritebackTmp:          0 kB
CommitLimit:     1242116 kB
Committed_AS:   62149152 kB
VmallocTotal:     409600 kB
VmallocUsed:       42040 kB
VmallocChunk:      81948 kB
Time pass: 302 sec

---2015-10-26 00:17:40
MemTotal:        1959952 kB
MemFree:          139352 kB
Buffers:            5704 kB
Cached:           646792 kB
SwapCached:         6396 kB
Active:           814344 kB
Inactive:         480904 kB
Active(anon):     430932 kB
Inactive(anon):   214744 kB
Active(file):     383412 kB
Inactive(file):   266160 kB
Unevictable:        1768 kB
Mlocked:               0 kB
HighTotal:       1372556 kB
HighFree:          86108 kB
LowTotal:         587396 kB
LowFree:           53244 kB
SwapTotal:        262140 kB
SwapFree:         129304 kB
Dirty:               920 kB
Writeback:             0 kB
AnonPages:        643756 kB
Mapped:           261220 kB
Shmem:              1156 kB
Slab:              68792 kB
SReclaimable:      19792 kB
SUnreclaim:        49000 kB
KernelStack:       18416 kB
PageTables:        30692 kB
NFS_Unstable:          0 kB
Bounce:                0 kB
WritebackTmp:          0 kB
CommitLimit:     1242116 kB
Committed_AS:   59279180 kB
VmallocTotal:     409600 kB
VmallocUsed:       40000 kB
VmallocChunk:      81948 kB
Time pass: 306 sec

---2015-10-26 00:17:40
MemTotal:        1959952 kB
MemFree:          114552 kB
Buffers:            5704 kB
Cached:           646796 kB
SwapCached:         6396 kB
Active:           837772 kB
Inactive:         480912 kB
Active(anon):     454376 kB
Inactive(anon):   214736 kB
Active(file):     383396 kB
Inactive(file):   266176 kB
Unevictable:        1768 kB
Mlocked:               0 kB
HighTotal:       1372556 kB
HighFree:          63048 kB
LowTotal:         587396 kB
LowFree:           51504 kB
SwapTotal:        262140 kB
SwapFree:         129304 kB
Dirty:               976 kB
Writeback:             0 kB
AnonPages:        667248 kB
Mapped:           274268 kB
Shmem:              1160 kB
Slab:              68792 kB
SReclaimable:      19792 kB
SUnreclaim:        49000 kB
KernelStack:       19176 kB
PageTables:        31824 kB
NFS_Unstable:          0 kB
Bounce:                0 kB
WritebackTmp:          0 kB
CommitLimit:     1242116 kB
Committed_AS:   62160196 kB
VmallocTotal:     409600 kB
VmallocUsed:       42040 kB
VmallocChunk:      81948 kB
Time pass: 309 sec

---2015-10-26 00:17:40
MemTotal:        1959952 kB
MemFree:          103228 kB
Buffers:            5704 kB
Cached:           646868 kB
SwapCached:         6396 kB
Active:           848348 kB
Inactive:         480960 kB
Active(anon):     464936 kB
Inactive(anon):   214792 kB
Active(file):     383412 kB
Inactive(file):   266168 kB
Unevictable:        1768 kB
Mlocked:               0 kB
HighTotal:       1372556 kB
HighFree:          51920 kB
LowTotal:         587396 kB
LowFree:           51308 kB
SwapTotal:        262140 kB
SwapFree:         129304 kB
Dirty:               960 kB
Writeback:             0 kB
AnonPages:        677876 kB
Mapped:           272012 kB
Shmem:              1224 kB
Slab:              68788 kB
SReclaimable:      19792 kB
SUnreclaim:        48996 kB
KernelStack:       19232 kB
PageTables:        31928 kB
NFS_Unstable:          0 kB
Bounce:                0 kB
WritebackTmp:          0 kB
CommitLimit:     1242116 kB
Committed_AS:   62186860 kB
VmallocTotal:     409600 kB
VmallocUsed:       43092 kB
VmallocChunk:      81948 kB
Time pass: 314 sec

---2015-10-26 00:17:40
MemTotal:        1959952 kB
MemFree:          111916 kB
Buffers:            5704 kB
Cached:           646808 kB
SwapCached:         6396 kB
Active:           839880 kB
Inactive:         480904 kB
Active(anon):     456472 kB
Inactive(anon):   214728 kB
Active(file):     383408 kB
Inactive(file):   266176 kB
Unevictable:        1768 kB
Mlocked:               0 kB
HighTotal:       1372556 kB
HighFree:          60572 kB
LowTotal:         587396 kB
LowFree:           51344 kB
SwapTotal:        262140 kB
SwapFree:         129304 kB
Dirty:               916 kB
Writeback:             0 kB
AnonPages:        669496 kB
Mapped:           270492 kB
Shmem:              1160 kB
Slab:              68836 kB
SReclaimable:      19808 kB
SUnreclaim:        49028 kB
KernelStack:       19056 kB
PageTables:        31604 kB
NFS_Unstable:          0 kB
Bounce:                0 kB
WritebackTmp:          0 kB
CommitLimit:     1242116 kB
Committed_AS:   61203136 kB
VmallocTotal:     409600 kB
VmallocUsed:       42072 kB
VmallocChunk:      81948 kB
Time pass: 318 sec

---2015-10-26 00:17:40
MemTotal:        1959952 kB
MemFree:          126060 kB
Buffers:            5704 kB
Cached:           646808 kB
SwapCached:         6396 kB
Active:           826276 kB
Inactive:         480904 kB
Active(anon):     442868 kB
Inactive(anon):   214728 kB
Active(file):     383408 kB
Inactive(file):   266176 kB
Unevictable:        1768 kB
Mlocked:               0 kB
HighTotal:       1372556 kB
HighFree:          74484 kB
LowTotal:         587396 kB
LowFree:           51576 kB
SwapTotal:        262140 kB
SwapFree:         129304 kB
Dirty:               932 kB
Writeback:             0 kB
AnonPages:        655736 kB
Mapped:           270460 kB
Shmem:              1160 kB
Slab:              68772 kB
SReclaimable:      19808 kB
SUnreclaim:        48964 kB
KernelStack:       18936 kB
PageTables:        31640 kB
NFS_Unstable:          0 kB
Bounce:                0 kB
WritebackTmp:          0 kB
CommitLimit:     1242116 kB
Committed_AS:   61198732 kB
VmallocTotal:     409600 kB
VmallocUsed:       42072 kB
VmallocChunk:      81948 kB
Time pass: 322 sec

---2015-10-26 00:17:40
MemTotal:        1959952 kB
MemFree:          133516 kB
Buffers:            5704 kB
Cached:           646808 kB
SwapCached:         6396 kB
Active:           819544 kB
Inactive:         480904 kB
Active(anon):     436136 kB
Inactive(anon):   214728 kB
Active(file):     383408 kB
Inactive(file):   266176 kB
Unevictable:        1768 kB
Mlocked:               0 kB
HighTotal:       1372556 kB
HighFree:          81124 kB
LowTotal:         587396 kB
LowFree:           52392 kB
SwapTotal:        262140 kB
SwapFree:         129304 kB
Dirty:               928 kB
Writeback:             0 kB
AnonPages:        649076 kB
Mapped:           263560 kB
Shmem:              1160 kB
Slab:              68772 kB
SReclaimable:      19808 kB
SUnreclaim:        48964 kB
KernelStack:       18632 kB
PageTables:        31216 kB
NFS_Unstable:          0 kB
Bounce:                0 kB
WritebackTmp:          0 kB
CommitLimit:     1242116 kB
Committed_AS:   60228028 kB
VmallocTotal:     409600 kB
VmallocUsed:       41052 kB
VmallocChunk:      81948 kB
Time pass: 325 sec

---2015-10-26 00:17:40
MemTotal:        1959952 kB
MemFree:          109220 kB
Buffers:            5704 kB
Cached:           646908 kB
SwapCached:         6396 kB
Active:           842132 kB
Inactive:         481004 kB
Active(anon):     458728 kB
Inactive(anon):   214812 kB
Active(file):     383404 kB
Inactive(file):   266192 kB
Unevictable:        1768 kB
Mlocked:               0 kB
HighTotal:       1372556 kB
HighFree:          58252 kB
LowTotal:         587396 kB
LowFree:           50968 kB
SwapTotal:        262140 kB
SwapFree:         129304 kB
Dirty:               972 kB
Writeback:             0 kB
AnonPages:        671776 kB
Mapped:           267100 kB
Shmem:              1248 kB
Slab:              68764 kB
SReclaimable:      19816 kB
SUnreclaim:        48948 kB
KernelStack:       19264 kB
PageTables:        31976 kB
NFS_Unstable:          0 kB
Bounce:                0 kB
WritebackTmp:          0 kB
CommitLimit:     1242116 kB
Committed_AS:   62186372 kB
VmallocTotal:     409600 kB
VmallocUsed:       38024 kB
VmallocChunk:      81948 kB
Time pass: 329 sec

---2015-10-26 00:17:40
MemTotal:        1959952 kB
MemFree:           97032 kB
Buffers:            5704 kB
Cached:           646980 kB
SwapCached:         6396 kB
Active:           854284 kB
Inactive:         481008 kB
Active(anon):     470876 kB
Inactive(anon):   214824 kB
Active(file):     383408 kB
Inactive(file):   266184 kB
Unevictable:        1768 kB
Mlocked:               0 kB
HighTotal:       1372556 kB
HighFree:          45728 kB
LowTotal:         587396 kB
LowFree:           51304 kB
SwapTotal:        262140 kB
SwapFree:         129304 kB
Dirty:               976 kB
Writeback:             0 kB
AnonPages:        683652 kB
Mapped:           271052 kB
Shmem:              1324 kB
Slab:              68764 kB
SReclaimable:      19816 kB
SUnreclaim:        48948 kB
KernelStack:       19216 kB
PageTables:        32072 kB
NFS_Unstable:          0 kB
Bounce:                0 kB
WritebackTmp:          0 kB
CommitLimit:     1242116 kB
Committed_AS:   62186488 kB
VmallocTotal:     409600 kB
VmallocUsed:       38024 kB
VmallocChunk:      81948 kB
Time pass: 334 sec

---2015-10-26 00:17:40
MemTotal:        1959952 kB
MemFree:          114328 kB
Buffers:            5704 kB
Cached:           646920 kB
SwapCached:         6396 kB
Active:           838272 kB
Inactive:         480944 kB
Active(anon):     454864 kB
Inactive(anon):   214760 kB
Active(file):     383408 kB
Inactive(file):   266184 kB
Unevictable:        1768 kB
Mlocked:               0 kB
HighTotal:       1372556 kB
HighFree:          62256 kB
LowTotal:         587396 kB
LowFree:           52072 kB
SwapTotal:        262140 kB
SwapFree:         129304 kB
Dirty:               924 kB
Writeback:             0 kB
AnonPages:        667588 kB
Mapped:           268980 kB
Shmem:              1264 kB
Slab:              68732 kB
SReclaimable:      19816 kB
SUnreclaim:        48916 kB
KernelStack:       19080 kB
PageTables:        31364 kB
NFS_Unstable:          0 kB
Bounce:                0 kB
WritebackTmp:          0 kB
CommitLimit:     1242116 kB
Committed_AS:   60251760 kB
VmallocTotal:     409600 kB
VmallocUsed:       37004 kB
VmallocChunk:      81948 kB
Time pass: 338 sec

---2015-10-26 00:17:40
MemTotal:        1959952 kB
MemFree:          125060 kB
Buffers:            5704 kB
Cached:           647160 kB
SwapCached:         6400 kB
Active:           828080 kB
Inactive:         481160 kB
Active(anon):     444644 kB
Inactive(anon):   214764 kB
Active(file):     383436 kB
Inactive(file):   266396 kB
Unevictable:        1768 kB
Mlocked:               0 kB
HighTotal:       1372556 kB
HighFree:          72244 kB
LowTotal:         587396 kB
LowFree:           52816 kB
SwapTotal:        262140 kB
SwapFree:         129304 kB
Dirty:               924 kB
Writeback:             0 kB
AnonPages:        657364 kB
Mapped:           262536 kB
Shmem:              1264 kB
Slab:              68724 kB
SReclaimable:      19808 kB
SUnreclaim:        48916 kB
KernelStack:       18624 kB
PageTables:        31096 kB
NFS_Unstable:          0 kB
Bounce:                0 kB
WritebackTmp:          0 kB
CommitLimit:     1242116 kB
Committed_AS:   60231076 kB
VmallocTotal:     409600 kB
VmallocUsed:       36972 kB
VmallocChunk:      81948 kB
Time pass: 342 sec

---2015-10-26 00:17:40
MemTotal:        1959952 kB
MemFree:          132756 kB
Buffers:            5704 kB
Cached:           647228 kB
SwapCached:         6400 kB
Active:           823444 kB
Inactive:         481104 kB
Active(anon):     439888 kB
Inactive(anon):   214824 kB
Active(file):     383556 kB
Inactive(file):   266280 kB
Unevictable:        1768 kB
Mlocked:               0 kB
HighTotal:       1372556 kB
HighFree:          78736 kB
LowTotal:         587396 kB
LowFree:           54020 kB
SwapTotal:        262140 kB
SwapFree:         129304 kB
Dirty:               928 kB
Writeback:             0 kB
AnonPages:        652520 kB
Mapped:           243068 kB
Shmem:              1328 kB
Slab:              68780 kB
SReclaimable:      19800 kB
SUnreclaim:        48980 kB
KernelStack:       18144 kB
PageTables:        31028 kB
NFS_Unstable:          0 kB
Bounce:                0 kB
WritebackTmp:          0 kB
CommitLimit:     1242116 kB
Committed_AS:   61214664 kB
VmallocTotal:     409600 kB
VmallocUsed:       31724 kB
VmallocChunk:      81948 kB
Time pass: 345 sec

---2015-10-26 00:17:40
MemTotal:        1959952 kB
MemFree:          110500 kB
Buffers:            5704 kB
Cached:           647172 kB
SwapCached:         6400 kB
Active:           843588 kB
Inactive:         481044 kB
Active(anon):     460044 kB
Inactive(anon):   214752 kB
Active(file):     383544 kB
Inactive(file):   266292 kB
Unevictable:        1768 kB
Mlocked:               0 kB
HighTotal:       1372556 kB
HighFree:          57520 kB
LowTotal:         587396 kB
LowFree:           52980 kB
SwapTotal:        262140 kB
SwapFree:         129304 kB
Dirty:               964 kB
Writeback:             0 kB
AnonPages:        672828 kB
Mapped:           264368 kB
Shmem:              1272 kB
Slab:              68776 kB
SReclaimable:      19800 kB
SUnreclaim:        48976 kB
KernelStack:       18688 kB
PageTables:        30948 kB
NFS_Unstable:          0 kB
Bounce:                0 kB
WritebackTmp:          0 kB
CommitLimit:     1242116 kB
Committed_AS:   60256536 kB
VmallocTotal:     409600 kB
VmallocUsed:       31904 kB
VmallocChunk:      81948 kB
Time pass: 350 sec

---2015-10-26 00:17:40
MemTotal:        1959952 kB
MemFree:          139476 kB
Buffers:            5704 kB
Cached:           647228 kB
SwapCached:         6400 kB
Active:           815252 kB
Inactive:         481088 kB
Active(anon):     431704 kB
Inactive(anon):   214804 kB
Active(file):     383548 kB
Inactive(file):   266284 kB
Unevictable:        1768 kB
Mlocked:               0 kB
HighTotal:       1372556 kB
HighFree:          86644 kB
LowTotal:         587396 kB
LowFree:           52832 kB
SwapTotal:        262140 kB
SwapFree:         129304 kB
Dirty:               944 kB
Writeback:             0 kB
AnonPages:        644272 kB
Mapped:           254812 kB
Shmem:              1332 kB
Slab:              68732 kB
SReclaimable:      19792 kB
SUnreclaim:        48940 kB
KernelStack:       18768 kB
PageTables:        30888 kB
NFS_Unstable:          0 kB
Bounce:                0 kB
WritebackTmp:          0 kB
CommitLimit:     1242116 kB
Committed_AS:   60282280 kB
VmallocTotal:     409600 kB
VmallocUsed:       38896 kB
VmallocChunk:      81948 kB
Time pass: 354 sec

---2015-10-26 00:17:40
MemTotal:        1959952 kB
MemFree:          108892 kB
Buffers:            5704 kB
Cached:           647168 kB
SwapCached:         6400 kB
Active:           844584 kB
Inactive:         481024 kB
Active(anon):     461036 kB
Inactive(anon):   214736 kB
Active(file):     383548 kB
Inactive(file):   266288 kB
Unevictable:        1768 kB
Mlocked:               0 kB
HighTotal:       1372556 kB
HighFree:          55896 kB
LowTotal:         587396 kB
LowFree:           52996 kB
SwapTotal:        262140 kB
SwapFree:         129304 kB
Dirty:               916 kB
Writeback:             0 kB
AnonPages:        673940 kB
Mapped:           268844 kB
Shmem:              1272 kB
Slab:              68724 kB
SReclaimable:      19784 kB
