---2015-12-04 21:02:09
MemTotal:        2746844 kB
MemFree:           93408 kB
Buffers:           11800 kB
Cached:          1010920 kB
SwapCached:          360 kB
Active:           924152 kB
Inactive:         982956 kB
Active(anon):     427552 kB
Inactive(anon):   476128 kB
Active(file):     496600 kB
Inactive(file):   506828 kB
Unevictable:       35688 kB
Mlocked:           27720 kB
SwapTotal:       1310716 kB
SwapFree:        1305616 kB
Dirty:                 0 kB
Writeback:             0 kB
AnonPages:        920344 kB
Mapped:           435008 kB
Shmem:               292 kB
Slab:             106480 kB
SReclaimable:      31132 kB
SUnreclaim:        75348 kB
KernelStack:       31136 kB
PageTables:        59132 kB
NFS_Unstable:          0 kB
Bounce:                0 kB
WritebackTmp:          0 kB
CommitLimit:     2684136 kB
Committed_AS:   150601808 kB
VmallocTotal:   251658176 kB
VmallocUsed:      294908 kB
VmallocChunk:   247561408 kB
Time pass: 3 sec

---2015-12-04 21:02:09
MemTotal:        2746844 kB
MemFree:           94656 kB
Buffers:           11808 kB
Cached:          1010940 kB
SwapCached:          360 kB
Active:           922640 kB
Inactive:         982432 kB
Active(anon):     426028 kB
Inactive(anon):   475588 kB
Active(file):     496612 kB
Inactive(file):   506844 kB
Unevictable:       35688 kB
Mlocked:           27720 kB
SwapTotal:       1310716 kB
SwapFree:        1305616 kB
Dirty:                 4 kB
Writeback:             0 kB
AnonPages:        918168 kB
Mapped:           435108 kB
Shmem:               292 kB
Slab:             106480 kB
SReclaimable:      31132 kB
SUnreclaim:        75348 kB
KernelStack:       31056 kB
PageTables:        59184 kB
NFS_Unstable:          0 kB
Bounce:                0 kB
WritebackTmp:          0 kB
CommitLimit:     2684136 kB
Committed_AS:   150601888 kB
VmallocTotal:   251658176 kB
VmallocUsed:      294908 kB
VmallocChunk:   247561408 kB
Time pass: 7 sec

---2015-12-04 21:02:09
MemTotal:        2746844 kB
MemFree:           95440 kB
Buffers:           11808 kB
Cached:          1010940 kB
SwapCached:          360 kB
Active:           922924 kB
Inactive:         982432 kB
Active(anon):     426312 kB
Inactive(anon):   475588 kB
Active(file):     496612 kB
Inactive(file):   506844 kB
Unevictable:       35688 kB
Mlocked:           27720 kB
SwapTotal:       1310716 kB
SwapFree:        1305616 kB
Dirty:                 0 kB
Writeback:             0 kB
AnonPages:        918140 kB
Mapped:           435192 kB
Shmem:               292 kB
Slab:             106456 kB
SReclaimable:      31132 kB
SUnreclaim:        75324 kB
KernelStack:       31040 kB
PageTables:        59216 kB
NFS_Unstable:          0 kB
Bounce:                0 kB
WritebackTmp:          0 kB
CommitLimit:     2684136 kB
Committed_AS:   150601776 kB
VmallocTotal:   251658176 kB
VmallocUsed:      294908 kB
VmallocChunk:   247561408 kB
Time pass: 10 sec

---2015-12-04 21:02:09
MemTotal:        2746844 kB
MemFree:           95660 kB
Buffers:           11808 kB
Cached:          1010940 kB
SwapCached:          360 kB
Active:           923184 kB
Inactive:         982432 kB
Active(anon):     426572 kB
Inactive(anon):   475588 kB
Active(file):     496612 kB
Inactive(file):   506844 kB
Unevictable:       35688 kB
Mlocked:           27720 kB
SwapTotal:       1310716 kB
SwapFree:        1305616 kB
Dirty:                 0 kB
Writeback:             0 kB
AnonPages:        918168 kB
Mapped:           435192 kB
Shmem:               292 kB
Slab:             106464 kB
SReclaimable:      31132 kB
SUnreclaim:        75332 kB
KernelStack:       31008 kB
PageTables:        59208 kB
NFS_Unstable:          0 kB
Bounce:                0 kB
WritebackTmp:          0 kB
CommitLimit:     2684136 kB
Committed_AS:   150601784 kB
VmallocTotal:   251658176 kB
VmallocUsed:      294908 kB
VmallocChunk:   247561408 kB
Time pass: 14 sec

---2015-12-04 21:02:09
MemTotal:        2746844 kB
MemFree:           94880 kB
Buffers:           11808 kB
Cached:          1010940 kB
SwapCached:          360 kB
Active:           923476 kB
Inactive:         982400 kB
Active(anon):     426864 kB
Inactive(anon):   475556 kB
Active(file):     496612 kB
Inactive(file):   506844 kB
Unevictable:       35688 kB
Mlocked:           27720 kB
SwapTotal:       1310716 kB
SwapFree:        1305616 kB
Dirty:                 0 kB
Writeback:             0 kB
AnonPages:        918332 kB
Mapped:           435276 kB
Shmem:               292 kB
Slab:             106576 kB
SReclaimable:      31148 kB
SUnreclaim:        75428 kB
KernelStack:       30992 kB
PageTables:        59236 kB
NFS_Unstable:          0 kB
Bounce:                0 kB
WritebackTmp:          0 kB
CommitLimit:     2684136 kB
Committed_AS:   150601792 kB
VmallocTotal:   251658176 kB
VmallocUsed:      294908 kB
VmallocChunk:   247561408 kB
Time pass: 17 sec

---2015-12-04 21:02:09
MemTotal:        2746844 kB
MemFree:           65004 kB
Buffers:           10948 kB
Cached:           963848 kB
SwapCached:          372 kB
Active:           927888 kB
Inactive:         952156 kB
Active(anon):     451656 kB
Inactive(anon):   472400 kB
Active(file):     476232 kB
Inactive(file):   479756 kB
Unevictable:       35688 kB
Mlocked:           27720 kB
SwapTotal:       1310716 kB
SwapFree:        1303256 kB
Dirty:              1104 kB
Writeback:             0 kB
AnonPages:        940032 kB
Mapped:           460632 kB
Shmem:               412 kB
Slab:             106688 kB
SReclaimable:      31500 kB
SUnreclaim:        75188 kB
KernelStack:       32192 kB
PageTables:        60036 kB
NFS_Unstable:          0 kB
Bounce:                0 kB
WritebackTmp:          0 kB
CommitLimit:     2684136 kB
Committed_AS:   151912700 kB
VmallocTotal:   251658176 kB
VmallocUsed:      312772 kB
VmallocChunk:   247561408 kB
Time pass: 21 sec

---2015-12-04 21:02:09
MemTotal:        2746844 kB
MemFree:           68560 kB
Buffers:            9488 kB
Cached:           828936 kB
SwapCached:          732 kB
Active:           860112 kB
Inactive:         870856 kB
Active(anon):     450656 kB
Inactive(anon):   461424 kB
Active(file):     409456 kB
Inactive(file):   409432 kB
Unevictable:       35692 kB
Mlocked:           27720 kB
SwapTotal:       1310716 kB
SwapFree:        1273024 kB
Dirty:              2224 kB
Writeback:             0 kB
AnonPages:        928432 kB
Mapped:           458192 kB
Shmem:               548 kB
Slab:             107520 kB
SReclaimable:      31800 kB
SUnreclaim:        75720 kB
KernelStack:       32544 kB
PageTables:        60280 kB
NFS_Unstable:          0 kB
Bounce:                0 kB
WritebackTmp:          0 kB
CommitLimit:     2684136 kB
Committed_AS:   151946704 kB
VmallocTotal:   251658176 kB
VmallocUsed:      317604 kB
VmallocChunk:   247561408 kB
Time pass: 24 sec

---2015-12-04 21:02:09
MemTotal:        2746844 kB
MemFree:           96012 kB
Buffers:            9528 kB
Cached:           827912 kB
SwapCached:          740 kB
Active:           848756 kB
Inactive:         854540 kB
Active(anon):     439848 kB
Inactive(anon):   445560 kB
Active(file):     408908 kB
Inactive(file):   408980 kB
Unevictable:       35692 kB
Mlocked:           27720 kB
SwapTotal:       1310716 kB
SwapFree:        1272644 kB
Dirty:               324 kB
Writeback:             0 kB
AnonPages:        900032 kB
Mapped:           457848 kB
Shmem:               548 kB
Slab:             107568 kB
SReclaimable:      31800 kB
SUnreclaim:        75768 kB
KernelStack:       32512 kB
PageTables:        60216 kB
NFS_Unstable:          0 kB
Bounce:                0 kB
WritebackTmp:          0 kB
CommitLimit:     2684136 kB
Committed_AS:   151917204 kB
VmallocTotal:   251658176 kB
VmallocUsed:      317604 kB
VmallocChunk:   247561408 kB
Time pass: 28 sec

---2015-12-04 21:02:09
MemTotal:        2746844 kB
MemFree:           99592 kB
Buffers:            9536 kB
Cached:           828012 kB
SwapCached:          740 kB
Active:           846808 kB
Inactive:         853976 kB
Active(anon):     437836 kB
Inactive(anon):   445000 kB
Active(file):     408972 kB
Inactive(file):   408976 kB
Unevictable:       35692 kB
Mlocked:           27720 kB
SwapTotal:       1310716 kB
SwapFree:        1272644 kB
Dirty:                88 kB
Writeback:             0 kB
AnonPages:        897808 kB
Mapped:           457916 kB
Shmem:               548 kB
Slab:             107632 kB
SReclaimable:      31800 kB
SUnreclaim:        75832 kB
KernelStack:       32512 kB
PageTables:        60232 kB
NFS_Unstable:          0 kB
Bounce:                0 kB
WritebackTmp:          0 kB
CommitLimit:     2684136 kB
Committed_AS:   151917092 kB
VmallocTotal:   251658176 kB
VmallocUsed:      317604 kB
VmallocChunk:   247561408 kB
Time pass: 31 sec

---2015-12-04 21:02:09
MemTotal:        2746844 kB
MemFree:          102248 kB
Buffers:            9624 kB
Cached:           828812 kB
SwapCached:          740 kB
Active:           844652 kB
Inactive:         854244 kB
Active(anon):     435072 kB
Inactive(anon):   444756 kB
Active(file):     409580 kB
Inactive(file):   409488 kB
Unevictable:       35692 kB
Mlocked:           27720 kB
SwapTotal:       1310716 kB
SwapFree:        1272644 kB
Dirty:                 0 kB
Writeback:             0 kB
AnonPages:        895596 kB
Mapped:           457516 kB
Shmem:               324 kB
Slab:             107516 kB
SReclaimable:      31800 kB
SUnreclaim:        75716 kB
KernelStack:       32208 kB
PageTables:        58968 kB
NFS_Unstable:          0 kB
Bounce:                0 kB
WritebackTmp:          0 kB
CommitLimit:     2684136 kB
Committed_AS:   148325244 kB
VmallocTotal:   251658176 kB
VmallocUsed:      315564 kB
VmallocChunk:   247561408 kB
Time pass: 35 sec

---2015-12-04 21:02:09
MemTotal:        2746844 kB
MemFree:           65744 kB
Buffers:            9508 kB
Cached:           817384 kB
SwapCached:         1132 kB
Active:           850712 kB
Inactive:         852312 kB
Active(anon):     447040 kB
Inactive(anon):   448300 kB
Active(file):     403672 kB
Inactive(file):   404012 kB
Unevictable:       35692 kB
Mlocked:           27720 kB
SwapTotal:       1310716 kB
SwapFree:        1269328 kB
Dirty:                76 kB
Writeback:             0 kB
AnonPages:        911036 kB
Mapped:           462884 kB
Shmem:               324 kB
Slab:             107572 kB
SReclaimable:      31800 kB
SUnreclaim:        75772 kB
KernelStack:       32448 kB
PageTables:        59092 kB
NFS_Unstable:          0 kB
Bounce:                0 kB
WritebackTmp:          0 kB
CommitLimit:     2684136 kB
Committed_AS:   147775804 kB
VmallocTotal:   251658176 kB
VmallocUsed:      316324 kB
VmallocChunk:   247561408 kB
Time pass: 38 sec

---2015-12-04 21:02:09
MemTotal:        2746844 kB
MemFree:           65880 kB
Buffers:            9056 kB
Cached:           800792 kB
SwapCached:         1192 kB
Active:           848260 kB
Inactive:         849392 kB
Active(anon):     452784 kB
Inactive(anon):   453792 kB
Active(file):     395476 kB
Inactive(file):   395600 kB
Unevictable:       35692 kB
Mlocked:           27720 kB
SwapTotal:       1310716 kB
SwapFree:        1266776 kB
Dirty:                88 kB
Writeback:             0 kB
AnonPages:        923260 kB
Mapped:           463212 kB
Shmem:               324 kB
Slab:             107620 kB
SReclaimable:      31836 kB
SUnreclaim:        75784 kB
KernelStack:       32496 kB
PageTables:        59228 kB
NFS_Unstable:          0 kB
Bounce:                0 kB
WritebackTmp:          0 kB
CommitLimit:     2684136 kB
Committed_AS:   147776036 kB
VmallocTotal:   251658176 kB
VmallocUsed:      316340 kB
VmallocChunk:   247561408 kB
Time pass: 42 sec

---2015-12-04 21:02:09
MemTotal:        2746844 kB
MemFree:           69144 kB
Buffers:            8836 kB
Cached:           783660 kB
SwapCached:         1228 kB
Active:           841876 kB
Inactive:         848984 kB
Active(anon):     455168 kB
Inactive(anon):   462088 kB
Active(file):     386708 kB
Inactive(file):   386896 kB
Unevictable:       35692 kB
Mlocked:           27720 kB
SwapTotal:       1310716 kB
SwapFree:        1264212 kB
Dirty:               144 kB
Writeback:             0 kB
AnonPages:        932172 kB
Mapped:           464088 kB
Shmem:               328 kB
Slab:             107764 kB
SReclaimable:      31884 kB
SUnreclaim:        75880 kB
KernelStack:       32608 kB
PageTables:        59208 kB
NFS_Unstable:          0 kB
Bounce:                0 kB
WritebackTmp:          0 kB
CommitLimit:     2684136 kB
Committed_AS:   147778124 kB
VmallocTotal:   251658176 kB
VmallocUsed:      316708 kB
VmallocChunk:   247561408 kB
Time pass: 45 sec

---2015-12-04 21:02:09
MemTotal:        2746844 kB
MemFree:           69696 kB
Buffers:            7860 kB
Cached:           744116 kB
SwapCached:         1260 kB
Active:           817956 kB
Inactive:         827320 kB
Active(anon):     451996 kB
Inactive(anon):   460676 kB
Active(file):     365960 kB
Inactive(file):   366644 kB
Unevictable:       35692 kB
Mlocked:           27720 kB
SwapTotal:       1310716 kB
SwapFree:        1253764 kB
Dirty:              1448 kB
Writeback:             0 kB
AnonPages:        928568 kB
Mapped:           464572 kB
Shmem:               328 kB
Slab:             107924 kB
SReclaimable:      31900 kB
SUnreclaim:        76024 kB
KernelStack:       32624 kB
PageTables:        59260 kB
NFS_Unstable:          0 kB
Bounce:                0 kB
WritebackTmp:          0 kB
CommitLimit:     2684136 kB
Committed_AS:   147794672 kB
VmallocTotal:   251658176 kB
VmallocUsed:      317912 kB
VmallocChunk:   247561408 kB
Time pass: 49 sec

---2015-12-04 21:02:09
MemTotal:        2746844 kB
MemFree:           69860 kB
Buffers:            7912 kB
Cached:           744164 kB
SwapCached:         1260 kB
Active:           818140 kB
Inactive:         827416 kB
Active(anon):     452180 kB
Inactive(anon):   460664 kB
Active(file):     365960 kB
Inactive(file):   366752 kB
Unevictable:       35692 kB
Mlocked:           27720 kB
SwapTotal:       1310716 kB
SwapFree:        1253764 kB
Dirty:               112 kB
Writeback:             0 kB
AnonPages:        928028 kB
Mapped:           464576 kB
Shmem:               328 kB
Slab:             108032 kB
SReclaimable:      31900 kB
SUnreclaim:        76132 kB
KernelStack:       32640 kB
PageTables:        59232 kB
NFS_Unstable:          0 kB
Bounce:                0 kB
WritebackTmp:          0 kB
CommitLimit:     2684136 kB
Committed_AS:   147794804 kB
VmallocTotal:   251658176 kB
VmallocUsed:      317912 kB
VmallocChunk:   247561408 kB
Time pass: 52 sec

---2015-12-04 21:02:09
MemTotal:        2746844 kB
MemFree:           68776 kB
Buffers:            7912 kB
Cached:           744688 kB
SwapCached:         1260 kB
Active:           818756 kB
Inactive:         827956 kB
Active(anon):     452796 kB
Inactive(anon):   460656 kB
Active(file):     365960 kB
Inactive(file):   367300 kB
Unevictable:       35692 kB
Mlocked:           27720 kB
SwapTotal:       1310716 kB
SwapFree:        1253764 kB
Dirty:                 0 kB
Writeback:             0 kB
AnonPages:        928732 kB
Mapped:           464976 kB
Shmem:               328 kB
Slab:             108104 kB
SReclaimable:      31900 kB
SUnreclaim:        76204 kB
KernelStack:       32640 kB
PageTables:        59232 kB
NFS_Unstable:          0 kB
Bounce:                0 kB
WritebackTmp:          0 kB
CommitLimit:     2684136 kB
Committed_AS:   147794868 kB
VmallocTotal:   251658176 kB
VmallocUsed:      317912 kB
VmallocChunk:   247561408 kB
Time pass: 56 sec

---2015-12-04 21:02:09
MemTotal:        2746844 kB
MemFree:           66576 kB
Buffers:            7864 kB
Cached:           741148 kB
SwapCached:         1260 kB
Active:           814428 kB
Inactive:         822844 kB
Active(anon):     449504 kB
Inactive(anon):   458020 kB
Active(file):     364924 kB
Inactive(file):   364824 kB
Unevictable:       35692 kB
Mlocked:           27720 kB
SwapTotal:       1310716 kB
SwapFree:        1252008 kB
Dirty:               184 kB
Writeback:             0 kB
AnonPages:        922548 kB
Mapped:           464992 kB
Shmem:               328 kB
Slab:             108076 kB
SReclaimable:      31900 kB
SUnreclaim:        76176 kB
KernelStack:       32640 kB
PageTables:        59236 kB
NFS_Unstable:          0 kB
Bounce:                0 kB
WritebackTmp:          0 kB
CommitLimit:     2684136 kB
Committed_AS:   147794988 kB
VmallocTotal:   251658176 kB
VmallocUsed:      317936 kB
VmallocChunk:   247561408 kB
Time pass: 59 sec

---2015-12-04 21:02:09
MemTotal:        2746844 kB
MemFree:           66096 kB
Buffers:            7864 kB
Cached:           740328 kB
SwapCached:         1260 kB
Active:           814364 kB
Inactive:         822120 kB
Active(anon):     449880 kB
Inactive(anon):   458064 kB
Active(file):     364484 kB
Inactive(file):   364056 kB
Unevictable:       35692 kB
Mlocked:           27720 kB
SwapTotal:       1310716 kB
SwapFree:        1252008 kB
Dirty:               348 kB
Writeback:             0 kB
AnonPages:        922792 kB
Mapped:           465128 kB
Shmem:               328 kB
Slab:             108156 kB
SReclaimable:      31932 kB
SUnreclaim:        76224 kB
KernelStack:       32624 kB
PageTables:        59248 kB
NFS_Unstable:          0 kB
Bounce:                0 kB
WritebackTmp:          0 kB
CommitLimit:     2684136 kB
Committed_AS:   147795124 kB
VmallocTotal:   251658176 kB
VmallocUsed:      317936 kB
VmallocChunk:   247561408 kB
Time pass: 63 sec

---2015-12-04 21:02:09
MemTotal:        2746844 kB
MemFree:           66628 kB
Buffers:            7872 kB
Cached:           739632 kB
SwapCached:         1260 kB
Active:           814228 kB
Inactive:         821796 kB
Active(anon):     449968 kB
Inactive(anon):   457904 kB
Active(file):     364260 kB
Inactive(file):   363892 kB
Unevictable:       35692 kB
Mlocked:           27720 kB
SwapTotal:       1310716 kB
SwapFree:        1252008 kB
Dirty:                40 kB
Writeback:             0 kB
AnonPages:        923192 kB
Mapped:           465140 kB
Shmem:               328 kB
Slab:             108084 kB
SReclaimable:      31932 kB
SUnreclaim:        76152 kB
KernelStack:       32640 kB
PageTables:        59236 kB
NFS_Unstable:          0 kB
Bounce:                0 kB
WritebackTmp:          0 kB
CommitLimit:     2684136 kB
Committed_AS:   147795116 kB
VmallocTotal:   251658176 kB
VmallocUsed:      317936 kB
VmallocChunk:   247561408 kB
Time pass: 66 sec

---2015-12-04 21:02:09
MemTotal:        2746844 kB
MemFree:           68232 kB
Buffers:            7364 kB
Cached:           711436 kB
SwapCached:         1272 kB
Active:           798276 kB
Inactive:         801728 kB
Active(anon):     448128 kB
Inactive(anon):   452488 kB
Active(file):     350148 kB
Inactive(file):   349240 kB
Unevictable:       35692 kB
Mlocked:           27720 kB
SwapTotal:       1310716 kB
SwapFree:        1237212 kB
Dirty:                 0 kB
Writeback:             0 kB
AnonPages:        915796 kB
Mapped:           465200 kB
Shmem:               328 kB
Slab:             108252 kB
SReclaimable:      31916 kB
SUnreclaim:        76336 kB
KernelStack:       32672 kB
PageTables:        59216 kB
NFS_Unstable:          0 kB
Bounce:                0 kB
WritebackTmp:          0 kB
CommitLimit:     2684136 kB
Committed_AS:   147795464 kB
VmallocTotal:   251658176 kB
VmallocUsed:      322236 kB
VmallocChunk:   247561408 kB
Time pass: 70 sec

---2015-12-04 21:02:09
MemTotal:        2746844 kB
MemFree:           66132 kB
Buffers:            7416 kB
Cached:           709176 kB
SwapCached:         1280 kB
Active:           802712 kB
Inactive:         802404 kB
Active(anon):     453976 kB
Inactive(anon):   453892 kB
Active(file):     348736 kB
Inactive(file):   348512 kB
Unevictable:       35692 kB
Mlocked:           27720 kB
SwapTotal:       1310716 kB
SwapFree:        1234508 kB
Dirty:               352 kB
Writeback:             0 kB
AnonPages:        923376 kB
Mapped:           468664 kB
Shmem:               328 kB
Slab:             108488 kB
SReclaimable:      31932 kB
SUnreclaim:        76556 kB
KernelStack:       32800 kB
PageTables:        59224 kB
NFS_Unstable:          0 kB
Bounce:                0 kB
WritebackTmp:          0 kB
CommitLimit:     2684136 kB
Committed_AS:   147808084 kB
VmallocTotal:   251658176 kB
VmallocUsed:      322236 kB
VmallocChunk:   247561408 kB
Time pass: 74 sec

---2015-12-04 21:02:09
MemTotal:        2746844 kB
MemFree:           65976 kB
Buffers:            7324 kB
Cached:           696676 kB
SwapCached:         1392 kB
Active:           798364 kB
Inactive:         800480 kB
Active(anon):     456356 kB
Inactive(anon):   457856 kB
Active(file):     342008 kB
Inactive(file):   342624 kB
Unevictable:       35692 kB
Mlocked:           27720 kB
SwapTotal:       1310716 kB
SwapFree:        1228996 kB
Dirty:                56 kB
Writeback:             0 kB
AnonPages:        929976 kB
Mapped:           469756 kB
Shmem:               492 kB
Slab:             108748 kB
SReclaimable:      31948 kB
SUnreclaim:        76800 kB
KernelStack:       33184 kB
PageTables:        59408 kB
NFS_Unstable:          0 kB
Bounce:                0 kB
WritebackTmp:          0 kB
CommitLimit:     2684136 kB
Committed_AS:   147828224 kB
VmallocTotal:   251658176 kB
VmallocUsed:      324424 kB
VmallocChunk:   247561408 kB
Time pass: 77 sec

---2015-12-04 21:02:09
MemTotal:        2746844 kB
MemFree:           66296 kB
Buffers:            7072 kB
Cached:           686768 kB
SwapCached:         1396 kB
Active:           794444 kB
Inactive:         795164 kB
Active(anon):     457328 kB
Inactive(anon):   458268 kB
Active(file):     337116 kB
Inactive(file):   336896 kB
Unevictable:       35692 kB
Mlocked:           27720 kB
SwapTotal:       1310716 kB
SwapFree:        1226280 kB
Dirty:                72 kB
Writeback:             0 kB
AnonPages:        930580 kB
Mapped:           468736 kB
Shmem:               540 kB
Slab:             108784 kB
SReclaimable:      31948 kB
SUnreclaim:        76836 kB
KernelStack:       33152 kB
PageTables:        59544 kB
NFS_Unstable:          0 kB
Bounce:                0 kB
WritebackTmp:          0 kB
CommitLimit:     2684136 kB
Committed_AS:   147832256 kB
VmallocTotal:   251658176 kB
VmallocUsed:      324580 kB
VmallocChunk:   247561408 kB
Time pass: 81 sec

---2015-12-04 21:02:09
MemTotal:        2746844 kB
MemFree:           66260 kB
Buffers:            7096 kB
Cached:           685576 kB
SwapCached:         1396 kB
Active:           796124 kB
Inactive:         793676 kB
Active(anon):     458968 kB
Inactive(anon):   457848 kB
Active(file):     337156 kB
Inactive(file):   335828 kB
Unevictable:       35692 kB
Mlocked:           27720 kB
SwapTotal:       1310716 kB
SwapFree:        1225096 kB
Dirty:               104 kB
Writeback:             0 kB
AnonPages:        931528 kB
Mapped:           469052 kB
Shmem:               700 kB
Slab:             108788 kB
SReclaimable:      31948 kB
SUnreclaim:        76840 kB
KernelStack:       33072 kB
PageTables:        59572 kB
NFS_Unstable:          0 kB
Bounce:                0 kB
WritebackTmp:          0 kB
CommitLimit:     2684136 kB
Committed_AS:   147832056 kB
VmallocTotal:   251658176 kB
VmallocUsed:      324580 kB
VmallocChunk:   247561408 kB
Time pass: 85 sec

---2015-12-04 21:02:09
MemTotal:        2746844 kB
MemFree:           65464 kB
Buffers:            7112 kB
Cached:           685576 kB
SwapCached:         1396 kB
Active:           797020 kB
Inactive:         793672 kB
Active(anon):     459864 kB
Inactive(anon):   457828 kB
Active(file):     337156 kB
Inactive(file):   335844 kB
Unevictable:       35692 kB
Mlocked:           27720 kB
SwapTotal:       1310716 kB
SwapFree:        1225096 kB
Dirty:                 0 kB
Writeback:             0 kB
AnonPages:        932692 kB
Mapped:           468996 kB
Shmem:               700 kB
Slab:             108788 kB
SReclaimable:      31948 kB
SUnreclaim:        76840 kB
KernelStack:       33024 kB
PageTables:        59540 kB
NFS_Unstable:          0 kB
Bounce:                0 kB
WritebackTmp:          0 kB
CommitLimit:     2684136 kB
Committed_AS:   147831984 kB
VmallocTotal:   251658176 kB
VmallocUsed:      324580 kB
VmallocChunk:   247561408 kB
Time pass: 88 sec

---2015-12-04 21:02:09
MemTotal:        2746844 kB
MemFree:           71360 kB
Buffers:            7128 kB
Cached:           685432 kB
SwapCached:         1396 kB
Active:           797380 kB
Inactive:         790796 kB
Active(anon):     457964 kB
Inactive(anon):   457652 kB
Active(file):     339416 kB
Inactive(file):   333144 kB
Unevictable:       35692 kB
Mlocked:           27720 kB
SwapTotal:       1310716 kB
SwapFree:        1222132 kB
Dirty:                48 kB
Writeback:             0 kB
AnonPages:        930620 kB
Mapped:           469044 kB
Shmem:               748 kB
Slab:             108824 kB
SReclaimable:      31948 kB
SUnreclaim:        76876 kB
KernelStack:       33024 kB
PageTables:        59540 kB
NFS_Unstable:          0 kB
Bounce:                0 kB
WritebackTmp:          0 kB
CommitLimit:     2684136 kB
Committed_AS:   147831944 kB
VmallocTotal:   251658176 kB
VmallocUsed:      324580 kB
VmallocChunk:   247561408 kB
Time pass: 92 sec

---2015-12-04 21:02:09
MemTotal:        2746844 kB
MemFree:           69432 kB
Buffers:            7128 kB
Cached:           685644 kB
SwapCached:         1400 kB
Active:           798152 kB
Inactive:         790916 kB
Active(anon):     458832 kB
Inactive(anon):   457200 kB
Active(file):     339320 kB
Inactive(file):   333716 kB
Unevictable:       35692 kB
Mlocked:           27720 kB
SwapTotal:       1310716 kB
SwapFree:        1222132 kB
Dirty:                 0 kB
Writeback:             0 kB
AnonPages:        930900 kB
Mapped:           469080 kB
Shmem:               748 kB
Slab:             108856 kB
SReclaimable:      31948 kB
SUnreclaim:        76908 kB
KernelStack:       32976 kB
PageTables:        59540 kB
NFS_Unstable:          0 kB
Bounce:                0 kB
WritebackTmp:          0 kB
CommitLimit:     2684136 kB
Committed_AS:   147835920 kB
VmallocTotal:   251658176 kB
VmallocUsed:      324580 kB
VmallocChunk:   247561408 kB
Time pass: 95 sec

---2015-12-04 21:02:09
MemTotal:        2746844 kB
MemFree:           69364 kB
Buffers:            7152 kB
Cached:           685644 kB
SwapCached:         1400 kB
Active:           798916 kB
Inactive:         790932 kB
Active(anon):     459596 kB
Inactive(anon):   457200 kB
Active(file):     339320 kB
Inactive(file):   333732 kB
Unevictable:       35692 kB
Mlocked:           27720 kB
SwapTotal:       1310716 kB
SwapFree:        1222132 kB
Dirty:                44 kB
Writeback:             0 kB
AnonPages:        931552 kB
Mapped:           469080 kB
Shmem:               748 kB
Slab:             108844 kB
SReclaimable:      31948 kB
SUnreclaim:        76896 kB
KernelStack:       32976 kB
PageTables:        59536 kB
NFS_Unstable:          0 kB
Bounce:                0 kB
WritebackTmp:          0 kB
CommitLimit:     2684136 kB
Committed_AS:   147835904 kB
VmallocTotal:   251658176 kB
VmallocUsed:      324580 kB
VmallocChunk:   247561408 kB
Time pass: 99 sec

---2015-12-04 21:02:09
MemTotal:        2746844 kB
MemFree:           74972 kB
Buffers:            7152 kB
Cached:           693388 kB
SwapCached:         1972 kB
Active:           801816 kB
Inactive:         779640 kB
Active(anon):     444400 kB
Inactive(anon):   455832 kB
Active(file):     357416 kB
Inactive(file):   323808 kB
Unevictable:       35692 kB
Mlocked:           27720 kB
SwapTotal:       1310716 kB
SwapFree:        1216532 kB
Dirty:                 4 kB
Writeback:             0 kB
AnonPages:        916176 kB
Mapped:           468764 kB
Shmem:               328 kB
Slab:             108900 kB
SReclaimable:      31948 kB
SUnreclaim:        76952 kB
KernelStack:       32560 kB
PageTables:        59284 kB
NFS_Unstable:          0 kB
Bounce:                0 kB
WritebackTmp:          0 kB
CommitLimit:     2684136 kB
Committed_AS:   150434016 kB
VmallocTotal:   251658176 kB
VmallocUsed:      322528 kB
VmallocChunk:   247561408 kB
Time pass: 102 sec

---2015-12-04 21:02:09
MemTotal:        2746844 kB
MemFree:          375936 kB
Buffers:            7088 kB
Cached:           694084 kB
SwapCached:         3028 kB
Active:           729692 kB
Inactive:         769368 kB
Active(anon):     370268 kB
Inactive(anon):   447316 kB
Active(file):     359424 kB
Inactive(file):   322052 kB
Unevictable:       35692 kB
Mlocked:           27720 kB
SwapTotal:       1310716 kB
SwapFree:        1201740 kB
Dirty:               112 kB
Writeback:             0 kB
AnonPages:        831772 kB
Mapped:           433588 kB
Shmem:               184 kB
Slab:             108860 kB
SReclaimable:      31948 kB
SUnreclaim:        76912 kB
KernelStack:       31280 kB
PageTables:        57772 kB
NFS_Unstable:          0 kB
Bounce:                0 kB
WritebackTmp:          0 kB
CommitLimit:     2684136 kB
Committed_AS:   145197668 kB
VmallocTotal:   251658176 kB
VmallocUsed:      325296 kB
VmallocChunk:   247561408 kB
Time pass: 105 sec

---2015-12-04 21:02:09
MemTotal:        2746844 kB
MemFree:          403760 kB
Buffers:            7096 kB
Cached:           694272 kB
SwapCached:         3028 kB
Active:           704520 kB
Inactive:         765720 kB
Active(anon):     343780 kB
Inactive(anon):   444212 kB
Active(file):     360740 kB
Inactive(file):   321508 kB
Unevictable:       35692 kB
Mlocked:           27720 kB
SwapTotal:       1310716 kB
SwapFree:        1201740 kB
Dirty:               432 kB
Writeback:             0 kB
AnonPages:        802044 kB
Mapped:           432976 kB
Shmem:               192 kB
Slab:             108808 kB
SReclaimable:      31948 kB
SUnreclaim:        76860 kB
KernelStack:       30896 kB
PageTables:        57644 kB
NFS_Unstable:          0 kB
Bounce:                0 kB
WritebackTmp:          0 kB
CommitLimit:     2684136 kB
Committed_AS:   145198516 kB
VmallocTotal:   251658176 kB
VmallocUsed:      325296 kB
VmallocChunk:   247561408 kB
Time pass: 109 sec

---2015-12-04 21:02:09
MemTotal:        2746844 kB
MemFree:          382628 kB
Buffers:            7200 kB
Cached:           703012 kB
SwapCached:         3336 kB
Active:           717776 kB
Inactive:         771040 kB
Active(anon):     354052 kB
Inactive(anon):   444048 kB
Active(file):     363724 kB
Inactive(file):   326992 kB
Unevictable:       35692 kB
Mlocked:           27720 kB
SwapTotal:       1310716 kB
SwapFree:        1201744 kB
Dirty:               656 kB
Writeback:             0 kB
AnonPages:        811996 kB
Mapped:           447644 kB
Shmem:               192 kB
Slab:             108804 kB
SReclaimable:      31948 kB
SUnreclaim:        76856 kB
KernelStack:       30912 kB
PageTables:        58324 kB
NFS_Unstable:          0 kB
Bounce:                0 kB
WritebackTmp:          0 kB
CommitLimit:     2684136 kB
Committed_AS:   146483688 kB
VmallocTotal:   251658176 kB
VmallocUsed:      326076 kB
VmallocChunk:   247561408 kB
Time pass: 112 sec

---2015-12-04 21:02:09
MemTotal:        2746844 kB
MemFree:          194996 kB
Buffers:            7400 kB
Cached:           704640 kB
SwapCached:         3596 kB
Active:           756300 kB
Inactive:         770328 kB
Active(anon):     389688 kB
Inactive(anon):   444120 kB
Active(file):     366612 kB
Inactive(file):   326208 kB
Unevictable:       35692 kB
Mlocked:           27720 kB
SwapTotal:       1310716 kB
SwapFree:        1201748 kB
Dirty:              2236 kB
Writeback:             0 kB
AnonPages:        847536 kB
Mapped:           466500 kB
Shmem:               328 kB
Slab:             108824 kB
SReclaimable:      31996 kB
SUnreclaim:        76828 kB
KernelStack:       32336 kB
PageTables:        58804 kB
NFS_Unstable:          0 kB
Bounce:                0 kB
WritebackTmp:          0 kB
CommitLimit:     2684136 kB
Committed_AS:   146529372 kB
VmallocTotal:   251658176 kB
VmallocUsed:      327716 kB
VmallocChunk:   247561408 kB
Time pass: 116 sec

---2015-12-04 21:02:09
MemTotal:        2746844 kB
MemFree:          155760 kB
Buffers:            7400 kB
Cached:           705576 kB
SwapCached:         3596 kB
Active:           746064 kB
Inactive:         763952 kB
Active(anon):     377860 kB
Inactive(anon):   438524 kB
Active(file):     368204 kB
Inactive(file):   325428 kB
Unevictable:       35692 kB
Mlocked:           27720 kB
SwapTotal:       1310716 kB
SwapFree:        1201756 kB
Dirty:               944 kB
Writeback:             0 kB
AnonPages:        830116 kB
Mapped:           466980 kB
Shmem:               328 kB
Slab:             108816 kB
SReclaimable:      31996 kB
SUnreclaim:        76820 kB
KernelStack:       32368 kB
PageTables:        58716 kB
NFS_Unstable:          0 kB
Bounce:                0 kB
WritebackTmp:          0 kB
CommitLimit:     2684136 kB
Committed_AS:   146508012 kB
VmallocTotal:   251658176 kB
VmallocUsed:      328628 kB
VmallocChunk:   247561408 kB
Time pass: 119 sec

---2015-12-04 21:02:09
MemTotal:        2746844 kB
MemFree:          155420 kB
Buffers:            7408 kB
Cached:           705684 kB
SwapCached:         3596 kB
Active:           745832 kB
Inactive:         764012 kB
Active(anon):     377600 kB
Inactive(anon):   438512 kB
Active(file):     368232 kB
Inactive(file):   325500 kB
Unevictable:       35692 kB
Mlocked:           27720 kB
SwapTotal:       1310716 kB
SwapFree:        1201756 kB
Dirty:               300 kB
Writeback:             0 kB
AnonPages:        829712 kB
Mapped:           466964 kB
Shmem:               328 kB
Slab:             108816 kB
SReclaimable:      31996 kB
SUnreclaim:        76820 kB
KernelStack:       32352 kB
PageTables:        58712 kB
NFS_Unstable:          0 kB
Bounce:                0 kB
WritebackTmp:          0 kB
CommitLimit:     2684136 kB
Committed_AS:   146508148 kB
VmallocTotal:   251658176 kB
VmallocUsed:      328628 kB
VmallocChunk:   247561408 kB
Time pass: 122 sec

---2015-12-04 21:02:09
MemTotal:        2746844 kB
MemFree:          155464 kB
Buffers:            7408 kB
Cached:           705992 kB
SwapCached:         3596 kB
Active:           747152 kB
Inactive:         763832 kB
Active(anon):     378412 kB
Inactive(anon):   438488 kB
Active(file):     368740 kB
Inactive(file):   325344 kB
Unevictable:       35692 kB
Mlocked:           27720 kB
SwapTotal:       1310716 kB
SwapFree:        1201756 kB
Dirty:               468 kB
Writeback:             0 kB
AnonPages:        830548 kB
Mapped:           467208 kB
Shmem:               328 kB
Slab:             108852 kB
SReclaimable:      31996 kB
SUnreclaim:        76856 kB
KernelStack:       32352 kB
PageTables:        58692 kB
NFS_Unstable:          0 kB
Bounce:                0 kB
WritebackTmp:          0 kB
CommitLimit:     2684136 kB
Committed_AS:   146508228 kB
VmallocTotal:   251658176 kB
VmallocUsed:      328652 kB
VmallocChunk:   247561408 kB
Time pass: 126 sec

---2015-12-04 21:02:09
MemTotal:        2746844 kB
MemFree:          129844 kB
Buffers:            7416 kB
Cached:           705988 kB
SwapCached:         3596 kB
Active:           761856 kB
Inactive:         763724 kB
Active(anon):     393120 kB
Inactive(anon):   438476 kB
Active(file):     368736 kB
Inactive(file):   325248 kB
Unevictable:       35692 kB
Mlocked:           27720 kB
SwapTotal:       1310716 kB
SwapFree:        1201756 kB
Dirty:               396 kB
Writeback:             0 kB
AnonPages:        845464 kB
Mapped:           467540 kB
Shmem:               328 kB
Slab:             108812 kB
SReclaimable:      31996 kB
SUnreclaim:        76816 kB
KernelStack:       32352 kB
PageTables:        58716 kB
NFS_Unstable:          0 kB
Bounce:                0 kB
WritebackTmp:          0 kB
CommitLimit:     2684136 kB
Committed_AS:   146508260 kB
VmallocTotal:   251658176 kB
VmallocUsed:      328724 kB
VmallocChunk:   247561408 kB
Time pass: 130 sec

---2015-12-04 21:02:09
MemTotal:        2746844 kB
MemFree:          123612 kB
Buffers:            7424 kB
Cached:           706124 kB
SwapCached:         3596 kB
Active:           752144 kB
Inactive:         763932 kB
Active(anon):     383400 kB
Inactive(anon):   438444 kB
Active(file):     368744 kB
Inactive(file):   325488 kB
Unevictable:       35692 kB
Mlocked:           27720 kB
SwapTotal:       1310716 kB
SwapFree:        1201756 kB
Dirty:                36 kB
Writeback:             0 kB
AnonPages:        835460 kB
Mapped:           467556 kB
Shmem:               328 kB
Slab:             108876 kB
SReclaimable:      31996 kB
SUnreclaim:        76880 kB
KernelStack:       32352 kB
PageTables:        58704 kB
NFS_Unstable:          0 kB
Bounce:                0 kB
WritebackTmp:          0 kB
CommitLimit:     2684136 kB
Committed_AS:   146508708 kB
VmallocTotal:   251658176 kB
VmallocUsed:      332688 kB
VmallocChunk:   247561408 kB
Time pass: 133 sec

---2015-12-04 21:02:09
MemTotal:        2746844 kB
MemFree:          123508 kB
Buffers:            7424 kB
Cached:           706124 kB
SwapCached:         3596 kB
Active:           752592 kB
Inactive:         763932 kB
Active(anon):     383848 kB
Inactive(anon):   438444 kB
Active(file):     368744 kB
Inactive(file):   325488 kB
Unevictable:       35692 kB
Mlocked:           27720 kB
SwapTotal:       1310716 kB
SwapFree:        1201756 kB
Dirty:                36 kB
Writeback:             0 kB
AnonPages:        835568 kB
Mapped:           467640 kB
Shmem:               328 kB
Slab:             108872 kB
SReclaimable:      31996 kB
SUnreclaim:        76876 kB
KernelStack:       32352 kB
PageTables:        58732 kB
NFS_Unstable:          0 kB
Bounce:                0 kB
WritebackTmp:          0 kB
CommitLimit:     2684136 kB
Committed_AS:   146508784 kB
VmallocTotal:   251658176 kB
VmallocUsed:      332688 kB
VmallocChunk:   247561408 kB
Time pass: 136 sec

---2015-12-04 21:02:09
MemTotal:        2746844 kB
MemFree:          124168 kB
Buffers:            7432 kB
Cached:           706124 kB
SwapCached:         3596 kB
Active:           752556 kB
Inactive:         763928 kB
Active(anon):     383812 kB
Inactive(anon):   438440 kB
Active(file):     368744 kB
Inactive(file):   325488 kB
Unevictable:       35692 kB
Mlocked:           27720 kB
SwapTotal:       1310716 kB
SwapFree:        1201756 kB
Dirty:                24 kB
Writeback:             0 kB
AnonPages:        835536 kB
Mapped:           467640 kB
Shmem:               328 kB
Slab:             108840 kB
SReclaimable:      31996 kB
SUnreclaim:        76844 kB
KernelStack:       32352 kB
PageTables:        58728 kB
NFS_Unstable:          0 kB
Bounce:                0 kB
WritebackTmp:          0 kB
CommitLimit:     2684136 kB
Committed_AS:   146508776 kB
VmallocTotal:   251658176 kB
VmallocUsed:      332688 kB
VmallocChunk:   247561408 kB
Time pass: 140 sec

---2015-12-04 21:02:09
MemTotal:        2746844 kB
MemFree:          111184 kB
Buffers:            7488 kB
Cached:           706532 kB
SwapCached:         3596 kB
Active:           764808 kB
Inactive:         764292 kB
Active(anon):     395976 kB
Inactive(anon):   438604 kB
Active(file):     368832 kB
Inactive(file):   325688 kB
Unevictable:       35692 kB
Mlocked:           27720 kB
SwapTotal:       1310716 kB
SwapFree:        1201756 kB
Dirty:               124 kB
Writeback:             0 kB
AnonPages:        848344 kB
Mapped:           470892 kB
Shmem:               500 kB
Slab:             109064 kB
SReclaimable:      31996 kB
SUnreclaim:        77068 kB
KernelStack:       32816 kB
PageTables:        58836 kB
NFS_Unstable:          0 kB
Bounce:                0 kB
WritebackTmp:          0 kB
CommitLimit:     2684136 kB
Committed_AS:   146524848 kB
VmallocTotal:   251658176 kB
VmallocUsed:      335140 kB
VmallocChunk:   247561408 kB
Time pass: 144 sec

---2015-12-04 21:02:09
MemTotal:        2746844 kB
MemFree:          107104 kB
Buffers:            7488 kB
Cached:           706784 kB
SwapCached:         3600 kB
Active:           766696 kB
Inactive:         764544 kB
Active(anon):     397864 kB
Inactive(anon):   438844 kB
Active(file):     368832 kB
Inactive(file):   325700 kB
Unevictable:       35692 kB
Mlocked:           27720 kB
SwapTotal:       1310716 kB
SwapFree:        1201756 kB
Dirty:               128 kB
Writeback:             0 kB
AnonPages:        849668 kB
Mapped:           471368 kB
Shmem:               752 kB
Slab:             109080 kB
SReclaimable:      31996 kB
SUnreclaim:        77084 kB
KernelStack:       32800 kB
PageTables:        58992 kB
NFS_Unstable:          0 kB
Bounce:                0 kB
WritebackTmp:          0 kB
CommitLimit:     2684136 kB
Committed_AS:   146533056 kB
VmallocTotal:   251658176 kB
VmallocUsed:      339392 kB
VmallocChunk:   247561408 kB
Time pass: 148 sec

---2015-12-04 21:02:09
MemTotal:        2746844 kB
MemFree:          107140 kB
Buffers:            7496 kB
Cached:           706800 kB
SwapCached:         3600 kB
Active:           766940 kB
Inactive:         764556 kB
Active(anon):     398108 kB
Inactive(anon):   438848 kB
Active(file):     368832 kB
Inactive(file):   325708 kB
Unevictable:       35692 kB
Mlocked:           27720 kB
SwapTotal:       1310716 kB
SwapFree:        1201756 kB
Dirty:                40 kB
Writeback:             0 kB
AnonPages:        850148 kB
Mapped:           471380 kB
Shmem:               768 kB
Slab:             109064 kB
SReclaimable:      31996 kB
SUnreclaim:        77068 kB
KernelStack:       32800 kB
PageTables:        58988 kB
NFS_Unstable:          0 kB
Bounce:                0 kB
WritebackTmp:          0 kB
CommitLimit:     2684136 kB
Committed_AS:   146533040 kB
VmallocTotal:   251658176 kB
VmallocUsed:      339392 kB
VmallocChunk:   247561408 kB
Time pass: 151 sec

---2015-12-04 21:02:09
MemTotal:        2746844 kB
MemFree:          105908 kB
Buffers:            7496 kB
Cached:           707580 kB
SwapCached:         3600 kB
Active:           767048 kB
Inactive:         765332 kB
Active(anon):     398212 kB
Inactive(anon):   439624 kB
Active(file):     368836 kB
Inactive(file):   325708 kB
Unevictable:       35692 kB
Mlocked:           27720 kB
SwapTotal:       1310716 kB
SwapFree:        1201756 kB
Dirty:                 0 kB
Writeback:             0 kB
AnonPages:        850440 kB
Mapped:           472160 kB
Shmem:              1544 kB
Slab:             109032 kB
SReclaimable:      31996 kB
SUnreclaim:        77036 kB
KernelStack:       32784 kB
PageTables:        58992 kB
NFS_Unstable:          0 kB
Bounce:                0 kB
WritebackTmp:          0 kB
CommitLimit:     2684136 kB
Committed_AS:   146537120 kB
VmallocTotal:   251658176 kB
VmallocUsed:      339392 kB
VmallocChunk:   247561408 kB
Time pass: 155 sec

---2015-12-04 21:02:09
MemTotal:        2746844 kB
MemFree:           96356 kB
Buffers:            7552 kB
Cached:           706740 kB
SwapCached:         3604 kB
Active:           778780 kB
Inactive:         764280 kB
Active(anon):     409680 kB
Inactive(anon):   438740 kB
Active(file):     369100 kB
Inactive(file):   325540 kB
Unevictable:       35692 kB
Mlocked:           27720 kB
SwapTotal:       1310716 kB
SwapFree:        1201756 kB
Dirty:                56 kB
Writeback:             0 kB
AnonPages:        861820 kB
Mapped:           471396 kB
Shmem:               664 kB
Slab:             109040 kB
SReclaimable:      31996 kB
SUnreclaim:        77044 kB
KernelStack:       32832 kB
PageTables:        58956 kB
NFS_Unstable:          0 kB
Bounce:                0 kB
WritebackTmp:          0 kB
CommitLimit:     2684136 kB
Committed_AS:   146553520 kB
VmallocTotal:   251658176 kB
VmallocUsed:      340804 kB
VmallocChunk:   247561408 kB
Time pass: 158 sec

---2015-12-04 21:02:09
MemTotal:        2746844 kB
MemFree:           79948 kB
Buffers:            7680 kB
Cached:           719024 kB
SwapCached:         3608 kB
Active:           788788 kB
Inactive:         772304 kB
Active(anon):     415408 kB
Inactive(anon):   438688 kB
Active(file):     373380 kB
Inactive(file):   333616 kB
Unevictable:       35692 kB
Mlocked:           27720 kB
SwapTotal:       1310716 kB
SwapFree:        1201756 kB
Dirty:                32 kB
Writeback:             0 kB
AnonPages:        867368 kB
Mapped:           471868 kB
Shmem:               676 kB
Slab:             109116 kB
SReclaimable:      31996 kB
SUnreclaim:        77120 kB
KernelStack:       32672 kB
PageTables:        59028 kB
NFS_Unstable:          0 kB
Bounce:                0 kB
WritebackTmp:          0 kB
CommitLimit:     2684136 kB
Committed_AS:   146557680 kB
VmallocTotal:   251658176 kB
VmallocUsed:      341332 kB
VmallocChunk:   247561408 kB
Time pass: 162 sec

---2015-12-04 21:02:09
MemTotal:        2746844 kB
MemFree:           78812 kB
Buffers:            7688 kB
Cached:           719044 kB
SwapCached:         3608 kB
Active:           788360 kB
Inactive:         772240 kB
Active(anon):     414880 kB
Inactive(anon):   438652 kB
Active(file):     373480 kB
Inactive(file):   333588 kB
Unevictable:       35692 kB
Mlocked:           27720 kB
SwapTotal:       1310716 kB
SwapFree:        1201760 kB
Dirty:                40 kB
Writeback:             0 kB
AnonPages:        866832 kB
Mapped:           471872 kB
Shmem:               676 kB
Slab:             109152 kB
SReclaimable:      31996 kB
SUnreclaim:        77156 kB
KernelStack:       32864 kB
PageTables:        58972 kB
NFS_Unstable:          0 kB
Bounce:                0 kB
WritebackTmp:          0 kB
CommitLimit:     2684136 kB
Committed_AS:   146557724 kB
VmallocTotal:   251658176 kB
VmallocUsed:      341332 kB
VmallocChunk:   247561408 kB
Time pass: 166 sec

---2015-12-04 21:02:09
MemTotal:        2746844 kB
MemFree:           78520 kB
Buffers:            7704 kB
Cached:           719052 kB
SwapCached:         3608 kB
Active:           788784 kB
Inactive:         772240 kB
Active(anon):     415304 kB
Inactive(anon):   438628 kB
Active(file):     373480 kB
Inactive(file):   333612 kB
Unevictable:       35692 kB
Mlocked:           27720 kB
SwapTotal:       1310716 kB
SwapFree:        1201760 kB
Dirty:                88 kB
Writeback:             0 kB
AnonPages:        867320 kB
Mapped:           471872 kB
Shmem:               676 kB
Slab:             109244 kB
SReclaimable:      31996 kB
SUnreclaim:        77248 kB
KernelStack:       32864 kB
PageTables:        58976 kB
NFS_Unstable:          0 kB
Bounce:                0 kB
WritebackTmp:          0 kB
CommitLimit:     2684136 kB
Committed_AS:   146557852 kB
VmallocTotal:   251658176 kB
VmallocUsed:      341332 kB
VmallocChunk:   247561408 kB
Time pass: 169 sec

---2015-12-04 21:02:09
MemTotal:        2746844 kB
MemFree:           89948 kB
Buffers:            7712 kB
Cached:           719120 kB
SwapCached:         3608 kB
Active:           790840 kB
Inactive:         772272 kB
Active(anon):     417360 kB
Inactive(anon):   438660 kB
Active(file):     373480 kB
Inactive(file):   333612 kB
Unevictable:       35692 kB
Mlocked:           27720 kB
SwapTotal:       1310716 kB
SwapFree:        1201760 kB
Dirty:                 0 kB
Writeback:             0 kB
AnonPages:        868928 kB
Mapped:           472052 kB
Shmem:               752 kB
Slab:             109132 kB
SReclaimable:      31996 kB
SUnreclaim:        77136 kB
KernelStack:       32848 kB
PageTables:        59004 kB
NFS_Unstable:          0 kB
Bounce:                0 kB
WritebackTmp:          0 kB
CommitLimit:     2684136 kB
Committed_AS:   146557784 kB
VmallocTotal:   251658176 kB
VmallocUsed:      341332 kB
VmallocChunk:   247561408 kB
Time pass: 173 sec

---2015-12-04 21:02:09
MemTotal:        2746844 kB
MemFree:           88736 kB
Buffers:            7728 kB
Cached:           719140 kB
SwapCached:         3608 kB
Active:           792704 kB
Inactive:         772324 kB
Active(anon):     419224 kB
Inactive(anon):   438696 kB
Active(file):     373480 kB
Inactive(file):   333628 kB
Unevictable:       35692 kB
Mlocked:           27720 kB
SwapTotal:       1310716 kB
SwapFree:        1201760 kB
Dirty:                52 kB
Writeback:             0 kB
AnonPages:        871256 kB
Mapped:           472084 kB
Shmem:               764 kB
Slab:             109092 kB
SReclaimable:      31996 kB
SUnreclaim:        77096 kB
KernelStack:       32832 kB
PageTables:        59008 kB
NFS_Unstable:          0 kB
Bounce:                0 kB
WritebackTmp:          0 kB
CommitLimit:     2684136 kB
Committed_AS:   146557740 kB
VmallocTotal:   251658176 kB
VmallocUsed:      341332 kB
VmallocChunk:   247561408 kB
Time pass: 176 sec

---2015-12-04 21:02:09
MemTotal:        2746844 kB
MemFree:           86136 kB
Buffers:            7744 kB
Cached:           719168 kB
SwapCached:         3612 kB
Active:           802716 kB
Inactive:         766436 kB
Active(anon):     423308 kB
Inactive(anon):   438720 kB
Active(file):     379408 kB
Inactive(file):   327716 kB
Unevictable:       35692 kB
Mlocked:           27720 kB
SwapTotal:       1310716 kB
SwapFree:        1201760 kB
Dirty:               124 kB
Writeback:             0 kB
AnonPages:        875548 kB
Mapped:           472064 kB
Shmem:               792 kB
Slab:             109044 kB
SReclaimable:      31996 kB
SUnreclaim:        77048 kB
KernelStack:       33040 kB
PageTables:        58912 kB
NFS_Unstable:          0 kB
Bounce:                0 kB
WritebackTmp:          0 kB
CommitLimit:     2684136 kB
Committed_AS:   146557808 kB
VmallocTotal:   251658176 kB
VmallocUsed:      341332 kB
VmallocChunk:   247561408 kB
Time pass: 180 sec

---2015-12-04 21:02:09
MemTotal:        2746844 kB
MemFree:           86856 kB
Buffers:            7744 kB
Cached:           719172 kB
SwapCached:         3632 kB
Active:           803024 kB
Inactive:         766316 kB
Active(anon):     423480 kB
Inactive(anon):   438728 kB
Active(file):     379544 kB
Inactive(file):   327588 kB
Unevictable:       35692 kB
Mlocked:           27720 kB
SwapTotal:       1310716 kB
SwapFree:        1201780 kB
Dirty:                 0 kB
Writeback:            72 kB
AnonPages:        875304 kB
Mapped:           472036 kB
Shmem:               800 kB
Slab:             109032 kB
SReclaimable:      31996 kB
SUnreclaim:        77036 kB
KernelStack:       32832 kB
PageTables:        58980 kB
NFS_Unstable:          0 kB
Bounce:                0 kB
WritebackTmp:          0 kB
CommitLimit:     2684136 kB
Committed_AS:   146557736 kB
VmallocTotal:   251658176 kB
VmallocUsed:      341332 kB
VmallocChunk:   247561408 kB
Time pass: 184 sec

---2015-12-04 21:02:09
MemTotal:        2746844 kB
MemFree:           86672 kB
Buffers:            7752 kB
Cached:           719300 kB
SwapCached:         3632 kB
Active:           801492 kB
Inactive:         766472 kB
Active(anon):     421948 kB
Inactive(anon):   438884 kB
Active(file):     379544 kB
Inactive(file):   327588 kB
Unevictable:       35692 kB
Mlocked:           27720 kB
SwapTotal:       1310716 kB
SwapFree:        1201780 kB
Dirty:                52 kB
Writeback:             0 kB
AnonPages:        873764 kB
Mapped:           472160 kB
Shmem:               924 kB
Slab:             109096 kB
SReclaimable:      31996 kB
SUnreclaim:        77100 kB
KernelStack:       32832 kB
PageTables:        58980 kB
NFS_Unstable:          0 kB
Bounce:                0 kB
WritebackTmp:          0 kB
CommitLimit:     2684136 kB
Committed_AS:   146557740 kB
VmallocTotal:   251658176 kB
VmallocUsed:      341332 kB
VmallocChunk:   247561408 kB
Time pass: 187 sec

---2015-12-04 21:02:09
MemTotal:        2746844 kB
MemFree:           82068 kB
Buffers:            7912 kB
Cached:           719936 kB
SwapCached:         3632 kB
Active:           804360 kB
Inactive:         767184 kB
Active(anon):     424724 kB
Inactive(anon):   439404 kB
Active(file):     379636 kB
Inactive(file):   327780 kB
Unevictable:       35692 kB
Mlocked:           27720 kB
SwapTotal:       1310716 kB
SwapFree:        1201780 kB
Dirty:                 0 kB
Writeback:             0 kB
AnonPages:        876576 kB
Mapped:           472776 kB
Shmem:              1444 kB
Slab:             109096 kB
SReclaimable:      31996 kB
SUnreclaim:        77100 kB
KernelStack:       32816 kB
PageTables:        59016 kB
NFS_Unstable:          0 kB
Bounce:                0 kB
WritebackTmp:          0 kB
CommitLimit:     2684136 kB
Committed_AS:   146558272 kB
VmallocTotal:   251658176 kB
VmallocUsed:      341332 kB
VmallocChunk:   247561408 kB
Time pass: 191 sec

---2015-12-04 21:02:09
MemTotal:        2746844 kB
MemFree:           82260 kB
Buffers:            7920 kB
Cached:           719936 kB
SwapCached:         3632 kB
Active:           804440 kB
Inactive:         766820 kB
Active(anon):     424804 kB
Inactive(anon):   439032 kB
Active(file):     379636 kB
Inactive(file):   327788 kB
Unevictable:       35692 kB
Mlocked:           27720 kB
SwapTotal:       1310716 kB
SwapFree:        1201844 kB
Dirty:                32 kB
Writeback:             0 kB
AnonPages:        876356 kB
Mapped:           472692 kB
Shmem:              1444 kB
Slab:             109072 kB
SReclaimable:      31996 kB
SUnreclaim:        77076 kB
KernelStack:       32384 kB
PageTables:        58976 kB
NFS_Unstable:          0 kB
Bounce:                0 kB
WritebackTmp:          0 kB
CommitLimit:     2684136 kB
Committed_AS:   146561752 kB
VmallocTotal:   251658176 kB
VmallocUsed:      341332 kB
VmallocChunk:   247561408 kB
Time pass: 194 sec

---2015-12-04 21:02:09
MemTotal:        2746844 kB
MemFree:           79564 kB
Buffers:            7936 kB
Cached:           719956 kB
SwapCached:         3636 kB
Active:           806276 kB
Inactive:         766668 kB
Active(anon):     426640 kB
Inactive(anon):   438872 kB
Active(file):     379636 kB
Inactive(file):   327796 kB
Unevictable:       35692 kB
Mlocked:           27720 kB
SwapTotal:       1310716 kB
SwapFree:        1201872 kB
Dirty:                40 kB
Writeback:             0 kB
AnonPages:        878124 kB
Mapped:           472796 kB
Shmem:              1464 kB
Slab:             109060 kB
SReclaimable:      31996 kB
SUnreclaim:        77064 kB
KernelStack:       32176 kB
PageTables:        59132 kB
NFS_Unstable:          0 kB
Bounce:                0 kB
WritebackTmp:          0 kB
CommitLimit:     2684136 kB
Committed_AS:   147802156 kB
VmallocTotal:   251658176 kB
VmallocUsed:      342352 kB
VmallocChunk:   247561408 kB
Time pass: 198 sec

---2015-12-04 21:02:09
MemTotal:        2746844 kB
MemFree:           79156 kB
Buffers:            7944 kB
Cached:           719956 kB
SwapCached:         3636 kB
Active:           807536 kB
Inactive:         766436 kB
Active(anon):     427904 kB
Inactive(anon):   438624 kB
Active(file):     379632 kB
Inactive(file):   327812 kB
Unevictable:       35692 kB
Mlocked:           27720 kB
SwapTotal:       1310716 kB
SwapFree:        1201872 kB
Dirty:               104 kB
Writeback:             0 kB
AnonPages:        879208 kB
Mapped:           472732 kB
Shmem:              1464 kB
Slab:             109112 kB
SReclaimable:      31996 kB
SUnreclaim:        77116 kB
KernelStack:       32096 kB
PageTables:        58952 kB
NFS_Unstable:          0 kB
Bounce:                0 kB
WritebackTmp:          0 kB
CommitLimit:     2684136 kB
Committed_AS:   146561032 kB
VmallocTotal:   251658176 kB
VmallocUsed:      341332 kB
VmallocChunk:   247561408 kB
Time pass: 201 sec

---2015-12-04 21:02:09
MemTotal:        2746844 kB
MemFree:           79660 kB
Buffers:            7960 kB
Cached:           719952 kB
SwapCached:         3640 kB
Active:           807768 kB
Inactive:         766356 kB
Active(anon):     428136 kB
Inactive(anon):   438520 kB
Active(file):     379632 kB
Inactive(file):   327836 kB
Unevictable:       35692 kB
Mlocked:           27720 kB
SwapTotal:       1310716 kB
SwapFree:        1201872 kB
Dirty:                76 kB
Writeback:             0 kB
AnonPages:        879228 kB
Mapped:           472732 kB
Shmem:              1464 kB
Slab:             109120 kB
SReclaimable:      31996 kB
SUnreclaim:        77124 kB
KernelStack:       32032 kB
PageTables:        58940 kB
NFS_Unstable:          0 kB
Bounce:                0 kB
WritebackTmp:          0 kB
CommitLimit:     2684136 kB
Committed_AS:   146560860 kB
VmallocTotal:   251658176 kB
VmallocUsed:      341332 kB
VmallocChunk:   247561408 kB
Time pass: 205 sec

---2015-12-04 21:02:09
MemTotal:        2746844 kB
MemFree:           79516 kB
Buffers:            7960 kB
Cached:           719956 kB
SwapCached:         3640 kB
Active:           807696 kB
Inactive:         766360 kB
Active(anon):     428064 kB
Inactive(anon):   438524 kB
Active(file):     379632 kB
Inactive(file):   327836 kB
Unevictable:       35692 kB
Mlocked:           27720 kB
SwapTotal:       1310716 kB
SwapFree:        1201872 kB
Dirty:                76 kB
Writeback:             0 kB
AnonPages:        879000 kB
Mapped:           472732 kB
Shmem:              1464 kB
Slab:             109128 kB
SReclaimable:      31996 kB
SUnreclaim:        77132 kB
KernelStack:       32032 kB
PageTables:        58948 kB
NFS_Unstable:          0 kB
Bounce:                0 kB
WritebackTmp:          0 kB
CommitLimit:     2684136 kB
Committed_AS:   146565048 kB
VmallocTotal:   251658176 kB
VmallocUsed:      341332 kB
VmallocChunk:   247561408 kB
Time pass: 208 sec

---2015-12-04 21:02:09
MemTotal:        2746844 kB
MemFree:           77716 kB
Buffers:            7984 kB
Cached:           720060 kB
SwapCached:         3640 kB
Active:           808704 kB
Inactive:         766424 kB
Active(anon):     429068 kB
Inactive(anon):   438524 kB
Active(file):     379636 kB
Inactive(file):   327900 kB
Unevictable:       35692 kB
Mlocked:           27720 kB
SwapTotal:       1310716 kB
SwapFree:        1201872 kB
Dirty:                44 kB
Writeback:             0 kB
AnonPages:        880200 kB
Mapped:           472808 kB
Shmem:              1464 kB
Slab:             109148 kB
SReclaimable:      31996 kB
SUnreclaim:        77152 kB
KernelStack:       32048 kB
PageTables:        58980 kB
NFS_Unstable:          0 kB
Bounce:                0 kB
WritebackTmp:          0 kB
CommitLimit:     2684136 kB
Committed_AS:   146565056 kB
VmallocTotal:   251658176 kB
VmallocUsed:      341332 kB
VmallocChunk:   247561408 kB
Time pass: 212 sec

---2015-12-04 21:02:09
MemTotal:        2746844 kB
MemFree:           74544 kB
Buffers:            8024 kB
Cached:           720548 kB
SwapCached:         3640 kB
Active:           811048 kB
Inactive:         766980 kB
Active(anon):     431392 kB
Inactive(anon):   438464 kB
Active(file):     379656 kB
Inactive(file):   328516 kB
Unevictable:       35692 kB
Mlocked:           27720 kB
SwapTotal:       1310716 kB
SwapFree:        1201872 kB
Dirty:               148 kB
Writeback:             0 kB
AnonPages:        882504 kB
Mapped:           472764 kB
Shmem:              1464 kB
Slab:             109044 kB
SReclaimable:      31996 kB
SUnreclaim:        77048 kB
KernelStack:       32096 kB
PageTables:        58956 kB
NFS_Unstable:          0 kB
Bounce:                0 kB
WritebackTmp:          0 kB
CommitLimit:     2684136 kB
Committed_AS:   146565168 kB
VmallocTotal:   251658176 kB
VmallocUsed:      341332 kB
VmallocChunk:   247561408 kB
Time pass: 215 sec

---2015-12-04 21:02:09
MemTotal:        2746844 kB
MemFree:           71224 kB
Buffers:            8040 kB
Cached:           720640 kB
SwapCached:         3640 kB
Active:           813948 kB
Inactive:         767028 kB
Active(anon):     434284 kB
Inactive(anon):   438464 kB
Active(file):     379664 kB
Inactive(file):   328564 kB
Unevictable:       35692 kB
Mlocked:           27720 kB
SwapTotal:       1310716 kB
SwapFree:        1201872 kB
Dirty:               176 kB
Writeback:             0 kB
AnonPages:        885424 kB
Mapped:           472760 kB
Shmem:              1464 kB
Slab:             109068 kB
SReclaimable:      31996 kB
SUnreclaim:        77072 kB
KernelStack:       32096 kB
PageTables:        58952 kB
NFS_Unstable:          0 kB
Bounce:                0 kB
WritebackTmp:          0 kB
CommitLimit:     2684136 kB
Committed_AS:   146564992 kB
VmallocTotal:   251658176 kB
VmallocUsed:      341332 kB
VmallocChunk:   247561408 kB
Time pass: 219 sec

---2015-12-04 21:02:09
MemTotal:        2746844 kB
MemFree:           71252 kB
Buffers:            8048 kB
Cached:           720640 kB
SwapCached:         3636 kB
Active:           813652 kB
Inactive:         767004 kB
Active(anon):     433996 kB
Inactive(anon):   438432 kB
Active(file):     379656 kB
Inactive(file):   328572 kB
Unevictable:       35692 kB
Mlocked:           27720 kB
SwapTotal:       1310716 kB
SwapFree:        1201884 kB
Dirty:                80 kB
Writeback:             0 kB
AnonPages:        885240 kB
Mapped:           472768 kB
Shmem:              1464 kB
Slab:             108980 kB
SReclaimable:      31996 kB
SUnreclaim:        76984 kB
KernelStack:       32000 kB
PageTables:        58948 kB
NFS_Unstable:          0 kB
Bounce:                0 kB
WritebackTmp:          0 kB
CommitLimit:     2684136 kB
Committed_AS:   146564948 kB
VmallocTotal:   251658176 kB
VmallocUsed:      341332 kB
VmallocChunk:   247561408 kB
Time pass: 222 sec

---2015-12-04 21:02:09
MemTotal:        2746844 kB
MemFree:           70120 kB
Buffers:            8064 kB
Cached:           721476 kB
SwapCached:         3636 kB
Active:           813176 kB
Inactive:         767788 kB
Active(anon):     433520 kB
Inactive(anon):   438356 kB
Active(file):     379656 kB
Inactive(file):   329432 kB
Unevictable:       35692 kB
Mlocked:           27720 kB
SwapTotal:       1310716 kB
SwapFree:        1201892 kB
Dirty:                 0 kB
Writeback:             0 kB
AnonPages:        884572 kB
Mapped:           472848 kB
Shmem:              1464 kB
Slab:             108972 kB
SReclaimable:      31996 kB
SUnreclaim:        76976 kB
KernelStack:       31984 kB
PageTables:        58980 kB
NFS_Unstable:          0 kB
Bounce:                0 kB
WritebackTmp:          0 kB
CommitLimit:     2684136 kB
Committed_AS:   146564876 kB
VmallocTotal:   251658176 kB
VmallocUsed:      341332 kB
VmallocChunk:   247561408 kB
Time pass: 226 sec

---2015-12-04 21:02:09
MemTotal:        2746844 kB
MemFree:           78212 kB
Buffers:            8064 kB
Cached:           721476 kB
SwapCached:         3636 kB
Active:           804804 kB
Inactive:         767732 kB
Active(anon):     425148 kB
Inactive(anon):   438300 kB
Active(file):     379656 kB
Inactive(file):   329432 kB
Unevictable:       35692 kB
Mlocked:           27720 kB
SwapTotal:       1310716 kB
SwapFree:        1201896 kB
Dirty:                 0 kB
Writeback:             0 kB
AnonPages:        875976 kB
Mapped:           472932 kB
Shmem:              1464 kB
Slab:             109028 kB
SReclaimable:      31996 kB
SUnreclaim:        77032 kB
KernelStack:       31952 kB
PageTables:        58972 kB
NFS_Unstable:          0 kB
Bounce:                0 kB
WritebackTmp:          0 kB
CommitLimit:     2684136 kB
Committed_AS:   146564828 kB
VmallocTotal:   251658176 kB
VmallocUsed:      341332 kB
VmallocChunk:   247561408 kB
Time pass: 229 sec

---2015-12-04 21:02:09
MemTotal:        2746844 kB
MemFree:           77760 kB
Buffers:            8096 kB
Cached:           721600 kB
SwapCached:         3636 kB
Active:           805712 kB
Inactive:         767860 kB
Active(anon):     426056 kB
Inactive(anon):   438272 kB
Active(file):     379656 kB
Inactive(file):   329588 kB
Unevictable:       35692 kB
Mlocked:           27720 kB
SwapTotal:       1310716 kB
SwapFree:        1201920 kB
Dirty:                80 kB
Writeback:             0 kB
AnonPages:        876680 kB
Mapped:           472944 kB
Shmem:              1464 kB
Slab:             109008 kB
SReclaimable:      31996 kB
SUnreclaim:        77012 kB
KernelStack:       31952 kB
PageTables:        58972 kB
NFS_Unstable:          0 kB
Bounce:                0 kB
WritebackTmp:          0 kB
CommitLimit:     2684136 kB
Committed_AS:   146565220 kB
VmallocTotal:   251658176 kB
VmallocUsed:      341332 kB
VmallocChunk:   247561408 kB
Time pass: 233 sec

---2015-12-04 21:02:09
MemTotal:        2746844 kB
MemFree:           70060 kB
Buffers:            8096 kB
Cached:           721892 kB
SwapCached:         3636 kB
Active:           813020 kB
Inactive:         768244 kB
Active(anon):     433364 kB
Inactive(anon):   438260 kB
Active(file):     379656 kB
Inactive(file):   329984 kB
Unevictable:       35692 kB
Mlocked:           27720 kB
SwapTotal:       1310716 kB
SwapFree:        1201920 kB
Dirty:                 0 kB
Writeback:             0 kB
AnonPages:        884192 kB
Mapped:           478548 kB
Shmem:              1464 kB
Slab:             108960 kB
SReclaimable:      31996 kB
SUnreclaim:        76964 kB
KernelStack:       31968 kB
PageTables:        59256 kB
NFS_Unstable:          0 kB
Bounce:                0 kB
WritebackTmp:          0 kB
CommitLimit:     2684136 kB
Committed_AS:   147826580 kB
VmallocTotal:   251658176 kB
VmallocUsed:      342352 kB
VmallocChunk:   247561408 kB
Time pass: 236 sec

---2015-12-04 21:02:09
MemTotal:        2746844 kB
MemFree:           74076 kB
Buffers:            8120 kB
Cached:           722080 kB
SwapCached:         3636 kB
Active:           808352 kB
Inactive:         768304 kB
Active(anon):     428700 kB
Inactive(anon):   438224 kB
Active(file):     379652 kB
Inactive(file):   330080 kB
Unevictable:       35692 kB
Mlocked:           27720 kB
SwapTotal:       1310716 kB
SwapFree:        1201920 kB
Dirty:               132 kB
Writeback:             0 kB
AnonPages:        879628 kB
Mapped:           472996 kB
Shmem:              1464 kB
Slab:             109044 kB
SReclaimable:      31996 kB
SUnreclaim:        77048 kB
KernelStack:       31984 kB
PageTables:        58968 kB
NFS_Unstable:          0 kB
Bounce:                0 kB
WritebackTmp:          0 kB
CommitLimit:     2684136 kB
Committed_AS:   146565200 kB
VmallocTotal:   251658176 kB
VmallocUsed:      341332 kB
VmallocChunk:   247561408 kB
Time pass: 240 sec

---2015-12-04 21:02:09
MemTotal:        2746844 kB
MemFree:           73792 kB
Buffers:            8160 kB
Cached:           722108 kB
SwapCached:         3636 kB
Active:           808744 kB
Inactive:         768340 kB
Active(anon):     429064 kB
Inactive(anon):   438212 kB
Active(file):     379680 kB
Inactive(file):   330128 kB
Unevictable:       35692 kB
Mlocked:           27720 kB
SwapTotal:       1310716 kB
SwapFree:        1201924 kB
Dirty:                72 kB
Writeback:             0 kB
AnonPages:        879976 kB
Mapped:           472984 kB
Shmem:              1464 kB
Slab:             109004 kB
SReclaimable:      31996 kB
SUnreclaim:        77008 kB
KernelStack:       31952 kB
PageTables:        58972 kB
NFS_Unstable:          0 kB
Bounce:                0 kB
WritebackTmp:          0 kB
CommitLimit:     2684136 kB
Committed_AS:   146565204 kB
VmallocTotal:   251658176 kB
VmallocUsed:      341332 kB
VmallocChunk:   247561408 kB
Time pass: 244 sec

---2015-12-04 21:02:09
MemTotal:        2746844 kB
MemFree:           72304 kB
Buffers:            8176 kB
Cached:           722108 kB
SwapCached:         3636 kB
Active:           809312 kB
Inactive:         768112 kB
Active(anon):     429632 kB
Inactive(anon):   437960 kB
Active(file):     379680 kB
Inactive(file):   330152 kB
Unevictable:       35692 kB
Mlocked:           27720 kB
SwapTotal:       1310716 kB
SwapFree:        1201924 kB
Dirty:                 0 kB
Writeback:             0 kB
AnonPages:        880432 kB
Mapped:           472984 kB
Shmem:              1464 kB
Slab:             109032 kB
SReclaimable:      31996 kB
SUnreclaim:        77036 kB
KernelStack:       31952 kB
PageTables:        59004 kB
NFS_Unstable:          0 kB
Bounce:                0 kB
WritebackTmp:          0 kB
CommitLimit:     2684136 kB
Committed_AS:   146565252 kB
VmallocTotal:   251658176 kB
VmallocUsed:      341332 kB
VmallocChunk:   247561408 kB
Time pass: 247 sec

---2015-12-04 21:02:09
MemTotal:        2746844 kB
MemFree:           73112 kB
Buffers:            8184 kB
Cached:           722148 kB
SwapCached:         3636 kB
Active:           809892 kB
Inactive:         768148 kB
Active(anon):     430212 kB
Inactive(anon):   437996 kB
Active(file):     379680 kB
Inactive(file):   330152 kB
Unevictable:       35692 kB
Mlocked:           27720 kB
SwapTotal:       1310716 kB
SwapFree:        1201924 kB
Dirty:                36 kB
Writeback:             0 kB
AnonPages:        880876 kB
Mapped:           473108 kB
Shmem:              1504 kB
Slab:             109032 kB
SReclaimable:      31996 kB
SUnreclaim:        77036 kB
KernelStack:       31952 kB
PageTables:        59036 kB
NFS_Unstable:          0 kB
Bounce:                0 kB
WritebackTmp:          0 kB
CommitLimit:     2684136 kB
Committed_AS:   146565260 kB
VmallocTotal:   251658176 kB
VmallocUsed:      341332 kB
VmallocChunk:   247561408 kB
Time pass: 251 sec

---2015-12-04 21:02:09
MemTotal:        2746844 kB
MemFree:           72724 kB
Buffers:            8200 kB
Cached:           722148 kB
SwapCached:         3636 kB
Active:           810692 kB
Inactive:         768172 kB
Active(anon):     431012 kB
Inactive(anon):   437996 kB
Active(file):     379680 kB
Inactive(file):   330176 kB
Unevictable:       35692 kB
Mlocked:           27720 kB
SwapTotal:       1310716 kB
SwapFree:        1201924 kB
Dirty:                56 kB
Writeback:             0 kB
AnonPages:        881616 kB
Mapped:           472940 kB
Shmem:              1504 kB
Slab:             109104 kB
SReclaimable:      31996 kB
SUnreclaim:        77108 kB
KernelStack:       31968 kB
PageTables:        58976 kB
NFS_Unstable:          0 kB
Bounce:                0 kB
WritebackTmp:          0 kB
CommitLimit:     2684136 kB
Committed_AS:   146565236 kB
VmallocTotal:   251658176 kB
VmallocUsed:      341332 kB
VmallocChunk:   247561408 kB
Time pass: 254 sec

---2015-12-04 21:02:09
MemTotal:        2746844 kB
MemFree:           73468 kB
Buffers:            8208 kB
Cached:           720000 kB
SwapCached:         3636 kB
Active:           810364 kB
Inactive:         768176 kB
Active(anon):     431768 kB
Inactive(anon):   439064 kB
Active(file):     378596 kB
Inactive(file):   329112 kB
Unevictable:       35692 kB
Mlocked:           27720 kB
SwapTotal:       1310716 kB
SwapFree:        1201808 kB
Dirty:               108 kB
Writeback:             0 kB
AnonPages:        883612 kB
Mapped:           472492 kB
Shmem:              1504 kB
Slab:             109100 kB
SReclaimable:      31996 kB
SUnreclaim:        77104 kB
KernelStack:       31984 kB
PageTables:        58952 kB
NFS_Unstable:          0 kB
Bounce:                0 kB
WritebackTmp:          0 kB
CommitLimit:     2684136 kB
Committed_AS:   146565112 kB
VmallocTotal:   251658176 kB
VmallocUsed:      341332 kB
VmallocChunk:   247561408 kB
Time pass: 258 sec

---2015-12-04 21:02:09
MemTotal:        2746844 kB
MemFree:           73088 kB
Buffers:            8224 kB
Cached:           720000 kB
SwapCached:         3636 kB
Active:           810576 kB
Inactive:         768200 kB
Active(anon):     431980 kB
Inactive(anon):   439064 kB
Active(file):     378596 kB
Inactive(file):   329136 kB
Unevictable:       35692 kB
Mlocked:           27720 kB
SwapTotal:       1310716 kB
SwapFree:        1201808 kB
Dirty:                 0 kB
Writeback:             0 kB
AnonPages:        883420 kB
Mapped:           472584 kB
Shmem:              1504 kB
Slab:             109076 kB
SReclaimable:      31996 kB
SUnreclaim:        77080 kB
KernelStack:       31984 kB
PageTables:        58980 kB
NFS_Unstable:          0 kB
Bounce:                0 kB
WritebackTmp:          0 kB
CommitLimit:     2684136 kB
Committed_AS:   146565208 kB
VmallocTotal:   251658176 kB
VmallocUsed:      341332 kB
VmallocChunk:   247561408 kB
Time pass: 261 sec

---2015-12-04 21:02:09
MemTotal:        2746844 kB
MemFree:           72620 kB
Buffers:            8232 kB
Cached:           720000 kB
SwapCached:         3636 kB
Active:           810936 kB
Inactive:         768200 kB
Active(anon):     432340 kB
Inactive(anon):   439064 kB
Active(file):     378596 kB
Inactive(file):   329136 kB
Unevictable:       35692 kB
Mlocked:           27720 kB
SwapTotal:       1310716 kB
SwapFree:        1201808 kB
Dirty:                52 kB
Writeback:             0 kB
AnonPages:        883808 kB
Mapped:           472500 kB
Shmem:              1504 kB
Slab:             109088 kB
SReclaimable:      31996 kB
SUnreclaim:        77092 kB
KernelStack:       31968 kB
PageTables:        58948 kB
NFS_Unstable:          0 kB
Bounce:                0 kB
WritebackTmp:          0 kB
CommitLimit:     2684136 kB
Committed_AS:   146565192 kB
VmallocTotal:   251658176 kB
VmallocUsed:      341332 kB
VmallocChunk:   247561408 kB
Time pass: 265 sec

---2015-12-04 21:02:09
MemTotal:        2746844 kB
MemFree:           73000 kB
Buffers:            8248 kB
Cached:           720000 kB
SwapCached:         3636 kB
Active:           811368 kB
Inactive:         768184 kB
Active(anon):     432772 kB
Inactive(anon):   439024 kB
Active(file):     378596 kB
Inactive(file):   329160 kB
Unevictable:       35692 kB
Mlocked:           27720 kB
SwapTotal:       1310716 kB
SwapFree:        1201808 kB
Dirty:                64 kB
Writeback:             0 kB
AnonPages:        884328 kB
Mapped:           472584 kB
Shmem:              1504 kB
Slab:             109048 kB
SReclaimable:      31996 kB
SUnreclaim:        77052 kB
KernelStack:       31984 kB
PageTables:        58976 kB
NFS_Unstable:          0 kB
Bounce:                0 kB
WritebackTmp:          0 kB
CommitLimit:     2684136 kB
Committed_AS:   146565212 kB
VmallocTotal:   251658176 kB
VmallocUsed:      341332 kB
VmallocChunk:   247561408 kB
Time pass: 269 sec

---2015-12-04 21:02:09
MemTotal:        2746844 kB
MemFree:           72736 kB
Buffers:            8248 kB
Cached:           720032 kB
SwapCached:         3636 kB
Active:           811352 kB
Inactive:         768212 kB
Active(anon):     432756 kB
Inactive(anon):   439052 kB
Active(file):     378596 kB
Inactive(file):   329160 kB
Unevictable:       35692 kB
Mlocked:           27720 kB
SwapTotal:       1310716 kB
SwapFree:        1201808 kB
Dirty:                 0 kB
Writeback:             0 kB
AnonPages:        884488 kB
Mapped:           472616 kB
Shmem:              1536 kB
Slab:             109048 kB
SReclaimable:      31996 kB
SUnreclaim:        77052 kB
KernelStack:       31984 kB
PageTables:        58980 kB
NFS_Unstable:          0 kB
Bounce:                0 kB
WritebackTmp:          0 kB
CommitLimit:     2684136 kB
Committed_AS:   146565188 kB
VmallocTotal:   251658176 kB
VmallocUsed:      341332 kB
VmallocChunk:   247561408 kB
Time pass: 272 sec

---2015-12-04 21:02:09
MemTotal:        2746844 kB
MemFree:           73284 kB
Buffers:            8280 kB
Cached:           718004 kB
SwapCached:         3644 kB
Active:           811572 kB
Inactive:         768700 kB
Active(anon):     434168 kB
Inactive(anon):   440464 kB
Active(file):     377404 kB
Inactive(file):   328236 kB
Unevictable:       35692 kB
Mlocked:           27720 kB
SwapTotal:       1310716 kB
SwapFree:        1201292 kB
Dirty:               184 kB
Writeback:             0 kB
AnonPages:        886984 kB
Mapped:           471668 kB
Shmem:              1656 kB
Slab:             109080 kB
SReclaimable:      31996 kB
SUnreclaim:        77084 kB
KernelStack:       31952 kB
PageTables:        58908 kB
NFS_Unstable:          0 kB
Bounce:                0 kB
WritebackTmp:          0 kB
CommitLimit:     2684136 kB
Committed_AS:   146565312 kB
VmallocTotal:   251658176 kB
VmallocUsed:      341332 kB
VmallocChunk:   247561408 kB
Time pass: 276 sec

---2015-12-04 21:02:09
MemTotal:        2746844 kB
MemFree:           72460 kB
Buffers:            8280 kB
Cached:           718004 kB
SwapCached:         3644 kB
Active:           811304 kB
Inactive:         768588 kB
Active(anon):     433912 kB
Inactive(anon):   440340 kB
Active(file):     377392 kB
Inactive(file):   328248 kB
Unevictable:       35692 kB
Mlocked:           27720 kB
SwapTotal:       1310716 kB
SwapFree:        1201292 kB
Dirty:                 0 kB
Writeback:             0 kB
AnonPages:        886280 kB
Mapped:           471756 kB
Shmem:              1656 kB
Slab:             109072 kB
SReclaimable:      31996 kB
SUnreclaim:        77076 kB
KernelStack:       31968 kB
PageTables:        58948 kB
NFS_Unstable:          0 kB
Bounce:                0 kB
WritebackTmp:          0 kB
CommitLimit:     2684136 kB
Committed_AS:   146565208 kB
VmallocTotal:   251658176 kB
VmallocUsed:      341332 kB
VmallocChunk:   247561408 kB
Time pass: 279 sec

---2015-12-04 21:02:09
MemTotal:        2746844 kB
MemFree:           77492 kB
Buffers:            8288 kB
Cached:           718004 kB
SwapCached:         3644 kB
Active:           807196 kB
Inactive:         768600 kB
Active(anon):     429804 kB
Inactive(anon):   440344 kB
Active(file):     377392 kB
Inactive(file):   328256 kB
Unevictable:       35692 kB
Mlocked:           27720 kB
SwapTotal:       1310716 kB
SwapFree:        1201292 kB
Dirty:                48 kB
Writeback:             0 kB
AnonPages:        882340 kB
Mapped:           471840 kB
Shmem:              1656 kB
Slab:             109024 kB
SReclaimable:      31996 kB
SUnreclaim:        77028 kB
KernelStack:       31968 kB
PageTables:        58976 kB
NFS_Unstable:          0 kB
Bounce:                0 kB
WritebackTmp:          0 kB
CommitLimit:     2684136 kB
Committed_AS:   146565192 kB
VmallocTotal:   251658176 kB
VmallocUsed:      341332 kB
VmallocChunk:   247561408 kB
Time pass: 283 sec

---2015-12-04 21:02:09
MemTotal:        2746844 kB
MemFree:           77340 kB
Buffers:            8304 kB
Cached:           718004 kB
SwapCached:         3644 kB
Active:           808296 kB
Inactive:         768588 kB
Active(anon):     430904 kB
Inactive(anon):   440324 kB
Active(file):     377392 kB
Inactive(file):   328264 kB
Unevictable:       35692 kB
Mlocked:           27720 kB
SwapTotal:       1310716 kB
SwapFree:        1201292 kB
Dirty:                 0 kB
Writeback:             0 kB
AnonPages:        883444 kB
Mapped:           471840 kB
Shmem:              1656 kB
Slab:             109008 kB
SReclaimable:      31996 kB
SUnreclaim:        77012 kB
KernelStack:       31968 kB
PageTables:        58980 kB
NFS_Unstable:          0 kB
Bounce:                0 kB
WritebackTmp:          0 kB
CommitLimit:     2684136 kB
Committed_AS:   146565216 kB
VmallocTotal:   251658176 kB
VmallocUsed:      341332 kB
VmallocChunk:   247561408 kB
Time pass: 286 sec

---2015-12-04 21:02:09
MemTotal:        2746844 kB
MemFree:           78568 kB
Buffers:            8312 kB
Cached:           718004 kB
SwapCached:         3644 kB
Active:           808428 kB
Inactive:         768592 kB
Active(anon):     431036 kB
Inactive(anon):   440312 kB
Active(file):     377392 kB
Inactive(file):   328280 kB
Unevictable:       35692 kB
Mlocked:           27720 kB
SwapTotal:       1310716 kB
SwapFree:        1201292 kB
Dirty:                32 kB
Writeback:             0 kB
AnonPages:        883588 kB
Mapped:           471840 kB
Shmem:              1656 kB
Slab:             108992 kB
SReclaimable:      31996 kB
SUnreclaim:        76996 kB
KernelStack:       31968 kB
PageTables:        58980 kB
NFS_Unstable:          0 kB
Bounce:                0 kB
WritebackTmp:          0 kB
CommitLimit:     2684136 kB
Committed_AS:   146565192 kB
VmallocTotal:   251658176 kB
VmallocUsed:      341332 kB
VmallocChunk:   247561408 kB
Time pass: 290 sec

---2015-12-04 21:02:09
MemTotal:        2746844 kB
MemFree:           78052 kB
Buffers:            8328 kB
Cached:           718004 kB
SwapCached:         3644 kB
Active:           809048 kB
Inactive:         768596 kB
Active(anon):     431656 kB
Inactive(anon):   440300 kB
Active(file):     377392 kB
Inactive(file):   328296 kB
Unevictable:       35692 kB
Mlocked:           27720 kB
SwapTotal:       1310716 kB
SwapFree:        1201292 kB
Dirty:                40 kB
Writeback:             0 kB
AnonPages:        884140 kB
Mapped:           471840 kB
Shmem:              1656 kB
Slab:             108972 kB
SReclaimable:      31996 kB
SUnreclaim:        76976 kB
KernelStack:       31968 kB
PageTables:        58980 kB
NFS_Unstable:          0 kB
Bounce:                0 kB
WritebackTmp:          0 kB
CommitLimit:     2684136 kB
Committed_AS:   146565224 kB
VmallocTotal:   251658176 kB
VmallocUsed:      341332 kB
VmallocChunk:   247561408 kB
Time pass: 293 sec

---2015-12-04 21:02:09
MemTotal:        2746844 kB
MemFree:           76052 kB
Buffers:            8344 kB
Cached:           717988 kB
SwapCached:         3644 kB
Active:           811760 kB
Inactive:         768272 kB
Active(anon):     434096 kB
Inactive(anon):   440244 kB
Active(file):     377664 kB
Inactive(file):   328028 kB
Unevictable:       35692 kB
Mlocked:           27720 kB
SwapTotal:       1310716 kB
SwapFree:        1201292 kB
Dirty:               104 kB
Writeback:             0 kB
AnonPages:        886500 kB
Mapped:           471632 kB
Shmem:              1656 kB
Slab:             109128 kB
SReclaimable:      31996 kB
SUnreclaim:        77132 kB
KernelStack:       31968 kB
PageTables:        58952 kB
NFS_Unstable:          0 kB
Bounce:                0 kB
WritebackTmp:          0 kB
CommitLimit:     2684136 kB
Committed_AS:   146565160 kB
VmallocTotal:   251658176 kB
VmallocUsed:      341332 kB
VmallocChunk:   247561408 kB
Time pass: 297 sec

---2015-12-04 21:02:09
MemTotal:        2746844 kB
MemFree:           76592 kB
Buffers:            8344 kB
Cached:           718004 kB
SwapCached:         3644 kB
Active:           811116 kB
Inactive:         768284 kB
Active(anon):     433448 kB
Inactive(anon):   440244 kB
Active(file):     377668 kB
Inactive(file):   328040 kB
Unevictable:       35692 kB
Mlocked:           27720 kB
SwapTotal:       1310716 kB
SwapFree:        1201292 kB
Dirty:                 0 kB
Writeback:             0 kB
AnonPages:        886072 kB
Mapped:           471672 kB
Shmem:              1656 kB
Slab:             109028 kB
SReclaimable:      31996 kB
SUnreclaim:        77032 kB
KernelStack:       31984 kB
PageTables:        58952 kB
NFS_Unstable:          0 kB
Bounce:                0 kB
WritebackTmp:          0 kB
CommitLimit:     2684136 kB
Committed_AS:   146565160 kB
VmallocTotal:   251658176 kB
VmallocUsed:      341332 kB
VmallocChunk:   247561408 kB
Time pass: 300 sec

---2015-12-04 21:02:09
MemTotal:        2746844 kB
MemFree:           74800 kB
Buffers:            8368 kB
Cached:           718872 kB
SwapCached:         3644 kB
Active:           811936 kB
Inactive:         769056 kB
Active(anon):     434264 kB
Inactive(anon):   440228 kB
Active(file):     377672 kB
Inactive(file):   328828 kB
Unevictable:       35692 kB
Mlocked:           27720 kB
SwapTotal:       1310716 kB
SwapFree:        1201292 kB
Dirty:                52 kB
Writeback:            32 kB
AnonPages:        887056 kB
Mapped:           471856 kB
Shmem:              1656 kB
Slab:             108984 kB
SReclaimable:      31996 kB
SUnreclaim:        76988 kB
KernelStack:       32016 kB
PageTables:        58980 kB
NFS_Unstable:          0 kB
Bounce:                0 kB
WritebackTmp:          0 kB
CommitLimit:     2684136 kB
Committed_AS:   146565224 kB
VmallocTotal:   251658176 kB
VmallocUsed:      341332 kB
VmallocChunk:   247561408 kB
Time pass: 304 sec

---2015-12-04 21:02:09
MemTotal:        2746844 kB
MemFree:           74824 kB
Buffers:            8368 kB
Cached:           718808 kB
SwapCached:         3644 kB
Active:           812096 kB
Inactive:         769088 kB
Active(anon):     434424 kB
Inactive(anon):   440228 kB
Active(file):     377672 kB
Inactive(file):   328860 kB
Unevictable:       35692 kB
Mlocked:           27720 kB
SwapTotal:       1310716 kB
SwapFree:        1201292 kB
Dirty:                 4 kB
Writeback:             0 kB
AnonPages:        887160 kB
Mapped:           471776 kB
Shmem:              1656 kB
Slab:             109016 kB
SReclaimable:      31996 kB
SUnreclaim:        77020 kB
KernelStack:       32000 kB
PageTables:        58952 kB
NFS_Unstable:          0 kB
Bounce:                0 kB
WritebackTmp:          0 kB
CommitLimit:     2684136 kB
Committed_AS:   146565256 kB
VmallocTotal:   251658176 kB
VmallocUsed:      341332 kB
VmallocChunk:   247561408 kB
Time pass: 307 sec

---2015-12-04 21:02:09
MemTotal:        2746844 kB
MemFree:           74764 kB
Buffers:            8376 kB
Cached:           718808 kB
SwapCached:         3644 kB
Active:           812556 kB
Inactive:         769096 kB
Active(anon):     434884 kB
Inactive(anon):   440228 kB
Active(file):     377672 kB
Inactive(file):   328868 kB
Unevictable:       35692 kB
Mlocked:           27720 kB
SwapTotal:       1310716 kB
SwapFree:        1201292 kB
Dirty:                40 kB
Writeback:             0 kB
AnonPages:        887292 kB
Mapped:           471860 kB
Shmem:              1656 kB
Slab:             109008 kB
SReclaimable:      31996 kB
SUnreclaim:        77012 kB
KernelStack:       32000 kB
PageTables:        58980 kB
NFS_Unstable:          0 kB
Bounce:                0 kB
WritebackTmp:          0 kB
CommitLimit:     2684136 kB
Committed_AS:   146565248 kB
VmallocTotal:   251658176 kB
VmallocUsed:      341332 kB
VmallocChunk:   247561408 kB
Time pass: 311 sec

---2015-12-04 21:02:09
MemTotal:        2746844 kB
MemFree:           73144 kB
Buffers:            8392 kB
Cached:           720084 kB
SwapCached:         3644 kB
Active:           812468 kB
Inactive:         770340 kB
Active(anon):     434784 kB
Inactive(anon):   440184 kB
Active(file):     377684 kB
Inactive(file):   330156 kB
Unevictable:       35692 kB
Mlocked:           27720 kB
SwapTotal:       1310716 kB
SwapFree:        1201292 kB
Dirty:                60 kB
Writeback:             0 kB
AnonPages:        887224 kB
Mapped:           471764 kB
Shmem:              1648 kB
Slab:             109032 kB
SReclaimable:      31996 kB
SUnreclaim:        77036 kB
KernelStack:       32048 kB
PageTables:        58928 kB
NFS_Unstable:          0 kB
Bounce:                0 kB
WritebackTmp:          0 kB
CommitLimit:     2684136 kB
Committed_AS:   146558764 kB
VmallocTotal:   251658176 kB
VmallocUsed:      341332 kB
VmallocChunk:   247561408 kB
Time pass: 314 sec

---2015-12-04 21:02:09
MemTotal:        2746844 kB
MemFree:           73216 kB
Buffers:            8400 kB
Cached:           720084 kB
SwapCached:         3644 kB
Active:           812644 kB
Inactive:         770328 kB
Active(anon):     434960 kB
Inactive(anon):   440172 kB
Active(file):     377684 kB
Inactive(file):   330156 kB
Unevictable:       35692 kB
Mlocked:           27720 kB
SwapTotal:       1310716 kB
SwapFree:        1201292 kB
Dirty:                56 kB
Writeback:             0 kB
AnonPages:        887256 kB
Mapped:           471800 kB
Shmem:              1648 kB
Slab:             109020 kB
SReclaimable:      31996 kB
SUnreclaim:        77024 kB
KernelStack:       31984 kB
PageTables:        58932 kB
NFS_Unstable:          0 kB
Bounce:                0 kB
WritebackTmp:          0 kB
CommitLimit:     2684136 kB
Committed_AS:   146558668 kB
VmallocTotal:   251658176 kB
VmallocUsed:      341332 kB
VmallocChunk:   247561408 kB
Time pass: 318 sec

---2015-12-04 21:02:09
MemTotal:        2746844 kB
MemFree:           82044 kB
Buffers:            8416 kB
Cached:           720084 kB
SwapCached:         3644 kB
Active:           802992 kB
Inactive:         770356 kB
Active(anon):     425320 kB
Inactive(anon):   440164 kB
Active(file):     377672 kB
Inactive(file):   330192 kB
Unevictable:       35692 kB
Mlocked:           27720 kB
SwapTotal:       1310716 kB
SwapFree:        1201292 kB
Dirty:                80 kB
Writeback:             0 kB
AnonPages:        877812 kB
Mapped:           471908 kB
Shmem:              1648 kB
Slab:             108988 kB
SReclaimable:      31996 kB
SUnreclaim:        76992 kB
KernelStack:       32016 kB
PageTables:        58964 kB
NFS_Unstable:          0 kB
Bounce:                0 kB
WritebackTmp:          0 kB
CommitLimit:     2684136 kB
Committed_AS:   146558652 kB
VmallocTotal:   251658176 kB
VmallocUsed:      341332 kB
VmallocChunk:   247561408 kB
Time pass: 321 sec

---2015-12-04 21:02:09
MemTotal:        2746844 kB
MemFree:           81336 kB
Buffers:            8416 kB
Cached:           720084 kB
SwapCached:         3644 kB
Active:           803376 kB
Inactive:         770352 kB
Active(anon):     425704 kB
Inactive(anon):   440160 kB
Active(file):     377672 kB
Inactive(file):   330192 kB
Unevictable:       35692 kB
Mlocked:           27720 kB
SwapTotal:       1310716 kB
SwapFree:        1201292 kB
Dirty:                 0 kB
Writeback:             0 kB
AnonPages:        878180 kB
Mapped:           471992 kB
Shmem:              1648 kB
Slab:             109060 kB
SReclaimable:      31996 kB
SUnreclaim:        77064 kB
KernelStack:       32032 kB
PageTables:        58992 kB
NFS_Unstable:          0 kB
Bounce:                0 kB
WritebackTmp:          0 kB
CommitLimit:     2684136 kB
Committed_AS:   146558652 kB
VmallocTotal:   251658176 kB
VmallocUsed:      341332 kB
VmallocChunk:   247561408 kB
Time pass: 325 sec

---2015-12-04 21:02:09
MemTotal:        2746844 kB
MemFree:           80896 kB
Buffers:            8440 kB
Cached:           720084 kB
SwapCached:         3644 kB
Active:           804156 kB
Inactive:         770356 kB
Active(anon):     426484 kB
Inactive(anon):   440148 kB
Active(file):     377672 kB
Inactive(file):   330208 kB
Unevictable:       35692 kB
Mlocked:           27720 kB
SwapTotal:       1310716 kB
SwapFree:        1201292 kB
Dirty:                44 kB
Writeback:             0 kB
AnonPages:        878540 kB
Mapped:           471992 kB
Shmem:              1648 kB
Slab:             109048 kB
SReclaimable:      31996 kB
SUnreclaim:        77052 kB
KernelStack:       32032 kB
PageTables:        58992 kB
NFS_Unstable:          0 kB
Bounce:                0 kB
WritebackTmp:          0 kB
CommitLimit:     2684136 kB
Committed_AS:   146558660 kB
VmallocTotal:   251658176 kB
VmallocUsed:      341332 kB
VmallocChunk:   247561408 kB
Time pass: 328 sec

---2015-12-04 21:02:09
MemTotal:        2746844 kB
MemFree:           75504 kB
Buffers:            8440 kB
Cached:           720316 kB
SwapCached:         3644 kB
Active:           808132 kB
Inactive:         770596 kB
Active(anon):     430460 kB
Inactive(anon):   440148 kB
Active(file):     377672 kB
Inactive(file):   330448 kB
Unevictable:       35692 kB
Mlocked:           27720 kB
SwapTotal:       1310716 kB
SwapFree:        1201292 kB
Dirty:                 0 kB
Writeback:             0 kB
AnonPages:        883184 kB
Mapped:           477284 kB
Shmem:              1648 kB
Slab:             109020 kB
SReclaimable:      31996 kB
SUnreclaim:        77024 kB
KernelStack:       32176 kB
PageTables:        59420 kB
NFS_Unstable:          0 kB
Bounce:                0 kB
WritebackTmp:          0 kB
CommitLimit:     2684136 kB
Committed_AS:   147819972 kB
VmallocTotal:   251658176 kB
VmallocUsed:      342352 kB
VmallocChunk:   247561408 kB
Time pass: 332 sec

---2015-12-04 21:02:09
MemTotal:        2746844 kB
MemFree:           78652 kB
Buffers:            8472 kB
Cached:           720316 kB
SwapCached:         3644 kB
Active:           806132 kB
Inactive:         770572 kB
Active(anon):     428460 kB
Inactive(anon):   440092 kB
Active(file):     377672 kB
Inactive(file):   330480 kB
Unevictable:       35692 kB
Mlocked:           27720 kB
SwapTotal:       1310716 kB
SwapFree:        1201292 kB
Dirty:               192 kB
Writeback:             0 kB
AnonPages:        880688 kB
Mapped:           471924 kB
Shmem:              1648 kB
Slab:             108980 kB
SReclaimable:      31996 kB
SUnreclaim:        76984 kB
KernelStack:       32080 kB
PageTables:        58968 kB
NFS_Unstable:          0 kB
Bounce:                0 kB
WritebackTmp:          0 kB
CommitLimit:     2684136 kB
Committed_AS:   146558744 kB
VmallocTotal:   251658176 kB
VmallocUsed:      341332 kB
VmallocChunk:   247561408 kB
Time pass: 335 sec

---2015-12-04 21:02:09
MemTotal:        2746844 kB
MemFree:           80596 kB
Buffers:            8504 kB
Cached:           720452 kB
SwapCached:         3648 kB
Active:           802380 kB
Inactive:         770724 kB
Active(anon):     424692 kB
Inactive(anon):   440164 kB
Active(file):     377688 kB
Inactive(file):   330560 kB
Unevictable:       35692 kB
Mlocked:           27720 kB
SwapTotal:       1310716 kB
SwapFree:        1201292 kB
Dirty:                 0 kB
Writeback:             0 kB
AnonPages:        877396 kB
Mapped:           472012 kB
Shmem:              1720 kB
Slab:             108980 kB
SReclaimable:      31996 kB
SUnreclaim:        76984 kB
KernelStack:       32080 kB
PageTables:        58964 kB
NFS_Unstable:          0 kB
Bounce:                0 kB
WritebackTmp:          0 kB
CommitLimit:     2684136 kB
Committed_AS:   146558760 kB
VmallocTotal:   251658176 kB
VmallocUsed:      341332 kB
VmallocChunk:   247561408 kB
Time pass: 340 sec

---2015-12-04 21:02:09
MemTotal:        2746844 kB
MemFree:           81960 kB
Buffers:            8504 kB
Cached:           720452 kB
SwapCached:         3648 kB
Active:           801724 kB
Inactive:         770740 kB
Active(anon):     424052 kB
Inactive(anon):   440164 kB
Active(file):     377672 kB
Inactive(file):   330576 kB
Unevictable:       35692 kB
Mlocked:           27720 kB
SwapTotal:       1310716 kB
SwapFree:        1201292 kB
Dirty:                60 kB
Writeback:             0 kB
AnonPages:        876792 kB
Mapped:           472012 kB
Shmem:              1720 kB
Slab:             108984 kB
SReclaimable:      31996 kB
SUnreclaim:        76988 kB
KernelStack:       32064 kB
PageTables:        58964 kB
NFS_Unstable:          0 kB
Bounce:                0 kB
WritebackTmp:          0 kB
CommitLimit:     2684136 kB
Committed_AS:   146558752 kB
VmallocTotal:   251658176 kB
VmallocUsed:      341332 kB
VmallocChunk:   247561408 kB
Time pass: 344 sec

---2015-12-04 21:02:09
MemTotal:        2746844 kB
MemFree:           80648 kB
Buffers:            8512 kB
Cached:           720452 kB
SwapCached:         3648 kB
Active:           802112 kB
Inactive:         770748 kB
Active(anon):     424440 kB
Inactive(anon):   440164 kB
Active(file):     377672 kB
Inactive(file):   330584 kB
Unevictable:       35692 kB
Mlocked:           27720 kB
SwapTotal:       1310716 kB
SwapFree:        1201292 kB
Dirty:                 0 kB
Writeback:             0 kB
AnonPages:        876824 kB
Mapped:           472096 kB
Shmem:              1720 kB
Slab:             109016 kB
SReclaimable:      31996 kB
SUnreclaim:        77020 kB
KernelStack:       32048 kB
PageTables:        58992 kB
NFS_Unstable:          0 kB
Bounce:                0 kB
WritebackTmp:          0 kB
CommitLimit:     2684136 kB
Committed_AS:   146558772 kB
VmallocTotal:   251658176 kB
VmallocUsed:      341332 kB
VmallocChunk:   247561408 kB
Time pass: 347 sec

---2015-12-04 21:02:09
MemTotal:        2746844 kB
MemFree:           79884 kB
Buffers:            8528 kB
Cached:           720452 kB
SwapCached:         3648 kB
Active:           802280 kB
Inactive:         770764 kB
Active(anon):     424608 kB
Inactive(anon):   440164 kB
Active(file):     377672 kB
Inactive(file):   330600 kB
Unevictable:       35692 kB
Mlocked:           27720 kB
SwapTotal:       1310716 kB
SwapFree:        1201292 kB
Dirty:                44 kB
Writeback:             0 kB
AnonPages:        876772 kB
Mapped:           472108 kB
Shmem:              1720 kB
Slab:             109020 kB
SReclaimable:      31996 kB
SUnreclaim:        77024 kB
KernelStack:       32144 kB
PageTables:        59440 kB
NFS_Unstable:          0 kB
Bounce:                0 kB
WritebackTmp:          0 kB
CommitLimit:     2684136 kB
Committed_AS:   147799872 kB
VmallocTotal:   251658176 kB
VmallocUsed:      342352 kB
VmallocChunk:   247561408 kB
Time pass: 351 sec

---2015-12-04 21:02:09
MemTotal:        2746844 kB
MemFree:           80684 kB
Buffers:            8536 kB
Cached:           720452 kB
SwapCached:         3648 kB
Active:           802544 kB
Inactive:         770760 kB
Active(anon):     424872 kB
Inactive(anon):   440160 kB
Active(file):     377672 kB
Inactive(file):   330600 kB
Unevictable:       35692 kB
Mlocked:           27720 kB
SwapTotal:       1310716 kB
SwapFree:        1201292 kB
Dirty:               108 kB
Writeback:             0 kB
AnonPages:        877204 kB
Mapped:           471964 kB
Shmem:              1720 kB
Slab:             109048 kB
SReclaimable:      31996 kB
SUnreclaim:        77052 kB
KernelStack:       32032 kB
