---2015-12-08 17:44:29
MemTotal:        1421560 kB
MemFree:           43196 kB
Buffers:           11108 kB
Cached:           826396 kB
SwapCached:            0 kB
Active:           648332 kB
Inactive:         552668 kB
Active(anon):     365100 kB
Inactive(anon):      660 kB
Active(file):     283232 kB
Inactive(file):   552008 kB
Unevictable:        1516 kB
Mlocked:               0 kB
HighTotal:        885760 kB
HighFree:          13116 kB
LowTotal:         535800 kB
LowFree:           30080 kB
SwapTotal:             0 kB
SwapFree:              0 kB
Dirty:                 0 kB
Writeback:             0 kB
AnonPages:        365260 kB
Mapped:           349952 kB
Shmem:               748 kB
Slab:              43816 kB
SReclaimable:      14064 kB
SUnreclaim:        29752 kB
KernelStack:       10936 kB
PageTables:        27636 kB
NFS_Unstable:          0 kB
Bounce:                0 kB
WritebackTmp:          0 kB
CommitLimit:      710780 kB
Committed_AS:   36736248 kB
VmallocTotal:     460800 kB
VmallocUsed:       15432 kB
VmallocChunk:     168988 kB
Time pass: 3 sec

---2015-12-08 17:44:29
MemTotal:        1421560 kB
MemFree:           42748 kB
Buffers:           11108 kB
Cached:           826404 kB
SwapCached:            0 kB
Active:           648616 kB
Inactive:         552676 kB
Active(anon):     365384 kB
Inactive(anon):      660 kB
Active(file):     283232 kB
Inactive(file):   552016 kB
Unevictable:        1516 kB
Mlocked:               0 kB
HighTotal:        885760 kB
HighFree:          12700 kB
LowTotal:         535800 kB
LowFree:           30048 kB
SwapTotal:             0 kB
SwapFree:              0 kB
Dirty:                 0 kB
Writeback:             0 kB
AnonPages:        365428 kB
Mapped:           350104 kB
Shmem:               748 kB
Slab:              43940 kB
SReclaimable:      14064 kB
SUnreclaim:        29876 kB
KernelStack:       10936 kB
PageTables:        27636 kB
NFS_Unstable:          0 kB
Bounce:                0 kB
WritebackTmp:          0 kB
CommitLimit:      710780 kB
Committed_AS:   36736352 kB
VmallocTotal:     460800 kB
VmallocUsed:       15432 kB
VmallocChunk:     168988 kB
Time pass: 6 sec

---2015-12-08 17:44:29
MemTotal:        1421560 kB
MemFree:           42840 kB
Buffers:           11108 kB
Cached:           826404 kB
SwapCached:            0 kB
Active:           648788 kB
Inactive:         552676 kB
Active(anon):     365556 kB
Inactive(anon):      660 kB
Active(file):     283232 kB
Inactive(file):   552016 kB
Unevictable:        1516 kB
Mlocked:               0 kB
HighTotal:        885760 kB
HighFree:          12668 kB
LowTotal:         535800 kB
LowFree:           30172 kB
SwapTotal:             0 kB
SwapFree:              0 kB
Dirty:                 0 kB
Writeback:             0 kB
AnonPages:        365600 kB
Mapped:           349956 kB
Shmem:               748 kB
Slab:              43908 kB
SReclaimable:      14064 kB
SUnreclaim:        29844 kB
KernelStack:       10936 kB
PageTables:        27636 kB
NFS_Unstable:          0 kB
Bounce:                0 kB
WritebackTmp:          0 kB
CommitLimit:      710780 kB
Committed_AS:   36736424 kB
VmallocTotal:     460800 kB
VmallocUsed:       15432 kB
VmallocChunk:     168988 kB
Time pass: 10 sec

---2015-12-08 17:44:29
MemTotal:        1421560 kB
MemFree:           42704 kB
Buffers:           11108 kB
Cached:           826404 kB
SwapCached:            0 kB
Active:           649104 kB
Inactive:         552676 kB
Active(anon):     365872 kB
Inactive(anon):      660 kB
Active(file):     283232 kB
Inactive(file):   552016 kB
Unevictable:        1516 kB
Mlocked:               0 kB
HighTotal:        885760 kB
HighFree:          12436 kB
LowTotal:         535800 kB
LowFree:           30268 kB
SwapTotal:             0 kB
SwapFree:              0 kB
Dirty:                 0 kB
Writeback:             0 kB
AnonPages:        365892 kB
Mapped:           349956 kB
Shmem:               748 kB
Slab:              43748 kB
SReclaimable:      14064 kB
SUnreclaim:        29684 kB
KernelStack:       10936 kB
PageTables:        27636 kB
NFS_Unstable:          0 kB
Bounce:                0 kB
WritebackTmp:          0 kB
CommitLimit:      710780 kB
Committed_AS:   36736632 kB
VmallocTotal:     460800 kB
VmallocUsed:       15432 kB
VmallocChunk:     168988 kB
Time pass: 14 sec

---2015-12-08 17:44:29
MemTotal:        1421560 kB
MemFree:           42536 kB
Buffers:           11108 kB
Cached:           826404 kB
SwapCached:            0 kB
Active:           649328 kB
Inactive:         552676 kB
Active(anon):     366096 kB
Inactive(anon):      660 kB
Active(file):     283232 kB
Inactive(file):   552016 kB
Unevictable:        1516 kB
Mlocked:               0 kB
HighTotal:        885760 kB
HighFree:          12444 kB
LowTotal:         535800 kB
LowFree:           30092 kB
SwapTotal:             0 kB
SwapFree:              0 kB
Dirty:                 0 kB
Writeback:             0 kB
AnonPages:        366064 kB
Mapped:           350108 kB
Shmem:               748 kB
Slab:              43912 kB
SReclaimable:      14064 kB
SUnreclaim:        29848 kB
KernelStack:       10936 kB
PageTables:        27636 kB
NFS_Unstable:          0 kB
Bounce:                0 kB
WritebackTmp:          0 kB
CommitLimit:      710780 kB
Committed_AS:   36736648 kB
VmallocTotal:     460800 kB
VmallocUsed:       15432 kB
VmallocChunk:     168988 kB
Time pass: 17 sec

---2015-12-08 17:44:29
MemTotal:        1421560 kB
MemFree:           42324 kB
Buffers:           11108 kB
Cached:           826404 kB
SwapCached:            0 kB
Active:           649380 kB
Inactive:         552676 kB
Active(anon):     366148 kB
Inactive(anon):      660 kB
Active(file):     283232 kB
Inactive(file):   552016 kB
Unevictable:        1516 kB
Mlocked:               0 kB
HighTotal:        885760 kB
HighFree:          12088 kB
LowTotal:         535800 kB
LowFree:           30236 kB
SwapTotal:             0 kB
SwapFree:              0 kB
Dirty:                 0 kB
Writeback:             0 kB
AnonPages:        366296 kB
Mapped:           349976 kB
Shmem:               748 kB
Slab:              43836 kB
SReclaimable:      14064 kB
SUnreclaim:        29772 kB
KernelStack:       10936 kB
PageTables:        27636 kB
NFS_Unstable:          0 kB
Bounce:                0 kB
WritebackTmp:          0 kB
CommitLimit:      710780 kB
Committed_AS:   36736724 kB
VmallocTotal:     460800 kB
VmallocUsed:       15432 kB
VmallocChunk:     168988 kB
Time pass: 21 sec

---2015-12-08 17:44:29
MemTotal:        1421560 kB
MemFree:           22540 kB
Buffers:           11140 kB
Cached:           813932 kB
SwapCached:            0 kB
Active:           682844 kB
Inactive:         523368 kB
Active(anon):     382972 kB
Inactive(anon):      792 kB
Active(file):     299872 kB
Inactive(file):   522576 kB
Unevictable:        1516 kB
Mlocked:               0 kB
HighTotal:        885760 kB
HighFree:           6764 kB
LowTotal:         535800 kB
LowFree:           15776 kB
SwapTotal:             0 kB
SwapFree:              0 kB
Dirty:              1028 kB
Writeback:             0 kB
AnonPages:        383136 kB
Mapped:           373100 kB
Shmem:               880 kB
Slab:              44124 kB
SReclaimable:      14140 kB
SUnreclaim:        29984 kB
KernelStack:       11448 kB
PageTables:        28432 kB
NFS_Unstable:          0 kB
Bounce:                0 kB
WritebackTmp:          0 kB
CommitLimit:      710780 kB
Committed_AS:   37580360 kB
VmallocTotal:     460800 kB
VmallocUsed:       16600 kB
VmallocChunk:     168988 kB
Time pass: 25 sec

---2015-12-08 17:44:29
MemTotal:        1421560 kB
MemFree:           30588 kB
Buffers:           11156 kB
Cached:           794680 kB
SwapCached:            0 kB
Active:           680248 kB
Inactive:         502688 kB
Active(anon):     378704 kB
Inactive(anon):      792 kB
Active(file):     301544 kB
Inactive(file):   501896 kB
Unevictable:        1516 kB
Mlocked:               0 kB
HighTotal:        885760 kB
HighFree:          10604 kB
LowTotal:         535800 kB
LowFree:           19984 kB
SwapTotal:             0 kB
SwapFree:              0 kB
Dirty:               132 kB
Writeback:             0 kB
AnonPages:        378692 kB
Mapped:           374052 kB
Shmem:               880 kB
Slab:              44096 kB
SReclaimable:      14048 kB
SUnreclaim:        30048 kB
KernelStack:       11448 kB
PageTables:        28440 kB
NFS_Unstable:          0 kB
Bounce:                0 kB
WritebackTmp:          0 kB
CommitLimit:      710780 kB
Committed_AS:   37570820 kB
VmallocTotal:     460800 kB
VmallocUsed:       16656 kB
VmallocChunk:     168988 kB
Time pass: 28 sec

---2015-12-08 17:44:29
MemTotal:        1421560 kB
MemFree:           28428 kB
Buffers:           11164 kB
Cached:           784580 kB
SwapCached:            0 kB
Active:           683460 kB
Inactive:         488960 kB
Active(anon):     378228 kB
Inactive(anon):      792 kB
Active(file):     305232 kB
Inactive(file):   488168 kB
Unevictable:        1516 kB
Mlocked:               0 kB
HighTotal:        885760 kB
HighFree:          10076 kB
LowTotal:         535800 kB
LowFree:           18352 kB
SwapTotal:             0 kB
SwapFree:              0 kB
Dirty:               288 kB
Writeback:             0 kB
AnonPages:        378172 kB
Mapped:           382140 kB
Shmem:               880 kB
Slab:              43872 kB
SReclaimable:      13992 kB
SUnreclaim:        29880 kB
KernelStack:       11448 kB
PageTables:        28340 kB
NFS_Unstable:          0 kB
Bounce:                0 kB
WritebackTmp:          0 kB
CommitLimit:      710780 kB
Committed_AS:   37470460 kB
VmallocTotal:     460800 kB
VmallocUsed:       16716 kB
VmallocChunk:     168988 kB
Time pass: 32 sec

---2015-12-08 17:44:29
MemTotal:        1421560 kB
MemFree:           28372 kB
Buffers:           11172 kB
Cached:           784624 kB
SwapCached:            0 kB
Active:           683564 kB
Inactive:         488920 kB
Active(anon):     378300 kB
Inactive(anon):      792 kB
Active(file):     305264 kB
Inactive(file):   488128 kB
Unevictable:        1516 kB
Mlocked:               0 kB
HighTotal:        885760 kB
HighFree:          10036 kB
LowTotal:         535800 kB
LowFree:           18336 kB
SwapTotal:             0 kB
SwapFree:              0 kB
Dirty:               124 kB
Writeback:             0 kB
AnonPages:        378296 kB
Mapped:           382124 kB
Shmem:               880 kB
Slab:              43984 kB
SReclaimable:      14000 kB
SUnreclaim:        29984 kB
KernelStack:       11440 kB
PageTables:        28344 kB
NFS_Unstable:          0 kB
Bounce:                0 kB
WritebackTmp:          0 kB
CommitLimit:      710780 kB
Committed_AS:   37470492 kB
VmallocTotal:     460800 kB
VmallocUsed:       16716 kB
VmallocChunk:     168988 kB
Time pass: 35 sec

---2015-12-08 17:44:29
MemTotal:        1421560 kB
MemFree:           27752 kB
Buffers:           11180 kB
Cached:           784624 kB
SwapCached:            0 kB
Active:           683552 kB
Inactive:         488928 kB
Active(anon):     378288 kB
Inactive(anon):      792 kB
Active(file):     305264 kB
Inactive(file):   488136 kB
Unevictable:        1516 kB
Mlocked:               0 kB
HighTotal:        885760 kB
HighFree:           9628 kB
LowTotal:         535800 kB
LowFree:           18124 kB
SwapTotal:             0 kB
SwapFree:              0 kB
Dirty:                24 kB
Writeback:             0 kB
AnonPages:        378388 kB
Mapped:           382124 kB
Shmem:               880 kB
Slab:              44000 kB
SReclaimable:      14008 kB
SUnreclaim:        29992 kB
KernelStack:       11440 kB
PageTables:        28344 kB
NFS_Unstable:          0 kB
Bounce:                0 kB
WritebackTmp:          0 kB
CommitLimit:      710780 kB
Committed_AS:   37470644 kB
VmallocTotal:     460800 kB
VmallocUsed:       16716 kB
VmallocChunk:     168988 kB
Time pass: 39 sec

---2015-12-08 17:44:29
MemTotal:        1421560 kB
MemFree:           21504 kB
Buffers:           10812 kB
Cached:           776008 kB
SwapCached:            0 kB
Active:           691820 kB
Inactive:         476528 kB
Active(anon):     383164 kB
Inactive(anon):      792 kB
Active(file):     308656 kB
Inactive(file):   475736 kB
Unevictable:        1516 kB
Mlocked:               0 kB
HighTotal:        885760 kB
HighFree:           4396 kB
LowTotal:         535800 kB
LowFree:           17108 kB
SwapTotal:             0 kB
SwapFree:              0 kB
Dirty:                36 kB
Writeback:             0 kB
AnonPages:        383208 kB
Mapped:           385644 kB
Shmem:               880 kB
Slab:              44048 kB
SReclaimable:      14000 kB
SUnreclaim:        30048 kB
KernelStack:       11464 kB
PageTables:        28404 kB
NFS_Unstable:          0 kB
Bounce:                0 kB
WritebackTmp:          0 kB
CommitLimit:      710780 kB
Committed_AS:   37507984 kB
VmallocTotal:     460800 kB
VmallocUsed:       16852 kB
VmallocChunk:     168988 kB
Time pass: 42 sec

---2015-12-08 17:44:29
MemTotal:        1421560 kB
MemFree:           20360 kB
Buffers:           10820 kB
Cached:           776100 kB
SwapCached:            0 kB
Active:           691868 kB
Inactive:         476652 kB
Active(anon):     383204 kB
Inactive(anon):      792 kB
Active(file):     308664 kB
Inactive(file):   475860 kB
Unevictable:        1516 kB
Mlocked:               0 kB
HighTotal:        885760 kB
HighFree:           4836 kB
LowTotal:         535800 kB
LowFree:           15524 kB
SwapTotal:             0 kB
SwapFree:              0 kB
Dirty:                28 kB
Writeback:             0 kB
AnonPages:        383144 kB
Mapped:           385924 kB
Shmem:               880 kB
Slab:              44076 kB
SReclaimable:      14032 kB
SUnreclaim:        30044 kB
KernelStack:       11464 kB
PageTables:        28408 kB
NFS_Unstable:          0 kB
Bounce:                0 kB
WritebackTmp:          0 kB
CommitLimit:      710780 kB
Committed_AS:   37507336 kB
VmallocTotal:     460800 kB
VmallocUsed:       16852 kB
VmallocChunk:     168988 kB
Time pass: 46 sec

---2015-12-08 17:44:29
MemTotal:        1421560 kB
MemFree:           18808 kB
Buffers:           10788 kB
Cached:           768224 kB
SwapCached:            0 kB
Active:           704328 kB
Inactive:         468016 kB
Active(anon):     394992 kB
Inactive(anon):      796 kB
Active(file):     309336 kB
Inactive(file):   467220 kB
Unevictable:        1516 kB
Mlocked:               0 kB
HighTotal:        885760 kB
HighFree:           5268 kB
LowTotal:         535800 kB
LowFree:           13540 kB
SwapTotal:             0 kB
SwapFree:              0 kB
Dirty:                 4 kB
Writeback:             0 kB
AnonPages:        395024 kB
Mapped:           387000 kB
Shmem:               884 kB
Slab:              44188 kB
SReclaimable:      14112 kB
SUnreclaim:        30076 kB
KernelStack:       11496 kB
PageTables:        28440 kB
NFS_Unstable:          0 kB
Bounce:                0 kB
WritebackTmp:          0 kB
CommitLimit:      710780 kB
Committed_AS:   37554428 kB
VmallocTotal:     460800 kB
VmallocUsed:       16820 kB
VmallocChunk:     168988 kB
Time pass: 50 sec

---2015-12-08 17:44:29
MemTotal:        1421560 kB
MemFree:           20636 kB
Buffers:           10104 kB
Cached:           744140 kB
SwapCached:            0 kB
Active:           712352 kB
Inactive:         440072 kB
Active(anon):     399884 kB
Inactive(anon):      796 kB
Active(file):     312468 kB
Inactive(file):   439276 kB
Unevictable:        1516 kB
Mlocked:               0 kB
HighTotal:        885760 kB
HighFree:           5836 kB
LowTotal:         535800 kB
LowFree:           14800 kB
SwapTotal:             0 kB
SwapFree:              0 kB
Dirty:              1032 kB
Writeback:             0 kB
AnonPages:        400044 kB
Mapped:           401692 kB
Shmem:               884 kB
Slab:              44168 kB
SReclaimable:      13992 kB
SUnreclaim:        30176 kB
KernelStack:       11520 kB
PageTables:        28492 kB
NFS_Unstable:          0 kB
Bounce:                0 kB
WritebackTmp:          0 kB
CommitLimit:      710780 kB
Committed_AS:   37559192 kB
VmallocTotal:     460800 kB
VmallocUsed:       16848 kB
VmallocChunk:     168988 kB
Time pass: 53 sec

---2015-12-08 17:44:29
MemTotal:        1421560 kB
MemFree:           23156 kB
Buffers:           10096 kB
Cached:           739256 kB
SwapCached:            0 kB
Active:           713384 kB
Inactive:         434624 kB
Active(anon):     400292 kB
Inactive(anon):      796 kB
Active(file):     313092 kB
Inactive(file):   433828 kB
Unevictable:        1516 kB
Mlocked:               0 kB
HighTotal:        885760 kB
HighFree:           6924 kB
LowTotal:         535800 kB
LowFree:           16232 kB
SwapTotal:             0 kB
SwapFree:              0 kB
Dirty:                 4 kB
Writeback:             0 kB
AnonPages:        400280 kB
Mapped:           404732 kB
Shmem:               884 kB
Slab:              44176 kB
SReclaimable:      14040 kB
SUnreclaim:        30136 kB
KernelStack:       11520 kB
PageTables:        28512 kB
NFS_Unstable:          0 kB
Bounce:                0 kB
WritebackTmp:          0 kB
CommitLimit:      710780 kB
Committed_AS:   37559512 kB
VmallocTotal:     460800 kB
VmallocUsed:       16860 kB
VmallocChunk:     168988 kB
Time pass: 56 sec

---2015-12-08 17:44:29
MemTotal:        1421560 kB
MemFree:           20124 kB
Buffers:           10120 kB
Cached:           735912 kB
SwapCached:            0 kB
Active:           717152 kB
Inactive:         428976 kB
Active(anon):     401900 kB
Inactive(anon):      796 kB
Active(file):     315252 kB
Inactive(file):   428180 kB
Unevictable:        1516 kB
Mlocked:               0 kB
HighTotal:        885760 kB
HighFree:           4420 kB
LowTotal:         535800 kB
LowFree:           15704 kB
SwapTotal:             0 kB
SwapFree:              0 kB
Dirty:               208 kB
Writeback:             0 kB
AnonPages:        401928 kB
Mapped:           407776 kB
Shmem:               884 kB
Slab:              44368 kB
SReclaimable:      14112 kB
SUnreclaim:        30256 kB
KernelStack:       11520 kB
PageTables:        28512 kB
NFS_Unstable:          0 kB
Bounce:                0 kB
WritebackTmp:          0 kB
CommitLimit:      710780 kB
Committed_AS:   37560904 kB
VmallocTotal:     460800 kB
VmallocUsed:       16872 kB
VmallocChunk:     168988 kB
Time pass: 60 sec

---2015-12-08 17:44:29
MemTotal:        1421560 kB
MemFree:           19428 kB
Buffers:           10120 kB
Cached:           735888 kB
SwapCached:            0 kB
Active:           717060 kB
Inactive:         429104 kB
Active(anon):     401760 kB
Inactive(anon):      796 kB
Active(file):     315300 kB
Inactive(file):   428308 kB
Unevictable:        1516 kB
Mlocked:               0 kB
HighTotal:        885760 kB
HighFree:           4428 kB
LowTotal:         535800 kB
LowFree:           15000 kB
SwapTotal:             0 kB
SwapFree:              0 kB
Dirty:               216 kB
Writeback:             0 kB
AnonPages:        401732 kB
Mapped:           407748 kB
Shmem:               884 kB
Slab:              44332 kB
SReclaimable:      14088 kB
SUnreclaim:        30244 kB
KernelStack:       11520 kB
PageTables:        28520 kB
NFS_Unstable:          0 kB
Bounce:                0 kB
WritebackTmp:          0 kB
CommitLimit:      710780 kB
Committed_AS:   37561016 kB
VmallocTotal:     460800 kB
VmallocUsed:       16872 kB
VmallocChunk:     168988 kB
Time pass: 63 sec

---2015-12-08 17:44:29
MemTotal:        1421560 kB
MemFree:           20652 kB
Buffers:           10128 kB
Cached:           733924 kB
SwapCached:            0 kB
Active:           721720 kB
Inactive:         426452 kB
Active(anon):     405664 kB
Inactive(anon):      796 kB
Active(file):     316056 kB
Inactive(file):   425656 kB
Unevictable:        1516 kB
Mlocked:               0 kB
HighTotal:        885760 kB
HighFree:           4860 kB
LowTotal:         535800 kB
LowFree:           15792 kB
SwapTotal:             0 kB
SwapFree:              0 kB
Dirty:               376 kB
Writeback:             0 kB
AnonPages:        405904 kB
Mapped:           407732 kB
Shmem:               884 kB
Slab:              43272 kB
SReclaimable:      13128 kB
SUnreclaim:        30144 kB
KernelStack:       11520 kB
PageTables:        28520 kB
NFS_Unstable:          0 kB
Bounce:                0 kB
WritebackTmp:          0 kB
CommitLimit:      710780 kB
Committed_AS:   37565276 kB
VmallocTotal:     460800 kB
VmallocUsed:       16872 kB
VmallocChunk:     168988 kB
Time pass: 67 sec

---2015-12-08 17:44:29
MemTotal:        1421560 kB
MemFree:           21652 kB
Buffers:           10120 kB
Cached:           725312 kB
SwapCached:            0 kB
Active:           722184 kB
Inactive:         417152 kB
Active(anon):     405508 kB
Inactive(anon):      792 kB
Active(file):     316676 kB
Inactive(file):   416360 kB
Unevictable:        1516 kB
Mlocked:               0 kB
HighTotal:        885760 kB
HighFree:           5324 kB
LowTotal:         535800 kB
LowFree:           16328 kB
SwapTotal:             0 kB
SwapFree:              0 kB
Dirty:               552 kB
Writeback:             0 kB
AnonPages:        405580 kB
Mapped:           412196 kB
Shmem:               880 kB
Slab:              44216 kB
SReclaimable:      14104 kB
SUnreclaim:        30112 kB
KernelStack:       11528 kB
PageTables:        28536 kB
NFS_Unstable:          0 kB
Bounce:                0 kB
WritebackTmp:          0 kB
CommitLimit:      710780 kB
Committed_AS:   37562136 kB
VmallocTotal:     460800 kB
VmallocUsed:       16884 kB
VmallocChunk:     168988 kB
Time pass: 71 sec

---2015-12-08 17:44:29
MemTotal:        1421560 kB
MemFree:           24056 kB
Buffers:           10108 kB
Cached:           716180 kB
SwapCached:            0 kB
Active:           729604 kB
Inactive:         408436 kB
Active(anon):     413356 kB
Inactive(anon):      792 kB
Active(file):     316248 kB
Inactive(file):   407644 kB
Unevictable:        1516 kB
Mlocked:               0 kB
HighTotal:        885760 kB
HighFree:           7340 kB
LowTotal:         535800 kB
LowFree:           16716 kB
SwapTotal:             0 kB
SwapFree:              0 kB
Dirty:               316 kB
Writeback:             0 kB
AnonPages:        413436 kB
Mapped:           414744 kB
Shmem:               880 kB
Slab:              43704 kB
SReclaimable:      13432 kB
SUnreclaim:        30272 kB
KernelStack:       11584 kB
PageTables:        28560 kB
NFS_Unstable:          0 kB
Bounce:                0 kB
WritebackTmp:          0 kB
CommitLimit:      710780 kB
Committed_AS:   37543920 kB
VmallocTotal:     460800 kB
VmallocUsed:       16884 kB
VmallocChunk:     168988 kB
Time pass: 75 sec

---2015-12-08 17:44:29
MemTotal:        1421560 kB
MemFree:           20112 kB
Buffers:           10124 kB
Cached:           693100 kB
SwapCached:            0 kB
Active:           737996 kB
Inactive:         384088 kB
Active(anon):     420468 kB
Inactive(anon):      948 kB
Active(file):     317528 kB
Inactive(file):   383140 kB
Unevictable:        1516 kB
Mlocked:               0 kB
HighTotal:        885760 kB
HighFree:           4516 kB
LowTotal:         535800 kB
LowFree:           15596 kB
SwapTotal:             0 kB
SwapFree:              0 kB
Dirty:               124 kB
Writeback:             0 kB
AnonPages:        420536 kB
Mapped:           412796 kB
Shmem:              1040 kB
Slab:              44700 kB
SReclaimable:      14248 kB
SUnreclaim:        30452 kB
KernelStack:       11768 kB
PageTables:        28744 kB
NFS_Unstable:          0 kB
Bounce:                0 kB
WritebackTmp:          0 kB
CommitLimit:      710780 kB
Committed_AS:   37565288 kB
VmallocTotal:     460800 kB
VmallocUsed:       19292 kB
VmallocChunk:     168988 kB
Time pass: 80 sec

---2015-12-08 17:44:29
MemTotal:        1421560 kB
MemFree:           14464 kB
Buffers:           10140 kB
Cached:           687536 kB
SwapCached:            0 kB
Active:           743156 kB
Inactive:         378548 kB
Active(anon):     425656 kB
Inactive(anon):      980 kB
Active(file):     317500 kB
Inactive(file):   377568 kB
Unevictable:        1516 kB
Mlocked:               0 kB
HighTotal:        885760 kB
HighFree:           4956 kB
LowTotal:         535800 kB
LowFree:            9508 kB
SwapTotal:             0 kB
SwapFree:              0 kB
Dirty:                44 kB
Writeback:             0 kB
AnonPages:        425660 kB
Mapped:           412528 kB
Shmem:              1092 kB
Slab:              44636 kB
SReclaimable:      14128 kB
SUnreclaim:        30508 kB
KernelStack:       11760 kB
PageTables:        28768 kB
NFS_Unstable:          0 kB
Bounce:                0 kB
WritebackTmp:          0 kB
CommitLimit:      710780 kB
Committed_AS:   37568940 kB
VmallocTotal:     460800 kB
VmallocUsed:       19292 kB
VmallocChunk:     168988 kB
Time pass: 84 sec

---2015-12-08 17:44:29
MemTotal:        1421560 kB
MemFree:           19912 kB
Buffers:            9848 kB
Cached:           658644 kB
SwapCached:            0 kB
Active:           737832 kB
Inactive:         353480 kB
Active(anon):     425508 kB
Inactive(anon):     1152 kB
Active(file):     312324 kB
Inactive(file):   352328 kB
Unevictable:        2596 kB
Mlocked:               0 kB
HighTotal:        885760 kB
HighFree:           7704 kB
LowTotal:         535800 kB
LowFree:           12208 kB
SwapTotal:             0 kB
SwapFree:              0 kB
Dirty:                 4 kB
Writeback:             0 kB
AnonPages:        425420 kB
Mapped:           410384 kB
Shmem:              1244 kB
Slab:              44716 kB
SReclaimable:      14176 kB
SUnreclaim:        30540 kB
KernelStack:       11736 kB
PageTables:        28872 kB
NFS_Unstable:          0 kB
Bounce:                0 kB
WritebackTmp:          0 kB
CommitLimit:      710780 kB
Committed_AS:   37601392 kB
VmallocTotal:     460800 kB
VmallocUsed:       19292 kB
VmallocChunk:     168988 kB
Time pass: 87 sec

---2015-12-08 17:44:29
MemTotal:        1421560 kB
MemFree:           18188 kB
Buffers:            9864 kB
Cached:           658696 kB
SwapCached:            0 kB
Active:           739452 kB
Inactive:         353404 kB
Active(anon):     426984 kB
Inactive(anon):     1204 kB
Active(file):     312468 kB
Inactive(file):   352200 kB
Unevictable:        2596 kB
Mlocked:               0 kB
HighTotal:        885760 kB
HighFree:           6340 kB
LowTotal:         535800 kB
LowFree:           11848 kB
SwapTotal:             0 kB
SwapFree:              0 kB
Dirty:                 0 kB
Writeback:             0 kB
AnonPages:        426980 kB
Mapped:           410436 kB
Shmem:              1296 kB
Slab:              44784 kB
SReclaimable:      14248 kB
SUnreclaim:        30536 kB
KernelStack:       11736 kB
PageTables:        28872 kB
NFS_Unstable:          0 kB
Bounce:                0 kB
WritebackTmp:          0 kB
CommitLimit:      710780 kB
Committed_AS:   37569556 kB
VmallocTotal:     460800 kB
VmallocUsed:       19292 kB
VmallocChunk:     168988 kB
Time pass: 92 sec

---2015-12-08 17:44:29
MemTotal:        1421560 kB
MemFree:           18880 kB
Buffers:            9888 kB
Cached:           658696 kB
SwapCached:            0 kB
Active:           739440 kB
Inactive:         353428 kB
Active(anon):     426972 kB
Inactive(anon):     1204 kB
Active(file):     312468 kB
Inactive(file):   352224 kB
Unevictable:        2596 kB
Mlocked:               0 kB
HighTotal:        885760 kB
HighFree:           7132 kB
LowTotal:         535800 kB
LowFree:           11748 kB
SwapTotal:             0 kB
SwapFree:              0 kB
Dirty:                40 kB
Writeback:             0 kB
AnonPages:        426996 kB
Mapped:           410388 kB
Shmem:              1296 kB
Slab:              44776 kB
SReclaimable:      14248 kB
SUnreclaim:        30528 kB
KernelStack:       11728 kB
PageTables:        28856 kB
NFS_Unstable:          0 kB
Bounce:                0 kB
WritebackTmp:          0 kB
CommitLimit:      710780 kB
Committed_AS:   37570460 kB
VmallocTotal:     460800 kB
VmallocUsed:       19292 kB
VmallocChunk:     168988 kB
Time pass: 98 sec

---2015-12-08 17:44:29
MemTotal:        1421560 kB
MemFree:           19720 kB
Buffers:            9912 kB
Cached:           656560 kB
SwapCached:            0 kB
Active:           739172 kB
Inactive:         351792 kB
Active(anon):     427188 kB
Inactive(anon):     1232 kB
Active(file):     311984 kB
Inactive(file):   350560 kB
Unevictable:        2596 kB
Mlocked:               0 kB
HighTotal:        885760 kB
HighFree:           6924 kB
LowTotal:         535800 kB
LowFree:           12796 kB
SwapTotal:             0 kB
SwapFree:              0 kB
Dirty:                40 kB
Writeback:             0 kB
AnonPages:        427184 kB
Mapped:           409832 kB
Shmem:              1324 kB
Slab:              44732 kB
SReclaimable:      14168 kB
SUnreclaim:        30564 kB
KernelStack:       11720 kB
PageTables:        28864 kB
NFS_Unstable:          0 kB
Bounce:                0 kB
WritebackTmp:          0 kB
CommitLimit:      710780 kB
Committed_AS:   37572040 kB
VmallocTotal:     460800 kB
VmallocUsed:       19292 kB
VmallocChunk:     168988 kB
Time pass: 103 sec

---2015-12-08 17:44:29
MemTotal:        1421560 kB
MemFree:           91316 kB
Buffers:            9972 kB
Cached:           653880 kB
SwapCached:            0 kB
Active:           676356 kB
Inactive:         347644 kB
Active(anon):     362640 kB
Inactive(anon):      692 kB
Active(file):     313716 kB
Inactive(file):   346952 kB
Unevictable:        2596 kB
Mlocked:               0 kB
HighTotal:        885760 kB
HighFree:          51712 kB
LowTotal:         535800 kB
LowFree:           39604 kB
SwapTotal:             0 kB
SwapFree:              0 kB
Dirty:               204 kB
Writeback:             0 kB
AnonPages:        361916 kB
Mapped:           310648 kB
Shmem:               732 kB
Slab:              44512 kB
SReclaimable:      14104 kB
SUnreclaim:        30408 kB
KernelStack:       11256 kB
PageTables:        27580 kB
NFS_Unstable:          0 kB
Bounce:                0 kB
WritebackTmp:          0 kB
CommitLimit:      710780 kB
Committed_AS:   36974948 kB
VmallocTotal:     460800 kB
VmallocUsed:       18136 kB
VmallocChunk:     168988 kB
Time pass: 108 sec

---2015-12-08 17:44:29
MemTotal:        1421560 kB
MemFree:          177036 kB
Buffers:            9980 kB
Cached:           654504 kB
SwapCached:            0 kB
Active:           658348 kB
Inactive:         347732 kB
Active(anon):     344288 kB
Inactive(anon):      532 kB
Active(file):     314060 kB
Inactive(file):   347200 kB
Unevictable:        2596 kB
Mlocked:               0 kB
HighTotal:        885760 kB
HighFree:         100244 kB
LowTotal:         535800 kB
LowFree:           76792 kB
SwapTotal:             0 kB
SwapFree:              0 kB
Dirty:               144 kB
Writeback:             0 kB
AnonPages:        344384 kB
Mapped:           311228 kB
Shmem:               620 kB
Slab:              44248 kB
SReclaimable:      14040 kB
SUnreclaim:        30208 kB
KernelStack:       10336 kB
PageTables:        26524 kB
NFS_Unstable:          0 kB
Bounce:                0 kB
WritebackTmp:          0 kB
CommitLimit:      710780 kB
Committed_AS:   36197604 kB
VmallocTotal:     460800 kB
VmallocUsed:       15800 kB
VmallocChunk:     168988 kB
Time pass: 111 sec

---2015-12-08 17:44:29
MemTotal:        1421560 kB
MemFree:          179912 kB
Buffers:            9980 kB
Cached:           654504 kB
SwapCached:            0 kB
Active:           653644 kB
Inactive:         347740 kB
Active(anon):     339584 kB
Inactive(anon):      532 kB
Active(file):     314060 kB
Inactive(file):   347208 kB
Unevictable:        2596 kB
Mlocked:               0 kB
HighTotal:        885760 kB
HighFree:          99852 kB
LowTotal:         535800 kB
LowFree:           80060 kB
SwapTotal:             0 kB
SwapFree:              0 kB
Dirty:                96 kB
Writeback:             0 kB
AnonPages:        339720 kB
Mapped:           311236 kB
Shmem:               620 kB
Slab:              44248 kB
SReclaimable:      14040 kB
SUnreclaim:        30208 kB
KernelStack:       10336 kB
PageTables:        26588 kB
NFS_Unstable:          0 kB
Bounce:                0 kB
WritebackTmp:          0 kB
CommitLimit:      710780 kB
Committed_AS:   36079244 kB
VmallocTotal:     460800 kB
VmallocUsed:       15800 kB
VmallocChunk:     168988 kB
Time pass: 115 sec

---2015-12-08 17:44:29
MemTotal:        1421560 kB
MemFree:          179744 kB
Buffers:            9988 kB
Cached:           654500 kB
SwapCached:            0 kB
Active:           653816 kB
Inactive:         347748 kB
Active(anon):     339756 kB
Inactive(anon):      532 kB
Active(file):     314060 kB
Inactive(file):   347216 kB
Unevictable:        2596 kB
Mlocked:               0 kB
HighTotal:        885760 kB
HighFree:          99884 kB
LowTotal:         535800 kB
LowFree:           79860 kB
SwapTotal:             0 kB
SwapFree:              0 kB
Dirty:                48 kB
Writeback:             0 kB
AnonPages:        339884 kB
Mapped:           311232 kB
Shmem:               616 kB
Slab:              44280 kB
SReclaimable:      14040 kB
SUnreclaim:        30240 kB
KernelStack:       10336 kB
PageTables:        26584 kB
NFS_Unstable:          0 kB
Bounce:                0 kB
WritebackTmp:          0 kB
CommitLimit:      710780 kB
Committed_AS:   36079324 kB
VmallocTotal:     460800 kB
VmallocUsed:       15800 kB
VmallocChunk:     168988 kB
Time pass: 119 sec

---2015-12-08 17:44:29
MemTotal:        1421560 kB
MemFree:          179316 kB
Buffers:            9996 kB
Cached:           654496 kB
SwapCached:            0 kB
Active:           654072 kB
Inactive:         347748 kB
Active(anon):     340012 kB
Inactive(anon):      532 kB
Active(file):     314060 kB
Inactive(file):   347216 kB
Unevictable:        2596 kB
Mlocked:               0 kB
HighTotal:        885760 kB
HighFree:          99516 kB
LowTotal:         535800 kB
LowFree:           79800 kB
SwapTotal:             0 kB
SwapFree:              0 kB
Dirty:                 0 kB
Writeback:            48 kB
AnonPages:        340040 kB
Mapped:           311384 kB
Shmem:               620 kB
Slab:              44216 kB
SReclaimable:      14040 kB
SUnreclaim:        30176 kB
KernelStack:       10336 kB
PageTables:        26588 kB
NFS_Unstable:          0 kB
Bounce:                0 kB
WritebackTmp:          0 kB
CommitLimit:      710780 kB
Committed_AS:   36079420 kB
VmallocTotal:     460800 kB
VmallocUsed:       13392 kB
VmallocChunk:     168988 kB
Time pass: 122 sec

---2015-12-08 17:44:29
MemTotal:        1421560 kB
MemFree:          179432 kB
Buffers:            9996 kB
Cached:           654504 kB
SwapCached:            0 kB
Active:           654056 kB
Inactive:         347756 kB
Active(anon):     339996 kB
Inactive(anon):      532 kB
Active(file):     314060 kB
Inactive(file):   347224 kB
Unevictable:        2596 kB
Mlocked:               0 kB
HighTotal:        885760 kB
HighFree:          99632 kB
LowTotal:         535800 kB
LowFree:           79800 kB
SwapTotal:             0 kB
SwapFree:              0 kB
Dirty:                12 kB
Writeback:             0 kB
AnonPages:        340140 kB
Mapped:           311236 kB
Shmem:               620 kB
Slab:              44216 kB
SReclaimable:      14040 kB
SUnreclaim:        30176 kB
KernelStack:       10336 kB
PageTables:        26588 kB
NFS_Unstable:          0 kB
Bounce:                0 kB
WritebackTmp:          0 kB
CommitLimit:      710780 kB
Committed_AS:   36079612 kB
VmallocTotal:     460800 kB
VmallocUsed:       13392 kB
VmallocChunk:     168988 kB
Time pass: 126 sec

---2015-12-08 17:44:29
MemTotal:        1421560 kB
MemFree:          162372 kB
Buffers:           10120 kB
Cached:           655056 kB
SwapCached:            0 kB
Active:           666644 kB
Inactive:         347008 kB
Active(anon):     351352 kB
Inactive(anon):      532 kB
Active(file):     315292 kB
Inactive(file):   346476 kB
Unevictable:        2596 kB
Mlocked:               0 kB
HighTotal:        885760 kB
HighFree:          83012 kB
LowTotal:         535800 kB
LowFree:           79360 kB
SwapTotal:             0 kB
SwapFree:              0 kB
Dirty:               592 kB
Writeback:             0 kB
AnonPages:        351408 kB
Mapped:           326180 kB
Shmem:               620 kB
Slab:              44320 kB
SReclaimable:      14120 kB
SUnreclaim:        30200 kB
KernelStack:       10512 kB
PageTables:        27148 kB
NFS_Unstable:          0 kB
Bounce:                0 kB
WritebackTmp:          0 kB
CommitLimit:      710780 kB
Committed_AS:   36847616 kB
VmallocTotal:     460800 kB
VmallocUsed:       14548 kB
VmallocChunk:     168988 kB
Time pass: 129 sec

---2015-12-08 17:44:29
MemTotal:        1421560 kB
MemFree:          133316 kB
Buffers:           10140 kB
Cached:           655364 kB
SwapCached:            0 kB
Active:           680516 kB
Inactive:         346836 kB
Active(anon):     364532 kB
Inactive(anon):      664 kB
Active(file):     315984 kB
Inactive(file):   346172 kB
Unevictable:        2596 kB
Mlocked:               0 kB
HighTotal:        885760 kB
HighFree:          57652 kB
LowTotal:         535800 kB
LowFree:           75664 kB
SwapTotal:             0 kB
SwapFree:              0 kB
Dirty:              1000 kB
Writeback:             0 kB
AnonPages:        364488 kB
Mapped:           339004 kB
Shmem:               752 kB
Slab:              44332 kB
SReclaimable:      14096 kB
SUnreclaim:        30236 kB
KernelStack:       10824 kB
PageTables:        27408 kB
NFS_Unstable:          0 kB
Bounce:                0 kB
WritebackTmp:          0 kB
CommitLimit:      710780 kB
Committed_AS:   36931276 kB
VmallocTotal:     460800 kB
VmallocUsed:       14580 kB
VmallocChunk:     168988 kB
Time pass: 133 sec

---2015-12-08 17:44:29
MemTotal:        1421560 kB
MemFree:          105528 kB
Buffers:           10140 kB
Cached:           655868 kB
SwapCached:            0 kB
Active:           692640 kB
Inactive:         347280 kB
Active(anon):     376600 kB
Inactive(anon):      668 kB
Active(file):     316040 kB
Inactive(file):   346612 kB
Unevictable:        2596 kB
Mlocked:               0 kB
HighTotal:        885760 kB
HighFree:          33556 kB
LowTotal:         535800 kB
LowFree:           71972 kB
SwapTotal:             0 kB
SwapFree:              0 kB
Dirty:               460 kB
Writeback:             0 kB
AnonPages:        376592 kB
Mapped:           349700 kB
Shmem:               756 kB
Slab:              44284 kB
SReclaimable:      14104 kB
SUnreclaim:        30180 kB
KernelStack:       10896 kB
PageTables:        27484 kB
NFS_Unstable:          0 kB
Bounce:                0 kB
WritebackTmp:          0 kB
CommitLimit:      710780 kB
Committed_AS:   36877232 kB
VmallocTotal:     460800 kB
VmallocUsed:       14620 kB
VmallocChunk:     168988 kB
Time pass: 136 sec

---2015-12-08 17:44:29
MemTotal:        1421560 kB
MemFree:           94272 kB
Buffers:           10148 kB
Cached:           655884 kB
SwapCached:            0 kB
Active:           696680 kB
Inactive:         347292 kB
Active(anon):     380624 kB
Inactive(anon):      668 kB
Active(file):     316056 kB
Inactive(file):   346624 kB
Unevictable:        2596 kB
Mlocked:               0 kB
HighTotal:        885760 kB
HighFree:          22540 kB
LowTotal:         535800 kB
LowFree:           71732 kB
SwapTotal:             0 kB
SwapFree:              0 kB
Dirty:               112 kB
Writeback:             0 kB
AnonPages:        380584 kB
Mapped:           356164 kB
Shmem:               756 kB
Slab:              44344 kB
SReclaimable:      14160 kB
SUnreclaim:        30184 kB
KernelStack:       10912 kB
PageTables:        27516 kB
NFS_Unstable:          0 kB
Bounce:                0 kB
WritebackTmp:          0 kB
CommitLimit:      710780 kB
Committed_AS:   36881344 kB
VmallocTotal:     460800 kB
VmallocUsed:       14620 kB
VmallocChunk:     168988 kB
Time pass: 140 sec

---2015-12-08 17:44:29
MemTotal:        1421560 kB
MemFree:           71780 kB
Buffers:           10156 kB
Cached:           656852 kB
SwapCached:            0 kB
Active:           703196 kB
Inactive:         346576 kB
Active(anon):     385448 kB
Inactive(anon):      668 kB
Active(file):     317748 kB
Inactive(file):   345908 kB
Unevictable:        2596 kB
Mlocked:               0 kB
HighTotal:        885760 kB
HighFree:           4400 kB
LowTotal:         535800 kB
LowFree:           67380 kB
SwapTotal:             0 kB
SwapFree:              0 kB
Dirty:              1240 kB
Writeback:             0 kB
AnonPages:        385468 kB
Mapped:           373708 kB
Shmem:               756 kB
Slab:              44380 kB
SReclaimable:      14136 kB
SUnreclaim:        30244 kB
KernelStack:       10896 kB
PageTables:        27552 kB
NFS_Unstable:          0 kB
Bounce:                0 kB
WritebackTmp:          0 kB
CommitLimit:      710780 kB
Committed_AS:   36886420 kB
VmallocTotal:     460800 kB
VmallocUsed:       14660 kB
VmallocChunk:     168988 kB
Time pass: 143 sec

---2015-12-08 17:44:29
MemTotal:        1421560 kB
MemFree:           63120 kB
Buffers:           10156 kB
Cached:           657036 kB
SwapCached:            0 kB
Active:           706144 kB
Inactive:         346724 kB
Active(anon):     388396 kB
Inactive(anon):      668 kB
Active(file):     317748 kB
Inactive(file):   346056 kB
Unevictable:        2596 kB
Mlocked:               0 kB
HighTotal:        885760 kB
HighFree:           4668 kB
LowTotal:         535800 kB
LowFree:           58452 kB
SwapTotal:             0 kB
SwapFree:              0 kB
Dirty:               296 kB
Writeback:             0 kB
AnonPages:        388608 kB
Mapped:           378852 kB
Shmem:               756 kB
Slab:              44376 kB
SReclaimable:      14136 kB
SUnreclaim:        30240 kB
KernelStack:       10896 kB
PageTables:        27556 kB
NFS_Unstable:          0 kB
Bounce:                0 kB
WritebackTmp:          0 kB
CommitLimit:      710780 kB
Committed_AS:   36889636 kB
VmallocTotal:     460800 kB
VmallocUsed:       14672 kB
VmallocChunk:     168988 kB
Time pass: 147 sec

---2015-12-08 17:44:29
MemTotal:        1421560 kB
MemFree:           59652 kB
Buffers:           10164 kB
Cached:           656976 kB
SwapCached:            0 kB
Active:           706440 kB
Inactive:         346704 kB
Active(anon):     388696 kB
Inactive(anon):      668 kB
Active(file):     317744 kB
Inactive(file):   346036 kB
Unevictable:        2596 kB
Mlocked:               0 kB
HighTotal:        885760 kB
HighFree:           5136 kB
LowTotal:         535800 kB
LowFree:           54516 kB
SwapTotal:             0 kB
SwapFree:              0 kB
Dirty:               584 kB
Writeback:             0 kB
AnonPages:        388700 kB
Mapped:           382096 kB
Shmem:               756 kB
Slab:              44448 kB
SReclaimable:      14144 kB
SUnreclaim:        30304 kB
KernelStack:       10896 kB
PageTables:        27580 kB
NFS_Unstable:          0 kB
Bounce:                0 kB
WritebackTmp:          0 kB
CommitLimit:      710780 kB
Committed_AS:   36889776 kB
VmallocTotal:     460800 kB
VmallocUsed:       14684 kB
VmallocChunk:     168988 kB
Time pass: 150 sec

---2015-12-08 17:44:29
MemTotal:        1421560 kB
MemFree:           59252 kB
Buffers:           10164 kB
Cached:           656976 kB
SwapCached:            0 kB
Active:           706540 kB
Inactive:         346712 kB
Active(anon):     388796 kB
Inactive(anon):      668 kB
Active(file):     317744 kB
Inactive(file):   346044 kB
Unevictable:        2596 kB
Mlocked:               0 kB
HighTotal:        885760 kB
HighFree:           4640 kB
LowTotal:         535800 kB
LowFree:           54612 kB
SwapTotal:             0 kB
SwapFree:              0 kB
Dirty:                 0 kB
Writeback:             0 kB
AnonPages:        388788 kB
Mapped:           381980 kB
Shmem:               756 kB
Slab:              44360 kB
SReclaimable:      14144 kB
SUnreclaim:        30216 kB
KernelStack:       10896 kB
PageTables:        27576 kB
NFS_Unstable:          0 kB
Bounce:                0 kB
WritebackTmp:          0 kB
CommitLimit:      710780 kB
Committed_AS:   36889976 kB
VmallocTotal:     460800 kB
VmallocUsed:       14684 kB
VmallocChunk:     168988 kB
Time pass: 154 sec

---2015-12-08 17:44:29
MemTotal:        1421560 kB
MemFree:           58400 kB
Buffers:           10172 kB
Cached:           656976 kB
SwapCached:            0 kB
Active:           706628 kB
Inactive:         346712 kB
Active(anon):     388884 kB
Inactive(anon):      668 kB
Active(file):     317744 kB
Inactive(file):   346044 kB
Unevictable:        2596 kB
Mlocked:               0 kB
HighTotal:        885760 kB
HighFree:           4436 kB
LowTotal:         535800 kB
LowFree:           53964 kB
SwapTotal:             0 kB
SwapFree:              0 kB
Dirty:                 0 kB
Writeback:             0 kB
AnonPages:        388932 kB
Mapped:           381972 kB
Shmem:               756 kB
Slab:              44396 kB
SReclaimable:      14144 kB
SUnreclaim:        30252 kB
KernelStack:       10888 kB
PageTables:        27580 kB
NFS_Unstable:          0 kB
Bounce:                0 kB
WritebackTmp:          0 kB
CommitLimit:      710780 kB
Committed_AS:   36890056 kB
VmallocTotal:     460800 kB
VmallocUsed:       14684 kB
VmallocChunk:     168988 kB
Time pass: 157 sec

---2015-12-08 17:44:29
MemTotal:        1421560 kB
MemFree:           54720 kB
Buffers:           10188 kB
Cached:           657160 kB
SwapCached:            0 kB
Active:           712732 kB
Inactive:         345900 kB
Active(anon):     393972 kB
Inactive(anon):      832 kB
Active(file):     318760 kB
Inactive(file):   345068 kB
Unevictable:        2596 kB
Mlocked:               0 kB
HighTotal:        885760 kB
HighFree:           4452 kB
LowTotal:         535800 kB
LowFree:           50268 kB
SwapTotal:             0 kB
SwapFree:              0 kB
Dirty:                88 kB
Writeback:             0 kB
AnonPages:        394164 kB
Mapped:           385084 kB
Shmem:               924 kB
Slab:              44420 kB
SReclaimable:      14144 kB
SUnreclaim:        30276 kB
KernelStack:       11112 kB
PageTables:        27748 kB
NFS_Unstable:          0 kB
Bounce:                0 kB
WritebackTmp:          0 kB
CommitLimit:      710780 kB
Committed_AS:   36945116 kB
VmallocTotal:     460800 kB
VmallocUsed:       17092 kB
VmallocChunk:     168988 kB
Time pass: 161 sec

---2015-12-08 17:44:29
MemTotal:        1421560 kB
MemFree:           52464 kB
Buffers:           10204 kB
Cached:           657332 kB
SwapCached:            0 kB
Active:           713352 kB
Inactive:         346072 kB
Active(anon):     394588 kB
Inactive(anon):      992 kB
Active(file):     318764 kB
Inactive(file):   345080 kB
Unevictable:        2596 kB
Mlocked:               0 kB
HighTotal:        885760 kB
HighFree:           6504 kB
LowTotal:         535800 kB
LowFree:           45960 kB
SwapTotal:             0 kB
SwapFree:              0 kB
Dirty:                 4 kB
Writeback:             0 kB
AnonPages:        394560 kB
Mapped:           385732 kB
Shmem:              1096 kB
Slab:              44420 kB
SReclaimable:      14144 kB
SUnreclaim:        30276 kB
KernelStack:       11096 kB
PageTables:        27788 kB
NFS_Unstable:          0 kB
Bounce:                0 kB
WritebackTmp:          0 kB
CommitLimit:      710780 kB
Committed_AS:   36879904 kB
VmallocTotal:     460800 kB
VmallocUsed:       17092 kB
VmallocChunk:     168988 kB
Time pass: 165 sec

---2015-12-08 17:44:29
MemTotal:        1421560 kB
MemFree:           51844 kB
Buffers:           10212 kB
Cached:           657412 kB
SwapCached:            0 kB
Active:           713572 kB
Inactive:         346168 kB
Active(anon):     394804 kB
Inactive(anon):     1080 kB
Active(file):     318768 kB
Inactive(file):   345088 kB
Unevictable:        2596 kB
Mlocked:               0 kB
HighTotal:        885760 kB
HighFree:           5852 kB
LowTotal:         535800 kB
LowFree:           45992 kB
SwapTotal:             0 kB
SwapFree:              0 kB
Dirty:                36 kB
Writeback:             0 kB
AnonPages:        394872 kB
Mapped:           385816 kB
Shmem:              1172 kB
Slab:              44392 kB
SReclaimable:      14144 kB
SUnreclaim:        30248 kB
KernelStack:       11096 kB
PageTables:        27788 kB
NFS_Unstable:          0 kB
Bounce:                0 kB
WritebackTmp:          0 kB
CommitLimit:      710780 kB
Committed_AS:   36880064 kB
VmallocTotal:     460800 kB
VmallocUsed:       17092 kB
VmallocChunk:     168988 kB
Time pass: 168 sec

---2015-12-08 17:44:29
MemTotal:        1421560 kB
MemFree:           51152 kB
Buffers:           10212 kB
Cached:           657560 kB
SwapCached:            0 kB
Active:           713752 kB
Inactive:         346268 kB
Active(anon):     394984 kB
Inactive(anon):     1180 kB
Active(file):     318768 kB
Inactive(file):   345088 kB
Unevictable:        2596 kB
Mlocked:               0 kB
HighTotal:        885760 kB
HighFree:           5316 kB
LowTotal:         535800 kB
LowFree:           45836 kB
SwapTotal:             0 kB
SwapFree:              0 kB
Dirty:                40 kB
Writeback:             0 kB
AnonPages:        395048 kB
Mapped:           385816 kB
Shmem:              1320 kB
Slab:              44500 kB
SReclaimable:      14144 kB
SUnreclaim:        30356 kB
KernelStack:       11096 kB
PageTables:        27784 kB
NFS_Unstable:          0 kB
Bounce:                0 kB
WritebackTmp:          0 kB
CommitLimit:      710780 kB
Committed_AS:   36880300 kB
VmallocTotal:     460800 kB
VmallocUsed:       17092 kB
VmallocChunk:     168988 kB
Time pass: 172 sec

---2015-12-08 17:44:29
MemTotal:        1421560 kB
MemFree:           51932 kB
Buffers:           10220 kB
Cached:           656992 kB
SwapCached:            0 kB
Active:           714224 kB
Inactive:         345652 kB
Active(anon):     395348 kB
Inactive(anon):      664 kB
Active(file):     318876 kB
Inactive(file):   344988 kB
Unevictable:        2596 kB
Mlocked:               0 kB
HighTotal:        885760 kB
HighFree:           5756 kB
LowTotal:         535800 kB
LowFree:           46176 kB
SwapTotal:             0 kB
SwapFree:              0 kB
Dirty:                 4 kB
Writeback:             0 kB
AnonPages:        395292 kB
Mapped:           385304 kB
Shmem:               752 kB
Slab:              44464 kB
SReclaimable:      14144 kB
SUnreclaim:        30320 kB
KernelStack:       11008 kB
PageTables:        27672 kB
NFS_Unstable:          0 kB
Bounce:                0 kB
WritebackTmp:          0 kB
CommitLimit:      710780 kB
Committed_AS:   36873932 kB
VmallocTotal:     460800 kB
VmallocUsed:       17092 kB
VmallocChunk:     168988 kB
Time pass: 176 sec

---2015-12-08 17:44:29
MemTotal:        1421560 kB
MemFree:           51292 kB
Buffers:           10244 kB
Cached:           657140 kB
SwapCached:            0 kB
Active:           714668 kB
Inactive:         345824 kB
Active(anon):     395792 kB
Inactive(anon):      664 kB
Active(file):     318876 kB
Inactive(file):   345160 kB
Unevictable:        2596 kB
Mlocked:               0 kB
HighTotal:        885760 kB
HighFree:           5124 kB
LowTotal:         535800 kB
LowFree:           46168 kB
SwapTotal:             0 kB
SwapFree:              0 kB
Dirty:                40 kB
Writeback:             0 kB
AnonPages:        395896 kB
Mapped:           385316 kB
Shmem:               752 kB
Slab:              44472 kB
SReclaimable:      14184 kB
SUnreclaim:        30288 kB
KernelStack:       10992 kB
PageTables:        27656 kB
NFS_Unstable:          0 kB
Bounce:                0 kB
WritebackTmp:          0 kB
CommitLimit:      710780 kB
Committed_AS:   36874664 kB
VmallocTotal:     460800 kB
VmallocUsed:       17092 kB
VmallocChunk:     168988 kB
Time pass: 183 sec

---2015-12-08 17:44:29
MemTotal:        1421560 kB
MemFree:           49132 kB
Buffers:           10268 kB
Cached:           657344 kB
SwapCached:            0 kB
Active:           717692 kB
Inactive:         346044 kB
Active(anon):     398812 kB
Inactive(anon):      876 kB
Active(file):     318880 kB
Inactive(file):   345168 kB
Unevictable:        2596 kB
Mlocked:               0 kB
HighTotal:        885760 kB
HighFree:           4396 kB
LowTotal:         535800 kB
LowFree:           44736 kB
SwapTotal:             0 kB
SwapFree:              0 kB
Dirty:                36 kB
Writeback:             0 kB
AnonPages:        398956 kB
Mapped:           385420 kB
Shmem:               968 kB
Slab:              44496 kB
SReclaimable:      14184 kB
SUnreclaim:        30312 kB
KernelStack:       11120 kB
PageTables:        27780 kB
NFS_Unstable:          0 kB
Bounce:                0 kB
WritebackTmp:          0 kB
CommitLimit:      710780 kB
Committed_AS:   36884844 kB
VmallocTotal:     460800 kB
VmallocUsed:       17092 kB
VmallocChunk:     168988 kB
Time pass: 188 sec

---2015-12-08 17:44:29
MemTotal:        1421560 kB
MemFree:           46716 kB
Buffers:           10284 kB
Cached:           657432 kB
SwapCached:            0 kB
Active:           720608 kB
Inactive:         346148 kB
Active(anon):     401728 kB
Inactive(anon):      964 kB
Active(file):     318880 kB
Inactive(file):   345184 kB
Unevictable:        2596 kB
Mlocked:               0 kB
HighTotal:        885760 kB
HighFree:           5068 kB
LowTotal:         535800 kB
LowFree:           41648 kB
SwapTotal:             0 kB
SwapFree:              0 kB
Dirty:                 0 kB
Writeback:             0 kB
AnonPages:        401880 kB
Mapped:           383288 kB
Shmem:              1056 kB
Slab:              44596 kB
SReclaimable:      14184 kB
SUnreclaim:        30412 kB
KernelStack:       11112 kB
PageTables:        27812 kB
NFS_Unstable:          0 kB
Bounce:                0 kB
WritebackTmp:          0 kB
CommitLimit:      710780 kB
Committed_AS:   36887392 kB
VmallocTotal:     460800 kB
VmallocUsed:       17092 kB
VmallocChunk:     168988 kB
Time pass: 192 sec

---2015-12-08 17:44:29
MemTotal:        1421560 kB
MemFree:           44884 kB
Buffers:           10300 kB
Cached:           657468 kB
SwapCached:            0 kB
Active:           723664 kB
Inactive:         346200 kB
Active(anon):     404784 kB
Inactive(anon):      984 kB
Active(file):     318880 kB
Inactive(file):   345216 kB
Unevictable:        2596 kB
Mlocked:               0 kB
HighTotal:        885760 kB
HighFree:           4396 kB
LowTotal:         535800 kB
LowFree:           40488 kB
SwapTotal:             0 kB
SwapFree:              0 kB
Dirty:                48 kB
Writeback:             0 kB
AnonPages:        404804 kB
Mapped:           383140 kB
Shmem:              1076 kB
Slab:              44532 kB
SReclaimable:      14184 kB
SUnreclaim:        30348 kB
KernelStack:       11112 kB
PageTables:        27784 kB
NFS_Unstable:          0 kB
Bounce:                0 kB
WritebackTmp:          0 kB
CommitLimit:      710780 kB
Committed_AS:   36891056 kB
VmallocTotal:     460800 kB
VmallocUsed:       17092 kB
VmallocChunk:     168988 kB
Time pass: 196 sec

---2015-12-08 17:44:29
MemTotal:        1421560 kB
MemFree:           42932 kB
Buffers:           10316 kB
Cached:           657452 kB
SwapCached:            0 kB
Active:           725868 kB
Inactive:         346200 kB
Active(anon):     406988 kB
Inactive(anon):      984 kB
Active(file):     318880 kB
Inactive(file):   345216 kB
Unevictable:        2596 kB
Mlocked:               0 kB
HighTotal:        885760 kB
HighFree:           4396 kB
LowTotal:         535800 kB
LowFree:           38536 kB
SwapTotal:             0 kB
SwapFree:              0 kB
Dirty:                 0 kB
Writeback:             0 kB
AnonPages:        406888 kB
Mapped:           383288 kB
Shmem:              1076 kB
Slab:              44496 kB
SReclaimable:      14184 kB
SUnreclaim:        30312 kB
KernelStack:       11112 kB
PageTables:        27752 kB
NFS_Unstable:          0 kB
Bounce:                0 kB
WritebackTmp:          0 kB
CommitLimit:      710780 kB
Committed_AS:   36892456 kB
VmallocTotal:     460800 kB
VmallocUsed:       17092 kB
VmallocChunk:     168988 kB
Time pass: 200 sec

---2015-12-08 17:44:29
MemTotal:        1421560 kB
MemFree:           42016 kB
Buffers:           10316 kB
Cached:           657468 kB
SwapCached:            0 kB
Active:           725976 kB
Inactive:         346216 kB
Active(anon):     407096 kB
Inactive(anon):      984 kB
Active(file):     318880 kB
Inactive(file):   345232 kB
Unevictable:        2596 kB
Mlocked:               0 kB
HighTotal:        885760 kB
HighFree:           4892 kB
LowTotal:         535800 kB
LowFree:           37124 kB
SwapTotal:             0 kB
SwapFree:              0 kB
Dirty:                40 kB
Writeback:             0 kB
AnonPages:        406984 kB
Mapped:           383288 kB
Shmem:              1076 kB
Slab:              44492 kB
SReclaimable:      14184 kB
SUnreclaim:        30308 kB
KernelStack:       11104 kB
PageTables:        27780 kB
NFS_Unstable:          0 kB
Bounce:                0 kB
WritebackTmp:          0 kB
CommitLimit:      710780 kB
Committed_AS:   36892436 kB
VmallocTotal:     460800 kB
VmallocUsed:       17092 kB
VmallocChunk:     168988 kB
Time pass: 203 sec

---2015-12-08 17:44:29
MemTotal:        1421560 kB
MemFree:           42056 kB
Buffers:           10332 kB
Cached:           657468 kB
SwapCached:            0 kB
Active:           726272 kB
Inactive:         346232 kB
Active(anon):     407392 kB
Inactive(anon):      984 kB
Active(file):     318880 kB
Inactive(file):   345248 kB
Unevictable:        2596 kB
Mlocked:               0 kB
HighTotal:        885760 kB
HighFree:           4396 kB
LowTotal:         535800 kB
LowFree:           37660 kB
SwapTotal:             0 kB
SwapFree:              0 kB
Dirty:                 0 kB
Writeback:             0 kB
AnonPages:        407344 kB
Mapped:           383236 kB
Shmem:              1076 kB
Slab:              44528 kB
SReclaimable:      14184 kB
SUnreclaim:        30344 kB
KernelStack:       11104 kB
PageTables:        27776 kB
NFS_Unstable:          0 kB
Bounce:                0 kB
WritebackTmp:          0 kB
CommitLimit:      710780 kB
Committed_AS:   36892540 kB
VmallocTotal:     460800 kB
VmallocUsed:       17092 kB
VmallocChunk:     168988 kB
Time pass: 207 sec

---2015-12-08 17:44:29
MemTotal:        1421560 kB
MemFree:           40480 kB
Buffers:           10340 kB
Cached:           657488 kB
SwapCached:            0 kB
Active:           727364 kB
Inactive:         346260 kB
Active(anon):     408484 kB
Inactive(anon):     1004 kB
Active(file):     318880 kB
Inactive(file):   345256 kB
Unevictable:        2596 kB
Mlocked:               0 kB
HighTotal:        885760 kB
HighFree:           4428 kB
LowTotal:         535800 kB
LowFree:           36052 kB
SwapTotal:             0 kB
SwapFree:              0 kB
Dirty:                28 kB
Writeback:             0 kB
AnonPages:        408476 kB
Mapped:           383256 kB
Shmem:              1096 kB
Slab:              44412 kB
SReclaimable:      14184 kB
SUnreclaim:        30228 kB
KernelStack:       11120 kB
PageTables:        27836 kB
NFS_Unstable:          0 kB
Bounce:                0 kB
WritebackTmp:          0 kB
CommitLimit:      710780 kB
Committed_AS:   36893472 kB
VmallocTotal:     460800 kB
VmallocUsed:       17092 kB
VmallocChunk:     168988 kB
Time pass: 211 sec

---2015-12-08 17:44:29
MemTotal:        1421560 kB
MemFree:           39216 kB
Buffers:           10356 kB
Cached:           657544 kB
SwapCached:            0 kB
Active:           727640 kB
Inactive:         346332 kB
Active(anon):     408760 kB
Inactive(anon):     1060 kB
Active(file):     318880 kB
Inactive(file):   345272 kB
Unevictable:        2596 kB
Mlocked:               0 kB
HighTotal:        885760 kB
HighFree:           4428 kB
LowTotal:         535800 kB
LowFree:           34788 kB
SwapTotal:             0 kB
SwapFree:              0 kB
Dirty:                48 kB
Writeback:             0 kB
AnonPages:        408664 kB
Mapped:           383368 kB
Shmem:              1152 kB
Slab:              44460 kB
SReclaimable:      14184 kB
SUnreclaim:        30276 kB
KernelStack:       11112 kB
PageTables:        27824 kB
NFS_Unstable:          0 kB
Bounce:                0 kB
WritebackTmp:          0 kB
CommitLimit:      710780 kB
Committed_AS:   36894004 kB
VmallocTotal:     460800 kB
VmallocUsed:       17092 kB
VmallocChunk:     168988 kB
Time pass: 215 sec

---2015-12-08 17:44:29
MemTotal:        1421560 kB
MemFree:           41756 kB
Buffers:           10380 kB
Cached:           657636 kB
SwapCached:            0 kB
Active:           725800 kB
Inactive:         346448 kB
Active(anon):     406920 kB
Inactive(anon):     1064 kB
Active(file):     318880 kB
Inactive(file):   345384 kB
Unevictable:        2596 kB
Mlocked:               0 kB
HighTotal:        885760 kB
HighFree:           5404 kB
LowTotal:         535800 kB
LowFree:           36352 kB
SwapTotal:             0 kB
SwapFree:              0 kB
Dirty:                40 kB
Writeback:             0 kB
AnonPages:        406836 kB
Mapped:           383336 kB
Shmem:              1156 kB
Slab:              44508 kB
SReclaimable:      14184 kB
SUnreclaim:        30324 kB
KernelStack:       11096 kB
PageTables:        27808 kB
NFS_Unstable:          0 kB
Bounce:                0 kB
WritebackTmp:          0 kB
CommitLimit:      710780 kB
Committed_AS:   36891696 kB
VmallocTotal:     460800 kB
VmallocUsed:       17092 kB
VmallocChunk:     168988 kB
Time pass: 221 sec

---2015-12-08 17:44:29
MemTotal:        1421560 kB
MemFree:           41396 kB
Buffers:           10380 kB
Cached:           657708 kB
SwapCached:            0 kB
Active:           725556 kB
Inactive:         346520 kB
Active(anon):     406676 kB
Inactive(anon):     1136 kB
Active(file):     318880 kB
Inactive(file):   345384 kB
Unevictable:        2596 kB
Mlocked:               0 kB
HighTotal:        885760 kB
HighFree:           5000 kB
LowTotal:         535800 kB
LowFree:           36396 kB
SwapTotal:             0 kB
SwapFree:              0 kB
Dirty:                 4 kB
Writeback:             0 kB
AnonPages:        406764 kB
Mapped:           383480 kB
Shmem:              1228 kB
Slab:              44548 kB
SReclaimable:      14184 kB
SUnreclaim:        30364 kB
KernelStack:       11120 kB
PageTables:        27824 kB
NFS_Unstable:          0 kB
Bounce:                0 kB
WritebackTmp:          0 kB
CommitLimit:      710780 kB
Committed_AS:   36891764 kB
VmallocTotal:     460800 kB
VmallocUsed:       17092 kB
VmallocChunk:     168988 kB
Time pass: 224 sec

---2015-12-08 17:44:29
MemTotal:        1421560 kB
MemFree:           41892 kB
Buffers:           10440 kB
Cached:           657752 kB
SwapCached:            0 kB
Active:           725724 kB
Inactive:         346624 kB
Active(anon):     406844 kB
Inactive(anon):     1156 kB
Active(file):     318880 kB
Inactive(file):   345468 kB
Unevictable:        2596 kB
Mlocked:               0 kB
HighTotal:        885760 kB
HighFree:           4640 kB
LowTotal:         535800 kB
LowFree:           37252 kB
SwapTotal:             0 kB
SwapFree:              0 kB
Dirty:                40 kB
Writeback:             0 kB
AnonPages:        406988 kB
Mapped:           383492 kB
Shmem:              1248 kB
Slab:              44668 kB
SReclaimable:      14184 kB
SUnreclaim:        30484 kB
KernelStack:       11120 kB
PageTables:        27808 kB
NFS_Unstable:          0 kB
Bounce:                0 kB
WritebackTmp:          0 kB
CommitLimit:      710780 kB
Committed_AS:   36892328 kB
VmallocTotal:     460800 kB
VmallocUsed:       17092 kB
VmallocChunk:     168988 kB
Time pass: 229 sec

---2015-12-08 17:44:29
MemTotal:        1421560 kB
MemFree:           41288 kB
Buffers:           10448 kB
Cached:           657760 kB
SwapCached:            0 kB
Active:           726092 kB
Inactive:         346632 kB
Active(anon):     407212 kB
Inactive(anon):     1156 kB
Active(file):     318880 kB
Inactive(file):   345476 kB
Unevictable:        2596 kB
Mlocked:               0 kB
HighTotal:        885760 kB
HighFree:           4392 kB
LowTotal:         535800 kB
LowFree:           36896 kB
SwapTotal:             0 kB
SwapFree:              0 kB
Dirty:                 0 kB
Writeback:             0 kB
AnonPages:        407112 kB
Mapped:           383492 kB
Shmem:              1248 kB
Slab:              44696 kB
SReclaimable:      14184 kB
SUnreclaim:        30512 kB
KernelStack:       11120 kB
PageTables:        27808 kB
NFS_Unstable:          0 kB
Bounce:                0 kB
WritebackTmp:          0 kB
CommitLimit:      710780 kB
Committed_AS:   36892216 kB
VmallocTotal:     460800 kB
VmallocUsed:       17092 kB
VmallocChunk:     168988 kB
Time pass: 234 sec

---2015-12-08 17:44:29
MemTotal:        1421560 kB
MemFree:           40680 kB
Buffers:           10464 kB
Cached:           657760 kB
SwapCached:            0 kB
Active:           727164 kB
Inactive:         346656 kB
Active(anon):     408284 kB
Inactive(anon):     1156 kB
Active(file):     318880 kB
Inactive(file):   345500 kB
Unevictable:        2596 kB
Mlocked:               0 kB
HighTotal:        885760 kB
HighFree:           4392 kB
LowTotal:         535800 kB
LowFree:           36288 kB
SwapTotal:             0 kB
SwapFree:              0 kB
Dirty:                 0 kB
Writeback:             8 kB
AnonPages:        408300 kB
Mapped:           383492 kB
Shmem:              1248 kB
Slab:              44616 kB
SReclaimable:      14184 kB
SUnreclaim:        30432 kB
KernelStack:       11112 kB
PageTables:        27812 kB
NFS_Unstable:          0 kB
Bounce:                0 kB
WritebackTmp:          0 kB
CommitLimit:      710780 kB
Committed_AS:   36893552 kB
VmallocTotal:     460800 kB
VmallocUsed:       17092 kB
VmallocChunk:     168988 kB
Time pass: 240 sec

---2015-12-08 17:44:29
MemTotal:        1421560 kB
MemFree:           41612 kB
Buffers:           10472 kB
Cached:           657976 kB
SwapCached:            0 kB
Active:           726380 kB
Inactive:         346880 kB
Active(anon):     407500 kB
Inactive(anon):     1372 kB
Active(file):     318880 kB
Inactive(file):   345508 kB
Unevictable:        2596 kB
Mlocked:               0 kB
HighTotal:        885760 kB
HighFree:           4992 kB
LowTotal:         535800 kB
LowFree:           36620 kB
SwapTotal:             0 kB
SwapFree:              0 kB
Dirty:                28 kB
Writeback:             0 kB
AnonPages:        407476 kB
Mapped:           383760 kB
Shmem:              1464 kB
Slab:              44600 kB
SReclaimable:      14184 kB
SUnreclaim:        30416 kB
KernelStack:       11128 kB
PageTables:        27824 kB
NFS_Unstable:          0 kB
Bounce:                0 kB
WritebackTmp:          0 kB
CommitLimit:      710780 kB
Committed_AS:   36892508 kB
VmallocTotal:     460800 kB
VmallocUsed:       17092 kB
VmallocChunk:     168988 kB
Time pass: 244 sec

---2015-12-08 17:44:29
MemTotal:        1421560 kB
MemFree:           41188 kB
Buffers:           10488 kB
Cached:           657976 kB
SwapCached:            0 kB
Active:           726872 kB
Inactive:         346896 kB
Active(anon):     407992 kB
Inactive(anon):     1372 kB
Active(file):     318880 kB
Inactive(file):   345524 kB
Unevictable:        2596 kB
Mlocked:               0 kB
HighTotal:        885760 kB
HighFree:           4392 kB
LowTotal:         535800 kB
LowFree:           36796 kB
SwapTotal:             0 kB
SwapFree:              0 kB
Dirty:                 0 kB
Writeback:             0 kB
AnonPages:        408088 kB
Mapped:           383708 kB
Shmem:              1464 kB
Slab:              44504 kB
SReclaimable:      14184 kB
SUnreclaim:        30320 kB
KernelStack:       11128 kB
PageTables:        27808 kB
NFS_Unstable:          0 kB
Bounce:                0 kB
WritebackTmp:          0 kB
CommitLimit:      710780 kB
Committed_AS:   36892968 kB
VmallocTotal:     460800 kB
VmallocUsed:       17092 kB
VmallocChunk:     168988 kB
Time pass: 248 sec

---2015-12-08 17:44:29
MemTotal:        1421560 kB
MemFree:           40304 kB
Buffers:           10512 kB
Cached:           657976 kB
SwapCached:            0 kB
Active:           727416 kB
Inactive:         346920 kB
Active(anon):     408536 kB
Inactive(anon):     1372 kB
Active(file):     318880 kB
Inactive(file):   345548 kB
Unevictable:        2596 kB
Mlocked:               0 kB
HighTotal:        885760 kB
HighFree:           4392 kB
LowTotal:         535800 kB
LowFree:           35912 kB
SwapTotal:             0 kB
SwapFree:              0 kB
Dirty:                56 kB
Writeback:             0 kB
AnonPages:        408568 kB
Mapped:           383708 kB
Shmem:              1464 kB
Slab:              44728 kB
SReclaimable:      14184 kB
SUnreclaim:        30544 kB
KernelStack:       11120 kB
PageTables:        27812 kB
NFS_Unstable:          0 kB
Bounce:                0 kB
WritebackTmp:          0 kB
CommitLimit:      710780 kB
Committed_AS:   36894520 kB
VmallocTotal:     460800 kB
VmallocUsed:       17092 kB
VmallocChunk:     168988 kB
Time pass: 253 sec

---2015-12-08 17:44:29
MemTotal:        1421560 kB
MemFree:           40264 kB
Buffers:           10536 kB
Cached:           657976 kB
SwapCached:            0 kB
Active:           727188 kB
Inactive:         346944 kB
Active(anon):     408308 kB
Inactive(anon):     1372 kB
Active(file):     318880 kB
Inactive(file):   345572 kB
Unevictable:        2596 kB
Mlocked:               0 kB
HighTotal:        885760 kB
HighFree:           5068 kB
LowTotal:         535800 kB
LowFree:           35196 kB
SwapTotal:             0 kB
SwapFree:              0 kB
Dirty:                36 kB
Writeback:             0 kB
AnonPages:        408480 kB
Mapped:           383708 kB
Shmem:              1464 kB
Slab:              44616 kB
SReclaimable:      14184 kB
SUnreclaim:        30432 kB
KernelStack:       11120 kB
PageTables:        27808 kB
NFS_Unstable:          0 kB
Bounce:                0 kB
WritebackTmp:          0 kB
CommitLimit:      710780 kB
Committed_AS:   36893524 kB
VmallocTotal:     460800 kB
VmallocUsed:       17092 kB
VmallocChunk:     168988 kB
Time pass: 258 sec

---2015-12-08 17:44:29
MemTotal:        1421560 kB
MemFree:           39284 kB
Buffers:           10536 kB
Cached:           657976 kB
SwapCached:            0 kB
Active:           728020 kB
Inactive:         346944 kB
Active(anon):     409140 kB
Inactive(anon):     1372 kB
Active(file):     318880 kB
Inactive(file):   345572 kB
Unevictable:        2596 kB
Mlocked:               0 kB
HighTotal:        885760 kB
HighFree:           4528 kB
LowTotal:         535800 kB
LowFree:           34756 kB
SwapTotal:             0 kB
SwapFree:              0 kB
Dirty:                36 kB
Writeback:             0 kB
AnonPages:        409112 kB
Mapped:           383612 kB
Shmem:              1464 kB
Slab:              44788 kB
SReclaimable:      14184 kB
SUnreclaim:        30604 kB
KernelStack:       11136 kB
PageTables:        27824 kB
NFS_Unstable:          0 kB
Bounce:                0 kB
WritebackTmp:          0 kB
CommitLimit:      710780 kB
Committed_AS:   36894844 kB
VmallocTotal:     460800 kB
VmallocUsed:       17092 kB
VmallocChunk:     168988 kB
Time pass: 262 sec

---2015-12-08 17:44:29
MemTotal:        1421560 kB
MemFree:           39296 kB
Buffers:           10560 kB
Cached:           657976 kB
SwapCached:            0 kB
Active:           727620 kB
Inactive:         346968 kB
Active(anon):     408740 kB
Inactive(anon):     1372 kB
Active(file):     318880 kB
Inactive(file):   345596 kB
Unevictable:        2596 kB
Mlocked:               0 kB
HighTotal:        885760 kB
HighFree:           4480 kB
LowTotal:         535800 kB
LowFree:           34816 kB
SwapTotal:             0 kB
SwapFree:              0 kB
Dirty:                36 kB
Writeback:             0 kB
AnonPages:        408612 kB
Mapped:           383612 kB
Shmem:              1464 kB
Slab:              44676 kB
SReclaimable:      14184 kB
SUnreclaim:        30492 kB
KernelStack:       11136 kB
PageTables:        27824 kB
NFS_Unstable:          0 kB
Bounce:                0 kB
WritebackTmp:          0 kB
CommitLimit:      710780 kB
Committed_AS:   36893768 kB
VmallocTotal:     460800 kB
VmallocUsed:       17092 kB
VmallocChunk:     168988 kB
Time pass: 266 sec

---2015-12-08 17:44:29
MemTotal:        1421560 kB
MemFree:           39288 kB
Buffers:           10560 kB
Cached:           657976 kB
SwapCached:            0 kB
Active:           728284 kB
Inactive:         346968 kB
Active(anon):     409404 kB
Inactive(anon):     1372 kB
Active(file):     318880 kB
Inactive(file):   345596 kB
Unevictable:        2596 kB
Mlocked:               0 kB
HighTotal:        885760 kB
HighFree:           4480 kB
LowTotal:         535800 kB
LowFree:           34808 kB
SwapTotal:             0 kB
SwapFree:              0 kB
Dirty:                 0 kB
Writeback:             0 kB
AnonPages:        409352 kB
Mapped:           383612 kB
Shmem:              1464 kB
Slab:              44720 kB
SReclaimable:      14184 kB
SUnreclaim:        30536 kB
KernelStack:       11144 kB
PageTables:        27828 kB
NFS_Unstable:          0 kB
Bounce:                0 kB
WritebackTmp:          0 kB
CommitLimit:      710780 kB
Committed_AS:   36895032 kB
VmallocTotal:     460800 kB
VmallocUsed:       17092 kB
VmallocChunk:     168988 kB
Time pass: 270 sec

---2015-12-08 17:44:29
MemTotal:        1421560 kB
MemFree:           39716 kB
Buffers:           10584 kB
Cached:           657976 kB
SwapCached:            0 kB
Active:           728192 kB
Inactive:         346992 kB
Active(anon):     409312 kB
Inactive(anon):     1372 kB
Active(file):     318880 kB
Inactive(file):   345620 kB
Unevictable:        2596 kB
Mlocked:               0 kB
HighTotal:        885760 kB
HighFree:           4380 kB
LowTotal:         535800 kB
LowFree:           35336 kB
SwapTotal:             0 kB
SwapFree:              0 kB
Dirty:                40 kB
Writeback:             0 kB
AnonPages:        409312 kB
Mapped:           383612 kB
Shmem:              1464 kB
Slab:              44668 kB
SReclaimable:      14184 kB
SUnreclaim:        30484 kB
KernelStack:       11136 kB
PageTables:        27828 kB
NFS_Unstable:          0 kB
Bounce:                0 kB
WritebackTmp:          0 kB
CommitLimit:      710780 kB
Committed_AS:   36894288 kB
VmallocTotal:     460800 kB
VmallocUsed:       17092 kB
VmallocChunk:     168988 kB
Time pass: 274 sec

---2015-12-08 17:44:29
MemTotal:        1421560 kB
MemFree:           39260 kB
Buffers:           10600 kB
Cached:           657976 kB
SwapCached:            0 kB
Active:           727928 kB
Inactive:         347008 kB
Active(anon):     409048 kB
Inactive(anon):     1372 kB
Active(file):     318880 kB
Inactive(file):   345636 kB
Unevictable:        2596 kB
Mlocked:               0 kB
HighTotal:        885760 kB
HighFree:           4380 kB
LowTotal:         535800 kB
LowFree:           34880 kB
SwapTotal:             0 kB
SwapFree:              0 kB
Dirty:                32 kB
Writeback:             0 kB
AnonPages:        409072 kB
Mapped:           383760 kB
Shmem:              1464 kB
Slab:              44696 kB
SReclaimable:      14184 kB
SUnreclaim:        30512 kB
KernelStack:       11136 kB
PageTables:        27828 kB
NFS_Unstable:          0 kB
Bounce:                0 kB
WritebackTmp:          0 kB
CommitLimit:      710780 kB
Committed_AS:   36893988 kB
VmallocTotal:     460800 kB
VmallocUsed:       17092 kB
VmallocChunk:     168988 kB
Time pass: 278 sec

---2015-12-08 17:44:29
MemTotal:        1421560 kB
MemFree:           38752 kB
Buffers:           10608 kB
Cached:           657976 kB
SwapCached:            0 kB
Active:           728920 kB
Inactive:         347016 kB
Active(anon):     410040 kB
Inactive(anon):     1372 kB
Active(file):     318880 kB
Inactive(file):   345644 kB
Unevictable:        2596 kB
Mlocked:               0 kB
HighTotal:        885760 kB
HighFree:           4380 kB
LowTotal:         535800 kB
LowFree:           34372 kB
SwapTotal:             0 kB
SwapFree:              0 kB
Dirty:                28 kB
Writeback:             0 kB
AnonPages:        410112 kB
Mapped:           383704 kB
Shmem:              1464 kB
Slab:              44656 kB
SReclaimable:      14184 kB
SUnreclaim:        30472 kB
KernelStack:       11120 kB
PageTables:        27804 kB
NFS_Unstable:          0 kB
Bounce:                0 kB
WritebackTmp:          0 kB
CommitLimit:      710780 kB
Committed_AS:   36895024 kB
VmallocTotal:     460800 kB
VmallocUsed:       17092 kB
VmallocChunk:     168988 kB
Time pass: 284 sec

---2015-12-08 17:44:29
MemTotal:        1421560 kB
MemFree:           38828 kB
Buffers:           10624 kB
Cached:           657976 kB
SwapCached:            0 kB
Active:           729080 kB
Inactive:         347032 kB
Active(anon):     410200 kB
Inactive(anon):     1372 kB
Active(file):     318880 kB
Inactive(file):   345660 kB
Unevictable:        2596 kB
Mlocked:               0 kB
HighTotal:        885760 kB
HighFree:           4380 kB
LowTotal:         535800 kB
LowFree:           34448 kB
SwapTotal:             0 kB
SwapFree:              0 kB
Dirty:                 0 kB
Writeback:             0 kB
AnonPages:        410288 kB
Mapped:           383704 kB
Shmem:              1464 kB
Slab:              44644 kB
SReclaimable:      14184 kB
SUnreclaim:        30460 kB
KernelStack:       11120 kB
PageTables:        27808 kB
NFS_Unstable:          0 kB
Bounce:                0 kB
WritebackTmp:          0 kB
CommitLimit:      710780 kB
Committed_AS:   36895356 kB
VmallocTotal:     460800 kB
VmallocUsed:       17092 kB
VmallocChunk:     168988 kB
Time pass: 288 sec

---2015-12-08 17:44:29
MemTotal:        1421560 kB
MemFree:           39404 kB
Buffers:           10648 kB
Cached:           657976 kB
SwapCached:            0 kB
Active:           727528 kB
Inactive:         347056 kB
Active(anon):     408648 kB
Inactive(anon):     1372 kB
Active(file):     318880 kB
Inactive(file):   345684 kB
Unevictable:        2596 kB
Mlocked:               0 kB
HighTotal:        885760 kB
HighFree:           4384 kB
LowTotal:         535800 kB
LowFree:           35020 kB
SwapTotal:             0 kB
SwapFree:              0 kB
Dirty:                36 kB
Writeback:             0 kB
AnonPages:        408700 kB
Mapped:           383704 kB
Shmem:              1464 kB
Slab:              44700 kB
SReclaimable:      14184 kB
SUnreclaim:        30516 kB
KernelStack:       11120 kB
PageTables:        27808 kB
NFS_Unstable:          0 kB
Bounce:                0 kB
WritebackTmp:          0 kB
CommitLimit:      710780 kB
Committed_AS:   36893224 kB
VmallocTotal:     460800 kB
VmallocUsed:       17092 kB
VmallocChunk:     168988 kB
Time pass: 294 sec

---2015-12-08 17:44:29
MemTotal:        1421560 kB
MemFree:           40356 kB
Buffers:           10672 kB
Cached:           657976 kB
SwapCached:            0 kB
Active:           726716 kB
Inactive:         347080 kB
Active(anon):     407836 kB
Inactive(anon):     1372 kB
Active(file):     318880 kB
Inactive(file):   345708 kB
Unevictable:        2596 kB
Mlocked:               0 kB
HighTotal:        885760 kB
HighFree:           5400 kB
LowTotal:         535800 kB
LowFree:           34956 kB
SwapTotal:             0 kB
SwapFree:              0 kB
Dirty:                36 kB
Writeback:             0 kB
AnonPages:        407840 kB
Mapped:           383768 kB
Shmem:              1464 kB
Slab:              44596 kB
SReclaimable:      14184 kB
SUnreclaim:        30412 kB
KernelStack:       11144 kB
PageTables:        27824 kB
NFS_Unstable:          0 kB
Bounce:                0 kB
WritebackTmp:          0 kB
CommitLimit:      710780 kB
Committed_AS:   36892528 kB
VmallocTotal:     460800 kB
VmallocUsed:       17092 kB
VmallocChunk:     168988 kB
Time pass: 299 sec

---2015-12-08 17:44:29
MemTotal:        1421560 kB
MemFree:           39296 kB
Buffers:           10680 kB
Cached:           657968 kB
SwapCached:            0 kB
Active:           727696 kB
Inactive:         347080 kB
Active(anon):     408816 kB
Inactive(anon):     1372 kB
Active(file):     318880 kB
Inactive(file):   345708 kB
Unevictable:        2596 kB
Mlocked:               0 kB
HighTotal:        885760 kB
HighFree:           4372 kB
LowTotal:         535800 kB
LowFree:           34924 kB
SwapTotal:             0 kB
SwapFree:              0 kB
Dirty:                 0 kB
Writeback:             0 kB
AnonPages:        408720 kB
Mapped:           383716 kB
Shmem:              1464 kB
Slab:              44664 kB
SReclaimable:      14184 kB
SUnreclaim:        30480 kB
KernelStack:       11128 kB
PageTables:        27812 kB
NFS_Unstable:          0 kB
Bounce:                0 kB
WritebackTmp:          0 kB
CommitLimit:      710780 kB
Committed_AS:   36893812 kB
VmallocTotal:     460800 kB
VmallocUsed:       17092 kB
VmallocChunk:     168988 kB
Time pass: 305 sec

---2015-12-08 17:44:29
MemTotal:        1421560 kB
MemFree:           40044 kB
Buffers:           10696 kB
Cached:           657976 kB
SwapCached:            0 kB
Active:           727044 kB
Inactive:         347104 kB
Active(anon):     408164 kB
Inactive(anon):     1372 kB
Active(file):     318880 kB
Inactive(file):   345732 kB
Unevictable:        2596 kB
Mlocked:               0 kB
HighTotal:        885760 kB
HighFree:           4416 kB
LowTotal:         535800 kB
LowFree:           35628 kB
SwapTotal:             0 kB
SwapFree:              0 kB
Dirty:                36 kB
Writeback:             0 kB
AnonPages:        408252 kB
Mapped:           383716 kB
Shmem:              1464 kB
Slab:              44560 kB
SReclaimable:      14184 kB
SUnreclaim:        30376 kB
KernelStack:       11144 kB
PageTables:        27812 kB
NFS_Unstable:          0 kB
Bounce:                0 kB
WritebackTmp:          0 kB
CommitLimit:      710780 kB
Committed_AS:   36893256 kB
VmallocTotal:     460800 kB
VmallocUsed:       17092 kB
VmallocChunk:     168988 kB
Time pass: 308 sec

---2015-12-08 17:44:29
MemTotal:        1421560 kB
MemFree:           40356 kB
Buffers:           10696 kB
Cached:           657976 kB
SwapCached:            0 kB
Active:           726944 kB
Inactive:         347104 kB
Active(anon):     408064 kB
Inactive(anon):     1372 kB
Active(file):     318880 kB
Inactive(file):   345732 kB
Unevictable:        2596 kB
Mlocked:               0 kB
HighTotal:        885760 kB
HighFree:           4416 kB
LowTotal:         535800 kB
LowFree:           35940 kB
SwapTotal:             0 kB
SwapFree:              0 kB
Dirty:                 0 kB
Writeback:             0 kB
AnonPages:        407972 kB
Mapped:           383768 kB
Shmem:              1464 kB
Slab:              44624 kB
SReclaimable:      14184 kB
SUnreclaim:        30440 kB
KernelStack:       11128 kB
PageTables:        27828 kB
NFS_Unstable:          0 kB
Bounce:                0 kB
WritebackTmp:          0 kB
CommitLimit:      710780 kB
Committed_AS:   36893384 kB
VmallocTotal:     460800 kB
VmallocUsed:       17092 kB
VmallocChunk:     168988 kB
Time pass: 312 sec

---2015-12-08 17:44:29
MemTotal:        1421560 kB
MemFree:           40040 kB
Buffers:           10720 kB
Cached:           657976 kB
SwapCached:            0 kB
Active:           727212 kB
Inactive:         347128 kB
Active(anon):     408332 kB
Inactive(anon):     1372 kB
Active(file):     318880 kB
Inactive(file):   345756 kB
Unevictable:        2596 kB
Mlocked:               0 kB
HighTotal:        885760 kB
HighFree:           4416 kB
LowTotal:         535800 kB
LowFree:           35624 kB
SwapTotal:             0 kB
SwapFree:              0 kB
Dirty:                36 kB
Writeback:             0 kB
AnonPages:        408292 kB
Mapped:           383768 kB
Shmem:              1464 kB
Slab:              44624 kB
SReclaimable:      14184 kB
SUnreclaim:        30440 kB
KernelStack:       11128 kB
PageTables:        27824 kB
NFS_Unstable:          0 kB
Bounce:                0 kB
WritebackTmp:          0 kB
CommitLimit:      710780 kB
Committed_AS:   36893496 kB
VmallocTotal:     460800 kB
VmallocUsed:       17092 kB
VmallocChunk:     168988 kB
Time pass: 316 sec

---2015-12-08 17:44:29
MemTotal:        1421560 kB
MemFree:           39068 kB
Buffers:           10728 kB
Cached:           658268 kB
SwapCached:            0 kB
Active:           727740 kB
Inactive:         347428 kB
Active(anon):     408860 kB
Inactive(anon):     1372 kB
Active(file):     318880 kB
Inactive(file):   346056 kB
Unevictable:        2596 kB
Mlocked:               0 kB
HighTotal:        885760 kB
HighFree:           4416 kB
LowTotal:         535800 kB
LowFree:           34652 kB
SwapTotal:             0 kB
SwapFree:              0 kB
Dirty:                 0 kB
Writeback:             0 kB
AnonPages:        408816 kB
Mapped:           383836 kB
Shmem:              1464 kB
Slab:              44628 kB
SReclaimable:      14184 kB
SUnreclaim:        30444 kB
KernelStack:       11128 kB
PageTables:        27824 kB
NFS_Unstable:          0 kB
Bounce:                0 kB
WritebackTmp:          0 kB
CommitLimit:      710780 kB
Committed_AS:   36893056 kB
VmallocTotal:     460800 kB
VmallocUsed:       17092 kB
VmallocChunk:     168988 kB
Time pass: 320 sec

---2015-12-08 17:44:29
MemTotal:        1421560 kB
MemFree:           38320 kB
Buffers:           10744 kB
Cached:           658268 kB
SwapCached:            0 kB
Active:           728160 kB
Inactive:         347444 kB
Active(anon):     409280 kB
Inactive(anon):     1372 kB
Active(file):     318880 kB
Inactive(file):   346072 kB
Unevictable:        2596 kB
Mlocked:               0 kB
HighTotal:        885760 kB
HighFree:           4416 kB
LowTotal:         535800 kB
LowFree:           33904 kB
SwapTotal:             0 kB
SwapFree:              0 kB
Dirty:                44 kB
Writeback:             0 kB
AnonPages:        409196 kB
Mapped:           383836 kB
Shmem:              1464 kB
Slab:              44628 kB
SReclaimable:      14184 kB
SUnreclaim:        30444 kB
KernelStack:       11136 kB
PageTables:        27820 kB
NFS_Unstable:          0 kB
Bounce:                0 kB
WritebackTmp:          0 kB
CommitLimit:      710780 kB
Committed_AS:   36894344 kB
VmallocTotal:     460800 kB
VmallocUsed:       17092 kB
VmallocChunk:     168988 kB
Time pass: 324 sec

---2015-12-08 17:44:29
MemTotal:        1421560 kB
MemFree:           37652 kB
Buffers:           10768 kB
Cached:           658556 kB
SwapCached:            0 kB
Active:           729120 kB
Inactive:         347756 kB
Active(anon):     410240 kB
Inactive(anon):     1372 kB
Active(file):     318880 kB
Inactive(file):   346384 kB
Unevictable:        2596 kB
Mlocked:               0 kB
HighTotal:        885760 kB
HighFree:           4416 kB
LowTotal:         535800 kB
LowFree:           33236 kB
SwapTotal:             0 kB
SwapFree:              0 kB
Dirty:                44 kB
Writeback:             0 kB
AnonPages:        410396 kB
Mapped:           383808 kB
Shmem:              1464 kB
Slab:              44756 kB
SReclaimable:      14184 kB
SUnreclaim:        30572 kB
KernelStack:       11144 kB
PageTables:        27812 kB
NFS_Unstable:          0 kB
Bounce:                0 kB
WritebackTmp:          0 kB
CommitLimit:      710780 kB
Committed_AS:   36894976 kB
VmallocTotal:     460800 kB
VmallocUsed:       17092 kB
VmallocChunk:     168988 kB
Time pass: 330 sec

---2015-12-08 17:44:29
MemTotal:        1421560 kB
MemFree:           37984 kB
Buffers:           10792 kB
Cached:           658556 kB
SwapCached:            0 kB
Active:           728464 kB
Inactive:         347780 kB
Active(anon):     409584 kB
Inactive(anon):     1372 kB
Active(file):     318880 kB
Inactive(file):   346408 kB
Unevictable:        2596 kB
Mlocked:               0 kB
HighTotal:        885760 kB
HighFree:           4984 kB
LowTotal:         535800 kB
LowFree:           33000 kB
SwapTotal:             0 kB
SwapFree:              0 kB
Dirty:                48 kB
Writeback:             0 kB
AnonPages:        409500 kB
Mapped:           383860 kB
Shmem:              1464 kB
Slab:              44596 kB
SReclaimable:      14184 kB
SUnreclaim:        30412 kB
KernelStack:       11152 kB
PageTables:        27820 kB
NFS_Unstable:          0 kB
Bounce:                0 kB
WritebackTmp:          0 kB
CommitLimit:      710780 kB
Committed_AS:   36893900 kB
VmallocTotal:     460800 kB
VmallocUsed:       17092 kB
VmallocChunk:     168988 kB
Time pass: 333 sec

---2015-12-08 17:44:29
MemTotal:        1421560 kB
MemFree:           37260 kB
Buffers:           10792 kB
Cached:           658556 kB
SwapCached:            0 kB
Active:           728872 kB
Inactive:         347780 kB
Active(anon):     409992 kB
Inactive(anon):     1372 kB
Active(file):     318880 kB
Inactive(file):   346408 kB
Unevictable:        2596 kB
Mlocked:               0 kB
HighTotal:        885760 kB
HighFree:           4536 kB
LowTotal:         535800 kB
LowFree:           32724 kB
SwapTotal:             0 kB
SwapFree:              0 kB
Dirty:                48 kB
Writeback:             0 kB
AnonPages:        410176 kB
Mapped:           383860 kB
Shmem:              1464 kB
Slab:              44748 kB
SReclaimable:      14184 kB
SUnreclaim:        30564 kB
KernelStack:       11160 kB
PageTables:        27820 kB
NFS_Unstable:          0 kB
Bounce:                0 kB
WritebackTmp:          0 kB
CommitLimit:      710780 kB
Committed_AS:   36894300 kB
VmallocTotal:     460800 kB
VmallocUsed:       17092 kB
VmallocChunk:     168988 kB
Time pass: 337 sec

---2015-12-08 17:44:29
MemTotal:        1421560 kB
MemFree:           36648 kB
Buffers:           10816 kB
Cached:           658556 kB
SwapCached:            0 kB
Active:           729452 kB
Inactive:         347804 kB
Active(anon):     410572 kB
Inactive(anon):     1372 kB
Active(file):     318880 kB
Inactive(file):   346432 kB
Unevictable:        2596 kB
Mlocked:               0 kB
HighTotal:        885760 kB
HighFree:           4436 kB
LowTotal:         535800 kB
LowFree:           32212 kB
SwapTotal:             0 kB
SwapFree:              0 kB
Dirty:                40 kB
Writeback:             0 kB
AnonPages:        410544 kB
Mapped:           383860 kB
Shmem:              1464 kB
Slab:              44708 kB
SReclaimable:      14184 kB
SUnreclaim:        30524 kB
KernelStack:       11152 kB
PageTables:        27824 kB
NFS_Unstable:          0 kB
Bounce:                0 kB
WritebackTmp:          0 kB
CommitLimit:      710780 kB
Committed_AS:   36894820 kB
VmallocTotal:     460800 kB
VmallocUsed:       17092 kB
VmallocChunk:     168988 kB
Time pass: 340 sec

---2015-12-08 17:44:29
MemTotal:        1421560 kB
MemFree:           36224 kB
Buffers:           10816 kB
Cached:           658556 kB
SwapCached:            0 kB
Active:           729832 kB
Inactive:         347804 kB
Active(anon):     410952 kB
Inactive(anon):     1372 kB
Active(file):     318880 kB
Inactive(file):   346432 kB
Unevictable:        2596 kB
Mlocked:               0 kB
HighTotal:        885760 kB
HighFree:           4336 kB
LowTotal:         535800 kB
LowFree:           31888 kB
SwapTotal:             0 kB
SwapFree:              0 kB
Dirty:                 0 kB
Writeback:             0 kB
AnonPages:        410964 kB
Mapped:           383808 kB
Shmem:              1464 kB
Slab:              44692 kB
SReclaimable:      14184 kB
SUnreclaim:        30508 kB
KernelStack:       11144 kB
PageTables:        27808 kB
NFS_Unstable:          0 kB
Bounce:                0 kB
WritebackTmp:          0 kB
CommitLimit:      710780 kB
Committed_AS:   36896004 kB
VmallocTotal:     460800 kB
VmallocUsed:       17092 kB
VmallocChunk:     168988 kB
Time pass: 345 sec

---2015-12-08 17:44:29
MemTotal:        1421560 kB
MemFree:           35288 kB
Buffers:           10840 kB
Cached:           658556 kB
SwapCached:            0 kB
Active:           730716 kB
Inactive:         347828 kB
Active(anon):     411836 kB
Inactive(anon):     1372 kB
Active(file):     318880 kB
Inactive(file):   346456 kB
Unevictable:        2596 kB
Mlocked:               0 kB
HighTotal:        885760 kB
HighFree:           4336 kB
LowTotal:         535800 kB
LowFree:           30952 kB
SwapTotal:             0 kB
SwapFree:              0 kB
Dirty:                40 kB
Writeback:             0 kB
AnonPages:        411852 kB
Mapped:           383808 kB
Shmem:              1464 kB
Slab:              44724 kB
SReclaimable:      14184 kB
SUnreclaim:        30540 kB
KernelStack:       11144 kB
PageTables:        27808 kB
NFS_Unstable:          0 kB
Bounce:                0 kB
WritebackTmp:          0 kB
CommitLimit:      710780 kB
Committed_AS:   36896272 kB
VmallocTotal:     460800 kB
VmallocUsed:       17092 kB
VmallocChunk:     168988 kB
Time pass: 350 sec

---2015-12-08 17:44:29
MemTotal:        1421560 kB
MemFree:           35528 kB
Buffers:           10864 kB
Cached:           658556 kB
SwapCached:            0 kB
Active:           730000 kB
Inactive:         347852 kB
Active(anon):     411120 kB
Inactive(anon):     1372 kB
Active(file):     318880 kB
Inactive(file):   346480 kB
Unevictable:        2596 kB
Mlocked:               0 kB
HighTotal:        885760 kB
HighFree:           4336 kB
LowTotal:         535800 kB
LowFree:           31192 kB
SwapTotal:             0 kB
SwapFree:              0 kB
Dirty:                36 kB
Writeback:             0 kB
AnonPages:        411096 kB
Mapped:           383712 kB
Shmem:              1464 kB
Slab:              44712 kB
SReclaimable:      14184 kB
SUnreclaim:        30528 kB
KernelStack:       11160 kB
PageTables:        27824 kB
NFS_Unstable:          0 kB
Bounce:                0 kB
WritebackTmp:          0 kB
CommitLimit:      710780 kB
Committed_AS:   36895204 kB
VmallocTotal:     460800 kB
VmallocUsed:       17092 kB
VmallocChunk:     168988 kB
Time pass: 353 sec

---2015-12-08 17:44:29
MemTotal:        1421560 kB
MemFree:           38000 kB
Buffers:           10864 kB
Cached:           658632 kB
SwapCached:            0 kB
Active:           728392 kB
Inactive:         347928 kB
Active(anon):     409512 kB
Inactive(anon):     1372 kB
Active(file):     318880 kB
Inactive(file):   346556 kB
Unevictable:        2596 kB
Mlocked:               0 kB
HighTotal:        885760 kB
HighFree:           4708 kB
LowTotal:         535800 kB
LowFree:           33292 kB
SwapTotal:             0 kB
SwapFree:              0 kB
Dirty:                 0 kB
Writeback:             0 kB
AnonPages:        409652 kB
Mapped:           383864 kB
Shmem:              1464 kB
Slab:              44700 kB
SReclaimable:      14184 kB
SUnreclaim:        30516 kB
KernelStack:       11144 kB
PageTables:        27824 kB
NFS_Unstable:          0 kB
Bounce:                0 kB
WritebackTmp:          0 kB
CommitLimit:      710780 kB
Committed_AS:   36893364 kB
VmallocTotal:     460800 kB
VmallocUsed:       17092 kB
VmallocChunk:     168988 kB
Time pass: 357 sec

---2015-12-08 17:44:29
MemTotal:        1421560 kB
MemFree:           35912 kB
Buffers:           10888 kB
Cached:           658632 kB
SwapCached:            0 kB
Active:           730020 kB
Inactive:         347936 kB
Active(anon):     411124 kB
Inactive(anon):     1372 kB
Active(file):     318896 kB
Inactive(file):   346564 kB
Unevictable:        2596 kB
Mlocked:               0 kB
HighTotal:        885760 kB
HighFree:           4356 kB
LowTotal:         535800 kB
LowFree:           31556 kB
SwapTotal:             0 kB
SwapFree:              0 kB
Dirty:                44 kB
Writeback:             0 kB
AnonPages:        411188 kB
Mapped:           383864 kB
Shmem:              1464 kB
Slab:              44776 kB
SReclaimable:      14232 kB
SUnreclaim:        30544 kB
KernelStack:       11160 kB
PageTables:        27844 kB
NFS_Unstable:          0 kB
Bounce:                0 kB
WritebackTmp:          0 kB
CommitLimit:      710780 kB
Committed_AS:   36894864 kB
VmallocTotal:     460800 kB
VmallocUsed:       17092 kB
VmallocChunk:     168988 kB
Time pass: 361 sec

---2015-12-08 17:44:29
MemTotal:        1421560 kB
MemFree:           37124 kB
Buffers:           10904 kB
Cached:           658632 kB
SwapCached:            0 kB
Active:           728716 kB
Inactive:         347944 kB
Active(anon):     409820 kB
Inactive(anon):     1372 kB
Active(file):     318896 kB
Inactive(file):   346572 kB
Unevictable:        2596 kB
Mlocked:               0 kB
HighTotal:        885760 kB
HighFree:           5368 kB
LowTotal:         535800 kB
LowFree:           31756 kB
SwapTotal:             0 kB
SwapFree:              0 kB
Dirty:                40 kB
Writeback:             0 kB
AnonPages:        409752 kB
Mapped:           383716 kB
