---2015-12-05 14:07:44
MemTotal:        2905316 kB
MemFree:           66728 kB
Buffers:           28452 kB
Cached:          1362036 kB
SwapCached:            0 kB
Active:          1335656 kB
Inactive:        1010116 kB
Active(anon):     813972 kB
Inactive(anon):   187996 kB
Active(file):     521684 kB
Inactive(file):   822120 kB
Unevictable:        7800 kB
Mlocked:               0 kB
SwapTotal:        720184 kB
SwapFree:         720184 kB
Dirty:               600 kB
Writeback:             0 kB
AnonPages:        963020 kB
Mapped:           554148 kB
Shmem:             38884 kB
Slab:             119860 kB
SReclaimable:      36248 kB
SUnreclaim:        83612 kB
KernelStack:       33440 kB
PageTables:        58272 kB
NFS_Unstable:          0 kB
Bounce:                0 kB
WritebackTmp:          0 kB
CommitLimit:     2172840 kB
Committed_AS:   98124072 kB
VmallocTotal:   251658176 kB
VmallocUsed:      140760 kB
VmallocChunk:   251427372 kB
Time pass: 3 sec

---2015-12-05 14:07:44
MemTotal:        2905316 kB
MemFree:           68400 kB
Buffers:           28480 kB
Cached:          1354556 kB
SwapCached:            0 kB
Active:          1350656 kB
Inactive:         995028 kB
Active(anon):     819040 kB
Inactive(anon):   190324 kB
Active(file):     531616 kB
Inactive(file):   804704 kB
Unevictable:        7800 kB
Mlocked:               0 kB
SwapTotal:        720184 kB
SwapFree:         720184 kB
Dirty:              1036 kB
Writeback:             0 kB
AnonPages:        970712 kB
Mapped:           557484 kB
Shmem:             38908 kB
Slab:             120584 kB
SReclaimable:      35816 kB
SUnreclaim:        84768 kB
KernelStack:       32944 kB
PageTables:        57700 kB
NFS_Unstable:          0 kB
Bounce:                0 kB
WritebackTmp:          0 kB
CommitLimit:     2172840 kB
Committed_AS:   96359972 kB
VmallocTotal:   251658176 kB
VmallocUsed:      139740 kB
VmallocChunk:   251427372 kB
Time pass: 7 sec

---2015-12-05 14:07:44
MemTotal:        2905316 kB
MemFree:           89552 kB
Buffers:           28556 kB
Cached:          1349572 kB
SwapCached:            0 kB
Active:          1333576 kB
Inactive:         991464 kB
Active(anon):     801508 kB
Inactive(anon):   192108 kB
Active(file):     532068 kB
Inactive(file):   799356 kB
Unevictable:        7800 kB
Mlocked:               0 kB
SwapTotal:        720184 kB
SwapFree:         720184 kB
Dirty:               404 kB
Writeback:             0 kB
AnonPages:        954864 kB
Mapped:           546252 kB
Shmem:             38900 kB
Slab:             120712 kB
SReclaimable:      35800 kB
SUnreclaim:        84912 kB
KernelStack:       32896 kB
PageTables:        57604 kB
NFS_Unstable:          0 kB
Bounce:                0 kB
WritebackTmp:          0 kB
CommitLimit:     2172840 kB
Committed_AS:   96670928 kB
VmallocTotal:   251658176 kB
VmallocUsed:      138720 kB
VmallocChunk:   251427372 kB
Time pass: 11 sec

---2015-12-05 14:07:44
MemTotal:        2905316 kB
MemFree:          119340 kB
Buffers:           28556 kB
Cached:          1350556 kB
SwapCached:            0 kB
Active:          1306348 kB
Inactive:         990948 kB
Active(anon):     772848 kB
Inactive(anon):   192108 kB
Active(file):     533500 kB
Inactive(file):   798840 kB
Unevictable:        7800 kB
Mlocked:               0 kB
SwapTotal:        720184 kB
SwapFree:         720184 kB
Dirty:                64 kB
Writeback:             0 kB
AnonPages:        925996 kB
Mapped:           543340 kB
Shmem:             38900 kB
Slab:             120616 kB
SReclaimable:      35800 kB
SUnreclaim:        84816 kB
KernelStack:       32416 kB
PageTables:        56544 kB
NFS_Unstable:          0 kB
Bounce:                0 kB
WritebackTmp:          0 kB
CommitLimit:     2172840 kB
Committed_AS:   94171560 kB
VmallocTotal:   251658176 kB
VmallocUsed:      136680 kB
VmallocChunk:   251427372 kB
Time pass: 15 sec

---2015-12-05 14:07:44
MemTotal:        2905316 kB
MemFree:          119132 kB
Buffers:           28208 kB
Cached:          1313936 kB
SwapCached:            0 kB
Active:          1308268 kB
Inactive:         953840 kB
Active(anon):     773412 kB
Inactive(anon):   193900 kB
Active(file):     534856 kB
Inactive(file):   759940 kB
Unevictable:        7800 kB
Mlocked:               0 kB
SwapTotal:        720184 kB
SwapFree:         720184 kB
Dirty:               104 kB
Writeback:             0 kB
AnonPages:        928500 kB
Mapped:           543600 kB
Shmem:             38900 kB
Slab:             120648 kB
SReclaimable:      35800 kB
SUnreclaim:        84848 kB
KernelStack:       32288 kB
PageTables:        56744 kB
NFS_Unstable:          0 kB
Bounce:                0 kB
WritebackTmp:          0 kB
CommitLimit:     2172840 kB
Committed_AS:   94943860 kB
VmallocTotal:   251658176 kB
VmallocUsed:      137576 kB
VmallocChunk:   251427372 kB
Time pass: 18 sec

---2015-12-05 14:07:44
MemTotal:        2905316 kB
MemFree:           71396 kB
Buffers:           24752 kB
Cached:          1225492 kB
SwapCached:            0 kB
Active:          1342908 kB
Inactive:         864612 kB
Active(anon):     802132 kB
Inactive(anon):   202228 kB
Active(file):     540776 kB
Inactive(file):   662384 kB
Unevictable:        7800 kB
Mlocked:               0 kB
SwapTotal:        720184 kB
SwapFree:         720184 kB
Dirty:              1708 kB
Writeback:             0 kB
AnonPages:        965272 kB
Mapped:           605148 kB
Shmem:             39036 kB
Slab:             120824 kB
SReclaimable:      35972 kB
SUnreclaim:        84852 kB
KernelStack:       33456 kB
PageTables:        57696 kB
NFS_Unstable:          0 kB
Bounce:                0 kB
WritebackTmp:          0 kB
CommitLimit:     2172840 kB
Committed_AS:   94998452 kB
VmallocTotal:   251658176 kB
VmallocUsed:      138216 kB
VmallocChunk:   251427372 kB
Time pass: 22 sec

---2015-12-05 14:07:44
MemTotal:        2905316 kB
MemFree:          101588 kB
Buffers:           24608 kB
Cached:          1200092 kB
SwapCached:            0 kB
Active:          1310096 kB
Inactive:         835240 kB
Active(anon):     767160 kB
Inactive(anon):   194564 kB
Active(file):     542936 kB
Inactive(file):   640676 kB
Unevictable:        7800 kB
Mlocked:               0 kB
SwapTotal:        720184 kB
SwapFree:         720184 kB
Dirty:               124 kB
Writeback:             0 kB
AnonPages:        928656 kB
Mapped:           614136 kB
Shmem:             33288 kB
Slab:             120956 kB
SReclaimable:      36140 kB
SUnreclaim:        84816 kB
KernelStack:       33456 kB
PageTables:        57508 kB
NFS_Unstable:          0 kB
Bounce:                0 kB
WritebackTmp:          0 kB
CommitLimit:     2172840 kB
Committed_AS:   94951872 kB
VmallocTotal:   251658176 kB
VmallocUsed:      138508 kB
VmallocChunk:   251427372 kB
Time pass: 25 sec

---2015-12-05 14:07:44
MemTotal:        2905316 kB
MemFree:          101792 kB
Buffers:           24624 kB
Cached:          1200104 kB
SwapCached:            0 kB
Active:          1310556 kB
Inactive:         835256 kB
Active(anon):     767608 kB
Inactive(anon):   194564 kB
Active(file):     542948 kB
Inactive(file):   640692 kB
Unevictable:        7800 kB
Mlocked:               0 kB
SwapTotal:        720184 kB
SwapFree:         720184 kB
Dirty:               168 kB
Writeback:             0 kB
AnonPages:        928904 kB
Mapped:           614164 kB
Shmem:             33288 kB
Slab:             121216 kB
SReclaimable:      36252 kB
SUnreclaim:        84964 kB
KernelStack:       33456 kB
PageTables:        57504 kB
NFS_Unstable:          0 kB
Bounce:                0 kB
WritebackTmp:          0 kB
CommitLimit:     2172840 kB
Committed_AS:   94951796 kB
VmallocTotal:   251658176 kB
VmallocUsed:      138508 kB
VmallocChunk:   251427372 kB
Time pass: 29 sec

---2015-12-05 14:07:44
MemTotal:        2905316 kB
MemFree:          100460 kB
Buffers:           24632 kB
Cached:          1200168 kB
SwapCached:            0 kB
Active:          1311880 kB
Inactive:         835304 kB
Active(anon):     768928 kB
Inactive(anon):   194600 kB
Active(file):     542952 kB
Inactive(file):   640704 kB
Unevictable:        7800 kB
Mlocked:               0 kB
SwapTotal:        720184 kB
SwapFree:         720184 kB
Dirty:                 0 kB
Writeback:             0 kB
AnonPages:        930056 kB
Mapped:           614260 kB
Shmem:             33344 kB
Slab:             121108 kB
SReclaimable:      36252 kB
SUnreclaim:        84856 kB
KernelStack:       33472 kB
PageTables:        57560 kB
NFS_Unstable:          0 kB
Bounce:                0 kB
WritebackTmp:          0 kB
CommitLimit:     2172840 kB
Committed_AS:   94978416 kB
VmallocTotal:   251658176 kB
VmallocUsed:      138508 kB
VmallocChunk:   251427372 kB
Time pass: 33 sec

---2015-12-05 14:07:44
MemTotal:        2905316 kB
MemFree:          100096 kB
Buffers:           24632 kB
Cached:          1200648 kB
SwapCached:            0 kB
Active:          1311856 kB
Inactive:         835772 kB
Active(anon):     768896 kB
Inactive(anon):   194604 kB
Active(file):     542960 kB
Inactive(file):   641168 kB
Unevictable:        7800 kB
Mlocked:               0 kB
SwapTotal:        720184 kB
SwapFree:         720184 kB
Dirty:                24 kB
Writeback:             0 kB
AnonPages:        930324 kB
Mapped:           614500 kB
Shmem:             33348 kB
Slab:             121080 kB
SReclaimable:      36252 kB
SUnreclaim:        84828 kB
KernelStack:       33456 kB
PageTables:        57548 kB
NFS_Unstable:          0 kB
Bounce:                0 kB
WritebackTmp:          0 kB
CommitLimit:     2172840 kB
Committed_AS:   94978480 kB
VmallocTotal:   251658176 kB
VmallocUsed:      138508 kB
VmallocChunk:   251427372 kB
Time pass: 36 sec

---2015-12-05 14:07:44
MemTotal:        2905316 kB
MemFree:           99760 kB
Buffers:           24640 kB
Cached:          1200648 kB
SwapCached:            0 kB
Active:          1312112 kB
Inactive:         835784 kB
Active(anon):     769148 kB
Inactive(anon):   194604 kB
Active(file):     542964 kB
Inactive(file):   641180 kB
Unevictable:        7800 kB
Mlocked:               0 kB
SwapTotal:        720184 kB
SwapFree:         720184 kB
Dirty:                44 kB
Writeback:             0 kB
AnonPages:        930352 kB
Mapped:           614536 kB
Shmem:             33348 kB
Slab:             121080 kB
SReclaimable:      36252 kB
SUnreclaim:        84828 kB
KernelStack:       33456 kB
PageTables:        57580 kB
NFS_Unstable:          0 kB
Bounce:                0 kB
WritebackTmp:          0 kB
CommitLimit:     2172840 kB
Committed_AS:   94978468 kB
VmallocTotal:   251658176 kB
VmallocUsed:      138508 kB
VmallocChunk:   251427372 kB
Time pass: 40 sec

---2015-12-05 14:07:44
MemTotal:        2905316 kB
MemFree:           91800 kB
Buffers:           24056 kB
Cached:          1149260 kB
SwapCached:            0 kB
Active:          1334820 kB
Inactive:         773072 kB
Active(anon):     781124 kB
Inactive(anon):   194608 kB
Active(file):     553696 kB
Inactive(file):   578464 kB
Unevictable:        7800 kB
Mlocked:               0 kB
SwapTotal:        720184 kB
SwapFree:         720184 kB
Dirty:               324 kB
Writeback:             0 kB
AnonPages:        942460 kB
Mapped:           625724 kB
Shmem:             33352 kB
Slab:             121272 kB
SReclaimable:      36396 kB
SUnreclaim:        84876 kB
KernelStack:       33504 kB
PageTables:        57900 kB
NFS_Unstable:          0 kB
Bounce:                0 kB
WritebackTmp:          0 kB
CommitLimit:     2172840 kB
Committed_AS:   94996212 kB
VmallocTotal:   251658176 kB
VmallocUsed:      138764 kB
VmallocChunk:   251427372 kB
Time pass: 44 sec

---2015-12-05 14:07:44
MemTotal:        2905316 kB
MemFree:           83520 kB
Buffers:           24072 kB
Cached:          1149500 kB
SwapCached:            0 kB
Active:          1334492 kB
Inactive:         773420 kB
Active(anon):     780888 kB
Inactive(anon):   194608 kB
Active(file):     553604 kB
Inactive(file):   578812 kB
Unevictable:        7800 kB
Mlocked:               0 kB
SwapTotal:        720184 kB
SwapFree:         720184 kB
Dirty:                 0 kB
Writeback:           220 kB
AnonPages:        942244 kB
Mapped:           619948 kB
Shmem:             33352 kB
Slab:             121252 kB
SReclaimable:      36412 kB
SUnreclaim:        84840 kB
KernelStack:       32960 kB
PageTables:        57344 kB
NFS_Unstable:          0 kB
Bounce:                0 kB
WritebackTmp:          0 kB
CommitLimit:     2172840 kB
Committed_AS:   93763188 kB
VmallocTotal:   251658176 kB
VmallocUsed:      137792 kB
VmallocChunk:   251427372 kB
Time pass: 47 sec

---2015-12-05 14:07:44
MemTotal:        2905316 kB
MemFree:           69400 kB
Buffers:           24616 kB
Cached:          1132464 kB
SwapCached:            0 kB
Active:          1361328 kB
Inactive:         758980 kB
Active(anon):     805508 kB
Inactive(anon):   198512 kB
Active(file):     555820 kB
Inactive(file):   560468 kB
Unevictable:        7800 kB
Mlocked:               0 kB
SwapTotal:        720184 kB
SwapFree:         720184 kB
Dirty:              1208 kB
Writeback:             0 kB
AnonPages:        971424 kB
Mapped:           631932 kB
Shmem:             32904 kB
Slab:             118452 kB
SReclaimable:      33484 kB
SUnreclaim:        84968 kB
KernelStack:       33136 kB
PageTables:        57264 kB
NFS_Unstable:          0 kB
Bounce:                0 kB
WritebackTmp:          0 kB
CommitLimit:     2172840 kB
Committed_AS:   93780248 kB
VmallocTotal:   251658176 kB
VmallocUsed:      137808 kB
VmallocChunk:   251427372 kB
Time pass: 51 sec

---2015-12-05 14:07:44
MemTotal:        2905316 kB
MemFree:           78724 kB
Buffers:           24436 kB
Cached:          1104248 kB
SwapCached:            0 kB
Active:          1329760 kB
Inactive:         743464 kB
Active(anon):     788972 kB
Inactive(anon):   201220 kB
Active(file):     540788 kB
Inactive(file):   542244 kB
Unevictable:       12768 kB
Mlocked:               0 kB
SwapTotal:        720184 kB
SwapFree:         720156 kB
Dirty:               724 kB
Writeback:             0 kB
AnonPages:        957484 kB
Mapped:           659392 kB
Shmem:             32876 kB
Slab:             121048 kB
SReclaimable:      36140 kB
SUnreclaim:        84908 kB
KernelStack:       33120 kB
PageTables:        57376 kB
NFS_Unstable:          0 kB
Bounce:                0 kB
WritebackTmp:          0 kB
CommitLimit:     2172840 kB
Committed_AS:   93769400 kB
VmallocTotal:   251658176 kB
VmallocUsed:      138120 kB
VmallocChunk:   251427372 kB
Time pass: 55 sec

---2015-12-05 14:07:44
MemTotal:        2905316 kB
MemFree:           94336 kB
Buffers:           24436 kB
Cached:          1104288 kB
SwapCached:            0 kB
Active:          1314544 kB
Inactive:         743388 kB
Active(anon):     773636 kB
Inactive(anon):   201216 kB
Active(file):     540908 kB
Inactive(file):   542172 kB
Unevictable:       12768 kB
Mlocked:               0 kB
SwapTotal:        720184 kB
SwapFree:         720156 kB
Dirty:                 4 kB
Writeback:             0 kB
AnonPages:        942144 kB
Mapped:           659452 kB
Shmem:             32876 kB
Slab:             121148 kB
SReclaimable:      36204 kB
SUnreclaim:        84944 kB
KernelStack:       33120 kB
PageTables:        57364 kB
NFS_Unstable:          0 kB
Bounce:                0 kB
WritebackTmp:          0 kB
CommitLimit:     2172840 kB
Committed_AS:   93769292 kB
VmallocTotal:   251658176 kB
VmallocUsed:      138120 kB
VmallocChunk:   251427372 kB
Time pass: 58 sec

---2015-12-05 14:07:44
MemTotal:        2905316 kB
MemFree:           73612 kB
Buffers:           24448 kB
Cached:          1104480 kB
SwapCached:            0 kB
Active:          1318348 kB
Inactive:         743552 kB
Active(anon):     777404 kB
Inactive(anon):   201276 kB
Active(file):     540944 kB
Inactive(file):   542276 kB
Unevictable:       12768 kB
Mlocked:               0 kB
SwapTotal:        720184 kB
SwapFree:         720156 kB
Dirty:               204 kB
Writeback:             0 kB
AnonPages:        945700 kB
Mapped:           669340 kB
Shmem:             32936 kB
Slab:             121208 kB
SReclaimable:      36204 kB
SUnreclaim:        85004 kB
KernelStack:       33088 kB
PageTables:        57424 kB
NFS_Unstable:          0 kB
Bounce:                0 kB
WritebackTmp:          0 kB
CommitLimit:     2172840 kB
Committed_AS:   93796108 kB
VmallocTotal:   251658176 kB
VmallocUsed:      138240 kB
VmallocChunk:   251427372 kB
Time pass: 62 sec

---2015-12-05 14:07:44
MemTotal:        2905316 kB
MemFree:           73340 kB
Buffers:           24456 kB
Cached:          1104484 kB
SwapCached:            0 kB
Active:          1318436 kB
Inactive:         743552 kB
Active(anon):     777480 kB
Inactive(anon):   201276 kB
Active(file):     540956 kB
Inactive(file):   542276 kB
Unevictable:       12768 kB
Mlocked:               0 kB
SwapTotal:        720184 kB
SwapFree:         720156 kB
Dirty:               152 kB
Writeback:             0 kB
AnonPages:        945788 kB
Mapped:           669304 kB
Shmem:             32936 kB
Slab:             121196 kB
SReclaimable:      36204 kB
SUnreclaim:        84992 kB
KernelStack:       33024 kB
PageTables:        57432 kB
NFS_Unstable:          0 kB
Bounce:                0 kB
WritebackTmp:          0 kB
CommitLimit:     2172840 kB
Committed_AS:   93796156 kB
VmallocTotal:   251658176 kB
VmallocUsed:      138240 kB
VmallocChunk:   251427372 kB
Time pass: 66 sec

---2015-12-05 14:07:44
MemTotal:        2905316 kB
MemFree:           73532 kB
Buffers:           24396 kB
Cached:          1091528 kB
SwapCached:            0 kB
Active:          1324624 kB
Inactive:         736128 kB
Active(anon):     789692 kB
Inactive(anon):   201276 kB
Active(file):     534932 kB
Inactive(file):   534852 kB
Unevictable:       12768 kB
Mlocked:               0 kB
SwapTotal:        720184 kB
SwapFree:         720156 kB
Dirty:               540 kB
Writeback:             0 kB
AnonPages:        958416 kB
Mapped:           674700 kB
Shmem:             32936 kB
Slab:             118296 kB
SReclaimable:      33164 kB
SUnreclaim:        85132 kB
KernelStack:       33088 kB
PageTables:        57384 kB
NFS_Unstable:          0 kB
Bounce:                0 kB
WritebackTmp:          0 kB
CommitLimit:     2172840 kB
Committed_AS:   93805552 kB
VmallocTotal:   251658176 kB
VmallocUsed:      138272 kB
VmallocChunk:   251427372 kB
Time pass: 70 sec

---2015-12-05 14:07:44
MemTotal:        2905316 kB
MemFree:           77204 kB
Buffers:           24284 kB
Cached:          1076724 kB
SwapCached:            0 kB
Active:          1311064 kB
Inactive:         728812 kB
Active(anon):     783400 kB
Inactive(anon):   201172 kB
Active(file):     527664 kB
Inactive(file):   527640 kB
Unevictable:       12768 kB
Mlocked:               0 kB
SwapTotal:        720184 kB
SwapFree:         720156 kB
Dirty:                 8 kB
Writeback:             0 kB
AnonPages:        951728 kB
Mapped:           682352 kB
Shmem:             32936 kB
Slab:             121036 kB
SReclaimable:      35916 kB
SUnreclaim:        85120 kB
KernelStack:       33104 kB
PageTables:        57368 kB
NFS_Unstable:          0 kB
Bounce:                0 kB
WritebackTmp:          0 kB
CommitLimit:     2172840 kB
Committed_AS:   93805976 kB
VmallocTotal:   251658176 kB
VmallocUsed:      138424 kB
VmallocChunk:   251427372 kB
Time pass: 73 sec

---2015-12-05 14:07:44
MemTotal:        2905316 kB
MemFree:           62372 kB
Buffers:           24300 kB
Cached:          1066584 kB
SwapCached:            0 kB
Active:          1329832 kB
Inactive:         725096 kB
Active(anon):     808276 kB
Inactive(anon):   201668 kB
Active(file):     521556 kB
Inactive(file):   523428 kB
Unevictable:       12768 kB
Mlocked:               0 kB
SwapTotal:        720184 kB
SwapFree:         720156 kB
Dirty:               552 kB
Writeback:             0 kB
AnonPages:        976648 kB
Mapped:           685984 kB
Shmem:             33068 kB
Slab:             121068 kB
SReclaimable:      35916 kB
SUnreclaim:        85152 kB
KernelStack:       33520 kB
PageTables:        57636 kB
NFS_Unstable:          0 kB
Bounce:                0 kB
WritebackTmp:          0 kB
CommitLimit:     2172840 kB
Committed_AS:   93857756 kB
VmallocTotal:   251658176 kB
VmallocUsed:      140872 kB
VmallocChunk:   251427372 kB
Time pass: 77 sec

---2015-12-05 14:07:44
MemTotal:        2905316 kB
MemFree:           66004 kB
Buffers:           24200 kB
Cached:          1056704 kB
SwapCached:            0 kB
Active:          1326472 kB
Inactive:         719564 kB
Active(anon):     808884 kB
Inactive(anon):   202216 kB
Active(file):     517588 kB
Inactive(file):   517348 kB
Unevictable:       12768 kB
Mlocked:               0 kB
SwapTotal:        720184 kB
SwapFree:         720156 kB
Dirty:               152 kB
Writeback:             0 kB
AnonPages:        978188 kB
Mapped:           682800 kB
Shmem:             33108 kB
Slab:             121128 kB
SReclaimable:      35980 kB
SUnreclaim:        85148 kB
KernelStack:       33504 kB
PageTables:        57704 kB
NFS_Unstable:          0 kB
Bounce:                0 kB
WritebackTmp:          0 kB
CommitLimit:     2172840 kB
Committed_AS:   93859464 kB
VmallocTotal:   251658176 kB
VmallocUsed:      140872 kB
VmallocChunk:   251427372 kB
Time pass: 81 sec

---2015-12-05 14:07:44
MemTotal:        2905316 kB
MemFree:           72400 kB
Buffers:           24136 kB
Cached:          1031008 kB
SwapCached:            0 kB
Active:          1315200 kB
Inactive:         706912 kB
Active(anon):     810560 kB
Inactive(anon):   202444 kB
Active(file):     504640 kB
Inactive(file):   504468 kB
Unevictable:       12768 kB
Mlocked:               0 kB
SwapTotal:        720184 kB
SwapFree:         720156 kB
Dirty:                76 kB
Writeback:             0 kB
AnonPages:        979844 kB
Mapped:           678624 kB
Shmem:             33268 kB
Slab:             121076 kB
SReclaimable:      35916 kB
SUnreclaim:        85160 kB
KernelStack:       33504 kB
PageTables:        57836 kB
NFS_Unstable:          0 kB
Bounce:                0 kB
WritebackTmp:          0 kB
CommitLimit:     2172840 kB
Committed_AS:   93862292 kB
VmallocTotal:   251658176 kB
VmallocUsed:      140872 kB
VmallocChunk:   251427372 kB
Time pass: 85 sec

---2015-12-05 14:07:44
MemTotal:        2905316 kB
MemFree:           70856 kB
Buffers:           24152 kB
Cached:          1031280 kB
SwapCached:            0 kB
Active:          1316280 kB
Inactive:         707104 kB
Active(anon):     811616 kB
Inactive(anon):   202596 kB
Active(file):     504664 kB
Inactive(file):   504508 kB
Unevictable:       12768 kB
Mlocked:               0 kB
SwapTotal:        720184 kB
SwapFree:         720156 kB
Dirty:                20 kB
Writeback:             0 kB
AnonPages:        980820 kB
Mapped:           678852 kB
Shmem:             33492 kB
Slab:             121120 kB
SReclaimable:      35932 kB
SUnreclaim:        85188 kB
KernelStack:       33504 kB
PageTables:        57804 kB
NFS_Unstable:          0 kB
Bounce:                0 kB
WritebackTmp:          0 kB
CommitLimit:     2172840 kB
Committed_AS:   93863000 kB
VmallocTotal:   251658176 kB
VmallocUsed:      140872 kB
VmallocChunk:   251427372 kB
Time pass: 88 sec

---2015-12-05 14:07:44
MemTotal:        2905316 kB
MemFree:           70060 kB
Buffers:           24160 kB
Cached:          1031364 kB
SwapCached:            0 kB
Active:          1317204 kB
Inactive:         707232 kB
Active(anon):     812508 kB
Inactive(anon):   202736 kB
Active(file):     504696 kB
Inactive(file):   504496 kB
Unevictable:       12768 kB
Mlocked:               0 kB
SwapTotal:        720184 kB
SwapFree:         720156 kB
Dirty:                40 kB
Writeback:             0 kB
AnonPages:        981744 kB
Mapped:           678936 kB
Shmem:             33564 kB
Slab:             121100 kB
SReclaimable:      35932 kB
SUnreclaim:        85168 kB
KernelStack:       33488 kB
PageTables:        57856 kB
NFS_Unstable:          0 kB
Bounce:                0 kB
WritebackTmp:          0 kB
CommitLimit:     2172840 kB
Committed_AS:   93889632 kB
VmallocTotal:   251658176 kB
VmallocUsed:      140872 kB
VmallocChunk:   251427372 kB
Time pass: 92 sec

---2015-12-05 14:07:44
MemTotal:        2905316 kB
MemFree:           68636 kB
Buffers:           24176 kB
Cached:          1031464 kB
SwapCached:            0 kB
Active:          1318692 kB
Inactive:         707304 kB
Active(anon):     813956 kB
Inactive(anon):   202736 kB
Active(file):     504736 kB
Inactive(file):   504568 kB
Unevictable:       12768 kB
Mlocked:               0 kB
SwapTotal:        720184 kB
SwapFree:         720156 kB
Dirty:               180 kB
Writeback:             0 kB
AnonPages:        983072 kB
Mapped:           679040 kB
Shmem:             33564 kB
Slab:             121112 kB
SReclaimable:      35932 kB
SUnreclaim:        85180 kB
KernelStack:       33488 kB
PageTables:        57876 kB
NFS_Unstable:          0 kB
Bounce:                0 kB
WritebackTmp:          0 kB
CommitLimit:     2172840 kB
Committed_AS:   93889716 kB
VmallocTotal:   251658176 kB
VmallocUsed:      140872 kB
VmallocChunk:   251427372 kB
Time pass: 96 sec

---2015-12-05 14:07:44
MemTotal:        2905316 kB
MemFree:           66204 kB
Buffers:           24176 kB
Cached:          1031492 kB
SwapCached:            0 kB
Active:          1320752 kB
Inactive:         707312 kB
Active(anon):     815992 kB
Inactive(anon):   202748 kB
Active(file):     504760 kB
Inactive(file):   504564 kB
Unevictable:       12768 kB
Mlocked:               0 kB
SwapTotal:        720184 kB
SwapFree:         720156 kB
Dirty:                16 kB
Writeback:             0 kB
AnonPages:        985540 kB
Mapped:           679224 kB
Shmem:             33576 kB
Slab:             121296 kB
SReclaimable:      35932 kB
SUnreclaim:        85364 kB
KernelStack:       33488 kB
PageTables:        57848 kB
NFS_Unstable:          0 kB
Bounce:                0 kB
WritebackTmp:          0 kB
CommitLimit:     2172840 kB
Committed_AS:   93893324 kB
VmallocTotal:   251658176 kB
VmallocUsed:      140872 kB
VmallocChunk:   251427372 kB
Time pass: 99 sec

---2015-12-05 14:07:44
MemTotal:        2905316 kB
MemFree:          353132 kB
Buffers:           24192 kB
Cached:          1029504 kB
SwapCached:            0 kB
Active:          1223248 kB
Inactive:         710328 kB
Active(anon):     721888 kB
Inactive(anon):   205924 kB
Active(file):     501360 kB
Inactive(file):   504404 kB
Unevictable:       12768 kB
Mlocked:               0 kB
SwapTotal:        720184 kB
SwapFree:         720156 kB
Dirty:                 4 kB
Writeback:             0 kB
AnonPages:        892756 kB
Mapped:           497416 kB
Shmem:             35160 kB
Slab:             120804 kB
SReclaimable:      35772 kB
SUnreclaim:        85032 kB
KernelStack:       31696 kB
PageTables:        55260 kB
NFS_Unstable:          0 kB
Bounce:                0 kB
WritebackTmp:          0 kB
CommitLimit:     2172840 kB
Committed_AS:   92262476 kB
VmallocTotal:   251658176 kB
VmallocUsed:      137188 kB
VmallocChunk:   251427372 kB
Time pass: 103 sec

---2015-12-05 14:07:44
MemTotal:        2905316 kB
MemFree:          256372 kB
Buffers:           24252 kB
Cached:          1031108 kB
SwapCached:            0 kB
Active:          1254608 kB
Inactive:         710112 kB
Active(anon):     751192 kB
Inactive(anon):   206060 kB
Active(file):     503416 kB
Inactive(file):   504052 kB
Unevictable:       12768 kB
Mlocked:               0 kB
SwapTotal:        720184 kB
SwapFree:         720156 kB
Dirty:              2004 kB
Writeback:             4 kB
AnonPages:        922052 kB
Mapped:           571024 kB
Shmem:             35296 kB
Slab:             120760 kB
SReclaimable:      35808 kB
SUnreclaim:        84952 kB
KernelStack:       32736 kB
PageTables:        56328 kB
NFS_Unstable:          0 kB
Bounce:                0 kB
WritebackTmp:          0 kB
CommitLimit:     2172840 kB
Committed_AS:   93085396 kB
VmallocTotal:   251658176 kB
VmallocUsed:      138864 kB
VmallocChunk:   251427372 kB
Time pass: 107 sec

---2015-12-05 14:07:44
MemTotal:        2905316 kB
MemFree:          202736 kB
Buffers:           25516 kB
Cached:          1032316 kB
SwapCached:            0 kB
Active:          1269000 kB
Inactive:         712072 kB
Active(anon):     765264 kB
Inactive(anon):   206052 kB
Active(file):     503736 kB
Inactive(file):   506020 kB
Unevictable:       12768 kB
Mlocked:               0 kB
SwapTotal:        720184 kB
SwapFree:         720156 kB
Dirty:              1336 kB
Writeback:             0 kB
AnonPages:        935888 kB
Mapped:           591696 kB
Shmem:             35300 kB
Slab:             120812 kB
SReclaimable:      35808 kB
SUnreclaim:        85004 kB
KernelStack:       32896 kB
PageTables:        56584 kB
NFS_Unstable:          0 kB
Bounce:                0 kB
WritebackTmp:          0 kB
CommitLimit:     2172840 kB
Committed_AS:   93096444 kB
VmallocTotal:   251658176 kB
VmallocUsed:      139116 kB
VmallocChunk:   251427372 kB
Time pass: 111 sec

---2015-12-05 14:07:44
MemTotal:        2905316 kB
MemFree:          158812 kB
Buffers:           25552 kB
Cached:          1033016 kB
SwapCached:            0 kB
Active:          1270488 kB
Inactive:         711512 kB
Active(anon):     765456 kB
Inactive(anon):   206044 kB
Active(file):     505032 kB
Inactive(file):   505468 kB
Unevictable:       12768 kB
Mlocked:               0 kB
SwapTotal:        720184 kB
SwapFree:         720156 kB
Dirty:               932 kB
Writeback:             0 kB
AnonPages:        936420 kB
Mapped:           631892 kB
Shmem:             35300 kB
Slab:             120812 kB
SReclaimable:      35808 kB
SUnreclaim:        85004 kB
KernelStack:       32864 kB
PageTables:        56720 kB
NFS_Unstable:          0 kB
Bounce:                0 kB
WritebackTmp:          0 kB
CommitLimit:     2172840 kB
Committed_AS:   93097392 kB
VmallocTotal:   251658176 kB
VmallocUsed:      139496 kB
VmallocChunk:   251427372 kB
Time pass: 114 sec

---2015-12-05 14:07:44
MemTotal:        2905316 kB
MemFree:          139596 kB
Buffers:           25552 kB
Cached:          1033224 kB
SwapCached:            0 kB
Active:          1272904 kB
Inactive:         711532 kB
Active(anon):     767684 kB
Inactive(anon):   206044 kB
Active(file):     505220 kB
Inactive(file):   505488 kB
Unevictable:       12768 kB
Mlocked:               0 kB
SwapTotal:        720184 kB
SwapFree:         720156 kB
Dirty:                16 kB
Writeback:           116 kB
AnonPages:        938460 kB
Mapped:           641912 kB
Shmem:             35300 kB
Slab:             120800 kB
SReclaimable:      35808 kB
SUnreclaim:        84992 kB
KernelStack:       32848 kB
PageTables:        56748 kB
NFS_Unstable:          0 kB
Bounce:                0 kB
WritebackTmp:          0 kB
CommitLimit:     2172840 kB
Committed_AS:   93098268 kB
VmallocTotal:   251658176 kB
VmallocUsed:      137204 kB
VmallocChunk:   251427372 kB
Time pass: 118 sec

---2015-12-05 14:07:44
MemTotal:        2905316 kB
MemFree:          141548 kB
Buffers:           25560 kB
Cached:          1033008 kB
SwapCached:            0 kB
Active:          1276192 kB
Inactive:         711200 kB
Active(anon):     770936 kB
Inactive(anon):   205748 kB
Active(file):     505256 kB
Inactive(file):   505452 kB
Unevictable:       12768 kB
Mlocked:               0 kB
SwapTotal:        720184 kB
SwapFree:         720156 kB
Dirty:               356 kB
Writeback:             0 kB
AnonPages:        942128 kB
Mapped:           641740 kB
Shmem:             35084 kB
Slab:             117544 kB
SReclaimable:      35808 kB
SUnreclaim:        81736 kB
KernelStack:       32848 kB
PageTables:        56536 kB
NFS_Unstable:          0 kB
Bounce:                0 kB
WritebackTmp:          0 kB
CommitLimit:     2172840 kB
Committed_AS:   92919860 kB
VmallocTotal:   251658176 kB
VmallocUsed:      137204 kB
VmallocChunk:   251427372 kB
Time pass: 122 sec

---2015-12-05 14:07:44
MemTotal:        2905316 kB
MemFree:          113000 kB
Buffers:           25560 kB
Cached:          1033044 kB
SwapCached:            0 kB
Active:          1280152 kB
Inactive:         711276 kB
Active(anon):     774852 kB
Inactive(anon):   205644 kB
Active(file):     505300 kB
Inactive(file):   505632 kB
Unevictable:       12768 kB
Mlocked:               0 kB
SwapTotal:        720184 kB
SwapFree:         720156 kB
Dirty:               588 kB
Writeback:             0 kB
AnonPages:        945692 kB
Mapped:           655424 kB
Shmem:             34900 kB
Slab:             117412 kB
SReclaimable:      35808 kB
SUnreclaim:        81604 kB
KernelStack:       32848 kB
PageTables:        56392 kB
NFS_Unstable:          0 kB
Bounce:                0 kB
WritebackTmp:          0 kB
CommitLimit:     2172840 kB
Committed_AS:   92921360 kB
VmallocTotal:   251658176 kB
VmallocUsed:      137388 kB
VmallocChunk:   251427372 kB
Time pass: 125 sec

---2015-12-05 14:07:44
MemTotal:        2905316 kB
MemFree:          114656 kB
Buffers:           25568 kB
Cached:          1033048 kB
SwapCached:            0 kB
Active:          1278364 kB
Inactive:         711284 kB
Active(anon):     773056 kB
Inactive(anon):   205644 kB
Active(file):     505308 kB
Inactive(file):   505640 kB
Unevictable:       12768 kB
Mlocked:               0 kB
SwapTotal:        720184 kB
SwapFree:         720156 kB
Dirty:                64 kB
Writeback:             0 kB
AnonPages:        943772 kB
Mapped:           655424 kB
Shmem:             34900 kB
Slab:             117416 kB
SReclaimable:      35808 kB
SUnreclaim:        81608 kB
KernelStack:       32864 kB
PageTables:        56392 kB
NFS_Unstable:          0 kB
Bounce:                0 kB
WritebackTmp:          0 kB
CommitLimit:     2172840 kB
Committed_AS:   92921416 kB
VmallocTotal:   251658176 kB
VmallocUsed:      137388 kB
VmallocChunk:   251427372 kB
Time pass: 129 sec

---2015-12-05 14:07:44
MemTotal:        2905316 kB
MemFree:          112180 kB
Buffers:           25576 kB
Cached:          1033088 kB
SwapCached:            0 kB
Active:          1279548 kB
Inactive:         711324 kB
Active(anon):     774236 kB
Inactive(anon):   205644 kB
Active(file):     505312 kB
Inactive(file):   505680 kB
Unevictable:       12768 kB
Mlocked:               0 kB
SwapTotal:        720184 kB
SwapFree:         720156 kB
Dirty:               128 kB
Writeback:             0 kB
AnonPages:        944764 kB
Mapped:           655584 kB
Shmem:             34900 kB
Slab:             117384 kB
SReclaimable:      35808 kB
SUnreclaim:        81576 kB
KernelStack:       32864 kB
PageTables:        56420 kB
NFS_Unstable:          0 kB
Bounce:                0 kB
WritebackTmp:          0 kB
CommitLimit:     2172840 kB
Committed_AS:   92921472 kB
VmallocTotal:   251658176 kB
VmallocUsed:      137388 kB
VmallocChunk:   251427372 kB
Time pass: 133 sec

---2015-12-05 14:07:44
MemTotal:        2905316 kB
MemFree:           99924 kB
Buffers:           25584 kB
Cached:          1033116 kB
SwapCached:            0 kB
Active:          1281236 kB
Inactive:         711328 kB
Active(anon):     775900 kB
Inactive(anon):   205640 kB
Active(file):     505336 kB
Inactive(file):   505688 kB
Unevictable:       12768 kB
Mlocked:               0 kB
SwapTotal:        720184 kB
SwapFree:         720156 kB
Dirty:                52 kB
Writeback:             0 kB
AnonPages:        946912 kB
Mapped:           657688 kB
Shmem:             34900 kB
Slab:             117384 kB
SReclaimable:      35808 kB
SUnreclaim:        81576 kB
KernelStack:       32880 kB
PageTables:        56392 kB
NFS_Unstable:          0 kB
Bounce:                0 kB
WritebackTmp:          0 kB
CommitLimit:     2172840 kB
Committed_AS:   92923716 kB
VmallocTotal:   251658176 kB
VmallocUsed:      137388 kB
VmallocChunk:   251427372 kB
Time pass: 137 sec

---2015-12-05 14:07:44
MemTotal:        2905316 kB
MemFree:           96996 kB
Buffers:           25624 kB
Cached:          1033424 kB
SwapCached:            0 kB
Active:          1292976 kB
Inactive:         710644 kB
Active(anon):     786604 kB
Inactive(anon):   205836 kB
Active(file):     506372 kB
Inactive(file):   504808 kB
Unevictable:       12768 kB
Mlocked:               0 kB
SwapTotal:        720184 kB
SwapFree:         720156 kB
Dirty:               104 kB
Writeback:             0 kB
AnonPages:        957496 kB
Mapped:           659440 kB
Shmem:             35100 kB
Slab:             117420 kB
SReclaimable:      35824 kB
SUnreclaim:        81596 kB
KernelStack:       33216 kB
PageTables:        56660 kB
NFS_Unstable:          0 kB
Bounce:                0 kB
WritebackTmp:          0 kB
CommitLimit:     2172840 kB
Committed_AS:   92963452 kB
VmallocTotal:   251658176 kB
VmallocUsed:      139836 kB
VmallocChunk:   251427372 kB
Time pass: 140 sec

---2015-12-05 14:07:44
MemTotal:        2905316 kB
MemFree:           94884 kB
Buffers:           25632 kB
Cached:          1033564 kB
SwapCached:            0 kB
Active:          1293864 kB
Inactive:         710788 kB
Active(anon):     787488 kB
Inactive(anon):   205972 kB
Active(file):     506376 kB
Inactive(file):   504816 kB
Unevictable:       12768 kB
Mlocked:               0 kB
SwapTotal:        720184 kB
SwapFree:         720156 kB
Dirty:                 8 kB
Writeback:             0 kB
AnonPages:        958352 kB
Mapped:           659660 kB
Shmem:             35236 kB
Slab:             117420 kB
SReclaimable:      35824 kB
SUnreclaim:        81596 kB
KernelStack:       33216 kB
PageTables:        56864 kB
NFS_Unstable:          0 kB
Bounce:                0 kB
WritebackTmp:          0 kB
CommitLimit:     2172840 kB
Committed_AS:   92963988 kB
VmallocTotal:   251658176 kB
VmallocUsed:      139836 kB
VmallocChunk:   251427372 kB
Time pass: 144 sec

---2015-12-05 14:07:44
MemTotal:        2905316 kB
MemFree:           94136 kB
Buffers:           25640 kB
Cached:          1033652 kB
SwapCached:            0 kB
Active:          1294392 kB
Inactive:         710880 kB
Active(anon):     788012 kB
Inactive(anon):   206060 kB
Active(file):     506380 kB
Inactive(file):   504820 kB
Unevictable:       12768 kB
Mlocked:               0 kB
SwapTotal:        720184 kB
SwapFree:         720156 kB
Dirty:                16 kB
Writeback:             0 kB
AnonPages:        958664 kB
Mapped:           659744 kB
Shmem:             35324 kB
Slab:             117420 kB
SReclaimable:      35824 kB
SUnreclaim:        81596 kB
KernelStack:       33216 kB
PageTables:        56844 kB
NFS_Unstable:          0 kB
Bounce:                0 kB
WritebackTmp:          0 kB
CommitLimit:     2172840 kB
Committed_AS:   92964552 kB
VmallocTotal:   251658176 kB
VmallocUsed:      139836 kB
VmallocChunk:   251427372 kB
Time pass: 148 sec

---2015-12-05 14:07:44
MemTotal:        2905316 kB
MemFree:           87140 kB
Buffers:           25640 kB
Cached:          1033892 kB
SwapCached:            0 kB
Active:          1301332 kB
Inactive:         711116 kB
Active(anon):     794948 kB
Inactive(anon):   206292 kB
Active(file):     506384 kB
Inactive(file):   504824 kB
Unevictable:       12768 kB
Mlocked:               0 kB
SwapTotal:        720184 kB
SwapFree:         720156 kB
Dirty:                20 kB
Writeback:             0 kB
AnonPages:        965540 kB
Mapped:           660840 kB
Shmem:             35556 kB
Slab:             117432 kB
SReclaimable:      35824 kB
SUnreclaim:        81608 kB
KernelStack:       33264 kB
PageTables:        56828 kB
NFS_Unstable:          0 kB
Bounce:                0 kB
WritebackTmp:          0 kB
CommitLimit:     2172840 kB
Committed_AS:   93007796 kB
VmallocTotal:   251658176 kB
VmallocUsed:      139836 kB
VmallocChunk:   251427372 kB
Time pass: 152 sec

---2015-12-05 14:07:44
MemTotal:        2905316 kB
MemFree:           81564 kB
Buffers:           25688 kB
Cached:          1033580 kB
SwapCached:            0 kB
Active:          1307956 kB
Inactive:         710612 kB
Active(anon):     801328 kB
Inactive(anon):   205836 kB
Active(file):     506628 kB
Inactive(file):   504776 kB
Unevictable:       12768 kB
Mlocked:               0 kB
SwapTotal:        720184 kB
SwapFree:         720156 kB
Dirty:               232 kB
Writeback:             0 kB
AnonPages:        972516 kB
Mapped:           661100 kB
Shmem:             35096 kB
Slab:             117360 kB
SReclaimable:      35840 kB
SUnreclaim:        81520 kB
KernelStack:       33248 kB
PageTables:        56772 kB
NFS_Unstable:          0 kB
Bounce:                0 kB
WritebackTmp:          0 kB
CommitLimit:     2172840 kB
Committed_AS:   93009972 kB
VmallocTotal:   251658176 kB
VmallocUsed:      139836 kB
VmallocChunk:   251427372 kB
Time pass: 155 sec

---2015-12-05 14:07:44
MemTotal:        2905316 kB
MemFree:           81756 kB
Buffers:           25696 kB
Cached:          1033752 kB
SwapCached:            0 kB
Active:          1308004 kB
Inactive:         710748 kB
Active(anon):     801336 kB
Inactive(anon):   205936 kB
Active(file):     506668 kB
Inactive(file):   504812 kB
Unevictable:       12768 kB
Mlocked:               0 kB
SwapTotal:        720184 kB
SwapFree:         720156 kB
Dirty:                12 kB
Writeback:             0 kB
AnonPages:        972232 kB
Mapped:           661224 kB
Shmem:             35200 kB
Slab:             117408 kB
SReclaimable:      35856 kB
SUnreclaim:        81552 kB
KernelStack:       33216 kB
PageTables:        56808 kB
NFS_Unstable:          0 kB
Bounce:                0 kB
WritebackTmp:          0 kB
CommitLimit:     2172840 kB
Committed_AS:   93009944 kB
VmallocTotal:   251658176 kB
VmallocUsed:      139836 kB
VmallocChunk:   251427372 kB
Time pass: 159 sec

---2015-12-05 14:07:44
MemTotal:        2905316 kB
MemFree:           81168 kB
Buffers:           25704 kB
Cached:          1033804 kB
SwapCached:            0 kB
Active:          1308428 kB
Inactive:         710804 kB
Active(anon):     801756 kB
Inactive(anon):   205984 kB
Active(file):     506672 kB
Inactive(file):   504820 kB
Unevictable:       12768 kB
Mlocked:               0 kB
SwapTotal:        720184 kB
SwapFree:         720156 kB
Dirty:                48 kB
Writeback:             0 kB
AnonPages:        972428 kB
Mapped:           661276 kB
Shmem:             35248 kB
Slab:             117408 kB
SReclaimable:      35856 kB
SUnreclaim:        81552 kB
KernelStack:       33216 kB
PageTables:        56804 kB
NFS_Unstable:          0 kB
Bounce:                0 kB
WritebackTmp:          0 kB
CommitLimit:     2172840 kB
Committed_AS:   93009944 kB
VmallocTotal:   251658176 kB
VmallocUsed:      139836 kB
VmallocChunk:   251427372 kB
Time pass: 163 sec

---2015-12-05 14:07:44
MemTotal:        2905316 kB
MemFree:           80128 kB
Buffers:           25704 kB
Cached:          1033868 kB
SwapCached:            0 kB
Active:          1309492 kB
Inactive:         710864 kB
Active(anon):     802816 kB
Inactive(anon):   206008 kB
Active(file):     506676 kB
Inactive(file):   504856 kB
Unevictable:       12768 kB
Mlocked:               0 kB
SwapTotal:        720184 kB
SwapFree:         720156 kB
Dirty:                84 kB
Writeback:             0 kB
AnonPages:        973664 kB
Mapped:           661308 kB
Shmem:             35272 kB
Slab:             117408 kB
SReclaimable:      35856 kB
SUnreclaim:        81552 kB
KernelStack:       33184 kB
PageTables:        56808 kB
NFS_Unstable:          0 kB
Bounce:                0 kB
WritebackTmp:          0 kB
CommitLimit:     2172840 kB
Committed_AS:   93009956 kB
VmallocTotal:   251658176 kB
VmallocUsed:      139836 kB
VmallocChunk:   251427372 kB
Time pass: 167 sec

---2015-12-05 14:07:44
MemTotal:        2905316 kB
MemFree:           90612 kB
Buffers:           25712 kB
Cached:          1033728 kB
SwapCached:            0 kB
Active:          1299712 kB
Inactive:         710708 kB
Active(anon):     793012 kB
Inactive(anon):   205832 kB
Active(file):     506700 kB
Inactive(file):   504876 kB
Unevictable:       12768 kB
Mlocked:               0 kB
SwapTotal:        720184 kB
SwapFree:         720156 kB
Dirty:                32 kB
Writeback:             0 kB
AnonPages:        963872 kB
Mapped:           660924 kB
Shmem:             35096 kB
Slab:             117408 kB
SReclaimable:      35856 kB
SUnreclaim:        81552 kB
KernelStack:       33168 kB
PageTables:        56736 kB
NFS_Unstable:          0 kB
Bounce:                0 kB
WritebackTmp:          0 kB
CommitLimit:     2172840 kB
Committed_AS:   92981300 kB
VmallocTotal:   251658176 kB
VmallocUsed:      139836 kB
VmallocChunk:   251427372 kB
Time pass: 170 sec

---2015-12-05 14:07:44
MemTotal:        2905316 kB
MemFree:           90820 kB
Buffers:           25720 kB
Cached:          1033604 kB
SwapCached:            0 kB
Active:          1299724 kB
Inactive:         710564 kB
Active(anon):     793004 kB
Inactive(anon):   205700 kB
Active(file):     506720 kB
Inactive(file):   504864 kB
Unevictable:       12768 kB
Mlocked:               0 kB
SwapTotal:        720184 kB
SwapFree:         720156 kB
Dirty:                44 kB
Writeback:             0 kB
AnonPages:        963816 kB
Mapped:           660928 kB
Shmem:             34960 kB
Slab:             117376 kB
SReclaimable:      35856 kB
SUnreclaim:        81520 kB
KernelStack:       32832 kB
PageTables:        56604 kB
NFS_Unstable:          0 kB
Bounce:                0 kB
WritebackTmp:          0 kB
CommitLimit:     2172840 kB
Committed_AS:   92981280 kB
VmallocTotal:   251658176 kB
VmallocUsed:      139804 kB
VmallocChunk:   251427372 kB
Time pass: 174 sec

---2015-12-05 14:07:44
MemTotal:        2905316 kB
MemFree:           90756 kB
Buffers:           25728 kB
Cached:          1033596 kB
SwapCached:            0 kB
Active:          1299912 kB
Inactive:         710572 kB
Active(anon):     793188 kB
Inactive(anon):   205700 kB
Active(file):     506724 kB
Inactive(file):   504872 kB
Unevictable:       12768 kB
Mlocked:               0 kB
SwapTotal:        720184 kB
SwapFree:         720156 kB
Dirty:                44 kB
Writeback:             0 kB
AnonPages:        963920 kB
Mapped:           660932 kB
Shmem:             34960 kB
Slab:             117376 kB
SReclaimable:      35856 kB
SUnreclaim:        81520 kB
KernelStack:       32816 kB
PageTables:        56604 kB
NFS_Unstable:          0 kB
Bounce:                0 kB
WritebackTmp:          0 kB
CommitLimit:     2172840 kB
Committed_AS:   92981268 kB
VmallocTotal:   251658176 kB
VmallocUsed:      139804 kB
VmallocChunk:   251427372 kB
Time pass: 178 sec

---2015-12-05 14:07:44
MemTotal:        2905316 kB
MemFree:           90524 kB
Buffers:           25732 kB
Cached:          1033676 kB
SwapCached:            0 kB
Active:          1300408 kB
Inactive:         710636 kB
Active(anon):     793668 kB
Inactive(anon):   205760 kB
Active(file):     506740 kB
Inactive(file):   504876 kB
Unevictable:       12768 kB
Mlocked:               0 kB
SwapTotal:        720184 kB
SwapFree:         720156 kB
Dirty:                32 kB
Writeback:             0 kB
AnonPages:        964540 kB
Mapped:           661000 kB
Shmem:             35020 kB
Slab:             117300 kB
SReclaimable:      35760 kB
SUnreclaim:        81540 kB
KernelStack:       32832 kB
PageTables:        56652 kB
NFS_Unstable:          0 kB
Bounce:                0 kB
WritebackTmp:          0 kB
CommitLimit:     2172840 kB
Committed_AS:   93007904 kB
VmallocTotal:   251658176 kB
VmallocUsed:      139804 kB
VmallocChunk:   251427372 kB
Time pass: 182 sec

---2015-12-05 14:07:44
MemTotal:        2905316 kB
MemFree:           90048 kB
Buffers:           25748 kB
Cached:          1033688 kB
SwapCached:            0 kB
Active:          1301004 kB
Inactive:         710656 kB
Active(anon):     794256 kB
Inactive(anon):   205760 kB
Active(file):     506748 kB
Inactive(file):   504896 kB
Unevictable:       12768 kB
Mlocked:               0 kB
SwapTotal:        720184 kB
SwapFree:         720156 kB
Dirty:                64 kB
Writeback:             0 kB
AnonPages:        964912 kB
Mapped:           661016 kB
Shmem:             35020 kB
Slab:             117296 kB
SReclaimable:      35760 kB
SUnreclaim:        81536 kB
KernelStack:       32848 kB
PageTables:        56652 kB
NFS_Unstable:          0 kB
Bounce:                0 kB
WritebackTmp:          0 kB
CommitLimit:     2172840 kB
Committed_AS:   93007884 kB
VmallocTotal:   251658176 kB
VmallocUsed:      137388 kB
VmallocChunk:   251427372 kB
Time pass: 186 sec

---2015-12-05 14:07:44
MemTotal:        2905316 kB
MemFree:           76668 kB
Buffers:           25788 kB
Cached:          1033940 kB
SwapCached:            0 kB
Active:          1312796 kB
Inactive:         710892 kB
Active(anon):     805996 kB
Inactive(anon):   205908 kB
Active(file):     506800 kB
Inactive(file):   504984 kB
Unevictable:       12768 kB
Mlocked:               0 kB
SwapTotal:        720184 kB
SwapFree:         720156 kB
Dirty:                24 kB
Writeback:             0 kB
AnonPages:        976880 kB
Mapped:           661364 kB
Shmem:             35176 kB
Slab:             117296 kB
SReclaimable:      35760 kB
SUnreclaim:        81536 kB
KernelStack:       33232 kB
PageTables:        56824 kB
NFS_Unstable:          0 kB
Bounce:                0 kB
WritebackTmp:          0 kB
CommitLimit:     2172840 kB
Committed_AS:   93039744 kB
VmallocTotal:   251658176 kB
VmallocUsed:      139836 kB
VmallocChunk:   251427372 kB
Time pass: 189 sec

---2015-12-05 14:07:44
MemTotal:        2905316 kB
MemFree:           76796 kB
Buffers:           25804 kB
Cached:          1034004 kB
SwapCached:            0 kB
Active:          1313128 kB
Inactive:         710968 kB
Active(anon):     806320 kB
Inactive(anon):   205940 kB
Active(file):     506808 kB
Inactive(file):   505028 kB
Unevictable:       12768 kB
Mlocked:               0 kB
SwapTotal:        720184 kB
SwapFree:         720156 kB
Dirty:               132 kB
Writeback:             0 kB
AnonPages:        977140 kB
Mapped:           661396 kB
Shmem:             35204 kB
Slab:             117296 kB
SReclaimable:      35760 kB
SUnreclaim:        81536 kB
KernelStack:       33216 kB
PageTables:        56824 kB
NFS_Unstable:          0 kB
Bounce:                0 kB
WritebackTmp:          0 kB
CommitLimit:     2172840 kB
Committed_AS:   93039696 kB
VmallocTotal:   251658176 kB
VmallocUsed:      139836 kB
VmallocChunk:   251427372 kB
Time pass: 193 sec

---2015-12-05 14:07:44
MemTotal:        2905316 kB
MemFree:           75232 kB
Buffers:           25812 kB
Cached:          1034076 kB
SwapCached:            0 kB
Active:          1315060 kB
Inactive:         711040 kB
Active(anon):     808244 kB
Inactive(anon):   205972 kB
Active(file):     506816 kB
Inactive(file):   505068 kB
Unevictable:       12768 kB
Mlocked:               0 kB
SwapTotal:        720184 kB
SwapFree:         720156 kB
Dirty:               108 kB
Writeback:             0 kB
AnonPages:        978936 kB
Mapped:           661488 kB
Shmem:             35236 kB
Slab:             117196 kB
SReclaimable:      35760 kB
SUnreclaim:        81436 kB
KernelStack:       33184 kB
PageTables:        56824 kB
NFS_Unstable:          0 kB
Bounce:                0 kB
WritebackTmp:          0 kB
CommitLimit:     2172840 kB
Committed_AS:   93039708 kB
VmallocTotal:   251658176 kB
VmallocUsed:      139836 kB
VmallocChunk:   251427372 kB
Time pass: 197 sec

---2015-12-05 14:07:44
MemTotal:        2905316 kB
MemFree:           73972 kB
Buffers:           25820 kB
Cached:          1034080 kB
SwapCached:            0 kB
Active:          1314872 kB
Inactive:         711036 kB
Active(anon):     808040 kB
Inactive(anon):   205976 kB
Active(file):     506832 kB
Inactive(file):   505060 kB
Unevictable:       12768 kB
Mlocked:               0 kB
SwapTotal:        720184 kB
SwapFree:         720156 kB
Dirty:                56 kB
Writeback:             0 kB
AnonPages:        978884 kB
Mapped:           661616 kB
Shmem:             35240 kB
Slab:             117192 kB
SReclaimable:      35760 kB
SUnreclaim:        81432 kB
KernelStack:       33200 kB
PageTables:        56824 kB
NFS_Unstable:          0 kB
Bounce:                0 kB
WritebackTmp:          0 kB
CommitLimit:     2172840 kB
Committed_AS:   93039708 kB
VmallocTotal:   251658176 kB
VmallocUsed:      139836 kB
VmallocChunk:   251427372 kB
Time pass: 201 sec

---2015-12-05 14:07:44
MemTotal:        2905316 kB
MemFree:           73328 kB
Buffers:           25820 kB
Cached:          1034088 kB
SwapCached:            0 kB
Active:          1314840 kB
Inactive:         711044 kB
Active(anon):     808008 kB
Inactive(anon):   205976 kB
Active(file):     506832 kB
Inactive(file):   505068 kB
Unevictable:       12768 kB
Mlocked:               0 kB
SwapTotal:        720184 kB
SwapFree:         720156 kB
Dirty:                 8 kB
Writeback:             0 kB
AnonPages:        978852 kB
Mapped:           661684 kB
Shmem:             35240 kB
Slab:             117192 kB
SReclaimable:      35760 kB
SUnreclaim:        81432 kB
KernelStack:       33200 kB
PageTables:        56848 kB
NFS_Unstable:          0 kB
Bounce:                0 kB
WritebackTmp:          0 kB
CommitLimit:     2172840 kB
Committed_AS:   93039684 kB
VmallocTotal:   251658176 kB
VmallocUsed:      139848 kB
VmallocChunk:   251427372 kB
Time pass: 204 sec

---2015-12-05 14:07:44
MemTotal:        2905316 kB
MemFree:           72252 kB
Buffers:           25828 kB
Cached:          1034124 kB
SwapCached:            0 kB
Active:          1315768 kB
Inactive:         711084 kB
Active(anon):     808932 kB
Inactive(anon):   205976 kB
Active(file):     506836 kB
Inactive(file):   505108 kB
Unevictable:       12768 kB
Mlocked:               0 kB
SwapTotal:        720184 kB
SwapFree:         720156 kB
Dirty:                64 kB
Writeback:             0 kB
AnonPages:        979784 kB
Mapped:           661688 kB
Shmem:             35240 kB
Slab:             117192 kB
SReclaimable:      35760 kB
SUnreclaim:        81432 kB
KernelStack:       33200 kB
PageTables:        56848 kB
NFS_Unstable:          0 kB
Bounce:                0 kB
WritebackTmp:          0 kB
CommitLimit:     2172840 kB
Committed_AS:   93039660 kB
VmallocTotal:   251658176 kB
VmallocUsed:      139848 kB
VmallocChunk:   251427372 kB
Time pass: 208 sec

---2015-12-05 14:07:44
MemTotal:        2905316 kB
MemFree:           71384 kB
Buffers:           25836 kB
Cached:          1034196 kB
SwapCached:            0 kB
Active:          1316452 kB
Inactive:         711152 kB
Active(anon):     809604 kB
Inactive(anon):   206036 kB
Active(file):     506848 kB
Inactive(file):   505116 kB
Unevictable:       12768 kB
Mlocked:               0 kB
SwapTotal:        720184 kB
SwapFree:         720156 kB
Dirty:                44 kB
Writeback:             0 kB
AnonPages:        980436 kB
Mapped:           661772 kB
Shmem:             35300 kB
Slab:             117192 kB
SReclaimable:      35760 kB
SUnreclaim:        81432 kB
KernelStack:       33168 kB
PageTables:        56900 kB
NFS_Unstable:          0 kB
Bounce:                0 kB
WritebackTmp:          0 kB
CommitLimit:     2172840 kB
Committed_AS:   93066320 kB
VmallocTotal:   251658176 kB
VmallocUsed:      139848 kB
VmallocChunk:   251427372 kB
Time pass: 212 sec

---2015-12-05 14:07:44
MemTotal:        2905316 kB
MemFree:           65576 kB
Buffers:           25840 kB
Cached:          1034528 kB
SwapCached:            0 kB
Active:          1318652 kB
Inactive:         711412 kB
Active(anon):     811728 kB
Inactive(anon):   206036 kB
Active(file):     506924 kB
Inactive(file):   505376 kB
Unevictable:       12768 kB
Mlocked:               0 kB
SwapTotal:        720184 kB
SwapFree:         720156 kB
Dirty:                24 kB
Writeback:             0 kB
AnonPages:        982428 kB
Mapped:           661868 kB
Shmem:             35300 kB
Slab:             120680 kB
SReclaimable:      39096 kB
SUnreclaim:        81584 kB
KernelStack:       33232 kB
PageTables:        56968 kB
NFS_Unstable:          0 kB
Bounce:                0 kB
WritebackTmp:          0 kB
CommitLimit:     2172840 kB
Committed_AS:   93077876 kB
VmallocTotal:   251658176 kB
VmallocUsed:      140868 kB
VmallocChunk:   251427372 kB
Time pass: 216 sec

---2015-12-05 14:07:44
MemTotal:        2905316 kB
MemFree:           65144 kB
Buffers:           25852 kB
Cached:          1034916 kB
SwapCached:            0 kB
Active:          1317840 kB
Inactive:         711760 kB
Active(anon):     810888 kB
Inactive(anon):   206036 kB
Active(file):     506952 kB
Inactive(file):   505724 kB
Unevictable:       12768 kB
Mlocked:               0 kB
SwapTotal:        720184 kB
SwapFree:         720156 kB
Dirty:                 0 kB
Writeback:             0 kB
AnonPages:        981796 kB
Mapped:           661988 kB
Shmem:             35300 kB
Slab:             121328 kB
SReclaimable:      39608 kB
SUnreclaim:        81720 kB
KernelStack:       33216 kB
PageTables:        56940 kB
NFS_Unstable:          0 kB
Bounce:                0 kB
WritebackTmp:          0 kB
CommitLimit:     2172840 kB
Committed_AS:   93072232 kB
VmallocTotal:   251658176 kB
VmallocUsed:      139848 kB
VmallocChunk:   251427372 kB
Time pass: 219 sec

---2015-12-05 14:07:44
MemTotal:        2905316 kB
MemFree:           64252 kB
Buffers:           25876 kB
Cached:          1034908 kB
SwapCached:            0 kB
Active:          1319376 kB
Inactive:         711792 kB
Active(anon):     812416 kB
Inactive(anon):   206036 kB
Active(file):     506960 kB
Inactive(file):   505756 kB
Unevictable:       12768 kB
Mlocked:               0 kB
SwapTotal:        720184 kB
SwapFree:         720156 kB
Dirty:                52 kB
Writeback:             0 kB
AnonPages:        983380 kB
Mapped:           661984 kB
Shmem:             35300 kB
Slab:             121420 kB
SReclaimable:      39640 kB
SUnreclaim:        81780 kB
KernelStack:       33184 kB
PageTables:        56888 kB
NFS_Unstable:          0 kB
Bounce:                0 kB
WritebackTmp:          0 kB
CommitLimit:     2172840 kB
Committed_AS:   93072732 kB
VmallocTotal:   251658176 kB
VmallocUsed:      139848 kB
VmallocChunk:   251427372 kB
Time pass: 223 sec

---2015-12-05 14:07:44
MemTotal:        2905316 kB
MemFree:           68632 kB
Buffers:           25900 kB
Cached:          1028548 kB
SwapCached:            0 kB
Active:          1317640 kB
Inactive:         709132 kB
Active(anon):     814540 kB
Inactive(anon):   205856 kB
Active(file):     503100 kB
Inactive(file):   503276 kB
Unevictable:       12768 kB
Mlocked:               0 kB
SwapTotal:        720184 kB
SwapFree:         720156 kB
Dirty:               236 kB
Writeback:             0 kB
AnonPages:        985080 kB
Mapped:           662028 kB
Shmem:             35308 kB
Slab:             121420 kB
SReclaimable:      39672 kB
SUnreclaim:        81748 kB
KernelStack:       33184 kB
PageTables:        56952 kB
NFS_Unstable:          0 kB
Bounce:                0 kB
WritebackTmp:          0 kB
CommitLimit:     2172840 kB
Committed_AS:   93073112 kB
VmallocTotal:   251658176 kB
VmallocUsed:      139848 kB
VmallocChunk:   251427372 kB
Time pass: 227 sec

---2015-12-05 14:07:44
MemTotal:        2905316 kB
MemFree:           68384 kB
Buffers:           25908 kB
Cached:          1028576 kB
SwapCached:            0 kB
Active:          1318092 kB
Inactive:         709164 kB
Active(anon):     814988 kB
Inactive(anon):   205884 kB
Active(file):     503104 kB
Inactive(file):   503280 kB
Unevictable:       12768 kB
Mlocked:               0 kB
SwapTotal:        720184 kB
SwapFree:         720156 kB
Dirty:                88 kB
Writeback:             0 kB
AnonPages:        985496 kB
Mapped:           662060 kB
Shmem:             35336 kB
Slab:             121424 kB
SReclaimable:      39672 kB
SUnreclaim:        81752 kB
KernelStack:       33184 kB
PageTables:        56956 kB
NFS_Unstable:          0 kB
Bounce:                0 kB
WritebackTmp:          0 kB
CommitLimit:     2172840 kB
Committed_AS:   93073100 kB
VmallocTotal:   251658176 kB
VmallocUsed:      139848 kB
VmallocChunk:   251427372 kB
Time pass: 231 sec

---2015-12-05 14:07:44
MemTotal:        2905316 kB
MemFree:           67588 kB
Buffers:           25908 kB
Cached:          1028584 kB
SwapCached:            0 kB
Active:          1318396 kB
Inactive:         709164 kB
Active(anon):     815284 kB
Inactive(anon):   205888 kB
Active(file):     503112 kB
Inactive(file):   503276 kB
Unevictable:       12768 kB
Mlocked:               0 kB
SwapTotal:        720184 kB
SwapFree:         720156 kB
Dirty:                 4 kB
Writeback:             0 kB
AnonPages:        985832 kB
Mapped:           662124 kB
Shmem:             35340 kB
Slab:             121420 kB
SReclaimable:      39668 kB
SUnreclaim:        81752 kB
KernelStack:       33216 kB
PageTables:        56972 kB
NFS_Unstable:          0 kB
Bounce:                0 kB
WritebackTmp:          0 kB
CommitLimit:     2172840 kB
Committed_AS:   93073100 kB
VmallocTotal:   251658176 kB
VmallocUsed:      139848 kB
VmallocChunk:   251427372 kB
Time pass: 234 sec

---2015-12-05 14:07:44
MemTotal:        2905316 kB
MemFree:           67484 kB
Buffers:           25916 kB
Cached:          1028608 kB
SwapCached:            0 kB
Active:          1318504 kB
Inactive:         709188 kB
Active(anon):     815388 kB
Inactive(anon):   205908 kB
Active(file):     503116 kB
Inactive(file):   503280 kB
Unevictable:       12768 kB
Mlocked:               0 kB
SwapTotal:        720184 kB
SwapFree:         720156 kB
Dirty:                24 kB
Writeback:             0 kB
AnonPages:        985888 kB
Mapped:           662096 kB
Shmem:             35360 kB
Slab:             121420 kB
SReclaimable:      39668 kB
SUnreclaim:        81752 kB
KernelStack:       33216 kB
PageTables:        56956 kB
NFS_Unstable:          0 kB
Bounce:                0 kB
WritebackTmp:          0 kB
CommitLimit:     2172840 kB
Committed_AS:   93073100 kB
VmallocTotal:   251658176 kB
VmallocUsed:      139848 kB
VmallocChunk:   251427372 kB
Time pass: 238 sec

---2015-12-05 14:07:44
MemTotal:        2905316 kB
MemFree:           66560 kB
Buffers:           25924 kB
Cached:          1028684 kB
SwapCached:            0 kB
Active:          1319816 kB
Inactive:         709256 kB
Active(anon):     816684 kB
Inactive(anon):   205968 kB
Active(file):     503132 kB
Inactive(file):   503288 kB
Unevictable:       12768 kB
Mlocked:               0 kB
SwapTotal:        720184 kB
SwapFree:         720156 kB
Dirty:                60 kB
Writeback:             0 kB
AnonPages:        987100 kB
Mapped:           662172 kB
Shmem:             35420 kB
Slab:             121416 kB
SReclaimable:      39668 kB
SUnreclaim:        81748 kB
KernelStack:       33232 kB
PageTables:        57008 kB
NFS_Unstable:          0 kB
Bounce:                0 kB
WritebackTmp:          0 kB
CommitLimit:     2172840 kB
Committed_AS:   93099752 kB
VmallocTotal:   251658176 kB
VmallocUsed:      139848 kB
VmallocChunk:   251427372 kB
Time pass: 242 sec

---2015-12-05 14:07:44
MemTotal:        2905316 kB
MemFree:           65080 kB
Buffers:           25924 kB
Cached:          1028968 kB
SwapCached:            0 kB
Active:          1320020 kB
Inactive:         709536 kB
Active(anon):     816884 kB
Inactive(anon):   206248 kB
Active(file):     503136 kB
Inactive(file):   503288 kB
Unevictable:       12768 kB
Mlocked:               0 kB
SwapTotal:        720184 kB
SwapFree:         720156 kB
Dirty:                 4 kB
Writeback:             0 kB
AnonPages:        987540 kB
Mapped:           662464 kB
Shmem:             35700 kB
Slab:             121416 kB
SReclaimable:      39668 kB
SUnreclaim:        81748 kB
KernelStack:       33216 kB
PageTables:        57032 kB
NFS_Unstable:          0 kB
Bounce:                0 kB
WritebackTmp:          0 kB
CommitLimit:     2172840 kB
Committed_AS:   93099752 kB
VmallocTotal:   251658176 kB
VmallocUsed:      139848 kB
VmallocChunk:   251427372 kB
Time pass: 246 sec

---2015-12-05 14:07:44
MemTotal:        2905316 kB
MemFree:           65620 kB
Buffers:           25932 kB
Cached:          1029236 kB
SwapCached:            0 kB
Active:          1319724 kB
Inactive:         709808 kB
Active(anon):     816584 kB
Inactive(anon):   206512 kB
Active(file):     503140 kB
Inactive(file):   503296 kB
Unevictable:       12768 kB
Mlocked:               0 kB
SwapTotal:        720184 kB
SwapFree:         720156 kB
Dirty:                 4 kB
Writeback:             0 kB
AnonPages:        987136 kB
Mapped:           662732 kB
Shmem:             35964 kB
Slab:             121416 kB
SReclaimable:      39668 kB
SUnreclaim:        81748 kB
KernelStack:       33216 kB
PageTables:        57008 kB
NFS_Unstable:          0 kB
Bounce:                0 kB
WritebackTmp:          0 kB
CommitLimit:     2172840 kB
Committed_AS:   93099712 kB
VmallocTotal:   251658176 kB
VmallocUsed:      139848 kB
VmallocChunk:   251427372 kB
Time pass: 250 sec

---2015-12-05 14:07:44
MemTotal:        2905316 kB
MemFree:           67656 kB
Buffers:           25952 kB
Cached:          1023760 kB
SwapCached:            0 kB
Active:          1325756 kB
Inactive:         707236 kB
Active(anon):     825516 kB
Inactive(anon):   206496 kB
Active(file):     500240 kB
Inactive(file):   500740 kB
Unevictable:       12768 kB
Mlocked:               0 kB
SwapTotal:        720184 kB
SwapFree:         720156 kB
Dirty:               108 kB
Writeback:             0 kB
AnonPages:        996172 kB
Mapped:           662308 kB
Shmem:             35964 kB
Slab:             117372 kB
SReclaimable:      35852 kB
SUnreclaim:        81520 kB
KernelStack:       33216 kB
PageTables:        57008 kB
NFS_Unstable:          0 kB
Bounce:                0 kB
WritebackTmp:          0 kB
CommitLimit:     2172840 kB
Committed_AS:   93107456 kB
VmallocTotal:   251658176 kB
VmallocUsed:      139848 kB
VmallocChunk:   251427372 kB
Time pass: 253 sec

---2015-12-05 14:07:44
MemTotal:        2905316 kB
MemFree:           71196 kB
Buffers:           25968 kB
Cached:          1023252 kB
SwapCached:            0 kB
Active:          1322960 kB
Inactive:         706672 kB
Active(anon):     822648 kB
Inactive(anon):   205828 kB
Active(file):     500312 kB
Inactive(file):   500844 kB
Unevictable:       12768 kB
Mlocked:               0 kB
SwapTotal:        720184 kB
SwapFree:         720156 kB
Dirty:               224 kB
Writeback:             0 kB
AnonPages:        993240 kB
Mapped:           661752 kB
Shmem:             35296 kB
Slab:             117304 kB
SReclaimable:      35884 kB
SUnreclaim:        81420 kB
KernelStack:       33184 kB
PageTables:        56976 kB
NFS_Unstable:          0 kB
Bounce:                0 kB
WritebackTmp:          0 kB
CommitLimit:     2172840 kB
Committed_AS:   93109568 kB
VmallocTotal:   251658176 kB
VmallocUsed:      139848 kB
VmallocChunk:   251427372 kB
Time pass: 257 sec

---2015-12-05 14:07:44
MemTotal:        2905316 kB
MemFree:           70064 kB
Buffers:           25976 kB
Cached:          1023264 kB
SwapCached:            0 kB
Active:          1324148 kB
Inactive:         706688 kB
Active(anon):     823832 kB
Inactive(anon):   205836 kB
Active(file):     500316 kB
Inactive(file):   500852 kB
Unevictable:       12768 kB
Mlocked:               0 kB
SwapTotal:        720184 kB
SwapFree:         720156 kB
Dirty:                64 kB
Writeback:             0 kB
AnonPages:        994396 kB
Mapped:           661764 kB
Shmem:             35304 kB
Slab:             117336 kB
SReclaimable:      35916 kB
SUnreclaim:        81420 kB
KernelStack:       33184 kB
PageTables:        56972 kB
NFS_Unstable:          0 kB
Bounce:                0 kB
WritebackTmp:          0 kB
CommitLimit:     2172840 kB
Committed_AS:   93109488 kB
VmallocTotal:   251658176 kB
VmallocUsed:      139848 kB
VmallocChunk:   251427372 kB
Time pass: 261 sec

---2015-12-05 14:07:44
MemTotal:        2905316 kB
MemFree:           68060 kB
Buffers:           25984 kB
Cached:          1023300 kB
SwapCached:            0 kB
Active:          1325736 kB
Inactive:         706728 kB
Active(anon):     825420 kB
Inactive(anon):   205844 kB
Active(file):     500316 kB
Inactive(file):   500884 kB
Unevictable:       12768 kB
Mlocked:               0 kB
SwapTotal:        720184 kB
SwapFree:         720156 kB
Dirty:                44 kB
Writeback:             0 kB
AnonPages:        995860 kB
Mapped:           661780 kB
Shmem:             35312 kB
Slab:             117336 kB
SReclaimable:      35916 kB
SUnreclaim:        81420 kB
KernelStack:       33152 kB
PageTables:        56976 kB
NFS_Unstable:          0 kB
Bounce:                0 kB
WritebackTmp:          0 kB
CommitLimit:     2172840 kB
Committed_AS:   93109584 kB
VmallocTotal:   251658176 kB
VmallocUsed:      139848 kB
VmallocChunk:   251427372 kB
Time pass: 265 sec

---2015-12-05 14:07:44
MemTotal:        2905316 kB
MemFree:           66596 kB
Buffers:           26016 kB
Cached:          1023320 kB
SwapCached:            0 kB
Active:          1327404 kB
Inactive:         706752 kB
Active(anon):     827056 kB
Inactive(anon):   205848 kB
Active(file):     500348 kB
Inactive(file):   500904 kB
Unevictable:       12768 kB
Mlocked:               0 kB
SwapTotal:        720184 kB
SwapFree:         720156 kB
Dirty:                80 kB
Writeback:             0 kB
AnonPages:        997680 kB
Mapped:           661792 kB
Shmem:             35316 kB
Slab:             117336 kB
SReclaimable:      35916 kB
SUnreclaim:        81420 kB
KernelStack:       33184 kB
PageTables:        56972 kB
NFS_Unstable:          0 kB
Bounce:                0 kB
WritebackTmp:          0 kB
CommitLimit:     2172840 kB
Committed_AS:   93109592 kB
VmallocTotal:   251658176 kB
VmallocUsed:      139848 kB
VmallocChunk:   251427372 kB
Time pass: 269 sec

---2015-12-05 14:07:44
MemTotal:        2905316 kB
MemFree:           64564 kB
Buffers:           26024 kB
Cached:          1023436 kB
SwapCached:            0 kB
Active:          1328468 kB
Inactive:         706864 kB
Active(anon):     828108 kB
Inactive(anon):   205908 kB
Active(file):     500360 kB
Inactive(file):   500956 kB
Unevictable:       12768 kB
Mlocked:               0 kB
SwapTotal:        720184 kB
SwapFree:         720156 kB
Dirty:               120 kB
Writeback:             0 kB
AnonPages:        998460 kB
Mapped:           661864 kB
Shmem:             35376 kB
Slab:             117344 kB
SReclaimable:      35916 kB
SUnreclaim:        81428 kB
KernelStack:       33168 kB
PageTables:        57024 kB
NFS_Unstable:          0 kB
Bounce:                0 kB
WritebackTmp:          0 kB
CommitLimit:     2172840 kB
Committed_AS:   93136208 kB
VmallocTotal:   251658176 kB
VmallocUsed:      139848 kB
VmallocChunk:   251427372 kB
Time pass: 272 sec

---2015-12-05 14:07:44
MemTotal:        2905316 kB
MemFree:           69916 kB
Buffers:           26032 kB
Cached:          1023536 kB
SwapCached:            0 kB
Active:          1323600 kB
Inactive:         706964 kB
Active(anon):     823236 kB
Inactive(anon):   205904 kB
Active(file):     500364 kB
Inactive(file):   501060 kB
Unevictable:       12768 kB
Mlocked:               0 kB
SwapTotal:        720184 kB
SwapFree:         720156 kB
Dirty:                24 kB
Writeback:             0 kB
AnonPages:        993468 kB
Mapped:           661960 kB
Shmem:             35376 kB
Slab:             117344 kB
SReclaimable:      35916 kB
SUnreclaim:        81428 kB
KernelStack:       33152 kB
PageTables:        57048 kB
NFS_Unstable:          0 kB
Bounce:                0 kB
WritebackTmp:          0 kB
CommitLimit:     2172840 kB
Committed_AS:   93136196 kB
VmallocTotal:   251658176 kB
VmallocUsed:      139848 kB
VmallocChunk:   251427372 kB
Time pass: 276 sec

---2015-12-05 14:07:44
MemTotal:        2905316 kB
MemFree:           76044 kB
Buffers:           26032 kB
Cached:          1023540 kB
SwapCached:            0 kB
Active:          1317348 kB
Inactive:         706964 kB
Active(anon):     816980 kB
Inactive(anon):   205904 kB
Active(file):     500368 kB
Inactive(file):   501060 kB
Unevictable:       12768 kB
Mlocked:               0 kB
SwapTotal:        720184 kB
SwapFree:         720156 kB
Dirty:                 4 kB
Writeback:             0 kB
AnonPages:        987456 kB
Mapped:           661908 kB
Shmem:             35376 kB
Slab:             117344 kB
SReclaimable:      35916 kB
SUnreclaim:        81428 kB
KernelStack:       33152 kB
PageTables:        57024 kB
NFS_Unstable:          0 kB
Bounce:                0 kB
WritebackTmp:          0 kB
CommitLimit:     2172840 kB
Committed_AS:   93136244 kB
VmallocTotal:   251658176 kB
VmallocUsed:      139848 kB
VmallocChunk:   251427372 kB
Time pass: 280 sec

---2015-12-05 14:07:44
MemTotal:        2905316 kB
MemFree:           74284 kB
Buffers:           26048 kB
Cached:          1023572 kB
SwapCached:            0 kB
Active:          1319448 kB
Inactive:         707000 kB
Active(anon):     819072 kB
Inactive(anon):   205904 kB
Active(file):     500376 kB
Inactive(file):   501096 kB
Unevictable:       12768 kB
Mlocked:               0 kB
SwapTotal:        720184 kB
SwapFree:         720156 kB
Dirty:               104 kB
Writeback:             0 kB
AnonPages:        989440 kB
Mapped:           661980 kB
Shmem:             35376 kB
Slab:             117316 kB
SReclaimable:      35916 kB
SUnreclaim:        81400 kB
KernelStack:       33152 kB
PageTables:        57048 kB
NFS_Unstable:          0 kB
Bounce:                0 kB
WritebackTmp:          0 kB
CommitLimit:     2172840 kB
Committed_AS:   93136208 kB
VmallocTotal:   251658176 kB
VmallocUsed:      139848 kB
VmallocChunk:   251427372 kB
Time pass: 283 sec

---2015-12-05 14:07:44
MemTotal:        2905316 kB
MemFree:           73040 kB
Buffers:           26056 kB
Cached:          1023600 kB
SwapCached:            0 kB
Active:          1319636 kB
Inactive:         707032 kB
Active(anon):     819252 kB
Inactive(anon):   205932 kB
Active(file):     500384 kB
Inactive(file):   501100 kB
Unevictable:       12768 kB
Mlocked:               0 kB
SwapTotal:        720184 kB
SwapFree:         720156 kB
Dirty:                56 kB
Writeback:             0 kB
AnonPages:        989976 kB
Mapped:           662016 kB
Shmem:             35404 kB
Slab:             117316 kB
SReclaimable:      35916 kB
SUnreclaim:        81400 kB
KernelStack:       33152 kB
PageTables:        57044 kB
NFS_Unstable:          0 kB
Bounce:                0 kB
WritebackTmp:          0 kB
CommitLimit:     2172840 kB
Committed_AS:   93136208 kB
VmallocTotal:   251658176 kB
VmallocUsed:      139848 kB
VmallocChunk:   251427372 kB
Time pass: 287 sec

---2015-12-05 14:07:44
MemTotal:        2905316 kB
MemFree:           73056 kB
Buffers:           26056 kB
Cached:          1023604 kB
SwapCached:            0 kB
Active:          1320012 kB
Inactive:         707036 kB
Active(anon):     819628 kB
Inactive(anon):   205932 kB
Active(file):     500384 kB
Inactive(file):   501104 kB
Unevictable:       12768 kB
Mlocked:               0 kB
SwapTotal:        720184 kB
SwapFree:         720156 kB
Dirty:                 8 kB
Writeback:             0 kB
AnonPages:        990160 kB
Mapped:           662016 kB
Shmem:             35404 kB
Slab:             117312 kB
SReclaimable:      35916 kB
SUnreclaim:        81396 kB
KernelStack:       33152 kB
PageTables:        57044 kB
NFS_Unstable:          0 kB
Bounce:                0 kB
WritebackTmp:          0 kB
CommitLimit:     2172840 kB
Committed_AS:   93136208 kB
VmallocTotal:   251658176 kB
VmallocUsed:      139848 kB
VmallocChunk:   251427372 kB
Time pass: 291 sec

---2015-12-05 14:07:44
MemTotal:        2905316 kB
MemFree:           72620 kB
Buffers:           26080 kB
Cached:          1023640 kB
SwapCached:            0 kB
Active:          1320604 kB
Inactive:         707084 kB
Active(anon):     820208 kB
Inactive(anon):   205936 kB
Active(file):     500396 kB
Inactive(file):   501148 kB
Unevictable:       12768 kB
Mlocked:               0 kB
SwapTotal:        720184 kB
SwapFree:         720156 kB
Dirty:                72 kB
Writeback:             0 kB
AnonPages:        990560 kB
Mapped:           662020 kB
Shmem:             35408 kB
Slab:             117312 kB
SReclaimable:      35916 kB
SUnreclaim:        81396 kB
KernelStack:       33120 kB
PageTables:        57048 kB
NFS_Unstable:          0 kB
Bounce:                0 kB
WritebackTmp:          0 kB
CommitLimit:     2172840 kB
Committed_AS:   93136196 kB
VmallocTotal:   251658176 kB
VmallocUsed:      139848 kB
VmallocChunk:   251427372 kB
Time pass: 295 sec

---2015-12-05 14:07:44
MemTotal:        2905316 kB
MemFree:           72124 kB
Buffers:           26088 kB
Cached:          1023644 kB
SwapCached:            0 kB
Active:          1321160 kB
Inactive:         707092 kB
Active(anon):     820764 kB
Inactive(anon):   205936 kB
Active(file):     500396 kB
Inactive(file):   501156 kB
Unevictable:       12768 kB
Mlocked:               0 kB
SwapTotal:        720184 kB
SwapFree:         720156 kB
Dirty:                 0 kB
Writeback:            24 kB
AnonPages:        991164 kB
Mapped:           662044 kB
Shmem:             35412 kB
Slab:             117312 kB
SReclaimable:      35916 kB
SUnreclaim:        81396 kB
KernelStack:       33216 kB
PageTables:        57064 kB
NFS_Unstable:          0 kB
Bounce:                0 kB
WritebackTmp:          0 kB
CommitLimit:     2172840 kB
Committed_AS:   93136208 kB
VmallocTotal:   251658176 kB
VmallocUsed:      139848 kB
VmallocChunk:   251427372 kB
Time pass: 299 sec

---2015-12-05 14:07:44
MemTotal:        2905316 kB
MemFree:           71504 kB
Buffers:           26088 kB
Cached:          1023728 kB
SwapCached:            0 kB
Active:          1321656 kB
Inactive:         707172 kB
Active(anon):     821252 kB
Inactive(anon):   206000 kB
Active(file):     500404 kB
Inactive(file):   501172 kB
Unevictable:       12768 kB
Mlocked:               0 kB
SwapTotal:        720184 kB
SwapFree:         720156 kB
Dirty:                 4 kB
Writeback:             0 kB
AnonPages:        991664 kB
Mapped:           662072 kB
Shmem:             35472 kB
Slab:             117264 kB
SReclaimable:      35868 kB
SUnreclaim:        81396 kB
KernelStack:       33104 kB
PageTables:        57104 kB
NFS_Unstable:          0 kB
Bounce:                0 kB
WritebackTmp:          0 kB
CommitLimit:     2172840 kB
Committed_AS:   93162772 kB
VmallocTotal:   251658176 kB
VmallocUsed:      139848 kB
VmallocChunk:   251427372 kB
Time pass: 302 sec

---2015-12-05 14:07:44
MemTotal:        2905316 kB
MemFree:           70980 kB
Buffers:           26112 kB
Cached:          1023760 kB
SwapCached:            0 kB
Active:          1322192 kB
Inactive:         707228 kB
Active(anon):     821788 kB
Inactive(anon):   206000 kB
Active(file):     500404 kB
Inactive(file):   501228 kB
Unevictable:       12768 kB
Mlocked:               0 kB
SwapTotal:        720184 kB
SwapFree:         720156 kB
Dirty:               116 kB
Writeback:             0 kB
AnonPages:        992172 kB
Mapped:           662100 kB
Shmem:             35472 kB
Slab:             117264 kB
SReclaimable:      35868 kB
SUnreclaim:        81396 kB
KernelStack:       33104 kB
PageTables:        57104 kB
NFS_Unstable:          0 kB
Bounce:                0 kB
WritebackTmp:          0 kB
CommitLimit:     2172840 kB
Committed_AS:   93162748 kB
VmallocTotal:   251658176 kB
VmallocUsed:      139848 kB
VmallocChunk:   251427372 kB
Time pass: 306 sec

---2015-12-05 14:07:44
MemTotal:        2905316 kB
MemFree:           70408 kB
Buffers:           26120 kB
Cached:          1023784 kB
SwapCached:            0 kB
Active:          1322628 kB
Inactive:         707248 kB
Active(anon):     822216 kB
Inactive(anon):   206000 kB
Active(file):     500412 kB
Inactive(file):   501248 kB
Unevictable:       12768 kB
Mlocked:               0 kB
SwapTotal:        720184 kB
SwapFree:         720156 kB
Dirty:                 4 kB
Writeback:             0 kB
AnonPages:        992588 kB
Mapped:           662112 kB
Shmem:             35476 kB
Slab:             117260 kB
SReclaimable:      35868 kB
SUnreclaim:        81392 kB
KernelStack:       33056 kB
PageTables:        57100 kB
NFS_Unstable:          0 kB
Bounce:                0 kB
WritebackTmp:          0 kB
CommitLimit:     2172840 kB
Committed_AS:   93162640 kB
VmallocTotal:   251658176 kB
VmallocUsed:      139848 kB
VmallocChunk:   251427372 kB
Time pass: 310 sec

---2015-12-05 14:07:44
MemTotal:        2905316 kB
MemFree:           69868 kB
Buffers:           26120 kB
Cached:          1023804 kB
SwapCached:            0 kB
Active:          1322828 kB
Inactive:         707268 kB
Active(anon):     822412 kB
Inactive(anon):   206012 kB
Active(file):     500416 kB
Inactive(file):   501256 kB
Unevictable:       12768 kB
Mlocked:               0 kB
SwapTotal:        720184 kB
SwapFree:         720156 kB
Dirty:                 4 kB
Writeback:             0 kB
AnonPages:        992916 kB
Mapped:           662132 kB
Shmem:             35484 kB
Slab:             117260 kB
SReclaimable:      35868 kB
SUnreclaim:        81392 kB
KernelStack:       32992 kB
PageTables:        57096 kB
NFS_Unstable:          0 kB
Bounce:                0 kB
WritebackTmp:          0 kB
CommitLimit:     2172840 kB
Committed_AS:   93162624 kB
VmallocTotal:   251658176 kB
VmallocUsed:      139848 kB
VmallocChunk:   251427372 kB
Time pass: 314 sec

---2015-12-05 14:07:44
MemTotal:        2905316 kB
MemFree:           69648 kB
Buffers:           26144 kB
Cached:          1023816 kB
SwapCached:            0 kB
Active:          1323616 kB
Inactive:         707300 kB
Active(anon):     823200 kB
Inactive(anon):   206012 kB
Active(file):     500416 kB
Inactive(file):   501288 kB
Unevictable:       12768 kB
Mlocked:               0 kB
SwapTotal:        720184 kB
SwapFree:         720156 kB
Dirty:                76 kB
Writeback:             0 kB
AnonPages:        993628 kB
Mapped:           662168 kB
Shmem:             35484 kB
Slab:             117260 kB
SReclaimable:      35868 kB
SUnreclaim:        81392 kB
KernelStack:       33024 kB
PageTables:        57100 kB
NFS_Unstable:          0 kB
Bounce:                0 kB
WritebackTmp:          0 kB
CommitLimit:     2172840 kB
Committed_AS:   93162648 kB
VmallocTotal:   251658176 kB
VmallocUsed:      139848 kB
VmallocChunk:   251427372 kB
Time pass: 318 sec

---2015-12-05 14:07:44
MemTotal:        2905316 kB
MemFree:           69340 kB
Buffers:           26144 kB
Cached:          1023864 kB
SwapCached:            0 kB
Active:          1323796 kB
Inactive:         707344 kB
Active(anon):     823372 kB
Inactive(anon):   206040 kB
Active(file):     500424 kB
Inactive(file):   501304 kB
Unevictable:       12768 kB
Mlocked:               0 kB
SwapTotal:        720184 kB
SwapFree:         720156 kB
Dirty:                12 kB
Writeback:             0 kB
AnonPages:        993696 kB
Mapped:           662196 kB
Shmem:             35512 kB
Slab:             117260 kB
SReclaimable:      35868 kB
SUnreclaim:        81392 kB
KernelStack:       32992 kB
PageTables:        57100 kB
NFS_Unstable:          0 kB
Bounce:                0 kB
WritebackTmp:          0 kB
CommitLimit:     2172840 kB
Committed_AS:   93162580 kB
VmallocTotal:   251658176 kB
VmallocUsed:      139848 kB
VmallocChunk:   251427372 kB
Time pass: 321 sec

---2015-12-05 14:07:44
MemTotal:        2905316 kB
MemFree:           69192 kB
Buffers:           26160 kB
Cached:          1023872 kB
SwapCached:            0 kB
Active:          1323692 kB
Inactive:         707368 kB
Active(anon):     823268 kB
Inactive(anon):   206040 kB
Active(file):     500424 kB
Inactive(file):   501328 kB
Unevictable:       12768 kB
Mlocked:               0 kB
SwapTotal:        720184 kB
SwapFree:         720156 kB
Dirty:                68 kB
Writeback:             0 kB
AnonPages:        993928 kB
Mapped:           662152 kB
Shmem:             35512 kB
Slab:             117256 kB
SReclaimable:      35868 kB
SUnreclaim:        81388 kB
KernelStack:       32992 kB
PageTables:        57076 kB
NFS_Unstable:          0 kB
Bounce:                0 kB
WritebackTmp:          0 kB
CommitLimit:     2172840 kB
Committed_AS:   93162568 kB
VmallocTotal:   251658176 kB
VmallocUsed:      139848 kB
VmallocChunk:   251427372 kB
Time pass: 325 sec

---2015-12-05 14:07:44
MemTotal:        2905316 kB
MemFree:           67824 kB
Buffers:           26184 kB
Cached:          1023900 kB
SwapCached:            0 kB
Active:          1324504 kB
Inactive:         707416 kB
Active(anon):     824076 kB
Inactive(anon):   206040 kB
Active(file):     500428 kB
Inactive(file):   501376 kB
Unevictable:       12768 kB
Mlocked:               0 kB
SwapTotal:        720184 kB
SwapFree:         720156 kB
Dirty:                12 kB
Writeback:             0 kB
AnonPages:        994624 kB
Mapped:           662228 kB
Shmem:             35512 kB
Slab:             117256 kB
SReclaimable:      35868 kB
SUnreclaim:        81388 kB
KernelStack:       33008 kB
PageTables:        57100 kB
NFS_Unstable:          0 kB
Bounce:                0 kB
WritebackTmp:          0 kB
CommitLimit:     2172840 kB
Committed_AS:   93162580 kB
VmallocTotal:   251658176 kB
VmallocUsed:      139848 kB
VmallocChunk:   251427372 kB
Time pass: 329 sec

---2015-12-05 14:07:44
MemTotal:        2905316 kB
MemFree:           67412 kB
Buffers:           26184 kB
Cached:          1023964 kB
SwapCached:            0 kB
Active:          1325164 kB
Inactive:         707472 kB
Active(anon):     824728 kB
Inactive(anon):   206100 kB
Active(file):     500436 kB
Inactive(file):   501372 kB
Unevictable:       12768 kB
Mlocked:               0 kB
SwapTotal:        720184 kB
SwapFree:         720156 kB
Dirty:                16 kB
Writeback:             0 kB
AnonPages:        995400 kB
Mapped:           662300 kB
Shmem:             35572 kB
Slab:             117256 kB
SReclaimable:      35868 kB
SUnreclaim:        81388 kB
KernelStack:       32928 kB
PageTables:        57152 kB
NFS_Unstable:          0 kB
Bounce:                0 kB
WritebackTmp:          0 kB
CommitLimit:     2172840 kB
Committed_AS:   93189460 kB
VmallocTotal:   251658176 kB
VmallocUsed:      139848 kB
VmallocChunk:   251427372 kB
Time pass: 333 sec

---2015-12-05 14:07:44
MemTotal:        2905316 kB
MemFree:           67732 kB
Buffers:           26192 kB
Cached:          1023968 kB
SwapCached:            0 kB
Active:          1324796 kB
Inactive:         707484 kB
Active(anon):     824360 kB
Inactive(anon):   206104 kB
Active(file):     500436 kB
Inactive(file):   501380 kB
Unevictable:       12768 kB
Mlocked:               0 kB
SwapTotal:        720184 kB
SwapFree:         720156 kB
Dirty:                56 kB
Writeback:             0 kB
AnonPages:        994888 kB
Mapped:           662312 kB
Shmem:             35576 kB
Slab:             117256 kB
SReclaimable:      35868 kB
SUnreclaim:        81388 kB
KernelStack:       32976 kB
PageTables:        57152 kB
NFS_Unstable:          0 kB
Bounce:                0 kB
WritebackTmp:          0 kB
CommitLimit:     2172840 kB
Committed_AS:   93189472 kB
VmallocTotal:   251658176 kB
VmallocUsed:      139848 kB
VmallocChunk:   251427372 kB
Time pass: 337 sec

---2015-12-05 14:07:44
MemTotal:        2905316 kB
MemFree:           67892 kB
Buffers:           26200 kB
Cached:          1023972 kB
SwapCached:            0 kB
Active:          1325020 kB
Inactive:         707492 kB
Active(anon):     824580 kB
Inactive(anon):   206104 kB
Active(file):     500440 kB
Inactive(file):   501388 kB
Unevictable:       12768 kB
Mlocked:               0 kB
SwapTotal:        720184 kB
SwapFree:         720156 kB
Dirty:                16 kB
Writeback:             0 kB
AnonPages:        995348 kB
Mapped:           662256 kB
Shmem:             35576 kB
Slab:             117256 kB
SReclaimable:      35868 kB
SUnreclaim:        81388 kB
KernelStack:       32976 kB
PageTables:        57132 kB
NFS_Unstable:          0 kB
Bounce:                0 kB
WritebackTmp:          0 kB
CommitLimit:     2172840 kB
Committed_AS:   93189448 kB
VmallocTotal:   251658176 kB
VmallocUsed:      139848 kB
VmallocChunk:   251427372 kB
Time pass: 340 sec

---2015-12-05 14:07:44
MemTotal:        2905316 kB
MemFree:           67060 kB
Buffers:           26216 kB
Cached:          1024000 kB
SwapCached:            0 kB
Active:          1325696 kB
Inactive:         707528 kB
Active(anon):     825248 kB
Inactive(anon):   206104 kB
Active(file):     500448 kB
Inactive(file):   501424 kB
Unevictable:       12768 kB
Mlocked:               0 kB
SwapTotal:        720184 kB
SwapFree:         720156 kB
Dirty:               108 kB
Writeback:             0 kB
AnonPages:        995628 kB
Mapped:           662332 kB
Shmem:             35576 kB
Slab:             117256 kB
SReclaimable:      35868 kB
SUnreclaim:        81388 kB
KernelStack:       32992 kB
PageTables:        57180 kB
NFS_Unstable:          0 kB
Bounce:                0 kB
WritebackTmp:          0 kB
CommitLimit:     2172840 kB
Committed_AS:   93189460 kB
VmallocTotal:   251658176 kB
VmallocUsed:      139848 kB
VmallocChunk:   251427372 kB
Time pass: 344 sec

---2015-12-05 14:07:44
MemTotal:        2905316 kB
MemFree:           66376 kB
Buffers:           26224 kB
Cached:          1024008 kB
SwapCached:            0 kB
Active:          1325580 kB
Inactive:         707544 kB
Active(anon):     825132 kB
Inactive(anon):   206108 kB
Active(file):     500448 kB
Inactive(file):   501436 kB
Unevictable:       12768 kB
Mlocked:               0 kB
SwapTotal:        720184 kB
SwapFree:         720156 kB
Dirty:                56 kB
Writeback:             0 kB
AnonPages:        995796 kB
Mapped:           662344 kB
Shmem:             35580 kB
Slab:             117256 kB
SReclaimable:      35868 kB
SUnreclaim:        81388 kB
KernelStack:       32992 kB
PageTables:        57180 kB
NFS_Unstable:          0 kB
Bounce:                0 kB
WritebackTmp:          0 kB
CommitLimit:     2172840 kB
Committed_AS:   93189484 kB
VmallocTotal:   251658176 kB
VmallocUsed:      139848 kB
VmallocChunk:   251427372 kB
Time pass: 348 sec

---2015-12-05 14:07:44
MemTotal:        2905316 kB
MemFree:           66492 kB
Buffers:           26232 kB
Cached:          1024000 kB
SwapCached:            0 kB
Active:          1325804 kB
Inactive:         707540 kB
Active(anon):     825352 kB
Inactive(anon):   206108 kB
Active(file):     500452 kB
Inactive(file):   501432 kB
Unevictable:       12768 kB
Mlocked:               0 kB
SwapTotal:        720184 kB
SwapFree:         720156 kB
Dirty:                 4 kB
Writeback:             0 kB
AnonPages:        996016 kB
Mapped:           662348 kB
Shmem:             35580 kB
Slab:             117256 kB
SReclaimable:      35868 kB
SUnreclaim:        81388 kB
KernelStack:       32976 kB
PageTables:        57184 kB
NFS_Unstable:          0 kB
Bounce:                0 kB
WritebackTmp:          0 kB
CommitLimit:     2172840 kB
Committed_AS:   93189432 kB
VmallocTotal:   251658176 kB
VmallocUsed:      139848 kB
VmallocChunk:   251427372 kB
Time pass: 352 sec

---2015-12-05 14:07:44
MemTotal:        2905316 kB
MemFree:           65708 kB
Buffers:           26248 kB
Cached:          1024076 kB
SwapCached:            0 kB
Active:          1326740 kB
Inactive:         707616 kB
Active(anon):     826272 kB
Inactive(anon):   206136 kB
Active(file):     500468 kB
Inactive(file):   501480 kB
Unevictable:       12768 kB
Mlocked:               0 kB
SwapTotal:        720184 kB
SwapFree:         720156 kB
Dirty:                28 kB
Writeback:             0 kB
AnonPages:        996960 kB
Mapped:           662376 kB
Shmem:             35608 kB
Slab:             117256 kB
SReclaimable:      35868 kB
SUnreclaim:        81388 kB
KernelStack:       33008 kB
PageTables:        57180 kB
NFS_Unstable:          0 kB
Bounce:                0 kB
WritebackTmp:          0 kB
CommitLimit:     2172840 kB
Committed_AS:   93189516 kB
VmallocTotal:   251658176 kB
VmallocUsed:      139848 kB
VmallocChunk:   251427372 kB
Time pass: 355 sec

---2015-12-05 14:07:44
MemTotal:        2905316 kB
MemFree:           65052 kB
Buffers:           26256 kB
Cached:          1024084 kB
SwapCached:            0 kB
Active:          1327116 kB
Inactive:         707632 kB
Active(anon):     826648 kB
Inactive(anon):   206140 kB
Active(file):     500468 kB
Inactive(file):   501492 kB
Unevictable:       12768 kB
Mlocked:               0 kB
SwapTotal:        720184 kB
SwapFree:         720156 kB
Dirty:                76 kB
Writeback:             0 kB
AnonPages:        997304 kB
Mapped:           662388 kB
Shmem:             35612 kB
Slab:             117224 kB
SReclaimable:      35836 kB
SUnreclaim:        81388 kB
KernelStack:       32992 kB
PageTables:        57180 kB
NFS_Unstable:          0 kB
Bounce:                0 kB
WritebackTmp:          0 kB
CommitLimit:     2172840 kB
Committed_AS:   93189500 kB
VmallocTotal:   251658176 kB
VmallocUsed:      139848 kB
VmallocChunk:   251427372 kB
Time pass: 359 sec

---2015-12-05 14:07:44
MemTotal:        2905316 kB
MemFree:           63936 kB
Buffers:           26264 kB
Cached:          1024256 kB
SwapCached:            0 kB
Active:          1328300 kB
Inactive:         707796 kB
Active(anon):     827820 kB
Inactive(anon):   206200 kB
Active(file):     500480 kB
Inactive(file):   501596 kB
Unevictable:       12768 kB
Mlocked:               0 kB
SwapTotal:        720184 kB
SwapFree:         720156 kB
Dirty:               104 kB
Writeback:             0 kB
AnonPages:        998372 kB
Mapped:           662500 kB
Shmem:             35672 kB
Slab:             117224 kB
SReclaimable:      35836 kB
SUnreclaim:        81388 kB
KernelStack:       33024 kB
PageTables:        57244 kB
NFS_Unstable:          0 kB
Bounce:                0 kB
WritebackTmp:          0 kB
CommitLimit:     2172840 kB
Committed_AS:   93216108 kB
VmallocTotal:   251658176 kB
VmallocUsed:      139848 kB
VmallocChunk:   251427372 kB
Time pass: 363 sec

---2015-12-05 14:07:44
MemTotal:        2905316 kB
MemFree:           63704 kB
Buffers:           26288 kB
Cached:          1024292 kB
SwapCached:            0 kB
Active:          1328920 kB
Inactive:         707856 kB
Active(anon):     828436 kB
Inactive(anon):   206200 kB
Active(file):     500484 kB
Inactive(file):   501656 kB
Unevictable:       12768 kB
Mlocked:               0 kB
SwapTotal:        720184 kB
SwapFree:         720156 kB
Dirty:               120 kB
Writeback:             0 kB
AnonPages:        998908 kB
Mapped:           662440 kB
Shmem:             35672 kB
Slab:             117224 kB
SReclaimable:      35836 kB
SUnreclaim:        81388 kB
KernelStack:       33024 kB
PageTables:        57164 kB
NFS_Unstable:          0 kB
Bounce:                0 kB
WritebackTmp:          0 kB
CommitLimit:     2172840 kB
Committed_AS:   93216140 kB
VmallocTotal:   251658176 kB
VmallocUsed:      139848 kB
VmallocChunk:   251427372 kB
Time pass: 366 sec

---2015-12-05 14:07:44
MemTotal:        2905316 kB
MemFree:           67136 kB
Buffers:           25976 kB
Cached:          1020868 kB
SwapCached:            0 kB
Active:          1326576 kB
Inactive:         706492 kB
Active(anon):     827440 kB
Inactive(anon):   207224 kB
Active(file):     499136 kB
Inactive(file):   499268 kB
Unevictable:       12768 kB
Mlocked:               0 kB
SwapTotal:        720184 kB
SwapFree:         720156 kB
Dirty:                 4 kB
Writeback:             0 kB
AnonPages:        999104 kB
Mapped:           662432 kB
Shmem:             35672 kB
Slab:             117204 kB
SReclaimable:      35820 kB
SUnreclaim:        81384 kB
KernelStack:       32992 kB
PageTables:        57164 kB
NFS_Unstable:          0 kB
Bounce:                0 kB
WritebackTmp:          0 kB
CommitLimit:     2172840 kB
Committed_AS:   93216112 kB
VmallocTotal:   251658176 kB
VmallocUsed:      139848 kB
VmallocChunk:   251427372 kB
Time pass: 370 sec

---2015-12-05 14:07:44
MemTotal:        2905316 kB
MemFree:           67628 kB
Buffers:           25976 kB
Cached:          1020876 kB
SwapCached:            0 kB
Active:          1326680 kB
Inactive:         706500 kB
Active(anon):     827544 kB
Inactive(anon):   207224 kB
Active(file):     499136 kB
Inactive(file):   499276 kB
Unevictable:       12768 kB
Mlocked:               0 kB
SwapTotal:        720184 kB
SwapFree:         720156 kB
Dirty:                52 kB
Writeback:             0 kB
AnonPages:        999156 kB
Mapped:           662436 kB
Shmem:             35672 kB
Slab:             117204 kB
SReclaimable:      35820 kB
SUnreclaim:        81384 kB
KernelStack:       32992 kB
PageTables:        57160 kB
NFS_Unstable:          0 kB
Bounce:                0 kB
WritebackTmp:          0 kB
CommitLimit:     2172840 kB
Committed_AS:   93216084 kB
VmallocTotal:   251658176 kB
VmallocUsed:      139848 kB
VmallocChunk:   251427372 kB
Time pass: 374 sec

---2015-12-05 14:07:44
MemTotal:        2905316 kB
MemFree:           67080 kB
Buffers:           26000 kB
Cached:          1020908 kB
SwapCached:            0 kB
Active:          1327388 kB
Inactive:         706544 kB
Active(anon):     828240 kB
Inactive(anon):   207224 kB
Active(file):     499148 kB
Inactive(file):   499320 kB
Unevictable:       12768 kB
Mlocked:               0 kB
SwapTotal:        720184 kB
SwapFree:         720156 kB
Dirty:                96 kB
Writeback:             0 kB
AnonPages:        999732 kB
Mapped:           662472 kB
Shmem:             35672 kB
Slab:             117204 kB
SReclaimable:      35820 kB
SUnreclaim:        81384 kB
KernelStack:       32944 kB
PageTables:        57164 kB
NFS_Unstable:          0 kB
Bounce:                0 kB
WritebackTmp:          0 kB
CommitLimit:     2172840 kB
Committed_AS:   93216096 kB
VmallocTotal:   251658176 kB
VmallocUsed:      139848 kB
VmallocChunk:   251427372 kB
Time pass: 378 sec

---2015-12-05 14:07:44
MemTotal:        2905316 kB
MemFree:           66676 kB
Buffers:           26000 kB
Cached:          1020912 kB
SwapCached:            0 kB
Active:          1327520 kB
Inactive:         706544 kB
Active(anon):     828372 kB
Inactive(anon):   207224 kB
Active(file):     499148 kB
Inactive(file):   499320 kB
Unevictable:       12768 kB
Mlocked:               0 kB
SwapTotal:        720184 kB
SwapFree:         720156 kB
Dirty:                 8 kB
Writeback:             0 kB
AnonPages:        999904 kB
Mapped:           662480 kB
Shmem:             35672 kB
Slab:             117204 kB
SReclaimable:      35820 kB
SUnreclaim:        81384 kB
KernelStack:       32976 kB
PageTables:        57168 kB
NFS_Unstable:          0 kB
Bounce:                0 kB
WritebackTmp:          0 kB
CommitLimit:     2172840 kB
Committed_AS:   93216072 kB
VmallocTotal:   251658176 kB
VmallocUsed:      139848 kB
VmallocChunk:   251427372 kB
Time pass: 382 sec

---2015-12-05 14:07:44
MemTotal:        2905316 kB
MemFree:           66172 kB
Buffers:           26008 kB
Cached:          1020916 kB
SwapCached:            0 kB
Active:          1327484 kB
Inactive:         706556 kB
Active(anon):     828332 kB
Inactive(anon):   207228 kB
Active(file):     499152 kB
Inactive(file):   499328 kB
Unevictable:       12768 kB
Mlocked:               0 kB
SwapTotal:        720184 kB
SwapFree:         720156 kB
Dirty:                 8 kB
Writeback:             0 kB
AnonPages:       1000120 kB
Mapped:           662488 kB
Shmem:             35676 kB
Slab:             117200 kB
SReclaimable:      35816 kB
SUnreclaim:        81384 kB
KernelStack:       32976 kB
PageTables:        57164 kB
NFS_Unstable:          0 kB
Bounce:                0 kB
WritebackTmp:          0 kB
CommitLimit:     2172840 kB
Committed_AS:   93216060 kB
VmallocTotal:   251658176 kB
VmallocUsed:      139848 kB
VmallocChunk:   251427372 kB
Time pass: 385 sec

---2015-12-05 14:07:44
MemTotal:        2905316 kB
MemFree:           65808 kB
Buffers:           26032 kB
Cached:          1020972 kB
SwapCached:            0 kB
Active:          1328124 kB
Inactive:         706628 kB
