---2015-12-03 21:52:43
MemTotal:        1350964 kB
MemFree:           46608 kB
Buffers:            8156 kB
Cached:           687100 kB
SwapCached:            0 kB
Active:           591420 kB
Inactive:         525624 kB
Active(anon):     423836 kB
Inactive(anon):     2600 kB
Active(file):     167584 kB
Inactive(file):   523024 kB
Unevictable:        1988 kB
Mlocked:               0 kB
HighTotal:        802816 kB
HighFree:           1900 kB
LowTotal:         548148 kB
LowFree:           44708 kB
SwapTotal:             0 kB
SwapFree:              0 kB
Dirty:               184 kB
Writeback:             0 kB
AnonPages:        423848 kB
Mapped:           189852 kB
Shmem:              2644 kB
Slab:              32284 kB
SReclaimable:      11392 kB
SUnreclaim:        20892 kB
KernelStack:        9128 kB
PageTables:        19272 kB
NFS_Unstable:          0 kB
Bounce:                0 kB
WritebackTmp:          0 kB
CommitLimit:      675480 kB
Committed_AS:   45826840 kB
VmallocTotal:     253952 kB
VmallocUsed:       90448 kB
VmallocChunk:      47108 kB
Time pass: 3 sec

---2015-12-03 21:52:43
MemTotal:        1350964 kB
MemFree:           46492 kB
Buffers:            8156 kB
Cached:           687100 kB
SwapCached:            0 kB
Active:           590716 kB
Inactive:         525640 kB
Active(anon):     423132 kB
Inactive(anon):     2600 kB
Active(file):     167584 kB
Inactive(file):   523040 kB
Unevictable:        1988 kB
Mlocked:               0 kB
HighTotal:        802816 kB
HighFree:           2024 kB
LowTotal:         548148 kB
LowFree:           44468 kB
SwapTotal:             0 kB
SwapFree:              0 kB
Dirty:                 0 kB
Writeback:             0 kB
AnonPages:        423148 kB
Mapped:           189856 kB
Shmem:              2644 kB
Slab:              32268 kB
SReclaimable:      11392 kB
SUnreclaim:        20876 kB
KernelStack:        9120 kB
PageTables:        19268 kB
NFS_Unstable:          0 kB
Bounce:                0 kB
WritebackTmp:          0 kB
CommitLimit:      675480 kB
Committed_AS:   45826664 kB
VmallocTotal:     253952 kB
VmallocUsed:       90448 kB
VmallocChunk:      47108 kB
Time pass: 6 sec

---2015-12-03 21:52:43
MemTotal:        1350964 kB
MemFree:           46352 kB
Buffers:            8164 kB
Cached:           687100 kB
SwapCached:            0 kB
Active:           590656 kB
Inactive:         525636 kB
Active(anon):     423060 kB
Inactive(anon):     2600 kB
Active(file):     167596 kB
Inactive(file):   523036 kB
Unevictable:        1988 kB
Mlocked:               0 kB
HighTotal:        802816 kB
HighFree:           1900 kB
LowTotal:         548148 kB
LowFree:           44452 kB
SwapTotal:             0 kB
SwapFree:              0 kB
Dirty:                44 kB
Writeback:             0 kB
AnonPages:        423024 kB
Mapped:           189860 kB
Shmem:              2644 kB
Slab:              32256 kB
SReclaimable:      11392 kB
SUnreclaim:        20864 kB
KernelStack:        9120 kB
PageTables:        19252 kB
NFS_Unstable:          0 kB
Bounce:                0 kB
WritebackTmp:          0 kB
CommitLimit:      675480 kB
Committed_AS:   45826580 kB
VmallocTotal:     253952 kB
VmallocUsed:       90448 kB
VmallocChunk:      47108 kB
Time pass: 10 sec

---2015-12-03 21:52:43
MemTotal:        1350964 kB
MemFree:           46328 kB
Buffers:            8164 kB
Cached:           687100 kB
SwapCached:            0 kB
Active:           590760 kB
Inactive:         525636 kB
Active(anon):     423164 kB
Inactive(anon):     2600 kB
Active(file):     167596 kB
Inactive(file):   523036 kB
Unevictable:        1988 kB
Mlocked:               0 kB
HighTotal:        802816 kB
HighFree:           1876 kB
LowTotal:         548148 kB
LowFree:           44452 kB
SwapTotal:             0 kB
SwapFree:              0 kB
Dirty:                 0 kB
Writeback:             0 kB
AnonPages:        423176 kB
Mapped:           189708 kB
Shmem:              2644 kB
Slab:              32284 kB
SReclaimable:      11392 kB
SUnreclaim:        20892 kB
KernelStack:        9112 kB
PageTables:        19264 kB
NFS_Unstable:          0 kB
Bounce:                0 kB
WritebackTmp:          0 kB
CommitLimit:      675480 kB
Committed_AS:   45826608 kB
VmallocTotal:     253952 kB
VmallocUsed:       90448 kB
VmallocChunk:      47108 kB
Time pass: 14 sec

---2015-12-03 21:52:43
MemTotal:        1350964 kB
MemFree:           45676 kB
Buffers:            8164 kB
Cached:           687100 kB
SwapCached:            0 kB
Active:           591448 kB
Inactive:         525636 kB
Active(anon):     423852 kB
Inactive(anon):     2600 kB
Active(file):     167596 kB
Inactive(file):   523036 kB
Unevictable:        1988 kB
Mlocked:               0 kB
HighTotal:        802816 kB
HighFree:           1504 kB
LowTotal:         548148 kB
LowFree:           44172 kB
SwapTotal:             0 kB
SwapFree:              0 kB
Dirty:                 0 kB
Writeback:             0 kB
AnonPages:        423860 kB
Mapped:           189836 kB
Shmem:              2644 kB
Slab:              32216 kB
SReclaimable:      11392 kB
SUnreclaim:        20824 kB
KernelStack:        9112 kB
PageTables:        19252 kB
NFS_Unstable:          0 kB
Bounce:                0 kB
WritebackTmp:          0 kB
CommitLimit:      675480 kB
Committed_AS:   45827576 kB
VmallocTotal:     253952 kB
VmallocUsed:       90448 kB
VmallocChunk:      47108 kB
Time pass: 18 sec

---2015-12-03 21:52:43
MemTotal:        1350964 kB
MemFree:           29388 kB
Buffers:            7848 kB
Cached:           682780 kB
SwapCached:            0 kB
Active:           610628 kB
Inactive:         519520 kB
Active(anon):     441788 kB
Inactive(anon):     2600 kB
Active(file):     168840 kB
Inactive(file):   516920 kB
Unevictable:        1988 kB
Mlocked:               0 kB
HighTotal:        802816 kB
HighFree:           2648 kB
LowTotal:         548148 kB
LowFree:           26740 kB
SwapTotal:             0 kB
SwapFree:              0 kB
Dirty:               780 kB
Writeback:             0 kB
AnonPages:        441772 kB
Mapped:           204752 kB
Shmem:              2644 kB
Slab:              32444 kB
SReclaimable:      11488 kB
SUnreclaim:        20956 kB
KernelStack:        9288 kB
PageTables:        19728 kB
NFS_Unstable:          0 kB
Bounce:                0 kB
WritebackTmp:          0 kB
CommitLimit:      675480 kB
Committed_AS:   46735228 kB
VmallocTotal:     253952 kB
VmallocUsed:       92500 kB
VmallocChunk:      47108 kB
Time pass: 21 sec

---2015-12-03 21:52:43
MemTotal:        1350964 kB
MemFree:           30752 kB
Buffers:            7492 kB
Cached:           631920 kB
SwapCached:            0 kB
Active:           633244 kB
Inactive:         461808 kB
Active(anon):     457632 kB
Inactive(anon):     2732 kB
Active(file):     175612 kB
Inactive(file):   459076 kB
Unevictable:        1988 kB
Mlocked:               0 kB
HighTotal:        802816 kB
HighFree:           1540 kB
LowTotal:         548148 kB
LowFree:           29212 kB
SwapTotal:             0 kB
SwapFree:              0 kB
Dirty:               148 kB
Writeback:             0 kB
AnonPages:        457684 kB
Mapped:           213000 kB
Shmem:              2776 kB
Slab:              32680 kB
SReclaimable:      11620 kB
SUnreclaim:        21060 kB
KernelStack:        9584 kB
PageTables:        20008 kB
NFS_Unstable:          0 kB
Bounce:                0 kB
WritebackTmp:          0 kB
CommitLimit:      675480 kB
Committed_AS:   46797408 kB
VmallocTotal:     253952 kB
VmallocUsed:       92716 kB
VmallocChunk:      47108 kB
Time pass: 25 sec

---2015-12-03 21:52:43
MemTotal:        1350964 kB
MemFree:           37596 kB
Buffers:            7460 kB
Cached:           611480 kB
SwapCached:            0 kB
Active:           635384 kB
Inactive:         440664 kB
Active(anon):     459148 kB
Inactive(anon):     2732 kB
Active(file):     176236 kB
Inactive(file):   437932 kB
Unevictable:        1988 kB
Mlocked:               0 kB
HighTotal:        802816 kB
HighFree:           4640 kB
LowTotal:         548148 kB
LowFree:           32956 kB
SwapTotal:             0 kB
SwapFree:              0 kB
Dirty:               164 kB
Writeback:             0 kB
AnonPages:        459092 kB
Mapped:           213132 kB
Shmem:              2776 kB
Slab:              32748 kB
SReclaimable:      11628 kB
SUnreclaim:        21120 kB
KernelStack:        9592 kB
PageTables:        20032 kB
NFS_Unstable:          0 kB
Bounce:                0 kB
WritebackTmp:          0 kB
CommitLimit:      675480 kB
Committed_AS:   46810276 kB
VmallocTotal:     253952 kB
VmallocUsed:       92716 kB
VmallocChunk:      47108 kB
Time pass: 29 sec

---2015-12-03 21:52:43
MemTotal:        1350964 kB
MemFree:           34176 kB
Buffers:            7448 kB
Cached:           607032 kB
SwapCached:            0 kB
Active:           636324 kB
Inactive:         436188 kB
Active(anon):     460064 kB
Inactive(anon):     2732 kB
Active(file):     176260 kB
Inactive(file):   433456 kB
Unevictable:        1988 kB
Mlocked:               0 kB
HighTotal:        802816 kB
HighFree:           3580 kB
LowTotal:         548148 kB
LowFree:           30596 kB
SwapTotal:             0 kB
SwapFree:              0 kB
Dirty:               160 kB
Writeback:             0 kB
AnonPages:        460048 kB
Mapped:           213268 kB
Shmem:              2776 kB
Slab:              32780 kB
SReclaimable:      11648 kB
SUnreclaim:        21132 kB
KernelStack:        9608 kB
PageTables:        20060 kB
NFS_Unstable:          0 kB
Bounce:                0 kB
WritebackTmp:          0 kB
CommitLimit:      675480 kB
Committed_AS:   46817272 kB
VmallocTotal:     253952 kB
VmallocUsed:       92716 kB
VmallocChunk:      47108 kB
Time pass: 32 sec

---2015-12-03 21:52:43
MemTotal:        1350964 kB
MemFree:           34020 kB
Buffers:            7456 kB
Cached:           607032 kB
SwapCached:            0 kB
Active:           636404 kB
Inactive:         436196 kB
Active(anon):     460144 kB
Inactive(anon):     2732 kB
Active(file):     176260 kB
Inactive(file):   433464 kB
Unevictable:        1988 kB
Mlocked:               0 kB
HighTotal:        802816 kB
HighFree:           3524 kB
LowTotal:         548148 kB
LowFree:           30496 kB
SwapTotal:             0 kB
SwapFree:              0 kB
Dirty:                52 kB
Writeback:             0 kB
AnonPages:        460080 kB
Mapped:           213160 kB
Shmem:              2776 kB
Slab:              32732 kB
SReclaimable:      11648 kB
SUnreclaim:        21084 kB
KernelStack:        9608 kB
PageTables:        20044 kB
NFS_Unstable:          0 kB
Bounce:                0 kB
WritebackTmp:          0 kB
CommitLimit:      675480 kB
Committed_AS:   46817180 kB
VmallocTotal:     253952 kB
VmallocUsed:       92716 kB
VmallocChunk:      47108 kB
Time pass: 35 sec

---2015-12-03 21:52:43
MemTotal:        1350964 kB
MemFree:           31428 kB
Buffers:            7440 kB
Cached:           563776 kB
SwapCached:            0 kB
Active:           653860 kB
Inactive:         392628 kB
Active(anon):     477304 kB
Inactive(anon):     2732 kB
Active(file):     176556 kB
Inactive(file):   389896 kB
Unevictable:        1988 kB
Mlocked:               0 kB
HighTotal:        802816 kB
HighFree:           1616 kB
LowTotal:         548148 kB
LowFree:           29812 kB
SwapTotal:             0 kB
SwapFree:              0 kB
Dirty:                 0 kB
Writeback:             0 kB
AnonPages:        477444 kB
Mapped:           213724 kB
Shmem:              2776 kB
Slab:              32740 kB
SReclaimable:      11656 kB
SUnreclaim:        21084 kB
KernelStack:        9624 kB
PageTables:        20312 kB
NFS_Unstable:          0 kB
Bounce:                0 kB
WritebackTmp:          0 kB
CommitLimit:      675480 kB
Committed_AS:   46936068 kB
VmallocTotal:     253952 kB
VmallocUsed:       93168 kB
VmallocChunk:      47108 kB
Time pass: 39 sec

---2015-12-03 21:52:43
MemTotal:        1350964 kB
MemFree:           32608 kB
Buffers:            7440 kB
Cached:           557148 kB
SwapCached:            0 kB
Active:           656188 kB
Inactive:         386000 kB
Active(anon):     479632 kB
Inactive(anon):     2732 kB
Active(file):     176556 kB
Inactive(file):   383268 kB
Unevictable:        1988 kB
Mlocked:               0 kB
HighTotal:        802816 kB
HighFree:           2656 kB
LowTotal:         548148 kB
LowFree:           29952 kB
SwapTotal:             0 kB
SwapFree:              0 kB
Dirty:                36 kB
Writeback:             0 kB
AnonPages:        479644 kB
Mapped:           213800 kB
Shmem:              2776 kB
Slab:              32756 kB
SReclaimable:      11656 kB
SUnreclaim:        21100 kB
KernelStack:        9624 kB
PageTables:        20312 kB
NFS_Unstable:          0 kB
Bounce:                0 kB
WritebackTmp:          0 kB
CommitLimit:      675480 kB
Committed_AS:   46939912 kB
VmallocTotal:     253952 kB
VmallocUsed:       93168 kB
VmallocChunk:      47108 kB
Time pass: 42 sec

---2015-12-03 21:52:43
MemTotal:        1350964 kB
MemFree:           44020 kB
Buffers:            7448 kB
Cached:           558044 kB
SwapCached:            0 kB
Active:           667128 kB
Inactive:         386680 kB
Active(anon):     490388 kB
Inactive(anon):     2736 kB
Active(file):     176740 kB
Inactive(file):   383944 kB
Unevictable:        1988 kB
Mlocked:               0 kB
HighTotal:        802816 kB
HighFree:           6128 kB
LowTotal:         548148 kB
LowFree:           37892 kB
SwapTotal:             0 kB
SwapFree:              0 kB
Dirty:               216 kB
Writeback:             0 kB
AnonPages:        490528 kB
Mapped:           214944 kB
Shmem:              2780 kB
Slab:              32764 kB
SReclaimable:      11684 kB
SUnreclaim:        21080 kB
KernelStack:        9680 kB
PageTables:        20312 kB
NFS_Unstable:          0 kB
Bounce:                0 kB
WritebackTmp:          0 kB
CommitLimit:      675480 kB
Committed_AS:   46921256 kB
VmallocTotal:     253952 kB
VmallocUsed:       93268 kB
VmallocChunk:      47108 kB
Time pass: 46 sec

---2015-12-03 21:52:43
MemTotal:        1350964 kB
MemFree:           32696 kB
Buffers:            7456 kB
Cached:           556396 kB
SwapCached:            0 kB
Active:           670236 kB
Inactive:         384928 kB
Active(anon):     493352 kB
Inactive(anon):     2736 kB
Active(file):     176884 kB
Inactive(file):   382192 kB
Unevictable:        1988 kB
Mlocked:               0 kB
HighTotal:        802816 kB
HighFree:           2780 kB
LowTotal:         548148 kB
LowFree:           29916 kB
SwapTotal:             0 kB
SwapFree:              0 kB
Dirty:               444 kB
Writeback:             0 kB
AnonPages:        493460 kB
Mapped:           215152 kB
Shmem:              2780 kB
Slab:              32936 kB
SReclaimable:      11724 kB
SUnreclaim:        21212 kB
KernelStack:        9688 kB
PageTables:        20344 kB
NFS_Unstable:          0 kB
Bounce:                0 kB
WritebackTmp:          0 kB
CommitLimit:      675480 kB
Committed_AS:   46933328 kB
VmallocTotal:     253952 kB
VmallocUsed:       93268 kB
VmallocChunk:      47108 kB
Time pass: 50 sec

---2015-12-03 21:52:43
MemTotal:        1350964 kB
MemFree:           31800 kB
Buffers:            7492 kB
Cached:           553168 kB
SwapCached:            0 kB
Active:           670408 kB
Inactive:         381708 kB
Active(anon):     493524 kB
Inactive(anon):     2736 kB
Active(file):     176884 kB
Inactive(file):   378972 kB
Unevictable:        1988 kB
Mlocked:               0 kB
HighTotal:        802816 kB
HighFree:           1788 kB
LowTotal:         548148 kB
LowFree:           30012 kB
SwapTotal:             0 kB
SwapFree:              0 kB
Dirty:               504 kB
Writeback:             0 kB
AnonPages:        493424 kB
Mapped:           215168 kB
Shmem:              2780 kB
Slab:              33004 kB
SReclaimable:      11724 kB
SUnreclaim:        21280 kB
KernelStack:        9688 kB
PageTables:        20352 kB
NFS_Unstable:          0 kB
Bounce:                0 kB
WritebackTmp:          0 kB
CommitLimit:      675480 kB
Committed_AS:   46936732 kB
VmallocTotal:     253952 kB
VmallocUsed:       93268 kB
VmallocChunk:      47108 kB
Time pass: 53 sec

---2015-12-03 21:52:43
MemTotal:        1350964 kB
MemFree:           32796 kB
Buffers:            7500 kB
Cached:           545464 kB
SwapCached:            0 kB
Active:           672672 kB
Inactive:         373880 kB
Active(anon):     495676 kB
Inactive(anon):     2736 kB
Active(file):     176996 kB
Inactive(file):   371144 kB
Unevictable:        1988 kB
Mlocked:               0 kB
HighTotal:        802816 kB
HighFree:           2340 kB
LowTotal:         548148 kB
LowFree:           30456 kB
SwapTotal:             0 kB
SwapFree:              0 kB
Dirty:               240 kB
Writeback:             0 kB
AnonPages:        495648 kB
Mapped:           215808 kB
Shmem:              2780 kB
Slab:              32972 kB
SReclaimable:      11724 kB
SUnreclaim:        21248 kB
KernelStack:        9672 kB
PageTables:        20348 kB
NFS_Unstable:          0 kB
Bounce:                0 kB
WritebackTmp:          0 kB
CommitLimit:      675480 kB
Committed_AS:   46942876 kB
VmallocTotal:     253952 kB
VmallocUsed:       93268 kB
VmallocChunk:      47108 kB
Time pass: 57 sec

---2015-12-03 21:52:43
MemTotal:        1350964 kB
MemFree:           32116 kB
Buffers:            7500 kB
Cached:           546012 kB
SwapCached:            0 kB
Active:           671064 kB
Inactive:         374472 kB
Active(anon):     494056 kB
Inactive(anon):     2736 kB
Active(file):     177008 kB
Inactive(file):   371736 kB
Unevictable:        1988 kB
Mlocked:               0 kB
HighTotal:        802816 kB
HighFree:           2904 kB
LowTotal:         548148 kB
LowFree:           29212 kB
SwapTotal:             0 kB
SwapFree:              0 kB
Dirty:                36 kB
Writeback:             0 kB
AnonPages:        493916 kB
Mapped:           215936 kB
Shmem:              2780 kB
Slab:              33068 kB
SReclaimable:      11728 kB
SUnreclaim:        21340 kB
KernelStack:        9648 kB
PageTables:        20348 kB
NFS_Unstable:          0 kB
Bounce:                0 kB
WritebackTmp:          0 kB
CommitLimit:      675480 kB
Committed_AS:   46944740 kB
VmallocTotal:     253952 kB
VmallocUsed:       93268 kB
VmallocChunk:      47108 kB
Time pass: 60 sec

---2015-12-03 21:52:43
MemTotal:        1350964 kB
MemFree:           31552 kB
Buffers:            7508 kB
Cached:           540404 kB
SwapCached:            0 kB
Active:           674620 kB
Inactive:         368452 kB
Active(anon):     497212 kB
Inactive(anon):     2736 kB
Active(file):     177408 kB
Inactive(file):   365716 kB
Unevictable:        1988 kB
Mlocked:               0 kB
HighTotal:        802816 kB
HighFree:           2436 kB
LowTotal:         548148 kB
LowFree:           29116 kB
SwapTotal:             0 kB
SwapFree:              0 kB
Dirty:               392 kB
Writeback:             0 kB
AnonPages:        497284 kB
Mapped:           216248 kB
Shmem:              2780 kB
Slab:              33160 kB
SReclaimable:      11728 kB
SUnreclaim:        21432 kB
KernelStack:        9632 kB
PageTables:        20336 kB
NFS_Unstable:          0 kB
Bounce:                0 kB
WritebackTmp:          0 kB
CommitLimit:      675480 kB
Committed_AS:   46950360 kB
VmallocTotal:     253952 kB
VmallocUsed:       93268 kB
VmallocChunk:      47108 kB
Time pass: 64 sec

---2015-12-03 21:52:43
MemTotal:        1350964 kB
MemFree:           34056 kB
Buffers:            7508 kB
Cached:           533844 kB
SwapCached:            0 kB
Active:           676012 kB
Inactive:         361720 kB
Active(anon):     498412 kB
Inactive(anon):     2736 kB
Active(file):     177600 kB
Inactive(file):   358984 kB
Unevictable:        1988 kB
Mlocked:               0 kB
HighTotal:        802816 kB
HighFree:           3524 kB
LowTotal:         548148 kB
LowFree:           30532 kB
SwapTotal:             0 kB
SwapFree:              0 kB
Dirty:               512 kB
Writeback:             0 kB
AnonPages:        498356 kB
Mapped:           216256 kB
Shmem:              2780 kB
Slab:              33156 kB
SReclaimable:      11740 kB
SUnreclaim:        21416 kB
KernelStack:        9632 kB
PageTables:        20356 kB
NFS_Unstable:          0 kB
Bounce:                0 kB
WritebackTmp:          0 kB
CommitLimit:      675480 kB
Committed_AS:   46955188 kB
VmallocTotal:     253952 kB
VmallocUsed:       93268 kB
VmallocChunk:      47108 kB
Time pass: 67 sec

---2015-12-03 21:52:43
MemTotal:        1350964 kB
MemFree:           32160 kB
Buffers:            7532 kB
Cached:           526364 kB
SwapCached:            0 kB
Active:           686532 kB
Inactive:         353804 kB
Active(anon):     508472 kB
Inactive(anon):     2736 kB
Active(file):     178060 kB
Inactive(file):   351068 kB
Unevictable:        1988 kB
Mlocked:               0 kB
HighTotal:        802816 kB
HighFree:           1540 kB
LowTotal:         548148 kB
LowFree:           30620 kB
SwapTotal:             0 kB
SwapFree:              0 kB
Dirty:               352 kB
Writeback:             0 kB
AnonPages:        508528 kB
Mapped:           220068 kB
Shmem:              2780 kB
Slab:              33288 kB
SReclaimable:      11760 kB
SUnreclaim:        21528 kB
KernelStack:        9704 kB
PageTables:        20412 kB
NFS_Unstable:          0 kB
Bounce:                0 kB
WritebackTmp:          0 kB
CommitLimit:      675480 kB
Committed_AS:   46971476 kB
VmallocTotal:     253952 kB
VmallocUsed:       93268 kB
VmallocChunk:      47108 kB
Time pass: 71 sec

---2015-12-03 21:52:43
MemTotal:        1350964 kB
MemFree:           32780 kB
Buffers:            7540 kB
Cached:           513216 kB
SwapCached:            0 kB
Active:           696904 kB
Inactive:         338436 kB
Active(anon):     516732 kB
Inactive(anon):     2852 kB
Active(file):     180172 kB
Inactive(file):   335584 kB
Unevictable:        1988 kB
Mlocked:               0 kB
HighTotal:        802816 kB
HighFree:           2892 kB
LowTotal:         548148 kB
LowFree:           29888 kB
SwapTotal:             0 kB
SwapFree:              0 kB
Dirty:                 0 kB
Writeback:             0 kB
AnonPages:        516808 kB
Mapped:           221280 kB
Shmem:              2900 kB
Slab:              33208 kB
SReclaimable:      11768 kB
SUnreclaim:        21440 kB
KernelStack:        9824 kB
PageTables:        20536 kB
NFS_Unstable:          0 kB
Bounce:                0 kB
WritebackTmp:          0 kB
CommitLimit:      675480 kB
Committed_AS:   46990312 kB
VmallocTotal:     253952 kB
VmallocUsed:       94044 kB
VmallocChunk:      47108 kB
Time pass: 75 sec

---2015-12-03 21:52:43
MemTotal:        1350964 kB
MemFree:           33872 kB
Buffers:            7468 kB
Cached:           502004 kB
SwapCached:            0 kB
Active:           703612 kB
Inactive:         325224 kB
Active(anon):     521408 kB
Inactive(anon):     2876 kB
Active(file):     182204 kB
Inactive(file):   322348 kB
Unevictable:        1988 kB
Mlocked:               0 kB
HighTotal:        802816 kB
HighFree:           2904 kB
LowTotal:         548148 kB
LowFree:           30968 kB
SwapTotal:             0 kB
SwapFree:              0 kB
Dirty:                56 kB
Writeback:             0 kB
AnonPages:        521312 kB
Mapped:           221312 kB
Shmem:              2932 kB
Slab:              33296 kB
SReclaimable:      11784 kB
SUnreclaim:        21512 kB
KernelStack:        9848 kB
PageTables:        20712 kB
NFS_Unstable:          0 kB
Bounce:                0 kB
WritebackTmp:          0 kB
CommitLimit:      675480 kB
Committed_AS:   46997904 kB
VmallocTotal:     253952 kB
VmallocUsed:       94596 kB
VmallocChunk:      47108 kB
Time pass: 79 sec

---2015-12-03 21:52:43
MemTotal:        1350964 kB
MemFree:           33004 kB
Buffers:            7484 kB
Cached:           502116 kB
SwapCached:            0 kB
Active:           704432 kB
Inactive:         325320 kB
Active(anon):     522228 kB
Inactive(anon):     2964 kB
Active(file):     182204 kB
Inactive(file):   322356 kB
Unevictable:        1988 kB
Mlocked:               0 kB
HighTotal:        802816 kB
HighFree:           2160 kB
LowTotal:         548148 kB
LowFree:           30844 kB
SwapTotal:             0 kB
SwapFree:              0 kB
Dirty:                32 kB
Writeback:             0 kB
AnonPages:        522264 kB
Mapped:           221424 kB
Shmem:              3044 kB
Slab:              33292 kB
SReclaimable:      11792 kB
SUnreclaim:        21500 kB
KernelStack:        9840 kB
PageTables:        20712 kB
NFS_Unstable:          0 kB
Bounce:                0 kB
WritebackTmp:          0 kB
CommitLimit:      675480 kB
Committed_AS:   46998400 kB
VmallocTotal:     253952 kB
VmallocUsed:       94596 kB
VmallocChunk:      47108 kB
Time pass: 82 sec

---2015-12-03 21:52:43
MemTotal:        1350964 kB
MemFree:           32912 kB
Buffers:            7492 kB
Cached:           502108 kB
SwapCached:            0 kB
Active:           704504 kB
Inactive:         325360 kB
Active(anon):     522300 kB
Inactive(anon):     2996 kB
Active(file):     182204 kB
Inactive(file):   322364 kB
Unevictable:        1988 kB
Mlocked:               0 kB
HighTotal:        802816 kB
HighFree:           2532 kB
LowTotal:         548148 kB
LowFree:           30380 kB
SwapTotal:             0 kB
SwapFree:              0 kB
Dirty:                 4 kB
Writeback:             0 kB
AnonPages:        522344 kB
Mapped:           221464 kB
Shmem:              3044 kB
Slab:              33304 kB
SReclaimable:      11800 kB
SUnreclaim:        21504 kB
KernelStack:        9832 kB
PageTables:        20708 kB
NFS_Unstable:          0 kB
Bounce:                0 kB
WritebackTmp:          0 kB
CommitLimit:      675480 kB
Committed_AS:   46998268 kB
VmallocTotal:     253952 kB
VmallocUsed:       94596 kB
VmallocChunk:      47108 kB
Time pass: 86 sec

---2015-12-03 21:52:43
MemTotal:        1350964 kB
MemFree:           32988 kB
Buffers:            7508 kB
Cached:           502116 kB
SwapCached:            0 kB
Active:           704784 kB
Inactive:         325384 kB
Active(anon):     522580 kB
Inactive(anon):     2996 kB
Active(file):     182204 kB
Inactive(file):   322388 kB
Unevictable:        1988 kB
Mlocked:               0 kB
HighTotal:        802816 kB
HighFree:           1912 kB
LowTotal:         548148 kB
LowFree:           31076 kB
SwapTotal:             0 kB
SwapFree:              0 kB
Dirty:                40 kB
Writeback:             0 kB
AnonPages:        522448 kB
Mapped:           221464 kB
Shmem:              3044 kB
Slab:              33388 kB
SReclaimable:      11800 kB
SUnreclaim:        21588 kB
KernelStack:        9832 kB
PageTables:        20712 kB
NFS_Unstable:          0 kB
Bounce:                0 kB
WritebackTmp:          0 kB
CommitLimit:      675480 kB
Committed_AS:   46998304 kB
VmallocTotal:     253952 kB
VmallocUsed:       94596 kB
VmallocChunk:      47108 kB
Time pass: 90 sec

---2015-12-03 21:52:43
MemTotal:        1350964 kB
MemFree:           35580 kB
Buffers:            7524 kB
Cached:           496840 kB
SwapCached:            0 kB
Active:           709920 kB
Inactive:         316564 kB
Active(anon):     524108 kB
Inactive(anon):     2896 kB
Active(file):     185812 kB
Inactive(file):   313668 kB
Unevictable:        1988 kB
Mlocked:               0 kB
HighTotal:        802816 kB
HighFree:           2780 kB
LowTotal:         548148 kB
LowFree:           32800 kB
SwapTotal:             0 kB
SwapFree:              0 kB
Dirty:                32 kB
Writeback:             0 kB
AnonPages:        524060 kB
Mapped:           221316 kB
Shmem:              2896 kB
Slab:              33364 kB
SReclaimable:      11800 kB
SUnreclaim:        21564 kB
KernelStack:        9832 kB
PageTables:        20700 kB
NFS_Unstable:          0 kB
Bounce:                0 kB
WritebackTmp:          0 kB
CommitLimit:      675480 kB
Committed_AS:   46995224 kB
VmallocTotal:     253952 kB
VmallocUsed:       94816 kB
VmallocChunk:      47108 kB
Time pass: 93 sec

---2015-12-03 21:52:43
MemTotal:        1350964 kB
MemFree:           35680 kB
Buffers:            7532 kB
Cached:           496872 kB
SwapCached:            0 kB
Active:           711768 kB
Inactive:         316556 kB
Active(anon):     525956 kB
Inactive(anon):     2888 kB
Active(file):     185812 kB
Inactive(file):   313668 kB
Unevictable:        1988 kB
Mlocked:               0 kB
HighTotal:        802816 kB
HighFree:           3152 kB
LowTotal:         548148 kB
LowFree:           32528 kB
SwapTotal:             0 kB
SwapFree:              0 kB
Dirty:                 0 kB
Writeback:             0 kB
AnonPages:        526000 kB
Mapped:           221356 kB
Shmem:              2936 kB
Slab:              33380 kB
SReclaimable:      11800 kB
SUnreclaim:        21580 kB
KernelStack:        9864 kB
PageTables:        20616 kB
NFS_Unstable:          0 kB
Bounce:                0 kB
WritebackTmp:          0 kB
CommitLimit:      675480 kB
Committed_AS:   46995616 kB
VmallocTotal:     253952 kB
VmallocUsed:       95152 kB
VmallocChunk:      47108 kB
Time pass: 97 sec

---2015-12-03 21:52:43
MemTotal:        1350964 kB
MemFree:           81152 kB
Buffers:            7600 kB
Cached:           488228 kB
SwapCached:            0 kB
Active:           707424 kB
Inactive:         305156 kB
Active(anon):     518784 kB
Inactive(anon):     2736 kB
Active(file):     188640 kB
Inactive(file):   302420 kB
Unevictable:        1988 kB
Mlocked:               0 kB
HighTotal:        802816 kB
HighFree:          22784 kB
LowTotal:         548148 kB
LowFree:           58368 kB
SwapTotal:             0 kB
SwapFree:              0 kB
Dirty:                88 kB
Writeback:             0 kB
AnonPages:        518952 kB
Mapped:           221236 kB
Shmem:              2780 kB
Slab:              33416 kB
SReclaimable:      11800 kB
SUnreclaim:        21616 kB
KernelStack:        9768 kB
PageTables:        20236 kB
NFS_Unstable:          0 kB
Bounce:                0 kB
WritebackTmp:          0 kB
CommitLimit:      675480 kB
Committed_AS:   46133292 kB
VmallocTotal:     253952 kB
VmallocUsed:       94152 kB
VmallocChunk:      47108 kB
Time pass: 101 sec

---2015-12-03 21:52:43
MemTotal:        1350964 kB
MemFree:          209144 kB
Buffers:            7608 kB
Cached:           488272 kB
SwapCached:            0 kB
Active:           640184 kB
Inactive:         304788 kB
Active(anon):     451124 kB
Inactive(anon):     2600 kB
Active(file):     189060 kB
Inactive(file):   302188 kB
Unevictable:        1988 kB
Mlocked:               0 kB
HighTotal:        802816 kB
HighFree:          98756 kB
LowTotal:         548148 kB
LowFree:          110388 kB
SwapTotal:             0 kB
SwapFree:              0 kB
Dirty:                44 kB
Writeback:             0 kB
AnonPages:        451044 kB
Mapped:           191680 kB
Shmem:              2644 kB
Slab:              33208 kB
SReclaimable:      11788 kB
SUnreclaim:        21420 kB
KernelStack:        8960 kB
PageTables:        19176 kB
NFS_Unstable:          0 kB
Bounce:                0 kB
WritebackTmp:          0 kB
CommitLimit:      675480 kB
Committed_AS:   45115900 kB
VmallocTotal:     253952 kB
VmallocUsed:       91260 kB
VmallocChunk:      47108 kB
Time pass: 104 sec

---2015-12-03 21:52:43
MemTotal:        1350964 kB
MemFree:          213788 kB
Buffers:            7720 kB
Cached:           488284 kB
SwapCached:            0 kB
Active:           648680 kB
Inactive:         304636 kB
Active(anon):     459392 kB
Inactive(anon):     2600 kB
Active(file):     189288 kB
Inactive(file):   302036 kB
Unevictable:        1988 kB
Mlocked:               0 kB
HighTotal:        802816 kB
HighFree:          99624 kB
LowTotal:         548148 kB
LowFree:          114164 kB
SwapTotal:             0 kB
SwapFree:              0 kB
Dirty:               684 kB
Writeback:             0 kB
AnonPages:        459436 kB
Mapped:           205388 kB
Shmem:              2644 kB
Slab:              33148 kB
SReclaimable:      11788 kB
SUnreclaim:        21360 kB
KernelStack:        9128 kB
PageTables:        19696 kB
NFS_Unstable:          0 kB
Bounce:                0 kB
WritebackTmp:          0 kB
CommitLimit:      675480 kB
Committed_AS:   46002980 kB
VmallocTotal:     253952 kB
VmallocUsed:       92404 kB
VmallocChunk:      47108 kB
Time pass: 108 sec

---2015-12-03 21:52:43
MemTotal:        1350964 kB
MemFree:          154908 kB
Buffers:            7720 kB
Cached:           488428 kB
SwapCached:            0 kB
Active:           659476 kB
Inactive:         304524 kB
Active(anon):     469884 kB
Inactive(anon):     2732 kB
Active(file):     189592 kB
Inactive(file):   301792 kB
Unevictable:        1988 kB
Mlocked:               0 kB
HighTotal:        802816 kB
HighFree:          68104 kB
LowTotal:         548148 kB
LowFree:           86804 kB
SwapTotal:             0 kB
SwapFree:              0 kB
Dirty:               912 kB
Writeback:             0 kB
AnonPages:        469896 kB
Mapped:           211748 kB
Shmem:              2776 kB
Slab:              33204 kB
SReclaimable:      11820 kB
SUnreclaim:        21384 kB
KernelStack:        9392 kB
PageTables:        19924 kB
NFS_Unstable:          0 kB
Bounce:                0 kB
WritebackTmp:          0 kB
CommitLimit:      675480 kB
Committed_AS:   46079812 kB
VmallocTotal:     253952 kB
VmallocUsed:       93160 kB
VmallocChunk:      47108 kB
Time pass: 111 sec

---2015-12-03 21:52:43
MemTotal:        1350964 kB
MemFree:          120192 kB
Buffers:            7748 kB
Cached:           489420 kB
SwapCached:            0 kB
Active:           681428 kB
Inactive:         305504 kB
Active(anon):     491804 kB
Inactive(anon):     2732 kB
Active(file):     189624 kB
Inactive(file):   302772 kB
Unevictable:        1988 kB
Mlocked:               0 kB
HighTotal:        802816 kB
HighFree:          36012 kB
LowTotal:         548148 kB
LowFree:           84180 kB
SwapTotal:             0 kB
SwapFree:              0 kB
Dirty:               292 kB
Writeback:             0 kB
AnonPages:        491920 kB
Mapped:           217272 kB
Shmem:              2776 kB
Slab:              33224 kB
SReclaimable:      11820 kB
SUnreclaim:        21404 kB
KernelStack:        9480 kB
PageTables:        20004 kB
NFS_Unstable:          0 kB
Bounce:                0 kB
WritebackTmp:          0 kB
CommitLimit:      675480 kB
Committed_AS:   46111892 kB
VmallocTotal:     253952 kB
VmallocUsed:       93160 kB
VmallocChunk:      47108 kB
Time pass: 115 sec

---2015-12-03 21:52:43
MemTotal:        1350964 kB
MemFree:          113296 kB
Buffers:            7748 kB
Cached:           489696 kB
SwapCached:            0 kB
Active:           677596 kB
Inactive:         305776 kB
Active(anon):     487960 kB
Inactive(anon):     2732 kB
Active(file):     189636 kB
Inactive(file):   303044 kB
Unevictable:        1988 kB
Mlocked:               0 kB
HighTotal:        802816 kB
HighFree:          30780 kB
LowTotal:         548148 kB
LowFree:           82516 kB
SwapTotal:             0 kB
SwapFree:              0 kB
Dirty:                80 kB
Writeback:             0 kB
AnonPages:        487856 kB
Mapped:           217292 kB
Shmem:              2776 kB
Slab:              33260 kB
SReclaimable:      11820 kB
SUnreclaim:        21440 kB
KernelStack:        9488 kB
PageTables:        20028 kB
NFS_Unstable:          0 kB
Bounce:                0 kB
WritebackTmp:          0 kB
CommitLimit:      675480 kB
Committed_AS:   46121824 kB
VmallocTotal:     253952 kB
VmallocUsed:       93160 kB
VmallocChunk:      47108 kB
Time pass: 118 sec

---2015-12-03 21:52:43
MemTotal:        1350964 kB
MemFree:          101748 kB
Buffers:            7764 kB
Cached:           489872 kB
SwapCached:            0 kB
Active:           682380 kB
Inactive:         305696 kB
Active(anon):     492472 kB
Inactive(anon):     2732 kB
Active(file):     189908 kB
Inactive(file):   302964 kB
Unevictable:        1988 kB
Mlocked:               0 kB
HighTotal:        802816 kB
HighFree:          20316 kB
LowTotal:         548148 kB
LowFree:           81432 kB
SwapTotal:             0 kB
SwapFree:              0 kB
Dirty:                76 kB
Writeback:             0 kB
AnonPages:        492544 kB
Mapped:           217696 kB
Shmem:              2776 kB
Slab:              33284 kB
SReclaimable:      11828 kB
SUnreclaim:        21456 kB
KernelStack:        9496 kB
PageTables:        20052 kB
NFS_Unstable:          0 kB
Bounce:                0 kB
WritebackTmp:          0 kB
CommitLimit:      675480 kB
Committed_AS:   46132968 kB
VmallocTotal:     253952 kB
VmallocUsed:       93160 kB
VmallocChunk:      47108 kB
Time pass: 122 sec

---2015-12-03 21:52:43
MemTotal:        1350964 kB
MemFree:           81052 kB
Buffers:            7772 kB
Cached:           490376 kB
SwapCached:            0 kB
Active:           688948 kB
Inactive:         305356 kB
Active(anon):     498188 kB
Inactive(anon):     2732 kB
Active(file):     190760 kB
Inactive(file):   302624 kB
Unevictable:        1988 kB
Mlocked:               0 kB
HighTotal:        802816 kB
HighFree:           3152 kB
LowTotal:         548148 kB
LowFree:           77900 kB
SwapTotal:             0 kB
SwapFree:              0 kB
Dirty:              1152 kB
Writeback:             0 kB
AnonPages:        498200 kB
Mapped:           217856 kB
Shmem:              2776 kB
Slab:              33392 kB
SReclaimable:      11828 kB
SUnreclaim:        21564 kB
KernelStack:        9480 kB
PageTables:        20080 kB
NFS_Unstable:          0 kB
Bounce:                0 kB
WritebackTmp:          0 kB
CommitLimit:      675480 kB
Committed_AS:   46152920 kB
VmallocTotal:     253952 kB
VmallocUsed:       93160 kB
VmallocChunk:      47108 kB
Time pass: 126 sec

---2015-12-03 21:52:43
MemTotal:        1350964 kB
MemFree:           75408 kB
Buffers:            7772 kB
Cached:           490376 kB
SwapCached:            0 kB
Active:           689564 kB
Inactive:         305356 kB
Active(anon):     498804 kB
Inactive(anon):     2732 kB
Active(file):     190760 kB
Inactive(file):   302624 kB
Unevictable:        1988 kB
Mlocked:               0 kB
HighTotal:        802816 kB
HighFree:           2160 kB
LowTotal:         548148 kB
LowFree:           73248 kB
SwapTotal:             0 kB
SwapFree:              0 kB
Dirty:                80 kB
Writeback:             0 kB
AnonPages:        498664 kB
Mapped:           217756 kB
Shmem:              2776 kB
Slab:              33480 kB
SReclaimable:      11828 kB
SUnreclaim:        21652 kB
KernelStack:        9496 kB
PageTables:        20108 kB
NFS_Unstable:          0 kB
Bounce:                0 kB
WritebackTmp:          0 kB
CommitLimit:      675480 kB
Committed_AS:   46158148 kB
VmallocTotal:     253952 kB
VmallocUsed:       93160 kB
VmallocChunk:      47108 kB
Time pass: 129 sec

---2015-12-03 21:52:43
MemTotal:        1350964 kB
MemFree:           75260 kB
Buffers:            7780 kB
Cached:           490376 kB
SwapCached:            0 kB
Active:           689580 kB
Inactive:         305364 kB
Active(anon):     498820 kB
Inactive(anon):     2732 kB
Active(file):     190760 kB
Inactive(file):   302632 kB
Unevictable:        1988 kB
Mlocked:               0 kB
HighTotal:        802816 kB
HighFree:           2036 kB
LowTotal:         548148 kB
LowFree:           73224 kB
SwapTotal:             0 kB
SwapFree:              0 kB
Dirty:                 0 kB
Writeback:             0 kB
AnonPages:        498716 kB
Mapped:           217756 kB
Shmem:              2776 kB
Slab:              33396 kB
SReclaimable:      11828 kB
SUnreclaim:        21568 kB
KernelStack:        9496 kB
PageTables:        20108 kB
NFS_Unstable:          0 kB
Bounce:                0 kB
WritebackTmp:          0 kB
CommitLimit:      675480 kB
Committed_AS:   46158156 kB
VmallocTotal:     253952 kB
VmallocUsed:       93160 kB
VmallocChunk:      47108 kB
Time pass: 133 sec

---2015-12-03 21:52:43
MemTotal:        1350964 kB
MemFree:           71008 kB
Buffers:            7780 kB
Cached:           490376 kB
SwapCached:            0 kB
Active:           694468 kB
Inactive:         305364 kB
Active(anon):     503708 kB
Inactive(anon):     2732 kB
Active(file):     190760 kB
Inactive(file):   302632 kB
Unevictable:        1988 kB
Mlocked:               0 kB
HighTotal:        802816 kB
HighFree:           1540 kB
LowTotal:         548148 kB
LowFree:           69468 kB
SwapTotal:             0 kB
SwapFree:              0 kB
Dirty:                 4 kB
Writeback:             0 kB
AnonPages:        503828 kB
Mapped:           219600 kB
Shmem:              2776 kB
Slab:              33468 kB
SReclaimable:      11828 kB
SUnreclaim:        21640 kB
KernelStack:        9568 kB
PageTables:        20120 kB
NFS_Unstable:          0 kB
Bounce:                0 kB
WritebackTmp:          0 kB
CommitLimit:      675480 kB
Committed_AS:   46170204 kB
VmallocTotal:     253952 kB
VmallocUsed:       93160 kB
VmallocChunk:      47108 kB
Time pass: 136 sec

---2015-12-03 21:52:43
MemTotal:        1350964 kB
MemFree:           59232 kB
Buffers:            7820 kB
Cached:           490532 kB
SwapCached:            0 kB
Active:           704136 kB
Inactive:         305472 kB
Active(anon):     513292 kB
Inactive(anon):     2880 kB
Active(file):     190844 kB
Inactive(file):   302592 kB
Unevictable:        1988 kB
Mlocked:               0 kB
HighTotal:        802816 kB
HighFree:           1540 kB
LowTotal:         548148 kB
LowFree:           57692 kB
SwapTotal:             0 kB
SwapFree:              0 kB
Dirty:                56 kB
Writeback:             0 kB
AnonPages:        513404 kB
Mapped:           220616 kB
Shmem:              2928 kB
Slab:              33392 kB
SReclaimable:      11828 kB
SUnreclaim:        21564 kB
KernelStack:        9704 kB
PageTables:        20268 kB
NFS_Unstable:          0 kB
Bounce:                0 kB
WritebackTmp:          0 kB
CommitLimit:      675480 kB
Committed_AS:   46189880 kB
VmallocTotal:     253952 kB
VmallocUsed:       93356 kB
VmallocChunk:      47108 kB
Time pass: 140 sec

---2015-12-03 21:52:43
MemTotal:        1350964 kB
MemFree:           50284 kB
Buffers:            7868 kB
Cached:           490704 kB
SwapCached:            0 kB
Active:           711148 kB
Inactive:         305692 kB
Active(anon):     520304 kB
Inactive(anon):     3052 kB
Active(file):     190844 kB
Inactive(file):   302640 kB
Unevictable:        1988 kB
Mlocked:               0 kB
HighTotal:        802816 kB
HighFree:           1540 kB
LowTotal:         548148 kB
LowFree:           48744 kB
SwapTotal:             0 kB
SwapFree:              0 kB
Dirty:                44 kB
Writeback:             0 kB
AnonPages:        520120 kB
Mapped:           221072 kB
Shmem:              3100 kB
Slab:              33480 kB
SReclaimable:      11828 kB
SUnreclaim:        21652 kB
KernelStack:        9728 kB
PageTables:        20344 kB
NFS_Unstable:          0 kB
Bounce:                0 kB
WritebackTmp:          0 kB
CommitLimit:      675480 kB
Committed_AS:   46196652 kB
VmallocTotal:     253952 kB
VmallocUsed:       93692 kB
VmallocChunk:      47108 kB
Time pass: 144 sec

---2015-12-03 21:52:43
MemTotal:        1350964 kB
MemFree:           49204 kB
Buffers:            7884 kB
Cached:           490688 kB
SwapCached:            0 kB
Active:           711456 kB
Inactive:         305692 kB
Active(anon):     520612 kB
Inactive(anon):     3052 kB
Active(file):     190844 kB
Inactive(file):   302640 kB
Unevictable:        1988 kB
Mlocked:               0 kB
HighTotal:        802816 kB
HighFree:           1540 kB
LowTotal:         548148 kB
LowFree:           47664 kB
SwapTotal:             0 kB
SwapFree:              0 kB
Dirty:                 0 kB
Writeback:             0 kB
AnonPages:        520504 kB
Mapped:           221220 kB
Shmem:              3100 kB
Slab:              33456 kB
SReclaimable:      11828 kB
SUnreclaim:        21628 kB
KernelStack:        9728 kB
PageTables:        20344 kB
NFS_Unstable:          0 kB
Bounce:                0 kB
WritebackTmp:          0 kB
CommitLimit:      675480 kB
Committed_AS:   46196720 kB
VmallocTotal:     253952 kB
VmallocUsed:       93692 kB
VmallocChunk:      47108 kB
Time pass: 148 sec

---2015-12-03 21:52:43
MemTotal:        1350964 kB
MemFree:           49836 kB
Buffers:            7884 kB
Cached:           490708 kB
SwapCached:            0 kB
Active:           711412 kB
Inactive:         305708 kB
Active(anon):     520568 kB
Inactive(anon):     3052 kB
Active(file):     190844 kB
Inactive(file):   302656 kB
Unevictable:        1988 kB
Mlocked:               0 kB
HighTotal:        802816 kB
HighFree:           1540 kB
LowTotal:         548148 kB
LowFree:           48296 kB
SwapTotal:             0 kB
SwapFree:              0 kB
Dirty:                32 kB
Writeback:             0 kB
AnonPages:        520584 kB
Mapped:           221028 kB
Shmem:              3104 kB
Slab:              33440 kB
SReclaimable:      11828 kB
SUnreclaim:        21612 kB
KernelStack:        9736 kB
PageTables:        20332 kB
NFS_Unstable:          0 kB
Bounce:                0 kB
WritebackTmp:          0 kB
CommitLimit:      675480 kB
Committed_AS:   46197876 kB
VmallocTotal:     253952 kB
VmallocUsed:       93692 kB
VmallocChunk:      47108 kB
Time pass: 152 sec

---2015-12-03 21:52:43
MemTotal:        1350964 kB
MemFree:           49440 kB
Buffers:            7908 kB
Cached:           490704 kB
SwapCached:            0 kB
Active:           712168 kB
Inactive:         305732 kB
Active(anon):     521324 kB
Inactive(anon):     3060 kB
Active(file):     190844 kB
Inactive(file):   302672 kB
Unevictable:        1988 kB
Mlocked:               0 kB
HighTotal:        802816 kB
HighFree:           1540 kB
LowTotal:         548148 kB
LowFree:           47900 kB
SwapTotal:             0 kB
SwapFree:              0 kB
Dirty:                28 kB
Writeback:             0 kB
AnonPages:        521268 kB
Mapped:           221200 kB
Shmem:              3108 kB
Slab:              33468 kB
SReclaimable:      11828 kB
SUnreclaim:        21640 kB
KernelStack:        9720 kB
PageTables:        20332 kB
NFS_Unstable:          0 kB
Bounce:                0 kB
WritebackTmp:          0 kB
CommitLimit:      675480 kB
Committed_AS:   46197968 kB
VmallocTotal:     253952 kB
VmallocUsed:       93692 kB
VmallocChunk:      47108 kB
Time pass: 156 sec

---2015-12-03 21:52:43
MemTotal:        1350964 kB
MemFree:           49028 kB
Buffers:            7908 kB
Cached:           490720 kB
SwapCached:            0 kB
Active:           711840 kB
Inactive:         305748 kB
Active(anon):     520996 kB
Inactive(anon):     3060 kB
Active(file):     190844 kB
Inactive(file):   302688 kB
Unevictable:        1988 kB
Mlocked:               0 kB
HighTotal:        802816 kB
HighFree:           1540 kB
LowTotal:         548148 kB
LowFree:           47488 kB
SwapTotal:             0 kB
SwapFree:              0 kB
Dirty:                36 kB
Writeback:             0 kB
AnonPages:        521024 kB
Mapped:           221248 kB
Shmem:              3108 kB
Slab:              33464 kB
SReclaimable:      11828 kB
SUnreclaim:        21636 kB
KernelStack:        9720 kB
PageTables:        20348 kB
NFS_Unstable:          0 kB
Bounce:                0 kB
WritebackTmp:          0 kB
CommitLimit:      675480 kB
Committed_AS:   46196880 kB
VmallocTotal:     253952 kB
VmallocUsed:       93692 kB
VmallocChunk:      47108 kB
Time pass: 159 sec

---2015-12-03 21:52:43
MemTotal:        1350964 kB
MemFree:           48896 kB
Buffers:            7916 kB
Cached:           490724 kB
SwapCached:            0 kB
Active:           711832 kB
Inactive:         305748 kB
Active(anon):     520988 kB
Inactive(anon):     3060 kB
Active(file):     190844 kB
Inactive(file):   302688 kB
Unevictable:        1988 kB
Mlocked:               0 kB
HighTotal:        802816 kB
HighFree:           1540 kB
LowTotal:         548148 kB
LowFree:           47356 kB
SwapTotal:             0 kB
SwapFree:              0 kB
Dirty:                32 kB
Writeback:             0 kB
AnonPages:        521024 kB
Mapped:           221104 kB
Shmem:              3112 kB
Slab:              33504 kB
SReclaimable:      11828 kB
SUnreclaim:        21676 kB
KernelStack:        9720 kB
PageTables:        20348 kB
NFS_Unstable:          0 kB
Bounce:                0 kB
WritebackTmp:          0 kB
CommitLimit:      675480 kB
Committed_AS:   46196668 kB
VmallocTotal:     253952 kB
VmallocUsed:       93692 kB
VmallocChunk:      47108 kB
Time pass: 163 sec

---2015-12-03 21:52:43
MemTotal:        1350964 kB
MemFree:           48324 kB
Buffers:            7932 kB
Cached:           490724 kB
SwapCached:            0 kB
Active:           712072 kB
Inactive:         305776 kB
Active(anon):     521228 kB
Inactive(anon):     3064 kB
Active(file):     190844 kB
Inactive(file):   302712 kB
Unevictable:        1988 kB
Mlocked:               0 kB
HighTotal:        802816 kB
HighFree:           1540 kB
LowTotal:         548148 kB
LowFree:           46784 kB
SwapTotal:             0 kB
SwapFree:              0 kB
Dirty:                 0 kB
Writeback:             0 kB
AnonPages:        521208 kB
Mapped:           221252 kB
Shmem:              3112 kB
Slab:              33476 kB
SReclaimable:      11828 kB
SUnreclaim:        21648 kB
KernelStack:        9720 kB
PageTables:        20352 kB
NFS_Unstable:          0 kB
Bounce:                0 kB
WritebackTmp:          0 kB
CommitLimit:      675480 kB
Committed_AS:   46196796 kB
VmallocTotal:     253952 kB
VmallocUsed:       93692 kB
VmallocChunk:      47108 kB
Time pass: 166 sec

---2015-12-03 21:52:43
MemTotal:        1350964 kB
MemFree:           48764 kB
Buffers:            7948 kB
Cached:           490724 kB
SwapCached:            0 kB
Active:           712108 kB
Inactive:         305792 kB
Active(anon):     521264 kB
Inactive(anon):     3064 kB
Active(file):     190844 kB
Inactive(file):   302728 kB
Unevictable:        1988 kB
Mlocked:               0 kB
HighTotal:        802816 kB
HighFree:           1540 kB
LowTotal:         548148 kB
LowFree:           47224 kB
SwapTotal:             0 kB
SwapFree:              0 kB
Dirty:                36 kB
Writeback:             0 kB
AnonPages:        521272 kB
Mapped:           221264 kB
Shmem:              3112 kB
Slab:              33604 kB
SReclaimable:      11828 kB
SUnreclaim:        21776 kB
KernelStack:        9704 kB
PageTables:        20348 kB
NFS_Unstable:          0 kB
Bounce:                0 kB
WritebackTmp:          0 kB
CommitLimit:      675480 kB
Committed_AS:   46196672 kB
VmallocTotal:     253952 kB
VmallocUsed:       93692 kB
VmallocChunk:      47108 kB
Time pass: 170 sec

---2015-12-03 21:52:43
MemTotal:        1350964 kB
MemFree:           48536 kB
Buffers:            7956 kB
Cached:           490724 kB
SwapCached:            0 kB
Active:           712424 kB
Inactive:         305800 kB
Active(anon):     521580 kB
Inactive(anon):     3064 kB
Active(file):     190844 kB
Inactive(file):   302736 kB
Unevictable:        1988 kB
Mlocked:               0 kB
HighTotal:        802816 kB
HighFree:           1540 kB
LowTotal:         548148 kB
LowFree:           46996 kB
SwapTotal:             0 kB
SwapFree:              0 kB
Dirty:                40 kB
Writeback:             0 kB
AnonPages:        521380 kB
Mapped:           221264 kB
Shmem:              3112 kB
Slab:              33436 kB
SReclaimable:      11828 kB
SUnreclaim:        21608 kB
KernelStack:        9696 kB
PageTables:        20352 kB
NFS_Unstable:          0 kB
Bounce:                0 kB
WritebackTmp:          0 kB
CommitLimit:      675480 kB
Committed_AS:   46196796 kB
VmallocTotal:     253952 kB
VmallocUsed:       93692 kB
VmallocChunk:      47108 kB
Time pass: 173 sec

---2015-12-03 21:52:43
MemTotal:        1350964 kB
MemFree:           48464 kB
Buffers:            7972 kB
Cached:           490724 kB
SwapCached:            0 kB
Active:           712676 kB
Inactive:         305808 kB
Active(anon):     521832 kB
Inactive(anon):     3064 kB
Active(file):     190844 kB
Inactive(file):   302744 kB
Unevictable:        1988 kB
Mlocked:               0 kB
HighTotal:        802816 kB
HighFree:           1540 kB
LowTotal:         548148 kB
LowFree:           46924 kB
SwapTotal:             0 kB
SwapFree:              0 kB
Dirty:                36 kB
Writeback:             0 kB
AnonPages:        521688 kB
Mapped:           221116 kB
Shmem:              3112 kB
Slab:              33472 kB
SReclaimable:      11828 kB
SUnreclaim:        21644 kB
KernelStack:        9688 kB
PageTables:        20352 kB
NFS_Unstable:          0 kB
Bounce:                0 kB
WritebackTmp:          0 kB
CommitLimit:      675480 kB
Committed_AS:   46197008 kB
VmallocTotal:     253952 kB
VmallocUsed:       93692 kB
VmallocChunk:      47108 kB
Time pass: 177 sec

---2015-12-03 21:52:43
MemTotal:        1350964 kB
MemFree:           48036 kB
Buffers:            7972 kB
Cached:           490724 kB
SwapCached:            0 kB
Active:           712856 kB
Inactive:         305816 kB
Active(anon):     522012 kB
Inactive(anon):     3064 kB
Active(file):     190844 kB
Inactive(file):   302752 kB
Unevictable:        1988 kB
Mlocked:               0 kB
HighTotal:        802816 kB
HighFree:           1540 kB
LowTotal:         548148 kB
LowFree:           46496 kB
SwapTotal:             0 kB
SwapFree:              0 kB
Dirty:                 0 kB
Writeback:             0 kB
AnonPages:        521876 kB
Mapped:           221264 kB
Shmem:              3112 kB
Slab:              33748 kB
SReclaimable:      11828 kB
SUnreclaim:        21920 kB
KernelStack:        9696 kB
PageTables:        20352 kB
NFS_Unstable:          0 kB
Bounce:                0 kB
WritebackTmp:          0 kB
CommitLimit:      675480 kB
Committed_AS:   46197080 kB
VmallocTotal:     253952 kB
VmallocUsed:       93692 kB
VmallocChunk:      47108 kB
Time pass: 180 sec

---2015-12-03 21:52:43
MemTotal:        1350964 kB
MemFree:           47732 kB
Buffers:            7996 kB
Cached:           490708 kB
SwapCached:            0 kB
Active:           712860 kB
Inactive:         305824 kB
Active(anon):     522016 kB
Inactive(anon):     3064 kB
Active(file):     190844 kB
Inactive(file):   302760 kB
Unevictable:        1988 kB
Mlocked:               0 kB
HighTotal:        802816 kB
HighFree:           1540 kB
LowTotal:         548148 kB
LowFree:           46192 kB
SwapTotal:             0 kB
SwapFree:              0 kB
Dirty:                28 kB
Writeback:             0 kB
AnonPages:        521988 kB
Mapped:           221116 kB
Shmem:              3112 kB
Slab:              33632 kB
SReclaimable:      11828 kB
SUnreclaim:        21804 kB
KernelStack:        9712 kB
PageTables:        20352 kB
NFS_Unstable:          0 kB
Bounce:                0 kB
WritebackTmp:          0 kB
CommitLimit:      675480 kB
Committed_AS:   46196964 kB
VmallocTotal:     253952 kB
VmallocUsed:       93692 kB
VmallocChunk:      47108 kB
Time pass: 184 sec

---2015-12-03 21:52:43
MemTotal:        1350964 kB
MemFree:           48168 kB
Buffers:            8012 kB
Cached:           490708 kB
SwapCached:            0 kB
Active:           712912 kB
Inactive:         305840 kB
Active(anon):     522068 kB
Inactive(anon):     3064 kB
Active(file):     190844 kB
Inactive(file):   302776 kB
Unevictable:        1988 kB
Mlocked:               0 kB
HighTotal:        802816 kB
HighFree:           1540 kB
LowTotal:         548148 kB
LowFree:           46628 kB
SwapTotal:             0 kB
SwapFree:              0 kB
Dirty:                 0 kB
Writeback:             0 kB
AnonPages:        522168 kB
Mapped:           221264 kB
Shmem:              3112 kB
Slab:              33600 kB
SReclaimable:      11836 kB
SUnreclaim:        21764 kB
KernelStack:        9712 kB
PageTables:        20352 kB
NFS_Unstable:          0 kB
Bounce:                0 kB
WritebackTmp:          0 kB
CommitLimit:      675480 kB
Committed_AS:   46196932 kB
VmallocTotal:     253952 kB
VmallocUsed:       93692 kB
VmallocChunk:      47108 kB
Time pass: 188 sec

---2015-12-03 21:52:43
MemTotal:        1350964 kB
MemFree:           47592 kB
Buffers:            8012 kB
Cached:           490724 kB
SwapCached:            0 kB
Active:           713132 kB
Inactive:         305856 kB
Active(anon):     522288 kB
Inactive(anon):     3064 kB
Active(file):     190844 kB
Inactive(file):   302792 kB
Unevictable:        1988 kB
Mlocked:               0 kB
HighTotal:        802816 kB
HighFree:           1788 kB
LowTotal:         548148 kB
LowFree:           45804 kB
SwapTotal:             0 kB
SwapFree:              0 kB
Dirty:                36 kB
Writeback:             0 kB
AnonPages:        522328 kB
Mapped:           221216 kB
Shmem:              3112 kB
Slab:              33616 kB
SReclaimable:      11836 kB
SUnreclaim:        21780 kB
KernelStack:        9680 kB
PageTables:        20332 kB
NFS_Unstable:          0 kB
Bounce:                0 kB
WritebackTmp:          0 kB
CommitLimit:      675480 kB
Committed_AS:   46198100 kB
VmallocTotal:     253952 kB
VmallocUsed:       93692 kB
VmallocChunk:      47108 kB
Time pass: 192 sec

---2015-12-03 21:52:43
MemTotal:        1350964 kB
MemFree:           50324 kB
Buffers:            8020 kB
Cached:           490724 kB
SwapCached:            0 kB
Active:           710164 kB
Inactive:         305856 kB
Active(anon):     519320 kB
Inactive(anon):     3064 kB
Active(file):     190844 kB
Inactive(file):   302792 kB
Unevictable:        1988 kB
Mlocked:               0 kB
HighTotal:        802816 kB
HighFree:           2780 kB
LowTotal:         548148 kB
LowFree:           47544 kB
SwapTotal:             0 kB
SwapFree:              0 kB
Dirty:                28 kB
Writeback:             0 kB
AnonPages:        519208 kB
Mapped:           221264 kB
Shmem:              3112 kB
Slab:              33616 kB
SReclaimable:      11836 kB
SUnreclaim:        21780 kB
KernelStack:        9704 kB
PageTables:        20352 kB
NFS_Unstable:          0 kB
Bounce:                0 kB
WritebackTmp:          0 kB
CommitLimit:      675480 kB
Committed_AS:   46197012 kB
VmallocTotal:     253952 kB
VmallocUsed:       93692 kB
VmallocChunk:      47108 kB
Time pass: 195 sec

---2015-12-03 21:52:43
MemTotal:        1350964 kB
MemFree:           49984 kB
Buffers:            8036 kB
Cached:           490748 kB
SwapCached:            0 kB
Active:           710392 kB
Inactive:         305904 kB
Active(anon):     519548 kB
Inactive(anon):     3064 kB
Active(file):     190844 kB
Inactive(file):   302840 kB
Unevictable:        1988 kB
Mlocked:               0 kB
HighTotal:        802816 kB
HighFree:           1664 kB
LowTotal:         548148 kB
LowFree:           48320 kB
SwapTotal:             0 kB
SwapFree:              0 kB
Dirty:                 0 kB
Writeback:             0 kB
AnonPages:        519440 kB
Mapped:           221124 kB
Shmem:              3112 kB
Slab:              33640 kB
SReclaimable:      11836 kB
SUnreclaim:        21804 kB
KernelStack:        9696 kB
PageTables:        20348 kB
NFS_Unstable:          0 kB
Bounce:                0 kB
WritebackTmp:          0 kB
CommitLimit:      675480 kB
Committed_AS:   46197200 kB
VmallocTotal:     253952 kB
VmallocUsed:       93692 kB
VmallocChunk:      47108 kB
Time pass: 199 sec

---2015-12-03 21:52:43
MemTotal:        1350964 kB
MemFree:           49952 kB
Buffers:            8044 kB
Cached:           490752 kB
SwapCached:            0 kB
Active:           710636 kB
Inactive:         305904 kB
Active(anon):     519792 kB
Inactive(anon):     3064 kB
Active(file):     190844 kB
Inactive(file):   302840 kB
Unevictable:        1988 kB
Mlocked:               0 kB
HighTotal:        802816 kB
HighFree:           1540 kB
LowTotal:         548148 kB
LowFree:           48412 kB
SwapTotal:             0 kB
SwapFree:              0 kB
Dirty:                36 kB
Writeback:             0 kB
AnonPages:        519736 kB
Mapped:           221276 kB
Shmem:              3116 kB
Slab:              33680 kB
SReclaimable:      11836 kB
SUnreclaim:        21844 kB
KernelStack:        9696 kB
PageTables:        20348 kB
NFS_Unstable:          0 kB
Bounce:                0 kB
WritebackTmp:          0 kB
CommitLimit:      675480 kB
Committed_AS:   46197324 kB
VmallocTotal:     253952 kB
VmallocUsed:       93692 kB
VmallocChunk:      47108 kB
Time pass: 203 sec

---2015-12-03 21:52:43
MemTotal:        1350964 kB
MemFree:           49828 kB
Buffers:            8060 kB
Cached:           490848 kB
SwapCached:            0 kB
Active:           710820 kB
Inactive:         305988 kB
Active(anon):     519976 kB
Inactive(anon):     3124 kB
Active(file):     190844 kB
Inactive(file):   302864 kB
Unevictable:        1988 kB
Mlocked:               0 kB
HighTotal:        802816 kB
HighFree:           1540 kB
LowTotal:         548148 kB
LowFree:           48288 kB
SwapTotal:             0 kB
SwapFree:              0 kB
Dirty:                40 kB
Writeback:             0 kB
AnonPages:        519924 kB
Mapped:           221372 kB
Shmem:              3212 kB
Slab:              33600 kB
SReclaimable:      11836 kB
SUnreclaim:        21764 kB
KernelStack:        9696 kB
PageTables:        20352 kB
NFS_Unstable:          0 kB
Bounce:                0 kB
WritebackTmp:          0 kB
CommitLimit:      675480 kB
Committed_AS:   46197408 kB
VmallocTotal:     253952 kB
VmallocUsed:       93692 kB
VmallocChunk:      47108 kB
Time pass: 207 sec

---2015-12-03 21:52:43
MemTotal:        1350964 kB
MemFree:           49488 kB
Buffers:            8068 kB
Cached:           490848 kB
SwapCached:            0 kB
Active:           710968 kB
Inactive:         306028 kB
Active(anon):     520124 kB
Inactive(anon):     3164 kB
Active(file):     190844 kB
Inactive(file):   302864 kB
Unevictable:        1988 kB
Mlocked:               0 kB
HighTotal:        802816 kB
HighFree:           1540 kB
LowTotal:         548148 kB
LowFree:           47948 kB
SwapTotal:             0 kB
SwapFree:              0 kB
Dirty:                72 kB
Writeback:             0 kB
AnonPages:        519980 kB
Mapped:           221372 kB
Shmem:              3212 kB
Slab:              33540 kB
SReclaimable:      11836 kB
SUnreclaim:        21704 kB
KernelStack:        9696 kB
PageTables:        20344 kB
NFS_Unstable:          0 kB
Bounce:                0 kB
WritebackTmp:          0 kB
CommitLimit:      675480 kB
Committed_AS:   46197404 kB
VmallocTotal:     253952 kB
VmallocUsed:       93692 kB
VmallocChunk:      47108 kB
Time pass: 210 sec

---2015-12-03 21:52:43
MemTotal:        1350964 kB
MemFree:           50036 kB
Buffers:            8084 kB
Cached:           490848 kB
SwapCached:            0 kB
Active:           711048 kB
Inactive:         306052 kB
Active(anon):     520204 kB
Inactive(anon):     3164 kB
Active(file):     190844 kB
Inactive(file):   302888 kB
Unevictable:        1988 kB
Mlocked:               0 kB
HighTotal:        802816 kB
HighFree:           1540 kB
LowTotal:         548148 kB
LowFree:           48496 kB
SwapTotal:             0 kB
SwapFree:              0 kB
Dirty:                44 kB
Writeback:             0 kB
AnonPages:        520208 kB
Mapped:           221372 kB
Shmem:              3212 kB
Slab:              33604 kB
SReclaimable:      11836 kB
SUnreclaim:        21768 kB
KernelStack:        9696 kB
PageTables:        20348 kB
NFS_Unstable:          0 kB
Bounce:                0 kB
WritebackTmp:          0 kB
CommitLimit:      675480 kB
Committed_AS:   46197360 kB
VmallocTotal:     253952 kB
VmallocUsed:       93692 kB
VmallocChunk:      47108 kB
Time pass: 214 sec

---2015-12-03 21:52:43
MemTotal:        1350964 kB
MemFree:           49904 kB
Buffers:            8100 kB
Cached:           490856 kB
SwapCached:            0 kB
Active:           711180 kB
Inactive:         306076 kB
Active(anon):     520336 kB
Inactive(anon):     3164 kB
Active(file):     190844 kB
Inactive(file):   302912 kB
Unevictable:        1988 kB
Mlocked:               0 kB
HighTotal:        802816 kB
HighFree:           1540 kB
LowTotal:         548148 kB
LowFree:           48364 kB
SwapTotal:             0 kB
SwapFree:              0 kB
Dirty:                48 kB
Writeback:             0 kB
AnonPages:        520344 kB
Mapped:           221396 kB
Shmem:              3212 kB
Slab:              33596 kB
SReclaimable:      11836 kB
SUnreclaim:        21760 kB
KernelStack:        9696 kB
PageTables:        20348 kB
NFS_Unstable:          0 kB
Bounce:                0 kB
WritebackTmp:          0 kB
CommitLimit:      675480 kB
Committed_AS:   46197372 kB
VmallocTotal:     253952 kB
VmallocUsed:       93692 kB
VmallocChunk:      47108 kB
Time pass: 217 sec

---2015-12-03 21:52:43
MemTotal:        1350964 kB
MemFree:           47496 kB
Buffers:            8100 kB
Cached:           491160 kB
SwapCached:            0 kB
Active:           712884 kB
Inactive:         306372 kB
Active(anon):     522032 kB
Inactive(anon):     3164 kB
Active(file):     190852 kB
Inactive(file):   303208 kB
Unevictable:        1988 kB
Mlocked:               0 kB
HighTotal:        802816 kB
HighFree:           1540 kB
LowTotal:         548148 kB
LowFree:           45956 kB
SwapTotal:             0 kB
SwapFree:              0 kB
Dirty:                52 kB
Writeback:             0 kB
AnonPages:        522036 kB
Mapped:           221612 kB
Shmem:              3212 kB
Slab:              33616 kB
SReclaimable:      11836 kB
SUnreclaim:        21780 kB
KernelStack:        9776 kB
PageTables:        20604 kB
NFS_Unstable:          0 kB
Bounce:                0 kB
WritebackTmp:          0 kB
CommitLimit:      675480 kB
Committed_AS:   46986668 kB
VmallocTotal:     253952 kB
VmallocUsed:       94712 kB
VmallocChunk:      47108 kB
Time pass: 221 sec

---2015-12-03 21:52:43
MemTotal:        1350964 kB
MemFree:           46936 kB
Buffers:            8124 kB
Cached:           491160 kB
SwapCached:            0 kB
Active:           712880 kB
Inactive:         306392 kB
Active(anon):     522024 kB
Inactive(anon):     3164 kB
Active(file):     190856 kB
Inactive(file):   303228 kB
Unevictable:        1988 kB
Mlocked:               0 kB
HighTotal:        802816 kB
HighFree:           1912 kB
LowTotal:         548148 kB
LowFree:           45024 kB
SwapTotal:             0 kB
SwapFree:              0 kB
Dirty:                60 kB
Writeback:             0 kB
AnonPages:        522044 kB
Mapped:           221612 kB
Shmem:              3212 kB
Slab:              33708 kB
SReclaimable:      11836 kB
SUnreclaim:        21872 kB
KernelStack:        9696 kB
PageTables:        20600 kB
NFS_Unstable:          0 kB
Bounce:                0 kB
WritebackTmp:          0 kB
CommitLimit:      675480 kB
Committed_AS:   46986464 kB
VmallocTotal:     253952 kB
VmallocUsed:       94712 kB
VmallocChunk:      47108 kB
Time pass: 224 sec

---2015-12-03 21:52:43
MemTotal:        1350964 kB
MemFree:           46764 kB
Buffers:            8124 kB
Cached:           491160 kB
SwapCached:            0 kB
Active:           712960 kB
Inactive:         306392 kB
Active(anon):     522104 kB
Inactive(anon):     3164 kB
Active(file):     190856 kB
Inactive(file):   303228 kB
Unevictable:        1988 kB
Mlocked:               0 kB
HighTotal:        802816 kB
HighFree:           2092 kB
LowTotal:         548148 kB
LowFree:           44672 kB
SwapTotal:             0 kB
SwapFree:              0 kB
Dirty:                 4 kB
Writeback:             0 kB
AnonPages:        522032 kB
Mapped:           221612 kB
Shmem:              3212 kB
Slab:              33740 kB
SReclaimable:      11836 kB
SUnreclaim:        21904 kB
KernelStack:        9696 kB
PageTables:        20600 kB
NFS_Unstable:          0 kB
Bounce:                0 kB
WritebackTmp:          0 kB
CommitLimit:      675480 kB
Committed_AS:   46986440 kB
VmallocTotal:     253952 kB
VmallocUsed:       94712 kB
VmallocChunk:      47108 kB
Time pass: 228 sec

---2015-12-03 21:52:43
MemTotal:        1350964 kB
MemFree:           47360 kB
Buffers:            8148 kB
Cached:           491144 kB
SwapCached:            0 kB
Active:           712364 kB
Inactive:         306392 kB
Active(anon):     521508 kB
Inactive(anon):     3164 kB
Active(file):     190856 kB
Inactive(file):   303228 kB
Unevictable:        1988 kB
Mlocked:               0 kB
HighTotal:        802816 kB
HighFree:           1640 kB
LowTotal:         548148 kB
LowFree:           45720 kB
SwapTotal:             0 kB
SwapFree:              0 kB
Dirty:                36 kB
Writeback:             0 kB
AnonPages:        521504 kB
Mapped:           221612 kB
Shmem:              3212 kB
Slab:              33720 kB
SReclaimable:      11836 kB
SUnreclaim:        21884 kB
KernelStack:        9704 kB
PageTables:        20600 kB
NFS_Unstable:          0 kB
Bounce:                0 kB
WritebackTmp:          0 kB
CommitLimit:      675480 kB
Committed_AS:   46986512 kB
VmallocTotal:     253952 kB
VmallocUsed:       94712 kB
VmallocChunk:      47108 kB
Time pass: 232 sec

---2015-12-03 21:52:43
MemTotal:        1350964 kB
MemFree:           46580 kB
Buffers:            8148 kB
Cached:           491160 kB
SwapCached:            0 kB
Active:           713128 kB
Inactive:         306416 kB
Active(anon):     522272 kB
Inactive(anon):     3164 kB
Active(file):     190856 kB
Inactive(file):   303252 kB
Unevictable:        1988 kB
Mlocked:               0 kB
HighTotal:        802816 kB
HighFree:           1664 kB
LowTotal:         548148 kB
LowFree:           44916 kB
SwapTotal:             0 kB
SwapFree:              0 kB
Dirty:                 4 kB
Writeback:             0 kB
AnonPages:        522336 kB
Mapped:           221612 kB
Shmem:              3212 kB
Slab:              33796 kB
SReclaimable:      11836 kB
SUnreclaim:        21960 kB
KernelStack:        9672 kB
PageTables:        20596 kB
NFS_Unstable:          0 kB
Bounce:                0 kB
WritebackTmp:          0 kB
CommitLimit:      675480 kB
Committed_AS:   46986428 kB
VmallocTotal:     253952 kB
VmallocUsed:       94712 kB
VmallocChunk:      47108 kB
Time pass: 235 sec

---2015-12-03 21:52:43
MemTotal:        1350964 kB
MemFree:           46632 kB
Buffers:            8164 kB
Cached:           491160 kB
SwapCached:            0 kB
Active:           713156 kB
Inactive:         306432 kB
Active(anon):     522300 kB
Inactive(anon):     3164 kB
Active(file):     190856 kB
Inactive(file):   303268 kB
Unevictable:        1988 kB
Mlocked:               0 kB
HighTotal:        802816 kB
HighFree:           1540 kB
LowTotal:         548148 kB
LowFree:           45092 kB
SwapTotal:             0 kB
SwapFree:              0 kB
Dirty:                 4 kB
Writeback:             0 kB
AnonPages:        522308 kB
Mapped:           221612 kB
Shmem:              3212 kB
Slab:              33676 kB
SReclaimable:      11836 kB
SUnreclaim:        21840 kB
KernelStack:        9672 kB
PageTables:        20600 kB
NFS_Unstable:          0 kB
Bounce:                0 kB
WritebackTmp:          0 kB
CommitLimit:      675480 kB
Committed_AS:   46986448 kB
VmallocTotal:     253952 kB
VmallocUsed:       94712 kB
VmallocChunk:      47108 kB
Time pass: 239 sec

---2015-12-03 21:52:43
MemTotal:        1350964 kB
MemFree:           46992 kB
Buffers:            8172 kB
Cached:           491156 kB
SwapCached:            0 kB
Active:           713216 kB
Inactive:         306432 kB
Active(anon):     522360 kB
Inactive(anon):     3164 kB
Active(file):     190856 kB
Inactive(file):   303268 kB
Unevictable:        1988 kB
Mlocked:               0 kB
HighTotal:        802816 kB
HighFree:           1540 kB
LowTotal:         548148 kB
LowFree:           45452 kB
SwapTotal:             0 kB
SwapFree:              0 kB
Dirty:                44 kB
Writeback:             0 kB
AnonPages:        522368 kB
Mapped:           221612 kB
Shmem:              3212 kB
Slab:              33648 kB
SReclaimable:      11836 kB
SUnreclaim:        21812 kB
KernelStack:        9672 kB
PageTables:        20600 kB
NFS_Unstable:          0 kB
Bounce:                0 kB
WritebackTmp:          0 kB
CommitLimit:      675480 kB
Committed_AS:   46986376 kB
VmallocTotal:     253952 kB
VmallocUsed:       94712 kB
VmallocChunk:      47108 kB
Time pass: 242 sec

---2015-12-03 21:52:43
MemTotal:        1350964 kB
MemFree:           46700 kB
Buffers:            8188 kB
Cached:           491308 kB
SwapCached:            0 kB
Active:           713400 kB
Inactive:         306552 kB
Active(anon):     522540 kB
Inactive(anon):     3164 kB
Active(file):     190860 kB
Inactive(file):   303388 kB
Unevictable:        1988 kB
Mlocked:               0 kB
HighTotal:        802816 kB
HighFree:           1540 kB
LowTotal:         548148 kB
LowFree:           45160 kB
SwapTotal:             0 kB
SwapFree:              0 kB
Dirty:                96 kB
Writeback:             0 kB
AnonPages:        522476 kB
Mapped:           221484 kB
Shmem:              3212 kB
Slab:              33584 kB
SReclaimable:      11836 kB
SUnreclaim:        21748 kB
KernelStack:        9672 kB
PageTables:        20600 kB
NFS_Unstable:          0 kB
Bounce:                0 kB
WritebackTmp:          0 kB
CommitLimit:      675480 kB
Committed_AS:   46986500 kB
VmallocTotal:     253952 kB
VmallocUsed:       94712 kB
VmallocChunk:      47108 kB
Time pass: 246 sec

---2015-12-03 21:52:43
MemTotal:        1350964 kB
MemFree:           46856 kB
Buffers:            8188 kB
Cached:           491308 kB
SwapCached:            0 kB
Active:           713444 kB
Inactive:         306596 kB
Active(anon):     522580 kB
Inactive(anon):     3164 kB
Active(file):     190864 kB
Inactive(file):   303432 kB
Unevictable:        1988 kB
Mlocked:               0 kB
HighTotal:        802816 kB
HighFree:           1540 kB
LowTotal:         548148 kB
LowFree:           45316 kB
SwapTotal:             0 kB
SwapFree:              0 kB
Dirty:                96 kB
Writeback:             0 kB
AnonPages:        522536 kB
Mapped:           221632 kB
Shmem:              3212 kB
Slab:              33584 kB
SReclaimable:      11836 kB
SUnreclaim:        21748 kB
KernelStack:        9672 kB
PageTables:        20600 kB
NFS_Unstable:          0 kB
Bounce:                0 kB
WritebackTmp:          0 kB
CommitLimit:      675480 kB
Committed_AS:   46986388 kB
VmallocTotal:     253952 kB
VmallocUsed:       94712 kB
VmallocChunk:      47108 kB
Time pass: 249 sec

---2015-12-03 21:52:43
MemTotal:        1350964 kB
MemFree:           46864 kB
Buffers:            8212 kB
Cached:           491308 kB
SwapCached:            0 kB
Active:           713500 kB
Inactive:         306612 kB
Active(anon):     522636 kB
Inactive(anon):     3164 kB
Active(file):     190864 kB
Inactive(file):   303448 kB
Unevictable:        1988 kB
Mlocked:               0 kB
HighTotal:        802816 kB
HighFree:           1540 kB
LowTotal:         548148 kB
LowFree:           45324 kB
SwapTotal:             0 kB
SwapFree:              0 kB
Dirty:                64 kB
Writeback:             0 kB
AnonPages:        522640 kB
Mapped:           221632 kB
Shmem:              3212 kB
Slab:              33600 kB
SReclaimable:      11836 kB
SUnreclaim:        21764 kB
KernelStack:        9664 kB
PageTables:        20596 kB
NFS_Unstable:          0 kB
Bounce:                0 kB
WritebackTmp:          0 kB
CommitLimit:      675480 kB
Committed_AS:   46986392 kB
VmallocTotal:     253952 kB
VmallocUsed:       94712 kB
VmallocChunk:      47108 kB
Time pass: 253 sec

---2015-12-03 21:52:43
MemTotal:        1350964 kB
MemFree:           46464 kB
Buffers:            8212 kB
Cached:           491308 kB
SwapCached:            0 kB
Active:           713628 kB
Inactive:         306620 kB
Active(anon):     522764 kB
Inactive(anon):     3164 kB
Active(file):     190864 kB
Inactive(file):   303456 kB
Unevictable:        1988 kB
Mlocked:               0 kB
HighTotal:        802816 kB
HighFree:           1540 kB
LowTotal:         548148 kB
LowFree:           44924 kB
SwapTotal:             0 kB
SwapFree:              0 kB
Dirty:                 4 kB
Writeback:             0 kB
AnonPages:        522740 kB
Mapped:           221632 kB
Shmem:              3212 kB
Slab:              33588 kB
SReclaimable:      11836 kB
SUnreclaim:        21752 kB
KernelStack:        9680 kB
PageTables:        20596 kB
NFS_Unstable:          0 kB
Bounce:                0 kB
WritebackTmp:          0 kB
CommitLimit:      675480 kB
Committed_AS:   46986460 kB
VmallocTotal:     253952 kB
VmallocUsed:       94712 kB
VmallocChunk:      47108 kB
Time pass: 256 sec

---2015-12-03 21:52:43
MemTotal:        1350964 kB
MemFree:           46140 kB
Buffers:            8236 kB
Cached:           491292 kB
SwapCached:            0 kB
Active:           713556 kB
Inactive:         306620 kB
Active(anon):     522692 kB
Inactive(anon):     3164 kB
Active(file):     190864 kB
Inactive(file):   303456 kB
Unevictable:        1988 kB
Mlocked:               0 kB
HighTotal:        802816 kB
HighFree:           1540 kB
LowTotal:         548148 kB
LowFree:           44600 kB
SwapTotal:             0 kB
SwapFree:              0 kB
Dirty:                36 kB
Writeback:             0 kB
AnonPages:        522728 kB
Mapped:           221632 kB
Shmem:              3212 kB
Slab:              33672 kB
SReclaimable:      11836 kB
SUnreclaim:        21836 kB
KernelStack:        9672 kB
PageTables:        20596 kB
NFS_Unstable:          0 kB
Bounce:                0 kB
WritebackTmp:          0 kB
CommitLimit:      675480 kB
Committed_AS:   46986376 kB
VmallocTotal:     253952 kB
VmallocUsed:       94712 kB
VmallocChunk:      47108 kB
Time pass: 260 sec

---2015-12-03 21:52:43
MemTotal:        1350964 kB
MemFree:           46180 kB
Buffers:            8252 kB
Cached:           491296 kB
SwapCached:            0 kB
Active:           714536 kB
Inactive:         306648 kB
Active(anon):     523672 kB
Inactive(anon):     3164 kB
Active(file):     190864 kB
Inactive(file):   303484 kB
Unevictable:        1988 kB
Mlocked:               0 kB
HighTotal:        802816 kB
HighFree:           1492 kB
LowTotal:         548148 kB
LowFree:           44688 kB
SwapTotal:             0 kB
SwapFree:              0 kB
Dirty:                 8 kB
Writeback:             0 kB
AnonPages:        523960 kB
Mapped:           221632 kB
Shmem:              3212 kB
Slab:              33772 kB
SReclaimable:      11836 kB
SUnreclaim:        21936 kB
KernelStack:        9664 kB
PageTables:        20596 kB
NFS_Unstable:          0 kB
Bounce:                0 kB
WritebackTmp:          0 kB
CommitLimit:      675480 kB
Committed_AS:   46988176 kB
VmallocTotal:     253952 kB
VmallocUsed:       94712 kB
VmallocChunk:      47108 kB
Time pass: 264 sec

---2015-12-03 21:52:43
MemTotal:        1350964 kB
MemFree:           46744 kB
Buffers:            8252 kB
Cached:           491312 kB
SwapCached:            0 kB
Active:           713336 kB
Inactive:         306660 kB
Active(anon):     522468 kB
Inactive(anon):     3164 kB
Active(file):     190868 kB
Inactive(file):   303496 kB
Unevictable:        1988 kB
Mlocked:               0 kB
HighTotal:        802816 kB
HighFree:           1540 kB
LowTotal:         548148 kB
LowFree:           45204 kB
SwapTotal:             0 kB
SwapFree:              0 kB
Dirty:                44 kB
Writeback:             0 kB
AnonPages:        522608 kB
Mapped:           221632 kB
Shmem:              3212 kB
Slab:              33564 kB
SReclaimable:      11836 kB
SUnreclaim:        21728 kB
KernelStack:        9656 kB
PageTables:        20608 kB
NFS_Unstable:          0 kB
Bounce:                0 kB
WritebackTmp:          0 kB
CommitLimit:      675480 kB
Committed_AS:   46988652 kB
VmallocTotal:     253952 kB
VmallocUsed:       94712 kB
VmallocChunk:      47108 kB
Time pass: 268 sec

---2015-12-03 21:52:43
MemTotal:        1350964 kB
MemFree:           47868 kB
Buffers:            8260 kB
Cached:           491312 kB
SwapCached:            0 kB
Active:           712148 kB
Inactive:         306660 kB
Active(anon):     521280 kB
Inactive(anon):     3164 kB
Active(file):     190868 kB
Inactive(file):   303496 kB
Unevictable:        1988 kB
Mlocked:               0 kB
HighTotal:        802816 kB
HighFree:           1540 kB
LowTotal:         548148 kB
LowFree:           46328 kB
SwapTotal:             0 kB
SwapFree:              0 kB
Dirty:                 0 kB
Writeback:             0 kB
AnonPages:        521208 kB
Mapped:           221632 kB
Shmem:              3212 kB
Slab:              33588 kB
SReclaimable:      11836 kB
SUnreclaim:        21752 kB
KernelStack:        9664 kB
PageTables:        20604 kB
NFS_Unstable:          0 kB
Bounce:                0 kB
WritebackTmp:          0 kB
CommitLimit:      675480 kB
Committed_AS:   46987092 kB
VmallocTotal:     253952 kB
VmallocUsed:       94712 kB
VmallocChunk:      47108 kB
Time pass: 271 sec

---2015-12-03 21:52:43
MemTotal:        1350964 kB
MemFree:           46768 kB
Buffers:            8276 kB
Cached:           491312 kB
SwapCached:            0 kB
Active:           713472 kB
Inactive:         306684 kB
Active(anon):     522604 kB
Inactive(anon):     3164 kB
Active(file):     190868 kB
Inactive(file):   303520 kB
Unevictable:        1988 kB
Mlocked:               0 kB
HighTotal:        802816 kB
HighFree:           1540 kB
LowTotal:         548148 kB
LowFree:           45228 kB
SwapTotal:             0 kB
SwapFree:              0 kB
Dirty:                44 kB
Writeback:             0 kB
AnonPages:        522560 kB
Mapped:           221484 kB
Shmem:              3212 kB
Slab:              33608 kB
SReclaimable:      11836 kB
SUnreclaim:        21772 kB
KernelStack:        9664 kB
PageTables:        20608 kB
NFS_Unstable:          0 kB
Bounce:                0 kB
WritebackTmp:          0 kB
CommitLimit:      675480 kB
Committed_AS:   46988388 kB
VmallocTotal:     253952 kB
VmallocUsed:       94712 kB
VmallocChunk:      47108 kB
Time pass: 275 sec

---2015-12-03 21:52:43
MemTotal:        1350964 kB
MemFree:           46148 kB
Buffers:            8284 kB
Cached:           491332 kB
SwapCached:            0 kB
Active:           713548 kB
Inactive:         306712 kB
Active(anon):     522680 kB
Inactive(anon):     3192 kB
Active(file):     190868 kB
Inactive(file):   303520 kB
Unevictable:        1988 kB
Mlocked:               0 kB
HighTotal:        802816 kB
HighFree:           1540 kB
LowTotal:         548148 kB
LowFree:           44608 kB
SwapTotal:             0 kB
SwapFree:              0 kB
Dirty:                 4 kB
Writeback:             0 kB
AnonPages:        522732 kB
Mapped:           221660 kB
Shmem:              3240 kB
Slab:              33640 kB
SReclaimable:      11836 kB
SUnreclaim:        21804 kB
KernelStack:        9664 kB
PageTables:        20608 kB
NFS_Unstable:          0 kB
Bounce:                0 kB
WritebackTmp:          0 kB
CommitLimit:      675480 kB
Committed_AS:   46988176 kB
VmallocTotal:     253952 kB
VmallocUsed:       94712 kB
VmallocChunk:      47108 kB
Time pass: 278 sec

---2015-12-03 21:52:43
MemTotal:        1350964 kB
MemFree:           46032 kB
Buffers:            8308 kB
Cached:           491340 kB
SwapCached:            0 kB
Active:           713564 kB
Inactive:         306724 kB
Active(anon):     522684 kB
Inactive(anon):     3192 kB
Active(file):     190880 kB
Inactive(file):   303532 kB
Unevictable:        1988 kB
Mlocked:               0 kB
HighTotal:        802816 kB
HighFree:           1540 kB
LowTotal:         548148 kB
LowFree:           44492 kB
SwapTotal:             0 kB
SwapFree:              0 kB
Dirty:                52 kB
Writeback:             0 kB
AnonPages:        522552 kB
Mapped:           221512 kB
Shmem:              3240 kB
Slab:              33680 kB
SReclaimable:      11836 kB
SUnreclaim:        21844 kB
KernelStack:        9664 kB
PageTables:        20604 kB
NFS_Unstable:          0 kB
Bounce:                0 kB
WritebackTmp:          0 kB
CommitLimit:      675480 kB
Committed_AS:   46988168 kB
VmallocTotal:     253952 kB
VmallocUsed:       94712 kB
VmallocChunk:      47108 kB
Time pass: 282 sec

---2015-12-03 21:52:43
MemTotal:        1350964 kB
MemFree:           45748 kB
Buffers:            8324 kB
Cached:           491344 kB
SwapCached:            0 kB
Active:           713700 kB
Inactive:         306748 kB
Active(anon):     522816 kB
Inactive(anon):     3192 kB
Active(file):     190884 kB
Inactive(file):   303556 kB
Unevictable:        1988 kB
Mlocked:               0 kB
HighTotal:        802816 kB
HighFree:           1540 kB
LowTotal:         548148 kB
LowFree:           44208 kB
SwapTotal:             0 kB
SwapFree:              0 kB
Dirty:                52 kB
Writeback:             0 kB
AnonPages:        522656 kB
Mapped:           221640 kB
Shmem:              3240 kB
Slab:              33576 kB
SReclaimable:      11836 kB
SUnreclaim:        21740 kB
KernelStack:        9728 kB
PageTables:        20640 kB
NFS_Unstable:          0 kB
Bounce:                0 kB
WritebackTmp:          0 kB
CommitLimit:      675480 kB
Committed_AS:   46988152 kB
VmallocTotal:     253952 kB
VmallocUsed:       94712 kB
VmallocChunk:      47108 kB
Time pass: 286 sec

---2015-12-03 21:52:43
MemTotal:        1350964 kB
MemFree:           45960 kB
Buffers:            8336 kB
Cached:           491336 kB
SwapCached:            0 kB
Active:           713700 kB
Inactive:         306752 kB
Active(anon):     522816 kB
Inactive(anon):     3192 kB
Active(file):     190884 kB
Inactive(file):   303560 kB
Unevictable:        1988 kB
Mlocked:               0 kB
HighTotal:        802816 kB
HighFree:           1540 kB
LowTotal:         548148 kB
LowFree:           44420 kB
SwapTotal:             0 kB
SwapFree:              0 kB
Dirty:                 4 kB
Writeback:             0 kB
AnonPages:        522672 kB
Mapped:           221660 kB
Shmem:              3240 kB
Slab:              33656 kB
SReclaimable:      11836 kB
SUnreclaim:        21820 kB
KernelStack:        9664 kB
PageTables:        20604 kB
NFS_Unstable:          0 kB
Bounce:                0 kB
WritebackTmp:          0 kB
CommitLimit:      675480 kB
Committed_AS:   46988152 kB
VmallocTotal:     253952 kB
VmallocUsed:       94712 kB
VmallocChunk:      47108 kB
Time pass: 290 sec

---2015-12-03 21:52:43
MemTotal:        1350964 kB
MemFree:           46472 kB
Buffers:            8352 kB
Cached:           491344 kB
SwapCached:            0 kB
Active:           713660 kB
Inactive:         306776 kB
Active(anon):     522776 kB
Inactive(anon):     3192 kB
Active(file):     190884 kB
Inactive(file):   303584 kB
Unevictable:        1988 kB
Mlocked:               0 kB
HighTotal:        802816 kB
HighFree:           1912 kB
LowTotal:         548148 kB
LowFree:           44560 kB
SwapTotal:             0 kB
SwapFree:              0 kB
Dirty:                56 kB
Writeback:             0 kB
AnonPages:        522632 kB
Mapped:           221512 kB
Shmem:              3240 kB
Slab:              33616 kB
SReclaimable:      11836 kB
SUnreclaim:        21780 kB
KernelStack:        9664 kB
PageTables:        20604 kB
NFS_Unstable:          0 kB
Bounce:                0 kB
WritebackTmp:          0 kB
CommitLimit:      675480 kB
Committed_AS:   46988148 kB
VmallocTotal:     253952 kB
VmallocUsed:       94712 kB
VmallocChunk:      47108 kB
Time pass: 294 sec

---2015-12-03 21:52:43
MemTotal:        1350964 kB
MemFree:           45120 kB
Buffers:            8392 kB
Cached:           491448 kB
SwapCached:            0 kB
Active:           713984 kB
Inactive:         306888 kB
Active(anon):     523092 kB
Inactive(anon):     3192 kB
Active(file):     190892 kB
Inactive(file):   303696 kB
Unevictable:        1988 kB
Mlocked:               0 kB
HighTotal:        802816 kB
HighFree:           1540 kB
LowTotal:         548148 kB
LowFree:           43580 kB
SwapTotal:             0 kB
SwapFree:              0 kB
Dirty:                88 kB
Writeback:             0 kB
AnonPages:        523116 kB
Mapped:           221548 kB
Shmem:              3240 kB
Slab:              33632 kB
SReclaimable:      11836 kB
SUnreclaim:        21796 kB
KernelStack:        9672 kB
PageTables:        20624 kB
NFS_Unstable:          0 kB
Bounce:                0 kB
WritebackTmp:          0 kB
CommitLimit:      675480 kB
Committed_AS:   46987916 kB
VmallocTotal:     253952 kB
VmallocUsed:       94712 kB
VmallocChunk:      47108 kB
Time pass: 297 sec

---2015-12-03 21:52:43
MemTotal:        1350964 kB
MemFree:           44860 kB
Buffers:            8408 kB
Cached:           491496 kB
SwapCached:            0 kB
Active:           714936 kB
Inactive:         306976 kB
Active(anon):     524044 kB
Inactive(anon):     3240 kB
Active(file):     190892 kB
Inactive(file):   303736 kB
Unevictable:        1988 kB
Mlocked:               0 kB
HighTotal:        802816 kB
HighFree:           1540 kB
LowTotal:         548148 kB
LowFree:           43320 kB
SwapTotal:             0 kB
SwapFree:              0 kB
Dirty:                56 kB
Writeback:             0 kB
AnonPages:        524052 kB
Mapped:           221744 kB
Shmem:              3288 kB
Slab:              33680 kB
SReclaimable:      11836 kB
SUnreclaim:        21844 kB
KernelStack:        9680 kB
PageTables:        20624 kB
NFS_Unstable:          0 kB
Bounce:                0 kB
WritebackTmp:          0 kB
CommitLimit:      675480 kB
Committed_AS:   46988780 kB
VmallocTotal:     253952 kB
VmallocUsed:       94712 kB
VmallocChunk:      47108 kB
Time pass: 301 sec

---2015-12-03 21:52:43
MemTotal:        1350964 kB
MemFree:           44792 kB
Buffers:            8408 kB
Cached:           491500 kB
SwapCached:            0 kB
Active:           714168 kB
Inactive:         306976 kB
Active(anon):     523272 kB
Inactive(anon):     3240 kB
Active(file):     190896 kB
Inactive(file):   303736 kB
Unevictable:        1988 kB
Mlocked:               0 kB
HighTotal:        802816 kB
HighFree:           1540 kB
LowTotal:         548148 kB
LowFree:           43252 kB
SwapTotal:             0 kB
SwapFree:              0 kB
Dirty:                60 kB
Writeback:             0 kB
AnonPages:        523256 kB
Mapped:           221696 kB
Shmem:              3288 kB
Slab:              33692 kB
SReclaimable:      11836 kB
SUnreclaim:        21856 kB
KernelStack:        9672 kB
PageTables:        20608 kB
NFS_Unstable:          0 kB
Bounce:                0 kB
WritebackTmp:          0 kB
CommitLimit:      675480 kB
Committed_AS:   46987872 kB
VmallocTotal:     253952 kB
VmallocUsed:       94712 kB
VmallocChunk:      47108 kB
Time pass: 304 sec

---2015-12-03 21:52:43
MemTotal:        1350964 kB
MemFree:           44504 kB
Buffers:            8432 kB
Cached:           491484 kB
SwapCached:            0 kB
Active:           714404 kB
Inactive:         306980 kB
Active(anon):     523504 kB
Inactive(anon):     3240 kB
Active(file):     190900 kB
Inactive(file):   303740 kB
Unevictable:        1988 kB
Mlocked:               0 kB
HighTotal:        802816 kB
HighFree:           1540 kB
LowTotal:         548148 kB
LowFree:           42964 kB
SwapTotal:             0 kB
SwapFree:              0 kB
Dirty:                40 kB
Writeback:             0 kB
AnonPages:        523484 kB
Mapped:           221744 kB
Shmem:              3288 kB
Slab:              33624 kB
SReclaimable:      11836 kB
SUnreclaim:        21788 kB
KernelStack:        9696 kB
PageTables:        20624 kB
NFS_Unstable:          0 kB
Bounce:                0 kB
WritebackTmp:          0 kB
CommitLimit:      675480 kB
Committed_AS:   46988024 kB
VmallocTotal:     253952 kB
VmallocUsed:       94712 kB
VmallocChunk:      47108 kB
Time pass: 308 sec

---2015-12-03 21:52:43
MemTotal:        1350964 kB
MemFree:           44148 kB
Buffers:            8432 kB
Cached:           491500 kB
SwapCached:            0 kB
Active:           715256 kB
Inactive:         306996 kB
Active(anon):     524356 kB
Inactive(anon):     3240 kB
Active(file):     190900 kB
Inactive(file):   303756 kB
Unevictable:        1988 kB
Mlocked:               0 kB
HighTotal:        802816 kB
HighFree:           1540 kB
LowTotal:         548148 kB
LowFree:           42608 kB
SwapTotal:             0 kB
SwapFree:              0 kB
Dirty:                 4 kB
Writeback:             0 kB
AnonPages:        524368 kB
Mapped:           221744 kB
Shmem:              3288 kB
Slab:              33664 kB
SReclaimable:      11836 kB
SUnreclaim:        21828 kB
KernelStack:        9696 kB
PageTables:        20628 kB
NFS_Unstable:          0 kB
Bounce:                0 kB
WritebackTmp:          0 kB
CommitLimit:      675480 kB
Committed_AS:   46989304 kB
VmallocTotal:     253952 kB
VmallocUsed:       94712 kB
VmallocChunk:      47108 kB
Time pass: 312 sec

---2015-12-03 21:52:43
MemTotal:        1350964 kB
MemFree:           43524 kB
Buffers:            8448 kB
Cached:           491500 kB
SwapCached:            0 kB
Active:           714776 kB
Inactive:         307012 kB
Active(anon):     523876 kB
Inactive(anon):     3240 kB
Active(file):     190900 kB
Inactive(file):   303772 kB
Unevictable:        1988 kB
Mlocked:               0 kB
HighTotal:        802816 kB
HighFree:           1540 kB
LowTotal:         548148 kB
LowFree:           41984 kB
SwapTotal:             0 kB
SwapFree:              0 kB
Dirty:                44 kB
Writeback:             0 kB
AnonPages:        523776 kB
Mapped:           221744 kB
Shmem:              3288 kB
Slab:              33832 kB
SReclaimable:      11836 kB
SUnreclaim:        21996 kB
KernelStack:        9680 kB
PageTables:        20624 kB
NFS_Unstable:          0 kB
Bounce:                0 kB
WritebackTmp:          0 kB
CommitLimit:      675480 kB
Committed_AS:   46988188 kB
VmallocTotal:     253952 kB
VmallocUsed:       94712 kB
VmallocChunk:      47108 kB
Time pass: 315 sec

---2015-12-03 21:52:43
MemTotal:        1350964 kB
MemFree:           44248 kB
Buffers:            8456 kB
Cached:           491500 kB
SwapCached:            0 kB
Active:           714728 kB
Inactive:         307012 kB
Active(anon):     523828 kB
Inactive(anon):     3240 kB
Active(file):     190900 kB
Inactive(file):   303772 kB
Unevictable:        1988 kB
Mlocked:               0 kB
HighTotal:        802816 kB
HighFree:           1540 kB
LowTotal:         548148 kB
LowFree:           42708 kB
SwapTotal:             0 kB
SwapFree:              0 kB
Dirty:                36 kB
Writeback:             0 kB
AnonPages:        523700 kB
Mapped:           221596 kB
Shmem:              3288 kB
Slab:              33728 kB
SReclaimable:      11836 kB
SUnreclaim:        21892 kB
KernelStack:        9680 kB
PageTables:        20628 kB
NFS_Unstable:          0 kB
Bounce:                0 kB
WritebackTmp:          0 kB
CommitLimit:      675480 kB
Committed_AS:   46988168 kB
VmallocTotal:     253952 kB
VmallocUsed:       94712 kB
VmallocChunk:      47108 kB
Time pass: 319 sec

---2015-12-03 21:52:43
MemTotal:        1350964 kB
MemFree:           44348 kB
Buffers:            8472 kB
Cached:           491500 kB
SwapCached:            0 kB
Active:           714828 kB
Inactive:         307036 kB
Active(anon):     523928 kB
Inactive(anon):     3240 kB
Active(file):     190900 kB
Inactive(file):   303796 kB
Unevictable:        1988 kB
Mlocked:               0 kB
HighTotal:        802816 kB
HighFree:           1540 kB
LowTotal:         548148 kB
LowFree:           42808 kB
SwapTotal:             0 kB
SwapFree:              0 kB
Dirty:                44 kB
Writeback:             0 kB
AnonPages:        523936 kB
Mapped:           221596 kB
Shmem:              3288 kB
Slab:              33748 kB
SReclaimable:      11836 kB
SUnreclaim:        21912 kB
KernelStack:        9680 kB
PageTables:        20628 kB
NFS_Unstable:          0 kB
Bounce:                0 kB
WritebackTmp:          0 kB
CommitLimit:      675480 kB
Committed_AS:   46988108 kB
VmallocTotal:     253952 kB
VmallocUsed:       94712 kB
VmallocChunk:      47108 kB
Time pass: 322 sec

---2015-12-03 21:52:43
MemTotal:        1350964 kB
MemFree:           44652 kB
Buffers:            8480 kB
Cached:           491500 kB
SwapCached:            0 kB
Active:           714884 kB
Inactive:         307044 kB
Active(anon):     523984 kB
Inactive(anon):     3240 kB
Active(file):     190900 kB
Inactive(file):   303804 kB
Unevictable:        1988 kB
Mlocked:               0 kB
HighTotal:        802816 kB
HighFree:           2656 kB
LowTotal:         548148 kB
LowFree:           41996 kB
SwapTotal:             0 kB
SwapFree:              0 kB
Dirty:                32 kB
Writeback:             0 kB
AnonPages:        524008 kB
Mapped:           221744 kB
