---2015-12-08 17:44:29
MemTotal:        1959952 kB
MemFree:           80924 kB
Buffers:            5436 kB
Cached:          1231636 kB
SwapCached:          220 kB
Active:           863756 kB
Inactive:         780148 kB
Active(anon):     248684 kB
Inactive(anon):   159256 kB
Active(file):     615072 kB
Inactive(file):   620892 kB
Unevictable:         968 kB
Mlocked:               0 kB
HighTotal:       1372556 kB
HighFree:          27188 kB
LowTotal:         587396 kB
LowFree:           53736 kB
SwapTotal:        262140 kB
SwapFree:         248944 kB
Dirty:               232 kB
Writeback:             0 kB
AnonPages:        408032 kB
Mapped:           281472 kB
Shmem:               140 kB
Slab:              55236 kB
SReclaimable:      16872 kB
SUnreclaim:        38364 kB
KernelStack:       15080 kB
PageTables:        26324 kB
NFS_Unstable:          0 kB
Bounce:                0 kB
WritebackTmp:          0 kB
CommitLimit:     1242116 kB
Committed_AS:   55773056 kB
VmallocTotal:     409600 kB
VmallocUsed:       32840 kB
VmallocChunk:     104476 kB
Time pass: 3 sec

---2015-12-08 17:44:29
MemTotal:        1959952 kB
MemFree:           83164 kB
Buffers:            5436 kB
Cached:          1224616 kB
SwapCached:          220 kB
Active:           864512 kB
Inactive:         775344 kB
Active(anon):     251748 kB
Inactive(anon):   159884 kB
Active(file):     612764 kB
Inactive(file):   615460 kB
Unevictable:        1660 kB
Mlocked:               0 kB
HighTotal:       1372556 kB
HighFree:          28272 kB
LowTotal:         587396 kB
LowFree:           54892 kB
SwapTotal:        262140 kB
SwapFree:         248616 kB
Dirty:               280 kB
Writeback:             0 kB
AnonPages:        411768 kB
Mapped:           281660 kB
Shmem:               140 kB
Slab:              54948 kB
SReclaimable:      16824 kB
SUnreclaim:        38124 kB
KernelStack:       15112 kB
PageTables:        26332 kB
NFS_Unstable:          0 kB
Bounce:                0 kB
WritebackTmp:          0 kB
CommitLimit:     1242116 kB
Committed_AS:   55775256 kB
VmallocTotal:     409600 kB
VmallocUsed:       32840 kB
VmallocChunk:     104476 kB
Time pass: 7 sec

---2015-12-08 17:44:29
MemTotal:        1959952 kB
MemFree:           83860 kB
Buffers:            5436 kB
Cached:          1225780 kB
SwapCached:          220 kB
Active:           861848 kB
Inactive:         776416 kB
Active(anon):     249020 kB
Inactive(anon):   159872 kB
Active(file):     612828 kB
Inactive(file):   616544 kB
Unevictable:        1660 kB
Mlocked:               0 kB
HighTotal:       1372556 kB
HighFree:          29008 kB
LowTotal:         587396 kB
LowFree:           54852 kB
SwapTotal:        262140 kB
SwapFree:         248616 kB
Dirty:               332 kB
Writeback:            32 kB
AnonPages:        409132 kB
Mapped:           282032 kB
Shmem:               140 kB
Slab:              55540 kB
SReclaimable:      16944 kB
SUnreclaim:        38596 kB
KernelStack:       15112 kB
PageTables:        26336 kB
NFS_Unstable:          0 kB
Bounce:                0 kB
WritebackTmp:          0 kB
CommitLimit:     1242116 kB
Committed_AS:   55768440 kB
VmallocTotal:     409600 kB
VmallocUsed:       32840 kB
VmallocChunk:     104476 kB
Time pass: 10 sec

---2015-12-08 17:44:29
MemTotal:        1959952 kB
MemFree:           83164 kB
Buffers:            5436 kB
Cached:          1225896 kB
SwapCached:          220 kB
Active:           862188 kB
Inactive:         776544 kB
Active(anon):     249340 kB
Inactive(anon):   159876 kB
Active(file):     612848 kB
Inactive(file):   616668 kB
Unevictable:        1660 kB
Mlocked:               0 kB
HighTotal:       1372556 kB
HighFree:          28448 kB
LowTotal:         587396 kB
LowFree:           54716 kB
SwapTotal:        262140 kB
SwapFree:         248616 kB
Dirty:               336 kB
Writeback:             0 kB
AnonPages:        409244 kB
Mapped:           282156 kB
Shmem:               140 kB
Slab:              55632 kB
SReclaimable:      16944 kB
SUnreclaim:        38688 kB
KernelStack:       15120 kB
PageTables:        26332 kB
NFS_Unstable:          0 kB
Bounce:                0 kB
WritebackTmp:          0 kB
CommitLimit:     1242116 kB
Committed_AS:   55768672 kB
VmallocTotal:     409600 kB
VmallocUsed:       32840 kB
VmallocChunk:     104476 kB
Time pass: 14 sec

---2015-12-08 17:44:29
MemTotal:        1959952 kB
MemFree:           87880 kB
Buffers:            5436 kB
Cached:          1225896 kB
SwapCached:          220 kB
Active:           857448 kB
Inactive:         776548 kB
Active(anon):     244596 kB
Inactive(anon):   159876 kB
Active(file):     612852 kB
Inactive(file):   616672 kB
Unevictable:        1660 kB
Mlocked:               0 kB
HighTotal:       1372556 kB
HighFree:          32920 kB
LowTotal:         587396 kB
LowFree:           54960 kB
SwapTotal:        262140 kB
SwapFree:         248616 kB
Dirty:               308 kB
Writeback:             0 kB
AnonPages:        404564 kB
Mapped:           282156 kB
Shmem:               140 kB
Slab:              55624 kB
SReclaimable:      16944 kB
SUnreclaim:        38680 kB
KernelStack:       15120 kB
PageTables:        26332 kB
NFS_Unstable:          0 kB
Bounce:                0 kB
WritebackTmp:          0 kB
CommitLimit:     1242116 kB
Committed_AS:   55768668 kB
VmallocTotal:     409600 kB
VmallocUsed:       32840 kB
VmallocChunk:     104476 kB
Time pass: 18 sec

---2015-12-08 17:44:29
MemTotal:        1959952 kB
MemFree:           76732 kB
Buffers:            5436 kB
Cached:          1192364 kB
SwapCached:          396 kB
Active:           831364 kB
Inactive:         777180 kB
Active(anon):     251972 kB
Inactive(anon):   161816 kB
Active(file):     579392 kB
Inactive(file):   615364 kB
Unevictable:        1744 kB
Mlocked:               0 kB
HighTotal:       1372556 kB
HighFree:          27708 kB
LowTotal:         587396 kB
LowFree:           49024 kB
SwapTotal:        262140 kB
SwapFree:         246332 kB
Dirty:               876 kB
Writeback:             4 kB
AnonPages:        412860 kB
Mapped:           298544 kB
Shmem:              1116 kB
Slab:              54812 kB
SReclaimable:      16280 kB
SUnreclaim:        38532 kB
KernelStack:       15416 kB
PageTables:        26908 kB
NFS_Unstable:          0 kB
Bounce:                0 kB
WritebackTmp:          0 kB
CommitLimit:     1242116 kB
Committed_AS:   56768992 kB
VmallocTotal:     409600 kB
VmallocUsed:       32976 kB
VmallocChunk:     104476 kB
Time pass: 21 sec

---2015-12-08 17:44:29
MemTotal:        1959952 kB
MemFree:           89136 kB
Buffers:            2644 kB
Cached:          1102592 kB
SwapCached:          404 kB
Active:           826168 kB
Inactive:         720336 kB
Active(anon):     275396 kB
Inactive(anon):   168844 kB
Active(file):     550772 kB
Inactive(file):   551492 kB
Unevictable:        1744 kB
Mlocked:               0 kB
HighTotal:       1372556 kB
HighFree:          35200 kB
LowTotal:         587396 kB
LowFree:           53936 kB
SwapTotal:        262140 kB
SwapFree:         238084 kB
Dirty:               436 kB
Writeback:             0 kB
AnonPages:        443076 kB
Mapped:           309020 kB
Shmem:              1192 kB
Slab:              55888 kB
SReclaimable:      16744 kB
SUnreclaim:        39144 kB
KernelStack:       15952 kB
PageTables:        27648 kB
NFS_Unstable:          0 kB
Bounce:                0 kB
WritebackTmp:          0 kB
CommitLimit:     1242116 kB
Committed_AS:   57728400 kB
VmallocTotal:     409600 kB
VmallocUsed:       33104 kB
VmallocChunk:     104476 kB
Time pass: 25 sec

---2015-12-08 17:44:29
MemTotal:        1959952 kB
MemFree:           85560 kB
Buffers:            2644 kB
Cached:          1086192 kB
SwapCached:          516 kB
Active:           810200 kB
Inactive:         709976 kB
Active(anon):     266888 kB
Inactive(anon):   166456 kB
Active(file):     543312 kB
Inactive(file):   543520 kB
Unevictable:        1744 kB
Mlocked:               0 kB
HighTotal:       1372556 kB
HighFree:          27096 kB
LowTotal:         587396 kB
LowFree:           58464 kB
SwapTotal:        262140 kB
SwapFree:         237444 kB
Dirty:               748 kB
Writeback:             0 kB
AnonPages:        433076 kB
Mapped:           318048 kB
Shmem:               252 kB
Slab:              56172 kB
SReclaimable:      16884 kB
SUnreclaim:        39288 kB
KernelStack:       15928 kB
PageTables:        27612 kB
NFS_Unstable:          0 kB
Bounce:                0 kB
WritebackTmp:          0 kB
CommitLimit:     1242116 kB
Committed_AS:   57722956 kB
VmallocTotal:     409600 kB
VmallocUsed:       33308 kB
VmallocChunk:     104476 kB
Time pass: 29 sec

---2015-12-08 17:44:29
MemTotal:        1959952 kB
MemFree:           88652 kB
Buffers:            2644 kB
Cached:          1086256 kB
SwapCached:          516 kB
Active:           806688 kB
Inactive:         709896 kB
Active(anon):     263236 kB
Inactive(anon):   166452 kB
Active(file):     543452 kB
Inactive(file):   543444 kB
Unevictable:        1744 kB
Mlocked:               0 kB
HighTotal:       1372556 kB
HighFree:          30096 kB
LowTotal:         587396 kB
LowFree:           58556 kB
SwapTotal:        262140 kB
SwapFree:         237444 kB
Dirty:               416 kB
Writeback:             0 kB
AnonPages:        429476 kB
Mapped:           318252 kB
Shmem:               252 kB
Slab:              56292 kB
SReclaimable:      16996 kB
SUnreclaim:        39296 kB
KernelStack:       15928 kB
PageTables:        27624 kB
NFS_Unstable:          0 kB
Bounce:                0 kB
WritebackTmp:          0 kB
CommitLimit:     1242116 kB
Committed_AS:   57723044 kB
VmallocTotal:     409600 kB
VmallocUsed:       33308 kB
VmallocChunk:     104476 kB
Time pass: 32 sec

---2015-12-08 17:44:29
MemTotal:        1959952 kB
MemFree:           95880 kB
Buffers:            2644 kB
Cached:          1086256 kB
SwapCached:          516 kB
Active:           800060 kB
Inactive:         709864 kB
Active(anon):     256568 kB
Inactive(anon):   166452 kB
Active(file):     543492 kB
Inactive(file):   543412 kB
Unevictable:        1744 kB
Mlocked:               0 kB
HighTotal:       1372556 kB
HighFree:          34664 kB
LowTotal:         587396 kB
LowFree:           61216 kB
SwapTotal:        262140 kB
SwapFree:         237444 kB
Dirty:               436 kB
Writeback:             0 kB
AnonPages:        422732 kB
Mapped:           313692 kB
Shmem:               252 kB
Slab:              55964 kB
SReclaimable:      16996 kB
SUnreclaim:        38968 kB
KernelStack:       15752 kB
PageTables:        27164 kB
NFS_Unstable:          0 kB
Bounce:                0 kB
WritebackTmp:          0 kB
CommitLimit:     1242116 kB
Committed_AS:   56772560 kB
VmallocTotal:     409600 kB
VmallocUsed:       32288 kB
VmallocChunk:     104476 kB
Time pass: 36 sec

---2015-12-08 17:44:29
MemTotal:        1959952 kB
MemFree:          101268 kB
Buffers:            2440 kB
Cached:          1018516 kB
SwapCached:          552 kB
Active:           775944 kB
Inactive:         675500 kB
Active(anon):     265804 kB
Inactive(anon):   166928 kB
Active(file):     510140 kB
Inactive(file):   508572 kB
Unevictable:        1744 kB
Mlocked:               0 kB
HighTotal:       1372556 kB
HighFree:          40244 kB
LowTotal:         587396 kB
LowFree:           61024 kB
SwapTotal:        262140 kB
SwapFree:         234920 kB
Dirty:               440 kB
Writeback:             4 kB
AnonPages:        432720 kB
Mapped:           318092 kB
Shmem:               252 kB
Slab:              56484 kB
SReclaimable:      17124 kB
SUnreclaim:        39360 kB
KernelStack:       15816 kB
PageTables:        27348 kB
NFS_Unstable:          0 kB
Bounce:                0 kB
WritebackTmp:          0 kB
CommitLimit:     1242116 kB
Committed_AS:   56780864 kB
VmallocTotal:     409600 kB
VmallocUsed:       32452 kB
VmallocChunk:     104476 kB
Time pass: 40 sec

---2015-12-08 17:44:29
MemTotal:        1959952 kB
MemFree:          101544 kB
Buffers:            2440 kB
Cached:          1018492 kB
SwapCached:          552 kB
Active:           775036 kB
Inactive:         675352 kB
Active(anon):     264868 kB
Inactive(anon):   166628 kB
Active(file):     510168 kB
Inactive(file):   508724 kB
Unevictable:        1744 kB
Mlocked:               0 kB
HighTotal:       1372556 kB
HighFree:          40868 kB
LowTotal:         587396 kB
LowFree:           60676 kB
SwapTotal:        262140 kB
SwapFree:         234928 kB
Dirty:               480 kB
Writeback:             4 kB
AnonPages:        431104 kB
Mapped:           318392 kB
Shmem:               252 kB
Slab:              56500 kB
SReclaimable:      17072 kB
SUnreclaim:        39428 kB
KernelStack:       15808 kB
PageTables:        27360 kB
NFS_Unstable:          0 kB
Bounce:                0 kB
WritebackTmp:          0 kB
CommitLimit:     1242116 kB
Committed_AS:   56781792 kB
VmallocTotal:     409600 kB
VmallocUsed:       32452 kB
VmallocChunk:     104476 kB
Time pass: 43 sec

---2015-12-08 17:44:29
MemTotal:        1959952 kB
MemFree:          100244 kB
Buffers:            2440 kB
Cached:          1020468 kB
SwapCached:          552 kB
Active:           786952 kB
Inactive:         677032 kB
Active(anon):     276592 kB
Inactive(anon):   166616 kB
Active(file):     510360 kB
Inactive(file):   510416 kB
Unevictable:        1744 kB
Mlocked:               0 kB
HighTotal:       1372556 kB
HighFree:          36636 kB
LowTotal:         587396 kB
LowFree:           63608 kB
SwapTotal:        262140 kB
SwapFree:         234932 kB
Dirty:               696 kB
Writeback:             0 kB
AnonPages:        443000 kB
Mapped:           316108 kB
Shmem:               256 kB
Slab:              56564 kB
SReclaimable:      17076 kB
SUnreclaim:        39488 kB
KernelStack:       15800 kB
PageTables:        27340 kB
NFS_Unstable:          0 kB
Bounce:                0 kB
WritebackTmp:          0 kB
CommitLimit:     1242116 kB
Committed_AS:   56794668 kB
VmallocTotal:     409600 kB
VmallocUsed:       32392 kB
VmallocChunk:     104476 kB
Time pass: 47 sec

---2015-12-08 17:44:29
MemTotal:        1959952 kB
MemFree:           79472 kB
Buffers:            2440 kB
Cached:          1005992 kB
SwapCached:          552 kB
Active:           782004 kB
Inactive:         674588 kB
Active(anon):     279820 kB
Inactive(anon):   170412 kB
Active(file):     502184 kB
Inactive(file):   504176 kB
Unevictable:        1744 kB
Mlocked:               0 kB
HighTotal:       1372556 kB
HighFree:          24836 kB
LowTotal:         587396 kB
LowFree:           54636 kB
SwapTotal:        262140 kB
SwapFree:         234352 kB
Dirty:               560 kB
Writeback:             0 kB
AnonPages:        449912 kB
Mapped:           339844 kB
Shmem:               256 kB
Slab:              56772 kB
SReclaimable:      17096 kB
SUnreclaim:        39676 kB
KernelStack:       15848 kB
PageTables:        27416 kB
NFS_Unstable:          0 kB
Bounce:                0 kB
WritebackTmp:          0 kB
CommitLimit:     1242116 kB
Committed_AS:   56801472 kB
VmallocTotal:     409600 kB
VmallocUsed:       32544 kB
VmallocChunk:     104476 kB
Time pass: 50 sec

---2015-12-08 17:44:29
MemTotal:        1959952 kB
MemFree:          114316 kB
Buffers:            2416 kB
Cached:           966296 kB
SwapCached:          552 kB
Active:           759452 kB
Inactive:         652892 kB
Active(anon):     274464 kB
Inactive(anon):   171212 kB
Active(file):     484988 kB
Inactive(file):   481680 kB
Unevictable:        1744 kB
Mlocked:               0 kB
HighTotal:       1372556 kB
HighFree:          48460 kB
LowTotal:         587396 kB
LowFree:           65856 kB
SwapTotal:        262140 kB
SwapFree:         231528 kB
Dirty:               640 kB
Writeback:             0 kB
AnonPages:        445576 kB
Mapped:           342776 kB
Shmem:               256 kB
Slab:              56684 kB
SReclaimable:      17192 kB
SUnreclaim:        39492 kB
KernelStack:       15856 kB
PageTables:        27448 kB
NFS_Unstable:          0 kB
Bounce:                0 kB
WritebackTmp:          0 kB
CommitLimit:     1242116 kB
Committed_AS:   56800160 kB
VmallocTotal:     409600 kB
VmallocUsed:       32592 kB
VmallocChunk:     104476 kB
Time pass: 54 sec

---2015-12-08 17:44:29
MemTotal:        1959952 kB
MemFree:          100108 kB
Buffers:            2416 kB
Cached:           966816 kB
SwapCached:          552 kB
Active:           760940 kB
Inactive:         653344 kB
Active(anon):     275948 kB
Inactive(anon):   171200 kB
Active(file):     484992 kB
Inactive(file):   482144 kB
Unevictable:        1744 kB
Mlocked:               0 kB
HighTotal:       1372556 kB
HighFree:          40560 kB
LowTotal:         587396 kB
LowFree:           59548 kB
SwapTotal:        262140 kB
SwapFree:         231528 kB
Dirty:               904 kB
Writeback:             0 kB
AnonPages:        446884 kB
Mapped:           346100 kB
Shmem:               256 kB
Slab:              56752 kB
SReclaimable:      17136 kB
SUnreclaim:        39616 kB
KernelStack:       15856 kB
PageTables:        27476 kB
NFS_Unstable:          0 kB
Bounce:                0 kB
WritebackTmp:          0 kB
CommitLimit:     1242116 kB
Committed_AS:   56801772 kB
VmallocTotal:     409600 kB
VmallocUsed:       32628 kB
VmallocChunk:     104476 kB
Time pass: 58 sec

---2015-12-08 17:44:29
MemTotal:        1959952 kB
MemFree:           99404 kB
Buffers:            2416 kB
Cached:           966824 kB
SwapCached:          552 kB
Active:           761112 kB
Inactive:         653412 kB
Active(anon):     276084 kB
Inactive(anon):   171200 kB
Active(file):     485028 kB
Inactive(file):   482212 kB
Unevictable:        1744 kB
Mlocked:               0 kB
HighTotal:       1372556 kB
HighFree:          39852 kB
LowTotal:         587396 kB
LowFree:           59552 kB
SwapTotal:        262140 kB
SwapFree:         231528 kB
Dirty:               664 kB
Writeback:             0 kB
AnonPages:        447208 kB
Mapped:           346796 kB
Shmem:               256 kB
Slab:              56544 kB
SReclaimable:      17136 kB
SUnreclaim:        39408 kB
KernelStack:       15856 kB
PageTables:        27484 kB
NFS_Unstable:          0 kB
Bounce:                0 kB
WritebackTmp:          0 kB
CommitLimit:     1242116 kB
Committed_AS:   56801744 kB
VmallocTotal:     409600 kB
VmallocUsed:       32628 kB
VmallocChunk:     104476 kB
Time pass: 61 sec

---2015-12-08 17:44:29
MemTotal:        1959952 kB
MemFree:           91656 kB
Buffers:            2416 kB
Cached:           955204 kB
SwapCached:          552 kB
Active:           759408 kB
Inactive:         649360 kB
Active(anon):     281948 kB
Inactive(anon):   171212 kB
Active(file):     477460 kB
Inactive(file):   478148 kB
Unevictable:        1744 kB
Mlocked:               0 kB
HighTotal:       1372556 kB
HighFree:          38368 kB
LowTotal:         587396 kB
LowFree:           53288 kB
SwapTotal:        262140 kB
SwapFree:         230636 kB
Dirty:              1324 kB
Writeback:             0 kB
AnonPages:        453008 kB
Mapped:           360900 kB
Shmem:               256 kB
Slab:              56508 kB
SReclaimable:      16992 kB
SUnreclaim:        39516 kB
KernelStack:       15864 kB
PageTables:        27500 kB
NFS_Unstable:          0 kB
Bounce:                0 kB
WritebackTmp:          0 kB
CommitLimit:     1242116 kB
Committed_AS:   56807320 kB
VmallocTotal:     409600 kB
VmallocUsed:       32704 kB
VmallocChunk:     104476 kB
Time pass: 68 sec

---2015-12-08 17:44:29
MemTotal:        1959952 kB
MemFree:           93808 kB
Buffers:            2412 kB
Cached:           940524 kB
SwapCached:          552 kB
Active:           763420 kB
Inactive:         644156 kB
Active(anon):     293140 kB
Inactive(anon):   173524 kB
Active(file):     470280 kB
Inactive(file):   470632 kB
Unevictable:        1744 kB
Mlocked:               0 kB
HighTotal:       1372556 kB
HighFree:          36356 kB
LowTotal:         587396 kB
LowFree:           57452 kB
SwapTotal:        262140 kB
SwapFree:         229328 kB
Dirty:               896 kB
Writeback:             0 kB
AnonPages:        466208 kB
Mapped:           364684 kB
Shmem:               256 kB
Slab:              56716 kB
SReclaimable:      17048 kB
SUnreclaim:        39668 kB
KernelStack:       15936 kB
PageTables:        27588 kB
NFS_Unstable:          0 kB
Bounce:                0 kB
WritebackTmp:          0 kB
CommitLimit:     1242116 kB
Committed_AS:   56826952 kB
VmallocTotal:     409600 kB
VmallocUsed:       32704 kB
VmallocChunk:     104476 kB
Time pass: 72 sec

---2015-12-08 17:44:29
MemTotal:        1959952 kB
MemFree:           81232 kB
Buffers:            2416 kB
Cached:           924040 kB
SwapCached:         1116 kB
Active:           759156 kB
Inactive:         637248 kB
Active(anon):     297072 kB
Inactive(anon):   175012 kB
Active(file):     462084 kB
Inactive(file):   462236 kB
Unevictable:        1744 kB
Mlocked:               0 kB
HighTotal:       1372556 kB
HighFree:          25732 kB
LowTotal:         587396 kB
LowFree:           55500 kB
SwapTotal:        262140 kB
SwapFree:         228604 kB
Dirty:               892 kB
Writeback:             0 kB
AnonPages:        471632 kB
Mapped:           362668 kB
Shmem:               392 kB
Slab:              56000 kB
SReclaimable:      16752 kB
SUnreclaim:        39248 kB
KernelStack:       16048 kB
PageTables:        27716 kB
NFS_Unstable:          0 kB
Bounce:                0 kB
WritebackTmp:          0 kB
CommitLimit:     1242116 kB
Committed_AS:   56844484 kB
VmallocTotal:     409600 kB
VmallocUsed:       35112 kB
VmallocChunk:     104476 kB
Time pass: 76 sec

---2015-12-08 17:44:29
MemTotal:        1959952 kB
MemFree:           83948 kB
Buffers:            2416 kB
Cached:           891580 kB
SwapCached:         1116 kB
Active:           743636 kB
Inactive:         620908 kB
Active(anon):     297428 kB
Inactive(anon):   175352 kB
Active(file):     446208 kB
Inactive(file):   445556 kB
Unevictable:        1744 kB
Mlocked:               0 kB
HighTotal:       1372556 kB
HighFree:          32564 kB
LowTotal:         587396 kB
LowFree:           51384 kB
SwapTotal:        262140 kB
SwapFree:         227348 kB
Dirty:               884 kB
Writeback:             0 kB
AnonPages:        472236 kB
Mapped:           362396 kB
Shmem:               488 kB
Slab:              55668 kB
SReclaimable:      16512 kB
SUnreclaim:        39156 kB
KernelStack:       16056 kB
PageTables:        27892 kB
NFS_Unstable:          0 kB
Bounce:                0 kB
WritebackTmp:          0 kB
CommitLimit:     1242116 kB
Committed_AS:   56845280 kB
VmallocTotal:     409600 kB
VmallocUsed:       35112 kB
VmallocChunk:     104476 kB
Time pass: 81 sec

---2015-12-08 17:44:29
MemTotal:        1959952 kB
MemFree:           83400 kB
Buffers:            2416 kB
Cached:           891688 kB
SwapCached:         1116 kB
Active:           744092 kB
Inactive:         621012 kB
Active(anon):     297884 kB
Inactive(anon):   175456 kB
Active(file):     446208 kB
Inactive(file):   445556 kB
Unevictable:        1744 kB
Mlocked:               0 kB
HighTotal:       1372556 kB
HighFree:          32016 kB
LowTotal:         587396 kB
LowFree:           51384 kB
SwapTotal:        262140 kB
SwapFree:         227348 kB
Dirty:               884 kB
Writeback:             0 kB
AnonPages:        472648 kB
Mapped:           362400 kB
Shmem:               596 kB
Slab:              55772 kB
SReclaimable:      16680 kB
SUnreclaim:        39092 kB
KernelStack:       16040 kB
PageTables:        27888 kB
NFS_Unstable:          0 kB
Bounce:                0 kB
WritebackTmp:          0 kB
CommitLimit:     1242116 kB
Committed_AS:   56845392 kB
VmallocTotal:     409600 kB
VmallocUsed:       35112 kB
VmallocChunk:     104476 kB
Time pass: 85 sec

---2015-12-08 17:44:29
MemTotal:        1959952 kB
MemFree:           82696 kB
Buffers:            2416 kB
Cached:           891740 kB
SwapCached:         1116 kB
Active:           744400 kB
Inactive:         621060 kB
Active(anon):     298188 kB
Inactive(anon):   175508 kB
Active(file):     446212 kB
Inactive(file):   445552 kB
Unevictable:        1744 kB
Mlocked:               0 kB
HighTotal:       1372556 kB
HighFree:          31400 kB
LowTotal:         587396 kB
LowFree:           51296 kB
SwapTotal:        262140 kB
SwapFree:         227348 kB
Dirty:               888 kB
Writeback:             0 kB
AnonPages:        473020 kB
Mapped:           362988 kB
Shmem:               648 kB
Slab:              55928 kB
SReclaimable:      16688 kB
SUnreclaim:        39240 kB
KernelStack:       16040 kB
PageTables:        27876 kB
NFS_Unstable:          0 kB
Bounce:                0 kB
WritebackTmp:          0 kB
CommitLimit:     1242116 kB
Committed_AS:   56845580 kB
VmallocTotal:     409600 kB
VmallocUsed:       35112 kB
VmallocChunk:     104476 kB
Time pass: 89 sec

---2015-12-08 17:44:29
MemTotal:        1959952 kB
MemFree:           80452 kB
Buffers:            2416 kB
Cached:           891740 kB
SwapCached:         1116 kB
Active:           746660 kB
Inactive:         621060 kB
Active(anon):     300448 kB
Inactive(anon):   175508 kB
Active(file):     446212 kB
Inactive(file):   445552 kB
Unevictable:        1744 kB
Mlocked:               0 kB
HighTotal:       1372556 kB
HighFree:          29356 kB
LowTotal:         587396 kB
LowFree:           51096 kB
SwapTotal:        262140 kB
SwapFree:         227348 kB
Dirty:               884 kB
Writeback:             0 kB
AnonPages:        475384 kB
Mapped:           363016 kB
Shmem:               648 kB
Slab:              55884 kB
SReclaimable:      16688 kB
SUnreclaim:        39196 kB
KernelStack:       16040 kB
PageTables:        27876 kB
NFS_Unstable:          0 kB
Bounce:                0 kB
WritebackTmp:          0 kB
CommitLimit:     1242116 kB
Committed_AS:   56848752 kB
VmallocTotal:     409600 kB
VmallocUsed:       35112 kB
VmallocChunk:     104476 kB
Time pass: 93 sec

---2015-12-08 17:44:29
MemTotal:        1959952 kB
MemFree:           80552 kB
Buffers:            2416 kB
Cached:           891748 kB
SwapCached:         1116 kB
Active:           746804 kB
Inactive:         621060 kB
Active(anon):     300592 kB
Inactive(anon):   175508 kB
Active(file):     446212 kB
Inactive(file):   445552 kB
Unevictable:        1744 kB
Mlocked:               0 kB
HighTotal:       1372556 kB
HighFree:          29136 kB
LowTotal:         587396 kB
LowFree:           51416 kB
SwapTotal:        262140 kB
SwapFree:         227348 kB
Dirty:               884 kB
Writeback:             0 kB
AnonPages:        475468 kB
Mapped:           363000 kB
Shmem:               656 kB
Slab:              55816 kB
SReclaimable:      16688 kB
SUnreclaim:        39128 kB
KernelStack:       16016 kB
PageTables:        27880 kB
NFS_Unstable:          0 kB
Bounce:                0 kB
WritebackTmp:          0 kB
CommitLimit:     1242116 kB
Committed_AS:   56848788 kB
VmallocTotal:     409600 kB
VmallocUsed:       35112 kB
VmallocChunk:     104476 kB
Time pass: 97 sec

---2015-12-08 17:44:29
MemTotal:        1959952 kB
MemFree:           80664 kB
Buffers:            2416 kB
Cached:           891768 kB
SwapCached:         1116 kB
Active:           746964 kB
Inactive:         621088 kB
Active(anon):     300752 kB
Inactive(anon):   175536 kB
Active(file):     446212 kB
Inactive(file):   445552 kB
Unevictable:        1744 kB
Mlocked:               0 kB
HighTotal:       1372556 kB
HighFree:          29072 kB
LowTotal:         587396 kB
LowFree:           51592 kB
SwapTotal:        262140 kB
SwapFree:         227348 kB
Dirty:               884 kB
Writeback:             0 kB
AnonPages:        475392 kB
Mapped:           363036 kB
Shmem:               676 kB
Slab:              55656 kB
SReclaimable:      16688 kB
SUnreclaim:        38968 kB
KernelStack:       16000 kB
PageTables:        27880 kB
NFS_Unstable:          0 kB
Bounce:                0 kB
WritebackTmp:          0 kB
CommitLimit:     1242116 kB
Committed_AS:   56848740 kB
VmallocTotal:     409600 kB
VmallocUsed:       35112 kB
VmallocChunk:     104476 kB
Time pass: 101 sec

---2015-12-08 17:44:29
MemTotal:        1959952 kB
MemFree:           80880 kB
Buffers:            2416 kB
Cached:           891796 kB
SwapCached:         1116 kB
Active:           747044 kB
Inactive:         621116 kB
Active(anon):     300832 kB
Inactive(anon):   175564 kB
Active(file):     446212 kB
Inactive(file):   445552 kB
Unevictable:        1744 kB
Mlocked:               0 kB
HighTotal:       1372556 kB
HighFree:          29444 kB
LowTotal:         587396 kB
LowFree:           51436 kB
SwapTotal:        262140 kB
SwapFree:         227348 kB
Dirty:               884 kB
Writeback:             0 kB
AnonPages:        475700 kB
Mapped:           363112 kB
Shmem:               704 kB
Slab:              55944 kB
SReclaimable:      16688 kB
SUnreclaim:        39256 kB
KernelStack:       15992 kB
PageTables:        27884 kB
NFS_Unstable:          0 kB
Bounce:                0 kB
WritebackTmp:          0 kB
CommitLimit:     1242116 kB
Committed_AS:   56848836 kB
VmallocTotal:     409600 kB
VmallocUsed:       35112 kB
VmallocChunk:     104476 kB
Time pass: 106 sec

---2015-12-08 17:44:29
MemTotal:        1959952 kB
MemFree:           81048 kB
Buffers:            2416 kB
Cached:           891800 kB
SwapCached:         1116 kB
Active:           745984 kB
Inactive:         621120 kB
Active(anon):     299772 kB
Inactive(anon):   175568 kB
Active(file):     446212 kB
Inactive(file):   445552 kB
Unevictable:        1744 kB
Mlocked:               0 kB
HighTotal:       1372556 kB
HighFree:          29568 kB
LowTotal:         587396 kB
LowFree:           51480 kB
SwapTotal:        262140 kB
SwapFree:         227348 kB
Dirty:               884 kB
Writeback:             0 kB
AnonPages:        474588 kB
Mapped:           363116 kB
Shmem:               708 kB
Slab:              55944 kB
SReclaimable:      16688 kB
SUnreclaim:        39256 kB
KernelStack:       15976 kB
PageTables:        27876 kB
NFS_Unstable:          0 kB
Bounce:                0 kB
WritebackTmp:          0 kB
CommitLimit:     1242116 kB
Committed_AS:   56847760 kB
VmallocTotal:     409600 kB
VmallocUsed:       35112 kB
VmallocChunk:     104476 kB
Time pass: 109 sec

---2015-12-08 17:44:29
MemTotal:        1959952 kB
MemFree:          103264 kB
Buffers:            2416 kB
Cached:           857520 kB
SwapCached:         1164 kB
Active:           716004 kB
Inactive:         611068 kB
Active(anon):     292696 kB
Inactive(anon):   176644 kB
Active(file):     423308 kB
Inactive(file):   434424 kB
Unevictable:        1744 kB
Mlocked:               0 kB
HighTotal:       1372556 kB
HighFree:          43836 kB
LowTotal:         587396 kB
LowFree:           59428 kB
SwapTotal:        262140 kB
SwapFree:         226664 kB
Dirty:               176 kB
Writeback:             0 kB
AnonPages:        468980 kB
Mapped:           362344 kB
Shmem:               256 kB
Slab:              56044 kB
SReclaimable:      16760 kB
SUnreclaim:        39284 kB
KernelStack:       15920 kB
PageTables:        27620 kB
NFS_Unstable:          0 kB
Bounce:                0 kB
WritebackTmp:          0 kB
CommitLimit:     1242116 kB
Committed_AS:   56826296 kB
VmallocTotal:     409600 kB
VmallocUsed:       35092 kB
VmallocChunk:     104476 kB
Time pass: 113 sec

---2015-12-08 17:44:29
MemTotal:        1959952 kB
MemFree:          327128 kB
Buffers:            2416 kB
Cached:           858084 kB
SwapCached:         1168 kB
Active:           642928 kB
Inactive:         611260 kB
Active(anon):     219032 kB
Inactive(anon):   176560 kB
Active(file):     423896 kB
Inactive(file):   434700 kB
Unevictable:        1744 kB
Mlocked:               0 kB
HighTotal:       1372556 kB
HighFree:         195408 kB
LowTotal:         587396 kB
LowFree:          131720 kB
SwapTotal:        262140 kB
SwapFree:         226668 kB
Dirty:               308 kB
Writeback:             4 kB
AnonPages:        395476 kB
Mapped:           261816 kB
Shmem:               120 kB
Slab:              55932 kB
SReclaimable:      16800 kB
SUnreclaim:        39132 kB
KernelStack:       15008 kB
PageTables:        25780 kB
NFS_Unstable:          0 kB
Bounce:                0 kB
WritebackTmp:          0 kB
CommitLimit:     1242116 kB
Committed_AS:   54821248 kB
VmallocTotal:     409600 kB
VmallocUsed:       33344 kB
VmallocChunk:     104476 kB
Time pass: 116 sec

---2015-12-08 17:44:29
MemTotal:        1959952 kB
MemFree:          329852 kB
Buffers:            2416 kB
Cached:           858080 kB
SwapCached:         1164 kB
Active:           641208 kB
Inactive:         610744 kB
Active(anon):     217316 kB
Inactive(anon):   176008 kB
Active(file):     423892 kB
Inactive(file):   434736 kB
Unevictable:        1744 kB
Mlocked:               0 kB
HighTotal:       1372556 kB
HighFree:         197596 kB
LowTotal:         587396 kB
LowFree:          132256 kB
SwapTotal:        262140 kB
SwapFree:         226680 kB
Dirty:               104 kB
Writeback:             0 kB
AnonPages:        392524 kB
Mapped:           261868 kB
Shmem:               120 kB
Slab:              55964 kB
SReclaimable:      16800 kB
SUnreclaim:        39164 kB
KernelStack:       15024 kB
PageTables:        25796 kB
NFS_Unstable:          0 kB
Bounce:                0 kB
WritebackTmp:          0 kB
CommitLimit:     1242116 kB
Committed_AS:   54821360 kB
VmallocTotal:     409600 kB
VmallocUsed:       33344 kB
VmallocChunk:     104476 kB
Time pass: 120 sec

---2015-12-08 17:44:29
MemTotal:        1959952 kB
MemFree:          330052 kB
Buffers:            2416 kB
Cached:           858076 kB
SwapCached:         1164 kB
Active:           640844 kB
Inactive:         610468 kB
Active(anon):     216944 kB
Inactive(anon):   175740 kB
Active(file):     423900 kB
Inactive(file):   434728 kB
Unevictable:        1744 kB
Mlocked:               0 kB
HighTotal:       1372556 kB
HighFree:         197700 kB
LowTotal:         587396 kB
LowFree:          132352 kB
SwapTotal:        262140 kB
SwapFree:         226680 kB
Dirty:                48 kB
Writeback:             0 kB
AnonPages:        392504 kB
Mapped:           261816 kB
Shmem:               120 kB
Slab:              55928 kB
SReclaimable:      16800 kB
SUnreclaim:        39128 kB
KernelStack:       15008 kB
PageTables:        25780 kB
NFS_Unstable:          0 kB
Bounce:                0 kB
WritebackTmp:          0 kB
CommitLimit:     1242116 kB
Committed_AS:   54821464 kB
VmallocTotal:     409600 kB
VmallocUsed:       33344 kB
VmallocChunk:     104476 kB
Time pass: 124 sec

---2015-12-08 17:44:29
MemTotal:        1959952 kB
MemFree:          326736 kB
Buffers:            2416 kB
Cached:           858392 kB
SwapCached:         1192 kB
Active:           650064 kB
Inactive:         609388 kB
Active(anon):     224688 kB
Inactive(anon):   175740 kB
Active(file):     425376 kB
Inactive(file):   433648 kB
Unevictable:        1744 kB
Mlocked:               0 kB
HighTotal:       1372556 kB
HighFree:         189540 kB
LowTotal:         587396 kB
LowFree:          137196 kB
SwapTotal:        262140 kB
SwapFree:         226692 kB
Dirty:               636 kB
Writeback:             0 kB
AnonPages:        400712 kB
Mapped:           276436 kB
Shmem:               120 kB
Slab:              55916 kB
SReclaimable:      16800 kB
SUnreclaim:        39116 kB
KernelStack:       14928 kB
PageTables:        26172 kB
NFS_Unstable:          0 kB
Bounce:                0 kB
WritebackTmp:          0 kB
CommitLimit:     1242116 kB
Committed_AS:   55816096 kB
VmallocTotal:     409600 kB
VmallocUsed:       30936 kB
VmallocChunk:     104476 kB
Time pass: 127 sec

---2015-12-08 17:44:29
MemTotal:        1959952 kB
MemFree:          247412 kB
Buffers:            2416 kB
Cached:           858816 kB
SwapCached:         1200 kB
Active:           677420 kB
Inactive:         609200 kB
Active(anon):     251480 kB
Inactive(anon):   175908 kB
Active(file):     425940 kB
Inactive(file):   433292 kB
Unevictable:        1744 kB
Mlocked:               0 kB
HighTotal:       1372556 kB
HighFree:         130908 kB
LowTotal:         587396 kB
LowFree:          116504 kB
SwapTotal:        262140 kB
SwapFree:         226696 kB
Dirty:               472 kB
Writeback:             0 kB
AnonPages:        427444 kB
Mapped:           291104 kB
Shmem:               256 kB
Slab:              56236 kB
SReclaimable:      16824 kB
SUnreclaim:        39412 kB
KernelStack:       15640 kB
PageTables:        26692 kB
NFS_Unstable:          0 kB
Bounce:                0 kB
WritebackTmp:          0 kB
CommitLimit:     1242116 kB
Committed_AS:   55843992 kB
VmallocTotal:     409600 kB
VmallocUsed:       31200 kB
VmallocChunk:     104476 kB
Time pass: 131 sec

---2015-12-08 17:44:29
MemTotal:        1959952 kB
MemFree:          212392 kB
Buffers:            2416 kB
Cached:           859696 kB
SwapCached:         1200 kB
Active:           683480 kB
Inactive:         608632 kB
Active(anon):     257376 kB
Inactive(anon):   174644 kB
Active(file):     426104 kB
Inactive(file):   433988 kB
Unevictable:        1744 kB
Mlocked:               0 kB
HighTotal:       1372556 kB
HighFree:         113120 kB
LowTotal:         587396 kB
LowFree:           99272 kB
SwapTotal:        262140 kB
SwapFree:         226696 kB
Dirty:              1596 kB
Writeback:             0 kB
AnonPages:        431540 kB
Mapped:           297628 kB
Shmem:               256 kB
Slab:              56252 kB
SReclaimable:      16864 kB
SUnreclaim:        39388 kB
KernelStack:       15696 kB
PageTables:        26804 kB
NFS_Unstable:          0 kB
Bounce:                0 kB
WritebackTmp:          0 kB
CommitLimit:     1242116 kB
Committed_AS:   55846396 kB
VmallocTotal:     409600 kB
VmallocUsed:       31324 kB
VmallocChunk:     104476 kB
Time pass: 135 sec

---2015-12-08 17:44:29
MemTotal:        1959952 kB
MemFree:          165320 kB
Buffers:            2416 kB
Cached:           860744 kB
SwapCached:         1200 kB
Active:           687828 kB
Inactive:         608316 kB
Active(anon):     260340 kB
Inactive(anon):   174644 kB
Active(file):     427488 kB
Inactive(file):   433672 kB
Unevictable:        1744 kB
Mlocked:               0 kB
HighTotal:       1372556 kB
HighFree:          76404 kB
LowTotal:         587396 kB
LowFree:           88916 kB
SwapTotal:        262140 kB
SwapFree:         226696 kB
Dirty:              1468 kB
Writeback:             0 kB
AnonPages:        434396 kB
Mapped:           329212 kB
Shmem:               256 kB
Slab:              56508 kB
SReclaimable:      16880 kB
SUnreclaim:        39628 kB
KernelStack:       15696 kB
PageTables:        26888 kB
NFS_Unstable:          0 kB
Bounce:                0 kB
WritebackTmp:          0 kB
CommitLimit:     1242116 kB
Committed_AS:   55849976 kB
VmallocTotal:     409600 kB
VmallocUsed:       31500 kB
VmallocChunk:     104476 kB
Time pass: 138 sec

---2015-12-08 17:44:29
MemTotal:        1959952 kB
MemFree:          151576 kB
Buffers:            2416 kB
Cached:           861040 kB
SwapCached:         1200 kB
Active:           689492 kB
Inactive:         608124 kB
Active(anon):     261604 kB
Inactive(anon):   174644 kB
Active(file):     427888 kB
Inactive(file):   433480 kB
Unevictable:        1744 kB
Mlocked:               0 kB
HighTotal:       1372556 kB
HighFree:          62760 kB
LowTotal:         587396 kB
LowFree:           88816 kB
SwapTotal:        262140 kB
SwapFree:         226696 kB
Dirty:               916 kB
Writeback:             0 kB
AnonPages:        435828 kB
Mapped:           339784 kB
Shmem:               256 kB
Slab:              56452 kB
SReclaimable:      16880 kB
SUnreclaim:        39572 kB
KernelStack:       15696 kB
PageTables:        26936 kB
NFS_Unstable:          0 kB
Bounce:                0 kB
WritebackTmp:          0 kB
CommitLimit:     1242116 kB
Committed_AS:   55851300 kB
VmallocTotal:     409600 kB
VmallocUsed:       31536 kB
VmallocChunk:     104476 kB
Time pass: 142 sec

---2015-12-08 17:44:29
MemTotal:        1959952 kB
MemFree:          128404 kB
Buffers:            2416 kB
Cached:           860988 kB
SwapCached:         1200 kB
Active:           695584 kB
Inactive:         608144 kB
Active(anon):     267680 kB
Inactive(anon):   174644 kB
Active(file):     427904 kB
Inactive(file):   433500 kB
Unevictable:        1744 kB
Mlocked:               0 kB
HighTotal:       1372556 kB
HighFree:          40008 kB
LowTotal:         587396 kB
LowFree:           88396 kB
SwapTotal:        262140 kB
SwapFree:         226696 kB
Dirty:              1228 kB
Writeback:             0 kB
AnonPages:        441808 kB
Mapped:           352400 kB
Shmem:               252 kB
Slab:              56680 kB
SReclaimable:      16880 kB
SUnreclaim:        39800 kB
KernelStack:       15696 kB
PageTables:        26936 kB
NFS_Unstable:          0 kB
Bounce:                0 kB
WritebackTmp:          0 kB
CommitLimit:     1242116 kB
Committed_AS:   55857124 kB
VmallocTotal:     409600 kB
VmallocUsed:       31612 kB
VmallocChunk:     104476 kB
Time pass: 146 sec

---2015-12-08 17:44:29
MemTotal:        1959952 kB
MemFree:          126660 kB
Buffers:            2416 kB
Cached:           861016 kB
SwapCached:         1200 kB
Active:           696040 kB
Inactive:         608156 kB
Active(anon):     268128 kB
Inactive(anon):   174640 kB
Active(file):     427912 kB
Inactive(file):   433516 kB
Unevictable:        1744 kB
Mlocked:               0 kB
HighTotal:       1372556 kB
HighFree:          38408 kB
LowTotal:         587396 kB
LowFree:           88252 kB
SwapTotal:        262140 kB
SwapFree:         226700 kB
Dirty:              1236 kB
Writeback:             0 kB
AnonPages:        442520 kB
Mapped:           353776 kB
Shmem:               256 kB
Slab:              56540 kB
SReclaimable:      16880 kB
SUnreclaim:        39660 kB
KernelStack:       15696 kB
PageTables:        26984 kB
NFS_Unstable:          0 kB
Bounce:                0 kB
WritebackTmp:          0 kB
CommitLimit:     1242116 kB
Committed_AS:   55855528 kB
VmallocTotal:     409600 kB
VmallocUsed:       31612 kB
VmallocChunk:     104476 kB
Time pass: 149 sec

---2015-12-08 17:44:29
MemTotal:        1959952 kB
MemFree:          126288 kB
Buffers:            2416 kB
Cached:           861016 kB
SwapCached:         1200 kB
Active:           696048 kB
Inactive:         608148 kB
Active(anon):     268128 kB
Inactive(anon):   174640 kB
Active(file):     427920 kB
Inactive(file):   433508 kB
Unevictable:        1744 kB
Mlocked:               0 kB
HighTotal:       1372556 kB
HighFree:          37912 kB
LowTotal:         587396 kB
LowFree:           88376 kB
SwapTotal:        262140 kB
SwapFree:         226700 kB
Dirty:               808 kB
Writeback:             0 kB
AnonPages:        442472 kB
Mapped:           353848 kB
Shmem:               256 kB
Slab:              56496 kB
SReclaimable:      16880 kB
SUnreclaim:        39616 kB
KernelStack:       15712 kB
PageTables:        26996 kB
NFS_Unstable:          0 kB
Bounce:                0 kB
WritebackTmp:          0 kB
CommitLimit:     1242116 kB
Committed_AS:   55855548 kB
VmallocTotal:     409600 kB
VmallocUsed:       31612 kB
VmallocChunk:     104476 kB
Time pass: 153 sec

---2015-12-08 17:44:29
MemTotal:        1959952 kB
MemFree:          125568 kB
Buffers:            2416 kB
Cached:           861036 kB
SwapCached:         1200 kB
Active:           697224 kB
Inactive:         608124 kB
Active(anon):     269264 kB
Inactive(anon):   174636 kB
Active(file):     427960 kB
Inactive(file):   433488 kB
Unevictable:        1744 kB
Mlocked:               0 kB
HighTotal:       1372556 kB
HighFree:          37560 kB
LowTotal:         587396 kB
LowFree:           88008 kB
SwapTotal:        262140 kB
SwapFree:         226700 kB
Dirty:               824 kB
Writeback:             0 kB
AnonPages:        443420 kB
Mapped:           355668 kB
Shmem:               256 kB
Slab:              56636 kB
SReclaimable:      16880 kB
SUnreclaim:        39756 kB
KernelStack:       15720 kB
PageTables:        26984 kB
NFS_Unstable:          0 kB
Bounce:                0 kB
WritebackTmp:          0 kB
CommitLimit:     1242116 kB
Committed_AS:   55863188 kB
VmallocTotal:     409600 kB
VmallocUsed:       31612 kB
VmallocChunk:     104476 kB
Time pass: 156 sec

---2015-12-08 17:44:29
MemTotal:        1959952 kB
MemFree:          111192 kB
Buffers:            2416 kB
Cached:           861856 kB
SwapCached:         1204 kB
Active:           711720 kB
Inactive:         607948 kB
Active(anon):     282776 kB
Inactive(anon):   174796 kB
Active(file):     428944 kB
Inactive(file):   433152 kB
Unevictable:        1744 kB
Mlocked:               0 kB
HighTotal:       1372556 kB
HighFree:          25316 kB
LowTotal:         587396 kB
LowFree:           85876 kB
SwapTotal:        262140 kB
SwapFree:         226700 kB
Dirty:               856 kB
Writeback:             0 kB
AnonPages:        457328 kB
Mapped:           357368 kB
Shmem:               432 kB
Slab:              56296 kB
SReclaimable:      16872 kB
SUnreclaim:        39424 kB
KernelStack:       15912 kB
PageTables:        27152 kB
NFS_Unstable:          0 kB
Bounce:                0 kB
WritebackTmp:          0 kB
CommitLimit:     1242116 kB
Committed_AS:   55887580 kB
VmallocTotal:     409600 kB
VmallocUsed:       34020 kB
VmallocChunk:     104476 kB
Time pass: 160 sec

---2015-12-08 17:44:29
MemTotal:        1959952 kB
MemFree:           94192 kB
Buffers:            2736 kB
Cached:           872784 kB
SwapCached:         1204 kB
Active:           718368 kB
Inactive:         619076 kB
Active(anon):     289316 kB
Inactive(anon):   175096 kB
Active(file):     429052 kB
Inactive(file):   443980 kB
Unevictable:        1744 kB
Mlocked:               0 kB
HighTotal:       1372556 kB
HighFree:          24188 kB
LowTotal:         587396 kB
LowFree:           70004 kB
SwapTotal:        262140 kB
SwapFree:         226700 kB
Dirty:               904 kB
Writeback:             0 kB
AnonPages:        463776 kB
Mapped:           355688 kB
Shmem:               744 kB
Slab:              56296 kB
SReclaimable:      16872 kB
SUnreclaim:        39424 kB
KernelStack:       15920 kB
PageTables:        27228 kB
NFS_Unstable:          0 kB
Bounce:                0 kB
WritebackTmp:          0 kB
CommitLimit:     1242116 kB
Committed_AS:   55892740 kB
VmallocTotal:     409600 kB
VmallocUsed:       34020 kB
VmallocChunk:     104476 kB
Time pass: 164 sec

---2015-12-08 17:44:29
MemTotal:        1959952 kB
MemFree:           92076 kB
Buffers:            2736 kB
Cached:           872784 kB
SwapCached:         1204 kB
Active:           724332 kB
Inactive:         614540 kB
Active(anon):     290748 kB
Inactive(anon):   175092 kB
Active(file):     433584 kB
Inactive(file):   439448 kB
Unevictable:        1744 kB
Mlocked:               0 kB
HighTotal:       1372556 kB
HighFree:          25304 kB
LowTotal:         587396 kB
LowFree:           66772 kB
SwapTotal:        262140 kB
SwapFree:         226700 kB
Dirty:               908 kB
Writeback:             0 kB
AnonPages:        465060 kB
Mapped:           355624 kB
Shmem:               744 kB
Slab:              56288 kB
SReclaimable:      16872 kB
SUnreclaim:        39416 kB
KernelStack:       15904 kB
PageTables:        27232 kB
NFS_Unstable:          0 kB
Bounce:                0 kB
WritebackTmp:          0 kB
CommitLimit:     1242116 kB
Committed_AS:   55892384 kB
VmallocTotal:     409600 kB
VmallocUsed:       34020 kB
VmallocChunk:     104476 kB
Time pass: 168 sec

---2015-12-08 17:44:29
MemTotal:        1959952 kB
MemFree:           89564 kB
Buffers:            2736 kB
Cached:           873024 kB
SwapCached:         1204 kB
Active:           726848 kB
Inactive:         614760 kB
Active(anon):     293264 kB
Inactive(anon):   175072 kB
Active(file):     433584 kB
Inactive(file):   439688 kB
Unevictable:        1744 kB
Mlocked:               0 kB
HighTotal:       1372556 kB
HighFree:          24560 kB
LowTotal:         587396 kB
LowFree:           65004 kB
SwapTotal:        262140 kB
SwapFree:         226700 kB
Dirty:               908 kB
Writeback:             0 kB
AnonPages:        467256 kB
Mapped:           355636 kB
Shmem:               744 kB
Slab:              56244 kB
SReclaimable:      16872 kB
SUnreclaim:        39372 kB
KernelStack:       16040 kB
PageTables:        27164 kB
NFS_Unstable:          0 kB
Bounce:                0 kB
WritebackTmp:          0 kB
CommitLimit:     1242116 kB
Committed_AS:   55894216 kB
VmallocTotal:     409600 kB
VmallocUsed:       34020 kB
VmallocChunk:     104476 kB
Time pass: 172 sec

---2015-12-08 17:44:29
MemTotal:        1959952 kB
MemFree:           88980 kB
Buffers:            2736 kB
Cached:           873852 kB
SwapCached:         1204 kB
Active:           725796 kB
Inactive:         615584 kB
Active(anon):     292212 kB
Inactive(anon):   175088 kB
Active(file):     433584 kB
Inactive(file):   440496 kB
Unevictable:        1744 kB
Mlocked:               0 kB
HighTotal:       1372556 kB
HighFree:          26524 kB
LowTotal:         587396 kB
LowFree:           62456 kB
SwapTotal:        262140 kB
SwapFree:         226700 kB
Dirty:               908 kB
Writeback:             0 kB
AnonPages:        466476 kB
Mapped:           355900 kB
Shmem:               764 kB
Slab:              56400 kB
SReclaimable:      16872 kB
SUnreclaim:        39528 kB
KernelStack:       15912 kB
PageTables:        27232 kB
NFS_Unstable:          0 kB
Bounce:                0 kB
WritebackTmp:          0 kB
CommitLimit:     1242116 kB
Committed_AS:   55889856 kB
VmallocTotal:     409600 kB
VmallocUsed:       34020 kB
VmallocChunk:     104476 kB
Time pass: 176 sec

---2015-12-08 17:44:29
MemTotal:        1959952 kB
MemFree:           88336 kB
Buffers:            2736 kB
Cached:           873852 kB
SwapCached:         1204 kB
Active:           726460 kB
Inactive:         615580 kB
Active(anon):     292872 kB
Inactive(anon):   175088 kB
Active(file):     433588 kB
Inactive(file):   440492 kB
Unevictable:        1744 kB
Mlocked:               0 kB
HighTotal:       1372556 kB
HighFree:          24392 kB
LowTotal:         587396 kB
LowFree:           63944 kB
SwapTotal:        262140 kB
SwapFree:         226700 kB
Dirty:               888 kB
Writeback:             0 kB
AnonPages:        467344 kB
Mapped:           355900 kB
Shmem:               764 kB
Slab:              56392 kB
SReclaimable:      16872 kB
SUnreclaim:        39520 kB
KernelStack:       15904 kB
PageTables:        27532 kB
NFS_Unstable:          0 kB
Bounce:                0 kB
WritebackTmp:          0 kB
CommitLimit:     1242116 kB
Committed_AS:   56840924 kB
VmallocTotal:     409600 kB
VmallocUsed:       34020 kB
VmallocChunk:     104476 kB
Time pass: 180 sec

---2015-12-08 17:44:29
MemTotal:        1959952 kB
MemFree:           93796 kB
Buffers:            2736 kB
Cached:           873924 kB
SwapCached:         1204 kB
Active:           721620 kB
Inactive:         615656 kB
Active(anon):     288036 kB
Inactive(anon):   175160 kB
Active(file):     433584 kB
Inactive(file):   440496 kB
Unevictable:        1744 kB
Mlocked:               0 kB
HighTotal:       1372556 kB
HighFree:          28224 kB
LowTotal:         587396 kB
LowFree:           65572 kB
SwapTotal:        262140 kB
SwapFree:         226700 kB
Dirty:               908 kB
Writeback:             0 kB
AnonPages:        462148 kB
Mapped:           355972 kB
Shmem:               836 kB
Slab:              56104 kB
SReclaimable:      16872 kB
SUnreclaim:        39232 kB
KernelStack:       15904 kB
PageTables:        27224 kB
NFS_Unstable:          0 kB
Bounce:                0 kB
WritebackTmp:          0 kB
CommitLimit:     1242116 kB
Committed_AS:   55890332 kB
VmallocTotal:     409600 kB
VmallocUsed:       34020 kB
VmallocChunk:     104476 kB
Time pass: 184 sec

---2015-12-08 17:44:29
MemTotal:        1959952 kB
MemFree:           94408 kB
Buffers:            2736 kB
Cached:           874020 kB
SwapCached:         1204 kB
Active:           721788 kB
Inactive:         615764 kB
Active(anon):     288216 kB
Inactive(anon):   175180 kB
Active(file):     433572 kB
Inactive(file):   440584 kB
Unevictable:        1744 kB
Mlocked:               0 kB
HighTotal:       1372556 kB
HighFree:          27684 kB
LowTotal:         587396 kB
LowFree:           66724 kB
SwapTotal:        262140 kB
SwapFree:         226700 kB
Dirty:               940 kB
Writeback:             0 kB
AnonPages:        462452 kB
Mapped:           355992 kB
Shmem:               856 kB
Slab:              56168 kB
SReclaimable:      16872 kB
SUnreclaim:        39296 kB
KernelStack:       15912 kB
PageTables:        27252 kB
NFS_Unstable:          0 kB
Bounce:                0 kB
WritebackTmp:          0 kB
CommitLimit:     1242116 kB
Committed_AS:   55900604 kB
VmallocTotal:     409600 kB
VmallocUsed:       34020 kB
VmallocChunk:     104476 kB
Time pass: 189 sec

---2015-12-08 17:44:29
MemTotal:        1959952 kB
MemFree:           93216 kB
Buffers:            2736 kB
Cached:           874040 kB
SwapCached:         1204 kB
Active:           722656 kB
Inactive:         615756 kB
Active(anon):     289060 kB
Inactive(anon):   175176 kB
Active(file):     433596 kB
Inactive(file):   440580 kB
Unevictable:        1744 kB
Mlocked:               0 kB
HighTotal:       1372556 kB
HighFree:          26532 kB
LowTotal:         587396 kB
LowFree:           66684 kB
SwapTotal:        262140 kB
SwapFree:         226700 kB
Dirty:              1056 kB
Writeback:             0 kB
AnonPages:        463384 kB
Mapped:           355992 kB
Shmem:               856 kB
Slab:              56296 kB
SReclaimable:      16872 kB
SUnreclaim:        39424 kB
KernelStack:       15912 kB
PageTables:        27252 kB
NFS_Unstable:          0 kB
Bounce:                0 kB
WritebackTmp:          0 kB
CommitLimit:     1242116 kB
Committed_AS:   55900524 kB
VmallocTotal:     409600 kB
VmallocUsed:       34020 kB
VmallocChunk:     104476 kB
Time pass: 193 sec

---2015-12-08 17:44:29
MemTotal:        1959952 kB
MemFree:           91912 kB
Buffers:            2736 kB
Cached:           874040 kB
SwapCached:         1204 kB
Active:           723900 kB
Inactive:         615752 kB
Active(anon):     290308 kB
Inactive(anon):   175168 kB
Active(file):     433592 kB
Inactive(file):   440584 kB
Unevictable:        1744 kB
Mlocked:               0 kB
HighTotal:       1372556 kB
HighFree:          25548 kB
LowTotal:         587396 kB
LowFree:           66364 kB
SwapTotal:        262140 kB
SwapFree:         226700 kB
Dirty:              1060 kB
Writeback:             0 kB
AnonPages:        464552 kB
Mapped:           355916 kB
Shmem:               856 kB
Slab:              56232 kB
SReclaimable:      16872 kB
SUnreclaim:        39360 kB
KernelStack:       15912 kB
PageTables:        27256 kB
NFS_Unstable:          0 kB
Bounce:                0 kB
WritebackTmp:          0 kB
CommitLimit:     1242116 kB
Committed_AS:   55901908 kB
VmallocTotal:     409600 kB
VmallocUsed:       34020 kB
VmallocChunk:     104476 kB
Time pass: 196 sec

---2015-12-08 17:44:29
MemTotal:        1959952 kB
MemFree:           90036 kB
Buffers:            2736 kB
Cached:           874044 kB
SwapCached:         1204 kB
Active:           725288 kB
Inactive:         615756 kB
Active(anon):     291696 kB
Inactive(anon):   175172 kB
Active(file):     433592 kB
Inactive(file):   440584 kB
Unevictable:        1744 kB
Mlocked:               0 kB
HighTotal:       1372556 kB
HighFree:          24320 kB
LowTotal:         587396 kB
LowFree:           65716 kB
SwapTotal:        262140 kB
SwapFree:         226700 kB
Dirty:              1060 kB
Writeback:             0 kB
AnonPages:        466208 kB
Mapped:           355996 kB
Shmem:               860 kB
Slab:              56328 kB
SReclaimable:      16872 kB
SUnreclaim:        39456 kB
KernelStack:       15904 kB
PageTables:        27252 kB
NFS_Unstable:          0 kB
Bounce:                0 kB
WritebackTmp:          0 kB
CommitLimit:     1242116 kB
Committed_AS:   55902036 kB
VmallocTotal:     409600 kB
VmallocUsed:       34020 kB
VmallocChunk:     104476 kB
Time pass: 200 sec

---2015-12-08 17:44:29
MemTotal:        1959952 kB
MemFree:           87384 kB
Buffers:            2736 kB
Cached:           874044 kB
SwapCached:         1204 kB
Active:           728140 kB
Inactive:         615756 kB
Active(anon):     294548 kB
Inactive(anon):   175172 kB
Active(file):     433592 kB
Inactive(file):   440584 kB
Unevictable:        1744 kB
Mlocked:               0 kB
HighTotal:       1372556 kB
HighFree:          24168 kB
LowTotal:         587396 kB
LowFree:           63216 kB
SwapTotal:        262140 kB
SwapFree:         226700 kB
Dirty:              1076 kB
Writeback:             0 kB
AnonPages:        469108 kB
Mapped:           360404 kB
Shmem:               860 kB
Slab:              56324 kB
SReclaimable:      16872 kB
SUnreclaim:        39452 kB
KernelStack:       16080 kB
PageTables:        27628 kB
NFS_Unstable:          0 kB
Bounce:                0 kB
WritebackTmp:          0 kB
CommitLimit:     1242116 kB
Committed_AS:   56861528 kB
VmallocTotal:     409600 kB
VmallocUsed:       35040 kB
VmallocChunk:     104476 kB
Time pass: 204 sec

---2015-12-08 17:44:29
MemTotal:        1959952 kB
MemFree:           89736 kB
Buffers:            2736 kB
Cached:           874044 kB
SwapCached:         1204 kB
Active:           724836 kB
Inactive:         615756 kB
Active(anon):     291244 kB
Inactive(anon):   175172 kB
Active(file):     433592 kB
Inactive(file):   440584 kB
Unevictable:        1744 kB
Mlocked:               0 kB
HighTotal:       1372556 kB
HighFree:          26208 kB
LowTotal:         587396 kB
LowFree:           63528 kB
SwapTotal:        262140 kB
SwapFree:         226700 kB
Dirty:              1060 kB
Writeback:             0 kB
AnonPages:        465548 kB
Mapped:           356028 kB
Shmem:               860 kB
Slab:              56288 kB
SReclaimable:      16872 kB
SUnreclaim:        39416 kB
KernelStack:       15880 kB
PageTables:        27244 kB
NFS_Unstable:          0 kB
Bounce:                0 kB
WritebackTmp:          0 kB
CommitLimit:     1242116 kB
Committed_AS:   55899824 kB
VmallocTotal:     409600 kB
VmallocUsed:       34020 kB
VmallocChunk:     104476 kB
Time pass: 208 sec

---2015-12-08 17:44:29
MemTotal:        1959952 kB
MemFree:           90532 kB
Buffers:            2736 kB
Cached:           874044 kB
SwapCached:         1204 kB
Active:           725488 kB
Inactive:         615752 kB
Active(anon):     291896 kB
Inactive(anon):   175168 kB
Active(file):     433592 kB
Inactive(file):   440584 kB
Unevictable:        1744 kB
Mlocked:               0 kB
HighTotal:       1372556 kB
HighFree:          25904 kB
LowTotal:         587396 kB
LowFree:           64628 kB
SwapTotal:        262140 kB
SwapFree:         226700 kB
Dirty:              1064 kB
Writeback:             0 kB
AnonPages:        466264 kB
Mapped:           356112 kB
Shmem:               860 kB
Slab:              56184 kB
SReclaimable:      16872 kB
SUnreclaim:        39312 kB
KernelStack:       15888 kB
PageTables:        27248 kB
NFS_Unstable:          0 kB
Bounce:                0 kB
WritebackTmp:          0 kB
CommitLimit:     1242116 kB
Committed_AS:   55899276 kB
VmallocTotal:     409600 kB
VmallocUsed:       34020 kB
VmallocChunk:     104476 kB
Time pass: 212 sec

---2015-12-08 17:44:29
MemTotal:        1959952 kB
MemFree:           87756 kB
Buffers:            2736 kB
Cached:           874220 kB
SwapCached:         1204 kB
Active:           727668 kB
Inactive:         615928 kB
Active(anon):     294076 kB
Inactive(anon):   175344 kB
Active(file):     433592 kB
Inactive(file):   440584 kB
Unevictable:        1744 kB
Mlocked:               0 kB
HighTotal:       1372556 kB
HighFree:          24128 kB
LowTotal:         587396 kB
LowFree:           63628 kB
SwapTotal:        262140 kB
SwapFree:         226700 kB
Dirty:              1080 kB
Writeback:             0 kB
AnonPages:        468440 kB
Mapped:           356180 kB
Shmem:              1036 kB
Slab:              56312 kB
SReclaimable:      16872 kB
SUnreclaim:        39440 kB
KernelStack:       15888 kB
PageTables:        27256 kB
NFS_Unstable:          0 kB
Bounce:                0 kB
WritebackTmp:          0 kB
CommitLimit:     1242116 kB
Committed_AS:   55900160 kB
VmallocTotal:     409600 kB
VmallocUsed:       34020 kB
VmallocChunk:     104476 kB
Time pass: 216 sec

---2015-12-08 17:44:29
MemTotal:        1959952 kB
MemFree:           86360 kB
Buffers:            2736 kB
Cached:           874220 kB
SwapCached:         1204 kB
Active:           728784 kB
Inactive:         615928 kB
Active(anon):     295192 kB
Inactive(anon):   175344 kB
Active(file):     433592 kB
Inactive(file):   440584 kB
Unevictable:        1744 kB
Mlocked:               0 kB
HighTotal:       1372556 kB
HighFree:          24360 kB
LowTotal:         587396 kB
LowFree:           62000 kB
SwapTotal:        262140 kB
SwapFree:         226700 kB
Dirty:              1076 kB
Writeback:             0 kB
AnonPages:        469452 kB
Mapped:           356200 kB
Shmem:              1036 kB
Slab:              56216 kB
SReclaimable:      16872 kB
SUnreclaim:        39344 kB
KernelStack:       15888 kB
PageTables:        27256 kB
NFS_Unstable:          0 kB
Bounce:                0 kB
WritebackTmp:          0 kB
CommitLimit:     1242116 kB
Committed_AS:   55900244 kB
VmallocTotal:     409600 kB
VmallocUsed:       34020 kB
VmallocChunk:     104476 kB
Time pass: 220 sec

---2015-12-08 17:44:29
MemTotal:        1959952 kB
MemFree:           87088 kB
Buffers:            2736 kB
Cached:           874220 kB
SwapCached:         1204 kB
Active:           728120 kB
Inactive:         615924 kB
Active(anon):     294528 kB
Inactive(anon):   175340 kB
Active(file):     433592 kB
Inactive(file):   440584 kB
Unevictable:        1744 kB
Mlocked:               0 kB
HighTotal:       1372556 kB
HighFree:          24696 kB
LowTotal:         587396 kB
LowFree:           62392 kB
SwapTotal:        262140 kB
SwapFree:         226700 kB
Dirty:              1080 kB
Writeback:             0 kB
AnonPages:        468584 kB
Mapped:           356324 kB
Shmem:              1036 kB
Slab:              56216 kB
SReclaimable:      16872 kB
SUnreclaim:        39344 kB
KernelStack:       16072 kB
PageTables:        27192 kB
NFS_Unstable:          0 kB
Bounce:                0 kB
WritebackTmp:          0 kB
CommitLimit:     1242116 kB
Committed_AS:   55899708 kB
VmallocTotal:     409600 kB
VmallocUsed:       34020 kB
VmallocChunk:     104476 kB
Time pass: 224 sec

---2015-12-08 17:44:29
MemTotal:        1959952 kB
MemFree:           84868 kB
Buffers:            2736 kB
Cached:           874220 kB
SwapCached:         1204 kB
Active:           731636 kB
Inactive:         615916 kB
Active(anon):     298040 kB
Inactive(anon):   175336 kB
Active(file):     433596 kB
Inactive(file):   440580 kB
Unevictable:        1744 kB
Mlocked:               0 kB
HighTotal:       1372556 kB
HighFree:          24148 kB
LowTotal:         587396 kB
LowFree:           60720 kB
SwapTotal:        262140 kB
SwapFree:         226700 kB
Dirty:              1056 kB
Writeback:             0 kB
AnonPages:        472256 kB
Mapped:           360040 kB
Shmem:              1036 kB
Slab:              56344 kB
SReclaimable:      16872 kB
SUnreclaim:        39472 kB
KernelStack:       15888 kB
PageTables:        27548 kB
NFS_Unstable:          0 kB
Bounce:                0 kB
WritebackTmp:          0 kB
CommitLimit:     1242116 kB
Committed_AS:   56861632 kB
VmallocTotal:     409600 kB
VmallocUsed:       34020 kB
VmallocChunk:     104476 kB
Time pass: 228 sec

---2015-12-08 17:44:29
MemTotal:        1959952 kB
MemFree:           91836 kB
Buffers:            2736 kB
Cached:           874220 kB
SwapCached:         1204 kB
Active:           723712 kB
Inactive:         615908 kB
Active(anon):     290116 kB
Inactive(anon):   175328 kB
Active(file):     433596 kB
Inactive(file):   440580 kB
Unevictable:        1744 kB
Mlocked:               0 kB
HighTotal:       1372556 kB
HighFree:          26184 kB
LowTotal:         587396 kB
LowFree:           65652 kB
SwapTotal:        262140 kB
SwapFree:         226700 kB
Dirty:              1052 kB
Writeback:             0 kB
AnonPages:        464260 kB
Mapped:           356212 kB
Shmem:              1036 kB
Slab:              56248 kB
SReclaimable:      16872 kB
SUnreclaim:        39376 kB
KernelStack:       15888 kB
PageTables:        27260 kB
NFS_Unstable:          0 kB
Bounce:                0 kB
WritebackTmp:          0 kB
CommitLimit:     1242116 kB
Committed_AS:   55900220 kB
VmallocTotal:     409600 kB
VmallocUsed:       34020 kB
VmallocChunk:     104476 kB
Time pass: 232 sec

---2015-12-08 17:44:29
MemTotal:        1959952 kB
MemFree:           92188 kB
Buffers:            2736 kB
Cached:           874220 kB
SwapCached:         1204 kB
Active:           723996 kB
Inactive:         615912 kB
Active(anon):     290404 kB
Inactive(anon):   175328 kB
Active(file):     433592 kB
Inactive(file):   440584 kB
Unevictable:        1744 kB
Mlocked:               0 kB
HighTotal:       1372556 kB
HighFree:          26160 kB
LowTotal:         587396 kB
LowFree:           66028 kB
SwapTotal:        262140 kB
SwapFree:         226700 kB
Dirty:              1072 kB
Writeback:             0 kB
AnonPages:        464608 kB
Mapped:           356212 kB
Shmem:              1036 kB
Slab:              56248 kB
SReclaimable:      16872 kB
SUnreclaim:        39376 kB
KernelStack:       15888 kB
PageTables:        27260 kB
NFS_Unstable:          0 kB
Bounce:                0 kB
WritebackTmp:          0 kB
CommitLimit:     1242116 kB
Committed_AS:   55900416 kB
VmallocTotal:     409600 kB
VmallocUsed:       34020 kB
VmallocChunk:     104476 kB
Time pass: 235 sec

---2015-12-08 17:44:29
MemTotal:        1959952 kB
MemFree:           91416 kB
Buffers:            2736 kB
Cached:           874220 kB
SwapCached:         1204 kB
Active:           724608 kB
Inactive:         615912 kB
Active(anon):     291016 kB
Inactive(anon):   175328 kB
Active(file):     433592 kB
Inactive(file):   440584 kB
Unevictable:        1744 kB
Mlocked:               0 kB
HighTotal:       1372556 kB
HighFree:          25180 kB
LowTotal:         587396 kB
LowFree:           66236 kB
SwapTotal:        262140 kB
SwapFree:         226700 kB
Dirty:              1076 kB
Writeback:             0 kB
AnonPages:        465156 kB
Mapped:           356156 kB
Shmem:              1036 kB
Slab:              56184 kB
SReclaimable:      16872 kB
SUnreclaim:        39312 kB
KernelStack:       15872 kB
PageTables:        27252 kB
NFS_Unstable:          0 kB
Bounce:                0 kB
WritebackTmp:          0 kB
CommitLimit:     1242116 kB
Committed_AS:   55900236 kB
VmallocTotal:     409600 kB
VmallocUsed:       34020 kB
VmallocChunk:     104476 kB
Time pass: 239 sec

---2015-12-08 17:44:29
MemTotal:        1959952 kB
MemFree:           89832 kB
Buffers:            2736 kB
Cached:           874220 kB
SwapCached:         1204 kB
Active:           725448 kB
Inactive:         615912 kB
Active(anon):     291856 kB
Inactive(anon):   175328 kB
Active(file):     433592 kB
Inactive(file):   440584 kB
Unevictable:        1744 kB
Mlocked:               0 kB
HighTotal:       1372556 kB
HighFree:          25460 kB
LowTotal:         587396 kB
LowFree:           64372 kB
SwapTotal:        262140 kB
SwapFree:         226700 kB
Dirty:              1076 kB
Writeback:             0 kB
AnonPages:        465876 kB
Mapped:           356212 kB
Shmem:              1036 kB
Slab:              56568 kB
SReclaimable:      16872 kB
SUnreclaim:        39696 kB
KernelStack:       15888 kB
PageTables:        27260 kB
NFS_Unstable:          0 kB
Bounce:                0 kB
WritebackTmp:          0 kB
CommitLimit:     1242116 kB
Committed_AS:   55900388 kB
VmallocTotal:     409600 kB
VmallocUsed:       34020 kB
VmallocChunk:     104476 kB
Time pass: 243 sec

---2015-12-08 17:44:29
MemTotal:        1959952 kB
MemFree:           85956 kB
Buffers:            2736 kB
Cached:           874220 kB
SwapCached:         1204 kB
Active:           729808 kB
Inactive:         615908 kB
Active(anon):     296212 kB
Inactive(anon):   175328 kB
Active(file):     433596 kB
Inactive(file):   440580 kB
Unevictable:        1744 kB
Mlocked:               0 kB
HighTotal:       1372556 kB
HighFree:          24176 kB
LowTotal:         587396 kB
LowFree:           61780 kB
SwapTotal:        262140 kB
SwapFree:         226700 kB
Dirty:              1056 kB
Writeback:             0 kB
AnonPages:        470476 kB
Mapped:           360560 kB
Shmem:              1036 kB
Slab:              56248 kB
SReclaimable:      16872 kB
SUnreclaim:        39376 kB
KernelStack:       16016 kB
PageTables:        27592 kB
NFS_Unstable:          0 kB
Bounce:                0 kB
WritebackTmp:          0 kB
CommitLimit:     1242116 kB
Committed_AS:   56862464 kB
VmallocTotal:     409600 kB
VmallocUsed:       34020 kB
VmallocChunk:     104476 kB
Time pass: 246 sec

---2015-12-08 17:44:29
MemTotal:        1959952 kB
MemFree:           88256 kB
Buffers:            2736 kB
Cached:           874364 kB
SwapCached:         1204 kB
Active:           726800 kB
Inactive:         616048 kB
Active(anon):     293200 kB
Inactive(anon):   175328 kB
Active(file):     433600 kB
Inactive(file):   440720 kB
Unevictable:        1744 kB
Mlocked:               0 kB
HighTotal:       1372556 kB
HighFree:          24188 kB
LowTotal:         587396 kB
LowFree:           64068 kB
SwapTotal:        262140 kB
SwapFree:         226700 kB
Dirty:              1372 kB
Writeback:             0 kB
AnonPages:        467280 kB
Mapped:           356212 kB
Shmem:              1036 kB
Slab:              56320 kB
SReclaimable:      16872 kB
SUnreclaim:        39448 kB
KernelStack:       15896 kB
PageTables:        27264 kB
NFS_Unstable:          0 kB
Bounce:                0 kB
WritebackTmp:          0 kB
CommitLimit:     1242116 kB
Committed_AS:   55900592 kB
VmallocTotal:     409600 kB
VmallocUsed:       34020 kB
VmallocChunk:     104476 kB
Time pass: 251 sec

---2015-12-08 17:44:29
MemTotal:        1959952 kB
MemFree:           87372 kB
Buffers:            2736 kB
Cached:           874364 kB
SwapCached:         1204 kB
Active:           727876 kB
Inactive:         616048 kB
Active(anon):     294276 kB
Inactive(anon):   175328 kB
Active(file):     433600 kB
Inactive(file):   440720 kB
Unevictable:        1744 kB
Mlocked:               0 kB
HighTotal:       1372556 kB
HighFree:          24932 kB
LowTotal:         587396 kB
LowFree:           62440 kB
SwapTotal:        262140 kB
SwapFree:         226700 kB
Dirty:              1380 kB
Writeback:             0 kB
AnonPages:        468468 kB
Mapped:           356212 kB
Shmem:              1036 kB
Slab:              56280 kB
SReclaimable:      16872 kB
SUnreclaim:        39408 kB
KernelStack:       15896 kB
PageTables:        27264 kB
NFS_Unstable:          0 kB
Bounce:                0 kB
WritebackTmp:          0 kB
CommitLimit:     1242116 kB
Committed_AS:   55900676 kB
VmallocTotal:     409600 kB
VmallocUsed:       34020 kB
VmallocChunk:     104476 kB
Time pass: 254 sec

---2015-12-08 17:44:29
MemTotal:        1959952 kB
MemFree:           85996 kB
Buffers:            2736 kB
Cached:           874364 kB
SwapCached:         1204 kB
Active:           729020 kB
Inactive:         616000 kB
Active(anon):     295372 kB
Inactive(anon):   175328 kB
Active(file):     433648 kB
Inactive(file):   440672 kB
Unevictable:        1744 kB
Mlocked:               0 kB
HighTotal:       1372556 kB
HighFree:          24500 kB
LowTotal:         587396 kB
LowFree:           61496 kB
SwapTotal:        262140 kB
SwapFree:         226700 kB
Dirty:              1172 kB
Writeback:             0 kB
AnonPages:        469632 kB
Mapped:           356212 kB
Shmem:              1036 kB
Slab:              56280 kB
SReclaimable:      16872 kB
SUnreclaim:        39408 kB
KernelStack:       15896 kB
PageTables:        27264 kB
NFS_Unstable:          0 kB
Bounce:                0 kB
WritebackTmp:          0 kB
CommitLimit:     1242116 kB
Committed_AS:   55900764 kB
VmallocTotal:     409600 kB
VmallocUsed:       34020 kB
VmallocChunk:     104476 kB
Time pass: 258 sec

---2015-12-08 17:44:29
MemTotal:        1959952 kB
MemFree:           85252 kB
Buffers:            2736 kB
Cached:           874368 kB
SwapCached:         1204 kB
Active:           729900 kB
Inactive:         616004 kB
Active(anon):     296252 kB
Inactive(anon):   175328 kB
Active(file):     433648 kB
Inactive(file):   440676 kB
Unevictable:        1744 kB
Mlocked:               0 kB
HighTotal:       1372556 kB
HighFree:          25036 kB
LowTotal:         587396 kB
LowFree:           60216 kB
SwapTotal:        262140 kB
SwapFree:         226700 kB
Dirty:              1172 kB
Writeback:             0 kB
AnonPages:        470596 kB
Mapped:           356212 kB
Shmem:              1036 kB
Slab:              56248 kB
SReclaimable:      16872 kB
SUnreclaim:        39376 kB
KernelStack:       15896 kB
PageTables:        27260 kB
NFS_Unstable:          0 kB
Bounce:                0 kB
WritebackTmp:          0 kB
CommitLimit:     1242116 kB
Committed_AS:   55900800 kB
VmallocTotal:     409600 kB
VmallocUsed:       34020 kB
VmallocChunk:     104476 kB
Time pass: 262 sec

---2015-12-08 17:44:29
MemTotal:        1959952 kB
MemFree:           84068 kB
Buffers:            2736 kB
Cached:           874368 kB
SwapCached:         1204 kB
Active:           731348 kB
Inactive:         616004 kB
Active(anon):     297700 kB
Inactive(anon):   175328 kB
Active(file):     433648 kB
Inactive(file):   440676 kB
Unevictable:        1744 kB
Mlocked:               0 kB
HighTotal:       1372556 kB
HighFree:          24416 kB
LowTotal:         587396 kB
LowFree:           59652 kB
SwapTotal:        262140 kB
SwapFree:         226700 kB
Dirty:              1176 kB
Writeback:             0 kB
AnonPages:        471880 kB
Mapped:           356124 kB
Shmem:              1036 kB
Slab:              56216 kB
SReclaimable:      16872 kB
SUnreclaim:        39344 kB
KernelStack:       16024 kB
PageTables:        27180 kB
NFS_Unstable:          0 kB
Bounce:                0 kB
WritebackTmp:          0 kB
CommitLimit:     1242116 kB
Committed_AS:   55901168 kB
VmallocTotal:     409600 kB
VmallocUsed:       34020 kB
VmallocChunk:     104476 kB
Time pass: 266 sec

---2015-12-08 17:44:29
MemTotal:        1959952 kB
MemFree:           84064 kB
Buffers:            2736 kB
Cached:           874368 kB
SwapCached:         1204 kB
Active:           731724 kB
Inactive:         616004 kB
Active(anon):     298076 kB
Inactive(anon):   175328 kB
Active(file):     433648 kB
Inactive(file):   440676 kB
Unevictable:        1744 kB
Mlocked:               0 kB
HighTotal:       1372556 kB
HighFree:          25160 kB
LowTotal:         587396 kB
LowFree:           58904 kB
SwapTotal:        262140 kB
SwapFree:         226700 kB
Dirty:              1164 kB
Writeback:             0 kB
AnonPages:        472368 kB
Mapped:           356228 kB
Shmem:              1036 kB
Slab:              56184 kB
SReclaimable:      16872 kB
SUnreclaim:        39312 kB
KernelStack:       15896 kB
PageTables:        27260 kB
NFS_Unstable:          0 kB
Bounce:                0 kB
WritebackTmp:          0 kB
CommitLimit:     1242116 kB
Committed_AS:   55901236 kB
VmallocTotal:     409600 kB
VmallocUsed:       34020 kB
VmallocChunk:     104476 kB
Time pass: 269 sec

---2015-12-08 17:44:29
MemTotal:        1959952 kB
MemFree:           83216 kB
Buffers:            2736 kB
Cached:           874368 kB
SwapCached:         1204 kB
Active:           732580 kB
Inactive:         616004 kB
Active(anon):     298932 kB
Inactive(anon):   175328 kB
Active(file):     433648 kB
Inactive(file):   440676 kB
Unevictable:        1744 kB
Mlocked:               0 kB
HighTotal:       1372556 kB
HighFree:          25532 kB
LowTotal:         587396 kB
LowFree:           57684 kB
SwapTotal:        262140 kB
SwapFree:         226700 kB
Dirty:              1156 kB
Writeback:             0 kB
AnonPages:        473436 kB
Mapped:           356228 kB
Shmem:              1036 kB
Slab:              56344 kB
SReclaimable:      16872 kB
SUnreclaim:        39472 kB
KernelStack:       15920 kB
PageTables:        27292 kB
NFS_Unstable:          0 kB
Bounce:                0 kB
WritebackTmp:          0 kB
CommitLimit:     1242116 kB
Committed_AS:   55901296 kB
VmallocTotal:     409600 kB
VmallocUsed:       34020 kB
VmallocChunk:     104476 kB
Time pass: 273 sec

---2015-12-08 17:44:29
MemTotal:        1959952 kB
MemFree:          118808 kB
Buffers:            2736 kB
Cached:           868932 kB
SwapCached:         1204 kB
Active:           731600 kB
Inactive:         612276 kB
Active(anon):     300144 kB
Inactive(anon):   174844 kB
Active(file):     431456 kB
Inactive(file):   437432 kB
Unevictable:        1744 kB
Mlocked:               0 kB
HighTotal:       1372556 kB
HighFree:          39248 kB
LowTotal:         587396 kB
LowFree:           79560 kB
SwapTotal:        262140 kB
SwapFree:         226200 kB
Dirty:              1168 kB
Writeback:             0 kB
AnonPages:        473816 kB
Mapped:           356256 kB
Shmem:              1036 kB
Slab:              56200 kB
SReclaimable:      16728 kB
SUnreclaim:        39472 kB
KernelStack:       15928 kB
PageTables:        27268 kB
NFS_Unstable:          0 kB
Bounce:                0 kB
WritebackTmp:          0 kB
CommitLimit:     1242116 kB
Committed_AS:   55901448 kB
VmallocTotal:     409600 kB
VmallocUsed:       34020 kB
VmallocChunk:     104476 kB
Time pass: 277 sec

---2015-12-08 17:44:29
MemTotal:        1959952 kB
MemFree:          116536 kB
Buffers:            2736 kB
Cached:           868932 kB
SwapCached:         1204 kB
Active:           733036 kB
Inactive:         612260 kB
Active(anon):     301564 kB
Inactive(anon):   174844 kB
Active(file):     431472 kB
Inactive(file):   437416 kB
Unevictable:        1744 kB
Mlocked:               0 kB
HighTotal:       1372556 kB
HighFree:          36832 kB
LowTotal:         587396 kB
LowFree:           79704 kB
SwapTotal:        262140 kB
SwapFree:         226200 kB
Dirty:              1184 kB
Writeback:             0 kB
AnonPages:        475308 kB
Mapped:           356140 kB
Shmem:              1036 kB
Slab:              56208 kB
SReclaimable:      16800 kB
SUnreclaim:        39408 kB
KernelStack:       15928 kB
PageTables:        27264 kB
NFS_Unstable:          0 kB
Bounce:                0 kB
WritebackTmp:          0 kB
CommitLimit:     1242116 kB
Committed_AS:   55901536 kB
VmallocTotal:     409600 kB
VmallocUsed:       34020 kB
VmallocChunk:     104476 kB
Time pass: 281 sec

---2015-12-08 17:44:29
MemTotal:        1959952 kB
MemFree:          116524 kB
Buffers:            2736 kB
Cached:           868932 kB
SwapCached:         1204 kB
Active:           734140 kB
Inactive:         612268 kB
Active(anon):     302676 kB
Inactive(anon):   174844 kB
Active(file):     431464 kB
Inactive(file):   437424 kB
Unevictable:        1744 kB
Mlocked:               0 kB
HighTotal:       1372556 kB
HighFree:          35644 kB
LowTotal:         587396 kB
LowFree:           80880 kB
SwapTotal:        262140 kB
SwapFree:         226200 kB
Dirty:              1180 kB
Writeback:             0 kB
AnonPages:        476396 kB
Mapped:           356168 kB
Shmem:              1036 kB
Slab:              56272 kB
SReclaimable:      16800 kB
SUnreclaim:        39472 kB
KernelStack:       16088 kB
PageTables:        27348 kB
NFS_Unstable:          0 kB
Bounce:                0 kB
WritebackTmp:          0 kB
CommitLimit:     1242116 kB
Committed_AS:   55901608 kB
VmallocTotal:     409600 kB
VmallocUsed:       34020 kB
VmallocChunk:     104476 kB
Time pass: 285 sec

---2015-12-08 17:44:29
MemTotal:        1959952 kB
MemFree:          115464 kB
Buffers:            2736 kB
Cached:           868932 kB
SwapCached:         1204 kB
Active:           734236 kB
Inactive:         612260 kB
Active(anon):     302764 kB
Inactive(anon):   174844 kB
Active(file):     431472 kB
Inactive(file):   437416 kB
Unevictable:        1744 kB
Mlocked:               0 kB
HighTotal:       1372556 kB
HighFree:          34180 kB
LowTotal:         587396 kB
LowFree:           81284 kB
SwapTotal:        262140 kB
SwapFree:         226200 kB
Dirty:              1168 kB
Writeback:             0 kB
AnonPages:        476784 kB
Mapped:           356272 kB
Shmem:              1036 kB
Slab:              56336 kB
SReclaimable:      16800 kB
SUnreclaim:        39536 kB
KernelStack:       15928 kB
PageTables:        27276 kB
NFS_Unstable:          0 kB
Bounce:                0 kB
WritebackTmp:          0 kB
CommitLimit:     1242116 kB
Committed_AS:   55901700 kB
VmallocTotal:     409600 kB
VmallocUsed:       34020 kB
VmallocChunk:     104476 kB
Time pass: 288 sec

---2015-12-08 17:44:29
MemTotal:        1959952 kB
MemFree:          115052 kB
Buffers:            2736 kB
Cached:           869284 kB
SwapCached:         1204 kB
Active:           734628 kB
Inactive:         612596 kB
Active(anon):     303156 kB
Inactive(anon):   174808 kB
Active(file):     431472 kB
Inactive(file):   437788 kB
Unevictable:        1744 kB
Mlocked:               0 kB
HighTotal:       1372556 kB
HighFree:          33808 kB
LowTotal:         587396 kB
LowFree:           81244 kB
SwapTotal:        262140 kB
SwapFree:         226200 kB
Dirty:              1164 kB
Writeback:             0 kB
AnonPages:        476808 kB
Mapped:           356260 kB
Shmem:              1016 kB
Slab:              56216 kB
SReclaimable:      16808 kB
SUnreclaim:        39408 kB
KernelStack:       15912 kB
PageTables:        27256 kB
NFS_Unstable:          0 kB
Bounce:                0 kB
WritebackTmp:          0 kB
CommitLimit:     1242116 kB
Committed_AS:   55888804 kB
VmallocTotal:     409600 kB
VmallocUsed:       34020 kB
VmallocChunk:     104476 kB
Time pass: 292 sec

---2015-12-08 17:44:29
MemTotal:        1959952 kB
MemFree:          120092 kB
Buffers:            2736 kB
Cached:           869364 kB
SwapCached:         1204 kB
Active:           728664 kB
Inactive:         612640 kB
Active(anon):     297188 kB
Inactive(anon):   174776 kB
Active(file):     431476 kB
Inactive(file):   437864 kB
Unevictable:        1744 kB
Mlocked:               0 kB
HighTotal:       1372556 kB
HighFree:          37224 kB
LowTotal:         587396 kB
LowFree:           82868 kB
SwapTotal:        262140 kB
SwapFree:         226200 kB
Dirty:              1164 kB
Writeback:             0 kB
AnonPages:        470900 kB
Mapped:           356296 kB
Shmem:              1016 kB
Slab:              56256 kB
SReclaimable:      16816 kB
SUnreclaim:        39440 kB
KernelStack:       15928 kB
PageTables:        27240 kB
NFS_Unstable:          0 kB
Bounce:                0 kB
WritebackTmp:          0 kB
CommitLimit:     1242116 kB
Committed_AS:   55887720 kB
VmallocTotal:     409600 kB
VmallocUsed:       34020 kB
VmallocChunk:     104476 kB
Time pass: 296 sec

---2015-12-08 17:44:29
MemTotal:        1959952 kB
MemFree:          129632 kB
Buffers:            2736 kB
Cached:           869368 kB
SwapCached:         1204 kB
Active:           719028 kB
Inactive:         612364 kB
Active(anon):     287556 kB
Inactive(anon):   174492 kB
Active(file):     431472 kB
Inactive(file):   437872 kB
Unevictable:        1744 kB
Mlocked:               0 kB
HighTotal:       1372556 kB
HighFree:          39772 kB
LowTotal:         587396 kB
LowFree:           89860 kB
SwapTotal:        262140 kB
SwapFree:         226200 kB
Dirty:              1184 kB
Writeback:             0 kB
AnonPages:        461000 kB
Mapped:           356272 kB
Shmem:              1016 kB
Slab:              56224 kB
SReclaimable:      16816 kB
SUnreclaim:        39408 kB
KernelStack:       15928 kB
PageTables:        27256 kB
NFS_Unstable:          0 kB
Bounce:                0 kB
WritebackTmp:          0 kB
CommitLimit:     1242116 kB
Committed_AS:   55885952 kB
VmallocTotal:     409600 kB
VmallocUsed:       34020 kB
VmallocChunk:     104476 kB
Time pass: 300 sec

---2015-12-08 17:44:29
MemTotal:        1959952 kB
MemFree:          131596 kB
Buffers:            2736 kB
Cached:           869368 kB
SwapCached:         1204 kB
Active:           718176 kB
Inactive:         612360 kB
Active(anon):     286704 kB
Inactive(anon):   174488 kB
Active(file):     431472 kB
Inactive(file):   437872 kB
Unevictable:        1744 kB
Mlocked:               0 kB
HighTotal:       1372556 kB
HighFree:          39504 kB
LowTotal:         587396 kB
LowFree:           92092 kB
SwapTotal:        262140 kB
SwapFree:         226200 kB
Dirty:              1184 kB
Writeback:             0 kB
AnonPages:        460144 kB
Mapped:           356156 kB
Shmem:              1016 kB
Slab:              56480 kB
SReclaimable:      16816 kB
SUnreclaim:        39664 kB
KernelStack:       15928 kB
PageTables:        27256 kB
NFS_Unstable:          0 kB
Bounce:                0 kB
WritebackTmp:          0 kB
CommitLimit:     1242116 kB
Committed_AS:   55886040 kB
VmallocTotal:     409600 kB
VmallocUsed:       34020 kB
VmallocChunk:     104476 kB
Time pass: 304 sec

---2015-12-08 17:44:29
MemTotal:        1959952 kB
MemFree:          129728 kB
Buffers:            2736 kB
Cached:           869596 kB
SwapCached:         1204 kB
Active:           718868 kB
Inactive:         612568 kB
Active(anon):     287396 kB
Inactive(anon):   174488 kB
Active(file):     431472 kB
Inactive(file):   438080 kB
Unevictable:        1744 kB
Mlocked:               0 kB
HighTotal:       1372556 kB
HighFree:          37756 kB
LowTotal:         587396 kB
LowFree:           91972 kB
SwapTotal:        262140 kB
SwapFree:         226200 kB
Dirty:              1412 kB
Writeback:             0 kB
AnonPages:        460772 kB
Mapped:           356392 kB
Shmem:              1016 kB
Slab:              56160 kB
SReclaimable:      16816 kB
SUnreclaim:        39344 kB
KernelStack:       16096 kB
PageTables:        27340 kB
NFS_Unstable:          0 kB
Bounce:                0 kB
WritebackTmp:          0 kB
CommitLimit:     1242116 kB
Committed_AS:   55886096 kB
VmallocTotal:     409600 kB
VmallocUsed:       34020 kB
VmallocChunk:     104476 kB
Time pass: 309 sec

---2015-12-08 17:44:29
MemTotal:        1959952 kB
MemFree:          126960 kB
Buffers:            2736 kB
Cached:           869600 kB
SwapCached:         1204 kB
Active:           722528 kB
Inactive:         612572 kB
Active(anon):     291036 kB
Inactive(anon):   174488 kB
Active(file):     431492 kB
Inactive(file):   438084 kB
Unevictable:        1744 kB
Mlocked:               0 kB
HighTotal:       1372556 kB
HighFree:          35048 kB
LowTotal:         587396 kB
LowFree:           91912 kB
SwapTotal:        262140 kB
SwapFree:         226200 kB
Dirty:              1176 kB
Writeback:             0 kB
AnonPages:        464784 kB
Mapped:           359784 kB
Shmem:              1016 kB
Slab:              56160 kB
SReclaimable:      16816 kB
SUnreclaim:        39344 kB
KernelStack:       15920 kB
PageTables:        27552 kB
NFS_Unstable:          0 kB
Bounce:                0 kB
WritebackTmp:          0 kB
CommitLimit:     1242116 kB
Committed_AS:   56847564 kB
VmallocTotal:     409600 kB
VmallocUsed:       35040 kB
VmallocChunk:     104476 kB
Time pass: 313 sec

---2015-12-08 17:44:29
MemTotal:        1959952 kB
MemFree:          129256 kB
Buffers:            2736 kB
Cached:           869600 kB
SwapCached:         1204 kB
Active:           720052 kB
Inactive:         612572 kB
Active(anon):     288560 kB
Inactive(anon):   174488 kB
Active(file):     431492 kB
Inactive(file):   438084 kB
Unevictable:        1744 kB
Mlocked:               0 kB
HighTotal:       1372556 kB
HighFree:          36916 kB
LowTotal:         587396 kB
LowFree:           92340 kB
SwapTotal:        262140 kB
SwapFree:         226200 kB
Dirty:              1176 kB
Writeback:             0 kB
AnonPages:        461916 kB
Mapped:           356272 kB
Shmem:              1016 kB
Slab:              56296 kB
SReclaimable:      16824 kB
SUnreclaim:        39472 kB
KernelStack:       15912 kB
PageTables:        27252 kB
NFS_Unstable:          0 kB
Bounce:                0 kB
WritebackTmp:          0 kB
CommitLimit:     1242116 kB
Committed_AS:   55887384 kB
VmallocTotal:     409600 kB
VmallocUsed:       34020 kB
VmallocChunk:     104476 kB
Time pass: 316 sec

---2015-12-08 17:44:29
MemTotal:        1959952 kB
MemFree:          129040 kB
Buffers:            2736 kB
Cached:           869600 kB
SwapCached:         1204 kB
Active:           720904 kB
Inactive:         612576 kB
Active(anon):     289416 kB
Inactive(anon):   174488 kB
Active(file):     431488 kB
Inactive(file):   438088 kB
Unevictable:        1744 kB
Mlocked:               0 kB
HighTotal:       1372556 kB
HighFree:          36172 kB
LowTotal:         587396 kB
LowFree:           92868 kB
SwapTotal:        262140 kB
SwapFree:         226200 kB
Dirty:              1196 kB
Writeback:             0 kB
AnonPages:        462796 kB
Mapped:           356272 kB
Shmem:              1016 kB
Slab:              56328 kB
SReclaimable:      16824 kB
SUnreclaim:        39504 kB
KernelStack:       15920 kB
PageTables:        27252 kB
NFS_Unstable:          0 kB
Bounce:                0 kB
WritebackTmp:          0 kB
CommitLimit:     1242116 kB
Committed_AS:   55887420 kB
VmallocTotal:     409600 kB
VmallocUsed:       34020 kB
VmallocChunk:     104476 kB
Time pass: 320 sec

---2015-12-08 17:44:29
MemTotal:        1959952 kB
MemFree:          127484 kB
Buffers:            2736 kB
Cached:           869604 kB
SwapCached:         1204 kB
Active:           721704 kB
Inactive:         612580 kB
Active(anon):     290216 kB
Inactive(anon):   174488 kB
Active(file):     431488 kB
Inactive(file):   438092 kB
Unevictable:        1744 kB
Mlocked:               0 kB
HighTotal:       1372556 kB
HighFree:          34932 kB
LowTotal:         587396 kB
LowFree:           92552 kB
SwapTotal:        262140 kB
SwapFree:         226200 kB
Dirty:              1196 kB
Writeback:             0 kB
AnonPages:        463596 kB
Mapped:           356296 kB
Shmem:              1016 kB
Slab:              56232 kB
SReclaimable:      16824 kB
SUnreclaim:        39408 kB
KernelStack:       15920 kB
PageTables:        27236 kB
NFS_Unstable:          0 kB
Bounce:                0 kB
WritebackTmp:          0 kB
CommitLimit:     1242116 kB
Committed_AS:   55887536 kB
VmallocTotal:     409600 kB
VmallocUsed:       34020 kB
VmallocChunk:     104476 kB
Time pass: 325 sec

---2015-12-08 17:44:29
MemTotal:        1959952 kB
MemFree:          127296 kB
Buffers:            2736 kB
Cached:           869604 kB
SwapCached:         1204 kB
Active:           722812 kB
Inactive:         612580 kB
Active(anon):     291324 kB
Inactive(anon):   174488 kB
Active(file):     431488 kB
Inactive(file):   438092 kB
Unevictable:        1744 kB
Mlocked:               0 kB
HighTotal:       1372556 kB
HighFree:          34568 kB
LowTotal:         587396 kB
LowFree:           92728 kB
SwapTotal:        262140 kB
SwapFree:         226200 kB
Dirty:              1196 kB
Writeback:             0 kB
AnonPages:        464624 kB
Mapped:           356280 kB
Shmem:              1016 kB
Slab:              56168 kB
SReclaimable:      16824 kB
SUnreclaim:        39344 kB
KernelStack:       15920 kB
PageTables:        27252 kB
NFS_Unstable:          0 kB
Bounce:                0 kB
WritebackTmp:          0 kB
CommitLimit:     1242116 kB
Committed_AS:   55886688 kB
VmallocTotal:     409600 kB
VmallocUsed:       34020 kB
VmallocChunk:     104476 kB
Time pass: 329 sec

---2015-12-08 17:44:29
MemTotal:        1959952 kB
MemFree:          125324 kB
Buffers:            2736 kB
Cached:           869604 kB
SwapCached:         1204 kB
Active:           723976 kB
Inactive:         612580 kB
Active(anon):     292488 kB
Inactive(anon):   174488 kB
Active(file):     431488 kB
Inactive(file):   438092 kB
Unevictable:        1744 kB
Mlocked:               0 kB
HighTotal:       1372556 kB
HighFree:          32676 kB
LowTotal:         587396 kB
LowFree:           92648 kB
SwapTotal:        262140 kB
SwapFree:         226200 kB
Dirty:              1196 kB
Writeback:             0 kB
AnonPages:        465896 kB
Mapped:           356280 kB
Shmem:              1016 kB
Slab:              56364 kB
SReclaimable:      16824 kB
SUnreclaim:        39540 kB
KernelStack:       15912 kB
PageTables:        27256 kB
NFS_Unstable:          0 kB
Bounce:                0 kB
WritebackTmp:          0 kB
CommitLimit:     1242116 kB
Committed_AS:   55886992 kB
VmallocTotal:     409600 kB
VmallocUsed:       34020 kB
VmallocChunk:     104476 kB
Time pass: 333 sec

---2015-12-08 17:44:29
MemTotal:        1959952 kB
MemFree:          124956 kB
Buffers:            2736 kB
Cached:           869604 kB
SwapCached:         1204 kB
Active:           724664 kB
Inactive:         612580 kB
Active(anon):     293176 kB
Inactive(anon):   174488 kB
Active(file):     431488 kB
Inactive(file):   438092 kB
Unevictable:        1744 kB
Mlocked:               0 kB
HighTotal:       1372556 kB
HighFree:          31864 kB
LowTotal:         587396 kB
LowFree:           93092 kB
SwapTotal:        262140 kB
SwapFree:         226200 kB
Dirty:              1196 kB
Writeback:             0 kB
AnonPages:        466216 kB
Mapped:           356400 kB
Shmem:              1016 kB
Slab:              56268 kB
SReclaimable:      16824 kB
SUnreclaim:        39444 kB
KernelStack:       16096 kB
PageTables:        27340 kB
NFS_Unstable:          0 kB
Bounce:                0 kB
WritebackTmp:          0 kB
CommitLimit:     1242116 kB
Committed_AS:   55887116 kB
VmallocTotal:     409600 kB
VmallocUsed:       34020 kB
VmallocChunk:     104476 kB
Time pass: 337 sec

---2015-12-08 17:44:29
MemTotal:        1959952 kB
MemFree:          119728 kB
Buffers:            2736 kB
Cached:           869604 kB
SwapCached:         1204 kB
Active:           729048 kB
Inactive:         612580 kB
Active(anon):     297560 kB
Inactive(anon):   174488 kB
Active(file):     431488 kB
Inactive(file):   438092 kB
Unevictable:        1744 kB
Mlocked:               0 kB
HighTotal:       1372556 kB
HighFree:          26140 kB
LowTotal:         587396 kB
LowFree:           93588 kB
SwapTotal:        262140 kB
SwapFree:         226200 kB
Dirty:              1196 kB
Writeback:             0 kB
AnonPages:        471088 kB
Mapped:           359792 kB
Shmem:              1016 kB
Slab:              56436 kB
SReclaimable:      16824 kB
SUnreclaim:        39612 kB
KernelStack:       15920 kB
PageTables:        27556 kB
NFS_Unstable:          0 kB
Bounce:                0 kB
WritebackTmp:          0 kB
CommitLimit:     1242116 kB
Committed_AS:   56850908 kB
VmallocTotal:     409600 kB
VmallocUsed:       34020 kB
VmallocChunk:     104476 kB
Time pass: 341 sec

---2015-12-08 17:44:29
MemTotal:        1959952 kB
MemFree:          128328 kB
Buffers:            2736 kB
Cached:           869604 kB
SwapCached:         1204 kB
Active:           720760 kB
Inactive:         612580 kB
Active(anon):     289272 kB
Inactive(anon):   174488 kB
Active(file):     431488 kB
Inactive(file):   438092 kB
Unevictable:        1744 kB
Mlocked:               0 kB
HighTotal:       1372556 kB
HighFree:          34440 kB
LowTotal:         587396 kB
LowFree:           93888 kB
SwapTotal:        262140 kB
SwapFree:         226200 kB
Dirty:              1196 kB
Writeback:             0 kB
AnonPages:        462652 kB
Mapped:           356280 kB
Shmem:              1016 kB
Slab:              56340 kB
SReclaimable:      16824 kB
SUnreclaim:        39516 kB
KernelStack:       15920 kB
PageTables:        27260 kB
NFS_Unstable:          0 kB
Bounce:                0 kB
WritebackTmp:          0 kB
CommitLimit:     1242116 kB
Committed_AS:   55888876 kB
VmallocTotal:     409600 kB
VmallocUsed:       34020 kB
VmallocChunk:     104476 kB
Time pass: 345 sec

---2015-12-08 17:44:29
MemTotal:        1959952 kB
MemFree:          128968 kB
Buffers:            2736 kB
Cached:           869604 kB
SwapCached:         1204 kB
Active:           720160 kB
Inactive:         612576 kB
Active(anon):     288668 kB
Inactive(anon):   174488 kB
Active(file):     431492 kB
Inactive(file):   438088 kB
Unevictable:        1744 kB
Mlocked:               0 kB
HighTotal:       1372556 kB
HighFree:          35024 kB
LowTotal:         587396 kB
LowFree:           93944 kB
SwapTotal:        262140 kB
SwapFree:         226200 kB
Dirty:              1176 kB
Writeback:             0 kB
AnonPages:        462168 kB
Mapped:           356280 kB
