---2015-12-05 14:07:44
MemTotal:        2873608 kB
MemFree:           90164 kB
Buffers:           23032 kB
Cached:          1292800 kB
SwapCached:            0 kB
Active:          1289728 kB
Inactive:         954332 kB
Active(anon):     744280 kB
Inactive(anon):   193916 kB
Active(file):     545448 kB
Inactive(file):   760416 kB
Unevictable:        8104 kB
Mlocked:               0 kB
SwapTotal:        718400 kB
SwapFree:         718400 kB
Dirty:               676 kB
Writeback:             0 kB
AnonPages:        936528 kB
Mapped:           490568 kB
Shmem:              1864 kB
Slab:              96848 kB
SReclaimable:      31756 kB
SUnreclaim:        65092 kB
KernelStack:       37936 kB
PageTables:        49280 kB
NFS_Unstable:          0 kB
Bounce:                0 kB
WritebackTmp:          0 kB
CommitLimit:     2155204 kB
Committed_AS:   121420720 kB
VmallocTotal:   251658176 kB
VmallocUsed:      136268 kB
VmallocChunk:   251418668 kB
Time pass: 3 sec

---2015-12-05 14:07:44
MemTotal:        2873608 kB
MemFree:          126760 kB
Buffers:           23232 kB
Cached:          1293992 kB
SwapCached:            0 kB
Active:          1281032 kB
Inactive:         934088 kB
Active(anon):     713972 kB
Inactive(anon):   193692 kB
Active(file):     567060 kB
Inactive(file):   740396 kB
Unevictable:        8104 kB
Mlocked:               0 kB
SwapTotal:        718400 kB
SwapFree:         718400 kB
Dirty:               896 kB
Writeback:             0 kB
AnonPages:        906168 kB
Mapped:           457664 kB
Shmem:              1664 kB
Slab:              96332 kB
SReclaimable:      31724 kB
SUnreclaim:        64608 kB
KernelStack:       35712 kB
PageTables:        47872 kB
NFS_Unstable:          0 kB
Bounce:                0 kB
WritebackTmp:          0 kB
CommitLimit:     2155204 kB
Committed_AS:   119056368 kB
VmallocTotal:   251658176 kB
VmallocUsed:      134952 kB
VmallocChunk:   251418668 kB
Time pass: 7 sec

---2015-12-05 14:07:44
MemTotal:        2873608 kB
MemFree:           88968 kB
Buffers:           23312 kB
Cached:          1294052 kB
SwapCached:            0 kB
Active:          1317124 kB
Inactive:         931096 kB
Active(anon):     746948 kB
Inactive(anon):   193664 kB
Active(file):     570176 kB
Inactive(file):   737432 kB
Unevictable:        8104 kB
Mlocked:               0 kB
SwapTotal:        718400 kB
SwapFree:         718400 kB
Dirty:              1036 kB
Writeback:             0 kB
AnonPages:        939248 kB
Mapped:           497588 kB
Shmem:              1648 kB
Slab:              96348 kB
SReclaimable:      31708 kB
SUnreclaim:        64640 kB
KernelStack:       36560 kB
PageTables:        47856 kB
NFS_Unstable:          0 kB
Bounce:                0 kB
WritebackTmp:          0 kB
CommitLimit:     2155204 kB
Committed_AS:   117331580 kB
VmallocTotal:   251658176 kB
VmallocUsed:      135248 kB
VmallocChunk:   251418668 kB
Time pass: 11 sec

---2015-12-05 14:07:44
MemTotal:        2873608 kB
MemFree:          108552 kB
Buffers:           24868 kB
Cached:          1295728 kB
SwapCached:            0 kB
Active:          1298524 kB
Inactive:         931312 kB
Active(anon):     725332 kB
Inactive(anon):   193796 kB
Active(file):     573192 kB
Inactive(file):   737516 kB
Unevictable:        8104 kB
Mlocked:               0 kB
SwapTotal:        718400 kB
SwapFree:         718400 kB
Dirty:              6308 kB
Writeback:             0 kB
AnonPages:        917644 kB
Mapped:           497696 kB
Shmem:              1784 kB
Slab:              96660 kB
SReclaimable:      31676 kB
SUnreclaim:        64984 kB
KernelStack:       36864 kB
PageTables:        48048 kB
NFS_Unstable:          0 kB
Bounce:                0 kB
WritebackTmp:          0 kB
CommitLimit:     2155204 kB
Committed_AS:   117424488 kB
VmallocTotal:   251658176 kB
VmallocUsed:      135248 kB
VmallocChunk:   251418668 kB
Time pass: 14 sec

---2015-12-05 14:07:44
MemTotal:        2873608 kB
MemFree:          106584 kB
Buffers:           24936 kB
Cached:          1295756 kB
SwapCached:            0 kB
Active:          1320016 kB
Inactive:         909012 kB
Active(anon):     724428 kB
Inactive(anon):   193728 kB
Active(file):     595588 kB
Inactive(file):   715284 kB
Unevictable:        8104 kB
Mlocked:               0 kB
SwapTotal:        718400 kB
SwapFree:         718400 kB
Dirty:               944 kB
Writeback:             0 kB
AnonPages:        916632 kB
Mapped:           492676 kB
Shmem:              1716 kB
Slab:              97120 kB
SReclaimable:      31704 kB
SUnreclaim:        65416 kB
KernelStack:       37216 kB
PageTables:        49304 kB
NFS_Unstable:          0 kB
Bounce:                0 kB
WritebackTmp:          0 kB
CommitLimit:     2155204 kB
Committed_AS:   121558972 kB
VmallocTotal:   251658176 kB
VmallocUsed:      137288 kB
VmallocChunk:   251418668 kB
Time pass: 18 sec

---2015-12-05 14:07:44
MemTotal:        2873608 kB
MemFree:           73004 kB
Buffers:           25284 kB
Cached:          1229696 kB
SwapCached:            0 kB
Active:          1395604 kB
Inactive:         815804 kB
Active(anon):     775684 kB
Inactive(anon):   195740 kB
Active(file):     619920 kB
Inactive(file):   620064 kB
Unevictable:       13392 kB
Mlocked:               0 kB
SwapTotal:        718400 kB
SwapFree:         717984 kB
Dirty:              8184 kB
Writeback:             0 kB
AnonPages:        969904 kB
Mapped:           461140 kB
Shmem:              1600 kB
Slab:              97124 kB
SReclaimable:      31440 kB
SUnreclaim:        65684 kB
KernelStack:       38064 kB
PageTables:        48704 kB
NFS_Unstable:          0 kB
Bounce:                0 kB
WritebackTmp:          0 kB
CommitLimit:     2155204 kB
Committed_AS:   119160992 kB
VmallocTotal:   251658176 kB
VmallocUsed:      134684 kB
VmallocChunk:   251413548 kB
Time pass: 22 sec

---2015-12-05 14:07:44
MemTotal:        2873608 kB
MemFree:           64260 kB
Buffers:           25192 kB
Cached:          1167476 kB
SwapCached:            0 kB
Active:          1364300 kB
Inactive:         785596 kB
Active(anon):     776156 kB
Inactive(anon):   196300 kB
Active(file):     588144 kB
Inactive(file):   589296 kB
Unevictable:       13568 kB
Mlocked:               0 kB
SwapTotal:        718400 kB
SwapFree:         717484 kB
Dirty:              6948 kB
Writeback:             0 kB
AnonPages:        971336 kB
Mapped:           540344 kB
Shmem:              1372 kB
Slab:              97552 kB
SReclaimable:      31832 kB
SUnreclaim:        65720 kB
KernelStack:       38176 kB
PageTables:        49344 kB
NFS_Unstable:          0 kB
Bounce:                0 kB
WritebackTmp:          0 kB
CommitLimit:     2155204 kB
Committed_AS:   118214016 kB
VmallocTotal:   251658176 kB
VmallocUsed:      136420 kB
VmallocChunk:   251413548 kB
Time pass: 26 sec

---2015-12-05 14:07:44
MemTotal:        2873608 kB
MemFree:          110668 kB
Buffers:           26412 kB
Cached:          1164920 kB
SwapCached:            0 kB
Active:          1321624 kB
Inactive:         783308 kB
Active(anon):     732488 kB
Inactive(anon):   195936 kB
Active(file):     589136 kB
Inactive(file):   587372 kB
Unevictable:       13568 kB
Mlocked:               0 kB
SwapTotal:        718400 kB
SwapFree:         717420 kB
Dirty:               232 kB
Writeback:             0 kB
AnonPages:        927356 kB
Mapped:           512668 kB
Shmem:              1248 kB
Slab:              97664 kB
SReclaimable:      31968 kB
SUnreclaim:        65696 kB
KernelStack:       37344 kB
PageTables:        49420 kB
NFS_Unstable:          0 kB
Bounce:                0 kB
WritebackTmp:          0 kB
CommitLimit:     2155204 kB
Committed_AS:   121046148 kB
VmallocTotal:   251658176 kB
VmallocUsed:      137304 kB
VmallocChunk:   251418668 kB
Time pass: 29 sec

---2015-12-05 14:07:44
MemTotal:        2873608 kB
MemFree:           71000 kB
Buffers:           27116 kB
Cached:          1156656 kB
SwapCached:            0 kB
Active:          1360260 kB
Inactive:         780072 kB
Active(anon):     775780 kB
Inactive(anon):   195580 kB
Active(file):     584480 kB
Inactive(file):   584492 kB
Unevictable:       13568 kB
Mlocked:               0 kB
SwapTotal:        718400 kB
SwapFree:         717240 kB
Dirty:               860 kB
Writeback:             0 kB
AnonPages:        970300 kB
Mapped:           546580 kB
Shmem:              1232 kB
Slab:              97472 kB
SReclaimable:      31748 kB
SUnreclaim:        65724 kB
KernelStack:       38080 kB
PageTables:        50664 kB
NFS_Unstable:          0 kB
Bounce:                0 kB
WritebackTmp:          0 kB
CommitLimit:     2155204 kB
Committed_AS:   122896704 kB
VmallocTotal:   251658176 kB
VmallocUsed:      138472 kB
VmallocChunk:   251418668 kB
Time pass: 33 sec

---2015-12-05 14:07:44
MemTotal:        2873608 kB
MemFree:           64212 kB
Buffers:           27072 kB
Cached:          1149392 kB
SwapCached:            0 kB
Active:          1370188 kB
Inactive:         775024 kB
Active(anon):     787792 kB
Inactive(anon):   196056 kB
Active(file):     582396 kB
Inactive(file):   578968 kB
Unevictable:       13568 kB
Mlocked:               0 kB
SwapTotal:        718400 kB
SwapFree:         717196 kB
Dirty:              1068 kB
Writeback:             0 kB
AnonPages:        982856 kB
Mapped:           552712 kB
Shmem:              1168 kB
Slab:              98124 kB
SReclaimable:      31780 kB
SUnreclaim:        66344 kB
KernelStack:       38464 kB
PageTables:        51668 kB
NFS_Unstable:          0 kB
Bounce:                0 kB
WritebackTmp:          0 kB
CommitLimit:     2155204 kB
Committed_AS:   124262180 kB
VmallocTotal:   251658176 kB
VmallocUsed:      140512 kB
VmallocChunk:   251418668 kB
Time pass: 37 sec

---2015-12-05 14:07:44
MemTotal:        2873608 kB
MemFree:           76736 kB
Buffers:           27020 kB
Cached:          1148796 kB
SwapCached:            0 kB
Active:          1361188 kB
Inactive:         777376 kB
Active(anon):     780052 kB
Inactive(anon):   197240 kB
Active(file):     581136 kB
Inactive(file):   580136 kB
Unevictable:       13568 kB
Mlocked:               0 kB
SwapTotal:        718400 kB
SwapFree:         716788 kB
Dirty:               320 kB
Writeback:            16 kB
AnonPages:        976544 kB
Mapped:           559716 kB
Shmem:              1180 kB
Slab:              98372 kB
SReclaimable:      31980 kB
SUnreclaim:        66392 kB
KernelStack:       39440 kB
PageTables:        50460 kB
NFS_Unstable:          0 kB
Bounce:                0 kB
WritebackTmp:          0 kB
CommitLimit:     2155204 kB
Committed_AS:   121060384 kB
VmallocTotal:   251658176 kB
VmallocUsed:      137316 kB
VmallocChunk:   251418668 kB
Time pass: 41 sec

---2015-12-05 14:07:44
MemTotal:        2873608 kB
MemFree:           70588 kB
Buffers:           17736 kB
Cached:          1067860 kB
SwapCached:            0 kB
Active:          1334944 kB
Inactive:         734628 kB
Active(anon):     797160 kB
Inactive(anon):   200732 kB
Active(file):     537784 kB
Inactive(file):   533896 kB
Unevictable:       13568 kB
Mlocked:               0 kB
SwapTotal:        718400 kB
SwapFree:         714216 kB
Dirty:               456 kB
Writeback:             0 kB
AnonPages:        997792 kB
Mapped:           527436 kB
Shmem:               348 kB
Slab:              98964 kB
SReclaimable:      32196 kB
SUnreclaim:        66768 kB
KernelStack:       38048 kB
PageTables:        51100 kB
NFS_Unstable:          0 kB
Bounce:                0 kB
WritebackTmp:          0 kB
CommitLimit:     2155204 kB
Committed_AS:   125045028 kB
VmallocTotal:   251658176 kB
VmallocUsed:      138580 kB
VmallocChunk:   251418668 kB
Time pass: 45 sec

---2015-12-05 14:07:44
MemTotal:        2873608 kB
MemFree:           72424 kB
Buffers:           18016 kB
Cached:          1061296 kB
SwapCached:            0 kB
Active:          1345720 kB
Inactive:         732256 kB
Active(anon):     808156 kB
Inactive(anon):   204500 kB
Active(file):     537564 kB
Inactive(file):   527756 kB
Unevictable:       13568 kB
Mlocked:               0 kB
SwapTotal:        718400 kB
SwapFree:         713836 kB
Dirty:               312 kB
Writeback:             0 kB
AnonPages:       1012388 kB
Mapped:           546920 kB
Shmem:               336 kB
Slab:              98680 kB
SReclaimable:      31908 kB
SUnreclaim:        66772 kB
KernelStack:       38576 kB
PageTables:        51156 kB
NFS_Unstable:          0 kB
Bounce:                0 kB
WritebackTmp:          0 kB
CommitLimit:     2155204 kB
Committed_AS:   123947212 kB
VmallocTotal:   251658176 kB
VmallocUsed:      138548 kB
VmallocChunk:   251418668 kB
Time pass: 49 sec

---2015-12-05 14:07:44
MemTotal:        2873608 kB
MemFree:           65752 kB
Buffers:           18116 kB
Cached:          1042976 kB
SwapCached:            0 kB
Active:          1366292 kB
Inactive:         731164 kB
Active(anon):     843512 kB
Inactive(anon):   206880 kB
Active(file):     522780 kB
Inactive(file):   524284 kB
Unevictable:       13568 kB
Mlocked:               0 kB
SwapTotal:        718400 kB
SwapFree:         713488 kB
Dirty:              1200 kB
Writeback:             0 kB
AnonPages:       1050224 kB
Mapped:           568856 kB
Shmem:               352 kB
Slab:              99280 kB
SReclaimable:      32324 kB
SUnreclaim:        66956 kB
KernelStack:       39616 kB
PageTables:        51668 kB
NFS_Unstable:          0 kB
Bounce:                0 kB
WritebackTmp:          0 kB
CommitLimit:     2155204 kB
Committed_AS:   123961692 kB
VmallocTotal:   251658176 kB
VmallocUsed:      138464 kB
VmallocChunk:   251418668 kB
Time pass: 52 sec

---2015-12-05 14:07:44
MemTotal:        2873608 kB
MemFree:           73208 kB
Buffers:           16360 kB
Cached:          1011644 kB
SwapCached:            0 kB
Active:          1323612 kB
Inactive:         717148 kB
Active(anon):     817240 kB
Inactive(anon):   209432 kB
Active(file):     506372 kB
Inactive(file):   507716 kB
Unevictable:       13568 kB
Mlocked:               0 kB
SwapTotal:        718400 kB
SwapFree:         713212 kB
Dirty:              1216 kB
Writeback:             0 kB
AnonPages:       1026612 kB
Mapped:           618132 kB
Shmem:               348 kB
Slab:              99152 kB
SReclaimable:      32212 kB
SUnreclaim:        66940 kB
KernelStack:       39840 kB
PageTables:        51924 kB
NFS_Unstable:          0 kB
Bounce:                0 kB
WritebackTmp:          0 kB
CommitLimit:     2155204 kB
Committed_AS:   123987792 kB
VmallocTotal:   251658176 kB
VmallocUsed:      138876 kB
VmallocChunk:   251418668 kB
Time pass: 56 sec

---2015-12-05 14:07:44
MemTotal:        2873608 kB
MemFree:           80972 kB
Buffers:           16360 kB
Cached:          1012896 kB
SwapCached:            0 kB
Active:          1316292 kB
Inactive:         718376 kB
Active(anon):     809896 kB
Inactive(anon):   209436 kB
Active(file):     506396 kB
Inactive(file):   508940 kB
Unevictable:       13568 kB
Mlocked:               0 kB
SwapTotal:        718400 kB
SwapFree:         713212 kB
Dirty:                 0 kB
Writeback:             0 kB
AnonPages:       1019104 kB
Mapped:           618344 kB
Shmem:               352 kB
Slab:              99200 kB
SReclaimable:      32276 kB
SUnreclaim:        66924 kB
KernelStack:       39680 kB
PageTables:        51236 kB
NFS_Unstable:          0 kB
Bounce:                0 kB
WritebackTmp:          0 kB
CommitLimit:     2155204 kB
Committed_AS:   122204872 kB
VmallocTotal:   251658176 kB
VmallocUsed:      137856 kB
VmallocChunk:   251418668 kB
Time pass: 60 sec

---2015-12-05 14:07:44
MemTotal:        2873608 kB
MemFree:           70160 kB
Buffers:           16368 kB
Cached:          1013028 kB
SwapCached:            0 kB
Active:          1312880 kB
Inactive:         717456 kB
Active(anon):     805424 kB
Inactive(anon):   209436 kB
Active(file):     507456 kB
Inactive(file):   508020 kB
Unevictable:       13568 kB
Mlocked:               0 kB
SwapTotal:        718400 kB
SwapFree:         713212 kB
Dirty:               156 kB
Writeback:             0 kB
AnonPages:       1014456 kB
Mapped:           627984 kB
Shmem:               352 kB
Slab:              99084 kB
SReclaimable:      32292 kB
SUnreclaim:        66792 kB
KernelStack:       39760 kB
PageTables:        51292 kB
NFS_Unstable:          0 kB
Bounce:                0 kB
WritebackTmp:          0 kB
CommitLimit:     2155204 kB
Committed_AS:   122205272 kB
VmallocTotal:   251658176 kB
VmallocUsed:      137968 kB
VmallocChunk:   251418668 kB
Time pass: 63 sec

---2015-12-05 14:07:44
MemTotal:        2873608 kB
MemFree:           68784 kB
Buffers:           16400 kB
Cached:          1013100 kB
SwapCached:            0 kB
Active:          1313588 kB
Inactive:         717532 kB
Active(anon):     806120 kB
Inactive(anon):   209436 kB
Active(file):     507468 kB
Inactive(file):   508096 kB
Unevictable:       13568 kB
Mlocked:               0 kB
SwapTotal:        718400 kB
SwapFree:         713212 kB
Dirty:                64 kB
Writeback:             0 kB
AnonPages:       1015816 kB
Mapped:           628052 kB
Shmem:               352 kB
Slab:              99088 kB
SReclaimable:      32292 kB
SUnreclaim:        66796 kB
KernelStack:       39696 kB
PageTables:        51292 kB
NFS_Unstable:          0 kB
Bounce:                0 kB
WritebackTmp:          0 kB
CommitLimit:     2155204 kB
Committed_AS:   122205144 kB
VmallocTotal:   251658176 kB
VmallocUsed:      137968 kB
VmallocChunk:   251418668 kB
Time pass: 67 sec

---2015-12-05 14:07:44
MemTotal:        2873608 kB
MemFree:           72424 kB
Buffers:           16024 kB
Cached:           971688 kB
SwapCached:            0 kB
Active:          1315388 kB
Inactive:         696100 kB
Active(anon):     828644 kB
Inactive(anon):   209320 kB
Active(file):     486744 kB
Inactive(file):   486780 kB
Unevictable:       13568 kB
Mlocked:               0 kB
SwapTotal:        718400 kB
SwapFree:         712660 kB
Dirty:               700 kB
Writeback:             0 kB
AnonPages:       1037492 kB
Mapped:           641284 kB
Shmem:               352 kB
Slab:              99564 kB
SReclaimable:      32180 kB
SUnreclaim:        67384 kB
KernelStack:       40032 kB
PageTables:        51872 kB
NFS_Unstable:          0 kB
Bounce:                0 kB
WritebackTmp:          0 kB
CommitLimit:     2155204 kB
Committed_AS:   123994248 kB
VmallocTotal:   251658176 kB
VmallocUsed:      139132 kB
VmallocChunk:   251418668 kB
Time pass: 71 sec

---2015-12-05 14:07:44
MemTotal:        2873608 kB
MemFree:           64980 kB
Buffers:           16024 kB
Cached:           974536 kB
SwapCached:            0 kB
Active:          1318912 kB
Inactive:         698992 kB
Active(anon):     832268 kB
Inactive(anon):   209196 kB
Active(file):     486644 kB
Inactive(file):   489796 kB
Unevictable:       13568 kB
Mlocked:               0 kB
SwapTotal:        718400 kB
SwapFree:         712660 kB
Dirty:               468 kB
Writeback:             0 kB
AnonPages:       1041332 kB
Mapped:           642336 kB
Shmem:               352 kB
Slab:              99280 kB
SReclaimable:      32324 kB
SUnreclaim:        66956 kB
KernelStack:       39888 kB
PageTables:        51612 kB
NFS_Unstable:          0 kB
Bounce:                0 kB
WritebackTmp:          0 kB
CommitLimit:     2155204 kB
Committed_AS:   122766476 kB
VmallocTotal:   251658176 kB
VmallocUsed:      138124 kB
VmallocChunk:   251418668 kB
Time pass: 75 sec

---2015-12-05 14:07:44
MemTotal:        2873608 kB
MemFree:           62868 kB
Buffers:           15796 kB
Cached:           957096 kB
SwapCached:           12 kB
Active:          1332012 kB
Inactive:         690304 kB
Active(anon):     850936 kB
Inactive(anon):   212540 kB
Active(file):     481076 kB
Inactive(file):   477764 kB
Unevictable:       13568 kB
Mlocked:               0 kB
SwapTotal:        718400 kB
SwapFree:         712388 kB
Dirty:               280 kB
Writeback:             0 kB
AnonPages:       1062976 kB
Mapped:           659444 kB
Shmem:               484 kB
Slab:              99112 kB
SReclaimable:      32084 kB
SUnreclaim:        67028 kB
KernelStack:       40160 kB
PageTables:        52020 kB
NFS_Unstable:          0 kB
Bounce:                0 kB
WritebackTmp:          0 kB
CommitLimit:     2155204 kB
Committed_AS:   122806652 kB
VmallocTotal:   251658176 kB
VmallocUsed:      140556 kB
VmallocChunk:   251418668 kB
Time pass: 79 sec

---2015-12-05 14:07:44
MemTotal:        2873608 kB
MemFree:           65652 kB
Buffers:           15856 kB
Cached:           927324 kB
SwapCached:           12 kB
Active:          1317416 kB
Inactive:         674124 kB
Active(anon):     850616 kB
Inactive(anon):   212824 kB
Active(file):     466800 kB
Inactive(file):   461300 kB
Unevictable:       13568 kB
Mlocked:               0 kB
SwapTotal:        718400 kB
SwapFree:         711320 kB
Dirty:                80 kB
Writeback:             0 kB
AnonPages:       1061688 kB
Mapped:           655656 kB
Shmem:              1628 kB
Slab:              99784 kB
SReclaimable:      32276 kB
SUnreclaim:        67508 kB
KernelStack:       40176 kB
PageTables:        52240 kB
NFS_Unstable:          0 kB
Bounce:                0 kB
WritebackTmp:          0 kB
CommitLimit:     2155204 kB
Committed_AS:   122803800 kB
VmallocTotal:   251658176 kB
VmallocUsed:      140556 kB
VmallocChunk:   251418668 kB
Time pass: 82 sec

---2015-12-05 14:07:44
MemTotal:        2873608 kB
MemFree:           66724 kB
Buffers:           15772 kB
Cached:           920960 kB
SwapCached:           12 kB
Active:          1320680 kB
Inactive:         671192 kB
Active(anon):     857044 kB
Inactive(anon):   212340 kB
Active(file):     463636 kB
Inactive(file):   458852 kB
Unevictable:       13568 kB
Mlocked:               0 kB
SwapTotal:        718400 kB
SwapFree:         710992 kB
Dirty:               200 kB
Writeback:             0 kB
AnonPages:       1068920 kB
Mapped:           651868 kB
Shmem:               676 kB
Slab:              99280 kB
SReclaimable:      32004 kB
SUnreclaim:        67276 kB
KernelStack:       40160 kB
PageTables:        51724 kB
NFS_Unstable:          0 kB
Bounce:                0 kB
WritebackTmp:          0 kB
CommitLimit:     2155204 kB
Committed_AS:   121569796 kB
VmallocTotal:   251658176 kB
VmallocUsed:      139536 kB
VmallocChunk:   251418668 kB
Time pass: 86 sec

---2015-12-05 14:07:44
MemTotal:        2873608 kB
MemFree:           74324 kB
Buffers:           15752 kB
Cached:           913780 kB
SwapCached:           12 kB
Active:          1315940 kB
Inactive:         668068 kB
Active(anon):     853808 kB
Inactive(anon):   214992 kB
Active(file):     462132 kB
Inactive(file):   453076 kB
Unevictable:       13568 kB
Mlocked:               0 kB
SwapTotal:        718400 kB
SwapFree:         710652 kB
Dirty:                72 kB
Writeback:             0 kB
AnonPages:       1067988 kB
Mapped:           651736 kB
Shmem:               680 kB
Slab:              98968 kB
SReclaimable:      31748 kB
SUnreclaim:        67220 kB
KernelStack:       39888 kB
PageTables:        51768 kB
NFS_Unstable:          0 kB
Bounce:                0 kB
WritebackTmp:          0 kB
CommitLimit:     2155204 kB
Committed_AS:   121573868 kB
VmallocTotal:   251658176 kB
VmallocUsed:      139536 kB
VmallocChunk:   251418668 kB
Time pass: 90 sec

---2015-12-05 14:07:44
MemTotal:        2873608 kB
MemFree:           79948 kB
Buffers:           15752 kB
Cached:           913888 kB
SwapCached:           12 kB
Active:          1311672 kB
Inactive:         667364 kB
Active(anon):     848652 kB
Inactive(anon):   215224 kB
Active(file):     463020 kB
Inactive(file):   452140 kB
Unevictable:       13568 kB
Mlocked:               0 kB
SwapTotal:        718400 kB
SwapFree:         710652 kB
Dirty:                72 kB
Writeback:             0 kB
AnonPages:       1062436 kB
Mapped:           650896 kB
Shmem:               912 kB
Slab:              99364 kB
SReclaimable:      32004 kB
SUnreclaim:        67360 kB
KernelStack:       39648 kB
PageTables:        51324 kB
NFS_Unstable:          0 kB
Bounce:                0 kB
WritebackTmp:          0 kB
CommitLimit:     2155204 kB
Committed_AS:   120337668 kB
VmallocTotal:   251658176 kB
VmallocUsed:      138516 kB
VmallocChunk:   251418668 kB
Time pass: 93 sec

---2015-12-05 14:07:44
MemTotal:        2873608 kB
MemFree:           85512 kB
Buffers:           15776 kB
Cached:           917856 kB
SwapCached:           12 kB
Active:          1308916 kB
Inactive:         665472 kB
Active(anon):     840088 kB
Inactive(anon):   214720 kB
Active(file):     468828 kB
Inactive(file):   450752 kB
Unevictable:       13568 kB
Mlocked:               0 kB
SwapTotal:        718400 kB
SwapFree:         710652 kB
Dirty:                44 kB
Writeback:             4 kB
AnonPages:       1054444 kB
Mapped:           650480 kB
Shmem:               412 kB
Slab:              99152 kB
SReclaimable:      32004 kB
SUnreclaim:        67148 kB
KernelStack:       39520 kB
PageTables:        50932 kB
NFS_Unstable:          0 kB
Bounce:                0 kB
WritebackTmp:          0 kB
CommitLimit:     2155204 kB
Committed_AS:   120310060 kB
VmallocTotal:   251658176 kB
VmallocUsed:      138516 kB
VmallocChunk:   251418668 kB
Time pass: 97 sec

---2015-12-05 14:07:44
MemTotal:        2873608 kB
MemFree:          306004 kB
Buffers:           15824 kB
Cached:           918784 kB
SwapCached:           12 kB
Active:          1221820 kB
Inactive:         649536 kB
Active(anon):     736184 kB
Inactive(anon):   214344 kB
Active(file):     485636 kB
Inactive(file):   435192 kB
Unevictable:       13568 kB
Mlocked:               0 kB
SwapTotal:        718400 kB
SwapFree:         710652 kB
Dirty:                 4 kB
Writeback:             0 kB
AnonPages:        950464 kB
Mapped:           464912 kB
Shmem:               212 kB
Slab:              99048 kB
SReclaimable:      31940 kB
SUnreclaim:        67108 kB
KernelStack:       38064 kB
PageTables:        48332 kB
NFS_Unstable:          0 kB
Bounce:                0 kB
WritebackTmp:          0 kB
CommitLimit:     2155204 kB
Committed_AS:   116569460 kB
VmallocTotal:   251658176 kB
VmallocUsed:      135504 kB
VmallocChunk:   251418668 kB
Time pass: 101 sec

---2015-12-05 14:07:44
MemTotal:        2873608 kB
MemFree:          305160 kB
Buffers:           15832 kB
Cached:           919000 kB
SwapCached:           12 kB
Active:          1222608 kB
Inactive:         649752 kB
Active(anon):     736964 kB
Inactive(anon):   214340 kB
Active(file):     485644 kB
Inactive(file):   435412 kB
Unevictable:       13568 kB
Mlocked:               0 kB
SwapTotal:        718400 kB
SwapFree:         710652 kB
Dirty:                48 kB
Writeback:             0 kB
AnonPages:        950752 kB
Mapped:           465448 kB
Shmem:               208 kB
Slab:              99052 kB
SReclaimable:      31940 kB
SUnreclaim:        67112 kB
KernelStack:       37504 kB
PageTables:        48408 kB
NFS_Unstable:          0 kB
Bounce:                0 kB
WritebackTmp:          0 kB
CommitLimit:     2155204 kB
Committed_AS:   116571640 kB
VmallocTotal:   251658176 kB
VmallocUsed:      135504 kB
VmallocChunk:   251418668 kB
Time pass: 104 sec

---2015-12-05 14:07:44
MemTotal:        2873608 kB
MemFree:          253504 kB
Buffers:           16008 kB
Cached:           921404 kB
SwapCached:           12 kB
Active:          1274436 kB
Inactive:         647140 kB
Active(anon):     783668 kB
Inactive(anon):   214468 kB
Active(file):     490768 kB
Inactive(file):   432672 kB
Unevictable:       13568 kB
Mlocked:               0 kB
SwapTotal:        718400 kB
SwapFree:         710652 kB
Dirty:              1972 kB
Writeback:             0 kB
AnonPages:        998016 kB
Mapped:           523352 kB
Shmem:               336 kB
Slab:              98992 kB
SReclaimable:      31956 kB
SUnreclaim:        67036 kB
KernelStack:       38624 kB
PageTables:        50056 kB
NFS_Unstable:          0 kB
Bounce:                0 kB
WritebackTmp:          0 kB
CommitLimit:     2155204 kB
Committed_AS:   119680512 kB
VmallocTotal:   251658176 kB
VmallocUsed:      137520 kB
VmallocChunk:   251418668 kB
Time pass: 108 sec

---2015-12-05 14:07:44
MemTotal:        2873608 kB
MemFree:          204056 kB
Buffers:           16024 kB
Cached:           923232 kB
SwapCached:           12 kB
Active:          1269172 kB
Inactive:         647136 kB
Active(anon):     776516 kB
Inactive(anon):   214468 kB
Active(file):     492656 kB
Inactive(file):   432668 kB
Unevictable:       13568 kB
Mlocked:               0 kB
SwapTotal:        718400 kB
SwapFree:         710652 kB
Dirty:              1848 kB
Writeback:             0 kB
AnonPages:        990796 kB
Mapped:           567740 kB
Shmem:               344 kB
Slab:              99016 kB
SReclaimable:      32004 kB
SUnreclaim:        67012 kB
KernelStack:       38416 kB
PageTables:        50172 kB
NFS_Unstable:          0 kB
Bounce:                0 kB
WritebackTmp:          0 kB
CommitLimit:     2155204 kB
Committed_AS:   120219992 kB
VmallocTotal:   251658176 kB
VmallocUsed:      137800 kB
VmallocChunk:   251418668 kB
Time pass: 112 sec

---2015-12-05 14:07:44
MemTotal:        2873608 kB
MemFree:          195584 kB
Buffers:           16032 kB
Cached:           923376 kB
SwapCached:           12 kB
Active:          1266928 kB
Inactive:         647180 kB
Active(anon):     774152 kB
Inactive(anon):   214468 kB
Active(file):     492776 kB
Inactive(file):   432712 kB
Unevictable:       13568 kB
Mlocked:               0 kB
SwapTotal:        718400 kB
SwapFree:         710652 kB
Dirty:               104 kB
Writeback:             0 kB
AnonPages:        988244 kB
Mapped:           578212 kB
Shmem:               344 kB
Slab:              99080 kB
SReclaimable:      32004 kB
SUnreclaim:        67076 kB
KernelStack:       38448 kB
PageTables:        50136 kB
NFS_Unstable:          0 kB
Bounce:                0 kB
WritebackTmp:          0 kB
CommitLimit:     2155204 kB
Committed_AS:   120220160 kB
VmallocTotal:   251658176 kB
VmallocUsed:      135480 kB
VmallocChunk:   251418668 kB
Time pass: 115 sec

---2015-12-05 14:07:44
MemTotal:        2873608 kB
MemFree:          176280 kB
Buffers:           16040 kB
Cached:           923380 kB
SwapCached:           12 kB
Active:          1269428 kB
Inactive:         647188 kB
Active(anon):     776492 kB
Inactive(anon):   214468 kB
Active(file):     492936 kB
Inactive(file):   432720 kB
Unevictable:       13568 kB
Mlocked:               0 kB
SwapTotal:        718400 kB
SwapFree:         710652 kB
Dirty:                 0 kB
Writeback:             0 kB
AnonPages:        990560 kB
Mapped:           588236 kB
Shmem:               344 kB
Slab:              99044 kB
SReclaimable:      32004 kB
SUnreclaim:        67040 kB
KernelStack:       38512 kB
PageTables:        50216 kB
NFS_Unstable:          0 kB
Bounce:                0 kB
WritebackTmp:          0 kB
CommitLimit:     2155204 kB
Committed_AS:   120220472 kB
VmallocTotal:   251658176 kB
VmallocUsed:      135600 kB
VmallocChunk:   251418668 kB
Time pass: 119 sec

---2015-12-05 14:07:44
MemTotal:        2873608 kB
MemFree:          148184 kB
Buffers:           16040 kB
Cached:           923512 kB
SwapCached:           12 kB
Active:          1275180 kB
Inactive:         647124 kB
Active(anon):     782200 kB
Inactive(anon):   214468 kB
Active(file):     492980 kB
Inactive(file):   432656 kB
Unevictable:       13568 kB
Mlocked:               0 kB
SwapTotal:        718400 kB
SwapFree:         710652 kB
Dirty:               324 kB
Writeback:             0 kB
AnonPages:        996436 kB
Mapped:           600364 kB
Shmem:               344 kB
Slab:              99040 kB
SReclaimable:      32004 kB
SUnreclaim:        67036 kB
KernelStack:       38496 kB
PageTables:        50200 kB
NFS_Unstable:          0 kB
Bounce:                0 kB
WritebackTmp:          0 kB
CommitLimit:     2155204 kB
Committed_AS:   120228984 kB
VmallocTotal:   251658176 kB
VmallocUsed:      135748 kB
VmallocChunk:   251418668 kB
Time pass: 123 sec

---2015-12-05 14:07:44
MemTotal:        2873608 kB
MemFree:          148800 kB
Buffers:           16048 kB
Cached:           923532 kB
SwapCached:           12 kB
Active:          1273864 kB
Inactive:         647136 kB
Active(anon):     780868 kB
Inactive(anon):   214468 kB
Active(file):     492996 kB
Inactive(file):   432668 kB
Unevictable:       13568 kB
Mlocked:               0 kB
SwapTotal:        718400 kB
SwapFree:         710652 kB
Dirty:               576 kB
Writeback:             0 kB
AnonPages:        994916 kB
Mapped:           602264 kB
Shmem:               344 kB
Slab:              99076 kB
SReclaimable:      32004 kB
SUnreclaim:        67072 kB
KernelStack:       38496 kB
PageTables:        50212 kB
NFS_Unstable:          0 kB
Bounce:                0 kB
WritebackTmp:          0 kB
CommitLimit:     2155204 kB
Committed_AS:   120229208 kB
VmallocTotal:   251658176 kB
VmallocUsed:      135760 kB
VmallocChunk:   251418668 kB
Time pass: 127 sec

---2015-12-05 14:07:44
MemTotal:        2873608 kB
MemFree:          146616 kB
Buffers:           16056 kB
Cached:           923532 kB
SwapCached:           12 kB
Active:          1276204 kB
Inactive:         647144 kB
Active(anon):     783204 kB
Inactive(anon):   214468 kB
Active(file):     493000 kB
Inactive(file):   432676 kB
Unevictable:       13568 kB
Mlocked:               0 kB
SwapTotal:        718400 kB
SwapFree:         710652 kB
Dirty:               108 kB
Writeback:             0 kB
AnonPages:        997088 kB
Mapped:           602372 kB
Shmem:               344 kB
Slab:              99012 kB
SReclaimable:      32004 kB
SUnreclaim:        67008 kB
KernelStack:       38480 kB
PageTables:        50248 kB
NFS_Unstable:          0 kB
Bounce:                0 kB
WritebackTmp:          0 kB
CommitLimit:     2155204 kB
Committed_AS:   120229288 kB
VmallocTotal:   251658176 kB
VmallocUsed:      135760 kB
VmallocChunk:   251418668 kB
Time pass: 131 sec

---2015-12-05 14:07:44
MemTotal:        2873608 kB
MemFree:          145116 kB
Buffers:           16056 kB
Cached:           923536 kB
SwapCached:           12 kB
Active:          1276544 kB
Inactive:         647144 kB
Active(anon):     783544 kB
Inactive(anon):   214468 kB
Active(file):     493000 kB
Inactive(file):   432676 kB
Unevictable:       13568 kB
Mlocked:               0 kB
SwapTotal:        718400 kB
SwapFree:         710652 kB
Dirty:               116 kB
Writeback:             0 kB
AnonPages:        997544 kB
Mapped:           602520 kB
Shmem:               344 kB
Slab:              99012 kB
SReclaimable:      32004 kB
SUnreclaim:        67008 kB
KernelStack:       38480 kB
PageTables:        50244 kB
NFS_Unstable:          0 kB
Bounce:                0 kB
WritebackTmp:          0 kB
CommitLimit:     2155204 kB
Committed_AS:   120229248 kB
VmallocTotal:   251658176 kB
VmallocUsed:      135760 kB
VmallocChunk:   251418668 kB
Time pass: 134 sec

---2015-12-05 14:07:44
MemTotal:        2873608 kB
MemFree:          129436 kB
Buffers:           17640 kB
Cached:           924216 kB
SwapCached:           12 kB
Active:          1289920 kB
Inactive:         648404 kB
Active(anon):     795916 kB
Inactive(anon):   214608 kB
Active(file):     494004 kB
Inactive(file):   433796 kB
Unevictable:       13568 kB
Mlocked:               0 kB
SwapTotal:        718400 kB
SwapFree:         710652 kB
Dirty:               172 kB
Writeback:            24 kB
AnonPages:       1010180 kB
Mapped:           606148 kB
Shmem:               488 kB
Slab:              99100 kB
SReclaimable:      32004 kB
SUnreclaim:        67096 kB
KernelStack:       38912 kB
PageTables:        50468 kB
NFS_Unstable:          0 kB
Bounce:                0 kB
WritebackTmp:          0 kB
CommitLimit:     2155204 kB
Committed_AS:   120291992 kB
VmallocTotal:   251658176 kB
VmallocUsed:      138192 kB
VmallocChunk:   251418668 kB
Time pass: 138 sec

---2015-12-05 14:07:44
MemTotal:        2873608 kB
MemFree:          128472 kB
Buffers:           17648 kB
Cached:           924388 kB
SwapCached:           12 kB
Active:          1289728 kB
Inactive:         648580 kB
Active(anon):     795724 kB
Inactive(anon):   214700 kB
Active(file):     494004 kB
Inactive(file):   433880 kB
Unevictable:       13568 kB
Mlocked:               0 kB
SwapTotal:        718400 kB
SwapFree:         710652 kB
Dirty:                80 kB
Writeback:             0 kB
AnonPages:       1009588 kB
Mapped:           606240 kB
Shmem:               584 kB
Slab:              99092 kB
SReclaimable:      32020 kB
SUnreclaim:        67072 kB
KernelStack:       38864 kB
PageTables:        50480 kB
NFS_Unstable:          0 kB
Bounce:                0 kB
WritebackTmp:          0 kB
CommitLimit:     2155204 kB
Committed_AS:   120292556 kB
VmallocTotal:   251658176 kB
VmallocUsed:      138192 kB
VmallocChunk:   251418668 kB
Time pass: 142 sec

---2015-12-05 14:07:44
MemTotal:        2873608 kB
MemFree:          131984 kB
Buffers:           17656 kB
Cached:           924620 kB
SwapCached:           12 kB
Active:          1287240 kB
Inactive:         648820 kB
Active(anon):     793232 kB
Inactive(anon):   214936 kB
Active(file):     494008 kB
Inactive(file):   433884 kB
Unevictable:       13568 kB
Mlocked:               0 kB
SwapTotal:        718400 kB
SwapFree:         710652 kB
Dirty:                20 kB
Writeback:             0 kB
AnonPages:       1007368 kB
Mapped:           606388 kB
Shmem:               816 kB
Slab:              98988 kB
SReclaimable:      32020 kB
SUnreclaim:        66968 kB
KernelStack:       38592 kB
PageTables:        50048 kB
NFS_Unstable:          0 kB
Bounce:                0 kB
WritebackTmp:          0 kB
CommitLimit:     2155204 kB
Committed_AS:   119056560 kB
VmallocTotal:   251658176 kB
VmallocUsed:      137172 kB
VmallocChunk:   251418668 kB
Time pass: 146 sec

---2015-12-05 14:07:44
MemTotal:        2873608 kB
MemFree:          131764 kB
Buffers:           17664 kB
Cached:           924644 kB
SwapCached:           12 kB
Active:          1287344 kB
Inactive:         648848 kB
Active(anon):     793332 kB
Inactive(anon):   214964 kB
Active(file):     494012 kB
Inactive(file):   433884 kB
Unevictable:       13568 kB
Mlocked:               0 kB
SwapTotal:        718400 kB
SwapFree:         710652 kB
Dirty:                24 kB
Writeback:             0 kB
AnonPages:       1007396 kB
Mapped:           606440 kB
Shmem:               844 kB
Slab:              98980 kB
SReclaimable:      32020 kB
SUnreclaim:        66960 kB
KernelStack:       38560 kB
PageTables:        50020 kB
NFS_Unstable:          0 kB
Bounce:                0 kB
WritebackTmp:          0 kB
CommitLimit:     2155204 kB
Committed_AS:   119056512 kB
VmallocTotal:   251658176 kB
VmallocUsed:      137172 kB
VmallocChunk:   251418668 kB
Time pass: 150 sec

---2015-12-05 14:07:44
MemTotal:        2873608 kB
MemFree:          128608 kB
Buffers:           17696 kB
Cached:           924152 kB
SwapCached:           12 kB
Active:          1291600 kB
Inactive:         648196 kB
Active(anon):     797396 kB
Inactive(anon):   214464 kB
Active(file):     494204 kB
Inactive(file):   433732 kB
Unevictable:       13568 kB
Mlocked:               0 kB
SwapTotal:        718400 kB
SwapFree:         710652 kB
Dirty:                80 kB
Writeback:             0 kB
AnonPages:       1011604 kB
Mapped:           607420 kB
Shmem:               344 kB
Slab:              99000 kB
SReclaimable:      32036 kB
SUnreclaim:        66964 kB
KernelStack:       38336 kB
PageTables:        49860 kB
NFS_Unstable:          0 kB
Bounce:                0 kB
WritebackTmp:          0 kB
CommitLimit:     2155204 kB
Committed_AS:   119045572 kB
VmallocTotal:   251658176 kB
VmallocUsed:      137172 kB
VmallocChunk:   251418668 kB
Time pass: 153 sec

---2015-12-05 14:07:44
MemTotal:        2873608 kB
MemFree:          121084 kB
Buffers:           17728 kB
Cached:           924364 kB
SwapCached:           12 kB
Active:          1297644 kB
Inactive:         648432 kB
Active(anon):     803436 kB
Inactive(anon):   214668 kB
Active(file):     494208 kB
Inactive(file):   433764 kB
Unevictable:       13568 kB
Mlocked:               0 kB
SwapTotal:        718400 kB
SwapFree:         710652 kB
Dirty:                 8 kB
Writeback:             0 kB
AnonPages:       1017560 kB
Mapped:           607964 kB
Shmem:               552 kB
Slab:              99004 kB
SReclaimable:      32036 kB
SUnreclaim:        66968 kB
KernelStack:       38544 kB
PageTables:        50072 kB
NFS_Unstable:          0 kB
Bounce:                0 kB
WritebackTmp:          0 kB
CommitLimit:     2155204 kB
Committed_AS:   119073396 kB
VmallocTotal:   251658176 kB
VmallocUsed:      137172 kB
VmallocChunk:   251418668 kB
Time pass: 157 sec

---2015-12-05 14:07:44
MemTotal:        2873608 kB
MemFree:          120488 kB
Buffers:           17736 kB
Cached:           924396 kB
SwapCached:           12 kB
Active:          1298276 kB
Inactive:         648460 kB
Active(anon):     804056 kB
Inactive(anon):   214692 kB
Active(file):     494220 kB
Inactive(file):   433768 kB
Unevictable:       13568 kB
Mlocked:               0 kB
SwapTotal:        718400 kB
SwapFree:         710652 kB
Dirty:                52 kB
Writeback:             0 kB
AnonPages:       1018064 kB
Mapped:           607944 kB
Shmem:               576 kB
Slab:              99124 kB
SReclaimable:      32052 kB
SUnreclaim:        67072 kB
KernelStack:       38560 kB
PageTables:        50036 kB
NFS_Unstable:          0 kB
Bounce:                0 kB
WritebackTmp:          0 kB
CommitLimit:     2155204 kB
Committed_AS:   119073384 kB
VmallocTotal:   251658176 kB
VmallocUsed:      137172 kB
VmallocChunk:   251418668 kB
Time pass: 161 sec

---2015-12-05 14:07:44
MemTotal:        2873608 kB
MemFree:          119888 kB
Buffers:           17752 kB
Cached:           924444 kB
SwapCached:           12 kB
Active:          1298524 kB
Inactive:         648524 kB
Active(anon):     804304 kB
Inactive(anon):   214744 kB
Active(file):     494220 kB
Inactive(file):   433780 kB
Unevictable:       13568 kB
Mlocked:               0 kB
SwapTotal:        718400 kB
SwapFree:         710652 kB
Dirty:                80 kB
Writeback:             0 kB
AnonPages:       1018292 kB
Mapped:           608036 kB
Shmem:               628 kB
Slab:              99080 kB
SReclaimable:      32052 kB
SUnreclaim:        67028 kB
KernelStack:       38560 kB
PageTables:        50040 kB
NFS_Unstable:          0 kB
Bounce:                0 kB
WritebackTmp:          0 kB
CommitLimit:     2155204 kB
Committed_AS:   119073384 kB
VmallocTotal:   251658176 kB
VmallocUsed:      137172 kB
VmallocChunk:   251418668 kB
Time pass: 165 sec

---2015-12-05 14:07:44
MemTotal:        2873608 kB
MemFree:          120736 kB
Buffers:           17752 kB
Cached:           924476 kB
SwapCached:           12 kB
Active:          1297900 kB
Inactive:         648552 kB
Active(anon):     803676 kB
Inactive(anon):   214760 kB
Active(file):     494224 kB
Inactive(file):   433792 kB
Unevictable:       13568 kB
Mlocked:               0 kB
SwapTotal:        718400 kB
SwapFree:         710652 kB
Dirty:                32 kB
Writeback:             0 kB
AnonPages:       1017640 kB
Mapped:           608096 kB
Shmem:               644 kB
Slab:              99072 kB
SReclaimable:      32052 kB
SUnreclaim:        67020 kB
KernelStack:       38480 kB
PageTables:        50040 kB
NFS_Unstable:          0 kB
Bounce:                0 kB
WritebackTmp:          0 kB
CommitLimit:     2155204 kB
Committed_AS:   119073360 kB
VmallocTotal:   251658176 kB
VmallocUsed:      137172 kB
VmallocChunk:   251418668 kB
Time pass: 168 sec

---2015-12-05 14:07:44
MemTotal:        2873608 kB
MemFree:          130280 kB
Buffers:           17784 kB
Cached:           924172 kB
SwapCached:           12 kB
Active:          1289256 kB
Inactive:         648256 kB
Active(anon):     795032 kB
Inactive(anon):   214444 kB
Active(file):     494224 kB
Inactive(file):   433812 kB
Unevictable:       13568 kB
Mlocked:               0 kB
SwapTotal:        718400 kB
SwapFree:         710652 kB
Dirty:                28 kB
Writeback:             0 kB
AnonPages:       1009252 kB
Mapped:           607676 kB
Shmem:               344 kB
Slab:              99148 kB
SReclaimable:      32052 kB
SUnreclaim:        67096 kB
KernelStack:       38096 kB
PageTables:        49852 kB
NFS_Unstable:          0 kB
Bounce:                0 kB
WritebackTmp:          0 kB
CommitLimit:     2155204 kB
Committed_AS:   119045908 kB
VmallocTotal:   251658176 kB
VmallocUsed:      137156 kB
VmallocChunk:   251418668 kB
Time pass: 172 sec

---2015-12-05 14:07:44
MemTotal:        2873608 kB
MemFree:          130404 kB
Buffers:           17784 kB
Cached:           924176 kB
SwapCached:           12 kB
Active:          1289320 kB
Inactive:         648268 kB
Active(anon):     795096 kB
Inactive(anon):   214444 kB
Active(file):     494224 kB
Inactive(file):   433824 kB
Unevictable:       13568 kB
Mlocked:               0 kB
SwapTotal:        718400 kB
SwapFree:         710652 kB
Dirty:                 0 kB
Writeback:            28 kB
AnonPages:       1009240 kB
Mapped:           607784 kB
Shmem:               344 kB
Slab:              99104 kB
SReclaimable:      32052 kB
SUnreclaim:        67052 kB
KernelStack:       38144 kB
PageTables:        49884 kB
NFS_Unstable:          0 kB
Bounce:                0 kB
WritebackTmp:          0 kB
CommitLimit:     2155204 kB
Committed_AS:   119045780 kB
VmallocTotal:   251658176 kB
VmallocUsed:      137156 kB
VmallocChunk:   251418668 kB
Time pass: 176 sec

---2015-12-05 14:07:44
MemTotal:        2873608 kB
MemFree:          130288 kB
Buffers:           17784 kB
Cached:           924176 kB
SwapCached:           12 kB
Active:          1289564 kB
Inactive:         648264 kB
Active(anon):     795336 kB
Inactive(anon):   214444 kB
Active(file):     494228 kB
Inactive(file):   433820 kB
Unevictable:       13568 kB
Mlocked:               0 kB
SwapTotal:        718400 kB
SwapFree:         710652 kB
Dirty:                 0 kB
Writeback:             0 kB
AnonPages:       1009348 kB
Mapped:           607848 kB
Shmem:               344 kB
Slab:              99084 kB
SReclaimable:      32052 kB
SUnreclaim:        67032 kB
KernelStack:       38144 kB
PageTables:        49884 kB
NFS_Unstable:          0 kB
Bounce:                0 kB
WritebackTmp:          0 kB
CommitLimit:     2155204 kB
Committed_AS:   119045820 kB
VmallocTotal:   251658176 kB
VmallocUsed:      137156 kB
VmallocChunk:   251418668 kB
Time pass: 180 sec

---2015-12-05 14:07:44
MemTotal:        2873608 kB
MemFree:          130572 kB
Buffers:           17784 kB
Cached:           924176 kB
SwapCached:           12 kB
Active:          1289524 kB
Inactive:         648264 kB
Active(anon):     795296 kB
Inactive(anon):   214444 kB
Active(file):     494228 kB
Inactive(file):   433820 kB
Unevictable:       13568 kB
Mlocked:               0 kB
SwapTotal:        718400 kB
SwapFree:         710652 kB
Dirty:                 0 kB
Writeback:             0 kB
AnonPages:       1009400 kB
Mapped:           607700 kB
Shmem:               344 kB
Slab:              99072 kB
SReclaimable:      32052 kB
SUnreclaim:        67020 kB
KernelStack:       38144 kB
PageTables:        49820 kB
NFS_Unstable:          0 kB
Bounce:                0 kB
WritebackTmp:          0 kB
CommitLimit:     2155204 kB
Committed_AS:   119045796 kB
VmallocTotal:   251658176 kB
VmallocUsed:      137156 kB
VmallocChunk:   251418668 kB
Time pass: 184 sec

---2015-12-05 14:07:44
MemTotal:        2873608 kB
MemFree:          127464 kB
Buffers:           17784 kB
Cached:           924180 kB
SwapCached:           12 kB
Active:          1292152 kB
Inactive:         648264 kB
Active(anon):     797924 kB
Inactive(anon):   214444 kB
Active(file):     494228 kB
Inactive(file):   433820 kB
Unevictable:       13568 kB
Mlocked:               0 kB
SwapTotal:        718400 kB
SwapFree:         710652 kB
Dirty:                 8 kB
Writeback:             0 kB
AnonPages:       1012232 kB
Mapped:           607820 kB
Shmem:               344 kB
Slab:              99096 kB
SReclaimable:      32052 kB
SUnreclaim:        67044 kB
KernelStack:       38208 kB
PageTables:        49852 kB
NFS_Unstable:          0 kB
Bounce:                0 kB
WritebackTmp:          0 kB
CommitLimit:     2155204 kB
Committed_AS:   119045844 kB
VmallocTotal:   251658176 kB
VmallocUsed:      134740 kB
VmallocChunk:   251418668 kB
Time pass: 187 sec

---2015-12-05 14:07:44
MemTotal:        2873608 kB
MemFree:          117612 kB
Buffers:           17832 kB
Cached:           924328 kB
SwapCached:           12 kB
Active:          1301556 kB
Inactive:         648460 kB
Active(anon):     807328 kB
Inactive(anon):   214604 kB
Active(file):     494228 kB
Inactive(file):   433856 kB
Unevictable:       13568 kB
Mlocked:               0 kB
SwapTotal:        718400 kB
SwapFree:         710652 kB
Dirty:               100 kB
Writeback:             0 kB
AnonPages:       1021496 kB
Mapped:           608224 kB
Shmem:               508 kB
Slab:              99088 kB
SReclaimable:      32068 kB
SUnreclaim:        67020 kB
KernelStack:       38544 kB
PageTables:        50036 kB
NFS_Unstable:          0 kB
Bounce:                0 kB
WritebackTmp:          0 kB
CommitLimit:     2155204 kB
Committed_AS:   119081632 kB
VmallocTotal:   251658176 kB
VmallocUsed:      137172 kB
VmallocChunk:   251418668 kB
Time pass: 191 sec

---2015-12-05 14:07:44
MemTotal:        2873608 kB
MemFree:          117440 kB
Buffers:           17832 kB
Cached:           924368 kB
SwapCached:           12 kB
Active:          1302888 kB
Inactive:         648500 kB
Active(anon):     808660 kB
Inactive(anon):   214628 kB
Active(file):     494228 kB
Inactive(file):   433872 kB
Unevictable:       13568 kB
Mlocked:               0 kB
SwapTotal:        718400 kB
SwapFree:         710652 kB
Dirty:                 0 kB
Writeback:             0 kB
AnonPages:       1022592 kB
Mapped:           608236 kB
Shmem:               532 kB
Slab:              98996 kB
SReclaimable:      31956 kB
SUnreclaim:        67040 kB
KernelStack:       38528 kB
PageTables:        50012 kB
NFS_Unstable:          0 kB
Bounce:                0 kB
WritebackTmp:          0 kB
CommitLimit:     2155204 kB
Committed_AS:   119081540 kB
VmallocTotal:   251658176 kB
VmallocUsed:      137172 kB
VmallocChunk:   251418668 kB
Time pass: 195 sec

---2015-12-05 14:07:44
MemTotal:        2873608 kB
MemFree:          116592 kB
Buffers:           17840 kB
Cached:           924400 kB
SwapCached:           12 kB
Active:          1302600 kB
Inactive:         648532 kB
Active(anon):     808364 kB
Inactive(anon):   214660 kB
Active(file):     494236 kB
Inactive(file):   433872 kB
Unevictable:       13568 kB
Mlocked:               0 kB
SwapTotal:        718400 kB
SwapFree:         710652 kB
Dirty:                40 kB
Writeback:             0 kB
AnonPages:       1022356 kB
Mapped:           608460 kB
Shmem:               564 kB
Slab:              98984 kB
SReclaimable:      31956 kB
SUnreclaim:        67028 kB
KernelStack:       38528 kB
PageTables:        50012 kB
NFS_Unstable:          0 kB
Bounce:                0 kB
WritebackTmp:          0 kB
CommitLimit:     2155204 kB
Committed_AS:   119081640 kB
VmallocTotal:   251658176 kB
VmallocUsed:      137172 kB
VmallocChunk:   251418668 kB
Time pass: 199 sec

---2015-12-05 14:07:44
MemTotal:        2873608 kB
MemFree:          116632 kB
Buffers:           17840 kB
Cached:           924400 kB
SwapCached:           12 kB
Active:          1302436 kB
Inactive:         648532 kB
Active(anon):     808200 kB
Inactive(anon):   214660 kB
Active(file):     494236 kB
Inactive(file):   433872 kB
Unevictable:       13568 kB
Mlocked:               0 kB
SwapTotal:        718400 kB
SwapFree:         710652 kB
Dirty:                 0 kB
Writeback:             0 kB
AnonPages:       1022244 kB
Mapped:           608352 kB
Shmem:               564 kB
Slab:              98988 kB
SReclaimable:      31956 kB
SUnreclaim:        67032 kB
KernelStack:       38512 kB
PageTables:        50044 kB
NFS_Unstable:          0 kB
Bounce:                0 kB
WritebackTmp:          0 kB
CommitLimit:     2155204 kB
Committed_AS:   119081656 kB
VmallocTotal:   251658176 kB
VmallocUsed:      137172 kB
VmallocChunk:   251418668 kB
Time pass: 202 sec

---2015-12-05 14:07:44
MemTotal:        2873608 kB
MemFree:          116008 kB
Buffers:           17848 kB
Cached:           924400 kB
SwapCached:           12 kB
Active:          1302600 kB
Inactive:         648536 kB
Active(anon):     808364 kB
Inactive(anon):   214656 kB
Active(file):     494236 kB
Inactive(file):   433880 kB
Unevictable:       13568 kB
Mlocked:               0 kB
SwapTotal:        718400 kB
SwapFree:         710652 kB
Dirty:                 4 kB
Writeback:             0 kB
AnonPages:       1022284 kB
Mapped:           608516 kB
Shmem:               564 kB
Slab:              98988 kB
SReclaimable:      31956 kB
SUnreclaim:        67032 kB
KernelStack:       38528 kB
PageTables:        50012 kB
NFS_Unstable:          0 kB
Bounce:                0 kB
WritebackTmp:          0 kB
CommitLimit:     2155204 kB
Committed_AS:   119081640 kB
VmallocTotal:   251658176 kB
VmallocUsed:      137172 kB
VmallocChunk:   251418668 kB
Time pass: 206 sec

---2015-12-05 14:07:44
MemTotal:        2873608 kB
MemFree:          116328 kB
Buffers:           17848 kB
Cached:           924400 kB
SwapCached:           12 kB
Active:          1302588 kB
Inactive:         648536 kB
Active(anon):     808352 kB
Inactive(anon):   214656 kB
Active(file):     494236 kB
Inactive(file):   433880 kB
Unevictable:       13568 kB
Mlocked:               0 kB
SwapTotal:        718400 kB
SwapFree:         710652 kB
Dirty:                 0 kB
Writeback:             0 kB
AnonPages:       1022376 kB
Mapped:           608680 kB
Shmem:               564 kB
Slab:              98988 kB
SReclaimable:      31956 kB
SUnreclaim:        67032 kB
KernelStack:       38528 kB
PageTables:        50072 kB
NFS_Unstable:          0 kB
Bounce:                0 kB
WritebackTmp:          0 kB
CommitLimit:     2155204 kB
Committed_AS:   119081688 kB
VmallocTotal:   251658176 kB
VmallocUsed:      137172 kB
VmallocChunk:   251418668 kB
Time pass: 210 sec

---2015-12-05 14:07:44
MemTotal:        2873608 kB
MemFree:          115884 kB
Buffers:           17848 kB
Cached:           924400 kB
SwapCached:           12 kB
Active:          1302548 kB
Inactive:         648536 kB
Active(anon):     808312 kB
Inactive(anon):   214656 kB
Active(file):     494236 kB
Inactive(file):   433880 kB
Unevictable:       13568 kB
Mlocked:               0 kB
SwapTotal:        718400 kB
SwapFree:         710652 kB
Dirty:                 0 kB
Writeback:             0 kB
AnonPages:       1022460 kB
Mapped:           608712 kB
Shmem:               564 kB
Slab:              98980 kB
SReclaimable:      31956 kB
SUnreclaim:        67024 kB
KernelStack:       38528 kB
PageTables:        50072 kB
NFS_Unstable:          0 kB
Bounce:                0 kB
WritebackTmp:          0 kB
CommitLimit:     2155204 kB
Committed_AS:   119081672 kB
VmallocTotal:   251658176 kB
VmallocUsed:      137172 kB
VmallocChunk:   251418668 kB
Time pass: 214 sec

---2015-12-05 14:07:44
MemTotal:        2873608 kB
MemFree:          115972 kB
Buffers:           17848 kB
Cached:           924400 kB
SwapCached:           12 kB
Active:          1302788 kB
Inactive:         648536 kB
Active(anon):     808552 kB
Inactive(anon):   214656 kB
Active(file):     494236 kB
Inactive(file):   433880 kB
Unevictable:       13568 kB
Mlocked:               0 kB
SwapTotal:        718400 kB
SwapFree:         710652 kB
Dirty:                 0 kB
Writeback:             0 kB
AnonPages:       1022688 kB
Mapped:           608668 kB
Shmem:               564 kB
Slab:              98980 kB
SReclaimable:      31956 kB
SUnreclaim:        67024 kB
KernelStack:       38496 kB
PageTables:        50012 kB
NFS_Unstable:          0 kB
Bounce:                0 kB
WritebackTmp:          0 kB
CommitLimit:     2155204 kB
Committed_AS:   119081664 kB
VmallocTotal:   251658176 kB
VmallocUsed:      137172 kB
VmallocChunk:   251418668 kB
Time pass: 217 sec

---2015-12-05 14:07:44
MemTotal:        2873608 kB
MemFree:          115388 kB
Buffers:           17848 kB
Cached:           924400 kB
SwapCached:           12 kB
Active:          1302984 kB
Inactive:         648536 kB
Active(anon):     808748 kB
Inactive(anon):   214656 kB
Active(file):     494236 kB
Inactive(file):   433880 kB
Unevictable:       13568 kB
Mlocked:               0 kB
SwapTotal:        718400 kB
SwapFree:         710652 kB
Dirty:                 0 kB
Writeback:             0 kB
AnonPages:       1022884 kB
Mapped:           608696 kB
Shmem:               564 kB
Slab:              98992 kB
SReclaimable:      31956 kB
SUnreclaim:        67036 kB
KernelStack:       38496 kB
PageTables:        50016 kB
NFS_Unstable:          0 kB
Bounce:                0 kB
WritebackTmp:          0 kB
CommitLimit:     2155204 kB
Committed_AS:   119081664 kB
VmallocTotal:   251658176 kB
VmallocUsed:      137172 kB
VmallocChunk:   251418668 kB
Time pass: 221 sec

---2015-12-05 14:07:44
MemTotal:        2873608 kB
MemFree:          114876 kB
Buffers:           17872 kB
Cached:           924172 kB
SwapCached:           12 kB
Active:          1304308 kB
Inactive:         648336 kB
Active(anon):     810072 kB
Inactive(anon):   214440 kB
Active(file):     494236 kB
Inactive(file):   433896 kB
Unevictable:       13568 kB
Mlocked:               0 kB
SwapTotal:        718400 kB
SwapFree:         710652 kB
Dirty:                48 kB
Writeback:             0 kB
AnonPages:       1024084 kB
Mapped:           608344 kB
Shmem:               344 kB
Slab:              98952 kB
SReclaimable:      31956 kB
SUnreclaim:        66996 kB
KernelStack:       38352 kB
PageTables:        49928 kB
NFS_Unstable:          0 kB
Bounce:                0 kB
WritebackTmp:          0 kB
CommitLimit:     2155204 kB
Committed_AS:   119085872 kB
VmallocTotal:   251658176 kB
VmallocUsed:      137172 kB
VmallocChunk:   251418668 kB
Time pass: 225 sec

---2015-12-05 14:07:44
MemTotal:        2873608 kB
MemFree:          112872 kB
Buffers:           17904 kB
Cached:           924340 kB
SwapCached:           12 kB
Active:          1305980 kB
Inactive:         648532 kB
Active(anon):     811744 kB
Inactive(anon):   214596 kB
Active(file):     494236 kB
Inactive(file):   433936 kB
Unevictable:       13568 kB
Mlocked:               0 kB
SwapTotal:        718400 kB
SwapFree:         710652 kB
Dirty:                72 kB
Writeback:             0 kB
AnonPages:       1025756 kB
Mapped:           608696 kB
Shmem:               504 kB
Slab:              98952 kB
SReclaimable:      31956 kB
SUnreclaim:        66996 kB
KernelStack:       38528 kB
PageTables:        50032 kB
NFS_Unstable:          0 kB
Bounce:                0 kB
WritebackTmp:          0 kB
CommitLimit:     2155204 kB
Committed_AS:   119085872 kB
VmallocTotal:   251658176 kB
VmallocUsed:      137172 kB
VmallocChunk:   251418668 kB
Time pass: 228 sec

---2015-12-05 14:07:44
MemTotal:        2873608 kB
MemFree:          113120 kB
Buffers:           17912 kB
Cached:           924352 kB
SwapCached:           12 kB
Active:          1306172 kB
Inactive:         648552 kB
Active(anon):     811936 kB
Inactive(anon):   214608 kB
Active(file):     494236 kB
Inactive(file):   433944 kB
Unevictable:       13568 kB
Mlocked:               0 kB
SwapTotal:        718400 kB
SwapFree:         710652 kB
Dirty:                36 kB
Writeback:             0 kB
AnonPages:       1026012 kB
Mapped:           608828 kB
Shmem:               516 kB
Slab:              98956 kB
SReclaimable:      31956 kB
SUnreclaim:        67000 kB
KernelStack:       38544 kB
PageTables:        50108 kB
NFS_Unstable:          0 kB
Bounce:                0 kB
WritebackTmp:          0 kB
CommitLimit:     2155204 kB
Committed_AS:   119085880 kB
VmallocTotal:   251658176 kB
VmallocUsed:      137172 kB
VmallocChunk:   251418668 kB
Time pass: 232 sec

---2015-12-05 14:07:44
MemTotal:        2873608 kB
MemFree:          120192 kB
Buffers:           17912 kB
Cached:           924352 kB
SwapCached:           12 kB
Active:          1299460 kB
Inactive:         648552 kB
Active(anon):     805224 kB
Inactive(anon):   214608 kB
Active(file):     494236 kB
Inactive(file):   433944 kB
Unevictable:       13568 kB
Mlocked:               0 kB
SwapTotal:        718400 kB
SwapFree:         710652 kB
Dirty:                 0 kB
Writeback:             0 kB
AnonPages:       1019136 kB
Mapped:           608852 kB
Shmem:               516 kB
Slab:              98952 kB
SReclaimable:      31956 kB
SUnreclaim:        66996 kB
KernelStack:       38528 kB
PageTables:        50068 kB
NFS_Unstable:          0 kB
Bounce:                0 kB
WritebackTmp:          0 kB
CommitLimit:     2155204 kB
Committed_AS:   119085896 kB
VmallocTotal:   251658176 kB
VmallocUsed:      137172 kB
VmallocChunk:   251418668 kB
Time pass: 236 sec

---2015-12-05 14:07:44
MemTotal:        2873608 kB
MemFree:          119452 kB
Buffers:           17928 kB
Cached:           924356 kB
SwapCached:           12 kB
Active:          1299424 kB
Inactive:         648572 kB
Active(anon):     805188 kB
Inactive(anon):   214612 kB
Active(file):     494236 kB
Inactive(file):   433960 kB
Unevictable:       13568 kB
Mlocked:               0 kB
SwapTotal:        718400 kB
SwapFree:         710652 kB
Dirty:                44 kB
Writeback:             0 kB
AnonPages:       1019452 kB
Mapped:           608800 kB
Shmem:               520 kB
Slab:              98952 kB
SReclaimable:      31956 kB
SUnreclaim:        66996 kB
KernelStack:       38560 kB
PageTables:        50032 kB
NFS_Unstable:          0 kB
Bounce:                0 kB
WritebackTmp:          0 kB
CommitLimit:     2155204 kB
Committed_AS:   119085880 kB
VmallocTotal:   251658176 kB
VmallocUsed:      137172 kB
VmallocChunk:   251418668 kB
Time pass: 240 sec

---2015-12-05 14:07:44
MemTotal:        2873608 kB
MemFree:          118628 kB
Buffers:           17928 kB
Cached:           924372 kB
SwapCached:           12 kB
Active:          1300304 kB
Inactive:         648588 kB
Active(anon):     806068 kB
Inactive(anon):   214628 kB
Active(file):     494236 kB
Inactive(file):   433960 kB
Unevictable:       13568 kB
Mlocked:               0 kB
SwapTotal:        718400 kB
SwapFree:         710652 kB
Dirty:                48 kB
Writeback:             0 kB
AnonPages:       1020260 kB
Mapped:           608892 kB
Shmem:               536 kB
Slab:              99044 kB
SReclaimable:      31924 kB
SUnreclaim:        67120 kB
KernelStack:       38528 kB
PageTables:        50072 kB
NFS_Unstable:          0 kB
Bounce:                0 kB
WritebackTmp:          0 kB
CommitLimit:     2155204 kB
Committed_AS:   119089968 kB
VmallocTotal:   251658176 kB
VmallocUsed:      137172 kB
VmallocChunk:   251418668 kB
Time pass: 244 sec

---2015-12-05 14:07:44
MemTotal:        2873608 kB
MemFree:          116896 kB
Buffers:           17936 kB
Cached:           924372 kB
SwapCached:           12 kB
Active:          1300800 kB
Inactive:         648596 kB
Active(anon):     806564 kB
Inactive(anon):   214628 kB
Active(file):     494236 kB
Inactive(file):   433968 kB
Unevictable:       13568 kB
Mlocked:               0 kB
SwapTotal:        718400 kB
SwapFree:         710652 kB
Dirty:                36 kB
Writeback:             0 kB
AnonPages:       1020580 kB
Mapped:           608968 kB
Shmem:               536 kB
Slab:              98900 kB
SReclaimable:      31924 kB
SUnreclaim:        66976 kB
KernelStack:       38528 kB
PageTables:        50072 kB
NFS_Unstable:          0 kB
Bounce:                0 kB
WritebackTmp:          0 kB
CommitLimit:     2155204 kB
Committed_AS:   119089976 kB
VmallocTotal:   251658176 kB
VmallocUsed:      137184 kB
VmallocChunk:   251418668 kB
Time pass: 248 sec

---2015-12-05 14:07:44
MemTotal:        2873608 kB
MemFree:          115952 kB
Buffers:           17952 kB
Cached:           924372 kB
SwapCached:           12 kB
Active:          1301432 kB
Inactive:         648612 kB
Active(anon):     807196 kB
Inactive(anon):   214628 kB
Active(file):     494236 kB
Inactive(file):   433984 kB
Unevictable:       13568 kB
Mlocked:               0 kB
SwapTotal:        718400 kB
SwapFree:         710652 kB
Dirty:               100 kB
Writeback:             0 kB
AnonPages:       1021368 kB
Mapped:           608876 kB
Shmem:               536 kB
Slab:              98896 kB
SReclaimable:      31924 kB
SUnreclaim:        66972 kB
KernelStack:       38544 kB
PageTables:        50036 kB
NFS_Unstable:          0 kB
Bounce:                0 kB
WritebackTmp:          0 kB
CommitLimit:     2155204 kB
Committed_AS:   119090056 kB
VmallocTotal:   251658176 kB
VmallocUsed:      137184 kB
VmallocChunk:   251418668 kB
Time pass: 251 sec

---2015-12-05 14:07:44
MemTotal:        2873608 kB
MemFree:          115692 kB
Buffers:           17952 kB
Cached:           924372 kB
SwapCached:           12 kB
Active:          1301956 kB
Inactive:         648612 kB
Active(anon):     807720 kB
Inactive(anon):   214628 kB
Active(file):     494236 kB
Inactive(file):   433984 kB
Unevictable:       13568 kB
Mlocked:               0 kB
SwapTotal:        718400 kB
SwapFree:         710652 kB
Dirty:                 0 kB
Writeback:             0 kB
AnonPages:       1021628 kB
Mapped:           608940 kB
Shmem:               536 kB
Slab:              98896 kB
SReclaimable:      31924 kB
SUnreclaim:        66972 kB
KernelStack:       38512 kB
PageTables:        50032 kB
NFS_Unstable:          0 kB
Bounce:                0 kB
WritebackTmp:          0 kB
CommitLimit:     2155204 kB
Committed_AS:   119089960 kB
VmallocTotal:   251658176 kB
VmallocUsed:      137184 kB
VmallocChunk:   251418668 kB
Time pass: 255 sec

---2015-12-05 14:07:44
MemTotal:        2873608 kB
MemFree:          116080 kB
Buffers:           17960 kB
Cached:           924396 kB
SwapCached:           12 kB
Active:          1301716 kB
Inactive:         648644 kB
Active(anon):     807480 kB
Inactive(anon):   214652 kB
Active(file):     494236 kB
Inactive(file):   433992 kB
Unevictable:       13568 kB
Mlocked:               0 kB
SwapTotal:        718400 kB
SwapFree:         710652 kB
Dirty:                32 kB
Writeback:             0 kB
AnonPages:       1021748 kB
Mapped:           608988 kB
Shmem:               560 kB
Slab:              98928 kB
SReclaimable:      31924 kB
SUnreclaim:        67004 kB
KernelStack:       38496 kB
PageTables:        50044 kB
NFS_Unstable:          0 kB
Bounce:                0 kB
WritebackTmp:          0 kB
CommitLimit:     2155204 kB
Committed_AS:   119089952 kB
VmallocTotal:   251658176 kB
VmallocUsed:      137184 kB
VmallocChunk:   251418668 kB
Time pass: 259 sec

---2015-12-05 14:07:44
MemTotal:        2873608 kB
MemFree:          115672 kB
Buffers:           17960 kB
Cached:           924396 kB
SwapCached:           12 kB
Active:          1301916 kB
Inactive:         648644 kB
Active(anon):     807680 kB
Inactive(anon):   214652 kB
Active(file):     494236 kB
Inactive(file):   433992 kB
Unevictable:       13568 kB
Mlocked:               0 kB
SwapTotal:        718400 kB
SwapFree:         710652 kB
Dirty:                 0 kB
Writeback:             0 kB
AnonPages:       1021656 kB
Mapped:           609104 kB
Shmem:               560 kB
Slab:              98956 kB
SReclaimable:      31924 kB
SUnreclaim:        67032 kB
KernelStack:       38496 kB
PageTables:        50076 kB
NFS_Unstable:          0 kB
Bounce:                0 kB
WritebackTmp:          0 kB
CommitLimit:     2155204 kB
Committed_AS:   119089960 kB
VmallocTotal:   251658176 kB
VmallocUsed:      137184 kB
VmallocChunk:   251418668 kB
Time pass: 263 sec

---2015-12-05 14:07:44
MemTotal:        2873608 kB
MemFree:          115236 kB
Buffers:           17976 kB
Cached:           924400 kB
SwapCached:           12 kB
Active:          1302724 kB
Inactive:         648664 kB
Active(anon):     808488 kB
Inactive(anon):   214656 kB
Active(file):     494236 kB
Inactive(file):   434008 kB
Unevictable:       13568 kB
Mlocked:               0 kB
SwapTotal:        718400 kB
SwapFree:         710652 kB
Dirty:                44 kB
Writeback:             0 kB
AnonPages:       1022668 kB
Mapped:           609136 kB
Shmem:               564 kB
Slab:              98924 kB
SReclaimable:      31924 kB
SUnreclaim:        67000 kB
KernelStack:       38512 kB
PageTables:        50080 kB
NFS_Unstable:          0 kB
Bounce:                0 kB
WritebackTmp:          0 kB
CommitLimit:     2155204 kB
Committed_AS:   119089968 kB
VmallocTotal:   251658176 kB
VmallocUsed:      137184 kB
VmallocChunk:   251418668 kB
Time pass: 266 sec

---2015-12-05 14:07:44
MemTotal:        2873608 kB
MemFree:          114792 kB
Buffers:           17984 kB
Cached:           924404 kB
SwapCached:           12 kB
Active:          1302280 kB
Inactive:         648676 kB
Active(anon):     808044 kB
Inactive(anon):   214660 kB
Active(file):     494236 kB
Inactive(file):   434016 kB
Unevictable:       13568 kB
Mlocked:               0 kB
SwapTotal:        718400 kB
SwapFree:         710652 kB
Dirty:                32 kB
Writeback:             0 kB
AnonPages:       1021980 kB
Mapped:           609132 kB
Shmem:               568 kB
Slab:              98904 kB
SReclaimable:      31924 kB
SUnreclaim:        66980 kB
KernelStack:       38512 kB
PageTables:        50080 kB
NFS_Unstable:          0 kB
Bounce:                0 kB
WritebackTmp:          0 kB
CommitLimit:     2155204 kB
Committed_AS:   119090000 kB
VmallocTotal:   251658176 kB
VmallocUsed:      137184 kB
VmallocChunk:   251418668 kB
Time pass: 270 sec

---2015-12-05 14:07:44
MemTotal:        2873608 kB
MemFree:          114072 kB
Buffers:           17992 kB
Cached:           924424 kB
SwapCached:           12 kB
Active:          1303616 kB
Inactive:         648704 kB
Active(anon):     809380 kB
Inactive(anon):   214660 kB
Active(file):     494236 kB
Inactive(file):   434044 kB
Unevictable:       13568 kB
Mlocked:               0 kB
SwapTotal:        718400 kB
SwapFree:         710652 kB
Dirty:                24 kB
Writeback:             0 kB
AnonPages:       1023324 kB
Mapped:           609116 kB
Shmem:               568 kB
Slab:              98920 kB
SReclaimable:      31924 kB
SUnreclaim:        66996 kB
KernelStack:       38528 kB
PageTables:        50048 kB
NFS_Unstable:          0 kB
Bounce:                0 kB
WritebackTmp:          0 kB
CommitLimit:     2155204 kB
Committed_AS:   119089992 kB
VmallocTotal:   251658176 kB
VmallocUsed:      137184 kB
VmallocChunk:   251418668 kB
Time pass: 274 sec

---2015-12-05 14:07:44
MemTotal:        2873608 kB
MemFree:          113348 kB
Buffers:           18008 kB
Cached:           924424 kB
SwapCached:           12 kB
Active:          1304072 kB
Inactive:         648720 kB
Active(anon):     809836 kB
Inactive(anon):   214660 kB
Active(file):     494236 kB
Inactive(file):   434060 kB
Unevictable:       13568 kB
Mlocked:               0 kB
SwapTotal:        718400 kB
SwapFree:         710652 kB
Dirty:               104 kB
Writeback:             0 kB
AnonPages:       1023848 kB
Mapped:           609256 kB
Shmem:               568 kB
Slab:              99060 kB
SReclaimable:      31924 kB
SUnreclaim:        67136 kB
KernelStack:       38512 kB
PageTables:        50084 kB
NFS_Unstable:          0 kB
Bounce:                0 kB
WritebackTmp:          0 kB
CommitLimit:     2155204 kB
Committed_AS:   119094080 kB
VmallocTotal:   251658176 kB
VmallocUsed:      137184 kB
VmallocChunk:   251418668 kB
Time pass: 278 sec

---2015-12-05 14:07:44
MemTotal:        2873608 kB
MemFree:          112668 kB
Buffers:           18016 kB
Cached:           924428 kB
SwapCached:           12 kB
Active:          1304332 kB
Inactive:         648732 kB
Active(anon):     810096 kB
Inactive(anon):   214664 kB
Active(file):     494236 kB
Inactive(file):   434068 kB
Unevictable:       13568 kB
Mlocked:               0 kB
SwapTotal:        718400 kB
SwapFree:         710652 kB
Dirty:                28 kB
Writeback:             0 kB
AnonPages:       1023916 kB
Mapped:           609336 kB
Shmem:               572 kB
Slab:              98896 kB
SReclaimable:      31924 kB
SUnreclaim:        66972 kB
KernelStack:       38512 kB
PageTables:        50104 kB
NFS_Unstable:          0 kB
Bounce:                0 kB
WritebackTmp:          0 kB
CommitLimit:     2155204 kB
Committed_AS:   119094088 kB
VmallocTotal:   251658176 kB
VmallocUsed:      137184 kB
VmallocChunk:   251418668 kB
Time pass: 282 sec

---2015-12-05 14:07:44
MemTotal:        2873608 kB
MemFree:          112340 kB
Buffers:           18016 kB
Cached:           924432 kB
SwapCached:           12 kB
Active:          1304792 kB
Inactive:         648736 kB
Active(anon):     810556 kB
Inactive(anon):   214668 kB
Active(file):     494236 kB
Inactive(file):   434068 kB
Unevictable:       13568 kB
Mlocked:               0 kB
SwapTotal:        718400 kB
SwapFree:         710652 kB
Dirty:                28 kB
Writeback:             0 kB
AnonPages:       1024680 kB
Mapped:           609240 kB
Shmem:               576 kB
Slab:              98896 kB
SReclaimable:      31924 kB
SUnreclaim:        66972 kB
KernelStack:       38512 kB
PageTables:        50056 kB
NFS_Unstable:          0 kB
Bounce:                0 kB
WritebackTmp:          0 kB
CommitLimit:     2155204 kB
Committed_AS:   119094088 kB
VmallocTotal:   251658176 kB
VmallocUsed:      137184 kB
VmallocChunk:   251418668 kB
Time pass: 285 sec

---2015-12-05 14:07:44
MemTotal:        2873608 kB
MemFree:          111936 kB
Buffers:           18040 kB
Cached:           924452 kB
SwapCached:           12 kB
Active:          1305528 kB
Inactive:         648780 kB
Active(anon):     811292 kB
Inactive(anon):   214696 kB
Active(file):     494236 kB
Inactive(file):   434084 kB
Unevictable:       13568 kB
Mlocked:               0 kB
SwapTotal:        718400 kB
SwapFree:         710652 kB
Dirty:                48 kB
Writeback:             0 kB
AnonPages:       1025528 kB
Mapped:           609304 kB
Shmem:               604 kB
Slab:              98916 kB
SReclaimable:      31924 kB
SUnreclaim:        66992 kB
KernelStack:       38496 kB
PageTables:        50052 kB
NFS_Unstable:          0 kB
Bounce:                0 kB
WritebackTmp:          0 kB
CommitLimit:     2155204 kB
Committed_AS:   119095224 kB
VmallocTotal:   251658176 kB
VmallocUsed:      137184 kB
VmallocChunk:   251418668 kB
Time pass: 289 sec

---2015-12-05 14:07:44
MemTotal:        2873608 kB
MemFree:          112624 kB
Buffers:           18056 kB
Cached:           924504 kB
SwapCached:           12 kB
Active:          1304732 kB
Inactive:         648840 kB
Active(anon):     810496 kB
Inactive(anon):   214688 kB
Active(file):     494236 kB
Inactive(file):   434152 kB
Unevictable:       13568 kB
Mlocked:               0 kB
SwapTotal:        718400 kB
SwapFree:         710652 kB
Dirty:                 0 kB
Writeback:             0 kB
AnonPages:       1024628 kB
Mapped:           609380 kB
Shmem:               604 kB
Slab:              98916 kB
SReclaimable:      31924 kB
SUnreclaim:        66992 kB
KernelStack:       38496 kB
PageTables:        50088 kB
NFS_Unstable:          0 kB
Bounce:                0 kB
WritebackTmp:          0 kB
CommitLimit:     2155204 kB
Committed_AS:   119095200 kB
VmallocTotal:   251658176 kB
VmallocUsed:      137184 kB
VmallocChunk:   251418668 kB
Time pass: 293 sec

---2015-12-05 14:07:44
MemTotal:        2873608 kB
MemFree:          115500 kB
Buffers:           18064 kB
Cached:           924504 kB
SwapCached:           12 kB
Active:          1301820 kB
Inactive:         648848 kB
Active(anon):     807584 kB
Inactive(anon):   214688 kB
Active(file):     494236 kB
Inactive(file):   434160 kB
Unevictable:       13568 kB
Mlocked:               0 kB
SwapTotal:        718400 kB
SwapFree:         710652 kB
Dirty:                 4 kB
Writeback:             0 kB
AnonPages:       1021572 kB
Mapped:           609448 kB
Shmem:               604 kB
Slab:              98904 kB
SReclaimable:      31924 kB
SUnreclaim:        66980 kB
KernelStack:       38512 kB
PageTables:        50084 kB
NFS_Unstable:          0 kB
Bounce:                0 kB
WritebackTmp:          0 kB
CommitLimit:     2155204 kB
Committed_AS:   119095160 kB
VmallocTotal:   251658176 kB
VmallocUsed:      137184 kB
VmallocChunk:   251418668 kB
Time pass: 296 sec

---2015-12-05 14:07:44
MemTotal:        2873608 kB
MemFree:          114764 kB
Buffers:           18080 kB
Cached:           924504 kB
SwapCached:           12 kB
Active:          1302004 kB
Inactive:         648864 kB
Active(anon):     807768 kB
Inactive(anon):   214688 kB
Active(file):     494236 kB
Inactive(file):   434176 kB
Unevictable:       13568 kB
Mlocked:               0 kB
SwapTotal:        718400 kB
SwapFree:         710652 kB
Dirty:                 0 kB
Writeback:            20 kB
AnonPages:       1021900 kB
Mapped:           609484 kB
Shmem:               604 kB
Slab:              98944 kB
SReclaimable:      31924 kB
SUnreclaim:        67020 kB
KernelStack:       38512 kB
PageTables:        50092 kB
NFS_Unstable:          0 kB
Bounce:                0 kB
WritebackTmp:          0 kB
CommitLimit:     2155204 kB
Committed_AS:   119095152 kB
VmallocTotal:   251658176 kB
VmallocUsed:      137184 kB
VmallocChunk:   251418668 kB
Time pass: 300 sec

---2015-12-05 14:07:44
MemTotal:        2873608 kB
MemFree:          115516 kB
Buffers:           18080 kB
Cached:           924504 kB
SwapCached:           12 kB
Active:          1302116 kB
Inactive:         648864 kB
Active(anon):     807880 kB
Inactive(anon):   214688 kB
Active(file):     494236 kB
Inactive(file):   434176 kB
Unevictable:       13568 kB
Mlocked:               0 kB
SwapTotal:        718400 kB
SwapFree:         710652 kB
Dirty:                 0 kB
Writeback:             0 kB
AnonPages:       1021828 kB
Mapped:           609420 kB
Shmem:               604 kB
Slab:              98896 kB
SReclaimable:      31924 kB
SUnreclaim:        66972 kB
KernelStack:       38512 kB
PageTables:        50052 kB
NFS_Unstable:          0 kB
Bounce:                0 kB
WritebackTmp:          0 kB
CommitLimit:     2155204 kB
Committed_AS:   119095144 kB
VmallocTotal:   251658176 kB
VmallocUsed:      137184 kB
VmallocChunk:   251418668 kB
Time pass: 304 sec

---2015-12-05 14:07:44
MemTotal:        2873608 kB
MemFree:          115236 kB
Buffers:           18088 kB
Cached:           924508 kB
SwapCached:           12 kB
Active:          1301612 kB
Inactive:         648876 kB
Active(anon):     807376 kB
Inactive(anon):   214692 kB
Active(file):     494236 kB
Inactive(file):   434184 kB
Unevictable:       13568 kB
Mlocked:               0 kB
SwapTotal:        718400 kB
SwapFree:         710652 kB
Dirty:                32 kB
Writeback:             0 kB
AnonPages:       1021464 kB
Mapped:           609536 kB
Shmem:               608 kB
Slab:              99040 kB
SReclaimable:      31924 kB
SUnreclaim:        67116 kB
KernelStack:       38512 kB
PageTables:        50080 kB
NFS_Unstable:          0 kB
Bounce:                0 kB
WritebackTmp:          0 kB
CommitLimit:     2155204 kB
Committed_AS:   119095136 kB
VmallocTotal:   251658176 kB
VmallocUsed:      137184 kB
VmallocChunk:   251418668 kB
Time pass: 308 sec

---2015-12-05 14:07:44
MemTotal:        2873608 kB
MemFree:          114920 kB
Buffers:           18104 kB
Cached:           924508 kB
SwapCached:           12 kB
Active:          1302272 kB
Inactive:         648888 kB
Active(anon):     808036 kB
Inactive(anon):   214692 kB
Active(file):     494236 kB
Inactive(file):   434196 kB
Unevictable:       13568 kB
Mlocked:               0 kB
SwapTotal:        718400 kB
SwapFree:         710652 kB
Dirty:                92 kB
Writeback:             0 kB
AnonPages:       1022196 kB
Mapped:           609532 kB
Shmem:               608 kB
Slab:              98904 kB
SReclaimable:      31924 kB
SUnreclaim:        66980 kB
KernelStack:       38512 kB
PageTables:        50080 kB
NFS_Unstable:          0 kB
Bounce:                0 kB
WritebackTmp:          0 kB
CommitLimit:     2155204 kB
Committed_AS:   119095176 kB
VmallocTotal:   251658176 kB
VmallocUsed:      137184 kB
VmallocChunk:   251418668 kB
Time pass: 311 sec

---2015-12-05 14:07:44
MemTotal:        2873608 kB
MemFree:          114360 kB
Buffers:           18104 kB
Cached:           924508 kB
SwapCached:           12 kB
Active:          1302408 kB
Inactive:         648892 kB
Active(anon):     808172 kB
Inactive(anon):   214692 kB
Active(file):     494236 kB
Inactive(file):   434200 kB
Unevictable:       13568 kB
Mlocked:               0 kB
SwapTotal:        718400 kB
SwapFree:         710652 kB
Dirty:                 0 kB
Writeback:             0 kB
AnonPages:       1022272 kB
Mapped:           609596 kB
Shmem:               608 kB
Slab:              98904 kB
SReclaimable:      31924 kB
SUnreclaim:        66980 kB
KernelStack:       38480 kB
PageTables:        50084 kB
NFS_Unstable:          0 kB
Bounce:                0 kB
WritebackTmp:          0 kB
CommitLimit:     2155204 kB
Committed_AS:   119095064 kB
VmallocTotal:   251658176 kB
VmallocUsed:      137184 kB
VmallocChunk:   251418668 kB
Time pass: 315 sec

---2015-12-05 14:07:44
MemTotal:        2873608 kB
MemFree:          111200 kB
Buffers:           18112 kB
Cached:           924512 kB
SwapCached:           12 kB
Active:          1306488 kB
Inactive:         648904 kB
Active(anon):     812252 kB
Inactive(anon):   214696 kB
Active(file):     494236 kB
Inactive(file):   434208 kB
Unevictable:       13568 kB
Mlocked:               0 kB
SwapTotal:        718400 kB
SwapFree:         710652 kB
Dirty:                32 kB
Writeback:             0 kB
AnonPages:       1026344 kB
Mapped:           609628 kB
Shmem:               612 kB
Slab:              98896 kB
SReclaimable:      31924 kB
SUnreclaim:        66972 kB
KernelStack:       38480 kB
PageTables:        50092 kB
NFS_Unstable:          0 kB
Bounce:                0 kB
WritebackTmp:          0 kB
CommitLimit:     2155204 kB
Committed_AS:   119095072 kB
VmallocTotal:   251658176 kB
VmallocUsed:      137184 kB
VmallocChunk:   251418668 kB
Time pass: 319 sec

---2015-12-05 14:07:44
MemTotal:        2873608 kB
MemFree:          115676 kB
Buffers:           18128 kB
Cached:           924496 kB
SwapCached:           12 kB
Active:          1301708 kB
Inactive:         648904 kB
Active(anon):     807472 kB
Inactive(anon):   214696 kB
Active(file):     494236 kB
Inactive(file):   434208 kB
Unevictable:       13568 kB
Mlocked:               0 kB
SwapTotal:        718400 kB
SwapFree:         710652 kB
Dirty:                 0 kB
Writeback:             0 kB
AnonPages:       1021644 kB
Mapped:           609652 kB
Shmem:               612 kB
Slab:              98928 kB
SReclaimable:      31924 kB
SUnreclaim:        67004 kB
KernelStack:       38480 kB
PageTables:        50088 kB
NFS_Unstable:          0 kB
Bounce:                0 kB
WritebackTmp:          0 kB
CommitLimit:     2155204 kB
Committed_AS:   119095064 kB
VmallocTotal:   251658176 kB
VmallocUsed:      137184 kB
VmallocChunk:   251418668 kB
Time pass: 323 sec

---2015-12-05 14:07:44
MemTotal:        2873608 kB
MemFree:          115248 kB
Buffers:           18128 kB
Cached:           924540 kB
SwapCached:           12 kB
Active:          1301764 kB
Inactive:         648948 kB
Active(anon):     807528 kB
Inactive(anon):   214724 kB
Active(file):     494236 kB
Inactive(file):   434224 kB
Unevictable:       13568 kB
Mlocked:               0 kB
SwapTotal:        718400 kB
SwapFree:         710652 kB
Dirty:                48 kB
Writeback:             0 kB
AnonPages:       1021492 kB
Mapped:           609708 kB
Shmem:               640 kB
Slab:              98928 kB
SReclaimable:      31924 kB
SUnreclaim:        67004 kB
KernelStack:       38480 kB
PageTables:        50084 kB
NFS_Unstable:          0 kB
Bounce:                0 kB
WritebackTmp:          0 kB
CommitLimit:     2155204 kB
Committed_AS:   119095088 kB
VmallocTotal:   251658176 kB
VmallocUsed:      137184 kB
VmallocChunk:   251418668 kB
Time pass: 327 sec

---2015-12-05 14:07:44
MemTotal:        2873608 kB
MemFree:          115312 kB
Buffers:           18136 kB
Cached:           924544 kB
SwapCached:           12 kB
Active:          1301832 kB
Inactive:         648960 kB
Active(anon):     807596 kB
Inactive(anon):   214728 kB
Active(file):     494236 kB
Inactive(file):   434232 kB
Unevictable:       13568 kB
Mlocked:               0 kB
SwapTotal:        718400 kB
SwapFree:         710652 kB
Dirty:                32 kB
Writeback:             0 kB
AnonPages:       1021716 kB
Mapped:           609760 kB
Shmem:               644 kB
Slab:              98896 kB
SReclaimable:      31924 kB
SUnreclaim:        66972 kB
KernelStack:       38496 kB
PageTables:        50092 kB
NFS_Unstable:          0 kB
Bounce:                0 kB
WritebackTmp:          0 kB
CommitLimit:     2155204 kB
Committed_AS:   119095112 kB
VmallocTotal:   251658176 kB
VmallocUsed:      137184 kB
VmallocChunk:   251418668 kB
Time pass: 330 sec

---2015-12-05 14:07:44
MemTotal:        2873608 kB
MemFree:          115348 kB
Buffers:           18136 kB
Cached:           924544 kB
SwapCached:           12 kB
Active:          1301904 kB
Inactive:         648960 kB
Active(anon):     807668 kB
Inactive(anon):   214728 kB
Active(file):     494236 kB
Inactive(file):   434232 kB
Unevictable:       13568 kB
Mlocked:               0 kB
SwapTotal:        718400 kB
SwapFree:         710652 kB
Dirty:                 0 kB
Writeback:             0 kB
AnonPages:       1021836 kB
Mapped:           609616 kB
Shmem:               644 kB
Slab:              98900 kB
SReclaimable:      31924 kB
SUnreclaim:        66976 kB
KernelStack:       38448 kB
PageTables:        50028 kB
NFS_Unstable:          0 kB
Bounce:                0 kB
WritebackTmp:          0 kB
CommitLimit:     2155204 kB
Committed_AS:   119095112 kB
VmallocTotal:   251658176 kB
VmallocUsed:      137184 kB
VmallocChunk:   251418668 kB
Time pass: 334 sec

---2015-12-05 14:07:44
MemTotal:        2873608 kB
MemFree:          114552 kB
Buffers:           18152 kB
Cached:           924544 kB
SwapCached:           12 kB
Active:          1302276 kB
Inactive:         648976 kB
Active(anon):     808040 kB
Inactive(anon):   214728 kB
Active(file):     494236 kB
Inactive(file):   434248 kB
Unevictable:       13568 kB
Mlocked:               0 kB
SwapTotal:        718400 kB
SwapFree:         710652 kB
Dirty:                44 kB
Writeback:             0 kB
AnonPages:       1022128 kB
Mapped:           609748 kB
Shmem:               644 kB
Slab:              98896 kB
SReclaimable:      31924 kB
SUnreclaim:        66972 kB
KernelStack:       38496 kB
PageTables:        50064 kB
NFS_Unstable:          0 kB
Bounce:                0 kB
WritebackTmp:          0 kB
CommitLimit:     2155204 kB
Committed_AS:   119095096 kB
VmallocTotal:   251658176 kB
VmallocUsed:      137184 kB
VmallocChunk:   251418668 kB
Time pass: 338 sec

---2015-12-05 14:07:44
MemTotal:        2873608 kB
MemFree:          113432 kB
Buffers:           18160 kB
Cached:           924648 kB
SwapCached:           12 kB
Active:          1303784 kB
Inactive:         649088 kB
Active(anon):     809552 kB
Inactive(anon):   214724 kB
Active(file):     494232 kB
Inactive(file):   434364 kB
Unevictable:       13568 kB
Mlocked:               0 kB
SwapTotal:        718400 kB
SwapFree:         710652 kB
Dirty:                64 kB
Writeback:             0 kB
AnonPages:       1023616 kB
Mapped:           609836 kB
Shmem:               644 kB
Slab:              98896 kB
SReclaimable:      31924 kB
SUnreclaim:        66972 kB
KernelStack:       38496 kB
PageTables:        50096 kB
NFS_Unstable:          0 kB
Bounce:                0 kB
WritebackTmp:          0 kB
CommitLimit:     2155204 kB
Committed_AS:   119095152 kB
VmallocTotal:   251658176 kB
VmallocUsed:      137184 kB
VmallocChunk:   251418668 kB
Time pass: 342 sec

---2015-12-05 14:07:44
MemTotal:        2873608 kB
MemFree:          113260 kB
Buffers:           18160 kB
Cached:           924648 kB
SwapCached:           12 kB
Active:          1303728 kB
Inactive:         649080 kB
Active(anon):     809496 kB
Inactive(anon):   214716 kB
Active(file):     494232 kB
Inactive(file):   434364 kB
Unevictable:       13568 kB
Mlocked:               0 kB
SwapTotal:        718400 kB
SwapFree:         710652 kB
Dirty:                64 kB
Writeback:             0 kB
AnonPages:       1023468 kB
Mapped:           609868 kB
Shmem:               644 kB
Slab:              98896 kB
SReclaimable:      31924 kB
SUnreclaim:        66972 kB
KernelStack:       38496 kB
PageTables:        50064 kB
NFS_Unstable:          0 kB
Bounce:                0 kB
WritebackTmp:          0 kB
CommitLimit:     2155204 kB
Committed_AS:   119095128 kB
VmallocTotal:   251658176 kB
VmallocUsed:      137184 kB
VmallocChunk:   251418668 kB
Time pass: 345 sec

---2015-12-05 14:07:44
MemTotal:        2873608 kB
MemFree:          113592 kB
Buffers:           18176 kB
Cached:           924656 kB
SwapCached:           12 kB
Active:          1303944 kB
Inactive:         649092 kB
Active(anon):     809712 kB
Inactive(anon):   214704 kB
Active(file):     494232 kB
Inactive(file):   434388 kB
Unevictable:       13568 kB
Mlocked:               0 kB
SwapTotal:        718400 kB
SwapFree:         710652 kB
Dirty:                44 kB
Writeback:             0 kB
AnonPages:       1023632 kB
Mapped:           609988 kB
Shmem:               644 kB
Slab:              98920 kB
SReclaimable:      31924 kB
SUnreclaim:        66996 kB
KernelStack:       38464 kB
PageTables:        50092 kB
NFS_Unstable:          0 kB
Bounce:                0 kB
WritebackTmp:          0 kB
CommitLimit:     2155204 kB
Committed_AS:   119095024 kB
VmallocTotal:   251658176 kB
VmallocUsed:      137184 kB
VmallocChunk:   251418668 kB
Time pass: 349 sec

---2015-12-05 14:07:44
MemTotal:        2873608 kB
MemFree:          113136 kB
Buffers:           18184 kB
Cached:           924652 kB
SwapCached:           12 kB
Active:          1303948 kB
Inactive:         649092 kB
Active(anon):     809716 kB
Inactive(anon):   214704 kB
Active(file):     494232 kB
Inactive(file):   434388 kB
Unevictable:       13568 kB
Mlocked:               0 kB
SwapTotal:        718400 kB
SwapFree:         710652 kB
Dirty:                 0 kB
Writeback:             0 kB
AnonPages:       1023764 kB
Mapped:           610016 kB
Shmem:               648 kB
Slab:              98896 kB
SReclaimable:      31924 kB
SUnreclaim:        66972 kB
KernelStack:       38464 kB
PageTables:        50092 kB
NFS_Unstable:          0 kB
Bounce:                0 kB
WritebackTmp:          0 kB
CommitLimit:     2155204 kB
Committed_AS:   119095032 kB
VmallocTotal:   251658176 kB
VmallocUsed:      137184 kB
VmallocChunk:   251418668 kB
Time pass: 353 sec

---2015-12-05 14:07:44
MemTotal:        2873608 kB
MemFree:          112736 kB
Buffers:           18184 kB
Cached:           924724 kB
SwapCached:           12 kB
Active:          1303796 kB
Inactive:         649164 kB
Active(anon):     809564 kB
Inactive(anon):   214708 kB
Active(file):     494232 kB
Inactive(file):   434456 kB
Unevictable:       13568 kB
Mlocked:               0 kB
SwapTotal:        718400 kB
SwapFree:         710652 kB
Dirty:                32 kB
Writeback:             0 kB
AnonPages:       1023676 kB
Mapped:           609984 kB
Shmem:               652 kB
Slab:              98972 kB
SReclaimable:      31924 kB
SUnreclaim:        67048 kB
KernelStack:       38448 kB
PageTables:        50064 kB
NFS_Unstable:          0 kB
Bounce:                0 kB
WritebackTmp:          0 kB
CommitLimit:     2155204 kB
Committed_AS:   119095024 kB
VmallocTotal:   251658176 kB
VmallocUsed:      137184 kB
VmallocChunk:   251418668 kB
Time pass: 357 sec

---2015-12-05 14:07:44
MemTotal:        2873608 kB
MemFree:          113228 kB
Buffers:           18200 kB
Cached:           924724 kB
SwapCached:           12 kB
Active:          1303952 kB
Inactive:         649184 kB
Active(anon):     809720 kB
Inactive(anon):   214712 kB
Active(file):     494232 kB
Inactive(file):   434472 kB
Unevictable:       13568 kB
Mlocked:               0 kB
SwapTotal:        718400 kB
SwapFree:         710652 kB
Dirty:                44 kB
Writeback:             0 kB
AnonPages:       1023832 kB
Mapped:           610012 kB
Shmem:               652 kB
Slab:              98924 kB
SReclaimable:      31924 kB
SUnreclaim:        67000 kB
KernelStack:       38448 kB
PageTables:        50064 kB
NFS_Unstable:          0 kB
Bounce:                0 kB
WritebackTmp:          0 kB
CommitLimit:     2155204 kB
Committed_AS:   119094984 kB
VmallocTotal:   251658176 kB
VmallocUsed:      137184 kB
VmallocChunk:   251418668 kB
Time pass: 360 sec

---2015-12-05 14:07:44
MemTotal:        2873608 kB
MemFree:          112876 kB
Buffers:           18208 kB
Cached:           924724 kB
SwapCached:           12 kB
Active:          1304056 kB
Inactive:         649184 kB
Active(anon):     809824 kB
Inactive(anon):   214712 kB
Active(file):     494232 kB
Inactive(file):   434472 kB
Unevictable:       13568 kB
Mlocked:               0 kB
SwapTotal:        718400 kB
SwapFree:         710652 kB
Dirty:                 4 kB
Writeback:             0 kB
AnonPages:       1024100 kB
Mapped:           609948 kB
Shmem:               652 kB
Slab:              99032 kB
SReclaimable:      31924 kB
SUnreclaim:        67108 kB
KernelStack:       38464 kB
PageTables:        50132 kB
NFS_Unstable:          0 kB
Bounce:                0 kB
WritebackTmp:          0 kB
CommitLimit:     2155204 kB
Committed_AS:   119094984 kB
VmallocTotal:   251658176 kB
VmallocUsed:      137184 kB
VmallocChunk:   251418668 kB
Time pass: 364 sec

---2015-12-05 14:07:44
MemTotal:        2873608 kB
MemFree:          112068 kB
Buffers:           18208 kB
Cached:           924724 kB
SwapCached:           12 kB
Active:          1304664 kB
Inactive:         649192 kB
Active(anon):     810432 kB
Inactive(anon):   214712 kB
Active(file):     494232 kB
Inactive(file):   434480 kB
Unevictable:       13568 kB
Mlocked:               0 kB
SwapTotal:        718400 kB
SwapFree:         710652 kB
Dirty:                40 kB
Writeback:             0 kB
AnonPages:       1024536 kB
Mapped:           610064 kB
Shmem:               652 kB
Slab:              98896 kB
SReclaimable:      31924 kB
SUnreclaim:        66972 kB
KernelStack:       38448 kB
PageTables:        50064 kB
NFS_Unstable:          0 kB
Bounce:                0 kB
WritebackTmp:          0 kB
CommitLimit:     2155204 kB
Committed_AS:   119094984 kB
VmallocTotal:   251658176 kB
VmallocUsed:      137184 kB
VmallocChunk:   251418668 kB
Time pass: 368 sec

---2015-12-05 14:07:44
MemTotal:        2873608 kB
MemFree:          112444 kB
Buffers:           18208 kB
Cached:           924724 kB
SwapCached:           12 kB
Active:          1304912 kB
Inactive:         649192 kB
Active(anon):     810680 kB
Inactive(anon):   214712 kB
Active(file):     494232 kB
Inactive(file):   434480 kB
Unevictable:       13568 kB
Mlocked:               0 kB
SwapTotal:        718400 kB
SwapFree:         710652 kB
Dirty:                 0 kB
Writeback:             0 kB
AnonPages:       1024756 kB
Mapped:           610176 kB
Shmem:               652 kB
Slab:              98896 kB
SReclaimable:      31924 kB
SUnreclaim:        66972 kB
KernelStack:       38448 kB
PageTables:        50100 kB
NFS_Unstable:          0 kB
Bounce:                0 kB
WritebackTmp:          0 kB
CommitLimit:     2155204 kB
Committed_AS:   119095000 kB
VmallocTotal:   251658176 kB
VmallocUsed:      137184 kB
VmallocChunk:   251418668 kB
Time pass: 372 sec

---2015-12-05 14:07:44
MemTotal:        2873608 kB
MemFree:          111272 kB
Buffers:           18224 kB
Cached:           924724 kB
SwapCached:           12 kB
Active:          1304828 kB
Inactive:         649208 kB
Active(anon):     810596 kB
Inactive(anon):   214712 kB
Active(file):     494232 kB
Inactive(file):   434496 kB
Unevictable:       13568 kB
Mlocked:               0 kB
SwapTotal:        718400 kB
SwapFree:         710652 kB
Dirty:                44 kB
Writeback:             0 kB
AnonPages:       1024648 kB
Mapped:           610180 kB
Shmem:               652 kB
Slab:              98896 kB
SReclaimable:      31924 kB
SUnreclaim:        66972 kB
KernelStack:       38448 kB
PageTables:        50104 kB
NFS_Unstable:          0 kB
Bounce:                0 kB
WritebackTmp:          0 kB
CommitLimit:     2155204 kB
Committed_AS:   119094984 kB
VmallocTotal:   251658176 kB
VmallocUsed:      137184 kB
VmallocChunk:   251418668 kB
Time pass: 375 sec

---2015-12-05 14:07:44
MemTotal:        2873608 kB
MemFree:          110952 kB
Buffers:           18232 kB
Cached:           924724 kB
SwapCached:           12 kB
Active:          1305856 kB
Inactive:         649216 kB
Active(anon):     811624 kB
Inactive(anon):   214712 kB
Active(file):     494232 kB
Inactive(file):   434504 kB
Unevictable:       13568 kB
Mlocked:               0 kB
SwapTotal:        718400 kB
SwapFree:         710652 kB
Dirty:                96 kB
Writeback:             0 kB
AnonPages:       1025452 kB
Mapped:           610224 kB
Shmem:               652 kB
Slab:              98984 kB
SReclaimable:      31924 kB
SUnreclaim:        67060 kB
KernelStack:       38448 kB
PageTables:        50132 kB
NFS_Unstable:          0 kB
Bounce:                0 kB
WritebackTmp:          0 kB
CommitLimit:     2155204 kB
Committed_AS:   119095048 kB
VmallocTotal:   251658176 kB
VmallocUsed:      137184 kB
VmallocChunk:   251418668 kB
Time pass: 379 sec

---2015-12-05 14:07:44
MemTotal:        2873608 kB
MemFree:          109964 kB
Buffers:           18256 kB
Cached:           924948 kB
SwapCached:           12 kB
Active:          1306296 kB
Inactive:         649424 kB
Active(anon):     812056 kB
Inactive(anon):   214692 kB
Active(file):     494240 kB
Inactive(file):   434732 kB
Unevictable:       13568 kB
Mlocked:               0 kB
SwapTotal:        718400 kB
SwapFree:         710652 kB
Dirty:                80 kB
Writeback:             0 kB
AnonPages:       1026132 kB
Mapped:           610228 kB
Shmem:               652 kB
Slab:              98972 kB
SReclaimable:      31924 kB
SUnreclaim:        67048 kB
KernelStack:       38480 kB
PageTables:        50092 kB
NFS_Unstable:          0 kB
Bounce:                0 kB
WritebackTmp:          0 kB
CommitLimit:     2155204 kB
Committed_AS:   119095028 kB
VmallocTotal:   251658176 kB
VmallocUsed:      137184 kB
VmallocChunk:   251418668 kB
Time pass: 383 sec

---2015-12-05 14:07:44
MemTotal:        2873608 kB
MemFree:          110116 kB
Buffers:           18256 kB
Cached:           924948 kB
SwapCached:           12 kB
Active:          1307096 kB
Inactive:         649436 kB
Active(anon):     812856 kB
Inactive(anon):   214692 kB
Active(file):     494240 kB
Inactive(file):   434744 kB
Unevictable:       13568 kB
Mlocked:               0 kB
SwapTotal:        718400 kB
SwapFree:         710652 kB
Dirty:                80 kB
Writeback:             0 kB
AnonPages:       1026756 kB
Mapped:           610228 kB
Shmem:               652 kB
Slab:              98972 kB
SReclaimable:      31924 kB
SUnreclaim:        67048 kB
KernelStack:       38464 kB
PageTables:        50096 kB
NFS_Unstable:          0 kB
Bounce:                0 kB
WritebackTmp:          0 kB
CommitLimit:     2155204 kB
Committed_AS:   119095024 kB
VmallocTotal:   251658176 kB
VmallocUsed:      137184 kB
VmallocChunk:   251418668 kB
Time pass: 387 sec

---2015-12-05 14:07:44
MemTotal:        2873608 kB
MemFree:          110380 kB
Buffers:           18264 kB
