---2015-11-24 19:37:49
MemTotal:        2899420 kB
MemFree:           71472 kB
Buffers:           19020 kB
Cached:          1089240 kB
SwapCached:           36 kB
Active:          1332732 kB
Inactive:         745732 kB
Active(anon):     786120 kB
Inactive(anon):   198776 kB
Active(file):     546612 kB
Inactive(file):   546956 kB
Unevictable:       13544 kB
Mlocked:               0 kB
SwapTotal:        721780 kB
SwapFree:         718856 kB
Dirty:                 0 kB
Writeback:             0 kB
AnonPages:        983872 kB
Mapped:           621880 kB
Shmem:              1116 kB
Slab:              97608 kB
SReclaimable:      31888 kB
SUnreclaim:        65720 kB
KernelStack:       37520 kB
PageTables:        48808 kB
NFS_Unstable:          0 kB
Bounce:                0 kB
WritebackTmp:          0 kB
CommitLimit:     2171488 kB
Committed_AS:   115577676 kB
VmallocTotal:   251658176 kB
VmallocUsed:      132808 kB
VmallocChunk:   251417644 kB
Time pass: 3 sec

---2015-11-24 19:37:49
MemTotal:        2899420 kB
MemFree:           70840 kB
Buffers:           19020 kB
Cached:          1089240 kB
SwapCached:           36 kB
Active:          1332904 kB
Inactive:         745732 kB
Active(anon):     786292 kB
Inactive(anon):   198776 kB
Active(file):     546612 kB
Inactive(file):   546956 kB
Unevictable:       13544 kB
Mlocked:               0 kB
SwapTotal:        721780 kB
SwapFree:         718856 kB
Dirty:                 0 kB
Writeback:             0 kB
AnonPages:        983968 kB
Mapped:           622104 kB
Shmem:              1116 kB
Slab:              97652 kB
SReclaimable:      31888 kB
SUnreclaim:        65764 kB
KernelStack:       37520 kB
PageTables:        48812 kB
NFS_Unstable:          0 kB
Bounce:                0 kB
WritebackTmp:          0 kB
CommitLimit:     2171488 kB
Committed_AS:   115577668 kB
VmallocTotal:   251658176 kB
VmallocUsed:      132808 kB
VmallocChunk:   251417644 kB
Time pass: 7 sec

---2015-11-24 19:37:49
MemTotal:        2899420 kB
MemFree:           68052 kB
Buffers:           19020 kB
Cached:          1089240 kB
SwapCached:           36 kB
Active:          1335856 kB
Inactive:         745764 kB
Active(anon):     789244 kB
Inactive(anon):   198776 kB
Active(file):     546612 kB
Inactive(file):   546988 kB
Unevictable:       13544 kB
Mlocked:               0 kB
SwapTotal:        721780 kB
SwapFree:         718856 kB
Dirty:                60 kB
Writeback:             0 kB
AnonPages:        986908 kB
Mapped:           622104 kB
Shmem:              1116 kB
Slab:              97644 kB
SReclaimable:      31888 kB
SUnreclaim:        65756 kB
KernelStack:       37536 kB
PageTables:        48816 kB
NFS_Unstable:          0 kB
Bounce:                0 kB
WritebackTmp:          0 kB
CommitLimit:     2171488 kB
Committed_AS:   115581544 kB
VmallocTotal:   251658176 kB
VmallocUsed:      132808 kB
VmallocChunk:   251417644 kB
Time pass: 10 sec

---2015-11-24 19:37:49
MemTotal:        2899420 kB
MemFree:           68916 kB
Buffers:           19052 kB
Cached:          1090328 kB
SwapCached:           36 kB
Active:          1334256 kB
Inactive:         746792 kB
Active(anon):     787556 kB
Inactive(anon):   198776 kB
Active(file):     546700 kB
Inactive(file):   548016 kB
Unevictable:       13544 kB
Mlocked:               0 kB
SwapTotal:        721780 kB
SwapFree:         718856 kB
Dirty:                84 kB
Writeback:             0 kB
AnonPages:        985136 kB
Mapped:           622200 kB
Shmem:              1116 kB
Slab:              97512 kB
SReclaimable:      31888 kB
SUnreclaim:        65624 kB
KernelStack:       37552 kB
PageTables:        48796 kB
NFS_Unstable:          0 kB
Bounce:                0 kB
WritebackTmp:          0 kB
CommitLimit:     2171488 kB
Committed_AS:   115577796 kB
VmallocTotal:   251658176 kB
VmallocUsed:      132808 kB
VmallocChunk:   251417644 kB
Time pass: 14 sec

---2015-11-24 19:37:49
MemTotal:        2899420 kB
MemFree:           68392 kB
Buffers:           19060 kB
Cached:          1090328 kB
SwapCached:           36 kB
Active:          1334404 kB
Inactive:         746796 kB
Active(anon):     787704 kB
Inactive(anon):   198776 kB
Active(file):     546700 kB
Inactive(file):   548020 kB
Unevictable:       13544 kB
Mlocked:               0 kB
SwapTotal:        721780 kB
SwapFree:         718856 kB
Dirty:                 4 kB
Writeback:             0 kB
AnonPages:        985336 kB
Mapped:           622288 kB
Shmem:              1116 kB
Slab:              97524 kB
SReclaimable:      31888 kB
SUnreclaim:        65636 kB
KernelStack:       37552 kB
PageTables:        48852 kB
NFS_Unstable:          0 kB
Bounce:                0 kB
WritebackTmp:          0 kB
CommitLimit:     2171488 kB
Committed_AS:   115577732 kB
VmallocTotal:   251658176 kB
VmallocUsed:      132808 kB
VmallocChunk:   251417644 kB
Time pass: 18 sec

---2015-11-24 19:37:49
MemTotal:        2899420 kB
MemFree:           67808 kB
Buffers:           19060 kB
Cached:          1090328 kB
SwapCached:           36 kB
Active:          1334624 kB
Inactive:         746804 kB
Active(anon):     787924 kB
Inactive(anon):   198776 kB
Active(file):     546700 kB
Inactive(file):   548028 kB
Unevictable:       13544 kB
Mlocked:               0 kB
SwapTotal:        721780 kB
SwapFree:         718856 kB
Dirty:                 8 kB
Writeback:             0 kB
AnonPages:        985240 kB
Mapped:           622292 kB
Shmem:              1116 kB
Slab:              97632 kB
SReclaimable:      31888 kB
SUnreclaim:        65744 kB
KernelStack:       37552 kB
PageTables:        48844 kB
NFS_Unstable:          0 kB
Bounce:                0 kB
WritebackTmp:          0 kB
CommitLimit:     2171488 kB
Committed_AS:   115577756 kB
VmallocTotal:   251658176 kB
VmallocUsed:      132820 kB
VmallocChunk:   251417644 kB
Time pass: 22 sec

---2015-11-24 19:37:49
MemTotal:        2899420 kB
MemFree:           67580 kB
Buffers:           19068 kB
Cached:          1090328 kB
SwapCached:           36 kB
Active:          1334444 kB
Inactive:         746812 kB
Active(anon):     787744 kB
Inactive(anon):   198776 kB
Active(file):     546700 kB
Inactive(file):   548036 kB
Unevictable:       13544 kB
Mlocked:               0 kB
SwapTotal:        721780 kB
SwapFree:         718856 kB
Dirty:                 4 kB
Writeback:             0 kB
AnonPages:        985352 kB
Mapped:           622188 kB
Shmem:              1116 kB
Slab:              97628 kB
SReclaimable:      31888 kB
SUnreclaim:        65740 kB
KernelStack:       37552 kB
PageTables:        48872 kB
NFS_Unstable:          0 kB
Bounce:                0 kB
WritebackTmp:          0 kB
CommitLimit:     2171488 kB
Committed_AS:   115577740 kB
VmallocTotal:   251658176 kB
VmallocUsed:      132820 kB
VmallocChunk:   251417644 kB
Time pass: 25 sec

---2015-11-24 19:37:49
MemTotal:        2899420 kB
MemFree:           66332 kB
Buffers:           19068 kB
Cached:          1082692 kB
SwapCached:           36 kB
Active:          1333276 kB
Inactive:         742300 kB
Active(anon):     789760 kB
Inactive(anon):   198716 kB
Active(file):     543516 kB
Inactive(file):   543584 kB
Unevictable:       13544 kB
Mlocked:               0 kB
SwapTotal:        721780 kB
SwapFree:         718812 kB
Dirty:                76 kB
Writeback:             0 kB
AnonPages:        987440 kB
Mapped:           623464 kB
Shmem:              1116 kB
Slab:              97648 kB
SReclaimable:      31904 kB
SUnreclaim:        65744 kB
KernelStack:       37552 kB
PageTables:        48804 kB
NFS_Unstable:          0 kB
Bounce:                0 kB
WritebackTmp:          0 kB
CommitLimit:     2171488 kB
Committed_AS:   115577820 kB
VmallocTotal:   251658176 kB
VmallocUsed:      132860 kB
VmallocChunk:   251417644 kB
Time pass: 29 sec

---2015-11-24 19:37:49
MemTotal:        2899420 kB
MemFree:           65556 kB
Buffers:           19076 kB
Cached:          1082692 kB
SwapCached:           36 kB
Active:          1333728 kB
Inactive:         742308 kB
Active(anon):     790212 kB
Inactive(anon):   198716 kB
Active(file):     543516 kB
Inactive(file):   543592 kB
Unevictable:       13544 kB
Mlocked:               0 kB
SwapTotal:        721780 kB
SwapFree:         718812 kB
Dirty:               128 kB
Writeback:             0 kB
AnonPages:        987664 kB
Mapped:           623580 kB
Shmem:              1116 kB
Slab:              97664 kB
SReclaimable:      31904 kB
SUnreclaim:        65760 kB
KernelStack:       37552 kB
PageTables:        48832 kB
NFS_Unstable:          0 kB
Bounce:                0 kB
WritebackTmp:          0 kB
CommitLimit:     2171488 kB
Committed_AS:   115577884 kB
VmallocTotal:   251658176 kB
VmallocUsed:      132860 kB
VmallocChunk:   251417644 kB
Time pass: 33 sec

---2015-11-24 19:37:49
MemTotal:        2899420 kB
MemFree:           71920 kB
Buffers:           18240 kB
Cached:          1035816 kB
SwapCached:           36 kB
Active:          1313880 kB
Inactive:         720608 kB
Active(anon):     794096 kB
Inactive(anon):   200996 kB
Active(file):     519784 kB
Inactive(file):   519612 kB
Unevictable:       13544 kB
Mlocked:               0 kB
SwapTotal:        721780 kB
SwapFree:         718652 kB
Dirty:               536 kB
Writeback:             0 kB
AnonPages:        993996 kB
Mapped:           637432 kB
Shmem:              1116 kB
Slab:              97660 kB
SReclaimable:      32028 kB
SUnreclaim:        65632 kB
KernelStack:       37568 kB
PageTables:        48796 kB
NFS_Unstable:          0 kB
Bounce:                0 kB
WritebackTmp:          0 kB
CommitLimit:     2171488 kB
Committed_AS:   115578332 kB
VmallocTotal:   251658176 kB
VmallocUsed:      133024 kB
VmallocChunk:   251417644 kB
Time pass: 36 sec

---2015-11-24 19:37:49
MemTotal:        2899420 kB
MemFree:           66908 kB
Buffers:           18264 kB
Cached:          1035344 kB
SwapCached:           36 kB
Active:          1320292 kB
Inactive:         720472 kB
Active(anon):     801304 kB
Inactive(anon):   200996 kB
Active(file):     518988 kB
Inactive(file):   519476 kB
Unevictable:       13544 kB
Mlocked:               0 kB
SwapTotal:        721780 kB
SwapFree:         718652 kB
Dirty:                80 kB
Writeback:             0 kB
AnonPages:       1001304 kB
Mapped:           640468 kB
Shmem:              1116 kB
Slab:              97664 kB
SReclaimable:      32028 kB
SUnreclaim:        65636 kB
KernelStack:       37696 kB
PageTables:        48800 kB
NFS_Unstable:          0 kB
Bounce:                0 kB
WritebackTmp:          0 kB
CommitLimit:     2171488 kB
Committed_AS:   115582644 kB
VmallocTotal:   251658176 kB
VmallocUsed:      133024 kB
VmallocChunk:   251417644 kB
Time pass: 40 sec

---2015-11-24 19:37:49
MemTotal:        2899420 kB
MemFree:           68124 kB
Buffers:           17616 kB
Cached:          1014696 kB
SwapCached:           40 kB
Active:          1319380 kB
Inactive:         711668 kB
Active(anon):     810724 kB
Inactive(anon):   202896 kB
Active(file):     508656 kB
Inactive(file):   508772 kB
Unevictable:       13544 kB
Mlocked:               0 kB
SwapTotal:        721780 kB
SwapFree:         718628 kB
Dirty:                 4 kB
Writeback:             0 kB
AnonPages:       1012212 kB
Mapped:           641572 kB
Shmem:              1252 kB
Slab:              97672 kB
SReclaimable:      31992 kB
SUnreclaim:        65680 kB
KernelStack:       37920 kB
PageTables:        49064 kB
NFS_Unstable:          0 kB
Bounce:                0 kB
WritebackTmp:          0 kB
CommitLimit:     2171488 kB
Committed_AS:   115622508 kB
VmallocTotal:   251658176 kB
VmallocUsed:      135456 kB
VmallocChunk:   251417644 kB
Time pass: 44 sec

---2015-11-24 19:37:49
MemTotal:        2899420 kB
MemFree:           76056 kB
Buffers:           16396 kB
Cached:           986864 kB
SwapCached:           44 kB
Active:          1312224 kB
Inactive:         700272 kB
Active(anon):     818072 kB
Inactive(anon):   206624 kB
Active(file):     494152 kB
Inactive(file):   493648 kB
Unevictable:       13544 kB
Mlocked:               0 kB
SwapTotal:        721780 kB
SwapFree:         718628 kB
Dirty:                 0 kB
Writeback:             0 kB
AnonPages:       1022708 kB
Mapped:           641660 kB
Shmem:              1916 kB
Slab:              95144 kB
SReclaimable:      29492 kB
SUnreclaim:        65652 kB
KernelStack:       38048 kB
PageTables:        49144 kB
NFS_Unstable:          0 kB
Bounce:                0 kB
WritebackTmp:          0 kB
CommitLimit:     2171488 kB
Committed_AS:   115094152 kB
VmallocTotal:   251658176 kB
VmallocUsed:      135456 kB
VmallocChunk:   251417644 kB
Time pass: 88 sec

---2015-11-24 19:37:49
MemTotal:        2899420 kB
MemFree:           72048 kB
Buffers:           16396 kB
Cached:           987964 kB
SwapCached:           44 kB
Active:          1312216 kB
Inactive:         701160 kB
Active(anon):     818064 kB
Inactive(anon):   207512 kB
Active(file):     494152 kB
Inactive(file):   493648 kB
Unevictable:       13544 kB
Mlocked:               0 kB
SwapTotal:        721780 kB
SwapFree:         718628 kB
Dirty:                 0 kB
Writeback:             0 kB
AnonPages:       1022744 kB
Mapped:           642872 kB
Shmem:              3016 kB
Slab:              97680 kB
SReclaimable:      31892 kB
SUnreclaim:        65788 kB
KernelStack:       38080 kB
PageTables:        49176 kB
NFS_Unstable:          0 kB
Bounce:                0 kB
WritebackTmp:          0 kB
CommitLimit:     2171488 kB
Committed_AS:   115094112 kB
VmallocTotal:   251658176 kB
VmallocUsed:      135456 kB
VmallocChunk:   251417644 kB
Time pass: 92 sec

---2015-11-24 19:37:49
MemTotal:        2899420 kB
MemFree:           72788 kB
Buffers:           16404 kB
Cached:           988032 kB
SwapCached:           44 kB
Active:          1311888 kB
Inactive:         701444 kB
Active(anon):     817736 kB
Inactive(anon):   207788 kB
Active(file):     494152 kB
Inactive(file):   493656 kB
Unevictable:       13544 kB
Mlocked:               0 kB
SwapTotal:        721780 kB
SwapFree:         718628 kB
Dirty:                 0 kB
Writeback:             0 kB
AnonPages:       1022484 kB
Mapped:           642980 kB
Shmem:              3084 kB
Slab:              97540 kB
SReclaimable:      31892 kB
SUnreclaim:        65648 kB
KernelStack:       38080 kB
PageTables:        49184 kB
NFS_Unstable:          0 kB
Bounce:                0 kB
WritebackTmp:          0 kB
CommitLimit:     2171488 kB
Committed_AS:   115094112 kB
VmallocTotal:   251658176 kB
VmallocUsed:      135456 kB
VmallocChunk:   251417644 kB
Time pass: 95 sec

---2015-11-24 19:37:49
MemTotal:        2899420 kB
MemFree:           72400 kB
Buffers:           16404 kB
Cached:           988028 kB
SwapCached:           44 kB
Active:          1312304 kB
Inactive:         701456 kB
Active(anon):     818164 kB
Inactive(anon):   207788 kB
Active(file):     494140 kB
Inactive(file):   493668 kB
Unevictable:       13544 kB
Mlocked:               0 kB
SwapTotal:        721780 kB
SwapFree:         718628 kB
Dirty:                 4 kB
Writeback:             0 kB
AnonPages:       1022900 kB
Mapped:           642908 kB
Shmem:              3080 kB
Slab:              97540 kB
SReclaimable:      31844 kB
SUnreclaim:        65696 kB
KernelStack:       38016 kB
PageTables:        49180 kB
NFS_Unstable:          0 kB
Bounce:                0 kB
WritebackTmp:          0 kB
CommitLimit:     2171488 kB
Committed_AS:   115094104 kB
VmallocTotal:   251658176 kB
VmallocUsed:      135456 kB
VmallocChunk:   251417644 kB
Time pass: 99 sec

---2015-11-24 19:37:49
MemTotal:        2899420 kB
MemFree:           71400 kB
Buffers:           16404 kB
Cached:           988028 kB
SwapCached:           44 kB
Active:          1312400 kB
Inactive:         701456 kB
Active(anon):     818260 kB
Inactive(anon):   207788 kB
Active(file):     494140 kB
Inactive(file):   493668 kB
Unevictable:       13544 kB
Mlocked:               0 kB
SwapTotal:        721780 kB
SwapFree:         718628 kB
Dirty:                 4 kB
Writeback:             0 kB
AnonPages:       1022916 kB
Mapped:           643080 kB
Shmem:              3080 kB
Slab:              97604 kB
SReclaimable:      31844 kB
SUnreclaim:        65760 kB
KernelStack:       38016 kB
PageTables:        49176 kB
NFS_Unstable:          0 kB
Bounce:                0 kB
WritebackTmp:          0 kB
CommitLimit:     2171488 kB
Committed_AS:   115094104 kB
VmallocTotal:   251658176 kB
VmallocUsed:      135440 kB
VmallocChunk:   251417644 kB
Time pass: 103 sec

---2015-11-24 19:37:49
MemTotal:        2899420 kB
MemFree:           71552 kB
Buffers:           16428 kB
Cached:           988012 kB
SwapCached:           44 kB
Active:          1312700 kB
Inactive:         701464 kB
Active(anon):     818560 kB
Inactive(anon):   207788 kB
Active(file):     494140 kB
Inactive(file):   493676 kB
Unevictable:       13544 kB
Mlocked:               0 kB
SwapTotal:        721780 kB
SwapFree:         718628 kB
Dirty:                 4 kB
Writeback:             0 kB
AnonPages:       1023224 kB
Mapped:           643100 kB
Shmem:              3080 kB
Slab:              97488 kB
SReclaimable:      31860 kB
SUnreclaim:        65628 kB
KernelStack:       37984 kB
PageTables:        49172 kB
NFS_Unstable:          0 kB
Bounce:                0 kB
WritebackTmp:          0 kB
CommitLimit:     2171488 kB
Committed_AS:   115094072 kB
VmallocTotal:   251658176 kB
VmallocUsed:      135440 kB
VmallocChunk:   251417644 kB
Time pass: 106 sec

---2015-11-24 19:37:49
MemTotal:        2899420 kB
MemFree:           69688 kB
Buffers:           16444 kB
Cached:           989708 kB
SwapCached:           44 kB
Active:          1312836 kB
Inactive:         703164 kB
Active(anon):     818684 kB
Inactive(anon):   207788 kB
Active(file):     494152 kB
Inactive(file):   495376 kB
Unevictable:       13544 kB
Mlocked:               0 kB
SwapTotal:        721780 kB
SwapFree:         718628 kB
Dirty:                 4 kB
Writeback:             0 kB
AnonPages:       1023496 kB
Mapped:           643316 kB
Shmem:              3080 kB
Slab:              97524 kB
SReclaimable:      31860 kB
SUnreclaim:        65664 kB
KernelStack:       37984 kB
PageTables:        49148 kB
NFS_Unstable:          0 kB
Bounce:                0 kB
WritebackTmp:          0 kB
CommitLimit:     2171488 kB
Committed_AS:   115094080 kB
VmallocTotal:   251658176 kB
VmallocUsed:      135440 kB
VmallocChunk:   251417644 kB
Time pass: 110 sec

---2015-11-24 19:37:49
MemTotal:        2899420 kB
MemFree:           69308 kB
Buffers:           16452 kB
Cached:           989708 kB
SwapCached:           44 kB
Active:          1313024 kB
Inactive:         703172 kB
Active(anon):     818872 kB
Inactive(anon):   207788 kB
Active(file):     494152 kB
Inactive(file):   495384 kB
Unevictable:       13544 kB
Mlocked:               0 kB
SwapTotal:        721780 kB
SwapFree:         718628 kB
Dirty:                40 kB
Writeback:             0 kB
AnonPages:       1023640 kB
Mapped:           643128 kB
Shmem:              3080 kB
Slab:              97644 kB
SReclaimable:      31860 kB
SUnreclaim:        65784 kB
KernelStack:       37984 kB
PageTables:        49168 kB
NFS_Unstable:          0 kB
Bounce:                0 kB
WritebackTmp:          0 kB
CommitLimit:     2171488 kB
Committed_AS:   115094072 kB
VmallocTotal:   251658176 kB
VmallocUsed:      135440 kB
VmallocChunk:   251417644 kB
Time pass: 114 sec

---2015-11-24 19:37:49
MemTotal:        2899420 kB
MemFree:           69040 kB
Buffers:           16452 kB
Cached:           989708 kB
SwapCached:           44 kB
Active:          1313208 kB
Inactive:         703172 kB
Active(anon):     819056 kB
Inactive(anon):   207788 kB
Active(file):     494152 kB
Inactive(file):   495384 kB
Unevictable:       13544 kB
Mlocked:               0 kB
SwapTotal:        721780 kB
SwapFree:         718628 kB
Dirty:                 0 kB
Writeback:             0 kB
AnonPages:       1023780 kB
Mapped:           643380 kB
Shmem:              3080 kB
Slab:              97684 kB
SReclaimable:      31860 kB
SUnreclaim:        65824 kB
KernelStack:       37984 kB
PageTables:        49172 kB
NFS_Unstable:          0 kB
Bounce:                0 kB
WritebackTmp:          0 kB
CommitLimit:     2171488 kB
Committed_AS:   115094072 kB
VmallocTotal:   251658176 kB
VmallocUsed:      135440 kB
VmallocChunk:   251417644 kB
Time pass: 117 sec

---2015-11-24 19:37:49
MemTotal:        2899420 kB
MemFree:           82312 kB
Buffers:           16372 kB
Cached:           983740 kB
SwapCached:           44 kB
Active:          1305352 kB
Inactive:         699288 kB
Active(anon):     813364 kB
Inactive(anon):   206028 kB
Active(file):     491988 kB
Inactive(file):   493260 kB
Unevictable:       13544 kB
Mlocked:               0 kB
SwapTotal:        721780 kB
SwapFree:         718628 kB
Dirty:                12 kB
Writeback:             0 kB
AnonPages:       1018028 kB
Mapped:           642796 kB
Shmem:              1320 kB
Slab:              97904 kB
SReclaimable:      31860 kB
SUnreclaim:        66044 kB
KernelStack:       37696 kB
PageTables:        49040 kB
NFS_Unstable:          0 kB
Bounce:                0 kB
WritebackTmp:          0 kB
CommitLimit:     2171488 kB
Committed_AS:   117391344 kB
VmallocTotal:   251658176 kB
VmallocUsed:      135440 kB
VmallocChunk:   251417644 kB
Time pass: 121 sec

---2015-11-24 19:37:49
MemTotal:        2899420 kB
MemFree:          298800 kB
Buffers:           16396 kB
Cached:           976200 kB
SwapCached:           44 kB
Active:          1230428 kB
Inactive:         694216 kB
Active(anon):     740956 kB
Inactive(anon):   205832 kB
Active(file):     489472 kB
Inactive(file):   488384 kB
Unevictable:       13556 kB
Mlocked:               0 kB
SwapTotal:        721780 kB
SwapFree:         718576 kB
Dirty:               168 kB
Writeback:             0 kB
AnonPages:        945748 kB
Mapped:           457940 kB
Shmem:              1188 kB
Slab:              97192 kB
SReclaimable:      31472 kB
SUnreclaim:        65720 kB
KernelStack:       36448 kB
PageTables:        47032 kB
NFS_Unstable:          0 kB
Bounce:                0 kB
WritebackTmp:          0 kB
CommitLimit:     2171488 kB
Committed_AS:   113154428 kB
VmallocTotal:   251658176 kB
VmallocUsed:      133356 kB
VmallocChunk:   251417644 kB
Time pass: 125 sec

---2015-11-24 19:37:49
MemTotal:        2899420 kB
MemFree:          299824 kB
Buffers:           16404 kB
Cached:           976320 kB
SwapCached:           44 kB
Active:          1229280 kB
Inactive:         694308 kB
Active(anon):     739804 kB
Inactive(anon):   205832 kB
Active(file):     489476 kB
Inactive(file):   488476 kB
Unevictable:       13556 kB
Mlocked:               0 kB
SwapTotal:        721780 kB
SwapFree:         718576 kB
Dirty:               192 kB
Writeback:             0 kB
AnonPages:        944556 kB
Mapped:           457996 kB
Shmem:              1188 kB
Slab:              97576 kB
SReclaimable:      31712 kB
SUnreclaim:        65864 kB
KernelStack:       36416 kB
PageTables:        47052 kB
NFS_Unstable:          0 kB
Bounce:                0 kB
WritebackTmp:          0 kB
CommitLimit:     2171488 kB
Committed_AS:   113154428 kB
VmallocTotal:   251658176 kB
VmallocUsed:      133356 kB
VmallocChunk:   251417644 kB
Time pass: 128 sec

---2015-11-24 19:37:49
MemTotal:        2899420 kB
MemFree:          299992 kB
Buffers:           16412 kB
Cached:           976356 kB
SwapCached:           44 kB
Active:          1229544 kB
Inactive:         694308 kB
Active(anon):     740064 kB
Inactive(anon):   205832 kB
Active(file):     489480 kB
Inactive(file):   488476 kB
Unevictable:       13556 kB
Mlocked:               0 kB
SwapTotal:        721780 kB
SwapFree:         718576 kB
Dirty:                84 kB
Writeback:             0 kB
AnonPages:        944624 kB
Mapped:           458032 kB
Shmem:              1188 kB
Slab:              97416 kB
SReclaimable:      31712 kB
SUnreclaim:        65704 kB
KernelStack:       36416 kB
PageTables:        47056 kB
NFS_Unstable:          0 kB
Bounce:                0 kB
WritebackTmp:          0 kB
CommitLimit:     2171488 kB
Committed_AS:   113154412 kB
VmallocTotal:   251658176 kB
VmallocUsed:      133356 kB
VmallocChunk:   251417644 kB
Time pass: 132 sec

---2015-11-24 19:37:49
MemTotal:        2899420 kB
MemFree:          299460 kB
Buffers:           16412 kB
Cached:           976356 kB
SwapCached:           44 kB
Active:          1229608 kB
Inactive:         694376 kB
Active(anon):     740128 kB
Inactive(anon):   205832 kB
Active(file):     489480 kB
Inactive(file):   488544 kB
Unevictable:       13556 kB
Mlocked:               0 kB
SwapTotal:        721780 kB
SwapFree:         718576 kB
Dirty:                84 kB
Writeback:             0 kB
AnonPages:        944696 kB
Mapped:           458052 kB
Shmem:              1188 kB
Slab:              97376 kB
SReclaimable:      31712 kB
SUnreclaim:        65664 kB
KernelStack:       36416 kB
PageTables:        47056 kB
NFS_Unstable:          0 kB
Bounce:                0 kB
WritebackTmp:          0 kB
CommitLimit:     2171488 kB
Committed_AS:   113154412 kB
VmallocTotal:   251658176 kB
VmallocUsed:      130940 kB
VmallocChunk:   251417644 kB
Time pass: 136 sec

---2015-11-24 19:37:49
MemTotal:        2899420 kB
MemFree:          354328 kB
Buffers:           16444 kB
Cached:           976344 kB
SwapCached:           44 kB
Active:          1252112 kB
Inactive:         692440 kB
Active(anon):     760528 kB
Inactive(anon):   205836 kB
Active(file):     491584 kB
Inactive(file):   486604 kB
Unevictable:       13556 kB
Mlocked:               0 kB
SwapTotal:        721780 kB
SwapFree:         718576 kB
Dirty:              1024 kB
Writeback:             0 kB
AnonPages:        964960 kB
Mapped:           438768 kB
Shmem:              1192 kB
Slab:              97536 kB
SReclaimable:      31712 kB
SUnreclaim:        65824 kB
KernelStack:       37056 kB
PageTables:        47680 kB
NFS_Unstable:          0 kB
Bounce:                0 kB
WritebackTmp:          0 kB
CommitLimit:     2171488 kB
Committed_AS:   114443784 kB
VmallocTotal:   251658176 kB
VmallocUsed:      131304 kB
VmallocChunk:   251417644 kB
Time pass: 139 sec

---2015-11-24 19:37:49
MemTotal:        2899420 kB
MemFree:          231476 kB
Buffers:           16452 kB
Cached:           976048 kB
SwapCached:           44 kB
Active:          1264712 kB
Inactive:         691812 kB
Active(anon):     772936 kB
Inactive(anon):   205964 kB
Active(file):     491776 kB
Inactive(file):   485848 kB
Unevictable:       13556 kB
Mlocked:               0 kB
SwapTotal:        721780 kB
SwapFree:         718576 kB
Dirty:              2036 kB
Writeback:             0 kB
AnonPages:        977580 kB
Mapped:           544204 kB
Shmem:              1320 kB
Slab:              97536 kB
SReclaimable:      31792 kB
SUnreclaim:        65744 kB
KernelStack:       37536 kB
PageTables:        48176 kB
NFS_Unstable:          0 kB
Bounce:                0 kB
WritebackTmp:          0 kB
CommitLimit:     2171488 kB
Committed_AS:   114479596 kB
VmallocTotal:   251658176 kB
VmallocUsed:      132252 kB
VmallocChunk:   251417644 kB
Time pass: 143 sec

---2015-11-24 19:37:49
MemTotal:        2899420 kB
MemFree:          172704 kB
Buffers:           16468 kB
Cached:           976388 kB
SwapCached:           44 kB
Active:          1281872 kB
Inactive:         691952 kB
Active(anon):     789892 kB
Inactive(anon):   205964 kB
Active(file):     491980 kB
Inactive(file):   485988 kB
Unevictable:       13556 kB
Mlocked:               0 kB
SwapTotal:        721780 kB
SwapFree:         718576 kB
Dirty:              2276 kB
Writeback:             0 kB
AnonPages:        994604 kB
Mapped:           583256 kB
Shmem:              1320 kB
Slab:              97476 kB
SReclaimable:      31808 kB
SUnreclaim:        65668 kB
KernelStack:       37664 kB
PageTables:        48344 kB
NFS_Unstable:          0 kB
Bounce:                0 kB
WritebackTmp:          0 kB
CommitLimit:     2171488 kB
Committed_AS:   114490156 kB
VmallocTotal:   251658176 kB
VmallocUsed:      132548 kB
VmallocChunk:   251417644 kB
Time pass: 147 sec

---2015-11-24 19:37:49
MemTotal:        2899420 kB
MemFree:          151616 kB
Buffers:           16476 kB
Cached:           976404 kB
SwapCached:           44 kB
Active:          1282920 kB
Inactive:         691968 kB
Active(anon):     790928 kB
Inactive(anon):   205964 kB
Active(file):     491992 kB
Inactive(file):   486004 kB
Unevictable:       13556 kB
Mlocked:               0 kB
SwapTotal:        721780 kB
SwapFree:         718576 kB
Dirty:                36 kB
Writeback:             0 kB
AnonPages:        995384 kB
Mapped:           596268 kB
Shmem:              1320 kB
Slab:              97572 kB
SReclaimable:      31808 kB
SUnreclaim:        65764 kB
KernelStack:       37664 kB
PageTables:        48448 kB
NFS_Unstable:          0 kB
Bounce:                0 kB
WritebackTmp:          0 kB
CommitLimit:     2171488 kB
Committed_AS:   114490340 kB
VmallocTotal:   251658176 kB
VmallocUsed:      132680 kB
VmallocChunk:   251417644 kB
Time pass: 151 sec

---2015-11-24 19:37:49
MemTotal:        2899420 kB
MemFree:          151984 kB
Buffers:           16484 kB
Cached:           976472 kB
SwapCached:           44 kB
Active:          1283012 kB
Inactive:         691976 kB
Active(anon):     790952 kB
Inactive(anon):   205964 kB
Active(file):     492060 kB
Inactive(file):   486012 kB
Unevictable:       13556 kB
Mlocked:               0 kB
SwapTotal:        721780 kB
SwapFree:         718576 kB
Dirty:               212 kB
Writeback:             0 kB
AnonPages:        995476 kB
Mapped:           596524 kB
Shmem:              1320 kB
Slab:              97572 kB
SReclaimable:      31824 kB
SUnreclaim:        65748 kB
KernelStack:       37664 kB
PageTables:        48492 kB
NFS_Unstable:          0 kB
Bounce:                0 kB
WritebackTmp:          0 kB
CommitLimit:     2171488 kB
Committed_AS:   114490388 kB
VmallocTotal:   251658176 kB
VmallocUsed:      132680 kB
VmallocChunk:   251417644 kB
Time pass: 154 sec

---2015-11-24 19:37:49
MemTotal:        2899420 kB
MemFree:          151372 kB
Buffers:           16484 kB
Cached:           976472 kB
SwapCached:           44 kB
Active:          1283332 kB
Inactive:         691984 kB
Active(anon):     791272 kB
Inactive(anon):   205964 kB
Active(file):     492060 kB
Inactive(file):   486020 kB
Unevictable:       13556 kB
Mlocked:               0 kB
SwapTotal:        721780 kB
SwapFree:         718576 kB
Dirty:                76 kB
Writeback:             0 kB
AnonPages:        995672 kB
Mapped:           596560 kB
Shmem:              1320 kB
Slab:              97540 kB
SReclaimable:      31824 kB
SUnreclaim:        65716 kB
KernelStack:       37664 kB
PageTables:        48488 kB
NFS_Unstable:          0 kB
Bounce:                0 kB
WritebackTmp:          0 kB
CommitLimit:     2171488 kB
Committed_AS:   114490372 kB
VmallocTotal:   251658176 kB
VmallocUsed:      132680 kB
VmallocChunk:   251417644 kB
Time pass: 158 sec

---2015-11-24 19:37:49
MemTotal:        2899420 kB
MemFree:          151340 kB
Buffers:           16492 kB
Cached:           976472 kB
SwapCached:           44 kB
Active:          1283460 kB
Inactive:         691992 kB
Active(anon):     791400 kB
Inactive(anon):   205964 kB
Active(file):     492060 kB
Inactive(file):   486028 kB
Unevictable:       13556 kB
Mlocked:               0 kB
SwapTotal:        721780 kB
SwapFree:         718576 kB
Dirty:                28 kB
Writeback:             0 kB
AnonPages:        995952 kB
Mapped:           596608 kB
Shmem:              1320 kB
Slab:              97536 kB
SReclaimable:      31824 kB
SUnreclaim:        65712 kB
KernelStack:       37680 kB
PageTables:        48468 kB
NFS_Unstable:          0 kB
Bounce:                0 kB
WritebackTmp:          0 kB
CommitLimit:     2171488 kB
Committed_AS:   114490348 kB
VmallocTotal:   251658176 kB
VmallocUsed:      132680 kB
VmallocChunk:   251417644 kB
Time pass: 162 sec

---2015-11-24 19:37:49
MemTotal:        2899420 kB
MemFree:          150136 kB
Buffers:           16492 kB
Cached:           976472 kB
SwapCached:           44 kB
Active:          1283516 kB
Inactive:         691992 kB
Active(anon):     791456 kB
Inactive(anon):   205964 kB
Active(file):     492060 kB
Inactive(file):   486028 kB
Unevictable:       13556 kB
Mlocked:               0 kB
SwapTotal:        721780 kB
SwapFree:         718576 kB
Dirty:                 0 kB
Writeback:             0 kB
AnonPages:        996000 kB
Mapped:           596404 kB
Shmem:              1320 kB
Slab:              97536 kB
SReclaimable:      31824 kB
SUnreclaim:        65712 kB
KernelStack:       37664 kB
PageTables:        48496 kB
NFS_Unstable:          0 kB
Bounce:                0 kB
WritebackTmp:          0 kB
CommitLimit:     2171488 kB
Committed_AS:   114490388 kB
VmallocTotal:   251658176 kB
VmallocUsed:      132680 kB
VmallocChunk:   251417644 kB
Time pass: 166 sec

---2015-11-24 19:37:49
MemTotal:        2899420 kB
MemFree:          150028 kB
Buffers:           16492 kB
Cached:           976472 kB
SwapCached:           44 kB
Active:          1283960 kB
Inactive:         691992 kB
Active(anon):     791900 kB
Inactive(anon):   205964 kB
Active(file):     492060 kB
Inactive(file):   486028 kB
Unevictable:       13556 kB
Mlocked:               0 kB
SwapTotal:        721780 kB
SwapFree:         718576 kB
Dirty:                 0 kB
Writeback:             0 kB
AnonPages:        996528 kB
Mapped:           596616 kB
Shmem:              1320 kB
Slab:              97536 kB
SReclaimable:      31824 kB
SUnreclaim:        65712 kB
KernelStack:       37664 kB
PageTables:        48468 kB
NFS_Unstable:          0 kB
Bounce:                0 kB
WritebackTmp:          0 kB
CommitLimit:     2171488 kB
Committed_AS:   114490396 kB
VmallocTotal:   251658176 kB
VmallocUsed:      132680 kB
VmallocChunk:   251417644 kB
Time pass: 169 sec

---2015-11-24 19:37:49
MemTotal:        2899420 kB
MemFree:          149368 kB
Buffers:           16492 kB
Cached:           976480 kB
SwapCached:           44 kB
Active:          1284008 kB
Inactive:         691996 kB
Active(anon):     791944 kB
Inactive(anon):   205964 kB
Active(file):     492064 kB
Inactive(file):   486032 kB
Unevictable:       13556 kB
Mlocked:               0 kB
SwapTotal:        721780 kB
SwapFree:         718576 kB
Dirty:                12 kB
Writeback:             0 kB
AnonPages:        996784 kB
Mapped:           596828 kB
Shmem:              1320 kB
Slab:              97636 kB
SReclaimable:      31824 kB
SUnreclaim:        65812 kB
KernelStack:       37680 kB
PageTables:        48464 kB
NFS_Unstable:          0 kB
Bounce:                0 kB
WritebackTmp:          0 kB
CommitLimit:     2171488 kB
Committed_AS:   114490388 kB
VmallocTotal:   251658176 kB
VmallocUsed:      132680 kB
VmallocChunk:   251417644 kB
Time pass: 173 sec

---2015-11-24 19:37:49
MemTotal:        2899420 kB
MemFree:          119016 kB
Buffers:           16500 kB
Cached:           976504 kB
SwapCached:           44 kB
Active:          1291488 kB
Inactive:         691992 kB
Active(anon):     799388 kB
Inactive(anon):   205964 kB
Active(file):     492100 kB
Inactive(file):   486028 kB
Unevictable:       13556 kB
Mlocked:               0 kB
SwapTotal:        721780 kB
SwapFree:         718576 kB
Dirty:               536 kB
Writeback:             0 kB
AnonPages:       1004180 kB
Mapped:           611152 kB
Shmem:              1320 kB
Slab:              97564 kB
SReclaimable:      31824 kB
SUnreclaim:        65740 kB
KernelStack:       37712 kB
PageTables:        48432 kB
NFS_Unstable:          0 kB
Bounce:                0 kB
WritebackTmp:          0 kB
CommitLimit:     2171488 kB
Committed_AS:   114491036 kB
VmallocTotal:   251658176 kB
VmallocUsed:      132836 kB
VmallocChunk:   251417644 kB
Time pass: 177 sec

---2015-11-24 19:37:49
MemTotal:        2899420 kB
MemFree:          121792 kB
Buffers:           16508 kB
Cached:           976504 kB
SwapCached:           44 kB
Active:          1288396 kB
Inactive:         691992 kB
Active(anon):     796296 kB
Inactive(anon):   205964 kB
Active(file):     492100 kB
Inactive(file):   486028 kB
Unevictable:       13556 kB
Mlocked:               0 kB
SwapTotal:        721780 kB
SwapFree:         718576 kB
Dirty:                24 kB
Writeback:             0 kB
AnonPages:       1000924 kB
Mapped:           611348 kB
Shmem:              1320 kB
Slab:              97672 kB
SReclaimable:      31824 kB
SUnreclaim:        65848 kB
KernelStack:       37712 kB
PageTables:        48436 kB
NFS_Unstable:          0 kB
Bounce:                0 kB
WritebackTmp:          0 kB
CommitLimit:     2171488 kB
Committed_AS:   114491028 kB
VmallocTotal:   251658176 kB
VmallocUsed:      132836 kB
VmallocChunk:   251417644 kB
Time pass: 181 sec

---2015-11-24 19:37:49
MemTotal:        2899420 kB
MemFree:          122220 kB
Buffers:           16508 kB
Cached:           976504 kB
SwapCached:           44 kB
Active:          1288056 kB
Inactive:         692000 kB
Active(anon):     795956 kB
Inactive(anon):   205964 kB
Active(file):     492100 kB
Inactive(file):   486036 kB
Unevictable:       13556 kB
Mlocked:               0 kB
SwapTotal:        721780 kB
SwapFree:         718576 kB
Dirty:                24 kB
Writeback:             0 kB
AnonPages:       1000804 kB
Mapped:           611244 kB
Shmem:              1320 kB
Slab:              97672 kB
SReclaimable:      31824 kB
SUnreclaim:        65848 kB
KernelStack:       37728 kB
PageTables:        48464 kB
NFS_Unstable:          0 kB
Bounce:                0 kB
WritebackTmp:          0 kB
CommitLimit:     2171488 kB
Committed_AS:   114491012 kB
VmallocTotal:   251658176 kB
VmallocUsed:      132836 kB
VmallocChunk:   251417644 kB
Time pass: 184 sec

---2015-11-24 19:37:49
MemTotal:        2899420 kB
MemFree:          123220 kB
Buffers:           16516 kB
Cached:           976504 kB
SwapCached:           44 kB
Active:          1288428 kB
Inactive:         692008 kB
Active(anon):     796328 kB
Inactive(anon):   205964 kB
Active(file):     492100 kB
Inactive(file):   486044 kB
Unevictable:       13556 kB
Mlocked:               0 kB
SwapTotal:        721780 kB
SwapFree:         718576 kB
Dirty:                32 kB
Writeback:             0 kB
AnonPages:       1000916 kB
Mapped:           611408 kB
Shmem:              1320 kB
Slab:              97588 kB
SReclaimable:      31824 kB
SUnreclaim:        65764 kB
KernelStack:       37712 kB
PageTables:        48432 kB
NFS_Unstable:          0 kB
Bounce:                0 kB
WritebackTmp:          0 kB
CommitLimit:     2171488 kB
Committed_AS:   114491036 kB
VmallocTotal:   251658176 kB
VmallocUsed:      132836 kB
VmallocChunk:   251417644 kB
Time pass: 188 sec

---2015-11-24 19:37:49
MemTotal:        2899420 kB
MemFree:          122228 kB
Buffers:           16516 kB
Cached:           976504 kB
SwapCached:           44 kB
Active:          1289196 kB
Inactive:         692008 kB
Active(anon):     797096 kB
Inactive(anon):   205964 kB
Active(file):     492100 kB
Inactive(file):   486044 kB
Unevictable:       13556 kB
Mlocked:               0 kB
SwapTotal:        721780 kB
SwapFree:         718576 kB
Dirty:                40 kB
Writeback:             0 kB
AnonPages:       1001760 kB
Mapped:           611436 kB
Shmem:              1320 kB
Slab:              97624 kB
SReclaimable:      31840 kB
SUnreclaim:        65784 kB
KernelStack:       37712 kB
PageTables:        48432 kB
NFS_Unstable:          0 kB
Bounce:                0 kB
WritebackTmp:          0 kB
CommitLimit:     2171488 kB
Committed_AS:   114491020 kB
VmallocTotal:   251658176 kB
VmallocUsed:      132836 kB
VmallocChunk:   251417644 kB
Time pass: 192 sec

---2015-11-24 19:37:49
MemTotal:        2899420 kB
MemFree:          121632 kB
Buffers:           16524 kB
Cached:           976500 kB
SwapCached:           44 kB
Active:          1289384 kB
Inactive:         692008 kB
Active(anon):     797284 kB
Inactive(anon):   205964 kB
Active(file):     492100 kB
Inactive(file):   486044 kB
Unevictable:       13556 kB
Mlocked:               0 kB
SwapTotal:        721780 kB
SwapFree:         718576 kB
Dirty:                52 kB
Writeback:             0 kB
AnonPages:       1001888 kB
Mapped:           611476 kB
Shmem:              1320 kB
Slab:              97624 kB
SReclaimable:      31840 kB
SUnreclaim:        65784 kB
KernelStack:       37712 kB
PageTables:        48432 kB
NFS_Unstable:          0 kB
Bounce:                0 kB
WritebackTmp:          0 kB
CommitLimit:     2171488 kB
Committed_AS:   114491036 kB
VmallocTotal:   251658176 kB
VmallocUsed:      132836 kB
VmallocChunk:   251417644 kB
Time pass: 196 sec

---2015-11-24 19:37:49
MemTotal:        2899420 kB
MemFree:          121000 kB
Buffers:           16524 kB
Cached:           976504 kB
SwapCached:           44 kB
Active:          1289384 kB
Inactive:         692016 kB
Active(anon):     797284 kB
Inactive(anon):   205964 kB
Active(file):     492100 kB
Inactive(file):   486052 kB
Unevictable:       13556 kB
Mlocked:               0 kB
SwapTotal:        721780 kB
SwapFree:         718576 kB
Dirty:                12 kB
Writeback:             0 kB
AnonPages:       1002028 kB
Mapped:           611508 kB
Shmem:              1320 kB
Slab:              97612 kB
SReclaimable:      31840 kB
SUnreclaim:        65772 kB
KernelStack:       37712 kB
PageTables:        48432 kB
NFS_Unstable:          0 kB
Bounce:                0 kB
WritebackTmp:          0 kB
CommitLimit:     2171488 kB
Committed_AS:   114490996 kB
VmallocTotal:   251658176 kB
VmallocUsed:      132836 kB
VmallocChunk:   251417644 kB
Time pass: 199 sec

---2015-11-24 19:37:49
MemTotal:        2899420 kB
MemFree:          120844 kB
Buffers:           16540 kB
Cached:           976504 kB
SwapCached:           44 kB
Active:          1289792 kB
Inactive:         692012 kB
Active(anon):     797672 kB
Inactive(anon):   205964 kB
Active(file):     492120 kB
Inactive(file):   486048 kB
Unevictable:       13556 kB
Mlocked:               0 kB
SwapTotal:        721780 kB
SwapFree:         718576 kB
Dirty:                80 kB
Writeback:             0 kB
AnonPages:       1002344 kB
Mapped:           611540 kB
Shmem:              1320 kB
Slab:              97636 kB
SReclaimable:      31840 kB
SUnreclaim:        65796 kB
KernelStack:       37680 kB
PageTables:        48428 kB
NFS_Unstable:          0 kB
Bounce:                0 kB
WritebackTmp:          0 kB
CommitLimit:     2171488 kB
Committed_AS:   114491044 kB
VmallocTotal:   251658176 kB
VmallocUsed:      132836 kB
VmallocChunk:   251417644 kB
Time pass: 203 sec

---2015-11-24 19:37:49
MemTotal:        2899420 kB
MemFree:          117816 kB
Buffers:           16556 kB
Cached:           976512 kB
SwapCached:           44 kB
Active:          1293604 kB
Inactive:         692028 kB
Active(anon):     801480 kB
Inactive(anon):   205964 kB
Active(file):     492124 kB
Inactive(file):   486064 kB
Unevictable:       13556 kB
Mlocked:               0 kB
SwapTotal:        721780 kB
SwapFree:         718576 kB
Dirty:               112 kB
Writeback:             0 kB
AnonPages:       1006480 kB
Mapped:           613260 kB
Shmem:              1320 kB
Slab:              97612 kB
SReclaimable:      31840 kB
SUnreclaim:        65772 kB
KernelStack:       37664 kB
PageTables:        48428 kB
NFS_Unstable:          0 kB
Bounce:                0 kB
WritebackTmp:          0 kB
CommitLimit:     2171488 kB
Committed_AS:   114495092 kB
VmallocTotal:   251658176 kB
VmallocUsed:      132836 kB
VmallocChunk:   251417644 kB
Time pass: 207 sec

---2015-11-24 19:37:49
MemTotal:        2899420 kB
MemFree:           97792 kB
Buffers:           16620 kB
Cached:           977280 kB
SwapCached:           44 kB
Active:          1313152 kB
Inactive:         691992 kB
Active(anon):     820052 kB
Inactive(anon):   206636 kB
Active(file):     493100 kB
Inactive(file):   485356 kB
Unevictable:       13556 kB
Mlocked:               0 kB
SwapTotal:        721780 kB
SwapFree:         718576 kB
Dirty:               100 kB
Writeback:             0 kB
AnonPages:       1024524 kB
Mapped:           616368 kB
Shmem:              2100 kB
Slab:              97588 kB
SReclaimable:      31840 kB
SUnreclaim:        65748 kB
KernelStack:       38048 kB
PageTables:        48708 kB
NFS_Unstable:          0 kB
Bounce:                0 kB
WritebackTmp:          0 kB
CommitLimit:     2171488 kB
Committed_AS:   114539084 kB
VmallocTotal:   251658176 kB
VmallocUsed:      135268 kB
VmallocChunk:   251417644 kB
Time pass: 211 sec

---2015-11-24 19:37:49
MemTotal:        2899420 kB
MemFree:           91648 kB
Buffers:           16636 kB
Cached:           977460 kB
SwapCached:           44 kB
Active:          1315584 kB
Inactive:         692036 kB
Active(anon):     822476 kB
Inactive(anon):   206648 kB
Active(file):     493108 kB
Inactive(file):   485388 kB
Unevictable:       13556 kB
Mlocked:               0 kB
SwapTotal:        721780 kB
SwapFree:         718576 kB
Dirty:                52 kB
Writeback:             0 kB
AnonPages:       1027068 kB
Mapped:           616584 kB
Shmem:              2044 kB
Slab:              97604 kB
SReclaimable:      31840 kB
SUnreclaim:        65764 kB
KernelStack:       38032 kB
PageTables:        48876 kB
NFS_Unstable:          0 kB
Bounce:                0 kB
WritebackTmp:          0 kB
CommitLimit:     2171488 kB
Committed_AS:   114543188 kB
VmallocTotal:   251658176 kB
VmallocUsed:      135268 kB
VmallocChunk:   251417644 kB
Time pass: 215 sec

---2015-11-24 19:37:49
MemTotal:        2899420 kB
MemFree:           91928 kB
Buffers:           16644 kB
Cached:           977460 kB
SwapCached:           44 kB
Active:          1316168 kB
Inactive:         692040 kB
Active(anon):     823060 kB
Inactive(anon):   206648 kB
Active(file):     493108 kB
Inactive(file):   485392 kB
Unevictable:       13556 kB
Mlocked:               0 kB
SwapTotal:        721780 kB
SwapFree:         718576 kB
Dirty:                32 kB
Writeback:             0 kB
AnonPages:       1027484 kB
Mapped:           616620 kB
Shmem:              2044 kB
Slab:              97600 kB
SReclaimable:      31840 kB
SUnreclaim:        65760 kB
KernelStack:       38032 kB
PageTables:        48876 kB
NFS_Unstable:          0 kB
Bounce:                0 kB
WritebackTmp:          0 kB
CommitLimit:     2171488 kB
Committed_AS:   114543184 kB
VmallocTotal:   251658176 kB
VmallocUsed:      135268 kB
VmallocChunk:   251417644 kB
Time pass: 219 sec

---2015-11-24 19:37:49
MemTotal:        2899420 kB
MemFree:           90916 kB
Buffers:           16660 kB
Cached:           977460 kB
SwapCached:           44 kB
Active:          1316508 kB
Inactive:         692060 kB
Active(anon):     823400 kB
Inactive(anon):   206648 kB
Active(file):     493108 kB
Inactive(file):   485412 kB
Unevictable:       13556 kB
Mlocked:               0 kB
SwapTotal:        721780 kB
SwapFree:         718576 kB
Dirty:                44 kB
Writeback:             0 kB
AnonPages:       1027828 kB
Mapped:           616644 kB
Shmem:              2044 kB
Slab:              97600 kB
SReclaimable:      31840 kB
SUnreclaim:        65760 kB
KernelStack:       38032 kB
PageTables:        48892 kB
NFS_Unstable:          0 kB
Bounce:                0 kB
WritebackTmp:          0 kB
CommitLimit:     2171488 kB
Committed_AS:   114547312 kB
VmallocTotal:   251658176 kB
VmallocUsed:      135268 kB
VmallocChunk:   251417644 kB
Time pass: 222 sec

---2015-11-24 19:37:49
MemTotal:        2899420 kB
MemFree:           89940 kB
Buffers:           16676 kB
Cached:           977460 kB
SwapCached:           44 kB
Active:          1316448 kB
Inactive:         692076 kB
Active(anon):     823340 kB
Inactive(anon):   206648 kB
Active(file):     493108 kB
Inactive(file):   485428 kB
Unevictable:       13556 kB
Mlocked:               0 kB
SwapTotal:        721780 kB
SwapFree:         718576 kB
Dirty:                48 kB
Writeback:             0 kB
AnonPages:       1027928 kB
Mapped:           616672 kB
Shmem:              2044 kB
Slab:              97628 kB
SReclaimable:      31840 kB
SUnreclaim:        65788 kB
KernelStack:       38032 kB
PageTables:        48904 kB
NFS_Unstable:          0 kB
Bounce:                0 kB
WritebackTmp:          0 kB
CommitLimit:     2171488 kB
Committed_AS:   114547280 kB
VmallocTotal:   251658176 kB
VmallocUsed:      135280 kB
VmallocChunk:   251417644 kB
Time pass: 226 sec

---2015-11-24 19:37:49
MemTotal:        2899420 kB
MemFree:           89624 kB
Buffers:           16676 kB
Cached:           977460 kB
SwapCached:           44 kB
Active:          1317112 kB
Inactive:         692076 kB
Active(anon):     824004 kB
Inactive(anon):   206648 kB
Active(file):     493108 kB
Inactive(file):   485428 kB
Unevictable:       13556 kB
Mlocked:               0 kB
SwapTotal:        721780 kB
SwapFree:         718576 kB
Dirty:                48 kB
Writeback:             0 kB
AnonPages:       1028564 kB
Mapped:           616708 kB
Shmem:              2044 kB
Slab:              97744 kB
SReclaimable:      31840 kB
SUnreclaim:        65904 kB
KernelStack:       38032 kB
PageTables:        48900 kB
NFS_Unstable:          0 kB
Bounce:                0 kB
WritebackTmp:          0 kB
CommitLimit:     2171488 kB
Committed_AS:   114547280 kB
VmallocTotal:   251658176 kB
VmallocUsed:      135280 kB
VmallocChunk:   251417644 kB
Time pass: 230 sec

---2015-11-24 19:37:49
MemTotal:        2899420 kB
MemFree:           89376 kB
Buffers:           16700 kB
Cached:           977464 kB
SwapCached:           44 kB
Active:          1317288 kB
Inactive:         692100 kB
Active(anon):     824176 kB
Inactive(anon):   206648 kB
Active(file):     493112 kB
Inactive(file):   485452 kB
Unevictable:       13556 kB
Mlocked:               0 kB
SwapTotal:        721780 kB
SwapFree:         718576 kB
Dirty:                56 kB
Writeback:             0 kB
AnonPages:       1028580 kB
Mapped:           616792 kB
Shmem:              2044 kB
Slab:              97644 kB
SReclaimable:      31840 kB
SUnreclaim:        65804 kB
KernelStack:       38032 kB
PageTables:        48900 kB
NFS_Unstable:          0 kB
Bounce:                0 kB
WritebackTmp:          0 kB
CommitLimit:     2171488 kB
Committed_AS:   114547272 kB
VmallocTotal:   251658176 kB
VmallocUsed:      135280 kB
VmallocChunk:   251417644 kB
Time pass: 233 sec

---2015-11-24 19:37:49
MemTotal:        2899420 kB
MemFree:           89156 kB
Buffers:           16700 kB
Cached:           977464 kB
SwapCached:           44 kB
Active:          1317428 kB
Inactive:         692100 kB
Active(anon):     824316 kB
Inactive(anon):   206648 kB
Active(file):     493112 kB
Inactive(file):   485452 kB
Unevictable:       13556 kB
Mlocked:               0 kB
SwapTotal:        721780 kB
SwapFree:         718576 kB
Dirty:                 0 kB
Writeback:             0 kB
AnonPages:       1028936 kB
Mapped:           616732 kB
Shmem:              2044 kB
Slab:              97616 kB
SReclaimable:      31840 kB
SUnreclaim:        65776 kB
KernelStack:       38032 kB
PageTables:        48856 kB
NFS_Unstable:          0 kB
Bounce:                0 kB
WritebackTmp:          0 kB
CommitLimit:     2171488 kB
Committed_AS:   114547280 kB
VmallocTotal:   251658176 kB
VmallocUsed:      135280 kB
VmallocChunk:   251417644 kB
Time pass: 237 sec

---2015-11-24 19:37:49
MemTotal:        2899420 kB
MemFree:           88668 kB
Buffers:           16724 kB
Cached:           977448 kB
SwapCached:           44 kB
Active:          1317760 kB
Inactive:         692108 kB
Active(anon):     824648 kB
Inactive(anon):   206648 kB
Active(file):     493112 kB
Inactive(file):   485460 kB
Unevictable:       13556 kB
Mlocked:               0 kB
SwapTotal:        721780 kB
SwapFree:         718576 kB
Dirty:                40 kB
Writeback:             0 kB
AnonPages:       1029336 kB
Mapped:           616752 kB
Shmem:              2044 kB
Slab:              97592 kB
SReclaimable:      31840 kB
SUnreclaim:        65752 kB
KernelStack:       38064 kB
PageTables:        48852 kB
NFS_Unstable:          0 kB
Bounce:                0 kB
WritebackTmp:          0 kB
CommitLimit:     2171488 kB
Committed_AS:   114547272 kB
VmallocTotal:   251658176 kB
VmallocUsed:      135280 kB
VmallocChunk:   251417644 kB
Time pass: 241 sec

---2015-11-24 19:37:49
MemTotal:        2899420 kB
MemFree:           88764 kB
Buffers:           16724 kB
Cached:           977464 kB
SwapCached:           44 kB
Active:          1318064 kB
Inactive:         692124 kB
Active(anon):     824952 kB
Inactive(anon):   206648 kB
Active(file):     493112 kB
Inactive(file):   485476 kB
Unevictable:       13556 kB
Mlocked:               0 kB
SwapTotal:        721780 kB
SwapFree:         718576 kB
Dirty:                 0 kB
Writeback:             0 kB
AnonPages:       1029352 kB
Mapped:           616780 kB
Shmem:              2044 kB
Slab:              97620 kB
SReclaimable:      31840 kB
SUnreclaim:        65780 kB
KernelStack:       38064 kB
PageTables:        48856 kB
NFS_Unstable:          0 kB
Bounce:                0 kB
WritebackTmp:          0 kB
CommitLimit:     2171488 kB
Committed_AS:   114551376 kB
VmallocTotal:   251658176 kB
VmallocUsed:      135280 kB
VmallocChunk:   251417644 kB
Time pass: 245 sec

---2015-11-24 19:37:49
MemTotal:        2899420 kB
MemFree:           88292 kB
Buffers:           16748 kB
Cached:           977448 kB
SwapCached:           44 kB
Active:          1318316 kB
Inactive:         692132 kB
Active(anon):     825204 kB
Inactive(anon):   206648 kB
Active(file):     493112 kB
Inactive(file):   485484 kB
Unevictable:       13556 kB
Mlocked:               0 kB
SwapTotal:        721780 kB
SwapFree:         718576 kB
Dirty:                32 kB
Writeback:             0 kB
AnonPages:       1029960 kB
Mapped:           616804 kB
Shmem:              2044 kB
Slab:              97604 kB
SReclaimable:      31840 kB
SUnreclaim:        65764 kB
KernelStack:       38064 kB
PageTables:        48860 kB
NFS_Unstable:          0 kB
Bounce:                0 kB
WritebackTmp:          0 kB
CommitLimit:     2171488 kB
Committed_AS:   114551384 kB
VmallocTotal:   251658176 kB
VmallocUsed:      135280 kB
VmallocChunk:   251417644 kB
Time pass: 248 sec

---2015-11-24 19:37:49
MemTotal:        2899420 kB
MemFree:           87168 kB
Buffers:           16748 kB
Cached:           977464 kB
SwapCached:           44 kB
Active:          1318968 kB
Inactive:         692148 kB
Active(anon):     825856 kB
Inactive(anon):   206648 kB
Active(file):     493112 kB
Inactive(file):   485500 kB
Unevictable:       13556 kB
Mlocked:               0 kB
SwapTotal:        721780 kB
SwapFree:         718576 kB
Dirty:                 0 kB
Writeback:             0 kB
AnonPages:       1030652 kB
Mapped:           616840 kB
Shmem:              2044 kB
Slab:              97632 kB
SReclaimable:      31856 kB
SUnreclaim:        65776 kB
KernelStack:       38032 kB
PageTables:        48868 kB
NFS_Unstable:          0 kB
Bounce:                0 kB
WritebackTmp:          0 kB
CommitLimit:     2171488 kB
Committed_AS:   114551432 kB
VmallocTotal:   251658176 kB
VmallocUsed:      135280 kB
VmallocChunk:   251417644 kB
Time pass: 252 sec

---2015-11-24 19:37:49
MemTotal:        2899420 kB
MemFree:           87320 kB
Buffers:           16756 kB
Cached:           977464 kB
SwapCached:           44 kB
Active:          1319096 kB
Inactive:         692156 kB
Active(anon):     825984 kB
Inactive(anon):   206648 kB
Active(file):     493112 kB
Inactive(file):   485508 kB
Unevictable:       13556 kB
Mlocked:               0 kB
SwapTotal:        721780 kB
SwapFree:         718576 kB
Dirty:                44 kB
Writeback:             0 kB
AnonPages:       1030532 kB
Mapped:           616948 kB
Shmem:              2044 kB
Slab:              97672 kB
SReclaimable:      31856 kB
SUnreclaim:        65816 kB
KernelStack:       38032 kB
PageTables:        48896 kB
NFS_Unstable:          0 kB
Bounce:                0 kB
WritebackTmp:          0 kB
CommitLimit:     2171488 kB
Committed_AS:   114551384 kB
VmallocTotal:   251658176 kB
VmallocUsed:      135280 kB
VmallocChunk:   251417644 kB
Time pass: 256 sec

---2015-11-24 19:37:49
MemTotal:        2899420 kB
MemFree:           86172 kB
Buffers:           16780 kB
Cached:           977468 kB
SwapCached:           44 kB
Active:          1319552 kB
Inactive:         692184 kB
Active(anon):     826440 kB
Inactive(anon):   206648 kB
Active(file):     493112 kB
Inactive(file):   485536 kB
Unevictable:       13556 kB
Mlocked:               0 kB
SwapTotal:        721780 kB
SwapFree:         718576 kB
Dirty:                 4 kB
Writeback:             0 kB
AnonPages:       1031424 kB
Mapped:           616980 kB
Shmem:              2044 kB
Slab:              97628 kB
SReclaimable:      31856 kB
SUnreclaim:        65772 kB
KernelStack:       38064 kB
PageTables:        48900 kB
NFS_Unstable:          0 kB
Bounce:                0 kB
WritebackTmp:          0 kB
CommitLimit:     2171488 kB
Committed_AS:   114551384 kB
VmallocTotal:   251658176 kB
VmallocUsed:      135280 kB
VmallocChunk:   251417644 kB
Time pass: 259 sec

---2015-11-24 19:37:49
MemTotal:        2899420 kB
MemFree:           85724 kB
Buffers:           16796 kB
Cached:           977464 kB
SwapCached:           44 kB
Active:          1320004 kB
Inactive:         692196 kB
Active(anon):     826892 kB
Inactive(anon):   206648 kB
Active(file):     493112 kB
Inactive(file):   485548 kB
Unevictable:       13556 kB
Mlocked:               0 kB
SwapTotal:        721780 kB
SwapFree:         718576 kB
Dirty:                64 kB
Writeback:             0 kB
AnonPages:       1031664 kB
Mapped:           617012 kB
Shmem:              2044 kB
Slab:              97644 kB
SReclaimable:      31856 kB
SUnreclaim:        65788 kB
KernelStack:       38048 kB
PageTables:        48908 kB
NFS_Unstable:          0 kB
Bounce:                0 kB
WritebackTmp:          0 kB
CommitLimit:     2171488 kB
Committed_AS:   114551424 kB
VmallocTotal:   251658176 kB
VmallocUsed:      135280 kB
VmallocChunk:   251417644 kB
Time pass: 263 sec

---2015-11-24 19:37:49
MemTotal:        2899420 kB
MemFree:           86072 kB
Buffers:           16804 kB
Cached:           977464 kB
SwapCached:           44 kB
Active:          1320056 kB
Inactive:         692204 kB
Active(anon):     826944 kB
Inactive(anon):   206648 kB
Active(file):     493112 kB
Inactive(file):   485556 kB
Unevictable:       13556 kB
Mlocked:               0 kB
SwapTotal:        721780 kB
SwapFree:         718576 kB
Dirty:                32 kB
Writeback:             0 kB
AnonPages:       1031576 kB
Mapped:           616972 kB
Shmem:              2044 kB
Slab:              97744 kB
SReclaimable:      31856 kB
SUnreclaim:        65888 kB
KernelStack:       38048 kB
PageTables:        48848 kB
NFS_Unstable:          0 kB
Bounce:                0 kB
WritebackTmp:          0 kB
CommitLimit:     2171488 kB
Committed_AS:   114551400 kB
VmallocTotal:   251658176 kB
VmallocUsed:      135280 kB
VmallocChunk:   251417644 kB
Time pass: 267 sec

---2015-11-24 19:37:49
MemTotal:        2899420 kB
MemFree:           85656 kB
Buffers:           16820 kB
Cached:           977464 kB
SwapCached:           44 kB
Active:          1320392 kB
Inactive:         692220 kB
Active(anon):     827280 kB
Inactive(anon):   206648 kB
Active(file):     493112 kB
Inactive(file):   485572 kB
Unevictable:       13556 kB
Mlocked:               0 kB
SwapTotal:        721780 kB
SwapFree:         718576 kB
Dirty:                48 kB
Writeback:             0 kB
AnonPages:       1031656 kB
Mapped:           616980 kB
Shmem:              2044 kB
Slab:              97760 kB
SReclaimable:      31856 kB
SUnreclaim:        65904 kB
KernelStack:       38048 kB
PageTables:        48868 kB
NFS_Unstable:          0 kB
Bounce:                0 kB
WritebackTmp:          0 kB
CommitLimit:     2171488 kB
Committed_AS:   114551408 kB
VmallocTotal:   251658176 kB
VmallocUsed:      135280 kB
VmallocChunk:   251417644 kB
Time pass: 271 sec

---2015-11-24 19:37:49
MemTotal:        2899420 kB
MemFree:           85904 kB
Buffers:           16844 kB
Cached:           977888 kB
SwapCached:           44 kB
Active:          1319568 kB
Inactive:         692664 kB
Active(anon):     826452 kB
Inactive(anon):   206648 kB
Active(file):     493116 kB
Inactive(file):   486016 kB
Unevictable:       13556 kB
Mlocked:               0 kB
SwapTotal:        721780 kB
SwapFree:         718576 kB
Dirty:               188 kB
Writeback:             0 kB
AnonPages:       1031060 kB
Mapped:           617060 kB
Shmem:              2044 kB
Slab:              97620 kB
SReclaimable:      31856 kB
SUnreclaim:        65764 kB
KernelStack:       38048 kB
PageTables:        48880 kB
NFS_Unstable:          0 kB
Bounce:                0 kB
WritebackTmp:          0 kB
CommitLimit:     2171488 kB
Committed_AS:   114551456 kB
VmallocTotal:   251658176 kB
VmallocUsed:      135280 kB
VmallocChunk:   251417644 kB
Time pass: 274 sec

---2015-11-24 19:37:49
MemTotal:        2899420 kB
MemFree:           86380 kB
Buffers:           16860 kB
Cached:           977888 kB
SwapCached:           44 kB
Active:          1319180 kB
Inactive:         692680 kB
Active(anon):     826064 kB
Inactive(anon):   206648 kB
Active(file):     493116 kB
Inactive(file):   486032 kB
Unevictable:       13556 kB
Mlocked:               0 kB
SwapTotal:        721780 kB
SwapFree:         718576 kB
Dirty:                 0 kB
Writeback:             0 kB
AnonPages:       1030676 kB
Mapped:           617100 kB
Shmem:              2044 kB
Slab:              97752 kB
SReclaimable:      31856 kB
SUnreclaim:        65896 kB
KernelStack:       38048 kB
PageTables:        48884 kB
NFS_Unstable:          0 kB
Bounce:                0 kB
WritebackTmp:          0 kB
CommitLimit:     2171488 kB
Committed_AS:   114551392 kB
VmallocTotal:   251658176 kB
VmallocUsed:      135280 kB
VmallocChunk:   251417644 kB
Time pass: 278 sec

---2015-11-24 19:37:49
MemTotal:        2899420 kB
MemFree:           86400 kB
Buffers:           16860 kB
Cached:           977888 kB
SwapCached:           44 kB
Active:          1319308 kB
Inactive:         692680 kB
Active(anon):     826192 kB
Inactive(anon):   206648 kB
Active(file):     493116 kB
Inactive(file):   486032 kB
Unevictable:       13556 kB
Mlocked:               0 kB
SwapTotal:        721780 kB
SwapFree:         718576 kB
Dirty:                 0 kB
Writeback:             0 kB
AnonPages:       1030892 kB
Mapped:           617128 kB
Shmem:              2044 kB
Slab:              97636 kB
SReclaimable:      31856 kB
SUnreclaim:        65780 kB
KernelStack:       38048 kB
PageTables:        48876 kB
NFS_Unstable:          0 kB
Bounce:                0 kB
WritebackTmp:          0 kB
CommitLimit:     2171488 kB
Committed_AS:   114551408 kB
VmallocTotal:   251658176 kB
VmallocUsed:      135280 kB
VmallocChunk:   251417644 kB
Time pass: 282 sec

---2015-11-24 19:37:49
MemTotal:        2899420 kB
MemFree:           86356 kB
Buffers:           16884 kB
Cached:           977888 kB
SwapCached:           44 kB
Active:          1319648 kB
Inactive:         692704 kB
Active(anon):     826532 kB
Inactive(anon):   206648 kB
Active(file):     493116 kB
Inactive(file):   486056 kB
Unevictable:       13556 kB
Mlocked:               0 kB
SwapTotal:        721780 kB
SwapFree:         718576 kB
Dirty:                44 kB
Writeback:             0 kB
AnonPages:       1031160 kB
Mapped:           617164 kB
Shmem:              2044 kB
Slab:              97620 kB
SReclaimable:      31856 kB
SUnreclaim:        65764 kB
KernelStack:       38048 kB
PageTables:        48880 kB
NFS_Unstable:          0 kB
Bounce:                0 kB
WritebackTmp:          0 kB
CommitLimit:     2171488 kB
Committed_AS:   114551408 kB
VmallocTotal:   251658176 kB
VmallocUsed:      135280 kB
VmallocChunk:   251417644 kB
Time pass: 286 sec

---2015-11-24 19:37:49
MemTotal:        2899420 kB
MemFree:           85424 kB
Buffers:           16900 kB
Cached:           977888 kB
SwapCached:           44 kB
Active:          1320276 kB
Inactive:         692720 kB
Active(anon):     827160 kB
Inactive(anon):   206648 kB
Active(file):     493116 kB
Inactive(file):   486072 kB
Unevictable:       13556 kB
Mlocked:               0 kB
SwapTotal:        721780 kB
SwapFree:         718576 kB
Dirty:                48 kB
Writeback:             0 kB
AnonPages:       1031624 kB
Mapped:           617204 kB
Shmem:              2044 kB
Slab:              97620 kB
SReclaimable:      31856 kB
SUnreclaim:        65764 kB
KernelStack:       38048 kB
PageTables:        48892 kB
NFS_Unstable:          0 kB
Bounce:                0 kB
WritebackTmp:          0 kB
CommitLimit:     2171488 kB
Committed_AS:   114551408 kB
VmallocTotal:   251658176 kB
VmallocUsed:      135280 kB
VmallocChunk:   251417644 kB
Time pass: 289 sec

---2015-11-24 19:37:49
MemTotal:        2899420 kB
MemFree:           84680 kB
Buffers:           16900 kB
Cached:           977888 kB
SwapCached:           44 kB
Active:          1321416 kB
Inactive:         692720 kB
Active(anon):     828300 kB
Inactive(anon):   206648 kB
Active(file):     493116 kB
Inactive(file):   486072 kB
Unevictable:       13556 kB
Mlocked:               0 kB
SwapTotal:        721780 kB
SwapFree:         718576 kB
Dirty:                48 kB
Writeback:             0 kB
AnonPages:       1033088 kB
Mapped:           617244 kB
Shmem:              2044 kB
Slab:              97660 kB
SReclaimable:      31856 kB
SUnreclaim:        65804 kB
KernelStack:       38064 kB
PageTables:        48892 kB
NFS_Unstable:          0 kB
Bounce:                0 kB
WritebackTmp:          0 kB
CommitLimit:     2171488 kB
Committed_AS:   114551392 kB
VmallocTotal:   251658176 kB
VmallocUsed:      135280 kB
VmallocChunk:   251417644 kB
Time pass: 293 sec

---2015-11-24 19:37:49
MemTotal:        2899420 kB
MemFree:           83200 kB
Buffers:           16924 kB
Cached:           977872 kB
SwapCached:           44 kB
Active:          1322016 kB
Inactive:         692728 kB
Active(anon):     828900 kB
Inactive(anon):   206648 kB
Active(file):     493116 kB
Inactive(file):   486080 kB
Unevictable:       13556 kB
Mlocked:               0 kB
SwapTotal:        721780 kB
SwapFree:         718576 kB
Dirty:                36 kB
Writeback:             0 kB
AnonPages:       1033628 kB
Mapped:           617216 kB
Shmem:              2044 kB
Slab:              97620 kB
SReclaimable:      31856 kB
SUnreclaim:        65764 kB
KernelStack:       38080 kB
PageTables:        48888 kB
NFS_Unstable:          0 kB
Bounce:                0 kB
WritebackTmp:          0 kB
CommitLimit:     2171488 kB
Committed_AS:   114551400 kB
VmallocTotal:   251658176 kB
VmallocUsed:      135280 kB
VmallocChunk:   251417644 kB
Time pass: 297 sec

---2015-11-24 19:37:49
MemTotal:        2899420 kB
MemFree:           83132 kB
Buffers:           16924 kB
Cached:           977888 kB
SwapCached:           44 kB
Active:          1321884 kB
Inactive:         692744 kB
Active(anon):     828768 kB
Inactive(anon):   206648 kB
Active(file):     493116 kB
Inactive(file):   486096 kB
Unevictable:       13556 kB
Mlocked:               0 kB
SwapTotal:        721780 kB
SwapFree:         718576 kB
Dirty:                 0 kB
Writeback:             0 kB
AnonPages:       1033688 kB
Mapped:           617252 kB
Shmem:              2044 kB
Slab:              97620 kB
SReclaimable:      31856 kB
SUnreclaim:        65764 kB
KernelStack:       38048 kB
PageTables:        48892 kB
NFS_Unstable:          0 kB
Bounce:                0 kB
WritebackTmp:          0 kB
CommitLimit:     2171488 kB
Committed_AS:   114551408 kB
VmallocTotal:   251658176 kB
VmallocUsed:      135280 kB
VmallocChunk:   251417644 kB
Time pass: 300 sec

---2015-11-24 19:37:49
MemTotal:        2899420 kB
MemFree:           83036 kB
Buffers:           16948 kB
Cached:           977872 kB
SwapCached:           44 kB
Active:          1322972 kB
Inactive:         692752 kB
Active(anon):     829856 kB
Inactive(anon):   206648 kB
Active(file):     493116 kB
Inactive(file):   486104 kB
Unevictable:       13556 kB
Mlocked:               0 kB
SwapTotal:        721780 kB
SwapFree:         718576 kB
Dirty:                32 kB
Writeback:             0 kB
AnonPages:       1034628 kB
Mapped:           617328 kB
Shmem:              2044 kB
Slab:              97792 kB
SReclaimable:      31872 kB
SUnreclaim:        65920 kB
KernelStack:       38048 kB
PageTables:        48888 kB
NFS_Unstable:          0 kB
Bounce:                0 kB
WritebackTmp:          0 kB
CommitLimit:     2171488 kB
Committed_AS:   114551416 kB
VmallocTotal:   251658176 kB
VmallocUsed:      135280 kB
VmallocChunk:   251417644 kB
Time pass: 304 sec

---2015-11-24 19:37:49
MemTotal:        2899420 kB
MemFree:           82816 kB
Buffers:           16948 kB
Cached:           977888 kB
SwapCached:           44 kB
Active:          1322872 kB
Inactive:         692768 kB
Active(anon):     829756 kB
Inactive(anon):   206648 kB
Active(file):     493116 kB
Inactive(file):   486120 kB
Unevictable:       13556 kB
Mlocked:               0 kB
SwapTotal:        721780 kB
SwapFree:         718576 kB
Dirty:                40 kB
Writeback:             0 kB
AnonPages:       1034448 kB
Mapped:           617356 kB
Shmem:              2044 kB
Slab:              97644 kB
SReclaimable:      31872 kB
SUnreclaim:        65772 kB
KernelStack:       38048 kB
PageTables:        48896 kB
NFS_Unstable:          0 kB
Bounce:                0 kB
WritebackTmp:          0 kB
CommitLimit:     2171488 kB
Committed_AS:   114551408 kB
VmallocTotal:   251658176 kB
VmallocUsed:      135280 kB
VmallocChunk:   251417644 kB
Time pass: 308 sec

---2015-11-24 19:37:49
MemTotal:        2899420 kB
MemFree:           82220 kB
Buffers:           16956 kB
Cached:           977888 kB
SwapCached:           44 kB
Active:          1323224 kB
Inactive:         692776 kB
Active(anon):     830108 kB
Inactive(anon):   206648 kB
Active(file):     493116 kB
Inactive(file):   486128 kB
Unevictable:       13556 kB
Mlocked:               0 kB
SwapTotal:        721780 kB
SwapFree:         718576 kB
Dirty:                72 kB
Writeback:             0 kB
AnonPages:       1034468 kB
Mapped:           617388 kB
Shmem:              2044 kB
Slab:              97640 kB
SReclaimable:      31872 kB
SUnreclaim:        65768 kB
KernelStack:       38048 kB
PageTables:        48888 kB
NFS_Unstable:          0 kB
Bounce:                0 kB
WritebackTmp:          0 kB
CommitLimit:     2171488 kB
Committed_AS:   114551440 kB
VmallocTotal:   251658176 kB
VmallocUsed:      135280 kB
VmallocChunk:   251417644 kB
Time pass: 312 sec

---2015-11-24 19:37:49
MemTotal:        2899420 kB
MemFree:           81888 kB
Buffers:           16972 kB
Cached:           977888 kB
SwapCached:           44 kB
Active:          1323564 kB
Inactive:         692792 kB
Active(anon):     830448 kB
Inactive(anon):   206648 kB
Active(file):     493116 kB
Inactive(file):   486144 kB
Unevictable:       13556 kB
Mlocked:               0 kB
SwapTotal:        721780 kB
SwapFree:         718576 kB
Dirty:                92 kB
Writeback:             0 kB
AnonPages:       1035080 kB
Mapped:           617420 kB
Shmem:              2044 kB
Slab:              97640 kB
SReclaimable:      31872 kB
SUnreclaim:        65768 kB
KernelStack:       38048 kB
PageTables:        48892 kB
NFS_Unstable:          0 kB
Bounce:                0 kB
WritebackTmp:          0 kB
CommitLimit:     2171488 kB
Committed_AS:   114551384 kB
VmallocTotal:   251658176 kB
VmallocUsed:      135280 kB
VmallocChunk:   251417644 kB
Time pass: 315 sec

---2015-11-24 19:37:49
MemTotal:        2899420 kB
MemFree:           81556 kB
Buffers:           16988 kB
Cached:           977888 kB
SwapCached:           44 kB
Active:          1324292 kB
Inactive:         692800 kB
Active(anon):     831176 kB
Inactive(anon):   206640 kB
Active(file):     493116 kB
Inactive(file):   486160 kB
Unevictable:       13556 kB
Mlocked:               0 kB
SwapTotal:        721780 kB
SwapFree:         718576 kB
Dirty:                44 kB
Writeback:             0 kB
AnonPages:       1035600 kB
Mapped:           617448 kB
Shmem:              2044 kB
Slab:              97648 kB
SReclaimable:      31872 kB
SUnreclaim:        65776 kB
KernelStack:       38048 kB
PageTables:        48888 kB
NFS_Unstable:          0 kB
Bounce:                0 kB
WritebackTmp:          0 kB
CommitLimit:     2171488 kB
Committed_AS:   114551392 kB
VmallocTotal:   251658176 kB
VmallocUsed:      135280 kB
VmallocChunk:   251417644 kB
Time pass: 319 sec

---2015-11-24 19:37:49
MemTotal:        2899420 kB
MemFree:           81092 kB
Buffers:           16996 kB
Cached:           977888 kB
SwapCached:           44 kB
Active:          1324344 kB
Inactive:         692792 kB
Active(anon):     831228 kB
Inactive(anon):   206628 kB
Active(file):     493116 kB
Inactive(file):   486164 kB
Unevictable:       13556 kB
Mlocked:               0 kB
SwapTotal:        721780 kB
SwapFree:         718576 kB
Dirty:                32 kB
Writeback:             0 kB
AnonPages:       1035676 kB
Mapped:           617480 kB
Shmem:              2044 kB
Slab:              97644 kB
SReclaimable:      31872 kB
SUnreclaim:        65772 kB
KernelStack:       38032 kB
PageTables:        48884 kB
NFS_Unstable:          0 kB
Bounce:                0 kB
WritebackTmp:          0 kB
CommitLimit:     2171488 kB
Committed_AS:   114551368 kB
VmallocTotal:   251658176 kB
VmallocUsed:      135280 kB
VmallocChunk:   251417644 kB
Time pass: 323 sec

---2015-11-24 19:37:49
MemTotal:        2899420 kB
MemFree:           80756 kB
Buffers:           17012 kB
Cached:           977888 kB
SwapCached:           44 kB
Active:          1324472 kB
Inactive:         692812 kB
Active(anon):     831356 kB
Inactive(anon):   206628 kB
Active(file):     493116 kB
Inactive(file):   486184 kB
Unevictable:       13556 kB
Mlocked:               0 kB
SwapTotal:        721780 kB
SwapFree:         718576 kB
Dirty:                40 kB
Writeback:             0 kB
AnonPages:       1036172 kB
Mapped:           617508 kB
Shmem:              2044 kB
Slab:              97648 kB
SReclaimable:      31872 kB
SUnreclaim:        65776 kB
KernelStack:       38048 kB
PageTables:        48884 kB
NFS_Unstable:          0 kB
Bounce:                0 kB
WritebackTmp:          0 kB
CommitLimit:     2171488 kB
Committed_AS:   114551364 kB
VmallocTotal:   251658176 kB
VmallocUsed:      135280 kB
VmallocChunk:   251417644 kB
Time pass: 328 sec

---2015-11-24 19:37:49
MemTotal:        2899420 kB
MemFree:           80344 kB
Buffers:           17020 kB
Cached:           977888 kB
SwapCached:           44 kB
Active:          1324604 kB
Inactive:         692820 kB
Active(anon):     831488 kB
Inactive(anon):   206628 kB
Active(file):     493116 kB
Inactive(file):   486192 kB
Unevictable:       13556 kB
Mlocked:               0 kB
SwapTotal:        721780 kB
SwapFree:         718576 kB
Dirty:                32 kB
Writeback:             0 kB
AnonPages:       1035932 kB
Mapped:           617540 kB
Shmem:              2044 kB
Slab:              97688 kB
SReclaimable:      31872 kB
SUnreclaim:        65816 kB
KernelStack:       38032 kB
PageTables:        48880 kB
NFS_Unstable:          0 kB
Bounce:                0 kB
WritebackTmp:          0 kB
CommitLimit:     2171488 kB
Committed_AS:   114551384 kB
VmallocTotal:   251658176 kB
VmallocUsed:      135280 kB
VmallocChunk:   251417644 kB
Time pass: 331 sec

---2015-11-24 19:37:49
MemTotal:        2899420 kB
MemFree:           80584 kB
Buffers:           17052 kB
Cached:           978616 kB
SwapCached:           44 kB
Active:          1323984 kB
Inactive:         693576 kB
Active(anon):     830868 kB
Inactive(anon):   206624 kB
Active(file):     493116 kB
Inactive(file):   486952 kB
Unevictable:       13556 kB
Mlocked:               0 kB
SwapTotal:        721780 kB
SwapFree:         718576 kB
Dirty:               132 kB
Writeback:             0 kB
AnonPages:       1035344 kB
Mapped:           617580 kB
Shmem:              2044 kB
Slab:              97676 kB
SReclaimable:      31872 kB
SUnreclaim:        65804 kB
KernelStack:       38048 kB
PageTables:        48860 kB
NFS_Unstable:          0 kB
Bounce:                0 kB
WritebackTmp:          0 kB
CommitLimit:     2171488 kB
Committed_AS:   114551480 kB
VmallocTotal:   251658176 kB
VmallocUsed:      135280 kB
VmallocChunk:   251417644 kB
Time pass: 336 sec

---2015-11-24 19:37:49
MemTotal:        2899420 kB
MemFree:           89024 kB
Buffers:           17068 kB
Cached:           978612 kB
SwapCached:           44 kB
Active:          1315504 kB
Inactive:         693584 kB
Active(anon):     822388 kB
Inactive(anon):   206624 kB
Active(file):     493116 kB
Inactive(file):   486960 kB
Unevictable:       13556 kB
Mlocked:               0 kB
SwapTotal:        721780 kB
SwapFree:         718576 kB
Dirty:                20 kB
Writeback:             0 kB
AnonPages:       1026852 kB
Mapped:           617712 kB
Shmem:              2044 kB
Slab:              97648 kB
SReclaimable:      31872 kB
SUnreclaim:        65776 kB
KernelStack:       38032 kB
PageTables:        48880 kB
NFS_Unstable:          0 kB
Bounce:                0 kB
WritebackTmp:          0 kB
CommitLimit:     2171488 kB
Committed_AS:   114551560 kB
VmallocTotal:   251658176 kB
VmallocUsed:      135280 kB
VmallocChunk:   251417644 kB
Time pass: 340 sec

---2015-11-24 19:37:49
MemTotal:        2899420 kB
MemFree:           88812 kB
Buffers:           17084 kB
Cached:           978608 kB
SwapCached:           44 kB
Active:          1316000 kB
Inactive:         693608 kB
Active(anon):     822892 kB
Inactive(anon):   206624 kB
Active(file):     493108 kB
Inactive(file):   486984 kB
Unevictable:       13556 kB
Mlocked:               0 kB
SwapTotal:        721780 kB
SwapFree:         718576 kB
Dirty:                76 kB
Writeback:             0 kB
AnonPages:       1027308 kB
Mapped:           617724 kB
Shmem:              2044 kB
Slab:              97652 kB
SReclaimable:      31872 kB
SUnreclaim:        65780 kB
KernelStack:       38032 kB
PageTables:        48892 kB
NFS_Unstable:          0 kB
Bounce:                0 kB
WritebackTmp:          0 kB
CommitLimit:     2171488 kB
Committed_AS:   114551512 kB
VmallocTotal:   251658176 kB
VmallocUsed:      135280 kB
VmallocChunk:   251417644 kB
Time pass: 343 sec

---2015-11-24 19:37:49
MemTotal:        2899420 kB
MemFree:           88552 kB
Buffers:           17092 kB
Cached:           978616 kB
SwapCached:           44 kB
Active:          1316332 kB
Inactive:         693616 kB
Active(anon):     823216 kB
Inactive(anon):   206624 kB
Active(file):     493116 kB
Inactive(file):   486992 kB
Unevictable:       13556 kB
Mlocked:               0 kB
SwapTotal:        721780 kB
SwapFree:         718576 kB
Dirty:                32 kB
Writeback:             0 kB
AnonPages:       1027892 kB
Mapped:           617756 kB
Shmem:              2044 kB
Slab:              97688 kB
SReclaimable:      31872 kB
SUnreclaim:        65816 kB
KernelStack:       38032 kB
PageTables:        48884 kB
NFS_Unstable:          0 kB
Bounce:                0 kB
WritebackTmp:          0 kB
CommitLimit:     2171488 kB
Committed_AS:   114551488 kB
VmallocTotal:   251658176 kB
VmallocUsed:      135280 kB
VmallocChunk:   251417644 kB
Time pass: 347 sec

---2015-11-24 19:37:49
MemTotal:        2899420 kB
MemFree:           87856 kB
Buffers:           17108 kB
Cached:           978616 kB
SwapCached:           44 kB
Active:          1316448 kB
Inactive:         693632 kB
Active(anon):     823332 kB
Inactive(anon):   206624 kB
Active(file):     493116 kB
Inactive(file):   487008 kB
Unevictable:       13556 kB
Mlocked:               0 kB
SwapTotal:        721780 kB
SwapFree:         718576 kB
Dirty:                 0 kB
Writeback:            12 kB
AnonPages:       1027904 kB
Mapped:           617864 kB
Shmem:              2044 kB
Slab:              97848 kB
SReclaimable:      31872 kB
SUnreclaim:        65976 kB
KernelStack:       38032 kB
PageTables:        48904 kB
NFS_Unstable:          0 kB
Bounce:                0 kB
WritebackTmp:          0 kB
CommitLimit:     2171488 kB
Committed_AS:   114551496 kB
VmallocTotal:   251658176 kB
VmallocUsed:      135280 kB
VmallocChunk:   251417644 kB
Time pass: 351 sec

---2015-11-24 19:37:49
MemTotal:        2899420 kB
MemFree:           87652 kB
Buffers:           17124 kB
Cached:           978616 kB
SwapCached:           44 kB
Active:          1316792 kB
Inactive:         693648 kB
Active(anon):     823676 kB
Inactive(anon):   206624 kB
Active(file):     493116 kB
Inactive(file):   487024 kB
Unevictable:       13556 kB
Mlocked:               0 kB
SwapTotal:        721780 kB
SwapFree:         718576 kB
Dirty:                44 kB
Writeback:             0 kB
AnonPages:       1028268 kB
Mapped:           617880 kB
Shmem:              2044 kB
Slab:              97692 kB
SReclaimable:      31888 kB
SUnreclaim:        65804 kB
KernelStack:       38032 kB
PageTables:        48920 kB
NFS_Unstable:          0 kB
Bounce:                0 kB
WritebackTmp:          0 kB
CommitLimit:     2171488 kB
Committed_AS:   114551496 kB
VmallocTotal:   251658176 kB
VmallocUsed:      135280 kB
VmallocChunk:   251417644 kB
Time pass: 355 sec

---2015-11-24 19:37:49
MemTotal:        2899420 kB
MemFree:           87644 kB
Buffers:           17132 kB
Cached:           978608 kB
SwapCached:           44 kB
Active:          1316944 kB
Inactive:         693648 kB
Active(anon):     823828 kB
Inactive(anon):   206624 kB
Active(file):     493116 kB
Inactive(file):   487024 kB
Unevictable:       13556 kB
Mlocked:               0 kB
SwapTotal:        721780 kB
SwapFree:         718576 kB
Dirty:                 0 kB
Writeback:             0 kB
AnonPages:       1028260 kB
Mapped:           617880 kB
Shmem:              2044 kB
Slab:              97836 kB
SReclaimable:      31888 kB
SUnreclaim:        65948 kB
KernelStack:       38032 kB
PageTables:        48916 kB
NFS_Unstable:          0 kB
Bounce:                0 kB
WritebackTmp:          0 kB
CommitLimit:     2171488 kB
Committed_AS:   114551496 kB
VmallocTotal:   251658176 kB
VmallocUsed:      135280 kB
VmallocChunk:   251417644 kB
Time pass: 359 sec

---2015-11-24 19:37:49
MemTotal:        2899420 kB
MemFree:           87748 kB
Buffers:           17148 kB
Cached:           978616 kB
SwapCached:           44 kB
Active:          1317164 kB
Inactive:         693672 kB
Active(anon):     824048 kB
Inactive(anon):   206624 kB
Active(file):     493116 kB
Inactive(file):   487048 kB
Unevictable:       13556 kB
Mlocked:               0 kB
SwapTotal:        721780 kB
SwapFree:         718576 kB
Dirty:                44 kB
Writeback:             0 kB
AnonPages:       1028436 kB
Mapped:           617880 kB
Shmem:              2044 kB
Slab:              97692 kB
SReclaimable:      31888 kB
SUnreclaim:        65804 kB
KernelStack:       38032 kB
PageTables:        48920 kB
NFS_Unstable:          0 kB
Bounce:                0 kB
WritebackTmp:          0 kB
CommitLimit:     2171488 kB
Committed_AS:   114551504 kB
VmallocTotal:   251658176 kB
VmallocUsed:      135280 kB
VmallocChunk:   251417644 kB
Time pass: 363 sec

---2015-11-24 19:37:49
MemTotal:        2899420 kB
MemFree:           87444 kB
Buffers:           17180 kB
Cached:           978680 kB
SwapCached:           44 kB
Active:          1317064 kB
Inactive:         693740 kB
Active(anon):     823920 kB
Inactive(anon):   206624 kB
Active(file):     493144 kB
Inactive(file):   487116 kB
Unevictable:       13556 kB
Mlocked:               0 kB
SwapTotal:        721780 kB
SwapFree:         718576 kB
Dirty:                76 kB
Writeback:             0 kB
AnonPages:       1028688 kB
Mapped:           617808 kB
Shmem:              2044 kB
Slab:              97728 kB
SReclaimable:      31888 kB
SUnreclaim:        65840 kB
KernelStack:       38032 kB
PageTables:        48888 kB
NFS_Unstable:          0 kB
Bounce:                0 kB
WritebackTmp:          0 kB
CommitLimit:     2171488 kB
Committed_AS:   114551496 kB
VmallocTotal:   251658176 kB
VmallocUsed:      135280 kB
VmallocChunk:   251417644 kB
Time pass: 366 sec

---2015-11-24 19:37:49
MemTotal:        2899420 kB
MemFree:           86652 kB
Buffers:           17220 kB
Cached:           978720 kB
SwapCached:           44 kB
Active:          1317964 kB
Inactive:         693820 kB
Active(anon):     824820 kB
Inactive(anon):   206624 kB
Active(file):     493144 kB
Inactive(file):   487196 kB
Unevictable:       13556 kB
Mlocked:               0 kB
SwapTotal:        721780 kB
SwapFree:         718576 kB
Dirty:                68 kB
Writeback:             0 kB
AnonPages:       1029480 kB
Mapped:           617904 kB
Shmem:              2044 kB
Slab:              97680 kB
SReclaimable:      31888 kB
SUnreclaim:        65792 kB
KernelStack:       38032 kB
PageTables:        48920 kB
NFS_Unstable:          0 kB
Bounce:                0 kB
WritebackTmp:          0 kB
CommitLimit:     2171488 kB
Committed_AS:   114551520 kB
VmallocTotal:   251658176 kB
VmallocUsed:      135280 kB
VmallocChunk:   251417644 kB
Time pass: 370 sec

---2015-11-24 19:37:49
MemTotal:        2899420 kB
MemFree:           86220 kB
Buffers:           17228 kB
Cached:           978732 kB
SwapCached:           44 kB
Active:          1317668 kB
Inactive:         693840 kB
Active(anon):     824524 kB
Inactive(anon):   206624 kB
Active(file):     493144 kB
Inactive(file):   487216 kB
Unevictable:       13556 kB
Mlocked:               0 kB
SwapTotal:        721780 kB
SwapFree:         718576 kB
Dirty:               144 kB
Writeback:             0 kB
AnonPages:       1029232 kB
Mapped:           617780 kB
Shmem:              2044 kB
Slab:              97808 kB
SReclaimable:      31888 kB
SUnreclaim:        65920 kB
KernelStack:       38032 kB
PageTables:        48888 kB
NFS_Unstable:          0 kB
Bounce:                0 kB
WritebackTmp:          0 kB
CommitLimit:     2171488 kB
Committed_AS:   114551552 kB
VmallocTotal:   251658176 kB
VmallocUsed:      135280 kB
VmallocChunk:   251417644 kB
Time pass: 374 sec

---2015-11-24 19:37:49
MemTotal:        2899420 kB
MemFree:           86672 kB
Buffers:           17252 kB
Cached:           978732 kB
SwapCached:           44 kB
Active:          1318048 kB
Inactive:         693864 kB
Active(anon):     824904 kB
Inactive(anon):   206624 kB
Active(file):     493144 kB
Inactive(file):   487240 kB
Unevictable:       13556 kB
Mlocked:               0 kB
SwapTotal:        721780 kB
SwapFree:         718576 kB
Dirty:                48 kB
Writeback:             0 kB
AnonPages:       1029700 kB
Mapped:           617780 kB
Shmem:              2044 kB
Slab:              97820 kB
SReclaimable:      31888 kB
SUnreclaim:        65932 kB
KernelStack:       38048 kB
PageTables:        48880 kB
NFS_Unstable:          0 kB
Bounce:                0 kB
WritebackTmp:          0 kB
CommitLimit:     2171488 kB
Committed_AS:   114551512 kB
VmallocTotal:   251658176 kB
VmallocUsed:      135280 kB
VmallocChunk:   251417644 kB
Time pass: 377 sec

---2015-11-24 19:37:49
MemTotal:        2899420 kB
MemFree:           86740 kB
Buffers:           17268 kB
Cached:           978732 kB
SwapCached:           44 kB
Active:          1318044 kB
Inactive:         693876 kB
Active(anon):     824900 kB
Inactive(anon):   206624 kB
Active(file):     493144 kB
Inactive(file):   487252 kB
Unevictable:       13556 kB
Mlocked:               0 kB
SwapTotal:        721780 kB
SwapFree:         718576 kB
Dirty:                 0 kB
Writeback:             0 kB
AnonPages:       1029704 kB
Mapped:           617784 kB
Shmem:              2044 kB
Slab:              97824 kB
SReclaimable:      31888 kB
SUnreclaim:        65936 kB
KernelStack:       38032 kB
PageTables:        48884 kB
NFS_Unstable:          0 kB
Bounce:                0 kB
WritebackTmp:          0 kB
CommitLimit:     2171488 kB
Committed_AS:   114551512 kB
VmallocTotal:   251658176 kB
VmallocUsed:      135280 kB
VmallocChunk:   251417644 kB
Time pass: 381 sec

---2015-11-24 19:37:49
MemTotal:        2899420 kB
MemFree:           86552 kB
Buffers:           17268 kB
Cached:           978732 kB
SwapCached:           44 kB
Active:          1318100 kB
Inactive:         693880 kB
Active(anon):     824956 kB
Inactive(anon):   206624 kB
Active(file):     493144 kB
Inactive(file):   487256 kB
Unevictable:       13556 kB
Mlocked:               0 kB
SwapTotal:        721780 kB
SwapFree:         718576 kB
Dirty:                 0 kB
Writeback:             0 kB
AnonPages:       1029480 kB
Mapped:           617824 kB
Shmem:              2044 kB
Slab:              97664 kB
SReclaimable:      31888 kB
SUnreclaim:        65776 kB
KernelStack:       38032 kB
PageTables:        48888 kB
NFS_Unstable:          0 kB
Bounce:                0 kB
WritebackTmp:          0 kB
CommitLimit:     2171488 kB
Committed_AS:   114551512 kB
VmallocTotal:   251658176 kB
VmallocUsed:      135280 kB
VmallocChunk:   251417644 kB
Time pass: 385 sec

---2015-11-24 19:37:49
MemTotal:        2899420 kB
MemFree:           86104 kB
Buffers:           17292 kB
Cached:           978732 kB
SwapCached:           44 kB
Active:          1318524 kB
Inactive:         693904 kB
Active(anon):     825380 kB
Inactive(anon):   206624 kB
Active(file):     493144 kB
Inactive(file):   487280 kB
Unevictable:       13556 kB
Mlocked:               0 kB
SwapTotal:        721780 kB
SwapFree:         718576 kB
Dirty:                40 kB
Writeback:             0 kB
AnonPages:       1029852 kB
Mapped:           617908 kB
Shmem:              2044 kB
Slab:              97828 kB
SReclaimable:      31888 kB
SUnreclaim:        65940 kB
KernelStack:       38032 kB
PageTables:        48924 kB
NFS_Unstable:          0 kB
Bounce:                0 kB
WritebackTmp:          0 kB
CommitLimit:     2171488 kB
Committed_AS:   114551496 kB
VmallocTotal:   251658176 kB
VmallocUsed:      135280 kB
VmallocChunk:   251417644 kB
Time pass: 389 sec

---2015-11-24 19:37:49
MemTotal:        2899420 kB
MemFree:           85744 kB
Buffers:           17300 kB
Cached:           978724 kB
SwapCached:           44 kB
Active:          1318920 kB
Inactive:         693904 kB
Active(anon):     825776 kB
Inactive(anon):   206624 kB
Active(file):     493144 kB
Inactive(file):   487280 kB
Unevictable:       13556 kB
Mlocked:               0 kB
SwapTotal:        721780 kB
SwapFree:         718576 kB
Dirty:                 0 kB
Writeback:             0 kB
AnonPages:       1030208 kB
Mapped:           617908 kB
Shmem:              2044 kB
Slab:              97672 kB
SReclaimable:      31888 kB
SUnreclaim:        65784 kB
KernelStack:       38016 kB
PageTables:        48916 kB
NFS_Unstable:          0 kB
Bounce:                0 kB
WritebackTmp:          0 kB
CommitLimit:     2171488 kB
Committed_AS:   114551512 kB
VmallocTotal:   251658176 kB
VmallocUsed:      135280 kB
VmallocChunk:   251417644 kB
Time pass: 393 sec

---2015-11-24 19:37:49
MemTotal:        2899420 kB
MemFree:           84520 kB
Buffers:           17324 kB
Cached:           978732 kB
SwapCached:           44 kB
Active:          1319912 kB
Inactive:         693936 kB
Active(anon):     826768 kB
Inactive(anon):   206624 kB
Active(file):     493144 kB
Inactive(file):   487312 kB
Unevictable:       13556 kB
Mlocked:               0 kB
SwapTotal:        721780 kB
SwapFree:         718576 kB
Dirty:               124 kB
Writeback:             0 kB
AnonPages:       1031376 kB
Mapped:           617824 kB
Shmem:              2044 kB
Slab:              97672 kB
SReclaimable:      31888 kB
SUnreclaim:        65784 kB
KernelStack:       38032 kB
PageTables:        48888 kB
NFS_Unstable:          0 kB
Bounce:                0 kB
WritebackTmp:          0 kB
CommitLimit:     2171488 kB
Committed_AS:   114551504 kB
VmallocTotal:   251658176 kB
VmallocUsed:      135280 kB
VmallocChunk:   251417644 kB
Time pass: 397 sec

---2015-11-24 19:37:49
MemTotal:        2899420 kB
MemFree:           84276 kB
Buffers:           17324 kB
Cached:           978732 kB
SwapCached:           44 kB
Active:          1320944 kB
Inactive:         693936 kB
Active(anon):     827800 kB
Inactive(anon):   206624 kB
Active(file):     493144 kB
Inactive(file):   487312 kB
Unevictable:       13556 kB
Mlocked:               0 kB
SwapTotal:        721780 kB
SwapFree:         718576 kB
Dirty:                 0 kB
Writeback:             0 kB
AnonPages:       1032532 kB
Mapped:           617908 kB
Shmem:              2044 kB
Slab:              97672 kB
SReclaimable:      31888 kB
SUnreclaim:        65784 kB
KernelStack:       38064 kB
PageTables:        48912 kB
NFS_Unstable:          0 kB
Bounce:                0 kB
WritebackTmp:          0 kB
CommitLimit:     2171488 kB
Committed_AS:   114551512 kB
VmallocTotal:   251658176 kB
VmallocUsed:      135280 kB
VmallocChunk:   251417644 kB
Time pass: 401 sec

---2015-11-24 19:37:49
MemTotal:        2899420 kB
MemFree:           84372 kB
Buffers:           17348 kB
Cached:           978732 kB
SwapCached:           44 kB
Active:          1320484 kB
Inactive:         693960 kB
Active(anon):     827340 kB
Inactive(anon):   206624 kB
Active(file):     493144 kB
Inactive(file):   487336 kB
Unevictable:       13556 kB
Mlocked:               0 kB
SwapTotal:        721780 kB
SwapFree:         718576 kB
Dirty:                36 kB
Writeback:             0 kB
AnonPages:       1031940 kB
Mapped:           617908 kB
Shmem:              2044 kB
Slab:              97692 kB
SReclaimable:      31888 kB
SUnreclaim:        65804 kB
KernelStack:       38048 kB
PageTables:        48920 kB
NFS_Unstable:          0 kB
Bounce:                0 kB
WritebackTmp:          0 kB
CommitLimit:     2171488 kB
Committed_AS:   114551488 kB
VmallocTotal:   251658176 kB
VmallocUsed:      135280 kB
VmallocChunk:   251417644 kB
Time pass: 405 sec

---2015-11-24 19:37:49
MemTotal:        2899420 kB
MemFree:           83632 kB
Buffers:           17348 kB
Cached:           978732 kB
SwapCached:           44 kB
Active:          1320776 kB
Inactive:         693960 kB
Active(anon):     827632 kB
Inactive(anon):   206624 kB
Active(file):     493144 kB
Inactive(file):   487336 kB
Unevictable:       13556 kB
Mlocked:               0 kB
SwapTotal:        721780 kB
SwapFree:         718576 kB
Dirty:                36 kB
Writeback:             0 kB
AnonPages:       1032364 kB
Mapped:           617824 kB
Shmem:              2044 kB
Slab:              97664 kB
SReclaimable:      31888 kB
SUnreclaim:        65776 kB
KernelStack:       38032 kB
PageTables:        48876 kB
NFS_Unstable:          0 kB
Bounce:                0 kB
WritebackTmp:          0 kB
CommitLimit:     2171488 kB
Committed_AS:   114551448 kB
VmallocTotal:   251658176 kB
VmallocUsed:      135280 kB
VmallocChunk:   251417644 kB
Time pass: 409 sec

---2015-11-24 19:37:49
MemTotal:        2899420 kB
MemFree:           82880 kB
Buffers:           17372 kB
Cached:           978724 kB
SwapCached:           44 kB
Active:          1321116 kB
Inactive:         693972 kB
Active(anon):     827972 kB
Inactive(anon):   206624 kB
Active(file):     493144 kB
Inactive(file):   487348 kB
Unevictable:       13556 kB
Mlocked:               0 kB
SwapTotal:        721780 kB
SwapFree:         718576 kB
Dirty:                32 kB
Writeback:             0 kB
AnonPages:       1032280 kB
Mapped:           617824 kB
Shmem:              2044 kB
Slab:              97812 kB
SReclaimable:      31888 kB
SUnreclaim:        65924 kB
KernelStack:       38064 kB
PageTables:        48888 kB
NFS_Unstable:          0 kB
Bounce:                0 kB
WritebackTmp:          0 kB
CommitLimit:     2171488 kB
Committed_AS:   114551492 kB
VmallocTotal:   251658176 kB
VmallocUsed:      135280 kB
VmallocChunk:   251417644 kB
Time pass: 413 sec

---2015-11-24 19:37:49
MemTotal:        2899420 kB
MemFree:           83008 kB
Buffers:           17388 kB
Cached:           978716 kB
SwapCached:           44 kB
Active:          1321744 kB
Inactive:         693984 kB
Active(anon):     828600 kB
Inactive(anon):   206624 kB
Active(file):     493144 kB
Inactive(file):   487360 kB
Unevictable:       13556 kB
Mlocked:               0 kB
SwapTotal:        721780 kB
SwapFree:         718576 kB
Dirty:                 0 kB
Writeback:             0 kB
AnonPages:       1033200 kB
Mapped:           617824 kB
Shmem:              2044 kB
Slab:              97656 kB
SReclaimable:      31888 kB
SUnreclaim:        65768 kB
KernelStack:       38048 kB
PageTables:        48892 kB
NFS_Unstable:          0 kB
Bounce:                0 kB
WritebackTmp:          0 kB
CommitLimit:     2171488 kB
Committed_AS:   114551496 kB
VmallocTotal:   251658176 kB
VmallocUsed:      135280 kB
VmallocChunk:   251417644 kB
Time pass: 417 sec

---2015-11-24 19:37:49
MemTotal:        2899420 kB
MemFree:           82444 kB
Buffers:           17388 kB
Cached:           978732 kB
SwapCached:           44 kB
Active:          1321980 kB
Inactive:         694000 kB
Active(anon):     828836 kB
Inactive(anon):   206624 kB
Active(file):     493144 kB
Inactive(file):   487376 kB
Unevictable:       13556 kB
Mlocked:               0 kB
SwapTotal:        721780 kB
SwapFree:         718576 kB
Dirty:                40 kB
Writeback:             0 kB
AnonPages:       1033292 kB
Mapped:           617952 kB
Shmem:              2044 kB
Slab:              97656 kB
SReclaimable:      31888 kB
SUnreclaim:        65768 kB
KernelStack:       38064 kB
PageTables:        48948 kB
NFS_Unstable:          0 kB
Bounce:                0 kB
WritebackTmp:          0 kB
CommitLimit:     2171488 kB
Committed_AS:   114551504 kB
VmallocTotal:   251658176 kB
VmallocUsed:      135280 kB
VmallocChunk:   251417644 kB
Time pass: 420 sec

---2015-11-24 19:37:49
MemTotal:        2899420 kB
MemFree:           82036 kB
Buffers:           17412 kB
Cached:           978716 kB
SwapCached:           44 kB
Active:          1322468 kB
Inactive:         694008 kB
Active(anon):     829324 kB
Inactive(anon):   206624 kB
Active(file):     493144 kB
Inactive(file):   487384 kB
Unevictable:       13556 kB
Mlocked:               0 kB
SwapTotal:        721780 kB
SwapFree:         718576 kB
Dirty:                32 kB
Writeback:             0 kB
AnonPages:       1033692 kB
Mapped:           617824 kB
Shmem:              2044 kB
Slab:              97656 kB
SReclaimable:      31888 kB
SUnreclaim:        65768 kB
KernelStack:       38064 kB
PageTables:        48888 kB
NFS_Unstable:          0 kB
Bounce:                0 kB
WritebackTmp:          0 kB
CommitLimit:     2171488 kB
Committed_AS:   114551496 kB
VmallocTotal:   251658176 kB
VmallocUsed:      135280 kB
VmallocChunk:   251417644 kB
Time pass: 424 sec

---2015-11-24 19:37:49
MemTotal:        2899420 kB
MemFree:           81532 kB
Buffers:           17412 kB
Cached:           978732 kB
SwapCached:           44 kB
Active:          1322476 kB
Inactive:         694024 kB
Active(anon):     829332 kB
Inactive(anon):   206624 kB
Active(file):     493144 kB
Inactive(file):   487400 kB
Unevictable:       13556 kB
Mlocked:               0 kB
SwapTotal:        721780 kB
SwapFree:         718576 kB
Dirty:                40 kB
Writeback:             0 kB
AnonPages:       1033868 kB
Mapped:           617824 kB
Shmem:              2044 kB
Slab:              97716 kB
SReclaimable:      31904 kB
SUnreclaim:        65812 kB
KernelStack:       38032 kB
PageTables:        48900 kB
NFS_Unstable:          0 kB
Bounce:                0 kB
WritebackTmp:          0 kB
CommitLimit:     2171488 kB
Committed_AS:   114551504 kB
VmallocTotal:   251658176 kB
VmallocUsed:      135280 kB
VmallocChunk:   251417644 kB
Time pass: 428 sec

---2015-11-24 19:37:49
MemTotal:        2899420 kB
MemFree:           80000 kB
Buffers:           17420 kB
