---2015-10-15 22:10:21
MemTotal:        1420824 kB
MemFree:          215396 kB
Buffers:           14128 kB
Cached:           608192 kB
SwapCached:            0 kB
Active:           586480 kB
Inactive:         454960 kB
Active(anon):     419172 kB
Inactive(anon):      724 kB
Active(file):     167308 kB
Inactive(file):   454236 kB
Unevictable:           0 kB
Mlocked:               0 kB
HighTotal:       1001472 kB
HighFree:           8020 kB
LowTotal:         419352 kB
LowFree:          207376 kB
SwapTotal:        786428 kB
SwapFree:         786428 kB
Dirty:                 0 kB
Writeback:             0 kB
AnonPages:        419140 kB
Mapped:           166976 kB
Shmem:               804 kB
Slab:              42296 kB
SReclaimable:      15336 kB
SUnreclaim:        26960 kB
KernelStack:        9424 kB
PageTables:        15032 kB
NFS_Unstable:          0 kB
Bounce:                0 kB
WritebackTmp:          0 kB
CommitLimit:     1496840 kB
Committed_AS:   21973120 kB
VmallocTotal:     458752 kB
VmallocUsed:       84916 kB
VmallocChunk:     231452 kB
Time pass: 3 sec

---2015-10-15 22:10:21
MemTotal:        1420824 kB
MemFree:          215292 kB
Buffers:           14128 kB
Cached:           608192 kB
SwapCached:            0 kB
Active:           586528 kB
Inactive:         454960 kB
Active(anon):     419220 kB
Inactive(anon):      724 kB
Active(file):     167308 kB
Inactive(file):   454236 kB
Unevictable:           0 kB
Mlocked:               0 kB
HighTotal:       1001472 kB
HighFree:           7948 kB
LowTotal:         419352 kB
LowFree:          207344 kB
SwapTotal:        786428 kB
SwapFree:         786428 kB
Dirty:                 0 kB
Writeback:             0 kB
AnonPages:        419132 kB
Mapped:           166976 kB
Shmem:               804 kB
Slab:              42296 kB
SReclaimable:      15336 kB
SUnreclaim:        26960 kB
KernelStack:        9424 kB
PageTables:        15032 kB
NFS_Unstable:          0 kB
Bounce:                0 kB
WritebackTmp:          0 kB
CommitLimit:     1496840 kB
Committed_AS:   21973120 kB
VmallocTotal:     458752 kB
VmallocUsed:       84916 kB
VmallocChunk:     231452 kB
Time pass: 6 sec

---2015-10-15 22:10:21
MemTotal:        1420824 kB
MemFree:          215168 kB
Buffers:           14128 kB
Cached:           608192 kB
SwapCached:            0 kB
Active:           586564 kB
Inactive:         454960 kB
Active(anon):     419256 kB
Inactive(anon):      724 kB
Active(file):     167308 kB
Inactive(file):   454236 kB
Unevictable:           0 kB
Mlocked:               0 kB
HighTotal:       1001472 kB
HighFree:           7824 kB
LowTotal:         419352 kB
LowFree:          207344 kB
SwapTotal:        786428 kB
SwapFree:         786428 kB
Dirty:                 0 kB
Writeback:             0 kB
AnonPages:        419180 kB
Mapped:           166976 kB
Shmem:               804 kB
Slab:              42296 kB
SReclaimable:      15336 kB
SUnreclaim:        26960 kB
KernelStack:        9424 kB
PageTables:        15032 kB
NFS_Unstable:          0 kB
Bounce:                0 kB
WritebackTmp:          0 kB
CommitLimit:     1496840 kB
Committed_AS:   21973120 kB
VmallocTotal:     458752 kB
VmallocUsed:       84916 kB
VmallocChunk:     231452 kB
Time pass: 10 sec

---2015-10-15 22:10:21
MemTotal:        1420824 kB
MemFree:          215168 kB
Buffers:           14128 kB
Cached:           608192 kB
SwapCached:            0 kB
Active:           586636 kB
Inactive:         454960 kB
Active(anon):     419328 kB
Inactive(anon):      724 kB
Active(file):     167308 kB
Inactive(file):   454236 kB
Unevictable:           0 kB
Mlocked:               0 kB
HighTotal:       1001472 kB
HighFree:           7824 kB
LowTotal:         419352 kB
LowFree:          207344 kB
SwapTotal:        786428 kB
SwapFree:         786428 kB
Dirty:                 0 kB
Writeback:             0 kB
AnonPages:        419272 kB
Mapped:           166976 kB
Shmem:               804 kB
Slab:              42292 kB
SReclaimable:      15336 kB
SUnreclaim:        26956 kB
KernelStack:        9424 kB
PageTables:        15032 kB
NFS_Unstable:          0 kB
Bounce:                0 kB
WritebackTmp:          0 kB
CommitLimit:     1496840 kB
Committed_AS:   21973120 kB
VmallocTotal:     458752 kB
VmallocUsed:       84916 kB
VmallocChunk:     231452 kB
Time pass: 13 sec

---2015-10-15 22:10:21
MemTotal:        1420824 kB
MemFree:          215044 kB
Buffers:           14128 kB
Cached:           608192 kB
SwapCached:            0 kB
Active:           586712 kB
Inactive:         454960 kB
Active(anon):     419404 kB
Inactive(anon):      724 kB
Active(file):     167308 kB
Inactive(file):   454236 kB
Unevictable:           0 kB
Mlocked:               0 kB
HighTotal:       1001472 kB
HighFree:           7700 kB
LowTotal:         419352 kB
LowFree:          207344 kB
SwapTotal:        786428 kB
SwapFree:         786428 kB
Dirty:                 0 kB
Writeback:             0 kB
AnonPages:        419364 kB
Mapped:           166976 kB
Shmem:               804 kB
Slab:              42324 kB
SReclaimable:      15336 kB
SUnreclaim:        26988 kB
KernelStack:        9424 kB
PageTables:        15032 kB
NFS_Unstable:          0 kB
Bounce:                0 kB
WritebackTmp:          0 kB
CommitLimit:     1496840 kB
Committed_AS:   21973120 kB
VmallocTotal:     458752 kB
VmallocUsed:       84916 kB
VmallocChunk:     231452 kB
Time pass: 17 sec

---2015-10-15 22:10:21
MemTotal:        1420824 kB
MemFree:          214964 kB
Buffers:           14128 kB
Cached:           608192 kB
SwapCached:            0 kB
Active:           586768 kB
Inactive:         454960 kB
Active(anon):     419460 kB
Inactive(anon):      724 kB
Active(file):     167308 kB
Inactive(file):   454236 kB
Unevictable:           0 kB
Mlocked:               0 kB
HighTotal:       1001472 kB
HighFree:           7620 kB
LowTotal:         419352 kB
LowFree:          207344 kB
SwapTotal:        786428 kB
SwapFree:         786428 kB
Dirty:                 0 kB
Writeback:             0 kB
AnonPages:        419380 kB
Mapped:           166976 kB
Shmem:               804 kB
Slab:              42324 kB
SReclaimable:      15336 kB
SUnreclaim:        26988 kB
KernelStack:        9424 kB
PageTables:        15032 kB
NFS_Unstable:          0 kB
Bounce:                0 kB
WritebackTmp:          0 kB
CommitLimit:     1496840 kB
Committed_AS:   21973120 kB
VmallocTotal:     458752 kB
VmallocUsed:       84916 kB
VmallocChunk:     231452 kB
Time pass: 20 sec

---2015-10-15 22:10:21
MemTotal:        1420824 kB
MemFree:          214840 kB
Buffers:           14128 kB
Cached:           608192 kB
SwapCached:            0 kB
Active:           586888 kB
Inactive:         454960 kB
Active(anon):     419580 kB
Inactive(anon):      724 kB
Active(file):     167308 kB
Inactive(file):   454236 kB
Unevictable:           0 kB
Mlocked:               0 kB
HighTotal:       1001472 kB
HighFree:           7496 kB
LowTotal:         419352 kB
LowFree:          207344 kB
SwapTotal:        786428 kB
SwapFree:         786428 kB
Dirty:                 0 kB
Writeback:             0 kB
AnonPages:        419500 kB
Mapped:           166976 kB
Shmem:               804 kB
Slab:              42296 kB
SReclaimable:      15336 kB
SUnreclaim:        26960 kB
KernelStack:        9424 kB
PageTables:        15032 kB
NFS_Unstable:          0 kB
Bounce:                0 kB
WritebackTmp:          0 kB
CommitLimit:     1496840 kB
Committed_AS:   21973120 kB
VmallocTotal:     458752 kB
VmallocUsed:       84916 kB
VmallocChunk:     231452 kB
Time pass: 23 sec

---2015-10-15 22:10:21
MemTotal:        1420824 kB
MemFree:          214744 kB
Buffers:           14128 kB
Cached:           608192 kB
SwapCached:            0 kB
Active:           587028 kB
Inactive:         454960 kB
Active(anon):     419720 kB
Inactive(anon):      724 kB
Active(file):     167308 kB
Inactive(file):   454236 kB
Unevictable:           0 kB
Mlocked:               0 kB
HighTotal:       1001472 kB
HighFree:           7400 kB
LowTotal:         419352 kB
LowFree:          207344 kB
SwapTotal:        786428 kB
SwapFree:         786428 kB
Dirty:                 0 kB
Writeback:             0 kB
AnonPages:        419640 kB
Mapped:           166976 kB
Shmem:               804 kB
Slab:              42328 kB
SReclaimable:      15336 kB
SUnreclaim:        26992 kB
KernelStack:        9424 kB
PageTables:        15032 kB
NFS_Unstable:          0 kB
Bounce:                0 kB
WritebackTmp:          0 kB
CommitLimit:     1496840 kB
Committed_AS:   21973120 kB
VmallocTotal:     458752 kB
VmallocUsed:       84916 kB
VmallocChunk:     231452 kB
Time pass: 27 sec

---2015-10-15 22:10:21
MemTotal:        1420824 kB
MemFree:          214584 kB
Buffers:           14128 kB
Cached:           608192 kB
SwapCached:            0 kB
Active:           587188 kB
Inactive:         454960 kB
Active(anon):     419880 kB
Inactive(anon):      724 kB
Active(file):     167308 kB
Inactive(file):   454236 kB
Unevictable:           0 kB
Mlocked:               0 kB
HighTotal:       1001472 kB
HighFree:           7240 kB
LowTotal:         419352 kB
LowFree:          207344 kB
SwapTotal:        786428 kB
SwapFree:         786428 kB
Dirty:                 0 kB
Writeback:             0 kB
AnonPages:        419796 kB
Mapped:           166936 kB
Shmem:               804 kB
Slab:              42300 kB
SReclaimable:      15336 kB
SUnreclaim:        26964 kB
KernelStack:        9408 kB
PageTables:        15016 kB
NFS_Unstable:          0 kB
Bounce:                0 kB
WritebackTmp:          0 kB
CommitLimit:     1496840 kB
Committed_AS:   21973120 kB
VmallocTotal:     458752 kB
VmallocUsed:       84916 kB
VmallocChunk:     231452 kB
Time pass: 30 sec

---2015-10-15 22:10:21
MemTotal:        1420824 kB
MemFree:          214444 kB
Buffers:           14128 kB
Cached:           608192 kB
SwapCached:            0 kB
Active:           587312 kB
Inactive:         454960 kB
Active(anon):     420004 kB
Inactive(anon):      724 kB
Active(file):     167308 kB
Inactive(file):   454236 kB
Unevictable:           0 kB
Mlocked:               0 kB
HighTotal:       1001472 kB
HighFree:           7100 kB
LowTotal:         419352 kB
LowFree:          207344 kB
SwapTotal:        786428 kB
SwapFree:         786428 kB
Dirty:                 0 kB
Writeback:             0 kB
AnonPages:        419924 kB
Mapped:           166976 kB
Shmem:               804 kB
Slab:              42300 kB
SReclaimable:      15336 kB
SUnreclaim:        26964 kB
KernelStack:        9424 kB
PageTables:        15032 kB
NFS_Unstable:          0 kB
Bounce:                0 kB
WritebackTmp:          0 kB
CommitLimit:     1496840 kB
Committed_AS:   21973120 kB
VmallocTotal:     458752 kB
VmallocUsed:       84916 kB
VmallocChunk:     231452 kB
Time pass: 34 sec

---2015-10-15 22:10:21
MemTotal:        1420824 kB
MemFree:          214344 kB
Buffers:           14128 kB
Cached:           608192 kB
SwapCached:            0 kB
Active:           587468 kB
Inactive:         454960 kB
Active(anon):     420160 kB
Inactive(anon):      724 kB
Active(file):     167308 kB
Inactive(file):   454236 kB
Unevictable:           0 kB
Mlocked:               0 kB
HighTotal:       1001472 kB
HighFree:           7000 kB
LowTotal:         419352 kB
LowFree:          207344 kB
SwapTotal:        786428 kB
SwapFree:         786428 kB
Dirty:                 0 kB
Writeback:             0 kB
AnonPages:        420076 kB
Mapped:           166936 kB
Shmem:               804 kB
Slab:              42340 kB
SReclaimable:      15336 kB
SUnreclaim:        27004 kB
KernelStack:        9408 kB
PageTables:        15016 kB
NFS_Unstable:          0 kB
Bounce:                0 kB
WritebackTmp:          0 kB
CommitLimit:     1496840 kB
Committed_AS:   21973120 kB
VmallocTotal:     458752 kB
VmallocUsed:       84916 kB
VmallocChunk:     231452 kB
Time pass: 37 sec

---2015-10-15 22:10:21
MemTotal:        1420824 kB
MemFree:          213396 kB
Buffers:           14160 kB
Cached:           608264 kB
SwapCached:            0 kB
Active:           588548 kB
Inactive:         454948 kB
Active(anon):     421124 kB
Inactive(anon):      724 kB
Active(file):     167424 kB
Inactive(file):   454224 kB
Unevictable:           0 kB
Mlocked:               0 kB
HighTotal:       1001472 kB
HighFree:           5776 kB
LowTotal:         419352 kB
LowFree:          207620 kB
SwapTotal:        786428 kB
SwapFree:         786428 kB
Dirty:               148 kB
Writeback:             0 kB
AnonPages:        421040 kB
Mapped:           167004 kB
Shmem:               804 kB
Slab:              42272 kB
SReclaimable:      15336 kB
SUnreclaim:        26936 kB
KernelStack:        9464 kB
PageTables:        15040 kB
NFS_Unstable:          0 kB
Bounce:                0 kB
WritebackTmp:          0 kB
CommitLimit:     1496840 kB
Committed_AS:   21973240 kB
VmallocTotal:     458752 kB
VmallocUsed:       84916 kB
VmallocChunk:     231452 kB
Time pass: 41 sec

---2015-10-15 22:10:21
MemTotal:        1420824 kB
MemFree:          213696 kB
Buffers:           14160 kB
Cached:           608264 kB
SwapCached:            0 kB
Active:           588036 kB
Inactive:         454948 kB
Active(anon):     420612 kB
Inactive(anon):      724 kB
Active(file):     167424 kB
Inactive(file):   454224 kB
Unevictable:           0 kB
Mlocked:               0 kB
HighTotal:       1001472 kB
HighFree:           6140 kB
LowTotal:         419352 kB
LowFree:          207556 kB
SwapTotal:        786428 kB
SwapFree:         786428 kB
Dirty:                 0 kB
Writeback:             0 kB
AnonPages:        420572 kB
Mapped:           167004 kB
Shmem:               804 kB
Slab:              42316 kB
SReclaimable:      15336 kB
SUnreclaim:        26980 kB
KernelStack:        9464 kB
PageTables:        15044 kB
NFS_Unstable:          0 kB
Bounce:                0 kB
WritebackTmp:          0 kB
CommitLimit:     1496840 kB
Committed_AS:   21973220 kB
VmallocTotal:     458752 kB
VmallocUsed:       84916 kB
VmallocChunk:     231452 kB
Time pass: 44 sec

---2015-10-15 22:10:21
MemTotal:        1420824 kB
MemFree:          212948 kB
Buffers:           14168 kB
Cached:           608264 kB
SwapCached:            0 kB
Active:           588308 kB
Inactive:         454948 kB
Active(anon):     420884 kB
Inactive(anon):      724 kB
Active(file):     167424 kB
Inactive(file):   454224 kB
Unevictable:           0 kB
Mlocked:               0 kB
HighTotal:       1001472 kB
HighFree:           5164 kB
LowTotal:         419352 kB
LowFree:          207784 kB
SwapTotal:        786428 kB
SwapFree:         786428 kB
Dirty:                28 kB
Writeback:             0 kB
AnonPages:        420776 kB
Mapped:           167000 kB
Shmem:               804 kB
Slab:              42312 kB
SReclaimable:      15336 kB
SUnreclaim:        26976 kB
KernelStack:        9464 kB
PageTables:        15040 kB
NFS_Unstable:          0 kB
Bounce:                0 kB
WritebackTmp:          0 kB
CommitLimit:     1496840 kB
Committed_AS:   21973280 kB
VmallocTotal:     458752 kB
VmallocUsed:       84980 kB
VmallocChunk:     231452 kB
Time pass: 48 sec

---2015-10-15 22:10:21
MemTotal:        1420824 kB
MemFree:          215316 kB
Buffers:           14168 kB
Cached:           608264 kB
SwapCached:            0 kB
Active:           586268 kB
Inactive:         454956 kB
Active(anon):     418844 kB
Inactive(anon):      724 kB
Active(file):     167424 kB
Inactive(file):   454232 kB
Unevictable:           0 kB
Mlocked:               0 kB
HighTotal:       1001472 kB
HighFree:           6496 kB
LowTotal:         419352 kB
LowFree:          208820 kB
SwapTotal:        786428 kB
SwapFree:         786428 kB
Dirty:                 0 kB
Writeback:             0 kB
AnonPages:        418752 kB
Mapped:           167024 kB
Shmem:               804 kB
Slab:              42276 kB
SReclaimable:      15336 kB
SUnreclaim:        26940 kB
KernelStack:        9464 kB
PageTables:        15036 kB
NFS_Unstable:          0 kB
Bounce:                0 kB
WritebackTmp:          0 kB
CommitLimit:     1496840 kB
Committed_AS:   21973116 kB
VmallocTotal:     458752 kB
VmallocUsed:       84916 kB
VmallocChunk:     231452 kB
Time pass: 51 sec

---2015-10-15 22:10:21
MemTotal:        1420824 kB
MemFree:          215464 kB
Buffers:           14176 kB
Cached:           608264 kB
SwapCached:            0 kB
Active:           586176 kB
Inactive:         454964 kB
Active(anon):     418752 kB
Inactive(anon):      724 kB
Active(file):     167424 kB
Inactive(file):   454240 kB
Unevictable:           0 kB
Mlocked:               0 kB
HighTotal:       1001472 kB
HighFree:           6528 kB
LowTotal:         419352 kB
LowFree:          208936 kB
SwapTotal:        786428 kB
SwapFree:         786428 kB
Dirty:                 4 kB
Writeback:             0 kB
AnonPages:        418660 kB
Mapped:           167024 kB
Shmem:               804 kB
Slab:              42312 kB
SReclaimable:      15336 kB
SUnreclaim:        26976 kB
KernelStack:        9464 kB
PageTables:        15032 kB
NFS_Unstable:          0 kB
Bounce:                0 kB
WritebackTmp:          0 kB
CommitLimit:     1496840 kB
Committed_AS:   21973116 kB
VmallocTotal:     458752 kB
VmallocUsed:       84916 kB
VmallocChunk:     231452 kB
Time pass: 55 sec

---2015-10-15 22:10:21
MemTotal:        1420824 kB
MemFree:          215456 kB
Buffers:           14176 kB
Cached:           608264 kB
SwapCached:            0 kB
Active:           586248 kB
Inactive:         454964 kB
Active(anon):     418824 kB
Inactive(anon):      724 kB
Active(file):     167424 kB
Inactive(file):   454240 kB
Unevictable:           0 kB
Mlocked:               0 kB
HighTotal:       1001472 kB
HighFree:           6528 kB
LowTotal:         419352 kB
LowFree:          208928 kB
SwapTotal:        786428 kB
SwapFree:         786428 kB
Dirty:                 4 kB
Writeback:             0 kB
AnonPages:        418792 kB
Mapped:           167028 kB
Shmem:               804 kB
Slab:              42320 kB
SReclaimable:      15336 kB
SUnreclaim:        26984 kB
KernelStack:        9464 kB
PageTables:        15032 kB
NFS_Unstable:          0 kB
Bounce:                0 kB
WritebackTmp:          0 kB
CommitLimit:     1496840 kB
Committed_AS:   21973116 kB
VmallocTotal:     458752 kB
VmallocUsed:       84916 kB
VmallocChunk:     231452 kB
Time pass: 58 sec

---2015-10-15 22:10:21
MemTotal:        1420824 kB
MemFree:          215456 kB
Buffers:           14176 kB
Cached:           608264 kB
SwapCached:            0 kB
Active:           586320 kB
Inactive:         454964 kB
Active(anon):     418896 kB
Inactive(anon):      724 kB
Active(file):     167424 kB
Inactive(file):   454240 kB
Unevictable:           0 kB
Mlocked:               0 kB
HighTotal:       1001472 kB
HighFree:           6528 kB
LowTotal:         419352 kB
LowFree:          208928 kB
SwapTotal:        786428 kB
SwapFree:         786428 kB
Dirty:                 0 kB
Writeback:             0 kB
AnonPages:        418816 kB
Mapped:           167028 kB
Shmem:               804 kB
Slab:              42304 kB
SReclaimable:      15336 kB
SUnreclaim:        26968 kB
KernelStack:        9464 kB
PageTables:        15032 kB
NFS_Unstable:          0 kB
Bounce:                0 kB
WritebackTmp:          0 kB
CommitLimit:     1496840 kB
Committed_AS:   21973116 kB
VmallocTotal:     458752 kB
VmallocUsed:       84916 kB
VmallocChunk:     231452 kB
Time pass: 62 sec

---2015-10-15 22:10:21
MemTotal:        1420824 kB
MemFree:          215316 kB
Buffers:           14176 kB
Cached:           608264 kB
SwapCached:            0 kB
Active:           586348 kB
Inactive:         454964 kB
Active(anon):     418924 kB
Inactive(anon):      724 kB
Active(file):     167424 kB
Inactive(file):   454240 kB
Unevictable:           0 kB
Mlocked:               0 kB
HighTotal:       1001472 kB
HighFree:           6388 kB
LowTotal:         419352 kB
LowFree:          208928 kB
SwapTotal:        786428 kB
SwapFree:         786428 kB
Dirty:                 0 kB
Writeback:             0 kB
AnonPages:        418848 kB
Mapped:           167028 kB
Shmem:               804 kB
Slab:              42332 kB
SReclaimable:      15336 kB
SUnreclaim:        26996 kB
KernelStack:        9464 kB
PageTables:        15032 kB
NFS_Unstable:          0 kB
Bounce:                0 kB
WritebackTmp:          0 kB
CommitLimit:     1496840 kB
Committed_AS:   21973116 kB
VmallocTotal:     458752 kB
VmallocUsed:       84916 kB
VmallocChunk:     231452 kB
Time pass: 65 sec

---2015-10-15 22:10:21
MemTotal:        1420824 kB
MemFree:          215340 kB
Buffers:           14176 kB
Cached:           608264 kB
SwapCached:            0 kB
Active:           586396 kB
Inactive:         454964 kB
Active(anon):     418972 kB
Inactive(anon):      724 kB
Active(file):     167424 kB
Inactive(file):   454240 kB
Unevictable:           0 kB
Mlocked:               0 kB
HighTotal:       1001472 kB
HighFree:           6404 kB
LowTotal:         419352 kB
LowFree:          208936 kB
SwapTotal:        786428 kB
SwapFree:         786428 kB
Dirty:                 0 kB
Writeback:             0 kB
AnonPages:        418904 kB
Mapped:           167028 kB
Shmem:               804 kB
Slab:              42308 kB
SReclaimable:      15336 kB
SUnreclaim:        26972 kB
KernelStack:        9464 kB
PageTables:        15032 kB
NFS_Unstable:          0 kB
Bounce:                0 kB
WritebackTmp:          0 kB
CommitLimit:     1496840 kB
Committed_AS:   21973116 kB
VmallocTotal:     458752 kB
VmallocUsed:       84916 kB
VmallocChunk:     231452 kB
Time pass: 69 sec

---2015-10-15 22:10:21
MemTotal:        1420824 kB
MemFree:          215408 kB
Buffers:           14176 kB
Cached:           608264 kB
SwapCached:            0 kB
Active:           586456 kB
Inactive:         454964 kB
Active(anon):     419032 kB
Inactive(anon):      724 kB
Active(file):     167424 kB
Inactive(file):   454240 kB
Unevictable:           0 kB
Mlocked:               0 kB
HighTotal:       1001472 kB
HighFree:           6420 kB
LowTotal:         419352 kB
LowFree:          208988 kB
SwapTotal:        786428 kB
SwapFree:         786428 kB
Dirty:                 0 kB
Writeback:             0 kB
AnonPages:        418944 kB
Mapped:           167028 kB
Shmem:               804 kB
Slab:              42328 kB
SReclaimable:      15336 kB
SUnreclaim:        26992 kB
KernelStack:        9464 kB
PageTables:        15032 kB
NFS_Unstable:          0 kB
Bounce:                0 kB
WritebackTmp:          0 kB
CommitLimit:     1496840 kB
Committed_AS:   21973116 kB
VmallocTotal:     458752 kB
VmallocUsed:       84916 kB
VmallocChunk:     231452 kB
Time pass: 72 sec

---2015-10-15 22:10:21
MemTotal:        1420824 kB
MemFree:          215160 kB
Buffers:           14176 kB
Cached:           608264 kB
SwapCached:            0 kB
Active:           586524 kB
Inactive:         454964 kB
Active(anon):     419100 kB
Inactive(anon):      724 kB
Active(file):     167424 kB
Inactive(file):   454240 kB
Unevictable:           0 kB
Mlocked:               0 kB
HighTotal:       1001472 kB
HighFree:           6172 kB
LowTotal:         419352 kB
LowFree:          208988 kB
SwapTotal:        786428 kB
SwapFree:         786428 kB
Dirty:                 0 kB
Writeback:             0 kB
AnonPages:        419060 kB
Mapped:           167028 kB
Shmem:               804 kB
Slab:              42304 kB
SReclaimable:      15336 kB
SUnreclaim:        26968 kB
KernelStack:        9464 kB
PageTables:        15032 kB
NFS_Unstable:          0 kB
Bounce:                0 kB
WritebackTmp:          0 kB
CommitLimit:     1496840 kB
Committed_AS:   21973116 kB
VmallocTotal:     458752 kB
VmallocUsed:       84916 kB
VmallocChunk:     231452 kB
Time pass: 76 sec

---2015-10-15 22:10:21
MemTotal:        1420824 kB
MemFree:          169440 kB
Buffers:           14184 kB
Cached:           638228 kB
SwapCached:            0 kB
Active:           596740 kB
Inactive:         484740 kB
Active(anon):     429192 kB
Inactive(anon):      724 kB
Active(file):     167548 kB
Inactive(file):   484016 kB
Unevictable:           0 kB
Mlocked:               0 kB
HighTotal:       1001472 kB
HighFree:           5052 kB
LowTotal:         419352 kB
LowFree:          164388 kB
SwapTotal:        786428 kB
SwapFree:         786428 kB
Dirty:               760 kB
Writeback:             0 kB
AnonPages:        429060 kB
Mapped:           180588 kB
Shmem:               804 kB
Slab:              42380 kB
SReclaimable:      15344 kB
SUnreclaim:        27036 kB
KernelStack:        9616 kB
PageTables:        15408 kB
NFS_Unstable:          0 kB
Bounce:                0 kB
WritebackTmp:          0 kB
CommitLimit:     1496840 kB
Committed_AS:   22452416 kB
VmallocTotal:     458752 kB
VmallocUsed:       86168 kB
VmallocChunk:     231452 kB
Time pass: 79 sec

---2015-10-15 22:10:21
MemTotal:        1420824 kB
MemFree:          137684 kB
Buffers:           14260 kB
Cached:           645732 kB
SwapCached:            0 kB
Active:           611112 kB
Inactive:         491644 kB
Active(anon):     442816 kB
Inactive(anon):      856 kB
Active(file):     168296 kB
Inactive(file):   490788 kB
Unevictable:           0 kB
Mlocked:               0 kB
HighTotal:       1001472 kB
HighFree:           5036 kB
LowTotal:         419352 kB
LowFree:          132648 kB
SwapTotal:        786428 kB
SwapFree:         786428 kB
Dirty:              1132 kB
Writeback:             0 kB
AnonPages:        442776 kB
Mapped:           190752 kB
Shmem:               936 kB
Slab:              42684 kB
SReclaimable:      15476 kB
SUnreclaim:        27208 kB
KernelStack:        9912 kB
PageTables:        15612 kB
NFS_Unstable:          0 kB
Bounce:                0 kB
WritebackTmp:          0 kB
CommitLimit:     1496840 kB
Committed_AS:   22466936 kB
VmallocTotal:     458752 kB
VmallocUsed:       86180 kB
VmallocChunk:     231452 kB
Time pass: 82 sec

---2015-10-15 22:10:21
MemTotal:        1420824 kB
MemFree:          123816 kB
Buffers:           14260 kB
Cached:           645920 kB
SwapCached:            0 kB
Active:           612736 kB
Inactive:         491816 kB
Active(anon):     444424 kB
Inactive(anon):      856 kB
Active(file):     168312 kB
Inactive(file):   490960 kB
Unevictable:           0 kB
Mlocked:               0 kB
HighTotal:       1001472 kB
HighFree:           5036 kB
LowTotal:         419352 kB
LowFree:          118780 kB
SwapTotal:        786428 kB
SwapFree:         786428 kB
Dirty:               216 kB
Writeback:             0 kB
AnonPages:        444412 kB
Mapped:           192244 kB
Shmem:               936 kB
Slab:              42724 kB
SReclaimable:      15476 kB
SUnreclaim:        27248 kB
KernelStack:        9904 kB
PageTables:        15636 kB
NFS_Unstable:          0 kB
Bounce:                0 kB
WritebackTmp:          0 kB
CommitLimit:     1496840 kB
Committed_AS:   22468548 kB
VmallocTotal:     458752 kB
VmallocUsed:       86228 kB
VmallocChunk:     231452 kB
Time pass: 86 sec

---2015-10-15 22:10:21
MemTotal:        1420824 kB
MemFree:          125080 kB
Buffers:           14276 kB
Cached:           645920 kB
SwapCached:            0 kB
Active:           612852 kB
Inactive:         491832 kB
Active(anon):     444540 kB
Inactive(anon):      856 kB
Active(file):     168312 kB
Inactive(file):   490976 kB
Unevictable:           0 kB
Mlocked:               0 kB
HighTotal:       1001472 kB
HighFree:           5460 kB
LowTotal:         419352 kB
LowFree:          119620 kB
SwapTotal:        786428 kB
SwapFree:         786428 kB
Dirty:                92 kB
Writeback:             0 kB
AnonPages:        444460 kB
Mapped:           192120 kB
Shmem:               936 kB
Slab:              42616 kB
SReclaimable:      15476 kB
SUnreclaim:        27140 kB
KernelStack:        9888 kB
PageTables:        15624 kB
NFS_Unstable:          0 kB
Bounce:                0 kB
WritebackTmp:          0 kB
CommitLimit:     1496840 kB
Committed_AS:   22468556 kB
VmallocTotal:     458752 kB
VmallocUsed:       86196 kB
VmallocChunk:     231452 kB
Time pass: 89 sec

---2015-10-15 22:10:21
MemTotal:        1420824 kB
MemFree:          124616 kB
Buffers:           14276 kB
Cached:           645920 kB
SwapCached:            0 kB
Active:           612916 kB
Inactive:         491832 kB
Active(anon):     444604 kB
Inactive(anon):      856 kB
Active(file):     168312 kB
Inactive(file):   490976 kB
Unevictable:           0 kB
Mlocked:               0 kB
HighTotal:       1001472 kB
HighFree:           5088 kB
LowTotal:         419352 kB
LowFree:          119528 kB
SwapTotal:        786428 kB
SwapFree:         786428 kB
Dirty:                92 kB
Writeback:             0 kB
AnonPages:        444540 kB
Mapped:           192212 kB
Shmem:               936 kB
Slab:              42584 kB
SReclaimable:      15476 kB
SUnreclaim:        27108 kB
KernelStack:        9904 kB
PageTables:        15640 kB
NFS_Unstable:          0 kB
Bounce:                0 kB
WritebackTmp:          0 kB
CommitLimit:     1496840 kB
Committed_AS:   22468556 kB
VmallocTotal:     458752 kB
VmallocUsed:       86196 kB
VmallocChunk:     231452 kB
Time pass: 93 sec

---2015-10-15 22:10:21
MemTotal:        1420824 kB
MemFree:          114760 kB
Buffers:           14284 kB
Cached:           645956 kB
SwapCached:            0 kB
Active:           620124 kB
Inactive:         491448 kB
Active(anon):     451384 kB
Inactive(anon):      856 kB
Active(file):     168740 kB
Inactive(file):   490592 kB
Unevictable:           0 kB
Mlocked:               0 kB
HighTotal:       1001472 kB
HighFree:           5152 kB
LowTotal:         419352 kB
LowFree:          109608 kB
SwapTotal:        786428 kB
SwapFree:         786428 kB
Dirty:                52 kB
Writeback:             0 kB
AnonPages:        451252 kB
Mapped:           193656 kB
Shmem:               936 kB
Slab:              42396 kB
SReclaimable:      15480 kB
SUnreclaim:        26916 kB
KernelStack:        9944 kB
PageTables:        15660 kB
NFS_Unstable:          0 kB
Bounce:                0 kB
WritebackTmp:          0 kB
CommitLimit:     1496840 kB
Committed_AS:   22471864 kB
VmallocTotal:     458752 kB
VmallocUsed:       86196 kB
VmallocChunk:     231452 kB
Time pass: 96 sec

---2015-10-15 22:10:21
MemTotal:        1420824 kB
MemFree:          113948 kB
Buffers:           14292 kB
Cached:           645952 kB
SwapCached:            0 kB
Active:           620204 kB
Inactive:         491452 kB
Active(anon):     451464 kB
Inactive(anon):      856 kB
Active(file):     168740 kB
Inactive(file):   490596 kB
Unevictable:           0 kB
Mlocked:               0 kB
HighTotal:       1001472 kB
HighFree:           5092 kB
LowTotal:         419352 kB
LowFree:          108856 kB
SwapTotal:        786428 kB
SwapFree:         786428 kB
Dirty:                56 kB
Writeback:             0 kB
AnonPages:        451488 kB
Mapped:           193832 kB
Shmem:               936 kB
Slab:              42544 kB
SReclaimable:      15480 kB
SUnreclaim:        27064 kB
KernelStack:        9912 kB
PageTables:        15656 kB
NFS_Unstable:          0 kB
Bounce:                0 kB
WritebackTmp:          0 kB
CommitLimit:     1496840 kB
Committed_AS:   22471808 kB
VmallocTotal:     458752 kB
VmallocUsed:       86260 kB
VmallocChunk:     231452 kB
Time pass: 100 sec

---2015-10-15 22:10:21
MemTotal:        1420824 kB
MemFree:          107096 kB
Buffers:           14292 kB
Cached:           647332 kB
SwapCached:            0 kB
Active:           629060 kB
Inactive:         492676 kB
Active(anon):     460172 kB
Inactive(anon):      856 kB
Active(file):     168888 kB
Inactive(file):   491820 kB
Unevictable:           0 kB
Mlocked:               0 kB
HighTotal:       1001472 kB
HighFree:           5120 kB
LowTotal:         419352 kB
LowFree:          101976 kB
SwapTotal:        786428 kB
SwapFree:         786428 kB
Dirty:               204 kB
Writeback:             0 kB
AnonPages:        460180 kB
Mapped:           197464 kB
Shmem:               936 kB
Slab:              42808 kB
SReclaimable:      15504 kB
SUnreclaim:        27304 kB
KernelStack:        9976 kB
PageTables:        15680 kB
NFS_Unstable:          0 kB
Bounce:                0 kB
WritebackTmp:          0 kB
CommitLimit:     1496840 kB
Committed_AS:   22479660 kB
VmallocTotal:     458752 kB
VmallocUsed:       86228 kB
VmallocChunk:     231452 kB
Time pass: 103 sec

---2015-10-15 22:10:21
MemTotal:        1420824 kB
MemFree:           80268 kB
Buffers:           14308 kB
Cached:           650864 kB
SwapCached:            0 kB
Active:           633236 kB
Inactive:         496048 kB
Active(anon):     464164 kB
Inactive(anon):      856 kB
Active(file):     169072 kB
Inactive(file):   495192 kB
Unevictable:           0 kB
Mlocked:               0 kB
HighTotal:       1001472 kB
HighFree:           5140 kB
LowTotal:         419352 kB
LowFree:           75128 kB
SwapTotal:        786428 kB
SwapFree:         786428 kB
Dirty:              2188 kB
Writeback:             0 kB
AnonPages:        464096 kB
Mapped:           201520 kB
Shmem:               936 kB
Slab:              42888 kB
SReclaimable:      15592 kB
SUnreclaim:        27296 kB
KernelStack:        9952 kB
PageTables:        15732 kB
NFS_Unstable:          0 kB
Bounce:                0 kB
WritebackTmp:          0 kB
CommitLimit:     1496840 kB
Committed_AS:   22486248 kB
VmallocTotal:     458752 kB
VmallocUsed:       86212 kB
VmallocChunk:     231452 kB
Time pass: 107 sec

---2015-10-15 22:10:21
MemTotal:        1420824 kB
MemFree:           81472 kB
Buffers:           14316 kB
Cached:           650864 kB
SwapCached:            0 kB
Active:           630876 kB
Inactive:         496052 kB
Active(anon):     461800 kB
Inactive(anon):      856 kB
Active(file):     169076 kB
Inactive(file):   495196 kB
Unevictable:           0 kB
Mlocked:               0 kB
HighTotal:       1001472 kB
HighFree:           5540 kB
LowTotal:         419352 kB
LowFree:           75932 kB
SwapTotal:        786428 kB
SwapFree:         786428 kB
Dirty:                92 kB
Writeback:             0 kB
AnonPages:        461720 kB
Mapped:           201696 kB
Shmem:               936 kB
Slab:              42764 kB
SReclaimable:      15592 kB
SUnreclaim:        27172 kB
KernelStack:        9936 kB
PageTables:        15744 kB
NFS_Unstable:          0 kB
Bounce:                0 kB
WritebackTmp:          0 kB
CommitLimit:     1496840 kB
Committed_AS:   22484396 kB
VmallocTotal:     458752 kB
VmallocUsed:       86192 kB
VmallocChunk:     231452 kB
Time pass: 111 sec

---2015-10-15 22:10:21
MemTotal:        1420824 kB
MemFree:           79788 kB
Buffers:           14316 kB
Cached:           650864 kB
SwapCached:            0 kB
Active:           631504 kB
Inactive:         496052 kB
Active(anon):     462428 kB
Inactive(anon):      856 kB
Active(file):     169076 kB
Inactive(file):   495196 kB
Unevictable:           0 kB
Mlocked:               0 kB
HighTotal:       1001472 kB
HighFree:           5080 kB
LowTotal:         419352 kB
LowFree:           74708 kB
SwapTotal:        786428 kB
SwapFree:         786428 kB
Dirty:                12 kB
Writeback:             0 kB
AnonPages:        462336 kB
Mapped:           202496 kB
Shmem:               936 kB
Slab:              42788 kB
SReclaimable:      15592 kB
SUnreclaim:        27196 kB
KernelStack:        9928 kB
PageTables:        15740 kB
NFS_Unstable:          0 kB
Bounce:                0 kB
WritebackTmp:          0 kB
CommitLimit:     1496840 kB
Committed_AS:   22484908 kB
VmallocTotal:     458752 kB
VmallocUsed:       86192 kB
VmallocChunk:     231452 kB
Time pass: 114 sec

---2015-10-15 22:10:21
MemTotal:        1420824 kB
MemFree:           79472 kB
Buffers:           14324 kB
Cached:           650864 kB
SwapCached:            0 kB
Active:           631520 kB
Inactive:         496076 kB
Active(anon):     462464 kB
Inactive(anon):      856 kB
Active(file):     169056 kB
Inactive(file):   495220 kB
Unevictable:           0 kB
Mlocked:               0 kB
HighTotal:       1001472 kB
HighFree:           5080 kB
LowTotal:         419352 kB
LowFree:           74392 kB
SwapTotal:        786428 kB
SwapFree:         786428 kB
Dirty:                24 kB
Writeback:             0 kB
AnonPages:        462412 kB
Mapped:           202536 kB
Shmem:               936 kB
Slab:              42812 kB
SReclaimable:      15592 kB
SUnreclaim:        27220 kB
KernelStack:        9928 kB
PageTables:        15740 kB
NFS_Unstable:          0 kB
Bounce:                0 kB
WritebackTmp:          0 kB
CommitLimit:     1496840 kB
Committed_AS:   22484908 kB
VmallocTotal:     458752 kB
VmallocUsed:       86192 kB
VmallocChunk:     231452 kB
Time pass: 118 sec

---2015-10-15 22:10:21
MemTotal:        1420824 kB
MemFree:           63548 kB
Buffers:           14332 kB
Cached:           651784 kB
SwapCached:            0 kB
Active:           636656 kB
Inactive:         496444 kB
Active(anon):     467036 kB
Inactive(anon):      856 kB
Active(file):     169620 kB
Inactive(file):   495588 kB
Unevictable:           0 kB
Mlocked:               0 kB
HighTotal:       1001472 kB
HighFree:           5080 kB
LowTotal:         419352 kB
LowFree:           58468 kB
SwapTotal:        786428 kB
SwapFree:         786428 kB
Dirty:                80 kB
Writeback:             4 kB
AnonPages:        466976 kB
Mapped:           206988 kB
Shmem:               936 kB
Slab:              42832 kB
SReclaimable:      15636 kB
SUnreclaim:        27196 kB
KernelStack:        9920 kB
PageTables:        15776 kB
NFS_Unstable:          0 kB
Bounce:                0 kB
WritebackTmp:          0 kB
CommitLimit:     1496840 kB
Committed_AS:   22489308 kB
VmallocTotal:     458752 kB
VmallocUsed:       86204 kB
VmallocChunk:     231452 kB
Time pass: 121 sec

---2015-10-15 22:10:21
MemTotal:        1420824 kB
MemFree:           42120 kB
Buffers:           13388 kB
Cached:           650492 kB
SwapCached:            0 kB
Active:           626584 kB
Inactive:         508572 kB
Active(anon):     456780 kB
Inactive(anon):    15868 kB
Active(file):     169804 kB
Inactive(file):   492704 kB
Unevictable:         292 kB
Mlocked:               0 kB
HighTotal:       1001472 kB
HighFree:           7452 kB
LowTotal:         419352 kB
LowFree:           34668 kB
SwapTotal:        786428 kB
SwapFree:         786428 kB
Dirty:                96 kB
Writeback:             0 kB
AnonPages:        471516 kB
Mapped:           208648 kB
Shmem:              1080 kB
Slab:              43368 kB
SReclaimable:      15696 kB
SUnreclaim:        27672 kB
KernelStack:       10120 kB
PageTables:        15940 kB
NFS_Unstable:          0 kB
Bounce:                0 kB
WritebackTmp:          0 kB
CommitLimit:     1496840 kB
Committed_AS:   22511152 kB
VmallocTotal:     458752 kB
VmallocUsed:       88704 kB
VmallocChunk:     231452 kB
Time pass: 125 sec

---2015-10-15 22:10:21
MemTotal:        1420824 kB
MemFree:           38240 kB
Buffers:           12664 kB
Cached:           646324 kB
SwapCached:            0 kB
Active:           616056 kB
Inactive:         514372 kB
Active(anon):     446248 kB
Inactive(anon):    26596 kB
Active(file):     169808 kB
Inactive(file):   487776 kB
Unevictable:         292 kB
Mlocked:               0 kB
HighTotal:       1001472 kB
HighFree:           6676 kB
LowTotal:         419352 kB
LowFree:           31564 kB
SwapTotal:        786428 kB
SwapFree:         786428 kB
Dirty:                 4 kB
Writeback:             0 kB
AnonPages:        471784 kB
Mapped:           208760 kB
Shmem:              1108 kB
Slab:              43460 kB
SReclaimable:      15708 kB
SUnreclaim:        27752 kB
KernelStack:       10128 kB
PageTables:        15944 kB
NFS_Unstable:          0 kB
Bounce:                0 kB
WritebackTmp:          0 kB
CommitLimit:     1496840 kB
Committed_AS:   22511156 kB
VmallocTotal:     458752 kB
VmallocUsed:       88736 kB
VmallocChunk:     231452 kB
Time pass: 128 sec

---2015-10-15 22:10:21
MemTotal:        1420824 kB
MemFree:           38356 kB
Buffers:           12672 kB
Cached:           646376 kB
SwapCached:            0 kB
Active:           616476 kB
Inactive:         514436 kB
Active(anon):     446668 kB
Inactive(anon):    26652 kB
Active(file):     169808 kB
Inactive(file):   487784 kB
Unevictable:         292 kB
Mlocked:               0 kB
HighTotal:       1001472 kB
HighFree:           6276 kB
LowTotal:         419352 kB
LowFree:           32080 kB
SwapTotal:        786428 kB
SwapFree:         786428 kB
Dirty:                32 kB
Writeback:             0 kB
AnonPages:        472104 kB
Mapped:           208820 kB
Shmem:              1164 kB
Slab:              43352 kB
SReclaimable:      15716 kB
SUnreclaim:        27636 kB
KernelStack:       10136 kB
PageTables:        15972 kB
NFS_Unstable:          0 kB
Bounce:                0 kB
WritebackTmp:          0 kB
CommitLimit:     1496840 kB
Committed_AS:   22511092 kB
VmallocTotal:     458752 kB
VmallocUsed:       88736 kB
VmallocChunk:     231452 kB
Time pass: 131 sec

---2015-10-15 22:10:21
MemTotal:        1420824 kB
MemFree:          156948 kB
Buffers:           11388 kB
Cached:           638784 kB
SwapCached:            0 kB
Active:           550404 kB
Inactive:         522320 kB
Active(anon):     379924 kB
Inactive(anon):    43720 kB
Active(file):     170480 kB
Inactive(file):   478600 kB
Unevictable:         292 kB
Mlocked:               0 kB
HighTotal:       1001472 kB
HighFree:          12876 kB
LowTotal:         419352 kB
LowFree:          144072 kB
SwapTotal:        786428 kB
SwapFree:         786428 kB
Dirty:                36 kB
Writeback:             0 kB
AnonPages:        422896 kB
Mapped:           167136 kB
Shmem:               800 kB
Slab:              43212 kB
SReclaimable:      15716 kB
SUnreclaim:        27496 kB
KernelStack:        9432 kB
PageTables:        15032 kB
NFS_Unstable:          0 kB
Bounce:                0 kB
WritebackTmp:          0 kB
CommitLimit:     1496840 kB
Committed_AS:   21967580 kB
VmallocTotal:     458752 kB
VmallocUsed:       84936 kB
VmallocChunk:     231452 kB
Time pass: 135 sec

---2015-10-15 22:10:21
MemTotal:        1420824 kB
MemFree:          160524 kB
Buffers:           11388 kB
Cached:           638792 kB
SwapCached:            0 kB
Active:           546924 kB
Inactive:         522308 kB
Active(anon):     376444 kB
Inactive(anon):    43700 kB
Active(file):     170480 kB
Inactive(file):   478608 kB
Unevictable:         292 kB
Mlocked:               0 kB
HighTotal:       1001472 kB
HighFree:          16300 kB
LowTotal:         419352 kB
LowFree:          144224 kB
SwapTotal:        786428 kB
SwapFree:         786428 kB
Dirty:                 0 kB
Writeback:             0 kB
AnonPages:        419340 kB
Mapped:           167188 kB
Shmem:               800 kB
Slab:              43156 kB
SReclaimable:      15704 kB
SUnreclaim:        27452 kB
KernelStack:        9432 kB
PageTables:        15032 kB
NFS_Unstable:          0 kB
Bounce:                0 kB
WritebackTmp:          0 kB
CommitLimit:     1496840 kB
Committed_AS:   21970560 kB
VmallocTotal:     458752 kB
VmallocUsed:       84916 kB
VmallocChunk:     231452 kB
Time pass: 138 sec

---2015-10-15 22:10:21
MemTotal:        1420824 kB
MemFree:          160656 kB
Buffers:           11392 kB
Cached:           638788 kB
SwapCached:            0 kB
Active:           546992 kB
Inactive:         522308 kB
Active(anon):     376512 kB
Inactive(anon):    43700 kB
Active(file):     170480 kB
Inactive(file):   478608 kB
Unevictable:         292 kB
Mlocked:               0 kB
HighTotal:       1001472 kB
HighFree:          16328 kB
LowTotal:         419352 kB
LowFree:          144328 kB
SwapTotal:        786428 kB
SwapFree:         786428 kB
Dirty:                 0 kB
Writeback:             0 kB
AnonPages:        419392 kB
Mapped:           167212 kB
Shmem:               800 kB
Slab:              43052 kB
SReclaimable:      15704 kB
SUnreclaim:        27348 kB
KernelStack:        9424 kB
PageTables:        15032 kB
NFS_Unstable:          0 kB
Bounce:                0 kB
WritebackTmp:          0 kB
CommitLimit:     1496840 kB
Committed_AS:   21970536 kB
VmallocTotal:     458752 kB
VmallocUsed:       84916 kB
VmallocChunk:     231452 kB
Time pass: 142 sec

---2015-10-15 22:10:21
MemTotal:        1420824 kB
MemFree:          135280 kB
Buffers:           11724 kB
Cached:           638908 kB
SwapCached:            0 kB
Active:           563564 kB
Inactive:         522328 kB
Active(anon):     392612 kB
Inactive(anon):    43852 kB
Active(file):     170952 kB
Inactive(file):   478476 kB
Unevictable:         292 kB
Mlocked:               0 kB
HighTotal:       1001472 kB
HighFree:           5180 kB
LowTotal:         419352 kB
LowFree:          130100 kB
SwapTotal:        786428 kB
SwapFree:         786428 kB
Dirty:               792 kB
Writeback:             0 kB
AnonPages:        435612 kB
Mapped:           188236 kB
Shmem:               912 kB
Slab:              43076 kB
SReclaimable:      15720 kB
SUnreclaim:        27356 kB
KernelStack:        9664 kB
PageTables:        15512 kB
NFS_Unstable:          0 kB
Bounce:                0 kB
WritebackTmp:          0 kB
CommitLimit:     1496840 kB
Committed_AS:   22460760 kB
VmallocTotal:     458752 kB
VmallocUsed:       86180 kB
VmallocChunk:     231452 kB
Time pass: 145 sec

---2015-10-15 22:10:21
MemTotal:        1420824 kB
MemFree:          125268 kB
Buffers:           11760 kB
Cached:           638984 kB
SwapCached:            0 kB
Active:           567660 kB
Inactive:         522320 kB
Active(anon):     396628 kB
Inactive(anon):    43832 kB
Active(file):     171032 kB
Inactive(file):   478488 kB
Unevictable:         292 kB
Mlocked:               0 kB
HighTotal:       1001472 kB
HighFree:           5140 kB
LowTotal:         419352 kB
LowFree:          120128 kB
SwapTotal:        786428 kB
SwapFree:         786428 kB
Dirty:               184 kB
Writeback:             0 kB
AnonPages:        439576 kB
Mapped:           190132 kB
Shmem:               932 kB
Slab:              43236 kB
SReclaimable:      15720 kB
SUnreclaim:        27516 kB
KernelStack:        9848 kB
PageTables:        15588 kB
NFS_Unstable:          0 kB
Bounce:                0 kB
WritebackTmp:          0 kB
CommitLimit:     1496840 kB
Committed_AS:   22464248 kB
VmallocTotal:     458752 kB
VmallocUsed:       86180 kB
VmallocChunk:     231452 kB
Time pass: 149 sec

---2015-10-15 22:10:21
MemTotal:        1420824 kB
MemFree:          126308 kB
Buffers:           11768 kB
Cached:           638984 kB
SwapCached:            0 kB
Active:           567188 kB
Inactive:         522316 kB
Active(anon):     396156 kB
Inactive(anon):    43820 kB
Active(file):     171032 kB
Inactive(file):   478496 kB
Unevictable:         292 kB
Mlocked:               0 kB
HighTotal:       1001472 kB
HighFree:           6156 kB
LowTotal:         419352 kB
LowFree:          120152 kB
SwapTotal:        786428 kB
SwapFree:         786428 kB
Dirty:               300 kB
Writeback:             0 kB
AnonPages:        439088 kB
Mapped:           190296 kB
Shmem:               932 kB
Slab:              43068 kB
SReclaimable:      15720 kB
SUnreclaim:        27348 kB
KernelStack:        9848 kB
PageTables:        15588 kB
NFS_Unstable:          0 kB
Bounce:                0 kB
WritebackTmp:          0 kB
CommitLimit:     1496840 kB
Committed_AS:   22466464 kB
VmallocTotal:     458752 kB
VmallocUsed:       86148 kB
VmallocChunk:     231452 kB
Time pass: 152 sec

---2015-10-15 22:10:21
MemTotal:        1420824 kB
MemFree:          100948 kB
Buffers:           11780 kB
Cached:           639536 kB
SwapCached:            0 kB
Active:           582156 kB
Inactive:         522400 kB
Active(anon):     410692 kB
Inactive(anon):    43824 kB
Active(file):     171464 kB
Inactive(file):   478576 kB
Unevictable:         292 kB
Mlocked:               0 kB
HighTotal:       1001472 kB
HighFree:           5088 kB
LowTotal:         419352 kB
LowFree:           95860 kB
SwapTotal:        786428 kB
SwapFree:         786428 kB
Dirty:               704 kB
Writeback:             0 kB
AnonPages:        453696 kB
Mapped:           197204 kB
Shmem:               936 kB
Slab:              43036 kB
SReclaimable:      15712 kB
SUnreclaim:        27324 kB
KernelStack:        9896 kB
PageTables:        15644 kB
NFS_Unstable:          0 kB
Bounce:                0 kB
WritebackTmp:          0 kB
CommitLimit:     1496840 kB
Committed_AS:   22477756 kB
VmallocTotal:     458752 kB
VmallocUsed:       86220 kB
VmallocChunk:     231452 kB
Time pass: 155 sec

---2015-10-15 22:10:21
MemTotal:        1420824 kB
MemFree:           84856 kB
Buffers:           11784 kB
Cached:           641080 kB
SwapCached:            0 kB
Active:           588428 kB
Inactive:         520932 kB
Active(anon):     413900 kB
Inactive(anon):    43824 kB
Active(file):     174528 kB
Inactive(file):   477108 kB
Unevictable:         292 kB
Mlocked:               0 kB
HighTotal:       1001472 kB
HighFree:           5092 kB
LowTotal:         419352 kB
LowFree:           79764 kB
SwapTotal:        786428 kB
SwapFree:         786428 kB
Dirty:              1276 kB
Writeback:             0 kB
AnonPages:        456780 kB
Mapped:           199108 kB
Shmem:               936 kB
Slab:              43276 kB
SReclaimable:      15712 kB
SUnreclaim:        27564 kB
KernelStack:        9896 kB
PageTables:        15668 kB
NFS_Unstable:          0 kB
Bounce:                0 kB
WritebackTmp:          0 kB
CommitLimit:     1496840 kB
Committed_AS:   22480592 kB
VmallocTotal:     458752 kB
VmallocUsed:       86188 kB
VmallocChunk:     231452 kB
Time pass: 159 sec

---2015-10-15 22:10:21
MemTotal:        1420824 kB
MemFree:           83420 kB
Buffers:           11792 kB
Cached:           641080 kB
SwapCached:            0 kB
Active:           587196 kB
Inactive:         520940 kB
Active(anon):     412668 kB
Inactive(anon):    43824 kB
Active(file):     174528 kB
Inactive(file):   477116 kB
Unevictable:         292 kB
Mlocked:               0 kB
HighTotal:       1001472 kB
HighFree:           5084 kB
LowTotal:         419352 kB
LowFree:           78336 kB
SwapTotal:        786428 kB
SwapFree:         786428 kB
Dirty:              1368 kB
Writeback:             0 kB
AnonPages:        455564 kB
Mapped:           200296 kB
Shmem:               936 kB
Slab:              43224 kB
SReclaimable:      15712 kB
SUnreclaim:        27512 kB
KernelStack:        9872 kB
PageTables:        15660 kB
NFS_Unstable:          0 kB
Bounce:                0 kB
WritebackTmp:          0 kB
CommitLimit:     1496840 kB
Committed_AS:   22479236 kB
VmallocTotal:     458752 kB
VmallocUsed:       86168 kB
VmallocChunk:     231452 kB
Time pass: 162 sec

---2015-10-15 22:10:21
MemTotal:        1420824 kB
MemFree:           83156 kB
Buffers:           11800 kB
Cached:           641072 kB
SwapCached:            0 kB
Active:           587424 kB
Inactive:         520940 kB
Active(anon):     412896 kB
Inactive(anon):    43824 kB
Active(file):     174528 kB
Inactive(file):   477116 kB
Unevictable:         292 kB
Mlocked:               0 kB
HighTotal:       1001472 kB
HighFree:           5084 kB
LowTotal:         419352 kB
LowFree:           78072 kB
SwapTotal:        786428 kB
SwapFree:         786428 kB
Dirty:                40 kB
Writeback:             0 kB
AnonPages:        455796 kB
Mapped:           200416 kB
Shmem:               936 kB
Slab:              43240 kB
SReclaimable:      15712 kB
SUnreclaim:        27528 kB
KernelStack:        9888 kB
PageTables:        15676 kB
NFS_Unstable:          0 kB
Bounce:                0 kB
WritebackTmp:          0 kB
CommitLimit:     1496840 kB
Committed_AS:   22479424 kB
VmallocTotal:     458752 kB
VmallocUsed:       86168 kB
VmallocChunk:     231452 kB
Time pass: 166 sec

---2015-10-15 22:10:21
MemTotal:        1420824 kB
MemFree:           70184 kB
Buffers:           11800 kB
Cached:           641084 kB
SwapCached:            0 kB
Active:           591312 kB
Inactive:         520948 kB
Active(anon):     416780 kB
Inactive(anon):    43824 kB
Active(file):     174532 kB
Inactive(file):   477124 kB
Unevictable:         292 kB
Mlocked:               0 kB
HighTotal:       1001472 kB
HighFree:           5120 kB
LowTotal:         419352 kB
LowFree:           65064 kB
SwapTotal:        786428 kB
SwapFree:         786428 kB
Dirty:               540 kB
Writeback:             0 kB
AnonPages:        459676 kB
Mapped:           203316 kB
Shmem:               936 kB
Slab:              43200 kB
SReclaimable:      15712 kB
SUnreclaim:        27488 kB
KernelStack:        9872 kB
PageTables:        15692 kB
NFS_Unstable:          0 kB
Bounce:                0 kB
WritebackTmp:          0 kB
CommitLimit:     1496840 kB
Committed_AS:   22483652 kB
VmallocTotal:     458752 kB
VmallocUsed:       86180 kB
VmallocChunk:     231452 kB
Time pass: 169 sec

---2015-10-15 22:10:21
MemTotal:        1420824 kB
MemFree:           63304 kB
Buffers:           11912 kB
Cached:           641212 kB
SwapCached:            0 kB
Active:           597484 kB
Inactive:         520176 kB
Active(anon):     421968 kB
Inactive(anon):    43972 kB
Active(file):     175516 kB
Inactive(file):   476204 kB
Unevictable:         292 kB
Mlocked:               0 kB
HighTotal:       1001472 kB
HighFree:           5144 kB
LowTotal:         419352 kB
LowFree:           58160 kB
SwapTotal:        786428 kB
SwapFree:         786428 kB
Dirty:                40 kB
Writeback:             0 kB
AnonPages:        464852 kB
Mapped:           206404 kB
Shmem:              1088 kB
Slab:              43328 kB
SReclaimable:      15712 kB
SUnreclaim:        27616 kB
KernelStack:       10088 kB
PageTables:        15840 kB
NFS_Unstable:          0 kB
Bounce:                0 kB
WritebackTmp:          0 kB
CommitLimit:     1496840 kB
Committed_AS:   22506164 kB
VmallocTotal:     458752 kB
VmallocUsed:       88712 kB
VmallocChunk:     231452 kB
Time pass: 173 sec

---2015-10-15 22:10:21
MemTotal:        1420824 kB
MemFree:           62596 kB
Buffers:           11912 kB
Cached:           641304 kB
SwapCached:            0 kB
Active:           597744 kB
Inactive:         520276 kB
Active(anon):     422224 kB
Inactive(anon):    44020 kB
Active(file):     175520 kB
Inactive(file):   476256 kB
Unevictable:         292 kB
Mlocked:               0 kB
HighTotal:       1001472 kB
HighFree:           5028 kB
LowTotal:         419352 kB
LowFree:           57568 kB
SwapTotal:        786428 kB
SwapFree:         786428 kB
Dirty:                76 kB
Writeback:             0 kB
AnonPages:        465116 kB
Mapped:           206604 kB
Shmem:              1148 kB
Slab:              43336 kB
SReclaimable:      15716 kB
SUnreclaim:        27620 kB
KernelStack:       10080 kB
PageTables:        15860 kB
NFS_Unstable:          0 kB
Bounce:                0 kB
WritebackTmp:          0 kB
CommitLimit:     1496840 kB
Committed_AS:   22506280 kB
VmallocTotal:     458752 kB
VmallocUsed:       88680 kB
VmallocChunk:     231452 kB
Time pass: 176 sec

---2015-10-15 22:10:21
MemTotal:        1420824 kB
MemFree:           62600 kB
Buffers:           11920 kB
Cached:           641324 kB
SwapCached:            0 kB
Active:           597924 kB
Inactive:         520316 kB
Active(anon):     422404 kB
Inactive(anon):    44052 kB
Active(file):     175520 kB
Inactive(file):   476264 kB
Unevictable:         292 kB
Mlocked:               0 kB
HighTotal:       1001472 kB
HighFree:           5028 kB
LowTotal:         419352 kB
LowFree:           57572 kB
SwapTotal:        786428 kB
SwapFree:         786428 kB
Dirty:                40 kB
Writeback:             0 kB
AnonPages:        465296 kB
Mapped:           206628 kB
Shmem:              1168 kB
Slab:              43292 kB
SReclaimable:      15724 kB
SUnreclaim:        27568 kB
KernelStack:       10080 kB
PageTables:        15860 kB
NFS_Unstable:          0 kB
Bounce:                0 kB
WritebackTmp:          0 kB
CommitLimit:     1496840 kB
Committed_AS:   22506272 kB
VmallocTotal:     458752 kB
VmallocUsed:       88680 kB
VmallocChunk:     231452 kB
Time pass: 180 sec

---2015-10-15 22:10:21
MemTotal:        1420824 kB
MemFree:           62476 kB
Buffers:           11920 kB
Cached:           641328 kB
SwapCached:            0 kB
Active:           598012 kB
Inactive:         520320 kB
Active(anon):     422492 kB
Inactive(anon):    44056 kB
Active(file):     175520 kB
Inactive(file):   476264 kB
Unevictable:         292 kB
Mlocked:               0 kB
HighTotal:       1001472 kB
HighFree:           5028 kB
LowTotal:         419352 kB
LowFree:           57448 kB
SwapTotal:        786428 kB
SwapFree:         786428 kB
Dirty:                40 kB
Writeback:             0 kB
AnonPages:        465476 kB
Mapped:           206988 kB
Shmem:              1172 kB
Slab:              43332 kB
SReclaimable:      15720 kB
SUnreclaim:        27612 kB
KernelStack:       10080 kB
PageTables:        15844 kB
NFS_Unstable:          0 kB
Bounce:                0 kB
WritebackTmp:          0 kB
CommitLimit:     1496840 kB
Committed_AS:   22506284 kB
VmallocTotal:     458752 kB
VmallocUsed:       88680 kB
VmallocChunk:     231452 kB
Time pass: 183 sec

---2015-10-15 22:10:21
MemTotal:        1420824 kB
MemFree:           47680 kB
Buffers:           11944 kB
Cached:           641372 kB
SwapCached:            0 kB
Active:           610384 kB
Inactive:         520180 kB
Active(anon):     434676 kB
Inactive(anon):    43968 kB
Active(file):     175708 kB
Inactive(file):   476212 kB
Unevictable:         292 kB
Mlocked:               0 kB
HighTotal:       1001472 kB
HighFree:           5032 kB
LowTotal:         419352 kB
LowFree:           42648 kB
SwapTotal:        786428 kB
SwapFree:         786428 kB
Dirty:                 4 kB
Writeback:             0 kB
AnonPages:        477644 kB
Mapped:           207140 kB
Shmem:              1104 kB
Slab:              43652 kB
SReclaimable:      15728 kB
SUnreclaim:        27924 kB
KernelStack:       10072 kB
PageTables:        15936 kB
NFS_Unstable:          0 kB
Bounce:                0 kB
WritebackTmp:          0 kB
CommitLimit:     1496840 kB
Committed_AS:   22522276 kB
VmallocTotal:     458752 kB
VmallocUsed:       88712 kB
VmallocChunk:     207528 kB
Time pass: 187 sec

---2015-10-15 22:10:21
MemTotal:        1420824 kB
MemFree:           46400 kB
Buffers:           11960 kB
Cached:           641420 kB
SwapCached:            0 kB
Active:           611968 kB
Inactive:         520252 kB
Active(anon):     436256 kB
Inactive(anon):    44008 kB
Active(file):     175712 kB
Inactive(file):   476244 kB
Unevictable:         292 kB
Mlocked:               0 kB
HighTotal:       1001472 kB
HighFree:           5036 kB
LowTotal:         419352 kB
LowFree:           41364 kB
SwapTotal:        786428 kB
SwapFree:         786428 kB
Dirty:                 0 kB
Writeback:             0 kB
AnonPages:        479204 kB
Mapped:           207168 kB
Shmem:              1132 kB
Slab:              43428 kB
SReclaimable:      15732 kB
SUnreclaim:        27696 kB
KernelStack:       10088 kB
PageTables:        15948 kB
NFS_Unstable:          0 kB
Bounce:                0 kB
WritebackTmp:          0 kB
CommitLimit:     1496840 kB
Committed_AS:   22523684 kB
VmallocTotal:     458752 kB
VmallocUsed:       88680 kB
VmallocChunk:     207528 kB
Time pass: 191 sec

---2015-10-15 22:10:21
MemTotal:        1420824 kB
MemFree:           45640 kB
Buffers:           11960 kB
Cached:           641424 kB
SwapCached:            0 kB
Active:           612636 kB
Inactive:         520260 kB
Active(anon):     436924 kB
Inactive(anon):    44016 kB
Active(file):     175712 kB
Inactive(file):   476244 kB
Unevictable:         292 kB
Mlocked:               0 kB
HighTotal:       1001472 kB
HighFree:           5036 kB
LowTotal:         419352 kB
LowFree:           40604 kB
SwapTotal:        786428 kB
SwapFree:         786428 kB
Dirty:                 0 kB
Writeback:             0 kB
AnonPages:        479888 kB
Mapped:           207172 kB
Shmem:              1136 kB
Slab:              43356 kB
SReclaimable:      15732 kB
SUnreclaim:        27624 kB
KernelStack:       10088 kB
PageTables:        15948 kB
NFS_Unstable:          0 kB
Bounce:                0 kB
WritebackTmp:          0 kB
CommitLimit:     1496840 kB
Committed_AS:   22524220 kB
VmallocTotal:     458752 kB
VmallocUsed:       88680 kB
VmallocChunk:     207528 kB
Time pass: 194 sec

---2015-10-15 22:10:21
MemTotal:        1420824 kB
MemFree:           43332 kB
Buffers:           11968 kB
Cached:           641432 kB
SwapCached:            0 kB
Active:           614124 kB
Inactive:         520280 kB
Active(anon):     438412 kB
Inactive(anon):    44028 kB
Active(file):     175712 kB
Inactive(file):   476252 kB
Unevictable:         292 kB
Mlocked:               0 kB
HighTotal:       1001472 kB
HighFree:           5028 kB
LowTotal:         419352 kB
LowFree:           38304 kB
SwapTotal:        786428 kB
SwapFree:         786428 kB
Dirty:                36 kB
Writeback:             0 kB
AnonPages:        481344 kB
Mapped:           207228 kB
Shmem:              1144 kB
Slab:              43676 kB
SReclaimable:      15860 kB
SUnreclaim:        27816 kB
KernelStack:       10104 kB
PageTables:        15968 kB
NFS_Unstable:          0 kB
Bounce:                0 kB
WritebackTmp:          0 kB
CommitLimit:     1496840 kB
Committed_AS:   22525616 kB
VmallocTotal:     458752 kB
VmallocUsed:       88712 kB
VmallocChunk:     207528 kB
Time pass: 197 sec

---2015-10-15 22:10:21
MemTotal:        1420824 kB
MemFree:           43184 kB
Buffers:           11968 kB
Cached:           641444 kB
SwapCached:            0 kB
Active:           614928 kB
Inactive:         520292 kB
Active(anon):     439216 kB
Inactive(anon):    44040 kB
Active(file):     175712 kB
Inactive(file):   476252 kB
Unevictable:         292 kB
Mlocked:               0 kB
HighTotal:       1001472 kB
HighFree:           5028 kB
LowTotal:         419352 kB
LowFree:           38156 kB
SwapTotal:        786428 kB
SwapFree:         786428 kB
Dirty:                 0 kB
Writeback:             0 kB
AnonPages:        482076 kB
Mapped:           207196 kB
Shmem:              1156 kB
Slab:              43720 kB
SReclaimable:      15856 kB
SUnreclaim:        27864 kB
KernelStack:       10088 kB
PageTables:        15944 kB
NFS_Unstable:          0 kB
Bounce:                0 kB
WritebackTmp:          0 kB
CommitLimit:     1496840 kB
Committed_AS:   22525460 kB
VmallocTotal:     458752 kB
VmallocUsed:       88680 kB
VmallocChunk:     207528 kB
Time pass: 201 sec

---2015-10-15 22:10:21
MemTotal:        1420824 kB
MemFree:           42788 kB
Buffers:           11968 kB
Cached:           641444 kB
SwapCached:            0 kB
Active:           615120 kB
Inactive:         520292 kB
Active(anon):     439408 kB
Inactive(anon):    44040 kB
Active(file):     175712 kB
Inactive(file):   476252 kB
Unevictable:         292 kB
Mlocked:               0 kB
HighTotal:       1001472 kB
HighFree:           5028 kB
LowTotal:         419352 kB
LowFree:           37760 kB
SwapTotal:        786428 kB
SwapFree:         786428 kB
Dirty:                 0 kB
Writeback:             0 kB
AnonPages:        482312 kB
Mapped:           207196 kB
Shmem:              1156 kB
Slab:              43596 kB
SReclaimable:      15856 kB
SUnreclaim:        27740 kB
KernelStack:       10088 kB
PageTables:        15948 kB
NFS_Unstable:          0 kB
Bounce:                0 kB
WritebackTmp:          0 kB
CommitLimit:     1496840 kB
Committed_AS:   22525436 kB
VmallocTotal:     458752 kB
VmallocUsed:       88680 kB
VmallocChunk:     207528 kB
Time pass: 204 sec

---2015-10-15 22:10:21
MemTotal:        1420824 kB
MemFree:           41652 kB
Buffers:           11968 kB
Cached:           641444 kB
SwapCached:            0 kB
Active:           616056 kB
Inactive:         520292 kB
Active(anon):     440344 kB
Inactive(anon):    44040 kB
Active(file):     175712 kB
Inactive(file):   476252 kB
Unevictable:         292 kB
Mlocked:               0 kB
HighTotal:       1001472 kB
HighFree:           5028 kB
LowTotal:         419352 kB
LowFree:           36624 kB
SwapTotal:        786428 kB
SwapFree:         786428 kB
Dirty:                 0 kB
Writeback:             0 kB
AnonPages:        483196 kB
Mapped:           207196 kB
Shmem:              1156 kB
Slab:              43844 kB
SReclaimable:      15932 kB
SUnreclaim:        27912 kB
KernelStack:       10096 kB
PageTables:        15968 kB
NFS_Unstable:          0 kB
Bounce:                0 kB
WritebackTmp:          0 kB
CommitLimit:     1496840 kB
Committed_AS:   22526508 kB
VmallocTotal:     458752 kB
VmallocUsed:       88680 kB
VmallocChunk:     207528 kB
Time pass: 208 sec

---2015-10-15 22:10:21
MemTotal:        1420824 kB
MemFree:           40260 kB
Buffers:           11984 kB
Cached:           641440 kB
SwapCached:            0 kB
Active:           617732 kB
Inactive:         520308 kB
Active(anon):     442024 kB
Inactive(anon):    44040 kB
Active(file):     175708 kB
Inactive(file):   476268 kB
Unevictable:         292 kB
Mlocked:               0 kB
HighTotal:       1001472 kB
HighFree:           5028 kB
LowTotal:         419352 kB
LowFree:           35232 kB
SwapTotal:        786428 kB
SwapFree:         786428 kB
Dirty:                36 kB
Writeback:             0 kB
AnonPages:        484984 kB
Mapped:           207220 kB
Shmem:              1156 kB
Slab:              43620 kB
SReclaimable:      15808 kB
SUnreclaim:        27812 kB
KernelStack:       10088 kB
PageTables:        15964 kB
NFS_Unstable:          0 kB
Bounce:                0 kB
WritebackTmp:          0 kB
CommitLimit:     1496840 kB
Committed_AS:   22526444 kB
VmallocTotal:     458752 kB
VmallocUsed:       88680 kB
VmallocChunk:     207528 kB
Time pass: 212 sec

---2015-10-15 22:10:21
MemTotal:        1420824 kB
MemFree:           40372 kB
Buffers:           11992 kB
Cached:           641440 kB
SwapCached:            0 kB
Active:           618328 kB
Inactive:         520316 kB
Active(anon):     442620 kB
Inactive(anon):    44040 kB
Active(file):     175708 kB
Inactive(file):   476276 kB
Unevictable:         292 kB
Mlocked:               0 kB
HighTotal:       1001472 kB
HighFree:           5032 kB
LowTotal:         419352 kB
LowFree:           35340 kB
SwapTotal:        786428 kB
SwapFree:         786428 kB
Dirty:                48 kB
Writeback:             0 kB
AnonPages:        485468 kB
Mapped:           207180 kB
Shmem:              1156 kB
Slab:              43512 kB
SReclaimable:      15776 kB
SUnreclaim:        27736 kB
KernelStack:       10072 kB
PageTables:        15948 kB
NFS_Unstable:          0 kB
Bounce:                0 kB
WritebackTmp:          0 kB
CommitLimit:     1496840 kB
Committed_AS:   22526836 kB
VmallocTotal:     458752 kB
VmallocUsed:       88648 kB
VmallocChunk:     207528 kB
Time pass: 215 sec

---2015-10-15 22:10:21
MemTotal:        1420824 kB
MemFree:           39668 kB
Buffers:           11992 kB
Cached:           641456 kB
SwapCached:            0 kB
Active:           618240 kB
Inactive:         520332 kB
Active(anon):     442532 kB
Inactive(anon):    44056 kB
Active(file):     175708 kB
Inactive(file):   476276 kB
Unevictable:         292 kB
Mlocked:               0 kB
HighTotal:       1001472 kB
HighFree:           5044 kB
LowTotal:         419352 kB
LowFree:           34624 kB
SwapTotal:        786428 kB
SwapFree:         786428 kB
Dirty:                48 kB
Writeback:             0 kB
AnonPages:        485368 kB
Mapped:           207236 kB
Shmem:              1172 kB
Slab:              43724 kB
SReclaimable:      15776 kB
SUnreclaim:        27948 kB
KernelStack:       10088 kB
PageTables:        15964 kB
NFS_Unstable:          0 kB
Bounce:                0 kB
WritebackTmp:          0 kB
CommitLimit:     1496840 kB
Committed_AS:   22527264 kB
VmallocTotal:     458752 kB
VmallocUsed:       88680 kB
VmallocChunk:     207528 kB
Time pass: 219 sec

---2015-10-15 22:10:21
MemTotal:        1420824 kB
MemFree:           39240 kB
Buffers:           11992 kB
Cached:           641456 kB
SwapCached:            0 kB
Active:           618612 kB
Inactive:         520332 kB
Active(anon):     442904 kB
Inactive(anon):    44056 kB
Active(file):     175708 kB
Inactive(file):   476276 kB
Unevictable:         292 kB
Mlocked:               0 kB
HighTotal:       1001472 kB
HighFree:           5044 kB
LowTotal:         419352 kB
LowFree:           34196 kB
SwapTotal:        786428 kB
SwapFree:         786428 kB
Dirty:                 0 kB
Writeback:             0 kB
AnonPages:        485792 kB
Mapped:           207236 kB
Shmem:              1172 kB
Slab:              43460 kB
SReclaimable:      15776 kB
SUnreclaim:        27684 kB
KernelStack:       10088 kB
PageTables:        15968 kB
NFS_Unstable:          0 kB
Bounce:                0 kB
WritebackTmp:          0 kB
CommitLimit:     1496840 kB
Committed_AS:   22527672 kB
VmallocTotal:     458752 kB
VmallocUsed:       88680 kB
VmallocChunk:     207528 kB
Time pass: 222 sec

---2015-10-15 22:10:21
MemTotal:        1420824 kB
MemFree:           40984 kB
Buffers:           11592 kB
Cached:           639048 kB
SwapCached:            0 kB
Active:           612584 kB
Inactive:         524052 kB
Active(anon):     436876 kB
Inactive(anon):    50608 kB
Active(file):     175708 kB
Inactive(file):   473444 kB
Unevictable:         292 kB
Mlocked:               0 kB
HighTotal:       1001472 kB
HighFree:           6652 kB
LowTotal:         419352 kB
LowFree:           34332 kB
SwapTotal:        786428 kB
SwapFree:         786428 kB
Dirty:                 0 kB
Writeback:             0 kB
AnonPages:        486352 kB
Mapped:           207260 kB
Shmem:              1196 kB
Slab:              43608 kB
SReclaimable:      15780 kB
SUnreclaim:        27828 kB
KernelStack:       10088 kB
PageTables:        15968 kB
NFS_Unstable:          0 kB
Bounce:                0 kB
WritebackTmp:          0 kB
CommitLimit:     1496840 kB
Committed_AS:   22528068 kB
VmallocTotal:     458752 kB
VmallocUsed:       88680 kB
VmallocChunk:     207528 kB
Time pass: 226 sec

---2015-10-15 22:10:21
MemTotal:        1420824 kB
MemFree:           40496 kB
Buffers:           11608 kB
Cached:           639032 kB
SwapCached:            0 kB
Active:           612624 kB
Inactive:         524052 kB
Active(anon):     436916 kB
Inactive(anon):    50608 kB
Active(file):     175708 kB
Inactive(file):   473444 kB
Unevictable:         292 kB
Mlocked:               0 kB
HighTotal:       1001472 kB
HighFree:           5484 kB
LowTotal:         419352 kB
LowFree:           35012 kB
SwapTotal:        786428 kB
SwapFree:         786428 kB
Dirty:                 0 kB
Writeback:             0 kB
AnonPages:        486380 kB
Mapped:           207320 kB
Shmem:              1196 kB
Slab:              43644 kB
SReclaimable:      15764 kB
SUnreclaim:        27880 kB
KernelStack:       10088 kB
PageTables:        15972 kB
NFS_Unstable:          0 kB
Bounce:                0 kB
WritebackTmp:          0 kB
CommitLimit:     1496840 kB
Committed_AS:   22527784 kB
VmallocTotal:     458752 kB
VmallocUsed:       88712 kB
VmallocChunk:     207528 kB
Time pass: 229 sec

---2015-10-15 22:10:21
MemTotal:        1420824 kB
MemFree:           40352 kB
Buffers:           11608 kB
Cached:           639052 kB
SwapCached:            0 kB
Active:           612564 kB
Inactive:         524072 kB
Active(anon):     436856 kB
Inactive(anon):    50612 kB
Active(file):     175708 kB
Inactive(file):   473460 kB
Unevictable:         292 kB
Mlocked:               0 kB
HighTotal:       1001472 kB
HighFree:           5348 kB
LowTotal:         419352 kB
LowFree:           35004 kB
SwapTotal:        786428 kB
SwapFree:         786428 kB
Dirty:                40 kB
Writeback:             0 kB
AnonPages:        486580 kB
Mapped:           207312 kB
Shmem:              1200 kB
Slab:              43608 kB
SReclaimable:      15764 kB
SUnreclaim:        27844 kB
KernelStack:       10088 kB
PageTables:        15972 kB
NFS_Unstable:          0 kB
Bounce:                0 kB
WritebackTmp:          0 kB
CommitLimit:     1496840 kB
Committed_AS:   22527760 kB
VmallocTotal:     458752 kB
VmallocUsed:       88712 kB
VmallocChunk:     207528 kB
Time pass: 233 sec

---2015-10-15 22:10:21
MemTotal:        1420824 kB
MemFree:           41324 kB
Buffers:           11616 kB
Cached:           639052 kB
SwapCached:            0 kB
Active:           612672 kB
Inactive:         524080 kB
Active(anon):     436964 kB
Inactive(anon):    50612 kB
Active(file):     175708 kB
Inactive(file):   473468 kB
Unevictable:         292 kB
Mlocked:               0 kB
HighTotal:       1001472 kB
HighFree:           5248 kB
LowTotal:         419352 kB
LowFree:           36076 kB
SwapTotal:        786428 kB
SwapFree:         786428 kB
Dirty:                28 kB
Writeback:             0 kB
AnonPages:        486312 kB
Mapped:           207264 kB
Shmem:              1200 kB
Slab:              43556 kB
SReclaimable:      15764 kB
SUnreclaim:        27792 kB
KernelStack:       10088 kB
PageTables:        15972 kB
NFS_Unstable:          0 kB
Bounce:                0 kB
WritebackTmp:          0 kB
CommitLimit:     1496840 kB
Committed_AS:   22527744 kB
VmallocTotal:     458752 kB
VmallocUsed:       88648 kB
VmallocChunk:     207528 kB
Time pass: 236 sec

---2015-10-15 22:10:21
MemTotal:        1420824 kB
MemFree:           39524 kB
Buffers:           11616 kB
Cached:           639120 kB
SwapCached:            0 kB
Active:           613472 kB
Inactive:         524148 kB
Active(anon):     437764 kB
Inactive(anon):    50680 kB
Active(file):     175708 kB
Inactive(file):   473468 kB
Unevictable:         292 kB
Mlocked:               0 kB
HighTotal:       1001472 kB
HighFree:           5124 kB
LowTotal:         419352 kB
LowFree:           34400 kB
SwapTotal:        786428 kB
SwapFree:         786428 kB
Dirty:                 0 kB
Writeback:             0 kB
AnonPages:        487308 kB
Mapped:           207332 kB
Shmem:              1268 kB
Slab:              43664 kB
SReclaimable:      15764 kB
SUnreclaim:        27900 kB
KernelStack:       10088 kB
PageTables:        15972 kB
NFS_Unstable:          0 kB
Bounce:                0 kB
WritebackTmp:          0 kB
CommitLimit:     1496840 kB
Committed_AS:   22528548 kB
VmallocTotal:     458752 kB
VmallocUsed:       88680 kB
VmallocChunk:     207528 kB
Time pass: 240 sec

---2015-10-15 22:10:21
MemTotal:        1420824 kB
MemFree:           39928 kB
Buffers:           11616 kB
Cached:           639120 kB
SwapCached:            0 kB
Active:           613308 kB
Inactive:         524148 kB
Active(anon):     437600 kB
Inactive(anon):    50680 kB
Active(file):     175708 kB
Inactive(file):   473468 kB
Unevictable:         292 kB
Mlocked:               0 kB
HighTotal:       1001472 kB
HighFree:           5124 kB
LowTotal:         419352 kB
LowFree:           34804 kB
SwapTotal:        786428 kB
SwapFree:         786428 kB
Dirty:                 0 kB
Writeback:             0 kB
AnonPages:        487020 kB
Mapped:           207332 kB
Shmem:              1268 kB
Slab:              43548 kB
SReclaimable:      15764 kB
SUnreclaim:        27784 kB
KernelStack:       10088 kB
PageTables:        15972 kB
NFS_Unstable:          0 kB
Bounce:                0 kB
WritebackTmp:          0 kB
CommitLimit:     1496840 kB
Committed_AS:   22528304 kB
VmallocTotal:     458752 kB
VmallocUsed:       88680 kB
VmallocChunk:     207528 kB
Time pass: 244 sec

---2015-10-15 22:10:21
MemTotal:        1420824 kB
MemFree:           40308 kB
Buffers:           11616 kB
Cached:           639132 kB
SwapCached:            0 kB
Active:           613464 kB
Inactive:         524160 kB
Active(anon):     437756 kB
Inactive(anon):    50692 kB
Active(file):     175708 kB
Inactive(file):   473468 kB
Unevictable:         292 kB
Mlocked:               0 kB
HighTotal:       1001472 kB
HighFree:           5184 kB
LowTotal:         419352 kB
LowFree:           35124 kB
SwapTotal:        786428 kB
SwapFree:         786428 kB
Dirty:                 0 kB
Writeback:             0 kB
AnonPages:        487200 kB
Mapped:           207344 kB
Shmem:              1280 kB
Slab:              43512 kB
SReclaimable:      15764 kB
SUnreclaim:        27748 kB
KernelStack:       10088 kB
PageTables:        15972 kB
NFS_Unstable:          0 kB
Bounce:                0 kB
WritebackTmp:          0 kB
CommitLimit:     1496840 kB
Committed_AS:   22528444 kB
VmallocTotal:     458752 kB
VmallocUsed:       88680 kB
VmallocChunk:     207528 kB
Time pass: 247 sec

---2015-10-15 22:10:21
MemTotal:        1420824 kB
MemFree:           42048 kB
Buffers:           11312 kB
Cached:           637124 kB
SwapCached:            0 kB
Active:           608304 kB
Inactive:         527224 kB
Active(anon):     432596 kB
Inactive(anon):    56076 kB
Active(file):     175708 kB
Inactive(file):   471148 kB
Unevictable:         292 kB
Mlocked:               0 kB
HighTotal:       1001472 kB
HighFree:           6796 kB
LowTotal:         419352 kB
LowFree:           35252 kB
SwapTotal:        786428 kB
SwapFree:         786428 kB
Dirty:                64 kB
Writeback:             0 kB
AnonPages:        487404 kB
Mapped:           207352 kB
Shmem:              1288 kB
Slab:              43564 kB
SReclaimable:      15760 kB
SUnreclaim:        27804 kB
KernelStack:       10096 kB
PageTables:        15972 kB
NFS_Unstable:          0 kB
Bounce:                0 kB
WritebackTmp:          0 kB
CommitLimit:     1496840 kB
Committed_AS:   22528376 kB
VmallocTotal:     458752 kB
VmallocUsed:       88680 kB
VmallocChunk:     207528 kB
Time pass: 251 sec

---2015-10-15 22:10:21
MemTotal:        1420824 kB
MemFree:           42068 kB
Buffers:           11320 kB
Cached:           637124 kB
SwapCached:            0 kB
Active:           608224 kB
Inactive:         527220 kB
Active(anon):     432516 kB
Inactive(anon):    56072 kB
Active(file):     175708 kB
Inactive(file):   471148 kB
Unevictable:         292 kB
Mlocked:               0 kB
HighTotal:       1001472 kB
HighFree:           6424 kB
LowTotal:         419352 kB
LowFree:           35644 kB
SwapTotal:        786428 kB
SwapFree:         786428 kB
Dirty:                28 kB
Writeback:             0 kB
AnonPages:        487332 kB
Mapped:           207312 kB
Shmem:              1288 kB
Slab:              43588 kB
SReclaimable:      15760 kB
SUnreclaim:        27828 kB
KernelStack:       10096 kB
PageTables:        15956 kB
NFS_Unstable:          0 kB
Bounce:                0 kB
WritebackTmp:          0 kB
CommitLimit:     1496840 kB
Committed_AS:   22528356 kB
VmallocTotal:     458752 kB
VmallocUsed:       88680 kB
VmallocChunk:     207528 kB
Time pass: 254 sec

---2015-10-15 22:10:21
MemTotal:        1420824 kB
MemFree:           41804 kB
Buffers:           11320 kB
Cached:           637124 kB
SwapCached:            0 kB
Active:           608304 kB
Inactive:         527228 kB
Active(anon):     432596 kB
Inactive(anon):    56072 kB
Active(file):     175708 kB
Inactive(file):   471156 kB
Unevictable:         292 kB
Mlocked:               0 kB
HighTotal:       1001472 kB
HighFree:           5804 kB
LowTotal:         419352 kB
LowFree:           36000 kB
SwapTotal:        786428 kB
SwapFree:         786428 kB
Dirty:                28 kB
Writeback:             0 kB
AnonPages:        487384 kB
Mapped:           207352 kB
Shmem:              1288 kB
Slab:              43580 kB
SReclaimable:      15760 kB
SUnreclaim:        27820 kB
KernelStack:       10096 kB
PageTables:        15976 kB
NFS_Unstable:          0 kB
Bounce:                0 kB
WritebackTmp:          0 kB
CommitLimit:     1496840 kB
Committed_AS:   22528376 kB
VmallocTotal:     458752 kB
VmallocUsed:       88680 kB
VmallocChunk:     207528 kB
Time pass: 258 sec

---2015-10-15 22:10:21
MemTotal:        1420824 kB
MemFree:           41812 kB
Buffers:           11320 kB
Cached:           637124 kB
SwapCached:            0 kB
Active:           608508 kB
Inactive:         527228 kB
Active(anon):     432800 kB
Inactive(anon):    56072 kB
Active(file):     175708 kB
Inactive(file):   471156 kB
Unevictable:         292 kB
Mlocked:               0 kB
HighTotal:       1001472 kB
HighFree:           5380 kB
LowTotal:         419352 kB
LowFree:           36432 kB
SwapTotal:        786428 kB
SwapFree:         786428 kB
Dirty:                 0 kB
Writeback:             0 kB
AnonPages:        487616 kB
Mapped:           207352 kB
Shmem:              1288 kB
Slab:              43648 kB
SReclaimable:      15760 kB
SUnreclaim:        27888 kB
KernelStack:       10096 kB
PageTables:        15976 kB
NFS_Unstable:          0 kB
Bounce:                0 kB
WritebackTmp:          0 kB
CommitLimit:     1496840 kB
Committed_AS:   22528368 kB
VmallocTotal:     458752 kB
VmallocUsed:       88680 kB
VmallocChunk:     207528 kB
Time pass: 261 sec

---2015-10-15 22:10:21
MemTotal:        1420824 kB
MemFree:           40432 kB
Buffers:           11328 kB
Cached:           637128 kB
SwapCached:            0 kB
Active:           609660 kB
Inactive:         527240 kB
Active(anon):     433952 kB
Inactive(anon):    56072 kB
Active(file):     175708 kB
Inactive(file):   471168 kB
Unevictable:         292 kB
Mlocked:               0 kB
HighTotal:       1001472 kB
HighFree:           5080 kB
LowTotal:         419352 kB
LowFree:           35352 kB
SwapTotal:        786428 kB
SwapFree:         786428 kB
Dirty:                40 kB
Writeback:             0 kB
AnonPages:        488828 kB
Mapped:           207408 kB
Shmem:              1288 kB
Slab:              43664 kB
SReclaimable:      15760 kB
SUnreclaim:        27904 kB
KernelStack:       10104 kB
PageTables:        15976 kB
NFS_Unstable:          0 kB
Bounce:                0 kB
WritebackTmp:          0 kB
CommitLimit:     1496840 kB
Committed_AS:   22528892 kB
VmallocTotal:     458752 kB
VmallocUsed:       88712 kB
VmallocChunk:     207528 kB
Time pass: 265 sec

---2015-10-15 22:10:21
MemTotal:        1420824 kB
MemFree:           39904 kB
Buffers:           11328 kB
Cached:           637124 kB
SwapCached:            0 kB
Active:           609836 kB
Inactive:         527228 kB
Active(anon):     434120 kB
Inactive(anon):    56072 kB
Active(file):     175716 kB
Inactive(file):   471156 kB
Unevictable:         292 kB
Mlocked:               0 kB
HighTotal:       1001472 kB
HighFree:           5080 kB
LowTotal:         419352 kB
LowFree:           34824 kB
SwapTotal:        786428 kB
SwapFree:         786428 kB
Dirty:                36 kB
Writeback:             0 kB
AnonPages:        488908 kB
Mapped:           207356 kB
Shmem:              1288 kB
Slab:              43628 kB
SReclaimable:      15756 kB
SUnreclaim:        27872 kB
KernelStack:       10104 kB
PageTables:        15984 kB
NFS_Unstable:          0 kB
Bounce:                0 kB
WritebackTmp:          0 kB
CommitLimit:     1496840 kB
Committed_AS:   22528468 kB
VmallocTotal:     458752 kB
VmallocUsed:       88680 kB
VmallocChunk:     207528 kB
Time pass: 268 sec

---2015-10-15 22:10:21
MemTotal:        1420824 kB
MemFree:           43104 kB
Buffers:           11040 kB
Cached:           635300 kB
SwapCached:            0 kB
Active:           604928 kB
Inactive:         530108 kB
Active(anon):     429212 kB
Inactive(anon):    61064 kB
Active(file):     175716 kB
Inactive(file):   469044 kB
Unevictable:         292 kB
Mlocked:               0 kB
HighTotal:       1001472 kB
HighFree:           7168 kB
LowTotal:         419352 kB
LowFree:           35936 kB
SwapTotal:        786428 kB
SwapFree:         786428 kB
Dirty:                 0 kB
Writeback:             0 kB
AnonPages:        489084 kB
Mapped:           207356 kB
Shmem:              1288 kB
Slab:              43536 kB
SReclaimable:      15752 kB
SUnreclaim:        27784 kB
KernelStack:       10096 kB
PageTables:        15984 kB
NFS_Unstable:          0 kB
Bounce:                0 kB
WritebackTmp:          0 kB
CommitLimit:     1496840 kB
Committed_AS:   22528420 kB
VmallocTotal:     458752 kB
VmallocUsed:       88648 kB
VmallocChunk:     207528 kB
Time pass: 272 sec

---2015-10-15 22:10:21
MemTotal:        1420824 kB
MemFree:           43120 kB
Buffers:           11048 kB
Cached:           635300 kB
SwapCached:            0 kB
Active:           604372 kB
Inactive:         530108 kB
Active(anon):     428656 kB
Inactive(anon):    61064 kB
Active(file):     175716 kB
Inactive(file):   469044 kB
Unevictable:         292 kB
Mlocked:               0 kB
HighTotal:       1001472 kB
HighFree:           6632 kB
LowTotal:         419352 kB
LowFree:           36488 kB
SwapTotal:        786428 kB
SwapFree:         786428 kB
Dirty:                28 kB
Writeback:             0 kB
AnonPages:        488436 kB
Mapped:           207356 kB
Shmem:              1288 kB
Slab:              43524 kB
SReclaimable:      15744 kB
SUnreclaim:        27780 kB
KernelStack:       10096 kB
PageTables:        15984 kB
NFS_Unstable:          0 kB
Bounce:                0 kB
WritebackTmp:          0 kB
CommitLimit:     1496840 kB
Committed_AS:   22528384 kB
VmallocTotal:     458752 kB
VmallocUsed:       88680 kB
VmallocChunk:     207528 kB
Time pass: 275 sec

---2015-10-15 22:10:21
MemTotal:        1420824 kB
MemFree:           43196 kB
Buffers:           11080 kB
Cached:           635324 kB
SwapCached:            0 kB
Active:           603200 kB
Inactive:         530172 kB
Active(anon):     427484 kB
Inactive(anon):    61064 kB
Active(file):     175716 kB
Inactive(file):   469108 kB
Unevictable:         292 kB
Mlocked:               0 kB
HighTotal:       1001472 kB
HighFree:           5044 kB
LowTotal:         419352 kB
LowFree:           38152 kB
SwapTotal:        786428 kB
SwapFree:         786428 kB
Dirty:                76 kB
Writeback:             0 kB
AnonPages:        487152 kB
Mapped:           207400 kB
Shmem:              1288 kB
Slab:              43536 kB
SReclaimable:      15744 kB
SUnreclaim:        27792 kB
KernelStack:       10096 kB
PageTables:        15968 kB
NFS_Unstable:          0 kB
Bounce:                0 kB
WritebackTmp:          0 kB
CommitLimit:     1496840 kB
Committed_AS:   22527040 kB
VmallocTotal:     458752 kB
VmallocUsed:       88712 kB
VmallocChunk:     207528 kB
Time pass: 279 sec

---2015-10-15 22:10:21
MemTotal:        1420824 kB
MemFree:           43956 kB
Buffers:           11080 kB
Cached:           635324 kB
SwapCached:            0 kB
Active:           603136 kB
Inactive:         530172 kB
Active(anon):     427420 kB
Inactive(anon):    61064 kB
Active(file):     175716 kB
Inactive(file):   469108 kB
Unevictable:         292 kB
Mlocked:               0 kB
HighTotal:       1001472 kB
HighFree:           5132 kB
LowTotal:         419352 kB
LowFree:           38824 kB
SwapTotal:        786428 kB
SwapFree:         786428 kB
Dirty:                 8 kB
Writeback:             0 kB
AnonPages:        487252 kB
Mapped:           207352 kB
Shmem:              1288 kB
Slab:              43520 kB
SReclaimable:      15752 kB
SUnreclaim:        27768 kB
KernelStack:       10096 kB
PageTables:        15968 kB
NFS_Unstable:          0 kB
Bounce:                0 kB
WritebackTmp:          0 kB
CommitLimit:     1496840 kB
Committed_AS:   22527036 kB
VmallocTotal:     458752 kB
VmallocUsed:       88680 kB
VmallocChunk:     207528 kB
Time pass: 282 sec

---2015-10-15 22:10:21
MemTotal:        1420824 kB
MemFree:           43628 kB
Buffers:           11088 kB
Cached:           635324 kB
SwapCached:            0 kB
Active:           603092 kB
Inactive:         530180 kB
Active(anon):     427376 kB
Inactive(anon):    61064 kB
Active(file):     175716 kB
Inactive(file):   469116 kB
Unevictable:         292 kB
Mlocked:               0 kB
HighTotal:       1001472 kB
HighFree:           5132 kB
LowTotal:         419352 kB
LowFree:           38496 kB
SwapTotal:        786428 kB
SwapFree:         786428 kB
Dirty:                32 kB
Writeback:             0 kB
AnonPages:        487208 kB
Mapped:           207352 kB
Shmem:              1288 kB
Slab:              43536 kB
SReclaimable:      15752 kB
SUnreclaim:        27784 kB
KernelStack:       10096 kB
PageTables:        15968 kB
NFS_Unstable:          0 kB
Bounce:                0 kB
WritebackTmp:          0 kB
CommitLimit:     1496840 kB
Committed_AS:   22527028 kB
VmallocTotal:     458752 kB
VmallocUsed:       88680 kB
VmallocChunk:     207528 kB
Time pass: 286 sec

---2015-10-15 22:10:21
MemTotal:        1420824 kB
MemFree:           43396 kB
Buffers:           11104 kB
Cached:           635308 kB
SwapCached:            0 kB
Active:           603484 kB
Inactive:         530180 kB
Active(anon):     427768 kB
Inactive(anon):    61064 kB
Active(file):     175716 kB
Inactive(file):   469116 kB
Unevictable:         292 kB
Mlocked:               0 kB
HighTotal:       1001472 kB
HighFree:           5132 kB
LowTotal:         419352 kB
LowFree:           38264 kB
SwapTotal:        786428 kB
SwapFree:         786428 kB
Dirty:                36 kB
Writeback:             0 kB
AnonPages:        487408 kB
Mapped:           207400 kB
Shmem:              1288 kB
Slab:              43628 kB
SReclaimable:      15760 kB
SUnreclaim:        27868 kB
KernelStack:       10096 kB
PageTables:        15956 kB
NFS_Unstable:          0 kB
Bounce:                0 kB
WritebackTmp:          0 kB
CommitLimit:     1496840 kB
Committed_AS:   22527084 kB
VmallocTotal:     458752 kB
VmallocUsed:       88712 kB
VmallocChunk:     207528 kB
Time pass: 289 sec

---2015-10-15 22:10:21
MemTotal:        1420824 kB
MemFree:           43420 kB
Buffers:           11104 kB
Cached:           635324 kB
SwapCached:            0 kB
Active:           603412 kB
Inactive:         530196 kB
Active(anon):     427696 kB
Inactive(anon):    61064 kB
Active(file):     175716 kB
Inactive(file):   469132 kB
Unevictable:         292 kB
Mlocked:               0 kB
HighTotal:       1001472 kB
HighFree:           5132 kB
LowTotal:         419352 kB
LowFree:           38288 kB
SwapTotal:        786428 kB
SwapFree:         786428 kB
Dirty:                 0 kB
Writeback:             0 kB
AnonPages:        487476 kB
Mapped:           207352 kB
Shmem:              1288 kB
Slab:              43660 kB
SReclaimable:      15760 kB
SUnreclaim:        27900 kB
KernelStack:       10096 kB
PageTables:        15968 kB
NFS_Unstable:          0 kB
Bounce:                0 kB
WritebackTmp:          0 kB
CommitLimit:     1496840 kB
Committed_AS:   22527084 kB
VmallocTotal:     458752 kB
VmallocUsed:       88680 kB
VmallocChunk:     207528 kB
Time pass: 292 sec

---2015-10-15 22:10:21
MemTotal:        1420824 kB
MemFree:           43304 kB
Buffers:           11112 kB
Cached:           635324 kB
SwapCached:            0 kB
Active:           603444 kB
Inactive:         530204 kB
Active(anon):     427728 kB
Inactive(anon):    61064 kB
Active(file):     175716 kB
Inactive(file):   469140 kB
Unevictable:         292 kB
Mlocked:               0 kB
HighTotal:       1001472 kB
HighFree:           5132 kB
LowTotal:         419352 kB
LowFree:           38172 kB
SwapTotal:        786428 kB
SwapFree:         786428 kB
Dirty:                28 kB
Writeback:             0 kB
AnonPages:        487516 kB
Mapped:           207352 kB
Shmem:              1288 kB
Slab:              43616 kB
SReclaimable:      15760 kB
SUnreclaim:        27856 kB
KernelStack:       10096 kB
PageTables:        15968 kB
NFS_Unstable:          0 kB
Bounce:                0 kB
WritebackTmp:          0 kB
CommitLimit:     1496840 kB
Committed_AS:   22527080 kB
VmallocTotal:     458752 kB
VmallocUsed:       88680 kB
VmallocChunk:     207528 kB
Time pass: 296 sec

---2015-10-15 22:10:21
MemTotal:        1420824 kB
MemFree:           44312 kB
Buffers:           11112 kB
Cached:           635368 kB
SwapCached:            0 kB
Active:           603612 kB
Inactive:         530248 kB
Active(anon):     427896 kB
Inactive(anon):    61108 kB
Active(file):     175716 kB
Inactive(file):   469140 kB
Unevictable:         292 kB
Mlocked:               0 kB
HighTotal:       1001472 kB
HighFree:           5672 kB
LowTotal:         419352 kB
LowFree:           38640 kB
SwapTotal:        786428 kB
SwapFree:         786428 kB
Dirty:                28 kB
Writeback:             0 kB
AnonPages:        487644 kB
Mapped:           207296 kB
Shmem:              1332 kB
Slab:              43596 kB
SReclaimable:      15760 kB
SUnreclaim:        27836 kB
KernelStack:       10096 kB
PageTables:        15964 kB
NFS_Unstable:          0 kB
Bounce:                0 kB
WritebackTmp:          0 kB
CommitLimit:     1496840 kB
Committed_AS:   22527188 kB
VmallocTotal:     458752 kB
VmallocUsed:       88712 kB
VmallocChunk:     207528 kB
Time pass: 299 sec

---2015-10-15 22:10:21
MemTotal:        1420824 kB
MemFree:           43276 kB
Buffers:           11112 kB
Cached:           635368 kB
SwapCached:            0 kB
Active:           603748 kB
Inactive:         530248 kB
Active(anon):     428032 kB
Inactive(anon):    61108 kB
Active(file):     175716 kB
Inactive(file):   469140 kB
Unevictable:         292 kB
Mlocked:               0 kB
HighTotal:       1001472 kB
HighFree:           5068 kB
LowTotal:         419352 kB
LowFree:           38208 kB
SwapTotal:        786428 kB
SwapFree:         786428 kB
Dirty:                 0 kB
Writeback:             0 kB
AnonPages:        487892 kB
Mapped:           207356 kB
Shmem:              1332 kB
Slab:              43696 kB
SReclaimable:      15760 kB
SUnreclaim:        27936 kB
KernelStack:       10112 kB
PageTables:        15980 kB
NFS_Unstable:          0 kB
Bounce:                0 kB
WritebackTmp:          0 kB
CommitLimit:     1496840 kB
Committed_AS:   22527196 kB
VmallocTotal:     458752 kB
VmallocUsed:       88680 kB
VmallocChunk:     207528 kB
Time pass: 303 sec

---2015-10-15 22:10:21
MemTotal:        1420824 kB
MemFree:           44544 kB
Buffers:           11112 kB
Cached:           635368 kB
SwapCached:            0 kB
Active:           603776 kB
Inactive:         530248 kB
Active(anon):     428060 kB
Inactive(anon):    61108 kB
Active(file):     175716 kB
Inactive(file):   469140 kB
Unevictable:         292 kB
Mlocked:               0 kB
HighTotal:       1001472 kB
HighFree:           5304 kB
LowTotal:         419352 kB
LowFree:           39240 kB
SwapTotal:        786428 kB
SwapFree:         786428 kB
Dirty:                 0 kB
Writeback:             0 kB
AnonPages:        487936 kB
Mapped:           207396 kB
Shmem:              1332 kB
Slab:              43500 kB
SReclaimable:      15764 kB
SUnreclaim:        27736 kB
KernelStack:       10096 kB
PageTables:        15968 kB
NFS_Unstable:          0 kB
Bounce:                0 kB
WritebackTmp:          0 kB
CommitLimit:     1496840 kB
Committed_AS:   22527204 kB
VmallocTotal:     458752 kB
VmallocUsed:       88648 kB
VmallocChunk:     207528 kB
Time pass: 307 sec

---2015-10-15 22:10:21
MemTotal:        1420824 kB
MemFree:           43544 kB
Buffers:           11128 kB
Cached:           635368 kB
SwapCached:            0 kB
Active:           603796 kB
Inactive:         530264 kB
Active(anon):     428080 kB
Inactive(anon):    61108 kB
Active(file):     175716 kB
Inactive(file):   469156 kB
Unevictable:         292 kB
Mlocked:               0 kB
HighTotal:       1001472 kB
HighFree:           5060 kB
LowTotal:         419352 kB
LowFree:           38484 kB
SwapTotal:        786428 kB
SwapFree:         786428 kB
Dirty:                40 kB
Writeback:             0 kB
AnonPages:        487988 kB
Mapped:           207396 kB
Shmem:              1332 kB
Slab:              43540 kB
SReclaimable:      15768 kB
SUnreclaim:        27772 kB
KernelStack:       10088 kB
PageTables:        15968 kB
NFS_Unstable:          0 kB
Bounce:                0 kB
WritebackTmp:          0 kB
CommitLimit:     1496840 kB
Committed_AS:   22527208 kB
VmallocTotal:     458752 kB
VmallocUsed:       88680 kB
VmallocChunk:     207528 kB
Time pass: 310 sec

---2015-10-15 22:10:21
MemTotal:        1420824 kB
MemFree:           43372 kB
Buffers:           11128 kB
Cached:           635368 kB
SwapCached:            0 kB
Active:           603828 kB
Inactive:         530264 kB
Active(anon):     428112 kB
Inactive(anon):    61108 kB
Active(file):     175716 kB
Inactive(file):   469156 kB
Unevictable:         292 kB
Mlocked:               0 kB
HighTotal:       1001472 kB
HighFree:           5100 kB
LowTotal:         419352 kB
LowFree:           38272 kB
SwapTotal:        786428 kB
SwapFree:         786428 kB
Dirty:                40 kB
Writeback:             0 kB
AnonPages:        487904 kB
Mapped:           207396 kB
Shmem:              1332 kB
Slab:              43524 kB
SReclaimable:      15768 kB
SUnreclaim:        27756 kB
KernelStack:       10088 kB
PageTables:        15968 kB
NFS_Unstable:          0 kB
Bounce:                0 kB
WritebackTmp:          0 kB
CommitLimit:     1496840 kB
Committed_AS:   22527124 kB
VmallocTotal:     458752 kB
VmallocUsed:       88680 kB
VmallocChunk:     207528 kB
Time pass: 314 sec

---2015-10-15 22:10:21
MemTotal:        1420824 kB
MemFree:           42964 kB
Buffers:           11136 kB
Cached:           635368 kB
SwapCached:            0 kB
Active:           604036 kB
Inactive:         530272 kB
Active(anon):     428320 kB
Inactive(anon):    61108 kB
Active(file):     175716 kB
Inactive(file):   469164 kB
Unevictable:         292 kB
Mlocked:               0 kB
HighTotal:       1001472 kB
HighFree:           5076 kB
LowTotal:         419352 kB
LowFree:           37888 kB
SwapTotal:        786428 kB
SwapFree:         786428 kB
Dirty:                28 kB
Writeback:             0 kB
AnonPages:        487940 kB
Mapped:           207444 kB
Shmem:              1332 kB
Slab:              43652 kB
SReclaimable:      15768 kB
SUnreclaim:        27884 kB
KernelStack:       10088 kB
PageTables:        15968 kB
NFS_Unstable:          0 kB
Bounce:                0 kB
WritebackTmp:          0 kB
CommitLimit:     1496840 kB
Committed_AS:   22527132 kB
VmallocTotal:     458752 kB
VmallocUsed:       88712 kB
VmallocChunk:     207528 kB
Time pass: 317 sec

---2015-10-15 22:10:21
MemTotal:        1420824 kB
MemFree:           42936 kB
Buffers:           11136 kB
Cached:           635368 kB
SwapCached:            0 kB
Active:           603912 kB
Inactive:         530272 kB
Active(anon):     428196 kB
Inactive(anon):    61108 kB
Active(file):     175716 kB
Inactive(file):   469164 kB
Unevictable:         292 kB
Mlocked:               0 kB
HighTotal:       1001472 kB
HighFree:           5100 kB
LowTotal:         419352 kB
LowFree:           37836 kB
SwapTotal:        786428 kB
SwapFree:         786428 kB
Dirty:                 0 kB
Writeback:             0 kB
AnonPages:        487952 kB
Mapped:           207396 kB
Shmem:              1332 kB
Slab:              43552 kB
SReclaimable:      15768 kB
SUnreclaim:        27784 kB
KernelStack:       10088 kB
PageTables:        15968 kB
NFS_Unstable:          0 kB
Bounce:                0 kB
WritebackTmp:          0 kB
CommitLimit:     1496840 kB
Committed_AS:   22527132 kB
VmallocTotal:     458752 kB
VmallocUsed:       88680 kB
VmallocChunk:     207528 kB
Time pass: 320 sec

---2015-10-15 22:10:21
MemTotal:        1420824 kB
MemFree:           42996 kB
Buffers:           11136 kB
Cached:           635368 kB
SwapCached:            0 kB
Active:           603992 kB
Inactive:         530272 kB
Active(anon):     428276 kB
Inactive(anon):    61108 kB
Active(file):     175716 kB
Inactive(file):   469164 kB
Unevictable:         292 kB
Mlocked:               0 kB
HighTotal:       1001472 kB
HighFree:           5100 kB
LowTotal:         419352 kB
LowFree:           37896 kB
SwapTotal:        786428 kB
SwapFree:         786428 kB
Dirty:                 0 kB
Writeback:             0 kB
AnonPages:        487980 kB
Mapped:           207396 kB
Shmem:              1332 kB
Slab:              43624 kB
SReclaimable:      15768 kB
