---2015-12-05 14:07:44
MemTotal:        2905316 kB
MemFree:           72972 kB
Buffers:           27300 kB
Cached:          1440064 kB
SwapCached:            0 kB
Active:          1276720 kB
Inactive:        1070788 kB
Active(anon):     777816 kB
Inactive(anon):   129900 kB
Active(file):     498904 kB
Inactive(file):   940888 kB
Unevictable:        7488 kB
Mlocked:               0 kB
SwapTotal:        720184 kB
SwapFree:         720184 kB
Dirty:                 0 kB
Writeback:             4 kB
AnonPages:        888208 kB
Mapped:           484332 kB
Shmem:             19940 kB
Slab:             117488 kB
SReclaimable:      35704 kB
SUnreclaim:        81784 kB
KernelStack:       31152 kB
PageTables:        56696 kB
NFS_Unstable:          0 kB
Bounce:                0 kB
WritebackTmp:          0 kB
CommitLimit:     2172840 kB
Committed_AS:   96773496 kB
VmallocTotal:   251658176 kB
VmallocUsed:      138544 kB
VmallocChunk:   251447340 kB
Time pass: 3 sec

---2015-12-05 14:07:44
MemTotal:        2905316 kB
MemFree:           77864 kB
Buffers:           27372 kB
Cached:          1398120 kB
SwapCached:            0 kB
Active:          1324336 kB
Inactive:        1017756 kB
Active(anon):     805496 kB
Inactive(anon):   138628 kB
Active(file):     518840 kB
Inactive(file):   879128 kB
Unevictable:        7488 kB
Mlocked:               0 kB
SwapTotal:        720184 kB
SwapFree:         720184 kB
Dirty:               804 kB
Writeback:             0 kB
AnonPages:        924180 kB
Mapped:           530784 kB
Shmem:             20096 kB
Slab:             119204 kB
SReclaimable:      35928 kB
SUnreclaim:        83276 kB
KernelStack:       33280 kB
PageTables:        56676 kB
NFS_Unstable:          0 kB
Bounce:                0 kB
WritebackTmp:          0 kB
CommitLimit:     2172840 kB
Committed_AS:   95251756 kB
VmallocTotal:   251658176 kB
VmallocUsed:      138680 kB
VmallocChunk:   251412012 kB
Time pass: 8 sec

---2015-12-05 14:07:44
MemTotal:        2905316 kB
MemFree:          130692 kB
Buffers:           27372 kB
Cached:          1398044 kB
SwapCached:            0 kB
Active:          1274352 kB
Inactive:        1017492 kB
Active(anon):     755380 kB
Inactive(anon):   138492 kB
Active(file):     518972 kB
Inactive(file):   879000 kB
Unevictable:        7488 kB
Mlocked:               0 kB
SwapTotal:        720184 kB
SwapFree:         720184 kB
Dirty:                36 kB
Writeback:             0 kB
AnonPages:        873856 kB
Mapped:           493520 kB
Shmem:             19956 kB
Slab:             118948 kB
SReclaimable:      36008 kB
SUnreclaim:        82940 kB
KernelStack:       31712 kB
PageTables:        54816 kB
NFS_Unstable:          0 kB
Bounce:                0 kB
WritebackTmp:          0 kB
CommitLimit:     2172840 kB
Committed_AS:   92001956 kB
VmallocTotal:   251658176 kB
VmallocUsed:      135496 kB
VmallocChunk:   251412012 kB
Time pass: 12 sec

---2015-12-05 14:07:44
MemTotal:        2905316 kB
MemFree:          149788 kB
Buffers:           27380 kB
Cached:          1399160 kB
SwapCached:            0 kB
Active:          1255576 kB
Inactive:        1018584 kB
Active(anon):     736572 kB
Inactive(anon):   138492 kB
Active(file):     519004 kB
Inactive(file):   880092 kB
Unevictable:        7488 kB
Mlocked:               0 kB
SwapTotal:        720184 kB
SwapFree:         720184 kB
Dirty:               120 kB
Writeback:             0 kB
AnonPages:        855312 kB
Mapped:           492728 kB
Shmem:             19956 kB
Slab:             118772 kB
SReclaimable:      36008 kB
SUnreclaim:        82764 kB
KernelStack:       31616 kB
PageTables:        54352 kB
NFS_Unstable:          0 kB
Bounce:                0 kB
WritebackTmp:          0 kB
CommitLimit:     2172840 kB
Committed_AS:   90753576 kB
VmallocTotal:   251658176 kB
VmallocUsed:      134476 kB
VmallocChunk:   251412012 kB
Time pass: 15 sec

---2015-12-05 14:07:44
MemTotal:        2905316 kB
MemFree:           62084 kB
Buffers:           27632 kB
Cached:          1438556 kB
SwapCached:            0 kB
Active:          1264192 kB
Inactive:        1057644 kB
Active(anon):     742728 kB
Inactive(anon):   140540 kB
Active(file):     521464 kB
Inactive(file):   917104 kB
Unevictable:        7488 kB
Mlocked:               0 kB
SwapTotal:        720184 kB
SwapFree:         720184 kB
Dirty:               296 kB
Writeback:             0 kB
AnonPages:        863384 kB
Mapped:           507412 kB
Shmem:             19956 kB
Slab:             118980 kB
SReclaimable:      36072 kB
SUnreclaim:        82908 kB
KernelStack:       31344 kB
PageTables:        54960 kB
NFS_Unstable:          0 kB
Bounce:                0 kB
WritebackTmp:          0 kB
CommitLimit:     2172840 kB
Committed_AS:   91527416 kB
VmallocTotal:   251658176 kB
VmallocUsed:      135360 kB
VmallocChunk:   251412012 kB
Time pass: 19 sec

---2015-12-05 14:07:44
MemTotal:        2905316 kB
MemFree:           80680 kB
Buffers:           28132 kB
Cached:          1253780 kB
SwapCached:            0 kB
Active:          1311764 kB
Inactive:         882956 kB
Active(anon):     774240 kB
Inactive(anon):   166148 kB
Active(file):     537524 kB
Inactive(file):   716808 kB
Unevictable:        7488 kB
Mlocked:               0 kB
SwapTotal:        720184 kB
SwapFree:         720184 kB
Dirty:              1816 kB
Writeback:             0 kB
AnonPages:        920548 kB
Mapped:           603420 kB
Shmem:             20220 kB
Slab:             119448 kB
SReclaimable:      36024 kB
SUnreclaim:        83424 kB
KernelStack:       34000 kB
PageTables:        55888 kB
NFS_Unstable:          0 kB
Bounce:                0 kB
WritebackTmp:          0 kB
CommitLimit:     2172840 kB
Committed_AS:   91597596 kB
VmallocTotal:   251658176 kB
VmallocUsed:      136248 kB
VmallocChunk:   251412012 kB
Time pass: 23 sec

---2015-12-05 14:07:44
MemTotal:        2905316 kB
MemFree:           94720 kB
Buffers:           28124 kB
Cached:          1239668 kB
SwapCached:            0 kB
Active:          1285080 kB
Inactive:         871124 kB
Active(anon):     746644 kB
Inactive(anon):   169476 kB
Active(file):     538436 kB
Inactive(file):   701648 kB
Unevictable:        7488 kB
Mlocked:               0 kB
SwapTotal:        720184 kB
SwapFree:         720184 kB
Dirty:                76 kB
Writeback:             0 kB
AnonPages:        895988 kB
Mapped:           619932 kB
Shmem:             20220 kB
Slab:             119576 kB
SReclaimable:      36024 kB
SUnreclaim:        83552 kB
KernelStack:       33984 kB
PageTables:        56056 kB
NFS_Unstable:          0 kB
Bounce:                0 kB
WritebackTmp:          0 kB
CommitLimit:     2172840 kB
Committed_AS:   91588668 kB
VmallocTotal:   251658176 kB
VmallocUsed:      136472 kB
VmallocChunk:   251412012 kB
Time pass: 26 sec

---2015-12-05 14:07:44
MemTotal:        2905316 kB
MemFree:           93392 kB
Buffers:           28140 kB
Cached:          1240968 kB
SwapCached:            0 kB
Active:          1286044 kB
Inactive:         872424 kB
Active(anon):     747596 kB
Inactive(anon):   169476 kB
Active(file):     538448 kB
Inactive(file):   702948 kB
Unevictable:        7488 kB
Mlocked:               0 kB
SwapTotal:        720184 kB
SwapFree:         720184 kB
Dirty:               168 kB
Writeback:             0 kB
AnonPages:        896836 kB
Mapped:           620092 kB
Shmem:             20220 kB
Slab:             119800 kB
SReclaimable:      36124 kB
SUnreclaim:        83676 kB
KernelStack:       33984 kB
PageTables:        56064 kB
NFS_Unstable:          0 kB
Bounce:                0 kB
WritebackTmp:          0 kB
CommitLimit:     2172840 kB
Committed_AS:   91588976 kB
VmallocTotal:   251658176 kB
VmallocUsed:      136472 kB
VmallocChunk:   251412012 kB
Time pass: 30 sec

---2015-12-05 14:07:44
MemTotal:        2905316 kB
MemFree:           90728 kB
Buffers:           28364 kB
Cached:          1241540 kB
SwapCached:            0 kB
Active:          1287120 kB
Inactive:         873096 kB
Active(anon):     748664 kB
Inactive(anon):   169516 kB
Active(file):     538456 kB
Inactive(file):   703580 kB
Unevictable:        7488 kB
Mlocked:               0 kB
SwapTotal:        720184 kB
SwapFree:         720184 kB
Dirty:                52 kB
Writeback:             0 kB
AnonPages:        898000 kB
Mapped:           620660 kB
Shmem:             20280 kB
Slab:             119820 kB
SReclaimable:      36124 kB
SUnreclaim:        83696 kB
KernelStack:       33920 kB
PageTables:        56128 kB
NFS_Unstable:          0 kB
Bounce:                0 kB
WritebackTmp:          0 kB
CommitLimit:     2172840 kB
Committed_AS:   91616056 kB
VmallocTotal:   251658176 kB
VmallocUsed:      136472 kB
VmallocChunk:   251412012 kB
Time pass: 34 sec

---2015-12-05 14:07:44
MemTotal:        2905316 kB
MemFree:           84324 kB
Buffers:           28404 kB
Cached:          1244800 kB
SwapCached:            0 kB
Active:          1290572 kB
Inactive:         876416 kB
Active(anon):     752088 kB
Inactive(anon):   169516 kB
Active(file):     538484 kB
Inactive(file):   706900 kB
Unevictable:        7488 kB
Mlocked:               0 kB
SwapTotal:        720184 kB
SwapFree:         720184 kB
Dirty:               116 kB
Writeback:             0 kB
AnonPages:        901468 kB
Mapped:           621740 kB
Shmem:             20280 kB
Slab:             119712 kB
SReclaimable:      36140 kB
SUnreclaim:        83572 kB
KernelStack:       34096 kB
PageTables:        56152 kB
NFS_Unstable:          0 kB
Bounce:                0 kB
WritebackTmp:          0 kB
CommitLimit:     2172840 kB
Committed_AS:   91618732 kB
VmallocTotal:   251658176 kB
VmallocUsed:      136472 kB
VmallocChunk:   251412012 kB
Time pass: 38 sec

---2015-12-05 14:07:44
MemTotal:        2905316 kB
MemFree:           66796 kB
Buffers:           28412 kB
Cached:          1244644 kB
SwapCached:            0 kB
Active:          1304456 kB
Inactive:         877008 kB
Active(anon):     765768 kB
Inactive(anon):   171052 kB
Active(file):     538688 kB
Inactive(file):   705956 kB
Unevictable:        7488 kB
Mlocked:               0 kB
SwapTotal:        720184 kB
SwapFree:         720184 kB
Dirty:                32 kB
Writeback:             0 kB
AnonPages:        916644 kB
Mapped:           627044 kB
Shmem:             20272 kB
Slab:             117884 kB
SReclaimable:      34252 kB
SUnreclaim:        83632 kB
KernelStack:       34080 kB
PageTables:        56216 kB
NFS_Unstable:          0 kB
Bounce:                0 kB
WritebackTmp:          0 kB
CommitLimit:     2172840 kB
Committed_AS:   91622340 kB
VmallocTotal:   251658176 kB
VmallocUsed:      136520 kB
VmallocChunk:   251412012 kB
Time pass: 41 sec

---2015-12-05 14:07:44
MemTotal:        2905316 kB
MemFree:           66044 kB
Buffers:           26296 kB
Cached:          1214152 kB
SwapCached:            0 kB
Active:          1300320 kB
Inactive:         851056 kB
Active(anon):     760456 kB
Inactive(anon):   178224 kB
Active(file):     539864 kB
Inactive(file):   672832 kB
Unevictable:        7488 kB
Mlocked:               0 kB
SwapTotal:        720184 kB
SwapFree:         720184 kB
Dirty:               228 kB
Writeback:             0 kB
AnonPages:        918600 kB
Mapped:           633324 kB
Shmem:             20284 kB
Slab:             119844 kB
SReclaimable:      36316 kB
SUnreclaim:        83528 kB
KernelStack:       34096 kB
PageTables:        56512 kB
NFS_Unstable:          0 kB
Bounce:                0 kB
WritebackTmp:          0 kB
CommitLimit:     2172840 kB
Committed_AS:   91647740 kB
VmallocTotal:   251658176 kB
VmallocUsed:      136728 kB
VmallocChunk:   251412012 kB
Time pass: 45 sec

---2015-12-05 14:07:44
MemTotal:        2905316 kB
MemFree:           80600 kB
Buffers:           26296 kB
Cached:          1200144 kB
SwapCached:            0 kB
Active:          1303516 kB
Inactive:         839264 kB
Active(anon):     763144 kB
Inactive(anon):   181040 kB
Active(file):     540372 kB
Inactive(file):   658224 kB
Unevictable:        7488 kB
Mlocked:               0 kB
SwapTotal:        720184 kB
SwapFree:         720184 kB
Dirty:               184 kB
Writeback:             0 kB
AnonPages:        924172 kB
Mapped:           628776 kB
Shmem:             20284 kB
Slab:             119848 kB
SReclaimable:      36332 kB
SUnreclaim:        83516 kB
KernelStack:       34096 kB
PageTables:        56528 kB
NFS_Unstable:          0 kB
Bounce:                0 kB
WritebackTmp:          0 kB
CommitLimit:     2172840 kB
Committed_AS:   91667852 kB
VmallocTotal:   251658176 kB
VmallocUsed:      137700 kB
VmallocChunk:   251412012 kB
Time pass: 49 sec

---2015-12-05 14:07:44
MemTotal:        2905316 kB
MemFree:           73636 kB
Buffers:           27792 kB
Cached:          1153028 kB
SwapCached:            0 kB
Active:          1318460 kB
Inactive:         799832 kB
Active(anon):     772376 kB
Inactive(anon):   193076 kB
Active(file):     546084 kB
Inactive(file):   606756 kB
Unevictable:        7488 kB
Mlocked:               0 kB
SwapTotal:        720184 kB
SwapFree:         720184 kB
Dirty:              1712 kB
Writeback:             0 kB
AnonPages:        945380 kB
Mapped:           674156 kB
Shmem:             20288 kB
Slab:             117160 kB
SReclaimable:      33600 kB
SUnreclaim:        83560 kB
KernelStack:       34240 kB
PageTables:        56492 kB
NFS_Unstable:          0 kB
Bounce:                0 kB
WritebackTmp:          0 kB
CommitLimit:     2172840 kB
Committed_AS:   91675344 kB
VmallocTotal:   251658176 kB
VmallocUsed:      138020 kB
VmallocChunk:   251412012 kB
Time pass: 52 sec

---2015-12-05 14:07:44
MemTotal:        2905316 kB
MemFree:           80100 kB
Buffers:           27720 kB
Cached:          1141836 kB
SwapCached:            0 kB
Active:          1314888 kB
Inactive:         784480 kB
Active(anon):     762856 kB
Inactive(anon):   194736 kB
Active(file):     552032 kB
Inactive(file):   589744 kB
Unevictable:        7488 kB
Mlocked:               0 kB
SwapTotal:        720184 kB
SwapFree:         720184 kB
Dirty:               844 kB
Writeback:             0 kB
AnonPages:        937296 kB
Mapped:           685528 kB
Shmem:             20288 kB
Slab:             119924 kB
SReclaimable:      36368 kB
SUnreclaim:        83556 kB
KernelStack:       34240 kB
PageTables:        56524 kB
NFS_Unstable:          0 kB
Bounce:                0 kB
WritebackTmp:          0 kB
CommitLimit:     2172840 kB
Committed_AS:   91664112 kB
VmallocTotal:   251658176 kB
VmallocUsed:      138124 kB
VmallocChunk:   251412012 kB
Time pass: 56 sec

---2015-12-05 14:07:44
MemTotal:        2905316 kB
MemFree:           78832 kB
Buffers:           27720 kB
Cached:          1141872 kB
SwapCached:            0 kB
Active:          1315744 kB
Inactive:         784516 kB
Active(anon):     763712 kB
Inactive(anon):   194732 kB
Active(file):     552032 kB
Inactive(file):   589784 kB
Unevictable:        7488 kB
Mlocked:               0 kB
SwapTotal:        720184 kB
SwapFree:         720184 kB
Dirty:                48 kB
Writeback:             0 kB
AnonPages:        938400 kB
Mapped:           685536 kB
Shmem:             20288 kB
Slab:             119912 kB
SReclaimable:      36384 kB
SUnreclaim:        83528 kB
KernelStack:       34240 kB
PageTables:        56520 kB
NFS_Unstable:          0 kB
Bounce:                0 kB
WritebackTmp:          0 kB
CommitLimit:     2172840 kB
Committed_AS:   91664032 kB
VmallocTotal:   251658176 kB
VmallocUsed:      138124 kB
VmallocChunk:   251412012 kB
Time pass: 60 sec

---2015-12-05 14:07:44
MemTotal:        2905316 kB
MemFree:           68324 kB
Buffers:           27620 kB
Cached:          1133420 kB
SwapCached:            0 kB
Active:          1321192 kB
Inactive:         773688 kB
Active(anon):     766896 kB
Inactive(anon):   194792 kB
Active(file):     554296 kB
Inactive(file):   578896 kB
Unevictable:        7488 kB
Mlocked:               0 kB
SwapTotal:        720184 kB
SwapFree:         720184 kB
Dirty:                56 kB
Writeback:             0 kB
AnonPages:        941792 kB
Mapped:           695344 kB
Shmem:             20348 kB
Slab:             119788 kB
SReclaimable:      36016 kB
SUnreclaim:        83772 kB
KernelStack:       34256 kB
PageTables:        56624 kB
NFS_Unstable:          0 kB
Bounce:                0 kB
WritebackTmp:          0 kB
CommitLimit:     2172840 kB
Committed_AS:   91690948 kB
VmallocTotal:   251658176 kB
VmallocUsed:      138248 kB
VmallocChunk:   251412012 kB
Time pass: 64 sec

---2015-12-05 14:07:44
MemTotal:        2905316 kB
MemFree:           73552 kB
Buffers:           27628 kB
Cached:          1133428 kB
SwapCached:            0 kB
Active:          1316772 kB
Inactive:         773708 kB
Active(anon):     762472 kB
Inactive(anon):   194792 kB
Active(file):     554300 kB
Inactive(file):   578916 kB
Unevictable:        7488 kB
Mlocked:               0 kB
SwapTotal:        720184 kB
SwapFree:         720184 kB
Dirty:               152 kB
Writeback:             0 kB
AnonPages:        936884 kB
Mapped:           691836 kB
Shmem:             20348 kB
Slab:             119944 kB
SReclaimable:      36240 kB
SUnreclaim:        83704 kB
KernelStack:       33952 kB
PageTables:        56040 kB
NFS_Unstable:          0 kB
Bounce:                0 kB
WritebackTmp:          0 kB
CommitLimit:     2172840 kB
Committed_AS:   90961972 kB
VmallocTotal:   251658176 kB
VmallocUsed:      137228 kB
VmallocChunk:   251412012 kB
Time pass: 67 sec

---2015-12-05 14:07:44
MemTotal:        2905316 kB
MemFree:           77476 kB
Buffers:           25820 kB
Cached:          1105176 kB
SwapCached:            0 kB
Active:          1318764 kB
Inactive:         742984 kB
Active(anon):     768980 kB
Inactive(anon):   194516 kB
Active(file):     549784 kB
Inactive(file):   548468 kB
Unevictable:       12424 kB
Mlocked:               0 kB
SwapTotal:        720184 kB
SwapFree:         720156 kB
Dirty:               576 kB
Writeback:             0 kB
AnonPages:        943348 kB
Mapped:           705064 kB
Shmem:             20320 kB
Slab:             119884 kB
SReclaimable:      36160 kB
SUnreclaim:        83724 kB
KernelStack:       33952 kB
PageTables:        56024 kB
NFS_Unstable:          0 kB
Bounce:                0 kB
WritebackTmp:          0 kB
CommitLimit:     2172840 kB
Committed_AS:   90971908 kB
VmallocTotal:   251658176 kB
VmallocUsed:      137404 kB
VmallocChunk:   251412012 kB
Time pass: 71 sec

---2015-12-05 14:07:44
MemTotal:        2905316 kB
MemFree:           63756 kB
Buffers:           25836 kB
Cached:          1108364 kB
SwapCached:            0 kB
Active:          1327456 kB
Inactive:         745944 kB
Active(anon):     777544 kB
Inactive(anon):   194504 kB
Active(file):     549912 kB
Inactive(file):   551440 kB
Unevictable:       12424 kB
Mlocked:               0 kB
SwapTotal:        720184 kB
SwapFree:         720156 kB
Dirty:               336 kB
Writeback:             0 kB
AnonPages:        951956 kB
Mapped:           709716 kB
Shmem:             20320 kB
Slab:             120192 kB
SReclaimable:      36208 kB
SUnreclaim:        83984 kB
KernelStack:       34080 kB
PageTables:        56048 kB
NFS_Unstable:          0 kB
Bounce:                0 kB
WritebackTmp:          0 kB
CommitLimit:     2172840 kB
Committed_AS:   90981384 kB
VmallocTotal:   251658176 kB
VmallocUsed:      137404 kB
VmallocChunk:   251412012 kB
Time pass: 74 sec

---2015-12-05 14:07:44
MemTotal:        2905316 kB
MemFree:           62500 kB
Buffers:           25732 kB
Cached:          1095516 kB
SwapCached:            0 kB
Active:          1335144 kB
Inactive:         740956 kB
Active(anon):     791304 kB
Inactive(anon):   196456 kB
Active(file):     543840 kB
Inactive(file):   544500 kB
Unevictable:       12456 kB
Mlocked:               0 kB
SwapTotal:        720184 kB
SwapFree:         720156 kB
Dirty:               596 kB
Writeback:             0 kB
AnonPages:        967424 kB
Mapped:           710784 kB
Shmem:             20452 kB
Slab:             120032 kB
SReclaimable:      36208 kB
SUnreclaim:        83824 kB
KernelStack:       34368 kB
PageTables:        56304 kB
NFS_Unstable:          0 kB
Bounce:                0 kB
WritebackTmp:          0 kB
CommitLimit:     2172840 kB
Committed_AS:   91026492 kB
VmallocTotal:   251658176 kB
VmallocUsed:      139852 kB
VmallocChunk:   251412012 kB
Time pass: 78 sec

---2015-12-05 14:07:44
MemTotal:        2905316 kB
MemFree:           66700 kB
Buffers:           25400 kB
Cached:          1060840 kB
SwapCached:            0 kB
Active:          1319888 kB
Inactive:         725284 kB
Active(anon):     793424 kB
Inactive(anon):   198596 kB
Active(file):     526464 kB
Inactive(file):   526688 kB
Unevictable:       12456 kB
Mlocked:               0 kB
SwapTotal:        720184 kB
SwapFree:         720156 kB
Dirty:               176 kB
Writeback:             0 kB
AnonPages:        971404 kB
Mapped:           709744 kB
Shmem:             20576 kB
Slab:             119844 kB
SReclaimable:      36016 kB
SUnreclaim:        83828 kB
KernelStack:       34288 kB
PageTables:        56448 kB
NFS_Unstable:          0 kB
Bounce:                0 kB
WritebackTmp:          0 kB
CommitLimit:     2172840 kB
Committed_AS:   91028912 kB
VmallocTotal:   251658176 kB
VmallocUsed:      139852 kB
VmallocChunk:   251412012 kB
Time pass: 82 sec

---2015-12-05 14:07:44
MemTotal:        2905316 kB
MemFree:           63824 kB
Buffers:           25408 kB
Cached:          1061156 kB
SwapCached:            0 kB
Active:          1322568 kB
Inactive:         725588 kB
Active(anon):     796056 kB
Inactive(anon):   198672 kB
Active(file):     526512 kB
Inactive(file):   526916 kB
Unevictable:       12456 kB
Mlocked:               0 kB
SwapTotal:        720184 kB
SwapFree:         720156 kB
Dirty:               136 kB
Writeback:             0 kB
AnonPages:        973744 kB
Mapped:           709908 kB
Shmem:             20652 kB
Slab:             120008 kB
SReclaimable:      36032 kB
SUnreclaim:        83976 kB
KernelStack:       34272 kB
PageTables:        56492 kB
NFS_Unstable:          0 kB
Bounce:                0 kB
WritebackTmp:          0 kB
CommitLimit:     2172840 kB
Committed_AS:   91031436 kB
VmallocTotal:   251658176 kB
VmallocUsed:      139852 kB
VmallocChunk:   251412012 kB
Time pass: 86 sec

---2015-12-05 14:07:44
MemTotal:        2905316 kB
MemFree:           68460 kB
Buffers:           25424 kB
Cached:          1055424 kB
SwapCached:            0 kB
Active:          1319948 kB
Inactive:         723352 kB
Active(anon):     796184 kB
Inactive(anon):   199548 kB
Active(file):     523764 kB
Inactive(file):   523804 kB
Unevictable:       12456 kB
Mlocked:               0 kB
SwapTotal:        720184 kB
SwapFree:         720156 kB
Dirty:                16 kB
Writeback:             0 kB
AnonPages:        974752 kB
Mapped:           710088 kB
Shmem:             20820 kB
Slab:             119876 kB
SReclaimable:      36032 kB
SUnreclaim:        83844 kB
KernelStack:       34272 kB
PageTables:        56500 kB
NFS_Unstable:          0 kB
Bounce:                0 kB
WritebackTmp:          0 kB
CommitLimit:     2172840 kB
Committed_AS:   91032324 kB
VmallocTotal:   251658176 kB
VmallocUsed:      139852 kB
VmallocChunk:   251412012 kB
Time pass: 89 sec

---2015-12-05 14:07:44
MemTotal:        2905316 kB
MemFree:           67760 kB
Buffers:           25432 kB
Cached:          1055568 kB
SwapCached:            0 kB
Active:          1321072 kB
Inactive:         723536 kB
Active(anon):     797284 kB
Inactive(anon):   199736 kB
Active(file):     523788 kB
Inactive(file):   523800 kB
Unevictable:       12456 kB
Mlocked:               0 kB
SwapTotal:        720184 kB
SwapFree:         720156 kB
Dirty:                40 kB
Writeback:             0 kB
AnonPages:        976084 kB
Mapped:           710236 kB
Shmem:             20948 kB
Slab:             119900 kB
SReclaimable:      36048 kB
SUnreclaim:        83852 kB
KernelStack:       34272 kB
PageTables:        56548 kB
NFS_Unstable:          0 kB
Bounce:                0 kB
WritebackTmp:          0 kB
CommitLimit:     2172840 kB
Committed_AS:   91058964 kB
VmallocTotal:   251658176 kB
VmallocUsed:      139852 kB
VmallocChunk:   251412012 kB
Time pass: 93 sec

---2015-12-05 14:07:44
MemTotal:        2905316 kB
MemFree:           66684 kB
Buffers:           25448 kB
Cached:          1055596 kB
SwapCached:            0 kB
Active:          1321972 kB
Inactive:         723540 kB
Active(anon):     798148 kB
Inactive(anon):   199724 kB
Active(file):     523824 kB
Inactive(file):   523816 kB
Unevictable:       12456 kB
Mlocked:               0 kB
SwapTotal:        720184 kB
SwapFree:         720156 kB
Dirty:               104 kB
Writeback:             4 kB
AnonPages:        976896 kB
Mapped:           710236 kB
Shmem:             20948 kB
Slab:             119956 kB
SReclaimable:      36064 kB
SUnreclaim:        83892 kB
KernelStack:       34304 kB
PageTables:        56536 kB
NFS_Unstable:          0 kB
Bounce:                0 kB
WritebackTmp:          0 kB
CommitLimit:     2172840 kB
Committed_AS:   91058948 kB
VmallocTotal:   251658176 kB
VmallocUsed:      139852 kB
VmallocChunk:   251412012 kB
Time pass: 97 sec

---2015-12-05 14:07:44
MemTotal:        2905316 kB
MemFree:           90812 kB
Buffers:           25440 kB
Cached:          1048664 kB
SwapCached:            0 kB
Active:          1304668 kB
Inactive:         720916 kB
Active(anon):     784200 kB
Inactive(anon):   200116 kB
Active(file):     520468 kB
Inactive(file):   520800 kB
Unevictable:       12456 kB
Mlocked:               0 kB
SwapTotal:        720184 kB
SwapFree:         720156 kB
Dirty:                72 kB
Writeback:             0 kB
AnonPages:        964364 kB
Mapped:           707824 kB
Shmem:             20380 kB
Slab:             120220 kB
SReclaimable:      36080 kB
SUnreclaim:        84140 kB
KernelStack:       33952 kB
PageTables:        56252 kB
NFS_Unstable:          0 kB
Bounce:                0 kB
WritebackTmp:          0 kB
CommitLimit:     2172840 kB
Committed_AS:   91030952 kB
VmallocTotal:   251658176 kB
VmallocUsed:      139816 kB
VmallocChunk:   251412012 kB
Time pass: 100 sec

---2015-12-05 14:07:44
MemTotal:        2905316 kB
MemFree:          340192 kB
Buffers:           25516 kB
Cached:          1043732 kB
SwapCached:            0 kB
Active:          1233220 kB
Inactive:         718644 kB
Active(anon):     715760 kB
Inactive(anon):   202224 kB
Active(file):     517460 kB
Inactive(file):   516420 kB
Unevictable:       12456 kB
Mlocked:               0 kB
SwapTotal:        720184 kB
SwapFree:         720156 kB
Dirty:               684 kB
Writeback:             0 kB
AnonPages:        895792 kB
Mapped:           543964 kB
Shmem:             22548 kB
Slab:             120116 kB
SReclaimable:      36128 kB
SUnreclaim:        83988 kB
KernelStack:       32960 kB
PageTables:        54388 kB
NFS_Unstable:          0 kB
Bounce:                0 kB
WritebackTmp:          0 kB
CommitLimit:     2172840 kB
Committed_AS:   90205140 kB
VmallocTotal:   251658176 kB
VmallocUsed:      137188 kB
VmallocChunk:   251412012 kB
Time pass: 104 sec

---2015-12-05 14:07:44
MemTotal:        2905316 kB
MemFree:          237032 kB
Buffers:           25592 kB
Cached:          1048004 kB
SwapCached:            0 kB
Active:          1268584 kB
Inactive:         722420 kB
Active(anon):     750204 kB
Inactive(anon):   202364 kB
Active(file):     518380 kB
Inactive(file):   520056 kB
Unevictable:       12456 kB
Mlocked:               0 kB
SwapTotal:        720184 kB
SwapFree:         720156 kB
Dirty:              2292 kB
Writeback:             4 kB
AnonPages:        929952 kB
Mapped:           605200 kB
Shmem:             22684 kB
Slab:             120068 kB
SReclaimable:      36176 kB
SUnreclaim:        83892 kB
KernelStack:       33776 kB
PageTables:        55124 kB
NFS_Unstable:          0 kB
Bounce:                0 kB
WritebackTmp:          0 kB
CommitLimit:     2172840 kB
Committed_AS:   90259764 kB
VmallocTotal:   251658176 kB
VmallocUsed:      137864 kB
VmallocChunk:   251412012 kB
Time pass: 108 sec

---2015-12-05 14:07:44
MemTotal:        2905316 kB
MemFree:          161528 kB
Buffers:           25592 kB
Cached:          1049568 kB
SwapCached:            0 kB
Active:          1276132 kB
Inactive:         722564 kB
Active(anon):     756404 kB
Inactive(anon):   202364 kB
Active(file):     519728 kB
Inactive(file):   520200 kB
Unevictable:       12456 kB
Mlocked:               0 kB
SwapTotal:        720184 kB
SwapFree:         720156 kB
Dirty:              1964 kB
Writeback:             0 kB
AnonPages:        936280 kB
Mapped:           652360 kB
Shmem:             22684 kB
Slab:             120276 kB
SReclaimable:      36208 kB
SUnreclaim:        84068 kB
KernelStack:       33792 kB
PageTables:        55316 kB
NFS_Unstable:          0 kB
Bounce:                0 kB
WritebackTmp:          0 kB
CommitLimit:     2172840 kB
Committed_AS:   90269812 kB
VmallocTotal:   251658176 kB
VmallocUsed:      138336 kB
VmallocChunk:   251412012 kB
Time pass: 111 sec

---2015-12-05 14:07:44
MemTotal:        2905316 kB
MemFree:          150904 kB
Buffers:           25632 kB
Cached:          1049532 kB
SwapCached:            0 kB
Active:          1275084 kB
Inactive:         722632 kB
Active(anon):     755328 kB
Inactive(anon):   202364 kB
Active(file):     519756 kB
Inactive(file):   520268 kB
Unevictable:       12456 kB
Mlocked:               0 kB
SwapTotal:        720184 kB
SwapFree:         720156 kB
Dirty:               152 kB
Writeback:             0 kB
AnonPages:        935036 kB
Mapped:           663112 kB
Shmem:             22684 kB
Slab:             120420 kB
SReclaimable:      36208 kB
SUnreclaim:        84212 kB
KernelStack:       33776 kB
PageTables:        55348 kB
NFS_Unstable:          0 kB
Bounce:                0 kB
WritebackTmp:          0 kB
CommitLimit:     2172840 kB
Committed_AS:   90269796 kB
VmallocTotal:   251658176 kB
VmallocUsed:      136016 kB
VmallocChunk:   251412012 kB
Time pass: 115 sec

---2015-12-05 14:07:44
MemTotal:        2905316 kB
MemFree:          131788 kB
Buffers:           25632 kB
Cached:          1049540 kB
SwapCached:            0 kB
Active:          1276972 kB
Inactive:         722632 kB
Active(anon):     757060 kB
Inactive(anon):   202364 kB
Active(file):     519912 kB
Inactive(file):   520268 kB
Unevictable:       12456 kB
Mlocked:               0 kB
SwapTotal:        720184 kB
SwapFree:         720156 kB
Dirty:                 0 kB
Writeback:           220 kB
AnonPages:        936948 kB
Mapped:           673836 kB
Shmem:             22684 kB
Slab:             120260 kB
SReclaimable:      36208 kB
SUnreclaim:        84052 kB
KernelStack:       33776 kB
PageTables:        55408 kB
NFS_Unstable:          0 kB
Bounce:                0 kB
WritebackTmp:          0 kB
CommitLimit:     2172840 kB
Committed_AS:   90269916 kB
VmallocTotal:   251658176 kB
VmallocUsed:      136140 kB
VmallocChunk:   251412012 kB
Time pass: 119 sec

---2015-12-05 14:07:44
MemTotal:        2905316 kB
MemFree:          102464 kB
Buffers:           25640 kB
Cached:          1049876 kB
SwapCached:            0 kB
Active:          1284292 kB
Inactive:         722676 kB
Active(anon):     764308 kB
Inactive(anon):   202424 kB
Active(file):     519984 kB
Inactive(file):   520252 kB
Unevictable:       12456 kB
Mlocked:               0 kB
SwapTotal:        720184 kB
SwapFree:         720156 kB
Dirty:               532 kB
Writeback:             0 kB
AnonPages:        944172 kB
Mapped:           686208 kB
Shmem:             22748 kB
Slab:             120348 kB
SReclaimable:      36208 kB
SUnreclaim:        84140 kB
KernelStack:       33776 kB
PageTables:        55432 kB
NFS_Unstable:          0 kB
Bounce:                0 kB
WritebackTmp:          0 kB
CommitLimit:     2172840 kB
Committed_AS:   90306436 kB
VmallocTotal:   251658176 kB
VmallocUsed:      136300 kB
VmallocChunk:   251412012 kB
Time pass: 122 sec

---2015-12-05 14:07:44
MemTotal:        2905316 kB
MemFree:          101832 kB
Buffers:           25648 kB
Cached:          1049796 kB
SwapCached:            0 kB
Active:          1284080 kB
Inactive:         722660 kB
Active(anon):     764080 kB
Inactive(anon):   202424 kB
Active(file):     520000 kB
Inactive(file):   520236 kB
Unevictable:       12456 kB
Mlocked:               0 kB
SwapTotal:        720184 kB
SwapFree:         720156 kB
Dirty:                76 kB
Writeback:             0 kB
AnonPages:        943636 kB
Mapped:           686868 kB
Shmem:             22744 kB
Slab:             120244 kB
SReclaimable:      36224 kB
SUnreclaim:        84020 kB
KernelStack:       33744 kB
PageTables:        55408 kB
NFS_Unstable:          0 kB
Bounce:                0 kB
WritebackTmp:          0 kB
CommitLimit:     2172840 kB
Committed_AS:   90306504 kB
VmallocTotal:   251658176 kB
VmallocUsed:      136324 kB
VmallocChunk:   251412012 kB
Time pass: 126 sec

---2015-12-05 14:07:44
MemTotal:        2905316 kB
MemFree:          101832 kB
Buffers:           25648 kB
Cached:          1049800 kB
SwapCached:            0 kB
Active:          1283472 kB
Inactive:         722668 kB
Active(anon):     763472 kB
Inactive(anon):   202424 kB
Active(file):     520000 kB
Inactive(file):   520244 kB
Unevictable:       12456 kB
Mlocked:               0 kB
SwapTotal:        720184 kB
SwapFree:         720156 kB
Dirty:                 4 kB
Writeback:             0 kB
AnonPages:        943184 kB
Mapped:           686872 kB
Shmem:             22744 kB
Slab:             120232 kB
SReclaimable:      36224 kB
SUnreclaim:        84008 kB
KernelStack:       33728 kB
PageTables:        55412 kB
NFS_Unstable:          0 kB
Bounce:                0 kB
WritebackTmp:          0 kB
CommitLimit:     2172840 kB
Committed_AS:   90306476 kB
VmallocTotal:   251658176 kB
VmallocUsed:      136324 kB
VmallocChunk:   251412012 kB
Time pass: 130 sec

---2015-12-05 14:07:44
MemTotal:        2905316 kB
MemFree:           91040 kB
Buffers:           25668 kB
Cached:          1053288 kB
SwapCached:            0 kB
Active:          1289496 kB
Inactive:         726200 kB
Active(anon):     769488 kB
Inactive(anon):   202424 kB
Active(file):     520008 kB
Inactive(file):   523776 kB
Unevictable:       12456 kB
Mlocked:               0 kB
SwapTotal:        720184 kB
SwapFree:         720156 kB
Dirty:                72 kB
Writeback:             0 kB
AnonPages:        949272 kB
Mapped:           688736 kB
Shmem:             22744 kB
Slab:             120380 kB
SReclaimable:      36224 kB
SUnreclaim:        84156 kB
KernelStack:       33760 kB
PageTables:        55448 kB
NFS_Unstable:          0 kB
Bounce:                0 kB
WritebackTmp:          0 kB
CommitLimit:     2172840 kB
Committed_AS:   90313340 kB
VmallocTotal:   251658176 kB
VmallocUsed:      136324 kB
VmallocChunk:   251412012 kB
Time pass: 134 sec

---2015-12-05 14:07:44
MemTotal:        2905316 kB
MemFree:           74164 kB
Buffers:           25700 kB
Cached:          1053732 kB
SwapCached:            0 kB
Active:          1304380 kB
Inactive:         725568 kB
Active(anon):     783296 kB
Inactive(anon):   202556 kB
Active(file):     521084 kB
Inactive(file):   523012 kB
Unevictable:       12456 kB
Mlocked:               0 kB
SwapTotal:        720184 kB
SwapFree:         720156 kB
Dirty:               208 kB
Writeback:             0 kB
AnonPages:        963052 kB
Mapped:           692624 kB
Shmem:             22880 kB
Slab:             120352 kB
SReclaimable:      36224 kB
SUnreclaim:        84128 kB
KernelStack:       34160 kB
PageTables:        55660 kB
NFS_Unstable:          0 kB
Bounce:                0 kB
WritebackTmp:          0 kB
CommitLimit:     2172840 kB
Committed_AS:   90352848 kB
VmallocTotal:   251658176 kB
VmallocUsed:      138772 kB
VmallocChunk:   251412012 kB
Time pass: 137 sec

---2015-12-05 14:07:44
MemTotal:        2905316 kB
MemFree:           73212 kB
Buffers:           25700 kB
Cached:          1054020 kB
SwapCached:            0 kB
Active:          1305172 kB
Inactive:         725848 kB
Active(anon):     784080 kB
Inactive(anon):   202836 kB
Active(file):     521092 kB
Inactive(file):   523012 kB
Unevictable:       12456 kB
Mlocked:               0 kB
SwapTotal:        720184 kB
SwapFree:         720156 kB
Dirty:                16 kB
Writeback:             0 kB
AnonPages:        963700 kB
Mapped:           692968 kB
Shmem:             23160 kB
Slab:             120416 kB
SReclaimable:      36256 kB
SUnreclaim:        84160 kB
KernelStack:       34144 kB
PageTables:        55760 kB
NFS_Unstable:          0 kB
Bounce:                0 kB
WritebackTmp:          0 kB
CommitLimit:     2172840 kB
Committed_AS:   90353048 kB
VmallocTotal:   251658176 kB
VmallocUsed:      138772 kB
VmallocChunk:   251412012 kB
Time pass: 141 sec

---2015-12-05 14:07:44
MemTotal:        2905316 kB
MemFree:           71416 kB
Buffers:           25708 kB
Cached:          1054272 kB
SwapCached:            0 kB
Active:          1305920 kB
Inactive:         726108 kB
Active(anon):     784828 kB
Inactive(anon):   203088 kB
Active(file):     521092 kB
Inactive(file):   523020 kB
Unevictable:       12456 kB
Mlocked:               0 kB
SwapTotal:        720184 kB
SwapFree:         720156 kB
Dirty:                72 kB
Writeback:             0 kB
AnonPages:        964536 kB
Mapped:           693280 kB
Shmem:             23412 kB
Slab:             120448 kB
SReclaimable:      36256 kB
SUnreclaim:        84192 kB
KernelStack:       34112 kB
PageTables:        55772 kB
NFS_Unstable:          0 kB
Bounce:                0 kB
WritebackTmp:          0 kB
CommitLimit:     2172840 kB
Committed_AS:   90353596 kB
VmallocTotal:   251658176 kB
VmallocUsed:      138772 kB
VmallocChunk:   251412012 kB
Time pass: 145 sec

---2015-12-05 14:07:44
MemTotal:        2905316 kB
MemFree:           70620 kB
Buffers:           25716 kB
Cached:          1054552 kB
SwapCached:            0 kB
Active:          1306020 kB
Inactive:         726380 kB
Active(anon):     784920 kB
Inactive(anon):   203360 kB
Active(file):     521100 kB
Inactive(file):   523020 kB
Unevictable:       12456 kB
Mlocked:               0 kB
SwapTotal:        720184 kB
SwapFree:         720156 kB
Dirty:                84 kB
Writeback:             0 kB
AnonPages:        964844 kB
Mapped:           693496 kB
Shmem:             23684 kB
Slab:             120416 kB
SReclaimable:      36256 kB
SUnreclaim:        84160 kB
KernelStack:       34160 kB
PageTables:        55760 kB
NFS_Unstable:          0 kB
Bounce:                0 kB
WritebackTmp:          0 kB
CommitLimit:     2172840 kB
Committed_AS:   90354136 kB
VmallocTotal:   251658176 kB
VmallocUsed:      138772 kB
VmallocChunk:   251412012 kB
Time pass: 149 sec

---2015-12-05 14:07:44
MemTotal:        2905316 kB
MemFree:           71096 kB
Buffers:           25716 kB
Cached:          1054316 kB
SwapCached:            0 kB
Active:          1306772 kB
Inactive:         726092 kB
Active(anon):     785648 kB
Inactive(anon):   202952 kB
Active(file):     521124 kB
Inactive(file):   523140 kB
Unevictable:       12456 kB
Mlocked:               0 kB
SwapTotal:        720184 kB
SwapFree:         720156 kB
Dirty:                76 kB
Writeback:             0 kB
AnonPages:        965296 kB
Mapped:           693224 kB
Shmem:             23280 kB
Slab:             117116 kB
SReclaimable:      36256 kB
SUnreclaim:        80860 kB
KernelStack:       34160 kB
PageTables:        55444 kB
NFS_Unstable:          0 kB
Bounce:                0 kB
WritebackTmp:          0 kB
CommitLimit:     2172840 kB
Committed_AS:   90166000 kB
VmallocTotal:   251658176 kB
VmallocUsed:      138772 kB
VmallocChunk:   251412012 kB
Time pass: 152 sec

---2015-12-05 14:07:44
MemTotal:        2905316 kB
MemFree:           68704 kB
Buffers:           25764 kB
Cached:          1053468 kB
SwapCached:            0 kB
Active:          1311808 kB
Inactive:         725116 kB
Active(anon):     790472 kB
Inactive(anon):   202004 kB
Active(file):     521336 kB
Inactive(file):   523112 kB
Unevictable:       12456 kB
Mlocked:               0 kB
SwapTotal:        720184 kB
SwapFree:         720156 kB
Dirty:               176 kB
Writeback:             0 kB
AnonPages:        970244 kB
Mapped:           692912 kB
Shmem:             22324 kB
Slab:             116960 kB
SReclaimable:      36256 kB
SUnreclaim:        80704 kB
KernelStack:       33920 kB
PageTables:        55200 kB
NFS_Unstable:          0 kB
Bounce:                0 kB
WritebackTmp:          0 kB
CommitLimit:     2172840 kB
Committed_AS:   90142084 kB
VmallocTotal:   251658176 kB
VmallocUsed:      138740 kB
VmallocChunk:   251412012 kB
Time pass: 156 sec

---2015-12-05 14:07:44
MemTotal:        2905316 kB
MemFree:           67288 kB
Buffers:           25772 kB
Cached:          1053484 kB
SwapCached:            0 kB
Active:          1312012 kB
Inactive:         725124 kB
Active(anon):     790656 kB
Inactive(anon):   202004 kB
Active(file):     521356 kB
Inactive(file):   523120 kB
Unevictable:       12456 kB
Mlocked:               0 kB
SwapTotal:        720184 kB
SwapFree:         720156 kB
Dirty:                 8 kB
Writeback:             0 kB
AnonPages:        970324 kB
Mapped:           692940 kB
Shmem:             22324 kB
Slab:             116832 kB
SReclaimable:      36192 kB
SUnreclaim:        80640 kB
KernelStack:       33920 kB
PageTables:        55184 kB
NFS_Unstable:          0 kB
Bounce:                0 kB
WritebackTmp:          0 kB
CommitLimit:     2172840 kB
Committed_AS:   90142028 kB
VmallocTotal:   251658176 kB
VmallocUsed:      138752 kB
VmallocChunk:   251412012 kB
Time pass: 160 sec

---2015-12-05 14:07:44
MemTotal:        2905316 kB
MemFree:           67040 kB
Buffers:           25780 kB
Cached:          1053492 kB
SwapCached:            0 kB
Active:          1313448 kB
Inactive:         725120 kB
Active(anon):     792088 kB
Inactive(anon):   202000 kB
Active(file):     521360 kB
Inactive(file):   523120 kB
Unevictable:       12456 kB
Mlocked:               0 kB
SwapTotal:        720184 kB
SwapFree:         720156 kB
Dirty:                52 kB
Writeback:             0 kB
AnonPages:        971752 kB
Mapped:           693016 kB
Shmem:             22324 kB
Slab:             116832 kB
SReclaimable:      36192 kB
SUnreclaim:        80640 kB
KernelStack:       33920 kB
PageTables:        55208 kB
NFS_Unstable:          0 kB
Bounce:                0 kB
WritebackTmp:          0 kB
CommitLimit:     2172840 kB
Committed_AS:   90142028 kB
VmallocTotal:   251658176 kB
VmallocUsed:      138752 kB
VmallocChunk:   251412012 kB
Time pass: 163 sec

---2015-12-05 14:07:44
MemTotal:        2905316 kB
MemFree:           67204 kB
Buffers:           25788 kB
Cached:          1053532 kB
SwapCached:            0 kB
Active:          1309152 kB
Inactive:         725160 kB
Active(anon):     787776 kB
Inactive(anon):   201996 kB
Active(file):     521376 kB
Inactive(file):   523164 kB
Unevictable:       12456 kB
Mlocked:               0 kB
SwapTotal:        720184 kB
SwapFree:         720156 kB
Dirty:                96 kB
Writeback:             0 kB
AnonPages:        967544 kB
Mapped:           693320 kB
Shmem:             22324 kB
Slab:             116828 kB
SReclaimable:      36192 kB
SUnreclaim:        80636 kB
KernelStack:       33760 kB
PageTables:        55196 kB
NFS_Unstable:          0 kB
Bounce:                0 kB
WritebackTmp:          0 kB
CommitLimit:     2172840 kB
Committed_AS:   90141904 kB
VmallocTotal:   251658176 kB
VmallocUsed:      138780 kB
VmallocChunk:   251412012 kB
Time pass: 167 sec

---2015-12-05 14:07:44
MemTotal:        2905316 kB
MemFree:           67784 kB
Buffers:           25788 kB
Cached:          1053540 kB
SwapCached:            0 kB
Active:          1309308 kB
Inactive:         725164 kB
Active(anon):     787928 kB
Inactive(anon):   201996 kB
Active(file):     521380 kB
Inactive(file):   523168 kB
Unevictable:       12456 kB
Mlocked:               0 kB
SwapTotal:        720184 kB
SwapFree:         720156 kB
Dirty:                 4 kB
Writeback:             0 kB
AnonPages:        967664 kB
Mapped:           693332 kB
Shmem:             22324 kB
Slab:             116828 kB
SReclaimable:      36192 kB
SUnreclaim:        80636 kB
KernelStack:       33728 kB
PageTables:        55180 kB
NFS_Unstable:          0 kB
Bounce:                0 kB
WritebackTmp:          0 kB
CommitLimit:     2172840 kB
Committed_AS:   90141892 kB
VmallocTotal:   251658176 kB
VmallocUsed:      136364 kB
VmallocChunk:   251412012 kB
Time pass: 171 sec

---2015-12-05 14:07:44
MemTotal:        2905316 kB
MemFree:           67544 kB
Buffers:           25796 kB
Cached:          1053544 kB
SwapCached:            0 kB
Active:          1309376 kB
Inactive:         725172 kB
Active(anon):     787992 kB
Inactive(anon):   201996 kB
Active(file):     521384 kB
Inactive(file):   523176 kB
Unevictable:       12456 kB
Mlocked:               0 kB
SwapTotal:        720184 kB
SwapFree:         720156 kB
Dirty:                44 kB
Writeback:             0 kB
AnonPages:        967848 kB
Mapped:           693336 kB
Shmem:             22324 kB
Slab:             116828 kB
SReclaimable:      36192 kB
SUnreclaim:        80636 kB
KernelStack:       33728 kB
PageTables:        55196 kB
NFS_Unstable:          0 kB
Bounce:                0 kB
WritebackTmp:          0 kB
CommitLimit:     2172840 kB
Committed_AS:   90141868 kB
VmallocTotal:   251658176 kB
VmallocUsed:      136364 kB
VmallocChunk:   251412012 kB
Time pass: 175 sec

---2015-12-05 14:07:44
MemTotal:        2905316 kB
MemFree:           67276 kB
Buffers:           25804 kB
Cached:          1053540 kB
SwapCached:            0 kB
Active:          1309756 kB
Inactive:         725164 kB
Active(anon):     788364 kB
Inactive(anon):   201996 kB
Active(file):     521392 kB
Inactive(file):   523168 kB
Unevictable:       12456 kB
Mlocked:               0 kB
SwapTotal:        720184 kB
SwapFree:         720156 kB
Dirty:                52 kB
Writeback:             8 kB
AnonPages:        968084 kB
Mapped:           693348 kB
Shmem:             22324 kB
Slab:             116828 kB
SReclaimable:      36192 kB
SUnreclaim:        80636 kB
KernelStack:       33776 kB
PageTables:        55188 kB
NFS_Unstable:          0 kB
Bounce:                0 kB
WritebackTmp:          0 kB
CommitLimit:     2172840 kB
Committed_AS:   90141880 kB
VmallocTotal:   251658176 kB
VmallocUsed:      136364 kB
VmallocChunk:   251412012 kB
Time pass: 179 sec

---2015-12-05 14:07:44
MemTotal:        2905316 kB
MemFree:           66036 kB
Buffers:           25804 kB
Cached:          1053612 kB
SwapCached:            0 kB
Active:          1310268 kB
Inactive:         725232 kB
Active(anon):     788868 kB
Inactive(anon):   202056 kB
Active(file):     521400 kB
Inactive(file):   523176 kB
Unevictable:       12456 kB
Mlocked:               0 kB
SwapTotal:        720184 kB
SwapFree:         720156 kB
Dirty:                16 kB
Writeback:             0 kB
AnonPages:        968396 kB
Mapped:           693412 kB
Shmem:             22384 kB
Slab:             116836 kB
SReclaimable:      36192 kB
SUnreclaim:        80644 kB
KernelStack:       33776 kB
PageTables:        55244 kB
NFS_Unstable:          0 kB
Bounce:                0 kB
WritebackTmp:          0 kB
CommitLimit:     2172840 kB
Committed_AS:   90168464 kB
VmallocTotal:   251658176 kB
VmallocUsed:      136364 kB
VmallocChunk:   251412012 kB
Time pass: 183 sec

---2015-12-05 14:07:44
MemTotal:        2905316 kB
MemFree:           72992 kB
Buffers:           25772 kB
Cached:          1037820 kB
SwapCached:            0 kB
Active:          1313564 kB
Inactive:         716384 kB
Active(anon):     799272 kB
Inactive(anon):   202056 kB
Active(file):     514292 kB
Inactive(file):   514328 kB
Unevictable:       12456 kB
Mlocked:               0 kB
SwapTotal:        720184 kB
SwapFree:         720156 kB
Dirty:                40 kB
Writeback:             0 kB
AnonPages:        979164 kB
Mapped:           694080 kB
Shmem:             22384 kB
Slab:             116868 kB
SReclaimable:      36192 kB
SUnreclaim:        80676 kB
KernelStack:       33856 kB
PageTables:        55252 kB
NFS_Unstable:          0 kB
Bounce:                0 kB
WritebackTmp:          0 kB
CommitLimit:     2172840 kB
Committed_AS:   90175908 kB
VmallocTotal:   251658176 kB
VmallocUsed:      138812 kB
VmallocChunk:   251412012 kB
Time pass: 187 sec

---2015-12-05 14:07:44
MemTotal:        2905316 kB
MemFree:           73740 kB
Buffers:           25796 kB
Cached:          1037868 kB
SwapCached:            0 kB
Active:          1314168 kB
Inactive:         716640 kB
Active(anon):     799932 kB
Inactive(anon):   202236 kB
Active(file):     514236 kB
Inactive(file):   514404 kB
Unevictable:       12456 kB
Mlocked:               0 kB
SwapTotal:        720184 kB
SwapFree:         720156 kB
Dirty:                 4 kB
Writeback:             0 kB
AnonPages:        979672 kB
Mapped:           691316 kB
Shmem:             22568 kB
Slab:             116852 kB
SReclaimable:      36176 kB
SUnreclaim:        80676 kB
KernelStack:       34144 kB
PageTables:        55488 kB
NFS_Unstable:          0 kB
Bounce:                0 kB
WritebackTmp:          0 kB
CommitLimit:     2172840 kB
Committed_AS:   90204944 kB
VmallocTotal:   251658176 kB
VmallocUsed:      138812 kB
VmallocChunk:   251412012 kB
Time pass: 190 sec

---2015-12-05 14:07:44
MemTotal:        2905316 kB
MemFree:           67436 kB
Buffers:           25796 kB
Cached:          1038144 kB
SwapCached:            0 kB
Active:          1315640 kB
Inactive:         716892 kB
Active(anon):     801384 kB
Inactive(anon):   202448 kB
Active(file):     514256 kB
Inactive(file):   514444 kB
Unevictable:       12456 kB
Mlocked:               0 kB
SwapTotal:        720184 kB
SwapFree:         720156 kB
Dirty:                12 kB
Writeback:             0 kB
AnonPages:        980936 kB
Mapped:           691568 kB
Shmem:             22780 kB
Slab:             116784 kB
SReclaimable:      36176 kB
SUnreclaim:        80608 kB
KernelStack:       34128 kB
PageTables:        55620 kB
NFS_Unstable:          0 kB
Bounce:                0 kB
WritebackTmp:          0 kB
CommitLimit:     2172840 kB
Committed_AS:   90204904 kB
VmallocTotal:   251658176 kB
VmallocUsed:      138812 kB
VmallocChunk:   251412012 kB
Time pass: 194 sec

---2015-12-05 14:07:44
MemTotal:        2905316 kB
MemFree:           65436 kB
Buffers:           25804 kB
Cached:          1038160 kB
SwapCached:            0 kB
Active:          1317220 kB
Inactive:         716904 kB
Active(anon):     802952 kB
Inactive(anon):   202452 kB
Active(file):     514268 kB
Inactive(file):   514452 kB
Unevictable:       12456 kB
Mlocked:               0 kB
SwapTotal:        720184 kB
SwapFree:         720156 kB
Dirty:                52 kB
Writeback:             0 kB
AnonPages:        982592 kB
Mapped:           691580 kB
Shmem:             22788 kB
Slab:             116752 kB
SReclaimable:      36176 kB
SUnreclaim:        80576 kB
KernelStack:       34112 kB
PageTables:        55600 kB
NFS_Unstable:          0 kB
Bounce:                0 kB
WritebackTmp:          0 kB
CommitLimit:     2172840 kB
Committed_AS:   90204876 kB
VmallocTotal:   251658176 kB
VmallocUsed:      138812 kB
VmallocChunk:   251412012 kB
Time pass: 198 sec

---2015-12-05 14:07:44
MemTotal:        2905316 kB
MemFree:           67444 kB
Buffers:           25764 kB
Cached:          1035148 kB
SwapCached:            0 kB
Active:          1316728 kB
Inactive:         715764 kB
Active(anon):     804368 kB
Inactive(anon):   203196 kB
Active(file):     512360 kB
Inactive(file):   512568 kB
Unevictable:       12456 kB
Mlocked:               0 kB
SwapTotal:        720184 kB
SwapFree:         720156 kB
Dirty:               124 kB
Writeback:             0 kB
AnonPages:        983688 kB
Mapped:           692756 kB
Shmem:             23528 kB
Slab:             116720 kB
SReclaimable:      36176 kB
SUnreclaim:        80544 kB
KernelStack:       34176 kB
PageTables:        55604 kB
NFS_Unstable:          0 kB
Bounce:                0 kB
WritebackTmp:          0 kB
CommitLimit:     2172840 kB
Committed_AS:   90213420 kB
VmallocTotal:   251658176 kB
VmallocUsed:      138812 kB
VmallocChunk:   251412012 kB
Time pass: 201 sec

---2015-12-05 14:07:44
MemTotal:        2905316 kB
MemFree:           68064 kB
Buffers:           25796 kB
Cached:          1034268 kB
SwapCached:            0 kB
Active:          1317868 kB
Inactive:         714844 kB
Active(anon):     805436 kB
Inactive(anon):   202192 kB
Active(file):     512432 kB
Inactive(file):   512652 kB
Unevictable:       12456 kB
Mlocked:               0 kB
SwapTotal:        720184 kB
SwapFree:         720156 kB
Dirty:                16 kB
Writeback:             0 kB
AnonPages:        985232 kB
Mapped:           692016 kB
Shmem:             22524 kB
Slab:             116772 kB
SReclaimable:      36176 kB
SUnreclaim:        80596 kB
KernelStack:       34128 kB
PageTables:        55424 kB
NFS_Unstable:          0 kB
Bounce:                0 kB
WritebackTmp:          0 kB
CommitLimit:     2172840 kB
Committed_AS:   90216796 kB
VmallocTotal:   251658176 kB
VmallocUsed:      138812 kB
VmallocChunk:   251412012 kB
Time pass: 205 sec

---2015-12-05 14:07:44
MemTotal:        2905316 kB
MemFree:           66776 kB
Buffers:           25804 kB
Cached:          1034332 kB
SwapCached:            0 kB
Active:          1319176 kB
Inactive:         714888 kB
Active(anon):     806720 kB
Inactive(anon):   202200 kB
Active(file):     512456 kB
Inactive(file):   512688 kB
Unevictable:       12456 kB
Mlocked:               0 kB
SwapTotal:        720184 kB
SwapFree:         720156 kB
Dirty:                 4 kB
Writeback:             4 kB
AnonPages:        986416 kB
Mapped:           692036 kB
Shmem:             22532 kB
Slab:             116772 kB
SReclaimable:      36176 kB
SUnreclaim:        80596 kB
KernelStack:       34096 kB
PageTables:        55420 kB
NFS_Unstable:          0 kB
Bounce:                0 kB
WritebackTmp:          0 kB
CommitLimit:     2172840 kB
Committed_AS:   90216768 kB
VmallocTotal:   251658176 kB
VmallocUsed:      138812 kB
VmallocChunk:   251412012 kB
Time pass: 209 sec

---2015-12-05 14:07:44
MemTotal:        2905316 kB
MemFree:           65588 kB
Buffers:           25812 kB
Cached:          1034460 kB
SwapCached:            0 kB
Active:          1320180 kB
Inactive:         715012 kB
Active(anon):     807708 kB
Inactive(anon):   202312 kB
Active(file):     512472 kB
Inactive(file):   512700 kB
Unevictable:       12456 kB
Mlocked:               0 kB
SwapTotal:        720184 kB
SwapFree:         720156 kB
Dirty:                60 kB
Writeback:             0 kB
AnonPages:        987576 kB
Mapped:           692220 kB
Shmem:             22644 kB
Slab:             116676 kB
SReclaimable:      36080 kB
SUnreclaim:        80596 kB
KernelStack:       34096 kB
PageTables:        55504 kB
NFS_Unstable:          0 kB
Bounce:                0 kB
WritebackTmp:          0 kB
CommitLimit:     2172840 kB
Committed_AS:   90243404 kB
VmallocTotal:   251658176 kB
VmallocUsed:      138812 kB
VmallocChunk:   251412012 kB
Time pass: 213 sec

---2015-12-05 14:07:44
MemTotal:        2905316 kB
MemFree:           65128 kB
Buffers:           25736 kB
Cached:          1029532 kB
SwapCached:            0 kB
Active:          1319452 kB
Inactive:         712868 kB
Active(anon):     809676 kB
Inactive(anon):   202908 kB
Active(file):     509776 kB
Inactive(file):   509960 kB
Unevictable:       12456 kB
Mlocked:               0 kB
SwapTotal:        720184 kB
SwapFree:         720156 kB
Dirty:                32 kB
Writeback:             0 kB
AnonPages:        989624 kB
Mapped:           691256 kB
Shmem:             23024 kB
Slab:             120264 kB
SReclaimable:      39360 kB
SUnreclaim:        80904 kB
KernelStack:       34160 kB
PageTables:        55604 kB
NFS_Unstable:          0 kB
Bounce:                0 kB
WritebackTmp:          0 kB
CommitLimit:     2172840 kB
Committed_AS:   90254960 kB
VmallocTotal:   251658176 kB
VmallocUsed:      139832 kB
VmallocChunk:   251412012 kB
Time pass: 216 sec

---2015-12-05 14:07:44
MemTotal:        2905316 kB
MemFree:           69744 kB
Buffers:           25608 kB
Cached:          1025156 kB
SwapCached:            0 kB
Active:          1317372 kB
Inactive:         710812 kB
Active(anon):     809520 kB
Inactive(anon):   202996 kB
Active(file):     507852 kB
Inactive(file):   507816 kB
Unevictable:       12456 kB
Mlocked:               0 kB
SwapTotal:        720184 kB
SwapFree:         720156 kB
Dirty:                32 kB
Writeback:             0 kB
AnonPages:        989992 kB
Mapped:           689368 kB
Shmem:             22624 kB
Slab:             120984 kB
SReclaimable:      40036 kB
SUnreclaim:        80948 kB
KernelStack:       34128 kB
PageTables:        55608 kB
NFS_Unstable:          0 kB
Bounce:                0 kB
WritebackTmp:          0 kB
CommitLimit:     2172840 kB
Committed_AS:   90251340 kB
VmallocTotal:   251658176 kB
VmallocUsed:      138812 kB
VmallocChunk:   251412012 kB
Time pass: 220 sec

---2015-12-05 14:07:44
MemTotal:        2905316 kB
MemFree:           69352 kB
Buffers:           25616 kB
Cached:          1025220 kB
SwapCached:            0 kB
Active:          1317712 kB
Inactive:         710880 kB
Active(anon):     809836 kB
Inactive(anon):   203052 kB
Active(file):     507876 kB
Inactive(file):   507828 kB
Unevictable:       12456 kB
Mlocked:               0 kB
SwapTotal:        720184 kB
SwapFree:         720156 kB
Dirty:               116 kB
Writeback:             0 kB
AnonPages:        990168 kB
Mapped:           689428 kB
Shmem:             22676 kB
Slab:             121004 kB
SReclaimable:      40052 kB
SUnreclaim:        80952 kB
KernelStack:       34016 kB
PageTables:        55548 kB
NFS_Unstable:          0 kB
Bounce:                0 kB
WritebackTmp:          0 kB
CommitLimit:     2172840 kB
Committed_AS:   90245512 kB
VmallocTotal:   251658176 kB
VmallocUsed:      138812 kB
VmallocChunk:   251412012 kB
Time pass: 224 sec

---2015-12-05 14:07:44
MemTotal:        2905316 kB
MemFree:           68616 kB
Buffers:           25636 kB
Cached:          1025444 kB
SwapCached:            0 kB
Active:          1318640 kB
Inactive:         711116 kB
Active(anon):     810756 kB
Inactive(anon):   203084 kB
Active(file):     507884 kB
Inactive(file):   508032 kB
Unevictable:       12456 kB
Mlocked:               0 kB
SwapTotal:        720184 kB
SwapFree:         720156 kB
Dirty:               152 kB
Writeback:             0 kB
AnonPages:        991104 kB
Mapped:           689480 kB
Shmem:             22708 kB
Slab:             121004 kB
SReclaimable:      40052 kB
SUnreclaim:        80952 kB
KernelStack:       34048 kB
PageTables:        55556 kB
NFS_Unstable:          0 kB
Bounce:                0 kB
WritebackTmp:          0 kB
CommitLimit:     2172840 kB
Committed_AS:   90245708 kB
VmallocTotal:   251658176 kB
VmallocUsed:      138812 kB
VmallocChunk:   251412012 kB
Time pass: 228 sec

---2015-12-05 14:07:44
MemTotal:        2905316 kB
MemFree:           68128 kB
Buffers:           25644 kB
Cached:          1025456 kB
SwapCached:            0 kB
Active:          1318596 kB
Inactive:         711132 kB
Active(anon):     810708 kB
Inactive(anon):   203088 kB
Active(file):     507888 kB
Inactive(file):   508044 kB
Unevictable:       12456 kB
Mlocked:               0 kB
SwapTotal:        720184 kB
SwapFree:         720156 kB
Dirty:                52 kB
Writeback:             0 kB
AnonPages:        991228 kB
Mapped:           689492 kB
Shmem:             22712 kB
Slab:             121004 kB
SReclaimable:      40052 kB
SUnreclaim:        80952 kB
KernelStack:       34048 kB
PageTables:        55556 kB
NFS_Unstable:          0 kB
Bounce:                0 kB
WritebackTmp:          0 kB
CommitLimit:     2172840 kB
Committed_AS:   90245796 kB
VmallocTotal:   251658176 kB
VmallocUsed:      138812 kB
VmallocChunk:   251412012 kB
Time pass: 231 sec

---2015-12-05 14:07:44
MemTotal:        2905316 kB
MemFree:           80636 kB
Buffers:           25652 kB
Cached:          1025204 kB
SwapCached:            0 kB
Active:          1307124 kB
Inactive:         710864 kB
Active(anon):     799216 kB
Inactive(anon):   202824 kB
Active(file):     507908 kB
Inactive(file):   508040 kB
Unevictable:       12456 kB
Mlocked:               0 kB
SwapTotal:        720184 kB
SwapFree:         720156 kB
Dirty:                36 kB
Writeback:             0 kB
AnonPages:        979716 kB
Mapped:           689076 kB
Shmem:             22444 kB
Slab:             121000 kB
SReclaimable:      40056 kB
SUnreclaim:        80944 kB
KernelStack:       33680 kB
PageTables:        55372 kB
NFS_Unstable:          0 kB
Bounce:                0 kB
WritebackTmp:          0 kB
CommitLimit:     2172840 kB
Committed_AS:   90217184 kB
VmallocTotal:   251658176 kB
VmallocUsed:      138812 kB
VmallocChunk:   251412012 kB
Time pass: 235 sec

---2015-12-05 14:07:44
MemTotal:        2905316 kB
MemFree:           81076 kB
Buffers:           25652 kB
Cached:          1025208 kB
SwapCached:            0 kB
Active:          1307384 kB
Inactive:         710876 kB
Active(anon):     799476 kB
Inactive(anon):   202824 kB
Active(file):     507908 kB
Inactive(file):   508052 kB
Unevictable:       12456 kB
Mlocked:               0 kB
SwapTotal:        720184 kB
SwapFree:         720156 kB
Dirty:                44 kB
Writeback:             0 kB
AnonPages:        979900 kB
Mapped:           689088 kB
Shmem:             22444 kB
Slab:             121000 kB
SReclaimable:      40056 kB
SUnreclaim:        80944 kB
KernelStack:       33680 kB
PageTables:        55372 kB
NFS_Unstable:          0 kB
Bounce:                0 kB
WritebackTmp:          0 kB
CommitLimit:     2172840 kB
Committed_AS:   90217148 kB
VmallocTotal:   251658176 kB
VmallocUsed:      138780 kB
VmallocChunk:   251412012 kB
Time pass: 239 sec

---2015-12-05 14:07:44
MemTotal:        2905316 kB
MemFree:           80468 kB
Buffers:           25660 kB
Cached:          1025276 kB
SwapCached:            0 kB
Active:          1307932 kB
Inactive:         710944 kB
Active(anon):     800016 kB
Inactive(anon):   202884 kB
Active(file):     507916 kB
Inactive(file):   508060 kB
Unevictable:       12456 kB
Mlocked:               0 kB
SwapTotal:        720184 kB
SwapFree:         720156 kB
Dirty:                56 kB
Writeback:             0 kB
AnonPages:        980392 kB
Mapped:           689172 kB
Shmem:             22504 kB
Slab:             121000 kB
SReclaimable:      40056 kB
SUnreclaim:        80944 kB
KernelStack:       33600 kB
PageTables:        55412 kB
NFS_Unstable:          0 kB
Bounce:                0 kB
WritebackTmp:          0 kB
CommitLimit:     2172840 kB
Committed_AS:   90243652 kB
VmallocTotal:   251658176 kB
VmallocUsed:      138780 kB
VmallocChunk:   251412012 kB
Time pass: 243 sec

---2015-12-05 14:07:44
MemTotal:        2905316 kB
MemFree:           80224 kB
Buffers:           25668 kB
Cached:          1025280 kB
SwapCached:            0 kB
Active:          1308044 kB
Inactive:         710948 kB
Active(anon):     800128 kB
Inactive(anon):   202884 kB
Active(file):     507916 kB
Inactive(file):   508064 kB
Unevictable:       12456 kB
Mlocked:               0 kB
SwapTotal:        720184 kB
SwapFree:         720156 kB
Dirty:                28 kB
Writeback:             0 kB
AnonPages:        980560 kB
Mapped:           689176 kB
Shmem:             22504 kB
Slab:             121000 kB
SReclaimable:      40056 kB
SUnreclaim:        80944 kB
KernelStack:       33632 kB
PageTables:        55416 kB
NFS_Unstable:          0 kB
Bounce:                0 kB
WritebackTmp:          0 kB
CommitLimit:     2172840 kB
Committed_AS:   90243700 kB
VmallocTotal:   251658176 kB
VmallocUsed:      138780 kB
VmallocChunk:   251412012 kB
Time pass: 247 sec

---2015-12-05 14:07:44
MemTotal:        2905316 kB
MemFree:           79436 kB
Buffers:           25676 kB
Cached:          1025308 kB
SwapCached:            0 kB
Active:          1309220 kB
Inactive:         710980 kB
Active(anon):     801296 kB
Inactive(anon):   202884 kB
Active(file):     507924 kB
Inactive(file):   508096 kB
Unevictable:       12456 kB
Mlocked:               0 kB
SwapTotal:        720184 kB
SwapFree:         720156 kB
Dirty:                72 kB
Writeback:             0 kB
AnonPages:        981732 kB
Mapped:           689244 kB
Shmem:             22504 kB
Slab:             120904 kB
SReclaimable:      40056 kB
SUnreclaim:        80848 kB
KernelStack:       33632 kB
PageTables:        55444 kB
NFS_Unstable:          0 kB
Bounce:                0 kB
WritebackTmp:          0 kB
CommitLimit:     2172840 kB
Committed_AS:   90243724 kB
VmallocTotal:   251658176 kB
VmallocUsed:      136364 kB
VmallocChunk:   251412012 kB
Time pass: 251 sec

---2015-12-05 14:07:44
MemTotal:        2905316 kB
MemFree:           79176 kB
Buffers:           25676 kB
Cached:          1025324 kB
SwapCached:            0 kB
Active:          1309440 kB
Inactive:         710988 kB
Active(anon):     801508 kB
Inactive(anon):   202884 kB
Active(file):     507932 kB
Inactive(file):   508104 kB
Unevictable:       12456 kB
Mlocked:               0 kB
SwapTotal:        720184 kB
SwapFree:         720156 kB
Dirty:                68 kB
Writeback:             0 kB
AnonPages:        981992 kB
Mapped:           689256 kB
Shmem:             22504 kB
Slab:             120872 kB
SReclaimable:      40056 kB
SUnreclaim:        80816 kB
KernelStack:       33584 kB
PageTables:        55448 kB
NFS_Unstable:          0 kB
Bounce:                0 kB
WritebackTmp:          0 kB
CommitLimit:     2172840 kB
Committed_AS:   90243676 kB
VmallocTotal:   251658176 kB
VmallocUsed:      136364 kB
VmallocChunk:   251412012 kB
Time pass: 254 sec

---2015-12-05 14:07:44
MemTotal:        2905316 kB
MemFree:           78992 kB
Buffers:           25684 kB
Cached:          1025328 kB
SwapCached:            0 kB
Active:          1309544 kB
Inactive:         710992 kB
Active(anon):     801604 kB
Inactive(anon):   202884 kB
Active(file):     507940 kB
Inactive(file):   508108 kB
Unevictable:       12456 kB
Mlocked:               0 kB
SwapTotal:        720184 kB
SwapFree:         720156 kB
Dirty:                36 kB
Writeback:             0 kB
AnonPages:        982216 kB
Mapped:           689264 kB
Shmem:             22504 kB
Slab:             120872 kB
SReclaimable:      40056 kB
SUnreclaim:        80816 kB
KernelStack:       33584 kB
PageTables:        55448 kB
NFS_Unstable:          0 kB
Bounce:                0 kB
WritebackTmp:          0 kB
CommitLimit:     2172840 kB
Committed_AS:   90243956 kB
VmallocTotal:   251658176 kB
VmallocUsed:      136364 kB
VmallocChunk:   251412012 kB
Time pass: 258 sec

---2015-12-05 14:07:44
MemTotal:        2905316 kB
MemFree:           78720 kB
Buffers:           25692 kB
Cached:          1025340 kB
SwapCached:            0 kB
Active:          1310060 kB
Inactive:         711008 kB
Active(anon):     802112 kB
Inactive(anon):   202884 kB
Active(file):     507948 kB
Inactive(file):   508124 kB
Unevictable:       12456 kB
Mlocked:               0 kB
SwapTotal:        720184 kB
SwapFree:         720156 kB
Dirty:                44 kB
Writeback:             0 kB
AnonPages:        982700 kB
Mapped:           689272 kB
Shmem:             22504 kB
Slab:             120580 kB
SReclaimable:      40056 kB
SUnreclaim:        80524 kB
KernelStack:       33600 kB
PageTables:        55448 kB
NFS_Unstable:          0 kB
Bounce:                0 kB
WritebackTmp:          0 kB
CommitLimit:     2172840 kB
Committed_AS:   90244024 kB
VmallocTotal:   251658176 kB
VmallocUsed:      136364 kB
VmallocChunk:   251412012 kB
Time pass: 262 sec

---2015-12-05 14:07:44
MemTotal:        2905316 kB
MemFree:           78668 kB
Buffers:           25700 kB
Cached:          1025340 kB
SwapCached:            0 kB
Active:          1310488 kB
Inactive:         711004 kB
Active(anon):     802532 kB
Inactive(anon):   202884 kB
Active(file):     507956 kB
Inactive(file):   508120 kB
Unevictable:       12456 kB
Mlocked:               0 kB
SwapTotal:        720184 kB
SwapFree:         720156 kB
Dirty:                 8 kB
Writeback:            36 kB
AnonPages:        982944 kB
Mapped:           689280 kB
Shmem:             22504 kB
Slab:             120548 kB
SReclaimable:      40056 kB
SUnreclaim:        80492 kB
KernelStack:       33632 kB
PageTables:        55452 kB
NFS_Unstable:          0 kB
Bounce:                0 kB
WritebackTmp:          0 kB
CommitLimit:     2172840 kB
Committed_AS:   90243984 kB
VmallocTotal:   251658176 kB
VmallocUsed:      136364 kB
VmallocChunk:   251412012 kB
Time pass: 266 sec

---2015-12-05 14:07:44
MemTotal:        2905316 kB
MemFree:           78460 kB
Buffers:           25700 kB
Cached:          1025356 kB
SwapCached:            0 kB
Active:          1310456 kB
Inactive:         711016 kB
Active(anon):     802496 kB
Inactive(anon):   202884 kB
Active(file):     507960 kB
Inactive(file):   508132 kB
Unevictable:       12456 kB
Mlocked:               0 kB
SwapTotal:        720184 kB
SwapFree:         720156 kB
Dirty:                32 kB
Writeback:             0 kB
AnonPages:        983300 kB
Mapped:           689292 kB
Shmem:             22504 kB
Slab:             120356 kB
SReclaimable:      39928 kB
SUnreclaim:        80428 kB
KernelStack:       33632 kB
PageTables:        55452 kB
NFS_Unstable:          0 kB
Bounce:                0 kB
WritebackTmp:          0 kB
CommitLimit:     2172840 kB
Committed_AS:   90243960 kB
VmallocTotal:   251658176 kB
VmallocUsed:      136364 kB
VmallocChunk:   251412012 kB
Time pass: 270 sec

---2015-12-05 14:07:44
MemTotal:        2905316 kB
MemFree:           77844 kB
Buffers:           25708 kB
Cached:          1025416 kB
SwapCached:            0 kB
Active:          1311216 kB
Inactive:         711084 kB
Active(anon):     803252 kB
Inactive(anon):   202944 kB
Active(file):     507964 kB
Inactive(file):   508140 kB
Unevictable:       12456 kB
Mlocked:               0 kB
SwapTotal:        720184 kB
SwapFree:         720156 kB
Dirty:                36 kB
Writeback:             0 kB
AnonPages:        983712 kB
Mapped:           689368 kB
Shmem:             22564 kB
Slab:             120356 kB
SReclaimable:      39928 kB
SUnreclaim:        80428 kB
KernelStack:       33632 kB
PageTables:        55508 kB
NFS_Unstable:          0 kB
Bounce:                0 kB
WritebackTmp:          0 kB
CommitLimit:     2172840 kB
Committed_AS:   90270676 kB
VmallocTotal:   251658176 kB
VmallocUsed:      136364 kB
VmallocChunk:   251412012 kB
Time pass: 273 sec

---2015-12-05 14:07:44
MemTotal:        2905316 kB
MemFree:           77380 kB
Buffers:           25716 kB
Cached:          1025428 kB
SwapCached:            0 kB
Active:          1311544 kB
Inactive:         711088 kB
Active(anon):     803576 kB
Inactive(anon):   202944 kB
Active(file):     507968 kB
Inactive(file):   508144 kB
Unevictable:       12456 kB
Mlocked:               0 kB
SwapTotal:        720184 kB
SwapFree:         720156 kB
Dirty:                32 kB
Writeback:             0 kB
AnonPages:        983864 kB
Mapped:           689376 kB
Shmem:             22564 kB
Slab:             120292 kB
SReclaimable:      39928 kB
SUnreclaim:        80364 kB
KernelStack:       33632 kB
PageTables:        55508 kB
NFS_Unstable:          0 kB
Bounce:                0 kB
WritebackTmp:          0 kB
CommitLimit:     2172840 kB
Committed_AS:   90270676 kB
VmallocTotal:   251658176 kB
VmallocUsed:      136364 kB
VmallocChunk:   251412012 kB
Time pass: 277 sec

---2015-12-05 14:07:44
MemTotal:        2905316 kB
MemFree:           76916 kB
Buffers:           25724 kB
Cached:          1025424 kB
SwapCached:            0 kB
Active:          1311900 kB
Inactive:         711096 kB
Active(anon):     803924 kB
Inactive(anon):   202944 kB
Active(file):     507976 kB
Inactive(file):   508152 kB
Unevictable:       12456 kB
Mlocked:               0 kB
SwapTotal:        720184 kB
SwapFree:         720156 kB
Dirty:                44 kB
Writeback:             0 kB
AnonPages:        984280 kB
Mapped:           689408 kB
Shmem:             22564 kB
Slab:             120292 kB
SReclaimable:      39928 kB
SUnreclaim:        80364 kB
KernelStack:       33600 kB
PageTables:        55500 kB
NFS_Unstable:          0 kB
Bounce:                0 kB
WritebackTmp:          0 kB
CommitLimit:     2172840 kB
Committed_AS:   90270640 kB
VmallocTotal:   251658176 kB
VmallocUsed:      136364 kB
VmallocChunk:   251412012 kB
Time pass: 281 sec

---2015-12-05 14:07:44
MemTotal:        2905316 kB
MemFree:           75864 kB
Buffers:           25732 kB
Cached:          1025476 kB
SwapCached:            0 kB
Active:          1313320 kB
Inactive:         711120 kB
Active(anon):     805336 kB
Inactive(anon):   202944 kB
Active(file):     507984 kB
Inactive(file):   508176 kB
Unevictable:       12456 kB
Mlocked:               0 kB
SwapTotal:        720184 kB
SwapFree:         720156 kB
Dirty:                84 kB
Writeback:             0 kB
AnonPages:        985532 kB
Mapped:           689436 kB
Shmem:             22564 kB
Slab:             120292 kB
SReclaimable:      39928 kB
SUnreclaim:        80364 kB
KernelStack:       33664 kB
PageTables:        55488 kB
NFS_Unstable:          0 kB
Bounce:                0 kB
WritebackTmp:          0 kB
CommitLimit:     2172840 kB
Committed_AS:   90270640 kB
VmallocTotal:   251658176 kB
VmallocUsed:      136364 kB
VmallocChunk:   251412012 kB
Time pass: 285 sec

---2015-12-05 14:07:44
MemTotal:        2905316 kB
MemFree:           74448 kB
Buffers:           25740 kB
Cached:          1025496 kB
SwapCached:            0 kB
Active:          1314108 kB
Inactive:         711144 kB
Active(anon):     806112 kB
Inactive(anon):   202944 kB
Active(file):     507996 kB
Inactive(file):   508200 kB
Unevictable:       12456 kB
Mlocked:               0 kB
SwapTotal:        720184 kB
SwapFree:         720156 kB
Dirty:                52 kB
Writeback:             0 kB
AnonPages:        986240 kB
Mapped:           689436 kB
Shmem:             22564 kB
Slab:             120256 kB
SReclaimable:      39928 kB
SUnreclaim:        80328 kB
KernelStack:       33632 kB
PageTables:        55512 kB
NFS_Unstable:          0 kB
Bounce:                0 kB
WritebackTmp:          0 kB
CommitLimit:     2172840 kB
Committed_AS:   90270664 kB
VmallocTotal:   251658176 kB
VmallocUsed:      136364 kB
VmallocChunk:   251412012 kB
Time pass: 289 sec

---2015-12-05 14:07:44
MemTotal:        2905316 kB
MemFree:           74448 kB
Buffers:           25740 kB
Cached:          1025660 kB
SwapCached:            0 kB
Active:          1314256 kB
Inactive:         711304 kB
Active(anon):     806236 kB
Inactive(anon):   202944 kB
Active(file):     508020 kB
Inactive(file):   508360 kB
Unevictable:       12456 kB
Mlocked:               0 kB
SwapTotal:        720184 kB
SwapFree:         720156 kB
Dirty:                 4 kB
Writeback:             0 kB
AnonPages:        986588 kB
Mapped:           689476 kB
Shmem:             22564 kB
Slab:             120252 kB
SReclaimable:      39928 kB
SUnreclaim:        80324 kB
KernelStack:       33568 kB
PageTables:        55492 kB
NFS_Unstable:          0 kB
Bounce:                0 kB
WritebackTmp:          0 kB
CommitLimit:     2172840 kB
Committed_AS:   90270628 kB
VmallocTotal:   251658176 kB
VmallocUsed:      136364 kB
VmallocChunk:   251412012 kB
Time pass: 293 sec

---2015-12-05 14:07:44
MemTotal:        2905316 kB
MemFree:           83432 kB
Buffers:           25748 kB
Cached:          1025660 kB
SwapCached:            0 kB
Active:          1305300 kB
Inactive:         711304 kB
Active(anon):     797280 kB
Inactive(anon):   202944 kB
Active(file):     508020 kB
Inactive(file):   508360 kB
Unevictable:       12456 kB
Mlocked:               0 kB
SwapTotal:        720184 kB
SwapFree:         720156 kB
Dirty:                36 kB
Writeback:             0 kB
AnonPages:        977464 kB
Mapped:           689480 kB
Shmem:             22564 kB
Slab:             120252 kB
SReclaimable:      39928 kB
SUnreclaim:        80324 kB
KernelStack:       33568 kB
PageTables:        55492 kB
NFS_Unstable:          0 kB
Bounce:                0 kB
WritebackTmp:          0 kB
CommitLimit:     2172840 kB
Committed_AS:   90270616 kB
VmallocTotal:   251658176 kB
VmallocUsed:      136364 kB
VmallocChunk:   251412012 kB
Time pass: 296 sec

---2015-12-05 14:07:44
MemTotal:        2905316 kB
MemFree:           82808 kB
Buffers:           25756 kB
Cached:          1025700 kB
SwapCached:            0 kB
Active:          1305840 kB
Inactive:         711344 kB
Active(anon):     797816 kB
Inactive(anon):   202944 kB
Active(file):     508024 kB
Inactive(file):   508400 kB
Unevictable:       12456 kB
Mlocked:               0 kB
SwapTotal:        720184 kB
SwapFree:         720156 kB
Dirty:                52 kB
Writeback:             0 kB
AnonPages:        978280 kB
Mapped:           689488 kB
Shmem:             22564 kB
Slab:             120252 kB
SReclaimable:      39928 kB
SUnreclaim:        80324 kB
KernelStack:       33632 kB
PageTables:        55492 kB
NFS_Unstable:          0 kB
Bounce:                0 kB
WritebackTmp:          0 kB
CommitLimit:     2172840 kB
Committed_AS:   90270580 kB
VmallocTotal:   251658176 kB
VmallocUsed:      136364 kB
VmallocChunk:   251412012 kB
Time pass: 300 sec

---2015-12-05 14:07:44
MemTotal:        2905316 kB
MemFree:           82144 kB
Buffers:           25772 kB
Cached:          1025788 kB
SwapCached:            0 kB
Active:          1306660 kB
Inactive:         711432 kB
Active(anon):     798620 kB
Inactive(anon):   203004 kB
Active(file):     508040 kB
Inactive(file):   508428 kB
Unevictable:       12456 kB
Mlocked:               0 kB
SwapTotal:        720184 kB
SwapFree:         720156 kB
Dirty:                64 kB
Writeback:             0 kB
AnonPages:        978892 kB
Mapped:           689552 kB
Shmem:             22624 kB
Slab:             120260 kB
SReclaimable:      39928 kB
SUnreclaim:        80332 kB
KernelStack:       33552 kB
PageTables:        55540 kB
NFS_Unstable:          0 kB
Bounce:                0 kB
WritebackTmp:          0 kB
CommitLimit:     2172840 kB
Committed_AS:   90297312 kB
VmallocTotal:   251658176 kB
VmallocUsed:      136364 kB
VmallocChunk:   251412012 kB
Time pass: 304 sec

---2015-12-05 14:07:44
MemTotal:        2905316 kB
MemFree:           81856 kB
Buffers:           25780 kB
Cached:          1025784 kB
SwapCached:            0 kB
Active:          1306816 kB
Inactive:         711436 kB
Active(anon):     798764 kB
Inactive(anon):   203004 kB
Active(file):     508052 kB
Inactive(file):   508432 kB
Unevictable:       12456 kB
Mlocked:               0 kB
SwapTotal:        720184 kB
SwapFree:         720156 kB
Dirty:                 0 kB
Writeback:             0 kB
AnonPages:        979140 kB
Mapped:           689516 kB
Shmem:             22624 kB
Slab:             120260 kB
SReclaimable:      39928 kB
SUnreclaim:        80332 kB
KernelStack:       33584 kB
PageTables:        55524 kB
NFS_Unstable:          0 kB
Bounce:                0 kB
WritebackTmp:          0 kB
CommitLimit:     2172840 kB
Committed_AS:   90297288 kB
VmallocTotal:   251658176 kB
VmallocUsed:      136364 kB
VmallocChunk:   251412012 kB
Time pass: 308 sec

---2015-12-05 14:07:44
MemTotal:        2905316 kB
MemFree:           81632 kB
Buffers:           25780 kB
Cached:          1025796 kB
SwapCached:            0 kB
Active:          1306976 kB
Inactive:         711444 kB
Active(anon):     798920 kB
Inactive(anon):   203004 kB
Active(file):     508056 kB
Inactive(file):   508440 kB
Unevictable:       12456 kB
Mlocked:               0 kB
SwapTotal:        720184 kB
SwapFree:         720156 kB
Dirty:                40 kB
Writeback:             0 kB
AnonPages:        979288 kB
Mapped:           689520 kB
Shmem:             22624 kB
Slab:             120260 kB
SReclaimable:      39928 kB
SUnreclaim:        80332 kB
KernelStack:       33568 kB
PageTables:        55516 kB
NFS_Unstable:          0 kB
Bounce:                0 kB
WritebackTmp:          0 kB
CommitLimit:     2172840 kB
Committed_AS:   90297220 kB
VmallocTotal:   251658176 kB
VmallocUsed:      136364 kB
VmallocChunk:   251412012 kB
Time pass: 312 sec

---2015-12-05 14:07:44
MemTotal:        2905316 kB
MemFree:           81528 kB
Buffers:           25788 kB
Cached:          1025800 kB
SwapCached:            0 kB
Active:          1307308 kB
Inactive:         711440 kB
Active(anon):     799252 kB
Inactive(anon):   202992 kB
Active(file):     508056 kB
Inactive(file):   508448 kB
Unevictable:       12456 kB
Mlocked:               0 kB
SwapTotal:        720184 kB
SwapFree:         720156 kB
Dirty:                20 kB
Writeback:             0 kB
AnonPages:        979564 kB
Mapped:           689600 kB
Shmem:             22624 kB
Slab:             120260 kB
SReclaimable:      39928 kB
SUnreclaim:        80332 kB
KernelStack:       33536 kB
PageTables:        55536 kB
NFS_Unstable:          0 kB
Bounce:                0 kB
WritebackTmp:          0 kB
CommitLimit:     2172840 kB
Committed_AS:   90297228 kB
VmallocTotal:   251658176 kB
VmallocUsed:      136364 kB
VmallocChunk:   251412012 kB
Time pass: 315 sec

---2015-12-05 14:07:44
MemTotal:        2905316 kB
MemFree:           83336 kB
Buffers:           25796 kB
Cached:          1025888 kB
SwapCached:            0 kB
Active:          1304944 kB
Inactive:         711528 kB
Active(anon):     796876 kB
Inactive(anon):   202992 kB
Active(file):     508068 kB
Inactive(file):   508536 kB
Unevictable:       12456 kB
Mlocked:               0 kB
SwapTotal:        720184 kB
SwapFree:         720156 kB
Dirty:                60 kB
Writeback:             0 kB
AnonPages:        977260 kB
Mapped:           689628 kB
Shmem:             22624 kB
Slab:             120224 kB
SReclaimable:      39928 kB
SUnreclaim:        80296 kB
KernelStack:       33520 kB
PageTables:        55544 kB
NFS_Unstable:          0 kB
Bounce:                0 kB
WritebackTmp:          0 kB
CommitLimit:     2172840 kB
Committed_AS:   90290244 kB
VmallocTotal:   251658176 kB
VmallocUsed:      136364 kB
VmallocChunk:   251412012 kB
Time pass: 319 sec

---2015-12-05 14:07:44
MemTotal:        2905316 kB
MemFree:           83264 kB
Buffers:           25804 kB
Cached:          1025916 kB
SwapCached:            0 kB
Active:          1305276 kB
Inactive:         711540 kB
Active(anon):     797192 kB
Inactive(anon):   202992 kB
Active(file):     508084 kB
Inactive(file):   508548 kB
Unevictable:       12456 kB
Mlocked:               0 kB
SwapTotal:        720184 kB
SwapFree:         720156 kB
Dirty:                32 kB
Writeback:             0 kB
AnonPages:        977584 kB
Mapped:           689640 kB
Shmem:             22624 kB
Slab:             120192 kB
SReclaimable:      39896 kB
SUnreclaim:        80296 kB
KernelStack:       33440 kB
PageTables:        55572 kB
NFS_Unstable:          0 kB
Bounce:                0 kB
WritebackTmp:          0 kB
CommitLimit:     2172840 kB
Committed_AS:   90290120 kB
VmallocTotal:   251658176 kB
VmallocUsed:      136364 kB
VmallocChunk:   251412012 kB
Time pass: 323 sec

---2015-12-05 14:07:44
MemTotal:        2905316 kB
MemFree:           85312 kB
Buffers:           25812 kB
Cached:          1025924 kB
SwapCached:            0 kB
Active:          1302972 kB
Inactive:         711564 kB
Active(anon):     794888 kB
Inactive(anon):   202992 kB
Active(file):     508084 kB
Inactive(file):   508572 kB
Unevictable:       12456 kB
Mlocked:               0 kB
SwapTotal:        720184 kB
SwapFree:         720156 kB
Dirty:                56 kB
Writeback:             0 kB
AnonPages:        975252 kB
Mapped:           689648 kB
Shmem:             22624 kB
Slab:             120188 kB
SReclaimable:      39896 kB
SUnreclaim:        80292 kB
KernelStack:       33440 kB
PageTables:        55548 kB
NFS_Unstable:          0 kB
Bounce:                0 kB
WritebackTmp:          0 kB
CommitLimit:     2172840 kB
Committed_AS:   90290092 kB
VmallocTotal:   251658176 kB
VmallocUsed:      136364 kB
VmallocChunk:   251412012 kB
Time pass: 327 sec

---2015-12-05 14:07:44
MemTotal:        2905316 kB
MemFree:           84488 kB
Buffers:           25820 kB
Cached:          1025964 kB
SwapCached:            0 kB
Active:          1303912 kB
Inactive:         711600 kB
Active(anon):     795820 kB
Inactive(anon):   202992 kB
Active(file):     508092 kB
Inactive(file):   508608 kB
Unevictable:       12456 kB
Mlocked:               0 kB
SwapTotal:        720184 kB
SwapFree:         720156 kB
Dirty:                68 kB
Writeback:             0 kB
AnonPages:        976212 kB
Mapped:           689676 kB
Shmem:             22624 kB
Slab:             120188 kB
SReclaimable:      39896 kB
SUnreclaim:        80292 kB
KernelStack:       33456 kB
PageTables:        55548 kB
NFS_Unstable:          0 kB
Bounce:                0 kB
WritebackTmp:          0 kB
CommitLimit:     2172840 kB
Committed_AS:   90290092 kB
VmallocTotal:   251658176 kB
VmallocUsed:      136364 kB
VmallocChunk:   251412012 kB
Time pass: 330 sec

---2015-12-05 14:07:44
MemTotal:        2905316 kB
MemFree:           83724 kB
Buffers:           25828 kB
Cached:          1026028 kB
SwapCached:            0 kB
Active:          1304508 kB
Inactive:         711672 kB
Active(anon):     796412 kB
Inactive(anon):   203052 kB
Active(file):     508096 kB
Inactive(file):   508620 kB
Unevictable:       12456 kB
Mlocked:               0 kB
SwapTotal:        720184 kB
SwapFree:         720156 kB
Dirty:                 4 kB
Writeback:             0 kB
AnonPages:        976772 kB
Mapped:           689756 kB
Shmem:             22684 kB
Slab:             120188 kB
SReclaimable:      39896 kB
SUnreclaim:        80292 kB
KernelStack:       33440 kB
PageTables:        55600 kB
NFS_Unstable:          0 kB
Bounce:                0 kB
WritebackTmp:          0 kB
CommitLimit:     2172840 kB
Committed_AS:   90316716 kB
VmallocTotal:   251658176 kB
VmallocUsed:      136364 kB
VmallocChunk:   251412012 kB
Time pass: 334 sec

---2015-12-05 14:07:44
MemTotal:        2905316 kB
MemFree:           83680 kB
Buffers:           25836 kB
Cached:          1026032 kB
SwapCached:            0 kB
Active:          1304568 kB
Inactive:         711680 kB
Active(anon):     796468 kB
Inactive(anon):   203052 kB
Active(file):     508100 kB
Inactive(file):   508628 kB
Unevictable:       12456 kB
Mlocked:               0 kB
SwapTotal:        720184 kB
SwapFree:         720156 kB
Dirty:                32 kB
Writeback:             0 kB
AnonPages:        976896 kB
Mapped:           689760 kB
Shmem:             22684 kB
Slab:             120188 kB
SReclaimable:      39896 kB
SUnreclaim:        80292 kB
KernelStack:       33408 kB
PageTables:        55592 kB
NFS_Unstable:          0 kB
Bounce:                0 kB
WritebackTmp:          0 kB
CommitLimit:     2172840 kB
Committed_AS:   90316728 kB
VmallocTotal:   251658176 kB
VmallocUsed:      136364 kB
VmallocChunk:   251412012 kB
Time pass: 338 sec

---2015-12-05 14:07:44
MemTotal:        2905316 kB
MemFree:           83248 kB
Buffers:           25836 kB
Cached:          1026032 kB
SwapCached:            0 kB
Active:          1304916 kB
Inactive:         711680 kB
Active(anon):     796816 kB
Inactive(anon):   203052 kB
Active(file):     508100 kB
Inactive(file):   508628 kB
Unevictable:       12456 kB
Mlocked:               0 kB
SwapTotal:        720184 kB
SwapFree:         720156 kB
Dirty:                36 kB
Writeback:             0 kB
AnonPages:        977144 kB
Mapped:           689792 kB
Shmem:             22684 kB
Slab:             120188 kB
SReclaimable:      39896 kB
SUnreclaim:        80292 kB
KernelStack:       33440 kB
PageTables:        55600 kB
NFS_Unstable:          0 kB
Bounce:                0 kB
WritebackTmp:          0 kB
CommitLimit:     2172840 kB
Committed_AS:   90316704 kB
VmallocTotal:   251658176 kB
VmallocUsed:      136364 kB
VmallocChunk:   251412012 kB
Time pass: 342 sec

---2015-12-05 14:07:44
MemTotal:        2905316 kB
MemFree:           87300 kB
Buffers:           25844 kB
Cached:          1026036 kB
SwapCached:            0 kB
Active:          1300904 kB
Inactive:         711688 kB
Active(anon):     792800 kB
Inactive(anon):   203052 kB
Active(file):     508104 kB
Inactive(file):   508636 kB
Unevictable:       12456 kB
Mlocked:               0 kB
SwapTotal:        720184 kB
SwapFree:         720156 kB
Dirty:                20 kB
Writeback:             0 kB
AnonPages:        972908 kB
Mapped:           689816 kB
Shmem:             22684 kB
Slab:             120188 kB
SReclaimable:      39896 kB
SUnreclaim:        80292 kB
KernelStack:       33440 kB
PageTables:        55600 kB
NFS_Unstable:          0 kB
Bounce:                0 kB
WritebackTmp:          0 kB
CommitLimit:     2172840 kB
Committed_AS:   90316716 kB
VmallocTotal:   251658176 kB
VmallocUsed:      136364 kB
VmallocChunk:   251412012 kB
Time pass: 346 sec

---2015-12-05 14:07:44
MemTotal:        2905316 kB
MemFree:           87260 kB
Buffers:           25852 kB
Cached:          1026040 kB
SwapCached:            0 kB
Active:          1300980 kB
Inactive:         711688 kB
Active(anon):     792872 kB
Inactive(anon):   203052 kB
Active(file):     508108 kB
Inactive(file):   508636 kB
Unevictable:       12456 kB
Mlocked:               0 kB
SwapTotal:        720184 kB
SwapFree:         720156 kB
Dirty:                20 kB
Writeback:             0 kB
AnonPages:        973108 kB
Mapped:           689808 kB
Shmem:             22684 kB
Slab:             120188 kB
SReclaimable:      39896 kB
SUnreclaim:        80292 kB
KernelStack:       33440 kB
PageTables:        55600 kB
NFS_Unstable:          0 kB
Bounce:                0 kB
WritebackTmp:          0 kB
CommitLimit:     2172840 kB
Committed_AS:   90316692 kB
VmallocTotal:   251658176 kB
VmallocUsed:      136364 kB
VmallocChunk:   251412012 kB
Time pass: 349 sec

---2015-12-05 14:07:44
MemTotal:        2905316 kB
MemFree:           92136 kB
Buffers:           25860 kB
Cached:          1026040 kB
SwapCached:            0 kB
Active:          1295440 kB
Inactive:         711696 kB
Active(anon):     787332 kB
Inactive(anon):   203052 kB
Active(file):     508108 kB
Inactive(file):   508644 kB
Unevictable:       12456 kB
Mlocked:               0 kB
SwapTotal:        720184 kB
SwapFree:         720156 kB
Dirty:                12 kB
Writeback:             0 kB
AnonPages:        967740 kB
Mapped:           689812 kB
Shmem:             22684 kB
Slab:             120188 kB
SReclaimable:      39896 kB
SUnreclaim:        80292 kB
KernelStack:       33440 kB
PageTables:        55604 kB
NFS_Unstable:          0 kB
Bounce:                0 kB
WritebackTmp:          0 kB
CommitLimit:     2172840 kB
Committed_AS:   90316760 kB
VmallocTotal:   251658176 kB
VmallocUsed:      136364 kB
VmallocChunk:   251412012 kB
Time pass: 353 sec

---2015-12-05 14:07:44
MemTotal:        2905316 kB
MemFree:           92544 kB
Buffers:           25860 kB
Cached:          1026052 kB
SwapCached:            0 kB
Active:          1295820 kB
Inactive:         711700 kB
Active(anon):     787700 kB
Inactive(anon):   203052 kB
Active(file):     508120 kB
Inactive(file):   508648 kB
Unevictable:       12456 kB
Mlocked:               0 kB
SwapTotal:        720184 kB
SwapFree:         720156 kB
Dirty:                32 kB
Writeback:             0 kB
AnonPages:        967988 kB
Mapped:           689820 kB
Shmem:             22684 kB
Slab:             120184 kB
SReclaimable:      39896 kB
SUnreclaim:        80288 kB
KernelStack:       33456 kB
PageTables:        55604 kB
NFS_Unstable:          0 kB
Bounce:                0 kB
WritebackTmp:          0 kB
CommitLimit:     2172840 kB
Committed_AS:   90316720 kB
VmallocTotal:   251658176 kB
VmallocUsed:      136364 kB
VmallocChunk:   251412012 kB
Time pass: 357 sec

---2015-12-05 14:07:44
MemTotal:        2905316 kB
MemFree:           91588 kB
Buffers:           25884 kB
Cached:          1026068 kB
SwapCached:            0 kB
Active:          1296316 kB
Inactive:         711732 kB
Active(anon):     788188 kB
Inactive(anon):   203052 kB
Active(file):     508128 kB
Inactive(file):   508680 kB
Unevictable:       12456 kB
Mlocked:               0 kB
SwapTotal:        720184 kB
SwapFree:         720156 kB
Dirty:                88 kB
Writeback:             0 kB
AnonPages:        968628 kB
Mapped:           689836 kB
Shmem:             22684 kB
Slab:             120184 kB
SReclaimable:      39896 kB
SUnreclaim:        80288 kB
KernelStack:       33440 kB
PageTables:        55616 kB
NFS_Unstable:          0 kB
Bounce:                0 kB
WritebackTmp:          0 kB
CommitLimit:     2172840 kB
Committed_AS:   90316732 kB
VmallocTotal:   251658176 kB
VmallocUsed:      136364 kB
VmallocChunk:   251412012 kB
Time pass: 361 sec

---2015-12-05 14:07:44
MemTotal:        2905316 kB
MemFree:           91044 kB
Buffers:           25884 kB
Cached:          1026364 kB
SwapCached:            0 kB
Active:          1296976 kB
Inactive:         711952 kB
Active(anon):     788848 kB
Inactive(anon):   203112 kB
Active(file):     508128 kB
Inactive(file):   508840 kB
Unevictable:       12456 kB
Mlocked:               0 kB
SwapTotal:        720184 kB
SwapFree:         720156 kB
Dirty:                 8 kB
Writeback:             0 kB
AnonPages:        969108 kB
Mapped:           689888 kB
Shmem:             22744 kB
Slab:             120180 kB
SReclaimable:      39896 kB
SUnreclaim:        80284 kB
KernelStack:       33440 kB
PageTables:        55648 kB
NFS_Unstable:          0 kB
Bounce:                0 kB
WritebackTmp:          0 kB
CommitLimit:     2172840 kB
Committed_AS:   90343384 kB
VmallocTotal:   251658176 kB
VmallocUsed:      136364 kB
VmallocChunk:   251412012 kB
Time pass: 365 sec

---2015-12-05 14:07:44
MemTotal:        2905316 kB
MemFree:           90484 kB
Buffers:           25892 kB
Cached:          1026404 kB
SwapCached:            0 kB
Active:          1297260 kB
Inactive:         712052 kB
Active(anon):     789112 kB
Inactive(anon):   203112 kB
Active(file):     508148 kB
Inactive(file):   508940 kB
Unevictable:       12456 kB
Mlocked:               0 kB
SwapTotal:        720184 kB
SwapFree:         720156 kB
Dirty:               100 kB
Writeback:             0 kB
AnonPages:        969368 kB
Mapped:           689920 kB
Shmem:             22744 kB
Slab:             120176 kB
SReclaimable:      39896 kB
SUnreclaim:        80280 kB
KernelStack:       33456 kB
PageTables:        55628 kB
NFS_Unstable:          0 kB
Bounce:                0 kB
WritebackTmp:          0 kB
CommitLimit:     2172840 kB
Committed_AS:   90343356 kB
VmallocTotal:   251658176 kB
VmallocUsed:      136364 kB
VmallocChunk:   251412012 kB
Time pass: 368 sec

---2015-12-05 14:07:44
MemTotal:        2905316 kB
MemFree:           90352 kB
Buffers:           25908 kB
Cached:          1026392 kB
SwapCached:            0 kB
Active:          1297152 kB
Inactive:         712060 kB
Active(anon):     789004 kB
Inactive(anon):   203112 kB
Active(file):     508148 kB
Inactive(file):   508948 kB
Unevictable:       12456 kB
Mlocked:               0 kB
SwapTotal:        720184 kB
SwapFree:         720156 kB
Dirty:                 8 kB
Writeback:             0 kB
AnonPages:        969440 kB
Mapped:           689920 kB
Shmem:             22744 kB
Slab:             120176 kB
SReclaimable:      39896 kB
SUnreclaim:        80280 kB
KernelStack:       33440 kB
PageTables:        55628 kB
NFS_Unstable:          0 kB
Bounce:                0 kB
WritebackTmp:          0 kB
CommitLimit:     2172840 kB
Committed_AS:   90343356 kB
VmallocTotal:   251658176 kB
VmallocUsed:      136364 kB
VmallocChunk:   251412012 kB
Time pass: 372 sec

---2015-12-05 14:07:44
MemTotal:        2905316 kB
MemFree:           90364 kB
Buffers:           25908 kB
Cached:          1026412 kB
SwapCached:            0 kB
Active:          1297288 kB
Inactive:         712080 kB
Active(anon):     789136 kB
Inactive(anon):   203112 kB
Active(file):     508152 kB
Inactive(file):   508968 kB
Unevictable:       12456 kB
Mlocked:               0 kB
SwapTotal:        720184 kB
SwapFree:         720156 kB
Dirty:                32 kB
Writeback:             0 kB
AnonPages:        969556 kB
Mapped:           689924 kB
Shmem:             22744 kB
Slab:             120176 kB
SReclaimable:      39896 kB
SUnreclaim:        80280 kB
KernelStack:       33440 kB
PageTables:        55628 kB
NFS_Unstable:          0 kB
Bounce:                0 kB
WritebackTmp:          0 kB
CommitLimit:     2172840 kB
Committed_AS:   90343296 kB
VmallocTotal:   251658176 kB
VmallocUsed:      136364 kB
VmallocChunk:   251412012 kB
Time pass: 376 sec

---2015-12-05 14:07:44
MemTotal:        2905316 kB
MemFree:           90032 kB
Buffers:           25916 kB
Cached:          1026412 kB
SwapCached:            0 kB
Active:          1297332 kB
Inactive:         712088 kB
Active(anon):     789180 kB
Inactive(anon):   203112 kB
Active(file):     508152 kB
Inactive(file):   508976 kB
Unevictable:       12456 kB
Mlocked:               0 kB
SwapTotal:        720184 kB
SwapFree:         720156 kB
Dirty:                 4 kB
Writeback:             0 kB
AnonPages:        969632 kB
Mapped:           689932 kB
Shmem:             22744 kB
Slab:             120176 kB
SReclaimable:      39896 kB
SUnreclaim:        80280 kB
KernelStack:       33408 kB
PageTables:        55628 kB
NFS_Unstable:          0 kB
Bounce:                0 kB
WritebackTmp:          0 kB
CommitLimit:     2172840 kB
Committed_AS:   90343352 kB
VmallocTotal:   251658176 kB
VmallocUsed:      136364 kB
VmallocChunk:   251412012 kB
Time pass: 380 sec

---2015-12-05 14:07:44
MemTotal:        2905316 kB
MemFree:           90060 kB
Buffers:           25924 kB
Cached:          1026604 kB
SwapCached:            0 kB
Active:          1297528 kB
Inactive:         712256 kB
Active(anon):     789376 kB
Inactive(anon):   203112 kB
Active(file):     508152 kB
Inactive(file):   509144 kB
Unevictable:       12456 kB
Mlocked:               0 kB
SwapTotal:        720184 kB
SwapFree:         720156 kB
Dirty:                60 kB
Writeback:             0 kB
AnonPages:        969824 kB
Mapped:           690020 kB
Shmem:             22744 kB
Slab:             120176 kB
SReclaimable:      39896 kB
SUnreclaim:        80280 kB
KernelStack:       33472 kB
PageTables:        55632 kB
NFS_Unstable:          0 kB
Bounce:                0 kB
WritebackTmp:          0 kB
CommitLimit:     2172840 kB
Committed_AS:   90343352 kB
VmallocTotal:   251658176 kB
VmallocUsed:      136364 kB
VmallocChunk:   251412012 kB
Time pass: 384 sec

---2015-12-05 14:07:44
MemTotal:        2905316 kB
MemFree:           89920 kB
Buffers:           25924 kB
Cached:          1026612 kB
SwapCached:            0 kB
Active:          1297744 kB
Inactive:         712256 kB
Active(anon):     789580 kB
Inactive(anon):   203112 kB
Active(file):     508164 kB
Inactive(file):   509144 kB
Unevictable:       12456 kB
Mlocked:               0 kB
SwapTotal:        720184 kB
SwapFree:         720156 kB
Dirty:                 4 kB
Writeback:             0 kB
AnonPages:        969932 kB
Mapped:           690028 kB
Shmem:             22744 kB
Slab:             120168 kB
SReclaimable:      39896 kB
SUnreclaim:        80272 kB
KernelStack:       33472 kB
PageTables:        55632 kB
NFS_Unstable:          0 kB
Bounce:                0 kB
WritebackTmp:          0 kB
CommitLimit:     2172840 kB
Committed_AS:   90343340 kB
VmallocTotal:   251658176 kB
VmallocUsed:      136364 kB
VmallocChunk:   251412012 kB
Time pass: 388 sec

---2015-12-05 14:07:44
MemTotal:        2905316 kB
MemFree:           89616 kB
Buffers:           25932 kB
Cached:          1026612 kB
SwapCached:            0 kB
Active:          1297896 kB
Inactive:         712272 kB
