---2015-12-16 15:27:45
MemTotal:        2582696 kB
MemFree:          123308 kB
Buffers:           13768 kB
Cached:          1215148 kB
SwapCached:            0 kB
Active:          1122972 kB
Inactive:         872140 kB
Active(anon):     612524 kB
Inactive(anon):   158848 kB
Active(file):     510448 kB
Inactive(file):   713292 kB
Unevictable:        2988 kB
Mlocked:               0 kB
SwapTotal:        524284 kB
SwapFree:         524284 kB
Dirty:               176 kB
Writeback:             0 kB
AnonPages:        769360 kB
Mapped:           437696 kB
Shmem:              2136 kB
Slab:             102224 kB
SReclaimable:      31584 kB
SUnreclaim:        70640 kB
KernelStack:       38448 kB
PageTables:        39944 kB
NFS_Unstable:          0 kB
Bounce:                0 kB
WritebackTmp:          0 kB
CommitLimit:     1815632 kB
Committed_AS:   113686976 kB
VmallocTotal:   251658176 kB
VmallocUsed:      119284 kB
VmallocChunk:   251445668 kB
Time pass: 3 sec

---2015-12-16 15:27:45
MemTotal:        2582696 kB
MemFree:          123388 kB
Buffers:           13768 kB
Cached:          1215152 kB
SwapCached:            0 kB
Active:          1123364 kB
Inactive:         872196 kB
Active(anon):     612916 kB
Inactive(anon):   158848 kB
Active(file):     510448 kB
Inactive(file):   713348 kB
Unevictable:        2988 kB
Mlocked:               0 kB
SwapTotal:        524284 kB
SwapFree:         524284 kB
Dirty:               180 kB
Writeback:             0 kB
AnonPages:        769540 kB
Mapped:           437704 kB
Shmem:              2136 kB
Slab:             102128 kB
SReclaimable:      31584 kB
SUnreclaim:        70544 kB
KernelStack:       38448 kB
PageTables:        39940 kB
NFS_Unstable:          0 kB
Bounce:                0 kB
WritebackTmp:          0 kB
CommitLimit:     1815632 kB
Committed_AS:   113686992 kB
VmallocTotal:   251658176 kB
VmallocUsed:      119284 kB
VmallocChunk:   251445668 kB
Time pass: 7 sec

---2015-12-16 15:27:45
MemTotal:        2582696 kB
MemFree:          117004 kB
Buffers:           13768 kB
Cached:          1217404 kB
SwapCached:            0 kB
Active:          1129708 kB
Inactive:         874204 kB
Active(anon):     619032 kB
Inactive(anon):   158848 kB
Active(file):     510676 kB
Inactive(file):   715356 kB
Unevictable:        2988 kB
Mlocked:               0 kB
SwapTotal:        524284 kB
SwapFree:         524284 kB
Dirty:               180 kB
Writeback:             0 kB
AnonPages:        775652 kB
Mapped:           452464 kB
Shmem:              2136 kB
Slab:             102408 kB
SReclaimable:      31700 kB
SUnreclaim:        70708 kB
KernelStack:       38432 kB
PageTables:        40196 kB
NFS_Unstable:          0 kB
Bounce:                0 kB
WritebackTmp:          0 kB
CommitLimit:     1815632 kB
Committed_AS:   113691656 kB
VmallocTotal:   251658176 kB
VmallocUsed:      119284 kB
VmallocChunk:   251445668 kB
Time pass: 11 sec

---2015-12-16 15:27:45
MemTotal:        2582696 kB
MemFree:          118188 kB
Buffers:           13768 kB
Cached:          1218300 kB
SwapCached:            0 kB
Active:          1132132 kB
Inactive:         871872 kB
Active(anon):     618224 kB
Inactive(anon):   158848 kB
Active(file):     513908 kB
Inactive(file):   713024 kB
Unevictable:        2988 kB
Mlocked:               0 kB
SwapTotal:        524284 kB
SwapFree:         524284 kB
Dirty:               180 kB
Writeback:             0 kB
AnonPages:        775216 kB
Mapped:           438152 kB
Shmem:              2136 kB
Slab:             102520 kB
SReclaimable:      31796 kB
SUnreclaim:        70724 kB
KernelStack:       38432 kB
PageTables:        39852 kB
NFS_Unstable:          0 kB
Bounce:                0 kB
WritebackTmp:          0 kB
CommitLimit:     1815632 kB
Committed_AS:   113673760 kB
VmallocTotal:   251658176 kB
VmallocUsed:      119284 kB
VmallocChunk:   251445668 kB
Time pass: 14 sec

---2015-12-16 15:27:45
MemTotal:        2582696 kB
MemFree:          117664 kB
Buffers:           13768 kB
Cached:          1219584 kB
SwapCached:            0 kB
Active:          1132348 kB
Inactive:         872876 kB
Active(anon):     618436 kB
Inactive(anon):   159292 kB
Active(file):     513912 kB
Inactive(file):   713584 kB
Unevictable:        2988 kB
Mlocked:               0 kB
SwapTotal:        524284 kB
SwapFree:         524284 kB
Dirty:               176 kB
Writeback:             0 kB
AnonPages:        775100 kB
Mapped:           439016 kB
Shmem:              2576 kB
Slab:             102600 kB
SReclaimable:      31844 kB
SUnreclaim:        70756 kB
KernelStack:       38416 kB
PageTables:        39836 kB
NFS_Unstable:          0 kB
Bounce:                0 kB
WritebackTmp:          0 kB
CommitLimit:     1815632 kB
Committed_AS:   113675792 kB
VmallocTotal:   251658176 kB
VmallocUsed:      119284 kB
VmallocChunk:   251445668 kB
Time pass: 18 sec

---2015-12-16 15:27:45
MemTotal:        2582696 kB
MemFree:          116120 kB
Buffers:            5796 kB
Cached:          1062540 kB
SwapCached:            0 kB
Active:          1178496 kB
Inactive:         702108 kB
Active(anon):     651588 kB
Inactive(anon):   166264 kB
Active(file):     526908 kB
Inactive(file):   535844 kB
Unevictable:        2988 kB
Mlocked:               0 kB
SwapTotal:        524284 kB
SwapFree:         524284 kB
Dirty:              1140 kB
Writeback:             0 kB
AnonPages:        815324 kB
Mapped:           466452 kB
Shmem:              2652 kB
Slab:             101568 kB
SReclaimable:      30460 kB
SUnreclaim:        71108 kB
KernelStack:       39600 kB
PageTables:        40916 kB
NFS_Unstable:          0 kB
Bounce:                0 kB
WritebackTmp:          0 kB
CommitLimit:     1815632 kB
Committed_AS:   114989808 kB
VmallocTotal:   251658176 kB
VmallocUsed:      120772 kB
VmallocChunk:   251445668 kB
Time pass: 22 sec

---2015-12-16 15:27:45
MemTotal:        2582696 kB
MemFree:          113992 kB
Buffers:            5792 kB
Cached:          1043644 kB
SwapCached:            0 kB
Active:          1174604 kB
Inactive:         686004 kB
Active(anon):     650960 kB
Inactive(anon):   165956 kB
Active(file):     523644 kB
Inactive(file):   520048 kB
Unevictable:        3908 kB
Mlocked:               0 kB
SwapTotal:        524284 kB
SwapFree:         524132 kB
Dirty:               392 kB
Writeback:             0 kB
AnonPages:        815140 kB
Mapped:           477816 kB
Shmem:              1836 kB
Slab:             103108 kB
SReclaimable:      31940 kB
SUnreclaim:        71168 kB
KernelStack:       39632 kB
PageTables:        40984 kB
NFS_Unstable:          0 kB
Bounce:                0 kB
WritebackTmp:          0 kB
CommitLimit:     1815632 kB
Committed_AS:   114985752 kB
VmallocTotal:   251658176 kB
VmallocUsed:      121336 kB
VmallocChunk:   251445668 kB
Time pass: 26 sec

---2015-12-16 15:27:45
MemTotal:        2582696 kB
MemFree:          129712 kB
Buffers:            5792 kB
Cached:          1043124 kB
SwapCached:            0 kB
Active:          1158952 kB
Inactive:         687340 kB
Active(anon):     637408 kB
Inactive(anon):   165848 kB
Active(file):     521544 kB
Inactive(file):   521492 kB
Unevictable:        3916 kB
Mlocked:               0 kB
SwapTotal:        524284 kB
SwapFree:         524028 kB
Dirty:               852 kB
Writeback:             0 kB
AnonPages:        801444 kB
Mapped:           477848 kB
Shmem:              1732 kB
Slab:             103108 kB
SReclaimable:      32020 kB
SUnreclaim:        71088 kB
KernelStack:       39616 kB
PageTables:        40996 kB
NFS_Unstable:          0 kB
Bounce:                0 kB
WritebackTmp:          0 kB
CommitLimit:     1815632 kB
Committed_AS:   114986048 kB
VmallocTotal:   251658176 kB
VmallocUsed:      121336 kB
VmallocChunk:   251445668 kB
Time pass: 30 sec

---2015-12-16 15:27:45
MemTotal:        2582696 kB
MemFree:          130672 kB
Buffers:            5792 kB
Cached:          1042752 kB
SwapCached:            0 kB
Active:          1158052 kB
Inactive:         687316 kB
Active(anon):     636628 kB
Inactive(anon):   165848 kB
Active(file):     521424 kB
Inactive(file):   521468 kB
Unevictable:        3916 kB
Mlocked:               0 kB
SwapTotal:        524284 kB
SwapFree:         524028 kB
Dirty:               332 kB
Writeback:             0 kB
AnonPages:        800760 kB
Mapped:           477908 kB
Shmem:              1732 kB
Slab:             103148 kB
SReclaimable:      32020 kB
SUnreclaim:        71128 kB
KernelStack:       39616 kB
PageTables:        40996 kB
NFS_Unstable:          0 kB
Bounce:                0 kB
WritebackTmp:          0 kB
CommitLimit:     1815632 kB
Committed_AS:   114986016 kB
VmallocTotal:   251658176 kB
VmallocUsed:      121336 kB
VmallocChunk:   251445668 kB
Time pass: 34 sec

---2015-12-16 15:27:45
MemTotal:        2582696 kB
MemFree:          129100 kB
Buffers:            5792 kB
Cached:          1043928 kB
SwapCached:            0 kB
Active:          1159816 kB
Inactive:         688436 kB
Active(anon):     638380 kB
Inactive(anon):   165844 kB
Active(file):     521436 kB
Inactive(file):   522592 kB
Unevictable:        3916 kB
Mlocked:               0 kB
SwapTotal:        524284 kB
SwapFree:         524028 kB
Dirty:              1048 kB
Writeback:             0 kB
AnonPages:        802368 kB
Mapped:           478188 kB
Shmem:              1732 kB
Slab:             103116 kB
SReclaimable:      32020 kB
SUnreclaim:        71096 kB
KernelStack:       39648 kB
PageTables:        41008 kB
NFS_Unstable:          0 kB
Bounce:                0 kB
WritebackTmp:          0 kB
CommitLimit:     1815632 kB
Committed_AS:   114985944 kB
VmallocTotal:   251658176 kB
VmallocUsed:      121336 kB
VmallocChunk:   251445668 kB
Time pass: 38 sec

---2015-12-16 15:27:45
MemTotal:        2582696 kB
MemFree:          115672 kB
Buffers:            5328 kB
Cached:           973104 kB
SwapCached:            0 kB
Active:          1136140 kB
Inactive:         651584 kB
Active(anon):     649644 kB
Inactive(anon):   165028 kB
Active(file):     486496 kB
Inactive(file):   486556 kB
Unevictable:        3916 kB
Mlocked:               0 kB
SwapTotal:        524284 kB
SwapFree:         523352 kB
Dirty:               340 kB
Writeback:             0 kB
AnonPages:        813628 kB
Mapped:           476896 kB
Shmem:              1280 kB
Slab:             100188 kB
SReclaimable:      29332 kB
SUnreclaim:        70856 kB
KernelStack:       39728 kB
PageTables:        41184 kB
NFS_Unstable:          0 kB
Bounce:                0 kB
WritebackTmp:          0 kB
CommitLimit:     1815632 kB
Committed_AS:   114986968 kB
VmallocTotal:   251658176 kB
VmallocUsed:      121484 kB
VmallocChunk:   251445668 kB
Time pass: 42 sec

---2015-12-16 15:27:45
MemTotal:        2582696 kB
MemFree:          110728 kB
Buffers:            5336 kB
Cached:           973080 kB
SwapCached:            0 kB
Active:          1137544 kB
Inactive:         651760 kB
Active(anon):     651072 kB
Inactive(anon):   165016 kB
Active(file):     486472 kB
Inactive(file):   486744 kB
Unevictable:        3916 kB
Mlocked:               0 kB
SwapTotal:        524284 kB
SwapFree:         523352 kB
Dirty:               468 kB
Writeback:             0 kB
AnonPages:        814712 kB
Mapped:           477196 kB
Shmem:              1280 kB
Slab:             103020 kB
SReclaimable:      31800 kB
SUnreclaim:        71220 kB
KernelStack:       39712 kB
PageTables:        41324 kB
NFS_Unstable:          0 kB
Bounce:                0 kB
WritebackTmp:          0 kB
CommitLimit:     1815632 kB
Committed_AS:   114986936 kB
VmallocTotal:   251658176 kB
VmallocUsed:      121484 kB
VmallocChunk:   251445668 kB
Time pass: 45 sec

---2015-12-16 15:27:45
MemTotal:        2582696 kB
MemFree:          118772 kB
Buffers:            5336 kB
Cached:           926432 kB
SwapCached:            0 kB
Active:          1131248 kB
Inactive:         632244 kB
Active(anon):     668460 kB
Inactive(anon):   168652 kB
Active(file):     462788 kB
Inactive(file):   463592 kB
Unevictable:        3916 kB
Mlocked:               0 kB
SwapTotal:        524284 kB
SwapFree:         522868 kB
Dirty:               956 kB
Writeback:             0 kB
AnonPages:        836096 kB
Mapped:           511408 kB
Shmem:              1280 kB
Slab:              99612 kB
SReclaimable:      28640 kB
SUnreclaim:        70972 kB
KernelStack:       39792 kB
PageTables:        41256 kB
NFS_Unstable:          0 kB
Bounce:                0 kB
WritebackTmp:          0 kB
CommitLimit:     1815632 kB
Committed_AS:   115015848 kB
VmallocTotal:   251658176 kB
VmallocUsed:      121720 kB
VmallocChunk:   251445668 kB
Time pass: 50 sec

---2015-12-16 15:27:45
MemTotal:        2582696 kB
MemFree:          106236 kB
Buffers:            5336 kB
Cached:           933136 kB
SwapCached:            0 kB
Active:          1132708 kB
Inactive:         639272 kB
Active(anon):     669928 kB
Inactive(anon):   168792 kB
Active(file):     462780 kB
Inactive(file):   470480 kB
Unevictable:        3916 kB
Mlocked:               0 kB
SwapTotal:        524284 kB
SwapFree:         522868 kB
Dirty:              7528 kB
Writeback:             0 kB
AnonPages:        837408 kB
Mapped:           512104 kB
Shmem:              1280 kB
Slab:             102952 kB
SReclaimable:      31712 kB
SUnreclaim:        71240 kB
KernelStack:       39792 kB
PageTables:        41324 kB
NFS_Unstable:          0 kB
Bounce:                0 kB
WritebackTmp:          0 kB
CommitLimit:     1815632 kB
Committed_AS:   115028160 kB
VmallocTotal:   251658176 kB
VmallocUsed:      121720 kB
VmallocChunk:   251445668 kB
Time pass: 55 sec

---2015-12-16 15:27:45
MemTotal:        2582696 kB
MemFree:          106460 kB
Buffers:            5336 kB
Cached:           929700 kB
SwapCached:            0 kB
Active:          1134124 kB
Inactive:         635716 kB
Active(anon):     671208 kB
Inactive(anon):   168792 kB
Active(file):     462916 kB
Inactive(file):   466924 kB
Unevictable:        3916 kB
Mlocked:               0 kB
SwapTotal:        524284 kB
SwapFree:         522868 kB
Dirty:               588 kB
Writeback:             0 kB
AnonPages:        838960 kB
Mapped:           511440 kB
Shmem:              1280 kB
Slab:             102996 kB
SReclaimable:      31712 kB
SUnreclaim:        71284 kB
KernelStack:       39808 kB
PageTables:        41320 kB
NFS_Unstable:          0 kB
Bounce:                0 kB
WritebackTmp:          0 kB
CommitLimit:     1815632 kB
Committed_AS:   115028200 kB
VmallocTotal:   251658176 kB
VmallocUsed:      121720 kB
VmallocChunk:   251445668 kB
Time pass: 59 sec

---2015-12-16 15:27:45
MemTotal:        2582696 kB
MemFree:          118212 kB
Buffers:            5336 kB
Cached:           912132 kB
SwapCached:            0 kB
Active:          1122152 kB
Inactive:         624952 kB
Active(anon):     666048 kB
Inactive(anon):   168784 kB
Active(file):     456104 kB
Inactive(file):   456168 kB
Unevictable:        3916 kB
Mlocked:               0 kB
SwapTotal:        524284 kB
SwapFree:         522600 kB
Dirty:               792 kB
Writeback:             0 kB
AnonPages:        833464 kB
Mapped:           519372 kB
Shmem:              1280 kB
Slab:             102828 kB
SReclaimable:      31700 kB
SUnreclaim:        71128 kB
KernelStack:       39792 kB
PageTables:        41348 kB
NFS_Unstable:          0 kB
Bounce:                0 kB
WritebackTmp:          0 kB
CommitLimit:     1815632 kB
Committed_AS:   115028288 kB
VmallocTotal:   251658176 kB
VmallocUsed:      121816 kB
VmallocChunk:   251445668 kB
Time pass: 63 sec

---2015-12-16 15:27:45
MemTotal:        2582696 kB
MemFree:          117844 kB
Buffers:            5336 kB
Cached:           912132 kB
SwapCached:            0 kB
Active:          1122176 kB
Inactive:         624932 kB
Active(anon):     666052 kB
Inactive(anon):   168784 kB
Active(file):     456124 kB
Inactive(file):   456148 kB
Unevictable:        3916 kB
Mlocked:               0 kB
SwapTotal:        524284 kB
SwapFree:         522600 kB
Dirty:               624 kB
Writeback:             0 kB
AnonPages:        833384 kB
Mapped:           519372 kB
Shmem:              1280 kB
Slab:             102984 kB
SReclaimable:      31796 kB
SUnreclaim:        71188 kB
KernelStack:       39808 kB
PageTables:        41344 kB
NFS_Unstable:          0 kB
Bounce:                0 kB
WritebackTmp:          0 kB
CommitLimit:     1815632 kB
Committed_AS:   115028272 kB
VmallocTotal:   251658176 kB
VmallocUsed:      121816 kB
VmallocChunk:   251445668 kB
Time pass: 66 sec

---2015-12-16 15:27:45
MemTotal:        2582696 kB
MemFree:          118628 kB
Buffers:            4992 kB
Cached:           890240 kB
SwapCached:            0 kB
Active:          1114472 kB
Inactive:         616484 kB
Active(anon):     669700 kB
Inactive(anon):   171364 kB
Active(file):     444772 kB
Inactive(file):   445120 kB
Unevictable:        3916 kB
Mlocked:               0 kB
SwapTotal:        524284 kB
SwapFree:         522160 kB
Dirty:               764 kB
Writeback:             0 kB
AnonPages:        839816 kB
Mapped:           530312 kB
Shmem:              1280 kB
Slab:             102912 kB
SReclaimable:      31844 kB
SUnreclaim:        71068 kB
KernelStack:       39808 kB
PageTables:        41272 kB
NFS_Unstable:          0 kB
Bounce:                0 kB
WritebackTmp:          0 kB
CommitLimit:     1815632 kB
Committed_AS:   115028804 kB
VmallocTotal:   251658176 kB
VmallocUsed:      122044 kB
VmallocChunk:   251445668 kB
Time pass: 70 sec

---2015-12-16 15:27:45
MemTotal:        2582696 kB
MemFree:          107588 kB
Buffers:            4984 kB
Cached:           875488 kB
SwapCached:            8 kB
Active:          1125508 kB
Inactive:         609656 kB
Active(anon):     688208 kB
Inactive(anon):   172060 kB
Active(file):     437300 kB
Inactive(file):   437596 kB
Unevictable:        3916 kB
Mlocked:               0 kB
SwapTotal:        524284 kB
SwapFree:         521856 kB
Dirty:              1052 kB
Writeback:             0 kB
AnonPages:        859048 kB
Mapped:           532284 kB
Shmem:              1280 kB
Slab:             100148 kB
SReclaimable:      28368 kB
SUnreclaim:        71780 kB
KernelStack:       40096 kB
PageTables:        41328 kB
NFS_Unstable:          0 kB
Bounce:                0 kB
WritebackTmp:          0 kB
CommitLimit:     1815632 kB
Committed_AS:   115056460 kB
VmallocTotal:   251658176 kB
VmallocUsed:      124576 kB
VmallocChunk:   251445668 kB
Time pass: 75 sec

---2015-12-16 15:27:45
MemTotal:        2582696 kB
MemFree:          116072 kB
Buffers:            4868 kB
Cached:           825888 kB
SwapCached:            8 kB
Active:          1102720 kB
Inactive:         585624 kB
Active(anon):     690280 kB
Inactive(anon):   172720 kB
Active(file):     412440 kB
Inactive(file):   412904 kB
Unevictable:        3916 kB
Mlocked:               0 kB
SwapTotal:        524284 kB
SwapFree:         521252 kB
Dirty:               788 kB
Writeback:             0 kB
AnonPages:        861552 kB
Mapped:           528448 kB
Shmem:              1464 kB
Slab:             101748 kB
SReclaimable:      30204 kB
SUnreclaim:        71544 kB
KernelStack:       40144 kB
PageTables:        41676 kB
NFS_Unstable:          0 kB
Bounce:                0 kB
WritebackTmp:          0 kB
CommitLimit:     1815632 kB
Committed_AS:   115056600 kB
VmallocTotal:   251658176 kB
VmallocUsed:      124584 kB
VmallocChunk:   251445668 kB
Time pass: 79 sec

---2015-12-16 15:27:45
MemTotal:        2582696 kB
MemFree:          113880 kB
Buffers:            4868 kB
Cached:           823804 kB
SwapCached:            8 kB
Active:          1103756 kB
Inactive:         584680 kB
Active(anon):     692196 kB
Inactive(anon):   173060 kB
Active(file):     411560 kB
Inactive(file):   411620 kB
Unevictable:        3916 kB
Mlocked:               0 kB
SwapTotal:        524284 kB
SwapFree:         521212 kB
Dirty:               840 kB
Writeback:             0 kB
AnonPages:        863540 kB
Mapped:           528656 kB
Shmem:              1620 kB
Slab:             103032 kB
SReclaimable:      31488 kB
SUnreclaim:        71544 kB
KernelStack:       40096 kB
PageTables:        41676 kB
NFS_Unstable:          0 kB
Bounce:                0 kB
WritebackTmp:          0 kB
CommitLimit:     1815632 kB
Committed_AS:   115060576 kB
VmallocTotal:   251658176 kB
VmallocUsed:      124584 kB
VmallocChunk:   251445668 kB
Time pass: 84 sec

---2015-12-16 15:27:45
MemTotal:        2582696 kB
MemFree:          115804 kB
Buffers:            4868 kB
Cached:           821880 kB
SwapCached:            8 kB
Active:          1102460 kB
Inactive:         583716 kB
Active(anon):     691924 kB
Inactive(anon):   173020 kB
Active(file):     410536 kB
Inactive(file):   410696 kB
Unevictable:        3916 kB
Mlocked:               0 kB
SwapTotal:        524284 kB
SwapFree:         521180 kB
Dirty:               824 kB
Writeback:             0 kB
AnonPages:        863360 kB
Mapped:           528688 kB
Shmem:              1620 kB
Slab:             102688 kB
SReclaimable:      31148 kB
SUnreclaim:        71540 kB
KernelStack:       40080 kB
PageTables:        41688 kB
NFS_Unstable:          0 kB
Bounce:                0 kB
WritebackTmp:          0 kB
CommitLimit:     1815632 kB
Committed_AS:   115060520 kB
VmallocTotal:   251658176 kB
VmallocUsed:      124584 kB
VmallocChunk:   251445668 kB
Time pass: 87 sec

---2015-12-16 15:27:45
MemTotal:        2582696 kB
MemFree:          117484 kB
Buffers:            4868 kB
Cached:           819580 kB
SwapCached:            8 kB
Active:          1101396 kB
Inactive:         582796 kB
Active(anon):     692192 kB
Inactive(anon):   173140 kB
Active(file):     409204 kB
Inactive(file):   409656 kB
Unevictable:        3916 kB
Mlocked:               0 kB
SwapTotal:        524284 kB
SwapFree:         521132 kB
Dirty:               812 kB
Writeback:             0 kB
AnonPages:        863748 kB
Mapped:           528740 kB
Shmem:              1672 kB
Slab:             102956 kB
SReclaimable:      31500 kB
SUnreclaim:        71456 kB
KernelStack:       40080 kB
PageTables:        41696 kB
NFS_Unstable:          0 kB
Bounce:                0 kB
WritebackTmp:          0 kB
CommitLimit:     1815632 kB
Committed_AS:   115064572 kB
VmallocTotal:   251658176 kB
VmallocUsed:      124584 kB
VmallocChunk:   251445668 kB
Time pass: 91 sec

---2015-12-16 15:27:45
MemTotal:        2582696 kB
MemFree:          117652 kB
Buffers:            4868 kB
Cached:           819200 kB
SwapCached:            8 kB
Active:          1101816 kB
Inactive:         582536 kB
Active(anon):     692528 kB
Inactive(anon):   173344 kB
Active(file):     409288 kB
Inactive(file):   409192 kB
Unevictable:        3916 kB
Mlocked:               0 kB
SwapTotal:        524284 kB
SwapFree:         521128 kB
Dirty:               800 kB
Writeback:             0 kB
AnonPages:        864464 kB
Mapped:           528740 kB
Shmem:              1672 kB
Slab:             103028 kB
SReclaimable:      31452 kB
SUnreclaim:        71576 kB
KernelStack:       40080 kB
PageTables:        41700 kB
NFS_Unstable:          0 kB
Bounce:                0 kB
WritebackTmp:          0 kB
CommitLimit:     1815632 kB
Committed_AS:   115068776 kB
VmallocTotal:   251658176 kB
VmallocUsed:      124584 kB
VmallocChunk:   251445668 kB
Time pass: 96 sec

---2015-12-16 15:27:45
MemTotal:        2582696 kB
MemFree:          123108 kB
Buffers:            4868 kB
Cached:           816480 kB
SwapCached:            8 kB
Active:          1099684 kB
Inactive:         581484 kB
Active(anon):     692128 kB
Inactive(anon):   173292 kB
Active(file):     407556 kB
Inactive(file):   408192 kB
Unevictable:        3916 kB
Mlocked:               0 kB
SwapTotal:        524284 kB
SwapFree:         521068 kB
Dirty:               788 kB
Writeback:             0 kB
AnonPages:        863784 kB
Mapped:           528748 kB
Shmem:              1680 kB
Slab:             100072 kB
SReclaimable:      28464 kB
SUnreclaim:        71608 kB
KernelStack:       40080 kB
PageTables:        41692 kB
NFS_Unstable:          0 kB
Bounce:                0 kB
WritebackTmp:          0 kB
CommitLimit:     1815632 kB
Committed_AS:   115068768 kB
VmallocTotal:   251658176 kB
VmallocUsed:      124584 kB
VmallocChunk:   251445668 kB
Time pass: 99 sec

---2015-12-16 15:27:45
MemTotal:        2582696 kB
MemFree:          123800 kB
Buffers:            4868 kB
Cached:           815976 kB
SwapCached:            8 kB
Active:          1099500 kB
Inactive:         580952 kB
Active(anon):     691884 kB
Inactive(anon):   173312 kB
Active(file):     407616 kB
Inactive(file):   407640 kB
Unevictable:        3916 kB
Mlocked:               0 kB
SwapTotal:        524284 kB
SwapFree:         521068 kB
Dirty:               848 kB
Writeback:             0 kB
AnonPages:        863520 kB
Mapped:           528776 kB
Shmem:              1700 kB
Slab:             100264 kB
SReclaimable:      28608 kB
SUnreclaim:        71656 kB
KernelStack:       40080 kB
PageTables:        41708 kB
NFS_Unstable:          0 kB
Bounce:                0 kB
WritebackTmp:          0 kB
CommitLimit:     1815632 kB
Committed_AS:   115068768 kB
VmallocTotal:   251658176 kB
VmallocUsed:      124584 kB
VmallocChunk:   251445668 kB
Time pass: 103 sec

---2015-12-16 15:27:45
MemTotal:        2582696 kB
MemFree:          121284 kB
Buffers:            4876 kB
Cached:           815836 kB
SwapCached:            8 kB
Active:          1099192 kB
Inactive:         580736 kB
Active(anon):     691520 kB
Inactive(anon):   173340 kB
Active(file):     407672 kB
Inactive(file):   407396 kB
Unevictable:        3916 kB
Mlocked:               0 kB
SwapTotal:        524284 kB
SwapFree:         521068 kB
Dirty:               848 kB
Writeback:             0 kB
AnonPages:        863016 kB
Mapped:           528804 kB
Shmem:              1728 kB
Slab:             103132 kB
SReclaimable:      31452 kB
SUnreclaim:        71680 kB
KernelStack:       40064 kB
PageTables:        41692 kB
NFS_Unstable:          0 kB
Bounce:                0 kB
WritebackTmp:          0 kB
CommitLimit:     1815632 kB
Committed_AS:   115068752 kB
VmallocTotal:   251658176 kB
VmallocUsed:      124584 kB
VmallocChunk:   251445668 kB
Time pass: 108 sec

---2015-12-16 15:27:45
MemTotal:        2582696 kB
MemFree:          122840 kB
Buffers:            4876 kB
Cached:           815076 kB
SwapCached:            8 kB
Active:          1096864 kB
Inactive:         580408 kB
Active(anon):     689612 kB
Inactive(anon):   173320 kB
Active(file):     407252 kB
Inactive(file):   407088 kB
Unevictable:        3916 kB
Mlocked:               0 kB
SwapTotal:        524284 kB
SwapFree:         521040 kB
Dirty:               820 kB
Writeback:             0 kB
AnonPages:        861228 kB
Mapped:           528808 kB
Shmem:              1732 kB
Slab:             103292 kB
SReclaimable:      31744 kB
SUnreclaim:        71548 kB
KernelStack:       40048 kB
PageTables:        41704 kB
NFS_Unstable:          0 kB
Bounce:                0 kB
WritebackTmp:          0 kB
CommitLimit:     1815632 kB
Committed_AS:   115068728 kB
VmallocTotal:   251658176 kB
VmallocUsed:      124584 kB
VmallocChunk:   251445668 kB
Time pass: 111 sec

---2015-12-16 15:27:45
MemTotal:        2582696 kB
MemFree:          122764 kB
Buffers:            4876 kB
Cached:           814848 kB
SwapCached:            8 kB
Active:          1096272 kB
Inactive:         580352 kB
Active(anon):     689244 kB
Inactive(anon):   173312 kB
Active(file):     407028 kB
Inactive(file):   407040 kB
Unevictable:        3916 kB
Mlocked:               0 kB
SwapTotal:        524284 kB
SwapFree:         521036 kB
Dirty:               824 kB
Writeback:             0 kB
AnonPages:        860680 kB
Mapped:           528808 kB
Shmem:              1732 kB
Slab:             103464 kB
SReclaimable:      31868 kB
SUnreclaim:        71596 kB
KernelStack:       40048 kB
PageTables:        41700 kB
NFS_Unstable:          0 kB
Bounce:                0 kB
WritebackTmp:          0 kB
CommitLimit:     1815632 kB
Committed_AS:   115068720 kB
VmallocTotal:   251658176 kB
VmallocUsed:      124584 kB
VmallocChunk:   251445668 kB
Time pass: 115 sec

---2015-12-16 15:27:45
MemTotal:        2582696 kB
MemFree:          120696 kB
Buffers:            6412 kB
Cached:           813916 kB
SwapCached:            8 kB
Active:          1096544 kB
Inactive:         581336 kB
Active(anon):     689880 kB
Inactive(anon):   173388 kB
Active(file):     406664 kB
Inactive(file):   407948 kB
Unevictable:        3916 kB
Mlocked:               0 kB
SwapTotal:        524284 kB
SwapFree:         521020 kB
Dirty:               860 kB
Writeback:             0 kB
AnonPages:        861432 kB
Mapped:           528948 kB
Shmem:              1872 kB
Slab:             103292 kB
SReclaimable:      31736 kB
SUnreclaim:        71556 kB
KernelStack:       40048 kB
PageTables:        41708 kB
NFS_Unstable:          0 kB
Bounce:                0 kB
WritebackTmp:          0 kB
CommitLimit:     1815632 kB
Committed_AS:   115068696 kB
VmallocTotal:   251658176 kB
VmallocUsed:      124584 kB
VmallocChunk:   251445668 kB
Time pass: 119 sec

---2015-12-16 15:27:45
MemTotal:        2582696 kB
MemFree:          126428 kB
Buffers:            6412 kB
Cached:           808108 kB
SwapCached:            8 kB
Active:          1094688 kB
Inactive:         577596 kB
Active(anon):     690296 kB
Inactive(anon):   173352 kB
Active(file):     404392 kB
Inactive(file):   404244 kB
Unevictable:        3916 kB
Mlocked:               0 kB
SwapTotal:        524284 kB
SwapFree:         520928 kB
Dirty:               832 kB
Writeback:             0 kB
AnonPages:        861736 kB
Mapped:           528948 kB
Shmem:              1872 kB
Slab:             102784 kB
SReclaimable:      31396 kB
SUnreclaim:        71388 kB
KernelStack:       40048 kB
PageTables:        41708 kB
NFS_Unstable:          0 kB
Bounce:                0 kB
WritebackTmp:          0 kB
CommitLimit:     1815632 kB
Committed_AS:   115068720 kB
VmallocTotal:   251658176 kB
VmallocUsed:      124584 kB
VmallocChunk:   251445668 kB
Time pass: 122 sec

---2015-12-16 15:27:45
MemTotal:        2582696 kB
MemFree:          128628 kB
Buffers:            6412 kB
Cached:           805748 kB
SwapCached:            8 kB
Active:          1092128 kB
Inactive:         577008 kB
Active(anon):     689480 kB
Inactive(anon):   174432 kB
Active(file):     402648 kB
Inactive(file):   402576 kB
Unevictable:        3916 kB
Mlocked:               0 kB
SwapTotal:        524284 kB
SwapFree:         520860 kB
Dirty:               820 kB
Writeback:             0 kB
AnonPages:        860972 kB
Mapped:           530116 kB
Shmem:              3040 kB
Slab:             102872 kB
SReclaimable:      31428 kB
SUnreclaim:        71444 kB
KernelStack:       40048 kB
PageTables:        41712 kB
NFS_Unstable:          0 kB
Bounce:                0 kB
WritebackTmp:          0 kB
CommitLimit:     1815632 kB
Committed_AS:   115068704 kB
VmallocTotal:   251658176 kB
VmallocUsed:      124584 kB
VmallocChunk:   251445668 kB
Time pass: 126 sec

---2015-12-16 15:27:45
MemTotal:        2582696 kB
MemFree:          130884 kB
Buffers:            6412 kB
Cached:           802996 kB
SwapCached:            8 kB
Active:          1090560 kB
Inactive:         575736 kB
Active(anon):     689456 kB
Inactive(anon):   174388 kB
Active(file):     401104 kB
Inactive(file):   401348 kB
Unevictable:        3916 kB
Mlocked:               0 kB
SwapTotal:        524284 kB
SwapFree:         520820 kB
Dirty:               800 kB
Writeback:             0 kB
AnonPages:        860952 kB
Mapped:           530116 kB
Shmem:              3040 kB
Slab:             102972 kB
SReclaimable:      31476 kB
SUnreclaim:        71496 kB
KernelStack:       40048 kB
PageTables:        41716 kB
NFS_Unstable:          0 kB
Bounce:                0 kB
WritebackTmp:          0 kB
CommitLimit:     1815632 kB
Committed_AS:   115068736 kB
VmallocTotal:   251658176 kB
VmallocUsed:      124584 kB
VmallocChunk:   251445668 kB
Time pass: 130 sec

---2015-12-16 15:27:45
MemTotal:        2582696 kB
MemFree:          130864 kB
Buffers:            6412 kB
Cached:           805688 kB
SwapCached:            8 kB
Active:          1088592 kB
Inactive:         578844 kB
Active(anon):     687656 kB
Inactive(anon):   172876 kB
Active(file):     400936 kB
Inactive(file):   405968 kB
Unevictable:        3916 kB
Mlocked:               0 kB
SwapTotal:        524284 kB
SwapFree:         520812 kB
Dirty:               852 kB
Writeback:             0 kB
AnonPages:        859264 kB
Mapped:           528312 kB
Shmem:              1280 kB
Slab:             102936 kB
SReclaimable:      31476 kB
SUnreclaim:        71460 kB
KernelStack:       39808 kB
PageTables:        41408 kB
NFS_Unstable:          0 kB
Bounce:                0 kB
WritebackTmp:          0 kB
CommitLimit:     1815632 kB
Committed_AS:   115041376 kB
VmallocTotal:   251658176 kB
VmallocUsed:      124476 kB
VmallocChunk:   251445668 kB
Time pass: 134 sec

---2015-12-16 15:27:45
MemTotal:        2582696 kB
MemFree:          391276 kB
Buffers:            6412 kB
Cached:           794104 kB
SwapCached:            8 kB
Active:          1013964 kB
Inactive:         569900 kB
Active(anon):     616096 kB
Inactive(anon):   172868 kB
Active(file):     397868 kB
Inactive(file):   397032 kB
Unevictable:        3916 kB
Mlocked:               0 kB
SwapTotal:        524284 kB
SwapFree:         520564 kB
Dirty:               156 kB
Writeback:             0 kB
AnonPages:        787484 kB
Mapped:           409188 kB
Shmem:              1500 kB
Slab:             102712 kB
SReclaimable:      31232 kB
SUnreclaim:        71480 kB
KernelStack:       39024 kB
PageTables:        39612 kB
NFS_Unstable:          0 kB
Bounce:                0 kB
WritebackTmp:          0 kB
CommitLimit:     1815632 kB
Committed_AS:   111887120 kB
VmallocTotal:   251658176 kB
VmallocUsed:      120708 kB
VmallocChunk:   251445668 kB
Time pass: 137 sec

---2015-12-16 15:27:45
MemTotal:        2582696 kB
MemFree:          393596 kB
Buffers:            6412 kB
Cached:           794120 kB
SwapCached:            8 kB
Active:          1012856 kB
Inactive:         570060 kB
Active(anon):     614720 kB
Inactive(anon):   172992 kB
Active(file):     398136 kB
Inactive(file):   397068 kB
Unevictable:        3916 kB
Mlocked:               0 kB
SwapTotal:        524284 kB
SwapFree:         520564 kB
Dirty:               116 kB
Writeback:             0 kB
AnonPages:        786460 kB
Mapped:           409484 kB
Shmem:              1408 kB
Slab:             102624 kB
SReclaimable:      31356 kB
SUnreclaim:        71268 kB
KernelStack:       38128 kB
PageTables:        39448 kB
NFS_Unstable:          0 kB
Bounce:                0 kB
WritebackTmp:          0 kB
CommitLimit:     1815632 kB
Committed_AS:   111886048 kB
VmallocTotal:   251658176 kB
VmallocUsed:      120708 kB
VmallocChunk:   251445668 kB
Time pass: 141 sec

---2015-12-16 15:27:45
MemTotal:        2582696 kB
MemFree:          404212 kB
Buffers:            6412 kB
Cached:           794164 kB
SwapCached:            8 kB
Active:          1002152 kB
Inactive:         570100 kB
Active(anon):     604012 kB
Inactive(anon):   172988 kB
Active(file):     398140 kB
Inactive(file):   397112 kB
Unevictable:        3916 kB
Mlocked:               0 kB
SwapTotal:        524284 kB
SwapFree:         520564 kB
Dirty:               128 kB
Writeback:             0 kB
AnonPages:        775572 kB
Mapped:           409484 kB
Shmem:              1408 kB
Slab:             102616 kB
SReclaimable:      31352 kB
SUnreclaim:        71264 kB
KernelStack:       37776 kB
PageTables:        39424 kB
NFS_Unstable:          0 kB
Bounce:                0 kB
WritebackTmp:          0 kB
CommitLimit:     1815632 kB
Committed_AS:   111885544 kB
VmallocTotal:   251658176 kB
VmallocUsed:      120708 kB
VmallocChunk:   251445668 kB
Time pass: 145 sec

---2015-12-16 15:27:45
MemTotal:        2582696 kB
MemFree:          403972 kB
Buffers:            6412 kB
Cached:           795148 kB
SwapCached:            8 kB
Active:          1002324 kB
Inactive:         571072 kB
Active(anon):     604180 kB
Inactive(anon):   172988 kB
Active(file):     398144 kB
Inactive(file):   398084 kB
Unevictable:        3916 kB
Mlocked:               0 kB
SwapTotal:        524284 kB
SwapFree:         520564 kB
Dirty:               128 kB
Writeback:             0 kB
AnonPages:        775796 kB
Mapped:           409436 kB
Shmem:              1408 kB
Slab:             102584 kB
SReclaimable:      31352 kB
SUnreclaim:        71232 kB
KernelStack:       37680 kB
PageTables:        39400 kB
NFS_Unstable:          0 kB
Bounce:                0 kB
WritebackTmp:          0 kB
CommitLimit:     1815632 kB
Committed_AS:   111885512 kB
VmallocTotal:   251658176 kB
VmallocUsed:      118292 kB
VmallocChunk:   251445668 kB
Time pass: 149 sec

---2015-12-16 15:27:45
MemTotal:        2582696 kB
MemFree:          403608 kB
Buffers:            6412 kB
Cached:           795148 kB
SwapCached:            8 kB
Active:          1002464 kB
Inactive:         571072 kB
Active(anon):     604320 kB
Inactive(anon):   172988 kB
Active(file):     398144 kB
Inactive(file):   398084 kB
Unevictable:        3916 kB
Mlocked:               0 kB
SwapTotal:        524284 kB
SwapFree:         520564 kB
Dirty:               128 kB
Writeback:             0 kB
AnonPages:        775964 kB
Mapped:           409544 kB
Shmem:              1408 kB
Slab:             102584 kB
SReclaimable:      31352 kB
SUnreclaim:        71232 kB
KernelStack:       37664 kB
PageTables:        39408 kB
NFS_Unstable:          0 kB
Bounce:                0 kB
WritebackTmp:          0 kB
CommitLimit:     1815632 kB
Committed_AS:   111885416 kB
VmallocTotal:   251658176 kB
VmallocUsed:      118292 kB
VmallocChunk:   251445668 kB
Time pass: 153 sec

---2015-12-16 15:27:45
MemTotal:        2582696 kB
MemFree:          402480 kB
Buffers:            6412 kB
Cached:           795152 kB
SwapCached:            8 kB
Active:          1002952 kB
Inactive:         571084 kB
Active(anon):     604808 kB
Inactive(anon):   172988 kB
Active(file):     398144 kB
Inactive(file):   398096 kB
Unevictable:        3916 kB
Mlocked:               0 kB
SwapTotal:        524284 kB
SwapFree:         520564 kB
Dirty:               128 kB
Writeback:             0 kB
AnonPages:        776452 kB
Mapped:           409544 kB
Shmem:              1408 kB
Slab:             102584 kB
SReclaimable:      31352 kB
SUnreclaim:        71232 kB
KernelStack:       37552 kB
PageTables:        39396 kB
NFS_Unstable:          0 kB
Bounce:                0 kB
WritebackTmp:          0 kB
CommitLimit:     1815632 kB
Committed_AS:   111885184 kB
VmallocTotal:   251658176 kB
VmallocUsed:      118292 kB
VmallocChunk:   251445668 kB
Time pass: 156 sec

---2015-12-16 15:27:45
MemTotal:        2582696 kB
MemFree:          401812 kB
Buffers:            6412 kB
Cached:           795256 kB
SwapCached:            8 kB
Active:          1003336 kB
Inactive:         571188 kB
Active(anon):     605192 kB
Inactive(anon):   172988 kB
Active(file):     398144 kB
Inactive(file):   398200 kB
Unevictable:        3916 kB
Mlocked:               0 kB
SwapTotal:        524284 kB
SwapFree:         520564 kB
Dirty:               128 kB
Writeback:             0 kB
AnonPages:        776840 kB
Mapped:           409628 kB
Shmem:              1408 kB
Slab:             102584 kB
SReclaimable:      31352 kB
SUnreclaim:        71232 kB
KernelStack:       37456 kB
PageTables:        39412 kB
NFS_Unstable:          0 kB
Bounce:                0 kB
WritebackTmp:          0 kB
CommitLimit:     1815632 kB
Committed_AS:   111884896 kB
VmallocTotal:   251658176 kB
VmallocUsed:      118292 kB
VmallocChunk:   251445668 kB
Time pass: 160 sec

---2015-12-16 15:27:45
MemTotal:        2582696 kB
MemFree:          401976 kB
Buffers:            6412 kB
Cached:           795260 kB
SwapCached:            8 kB
Active:          1003488 kB
Inactive:         571192 kB
Active(anon):     605344 kB
Inactive(anon):   172988 kB
Active(file):     398144 kB
Inactive(file):   398204 kB
Unevictable:        3916 kB
Mlocked:               0 kB
SwapTotal:        524284 kB
SwapFree:         520564 kB
Dirty:               132 kB
Writeback:             0 kB
AnonPages:        776992 kB
Mapped:           409340 kB
Shmem:              1408 kB
Slab:             102548 kB
SReclaimable:      31340 kB
SUnreclaim:        71208 kB
KernelStack:       37424 kB
PageTables:        39384 kB
NFS_Unstable:          0 kB
Bounce:                0 kB
WritebackTmp:          0 kB
CommitLimit:     1815632 kB
Committed_AS:   111884832 kB
VmallocTotal:   251658176 kB
VmallocUsed:      118292 kB
VmallocChunk:   251445668 kB
Time pass: 164 sec

---2015-12-16 15:27:45
MemTotal:        2582696 kB
MemFree:          292360 kB
Buffers:            6412 kB
Cached:           796076 kB
SwapCached:            8 kB
Active:          1035688 kB
Inactive:         567732 kB
Active(anon):     633360 kB
Inactive(anon):   172876 kB
Active(file):     402328 kB
Inactive(file):   394856 kB
Unevictable:        3916 kB
Mlocked:               0 kB
SwapTotal:        524284 kB
SwapFree:         520564 kB
Dirty:               700 kB
Writeback:             0 kB
AnonPages:        805016 kB
Mapped:           437500 kB
Shmem:              1368 kB
Slab:             102716 kB
SReclaimable:      31388 kB
SUnreclaim:        71328 kB
KernelStack:       38016 kB
PageTables:        40112 kB
NFS_Unstable:          0 kB
Bounce:                0 kB
WritebackTmp:          0 kB
CommitLimit:     1815632 kB
Committed_AS:   113187108 kB
VmallocTotal:   251658176 kB
VmallocUsed:      119592 kB
VmallocChunk:   251445668 kB
Time pass: 168 sec

---2015-12-16 15:27:45
MemTotal:        2582696 kB
MemFree:          214740 kB
Buffers:            6420 kB
Cached:           797148 kB
SwapCached:            8 kB
Active:          1037780 kB
Inactive:         567244 kB
Active(anon):     633792 kB
Inactive(anon):   172860 kB
Active(file):     403988 kB
Inactive(file):   394384 kB
Unevictable:        3916 kB
Mlocked:               0 kB
SwapTotal:        524284 kB
SwapFree:         520564 kB
Dirty:              1168 kB
Writeback:             0 kB
AnonPages:        805340 kB
Mapped:           474476 kB
Shmem:              1280 kB
Slab:             102620 kB
SReclaimable:      31448 kB
SUnreclaim:        71172 kB
KernelStack:       38672 kB
PageTables:        40516 kB
NFS_Unstable:          0 kB
Bounce:                0 kB
WritebackTmp:          0 kB
CommitLimit:     1815632 kB
Committed_AS:   113203696 kB
VmallocTotal:   251658176 kB
VmallocUsed:      120224 kB
VmallocChunk:   251445668 kB
Time pass: 172 sec

---2015-12-16 15:27:45
MemTotal:        2582696 kB
MemFree:          164840 kB
Buffers:            6420 kB
Cached:           804492 kB
SwapCached:            8 kB
Active:          1060288 kB
Inactive:         560692 kB
Active(anon):     642284 kB
Inactive(anon):   172856 kB
Active(file):     418004 kB
Inactive(file):   387836 kB
Unevictable:        3916 kB
Mlocked:               0 kB
SwapTotal:        524284 kB
SwapFree:         520564 kB
Dirty:              7772 kB
Writeback:             0 kB
AnonPages:        814612 kB
Mapped:           504248 kB
Shmem:              1280 kB
Slab:             102972 kB
SReclaimable:      31476 kB
SUnreclaim:        71496 kB
KernelStack:       38800 kB
PageTables:        40608 kB
NFS_Unstable:          0 kB
Bounce:                0 kB
WritebackTmp:          0 kB
CommitLimit:     1815632 kB
Committed_AS:   113229420 kB
VmallocTotal:   251658176 kB
VmallocUsed:      120468 kB
VmallocChunk:   251445668 kB
Time pass: 176 sec

---2015-12-16 15:27:45
MemTotal:        2582696 kB
MemFree:          154424 kB
Buffers:            6420 kB
Cached:           804736 kB
SwapCached:            8 kB
Active:          1060364 kB
Inactive:         560712 kB
Active(anon):     642260 kB
Inactive(anon):   172856 kB
Active(file):     418104 kB
Inactive(file):   387856 kB
Unevictable:        3916 kB
Mlocked:               0 kB
SwapTotal:        524284 kB
SwapFree:         520564 kB
Dirty:               508 kB
Writeback:             0 kB
AnonPages:        813920 kB
Mapped:           515060 kB
Shmem:              1280 kB
Slab:             102724 kB
SReclaimable:      31508 kB
SUnreclaim:        71216 kB
KernelStack:       38800 kB
PageTables:        40684 kB
NFS_Unstable:          0 kB
Bounce:                0 kB
WritebackTmp:          0 kB
CommitLimit:     1815632 kB
Committed_AS:   113229520 kB
VmallocTotal:   251658176 kB
VmallocUsed:      120564 kB
VmallocChunk:   251445668 kB
Time pass: 179 sec

---2015-12-16 15:27:45
MemTotal:        2582696 kB
MemFree:          137276 kB
Buffers:            6420 kB
Cached:           804892 kB
SwapCached:            8 kB
Active:          1062768 kB
Inactive:         560624 kB
Active(anon):     644420 kB
Inactive(anon):   172856 kB
Active(file):     418348 kB
Inactive(file):   387768 kB
Unevictable:        3916 kB
Mlocked:               0 kB
SwapTotal:        524284 kB
SwapFree:         520564 kB
Dirty:               700 kB
Writeback:             0 kB
AnonPages:        816024 kB
Mapped:           524832 kB
Shmem:              1280 kB
Slab:             102832 kB
SReclaimable:      31512 kB
SUnreclaim:        71320 kB
KernelStack:       38832 kB
PageTables:        40736 kB
NFS_Unstable:          0 kB
Bounce:                0 kB
WritebackTmp:          0 kB
CommitLimit:     1815632 kB
Committed_AS:   113229560 kB
VmallocTotal:   251658176 kB
VmallocUsed:      120660 kB
VmallocChunk:   251445668 kB
Time pass: 183 sec

---2015-12-16 15:27:45
MemTotal:        2582696 kB
MemFree:          136952 kB
Buffers:            6420 kB
Cached:           804892 kB
SwapCached:            8 kB
Active:          1070196 kB
Inactive:         560572 kB
Active(anon):     651808 kB
Inactive(anon):   172856 kB
Active(file):     418388 kB
Inactive(file):   387716 kB
Unevictable:        3916 kB
Mlocked:               0 kB
SwapTotal:        524284 kB
SwapFree:         520556 kB
Dirty:              1032 kB
Writeback:             0 kB
AnonPages:        823180 kB
Mapped:           532260 kB
Shmem:              1280 kB
Slab:             102924 kB
SReclaimable:      31516 kB
SUnreclaim:        71408 kB
KernelStack:       38800 kB
PageTables:        40452 kB
NFS_Unstable:          0 kB
Bounce:                0 kB
WritebackTmp:          0 kB
CommitLimit:     1815632 kB
Committed_AS:   113229972 kB
VmallocTotal:   251658176 kB
VmallocUsed:      120888 kB
VmallocChunk:   251445668 kB
Time pass: 187 sec

---2015-12-16 15:27:45
MemTotal:        2582696 kB
MemFree:          141856 kB
Buffers:            6420 kB
Cached:           804872 kB
SwapCached:            8 kB
Active:          1066040 kB
Inactive:         560544 kB
Active(anon):     647640 kB
Inactive(anon):   172848 kB
Active(file):     418400 kB
Inactive(file):   387696 kB
Unevictable:        3916 kB
Mlocked:               0 kB
SwapTotal:        524284 kB
SwapFree:         520556 kB
Dirty:               680 kB
Writeback:             0 kB
AnonPages:        819232 kB
Mapped:           533332 kB
Shmem:              1280 kB
Slab:             102800 kB
SReclaimable:      31516 kB
SUnreclaim:        71284 kB
KernelStack:       38800 kB
PageTables:        40680 kB
NFS_Unstable:          0 kB
Bounce:                0 kB
WritebackTmp:          0 kB
CommitLimit:     1815632 kB
Committed_AS:   113230104 kB
VmallocTotal:   251658176 kB
VmallocUsed:      120888 kB
VmallocChunk:   251445668 kB
Time pass: 190 sec

---2015-12-16 15:27:45
MemTotal:        2582696 kB
MemFree:          140328 kB
Buffers:            6420 kB
Cached:           806248 kB
SwapCached:            8 kB
Active:          1065672 kB
Inactive:         561884 kB
Active(anon):     647272 kB
Inactive(anon):   172848 kB
Active(file):     418400 kB
Inactive(file):   389036 kB
Unevictable:        3916 kB
Mlocked:               0 kB
SwapTotal:        524284 kB
SwapFree:         520556 kB
Dirty:               692 kB
Writeback:             0 kB
AnonPages:        818900 kB
Mapped:           533520 kB
Shmem:              1280 kB
Slab:             102776 kB
SReclaimable:      31516 kB
SUnreclaim:        71260 kB
KernelStack:       38832 kB
PageTables:        40680 kB
NFS_Unstable:          0 kB
Bounce:                0 kB
WritebackTmp:          0 kB
CommitLimit:     1815632 kB
Committed_AS:   113230224 kB
VmallocTotal:   251658176 kB
VmallocUsed:      120888 kB
VmallocChunk:   251445668 kB
Time pass: 194 sec

---2015-12-16 15:27:45
MemTotal:        2582696 kB
MemFree:          137284 kB
Buffers:            6420 kB
Cached:           806352 kB
SwapCached:            8 kB
Active:          1067924 kB
Inactive:         561992 kB
Active(anon):     649504 kB
Inactive(anon):   172848 kB
Active(file):     418420 kB
Inactive(file):   389144 kB
Unevictable:        3916 kB
Mlocked:               0 kB
SwapTotal:        524284 kB
SwapFree:         520556 kB
Dirty:               796 kB
Writeback:             0 kB
AnonPages:        821108 kB
Mapped:           534488 kB
Shmem:              1280 kB
Slab:             102792 kB
SReclaimable:      31516 kB
SUnreclaim:        71276 kB
KernelStack:       38864 kB
PageTables:        40684 kB
NFS_Unstable:          0 kB
Bounce:                0 kB
WritebackTmp:          0 kB
CommitLimit:     1815632 kB
Committed_AS:   113230272 kB
VmallocTotal:   251658176 kB
VmallocUsed:      120888 kB
VmallocChunk:   251445668 kB
Time pass: 198 sec

---2015-12-16 15:27:45
MemTotal:        2582696 kB
MemFree:          115760 kB
Buffers:            6420 kB
Cached:           806400 kB
SwapCached:            8 kB
Active:          1077912 kB
Inactive:         561064 kB
Active(anon):     658508 kB
Inactive(anon):   172980 kB
Active(file):     419404 kB
Inactive(file):   388084 kB
Unevictable:        3916 kB
Mlocked:               0 kB
SwapTotal:        524284 kB
SwapFree:         520556 kB
Dirty:               696 kB
Writeback:             0 kB
AnonPages:        829960 kB
Mapped:           537208 kB
Shmem:              1416 kB
Slab:             102860 kB
SReclaimable:      31544 kB
SUnreclaim:        71316 kB
KernelStack:       39200 kB
PageTables:        40908 kB
NFS_Unstable:          0 kB
Bounce:                0 kB
WritebackTmp:          0 kB
CommitLimit:     1815632 kB
Committed_AS:   113261856 kB
VmallocTotal:   251658176 kB
VmallocUsed:      123420 kB
VmallocChunk:   251445668 kB
Time pass: 202 sec

---2015-12-16 15:27:45
MemTotal:        2582696 kB
MemFree:          106736 kB
Buffers:            6420 kB
Cached:           804268 kB
SwapCached:            8 kB
Active:          1078032 kB
Inactive:         560168 kB
Active(anon):     660220 kB
Inactive(anon):   172700 kB
Active(file):     417812 kB
Inactive(file):   387468 kB
Unevictable:        3916 kB
Mlocked:               0 kB
SwapTotal:        524284 kB
SwapFree:         520280 kB
Dirty:               692 kB
Writeback:             0 kB
AnonPages:        831672 kB
Mapped:           537016 kB
Shmem:              1492 kB
Slab:             103200 kB
SReclaimable:      31960 kB
SUnreclaim:        71240 kB
KernelStack:       39200 kB
PageTables:        41104 kB
NFS_Unstable:          0 kB
Bounce:                0 kB
WritebackTmp:          0 kB
CommitLimit:     1815632 kB
Committed_AS:   113262012 kB
VmallocTotal:   251658176 kB
VmallocUsed:      123440 kB
VmallocChunk:   251445668 kB
Time pass: 206 sec

---2015-12-16 15:27:45
MemTotal:        2582696 kB
MemFree:          110640 kB
Buffers:            6420 kB
Cached:           804072 kB
SwapCached:            8 kB
Active:          1078056 kB
Inactive:         560452 kB
Active(anon):     660776 kB
Inactive(anon):   172772 kB
Active(file):     417280 kB
Inactive(file):   387680 kB
Unevictable:        3916 kB
Mlocked:               0 kB
SwapTotal:        524284 kB
SwapFree:         520224 kB
Dirty:               692 kB
Writeback:             0 kB
AnonPages:        831904 kB
Mapped:           537204 kB
Shmem:              1616 kB
Slab:             103064 kB
SReclaimable:      31832 kB
SUnreclaim:        71232 kB
KernelStack:       39200 kB
PageTables:        41108 kB
NFS_Unstable:          0 kB
Bounce:                0 kB
WritebackTmp:          0 kB
CommitLimit:     1815632 kB
Committed_AS:   113261976 kB
VmallocTotal:   251658176 kB
VmallocUsed:      123440 kB
VmallocChunk:   251445668 kB
Time pass: 209 sec

---2015-12-16 15:27:45
MemTotal:        2582696 kB
MemFree:          111468 kB
Buffers:            6420 kB
Cached:           800612 kB
SwapCached:            8 kB
Active:          1085528 kB
Inactive:         558944 kB
Active(anon):     670952 kB
Inactive(anon):   172272 kB
Active(file):     414576 kB
Inactive(file):   386672 kB
Unevictable:        3920 kB
Mlocked:               0 kB
SwapTotal:        524284 kB
SwapFree:         519680 kB
Dirty:               696 kB
Writeback:             0 kB
AnonPages:        841592 kB
Mapped:           537428 kB
Shmem:              1724 kB
Slab:             101116 kB
SReclaimable:      29884 kB
SUnreclaim:        71232 kB
KernelStack:       39264 kB
PageTables:        41136 kB
NFS_Unstable:          0 kB
Bounce:                0 kB
WritebackTmp:          0 kB
CommitLimit:     1815632 kB
Committed_AS:   113278464 kB
VmallocTotal:   251658176 kB
VmallocUsed:      123440 kB
VmallocChunk:   251445668 kB
Time pass: 213 sec

---2015-12-16 15:27:45
MemTotal:        2582696 kB
MemFree:          105184 kB
Buffers:            6460 kB
Cached:           805684 kB
SwapCached:            8 kB
Active:          1099348 kB
Inactive:         566500 kB
Active(anon):     688240 kB
Inactive(anon):   171340 kB
Active(file):     411108 kB
Inactive(file):   395160 kB
Unevictable:        3920 kB
Mlocked:               0 kB
SwapTotal:        524284 kB
SwapFree:         518804 kB
Dirty:               772 kB
Writeback:             0 kB
AnonPages:        858524 kB
Mapped:           545892 kB
Shmem:              1604 kB
Slab:              99960 kB
SReclaimable:      28488 kB
SUnreclaim:        71472 kB
KernelStack:       40192 kB
PageTables:        41780 kB
NFS_Unstable:          0 kB
Bounce:                0 kB
WritebackTmp:          0 kB
CommitLimit:     1815632 kB
Committed_AS:   116318256 kB
VmallocTotal:   251658176 kB
VmallocUsed:      125468 kB
VmallocChunk:   251445668 kB
Time pass: 217 sec

---2015-12-16 15:27:45
MemTotal:        2582696 kB
MemFree:          107340 kB
Buffers:            6452 kB
Cached:           803612 kB
SwapCached:            8 kB
Active:          1099736 kB
Inactive:         585188 kB
Active(anon):     703928 kB
Inactive(anon):   176308 kB
Active(file):     395808 kB
Inactive(file):   408880 kB
Unevictable:        3920 kB
Mlocked:               0 kB
SwapTotal:        524284 kB
SwapFree:         515624 kB
Dirty:               828 kB
Writeback:             0 kB
AnonPages:        879072 kB
Mapped:           552392 kB
Shmem:              1284 kB
Slab:             103276 kB
SReclaimable:      31444 kB
SUnreclaim:        71832 kB
KernelStack:       40864 kB
PageTables:        41924 kB
NFS_Unstable:          0 kB
Bounce:                0 kB
WritebackTmp:          0 kB
CommitLimit:     1815632 kB
Committed_AS:   114718536 kB
VmallocTotal:   251658176 kB
VmallocUsed:      125456 kB
VmallocChunk:   251445668 kB
Time pass: 221 sec

---2015-12-16 15:27:45
MemTotal:        2582696 kB
MemFree:          109524 kB
Buffers:            4908 kB
Cached:           800404 kB
SwapCached:            8 kB
Active:          1105868 kB
Inactive:         580012 kB
Active(anon):     707692 kB
Inactive(anon):   178024 kB
Active(file):     398176 kB
Inactive(file):   401988 kB
Unevictable:        3920 kB
Mlocked:               0 kB
SwapTotal:        524284 kB
SwapFree:         515624 kB
Dirty:               900 kB
Writeback:             8 kB
AnonPages:        884480 kB
Mapped:           554312 kB
Shmem:              1228 kB
Slab:             103424 kB
SReclaimable:      31496 kB
SUnreclaim:        71928 kB
KernelStack:       41184 kB
PageTables:        42016 kB
NFS_Unstable:          0 kB
Bounce:                0 kB
WritebackTmp:          0 kB
CommitLimit:     1815632 kB
Committed_AS:   114680864 kB
VmallocTotal:   251658176 kB
VmallocUsed:      125456 kB
VmallocChunk:   251445668 kB
Time pass: 225 sec

---2015-12-16 15:27:45
MemTotal:        2582696 kB
MemFree:          113704 kB
Buffers:            4916 kB
Cached:           801072 kB
SwapCached:            8 kB
Active:          1100560 kB
Inactive:         580688 kB
Active(anon):     702392 kB
Inactive(anon):   178048 kB
Active(file):     398168 kB
Inactive(file):   402640 kB
Unevictable:        3920 kB
Mlocked:               0 kB
SwapTotal:        524284 kB
SwapFree:         515624 kB
Dirty:               932 kB
Writeback:             0 kB
AnonPages:        879208 kB
Mapped:           554232 kB
Shmem:              1256 kB
Slab:             103476 kB
SReclaimable:      31540 kB
SUnreclaim:        71936 kB
KernelStack:       41200 kB
PageTables:        42052 kB
NFS_Unstable:          0 kB
Bounce:                0 kB
WritebackTmp:          0 kB
CommitLimit:     1815632 kB
Committed_AS:   114694504 kB
VmallocTotal:   251658176 kB
VmallocUsed:      125456 kB
VmallocChunk:   251445668 kB
Time pass: 229 sec

---2015-12-16 15:27:45
MemTotal:        2582696 kB
MemFree:          118004 kB
Buffers:            4916 kB
Cached:           802880 kB
SwapCached:            8 kB
Active:          1097432 kB
Inactive:         581168 kB
Active(anon):     697932 kB
Inactive(anon):   178048 kB
Active(file):     399500 kB
Inactive(file):   403120 kB
Unevictable:        3920 kB
Mlocked:               0 kB
SwapTotal:        524284 kB
SwapFree:         515624 kB
Dirty:               956 kB
Writeback:            96 kB
AnonPages:        874908 kB
Mapped:           548096 kB
Shmem:              1256 kB
Slab:             103680 kB
SReclaimable:      31540 kB
SUnreclaim:        72140 kB
KernelStack:       40336 kB
PageTables:        41592 kB
NFS_Unstable:          0 kB
Bounce:                0 kB
WritebackTmp:          0 kB
CommitLimit:     1815632 kB
Committed_AS:   113442488 kB
VmallocTotal:   251658176 kB
VmallocUsed:      124436 kB
VmallocChunk:   251445668 kB
Time pass: 233 sec

---2015-12-16 15:27:45
MemTotal:        2582696 kB
MemFree:          105904 kB
Buffers:            4900 kB
Cached:           794520 kB
SwapCached:           36 kB
Active:          1114512 kB
Inactive:         576364 kB
Active(anon):     717504 kB
Inactive(anon):   179332 kB
Active(file):     397008 kB
Inactive(file):   397032 kB
Unevictable:        3920 kB
Mlocked:               0 kB
SwapTotal:        524284 kB
SwapFree:         515424 kB
Dirty:              1008 kB
Writeback:            16 kB
AnonPages:        895956 kB
Mapped:           554768 kB
Shmem:              1300 kB
Slab:             103276 kB
SReclaimable:      31216 kB
SUnreclaim:        72060 kB
KernelStack:       40656 kB
PageTables:        42020 kB
NFS_Unstable:          0 kB
Bounce:                0 kB
WritebackTmp:          0 kB
CommitLimit:     1815632 kB
Committed_AS:   114698968 kB
VmallocTotal:   251658176 kB
VmallocUsed:      125496 kB
VmallocChunk:   251445668 kB
Time pass: 237 sec

---2015-12-16 15:27:45
MemTotal:        2582696 kB
MemFree:          108532 kB
Buffers:            4900 kB
Cached:           793400 kB
SwapCached:           36 kB
Active:          1114236 kB
Inactive:         574580 kB
Active(anon):     715892 kB
Inactive(anon):   179636 kB
Active(file):     398344 kB
Inactive(file):   394944 kB
Unevictable:        3920 kB
Mlocked:               0 kB
SwapTotal:        524284 kB
SwapFree:         515324 kB
Dirty:               944 kB
Writeback:             0 kB
AnonPages:        894216 kB
Mapped:           554864 kB
Shmem:              1312 kB
Slab:             104060 kB
SReclaimable:      31844 kB
SUnreclaim:        72216 kB
KernelStack:       41328 kB
PageTables:        42136 kB
NFS_Unstable:          0 kB
Bounce:                0 kB
WritebackTmp:          0 kB
CommitLimit:     1815632 kB
Committed_AS:   114703052 kB
VmallocTotal:   251658176 kB
VmallocUsed:      125456 kB
VmallocChunk:   251445668 kB
Time pass: 241 sec

---2015-12-16 15:27:45
MemTotal:        2582696 kB
MemFree:          108748 kB
Buffers:            4900 kB
Cached:           793472 kB
SwapCached:           36 kB
Active:          1113772 kB
Inactive:         574396 kB
Active(anon):     715428 kB
Inactive(anon):   179536 kB
Active(file):     398344 kB
Inactive(file):   394860 kB
Unevictable:        3920 kB
Mlocked:               0 kB
SwapTotal:        524284 kB
SwapFree:         515324 kB
Dirty:               944 kB
Writeback:             0 kB
AnonPages:        894076 kB
Mapped:           554640 kB
Shmem:              1248 kB
Slab:             104032 kB
SReclaimable:      31748 kB
SUnreclaim:        72284 kB
KernelStack:       41248 kB
PageTables:        42144 kB
NFS_Unstable:          0 kB
Bounce:                0 kB
WritebackTmp:          0 kB
CommitLimit:     1815632 kB
Committed_AS:   114703100 kB
VmallocTotal:   251658176 kB
VmallocUsed:      125456 kB
VmallocChunk:   251445668 kB
Time pass: 245 sec

---2015-12-16 15:27:45
MemTotal:        2582696 kB
MemFree:          107976 kB
Buffers:            4900 kB
Cached:           793472 kB
SwapCached:           36 kB
Active:          1114104 kB
Inactive:         574396 kB
Active(anon):     715760 kB
Inactive(anon):   179536 kB
Active(file):     398344 kB
Inactive(file):   394860 kB
Unevictable:        3920 kB
Mlocked:               0 kB
SwapTotal:        524284 kB
SwapFree:         515324 kB
Dirty:               944 kB
Writeback:             0 kB
AnonPages:        894128 kB
Mapped:           554860 kB
Shmem:              1248 kB
Slab:             104036 kB
SReclaimable:      31752 kB
SUnreclaim:        72284 kB
KernelStack:       41248 kB
PageTables:        42148 kB
NFS_Unstable:          0 kB
Bounce:                0 kB
WritebackTmp:          0 kB
CommitLimit:     1815632 kB
Committed_AS:   114707204 kB
VmallocTotal:   251658176 kB
VmallocUsed:      125456 kB
VmallocChunk:   251445668 kB
Time pass: 248 sec

---2015-12-16 15:27:45
MemTotal:        2582696 kB
MemFree:          116948 kB
Buffers:            4900 kB
Cached:           788644 kB
SwapCached:           36 kB
Active:          1108068 kB
Inactive:         563692 kB
Active(anon):     704496 kB
Inactive(anon):   178572 kB
Active(file):     403572 kB
Inactive(file):   385120 kB
Unevictable:        3920 kB
Mlocked:               0 kB
SwapTotal:        524284 kB
SwapFree:         514832 kB
Dirty:               952 kB
Writeback:             0 kB
AnonPages:        881936 kB
Mapped:           548000 kB
Shmem:               932 kB
Slab:             104052 kB
SReclaimable:      31788 kB
SUnreclaim:        72264 kB
KernelStack:       40400 kB
PageTables:        41504 kB
NFS_Unstable:          0 kB
Bounce:                0 kB
WritebackTmp:          0 kB
CommitLimit:     1815632 kB
Committed_AS:   113455328 kB
VmallocTotal:   251658176 kB
VmallocUsed:      124440 kB
VmallocChunk:   251445668 kB
Time pass: 253 sec

---2015-12-16 15:27:45
MemTotal:        2582696 kB
MemFree:          115212 kB
Buffers:            4900 kB
Cached:           787724 kB
SwapCached:           36 kB
Active:          1099688 kB
Inactive:         563648 kB
Active(anon):     697124 kB
Inactive(anon):   178568 kB
Active(file):     402564 kB
Inactive(file):   385080 kB
Unevictable:        3920 kB
Mlocked:               0 kB
SwapTotal:        524284 kB
SwapFree:         514724 kB
Dirty:               952 kB
Writeback:             0 kB
AnonPages:        874704 kB
Mapped:           548944 kB
Shmem:              1060 kB
Slab:             103996 kB
SReclaimable:      31756 kB
SUnreclaim:        72240 kB
KernelStack:       40368 kB
PageTables:        41688 kB
NFS_Unstable:          0 kB
Bounce:                0 kB
WritebackTmp:          0 kB
CommitLimit:     1815632 kB
Committed_AS:   113455520 kB
VmallocTotal:   251658176 kB
VmallocUsed:      124440 kB
VmallocChunk:   251445668 kB
Time pass: 257 sec

---2015-12-16 15:27:45
MemTotal:        2582696 kB
MemFree:          109696 kB
Buffers:            4900 kB
Cached:           785456 kB
SwapCached:           36 kB
Active:          1097128 kB
Inactive:         563368 kB
Active(anon):     696856 kB
Inactive(anon):   178328 kB
Active(file):     400272 kB
Inactive(file):   385040 kB
Unevictable:        3920 kB
Mlocked:               0 kB
SwapTotal:        524284 kB
SwapFree:         514528 kB
Dirty:               948 kB
Writeback:             0 kB
AnonPages:        873968 kB
Mapped:           548104 kB
Shmem:              1124 kB
Slab:             103956 kB
SReclaimable:      31692 kB
SUnreclaim:        72264 kB
KernelStack:       40368 kB
PageTables:        41748 kB
NFS_Unstable:          0 kB
Bounce:                0 kB
WritebackTmp:          0 kB
CommitLimit:     1815632 kB
Committed_AS:   113455648 kB
VmallocTotal:   251658176 kB
VmallocUsed:      124448 kB
VmallocChunk:   251445668 kB
Time pass: 262 sec

---2015-12-16 15:27:45
MemTotal:        2582696 kB
MemFree:          109352 kB
Buffers:            4900 kB
Cached:           785576 kB
SwapCached:           36 kB
Active:          1097904 kB
Inactive:         563492 kB
Active(anon):     697644 kB
Inactive(anon):   178460 kB
Active(file):     400260 kB
Inactive(file):   385032 kB
Unevictable:        3920 kB
Mlocked:               0 kB
SwapTotal:        524284 kB
SwapFree:         514528 kB
Dirty:               936 kB
Writeback:             0 kB
AnonPages:        874836 kB
Mapped:           548248 kB
Shmem:              1256 kB
Slab:             103964 kB
SReclaimable:      31696 kB
SUnreclaim:        72268 kB
KernelStack:       40416 kB
PageTables:        41756 kB
NFS_Unstable:          0 kB
Bounce:                0 kB
WritebackTmp:          0 kB
CommitLimit:     1815632 kB
Committed_AS:   113455632 kB
VmallocTotal:   251658176 kB
VmallocUsed:      124448 kB
VmallocChunk:   251445668 kB
Time pass: 265 sec

---2015-12-16 15:27:45
MemTotal:        2582696 kB
MemFree:          106604 kB
Buffers:            4900 kB
Cached:           784552 kB
SwapCached:           36 kB
Active:          1097564 kB
Inactive:         562880 kB
Active(anon):     697844 kB
Inactive(anon):   178188 kB
Active(file):     399720 kB
Inactive(file):   384692 kB
Unevictable:        3920 kB
Mlocked:               0 kB
SwapTotal:        524284 kB
SwapFree:         514424 kB
Dirty:               952 kB
Writeback:             0 kB
AnonPages:        874912 kB
Mapped:           547988 kB
Shmem:              1120 kB
Slab:             104164 kB
SReclaimable:      31764 kB
SUnreclaim:        72400 kB
KernelStack:       40400 kB
PageTables:        41604 kB
NFS_Unstable:          0 kB
Bounce:                0 kB
WritebackTmp:          0 kB
CommitLimit:     1815632 kB
Committed_AS:   113455832 kB
VmallocTotal:   251658176 kB
VmallocUsed:      124440 kB
VmallocChunk:   251445668 kB
Time pass: 269 sec

---2015-12-16 15:27:45
MemTotal:        2582696 kB
MemFree:          114400 kB
Buffers:            4900 kB
Cached:           774028 kB
SwapCached:           36 kB
Active:          1103212 kB
Inactive:         560788 kB
Active(anon):     711852 kB
Inactive(anon):   177928 kB
Active(file):     391360 kB
Inactive(file):   382860 kB
Unevictable:        3920 kB
Mlocked:               0 kB
SwapTotal:        524284 kB
SwapFree:         513144 kB
Dirty:               972 kB
Writeback:             0 kB
AnonPages:        889020 kB
Mapped:           554064 kB
Shmem:               712 kB
Slab:             104136 kB
SReclaimable:      31708 kB
SUnreclaim:        72428 kB
KernelStack:       41312 kB
PageTables:        42164 kB
NFS_Unstable:          0 kB
Bounce:                0 kB
WritebackTmp:          0 kB
CommitLimit:     1815632 kB
Committed_AS:   114711472 kB
VmallocTotal:   251658176 kB
VmallocUsed:      125456 kB
VmallocChunk:   251445668 kB
Time pass: 273 sec

---2015-12-16 15:27:45
MemTotal:        2582696 kB
MemFree:          123200 kB
Buffers:            4900 kB
Cached:           774016 kB
SwapCached:           36 kB
Active:          1092928 kB
Inactive:         560932 kB
Active(anon):     701560 kB
Inactive(anon):   177932 kB
Active(file):     391368 kB
Inactive(file):   383000 kB
Unevictable:        3920 kB
Mlocked:               0 kB
SwapTotal:        524284 kB
SwapFree:         513144 kB
Dirty:               944 kB
Writeback:             0 kB
AnonPages:        878888 kB
Mapped:           554128 kB
Shmem:               628 kB
Slab:             104076 kB
SReclaimable:      31732 kB
SUnreclaim:        72344 kB
KernelStack:       41312 kB
PageTables:        42192 kB
NFS_Unstable:          0 kB
Bounce:                0 kB
WritebackTmp:          0 kB
CommitLimit:     1815632 kB
Committed_AS:   114711520 kB
VmallocTotal:   251658176 kB
VmallocUsed:      125456 kB
VmallocChunk:   251445668 kB
Time pass: 277 sec

---2015-12-16 15:27:45
MemTotal:        2582696 kB
MemFree:          124136 kB
Buffers:            4900 kB
Cached:           774144 kB
SwapCached:           36 kB
Active:          1093028 kB
Inactive:         561060 kB
Active(anon):     701660 kB
Inactive(anon):   177932 kB
Active(file):     391368 kB
Inactive(file):   383128 kB
Unevictable:        3920 kB
Mlocked:               0 kB
SwapTotal:        524284 kB
SwapFree:         513144 kB
Dirty:               944 kB
Writeback:             0 kB
AnonPages:        878924 kB
Mapped:           554136 kB
Shmem:               628 kB
Slab:             104128 kB
SReclaimable:      31732 kB
SUnreclaim:        72396 kB
KernelStack:       41232 kB
PageTables:        42192 kB
NFS_Unstable:          0 kB
Bounce:                0 kB
WritebackTmp:          0 kB
CommitLimit:     1815632 kB
Committed_AS:   114711376 kB
VmallocTotal:   251658176 kB
VmallocUsed:      125456 kB
VmallocChunk:   251445668 kB
Time pass: 281 sec

---2015-12-16 15:27:45
MemTotal:        2582696 kB
MemFree:          122768 kB
Buffers:            4900 kB
Cached:           774188 kB
SwapCached:           36 kB
Active:          1093732 kB
Inactive:         561104 kB
Active(anon):     702364 kB
Inactive(anon):   177940 kB
Active(file):     391368 kB
Inactive(file):   383164 kB
Unevictable:        3920 kB
Mlocked:               0 kB
SwapTotal:        524284 kB
SwapFree:         513144 kB
Dirty:               944 kB
Writeback:             0 kB
AnonPages:        879816 kB
Mapped:           554184 kB
Shmem:               636 kB
Slab:             104120 kB
SReclaimable:      31732 kB
SUnreclaim:        72388 kB
KernelStack:       41152 kB
PageTables:        42188 kB
NFS_Unstable:          0 kB
Bounce:                0 kB
WritebackTmp:          0 kB
CommitLimit:     1815632 kB
Committed_AS:   114711416 kB
VmallocTotal:   251658176 kB
VmallocUsed:      125456 kB
VmallocChunk:   251445668 kB
Time pass: 284 sec

---2015-12-16 15:27:45
MemTotal:        2582696 kB
MemFree:          132172 kB
Buffers:            4900 kB
Cached:           774192 kB
SwapCached:           36 kB
Active:          1087584 kB
Inactive:         559272 kB
Active(anon):     694380 kB
Inactive(anon):   177940 kB
Active(file):     393204 kB
Inactive(file):   381332 kB
Unevictable:        3920 kB
Mlocked:               0 kB
SwapTotal:        524284 kB
SwapFree:         513144 kB
Dirty:               960 kB
Writeback:             0 kB
AnonPages:        871528 kB
Mapped:           547568 kB
Shmem:               636 kB
Slab:             104040 kB
SReclaimable:      31728 kB
SUnreclaim:        72312 kB
KernelStack:       40448 kB
PageTables:        41720 kB
NFS_Unstable:          0 kB
Bounce:                0 kB
WritebackTmp:          0 kB
CommitLimit:     1815632 kB
Committed_AS:   113463264 kB
VmallocTotal:   251658176 kB
VmallocUsed:      124436 kB
VmallocChunk:   251445668 kB
Time pass: 288 sec

---2015-12-16 15:27:45
MemTotal:        2582696 kB
MemFree:          113060 kB
Buffers:            4908 kB
Cached:           774208 kB
SwapCached:           44 kB
Active:          1105828 kB
Inactive:         559264 kB
Active(anon):     712596 kB
Inactive(anon):   177948 kB
Active(file):     393232 kB
Inactive(file):   381316 kB
Unevictable:        3920 kB
Mlocked:               0 kB
SwapTotal:        524284 kB
SwapFree:         513144 kB
Dirty:               984 kB
Writeback:             0 kB
AnonPages:        889760 kB
Mapped:           554432 kB
Shmem:               648 kB
Slab:             103956 kB
SReclaimable:      31600 kB
SUnreclaim:        72356 kB
KernelStack:       41248 kB
PageTables:        42256 kB
NFS_Unstable:          0 kB
Bounce:                0 kB
WritebackTmp:          0 kB
CommitLimit:     1815632 kB
Committed_AS:   114744848 kB
VmallocTotal:   251658176 kB
VmallocUsed:      125488 kB
VmallocChunk:   251445668 kB
Time pass: 292 sec

---2015-12-16 15:27:45
MemTotal:        2582696 kB
MemFree:          111300 kB
Buffers:            4908 kB
Cached:           774252 kB
SwapCached:           44 kB
Active:          1106112 kB
Inactive:         559296 kB
Active(anon):     712880 kB
Inactive(anon):   177956 kB
Active(file):     393232 kB
Inactive(file):   381340 kB
Unevictable:        3920 kB
Mlocked:               0 kB
SwapTotal:        524284 kB
SwapFree:         513144 kB
Dirty:               964 kB
Writeback:             0 kB
AnonPages:        890196 kB
Mapped:           554264 kB
Shmem:               668 kB
Slab:             104100 kB
SReclaimable:      31624 kB
SUnreclaim:        72476 kB
KernelStack:       41200 kB
PageTables:        42240 kB
NFS_Unstable:          0 kB
Bounce:                0 kB
WritebackTmp:          0 kB
CommitLimit:     1815632 kB
Committed_AS:   114727712 kB
VmallocTotal:   251658176 kB
VmallocUsed:      125456 kB
VmallocChunk:   251445668 kB
Time pass: 295 sec

---2015-12-16 15:27:45
MemTotal:        2582696 kB
MemFree:          112944 kB
Buffers:            4908 kB
Cached:           774260 kB
SwapCached:           44 kB
Active:          1105296 kB
Inactive:         559312 kB
Active(anon):     712064 kB
Inactive(anon):   177972 kB
Active(file):     393232 kB
Inactive(file):   381340 kB
Unevictable:        3920 kB
Mlocked:               0 kB
SwapTotal:        524284 kB
SwapFree:         513144 kB
Dirty:               964 kB
Writeback:             0 kB
AnonPages:        889692 kB
Mapped:           554292 kB
Shmem:               676 kB
Slab:             103980 kB
SReclaimable:      31624 kB
SUnreclaim:        72356 kB
KernelStack:       41136 kB
PageTables:        42236 kB
NFS_Unstable:          0 kB
Bounce:                0 kB
WritebackTmp:          0 kB
CommitLimit:     1815632 kB
Committed_AS:   114727704 kB
VmallocTotal:   251658176 kB
VmallocUsed:      125456 kB
VmallocChunk:   251445668 kB
Time pass: 299 sec

---2015-12-16 15:27:45
MemTotal:        2582696 kB
MemFree:          112448 kB
Buffers:            4908 kB
Cached:           774264 kB
SwapCached:           44 kB
Active:          1105792 kB
Inactive:         559316 kB
Active(anon):     712560 kB
Inactive(anon):   177976 kB
Active(file):     393232 kB
Inactive(file):   381340 kB
Unevictable:        3920 kB
Mlocked:               0 kB
SwapTotal:        524284 kB
SwapFree:         513144 kB
Dirty:               964 kB
Writeback:             0 kB
AnonPages:        889748 kB
Mapped:           554348 kB
Shmem:               680 kB
Slab:             103988 kB
SReclaimable:      31624 kB
SUnreclaim:        72364 kB
KernelStack:       41136 kB
PageTables:        42232 kB
NFS_Unstable:          0 kB
Bounce:                0 kB
WritebackTmp:          0 kB
CommitLimit:     1815632 kB
Committed_AS:   114727596 kB
VmallocTotal:   251658176 kB
VmallocUsed:      125456 kB
VmallocChunk:   251445668 kB
Time pass: 303 sec

---2015-12-16 15:27:45
MemTotal:        2582696 kB
MemFree:          121016 kB
Buffers:            4908 kB
Cached:           774380 kB
SwapCached:           44 kB
Active:          1100044 kB
Inactive:         558360 kB
Active(anon):     705740 kB
Inactive(anon):   178092 kB
Active(file):     394304 kB
Inactive(file):   380268 kB
Unevictable:        3920 kB
Mlocked:               0 kB
SwapTotal:        524284 kB
SwapFree:         513144 kB
Dirty:               968 kB
Writeback:             0 kB
AnonPages:        882980 kB
Mapped:           547608 kB
Shmem:               796 kB
Slab:             103964 kB
SReclaimable:      31628 kB
SUnreclaim:        72336 kB
KernelStack:       40464 kB
PageTables:        41776 kB
NFS_Unstable:          0 kB
Bounce:                0 kB
WritebackTmp:          0 kB
CommitLimit:     1815632 kB
Committed_AS:   113475568 kB
VmallocTotal:   251658176 kB
VmallocUsed:      124436 kB
VmallocChunk:   251445668 kB
Time pass: 307 sec

---2015-12-16 15:27:45
MemTotal:        2582696 kB
MemFree:          109544 kB
Buffers:            6444 kB
Cached:           774868 kB
SwapCached:           44 kB
Active:          1108096 kB
Inactive:         560388 kB
Active(anon):     713796 kB
Inactive(anon):   178108 kB
Active(file):     394300 kB
Inactive(file):   382280 kB
Unevictable:        3920 kB
Mlocked:               0 kB
SwapTotal:        524284 kB
SwapFree:         513144 kB
Dirty:               972 kB
Writeback:             0 kB
AnonPages:        891112 kB
Mapped:           554636 kB
Shmem:               812 kB
Slab:             104100 kB
SReclaimable:      31644 kB
SUnreclaim:        72456 kB
KernelStack:       41184 kB
PageTables:        42244 kB
NFS_Unstable:          0 kB
Bounce:                0 kB
WritebackTmp:          0 kB
CommitLimit:     1815632 kB
Committed_AS:   114736056 kB
VmallocTotal:   251658176 kB
VmallocUsed:      125456 kB
VmallocChunk:   251445668 kB
Time pass: 311 sec

---2015-12-16 15:27:45
MemTotal:        2582696 kB
MemFree:          115280 kB
Buffers:            6444 kB
Cached:           774868 kB
SwapCached:           44 kB
Active:          1101824 kB
Inactive:         560380 kB
Active(anon):     707516 kB
Inactive(anon):   178108 kB
Active(file):     394308 kB
Inactive(file):   382272 kB
Unevictable:        3920 kB
Mlocked:               0 kB
SwapTotal:        524284 kB
SwapFree:         513144 kB
Dirty:               964 kB
Writeback:             0 kB
AnonPages:        885032 kB
Mapped:           554640 kB
Shmem:               812 kB
Slab:             104148 kB
SReclaimable:      31660 kB
SUnreclaim:        72488 kB
KernelStack:       41184 kB
PageTables:        42244 kB
NFS_Unstable:          0 kB
Bounce:                0 kB
WritebackTmp:          0 kB
CommitLimit:     1815632 kB
Committed_AS:   114736096 kB
VmallocTotal:   251658176 kB
VmallocUsed:      125456 kB
VmallocChunk:   251445668 kB
Time pass: 315 sec

---2015-12-16 15:27:45
MemTotal:        2582696 kB
MemFree:          114004 kB
Buffers:            6444 kB
Cached:           774900 kB
SwapCached:           44 kB
Active:          1102948 kB
Inactive:         560380 kB
Active(anon):     708640 kB
Inactive(anon):   178108 kB
Active(file):     394308 kB
Inactive(file):   382272 kB
Unevictable:        3920 kB
Mlocked:               0 kB
SwapTotal:        524284 kB
SwapFree:         513144 kB
Dirty:               960 kB
Writeback:             0 kB
AnonPages:        885836 kB
Mapped:           554692 kB
Shmem:               844 kB
Slab:             104224 kB
SReclaimable:      31664 kB
SUnreclaim:        72560 kB
KernelStack:       41184 kB
PageTables:        42248 kB
NFS_Unstable:          0 kB
Bounce:                0 kB
WritebackTmp:          0 kB
CommitLimit:     1815632 kB
Committed_AS:   114740152 kB
VmallocTotal:   251658176 kB
VmallocUsed:      125456 kB
VmallocChunk:   251445668 kB
Time pass: 319 sec

---2015-12-16 15:27:45
MemTotal:        2582696 kB
MemFree:          122012 kB
Buffers:            6444 kB
Cached:           774900 kB
SwapCached:           44 kB
Active:          1096088 kB
Inactive:         560408 kB
Active(anon):     701780 kB
Inactive(anon):   178140 kB
Active(file):     394308 kB
Inactive(file):   382268 kB
Unevictable:        3920 kB
Mlocked:               0 kB
SwapTotal:        524284 kB
SwapFree:         513144 kB
Dirty:               968 kB
Writeback:             0 kB
AnonPages:        879100 kB
Mapped:           547908 kB
Shmem:               844 kB
Slab:             104260 kB
SReclaimable:      31664 kB
SUnreclaim:        72596 kB
KernelStack:       41168 kB
PageTables:        41808 kB
NFS_Unstable:          0 kB
Bounce:                0 kB
WritebackTmp:          0 kB
CommitLimit:     1815632 kB
Committed_AS:   113497248 kB
VmallocTotal:   251658176 kB
VmallocUsed:      125456 kB
VmallocChunk:   251445668 kB
Time pass: 323 sec

---2015-12-16 15:27:45
MemTotal:        2582696 kB
MemFree:          122844 kB
Buffers:            6444 kB
Cached:           774936 kB
SwapCached:           44 kB
Active:          1095716 kB
Inactive:         560448 kB
Active(anon):     701408 kB
Inactive(anon):   178176 kB
Active(file):     394308 kB
Inactive(file):   382272 kB
Unevictable:        3920 kB
Mlocked:               0 kB
SwapTotal:        524284 kB
SwapFree:         513144 kB
Dirty:               960 kB
Writeback:             0 kB
AnonPages:        878596 kB
Mapped:           548044 kB
Shmem:               880 kB
Slab:             104256 kB
SReclaimable:      31664 kB
SUnreclaim:        72592 kB
KernelStack:       40352 kB
PageTables:        41748 kB
NFS_Unstable:          0 kB
Bounce:                0 kB
WritebackTmp:          0 kB
CommitLimit:     1815632 kB
Committed_AS:   113488080 kB
VmallocTotal:   251658176 kB
VmallocUsed:      124436 kB
VmallocChunk:   251445668 kB
Time pass: 327 sec

---2015-12-16 15:27:45
MemTotal:        2582696 kB
MemFree:          108480 kB
Buffers:            6444 kB
Cached:           775500 kB
SwapCached:           48 kB
Active:          1107852 kB
Inactive:         561020 kB
Active(anon):     713552 kB
Inactive(anon):   178304 kB
Active(file):     394300 kB
Inactive(file):   382716 kB
Unevictable:        3920 kB
Mlocked:               0 kB
SwapTotal:        524284 kB
SwapFree:         513144 kB
Dirty:               964 kB
Writeback:             0 kB
AnonPages:        890688 kB
Mapped:           554948 kB
Shmem:              1008 kB
Slab:             104352 kB
SReclaimable:      31696 kB
SUnreclaim:        72656 kB
KernelStack:       41216 kB
PageTables:        42256 kB
NFS_Unstable:          0 kB
Bounce:                0 kB
WritebackTmp:          0 kB
CommitLimit:     1815632 kB
Committed_AS:   114743452 kB
VmallocTotal:   251658176 kB
VmallocUsed:      125496 kB
VmallocChunk:   251445668 kB
Time pass: 331 sec

---2015-12-16 15:27:45
MemTotal:        2582696 kB
MemFree:          114720 kB
Buffers:            6444 kB
Cached:           775500 kB
SwapCached:           48 kB
Active:          1101804 kB
Inactive:         561012 kB
Active(anon):     707496 kB
Inactive(anon):   178304 kB
Active(file):     394308 kB
Inactive(file):   382708 kB
Unevictable:        3920 kB
Mlocked:               0 kB
SwapTotal:        524284 kB
SwapFree:         513144 kB
Dirty:               964 kB
Writeback:             0 kB
AnonPages:        884724 kB
Mapped:           554844 kB
Shmem:              1008 kB
Slab:             104380 kB
SReclaimable:      31696 kB
SUnreclaim:        72684 kB
KernelStack:       41200 kB
PageTables:        42276 kB
NFS_Unstable:          0 kB
Bounce:                0 kB
WritebackTmp:          0 kB
CommitLimit:     1815632 kB
Committed_AS:   114743396 kB
VmallocTotal:   251658176 kB
VmallocUsed:      125496 kB
VmallocChunk:   251445668 kB
Time pass: 335 sec

---2015-12-16 15:27:45
MemTotal:        2582696 kB
MemFree:          114436 kB
Buffers:            6444 kB
Cached:           775500 kB
SwapCached:           48 kB
Active:          1102008 kB
Inactive:         561012 kB
Active(anon):     707700 kB
Inactive(anon):   178304 kB
Active(file):     394308 kB
Inactive(file):   382708 kB
Unevictable:        3920 kB
Mlocked:               0 kB
SwapTotal:        524284 kB
SwapFree:         513144 kB
Dirty:               964 kB
Writeback:             0 kB
AnonPages:        884912 kB
Mapped:           555092 kB
Shmem:              1008 kB
Slab:             104396 kB
SReclaimable:      31700 kB
SUnreclaim:        72696 kB
KernelStack:       41200 kB
PageTables:        42280 kB
NFS_Unstable:          0 kB
Bounce:                0 kB
WritebackTmp:          0 kB
CommitLimit:     1815632 kB
Committed_AS:   114743396 kB
VmallocTotal:   251658176 kB
VmallocUsed:      125504 kB
VmallocChunk:   251444396 kB
Time pass: 340 sec

---2015-12-16 15:27:45
MemTotal:        2582696 kB
MemFree:          119612 kB
Buffers:            6444 kB
Cached:           775508 kB
SwapCached:           48 kB
Active:          1096868 kB
Inactive:         561008 kB
Active(anon):     702548 kB
Inactive(anon):   178312 kB
Active(file):     394320 kB
Inactive(file):   382696 kB
Unevictable:        3920 kB
Mlocked:               0 kB
SwapTotal:        524284 kB
SwapFree:         513144 kB
Dirty:               968 kB
Writeback:             0 kB
AnonPages:        879792 kB
Mapped:           548732 kB
Shmem:              1016 kB
Slab:             104396 kB
SReclaimable:      31700 kB
SUnreclaim:        72696 kB
KernelStack:       41072 kB
PageTables:        41904 kB
NFS_Unstable:          0 kB
Bounce:                0 kB
WritebackTmp:          0 kB
CommitLimit:     1815632 kB
Committed_AS:   113512616 kB
VmallocTotal:   251658176 kB
VmallocUsed:      124444 kB
VmallocChunk:   251439324 kB
Time pass: 343 sec

---2015-12-16 15:27:45
MemTotal:        2582696 kB
MemFree:          110092 kB
Buffers:            6444 kB
Cached:           775848 kB
SwapCached:          200 kB
Active:          1105948 kB
Inactive:         561492 kB
Active(anon):     711616 kB
Inactive(anon):   178468 kB
Active(file):     394332 kB
Inactive(file):   383024 kB
Unevictable:        3920 kB
Mlocked:               0 kB
SwapTotal:        524284 kB
SwapFree:         513160 kB
Dirty:               976 kB
Writeback:             0 kB
AnonPages:        889028 kB
Mapped:           554756 kB
Shmem:              1016 kB
Slab:             104396 kB
SReclaimable:      31700 kB
SUnreclaim:        72696 kB
KernelStack:       41488 kB
PageTables:        42216 kB
NFS_Unstable:          0 kB
Bounce:                0 kB
WritebackTmp:          0 kB
CommitLimit:     1815632 kB
Committed_AS:   114763412 kB
VmallocTotal:   251658176 kB
VmallocUsed:      125464 kB
VmallocChunk:   251434388 kB
Time pass: 347 sec

---2015-12-16 15:27:45
MemTotal:        2582696 kB
MemFree:          110128 kB
Buffers:            6444 kB
Cached:           775868 kB
SwapCached:          200 kB
Active:          1106204 kB
Inactive:         561524 kB
Active(anon):     711884 kB
Inactive(anon):   178484 kB
Active(file):     394320 kB
Inactive(file):   383040 kB
Unevictable:        3920 kB
Mlocked:               0 kB
SwapTotal:        524284 kB
SwapFree:         513160 kB
Dirty:               960 kB
Writeback:             0 kB
AnonPages:        889324 kB
Mapped:           555260 kB
Shmem:              1032 kB
Slab:             104336 kB
SReclaimable:      31716 kB
SUnreclaim:        72620 kB
KernelStack:       41152 kB
PageTables:        42288 kB
NFS_Unstable:          0 kB
Bounce:                0 kB
WritebackTmp:          0 kB
CommitLimit:     1815632 kB
Committed_AS:   114756064 kB
VmallocTotal:   251658176 kB
VmallocUsed:      125456 kB
VmallocChunk:   251434404 kB
Time pass: 351 sec

---2015-12-16 15:27:45
MemTotal:        2582696 kB
MemFree:          111060 kB
Buffers:            6452 kB
Cached:           775888 kB
SwapCached:          200 kB
Active:          1104508 kB
Inactive:         561552 kB
Active(anon):     710188 kB
Inactive(anon):   178484 kB
Active(file):     394320 kB
Inactive(file):   383068 kB
Unevictable:        3920 kB
Mlocked:               0 kB
SwapTotal:        524284 kB
SwapFree:         513160 kB
Dirty:               984 kB
Writeback:             0 kB
AnonPages:        887512 kB
Mapped:           555276 kB
Shmem:              1032 kB
Slab:             104320 kB
SReclaimable:      31716 kB
SUnreclaim:        72604 kB
KernelStack:       41136 kB
PageTables:        42288 kB
NFS_Unstable:          0 kB
Bounce:                0 kB
WritebackTmp:          0 kB
CommitLimit:     1815632 kB
Committed_AS:   114755912 kB
VmallocTotal:   251658176 kB
VmallocUsed:      125456 kB
VmallocChunk:   251434404 kB
Time pass: 355 sec

---2015-12-16 15:27:45
MemTotal:        2582696 kB
MemFree:          110636 kB
Buffers:            6452 kB
Cached:           775888 kB
SwapCached:          200 kB
Active:          1104728 kB
Inactive:         561552 kB
Active(anon):     710408 kB
Inactive(anon):   178484 kB
Active(file):     394320 kB
Inactive(file):   383068 kB
Unevictable:        3920 kB
Mlocked:               0 kB
SwapTotal:        524284 kB
SwapFree:         513160 kB
Dirty:               984 kB
Writeback:             0 kB
AnonPages:        887720 kB
Mapped:           555316 kB
Shmem:              1032 kB
Slab:             104356 kB
SReclaimable:      31720 kB
SUnreclaim:        72636 kB
KernelStack:       41136 kB
PageTables:        42284 kB
NFS_Unstable:          0 kB
Bounce:                0 kB
WritebackTmp:          0 kB
CommitLimit:     1815632 kB
Committed_AS:   114755896 kB
VmallocTotal:   251658176 kB
VmallocUsed:      125456 kB
VmallocChunk:   251434404 kB
Time pass: 359 sec

---2015-12-16 15:27:45
MemTotal:        2582696 kB
MemFree:          118512 kB
Buffers:            6452 kB
Cached:           775888 kB
SwapCached:          200 kB
Active:          1098312 kB
Inactive:         561552 kB
Active(anon):     703992 kB
Inactive(anon):   178484 kB
Active(file):     394320 kB
Inactive(file):   383068 kB
Unevictable:        3920 kB
Mlocked:               0 kB
SwapTotal:        524284 kB
SwapFree:         513160 kB
Dirty:               968 kB
Writeback:             0 kB
AnonPages:        881508 kB
Mapped:           548468 kB
Shmem:              1032 kB
Slab:             104392 kB
SReclaimable:      31724 kB
SUnreclaim:        72668 kB
KernelStack:       40448 kB
PageTables:        41780 kB
NFS_Unstable:          0 kB
Bounce:                0 kB
WritebackTmp:          0 kB
CommitLimit:     1815632 kB
Committed_AS:   113504064 kB
VmallocTotal:   251658176 kB
VmallocUsed:      124436 kB
VmallocChunk:   251445668 kB
Time pass: 363 sec

---2015-12-16 15:27:45
MemTotal:        2582696 kB
MemFree:          107500 kB
Buffers:            6452 kB
Cached:           772920 kB
SwapCached:          200 kB
Active:          1112672 kB
Inactive:         561832 kB
Active(anon):     719952 kB
Inactive(anon):   180056 kB
Active(file):     392720 kB
Inactive(file):   381776 kB
Unevictable:        3920 kB
Mlocked:               0 kB
SwapTotal:        524284 kB
SwapFree:         512484 kB
Dirty:               992 kB
Writeback:             0 kB
AnonPages:        899544 kB
Mapped:           554996 kB
Shmem:              1028 kB
Slab:             104600 kB
SReclaimable:      31904 kB
SUnreclaim:        72696 kB
KernelStack:       41424 kB
PageTables:        42420 kB
NFS_Unstable:          0 kB
Bounce:                0 kB
WritebackTmp:          0 kB
CommitLimit:     1815632 kB
Committed_AS:   114794440 kB
VmallocTotal:   251658176 kB
VmallocUsed:      125496 kB
VmallocChunk:   251445668 kB
Time pass: 367 sec

---2015-12-16 15:27:45
MemTotal:        2582696 kB
MemFree:          112596 kB
Buffers:            6452 kB
Cached:           773120 kB
SwapCached:          200 kB
Active:          1109008 kB
Inactive:         561976 kB
Active(anon):     716312 kB
Inactive(anon):   180068 kB
Active(file):     392696 kB
Inactive(file):   381908 kB
Unevictable:        3920 kB
Mlocked:               0 kB
SwapTotal:        524284 kB
SwapFree:         512484 kB
Dirty:               964 kB
Writeback:             0 kB
AnonPages:        895296 kB
Mapped:           554976 kB
Shmem:              1048 kB
Slab:             104620 kB
SReclaimable:      31892 kB
SUnreclaim:        72728 kB
KernelStack:       41168 kB
PageTables:        42312 kB
NFS_Unstable:          0 kB
Bounce:                0 kB
WritebackTmp:          0 kB
CommitLimit:     1815632 kB
Committed_AS:   114764368 kB
VmallocTotal:   251658176 kB
VmallocUsed:      125456 kB
VmallocChunk:   251445668 kB
Time pass: 371 sec

---2015-12-16 15:27:45
MemTotal:        2582696 kB
MemFree:          117532 kB
Buffers:            6452 kB
Cached:           773120 kB
SwapCached:          200 kB
Active:          1103804 kB
Inactive:         561972 kB
Active(anon):     711108 kB
Inactive(anon):   180064 kB
Active(file):     392696 kB
Inactive(file):   381908 kB
Unevictable:        3920 kB
Mlocked:               0 kB
SwapTotal:        524284 kB
SwapFree:         512484 kB
Dirty:               968 kB
Writeback:             0 kB
AnonPages:        890012 kB
Mapped:           554992 kB
Shmem:              1048 kB
Slab:             104568 kB
SReclaimable:      31880 kB
SUnreclaim:        72688 kB
KernelStack:       41168 kB
PageTables:        42308 kB
NFS_Unstable:          0 kB
Bounce:                0 kB
WritebackTmp:          0 kB
CommitLimit:     1815632 kB
Committed_AS:   114764256 kB
VmallocTotal:   251658176 kB
VmallocUsed:      125456 kB
VmallocChunk:   251445668 kB
Time pass: 375 sec

---2015-12-16 15:27:45
MemTotal:        2582696 kB
MemFree:          116740 kB
Buffers:            6452 kB
Cached:           773124 kB
SwapCached:          200 kB
Active:          1104268 kB
Inactive:         561968 kB
Active(anon):     711572 kB
Inactive(anon):   180056 kB
Active(file):     392696 kB
Inactive(file):   381912 kB
Unevictable:        3920 kB
Mlocked:               0 kB
SwapTotal:        524284 kB
SwapFree:         512484 kB
Dirty:               964 kB
Writeback:             0 kB
AnonPages:        890432 kB
Mapped:           555096 kB
Shmem:              1048 kB
Slab:             104604 kB
SReclaimable:      31880 kB
SUnreclaim:        72724 kB
KernelStack:       41168 kB
PageTables:        42340 kB
NFS_Unstable:          0 kB
Bounce:                0 kB
WritebackTmp:          0 kB
CommitLimit:     1815632 kB
Committed_AS:   114764352 kB
VmallocTotal:   251658176 kB
VmallocUsed:      125456 kB
VmallocChunk:   251445668 kB
Time pass: 380 sec

---2015-12-16 15:27:45
MemTotal:        2582696 kB
MemFree:          124500 kB
Buffers:            6452 kB
Cached:           773124 kB
SwapCached:          200 kB
Active:          1097512 kB
Inactive:         561868 kB
Active(anon):     704716 kB
Inactive(anon):   180056 kB
Active(file):     392796 kB
Inactive(file):   381812 kB
Unevictable:        3920 kB
Mlocked:               0 kB
SwapTotal:        524284 kB
SwapFree:         512484 kB
Dirty:               968 kB
Writeback:             0 kB
AnonPages:        883696 kB
Mapped:           548296 kB
Shmem:              1048 kB
Slab:             104412 kB
SReclaimable:      31720 kB
SUnreclaim:        72692 kB
KernelStack:       40464 kB
PageTables:        41840 kB
NFS_Unstable:          0 kB
Bounce:                0 kB
WritebackTmp:          0 kB
CommitLimit:     1815632 kB
Committed_AS:   113512316 kB
VmallocTotal:   251658176 kB
VmallocUsed:      124436 kB
VmallocChunk:   251445668 kB
Time pass: 383 sec

---2015-12-16 15:27:45
MemTotal:        2582696 kB
MemFree:          115212 kB
Buffers:            6452 kB
Cached:           772296 kB
SwapCached:          200 kB
Active:          1115892 kB
Inactive:         559772 kB
Active(anon):     720780 kB
Inactive(anon):   181108 kB
Active(file):     395112 kB
Inactive(file):   378664 kB
Unevictable:        3920 kB
Mlocked:               0 kB
SwapTotal:        524284 kB
SwapFree:         510668 kB
Dirty:               992 kB
Writeback:             0 kB
AnonPages:        900688 kB
Mapped:           555832 kB
Shmem:              1052 kB
Slab:             104360 kB
SReclaimable:      31712 kB
SUnreclaim:        72648 kB
KernelStack:       41776 kB
PageTables:        42408 kB
NFS_Unstable:          0 kB
Bounce:                0 kB
WritebackTmp:          0 kB
CommitLimit:     1815632 kB
Committed_AS:   114794192 kB
VmallocTotal:   251658176 kB
VmallocUsed:      125488 kB
VmallocChunk:   251445668 kB
Time pass: 387 sec

---2015-12-16 15:27:45
MemTotal:        2582696 kB
MemFree:          113752 kB
Buffers:            6452 kB
Cached:           772308 kB
SwapCached:          200 kB
Active:          1115208 kB
Inactive:         559752 kB
Active(anon):     720084 kB
Inactive(anon):   181100 kB
Active(file):     395124 kB
Inactive(file):   378652 kB
Unevictable:        3920 kB
Mlocked:               0 kB
SwapTotal:        524284 kB
SwapFree:         510668 kB
Dirty:               960 kB
Writeback:             0 kB
AnonPages:        899920 kB
Mapped:           555468 kB
Shmem:              1064 kB
Slab:             104492 kB
SReclaimable:      31844 kB
SUnreclaim:        72648 kB
KernelStack:       41216 kB
