---2015-11-19 12:49:30
MemTotal:        1745540 kB
MemFree:           51188 kB
Buffers:            8212 kB
Cached:           446496 kB
SwapCached:        50736 kB
Active:           625488 kB
Inactive:         597384 kB
Active(anon):     436484 kB
Inactive(anon):   337488 kB
Active(file):     189004 kB
Inactive(file):   259896 kB
Unevictable:        3816 kB
Mlocked:               0 kB
HighTotal:       1217536 kB
HighFree:          18556 kB
LowTotal:         528004 kB
LowFree:           32632 kB
SwapTotal:       1310716 kB
SwapFree:         846760 kB
Dirty:                24 kB
Writeback:             0 kB
AnonPages:        753412 kB
Mapped:           217488 kB
Shmem:              1992 kB
Slab:              57324 kB
SReclaimable:      15368 kB
SUnreclaim:        41956 kB
KernelStack:       14776 kB
PageTables:        52544 kB
NFS_Unstable:          0 kB
Bounce:                0 kB
WritebackTmp:          0 kB
CommitLimit:     2183484 kB
Committed_AS:   128273640 kB
VmallocTotal:     311296 kB
VmallocUsed:       35488 kB
VmallocChunk:     142348 kB
Time pass: 3 sec

---2015-11-19 12:49:30
MemTotal:        1745540 kB
MemFree:           50956 kB
Buffers:            8220 kB
Cached:           446572 kB
SwapCached:        50736 kB
Active:           625624 kB
Inactive:         597432 kB
Active(anon):     436592 kB
Inactive(anon):   337488 kB
Active(file):     189032 kB
Inactive(file):   259944 kB
Unevictable:        3816 kB
Mlocked:               0 kB
HighTotal:       1217536 kB
HighFree:          18556 kB
LowTotal:         528004 kB
LowFree:           32400 kB
SwapTotal:       1310716 kB
SwapFree:         846764 kB
Dirty:                28 kB
Writeback:             0 kB
AnonPages:        753516 kB
Mapped:           217496 kB
Shmem:              1992 kB
Slab:              57324 kB
SReclaimable:      15368 kB
SUnreclaim:        41956 kB
KernelStack:       14792 kB
PageTables:        52560 kB
NFS_Unstable:          0 kB
Bounce:                0 kB
WritebackTmp:          0 kB
CommitLimit:     2183484 kB
Committed_AS:   128273720 kB
VmallocTotal:     311296 kB
VmallocUsed:       35488 kB
VmallocChunk:     142348 kB
Time pass: 7 sec

---2015-11-19 12:49:30
MemTotal:        1745540 kB
MemFree:           50724 kB
Buffers:            8220 kB
Cached:           446572 kB
SwapCached:        50736 kB
Active:           625912 kB
Inactive:         597448 kB
Active(anon):     436880 kB
Inactive(anon):   337496 kB
Active(file):     189032 kB
Inactive(file):   259952 kB
Unevictable:        3816 kB
Mlocked:               0 kB
HighTotal:       1217536 kB
HighFree:          18556 kB
LowTotal:         528004 kB
LowFree:           32168 kB
SwapTotal:       1310716 kB
SwapFree:         846772 kB
Dirty:                 0 kB
Writeback:             0 kB
AnonPages:        753820 kB
Mapped:           217496 kB
Shmem:              1992 kB
Slab:              57324 kB
SReclaimable:      15368 kB
SUnreclaim:        41956 kB
KernelStack:       14792 kB
PageTables:        52560 kB
NFS_Unstable:          0 kB
Bounce:                0 kB
WritebackTmp:          0 kB
CommitLimit:     2183484 kB
Committed_AS:   128273920 kB
VmallocTotal:     311296 kB
VmallocUsed:       35488 kB
VmallocChunk:     142348 kB
Time pass: 10 sec

---2015-11-19 12:49:30
MemTotal:        1745540 kB
MemFree:           50468 kB
Buffers:            8220 kB
Cached:           446572 kB
SwapCached:        50736 kB
Active:           626000 kB
Inactive:         597456 kB
Active(anon):     436968 kB
Inactive(anon):   337504 kB
Active(file):     189032 kB
Inactive(file):   259952 kB
Unevictable:        3816 kB
Mlocked:               0 kB
HighTotal:       1217536 kB
HighFree:          18556 kB
LowTotal:         528004 kB
LowFree:           31912 kB
SwapTotal:       1310716 kB
SwapFree:         846776 kB
Dirty:                 0 kB
Writeback:             0 kB
AnonPages:        753924 kB
Mapped:           217508 kB
Shmem:              1992 kB
Slab:              57320 kB
SReclaimable:      15368 kB
SUnreclaim:        41952 kB
KernelStack:       14784 kB
PageTables:        52580 kB
NFS_Unstable:          0 kB
Bounce:                0 kB
WritebackTmp:          0 kB
CommitLimit:     2183484 kB
Committed_AS:   128274000 kB
VmallocTotal:     311296 kB
VmallocUsed:       35488 kB
VmallocChunk:     142348 kB
Time pass: 14 sec

---2015-11-19 12:49:30
MemTotal:        1745540 kB
MemFree:           50192 kB
Buffers:            8220 kB
Cached:           446572 kB
SwapCached:        50736 kB
Active:           626152 kB
Inactive:         597456 kB
Active(anon):     437120 kB
Inactive(anon):   337504 kB
Active(file):     189032 kB
Inactive(file):   259952 kB
Unevictable:        3816 kB
Mlocked:               0 kB
HighTotal:       1217536 kB
HighFree:          18556 kB
LowTotal:         528004 kB
LowFree:           31636 kB
SwapTotal:       1310716 kB
SwapFree:         846776 kB
Dirty:                 0 kB
Writeback:             0 kB
AnonPages:        754044 kB
Mapped:           217496 kB
Shmem:              1992 kB
Slab:              57320 kB
SReclaimable:      15368 kB
SUnreclaim:        41952 kB
KernelStack:       14792 kB
PageTables:        52560 kB
NFS_Unstable:          0 kB
Bounce:                0 kB
WritebackTmp:          0 kB
CommitLimit:     2183484 kB
Committed_AS:   128274200 kB
VmallocTotal:     311296 kB
VmallocUsed:       35488 kB
VmallocChunk:     142348 kB
Time pass: 18 sec

---2015-11-19 12:49:30
MemTotal:        1745540 kB
MemFree:           48936 kB
Buffers:            8220 kB
Cached:           447456 kB
SwapCached:        50736 kB
Active:           626612 kB
Inactive:         598284 kB
Active(anon):     437544 kB
Inactive(anon):   337504 kB
Active(file):     189068 kB
Inactive(file):   260780 kB
Unevictable:        3816 kB
Mlocked:               0 kB
HighTotal:       1217536 kB
HighFree:          18556 kB
LowTotal:         528004 kB
LowFree:           30380 kB
SwapTotal:       1310716 kB
SwapFree:         846776 kB
Dirty:                 0 kB
Writeback:             0 kB
AnonPages:        754456 kB
Mapped:           217496 kB
Shmem:              1992 kB
Slab:              57320 kB
SReclaimable:      15368 kB
SUnreclaim:        41952 kB
KernelStack:       14792 kB
PageTables:        52560 kB
NFS_Unstable:          0 kB
Bounce:                0 kB
WritebackTmp:          0 kB
CommitLimit:     2183484 kB
Committed_AS:   128275268 kB
VmallocTotal:     311296 kB
VmallocUsed:       35488 kB
VmallocChunk:     142348 kB
Time pass: 21 sec

---2015-11-19 12:49:30
MemTotal:        1745540 kB
MemFree:           45056 kB
Buffers:            6788 kB
Cached:           410192 kB
SwapCached:        53804 kB
Active:           599324 kB
Inactive:         602040 kB
Active(anon):     393508 kB
Inactive(anon):   395248 kB
Active(file):     205816 kB
Inactive(file):   206792 kB
Unevictable:        3816 kB
Mlocked:               0 kB
HighTotal:       1217536 kB
HighFree:          20448 kB
LowTotal:         528004 kB
LowFree:           24608 kB
SwapTotal:       1310716 kB
SwapFree:         820048 kB
Dirty:              1660 kB
Writeback:             0 kB
AnonPages:        767680 kB
Mapped:           237532 kB
Shmem:               384 kB
Slab:              57248 kB
SReclaimable:      15368 kB
SUnreclaim:        41880 kB
KernelStack:       15360 kB
PageTables:        53140 kB
NFS_Unstable:          0 kB
Bounce:                0 kB
WritebackTmp:          0 kB
CommitLimit:     2183484 kB
Committed_AS:   128368016 kB
VmallocTotal:     311296 kB
VmallocUsed:       36012 kB
VmallocChunk:     142348 kB
Time pass: 25 sec

---2015-11-19 12:49:30
MemTotal:        1745540 kB
MemFree:           72508 kB
Buffers:            6552 kB
Cached:           382356 kB
SwapCached:        54672 kB
Active:           562608 kB
Inactive:         572392 kB
Active(anon):     370524 kB
Inactive(anon):   379640 kB
Active(file):     192084 kB
Inactive(file):   192752 kB
Unevictable:        3816 kB
Mlocked:               0 kB
HighTotal:       1217536 kB
HighFree:          44172 kB
LowTotal:         528004 kB
LowFree:           28336 kB
SwapTotal:       1310716 kB
SwapFree:         793092 kB
Dirty:                76 kB
Writeback:             0 kB
AnonPages:        728092 kB
Mapped:           262484 kB
Shmem:               256 kB
Slab:              57144 kB
SReclaimable:      15336 kB
SUnreclaim:        41808 kB
KernelStack:       15208 kB
PageTables:        53280 kB
NFS_Unstable:          0 kB
Bounce:                0 kB
WritebackTmp:          0 kB
CommitLimit:     2183484 kB
Committed_AS:   128370612 kB
VmallocTotal:     311296 kB
VmallocUsed:       36040 kB
VmallocChunk:     142348 kB
Time pass: 29 sec

---2015-11-19 12:49:30
MemTotal:        1745540 kB
MemFree:           72496 kB
Buffers:            6560 kB
Cached:           382356 kB
SwapCached:        54672 kB
Active:           562268 kB
Inactive:         572368 kB
Active(anon):     370184 kB
Inactive(anon):   379616 kB
Active(file):     192084 kB
Inactive(file):   192752 kB
Unevictable:        3816 kB
Mlocked:               0 kB
HighTotal:       1217536 kB
HighFree:          43904 kB
LowTotal:         528004 kB
LowFree:           28592 kB
SwapTotal:       1310716 kB
SwapFree:         793100 kB
Dirty:                88 kB
Writeback:             0 kB
AnonPages:        727760 kB
Mapped:           262484 kB
Shmem:               256 kB
Slab:              57144 kB
SReclaimable:      15336 kB
SUnreclaim:        41808 kB
KernelStack:       15208 kB
PageTables:        53280 kB
NFS_Unstable:          0 kB
Bounce:                0 kB
WritebackTmp:          0 kB
CommitLimit:     2183484 kB
Committed_AS:   128370692 kB
VmallocTotal:     311296 kB
VmallocUsed:       36040 kB
VmallocChunk:     142348 kB
Time pass: 33 sec

---2015-11-19 12:49:30
MemTotal:        1745540 kB
MemFree:           59992 kB
Buffers:            5696 kB
Cached:           369748 kB
SwapCached:        55188 kB
Active:           563340 kB
Inactive:         563544 kB
Active(anon):     377844 kB
Inactive(anon):   377668 kB
Active(file):     185496 kB
Inactive(file):   185876 kB
Unevictable:        3816 kB
Mlocked:               0 kB
HighTotal:       1217536 kB
HighFree:          32580 kB
LowTotal:         528004 kB
LowFree:           27412 kB
SwapTotal:       1310716 kB
SwapFree:         784980 kB
Dirty:                88 kB
Writeback:             0 kB
AnonPages:        734080 kB
Mapped:           272220 kB
Shmem:               256 kB
Slab:              57160 kB
SReclaimable:      15336 kB
SUnreclaim:        41824 kB
KernelStack:       15288 kB
PageTables:        53520 kB
NFS_Unstable:          0 kB
Bounce:                0 kB
WritebackTmp:          0 kB
CommitLimit:     2183484 kB
Committed_AS:   128381444 kB
VmallocTotal:     311296 kB
VmallocUsed:       36244 kB
VmallocChunk:     142348 kB
Time pass: 36 sec

---2015-11-19 12:49:30
MemTotal:        1745540 kB
MemFree:           52560 kB
Buffers:            5060 kB
Cached:           366444 kB
SwapCached:        55188 kB
Active:           563448 kB
Inactive:         563300 kB
Active(anon):     379456 kB
Inactive(anon):   379876 kB
Active(file):     183992 kB
Inactive(file):   183424 kB
Unevictable:        3816 kB
Mlocked:               0 kB
HighTotal:       1217536 kB
HighFree:          26988 kB
LowTotal:         528004 kB
LowFree:           25572 kB
SwapTotal:       1310716 kB
SwapFree:         784316 kB
Dirty:                44 kB
Writeback:             0 kB
AnonPages:        737848 kB
Mapped:           279160 kB
Shmem:               256 kB
Slab:              57152 kB
SReclaimable:      15336 kB
SUnreclaim:        41816 kB
KernelStack:       15280 kB
PageTables:        53536 kB
NFS_Unstable:          0 kB
Bounce:                0 kB
WritebackTmp:          0 kB
CommitLimit:     2183484 kB
Committed_AS:   128401408 kB
VmallocTotal:     311296 kB
VmallocUsed:       36352 kB
VmallocChunk:     142348 kB
Time pass: 40 sec

---2015-11-19 12:49:30
MemTotal:        1745540 kB
MemFree:           45436 kB
Buffers:            5092 kB
Cached:           367064 kB
SwapCached:        55192 kB
Active:           568524 kB
Inactive:         569652 kB
Active(anon):     384416 kB
Inactive(anon):   385696 kB
Active(file):     184108 kB
Inactive(file):   183956 kB
Unevictable:        3816 kB
Mlocked:               0 kB
HighTotal:       1217536 kB
HighFree:          21136 kB
LowTotal:         528004 kB
LowFree:           24300 kB
SwapTotal:       1310716 kB
SwapFree:         784284 kB
Dirty:               212 kB
Writeback:             0 kB
AnonPages:        748780 kB
Mapped:           279324 kB
Shmem:               260 kB
Slab:              57156 kB
SReclaimable:      15336 kB
SUnreclaim:        41820 kB
KernelStack:       15424 kB
PageTables:        53508 kB
NFS_Unstable:          0 kB
Bounce:                0 kB
WritebackTmp:          0 kB
CommitLimit:     2183484 kB
Committed_AS:   128406320 kB
VmallocTotal:     311296 kB
VmallocUsed:       36396 kB
VmallocChunk:     142348 kB
Time pass: 44 sec

---2015-11-19 12:49:30
MemTotal:        1745540 kB
MemFree:           57508 kB
Buffers:            4840 kB
Cached:           336064 kB
SwapCached:        55540 kB
Active:           531440 kB
Inactive:         542156 kB
Active(anon):     363496 kB
Inactive(anon):   373272 kB
Active(file):     167944 kB
Inactive(file):   168884 kB
Unevictable:        3816 kB
Mlocked:               0 kB
HighTotal:       1217536 kB
HighFree:          31204 kB
LowTotal:         528004 kB
LowFree:           26304 kB
SwapTotal:       1310716 kB
SwapFree:         747392 kB
Dirty:              1248 kB
Writeback:             0 kB
AnonPages:        714104 kB
Mapped:           321436 kB
Shmem:               260 kB
Slab:              57640 kB
SReclaimable:      15368 kB
SUnreclaim:        42272 kB
KernelStack:       15368 kB
PageTables:        53656 kB
NFS_Unstable:          0 kB
Bounce:                0 kB
WritebackTmp:          0 kB
CommitLimit:     2183484 kB
Committed_AS:   128422040 kB
VmallocTotal:     311296 kB
VmallocUsed:       36552 kB
VmallocChunk:     142348 kB
Time pass: 47 sec

---2015-11-19 12:49:30
MemTotal:        1745540 kB
MemFree:           64468 kB
Buffers:            4840 kB
Cached:           336088 kB
SwapCached:        55540 kB
Active:           531584 kB
Inactive:         542156 kB
Active(anon):     363640 kB
Inactive(anon):   373248 kB
Active(file):     167944 kB
Inactive(file):   168908 kB
Unevictable:        3816 kB
Mlocked:               0 kB
HighTotal:       1217536 kB
HighFree:          34376 kB
LowTotal:         528004 kB
LowFree:           30092 kB
SwapTotal:       1310716 kB
SwapFree:         747392 kB
Dirty:               372 kB
Writeback:             0 kB
AnonPages:        714328 kB
Mapped:           315460 kB
Shmem:               260 kB
Slab:              57584 kB
SReclaimable:      15336 kB
SUnreclaim:        42248 kB
KernelStack:       15328 kB
PageTables:        53656 kB
NFS_Unstable:          0 kB
Bounce:                0 kB
WritebackTmp:          0 kB
CommitLimit:     2183484 kB
Committed_AS:   128422232 kB
VmallocTotal:     311296 kB
VmallocUsed:       36444 kB
VmallocChunk:     142348 kB
Time pass: 51 sec

---2015-11-19 12:49:30
MemTotal:        1745540 kB
MemFree:           59688 kB
Buffers:            4892 kB
Cached:           336168 kB
SwapCached:        55540 kB
Active:           533208 kB
Inactive:         542288 kB
Active(anon):     365260 kB
Inactive(anon):   373256 kB
Active(file):     167948 kB
Inactive(file):   169032 kB
Unevictable:        3816 kB
Mlocked:               0 kB
HighTotal:       1217536 kB
HighFree:          31144 kB
LowTotal:         528004 kB
LowFree:           28544 kB
SwapTotal:       1310716 kB
SwapFree:         747404 kB
Dirty:                76 kB
Writeback:             0 kB
AnonPages:        715972 kB
Mapped:           315940 kB
Shmem:               260 kB
Slab:              57580 kB
SReclaimable:      15336 kB
SUnreclaim:        42244 kB
KernelStack:       15432 kB
PageTables:        53660 kB
NFS_Unstable:          0 kB
Bounce:                0 kB
WritebackTmp:          0 kB
CommitLimit:     2183484 kB
Committed_AS:   128422520 kB
VmallocTotal:     311296 kB
VmallocUsed:       36580 kB
VmallocChunk:     142348 kB
Time pass: 55 sec

---2015-11-19 12:49:30
MemTotal:        1745540 kB
MemFree:           50512 kB
Buffers:            4816 kB
Cached:           317004 kB
SwapCached:        55612 kB
Active:           528036 kB
Inactive:         529328 kB
Active(anon):     369192 kB
Inactive(anon):   370416 kB
Active(file):     158844 kB
Inactive(file):   158912 kB
Unevictable:        3816 kB
Mlocked:               0 kB
HighTotal:       1217536 kB
HighFree:          24096 kB
LowTotal:         528004 kB
LowFree:           26416 kB
SwapTotal:       1310716 kB
SwapFree:         738452 kB
Dirty:               568 kB
Writeback:             0 kB
AnonPages:        716920 kB
Mapped:           337340 kB
Shmem:               248 kB
Slab:              57784 kB
SReclaimable:      15352 kB
SUnreclaim:        42432 kB
KernelStack:       15416 kB
PageTables:        53752 kB
NFS_Unstable:          0 kB
Bounce:                0 kB
WritebackTmp:          0 kB
CommitLimit:     2183484 kB
Committed_AS:   128432680 kB
VmallocTotal:     311296 kB
VmallocUsed:       36648 kB
VmallocChunk:     142348 kB
Time pass: 61 sec

---2015-11-19 12:49:30
MemTotal:        1745540 kB
MemFree:           44760 kB
Buffers:            4836 kB
Cached:           318864 kB
SwapCached:        55712 kB
Active:           531556 kB
Inactive:         531524 kB
Active(anon):     372204 kB
Inactive(anon):   371236 kB
Active(file):     159352 kB
Inactive(file):   160288 kB
Unevictable:        3816 kB
Mlocked:               0 kB
HighTotal:       1217536 kB
HighFree:          20308 kB
LowTotal:         528004 kB
LowFree:           24452 kB
SwapTotal:       1310716 kB
SwapFree:         734144 kB
Dirty:               316 kB
Writeback:             0 kB
AnonPages:        720828 kB
Mapped:           340552 kB
Shmem:               248 kB
Slab:              57852 kB
SReclaimable:      15352 kB
SUnreclaim:        42500 kB
KernelStack:       15544 kB
PageTables:        53764 kB
NFS_Unstable:          0 kB
Bounce:                0 kB
WritebackTmp:          0 kB
CommitLimit:     2183484 kB
Committed_AS:   128439000 kB
VmallocTotal:     311296 kB
VmallocUsed:       36648 kB
VmallocChunk:     142348 kB
Time pass: 66 sec

---2015-11-19 12:49:30
MemTotal:        1745540 kB
MemFree:           21572 kB
Buffers:            4944 kB
Cached:           308128 kB
SwapCached:        56468 kB
Active:           526360 kB
Inactive:         526628 kB
Active(anon):     372064 kB
Inactive(anon):   372244 kB
Active(file):     154296 kB
Inactive(file):   154384 kB
Unevictable:        3816 kB
Mlocked:               0 kB
HighTotal:       1217536 kB
HighFree:            404 kB
LowTotal:         528004 kB
LowFree:           21168 kB
SwapTotal:       1310716 kB
SwapFree:         725004 kB
Dirty:               116 kB
Writeback:             0 kB
AnonPages:        721108 kB
Mapped:           341208 kB
Shmem:               248 kB
Slab:              57972 kB
SReclaimable:      15368 kB
SUnreclaim:        42604 kB
KernelStack:       15576 kB
PageTables:        53828 kB
NFS_Unstable:          0 kB
Bounce:                0 kB
WritebackTmp:          0 kB
CommitLimit:     2183484 kB
Committed_AS:   128483384 kB
VmallocTotal:     311296 kB
VmallocUsed:       36784 kB
VmallocChunk:     142348 kB
Time pass: 70 sec

---2015-11-19 12:49:30
MemTotal:        1745540 kB
MemFree:           66492 kB
Buffers:            4860 kB
Cached:           261820 kB
SwapCached:        58052 kB
Active:           486596 kB
Inactive:         468172 kB
Active(anon):     346356 kB
Inactive(anon):   346036 kB
Active(file):     140240 kB
Inactive(file):   122136 kB
Unevictable:        3816 kB
Mlocked:               0 kB
HighTotal:       1217536 kB
HighFree:          47820 kB
LowTotal:         528004 kB
LowFree:           18672 kB
SwapTotal:       1310716 kB
SwapFree:         665672 kB
Dirty:                 0 kB
Writeback:             0 kB
AnonPages:        667520 kB
Mapped:           330732 kB
Shmem:               452 kB
Slab:              58688 kB
SReclaimable:      15388 kB
SUnreclaim:        43300 kB
KernelStack:       15712 kB
PageTables:        54120 kB
NFS_Unstable:          0 kB
Bounce:                0 kB
WritebackTmp:          0 kB
CommitLimit:     2183484 kB
Committed_AS:   128488672 kB
VmallocTotal:     311296 kB
VmallocUsed:       36648 kB
VmallocChunk:     142348 kB
Time pass: 76 sec

---2015-11-19 12:49:30
MemTotal:        1745540 kB
MemFree:           63352 kB
Buffers:            4240 kB
Cached:           255428 kB
SwapCached:        58048 kB
Active:           487172 kB
Inactive:         465020 kB
Active(anon):     350736 kB
Inactive(anon):   346152 kB
Active(file):     136436 kB
Inactive(file):   118868 kB
Unevictable:        3816 kB
Mlocked:               0 kB
HighTotal:       1217536 kB
HighFree:          39360 kB
LowTotal:         528004 kB
LowFree:           23992 kB
SwapTotal:       1310716 kB
SwapFree:         665704 kB
Dirty:                40 kB
Writeback:             0 kB
AnonPages:        671984 kB
Mapped:           330712 kB
Shmem:               540 kB
Slab:              58932 kB
SReclaimable:      15388 kB
SUnreclaim:        43544 kB
KernelStack:       15720 kB
PageTables:        54052 kB
NFS_Unstable:          0 kB
Bounce:                0 kB
WritebackTmp:          0 kB
CommitLimit:     2183484 kB
Committed_AS:   128495024 kB
VmallocTotal:     311296 kB
VmallocUsed:       36784 kB
VmallocChunk:     142348 kB
Time pass: 80 sec

---2015-11-19 12:49:30
MemTotal:        1745540 kB
MemFree:           65464 kB
Buffers:            4180 kB
Cached:           254112 kB
SwapCached:        58132 kB
Active:           483872 kB
Inactive:         465816 kB
Active(anon):     347912 kB
Inactive(anon):   347908 kB
Active(file):     135960 kB
Inactive(file):   117908 kB
Unevictable:        3816 kB
Mlocked:               0 kB
HighTotal:       1217536 kB
HighFree:          39760 kB
LowTotal:         528004 kB
LowFree:           25704 kB
SwapTotal:       1310716 kB
SwapFree:         662632 kB
Dirty:                 0 kB
Writeback:             0 kB
AnonPages:        670724 kB
Mapped:           330268 kB
Shmem:               608 kB
Slab:              58856 kB
SReclaimable:      15388 kB
SUnreclaim:        43468 kB
KernelStack:       15680 kB
PageTables:        54144 kB
NFS_Unstable:          0 kB
Bounce:                0 kB
WritebackTmp:          0 kB
CommitLimit:     2183484 kB
Committed_AS:   128497056 kB
VmallocTotal:     311296 kB
VmallocUsed:       36784 kB
VmallocChunk:     142348 kB
Time pass: 84 sec

---2015-11-19 12:49:30
MemTotal:        1745540 kB
MemFree:           66808 kB
Buffers:            4192 kB
Cached:           252936 kB
SwapCached:        58220 kB
Active:           482760 kB
Inactive:         464180 kB
Active(anon):     346904 kB
Inactive(anon):   347380 kB
Active(file):     135856 kB
Inactive(file):   116800 kB
Unevictable:        3816 kB
Mlocked:               0 kB
HighTotal:       1217536 kB
HighFree:          40104 kB
LowTotal:         528004 kB
LowFree:           26704 kB
SwapTotal:       1310716 kB
SwapFree:         659000 kB
Dirty:                 0 kB
Writeback:             0 kB
AnonPages:        669024 kB
Mapped:           330212 kB
Shmem:               648 kB
Slab:              59064 kB
SReclaimable:      15388 kB
SUnreclaim:        43676 kB
KernelStack:       15728 kB
PageTables:        54072 kB
NFS_Unstable:          0 kB
Bounce:                0 kB
WritebackTmp:          0 kB
CommitLimit:     2183484 kB
Committed_AS:   128500024 kB
VmallocTotal:     311296 kB
VmallocUsed:       36716 kB
VmallocChunk:     142348 kB
Time pass: 91 sec

---2015-11-19 12:49:30
MemTotal:        1745540 kB
MemFree:           64548 kB
Buffers:            4200 kB
Cached:           252852 kB
SwapCached:        58212 kB
Active:           484224 kB
Inactive:         464096 kB
Active(anon):     348408 kB
Inactive(anon):   347324 kB
Active(file):     135816 kB
Inactive(file):   116772 kB
Unevictable:        3816 kB
Mlocked:               0 kB
HighTotal:       1217536 kB
HighFree:          38228 kB
LowTotal:         528004 kB
LowFree:           26320 kB
SwapTotal:       1310716 kB
SwapFree:         659024 kB
Dirty:                 0 kB
Writeback:             0 kB
AnonPages:        670348 kB
Mapped:           330256 kB
Shmem:               648 kB
Slab:              58892 kB
SReclaimable:      15388 kB
SUnreclaim:        43504 kB
KernelStack:       15656 kB
PageTables:        54148 kB
NFS_Unstable:          0 kB
Bounce:                0 kB
WritebackTmp:          0 kB
CommitLimit:     2183484 kB
Committed_AS:   128500120 kB
VmallocTotal:     311296 kB
VmallocUsed:       36716 kB
VmallocChunk:     142348 kB
Time pass: 95 sec

---2015-11-19 12:49:30
MemTotal:        1745540 kB
MemFree:          213872 kB
Buffers:            4168 kB
Cached:           287236 kB
SwapCached:        58164 kB
Active:           391112 kB
Inactive:         465476 kB
Active(anon):     248276 kB
Inactive(anon):   321176 kB
Active(file):     142836 kB
Inactive(file):   144300 kB
Unevictable:        3816 kB
Mlocked:               0 kB
HighTotal:       1217536 kB
HighFree:         160720 kB
LowTotal:         528004 kB
LowFree:           53152 kB
SwapTotal:       1310716 kB
SwapFree:         629848 kB
Dirty:              1300 kB
Writeback:             0 kB
AnonPages:        542864 kB
Mapped:           174516 kB
Shmem:               244 kB
Slab:              59924 kB
SReclaimable:      15388 kB
SUnreclaim:        44536 kB
KernelStack:       15256 kB
PageTables:        52224 kB
NFS_Unstable:          0 kB
Bounce:                0 kB
WritebackTmp:          0 kB
CommitLimit:     2183484 kB
Committed_AS:   126793112 kB
VmallocTotal:     311296 kB
VmallocUsed:       36468 kB
VmallocChunk:     142348 kB
Time pass: 98 sec

---2015-11-19 12:49:30
MemTotal:        1745540 kB
MemFree:          312304 kB
Buffers:            4276 kB
Cached:           287652 kB
SwapCached:        58164 kB
Active:           391668 kB
Inactive:         463800 kB
Active(anon):     248544 kB
Inactive(anon):   318920 kB
Active(file):     143124 kB
Inactive(file):   144880 kB
Unevictable:        3816 kB
Mlocked:               0 kB
HighTotal:       1217536 kB
HighFree:         238176 kB
LowTotal:         528004 kB
LowFree:           74128 kB
SwapTotal:       1310716 kB
SwapFree:         629928 kB
Dirty:               320 kB
Writeback:             0 kB
AnonPages:        541244 kB
Mapped:           174636 kB
Shmem:               108 kB
Slab:              59876 kB
SReclaimable:      15380 kB
SUnreclaim:        44496 kB
KernelStack:       14776 kB
PageTables:        52280 kB
NFS_Unstable:          0 kB
Bounce:                0 kB
WritebackTmp:          0 kB
CommitLimit:     2183484 kB
Committed_AS:   126785376 kB
VmallocTotal:     311296 kB
VmallocUsed:       35676 kB
VmallocChunk:     142348 kB
Time pass: 103 sec

---2015-11-19 12:49:30
MemTotal:        1745540 kB
MemFree:          313976 kB
Buffers:            4276 kB
Cached:           287652 kB
SwapCached:        58164 kB
Active:           391048 kB
Inactive:         462396 kB
Active(anon):     247924 kB
Inactive(anon):   317516 kB
Active(file):     143124 kB
Inactive(file):   144880 kB
Unevictable:        3816 kB
Mlocked:               0 kB
HighTotal:       1217536 kB
HighFree:         239832 kB
LowTotal:         528004 kB
LowFree:           74144 kB
SwapTotal:       1310716 kB
SwapFree:         629940 kB
Dirty:                 0 kB
Writeback:             0 kB
AnonPages:        539320 kB
Mapped:           174640 kB
Shmem:               108 kB
Slab:              59876 kB
SReclaimable:      15380 kB
SUnreclaim:        44496 kB
KernelStack:       14792 kB
PageTables:        52296 kB
NFS_Unstable:          0 kB
Bounce:                0 kB
WritebackTmp:          0 kB
CommitLimit:     2183484 kB
Committed_AS:   126785456 kB
VmallocTotal:     311296 kB
VmallocUsed:       35676 kB
VmallocChunk:     142348 kB
Time pass: 107 sec

---2015-11-19 12:49:30
MemTotal:        1745540 kB
MemFree:          316304 kB
Buffers:            4284 kB
Cached:           287652 kB
SwapCached:        58164 kB
Active:           389088 kB
Inactive:         462032 kB
Active(anon):     245964 kB
Inactive(anon):   317144 kB
Active(file):     143124 kB
Inactive(file):   144888 kB
Unevictable:        3816 kB
Mlocked:               0 kB
HighTotal:       1217536 kB
HighFree:         242160 kB
LowTotal:         528004 kB
LowFree:           74144 kB
SwapTotal:       1310716 kB
SwapFree:         629952 kB
Dirty:                44 kB
Writeback:             0 kB
AnonPages:        536960 kB
Mapped:           174640 kB
Shmem:               108 kB
Slab:              59876 kB
SReclaimable:      15380 kB
SUnreclaim:        44496 kB
KernelStack:       14792 kB
PageTables:        52296 kB
NFS_Unstable:          0 kB
Bounce:                0 kB
WritebackTmp:          0 kB
CommitLimit:     2183484 kB
Committed_AS:   126780768 kB
VmallocTotal:     311296 kB
VmallocUsed:       35676 kB
VmallocChunk:     142348 kB
Time pass: 111 sec

---2015-11-19 12:49:30
MemTotal:        1745540 kB
MemFree:          316420 kB
Buffers:            4284 kB
Cached:           287652 kB
SwapCached:        58164 kB
Active:           389228 kB
Inactive:         462044 kB
Active(anon):     246104 kB
Inactive(anon):   317156 kB
Active(file):     143124 kB
Inactive(file):   144888 kB
Unevictable:        3816 kB
Mlocked:               0 kB
HighTotal:       1217536 kB
HighFree:         242168 kB
LowTotal:         528004 kB
LowFree:           74252 kB
SwapTotal:       1310716 kB
SwapFree:         629964 kB
Dirty:                 0 kB
Writeback:             0 kB
AnonPages:        537064 kB
Mapped:           174640 kB
Shmem:               108 kB
Slab:              59876 kB
SReclaimable:      15380 kB
SUnreclaim:        44496 kB
KernelStack:       14792 kB
PageTables:        52300 kB
NFS_Unstable:          0 kB
Bounce:                0 kB
WritebackTmp:          0 kB
CommitLimit:     2183484 kB
Committed_AS:   126780848 kB
VmallocTotal:     311296 kB
VmallocUsed:       35676 kB
VmallocChunk:     142348 kB
Time pass: 114 sec

---2015-11-19 12:49:30
MemTotal:        1745540 kB
MemFree:          315892 kB
Buffers:            4284 kB
Cached:           287652 kB
SwapCached:        58164 kB
Active:           389940 kB
Inactive:         462052 kB
Active(anon):     246816 kB
Inactive(anon):   317164 kB
Active(file):     143124 kB
Inactive(file):   144888 kB
Unevictable:        3816 kB
Mlocked:               0 kB
HighTotal:       1217536 kB
HighFree:         241672 kB
LowTotal:         528004 kB
LowFree:           74220 kB
SwapTotal:       1310716 kB
SwapFree:         629972 kB
Dirty:                 0 kB
Writeback:             0 kB
AnonPages:        537856 kB
Mapped:           174640 kB
Shmem:               108 kB
Slab:              59876 kB
SReclaimable:      15380 kB
SUnreclaim:        44496 kB
KernelStack:       14792 kB
PageTables:        52300 kB
NFS_Unstable:          0 kB
Bounce:                0 kB
WritebackTmp:          0 kB
CommitLimit:     2183484 kB
Committed_AS:   126782184 kB
VmallocTotal:     311296 kB
VmallocUsed:       35676 kB
VmallocChunk:     142348 kB
Time pass: 118 sec

---2015-11-19 12:49:30
MemTotal:        1745540 kB
MemFree:          195140 kB
Buffers:            5616 kB
Cached:           300036 kB
SwapCached:        58884 kB
Active:           425992 kB
Inactive:         474624 kB
Active(anon):     280784 kB
Inactive(anon):   318236 kB
Active(file):     145208 kB
Inactive(file):   156388 kB
Unevictable:        3816 kB
Mlocked:               0 kB
HighTotal:       1217536 kB
HighFree:         129076 kB
LowTotal:         528004 kB
LowFree:           66064 kB
SwapTotal:       1310716 kB
SwapFree:         630364 kB
Dirty:              1656 kB
Writeback:             0 kB
AnonPages:        572024 kB
Mapped:           251504 kB
Shmem:               240 kB
Slab:              59988 kB
SReclaimable:      15380 kB
SUnreclaim:        44608 kB
KernelStack:       15296 kB
PageTables:        53364 kB
NFS_Unstable:          0 kB
Bounce:                0 kB
WritebackTmp:          0 kB
CommitLimit:     2183484 kB
Committed_AS:   128387684 kB
VmallocTotal:     311296 kB
VmallocUsed:       36212 kB
VmallocChunk:     142348 kB
Time pass: 122 sec

---2015-11-19 12:49:30
MemTotal:        1745540 kB
MemFree:          112232 kB
Buffers:            5624 kB
Cached:           302824 kB
SwapCached:        58952 kB
Active:           454340 kB
Inactive:         473784 kB
Active(anon):     305724 kB
Inactive(anon):   317944 kB
Active(file):     148616 kB
Inactive(file):   155840 kB
Unevictable:        3816 kB
Mlocked:               0 kB
HighTotal:       1217536 kB
HighFree:          47200 kB
LowTotal:         528004 kB
LowFree:           65032 kB
SwapTotal:       1310716 kB
SwapFree:         630616 kB
Dirty:              3044 kB
Writeback:             0 kB
AnonPages:        596588 kB
Mapped:           297688 kB
Shmem:               244 kB
Slab:              60104 kB
SReclaimable:      15364 kB
SUnreclaim:        44740 kB
KernelStack:       15432 kB
PageTables:        53560 kB
NFS_Unstable:          0 kB
Bounce:                0 kB
WritebackTmp:          0 kB
CommitLimit:     2183484 kB
Committed_AS:   128408444 kB
VmallocTotal:     311296 kB
VmallocUsed:       36532 kB
VmallocChunk:     142348 kB
Time pass: 127 sec

---2015-11-19 12:49:30
MemTotal:        1745540 kB
MemFree:          107068 kB
Buffers:            5644 kB
Cached:           302908 kB
SwapCached:        58952 kB
Active:           447716 kB
Inactive:         473684 kB
Active(anon):     298988 kB
Inactive(anon):   317920 kB
Active(file):     148728 kB
Inactive(file):   155764 kB
Unevictable:        3816 kB
Mlocked:               0 kB
HighTotal:       1217536 kB
HighFree:          53208 kB
LowTotal:         528004 kB
LowFree:           53860 kB
SwapTotal:       1310716 kB
SwapFree:         630620 kB
Dirty:               564 kB
Writeback:             0 kB
AnonPages:        589944 kB
Mapped:           313548 kB
Shmem:               244 kB
Slab:              60144 kB
SReclaimable:      15372 kB
SUnreclaim:        44772 kB
KernelStack:       15336 kB
PageTables:        53656 kB
NFS_Unstable:          0 kB
Bounce:                0 kB
WritebackTmp:          0 kB
CommitLimit:     2183484 kB
Committed_AS:   128408724 kB
VmallocTotal:     311296 kB
VmallocUsed:       36520 kB
VmallocChunk:     142348 kB
Time pass: 131 sec

---2015-11-19 12:49:30
MemTotal:        1745540 kB
MemFree:           95376 kB
Buffers:            5652 kB
Cached:           303088 kB
SwapCached:        58952 kB
Active:           448384 kB
Inactive:         473584 kB
Active(anon):     299364 kB
Inactive(anon):   317924 kB
Active(file):     149020 kB
Inactive(file):   155660 kB
Unevictable:        3816 kB
Mlocked:               0 kB
HighTotal:       1217536 kB
HighFree:          52748 kB
LowTotal:         528004 kB
LowFree:           42628 kB
SwapTotal:       1310716 kB
SwapFree:         630624 kB
Dirty:                12 kB
Writeback:             0 kB
AnonPages:        590204 kB
Mapped:           323692 kB
Shmem:               244 kB
Slab:              60024 kB
SReclaimable:      15352 kB
SUnreclaim:        44672 kB
KernelStack:       15336 kB
PageTables:        53684 kB
NFS_Unstable:          0 kB
Bounce:                0 kB
WritebackTmp:          0 kB
CommitLimit:     2183484 kB
Committed_AS:   128408876 kB
VmallocTotal:     311296 kB
VmallocUsed:       36492 kB
VmallocChunk:     142348 kB
Time pass: 134 sec

---2015-11-19 12:49:30
MemTotal:        1745540 kB
MemFree:           83280 kB
Buffers:            5632 kB
Cached:           299060 kB
SwapCached:        58840 kB
Active:           457132 kB
Inactive:         463408 kB
Active(anon):     307212 kB
Inactive(anon):   312696 kB
Active(file):     149920 kB
Inactive(file):   150712 kB
Unevictable:        3816 kB
Mlocked:               0 kB
HighTotal:       1217536 kB
HighFree:          50444 kB
LowTotal:         528004 kB
LowFree:           32836 kB
SwapTotal:       1310716 kB
SwapFree:         626156 kB
Dirty:               536 kB
Writeback:             0 kB
AnonPages:        592808 kB
Mapped:           330412 kB
Shmem:               244 kB
Slab:              59988 kB
SReclaimable:      15352 kB
SUnreclaim:        44636 kB
KernelStack:       15400 kB
PageTables:        53692 kB
NFS_Unstable:          0 kB
Bounce:                0 kB
WritebackTmp:          0 kB
CommitLimit:     2183484 kB
Committed_AS:   128417788 kB
VmallocTotal:     311296 kB
VmallocUsed:       36656 kB
VmallocChunk:     142348 kB
Time pass: 138 sec

---2015-11-19 12:49:30
MemTotal:        1745540 kB
MemFree:           84008 kB
Buffers:            5640 kB
Cached:           299060 kB
SwapCached:        58840 kB
Active:           457744 kB
Inactive:         463416 kB
Active(anon):     307824 kB
Inactive(anon):   312696 kB
Active(file):     149920 kB
Inactive(file):   150720 kB
Unevictable:        3816 kB
Mlocked:               0 kB
HighTotal:       1217536 kB
HighFree:          50380 kB
LowTotal:         528004 kB
LowFree:           33628 kB
SwapTotal:       1310716 kB
SwapFree:         626168 kB
Dirty:               576 kB
Writeback:             0 kB
AnonPages:        593400 kB
Mapped:           330404 kB
Shmem:               244 kB
Slab:              59992 kB
SReclaimable:      15352 kB
SUnreclaim:        44640 kB
KernelStack:       15352 kB
PageTables:        53736 kB
NFS_Unstable:          0 kB
Bounce:                0 kB
WritebackTmp:          0 kB
CommitLimit:     2183484 kB
Committed_AS:   128417204 kB
VmallocTotal:     311296 kB
VmallocUsed:       36588 kB
VmallocChunk:     142348 kB
Time pass: 142 sec

---2015-11-19 12:49:30
MemTotal:        1745540 kB
MemFree:           83700 kB
Buffers:            5640 kB
Cached:           299192 kB
SwapCached:        58840 kB
Active:           457656 kB
Inactive:         463552 kB
Active(anon):     307736 kB
Inactive(anon):   312700 kB
Active(file):     149920 kB
Inactive(file):   150852 kB
Unevictable:        3816 kB
Mlocked:               0 kB
HighTotal:       1217536 kB
HighFree:          50132 kB
LowTotal:         528004 kB
LowFree:           33568 kB
SwapTotal:       1310716 kB
SwapFree:         626176 kB
Dirty:                 0 kB
Writeback:             0 kB
AnonPages:        593272 kB
Mapped:           330424 kB
Shmem:               244 kB
Slab:              60076 kB
SReclaimable:      15352 kB
SUnreclaim:        44724 kB
KernelStack:       15352 kB
PageTables:        53736 kB
NFS_Unstable:          0 kB
Bounce:                0 kB
WritebackTmp:          0 kB
CommitLimit:     2183484 kB
Committed_AS:   128417284 kB
VmallocTotal:     311296 kB
VmallocUsed:       36588 kB
VmallocChunk:     142348 kB
Time pass: 145 sec

---2015-11-19 12:49:30
MemTotal:        1745540 kB
MemFree:           76036 kB
Buffers:            5648 kB
Cached:           299416 kB
SwapCached:        58868 kB
Active:           464536 kB
Inactive:         462928 kB
Active(anon):     313716 kB
Inactive(anon):   312736 kB
Active(file):     150820 kB
Inactive(file):   150192 kB
Unevictable:        3816 kB
Mlocked:               0 kB
HighTotal:       1217536 kB
HighFree:          42752 kB
LowTotal:         528004 kB
LowFree:           33284 kB
SwapTotal:       1310716 kB
SwapFree:         626200 kB
Dirty:                28 kB
Writeback:             0 kB
AnonPages:        599584 kB
Mapped:           333176 kB
Shmem:               244 kB
Slab:              59884 kB
SReclaimable:      15352 kB
SUnreclaim:        44532 kB
KernelStack:       15632 kB
PageTables:        53800 kB
NFS_Unstable:          0 kB
Bounce:                0 kB
WritebackTmp:          0 kB
CommitLimit:     2183484 kB
Committed_AS:   128447980 kB
VmallocTotal:     311296 kB
VmallocUsed:       36792 kB
VmallocChunk:     142348 kB
Time pass: 149 sec

---2015-11-19 12:49:30
MemTotal:        1745540 kB
MemFree:           67932 kB
Buffers:            5672 kB
Cached:           299744 kB
SwapCached:        58864 kB
Active:           473112 kB
Inactive:         463312 kB
Active(anon):     322380 kB
Inactive(anon):   313184 kB
Active(file):     150732 kB
Inactive(file):   150128 kB
Unevictable:        3816 kB
Mlocked:               0 kB
HighTotal:       1217536 kB
HighFree:          34116 kB
LowTotal:         528004 kB
LowFree:           33816 kB
SwapTotal:       1310716 kB
SwapFree:         626252 kB
Dirty:                 4 kB
Writeback:             0 kB
AnonPages:        608248 kB
Mapped:           334328 kB
Shmem:               660 kB
Slab:              59704 kB
SReclaimable:      15352 kB
SUnreclaim:        44352 kB
KernelStack:       15704 kB
PageTables:        53888 kB
NFS_Unstable:          0 kB
Bounce:                0 kB
WritebackTmp:          0 kB
CommitLimit:     2183484 kB
Committed_AS:   128460232 kB
VmallocTotal:     311296 kB
VmallocUsed:       36792 kB
VmallocChunk:     142348 kB
Time pass: 153 sec

---2015-11-19 12:49:30
MemTotal:        1745540 kB
MemFree:           68328 kB
Buffers:            5568 kB
Cached:           299424 kB
SwapCached:        58864 kB
Active:           473072 kB
Inactive:         463164 kB
Active(anon):     322480 kB
Inactive(anon):   313488 kB
Active(file):     150592 kB
Inactive(file):   149676 kB
Unevictable:        3816 kB
Mlocked:               0 kB
HighTotal:       1217536 kB
HighFree:          33668 kB
LowTotal:         528004 kB
LowFree:           34660 kB
SwapTotal:       1310716 kB
SwapFree:         626256 kB
Dirty:                40 kB
Writeback:             0 kB
AnonPages:        608412 kB
Mapped:           334332 kB
Shmem:               936 kB
Slab:              59584 kB
SReclaimable:      15352 kB
SUnreclaim:        44232 kB
KernelStack:       15696 kB
PageTables:        54008 kB
NFS_Unstable:          0 kB
Bounce:                0 kB
WritebackTmp:          0 kB
CommitLimit:     2183484 kB
Committed_AS:   128461320 kB
VmallocTotal:     311296 kB
VmallocUsed:       36792 kB
VmallocChunk:     142348 kB
Time pass: 157 sec

---2015-11-19 12:49:30
MemTotal:        1745540 kB
MemFree:           67444 kB
Buffers:            5480 kB
Cached:           299236 kB
SwapCached:        58864 kB
Active:           473672 kB
Inactive:         463068 kB
Active(anon):     323280 kB
Inactive(anon):   313604 kB
Active(file):     150392 kB
Inactive(file):   149464 kB
Unevictable:        3816 kB
Mlocked:               0 kB
HighTotal:       1217536 kB
HighFree:          32964 kB
LowTotal:         528004 kB
LowFree:           34480 kB
SwapTotal:       1310716 kB
SwapFree:         626272 kB
Dirty:                 0 kB
Writeback:             0 kB
AnonPages:        609040 kB
Mapped:           334412 kB
Shmem:              1040 kB
Slab:              59484 kB
SReclaimable:      15352 kB
SUnreclaim:        44132 kB
KernelStack:       15696 kB
PageTables:        53896 kB
NFS_Unstable:          0 kB
Bounce:                0 kB
WritebackTmp:          0 kB
CommitLimit:     2183484 kB
Committed_AS:   128461568 kB
VmallocTotal:     311296 kB
VmallocUsed:       36792 kB
VmallocChunk:     142348 kB
Time pass: 162 sec

---2015-11-19 12:49:30
MemTotal:        1745540 kB
MemFree:           81896 kB
Buffers:            5132 kB
Cached:           287708 kB
SwapCached:        59052 kB
Active:           451832 kB
Inactive:         455452 kB
Active(anon):     307000 kB
Inactive(anon):   311504 kB
Active(file):     144832 kB
Inactive(file):   143948 kB
Unevictable:        3816 kB
Mlocked:               0 kB
HighTotal:       1217536 kB
HighFree:          47364 kB
LowTotal:         528004 kB
LowFree:           34532 kB
SwapTotal:       1310716 kB
SwapFree:         613268 kB
Dirty:                12 kB
Writeback:             0 kB
AnonPages:        591248 kB
Mapped:           328776 kB
Shmem:               244 kB
Slab:              60260 kB
SReclaimable:      15352 kB
SUnreclaim:        44908 kB
KernelStack:       15424 kB
PageTables:        53784 kB
NFS_Unstable:          0 kB
Bounce:                0 kB
WritebackTmp:          0 kB
CommitLimit:     2183484 kB
Committed_AS:   128429908 kB
VmallocTotal:     311296 kB
VmallocUsed:       36588 kB
VmallocChunk:     142348 kB
Time pass: 170 sec

---2015-11-19 12:49:30
MemTotal:        1745540 kB
MemFree:           51540 kB
Buffers:            6932 kB
Cached:           300428 kB
SwapCached:        59084 kB
Active:           466900 kB
Inactive:         468872 kB
Active(anon):     321184 kB
Inactive(anon):   311672 kB
Active(file):     145716 kB
Inactive(file):   157200 kB
Unevictable:        3816 kB
Mlocked:               0 kB
HighTotal:       1217536 kB
HighFree:          19004 kB
LowTotal:         528004 kB
LowFree:           32536 kB
SwapTotal:       1310716 kB
SwapFree:         613552 kB
Dirty:                 0 kB
Writeback:             0 kB
AnonPages:        605728 kB
Mapped:           334452 kB
Shmem:               244 kB
Slab:              60320 kB
SReclaimable:      15368 kB
SUnreclaim:        44952 kB
KernelStack:       15832 kB
PageTables:        54420 kB
NFS_Unstable:          0 kB
Bounce:                0 kB
WritebackTmp:          0 kB
CommitLimit:     2183484 kB
Committed_AS:   129968952 kB
VmallocTotal:     311296 kB
VmallocUsed:       36724 kB
VmallocChunk:     142348 kB
Time pass: 175 sec

---2015-11-19 12:49:30
MemTotal:        1745540 kB
MemFree:           55380 kB
Buffers:            6756 kB
Cached:           300168 kB
SwapCached:        59116 kB
Active:           463112 kB
Inactive:         469624 kB
Active(anon):     316944 kB
Inactive(anon):   312928 kB
Active(file):     146168 kB
Inactive(file):   156696 kB
Unevictable:        3816 kB
Mlocked:               0 kB
HighTotal:       1217536 kB
HighFree:          23664 kB
LowTotal:         528004 kB
LowFree:           31716 kB
SwapTotal:       1310716 kB
SwapFree:         614008 kB
Dirty:                84 kB
Writeback:             0 kB
AnonPages:        602452 kB
Mapped:           328044 kB
Shmem:               244 kB
Slab:              60360 kB
SReclaimable:      15396 kB
SUnreclaim:        44964 kB
KernelStack:       15456 kB
PageTables:        53820 kB
NFS_Unstable:          0 kB
Bounce:                0 kB
WritebackTmp:          0 kB
CommitLimit:     2183484 kB
Committed_AS:   128437420 kB
VmallocTotal:     311296 kB
VmallocUsed:       36724 kB
VmallocChunk:     142348 kB
Time pass: 178 sec

---2015-11-19 12:49:30
MemTotal:        1745540 kB
MemFree:           51492 kB
Buffers:            6748 kB
Cached:           300200 kB
SwapCached:        59116 kB
Active:           465944 kB
Inactive:         470176 kB
Active(anon):     319800 kB
Inactive(anon):   313608 kB
Active(file):     146144 kB
Inactive(file):   156568 kB
Unevictable:        3816 kB
Mlocked:               0 kB
HighTotal:       1217536 kB
HighFree:          19916 kB
LowTotal:         528004 kB
LowFree:           31576 kB
SwapTotal:       1310716 kB
SwapFree:         615036 kB
Dirty:                48 kB
Writeback:             0 kB
AnonPages:        606140 kB
Mapped:           328088 kB
Shmem:               420 kB
Slab:              60156 kB
SReclaimable:      15396 kB
SUnreclaim:        44760 kB
KernelStack:       15664 kB
PageTables:        53988 kB
NFS_Unstable:          0 kB
Bounce:                0 kB
WritebackTmp:          0 kB
CommitLimit:     2183484 kB
Committed_AS:   128469408 kB
VmallocTotal:     311296 kB
VmallocUsed:       36724 kB
VmallocChunk:     142348 kB
Time pass: 182 sec

---2015-11-19 12:49:30
MemTotal:        1745540 kB
MemFree:           53572 kB
Buffers:            6748 kB
Cached:           299920 kB
SwapCached:        59112 kB
Active:           467344 kB
Inactive:         470176 kB
Active(anon):     321484 kB
Inactive(anon):   313612 kB
Active(file):     145860 kB
Inactive(file):   156564 kB
Unevictable:        3816 kB
Mlocked:               0 kB
HighTotal:       1217536 kB
HighFree:          20504 kB
LowTotal:         528004 kB
LowFree:           33068 kB
SwapTotal:       1310716 kB
SwapFree:         615040 kB
Dirty:                56 kB
Writeback:             0 kB
AnonPages:        607780 kB
Mapped:           326120 kB
Shmem:               424 kB
Slab:              60112 kB
SReclaimable:      15396 kB
SUnreclaim:        44716 kB
KernelStack:       15664 kB
PageTables:        53988 kB
NFS_Unstable:          0 kB
Bounce:                0 kB
WritebackTmp:          0 kB
CommitLimit:     2183484 kB
Committed_AS:   128470456 kB
VmallocTotal:     311296 kB
VmallocUsed:       36792 kB
VmallocChunk:     142348 kB
Time pass: 186 sec

---2015-11-19 12:49:30
MemTotal:        1745540 kB
MemFree:           52656 kB
Buffers:            6628 kB
Cached:           299688 kB
SwapCached:        59112 kB
Active:           467840 kB
Inactive:         470184 kB
Active(anon):     322340 kB
Inactive(anon):   313660 kB
Active(file):     145500 kB
Inactive(file):   156524 kB
Unevictable:        3816 kB
Mlocked:               0 kB
HighTotal:       1217536 kB
HighFree:          19760 kB
LowTotal:         528004 kB
LowFree:           32896 kB
SwapTotal:       1310716 kB
SwapFree:         615040 kB
Dirty:                36 kB
Writeback:             0 kB
AnonPages:        608492 kB
Mapped:           325780 kB
Shmem:               476 kB
Slab:              60080 kB
SReclaimable:      15396 kB
SUnreclaim:        44684 kB
KernelStack:       15680 kB
PageTables:        53964 kB
NFS_Unstable:          0 kB
Bounce:                0 kB
WritebackTmp:          0 kB
CommitLimit:     2183484 kB
Committed_AS:   128471648 kB
VmallocTotal:     311296 kB
VmallocUsed:       36724 kB
VmallocChunk:     142348 kB
Time pass: 189 sec

---2015-11-19 12:49:30
MemTotal:        1745540 kB
MemFree:           53024 kB
Buffers:            6564 kB
Cached:           298960 kB
SwapCached:        59112 kB
Active:           468812 kB
Inactive:         469752 kB
Active(anon):     323644 kB
Inactive(anon):   313688 kB
Active(file):     145168 kB
Inactive(file):   156064 kB
Unevictable:        3816 kB
Mlocked:               0 kB
HighTotal:       1217536 kB
HighFree:          18868 kB
LowTotal:         528004 kB
LowFree:           34156 kB
SwapTotal:       1310716 kB
SwapFree:         615064 kB
Dirty:                40 kB
Writeback:             0 kB
AnonPages:        609812 kB
Mapped:           325956 kB
Shmem:               484 kB
Slab:              60092 kB
SReclaimable:      15396 kB
SUnreclaim:        44696 kB
KernelStack:       15672 kB
PageTables:        53964 kB
NFS_Unstable:          0 kB
Bounce:                0 kB
WritebackTmp:          0 kB
CommitLimit:     2183484 kB
Committed_AS:   129560144 kB
VmallocTotal:     311296 kB
VmallocUsed:       36792 kB
VmallocChunk:     142348 kB
Time pass: 193 sec

---2015-11-19 12:49:30
MemTotal:        1745540 kB
MemFree:           51824 kB
Buffers:            6396 kB
Cached:           296604 kB
SwapCached:        59112 kB
Active:           474140 kB
Inactive:         464564 kB
Active(anon):     323216 kB
Inactive(anon):   316788 kB
Active(file):     150924 kB
Inactive(file):   147776 kB
Unevictable:        3816 kB
Mlocked:               0 kB
HighTotal:       1217536 kB
HighFree:          18556 kB
LowTotal:         528004 kB
LowFree:           33268 kB
SwapTotal:       1310716 kB
SwapFree:         615132 kB
Dirty:                36 kB
Writeback:             0 kB
AnonPages:        612484 kB
Mapped:           324356 kB
Shmem:               484 kB
Slab:              60172 kB
SReclaimable:      15404 kB
SUnreclaim:        44768 kB
KernelStack:       15680 kB
PageTables:        53964 kB
NFS_Unstable:          0 kB
Bounce:                0 kB
WritebackTmp:          0 kB
CommitLimit:     2183484 kB
Committed_AS:   128474856 kB
VmallocTotal:     311296 kB
VmallocUsed:       36792 kB
VmallocChunk:     142348 kB
Time pass: 197 sec

---2015-11-19 12:49:30
MemTotal:        1745540 kB
MemFree:           48676 kB
Buffers:            6420 kB
Cached:           296604 kB
SwapCached:        59112 kB
Active:           477080 kB
Inactive:         464528 kB
Active(anon):     326092 kB
Inactive(anon):   316792 kB
Active(file):     150988 kB
Inactive(file):   147736 kB
Unevictable:        3816 kB
Mlocked:               0 kB
HighTotal:       1217536 kB
HighFree:          18616 kB
LowTotal:         528004 kB
LowFree:           30060 kB
SwapTotal:       1310716 kB
SwapFree:         615136 kB
Dirty:                76 kB
Writeback:             0 kB
AnonPages:        615368 kB
Mapped:           324356 kB
Shmem:               484 kB
Slab:              60172 kB
SReclaimable:      15404 kB
SUnreclaim:        44768 kB
KernelStack:       15680 kB
PageTables:        53980 kB
NFS_Unstable:          0 kB
Bounce:                0 kB
WritebackTmp:          0 kB
CommitLimit:     2183484 kB
Committed_AS:   128481160 kB
VmallocTotal:     311296 kB
VmallocUsed:       36792 kB
VmallocChunk:     142348 kB
Time pass: 200 sec

---2015-11-19 12:49:30
MemTotal:        1745540 kB
MemFree:           47868 kB
Buffers:            6408 kB
Cached:           296512 kB
SwapCached:        59108 kB
Active:           477804 kB
Inactive:         464532 kB
Active(anon):     326944 kB
Inactive(anon):   316804 kB
Active(file):     150860 kB
Inactive(file):   147728 kB
Unevictable:        3816 kB
Mlocked:               0 kB
HighTotal:       1217536 kB
HighFree:          19492 kB
LowTotal:         528004 kB
LowFree:           28376 kB
SwapTotal:       1310716 kB
SwapFree:         615144 kB
Dirty:                76 kB
Writeback:             0 kB
AnonPages:        616340 kB
Mapped:           324080 kB
Shmem:               496 kB
Slab:              60188 kB
SReclaimable:      15404 kB
SUnreclaim:        44784 kB
KernelStack:       15736 kB
PageTables:        53988 kB
NFS_Unstable:          0 kB
Bounce:                0 kB
WritebackTmp:          0 kB
CommitLimit:     2183484 kB
Committed_AS:   128486440 kB
VmallocTotal:     311296 kB
VmallocUsed:       36792 kB
VmallocChunk:     142348 kB
Time pass: 204 sec

---2015-11-19 12:49:30
MemTotal:        1745540 kB
MemFree:           50604 kB
Buffers:            6316 kB
Cached:           296324 kB
SwapCached:        59108 kB
Active:           476852 kB
Inactive:         464812 kB
Active(anon):     326128 kB
Inactive(anon):   317204 kB
Active(file):     150724 kB
Inactive(file):   147608 kB
Unevictable:        3816 kB
Mlocked:               0 kB
HighTotal:       1217536 kB
HighFree:          20812 kB
LowTotal:         528004 kB
LowFree:           29792 kB
SwapTotal:       1310716 kB
SwapFree:         615156 kB
Dirty:                 0 kB
Writeback:             0 kB
AnonPages:        615896 kB
Mapped:           324264 kB
Shmem:               504 kB
Slab:              60160 kB
SReclaimable:      15404 kB
SUnreclaim:        44756 kB
KernelStack:       15704 kB
PageTables:        54016 kB
NFS_Unstable:          0 kB
Bounce:                0 kB
WritebackTmp:          0 kB
CommitLimit:     2183484 kB
Committed_AS:   128486496 kB
VmallocTotal:     311296 kB
VmallocUsed:       36792 kB
VmallocChunk:     142348 kB
Time pass: 208 sec

---2015-11-19 12:49:30
MemTotal:        1745540 kB
MemFree:           47624 kB
Buffers:            6284 kB
Cached:           296100 kB
SwapCached:        59104 kB
Active:           478700 kB
Inactive:         464788 kB
Active(anon):     328224 kB
Inactive(anon):   317220 kB
Active(file):     150476 kB
Inactive(file):   147568 kB
Unevictable:        3816 kB
Mlocked:               0 kB
HighTotal:       1217536 kB
HighFree:          18624 kB
LowTotal:         528004 kB
LowFree:           29000 kB
SwapTotal:       1310716 kB
SwapFree:         615176 kB
Dirty:                40 kB
Writeback:             0 kB
AnonPages:        618044 kB
Mapped:           324064 kB
Shmem:               504 kB
Slab:              60164 kB
SReclaimable:      15404 kB
SUnreclaim:        44760 kB
KernelStack:       15696 kB
PageTables:        54016 kB
NFS_Unstable:          0 kB
Bounce:                0 kB
WritebackTmp:          0 kB
CommitLimit:     2183484 kB
Committed_AS:   128486664 kB
VmallocTotal:     311296 kB
VmallocUsed:       36792 kB
VmallocChunk:     142348 kB
Time pass: 212 sec

---2015-11-19 12:49:30
MemTotal:        1745540 kB
MemFree:           67992 kB
Buffers:            6148 kB
Cached:           284528 kB
SwapCached:        59652 kB
Active:           458208 kB
Inactive:         463560 kB
Active(anon):     314960 kB
Inactive(anon):   320472 kB
Active(file):     143248 kB
Inactive(file):   143088 kB
Unevictable:        3816 kB
Mlocked:               0 kB
HighTotal:       1217536 kB
HighFree:          39432 kB
LowTotal:         528004 kB
LowFree:           28560 kB
SwapTotal:       1310716 kB
SwapFree:         601028 kB
Dirty:               112 kB
Writeback:             0 kB
AnonPages:        607068 kB
Mapped:           314308 kB
Shmem:               520 kB
Slab:              60292 kB
SReclaimable:      15404 kB
SUnreclaim:        44888 kB
KernelStack:       15712 kB
PageTables:        54076 kB
NFS_Unstable:          0 kB
Bounce:                0 kB
WritebackTmp:          0 kB
CommitLimit:     2183484 kB
Committed_AS:   128488824 kB
VmallocTotal:     311296 kB
VmallocUsed:       36792 kB
VmallocChunk:     142348 kB
Time pass: 215 sec

---2015-11-19 12:49:30
MemTotal:        1745540 kB
MemFree:           70760 kB
Buffers:            6128 kB
Cached:           284288 kB
SwapCached:        59652 kB
Active:           458712 kB
Inactive:         463188 kB
Active(anon):     315468 kB
Inactive(anon):   320476 kB
Active(file):     143244 kB
Inactive(file):   142712 kB
Unevictable:        3816 kB
Mlocked:               0 kB
HighTotal:       1217536 kB
HighFree:          39408 kB
LowTotal:         528004 kB
LowFree:           31352 kB
SwapTotal:       1310716 kB
SwapFree:         601080 kB
Dirty:                 0 kB
Writeback:             0 kB
AnonPages:        607496 kB
Mapped:           314296 kB
Shmem:               536 kB
Slab:              60328 kB
SReclaimable:      15428 kB
SUnreclaim:        44900 kB
KernelStack:       15712 kB
PageTables:        54080 kB
NFS_Unstable:          0 kB
Bounce:                0 kB
WritebackTmp:          0 kB
CommitLimit:     2183484 kB
Committed_AS:   128491016 kB
VmallocTotal:     311296 kB
VmallocUsed:       36792 kB
VmallocChunk:     142348 kB
Time pass: 219 sec

---2015-11-19 12:49:30
MemTotal:        1745540 kB
MemFree:           67948 kB
Buffers:            6152 kB
Cached:           284220 kB
SwapCached:        59652 kB
Active:           459520 kB
Inactive:         463244 kB
Active(anon):     316232 kB
Inactive(anon):   320512 kB
Active(file):     143288 kB
Inactive(file):   142732 kB
Unevictable:        3816 kB
Mlocked:               0 kB
HighTotal:       1217536 kB
HighFree:          38056 kB
LowTotal:         528004 kB
LowFree:           29892 kB
SwapTotal:       1310716 kB
SwapFree:         601128 kB
Dirty:                52 kB
Writeback:             0 kB
AnonPages:        608352 kB
Mapped:           314076 kB
Shmem:               536 kB
Slab:              60356 kB
SReclaimable:      15428 kB
SUnreclaim:        44928 kB
KernelStack:       15720 kB
PageTables:        54084 kB
NFS_Unstable:          0 kB
Bounce:                0 kB
WritebackTmp:          0 kB
CommitLimit:     2183484 kB
Committed_AS:   128493192 kB
VmallocTotal:     311296 kB
VmallocUsed:       36792 kB
VmallocChunk:     142348 kB
Time pass: 223 sec

---2015-11-19 12:49:30
MemTotal:        1745540 kB
MemFree:           66444 kB
Buffers:            6152 kB
Cached:           284224 kB
SwapCached:        59652 kB
Active:           461136 kB
Inactive:         463244 kB
Active(anon):     317848 kB
Inactive(anon):   320512 kB
Active(file):     143288 kB
Inactive(file):   142732 kB
Unevictable:        3816 kB
Mlocked:               0 kB
HighTotal:       1217536 kB
HighFree:          36172 kB
LowTotal:         528004 kB
LowFree:           30272 kB
SwapTotal:       1310716 kB
SwapFree:         601128 kB
Dirty:                 0 kB
Writeback:             0 kB
AnonPages:        610012 kB
Mapped:           314268 kB
Shmem:               540 kB
Slab:              60304 kB
SReclaimable:      15428 kB
SUnreclaim:        44876 kB
KernelStack:       15696 kB
PageTables:        54088 kB
NFS_Unstable:          0 kB
Bounce:                0 kB
WritebackTmp:          0 kB
CommitLimit:     2183484 kB
Committed_AS:   128495328 kB
VmallocTotal:     311296 kB
VmallocUsed:       36792 kB
VmallocChunk:     142348 kB
Time pass: 227 sec

---2015-11-19 12:49:30
MemTotal:        1745540 kB
MemFree:           66776 kB
Buffers:            6176 kB
Cached:           284260 kB
SwapCached:        59648 kB
Active:           461376 kB
Inactive:         463296 kB
Active(anon):     318088 kB
Inactive(anon):   320540 kB
Active(file):     143288 kB
Inactive(file):   142756 kB
Unevictable:        3816 kB
Mlocked:               0 kB
HighTotal:       1217536 kB
HighFree:          35192 kB
LowTotal:         528004 kB
LowFree:           31584 kB
SwapTotal:       1310716 kB
SwapFree:         601188 kB
Dirty:                40 kB
Writeback:             8 kB
AnonPages:        610332 kB
Mapped:           314252 kB
Shmem:               576 kB
Slab:              60252 kB
SReclaimable:      15428 kB
SUnreclaim:        44824 kB
KernelStack:       15640 kB
PageTables:        54080 kB
NFS_Unstable:          0 kB
Bounce:                0 kB
WritebackTmp:          0 kB
CommitLimit:     2183484 kB
Committed_AS:   128497480 kB
VmallocTotal:     311296 kB
VmallocUsed:       36792 kB
VmallocChunk:     142348 kB
Time pass: 231 sec

---2015-11-19 12:49:30
MemTotal:        1745540 kB
MemFree:           63120 kB
Buffers:            6140 kB
Cached:           289840 kB
SwapCached:        59648 kB
Active:           461052 kB
Inactive:         468724 kB
Active(anon):     317588 kB
Inactive(anon):   321252 kB
Active(file):     143464 kB
Inactive(file):   147472 kB
Unevictable:        3816 kB
Mlocked:               0 kB
HighTotal:       1217536 kB
HighFree:          27936 kB
LowTotal:         528004 kB
LowFree:           35184 kB
SwapTotal:       1310716 kB
SwapFree:         601268 kB
Dirty:                36 kB
Writeback:             0 kB
AnonPages:        609692 kB
Mapped:           314944 kB
Shmem:              1272 kB
Slab:              60292 kB
SReclaimable:      15428 kB
SUnreclaim:        44864 kB
KernelStack:       15584 kB
PageTables:        54108 kB
NFS_Unstable:          0 kB
Bounce:                0 kB
WritebackTmp:          0 kB
CommitLimit:     2183484 kB
Committed_AS:   128495568 kB
VmallocTotal:     311296 kB
VmallocUsed:       36792 kB
VmallocChunk:     142348 kB
Time pass: 235 sec

---2015-11-19 12:49:30
MemTotal:        1745540 kB
MemFree:           65908 kB
Buffers:            6148 kB
Cached:           289884 kB
SwapCached:        59644 kB
Active:           455328 kB
Inactive:         468736 kB
Active(anon):     311864 kB
Inactive(anon):   321256 kB
Active(file):     143464 kB
Inactive(file):   147480 kB
Unevictable:        3816 kB
Mlocked:               0 kB
HighTotal:       1217536 kB
HighFree:          31168 kB
LowTotal:         528004 kB
LowFree:           34740 kB
SwapTotal:       1310716 kB
SwapFree:         601292 kB
Dirty:                64 kB
Writeback:             0 kB
AnonPages:        604120 kB
Mapped:           314872 kB
Shmem:              1272 kB
Slab:              60292 kB
SReclaimable:      15428 kB
SUnreclaim:        44864 kB
KernelStack:       15528 kB
PageTables:        54108 kB
NFS_Unstable:          0 kB
Bounce:                0 kB
WritebackTmp:          0 kB
CommitLimit:     2183484 kB
Committed_AS:   128495680 kB
VmallocTotal:     311296 kB
VmallocUsed:       36792 kB
VmallocChunk:     142348 kB
Time pass: 238 sec

---2015-11-19 12:49:30
MemTotal:        1745540 kB
MemFree:           64576 kB
Buffers:            6172 kB
Cached:           289884 kB
SwapCached:        59632 kB
Active:           457996 kB
Inactive:         468920 kB
Active(anon):     314516 kB
Inactive(anon):   321432 kB
Active(file):     143480 kB
Inactive(file):   147488 kB
Unevictable:        3816 kB
Mlocked:               0 kB
HighTotal:       1217536 kB
HighFree:          29568 kB
LowTotal:         528004 kB
LowFree:           35008 kB
SwapTotal:       1310716 kB
SwapFree:         601544 kB
Dirty:                 0 kB
Writeback:             0 kB
AnonPages:        606948 kB
Mapped:           315000 kB
Shmem:              1272 kB
Slab:              60280 kB
SReclaimable:      15428 kB
SUnreclaim:        44852 kB
KernelStack:       15520 kB
PageTables:        54112 kB
NFS_Unstable:          0 kB
Bounce:                0 kB
WritebackTmp:          0 kB
CommitLimit:     2183484 kB
Committed_AS:   128498232 kB
VmallocTotal:     311296 kB
VmallocUsed:       36724 kB
VmallocChunk:     142348 kB
Time pass: 242 sec

---2015-11-19 12:49:30
MemTotal:        1745540 kB
MemFree:           64508 kB
Buffers:            6188 kB
Cached:           289884 kB
SwapCached:        59632 kB
Active:           458152 kB
Inactive:         468916 kB
Active(anon):     314664 kB
Inactive(anon):   321420 kB
Active(file):     143488 kB
Inactive(file):   147496 kB
Unevictable:        3816 kB
Mlocked:               0 kB
HighTotal:       1217536 kB
HighFree:          29340 kB
LowTotal:         528004 kB
LowFree:           35168 kB
SwapTotal:       1310716 kB
SwapFree:         601572 kB
Dirty:                56 kB
Writeback:             0 kB
AnonPages:        607084 kB
Mapped:           314880 kB
Shmem:              1272 kB
Slab:              60272 kB
SReclaimable:      15428 kB
SUnreclaim:        44844 kB
KernelStack:       15512 kB
PageTables:        54112 kB
NFS_Unstable:          0 kB
Bounce:                0 kB
WritebackTmp:          0 kB
CommitLimit:     2183484 kB
Committed_AS:   128498200 kB
VmallocTotal:     311296 kB
VmallocUsed:       36724 kB
VmallocChunk:     142348 kB
Time pass: 246 sec

---2015-11-19 12:49:30
MemTotal:        1745540 kB
MemFree:           63772 kB
Buffers:            6196 kB
Cached:           289884 kB
SwapCached:        59628 kB
Active:           458628 kB
Inactive:         468912 kB
Active(anon):     315140 kB
Inactive(anon):   321408 kB
Active(file):     143488 kB
Inactive(file):   147504 kB
Unevictable:        3816 kB
Mlocked:               0 kB
HighTotal:       1217536 kB
HighFree:          28752 kB
LowTotal:         528004 kB
LowFree:           35020 kB
SwapTotal:       1310716 kB
SwapFree:         601584 kB
Dirty:                28 kB
Writeback:             0 kB
AnonPages:        607476 kB
Mapped:           315004 kB
Shmem:              1272 kB
Slab:              60288 kB
SReclaimable:      15428 kB
SUnreclaim:        44860 kB
KernelStack:       15512 kB
PageTables:        54112 kB
NFS_Unstable:          0 kB
Bounce:                0 kB
WritebackTmp:          0 kB
CommitLimit:     2183484 kB
Committed_AS:   128498440 kB
VmallocTotal:     311296 kB
VmallocUsed:       36724 kB
VmallocChunk:     142348 kB
Time pass: 250 sec

---2015-11-19 12:49:30
MemTotal:        1745540 kB
MemFree:           61968 kB
Buffers:            6212 kB
Cached:           289932 kB
SwapCached:        59604 kB
Active:           460760 kB
Inactive:         468664 kB
Active(anon):     317272 kB
Inactive(anon):   321096 kB
Active(file):     143488 kB
Inactive(file):   147568 kB
Unevictable:        3816 kB
Mlocked:               0 kB
HighTotal:       1217536 kB
HighFree:          26996 kB
LowTotal:         528004 kB
LowFree:           34972 kB
SwapTotal:       1310716 kB
SwapFree:         601748 kB
Dirty:               104 kB
Writeback:             0 kB
AnonPages:        609272 kB
Mapped:           314900 kB
Shmem:              1272 kB
Slab:              60312 kB
SReclaimable:      15428 kB
SUnreclaim:        44884 kB
KernelStack:       15512 kB
PageTables:        54116 kB
NFS_Unstable:          0 kB
Bounce:                0 kB
WritebackTmp:          0 kB
CommitLimit:     2183484 kB
Committed_AS:   128498552 kB
VmallocTotal:     311296 kB
VmallocUsed:       36724 kB
VmallocChunk:     142348 kB
Time pass: 254 sec

---2015-11-19 12:49:30
MemTotal:        1745540 kB
MemFree:           62200 kB
Buffers:            6220 kB
Cached:           289936 kB
SwapCached:        59600 kB
Active:           460364 kB
Inactive:         468636 kB
Active(anon):     316876 kB
Inactive(anon):   321060 kB
Active(file):     143488 kB
Inactive(file):   147576 kB
Unevictable:        3816 kB
Mlocked:               0 kB
HighTotal:       1217536 kB
HighFree:          27036 kB
LowTotal:         528004 kB
LowFree:           35164 kB
SwapTotal:       1310716 kB
SwapFree:         601964 kB
Dirty:                68 kB
Writeback:             0 kB
AnonPages:        608808 kB
Mapped:           315024 kB
Shmem:              1272 kB
Slab:              60284 kB
SReclaimable:      15428 kB
SUnreclaim:        44856 kB
KernelStack:       15512 kB
PageTables:        54116 kB
NFS_Unstable:          0 kB
Bounce:                0 kB
WritebackTmp:          0 kB
CommitLimit:     2183484 kB
Committed_AS:   128498632 kB
VmallocTotal:     311296 kB
VmallocUsed:       36724 kB
VmallocChunk:     142348 kB
Time pass: 258 sec

---2015-11-19 12:49:30
MemTotal:        1745540 kB
MemFree:           63228 kB
Buffers:            6368 kB
Cached:           290184 kB
SwapCached:        59600 kB
Active:           460508 kB
Inactive:         469016 kB
Active(anon):     317008 kB
Inactive(anon):   321056 kB
Active(file):     143500 kB
Inactive(file):   147960 kB
Unevictable:        3816 kB
Mlocked:               0 kB
HighTotal:       1217536 kB
HighFree:          27116 kB
LowTotal:         528004 kB
LowFree:           36112 kB
SwapTotal:       1310716 kB
SwapFree:         602048 kB
Dirty:                84 kB
Writeback:             0 kB
AnonPages:        609024 kB
Mapped:           314996 kB
Shmem:              1296 kB
Slab:              60296 kB
SReclaimable:      15428 kB
SUnreclaim:        44868 kB
KernelStack:       15552 kB
PageTables:        54116 kB
NFS_Unstable:          0 kB
Bounce:                0 kB
WritebackTmp:          0 kB
CommitLimit:     2183484 kB
Committed_AS:   128498792 kB
VmallocTotal:     311296 kB
VmallocUsed:       36792 kB
VmallocChunk:     142348 kB
Time pass: 261 sec

---2015-11-19 12:49:30
MemTotal:        1745540 kB
MemFree:           61528 kB
Buffers:            6384 kB
Cached:           290204 kB
SwapCached:        59600 kB
Active:           460952 kB
Inactive:         469044 kB
Active(anon):     317452 kB
Inactive(anon):   321068 kB
Active(file):     143500 kB
Inactive(file):   147976 kB
Unevictable:        3816 kB
Mlocked:               0 kB
HighTotal:       1217536 kB
HighFree:          26600 kB
LowTotal:         528004 kB
LowFree:           34928 kB
SwapTotal:       1310716 kB
SwapFree:         602060 kB
Dirty:                44 kB
Writeback:             0 kB
AnonPages:        609484 kB
Mapped:           314832 kB
Shmem:              1296 kB
Slab:              60284 kB
SReclaimable:      15428 kB
SUnreclaim:        44856 kB
KernelStack:       15552 kB
PageTables:        54116 kB
NFS_Unstable:          0 kB
Bounce:                0 kB
WritebackTmp:          0 kB
CommitLimit:     2183484 kB
Committed_AS:   128498872 kB
VmallocTotal:     311296 kB
VmallocUsed:       36792 kB
VmallocChunk:     142348 kB
Time pass: 265 sec

---2015-11-19 12:49:30
MemTotal:        1745540 kB
MemFree:           61036 kB
Buffers:            6392 kB
Cached:           289952 kB
SwapCached:        59600 kB
Active:           462188 kB
Inactive:         468804 kB
Active(anon):     318688 kB
Inactive(anon):   321072 kB
Active(file):     143500 kB
Inactive(file):   147732 kB
Unevictable:        3816 kB
Mlocked:               0 kB
HighTotal:       1217536 kB
HighFree:          25456 kB
LowTotal:         528004 kB
LowFree:           35580 kB
SwapTotal:       1310716 kB
SwapFree:         602100 kB
Dirty:                 0 kB
Writeback:             0 kB
AnonPages:        610768 kB
Mapped:           314580 kB
Shmem:              1296 kB
Slab:              60272 kB
SReclaimable:      15428 kB
SUnreclaim:        44844 kB
KernelStack:       15560 kB
PageTables:        54116 kB
NFS_Unstable:          0 kB
Bounce:                0 kB
WritebackTmp:          0 kB
CommitLimit:     2183484 kB
Committed_AS:   128498964 kB
VmallocTotal:     311296 kB
VmallocUsed:       36792 kB
VmallocChunk:     142348 kB
Time pass: 268 sec

---2015-11-19 12:49:30
MemTotal:        1745540 kB
MemFree:           73936 kB
Buffers:            6396 kB
Cached:           283964 kB
SwapCached:        59620 kB
Active:           454540 kB
Inactive:         463676 kB
Active(anon):     311980 kB
Inactive(anon):   321168 kB
Active(file):     142560 kB
Inactive(file):   142508 kB
Unevictable:        3816 kB
Mlocked:               0 kB
HighTotal:       1217536 kB
HighFree:          40772 kB
LowTotal:         528004 kB
LowFree:           33164 kB
SwapTotal:       1310716 kB
SwapFree:         593328 kB
Dirty:               120 kB
Writeback:             0 kB
AnonPages:        603460 kB
Mapped:           309788 kB
Shmem:              1476 kB
Slab:              60352 kB
SReclaimable:      15428 kB
SUnreclaim:        44924 kB
KernelStack:       15576 kB
PageTables:        54124 kB
NFS_Unstable:          0 kB
Bounce:                0 kB
WritebackTmp:          0 kB
CommitLimit:     2183484 kB
Committed_AS:   128501312 kB
VmallocTotal:     311296 kB
VmallocUsed:       36792 kB
VmallocChunk:     142348 kB
Time pass: 272 sec

---2015-11-19 12:49:30
MemTotal:        1745540 kB
MemFree:           75008 kB
Buffers:            6396 kB
Cached:           283964 kB
SwapCached:        59620 kB
Active:           454256 kB
Inactive:         463564 kB
Active(anon):     311696 kB
Inactive(anon):   321056 kB
Active(file):     142560 kB
Inactive(file):   142508 kB
Unevictable:        3816 kB
Mlocked:               0 kB
HighTotal:       1217536 kB
HighFree:          41264 kB
LowTotal:         528004 kB
LowFree:           33744 kB
SwapTotal:       1310716 kB
SwapFree:         593332 kB
Dirty:                 0 kB
Writeback:             0 kB
AnonPages:        603084 kB
Mapped:           309728 kB
Shmem:              1476 kB
Slab:              60336 kB
SReclaimable:      15428 kB
SUnreclaim:        44908 kB
KernelStack:       15528 kB
PageTables:        54124 kB
NFS_Unstable:          0 kB
Bounce:                0 kB
WritebackTmp:          0 kB
CommitLimit:     2183484 kB
Committed_AS:   128501368 kB
VmallocTotal:     311296 kB
VmallocUsed:       36724 kB
VmallocChunk:     142348 kB
Time pass: 276 sec

---2015-11-19 12:49:30
MemTotal:        1745540 kB
MemFree:           75104 kB
Buffers:            6420 kB
Cached:           283948 kB
SwapCached:        59620 kB
Active:           453984 kB
Inactive:         463584 kB
Active(anon):     311424 kB
Inactive(anon):   321068 kB
Active(file):     142560 kB
Inactive(file):   142516 kB
Unevictable:        3816 kB
Mlocked:               0 kB
HighTotal:       1217536 kB
HighFree:          40776 kB
LowTotal:         528004 kB
LowFree:           34328 kB
SwapTotal:       1310716 kB
SwapFree:         593356 kB
Dirty:                44 kB
Writeback:             0 kB
AnonPages:        602736 kB
Mapped:           309788 kB
Shmem:              1476 kB
Slab:              60388 kB
SReclaimable:      15428 kB
SUnreclaim:        44960 kB
KernelStack:       15576 kB
PageTables:        54124 kB
NFS_Unstable:          0 kB
Bounce:                0 kB
WritebackTmp:          0 kB
CommitLimit:     2183484 kB
Committed_AS:   128501568 kB
VmallocTotal:     311296 kB
VmallocUsed:       36792 kB
VmallocChunk:     142348 kB
Time pass: 280 sec

---2015-11-19 12:49:30
MemTotal:        1745540 kB
MemFree:           76264 kB
Buffers:            6420 kB
Cached:           283700 kB
SwapCached:        59620 kB
Active:           453904 kB
Inactive:         463360 kB
Active(anon):     311340 kB
Inactive(anon):   321096 kB
Active(file):     142564 kB
Inactive(file):   142264 kB
Unevictable:        3816 kB
Mlocked:               0 kB
HighTotal:       1217536 kB
HighFree:          40868 kB
LowTotal:         528004 kB
LowFree:           35396 kB
SwapTotal:       1310716 kB
SwapFree:         593384 kB
Dirty:                 0 kB
Writeback:             0 kB
AnonPages:        602800 kB
Mapped:           309776 kB
Shmem:              1476 kB
Slab:              60340 kB
SReclaimable:      15428 kB
SUnreclaim:        44912 kB
KernelStack:       15568 kB
PageTables:        54124 kB
NFS_Unstable:          0 kB
Bounce:                0 kB
WritebackTmp:          0 kB
CommitLimit:     2183484 kB
Committed_AS:   128501612 kB
VmallocTotal:     311296 kB
VmallocUsed:       36792 kB
VmallocChunk:     142348 kB
Time pass: 284 sec

---2015-11-19 12:49:30
MemTotal:        1745540 kB
MemFree:           75960 kB
Buffers:            6444 kB
Cached:           283700 kB
SwapCached:        59620 kB
Active:           453272 kB
Inactive:         463376 kB
Active(anon):     310708 kB
Inactive(anon):   321088 kB
Active(file):     142564 kB
Inactive(file):   142288 kB
Unevictable:        3816 kB
Mlocked:               0 kB
HighTotal:       1217536 kB
HighFree:          41264 kB
LowTotal:         528004 kB
LowFree:           34696 kB
SwapTotal:       1310716 kB
SwapFree:         593388 kB
Dirty:                40 kB
Writeback:             0 kB
AnonPages:        602364 kB
Mapped:           309776 kB
Shmem:              1476 kB
Slab:              60320 kB
SReclaimable:      15428 kB
SUnreclaim:        44892 kB
KernelStack:       15568 kB
PageTables:        54124 kB
NFS_Unstable:          0 kB
Bounce:                0 kB
WritebackTmp:          0 kB
CommitLimit:     2183484 kB
Committed_AS:   128501672 kB
VmallocTotal:     311296 kB
VmallocUsed:       36792 kB
VmallocChunk:     142348 kB
Time pass: 288 sec

---2015-11-19 12:49:30
MemTotal:        1745540 kB
MemFree:           64072 kB
Buffers:            6444 kB
Cached:           296092 kB
SwapCached:        59316 kB
Active:           455584 kB
Inactive:         472644 kB
Active(anon):     313000 kB
Inactive(anon):   317984 kB
Active(file):     142584 kB
Inactive(file):   154660 kB
Unevictable:        3816 kB
Mlocked:               0 kB
HighTotal:       1217536 kB
HighFree:          26620 kB
LowTotal:         528004 kB
LowFree:           37452 kB
SwapTotal:       1310716 kB
SwapFree:         598864 kB
Dirty:                36 kB
Writeback:             0 kB
AnonPages:        601692 kB
Mapped:           309900 kB
Shmem:              1476 kB
Slab:              60316 kB
SReclaimable:      15428 kB
SUnreclaim:        44888 kB
KernelStack:       15504 kB
PageTables:        53560 kB
NFS_Unstable:          0 kB
Bounce:                0 kB
WritebackTmp:          0 kB
CommitLimit:     2183484 kB
Committed_AS:   127004052 kB
VmallocTotal:     311296 kB
VmallocUsed:       35772 kB
VmallocChunk:     142348 kB
Time pass: 292 sec

---2015-11-19 12:49:30
MemTotal:        1745540 kB
MemFree:           65092 kB
Buffers:            6452 kB
Cached:           296112 kB
SwapCached:        59316 kB
Active:           455324 kB
Inactive:         472652 kB
Active(anon):     312740 kB
Inactive(anon):   317984 kB
Active(file):     142584 kB
Inactive(file):   154668 kB
Unevictable:        3816 kB
Mlocked:               0 kB
HighTotal:       1217536 kB
HighFree:          26960 kB
LowTotal:         528004 kB
LowFree:           38132 kB
SwapTotal:       1310716 kB
SwapFree:         598872 kB
Dirty:                 0 kB
Writeback:             0 kB
AnonPages:        601220 kB
Mapped:           310104 kB
Shmem:              1496 kB
Slab:              60336 kB
SReclaimable:      15428 kB
SUnreclaim:        44908 kB
KernelStack:       15488 kB
PageTables:        53564 kB
NFS_Unstable:          0 kB
Bounce:                0 kB
WritebackTmp:          0 kB
CommitLimit:     2183484 kB
Committed_AS:   127004096 kB
VmallocTotal:     311296 kB
VmallocUsed:       35772 kB
VmallocChunk:     142348 kB
Time pass: 296 sec

---2015-11-19 12:49:30
MemTotal:        1745540 kB
MemFree:           64344 kB
Buffers:            6476 kB
Cached:           296260 kB
SwapCached:        59316 kB
Active:           455944 kB
Inactive:         472836 kB
Active(anon):     313356 kB
Inactive(anon):   318008 kB
Active(file):     142588 kB
Inactive(file):   154828 kB
Unevictable:        3816 kB
Mlocked:               0 kB
HighTotal:       1217536 kB
HighFree:          26732 kB
LowTotal:         528004 kB
LowFree:           37612 kB
SwapTotal:       1310716 kB
SwapFree:         598888 kB
Dirty:                76 kB
Writeback:             0 kB
AnonPages:        601696 kB
Mapped:           309924 kB
Shmem:              1496 kB
Slab:              60376 kB
SReclaimable:      15428 kB
SUnreclaim:        44948 kB
KernelStack:       15504 kB
PageTables:        53568 kB
NFS_Unstable:          0 kB
Bounce:                0 kB
WritebackTmp:          0 kB
CommitLimit:     2183484 kB
Committed_AS:   127004296 kB
VmallocTotal:     311296 kB
VmallocUsed:       35772 kB
VmallocChunk:     142348 kB
Time pass: 299 sec

---2015-11-19 12:49:30
MemTotal:        1745540 kB
MemFree:           63544 kB
Buffers:            6484 kB
Cached:           296124 kB
SwapCached:        59316 kB
Active:           457332 kB
Inactive:         472720 kB
Active(anon):     314744 kB
Inactive(anon):   318012 kB
Active(file):     142588 kB
Inactive(file):   154708 kB
Unevictable:        3816 kB
Mlocked:               0 kB
HighTotal:       1217536 kB
HighFree:          25844 kB
LowTotal:         528004 kB
LowFree:           37700 kB
SwapTotal:       1310716 kB
SwapFree:         598896 kB
Dirty:                76 kB
Writeback:             0 kB
AnonPages:        603588 kB
Mapped:           310056 kB
Shmem:              1496 kB
Slab:              60312 kB
SReclaimable:      15428 kB
SUnreclaim:        44884 kB
KernelStack:       15488 kB
PageTables:        53552 kB
NFS_Unstable:          0 kB
Bounce:                0 kB
WritebackTmp:          0 kB
CommitLimit:     2183484 kB
Committed_AS:   127004448 kB
VmallocTotal:     311296 kB
VmallocUsed:       35772 kB
VmallocChunk:     142348 kB
Time pass: 303 sec

---2015-11-19 12:49:30
MemTotal:        1745540 kB
MemFree:           63616 kB
Buffers:            6492 kB
Cached:           296132 kB
SwapCached:        59316 kB
Active:           456880 kB
Inactive:         472736 kB
Active(anon):     314292 kB
Inactive(anon):   318012 kB
Active(file):     142588 kB
Inactive(file):   154724 kB
Unevictable:        3816 kB
Mlocked:               0 kB
HighTotal:       1217536 kB
HighFree:          25696 kB
LowTotal:         528004 kB
LowFree:           37920 kB
SwapTotal:       1310716 kB
SwapFree:         598900 kB
Dirty:                 0 kB
Writeback:             0 kB
AnonPages:        603112 kB
Mapped:           310108 kB
Shmem:              1496 kB
Slab:              60312 kB
SReclaimable:      15428 kB
SUnreclaim:        44884 kB
KernelStack:       15496 kB
PageTables:        53568 kB
NFS_Unstable:          0 kB
Bounce:                0 kB
WritebackTmp:          0 kB
CommitLimit:     2183484 kB
Committed_AS:   127004464 kB
VmallocTotal:     311296 kB
VmallocUsed:       35772 kB
VmallocChunk:     142348 kB
Time pass: 307 sec

---2015-11-19 12:49:30
MemTotal:        1745540 kB
MemFree:           61416 kB
Buffers:            6500 kB
Cached:           296132 kB
SwapCached:        59312 kB
Active:           458652 kB
Inactive:         472772 kB
Active(anon):     316060 kB
Inactive(anon):   318044 kB
Active(file):     142592 kB
Inactive(file):   154728 kB
Unevictable:        3816 kB
Mlocked:               0 kB
HighTotal:       1217536 kB
HighFree:          24184 kB
LowTotal:         528004 kB
LowFree:           37232 kB
SwapTotal:       1310716 kB
SwapFree:         598968 kB
Dirty:                60 kB
Writeback:             0 kB
AnonPages:        604860 kB
Mapped:           310108 kB
Shmem:              1496 kB
Slab:              60328 kB
SReclaimable:      15428 kB
SUnreclaim:        44900 kB
KernelStack:       15504 kB
PageTables:        53568 kB
NFS_Unstable:          0 kB
Bounce:                0 kB
WritebackTmp:          0 kB
CommitLimit:     2183484 kB
Committed_AS:   127004752 kB
VmallocTotal:     311296 kB
VmallocUsed:       35772 kB
VmallocChunk:     142348 kB
Time pass: 311 sec

---2015-11-19 12:49:30
MemTotal:        1745540 kB
MemFree:           61612 kB
Buffers:            6512 kB
Cached:           295884 kB
SwapCached:        59312 kB
Active:           458704 kB
Inactive:         472716 kB
Active(anon):     316288 kB
Inactive(anon):   318048 kB
Active(file):     142416 kB
Inactive(file):   154668 kB
Unevictable:        3816 kB
Mlocked:               0 kB
HighTotal:       1217536 kB
HighFree:          23800 kB
LowTotal:         528004 kB
LowFree:           37812 kB
SwapTotal:       1310716 kB
SwapFree:         599020 kB
Dirty:                 0 kB
Writeback:             0 kB
AnonPages:        605152 kB
Mapped:           309936 kB
Shmem:              1496 kB
Slab:              60356 kB
SReclaimable:      15428 kB
SUnreclaim:        44928 kB
KernelStack:       15504 kB
PageTables:        53568 kB
NFS_Unstable:          0 kB
Bounce:                0 kB
WritebackTmp:          0 kB
CommitLimit:     2183484 kB
Committed_AS:   127004776 kB
VmallocTotal:     311296 kB
VmallocUsed:       35772 kB
VmallocChunk:     142348 kB
Time pass: 315 sec

---2015-11-19 12:49:30
MemTotal:        1745540 kB
MemFree:           62392 kB
Buffers:            6520 kB
Cached:           295884 kB
SwapCached:        59304 kB
Active:           458572 kB
Inactive:         472652 kB
Active(anon):     316156 kB
Inactive(anon):   317976 kB
Active(file):     142416 kB
Inactive(file):   154676 kB
Unevictable:        3816 kB
Mlocked:               0 kB
HighTotal:       1217536 kB
HighFree:          24472 kB
LowTotal:         528004 kB
LowFree:           37920 kB
SwapTotal:       1310716 kB
SwapFree:         599128 kB
Dirty:                44 kB
Writeback:             0 kB
AnonPages:        604764 kB
Mapped:           309876 kB
Shmem:              1496 kB
Slab:              60356 kB
SReclaimable:      15428 kB
SUnreclaim:        44928 kB
KernelStack:       15448 kB
PageTables:        53568 kB
NFS_Unstable:          0 kB
Bounce:                0 kB
WritebackTmp:          0 kB
CommitLimit:     2183484 kB
Committed_AS:   127004864 kB
VmallocTotal:     311296 kB
VmallocUsed:       35704 kB
VmallocChunk:     142348 kB
Time pass: 318 sec

---2015-11-19 12:49:30
MemTotal:        1745540 kB
MemFree:           61520 kB
Buffers:            6524 kB
Cached:           295644 kB
SwapCached:        59304 kB
Active:           459896 kB
Inactive:         472268 kB
Active(anon):     317704 kB
Inactive(anon):   317604 kB
Active(file):     142192 kB
Inactive(file):   154664 kB
Unevictable:        3816 kB
Mlocked:               0 kB
HighTotal:       1217536 kB
HighFree:          23216 kB
LowTotal:         528004 kB
LowFree:           38304 kB
SwapTotal:       1310716 kB
SwapFree:         599176 kB
Dirty:                44 kB
Writeback:             0 kB
AnonPages:        605976 kB
Mapped:           309652 kB
Shmem:              1496 kB
Slab:              60396 kB
SReclaimable:      15428 kB
SUnreclaim:        44968 kB
KernelStack:       15432 kB
PageTables:        53552 kB
NFS_Unstable:          0 kB
Bounce:                0 kB
WritebackTmp:          0 kB
CommitLimit:     2183484 kB
Committed_AS:   127005096 kB
VmallocTotal:     311296 kB
VmallocUsed:       35704 kB
VmallocChunk:     142348 kB
Time pass: 322 sec

---2015-11-19 12:49:30
MemTotal:        1745540 kB
MemFree:           59712 kB
Buffers:            6532 kB
Cached:           295644 kB
SwapCached:        59312 kB
Active:           461636 kB
Inactive:         472304 kB
Active(anon):     319444 kB
Inactive(anon):   317632 kB
Active(file):     142192 kB
Inactive(file):   154672 kB
Unevictable:        3816 kB
Mlocked:               0 kB
HighTotal:       1217536 kB
HighFree:          21648 kB
LowTotal:         528004 kB
LowFree:           38064 kB
SwapTotal:       1310716 kB
SwapFree:         599196 kB
Dirty:                32 kB
Writeback:             0 kB
AnonPages:        607760 kB
Mapped:           309704 kB
Shmem:              1496 kB
Slab:              60388 kB
SReclaimable:      15428 kB
SUnreclaim:        44960 kB
KernelStack:       15448 kB
PageTables:        53568 kB
NFS_Unstable:          0 kB
Bounce:                0 kB
WritebackTmp:          0 kB
CommitLimit:     2183484 kB
Committed_AS:   127005152 kB
VmallocTotal:     311296 kB
VmallocUsed:       35704 kB
VmallocChunk:     142348 kB
Time pass: 326 sec

---2015-11-19 12:49:30
MemTotal:        1745540 kB
MemFree:           55240 kB
Buffers:            6548 kB
Cached:           295644 kB
SwapCached:        59312 kB
Active:           463804 kB
Inactive:         472380 kB
Active(anon):     321612 kB
Inactive(anon):   317692 kB
Active(file):     142192 kB
Inactive(file):   154688 kB
Unevictable:        3816 kB
Mlocked:               0 kB
HighTotal:       1217536 kB
HighFree:          19688 kB
LowTotal:         528004 kB
LowFree:           35552 kB
SwapTotal:       1310716 kB
SwapFree:         599256 kB
Dirty:                36 kB
Writeback:             0 kB
AnonPages:        609948 kB
Mapped:           309580 kB
Shmem:              1496 kB
Slab:              60352 kB
SReclaimable:      15428 kB
SUnreclaim:        44924 kB
KernelStack:       15496 kB
PageTables:        53576 kB
NFS_Unstable:          0 kB
Bounce:                0 kB
WritebackTmp:          0 kB
CommitLimit:     2183484 kB
Committed_AS:   127007364 kB
VmallocTotal:     311296 kB
VmallocUsed:       35772 kB
VmallocChunk:     142348 kB
Time pass: 329 sec

---2015-11-19 12:49:30
MemTotal:        1745540 kB
MemFree:           55704 kB
Buffers:            6556 kB
Cached:           295644 kB
SwapCached:        59312 kB
Active:           464324 kB
Inactive:         472400 kB
Active(anon):     322132 kB
Inactive(anon):   317704 kB
Active(file):     142192 kB
Inactive(file):   154696 kB
Unevictable:        3816 kB
Mlocked:               0 kB
HighTotal:       1217536 kB
HighFree:          19956 kB
LowTotal:         528004 kB
LowFree:           35748 kB
SwapTotal:       1310716 kB
SwapFree:         599268 kB
Dirty:               104 kB
Writeback:             0 kB
AnonPages:        610432 kB
Mapped:           309580 kB
Shmem:              1496 kB
Slab:              60364 kB
SReclaimable:      15428 kB
SUnreclaim:        44936 kB
KernelStack:       15496 kB
PageTables:        53576 kB
NFS_Unstable:          0 kB
Bounce:                0 kB
WritebackTmp:          0 kB
CommitLimit:     2183484 kB
Committed_AS:   127007496 kB
VmallocTotal:     311296 kB
VmallocUsed:       35772 kB
VmallocChunk:     142348 kB
Time pass: 333 sec

---2015-11-19 12:49:30
MemTotal:        1745540 kB
MemFree:           57228 kB
Buffers:            6560 kB
Cached:           295404 kB
SwapCached:        59272 kB
Active:           463768 kB
Inactive:         472356 kB
Active(anon):     321744 kB
Inactive(anon):   317728 kB
Active(file):     142024 kB
Inactive(file):   154628 kB
Unevictable:        3816 kB
Mlocked:               0 kB
HighTotal:       1217536 kB
HighFree:          19912 kB
LowTotal:         528004 kB
LowFree:           37316 kB
SwapTotal:       1310716 kB
SwapFree:         599356 kB
Dirty:                52 kB
Writeback:             0 kB
AnonPages:        610296 kB
Mapped:           309716 kB
Shmem:              1496 kB
Slab:              60364 kB
SReclaimable:      15428 kB
SUnreclaim:        44936 kB
KernelStack:       15496 kB
PageTables:        53576 kB
NFS_Unstable:          0 kB
Bounce:                0 kB
WritebackTmp:          0 kB
CommitLimit:     2183484 kB
Committed_AS:   127007592 kB
VmallocTotal:     311296 kB
VmallocUsed:       35772 kB
VmallocChunk:     142348 kB
Time pass: 337 sec

---2015-11-19 12:49:30
MemTotal:        1745540 kB
MemFree:           56584 kB
Buffers:            6568 kB
Cached:           295404 kB
SwapCached:        59272 kB
Active:           463956 kB
Inactive:         472392 kB
Active(anon):     321932 kB
Inactive(anon):   317756 kB
Active(file):     142024 kB
Inactive(file):   154636 kB
Unevictable:        3816 kB
Mlocked:               0 kB
HighTotal:       1217536 kB
HighFree:          19676 kB
LowTotal:         528004 kB
LowFree:           36908 kB
SwapTotal:       1310716 kB
SwapFree:         599568 kB
Dirty:                28 kB
Writeback:             0 kB
AnonPages:        610444 kB
Mapped:           309532 kB
Shmem:              1496 kB
Slab:              60360 kB
SReclaimable:      15428 kB
SUnreclaim:        44932 kB
KernelStack:       15496 kB
PageTables:        53576 kB
NFS_Unstable:          0 kB
Bounce:                0 kB
WritebackTmp:          0 kB
CommitLimit:     2183484 kB
Committed_AS:   127007728 kB
VmallocTotal:     311296 kB
VmallocUsed:       35772 kB
VmallocChunk:     142348 kB
Time pass: 340 sec

---2015-11-19 12:49:30
MemTotal:        1745540 kB
MemFree:           56476 kB
Buffers:            6584 kB
Cached:           295916 kB
SwapCached:        59264 kB
Active:           463372 kB
Inactive:         472996 kB
Active(anon):     321348 kB
Inactive(anon):   317832 kB
Active(file):     142024 kB
Inactive(file):   155164 kB
Unevictable:        3816 kB
Mlocked:               0 kB
HighTotal:       1217536 kB
HighFree:          19608 kB
LowTotal:         528004 kB
LowFree:           36868 kB
SwapTotal:       1310716 kB
SwapFree:         599688 kB
Dirty:                40 kB
Writeback:             0 kB
AnonPages:        609868 kB
Mapped:           309564 kB
Shmem:              1496 kB
Slab:              60300 kB
SReclaimable:      15428 kB
SUnreclaim:        44872 kB
KernelStack:       15472 kB
PageTables:        53572 kB
NFS_Unstable:          0 kB
Bounce:                0 kB
WritebackTmp:          0 kB
CommitLimit:     2183484 kB
Committed_AS:   127001144 kB
VmallocTotal:     311296 kB
VmallocUsed:       35772 kB
VmallocChunk:     142348 kB
Time pass: 344 sec

---2015-11-19 12:49:30
MemTotal:        1745540 kB
MemFree:           68812 kB
Buffers:            6676 kB
Cached:           283508 kB
SwapCached:        59012 kB
Active:           459984 kB
Inactive:         462880 kB
Active(anon):     317608 kB
Inactive(anon):   320416 kB
Active(file):     142376 kB
Inactive(file):   142464 kB
Unevictable:        3816 kB
Mlocked:               0 kB
HighTotal:       1217536 kB
HighFree:          35944 kB
LowTotal:         528004 kB
LowFree:           32868 kB
SwapTotal:       1310716 kB
SwapFree:         592492 kB
Dirty:                28 kB
Writeback:             0 kB
AnonPages:        606404 kB
Mapped:           300916 kB
Shmem:              1496 kB
Slab:              60352 kB
SReclaimable:      15428 kB
SUnreclaim:        44924 kB
KernelStack:       15720 kB
PageTables:        54140 kB
NFS_Unstable:          0 kB
Bounce:                0 kB
WritebackTmp:          0 kB
CommitLimit:     2183484 kB
Committed_AS:   128535156 kB
VmallocTotal:     311296 kB
VmallocUsed:       35772 kB
VmallocChunk:     142348 kB
Time pass: 348 sec

---2015-11-19 12:49:30
MemTotal:        1745540 kB
MemFree:           79912 kB
Buffers:            6676 kB
Cached:           283672 kB
SwapCached:        59008 kB
Active:           450532 kB
Inactive:         462912 kB
Active(anon):     308188 kB
Inactive(anon):   320220 kB
Active(file):     142344 kB
Inactive(file):   142692 kB
Unevictable:        3816 kB
Mlocked:               0 kB
HighTotal:       1217536 kB
HighFree:          42260 kB
LowTotal:         528004 kB
LowFree:           37652 kB
SwapTotal:       1310716 kB
SwapFree:         592696 kB
Dirty:                 0 kB
Writeback:             0 kB
AnonPages:        598588 kB
Mapped:           300868 kB
Shmem:              1496 kB
Slab:              60304 kB
SReclaimable:      15428 kB
SUnreclaim:        44876 kB
KernelStack:       15480 kB
PageTables:        53572 kB
NFS_Unstable:          0 kB
Bounce:                0 kB
WritebackTmp:          0 kB
CommitLimit:     2183484 kB
Committed_AS:   127001360 kB
VmallocTotal:     311296 kB
VmallocUsed:       35772 kB
VmallocChunk:     142348 kB
Time pass: 352 sec

---2015-11-19 12:49:30
MemTotal:        1745540 kB
MemFree:           80612 kB
Buffers:            6700 kB
Cached:           283672 kB
SwapCached:        59008 kB
Active:           450204 kB
Inactive:         462936 kB
Active(anon):     307860 kB
Inactive(anon):   320220 kB
Active(file):     142344 kB
Inactive(file):   142716 kB
Unevictable:        3816 kB
Mlocked:               0 kB
HighTotal:       1217536 kB
HighFree:          43144 kB
LowTotal:         528004 kB
LowFree:           37468 kB
SwapTotal:       1310716 kB
SwapFree:         592700 kB
Dirty:                52 kB
