---2015-12-05 14:07:44
MemTotal:        2905316 kB
MemFree:           93420 kB
Buffers:           25560 kB
Cached:          1407804 kB
SwapCached:            0 kB
Active:          1283900 kB
Inactive:        1033604 kB
Active(anon):     779312 kB
Inactive(anon):   147336 kB
Active(file):     504588 kB
Inactive(file):   886268 kB
Unevictable:        7800 kB
Mlocked:               0 kB
SwapTotal:        720184 kB
SwapFree:         720184 kB
Dirty:                12 kB
Writeback:             0 kB
AnonPages:        892004 kB
Mapped:           501480 kB
Shmem:             34700 kB
Slab:             118820 kB
SReclaimable:      35912 kB
SUnreclaim:        82908 kB
KernelStack:       31088 kB
PageTables:        56820 kB
NFS_Unstable:          0 kB
Bounce:                0 kB
WritebackTmp:          0 kB
CommitLimit:     2172840 kB
Committed_AS:   94355768 kB
VmallocTotal:   251658176 kB
VmallocUsed:      137564 kB
VmallocChunk:   251420204 kB
Time pass: 3 sec

---2015-12-05 14:07:44
MemTotal:        2905316 kB
MemFree:          106656 kB
Buffers:           25568 kB
Cached:          1408168 kB
SwapCached:            0 kB
Active:          1271340 kB
Inactive:        1033916 kB
Active(anon):     766736 kB
Inactive(anon):   147336 kB
Active(file):     504604 kB
Inactive(file):   886580 kB
Unevictable:        7800 kB
Mlocked:               0 kB
SwapTotal:        720184 kB
SwapFree:         720184 kB
Dirty:                 8 kB
Writeback:             0 kB
AnonPages:        879400 kB
Mapped:           501248 kB
Shmem:             34700 kB
Slab:             118876 kB
SReclaimable:      35928 kB
SUnreclaim:        82948 kB
KernelStack:       30848 kB
PageTables:        56284 kB
NFS_Unstable:          0 kB
Bounce:                0 kB
WritebackTmp:          0 kB
CommitLimit:     2172840 kB
Committed_AS:   93107020 kB
VmallocTotal:   251658176 kB
VmallocUsed:      136544 kB
VmallocChunk:   251420204 kB
Time pass: 7 sec

---2015-12-05 14:07:44
MemTotal:        2905316 kB
MemFree:          106912 kB
Buffers:           25576 kB
Cached:          1408180 kB
SwapCached:            0 kB
Active:          1271736 kB
Inactive:        1033956 kB
Active(anon):     767108 kB
Inactive(anon):   147336 kB
Active(file):     504628 kB
Inactive(file):   886620 kB
Unevictable:        7800 kB
Mlocked:               0 kB
SwapTotal:        720184 kB
SwapFree:         720184 kB
Dirty:                68 kB
Writeback:             0 kB
AnonPages:        879648 kB
Mapped:           501248 kB
Shmem:             34700 kB
Slab:             118872 kB
SReclaimable:      35928 kB
SUnreclaim:        82944 kB
KernelStack:       30848 kB
PageTables:        56284 kB
NFS_Unstable:          0 kB
Bounce:                0 kB
WritebackTmp:          0 kB
CommitLimit:     2172840 kB
Committed_AS:   93106992 kB
VmallocTotal:   251658176 kB
VmallocUsed:      136544 kB
VmallocChunk:   251420204 kB
Time pass: 11 sec

---2015-12-05 14:07:44
MemTotal:        2905316 kB
MemFree:          109168 kB
Buffers:           25592 kB
Cached:          1409392 kB
SwapCached:            0 kB
Active:          1268968 kB
Inactive:        1035080 kB
Active(anon):     764236 kB
Inactive(anon):   146980 kB
Active(file):     504732 kB
Inactive(file):   888100 kB
Unevictable:        7800 kB
Mlocked:               0 kB
SwapTotal:        720184 kB
SwapFree:         720184 kB
Dirty:                76 kB
Writeback:             0 kB
AnonPages:        876988 kB
Mapped:           500508 kB
Shmem:             34344 kB
Slab:             118668 kB
SReclaimable:      35928 kB
SUnreclaim:        82740 kB
KernelStack:       30704 kB
PageTables:        55736 kB
NFS_Unstable:          0 kB
Bounce:                0 kB
WritebackTmp:          0 kB
CommitLimit:     2172840 kB
Committed_AS:   92376444 kB
VmallocTotal:   251658176 kB
VmallocUsed:      135524 kB
VmallocChunk:   251420204 kB
Time pass: 15 sec

---2015-12-05 14:07:44
MemTotal:        2905316 kB
MemFree:           80508 kB
Buffers:           25628 kB
Cached:          1393764 kB
SwapCached:            0 kB
Active:          1275568 kB
Inactive:        1017640 kB
Active(anon):     766972 kB
Inactive(anon):   148832 kB
Active(file):     508596 kB
Inactive(file):   868808 kB
Unevictable:        7800 kB
Mlocked:               0 kB
SwapTotal:        720184 kB
SwapFree:         720184 kB
Dirty:                64 kB
Writeback:             0 kB
AnonPages:        881636 kB
Mapped:           501928 kB
Shmem:             34404 kB
Slab:             118844 kB
SReclaimable:      35928 kB
SUnreclaim:        82916 kB
KernelStack:       30848 kB
PageTables:        56536 kB
NFS_Unstable:          0 kB
Bounce:                0 kB
WritebackTmp:          0 kB
CommitLimit:     2172840 kB
Committed_AS:   93173096 kB
VmallocTotal:   251658176 kB
VmallocUsed:      149384 kB
VmallocChunk:   251351428 kB
Time pass: 18 sec

---2015-12-05 14:07:44
MemTotal:        2905316 kB
MemFree:           70084 kB
Buffers:           28212 kB
Cached:          1255744 kB
SwapCached:            0 kB
Active:          1328012 kB
Inactive:         888996 kB
Active(anon):     804204 kB
Inactive(anon):   171752 kB
Active(file):     523808 kB
Inactive(file):   717244 kB
Unevictable:        7800 kB
Mlocked:               0 kB
SwapTotal:        720184 kB
SwapFree:         720184 kB
Dirty:               592 kB
Writeback:             0 kB
AnonPages:        941828 kB
Mapped:           609004 kB
Shmem:             34672 kB
Slab:             117792 kB
SReclaimable:      33980 kB
SUnreclaim:        83812 kB
KernelStack:       34144 kB
PageTables:        57444 kB
NFS_Unstable:          0 kB
Bounce:                0 kB
WritebackTmp:          0 kB
CommitLimit:     2172840 kB
Committed_AS:   93769200 kB
VmallocTotal:   251658176 kB
VmallocUsed:      137096 kB
VmallocChunk:   251420204 kB
Time pass: 22 sec

---2015-12-05 14:07:44
MemTotal:        2905316 kB
MemFree:           98140 kB
Buffers:           26312 kB
Cached:          1218504 kB
SwapCached:            0 kB
Active:          1296236 kB
Inactive:         854952 kB
Active(anon):     770956 kB
Inactive(anon):   177884 kB
Active(file):     525280 kB
Inactive(file):   677068 kB
Unevictable:        7800 kB
Mlocked:               0 kB
SwapTotal:        720184 kB
SwapFree:         720184 kB
Dirty:               672 kB
Writeback:             0 kB
AnonPages:        914056 kB
Mapped:           625404 kB
Shmem:             34668 kB
Slab:             119644 kB
SReclaimable:      36100 kB
SUnreclaim:        83544 kB
KernelStack:       34048 kB
PageTables:        56872 kB
NFS_Unstable:          0 kB
Bounce:                0 kB
WritebackTmp:          0 kB
CommitLimit:     2172840 kB
Committed_AS:   93034732 kB
VmallocTotal:   251658176 kB
VmallocUsed:      136464 kB
VmallocChunk:   251420204 kB
Time pass: 26 sec

---2015-12-05 14:07:44
MemTotal:        2905316 kB
MemFree:           95152 kB
Buffers:           26336 kB
Cached:          1220212 kB
SwapCached:            0 kB
Active:          1297012 kB
Inactive:         856604 kB
Active(anon):     771728 kB
Inactive(anon):   177884 kB
Active(file):     525284 kB
Inactive(file):   678720 kB
Unevictable:        7800 kB
Mlocked:               0 kB
SwapTotal:        720184 kB
SwapFree:         720184 kB
Dirty:               176 kB
Writeback:             0 kB
AnonPages:        915184 kB
Mapped:           625668 kB
Shmem:             34668 kB
Slab:             119764 kB
SReclaimable:      36132 kB
SUnreclaim:        83632 kB
KernelStack:       34048 kB
PageTables:        56888 kB
NFS_Unstable:          0 kB
Bounce:                0 kB
WritebackTmp:          0 kB
CommitLimit:     2172840 kB
Committed_AS:   93035640 kB
VmallocTotal:   251658176 kB
VmallocUsed:      136464 kB
VmallocChunk:   251420204 kB
Time pass: 30 sec

---2015-12-05 14:07:44
MemTotal:        2905316 kB
MemFree:           92700 kB
Buffers:           27104 kB
Cached:          1220392 kB
SwapCached:            0 kB
Active:          1297892 kB
Inactive:         857596 kB
Active(anon):     772588 kB
Inactive(anon):   177884 kB
Active(file):     525304 kB
Inactive(file):   679712 kB
Unevictable:        7800 kB
Mlocked:               0 kB
SwapTotal:        720184 kB
SwapFree:         720184 kB
Dirty:               124 kB
Writeback:             0 kB
AnonPages:        915976 kB
Mapped:           626092 kB
Shmem:             34668 kB
Slab:             119604 kB
SReclaimable:      36132 kB
SUnreclaim:        83472 kB
KernelStack:       33968 kB
PageTables:        56904 kB
NFS_Unstable:          0 kB
Bounce:                0 kB
WritebackTmp:          0 kB
CommitLimit:     2172840 kB
Committed_AS:   93035648 kB
VmallocTotal:   251658176 kB
VmallocUsed:      136464 kB
VmallocChunk:   251420204 kB
Time pass: 34 sec

---2015-12-05 14:07:44
MemTotal:        2905316 kB
MemFree:           85528 kB
Buffers:           27144 kB
Cached:          1224392 kB
SwapCached:            0 kB
Active:          1301652 kB
Inactive:         861548 kB
Active(anon):     776308 kB
Inactive(anon):   177884 kB
Active(file):     525344 kB
Inactive(file):   683664 kB
Unevictable:        7800 kB
Mlocked:               0 kB
SwapTotal:        720184 kB
SwapFree:         720184 kB
Dirty:                 8 kB
Writeback:             8 kB
AnonPages:        919588 kB
Mapped:           627156 kB
Shmem:             34668 kB
Slab:             119616 kB
SReclaimable:      36132 kB
SUnreclaim:        83484 kB
KernelStack:       34192 kB
PageTables:        56964 kB
NFS_Unstable:          0 kB
Bounce:                0 kB
WritebackTmp:          0 kB
CommitLimit:     2172840 kB
Committed_AS:   93038644 kB
VmallocTotal:   251658176 kB
VmallocUsed:      136464 kB
VmallocChunk:   251420204 kB
Time pass: 38 sec

---2015-12-05 14:07:44
MemTotal:        2905316 kB
MemFree:           73860 kB
Buffers:           28688 kB
Cached:          1225752 kB
SwapCached:            0 kB
Active:          1306536 kB
Inactive:         864460 kB
Active(anon):     781192 kB
Inactive(anon):   177884 kB
Active(file):     525344 kB
Inactive(file):   686576 kB
Unevictable:        7800 kB
Mlocked:               0 kB
SwapTotal:        720184 kB
SwapFree:         720184 kB
Dirty:               116 kB
Writeback:             4 kB
AnonPages:        924416 kB
Mapped:           628260 kB
Shmem:             34668 kB
Slab:             119648 kB
SReclaimable:      36132 kB
SUnreclaim:        83516 kB
KernelStack:       34160 kB
PageTables:        56936 kB
NFS_Unstable:          0 kB
Bounce:                0 kB
WritebackTmp:          0 kB
CommitLimit:     2172840 kB
Committed_AS:   93039404 kB
VmallocTotal:   251658176 kB
VmallocUsed:      136488 kB
VmallocChunk:   251420204 kB
Time pass: 41 sec

---2015-12-05 14:07:44
MemTotal:        2905316 kB
MemFree:           69996 kB
Buffers:           26964 kB
Cached:          1176468 kB
SwapCached:            0 kB
Active:          1315072 kB
Inactive:         815308 kB
Active(anon):     784276 kB
Inactive(anon):   185312 kB
Active(file):     530796 kB
Inactive(file):   629996 kB
Unevictable:        7800 kB
Mlocked:               0 kB
SwapTotal:        720184 kB
SwapFree:         720184 kB
Dirty:               320 kB
Writeback:             0 kB
AnonPages:        935144 kB
Mapped:           638700 kB
Shmem:             34672 kB
Slab:             119520 kB
SReclaimable:      35892 kB
SUnreclaim:        83628 kB
KernelStack:       34192 kB
PageTables:        57272 kB
NFS_Unstable:          0 kB
Bounce:                0 kB
WritebackTmp:          0 kB
CommitLimit:     2172840 kB
Committed_AS:   93067208 kB
VmallocTotal:   251658176 kB
VmallocUsed:      136720 kB
VmallocChunk:   251420204 kB
Time pass: 45 sec

---2015-12-05 14:07:44
MemTotal:        2905316 kB
MemFree:           67504 kB
Buffers:           26964 kB
Cached:          1169160 kB
SwapCached:            0 kB
Active:          1320304 kB
Inactive:         807908 kB
Active(anon):     787720 kB
Inactive(anon):   186908 kB
Active(file):     532584 kB
Inactive(file):   621000 kB
Unevictable:        7800 kB
Mlocked:               0 kB
SwapTotal:        720184 kB
SwapFree:         720184 kB
Dirty:               288 kB
Writeback:             0 kB
AnonPages:        940248 kB
Mapped:           644276 kB
Shmem:             34732 kB
Slab:             119524 kB
SReclaimable:      35908 kB
SUnreclaim:        83616 kB
KernelStack:       34240 kB
PageTables:        57452 kB
NFS_Unstable:          0 kB
Bounce:                0 kB
WritebackTmp:          0 kB
CommitLimit:     2172840 kB
Committed_AS:   93105424 kB
VmallocTotal:   251658176 kB
VmallocUsed:      136768 kB
VmallocChunk:   251420204 kB
Time pass: 49 sec

---2015-12-05 14:07:44
MemTotal:        2905316 kB
MemFree:           78948 kB
Buffers:           25396 kB
Cached:          1105448 kB
SwapCached:            0 kB
Active:          1340680 kB
Inactive:         746116 kB
Active(anon):     798208 kB
Inactive(anon):   200352 kB
Active(file):     542472 kB
Inactive(file):   545764 kB
Unevictable:        7800 kB
Mlocked:               0 kB
SwapTotal:        720184 kB
SwapFree:         720184 kB
Dirty:               976 kB
Writeback:             0 kB
AnonPages:        963632 kB
Mapped:           691004 kB
Shmem:             34736 kB
Slab:             119676 kB
SReclaimable:      35908 kB
SUnreclaim:        83768 kB
KernelStack:       34320 kB
PageTables:        57452 kB
NFS_Unstable:          0 kB
Bounce:                0 kB
WritebackTmp:          0 kB
CommitLimit:     2172840 kB
Committed_AS:   93136552 kB
VmallocTotal:   251658176 kB
VmallocUsed:      137076 kB
VmallocChunk:   251420204 kB
Time pass: 53 sec

---2015-12-05 14:07:44
MemTotal:        2905316 kB
MemFree:           73768 kB
Buffers:           25420 kB
Cached:          1107524 kB
SwapCached:            0 kB
Active:          1332084 kB
Inactive:         748700 kB
Active(anon):     789520 kB
Inactive(anon):   200860 kB
Active(file):     542564 kB
Inactive(file):   547840 kB
Unevictable:        7800 kB
Mlocked:               0 kB
SwapTotal:        720184 kB
SwapFree:         720184 kB
Dirty:                40 kB
Writeback:           124 kB
AnonPages:        955604 kB
Mapped:           701856 kB
Shmem:             34736 kB
Slab:             119584 kB
SReclaimable:      35812 kB
SUnreclaim:        83772 kB
KernelStack:       34368 kB
PageTables:        57492 kB
NFS_Unstable:          0 kB
Bounce:                0 kB
WritebackTmp:          0 kB
CommitLimit:     2172840 kB
Committed_AS:   93125428 kB
VmallocTotal:   251658176 kB
VmallocUsed:      137172 kB
VmallocChunk:   251420204 kB
Time pass: 56 sec

---2015-12-05 14:07:44
MemTotal:        2905316 kB
MemFree:           73284 kB
Buffers:           25428 kB
Cached:          1107536 kB
SwapCached:            0 kB
Active:          1332344 kB
Inactive:         748708 kB
Active(anon):     789780 kB
Inactive(anon):   200860 kB
Active(file):     542564 kB
Inactive(file):   547848 kB
Unevictable:        7800 kB
Mlocked:               0 kB
SwapTotal:        720184 kB
SwapFree:         720184 kB
Dirty:                96 kB
Writeback:             0 kB
AnonPages:        956040 kB
Mapped:           701856 kB
Shmem:             34736 kB
Slab:             119648 kB
SReclaimable:      35828 kB
SUnreclaim:        83820 kB
KernelStack:       34400 kB
PageTables:        57492 kB
NFS_Unstable:          0 kB
Bounce:                0 kB
WritebackTmp:          0 kB
CommitLimit:     2172840 kB
Committed_AS:   93125320 kB
VmallocTotal:   251658176 kB
VmallocUsed:      137172 kB
VmallocChunk:   251420204 kB
Time pass: 60 sec

---2015-12-05 14:07:44
MemTotal:        2905316 kB
MemFree:           70360 kB
Buffers:           25212 kB
Cached:          1092692 kB
SwapCached:            0 kB
Active:          1328356 kB
Inactive:         734492 kB
Active(anon):     792008 kB
Inactive(anon):   200560 kB
Active(file):     536348 kB
Inactive(file):   533932 kB
Unevictable:       12624 kB
Mlocked:               0 kB
SwapTotal:        720184 kB
SwapFree:         720156 kB
Dirty:               120 kB
Writeback:             0 kB
AnonPages:        957980 kB
Mapped:           708820 kB
Shmem:             34736 kB
Slab:             120148 kB
SReclaimable:      36244 kB
SUnreclaim:        83904 kB
KernelStack:       34400 kB
PageTables:        57508 kB
NFS_Unstable:          0 kB
Bounce:                0 kB
WritebackTmp:          0 kB
CommitLimit:     2172840 kB
Committed_AS:   93125360 kB
VmallocTotal:   251658176 kB
VmallocUsed:      137292 kB
VmallocChunk:   251420204 kB
Time pass: 64 sec

---2015-12-05 14:07:44
MemTotal:        2905316 kB
MemFree:           71088 kB
Buffers:           25220 kB
Cached:          1092632 kB
SwapCached:            0 kB
Active:          1328724 kB
Inactive:         734376 kB
Active(anon):     792172 kB
Inactive(anon):   200548 kB
Active(file):     536552 kB
Inactive(file):   533828 kB
Unevictable:       12764 kB
Mlocked:               0 kB
SwapTotal:        720184 kB
SwapFree:         720156 kB
Dirty:                16 kB
Writeback:             0 kB
AnonPages:        958144 kB
Mapped:           708848 kB
Shmem:             34708 kB
Slab:             120136 kB
SReclaimable:      36244 kB
SUnreclaim:        83892 kB
KernelStack:       34384 kB
PageTables:        57508 kB
NFS_Unstable:          0 kB
Bounce:                0 kB
WritebackTmp:          0 kB
CommitLimit:     2172840 kB
Committed_AS:   93125480 kB
VmallocTotal:   251658176 kB
VmallocUsed:      137292 kB
VmallocChunk:   251420204 kB
Time pass: 68 sec

---2015-12-05 14:07:44
MemTotal:        2905316 kB
MemFree:           72084 kB
Buffers:           24976 kB
Cached:          1065628 kB
SwapCached:            0 kB
Active:          1319576 kB
Inactive:         723336 kB
Active(anon):     798000 kB
Inactive(anon):   201788 kB
Active(file):     521576 kB
Inactive(file):   521548 kB
Unevictable:       12768 kB
Mlocked:               0 kB
SwapTotal:        720184 kB
SwapFree:         720156 kB
Dirty:               196 kB
Writeback:             0 kB
AnonPages:        965288 kB
Mapped:           718268 kB
Shmem:             34708 kB
Slab:             120004 kB
SReclaimable:      36020 kB
SUnreclaim:        83984 kB
KernelStack:       34432 kB
PageTables:        57432 kB
NFS_Unstable:          0 kB
Bounce:                0 kB
WritebackTmp:          0 kB
CommitLimit:     2172840 kB
Committed_AS:   93134896 kB
VmallocTotal:   251658176 kB
VmallocUsed:      137488 kB
VmallocChunk:   251420204 kB
Time pass: 72 sec

---2015-12-05 14:07:44
MemTotal:        2905316 kB
MemFree:           70436 kB
Buffers:           24984 kB
Cached:          1065752 kB
SwapCached:            0 kB
Active:          1319476 kB
Inactive:         723404 kB
Active(anon):     797884 kB
Inactive(anon):   201776 kB
Active(file):     521592 kB
Inactive(file):   521628 kB
Unevictable:       12768 kB
Mlocked:               0 kB
SwapTotal:        720184 kB
SwapFree:         720156 kB
Dirty:               116 kB
Writeback:             0 kB
AnonPages:        965292 kB
Mapped:           719156 kB
Shmem:             34708 kB
Slab:             119924 kB
SReclaimable:      36036 kB
SUnreclaim:        83888 kB
KernelStack:       34512 kB
PageTables:        57416 kB
NFS_Unstable:          0 kB
Bounce:                0 kB
WritebackTmp:          0 kB
CommitLimit:     2172840 kB
Committed_AS:   93135152 kB
VmallocTotal:   251658176 kB
VmallocUsed:      137488 kB
VmallocChunk:   251420204 kB
Time pass: 75 sec

---2015-12-05 14:07:44
MemTotal:        2905316 kB
MemFree:           70816 kB
Buffers:           24992 kB
Cached:          1065864 kB
SwapCached:            0 kB
Active:          1319160 kB
Inactive:         723548 kB
Active(anon):     797556 kB
Inactive(anon):   201836 kB
Active(file):     521604 kB
Inactive(file):   521712 kB
Unevictable:       12768 kB
Mlocked:               0 kB
SwapTotal:        720184 kB
SwapFree:         720156 kB
Dirty:                32 kB
Writeback:             0 kB
AnonPages:        964600 kB
Mapped:           719324 kB
Shmem:             34768 kB
Slab:             119916 kB
SReclaimable:      36036 kB
SUnreclaim:        83880 kB
KernelStack:       34480 kB
PageTables:        57500 kB
NFS_Unstable:          0 kB
Bounce:                0 kB
WritebackTmp:          0 kB
CommitLimit:     2172840 kB
Committed_AS:   93161780 kB
VmallocTotal:   251658176 kB
VmallocUsed:      137488 kB
VmallocChunk:   251420204 kB
Time pass: 79 sec

---2015-12-05 14:07:44
MemTotal:        2905316 kB
MemFree:           70692 kB
Buffers:           24992 kB
Cached:          1065912 kB
SwapCached:            0 kB
Active:          1319580 kB
Inactive:         723580 kB
Active(anon):     797964 kB
Inactive(anon):   201832 kB
Active(file):     521616 kB
Inactive(file):   521748 kB
Unevictable:       12768 kB
Mlocked:               0 kB
SwapTotal:        720184 kB
SwapFree:         720156 kB
Dirty:                60 kB
Writeback:             0 kB
AnonPages:        965004 kB
Mapped:           719276 kB
Shmem:             34768 kB
Slab:             119812 kB
SReclaimable:      35940 kB
SUnreclaim:        83872 kB
KernelStack:       34288 kB
PageTables:        57480 kB
NFS_Unstable:          0 kB
Bounce:                0 kB
WritebackTmp:          0 kB
CommitLimit:     2172840 kB
Committed_AS:   93161556 kB
VmallocTotal:   251658176 kB
VmallocUsed:      137500 kB
VmallocChunk:   251420204 kB
Time pass: 83 sec

---2015-12-05 14:07:44
MemTotal:        2905316 kB
MemFree:           70360 kB
Buffers:           25000 kB
Cached:          1065928 kB
SwapCached:            0 kB
Active:          1319956 kB
Inactive:         723592 kB
Active(anon):     798328 kB
Inactive(anon):   201832 kB
Active(file):     521628 kB
Inactive(file):   521760 kB
Unevictable:       12768 kB
Mlocked:               0 kB
SwapTotal:        720184 kB
SwapFree:         720156 kB
Dirty:                92 kB
Writeback:             0 kB
AnonPages:        965396 kB
Mapped:           719292 kB
Shmem:             34768 kB
Slab:             119844 kB
SReclaimable:      35940 kB
SUnreclaim:        83904 kB
KernelStack:       34288 kB
PageTables:        57484 kB
NFS_Unstable:          0 kB
Bounce:                0 kB
WritebackTmp:          0 kB
CommitLimit:     2172840 kB
Committed_AS:   93161460 kB
VmallocTotal:   251658176 kB
VmallocUsed:      137500 kB
VmallocChunk:   251420204 kB
Time pass: 87 sec

---2015-12-05 14:07:44
MemTotal:        2905316 kB
MemFree:           70120 kB
Buffers:           25008 kB
Cached:          1065932 kB
SwapCached:            0 kB
Active:          1320216 kB
Inactive:         723596 kB
Active(anon):     798576 kB
Inactive(anon):   201832 kB
Active(file):     521640 kB
Inactive(file):   521764 kB
Unevictable:       12768 kB
Mlocked:               0 kB
SwapTotal:        720184 kB
SwapFree:         720156 kB
Dirty:                40 kB
Writeback:             0 kB
AnonPages:        965640 kB
Mapped:           719360 kB
Shmem:             34768 kB
Slab:             119832 kB
SReclaimable:      35940 kB
SUnreclaim:        83892 kB
KernelStack:       34272 kB
PageTables:        57480 kB
NFS_Unstable:          0 kB
Bounce:                0 kB
WritebackTmp:          0 kB
CommitLimit:     2172840 kB
Committed_AS:   93161432 kB
VmallocTotal:   251658176 kB
VmallocUsed:      137500 kB
VmallocChunk:   251420204 kB
Time pass: 91 sec

---2015-12-05 14:07:44
MemTotal:        2905316 kB
MemFree:           66848 kB
Buffers:           25020 kB
Cached:          1060696 kB
SwapCached:            0 kB
Active:          1326908 kB
Inactive:         720924 kB
Active(anon):     807992 kB
Inactive(anon):   201832 kB
Active(file):     518916 kB
Inactive(file):   519092 kB
Unevictable:       12768 kB
Mlocked:               0 kB
SwapTotal:        720184 kB
SwapFree:         720156 kB
Dirty:               408 kB
Writeback:             0 kB
AnonPages:        975284 kB
Mapped:           723444 kB
Shmem:             34768 kB
Slab:             120076 kB
SReclaimable:      36052 kB
SUnreclaim:        84024 kB
KernelStack:       34368 kB
PageTables:        57508 kB
NFS_Unstable:          0 kB
Bounce:                0 kB
WritebackTmp:          0 kB
CommitLimit:     2172840 kB
Committed_AS:   93164584 kB
VmallocTotal:   251658176 kB
VmallocUsed:      137512 kB
VmallocChunk:   251420204 kB
Time pass: 96 sec

---2015-12-05 14:07:44
MemTotal:        2905316 kB
MemFree:           70152 kB
Buffers:           25008 kB
Cached:          1043744 kB
SwapCached:            0 kB
Active:          1331612 kB
Inactive:         715968 kB
Active(anon):     821424 kB
Inactive(anon):   205160 kB
Active(file):     510188 kB
Inactive(file):   510808 kB
Unevictable:       12768 kB
Mlocked:               0 kB
SwapTotal:        720184 kB
SwapFree:         720156 kB
Dirty:               248 kB
Writeback:             0 kB
AnonPages:        991656 kB
Mapped:           721740 kB
Shmem:             34892 kB
Slab:             120244 kB
SReclaimable:      36004 kB
SUnreclaim:        84240 kB
KernelStack:       34640 kB
PageTables:        57752 kB
NFS_Unstable:          0 kB
Bounce:                0 kB
WritebackTmp:          0 kB
CommitLimit:     2172840 kB
Committed_AS:   93211152 kB
VmallocTotal:   251658176 kB
VmallocUsed:      139960 kB
VmallocChunk:   251420204 kB
Time pass: 100 sec

---2015-12-05 14:07:44
MemTotal:        2905316 kB
MemFree:          350976 kB
Buffers:           25064 kB
Cached:          1038872 kB
SwapCached:            0 kB
Active:          1243044 kB
Inactive:         713180 kB
Active(anon):     734976 kB
Inactive(anon):   205152 kB
Active(file):     508068 kB
Inactive(file):   508028 kB
Unevictable:       12768 kB
Mlocked:               0 kB
SwapTotal:        720184 kB
SwapFree:         720156 kB
Dirty:               328 kB
Writeback:             0 kB
AnonPages:        904940 kB
Mapped:           538380 kB
Shmem:             34848 kB
Slab:             120340 kB
SReclaimable:      36036 kB
SUnreclaim:        84304 kB
KernelStack:       33792 kB
PageTables:        55336 kB
NFS_Unstable:          0 kB
Bounce:                0 kB
WritebackTmp:          0 kB
CommitLimit:     2172840 kB
Committed_AS:   91588604 kB
VmallocTotal:   251658176 kB
VmallocUsed:      151504 kB
VmallocChunk:   251389668 kB
Time pass: 103 sec

---2015-12-05 14:07:44
MemTotal:        2905316 kB
MemFree:          234948 kB
Buffers:           25436 kB
Cached:          1041096 kB
SwapCached:            0 kB
Active:          1291372 kB
Inactive:         713656 kB
Active(anon):     781140 kB
Inactive(anon):   205276 kB
Active(file):     510232 kB
Inactive(file):   508380 kB
Unevictable:       12768 kB
Mlocked:               0 kB
SwapTotal:        720184 kB
SwapFree:         720156 kB
Dirty:               176 kB
Writeback:           112 kB
AnonPages:        951332 kB
Mapped:           594952 kB
Shmem:             35208 kB
Slab:             120076 kB
SReclaimable:      36132 kB
SUnreclaim:        83944 kB
KernelStack:       33968 kB
PageTables:        56456 kB
NFS_Unstable:          0 kB
Bounce:                0 kB
WritebackTmp:          0 kB
CommitLimit:     2172840 kB
Committed_AS:   92430744 kB
VmallocTotal:   251658176 kB
VmallocUsed:      137788 kB
VmallocChunk:   251420204 kB
Time pass: 108 sec

---2015-12-05 14:07:44
MemTotal:        2905316 kB
MemFree:          163204 kB
Buffers:           25964 kB
Cached:          1042572 kB
SwapCached:            0 kB
Active:          1300768 kB
Inactive:         715316 kB
Active(anon):     790252 kB
Inactive(anon):   205280 kB
Active(file):     510516 kB
Inactive(file):   510036 kB
Unevictable:       12768 kB
Mlocked:               0 kB
SwapTotal:        720184 kB
SwapFree:         720156 kB
Dirty:              1528 kB
Writeback:             0 kB
AnonPages:        960156 kB
Mapped:           637488 kB
Shmem:             35216 kB
Slab:             120384 kB
SReclaimable:      36132 kB
SUnreclaim:        84252 kB
KernelStack:       34128 kB
PageTables:        56708 kB
NFS_Unstable:          0 kB
Bounce:                0 kB
WritebackTmp:          0 kB
CommitLimit:     2172840 kB
Committed_AS:   92453736 kB
VmallocTotal:   251658176 kB
VmallocUsed:      138232 kB
VmallocChunk:   251420204 kB
Time pass: 112 sec

---2015-12-05 14:07:44
MemTotal:        2905316 kB
MemFree:          133936 kB
Buffers:           25980 kB
Cached:          1043124 kB
SwapCached:            0 kB
Active:          1295296 kB
Inactive:         714848 kB
Active(anon):     783748 kB
Inactive(anon):   205276 kB
Active(file):     511548 kB
Inactive(file):   509572 kB
Unevictable:       12768 kB
Mlocked:               0 kB
SwapTotal:        720184 kB
SwapFree:         720156 kB
Dirty:               824 kB
Writeback:             0 kB
AnonPages:        953932 kB
Mapped:           671292 kB
Shmem:             35216 kB
Slab:             120080 kB
SReclaimable:      36136 kB
SUnreclaim:        83944 kB
KernelStack:       34112 kB
PageTables:        56756 kB
NFS_Unstable:          0 kB
Bounce:                0 kB
WritebackTmp:          0 kB
CommitLimit:     2172840 kB
Committed_AS:   92453832 kB
VmallocTotal:   251658176 kB
VmallocUsed:      138520 kB
VmallocChunk:   251420204 kB
Time pass: 115 sec

---2015-12-05 14:07:44
MemTotal:        2905316 kB
MemFree:          113756 kB
Buffers:           25988 kB
Cached:          1043144 kB
SwapCached:            0 kB
Active:          1297664 kB
Inactive:         714920 kB
Active(anon):     785960 kB
Inactive(anon):   205276 kB
Active(file):     511704 kB
Inactive(file):   509644 kB
Unevictable:       12768 kB
Mlocked:               0 kB
SwapTotal:        720184 kB
SwapFree:         720156 kB
Dirty:                48 kB
Writeback:             0 kB
AnonPages:        956184 kB
Mapped:           681644 kB
Shmem:             35216 kB
Slab:             120084 kB
SReclaimable:      36136 kB
SUnreclaim:        83948 kB
KernelStack:       34144 kB
PageTables:        56820 kB
NFS_Unstable:          0 kB
Bounce:                0 kB
WritebackTmp:          0 kB
CommitLimit:     2172840 kB
Committed_AS:   92453928 kB
VmallocTotal:   251658176 kB
VmallocUsed:      136240 kB
VmallocChunk:   251420204 kB
Time pass: 119 sec

---2015-12-05 14:07:44
MemTotal:        2905316 kB
MemFree:           96668 kB
Buffers:           25988 kB
Cached:          1043328 kB
SwapCached:            0 kB
Active:          1308472 kB
Inactive:         714700 kB
Active(anon):     796724 kB
Inactive(anon):   205276 kB
Active(file):     511748 kB
Inactive(file):   509424 kB
Unevictable:       12768 kB
Mlocked:               0 kB
SwapTotal:        720184 kB
SwapFree:         720156 kB
Dirty:               268 kB
Writeback:             0 kB
AnonPages:        966936 kB
Mapped:           687320 kB
Shmem:             35216 kB
Slab:             120076 kB
SReclaimable:      36152 kB
SUnreclaim:        83924 kB
KernelStack:       34128 kB
PageTables:        56836 kB
NFS_Unstable:          0 kB
Bounce:                0 kB
WritebackTmp:          0 kB
CommitLimit:     2172840 kB
Committed_AS:   92463204 kB
VmallocTotal:   251658176 kB
VmallocUsed:      136272 kB
VmallocChunk:   251420204 kB
Time pass: 123 sec

---2015-12-05 14:07:44
MemTotal:        2905316 kB
MemFree:           85360 kB
Buffers:           25996 kB
Cached:          1043336 kB
SwapCached:            0 kB
Active:          1303280 kB
Inactive:         714828 kB
Active(anon):     791496 kB
Inactive(anon):   205264 kB
Active(file):     511784 kB
Inactive(file):   509564 kB
Unevictable:       12768 kB
Mlocked:               0 kB
SwapTotal:        720184 kB
SwapFree:         720156 kB
Dirty:               644 kB
Writeback:             0 kB
AnonPages:        961596 kB
Mapped:           695068 kB
Shmem:             35216 kB
Slab:             120088 kB
SReclaimable:      36152 kB
SUnreclaim:        83936 kB
KernelStack:       34128 kB
PageTables:        56816 kB
NFS_Unstable:          0 kB
Bounce:                0 kB
WritebackTmp:          0 kB
CommitLimit:     2172840 kB
Committed_AS:   92463656 kB
VmallocTotal:   251658176 kB
VmallocUsed:      136420 kB
VmallocChunk:   251420204 kB
Time pass: 127 sec

---2015-12-05 14:07:44
MemTotal:        2905316 kB
MemFree:           77968 kB
Buffers:           26008 kB
Cached:          1046940 kB
SwapCached:            0 kB
Active:          1306472 kB
Inactive:         718428 kB
Active(anon):     794680 kB
Inactive(anon):   205264 kB
Active(file):     511792 kB
Inactive(file):   513164 kB
Unevictable:       12768 kB
Mlocked:               0 kB
SwapTotal:        720184 kB
SwapFree:         720156 kB
Dirty:                72 kB
Writeback:             0 kB
AnonPages:        964832 kB
Mapped:           695748 kB
Shmem:             35216 kB
Slab:             120248 kB
SReclaimable:      36152 kB
SUnreclaim:        84096 kB
KernelStack:       34144 kB
PageTables:        56820 kB
NFS_Unstable:          0 kB
Bounce:                0 kB
WritebackTmp:          0 kB
CommitLimit:     2172840 kB
Committed_AS:   92467048 kB
VmallocTotal:   251658176 kB
VmallocUsed:      136420 kB
VmallocChunk:   251420204 kB
Time pass: 131 sec

---2015-12-05 14:07:44
MemTotal:        2905316 kB
MemFree:           73628 kB
Buffers:           26016 kB
Cached:          1047500 kB
SwapCached:            0 kB
Active:          1309116 kB
Inactive:         718988 kB
Active(anon):     797316 kB
Inactive(anon):   205264 kB
Active(file):     511800 kB
Inactive(file):   513724 kB
Unevictable:       12768 kB
Mlocked:               0 kB
SwapTotal:        720184 kB
SwapFree:         720156 kB
Dirty:                48 kB
Writeback:             0 kB
AnonPages:        967340 kB
Mapped:           696392 kB
Shmem:             35216 kB
Slab:             120264 kB
SReclaimable:      36152 kB
SUnreclaim:        84112 kB
KernelStack:       34176 kB
PageTables:        56840 kB
NFS_Unstable:          0 kB
Bounce:                0 kB
WritebackTmp:          0 kB
CommitLimit:     2172840 kB
Committed_AS:   92471172 kB
VmallocTotal:   251658176 kB
VmallocUsed:      136420 kB
VmallocChunk:   251420204 kB
Time pass: 135 sec

---2015-12-05 14:07:44
MemTotal:        2905316 kB
MemFree:           67220 kB
Buffers:           26024 kB
Cached:          1040816 kB
SwapCached:            0 kB
Active:          1318476 kB
Inactive:         713716 kB
Active(anon):     808072 kB
Inactive(anon):   205408 kB
Active(file):     510404 kB
Inactive(file):   508308 kB
Unevictable:       12768 kB
Mlocked:               0 kB
SwapTotal:        720184 kB
SwapFree:         720156 kB
Dirty:                 0 kB
Writeback:             0 kB
AnonPages:        978304 kB
Mapped:           699864 kB
Shmem:             35360 kB
Slab:             120116 kB
SReclaimable:      36104 kB
SUnreclaim:        84012 kB
KernelStack:       34480 kB
PageTables:        56972 kB
NFS_Unstable:          0 kB
Bounce:                0 kB
WritebackTmp:          0 kB
CommitLimit:     2172840 kB
Committed_AS:   92531612 kB
VmallocTotal:   251658176 kB
VmallocUsed:      138868 kB
VmallocChunk:   251420204 kB
Time pass: 138 sec

---2015-12-05 14:07:44
MemTotal:        2905316 kB
MemFree:           70472 kB
Buffers:           26040 kB
Cached:          1037004 kB
SwapCached:            0 kB
Active:          1319468 kB
Inactive:         712460 kB
Active(anon):     812200 kB
Inactive(anon):   205124 kB
Active(file):     507268 kB
Inactive(file):   507336 kB
Unevictable:       12768 kB
Mlocked:               0 kB
SwapTotal:        720184 kB
SwapFree:         720156 kB
Dirty:               136 kB
Writeback:             0 kB
AnonPages:        981892 kB
Mapped:           697164 kB
Shmem:             35452 kB
Slab:             120188 kB
SReclaimable:      36104 kB
SUnreclaim:        84084 kB
KernelStack:       34512 kB
PageTables:        57096 kB
NFS_Unstable:          0 kB
Bounce:                0 kB
WritebackTmp:          0 kB
CommitLimit:     2172840 kB
Committed_AS:   92536780 kB
VmallocTotal:   251658176 kB
VmallocUsed:      138868 kB
VmallocChunk:   251420204 kB
Time pass: 142 sec

---2015-12-05 14:07:44
MemTotal:        2905316 kB
MemFree:           69664 kB
Buffers:           26048 kB
Cached:          1037124 kB
SwapCached:            0 kB
Active:          1320460 kB
Inactive:         712792 kB
Active(anon):     813180 kB
Inactive(anon):   205328 kB
Active(file):     507280 kB
Inactive(file):   507464 kB
Unevictable:       12768 kB
Mlocked:               0 kB
SwapTotal:        720184 kB
SwapFree:         720156 kB
Dirty:                88 kB
Writeback:             0 kB
AnonPages:        982720 kB
Mapped:           697420 kB
Shmem:             35660 kB
Slab:             120204 kB
SReclaimable:      36104 kB
SUnreclaim:        84100 kB
KernelStack:       34528 kB
PageTables:        57236 kB
NFS_Unstable:          0 kB
Bounce:                0 kB
WritebackTmp:          0 kB
CommitLimit:     2172840 kB
Committed_AS:   92536768 kB
VmallocTotal:   251658176 kB
VmallocUsed:      138868 kB
VmallocChunk:   251420204 kB
Time pass: 146 sec

---2015-12-05 14:07:44
MemTotal:        2905316 kB
MemFree:           67732 kB
Buffers:           26056 kB
Cached:          1037424 kB
SwapCached:            0 kB
Active:          1321480 kB
Inactive:         713096 kB
Active(anon):     814196 kB
Inactive(anon):   205624 kB
Active(file):     507284 kB
Inactive(file):   507472 kB
Unevictable:       12768 kB
Mlocked:               0 kB
SwapTotal:        720184 kB
SwapFree:         720156 kB
Dirty:                28 kB
Writeback:             0 kB
AnonPages:        983692 kB
Mapped:           697744 kB
Shmem:             35956 kB
Slab:             120344 kB
SReclaimable:      36104 kB
SUnreclaim:        84240 kB
KernelStack:       34544 kB
PageTables:        57228 kB
NFS_Unstable:          0 kB
Bounce:                0 kB
WritebackTmp:          0 kB
CommitLimit:     2172840 kB
Committed_AS:   92536768 kB
VmallocTotal:   251658176 kB
VmallocUsed:      138868 kB
VmallocChunk:   251420204 kB
Time pass: 150 sec

---2015-12-05 14:07:44
MemTotal:        2905316 kB
MemFree:           69060 kB
Buffers:           25984 kB
Cached:          1024424 kB
SwapCached:            0 kB
Active:          1313644 kB
Inactive:         707156 kB
Active(anon):     813968 kB
Inactive(anon):   205344 kB
Active(file):     499676 kB
Inactive(file):   501812 kB
Unevictable:       12768 kB
Mlocked:               0 kB
SwapTotal:        720184 kB
SwapFree:         720156 kB
Dirty:                52 kB
Writeback:             0 kB
AnonPages:        983252 kB
Mapped:           695736 kB
Shmem:             36052 kB
Slab:             120204 kB
SReclaimable:      36056 kB
SUnreclaim:        84148 kB
KernelStack:       34528 kB
PageTables:        57236 kB
NFS_Unstable:          0 kB
Bounce:                0 kB
WritebackTmp:          0 kB
CommitLimit:     2172840 kB
Committed_AS:   92536796 kB
VmallocTotal:   251658176 kB
VmallocUsed:      138868 kB
VmallocChunk:   251420204 kB
Time pass: 154 sec

---2015-12-05 14:07:44
MemTotal:        2905316 kB
MemFree:           70360 kB
Buffers:           26032 kB
Cached:          1017084 kB
SwapCached:            0 kB
Active:          1320392 kB
Inactive:         703056 kB
Active(anon):     822964 kB
Inactive(anon):   205604 kB
Active(file):     497428 kB
Inactive(file):   497452 kB
Unevictable:       12768 kB
Mlocked:               0 kB
SwapTotal:        720184 kB
SwapFree:         720156 kB
Dirty:               192 kB
Writeback:             0 kB
AnonPages:        993436 kB
Mapped:           696312 kB
Shmem:             35276 kB
Slab:             120004 kB
SReclaimable:      35912 kB
SUnreclaim:        84092 kB
KernelStack:       34288 kB
PageTables:        57016 kB
NFS_Unstable:          0 kB
Bounce:                0 kB
WritebackTmp:          0 kB
CommitLimit:     2172840 kB
Committed_AS:   92545552 kB
VmallocTotal:   251658176 kB
VmallocUsed:      138868 kB
VmallocChunk:   251420204 kB
Time pass: 158 sec

---2015-12-05 14:07:44
MemTotal:        2905316 kB
MemFree:           71828 kB
Buffers:           26048 kB
Cached:          1017060 kB
SwapCached:            0 kB
Active:          1318084 kB
Inactive:         703132 kB
Active(anon):     820564 kB
Inactive(anon):   205588 kB
Active(file):     497520 kB
Inactive(file):   497544 kB
Unevictable:       12768 kB
Mlocked:               0 kB
SwapTotal:        720184 kB
SwapFree:         720156 kB
Dirty:                44 kB
Writeback:             0 kB
AnonPages:        991360 kB
Mapped:           696140 kB
Shmem:             35272 kB
Slab:             119972 kB
SReclaimable:      35912 kB
SUnreclaim:        84060 kB
KernelStack:       34272 kB
PageTables:        57088 kB
NFS_Unstable:          0 kB
Bounce:                0 kB
WritebackTmp:          0 kB
CommitLimit:     2172840 kB
Committed_AS:   92518632 kB
VmallocTotal:   251658176 kB
VmallocUsed:      138868 kB
VmallocChunk:   251420204 kB
Time pass: 162 sec

---2015-12-05 14:07:44
MemTotal:        2905316 kB
MemFree:           65068 kB
Buffers:           26064 kB
Cached:          1017412 kB
SwapCached:            0 kB
Active:          1323388 kB
Inactive:         703448 kB
Active(anon):     825816 kB
Inactive(anon):   205792 kB
Active(file):     497572 kB
Inactive(file):   497656 kB
Unevictable:       12768 kB
Mlocked:               0 kB
SwapTotal:        720184 kB
SwapFree:         720156 kB
Dirty:                48 kB
Writeback:             0 kB
AnonPages:        995952 kB
Mapped:           696464 kB
Shmem:             35480 kB
Slab:             120160 kB
SReclaimable:      35912 kB
SUnreclaim:        84248 kB
KernelStack:       34496 kB
PageTables:        57232 kB
NFS_Unstable:          0 kB
Bounce:                0 kB
WritebackTmp:          0 kB
CommitLimit:     2172840 kB
Committed_AS:   92550088 kB
VmallocTotal:   251658176 kB
VmallocUsed:      138868 kB
VmallocChunk:   251420204 kB
Time pass: 166 sec

---2015-12-05 14:07:44
MemTotal:        2905316 kB
MemFree:           62996 kB
Buffers:           26072 kB
Cached:          1017584 kB
SwapCached:            0 kB
Active:          1325064 kB
Inactive:         703612 kB
Active(anon):     827476 kB
Inactive(anon):   205940 kB
Active(file):     497588 kB
Inactive(file):   497672 kB
Unevictable:       12768 kB
Mlocked:               0 kB
SwapTotal:        720184 kB
SwapFree:         720156 kB
Dirty:                 4 kB
Writeback:            56 kB
AnonPages:        997744 kB
Mapped:           696620 kB
Shmem:             35628 kB
Slab:             120176 kB
SReclaimable:      35912 kB
SUnreclaim:        84264 kB
KernelStack:       34528 kB
PageTables:        57284 kB
NFS_Unstable:          0 kB
Bounce:                0 kB
WritebackTmp:          0 kB
CommitLimit:     2172840 kB
Committed_AS:   92576820 kB
VmallocTotal:   251658176 kB
VmallocUsed:      138868 kB
VmallocChunk:   251420204 kB
Time pass: 170 sec

---2015-12-05 14:07:44
MemTotal:        2905316 kB
MemFree:           66684 kB
Buffers:           26080 kB
Cached:          1010676 kB
SwapCached:            0 kB
Active:          1324280 kB
Inactive:         701264 kB
Active(anon):     830220 kB
Inactive(anon):   206984 kB
Active(file):     494060 kB
Inactive(file):   494280 kB
Unevictable:       12768 kB
Mlocked:               0 kB
SwapTotal:        720184 kB
SwapFree:         720156 kB
Dirty:               100 kB
Writeback:             0 kB
AnonPages:       1001500 kB
Mapped:           697304 kB
Shmem:             35648 kB
Slab:             120156 kB
SReclaimable:      35912 kB
SUnreclaim:        84244 kB
KernelStack:       34640 kB
PageTables:        57804 kB
NFS_Unstable:          0 kB
Bounce:                0 kB
WritebackTmp:          0 kB
CommitLimit:     2172840 kB
Committed_AS:   93305224 kB
VmallocTotal:   251658176 kB
VmallocUsed:      139888 kB
VmallocChunk:   251420204 kB
Time pass: 174 sec

---2015-12-05 14:07:44
MemTotal:        2905316 kB
MemFree:           76212 kB
Buffers:           26088 kB
Cached:          1010456 kB
SwapCached:            0 kB
Active:          1314700 kB
Inactive:         701028 kB
Active(anon):     820616 kB
Inactive(anon):   206740 kB
Active(file):     494084 kB
Inactive(file):   494288 kB
Unevictable:       12768 kB
Mlocked:               0 kB
SwapTotal:        720184 kB
SwapFree:         720156 kB
Dirty:                84 kB
Writeback:             0 kB
AnonPages:        992048 kB
Mapped:           696952 kB
Shmem:             35404 kB
Slab:             119920 kB
SReclaimable:      35800 kB
SUnreclaim:        84120 kB
KernelStack:       34400 kB
PageTables:        57632 kB
NFS_Unstable:          0 kB
Bounce:                0 kB
WritebackTmp:          0 kB
CommitLimit:     2172840 kB
Committed_AS:   93276748 kB
VmallocTotal:   251658176 kB
VmallocUsed:      139888 kB
VmallocChunk:   251420204 kB
Time pass: 178 sec

---2015-12-05 14:07:44
MemTotal:        2905316 kB
MemFree:           76672 kB
Buffers:           26088 kB
Cached:          1010408 kB
SwapCached:            0 kB
Active:          1315080 kB
Inactive:         700968 kB
Active(anon):     820984 kB
Inactive(anon):   206676 kB
Active(file):     494096 kB
Inactive(file):   494292 kB
Unevictable:       12768 kB
Mlocked:               0 kB
SwapTotal:        720184 kB
SwapFree:         720156 kB
Dirty:                24 kB
Writeback:             0 kB
AnonPages:        992236 kB
Mapped:           696988 kB
Shmem:             35336 kB
Slab:             120056 kB
SReclaimable:      35800 kB
SUnreclaim:        84256 kB
KernelStack:       34272 kB
PageTables:        57668 kB
NFS_Unstable:          0 kB
Bounce:                0 kB
WritebackTmp:          0 kB
CommitLimit:     2172840 kB
Committed_AS:   93276616 kB
VmallocTotal:   251658176 kB
VmallocUsed:      139856 kB
VmallocChunk:   251420204 kB
Time pass: 182 sec

---2015-12-05 14:07:44
MemTotal:        2905316 kB
MemFree:           76560 kB
Buffers:           26096 kB
Cached:          1010416 kB
SwapCached:            0 kB
Active:          1315088 kB
Inactive:         700984 kB
Active(anon):     820988 kB
Inactive(anon):   206676 kB
Active(file):     494100 kB
Inactive(file):   494308 kB
Unevictable:       12768 kB
Mlocked:               0 kB
SwapTotal:        720184 kB
SwapFree:         720156 kB
Dirty:                 4 kB
Writeback:             0 kB
AnonPages:        992312 kB
Mapped:           696928 kB
Shmem:             35336 kB
Slab:             119928 kB
SReclaimable:      35800 kB
SUnreclaim:        84128 kB
KernelStack:       34240 kB
PageTables:        57644 kB
NFS_Unstable:          0 kB
Bounce:                0 kB
WritebackTmp:          0 kB
CommitLimit:     2172840 kB
Committed_AS:   93276652 kB
VmallocTotal:   251658176 kB
VmallocUsed:      139856 kB
VmallocChunk:   251420204 kB
Time pass: 186 sec

---2015-12-05 14:07:44
MemTotal:        2905316 kB
MemFree:           68996 kB
Buffers:           26076 kB
Cached:          1006256 kB
SwapCached:            0 kB
Active:          1322848 kB
Inactive:         700136 kB
Active(anon):     830848 kB
Inactive(anon):   208152 kB
Active(file):     492000 kB
Inactive(file):   491984 kB
Unevictable:       12768 kB
Mlocked:               0 kB
SwapTotal:        720184 kB
SwapFree:         720156 kB
Dirty:                 0 kB
Writeback:             0 kB
AnonPages:       1003612 kB
Mapped:           697160 kB
Shmem:             35552 kB
Slab:             119944 kB
SReclaimable:      35800 kB
SUnreclaim:        84144 kB
KernelStack:       34608 kB
PageTables:        57804 kB
NFS_Unstable:          0 kB
Bounce:                0 kB
WritebackTmp:          0 kB
CommitLimit:     2172840 kB
Committed_AS:   93308484 kB
VmallocTotal:   251658176 kB
VmallocUsed:      139888 kB
VmallocChunk:   251420204 kB
Time pass: 190 sec

---2015-12-05 14:07:44
MemTotal:        2905316 kB
MemFree:           67960 kB
Buffers:           26072 kB
Cached:           994280 kB
SwapCached:            0 kB
Active:          1325676 kB
Inactive:         696112 kB
Active(anon):     839708 kB
Inactive(anon):   210088 kB
Active(file):     485968 kB
Inactive(file):   486024 kB
Unevictable:       12768 kB
Mlocked:               0 kB
SwapTotal:        720184 kB
SwapFree:         720156 kB
Dirty:               144 kB
Writeback:             0 kB
AnonPages:       1014236 kB
Mapped:           696916 kB
Shmem:             35644 kB
Slab:             120012 kB
SReclaimable:      35800 kB
SUnreclaim:        84212 kB
KernelStack:       34656 kB
PageTables:        57980 kB
NFS_Unstable:          0 kB
Bounce:                0 kB
WritebackTmp:          0 kB
CommitLimit:     2172840 kB
Committed_AS:   93326132 kB
VmallocTotal:   251658176 kB
VmallocUsed:      139888 kB
VmallocChunk:   251420204 kB
Time pass: 194 sec

---2015-12-05 14:07:44
MemTotal:        2905316 kB
MemFree:           73752 kB
Buffers:           26096 kB
Cached:           993860 kB
SwapCached:            0 kB
Active:          1323492 kB
Inactive:         695576 kB
Active(anon):     837436 kB
Inactive(anon):   209332 kB
Active(file):     486056 kB
Inactive(file):   486244 kB
Unevictable:       12768 kB
Mlocked:               0 kB
SwapTotal:        720184 kB
SwapFree:         720156 kB
Dirty:               144 kB
Writeback:             0 kB
AnonPages:       1011872 kB
Mapped:           696248 kB
Shmem:             34888 kB
Slab:             117328 kB
SReclaimable:      35816 kB
SUnreclaim:        81512 kB
KernelStack:       34624 kB
PageTables:        57276 kB
NFS_Unstable:          0 kB
Bounce:                0 kB
WritebackTmp:          0 kB
CommitLimit:     2172840 kB
Committed_AS:   93046368 kB
VmallocTotal:   251658176 kB
VmallocUsed:      139888 kB
VmallocChunk:   251420204 kB
Time pass: 198 sec

---2015-12-05 14:07:44
MemTotal:        2905316 kB
MemFree:           74580 kB
Buffers:           26096 kB
Cached:           993896 kB
SwapCached:            0 kB
Active:          1322812 kB
Inactive:         695580 kB
Active(anon):     836740 kB
Inactive(anon):   209340 kB
Active(file):     486072 kB
Inactive(file):   486240 kB
Unevictable:       12768 kB
Mlocked:               0 kB
SwapTotal:        720184 kB
SwapFree:         720156 kB
Dirty:                20 kB
Writeback:             0 kB
AnonPages:       1011192 kB
Mapped:           696444 kB
Shmem:             34908 kB
Slab:             117328 kB
SReclaimable:      35816 kB
SUnreclaim:        81512 kB
KernelStack:       34624 kB
PageTables:        57300 kB
NFS_Unstable:          0 kB
Bounce:                0 kB
WritebackTmp:          0 kB
CommitLimit:     2172840 kB
Committed_AS:   93046336 kB
VmallocTotal:   251658176 kB
VmallocUsed:      139888 kB
VmallocChunk:   251420204 kB
Time pass: 202 sec

---2015-12-05 14:07:44
MemTotal:        2905316 kB
MemFree:           75136 kB
Buffers:           26104 kB
Cached:           993896 kB
SwapCached:            0 kB
Active:          1322220 kB
Inactive:         695600 kB
Active(anon):     836144 kB
Inactive(anon):   209352 kB
Active(file):     486076 kB
Inactive(file):   486248 kB
Unevictable:       12768 kB
Mlocked:               0 kB
SwapTotal:        720184 kB
SwapFree:         720156 kB
Dirty:                 8 kB
Writeback:             0 kB
AnonPages:       1010544 kB
Mapped:           696384 kB
Shmem:             34908 kB
Slab:             117304 kB
SReclaimable:      35816 kB
SUnreclaim:        81488 kB
KernelStack:       34592 kB
PageTables:        57280 kB
NFS_Unstable:          0 kB
Bounce:                0 kB
WritebackTmp:          0 kB
CommitLimit:     2172840 kB
Committed_AS:   93046320 kB
VmallocTotal:   251658176 kB
VmallocUsed:      139888 kB
VmallocChunk:   251420204 kB
Time pass: 206 sec

---2015-12-05 14:07:44
MemTotal:        2905316 kB
MemFree:           74304 kB
Buffers:           26128 kB
Cached:           993952 kB
SwapCached:            0 kB
Active:          1323372 kB
Inactive:         695660 kB
Active(anon):     837276 kB
Inactive(anon):   209352 kB
Active(file):     486096 kB
Inactive(file):   486308 kB
Unevictable:       12768 kB
Mlocked:               0 kB
SwapTotal:        720184 kB
SwapFree:         720156 kB
Dirty:                96 kB
Writeback:             0 kB
AnonPages:       1011680 kB
Mapped:           696388 kB
Shmem:             34908 kB
Slab:             117304 kB
SReclaimable:      35816 kB
SUnreclaim:        81488 kB
KernelStack:       34592 kB
PageTables:        57280 kB
NFS_Unstable:          0 kB
Bounce:                0 kB
WritebackTmp:          0 kB
CommitLimit:     2172840 kB
Committed_AS:   93046296 kB
VmallocTotal:   251658176 kB
VmallocUsed:      139888 kB
VmallocChunk:   251420204 kB
Time pass: 210 sec

---2015-12-05 14:07:44
MemTotal:        2905316 kB
MemFree:           67752 kB
Buffers:           26136 kB
Cached:           994356 kB
SwapCached:            0 kB
Active:          1325876 kB
Inactive:         695812 kB
Active(anon):     839764 kB
Inactive(anon):   209356 kB
Active(file):     486112 kB
Inactive(file):   486456 kB
Unevictable:       12768 kB
Mlocked:               0 kB
SwapTotal:        720184 kB
SwapFree:         720156 kB
Dirty:                32 kB
Writeback:             0 kB
AnonPages:       1014160 kB
Mapped:           696572 kB
Shmem:             34912 kB
Slab:             120944 kB
SReclaimable:      39160 kB
SUnreclaim:        81784 kB
KernelStack:       34592 kB
PageTables:        57276 kB
NFS_Unstable:          0 kB
Bounce:                0 kB
WritebackTmp:          0 kB
CommitLimit:     2172840 kB
Committed_AS:   93057876 kB
VmallocTotal:   251658176 kB
VmallocUsed:      140908 kB
VmallocChunk:   251420204 kB
Time pass: 213 sec

---2015-12-05 14:07:44
MemTotal:        2905316 kB
MemFree:           67012 kB
Buffers:           26144 kB
Cached:           994564 kB
SwapCached:            0 kB
Active:          1325596 kB
Inactive:         696100 kB
Active(anon):     839340 kB
Inactive(anon):   209356 kB
Active(file):     486256 kB
Inactive(file):   486744 kB
Unevictable:       12768 kB
Mlocked:               0 kB
SwapTotal:        720184 kB
SwapFree:         720156 kB
Dirty:                72 kB
Writeback:             0 kB
AnonPages:       1014024 kB
Mapped:           696656 kB
Shmem:             34912 kB
Slab:             121344 kB
SReclaimable:      39552 kB
SUnreclaim:        81792 kB
KernelStack:       34624 kB
PageTables:        57368 kB
NFS_Unstable:          0 kB
Bounce:                0 kB
WritebackTmp:          0 kB
CommitLimit:     2172840 kB
Committed_AS:   93052244 kB
VmallocTotal:   251658176 kB
VmallocUsed:      139888 kB
VmallocChunk:   251420204 kB
Time pass: 217 sec

---2015-12-05 14:07:44
MemTotal:        2905316 kB
MemFree:           66560 kB
Buffers:           26152 kB
Cached:           994896 kB
SwapCached:            0 kB
Active:          1325572 kB
Inactive:         696408 kB
Active(anon):     839280 kB
Inactive(anon):   209360 kB
Active(file):     486292 kB
Inactive(file):   487048 kB
Unevictable:       12768 kB
Mlocked:               0 kB
SwapTotal:        720184 kB
SwapFree:         720156 kB
Dirty:                12 kB
Writeback:             0 kB
AnonPages:       1013680 kB
Mapped:           696740 kB
Shmem:             34916 kB
Slab:             121624 kB
SReclaimable:      39792 kB
SUnreclaim:        81832 kB
KernelStack:       34512 kB
PageTables:        57280 kB
NFS_Unstable:          0 kB
Bounce:                0 kB
WritebackTmp:          0 kB
CommitLimit:     2172840 kB
Committed_AS:   93046284 kB
VmallocTotal:   251658176 kB
VmallocUsed:      139888 kB
VmallocChunk:   251420204 kB
Time pass: 221 sec

---2015-12-05 14:07:44
MemTotal:        2905316 kB
MemFree:           66660 kB
Buffers:           26160 kB
Cached:           994900 kB
SwapCached:            0 kB
Active:          1325832 kB
Inactive:         696436 kB
Active(anon):     839540 kB
Inactive(anon):   209364 kB
Active(file):     486292 kB
Inactive(file):   487072 kB
Unevictable:       12768 kB
Mlocked:               0 kB
SwapTotal:        720184 kB
SwapFree:         720156 kB
Dirty:                48 kB
Writeback:             0 kB
AnonPages:       1013968 kB
Mapped:           696748 kB
Shmem:             34920 kB
Slab:             121628 kB
SReclaimable:      39796 kB
SUnreclaim:        81832 kB
KernelStack:       34512 kB
PageTables:        57276 kB
NFS_Unstable:          0 kB
Bounce:                0 kB
WritebackTmp:          0 kB
CommitLimit:     2172840 kB
Committed_AS:   93046320 kB
VmallocTotal:   251658176 kB
VmallocUsed:      139888 kB
VmallocChunk:   251420204 kB
Time pass: 225 sec

---2015-12-05 14:07:44
MemTotal:        2905316 kB
MemFree:           66372 kB
Buffers:           26168 kB
Cached:           994972 kB
SwapCached:            0 kB
Active:          1326504 kB
Inactive:         696516 kB
Active(anon):     840204 kB
Inactive(anon):   209424 kB
Active(file):     486300 kB
Inactive(file):   487092 kB
Unevictable:       12768 kB
Mlocked:               0 kB
SwapTotal:        720184 kB
SwapFree:         720156 kB
Dirty:                92 kB
Writeback:             0 kB
AnonPages:       1014644 kB
Mapped:           696820 kB
Shmem:             34980 kB
Slab:             121632 kB
SReclaimable:      39796 kB
SUnreclaim:        81836 kB
KernelStack:       34512 kB
PageTables:        57332 kB
NFS_Unstable:          0 kB
Bounce:                0 kB
WritebackTmp:          0 kB
CommitLimit:     2172840 kB
Committed_AS:   93072944 kB
VmallocTotal:   251658176 kB
VmallocUsed:      139888 kB
VmallocChunk:   251420204 kB
Time pass: 229 sec

---2015-12-05 14:07:44
MemTotal:        2905316 kB
MemFree:           70648 kB
Buffers:           26216 kB
Cached:           992612 kB
SwapCached:            0 kB
Active:          1321580 kB
Inactive:         696528 kB
Active(anon):     836176 kB
Inactive(anon):   210988 kB
Active(file):     485404 kB
Inactive(file):   485540 kB
Unevictable:       12768 kB
Mlocked:               0 kB
SwapTotal:        720184 kB
SwapFree:         720156 kB
Dirty:               244 kB
Writeback:             0 kB
AnonPages:       1012020 kB
Mapped:           696968 kB
Shmem:             35116 kB
Slab:             121456 kB
SReclaimable:      39760 kB
SUnreclaim:        81696 kB
KernelStack:       34528 kB
PageTables:        57432 kB
NFS_Unstable:          0 kB
Bounce:                0 kB
WritebackTmp:          0 kB
CommitLimit:     2172840 kB
Committed_AS:   93076044 kB
VmallocTotal:   251658176 kB
VmallocUsed:      139888 kB
VmallocChunk:   251420204 kB
Time pass: 233 sec

---2015-12-05 14:07:44
MemTotal:        2905316 kB
MemFree:           70152 kB
Buffers:           26216 kB
Cached:           992704 kB
SwapCached:            0 kB
Active:          1322200 kB
Inactive:         696616 kB
Active(anon):     836792 kB
Inactive(anon):   211076 kB
Active(file):     485408 kB
Inactive(file):   485540 kB
Unevictable:       12768 kB
Mlocked:               0 kB
SwapTotal:        720184 kB
SwapFree:         720156 kB
Dirty:                 8 kB
Writeback:             0 kB
AnonPages:       1012828 kB
Mapped:           697056 kB
Shmem:             35204 kB
Slab:             121460 kB
SReclaimable:      39760 kB
SUnreclaim:        81700 kB
KernelStack:       34528 kB
PageTables:        57428 kB
NFS_Unstable:          0 kB
Bounce:                0 kB
WritebackTmp:          0 kB
CommitLimit:     2172840 kB
Committed_AS:   93076076 kB
VmallocTotal:   251658176 kB
VmallocUsed:      139888 kB
VmallocChunk:   251420204 kB
Time pass: 237 sec

---2015-12-05 14:07:44
MemTotal:        2905316 kB
MemFree:           69744 kB
Buffers:           26232 kB
Cached:           992832 kB
SwapCached:            0 kB
Active:          1322700 kB
Inactive:         696748 kB
Active(anon):     837280 kB
Inactive(anon):   211188 kB
Active(file):     485420 kB
Inactive(file):   485560 kB
Unevictable:       12768 kB
Mlocked:               0 kB
SwapTotal:        720184 kB
SwapFree:         720156 kB
Dirty:                16 kB
Writeback:             0 kB
AnonPages:       1013136 kB
Mapped:           697180 kB
Shmem:             35316 kB
Slab:             121452 kB
SReclaimable:      39752 kB
SUnreclaim:        81700 kB
KernelStack:       34528 kB
PageTables:        57428 kB
NFS_Unstable:          0 kB
Bounce:                0 kB
WritebackTmp:          0 kB
CommitLimit:     2172840 kB
Committed_AS:   93075980 kB
VmallocTotal:   251658176 kB
VmallocUsed:      139888 kB
VmallocChunk:   251420204 kB
Time pass: 241 sec

---2015-12-05 14:07:44
MemTotal:        2905316 kB
MemFree:           67176 kB
Buffers:           26240 kB
Cached:           992836 kB
SwapCached:            0 kB
Active:          1324876 kB
Inactive:         696756 kB
Active(anon):     839452 kB
Inactive(anon):   211188 kB
Active(file):     485424 kB
Inactive(file):   485568 kB
Unevictable:       12768 kB
Mlocked:               0 kB
SwapTotal:        720184 kB
SwapFree:         720156 kB
Dirty:                48 kB
Writeback:             0 kB
AnonPages:       1015444 kB
Mapped:           697188 kB
Shmem:             35316 kB
Slab:             121448 kB
SReclaimable:      39752 kB
SUnreclaim:        81696 kB
KernelStack:       34512 kB
PageTables:        57420 kB
NFS_Unstable:          0 kB
Bounce:                0 kB
WritebackTmp:          0 kB
CommitLimit:     2172840 kB
Committed_AS:   93076040 kB
VmallocTotal:   251658176 kB
VmallocUsed:      139888 kB
VmallocChunk:   251420204 kB
Time pass: 245 sec

---2015-12-05 14:07:44
MemTotal:        2905316 kB
MemFree:           70736 kB
Buffers:           26272 kB
Cached:           992060 kB
SwapCached:            0 kB
Active:          1326556 kB
Inactive:         696108 kB
Active(anon):     841216 kB
Inactive(anon):   210812 kB
Active(file):     485340 kB
Inactive(file):   485296 kB
Unevictable:       12768 kB
Mlocked:               0 kB
SwapTotal:        720184 kB
SwapFree:         720156 kB
Dirty:               172 kB
Writeback:             0 kB
AnonPages:       1017280 kB
Mapped:           696804 kB
Shmem:             34940 kB
Slab:             117424 kB
SReclaimable:      35960 kB
SUnreclaim:        81464 kB
KernelStack:       34400 kB
PageTables:        57348 kB
NFS_Unstable:          0 kB
Bounce:                0 kB
WritebackTmp:          0 kB
CommitLimit:     2172840 kB
Committed_AS:   93076108 kB
VmallocTotal:   251658176 kB
VmallocUsed:      139888 kB
VmallocChunk:   251420204 kB
Time pass: 249 sec

---2015-12-05 14:07:44
MemTotal:        2905316 kB
MemFree:           68316 kB
Buffers:           26280 kB
Cached:           992132 kB
SwapCached:            0 kB
Active:          1329840 kB
Inactive:         696096 kB
Active(anon):     844444 kB
Inactive(anon):   210796 kB
Active(file):     485396 kB
Inactive(file):   485300 kB
Unevictable:       12768 kB
Mlocked:               0 kB
SwapTotal:        720184 kB
SwapFree:         720156 kB
Dirty:                72 kB
Writeback:             0 kB
AnonPages:       1020560 kB
Mapped:           696784 kB
Shmem:             34948 kB
Slab:             117348 kB
SReclaimable:      36084 kB
SUnreclaim:        81264 kB
KernelStack:       34400 kB
PageTables:        57324 kB
NFS_Unstable:          0 kB
Bounce:                0 kB
WritebackTmp:          0 kB
CommitLimit:     2172840 kB
Committed_AS:   93076092 kB
VmallocTotal:   251658176 kB
VmallocUsed:      139888 kB
VmallocChunk:   251420204 kB
Time pass: 253 sec

---2015-12-05 14:07:44
MemTotal:        2905316 kB
MemFree:           67980 kB
Buffers:           26296 kB
Cached:           992128 kB
SwapCached:            0 kB
Active:          1330456 kB
Inactive:         696100 kB
Active(anon):     845052 kB
Inactive(anon):   210804 kB
Active(file):     485404 kB
Inactive(file):   485296 kB
Unevictable:       12768 kB
Mlocked:               0 kB
SwapTotal:        720184 kB
SwapFree:         720156 kB
Dirty:                12 kB
Writeback:             0 kB
AnonPages:       1021008 kB
Mapped:           696856 kB
Shmem:             34956 kB
Slab:             117224 kB
SReclaimable:      35956 kB
SUnreclaim:        81268 kB
KernelStack:       34352 kB
PageTables:        57348 kB
NFS_Unstable:          0 kB
Bounce:                0 kB
WritebackTmp:          0 kB
CommitLimit:     2172840 kB
Committed_AS:   93102716 kB
VmallocTotal:   251658176 kB
VmallocUsed:      139888 kB
VmallocChunk:   251420204 kB
Time pass: 257 sec

---2015-12-05 14:07:44
MemTotal:        2905316 kB
MemFree:           71212 kB
Buffers:           26296 kB
Cached:           992412 kB
SwapCached:            0 kB
Active:          1326440 kB
Inactive:         696364 kB
Active(anon):     841020 kB
Inactive(anon):   210864 kB
Active(file):     485420 kB
Inactive(file):   485500 kB
Unevictable:       12768 kB
Mlocked:               0 kB
SwapTotal:        720184 kB
SwapFree:         720156 kB
Dirty:                 8 kB
Writeback:             0 kB
AnonPages:       1016860 kB
Mapped:           696960 kB
Shmem:             35020 kB
Slab:             117224 kB
SReclaimable:      35956 kB
SUnreclaim:        81268 kB
KernelStack:       34384 kB
PageTables:        57404 kB
NFS_Unstable:          0 kB
Bounce:                0 kB
WritebackTmp:          0 kB
CommitLimit:     2172840 kB
Committed_AS:   93102764 kB
VmallocTotal:   251658176 kB
VmallocUsed:      139888 kB
VmallocChunk:   251420204 kB
Time pass: 261 sec

---2015-12-05 14:07:44
MemTotal:        2905316 kB
MemFree:           77624 kB
Buffers:           26304 kB
Cached:           992412 kB
SwapCached:            0 kB
Active:          1319780 kB
Inactive:         696372 kB
Active(anon):     834360 kB
Inactive(anon):   210864 kB
Active(file):     485420 kB
Inactive(file):   485508 kB
Unevictable:       12768 kB
Mlocked:               0 kB
SwapTotal:        720184 kB
SwapFree:         720156 kB
Dirty:                64 kB
Writeback:             0 kB
AnonPages:       1009852 kB
Mapped:           697060 kB
Shmem:             35020 kB
Slab:             117224 kB
SReclaimable:      35956 kB
SUnreclaim:        81268 kB
KernelStack:       34416 kB
PageTables:        57448 kB
NFS_Unstable:          0 kB
Bounce:                0 kB
WritebackTmp:          0 kB
CommitLimit:     2172840 kB
Committed_AS:   93102796 kB
VmallocTotal:   251658176 kB
VmallocUsed:      139888 kB
VmallocChunk:   251420204 kB
Time pass: 264 sec

---2015-12-05 14:07:44
MemTotal:        2905316 kB
MemFree:           76624 kB
Buffers:           26312 kB
Cached:           992416 kB
SwapCached:            0 kB
Active:          1320408 kB
Inactive:         696380 kB
Active(anon):     834984 kB
Inactive(anon):   210864 kB
Active(file):     485424 kB
Inactive(file):   485516 kB
Unevictable:       12768 kB
Mlocked:               0 kB
SwapTotal:        720184 kB
SwapFree:         720156 kB
Dirty:                20 kB
Writeback:             0 kB
AnonPages:       1010916 kB
Mapped:           696976 kB
Shmem:             35020 kB
Slab:             117224 kB
SReclaimable:      35956 kB
SUnreclaim:        81268 kB
KernelStack:       34416 kB
PageTables:        57408 kB
NFS_Unstable:          0 kB
Bounce:                0 kB
WritebackTmp:          0 kB
CommitLimit:     2172840 kB
Committed_AS:   93102784 kB
VmallocTotal:   251658176 kB
VmallocUsed:      139888 kB
VmallocChunk:   251420204 kB
Time pass: 268 sec

---2015-12-05 14:07:44
MemTotal:        2905316 kB
MemFree:           74988 kB
Buffers:           26328 kB
Cached:           992448 kB
SwapCached:            0 kB
Active:          1322704 kB
Inactive:         696416 kB
Active(anon):     837268 kB
Inactive(anon):   210864 kB
Active(file):     485436 kB
Inactive(file):   485552 kB
Unevictable:       12768 kB
Mlocked:               0 kB
SwapTotal:        720184 kB
SwapFree:         720156 kB
Dirty:                16 kB
Writeback:             0 kB
AnonPages:       1013292 kB
Mapped:           697060 kB
Shmem:             35020 kB
Slab:             117228 kB
SReclaimable:      35956 kB
SUnreclaim:        81272 kB
KernelStack:       34416 kB
PageTables:        57404 kB
NFS_Unstable:          0 kB
Bounce:                0 kB
WritebackTmp:          0 kB
CommitLimit:     2172840 kB
Committed_AS:   93102796 kB
VmallocTotal:   251658176 kB
VmallocUsed:      139888 kB
VmallocChunk:   251420204 kB
Time pass: 272 sec

---2015-12-05 14:07:44
MemTotal:        2905316 kB
MemFree:           74016 kB
Buffers:           26336 kB
Cached:           992492 kB
SwapCached:            0 kB
Active:          1322924 kB
Inactive:         696464 kB
Active(anon):     837484 kB
Inactive(anon):   210876 kB
Active(file):     485440 kB
Inactive(file):   485588 kB
Unevictable:       12768 kB
Mlocked:               0 kB
SwapTotal:        720184 kB
SwapFree:         720156 kB
Dirty:                 4 kB
Writeback:             0 kB
AnonPages:       1013072 kB
Mapped:           697140 kB
Shmem:             35032 kB
Slab:             117228 kB
SReclaimable:      35956 kB
SUnreclaim:        81272 kB
KernelStack:       34416 kB
PageTables:        57428 kB
NFS_Unstable:          0 kB
Bounce:                0 kB
WritebackTmp:          0 kB
CommitLimit:     2172840 kB
Committed_AS:   93102796 kB
VmallocTotal:   251658176 kB
VmallocUsed:      139888 kB
VmallocChunk:   251420204 kB
Time pass: 276 sec

---2015-12-05 14:07:44
MemTotal:        2905316 kB
MemFree:           74460 kB
Buffers:           26344 kB
Cached:           992524 kB
SwapCached:            0 kB
Active:          1322992 kB
Inactive:         696500 kB
Active(anon):     837548 kB
Inactive(anon):   210900 kB
Active(file):     485444 kB
Inactive(file):   485600 kB
Unevictable:       12768 kB
Mlocked:               0 kB
SwapTotal:        720184 kB
SwapFree:         720156 kB
Dirty:                36 kB
Writeback:             0 kB
AnonPages:       1013484 kB
Mapped:           697116 kB
Shmem:             35056 kB
Slab:             117224 kB
SReclaimable:      35956 kB
SUnreclaim:        81268 kB
KernelStack:       34416 kB
PageTables:        57404 kB
NFS_Unstable:          0 kB
Bounce:                0 kB
WritebackTmp:          0 kB
CommitLimit:     2172840 kB
Committed_AS:   93102720 kB
VmallocTotal:   251658176 kB
VmallocUsed:      139888 kB
VmallocChunk:   251420204 kB
Time pass: 280 sec

---2015-12-05 14:07:44
MemTotal:        2905316 kB
MemFree:           73148 kB
Buffers:           26368 kB
Cached:           992564 kB
SwapCached:            0 kB
Active:          1324060 kB
Inactive:         696552 kB
Active(anon):     838604 kB
Inactive(anon):   210900 kB
Active(file):     485456 kB
Inactive(file):   485652 kB
Unevictable:       12768 kB
Mlocked:               0 kB
SwapTotal:        720184 kB
SwapFree:         720156 kB
Dirty:               120 kB
Writeback:             0 kB
AnonPages:       1014564 kB
Mapped:           697192 kB
Shmem:             35056 kB
Slab:             117224 kB
SReclaimable:      35956 kB
SUnreclaim:        81268 kB
KernelStack:       34416 kB
PageTables:        57424 kB
NFS_Unstable:          0 kB
Bounce:                0 kB
WritebackTmp:          0 kB
CommitLimit:     2172840 kB
Committed_AS:   93102820 kB
VmallocTotal:   251658176 kB
VmallocUsed:      139888 kB
VmallocChunk:   251420204 kB
Time pass: 284 sec

---2015-12-05 14:07:44
MemTotal:        2905316 kB
MemFree:           72064 kB
Buffers:           26376 kB
Cached:           992636 kB
SwapCached:            0 kB
Active:          1324944 kB
Inactive:         696620 kB
Active(anon):     839476 kB
Inactive(anon):   210964 kB
Active(file):     485468 kB
Inactive(file):   485656 kB
Unevictable:       12768 kB
Mlocked:               0 kB
SwapTotal:        720184 kB
SwapFree:         720156 kB
Dirty:                56 kB
Writeback:             0 kB
AnonPages:       1015432 kB
Mapped:           697264 kB
Shmem:             35120 kB
Slab:             117224 kB
SReclaimable:      35956 kB
SUnreclaim:        81268 kB
KernelStack:       34416 kB
PageTables:        57480 kB
NFS_Unstable:          0 kB
Bounce:                0 kB
WritebackTmp:          0 kB
CommitLimit:     2172840 kB
Committed_AS:   93129396 kB
VmallocTotal:   251658176 kB
VmallocUsed:      139888 kB
VmallocChunk:   251420204 kB
Time pass: 288 sec

---2015-12-05 14:07:44
MemTotal:        2905316 kB
MemFree:           72012 kB
Buffers:           26384 kB
Cached:           992640 kB
SwapCached:            0 kB
Active:          1325048 kB
Inactive:         696632 kB
Active(anon):     839580 kB
Inactive(anon):   210968 kB
Active(file):     485468 kB
Inactive(file):   485664 kB
Unevictable:       12768 kB
Mlocked:               0 kB
SwapTotal:        720184 kB
SwapFree:         720156 kB
Dirty:                12 kB
Writeback:             0 kB
AnonPages:       1015336 kB
Mapped:           697272 kB
Shmem:             35124 kB
Slab:             117224 kB
SReclaimable:      35956 kB
SUnreclaim:        81268 kB
KernelStack:       34368 kB
PageTables:        57476 kB
NFS_Unstable:          0 kB
Bounce:                0 kB
WritebackTmp:          0 kB
CommitLimit:     2172840 kB
Committed_AS:   93129420 kB
VmallocTotal:   251658176 kB
VmallocUsed:      139888 kB
VmallocChunk:   251420204 kB
Time pass: 291 sec

---2015-12-05 14:07:44
MemTotal:        2905316 kB
MemFree:           71692 kB
Buffers:           26400 kB
Cached:           992680 kB
SwapCached:            0 kB
Active:          1325600 kB
Inactive:         696680 kB
Active(anon):     840124 kB
Inactive(anon):   210968 kB
Active(file):     485476 kB
Inactive(file):   485712 kB
Unevictable:       12768 kB
Mlocked:               0 kB
SwapTotal:        720184 kB
SwapFree:         720156 kB
Dirty:                 0 kB
Writeback:             0 kB
AnonPages:       1015916 kB
Mapped:           697216 kB
Shmem:             35124 kB
Slab:             117224 kB
SReclaimable:      35956 kB
SUnreclaim:        81268 kB
KernelStack:       34368 kB
PageTables:        57452 kB
NFS_Unstable:          0 kB
Bounce:                0 kB
WritebackTmp:          0 kB
CommitLimit:     2172840 kB
Committed_AS:   93129420 kB
VmallocTotal:   251658176 kB
VmallocUsed:      139888 kB
VmallocChunk:   251420204 kB
Time pass: 295 sec

---2015-12-05 14:07:44
MemTotal:        2905316 kB
MemFree:           71160 kB
Buffers:           26408 kB
Cached:           992684 kB
SwapCached:            0 kB
Active:          1325692 kB
Inactive:         696688 kB
Active(anon):     840216 kB
Inactive(anon):   210968 kB
Active(file):     485476 kB
Inactive(file):   485720 kB
Unevictable:       12768 kB
Mlocked:               0 kB
SwapTotal:        720184 kB
SwapFree:         720156 kB
Dirty:                68 kB
Writeback:             0 kB
AnonPages:       1016056 kB
Mapped:           697232 kB
Shmem:             35124 kB
Slab:             117224 kB
SReclaimable:      35956 kB
SUnreclaim:        81268 kB
KernelStack:       34384 kB
PageTables:        57460 kB
NFS_Unstable:          0 kB
Bounce:                0 kB
WritebackTmp:          0 kB
CommitLimit:     2172840 kB
Committed_AS:   93129360 kB
VmallocTotal:   251658176 kB
VmallocUsed:      139888 kB
VmallocChunk:   251420204 kB
Time pass: 299 sec

---2015-12-05 14:07:44
MemTotal:        2905316 kB
MemFree:           71816 kB
Buffers:           26408 kB
Cached:           992688 kB
SwapCached:            0 kB
Active:          1325584 kB
Inactive:         696692 kB
Active(anon):     840104 kB
Inactive(anon):   210972 kB
Active(file):     485480 kB
Inactive(file):   485720 kB
Unevictable:       12768 kB
Mlocked:               0 kB
SwapTotal:        720184 kB
SwapFree:         720156 kB
Dirty:                64 kB
Writeback:             0 kB
AnonPages:       1016072 kB
Mapped:           697240 kB
Shmem:             35128 kB
Slab:             117224 kB
SReclaimable:      35956 kB
SUnreclaim:        81268 kB
KernelStack:       34384 kB
PageTables:        57452 kB
NFS_Unstable:          0 kB
Bounce:                0 kB
WritebackTmp:          0 kB
CommitLimit:     2172840 kB
Committed_AS:   93129368 kB
VmallocTotal:   251658176 kB
VmallocUsed:      139888 kB
VmallocChunk:   251420204 kB
Time pass: 303 sec

---2015-12-05 14:07:44
MemTotal:        2905316 kB
MemFree:           70912 kB
Buffers:           26432 kB
Cached:           992728 kB
SwapCached:            0 kB
Active:          1326344 kB
Inactive:         696740 kB
Active(anon):     840848 kB
Inactive(anon):   210976 kB
Active(file):     485496 kB
Inactive(file):   485764 kB
Unevictable:       12768 kB
Mlocked:               0 kB
SwapTotal:        720184 kB
SwapFree:         720156 kB
Dirty:                40 kB
Writeback:             0 kB
AnonPages:       1016908 kB
Mapped:           697304 kB
Shmem:             35132 kB
Slab:             117224 kB
SReclaimable:      35956 kB
SUnreclaim:        81268 kB
KernelStack:       34384 kB
PageTables:        57476 kB
NFS_Unstable:          0 kB
Bounce:                0 kB
WritebackTmp:          0 kB
CommitLimit:     2172840 kB
Committed_AS:   93129380 kB
VmallocTotal:   251658176 kB
VmallocUsed:      139888 kB
VmallocChunk:   251420204 kB
Time pass: 307 sec

---2015-12-05 14:07:44
MemTotal:        2905316 kB
MemFree:           70256 kB
Buffers:           26440 kB
Cached:           992760 kB
SwapCached:            0 kB
Active:          1326592 kB
Inactive:         696776 kB
Active(anon):     841096 kB
Inactive(anon):   211004 kB
Active(file):     485496 kB
Inactive(file):   485772 kB
Unevictable:       12768 kB
Mlocked:               0 kB
SwapTotal:        720184 kB
SwapFree:         720156 kB
Dirty:                40 kB
Writeback:             0 kB
AnonPages:       1017112 kB
Mapped:           697336 kB
Shmem:             35160 kB
Slab:             117224 kB
SReclaimable:      35956 kB
SUnreclaim:        81268 kB
KernelStack:       34352 kB
PageTables:        57476 kB
NFS_Unstable:          0 kB
Bounce:                0 kB
WritebackTmp:          0 kB
CommitLimit:     2172840 kB
Committed_AS:   93129388 kB
VmallocTotal:   251658176 kB
VmallocUsed:      139888 kB
VmallocChunk:   251420204 kB
Time pass: 311 sec

---2015-12-05 14:07:44
MemTotal:        2905316 kB
MemFree:           70164 kB
Buffers:           26448 kB
Cached:           992764 kB
SwapCached:            0 kB
Active:          1327000 kB
Inactive:         696788 kB
Active(anon):     841500 kB
Inactive(anon):   211004 kB
Active(file):     485500 kB
Inactive(file):   485784 kB
Unevictable:       12768 kB
Mlocked:               0 kB
SwapTotal:        720184 kB
SwapFree:         720156 kB
Dirty:                36 kB
Writeback:             0 kB
AnonPages:       1017344 kB
Mapped:           697348 kB
Shmem:             35160 kB
Slab:             117224 kB
SReclaimable:      35956 kB
SUnreclaim:        81268 kB
KernelStack:       34320 kB
PageTables:        57476 kB
NFS_Unstable:          0 kB
Bounce:                0 kB
WritebackTmp:          0 kB
CommitLimit:     2172840 kB
Committed_AS:   93129312 kB
VmallocTotal:   251658176 kB
VmallocUsed:      139888 kB
VmallocChunk:   251420204 kB
Time pass: 316 sec

---2015-12-05 14:07:44
MemTotal:        2905316 kB
MemFree:           68612 kB
Buffers:           26464 kB
Cached:           992852 kB
SwapCached:            0 kB
Active:          1327840 kB
Inactive:         696844 kB
Active(anon):     842324 kB
Inactive(anon):   211028 kB
Active(file):     485516 kB
Inactive(file):   485816 kB
Unevictable:       12768 kB
Mlocked:               0 kB
SwapTotal:        720184 kB
SwapFree:         720156 kB
Dirty:               112 kB
Writeback:             0 kB
AnonPages:       1018020 kB
Mapped:           697336 kB
Shmem:             35196 kB
Slab:             117228 kB
SReclaimable:      35956 kB
SUnreclaim:        81272 kB
KernelStack:       34256 kB
PageTables:        57484 kB
NFS_Unstable:          0 kB
Bounce:                0 kB
WritebackTmp:          0 kB
CommitLimit:     2172840 kB
Committed_AS:   93155904 kB
VmallocTotal:   251658176 kB
VmallocUsed:      139888 kB
VmallocChunk:   251420204 kB
Time pass: 320 sec

---2015-12-05 14:07:44
MemTotal:        2905316 kB
MemFree:           69184 kB
Buffers:           26472 kB
Cached:           992860 kB
SwapCached:            0 kB
Active:          1328092 kB
Inactive:         696872 kB
Active(anon):     842568 kB
Inactive(anon):   211028 kB
Active(file):     485524 kB
Inactive(file):   485844 kB
Unevictable:       12768 kB
Mlocked:               0 kB
SwapTotal:        720184 kB
SwapFree:         720156 kB
Dirty:                64 kB
Writeback:             0 kB
AnonPages:       1018396 kB
Mapped:           697352 kB
Shmem:             35196 kB
Slab:             117228 kB
SReclaimable:      35956 kB
SUnreclaim:        81272 kB
KernelStack:       34256 kB
PageTables:        57484 kB
NFS_Unstable:          0 kB
Bounce:                0 kB
WritebackTmp:          0 kB
CommitLimit:     2172840 kB
Committed_AS:   93155768 kB
VmallocTotal:   251658176 kB
VmallocUsed:      139888 kB
VmallocChunk:   251420204 kB
Time pass: 324 sec

---2015-12-05 14:07:44
MemTotal:        2905316 kB
MemFree:           68328 kB
Buffers:           26480 kB
Cached:           992896 kB
SwapCached:            0 kB
Active:          1328340 kB
Inactive:         696912 kB
Active(anon):     842812 kB
Inactive(anon):   211068 kB
Active(file):     485528 kB
Inactive(file):   485844 kB
Unevictable:       12768 kB
Mlocked:               0 kB
SwapTotal:        720184 kB
SwapFree:         720156 kB
Dirty:                36 kB
Writeback:             0 kB
AnonPages:       1018760 kB
Mapped:           697384 kB
Shmem:             35224 kB
Slab:             117228 kB
SReclaimable:      35956 kB
SUnreclaim:        81272 kB
KernelStack:       34256 kB
PageTables:        57504 kB
NFS_Unstable:          0 kB
Bounce:                0 kB
WritebackTmp:          0 kB
CommitLimit:     2172840 kB
Committed_AS:   93155680 kB
VmallocTotal:   251658176 kB
VmallocUsed:      139888 kB
VmallocChunk:   251420204 kB
Time pass: 328 sec

---2015-12-05 14:07:44
MemTotal:        2905316 kB
MemFree:           68116 kB
Buffers:           26504 kB
Cached:           992952 kB
SwapCached:            0 kB
Active:          1329388 kB
Inactive:         696988 kB
Active(anon):     843844 kB
Inactive(anon):   211068 kB
Active(file):     485544 kB
Inactive(file):   485920 kB
Unevictable:       12768 kB
Mlocked:               0 kB
SwapTotal:        720184 kB
SwapFree:         720156 kB
Dirty:                16 kB
Writeback:             0 kB
AnonPages:       1019768 kB
Mapped:           697432 kB
Shmem:             35224 kB
Slab:             117228 kB
SReclaimable:      35956 kB
SUnreclaim:        81272 kB
KernelStack:       34256 kB
PageTables:        57512 kB
NFS_Unstable:          0 kB
Bounce:                0 kB
WritebackTmp:          0 kB
CommitLimit:     2172840 kB
Committed_AS:   93155732 kB
VmallocTotal:   251658176 kB
VmallocUsed:      139888 kB
VmallocChunk:   251420204 kB
Time pass: 332 sec

---2015-12-05 14:07:44
MemTotal:        2905316 kB
MemFree:           66696 kB
Buffers:           26512 kB
Cached:           992960 kB
SwapCached:            0 kB
Active:          1329884 kB
Inactive:         697000 kB
Active(anon):     844336 kB
Inactive(anon):   211068 kB
Active(file):     485548 kB
Inactive(file):   485932 kB
Unevictable:       12768 kB
Mlocked:               0 kB
SwapTotal:        720184 kB
SwapFree:         720156 kB
Dirty:                 8 kB
Writeback:             0 kB
AnonPages:       1020436 kB
Mapped:           697444 kB
Shmem:             35224 kB
Slab:             117228 kB
SReclaimable:      35956 kB
SUnreclaim:        81272 kB
KernelStack:       34224 kB
PageTables:        57508 kB
NFS_Unstable:          0 kB
Bounce:                0 kB
WritebackTmp:          0 kB
CommitLimit:     2172840 kB
Committed_AS:   93155804 kB
VmallocTotal:   251658176 kB
VmallocUsed:      139888 kB
VmallocChunk:   251420204 kB
Time pass: 337 sec

---2015-12-05 14:07:44
MemTotal:        2905316 kB
MemFree:           66532 kB
Buffers:           26520 kB
Cached:           992968 kB
SwapCached:            0 kB
Active:          1330396 kB
Inactive:         697016 kB
Active(anon):     844848 kB
Inactive(anon):   211072 kB
Active(file):     485548 kB
Inactive(file):   485944 kB
Unevictable:       12768 kB
Mlocked:               0 kB
SwapTotal:        720184 kB
SwapFree:         720156 kB
Dirty:                32 kB
Writeback:             0 kB
AnonPages:       1020716 kB
Mapped:           697452 kB
Shmem:             35228 kB
Slab:             117228 kB
SReclaimable:      35956 kB
SUnreclaim:        81272 kB
KernelStack:       34224 kB
PageTables:        57512 kB
NFS_Unstable:          0 kB
Bounce:                0 kB
WritebackTmp:          0 kB
CommitLimit:     2172840 kB
Committed_AS:   93155804 kB
VmallocTotal:   251658176 kB
VmallocUsed:      139888 kB
VmallocChunk:   251420204 kB
Time pass: 341 sec

---2015-12-05 14:07:44
MemTotal:        2905316 kB
MemFree:           66388 kB
Buffers:           26536 kB
Cached:           993000 kB
SwapCached:            0 kB
Active:          1330644 kB
Inactive:         697048 kB
Active(anon):     845080 kB
Inactive(anon):   211072 kB
Active(file):     485564 kB
Inactive(file):   485976 kB
Unevictable:       12768 kB
Mlocked:               0 kB
SwapTotal:        720184 kB
SwapFree:         720156 kB
Dirty:               104 kB
Writeback:             0 kB
AnonPages:       1021148 kB
Mapped:           697464 kB
Shmem:             35228 kB
Slab:             117228 kB
SReclaimable:      35956 kB
SUnreclaim:        81272 kB
KernelStack:       34208 kB
PageTables:        57512 kB
NFS_Unstable:          0 kB
Bounce:                0 kB
WritebackTmp:          0 kB
CommitLimit:     2172840 kB
Committed_AS:   93155804 kB
VmallocTotal:   251658176 kB
VmallocUsed:      139888 kB
VmallocChunk:   251420204 kB
Time pass: 345 sec

---2015-12-05 14:07:44
MemTotal:        2905316 kB
MemFree:           66096 kB
Buffers:           26544 kB
Cached:           993096 kB
SwapCached:            0 kB
Active:          1330848 kB
Inactive:         697144 kB
Active(anon):     845276 kB
Inactive(anon):   211160 kB
Active(file):     485572 kB
Inactive(file):   485984 kB
Unevictable:       12768 kB
Mlocked:               0 kB
SwapTotal:        720184 kB
SwapFree:         720156 kB
Dirty:                72 kB
Writeback:             0 kB
AnonPages:       1021216 kB
Mapped:           697500 kB
Shmem:             35316 kB
Slab:             117228 kB
SReclaimable:      35956 kB
SUnreclaim:        81272 kB
KernelStack:       34192 kB
PageTables:        57540 kB
NFS_Unstable:          0 kB
Bounce:                0 kB
WritebackTmp:          0 kB
CommitLimit:     2172840 kB
Committed_AS:   93182360 kB
VmallocTotal:   251658176 kB
VmallocUsed:      139888 kB
VmallocChunk:   251420204 kB
Time pass: 349 sec

---2015-12-05 14:07:44
MemTotal:        2905316 kB
MemFree:           65532 kB
Buffers:           26552 kB
Cached:           993092 kB
SwapCached:            0 kB
Active:          1331448 kB
Inactive:         697148 kB
Active(anon):     845876 kB
Inactive(anon):   211164 kB
Active(file):     485572 kB
Inactive(file):   485984 kB
Unevictable:       12768 kB
Mlocked:               0 kB
SwapTotal:        720184 kB
SwapFree:         720156 kB
Dirty:                12 kB
Writeback:             0 kB
AnonPages:       1021832 kB
Mapped:           697564 kB
Shmem:             35320 kB
Slab:             117228 kB
SReclaimable:      35956 kB
SUnreclaim:        81272 kB
KernelStack:       34224 kB
PageTables:        57560 kB
NFS_Unstable:          0 kB
Bounce:                0 kB
WritebackTmp:          0 kB
CommitLimit:     2172840 kB
Committed_AS:   93182392 kB
VmallocTotal:   251658176 kB
VmallocUsed:      139888 kB
VmallocChunk:   251420204 kB
Time pass: 352 sec

---2015-12-05 14:07:44
MemTotal:        2905316 kB
MemFree:           64148 kB
Buffers:           26568 kB
Cached:           993152 kB
SwapCached:            0 kB
Active:          1332716 kB
Inactive:         697196 kB
Active(anon):     847116 kB
Inactive(anon):   211164 kB
Active(file):     485600 kB
Inactive(file):   486032 kB
Unevictable:       12768 kB
Mlocked:               0 kB
SwapTotal:        720184 kB
SwapFree:         720156 kB
Dirty:                 4 kB
Writeback:             0 kB
AnonPages:       1023000 kB
Mapped:           697580 kB
Shmem:             35320 kB
Slab:             117228 kB
SReclaimable:      35956 kB
SUnreclaim:        81272 kB
KernelStack:       34224 kB
PageTables:        57560 kB
NFS_Unstable:          0 kB
Bounce:                0 kB
WritebackTmp:          0 kB
CommitLimit:     2172840 kB
Committed_AS:   93182444 kB
VmallocTotal:   251658176 kB
VmallocUsed:      139888 kB
VmallocChunk:   251420204 kB
Time pass: 357 sec

---2015-12-05 14:07:44
MemTotal:        2905316 kB
MemFree:           63308 kB
Buffers:           26576 kB
Cached:           993152 kB
SwapCached:            0 kB
Active:          1332916 kB
Inactive:         697204 kB
Active(anon):     847316 kB
Inactive(anon):   211164 kB
Active(file):     485600 kB
Inactive(file):   486040 kB
Unevictable:       12768 kB
Mlocked:               0 kB
SwapTotal:        720184 kB
SwapFree:         720156 kB
Dirty:                 4 kB
Writeback:             0 kB
AnonPages:       1023332 kB
Mapped:           697584 kB
Shmem:             35320 kB
Slab:             117224 kB
SReclaimable:      35956 kB
SUnreclaim:        81268 kB
KernelStack:       34256 kB
PageTables:        57564 kB
NFS_Unstable:          0 kB
Bounce:                0 kB
WritebackTmp:          0 kB
CommitLimit:     2172840 kB
Committed_AS:   93182428 kB
VmallocTotal:   251658176 kB
VmallocUsed:      139888 kB
VmallocChunk:   251420204 kB
Time pass: 361 sec

---2015-12-05 14:07:44
MemTotal:        2905316 kB
MemFree:           63428 kB
Buffers:           26600 kB
Cached:           993192 kB
SwapCached:            0 kB
Active:          1333480 kB
Inactive:         697252 kB
Active(anon):     847864 kB
Inactive(anon):   211164 kB
Active(file):     485616 kB
Inactive(file):   486088 kB
Unevictable:       12768 kB
Mlocked:               0 kB
SwapTotal:        720184 kB
SwapFree:         720156 kB
Dirty:                64 kB
Writeback:             0 kB
AnonPages:       1023828 kB
Mapped:           697600 kB
Shmem:             35320 kB
Slab:             117224 kB
SReclaimable:      35956 kB
SUnreclaim:        81268 kB
KernelStack:       34224 kB
PageTables:        57568 kB
NFS_Unstable:          0 kB
Bounce:                0 kB
WritebackTmp:          0 kB
CommitLimit:     2172840 kB
Committed_AS:   93182368 kB
VmallocTotal:   251658176 kB
VmallocUsed:      139888 kB
VmallocChunk:   251420204 kB
Time pass: 366 sec

---2015-12-05 14:07:44
MemTotal:        2905316 kB
MemFree:           70076 kB
Buffers:           26260 kB
Cached:           987316 kB
SwapCached:            0 kB
Active:          1329884 kB
Inactive:         694788 kB
Active(anon):     847184 kB
Inactive(anon):   211960 kB
Active(file):     482700 kB
Inactive(file):   482828 kB
Unevictable:       12768 kB
Mlocked:               0 kB
SwapTotal:        720184 kB
SwapFree:         720116 kB
Dirty:                 4 kB
Writeback:             0 kB
AnonPages:       1023972 kB
Mapped:           697580 kB
Shmem:             35280 kB
Slab:             117156 kB
SReclaimable:      35892 kB
SUnreclaim:        81264 kB
KernelStack:       34224 kB
PageTables:        57564 kB
NFS_Unstable:          0 kB
Bounce:                0 kB
WritebackTmp:          0 kB
CommitLimit:     2172840 kB
Committed_AS:   93182404 kB
VmallocTotal:   251658176 kB
VmallocUsed:      139888 kB
VmallocChunk:   251420204 kB
Time pass: 371 sec

---2015-12-05 14:07:44
MemTotal:        2905316 kB
MemFree:           69592 kB
Buffers:           26268 kB
Cached:           987324 kB
SwapCached:            0 kB
Active:          1330036 kB
Inactive:         694800 kB
Active(anon):     847332 kB
Inactive(anon):   211964 kB
Active(file):     482704 kB
Inactive(file):   482836 kB
Unevictable:       12768 kB
Mlocked:               0 kB
SwapTotal:        720184 kB
SwapFree:         720116 kB
Dirty:                24 kB
Writeback:             0 kB
AnonPages:       1024012 kB
Mapped:           697592 kB
Shmem:             35284 kB
Slab:             117152 kB
SReclaimable:      35892 kB
SUnreclaim:        81260 kB
KernelStack:       34208 kB
PageTables:        57568 kB
NFS_Unstable:          0 kB
Bounce:                0 kB
WritebackTmp:          0 kB
CommitLimit:     2172840 kB
Committed_AS:   93182416 kB
VmallocTotal:   251658176 kB
VmallocUsed:      139888 kB
VmallocChunk:   251420204 kB
Time pass: 377 sec

---2015-12-05 14:07:44
MemTotal:        2905316 kB
MemFree:           67124 kB
Buffers:           26284 kB
Cached:           987864 kB
SwapCached:            0 kB
Active:          1331296 kB
Inactive:         695336 kB
Active(anon):     848572 kB
Inactive(anon):   212020 kB
Active(file):     482724 kB
Inactive(file):   483316 kB
Unevictable:       12768 kB
Mlocked:               0 kB
SwapTotal:        720184 kB
SwapFree:         720116 kB
Dirty:                12 kB
Writeback:             0 kB
AnonPages:       1025384 kB
Mapped:           697816 kB
Shmem:             35340 kB
Slab:             117152 kB
SReclaimable:      35892 kB
SUnreclaim:        81260 kB
KernelStack:       34272 kB
PageTables:        57608 kB
NFS_Unstable:          0 kB
Bounce:                0 kB
WritebackTmp:          0 kB
CommitLimit:     2172840 kB
Committed_AS:   93209000 kB
VmallocTotal:   251658176 kB
VmallocUsed:      139900 kB
VmallocChunk:   251420204 kB
Time pass: 381 sec

---2015-12-05 14:07:44
MemTotal:        2905316 kB
MemFree:           66576 kB
Buffers:           26292 kB
Cached:           987880 kB
SwapCached:            0 kB
Active:          1331564 kB
Inactive:         695356 kB
Active(anon):     848836 kB
Inactive(anon):   212032 kB
Active(file):     482728 kB
Inactive(file):   483324 kB
Unevictable:       12768 kB
Mlocked:               0 kB
SwapTotal:        720184 kB
SwapFree:         720116 kB
Dirty:                 8 kB
Writeback:             0 kB
AnonPages:       1025604 kB
Mapped:           697840 kB
Shmem:             35352 kB
Slab:             117152 kB
SReclaimable:      35892 kB
SUnreclaim:        81260 kB
KernelStack:       34272 kB
PageTables:        57616 kB
NFS_Unstable:          0 kB
Bounce:                0 kB
WritebackTmp:          0 kB
CommitLimit:     2172840 kB
Committed_AS:   93209140 kB
VmallocTotal:   251658176 kB
VmallocUsed:      139900 kB
VmallocChunk:   251420204 kB
Time pass: 386 sec

---2015-12-05 14:07:44
MemTotal:        2905316 kB
MemFree:           66176 kB
Buffers:           26316 kB
Cached:           987916 kB
SwapCached:            0 kB
Active:          1332928 kB
Inactive:         695404 kB
Active(anon):     850188 kB
Inactive(anon):   212032 kB
Active(file):     482740 kB
Inactive(file):   483372 kB
Unevictable:       12768 kB
Mlocked:               0 kB
SwapTotal:        720184 kB
SwapFree:         720116 kB
Dirty:                20 kB
Writeback:             0 kB
AnonPages:       1026828 kB
Mapped:           697928 kB
Shmem:             35352 kB
Slab:             117152 kB
SReclaimable:      35892 kB
SUnreclaim:        81260 kB
KernelStack:       34256 kB
PageTables:        57616 kB
NFS_Unstable:          0 kB
Bounce:                0 kB
WritebackTmp:          0 kB
CommitLimit:     2172840 kB
Committed_AS:   93209164 kB
VmallocTotal:   251658176 kB
VmallocUsed:      139900 kB
VmallocChunk:   251420204 kB
Time pass: 391 sec

---2015-12-05 14:07:44
MemTotal:        2905316 kB
MemFree:           65268 kB
Buffers:           26324 kB
Cached:           987920 kB
SwapCached:            0 kB
Active:          1333252 kB
Inactive:         695412 kB
Active(anon):     850508 kB
Inactive(anon):   212032 kB
Active(file):     482744 kB
Inactive(file):   483380 kB
Unevictable:       12768 kB
Mlocked:               0 kB
SwapTotal:        720184 kB
SwapFree:         720116 kB
Dirty:                48 kB
Writeback:             0 kB
AnonPages:       1027084 kB
Mapped:           697996 kB
Shmem:             35352 kB
Slab:             117152 kB
SReclaimable:      35892 kB
SUnreclaim:        81260 kB
KernelStack:       34256 kB
PageTables:        57636 kB
NFS_Unstable:          0 kB
Bounce:                0 kB
WritebackTmp:          0 kB
CommitLimit:     2172840 kB
Committed_AS:   93209100 kB
VmallocTotal:   251658176 kB
VmallocUsed:      139900 kB
VmallocChunk:   251420204 kB
Time pass: 396 sec

---2015-12-05 14:07:44
MemTotal:        2905316 kB
MemFree:           65116 kB
Buffers:           26332 kB
Cached:           987924 kB
SwapCached:            0 kB
Active:          1333184 kB
Inactive:         695420 kB
Active(anon):     850440 kB
Inactive(anon):   212032 kB
Active(file):     482744 kB
Inactive(file):   483388 kB
Unevictable:       12768 kB
Mlocked:               0 kB
SwapTotal:        720184 kB
SwapFree:         720116 kB
Dirty:                 8 kB
Writeback:             0 kB
AnonPages:       1027128 kB
Mapped:           698000 kB
Shmem:             35352 kB
Slab:             117152 kB
SReclaimable:      35892 kB
SUnreclaim:        81260 kB
KernelStack:       34288 kB
PageTables:        57636 kB
NFS_Unstable:          0 kB
Bounce:                0 kB
WritebackTmp:          0 kB
CommitLimit:     2172840 kB
Committed_AS:   93209064 kB
VmallocTotal:   251658176 kB
VmallocUsed:      139900 kB
VmallocChunk:   251420204 kB
Time pass: 401 sec

---2015-12-05 14:07:44
MemTotal:        2905316 kB
MemFree:           64572 kB
Buffers:           26348 kB
Cached:           987908 kB
SwapCached:            0 kB
Active:          1334176 kB
Inactive:         695420 kB
Active(anon):     851428 kB
Inactive(anon):   212032 kB
Active(file):     482748 kB
Inactive(file):   483388 kB
Unevictable:       12768 kB
Mlocked:               0 kB
SwapTotal:        720184 kB
SwapFree:         720116 kB
Dirty:                 8 kB
Writeback:             0 kB
AnonPages:       1028216 kB
Mapped:           698008 kB
Shmem:             35352 kB
Slab:             117152 kB
SReclaimable:      35892 kB
SUnreclaim:        81260 kB
KernelStack:       34288 kB
PageTables:        57636 kB
NFS_Unstable:          0 kB
Bounce:                0 kB
WritebackTmp:          0 kB
CommitLimit:     2172840 kB
Committed_AS:   93209112 kB
VmallocTotal:   251658176 kB
VmallocUsed:      139900 kB
VmallocChunk:   251420204 kB
Time pass: 405 sec

---2015-12-05 14:07:44
MemTotal:        2905316 kB
MemFree:           63444 kB
Buffers:           26356 kB
Cached:           988028 kB
SwapCached:            0 kB
Active:          1334836 kB
Inactive:         695524 kB
Active(anon):     852064 kB
Inactive(anon):   212092 kB
Active(file):     482772 kB
Inactive(file):   483432 kB
Unevictable:       12768 kB
Mlocked:               0 kB
SwapTotal:        720184 kB
SwapFree:         720116 kB
Dirty:                88 kB
Writeback:             0 kB
AnonPages:       1028636 kB
Mapped:           698132 kB
Shmem:             35412 kB
Slab:             117040 kB
SReclaimable:      35780 kB
SUnreclaim:        81260 kB
KernelStack:       34272 kB
PageTables:        57696 kB
NFS_Unstable:          0 kB
Bounce:                0 kB
WritebackTmp:          0 kB
CommitLimit:     2172840 kB
Committed_AS:   93235752 kB
VmallocTotal:   251658176 kB
VmallocUsed:      139900 kB
VmallocChunk:   251420204 kB
Time pass: 409 sec

---2015-12-05 14:07:44
MemTotal:        2905316 kB
MemFree:           69080 kB
Buffers:           26340 kB
Cached:           981496 kB
SwapCached:            0 kB
Active:          1332336 kB
Inactive:         693156 kB
Active(anon):     852464 kB
Inactive(anon):   213032 kB
Active(file):     479872 kB
Inactive(file):   480124 kB
Unevictable:       12768 kB
Mlocked:               0 kB
SwapTotal:        720184 kB
SwapFree:         719776 kB
Dirty:                40 kB
Writeback:             0 kB
AnonPages:       1030472 kB
Mapped:           698080 kB
Shmem:             35072 kB
Slab:             116924 kB
SReclaimable:      35680 kB
SUnreclaim:        81244 kB
KernelStack:       34288 kB
PageTables:        57668 kB
NFS_Unstable:          0 kB
Bounce:                0 kB
WritebackTmp:          0 kB
CommitLimit:     2172840 kB
Committed_AS:   93235752 kB
VmallocTotal:   251658176 kB
VmallocUsed:      139900 kB
VmallocChunk:   251420204 kB
Time pass: 413 sec

---2015-12-05 14:07:44
MemTotal:        2905316 kB
MemFree:           68720 kB
Buffers:           26348 kB
Cached:           981516 kB
SwapCached:            0 kB
Active:          1332656 kB
Inactive:         693184 kB
